07-05 20:56:43.754 D/Surface ( 1733): onStatusChange() : mNativeObject = 0 mUseImageHwRender = false
07-05 20:56:43.754 D/Surface (12421): onStatusChange() : mNativeObject = -532876800 mUseImageHwRender = false
07-05 20:56:43.754 V/Surface (12421): nativeSetHardwareRender() : status = 0
07-05 20:56:43.754 V/Surface (12421): nativeSetHardwareRender() : end
07-05 20:56:43.754 I/SurfaceView(12421): New surface: Surface(name=null)/@0x1acce62, vis=true, frame=Rect(418, 205 - 1234, 665)
07-05 20:56:43.754 D/Surface (12421): onStatusChange() : mNativeObject = 0 mUseImageHwRender = false
07-05 20:56:43.754 D/Surface (12421): onStatusChange() : mNativeObject = -532876800 mUseImageHwRender = false
07-05 20:56:43.754 V/Surface (12421): nativeSetHardwareRender() : status = 0
07-05 20:56:43.754 V/Surface (12421): nativeSetHardwareRender() : end
07-05 20:56:43.755 I/SurfaceView(12421): surfaceRedrawNeeded
07-05 20:56:43.755 I/SurfaceView(12421): finishedDrawing
07-05 20:56:43.755 V/SurfaceView(12421): Layout: x=418 y=205 w=816 h=460, frame=Rect(0, 0 - 816, 460)
07-05 20:56:43.774 I/MiSysSrv( 1214): [37m[INFO] Change to Voltage: 117 mv (0x32)[m
07-05 20:56:43.837 D/OsdMonitorService( 1733): mCurrentWindow = com.hisense.hicloud.edca/com.hisense.tvui.newhome.HomeMainActivity; newWindow = com.hisense.hicloud.edca/com.hisense.tvui.newhome.HomeMainActivity; isSubWindow = false; isInWinList = false; isExitNow = false
07-05 20:56:43.837 D/OsdMonitorService( 1733): windowNotOsd() : name = com.hisense.hicloud.edca/com.hisense.tvui.newhome.HomeMainActivity
07-05 20:56:43.837 I/OsdMonitorService( 1733): setOsdStatus() : status will change from true to true
07-05 20:56:43.838 D/PowerManagerService( 1733): setScreenBrightnessOverrideFromWindowManagerInternal done
07-05 20:56:43.840 D/Surface (12421): onStatusChange() : mNativeObject = 0 mUseImageHwRender = false
07-05 20:56:43.858 I/MyFragmentStateAdapter(12421): getCount
07-05 20:56:43.858 I/MyFragmentStateAdapter(12421): getCount
07-05 20:56:43.858 I/MyFragmentStateAdapter(12421): getCount
07-05 20:56:43.858 I/MyFragmentStateAdapter(12421): getCount
07-05 20:56:43.863 D/PowerManagerService( 1733): releaseWakeLockInternal: lock=681732318 [ActivityManager-Launch], flags=0x0
07-05 20:56:43.863 D/PowerManagerNotifier( 1733): onWakeLockReleased: flags=1, tag="ActivityManager-Launch", packageName=android, ownerUid=1000, ownerPid=1733, workSource=null
07-05 20:56:43.870 I/MiSysSrv( 1214): [37m[INFO] Change to Voltage: 102 mv (0x23)[m
07-05 20:56:43.883 W/account ( 2411): ResignonThread==>mHandler.sendEmptyMessageDelayed(0, CYCLE_TIME);
07-05 20:56:43.907 V/DataSource( 1206): sniff
07-05 20:56:43.907 I/FFmpegExtractor( 1206): android-source:0xf406e060
07-05 20:56:43.910 D/DtvSourcePlugin-DVBC( 2628): Setting the EPG Updater state to: WAIT
07-05 20:56:43.912 I/FFMPEG  ( 1206): [mov,mp4,m4a,3gp,3g2,mj2 @ 0xb9c03400] Format mov,mp4,m4a,3gp,3g2,mj2 probed with size=2048 and score=100
07-05 20:56:43.913 D/MediaHTTPConnection(12421): [Connection@189036008] getSize mTotalSize = 218840697
07-05 20:56:43.913 I/FFMPEG  ( 1206): [mov,mp4,m4a,3gp,3g2,mj2 @ 0xb9c03400] ISO: File Type Major Brand: isom
07-05 20:56:43.949 D/FFmpegExtractor( 1206): FFmpegExtrator, url: android-source:0xf406e060, format_name: mov,mp4,m4a,3gp,3g2,mj2, format_long_name: QuickTime / MOV
07-05 20:56:43.949 D/FFmpegExtractor( 1206): suppoted codec(h264) by official Stagefright
07-05 20:56:43.949 D/FFmpegExtractor( 1206): suppoted codec(aac) by official Stagefright
07-05 20:56:43.950 I/FFMPEG  ( 1206): [AVIOContext @ 0xf406e100] Statistics: 426780 bytes read, 0 seeks
07-05 20:56:43.950 D/FFmpegExtractor( 1206): ffmpeg detected media content as 'video/mp4' with confidence 0.08
07-05 20:56:44.007 I/MyFragmentStateAdapter(12421): getCount
07-05 20:56:44.043 I/MyFragmentStateAdapter(12421): getCount
07-05 20:56:44.078 I/MyFragmentStateAdapter(12421): getCount
07-05 20:56:44.099 D/OsdMonitorService( 1733): mCurrentWindow = com.hisense.hicloud.edca/com.hisense.tvui.newhome.HomeMainActivity; newWindow = com.hisense.hicloud.edca/com.hisense.tvui.newhome.HomeMainActivity; isSubWindow = false; isInWinList = false; isExitNow = false
07-05 20:56:44.099 D/OsdMonitorService( 1733): windowNotOsd() : name = com.hisense.hicloud.edca/com.hisense.tvui.newhome.HomeMainActivity
07-05 20:56:44.099 I/OsdMonitorService( 1733): setOsdStatus() : status will change from true to true
07-05 20:56:44.103 D/PowerManagerService( 1733): setScreenBrightnessOverrideFromWindowManagerInternal done
07-05 20:56:44.106 D/PowerManagerService( 1733): setScreenBrightnessOverrideFromWindowManagerInternal done
07-05 20:56:44.108 W/SurfaceFlinger( 1204): couldn't log to binary event log: overflow.
07-05 20:56:44.118 I/NotificationService( 1733): cancelToast pkg=com.hisense.hicloud.edca callback=android.app.ITransientNotification$Stub$Proxy@17fad351
07-05 20:56:44.118 W/NotificationService( 1733): Toast already cancelled. pkg=com.hisense.hicloud.edca callback=android.app.ITransientNotification$Stub$Proxy@17fad351
07-05 20:56:44.119 D/PowerManagerService( 1733): setScreenBrightnessOverrideFromWindowManagerInternal done
07-05 20:56:44.120 D/DetailPlayActivity(12421): ---------------------------onstop,isReleased:true
07-05 20:56:44.123 D/DetailPlayActivity(12421): ---------------------------ondestroy
07-05 20:56:44.125 I/FirstLineAdapter(12421): canShowTrailer,isOffline=false
07-05 20:56:44.125 D/hwcomposer( 1204): lastHWWindowInfo is dirty
07-05 20:56:44.126 D/DetailVideoPlayerContainer(12421): reportVideoEndLog!!!!!current videos id is : 35351
07-05 20:56:44.127 D/til@system( 2026): til_get_system_param option:1000007 int:-1815634176, bool:0, ret:0
07-05 20:56:44.128 D/til@system( 2026): til_get_system_param option:1000009 int:-1936525184, bool:128, ret:0
07-05 20:56:44.129 D/til@system( 2026): til_get_system_param option:1000008 int:-1936523008, bool:0, ret:0
07-05 20:56:44.130 D/HiSDKLogReport(12421): getOperationDetail-productName : LED50MU8600UC
07-05 20:56:44.131 D/HiSDKLogReport(12421): getOperationDetail-plmNumber : 88888
07-05 20:56:44.131 D/HiSDKLogReport(12421): getOperationDetail-swVersion : V0000.00.01A
07-05 20:56:44.131 D/HiSDKLogReport(12421): getOperationDetail-operationDetail : LED50MU8600UC0000888
07-05 20:56:44.131 D/HiSDKLogReport(12421): businessLogReport-log : {eventType=229, APPVersionName=3.0.0.9.00, devid=86100300900000500000060a4818fca8, uuid=13287129, APIversion=501, duration=0, eventcode=229009, logversion=2.0, devType=0, eventPos=009, ChannelId=0, version=00.002.003, subscriberId=13287129, PFAPPCode=652, softwareVersion=LED50MU8600UC0000888, srceventcode=207000, videoid=35351, srcmediaid=, mac=a8:a6:48:18:fc:a8, accessToken=72DF6038D2AEAB8A76DFBBBBCC428A4A_000894003665740, srcoriginal=1, APPPackage=com.hisense.hicloud.edca, mediaid=3535, sessionid=2ee70066696545da921020f867db2f5c, requesttime=1499259404131, customerId=7195320, model_id=0, requestid=37001a46c1db42a9bcb28004f35bb53b, tv_distribute_id=00, APIVersion=600, issysrepo=0}
07-05 20:56:44.132 D/DetailVideoPlayerContainer(12421): onDestroy() --
07-05 20:56:44.143 D/PowerManagerService( 1733): setScreenBrightnessOverrideFromWindowManagerInternal done
07-05 20:56:44.145 W/System.err(12421): java.net.ConnectException: failed to connect to /10.18.210.112 (port 8900) after 6000ms: isConnected failed: ECONNREFUSED (Connection refused)
07-05 20:56:44.145 W/System.err(12421): 	at libcore.io.IoBridge.isConnected(IoBridge.java:238)
07-05 20:56:44.145 W/System.err(12421): 	at libcore.io.IoBridge.connectErrno(IoBridge.java:171)
07-05 20:56:44.145 W/System.err(12421): 	at libcore.io.IoBridge.connect(IoBridge.java:122)
07-05 20:56:44.145 W/System.err(12421): 	at java.net.PlainSocketImpl.connect(PlainSocketImpl.java:183)
07-05 20:56:44.145 W/System.err(12421): 	at java.net.PlainSocketImpl.connect(PlainSocketImpl.java:456)
07-05 20:56:44.145 W/System.err(12421): 	at java.net.Socket.connect(Socket.java:882)
07-05 20:56:44.145 W/System.err(12421): 	at com.android.okhttp.internal.Platform.connectSocket(Platform.java:174)
07-05 20:56:44.145 W/System.err(12421): 	at com.android.okhttp.Connection.connect(Connection.java:152)
07-05 20:56:44.145 W/System.err(12421): 	at com.android.okhttp.internal.http.HttpEngine.connect(HttpEngine.java:276)
07-05 20:56:44.145 W/System.err(12421): 	at com.android.okhttp.internal.http.HttpEngine.sendRequest(HttpEngine.java:211)
07-05 20:56:44.145 W/System.err(12421): 	at com.android.okhttp.internal.http.HttpURLConnectionImpl.execute(HttpURLConnectionImpl.java:382)
07-05 20:56:44.145 W/System.err(12421): 	at com.android.okhttp.internal.http.HttpURLConnectionImpl.connect(HttpURLConnectionImpl.java:106)
07-05 20:56:44.145 W/System.err(12421): 	at com.hisense.hitv.hicloud.util.ExceptionReport.a(ExceptionReport.java:337)
07-05 20:56:44.145 W/System.err(12421): 	at com.hisense.hitv.hicloud.util.ExceptionReport.a(ExceptionReport.java:39)
07-05 20:56:44.145 W/System.err(12421): 	at com.hisense.hitv.hicloud.util.ExceptionReport$1.run(ExceptionReport.java:83)
07-05 20:56:44.145 W/System.err(12421): 	at java.lang.Thread.run(Thread.java:818)
07-05 20:56:44.146 W/System.err(12421): Caused by: android.system.ErrnoException: isConnected failed: ECONNREFUSED (Connection refused)
07-05 20:56:44.146 W/System.err(12421): 	at libcore.io.IoBridge.isConnected(IoBridge.java:223)
07-05 20:56:44.146 W/System.err(12421): 	... 15 more
07-05 20:56:44.146 D/OsdMonitorService( 1733): mCurrentWindow = com.hisense.hicloud.edca/com.hisense.tvui.newhome.HomeMainActivity; newWindow = com.hisense.hicloud.edca/com.hisense.tvui.newhome.HomeMainActivity; isSubWindow = false; isInWinList = false; isExitNow = false
07-05 20:56:44.147 D/OsdMonitorService( 1733): windowNotOsd() : name = com.hisense.hicloud.edca/com.hisense.tvui.newhome.HomeMainActivity
07-05 20:56:44.147 I/OsdMonitorService( 1733): setOsdStatus() : status will change from true to true
07-05 20:56:44.148 E/audio_hw_primary( 1206): out_standby
07-05 20:56:44.149 D/PowerManagerService( 1733): releaseWakeLockInternal: lock=454066677 [AudioMix], flags=0x0
07-05 20:56:44.149 D/PowerManagerNotifier( 1733): onWakeLockReleased: flags=1, tag="AudioMix", packageName=media, ownerUid=1013, ownerPid=0, workSource=null
07-05 20:56:44.151 V/MediaExtractor( 1206): MediaExtractor::Create mime:video/mp4 ---- Enter
07-05 20:56:44.151 V/MediaExtractor( 1206): maomao::MediaExtractor::Create mime:isCts is 0
07-05 20:56:44.151 I/MyFragmentStateAdapter(12421): getCount
07-05 20:56:44.153 I/FFMPEG  ( 1206): [mov,mp4,m4a,3gp,3g2,mj2 @ 0xb9c03400] Format mov,mp4,m4a,3gp,3g2,mj2 probed with size=2048 and score=100
07-05 20:56:44.153 I/FFMPEG  ( 1206): [mov,mp4,m4a,3gp,3g2,mj2 @ 0xb9c03400] ISO: File Type Major Brand: isom
07-05 20:56:44.165 I/TVMW@HsTvSetting( 1234): Trace cmd, data = 0x1058
07-05 20:56:44.165 D/til@system( 2026): til_get_system_param option:100002F int:0, bool:0, ret:0
07-05 20:56:44.165 I/TVMW@HsTvSetting( 1234): Trace cmd, data = 0x101f
07-05 20:56:44.165 D/til@system( 2026): til_get_system_param option:100001D int:3, bool:3, ret:0
07-05 20:56:44.165 E/til     ( 2026): [til_get_current_input_source, 101] 
07-05 20:56:44.165 I/TVMW@HsTvSetting( 1234): Trace cmd, data = 0x7007
07-05 20:56:44.168 I/tilwrapper@sm( 2026): HS2TIL_SourceType *hs=0xd, *til=0x900
07-05 20:56:44.168 D/til     ( 2026): get current source 2304
07-05 20:56:44.168 D/SourceRemoteServiceHandler( 2026): getCurrentInputSource.from.til.result is 0, value is 2304
07-05 20:56:44.168 D/SourceRemoteServiceHandler( 2026): getInputSourceType source: 0x900, type=2304
07-05 20:56:44.169 D/til     ( 2026): ###### func:til_get_picture_param option:0x3000006 ######  
07-05 20:56:44.169 I/TVMW@HsTvSetting( 1234): Trace cmd, data = 0x1003
07-05 20:56:44.171 I/TVMW@HsTvSetting( 1234): Trace cmd, data = 0x8032
07-05 20:56:44.172 I/hstvos  ( 1216): [0m[1;33m[HSHAL][HS_VIDEO][HS_HAL_Video_SetOsdDetect_v2][2389]u16Threshold = 20
07-05 20:56:44.174 I/MiSysSrv( 1214): Not support now! 42, change to mm_video!!!
07-05 20:56:44.174 E/TVMW@videoctrl( 1234):  getOsd is 1
07-05 20:56:44.174 D/til@system( 2026): til_get_system_param option:1000027 int:1, bool:1, ret:0
07-05 20:56:44.174 D/til     ( 2026): ###### func:til_get_picture_param option:0x3000045 ######  
07-05 20:56:44.175 I/TVMW@HsTvSetting( 1234): Trace cmd, data = 0x300c
07-05 20:56:44.175 I/TVMW@HsTvSetting( 1234): Trace 3d, data = 0x300c
07-05 20:56:44.175 I/TVMW@3d ( 1234): Hs_debug3d_trace: func:get3dStatus, line:109
07-05 20:56:44.179 I/FirstLineAdapter(12421): canShowTrailer,isOffline=false
07-05 20:56:44.179 I/FirstLineAdapter(12421): canShowTrailer,isOffline=false
07-05 20:56:44.179 I/FirstLineAdapter(12421): canShowTrailer,isOffline=false
07-05 20:56:44.179 I/FirstLineAdapter(12421): canShowTrailer,isOffline=false
07-05 20:56:44.179 I/FirstLineAdapter(12421): canShowTrailer,isOffline=false
07-05 20:56:44.179 I/FirstLineAdapter(12421): canShowTrailer,isOffline=false
07-05 20:56:44.180 I/FirstLineAdapter(12421): canShowTrailer,isOffline=false
07-05 20:56:44.180 I/FirstLineAdapter(12421): onCreateViewHolder viewtype=4
07-05 20:56:44.187 I/FFMPEG  ( 1206): [mov,mp4,m4a,3gp,3g2,mj2 @ 0xb9c03400] orig_nb_streams(2)
07-05 20:56:44.187 I/FFMPEG  ( 1206): [mov,mp4,m4a,3gp,3g2,mj2 @ 0xb9c03400] Before avformat_find_stream_info() pos: 413026 bytes read:426780 seeks:0
07-05 20:56:44.188 I/FFMPEG  ( 1206): [NULL @ 0xbcb9c800] [Eval @ 0xf1300eec] Undefined constant or missing '(' in ''
07-05 20:56:44.189 I/FFMPEG  ( 1206): [NULL @ 0xbcb9c800] Unable to parse option value ""
07-05 20:56:44.189 I/FFMPEG  ( 1206): [NULL @ 0xbcb9c800] Error setting option debug to value .
07-05 20:56:44.189 I/FFMPEG  ( 1206): [mov,mp4,m4a,3gp,3g2,mj2 @ 0xb9c03400] Failed to open codec in av_find_stream_info
07-05 20:56:44.189 I/FFMPEG  ( 1206): [NULL @ 0xbcb9cc00] [Eval @ 0xf1300eec] Undefined constant or missing '(' in ''
07-05 20:56:44.189 I/FFMPEG  ( 1206): [NULL @ 0xbcb9cc00] Unable to parse option value ""
07-05 20:56:44.189 I/FFMPEG  ( 1206): [NULL @ 0xbcb9cc00] Error setting option debug to value .
07-05 20:56:44.189 I/FFMPEG  ( 1206): [mov,mp4,m4a,3gp,3g2,mj2 @ 0xb9c03400] Failed to open codec in av_find_stream_info
07-05 20:56:44.189 I/FirstLineAdapter(12421): onBindViewHolder 6
07-05 20:56:44.189 I/FirstLineAdapter(12421): canShowTrailer,isOffline=false
07-05 20:56:44.189 I/FirstLineAdapter(12421): canShowTrailer modify
07-05 20:56:44.189 I/FirstLineAdapter(12421): setMasterData6
07-05 20:56:44.189 I/FirstLineAdapter(12421): set current pos = 2
07-05 20:56:44.189 D/sloven  (12421): 2005---false
07-05 20:56:44.189 D/sloven  (12421): 2005ä¸“é¢˜
07-05 20:56:44.190 I/FFMPEG  ( 1206): [NULL @ 0xbcb9c800] try_decode_frame, i= 0, pkt->stream_index = 0
07-05 20:56:44.190 I/FirstLineAdapter(12421): canShowTrailer,isOffline=false
07-05 20:56:44.192 I/FirstLineAdapter(12421): canShowTrailer,isOffline=false
07-05 20:56:44.192 I/FirstLineAdapter(12421): onCreateViewHolder viewtype=4
07-05 20:56:44.202 I/FFMPEG  ( 1206): [h264 @ 0xbcb9c800] no picture 
07-05 20:56:44.202 I/FirstLineAdapter(12421): onBindViewHolder 7
07-05 20:56:44.203 I/FirstLineAdapter(12421): canShowTrailer,isOffline=false
07-05 20:56:44.203 I/FirstLineAdapter(12421): canShowTrailer modify
07-05 20:56:44.203 I/FirstLineAdapter(12421): setMasterData7
07-05 20:56:44.203 I/FirstLineAdapter(12421): set current pos = 3
07-05 20:56:44.203 D/sloven  (12421): 2005---false
07-05 20:56:44.203 D/sloven  (12421): 2005ä¸“é¢˜
07-05 20:56:44.204 I/FirstLineAdapter(12421): canShowTrailer,isOffline=false
07-05 20:56:44.205 I/MyItemDecoration(12421): getItemOffsets rect=Rect(-6, 0 - 0, 0),pos=6
07-05 20:56:44.206 I/MyItemDecoration(12421): getItemOffsets rect=Rect(-6, -5 - 0, 0),pos=7
07-05 20:56:44.208 I/FirstLineAdapter(12421): canShowTrailer,isOffline=false
07-05 20:56:44.208 I/FirstLineAdapter(12421): canShowTrailer,isOffline=false
07-05 20:56:44.208 I/FirstLineAdapter(12421): onCreateViewHolder viewtype=0
07-05 20:56:44.214 I/FirstLineAdapter(12421): onBindViewHolder 0
07-05 20:56:44.220 I/FirstLineAdapter(12421): canShowTrailer,isOffline=false
07-05 20:56:44.220 I/FirstLineAdapter(12421): canShowTrailer,isOffline=false
07-05 20:56:44.223 I/FirstLineAdapter(12421): canShowTrailer,isOffline=false
07-05 20:56:44.223 I/FirstLineAdapter(12421): canShowTrailer,isOffline=false
07-05 20:56:44.223 I/FirstLineAdapter(12421): canShowTrailer,isOffline=false
07-05 20:56:44.223 I/FirstLineAdapter(12421): canShowTrailer,isOffline=false
07-05 20:56:44.224 D/HttpHandler(12421): VerifySignInterCeptor-->request.url()=http://picture.edu.hismarttv.com/images/20170628114649773760.jpg
07-05 20:56:44.224 D/HttpHandler(12421): VerifySignInterCeptor-->hostname=picture.edu.hismarttv.com
07-05 20:56:44.225 D/OkHttp  (12421): --> GET http://picture.edu.hismarttv.com/images/20170628114649773760.jpg http/1.1
07-05 20:56:44.225 D/OkHttp  (12421): Host: picture.edu.hismarttv.com
07-05 20:56:44.225 D/OkHttp  (12421): Connection: Keep-Alive
07-05 20:56:44.225 D/OkHttp  (12421): Accept-Encoding: gzip
07-05 20:56:44.225 D/OkHttp  (12421): User-Agent: okhttp/3.6.0
07-05 20:56:44.225 D/OkHttp  (12421): --> END GET
07-05 20:56:44.227 D/HttpHandler(12421): VerifySignInterCeptor-->request.url()=http://picture.edu.hismarttv.com/images/20170628114944634008.jpg
07-05 20:56:44.227 D/HttpHandler(12421): VerifySignInterCeptor-->hostname=picture.edu.hismarttv.com
07-05 20:56:44.228 D/OkHttp  (12421): --> GET http://picture.edu.hismarttv.com/images/20170628114944634008.jpg http/1.1
07-05 20:56:44.228 D/OkHttp  (12421): Host: picture.edu.hismarttv.com
07-05 20:56:44.228 D/OkHttp  (12421): Connection: Keep-Alive
07-05 20:56:44.228 D/OkHttp  (12421): Accept-Encoding: gzip
07-05 20:56:44.228 D/OkHttp  (12421): User-Agent: okhttp/3.6.0
07-05 20:56:44.228 D/OkHttp  (12421): --> END GET
07-05 20:56:44.230 I/FirstLineAdapter(12421): onViewDetachedFromWindow 
07-05 20:56:44.230 I/FirstLineAdapter(12421): onViewRecycledViewHolder{2e1fbec4 position=7 id=-1, oldPos=-1, pLpos:-1}
07-05 20:56:44.230 I/FirstLineAdapter(12421): release NormalViewHolder
07-05 20:56:44.231 I/FirstLineAdapter(12421): onViewDetachedFromWindow 
07-05 20:56:44.231 I/FirstLineAdapter(12421): onViewRecycledViewHolder{2bc1e4fb position=6 id=-1, oldPos=-1, pLpos:-1}
07-05 20:56:44.231 I/FirstLineAdapter(12421): release NormalViewHolder
07-05 20:56:44.231 I/FirstLineAdapter(12421): canShowTrailer,isOffline=false
07-05 20:56:44.231 D/NativeDecimalFormat( 2945): NativeDecimalFormat_close print addr=3685703168
07-05 20:56:44.231 D/NativeDecimalFormat( 2945): NativeDecimalFormat_close print g_addr=3685703936
07-05 20:56:44.231 D/NativeDecimalFormat( 2945): NativeDecimalFormat_close print addr=3685703936
07-05 20:56:44.231 D/NativeDecimalFormat( 2945): NativeDecimalFormat_close print g_addr=3685703936
07-05 20:56:44.233 D/Carousel-CarouselView(12421): ============>onScrollChanged hashCode:752787492
07-05 20:56:44.233 D/Carousel-CarouselDisplayPlayerLayout(12421): isFullScreen:false
07-05 20:56:44.237 I/MyFragmentStateAdapter(12421): getCount
07-05 20:56:44.245 D/gralloc ( 1204): allocate buffer from ION HEAP 0x1
07-05 20:56:44.245 D/gralloc ( 1204): allocate memory from system heap
07-05 20:56:44.253 D/OkHttp  (12421): <-- 200 OK http://picture.edu.hismarttv.com/images/20170628114649773760.jpg (27ms)
07-05 20:56:44.253 D/OkHttp  (12421): Date: Tue, 04 Jul 2017 06:29:12 GMT
07-05 20:56:44.253 D/OkHttp  (12421): Server: nginx
07-05 20:56:44.253 D/OkHttp  (12421): Content-Type: image/jpeg
07-05 20:56:44.254 D/OkHttp  (12421): Content-Length: 39955
07-05 20:56:44.254 D/OkHttp  (12421): Last-Modified: Wed, 28 Jun 2017 11:46:49 GMT
07-05 20:56:44.254 D/OkHttp  (12421): ETag: "59539729-9c13"
07-05 20:56:44.254 D/OkHttp  (12421): Accept-Ranges: bytes
07-05 20:56:44.254 D/OkHttp  (12421): Age: 109652
07-05 20:56:44.254 D/OkHttp  (12421): Via: 1.1 jnwt245:1 (Cdn Cache Server V2.0)[10 200 0], 1.1 t87:7 (Cdn Cache Server V2.0)[0 200 0]
07-05 20:56:44.254 D/OkHttp  (12421): Connection: keep-alive
07-05 20:56:44.254 D/OkHttp  (12421): <-- END HTTP
07-05 20:56:44.259 I/MyFragmentStateAdapter(12421): getCount
07-05 20:56:44.261 D/HttpHandler(12421): RetryIntercepter-->retryNum=0
07-05 20:56:44.261 D/HttpHandler(12421): RetryIntercepter-->backoffmutiplier=0
07-05 20:56:44.272 I/MiSysSrv( 1214): [37m[INFO] Change to Voltage: 117 mv (0x32)[m
07-05 20:56:44.283 I/NetflixMonitorService( 1733): current fgapk : com.hisense.hicloud.edca
07-05 20:56:44.283 I/NetflixMonitorService( 1733): Netflix status unchanged
07-05 20:56:44.298 D/HttpHandler(12421): VerifySignInterCeptor-->request.url()=http://picture.edu.hismarttv.com/images/20170629/%E5%BF%83%E7%AE%97%E5%8F%A3%E8%AF%80%E5%A4%A9%E5%A4%A9%E7%BB%83.jpg
07-05 20:56:44.298 D/HttpHandler(12421): VerifySignInterCeptor-->hostname=picture.edu.hismarttv.com
07-05 20:56:44.299 D/OkHttp  (12421): --> GET http://picture.edu.hismarttv.com/images/20170629/%E5%BF%83%E7%AE%97%E5%8F%A3%E8%AF%80%E5%A4%A9%E5%A4%A9%E7%BB%83.jpg http/1.1
07-05 20:56:44.299 D/OkHttp  (12421): Host: picture.edu.hismarttv.com
07-05 20:56:44.299 D/OkHttp  (12421): Connection: Keep-Alive
07-05 20:56:44.299 D/OkHttp  (12421): Accept-Encoding: gzip
07-05 20:56:44.299 D/OkHttp  (12421): User-Agent: okhttp/3.6.0
07-05 20:56:44.300 D/OkHttp  (12421): --> END GET
07-05 20:56:44.306 D/Carousel-CarouselDisplayPlayerLayout(12421): x=380, y=-185,w=892,h=536, hashCode=1018698790
07-05 20:56:44.306 D/Carousel-CarouselDisplayPlayerLayout(12421): mX=380, mY=-185,mWitdh=892,mHeight=536, hashCode=1018698790
07-05 20:56:44.306 D/Carousel-CarouselDisplayPlayerLayout(12421): changed=false, hashCode=1018698790
07-05 20:56:44.306 D/Carousel-CarouselDisplayPlayerLayout(12421): extraTryCount=0
07-05 20:56:44.309 I/MyFragmentStateAdapter(12421): getCount
07-05 20:56:44.310 I/MyFragmentStateAdapter(12421): getCount
07-05 20:56:44.310 I/MyFragmentStateAdapter(12421): getCount
07-05 20:56:44.310 I/MyFragmentStateAdapter(12421): getCount
07-05 20:56:44.310 I/FirstLineAdapter(12421): canShowTrailer,isOffline=false
07-05 20:56:44.310 I/FirstLineAdapter(12421): canShowTrailer,isOffline=false
07-05 20:56:44.310 I/FirstLineAdapter(12421): canShowTrailer,isOffline=false
07-05 20:56:44.310 I/FirstLineAdapter(12421): canShowTrailer,isOffline=false
07-05 20:56:44.311 I/FirstLineAdapter(12421): canShowTrailer,isOffline=false
07-05 20:56:44.311 I/FirstLineAdapter(12421): canShowTrailer,isOffline=false
07-05 20:56:44.311 I/FirstLineAdapter(12421): canShowTrailer,isOffline=false
07-05 20:56:44.311 I/FirstLineAdapter(12421): canShowTrailer,isOffline=false
07-05 20:56:44.311 I/FirstLineAdapter(12421): canShowTrailer,isOffline=false
07-05 20:56:44.311 I/FFMPEG  ( 1206): [mov,mp4,m4a,3gp,3g2,mj2 @ 0xb9c03400] i(1) > pkt->stream_index(0),conitnue
07-05 20:56:44.311 I/FFMPEG  ( 1206): [NULL @ 0xbcb9cc00] try_decode_frame, i= 1, pkt->stream_index = 1
07-05 20:56:44.315 I/MyFragmentStateAdapter(12421): getCount
07-05 20:56:44.321 D/OkHttp  (12421): <-- 200 OK http://picture.edu.hismarttv.com/images/20170629/%E5%BF%83%E7%AE%97%E5%8F%A3%E8%AF%80%E5%A4%A9%E5%A4%A9%E7%BB%83.jpg (20ms)
07-05 20:56:44.321 D/OkHttp  (12421): Date: Mon, 03 Jul 2017 10:52:38 GMT
07-05 20:56:44.321 D/OkHttp  (12421): Server: nginx
07-05 20:56:44.321 D/OkHttp  (12421): Content-Type: image/jpeg
07-05 20:56:44.321 D/OkHttp  (12421): Content-Length: 204643
07-05 20:56:44.321 D/OkHttp  (12421): Last-Modified: Fri, 09 Jun 2017 14:51:40 GMT
07-05 20:56:44.321 D/OkHttp  (12421): ETag: "593ab5fc-31f63"
07-05 20:56:44.322 I/FFMPEG  ( 1206): [aac @ 0xbcb9cc00] skip whole frame, skip left: 0
07-05 20:56:44.324 I/FFMPEG  ( 1206): [mov,mp4,m4a,3gp,3g2,mj2 @ 0xb9c03400] After avformat_find_stream_info() pos: 473274 bytes read:492316 seeks:0 frames:3
07-05 20:56:44.324 I/FFmpegExtractor( 1206): the duration is 00:08:58.08
07-05 20:56:44.324 I/FFmpegExtractor( 1206): streamIndex: 0 ,stream_index 0
07-05 20:56:44.324 D/FFmpegExtractor( 1206): is_codec_supported codec_id is 28
07-05 20:56:44.324 D/FFmpegExtractor( 1206): setVideoFormat avctx->codec_id is 28
07-05 20:56:44.324 V/codec_utils( 1206): AVC
07-05 20:56:44.324 I/FFmpegExtractor( 1206): the time is 00:08:58.08
07-05 20:56:44.324 I/FFmpegExtractor( 1206): streamIndex: 1 ,stream_index 1
07-05 20:56:44.324 D/FFmpegExtractor( 1206): is_codec_supported codec_id is 86018
07-05 20:56:44.324 V/codec_utils( 1206): AAC
07-05 20:56:44.324 V/codec_utils( 1206): aac profile: 1, sf_index: 4, channel: 2
07-05 20:56:44.324 I/FFmpegExtractor( 1206): bit_rate: 55687, sample_rate: 44100, channels: 2, bits_per_coded_sample: 16, block_align:0
07-05 20:56:44.324 I/FFmpegExtractor( 1206): the time is 00:08:58.00
07-05 20:56:44.324 D/FFmpegExtractor( 1206): Reader thread started
07-05 20:56:44.324 D/FFmpegExtractor( 1206): supported mime: video/mp4
07-05 20:56:44.325 W/avc_utils( 1206): [3D detect]It is not SEI Nal
07-05 20:56:44.325 W/avc_utils( 1206): [3D detect]It is not SEI Nal
07-05 20:56:44.326 W/avc_utils( 1206): [3D detect]It is not SEI Nal
07-05 20:56:44.327 D/gralloc ( 1204): allocate buffer from ION HEAP 0x1
07-05 20:56:44.327 D/gralloc ( 1204): allocate memory from system heap
07-05 20:56:44.328 I/MyFragmentStateAdapter(12421): getCount
07-05 20:56:44.334 D/OkHttp  (12421): <-- 200 OK http://picture.edu.hismarttv.com/images/20170628114944634008.jpg (105ms)
07-05 20:56:44.334 D/OkHttp  (12421): Date: Tue, 04 Jul 2017 06:17:59 GMT
07-05 20:56:44.334 D/OkHttp  (12421): Server: nginx
07-05 20:56:44.334 D/OkHttp  (12421): Content-Type: image/jpeg
07-05 20:56:44.334 D/OkHttp  (12421): Content-Length: 23077
07-05 20:56:44.334 D/OkHttp  (12421): Last-Modified: Wed, 28 Jun 2017 11:49:44 GMT
07-05 20:56:44.334 D/OkHttp  (12421): ETag: "595397d8-5a25"
07-05 20:56:44.334 D/OkHttp  (12421): Accept-Ranges: bytes
07-05 20:56:44.334 D/OkHttp  (12421): Age: 110325
07-05 20:56:44.334 D/OkHttp  (12421): Via: 1.1 pwt48:3 (Cdn Cache Server V2.0)[0 200 0], 1.1 changwtong52:7 (Cdn Cache Server V2.0)[68 200 0]
07-05 20:56:44.334 D/OkHttp  (12421): Connection: keep-alive
07-05 20:56:44.334 D/OkHttp  (12421): <-- END HTTP
07-05 20:56:44.335 D/OkHttp  (12421): Accept-Ranges: bytes
07-05 20:56:44.336 D/OkHttp  (12421): Age: 180246
07-05 20:56:44.336 D/OkHttp  (12421): Via: 1.1 shuozhou56:1 (Cdn Cache Server V2.0)[21 200 0], 1.1 t86:2 (Cdn Cache Server V2.0)[0 200 0]
07-05 20:56:44.336 D/OkHttp  (12421): Connection: keep-alive
07-05 20:56:44.336 D/OkHttp  (12421): <-- END HTTP
07-05 20:56:44.338 D/HttpHandler(12421): RetryIntercepter-->retryNum=0
07-05 20:56:44.338 D/HttpHandler(12421): RetryIntercepter-->backoffmutiplier=0
07-05 20:56:44.350 D/HttpHandler(12421): RetryIntercepter-->retryNum=0
07-05 20:56:44.350 D/HttpHandler(12421): RetryIntercepter-->backoffmutiplier=0
07-05 20:56:44.359 I/FirstLineAdapter(12421): canShowTrailer,isOffline=false
07-05 20:56:44.368 D/gralloc ( 1204): allocate buffer from ION HEAP 0x1
07-05 20:56:44.368 D/gralloc ( 1204): allocate memory from system heap
07-05 20:56:44.368 D/Carousel-CarouselDisplayPlayerLayout(12421): x=380, y=-185,w=892,h=536, hashCode=1018698790
07-05 20:56:44.368 D/Carousel-CarouselDisplayPlayerLayout(12421): mX=380, mY=-185,mWitdh=892,mHeight=536, hashCode=1018698790
07-05 20:56:44.369 D/Carousel-CarouselDisplayPlayerLayout(12421): changed=false, hashCode=1018698790
07-05 20:56:44.369 D/Carousel-CarouselDisplayPlayerLayout(12421): extraTryCount=1
07-05 20:56:44.387 I/MyFragmentStateAdapter(12421): getCount
07-05 20:56:44.388 I/HLSP2P  ( 3457): ## 2017-07-05 20:56:44.374 [3457,3628,:0] INFO ## [HLSP2P][TaskManager.cpp:855][INFO][UpdateGlobalInfo]totalDataSize: 0, totalMemorySize: 0, totalCacheSize: 0, curUploadSpeedKB: 0
07-05 20:56:44.392 I/HLSP2P  ( 3457): ## 2017-07-05 20:56:44.390 [3457,3628,:0] INFO ## [HLSP2P][TaskManager.cpp:1325][INFO][TryAdjustMemorySize]system memory total size: 1912M, free size: 491MB, cache add to 30MB, AppState: 14
07-05 20:56:44.423 I/NuCachedSource2( 1206): new range: offset= 218840569
07-05 20:56:44.423 I/NuCachedSource2( 1206): seekInternal_l ---- totalSize: 1703936
07-05 20:56:44.427 D/MediaHTTPConnection(12421): offset = 218840569, mCurrentOffset = 1703936
07-05 20:56:44.427 D/MediaHTTPConnection(12421): seekTo 218840569
07-05 20:56:44.427 D/MediaHTTPConnection(12421): teardownConnection
07-05 20:56:44.447 D/Carousel-CarouselDisplayPlayerLayout(12421): x=380, y=-185,w=892,h=536, hashCode=1018698790
07-05 20:56:44.447 D/Carousel-CarouselDisplayPlayerLayout(12421): mX=380, mY=-185,mWitdh=892,mHeight=536, hashCode=1018698790
07-05 20:56:44.447 D/Carousel-CarouselDisplayPlayerLayout(12421): changed=false, hashCode=1018698790
07-05 20:56:44.447 D/Carousel-CarouselDisplayPlayerLayout(12421): extraTryCount=2
07-05 20:56:44.471 I/MyFragmentStateAdapter(12421): getCount
07-05 20:56:44.490 D/Carousel-CarouselDisplayPlayerLayout(12421): x=380, y=-185,w=892,h=536, hashCode=1018698790
07-05 20:56:44.490 D/Carousel-CarouselDisplayPlayerLayout(12421): mX=380, mY=-185,mWitdh=892,mHeight=536, hashCode=1018698790
07-05 20:56:44.490 D/Carousel-CarouselDisplayPlayerLayout(12421): changed=false, hashCode=1018698790
07-05 20:56:44.490 D/Carousel-CarouselDisplayPlayerLayout(12421): extraTryCount=3
07-05 20:56:44.529 D/MediaHTTPConnection(12421): close inputstream
07-05 20:56:44.531 D/MediaHTTPConnection(12421): hitting http://118.212.138.160/jhxvideo-ws.video-tx.com/rendition/201705/205989353451683841/205989353451684353/bb/243216185158536196/243216215223308548/r243216215223308548-3200k-1920x1080.mp4?wsSecret=e90b0eee7287984d0150e86c90728c62&wsTime=595ce20a&wsiphost=local
07-05 20:56:44.535 D/Carousel-CarouselDisplayPlayerLayout(12421): x=380, y=-185,w=892,h=536, hashCode=1018698790
07-05 20:56:44.535 D/Carousel-CarouselDisplayPlayerLayout(12421): mX=380, mY=-185,mWitdh=892,mHeight=536, hashCode=1018698790
07-05 20:56:44.535 D/Carousel-CarouselDisplayPlayerLayout(12421): changed=false, hashCode=1018698790
07-05 20:56:44.535 D/Carousel-CarouselDisplayPlayerLayout(12421): extraTryCount=4
07-05 20:56:44.538 I/MyFragmentStateAdapter(12421): getCount
07-05 20:56:44.542 I/TVMW@devctrl( 1234): wdt
07-05 20:56:44.566 D/Carousel-CarouselDisplayPlayerLayout(12421): x=380, y=-185,w=892,h=536, hashCode=1018698790
07-05 20:56:44.566 D/Carousel-CarouselDisplayPlayerLayout(12421): mX=380, mY=-185,mWitdh=892,mHeight=536, hashCode=1018698790
07-05 20:56:44.566 D/Carousel-CarouselDisplayPlayerLayout(12421): changed=false, hashCode=1018698790
07-05 20:56:44.566 D/Carousel-CarouselDisplayPlayerLayout(12421): extraTryCount=5
07-05 20:56:44.567 I/MyFragmentStateAdapter(12421): getCount
07-05 20:56:44.567 I/MyFragmentStateAdapter(12421): getCount
07-05 20:56:44.567 I/MyFragmentStateAdapter(12421): getCount
07-05 20:56:44.567 I/MyFragmentStateAdapter(12421): getCount
07-05 20:56:44.570 I/MiSysSrv( 1214): [37m[INFO] Change to Voltage: 102 mv (0x23)[m
07-05 20:56:44.570 I/FirstLineAdapter(12421): canShowTrailer,isOffline=false
07-05 20:56:44.570 I/FirstLineAdapter(12421): canShowTrailer,isOffline=false
07-05 20:56:44.570 I/FirstLineAdapter(12421): canShowTrailer,isOffline=false
07-05 20:56:44.570 I/FirstLineAdapter(12421): canShowTrailer,isOffline=false
07-05 20:56:44.570 I/FirstLineAdapter(12421): canShowTrailer,isOffline=false
07-05 20:56:44.571 I/FirstLineAdapter(12421): canShowTrailer,isOffline=false
07-05 20:56:44.571 I/FirstLineAdapter(12421): canShowTrailer,isOffline=false
07-05 20:56:44.571 I/FirstLineAdapter(12421): canShowTrailer,isOffline=false
07-05 20:56:44.571 I/FirstLineAdapter(12421): canShowTrailer,isOffline=false
07-05 20:56:44.575 I/MyFragmentStateAdapter(12421): getCount
07-05 20:56:44.614 D/MediaHTTPConnection(12421): [Connection@741257865] response.heeader.null = HTTP/1.1 206 Partial Content
07-05 20:56:44.614 D/MediaHTTPConnection(12421): [Connection@741257865] response.heeader.Accept-Ranges = bytes
07-05 20:56:44.614 D/MediaHTTPConnection(12421): [Connection@741257865] response.heeader.Age = 2162773
07-05 20:56:44.614 D/MediaHTTPConnection(12421): [Connection@741257865] response.heeader.Cache-Control = max-age=5184000
07-05 20:56:44.614 D/MediaHTTPConnection(12421): [Connection@741257865] response.heeader.Connection = keep-alive
07-05 20:56:44.614 D/MediaHTTPConnection(12421): [Connection@741257865] response.heeader.Content-Length = 128
07-05 20:56:44.614 D/MediaHTTPConnection(12421): [Connection@741257865] response.heeader.Content-MD5 = b0d2FgZ34VxS2J9TYuIjgA==
07-05 20:56:44.614 D/MediaHTTPConnection(12421): [Connection@741257865] response.heeader.Content-Range = bytes 218840569-218840696/218840697
07-05 20:56:44.614 D/MediaHTTPConnection(12421): [Connection@741257865] response.heeader.Content-Type = application/octet-stream
07-05 20:56:44.614 D/MediaHTTPConnection(12421): [Connection@741257865] response.heeader.Date = Sat, 10 Jun 2017 12:11:49 GMT
07-05 20:56:44.614 D/MediaHTTPConnection(12421): [Connection@741257865] response.heeader.ETag = "6F4776160677E15C52D89F5362E22380"
07-05 20:56:44.614 D/MediaHTTPConnection(12421): [Connection@741257865] response.heeader.Last-Modified = Mon, 08 May 2017 17:24:17 GMT
07-05 20:56:44.614 D/MediaHTTPConnection(12421): [Connection@741257865] response.heeader.Server = nginx/1.2.4
07-05 20:56:44.615 D/MediaHTTPConnection(12421): [Connection@741257865] response.heeader.Via = 1.1 chshx150:7 (Cdn Cache Server V2.0)[0 200 0], 1.1 sdbz31:0 (Cdn Cache Server V2.0)[26 200 0], 1.1 tongxiazai20:3 (Cdn Cache Server V2.0)[1 200 0]
07-05 20:56:44.615 D/MediaHTTPConnection(12421): [Connection@741257865] response.heeader.X-Android-Received-Millis = 1499259404614
07-05 20:56:44.615 D/MediaHTTPConnection(12421): [Connection@741257865] response.heeader.X-Android-Response-Source = NETWORK 206
07-05 20:56:44.615 D/MediaHTTPConnection(12421): [Connection@741257865] response.heeader.X-Android-Sent-Millis = 1499259404568
07-05 20:56:44.615 D/MediaHTTPConnection(12421): [Connection@741257865] response.heeader.x-oss-hash-crc64ecma = 10858506031335928878
07-05 20:56:44.615 D/MediaHTTPConnection(12421): [Connection@741257865] response.heeader.x-oss-object-type = Normal
07-05 20:56:44.615 D/MediaHTTPConnection(12421): [Connection@741257865] response.heeader.x-oss-request-id = 591D64783FEA2FF75DF4AA6E
07-05 20:56:44.615 D/MediaHTTPConnection(12421): [Connection@741257865] response.heeader.x-oss-server-time = 46
07-05 20:56:44.615 D/MediaHTTPConnection(12421): [Connection@741257865] response.heeader.x-oss-storage-class = Standard
07-05 20:56:44.618 I/NuCachedSource2( 1206): caching reached eos.
07-05 20:56:44.618 V/NuPlayer( 1206): Video input format 1920 x 1080
07-05 20:56:44.618 V/NuPlayer( 1206): updateVideoSize::rotationDegrees=0
07-05 20:56:44.618 W/avc_utils( 1206): [3D detect]It is not SEI Nal
07-05 20:56:44.618 W/avc_utils( 1206): [3D detect]It is not SEI Nal
07-05 20:56:44.618 E/NuPlayerDriver( 1206): notifyDuration (538083333)
07-05 20:56:44.618 W/avc_utils( 1206): [3D detect]It is not SEI Nal
07-05 20:56:44.627 I/NuCachedSource2( 1206): new range: offset= 1703936
07-05 20:56:44.627 I/NuCachedSource2( 1206): seekInternal_l ---- totalSize: 1704064
07-05 20:56:44.630 D/Carousel-CarouselDisplayPlayerLayout(12421): x=380, y=-185,w=892,h=536, hashCode=1018698790
07-05 20:56:44.630 D/Carousel-CarouselDisplayPlayerLayout(12421): mX=380, mY=-185,mWitdh=892,mHeight=536, hashCode=1018698790
07-05 20:56:44.630 D/Carousel-CarouselDisplayPlayerLayout(12421): changed=false, hashCode=1018698790
07-05 20:56:44.630 D/Carousel-CarouselDisplayPlayerLayout(12421): extraTryCount=6
07-05 20:56:44.634 I/FirstLineAdapter(12421): onViewDetachedFromWindow 
07-05 20:56:44.634 I/FirstLineAdapter(12421): onViewRecycledViewHolder{399f0c71 position=0 id=-1, oldPos=-1, pLpos:-1 update}
07-05 20:56:44.635 I/FirstLineAdapter(12421): onViewRecycledViewHolder{399f0c71 position=0 id=-1, oldPos=-1, pLpos:-1 update no parent}
07-05 20:56:44.664 V/MediaPlayer-JNI(12421): getVideoWidth: 1920
07-05 20:56:44.664 V/MediaPlayer-JNI(12421): getVideoHeight: 1080
07-05 20:56:44.669 I/MiSysSrv( 1214): [37m[INFO] Change to Voltage: 102 mv (0x23)[m
07-05 20:56:44.670 W/QueryController(12384): AccessibilityNodeInfo returned a null child (0 of 1)
07-05 20:56:44.670 W/QueryController(12384): parent = android.view.accessibility.AccessibilityNodeInfo@80013cc0; boundsInParent: Rect(0, 0 - 250, 232); boundsInScreen: Rect(162, 0 - 412, 79); packageName: com.hisense.hicloud.edca; className: android.widget.RelativeLayout; text: null; error: null; maxTextLength: -1; contentDescription: null; viewIdResName: com.hisense.hicloud.edca:id/layout_img_container; checkable: false; checked: false; focusable: true; focused: false; selected: false; clickable: true; longClickable: false; enabled: true; password: false; scrollable: false; actions: [AccessibilityAction: ACTION_FOCUS - null, AccessibilityAction: ACTION_SELECT - null, AccessibilityAction: ACTION_CLEAR_SELECTION - null, AccessibilityAction: ACTION_CLICK - null, AccessibilityAction: ACTION_ACCESSIBILITY_FOCUS - null]
07-05 20:56:44.672 E/MediaPlayer(12421): Should have subtitle controller already set
07-05 20:56:44.672 V/MediaPlayer-JNI(12421): getVideoWidth: 1920
07-05 20:56:44.672 V/MediaPlayer-JNI(12421): getVideoHeight: 1080
07-05 20:56:44.673 V/MediaPlayer-JNI(12421): isPlaying: 0
07-05 20:56:44.673 D/Carousel-UrlVideoView(12421): isInPlaybackState=true
07-05 20:56:44.673 D/Carousel-UrlVideoView(12421): mCurrentState=2
07-05 20:56:44.673 V/MediaPlayer-JNI(12421): getCurrentPosition: 0 (msec)
07-05 20:56:44.677 I/TVMW@HsTvSetting( 1234): Trace cmd, data = 0x1058
07-05 20:56:44.677 D/til@system( 2026): til_get_system_param option:100002F int:0, bool:0, ret:0
07-05 20:56:44.677 I/TVMW@HsTvSetting( 1234): Trace cmd, data = 0x101f
07-05 20:56:44.677 D/til@system( 2026): til_get_system_param option:100001D int:3, bool:3, ret:0
07-05 20:56:44.678 E/til     ( 2026): [til_get_current_input_source, 101] 
07-05 20:56:44.679 I/TVMW@HsTvSetting( 1234): Trace cmd, data = 0x7007
07-05 20:56:44.680 I/tilwrapper@sm( 2026): HS2TIL_SourceType *hs=0xd, *til=0x900
07-05 20:56:44.680 D/til     ( 2026): get current source 2304
07-05 20:56:44.680 D/SourceRemoteServiceHandler( 2026): getCurrentInputSource.from.til.result is 0, value is 2304
07-05 20:56:44.680 D/SourceRemoteServiceHandler( 2026): getInputSourceType source: 0x900, type=2304
07-05 20:56:44.680 D/til     ( 2026): ###### func:til_get_picture_param option:0x3000006 ######  
07-05 20:56:44.680 I/TVMW@HsTvSetting( 1234): Trace cmd, data = 0x1003
07-05 20:56:44.681 D/Carousel-CarouselDisplayPlayerLayout(12421): x=380, y=-185,w=892,h=536, hashCode=1018698790
07-05 20:56:44.681 D/Carousel-CarouselDisplayPlayerLayout(12421): mX=380, mY=-185,mWitdh=892,mHeight=536, hashCode=1018698790
07-05 20:56:44.681 D/Carousel-CarouselDisplayPlayerLayout(12421): changed=false, hashCode=1018698790
07-05 20:56:44.681 D/Carousel-CarouselDisplayPlayerLayout(12421): extraTryCount=7
07-05 20:56:44.682 I/TVMW@HsTvSetting( 1234): Trace cmd, data = 0x8032
07-05 20:56:44.683 I/hstvos  ( 1216): [0m[1;33m[HSHAL][HS_VIDEO][HS_HAL_Video_SetOsdDetect_v2][2389]u16Threshold = 20
07-05 20:56:44.685 I/MiSysSrv( 1214): Not support now! 42, change to mm_video!!!
07-05 20:56:44.687 E/TVMW@videoctrl( 1234):  getOsd is 1
07-05 20:56:44.687 D/til@system( 2026): til_get_system_param option:1000027 int:1, bool:1, ret:0
07-05 20:56:44.687 D/til     ( 2026): ###### func:til_get_picture_param option:0x3000045 ######  
07-05 20:56:44.687 I/TVMW@HsTvSetting( 1234): Trace cmd, data = 0x300c
07-05 20:56:44.687 I/TVMW@HsTvSetting( 1234): Trace 3d, data = 0x300c
07-05 20:56:44.687 I/TVMW@3d ( 1234): Hs_debug3d_trace: func:get3dStatus, line:109
07-05 20:56:44.701 D/Carousel-CarouselDisplayPlayerLayout(12421): x=380, y=-185,w=892,h=536, hashCode=1018698790
07-05 20:56:44.701 D/Carousel-CarouselDisplayPlayerLayout(12421): mX=380, mY=-185,mWitdh=892,mHeight=536, hashCode=1018698790
07-05 20:56:44.701 D/Carousel-CarouselDisplayPlayerLayout(12421): changed=false, hashCode=1018698790
07-05 20:56:44.701 D/Carousel-CarouselDisplayPlayerLayout(12421): extraTryCount=8
07-05 20:56:44.719 D/MediaHTTPConnection(12421): connect: uri=http://jhxvideo-ws.video-tx.com/rendition/201705/205989353451683841/205989353451684353/bb/243216185158536196/243216215223308548/r243216215223308548-3200k-1920x1080.mp4?wsSecret=e90b0eee7287984d0150e86c90728c62&wsTime=595ce20a, headers=User-Agent: stagefright/1.2 (Linux;Android 5.1.1)
07-05 20:56:44.719 D/MediaHTTPConnection(12421): teardownConnection
07-05 20:56:44.719 D/MediaHTTPConnection(12421): close inputstream
07-05 20:56:44.720 D/MediaHTTPConnection(12421): offset = 1703936, mCurrentOffset = -1
07-05 20:56:44.720 D/MediaHTTPConnection(12421): seekTo 1703936
07-05 20:56:44.722 D/MediaHTTPConnection(12421): hitting http://jhxvideo-ws.video-tx.com/rendition/201705/205989353451683841/205989353451684353/bb/243216185158536196/243216215223308548/r243216215223308548-3200k-1920x1080.mp4?wsSecret=e90b0eee7287984d0150e86c90728c62&wsTime=595ce20a
07-05 20:56:44.728 D/Carousel-CarouselDisplayPlayerLayout(12421): x=380, y=-185,w=892,h=536, hashCode=1018698790
07-05 20:56:44.728 D/Carousel-CarouselDisplayPlayerLayout(12421): mX=380, mY=-185,mWitdh=892,mHeight=536, hashCode=1018698790
07-05 20:56:44.728 D/Carousel-CarouselDisplayPlayerLayout(12421): changed=false, hashCode=1018698790
07-05 20:56:44.728 D/Carousel-CarouselDisplayPlayerLayout(12421): extraTryCount=9
07-05 20:56:44.744 I/FirstLineAdapter(12421): canShowTrailer,isOffline=false
07-05 20:56:44.748 D/Carousel-CarouselDisplayPlayerLayout(12421): x=380, y=-185,w=892,h=536, hashCode=1018698790
07-05 20:56:44.749 D/Carousel-CarouselDisplayPlayerLayout(12421): mX=380, mY=-185,mWitdh=892,mHeight=536, hashCode=1018698790
07-05 20:56:44.749 D/Carousel-CarouselDisplayPlayerLayout(12421): changed=false, hashCode=1018698790
07-05 20:56:44.851 D/MediaHTTPConnection(12421): [Connection@691925646] response.heeader.null = HTTP/1.1 206 Partial Content
07-05 20:56:44.851 D/MediaHTTPConnection(12421): [Connection@691925646] response.heeader.Accept-Ranges = bytes
07-05 20:56:44.851 D/MediaHTTPConnection(12421): [Connection@691925646] response.heeader.Age = 2162774
07-05 20:56:44.851 D/MediaHTTPConnection(12421): [Connection@691925646] response.heeader.Cache-Control = max-age=5184000
07-05 20:56:44.851 D/MediaHTTPConnection(12421): [Connection@691925646] response.heeader.Connection = keep-alive
07-05 20:56:44.851 D/MediaHTTPConnection(12421): [Connection@691925646] response.heeader.Content-Length = 217136761
07-05 20:56:44.851 D/MediaHTTPConnection(12421): [Connection@691925646] response.heeader.Content-MD5 = b0d2FgZ34VxS2J9TYuIjgA==
07-05 20:56:44.851 D/MediaHTTPConnection(12421): [Connection@691925646] response.heeader.Content-Range = bytes 1703936-218840696/218840697
07-05 20:56:44.851 D/MediaHTTPConnection(12421): [Connection@691925646] response.heeader.Content-Type = application/octet-stream
07-05 20:56:44.851 D/MediaHTTPConnection(12421): [Connection@691925646] response.heeader.Date = Sat, 10 Jun 2017 12:11:49 GMT
07-05 20:56:44.851 D/MediaHTTPConnection(12421): [Connection@691925646] response.heeader.ETag = "6F4776160677E15C52D89F5362E22380"
07-05 20:56:44.851 D/MediaHTTPConnection(12421): [Connection@691925646] response.heeader.Last-Modified = Mon, 08 May 2017 17:24:17 GMT
07-05 20:56:44.851 D/MediaHTTPConnection(12421): [Connection@691925646] response.heeader.Server = nginx/1.2.4
07-05 20:56:44.851 D/MediaHTTPConnection(12421): [Connection@691925646] response.heeader.Via = 1.1 chshx150:7 (Cdn Cache Server V2.0)[0 200 0], 1.1 sdbz31:0 (Cdn Cache Server V2.0)[26 200 0], 1.1 tongxiazai20:3 (Cdn Cache Server V2.0)[1 200 0]
07-05 20:56:44.851 D/MediaHTTPConnection(12421): [Connection@691925646] response.heeader.X-Android-Received-Millis = 1499259404847
07-05 20:56:44.851 D/MediaHTTPConnection(12421): [Connection@691925646] response.heeader.X-Android-Response-Source = NETWORK 206
07-05 20:56:44.851 D/MediaHTTPConnection(12421): [Connection@691925646] response.heeader.X-Android-Sent-Millis = 1499259404802
07-05 20:56:44.851 D/MediaHTTPConnection(12421): [Connection@691925646] response.heeader.x-oss-hash-crc64ecma = 10858506031335928878
07-05 20:56:44.851 D/MediaHTTPConnection(12421): [Connection@691925646] response.heeader.x-oss-object-type = Normal
07-05 20:56:44.851 D/MediaHTTPConnection(12421): [Connection@691925646] response.heeader.x-oss-request-id = 591D64783FEA2FF75DF4AA6E
07-05 20:56:44.851 D/MediaHTTPConnection(12421): [Connection@691925646] response.heeader.x-oss-server-time = 46
07-05 20:56:44.851 D/MediaHTTPConnection(12421): [Connection@691925646] response.heeader.x-oss-storage-class = Standard
07-05 20:56:44.891 I/MyFragmentStateAdapter(12421): getCount
07-05 20:56:44.926 I/NuCachedSource2( 1206): retrying a previously failed read succeeded.
07-05 20:56:45.189 I/TVMW@HsTvSetting( 1234): Trace cmd, data = 0x1058
07-05 20:56:45.189 D/til@system( 2026): til_get_system_param option:100002F int:0, bool:0, ret:0
07-05 20:56:45.189 I/TVMW@HsTvSetting( 1234): Trace cmd, data = 0x101f
07-05 20:56:45.189 D/til@system( 2026): til_get_system_param option:100001D int:3, bool:3, ret:0
07-05 20:56:45.189 E/til     ( 2026): [til_get_current_input_source, 101] 
07-05 20:56:45.189 I/TVMW@HsTvSetting( 1234): Trace cmd, data = 0x7007
07-05 20:56:45.190 I/tilwrapper@sm( 2026): HS2TIL_SourceType *hs=0xd, *til=0x900
07-05 20:56:45.190 D/til     ( 2026): get current source 2304
07-05 20:56:45.190 D/SourceRemoteServiceHandler( 2026): getCurrentInputSource.from.til.result is 0, value is 2304
07-05 20:56:45.190 D/SourceRemoteServiceHandler( 2026): getInputSourceType source: 0x900, type=2304
07-05 20:56:45.190 D/til     ( 2026): ###### func:til_get_picture_param option:0x3000006 ######  
07-05 20:56:45.190 I/TVMW@HsTvSetting( 1234): Trace cmd, data = 0x1003
07-05 20:56:45.190 I/TVMW@HsTvSetting( 1234): Trace cmd, data = 0x8032
07-05 20:56:45.190 I/hstvos  ( 1216): [0m[1;33m[HSHAL][HS_VIDEO][HS_HAL_Video_SetOsdDetect_v2][2389]u16Threshold = 20
07-05 20:56:45.191 I/MiSysSrv( 1214): Not support now! 42, change to mm_video!!!
07-05 20:56:45.191 E/TVMW@videoctrl( 1234):  getOsd is 1
07-05 20:56:45.191 D/til@system( 2026): til_get_system_param option:1000027 int:1, bool:1, ret:0
07-05 20:56:45.191 D/til     ( 2026): ###### func:til_get_picture_param option:0x3000045 ######  
07-05 20:56:45.192 I/TVMW@HsTvSetting( 1234): Trace cmd, data = 0x300c
07-05 20:56:45.192 I/TVMW@HsTvSetting( 1234): Trace 3d, data = 0x300c
07-05 20:56:45.192 I/TVMW@3d ( 1234): Hs_debug3d_trace: func:get3dStatus, line:109
07-05 20:56:45.247 I/MyFragmentStateAdapter(12421): getCount
07-05 20:56:45.275 I/MyFragmentStateAdapter(12421): getCount
07-05 20:56:45.283 I/NetflixMonitorService( 1733): current fgapk : com.hisense.hicloud.edca
07-05 20:56:45.283 I/NetflixMonitorService( 1733): Netflix status unchanged
07-05 20:56:45.299 I/MyFragmentStateAdapter(12421): getCount
07-05 20:56:45.322 I/MyFragmentStateAdapter(12421): getCount
07-05 20:56:45.343 I/MyFragmentStateAdapter(12421): getCount
07-05 20:56:45.366 I/MyFragmentStateAdapter(12421): getCount
07-05 20:56:45.387 I/MyFragmentStateAdapter(12421): getCount
07-05 20:56:45.410 I/MyFragmentStateAdapter(12421): getCount
07-05 20:56:45.432 I/MyFragmentStateAdapter(12421): getCount
07-05 20:56:45.442 I/TVMW@devctrl( 1234): wdt
07-05 20:56:45.456 I/MyFragmentStateAdapter(12421): getCount
07-05 20:56:45.478 I/MyFragmentStateAdapter(12421): getCount
07-05 20:56:45.502 I/MyFragmentStateAdapter(12421): getCount
07-05 20:56:45.526 I/MyFragmentStateAdapter(12421): getCount
07-05 20:56:45.547 I/MyFragmentStateAdapter(12421): getCount
07-05 20:56:45.559 D/MyLocalStartService( 3890): currentName is :com.hisense.hicloud.edca
07-05 20:56:45.571 I/MyFragmentStateAdapter(12421): getCount
07-05 20:56:45.596 I/MyFragmentStateAdapter(12421): getCount
07-05 20:56:45.618 D/MediaHTTPConnection(12421): [Connection@691925646] getSize mTotalSize = 218840697
07-05 20:56:45.620 W/FFmpegExtractor( 1206): drop the packet with negative timestamp(pts:-1024)
07-05 20:56:45.621 I/MyFragmentStateAdapter(12421): getCount
07-05 20:56:45.648 I/MyFragmentStateAdapter(12421): getCount
07-05 20:56:45.669 I/MyFragmentStateAdapter(12421): getCount
07-05 20:56:45.687 D/CommonHeader(12421): app logo :refreshTimer: isRotatetrue
07-05 20:56:45.693 I/TVMW@HsTvSetting( 1234): Trace cmd, data = 0x1058
07-05 20:56:45.693 D/til@system( 2026): til_get_system_param option:100002F int:0, bool:0, ret:0
07-05 20:56:45.693 I/TVMW@HsTvSetting( 1234): Trace cmd, data = 0x101f
07-05 20:56:45.694 D/til@system( 2026): til_get_system_param option:100001D int:3, bool:3, ret:0
07-05 20:56:45.694 E/til     ( 2026): [til_get_current_input_source, 101] 
07-05 20:56:45.694 I/TVMW@HsTvSetting( 1234): Trace cmd, data = 0x7007
07-05 20:56:45.694 I/tilwrapper@sm( 2026): HS2TIL_SourceType *hs=0xd, *til=0x900
07-05 20:56:45.694 D/til     ( 2026): get current source 2304
07-05 20:56:45.694 D/SourceRemoteServiceHandler( 2026): getCurrentInputSource.from.til.result is 0, value is 2304
07-05 20:56:45.694 D/SourceRemoteServiceHandler( 2026): getInputSourceType source: 0x900, type=2304
07-05 20:56:45.694 D/til     ( 2026): ###### func:til_get_picture_param option:0x3000006 ######  
07-05 20:56:45.695 I/MyFragmentStateAdapter(12421): getCount
07-05 20:56:45.695 I/TVMW@HsTvSetting( 1234): Trace cmd, data = 0x1003
07-05 20:56:45.696 I/TVMW@HsTvSetting( 1234): Trace cmd, data = 0x8032
