07-05 20:23:54.827 I/MiSysSrv( 1214): [XC,LPLL][MDrv_SC_set_output_dclk, 5096] g_XC_InitData.stPanelInfo.eLPLL_Type.eLPLL_Type=51, g_XC_InitData.stPanelInfo.eLPLL_Type.eLPLL_Mode=1
07-05 20:23:54.827 I/MiSysSrv( 1214): [XC,LPLL][_MDrv_XC_GetExPanelInfo, 1665] u16VFreq=600
07-05 20:23:54.827 I/MiSysSrv( 1214): @@11=11
07-05 20:23:54.827 I/MiSysSrv( 1214): @@11=11
07-05 20:23:54.827 I/MiSysSrv( 1214): @@11=11
07-05 20:23:54.827 I/MiSysSrv( 1214): @@11=11
07-05 20:23:54.827 I/MiSysSrv( 1214): [XC,LPLL][MDrv_SC_set_output_dclk, 5148] u32PllSet = 0x1745d1, u32UpBound = 0x1775d1, u32LowBound = 0x1715d1
07-05 20:23:54.827 I/MiSysSrv( 1214): [XC,LPLL][MDrv_SC_set_output_dclk, 5149] u32HighAccuratePllSet = 0x1745d1, u32UpBound = 0x1775d1, u32LowBound = 0x1715d1
07-05 20:23:54.827 I/MiSysSrv( 1214): [XC,LPLL][MDrv_SC_set_output_dclk, 5152] User forces Enable=1, LPLL limit=0x1600
07-05 20:23:54.827 I/MiSysSrv( 1214): [XC,LPLL][MDrv_SC_Set_Output_Dclk_Slowly, 2790] SetDCLK: Steps=10, DelayMs=0
07-05 20:23:54.849 I/MyFragmentStateAdapter(25977): getCount
07-05 20:23:54.869 I/MiSysSrv( 1214): [37m[INFO] Change to Voltage: 112 mv (0x2D)[m
07-05 20:23:54.877 I/MiSysSrv( 1214): [XC,LPLL][MDrv_SC_Set_Output_Dclk_Slowly, 2825] Direct set to 0x1745d1
07-05 20:23:54.877 I/MiSysSrv( 1214): [XC,LPLL][MDrv_SC_set_output_dclk, 5175] **** SetOutputDclk-Normal CLK=5940000000, Set=0x1745D1***
07-05 20:23:54.877 I/MiSysSrv( 1214): @@11=11
07-05 20:23:54.877 I/MiSysSrv( 1214): @@11=11
07-05 20:23:54.878 I/MiSysSrv( 1214): [XC,LPLL][MHal_XC_Calc_IGainPGain, 5078] MM=36,u8LGain1=2,Htt=4400,Vtt=2250,Ovs=5,Vco=1,i_gain=0,REGIg=5,u32XTAL_Clock=24000000
07-05 20:23:54.878 I/MiSysSrv( 1214): [XC,LPLL][MHal_XC_Calc_IGainPGain, 5084] new i_gain=0
07-05 20:23:54.878 I/MiSysSrv( 1214): [XC,LPLL][MHal_XC_Calc_IGainPGain, 5095] ==>LG1=2,iGain=0,I=2,P=3
07-05 20:23:54.878 I/MiSysSrv( 1214): [XC,LPLL][_MDrv_Scaler_SetIGainPGain, 1853] user forces REG_IGain= 0x4 (4)
07-05 20:23:54.878 I/MiSysSrv( 1214): [XC,LPLL][_MDrv_Scaler_SetIGainPGain, 1858] user forces REG_PGain= 0x5 (5)
07-05 20:23:54.878 I/MiSysSrv( 1214): [XC,LPLL][_MDrv_Scaler_SetIGainPGain, 1866] REG_IGain= 0x4 (4)
07-05 20:23:54.879 I/MiSysSrv( 1214): [XC,LPLL][_MDrv_Scaler_SetIGainPGain, 1867] REG_PGain= 0x5 (5)
07-05 20:23:54.879 I/MiSysSrv( 1214): [XC,LPLL][MDrv_SC_set_fpll,  976] MDrv_SC_set_fpll(0,0)
07-05 20:23:54.879 I/MiSysSrv( 1214): [XC,LPLL][MDrv_SC_set_fpll,  977] u32OrigLPLL = 1745d1
07-05 20:23:54.879 I/MiSysSrv( 1214): [XC,LPLL][MDrv_SC_set_fpll, 1002] u32OrigLPLL = 1745d1, L_BK_LPLL(0x0F) = 1745d1
07-05 20:23:54.879 I/MiSysSrv( 1214): [XC,LPLL][_MApi_XC_FPLL_EnableLcokFreqOnly, 3150] [_MApi_XC_FPLL_EnableLcokFreqOnly][3150]feature is 0
07-05 20:23:54.888 I/HLSP2P  ( 3912): ## 2017-07-05 20:23:54.887 [3912,4030,:0] INFO ## [HLSP2P][DownloadManager.cpp:35][INFO][SendHeartBeatMsg]send heartbeat to punch server ok
07-05 20:23:54.926 I/MyFragmentStateAdapter(25977): getCount
07-05 20:23:54.969 I/MiSysSrv( 1214): [37m[INFO] Change to Voltage: 117 mv (0x32)[m
07-05 20:23:54.985 I/MiSysSrv( 1214): bColorRange0_255 is 1
07-05 20:23:54.998 I/MiSysSrv( 1214): BW Window:0, PQSource:9, Hsize:3840, Vsize: 2160, interlace:0, Vfreq=240
07-05 20:23:55.007 I/TVMW@devctrl( 1234): wdt
07-05 20:23:55.010 I/MyFragmentStateAdapter(25977): getCount
07-05 20:23:55.017 I/MiSysSrv( 1214): (_MDrv_PQ_SetGRuleStatus, 5671)GRuleType(10) is bigger than STD PQ's(9), so consider it as CUSTOMER PQ's GRule Type
07-05 20:23:55.017 I/MiSysSrv( 1214): [XC,SetWindow][MApi_XC_SetDynamicScaling_U2,  342] It's dynamic scaling case(1,0,1)
07-05 20:23:55.017 I/MiSysSrv( 1214): [XC,SetWindow][MHAL_SC_Set_DynamicScaling,  522] [MHAL_SC_Set_DynamicScaling,  522] [DS] u8MIU_Select:0  
07-05 20:23:55.017 I/MiSysSrv( 1214): [XC,SetWindow][MHAL_SC_Set_DynamicScaling,  523] [MHAL_SC_Set_DynamicScaling,  523] [DS] bOP_On:1  bIPS_On:0 bIPM_On:1  
07-05 20:23:55.025 I/MiSysSrv( 1214): [XC,SetWindow][MHAL_SC_Set_DynamicScaling,  557] [MHAL_SC_Set_DynamicScaling,  557] [DS] u32DynamicScalingBaseAddr:15e91000  u8DynamicScalingIndexDepth:32 u32DynamicScalingBufSize:6144   
07-05 20:23:55.025 I/MiSysSrv( 1214): [XC,SetWindow][MHAL_SC_Set_DynamicScaling,  570] [MHAL_SC_Set_DynamicScaling,  570] [DS] u8IdxDepth:32 DS_MAX_INDEX:6 BYTE_PER_WORD:32  
07-05 20:23:55.060 I/TVMW@HsSourceManager( 1234): resourceMediaInfoFunction srcid=13
07-05 20:23:55.060 D/TVMW@pqctrl( 1234): [setNR:166] ENTER OK
07-05 20:23:55.061 I/hstvos  ( 1216): [0m[1;36m[mif][VIDEO_FW][_Mif_Video_Window_Callback][466]_Mif_Video_Window_Callback u32EventFlags: 32768, u8DisplayIndex: 0, u8WindowIndex: 0
07-05 20:23:55.061 I/hstvos  ( 1216): [0m[1;36m[HSHAL][HS_PQ][HS_HAL_PQ_SetNR][369] Entry.time[6276632] OK
07-05 20:23:55.061 I/hstvos  ( 1216): [0m[1;32m[HSHAL][HS_PQ][HS_HAL_PQ_SetNR][370]nrLevel 2 
07-05 20:23:55.062 D/TVMW@factoryData( 1234): Non source= 13,b4Kx2K = 0,b4Kx2KForWB = 1
07-05 20:23:55.062 D/TVMW@factoryData( 1234): Non 0 ,12 , 22, 45, 63(audio not diff 4K)
07-05 20:23:55.062 D/TVMW@Hsmwhal( 1234): +_+pic: ***sharpness:22[setSharpness:230]
07-05 20:23:55.062 D/TVMW@pqctrl( 1234): [setSharpness:203] ENTER OK
07-05 20:23:55.063 E/TVMW@videoctrl( 1234):  getOsd is 1
07-05 20:23:55.064 D/til@system( 2026): til_get_system_param option:1000027 int:1, bool:1, ret:0
07-05 20:23:55.064 D/til     ( 2026): ###### func:til_get_picture_param option:0x3000045 ######  
07-05 20:23:55.064 I/TVMW@HsTvSetting( 1234): Trace cmd, data = 0x300c
07-05 20:23:55.064 I/TVMW@HsTvSetting( 1234): Trace 3d, data = 0x300c
07-05 20:23:55.064 I/TVMW@3d ( 1234): Hs_debug3d_trace: func:get3dStatus, line:109
07-05 20:23:55.064 I/hstvos  ( 1216):  [0m[1;36m[HSHAL][HS_PQ][HS_HAL_PQ_SetSharpness][413] Entry.time[6276633] OK
07-05 20:23:55.064 I/hstvos  ( 1216): [0m[1;32m[HSHAL][HS_PQ][HS_HAL_PQ_SetSharpness][414]u32Sharpness 22 
07-05 20:23:55.076 I/TVMW@HsSourceManager( 1234): resourceMediaInfoFunction nrData=2
07-05 20:23:55.076 I/TVMW@HsSourceManager( 1234): resourceMediaInfoFunction sharpness=50
07-05 20:23:55.076 I/TVMW@HsSourceManager( 1234): >>>>resourceMediaInfoFunction
07-05 20:23:55.076 I/hstvos  ( 1216):  [0m[1;36m[HSHAL][HS_PQ][HS_HAL_PQ_SetSharpness][419] Exit OK[6276647] OK
07-05 20:23:55.077 W/        ( 1204): no callback function match handle 0x9e0700,
07-05 20:23:55.077 E/MiDisplay( 1204): ERROR pstCallbackParams.
07-05 20:23:55.095 I/MiSysSrv( 1214): [mapi_video_base@Line 1135] [u32PqDelayTime=126,u32UsedTime=78,u16VideoUnMuteTime=0,u32RealyDelayTime=48]
07-05 20:23:55.103 I/MiSysSrv( 1214): [leon.luo]EnableVideoMute = 0,enColor = 5
07-05 20:23:55.169 I/MiSysSrv( 1214): [37m[INFO] Change to Voltage: 117 mv (0x32)[m
07-05 20:23:55.177 D/vsyncbridge( 1204): [0] handle_thread thread got msg 0x1, mState = 2
07-05 20:23:55.177 D/vsyncbridge( 1204): Overlay 0 state change from 2 to 3
07-05 20:23:55.177 D/vsyncbridge( 1204): VSYNC_BRIDGE_INIT clear dispQ
07-05 20:23:55.177 D/vsyncbridge( 1204): panelWidth = 3840, panelHeight = 2160, [3840 2160 600]
07-05 20:23:55.181 D/vsyncbridge( 1204): Display Path INIT END: 1
07-05 20:23:55.181 I/NuPlayerDecoder( 1206):  VSInitOver is true!!!
07-05 20:23:55.181 D/NuPlayer( 1206): video rendering start
07-05 20:23:55.182 V/AudioPolicyManager( 1206): DeviceVector::getDevice() for type 00008000 address 0 found 0x0
07-05 20:23:55.182 V/AudioPolicyManager( 1206): getOutput() device 2, stream 3, samplingRate 0, format 0, channelMask 3, flags 0
07-05 20:23:55.182 V/AudioPolicyManager( 1206): getOutput() returns output 2
07-05 20:23:55.182 V/AudioPolicyManager( 1206): DeviceVector::getDevice() for type 00008000 address 0 found 0x0
07-05 20:23:55.182 V/AudioPolicyManager( 1206): getOutput() device 2, stream 3, samplingRate 0, format 0, channelMask 3, flags 0
07-05 20:23:55.182 V/AudioPolicyManager( 1206): getOutput() returns output 2
07-05 20:23:55.182 V/AudioPolicyManager( 1206): getOutputForAttr() usage=1, content=2, tag= flags=00000000
07-05 20:23:55.182 V/AudioPolicyManager( 1206): DeviceVector::getDevice() for type 00008000 address 0 found 0x0
07-05 20:23:55.182 V/AudioPolicyManager( 1206): getOutputForAttr() device 0x2, samplingRate 44100, format 1, channelMask 3, flags 0
07-05 20:23:55.182 V/AudioPolicyManager( 1206): getOutput() returns output 2
07-05 20:23:55.182 V/AudioFlinger( 1206): createTrack() lSessionId: 121
07-05 20:23:55.183 V/AudioFlinger( 1206): acquiring 121 from 1206, for 25977
07-05 20:23:55.183 V/AudioFlinger( 1206):  incremented refcount to 2
07-05 20:23:55.183 W/MediaPlayer(25977): info/warning (3, 0)
07-05 20:23:55.183 V/AudioPolicyManager( 1206): startOutput() output 2, stream 3, session 121
07-05 20:23:55.183 V/AudioPolicyManager( 1206): setBeaconMute(1) mBeaconMuteRefCount=1 mBeaconPlayingRefCount=0
07-05 20:23:55.183 V/AudioPolicyManager( 1206): changeRefCount() stream 3, count 1
07-05 20:23:55.183 V/AudioPolicyManager( 1206): DeviceVector::getDevice() for type 00008000 address 0 found 0x0
07-05 20:23:55.183 V/AudioPolicyManager( 1206): getNewOutputDevice() selected device 2
07-05 20:23:55.183 V/AudioPolicyManager( 1206): setStreamVolumeIndex() stream 12, device 0002, index 15
07-05 20:23:55.183 V/AudioPolicyManager( 1206): setOutputDevice() output 2 device 0002 delayMs 0
07-05 20:23:55.183 V/AudioPolicyManager( 1206): setOutputDevice() prevDevice 0002
07-05 20:23:55.183 V/AudioPolicyManager( 1206): DeviceVector::getDevice() for type 00008000 address 0 found 0x0
07-05 20:23:55.183 V/AudioPolicyManager( 1206): DeviceVector::getDevice() for type 00008000 address 0 found 0x0
07-05 20:23:55.183 V/AudioPolicyManager( 1206): DeviceVector::getDevice() for type 00008000 address 0 found 0x0
07-05 20:23:55.183 V/AudioPolicyManager( 1206): DeviceVector::getDevice() for type 00008000 address 0 found 0x0
07-05 20:23:55.183 V/AudioPolicyManager( 1206): DeviceVector::getDevice() for type 00008000 address 0 found 0x0
07-05 20:23:55.183 V/AudioPolicyManager( 1206): DeviceVector::getDevice() for type 00008000 address 0 found 0x0
07-05 20:23:55.183 V/AudioPolicyManager( 1206): DeviceVector::getDevice() for type 00008000 address 0 found 0x0
07-05 20:23:55.183 V/AudioPolicyManager( 1206): setOutputDevice() changing device
07-05 20:23:55.183 V/AudioPolicyManager( 1206): DeviceVector::refreshTypes() mDeviceTypes 00000002
07-05 20:23:55.183 V/AudioPolicyManager( 1206): DeviceVector::getDevicesFromType() for type 2 found 0xf407cf00
07-05 20:23:55.184 D/MSTAR_VDEC_DBG( 1206): Stream ID: 0, Rate : 0 (E:0,D:0,S:0,F:21) 
07-05 20:23:55.184 E/audio_hw_primary( 1206): out_set_parameters: routing=2
07-05 20:23:55.184 V/AudioPolicyManager( 1206): setOutputDevice() createAudioPatch returned 0 patchHandle 122num_sources 1 num_sinks 1
07-05 20:23:55.184 V/AudioPolicyManager( 1206): checkAndSetVolume() cannot set stream 6 volume with force use = 0 for comm
07-05 20:23:55.184 V/AudioPolicyManager( 1206): DeviceVector::getDevice() for type 00008000 address 0 found 0x0
07-05 20:23:55.184 V/AudioPolicyManager( 1206): DeviceVector::getDevice() for type 00008000 address 0 found 0x0
07-05 20:23:55.184 V/AudioPolicyManager( 1206): DeviceVector::getDevice() for type 00008000 address 0 found 0x0
07-05 20:23:55.184 V/AudioPolicyManager( 1206): DeviceVector::getDevice() for type 00008000 address 0 found 0x0
07-05 20:23:55.184 V/AudioPolicyManager( 1206): DeviceVector::getDevice() for type 00008000 address 0 found 0x0
07-05 20:23:55.184 V/AudioPolicyManager( 1206): DeviceVector::getDevice() for type 00008000 address 0 found 0x0
07-05 20:23:55.184 V/AudioPolicyManager( 1206): DeviceVector::getDevice() for type 00008000 address 0 found 0x0
07-05 20:23:55.184 V/AudioPolicyManager( 1206): DeviceVector::getDevice() for type 00008000 address 0 found 0x0
07-05 20:23:55.185 D/PowerManagerService( 1733): acquireWakeLockInternal: lock=101014794, flags=0x1, tag="AudioMix", ws=null, uid=1013, pid=0
07-05 20:23:55.185 D/PowerManagerNotifier( 1733): onWakeLockAcquired: flags=1, tag="AudioMix", packageName=media, ownerUid=1013, ownerPid=0, workSource=null
07-05 20:23:55.186 D/PowerManagerService( 1733): updateWakeLockWorkSourceInternal: lock=101014794 [AudioMix], ws=null
07-05 20:23:55.186 W/NuPlayerRenderer( 1206): numFramesAvailableToWrite(7526), mAudioSink frameCount(7526), mAudioQueue size(2), numFramesPlayed(0), mNumFramesWritten(0)
07-05 20:23:55.186 D/NuPlayerRenderer( 1206): mAudioFirstAnchorTimeMediaUs from -1 change to 23219,mLastRenderAudioTimeUs -1,pendingDurationUs 0
07-05 20:23:55.189 I/HLSP2P  ( 3912): ## 2017-07-05 20:23:54.984 [3912,4032,:0] INFO ## [HLSP2P][DownloadManager.cpp:35][INFO][OnHeartbeatRsp]punch heartbeat rsp ok
07-05 20:23:55.191 D/Carousel-SimpleVideoView(25977): speedKB=2044
07-05 20:23:55.191 D/Carousel-SimpleVideoView(25977): msg.arg1=1
07-05 20:23:55.195 D/PowerManagerService( 1733): updateWakeLockWorkSourceInternal: lock=101014794 [AudioMix], ws=WorkSource{10010}
07-05 20:23:55.195 D/PowerManagerNotifier( 1733): onWakeLockReleased: flags=1, tag="AudioMix", packageName=media, ownerUid=1013, ownerPid=0, workSource=null
07-05 20:23:55.195 D/PowerManagerNotifier( 1733): onWakeLockAcquired: flags=1, tag="AudioMix", packageName=media, ownerUid=1013, ownerPid=0, workSource=WorkSource{10010}
07-05 20:23:55.201 D/vsyncbridge( 1204): [update_ds_table,  594] DispW:1632 DispH:920 
07-05 20:23:55.201 D/vsyncbridge( 1204): [update_ds_table,  598] Cap.x:1105 Cap.y:30 CapW:1920 CapH:1080 
07-05 20:23:55.201 D/vsyncbridge( 1204): [update_ds_table,  599] enInputSourceType:34 
07-05 20:23:55.201 D/vsyncbridge( 1204): [update_ds_table,  601] u16InputVTotal:2205  u16InputVFreq:240 
07-05 20:23:55.201 D/vsyncbridge( 1204): [update_ds_table,  603] bInterlace:0  u16DefaultHtotal:0 
07-05 20:23:55.201 D/vsyncbridge( 1204): [update_ds_table,  606] bPreHCusScaling:1  bPreVCusScaling:1 
07-05 20:23:55.201 D/vsyncbridge( 1204): [update_ds_table,  608] u16PreHCusScalingSrc:1920  u16PreHCusScalingDst:1920 
07-05 20:23:55.201 D/vsyncbridge( 1204): [update_ds_table,  610] u16PreVCusScalingSrc:1080  u16PreVCusScalingSrc:1080 
07-05 20:23:55.201 D/vsyncbridge( 1204): [update_ds_table,  613] bHCusScaling:0  bVCusScaling:0 
07-05 20:23:55.201 D/vsyncbridge( 1204): [update_ds_table,  615] u16HCusScalingSrc:1920  u16HCusScalingDst:1632 
07-05 20:23:55.201 D/vsyncbridge( 1204): [update_ds_table,  617] u16VCusScalingSrc:1084  u16VCusScalingDst:920 
07-05 20:23:55.201 D/vsyncbridge( 1204): vsync_bridge_CalAspectRatio type = 0
07-05 20:23:55.201 D/vsyncbridge( 1204): panel [3840 2160] osd [1920 1080] ratio [2.000000 2.000000]
07-05 20:23:55.201 D/vsyncbridge( 1204): apply ratio, x=1098, y=410, width=1632, height=920
07-05 20:23:55.201 D/vsyncbridge( 1204): disp_old[1098 410 2730 1330], disp_new[1098 410 2730 1330], crop[0 0 1920 1080]
07-05 20:23:55.201 D/vsyncbridge( 1204): [update_ds_table,  798] SW DS !!! 
07-05 20:23:55.201 D/vsyncbridge( 1204): [update_ds_table,  800] stXC_SetWin_Info.stCapWin.width1920  stXC_SetWin_Info.stCapWin.height:1080
07-05 20:23:55.202 D/vsyncbridge( 1204): [update_ds_table,  802] stXC_SetWin_Info.stCropWin.width1920  stXC_SetWin_Info.stCropWin.height:1080
07-05 20:23:55.202 D/vsyncbridge( 1204): [update_ds_table,  803] MApi_XC_GetDynamicScalingStatus():1 
07-05 20:23:55.202 D/        ( 1204): Alert: cannot get frameCount from IOCTL, eWindow=0! Fall back to original frame mode
07-05 20:23:55.202 D/        ( 1204): MVOP is 1P mode
07-05 20:23:55.202 D/        ( 1204): [_MDrv_SC_check_2p_mode][9405]u16Width=3840,u16Height=2160,u32Vfreqx10=240
07-05 20:23:55.202 D/PowerManagerService( 1733): acquireWakeLockInternal: lock=113832109, flags=0x1, tag="NetworkStats", ws=null, uid=1000, pid=1733
07-05 20:23:55.202 D/PowerManagerNotifier( 1733): onWakeLockAcquired: flags=1, tag="NetworkStats", packageName=android, ownerUid=1000, ownerPid=1733, workSource=null
07-05 20:23:55.202 D/NtpTrustedTime( 1733): currentTimeMillis() cache hit
07-05 20:23:55.232 D/NtpTrustedTime( 1733): currentTimeMillis() cache hit
07-05 20:23:55.233 D/PowerManagerService( 1733): releaseWakeLockInternal: lock=113832109 [NetworkStats], flags=0x0
07-05 20:23:55.233 D/PowerManagerNotifier( 1733): onWakeLockReleased: flags=1, tag="NetworkStats", packageName=android, ownerUid=1000, ownerPid=1733, workSource=null
07-05 20:23:55.233 D/NtpTrustedTime( 1733): currentTimeMillis() cache hit
07-05 20:23:55.233 D/NtpTrustedTime( 1733): currentTimeMillis() cache hit
07-05 20:23:55.241 D/vsyncbridge( 1204): Overlay[0] wait_disp_show W 2, R 1, Cur 255, wait time = 50ms
07-05 20:23:55.244 D/Carousel-SimpleVideoView(25977): what=3, extra=0
07-05 20:23:55.246 D/Carousel-log_video-(25977): onFirstFrame!
07-05 20:23:55.247 D/Carousel-log_video-(25977): handleFirstFramePlayLog isReplayState:false,mLogPlayState:1
07-05 20:23:55.247 D/Carousel-log_video-(25977): ==first frame log,duration:4555
07-05 20:23:55.249 D/Carousel-log_(25977): ===(Main-Video-278003)-{srccolumnid=3, eventType=278, srcgroupid=10001, appversionname=2.0.0.6, srctabid=0, duration=4555, license=hisense, eventcode=278003, deviceid=86100300900000500000060a4818fca8, mediaid=351, eventPos=003, sessionid=2846b6f285a04be7990519748ef94e20, srcpackagename=com.hisense.hicloud.edca, subscriberid=13287129, playactionuuid=44e6dac3-12d9-46d0-bb69-1128a16bf579, version=2.1, devicemsg=LED50MU8600UC0000888, isall=0, customerid=7195320, srcrowid=0, srceventcode=280000}
07-05 20:23:55.259 W/System.err(25977): java.net.ConnectException: failed to connect to /10.18.210.112 (port 8900) after 6000ms: isConnected failed: ECONNREFUSED (Connection refused)
07-05 20:23:55.260 W/System.err(25977): 	at libcore.io.IoBridge.isConnected(IoBridge.java:238)
07-05 20:23:55.260 W/System.err(25977): 	at libcore.io.IoBridge.connectErrno(IoBridge.java:171)
07-05 20:23:55.260 W/System.err(25977): 	at libcore.io.IoBridge.connect(IoBridge.java:122)
07-05 20:23:55.260 W/System.err(25977): 	at java.net.PlainSocketImpl.connect(PlainSocketImpl.java:183)
07-05 20:23:55.260 W/System.err(25977): 	at java.net.PlainSocketImpl.connect(PlainSocketImpl.java:456)
07-05 20:23:55.260 W/System.err(25977): 	at java.net.Socket.connect(Socket.java:882)
07-05 20:23:55.260 W/System.err(25977): 	at com.android.okhttp.internal.Platform.connectSocket(Platform.java:174)
07-05 20:23:55.260 W/System.err(25977): 	at com.android.okhttp.Connection.connect(Connection.java:152)
07-05 20:23:55.260 W/System.err(25977): 	at com.android.okhttp.internal.http.HttpEngine.connect(HttpEngine.java:276)
07-05 20:23:55.260 W/System.err(25977): 	at com.android.okhttp.internal.http.HttpEngine.sendRequest(HttpEngine.java:211)
07-05 20:23:55.260 W/System.err(25977): 	at com.android.okhttp.internal.http.HttpURLConnectionImpl.execute(HttpURLConnectionImpl.java:382)
07-05 20:23:55.260 W/System.err(25977): 	at com.android.okhttp.internal.http.HttpURLConnectionImpl.connect(HttpURLConnectionImpl.java:106)
07-05 20:23:55.260 W/System.err(25977): 	at com.hisense.hitv.hicloud.util.ExceptionReport.a(ExceptionReport.java:337)
07-05 20:23:55.260 W/System.err(25977): 	at com.hisense.hitv.hicloud.util.ExceptionReport.a(ExceptionReport.java:39)
07-05 20:23:55.260 W/System.err(25977): 	at com.hisense.hitv.hicloud.util.ExceptionReport$1.run(ExceptionReport.java:83)
07-05 20:23:55.260 W/System.err(25977): 	at java.lang.Thread.run(Thread.java:818)
07-05 20:23:55.260 W/System.err(25977): Caused by: android.system.ErrnoException: isConnected failed: ECONNREFUSED (Connection refused)
07-05 20:23:55.261 W/System.err(25977): 	at libcore.io.IoBridge.isConnected(IoBridge.java:223)
07-05 20:23:55.261 W/System.err(25977): 	... 15 more
07-05 20:23:55.263 I/WebcastSDK-(25977):  eth0 mac is a8a64818fca8
07-05 20:23:55.270 I/MiSysSrv( 1214): [37m[INFO] Change to Voltage: 117 mv (0x32)[m
07-05 20:23:55.271 V/PackageManager( 1733): getPackageInfo com.hisense.hicloud.edca: Package{3fb3f3a1 com.hisense.hicloud.edca}
07-05 20:23:55.272 I/WebcastSDK-(25977): getAppVersionCode(), versionCode = 652
07-05 20:23:55.272 D/Carousel-log_(25977): ===(Exception-278003)-{exceptionName=03, eventType=001, eventPos=001, appKey=1120130979, deviceId=86100300900000500000060a4818fca8, appVersion=2.0.0.6, tpye=3, playactionuuid=44e6dac3-12d9-46d0-bb69-1128a16bf579, exceptionMessage={"what":"001","extra":"001"}, mac=a8a64818fca8, version=1.3, extraMessage={"startpackagename":"com.hisense.hicloud.edca","startpackageversion":"652","srcfunctiontype":"280000","functiontype":"278003","channelid":"351","rowid":"0","columnid":"3","isall":"0"}, appName=com.hisense.webcast}
07-05 20:23:55.302 I/art     (25977): Background sticky concurrent mark sweep GC freed 64985(2MB) AllocSpace objects, 16(256KB) LOS objects, 5% free, 34MB/36MB, paused 9.149ms total 239.471ms
07-05 20:23:55.342 W/System.err(25977): java.net.ConnectException: failed to connect to /10.18.210.112 (port 8900) after 6000ms: isConnected failed: ECONNREFUSED (Connection refused)
07-05 20:23:55.349 W/System.err(25977): 	at libcore.io.IoBridge.isConnected(IoBridge.java:238)
07-05 20:23:55.349 W/System.err(25977): 	at libcore.io.IoBridge.connectErrno(IoBridge.java:171)
07-05 20:23:55.349 W/System.err(25977): 	at libcore.io.IoBridge.connect(IoBridge.java:122)
07-05 20:23:55.349 W/System.err(25977): 	at java.net.PlainSocketImpl.connect(PlainSocketImpl.java:183)
07-05 20:23:55.349 W/System.err(25977): 	at java.net.PlainSocketImpl.connect(PlainSocketImpl.java:456)
07-05 20:23:55.349 W/System.err(25977): 	at java.net.Socket.connect(Socket.java:882)
07-05 20:23:55.349 W/System.err(25977): 	at com.android.okhttp.internal.Platform.connectSocket(Platform.java:174)
07-05 20:23:55.349 W/System.err(25977): 	at com.android.okhttp.Connection.connect(Connection.java:152)
07-05 20:23:55.349 W/System.err(25977): 	at com.android.okhttp.internal.http.HttpEngine.connect(HttpEngine.java:276)
07-05 20:23:55.349 W/System.err(25977): 	at com.android.okhttp.internal.http.HttpEngine.sendRequest(HttpEngine.java:211)
07-05 20:23:55.349 W/System.err(25977): 	at com.android.okhttp.internal.http.HttpURLConnectionImpl.execute(HttpURLConnectionImpl.java:382)
07-05 20:23:55.349 W/System.err(25977): 	at com.android.okhttp.internal.http.HttpURLConnectionImpl.connect(HttpURLConnectionImpl.java:106)
07-05 20:23:55.349 W/System.err(25977): 	at com.hisense.hitv.hicloud.util.ExceptionReport.a(ExceptionReport.java:337)
07-05 20:23:55.349 W/System.err(25977): 	at com.hisense.hitv.hicloud.util.ExceptionReport.a(ExceptionReport.java:39)
07-05 20:23:55.349 W/System.err(25977): 	at com.hisense.hitv.hicloud.util.ExceptionReport$1.run(ExceptionReport.java:83)
07-05 20:23:55.349 W/System.err(25977): 	at java.lang.Thread.run(Thread.java:818)
07-05 20:23:55.349 W/System.err(25977): Caused by: android.system.ErrnoException: isConnected failed: ECONNREFUSED (Connection refused)
07-05 20:23:55.349 W/System.err(25977): 	at libcore.io.IoBridge.isConnected(IoBridge.java:223)
07-05 20:23:55.350 W/System.err(25977): 	... 15 more
07-05 20:23:55.359 I/MyFragmentStateAdapter(25977): getCount
07-05 20:23:55.384 I/Choreographer( 3457): Skipped 133 frames!  The application may be doing too much work on its main thread.
07-05 20:23:55.430 I/MyFragmentStateAdapter(25977): getCount
07-05 20:23:55.470 I/MiSysSrv( 1214): [37m[INFO] Change to Voltage: 117 mv (0x32)[m
07-05 20:23:55.485 I/MyFragmentStateAdapter(25977): getCount
07-05 20:23:55.519 I/MyFragmentStateAdapter(25977): getCount
07-05 20:23:55.525 I/NetflixMonitorService( 1733): current fgapk : com.hisense.hicloud.edca
07-05 20:23:55.525 I/NetflixMonitorService( 1733): Netflix status unchanged
07-05 20:23:55.565 I/TVMW@HsTvSetting( 1234): Trace cmd, data = 0x1058
07-05 20:23:55.568 D/til@system( 2026): til_get_system_param option:100002F int:0, bool:0, ret:0
07-05 20:23:55.568 I/TVMW@HsTvSetting( 1234): Trace cmd, data = 0x101f
07-05 20:23:55.569 D/til@system( 2026): til_get_system_param option:100001D int:3, bool:3, ret:0
07-05 20:23:55.569 E/til     ( 2026): [til_get_current_input_source, 101] 
07-05 20:23:55.570 I/TVMW@HsTvSetting( 1234): Trace cmd, data = 0x7007
07-05 20:23:55.570 I/tilwrapper@sm( 2026): HS2TIL_SourceType *hs=0xd, *til=0x900
07-05 20:23:55.570 D/til     ( 2026): get current source 2304
07-05 20:23:55.570 D/SourceRemoteServiceHandler( 2026): getCurrentInputSource.from.til.result is 0, value is 2304
07-05 20:23:55.570 D/SourceRemoteServiceHandler( 2026): getInputSourceType source: 0x900, type=2304
07-05 20:23:55.570 D/til     ( 2026): ###### func:til_get_picture_param option:0x3000006 ######  
07-05 20:23:55.570 I/TVMW@HsTvSetting( 1234): Trace cmd, data = 0x1003
07-05 20:23:55.570 I/TVMW@HsTvSetting( 1234): Trace cmd, data = 0x8032
07-05 20:23:55.570 I/hstvos  ( 1216): [0m[1;33m[HSHAL][HS_VIDEO][HS_HAL_Video_SetOsdDetect_v2][2389]u16Threshold = 20
07-05 20:23:55.571 E/TVMW@videoctrl( 1234):  getOsd is 1
07-05 20:23:55.571 D/til@system( 2026): til_get_system_param option:1000027 int:1, bool:1, ret:0
07-05 20:23:55.571 D/til     ( 2026): ###### func:til_get_picture_param option:0x3000045 ######  
07-05 20:23:55.571 I/TVMW@HsTvSetting( 1234): Trace cmd, data = 0x300c
07-05 20:23:55.571 I/TVMW@HsTvSetting( 1234): Trace 3d, data = 0x300c
07-05 20:23:55.571 I/TVMW@3d ( 1234): Hs_debug3d_trace: func:get3dStatus, line:109
07-05 20:23:55.577 I/MiSysSrv( 1214): [37m[INFO] Change to Voltage: 112 mv (0x2D)[m
07-05 20:23:55.578 D/DtvSourcePlugin-DVBC( 2628): Setting the EPG Updater state to: WAIT
07-05 20:23:55.644 I/MyFragmentStateAdapter(25977): getCount
07-05 20:23:55.672 I/MyFragmentStateAdapter(25977): getCount
07-05 20:23:55.709 I/MyFragmentStateAdapter(25977): getCount
07-05 20:23:55.750 I/MyFragmentStateAdapter(25977): getCount
07-05 20:23:55.754 I/art     (25943): Background sticky concurrent mark sweep GC freed 12348(655KB) AllocSpace objects, 0(0B) LOS objects, 40% free, 997KB/1681KB, paused 5.061ms total 17.873ms
07-05 20:23:55.767 D/MC_MEMORY(17185): max: 256.261888 Mb, heap: 10.10798 Mb, allocated: 10.10304 Mb, free: 0.493 Mb, native heap: 12.12276 Mb, native allocated: 8.8354 Mb, native free: 3.3922 Mb
07-05 20:23:55.789 I/MyFragmentStateAdapter(25977): getCount
07-05 20:23:55.814 I/MyFragmentStateAdapter(25977): getCount
07-05 20:23:55.839 I/MyFragmentStateAdapter(25977): getCount
07-05 20:23:55.865 D/PowerManagerService( 1733): acquireWakeLockInternal: lock=113832109, flags=0x1, tag="NetworkStats", ws=null, uid=1000, pid=1733
07-05 20:23:55.865 D/PowerManagerNotifier( 1733): onWakeLockAcquired: flags=1, tag="NetworkStats", packageName=android, ownerUid=1000, ownerPid=1733, workSource=null
07-05 20:23:55.866 D/NtpTrustedTime( 1733): currentTimeMillis() cache hit
07-05 20:23:55.870 I/MiSysSrv( 1214): [37m[INFO] Change to Voltage: 107 mv (0x28)[m
07-05 20:23:55.876 D/NtpTrustedTime( 1733): currentTimeMillis() cache hit
07-05 20:23:55.879 D/PowerManagerService( 1733): releaseWakeLockInternal: lock=113832109 [NetworkStats], flags=0x0
07-05 20:23:55.879 D/PowerManagerNotifier( 1733): onWakeLockReleased: flags=1, tag="NetworkStats", packageName=android, ownerUid=1000, ownerPid=1733, workSource=null
07-05 20:23:55.880 D/NtpTrustedTime( 1733): currentTimeMillis() cache hit
07-05 20:23:55.880 D/NtpTrustedTime( 1733): currentTimeMillis() cache hit
07-05 20:23:55.910 I/TVMW@devctrl( 1234): wdt
07-05 20:23:55.946 D/GlobalInputEventMonitoringService( 1733): interceptKeyBeforeQueueing(), event:22, mNeedMonitorKeyEvent:true, mWaitForKeyUpEvent:false
07-05 20:23:55.946 D/GlobalInputEventMonitoringService( 1733): processKeyEvent(), processKeyEvent event:22
07-05 20:23:55.948 D/WindowManager( 1733): interceptKeyTq keycode=22 interactive=true keyguardActive=false policyFlags=2b000000 isCancled= false
07-05 20:23:55.949 D/PowerManagerService( 1733): userActivityNoUpdateLocked: eventTime=6277516, event=1, flags=0x0, uid=1000
07-05 20:23:55.949 D/WindowManager( 1733): interceptKeyTi keyCode=22 down=true repeatCount=0 keyguardOn=false mHomePressed=false canceled=false
07-05 20:23:55.949 D/WindowManager( 1733): Hisense systemkey event: 22
07-05 20:23:55.949 D/HisenseGlobalKeyManager( 1733): handleGlobalKey() : Global event = KeyEvent { action=ACTION_DOWN, keyCode=KEYCODE_DPAD_RIGHT, scanCode=0, metaState=0, flags=0x0, repeatCount=0, eventTime=6277516, downTime=6277516, deviceId=-1, source=0x101 }
07-05 20:23:55.969 I/MiSysSrv( 1214): [37m[INFO] Change to Voltage: 102 mv (0x23)[m
07-05 20:23:55.975 D/SogouIME( 2203): [onKeyDown] keycode = 22 model = VIDAA_TV
07-05 20:23:55.980 D/Carousel-CarouselDisplayPlayerLayout(25977): HasFocus:false,keyCode:22
07-05 20:23:55.980 D/Carousel-CarouselDisplayPlayerLayout(25977): isFullScreen:false
07-05 20:23:55.980 I/HomeMainActivity(25977): carousel handle key:false
07-05 20:23:55.980 I/MainHomeView(25977): dispatchKeyEvent ACTION_DOWN now 
07-05 20:23:55.981 I/TabView (25977): onKeyListener() ACTION_DOWN keyCode -- 22
07-05 20:23:55.981 I/SoftFragmentList(25977): fetchCacheFragment  enter ---- index = 2
07-05 20:23:55.981 D/SoftFragmentList(25977): fetchCacheFragment  mFragmentCache.size() = 3
07-05 20:23:55.981 D/SoftFragmentList(25977): fetchCacheFragment mLastIndex = 2, view = 
07-05 20:23:55.981 I/BaseContentFragment(25977): initChildFocustrue,recyclerview=com.hisense.leanback.widget.VerticalGridView{3427f275 VFED.... ........ 0,0-1768,1080 #7f0d02c8 app:id/recyclerview_content}====---mIsVisibleToUser:true-------
07-05 20:23:55.982 D/til@system( 2026): til_get_system_param option:1000007 int:-1815633792, bool:128, ret:0
07-05 20:23:55.983 D/til@system( 2026): til_get_system_param option:1000009 int:-1936525184, bool:128, ret:0
07-05 20:23:55.985 D/til@system( 2026): til_get_system_param option:1000008 int:-1936523008, bool:0, ret:0
07-05 20:23:55.986 D/HiSDKLogReport(25977): getOperationDetail-productName : LED50MU8600UC
07-05 20:23:55.986 D/HiSDKLogReport(25977): getOperationDetail-plmNumber : 88888
07-05 20:23:55.986 D/HiSDKLogReport(25977): getOperationDetail-swVersion : V0000.00.01A
07-05 20:23:55.986 D/HiSDKLogReport(25977): getOperationDetail-operationDetail : LED50MU8600UC0000888
07-05 20:23:55.986 D/HiSDKLogReport(25977): businessLogReport-log : {eventType=232, APPVersionName=3.0.0.9.00, devid=86100300900000500000060a4818fca8, rowid=-1, uuid=13287129, APIversion=501, eventcode=232000, logversion=2.0, columnid=-1, devType=0, eventPos=000, groupid=-1, ChannelId=0, version=00.002.003, subscriberId=13287129, PFAPPCode=652, tabid=0, softwareVersion=LED50MU8600UC0000888, srceventcode=201000, mac=a8:a6:48:18:fc:a8, accessToken=72DF6038D2AEAB8A76DFBBBBCC428A4A_004081674333872, srctabid=0, APPPackage=com.hisense.hicloud.edca, sessionid=2846b6f285a04be7990519748ef94e20, requesttime=1499257435986, customerId=7195320, model_id=0, requestid=cee0b47596bb4f24a0e9565a855b977f, tv_distribute_id=00, APIVersion=600, issysrepo=0}
07-05 20:23:55.987 D/BaseContentFragment(25977): initChildFocus firstlineview===>:com.hisense.tvui.newhome.view.SpecialFirstView{1c2db185 V.E..... ........ 10,185-1748,691}
07-05 20:23:55.987 D/setHistoryRequestFocus(25977): ===>false
07-05 20:23:55.987 I/FirstlineLayoutManager(25977): left=0,width=1738,scroll Distance=-1488
07-05 20:23:55.987 I/BaseContentFragment(25977): setRowViewSelectedViewHolder{2ef72cd2 position=0 id=-1, oldPos=-1, pLpos:-1},isSelectedfalse
07-05 20:23:55.987 I/BaseContentFragment(25977): setRowViewSelectedViewHolder{24b3c1c9 position=1 id=-1, oldPos=-1, pLpos:-1},isSelectedtrue
07-05 20:23:55.987 I/RoleContentFragment(25977): onChildSelected:1,lastPos=0
07-05 20:23:56.000 I/TabView (25977): onfocuschange:false
07-05 20:23:56.002 D/TabView (25977): icon---:2
07-05 20:23:56.002 E/TabView (25977): 
07-05 20:23:56.003 W/System.err(25977): java.net.ConnectException: failed to connect to /10.18.210.112 (port 8900) after 6000ms: isConnected failed: ECONNREFUSED (Connection refused)
07-05 20:23:56.003 W/System.err(25977): 	at libcore.io.IoBridge.isConnected(IoBridge.java:238)
07-05 20:23:56.003 W/System.err(25977): 	at libcore.io.IoBridge.connectErrno(IoBridge.java:171)
07-05 20:23:56.003 W/System.err(25977): 	at libcore.io.IoBridge.connect(IoBridge.java:122)
07-05 20:23:56.004 W/System.err(25977): 	at java.net.PlainSocketImpl.connect(PlainSocketImpl.java:183)
07-05 20:23:56.004 W/System.err(25977): 	at java.net.PlainSocketImpl.connect(PlainSocketImpl.java:456)
07-05 20:23:56.004 W/System.err(25977): 	at java.net.Socket.connect(Socket.java:882)
07-05 20:23:56.004 W/System.err(25977): 	at com.android.okhttp.internal.Platform.connectSocket(Platform.java:174)
07-05 20:23:56.004 W/System.err(25977): 	at com.android.okhttp.Connection.connect(Connection.java:152)
07-05 20:23:56.004 W/System.err(25977): 	at com.android.okhttp.internal.http.HttpEngine.connect(HttpEngine.java:276)
07-05 20:23:56.004 W/System.err(25977): 	at com.android.okhttp.internal.http.HttpEngine.sendRequest(HttpEngine.java:211)
07-05 20:23:56.004 W/System.err(25977): 	at com.android.okhttp.internal.http.HttpURLConnectionImpl.execute(HttpURLConnectionImpl.java:382)
07-05 20:23:56.004 W/System.err(25977): 	at com.android.okhttp.internal.http.HttpURLConnectionImpl.connect(HttpURLConnectionImpl.java:106)
07-05 20:23:56.004 W/System.err(25977): 	at com.hisense.hitv.hicloud.util.ExceptionReport.a(ExceptionReport.java:337)
07-05 20:23:56.004 W/System.err(25977): 	at com.hisense.hitv.hicloud.util.ExceptionReport.a(ExceptionReport.java:39)
07-05 20:23:56.004 W/System.err(25977): 	at com.hisense.hitv.hicloud.util.ExceptionReport$1.run(ExceptionReport.java:83)
07-05 20:23:56.004 W/System.err(25977): 	at java.lang.Thread.run(Thread.java:818)
07-05 20:23:56.004 W/System.err(25977): Caused by: android.system.ErrnoException: isConnected failed: ECONNREFUSED (Connection refused)
07-05 20:23:56.004 W/System.err(25977): 	at libcore.io.IoBridge.isConnected(IoBridge.java:223)
07-05 20:23:56.004 W/System.err(25977): 	... 15 more
07-05 20:23:56.007 D/HttpHandler(25977): VerifySignInterCeptor-->request.url()=http://picture.edu.hismarttv.com/images/20170628121925625089.png
07-05 20:23:56.007 D/HttpHandler(25977): VerifySignInterCeptor-->hostname=picture.edu.hismarttv.com
07-05 20:23:56.009 D/OkHttp  (25977): --> GET http://picture.edu.hismarttv.com/images/20170628121925625089.png http/1.1
07-05 20:23:56.009 D/OkHttp  (25977): Host: picture.edu.hismarttv.com
07-05 20:23:56.009 D/OkHttp  (25977): Connection: Keep-Alive
07-05 20:23:56.009 D/OkHttp  (25977): Accept-Encoding: gzip
07-05 20:23:56.009 D/OkHttp  (25977): User-Agent: okhttp/3.6.0
07-05 20:23:56.009 D/OkHttp  (25977): --> END GET
07-05 20:23:56.012 D/CommonHeader(25977): onTabStatusChanged tabstatus===>:40000
07-05 20:23:56.019 D/OkHttp  (25977): <-- 200 OK http://picture.edu.hismarttv.com/images/20170628121925625089.png (10ms)
07-05 20:23:56.019 D/OkHttp  (25977): Date: Tue, 04 Jul 2017 02:30:14 GMT
07-05 20:23:56.019 D/OkHttp  (25977): Server: nginx
07-05 20:23:56.019 D/OkHttp  (25977): Content-Type: image/png
07-05 20:23:56.019 D/OkHttp  (25977): Content-Length: 3689
07-05 20:23:56.019 D/OkHttp  (25977): Last-Modified: Wed, 28 Jun 2017 12:19:25 GMT
07-05 20:23:56.019 D/OkHttp  (25977): ETag: "59539ecd-e69"
07-05 20:23:56.019 D/OkHttp  (25977): Accept-Ranges: bytes
07-05 20:23:56.019 D/OkHttp  (25977): Age: 122022
07-05 20:23:56.019 D/OkHttp  (25977): Via: 1.1 jnwt241:0 (Cdn Cache Server V2.0)[13 200 0], 1.1 anwangtong101:2 (Cdn Cache Server V2.0)[0 200 0]
07-05 20:23:56.019 D/OkHttp  (25977): Connection: keep-alive
07-05 20:23:56.019 D/OkHttp  (25977): <-- END HTTP
07-05 20:23:56.024 D/GlobalInputEventMonitoringService( 1733): interceptKeyBeforeQueueing(), event:22, mNeedMonitorKeyEvent:true, mWaitForKeyUpEvent:false
07-05 20:23:56.024 D/HttpHandler(25977): RetryIntercepter-->retryNum=0
07-05 20:23:56.024 D/GlobalInputEventMonitoringService( 1733): processKeyEvent(), processKeyEvent event:22
07-05 20:23:56.024 D/WindowManager( 1733): interceptKeyTq keycode=22 interactive=true keyguardActive=false policyFlags=2b000000 isCancled= false
07-05 20:23:56.024 D/HttpHandler(25977): RetryIntercepter-->backoffmutiplier=0
07-05 20:23:56.024 D/WindowManager( 1733): interceptKeyTi keyCode=22 down=false repeatCount=0 keyguardOn=false mHomePressed=false canceled=false
07-05 20:23:56.024 D/WindowManager( 1733): Hisense systemkey event: 22
07-05 20:23:56.024 D/HisenseGlobalKeyManager( 1733): handleGlobalKey() : Global event = KeyEvent { action=ACTION_UP, keyCode=KEYCODE_DPAD_RIGHT, scanCode=0, metaState=0, flags=0x0, repeatCount=0, eventTime=6277516, downTime=6277516, deviceId=-1, source=0x101 }
07-05 20:23:56.026 D/TabView (25977): 
07-05 20:23:56.027 D/TabView (25977): 
07-05 20:23:56.029 D/TabView (25977): 
07-05 20:23:56.030 D/TabView (25977): 
07-05 20:23:56.033 D/TabView (25977): 
07-05 20:23:56.036 D/TabView (25977): 
07-05 20:23:56.038 D/TabView (25977): 
07-05 20:23:56.039 D/TabView (25977): 
07-05 20:23:56.040 D/TabView (25977): 
07-05 20:23:56.042 D/TabView (25977): 
07-05 20:23:56.043 D/TabView (25977): 
07-05 20:23:56.044 D/TabView (25977): 
07-05 20:23:56.045 D/TabView (25977): 
07-05 20:23:56.046 D/TabView (25977): 
07-05 20:23:56.047 D/TabView (25977): 
07-05 20:23:56.048 D/TabView (25977): 
07-05 20:23:56.050 I/MyFragmentStateAdapter(25977): getCount
07-05 20:23:56.050 I/MyFragmentStateAdapter(25977): getCount
07-05 20:23:56.051 D/TabView (25977): 
07-05 20:23:56.051 D/TabView (25977): 
07-05 20:23:56.052 D/TabView (25977): 
07-05 20:23:56.053 D/TabView (25977): 
07-05 20:23:56.054 D/TabView (25977): 
07-05 20:23:56.054 D/TabView (25977): 
07-05 20:23:56.055 D/TabView (25977): 
07-05 20:23:56.056 D/TabView (25977): 
07-05 20:23:56.057 D/TabView (25977): 
07-05 20:23:56.059 D/HttpHandler(25977): VerifySignInterCeptor-->request.url()=http://picture.edu.hismarttv.com/images/20170628111917742483.png
07-05 20:23:56.059 D/HttpHandler(25977): VerifySignInterCeptor-->hostname=picture.edu.hismarttv.com
07-05 20:23:56.059 D/TabView (25977): 
07-05 20:23:56.060 D/HttpHandler(25977): RetryIntercepter-->retryNum=0
07-05 20:23:56.060 D/HttpHandler(25977): RetryIntercepter-->backoffmutiplier=0
07-05 20:23:56.060 D/TabView (25977): 
07-05 20:23:56.061 D/TabView (25977): 
07-05 20:23:56.062 D/TabView (25977): 
07-05 20:23:56.063 D/TabView (25977): 
07-05 20:23:56.064 D/TabView (25977): 
07-05 20:23:56.065 D/TabView (25977): 
07-05 20:23:56.066 I/MyFragmentStateAdapter(25977): getCount
07-05 20:23:56.066 I/MyFragmentStateAdapter(25977): getCount
07-05 20:23:56.071 I/TabView (25977): onScroll:,firstItem=0,visibleCount=6,totalCount=10
07-05 20:23:56.073 I/TVMW@HsTvSetting( 1234): Trace cmd, data = 0x1058
07-05 20:23:56.073 D/til@system( 2026): til_get_system_param option:100002F int:0, bool:0, ret:0
07-05 20:23:56.074 I/TVMW@HsTvSetting( 1234): Trace cmd, data = 0x101f
07-05 20:23:56.074 D/til@system( 2026): til_get_system_param option:100001D int:3, bool:3, ret:0
07-05 20:23:56.074 E/til     ( 2026): [til_get_current_input_source, 101] 
07-05 20:23:56.075 I/TVMW@HsTvSetting( 1234): Trace cmd, data = 0x7007
07-05 20:23:56.076 I/tilwrapper@sm( 2026): HS2TIL_SourceType *hs=0xd, *til=0x900
07-05 20:23:56.076 D/til     ( 2026): get current source 2304
07-05 20:23:56.078 D/Carousel-CarouselView(25977): ============>onScrollChanged hashCode:558015189
07-05 20:23:56.078 D/Carousel-CarouselDisplayPlayerLayout(25977): isFullScreen:false
07-05 20:23:56.079 D/SourceRemoteServiceHandler( 2026): getCurrentInputSource.from.til.result is 0, value is 2304
07-05 20:23:56.079 D/SourceRemoteServiceHandler( 2026): getInputSourceType source: 0x900, type=2304
07-05 20:23:56.079 D/til     ( 2026): ###### func:til_get_picture_param option:0x3000006 ######  
07-05 20:23:56.079 I/TVMW@HsTvSetting( 1234): Trace cmd, data = 0x1003
07-05 20:23:56.080 I/TVMW@HsTvSetting( 1234): Trace cmd, data = 0x8032
07-05 20:23:56.080 I/hstvos  ( 1216): [0m[1;33m[HSHAL][HS_VIDEO][HS_HAL_Video_SetOsdDetect_v2][2389]u16Threshold = 20
07-05 20:23:56.080 E/TVMW@videoctrl( 1234):  getOsd is 1
07-05 20:23:56.081 D/til@system( 2026): til_get_system_param option:1000027 int:1, bool:1, ret:0
07-05 20:23:56.081 D/til     ( 2026): ###### func:til_get_picture_param option:0x3000045 ######  
07-05 20:23:56.081 I/TVMW@HsTvSetting( 1234): Trace cmd, data = 0x300c
07-05 20:23:56.081 I/TVMW@HsTvSetting( 1234): Trace 3d, data = 0x300c
07-05 20:23:56.081 I/TVMW@3d ( 1234): Hs_debug3d_trace: func:get3dStatus, line:109
07-05 20:23:56.081 I/MainHomeView(25977): onPanelSlide0.55725193---left225
07-05 20:23:56.082 I/CurrentCarouselView(25977): onCarouseControlCarouselControlBean{mShoudScroll=true, mActivityHasResume=false, mActivityHasStop=false, mHasTurnGone=false, mHasTurnVisible=false, mChannelId=-1, mSlideOffset=0.55725193, mShouldSelectCenter=false, mTabOpen=false, mHoriPosStatus=None, mVerPosStatus=None, mLevelStatus=None},isPlayingtrue,channelId=0
07-05 20:23:56.082 I/CurrentCarouselView(25977): is not the current page
07-05 20:23:56.082 I/CurrentCarouselView(25977): do scroll
07-05 20:23:56.082 D/Carousel-CarouselView(25977): smoothScroll.
07-05 20:23:56.082 D/Carousel-CarouselDisplayPlayerLayout(25977): isFullScreen:false
07-05 20:23:56.082 D/TabView (25977): onReceiveSlidingOffset ===>:0.55725193
07-05 20:23:56.086 I/MyFragmentStateAdapter(25977): getCount
07-05 20:23:56.101 I/MainHomeView(25977): onPanelSlide0.4351145---left209
07-05 20:23:56.101 I/CurrentCarouselView(25977): onCarouseControlCarouselControlBean{mShoudScroll=true, mActivityHasResume=false, mActivityHasStop=false, mHasTurnGone=false, mHasTurnVisible=false, mChannelId=-1, mSlideOffset=0.4351145, mShouldSelectCenter=false, mTabOpen=false, mHoriPosStatus=None, mVerPosStatus=None, mLevelStatus=None},isPlayingtrue,channelId=0
07-05 20:23:56.101 I/CurrentCarouselView(25977): is not the current page
07-05 20:23:56.101 I/CurrentCarouselView(25977): do scroll
07-05 20:23:56.101 D/Carousel-CarouselView(25977): smoothScroll.
07-05 20:23:56.101 D/Carousel-CarouselDisplayPlayerLayout(25977): isFullScreen:false
07-05 20:23:56.101 D/TabView (25977): onReceiveSlidingOffset ===>:0.4351145
07-05 20:23:56.112 D/Carousel-CarouselDisplayPlayerLayout(25977): x=437, y=167,w=892,h=536, hashCode=267953542
07-05 20:23:56.112 D/Carousel-CarouselDisplayPlayerLayout(25977): mX=511, mY=167,mWitdh=892,mHeight=536, hashCode=267953542
07-05 20:23:56.112 D/Carousel-CarouselDisplayPlayerLayout(25977): changed=true, hashCode=267953542
07-05 20:23:56.113 D/Carousel-Utils(25977): x=437,y=167, width=892,height=536
07-05 20:23:56.113 D/Carousel-CarouselDisplayPlayerLayout(25977): isFullScreen:false
07-05 20:23:56.113 D/Carousel-CarouselView(25977): ===========>onScrollStart
07-05 20:23:56.114 D/Carousel-Utils(25977): displayImage view=android.widget.ImageView{1cb6b478 I.ED.... ......ID 0,0-816,460 #7f0d0029 app:id/imageView1}
07-05 20:23:56.114 D/Carousel-Utils(25977): displayImage url=http://picture.edu.hismarttv.com/images/20170629010146422927.jpg
07-05 20:23:56.115 D/Carousel-Utils(25977): onResourceReady.
07-05 20:23:56.120 D/Carousel-Utils(25977): displayImage view=android.widget.ImageView{2eece66b I.ED.... ........ 0,0-816,460 #7f0d0029 app:id/imageView1}
07-05 20:23:56.120 D/Carousel-Utils(25977): displayImage url=http://picture.edu.hismarttv.com/images/20170629010146422927.jpg
07-05 20:23:56.120 D/Carousel-Utils(25977): onResourceReady.
07-05 20:23:56.124 D/Carousel-CarouselDisplayPlayerLayout(25977): x=437, y=167,w=892,h=536, hashCode=267953542
07-05 20:23:56.124 D/Carousel-CarouselDisplayPlayerLayout(25977): mX=437, mY=167,mWitdh=892,mHeight=536, hashCode=267953542
07-05 20:23:56.124 D/Carousel-CarouselDisplayPlayerLayout(25977): changed=false, hashCode=267953542
07-05 20:23:56.124 D/Carousel-CarouselDisplayPlayerLayout(25977): extraTryCount=0
07-05 20:23:56.127 V/InputMethodService( 2203): startInput(): editor=android.view.inputmethod.EditorInfo@32dad6c
07-05 20:23:56.127 V/InputMethodService( 2203): CALL: onFinishInput
07-05 20:23:56.132 E/SOGOUIME_JNI( 2203): reset
07-05 20:23:56.133 E/SOGOUIME_JNI( 2203): getCandidates
07-05 20:23:56.134 E/SOGOUIME_JNI( 2203): ime_get_uncommitted_length
07-05 20:23:56.135 E/SOGOUIME_JNI( 2203): getCandidates
07-05 20:23:56.135 D/SogouIME API( 2203): ==============num:32
07-05 20:23:56.135 E/SOGOUIME_JNI( 2203): ime_get_uncommitted_length
07-05 20:23:56.135 D/SogouIME( 2203): mFocusedComponent:30   isHkbEnable:false
07-05 20:23:56.135 E/SOGOUIME_JNI( 2203): ime_get_uncommitted_length
07-05 20:23:56.135 E/SOGOUIME_JNI( 2203): ime_get_committed_length
07-05 20:23:56.135 E/SOGOUIME_JNI( 2203): getComposingInfo
07-05 20:23:56.135 E/SOGOUIME_JNI( 2203): getComposingInfo
07-05 20:23:56.135 E/SOGOUIME_JNI( 2203): getCorrectInfo
07-05 20:23:56.136 E/SOGOUIME_JNI( 2203): getComposingInfo
07-05 20:23:56.139 V/InputMethodService( 2203): CALL: onStartInput
07-05 20:23:56.139 E/SOGOUIME_JNI( 2203): invalidateCommitWordPinyinNative
07-05 20:23:56.139 D/SogouIME( 2203): =====configKeyboard=======:false     false
07-05 20:23:56.139 E/SOGOUIME_JNI( 2203): ime_set_hard_kb_enable
07-05 20:23:56.170 I/MiSysSrv( 1214): [37m[INFO] Change to Voltage: 102 mv (0x23)[m
07-05 20:23:56.187 D/Carousel-CarouselDisplayPlayerLayout(25977): HasFocus:false,keyCode:22
07-05 20:23:56.187 D/Carousel-CarouselDisplayPlayerLayout(25977): isFullScreen:false
07-05 20:23:56.187 I/HomeMainActivity(25977): carousel handle key:false
07-05 20:23:56.189 I/MyFragmentStateAdapter(25977): getCount
07-05 20:23:56.189 I/MyFragmentStateAdapter(25977): getCount
07-05 20:23:56.189 I/MyFragmentStateAdapter(25977): getCount
07-05 20:23:56.189 I/MyFragmentStateAdapter(25977): getCount
07-05 20:23:56.189 I/Carousel-UrlVideoView(25977): onMeasure(MeasureSpec: EXACTLY 816, Me