07-06 00:59:44.696 D/CLog    (18204): Hardware	: Muji
07-06 00:59:44.696 D/CLog    (18204): Revision	: 0000
07-06 00:59:44.696 D/CLog    (18204): Serial		: 0000000000000000
07-06 00:59:44.696 D/CLog    (18204): 
07-06 00:59:44.696 D/CLog    (18204): cpuinfo hardware is Muji
07-06 00:59:44.698 D/TVWhiteList(18204): requested URL key = tv-{model-[VIDAA_TV]|cpuinfo-[Muji]}, default = tv-{cpuinfo-[Muji]}, productname-[VIDAA_TV]
07-06 00:59:44.699 D/TVWhiteList(18204): requested URL = http://puma.api.ptqy.gitv.tv/kestrel/fetch?key=tv-%7Bmodel-%5BVIDAA_TV%5D%7Ccpuinfo-%5BMuji%5D%7D&default_key=tv-%7Bcpuinfo-%5BMuji%5D%7D
07-06 00:59:44.699 I/NuCachedSource2( 1206): new range: offset= 218840569
07-06 00:59:44.699 I/NuCachedSource2( 1206): seekInternal_l ---- totalSize: 1703936
07-06 00:59:44.699 D/MediaHTTPConnection(18204): offset = 218840569, mCurrentOffset = 1703936
07-06 00:59:44.699 D/MediaHTTPConnection(18204): seekTo 218840569
07-06 00:59:44.699 D/MediaHTTPConnection(18204): teardownConnection
07-06 00:59:44.701 D/TVWhiteList(18204): WhiteList server IP: 101.227.32.28
07-06 00:59:44.752 W/System.err(18204): com.qiyi.video.api.ApiException
07-06 00:59:44.754 W/System.err(18204): 	at com.qiyi.tvapi.tv2.a$3.onSuccess(SourceFile:204)
07-06 00:59:44.754 W/System.err(18204): 	at com.qiyi.video.api.a.d.b(SourceFile:105)
07-06 00:59:44.754 W/System.err(18204): 	at com.qiyi.video.api.a.d.a(SourceFile:129)
07-06 00:59:44.754 W/System.err(18204): 	at com.qiyi.tvapi.tv2.a$1.a(SourceFile:102)
07-06 00:59:44.754 W/System.err(18204): 	at com.qiyi.tvapi.tv2.b.c.a(SourceFile:155)
07-06 00:59:44.754 W/System.err(18204): 	at com.qiyi.tvapi.tv2.a.a(SourceFile:95)
07-06 00:59:44.754 W/System.err(18204): 	at com.qiyi.tvapi.tv2.a.callSync(SourceFile:54)
07-06 00:59:44.754 W/System.err(18204): 	at com.qiyi.sdk.plugin.server.upgrade.UpgradeManager.checkUpgrades(SourceFile:60)
07-06 00:59:44.754 W/System.err(18204): 	at com.qiyi.sdk.plugin.server.core.PluginHelper$TimerHandler.checkAllUpgrade(SourceFile:362)
07-06 00:59:44.754 W/System.err(18204): 	at com.qiyi.sdk.plugin.server.core.PluginHelper$TimerHandler.handleMessage(SourceFile:339)
07-06 00:59:44.754 W/System.err(18204): 	at android.os.Handler.dispatchMessage(Handler.java:102)
07-06 00:59:44.754 W/System.err(18204): 	at android.os.Looper.loop(Looper.java:135)
07-06 00:59:44.754 W/System.err(18204): 	at android.os.HandlerThread.run(HandlerThread.java:61)
07-06 00:59:44.754 W/UpgradeManager(18204): moduleUpdate() onException!! exception=com.qiyi.video.api.ApiException
07-06 00:59:44.754 I/System.out(18204): <TVAPI> ERROR(id=2, moduleUpdate, response_time = 193ms): call error. data = {"msg":"\nE000012","code":"E000012","data":[]}
07-06 00:59:44.755 W/System.err(18204): com.qiyi.video.api.ApiException
07-06 00:59:44.755 W/System.err(18204): 	at com.qiyi.tvapi.tv2.a$3.onSuccess(SourceFile:204)
07-06 00:59:44.755 W/System.err(18204): 	at com.qiyi.video.api.a.d.b(SourceFile:105)
07-06 00:59:44.755 W/System.err(18204): 	at com.qiyi.video.api.a.d.a(SourceFile:129)
07-06 00:59:44.755 W/System.err(18204): 	at com.qiyi.tvapi.tv2.a$1.a(SourceFile:102)
07-06 00:59:44.755 W/System.err(18204): 	at com.qiyi.tvapi.tv2.b.c.a(SourceFile:155)
07-06 00:59:44.755 W/System.err(18204): 	at com.qiyi.tvapi.tv2.a.a(SourceFile:95)
07-06 00:59:44.755 W/System.err(18204): 	at com.qiyi.tvapi.tv2.a.callSync(SourceFile:54)
07-06 00:59:44.755 W/System.err(18204): 	at com.qiyi.sdk.plugin.server.upgrade.UpgradeManager.checkUpgrades(SourceFile:60)
07-06 00:59:44.755 W/System.err(18204): 	at com.qiyi.sdk.plugin.server.core.PluginHelper$TimerHandler.checkAllUpgrade(SourceFile:362)
07-06 00:59:44.755 W/System.err(18204): 	at com.qiyi.sdk.plugin.server.core.PluginHelper$TimerHandler.handleMessage(SourceFile:339)
07-06 00:59:44.755 W/System.err(18204): 	at android.os.Handler.dispatchMessage(Handler.java:102)
07-06 00:59:44.755 W/System.err(18204): 	at android.os.Looper.loop(Looper.java:135)
07-06 00:59:44.755 W/System.err(18204): 	at android.os.HandlerThread.run(HandlerThread.java:61)
07-06 00:59:44.755 W/PluginHelper(18204): checkAllUpgrade>>() return true
07-06 00:59:44.755 W/StorageManager(18204): loadLastUpgradeTime<<(upgradeTime=1499273984557)
07-06 00:59:44.755 W/StorageStub@193d3924(18204): saveLastUpgradeTime<<(upgradeTime=1499273984557)
07-06 00:59:44.758 W/StorageStub@193d3924(18204): saveLastUpgradeTime>>()
07-06 00:59:44.758 W/StorageManager(18204): loadLastUpgradeTime>>()
07-06 00:59:44.759 I/TVWhiteList(18204): strRes = {"code":"A00000","default_key":"tv-{cpuinfo-[Muji]}","default_value":"","key":"tv-{model-[VIDAA_TV]|cpuinfo-[Muji]}","value":"[{\"result\": {\"vod_dolby\": -1,\"vod_h265\": -1,\"vod_h264_4k_plus\": -1,\"vod_h264_jisu_2k\": 1,\"livenet_H264_4k_plus\": -1,\"livenet_H264_jisu_2k\": 1,\"livenet_h265\": -1,\"qixiu\": 0,\"highest_bs\": 19,\"lowest_bs\": 1,\"local_server_config\": \"\", \"other\": \"\"}},{\"version\":3005,\"result\": {\"vod_dolby\": -1,\"vod_h265\": -1,\"vod_h264_4k_plus\": -1,\"vod_h264_jisu_2k\": -1,\"livenet_H264_4k_plus\": -1,\"livenet_H264_jisu_2k\": -1,\"livenet_h265\": -1,\"qixiu\": 0,\"highest_bs\": 19,\"lowest_bs\": 1,\"local_server_config\": \"\", \"other\": \"\"}},{\"version\":3008,\"result\": {\"vod_dolby\": -1,\"vod_h265\": -1,\"vod_h264_4k_plus\": -1,\"vod_h264_jisu_2k\": 1,\"livenet_H264_jisu_2k\": 1,\"qixiu\": 0,\"highest_bs\": 19,\"lowest_bs\": 1,\"local_server_config\": \"{\\\"start_mode\\\": 1}\", \"other\": \"\"}}]"}
07-06 00:59:44.760 I/TVWhiteList(18204): use white list version whitev 3000
07-06 00:59:44.760 I/TVWhiteList(18204): use white list version whitev 3005
07-06 00:59:44.760 I/TVWhiteList(18204): use white list version whitev 3008
07-06 00:59:44.758 W/PluginHelper(18204): handleMessage>>()
07-06 00:59:44.761 D/Player/Player/NativePlayerUtils(18204): [TID 18357] loadWhiteListSync(), white list fetched: {"SupportDolby":false,"SupportH265":false,"Support4K":false,"SupportLive":true}
07-06 00:59:44.761 D/Player/Player/NativePlayerUtils(18204): [TID 18357] parseWhiteListJson(jsonString:{"SupportDolby":false,"SupportH265":false,"Support4K":false,"SupportLive":true})
07-06 00:59:44.762 D/Player/Player/NativePlayerUtils(18204): [TID 18357] parseWhiteListJson, normal:true,h265:false,dolby:false,bs4K:false
07-06 00:59:44.762 D/Player/Player/NativePlayerUtils(18204): [TID 18235] << loadWhiteListSync()
07-06 00:59:44.762 D/Player/Lib/Utils/PlayerDebugUtils(18204): [TID 18235] initialize, allowDebug: false
07-06 00:59:44.762 D/CLog    (18204): cpuinfo_len is (370):
07-06 00:59:44.762 D/CLog    (18204): Processor	: AArch64 Processor rev 3 (aarch64)
07-06 00:59:44.762 D/CLog    (18204): processor	: 0
07-06 00:59:44.762 D/CLog    (18204): processor	: 1
07-06 00:59:44.762 D/CLog    (18204): processor	: 2
07-06 00:59:44.762 D/CLog    (18204): processor	: 3
07-06 00:59:44.762 D/CLog    (18204): Features	: fp asimd aes pmull sha1 sha2 crc32 wp half thumb fastmult vfp edsp neon vfpv3 tlsi vfpv4 idiva idivt 
07-06 00:59:44.762 D/CLog    (18204): CPU implementer	: 0x41
07-06 00:59:44.762 D/CLog    (18204): CPU architecture: 8
07-06 00:59:44.762 D/CLog    (18204): CPU variant	: 0x0
07-06 00:59:44.762 D/CLog    (18204): CPU part	: 0xd03
07-06 00:59:44.762 D/CLog    (18204): CPU revision	: 3
07-06 00:59:44.762 D/CLog    (18204): 
07-06 00:59:44.762 D/CLog    (18204): Hardware	: Muji
07-06 00:59:44.762 D/CLog    (18204): Revision	: 0000
07-06 00:59:44.762 D/CLog    (18204): Serial		: 0000000000000000
07-06 00:59:44.762 D/CLog    (18204): 
07-06 00:59:44.762 D/CLog    (18204): cpuinfo hardware is Muji
07-06 00:59:44.762 I/TVWhiteList(18204): longyUrl = http://msg.71.am/v5/core/bmd?t=pfmc&success=1&tm1=58&bgv=3.0&tv_device=VIDAA_TV-4-Muji-22-Hisense&isadapted=1&krv=3.8.3
07-06 00:59:44.766 D/PlayerSdk/PlayerSdkProject(18204): [TID 18235] initPingback
07-06 00:59:44.794 I/System.out(18204): <TVAPI> DEBUG(TVApiProperty): read passport-device-id=tv_69b1ef544cadbb86e8f28950ece1c76a_1167652938875
07-06 00:59:44.797 I/TVMW@devctrl( 1234): wdt
07-06 00:59:44.802 D/pingbacklog/getHardwareInfo(18204): getHardwareInfo: info=muji
07-06 00:59:44.805 D/pingbacklog-set(18204): QiyiPingBack2.setAnonymityId is be used, mAnonymityId = tv_69b1ef544cadbb86e8f28950ece1c76a
07-06 00:59:44.805 D/pingbacklog-set(18204): QiyiPingBack2.setPassportId is be used, UserId = null
07-06 00:59:44.806 D/MediaHTTPConnection(18204): close inputstream
07-06 00:59:44.806 I/MemTotal:        1958344 kB(18204): MemTotal:	
07-06 00:59:44.807 I/MemTotal:        1958344 kB(18204): 1958344	
07-06 00:59:44.807 I/MemTotal:        1958344 kB(18204): kB	
07-06 00:59:44.808 D/PlayerSdk/PlayerSdkProject(18204): [TID 18235] initPingback: domainName=ptqy.gitv.tv, ver=2.1.0.59986, uuid=20151228165619572MkCHJfWb11209, userId=null, isNewUser=true, deviceid=tv_69b1ef544cadbb86e8f28950ece1c76a_1167652938875, setAnonymityId=tv_69b1ef544cadbb86e8f28950ece1c76a
07-06 00:59:44.809 D/MediaHTTPConnection(18204): hitting http://112.240.58.51/jhxvideo-ws.video-tx.com/rendition/201705/205989353451683841/205989353451684353/bb/243216185158536196/243216215223308548/r243216215223308548-3200k-1920x1080.mp4?wsSecret=ab7ba2a7d1552616d448219678a5f79c&wsTime=595d1afe&wsiphost=local
07-06 00:59:44.811 D/PlayerSdk/CheckPackageNameJob(18204): [TID 18235] SdkConfigManager.instance().getConfig() = SdkConfig@6ece3c3{mCustomerCode=60, mPlayerConfigType=4, mPlatformType=HAIXIN, mLoginType=SUB_ACCOUNT, mIsEnableDolby=false, mIsEnableH265=false, mIsEnable4K=true, mIsSupportYinhePingback=false, mShouldDoPlayCheck=true, mshouldGetUuidFromServer=true, mPingbackS1=2, mPingbackS2=simple_sdk, mPingbackP2=3128, mDomainName=ptqy.gitv.tv, mIsDebugVersion=false, mIsDebugVersion=false, mCustomerPackageNames=[com.hisense.hicloud.edca], mEnableSetBitstream=true}
07-06 00:59:44.814 D/PlayerSdk/CheckPackageNameJob@16188100(18204): [TID 18235] isCancelled() Job[PlayerSdk/CheckPackageNameJob@16188100](mState=0, mData=Object58916734, mError=null) return false
07-06 00:59:44.814 D/PlayerSdk/CheckPackageNameJob(18204): [TID 18235] onRun(), mCurrentPackageName=com.hisense.hicloud.edca, mCustomerPackageNames=511068292:[com.hisense.hicloud.edca]
07-06 00:59:44.814 D/PlayerSdk/CheckPackageNameJob@16188100(18204): [TID 18235] notifyJobSuccess() Job[PlayerSdk/CheckPackageNameJob@16188100](mState=1, mData=Object58916734, mError=null)
07-06 00:59:44.814 D/PlayerSdk/DeviceCheckTask@25bd1d39(18204): [TID 18235] isCancelled() Job[PlayerSdk/DeviceCheckTask@25bd1d39](mState=0, mData=Object34823391, mError=null) return false
07-06 00:59:44.814 D/PlayerSdk/DeviceCheckTask(18204): [TID 18235] execte.onRun: isDevChecked=false, isDeviceCheckPass=false
07-06 00:59:44.814 D/AccessToken(18204): [TID 18235] isAllowedAccess() count=0, now=1499273984814, time=1499273984814, mMaxCount = 5, duration = 600000, mAccessTime = 0, return true
07-06 00:59:44.815 D/AccessToken(18204): [TID 18235] isAllowedAccess() count=0, now=1499273984814, time=1499273984814, mMaxCount = 5, duration = 600000, mAccessTime = 0, return true
07-06 00:59:44.815 D/PlayerSdk/DeviceCheckTask(18204): [TID 18235] deviceCheck
07-06 00:59:44.815 D/PlayerSdk/DeviceCheckTask(18204): [TID 18235] deviceCheck: devCheckTest=-1
07-06 00:59:44.816 I/System.out(18204): <TVAPI> DEBUG(isUpdateData): isUpdateData=devRegister-true
07-06 00:59:44.816 I/System.out(18204): <TVAPI> DEBUG(TVAPI): uuid=20151228165619572MkCHJfWb11209
07-06 00:59:44.816 I/System.out(18204): <TVAPI> DEBUG(TVAPI): version=2.1.0.59986
07-06 00:59:44.816 I/System.out(18204): <TVAPI> DEBUG(TVApiProperty): read passport-device-id=tv_69b1ef544cadbb86e8f28950ece1c76a_1167652938875
07-06 00:59:44.816 I/System.out(18204): <TVAPI> DEBUG(id=6, systemTime): url = http://pdata.video.ptqy.gitv.tv/k
07-06 00:59:44.816 I/System.out(18204): D/(load-playerplugin, CommonApi-systemTime): url=http://pdata.video.ptqy.gitv.tv/k
07-06 00:59:44.816 I/System.out(18204): <TVAPI> DEBUG(id=5, devRegister): url = http://data2.itv.ptqy.gitv.tv/itv/devRegister/OGFjZjgxODQ2YThhLzIwMTUxMjI4MTY1NjE5NTcyTWtDSEpmV2IxMTIwOS8yLjEuMC41OTk4Ng/39467112fe7be1432adcf86e152f4899
07-06 00:59:44.816 I/System.out(18204): <TVAPI> DEBUG(id=5, devRegister): header = qyid:tv_69b1ef544cadbb86e8f28950ece1c76a_1167652938875
07-06 00:59:44.816 I/System.out(18204): <TVAPI> DEBUG(id=5, devRegister): header = ov:5.1.1
07-06 00:59:44.816 I/System.out(18204): <TVAPI> DEBUG(id=5, devRegister): header = apkVer:2.1.0.59986
07-06 00:59:44.835 E/NetworkManager(18204): [TID 18355] << request(http://www.baidu.com, 22826215): connect internet failed, url=http://www.baidu.com
07-06 00:59:44.835 D/NetworkManager(18204): [TID 18354] tryConnectFirst: result=false, time consumed=192ms
07-06 00:59:44.836 D/NetworkManager(18204): [TID 18354] >> getRequestTask(http://www.qq.com)
07-06 00:59:44.836 D/NetworkManager(18204): [TID 18355] >> request(http://www.qq.com, 22826407)
07-06 00:59:44.837 D/NetworkManager(18204): [TID 18354] getRequestTask(http://www.qq.com): current pool size=2, queue=[]
07-06 00:59:44.837 D/NetworkManager(18204): [TID 18354] getRequestTask(http://www.qq.com): submitted task={java.util.concurrent.FutureTask@16c953f5, 22826407}
07-06 00:59:44.837 D/NetworkManager(18204): [TID 18354] << getRequestTask(http://www.qq.com): returned task=java.util.concurrent.FutureTask@16c953f5
07-06 00:59:44.837 D/NetworkManager(18204): [TID 18355] request(http://www.qq.com, 22826407): openConnection
07-06 00:59:44.837 D/NetworkManager(18204): [TID 18354] >> getRequestTask(http://www.iqiyi.com)
07-06 00:59:44.837 D/NetworkManager(18204): [TID 18354] getRequestTask(http://www.iqiyi.com): current pool size=3, queue=[]
07-06 00:59:44.837 D/NetworkManager(18204): [TID 18354] getRequestTask(http://www.iqiyi.com): submitted task={java.util.concurrent.FutureTask@13fae7fb, 22826408}
07-06 00:59:44.837 D/NetworkManager(18204): [TID 18354] << getRequestTask(http://www.iqiyi.com): returned task=java.util.concurrent.FutureTask@13fae7fb
07-06 00:59:44.837 D/NetworkManager(18204): [TID 18354] >> getRequestTask(http://www.163.com)
07-06 00:59:44.838 D/NetworkManager(18204): [TID 18354] getRequestTask(http://www.163.com): current pool size=4, queue=[]
07-06 00:59:44.838 D/NetworkManager(18204): [TID 18354] getRequestTask(http://www.163.com): submitted task={java.util.concurrent.FutureTask@38283a71, 22826409}
07-06 00:59:44.838 D/NetworkManager(18204): [TID 18354] << getRequestTask(http://www.163.com): returned task=java.util.concurrent.FutureTask@38283a71
07-06 00:59:44.838 D/NetworkManager(18204): [TID 18354] >> getRequestTask(http://www.taobao.com)
07-06 00:59:44.840 D/NetworkManager(18204): [TID 18367] >> request(http://www.163.com, 22826409)
07-06 00:59:44.841 D/NetworkManager(18204): [TID 18367] request(http://www.163.com, 22826409): openConnection
07-06 00:59:44.842 D/NetworkManager(18204): [TID 18366] >> request(http://www.iqiyi.com, 22826408)
07-06 00:59:44.843 D/MediaHTTPConnection(18204): [Connection@755370199] response.heeader.null = HTTP/1.0 206 Partial Content
07-06 00:59:44.843 D/MediaHTTPConnection(18204): [Connection@755370199] response.heeader.Accept-Ranges = bytes
07-06 00:59:44.843 D/MediaHTTPConnection(18204): [Connection@755370199] response.heeader.Age = 375359
07-06 00:59:44.843 D/MediaHTTPConnection(18204): [Connection@755370199] response.heeader.Cache-Control = max-age=5184000
07-06 00:59:44.843 D/NetworkManager(18204): [TID 18366] request(http://www.iqiyi.com, 22826408): openConnection
07-06 00:59:44.843 D/MediaHTTPConnection(18204): [Connection@755370199] response.heeader.Connection = keep-alive
07-06 00:59:44.843 D/MediaHTTPConnection(18204): [Connection@755370199] response.heeader.Content-Length = 128
07-06 00:59:44.843 D/MediaHTTPConnection(18204): [Connection@755370199] response.heeader.Content-MD5 = b0d2FgZ34VxS2J9TYuIjgA==
07-06 00:59:44.843 D/MediaHTTPConnection(18204): [Connection@755370199] response.heeader.Content-Range = bytes 218840569-218840696/218840697
07-06 00:59:44.843 D/MediaHTTPConnection(18204): [Connection@755370199] response.heeader.Content-Type = application/octet-stream
07-06 00:59:44.843 D/MediaHTTPConnection(18204): [Connection@755370199] response.heeader.Date = Sat, 01 Jul 2017 08:43:45 GMT
07-06 00:59:44.843 D/MediaHTTPConnection(18204): [Connection@755370199] response.heeader.ETag = "6F4776160677E15C52D89F5362E22380"
07-06 00:59:44.843 D/MediaHTTPConnection(18204): [Connection@755370199] response.heeader.Last-Modified = Mon, 08 May 2017 17:24:17 GMT
07-06 00:59:44.843 D/MediaHTTPConnection(18204): [Connection@755370199] response.heeader.Server = nginx/1.2.4
07-06 00:59:44.843 D/MediaHTTPConnection(18204): [Connection@755370199] response.heeader.Via = 1.1 chshx150:7 (Cdn Cache Server V2.0)[0 200 0], 1.1 sdbz31:0 (Cdn Cache Server V2.0)[35 200 0], 1.0 PSsdzbwt5go51:3 (Cdn Cache Server V2.0)[0 200 0]
07-06 00:59:44.843 D/MediaHTTPConnection(18204): [Connection@755370199] response.heeader.X-Android-Received-Millis = 1499273984842
07-06 00:59:44.843 D/MediaHTTPConnection(18204): [Connection@755370199] response.heeader.X-Android-Response-Source = NETWORK 206
07-06 00:59:44.843 D/MediaHTTPConnection(18204): [Connection@755370199] response.heeader.X-Android-Sent-Millis = 1499273984826
07-06 00:59:44.843 D/MediaHTTPConnection(18204): [Connection@755370199] response.heeader.x-oss-hash-crc64ecma = 10858506031335928878
07-06 00:59:44.843 D/MediaHTTPConnection(18204): [Connection@755370199] response.heeader.x-oss-object-type = Normal
07-06 00:59:44.843 D/MediaHTTPConnection(18204): [Connection@755370199] response.heeader.x-oss-request-id = 591D64783FEA2FF75DF4AA6E
07-06 00:59:44.843 D/MediaHTTPConnection(18204): [Connection@755370199] response.heeader.x-oss-server-time = 46
07-06 00:59:44.843 D/MediaHTTPConnection(18204): [Connection@755370199] response.heeader.x-oss-storage-class = Standard
07-06 00:59:44.845 I/NuCachedSource2( 1206): caching reached eos.
07-06 00:59:44.845 V/NuPlayer( 1206): Video input format 1920 x 1080
07-06 00:59:44.845 V/NuPlayer( 1206): updateVideoSize::rotationDegrees=0
07-06 00:59:44.845 W/avc_utils( 1206): [3D detect]It is not SEI Nal
07-06 00:59:44.845 E/NuPlayerDriver( 1206): notifyDuration (538083333)
07-06 00:59:44.845 W/avc_utils( 1206): [3D detect]It is not SEI Nal
07-06 00:59:44.845 W/avc_utils( 1206): [3D detect]It is not SEI Nal
07-06 00:59:44.845 V/MediaPlayer-JNI(18204): getVideoWidth: 1920
07-06 00:59:44.845 V/MediaPlayer-JNI(18204): getVideoHeight: 1080
07-06 00:59:44.848 D/NetworkManager(18204): [TID 18371] >> request(http://www.taobao.com, 22826410)
07-06 00:59:44.850 D/NetworkManager(18204): [TID 18371] request(http://www.taobao.com, 22826410): openConnection
07-06 00:59:44.850 E/MediaPlayer(18204): Should have subtitle controller already set
07-06 00:59:44.850 V/MediaPlayer-JNI(18204): getVideoWidth: 1920
07-06 00:59:44.850 V/MediaPlayer-JNI(18204): getVideoHeight: 1080
07-06 00:59:44.851 D/NetworkManager(18204): [TID 18354] getRequestTask(http://www.taobao.com): current pool size=5, queue=[]
07-06 00:59:44.851 D/NetworkManager(18204): [TID 18354] getRequestTask(http://www.taobao.com): submitted task={java.util.concurrent.FutureTask@2f8d75c4, 22826410}
07-06 00:59:44.851 D/NetworkManager(18204): [TID 18354] << getRequestTask(http://www.taobao.com): returned task=java.util.concurrent.FutureTask@2f8d75c4
07-06 00:59:44.851 D/NetworkManager(18204): [TID 18354] >> getRequestTask(http://www.sina.com.cn)
07-06 00:59:44.851 D/NetworkManager(18204): [TID 18354] getRequestTask(http://www.sina.com.cn): current pool size=6, queue=[]
07-06 00:59:44.851 D/NetworkManager(18204): [TID 18354] getRequestTask(http://www.sina.com.cn): submitted task={java.util.concurrent.FutureTask@3bc14be2, 22826422}
07-06 00:59:44.851 D/NetworkManager(18204): [TID 18354] << getRequestTask(http://www.sina.com.cn): returned task=java.util.concurrent.FutureTask@3bc14be2
07-06 00:59:44.852 D/NetworkManager(18204): [TID 18372] >> request(http://www.sina.com.cn, 22826422)
07-06 00:59:44.853 D/NetworkManager(18204): [TID 18372] request(http://www.sina.com.cn, 22826422): openConnection
07-06 00:59:44.854 I/Carousel-UrlVideoView(18204): onMeasure(MeasureSpec: EXACTLY 816, MeasureSpec: EXACTLY 460)
07-06 00:59:44.854 D/Carousel-UrlVideoView(18204): widthSpecMode=1073741824
07-06 00:59:44.854 D/Carousel-UrlVideoView(18204): heightSpecMode=1073741824
07-06 00:59:44.854 D/Carousel-UrlVideoView(18204): widthSpecSize=816
07-06 00:59:44.854 D/Carousel-UrlVideoView(18204): heightSpecSize=460
07-06 00:59:44.854 I/Carousel-UrlVideoView(18204): onMeasure(MeasureSpec: EXACTLY 816, MeasureSpec: EXACTLY 460)
07-06 00:59:44.854 D/Carousel-UrlVideoView(18204): widthSpecMode=1073741824
07-06 00:59:44.854 D/Carousel-UrlVideoView(18204): heightSpecMode=1073741824
07-06 00:59:44.854 D/Carousel-UrlVideoView(18204): widthSpecSize=816
07-06 00:59:44.854 D/Carousel-UrlVideoView(18204): heightSpecSize=460
07-06 00:59:44.854 I/SurfaceView(18204): Changes: creating=false format=false size=true visible=false left=false top=false
07-06 00:59:44.854 I/SurfaceView(18204): Cur surface: Surface(name=null)/@0x1e67a381
07-06 00:59:44.855 D/Surface ( 1733): onStatusChange() : mNativeObject = 547819144192 mUseImageHwRender = false
07-06 00:59:44.855 V/Surface ( 1733): nativeSetHardwareRender() : status = 0
07-06 00:59:44.855 V/Surface ( 1733): nativeSetHardwareRender() : end
07-06 00:59:44.862 I/System.out(18204): <TVAPI> DEBUG(id=5, devRegister, response_time = 44ms): data = {"msg":"","code":"N000000","data":{"apiKey":"9e14d341281067d05d771f41454858c0","authId":1210,"flag":"","hide":"qiyicom","ip":"219.147.31.2","ipLoc":"1-48-3-6-6001-0-26","ipZh":"-----None-","kv":[{"hcdn":"hCDN"},{"homepageHot":""},{"homepageNew":""},{"ruleCode":"http://static.ptqy.gitv.tv/js/tv/app/getPlayerConfig.js","playerConfig":""},{"isShowExitAppDialog":"apk"}],"loading":"","loginTunnel":0,"resIds":[{"id":201221412,"seq":1},{"id":201713612,"seq":2},{"id":201757412,"seq":3}],"sysTime":1499273922,"tab":[],"tip":"","upgradeType":-1,"url":"","version":""}}
07-06 00:59:44.863 D/AccessToken(18204): [TID 18235] increaseAccessCount() count=1
07-06 00:59:44.863 D/AccessToken(18204): [TID 18235] increaseAccessCount() count=1
07-06 00:59:44.863 D/PlayerSdk/DeviceCheckTask(18204): [TID 18235] deviceCheck.onSuccess: deviceIp: 219.147.31.2
07-06 00:59:44.863 I/NuCachedSource2( 1206): new range: offset= 1703936
07-06 00:59:44.863 I/NuCachedSource2( 1206): seekInternal_l ---- totalSize: 1704064
07-06 00:59:44.863 D/PlayerSdk/DeviceCheckTask@25bd1d39(18204): [TID 18235] notifyJobSuccess() Job[PlayerSdk/DeviceCheckTask@25bd1d39](mState=1, mData=Object34823391, mError=null)
07-06 00:59:44.866 D/PlayerSdk/GrayScaleSwitcherProvider(18204): [TID 18235] execute: handler has no messages, send it.
07-06 00:59:44.866 D/PlayerSdk/GrayScaleSwitcherProvider(18204): [TID 18235] fetchSwitchData
07-06 00:59:44.868 I/System.out(18204): <TVAPI> DEBUG(isUpdateData): isUpdateData=dynamicQ-true
07-06 00:59:44.868 I/System.out(18204): <TVAPI> DEBUG(TVApiProperty): read passport-device-id=tv_69b1ef544cadbb86e8f28950ece1c76a_1167652938875
07-06 00:59:44.868 I/System.out(18204): <TVAPI> DEBUG(id=7, dynamicQ): url = http://data2.itv.ptqy.gitv.tv/itv/dynamicQ/1210/2.1.0.59986/VIDAA_TV/0/0/1/0/0/0/0
07-06 00:59:44.868 I/System.out(18204): <TVAPI> DEBUG(id=7, dynamicQ): header = qyid:tv_69b1ef544cadbb86e8f28950ece1c76a_1167652938875
07-06 00:59:44.868 I/System.out(18204): <TVAPI> DEBUG(id=7, dynamicQ): header = ov:5.1.1
07-06 00:59:44.868 I/System.out(18204): <TVAPI> DEBUG(id=7, dynamicQ): header = apkVer:2.1.0.59986
07-06 00:59:44.868 I/System.out(18204): <TVAPI> DEBUG(id=7, dynamicQ): header = apiKey:9e14d341281067d05d771f41454858c0
07-06 00:59:44.872 I/TVWhiteList(18204): strRes = 
07-06 00:59:44.873 V/SurfaceView(18204): com.hisense.hitv.carouselwidgit.view.videoview.UrlVideoView{6583b7c V.E..... ......I. 0,0-816,460} got resized: w=816 h=460, cur w=-1 h=-1
07-06 00:59:44.874 I/System.out(18204): <TVAPI> DEBUG(System Time): 1499273984
07-06 00:59:44.874 I/System.out(18204): <TVAPI> DEBUG(id=6, systemTime, response_time = 57ms): data = {"t":"1499273984","m":"5fd4ad382858d189b95a5fd5f9e46d88ee44c50ce708393e","u":"5fd4ad382858d189ee5de26697b059b6cd209a1d88b78425","i":"220.181.109.33","k":"5fd4ad382858d189c043bf92aad246ac9db42e51cb91c539"}
07-06 00:59:44.874 D/PowerManagerService( 1733): setScreenBrightnessOverrideFromWindowManagerInternal done
07-06 00:59:44.876 D/PowerManagerService( 1733): setScreenBrightnessOverrideFromWindowManagerInternal done
07-06 00:59:44.878 D/Surface ( 1733): onStatusChange() : mNativeObject = 0 mUseImageHwRender = false
07-06 00:59:44.878 D/Surface (18204): onStatusChange() : mNativeObject = -195857664 mUseImageHwRender = false
07-06 00:59:44.878 V/Surface (18204): nativeSetHardwareRender() : status = 0
07-06 00:59:44.878 V/Surface (18204): nativeSetHardwareRender() : end
07-06 00:59:44.879 I/SurfaceView(18204): New surface: Surface(name=null)/@0x3cb81c26, vis=true, frame=Rect(549, 205 - 1365, 665)
07-06 00:59:44.879 D/Surface (18204): onStatusChange() : mNativeObject = 0 mUseImageHwRender = false
07-06 00:59:44.879 D/Surface (18204): onStatusChange() : mNativeObject = -195857664 mUseImageHwRender = false
07-06 00:59:44.879 V/Surface (18204): nativeSetHardwareRender() : status = 0
07-06 00:59:44.879 V/Surface (18204): nativeSetHardwareRender() : end
07-06 00:59:44.879 I/SurfaceView(18204): surfaceChanged -- format=4 w=1920 h=1080
07-06 00:59:44.879 D/Carousel-UrlVideoView(18204): surfaceChanged
07-06 00:59:44.879 D/Carousel-UrlVideoView(18204): isValidState:true,hasValidSize:true
07-06 00:59:44.879 D/Carousel-UrlVideoView(18204): mVideoWidth:1920,mVideoHeight:1080,w:1920,h:1080
07-06 00:59:44.879 D/Carousel-UrlVideoView(18204): ===============>surfaceChanged start
07-06 00:59:44.881 V/MediaPlayer-JNI(18204): start
07-06 00:59:44.883 D/NuPlayerDriver( 1206): start(0xd7843220)
07-06 00:59:44.883 D/NetworkManager(18204): [TID 18355] << request(http://www.qq.com, 22826407): connect internet success, url=http://www.qq.com
07-06 00:59:44.883 V/NuPlayer( 1206): kWhatStart
07-06 00:59:44.883 V/NuPlayer( 1206): [NuPlayerRequestResourcesAsync-3121]
07-06 00:59:44.883 V/RMClient( 1206): #606:requestResourceAsync
07-06 00:59:44.883 V/NuPlayer( 1206): [NuPlayerWaitResourcesAllocation-3143]
07-06 00:59:44.883 V/RMClient( 1206): #606:onMessageReceived creq
07-06 00:59:44.883 V/RMClient( 1206): #606:kWhatCmdResourceRequest
07-06 00:59:44.884 D/NetworkManager(18204): [TID 18354] retryConnectOthers: result=true, time consumed=48ms
07-06 00:59:44.885 V/RMAllocator( 1198): handleRequest
07-06 00:59:44.885 V/SurfaceView(18204): Layout: x=549 y=205 w=816 h=460, frame=Rect(0, 0 - 816, 460)
07-06 00:59:44.885 V/RMClient( 1206): #605:~RMClient
07-06 00:59:44.885 V/RMAllocator( 1198): handleRequest new ClientInfo, client=2378240128 id=606
07-06 00:59:44.885 V/RMClient( 1206): #605:RMClient::returnAllResourcesAsync
07-06 00:59:44.886 I/RMAllocator( 1198): ClientInfo this=2382671552, mRMClient=2378240128. id=606
07-06 00:59:44.886 I/NuPlayer( 1206): NuPlayerRMClientListener::~NuPlayerRMClientListener
07-06 00:59:44.886 V/RMClientListener( 1206): ~RMClientListener
07-06 00:59:44.886 V/RMAllocator( 1198): handleRequest new ClientInfo=2382671552, client=2378240128 id=606
07-06 00:59:44.886 V/RMClient( 1206): #606:Done
07-06 00:59:44.886 D/TVEmuRMService_main( 1198): type =10 , pip=0 
07-06 00:59:44.886 D/TVEmuRMService_main( 1198): pip disable path 
07-06 00:59:44.886 D/TVEmuRMService_main( 1198): type =11 , pip=0 
07-06 00:59:44.886 D/TVEmuRMService_main( 1198): pip disable path 
07-06 00:59:44.886 D/TVEmuRMService_main( 1198): type =12 , pip=0 
07-06 00:59:44.886 D/TVEmuRMService_main( 1198): pip disable path 
07-06 00:59:44.886 D/TVEmuRMService_main( 1198): type =13 , pip=0 
07-06 00:59:44.886 D/TVEmuRMService_main( 1198): pip disable path 
07-06 00:59:44.886 V/RMAllocator( 1198): allocateResources
07-06 00:59:44.886 V/RMAllocator( 1198): allocateOneResource
07-06 00:59:44.886 V/RMAllocator( 1198): allocateOneResource
07-06 00:59:44.887 V/RMClient( 1206): #606:handleRequestDone
07-06 00:59:44.888 V/RMClient( 1206): #606:onMessageReceived ldon
07-06 00:59:44.888 V/RMClient( 1206): #606:kWhatRequestDone
07-06 00:59:44.889 I/NuPlayer( 1206): NuPlayerRMClientListener::handleRequestDone
07-06 00:59:44.889 V/NuPlayer( 1206): [handleRequestDone-3157]
07-06 00:59:44.889 V/RMClient( 1206): #606:Done
07-06 00:59:44.889 I/NuPlayer( 1206): Resource allocation ok
07-06 00:59:44.889 I/GenericSource( 1206): start
07-06 00:59:44.889 W/FFmpegExtractor( 1206): drop the packet with negative timestamp(pts:-1024)
07-06 00:59:44.896 D/Surface ( 1733): onStatusChange() : mNativeObject = 547942778368 mUseImageHwRender = false
07-06 00:59:44.896 V/Surface ( 1733): nativeSetHardwareRender() : status = 0
07-06 00:59:44.896 V/Surface ( 1733): nativeSetHardwareRender() : end
07-06 00:59:44.897 D/NetworkManager(18204): [TID 18354] getRealState: activeNetInfo={[type: Ethernet[], state: CONNECTED/CONNECTED, reason: (unspecified), extra: a8:a6:48:18:fc:a8, roaming: false, failover: false, isAvailable: true, isConnectedToProvisioningNetwork: false]}, isConnected=true
07-06 00:59:44.898 V/AudioPolicyManager( 1206): isOffloadSupported: SR=44100, CM=0x3, Format=0x4000000, StreamType=3, BitRate=55687, duration=538007233 us, has_video=1
07-06 00:59:44.898 V/AudioPolicyManager( 1206): isOffloadSupported: has_video == true, returning false
07-06 00:59:44.898 V/NuPlayer( 1206): scanning sources haveAudio=0, haveVideo=0
07-06 00:59:44.899 I/NuPlayerDecoder( 1206): [onConfigure] Need Extra Frame is No
07-06 00:59:44.899 D/PowerManagerService( 1733): acquireWakeLockInternal: lock=487931605, flags=0x2000000a, tag="WindowManager", ws=WorkSource{10010}, uid=1000, pid=1733
07-06 00:59:44.899 V/AudioPolicyManager( 1206): isOffloadSupported: SR=44100, CM=0x3, Format=0x4000000, StreamType=3, BitRate=55687, duration=538007233 us, has_video=1
07-06 00:59:44.899 V/AudioPolicyManager( 1206): isOffloadSupported: has_video == true, returning false
07-06 00:59:44.899 D/PowerManagerNotifier( 1733): onWakeLockAcquired: flags=536870922, tag="WindowManager", packageName=android, ownerUid=1000, ownerPid=1733, workSource=WorkSource{10010}
07-06 00:59:44.899 D/PowerManagerService( 1733): setScreenBrightnessOverrideFromWindowManagerInternal done
07-06 00:59:44.899 V/NuPlayer( 1206): [instantiateDecoder] wait video codec excuting!!!
07-06 00:59:44.900 I/NuPlayerDecoder( 1206): [onConfigure] Need Extra Frame is No
07-06 00:59:44.900 V/SoftOMXPlugin( 1206): makeComponentInstance 'OMX.google.aac.decoder'
07-06 00:59:44.901 D/Surface ( 1733): onStatusChange() : mNativeObject = 0 mUseImageHwRender = false
07-06 00:59:44.902 D/NetworkManager(18204): [TID 18204] onNetStateChanged(2)
07-06 00:59:44.911 V/SoftOMXPlugin( 1206): load component libstagefright_soft_aacdec.so for OMX.google.aac.decoder
07-06 00:59:44.913 I/MS_OMX_CORE( 1206): ComponentName : OMX.MS.AVC.Decoder, version -..
07-06 00:59:44.916 I/NetflixMonitorService( 1733): current fgapk : com.hisense.hicloud.edca
07-06 00:59:44.916 I/NetflixMonitorService( 1733): Netflix status unchanged
07-06 00:59:44.916 E/OMXNodeInstance( 1206): setConfig(2da:MS.AVC.Decoder, ConfigAutoFramerateConversion(0x6f800001)) ERROR: NotImplemented(0x80001006)
07-06 00:59:44.916 I/ACodec  ( 1206): codec does not support requested auto-frc (err -2147483648)
07-06 00:59:44.916 E/OMXNodeInstance( 1206): getExtensionIndex(2da:MS.AVC.Decoder, OMX.google.android.index.storeMetaDataInBuffers) ERROR: BadParameter(0x80001005)
07-06 00:59:44.916 E/ACodec  ( 1206): [OMX.MS.AVC.Decoder] storeMetaDataInBuffers failed w/ err -2147483648
07-06 00:59:44.918 D/MS_OMX_VDEC( 1206): Allocate pBuffer[0]: 0xbb475000
07-06 00:59:44.919 D/MS_OMX_VDEC( 1206): Allocate pBuffer[0]: 0xbc46b000
07-06 00:59:44.919 D/MS_OMX_VDEC( 1206): Allocate pBuffer[0]: 0xba403000
07-06 00:59:44.919 D/MS_OMX_VDEC( 1206): Allocate pBuffer[0]: 0xb5c03000
07-06 00:59:44.919 D/MS_OMX_VDEC( 1206): Allocate pBuffer[0]: 0xb6003000
07-06 00:59:44.919 D/NuPlayer( 1206): rrrr audio decoder executing, canreset set true
07-06 00:59:44.921 E/NetworkManager(18204): [TID 18372] << request(http://www.sina.com.cn, 22826422): connect internet failed, url=http://www.sina.com.cn
07-06 00:59:44.922 I/SoftAAC2( 1206): Reconfiguring decoder: 0->44100 Hz, 0->2 channels
07-06 00:59:44.922 E/OMXNodeInstance( 1206): setParameter(2da:MS.AVC.Decoder, ParamPortDefinition(0x2000001)) ERROR: BadParameter(0x80001005)
07-06 00:59:44.922 W/ACodec  ( 1206): [OMX.MS.AVC.Decoder] setting nBufferCountActual to 6 failed: -2147483648
07-06 00:59:44.922 E/OMXNodeInstance( 1206): setParameter(2da:MS.AVC.Decoder, ParamPortDefinition(0x2000001)) ERROR: BadParameter(0x80001005)
07-06 00:59:44.922 W/ACodec  ( 1206): [OMX.MS.AVC.Decoder] setting nBufferCountActual to 5 failed: -2147483648
07-06 00:59:44.922 D/NuPlayer( 1206): rrrr audio decoder executing, canreset set true
07-06 00:59:44.922 D/gralloc ( 1204): allocate buffer from ION HEAP 0x1
07-06 00:59:44.922 D/gralloc ( 1204): allocate memory from system heap
07-06 00:59:44.925 D/gralloc ( 1204): allocate buffer from ION HEAP 0x1
07-06 00:59:44.925 D/gralloc ( 1204): allocate memory from system heap
07-06 00:59:44.926 D/NuPlayer( 1206): rrrr audio decoder executing, canreset set true
07-06 00:59:44.928 D/gralloc ( 1204): allocate buffer from ION HEAP 0x1
07-06 00:59:44.928 D/gralloc ( 1204): allocate memory from system heap
07-06 00:59:44.933 D/gralloc ( 1204): allocate buffer from ION HEAP 0x1
07-06 00:59:44.934 D/gralloc ( 1204): allocate memory from system heap
07-06 00:59:44.936 I/MSTAR_VDEC_API( 1206): Open Stream State: 11 0 0
07-06 00:59:44.936 I/apiMMAP ( 1206): get_info: E_MMAP_ID_VDEC_SUB_FRAMEBUFFER: not fount
07-06 00:59:44.936 W/MS_LOG  ( 1206): mmapInfo == NULL
07-06 00:59:44.936 I/MSTAR_VDEC_API( 1206): Open Stream Type: 0, pid=1206
07-06 00:59:44.936 I/MSTAR_VDEC_API( 1206): MApi_VDEC_EX_GetFreeStream bResult=1
07-06 00:59:44.936 I/MSTAR_VDEC_API( 1206): no stored streamIds
07-06 00:59:44.937 I/MSTAR_VDEC_API( 1206): no stored streamIds
07-06 00:59:44.937 I/MSTAR_VDEC_API( 1206): add StreamId: 0x4040
07-06 00:59:44.939 D/MSTAR_VDEC_API( 1206): pInitParam->SysConfig.u32CodeBufAddr = 80000000
07-06 00:59:44.939 D/MSTAR_VDEC_API( 1206): pInitParam->SysConfig.u32CodeBufSize = 2097152
07-06 00:59:44.939 D/MSTAR_VDEC_API( 1206): pInitParam->SysConfig.u32FrameBufAddr = 82c00000
07-06 00:59:44.939 D/MSTAR_VDEC_API( 1206): pInitParam->SysConfig.u32FrameBufSize = 167772160
07-06 00:59:44.939 D/MSTAR_VDEC_API( 1206): pInitParam->SysConfig.u32BitstreamBufAddr = 80200000
07-06 00:59:44.939 D/MSTAR_VDEC_API( 1206): pInitParam->SysConfig.u32BitstreamBufSize = 25165824
07-06 00:59:44.939 D/MSTAR_VDEC_API( 1206): pInitParam->SysConfig.u32DrvProcBufAddr = 80200000
07-06 00:59:44.939 D/MSTAR_VDEC_API( 1206): pInitParam->SysConfig.u32DrvProcBufSize = 524288
07-06 00:59:44.939 D/MSTAR_VDEC_API( 1206): FrameRate from demuxer: 0 0, 0 0
07-06 00:59:44.939 D/MSTAR_VDEC_API( 1206): pInitParam->VideoInfo.eTimeStampType = 0x3
07-06 00:59:44.944 D/        ( 1206): [VDEC][0] MApi_CMA_Pool_Init[0]: pool_handle_id=13, miu=1, offset=1c00000, length=c400000 , FrameBuffer=82c00000, unUseSize=1000000
07-06 00:59:44.948 D/MediaHTTPConnection(18204): connect: uri=http://jhxvideo-ws.video-tx.com/rendition/201705/205989353451683841/205989353451684353/bb/243216185158536196/243216215223308548/r243216215223308548-3200k-1920x1080.mp4?wsSecret=ab7ba2a7d1552616d448219678a5f79c&wsTime=595d1afe, headers=User-Agent: stagefright/1.2 (Linux;Android 5.1.1)
07-06 00:59:44.948 D/MediaHTTPConnection(18204): teardownConnection
07-06 00:59:44.948 D/MediaHTTPConnection(18204): close inputstream
07-06 00:59:44.949 D/MediaHTTPConnection(18204): offset = 1703936, mCurrentOffset = -1
07-06 00:59:44.949 D/MediaHTTPConnection(18204): seekTo 1703936
07-06 00:59:44.950 D/MediaHTTPConnection(18204): hitting http://jhxvideo-ws.video-tx.com/rendition/201705/205989353451683841/205989353451684353/bb/243216185158536196/243216215223308548/r243216215223308548-3200k-1920x1080.mp4?wsSecret=ab7ba2a7d1552616d448219678a5f79c&wsTime=595d1afe
07-06 00:59:44.952 I/System.out(18204): <TVAPI> DEBUG(id=7, dynamicQ, response_time = 76ms): data = {"msg":"","code":"N000000","data":{"apiKey":"","authId":-1,"cnf":{},"flag":"","function":[{"playerConfig":"http://static.ptqy.gitv.tv/js/tv/app/getPlayerConfig.js"},{"appCard":"1"},{"msg_dialog_pos":"4"},{"disableHCDNPreDeploy":"false"},{"dailyInforCornerMark":"http://pic0.ptqy.gitv.tv/common/20170113/4ab9430bee234e2b8c8ae4583669b394.png,http://pic6.ptqy.gitv.tv/common/20170113/d45b2b6ae97a4847a73a245d63f5fe87.png"},{"isDisableAdCache":"0"},{"card_sort":"0"},{"alltag_position":"0"},{"enablePlayerLocalServer":"false"},{"ad_skip_frequency":"-1"},{"enablePlayerLocalServerF4v2Hls":"false"},{"enablePlayerLocalServerStream":"false"},{"disableHcdnDaemon":"false"},{"subChannelPlayerConfig":"http://static.ptqy.gitv.tv/js/tv/app/getSubChannelPlayerConfig.js"},{"childapp":"http://cdn.data.video.ptqy.gitv.tv/cdn/tv/20170630/apk/1_1259_4994_1498801304813.json"},{"chinapokerapp":"http://chessgame.ptqy.gitv.tv/game/info/apis/get_game_info.action?id=212202420"}],"hide":"","ichn":[],"ip":"","ipLoc":"","ipZh":"","is3D":1,"kv":[{"hcdn":"hCDN"},{"homepageHot":""},{"homepageNew":""},{"ruleCode":"http://static.ptqy.gitv.tv/js/tv/app/getPlayerConfig.js","playerConfig":""},{"isShowExitAppDialog":"apk"}],"loading":"","loginTunnel":0,"resIds":[],"support4k":1,"supporth265":1,"sysTime":1499272625,"tab":[],"tip":"","upgradeType":-1,"url":"","verCoupon":"","verMon":"0","verPkg":"","verTvod":"0","version":"","vip":1,"vipCoupon":0,"vipMon":1,"vipPkg":0,"vipTvod":1}}
07-06 00:59:44.952 D/PlayerSdk/GrayScaleSwitcherProvider(18204): [TID 18235] TVApi.dynamicQ: onSuccess
07-06 00:59:44.953 D/PlayerSdk/GrayScaleSwitcherProvider(18204): [TID 18235] TVApi.dynamicQ: data=com.qiyi.tvapi.tv2.model.DeviceCheck@dbbe1b6, isOpenHcdn=true, sRetryTimesBeforeStarted=3, sRetryTimesAfterStarted=3, isDisableP2PUpload=false, isOpenDrmRootCheck=false
07-06 00:59:44.961 E/NetworkManager(18204): [TID 18371] << request(http://www.taobao.com, 22826410): connect internet failed, url=http://www.taobao.com
07-06 00:59:44.962 D/        ( 1206): [VDEC][0] MApi_CMA_Pool_Init[1] Failed
07-06 00:59:44.962 D/        ( 1206): [VDEC][0][CMA]u32FrameBufSize is not 0
07-06 00:59:44.967 D/PlayerSdk/PlayerSdkProject(18204): [TID 18235] << finishInitialize: consume 403 ms
07-06 00:59:44.967 D/PlayerSdk/PlayerSdkProject(18204): [TID 18235] isPackageNameCheckPassed=true, isDeviceCheckPass=true
07-06 00:59:44.968 D/PlayerSdk/PlayerFeatureProvider(18204): [TID 18235] notifySuccess(looper=Looper (main, tid 1) {2088beb7}, listener=com.hisense.hicloud.edca.mediaplayer.video.qiyi.QiyiInitTool$1$1@1e88fcb6)
07-06 00:59:44.968 D/PlayerSdk/PlayerFeatureProvider(18204): [TID 18235] << loadPluginPlayerFeature: mSdkFeature=com.qiyi.video.plugin.j@20837564
07-06 00:59:44.968 I/QiyiInitTool(18204): onSuccess
07-06 00:59:44.974 D/NetworkManager(18204): [TID 18367] << request(http://www.163.com, 22826409): connect internet success, url=http://www.163.com
07-06 00:59:44.982 W/linker  (18204): libWasabiJni.so: unused DT entry: type 0x6ffffffe arg 0x5080
07-06 00:59:44.982 W/linker  (18204): libWasabiJni.so: unused DT entry: type 0x6fffffff arg 0x3
07-06 00:59:44.985 D/PlayerSdk/PlayerSdkLibProfile(18204): [TID 18389] isOpenDrmRootCheck=false
07-06 00:59:44.994 I/WASABI  (18204): WASABI version: BUILD DATE: 'Dec 30 2016', BUILD CONFIGURATION: 'Release', VERSION NAME: '1.19.0', VERSION NUMBER: 0x00011300, SHORT DESCRIPTION: 'Wasabi Runtime', LONG DESCRIPTION: '{"wasabi": "1.19.0", "wcscp": "2.22.0", "manufacturer": "intertrust", "os": "Android", "customerid": "c31122", "wcskb": "5.0.0"}', MS520K: 'enforced', VCS CHANGE: 12814
07-06 00:59:45.035 D/NativeDecimalFormat(18204): NativeDecimalFormat_close print addr=3997614336
07-06 00:59:45.035 D/NativeDecimalFormat(18204): NativeDecimalFormat_close print g_addr=3997614336
07-06 00:59:45.049 I/art     (18204): Background sticky concurrent mark sweep GC freed 39548(2MB) AllocSpace objects, 19(304KB) LOS objects, 6% free, 27MB/29MB, paused 23.814ms total 119.696ms
07-06 00:59:45.063 I/TVMW@HsTvSetting( 1234): Trace cmd, data = 0x1058
07-06 00:59:45.063 D/MediaHTTPConnection(18204): [Connection@1021257252] response.heeader.null = HTTP/1.0 206 Partial Content
07-06 00:59:45.063 D/MediaHTTPConnection(18204): [Connection@1021257252] response.heeader.Accept-Ranges = bytes
07-06 00:59:45.063 D/MediaHTTPConnection(18204): [Connection@1021257252] response.heeader.Age = 375360
07-06 00:59:45.063 D/MediaHTTPConnection(18204): [Connection@1021257252] response.heeader.Cache-Control = max-age=5184000
07-06 00:59:45.063 D/MediaHTTPConnection(18204): [Connection@1021257252] response.heeader.Connection = keep-alive
07-06 00:59:45.063 D/MediaHTTPConnection(18204): [Connection@1021257252] response.heeader.Content-Length = 217136761
07-06 00:59:45.063 D/MediaHTTPConnection(18204): [Connection@1021257252] response.heeader.Content-MD5 = b0d2FgZ34VxS2J9TYuIjgA==
07-06 00:59:45.063 D/MediaHTTPConnection(18204): [Connection@1021257252] response.heeader.Content-Range = bytes 1703936-218840696/218840697
07-06 00:59:45.063 D/MediaHTTPConnection(18204): [Connection@1021257252] response.heeader.Content-Type = application/octet-stream
07-06 00:59:45.063 D/MediaHTTPConnection(18204): [Connection@1021257252] response.heeader.Date = Sat, 01 Jul 2017 08:43:45 GMT
07-06 00:59:45.063 D/MediaHTTPConnection(18204): [Connection@1021257252] response.heeader.ETag = "6F4776160677E15C52D89F5362E22380"
07-06 00:59:45.063 D/MediaHTTPConnection(18204): [Connection@1021257252] response.heeader.Last-Modified = Mon, 08 May 2017 17:24:17 GMT
07-06 00:59:45.063 D/MediaHTTPConnection(18204): [Connection@1021257252] response.heeader.Server = nginx/1.2.4
07-06 00:59:45.063 D/MediaHTTPConnection(18204): [Connection@1021257252] response.heeader.Via = 1.1 chshx150:7 (Cdn Cache Server V2.0)[0 200 0], 1.1 sdbz31:0 (Cdn Cache Server V2.0)[35 200 0], 1.0 PSsdzbwt5go51:3 (Cdn Cache Server V2.0)[0 200 0]
07-06 00:59:45.063 D/MediaHTTPConnection(18204): [Connection@1021257252] response.heeader.X-Android-Received-Millis = 1499273985061
07-06 00:59:45.064 D/MediaHTTPConnection(18204): [Connection@1021257252] response.heeader.X-Android-Response-Source = NETWORK 206
07-06 00:59:45.064 D/MediaHTTPConnection(18204): [Connection@1021257252] response.heeader.X-Android-Sent-Millis = 1499273985043
07-06 00:59:45.064 D/MediaHTTPConnection(18204): [Connection@1021257252] response.heeader.x-oss-hash-crc64ecma = 10858506031335928878
07-06 00:59:45.064 D/MediaHTTPConnection(18204): [Connection@1021257252] response.heeader.x-oss-object-type = Normal
07-06 00:59:45.064 D/MediaHTTPConnection(18204): [Connection@1021257252] response.heeader.x-oss-request-id = 591D64783FEA2FF75DF4AA6E
07-06 00:59:45.064 D/MediaHTTPConnection(18204): [Connection@1021257252] response.heeader.x-oss-server-time = 46
07-06 00:59:45.064 D/MediaHTTPConnection(18204): [Connection@1021257252] response.heeader.x-oss-storage-class = Standard
07-06 00:59:45.069 I/MiSysSrv( 1214): [37m[INFO] Change to Voltage: 117 mv (0x32)[m
07-06 00:59:45.069 D/til@system( 2026): til_get_system_param option:100002F int:0, bool:0, ret:0
07-06 00:59:45.072 I/TVMW@HsTvSetting( 1234): Trace cmd, data = 0x101f
07-06 00:59:45.074 D/til@system( 2026): til_get_system_param option:100001D int:3, bool:3, ret:0
07-06 00:59:45.074 E/til     ( 2026): [til_get_current_input_source, 101] 
07-06 00:59:45.075 I/TVMW@HsTvSetting( 1234): Trace cmd, data = 0x7007
07-06 00:59:45.075 I/tilwrapper@sm( 2026): HS2TIL_SourceType *hs=0xd, *til=0x900
07-06 00:59:45.075 D/til     ( 2026): get current source 2304
07-06 00:59:45.075 D/SourceRemoteServiceHandler( 2026): getCurrentInputSource.from.til.result is 0, value is 2304
07-06 00:59:45.075 D/SourceRemoteServiceHandler( 2026): getInputSourceType source: 0x900, type=2304
07-06 00:59:45.075 D/til     ( 2026): ###### func:til_get_picture_param option:0x3000006 ######  
07-06 00:59:45.075 I/TVMW@HsTvSetting( 1234): Trace cmd, data = 0x1003
07-06 00:59:45.076 I/TVMW@HsTvSetting( 1234): Trace cmd, data = 0x8032
07-06 00:59:45.076 I/hstvos  ( 1216): [0m[1;33m[HSHAL][HS_VIDEO][HS_HAL_Video_SetOsdDetect_v2][2389]u16Threshold = 20
07-06 00:59:45.077 I/MiSysSrv( 1214): Not support now! 42, change to mm_video!!!
07-06 00:59:45.079 E/TVMW@videoctrl( 1234):  getOsd is 1
07-06 00:59:45.080 D/til@system( 2026): til_get_system_param option:1000027 int:1, bool:1, ret:0
07-06 00:59:45.080 D/til     ( 2026): ###### func:til_get_picture_param option:0x3000045 ######  
07-06 00:59:45.080 I/TVMW@HsTvSetting( 1234): Trace cmd, data = 0x300c
07-06 00:59:45.080 I/TVMW@HsTvSetting( 1234): Trace 3d, data = 0x300c
07-06 00:59:45.080 I/TVMW@3d ( 1234): Hs_debug3d_trace: func:get3dStatus, line:109
07-06 00:59:45.097 D/NetworkManager(18204): [TID 18366] << request(http://www.iqiyi.com, 22826408): connect internet success, url=http://www.iqiyi.com
07-06 00:59:45.100 D/Carousel-SimpleVideoView(18204): speedKB=1403
07-06 00:59:45.100 D/Carousel-SimpleVideoView(18204): msg.arg1=1
07-06 00:59:45.110 I/NuCachedSource2( 1206): retrying a previously failed read succeeded.
07-06 00:59:45.162 I/MyFragmentStateAdapter(18204): getCount
07-06 00:59:45.269 D/        ( 1206): [VDEC][0]MApi_CMA_Pool_GetMem0: alloc_param.pool_handle_id=13, alloc_param.flags=4, alloc_param.offset_in_pool=1000000, alloc_param.length=8200000
07-06 00:59:45.269 E/        ( 1206): [HVD][ERR]MDrv_HVD_EX_PreSetVdecFeature:
07-06 00:59:45.269 E/        ( 1206): MDrv_HVD_EX_PreSetVdecFeature 0x0
07-06 00:59:45.289 D/MSTAR_VDEC_API( 1206): Demuxer Frame Rate = 0 0
07-06 00:59:45.289 I/apiMMAP ( 1206): get_info: E_MMAP_ID_VDEC_FRAMEBUFFER_BALANCE_BW: not fount
07-06 00:59:45.289 W/MS_LOG  ( 1206): mmapInfo == NULL
07-06 00:59:45.299 D/NuPlayer( 1206): rrrr video decoder executing, canreset set true
07-06 00:59:45.299 D/NuPlayer( 1206): rrrr video decoder executing, canreset set true
07-06 00:59:45.314 D/MSTAR_VDEC_API( 1206): u32SHMAddr = 0x800cfa00, u8DataOnMIU = 0x1
07-06 00:59:45.314 D/MSTAR_VDEC_API( 1206): u8AspectRate = 0x1, u32AspectWidth = 1920, u32AspectHeight = 1080
07-06 00:59:45.314 D/MSTAR_VDEC_API( 1206): phyVsyncBridgeExtAddr = 0x800d0000, u8DataOnMIU = 0x1, W/H [1920/1088] CROP = [0 0 0 8]
07-06 00:59:45.314 D/MSTAR_VDEC_API( 1206): [0] Free Backup Config Data
07-06 00:59:45.351 D/MSTAR_VDEC_DBG( 1206): Stream ID: 0, Rate : 0 (E:0,D:0,S:0,F:5) 
07-06 00:59:45.356 V/NuPlayer( 1206): [kWhatVideoNotify] nuplayerdecoder return kWhatVideoSizeChanged
07-06 00:59:45.356 V/NuPlayer( 1206): Video output format changed to 1920 x 1088 (crop: 1920 x 1080 @ (0, 0))
07-06 00:59:45.356 V/NuPlayer( 1206): updateVideoSize::rotationDegrees=0
07-06 00:59:45.356 V/MediaPlayer-JNI(18204): getVideoWidth: 1920
07-06 00:59:45.356 V/MediaPlayer-JNI(18204): getVideoHeight: 1080
07-06 00:59:45.359 V/NuPlayer( 1206): media rendering started
07-06 00:59:45.359 E/BufferQueueProducer( 1204): fromProcess: /system/bin/mediaserver
07-06 00:59:45.360 D/vsyncbridge( 1204): vsync_bridge_render_frame: [0]switch not on !
07-06 00:59:45.360 D/vsyncbridge( 1204): Display Path INIT BEGIN
07-06 00:59:45.373 D/hwcomposer( 1204): Overlay[0], bInUsed = 1, bIsForceClose = 0
07-06 00:59:45.373 D/vsyncbridge( 1204): [0] handle_thread thread got msg 0x1, mState = 0
07-06 00:59:45.373 D/vsyncbridge( 1204): Overlay 0 state change from 0 to 1
07-06 00:59:45.373 D/vsyncbridge( 1204): Init Overlay 0
07-06 00:59:45.373 V/RMClient( 1204): #314:RMClient
07-06 00:59:45.373 I/Carousel-UrlVideoView(18204): onMeasure(MeasureSpec: EXACTLY 816, MeasureSpec: EXACTLY 460)
07-06 00:59:45.373 D/Carousel-UrlVideoView(18204): widthSpecMode=1073741824
07-06 00:59:45.373 D/Carousel-UrlVideoView(18204): heightSpecMode=1073741824
07-06 00:59:45.373 D/Carousel-UrlVideoView(18204): widthSpecSize=816
07-06 00:59:45.373 D/Carousel-UrlVideoView(18204): heightSpecSize=460
07-06 00:59:45.373 V/RMClient( 1204): #313:~RMClient
07-06 00:59:45.373 V/RMClient( 1204): #313:RMClient::returnAllResourcesAsync
07-06 00:59:45.373 I/Carousel-UrlVideoView(18204): onMeasure(MeasureSpec: EXACTLY 816, MeasureSpec: EXACTLY 460)
07-06 00:59:45.373 D/Carousel-UrlVideoView(18204): widthSpecMode=1073741824
07-06 00:59:45.373 D/Carousel-UrlVideoView(18204): heightSpecMode=1073741824
07-06 00:59:45.373 D/Carousel-UrlVideoView(18204): widthSpecSize=816
07-06 00:59:45.373 D/Carousel-UrlVideoView(18204): heightSpecSize=460
07-06 00:59:45.374 V/RMClientListener( 1204): ~RMClientListener
07-06 00:59:45.374 V/RMClient( 1204): #314:requestResourceAsync
07-06 00:59:45.374 D/vsyncbridge( 1204): Wrapper_connect IN.
07-06 00:59:45.378 I/MiSysSrv( 1214): none MI_DBG_LVL_L in PROC_CMD_LINE!
07-06 00:59:45.378 I/MiSysSrv( 1214): none MI_DBG_LVL_H in PROC_CMD_LINE!
07-06 00:59:45.378 I/MiSysSrv( 1214): [1;32m[MI INFO]:_MI_HWCAPS_UpdateVideoCaps[574]: [HWCAPS]:Info: video caps has been updated!
07-06 00:59:45.376 V/RMClient( 1204): #314:onMessageReceived creq
07-06 00:59:45.382 V/RMClient( 1204): #314:kWhatCmdResourceRequest
07-06 00:59:45.385 E/MiDispoutService( 1465): MiDispoutGetHandle, 779, IMPL Handle = 1146028032 
07-06 00:59:45.385 I/MiSysSrv( 1214): [0m~~~~> _MI_ATOM_DISPOUT_GetDeviceObject(): [IN]u32DeviceType={0},[IN]u32DeviceId={0}
