07-05 23:18:08.296 I/FirstLineAdapter(25910): canShowTrailer,isOffline=false
07-05 23:18:08.296 I/FirstLineAdapter(25910): canShowTrailer,isOffline=false
07-05 23:18:08.296 I/FirstLineAdapter(25910): canShowTrailer,isOffline=false
07-05 23:18:08.296 I/FirstLineAdapter(25910): canShowTrailer,isOffline=false
07-05 23:18:08.301 D/Carousel-CarouselView(25910): ============>onScrollChanged hashCode:795694989
07-05 23:18:08.301 D/Carousel-CarouselDisplayPlayerLayout(25910): isFullScreen:false
07-05 23:18:08.315 I/MyFragmentStateAdapter(25910): getCount
07-05 23:18:08.331 I/MyFragmentStateAdapter(25910): getCount
07-05 23:18:08.358 I/NetflixMonitorService( 1733): current fgapk : com.hisense.hicloud.edca
07-05 23:18:08.358 I/NetflixMonitorService( 1733): Netflix status unchanged
07-05 23:18:08.358 D/Carousel-CarouselDisplayPlayerLayout(25910): HasFocus:false,keyCode:20
07-05 23:18:08.359 D/Carousel-CarouselDisplayPlayerLayout(25910): isFullScreen:false
07-05 23:18:08.359 I/HomeMainActivity(25910): carousel handle key:false
07-05 23:18:08.359 D/Carousel-CarouselView(25910): setPosterAndStopPlay! hashCode=795694989, sWorkingHashCode=795694989
07-05 23:18:08.359 D/Carousel-CarouselDisplayPlayerLayout(25910): isFullScreen:false
07-05 23:18:08.359 D/Carousel-Utils(25910): displayImage view=android.widget.ImageView{3b779a90 G.ED.... ........ 0,0-816,460 #7f0d0029 app:id/imageView1}
07-05 23:18:08.359 D/Carousel-Utils(25910): displayImage url=http://picture.edu.hismarttv.com/images/20170629010146422927.jpg
07-05 23:18:08.360 D/Carousel-Utils(25910): onResourceReady.
07-05 23:18:08.364 D/Carousel-Utils(25910): displayImage view=android.widget.ImageView{315f7fa3 G.ED.... ........ 0,0-816,460 #7f0d0029 app:id/imageView1}
07-05 23:18:08.364 D/Carousel-Utils(25910): displayImage url=http://picture.edu.hismarttv.com/images/20170629010146422927.jpg
07-05 23:18:08.364 D/Carousel-Utils(25910): onResourceReady.
07-05 23:18:08.365 D/Carousel-CarouselDisplayPlayerLayout(25910): isFullScreen:false
07-05 23:18:08.374 V/InputMethodService( 2203): startInput(): editor=android.view.inputmethod.EditorInfo@b46b40c
07-05 23:18:08.374 V/InputMethodService( 2203): CALL: onFinishInput
07-05 23:18:08.375 D/Carousel-CarouselDisplayPlayerLayout(25910): x=380, y=113,w=892,h=536, hashCode=64756254
07-05 23:18:08.375 D/Carousel-CarouselDisplayPlayerLayout(25910): mX=380, mY=167,mWitdh=892,mHeight=536, hashCode=64756254
07-05 23:18:08.375 D/Carousel-CarouselDisplayPlayerLayout(25910): changed=true, hashCode=64756254
07-05 23:18:08.375 D/Carousel-Utils(25910): x=380,y=113, width=892,height=536
07-05 23:18:08.375 D/Carousel-CarouselView(25910): OnScrollStart DisplayPlayerLayout isnot shown return.
07-05 23:18:08.376 I/ContentBridgeAdapterListener(25910): onDetachedFromWindow ViewHolder{3a835915 position=0 id=-1, oldPos=-1, pLpos:-1}
07-05 23:18:08.378 I/MyFragmentStateAdapter(25910): getCount
07-05 23:18:08.378 I/MyFragmentStateAdapter(25910): getCount
07-05 23:18:08.378 I/MyFragmentStateAdapter(25910): getCount
07-05 23:18:08.378 I/MyFragmentStateAdapter(25910): getCount
07-05 23:18:08.379 E/SOGOUIME_JNI( 2203): reset
07-05 23:18:08.379 E/SOGOUIME_JNI( 2203): getCandidates
07-05 23:18:08.379 E/SOGOUIME_JNI( 2203): ime_get_uncommitted_length
07-05 23:18:08.380 E/SOGOUIME_JNI( 2203): getCandidates
07-05 23:18:08.380 D/SogouIME API( 2203): ==============num:32
07-05 23:18:08.380 E/SOGOUIME_JNI( 2203): ime_get_uncommitted_length
07-05 23:18:08.380 D/SogouIME( 2203): mFocusedComponent:30   isHkbEnable:false
07-05 23:18:08.380 D/Surface ( 1733): onStatusChange() : mNativeObject = 547819154944 mUseImageHwRender = false
07-05 23:18:08.380 E/SOGOUIME_JNI( 2203): ime_get_uncommitted_length
07-05 23:18:08.380 E/SOGOUIME_JNI( 2203): ime_get_committed_length
07-05 23:18:08.380 E/SOGOUIME_JNI( 2203): getComposingInfo
07-05 23:18:08.380 V/Surface ( 1733): nativeSetHardwareRender() : status = 0
07-05 23:18:08.380 E/SOGOUIME_JNI( 2203): getComposingInfo
07-05 23:18:08.380 E/SOGOUIME_JNI( 2203): getCorrectInfo
07-05 23:18:08.380 V/Surface ( 1733): nativeSetHardwareRender() : end
07-05 23:18:08.380 E/SOGOUIME_JNI( 2203): getComposingInfo
07-05 23:18:08.380 V/InputMethodService( 2203): CALL: onStartInput
07-05 23:18:08.380 E/SOGOUIME_JNI( 2203): invalidateCommitWordPinyinNative
07-05 23:18:08.380 D/SogouIME( 2203): =====configKeyboard=======:false     false
07-05 23:18:08.381 E/SOGOUIME_JNI( 2203): ime_set_hard_kb_enable
07-05 23:18:08.385 D/MSTAR_VDEC_DBG( 1206): Stream ID: 0, Rate : 25 (E:0,D:0,S:0,F:150) 
07-05 23:18:08.387 D/PowerManagerService( 1733): releaseWakeLockInternal: lock=487931605 [WindowManager], flags=0x0
07-05 23:18:08.387 D/PowerManagerNotifier( 1733): onWakeLockReleased: flags=536870922, tag="WindowManager", packageName=android, ownerUid=1000, ownerPid=1733, workSource=WorkSource{10010}
07-05 23:18:08.387 D/PowerManagerService( 1733): userActivityNoUpdateLocked: eventTime=16729959, event=0, flags=0x1, uid=1000
07-05 23:18:08.387 D/PowerManagerService( 1733): setScreenBrightnessOverrideFromWindowManagerInternal done
07-05 23:18:08.392 D/Surface ( 1733): onStatusChange() : mNativeObject = 0 mUseImageHwRender = false
07-05 23:18:08.393 I/FirstLineAdapter(25910): canShowTrailer,isOffline=false
07-05 23:18:08.393 I/FirstLineAdapter(25910): canShowTrailer,isOffline=false
07-05 23:18:08.393 I/FirstLineAdapter(25910): canShowTrailer,isOffline=false
07-05 23:18:08.393 I/FirstLineAdapter(25910): canShowTrailer,isOffline=false
07-05 23:18:08.393 I/FirstLineAdapter(25910): canShowTrailer,isOffline=false
07-05 23:18:08.393 I/FirstLineAdapter(25910): canShowTrailer,isOffline=false
07-05 23:18:08.393 I/FirstLineAdapter(25910): canShowTrailer,isOffline=false
07-05 23:18:08.394 I/FirstLineAdapter(25910): canShowTrailer,isOffline=false
07-05 23:18:08.394 I/FirstLineAdapter(25910): canShowTrailer,isOffline=false
07-05 23:18:08.397 D/Carousel-CarouselView(25910): ============>onScrollChanged hashCode:795694989
07-05 23:18:08.397 D/Carousel-CarouselDisplayPlayerLayout(25910): isFullScreen:false
07-05 23:18:08.400 I/MyFragmentStateAdapter(25910): getCount
07-05 23:18:08.412 D/Carousel-CarouselDisplayPlayerLayout(25910): x=380, y=-185,w=892,h=536, hashCode=64756254
07-05 23:18:08.412 D/Carousel-CarouselDisplayPlayerLayout(25910): mX=380, mY=113,mWitdh=892,mHeight=536, hashCode=64756254
07-05 23:18:08.412 D/Carousel-CarouselDisplayPlayerLayout(25910): changed=true, hashCode=64756254
07-05 23:18:08.413 D/Carousel-Utils(25910): x=380,y=-185, width=892,height=536
07-05 23:18:08.413 D/Carousel-CarouselView(25910): onWindowOutScreen!
07-05 23:18:08.457 D/PowerManagerService( 1733): acquireWakeLockInternal: lock=113832109, flags=0x1, tag="NetworkStats", ws=null, uid=1000, pid=1733
07-05 23:18:08.457 D/PowerManagerNotifier( 1733): onWakeLockAcquired: flags=1, tag="NetworkStats", packageName=android, ownerUid=1000, ownerPid=1733, workSource=null
07-05 23:18:08.457 D/NtpTrustedTime( 1733): currentTimeMillis() cache hit
07-05 23:18:08.463 D/NtpTrustedTime( 1733): currentTimeMillis() cache hit
07-05 23:18:08.465 D/PowerManagerService( 1733): releaseWakeLockInternal: lock=113832109 [NetworkStats], flags=0x0
07-05 23:18:08.465 D/PowerManagerNotifier( 1733): onWakeLockReleased: flags=1, tag="NetworkStats", packageName=android, ownerUid=1000, ownerPid=1733, workSource=null
07-05 23:18:08.466 D/NtpTrustedTime( 1733): currentTimeMillis() cache hit
07-05 23:18:08.466 D/NtpTrustedTime( 1733): currentTimeMillis() cache hit
07-05 23:18:08.503 I/TVMW@devctrl( 1234): wdt
07-05 23:18:08.518 D/Carousel-CarouselDisplayPlayerLayout(25910): x=380, y=-185,w=892,h=536, hashCode=64756254
07-05 23:18:08.519 D/Carousel-CarouselDisplayPlayerLayout(25910): mX=380, mY=-185,mWitdh=892,mHeight=536, hashCode=64756254
07-05 23:18:08.519 D/Carousel-CarouselDisplayPlayerLayout(25910): changed=false, hashCode=64756254
07-05 23:18:08.519 D/Carousel-CarouselDisplayPlayerLayout(25910): extraTryCount=0
07-05 23:18:08.519 D/Carousel-CarouselView(25910): setPosterAndStopPlay! hashCode=795694989, sWorkingHashCode=795694989
07-05 23:18:08.519 D/Carousel-CarouselDisplayPlayerLayout(25910): isFullScreen:false
07-05 23:18:08.519 D/Carousel-Utils(25910): displayImage view=android.widget.ImageView{3b779a90 V.ED.... ........ 0,0-816,460 #7f0d0029 app:id/imageView1}
07-05 23:18:08.519 D/Carousel-Utils(25910): displayImage url=http://picture.edu.hismarttv.com/images/20170629010146422927.jpg
07-05 23:18:08.520 D/Carousel-Utils(25910): onResourceReady.
07-05 23:18:08.520 D/Carousel-Utils(25910): displayImage view=android.widget.ImageView{315f7fa3 V.ED.... ......ID 0,0-816,460 #7f0d0029 app:id/imageView1}
07-05 23:18:08.520 D/Carousel-Utils(25910): displayImage url=http://picture.edu.hismarttv.com/images/20170629010146422927.jpg
07-05 23:18:08.520 D/Carousel-Utils(25910): onResourceReady.
07-05 23:18:08.521 D/Carousel-CarouselDisplayPlayerLayout(25910): isFullScreen:false
07-05 23:18:08.521 D/Carousel-CarouselDisplayPlayerLayout(25910): x=380, y=-185,w=892,h=536, hashCode=64756254
07-05 23:18:08.521 D/Carousel-CarouselDisplayPlayerLayout(25910): mX=380, mY=-185,mWitdh=892,mHeight=536, hashCode=64756254
07-05 23:18:08.521 D/Carousel-CarouselDisplayPlayerLayout(25910): changed=false, hashCode=64756254
07-05 23:18:08.521 D/Carousel-CarouselDisplayPlayerLayout(25910): extraTryCount=1
07-05 23:18:08.545 D/HttpHandler(25910): VerifySignInterCeptor-->request.url()=http://picture.edu.hismarttv.com/images/20170630060938851994.jpg
07-05 23:18:08.545 D/HttpHandler(25910): VerifySignInterCeptor-->hostname=picture.edu.hismarttv.com
07-05 23:18:08.546 D/CardItemView(25910): handleFocus subtile===>:
07-05 23:18:08.546 D/HttpHandler(25910): VerifySignInterCeptor-->request.url()=http://picture.edu.hismarttv.com/images/20170629/20161111081033896636.jpg
07-05 23:18:08.546 D/HttpHandler(25910): VerifySignInterCeptor-->hostname=picture.edu.hismarttv.com
07-05 23:18:08.548 I/MyFragmentStateAdapter(25910): getCount
07-05 23:18:08.548 I/MyFragmentStateAdapter(25910): getCount
07-05 23:18:08.549 I/MyFragmentStateAdapter(25910): getCount
07-05 23:18:08.549 I/MyFragmentStateAdapter(25910): getCount
07-05 23:18:08.549 D/HttpHandler(25910): VerifySignInterCeptor-->request.url()=http://picture.edu.hismarttv.com/images/20170630035014817721.jpg
07-05 23:18:08.549 I/FirstLineAdapter(25910): canShowTrailer,isOffline=false
07-05 23:18:08.549 D/HttpHandler(25910): VerifySignInterCeptor-->hostname=picture.edu.hismarttv.com
07-05 23:18:08.549 I/FirstLineAdapter(25910): canShowTrailer,isOffline=false
07-05 23:18:08.549 I/FirstLineAdapter(25910): canShowTrailer,isOffline=false
07-05 23:18:08.549 I/FirstLineAdapter(25910): canShowTrailer,isOffline=false
07-05 23:18:08.549 I/FirstLineAdapter(25910): canShowTrailer,isOffline=false
07-05 23:18:08.550 I/FirstLineAdapter(25910): canShowTrailer,isOffline=false
07-05 23:18:08.550 I/FirstLineAdapter(25910): canShowTrailer,isOffline=false
07-05 23:18:08.550 D/HttpHandler(25910): VerifySignInterCeptor-->request.url()=http://picture.edu.hismarttv.com/images/20170630060711088714.jpg
07-05 23:18:08.550 D/HttpHandler(25910): VerifySignInterCeptor-->hostname=picture.edu.hismarttv.com
07-05 23:18:08.550 D/OkHttp  (25910): --> GET http://picture.edu.hismarttv.com/images/20170630060938851994.jpg http/1.1
07-05 23:18:08.550 I/FirstLineAdapter(25910): canShowTrailer,isOffline=false
07-05 23:18:08.550 D/OkHttp  (25910): Host: picture.edu.hismarttv.com
07-05 23:18:08.550 D/OkHttp  (25910): Connection: Keep-Alive
07-05 23:18:08.550 I/FirstLineAdapter(25910): canShowTrailer,isOffline=false
07-05 23:18:08.551 D/OkHttp  (25910): --> GET http://picture.edu.hismarttv.com/images/20170630060711088714.jpg http/1.1
07-05 23:18:08.551 D/OkHttp  (25910): Host: picture.edu.hismarttv.com
07-05 23:18:08.551 D/OkHttp  (25910): Connection: Keep-Alive
07-05 23:18:08.551 D/OkHttp  (25910): Accept-Encoding: gzip
07-05 23:18:08.551 D/OkHttp  (25910): User-Agent: okhttp/3.6.0
07-05 23:18:08.551 D/OkHttp  (25910): --> END GET
07-05 23:18:08.550 D/OkHttp  (25910): Accept-Encoding: gzip
07-05 23:18:08.551 D/OkHttp  (25910): User-Agent: okhttp/3.6.0
07-05 23:18:08.551 D/OkHttp  (25910): --> END GET
07-05 23:18:08.552 D/OkHttp  (25910): --> GET http://picture.edu.hismarttv.com/images/20170630035014817721.jpg http/1.1
07-05 23:18:08.552 D/OkHttp  (25910): Host: picture.edu.hismarttv.com
07-05 23:18:08.552 D/OkHttp  (25910): Connection: Keep-Alive
07-05 23:18:08.552 D/OkHttp  (25910): Accept-Encoding: gzip
07-05 23:18:08.553 D/HttpHandler(25910): HttpDNS-->hostname=picture.edu.hismarttv.com
07-05 23:18:08.554 D/HttpHandler(25910): RAMCache-->hostInfo.getClientTimeStamp()=16719084
07-05 23:18:08.555 D/HttpHandler(25910): RAMCache-->hostInfo.getTtl()=300
07-05 23:18:08.555 D/HttpHandler(25910): RAMCache-->SystemClock.elapsedRealtime()=16730126
07-05 23:18:08.552 D/OkHttp  (25910): User-Agent: okhttp/3.6.0
07-05 23:18:08.556 D/OkHttp  (25910): --> END GET
07-05 23:18:08.567 I/MyFragmentStateAdapter(25910): getCount
07-05 23:18:08.573 D/Carousel-CarouselDisplayPlayerLayout(25910): x=380, y=-185,w=892,h=536, hashCode=64756254
07-05 23:18:08.573 D/Carousel-CarouselDisplayPlayerLayout(25910): mX=380, mY=-185,mWitdh=892,mHeight=536, hashCode=64756254
07-05 23:18:08.573 D/Carousel-CarouselDisplayPlayerLayout(25910): changed=false, hashCode=64756254
07-05 23:18:08.573 D/Carousel-CarouselDisplayPlayerLayout(25910): extraTryCount=2
07-05 23:18:08.573 D/Carousel-CarouselDisplayPlayerLayout(25910): x=380, y=-185,w=892,h=536, hashCode=64756254
07-05 23:18:08.573 D/Carousel-CarouselDisplayPlayerLayout(25910): mX=380, mY=-185,mWitdh=892,mHeight=536, hashCode=64756254
07-05 23:18:08.573 D/Carousel-CarouselDisplayPlayerLayout(25910): changed=false, hashCode=64756254
07-05 23:18:08.573 D/Carousel-CarouselDisplayPlayerLayout(25910): extraTryCount=3
07-05 23:18:08.581 D/OkHttp  (25910): <-- 200 OK http://picture.edu.hismarttv.com/images/20170630060711088714.jpg (29ms)
07-05 23:18:08.581 D/OkHttp  (25910): Date: Tue, 04 Jul 2017 01:17:05 GMT
07-05 23:18:08.581 D/OkHttp  (25910): Server: nginx
07-05 23:18:08.581 D/OkHttp  (25910): Content-Type: image/jpeg
07-05 23:18:08.581 D/OkHttp  (25910): Content-Length: 150566
07-05 23:18:08.581 D/OkHttp  (25910): Last-Modified: Fri, 30 Jun 2017 06:07:11 GMT
07-05 23:18:08.581 D/OkHttp  (25910): ETag: "5955ea8f-24c26"
07-05 23:18:08.581 D/OkHttp  (25910): Accept-Ranges: bytes
07-05 23:18:08.581 D/OkHttp  (25910): Age: 136863
07-05 23:18:08.581 D/OkHttp  (25910): Via: 1.1 jn239:0 (Cdn Cache Server V2.0)[29 200 0], 1.1 angtong95:7 (Cdn Cache Server V2.0)[0 200 0]
07-05 23:18:08.581 D/OkHttp  (25910): Connection: keep-alive
07-05 23:18:08.581 D/OkHttp  (25910): <-- END HTTP
07-05 23:18:08.588 D/Carousel-CarouselDisplayPlayerLayout(25910): x=380, y=-185,w=892,h=536, hashCode=64756254
07-05 23:18:08.588 D/Carousel-CarouselDisplayPlayerLayout(25910): mX=380, mY=-185,mWitdh=892,mHeight=536, hashCode=64756254
07-05 23:18:08.588 D/Carousel-CarouselDisplayPlayerLayout(25910): changed=false, hashCode=64756254
07-05 23:18:08.588 D/Carousel-CarouselDisplayPlayerLayout(25910): extraTryCount=4
07-05 23:18:08.588 D/Carousel-CarouselDisplayPlayerLayout(25910): x=380, y=-185,w=892,h=536, hashCode=64756254
07-05 23:18:08.588 D/Carousel-CarouselDisplayPlayerLayout(25910): mX=380, mY=-185,mWitdh=892,mHeight=536, hashCode=64756254
07-05 23:18:08.588 D/Carousel-CarouselDisplayPlayerLayout(25910): changed=false, hashCode=64756254
07-05 23:18:08.588 D/Carousel-CarouselDisplayPlayerLayout(25910): extraTryCount=5
07-05 23:18:08.595 D/OkHttp  (25910): <-- 200 OK http://picture.edu.hismarttv.com/images/20170630060938851994.jpg (43ms)
07-05 23:18:08.595 D/OkHttp  (25910): Date: Tue, 04 Jul 2017 01:17:05 GMT
07-05 23:18:08.595 D/OkHttp  (25910): Server: nginx
07-05 23:18:08.595 D/OkHttp  (25910): Content-Type: image/jpeg
07-05 23:18:08.595 D/OkHttp  (25910): Content-Length: 84036
07-05 23:18:08.595 D/OkHttp  (25910): Last-Modified: Fri, 30 Jun 2017 06:09:38 GMT
07-05 23:18:08.595 D/OkHttp  (25910): ETag: "5955eb22-14844"
07-05 23:18:08.595 D/OkHttp  (25910): Accept-Ranges: bytes
07-05 23:18:08.595 D/OkHttp  (25910): Age: 136863
07-05 23:18:08.595 D/OkHttp  (25910): Via: 1.1 pingwangtong50:6 (Cdn Cache Server V2.0)[19 200 0], 1.1 angtong95:3 (Cdn Cache Server V2.0)[0 200 0]
07-05 23:18:08.595 D/OkHttp  (25910): Connection: keep-alive
07-05 23:18:08.595 D/OkHttp  (25910): <-- END HTTP
07-05 23:18:08.597 I/TVMW@HsTvSetting( 1234): Trace cmd, data = 0x1058
07-05 23:18:08.597 D/til@system( 2026): til_get_system_param option:100002F int:0, bool:0, ret:0
07-05 23:18:08.599 I/TVMW@HsTvSetting( 1234): Trace cmd, data = 0x101f
07-05 23:18:08.607 D/til@system( 2026): til_get_system_param option:100001D int:3, bool:3, ret:0
07-05 23:18:08.607 E/til     ( 2026): [til_get_current_input_source, 101] 
07-05 23:18:08.607 I/TVMW@HsTvSetting( 1234): Trace cmd, data = 0x7007
07-05 23:18:08.608 I/tilwrapper@sm( 2026): HS2TIL_SourceType *hs=0xd, *til=0x900
07-05 23:18:08.609 D/til     ( 2026): get current source 2304
07-05 23:18:08.609 D/SourceRemoteServiceHandler( 2026): getCurrentInputSource.from.til.result is 0, value is 2304
07-05 23:18:08.609 D/SourceRemoteServiceHandler( 2026): getInputSourceType source: 0x900, type=2304
07-05 23:18:08.609 D/til     ( 2026): ###### func:til_get_picture_param option:0x3000006 ######  
07-05 23:18:08.609 I/TVMW@HsTvSetting( 1234): Trace cmd, data = 0x1003
07-05 23:18:08.610 I/TVMW@HsTvSetting( 1234): Trace cmd, data = 0x8032
07-05 23:18:08.610 I/hstvos  ( 1216): [0m[1;33m[HSHAL][HS_VIDEO][HS_HAL_Video_SetOsdDetect_v2][2389]u16Threshold = 20
07-05 23:18:08.611 E/TVMW@videoctrl( 1234):  getOsd is 1
07-05 23:18:08.611 D/til@system( 2026): til_get_system_param option:1000027 int:1, bool:1, ret:0
07-05 23:18:08.612 D/til     ( 2026): ###### func:til_get_picture_param option:0x3000045 ######  
07-05 23:18:08.612 I/TVMW@HsTvSetting( 1234): Trace cmd, data = 0x300c
07-05 23:18:08.612 I/TVMW@HsTvSetting( 1234): Trace 3d, data = 0x300c
07-05 23:18:08.612 I/TVMW@3d ( 1234): Hs_debug3d_trace: func:get3dStatus, line:109
07-05 23:18:08.616 I/MyFragmentStateAdapter(25910): getCount
07-05 23:18:08.618 D/HttpHandler(25910): RetryIntercepter-->retryNum=0
07-05 23:18:08.619 D/HttpHandler(25910): RetryIntercepter-->backoffmutiplier=0
07-05 23:18:08.629 D/HttpHandler(25910): RetryIntercepter-->retryNum=0
07-05 23:18:08.629 D/HttpHandler(25910): RetryIntercepter-->backoffmutiplier=0
07-05 23:18:08.656 D/OkHttp  (25910): <-- 200 OK http://picture.edu.hismarttv.com/images/20170630035014817721.jpg (99ms)
07-05 23:18:08.656 D/OkHttp  (25910): Date: Tue, 04 Jul 2017 01:17:04 GMT
07-05 23:18:08.656 D/OkHttp  (25910): Server: nginx
07-05 23:18:08.656 D/OkHttp  (25910): Content-Type: image/jpeg
07-05 23:18:08.656 D/OkHttp  (25910): Content-Length: 108221
07-05 23:18:08.656 D/OkHttp  (25910): Last-Modified: Fri, 30 Jun 2017 03:50:14 GMT
07-05 23:18:08.656 D/OkHttp  (25910): ETag: "5955ca76-1a6bd"
07-05 23:18:08.656 D/OkHttp  (25910): Accept-Ranges: bytes
07-05 23:18:08.656 D/OkHttp  (25910): Age: 136864
07-05 23:18:08.656 D/OkHttp  (25910): Via: 1.1 hewangtong169:9 (Cdn Cache Server V2.0)[0 200 0], 1.1 angtong95:6 (Cdn Cache Server V2.0)[19 200 0]
07-05 23:18:08.656 D/OkHttp  (25910): Connection: keep-alive
07-05 23:18:08.656 D/OkHttp  (25910): <-- END HTTP
07-05 23:18:08.660 D/HttpHandler(25910): DNSHelper-->gslbDns=["153.35.175.121","220.202.77.124","153.35.175.120","36.33.158.222","112.65.220.40","218.58.206.58","123.128.14.209"]
07-05 23:18:08.665 D/HttpHandler(25910): RetryIntercepter-->retryNum=0
07-05 23:18:08.665 D/HttpHandler(25910): RetryIntercepter-->backoffmutiplier=0
07-05 23:18:08.668 D/Carousel-CarouselDisplayPlayerLayout(25910): x=380, y=-185,w=892,h=536, hashCode=64756254
07-05 23:18:08.668 D/Carousel-CarouselDisplayPlayerLayout(25910): mX=380, mY=-185,mWitdh=892,mHeight=536, hashCode=64756254
07-05 23:18:08.668 D/Carousel-CarouselDisplayPlayerLayout(25910): changed=false, hashCode=64756254
07-05 23:18:08.668 D/Carousel-CarouselDisplayPlayerLayout(25910): extraTryCount=6
07-05 23:18:08.668 D/Carousel-CarouselDisplayPlayerLayout(25910): x=380, y=-185,w=892,h=536, hashCode=64756254
07-05 23:18:08.668 D/Carousel-CarouselDisplayPlayerLayout(25910): mX=380, mY=-185,mWitdh=892,mHeight=536, hashCode=64756254
07-05 23:18:08.668 D/Carousel-CarouselDisplayPlayerLayout(25910): changed=false, hashCode=64756254
07-05 23:18:08.668 D/Carousel-CarouselDisplayPlayerLayout(25910): extraTryCount=7
07-05 23:18:08.669 I/MiSysSrv( 1214): [37m[INFO] Change to Voltage: 117 mv (0x32)[m
07-05 23:18:08.692 D/Carousel-CarouselDisplayPlayerLayout(25910): x=380, y=-185,w=892,h=536, hashCode=64756254
07-05 23:18:08.692 D/Carousel-CarouselDisplayPlayerLayout(25910): mX=380, mY=-185,mWitdh=892,mHeight=536, hashCode=64756254
07-05 23:18:08.692 D/Carousel-CarouselDisplayPlayerLayout(25910): changed=false, hashCode=64756254
07-05 23:18:08.692 D/Carousel-CarouselDisplayPlayerLayout(25910): extraTryCount=8
07-05 23:18:08.692 D/Carousel-CarouselDisplayPlayerLayout(25910): x=380, y=-185,w=892,h=536, hashCode=64756254
07-05 23:18:08.692 D/Carousel-CarouselDisplayPlayerLayout(25910): mX=380, mY=-185,mWitdh=892,mHeight=536, hashCode=64756254
07-05 23:18:08.692 D/Carousel-CarouselDisplayPlayerLayout(25910): changed=false, hashCode=64756254
07-05 23:18:08.692 D/Carousel-CarouselDisplayPlayerLayout(25910): extraTryCount=9
07-05 23:18:08.697 I/MyFragmentStateAdapter(25910): getCount
07-05 23:18:08.751 D/Carousel-CarouselDisplayPlayerLayout(25910): x=380, y=-185,w=892,h=536, hashCode=64756254
07-05 23:18:08.751 D/Carousel-CarouselDisplayPlayerLayout(25910): mX=380, mY=-185,mWitdh=892,mHeight=536, hashCode=64756254
07-05 23:18:08.751 D/Carousel-CarouselDisplayPlayerLayout(25910): changed=false, hashCode=64756254
07-05 23:18:08.751 D/Carousel-CarouselDisplayPlayerLayout(25910): isFullScreen:false
07-05 23:18:08.751 D/Carousel-CarouselView(25910): ===========>mDisplayPlayerLayout.getVisibility()=8
07-05 23:18:08.752 D/Carousel-CarouselView(25910): OnScrollEnd Visibility is gone return.
07-05 23:18:08.759 D/OkHttp  (25910): --> GET http://picture.edu.hismarttv.com/images/20170629/20161111081033896636.jpg http/1.1
07-05 23:18:08.759 D/OkHttp  (25910): Host: picture.edu.hismarttv.com
07-05 23:18:08.759 D/OkHttp  (25910): Connection: Keep-Alive
07-05 23:18:08.759 D/OkHttp  (25910): Accept-Encoding: gzip
07-05 23:18:08.759 D/OkHttp  (25910): User-Agent: okhttp/3.6.0
07-05 23:18:08.759 D/OkHttp  (25910): --> END GET
07-05 23:18:08.783 I/MyFragmentStateAdapter(25910): getCount
07-05 23:18:08.799 D/HttpHandler(25910): VerifySignInterCeptor-->request.url()=http://picture.edu.hismarttv.com/images/20170629/%E5%A4%9A%E7%91%9E%E5%84%BF%E6%AD%8C.jpg
07-05 23:18:08.800 D/HttpHandler(25910): VerifySignInterCeptor-->hostname=picture.edu.hismarttv.com
07-05 23:18:08.802 D/OkHttp  (25910): --> GET http://picture.edu.hismarttv.com/images/20170629/%E5%A4%9A%E7%91%9E%E5%84%BF%E6%AD%8C.jpg http/1.1
07-05 23:18:08.802 D/OkHttp  (25910): Host: picture.edu.hismarttv.com
07-05 23:18:08.802 D/OkHttp  (25910): Connection: Keep-Alive
07-05 23:18:08.802 D/OkHttp  (25910): Accept-Encoding: gzip
07-05 23:18:08.802 D/OkHttp  (25910): User-Agent: okhttp/3.6.0
07-05 23:18:08.802 D/OkHttp  (25910): --> END GET
07-05 23:18:08.804 D/OkHttp  (25910): <-- 200 OK http://picture.edu.hismarttv.com/images/20170629/20161111081033896636.jpg (44ms)
07-05 23:18:08.804 D/OkHttp  (25910): Date: Tue, 04 Jul 2017 05:33:37 GMT
07-05 23:18:08.804 D/OkHttp  (25910): Server: nginx
07-05 23:18:08.804 D/OkHttp  (25910): Content-Type: image/jpeg
07-05 23:18:08.804 D/OkHttp  (25910): Content-Length: 94994
07-05 23:18:08.804 D/OkHttp  (25910): Last-Modified: Fri, 09 Jun 2017 14:48:34 GMT
07-05 23:18:08.804 D/OkHttp  (25910): ETag: "593ab542-17312"
07-05 23:18:08.804 D/OkHttp  (25910): Accept-Ranges: bytes
07-05 23:18:08.805 D/OkHttp  (25910): Age: 121471
07-05 23:18:08.805 D/OkHttp  (25910): Via: 1.1 shzh54:2 (Cdn Cache Server V2.0)[18 200 0], 1.1 angtong95:2 (Cdn Cache Server V2.0)[8 200 0]
07-05 23:18:08.805 D/OkHttp  (25910): Connection: keep-alive
07-05 23:18:08.805 D/OkHttp  (25910): <-- END HTTP
07-05 23:18:08.809 D/HttpHandler(25910): RetryIntercepter-->retryNum=0
07-05 23:18:08.809 D/HttpHandler(25910): RetryIntercepter-->backoffmutiplier=0
07-05 23:18:08.827 D/Carousel-CarouselVideoViewImpl(25910): stopPlay.
07-05 23:18:08.827 V/MediaPlayer-JNI(25910): isPlaying: 1
07-05 23:18:08.827 D/Carousel-UrlVideoView(25910): isInPlaybackState=true
07-05 23:18:08.827 D/Carousel-UrlVideoView(25910): mCurrentState=3
07-05 23:18:08.828 V/MediaPlayer-JNI(25910): getCurrentPosition: 5967 (msec)
07-05 23:18:08.828 D/Carousel-CarouselVideoViewImpl(25910): position=5967
07-05 23:18:08.828 V/MediaPlayer-JNI(25910): stop
07-05 23:18:08.828 D/NuPlayerDriver( 1206): stop(0xf40ac520)   mState:5
07-05 23:18:08.828 V/MediaPlayer-JNI(25910): release
07-05 23:18:08.829 D/NuPlayerDriver( 1206): reset(0xf40ac520)  mState:8
07-05 23:18:08.829 V/NuPlayer( 1206): NuPlayer::resetAsync ---- Enter ...
07-05 23:18:08.829 D/MediaHTTPConnection(25910): teardownConnection
07-05 23:18:08.829 W/FFmpegExtractor( 1206): rv_read_frame ret: [-1011]
07-05 23:18:08.829 W/MediaHTTPConnection(25910): readAt 18607096 / 5128 => -1004, java.io.IOException: BufferedInputStream is closed
07-05 23:18:08.831 D/MediaHTTPConnection(25910): hitting IOException http://150.138.169.140/jhxvideo-ws.video-tx.com/rendition/201705/205989353451683841/205989353451684353/bb/243216185158536196/243216215223308548/r243216215223308548-3200k-1920x1080.mp4?wsSecret=b5b4e72c710c3af9163813945958633f&wsTime=595d0327&wsiphost=local
07-05 23:18:08.831 W/MediaHTTP( 1206): hitting MediaHTTP readAt n < 0 numBytesRead= 125944
07-05 23:18:08.831 I/NuCachedSource2( 1206): caching reached eos.
07-05 23:18:08.835 W/MediaHTTPConnection(25910): teardownConnection catch android.os.NetworkOnMainThreadException
07-05 23:18:08.836 V/NuPlayer( 1206): kWhatReset  mCanReset:1
07-05 23:18:08.836 V/NuPlayer( 1206): performDecoderFlush audio=2, video=2
07-05 23:18:08.836 V/NuPlayer( 1206): [audio] flushDecoder needShutdown=1
07-05 23:18:08.836 V/NuPlayer( 1206): [video] flushDecoder needShutdown=1
07-05 23:18:08.836 V/NuPlayer( 1206): postponing action mFlushingAudio=2, mFlushingVideo=2
07-05 23:18:08.836 V/NuPlayer( 1206): renderer audio flush completed.
07-05 23:18:08.836 V/NuPlayer( 1206): renderer video flush completed.
07-05 23:18:08.838 V/NuPlayer( 1206): decoder audio flush completed
07-05 23:18:08.838 V/NuPlayer( 1206): initiating audio decoder shutdown
07-05 23:18:08.838 D/NuPlayer( 1206): rrrr audio decoder executing, canreset set true
07-05 23:18:08.841 D/MediaCodec( 1206): MediaCodec::~MediaCodec ---- Enter  mState:0
07-05 23:18:08.842 V/NuPlayer( 1206): audio shutdown completed
07-05 23:18:08.846 I/MS_OMX_BASEPORT( 1206): [OMX.MS.AVC.Decoder]MS_OMX_FlushPort: 0
07-05 23:18:08.846 D/MSTAR_VDEC_API( 1206): [0] Flush: Begin (0)
07-05 23:18:08.849 D/HttpHandler(25910): VerifySignInterCeptor-->request.url()=http://picture.edu.hismarttv.com/images/20170628233313068112.jpg
07-05 23:18:08.849 D/HttpHandler(25910): VerifySignInterCeptor-->hostname=picture.edu.hismarttv.com
07-05 23:18:08.851 D/OkHttp  (25910): --> GET http://picture.edu.hismarttv.com/images/20170628233313068112.jpg http/1.1
07-05 23:18:08.851 D/OkHttp  (25910): Host: picture.edu.hismarttv.com
07-05 23:18:08.851 D/OkHttp  (25910): Connection: Keep-Alive
07-05 23:18:08.851 D/OkHttp  (25910): Accept-Encoding: gzip
07-05 23:18:08.851 D/OkHttp  (25910): User-Agent: okhttp/3.6.0
07-05 23:18:08.851 D/OkHttp  (25910): --> END GET
07-05 23:18:08.852 D/HttpHandler(25910): VerifySignInterCeptor-->request.url()=http://picture.edu.hismarttv.com/images/
07-05 23:18:08.852 D/HttpHandler(25910): VerifySignInterCeptor-->hostname=picture.edu.hismarttv.com
07-05 23:18:08.853 D/OkHttp  (25910): --> GET http://picture.edu.hismarttv.com/images/ http/1.1
07-05 23:18:08.853 D/OkHttp  (25910): Host: picture.edu.hismarttv.com
07-05 23:18:08.853 D/OkHttp  (25910): Connection: Keep-Alive
07-05 23:18:08.853 D/OkHttp  (25910): Accept-Encoding: gzip
07-05 23:18:08.853 D/OkHttp  (25910): User-Agent: okhttp/3.6.0
07-05 23:18:08.853 D/OkHttp  (25910): --> END GET
07-05 23:18:08.854 D/MSTAR_VDEC_API( 1206): [0] Flush: OK
07-05 23:18:08.854 I/MS_OMX_BASEPORT( 1206): [OMX.MS.AVC.Decoder]MS_OMX_FlushPort: 1
07-05 23:18:08.862 D/OkHttp  (25910): <-- 200 OK http://picture.edu.hismarttv.com/images/20170629/%E5%A4%9A%E7%91%9E%E5%84%BF%E6%AD%8C.jpg (59ms)
07-05 23:18:08.862 D/OkHttp  (25910): Date: Tue, 04 Jul 2017 01:17:06 GMT
07-05 23:18:08.862 D/OkHttp  (25910): Server: nginx
07-05 23:18:08.862 D/OkHttp  (25910): Content-Type: image/jpeg
07-05 23:18:08.862 D/OkHttp  (25910): Content-Length: 197050
07-05 23:18:08.862 D/OkHttp  (25910): Last-Modified: Fri, 09 Jun 2017 14:50:58 GMT
07-05 23:18:08.862 D/OkHttp  (25910): ETag: "593ab5d2-301ba"
07-05 23:18:08.862 D/OkHttp  (25910): Accept-Ranges: bytes
07-05 23:18:08.862 D/OkHttp  (25910): Age: 136862
07-05 23:18:08.862 D/OkHttp  (25910): Via: 1.1 wangt170:7 (Cdn Cache Server V2.0)[0 200 0], 1.1 t94:0 (Cdn Cache Server V2.0)[40 200 0]
07-05 23:18:08.862 D/OkHttp  (25910): Connection: keep-alive
07-05 23:18:08.862 D/OkHttp  (25910): <-- END HTTP
07-05 23:18:08.865 D/HttpHandler(25910): RetryIntercepter-->retryNum=0
07-05 23:18:08.865 D/HttpHandler(25910): RetryIntercepter-->backoffmutiplier=0
07-05 23:18:08.868 E/audio_hw_primary( 1206): out_get_latency ret 10ms
07-05 23:18:08.870 D/OkHttp  (25910): <-- 200 OK http://picture.edu.hismarttv.com/images/20170628233313068112.jpg (19ms)
07-05 23:18:08.870 D/OkHttp  (25910): Date: Tue, 04 Jul 2017 01:17:06 GMT
07-05 23:18:08.870 D/OkHttp  (25910): Server: nginx
07-05 23:18:08.870 D/OkHttp  (25910): Content-Type: image/jpeg
07-05 23:18:08.870 D/OkHttp  (25910): Content-Length: 61038
07-05 23:18:08.870 D/OkHttp  (25910): Last-Modified: Wed, 28 Jun 2017 23:33:13 GMT
07-05 23:18:08.871 D/OkHttp  (25910): ETag: "59543cb9-ee6e"
07-05 23:18:08.871 D/OkHttp  (25910): Accept-Ranges: bytes
07-05 23:18:08.871 D/OkHttp  (25910): Age: 136862
07-05 23:18:08.871 D/OkHttp  (25910): Via: 1.1 jnwt244:1 (Cdn Cache Server V2.0)[23 200 0], 1.1 t93:2 (Cdn Cache Server V2.0)[0 200 0]
07-05 23:18:08.871 D/OkHttp  (25910): Connection: keep-alive
07-05 23:18:08.871 D/OkHttp  (25910): <-- END HTTP
07-05 23:18:08.878 D/HttpHandler(25910): RetryIntercepter-->retryNum=0
07-05 23:18:08.878 D/HttpHandler(25910): RetryIntercepter-->backoffmutiplier=0
07-05 23:18:08.879 E/audio_hw_primary( 1206): out_get_latency ret 10ms
07-05 23:18:08.879 E/audio_hw_primary( 1206): out_get_latency ret 10ms
07-05 23:18:08.879 D/PowerManagerService( 1733): updateWakeLockWorkSourceInternal: lock=451856900 [AudioMix], ws=null
07-05 23:18:08.880 D/PowerManagerNotifier( 1733): onWakeLockReleased: flags=1, tag="AudioMix", packageName=media, ownerUid=1013, ownerPid=0, workSource=WorkSource{10010}
07-05 23:18:08.880 D/PowerManagerNotifier( 1733): onWakeLockAcquired: flags=1, tag="AudioMix", packageName=media, ownerUid=1013, ownerPid=0, workSource=null
07-05 23:18:08.884 V/NuPlayer( 1206): decoder video flush completed
07-05 23:18:08.884 V/NuPlayer( 1206): initiating video decoder shutdown
07-05 23:18:08.884 D/NuPlayer( 1206): rrrr video decoder executing, canreset set true
07-05 23:18:08.884 I/MS_OMX_BASEPORT( 1206): [OMX.MS.AVC.Decoder]MS_OMX_FlushPort: 0
07-05 23:18:08.884 D/MSTAR_VDEC_API( 1206): [0] Flush: Begin (0)
07-05 23:18:08.885 D/MSTAR_VDEC_API( 1206): [0] Flush: OK
07-05 23:18:08.886 I/MS_OMX_BASEPORT( 1206): [OMX.MS.AVC.Decoder]MS_OMX_FlushPort: 1
07-05 23:18:08.886 I/MS_OMX_VDEC( 1206): [OMX.MS.AVC.Decoder]MS_OMX_OutputBufferProcess: in pause state , waiting for resume...
07-05 23:18:08.886 I/MS_OMX_VDEC( 1206): [OMX.MS.AVC.Decoder]MS_OMX_OutputBufferProcess: ...resumed
07-05 23:18:08.886 D/MS_OMX_VDEC( 1206): Free pBuffer[0]: 0xbb003000
07-05 23:18:08.886 D/MS_OMX_VDEC( 1206): Free pBuffer[0]: 0xf1818000
07-05 23:18:08.886 D/MS_OMX_VDEC( 1206): Free pBuffer[0]: 0xd7403000
07-05 23:18:08.887 D/MS_OMX_VDEC( 1206): Free pBuffer[0]: 0xb9c03000
07-05 23:18:08.887 D/MS_OMX_VDEC( 1206): Free pBuffer[0]: 0xba8fc000
07-05 23:18:08.890 V/AudioPolicyManager( 1206): stopOutput() output 2, stream 3, session 642
07-05 23:18:08.890 V/AudioPolicyManager( 1206): setBeaconMute(1) mBeaconMuteRefCount=0 mBeaconPlayingRefCount=0
07-05 23:18:08.890 V/AudioPolicyManager( 1206): changeRefCount() stream 3, count 0
07-05 23:18:08.890 V/AudioPolicyManager( 1206): getNewOutputDevice() selected device 0
07-05 23:18:08.890 V/AudioPolicyManager( 1206): setOutputDevice() output 2 device 0000 delayMs 20
07-05 23:18:08.890 V/AudioPolicyManager( 1206): setOutputDevice() prevDevice 0002
07-05 23:18:08.890 V/AudioPolicyManager( 1206): DeviceVector::getDevice() for type 00008000 address 0 found 0x0
07-05 23:18:08.890 V/AudioPolicyManager( 1206): DeviceVector::getDevice() for type 00008000 address 0 found 0x0
07-05 23:18:08.890 V/AudioPolicyManager( 1206): DeviceVector::getDevice() for type 00008000 address 0 found 0x0
07-05 23:18:08.890 V/AudioPolicyManager( 1206): DeviceVector::getDevice() for type 00008000 address 0 found 0x0
07-05 23:18:08.890 V/AudioPolicyManager( 1206): DeviceVector::getDevice() for type 00008000 address 0 found 0x0
07-05 23:18:08.890 V/AudioPolicyManager( 1206): DeviceVector::getDevice() for type 00008000 address 0 found 0x0
07-05 23:18:08.890 V/AudioPolicyManager( 1206): DeviceVector::getDevice() for type 00008000 address 0 found 0x0
07-05 23:18:08.890 V/AudioPolicyManager( 1206): setOutputDevice() setting same device 0000 or null device for output 2
07-05 23:18:08.890 V/AudioPolicyManager( 1206): DeviceVector::getDevice() for type 00008000 address 0 found 0x0
07-05 23:18:08.890 V/AudioPolicyManager( 1206): DeviceVector::getDevice() for type 00008000 address 0 found 0x0
07-05 23:18:08.890 V/AudioPolicyManager( 1206): DeviceVector::getDevice() for type 00008000 address 0 found 0x0
07-05 23:18:08.890 V/AudioPolicyManager( 1206): DeviceVector::getDevice() for type 00008000 address 0 found 0x0
07-05 23:18:08.890 V/AudioPolicyManager( 1206): DeviceVector::getDevice() for type 00008000 address 0 found 0x0
07-05 23:18:08.890 V/AudioPolicyManager( 1206): DeviceVector::getDevice() for type 00008000 address 0 found 0x0
07-05 23:18:08.890 V/AudioPolicyManager( 1206): DeviceVector::getDevice() for type 00008000 address 0 found 0x0
07-05 23:18:08.890 V/AudioPolicyManager( 1206): DeviceVector::getDevice() for type 00008000 address 0 found 0x0
07-05 23:18:08.891 D/MSTAR_VDEC_API( 1206): [0] Flush: Begin (0)
07-05 23:18:08.892 D/MSTAR_VDEC_API( 1206): [0] Flush: OK
07-05 23:18:08.896 D/gralloc ( 1204): allocate buffer from ION HEAP 0x1
07-05 23:18:08.896 D/gralloc ( 1204): allocate memory from system heap
07-05 23:18:08.897 D/gralloc ( 1204): allocate buffer from ION HEAP 0x1
07-05 23:18:08.897 D/gralloc ( 1204): allocate memory from system heap
07-05 23:18:08.910 D/hwcomposer( 1204): Overlay[0], bInUsed = 0, bIsForceClose = 0
07-05 23:18:08.910 D/vsyncbridge( 1204): [0] handle_thread thread got msg 0x1, mState = 3
07-05 23:18:08.910 D/vsyncbridge( 1204): Overlay 0 state change from 3 to 0
07-05 23:18:08.910 D/vsyncbridge( 1204): Remove Overlay 0
07-05 23:18:08.910 I/SurfaceFlinger( 1204): the layer SurfaceView is used to close xc and zorder is smallerest! clear region
07-05 23:18:08.925 I/MiSysSrv( 1214): [leon.luo]EnableVideoMute = 1,enColor = 5
07-05 23:18:08.931 D/        ( 1206): [VDEC][0]MApi_CMA_Pool_PutMem0 in vdec: cmaFreeParam.pool_handle_id=13, cmaFreeParam.offset_in_pool=1000000, cmaFreeParam.length=8200000
07-05 23:18:08.931 I/MSTAR_VDEC_API( 1206): stored streamId: 0:4040
07-05 23:18:08.931 I/MSTAR_VDEC_API( 1206): remove StreamId: 0x4040
07-05 23:18:08.932 D/MSTAR_VDEC_API( 1206): [0] MsVdecClose OK
07-05 23:18:08.934 D/MediaCodec( 1206): MediaCodec::~MediaCodec ---- Enter  mState:0
07-05 23:18:08.934 V/NuPlayer( 1206): video shutdown completed
07-05 23:18:08.934 V/NuPlayer( 1206): both audio and video are flushed now.
07-05 23:18:08.934 V/NuPlayer( 1206): performReset start pthread_id:d783d780
07-05 23:18:08.937 V/RMClient( 1206): #405:RMClient::returnAllResourcesAsync
07-05 23:18:08.938 V/RMClient( 1206): #405:onMessageReceived cret
07-05 23:18:08.938 V/RMClient( 1206): #405:kWhatCmdReturnAllResources
07-05 23:18:08.938 D/hwcomposer( 1204): lastVideoPlanes is dirty
07-05 23:18:08.939 V/RMClient( 1206): #405:Done
07-05 23:18:08.940 I/SurfaceFlinger( 1204): the layer SurfaceView is used to close xc and zorder is smallerest! clear region
07-05 23:18:08.941 V/RMAllocator( 1198): Deallocating resources for #405
07-05 23:18:08.941 V/RMAllocator( 1198): ~ClientInfo
07-05 23:18:08.941 I/RMAllocator( 1198): ~ClientInfo this=2378256992,mRMClient=2378240320. id=405
07-05 23:18:08.941 W/RMAllocator( 1198): returnAllResourcesFor: not registered, nothing to do
07-05 23:18:08.942 V/RMClient( 1206): #405:handleEvent lret
07-05 23:18:08.942 V/RMClient( 1206): #405:onMessageReceived lret
07-05 23:18:08.942 V/RMClient( 1206): #405:kWhatAllResourcesReturned
07-05 23:18:08.942 I/NuPlayer( 1206): NuPlayerRMClientListener::handleAllResourcesReturned
07-05 23:18:08.942 V/NuPlayer( 1206): [handleAllResourcesReturned-3223]
07-05 23:18:08.942 V/RMClient( 1206): #405:Done
07-05 23:18:08.942 I/GenericSource( 1206): stop
07-05 23:18:08.950 I/FFmpegExtractor( 1206): reader thread goto end...
07-05 23:18:08.951 I/FFmpegExtractor( 1206): stream_component_close ---- streamIndex: 0
07-05 23:18:08.956 I/MiSysSrv( 1214): Not support now! 42, change to mm_video!!!
07-05 23:18:08.956 I/MiSysSrv( 1214): [XC,SetWindow][MApi_XC_SetDynamicScaling_U2,  342] It's dynamic scaling case(0,0,0)
07-05 23:18:08.956 I/MiSysSrv( 1214): [XC,SetWindow][MHAL_SC_Set_DynamicScaling,  522] [MHAL_SC_Set_DynamicScaling,  522] [DS] u8MIU_Select:0  
07-05 23:18:08.956 I/MiSysSrv( 1214): [XC,SetWindow][MHAL_SC_Set_DynamicScaling,  523] [MHAL_SC_Set_DynamicScaling,  523] [DS] bOP_On:0  bIPS_On:0 bIPM_On:0  
07-05 23:18:08.962 D/HttpHandler(25910): VerifySignInterCeptor-->request.url()=http://picture.edu.hismarttv.com/images/20170628233246121281.jpg
07-05 23:18:08.962 D/HttpHandler(25910): VerifySignInterCeptor-->hostname=picture.edu.hismarttv.com
07-05 23:18:08.964 D/OkHttp  (25910): --> GET http://picture.edu.hismarttv.com/images/20170628233246121281.jpg http/1.1
07-05 23:18:08.964 D/OkHttp  (25910): Host: picture.edu.hismarttv.com
07-05 23:18:08.964 D/OkHttp  (25910): Connection: Keep-Alive
07-05 23:18:08.964 D/OkHttp  (25910): Accept-Encoding: gzip
07-05 23:18:08.964 D/OkHttp  (25910): User-Agent: okhttp/3.6.0
07-05 23:18:08.964 D/OkHttp  (25910): --> END GET
07-05 23:18:08.964 I/FFmpegExtractor( 1206): stream_component_close ---- streamIndex: 1
07-05 23:18:08.967 D/OkHttp  (25910): <-- 403 Forbidden http://picture.edu.hismarttv.com/images/ (113ms)
07-05 23:18:08.967 D/OkHttp  (25910): Date: Wed, 05 Jul 2017 15:18:08 GMT
07-05 23:18:08.967 D/OkHttp  (25910): Server: nginx
07-05 23:18:08.967 D/OkHttp  (25910): Content-Type: text/html; charset=UTF-8
07-05 23:18:08.967 D/OkHttp  (25910): Content-Length: 162
07-05 23:18:08.967 D/OkHttp  (25910): Via: 1.1 shuozhou56:0 (Cdn Cache Server V2.0)[31 403 2], 1.1 t94:4 (Cdn Cache Server V2.0)[93 403 2]
07-05 23:18:08.967 D/OkHttp  (25910): Connection: close
07-05 23:18:08.967 D/OkHttp  (25910): <-- END HTTP
07-05 23:18:08.967 D/HttpHandler(25910): RetryIntercepter-->retryNum=0
07-05 23:18:08.967 D/HttpHandler(25910): RetryIntercepter-->backoffmutiplier=0
07-05 23:18:08.968 D/HttpHandler(25910): VerifySignInterCeptor-->request.url()=http://picture.edu.hismarttv.com/images/20170630060641226550.jpg
07-05 23:18:08.968 D/HttpHandler(25910): VerifySignInterCeptor-->hostname=picture.edu.hismarttv.com
07-05 23:18:08.969 I/MiSysSrv( 1214): [37m[INFO] Change to Voltage: 112 mv (0x2D)[m
07-05 23:18:08.972 I/MiSysSrv( 1214): [XC,SetWindow][MHAL_SC_Set_DynamicScaling,  557] [MHAL_SC_Set_DynamicScaling,  557] [DS] u32DynamicScalingBaseAddr:0  u8DynamicScalingIndexDepth:0 u32DynamicScalingBufSize:0   
07-05 23:18:08.973 D/OkHttp  (25910): --> GET http://picture.edu.hismarttv.com/images/20170630060641226550.jpg http/1.1
07-05 23:18:08.973 D/OkHttp  (25910): Host: picture.edu.hismarttv.com
07-05 23:18:08.973 D/OkHttp  (25910): Connection: Keep-Alive
07-05 23:18:08.973 D/OkHttp  (25910): Accept-Encoding: gzip
07-05 23:18:08.973 D/OkHttp  (25910): User-Agent: okhttp/3.6.0
07-05 23:18:08.973 D/OkHttp  (25910): --> END GET
07-05 23:18:08.975 I/FFmpegExtractor( 1206): stream_component_close ---- streamIndex: -1
07-05 23:18:08.976 I/FFMPEG  ( 1206): [AVIOContext @ 0xb8bfea20] Statistics: 18349567 bytes read, 1 seeks
07-05 23:18:08.982 D/FFmpegExtractor( 1206): Reader thread stopped
07-05 23:18:08.982 D/FFmpegExtractor( 1206): Reader thread have been stopped
07-05 23:18:08.992 D/OkHttp  (25910): <-- 200 OK http://picture.edu.hismarttv.com/images/20170630060641226550.jpg (18ms)
07-05 23:18:08.992 D/OkHttp  (25910): Date: Tue, 04 Jul 2017 01:17:05 GMT
07-05 23:18:08.992 D/OkHttp  (25910): Server: nginx
07-05 23:18:08.992 D/OkHttp  (25910): Content-Type: image/jpeg
07-05 23:18:08.992 D/OkHttp  (25910): Content-Length: 121881
07-05 23:18:08.992 D/OkHttp  (25910): Last-Modified: Fri, 30 Jun 2017 06:06:41 GMT
07-05 23:18:08.992 D/OkHttp  (25910): ETag: "5955ea71-1dc19"
07-05 23:18:08.992 D/OkHttp  (25910): Accept-Ranges: bytes
07-05 23:18:08.992 D/OkHttp  (25910): Age: 136863
07-05 23:18:08.992 D/OkHttp  (25910): Via: 1.1 wangt170:6 (Cdn Cache Server V2.0)[32 200 0], 1.1 t93:5 (Cdn Cache Server V2.0)[0 200 0]
07-05 23:18:08.992 D/OkHttp  (25910): Connection: keep-alive
07-05 23:18:08.992 D/OkHttp  (25910): <-- END HTTP
07-05 23:18:08.997 D/NuPlayerDriver( 1206): notifyResetComplete(0xf40ac520) mState:7
07-05 23:18:08.997 V/NuPlayer( 1206): performReset end pthread_id:d783d780
07-05 23:18:08.999 D/HttpHandler(25910): VerifySignInterCeptor-->request.url()=http://picture.edu.hismarttv.com/images/20170629/%E6%B3%A1%E6%B3%A1%E8%8B%B1%E8%AF%AD.jpg
07-05 23:18:08.999 D/HttpHandler(25910): VerifySignInterCeptor-->hostname=picture.edu.hismarttv.com
07-05 23:18:09.000 D/OkHttp  (25910): <-- 200 OK http://picture.edu.hismarttv.com/images/20170628233246121281.jpg (35ms)
07-05 23:18:09.000 D/OkHttp  (25910): Date: Tue, 04 Jul 2017 05:48:32 GMT
07-05 23:18:09.000 D/OkHttp  (25910): Server: nginx
07-05 23:18:09.000 D/OkHttp  (25910): Content-Type: image/jpeg
07-05 23:18:09.000 D/OkHttp  (25910): Content-Length: 50603
07-05 23:18:09.000 D/OkHttp  (25910): Last-Modified: Wed, 28 Jun 2017 23:32:46 GMT
07-05 23:18:09.000 D/OkHttp  (25910): ETag: "59543c9e-c5ab"
07-05 23:18:09.000 D/OkHttp  (25910): Accept-Ranges: bytes
07-05 23:18:09.000 D/OkHttp  (25910): Age: 120576
07-05 23:18:09.000 D/OkHttp  (25910): Via: 1.1 zhiwtong176:0 (Cdn Cache Server V2.0)[0 200 0], 1.1 angtong92:5 (Cdn Cache Server V2.0)[13 200 0]
07-05 23:18:09.000 D/OkHttp  (25910): Connection: keep-alive
07-05 23:18:09.000 D/OkHttp  (25910): <-- END HTTP
07-05 23:18:09.000 D/HttpHandler(25910): HttpDNS-->hostname=picture.edu.hismarttv.com
07-05 23:18:09.001 D/HttpHandler(25910): RAMCache-->hostInfo.getClientTimeStamp()=16719084
07-05 23:18:09.001 D/HttpHandler(25910): RAMCache-->hostInfo.getTtl()=300
07-05 23:18:09.001 D/HttpHandler(25910): RAMCache-->SystemClock.elapsedRealtime()=16730573
07-05 23:18:09.007 D/HttpHandler(25910): RetryIntercepter-->retryNum=0
07-05 23:18:09.007 D/HttpHandler(25910): RetryIntercepter-->backoffmutiplier=0
07-05 23:18:09.007 D/HttpHandler(25910): RetryIntercepter-->retryNum=0
07-05 23:18:09.007 D/HttpHandler(25910): RetryIntercepter-->backoffmutiplier=0
07-05 23:18:09.016 D/HttpHandler(25910): DNSHelper-->gslbDns=["153.35.175.121","220.202.77.124","153.35.175.120","36.33.158.222","112.65.220.40","218.58.206.58","123.128.14.209"]
07-05 23:18:09.017 D/vsyncbridge( 1204): void Wrapper_disconnect(int) @ line: 776: Enter Stop ds.
07-05 23:18:09.018 D/vsyncbridge( 1204): [0] is to deinit
07-05 23:18:09.018 I/MiSysSrv( 1214): Obtain XC engine fail
07-05 23:18:09.018 I/MiSysSrv( 1214): [mapi_video_base@Line 1385] Finalize:1385 Video Finalize : Win[0], Source[34]
07-05 23:18:09.019 I/MiSysSrv( 1214): [XC,LPLL][MDrv_XC_SetFreeRunTiming, 4950] SetFreeRunTiming: Disable FPLL and Clear FSM to Idle state
07-05 23:18:09.019 I/MiSysSrv( 1214): [XC,LPLL][MDrv_SC_set_fpll,  976] MDrv_SC_set_fpll(0,0)
07-05 23:18:09.019 I/MiSysSrv( 1214): [XC,LPLL][MDrv_SC_set_fpll,  977] u32OrigLPLL = 1745d1
07-05 23:18:09.019 I/MiSysSrv( 1214): [XC,LPLL][MDrv_SC_set_fpll, 1002] u32OrigLPLL = 1745d1, L_BK_LPLL(0x0F) = 1745d1
07-05 23:18:09.019 I/MiSysSrv( 1214): [XC,LPLL][_MApi_XC_FPLL_EnableLcokFreqOnly, 3150] [_MApi_XC_FPLL_EnableLcokFreqOnly][3150]feature is 0
07-05 23:18:09.020 D/NativeDecimalFormat(25910): NativeDecimalFormat_close print addr=3997594368
07-05 23:18:09.020 D/NativeDecimalFormat(25910): NativeDecimalFormat_close print g_addr=3997595136
07-05 23:18:09.020 D/NativeDecimalFormat(25910): NativeDecimalFormat_close print addr=3997595136
07-05 23:18:09.020 D/NativeDecimalFormat(25910): NativeDecimalFormat_close print g_addr=3997595136
07-05 23:18:09.039 I/MiSysSrv( 1214): Unknow Input Type 
07-05 23:18:09.041 D/OkHttp  (25910): --> GET http://picture.edu.hismarttv.com/images/20170629/%E6%B3%A1%E6%B3%A1%E8%8B%B1%E8%AF%AD.jpg http/1.1
07-05 23:18:09.041 D/OkHttp  (25910): Host: picture.edu.hismarttv.com
07-05 23:18:09.041 D/OkHttp  (25910): Connection: Keep-Alive
07-05 23:18:09.041 D/OkHttp  (25910): Accept-Encoding: gzip
07-05 23:18:09.041 D/OkHttp  (25910): User-Agent: okhttp/3.6.0
07-05 23:18:09.041 D/OkHttp  (25910): --> END GET
07-05 23:18:09.044 D/vsyncbridge( 1204): hVdecHandle[enWin] = 41818914
07-05 23:18:09.044 I/MiVideoService( 1465): impl handle 0x86001b22 closed!
07-05 23:18:09.044 D/vsyncbridge( 1204): all deinit!!!
07-05 23:18:09.045 E/MiDispoutService( 1465): MiDispoutClose, 352, RES Handle = 14090240 
07-05 23:18:09.061 D/OkHttp  (25910): <-- 200 OK http://picture.edu.hismarttv.com/images/20170629/%E6%B3%A1%E6%B3%A1%E8%8B%B1%E8%AF%AD.jpg (20ms)
07-05 23:18:09.061 D/OkHttp  (25910): Date: Tue, 04 Jul 2017 01:17:06 GMT
07-05 23:18:09.061 D/OkHttp  (25910): Server: nginx
07-05 23:18:09.061 D/OkHttp  (25910): Content-Type: image/jpeg
07-05 23:18:09.061 D/OkHttp  (25910): Content-Length: 121122
07-05 23:18:09.061 D/OkHttp  (25910): Last-Modified: Fri, 09 Jun 2017 14:51:42 GMT
07-05 23:18:09.061 D/OkHttp  (25910): ETag: "593ab5fe-1d922"
07-05 23:18:09.061 D/OkHttp  (25910): Accept-Ranges: bytes
07-05 23:18:09.061 D/OkHttp  (25910): Age: 136862
07-05 23:18:09.061 D/OkHttp  (25910): Via: 1.1 pingwangtong47:0 (Cdn Cache Server V2.0)[0 200 0], 1.1 angtong92:4 (Cdn Cache Server V2.0)[0 200 0]
07-05 23:18:09.061 D/OkHttp  (25910): Connection: keep-alive
07-05 23:18:09.061 D/OkHttp  (25910): <-- END HTTP
07-05 23:18:09.066 V/RMClient( 1204): #213:RMClient::returnAllResourcesAsync
07-05 23:18:09.067 V/RMClient( 1204): #213:onMessageReceived cret
07-05 23:18:09.067 V/RMClient( 1204): #213:kWhatCmdReturnAllResources
07-05 23:18:09.067 V/RMClient( 1204): #213:Done
07-05 23:18:09.067 V/RMAllocator( 1198): Deallocating resources for #213
07-05 23:18:09.067 V/RMAllocator( 1198): ~ClientInfo
07-05 23:18:09.067 I/RMAllocator( 1198): ~ClientInfo this=2378256896,mRMClient=2382853440. id=213
07-05 23:18:09.067 W/RMAllocator( 1198): returnAllResourcesFor: not registered, nothing to do
07-05 23:18:09.068 D/HttpHandler(25910): RetryIntercepter-->retryNum=0
07-05 23:18:09.068 D/HttpHandler(25910): RetryIntercepter-->backoffmutiplier=0
07-05 23:18:09.068 V/RMClient( 1204): #213:handleEvent lret
07-05 23:18:09.068 V/RMClient( 1204): #213:onMessageReceived lret
07-05 23:18:09.068 V/RMClient( 1204): #213:kWhatAllResourcesReturned
07-05 23:18:09.068 D/vsyncbridge( 1204): handleAllResourcesReturned mOverlayID=0
07-05 23:18:09.068 V/RMClient( 1204): #213:Done
07-05 23:18:09.069 I/MiSysSrv( 1214): [37m[INFO] Change to Voltage: 117 mv (0x32)[m
07-05 23:18:09.097 E/BufferQueueProducer( 1204): [SurfaceView] disconnect(P): connected to another API (cur=0 req=3)
07-05 23:18:09.097 W/MediaPlayerService( 1206): native_window_api_disconnect returned an error: Invalid argument (-22)
07-05 23:18:09.098 V/NuPlayer( 1206): NuPlayer::~NuPlayer ---- Enter ...
07-05 23:18:09.098 V/RMClient( 1206): #405:~RMClient
07-05 23:18:09.098 V/RMClient( 1206): #405:RMClient::returnAllResourcesAsync
07-05 23:18:09.099 I/NuPlayer( 1206): NuPlayerRMClientListener::~NuPlayerRMClientListener
07-05 23:18:09.099 V/RMClientListener( 1206): ~RMClientListener
07-05 23:18:09.099 V/AudioFlinger( 1206): releasing 642 from 25910 for -1
07-05 23:18:09.099 V/AudioFlinger( 1206):  decremented refcount to 1
07-05 23:18:09.099 V/AudioFlinger( 1206): removeClient_l() pid 1206, calling pid 1206
07-05 23:18:09.099 V/AudioPolicyManager( 1206): releaseOutput() 2
07-05 23:18:09.099 D/Carousel-log_video-(25910): onStopPlay!
07-05 23:18:09.099 D/Carousel-log_video-(25910): submitPlayStopLog mLogPlayState:2
07-05 23:18:09.099 D/Carousel-log_video-(25910): reportCarouselPlayLog play stop.
07-05 23:18:09.099 D/Carousel-log_video-(25910): ==Play stoped log from bufferend:stop,normal,duration:8391
07-05 23:18:09.099 V/AudioFlinger( 1206): releasing 642 from 1206 for 25910
07-05 23:18:09.099 V/AudioFlinger( 1206):  decremented refcount to 0
