07-05 20:46:26.650 D/HttpHandler( 7040): VerifySignInterCeptor-->request.url()=http://picture.edu.hismarttv.com/images/20170628111857828826.png
07-05 20:46:26.650 D/HttpHandler( 7040): VerifySignInterCeptor-->hostname=picture.edu.hismarttv.com
07-05 20:46:26.655 D/OkHttp  ( 7040): <-- 200 OK http://picture.edu.hismarttv.com/images/20170629075040001252.jpg (37ms)
07-05 20:46:26.655 D/OkHttp  ( 7040): Date: Mon, 03 Jul 2017 10:17:09 GMT
07-05 20:46:26.655 D/OkHttp  ( 7040): Server: nginx
07-05 20:46:26.655 D/OkHttp  ( 7040): Content-Type: image/jpeg
07-05 20:46:26.655 D/OkHttp  ( 7040): Content-Length: 103036
07-05 20:46:26.655 D/OkHttp  ( 7040): Last-Modified: Thu, 29 Jun 2017 07:50:40 GMT
07-05 20:46:26.655 D/OkHttp  ( 7040): ETag: "5954b150-1927c"
07-05 20:46:26.655 D/OkHttp  ( 7040): Accept-Ranges: bytes
07-05 20:46:26.655 D/OkHttp  ( 7040): Age: 181757
07-05 20:46:26.655 D/OkHttp  ( 7040): Via: 1.1 changzhiwangtong172:9 (Cdn Cache Server V2.0)[0 200 0], 1.1 t85:5 (Cdn Cache Server V2.0)[0 200 0]
07-05 20:46:26.655 D/OkHttp  ( 7040): Connection: keep-alive
07-05 20:46:26.655 D/OkHttp  ( 7040): <-- END HTTP
07-05 20:46:26.668 D/HttpHandler( 7040): VerifySignInterCeptor-->request.url()=http://picture.edu.hismarttv.com/images/20170629/%E5%BF%83%E7%AE%97%E5%8F%A3%E8%AF%80%E5%A4%A9%E5%A4%A9%E7%BB%83.jpg
07-05 20:46:26.668 D/HttpHandler( 7040): VerifySignInterCeptor-->hostname=picture.edu.hismarttv.com
07-05 20:46:26.684 I/HttpBuilder( 7040): addUrlPublicParams mUrl ==>http://api.edu.hismarttv.com/payment/api/get/experience/member?uuid=13287129&mac=a8:a6:48:18:fc:a8&devid=86100300900000500000060a4818fca8&version=00.002.003&subscriberId=13287129&customerId=7195320&model_id=0&APPPackage=com.hisense.hicloud.edca&PFAPPCode=652&APPVersionName=3.0.0.9.00&ChannelId=0&softwareVersion=LED50MU8600UC0000888&tv_distribute_id=00&devType=0&APIVersion=600&accessToken=72DF6038D2AEAB8A76DFBBBBCC428A4A_002924047099462
07-05 20:46:26.687 D/HttpHandler( 7040): VerifySignInterCeptor-->request.url()=http://api.edu.hismarttv.com/payment/api/get/experience/member?uuid=13287129&mac=a8:a6:48:18:fc:a8&devid=86100300900000500000060a4818fca8&version=00.002.003&subscriberId=13287129&customerId=7195320&model_id=0&APPPackage=com.hisense.hicloud.edca&PFAPPCode=652&APPVersionName=3.0.0.9.00&ChannelId=0&softwareVersion=LED50MU8600UC0000888&tv_distribute_id=00&devType=0&APIVersion=600&accessToken=72DF6038D2AEAB8A76DFBBBBCC428A4A_002924047099462
07-05 20:46:26.687 D/HttpHandler( 7040): VerifySignInterCeptor-->hostname=api.edu.hismarttv.com
07-05 20:46:26.769 I/MiSysSrv( 1214): [37m[INFO] Change to Voltage: 102 mv (0x23)[m
07-05 20:46:26.948 D/TabFocusBorderView( 7040): SLOVEN onAnimationCancel
07-05 20:46:26.948 D/TabFocusBorderView( 7040): SLOVEN onAnimationEnd
07-05 20:46:26.948 D/TabView ( 7040): SLOVEN border top===>:296---407
07-05 20:46:26.949 I/TabView ( 7040): onScroll:,firstItem=0,visibleCount=6,totalCount=10
07-05 20:46:26.950 D/Carousel-CarouselView( 7040): ============>onScrollChanged hashCode:832018257
07-05 20:46:26.986 D/HttpHandler( 7040): HttpDNS-->hostname=api.edu.hismarttv.com
07-05 20:46:26.987 D/HttpHandler( 7040): RAMCache-->hostInfo.getClientTimeStamp()=7622175
07-05 20:46:26.987 D/HttpHandler( 7040): RAMCache-->hostInfo.getTtl()=3600
07-05 20:46:26.987 D/HttpHandler( 7040): RAMCache-->SystemClock.elapsedRealtime()=7628559
07-05 20:46:26.988 D/OkHttp  ( 7040): --> GET http://picture.edu.hismarttv.com/images/20170628111857828826.png http/1.1
07-05 20:46:26.988 D/OkHttp  ( 7040): Host: picture.edu.hismarttv.com
07-05 20:46:26.988 D/OkHttp  ( 7040): Connection: Keep-Alive
07-05 20:46:26.988 D/OkHttp  ( 7040): Accept-Encoding: gzip
07-05 20:46:26.988 D/OkHttp  ( 7040): User-Agent: okhttp/3.6.0
07-05 20:46:26.988 D/OkHttp  ( 7040): If-None-Match: "595390a1-90e"
07-05 20:46:26.988 D/OkHttp  ( 7040): --> END GET
07-05 20:46:26.995 D/HttpHandler( 7040): DNSHelper-->gslbDns=["123.103.91.123"]
07-05 20:46:26.996 D/OkHttp  ( 7040): --> GET http://picture.edu.hismarttv.com/images/20170629/%E5%BF%83%E7%AE%97%E5%8F%A3%E8%AF%80%E5%A4%A9%E5%A4%A9%E7%BB%83.jpg http/1.1
07-05 20:46:26.996 D/OkHttp  ( 7040): Host: picture.edu.hismarttv.com
07-05 20:46:26.996 D/OkHttp  ( 7040): Connection: Keep-Alive
07-05 20:46:26.996 D/OkHttp  ( 7040): Accept-Encoding: gzip
07-05 20:46:26.996 D/OkHttp  ( 7040): User-Agent: okhttp/3.6.0
07-05 20:46:26.996 D/OkHttp  ( 7040): --> END GET
07-05 20:46:26.997 I/dex2oat ( 7134): dex2oat took 3.409s (threads: 4) arena alloc=330KB java alloc=10MB native alloc=5MB free=10MB
07-05 20:46:26.997 D/Carousel-Utils( 7040): onResourceReady.
07-05 20:46:27.003 D/HttpHandler( 7040): RetryIntercepter-->retryNum=0
07-05 20:46:27.003 D/HttpHandler( 7040): RetryIntercepter-->backoffmutiplier=0
07-05 20:46:27.005 D/OkHttp  ( 7040): <-- 304 Not Modified http://picture.edu.hismarttv.com/images/20170628111857828826.png (15ms)
07-05 20:46:27.005 D/OkHttp  ( 7040): Date: Mon, 03 Jul 2017 10:52:37 GMT
07-05 20:46:27.005 D/OkHttp  ( 7040): Content-Type: image/png
07-05 20:46:27.005 D/OkHttp  ( 7040): Last-Modified: Wed, 28 Jun 2017 11:18:57 GMT
07-05 20:46:27.005 D/OkHttp  ( 7040): ETag: "595390a1-90e"
07-05 20:46:27.005 D/OkHttp  ( 7040): Age: 179629
07-05 20:46:27.005 D/OkHttp  ( 7040): Via: 1.1 anwangtong101:1 (Cdn Cache Server V2.0)[0 304 0]
07-05 20:46:27.005 D/OkHttp  ( 7040): Connection: keep-alive
07-05 20:46:27.005 D/OkHttp  ( 7040): <-- END HTTP
07-05 20:46:27.015 D/HttpHandler( 7040): RetryIntercepter-->retryNum=0
07-05 20:46:27.015 D/HttpHandler( 7040): RetryIntercepter-->backoffmutiplier=0
07-05 20:46:27.028 D/OkHttp  ( 7040): <-- 200 OK http://picture.edu.hismarttv.com/images/20170629/%E5%BF%83%E7%AE%97%E5%8F%A3%E8%AF%80%E5%A4%A9%E5%A4%A9%E7%BB%83.jpg (31ms)
07-05 20:46:27.032 D/OkHttp  ( 7040): Date: Mon, 03 Jul 2017 09:54:49 GMT
07-05 20:46:27.032 D/OkHttp  ( 7040): Server: nginx
07-05 20:46:27.032 D/OkHttp  ( 7040): Content-Type: image/jpeg
07-05 20:46:27.033 D/OkHttp  ( 7040): Content-Length: 204643
07-05 20:46:27.033 D/OkHttp  ( 7040): Last-Modified: Fri, 09 Jun 2017 14:51:40 GMT
07-05 20:46:27.033 D/OkHttp  ( 7040): ETag: "593ab5fc-31f63"
07-05 20:46:27.033 D/OkHttp  ( 7040): Accept-Ranges: bytes
07-05 20:46:27.033 D/OkHttp  ( 7040): Age: 183097
07-05 20:46:27.033 D/OkHttp  ( 7040): Via: 1.1 shuozhou56:1 (Cdn Cache Server V2.0)[8 200 0], 1.1 chwt83:9 (Cdn Cache Server V2.0)[0 200 0]
07-05 20:46:27.033 D/OkHttp  ( 7040): Connection: keep-alive
07-05 20:46:27.033 D/OkHttp  ( 7040): <-- END HTTP
07-05 20:46:27.047 W/PluginProviderBuilder( 7040): createDexClassLoader() return dalvik.system.DexClassLoader[DexPathList[[zip file "/data/data/com.hisense.hicloud.edca/files/plugin/2.1.0.59986/pluginplayer/1.64.0.59984/pluginplayer-release-1.64.0.59984.apk"],nativeLibraryDirectories=[/vendor/lib, /system/lib]]]
07-05 20:46:27.051 W/ContextClassLoaderSwitcher( 7040): ClassLoaderSwitcher doSwitch(com.hisense.hicloud.edca.BaseApplication@2adbac5c, dalvik.system.DexClassLoader[DexPathList[[zip file "/data/data/com.hisense.hicloud.edca/files/plugin/2.1.0.59986/pluginplayer/1.64.0.59984/pluginplayer-release-1.64.0.59984.apk"],nativeLibraryDirectories=[/vendor/lib, /system/lib]]])
07-05 20:46:27.052 W/ObjectMethodHolder( 7040): >> invoke() mMethodName=getBaseContext, mCached=false, mCacheValue=true, mMethod=null
07-05 20:46:27.053 W/ProcessCpuTracker( 1733): Skipping unknown process pid 7134
07-05 20:46:27.057 I/TVMW@HsTvSetting( 1234): Trace cmd, data = 0x1058
07-05 20:46:27.057 D/til@system( 2026): til_get_system_param option:100002F int:0, bool:0, ret:0
07-05 20:46:27.057 I/TVMW@HsTvSetting( 1234): Trace cmd, data = 0x101f
07-05 20:46:27.057 D/til@system( 2026): til_get_system_param option:100001D int:3, bool:3, ret:0
07-05 20:46:27.058 E/til     ( 2026): [til_get_current_input_source, 101] 
07-05 20:46:27.058 I/TVMW@HsTvSetting( 1234): Trace cmd, data = 0x7007
07-05 20:46:27.058 I/tilwrapper@sm( 2026): HS2TIL_SourceType *hs=0xd, *til=0x900
07-05 20:46:27.058 D/til     ( 2026): get current source 2304
07-05 20:46:27.058 D/SourceRemoteServiceHandler( 2026): getCurrentInputSource.from.til.result is 0, value is 2304
07-05 20:46:27.058 D/SourceRemoteServiceHandler( 2026): getInputSourceType source: 0x900, type=2304
07-05 20:46:27.058 D/til     ( 2026): ###### func:til_get_picture_param option:0x3000006 ######  
07-05 20:46:27.058 I/TVMW@HsTvSetting( 1234): Trace cmd, data = 0x1003
07-05 20:46:27.058 I/TVMW@HsTvSetting( 1234): Trace cmd, data = 0x8032
07-05 20:46:27.059 I/hstvos  ( 1216): [0m[1;33m[HSHAL][HS_VIDEO][HS_HAL_Video_SetOsdDetect_v2][2389]u16Threshold = 20
07-05 20:46:27.059 I/MiSysSrv( 1214): Not support now! 42, change to mm_video!!!
07-05 20:46:27.066 D/HttpHandler( 7040): VerifySignInterCeptor-->request.url()=http://picture.edu.hismarttv.com/images/20170629/%E5%AE%A2%E5%8E%85%E7%87%83%E8%84%82%E5%A5%B3%E7%8E%8B20170207081137502012.jpg
07-05 20:46:27.066 D/HttpHandler( 7040): VerifySignInterCeptor-->hostname=picture.edu.hismarttv.com
07-05 20:46:27.068 I/art     ( 7040): Background sticky concurrent mark sweep GC freed 9700(1196KB) AllocSpace objects, 0(0B) LOS objects, 0% free, 33MB/33MB, paused 7.895ms total 67.839ms
07-05 20:46:27.068 E/TVMW@videoctrl( 1234):  getOsd is 1
07-05 20:46:27.069 D/til@system( 2026): til_get_system_param option:1000027 int:1, bool:1, ret:0
07-05 20:46:27.069 D/til     ( 2026): ###### func:til_get_picture_param option:0x3000045 ######  
07-05 20:46:27.069 I/TVMW@HsTvSetting( 1234): Trace cmd, data = 0x300c
07-05 20:46:27.069 I/TVMW@HsTvSetting( 1234): Trace 3d, data = 0x300c
07-05 20:46:27.069 I/TVMW@3d ( 1234): Hs_debug3d_trace: func:get3dStatus, line:109
07-05 20:46:27.070 W/ObjectMethodHolder( 7040): << invoke() mMethodName=getBaseContext, mCached=true, mCacheValue=true, mMethod=public android.content.Context android.content.ContextWrapper.getBaseContext() return android.app.ContextImpl{android.app.ContextImpl@6583b7c}
07-05 20:46:27.070 W/ObjectMethodHolder( 7040): >> invoke() mMethodName=getClassLoader, mCached=false, mCacheValue=true, mMethod=null
07-05 20:46:27.071 W/ObjectMethodHolder( 7040): << invoke() mMethodName=getClassLoader, mCached=true, mCacheValue=true, mMethod=public java.lang.ClassLoader android.app.LoadedApk.getClassLoader() return dalvik.system.PathClassLoader{dalvik.system.PathClassLoader[DexPathList[[zip file "/data/app/com.hisense.hicloud.edca-2/base.apk"],nativeLibraryDirectories=[/data/app/com.hisense.hicloud.edca-2/lib/arm, /vendor/lib, /system/lib]]]}
07-05 20:46:27.072 W/PluginProviderBuilder( 7040): createPluginContext() return /data/app/com.hisense.hicloud.edca-2/base.apk
07-05 20:46:27.072 D/Carousel-Utils( 7040): onResourceReady.
07-05 20:46:27.072 D/Carousel-Utils( 7040): onResourceReady.
07-05 20:46:27.072 D/Carousel-Utils( 7040): onResourceReady.
07-05 20:46:27.075 D/Carousel-Utils( 7040): onResourceReady.
07-05 20:46:27.076 I/MyFragmentStateAdapter( 7040): getCount
07-05 20:46:27.076 I/MyFragmentStateAdapter( 7040): getCount
07-05 20:46:27.077 I/MyFragmentStateAdapter( 7040): getCount
07-05 20:46:27.077 I/MyFragmentStateAdapter( 7040): getCount
07-05 20:46:27.077 I/FirstLineAdapter( 7040): canShowTrailer,isOffline=false
07-05 20:46:27.077 I/FirstLineAdapter( 7040): canShowTrailer,isOffline=false
07-05 20:46:27.077 I/FirstLineAdapter( 7040): canShowTrailer,isOffline=false
07-05 20:46:27.077 I/FirstLineAdapter( 7040): canShowTrailer,isOffline=false
07-05 20:46:27.077 I/FirstLineAdapter( 7040): canShowTrailer,isOffline=false
07-05 20:46:27.077 I/FirstLineAdapter( 7040): canShowTrailer,isOffline=false
07-05 20:46:27.077 I/FirstLineAdapter( 7040): canShowTrailer,isOffline=false
07-05 20:46:27.078 W/QueryController( 7006): AccessibilityNodeInfo returned a null child (0 of 2)
07-05 20:46:27.078 D/Carousel-CarouselChannelItemView( 7040): Listitem imageUrl:http://picture.edu.hismarttv.com/images/20170628102959016598.jpg
07-05 20:46:27.078 W/QueryController( 7006): parent = android.view.accessibility.AccessibilityNodeInfo@80015603; boundsInParent: Rect(0, 0 - 430, 279); boundsInScreen: Rect(293, 792 - 723, 1071); packageName: com.hisense.hicloud.edca; className: android.widget.RelativeLayout; text: null; error: null; maxTextLength: -1; contentDescription: null; viewIdResName: null; checkable: false; checked: false; focusable: true; focused: false; selected: false; clickable: true; longClickable: false; enabled: true; password: false; scrollable: false; actions: [AccessibilityAction: ACTION_FOCUS - null, AccessibilityAction: ACTION_SELECT - null, AccessibilityAction: ACTION_CLEAR_SELECTION - null, AccessibilityAction: ACTION_CLICK - null, AccessibilityAction: ACTION_ACCESSIBILITY_FOCUS - null]
07-05 20:46:27.078 D/Carousel-Utils( 7040): onResourceReady.
07-05 20:46:27.079 I/TVMW@devctrl( 1234): wdt
07-05 20:46:27.080 D/Carousel-CarouselChannelItemView( 7040): Listitem imageUrl:http://picture.edu.hismarttv.com/images/20170628103002814396.jpg
07-05 20:46:27.080 D/Carousel-Utils( 7040): onResourceReady.
07-05 20:46:27.081 D/Carousel-CarouselChannelItemView( 7040): Listitem imageUrl:http://picture.edu.hismarttv.com/images/20170628103009181182.jpg
07-05 20:46:27.081 D/Carousel-Utils( 7040): onResourceReady.
07-05 20:46:27.082 D/Carousel-CarouselChannelItemView( 7040): Listitem imageUrl:http://picture.edu.hismarttv.com/images/20170628102959016598.jpg
07-05 20:46:27.082 D/Carousel-Utils( 7040): onResourceReady.
07-05 20:46:27.083 D/Carousel-CarouselChannelItemView( 7040): Listitem imageUrl:http://picture.edu.hismarttv.com/images/20170628103002814396.jpg
07-05 20:46:27.084 D/Carousel-Utils( 7040): onResourceReady.
07-05 20:46:27.084 D/Carousel-CarouselChannelItemView( 7040): Listitem imageUrl:http://picture.edu.hismarttv.com/images/20170628103009181182.jpg
07-05 20:46:27.084 D/OkHttp  ( 7040): --> GET http://picture.edu.hismarttv.com/images/20170629/%E5%AE%A2%E5%8E%85%E7%87%83%E8%84%82%E5%A5%B3%E7%8E%8B20170207081137502012.jpg http/1.1
07-05 20:46:27.084 D/OkHttp  ( 7040): Host: picture.edu.hismarttv.com
07-05 20:46:27.084 D/OkHttp  ( 7040): Connection: Keep-Alive
07-05 20:46:27.084 D/OkHttp  ( 7040): Accept-Encoding: gzip
07-05 20:46:27.084 D/OkHttp  ( 7040): User-Agent: okhttp/3.6.0
07-05 20:46:27.084 D/OkHttp  ( 7040): --> END GET
07-05 20:46:27.085 D/Carousel-Utils( 7040): onResourceReady.
07-05 20:46:27.086 I/FirstLineAdapter( 7040): canShowTrailer,isOffline=false
07-05 20:46:27.086 I/FirstLineAdapter( 7040): canShowTrailer,isOffline=false
07-05 20:46:27.087 D/Carousel-CarouselView( 7040): ============>onScrollChanged hashCode:832018257
07-05 20:46:27.090 I/MyFragmentStateAdapter( 7040): getCount
07-05 20:46:27.092 D/HttpHandler( 7040): RetryIntercepter-->retryNum=0
07-05 20:46:27.092 D/HttpHandler( 7040): RetryIntercepter-->backoffmutiplier=0
07-05 20:46:27.099 D/OkHttp  ( 7040): <-- 200 OK http://picture.edu.hismarttv.com/images/20170629/%E5%AE%A2%E5%8E%85%E7%87%83%E8%84%82%E5%A5%B3%E7%8E%8B20170207081137502012.jpg (14ms)
07-05 20:46:27.099 D/OkHttp  ( 7040): Date: Tue, 04 Jul 2017 01:16:46 GMT
07-05 20:46:27.099 D/OkHttp  ( 7040): Server: nginx
07-05 20:46:27.099 D/OkHttp  ( 7040): Content-Type: image/jpeg
07-05 20:46:27.099 D/OkHttp  ( 7040): Content-Length: 107115
07-05 20:46:27.099 D/OkHttp  ( 7040): Last-Modified: Fri, 09 Jun 2017 14:40:58 GMT
07-05 20:46:27.099 D/OkHttp  ( 7040): ETag: "593ab37a-1a26b"
07-05 20:46:27.099 D/OkHttp  ( 7040): Accept-Ranges: bytes
07-05 20:46:27.099 D/OkHttp  ( 7040): Age: 127781
07-05 20:46:27.099 D/OkHttp  ( 7040): Via: 1.1 shzh52:3 (Cdn Cache Server V2.0)[8 200 0], 1.1 awt102:3 (Cdn Cache Server V2.0)[0 200 0]
07-05 20:46:27.099 D/OkHttp  ( 7040): Connection: keep-alive
07-05 20:46:27.099 D/OkHttp  ( 7040): <-- END HTTP
07-05 20:46:27.103 D/HttpHandler( 7040): RetryIntercepter-->retryNum=0
07-05 20:46:27.103 D/HttpHandler( 7040): RetryIntercepter-->backoffmutiplier=0
07-05 20:46:27.108 D/Player/PluginProvider@869f6bd( 7040): [TID 7070] PluginProvider() new
07-05 20:46:27.108 W/AbsPluginProvider( 7040): initialize<<(hostContext=com.hisense.hicloud.edca.BaseApplication@2adbac5c, context=com.qiyi.sdk.plugin.server.core.ContextProxy@3179d4b2, params={lib_dir=/data/data/com.hisense.hicloud.edca/files/plugin/2.1.0.59986/pluginplayer/1.64.0.59984/pluginplayer-release-1.64.0.59984-libs, file_path=/data/data/com.hisense.hicloud.edca/files/plugin/2.1.0.59986/pluginplayer/1.64.0.59984/pluginplayer-release-1.64.0.59984.apk}, info=AppInfo(hostVersion=2.1.0.59986mHostAllowDebug=false))
07-05 20:46:27.109 D/Player/PluginProvider@869f6bd( 7040): [TID 7070] onInitialize() lib path=/data/data/com.hisense.hicloud.edca/files/plugin/2.1.0.59986/pluginplayer/1.64.0.59984/pluginplayer-release-1.64.0.59984-libs
07-05 20:46:27.109 I/LogUtils( 7040): [TID 7070] log is open
07-05 20:46:27.112 W/QueryController( 7006): AccessibilityNodeInfo returned a null child (1 of 2)
07-05 20:46:27.113 D/Player/PluginProvider@869f6bd( 7040): [TID 7070] setupSdkFeature()
07-05 20:46:27.122 D/OkHttp  ( 7040): --> POST http://api.edu.hismarttv.com/payment/api/get/experience/member?uuid=13287129&mac=a8:a6:48:18:fc:a8&devid=86100300900000500000060a4818fca8&version=00.002.003&subscriberId=13287129&customerId=7195320&model_id=0&APPPackage=com.hisense.hicloud.edca&PFAPPCode=652&APPVersionName=3.0.0.9.00&ChannelId=0&softwareVersion=LED50MU8600UC0000888&tv_distribute_id=00&devType=0&APIVersion=600&accessToken=72DF6038D2AEAB8A76DFBBBBCC428A4A_002924047099462 http/1.1
07-05 20:46:27.122 D/OkHttp  ( 7040): Content-Type: application/x-www-form-urlencoded
07-05 20:46:27.123 D/OkHttp  ( 7040): Content-Length: 512
07-05 20:46:27.123 D/OkHttp  ( 7040): Data_Type: JSON
07-05 20:46:27.123 D/OkHttp  ( 7040): RetryTime: 0
07-05 20:46:27.123 D/OkHttp  ( 7040): Backoffmutiplier: 0
07-05 20:46:27.123 D/OkHttp  ( 7040): Host: api.edu.hismarttv.com
07-05 20:46:27.123 D/OkHttp  ( 7040): Connection: Keep-Alive
07-05 20:46:27.123 D/OkHttp  ( 7040): Accept-Encoding: gzip
07-05 20:46:27.123 D/OkHttp  ( 7040): User-Agent: okhttp/3.6.0
07-05 20:46:27.123 D/OkHttp  ( 7040): --> END POST
07-05 20:46:27.140 W/QueryController( 7006): AccessibilityNodeInfo returned a null child (0 of 2)
07-05 20:46:27.141 W/QueryController( 7006): parent = android.view.accessibility.AccessibilityNodeInfo@80015d85; boundsInParent: Rect(0, 0 - 430, 279); boundsInScreen: Rect(1133, 792 - 1563, 1071); packageName: com.hisense.hicloud.edca; className: android.widget.RelativeLayout; text: null; error: null; maxTextLength: -1; contentDescription: null; viewIdResName: null; checkable: false; checked: false; focusable: true; focused: false; selected: false; clickable: true; longClickable: false; enabled: true; password: false; scrollable: false; actions: [AccessibilityAction: ACTION_FOCUS - null, AccessibilityAction: ACTION_SELECT - null, AccessibilityAction: ACTION_CLEAR_SELECTION - null, AccessibilityAction: ACTION_CLICK - null, AccessibilityAction: ACTION_ACCESSIBILITY_FOCUS - null]
07-05 20:46:27.157 W/QueryController( 7006): AccessibilityNodeInfo returned a null child (1 of 2)
07-05 20:46:27.172 I/MiSysSrv( 1214): [37m[INFO] Change to Voltage: 117 mv (0x32)[m
07-05 20:46:27.180 W/QueryController( 7006): AccessibilityNodeInfo returned a null child (0 of 1)
07-05 20:46:27.180 W/QueryController( 7006): parent = android.view.accessibility.AccessibilityNodeInfo@80017b8d; boundsInParent: Rect(0, 0 - 430, 252); boundsInScreen: Rect(1553, 802 - 1920, 1054); packageName: com.hisense.hicloud.edca; className: android.widget.RelativeLayout; text: null; error: null; maxTextLength: -1; contentDescription: null; viewIdResName: com.hisense.hicloud.edca:id/layout_img_container; checkable: false; checked: false; focusable: false; focused: false; selected: false; clickable: false; longClickable: false; enabled: true; password: false; scrollable: false; actions: [AccessibilityAction: ACTION_SELECT - null, AccessibilityAction: ACTION_CLEAR_SELECTION - null, AccessibilityAction: ACTION_ACCESSIBILITY_FOCUS - null]
07-05 20:46:27.182 I/NetflixMonitorService( 1733): current fgapk : com.hisense.hicloud.edca
07-05 20:46:27.182 I/NetflixMonitorService( 1733): Netflix status unchanged
07-05 20:46:27.185 D/OkHttp  ( 7040): <-- 200 OK http://api.edu.hismarttv.com/payment/api/get/experience/member?uuid=13287129&mac=a8:a6:48:18:fc:a8&devid=86100300900000500000060a4818fca8&version=00.002.003&subscriberId=13287129&customerId=7195320&model_id=0&APPPackage=com.hisense.hicloud.edca&PFAPPCode=652&APPVersionName=3.0.0.9.00&ChannelId=0&softwareVersion=LED50MU8600UC0000888&tv_distribute_id=00&devType=0&APIVersion=600&accessToken=72DF6038D2AEAB8A76DFBBBBCC428A4A_002924047099462 (62ms)
07-05 20:46:27.185 D/OkHttp  ( 7040): Server: nginx
07-05 20:46:27.185 D/OkHttp  ( 7040): Date: Wed, 05 Jul 2017 12:46:27 GMT
07-05 20:46:27.185 D/OkHttp  ( 7040): Content-Type: application/json
07-05 20:46:27.185 D/OkHttp  ( 7040): Content-Length: 289
07-05 20:46:27.185 D/OkHttp  ( 7040): Connection: close
07-05 20:46:27.185 D/OkHttp  ( 7040): <-- END HTTP
07-05 20:46:27.186 D/HttpHandler( 7040): RetryIntercepter-->retryNum=0
07-05 20:46:27.186 D/HttpHandler( 7040): RetryIntercepter-->backoffmutiplier=0
07-05 20:46:27.187 D/HttpHandler( 7040): VerifySignInterCeptor-->dateType=1
07-05 20:46:27.187 D/HttpHandler( 7040): VerifySignInterCeptor-->HttpRequestManager.httpClietOption.getVerifyFlag()=1
07-05 20:46:27.189 D/HttpHandler( 7040): VerifySignInterCeptor-->content={"message": "\u6ca1\u6709\u67e5\u8be2\u5230id\u4e3a0\u7684\u5f39\u7a97\u4fe1\u606f", "success": false}
07-05 20:46:27.200 D/HiNetworkImpl( 7040): doHttp_Asyn(): onReqResponse isSuccessful = true, back from thread: main
07-05 20:46:27.201 W/QueryController( 7006): AccessibilityNodeInfo returned a null child (0 of 1)
07-05 20:46:27.202 W/QueryController( 7006): parent = android.view.accessibility.AccessibilityNodeInfo@80017f4e; boundsInParent: Rect(0, 0 - 400, 38); boundsInScreen: Rect(1568, 1033 - 1920, 1071); packageName: com.hisense.hicloud.edca; className: android.widget.RelativeLayout; text: null; error: null; maxTextLength: -1; contentDescription: null; viewIdResName: null; checkable: false; checked: false; focusable: false; focused: false; selected: false; clickable: false; longClickable: false; enabled: true; password: false; scrollable: false; actions: [AccessibilityAction: ACTION_SELECT - null, AccessibilityAction: ACTION_CLEAR_SELECTION - null, AccessibilityAction: ACTION_ACCESSIBILITY_FOCUS - null]
07-05 20:46:27.215 D/PlayerSdk/PlayerSdkProject( 7040): [TID 7070] >> beginInitialize
07-05 20:46:27.215 D/PlayerSdk/SdkConfigManager( 7040): [TID 7070] setupConfig: context=com.qiyi.sdk.plugin.server.core.ContextProxy@3179d4b2
07-05 20:46:27.215 W/ContextProxy( 7040): getAssets() mAssetManager=android.content.res.AssetManager@19c3480a
07-05 20:46:27.219 D/PlayerSdk/SdkConfigManager( 7040): [TID 7070] setupConfig: strEncrypted=VVVJRD0yMDE3MDQyNTExMzUzNzkxMmdlVEdXS0REMTE3MDIsQ1VTVE9NRVJfSUQ9NjAsUExBWUVSX0NPTkZJR19UWVBFPTQsUExBVEZPUk1fVFZBUEk9SEFJWElOLElTX1NVUFBPUlRfWUlOSEVfUElOR0JBQ0s9ZmFsc2UsSVNfRU5CQUxFX0gyNjU9ZmFsc2UsSVNfRU5BQkxFX0RPTEJZPWZhbHNlLElTX0VOQkFMRV80Sz0sSVNfRU5CQUxFX0RPTEJZX1ZJU0lPTj0sSVNfRU5CQUxFX0hEUjEwPSxJU19VU0VfVE1UU19MT0NBTF9TSUdOPWZhbHNlLElTX0dFVF9VVUlEX0ZST01fU0VSVkVSPXRydWUsQ0ROX0RJU1BBVENIX1BBUkFNPSxET01BSU5fTkFNRT1wdHF5LmdpdHYudHYsTkFUSVZFX1BMQVlFUl9CUkFORD1IaVNlbnNlLExPR0lOX1RZUEU9U1VCX0FDQ09VTlQsQ1VTVE9NRVJfUEFDS0FHRV9OQU1FPWNvbS5oaXNlbnNlLmhpY2xvdWQuZWRjYSxJU19ERUJVR19WRVJTSU9OPWZhbHNlLE5BVElWRV9QTEFZRVJfQ09ERUNUWVBFPSxQTEFZRVJfUExBVEZPUk09UF9IaXNlbnNlLEVOQUJMRV9TRVRfQklUU1RSRUFNPXRydWUsREVGQVVMVF9DRkdfQklUU1RSRUFNPSw=
07-05 20:46:27.229 I/MyFragmentStateAdapter( 7040): getCount
07-05 20:46:27.233 I/System.out( 7040): decode
07-05 20:46:27.234 W/ContextProxy( 7040): getResources() mResources=android.content.res.Resources@89ea698
07-05 20:46:27.247 I/art     ( 7040): Background partial concurrent mark sweep GC freed 16495(1536KB) AllocSpace objects, 2(1518KB) LOS objects, 11% free, 32MB/36MB, paused 4.166ms total 178.567ms
07-05 20:46:27.248 I/HiNetworkImpl( 7040): doHttp_Asyn(): onSuccess clazz = class com.hisense.sdk.domain.ResponseResult, back from thread: main
07-05 20:46:27.248 I/HomeMainActivity( 7040): finishHttpTime : 7628820   640
07-05 20:46:27.249 D/til@system( 2026): til_get_system_param option:1000007 int:-1936523008, bool:0, ret:0
07-05 20:46:27.251 D/til@system( 2026): til_get_system_param option:1000009 int:-1936522368, bool:128, ret:0
07-05 20:46:27.252 D/WebcastSDK-HiCloudSourcePlugin( 7040): getContext(): com.hisense.hicloud.edca.BaseApplication@2adbac5c mWebcastManager: com.hisense.webcastSDK.WebcastManager@2955dad6
07-05 20:46:27.253 D/WebcastSDK-( 7040): activity == null.
07-05 20:46:27.256 D/til@system( 2026): til_get_system_param option:1000008 int:-1936522112, bool:128, ret:0
07-05 20:46:27.256 D/HiSDKLogReport( 7040): getOperationDetail-productName : LED50MU8600UC
07-05 20:46:27.256 D/HiSDKLogReport( 7040): getOperationDetail-plmNumber : 88888
07-05 20:46:27.256 D/HiSDKLogReport( 7040): getOperationDetail-swVersion : V0000.00.01A
07-05 20:46:27.256 D/HiSDKLogReport( 7040): getOperationDetail-operationDetail : LED50MU8600UC0000888
07-05 20:46:27.257 D/HiSDKLogReport( 7040): processLogReport-log : {eventType=163, appKey=1182445233, APPVersionName=3.0.0.9.00, devid=86100300900000500000060a4818fca8, mac=a8:a6:48:18:fc:a8, uuid=13287129, accessToken=72DF6038D2AEAB8A76DFBBBBCC428A4A_002924047099462, APIversion=501, logversion=2.0, devType=0, APPPackage=com.hisense.hicloud.edca, eventPos=002, requesttime=1499258787256, customerId=7195320, value2=, eventMessage=HttpConnection, value1=640, model_id=0, ChannelId=0, version=00.002.003, tv_distribute_id=00, subscriberId=13287129, APIVersion=600, PFAPPCode=652, softwareVersion=LED50MU8600UC0000888}
07-05 20:46:27.260 I/HomeMainActivity.java( 7040): VodLog-[onSuccess:1016]postExperienceVIP request fail.Error Message: id0
07-05 20:46:27.270 W/ContextProxy( 7040): getResources() mResources=android.content.res.Resources@89ea698
07-05 20:46:27.271 V/PackageManager( 1733): getPackageInfo com.hisense.hicloud.edca: Package{3fb3f3a1 com.hisense.hicloud.edca}
07-05 20:46:27.272 I/WebcastSDK-( 7040): getAppVersionName(), versionName = 3.0.0.9.00
07-05 20:46:27.275 W/System.err( 7040): java.net.ConnectException: failed to connect to /10.18.210.112 (port 8900) after 6000ms: isConnected failed: ECONNREFUSED (Connection refused)
07-05 20:46:27.276 W/System.err( 7040): 	at libcore.io.IoBridge.isConnected(IoBridge.java:238)
07-05 20:46:27.276 W/System.err( 7040): 	at libcore.io.IoBridge.connectErrno(IoBridge.java:171)
07-05 20:46:27.276 W/System.err( 7040): 	at libcore.io.IoBridge.connect(IoBridge.java:122)
07-05 20:46:27.276 W/System.err( 7040): 	at java.net.PlainSocketImpl.connect(PlainSocketImpl.java:183)
07-05 20:46:27.276 W/System.err( 7040): 	at java.net.PlainSocketImpl.connect(PlainSocketImpl.java:456)
07-05 20:46:27.276 W/System.err( 7040): 	at java.net.Socket.connect(Socket.java:882)
07-05 20:46:27.276 W/System.err( 7040): 	at com.android.okhttp.internal.Platform.connectSocket(Platform.java:174)
07-05 20:46:27.276 W/System.err( 7040): 	at com.android.okhttp.Connection.connect(Connection.java:152)
07-05 20:46:27.276 W/System.err( 7040): 	at com.android.okhttp.internal.http.HttpEngine.connect(HttpEngine.java:276)
07-05 20:46:27.276 W/System.err( 7040): 	at com.android.okhttp.internal.http.HttpEngine.sendRequest(HttpEngine.java:211)
07-05 20:46:27.276 W/System.err( 7040): 	at com.android.okhttp.internal.http.HttpURLConnectionImpl.execute(HttpURLConnectionImpl.java:382)
07-05 20:46:27.276 W/System.err( 7040): 	at com.android.okhttp.internal.http.HttpURLConnectionImpl.connect(HttpURLConnectionImpl.java:106)
07-05 20:46:27.276 W/System.err( 7040): 	at com.hisense.hitv.hicloud.util.ExceptionReport.a(ExceptionReport.java:337)
07-05 20:46:27.276 W/System.err( 7040): 	at com.hisense.hitv.hicloud.util.ExceptionReport.a(ExceptionReport.java:39)
07-05 20:46:27.276 W/System.err( 7040): 	at com.hisense.hitv.hicloud.util.ExceptionReport$1.run(ExceptionReport.java:83)
07-05 20:46:27.276 W/System.err( 7040): 	at java.lang.Thread.run(Thread.java:818)
07-05 20:46:27.276 W/System.err( 7040): Caused by: android.system.ErrnoException: isConnected failed: ECONNREFUSED (Connection refused)
07-05 20:46:27.279 W/System.err( 7040): 	at libcore.io.IoBridge.isConnected(IoBridge.java:223)
07-05 20:46:27.279 W/System.err( 7040): 	... 15 more
07-05 20:46:27.286 I/System.out( 7040): ok
07-05 20:46:27.288 I/System.out( 7040): UUID=20170425113537912geTGWKDD11702,CUSTOMER_ID=60,PLAYER_CONFIG_TYPE=4,PLATFORM_TVAPI=HAIXIN,IS_SUPPORT_YINHE_PINGBACK=false,IS_ENBALE_H265=false,IS_ENABLE_DOLBY=false,IS_ENBALE_4K=,IS_ENBALE_DOLBY_VISION=,IS_ENBALE_HDR10=,IS_USE_TMTS_LOCAL_SIGN=false,IS_GET_UUID_FROM_SERVER=true,CDN_DISPATCH_PARAM=,DOMAIN_NAME=ptqy.gitv.tv,NATIVE_PLAYER_BRAND=HiSense,LOGIN_TYPE=SUB_ACCOUNT,CUSTOMER_PACKAGE_NAME=com.hisense.hicloud.edca,IS_DEBUG_VERSION=false,NATIVE_PLAYER_CODECTYPE=,PLAYER_PLATFORM=P_Hisense,ENABLE_SET_BITSTREAM=true,DEFAULT_CFG_BITSTREAM=,
07-05 20:46:27.288 I/System.out( 7040): hook :UUID=20170425113537912geTGWKDD11702,CUSTOMER_ID=60,PLAYER_CONFIG_TYPE=4,PLATFORM_TVAPI=HAIXIN,IS_SUPPORT_YINHE_PINGBACK=false,IS_ENBALE_H265=false,IS_ENABLE_DOLBY=false,IS_ENBALE_4K=,IS_ENBALE_DOLBY_VISION=,IS_ENBALE_HDR10=,IS_USE_TMTS_LOCAL_SIGN=false,IS_GET_UUID_FROM_SERVER=true,CDN_DISPATCH_PARAM=,DOMAIN_NAME=ptqy.gitv.tv,NATIVE_PLAYER_BRAND=HiSense,LOGIN_TYPE=SUB_ACCOUNT,CUSTOMER_PACKAGE_NAME=com.hisense.hicloud.edca,IS_DEBUG_VERSION=false,NATIVE_PLAYER_CODECTYPE=,PLAYER_PLATFORM=P_Hisense,ENABLE_SET_BITSTREAM=true,DEFAULT_CFG_BITSTREAM=,
07-05 20:46:27.291 D/PlayerSdk/SdkConfig( 7040): [TID 7070] initialize({PLAYER_PLATFORM=P_Hisense, NATIVE_PLAYER_BRAND=HiSense, CUSTOMER_ID=60, ENABLE_SET_BITSTREAM=true, IS_ENBALE_H265=false, UUID=20170425113537912geTGWKDD11702, IS_GET_UUID_FROM_SERVER=true, IS_DEBUG_VERSION=false, IS_ENABLE_DOLBY=false, CUSTOMER_PACKAGE_NAME=com.hisense.hicloud.edca, IS_USE_TMTS_LOCAL_SIGN=false, PLATFORM_TVAPI=HAIXIN, DOMAIN_NAME=ptqy.gitv.tv, LOGIN_TYPE=SUB_ACCOUNT, IS_SUPPORT_YINHE_PINGBACK=false, PLAYER_CONFIG_TYPE=4})
07-05 20:46:27.298 D/PlayerSdk/SdkConfig( 7040): [TID 7070] initialize(), name=com.hisense.hicloud.edca
07-05 20:46:27.298 D/PlayerSdk/SdkConfig( 7040): [TID 7070] initialize(),mCustomerPackageNames=[com.hisense.hicloud.edca]
07-05 20:46:27.299 D/SdkConfigUtils( 7040): [TID 7070] parsePlatformType(HAIXIN)
07-05 20:46:27.299 D/SdkConfigUtils( 7040): [TID 7070] parseLoginType(SUB_ACCOUNT)
07-05 20:46:27.299 I/CurrentCarouselView( 7040): real play
07-05 20:46:27.299 D/SdkConfigUtils( 7040): [TID 7070] parsePlayerPlatform(P_Hisense)
07-05 20:46:27.300 D/PlayerSdk/SdkConfigManager( 7040): [TID 7070] setupConfig: mCurrentConfig=SdkConfig@1acce62{mCustomerCode=60, mPlayerConfigType=4, mPlatformType=HAIXIN, mLoginType=SUB_ACCOUNT, mIsEnableDolby=false, mIsEnableH265=false, mIsEnable4K=true, mIsSupportYinhePingback=false, mShouldDoPlayCheck=true, mshouldGetUuidFromServer=true, mPingbackS1=2, mPingbackS2=simple_sdk, mPingbackP2=3128, mDomainName=ptqy.gitv.tv, mIsDebugVersion=false, mIsDebugVersion=false, mCustomerPackageNames=[com.hisense.hicloud.edca], mEnableSetBitstream=true}
07-05 20:46:27.311 D/Carousel-CarouselView( 7040): clearPosterAndPlay! hashCode=832018257, sWorkingHashCode=0
07-05 20:46:27.318 D/Carousel-CarouselView( 7040): mListView.getAdapter()=com.hisense.hitv.carouselwidgit.view.adapter.CarouselInfoListAdapter@1f41ebf3
07-05 20:46:27.318 D/Carousel-CarouselView( 7040): Last playing position:-1
07-05 20:46:27.318 D/Carousel-CarouselView( 7040): position=1
07-05 20:46:27.318 D/Carousel-CarouselView( 7040): Last play position:1,size:3
07-05 20:46:27.318 D/AudioSystem( 7040): Setting global gAudioPortCallback On refCnt: 1
07-05 20:46:27.320 D/Carousel-CarouselListView( 7040): onItemClick position:1,view:null
07-05 20:46:27.320 D/Carousel-CarouselListView( 7040): last play position:1,cur:1
07-05 20:46:27.321 D/Carousel-CarouselView( 7040): onListItemClick view=null,position=1
07-05 20:46:27.334 D/HttpHandler( 7040): VerifySignInterCeptor-->request.url()=http://picture.edu.hismarttv.com/images/20170629/%E8%8B%B1%E8%AF%AD%E5%90%AF%E8%92%99.jpg
07-05 20:46:27.342 I/VideoCapabilities( 7040): Unsupported profile 4 for video/mp4v-es
07-05 20:46:27.342 I/VideoCapabilities( 7040): Unsupported profile 4 for video/mp4v-es
07-05 20:46:27.342 I/VideoCapabilities( 7040): Unsupported profile 4 for video/mp4v-es
07-05 20:46:27.342 I/VideoCapabilities( 7040): Unsupported profile 4 for video/mp4v-es
07-05 20:46:27.342 I/VideoCapabilities( 7040): Unsupported profile 4 for video/mp4v-es
07-05 20:46:27.342 I/VideoCapabilities( 7040): Unsupported profile 4 for video/mp4v-es
07-05 20:46:27.342 I/VideoCapabilities( 7040): Unsupported profile 4 for video/mp4v-es
07-05 20:46:27.342 I/VideoCapabilities( 7040): Unsupported profile 4 for video/mp4v-es
07-05 20:46:27.342 I/VideoCapabilities( 7040): Unsupported profile 8 for video/mp4v-es
07-05 20:46:27.342 I/VideoCapabilities( 7040): Unsupported profile 8 for video/mp4v-es
07-05 20:46:27.342 I/VideoCapabilities( 7040): Unsupported profile 8 for video/mp4v-es
07-05 20:46:27.342 I/VideoCapabilities( 7040): Unsupported profile 8 for video/mp4v-es
07-05 20:46:27.342 I/VideoCapabilities( 7040): Unsupported profile 8 for video/mp4v-es
07-05 20:46:27.342 I/VideoCapabilities( 7040): Unsupported profile 8 for video/mp4v-es
07-05 20:46:27.343 I/VideoCapabilities( 7040): Unsupported profile 8 for video/mp4v-es
07-05 20:46:27.343 I/VideoCapabilities( 7040): Unsupported profile 8 for video/mp4v-es
07-05 20:46:27.343 I/VideoCapabilities( 7040): Unsupported profile 1024 for video/mp4v-es
07-05 20:46:27.343 I/VideoCapabilities( 7040): Unsupported profile 1024 for video/mp4v-es
07-05 20:46:27.343 I/VideoCapabilities( 7040): Unsupported profile 1024 for video/mp4v-es
07-05 20:46:27.343 I/VideoCapabilities( 7040): Unsupported profile 1024 for video/mp4v-es
07-05 20:46:27.343 I/VideoCapabilities( 7040): Unsupported profile 1024 for video/mp4v-es
07-05 20:46:27.343 I/VideoCapabilities( 7040): Unsupported profile 1024 for video/mp4v-es
07-05 20:46:27.343 I/VideoCapabilities( 7040): Unsupported profile 1024 for video/mp4v-es
07-05 20:46:27.343 I/VideoCapabilities( 7040): Unsupported profile 1024 for video/mp4v-es
07-05 20:46:27.343 W/VideoCapabilities( 7040): Unrecognized profile/level 32768/2 for video/mp4v-es
07-05 20:46:27.356 D/HttpHandler( 7040): VerifySignInterCeptor-->hostname=picture.edu.hismarttv.com
07-05 20:46:27.359 I/MyFragmentStateAdapter( 7040): getCount
07-05 20:46:27.359 I/MyFragmentStateAdapter( 7040): getCount
07-05 20:46:27.359 I/MyFragmentStateAdapter( 7040): getCount
07-05 20:46:27.359 I/MyFragmentStateAdapter( 7040): getCount
07-05 20:46:27.359 I/FirstLineAdapter( 7040): canShowTrailer,isOffline=false
07-05 20:46:27.359 I/FirstLineAdapter( 7040): canShowTrailer,isOffline=false
07-05 20:46:27.360 I/FirstLineAdapter( 7040): canShowTrailer,isOffline=false
07-05 20:46:27.360 I/FirstLineAdapter( 7040): canShowTrailer,isOffline=false
07-05 20:46:27.360 I/FirstLineAdapter( 7040): canShowTrailer,isOffline=false
07-05 20:46:27.360 I/FirstLineAdapter( 7040): canShowTrailer,isOffline=false
07-05 20:46:27.360 I/FirstLineAdapter( 7040): canShowTrailer,isOffline=false
07-05 20:46:27.360 I/FirstLineAdapter( 7040): canShowTrailer,isOffline=false
07-05 20:46:27.360 I/FirstLineAdapter( 7040): canShowTrailer,isOffline=false
07-05 20:46:27.365 I/MyFragmentStateAdapter( 7040): getCount
07-05 20:46:27.365 D/OkHttp  ( 7040): --> GET http://picture.edu.hismarttv.com/images/20170629/%E8%8B%B1%E8%AF%AD%E5%90%AF%E8%92%99.jpg http/1.1
07-05 20:46:27.366 D/OkHttp  ( 7040): Host: picture.edu.hismarttv.com
07-05 20:46:27.366 D/OkHttp  ( 7040): Connection: Keep-Alive
07-05 20:46:27.366 D/OkHttp  ( 7040): Accept-Encoding: gzip
07-05 20:46:27.366 D/OkHttp  ( 7040): User-Agent: okhttp/3.6.0
07-05 20:46:27.366 D/OkHttp  ( 7040): --> END GET
07-05 20:46:27.374 I/MyFragmentStateAdapter( 7040): getCount
07-05 20:46:27.382 W/VideoCapabilities( 7040): Unsupported mime video/mvc
07-05 20:46:27.386 W/VideoCapabilities( 7040): Unsupported mime video/mpeg2
07-05 20:46:27.396 W/VideoCapabilities( 7040): Unsupported mime video/divx3
07-05 20:46:27.399 E/WebcastSDK-HiCloudSourcePlugin( 7040): FetchSystemParameterTask(), res = {"categoryChannelTimeInterval":221000,"timeSynInterval":313000,"ChannelSwitchdefaultPic":"http://download.hismarttv.com/epgdata/LunBoContentPic/149810099740274506.jpg","TencentPlayRoundId":"1","allowUploadLogFile":1,"NoticeShow":1,"resultCode":0}
07-05 20:46:27.400 D/OkHttp  ( 7040): <-- 200 OK http://picture.edu.hismarttv.com/images/20170629/%E8%8B%B1%E8%AF%AD%E5%90%AF%E8%92%99.jpg (33ms)
07-05 20:46:27.400 D/OkHttp  ( 7040): Date: Mon, 03 Jul 2017 10:17:10 GMT
07-05 20:46:27.400 D/OkHttp  ( 7040): Server: nginx
07-05 20:46:27.400 D/OkHttp  ( 7040): Content-Type: image/jpeg
07-05 20:46:27.400 D/OkHttp  ( 7040): Content-Length: 57011
07-05 20:46:27.400 D/OkHttp  ( 7040): Last-Modified: Fri, 09 Jun 2017 14:49:58 GMT
07-05 20:46:27.400 D/OkHttp  ( 7040): ETag: "593ab596-deb3"
07-05 20:46:27.400 D/OkHttp  ( 7040): Accept-Ranges: bytes
07-05 20:46:27.400 D/OkHttp  ( 7040): Age: 181757
07-05 20:46:27.400 D/OkHttp  ( 7040): Via: 1.1 jnwt244:0 (Cdn Cache Server V2.0)[13 200 0], 1.1 t87:1 (Cdn Cache Server V2.0)[0 200 0]
07-05 20:46:27.400 D/OkHttp  ( 7040): Connection: keep-alive
07-05 20:46:27.400 D/OkHttp  ( 7040): <-- END HTTP
07-05 20:46:27.400 E/WebcastSDK-EPGDataManager( 7040): notifySystemParametersData(), SystemParameterInfo = [ mCategoryInternal = 221000; mServerTimeInternal = 313000; mTencentPlayId = 1; mUploadLogFlag = 1; mSwitchPic = http://download.hismarttv.com/epgdata/LunBoContentPic/149810099740274506.jpg]
07-05 20:46:27.400 D/WebcastSDK-( 7040): activity == null.
07-05 20:46:27.402 W/VideoCapabilities( 7040): Unsupported mime video/divx4
07-05 20:46:27.404 I/WebcastSDK-EPGDataManager( 7040): handleMessage(), sync Server time in [ 313000 ] ms
07-05 20:46:27.404 D/WebcastSDK-( 7040): activity == null.
07-05 20:46:27.410 W/VideoCapabilities( 7040): Unsupported mime video/flv
07-05 20:46:27.414 W/VideoCapabilities( 7040): Unsupported mime video/VC1
07-05 20:46:27.415 W/VideoCapabilities( 7040): Unsupported mime video/wvc1
07-05 20:46:27.418 W/VideoCapabilities( 7040): Unsupported mime video/wmv3
07-05 20:46:27.423 W/VideoCapabilities( 7040): Unsupported mime video/mjpeg
07-05 20:46:27.426 D/HttpHandler( 7040): RetryIntercepter-->retryNum=0
07-05 20:46:27.426 D/HttpHandler( 7040): RetryIntercepter-->backoffmutiplier=0
07-05 20:46:27.434 W/VideoCapabilities( 7040): Unsupported mime video/avs
07-05 20:46:27.434 D/Carousel-CarouselView( 7040): start to play! hashCode=832018257
07-05 20:46:27.434 D/Carousel-Utils( 7040): x=511,y=167, width=892,height=536
07-05 20:46:27.435 D/Carousel-CarouselView( 7040): type=1
07-05 20:46:27.436 D/Carousel-CarouselDisplayPlayerLayout( 7040): isFullScreen:false
07-05 20:46:27.436 D/Carousel-Utils( 7040): displayImage view=android.widget.ImageView{1f8d6eae V.ED.... ......I. 0,0-0,0 #7f0d0029 app:id/imageView1}
07-05 20:46:27.436 D/Carousel-Utils( 7040): displayImage url=http://picture.edu.hismarttv.com/images/20170629010146422927.jpg
07-05 20:46:27.437 D/Carousel-Utils( 7040): onResourceReady.
07-05 20:46:27.437 D/Carousel-CarouselDisplayPlayerLayout( 7040): isFullScreen:false
07-05 20:46:27.437 D/Carousel-log_( 7040): isFullScreen:false
07-05 20:46:27.437 D/Carousel-CarouselDisplayPlayerLayout( 7040): replacePlayer carouselType:3
07-05 20:46:27.437 D/Carousel-CarouselDisplayPlayerLayout( 7040): x=511, y=167,w=892,h=536, hashCode=507588837
07-05 20:46:27.437 D/Carousel-CarouselDisplayPlayerLayout( 7040): mX=0, mY=0,mWitdh=0,mHeight=0, hashCode=507588837
07-05 20:46:27.437 D/Carousel-CarouselDisplayPlayerLayout( 7040): changed=true, hashCode=507588837
07-05 20:46:27.439 W/VideoCapabilities( 7040): Unsupported mime video/realvideo
07-05 20:46:27.452 W/AudioCapabilities( 7040): Unsupported mime audio/mpeg-L1
07-05 20:46:27.453 W/AudioCapabilities( 7040): Unsupported mime audio/mpeg-L2
07-05 20:46:27.466 D/HttpHandler( 7040): VerifySignInterCeptor-->request.url()=http://picture.edu.hismarttv.com/images/20170629/%E5%93%88%E5%88%A9%E8%AE%B2%E6%95%85%E4%BA%8B%EF%BC%88%E4%B8%80%EF%BC%89.jpg
07-05 20:46:27.466 D/HttpHandler( 7040): VerifySignInterCeptor-->hostname=picture.edu.hismarttv.com
07-05 20:46:27.467 W/AudioCapabilities( 7040): Unsupported mime audio/adpcm
07-05 20:46:27.467 D/OkHttp  ( 7040): --> GET http://picture.edu.hismarttv.com/images/20170629/%E5%93%88%E5%88%A9%E8%AE%B2%E6%95%85%E4%BA%8B%EF%BC%88%E4%B8%80%EF%BC%89.jpg http/1.1
07-05 20:46:27.467 D/OkHttp  ( 7040): Host: picture.edu.hismarttv.com
07-05 20:46:27.467 D/OkHttp  ( 7040): Connection: Keep-Alive
07-05 20:46:27.467 D/OkHttp  ( 7040): Accept-Encoding: gzip
07-05 20:46:27.467 D/OkHttp  ( 7040): User-Agent: okhttp/3.6.0
07-05 20:46:27.467 D/OkHttp  ( 7040): --> END GET
07-05 20:46:27.471 W/AudioCapabilities( 7040): Unsupported mime audio/lpcm
07-05 20:46:27.473 W/AudioCapabilities( 7040): Unsupported mime audio/cook
07-05 20:46:27.474 W/AudioCapabilities( 7040): Unsupported mime audio/x-ms-wma
07-05 20:46:27.476 W/AudioCapabilities( 7040): Unsupported mime audio/ac3
07-05 20:46:27.477 W/AudioCapabilities( 7040): Unsupported mime audio/ac3p
07-05 20:46:27.478 W/AudioCapabilities( 7040): Unsupported mime audio/eac3
07-05 20:46:27.480 W/AudioCapabilities( 7040): Unsupported mime audio/dts
07-05 20:46:27.481 W/AudioCapabilities( 7040): Unsupported mime audio/dts-hd
07-05 20:46:27.482 W/AudioCapabilities( 7040): Unsupported mime audio/dts-lbr
07-05 20:46:27.484 W/AudioCapabilities( 7040): Unsupported mime audio/dra
07-05 20:46:27.488 D/Carousel-CarouselVideoViewImpl( 7040): onAttachedToWindow.
07-05 20:46:27.490 D/Carousel-CarouselVideoViewImpl( 7040): startPlay!
07-05 20:46:27.490 D/Carousel-CarouselDisplayPlayerLayout( 7040): isFullScreen:false
07-05 20:46:27.494 I/Carousel-UrlVideoView( 7040): onMeasure(MeasureSpec: EXACTLY 816, MeasureSpec: EXACTLY 460)
07-05 20:46:27.495 I/Carousel-UrlVideoView( 7040): onMeasure(MeasureSpec: EXACTLY 816, MeasureSpec: EXACTLY 460)
07-05 20:46:27.496 D/Surface ( 1733): onStatusChange() : mNativeObject = 547819076096 mUseImageHwRender = false
07-05 20:46:27.496 V/Surface ( 1733): nativeSetHardwareRender() : status = 0
07-05 20:46:27.496 V/Surface ( 1733): nativeSetHardwareRender() : end
07-05 20:46:27.498 D/PowerManagerService( 1733): setScreenBrightnessOverrideFromWindowManagerInternal done
07-05 20:46:27.502 D/Surface ( 1733): onStatusChange() : mNativeObject = 0 mUseImageHwRender = false
07-05 20:46:27.503 W/AudioCapabilities( 7040): Unsupported mime audio/x-ape
07-05 20:46:27.504 D/OkHttp  ( 7040): <-- 200 OK http://picture.edu.hismarttv.com/images/20170629/%E5%93%88%E5%88%A9%E8%AE%B2%E6%95%85%E4%BA%8B%EF%BC%88%E4%B8%80%EF%BC%89.jpg (36ms)
07-05 20:46:27.504 D/OkHttp  ( 7040): Date: Mon, 03 Jul 2017 10:50:28 GMT
07-05 20:46:27.504 D/OkHttp  ( 7040): Server: nginx
07-05 20:46:27.504 D/OkHttp  ( 7040): Content-Type: image/jpeg
07-05 20:46:27.504 D/OkHttp  ( 7040): Content-Length: 135983
07-05 20:46:27.504 D/OkHttp  ( 7040): Last-Modified: Fri, 09 Jun 2017 14:51:44 GMT
07-05 20:46:27.504 D/OkHttp  ( 7040): ETag: "593ab600-2132f"
07-05 20:46:27.504 D/OkHttp  ( 7040): Accept-Ranges: bytes
07-05 20:46:27.504 D/OkHttp  ( 7040): Age: 179759
07-05 20:46:27.504 D/OkHttp  ( 7040): Via: 1.1 chzhwt170:9 (Cdn Cache Server V2.0)[0 200 0], 1.1 nwangtong95:7 (Cdn Cache Server V2.0)[0 200 0]
07-05 20:46:27.504 D/OkHttp  ( 7040): Connection: keep-alive
07-05 20:46:27.504 I/SurfaceView( 7040): Changes: creating=true format=true size=true visible=true left=true top=true
07-05 20:46:27.504 D/OkHttp  ( 7040): <-- END HTTP
07-05 20:46:27.505 W/AudioCapabilities( 7040): Unsupported mime audio/ffmpeg
07-05 20:46:27.507 D/HttpHandler( 7040): RetryIntercepter-->retryNum=0
07-05 20:46:27.507 D/HttpHandler( 7040): RetryIntercepter-->backoffmutiplier=0
07-05 20:46:27.507 W/AudioCapabilities( 7040): Unsupported mime audio/ac3
07-05 20:46:27.508 V/WindowManager( 1733): Adding window Window{2f78e2b7 u0 SurfaceView} at 11 of 20 (before Window{2c0d3f1d u0 com.hisense.hicloud.edca/com.hisense.tvui.newhome.HomeMainActivity})
07-05 20:46:27.509 I/SurfaceView( 7040): Cur surface: Surface(name=null)/@0x187150f8
07-05 20:46:27.512 W/AudioCapabilities( 7040): Unsupported mime audio/mpeg-L2
07-05 20:46:27.513 D/Surface ( 1733): onStatusChange() : mNativeObject = 547942771200 mUseImageHwRender = false
07-05 20:46:27.513 V/Surface ( 1733): nativeSetHardwareRender() : status = 0
07-05 20:46:27.513 V/Surface ( 1733): nativeSetHardwareRender() : end
07-05 20:46:27.513 D/OsdMonitorService( 1733): mCurrentWindow = com.hisense.hicloud.edca/com.hisense.tvui.newhome.HomeMainActivity; newWindow = com.hisense.hicloud.edca/com.hisense.tvui.newhome.HomeMainActivity; isSubWindow = false; isInWinList = false; isExitNow = false
07-05 20:46:27.513 D/OsdMonitorService( 1733): windowNotOsd() : name = com.hisense.hicloud.edca/com.hisense.tvui.newhome.HomeMainActivity
07-05 20:46:27.513 I/OsdMonitorService( 1733): setOsdStatus() : status will change from true to true
07-05 20:46:27.515 V/SurfaceView( 7040): com.hisense.hitv.carouselwidgit.view.videoview.UrlVideoView{f89ef3f V.E..... ......ID 0,0-816,460} got resized: w=816 h=460, cur w=-1 h=-1
07-05 20:46:27.515 D/PowerManagerService( 1733): setScreenBrightnessOverrideFromWindowManagerInternal done
07-05 20:46:27.517 D/Surface ( 1733): onStatusChange() : mNativeObject = 0 mUseImageHwRender = false
07-05 20:46:27.517 D/Surface ( 7040): onStatusChange() : mNativeObject = -195834368 mUseImageHwRender = false
07-05 20:46:27.518 V/Surface ( 7040): nativeSetHardwareRender() : status = 0
07-05 20:46:27.518 V/Surface ( 7040): nativeSetHardwareRender() : end
07-05 20:46:27.518 I/SurfaceView( 7040): New surface: Surface(name=null)/@0x6bb39d1, vis=true, frame=Rect(549, 205 - 1365, 665)
07-05 20:46:27.518 D/Surface ( 7040): onStatusChange() : mNativeObject = 0 mUseImageHwRender = false
07-05 20:46:27.518 D/Surface ( 7040): onStatusChange() : mNativeObject = -195834368 mUseImageHwRender = false
07-05 20:46:27.518 V/Surface ( 7040): nativeSetHardwareRender() : status = 0
07-05 20:46:27.518 V/Surface ( 7040): nativeSetHardwareRender() : end
07-05 20:46:27.518 I/SurfaceView( 7040): visibleChanged -- surfaceCreated
07-05 20:46:27.519 D/Carousel-UrlVideoView( 7040): surfaceCreated
07-05 20:46:27.523 I/SurfaceView( 7040): surfaceChanged -- format=4 w=816 h=460
07-05 20:46:27.523 D/Carousel-UrlVideoView( 7040): surfaceChanged
07-05 20:46:27.523 D/Carousel-UrlVideoView( 7040): isValidState:false,hasValidSize:false
07-05 20:46:27.523 D/Carousel-UrlVideoView( 7040): mVideoWidth:0,mVideoHeight:0,w:816,h:460
07-05 20:46:27.523 I/SurfaceView( 7040): surfaceRedrawNeeded
07-05 20:46:27.523 I/SurfaceView( 7040): finishedDrawing
07-05 20:46:27.525 D/PowerManagerService( 1733): setScreenBrightnessOverrideFromWindowManagerInternal done
07-05 20:46:27.527 D/PowerManagerService( 1733): setScreenBrightnessOverrideFromWindowManagerInternal done
07-05 20:46:27.528 V/SurfaceView( 7040): Layout: x=549 y=205 w=816 h=460, frame=Rect(0, 0 - 816, 460)
07-05 20:46:27.531 D/PowerManagerService( 1733): setScreenBrightnessOverrideFromWindowManagerInternal done
07-05 20:46:27.535 D/Carousel-SimpleVideoView( 7040): onReceive net connected.
07-05 20:46:27.537 I/SurfaceView( 7040): Changes: creating=false format=false size=false visible=false left=false top=false
07-05 20:46:27.537 I/SurfaceView( 7040): Cur surface: Surface(name=null)/@0x187150f8
07-05 20:46:27.539 D/Surface ( 1733): onStatusChange() : mNativeObject = 547942771200 mUseImageHwRender = false
07-05 20:46:27.539 V/Surface ( 1733): nativeSetHardwareRender() : status = 0
07-05 20:46:27.539 V/Surface ( 1733): nativeSetHardwareRender() : end
07-05 20:46:27.542 D/PowerManagerService( 1733): setScreenBrightnessOverrideFromWindowManagerInternal done
07-05 20:46:27.545 D/HttpHandler( 7040): VerifySignInterCeptor-->request.url()=http://picture.edu.hismarttv.com/images/20170629/30%E5%A4%A9%E5%86%99%E5%87%BA%E4%B8%80%E6%89%8B%E5%A5%BD%E5%AD%9720161129021942268280.jpg
07-05 20:46:27.546 D/HttpHandler( 7040): VerifySignInterCeptor-->hostname=picture.edu.hismarttv.com
07-05 20:46:27.547 D/OkHttp  ( 7040): --> GET http://picture.edu.hismarttv.com/images/20170629/30%E5%A4%A9%E5%86%99%E5%87%BA%E4%B8%80%E6%89%8B%E5%A5%BD%E5%AD%9720161129021942268280.jpg http/1.1
07-05 20:46:27.547 D/OkHttp  ( 7040): Host: picture.edu.hismarttv.com
07-05 20:46:27.547 D/OkHttp  ( 7040): Connection: Keep-Alive
07-05 20:46:27.547 D/OkHttp  ( 7040): Accept-Encoding: gzip
07-05 20:46:27.547 D/OkHttp  ( 7040): User-Agent: okhttp/3.6.0
07-05 20:46:27.547 D/OkHttp  ( 7040): --> END GET
07-05 20:46:27.548 D/Surface ( 1733): onStatusChange() : mNativeObject = 0 mUseImageHwRender = false
07-05 20:46:27.549 D/Surface ( 7040): onStatusChange() : mNativeObject = -195872000 mUseImageHwRender = false
07-05 20:46:27.549 V/Surface ( 7040): nativeSetHardwareRender() : status = 0
07-05 20:46:27.550 V/Surface ( 7040): nativeSetHardwareRender() : end
07-05 20:46:27.550 I/SurfaceView( 7040): New surface: Surface(name=null)/@0x6bb39d1, vis=true, frame=Rect(549, 205 - 1365, 665)
07-05 20:46:27.550 D/Surface ( 7040): onStatusChange() : mNativeObject = 0 mUseImageHwRender = false
