07-05 21:38:48.787 D/Surface ( 3924): onStatusChange() : mNativeObject = -538930176 mUseImageHwRender = false
07-05 21:38:48.788 V/Surface ( 3924): nativeSetHardwareRender() : status = 0
07-05 21:38:48.788 V/Surface ( 3924): nativeSetHardwareRender() : end
07-05 21:38:48.788 I/SurfaceView( 3924): New surface: Surface(name=null)/@0xff8a586, vis=true, frame=Rect(419, 205 - 1235, 665)
07-05 21:38:48.788 D/Surface ( 3924): onStatusChange() : mNativeObject = 0 mUseImageHwRender = false
07-05 21:38:48.790 D/Surface ( 3924): onStatusChange() : mNativeObject = -538930176 mUseImageHwRender = false
07-05 21:38:48.790 V/Surface ( 3924): nativeSetHardwareRender() : status = 0
07-05 21:38:48.790 V/Surface ( 3924): nativeSetHardwareRender() : end
07-05 21:38:48.793 V/SurfaceView( 3924): Layout: x=419 y=205 w=816 h=460, frame=Rect(0, 0 - 816, 460)
07-05 21:38:48.796 I/MainHomeView( 3924): onPanelSlide0.0---left152
07-05 21:38:48.796 I/CurrentCarouselView( 3924): onCarouseControlCarouselControlBean{mShoudScroll=true, mActivityHasResume=false, mActivityHasStop=false, mHasTurnGone=false, mHasTurnVisible=false, mChannelId=-1, mSlideOffset=0.0, mShouldSelectCenter=false, mTabOpen=false, mHoriPosStatus=None, mVerPosStatus=None, mLevelStatus=None},isPlayingtrue,channelId=0
07-05 21:38:48.797 I/CurrentCarouselView( 3924): is not the current page
07-05 21:38:48.797 I/CurrentCarouselView( 3924): do scroll
07-05 21:38:48.797 D/Carousel-CarouselView( 3924): smoothScroll.
07-05 21:38:48.797 D/Carousel-CarouselDisplayPlayerLayout( 3924): isFullScreen:false
07-05 21:38:48.797 D/TabView ( 3924): onReceiveSlidingOffset ===>:0.0
07-05 21:38:48.799 I/MyFragmentStateAdapter( 3924): getCount
07-05 21:38:48.806 D/Carousel-CarouselDisplayPlayerLayout( 3924): x=380, y=167,w=892,h=536, hashCode=432228362
07-05 21:38:48.806 D/Carousel-CarouselDisplayPlayerLayout( 3924): mX=381, mY=167,mWitdh=892,mHeight=536, hashCode=432228362
07-05 21:38:48.806 D/Carousel-CarouselDisplayPlayerLayout( 3924): changed=true, hashCode=432228362
07-05 21:38:48.806 D/Carousel-Utils( 3924): x=380,y=167, width=892,height=536
07-05 21:38:48.809 E/hwcomposer( 1204): Overlay 0 size changeed src {1920 1080} -> {1920, 1080} crop{0.000000 0.000000 1920.000000 1080.000000}->{0.000000 0.000000 1920.000000 1080.000000} dst{549 205 1365 665}->{419 205 1235 665}
07-05 21:38:48.810 D/Carousel-CarouselDisplayPlayerLayout( 3924): x=380, y=167,w=892,h=536, hashCode=432228362
07-05 21:38:48.810 D/Carousel-CarouselDisplayPlayerLayout( 3924): mX=380, mY=167,mWitdh=892,mHeight=536, hashCode=432228362
07-05 21:38:48.810 D/Carousel-CarouselDisplayPlayerLayout( 3924): changed=false, hashCode=432228362
07-05 21:38:48.810 D/Carousel-CarouselDisplayPlayerLayout( 3924): extraTryCount=0
07-05 21:38:48.810 D/Carousel-CarouselDisplayPlayerLayout( 3924): x=380, y=167,w=892,h=536, hashCode=432228362
07-05 21:38:48.810 D/Carousel-CarouselDisplayPlayerLayout( 3924): mX=380, mY=167,mWitdh=892,mHeight=536, hashCode=432228362
07-05 21:38:48.810 D/Carousel-CarouselDisplayPlayerLayout( 3924): changed=false, hashCode=432228362
07-05 21:38:48.810 D/Carousel-CarouselDisplayPlayerLayout( 3924): extraTryCount=1
07-05 21:38:48.813 I/Carousel-UrlVideoView( 3924): onMeasure(MeasureSpec: EXACTLY 816, MeasureSpec: EXACTLY 460)
07-05 21:38:48.814 D/Carousel-UrlVideoView( 3924): widthSpecMode=1073741824
07-05 21:38:48.814 D/Carousel-UrlVideoView( 3924): heightSpecMode=1073741824
07-05 21:38:48.814 D/Carousel-UrlVideoView( 3924): widthSpecSize=816
07-05 21:38:48.814 D/Carousel-UrlVideoView( 3924): heightSpecSize=460
07-05 21:38:48.814 I/Carousel-UrlVideoView( 3924): onMeasure(MeasureSpec: EXACTLY 816, MeasureSpec: EXACTLY 460)
07-05 21:38:48.814 D/Carousel-UrlVideoView( 3924): widthSpecMode=1073741824
07-05 21:38:48.814 D/Carousel-UrlVideoView( 3924): heightSpecMode=1073741824
07-05 21:38:48.814 D/Carousel-UrlVideoView( 3924): widthSpecSize=816
07-05 21:38:48.814 D/Carousel-UrlVideoView( 3924): heightSpecSize=460
07-05 21:38:48.814 I/SurfaceView( 3924): Changes: creating=false format=false size=false visible=false left=true top=false
07-05 21:38:48.814 I/SurfaceView( 3924): Cur surface: Surface(name=null)/@0x3b58f661
07-05 21:38:48.816 D/Surface ( 1733): onStatusChange() : mNativeObject = 547942799872 mUseImageHwRender = false
07-05 21:38:48.816 V/Surface ( 1733): nativeSetHardwareRender() : status = 0
07-05 21:38:48.816 V/Surface ( 1733): nativeSetHardwareRender() : end
07-05 21:38:48.819 D/PowerManagerService( 1733): setScreenBrightnessOverrideFromWindowManagerInternal done
07-05 21:38:48.821 D/Surface ( 1733): onStatusChange() : mNativeObject = 0 mUseImageHwRender = false
07-05 21:38:48.824 D/Surface ( 3924): onStatusChange() : mNativeObject = -538919424 mUseImageHwRender = false
07-05 21:38:48.824 V/Surface ( 3924): nativeSetHardwareRender() : status = 0
07-05 21:38:48.824 V/Surface ( 3924): nativeSetHardwareRender() : end
07-05 21:38:48.824 I/SurfaceView( 3924): New surface: Surface(name=null)/@0xff8a586, vis=true, frame=Rect(418, 205 - 1234, 665)
07-05 21:38:48.824 D/Surface ( 3924): onStatusChange() : mNativeObject = 0 mUseImageHwRender = false
07-05 21:38:48.824 D/Surface ( 3924): onStatusChange() : mNativeObject = -538919424 mUseImageHwRender = false
07-05 21:38:48.824 V/Surface ( 3924): nativeSetHardwareRender() : status = 0
07-05 21:38:48.824 V/Surface ( 3924): nativeSetHardwareRender() : end
07-05 21:38:48.829 V/SurfaceView( 3924): Layout: x=418 y=205 w=816 h=460, frame=Rect(0, 0 - 816, 460)
07-05 21:38:48.834 D/Carousel-CarouselDisplayPlayerLayout( 3924): x=380, y=167,w=892,h=536, hashCode=432228362
07-05 21:38:48.834 D/Carousel-CarouselDisplayPlayerLayout( 3924): mX=380, mY=167,mWitdh=892,mHeight=536, hashCode=432228362
07-05 21:38:48.834 D/Carousel-CarouselDisplayPlayerLayout( 3924): changed=false, hashCode=432228362
07-05 21:38:48.834 D/Carousel-CarouselDisplayPlayerLayout( 3924): extraTryCount=2
07-05 21:38:48.834 I/MainHomeView( 3924): onPanelClosed---left152
07-05 21:38:48.839 D/Carousel-CarouselDisplayPlayerLayout( 3924): x=380, y=167,w=892,h=536, hashCode=432228362
07-05 21:38:48.839 D/Carousel-CarouselDisplayPlayerLayout( 3924): mX=380, mY=167,mWitdh=892,mHeight=536, hashCode=432228362
07-05 21:38:48.839 D/Carousel-CarouselDisplayPlayerLayout( 3924): changed=false, hashCode=432228362
07-05 21:38:48.839 D/Carousel-CarouselDisplayPlayerLayout( 3924): extraTryCount=3
07-05 21:38:48.841 D/Carousel-CarouselDisplayPlayerLayout( 3924): x=380, y=167,w=892,h=536, hashCode=432228362
07-05 21:38:48.841 D/Carousel-CarouselDisplayPlayerLayout( 3924): mX=380, mY=167,mWitdh=892,mHeight=536, hashCode=432228362
07-05 21:38:48.841 D/Carousel-CarouselDisplayPlayerLayout( 3924): changed=false, hashCode=432228362
07-05 21:38:48.841 D/Carousel-CarouselDisplayPlayerLayout( 3924): extraTryCount=4
07-05 21:38:48.841 D/Carousel-CarouselDisplayPlayerLayout( 3924): x=380, y=167,w=892,h=536, hashCode=432228362
07-05 21:38:48.841 D/Carousel-CarouselDisplayPlayerLayout( 3924): mX=380, mY=167,mWitdh=892,mHeight=536, hashCode=432228362
07-05 21:38:48.841 D/Carousel-CarouselDisplayPlayerLayout( 3924): changed=false, hashCode=432228362
07-05 21:38:48.841 D/Carousel-CarouselDisplayPlayerLayout( 3924): extraTryCount=5
07-05 21:38:48.842 E/hwcomposer( 1204): Overlay 0 size changeed src {1920 1080} -> {1920, 1080} crop{0.000000 0.000000 1920.000000 1080.000000}->{0.000000 0.000000 1920.000000 1080.000000} dst{419 205 1235 665}->{418 205 1234 665}
07-05 21:38:48.864 D/Carousel-CarouselDisplayPlayerLayout( 3924): x=380, y=167,w=892,h=536, hashCode=432228362
07-05 21:38:48.864 D/Carousel-CarouselDisplayPlayerLayout( 3924): mX=380, mY=167,mWitdh=892,mHeight=536, hashCode=432228362
07-05 21:38:48.864 D/Carousel-CarouselDisplayPlayerLayout( 3924): changed=false, hashCode=432228362
07-05 21:38:48.864 D/Carousel-CarouselDisplayPlayerLayout( 3924): extraTryCount=6
07-05 21:38:48.865 D/Carousel-CarouselDisplayPlayerLayout( 3924): x=380, y=167,w=892,h=536, hashCode=432228362
07-05 21:38:48.865 D/Carousel-CarouselDisplayPlayerLayout( 3924): mX=380, mY=167,mWitdh=892,mHeight=536, hashCode=432228362
07-05 21:38:48.865 D/Carousel-CarouselDisplayPlayerLayout( 3924): changed=false, hashCode=432228362
07-05 21:38:48.865 D/Carousel-CarouselDisplayPlayerLayout( 3924): extraTryCount=7
07-05 21:38:48.865 D/Carousel-CarouselDisplayPlayerLayout( 3924): x=380, y=167,w=892,h=536, hashCode=432228362
07-05 21:38:48.865 D/Carousel-CarouselDisplayPlayerLayout( 3924): mX=380, mY=167,mWitdh=892,mHeight=536, hashCode=432228362
07-05 21:38:48.865 D/Carousel-CarouselDisplayPlayerLayout( 3924): changed=false, hashCode=432228362
07-05 21:38:48.865 D/Carousel-CarouselDisplayPlayerLayout( 3924): extraTryCount=8
07-05 21:38:48.865 D/Carousel-CarouselDisplayPlayerLayout( 3924): x=380, y=167,w=892,h=536, hashCode=432228362
07-05 21:38:48.865 D/Carousel-CarouselDisplayPlayerLayout( 3924): mX=380, mY=167,mWitdh=892,mHeight=536, hashCode=432228362
07-05 21:38:48.865 D/Carousel-CarouselDisplayPlayerLayout( 3924): changed=false, hashCode=432228362
07-05 21:38:48.865 D/Carousel-CarouselDisplayPlayerLayout( 3924): extraTryCount=9
07-05 21:38:48.875 D/hwcomposer( 1204): Overlay [0] do size change!
07-05 21:38:48.875 D/vsyncbridge( 1204): [0] handle_thread thread got msg 0x2, mState = 3
07-05 21:38:48.875 D/vsyncbridge( 1204): Overlay 0 Resize, mState = 0x3, 0, disp[418 205 816 460] osd[1920 1080]
07-05 21:38:48.876 D/vsyncbridge( 1204): [update_ds_table,  594] DispW:1632 DispH:920 
07-05 21:38:48.876 D/vsyncbridge( 1204): [update_ds_table,  598] Cap.x:1105 Cap.y:30 CapW:1920 CapH:1080 
07-05 21:38:48.876 D/vsyncbridge( 1204): [update_ds_table,  599] enInputSourceType:34 
07-05 21:38:48.876 D/vsyncbridge( 1204): [update_ds_table,  601] u16InputVTotal:2205  u16InputVFreq:240 
07-05 21:38:48.876 D/vsyncbridge( 1204): [update_ds_table,  603] bInterlace:0  u16DefaultHtotal:0 
07-05 21:38:48.876 D/vsyncbridge( 1204): [update_ds_table,  606] bPreHCusScaling:1  bPreVCusScaling:1 
07-05 21:38:48.876 D/vsyncbridge( 1204): [update_ds_table,  608] u16PreHCusScalingSrc:1920  u16PreHCusScalingDst:1920 
07-05 21:38:48.876 D/vsyncbridge( 1204): [update_ds_table,  610] u16PreVCusScalingSrc:1080  u16PreVCusScalingSrc:1080 
07-05 21:38:48.876 D/vsyncbridge( 1204): [update_ds_table,  613] bHCusScaling:0  bVCusScaling:0 
07-05 21:38:48.876 D/vsyncbridge( 1204): [update_ds_table,  615] u16HCusScalingSrc:1920  u16HCusScalingDst:1632 
07-05 21:38:48.876 D/vsyncbridge( 1204): [update_ds_table,  617] u16VCusScalingSrc:1080  u16VCusScalingDst:920 
07-05 21:38:48.876 D/vsyncbridge( 1204): vsync_bridge_CalAspectRatio type = 0
07-05 21:38:48.876 D/vsyncbridge( 1204): panel [3840 2160] osd [1920 1080] ratio [2.000000 2.000000]
07-05 21:38:48.876 D/vsyncbridge( 1204): apply ratio, x=836, y=410, width=1632, height=920
07-05 21:38:48.876 D/vsyncbridge( 1204): disp_old[836 410 2468 1330], disp_new[836 410 2468 1330], crop[0 0 1920 1080]
07-05 21:38:48.876 D/vsyncbridge( 1204): [update_ds_table,  798] SW DS !!! 
07-05 21:38:48.876 D/vsyncbridge( 1204): [update_ds_table,  800] stXC_SetWin_Info.stCapWin.width1920  stXC_SetWin_Info.stCapWin.height:1080
07-05 21:38:48.876 D/vsyncbridge( 1204): [update_ds_table,  802] stXC_SetWin_Info.stCropWin.width1920  stXC_SetWin_Info.stCropWin.height:1080
07-05 21:38:48.876 D/vsyncbridge( 1204): [update_ds_table,  803] MApi_XC_GetDynamicScalingStatus():1 
07-05 21:38:48.876 D/        ( 1204): Alert: cannot get frameCount from IOCTL, eWindow=0! Fall back to original frame mode
07-05 21:38:48.876 D/        ( 1204): MVOP is 1P mode
07-05 21:38:48.876 D/        ( 1204): [_MDrv_SC_check_2p_mode][9405]u16Width=3840,u16Height=2160,u32Vfreqx10=240
07-05 21:38:48.877 D/vsyncbridge( 1204): vsync_bridge_render_frame pts = 3416666, DS_Idx=0x1, overlayID=0
07-05 21:38:48.877 D/vsyncbridge( 1204):  W 2, R 1, Cur 2
07-05 21:38:48.877 D/vsyncbridge( 1204): vsync_bridge_CalAspectRatio type = 0
07-05 21:38:48.877 D/vsyncbridge( 1204): panel [3840 2160] osd [1920 1080] ratio [2.000000 2.000000]
07-05 21:38:48.877 D/vsyncbridge( 1204): apply ratio, x=836, y=410, width=1632, height=920
07-05 21:38:48.878 D/Carousel-CarouselDisplayPlayerLayout( 3924): x=380, y=167,w=892,h=536, hashCode=432228362
07-05 21:38:48.878 D/Carousel-CarouselDisplayPlayerLayout( 3924): mX=380, mY=167,mWitdh=892,mHeight=536, hashCode=432228362
07-05 21:38:48.878 D/Carousel-CarouselDisplayPlayerLayout( 3924): changed=false, hashCode=432228362
07-05 21:38:48.878 D/Carousel-CarouselDisplayPlayerLayout( 3924): isFullScreen:false
07-05 21:38:48.879 D/Carousel-CarouselView( 3924): ===========>mDisplayPlayerLayout.getVisibility()=4
07-05 21:38:48.879 D/Carousel-CarouselView( 3924): ===========>onScrollEnd
07-05 21:38:48.879 D/Carousel-Utils( 3924): x=380,y=167, width=892,height=536
07-05 21:38:48.879 D/Carousel-CarouselView( 3924): isOutScreen:false
07-05 21:38:48.892 I/MyFragmentStateAdapter( 3924): getCount
07-05 21:38:48.892 I/MyFragmentStateAdapter( 3924): getCount
07-05 21:38:48.893 I/MyFragmentStateAdapter( 3924): getCount
07-05 21:38:48.893 I/MyFragmentStateAdapter( 3924): getCount
07-05 21:38:48.895 D/Surface ( 1733): onStatusChange() : mNativeObject = 547942778368 mUseImageHwRender = false
07-05 21:38:48.895 V/Surface ( 1733): nativeSetHardwareRender() : status = 0
07-05 21:38:48.895 V/Surface ( 1733): nativeSetHardwareRender() : end
07-05 21:38:48.897 D/PowerManagerService( 1733): acquireWakeLockInternal: lock=487931605, flags=0x2000000a, tag="WindowManager", ws=WorkSource{10010}, uid=1000, pid=1733
07-05 21:38:48.897 D/PowerManagerNotifier( 1733): onWakeLockAcquired: flags=536870922, tag="WindowManager", packageName=android, ownerUid=1000, ownerPid=1733, workSource=WorkSource{10010}
07-05 21:38:48.897 D/PowerManagerService( 1733): setScreenBrightnessOverrideFromWindowManagerInternal done
07-05 21:38:48.899 D/Surface ( 1733): onStatusChange() : mNativeObject = 0 mUseImageHwRender = false
07-05 21:38:48.901 I/FirstLineAdapter( 3924): canShowTrailer,isOffline=false
07-05 21:38:48.902 I/FirstLineAdapter( 3924): canShowTrailer,isOffline=false
07-05 21:38:48.902 I/FirstLineAdapter( 3924): canShowTrailer,isOffline=false
07-05 21:38:48.902 I/FirstLineAdapter( 3924): canShowTrailer,isOffline=false
07-05 21:38:48.902 I/FirstLineAdapter( 3924): canShowTrailer,isOffline=false
07-05 21:38:48.903 I/FirstLineAdapter( 3924): canShowTrailer,isOffline=false
07-05 21:38:48.903 I/FirstLineAdapter( 3924): canShowTrailer,isOffline=false
07-05 21:38:48.903 I/FirstLineAdapter( 3924): canShowTrailer,isOffline=false
07-05 21:38:48.903 I/FirstLineAdapter( 3924): canShowTrailer,isOffline=false
07-05 21:38:48.911 I/MyFragmentStateAdapter( 3924): getCount
07-05 21:38:48.978 I/NetflixMonitorService( 1733): current fgapk : com.hisense.hicloud.edca
07-05 21:38:48.978 I/NetflixMonitorService( 1733): Netflix status unchanged
07-05 21:38:48.989 I/TVMW@HsTvSetting( 1234): Trace cmd, data = 0x1058
07-05 21:38:48.990 D/til@system( 2026): til_get_system_param option:100002F int:0, bool:0, ret:0
07-05 21:38:48.990 I/TVMW@HsTvSetting( 1234): Trace cmd, data = 0x101f
07-05 21:38:48.991 D/til@system( 2026): til_get_system_param option:100001D int:3, bool:3, ret:0
07-05 21:38:48.991 E/til     ( 2026): [til_get_current_input_source, 101] 
07-05 21:38:48.991 I/TVMW@HsTvSetting( 1234): Trace cmd, data = 0x7007
07-05 21:38:48.991 I/tilwrapper@sm( 2026): HS2TIL_SourceType *hs=0xd, *til=0x900
07-05 21:38:48.991 D/til     ( 2026): get current source 2304
07-05 21:38:48.991 D/SourceRemoteServiceHandler( 2026): getCurrentInputSource.from.til.result is 0, value is 2304
07-05 21:38:48.991 D/SourceRemoteServiceHandler( 2026): getInputSourceType source: 0x900, type=2304
07-05 21:38:48.991 D/til     ( 2026): ###### func:til_get_picture_param option:0x3000006 ######  
07-05 21:38:48.994 I/TVMW@HsTvSetting( 1234): Trace cmd, data = 0x1003
07-05 21:38:48.995 I/TVMW@HsTvSetting( 1234): Trace cmd, data = 0x8032
07-05 21:38:48.995 I/hstvos  ( 1216): [0m[1;33m[HSHAL][HS_VIDEO][HS_HAL_Video_SetOsdDetect_v2][2389]u16Threshold = 20
07-05 21:38:48.996 E/TVMW@videoctrl( 1234):  getOsd is 1
07-05 21:38:48.997 D/til@system( 2026): til_get_system_param option:1000027 int:1, bool:1, ret:0
07-05 21:38:48.997 D/til     ( 2026): ###### func:til_get_picture_param option:0x3000045 ######  
07-05 21:38:48.997 I/TVMW@HsTvSetting( 1234): Trace cmd, data = 0x300c
07-05 21:38:48.997 I/TVMW@HsTvSetting( 1234): Trace 3d, data = 0x300c
07-05 21:38:48.997 I/TVMW@3d ( 1234): Hs_debug3d_trace: func:get3dStatus, line:109
07-05 21:38:49.007 D/MyLocalStartService(16899): currentName is :com.hisense.hicloud.edca
07-05 21:38:49.373 D/PowerManagerService( 1733): acquireWakeLockInternal: lock=113832109, flags=0x1, tag="NetworkStats", ws=null, uid=1000, pid=1733
07-05 21:38:49.373 D/PowerManagerNotifier( 1733): onWakeLockAcquired: flags=1, tag="NetworkStats", packageName=android, ownerUid=1000, ownerPid=1733, workSource=null
07-05 21:38:49.374 D/NtpTrustedTime( 1733): currentTimeMillis() cache hit
07-05 21:38:49.390 D/NtpTrustedTime( 1733): currentTimeMillis() cache hit
07-05 21:38:49.394 D/NtpTrustedTime( 1733): currentTimeMillis() cache hit
07-05 21:38:49.395 D/NtpTrustedTime( 1733): currentTimeMillis() cache hit
07-05 21:38:49.395 D/CommonHeader( 3924): app logo :refreshTimer: isRotatetrue
07-05 21:38:49.395 D/PowerManagerService( 1733): releaseWakeLockInternal: lock=113832109 [NetworkStats], flags=0x0
07-05 21:38:49.396 D/PowerManagerNotifier( 1733): onWakeLockReleased: flags=1, tag="NetworkStats", packageName=android, ownerUid=1000, ownerPid=1733, workSource=null
07-05 21:38:49.470 I/MyFragmentStateAdapter( 3924): getCount
07-05 21:38:49.499 I/TVMW@HsTvSetting( 1234): Trace cmd, data = 0x1058
07-05 21:38:49.499 D/til@system( 2026): til_get_system_param option:100002F int:0, bool:0, ret:0
07-05 21:38:49.500 I/TVMW@HsTvSetting( 1234): Trace cmd, data = 0x101f
07-05 21:38:49.501 D/til@system( 2026): til_get_system_param option:100001D int:3, bool:3, ret:0
07-05 21:38:49.501 E/til     ( 2026): [til_get_current_input_source, 101] 
07-05 21:38:49.503 I/TVMW@HsTvSetting( 1234): Trace cmd, data = 0x7007
07-05 21:38:49.503 I/tilwrapper@sm( 2026): HS2TIL_SourceType *hs=0xd, *til=0x900
07-05 21:38:49.503 D/til     ( 2026): get current source 2304
07-05 21:38:49.503 D/SourceRemoteServiceHandler( 2026): getCurrentInputSource.from.til.result is 0, value is 2304
07-05 21:38:49.503 D/SourceRemoteServiceHandler( 2026): getInputSourceType source: 0x900, type=2304
07-05 21:38:49.504 D/til     ( 2026): ###### func:til_get_picture_param option:0x3000006 ######  
07-05 21:38:49.504 I/TVMW@HsTvSetting( 1234): Trace cmd, data = 0x1003
07-05 21:38:49.505 I/TVMW@HsTvSetting( 1234): Trace cmd, data = 0x8032
07-05 21:38:49.510 E/TVMW@videoctrl( 1234):  getOsd is 1
07-05 21:38:49.513 I/hstvos  ( 1216): [0m[1;33m[HSHAL][HS_VIDEO][HS_HAL_Video_SetOsdDetect_v2][2389]u16Threshold = 20
07-05 21:38:49.515 D/til@system( 2026): til_get_system_param option:1000027 int:1, bool:1, ret:0
07-05 21:38:49.515 D/til     ( 2026): ###### func:til_get_picture_param option:0x3000045 ######  
07-05 21:38:49.515 I/TVMW@HsTvSetting( 1234): Trace cmd, data = 0x300c
07-05 21:38:49.515 I/TVMW@HsTvSetting( 1234): Trace 3d, data = 0x300c
07-05 21:38:49.515 I/TVMW@3d ( 1234): Hs_debug3d_trace: func:get3dStatus, line:109
07-05 21:38:49.648 I/MyFragmentStateAdapter( 3924): getCount
07-05 21:38:49.654 I/TVMW@devctrl( 1234): wdt
07-05 21:38:49.674 D/MC_MEMORY(16055): max: 256.261888 Mb, heap: 10.10784 Mb, allocated: 9.10159 Mb, free: 0.625 Mb, native heap: 12.12276 Mb, native allocated: 8.8364 Mb, native free: 3.3912 Mb
07-05 21:38:49.706 I/MyFragmentStateAdapter( 3924): getCount
07-05 21:38:49.740 D/GlobalInputEventMonitoringService( 1733): interceptKeyBeforeQueueing(), event:22, mNeedMonitorKeyEvent:true, mWaitForKeyUpEvent:false
07-05 21:38:49.740 D/GlobalInputEventMonitoringService( 1733): processKeyEvent(), processKeyEvent event:22
07-05 21:38:49.740 D/WindowManager( 1733): interceptKeyTq keycode=22 interactive=true keyguardActive=false policyFlags=2b000000 isCancled= false
07-05 21:38:49.740 D/PowerManagerService( 1733): userActivityNoUpdateLocked: eventTime=10771311, event=1, flags=0x0, uid=1000
07-05 21:38:49.741 D/WindowManager( 1733): interceptKeyTi keyCode=22 down=true repeatCount=0 keyguardOn=false mHomePressed=false canceled=false
07-05 21:38:49.741 D/WindowManager( 1733): Hisense systemkey event: 22
07-05 21:38:49.741 D/HisenseGlobalKeyManager( 1733): handleGlobalKey() : Global event = KeyEvent { action=ACTION_DOWN, keyCode=KEYCODE_DPAD_RIGHT, scanCode=0, metaState=0, flags=0x0, repeatCount=0, eventTime=10771311, downTime=10771311, deviceId=-1, source=0x101 }
07-05 21:38:49.750 D/SogouIME( 2203): [onKeyDown] keycode = 22 model = VIDAA_TV
07-05 21:38:49.750 D/MSTAR_VDEC_DBG( 1206): Stream ID: 0, Rate : 23 (E:0,D:0,S:0,F:122) 
07-05 21:38:49.755 I/MyFragmentStateAdapter( 3924): getCount
07-05 21:38:49.776 D/Carousel-CarouselDisplayPlayerLayout( 3924): HasFocus:false,keyCode:22
07-05 21:38:49.776 D/Carousel-CarouselDisplayPlayerLayout( 3924): isFullScreen:false
07-05 21:38:49.776 I/HomeMainActivity( 3924): carousel handle key:false
07-05 21:38:49.776 I/MainHomeView( 3924): dispatchKeyEvent ACTION_DOWN now 
07-05 21:38:49.776 I/HomeMainActivity( 3924): onKeyDown is 22
07-05 21:38:49.776 I/FirstlineLayoutManager( 3924): left=218,width=1738,scroll Distance=-846
07-05 21:38:49.782 D/Carousel-CarouselView( 3924): ============>onFocusChange=true
07-05 21:38:49.782 D/Carousel-CarouselDisplayPlayerLayout( 3924): isFullScreen:false
07-05 21:38:49.782 D/Carousel-CarouselView( 3924): isFullScreen:false,hasFocus:true
07-05 21:38:49.782 D/Carousel-CarouselView( 3924): ============>offset=-403
07-05 21:38:49.794 D/Carousel-CarouselDisplayPlayerLayout( 3924): showPlayerWindowTip showable:true
07-05 21:38:49.814 D/GlobalInputEventMonitoringService( 1733): interceptKeyBeforeQueueing(), event:22, mNeedMonitorKeyEvent:true, mWaitForKeyUpEvent:false
07-05 21:38:49.814 D/GlobalInputEventMonitoringService( 1733): processKeyEvent(), processKeyEvent event:22
07-05 21:38:49.814 D/WindowManager( 1733): interceptKeyTq keycode=22 interactive=true keyguardActive=false policyFlags=2b000000 isCancled= false
07-05 21:38:49.815 D/WindowManager( 1733): interceptKeyTi keyCode=22 down=false repeatCount=0 keyguardOn=false mHomePressed=false canceled=false
07-05 21:38:49.815 D/WindowManager( 1733): Hisense systemkey event: 22
07-05 21:38:49.815 D/HisenseGlobalKeyManager( 1733): handleGlobalKey() : Global event = KeyEvent { action=ACTION_UP, keyCode=KEYCODE_DPAD_RIGHT, scanCode=0, metaState=0, flags=0x0, repeatCount=0, eventTime=10771311, downTime=10771311, deviceId=-1, source=0x101 }
07-05 21:38:49.875 V/InputMethodService( 2203): startInput(): editor=android.view.inputmethod.EditorInfo@2b65ecdc
07-05 21:38:49.875 V/InputMethodService( 2203): CALL: onFinishInput
07-05 21:38:49.880 E/SOGOUIME_JNI( 2203): reset
07-05 21:38:49.880 E/SOGOUIME_JNI( 2203): getCandidates
07-05 21:38:49.880 E/SOGOUIME_JNI( 2203): ime_get_uncommitted_length
07-05 21:38:49.880 E/SOGOUIME_JNI( 2203): getCandidates
07-05 21:38:49.881 D/SogouIME API( 2203): ==============num:32
07-05 21:38:49.881 E/SOGOUIME_JNI( 2203): ime_get_uncommitted_length
07-05 21:38:49.881 D/SogouIME( 2203): mFocusedComponent:30   isHkbEnable:false
07-05 21:38:49.885 E/SOGOUIME_JNI( 2203): ime_get_uncommitted_length
07-05 21:38:49.885 E/SOGOUIME_JNI( 2203): ime_get_committed_length
07-05 21:38:49.885 E/SOGOUIME_JNI( 2203): getComposingInfo
07-05 21:38:49.885 E/SOGOUIME_JNI( 2203): getComposingInfo
07-05 21:38:49.885 E/SOGOUIME_JNI( 2203): getCorrectInfo
07-05 21:38:49.886 E/SOGOUIME_JNI( 2203): getComposingInfo
07-05 21:38:49.886 D/Carousel-CarouselDisplayPlayerLayout( 3924): HasFocus:true,keyCode:22
07-05 21:38:49.886 D/Carousel-CarouselDisplayPlayerLayout( 3924): isFullScreen:false
07-05 21:38:49.886 D/Carousel-CarouselDisplayPlayerLayout( 3924): isFullScreen:false
07-05 21:38:49.886 I/HomeMainActivity( 3924): carousel handle key:false
07-05 21:38:49.886 V/InputMethodService( 2203): CALL: onStartInput
07-05 21:38:49.887 E/SOGOUIME_JNI( 2203): invalidateCommitWordPinyinNative
07-05 21:38:49.887 D/SogouIME( 2203): =====configKeyboard=======:false     false
07-05 21:38:49.887 E/SOGOUIME_JNI( 2203): ime_set_hard_kb_enable
07-05 21:38:49.979 I/NetflixMonitorService( 1733): current fgapk : com.hisense.hicloud.edca
07-05 21:38:49.979 I/NetflixMonitorService( 1733): Netflix status unchanged
07-05 21:38:50.019 I/TVMW@HsTvSetting( 1234): Trace cmd, data = 0x1058
07-05 21:38:50.019 D/til@system( 2026): til_get_system_param option:100002F int:0, bool:0, ret:0
07-05 21:38:50.019 I/TVMW@HsTvSetting( 1234): Trace cmd, data = 0x101f
07-05 21:38:50.020 D/til@system( 2026): til_get_system_param option:100001D int:3, bool:3, ret:0
07-05 21:38:50.020 E/til     ( 2026): [til_get_current_input_source, 101] 
07-05 21:38:50.020 I/TVMW@HsTvSetting( 1234): Trace cmd, data = 0x7007
07-05 21:38:50.020 I/tilwrapper@sm( 2026): HS2TIL_SourceType *hs=0xd, *til=0x900
07-05 21:38:50.020 D/til     ( 2026): get current source 2304
07-05 21:38:50.020 D/SourceRemoteServiceHandler( 2026): getCurrentInputSource.from.til.result is 0, value is 2304
07-05 21:38:50.020 D/SourceRemoteServiceHandler( 2026): getInputSourceType source: 0x900, type=2304
07-05 21:38:50.020 D/til     ( 2026): ###### func:til_get_picture_param option:0x3000006 ######  
07-05 21:38:50.020 I/TVMW@HsTvSetting( 1234): Trace cmd, data = 0x1003
07-05 21:38:50.021 I/TVMW@HsTvSetting( 1234): Trace cmd, data = 0x8032
07-05 21:38:50.021 I/hstvos  ( 1216): [0m[1;33m[HSHAL][HS_VIDEO][HS_HAL_Video_SetOsdDetect_v2][2389]u16Threshold = 20
07-05 21:38:50.023 E/TVMW@videoctrl( 1234):  getOsd is 1
07-05 21:38:50.023 D/til@system( 2026): til_get_system_param option:1000027 int:1, bool:1, ret:0
07-05 21:38:50.023 D/til     ( 2026): ###### func:til_get_picture_param option:0x3000045 ######  
07-05 21:38:50.024 I/TVMW@HsTvSetting( 1234): Trace cmd, data = 0x300c
07-05 21:38:50.024 I/TVMW@HsTvSetting( 1234): Trace 3d, data = 0x300c
07-05 21:38:50.024 I/TVMW@3d ( 1234): Hs_debug3d_trace: func:get3dStatus, line:109
07-05 21:38:50.225 D/PowerManagerService( 1733): acquireWakeLockInternal: lock=113832109, flags=0x1, tag="NetworkStats", ws=null, uid=1000, pid=1733
07-05 21:38:50.225 D/PowerManagerNotifier( 1733): onWakeLockAcquired: flags=1, tag="NetworkStats", packageName=android, ownerUid=1000, ownerPid=1733, workSource=null
07-05 21:38:50.225 D/NtpTrustedTime( 1733): currentTimeMillis() cache hit
07-05 21:38:50.232 D/NtpTrustedTime( 1733): currentTimeMillis() cache hit
07-05 21:38:50.234 D/NtpTrustedTime( 1733): currentTimeMillis() cache hit
07-05 21:38:50.234 D/NtpTrustedTime( 1733): currentTimeMillis() cache hit
07-05 21:38:50.234 D/PowerManagerService( 1733): releaseWakeLockInternal: lock=113832109 [NetworkStats], flags=0x0
07-05 21:38:50.234 D/PowerManagerNotifier( 1733): onWakeLockReleased: flags=1, tag="NetworkStats", packageName=android, ownerUid=1000, ownerPid=1733, workSource=null
07-05 21:38:50.434 I/MyFragmentStateAdapter( 3924): getCount
07-05 21:38:50.471 I/MyFragmentStateAdapter( 3924): getCount
07-05 21:38:50.506 I/HLSP2P  (16183): ## 2017-07-05 21:38:50.506 [16183,16481,:0] INFO ## [HLSP2P][DownloadManager.cpp:35][INFO][TryExtendCacheSize]system memory total size : 1912M, free size : 352M, cache add to 30MB
07-05 21:38:50.522 I/MyFragmentStateAdapter( 3924): getCount
07-05 21:38:50.526 I/TVMW@HsTvSetting( 1234): Trace cmd, data = 0x1058
07-05 21:38:50.526 D/til@system( 2026): til_get_system_param option:100002F int:0, bool:0, ret:0
07-05 21:38:50.526 I/TVMW@HsTvSetting( 1234): Trace cmd, data = 0x101f
07-05 21:38:50.526 D/til@system( 2026): til_get_system_param option:100001D int:3, bool:3, ret:0
07-05 21:38:50.527 E/til     ( 2026): [til_get_current_input_source, 101] 
07-05 21:38:50.527 I/TVMW@HsTvSetting( 1234): Trace cmd, data = 0x7007
07-05 21:38:50.527 I/tilwrapper@sm( 2026): HS2TIL_SourceType *hs=0xd, *til=0x900
07-05 21:38:50.527 D/til     ( 2026): get current source 2304
07-05 21:38:50.527 D/SourceRemoteServiceHandler( 2026): getCurrentInputSource.from.til.result is 0, value is 2304
07-05 21:38:50.527 D/SourceRemoteServiceHandler( 2026): getInputSourceType source: 0x900, type=2304
07-05 21:38:50.527 D/til     ( 2026): ###### func:til_get_picture_param option:0x3000006 ######  
07-05 21:38:50.527 I/TVMW@HsTvSetting( 1234): Trace cmd, data = 0x1003
07-05 21:38:50.528 I/TVMW@HsTvSetting( 1234): Trace cmd, data = 0x8032
07-05 21:38:50.529 I/hstvos  ( 1216): [0m[1;33m[HSHAL][HS_VIDEO][HS_HAL_Video_SetOsdDetect_v2][2389]u16Threshold = 20
07-05 21:38:50.530 E/TVMW@videoctrl( 1234):  getOsd is 1
07-05 21:38:50.530 D/til@system( 2026): til_get_system_param option:1000027 int:1, bool:1, ret:0
07-05 21:38:50.530 D/til     ( 2026): ###### func:til_get_picture_param option:0x3000045 ######  
07-05 21:38:50.531 I/TVMW@HsTvSetting( 1234): Trace cmd, data = 0x300c
07-05 21:38:50.531 I/TVMW@HsTvSetting( 1234): Trace 3d, data = 0x300c
07-05 21:38:50.531 I/TVMW@3d ( 1234): Hs_debug3d_trace: func:get3dStatus, line:109
07-05 21:38:50.556 I/TVMW@devctrl( 1234): wdt
07-05 21:38:50.582 I/MyFragmentStateAdapter( 3924): getCount
07-05 21:38:50.625 D/DtvSourcePlugin-DVBC(15961): Setting the EPG Updater state to: WAIT
07-05 21:38:50.636 I/MyFragmentStateAdapter( 3924): getCount
07-05 21:38:50.687 I/MyFragmentStateAdapter( 3924): getCount
07-05 21:38:50.742 I/MyFragmentStateAdapter( 3924): getCount
07-05 21:38:50.780 I/MyFragmentStateAdapter( 3924): getCount
07-05 21:38:50.782 D/MSTAR_VDEC_DBG( 1206): Stream ID: 0, Rate : 24 (E:0,D:0,S:0,F:147) 
07-05 21:38:50.784 I/HLSP2P  ( 3457): ## 2017-07-05 21:38:50.782 [3457,3628,:0] INFO ## [HLSP2P][TaskManager.cpp:855][INFO][UpdateGlobalInfo]totalDataSize: 0, totalMemorySize: 0, totalCacheSize: 0, curUploadSpeedKB: 0
07-05 21:38:50.787 I/HLSP2P  ( 3457): ## 2017-07-05 21:38:50.785 [3457,3628,:0] INFO ## [HLSP2P][TaskManager.cpp:1325][INFO][TryAdjustMemorySize]system memory total size: 1912M, free size: 350MB, cache add to 30MB, AppState: 14
07-05 21:38:50.832 I/MyFragmentStateAdapter( 3924): getCount
07-05 21:38:50.887 I/MyFragmentStateAdapter( 3924): getCount
07-05 21:38:50.904 D/GlobalInputEventMonitoringService( 1733): interceptKeyBeforeQueueing(), event:20, mNeedMonitorKeyEvent:true, mWaitForKeyUpEvent:false
07-05 21:38:50.904 D/GlobalInputEventMonitoringService( 1733): processKeyEvent(), processKeyEvent event:20
07-05 21:38:50.904 D/WindowManager( 1733): interceptKeyTq keycode=20 interactive=true keyguardActive=false policyFlags=2b000000 isCancled= false
07-05 21:38:50.906 D/PowerManagerService( 1733): userActivityNoUpdateLocked: eventTime=10772475, event=1, flags=0x0, uid=1000
07-05 21:38:50.906 D/WindowManager( 1733): interceptKeyTi keyCode=20 down=true repeatCount=0 keyguardOn=false mHomePressed=false canceled=false
07-05 21:38:50.906 D/WindowManager( 1733): Hisense systemkey event: 20
07-05 21:38:50.907 D/HisenseGlobalKeyManager( 1733): handleGlobalKey() : Global event = KeyEvent { action=ACTION_DOWN, keyCode=KEYCODE_DPAD_DOWN, scanCode=0, metaState=0, flags=0x0, repeatCount=0, eventTime=10772475, downTime=10772475, deviceId=-1, source=0x101 }
07-05 21:38:50.919 D/SogouIME( 2203): [onKeyDown] keycode = 20 model = VIDAA_TV
07-05 21:38:50.921 D/Carousel-CarouselDisplayPlayerLayout( 3924): HasFocus:true,keyCode:20
07-05 21:38:50.921 D/Carousel-CarouselDisplayPlayerLayout( 3924): isFullScreen:false
07-05 21:38:50.921 D/Carousel-CarouselDisplayPlayerLayout( 3924): isFullScreen:false
07-05 21:38:50.921 I/HomeMainActivity( 3924): carousel handle key:false
07-05 21:38:50.922 I/MainHomeView( 3924): dispatchKeyEvent ACTION_DOWN now 
07-05 21:38:50.922 D/Carousel-CarouselDisplayPicLayout( 3924): keyCode=20
07-05 21:38:50.922 I/FirstLineAdapter( 3924): onCarouselKeyDown: output=true,event=KeyEvent { action=ACTION_DOWN, keyCode=KEYCODE_DPAD_DOWN, scanCode=0, metaState=0, flags=0x0, repeatCount=0, eventTime=10772475, downTime=10772475, deviceId=-1, source=0x101 }
07-05 21:38:50.922 I/HomeMainActivity( 3924): onKeyDown is 20
07-05 21:38:50.923 I/BaseContentFragment( 3924): setRowViewSelectedViewHolder{2f289d73 position=1 id=-1, oldPos=-1, pLpos:-1},isSelectedfalse
07-05 21:38:50.923 I/BaseContentFragment( 3924): setRowViewSelectedViewHolder{1e5e854f position=2 id=-1, oldPos=-1, pLpos:-1},isSelectedtrue
07-05 21:38:50.927 I/RoleContentFragment( 3924): onChildSelected:2,lastPos=1
07-05 21:38:50.928 I/CurrentCarouselView( 3924): onCarouseControlCarouselControlBean{mShoudScroll=false, mActivityHasResume=false, mActivityHasStop=false, mHasTurnGone=false, mHasTurnVisible=false, mChannelId=0, mSlideOffset=0.0, mShouldSelectCenter=false, mTabOpen=false, mHoriPosStatus=None, mVerPosStatus=Out, mLevelStatus=None},isPlayingtrue,channelId=0
07-05 21:38:50.928 I/CurrentCarouselView( 3924): is the current page
07-05 21:38:50.929 I/CurrentCarouselView( 3924): stopPlay
07-05 21:38:50.935 D/Carousel-CarouselView( 3924): ============>onFocusChange=false
07-05 21:38:50.935 D/Carousel-CarouselDisplayPlayerLayout( 3924): isFullScreen:false
07-05 21:38:50.935 D/Carousel-CarouselView( 3924): isFullScreen:false,hasFocus:false
07-05 21:38:50.935 D/Carousel-CarouselView( 3924): ============>offset=-1556
07-05 21:38:50.935 D/Carousel-CarouselDisplayPlayerLayout( 3924): showPlayerWindowTip showable:false
07-05 21:38:50.941 D/GlobalInputEventMonitoringService( 1733): interceptKeyBeforeQueueing(), event:20, mNeedMonitorKeyEvent:true, mWaitForKeyUpEvent:false
07-05 21:38:50.941 D/GlobalInputEventMonitoringService( 1733): processKeyEvent(), processKeyEvent event:20
07-05 21:38:50.941 D/WindowManager( 1733): interceptKeyTq keycode=20 interactive=true keyguardActive=false policyFlags=2b000000 isCancled= false
07-05 21:38:50.941 I/ContentBridgeAdapterListener( 3924): onAddPresenter 3
07-05 21:38:50.942 D/WindowManager( 1733): interceptKeyTi keyCode=20 down=false repeatCount=0 keyguardOn=false mHomePressed=false canceled=false
07-05 21:38:50.942 D/WindowManager( 1733): Hisense systemkey event: 20
07-05 21:38:50.942 D/HisenseGlobalKeyManager( 1733): handleGlobalKey() : Global event = KeyEvent { action=ACTION_UP, keyCode=KEYCODE_DPAD_DOWN, scanCode=0, metaState=0, flags=0x0, repeatCount=0, eventTime=10772475, downTime=10772475, deviceId=-1, source=0x101 }
07-05 21:38:50.966 I/ContentBridgeAdapterListener( 3924): onCreate ViewHolder{3660221c position=-1 id=-1, oldPos=-1, pLpos:-1 unbound no parent}
07-05 21:38:50.967 I/BaseContentFragment( 3924): setUpSharedViewPoolViewHolder{3660221c position=-1 id=-1, oldPos=-1, pLpos:-1 unbound no parent}
07-05 21:38:50.967 I/BaseContentFragment( 3924): share view pool
07-05 21:38:50.967 I/BaseContentFragment( 3924): setRowViewSelectedViewHolder{3660221c position=-1 id=-1, oldPos=-1, pLpos:-1 unbound no parent},isSelectedfalse
07-05 21:38:50.967 I/head    ( 3924): item=com.hisense.tvui.newhome.presenter.TwoLineListRow@2efb3e25
07-05 21:38:50.967 I/ContentBridgeAdapterListener( 3924): onBind 
07-05 21:38:50.967 I/ContentBridgeAdapterListener( 3924): onAttachedToWindow ViewHolder{3660221c position=3 id=-1, oldPos=-1, pLpos:-1}
07-05 21:38:50.975 I/CardSelectionPresenter( 3924): onCreateViewHoldercom.hisense.leanback.widget.HorizontalGridView{386ebfa VFE..... ......I. 0,0-0,0 #7f0d038e app:id/row_content}
07-05 21:38:50.982 I/NetflixMonitorService( 1733): current fgapk : com.hisense.hicloud.edca
07-05 21:38:50.982 I/NetflixMonitorService( 1733): Netflix status unchanged
07-05 21:38:50.988 I/CardSelectionPresenter( 3924): onBindViewHolder
07-05 21:38:50.988 D/sloven  ( 3924): 1002---true
07-05 21:38:50.988 I/CardSelectionPresenter( 3924): width=390,height=220
07-05 21:38:51.027 D/hailongqiu( 3924): hailongqiu position:0
07-05 21:38:51.030 I/CardSelectionPresenter( 3924): onCreateViewHoldercom.hisense.leanback.widget.HorizontalGridView{386ebfa VFE..... ......ID 0,0-1738,588 #7f0d038e app:id/row_content}
07-05 21:38:51.032 I/TVMW@HsTvSetting( 1234): Trace cmd, data = 0x1058
07-05 21:38:51.032 D/til@system( 2026): til_get_system_param option:100002F int:0, bool:0, ret:0
07-05 21:38:51.032 I/TVMW@HsTvSetting( 1234): Trace cmd, data = 0x101f
07-05 21:38:51.033 D/til@system( 2026): til_get_system_param option:100001D int:3, bool:3, ret:0
07-05 21:38:51.033 E/til     ( 2026): [til_get_current_input_source, 101] 
07-05 21:38:51.033 I/TVMW@HsTvSetting( 1234): Trace cmd, data = 0x7007
07-05 21:38:51.033 I/tilwrapper@sm( 2026): HS2TIL_SourceType *hs=0xd, *til=0x900
07-05 21:38:51.033 D/til     ( 2026): get current source 2304
07-05 21:38:51.033 D/SourceRemoteServiceHandler( 2026): getCurrentInputSource.from.til.result is 0, value is 2304
07-05 21:38:51.033 D/SourceRemoteServiceHandler( 2026): getInputSourceType source: 0x900, type=2304
07-05 21:38:51.033 D/til     ( 2026): ###### func:til_get_picture_param option:0x3000006 ######  
07-05 21:38:51.033 I/TVMW@HsTvSetting( 1234): Trace cmd, data = 0x1003
07-05 21:38:51.034 I/TVMW@HsTvSetting( 1234): Trace cmd, data = 0x8032
07-05 21:38:51.034 I/hstvos  ( 1216): [0m[1;33m[HSHAL][HS_VIDEO][HS_HAL_Video_SetOsdDetect_v2][2389]u16Threshold = 20
07-05 21:38:51.037 E/TVMW@videoctrl( 1234):  getOsd is 1
07-05 21:38:51.037 D/til@system( 2026): til_get_system_param option:1000027 int:1, bool:1, ret:0
07-05 21:38:51.037 D/til     ( 2026): ###### func:til_get_picture_param option:0x3000045 ######  
07-05 21:38:51.038 I/TVMW@HsTvSetting( 1234): Trace cmd, data = 0x300c
07-05 21:38:51.038 I/TVMW@HsTvSetting( 1234): Trace 3d, data = 0x300c
07-05 21:38:51.038 I/TVMW@3d ( 1234): Hs_debug3d_trace: func:get3dStatus, line:109
07-05 21:38:51.042 I/CardSelectionPresenter( 3924): onBindViewHolder
07-05 21:38:51.042 D/sloven  ( 3924): 1002---true
07-05 21:38:51.042 I/CardSelectionPresenter( 3924): width=390,height=220
07-05 21:38:51.047 I/CardSelectionPresenter( 3924): onCreateViewHoldercom.hisense.leanback.widget.HorizontalGridView{386ebfa VFE..... ......ID 0,0-1738,588 #7f0d038e app:id/row_content}
07-05 21:38:51.053 I/CardSelectionPresenter( 3924): onBindViewHolder
07-05 21:38:51.053 D/sloven  ( 3924): 1002---true
07-05 21:38:51.053 I/CardSelectionPresenter( 3924): width=400,height=220
07-05 21:38:51.056 I/CardSelectionPresenter( 3924): onCreateViewHoldercom.hisense.leanback.widget.HorizontalGridView{386ebfa VFE..... ......ID 0,0-1738,588 #7f0d038e app:id/row_content}
07-05 21:38:51.062 I/CardSelectionPresenter( 3924): onBindViewHolder
07-05 21:38:51.062 D/sloven  ( 3924): 1002---true
07-05 21:38:51.062 I/CardSelectionPresenter( 3924): width=400,height=220
07-05 21:38:51.065 I/CardSelectionPresenter( 3924): onCreateViewHoldercom.hisense.leanback.widget.HorizontalGridView{386ebfa VFE..... ......ID 0,0-1738,588 #7f0d038e app:id/row_content}
07-05 21:38:51.071 I/CardSelectionPresenter( 3924): onBindViewHolder
07-05 21:38:51.071 D/sloven  ( 3924): 1002---true
07-05 21:38:51.072 I/CardSelectionPresenter( 3924): width=400,height=220
07-05 21:38:51.073 D/PowerManagerService( 1733): acquireWakeLockInternal: lock=113832109, flags=0x1, tag="NetworkStats", ws=null, uid=1000, pid=1733
07-05 21:38:51.073 D/PowerManagerNotifier( 1733): onWakeLockAcquired: flags=1, tag="NetworkStats", packageName=android, ownerUid=1000, ownerPid=1733, workSource=null
07-05 21:38:51.073 D/NtpTrustedTime( 1733): currentTimeMillis() cache hit
07-05 21:38:51.079 I/CardSelectionPresenter( 3924): onCreateViewHoldercom.hisense.leanback.widget.HorizontalGridView{386ebfa VFE..... ......ID 0,0-1738,588 #7f0d038e app:id/row_content}
07-05 21:38:51.079 D/NtpTrustedTime( 1733): currentTimeMillis() cache hit
07-05 21:38:51.080 D/PowerManagerService( 1733): releaseWakeLockInternal: lock=113832109 [NetworkStats], flags=0x0
07-05 21:38:51.080 D/PowerManagerNotifier( 1733): onWakeLockReleased: flags=1, tag="NetworkStats", packageName=android, ownerUid=1000, ownerPid=1733, workSource=null
07-05 21:38:51.084 I/CardSelectionPresenter( 3924): onBindViewHolder
07-05 21:38:51.084 D/sloven  ( 3924): 1002---true
07-05 21:38:51.084 I/CardSelectionPresenter( 3924): width=400,height=220
07-05 21:38:51.088 D/NtpTrustedTime( 1733): currentTimeMillis() cache hit
07-05 21:38:51.088 D/NtpTrustedTime( 1733): currentTimeMillis() cache hit
07-05 21:38:51.089 I/CardSelectionPresenter( 3924): onCreateViewHoldercom.hisense.leanback.widget.HorizontalGridView{386ebfa VFE..... ......ID 0,0-1738,588 #7f0d038e app:id/row_content}
07-05 21:38:51.097 I/CardSelectionPresenter( 3924): onBindViewHolder
07-05 21:38:51.097 D/sloven  ( 3924): 2005---false
07-05 21:38:51.097 D/sloven  ( 3924): 2005
07-05 21:38:51.097 I/CardSelectionPresenter( 3924): width=400,height=220
07-05 21:38:51.100 I/CardSelectionPresenter( 3924): onCreateViewHoldercom.hisense.leanback.widget.HorizontalGridView{386ebfa VFE..... ......ID 0,0-1738,588 #7f0d038e app:id/row_content}
07-05 21:38:51.105 I/CardSelectionPresenter( 3924): onBindViewHolder
07-05 21:38:51.105 D/sloven  ( 3924): 2005---false
07-05 21:38:51.105 D/sloven  ( 3924): 2005
07-05 21:38:51.106 I/CardSelectionPresenter( 3924): width=400,height=220
07-05 21:38:51.110 I/CardSelectionPresenter( 3924): onCreateViewHoldercom.hisense.leanback.widget.HorizontalGridView{386ebfa VFE..... ......ID 0,0-1738,588 #7f0d038e app:id/row_content}
07-05 21:38:51.115 I/CardSelectionPresenter( 3924): onBindViewHolder
07-05 21:38:51.115 D/sloven  ( 3924): 2005---false
07-05 21:38:51.115 D/sloven  ( 3924): 2005
07-05 21:38:51.116 I/CardSelectionPresenter( 3924): width=400,height=220
07-05 21:38:51.120 I/CardSelectionPresenter( 3924): onCreateViewHoldercom.hisense.leanback.widget.HorizontalGridView{386ebfa VFE..... ......ID 0,0-1738,588 #7f0d038e app:id/row_content}
07-05 21:38:51.127 I/CardSelectionPresenter( 3924): onBindViewHolder
07-05 21:38:51.127 D/sloven  ( 3924): 2005---false
07-05 21:38:51.127 D/sloven  ( 3924): 2005
07-05 21:38:51.128 I/CardSelectionPresenter( 3924): width=400,height=220
07-05 21:38:51.133 I/MyFragmentStateAdapter( 3924): getCount
07-05 21:38:51.133 I/MyFragmentStateAdapter( 3924): getCount
07-05 21:38:51.133 I/MyFragmentStateAdapter( 3924): getCount
07-05 21:38:51.133 I/MyFragmentStateAdapter( 3924): getCount
07-05 21:38:51.134 I/FirstLineAdapter( 3924): canShowTrailer,isOffline=false
07-05 21:38:51.134 I/FirstLineAdapter( 3924): canShowTrailer,isOffline=false
07-05 21:38:51.134 I/FirstLineAdapter( 3924): canShowTrailer,isOffline=false
07-05 21:38:51.134 I/FirstLineAdapter( 3924): canShowTrailer,isOffline=false
07-05 21:38:51.134 I/FirstLineAdapter( 3924): canShowTrailer,isOffline=false
07-05 21:38:51.134 I/FirstLineAdapter( 3924): canShowTrailer,isOffline=false
07-05 21:38:51.134 I/FirstLineAdapter( 3924): canShowTrailer,isOffline=false
07-05 21:38:51.135 I/FirstLineAdapter( 3924): canShowTrailer,isOffline=false
07-05 21:38:51.135 I/FirstLineAdapter( 3924): canShowTrailer,isOffline=false
07-05 21:38:51.138 D/Carousel-CarouselView( 3924): ============>onScrollChanged hashCode:823697388
07-05 21:38:51.138 D/Carousel-CarouselDisplayPlayerLayout( 3924): isFullScreen:false
07-05 21:38:51.150 I/MyFragmentStateAdapter( 3924): getCount
07-05 21:38:51.162 I/MyFragmentStateAdapter( 3924): getCount
07-05 21:38:51.181 D/Carousel-CarouselDisplayPlayerLayout( 3924): HasFocus:false,keyCode:20
07-05 21:38:51.181 D/Carousel-CarouselDisplayPlayerLayout( 3924): isFullScreen:false
07-05 21:38:51.181 I/HomeMainActivity( 3924): carousel handle key:false
07-05 21:38:51.181 D/Carousel-CarouselView( 3924): setPosterAndStopPlay! hashCode=823697388, sWorkingHashCode=823697388
07-05 21:38:51.181 D/Carousel-CarouselDisplayPlayerLayout( 3924): isFullScreen:false
07-05 21:38:51.181 D/Carousel-Utils( 3924): displayImage view=android.widget.ImageView{91a89bb G.ED.... ........ 0,0-816,460 #7f0d0029 app:id/imageView1}
07-05 21:38:51.181 D/Carousel-Utils( 3924): displayImage url=http://picture.edu.hismarttv.com/images/20170629010146422927.jpg
07-05 21:38:51.182 D/Carousel-Utils( 3924): onResourceReady.
07-05 21:38:51.184 D/Carousel-Utils( 3924): displayImage view=android.widget.ImageView{576555f G.ED.... ........ 0,0-816,460 #7f0d0029 app:id/imageView1}
07-05 21:38:51.184 D/Carousel-Utils( 3924): displayImage url=http://picture.edu.hismarttv.com/images/20170629010146422927.jpg
07-05 21:38:51.184 D/Carousel-Utils( 3924): onResourceReady.
07-05 21:38:51.186 D/Carousel-CarouselDisplayPlayerLayout( 3924): isFullScreen:false
07-05 21:38:51.189 V/InputMethodService( 2203): startInput(): editor=android.view.inputmethod.EditorInfo@16b911e5
07-05 21:38:51.189 V/InputMethodService( 2203): CALL: onFinishInput
07-05 21:38:51.192 E/SOGOUIME_JNI( 2203): reset
07-05 21:38:51.192 E/SOGOUIME_JNI( 2203): getCandidates
07-05 21:38:51.194 D/Carousel-CarouselDisplayPlayerLayout( 3924): x=380, y=133,w=892,h=536, hashCode=432228362
07-05 21:38:51.194 D/Carousel-CarouselDisplayPlayerLayout( 3924): mX=380, mY=167,mWitdh=892,mHeight=536, hashCode=432228362
07-05 21:38:51.194 D/Carousel-CarouselDisplayPlayerLayout( 3924): changed=true, hashCode=432228362
07-05 21:38:51.195 E/SOGOUIME_JNI( 2203): ime_get_uncommitted_length
07-05 21:38:51.196 D/Carousel-Utils( 3924): x=380,y=133, width=892,height=536
07-05 21:38:51.196 E/SOGOUIME_JNI( 2203): getCandidates
07-05 21:38:51.196 D/Carousel-CarouselView( 3924): OnScrollStart DisplayPlayerLayout isnot shown return.
07-05 21:38:51.196 D/SogouIME API( 2203): ==============num:32
07-05 21:38:51.196 E/SOGOUIME_JNI( 2203): ime_get_uncommitted_length
07-05 21:38:51.196 D/SogouIME( 2203): mFocusedComponent:30   isHkbEnable:false
07-05 21:38:51.196 E/SOGOUIME_JNI( 2203): ime_get_uncommitted_length
07-05 21:38:51.196 E/SOGOUIME_JNI( 2203): ime_get_committed_length
07-05 21:38:51.196 E/SOGOUIME_JNI( 2203): getComposingInfo
07-05 21:38:51.196 E/SOGOUIME_JNI( 2203): getComposingInfo
07-05 21:38:51.196 E/SOGOUIME_JNI( 2203): getCorrectInfo
07-05 21:38:51.197 I/ContentBridgeAdapterListener( 3924): onDetachedFromWindow ViewHolder{23a8f994 position=0 id=-1, oldPos=-1, pLpos:-1}
07-05 21:38:51.197 E/SOGOUIME_JNI( 2203): getComposingInfo
07-05 21:38:51.200 I/MyFragmentStateAdapter( 3924): getCount
07-05 21:38:51.200 I/MyFragmentStateAdapter( 3924): getCount
07-05 21:38:51.200 I/MyFragmentStateAdapter( 3924): getCount
07-05 21:38:51.200 I/MyFragmentStateAdapter( 3924): getCount
07-05 21:38:51.203 V/InputMethodService( 2203): CALL: onStartInput
07-05 21:38:51.204 E/SOGOUIME_JNI( 2203): invalidateCommitWordPinyinNative
07-05 21:38:51.204 D/SogouIME( 2203): =====configKeyboard=======:false     false
07-05 21:38:51.204 E/SOGOUIME_JNI( 2203): ime_set_hard_kb_enable
07-05 21:38:51.206 D/Surface ( 1733): onStatusChange() : mNativeObject = 547942778368 mUseImageHwRender = false
07-05 21:38:51.206 V/Surface ( 1733): nativeSetHardwareRender() : status = 0
07-05 21:38:51.206 V/Surface ( 1733): nativeSetHardwareRender() : end
07-05 21:38:51.209 D/PowerManagerService( 1733): releaseWakeLockInternal: lock=487931605 [WindowManager], flags=0x0
07-05 21:38:51.210 D/PowerManagerNotifier( 1733): onWakeLockReleased: flags=536870922, tag="WindowManager", packageName=android, ownerUid=1000, ownerPid=1733, workSource=WorkSource{10010}
07-05 21:38:51.210 D/PowerManagerService( 1733): userActivityNoUpdateLocked: eventTime=10772781, event=0, flags=0x1, uid=1000
07-05 21:38:51.210 D/PowerManagerService( 1733): setScreenBrightnessOverrideFromWindowManagerInternal done
07-05 21:38:51.211 D/Surface ( 1733): onStatusChange() : mNativeObject = 0 mUseImageHwRender = false
07-05 21:38:51.213 I/FirstLineAdapter( 3924): canShowTrailer,isOffline=false
07-05 21:38:51.213 I/FirstLineAdapter( 3924): canShowTrailer,isOffline=false
07-05 21:38:51.214 I/FirstLineAdapter( 3924): canShowTrailer,isOffline=false
07-05 21:38:51.214 I/FirstLineAdapter( 3924): canShowTrailer,isOffline=false
07-05 21:38:51.214 I/FirstLineAdapter( 3924): canShowTrailer,isOffline=false
07-05 21:38:51.214 I/FirstLineAdapter( 3924): canShowTrailer,isOffline=false
07-05 21:38:51.214 I/FirstLineAdapter( 3924): canShowTrailer,isOffline=false
07-05 21:38:51.215 I/FirstLineAdapter( 3924): canShowTrailer,isOffline=false
07-05 21:38:51.215 I/FirstLineAdapter( 3924): canShowTrailer,isOffline=false
07-05 21:38:51.219 D/Carousel-CarouselView( 3924): ============>onScrollChanged hashCode:823697388
07-05 21:38:51.219 D/Carousel-CarouselDisplayPlayerLayout( 3924): isFullScreen:false
07-05 21:38:51.227 I/MyFragmentStateAdapter( 3924): getCount
07-05 21:38:51.237 D/Carousel-CarouselDisplayPlayerLayout( 3924): x=380, y=-183,w=892,h=536, hashCode=432228362
07-05 21:38:51.237 D/Carousel-CarouselDisplayPlayerLayout( 3924): mX=380, mY=133,mWitdh=892,mHeight=536, hashCode=432228362
07-05 21:38:51.237 D/Carousel-CarouselDisplayPlayerLayout( 3924): changed=true, hashCode=432228362
07-05 21:38:51.238 D/Carousel-Utils( 3924): x=380,y=-183, width=892,height=536
07-05 21:38:51.238 D/Carousel-CarouselView( 3924): onWindowOutScreen!
07-05 21:38:51.246 D/Carousel-CarouselView( 3924): ============>onScrollChanged hashCode:823697388
07-05 21:38:51.247 D/Carousel-CarouselDisplayPlayerLayout( 3924): isFullScreen:false
07-05 21:38:51.255 D/Carousel-CarouselDisplayPlayerLayout( 3924): x=380, y=-185,w=892,h=536, hashCode=432228362
07-05 21:38:51.255 D/Carousel-CarouselDisplayPlayerLayout( 3924): mX=380, mY=-183,mWitdh=892,mHeight=536, hashCode=432228362
07-05 21:38:51.255 D/Carousel-CarouselDisplayPlayerLayout( 3924): changed=true, hashCode=432228362
