07-06 01:07:46.872 I/FFMPEG  ( 1206): [mov,mp4,m4a,3gp,3g2,mj2 @ 0xf1803400] orig_nb_streams(2)
07-06 01:07:46.872 I/FFMPEG  ( 1206): [mov,mp4,m4a,3gp,3g2,mj2 @ 0xf1803400] Before avformat_find_stream_info() pos: 413026 bytes read:426780 seeks:0
07-06 01:07:46.875 I/FFMPEG  ( 1206): [NULL @ 0xbcb9c800] [Eval @ 0xf1300eec] Undefined constant or missing '(' in ''
07-06 01:07:46.875 I/FFMPEG  ( 1206): [NULL @ 0xbcb9c800] Unable to parse option value ""
07-06 01:07:46.875 I/FFMPEG  ( 1206): [NULL @ 0xbcb9c800] Error setting option debug to value .
07-06 01:07:46.875 I/FFMPEG  ( 1206): [mov,mp4,m4a,3gp,3g2,mj2 @ 0xf1803400] Failed to open codec in av_find_stream_info
07-06 01:07:46.875 I/FFMPEG  ( 1206): [NULL @ 0xbcb9cc00] [Eval @ 0xf1300eec] Undefined constant or missing '(' in ''
07-06 01:07:46.875 I/FFMPEG  ( 1206): [NULL @ 0xbcb9cc00] Unable to parse option value ""
07-06 01:07:46.875 I/FFMPEG  ( 1206): [NULL @ 0xbcb9cc00] Error setting option debug to value .
07-06 01:07:46.875 I/FFMPEG  ( 1206): [mov,mp4,m4a,3gp,3g2,mj2 @ 0xf1803400] Failed to open codec in av_find_stream_info
07-06 01:07:46.876 I/FFMPEG  ( 1206): [NULL @ 0xbcb9c800] try_decode_frame, i= 0, pkt->stream_index = 0
07-06 01:07:46.884 I/CommonUtils(22348):  object to json {"21":"http://jhxvideo-ws.video-tx.com/renditionf/201608/212213056611024897/212213056611025409/9b/219104966755748100/219104978030035716/r219104978030035716-2000k-1280x720.mp4"}
07-06 01:07:46.884 D/VideoInfo(22348): sunliqin, ============quality url list=============== {"21":"http://jhxvideo-ws.video-tx.com/renditionf/201608/212213056611024897/212213056611025409/9b/219104966755748100/219104978030035716/r219104978030035716-2000k-1280x720.mp4"}
07-06 01:07:46.895 D/EduVideoUtils(22348): sunliqin,Init videoinfo,info.sPlayLimitTime:-1  total:48  sindex:0  sPosterUrl:http://picture.edu.hismarttv.com/images/20170629/.jpg    venderid: 1040  sResolution:11
07-06 01:07:46.898 D/DetailVideoPlayerContainer(22348): sunliqin,getVideoLastPlayPosition,position:0
07-06 01:07:46.900 I/FFMPEG  ( 1206): [h264 @ 0xbcb9c800] no picture 
07-06 01:07:46.901 D/VideoInfo(22348): setmPosition,mPosition:0
07-06 01:07:46.901 D/DetailCourseSelectorView(22348): scrollRecylerView,POSITION:  0
07-06 01:07:46.901 D/DetailCourseSelectorView(22348): 11befor scroll,mindex is : 0
07-06 01:07:46.902 D/DetailCourseSelectorView(22348): sunliqin,setLastPlayViewIconGone,set last video flag is false
07-06 01:07:46.902 D/DetailCourseSelectorView(22348): sunliqin,setLastPlayViewIconGone,find view is null
07-06 01:07:46.902 D/DetailVideoPlayerContainer(22348): initPlayer==========,to delay 500ms
07-06 01:07:46.902 I/DetailVideoPlayerContainer(22348):  show laoding View called 
07-06 01:07:46.907 D/OsdMonitorService( 1733): mCurrentWindow = com.hisense.hicloud.edca/com.hisense.tvui.newhome.HomeMainActivity; newWindow = com.hisense.hicloud.edca/com.hisense.tvui.newhome.HomeMainActivity; isSubWindow = false; isInWinList = false; isExitNow = false
07-06 01:07:46.907 D/OsdMonitorService( 1733): windowNotOsd() : name = com.hisense.hicloud.edca/com.hisense.tvui.newhome.HomeMainActivity
07-06 01:07:46.907 I/OsdMonitorService( 1733): setOsdStatus() : status will change from true to true
07-06 01:07:46.909 D/PowerManagerService( 1733): setScreenBrightnessOverrideFromWindowManagerInternal done
07-06 01:07:46.912 D/PowerManagerService( 1733): setScreenBrightnessOverrideFromWindowManagerInternal done
07-06 01:07:46.913 D/DetailVideoPlayerContainer(22348): Handler send msg MSG_INIT_PLAYER,delay 500ms 
07-06 01:07:46.913 D/DetailVideoPlayerContainer(22348): reportVideoPrepareStartLog!!!!!current videos id is : 35351
07-06 01:07:46.915 D/til@system( 2026): til_get_system_param option:1000007 int:-1815634176, bool:0, ret:0
07-06 01:07:46.916 D/til@system( 2026): til_get_system_param option:1000009 int:-1815633792, bool:128, ret:0
07-06 01:07:46.925 D/til@system( 2026): til_get_system_param option:1000008 int:-1936523008, bool:0, ret:0
07-06 01:07:46.926 D/HiSDKLogReport(22348): getOperationDetail-productName : LED50MU8600UC
07-06 01:07:46.926 D/HiSDKLogReport(22348): getOperationDetail-plmNumber : 88888
07-06 01:07:46.926 D/HiSDKLogReport(22348): getOperationDetail-swVersion : V0000.00.01A
07-06 01:07:46.926 D/HiSDKLogReport(22348): getOperationDetail-operationDetail : LED50MU8600UC0000888
07-06 01:07:46.926 D/PowerManagerService( 1733): setScreenBrightnessOverrideFromWindowManagerInternal done
07-06 01:07:46.927 D/HiSDKLogReport(22348): businessLogReport-log : {autoplay=1, eventType=229, APPVersionName=3.0.0.9.00, devid=86100300900000500000060a4818fca8, uuid=13287129, APIversion=501, eventcode=229001, logversion=2.0, devType=0, eventPos=001, ChannelId=0, version=00.002.003, subscriberId=13287129, PFAPPCode=652, softwareVersion=LED50MU8600UC0000888, srceventcode=207000, videoid=35351, srcmediaid=, mac=a8:a6:48:18:fc:a8, accessToken=72DF6038D2AEAB8A76DFBBBBCC428A4A_000508128155174, srcoriginal=1, APPPackage=com.hisense.hicloud.edca, mediaid=3535, sessionid=c386cc00efc54213a58f4965f22339ac, requesttime=1499274466926, customerId=7195320, model_id=0, requestid=c7318e9e6c564b609db22920e17f8c30, tv_distribute_id=00, APIVersion=600, issysrepo=0}
07-06 01:07:46.927 D/DetailPlayActivity(22348): scrollCourseView,POS:0
07-06 01:07:46.927 D/DetailCourseSelectorView(22348): scrollRecylerView,POSITION:  0
07-06 01:07:46.927 D/DetailCourseSelectorView(22348): 11befor scroll,mindex is : 0
07-06 01:07:46.927 D/DetailCourseSelectorView(22348): sunliqin,setLastPlayViewIconGone,set last video flag is false
07-06 01:07:46.927 D/DetailCourseSelectorView(22348): sunliqin,setLastPlayViewIconGone,find view is null
07-06 01:07:46.927 I/DetailPlayActivity(22348): loadDataTime : 23308499   1233
07-06 01:07:46.929 D/til@system( 2026): til_get_system_param option:1000007 int:-1936525184, bool:128, ret:0
07-06 01:07:46.930 D/til@system( 2026): til_get_system_param option:1000009 int:-1815632896, bool:0, ret:0
07-06 01:07:46.932 D/til@system( 2026): til_get_system_param option:1000008 int:-1936522112, bool:128, ret:0
07-06 01:07:46.932 D/HiSDKLogReport(22348): getOperationDetail-productName : LED50MU8600UC
07-06 01:07:46.932 D/HiSDKLogReport(22348): getOperationDetail-plmNumber : 88888
07-06 01:07:46.932 D/HiSDKLogReport(22348): getOperationDetail-swVersion : V0000.00.01A
07-06 01:07:46.932 D/HiSDKLogReport(22348): getOperationDetail-operationDetail : LED50MU8600UC0000888
07-06 01:07:46.933 D/HiSDKLogReport(22348): processLogReport-log : {eventType=110, appKey=1182445233, APPVersionName=3.0.0.9.00, devid=86100300900000500000060a4818fca8, mac=a8:a6:48:18:fc:a8, uuid=13287129, accessToken=72DF6038D2AEAB8A76DFBBBBCC428A4A_000508128155174, APIversion=501, logversion=2.0, devType=0, APPPackage=com.hisense.hicloud.edca, eventPos=003, requesttime=1499274466932, customerId=7195320, value2=, eventMessage=InitDataAfterConnection, value1=1233, model_id=0, ChannelId=0, version=00.002.003, tv_distribute_id=00, subscriberId=13287129, APIVersion=600, PFAPPCode=652, softwareVersion=LED50MU8600UC0000888}
07-06 01:07:46.936 V/InputMethodService( 2203): startInput(): editor=android.view.inputmethod.EditorInfo@2f8dee53
07-06 01:07:46.936 V/InputMethodService( 2203): CALL: onFinishInput
07-06 01:07:46.937 D/hwcomposer( 1204): lastHWWindowInfo is dirty
07-06 01:07:46.937 W/System.err(22348): java.net.ConnectException: failed to connect to /10.18.210.112 (port 8900) after 6000ms: isConnected failed: ECONNREFUSED (Connection refused)
07-06 01:07:46.937 W/System.err(22348): 	at libcore.io.IoBridge.isConnected(IoBridge.java:238)
07-06 01:07:46.937 W/System.err(22348): 	at libcore.io.IoBridge.connectErrno(IoBridge.java:171)
07-06 01:07:46.938 W/System.err(22348): 	at libcore.io.IoBridge.connect(IoBridge.java:122)
07-06 01:07:46.938 W/System.err(22348): 	at java.net.PlainSocketImpl.connect(PlainSocketImpl.java:183)
07-06 01:07:46.938 W/System.err(22348): 	at java.net.PlainSocketImpl.connect(PlainSocketImpl.java:456)
07-06 01:07:46.938 W/System.err(22348): 	at java.net.Socket.connect(Socket.java:882)
07-06 01:07:46.938 W/System.err(22348): 	at com.android.okhttp.internal.Platform.connectSocket(Platform.java:174)
07-06 01:07:46.938 W/System.err(22348): 	at com.android.okhttp.Connection.connect(Connection.java:152)
07-06 01:07:46.938 W/System.err(22348): 	at com.android.okhttp.internal.http.HttpEngine.connect(HttpEngine.java:276)
07-06 01:07:46.938 W/System.err(22348): 	at com.android.okhttp.internal.http.HttpEngine.sendRequest(HttpEngine.java:211)
07-06 01:07:46.938 W/System.err(22348): 	at com.android.okhttp.internal.http.HttpURLConnectionImpl.execute(HttpURLConnectionImpl.java:382)
07-06 01:07:46.938 W/System.err(22348): 	at com.android.okhttp.internal.http.HttpURLConnectionImpl.connect(HttpURLConnectionImpl.java:106)
07-06 01:07:46.938 W/System.err(22348): 	at com.hisense.hitv.hicloud.util.ExceptionReport.a(ExceptionReport.java:337)
07-06 01:07:46.938 W/System.err(22348): 	at com.hisense.hitv.hicloud.util.ExceptionReport.a(ExceptionReport.java:39)
07-06 01:07:46.938 W/System.err(22348): 	at com.hisense.hitv.hicloud.util.ExceptionReport$1.run(ExceptionReport.java:83)
07-06 01:07:46.938 W/System.err(22348): 	at java.lang.Thread.run(Thread.java:818)
07-06 01:07:46.938 W/System.err(22348): Caused by: android.system.ErrnoException: isConnected failed: ECONNREFUSED (Connection refused)
07-06 01:07:46.938 W/System.err(22348): 	at libcore.io.IoBridge.isConnected(IoBridge.java:223)
07-06 01:07:46.938 W/System.err(22348): 	... 15 more
07-06 01:07:46.940 E/SOGOUIME_JNI( 2203): reset
07-06 01:07:46.940 E/SOGOUIME_JNI( 2203): getCandidates
07-06 01:07:46.940 E/SOGOUIME_JNI( 2203): ime_get_uncommitted_length
07-06 01:07:46.940 E/SOGOUIME_JNI( 2203): getCandidates
07-06 01:07:46.940 D/SogouIME API( 2203): ==============num:32
07-06 01:07:46.940 E/SOGOUIME_JNI( 2203): ime_get_uncommitted_length
07-06 01:07:46.940 D/SogouIME( 2203): mFocusedComponent:30   isHkbEnable:false
07-06 01:07:46.941 E/SOGOUIME_JNI( 2203): ime_get_uncommitted_length
07-06 01:07:46.941 E/SOGOUIME_JNI( 2203): ime_get_committed_length
07-06 01:07:46.941 E/SOGOUIME_JNI( 2203): getComposingInfo
07-06 01:07:46.941 E/SOGOUIME_JNI( 2203): getComposingInfo
07-06 01:07:46.941 E/SOGOUIME_JNI( 2203): getCorrectInfo
07-06 01:07:46.941 E/SOGOUIME_JNI( 2203): getComposingInfo
07-06 01:07:46.942 V/InputMethodService( 2203): CALL: onStartInput
07-06 01:07:46.942 E/SOGOUIME_JNI( 2203): invalidateCommitWordPinyinNative
07-06 01:07:46.942 D/SogouIME( 2203): =====configKeyboard=======:false     false
07-06 01:07:46.942 E/SOGOUIME_JNI( 2203): ime_set_hard_kb_enable
07-06 01:07:46.944 I/TVMW@devctrl( 1234): wdt
07-06 01:07:46.950 I/Choreographer(22348): Skipped 31 frames!  The application may be doing too much work on its main thread.
07-06 01:07:47.013 I/TVMW@HsTvSetting( 1234): Trace cmd, data = 0x1058
07-06 01:07:47.016 D/til@system( 2026): til_get_system_param option:100002F int:0, bool:0, ret:0
07-06 01:07:47.016 I/TVMW@HsTvSetting( 1234): Trace cmd, data = 0x101f
07-06 01:07:47.016 D/til@system( 2026): til_get_system_param option:100001D int:3, bool:3, ret:0
07-06 01:07:47.016 E/til     ( 2026): [til_get_current_input_source, 101] 
07-06 01:07:47.016 I/TVMW@HsTvSetting( 1234): Trace cmd, data = 0x7007
07-06 01:07:47.017 I/tilwrapper@sm( 2026): HS2TIL_SourceType *hs=0xd, *til=0x900
07-06 01:07:47.017 D/til     ( 2026): get current source 2304
07-06 01:07:47.017 D/SourceRemoteServiceHandler( 2026): getCurrentInputSource.from.til.result is 0, value is 2304
07-06 01:07:47.017 D/SourceRemoteServiceHandler( 2026): getInputSourceType source: 0x900, type=2304
07-06 01:07:47.017 D/til     ( 2026): ###### func:til_get_picture_param option:0x3000006 ######  
07-06 01:07:47.017 I/TVMW@HsTvSetting( 1234): Trace cmd, data = 0x1003
07-06 01:07:47.017 I/TVMW@HsTvSetting( 1234): Trace cmd, data = 0x8032
07-06 01:07:47.018 I/hstvos  ( 1216): [0m[1;33m[HSHAL][HS_VIDEO][HS_HAL_Video_SetOsdDetect_v2][2389]u16Threshold = 20
07-06 01:07:47.018 I/MiSysSrv( 1214): Not support now! 42, change to mm_video!!!
07-06 01:07:47.018 E/TVMW@videoctrl( 1234):  getOsd is 1
07-06 01:07:47.018 D/til@system( 2026): til_get_system_param option:1000027 int:1, bool:1, ret:0
07-06 01:07:47.018 D/til     ( 2026): ###### func:til_get_picture_param option:0x3000045 ######  
07-06 01:07:47.018 I/TVMW@HsTvSetting( 1234): Trace cmd, data = 0x300c
07-06 01:07:47.018 I/TVMW@HsTvSetting( 1234): Trace 3d, data = 0x300c
07-06 01:07:47.018 I/TVMW@3d ( 1234): Hs_debug3d_trace: func:get3dStatus, line:109
07-06 01:07:47.044 I/FFMPEG  ( 1206): [mov,mp4,m4a,3gp,3g2,mj2 @ 0xf1803400] i(1) > pkt->stream_index(0),conitnue
07-06 01:07:47.044 I/FFMPEG  ( 1206): [NULL @ 0xbcb9cc00] try_decode_frame, i= 1, pkt->stream_index = 1
07-06 01:07:47.050 I/FFMPEG  ( 1206): [aac @ 0xbcb9cc00] skip whole frame, skip left: 0
07-06 01:07:47.053 I/FFMPEG  ( 1206): [mov,mp4,m4a,3gp,3g2,mj2 @ 0xf1803400] After avformat_find_stream_info() pos: 473274 bytes read:492316 seeks:0 frames:3
07-06 01:07:47.053 I/FFmpegExtractor( 1206): the duration is 00:08:58.08
07-06 01:07:47.053 I/FFmpegExtractor( 1206): streamIndex: 0 ,stream_index 0
07-06 01:07:47.053 D/FFmpegExtractor( 1206): is_codec_supported codec_id is 28
07-06 01:07:47.053 D/FFmpegExtractor( 1206): setVideoFormat avctx->codec_id is 28
07-06 01:07:47.053 V/codec_utils( 1206): AVC
07-06 01:07:47.053 I/FFmpegExtractor( 1206): the time is 00:08:58.08
07-06 01:07:47.053 I/FFmpegExtractor( 1206): streamIndex: 1 ,stream_index 1
07-06 01:07:47.053 D/FFmpegExtractor( 1206): is_codec_supported codec_id is 86018
07-06 01:07:47.053 V/codec_utils( 1206): AAC
07-06 01:07:47.053 V/codec_utils( 1206): aac profile: 1, sf_index: 4, channel: 2
07-06 01:07:47.053 I/FFmpegExtractor( 1206): bit_rate: 55687, sample_rate: 44100, channels: 2, bits_per_coded_sample: 16, block_align:0
07-06 01:07:47.053 I/FFmpegExtractor( 1206): the time is 00:08:58.00
07-06 01:07:47.054 D/FFmpegExtractor( 1206): Reader thread started
07-06 01:07:47.054 D/FFmpegExtractor( 1206): supported mime: video/mp4
07-06 01:07:47.054 W/avc_utils( 1206): [3D detect]It is not SEI Nal
07-06 01:07:47.054 W/avc_utils( 1206): [3D detect]It is not SEI Nal
07-06 01:07:47.054 W/avc_utils( 1206): [3D detect]It is not SEI Nal
07-06 01:07:47.071 I/MiSysSrv( 1214): [37m[INFO] Change to Voltage: 117 mv (0x32)[m
07-06 01:07:47.156 I/NuCachedSource2( 1206): new range: offset= 218840569
07-06 01:07:47.156 I/NuCachedSource2( 1206): seekInternal_l ---- totalSize: 1835008
07-06 01:07:47.157 D/MediaHTTPConnection(22348): offset = 218840569, mCurrentOffset = 1835008
07-06 01:07:47.157 D/MediaHTTPConnection(22348): seekTo 218840569
07-06 01:07:47.157 D/MediaHTTPConnection(22348): teardownConnection
07-06 01:07:47.164 D/PowerManagerService( 1733): setScreenBrightnessOverrideFromWindowManagerInternal done
07-06 01:07:47.166 D/Surface (22348): onStatusChange() : mNativeObject = 0 mUseImageHwRender = false
07-06 01:07:47.169 I/MiSysSrv( 1214): [37m[INFO] Change to Voltage: 107 mv (0x28)[m
07-06 01:07:47.179 W/SurfaceFlinger( 1204): couldn't log to binary event log: overflow.
07-06 01:07:47.183 I/        (22348): W = 90, H = 90
07-06 01:07:47.185 I/SurfaceView(22348): Changes: creating=false format=false size=false visible=false left=false top=false
07-06 01:07:47.185 I/SurfaceView(22348): Cur surface: Surface(name=null)/@0x7465ed4
07-06 01:07:47.186 D/Surface ( 1733): onStatusChange() : mNativeObject = 547334927872 mUseImageHwRender = false
07-06 01:07:47.186 V/Surface ( 1733): nativeSetHardwareRender() : status = 0
07-06 01:07:47.186 V/Surface ( 1733): nativeSetHardwareRender() : end
07-06 01:07:47.188 D/PowerManagerService( 1733): setScreenBrightnessOverrideFromWindowManagerInternal done
07-06 01:07:47.190 D/Surface ( 1733): onStatusChange() : mNativeObject = 0 mUseImageHwRender = false
07-06 01:07:47.191 D/Surface (22348): onStatusChange() : mNativeObject = -531846656 mUseImageHwRender = false
07-06 01:07:47.191 V/Surface (22348): nativeSetHardwareRender() : status = 0
07-06 01:07:47.191 V/Surface (22348): nativeSetHardwareRender() : end
07-06 01:07:47.191 I/SurfaceView(22348): New surface: Surface(name=null)/@0x35d3287d, vis=true, frame=Rect(418, 205 - 1234, 665)
07-06 01:07:47.191 D/Surface (22348): onStatusChange() : mNativeObject = 0 mUseImageHwRender = false
07-06 01:07:47.191 D/Surface (22348): onStatusChange() : mNativeObject = -531846656 mUseImageHwRender = false
07-06 01:07:47.191 V/Surface (22348): nativeSetHardwareRender() : status = 0
07-06 01:07:47.191 V/Surface (22348): nativeSetHardwareRender() : end
07-06 01:07:47.191 I/SurfaceView(22348): surfaceRedrawNeeded
07-06 01:07:47.191 I/SurfaceView(22348): finishedDrawing
07-06 01:07:47.192 V/SurfaceView(22348): Layout: x=418 y=205 w=816 h=460, frame=Rect(0, 0 - 816, 460)
07-06 01:07:47.194 D/HiNetworkImpl(22348): doHttp_Asyn(): onReqResponse isSuccessful = true, back from thread: main
07-06 01:07:47.194 I/HiNetworkImpl(22348): doHttp_Asyn(): onSuccess clazz = class com.hisense.sdk.domain.DetailCollectionStatus, back from thread: main
07-06 01:07:47.194 D/DetailPlayActivity(22348): getDetailCollectionStatus,onSuccess
07-06 01:07:47.196 D/DetailVideoPlayerContainer(22348): receive,CONNECTIVITY_ACTION,mDetailListener:com.hisense.hicloud.edca.mediaplayer.activity.DetailPlayActivity@17175af4
07-06 01:07:47.196 D/DetailVideoPlayerContainer(22348): receive,CONNECTIVITY_ACTION,mDetailListener.isActivityResume():false
07-06 01:07:47.196 D/DetailCourseSelectorView(22348): sunliqin,setPlayIcon,set last video flag is true
07-06 01:07:47.196 D/DetailCourseSelectorView(22348): sunliqin,setPlayIcon,findposition view is not null
07-06 01:07:47.196 D/DetailCourseSelectorView(22348): GGGGGGGGGGGGGGGGGGGGGGGGGG,mPosition: 0
07-06 01:07:47.197 D/DetailCourseSelectorView(22348): sunliqin,no focus, set course play icon is selected
07-06 01:07:47.197 D/DetailCourseSelectorView(22348): 22after scroll,mindex is : 0
07-06 01:07:47.197 D/DetailVideoPlayerContainer(22348): receive,CONNECTIVITY_ACTION,mDetailListener:com.hisense.hicloud.edca.mediaplayer.activity.DetailPlayActivity@17175af4
07-06 01:07:47.197 D/DetailVideoPlayerContainer(22348): receive,CONNECTIVITY_ACTION,mDetailListener.isActivityResume():false
07-06 01:07:47.197 D/DetailCourseSelectorView(22348): sunliqin,setPlayIcon,set last video flag is true
07-06 01:07:47.197 D/DetailCourseSelectorView(22348): sunliqin,setPlayIcon,findposition view is not null
07-06 01:07:47.197 D/DetailCourseSelectorView(22348): GGGGGGGGGGGGGGGGGGGGGGGGGG,mPosition: 0
07-06 01:07:47.197 D/DetailCourseSelectorView(22348): sunliqin,no focus, set course play icon is selected
07-06 01:07:47.197 D/DetailCourseSelectorView(22348): 22after scroll,mindex is : 0
07-06 01:07:47.197 D/DetailCourseSelectorView(22348): sunliqin,setPlayIcon,set last video flag is true
07-06 01:07:47.197 D/DetailCourseSelectorView(22348): sunliqin,setPlayIcon,findposition view is not null
07-06 01:07:47.197 D/DetailCourseSelectorView(22348): GGGGGGGGGGGGGGGGGGGGGGGGGG,mPosition: 0
07-06 01:07:47.198 D/DetailCourseSelectorView(22348): sunliqin,no focus, set course play icon is selected
07-06 01:07:47.199 D/DetailCourseSelectorView(22348): 22after scroll,mindex is : 0
07-06 01:07:47.208 D/OsdMonitorService( 1733): mCurrentWindow = com.hisense.hicloud.edca/com.hisense.tvui.newhome.HomeMainActivity; newWindow = com.hisense.hicloud.edca/com.hisense.tvui.newhome.HomeMainActivity; isSubWindow = false; isInWinList = false; isExitNow = false
07-06 01:07:47.208 D/OsdMonitorService( 1733): windowNotOsd() : name = com.hisense.hicloud.edca/com.hisense.tvui.newhome.HomeMainActivity
07-06 01:07:47.208 I/OsdMonitorService( 1733): setOsdStatus() : status will change from true to true
07-06 01:07:47.210 D/PowerManagerService( 1733): setScreenBrightnessOverrideFromWindowManagerInternal done
07-06 01:07:47.219 D/gralloc ( 1204): allocate buffer from ION HEAP 0x1
07-06 01:07:47.219 D/gralloc ( 1204): allocate memory from system heap
07-06 01:07:47.226 D/PowerManagerService( 1733): releaseWakeLockInternal: lock=681732318 [ActivityManager-Launch], flags=0x0
07-06 01:07:47.226 D/PowerManagerNotifier( 1733): onWakeLockReleased: flags=1, tag="ActivityManager-Launch", packageName=android, ownerUid=1000, ownerPid=1733, workSource=null
07-06 01:07:47.244 I/NotificationService( 1733): cancelToast pkg=com.hisense.hicloud.edca callback=android.app.ITransientNotification$Stub$Proxy@2ea7a616
07-06 01:07:47.244 W/NotificationService( 1733): Toast already cancelled. pkg=com.hisense.hicloud.edca callback=android.app.ITransientNotification$Stub$Proxy@2ea7a616
07-06 01:07:47.245 D/DetailPlayActivity(22348): ---------------------------onstop,release player!!!
07-06 01:07:47.245 D/DetailVideoPlayerContainer(22348): releasePlayer,mIsAutoFlag:true
07-06 01:07:47.245 D/DetailVideoPlayerContainer(22348): sunliqin,releasePlayer(),mPosition:0 mPlayLimitTime:0
07-06 01:07:47.245 D/DetailVideoPlayerContainer(22348): autoRecordPlayHistroymPosition:0     mDuration:0 mPlayLimitTime:0  mIsAutoFlag:true
07-06 01:07:47.245 D/DetailVideoPlayerContainer(22348): releasePlayer(,histroy,mDuration:0  total:48  mIndex + 11
07-06 01:07:47.245 D/VideoInfo(22348): reportVideoExit,position:0
07-06 01:07:47.251 I/edu     (22348): ---------- ==>1002
07-06 01:07:47.252 D/EduSourcePlayerHelper(22348): journalVideoExit(): content://com.hisense.data.edu/external_player_action?action=logging&source=EDU&event=video_exit&programSeriesId=3535&episodeId=35351&resolution=11&ts=1499274467&position=0&error_code=null&typeCode=1002&classId=&topicTitle=
07-06 01:07:47.257 D/DetailPlayActivity(22348): ---------------------------onstop,isReleased:true
07-06 01:07:47.258 D/EduSourcePlayerHelper(22348): opening cursor content://com.hisense.data.edu/external_player_action?action=logging&source=EDU&event=video_exit&programSeriesId=3535&episodeId=35351&resolution=11&ts=1499274467&position=0&error_code=null&typeCode=1002&classId=&topicTitle=
07-06 01:07:47.258 D/DetailPlayActivity(22348): ---------------------------ondestroy
07-06 01:07:47.258 I/ContentProvider(22348): --EduProvider--query--insert db--
07-06 01:07:47.258 I/FirstLineAdapter(22348): canShowTrailer,isOffline=false
07-06 01:07:47.259 D/DetailVideoPlayerContainer(22348): reportVideoEndLog!!!!!current videos id is : 35351
07-06 01:07:47.260 D/til@system( 2026): til_get_system_param option:1000007 int:-1936522368, bool:128, ret:0
07-06 01:07:47.261 D/til@system( 2026): til_get_system_param option:1000009 int:-1815634176, bool:0, ret:0
07-06 01:07:47.261 D/til@system( 2026): til_get_system_param option:1000008 int:-1815633792, bool:128, ret:0
07-06 01:07:47.261 D/HiSDKLogReport(22348): getOperationDetail-productName : LED50MU8600UC
07-06 01:07:47.261 D/HiSDKLogReport(22348): getOperationDetail-plmNumber : 88888
07-06 01:07:47.261 D/HiSDKLogReport(22348): getOperationDetail-swVersion : V0000.00.01A
07-06 01:07:47.261 D/HiSDKLogReport(22348): getOperationDetail-operationDetail : LED50MU8600UC0000888
07-06 01:07:47.262 D/HiSDKLogReport(22348): businessLogReport-log : {eventType=229, APPVersionName=3.0.0.9.00, devid=86100300900000500000060a4818fca8, uuid=13287129, APIversion=501, duration=0, eventcode=229009, logversion=2.0, devType=0, eventPos=009, ChannelId=0, version=00.002.003, subscriberId=13287129, PFAPPCode=652, softwareVersion=LED50MU8600UC0000888, srceventcode=207000, videoid=35351, srcmediaid=, mac=a8:a6:48:18:fc:a8, accessToken=72DF6038D2AEAB8A76DFBBBBCC428A4A_000508128155174, srcoriginal=1, APPPackage=com.hisense.hicloud.edca, mediaid=3535, sessionid=c386cc00efc54213a58f4965f22339ac, requesttime=1499274467261, customerId=7195320, model_id=0, requestid=ababfe3675ab404ab2baab4c15f8949b, tv_distribute_id=00, APIVersion=600, issysrepo=0}
07-06 01:07:47.262 D/MediaHTTPConnection(22348): close inputstream
07-06 01:07:47.262 D/DetailVideoPlayerContainer(22348): onDestroy() --
07-06 01:07:47.263 D/MediaHTTPConnection(22348): hitting http://150.138.169.144/jhxvideo-ws.video-tx.com/rendition/201705/205989353451683841/205989353451684353/bb/243216185158536196/243216215223308548/r243216215223308548-3200k-1920x1080.mp4?wsSecret=09069f6eda373bfcf4f5bb98e37498a9&wsTime=595d1ce0&wsiphost=local
07-06 01:07:47.270 I/MiSysSrv( 1214): [37m[INFO] Change to Voltage: 102 mv (0x23)[m
07-06 01:07:47.272 D/PowerManagerService( 1733): setScreenBrightnessOverrideFromWindowManagerInternal done
07-06 01:07:47.274 D/OsdMonitorService( 1733): mCurrentWindow = com.hisense.hicloud.edca/com.hisense.tvui.newhome.HomeMainActivity; newWindow = com.hisense.hicloud.edca/com.hisense.tvui.newhome.HomeMainActivity; isSubWindow = false; isInWinList = false; isExitNow = false
07-06 01:07:47.274 D/OsdMonitorService( 1733): windowNotOsd() : name = com.hisense.hicloud.edca/com.hisense.tvui.newhome.HomeMainActivity
07-06 01:07:47.274 I/edu     (22348): 000000000 ==>mTypeCode = 1002
07-06 01:07:47.274 I/OsdMonitorService( 1733): setOsdStatus() : status will change from true to true
07-06 01:07:47.274 D/ContentProvider(22348): zhangxiaokai,getmImageIconUrl():http://picture.edu.hismarttv.com/images/20170629/.jpg
07-06 01:07:47.274 D/ContentProvider(22348): zhangxiaokai,getTitle()
07-06 01:07:47.274 D/ContentProvider(22348): zhangxiaokai,getTotalTime():0
07-06 01:07:47.274 D/ContentProvider(22348): zhangxiaokai getIs_fee():1
07-06 01:07:47.275 W/System.err(22348): java.net.ConnectException: failed to connect to /10.18.210.112 (port 8900) after 6000ms: isConnected failed: ECONNREFUSED (Connection refused)
07-06 01:07:47.275 I/FirstLineAdapter(22348): canShowTrailer,isOffline=false
07-06 01:07:47.276 I/FirstLineAdapter(22348): canShowTrailer,isOffline=false
07-06 01:07:47.276 I/FirstLineAdapter(22348): canShowTrailer,isOffline=false
07-06 01:07:47.276 I/FirstLineAdapter(22348): canShowTrailer,isOffline=false
07-06 01:07:47.276 I/FirstLineAdapter(22348): canShowTrailer,isOffline=false
07-06 01:07:47.276 I/FirstLineAdapter(22348): canShowTrailer,isOffline=false
07-06 01:07:47.276 I/FirstLineAdapter(22348): canShowTrailer,isOffline=false
07-06 01:07:47.276 I/FirstLineAdapter(22348): onCreateViewHolder viewtype=4
07-06 01:07:47.276 W/System.err(22348): 	at libcore.io.IoBridge.isConnected(IoBridge.java:238)
07-06 01:07:47.276 W/System.err(22348): 	at libcore.io.IoBridge.connectErrno(IoBridge.java:171)
07-06 01:07:47.276 W/System.err(22348): 	at libcore.io.IoBridge.connect(IoBridge.java:122)
07-06 01:07:47.277 W/System.err(22348): 	at java.net.PlainSocketImpl.connect(PlainSocketImpl.java:183)
07-06 01:07:47.277 W/System.err(22348): 	at java.net.PlainSocketImpl.connect(PlainSocketImpl.java:456)
07-06 01:07:47.277 W/System.err(22348): 	at java.net.Socket.connect(Socket.java:882)
07-06 01:07:47.277 W/System.err(22348): 	at com.android.okhttp.internal.Platform.connectSocket(Platform.java:174)
07-06 01:07:47.277 W/System.err(22348): 	at com.android.okhttp.Connection.connect(Connection.java:152)
07-06 01:07:47.277 W/System.err(22348): 	at com.android.okhttp.internal.http.HttpEngine.connect(HttpEngine.java:276)
07-06 01:07:47.277 W/System.err(22348): 	at com.android.okhttp.internal.http.HttpEngine.sendRequest(HttpEngine.java:211)
07-06 01:07:47.277 W/System.err(22348): 	at com.android.okhttp.internal.http.HttpURLConnectionImpl.execute(HttpURLConnectionImpl.java:382)
07-06 01:07:47.277 W/System.err(22348): 	at com.android.okhttp.internal.http.HttpURLConnectionImpl.connect(HttpURLConnectionImpl.java:106)
07-06 01:07:47.277 W/System.err(22348): 	at com.hisense.hitv.hicloud.util.ExceptionReport.a(ExceptionReport.java:337)
07-06 01:07:47.277 W/System.err(22348): 	at com.hisense.hitv.hicloud.util.ExceptionReport.a(ExceptionReport.java:39)
07-06 01:07:47.277 W/System.err(22348): 	at com.hisense.hitv.hicloud.util.ExceptionReport$1.run(ExceptionReport.java:83)
07-06 01:07:47.277 W/System.err(22348): 	at java.lang.Thread.run(Thread.java:818)
07-06 01:07:47.277 W/System.err(22348): Caused by: android.system.ErrnoException: isConnected failed: ECONNREFUSED (Connection refused)
07-06 01:07:47.278 W/System.err(22348): 	at libcore.io.IoBridge.isConnected(IoBridge.java:223)
07-06 01:07:47.278 W/System.err(22348): 	... 15 more
07-06 01:07:47.283 I/FirstLineAdapter(22348): onBindViewHolder 6
07-06 01:07:47.283 I/FirstLineAdapter(22348): canShowTrailer,isOffline=false
07-06 01:07:47.283 I/FirstLineAdapter(22348): canShowTrailer modify
07-06 01:07:47.283 I/FirstLineAdapter(22348): setMasterData6
07-06 01:07:47.283 I/FirstLineAdapter(22348): set current pos = 2
07-06 01:07:47.283 D/sloven  (22348): 2005---false
07-06 01:07:47.283 D/sloven  (22348): 2005
07-06 01:07:47.284 I/FirstLineAdapter(22348): canShowTrailer,isOffline=false
07-06 01:07:47.285 D/MediaHTTPConnection(22348): [Connection@230289898] response.heeader.null = HTTP/1.1 206 Partial Content
07-06 01:07:47.285 D/MediaHTTPConnection(22348): [Connection@230289898] response.heeader.Accept-Ranges = bytes
07-06 01:07:47.285 D/MediaHTTPConnection(22348): [Connection@230289898] response.heeader.Age = 3328672
07-06 01:07:47.285 D/MediaHTTPConnection(22348): [Connection@230289898] response.heeader.Cache-Control = max-age=5184000
07-06 01:07:47.285 D/MediaHTTPConnection(22348): [Connection@230289898] response.heeader.Connection = keep-alive
07-06 01:07:47.285 D/MediaHTTPConnection(22348): [Connection@230289898] response.heeader.Content-Length = 128
07-06 01:07:47.285 D/MediaHTTPConnection(22348): [Connection@230289898] response.heeader.Content-MD5 = b0d2FgZ34VxS2J9TYuIjgA==
07-06 01:07:47.286 D/MediaHTTPConnection(22348): [Connection@230289898] response.heeader.Content-Range = bytes 218840569-218840696/218840697
07-06 01:07:47.286 D/MediaHTTPConnection(22348): [Connection@230289898] response.heeader.Content-Type = application/octet-stream
07-06 01:07:47.286 D/MediaHTTPConnection(22348): [Connection@230289898] response.heeader.Date = Sun, 28 May 2017 04:29:55 GMT
07-06 01:07:47.286 D/MediaHTTPConnection(22348): [Connection@230289898] response.heeader.ETag = "6F4776160677E15C52D89F5362E22380"
07-06 01:07:47.286 D/MediaHTTPConnection(22348): [Connection@230289898] response.heeader.Last-Modified = Mon, 08 May 2017 17:24:17 GMT
07-06 01:07:47.286 D/MediaHTTPConnection(22348): [Connection@230289898] response.heeader.Server = nginx/1.2.4
07-06 01:07:47.286 I/FirstLineAdapter(22348): canShowTrailer,isOffline=false
07-06 01:07:47.286 D/MediaHTTPConnection(22348): [Connection@230289898] response.heeader.Via = 1.1 chshx150:7 (Cdn Cache Server V2.0)[95 200 2], 1.1 zhdxxz41:2 (Cdn Cache Server V2.0)[25 200 0], 1.1 daodianxinxiazai144:3 (Cdn Cache Server V2.0)[0 200 0]
07-06 01:07:47.286 I/FirstLineAdapter(22348): onCreateViewHolder viewtype=4
07-06 01:07:47.286 D/MediaHTTPConnection(22348): [Connection@230289898] response.heeader.X-Android-Received-Millis = 1499274467285
07-06 01:07:47.286 D/MediaHTTPConnection(22348): [Connection@230289898] response.heeader.X-Android-Response-Source = NETWORK 206
07-06 01:07:47.286 D/MediaHTTPConnection(22348): [Connection@230289898] response.heeader.X-Android-Sent-Millis = 1499274467270
07-06 01:07:47.286 D/MediaHTTPConnection(22348): [Connection@230289898] response.heeader.x-oss-hash-crc64ecma = 10858506031335928878
07-06 01:07:47.286 D/MediaHTTPConnection(22348): [Connection@230289898] response.heeader.x-oss-object-type = Normal
07-06 01:07:47.286 D/MediaHTTPConnection(22348): [Connection@230289898] response.heeader.x-oss-request-id = 591D64783FEA2FF75DF4AA6E
07-06 01:07:47.286 D/MediaHTTPConnection(22348): [Connection@230289898] response.heeader.x-oss-server-time = 46
07-06 01:07:47.286 D/MediaHTTPConnection(22348): [Connection@230289898] response.heeader.x-oss-storage-class = Standard
07-06 01:07:47.287 D/HttpHandler(22348): VerifySignInterCeptor-->request.url()=http://picture.edu.hismarttv.com/images/20170628114649773760.jpg
07-06 01:07:47.287 D/HttpHandler(22348): VerifySignInterCeptor-->hostname=picture.edu.hismarttv.com
07-06 01:07:47.289 D/OkHttp  (22348): --> GET http://picture.edu.hismarttv.com/images/20170628114649773760.jpg http/1.1
07-06 01:07:47.289 D/OkHttp  (22348): Host: picture.edu.hismarttv.com
07-06 01:07:47.289 D/OkHttp  (22348): Connection: Keep-Alive
07-06 01:07:47.289 D/OkHttp  (22348): Accept-Encoding: gzip
07-06 01:07:47.289 D/OkHttp  (22348): User-Agent: okhttp/3.6.0
07-06 01:07:47.289 D/OkHttp  (22348): --> END GET
07-06 01:07:47.289 I/NuCachedSource2( 1206): caching reached eos.
07-06 01:07:47.289 W/avc_utils( 1206): [3D detect]It is not SEI Nal
07-06 01:07:47.290 V/NuPlayer( 1206): Video input format 1920 x 1080
07-06 01:07:47.290 V/NuPlayer( 1206): updateVideoSize::rotationDegrees=0
07-06 01:07:47.290 W/avc_utils( 1206): [3D detect]It is not SEI Nal
07-06 01:07:47.290 W/avc_utils( 1206): [3D detect]It is not SEI Nal
07-06 01:07:47.290 E/NuPlayerDriver( 1206): notifyDuration (538083333)
07-06 01:07:47.297 I/NuCachedSource2( 1206): new range: offset= 1835008
07-06 01:07:47.297 I/NuCachedSource2( 1206): seekInternal_l ---- totalSize: 1835136
07-06 01:07:47.298 I/FirstLineAdapter(22348): onBindViewHolder 7
07-06 01:07:47.298 I/FirstLineAdapter(22348): canShowTrailer,isOffline=false
07-06 01:07:47.298 I/FirstLineAdapter(22348): canShowTrailer modify
07-06 01:07:47.298 I/FirstLineAdapter(22348): setMasterData7
07-06 01:07:47.298 I/FirstLineAdapter(22348): set current pos = 3
07-06 01:07:47.298 D/sloven  (22348): 2005---false
07-06 01:07:47.298 D/sloven  (22348): 2005
07-06 01:07:47.299 D/QrRecognization( 2232): handleMessage msg=4
07-06 01:07:47.299 D/QrRecognization( 2232): handleMessage msg=1
07-06 01:07:47.299 D/QrRecognization( 2232): start update screenshot
07-06 01:07:47.299 D/QrRecognization( 2232): QR detection is not enabled in tile com.hisense.hicloud.edca
07-06 01:07:47.299 D/QrRecognization( 2232): error in getBitmap from screen
07-06 01:07:47.299 I/FirstLineAdapter(22348): canShowTrailer,isOffline=false
07-06 01:07:47.300 D/HttpHandler(22348): VerifySignInterCeptor-->request.url()=http://picture.edu.hismarttv.com/images/20170628114944634008.jpg
07-06 01:07:47.300 D/HttpHandler(22348): VerifySignInterCeptor-->hostname=picture.edu.hismarttv.com
07-06 01:07:47.301 I/MyItemDecoration(22348): getItemOffsets rect=Rect(-6, 0 - 0, 0),pos=6
07-06 01:07:47.301 D/OkHttp  (22348): --> GET http://picture.edu.hismarttv.com/images/20170628114944634008.jpg http/1.1
07-06 01:07:47.301 I/MyItemDecoration(22348): getItemOffsets rect=Rect(-6, -5 - 0, 0),pos=7
07-06 01:07:47.301 D/OkHttp  (22348): Host: picture.edu.hismarttv.com
07-06 01:07:47.301 D/OkHttp  (22348): Connection: Keep-Alive
07-06 01:07:47.301 D/OkHttp  (22348): Accept-Encoding: gzip
07-06 01:07:47.301 D/OkHttp  (22348): User-Agent: okhttp/3.6.0
07-06 01:07:47.301 D/OkHttp  (22348): --> END GET
07-06 01:07:47.303 I/FirstLineAdapter(22348): canShowTrailer,isOffline=false
07-06 01:07:47.303 I/FirstLineAdapter(22348): canShowTrailer,isOffline=false
07-06 01:07:47.303 I/FirstLineAdapter(22348): onCreateViewHolder viewtype=0
07-06 01:07:47.307 I/FirstLineAdapter(22348): onBindViewHolder 0
07-06 01:07:47.309 D/OkHttp  (22348): <-- 200 OK http://picture.edu.hismarttv.com/images/20170628114649773760.jpg (20ms)
07-06 01:07:47.309 D/OkHttp  (22348): Date: Fri, 30 Jun 2017 03:37:15 GMT
07-06 01:07:47.309 D/OkHttp  (22348): Server: nginx
07-06 01:07:47.309 D/OkHttp  (22348): Content-Type: image/jpeg
07-06 01:07:47.309 D/OkHttp  (22348): Content-Length: 39955
07-06 01:07:47.309 D/OkHttp  (22348): Last-Modified: Wed, 28 Jun 2017 11:46:49 GMT
07-06 01:07:47.309 D/OkHttp  (22348): ETag: "59539729-9c13"
07-06 01:07:47.309 D/OkHttp  (22348): Accept-Ranges: bytes
07-06 01:07:47.309 D/OkHttp  (22348): Age: 480632
07-06 01:07:47.309 D/OkHttp  (22348): Via: 1.1 jnwt245:1 (Cdn Cache Server V2.0)[18 200 0], 1.1 hangwangtong56:9 (Cdn Cache Server V2.0)[0 200 0]
07-06 01:07:47.309 D/OkHttp  (22348): Connection: keep-alive
07-06 01:07:47.309 D/OkHttp  (22348): <-- END HTTP
07-06 01:07:47.311 D/HttpHandler(22348): RetryIntercepter-->retryNum=0
07-06 01:07:47.311 D/HttpHandler(22348): RetryIntercepter-->backoffmutiplier=0
07-06 01:07:47.313 D/DtvSourcePlugin-DVBC( 4289): Setting the EPG Updater state to: WAIT
07-06 01:07:47.319 I/FirstLineAdapter(22348): canShowTrailer,isOffline=false
07-06 01:07:47.319 I/FirstLineAdapter(22348): canShowTrailer,isOffline=false
07-06 01:07:47.322 I/FirstLineAdapter(22348): canShowTrailer,isOffline=false
07-06 01:07:47.322 I/FirstLineAdapter(22348): canShowTrailer,isOffline=false
07-06 01:07:47.322 I/FirstLineAdapter(22348): canShowTrailer,isOffline=false
07-06 01:07:47.322 I/FirstLineAdapter(22348): canShowTrailer,isOffline=false
07-06 01:07:47.324 I/FirstLineAdapter(22348): onViewDetachedFromWindow 
07-06 01:07:47.324 I/FirstLineAdapter(22348): onViewRecycledViewHolder{2bc8d990 position=7 id=-1, oldPos=-1, pLpos:-1}
07-06 01:07:47.324 I/FirstLineAdapter(22348): release NormalViewHolder
07-06 01:07:47.324 I/FirstLineAdapter(22348): onViewDetachedFromWindow 
07-06 01:07:47.325 I/FirstLineAdapter(22348): onViewRecycledViewHolder{112d0bb7 position=6 id=-1, oldPos=-1, pLpos:-1}
07-06 01:07:47.325 I/FirstLineAdapter(22348): release NormalViewHolder
07-06 01:07:47.325 I/FirstLineAdapter(22348): canShowTrailer,isOffline=false
07-06 01:07:47.327 D/Carousel-CarouselView(22348): ============>onScrollChanged hashCode:439871905
07-06 01:07:47.327 D/Carousel-CarouselDisplayPlayerLayout(22348): isFullScreen:false
07-06 01:07:47.335 D/gralloc ( 1204): allocate buffer from ION HEAP 0x1
07-06 01:07:47.335 D/gralloc ( 1204): allocate memory from system heap
07-06 01:07:47.341 D/OkHttp  (22348): <-- 200 OK http://picture.edu.hismarttv.com/images/20170628114944634008.jpg (39ms)
07-06 01:07:47.341 D/OkHttp  (22348): Date: Tue, 04 Jul 2017 06:17:59 GMT
07-06 01:07:47.341 D/OkHttp  (22348): Server: nginx
07-06 01:07:47.341 D/OkHttp  (22348): Content-Type: image/jpeg
07-06 01:07:47.341 D/OkHttp  (22348): Content-Length: 23077
07-06 01:07:47.341 D/OkHttp  (22348): Last-Modified: Wed, 28 Jun 2017 11:49:44 GMT
07-06 01:07:47.341 D/OkHttp  (22348): ETag: "595397d8-5a25"
07-06 01:07:47.341 D/OkHttp  (22348): Accept-Ranges: bytes
07-06 01:07:47.341 D/OkHttp  (22348): Age: 125388
07-06 01:07:47.341 D/OkHttp  (22348): Via: 1.1 pwt48:3 (Cdn Cache Server V2.0)[0 200 0], 1.1 changwtong52:7 (Cdn Cache Server V2.0)[22 200 0]
07-06 01:07:47.341 D/OkHttp  (22348): Connection: keep-alive
07-06 01:07:47.341 D/OkHttp  (22348): <-- END HTTP
07-06 01:07:47.343 D/HttpHandler(22348): RetryIntercepter-->retryNum=0
07-06 01:07:47.343 D/HttpHandler(22348): RetryIntercepter-->backoffmutiplier=0
07-06 01:07:47.344 V/MediaPlayer-JNI(22348): getVideoWidth: 1920
07-06 01:07:47.344 V/MediaPlayer-JNI(22348): getVideoHeight: 1080
07-06 01:07:47.347 E/MediaPlayer(22348): Should have subtitle controller already set
07-06 01:07:47.347 V/MediaPlayer-JNI(22348): getVideoWidth: 1920
07-06 01:07:47.347 V/MediaPlayer-JNI(22348): getVideoHeight: 1080
07-06 01:07:47.348 V/MediaPlayer-JNI(22348): isPlaying: 0
07-06 01:07:47.348 D/Carousel-UrlVideoView(22348): isInPlaybackState=true
07-06 01:07:47.348 D/Carousel-UrlVideoView(22348): mCurrentState=2
07-06 01:07:47.348 V/MediaPlayer-JNI(22348): getCurrentPosition: 0 (msec)
07-06 01:07:47.355 D/gralloc ( 1204): allocate buffer from ION HEAP 0x1
07-06 01:07:47.355 D/gralloc ( 1204): allocate memory from system heap
07-06 01:07:47.359 D/HttpHandler(22348): VerifySignInterCeptor-->request.url()=http://picture.edu.hismarttv.com/images/20170629/%E5%BF%83%E7%AE%97%E5%8F%A3%E8%AF%80%E5%A4%A9%E5%A4%A9%E7%BB%83.jpg
07-06 01:07:47.359 D/HttpHandler(22348): VerifySignInterCeptor-->hostname=picture.edu.hismarttv.com
07-06 01:07:47.360 D/OkHttp  (22348): --> GET http://picture.edu.hismarttv.com/images/20170629/%E5%BF%83%E7%AE%97%E5%8F%A3%E8%AF%80%E5%A4%A9%E5%A4%A9%E7%BB%83.jpg http/1.1
07-06 01:07:47.360 D/OkHttp  (22348): Host: picture.edu.hismarttv.com
07-06 01:07:47.360 D/OkHttp  (22348): Connection: Keep-Alive
07-06 01:07:47.361 D/OkHttp  (22348): Accept-Encoding: gzip
07-06 01:07:47.361 D/OkHttp  (22348): User-Agent: okhttp/3.6.0
07-06 01:07:47.361 D/OkHttp  (22348): --> END GET
07-06 01:07:47.372 I/MiSysSrv( 1214): [37m[INFO] Change to Voltage: 102 mv (0x23)[m
07-06 01:07:47.372 D/EduSourcePlayerHelper(22348): opening cursor success <-- content://com.hisense.data.edu/external_player_action?action=logging&source=EDU&event=video_exit&programSeriesId=3535&episodeId=35351&resolution=11&ts=1499274467&position=0&error_code=null&typeCode=1002&classId=&topicTitle=
07-06 01:07:47.373 D/Carousel-CarouselDisplayPlayerLayout(22348): x=380, y=-185,w=892,h=536, hashCode=838564918
07-06 01:07:47.373 D/Carousel-CarouselDisplayPlayerLayout(22348): mX=380, mY=-185,mWitdh=892,mHeight=536, hashCode=838564918
07-06 01:07:47.373 D/Carousel-CarouselDisplayPlayerLayout(22348): changed=false, hashCode=838564918
07-06 01:07:47.373 D/Carousel-CarouselDisplayPlayerLayout(22348): extraTryCount=0
07-06 01:07:47.374 I/MyFragmentStateAdapter(22348): getCount
07-06 01:07:47.374 I/MyFragmentStateAdapter(22348): getCount
07-06 01:07:47.374 I/MyFragmentStateAdapter(22348): getCount
07-06 01:07:47.374 I/MyFragmentStateAdapter(22348): getCount
07-06 01:07:47.374 I/FirstLineAdapter(22348): canShowTrailer,isOffline=false
07-06 01:07:47.375 I/FirstLineAdapter(22348): canShowTrailer,isOffline=false
07-06 01:07:47.375 I/FirstLineAdapter(22348): canShowTrailer,isOffline=false
07-06 01:07:47.375 I/FirstLineAdapter(22348): canShowTrailer,isOffline=false
07-06 01:07:47.375 I/FirstLineAdapter(22348): canShowTrailer,isOffline=false
07-06 01:07:47.375 I/FirstLineAdapter(22348): canShowTrailer,isOffline=false
07-06 01:07:47.375 I/FirstLineAdapter(22348): canShowTrailer,isOffline=false
07-06 01:07:47.375 I/FirstLineAdapter(22348): canShowTrailer,isOffline=false
07-06 01:07:47.376 I/FirstLineAdapter(22348): canShowTrailer,isOffline=false
07-06 01:07:47.380 I/MyFragmentStateAdapter(22348): getCount
07-06 01:07:47.384 D/Carousel-CarouselDisplayPlayerLayout(22348): x=380, y=-185,w=892,h=536, hashCode=838564918
07-06 01:07:47.384 D/Carousel-CarouselDisplayPlayerLayout(22348): mX=380, mY=-185,mWitdh=892,mHeight=536, hashCode=838564918
07-06 01:07:47.384 D/Carousel-CarouselDisplayPlayerLayout(22348): changed=false, hashCode=838564918
07-06 01:07:47.385 D/Carousel-CarouselDisplayPlayerLayout(22348): extraTryCount=1
07-06 01:07:47.390 D/MediaHTTPConnection(22348): connect: uri=http://jhxvideo-ws.video-tx.com/rendition/201705/205989353451683841/205989353451684353/bb/243216185158536196/243216215223308548/r243216215223308548-3200k-1920x1080.mp4?wsSecret=09069f6eda373bfcf4f5bb98e37498a9&wsTime=595d1ce0, headers=User-Agent: stagefright/1.2 (Linux;Android 5.1.1)
07-06 01:07:47.390 D/MediaHTTPConnection(22348): teardownConnection
07-06 01:07:47.390 D/MediaHTTPConnection(22348): close inputstream
07-06 01:07:47.392 D/MediaHTTPConnection(22348): offset = 1835008, mCurrentOffset = -1
07-06 01:07:47.392 D/MediaHTTPConnection(22348): seekTo 1835008
07-06 01:07:47.393 D/MediaHTTPConnection(22348): hitting http://jhxvideo-ws.video-tx.com/rendition/201705/205989353451683841/205989353451684353/bb/243216185158536196/243216215223308548/r243216215223308548-3200k-1920x1080.mp4?wsSecret=09069f6eda373bfcf4f5bb98e37498a9&wsTime=595d1ce0
07-06 01:07:47.395 D/Carousel-CarouselDisplayPlayerLayout(22348): x=380, y=-185,w=892,h=536, hashCode=838564918
07-06 01:07:47.395 D/Carousel-CarouselDisplayPlayerLayout(22348): mX=380, mY=-185,mWitdh=892,mHeight=536, hashCode=838564918
07-06 01:07:47.395 D/Carousel-CarouselDisplayPlayerLayout(22348): changed=false, hashCode=838564918
07-06 01:07:47.395 D/Carousel-CarouselDisplayPlayerLayout(22348): extraTryCount=2
07-06 01:07:47.402 I/FirstLineAdapter(22348): canShowTrailer,isOffline=false
07-06 01:07:47.407 D/OkHttp  (22348): <-- 200 OK http://picture.edu.hismarttv.com/images/20170629/%E5%BF%83%E7%AE%97%E5%8F%A3%E8%AF%80%E5%A4%A9%E5%A4%A9%E7%BB%83.jpg (46ms)
07-06 01:07:47.407 D/OkHttp  (22348): Date: Tue, 04 Jul 2017 01:16:46 GMT
07-06 01:07:47.407 D/OkHttp  (22348): Server: nginx
07-06 01:07:47.407 D/OkHttp  (22348): Content-Type: image/jpeg
07-06 01:07:47.407 D/OkHttp  (22348): Content-Length: 204643
07-06 01:07:47.407 D/OkHttp  (22348): Last-Modified: Fri, 09 Jun 2017 14:51:40 GMT
07-06 01:07:47.407 D/OkHttp  (22348): ETag: "593ab5fc-31f63"
07-06 01:07:47.407 D/OkHttp  (22348): Accept-Ranges: bytes
07-06 01:07:47.407 D/OkHttp  (22348): Age: 143461
07-06 01:07:47.408 D/OkHttp  (22348): Via: 1.1 shuozhou56:1 (Cdn Cache Server V2.0)[30 200 0], 1.1 changwtong52:1 (Cdn Cache Server V2.0)[27 200 0]
07-06 01:07:47.408 D/OkHttp  (22348): Connection: keep-alive
07-06 01:07:47.408 D/OkHttp  (22348): <-- END HTTP
07-06 01:07:47.410 D/HttpHandler(22348): RetryIntercepter-->retryNum=0
07-06 01:07:47.411 D/HttpHandler(22348): RetryIntercepter-->backoffmutiplier=0
07-06 01:07:47.419 D/Carousel-CarouselDisplayPlayerLayout(22348): x=380, y=-185,w=892,h=536, hashCode=838564918
07-06 01:07:47.419 D/Carousel-CarouselDisplayPlayerLayout(22348): mX=380, mY=-185,mWitdh=892,mHeight=536, hashCode=838564918
07-06 01:07:47.419 D/Carousel-CarouselDisplayPlayerLayout(22348): changed=false, hashCode=838564918
07-06 01:07:47.419 D/Carousel-CarouselDisplayPlayerLayout(22348): extraTryCount=3
07-06 01:07:47.434 D/MediaHTTPConnection(22348): [Connection@384627493] response.heeader.null = HTTP/1.1 206 Partial Content
07-06 01:07:47.434 D/MediaHTTPConnection(22348): [Connection@384627493] response.heeader.Accept-Ranges = bytes
07-06 01:07:47.434 D/MediaHTTPConnection(22348): [Connection@384627493] response.heeader.Age = 3328672
07-06 01:07:47.437 D/MediaHTTPConnection(22348): [Connection@384627493] response.heeader.Cache-Control = max-age=5184000
07-06 01:07:47.437 D/MediaHTTPConnection(22348): [Connection@384627493] response.heeader.Connection = keep-alive
07-06 01:07:47.437 D/MediaHTTPConnection(22348): [Connection@384627493] response.heeader.Content-Length = 217005689
07-06 01:07:47.437 D/MediaHTTPConnection(22348): [Connection@384627493] response.heeader.Content-MD5 = b0d2FgZ34VxS2J9TYuIjgA==
07-06 01:07:47.437 D/MediaHTTPConnection(22348): [Connection@384627493] response.heeader.Content-Range = bytes 1835008-218840696/218840697
07-06 01:07:47.437 D/MediaHTTPConnection(22348): [Connection@384627493] response.heeader.Content-Type = application/octet-stream
07-06 01:07:47.437 D/MediaHTTPConnection(22348): [Connection@384627493] response.heeader.Date = Sun, 28 May 2017 04:29:55 GMT
07-06 01:07:47.437 D/MediaHTTPConnection(22348): [Connection@384627493] response.heeader.ETag = "6F4776160677E15C52D89F5362E22380"
07-06 01:07:47.437 D/MediaHTTPConnection(22348): [Connection@384627493] response.heeader.Last-Modified = Mon, 08 May 2017 17:24:17 GMT
07-06 01:07:47.437 D/MediaHTTPConnection(22348): [Connection@384627493] response.heeader.Server = nginx/1.2.4
07-06 01:07:47.437 D/MediaHTTPConnection(22348): [Connection@384627493] response.heeader.Via = 1.1 chshx150:7 (Cdn Cache Server V2.0)[95 200 2], 1.1 zhdxxz41:2 (Cdn Cache Server V2.0)[25 200 0], 1.1 daodianxinxiazai144:3 (Cdn Cache Server V2.0)[0 200 0]
07-06 01:07:47.437 D/MediaHTTPConnection(22348): [Connection@384627493] response.heeader.X-Android-Received-Millis = 1499274467433
07-06 01:07:47.437 D/MediaHTTPConnection(22348): [Connection@384627493] response.heeader.X-Android-Response-Source = NETWORK 206
07-06 01:07:47.437 D/MediaHTTPConnection(22348): [Connection@384627493] response.heeader.X-Android-Sent-Millis = 1499274467416
07-06 01:07:47.437 D/MediaHTTPConnection(22348): [Connection@384627493] response.heeader.x-oss-hash-crc64ecma = 10858506031335928878
07-06 01:07:47.438 D/MediaHTTPConnection(22348): [Connection@384627493] response.heeader.x-oss-object-type = Normal
07-06 01:07:47.438 D/MediaHTTPConnection(22348): [Connection@384627493] response.heeader.x-oss-request-id = 591D64783FEA2FF75DF4AA6E
07-06 01:07:47.438 D/MediaHTTPConnection(22348): [Connection@384627493] response.heeader.x-oss-server-time = 46
07-06 01:07:47.438 D/MediaHTTPConnection(22348): [Connection@384627493] response.heeader.x-oss-storage-class = Standard
07-06 01:07:47.449 E/audio_hw_primary( 1206): out_standby
07-06 01:07:47.449 D/PowerManagerService( 1733): releaseWakeLockInternal: lock=467388123 [AudioMix], flags=0x0
07-06 01:07:47.450 D/PowerManagerNotifier( 1733): onWakeLockReleased: flags=1, tag="AudioMix", packageName=media, ownerUid=1013, ownerPid=0, workSource=null
07-06 01:07:47.470 D/Carousel-CarouselDisplayPlayerLayout(22348): x=380, y=-185,w=892,h=536, hashCode=838564918
07-06 01:07:47.470 D/Carousel-CarouselDisplayPlayerLayout(22348): mX=380, mY=-185,mWitdh=892,mHeight=536, hashCode=838564918
07-06 01:07:47.470 D/Carousel-CarouselDisplayPlayerLayout(22348): changed=false, hashCode=838564918
07-06 01:07:47.470 D/Carousel-CarouselDisplayPlayerLayout(22348): extraTryCount=4
07-06 01:07:47.476 I/NuCachedSource2( 1206): retrying a previously failed read succeeded.
07-06 01:07:47.519 I/TVMW@HsTvSetting( 1234): Trace cmd, data = 0x1058
07-06 01:07:47.519 D/til@system( 2026): til_get_system_param option:100002F int:0, bool:0, ret:0
07-06 01:07:47.520 I/TVMW@HsTvSetting( 1234): Trace cmd, data = 0x101f
07-06 01:07:47.520 D/til@system( 2026): til_get_system_param option:100001D int:3, bool:3, ret:0
07-06 01:07:47.520 E/til     ( 2026): [til_get_current_input_source, 101] 
07-06 01:07:47.520 I/TVMW@HsTvSetting( 1234): Trace cmd, data = 0x7007
07-06 01:07:47.520 I/tilwrapper@sm( 2026): HS2TIL_SourceType *hs=0xd, *til=0x900
