07-06 00:26:26.559 I/SurfaceView(31419): Changes: creating=true format=true size=true visible=true left=true top=true
07-06 00:26:26.563 V/WindowManager( 1733): Adding window Window{2666ba78 u0 SurfaceView} at 11 of 20 (before Window{20c925eb u0 com.hisense.hicloud.edca/com.hisense.tvui.newhome.HomeMainActivity})
07-06 00:26:26.565 I/SurfaceView(31419): Cur surface: Surface(name=null)/@0xe23b95c
07-06 00:26:26.568 D/Surface ( 1733): onStatusChange() : mNativeObject = 547942803456 mUseImageHwRender = false
07-06 00:26:26.568 V/Surface ( 1733): nativeSetHardwareRender() : status = 0
07-06 00:26:26.568 V/Surface ( 1733): nativeSetHardwareRender() : end
07-06 00:26:26.568 D/OsdMonitorService( 1733): mCurrentWindow = com.hisense.hicloud.edca/com.hisense.tvui.newhome.HomeMainActivity; newWindow = com.hisense.hicloud.edca/com.hisense.tvui.newhome.HomeMainActivity; isSubWindow = false; isInWinList = false; isExitNow = false
07-06 00:26:26.568 D/OsdMonitorService( 1733): windowNotOsd() : name = com.hisense.hicloud.edca/com.hisense.tvui.newhome.HomeMainActivity
07-06 00:26:26.568 I/OsdMonitorService( 1733): setOsdStatus() : status will change from true to true
07-06 00:26:26.569 I/MiSysSrv( 1214): [37m[INFO] Change to Voltage: 102 mv (0x23)[m
07-06 00:26:26.570 V/SurfaceView(31419): com.hisense.hitv.carouselwidgit.view.videoview.UrlVideoView{29385b73 V.E..... ......ID 0,0-816,460} got resized: w=816 h=460, cur w=-1 h=-1
07-06 00:26:26.571 D/PowerManagerService( 1733): setScreenBrightnessOverrideFromWindowManagerInternal done
07-06 00:26:26.573 D/Surface ( 1733): onStatusChange() : mNativeObject = 0 mUseImageHwRender = false
07-06 00:26:26.577 D/Surface (31419): onStatusChange() : mNativeObject = -538258944 mUseImageHwRender = false
07-06 00:26:26.577 V/Surface (31419): nativeSetHardwareRender() : status = 0
07-06 00:26:26.577 V/Surface (31419): nativeSetHardwareRender() : end
07-06 00:26:26.577 I/SurfaceView(31419): New surface: Surface(name=null)/@0x20d82465, vis=true, frame=Rect(549, 205 - 1365, 665)
07-06 00:26:26.577 D/Surface (31419): onStatusChange() : mNativeObject = 0 mUseImageHwRender = false
07-06 00:26:26.577 D/Surface (31419): onStatusChange() : mNativeObject = -538258944 mUseImageHwRender = false
07-06 00:26:26.577 V/Surface (31419): nativeSetHardwareRender() : status = 0
07-06 00:26:26.577 V/Surface (31419): nativeSetHardwareRender() : end
07-06 00:26:26.577 I/SurfaceView(31419): visibleChanged -- surfaceCreated
07-06 00:26:26.581 D/Carousel-UrlVideoView(31419): surfaceCreated
07-06 00:26:26.584 I/SurfaceView(31419): surfaceChanged -- format=4 w=816 h=460
07-06 00:26:26.584 D/Carousel-UrlVideoView(31419): surfaceChanged
07-06 00:26:26.584 D/Carousel-UrlVideoView(31419): isValidState:false,hasValidSize:false
07-06 00:26:26.584 D/Carousel-UrlVideoView(31419): mVideoWidth:0,mVideoHeight:0,w:816,h:460
07-06 00:26:26.584 I/SurfaceView(31419): surfaceRedrawNeeded
07-06 00:26:26.584 I/SurfaceView(31419): finishedDrawing
07-06 00:26:26.586 D/PowerManagerService( 1733): setScreenBrightnessOverrideFromWindowManagerInternal done
07-06 00:26:26.588 D/PowerManagerService( 1733): setScreenBrightnessOverrideFromWindowManagerInternal done
07-06 00:26:26.590 I/NetflixMonitorService( 1733): current fgapk : com.hisense.hicloud.edca
07-06 00:26:26.590 I/NetflixMonitorService( 1733): Netflix status unchanged
07-06 00:26:26.592 D/PowerManagerService( 1733): setScreenBrightnessOverrideFromWindowManagerInternal done
07-06 00:26:26.594 V/SurfaceView(31419): Layout: x=549 y=205 w=816 h=460, frame=Rect(0, 0 - 816, 460)
07-06 00:26:26.601 D/Carousel-SimpleVideoView(31419): onReceive net connected.
07-06 00:26:26.602 I/SurfaceView(31419): Changes: creating=false format=false size=false visible=false left=false top=false
07-06 00:26:26.602 I/SurfaceView(31419): Cur surface: Surface(name=null)/@0xe23b95c
07-06 00:26:26.608 D/Surface ( 1733): onStatusChange() : mNativeObject = 547942803456 mUseImageHwRender = false
07-06 00:26:26.608 V/Surface ( 1733): nativeSetHardwareRender() : status = 0
07-06 00:26:26.608 V/Surface ( 1733): nativeSetHardwareRender() : end
07-06 00:26:26.610 D/PowerManagerService( 1733): setScreenBrightnessOverrideFromWindowManagerInternal done
07-06 00:26:26.612 D/Surface ( 1733): onStatusChange() : mNativeObject = 0 mUseImageHwRender = false
07-06 00:26:26.613 D/Surface (31419): onStatusChange() : mNativeObject = -538260736 mUseImageHwRender = false
07-06 00:26:26.613 V/Surface (31419): nativeSetHardwareRender() : status = 0
07-06 00:26:26.613 V/Surface (31419): nativeSetHardwareRender() : end
07-06 00:26:26.613 I/SurfaceView(31419): New surface: Surface(name=null)/@0x20d82465, vis=true, frame=Rect(549, 205 - 1365, 665)
07-06 00:26:26.613 D/Surface (31419): onStatusChange() : mNativeObject = 0 mUseImageHwRender = false
07-06 00:26:26.613 D/Surface (31419): onStatusChange() : mNativeObject = -538260736 mUseImageHwRender = false
07-06 00:26:26.613 V/Surface (31419): nativeSetHardwareRender() : status = 0
07-06 00:26:26.613 V/Surface (31419): nativeSetHardwareRender() : end
07-06 00:26:26.613 I/SurfaceView(31419): surfaceRedrawNeeded
07-06 00:26:26.613 I/SurfaceView(31419): finishedDrawing
07-06 00:26:26.614 V/SurfaceView(31419): Layout: x=549 y=205 w=816 h=460, frame=Rect(0, 0 - 816, 460)
07-06 00:26:26.623 I/MyFragmentStateAdapter(31419): getCount
07-06 00:26:26.698 I/MyFragmentStateAdapter(31419): getCount
07-06 00:26:26.714 I/HLSP2P  ( 3457): ## 2017-07-06 00:26:26.713 [3457,3628,:0] INFO ## [HLSP2P][TaskManager.cpp:855][INFO][UpdateGlobalInfo]totalDataSize: 0, totalMemorySize: 0, totalCacheSize: 0, curUploadSpeedKB: 0
07-06 00:26:26.715 I/HLSP2P  ( 3457): ## 2017-07-06 00:26:26.715 [3457,3628,:0] INFO ## [HLSP2P][TaskManager.cpp:1325][INFO][TryAdjustMemorySize]system memory total size: 1912M, free size: 591MB, cache add to 30MB, AppState: 14
07-06 00:26:26.746 I/MyFragmentStateAdapter(31419): getCount
07-06 00:26:26.780 I/MyFragmentStateAdapter(31419): getCount
07-06 00:26:26.811 D/PowerManagerService( 1733): releaseWakeLockInternal: lock=681732318 [ActivityManager-Launch], flags=0x0
07-06 00:26:26.811 D/PowerManagerNotifier( 1733): onWakeLockReleased: flags=1, tag="ActivityManager-Launch", packageName=android, ownerUid=1000, ownerPid=1733, workSource=null
07-06 00:26:26.824 E/HttpDnsUtils(31419): http callCancel(): mViewTag = EntryActivity
07-06 00:26:26.830 I/TVMW@devctrl( 1234): wdt
07-06 00:26:26.833 D/PowerManagerService( 1733): setScreenBrightnessOverrideFromWindowManagerInternal done
07-06 00:26:26.835 D/OsdMonitorService( 1733): mCurrentWindow = com.hisense.hicloud.edca/com.hisense.tvui.newhome.HomeMainActivity; newWindow = com.hisense.hicloud.edca/com.hisense.tvui.newhome.HomeMainActivity; isSubWindow = false; isInWinList = false; isExitNow = false
07-06 00:26:26.835 D/OsdMonitorService( 1733): windowNotOsd() : name = com.hisense.hicloud.edca/com.hisense.tvui.newhome.HomeMainActivity
07-06 00:26:26.835 I/OsdMonitorService( 1733): setOsdStatus() : status will change from true to true
07-06 00:26:26.841 I/MyFragmentStateAdapter(31419): getCount
07-06 00:26:26.848 I/TVMW@HsTvSetting( 1234): Trace cmd, data = 0x1058
07-06 00:26:26.849 D/til@system( 2026): til_get_system_param option:100002F int:0, bool:0, ret:0
07-06 00:26:26.849 I/TVMW@HsTvSetting( 1234): Trace cmd, data = 0x101f
07-06 00:26:26.849 D/til@system( 2026): til_get_system_param option:100001D int:3, bool:3, ret:0
07-06 00:26:26.849 E/til     ( 2026): [til_get_current_input_source, 101] 
07-06 00:26:26.849 I/TVMW@HsTvSetting( 1234): Trace cmd, data = 0x7007
07-06 00:26:26.849 I/tilwrapper@sm( 2026): HS2TIL_SourceType *hs=0xd, *til=0x900
07-06 00:26:26.849 D/til     ( 2026): get current source 2304
07-06 00:26:26.849 D/SourceRemoteServiceHandler( 2026): getCurrentInputSource.from.til.result is 0, value is 2304
07-06 00:26:26.849 D/SourceRemoteServiceHandler( 2026): getInputSourceType source: 0x900, type=2304
07-06 00:26:26.849 D/til     ( 2026): ###### func:til_get_picture_param option:0x3000006 ######  
07-06 00:26:26.850 I/TVMW@HsTvSetting( 1234): Trace cmd, data = 0x1003
07-06 00:26:26.850 I/TVMW@HsTvSetting( 1234): Trace cmd, data = 0x8032
07-06 00:26:26.850 I/hstvos  ( 1216): [0m[1;33m[HSHAL][HS_VIDEO][HS_HAL_Video_SetOsdDetect_v2][2389]u16Threshold = 20
07-06 00:26:26.851 I/MiSysSrv( 1214): Not support now! 42, change to mm_video!!!
07-06 00:26:26.851 E/TVMW@videoctrl( 1234):  getOsd is 1
07-06 00:26:26.851 D/til@system( 2026): til_get_system_param option:1000027 int:1, bool:1, ret:0
07-06 00:26:26.851 D/til     ( 2026): ###### func:til_get_picture_param option:0x3000045 ######  
07-06 00:26:26.851 I/TVMW@HsTvSetting( 1234): Trace cmd, data = 0x300c
07-06 00:26:26.851 I/TVMW@HsTvSetting( 1234): Trace 3d, data = 0x300c
07-06 00:26:26.851 I/TVMW@3d ( 1234): Hs_debug3d_trace: func:get3dStatus, line:109
07-06 00:26:26.869 I/MiSysSrv( 1214): [37m[INFO] Change to Voltage: 117 mv (0x32)[m
07-06 00:26:26.873 I/MyFragmentStateAdapter(31419): getCount
07-06 00:26:26.897 I/art     (31419): Background partial concurrent mark sweep GC freed 30520(1834KB) AllocSpace objects, 1(1502KB) LOS objects, 10% free, 34MB/38MB, paused 2.664ms total 110.580ms
07-06 00:26:26.897 D/NativeDecimalFormat(31419): NativeDecimalFormat_close print addr=4098416896
07-06 00:26:26.897 D/NativeDecimalFormat(31419): NativeDecimalFormat_close print g_addr=4098417664
07-06 00:26:26.897 D/NativeDecimalFormat(31419): NativeDecimalFormat_close print addr=4098417664
07-06 00:26:26.897 D/NativeDecimalFormat(31419): NativeDecimalFormat_close print g_addr=4098417664
07-06 00:26:26.904 I/MyFragmentStateAdapter(31419): getCount
07-06 00:26:26.923 I/MyFragmentStateAdapter(31419): getCount
07-06 00:26:26.942 I/MyFragmentStateAdapter(31419): getCount
07-06 00:26:26.959 I/MyFragmentStateAdapter(31419): getCount
07-06 00:26:26.969 I/MiSysSrv( 1214): [37m[INFO] Change to Voltage: 102 mv (0x23)[m
07-06 00:26:26.978 I/MyFragmentStateAdapter(31419): getCount
07-06 00:26:27.002 I/MyFragmentStateAdapter(31419): getCount
07-06 00:26:27.027 I/MyFragmentStateAdapter(31419): getCount
07-06 00:26:27.052 I/MyFragmentStateAdapter(31419): getCount
07-06 00:26:27.065 D/Carousel-CarouselVideoViewImpl(31419): msg start play.
07-06 00:26:27.065 D/Carousel-SimpleVideoView(31419): setVideoPath path:http://jhxvideo-ws.video-tx.com/rendition/201705/205989353451683841/205989353451684353/bb/243216185158536196/243216215223308548/r243216215223308548-3200k-1920x1080.mp4
07-06 00:26:27.067 D/Carousel-UrlVideoView(31419): openVideo
07-06 00:26:27.073 V/MediaPlayer-JNI(31419): native_setup
07-06 00:26:27.080 V/AudioFlinger( 1206): registerClient() client 0xb8930400, pid 31419
07-06 00:26:27.081 E/audio_hw_primary( 1206): out_get_latency ret 10ms
07-06 00:26:27.081 E/audio_hw_primary( 1206): out_get_latency ret 10ms
07-06 00:26:27.081 D/PowerManagerService( 1733): acquireWakeLockInternal: lock=392045905, flags=0x1, tag="AudioMix", ws=null, uid=1013, pid=0
07-06 00:26:27.081 D/PowerManagerNotifier( 1733): onWakeLockAcquired: flags=1, tag="AudioMix", packageName=media, ownerUid=1013, ownerPid=0, workSource=null
07-06 00:26:27.082 D/PowerManagerService( 1733): acquireWakeLockInternal: lock=270188982, flags=0x1, tag="AudioMix", ws=null, uid=1013, pid=0
07-06 00:26:27.082 V/AudioFlinger( 1206): acquiring 845 from 31419, for -1
07-06 00:26:27.082 V/AudioFlinger( 1206):  added new entry for 845
07-06 00:26:27.082 D/PowerManagerNotifier( 1733): onWakeLockAcquired: flags=1, tag="AudioMix", packageName=media, ownerUid=1013, ownerPid=0, workSource=null
07-06 00:26:27.082 V/MediaPlayer-JNI(31419): get_session_id()
07-06 00:26:27.082 D/Carousel-Utils(31419): origin url is : http://jhxvideo-ws.video-tx.com/rendition/201705/205989353451683841/205989353451684353/bb/243216185158536196/243216215223308548/r243216215223308548-3200k-1920x1080.mp4
07-06 00:26:27.082 D/Carousel-Utils(31419): time=1499271985
07-06 00:26:27.082 D/PowerManagerService( 1733): updateWakeLockWorkSourceInternal: lock=392045905 [AudioMix], ws=null
07-06 00:26:27.083 D/PowerManagerService( 1733): updateWakeLockWorkSourceInternal: lock=270188982 [AudioMix], ws=null
07-06 00:26:27.083 D/Carousel-UrlVideoView(31419): encryptUrlIfNecessary url=http://jhxvideo-ws.video-tx.com/rendition/201705/205989353451683841/205989353451684353/bb/243216185158536196/243216215223308548/r243216215223308548-3200k-1920x1080.mp4?wsSecret=5c01fef302862fe2ca453788380ba9db&wsTime=595d1331
07-06 00:26:27.083 D/MediaPlayer(31419): Couldn't open file on client side, trying server side
07-06 00:26:27.084 V/MediaPlayer-JNI(31419): setDataSource: path http://jhxvideo-ws.video-tx.com/rendition/201705/205989353451683841/205989353451684353/bb/243216185158536196/243216215223308548/r243216215223308548-3200k-1920x1080.mp4?wsSecret=5c01fef302862fe2ca453788380ba9db&wsTime=595d1331
07-06 00:26:27.088 V/NuPlayer( 1206): [NuPlayer-264]
07-06 00:26:27.088 I/NuPlayer( 1206): NuPlayerRMClientListener::NuPlayerRMClientListener
07-06 00:26:27.088 V/RMClient( 1206): #540:RMClient
07-06 00:26:27.088 V/NuPlayer( 1206): kWhatSetAudioSink
07-06 00:26:27.088 V/NuPlayer( 1206): kWhatSetDataSource
07-06 00:26:27.089 V/NuPlayer( 1206): kWhatSetVideoNativeWindow
07-06 00:26:27.089 W/ALooperRoster( 1206): failed to post message. Target handler 0 still registered, but object gone.
07-06 00:26:27.089 V/NuPlayer( 1206): performSetSurface
07-06 00:26:27.089 V/MediaPlayer-JNI(31419): setAudioStreamType: 3
07-06 00:26:27.089 E/MediaPlayer-JNI(31419): android_media_MediaPlayer_prepareAsync call getSubtitleSurface
07-06 00:26:27.089 E/MediaPlayer-JNI(31419): android_media_MediaPlayer_prepareAsync call setSubtitleSurfaceTexture
07-06 00:26:27.090 E/        (31419): setSubtitleSurfaceTexture
07-06 00:26:27.090 D/Carousel-log_video-(31419): onStartPlay!
07-06 00:26:27.091 D/Carousel-log_video-(31419): ==Start play,isReplayState:false
07-06 00:26:27.091 D/Carousel-log_video-(31419): =Stop play previous channel log.
07-06 00:26:27.091 D/Carousel-log_video-(31419): submitPlayStopLog mLogPlayState:5
07-06 00:26:27.091 D/Carousel-log_video-(31419): Invalid log info.
07-06 00:26:27.091 D/Carousel-log_video-(31419): ==Start play log:start,other,duration:0
07-06 00:26:27.091 D/Carousel-log_(31419): ===(Main-Video-278001)-{srccolumnid=3, eventType=278, srcgroupid=10001, appversionname=2.0.0.6, srctabid=0, license=hisense, eventcode=278001, deviceid=86100300900000500000060a4818fca8, mediaid=351, eventPos=001, sessionid=9557806d885f4880952bf1a29a6ff024, srcpackagename=com.hisense.hicloud.edca, subscriberid=13287129, playactionuuid=4c02cd77-9b22-4672-9581-f1af80f51709, version=2.1, devicemsg=LED50MU8600UC0000888, isall=0, customerid=7195320, srcrowid=0, srceventcode=280000}
07-06 00:26:27.092 D/Carousel-CarouselVideoViewImpl(31419): getPosition()=0
07-06 00:26:27.092 I/Carousel-UrlVideoView(31419): onMeasure(MeasureSpec: EXACTLY 816, MeasureSpec: EXACTLY 460)
07-06 00:26:27.092 I/Carousel-UrlVideoView(31419): onMeasure(MeasureSpec: EXACTLY 816, MeasureSpec: EXACTLY 460)
07-06 00:26:27.093 D/MediaHTTPConnection(31419): connect: uri=http://jhxvideo-ws.video-tx.com/rendition/201705/205989353451683841/205989353451684353/bb/243216185158536196/243216215223308548/r243216215223308548-3200k-1920x1080.mp4?wsSecret=5c01fef302862fe2ca453788380ba9db&wsTime=595d1331, headers=User-Agent: stagefright/1.2 (Linux;Android 5.1.1)
07-06 00:26:27.094 D/MediaHTTPConnection(31419): seekTo 0
07-06 00:26:27.096 D/MediaHTTPConnection(31419): hitting http://jhxvideo-ws.video-tx.com/rendition/201705/205989353451683841/205989353451684353/bb/243216185158536196/243216215223308548/r243216215223308548-3200k-1920x1080.mp4?wsSecret=5c01fef302862fe2ca453788380ba9db&wsTime=595d1331
07-06 00:26:27.109 D/Carousel-SimpleVideoView(31419): speedKB=0
07-06 00:26:27.109 D/Carousel-SimpleVideoView(31419): msg.arg1=0
07-06 00:26:27.138 I/MyFragmentStateAdapter(31419): getCount
07-06 00:26:27.165 W/System.err(31419): java.net.ConnectException: failed to connect to /10.18.210.112 (port 8900) after 6000ms: isConnected failed: ECONNREFUSED (Connection refused)
07-06 00:26:27.165 W/System.err(31419): 	at libcore.io.IoBridge.isConnected(IoBridge.java:238)
07-06 00:26:27.166 W/System.err(31419): 	at libcore.io.IoBridge.connectErrno(IoBridge.java:171)
07-06 00:26:27.166 W/System.err(31419): 	at libcore.io.IoBridge.connect(IoBridge.java:122)
07-06 00:26:27.166 W/System.err(31419): 	at java.net.PlainSocketImpl.connect(PlainSocketImpl.java:183)
07-06 00:26:27.166 W/System.err(31419): 	at java.net.PlainSocketImpl.connect(PlainSocketImpl.java:456)
07-06 00:26:27.166 W/System.err(31419): 	at java.net.Socket.connect(Socket.java:882)
07-06 00:26:27.166 W/System.err(31419): 	at com.android.okhttp.internal.Platform.connectSocket(Platform.java:174)
07-06 00:26:27.166 W/System.err(31419): 	at com.android.okhttp.Connection.connect(Connection.java:152)
07-06 00:26:27.166 W/System.err(31419): 	at com.android.okhttp.internal.http.HttpEngine.connect(HttpEngine.java:276)
07-06 00:26:27.166 W/System.err(31419): 	at com.android.okhttp.internal.http.HttpEngine.sendRequest(HttpEngine.java:211)
07-06 00:26:27.166 W/System.err(31419): 	at com.android.okhttp.internal.http.HttpURLConnectionImpl.execute(HttpURLConnectionImpl.java:382)
07-06 00:26:27.166 W/System.err(31419): 	at com.android.okhttp.internal.http.HttpURLConnectionImpl.connect(HttpURLConnectionImpl.java:106)
07-06 00:26:27.166 W/System.err(31419): 	at com.hisense.hitv.hicloud.util.ExceptionReport.a(ExceptionReport.java:337)
07-06 00:26:27.166 W/System.err(31419): 	at com.hisense.hitv.hicloud.util.ExceptionReport.a(ExceptionReport.java:39)
07-06 00:26:27.166 W/System.err(31419): 	at com.hisense.hitv.hicloud.util.ExceptionReport$1.run(ExceptionReport.java:83)
07-06 00:26:27.166 W/System.err(31419): 	at java.lang.Thread.run(Thread.java:818)
07-06 00:26:27.166 W/System.err(31419): Caused by: android.system.ErrnoException: isConnected failed: ECONNREFUSED (Connection refused)
07-06 00:26:27.166 W/System.err(31419): 	at libcore.io.IoBridge.isConnected(IoBridge.java:223)
07-06 00:26:27.166 W/System.err(31419): 	... 15 more
07-06 00:26:27.168 I/MyFragmentStateAdapter(31419): getCount
07-06 00:26:27.197 I/MyFragmentStateAdapter(31419): getCount
07-06 00:26:27.214 D/Carousel-SimpleVideoView(31419): speedKB=19
07-06 00:26:27.214 D/Carousel-SimpleVideoView(31419): msg.arg1=1
07-06 00:26:27.229 I/MyFragmentStateAdapter(31419): getCount
07-06 00:26:27.258 I/MyFragmentStateAdapter(31419): getCount
07-06 00:26:27.273 D/MediaHTTPConnection(31419): [Connection@652180253] response.heeader.null = HTTP/1.1 206 Partial Content
07-06 00:26:27.273 D/MediaHTTPConnection(31419): [Connection@652180253] response.heeader.Accept-Ranges = bytes
07-06 00:26:27.274 D/MediaHTTPConnection(31419): [Connection@652180253] response.heeader.Age = 2175356
07-06 00:26:27.274 D/MediaHTTPConnection(31419): [Connection@652180253] response.heeader.Cache-Control = max-age=5184000
07-06 00:26:27.274 D/MediaHTTPConnection(31419): [Connection@652180253] response.heeader.Connection = keep-alive
07-06 00:26:27.274 D/MediaHTTPConnection(31419): [Connection@652180253] response.heeader.Content-Length = 218840697
07-06 00:26:27.274 D/MediaHTTPConnection(31419): [Connection@652180253] response.heeader.Content-MD5 = b0d2FgZ34VxS2J9TYuIjgA==
07-06 00:26:27.274 D/MediaHTTPConnection(31419): [Connection@652180253] response.heeader.Content-Range = bytes 0-218840696/218840697
07-06 00:26:27.274 D/MediaHTTPConnection(31419): [Connection@652180253] response.heeader.Content-Type = application/octet-stream
07-06 00:26:27.274 D/MediaHTTPConnection(31419): [Connection@652180253] response.heeader.Date = Sat, 10 Jun 2017 12:11:49 GMT
07-06 00:26:27.274 D/MediaHTTPConnection(31419): [Connection@652180253] response.heeader.ETag = "6F4776160677E15C52D89F5362E22380"
07-06 00:26:27.274 D/MediaHTTPConnection(31419): [Connection@652180253] response.heeader.Last-Modified = Mon, 08 May 2017 17:24:17 GMT
07-06 00:26:27.274 D/MediaHTTPConnection(31419): [Connection@652180253] response.heeader.Server = nginx/1.2.4
07-06 00:26:27.274 D/MediaHTTPConnection(31419): [Connection@652180253] response.heeader.Via = 1.1 chshx150:7 (Cdn Cache Server V2.0)[0 200 0], 1.1 sdbz31:0 (Cdn Cache Server V2.0)[26 200 0], 1.1 tongxiazai20:3 (Cdn Cache Server V2.0)[0 200 0]
07-06 00:26:27.274 D/MediaHTTPConnection(31419): [Connection@652180253] response.heeader.X-Android-Received-Millis = 1499271987271
07-06 00:26:27.274 D/MediaHTTPConnection(31419): [Connection@652180253] response.heeader.X-Android-Response-Source = NETWORK 206
07-06 00:26:27.274 D/MediaHTTPConnection(31419): [Connection@652180253] response.heeader.X-Android-Sent-Millis = 1499271987227
07-06 00:26:27.274 D/MediaHTTPConnection(31419): [Connection@652180253] response.heeader.x-oss-hash-crc64ecma = 10858506031335928878
07-06 00:26:27.274 D/MediaHTTPConnection(31419): [Connection@652180253] response.heeader.x-oss-object-type = Normal
07-06 00:26:27.274 D/MediaHTTPConnection(31419): [Connection@652180253] response.heeader.x-oss-request-id = 591D64783FEA2FF75DF4AA6E
07-06 00:26:27.274 D/MediaHTTPConnection(31419): [Connection@652180253] response.heeader.x-oss-server-time = 46
07-06 00:26:27.274 D/MediaHTTPConnection(31419): [Connection@652180253] response.heeader.x-oss-storage-class = Standard
07-06 00:26:27.286 V/HotPlugDetectionAction( 1733): Poll all devices.
07-06 00:26:27.290 I/MyFragmentStateAdapter(31419): getCount
07-06 00:26:27.314 I/MyFragmentStateAdapter(31419): getCount
07-06 00:26:27.345 I/MyFragmentStateAdapter(31419): getCount
07-06 00:26:27.356 I/TVMW@HsTvSetting( 1234): Trace cmd, data = 0x1058
07-06 00:26:27.356 D/til@system( 2026): til_get_system_param option:100002F int:0, bool:0, ret:0
07-06 00:26:27.356 I/TVMW@HsTvSetting( 1234): Trace cmd, data = 0x101f
07-06 00:26:27.356 D/til@system( 2026): til_get_system_param option:100001D int:3, bool:3, ret:0
07-06 00:26:27.356 E/til     ( 2026): [til_get_current_input_source, 101] 
07-06 00:26:27.356 I/TVMW@HsTvSetting( 1234): Trace cmd, data = 0x7007
07-06 00:26:27.357 I/tilwrapper@sm( 2026): HS2TIL_SourceType *hs=0xd, *til=0x900
07-06 00:26:27.357 D/til     ( 2026): get current source 2304
07-06 00:26:27.357 D/SourceRemoteServiceHandler( 2026): getCurrentInputSource.from.til.result is 0, value is 2304
07-06 00:26:27.357 D/SourceRemoteServiceHandler( 2026): getInputSourceType source: 0x900, type=2304
07-06 00:26:27.357 D/til     ( 2026): ###### func:til_get_picture_param option:0x3000006 ######  
07-06 00:26:27.357 I/TVMW@HsTvSetting( 1234): Trace cmd, data = 0x1003
07-06 00:26:27.357 I/TVMW@HsTvSetting( 1234): Trace cmd, data = 0x8032
07-06 00:26:27.358 I/hstvos  ( 1216): [0m[1;33m[HSHAL][HS_VIDEO][HS_HAL_Video_SetOsdDetect_v2][2389]u16Threshold = 20
07-06 00:26:27.358 I/MiSysSrv( 1214): Not support now! 42, change to mm_video!!!
07-06 00:26:27.359 E/TVMW@videoctrl( 1234):  getOsd is 1
07-06 00:26:27.359 D/til@system( 2026): til_get_system_param option:1000027 int:1, bool:1, ret:0
07-06 00:26:27.359 D/til     ( 2026): ###### func:til_get_picture_param option:0x3000045 ######  
07-06 00:26:27.359 I/TVMW@HsTvSetting( 1234): Trace cmd, data = 0x300c
07-06 00:26:27.359 I/TVMW@HsTvSetting( 1234): Trace 3d, data = 0x300c
07-06 00:26:27.359 I/TVMW@3d ( 1234): Hs_debug3d_trace: func:get3dStatus, line:109
07-06 00:26:27.376 I/MyFragmentStateAdapter(31419): getCount
07-06 00:26:27.408 I/MyFragmentStateAdapter(31419): getCount
07-06 00:26:27.435 I/MyFragmentStateAdapter(31419): getCount
07-06 00:26:27.450 D/IntertrustDRMManager(31419): [TID 31575] wasabi runtime initialized success.
07-06 00:26:27.462 I/MyFragmentStateAdapter(31419): getCount
07-06 00:26:27.475 V/DataSource( 1206): sniff
07-06 00:26:27.475 I/FFmpegExtractor( 1206): android-source:0xb8bfe2a0
07-06 00:26:27.477 I/FFMPEG  ( 1206): [mov,mp4,m4a,3gp,3g2,mj2 @ 0xf3772400] Format mov,mp4,m4a,3gp,3g2,mj2 probed with size=2048 and score=100
07-06 00:26:27.477 D/MediaHTTPConnection(31419): [Connection@652180253] getSize mTotalSize = 218840697
07-06 00:26:27.478 I/FFMPEG  ( 1206): [mov,mp4,m4a,3gp,3g2,mj2 @ 0xf3772400] ISO: File Type Major Brand: isom
07-06 00:26:27.487 I/MyFragmentStateAdapter(31419): getCount
07-06 00:26:27.515 I/MyFragmentStateAdapter(31419): getCount
07-06 00:26:27.537 I/MyFragmentStateAdapter(31419): getCount
07-06 00:26:27.560 I/MyFragmentStateAdapter(31419): getCount
07-06 00:26:27.574 D/FFmpegExtractor( 1206): FFmpegExtrator, url: android-source:0xb8bfe2a0, format_name: mov,mp4,m4a,3gp,3g2,mj2, format_long_name: QuickTime / MOV
07-06 00:26:27.574 D/FFmpegExtractor( 1206): suppoted codec(h264) by official Stagefright
07-06 00:26:27.574 D/FFmpegExtractor( 1206): suppoted codec(aac) by official Stagefright
07-06 00:26:27.574 I/FFMPEG  ( 1206): [AVIOContext @ 0xb8bfe700] Statistics: 426780 bytes read, 0 seeks
07-06 00:26:27.575 D/FFmpegExtractor( 1206): ffmpeg detected media content as 'video/mp4' with confidence 0.08
07-06 00:26:27.585 I/MyFragmentStateAdapter(31419): getCount
07-06 00:26:27.591 I/NetflixMonitorService( 1733): current fgapk : com.hisense.hicloud.edca
07-06 00:26:27.591 I/NetflixMonitorService( 1733): Netflix status unchanged
07-06 00:26:27.608 I/MyFragmentStateAdapter(31419): getCount
07-06 00:26:27.629 I/MyFragmentStateAdapter(31419): getCount
07-06 00:26:27.649 I/MyFragmentStateAdapter(31419): getCount
07-06 00:26:27.686 I/MyFragmentStateAdapter(31419): getCount
07-06 00:26:27.708 I/MyFragmentStateAdapter(31419): getCount
07-06 00:26:27.717 E/HDMI_CEC( 1733): Send Message TO[5] 
07-06 00:26:27.717 E/HDMI_CEC( 1733): OP[0], <Feature Abort> 
07-06 00:26:27.717 E/HDMI_CEC( 1733): ========
07-06 00:26:27.723 D/Carousel-SimpleVideoView(31419): speedKB=2078
07-06 00:26:27.723 D/Carousel-SimpleVideoView(31419): msg.arg1=1
07-06 00:26:27.729 I/HLSP2P  ( 3457): ## 2017-07-06 00:26:27.729 [3457,3628,:0] INFO ## [HLSP2P][PeerServer.cpp:548][DEBUG][SendHeartBeatReq][PeerServer] send hearbeat to 123.126.121.155:30013 ok
07-06 00:26:27.730 I/TVMW@devctrl( 1234): wdt
07-06 00:26:27.751 I/MyFragmentStateAdapter(31419): getCount
07-06 00:26:27.762 I/HLSP2P  ( 3457): ## 2017-07-06 00:26:27.762 [3457,3630,:0] INFO ## [HLSP2P][PeerServer.cpp:718][INFO][OnHeartBeatRsp][PeerServer] ps heartbeat rsp ok
07-06 00:26:27.775 V/MediaExtractor( 1206): MediaExtractor::Create mime:video/mp4 ---- Enter
07-06 00:26:27.775 V/MediaExtractor( 1206): maomao::MediaExtractor::Create mime:isCts is 0
07-06 00:26:27.777 I/FFMPEG  ( 1206): [mov,mp4,m4a,3gp,3g2,mj2 @ 0xf3772400] Format mov,mp4,m4a,3gp,3g2,mj2 probed with size=2048 and score=100
07-06 00:26:27.777 I/FFMPEG  ( 1206): [mov,mp4,m4a,3gp,3g2,mj2 @ 0xf3772400] ISO: File Type Major Brand: isom
07-06 00:26:27.785 I/MyFragmentStateAdapter(31419): getCount
07-06 00:26:27.790 E/HDMI_CEC( 1733): MI_CEC_SendTxPolling, ErrCode[4] 
07-06 00:26:27.813 I/FFMPEG  ( 1206): [mov,mp4,m4a,3gp,3g2,mj2 @ 0xf3772400] orig_nb_streams(2)
07-06 00:26:27.813 I/FFMPEG  ( 1206): [mov,mp4,m4a,3gp,3g2,mj2 @ 0xf3772400] Before avformat_find_stream_info() pos: 413026 bytes read:426780 seeks:0
07-06 00:26:27.815 I/FFMPEG  ( 1206): [NULL @ 0xf34df400] [Eval @ 0xf1104eec] Undefined constant or missing '(' in ''
07-06 00:26:27.815 I/FFMPEG  ( 1206): [NULL @ 0xf34df400] Unable to parse option value ""
07-06 00:26:27.815 I/FFMPEG  ( 1206): [NULL @ 0xf34df400] Error setting option debug to value .
07-06 00:26:27.816 I/FFMPEG  ( 1206): [mov,mp4,m4a,3gp,3g2,mj2 @ 0xf3772400] Failed to open codec in av_find_stream_info
07-06 00:26:27.816 I/FFMPEG  ( 1206): [NULL @ 0xf34e0000] [Eval @ 0xf1104eec] Undefined constant or missing '(' in ''
07-06 00:26:27.816 I/FFMPEG  ( 1206): [NULL @ 0xf34e0000] Unable to parse option value ""
07-06 00:26:27.816 I/FFMPEG  ( 1206): [NULL @ 0xf34e0000] Error setting option debug to value .
07-06 00:26:27.816 I/FFMPEG  ( 1206): [mov,mp4,m4a,3gp,3g2,mj2 @ 0xf3772400] Failed to open codec in av_find_stream_info
07-06 00:26:27.816 I/MyFragmentStateAdapter(31419): getCount
07-06 00:26:27.817 I/FFMPEG  ( 1206): [NULL @ 0xf34df400] try_decode_frame, i= 0, pkt->stream_index = 0
07-06 00:26:27.824 E/HDMI_CEC( 1733): Sending message can't be response. 
07-06 00:26:27.833 I/FFMPEG  ( 1206): [h264 @ 0xf34df400] no picture 
07-06 00:26:27.848 I/MyFragmentStateAdapter(31419): getCount
07-06 00:26:27.860 I/TVMW@HsTvSetting( 1234): Trace cmd, data = 0x1058
07-06 00:26:27.860 D/til@system( 2026): til_get_system_param option:100002F int:0, bool:0, ret:0
07-06 00:26:27.860 I/TVMW@HsTvSetting( 1234): Trace cmd, data = 0x101f
07-06 00:26:27.861 D/til@system( 2026): til_get_system_param option:100001D int:3, bool:3, ret:0
07-06 00:26:27.861 E/til     ( 2026): [til_get_current_input_source, 101] 
07-06 00:26:27.861 I/TVMW@HsTvSetting( 1234): Trace cmd, data = 0x7007
07-06 00:26:27.861 I/tilwrapper@sm( 2026): HS2TIL_SourceType *hs=0xd, *til=0x900
07-06 00:26:27.861 D/til     ( 2026): get current source 2304
07-06 00:26:27.861 D/SourceRemoteServiceHandler( 2026): getCurrentInputSource.from.til.result is 0, value is 2304
07-06 00:26:27.861 D/SourceRemoteServiceHandler( 2026): getInputSourceType source: 0x900, type=2304
07-06 00:26:27.861 D/til     ( 2026): ###### func:til_get_picture_param option:0x3000006 ######  
07-06 00:26:27.861 I/TVMW@HsTvSetting( 1234): Trace cmd, data = 0x1003
07-06 00:26:27.862 I/TVMW@HsTvSetting( 1234): Trace cmd, data = 0x8032
07-06 00:26:27.862 I/hstvos  ( 1216): [0m[1;33m[HSHAL][HS_VIDEO][HS_HAL_Video_SetOsdDetect_v2][2389]u16Threshold = 20
07-06 00:26:27.862 I/MiSysSrv( 1214): Not support now! 42, change to mm_video!!!
07-06 00:26:27.871 E/TVMW@videoctrl( 1234):  getOsd is 1
07-06 00:26:27.871 E/TVMW@videoctrl( 1234): hs_mw_videoctrl.cpp getOsdShow result is        1
07-06 00:26:27.871 D/til@system( 2026): til_get_system_param option:1000027 int:1, bool:1, ret:0
07-06 00:26:27.871 D/til     ( 2026): ###### func:til_get_picture_param option:0x3000045 ######  
07-06 00:26:27.871 I/TVMW@HsTvSetting( 1234): Trace cmd, data = 0x300c
07-06 00:26:27.871 I/TVMW@HsTvSetting( 1234): Trace 3d, data = 0x300c
07-06 00:26:27.871 I/TVMW@3d ( 1234): Hs_debug3d_trace: func:get3dStatus, line:109
07-06 00:26:27.877 I/MyFragmentStateAdapter(31419): getCount
07-06 00:26:27.904 I/MyFragmentStateAdapter(31419): getCount
07-06 00:26:27.934 I/MyFragmentStateAdapter(31419): getCount
07-06 00:26:27.954 I/FFMPEG  ( 1206): [mov,mp4,m4a,3gp,3g2,mj2 @ 0xf3772400] i(1) > pkt->stream_index(0),conitnue
07-06 00:26:27.954 I/FFMPEG  ( 1206): [NULL @ 0xf34e0000] try_decode_frame, i= 1, pkt->stream_index = 1
07-06 00:26:27.960 I/FFMPEG  ( 1206): [aac @ 0xf34e0000] skip whole frame, skip left: 0
07-06 00:26:27.962 I/MyFragmentStateAdapter(31419): getCount
07-06 00:26:27.964 I/FFMPEG  ( 1206): [mov,mp4,m4a,3gp,3g2,mj2 @ 0xf3772400] After avformat_find_stream_info() pos: 473274 bytes read:492316 seeks:0 frames:3
07-06 00:26:27.964 I/FFmpegExtractor( 1206): the duration is 00:08:58.08
07-06 00:26:27.964 I/FFmpegExtractor( 1206): streamIndex: 0 ,stream_index 0
07-06 00:26:27.964 D/FFmpegExtractor( 1206): is_codec_supported codec_id is 28
07-06 00:26:27.964 D/FFmpegExtractor( 1206): setVideoFormat avctx->codec_id is 28
07-06 00:26:27.964 V/codec_utils( 1206): AVC
07-06 00:26:27.964 I/FFmpegExtractor( 1206): the time is 00:08:58.08
07-06 00:26:27.964 I/FFmpegExtractor( 1206): streamIndex: 1 ,stream_index 1
07-06 00:26:27.964 D/FFmpegExtractor( 1206): is_codec_supported codec_id is 86018
07-06 00:26:27.964 V/codec_utils( 1206): AAC
07-06 00:26:27.964 V/codec_utils( 1206): aac profile: 1, sf_index: 4, channel: 2
07-06 00:26:27.965 I/FFmpegExtractor( 1206): bit_rate: 55687, sample_rate: 44100, channels: 2, bits_per_coded_sample: 16, block_align:0
07-06 00:26:27.965 I/FFmpegExtractor( 1206): the time is 00:08:58.00
07-06 00:26:27.965 D/FFmpegExtractor( 1206): Reader thread started
07-06 00:26:27.965 D/FFmpegExtractor( 1206): supported mime: video/mp4
07-06 00:26:27.965 W/avc_utils( 1206): [3D detect]It is not SEI Nal
07-06 00:26:27.965 W/avc_utils( 1206): [3D detect]It is not SEI Nal
07-06 00:26:27.965 W/avc_utils( 1206): [3D detect]It is not SEI Nal
07-06 00:26:27.991 I/MyFragmentStateAdapter(31419): getCount
07-06 00:26:28.020 I/MyFragmentStateAdapter(31419): getCount
07-06 00:26:28.042 I/MyFragmentStateAdapter(31419): getCount
07-06 00:26:28.052 I/NuCachedSource2( 1206): new range: offset= 218840569
07-06 00:26:28.052 I/NuCachedSource2( 1206): seekInternal_l ---- totalSize: 1835008
07-06 00:26:28.053 D/MediaHTTPConnection(31419): offset = 218840569, mCurrentOffset = 1835008
07-06 00:26:28.053 D/MediaHTTPConnection(31419): seekTo 218840569
07-06 00:26:28.053 D/MediaHTTPConnection(31419): teardownConnection
07-06 00:26:28.064 I/MyFragmentStateAdapter(31419): getCount
07-06 00:26:28.086 I/MyFragmentStateAdapter(31419): getCount
07-06 00:26:28.107 I/MyFragmentStateAdapter(31419): getCount
07-06 00:26:28.128 I/MyFragmentStateAdapter(31419): getCount
07-06 00:26:28.149 I/MyFragmentStateAdapter(31419): getCount
07-06 00:26:28.159 D/MediaHTTPConnection(31419): close inputstream
07-06 00:26:28.162 D/MediaHTTPConnection(31419): hitting http://118.212.138.160/jhxvideo-ws.video-tx.com/rendition/201705/205989353451683841/205989353451684353/bb/243216185158536196/243216215223308548/r243216215223308548-3200k-1920x1080.mp4?wsSecret=5c01fef302862fe2ca453788380ba9db&wsTime=595d1331&wsiphost=local
07-06 00:26:28.171 I/MyFragmentStateAdapter(31419): getCount
07-06 00:26:28.190 I/MyFragmentStateAdapter(31419): getCount
07-06 00:26:28.210 I/MyFragmentStateAdapter(31419): getCount
07-06 00:26:28.224 D/Carousel-SimpleVideoView(31419): speedKB=2133
07-06 00:26:28.225 D/Carousel-SimpleVideoView(31419): msg.arg1=1
07-06 00:26:28.242 D/MediaHTTPConnection(31419): [Connection@974680466] response.heeader.null = HTTP/1.1 206 Partial Content
07-06 00:26:28.242 D/MediaHTTPConnection(31419): [Connection@974680466] response.heeader.Accept-Ranges = bytes
07-06 00:26:28.242 D/MediaHTTPConnection(31419): [Connection@974680466] response.heeader.Age = 2175357
07-06 00:26:28.242 D/MediaHTTPConnection(31419): [Connection@974680466] response.heeader.Cache-Control = max-age=5184000
07-06 00:26:28.242 D/MediaHTTPConnection(31419): [Connection@974680466] response.heeader.Connection = keep-alive
07-06 00:26:28.242 D/MediaHTTPConnection(31419): [Connection@974680466] response.heeader.Content-Length = 128
07-06 00:26:28.242 D/MediaHTTPConnection(31419): [Connection@974680466] response.heeader.Content-MD5 = b0d2FgZ34VxS2J9TYuIjgA==
07-06 00:26:28.242 D/MediaHTTPConnection(31419): [Connection@974680466] response.heeader.Content-Range = bytes 218840569-218840696/218840697
07-06 00:26:28.242 D/MediaHTTPConnection(31419): [Connection@974680466] response.heeader.Content-Type = application/octet-stream
07-06 00:26:28.242 D/MediaHTTPConnection(31419): [Connection@974680466] response.heeader.Date = Sat, 10 Jun 2017 12:11:49 GMT
07-06 00:26:28.242 D/MediaHTTPConnection(31419): [Connection@974680466] response.heeader.ETag = "6F4776160677E15C52D89F5362E22380"
07-06 00:26:28.242 D/MediaHTTPConnection(31419): [Connection@974680466] response.heeader.Last-Modified = Mon, 08 May 2017 17:24:17 GMT
07-06 00:26:28.242 D/MediaHTTPConnection(31419): [Connection@974680466] response.heeader.Server = nginx/1.2.4
07-06 00:26:28.242 D/MediaHTTPConnection(31419): [Connection@974680466] response.heeader.Via = 1.1 chshx150:7 (Cdn Cache Server V2.0)[0 200 0], 1.1 sdbz31:0 (Cdn Cache Server V2.0)[26 200 0], 1.1 tongxiazai20:3 (Cdn Cache Server V2.0)[1 200 0]
07-06 00:26:28.242 D/MediaHTTPConnection(31419): [Connection@974680466] response.heeader.X-Android-Received-Millis = 1499271988241
07-06 00:26:28.242 D/MediaHTTPConnection(31419): [Connection@974680466] response.heeader.X-Android-Response-Source = NETWORK 206
07-06 00:26:28.242 D/MediaHTTPConnection(31419): [Connection@974680466] response.heeader.X-Android-Sent-Millis = 1499271988197
07-06 00:26:28.242 D/MediaHTTPConnection(31419): [Connection@974680466] response.heeader.x-oss-hash-crc64ecma = 10858506031335928878
07-06 00:26:28.242 D/MediaHTTPConnection(31419): [Connection@974680466] response.heeader.x-oss-object-type = Normal
07-06 00:26:28.242 D/MediaHTTPConnection(31419): [Connection@974680466] response.heeader.x-oss-request-id = 591D64783FEA2FF75DF4AA6E
07-06 00:26:28.242 D/MediaHTTPConnection(31419): [Connection@974680466] response.heeader.x-oss-server-time = 46
07-06 00:26:28.242 D/MediaHTTPConnection(31419): [Connection@974680466] response.heeader.x-oss-storage-class = Standard
07-06 00:26:28.244 I/NuCachedSource2( 1206): caching reached eos.
07-06 00:26:28.244 W/avc_utils( 1206): [3D detect]It is not SEI Nal
07-06 00:26:28.244 W/avc_utils( 1206): [3D detect]It is not SEI Nal
07-06 00:26:28.245 W/avc_utils( 1206): [3D detect]It is not SEI Nal
07-06 00:26:28.248 V/NuPlayer( 1206): Video input format 1920 x 1080
07-06 00:26:28.248 V/NuPlayer( 1206): updateVideoSize::rotationDegrees=0
07-06 00:26:28.249 E/NuPlayerDriver( 1206): notifyDuration (538083333)
07-06 00:26:28.253 I/MyFragmentStateAdapter(31419): getCount
07-06 00:26:28.254 I/NuCachedSource2( 1206): new range: offset= 1835008
07-06 00:26:28.254 I/NuCachedSource2( 1206): seekInternal_l ---- totalSize: 1835136
07-06 00:26:28.271 V/MediaPlayer-JNI(31419): getVideoWidth: 1920
07-06 00:26:28.271 V/MediaPlayer-JNI(31419): getVideoHeight: 1080
07-06 00:26:28.273 E/MediaPlayer(31419): Should have subtitle controller already set
07-06 00:26:28.273 V/MediaPlayer-JNI(31419): getVideoWidth: 1920
07-06 00:26:28.273 V/MediaPlayer-JNI(31419): getVideoHeight: 1080
07-06 00:26:28.277 D/NativeDecimalFormat( 7859): NativeDecimalFormat_close print addr=3688212480
07-06 00:26:28.277 D/NativeDecimalFormat( 7859): NativeDecimalFormat_close print g_addr=3688219392
07-06 00:26:28.277 D/NativeDecimalFormat( 7859): NativeDecimalFormat_close print addr=3688213248
07-06 00:26:28.277 D/NativeDecimalFormat( 7859): NativeDecimalFormat_close print g_addr=3688219392
07-06 00:26:28.277 D/NativeDecimalFormat( 7859): NativeDecimalFormat_close print addr=3692763648
07-06 00:26:28.277 D/NativeDecimalFormat( 7859): NativeDecimalFormat_close print g_addr=3688219392
07-06 00:26:28.277 D/NativeDecimalFormat( 7859): NativeDecimalFormat_close print addr=3692764416
07-06 00:26:28.277 D/NativeDecimalFormat( 7859): NativeDecimalFormat_close print g_addr=3688219392
07-06 00:26:28.277 D/NativeDecimalFormat( 7859): NativeDecimalFormat_close print addr=3688215552
07-06 00:26:28.277 D/NativeDecimalFormat( 7859): NativeDecimalFormat_close print g_addr=3688219392
07-06 00:26:28.277 D/NativeDecimalFormat( 7859): NativeDecimalFormat_close print addr=3688216320
07-06 00:26:28.277 D/NativeDecimalFormat( 7859): NativeDecimalFormat_close print g_addr=3688219392
07-06 00:26:28.278 D/NativeDecimalFormat( 7859): NativeDecimalFormat_close print addr=3688218624
07-06 00:26:28.278 D/NativeDecimalFormat( 7859): NativeDecimalFormat_close print g_addr=3688219392
07-06 00:26:28.278 D/NativeDecimalFormat( 7859): NativeDecimalFormat_close print addr=3688219392
07-06 00:26:28.278 D/NativeDecimalFormat( 7859): NativeDecimalFormat_close print g_addr=3688219392
07-06 00:26:28.288 I/Carousel-UrlVideoView(31419): onMeasure(MeasureSpec: EXACTLY 816, MeasureSpec: EXACTLY 460)
07-06 00:26:28.288 D/Carousel-UrlVideoView(31419): widthSpecMode=1073741824
07-06 00:26:28.289 D/Carousel-UrlVideoView(31419): heightSpecMode=1073741824
07-06 00:26:28.289 D/Carousel-UrlVideoView(31419): widthSpecSize=816
07-06 00:26:28.289 D/Carousel-UrlVideoView(31419): heightSpecSize=460
07-06 00:26:28.289 I/Carousel-UrlVideoView(31419): onMeasure(MeasureSpec: EXACTLY 816, MeasureSpec: EXACTLY 460)
07-06 00:26:28.289 D/Carousel-UrlVideoView(31419): widthSpecMode=1073741824
07-06 00:26:28.289 D/Carousel-UrlVideoView(31419): heightSpecMode=1073741824
07-06 00:26:28.289 D/Carousel-UrlVideoView(31419): widthSpecSize=816
07-06 00:26:28.289 D/Carousel-UrlVideoView(31419): heightSpecSize=460
07-06 00:26:28.289 I/SurfaceView(31419): Changes: creating=false format=false size=true visible=false left=false top=false
07-06 00:26:28.289 I/SurfaceView(31419): Cur surface: Surface(name=null)/@0xe23b95c
07-06 00:26:28.290 D/Surface ( 1733): onStatusChange() : mNativeObject = 547942803456 mUseImageHwRender = false
07-06 00:26:28.290 V/Surface ( 1733): nativeSetHardwareRender() : status = 0
07-06 00:26:28.290 V/Surface ( 1733): nativeSetHardwareRender() : end
07-06 00:26:28.305 V/SurfaceView(31419): com.hisense.hitv.carouselwidgit.view.videoview.UrlVideoView{29385b73 V.E..... ......I. 0,0-816,460} got resized: w=816 h=460, cur w=-1 h=-1
07-06 00:26:28.305 D/PowerManagerService( 1733): setScreenBrightnessOverrideFromWindowManagerInternal done
07-06 00:26:28.307 D/PowerManagerService( 1733): setScreenBrightnessOverrideFromWindowManagerInternal done
07-06 00:26:28.309 D/Surface ( 1733): onStatusChange() : mNativeObject = 0 mUseImageHwRender = false
07-06 00:26:28.309 D/Surface (31419): onStatusChange() : mNativeObject = -538294784 mUseImageHwRender = false
07-06 00:26:28.309 V/Surface (31419): nativeSetHardwareRender() : status = 0
07-06 00:26:28.309 V/Surface (31419): nativeSetHardwareRender() : end
07-06 00:26:28.309 I/SurfaceView(31419): New surface: Surface(name=null)/@0x20d82465, vis=true, frame=Rect(549, 205 - 1365, 665)
07-06 00:26:28.309 D/Surface (31419): onStatusChange() : mNativeObject = 0 mUseImageHwRender = false
07-06 00:26:28.309 D/Surface (31419): onStatusChange() : mNativeObject = -538294784 mUseImageHwRender = false
07-06 00:26:28.309 V/Surface (31419): nativeSetHardwareRender() : status = 0
07-06 00:26:28.309 V/Surface (31419): nativeSetHardwareRender() : end
07-06 00:26:28.309 I/SurfaceView(31419): surfaceChanged -- format=4 w=1920 h=1080
07-06 00:26:28.309 D/Carousel-UrlVideoView(31419): surfaceChanged
07-06 00:26:28.309 D/Carousel-UrlVideoView(31419): isValidState:true,hasValidSize:true
07-06 00:26:28.310 D/Carousel-UrlVideoView(31419): mVideoWidth:1920,mVideoHeight:1080,w:1920,h:1080
07-06 00:26:28.310 D/Carousel-UrlVideoView(31419): ===============>surfaceChanged start
07-06 00:26:28.310 V/MediaPlayer-JNI(31419): start
07-06 00:26:28.311 D/NuPlayerDriver( 1206): start(0xd7843160)
07-06 00:26:28.311 V/NuPlayer( 1206): kWhatStart
07-06 00:26:28.311 V/NuPlayer( 1206): [NuPlayerRequestResourcesAsync-3121]
07-06 00:26:28.311 V/RMClient( 1206): #540:requestResourceAsync
07-06 00:26:28.311 V/NuPlayer( 1206): [NuPlayerWaitResourcesAllocation-3143]
07-06 00:26:28.311 V/RMClient( 1206): #540:onMessageReceived creq
07-06 00:26:28.311 V/RMClient( 1206): #540:kWhatCmdResourceRequest
07-06 00:26:28.312 V/SurfaceView(31419): Layout: x=549 y=205 w=816 h=460, frame=Rect(0, 0 - 816, 460)
07-06 00:26:28.312 V/RMAllocator( 1198): handleRequest
07-06 00:26:28.312 V/RMAllocator( 1198): handleRequest new ClientInfo, client=2382853440 id=540
07-06 00:26:28.312 V/RMClient( 1206): #539:~RMClient
07-06 00:26:28.312 V/RMClient( 1206): #539:RMClient::returnAllResourcesAsync
07-06 00:26:28.313 V/RMClient( 1206): #540:Done
07-06 00:26:28.313 I/RMAllocator( 1198): ClientInfo this=2382672128, mRMClient=2382853440. id=540
07-06 00:26:28.313 I/NuPlayer( 1206): NuPlayerRMClientListener::~NuPlayerRMClientListener
07-06 00:26:28.313 V/RMClientListener( 1206): ~RMClientListener
07-06 00:26:28.313 V/RMAllocator( 1198): handleRequest new ClientInfo=2382672128, client=2382853440 id=540
07-06 00:26:28.313 D/TVEmuRMService_main( 1198): type =10 , pip=0 
07-06 00:26:28.313 D/TVEmuRMService_main( 1198): pip disable path 
07-06 00:26:28.313 D/TVEmuRMService_main( 1198): type =11 , pip=0 
07-06 00:26:28.313 D/TVEmuRMService_main( 1198): pip disable path 
07-06 00:26:28.313 D/TVEmuRMService_main( 1198): type =12 , pip=0 
07-06 00:26:28.313 D/TVEmuRMService_main( 1198): pip disable path 
07-06 00:26:28.313 D/TVEmuRMService_main( 1198): type =13 , pip=0 
07-06 00:26:28.313 D/TVEmuRMService_main( 1198): pip disable path 
07-06 00:26:28.313 V/RMAllocator( 1198): allocateResources
07-06 00:26:28.313 V/RMAllocator( 1198): allocateOneResource
07-06 00:26:28.313 V/RMAllocator( 1198): allocateOneResource
07-06 00:26:28.314 V/RMClient( 1206): #540:handleRequestDone
07-06 00:26:28.314 V/RMClient( 1206): #540:onMessageReceived ldon
07-06 00:26:28.314 V/RMClient( 1206): #540:kWhatRequestDone
07-06 00:26:28.314 I/NuPlayer( 1206): NuPlayerRMClientListener::handleRequestDone
07-06 00:26:28.314 V/NuPlayer( 1206): [handleRequestDone-3157]
07-06 00:26:28.314 V/RMClient( 1206): #540:Done
07-06 00:26:28.314 I/NuPlayer( 1206): Resource allocation ok
07-06 00:26:28.314 I/GenericSource( 1206): start
07-06 00:26:28.314 W/FFmpegExtractor( 1206): drop the packet with negative timestamp(pts:-1024)
07-06 00:26:28.322 D/Surface ( 1733): onStatusChange() : mNativeObject = 547819119104 mUseImageHwRender = false
07-06 00:26:28.322 V/Surface ( 1733): nativeSetHardwareRender() : status = 0
07-06 00:26:28.322 V/Surface ( 1733): nativeSetHardwareRender() : end
07-06 00:26:28.323 V/AudioPolicyManager( 1206): isOffloadSupported: SR=44100, CM=0x3, Format=0x4000000, StreamType=3, BitRate=55687, duration=538007233 us, has_video=1
07-06 00:26:28.323 V/AudioPolicyManager( 1206): isOffloadSupported: has_video == true, returning false
07-06 00:26:28.323 V/NuPlayer( 1206): scanning sources haveAudio=0, haveVideo=0
07-06 00:26:28.324 D/PowerManagerService( 1733): acquireWakeLockInternal: lock=487931605, flags=0x2000000a, tag="WindowManager", ws=WorkSource{10010}, uid=1000, pid=1733
07-06 00:26:28.324 D/PowerManagerNotifier( 1733): onWakeLockAcquired: flags=536870922, tag="WindowManager", packageName=android, ownerUid=1000, ownerPid=1733, workSource=WorkSource{10010}
07-06 00:26:28.324 D/PowerManagerService( 1733): setScreenBrightnessOverrideFromWindowManagerInternal done
07-06 00:26:28.324 V/AudioPolicyManager( 1206): isOffloadSupported: SR=44100, CM=0x3, Format=0x4000000, StreamType=3, BitRate=55687, duration=538007233 us, has_video=1
07-06 00:26:28.324 V/AudioPolicyManager( 1206): isOffloadSupported: has_video == true, returning false
07-06 00:26:28.325 I/NuPlayerDecoder( 1206): [onConfigure] Need Extra Frame is No
07-06 00:26:28.325 V/NuPlayer( 1206): [instantiateDecoder] wait video codec excuting!!!
07-06 00:26:28.326 I/MS_OMX_CORE( 1206): ComponentName : OMX.MS.AVC.Decoder, version -..
07-06 00:26:28.326 D/Surface ( 1733): onStatusChange() : mNativeObject = 0 mUseImageHwRender = false
07-06 00:26:28.326 I/NuPlayerDecoder( 1206): [onConfigure] Need Extra Frame is No
07-06 00:26:28.327 E/OMXNodeInstance( 1206): setConfig(297:MS.AVC.Decoder, ConfigAutoFramerateConversion(0x6f800001)) ERROR: NotImplemented(0x80001006)
07-06 00:26:28.327 I/ACodec  ( 1206): codec does not support requested auto-frc (err -2147483648)
07-06 00:26:28.327 E/OMXNodeInstance( 1206): getExtensionIndex(297:MS.AVC.Decoder, OMX.google.android.index.storeMetaDataInBuffers) ERROR: BadParameter(0x80001005)
07-06 00:26:28.327 E/ACodec  ( 1206): [OMX.MS.AVC.Decoder] storeMetaDataInBuffers failed w/ err -2147483648
07-06 00:26:28.328 V/SoftOMXPlugin( 1206): makeComponentInstance 'OMX.google.aac.decoder'
07-06 00:26:28.330 I/MyFragmentStateAdapter(31419): getCount
07-06 00:26:28.334 V/SoftOMXPlugin( 1206): load component libstagefright_soft_aacdec.so for OMX.google.aac.decoder
07-06 00:26:28.340 D/NuPlayer( 1206): rrrr audio decoder executing, canreset set true
07-06 00:26:28.341 I/SoftAAC2( 1206): Reconfiguring decoder: 0->44100 Hz, 0->2 channels
07-06 00:26:28.341 D/NuPlayer( 1206): rrrr audio decoder executing, canreset set true
07-06 00:26:28.343 D/MS_OMX_VDEC( 1206): Allocate pBuffer[0]: 0xba8fc000
07-06 00:26:28.343 D/MS_OMX_VDEC( 1206): Allocate pBuffer[0]: 0xb9c03000
07-06 00:26:28.343 D/MS_OMX_VDEC( 1206): Allocate pBuffer[0]: 0xd7403000
07-06 00:26:28.343 D/MS_OMX_VDEC( 1206): Allocate pBuffer[0]: 0xf1818000
07-06 00:26:28.343 D/MS_OMX_VDEC( 1206): Allocate pBuffer[0]: 0xd2c03000
07-06 00:26:28.344 D/NuPlayer( 1206): rrrr audio decoder executing, canreset set true
07-06 00:26:28.344 E/OMXNodeInstance( 1206): setParameter(297:MS.AVC.Decoder, ParamPortDefinition(0x2000001)) ERROR: BadParameter(0x80001005)
07-06 00:26:28.344 W/ACodec  ( 1206): [OMX.MS.AVC.Decoder] setting nBufferCountActual to 6 failed: -2147483648
07-06 00:26:28.344 E/OMXNodeInstance( 1206): setParameter(297:MS.AVC.Decoder, ParamPortDefinition(0x2000001)) ERROR: BadParameter(0x80001005)
07-06 00:26:28.344 W/ACodec  ( 1206): [OMX.MS.AVC.Decoder] setting nBufferCountActual to 5 failed: -2147483648
07-06 00:26:28.344 D/MediaHTTPConnection(31419): connect: uri=http://jhxvideo-ws.video-tx.com/rendition/201705/205989353451683841/205989353451684353/bb/243216185158536196/243216215223308548/r243216215223308548-3200k-1920x1080.mp4?wsSecret=5c01fef302862fe2ca453788380ba9db&wsTime=595d1331, headers=User-Agent: stagefright/1.2 (Linux;Android 5.1.1)
07-06 00:26:28.344 D/MediaHTTPConnection(31419): teardownConnection
07-06 00:26:28.345 D/MediaHTTPConnection(31419): close inputstream
07-06 00:26:28.345 D/gralloc ( 1204): allocate buffer from ION HEAP 0x1
07-06 00:26:28.345 D/gralloc ( 1204): allocate memory from system heap
07-06 00:26:28.347 D/MediaHTTPConnection(31419): offset = 1835008, mCurrentOffset = -1
07-06 00:26:28.347 D/MediaHTTPConnection(31419): seekTo 1835008
07-06 00:26:28.348 D/gralloc ( 1204): allocate buffer from ION HEAP 0x1
07-06 00:26:28.348 D/gralloc ( 1204): allocate memory from system heap
