07-05 21:02:32.431 V/AudioPolicyManager( 1206): DeviceVector::getDevice() for type 00008000 address 0 found 0x0
07-05 21:02:32.431 V/AudioPolicyManager( 1206): getNewOutputDevice() selected device 2
07-05 21:02:32.431 V/AudioPolicyManager( 1206): setStreamVolumeIndex() stream 12, device 0002, index 15
07-05 21:02:32.431 V/AudioPolicyManager( 1206): setOutputDevice() output 2 device 0002 delayMs 0
07-05 21:02:32.431 V/AudioPolicyManager( 1206): setOutputDevice() prevDevice 0002
07-05 21:02:32.431 V/AudioPolicyManager( 1206): DeviceVector::getDevice() for type 00008000 address 0 found 0x0
07-05 21:02:32.431 V/AudioPolicyManager( 1206): DeviceVector::getDevice() for type 00008000 address 0 found 0x0
07-05 21:02:32.431 V/AudioPolicyManager( 1206): DeviceVector::getDevice() for type 00008000 address 0 found 0x0
07-05 21:02:32.431 V/AudioPolicyManager( 1206): DeviceVector::getDevice() for type 00008000 address 0 found 0x0
07-05 21:02:32.431 V/AudioPolicyManager( 1206): DeviceVector::getDevice() for type 00008000 address 0 found 0x0
07-05 21:02:32.431 V/AudioPolicyManager( 1206): DeviceVector::getDevice() for type 00008000 address 0 found 0x0
07-05 21:02:32.431 V/AudioPolicyManager( 1206): DeviceVector::getDevice() for type 00008000 address 0 found 0x0
07-05 21:02:32.431 V/AudioPolicyManager( 1206): setOutputDevice() changing device
07-05 21:02:32.431 V/AudioPolicyManager( 1206): DeviceVector::refreshTypes() mDeviceTypes 00000002
07-05 21:02:32.431 V/AudioPolicyManager( 1206): DeviceVector::getDevicesFromType() for type 2 found 0xf407cf00
07-05 21:02:32.436 E/audio_hw_primary( 1206): out_set_parameters: routing=2
07-05 21:02:32.436 V/AudioPolicyManager( 1206): setOutputDevice() createAudioPatch returned 0 patchHandle 239num_sources 1 num_sinks 1
07-05 21:02:32.436 V/AudioPolicyManager( 1206): checkAndSetVolume() cannot set stream 6 volume with force use = 0 for comm
07-05 21:02:32.436 V/AudioPolicyManager( 1206): DeviceVector::getDevice() for type 00008000 address 0 found 0x0
07-05 21:02:32.436 V/AudioPolicyManager( 1206): DeviceVector::getDevice() for type 00008000 address 0 found 0x0
07-05 21:02:32.436 V/AudioPolicyManager( 1206): DeviceVector::getDevice() for type 00008000 address 0 found 0x0
07-05 21:02:32.436 V/AudioPolicyManager( 1206): DeviceVector::getDevice() for type 00008000 address 0 found 0x0
07-05 21:02:32.436 V/AudioPolicyManager( 1206): DeviceVector::getDevice() for type 00008000 address 0 found 0x0
07-05 21:02:32.436 V/AudioPolicyManager( 1206): DeviceVector::getDevice() for type 00008000 address 0 found 0x0
07-05 21:02:32.436 V/AudioPolicyManager( 1206): DeviceVector::getDevice() for type 00008000 address 0 found 0x0
07-05 21:02:32.436 V/AudioPolicyManager( 1206): DeviceVector::getDevice() for type 00008000 address 0 found 0x0
07-05 21:02:32.437 W/NuPlayerRenderer( 1206): numFramesAvailableToWrite(7526), mAudioSink frameCount(7526), mAudioQueue size(1), numFramesPlayed(0), mNumFramesWritten(0)
07-05 21:02:32.437 D/NuPlayerRenderer( 1206): mAudioFirstAnchorTimeMediaUs from -1 change to 23219,mLastRenderAudioTimeUs -1,pendingDurationUs 0
07-05 21:02:32.449 D/vsyncbridge( 1204): [update_ds_table,  594] DispW:1632 DispH:920 
07-05 21:02:32.449 D/vsyncbridge( 1204): [update_ds_table,  598] Cap.x:1105 Cap.y:30 CapW:1920 CapH:1080 
07-05 21:02:32.449 D/vsyncbridge( 1204): [update_ds_table,  599] enInputSourceType:34 
07-05 21:02:32.449 D/vsyncbridge( 1204): [update_ds_table,  601] u16InputVTotal:2205  u16InputVFreq:240 
07-05 21:02:32.449 D/vsyncbridge( 1204): [update_ds_table,  603] bInterlace:0  u16DefaultHtotal:0 
07-05 21:02:32.449 D/vsyncbridge( 1204): [update_ds_table,  606] bPreHCusScaling:1  bPreVCusScaling:1 
07-05 21:02:32.449 D/vsyncbridge( 1204): [update_ds_table,  608] u16PreHCusScalingSrc:1920  u16PreHCusScalingDst:1920 
07-05 21:02:32.449 D/vsyncbridge( 1204): [update_ds_table,  610] u16PreVCusScalingSrc:1080  u16PreVCusScalingSrc:1080 
07-05 21:02:32.449 D/vsyncbridge( 1204): [update_ds_table,  613] bHCusScaling:0  bVCusScaling:0 
07-05 21:02:32.449 D/vsyncbridge( 1204): [update_ds_table,  615] u16HCusScalingSrc:1920  u16HCusScalingDst:1632 
07-05 21:02:32.449 D/vsyncbridge( 1204): [update_ds_table,  617] u16VCusScalingSrc:1084  u16VCusScalingDst:920 
07-05 21:02:32.449 D/vsyncbridge( 1204): vsync_bridge_CalAspectRatio type = 0
07-05 21:02:32.449 D/vsyncbridge( 1204): panel [3840 2160] osd [1920 1080] ratio [2.000000 2.000000]
07-05 21:02:32.449 D/vsyncbridge( 1204): apply ratio, x=1098, y=410, width=1632, height=920
07-05 21:02:32.449 D/vsyncbridge( 1204): disp_old[1098 410 2730 1330], disp_new[1098 410 2730 1330], crop[0 0 1920 1080]
07-05 21:02:32.449 D/vsyncbridge( 1204): [update_ds_table,  798] SW DS !!! 
07-05 21:02:32.449 D/vsyncbridge( 1204): [update_ds_table,  800] stXC_SetWin_Info.stCapWin.width1920  stXC_SetWin_Info.stCapWin.height:1080
07-05 21:02:32.449 D/vsyncbridge( 1204): [update_ds_table,  802] stXC_SetWin_Info.stCropWin.width1920  stXC_SetWin_Info.stCropWin.height:1080
07-05 21:02:32.449 D/vsyncbridge( 1204): [update_ds_table,  803] MApi_XC_GetDynamicScalingStatus():1 
07-05 21:02:32.449 D/        ( 1204): Alert: cannot get frameCount from IOCTL, eWindow=0! Fall back to original frame mode
07-05 21:02:32.449 D/        ( 1204): MVOP is 1P mode
07-05 21:02:32.449 D/        ( 1204): [_MDrv_SC_check_2p_mode][9405]u16Width=3840,u16Height=2160,u32Vfreqx10=240
07-05 21:02:32.450 D/PowerManagerService( 1733): updateWakeLockWorkSourceInternal: lock=297818588 [AudioMix], ws=WorkSource{10010}
07-05 21:02:32.450 D/PowerManagerNotifier( 1733): onWakeLockReleased: flags=1, tag="AudioMix", packageName=media, ownerUid=1013, ownerPid=0, workSource=null
07-05 21:02:32.450 D/PowerManagerNotifier( 1733): onWakeLockAcquired: flags=1, tag="AudioMix", packageName=media, ownerUid=1013, ownerPid=0, workSource=WorkSource{10010}
07-05 21:02:32.472 D/vsyncbridge( 1204): Overlay[0] wait_disp_show W 2, R 1, Cur 255, wait time = 39ms
07-05 21:02:32.480 D/DtvSourcePlugin-DVBC( 2628): Setting the EPG Updater state to: WAIT
07-05 21:02:32.514 D/MSTAR_VDEC_DBG( 1206): Stream ID: 0, Rate : 4 (E:0,D:0,S:0,F:22) 
07-05 21:02:32.569 I/MiSysSrv( 1214): [37m[INFO] Change to Voltage: 112 mv (0x2D)[m
07-05 21:02:32.638 D/QrRecognization( 2232): handleMessage msg=4
07-05 21:02:32.638 D/QrRecognization( 2232): handleMessage msg=1
07-05 21:02:32.638 D/QrRecognization( 2232): start update screenshot
07-05 21:02:32.638 D/QrRecognization( 2232): QR detection is not enabled in tile com.hisense.hicloud.edca
07-05 21:02:32.638 D/QrRecognization( 2232): error in getBitmap from screen
07-05 21:02:32.669 I/MiSysSrv( 1214): [37m[INFO] Change to Voltage: 102 mv (0x23)[m
07-05 21:02:32.683 D/NetworkMonitor/NetworkAgentInfo [Ethernet () - 100]( 1733): Probably not a portal: exception java.net.ConnectException: failed to connect to connectivitycheck.android.com/2404:6800:4008:802::200e (port 80) after 10000ms: connect failed: ENETUNREACH (Network is unreachable)
07-05 21:02:32.684 D/Carousel-SimpleVideoView(15633): what=3, extra=0
07-05 21:02:32.685 D/Carousel-log_video-(15633): onFirstFrame!
07-05 21:02:32.698 D/ConnectivityService( 1733): setProvNotificationVisibleIntent: E visible=false networkType=0 extraInfo=null
07-05 21:02:32.702 D/Carousel-log_video-(15633): handleFirstFramePlayLog isReplayState:false,mLogPlayState:1
07-05 21:02:32.702 D/Carousel-log_video-(15633): ==first frame log,duration:2825
07-05 21:02:32.713 D/Carousel-log_(15633): ===(Main-Video-278003)-{srccolumnid=3, eventType=278, srcgroupid=10001, appversionname=2.0.0.6, srctabid=0, duration=2825, license=hisense, eventcode=278003, deviceid=86100300900000500000060a4818fca8, mediaid=351, eventPos=003, sessionid=e6f7ad9125fb489daaf4cca71850b2ff, srcpackagename=com.hisense.hicloud.edca, subscriberid=13287129, playactionuuid=b7b72097-f4cc-4197-84d7-cc846b2a0c8b, version=2.1, devicemsg=LED50MU8600UC0000888, isall=0, customerid=7195320, srcrowid=0, srceventcode=280000}
07-05 21:02:32.736 I/NetflixMonitorService( 1733): current fgapk : com.hisense.hicloud.edca
07-05 21:02:32.736 I/NetflixMonitorService( 1733): Netflix status unchanged
07-05 21:02:32.756 I/MyFragmentStateAdapter(15633): getCount
07-05 21:02:32.771 I/MiSysSrv( 1214): [37m[INFO] Change to Voltage: 117 mv (0x32)[m
07-05 21:02:32.774 W/System.err(15633): java.net.ConnectException: failed to connect to /10.18.210.112 (port 8900) after 6000ms: isConnected failed: ECONNREFUSED (Connection refused)
07-05 21:02:32.779 W/System.err(15633): 	at libcore.io.IoBridge.isConnected(IoBridge.java:238)
07-05 21:02:32.779 W/System.err(15633): 	at libcore.io.IoBridge.connectErrno(IoBridge.java:171)
07-05 21:02:32.779 W/System.err(15633): 	at libcore.io.IoBridge.connect(IoBridge.java:122)
07-05 21:02:32.779 W/System.err(15633): 	at java.net.PlainSocketImpl.connect(PlainSocketImpl.java:183)
07-05 21:02:32.779 W/System.err(15633): 	at java.net.PlainSocketImpl.connect(PlainSocketImpl.java:456)
07-05 21:02:32.779 W/System.err(15633): 	at java.net.Socket.connect(Socket.java:882)
07-05 21:02:32.779 W/System.err(15633): 	at com.android.okhttp.internal.Platform.connectSocket(Platform.java:174)
07-05 21:02:32.779 W/System.err(15633): 	at com.android.okhttp.Connection.connect(Connection.java:152)
07-05 21:02:32.779 W/System.err(15633): 	at com.android.okhttp.internal.http.HttpEngine.connect(HttpEngine.java:276)
07-05 21:02:32.780 W/System.err(15633): 	at com.android.okhttp.internal.http.HttpEngine.sendRequest(HttpEngine.java:211)
07-05 21:02:32.780 W/System.err(15633): 	at com.android.okhttp.internal.http.HttpURLConnectionImpl.execute(HttpURLConnectionImpl.java:382)
07-05 21:02:32.780 W/System.err(15633): 	at com.android.okhttp.internal.http.HttpURLConnectionImpl.connect(HttpURLConnectionImpl.java:106)
07-05 21:02:32.780 W/System.err(15633): 	at com.hisense.hitv.hicloud.util.ExceptionReport.a(ExceptionReport.java:337)
07-05 21:02:32.780 W/System.err(15633): 	at com.hisense.hitv.hicloud.util.ExceptionReport.a(ExceptionReport.java:39)
07-05 21:02:32.780 W/System.err(15633): 	at com.hisense.hitv.hicloud.util.ExceptionReport$1.run(ExceptionReport.java:83)
07-05 21:02:32.780 W/System.err(15633): 	at java.lang.Thread.run(Thread.java:818)
07-05 21:02:32.786 W/System.err(15633): Caused by: android.system.ErrnoException: isConnected failed: ECONNREFUSED (Connection refused)
07-05 21:02:32.786 W/System.err(15633): 	at libcore.io.IoBridge.isConnected(IoBridge.java:223)
07-05 21:02:32.786 W/System.err(15633): 	... 15 more
07-05 21:02:32.817 I/MyFragmentStateAdapter(15633): getCount
07-05 21:02:32.831 I/TVMW@HsTvSetting( 1234): Trace cmd, data = 0x1058
07-05 21:02:32.831 D/til@system( 2026): til_get_system_param option:100002F int:0, bool:0, ret:0
07-05 21:02:32.831 I/TVMW@HsTvSetting( 1234): Trace cmd, data = 0x101f
07-05 21:02:32.832 D/til@system( 2026): til_get_system_param option:100001D int:3, bool:3, ret:0
07-05 21:02:32.832 E/til     ( 2026): [til_get_current_input_source, 101] 
07-05 21:02:32.832 I/TVMW@HsTvSetting( 1234): Trace cmd, data = 0x7007
07-05 21:02:32.832 I/tilwrapper@sm( 2026): HS2TIL_SourceType *hs=0xd, *til=0x900
07-05 21:02:32.832 D/til     ( 2026): get current source 2304
07-05 21:02:32.832 D/SourceRemoteServiceHandler( 2026): getCurrentInputSource.from.til.result is 0, value is 2304
07-05 21:02:32.832 D/SourceRemoteServiceHandler( 2026): getInputSourceType source: 0x900, type=2304
07-05 21:02:32.832 D/til     ( 2026): ###### func:til_get_picture_param option:0x3000006 ######  
07-05 21:02:32.832 I/TVMW@HsTvSetting( 1234): Trace cmd, data = 0x1003
07-05 21:02:32.833 I/TVMW@HsTvSetting( 1234): Trace cmd, data = 0x8032
07-05 21:02:32.833 I/hstvos  ( 1216): [0m[1;33m[HSHAL][HS_VIDEO][HS_HAL_Video_SetOsdDetect_v2][2389]u16Threshold = 20
07-05 21:02:32.833 E/TVMW@videoctrl( 1234):  getOsd is 1
07-05 21:02:32.834 D/til@system( 2026): til_get_system_param option:1000027 int:1, bool:1, ret:0
07-05 21:02:32.834 D/til     ( 2026): ###### func:til_get_picture_param option:0x3000045 ######  
07-05 21:02:32.834 I/TVMW@HsTvSetting( 1234): Trace cmd, data = 0x300c
07-05 21:02:32.834 I/TVMW@HsTvSetting( 1234): Trace 3d, data = 0x300c
07-05 21:02:32.834 I/TVMW@3d ( 1234): Hs_debug3d_trace: func:get3dStatus, line:109
07-05 21:02:32.859 D/PowerManagerService( 1733): releaseWakeLockInternal: lock=131337807 [AudioMix], flags=0x0
07-05 21:02:32.859 D/PowerManagerNotifier( 1733): onWakeLockReleased: flags=1, tag="AudioMix", packageName=media, ownerUid=1013, ownerPid=0, workSource=null
07-05 21:02:32.908 I/MyFragmentStateAdapter(15633): getCount
07-05 21:02:32.948 I/MyFragmentStateAdapter(15633): getCount
07-05 21:02:32.994 I/MyFragmentStateAdapter(15633): getCount
07-05 21:02:33.037 I/MyFragmentStateAdapter(15633): getCount
07-05 21:02:33.117 I/MyFragmentStateAdapter(15633): getCount
07-05 21:02:33.175 I/MyFragmentStateAdapter(15633): getCount
07-05 21:02:33.213 I/TVMW@devctrl( 1234): wdt
07-05 21:02:33.233 I/MyFragmentStateAdapter(15633): getCount
07-05 21:02:33.335 I/TVMW@HsTvSetting( 1234): Trace cmd, data = 0x1058
07-05 21:02:33.336 D/til@system( 2026): til_get_system_param option:100002F int:0, bool:0, ret:0
07-05 21:02:33.336 I/TVMW@HsTvSetting( 1234): Trace cmd, data = 0x101f
07-05 21:02:33.337 D/til@system( 2026): til_get_system_param option:100001D int:3, bool:3, ret:0
07-05 21:02:33.337 E/til     ( 2026): [til_get_current_input_source, 101] 
07-05 21:02:33.337 I/TVMW@HsTvSetting( 1234): Trace cmd, data = 0x7007
07-05 21:02:33.337 I/tilwrapper@sm( 2026): HS2TIL_SourceType *hs=0xd, *til=0x900
07-05 21:02:33.337 D/til     ( 2026): get current source 2304
07-05 21:02:33.337 D/SourceRemoteServiceHandler( 2026): getCurrentInputSource.from.til.result is 0, value is 2304
07-05 21:02:33.337 D/SourceRemoteServiceHandler( 2026): getInputSourceType source: 0x900, type=2304
07-05 21:02:33.337 D/til     ( 2026): ###### func:til_get_picture_param option:0x3000006 ######  
07-05 21:02:33.338 I/TVMW@HsTvSetting( 1234): Trace cmd, data = 0x1003
07-05 21:02:33.338 I/TVMW@HsTvSetting( 1234): Trace cmd, data = 0x8032
07-05 21:02:33.338 I/hstvos  ( 1216): [0m[1;33m[HSHAL][HS_VIDEO][HS_HAL_Video_SetOsdDetect_v2][2389]u16Threshold = 20
07-05 21:02:33.339 E/TVMW@videoctrl( 1234):  getOsd is 1
07-05 21:02:33.339 D/til@system( 2026): til_get_system_param option:1000027 int:1, bool:1, ret:0
07-05 21:02:33.339 D/til     ( 2026): ###### func:til_get_picture_param option:0x3000045 ######  
07-05 21:02:33.340 I/TVMW@HsTvSetting( 1234): Trace cmd, data = 0x300c
07-05 21:02:33.340 I/TVMW@HsTvSetting( 1234): Trace 3d, data = 0x300c
07-05 21:02:33.340 I/TVMW@3d ( 1234): Hs_debug3d_trace: func:get3dStatus, line:109
07-05 21:02:33.376 I/MyFragmentStateAdapter(15633): getCount
07-05 21:02:33.469 I/MiSysSrv( 1214): [37m[INFO] Change to Voltage: 112 mv (0x2D)[m
07-05 21:02:33.478 I/MyFragmentStateAdapter(15633): getCount
07-05 21:02:33.517 D/MSTAR_VDEC_DBG( 1206): Stream ID: 0, Rate : 23 (E:0,D:0,S:0,F:46) 
07-05 21:02:33.531 I/art     (15633): Background sticky concurrent mark sweep GC freed 37640(1538KB) AllocSpace objects, 3(48KB) LOS objects, 5% free, 34MB/36MB, paused 7.527ms total 119.623ms
07-05 21:02:33.533 D/NativeDecimalFormat(15633): NativeDecimalFormat_close print addr=3997612032
07-05 21:02:33.533 D/NativeDecimalFormat(15633): NativeDecimalFormat_close print g_addr=3997612032
07-05 21:02:33.551 I/MyFragmentStateAdapter(15633): getCount
07-05 21:02:33.569 I/MiSysSrv( 1214): [37m[INFO] Change to Voltage: 112 mv (0x2D)[m
07-05 21:02:33.604 I/MyFragmentStateAdapter(15633): getCount
07-05 21:02:33.639 I/MyFragmentStateAdapter(15633): getCount
07-05 21:02:33.670 I/MiSysSrv( 1214): [37m[INFO] Change to Voltage: 107 mv (0x28)[m
07-05 21:02:33.697 I/MyFragmentStateAdapter(15633): getCount
07-05 21:02:33.699 D/MC_MEMORY(17185): max: 256.261888 Mb, heap: 10.10783 Mb, allocated: 10.10259 Mb, free: 0.523 Mb, native heap: 12.12276 Mb, native allocated: 8.8405 Mb, native free: 3.3871 Mb
07-05 21:02:33.736 I/MyFragmentStateAdapter(15633): getCount
07-05 21:02:33.737 I/NetflixMonitorService( 1733): current fgapk : com.hisense.hicloud.edca
07-05 21:02:33.737 I/NetflixMonitorService( 1733): Netflix status unchanged
07-05 21:02:33.771 I/MiSysSrv( 1214): [37m[INFO] Change to Voltage: 107 mv (0x28)[m
07-05 21:02:33.779 I/MyFragmentStateAdapter(15633): getCount
07-05 21:02:33.816 I/MyFragmentStateAdapter(15633): getCount
07-05 21:02:33.842 I/TVMW@HsTvSetting( 1234): Trace cmd, data = 0x1058
07-05 21:02:33.845 D/til@system( 2026): til_get_system_param option:100002F int:0, bool:0, ret:0
07-05 21:02:33.846 I/TVMW@HsTvSetting( 1234): Trace cmd, data = 0x101f
07-05 21:02:33.846 D/til@system( 2026): til_get_system_param option:100001D int:3, bool:3, ret:0
07-05 21:02:33.846 E/til     ( 2026): [til_get_current_input_source, 101] 
07-05 21:02:33.847 I/TVMW@HsTvSetting( 1234): Trace cmd, data = 0x7007
07-05 21:02:33.847 I/tilwrapper@sm( 2026): HS2TIL_SourceType *hs=0xd, *til=0x900
07-05 21:02:33.847 D/til     ( 2026): get current source 2304
07-05 21:02:33.847 D/SourceRemoteServiceHandler( 2026): getCurrentInputSource.from.til.result is 0, value is 2304
07-05 21:02:33.847 D/SourceRemoteServiceHandler( 2026): getInputSourceType source: 0x900, type=2304
07-05 21:02:33.848 D/til     ( 2026): ###### func:til_get_picture_param option:0x3000006 ######  
07-05 21:02:33.848 I/TVMW@HsTvSetting( 1234): Trace cmd, data = 0x1003
07-05 21:02:33.856 I/MyFragmentStateAdapter(15633): getCount
07-05 21:02:33.858 I/TVMW@HsTvSetting( 1234): Trace cmd, data = 0x8032
07-05 21:02:33.860 I/hstvos  ( 1216): [0m[1;33m[HSHAL][HS_VIDEO][HS_HAL_Video_SetOsdDetect_v2][2389]u16Threshold = 20
07-05 21:02:33.870 E/TVMW@videoctrl( 1234):  getOsd is 1
07-05 21:02:33.870 D/til@system( 2026): til_get_system_param option:1000027 int:1, bool:1, ret:0
07-05 21:02:33.870 D/til     ( 2026): ###### func:til_get_picture_param option:0x3000045 ######  
07-05 21:02:33.871 I/TVMW@HsTvSetting( 1234): Trace cmd, data = 0x300c
07-05 21:02:33.871 I/TVMW@HsTvSetting( 1234): Trace 3d, data = 0x300c
07-05 21:02:33.871 I/TVMW@3d ( 1234): Hs_debug3d_trace: func:get3dStatus, line:109
07-05 21:02:33.901 I/MyFragmentStateAdapter(15633): getCount
07-05 21:02:33.930 I/MyFragmentStateAdapter(15633): getCount
07-05 21:02:33.970 I/MiSysSrv( 1214): [37m[INFO] Change to Voltage: 102 mv (0x23)[m
07-05 21:02:33.991 I/art     (15599): Background sticky concurrent mark sweep GC freed 16383(870KB) AllocSpace objects, 0(0B) LOS objects, 53% free, 780KB/1673KB, paused 8.020ms total 29.894ms
07-05 21:02:33.993 I/MyFragmentStateAdapter(15633): getCount
07-05 21:02:34.070 I/MiSysSrv( 1214): [37m[INFO] Change to Voltage: 102 mv (0x23)[m
07-05 21:02:34.113 I/TVMW@devctrl( 1234): wdt
07-05 21:02:34.114 I/MyFragmentStateAdapter(15633): getCount
07-05 21:02:34.144 E/btif_config( 2964): [btif_config_get] node is TRUE!
07-05 21:02:34.144 E/btif_config( 2964): [btif_config_get] ret is TRUE!
07-05 21:02:34.167 I/MyFragmentStateAdapter(15633): getCount
07-05 21:02:34.205 I/MyFragmentStateAdapter(15633): getCount
07-05 21:02:34.257 I/MyFragmentStateAdapter(15633): getCount
07-05 21:02:34.299 I/MyFragmentStateAdapter(15633): getCount
07-05 21:02:34.326 E/btif_config( 2964): [btif_config_get] node is TRUE!
07-05 21:02:34.326 E/btif_config( 2964): [btif_config_get] ret is TRUE!
07-05 21:02:34.351 I/MyFragmentStateAdapter(15633): getCount
07-05 21:02:34.372 I/TVMW@HsTvSetting( 1234): Trace cmd, data = 0x1058
07-05 21:02:34.373 D/til@system( 2026): til_get_system_param option:100002F int:0, bool:0, ret:0
07-05 21:02:34.373 I/TVMW@HsTvSetting( 1234): Trace cmd, data = 0x101f
07-05 21:02:34.373 D/til@system( 2026): til_get_system_param option:100001D int:3, bool:3, ret:0
07-05 21:02:34.373 E/til     ( 2026): [til_get_current_input_source, 101] 
07-05 21:02:34.376 I/TVMW@HsTvSetting( 1234): Trace cmd, data = 0x7007
07-05 21:02:34.376 I/tilwrapper@sm( 2026): HS2TIL_SourceType *hs=0xd, *til=0x900
07-05 21:02:34.376 D/til     ( 2026): get current source 2304
07-05 21:02:34.376 D/SourceRemoteServiceHandler( 2026): getCurrentInputSource.from.til.result is 0, value is 2304
07-05 21:02:34.376 D/SourceRemoteServiceHandler( 2026): getInputSourceType source: 0x900, type=2304
07-05 21:02:34.376 D/til     ( 2026): ###### func:til_get_picture_param option:0x3000006 ######  
07-05 21:02:34.380 I/TVMW@HsTvSetting( 1234): Trace cmd, data = 0x1003
07-05 21:02:34.382 I/TVMW@HsTvSetting( 1234): Trace cmd, data = 0x8032
07-05 21:02:34.383 E/TVMW@videoctrl( 1234):  getOsd is 1
07-05 21:02:34.383 D/til@system( 2026): til_get_system_param option:1000027 int:1, bool:1, ret:0
07-05 21:02:34.383 I/hstvos  ( 1216): [0m[1;33m[HSHAL][HS_VIDEO][HS_HAL_Video_SetOsdDetect_v2][2389]u16Threshold = 20
07-05 21:02:34.383 D/til     ( 2026): ###### func:til_get_picture_param option:0x3000045 ######  
07-05 21:02:34.383 I/TVMW@HsTvSetting( 1234): Trace cmd, data = 0x300c
07-05 21:02:34.383 I/TVMW@HsTvSetting( 1234): Trace 3d, data = 0x300c
07-05 21:02:34.383 I/TVMW@3d ( 1234): Hs_debug3d_trace: func:get3dStatus, line:109
07-05 21:02:34.463 I/MyFragmentStateAdapter(15633): getCount
07-05 21:02:34.526 I/MyFragmentStateAdapter(15633): getCount
07-05 21:02:34.555 D/MSTAR_VDEC_DBG( 1206): Stream ID: 0, Rate : 24 (E:0,D:0,S:0,F:71) 
07-05 21:02:34.635 I/MyFragmentStateAdapter(15633): getCount
07-05 21:02:34.681 I/MyFragmentStateAdapter(15633): getCount
07-05 21:02:34.682 D/IntertrustDRMManager(15633): [TID 15816] wasabi runtime initialized success.
07-05 21:02:34.719 I/MyFragmentStateAdapter(15633): getCount
07-05 21:02:34.737 I/NetflixMonitorService( 1733): current fgapk : com.hisense.hicloud.edca
07-05 21:02:34.737 I/NetflixMonitorService( 1733): Netflix status unchanged
07-05 21:02:34.740 I/HLSP2P  ( 3912): ## 2017-07-05 21:02:34.738 [3912,4030,:0] INFO ## [HLSP2P][DownloadManager.cpp:35][INFO][TryExtendCacheSize]system memory total size : 1912M, free size : 323M, cache add to 30MB
07-05 21:02:34.763 I/MyFragmentStateAdapter(15633): getCount
07-05 21:02:34.811 I/MyFragmentStateAdapter(15633): getCount
07-05 21:02:34.838 I/MyFragmentStateAdapter(15633): getCount
07-05 21:02:34.872 I/MyFragmentStateAdapter(15633): getCount
07-05 21:02:34.885 I/TVMW@HsTvSetting( 1234): Trace cmd, data = 0x1058
07-05 21:02:34.885 D/til@system( 2026): til_get_system_param option:100002F int:0, bool:0, ret:0
07-05 21:02:34.886 I/TVMW@HsTvSetting( 1234): Trace cmd, data = 0x101f
07-05 21:02:34.886 D/til@system( 2026): til_get_system_param option:100001D int:3, bool:3, ret:0
07-05 21:02:34.886 E/til     ( 2026): [til_get_current_input_source, 101] 
07-05 21:02:34.887 I/TVMW@HsTvSetting( 1234): Trace cmd, data = 0x7007
07-05 21:02:34.887 I/tilwrapper@sm( 2026): HS2TIL_SourceType *hs=0xd, *til=0x900
07-05 21:02:34.887 D/til     ( 2026): get current source 2304
07-05 21:02:34.887 D/SourceRemoteServiceHandler( 2026): getCurrentInputSource.from.til.result is 0, value is 2304
07-05 21:02:34.887 D/SourceRemoteServiceHandler( 2026): getInputSourceType source: 0x900, type=2304
07-05 21:02:34.887 D/til     ( 2026): ###### func:til_get_picture_param option:0x3000006 ######  
07-05 21:02:34.887 I/TVMW@HsTvSetting( 1234): Trace cmd, data = 0x1003
07-05 21:02:34.888 I/TVMW@HsTvSetting( 1234): Trace cmd, data = 0x8032
07-05 21:02:34.888 I/hstvos  ( 1216): [0m[1;33m[HSHAL][HS_VIDEO][HS_HAL_Video_SetOsdDetect_v2][2389]u16Threshold = 20
07-05 21:02:34.899 E/TVMW@videoctrl( 1234):  getOsd is 1
07-05 21:02:34.899 D/til@system( 2026): til_get_system_param option:1000027 int:1, bool:1, ret:0
07-05 21:02:34.899 D/til     ( 2026): ###### func:til_get_picture_param option:0x3000045 ######  
07-05 21:02:34.900 I/TVMW@HsTvSetting( 1234): Trace cmd, data = 0x300c
07-05 21:02:34.900 I/TVMW@HsTvSetting( 1234): Trace 3d, data = 0x300c
07-05 21:02:34.900 I/TVMW@3d ( 1234): Hs_debug3d_trace: func:get3dStatus, line:109
07-05 21:02:34.907 I/MyFragmentStateAdapter(15633): getCount
07-05 21:02:34.938 I/MyFragmentStateAdapter(15633): getCount
07-05 21:02:34.965 I/MyFragmentStateAdapter(15633): getCount
07-05 21:02:35.000 I/MyFragmentStateAdapter(15633): getCount
07-05 21:02:35.014 I/TVMW@devctrl( 1234): wdt
07-05 21:02:35.036 I/MyFragmentStateAdapter(15633): getCount
07-05 21:02:35.066 I/MyFragmentStateAdapter(15633): getCount
07-05 21:02:35.095 I/MyFragmentStateAdapter(15633): getCount
07-05 21:02:35.126 I/MyFragmentStateAdapter(15633): getCount
07-05 21:02:35.157 I/MyFragmentStateAdapter(15633): getCount
07-05 21:02:35.192 I/MyFragmentStateAdapter(15633): getCount
07-05 21:02:35.221 I/MyFragmentStateAdapter(15633): getCount
07-05 21:02:35.253 I/MyFragmentStateAdapter(15633): getCount
07-05 21:02:35.285 I/MyFragmentStateAdapter(15633): getCount
07-05 21:02:35.315 I/MyFragmentStateAdapter(15633): getCount
07-05 21:02:35.340 I/MyFragmentStateAdapter(15633): getCount
07-05 21:02:35.370 I/MyFragmentStateAdapter(15633): getCount
07-05 21:02:35.398 I/MyFragmentStateAdapter(15633): getCount
07-05 21:02:35.400 I/TVMW@HsTvSetting( 1234): Trace cmd, data = 0x1058
07-05 21:02:35.400 D/til@system( 2026): til_get_system_param option:100002F int:0, bool:0, ret:0
07-05 21:02:35.401 I/TVMW@HsTvSetting( 1234): Trace cmd, data = 0x101f
07-05 21:02:35.401 D/til@system( 2026): til_get_system_param option:100001D int:3, bool:3, ret:0
07-05 21:02:35.401 E/til     ( 2026): [til_get_current_input_source, 101] 
07-05 21:02:35.401 I/TVMW@HsTvSetting( 1234): Trace cmd, data = 0x7007
07-05 21:02:35.402 I/tilwrapper@sm( 2026): HS2TIL_SourceType *hs=0xd, *til=0x900
07-05 21:02:35.402 D/til     ( 2026): get current source 2304
07-05 21:02:35.402 D/SourceRemoteServiceHandler( 2026): getCurrentInputSource.from.til.result is 0, value is 2304
07-05 21:02:35.402 D/SourceRemoteServiceHandler( 2026): getInputSourceType source: 0x900, type=2304
07-05 21:02:35.402 D/til     ( 2026): ###### func:til_get_picture_param option:0x3000006 ######  
07-05 21:02:35.403 I/TVMW@HsTvSetting( 1234): Trace cmd, data = 0x1003
07-05 21:02:35.403 I/TVMW@HsTvSetting( 1234): Trace cmd, data = 0x8032
07-05 21:02:35.403 I/hstvos  ( 1216): [0m[1;33m[HSHAL][HS_VIDEO][HS_HAL_Video_SetOsdDetect_v2][2389]u16Threshold = 20
07-05 21:02:35.404 E/TVMW@videoctrl( 1234):  getOsd is 1
07-05 21:02:35.404 D/til@system( 2026): til_get_system_param option:1000027 int:1, bool:1, ret:0
07-05 21:02:35.404 D/til     ( 2026): ###### func:til_get_picture_param option:0x3000045 ######  
07-05 21:02:35.404 I/TVMW@HsTvSetting( 1234): Trace cmd, data = 0x300c
07-05 21:02:35.404 I/TVMW@HsTvSetting( 1234): Trace 3d, data = 0x300c
07-05 21:02:35.405 I/TVMW@3d ( 1234): Hs_debug3d_trace: func:get3dStatus, line:109
07-05 21:02:35.425 I/MyFragmentStateAdapter(15633): getCount
07-05 21:02:35.452 I/MyFragmentStateAdapter(15633): getCount
07-05 21:02:35.484 D/DtvSourcePlugin-DVBC( 2628): Setting the EPG Updater state to: WAIT
07-05 21:02:35.486 I/MyFragmentStateAdapter(15633): getCount
07-05 21:02:35.513 I/MyFragmentStateAdapter(15633): getCount
07-05 21:02:35.550 I/MyFragmentStateAdapter(15633): getCount
07-05 21:02:35.555 D/MSTAR_VDEC_DBG( 1206): Stream ID: 0, Rate : 24 (E:0,D:0,S:0,F:95) 
07-05 21:02:35.579 I/MyFragmentStateAdapter(15633): getCount
07-05 21:02:35.649 I/MyFragmentStateAdapter(15633): getCount
07-05 21:02:35.675 I/MyFragmentStateAdapter(15633): getCount
07-05 21:02:35.694 D/CommonHeader(15633): app logo :refreshTimer: isRotatetrue
07-05 21:02:35.716 D/MyLocalStartService( 3890): currentName is :com.hisense.hicloud.edca
07-05 21:02:35.738 I/NetflixMonitorService( 1733): current fgapk : com.hisense.hicloud.edca
07-05 21:02:35.738 I/NetflixMonitorService( 1733): Netflix status unchanged
07-05 21:02:35.739 I/MyFragmentStateAdapter(15633): getCount
07-05 21:02:35.798 I/MyFragmentStateAdapter(15633): getCount
07-05 21:02:35.872 I/MyFragmentStateAdapter(15633): getCount
07-05 21:02:35.906 I/TVMW@HsTvSetting( 1234): Trace cmd, data = 0x1058
07-05 21:02:35.906 D/til@system( 2026): til_get_system_param option:100002F int:0, bool:0, ret:0
07-05 21:02:35.907 I/TVMW@HsTvSetting( 1234): Trace cmd, data = 0x101f
07-05 21:02:35.908 D/til@system( 2026): til_get_system_param option:100001D int:3, bool:3, ret:0
07-05 21:02:35.909 E/til     ( 2026): [til_get_current_input_source, 101] 
07-05 21:02:35.909 I/TVMW@HsTvSetting( 1234): Trace cmd, data = 0x7007
07-05 21:02:35.912 I/tilwrapper@sm( 2026): HS2TIL_SourceType *hs=0xd, *til=0x900
07-05 21:02:35.912 D/til     ( 2026): get current source 2304
07-05 21:02:35.912 D/SourceRemoteServiceHandler( 2026): getCurrentInputSource.from.til.result is 0, value is 2304
07-05 21:02:35.912 D/SourceRemoteServiceHandler( 2026): getInputSourceType source: 0x900, type=2304
07-05 21:02:35.912 D/til     ( 2026): ###### func:til_get_picture_param option:0x3000006 ######  
07-05 21:02:35.912 I/TVMW@HsTvSetting( 1234): Trace cmd, data = 0x1003
07-05 21:02:35.913 I/TVMW@HsTvSetting( 1234): Trace cmd, data = 0x8032
07-05 21:02:35.914 I/hstvos  ( 1216): [0m[1;33m[HSHAL][HS_VIDEO][HS_HAL_Video_SetOsdDetect_v2][2389]u16Threshold = 20
07-05 21:02:35.915 I/TVMW@devctrl( 1234): wdt
07-05 21:02:35.919 E/TVMW@videoctrl( 1234):  getOsd is 1
07-05 21:02:35.921 D/til@system( 2026): til_get_system_param option:1000027 int:1, bool:1, ret:0
07-05 21:02:35.921 D/til     ( 2026): ###### func:til_get_picture_param option:0x3000045 ######  
07-05 21:02:35.922 I/TVMW@HsTvSetting( 1234): Trace cmd, data = 0x300c
07-05 21:02:35.922 I/TVMW@HsTvSetting( 1234): Trace 3d, data = 0x300c
07-05 21:02:35.922 I/TVMW@3d ( 1234): Hs_debug3d_trace: func:get3dStatus, line:109
07-05 21:02:35.933 I/MyFragmentStateAdapter(15633): getCount
07-05 21:02:36.000 I/MyFragmentStateAdapter(15633): getCount
07-05 21:02:36.088 I/MyFragmentStateAdapter(15633): getCount
07-05 21:02:36.156 I/MyFragmentStateAdapter(15633): getCount
07-05 21:02:36.218 I/MyFragmentStateAdapter(15633): getCount
07-05 21:02:36.286 I/MyFragmentStateAdapter(15633): getCount
07-05 21:02:36.348 I/MyFragmentStateAdapter(15633): getCount
07-05 21:02:36.423 I/TVMW@HsTvSetting( 1234): Trace cmd, data = 0x1058
07-05 21:02:36.424 D/til@system( 2026): til_get_system_param option:100002F int:0, bool:0, ret:0
07-05 21:02:36.425 I/TVMW@HsTvSetting( 1234): Trace cmd, data = 0x101f
07-05 21:02:36.425 D/til@system( 2026): til_get_system_param option:100001D int:3, bool:3, ret:0
07-05 21:02:36.426 E/til     ( 2026): [til_get_current_input_source, 101] 
07-05 21:02:36.426 I/TVMW@HsTvSetting( 1234): Trace cmd, data = 0x7007
07-05 21:02:36.426 I/tilwrapper@sm( 2026): HS2TIL_SourceType *hs=0xd, *til=0x900
07-05 21:02:36.426 D/til     ( 2026): get current source 2304
07-05 21:02:36.426 D/SourceRemoteServiceHandler( 2026): getCurrentInputSource.from.til.result is 0, value is 2304
07-05 21:02:36.426 D/SourceRemoteServiceHandler( 2026): getInputSourceType source: 0x900, type=2304
07-05 21:02:36.426 D/til     ( 2026): ###### func:til_get_picture_param option:0x3000006 ######  
07-05 21:02:36.427 I/TVMW@HsTvSetting( 1234): Trace cmd, data = 0x1003
07-05 21:02:36.427 I/TVMW@HsTvSetting( 1234): Trace cmd, data = 0x8032
07-05 21:02:36.428 I/hstvos  ( 1216): [0m[1;33m[HSHAL][HS_VIDEO][HS_HAL_Video_SetOsdDetect_v2][2389]u16Threshold = 20
07-05 21:02:36.432 E/TVMW@videoctrl( 1234):  getOsd is 1
07-05 21:02:36.438 D/til@system( 2026): til_get_system_param option:1000027 int:1, bool:1, ret:0
07-05 21:02:36.439 D/til     ( 2026): ###### func:til_get_picture_param option:0x3000045 ######  
07-05 21:02:36.439 I/TVMW@HsTvSetting( 1234): Trace cmd, data = 0x300c
07-05 21:02:36.439 I/TVMW@HsTvSetting( 1234): Trace 3d, data = 0x300c
07-05 21:02:36.439 I/TVMW@3d ( 1234): Hs_debug3d_trace: func:get3dStatus, line:109
07-05 21:02:36.449 I/MyFragmentStateAdapter(15633): getCount
07-05 21:02:36.503 I/MyFragmentStateAdapter(15633): getCount
07-05 21:02:36.575 I/MyFragmentStateAdapter(15633): getCount
07-05 21:02:36.601 D/MSTAR_VDEC_DBG( 1206): Stream ID: 0, Rate : 23 (E:0,D:0,S:0,F:120) 
07-05 21:02:36.633 I/MyFragmentStateAdapter(15633): getCount
07-05 21:02:36.702 I/MyFragmentStateAdapter(15633): getCount
07-05 21:02:36.738 I/NetflixMonitorService( 1733): current fgapk : com.hisense.hicloud.edca
07-05 21:02:36.738 I/NetflixMonitorService( 1733): Netflix status unchanged
07-05 21:02:36.765 I/MyFragmentStateAdapter(15633): getCount
07-05 21:02:36.776 E/btif_config( 2964): [btif_config_get] node is TRUE!
07-05 21:02:36.776 E/btif_config( 2964): [btif_config_get] ret is TRUE!
07-05 21:02:36.794 I/HLSP2P  ( 2548): ## 2017-07-05 21:02:36.793 [2548,2817,:0] INFO ## [HLSP2P][TaskManager.cpp:838][INFO][UpdateGlobalInfo]totalDataSize: 0, totalMemorySize: 0, totalCacheSize: 0, PlayTaskAllFinish: 0
07-05 21:02:36.797 I/HLSP2P  ( 2548): ## 2017-07-05 21:02:36.796 [2548,2817,:0] INFO ## [HLSP2P][TaskManager.cpp:1348][INFO][TryAdjustMemorySize]system memory total size: 1912M, free size: 315MB, cache add to 100MB, AppState: 14, IsLowMemory: 0
07-05 21:02:36.818 I/TVMW@devctrl( 1234): wdt
07-05 21:02:36.839 I/MyFragmentStateAdapter(15633): getCount
07-05 21:02:36.916 I/MyFragmentStateAdapter(15633): getCount
07-05 21:02:36.941 I/TVMW@HsTvSetting( 1234): Trace cmd, data = 0x1058
07-05 21:02:36.941 D/til@system( 2026): til_get_system_param option:100002F int:0, bool:0, ret:0
07-05 21:02:36.942 I/TVMW@HsTvSetting( 1234): Trace cmd, data = 0x101f
07-05 21:02:36.942 D/til@system( 2026): til_get_system_param option:100001D int:3, bool:3, ret:0
07-05 21:02:36.942 E/til     ( 2026): [til_get_current_input_source, 101] 
07-05 21:02:36.943 I/TVMW@HsTvSetting( 1234): Trace cmd, data = 0x7007
07-05 21:02:36.943 I/tilwrapper@sm( 2026): HS2TIL_SourceType *hs=0xd, *til=0x900
07-05 21:02:36.943 D/til     ( 2026): get current source 2304
07-05 21:02:36.943 D/SourceRemoteServiceHandler( 2026): getCurrentInputSource.from.til.result is 0, value is 2304
07-05 21:02:36.943 D/SourceRemoteServiceHandler( 2026): getInputSourceType source: 0x900, type=2304
07-05 21:02:36.944 D/til     ( 2026): ###### func:til_get_picture_param option:0x3000006 ######  
07-05 21:02:36.944 I/TVMW@HsTvSetting( 1234): Trace cmd, data = 0x1003
07-05 21:02:36.946 I/TVMW@HsTvSetting( 1234): Trace cmd, data = 0x8032
07-05 21:02:36.946 I/hstvos  ( 1216): [0m[1;33m[HSHAL][HS_VIDEO][HS_HAL_Video_SetOsdDetect_v2][2389]u16Threshold = 20
07-05 21:02:36.947 E/TVMW@videoctrl( 1234):  getOsd is 1
07-05 21:02:36.947 D/til@system( 2026): til_get_system_param option:1000027 int:1, bool:1, ret:0
07-05 21:02:36.948 D/til     ( 2026): ###### func:til_get_picture_param option:0x3000045 ######  
07-05 21:02:36.948 I/TVMW@HsTvSetting( 1234): Trace cmd, data = 0x300c
07-05 21:02:36.948 I/TVMW@HsTvSetting( 1234): Trace 3d, data = 0x300c
07-05 21:02:36.948 I/TVMW@3d ( 1234): Hs_debug3d_trace: func:get3dStatus, line:109
07-05 21:02:36.951 I/HLSP2P  ( 3457): ## 2017-07-05 21:02:36.947 [3457,3628,:0] INFO ## [HLSP2P][PunchHelper.cpp:286][INFO][SendHeartBeatMsg][PunchHelper] send heartbeat to punch server(111.161.53.222:8002) ok
07-05 21:02:36.962 I/HLSP2P  ( 3457): ## 2017-07-05 21:02:36.961 [3457,3630,:0] INFO ## [HLSP2P][PunchHelper.cpp:431][INFO][OnHeartbeatRsp][PunchHelper] punch heartbeat rsp ok
07-05 21:02:37.003 I/MyFragmentStateAdapter(15633): getCount
07-05 21:02:37.076 I/MyFragmentStateAdapter(15633): getCount
07-05 21:02:37.137 I/MyFragmentStateAdapter(15633): getCount
07-05 21:02:37.221 I/MyFragmentStateAdapter(15633): getCount
07-05 21:02:37.287 I/MyFragmentStateAdapter(15633): getCount
07-05 21:02:37.372 I/MyFragmentStateAdapter(15633): getCount
07-05 21:02:37.446 I/MyFragmentStateAdapter(15633): getCount
07-05 21:02:37.451 I/TVMW@HsTvSetting( 1234): Trace cmd, data = 0x1058
07-05 21:02:37.451 D/til@system( 2026): til_get_system_param option:100002F int:0, bool:0, ret:0
07-05 21:02:37.451 I/TVMW@HsTvSetting( 1234): Trace cmd, data = 0x101f
07-05 21:02:37.451 D/til@system( 2026): til_get_system_param option:100001D int:3, bool:3, ret:0
07-05 21:02:37.452 E/til     ( 2026): [til_get_current_input_source, 101] 
07-05 21:02:37.455 I/TVMW@HsTvSetting( 1234): Trace cmd, data = 0x7007
07-05 21:02:37.455 I/tilwrapper@sm( 2026): HS2TIL_SourceType *hs=0xd, *til=0x900
07-05 21:02:37.455 D/til     ( 2026): get current source 2304
07-05 21:02:37.455 D/SourceRemoteServiceHandler( 2026): getCurrentInputSource.from.til.result is 0, value is 2304
07-05 21:02:37.455 D/SourceRemoteServiceHandler( 2026): getInputSourceType source: 0x900, type=2304
07-05 21:02:37.456 D/til     ( 2026): ###### func:til_get_picture_param option:0x3000006 ######  
07-05 21:02:37.456 I/TVMW@HsTvSetting( 1234): Trace cmd, data = 0x1003
07-05 21:02:37.458 I/TVMW@HsTvSetting( 1234): Trace cmd, data = 0x8032
07-05 21:02:37.459 I/hstvos  ( 1216): [0m[1;33m[HSHAL][HS_VIDEO][HS_HAL_Video_SetOsdDetect_v2][2389]u16Threshold = 20
07-05 21:02:37.462 E/TVMW@videoctrl( 1234):  getOsd is 1
07-05 21:02:37.462 D/til@system( 2026): til_get_system_param option:1000027 int:1, bool:1, ret:0
07-05 21:02:37.462 D/til     ( 2026): ###### func:til_get_picture_param option:0x3000045 ######  
07-05 21:02:37.462 I/TVMW@HsTvSetting( 1234): Trace cmd, data = 0x300c
07-05 21:02:37.462 I/TVMW@HsTvSetting( 1234): Trace 3d, data = 0x300c
07-05 21:02:37.462 I/TVMW@3d ( 1234): Hs_debug3d_trace: func:get3dStatus, line:109
07-05 21:02:37.601 D/MSTAR_VDEC_DBG( 1206): Stream ID: 0, Rate : 23 (E:0,D:0,S:0,F:144) 
07-05 21:02:37.650 D/ADLog   ( 2945): RegisterADService => query all ADCodeInfo from AppADCodeInfo
07-05 21:02:37.650 D/ADLog   ( 2945): DBManager => query()
07-05 21:02:37.667 D/ADLog   ( 2945): DBManager => com.hisense.service.ad.bean.AppADCodeInfo@2cdb677f
07-05 21:02:37.667 D/ADLog   ( 2945): DBManager => com.hisense.service.ad.bean.AppADCodeInfo@3e2df34c
07-05 21:02:37.667 D/ADLog   ( 2945): DBManager => com.hisense.service.ad.bean.AppADCodeInfo@3279ef95
07-05 21:02:37.667 D/ADLog   ( 2945): DBManager => com.hisense.service.ad.bean.AppADCodeInfo@72898aa
07-05 21:02:37.668 D/ADLog   ( 2945): RegisterADService => ******before refresh(info.getAdCode())ad_sc&*****com.jamdeo.tv.tileanimation
07-05 21:02:37.668 D/ADLog   ( 2945): RegisterADService => refresh appad, ^^^^app pkg:com.jamdeo.tv.tileanimation  &&&app adcode: ad_sc
07-05 21:02:37.668 D/ADLog   ( 2945): ADServiceHandler => registerADCode(String adCode = ad_sc, String packageName = com.jamdeo.tv.tileanimation, int codeType = 1)
07-05 21:02:37.679 D/ADLog   ( 2945): ADServiceHandler => @_@  getADPeriod is 60
07-05 21:02:37.679 D/ADLog   ( 2945): DBManager => query(String adCode = ad_sc, String packageName = com.jamdeo.tv.tileanimation)
07-05 21:02:37.691 D/ADLog   ( 2945): DBManager => update(String table = AppADCodeInfo, Object obj = com.hisense.service.ad.bean.AppADCodeInfo@2848fc9b)
07-05 21:02:37.691 D/ADLog   ( 2945): DBManager => update(AppADCodeInfo info = com.hisense.service.ad.bean.AppADCodeInfo@2848fc9b)
07-05 21:02:37.691 D/ADLog   ( 2945): DBManager => update appcodeinfo---------------------
07-05 21:02:37.691 D/ADLog   ( 2945): DBManager => getValues(String tabName = AppADCodeInfo, Object object = com.hisense.service.ad.bean.AppADCodeInfo@2848fc9b)
07-05 21:02:37.718 I/TVMW@devctrl( 1234): wdt
07-05 21:02:37.722 D/ADLog   ( 2945): DBManager => result = 1
07-05 21:02:37.722 D/ADLog   ( 2945): ADDaoHandler => getADCodeInfo(String adCode = ad_sc)
07-05 21:02:37.722 D/ADLog   ( 2945): DBManager => query(String adCode = ad_sc)
07-05 21:02:37.723 D/ADLog   ( 2945): DBManager => ADCodeInfo cursor.getCount() = 1
07-05 21:02:37.725 D/ADLog   ( 2945): DBManager => queryPlayPolicy(adCode = ad_sc, packageName = com.jamdeo.tv.tileanimation)
07-05 21:02:37.726 E/ADLog   ( 2945): DBManager => query count is 0
07-05 21:02:37.727 D/ADLog   ( 2945): DBManager => ADCodeInfo [id=3, adCode=ad_sc, packageNamecom.jamdeo.tv.tileanimation, UpdateStatus=2, defaultAdID=1000000002492, defaultAdURL=http://download.hismarttv.com/epgdata/ImageAD/9000019146505.jpg, defaultAdPath=/data/data/com.hisense.service.ad/files/ad/9000019146505.jpg, defaultAdType=5, owner=hitv, lastUpdateTime=1499230897, lock=java.util.concurrent.locks.ReentrantLock@1eecf838[Unlocked], adInfos=[]]
07-05 21:02:37.727 I/ADLog   ( 2945): ADServiceHandler => to update ad_sc ad strategy.
07-05 21:02:37.727 D/ADLog   ( 2945): ADDaoHandler => update ADCodeInfo
07-05 21:02:37.727 D/ADLog   ( 2945): DBManager => update(String table = ADCodeInfo, Object obj = ADCodeInfo [id=3, adCode=ad_sc, packageNamecom.jamdeo.tv.tileanimation, UpdateStatus=1, defaultAdID=1000000002492, defaultAdURL=http://download.hismarttv.com/epgdata/ImageAD/9000019146505.jpg, defaultAdPath=/data/data/com.hisense.service.ad/files/ad/9000019146505.jpg, defaultAdType=5, owner=hitv, lastUpdateTime=1499230897, lock=java.util.concurrent.locks.ReentrantLock@1eecf838[Unlocked], adInfos=[]])
07-05 21:02:37.727 D/ADLog   ( 2945): DBManager => getValues(String tabName = ADCodeInfo, Object object = ADCodeInfo [id=3, adCode=ad_sc, packageNamecom.jamdeo.tv.tileanimation, UpdateStatus=1, defaultAdID=1000000002492, defaultAdURL=http://download.hismarttv.com/epgdata/ImageAD/9000019146505.jpg, defaultAdPath=/data/data/com.hisense.service.ad/files/ad/9000019146505.jpg, defaultAdType=5, owner=hitv, lastUpdateTime=1499230897, lock=java.util.concurrent.locks.ReentrantLock@1eecf838[Unlocked], adInfos=[]])
07-05 21:02:37.728 D/ADLog   ( 2945): CommonUtils => getStringFromList:   [{"id":"8","code":"hitvdef","url":"http:\/\/api.hismarttv.com\/adapi\/getlogopic?type=0&ac=${ADCODE}&pid=${ADPOLICY}&aid=${ADID}&did=${DEVICEID}&t=${TIME}&act=${ACTION}&dt=${DISPLAYTIMES}&tz=${TIMEZONE}&mac=${MAC}"}]
07-05 21:02:37.739 I/NetflixMonitorService( 1733): current fgapk : com.hisense.hicloud.edca
07-05 21:02:37.739 I/NetflixMonitorService( 1733): Netflix status unchanged
07-05 21:02:37.759 D/ADLog   ( 2945): DBManager => result = 1, table : ADCodeInfo
07-05 21:02:37.764 D/ADLog   ( 2945): ADDaoHandler => getADCodeInfo(String adCode = ad_sc)
07-05 21:02:37.764 D/ADLog   ( 2945): DBManager => query(String adCode = ad_sc)
07-05 21:02:37.766 D/ADLog   ( 2945): DBManager => ADCodeInfo cursor.getCount() = 1
07-05 21:02:37.767 D/ADLog   ( 2945): DBManager => queryPlayPolicy(adCode = ad_sc, packageName = com.jamdeo.tv.tileanimation)
07-05 21:02:37.770 E/ADLog   ( 2945): DBManager => query count is 0
07-05 21:02:37.771 D/ADLog   ( 2945): DBManager => ADCodeInfo [id=3, adCode=ad_sc, packageNamecom.jamdeo.tv.tileanimation, UpdateStatus=1, defaultAdID=1000000002492, defaultAdURL=http://download.hismarttv.com/epgdata/ImageAD/9000019146505.jpg, defaultAdPath=/data/data/com.hisense.service.ad/files/ad/9000019146505.jpg, defaultAdType=5, owner=hitv, lastUpdateTime=1499230897, lock=java.util.concurrent.locks.ReentrantLock@11d6f011[Unlocked], adInfos=[]]
07-05 21:02:37.771 I/ADLog   ( 2945): ADServiceHandler => com.jamdeo.tv.tileanimation success to register ad_sc ADCode.
07-05 21:02:37.771 D/ADLog   ( 2945): RegisterADService => ******before refresh(info.getAdCode())sys_ssv3&*****com.jamdeo.screensaver
07-05 21:02:37.772 D/ADLog   ( 2945): RegisterADService => refresh appad, ^^^^app pkg:com.jamdeo.screensaver  &&&app adcode: sys_ssv3
07-05 21:02:37.772 D/ADLog   ( 2945): ADServiceHandler => registerADCode(String adCode = sys_ssv3, String packageName = com.jamdeo.screensaver, int codeType = 1)
07-05 21:02:37.772 D/ADLog   ( 2945): ADServiceHandler => @_@  getADPeriod is 60
07-05 21:02:37.772 D/ADLog   ( 2945): DBManager => query(String adCode = sys_ssv3, String packageName = com.jamdeo.screensaver)
07-05 21:02:37.777 I/MyFragmentStateAdapter(15633): getCount
07-05 21:02:37.793 D/ADLog   ( 2945): DBManager => update(String table = AppADCodeInfo, Object obj = com.hisense.service.ad.bean.AppADCodeInfo@13cf9576)
07-05 21:02:37.793 D/ADLog   ( 2945): DBManager => update(AppADCodeInfo info = com.hisense.service.ad.bean.AppADCodeInfo@13cf9576)
07-05 21:02:37.793 D/ADLog   ( 2945): DBManager => update appcodeinfo---------------------
07-05 21:02:37.793 D/ADLog   ( 2945): DBManager => getValues(String tabName = AppADCodeInfo, Object object = com.hisense.service.ad.bean.AppADCodeInfo@13cf9576)
07-05 21:02:37.796 V/PackageManager( 1733): getPackageInfo com.hisense.service.ad: Package{2fa4b490 com.hisense.service.ad}
07-05 21:02:37.816 I/HLSP2P  ( 2548): ## 2017-07-05 21:02:37.816 [2548,2817,:0] INFO ## [HLSP2P][PunchHelper.cpp:289][INFO][SendHeartBeatMsg][PunchHelper] send heartbeat to punch server(112.90.73.124:8002) ok
07-05 21:02:37.832 V/PackageManager( 1733): getPackageInfo com.hisense.service.ad: Package{2fa4b490 com.hisense.service.ad}
07-05 21:02:37.840 I/MyFragmentStateAdapter(15633): getCount
07-05 21:02:37.860 I/HLSP2P  ( 2548): ## 2017-07-05 21:02:37.860 [2548,2819,:0] INFO ## [HLSP2P][PunchHelper.cpp:434][INFO][OnHeartbeatRsp][PunchHelper] punch heartbeat rsp ok
07-05 21:02:37.861 D/ADLog   ( 2945): DBManager => result = 1
07-05 21:02:37.861 D/ADLog   ( 2945): ADDaoHandler => getADCodeInfo(String adCode = sys_ssv3)
07-05 21:02:37.861 D/ADLog   ( 2945): DBManager => query(String adCode = sys_ssv3)
07-05 21:02:37.862 D/ADLog   ( 2945): DBManager => ADCodeInfo cursor.getCount() = 1
07-05 21:02:37.863 D/ADLog   ( 2945): DBManager => queryPlayPolicy(adCode = sys_ssv3, packageName = com.jamdeo.screensaver)
07-05 21:02:37.864 E/ADLog   ( 2945): DBManager => query count is 0
07-05 21:02:37.864 D/ADLog   ( 2945): DBManager => ADCodeInfo [id=4, adCode=sys_ssv3, packageNamecom.jamdeo.screensaver, UpdateStatus=2, defaultAdID=1000000001239, defaultAdURL=http://download.hismarttv.com/epgdata/ImageAD/9000019139817.jpg, defaultAdPath=/data/data/com.hisense.service.ad/files/ad/9000019139817.jpg, defaultAdType=5, owner=hitv, lastUpdateTime=1499230897, lock=java.util.concurrent.locks.ReentrantLock@14955fe4[Unlocked], adInfos=[]]
07-05 21:02:37.864 I/ADLog   ( 2945): ADServiceHandler => to update sys_ssv3 ad strategy.
07-05 21:02:37.864 D/ADLog   ( 2945): ADDaoHandler => update ADCodeInfo
07-05 21:02:37.864 D/ADLog   ( 2945): DBManager => update(String table = ADCodeInfo, Object obj = ADCodeInfo [id=4, adCode=sys_ssv3, packageNamecom.jamdeo.screensaver, UpdateStatus=1, defaultAdID=1000000001239, defaultAdURL=http://download.hismarttv.com/epgdata/ImageAD/9000019139817.jpg, defaultAdPath=/data/data/com.hisense.service.ad/files/ad/9000019139817.jpg, defaultAdType=5, owner=hitv, lastUpdateTime=1499230897, lock=java.util.concurrent.locks.ReentrantLock@14955fe4[Unlocked], adInfos=[]])
07-05 21:02:37.865 D/ADLog   ( 2945): DBManager => getValues(String tabName = ADCodeInfo, Object object = ADCodeInfo [id=4, adCode=sys_ssv3, packageNamecom.jamdeo.screensaver, UpdateStatus=1, defaultAdID=1000000001239, defaultAdURL=http://download.hismarttv.com/epgdata/ImageAD/9000019139817.jpg, defaultAdPath=/data/data/com.hisense.service.ad/files/ad/9000019139817.jpg, defaultAdType=5, owner=hitv, lastUpdateTime=1499230897, lock=java.util.concurrent.locks.ReentrantLock@14955fe4[Unlocked], adInfos=[]])
07-05 21:02:37.865 D/ADLog   ( 2945): CommonUtils => getStringFromList:   [{"id":"8","code":"hitvdef","url":"http:\/\/api.hismarttv.com\/adapi\/getlogopic?type=0&ac=${ADCODE}&pid=${ADPOLICY}&aid=${ADID}&did=${DEVICEID}&t=${TIME}&act=${ACTION}&dt=${DISPLAYTIMES}&tz=${TIMEZONE}&mac=${MAC}"}]
07-05 21:02:37.870 I/MiSysSrv( 1214): [37m[INFO] Change to Voltage: 117 mv (0x32)[m
07-05 21:02:37.871 I/MyFragmentStateAdapter(15633): getCount
07-05 21:02:37.879 D/ADLog   ( 2945): DBManager => result = 1, table : ADCodeInfo
07-05 21:02:37.879 I/ADLog   ( 2945): ADServiceHandler => com.jamdeo.screensaver success to register sys_ssv3 ADCode.
07-05 21:02:37.879 D/ADLog   ( 2945): RegisterADService => ******before refresh(info.getAdCode())ad_on_cv4&*****com.jamdeo.tv.advertisementproxy
07-05 21:02:37.880 D/ADLog   ( 2945): RegisterADService => refresh appad, ^^^^app pkg:com.jamdeo.tv.advertisementproxy  &&&app adcode: ad_on_cv4
07-05 21:02:37.880 D/ADLog   ( 2945): ADServiceHandler => registerADCode(String adCode = ad_on_cv4, String packageName = com.jamdeo.tv.advertisementproxy, int codeType = 1)
07-05 21:02:37.880 D/ADLog   ( 2945): ADServiceHandler => @_@  getADPeriod is 60
07-05 21:02:37.880 D/ADLog   ( 2945): DBManager => query(String adCode = ad_on_cv4, String packageName = com.jamdeo.tv.advertisementproxy)
07-05 21:02:37.882 D/ADLog   ( 2945): DBManager => update(String table = AppADCodeInfo, Object obj = com.hisense.service.ad.bean.AppADCodeInfo@15297c4d)
07-05 21:02:37.882 D/ADLog   ( 2945): DBManager => update(AppADCodeInfo info = com.hisense.service.ad.bean.AppADCodeInfo@15297c4d)
07-05 21:02:37.882 D/ADLog   ( 2945): DBManager => update appcodeinfo---------------------
07-05 21:02:37.886 D/ADLog   ( 2945): DBManager => getValues(String tabName = AppADCodeInfo, Object object = com.hisense.service.ad.bean.AppADCodeInfo@15297c4d)
07-05 21:02:37.900 I/MyFragmentStateAdapter(15633): getCount
07-05 21:02:37.902 D/ADLog   ( 2945): DBManager => result = 1
07-05 21:02:37.902 D/ADLog   ( 2945): ADDaoHandler => getADCodeInfo(String adCode = ad_on_cv4)
07-05 21:02:37.902 D/ADLog   ( 2945): DBManager => query(String adCode = ad_on_cv4)
07-05 21:02:37.903 D/ADLog   ( 2945): DBManager => ADCodeInfo cursor.getCount() = 1
07-05 21:02:37.904 D/ADLog   ( 2945): DBManager => queryPlayPolicy(adCode = ad_on_cv4, packageName = com.jamdeo.tv.advertisementproxy)
07-05 21:02:37.905 D/ADLog   ( 2945): CommonUtils => getListFromString:   
07-05 21:02:37.905 D/ADLog   ( 2945): CommonUtils => getListFromString:   
07-05 21:02:37.905 D/ADLog   ( 2945): CommonUtils => getListFromString:   
07-05 21:02:37.905 D/ADLog   ( 2945): DBManager => load JsonExtras
