07-05 23:59:22.118 I/FFMPEG  ( 1206): [NULL @ 0xf34e0000] [Eval @ 0xf1104eec] Undefined constant or missing '(' in ''
07-05 23:59:22.118 I/FFMPEG  ( 1206): [NULL @ 0xf34e0000] Unable to parse option value ""
07-05 23:59:22.118 I/FFMPEG  ( 1206): [NULL @ 0xf34e0000] Error setting option debug to value .
07-05 23:59:22.118 I/FFMPEG  ( 1206): [mov,mp4,m4a,3gp,3g2,mj2 @ 0xb8845400] Failed to open codec in av_find_stream_info
07-05 23:59:22.118 I/FFMPEG  ( 1206): [NULL @ 0xf34df400] try_decode_frame, i= 0, pkt->stream_index = 0
07-05 23:59:22.140 I/FFMPEG  ( 1206): [h264 @ 0xf34df400] no picture 
07-05 23:59:22.149 D/NtpTrustedTime( 1733): currentTimeMillis() cache hit
07-05 23:59:22.151 D/NtpTrustedTime( 1733): currentTimeMillis() cache hit
07-05 23:59:22.151 D/NtpTrustedTime( 1733): currentTimeMillis() cache hit
07-05 23:59:22.151 D/PowerManagerService( 1733): releaseWakeLockInternal: lock=113832109 [NetworkStats], flags=0x0
07-05 23:59:22.151 D/PowerManagerNotifier( 1733): onWakeLockReleased: flags=1, tag="NetworkStats", packageName=android, ownerUid=1000, ownerPid=1733, workSource=null
07-05 23:59:22.163 D/Carousel-SimpleVideoView(17177): speedKB=2468
07-05 23:59:22.163 D/Carousel-SimpleVideoView(17177): msg.arg1=1
07-05 23:59:22.170 D/PlayerSdk/PlayerSdkProject(17177): [TID 17208] >> beginInitialize
07-05 23:59:22.171 D/PlayerSdk/SdkConfigManager(17177): [TID 17208] setupConfig: context=com.qiyi.sdk.plugin.server.core.ContextProxy@39fb64be
07-05 23:59:22.171 W/ContextProxy(17177): getAssets() mAssetManager=android.content.res.AssetManager@1d4d4d96
07-05 23:59:22.173 D/PlayerSdk/SdkConfigManager(17177): [TID 17208] setupConfig: strEncrypted=VVVJRD0yMDE3MDQyNTExMzUzNzkxMmdlVEdXS0REMTE3MDIsQ1VTVE9NRVJfSUQ9NjAsUExBWUVSX0NPTkZJR19UWVBFPTQsUExBVEZPUk1fVFZBUEk9SEFJWElOLElTX1NVUFBPUlRfWUlOSEVfUElOR0JBQ0s9ZmFsc2UsSVNfRU5CQUxFX0gyNjU9ZmFsc2UsSVNfRU5BQkxFX0RPTEJZPWZhbHNlLElTX0VOQkFMRV80Sz0sSVNfRU5CQUxFX0RPTEJZX1ZJU0lPTj0sSVNfRU5CQUxFX0hEUjEwPSxJU19VU0VfVE1UU19MT0NBTF9TSUdOPWZhbHNlLElTX0dFVF9VVUlEX0ZST01fU0VSVkVSPXRydWUsQ0ROX0RJU1BBVENIX1BBUkFNPSxET01BSU5fTkFNRT1wdHF5LmdpdHYudHYsTkFUSVZFX1BMQVlFUl9CUkFORD1IaVNlbnNlLExPR0lOX1RZUEU9U1VCX0FDQ09VTlQsQ1VTVE9NRVJfUEFDS0FHRV9OQU1FPWNvbS5oaXNlbnNlLmhpY2xvdWQuZWRjYSxJU19ERUJVR19WRVJTSU9OPWZhbHNlLE5BVElWRV9QTEFZRVJfQ09ERUNUWVBFPSxQTEFZRVJfUExBVEZPUk09UF9IaXNlbnNlLEVOQUJMRV9TRVRfQklUU1RSRUFNPXRydWUsREVGQVVMVF9DRkdfQklUU1RSRUFNPSw=
07-05 23:59:22.174 I/System.out(17177): decode
07-05 23:59:22.174 W/ContextProxy(17177): getResources() mResources=android.content.res.Resources@1e292504
07-05 23:59:22.211 I/MyFragmentStateAdapter(17177): getCount
07-05 23:59:22.219 W/ContextProxy(17177): getResources() mResources=android.content.res.Resources@1e292504
07-05 23:59:22.231 I/System.out(17177): ok
07-05 23:59:22.235 I/System.out(17177): UUID=20170425113537912geTGWKDD11702,CUSTOMER_ID=60,PLAYER_CONFIG_TYPE=4,PLATFORM_TVAPI=HAIXIN,IS_SUPPORT_YINHE_PINGBACK=false,IS_ENBALE_H265=false,IS_ENABLE_DOLBY=false,IS_ENBALE_4K=,IS_ENBALE_DOLBY_VISION=,IS_ENBALE_HDR10=,IS_USE_TMTS_LOCAL_SIGN=false,IS_GET_UUID_FROM_SERVER=true,CDN_DISPATCH_PARAM=,DOMAIN_NAME=ptqy.gitv.tv,NATIVE_PLAYER_BRAND=HiSense,LOGIN_TYPE=SUB_ACCOUNT,CUSTOMER_PACKAGE_NAME=com.hisense.hicloud.edca,IS_DEBUG_VERSION=false,NATIVE_PLAYER_CODECTYPE=,PLAYER_PLATFORM=P_Hisense,ENABLE_SET_BITSTREAM=true,DEFAULT_CFG_BITSTREAM=,
07-05 23:59:22.235 I/System.out(17177): hook :UUID=20170425113537912geTGWKDD11702,CUSTOMER_ID=60,PLAYER_CONFIG_TYPE=4,PLATFORM_TVAPI=HAIXIN,IS_SUPPORT_YINHE_PINGBACK=false,IS_ENBALE_H265=false,IS_ENABLE_DOLBY=false,IS_ENBALE_4K=,IS_ENBALE_DOLBY_VISION=,IS_ENBALE_HDR10=,IS_USE_TMTS_LOCAL_SIGN=false,IS_GET_UUID_FROM_SERVER=true,CDN_DISPATCH_PARAM=,DOMAIN_NAME=ptqy.gitv.tv,NATIVE_PLAYER_BRAND=HiSense,LOGIN_TYPE=SUB_ACCOUNT,CUSTOMER_PACKAGE_NAME=com.hisense.hicloud.edca,IS_DEBUG_VERSION=false,NATIVE_PLAYER_CODECTYPE=,PLAYER_PLATFORM=P_Hisense,ENABLE_SET_BITSTREAM=true,DEFAULT_CFG_BITSTREAM=,
07-05 23:59:22.238 D/PlayerSdk/SdkConfig(17177): [TID 17208] initialize({PLAYER_PLATFORM=P_Hisense, NATIVE_PLAYER_BRAND=HiSense, CUSTOMER_ID=60, ENABLE_SET_BITSTREAM=true, IS_ENBALE_H265=false, UUID=20170425113537912geTGWKDD11702, IS_GET_UUID_FROM_SERVER=true, IS_DEBUG_VERSION=false, IS_ENABLE_DOLBY=false, CUSTOMER_PACKAGE_NAME=com.hisense.hicloud.edca, IS_USE_TMTS_LOCAL_SIGN=false, PLATFORM_TVAPI=HAIXIN, DOMAIN_NAME=ptqy.gitv.tv, LOGIN_TYPE=SUB_ACCOUNT, IS_SUPPORT_YINHE_PINGBACK=false, PLAYER_CONFIG_TYPE=4})
07-05 23:59:22.249 D/PlayerSdk/SdkConfig(17177): [TID 17208] initialize(), name=com.hisense.hicloud.edca
07-05 23:59:22.249 D/PlayerSdk/SdkConfig(17177): [TID 17208] initialize(),mCustomerPackageNames=[com.hisense.hicloud.edca]
07-05 23:59:22.250 D/SdkConfigUtils(17177): [TID 17208] parsePlatformType(HAIXIN)
07-05 23:59:22.250 D/SdkConfigUtils(17177): [TID 17208] parseLoginType(SUB_ACCOUNT)
07-05 23:59:22.252 D/SdkConfigUtils(17177): [TID 17208] parsePlayerPlatform(P_Hisense)
07-05 23:59:22.252 D/PlayerSdk/SdkConfigManager(17177): [TID 17208] setupConfig: mCurrentConfig=SdkConfig@43e43b3{mCustomerCode=60, mPlayerConfigType=4, mPlatformType=HAIXIN, mLoginType=SUB_ACCOUNT, mIsEnableDolby=false, mIsEnableH265=false, mIsEnable4K=true, mIsSupportYinhePingback=false, mShouldDoPlayCheck=true, mshouldGetUuidFromServer=true, mPingbackS1=2, mPingbackS2=simple_sdk, mPingbackP2=3128, mDomainName=ptqy.gitv.tv, mIsDebugVersion=false, mIsDebugVersion=false, mCustomerPackageNames=[com.hisense.hicloud.edca], mEnableSetBitstream=true}
07-05 23:59:22.259 D/ADLog   ( 7859): ADServiceHandler => postExecute
07-05 23:59:22.262 V/PackageManager( 1733): getPackageInfo com.hisense.service.ad: Package{2fa4b490 com.hisense.service.ad}
07-05 23:59:22.264 I/FFMPEG  ( 1206): [mov,mp4,m4a,3gp,3g2,mj2 @ 0xb8845400] i(1) > pkt->stream_index(0),conitnue
07-05 23:59:22.264 I/FFMPEG  ( 1206): [NULL @ 0xf34e0000] try_decode_frame, i= 1, pkt->stream_index = 1
07-05 23:59:22.271 I/FFMPEG  ( 1206): [aac @ 0xf34e0000] skip whole frame, skip left: 0
07-05 23:59:22.279 I/FFMPEG  ( 1206): [mov,mp4,m4a,3gp,3g2,mj2 @ 0xb8845400] After avformat_find_stream_info() pos: 473274 bytes read:492316 seeks:0 frames:3
07-05 23:59:22.279 I/FFmpegExtractor( 1206): the duration is 00:08:58.08
07-05 23:59:22.279 I/FFmpegExtractor( 1206): streamIndex: 0 ,stream_index 0
07-05 23:59:22.279 D/FFmpegExtractor( 1206): is_codec_supported codec_id is 28
07-05 23:59:22.280 D/FFmpegExtractor( 1206): setVideoFormat avctx->codec_id is 28
07-05 23:59:22.280 V/codec_utils( 1206): AVC
07-05 23:59:22.280 I/FFmpegExtractor( 1206): the time is 00:08:58.08
07-05 23:59:22.280 I/FFmpegExtractor( 1206): streamIndex: 1 ,stream_index 1
07-05 23:59:22.280 D/FFmpegExtractor( 1206): is_codec_supported codec_id is 86018
07-05 23:59:22.280 V/codec_utils( 1206): AAC
07-05 23:59:22.280 V/codec_utils( 1206): aac profile: 1, sf_index: 4, channel: 2
07-05 23:59:22.280 I/FFmpegExtractor( 1206): bit_rate: 55687, sample_rate: 44100, channels: 2, bits_per_coded_sample: 16, block_align:0
07-05 23:59:22.280 I/FFmpegExtractor( 1206): the time is 00:08:58.00
07-05 23:59:22.280 D/FFmpegExtractor( 1206): Reader thread started
07-05 23:59:22.280 D/FFmpegExtractor( 1206): supported mime: video/mp4
07-05 23:59:22.283 I/VideoCapabilities(17177): Unsupported profile 4 for video/mp4v-es
07-05 23:59:22.283 I/VideoCapabilities(17177): Unsupported profile 4 for video/mp4v-es
07-05 23:59:22.283 I/VideoCapabilities(17177): Unsupported profile 4 for video/mp4v-es
07-05 23:59:22.283 I/VideoCapabilities(17177): Unsupported profile 4 for video/mp4v-es
07-05 23:59:22.283 I/VideoCapabilities(17177): Unsupported profile 4 for video/mp4v-es
07-05 23:59:22.283 I/VideoCapabilities(17177): Unsupported profile 4 for video/mp4v-es
07-05 23:59:22.283 I/VideoCapabilities(17177): Unsupported profile 4 for video/mp4v-es
07-05 23:59:22.283 I/VideoCapabilities(17177): Unsupported profile 4 for video/mp4v-es
07-05 23:59:22.283 I/VideoCapabilities(17177): Unsupported profile 8 for video/mp4v-es
07-05 23:59:22.284 I/VideoCapabilities(17177): Unsupported profile 8 for video/mp4v-es
07-05 23:59:22.284 I/VideoCapabilities(17177): Unsupported profile 8 for video/mp4v-es
07-05 23:59:22.284 I/VideoCapabilities(17177): Unsupported profile 8 for video/mp4v-es
07-05 23:59:22.284 I/VideoCapabilities(17177): Unsupported profile 8 for video/mp4v-es
07-05 23:59:22.284 I/VideoCapabilities(17177): Unsupported profile 8 for video/mp4v-es
07-05 23:59:22.284 I/VideoCapabilities(17177): Unsupported profile 8 for video/mp4v-es
07-05 23:59:22.284 I/VideoCapabilities(17177): Unsupported profile 8 for video/mp4v-es
07-05 23:59:22.284 I/VideoCapabilities(17177): Unsupported profile 1024 for video/mp4v-es
07-05 23:59:22.284 I/VideoCapabilities(17177): Unsupported profile 1024 for video/mp4v-es
07-05 23:59:22.284 I/VideoCapabilities(17177): Unsupported profile 1024 for video/mp4v-es
07-05 23:59:22.284 I/VideoCapabilities(17177): Unsupported profile 1024 for video/mp4v-es
07-05 23:59:22.284 I/VideoCapabilities(17177): Unsupported profile 1024 for video/mp4v-es
07-05 23:59:22.284 I/VideoCapabilities(17177): Unsupported profile 1024 for video/mp4v-es
07-05 23:59:22.284 I/VideoCapabilities(17177): Unsupported profile 1024 for video/mp4v-es
07-05 23:59:22.284 I/VideoCapabilities(17177): Unsupported profile 1024 for video/mp4v-es
07-05 23:59:22.284 W/VideoCapabilities(17177): Unrecognized profile/level 32768/2 for video/mp4v-es
07-05 23:59:22.297 W/avc_utils( 1206): [3D detect]It is not SEI Nal
07-05 23:59:22.298 W/avc_utils( 1206): [3D detect]It is not SEI Nal
07-05 23:59:22.298 W/avc_utils( 1206): [3D detect]It is not SEI Nal
07-05 23:59:22.301 V/PackageManager( 1733): getPackageInfo com.hisense.service.ad: Package{2fa4b490 com.hisense.service.ad}
07-05 23:59:22.317 I/MyFragmentStateAdapter(17177): getCount
07-05 23:59:22.319 D/ADLog   ( 7859): ADDaoHandler => update ADCodeInfo
07-05 23:59:22.319 D/ADLog   ( 7859): DBManager => update(String table = ADCodeInfo, Object obj = ADCodeInfo [id=4, adCode=sys_ssv3, packageNamecom.jamdeo.screensaver, UpdateStatus=1, defaultAdID=1000000001239, defaultAdURL=http://download.hismarttv.com/epgdata/ImageAD/9000019139817.jpg, defaultAdPath=/data/data/com.hisense.service.ad/files/ad/9000019139817.jpg, defaultAdType=5, owner=hitv, lastUpdateTime=1499241501, lock=java.util.concurrent.locks.ReentrantLock@2270e033[Locked by thread pool-1-thread-1], adInfos=[]])
07-05 23:59:22.320 D/ADLog   ( 7859): DBManager => getValues(String tabName = ADCodeInfo, Object object = ADCodeInfo [id=4, adCode=sys_ssv3, packageNamecom.jamdeo.screensaver, UpdateStatus=1, defaultAdID=1000000001239, defaultAdURL=http://download.hismarttv.com/epgdata/ImageAD/9000019139817.jpg, defaultAdPath=/data/data/com.hisense.service.ad/files/ad/9000019139817.jpg, defaultAdType=5, owner=hitv, lastUpdateTime=1499241501, lock=java.util.concurrent.locks.ReentrantLock@2270e033[Locked by thread pool-1-thread-1], adInfos=[]])
07-05 23:59:22.320 D/ADLog   ( 7859): CommonUtils => getStringFromList:   [{"id":"8","code":"hitvdef","url":"http:\/\/api.hismarttv.com\/adapi\/getlogopic?type=0&ac=${ADCODE}&pid=${ADPOLICY}&aid=${ADID}&did=${DEVICEID}&t=${TIME}&act=${ACTION}&dt=${DISPLAYTIMES}&tz=${TIMEZONE}&mac=${MAC}"}]
07-05 23:59:22.336 W/VideoCapabilities(17177): Unsupported mime video/mvc
07-05 23:59:22.340 W/VideoCapabilities(17177): Unsupported mime video/mpeg2
07-05 23:59:22.342 D/ADLog   ( 7859): DBManager => result = 1, table : ADCodeInfo
07-05 23:59:22.342 D/ADLog   ( 7859): DBManager => delete(String table = ADPlayPolicy, String adCode = sys_ssv3, String packageName = com.jamdeo.screensaver)
07-05 23:59:22.342 D/ADLog   ( 7859): DBManager => delete TAB_ADPLAYPOLICY 
07-05 23:59:22.351 W/VideoCapabilities(17177): Unsupported mime video/divx3
07-05 23:59:22.358 D/ADLog   ( 7859): DBManager => result = 0
07-05 23:59:22.358 D/ADLog   ( 7859): UpdateADStrategy => to update default ad for sys_ssv3
07-05 23:59:22.362 W/VideoCapabilities(17177): Unsupported mime video/divx4
07-05 23:59:22.364 V/PackageManager( 1733): getPackageInfo com.hisense.service.ad: Package{2fa4b490 com.hisense.service.ad}
07-05 23:59:22.365 W/VideoCapabilities(17177): Unsupported mime video/flv
07-05 23:59:22.372 I/NuCachedSource2( 1206): new range: offset= 218840569
07-05 23:59:22.372 I/NuCachedSource2( 1206): seekInternal_l ---- totalSize: 1835008
07-05 23:59:22.373 D/MediaHTTPConnection(17177): offset = 218840569, mCurrentOffset = 1835008
07-05 23:59:22.373 D/MediaHTTPConnection(17177): seekTo 218840569
07-05 23:59:22.373 D/MediaHTTPConnection(17177): teardownConnection
07-05 23:59:22.375 W/VideoCapabilities(17177): Unsupported mime video/VC1
07-05 23:59:22.376 D/ADLog   ( 7859): ResourceDownloadManager => handleDownloadRequest downloadInfo = com.hisense.service.ad.bean.DownloadListInfo@a4f4c8f
07-05 23:59:22.376 D/ADLog   ( 7859): ResourceDownloadManager => handleDownloadRequest downloadTaskList = [com.hisense.service.ad.bean.DownloadListInfo@12b15b1c]size1
07-05 23:59:22.376 D/ADLog   ( 7859): ResourceDownloadManager => startDownloader()
07-05 23:59:22.376 D/ADLog   ( 7859): ResourceDownloadManager => reclaimStorageSpace() enableReclaim = true
07-05 23:59:22.376 D/ADLog   ( 7859): ResourceDownloadManager => clear expired AppAdCodeInfo
07-05 23:59:22.376 I/MyFragmentStateAdapter(17177): getCount
07-05 23:59:22.376 D/ADLog   ( 7859): ADDaoHandler => adcode valid period: 604800
07-05 23:59:22.377 D/ADLog   ( 7859): DBManager => queryExpireADCode(long time = 1498636762)
07-05 23:59:22.377 W/VideoCapabilities(17177): Unsupported mime video/wvc1
07-05 23:59:22.378 I/ADLog   ( 7859): DBManager => query count is 0
07-05 23:59:22.379 D/ADLog   ( 7859): ResourceDownloadManager => start to clear unused files ......
07-05 23:59:22.379 D/ADLog   ( 7859): DBManager => queryDefaultPath(String clomun = ADRESOURCEPATH, String tableName = ADPlayPolicy)
07-05 23:59:22.381 W/VideoCapabilities(17177): Unsupported mime video/wmv3
07-05 23:59:22.382 D/ADLog   ( 7859): DBManager => queryAllPath(String clomun = ADPREFORMPATH, String tableName = ADPlayPolicy)
07-05 23:59:22.383 D/ADLog   ( 7859): ResourceDownloadManager => send a Request to download sys_ssv3
07-05 23:59:22.383 D/ADLog   ( 7859): ADDaoHandler => update ADCodeInfo
07-05 23:59:22.383 D/ADLog   ( 7859): DBManager => update(String table = ADCodeInfo, Object obj = ADCodeInfo [id=4, adCode=sys_ssv3, packageNamecom.jamdeo.screensaver, UpdateStatus=2, defaultAdID=1000000001239, defaultAdURL=http://download.hismarttv.com/epgdata/ImageAD/9000019139817.jpg, defaultAdPath=/data/data/com.hisense.service.ad/files/ad/9000019139817.jpg, defaultAdType=5, owner=hitv, lastUpdateTime=1499241562, lock=java.util.concurrent.locks.ReentrantLock@2270e033[Unlocked], adInfos=[]])
07-05 23:59:22.383 D/ADLog   ( 7859): DBManager => getValues(String tabName = ADCodeInfo, Object object = ADCodeInfo [id=4, adCode=sys_ssv3, packageNamecom.jamdeo.screensaver, UpdateStatus=2, defaultAdID=1000000001239, defaultAdURL=http://download.hismarttv.com/epgdata/ImageAD/9000019139817.jpg, defaultAdPath=/data/data/com.hisense.service.ad/files/ad/9000019139817.jpg, defaultAdType=5, owner=hitv, lastUpdateTime=1499241562, lock=java.util.concurrent.locks.ReentrantLock@2270e033[Unlocked], adInfos=[]])
07-05 23:59:22.383 D/ADLog   ( 7859): CommonUtils => getStringFromList:   [{"id":"8","code":"hitvdef","url":"http:\/\/api.hismarttv.com\/adapi\/getlogopic?type=0&ac=${ADCODE}&pid=${ADPOLICY}&aid=${ADID}&did=${DEVICEID}&t=${TIME}&act=${ACTION}&dt=${DISPLAYTIMES}&tz=${TIMEZONE}&mac=${MAC}"}]
07-05 23:59:22.384 W/VideoCapabilities(17177): Unsupported mime video/mjpeg
07-05 23:59:22.386 W/VideoCapabilities(17177): Unsupported mime video/avs
07-05 23:59:22.389 D/ADLog   ( 7859): CommonUtils => getListFromString:   
07-05 23:59:22.389 W/VideoCapabilities(17177): Unsupported mime video/realvideo
07-05 23:59:22.389 D/ADLog   ( 7859): CommonUtils => getListFromString:   
07-05 23:59:22.389 D/ADLog   ( 7859): CommonUtils => getListFromString:   
07-05 23:59:22.390 D/ADLog   ( 7859): DBManager => queryDefaultPath(String clomun = DEFAULTADPATH, String tableName = ADCodeInfo)
07-05 23:59:22.398 W/AudioCapabilities(17177): Unsupported mime audio/mpeg-L1
07-05 23:59:22.399 W/AudioCapabilities(17177): Unsupported mime audio/mpeg-L2
07-05 23:59:22.404 D/ADLog   ( 7859): DBManager => result = 1, table : ADCodeInfo
07-05 23:59:22.404 D/ADLog   ( 7859): UpdateADStrategy => success to update policy for sys_ssv3
07-05 23:59:22.405 D/ADLog   ( 7859): ADDaoHandler => getADCodeInfo(String adCode = ad_on_cv4)
07-05 23:59:22.405 D/ADLog   ( 7859): DBManager => query(String adCode = ad_on_cv4)
07-05 23:59:22.412 W/AudioCapabilities(17177): Unsupported mime audio/adpcm
07-05 23:59:22.413 D/ADLog   ( 7859): DBManager => ADCodeInfo cursor.getCount() = 1
07-05 23:59:22.413 D/ADLog   ( 7859): DBManager => queryPlayPolicy(adCode = ad_on_cv4, packageName = com.jamdeo.tv.advertisementproxy)
07-05 23:59:22.418 W/AudioCapabilities(17177): Unsupported mime audio/lpcm
07-05 23:59:22.418 D/ADLog   ( 7859): CommonUtils => getListFromString:   
07-05 23:59:22.418 D/ADLog   ( 7859): CommonUtils => getListFromString:   
07-05 23:59:22.418 D/ADLog   ( 7859): CommonUtils => getListFromString:   
07-05 23:59:22.418 D/ADLog   ( 7859): DBManager => load JsonExtras
07-05 23:59:22.418 D/ADLog   ( 7859): ADInfo => setJsonExtras(String jsonExtras = {"ad_on_jump":"{\"startupType\":4,\"startupUrl\":[{\"key\":\"startupType\",\"value\":3,\"type\":\"int\"},{\"key\":\"packageName\",\"value\":\"com.hisense.hicloud.edca\",\"type\":\"String\"}]}"})
07-05 23:59:22.419 D/ADLog   ( 7859): ResourceDownloadManager => deleteResourceFileExpired(File file = /data/data/com.hisense.service.ad/files/ad, List<String> resourceFiles = [/data/data/com.hisense.service.ad/files/ad/9000019161810.jpg, /data/data/com.hisense.service.ad/files/ad/9000019161810.jpg, /data/data/com.hisense.service.ad/files/ad/9000019159537_9000019159537.mp4, /data/data/com.hisense.service.ad/files/ad/9000019146505.jpg, /data/data/com.hisense.service.ad/files/ad/9000019139817.jpg, /data/data/com.hisense.service.ad/files/ad/9000019159462.zip, /data/data/com.hisense.service.ad/files/ad/9000019142662.jpg])
07-05 23:59:22.419 D/ADLog   ( 7859): DBManager => ADCodeInfo [id=5, adCode=ad_on_cv4, packageNamecom.jamdeo.tv.advertisementproxy, UpdateStatus=1, defaultAdID=1000000006433, defaultAdURL=http://download.hismarttv.com/epgdata/ImageAD/9000019159462.zip, defaultAdPath=/data/data/com.hisense.service.ad/files/ad/9000019159462.zip, defaultAdType=9, owner=hitv, lastUpdateTime=1499241502, lock=java.util.concurrent.locks.ReentrantLock@12ee8325[Unlocked], adInfos=[com.hisense.service.ad.bean.ADInfo@f214cfa]]
07-05 23:59:22.420 D/ADLog   ( 7859): ResourceDownloadManager => deleteResourceFileExpired(File file = /data/data/com.hisense.service.ad/files/ad/9000019161810.jpg, List<String> resourceFiles = [/data/data/com.hisense.service.ad/files/ad/9000019161810.jpg, /data/data/com.hisense.service.ad/files/ad/9000019161810.jpg, /data/data/com.hisense.service.ad/files/ad/9000019159537_9000019159537.mp4, /data/data/com.hisense.service.ad/files/ad/9000019146505.jpg, /data/data/com.hisense.service.ad/files/ad/9000019139817.jpg, /data/data/com.hisense.service.ad/files/ad/9000019159462.zip, /data/data/com.hisense.service.ad/files/ad/9000019142662.jpg])
07-05 23:59:22.420 D/ADLog   ( 7859): ResourceDownloadManager => path is /data/data/com.hisense.service.ad/files/ad/9000019161810.jpg
07-05 23:59:22.420 D/ADLog   ( 7859): ResourceDownloadManager => deleteResourceFileExpired(File file = /data/data/com.hisense.service.ad/files/ad/9000019142662.jpg, List<String> resourceFiles = [/data/data/com.hisense.service.ad/files/ad/9000019161810.jpg, /data/data/com.hisense.service.ad/files/ad/9000019161810.jpg, /data/data/com.hisense.service.ad/files/ad/9000019159537_9000019159537.mp4, /data/data/com.hisense.service.ad/files/ad/9000019146505.jpg, /data/data/com.hisense.service.ad/files/ad/9000019139817.jpg, /data/data/com.hisense.service.ad/files/ad/9000019159462.zip, /data/data/com.hisense.service.ad/files/ad/9000019142662.jpg])
07-05 23:59:22.420 D/ADLog   ( 7859): ResourceDownloadManager => path is /data/data/com.hisense.service.ad/files/ad/9000019142662.jpg
07-05 23:59:22.423 W/AudioCapabilities(17177): Unsupported mime audio/cook
07-05 23:59:22.426 W/AudioCapabilities(17177): Unsupported mime audio/x-ms-wma
07-05 23:59:22.428 D/ADLog   ( 7859): ResourceDownloadManager => deleteResourceFileExpired(File file = /data/data/com.hisense.service.ad/files/ad/9000019146505.jpg, List<String> resourceFiles = [/data/data/com.hisense.service.ad/files/ad/9000019161810.jpg, /data/data/com.hisense.service.ad/files/ad/9000019161810.jpg, /data/data/com.hisense.service.ad/files/ad/9000019159537_9000019159537.mp4, /data/data/com.hisense.service.ad/files/ad/9000019146505.jpg, /data/data/com.hisense.service.ad/files/ad/9000019139817.jpg, /data/data/com.hisense.service.ad/files/ad/9000019159462.zip, /data/data/com.hisense.service.ad/files/ad/9000019142662.jpg])
07-05 23:59:22.428 W/AudioCapabilities(17177): Unsupported mime audio/ac3
07-05 23:59:22.428 D/ADLog   ( 7859): ResourceDownloadManager => path is /data/data/com.hisense.service.ad/files/ad/9000019146505.jpg
07-05 23:59:22.428 D/ADLog   ( 7859): ResourceDownloadManager => deleteResourceFileExpired(File file = /data/data/com.hisense.service.ad/files/ad/9000019139817.jpg, List<String> resourceFiles = [/data/data/com.hisense.service.ad/files/ad/9000019161810.jpg, /data/data/com.hisense.service.ad/files/ad/9000019161810.jpg, /data/data/com.hisense.service.ad/files/ad/9000019159537_9000019159537.mp4, /data/data/com.hisense.service.ad/files/ad/9000019146505.jpg, /data/data/com.hisense.service.ad/files/ad/9000019139817.jpg, /data/data/com.hisense.service.ad/files/ad/9000019159462.zip, /data/data/com.hisense.service.ad/files/ad/9000019142662.jpg])
07-05 23:59:22.429 D/ADLog   ( 7859): ResourceDownloadManager => path is /data/data/com.hisense.service.ad/files/ad/9000019139817.jpg
07-05 23:59:22.429 D/ADLog   ( 7859): ResourceDownloadManager => deleteResourceFileExpired(File file = /data/data/com.hisense.service.ad/files/ad/9000019159462.zip, List<String> resourceFiles = [/data/data/com.hisense.service.ad/files/ad/9000019161810.jpg, /data/data/com.hisense.service.ad/files/ad/9000019161810.jpg, /data/data/com.hisense.service.ad/files/ad/9000019159537_9000019159537.mp4, /data/data/com.hisense.service.ad/files/ad/9000019146505.jpg, /data/data/com.hisense.service.ad/files/ad/9000019139817.jpg, /data/data/com.hisense.service.ad/files/ad/9000019159462.zip, /data/data/com.hisense.service.ad/files/ad/9000019142662.jpg])
07-05 23:59:22.429 D/ADLog   ( 7859): ResourceDownloadManager => path is /data/data/com.hisense.service.ad/files/ad/9000019159462.zip
07-05 23:59:22.429 D/ADLog   ( 7859): ResourceDownloadManager => deleteResourceFileExpired(File file = /data/data/com.hisense.service.ad/files/ad/9000019159537_9000019159537.mp4, List<String> resourceFiles = [/data/data/com.hisense.service.ad/files/ad/9000019161810.jpg, /data/data/com.hisense.service.ad/files/ad/9000019161810.jpg, /data/data/com.hisense.service.ad/files/ad/9000019159537_9000019159537.mp4, /data/data/com.hisense.service.ad/files/ad/9000019146505.jpg, /data/data/com.hisense.service.ad/files/ad/9000019139817.jpg, /data/data/com.hisense.service.ad/files/ad/9000019159462.zip, /data/data/com.hisense.service.ad/files/ad/9000019142662.jpg])
07-05 23:59:22.429 D/ADLog   ( 7859): ResourceDownloadManager => path is /data/data/com.hisense.service.ad/files/ad/9000019159537_9000019159537.mp4
07-05 23:59:22.429 D/ADLog   ( 7859): ResourceDownloadManager => flashMax:104857600
07-05 23:59:22.429 D/ADLog   ( 7859): ResourceDownloadManager => storageSpaceUsed:15542387
07-05 23:59:22.429 D/ADLog   ( 7859): ResourceDownloadManager => availableStorageSpace:3568197632
07-05 23:59:22.429 D/ADLog   ( 7859): ResourceDownloadManager => task count is 1
07-05 23:59:22.429 W/AudioCapabilities(17177): Unsupported mime audio/ac3p
07-05 23:59:22.429 D/ADLog   ( 7859): HttpDownloader => HttpDownloader32 downloadInfo::com.hisense.service.ad.bean.DownloadListInfo@19fe22ab, com.hisense.service.ad.bean.DownloadListInfo@12b15b1c
07-05 23:59:22.430 D/ADLog   ( 7859): HttpDownloader => httpdownloader32: to download resource file /data/data/com.hisense.service.ad/files/ad/9000019139817.jpg
07-05 23:59:22.430 W/AudioCapabilities(17177): Unsupported mime audio/eac3
07-05 23:59:22.430 D/ADLog   ( 7859): HttpDownloader => httpdownloader32: resource url is http://download.hismarttv.com/epgdata/ImageAD/9000019139817.jpg
07-05 23:59:22.432 W/AudioCapabilities(17177): Unsupported mime audio/dts
07-05 23:59:22.433 W/AudioCapabilities(17177): Unsupported mime audio/dts-hd
07-05 23:59:22.434 V/PackageManager( 1733): getPackageInfo com.hisense.service.ad: Package{2fa4b490 com.hisense.service.ad}
07-05 23:59:22.434 W/AudioCapabilities(17177): Unsupported mime audio/dts-lbr
07-05 23:59:22.437 W/AudioCapabilities(17177): Unsupported mime audio/dra
07-05 23:59:22.438 I/ResourceDownloadManager( 7859): success to create a http downloader.
07-05 23:59:22.441 I/MyFragmentStateAdapter(17177): getCount
07-05 23:59:22.443 V/PackageManager( 1733): getPackageInfo com.hisense.service.ad: Package{2fa4b490 com.hisense.service.ad}
07-05 23:59:22.447 W/AudioCapabilities(17177): Unsupported mime audio/x-ape
07-05 23:59:22.449 W/AudioCapabilities(17177): Unsupported mime audio/ffmpeg
07-05 23:59:22.451 V/PackageManager( 1733): getPackageInfo com.hisense.service.ad: Package{2fa4b490 com.hisense.service.ad}
07-05 23:59:22.452 W/AudioCapabilities(17177): Unsupported mime audio/ac3
07-05 23:59:22.455 D/ADLog   ( 7859): DBManager => updateADStatus(String adCode = sys_ssv3, String packageName = com.jamdeo.screensaver)
07-05 23:59:22.456 W/AudioCapabilities(17177): Unsupported mime audio/mpeg-L2
07-05 23:59:22.457 D/ADLog   ( 7859): ResourceDownloadManager => success to send a DownloadSuccess msg.sys_ssv3
07-05 23:59:22.476 D/MediaHTTPConnection(17177): close inputstream
07-05 23:59:22.477 D/MediaHTTPConnection(17177): hitting http://112.240.58.51/jhxvideo-ws.video-tx.com/rendition/201705/205989353451683841/205989353451684353/bb/243216185158536196/243216215223308548/r243216215223308548-3200k-1920x1080.mp4?wsSecret=3c90bdb5d23a2d6257ee2da54a39837f&wsTime=595d0cd8&wsiphost=local
07-05 23:59:22.489 D/ADLog   ( 7859): DBManager => change downloadstatus result = 1
07-05 23:59:22.497 D/ADLog   ( 7859): ResourceDownloadManager => success to send broadcast!!!!!sys_ssv3
07-05 23:59:22.506 I/MyFragmentStateAdapter(17177): getCount
07-05 23:59:22.513 D/AdvertisementManager(17243): getAdvertisementContentInfo(sys_ssv3) called
07-05 23:59:22.513 D/ADLog   ( 7859): ADServiceAIDL => getADPlayContent adCode = sys_ssv3 packageName = com.jamdeo.screensaver
07-05 23:59:22.513 D/ADLog   ( 7859): ADServiceHandler => ADContentInfo getAD(String adCode = sys_ssv3, String packageName = com.jamdeo.screensaver)
07-05 23:59:22.513 D/ADLog   ( 7859): ADServiceHandler => getADInfo(String adCode = sys_ssv3, String packageName = com.jamdeo.screensaver)
07-05 23:59:22.514 D/ADLog   ( 7859): DBManager => query(String adCode = sys_ssv3, String packageName = com.jamdeo.screensaver)
07-05 23:59:22.515 D/MediaHTTPConnection(17177): [Connection@378899824] response.heeader.null = HTTP/1.0 206 Partial Content
07-05 23:59:22.515 D/MediaHTTPConnection(17177): [Connection@378899824] response.heeader.Accept-Ranges = bytes
07-05 23:59:22.515 D/MediaHTTPConnection(17177): [Connection@378899824] response.heeader.Age = 371737
07-05 23:59:22.515 D/MediaHTTPConnection(17177): [Connection@378899824] response.heeader.Cache-Control = max-age=5184000
07-05 23:59:22.515 D/MediaHTTPConnection(17177): [Connection@378899824] response.heeader.Connection = keep-alive
07-05 23:59:22.515 D/MediaHTTPConnection(17177): [Connection@378899824] response.heeader.Content-Length = 128
07-05 23:59:22.515 D/MediaHTTPConnection(17177): [Connection@378899824] response.heeader.Content-MD5 = b0d2FgZ34VxS2J9TYuIjgA==
07-05 23:59:22.515 D/MediaHTTPConnection(17177): [Connection@378899824] response.heeader.Content-Range = bytes 218840569-218840696/218840697
07-05 23:59:22.515 D/MediaHTTPConnection(17177): [Connection@378899824] response.heeader.Content-Type = application/octet-stream
07-05 23:59:22.515 D/MediaHTTPConnection(17177): [Connection@378899824] response.heeader.Date = Sat, 01 Jul 2017 08:43:45 GMT
07-05 23:59:22.515 D/MediaHTTPConnection(17177): [Connection@378899824] response.heeader.ETag = "6F4776160677E15C52D89F5362E22380"
07-05 23:59:22.515 D/MediaHTTPConnection(17177): [Connection@378899824] response.heeader.Last-Modified = Mon, 08 May 2017 17:24:17 GMT
07-05 23:59:22.515 D/MediaHTTPConnection(17177): [Connection@378899824] response.heeader.Server = nginx/1.2.4
07-05 23:59:22.515 D/MediaHTTPConnection(17177): [Connection@378899824] response.heeader.Via = 1.1 chshx150:7 (Cdn Cache Server V2.0)[0 200 0], 1.1 sdbz31:0 (Cdn Cache Server V2.0)[35 200 0], 1.0 PSsdzbwt5go51:3 (Cdn Cache Server V2.0)[0 200 0]
07-05 23:59:22.515 D/MediaHTTPConnection(17177): [Connection@378899824] response.heeader.X-Android-Received-Millis = 1499270362514
07-05 23:59:22.515 D/MediaHTTPConnection(17177): [Connection@378899824] response.heeader.X-Android-Response-Source = NETWORK 206
07-05 23:59:22.515 D/MediaHTTPConnection(17177): [Connection@378899824] response.heeader.X-Android-Sent-Millis = 1499270362495
07-05 23:59:22.515 D/MediaHTTPConnection(17177): [Connection@378899824] response.heeader.x-oss-hash-crc64ecma = 10858506031335928878
07-05 23:59:22.515 D/MediaHTTPConnection(17177): [Connection@378899824] response.heeader.x-oss-object-type = Normal
07-05 23:59:22.515 D/MediaHTTPConnection(17177): [Connection@378899824] response.heeader.x-oss-request-id = 591D64783FEA2FF75DF4AA6E
07-05 23:59:22.515 D/ADLog   ( 7859): ADDaoHandler => getADCodeInfo(String adCode = sys_ssv3)
07-05 23:59:22.515 D/MediaHTTPConnection(17177): [Connection@378899824] response.heeader.x-oss-server-time = 46
07-05 23:59:22.515 D/ADLog   ( 7859): DBManager => query(String adCode = sys_ssv3)
07-05 23:59:22.515 D/MediaHTTPConnection(17177): [Connection@378899824] response.heeader.x-oss-storage-class = Standard
07-05 23:59:22.517 I/NuCachedSource2( 1206): caching reached eos.
07-05 23:59:22.517 D/ADLog   ( 7859): DBManager => ADCodeInfo cursor.getCount() = 1
07-05 23:59:22.517 W/avc_utils( 1206): [3D detect]It is not SEI Nal
07-05 23:59:22.517 V/NuPlayer( 1206): Video input format 1920 x 1080
07-05 23:59:22.517 V/NuPlayer( 1206): updateVideoSize::rotationDegrees=0
07-05 23:59:22.517 W/avc_utils( 1206): [3D detect]It is not SEI Nal
07-05 23:59:22.517 D/ADLog   ( 7859): DBManager => queryPlayPolicy(adCode = sys_ssv3, packageName = com.jamdeo.screensaver)
07-05 23:59:22.517 E/NuPlayerDriver( 1206): notifyDuration (538083333)
07-05 23:59:22.518 W/avc_utils( 1206): [3D detect]It is not SEI Nal
07-05 23:59:22.519 E/ADLog   ( 7859): DBManager => query count is 0
07-05 23:59:22.521 D/ADLog   ( 7859): DBManager => ADCodeInfo [id=4, adCode=sys_ssv3, packageNamecom.jamdeo.screensaver, UpdateStatus=2, defaultAdID=1000000001239, defaultAdURL=http://download.hismarttv.com/epgdata/ImageAD/9000019139817.jpg, defaultAdPath=/data/data/com.hisense.service.ad/files/ad/9000019139817.jpg, defaultAdType=5, owner=hitv, lastUpdateTime=1499241562, lock=java.util.concurrent.locks.ReentrantLock@24292ca1[Unlocked], adInfos=[]]
07-05 23:59:22.521 D/ADLog   ( 7859): ADServiceHandler => current time:1499241562, lastUpdate time: 1499241562
07-05 23:59:22.522 D/ADLog   ( 7859): ADServiceHandler => app.getLastUsedAdId() is 1000000015547
07-05 23:59:22.522 D/ADLog   ( 7859): ADServiceHandler => lastShowAdID is 1000000015547
07-05 23:59:22.522 D/ADLog   ( 7859): ADServiceHandler => to find last used ad.
07-05 23:59:22.525 D/ADLog   ( 7859): DBManager => update(String table = AppADCodeInfo, Object obj = com.hisense.service.ad.bean.AppADCodeInfo@16a73ec6)
07-05 23:59:22.525 D/ADLog   ( 7859): DBManager => update(AppADCodeInfo info = com.hisense.service.ad.bean.AppADCodeInfo@16a73ec6)
07-05 23:59:22.525 D/ADLog   ( 7859): DBManager => update appcodeinfo---------------------
07-05 23:59:22.525 D/ADLog   ( 7859): DBManager => getValues(String tabName = AppADCodeInfo, Object object = com.hisense.service.ad.bean.AppADCodeInfo@16a73ec6)
07-05 23:59:22.528 I/NuCachedSource2( 1206): new range: offset= 1835008
07-05 23:59:22.528 I/NuCachedSource2( 1206): seekInternal_l ---- totalSize: 1835136
07-05 23:59:22.534 V/MediaPlayer-JNI(17177): getVideoWidth: 1920
07-05 23:59:22.535 V/MediaPlayer-JNI(17177): getVideoHeight: 1080
07-05 23:59:22.536 D/ADLog   ( 7859): DBManager => result = 1
07-05 23:59:22.536 E/MediaPlayer(17177): Should have subtitle controller already set
07-05 23:59:22.537 V/MediaPlayer-JNI(17177): getVideoWidth: 1920
07-05 23:59:22.537 V/MediaPlayer-JNI(17177): getVideoHeight: 1080
07-05 23:59:22.538 I/Carousel-UrlVideoView(17177): onMeasure(MeasureSpec: EXACTLY 816, MeasureSpec: EXACTLY 460)
07-05 23:59:22.538 D/Carousel-UrlVideoView(17177): widthSpecMode=1073741824
07-05 23:59:22.538 D/Carousel-UrlVideoView(17177): heightSpecMode=1073741824
07-05 23:59:22.538 D/Carousel-UrlVideoView(17177): widthSpecSize=816
07-05 23:59:22.538 D/Carousel-UrlVideoView(17177): heightSpecSize=460
07-05 23:59:22.538 I/Carousel-UrlVideoView(17177): onMeasure(MeasureSpec: EXACTLY 816, MeasureSpec: EXACTLY 460)
07-05 23:59:22.538 D/Carousel-UrlVideoView(17177): widthSpecMode=1073741824
07-05 23:59:22.538 D/Carousel-UrlVideoView(17177): heightSpecMode=1073741824
07-05 23:59:22.538 D/Carousel-UrlVideoView(17177): widthSpecSize=816
07-05 23:59:22.538 D/Carousel-UrlVideoView(17177): heightSpecSize=460
07-05 23:59:22.539 I/SurfaceView(17177): Changes: creating=false format=false size=true visible=false left=false top=false
07-05 23:59:22.539 I/SurfaceView(17177): Cur surface: Surface(name=null)/@0x1afd05c5
07-05 23:59:22.540 D/Surface ( 1733): onStatusChange() : mNativeObject = 547819090432 mUseImageHwRender = false
07-05 23:59:22.540 V/Surface ( 1733): nativeSetHardwareRender() : status = 0
07-05 23:59:22.540 V/Surface ( 1733): nativeSetHardwareRender() : end
07-05 23:59:22.546 I/VideoCapabilities(17177): Unsupported profile 4 for video/mp4v-es
07-05 23:59:22.547 V/PackageManager( 1733): getPackageInfo com.hisense.service.ad: Package{2fa4b490 com.hisense.service.ad}
07-05 23:59:22.548 I/TVMW@HsTvSetting( 1234): Trace cmd, data = 0x1058
07-05 23:59:22.548 D/til@system( 2026): til_get_system_param option:100002F int:0, bool:0, ret:0
07-05 23:59:22.549 I/TVMW@HsTvSetting( 1234): Trace cmd, data = 0x101f
07-05 23:59:22.549 D/til@system( 2026): til_get_system_param option:100001D int:3, bool:3, ret:0
07-05 23:59:22.549 E/til     ( 2026): [til_get_current_input_source, 101] 
07-05 23:59:22.549 I/TVMW@HsTvSetting( 1234): Trace cmd, data = 0x7007
07-05 23:59:22.549 I/tilwrapper@sm( 2026): HS2TIL_SourceType *hs=0xd, *til=0x900
07-05 23:59:22.549 D/til     ( 2026): get current source 2304
07-05 23:59:22.549 D/SourceRemoteServiceHandler( 2026): getCurrentInputSource.from.til.result is 0, value is 2304
07-05 23:59:22.549 D/SourceRemoteServiceHandler( 2026): getInputSourceType source: 0x900, type=2304
07-05 23:59:22.549 D/til     ( 2026): ###### func:til_get_picture_param option:0x3000006 ######  
07-05 23:59:22.550 I/TVMW@HsTvSetting( 1234): Trace cmd, data = 0x1003
07-05 23:59:22.551 I/TVMW@HsTvSetting( 1234): Trace cmd, data = 0x8032
07-05 23:59:22.551 I/hstvos  ( 1216): [0m[1;33m[HSHAL][HS_VIDEO][HS_HAL_Video_SetOsdDetect_v2][2389]u16Threshold = 20
07-05 23:59:22.552 I/MiSysSrv( 1214): Not support now! 42, change to mm_video!!!
07-05 23:59:22.552 E/TVMW@videoctrl( 1234):  getOsd is 1
07-05 23:59:22.552 D/til@system( 2026): til_get_system_param option:1000027 int:1, bool:1, ret:0
07-05 23:59:22.553 D/til     ( 2026): ###### func:til_get_picture_param option:0x3000045 ######  
07-05 23:59:22.553 I/TVMW@HsTvSetting( 1234): Trace cmd, data = 0x300c
07-05 23:59:22.553 I/TVMW@HsTvSetting( 1234): Trace 3d, data = 0x300c
07-05 23:59:22.553 I/TVMW@3d ( 1234): Hs_debug3d_trace: func:get3dStatus, line:109
07-05 23:59:22.557 D/ADLog   ( 7859): ADServiceHandler => return default ad for sys_ssv3
07-05 23:59:22.557 V/SurfaceView(17177): com.hisense.hitv.carouselwidgit.view.videoview.UrlVideoView{17594710 V.E..... ......I. 0,0-816,460} got resized: w=816 h=460, cur w=-1 h=-1
07-05 23:59:22.558 D/PowerManagerService( 1733): setScreenBrightnessOverrideFromWindowManagerInternal done
07-05 23:59:22.559 I/AdvertisementManager(17243): advertisement(type 8) show type=5
07-05 23:59:22.559 I/AdvertisementManager(17243): resource path: /data/data/com.hisense.service.ad/files/ad/9000019139817.jpg
07-05 23:59:22.559 D/AdvertisementManager(17243): onReceive(): notify advertisement content update, type:8
07-05 23:59:22.561 I/art     (17141): Background sticky concurrent mark sweep GC freed 17033(905KB) AllocSpace objects, 0(0B) LOS objects, 57% free, 723KB/1690KB, paused 5.793ms total 25.776ms
07-05 23:59:22.562 D/PowerManagerService( 1733): setScreenBrightnessOverrideFromWindowManagerInternal done
07-05 23:59:22.566 I/TransitionImageHelper( 2927): Transition AD images had been changed.
07-05 23:59:22.568 D/Player/Lib/Utils/SysUtils(17177): [TID 17208] [Check dolby]  Codec name=OMX.MS.M4V.Decoder
07-05 23:59:22.568 D/Player/Lib/Utils/SysUtils(17177): [TID 17208] [Check dolby]  Supported type=video/mp4v-es
07-05 23:59:22.568 D/Player/Lib/Utils/SysUtils(17177): [TID 17208] [Check dolby]  Codec name=OMX.MS.H263.Decoder
07-05 23:59:22.568 D/Player/Lib/Utils/SysUtils(17177): [TID 17208] [Check dolby]  Supported type=video/3gpp
07-05 23:59:22.568 D/Player/Lib/Utils/SysUtils(17177): [TID 17208] [Check dolby]  Codec name=OMX.MS.AVC.Decoder
07-05 23:59:22.568 D/Player/Lib/Utils/SysUtils(17177): [TID 17208] [Check dolby]  Supported type=video/avc
07-05 23:59:22.568 D/Player/Lib/Utils/SysUtils(17177): [TID 17208] [Check dolby]  Codec name=OMX.MS.HEVC.Decoder
07-05 23:59:22.569 D/Player/Lib/Utils/SysUtils(17177): [TID 17208] [Check dolby]  Supported type=video/hevc
07-05 23:59:22.569 D/Player/Lib/Utils/SysUtils(17177): [TID 17208] [Check H265] FOUND, current type = video/hevc
07-05 23:59:22.569 D/Player/Lib/Utils/SysUtils(17177): [TID 17208] [Check dolby]  Codec name=OMX.MS.MVC.Decoder
07-05 23:59:22.569 D/Player/Lib/Utils/SysUtils(17177): [TID 17208] [Check dolby]  Supported type=video/mvc
07-05 23:59:22.569 D/Player/Lib/Utils/SysUtils(17177): [TID 17208] [Check dolby]  Codec name=OMX.MS.MPEG2.Decoder
07-05 23:59:22.569 D/Player/Lib/Utils/SysUtils(17177): [TID 17208] [Check dolby]  Supported type=video/mpeg2
07-05 23:59:22.569 D/Player/Lib/Utils/SysUtils(17177): [TID 17208] [Check dolby]  Codec name=OMX.MS.VP8.Decoder
07-05 23:59:22.569 D/Player/Lib/Utils/SysUtils(17177): [TID 17208] [Check dolby]  Supported type=video/x-vnd.on2.vp8
07-05 23:59:22.569 D/Player/Lib/Utils/SysUtils(17177): [TID 17208] [Check dolby]  Codec name=OMX.MS.DIVX311.Decoder
07-05 23:59:22.569 D/Player/Lib/Utils/SysUtils(17177): [TID 17208] [Check dolby]  Supported type=video/divx3
07-05 23:59:22.569 D/Player/Lib/Utils/SysUtils(17177): [TID 17208] [Check dolby]  Codec name=OMX.MS.DIVX412.Decoder
07-05 23:59:22.569 D/Player/Lib/Utils/SysUtils(17177): [TID 17208] [Check dolby]  Supported type=video/divx4
07-05 23:59:22.569 D/Player/Lib/Utils/SysUtils(17177): [TID 17208] [Check dolby]  Codec name=OMX.MS.FLV.Decoder
07-05 23:59:22.569 D/Player/Lib/Utils/SysUtils(17177): [TID 17208] [Check dolby]  Supported type=video/flv
07-05 23:59:22.569 D/Player/Lib/Utils/SysUtils(17177): [TID 17208] [Check dolby]  Codec name=OMX.MS.VC1.Decoder
07-05 23:59:22.569 D/Player/Lib/Utils/SysUtils(17177): [TID 17208] [Check dolby]  Supported type=video/VC1
07-05 23:59:22.569 D/Player/Lib/Utils/SysUtils(17177): [TID 17208] [Check dolby]  Supported type=video/wvc1
07-05 23:59:22.569 D/Player/Lib/Utils/SysUtils(17177): [TID 17208] [Check dolby]  Codec name=OMX.MS.WMV3.Decoder
07-05 23:59:22.569 D/Player/Lib/Utils/SysUtils(17177): [TID 17208] [Check dolby]  Supported type=video/wmv3
07-05 23:59:22.569 D/Player/Lib/Utils/SysUtils(17177): [TID 17208] [Check dolby]  Codec name=OMX.MS.MJPG.Decoder
07-05 23:59:22.569 D/Player/Lib/Utils/SysUtils(17177): [TID 17208] [Check dolby]  Supported type=video/mjpeg
07-05 23:59:22.569 D/Player/Lib/Utils/SysUtils(17177): [TID 17208] [Check dolby]  Codec name=OMX.MS.AVS.Decoder
07-05 23:59:22.570 D/Player/Lib/Utils/SysUtils(17177): [TID 17208] [Check dolby]  Supported type=video/avs
07-05 23:59:22.570 D/Player/Lib/Utils/SysUtils(17177): [TID 17208] [Check dolby]  Codec name=OMX.MS.RV.Decoder
07-05 23:59:22.570 D/Player/Lib/Utils/SysUtils(17177): [TID 17208] [Check dolby]  Supported type=video/realvideo
07-05 23:59:22.570 D/Player/Lib/Utils/SysUtils(17177): [TID 17208] [Check dolby]  Codec name=OMX.google.aac.decoder
07-05 23:59:22.570 D/Player/Lib/Utils/SysUtils(17177): [TID 17208] [Check dolby]  Supported type=audio/mp4a-latm
07-05 23:59:22.570 D/Player/Lib/Utils/SysUtils(17177): [TID 17208] [Check dolby]  Codec name=OMX.google.mp3.decoder
07-05 23:59:22.570 D/Player/Lib/Utils/SysUtils(17177): [TID 17208] [Check dolby]  Supported type=audio/mpeg
07-05 23:59:22.570 D/Player/Lib/Utils/SysUtils(17177): [TID 17208] [Check dolby]  Codec name=OMX.MS.MP3.Decoder
07-05 23:59:22.570 D/Player/Lib/Utils/SysUtils(17177): [TID 17208] [Check dolby]  Supported type=audio/mpeg
07-05 23:59:22.570 D/Player/Lib/Utils/SysUtils(17177): [TID 17208] [Check dolby]  Supported type=audio/mpeg-L1
07-05 23:59:22.570 D/Player/Lib/Utils/SysUtils(17177): [TID 17208] [Check dolby]  Supported type=audio/mpeg-L2
07-05 23:59:22.570 D/Player/Lib/Utils/SysUtils(17177): [TID 17208] [Check dolby]  Codec name=OMX.MS.AAC.Decoder
07-05 23:59:22.570 D/Player/Lib/Utils/SysUtils(17177): [TID 17208] [Check dolby]  Supported type=audio/mp4a-latm
07-05 23:59:22.570 D/Player/Lib/Utils/SysUtils(17177): [TID 17208] [Check dolby]  Codec name=OMX.google.opus.decoder
07-05 23:59:22.570 D/Player/Lib/Utils/SysUtils(17177): [TID 17208] [Check dolby]  Supported type=audio/opus
07-05 23:59:22.570 D/Player/Lib/Utils/SysUtils(17177): [TID 17208] [Check dolby]  Codec name=OMX.google.vorbis.decoder
07-05 23:59:22.570 D/Player/Lib/Utils/SysUtils(17177): [TID 17208] [Check dolby]  Supported type=audio/vorbis
07-05 23:59:22.571 D/Player/Lib/Utils/SysUtils(17177): [TID 17208] [Check dolby]  Codec name=OMX.MS.VORBIS.Decoder
07-05 23:59:22.571 D/Player/Lib/Utils/SysUtils(17177): [TID 17208] [Check dolby]  Supported type=audio/vorbis
07-05 23:59:22.571 D/Player/Lib/Utils/SysUtils(17177): [TID 17208] [Check dolby]  Codec name=OMX.MS.ADPCM.Decoder
07-05 23:59:22.571 D/Player/Lib/Utils/SysUtils(17177): [TID 17208] [Check dolby]  Supported type=audio/adpcm
07-05 23:59:22.574 D/Surface ( 1733): onStatusChange() : mNativeObject = 0 mUseImageHwRender = false
07-05 23:59:22.574 D/Surface (17177): onStatusChange() : mNativeObject = -195843328 mUseImageHwRender = false
07-05 23:59:22.574 V/Surface (17177): nativeSetHardwareRender() : status = 0
07-05 23:59:22.574 V/Surface (17177): nativeSetHardwareRender() : end
07-05 23:59:22.574 I/SurfaceView(17177): New surface: Surface(name=null)/@0x10dbab1a, vis=true, frame=Rect(549, 205 - 1365, 665)
07-05 23:59:22.575 D/Surface (17177): onStatusChange() : mNativeObject = 0 mUseImageHwRender = false
07-05 23:59:22.575 D/Surface (17177): onStatusChange() : mNativeObject = -195843328 mUseImageHwRender = false
07-05 23:59:22.575 V/Surface (17177): nativeSetHardwareRender() : status = 0
07-05 23:59:22.575 V/Surface (17177): nativeSetHardwareRender() : end
07-05 23:59:22.575 I/SurfaceView(17177): surfaceChanged -- format=4 w=1920 h=1080
07-05 23:59:22.575 D/Carousel-UrlVideoView(17177): surfaceChanged
07-05 23:59:22.575 D/Carousel-UrlVideoView(17177): isValidState:true,hasValidSize:true
07-05 23:59:22.575 D/Carousel-UrlVideoView(17177): mVideoWidth:1920,mVideoHeight:1080,w:1920,h:1080
07-05 23:59:22.576 D/Carousel-UrlVideoView(17177): ===============>surfaceChanged start
07-05 23:59:22.577 V/MediaPlayer-JNI(17177): start
07-05 23:59:22.577 D/NuPlayerDriver( 1206): start(0xf3689ca0)
07-05 23:59:22.577 V/NuPlayer( 1206): kWhatStart
07-05 23:59:22.577 V/NuPlayer( 1206): [NuPlayerRequestResourcesAsync-3121]
07-05 23:59:22.577 V/RMClient( 1206): #486:requestResourceAsync
07-05 23:59:22.577 V/NuPlayer( 1206): [NuPlayerWaitResourcesAllocation-3143]
07-05 23:59:22.577 D/Player/Lib/Utils/SysUtils(17177): [TID 17208] [Check dolby]  Codec name=OMX.MS.LPCM.Decoder
07-05 23:59:22.578 D/Player/Lib/Utils/SysUtils(17177): [TID 17208] [Check dolby]  Supported type=audio/lpcm
07-05 23:59:22.578 D/Player/Lib/Utils/SysUtils(17177): [TID 17208] [Check dolby]  Codec name=OMX.MS.RA.Decoder
07-05 23:59:22.578 D/ADLog   ( 7859): ADInfo => addJsonExtra(String key = ad_on_jump, String value = {"startupType":4,"startupUrl":[{"key":"startupType","value":3,"type":"int"},{"key":"packageName","value":"com.hisense.hicloud.edca","type":"String"}]})
07-05 23:59:22.578 D/Player/Lib/Utils/SysUtils(17177): [TID 17208] [Check dolby]  Supported type=audio/cook
07-05 23:59:22.578 D/Player/Lib/Utils/SysUtils(17177): [TID 17208] [Check dolby]  Codec name=OMX.MS.WMA.Decoder
07-05 23:59:22.578 D/ADLog   ( 7859): ADInfo => mJsonExtras = {"ad_on_jump":"{\"startupType\":4,\"startupUrl\":[{\"key\":\"startupType\",\"value\":3,\"type\":\"int\"},{\"key\":\"packageName\",\"value\":\"com.hisense.hicloud.edca\",\"type\":\"String\"}]}"}
07-05 23:59:22.578 D/Player/Lib/Utils/SysUtils(17177): [TID 17208] [Check dolby]  Supported type=audio/x-ms-wma
07-05 23:59:22.578 D/ADLog   ( 7859): ADServiceHandler => postExecute
07-05 23:59:22.578 D/Player/Lib/Utils/SysUtils(17177): [TID 17208] [Check dolby]  Codec name=OMX.MS.AC3.Decoder
07-05 23:59:22.578 V/SurfaceView(17177): Layout: x=549 y=205 w=816 h=460, frame=Rect(0, 0 - 816, 460)
07-05 23:59:22.578 D/Player/Lib/Utils/SysUtils(17177): [TID 17208] [Check dolby]  Supported type=audio/ac3
07-05 23:59:22.578 D/Player/Lib/Utils/SysUtils(17177): [TID 17208] [Check dolby] FOUND, current type = audio/ac3
07-05 23:59:22.578 W/AudioCapabilities(17177): Unsupported mime audio/ac3
07-05 23:59:22.578 D/Player/Lib/Utils/SysUtils(17177): [TID 17208] [Check dolby]  ProfileLevels size:0
07-05 23:59:22.578 D/Player/Lib/Utils/SysUtils(17177): [TID 17208] DEVICE_SUPPORT_DOLBY=true, DEVICE_SUPPORT_H265=true
07-05 23:59:22.579 V/RMClient( 1206): #486:onMessageReceived creq
07-05 23:59:22.579 V/RMClient( 1206): #486:kWhatCmdResourceRequest
07-05 23:59:22.583 V/RMAllocator( 1198): handleRequest
07-05 23:59:22.582 V/PackageManager( 1733): getPackageInfo com.hisense.service.ad: Package{2fa4b490 com.hisense.service.ad}
07-05 23:59:22.586 D/ADLog   ( 7859): ADDaoHandler => update ADCodeInfo
07-05 23:59:22.586 D/ADLog   ( 7859): DBManager => update(String table = ADCodeInfo, Object obj = ADCodeInfo [id=5, adCode=ad_on_cv4, packageNamecom.jamdeo.tv.advertisementproxy, UpdateStatus=2, defaultAdID=1000000006433, defaultAdURL=http://download.hismarttv.com/epgdata/ImageAD/9000019159462.zip, defaultAdPath=/data/data/com.hisense.service.ad/files/ad/9000019159462.zip, defaultAdType=9, owner=hitv, lastUpdateTime=1499241562, lock=java.util.concurrent.locks.ReentrantLock@12ee8325[Locked by thread pool-1-thread-1], adInfos=[com.hisense.service.ad.bean.ADInfo@f214cfa]])
07-05 23:59:22.586 D/ADLog   ( 7859): DBManager => getValues(String tabName = ADCodeInfo, Object object = ADCodeInfo [id=5, adCode=ad_on_cv4, packageNamecom.jamdeo.tv.advertisementproxy, UpdateStatus=2, defaultAdID=1000000006433, defaultAdURL=http://download.hismarttv.com/epgdata/ImageAD/9000019159462.zip, defaultAdPath=/data/data/com.hisense.service.ad/files/ad/9000019159462.zip, defaultAdType=9, owner=hitv, lastUpdateTime=1499241562, lock=java.util.concurrent.locks.ReentrantLock@12ee8325[Locked by thread pool-1-thread-1], adInfos=[com.hisense.service.ad.bean.ADInfo@f214cfa]])
07-05 23:59:22.587 D/ADLog   ( 7859): CommonUtils => getStringFromList:   [{"id":"8","code":"hitvdef","url":"http:\/\/api.hismarttv.com\/adapi\/getlogopic?type=0&ac=${ADCODE}&pid=${ADPOLICY}&aid=${ADID}&did=${DEVICEID}&t=${TIME}&act=${ACTION}&dt=${DISPLAYTIMES}&tz=${TIMEZONE}&mac=${MAC}"}]
07-05 23:59:22.587 V/RMClient( 1206): #485:~RMClient
07-05 23:59:22.587 V/RMClient( 1206): #485:RMClient::returnAllResourcesAsync
07-05 23:59:22.587 V/RMAllocator( 1198): handleRequest new ClientInfo, client=2378240064 id=486
07-05 23:59:22.587 I/NuPlayer( 1206): NuPlayerRMClientListener::~NuPlayerRMClientListener
07-05 23:59:22.587 V/RMClientListener( 1206): ~RMClientListener
07-05 23:59:22.587 I/RMAllocator( 1198): ClientInfo this=2378256704, mRMClient=2378240064. id=486
07-05 23:59:22.588 V/RMAllocator( 1198): handleRequest new ClientInfo=2378256704, client=2378240064 id=486
07-05 23:59:22.588 D/TVEmuRMService_main( 1198): type =10 , pip=0 
07-05 23:59:22.588 D/TVEmuRMService_main( 1198): pip disable path 
07-05 23:59:22.588 D/TVEmuRMService_main( 1198): type =11 , pip=0 
07-05 23:59:22.588 D/TVEmuRMService_main( 1198): pip disable path 
07-05 23:59:22.588 D/TVEmuRMService_main( 1198): type =12 , pip=0 
07-05 23:59:22.588 D/TVEmuRMService_main( 1198): pip disable path 
07-05 23:59:22.588 D/TVEmuRMService_main( 1198): type =13 , pip=0 
07-05 23:59:22.588 D/TVEmuRMService_main( 1198): pip disable path 
07-05 23:59:22.588 V/RMAllocator( 1198): allocateResources
07-05 23:59:22.588 V/RMAllocator( 1198): allocateOneResource
