07-06 01:20:37.794 I/MyFragmentStateAdapter(29183): getCount
07-06 01:20:37.797 W/System.err(29183): 	at libcore.io.IoBridge.isConnected(IoBridge.java:238)
07-06 01:20:37.797 D/MC_MEMORY( 4735): max: 256.261888 Mb, heap: 10.10783 Mb, allocated: 9.9282 Mb, free: 1.1500 Mb, native heap: 12.12276 Mb, native allocated: 8.8391 Mb, native free: 3.3885 Mb
07-06 01:20:37.797 W/System.err(29183): 	at libcore.io.IoBridge.connectErrno(IoBridge.java:171)
07-06 01:20:37.797 W/System.err(29183): 	at libcore.io.IoBridge.connect(IoBridge.java:122)
07-06 01:20:37.797 W/System.err(29183): 	at java.net.PlainSocketImpl.connect(PlainSocketImpl.java:183)
07-06 01:20:37.797 W/System.err(29183): 	at java.net.PlainSocketImpl.connect(PlainSocketImpl.java:456)
07-06 01:20:37.797 W/System.err(29183): 	at java.net.Socket.connect(Socket.java:882)
07-06 01:20:37.797 W/System.err(29183): 	at com.android.okhttp.internal.Platform.connectSocket(Platform.java:174)
07-06 01:20:37.797 W/System.err(29183): 	at com.android.okhttp.Connection.connect(Connection.java:152)
07-06 01:20:37.797 W/System.err(29183): 	at com.android.okhttp.internal.http.HttpEngine.connect(HttpEngine.java:276)
07-06 01:20:37.797 W/System.err(29183): 	at com.android.okhttp.internal.http.HttpEngine.sendRequest(HttpEngine.java:211)
07-06 01:20:37.797 W/System.err(29183): 	at com.android.okhttp.internal.http.HttpURLConnectionImpl.execute(HttpURLConnectionImpl.java:382)
07-06 01:20:37.797 W/System.err(29183): 	at com.android.okhttp.internal.http.HttpURLConnectionImpl.connect(HttpURLConnectionImpl.java:106)
07-06 01:20:37.797 W/System.err(29183): 	at com.hisense.hitv.hicloud.util.ExceptionReport.a(ExceptionReport.java:337)
07-06 01:20:37.797 W/System.err(29183): 	at com.hisense.hitv.hicloud.util.ExceptionReport.a(ExceptionReport.java:39)
07-06 01:20:37.797 W/System.err(29183): 	at com.hisense.hitv.hicloud.util.ExceptionReport$1.run(ExceptionReport.java:83)
07-06 01:20:37.797 W/System.err(29183): 	at java.lang.Thread.run(Thread.java:818)
07-06 01:20:37.797 W/System.err(29183): Caused by: android.system.ErrnoException: isConnected failed: ECONNREFUSED (Connection refused)
07-06 01:20:37.797 W/System.err(29183): 	at libcore.io.IoBridge.isConnected(IoBridge.java:223)
07-06 01:20:37.797 W/System.err(29183): 	... 15 more
07-06 01:20:37.834 I/MyFragmentStateAdapter(29183): getCount
07-06 01:20:37.854 D/MSTAR_VDEC_DBG( 1206): Stream ID: 0, Rate : 6 (E:0,D:0,S:0,F:24) 
07-06 01:20:37.862 I/MyFragmentStateAdapter(29183): getCount
07-06 01:20:37.909 I/MyFragmentStateAdapter(29183): getCount
07-06 01:20:37.971 I/MyFragmentStateAdapter(29183): getCount
07-06 01:20:38.007 I/TVMW@HsTvSetting( 1234): Trace cmd, data = 0x1058
07-06 01:20:38.007 D/til@system( 2026): til_get_system_param option:100002F int:0, bool:0, ret:0
07-06 01:20:38.007 I/TVMW@HsTvSetting( 1234): Trace cmd, data = 0x101f
07-06 01:20:38.007 D/til@system( 2026): til_get_system_param option:100001D int:3, bool:3, ret:0
07-06 01:20:38.007 E/til     ( 2026): [til_get_current_input_source, 101] 
07-06 01:20:38.007 I/TVMW@HsTvSetting( 1234): Trace cmd, data = 0x7007
07-06 01:20:38.008 I/tilwrapper@sm( 2026): HS2TIL_SourceType *hs=0xd, *til=0x900
07-06 01:20:38.008 D/til     ( 2026): get current source 2304
07-06 01:20:38.008 D/SourceRemoteServiceHandler( 2026): getCurrentInputSource.from.til.result is 0, value is 2304
07-06 01:20:38.008 D/SourceRemoteServiceHandler( 2026): getInputSourceType source: 0x900, type=2304
07-06 01:20:38.008 D/til     ( 2026): ###### func:til_get_picture_param option:0x3000006 ######  
07-06 01:20:38.008 I/TVMW@HsTvSetting( 1234): Trace cmd, data = 0x1003
07-06 01:20:38.008 I/TVMW@HsTvSetting( 1234): Trace cmd, data = 0x8032
07-06 01:20:38.009 I/hstvos  ( 1216): [0m[1;33m[HSHAL][HS_VIDEO][HS_HAL_Video_SetOsdDetect_v2][2389]u16Threshold = 20
07-06 01:20:38.009 I/MyFragmentStateAdapter(29183): getCount
07-06 01:20:38.011 E/TVMW@videoctrl( 1234):  getOsd is 1
07-06 01:20:38.011 D/til@system( 2026): til_get_system_param option:1000027 int:1, bool:1, ret:0
07-06 01:20:38.012 D/til     ( 2026): ###### func:til_get_picture_param option:0x3000045 ######  
07-06 01:20:38.012 I/TVMW@HsTvSetting( 1234): Trace cmd, data = 0x300c
07-06 01:20:38.012 I/TVMW@HsTvSetting( 1234): Trace 3d, data = 0x300c
07-06 01:20:38.012 I/TVMW@3d ( 1234): Hs_debug3d_trace: func:get3dStatus, line:109
07-06 01:20:38.030 I/MyFragmentStateAdapter(29183): getCount
07-06 01:20:38.061 I/MyFragmentStateAdapter(29183): getCount
07-06 01:20:38.064 D/QrRecognization( 2232): handleMessage msg=4
07-06 01:20:38.064 D/QrRecognization( 2232): handleMessage msg=1
07-06 01:20:38.064 D/QrRecognization( 2232): start update screenshot
07-06 01:20:38.064 D/QrRecognization( 2232): QR detection is not enabled in tile com.hisense.hicloud.edca
07-06 01:20:38.064 D/QrRecognization( 2232): error in getBitmap from screen
07-06 01:20:38.071 I/MiSysSrv( 1214): [37m[INFO] Change to Voltage: 112 mv (0x2D)[m
07-06 01:20:38.090 I/NetflixMonitorService( 1733): current fgapk : com.hisense.hicloud.edca
07-06 01:20:38.090 I/NetflixMonitorService( 1733): Netflix status unchanged
07-06 01:20:38.111 I/MyFragmentStateAdapter(29183): getCount
07-06 01:20:38.128 D/PowerManagerService( 1733): releaseWakeLockInternal: lock=829474078 [AudioMix], flags=0x0
07-06 01:20:38.129 D/PowerManagerNotifier( 1733): onWakeLockReleased: flags=1, tag="AudioMix", packageName=media, ownerUid=1013, ownerPid=0, workSource=null
07-06 01:20:38.153 I/MyFragmentStateAdapter(29183): getCount
07-06 01:20:38.181 I/MyFragmentStateAdapter(29183): getCount
07-06 01:20:38.229 I/MyFragmentStateAdapter(29183): getCount
07-06 01:20:38.256 I/MyFragmentStateAdapter(29183): getCount
07-06 01:20:38.270 I/MiSysSrv( 1214): [37m[INFO] Change to Voltage: 117 mv (0x32)[m
07-06 01:20:38.296 I/MyFragmentStateAdapter(29183): getCount
07-06 01:20:38.340 I/MyFragmentStateAdapter(29183): getCount
07-06 01:20:38.381 I/MyFragmentStateAdapter(29183): getCount
07-06 01:20:38.406 I/TVMW@devctrl( 1234): wdt
07-06 01:20:38.419 I/MyFragmentStateAdapter(29183): getCount
07-06 01:20:38.446 I/MyFragmentStateAdapter(29183): getCount
07-06 01:20:38.475 I/MyFragmentStateAdapter(29183): getCount
07-06 01:20:38.513 I/TVMW@HsTvSetting( 1234): Trace cmd, data = 0x1058
07-06 01:20:38.513 D/til@system( 2026): til_get_system_param option:100002F int:0, bool:0, ret:0
07-06 01:20:38.513 I/TVMW@HsTvSetting( 1234): Trace cmd, data = 0x101f
07-06 01:20:38.513 D/til@system( 2026): til_get_system_param option:100001D int:3, bool:3, ret:0
07-06 01:20:38.513 E/til     ( 2026): [til_get_current_input_source, 101] 
07-06 01:20:38.514 I/TVMW@HsTvSetting( 1234): Trace cmd, data = 0x7007
07-06 01:20:38.514 I/tilwrapper@sm( 2026): HS2TIL_SourceType *hs=0xd, *til=0x900
07-06 01:20:38.514 D/til     ( 2026): get current source 2304
07-06 01:20:38.514 D/SourceRemoteServiceHandler( 2026): getCurrentInputSource.from.til.result is 0, value is 2304
07-06 01:20:38.514 D/SourceRemoteServiceHandler( 2026): getInputSourceType source: 0x900, type=2304
07-06 01:20:38.514 D/til     ( 2026): ###### func:til_get_picture_param option:0x3000006 ######  
07-06 01:20:38.514 I/TVMW@HsTvSetting( 1234): Trace cmd, data = 0x1003
07-06 01:20:38.515 I/TVMW@HsTvSetting( 1234): Trace cmd, data = 0x8032
07-06 01:20:38.515 I/hstvos  ( 1216): [0m[1;33m[HSHAL][HS_VIDEO][HS_HAL_Video_SetOsdDetect_v2][2389]u16Threshold = 20
07-06 01:20:38.515 E/TVMW@videoctrl( 1234):  getOsd is 1
07-06 01:20:38.516 D/til@system( 2026): til_get_system_param option:1000027 int:1, bool:1, ret:0
07-06 01:20:38.516 D/til     ( 2026): ###### func:til_get_picture_param option:0x3000045 ######  
07-06 01:20:38.516 I/TVMW@HsTvSetting( 1234): Trace cmd, data = 0x300c
07-06 01:20:38.516 I/TVMW@HsTvSetting( 1234): Trace 3d, data = 0x300c
07-06 01:20:38.516 I/TVMW@3d ( 1234): Hs_debug3d_trace: func:get3dStatus, line:109
07-06 01:20:38.531 I/MyFragmentStateAdapter(29183): getCount
07-06 01:20:38.625 I/HLSP2P  ( 3457): ## 2017-07-06 01:20:38.623 [3457,3628,:0] INFO ## [HLSP2P][TaskManager.cpp:855][INFO][UpdateGlobalInfo]totalDataSize: 0, totalMemorySize: 0, totalCacheSize: 0, curUploadSpeedKB: 0
07-06 01:20:38.632 I/HLSP2P  ( 3457): ## 2017-07-06 01:20:38.624 [3457,3628,:0] INFO ## [HLSP2P][TaskManager.cpp:1325][INFO][TryAdjustMemorySize]system memory total size: 1912M, free size: 349MB, cache add to 30MB, AppState: 14
07-06 01:20:38.715 I/MyFragmentStateAdapter(29183): getCount
07-06 01:20:38.760 I/MyFragmentStateAdapter(29183): getCount
07-06 01:20:38.799 I/MyFragmentStateAdapter(29183): getCount
07-06 01:20:38.831 I/MyFragmentStateAdapter(29183): getCount
07-06 01:20:38.854 D/MSTAR_VDEC_DBG( 1206): Stream ID: 0, Rate : 24 (E:0,D:0,S:0,F:48) 
07-06 01:20:38.867 I/MyFragmentStateAdapter(29183): getCount
07-06 01:20:38.895 I/MyFragmentStateAdapter(29183): getCount
07-06 01:20:38.933 I/MyFragmentStateAdapter(29183): getCount
07-06 01:20:38.948 E/btif_config( 2964): [btif_config_get] node is TRUE!
07-06 01:20:38.948 E/btif_config( 2964): [btif_config_get] ret is TRUE!
07-06 01:20:38.972 I/MyFragmentStateAdapter(29183): getCount
07-06 01:20:39.003 D/MutilScreenService(29183): Mutilscreen,mFoundSelf---false
07-06 01:20:39.017 I/TVMW@HsTvSetting( 1234): Trace cmd, data = 0x1058
07-06 01:20:39.018 D/til@system( 2026): til_get_system_param option:100002F int:0, bool:0, ret:0
07-06 01:20:39.018 I/TVMW@HsTvSetting( 1234): Trace cmd, data = 0x101f
07-06 01:20:39.018 D/til@system( 2026): til_get_system_param option:100001D int:3, bool:3, ret:0
07-06 01:20:39.019 E/til     ( 2026): [til_get_current_input_source, 101] 
07-06 01:20:39.019 I/TVMW@HsTvSetting( 1234): Trace cmd, data = 0x7007
07-06 01:20:39.019 I/tilwrapper@sm( 2026): HS2TIL_SourceType *hs=0xd, *til=0x900
07-06 01:20:39.019 D/til     ( 2026): get current source 2304
07-06 01:20:39.019 D/SourceRemoteServiceHandler( 2026): getCurrentInputSource.from.til.result is 0, value is 2304
07-06 01:20:39.020 D/SourceRemoteServiceHandler( 2026): getInputSourceType source: 0x900, type=2304
07-06 01:20:39.020 D/til     ( 2026): ###### func:til_get_picture_param option:0x3000006 ######  
07-06 01:20:39.020 I/TVMW@HsTvSetting( 1234): Trace cmd, data = 0x1003
07-06 01:20:39.022 I/TVMW@HsTvSetting( 1234): Trace cmd, data = 0x8032
07-06 01:20:39.023 I/hstvos  ( 1216): [0m[1;33m[HSHAL][HS_VIDEO][HS_HAL_Video_SetOsdDetect_v2][2389]u16Threshold = 20
07-06 01:20:39.024 E/TVMW@videoctrl( 1234):  getOsd is 1
07-06 01:20:39.025 D/til@system( 2026): til_get_system_param option:1000027 int:1, bool:1, ret:0
07-06 01:20:39.026 D/til     ( 2026): ###### func:til_get_picture_param option:0x3000045 ######  
07-06 01:20:39.026 I/TVMW@HsTvSetting( 1234): Trace cmd, data = 0x300c
07-06 01:20:39.026 I/TVMW@HsTvSetting( 1234): Trace 3d, data = 0x300c
07-06 01:20:39.026 I/TVMW@3d ( 1234): Hs_debug3d_trace: func:get3dStatus, line:109
07-06 01:20:39.032 I/MyFragmentStateAdapter(29183): getCount
07-06 01:20:39.039 E/WifiStateMachine( 1733): handleMessage: E msg.what=131157
07-06 01:20:39.039 E/WifiStateMachine( 1733): processMsg: InitialState
07-06 01:20:39.040 E/WifiStateMachine( 1733): processMsg: DefaultState
07-06 01:20:39.040 E/WifiStateMachine( 1733): Error! unhandled message{ when=-1ms what=131157 target=com.android.internal.util.StateMachine$SmHandler }
07-06 01:20:39.040 E/WifiStateMachine( 1733): handleMessage: X
07-06 01:20:39.044 D/MutilScreenService.java(29183): VodLog-[onHandleIntent:79]Start_Server
07-06 01:20:39.066 D/MutilScreenService(29183): Started,ServerSocket:/::----48650
07-06 01:20:39.082 I/MyFragmentStateAdapter(29183): getCount
07-06 01:20:39.091 I/NetflixMonitorService( 1733): current fgapk : com.hisense.hicloud.edca
07-06 01:20:39.091 I/NetflixMonitorService( 1733): Netflix status unchanged
07-06 01:20:39.115 I/MyFragmentStateAdapter(29183): getCount
07-06 01:20:39.130 E/btif_config( 2964): [btif_config_get] node is TRUE!
07-06 01:20:39.130 E/btif_config( 2964): [btif_config_get] ret is TRUE!
07-06 01:20:39.147 D/MyLocalStartService( 5648): currentName is :com.hisense.hicloud.edca
07-06 01:20:39.156 I/MyFragmentStateAdapter(29183): getCount
07-06 01:20:39.218 D/DtvSourcePlugin-DVBC( 4289): Setting the EPG Updater state to: WAIT
07-06 01:20:39.240 I/MyFragmentStateAdapter(29183): getCount
07-06 01:20:39.284 I/MyFragmentStateAdapter(29183): getCount
07-06 01:20:39.306 I/MyFragmentStateAdapter(29183): getCount
07-06 01:20:39.312 E/btif_config( 2964): [btif_config_get] node is TRUE!
07-06 01:20:39.312 E/btif_config( 2964): [btif_config_get] ret is TRUE!
07-06 01:20:39.319 I/TVMW@devctrl( 1234): wdt
07-06 01:20:39.330 I/MyFragmentStateAdapter(29183): getCount
07-06 01:20:39.445 I/MyFragmentStateAdapter(29183): getCount
07-06 01:20:39.474 I/MyFragmentStateAdapter(29183): getCount
07-06 01:20:39.494 E/btif_config( 2964): [btif_config_get] node is TRUE!
07-06 01:20:39.494 E/btif_config( 2964): [btif_config_get] ret is TRUE!
07-06 01:20:39.507 I/MyFragmentStateAdapter(29183): getCount
07-06 01:20:39.528 I/TVMW@HsTvSetting( 1234): Trace cmd, data = 0x1058
07-06 01:20:39.529 D/til@system( 2026): til_get_system_param option:100002F int:0, bool:0, ret:0
07-06 01:20:39.532 I/TVMW@HsTvSetting( 1234): Trace cmd, data = 0x101f
07-06 01:20:39.532 D/til@system( 2026): til_get_system_param option:100001D int:3, bool:3, ret:0
07-06 01:20:39.532 E/til     ( 2026): [til_get_current_input_source, 101] 
07-06 01:20:39.533 I/TVMW@HsTvSetting( 1234): Trace cmd, data = 0x7007
07-06 01:20:39.533 I/tilwrapper@sm( 2026): HS2TIL_SourceType *hs=0xd, *til=0x900
07-06 01:20:39.533 D/til     ( 2026): get current source 2304
07-06 01:20:39.533 D/SourceRemoteServiceHandler( 2026): getCurrentInputSource.from.til.result is 0, value is 2304
07-06 01:20:39.533 D/SourceRemoteServiceHandler( 2026): getInputSourceType source: 0x900, type=2304
07-06 01:20:39.533 D/til     ( 2026): ###### func:til_get_picture_param option:0x3000006 ######  
07-06 01:20:39.533 I/TVMW@HsTvSetting( 1234): Trace cmd, data = 0x1003
07-06 01:20:39.534 I/TVMW@HsTvSetting( 1234): Trace cmd, data = 0x8032
07-06 01:20:39.534 I/hstvos  ( 1216): [0m[1;33m[HSHAL][HS_VIDEO][HS_HAL_Video_SetOsdDetect_v2][2389]u16Threshold = 20
07-06 01:20:39.534 E/TVMW@videoctrl( 1234):  getOsd is 1
07-06 01:20:39.535 D/til@system( 2026): til_get_system_param option:1000027 int:1, bool:1, ret:0
07-06 01:20:39.535 D/til     ( 2026): ###### func:til_get_picture_param option:0x3000045 ######  
07-06 01:20:39.535 I/TVMW@HsTvSetting( 1234): Trace cmd, data = 0x300c
07-06 01:20:39.535 I/TVMW@HsTvSetting( 1234): Trace 3d, data = 0x300c
07-06 01:20:39.535 I/TVMW@3d ( 1234): Hs_debug3d_trace: func:get3dStatus, line:109
07-06 01:20:39.537 I/MyFragmentStateAdapter(29183): getCount
07-06 01:20:39.575 I/MyFragmentStateAdapter(29183): getCount
07-06 01:20:39.623 I/MyFragmentStateAdapter(29183): getCount
07-06 01:20:39.650 I/MyFragmentStateAdapter(29183): getCount
07-06 01:20:39.671 I/MyFragmentStateAdapter(29183): getCount
07-06 01:20:39.697 I/MyFragmentStateAdapter(29183): getCount
07-06 01:20:39.741 I/MyFragmentStateAdapter(29183): getCount
07-06 01:20:39.768 I/MyFragmentStateAdapter(29183): getCount
07-06 01:20:39.795 I/MyFragmentStateAdapter(29183): getCount
07-06 01:20:39.826 I/MyFragmentStateAdapter(29183): getCount
07-06 01:20:39.855 D/MSTAR_VDEC_DBG( 1206): Stream ID: 0, Rate : 24 (E:0,D:0,S:0,F:72) 
07-06 01:20:39.863 I/MyFragmentStateAdapter(29183): getCount
07-06 01:20:39.893 I/MyFragmentStateAdapter(29183): getCount
07-06 01:20:39.921 I/MyFragmentStateAdapter(29183): getCount
07-06 01:20:39.958 I/MyFragmentStateAdapter(29183): getCount
07-06 01:20:39.999 I/MyFragmentStateAdapter(29183): getCount
07-06 01:20:40.039 I/TVMW@HsTvSetting( 1234): Trace cmd, data = 0x1058
07-06 01:20:40.039 D/til@system( 2026): til_get_system_param option:100002F int:0, bool:0, ret:0
07-06 01:20:40.039 I/TVMW@HsTvSetting( 1234): Trace cmd, data = 0x101f
07-06 01:20:40.040 D/til@system( 2026): til_get_system_param option:100001D int:3, bool:3, ret:0
07-06 01:20:40.040 E/til     ( 2026): [til_get_current_input_source, 101] 
07-06 01:20:40.040 I/TVMW@HsTvSetting( 1234): Trace cmd, data = 0x7007
07-06 01:20:40.040 I/tilwrapper@sm( 2026): HS2TIL_SourceType *hs=0xd, *til=0x900
07-06 01:20:40.040 D/til     ( 2026): get current source 2304
07-06 01:20:40.040 D/SourceRemoteServiceHandler( 2026): getCurrentInputSource.from.til.result is 0, value is 2304
07-06 01:20:40.040 D/SourceRemoteServiceHandler( 2026): getInputSourceType source: 0x900, type=2304
07-06 01:20:40.040 D/til     ( 2026): ###### func:til_get_picture_param option:0x3000006 ######  
07-06 01:20:40.040 I/TVMW@HsTvSetting( 1234): Trace cmd, data = 0x1003
07-06 01:20:40.041 I/TVMW@HsTvSetting( 1234): Trace cmd, data = 0x8032
07-06 01:20:40.041 I/hstvos  ( 1216): [0m[1;33m[HSHAL][HS_VIDEO][HS_HAL_Video_SetOsdDetect_v2][2389]u16Threshold = 20
07-06 01:20:40.041 E/TVMW@videoctrl( 1234):  getOsd is 1
07-06 01:20:40.042 D/til@system( 2026): til_get_system_param option:1000027 int:1, bool:1, ret:0
07-06 01:20:40.042 D/til     ( 2026): ###### func:til_get_picture_param option:0x3000045 ######  
07-06 01:20:40.042 I/TVMW@HsTvSetting( 1234): Trace cmd, data = 0x300c
07-06 01:20:40.042 I/TVMW@HsTvSetting( 1234): Trace 3d, data = 0x300c
07-06 01:20:40.042 I/TVMW@3d ( 1234): Hs_debug3d_trace: func:get3dStatus, line:109
07-06 01:20:40.044 I/MyFragmentStateAdapter(29183): getCount
07-06 01:20:40.080 I/MyFragmentStateAdapter(29183): getCount
07-06 01:20:40.091 I/NetflixMonitorService( 1733): current fgapk : com.hisense.hicloud.edca
07-06 01:20:40.091 I/NetflixMonitorService( 1733): Netflix status unchanged
07-06 01:20:40.111 I/MyFragmentStateAdapter(29183): getCount
07-06 01:20:40.140 I/MyFragmentStateAdapter(29183): getCount
07-06 01:20:40.180 I/MyFragmentStateAdapter(29183): getCount
07-06 01:20:40.220 I/TVMW@devctrl( 1234): wdt
07-06 01:20:40.236 I/MyFragmentStateAdapter(29183): getCount
07-06 01:20:40.277 I/art     (29183): Background sticky concurrent mark sweep GC freed 51927(1708KB) AllocSpace objects, 1(16KB) LOS objects, 5% free, 34MB/36MB, paused 5.113ms total 94.446ms
07-06 01:20:40.284 I/MyFragmentStateAdapter(29183): getCount
07-06 01:20:40.312 I/MyFragmentStateAdapter(29183): getCount
07-06 01:20:40.352 I/MyFragmentStateAdapter(29183): getCount
07-06 01:20:40.383 I/MyFragmentStateAdapter(29183): getCount
07-06 01:20:40.409 I/MyFragmentStateAdapter(29183): getCount
07-06 01:20:40.444 I/MyFragmentStateAdapter(29183): getCount
07-06 01:20:40.475 I/MyFragmentStateAdapter(29183): getCount
07-06 01:20:40.520 I/MyFragmentStateAdapter(29183): getCount
07-06 01:20:40.543 I/TVMW@HsTvSetting( 1234): Trace cmd, data = 0x1058
07-06 01:20:40.543 D/til@system( 2026): til_get_system_param option:100002F int:0, bool:0, ret:0
07-06 01:20:40.543 I/TVMW@HsTvSetting( 1234): Trace cmd, data = 0x101f
07-06 01:20:40.544 D/til@system( 2026): til_get_system_param option:100001D int:3, bool:3, ret:0
07-06 01:20:40.544 E/til     ( 2026): [til_get_current_input_source, 101] 
07-06 01:20:40.544 I/TVMW@HsTvSetting( 1234): Trace cmd, data = 0x7007
07-06 01:20:40.544 I/tilwrapper@sm( 2026): HS2TIL_SourceType *hs=0xd, *til=0x900
07-06 01:20:40.544 D/til     ( 2026): get current source 2304
07-06 01:20:40.544 D/SourceRemoteServiceHandler( 2026): getCurrentInputSource.from.til.result is 0, value is 2304
07-06 01:20:40.544 D/SourceRemoteServiceHandler( 2026): getInputSourceType source: 0x900, type=2304
07-06 01:20:40.544 D/til     ( 2026): ###### func:til_get_picture_param option:0x3000006 ######  
07-06 01:20:40.544 I/TVMW@HsTvSetting( 1234): Trace cmd, data = 0x1003
07-06 01:20:40.544 I/TVMW@HsTvSetting( 1234): Trace cmd, data = 0x8032
07-06 01:20:40.545 I/hstvos  ( 1216): [0m[1;33m[HSHAL][HS_VIDEO][HS_HAL_Video_SetOsdDetect_v2][2389]u16Threshold = 20
07-06 01:20:40.547 E/TVMW@videoctrl( 1234):  getOsd is 1
07-06 01:20:40.548 D/til@system( 2026): til_get_system_param option:1000027 int:1, bool:1, ret:0
07-06 01:20:40.548 D/til     ( 2026): ###### func:til_get_picture_param option:0x3000045 ######  
07-06 01:20:40.548 I/TVMW@HsTvSetting( 1234): Trace cmd, data = 0x300c
07-06 01:20:40.548 I/TVMW@HsTvSetting( 1234): Trace 3d, data = 0x300c
07-06 01:20:40.548 I/TVMW@3d ( 1234): Hs_debug3d_trace: func:get3dStatus, line:109
07-06 01:20:40.552 I/MyFragmentStateAdapter(29183): getCount
07-06 01:20:40.578 I/MyFragmentStateAdapter(29183): getCount
07-06 01:20:40.616 I/MyFragmentStateAdapter(29183): getCount
07-06 01:20:40.642 I/MyFragmentStateAdapter(29183): getCount
07-06 01:20:40.670 I/MyFragmentStateAdapter(29183): getCount
07-06 01:20:40.699 I/MyFragmentStateAdapter(29183): getCount
07-06 01:20:40.724 I/MyFragmentStateAdapter(29183): getCount
07-06 01:20:40.750 I/MyFragmentStateAdapter(29183): getCount
07-06 01:20:40.768 I/HLSP2P  ( 4483): ## 2017-07-06 01:20:40.768 [4483,4840,:0] INFO ## [HLSP2P][DownloadManager.cpp:35][INFO][TryExtendCacheSize]system memory total size : 1912M, free size : 335M, cache add to 30MB
07-06 01:20:40.779 I/MyFragmentStateAdapter(29183): getCount
07-06 01:20:40.801 I/MyFragmentStateAdapter(29183): getCount
07-06 01:20:40.836 I/MyFragmentStateAdapter(29183): getCount
07-06 01:20:40.872 I/MyFragmentStateAdapter(29183): getCount
07-06 01:20:40.895 D/MSTAR_VDEC_DBG( 1206): Stream ID: 0, Rate : 24 (E:0,D:0,S:0,F:97) 
07-06 01:20:40.905 I/MyFragmentStateAdapter(29183): getCount
07-06 01:20:40.932 I/MyFragmentStateAdapter(29183): getCount
07-06 01:20:40.965 I/MyFragmentStateAdapter(29183): getCount
07-06 01:20:40.998 I/MyFragmentStateAdapter(29183): getCount
07-06 01:20:41.027 I/MyFragmentStateAdapter(29183): getCount
07-06 01:20:41.047 I/MyFragmentStateAdapter(29183): getCount
07-06 01:20:41.059 I/TVMW@HsTvSetting( 1234): Trace cmd, data = 0x1058
07-06 01:20:41.059 D/til@system( 2026): til_get_system_param option:100002F int:0, bool:0, ret:0
07-06 01:20:41.059 I/TVMW@HsTvSetting( 1234): Trace cmd, data = 0x101f
07-06 01:20:41.059 D/til@system( 2026): til_get_system_param option:100001D int:3, bool:3, ret:0
07-06 01:20:41.059 E/til     ( 2026): [til_get_current_input_source, 101] 
07-06 01:20:41.059 I/TVMW@HsTvSetting( 1234): Trace cmd, data = 0x7007
07-06 01:20:41.059 I/tilwrapper@sm( 2026): HS2TIL_SourceType *hs=0xd, *til=0x900
07-06 01:20:41.059 D/til     ( 2026): get current source 2304
07-06 01:20:41.059 D/SourceRemoteServiceHandler( 2026): getCurrentInputSource.from.til.result is 0, value is 2304
07-06 01:20:41.059 D/SourceRemoteServiceHandler( 2026): getInputSourceType source: 0x900, type=2304
07-06 01:20:41.060 D/til     ( 2026): ###### func:til_get_picture_param option:0x3000006 ######  
07-06 01:20:41.060 I/TVMW@HsTvSetting( 1234): Trace cmd, data = 0x1003
07-06 01:20:41.060 I/TVMW@HsTvSetting( 1234): Trace cmd, data = 0x8032
07-06 01:20:41.060 I/hstvos  ( 1216): [0m[1;33m[HSHAL][HS_VIDEO][HS_HAL_Video_SetOsdDetect_v2][2389]u16Threshold = 20
07-06 01:20:41.061 E/TVMW@videoctrl( 1234):  getOsd is 1
07-06 01:20:41.061 D/til@system( 2026): til_get_system_param option:1000027 int:1, bool:1, ret:0
07-06 01:20:41.061 D/til     ( 2026): ###### func:til_get_picture_param option:0x3000045 ######  
07-06 01:20:41.061 I/TVMW@HsTvSetting( 1234): Trace cmd, data = 0x300c
07-06 01:20:41.061 I/TVMW@HsTvSetting( 1234): Trace 3d, data = 0x300c
07-06 01:20:41.061 I/TVMW@3d ( 1234): Hs_debug3d_trace: func:get3dStatus, line:109
07-06 01:20:41.076 I/MyFragmentStateAdapter(29183): getCount
07-06 01:20:41.092 I/NetflixMonitorService( 1733): current fgapk : com.hisense.hicloud.edca
07-06 01:20:41.092 I/NetflixMonitorService( 1733): Netflix status unchanged
07-06 01:20:41.108 I/MyFragmentStateAdapter(29183): getCount
07-06 01:20:41.131 I/TVMW@devctrl( 1234): wdt
07-06 01:20:41.136 I/MyFragmentStateAdapter(29183): getCount
07-06 01:20:41.173 I/MyFragmentStateAdapter(29183): getCount
07-06 01:20:41.205 I/MyFragmentStateAdapter(29183): getCount
07-06 01:20:41.226 I/MyFragmentStateAdapter(29183): getCount
07-06 01:20:41.265 I/MyFragmentStateAdapter(29183): getCount
07-06 01:20:41.300 I/MyFragmentStateAdapter(29183): getCount
07-06 01:20:41.333 I/MyFragmentStateAdapter(29183): getCount
07-06 01:20:41.368 I/MyFragmentStateAdapter(29183): getCount
07-06 01:20:41.404 I/MyFragmentStateAdapter(29183): getCount
07-06 01:20:41.433 I/MyFragmentStateAdapter(29183): getCount
07-06 01:20:41.469 I/MyFragmentStateAdapter(29183): getCount
07-06 01:20:41.496 I/MyFragmentStateAdapter(29183): getCount
07-06 01:20:41.531 I/MyFragmentStateAdapter(29183): getCount
07-06 01:20:41.563 I/TVMW@HsTvSetting( 1234): Trace cmd, data = 0x1058
07-06 01:20:41.564 D/til@system( 2026): til_get_system_param option:100002F int:0, bool:0, ret:0
07-06 01:20:41.565 I/TVMW@HsTvSetting( 1234): Trace cmd, data = 0x101f
07-06 01:20:41.565 D/til@system( 2026): til_get_system_param option:100001D int:3, bool:3, ret:0
07-06 01:20:41.565 E/til     ( 2026): [til_get_current_input_source, 101] 
07-06 01:20:41.565 I/TVMW@HsTvSetting( 1234): Trace cmd, data = 0x7007
07-06 01:20:41.566 I/tilwrapper@sm( 2026): HS2TIL_SourceType *hs=0xd, *til=0x900
07-06 01:20:41.566 D/til     ( 2026): get current source 2304
07-06 01:20:41.566 D/SourceRemoteServiceHandler( 2026): getCurrentInputSource.from.til.result is 0, value is 2304
07-06 01:20:41.566 D/SourceRemoteServiceHandler( 2026): getInputSourceType source: 0x900, type=2304
07-06 01:20:41.566 D/til     ( 2026): ###### func:til_get_picture_param option:0x3000006 ######  
07-06 01:20:41.567 I/TVMW@HsTvSetting( 1234): Trace cmd, data = 0x1003
07-06 01:20:41.568 I/TVMW@HsTvSetting( 1234): Trace cmd, data = 0x8032
07-06 01:20:41.569 I/hstvos  ( 1216): [0m[1;33m[HSHAL][HS_VIDEO][HS_HAL_Video_SetOsdDetect_v2][2389]u16Threshold = 20
07-06 01:20:41.575 E/TVMW@videoctrl( 1234):  getOsd is 1
07-06 01:20:41.575 D/til@system( 2026): til_get_system_param option:1000027 int:1, bool:1, ret:0
07-06 01:20:41.576 D/til     ( 2026): ###### func:til_get_picture_param option:0x3000045 ######  
07-06 01:20:41.576 I/TVMW@HsTvSetting( 1234): Trace cmd, data = 0x300c
07-06 01:20:41.576 I/TVMW@HsTvSetting( 1234): Trace 3d, data = 0x300c
07-06 01:20:41.576 I/TVMW@3d ( 1234): Hs_debug3d_trace: func:get3dStatus, line:109
07-06 01:20:41.583 I/MyFragmentStateAdapter(29183): getCount
07-06 01:20:41.619 D/DLNAService( 4735): sync DLNA devices
07-06 01:20:41.619 D/MediaBrowser( 4735): updateMediaSources type=2
07-06 01:20:41.620 D/GlobalInputEventMonitoringService( 1733): interceptKeyBeforeQueueing(), event:22, mNeedMonitorKeyEvent:true, mWaitForKeyUpEvent:false
07-06 01:20:41.620 D/GlobalInputEventMonitoringService( 1733): processKeyEvent(), processKeyEvent event:22
07-06 01:20:41.620 D/WindowManager( 1733): interceptKeyTq keycode=22 interactive=true keyguardActive=false policyFlags=2b000000 isCancled= false
07-06 01:20:41.621 D/PowerManagerService( 1733): userActivityNoUpdateLocked: eventTime=24083185, event=1, flags=0x0, uid=1000
07-06 01:20:41.621 D/WindowManager( 1733): interceptKeyTi keyCode=22 down=true repeatCount=0 keyguardOn=false mHomePressed=false canceled=false
07-06 01:20:41.621 D/WindowManager( 1733): Hisense systemkey event: 22
07-06 01:20:41.622 D/HisenseGlobalKeyManager( 1733): handleGlobalKey() : Global event = KeyEvent { action=ACTION_DOWN, keyCode=KEYCODE_DPAD_RIGHT, scanCode=0, metaState=0, flags=0x0, repeatCount=0, eventTime=24083185, downTime=24083185, deviceId=-1, source=0x101 }
07-06 01:20:41.623 D/MediaSourceManager( 4735): updateMediaSources type=2
07-06 01:20:41.648 D/SogouIME( 2203): [onKeyDown] keycode = 22 model = VIDAA_TV
07-06 01:20:41.657 I/MyFragmentStateAdapter(29183): getCount
07-06 01:20:41.679 D/Carousel-CarouselDisplayPlayerLayout(29183): HasFocus:false,keyCode:22
07-06 01:20:41.679 D/Carousel-CarouselDisplayPlayerLayout(29183): isFullScreen:false
07-06 01:20:41.679 I/HomeMainActivity(29183): carousel handle key:false
07-06 01:20:41.679 I/MainHomeView(29183): dispatchKeyEvent ACTION_DOWN now 
07-06 01:20:41.682 I/TabView (29183): onKeyListener() ACTION_DOWN keyCode -- 22
07-06 01:20:41.682 I/SoftFragmentList(29183): fetchCacheFragment  enter ---- index = 2
07-06 01:20:41.682 D/SoftFragmentList(29183): fetchCacheFragment  mFragmentCache.size() = 3
07-06 01:20:41.683 D/SoftFragmentList(29183): fetchCacheFragment mLastIndex = 2, view = 
07-06 01:20:41.683 I/BaseContentFragment(29183): initChildFocustrue,recyclerview=com.hisense.leanback.widget.VerticalGridView{3427f275 VFED.... ........ 0,0-1768,1080 #7f0d02c8 app:id/recyclerview_content}====---mIsVisibleToUser:true-------
07-06 01:20:41.698 D/til@system( 2026): til_get_system_param option:1000007 int:-1815632896, bool:0, ret:0
07-06 01:20:41.700 D/til@system( 2026): til_get_system_param option:1000009 int:-1815633792, bool:128, ret:0
07-06 01:20:41.701 D/til@system( 2026): til_get_system_param option:1000008 int:-1815634176, bool:0, ret:0
07-06 01:20:41.701 D/HiSDKLogReport(29183): getOperationDetail-productName : LED50MU8600UC
07-06 01:20:41.701 D/HiSDKLogReport(29183): getOperationDetail-plmNumber : 88888
07-06 01:20:41.701 D/HiSDKLogReport(29183): getOperationDetail-swVersion : V0000.00.01A
07-06 01:20:41.701 D/HiSDKLogReport(29183): getOperationDetail-operationDetail : LED50MU8600UC0000888
07-06 01:20:41.702 D/HiSDKLogReport(29183): businessLogReport-log : {eventType=232, APPVersionName=3.0.0.9.00, devid=86100300900000500000060a4818fca8, rowid=-1, uuid=13287129, APIversion=501, eventcode=232000, logversion=2.0, columnid=-1, devType=0, eventPos=000, groupid=-1, ChannelId=0, version=00.002.003, subscriberId=13287129, PFAPPCode=652, tabid=0, softwareVersion=LED50MU8600UC0000888, srceventcode=201000, mac=a8:a6:48:18:fc:a8, accessToken=72DF6038D2AEAB8A76DFBBBBCC428A4A_000927558101736, srctabid=0, APPPackage=com.hisense.hicloud.edca, sessionid=cbc1d96f6e0e4758ba00f2bb6c27f863, requesttime=1499275241702, customerId=7195320, model_id=0, requestid=86f2ca4cdda0418294d6dfe6659e3116, tv_distribute_id=00, APIVersion=600, issysrepo=0}
07-06 01:20:41.702 D/BaseContentFragment(29183): initChildFocus firstlineview===>:com.hisense.tvui.newhome.view.SpecialFirstView{1c2db185 V.E..... ........ 10,185-1748,691}
07-06 01:20:41.702 D/setHistoryRequestFocus(29183): ===>false
07-06 01:20:41.704 I/FirstlineLayoutManager(29183): left=0,width=1738,scroll Distance=-1488
07-06 01:20:41.707 I/BaseContentFragment(29183): setRowViewSelectedViewHolder{2ef72cd2 position=0 id=-1, oldPos=-1, pLpos:-1},isSelectedfalse
07-06 01:20:41.707 I/BaseContentFragment(29183): setRowViewSelectedViewHolder{24b3c1c9 position=1 id=-1, oldPos=-1, pLpos:-1},isSelectedtrue
07-06 01:20:41.707 I/RoleContentFragment(29183): onChildSelected:1,lastPos=0
07-06 01:20:41.712 I/TabView (29183): onfocuschange:false
07-06 01:20:41.712 D/TabView (29183): icon---:2
07-06 01:20:41.712 E/TabView (29183): 
07-06 01:20:41.716 W/System.err(29183): java.net.ConnectException: failed to connect to /10.18.210.112 (port 8900) after 6000ms: isConnected failed: ECONNREFUSED (Connection refused)
07-06 01:20:41.716 W/System.err(29183): 	at libcore.io.IoBridge.isConnected(IoBridge.java:238)
07-06 01:20:41.716 W/System.err(29183): 	at libcore.io.IoBridge.connectErrno(IoBridge.java:171)
07-06 01:20:41.717 W/System.err(29183): 	at libcore.io.IoBridge.connect(IoBridge.java:122)
07-06 01:20:41.717 W/System.err(29183): 	at java.net.PlainSocketImpl.connect(PlainSocketImpl.java:183)
07-06 01:20:41.717 W/System.err(29183): 	at java.net.PlainSocketImpl.connect(PlainSocketImpl.java:456)
07-06 01:20:41.717 W/System.err(29183): 	at java.net.Socket.connect(Socket.java:882)
07-06 01:20:41.717 W/System.err(29183): 	at com.android.okhttp.internal.Platform.connectSocket(Platform.java:174)
07-06 01:20:41.717 W/System.err(29183): 	at com.android.okhttp.Connection.connect(Connection.java:152)
07-06 01:20:41.717 W/System.err(29183): 	at com.android.okhttp.internal.http.HttpEngine.connect(HttpEngine.java:276)
07-06 01:20:41.717 W/System.err(29183): 	at com.android.okhttp.internal.http.HttpEngine.sendRequest(HttpEngine.java:211)
07-06 01:20:41.717 W/System.err(29183): 	at com.android.okhttp.internal.http.HttpURLConnectionImpl.execute(HttpURLConnectionImpl.java:382)
07-06 01:20:41.717 W/System.err(29183): 	at com.android.okhttp.internal.http.HttpURLConnectionImpl.connect(HttpURLConnectionImpl.java:106)
07-06 01:20:41.717 W/System.err(29183): 	at com.hisense.hitv.hicloud.util.ExceptionReport.a(ExceptionReport.java:337)
07-06 01:20:41.717 W/System.err(29183): 	at com.hisense.hitv.hicloud.util.ExceptionReport.a(ExceptionReport.java:39)
07-06 01:20:41.717 W/System.err(29183): 	at com.hisense.hitv.hicloud.util.ExceptionReport$1.run(ExceptionReport.java:83)
07-06 01:20:41.717 W/System.err(29183): 	at java.lang.Thread.run(Thread.java:818)
07-06 01:20:41.717 W/System.err(29183): Caused by: android.system.ErrnoException: isConnected failed: ECONNREFUSED (Connection refused)
07-06 01:20:41.717 W/System.err(29183): 	at libcore.io.IoBridge.isConnected(IoBridge.java:223)
07-06 01:20:41.717 W/System.err(29183): 	... 15 more
07-06 01:20:41.742 D/CommonHeader(29183): onTabStatusChanged tabstatus===>:40000
07-06 01:20:41.777 D/GlobalInputEventMonitoringService( 1733): interceptKeyBeforeQueueing(), event:22, mNeedMonitorKeyEvent:true, mWaitForKeyUpEvent:false
07-06 01:20:41.777 D/GlobalInputEventMonitoringService( 1733): processKeyEvent(), processKeyEvent event:22
07-06 01:20:41.777 D/WindowManager( 1733): interceptKeyTq keycode=22 interactive=true keyguardActive=false policyFlags=2b000000 isCancled= false
07-06 01:20:41.778 D/WindowManager( 1733): interceptKeyTi keyCode=22 down=false repeatCount=0 keyguardOn=false mHomePressed=false canceled=false
07-06 01:20:41.778 D/WindowManager( 1733): Hisense systemkey event: 22
07-06 01:20:41.778 D/HisenseGlobalKeyManager( 1733): handleGlobalKey() : Global event = KeyEvent { action=ACTION_UP, keyCode=KEYCODE_DPAD_RIGHT, scanCode=0, metaState=0, flags=0x0, repeatCount=0, eventTime=24083185, downTime=24083185, deviceId=-1, source=0x101 }
07-06 01:20:41.783 I/MyFragmentStateAdapter(29183): getCount
07-06 01:20:41.799 D/HttpHandler(29183): VerifySignInterCeptor-->request.url()=http://picture.edu.hismarttv.com/images/20170628121925625089.png
07-06 01:20:41.799 D/HttpHandler(29183): VerifySignInterCeptor-->hostname=picture.edu.hismarttv.com
07-06 01:20:41.801 D/OkHttp  (29183): --> GET http://picture.edu.hismarttv.com/images/20170628121925625089.png http/1.1
07-06 01:20:41.801 D/OkHttp  (29183): Host: picture.edu.hismarttv.com
07-06 01:20:41.801 D/OkHttp  (29183): Connection: Keep-Alive
07-06 01:20:41.801 D/OkHttp  (29183): Accept-Encoding: gzip
07-06 01:20:41.801 D/OkHttp  (29183): User-Agent: okhttp/3.6.0
07-06 01:20:41.801 D/OkHttp  (29183): --> END GET
07-06 01:20:41.812 D/TabView (29183): 
07-06 01:20:41.818 D/TabView (29183): 
07-06 01:20:41.822 D/TabView (29183): 
07-06 01:20:41.828 D/TabView (29183): 
07-06 01:20:41.829 D/TabView (29183): 
07-06 01:20:41.831 D/TabView (29183): 
07-06 01:20:41.832 D/TabView (29183): 
07-06 01:20:41.833 D/TabView (29183): 
07-06 01:20:41.834 D/TabView (29183): 
07-06 01:20:41.836 D/TabView (29183): 
07-06 01:20:41.836 D/TabView (29183): 
07-06 01:20:41.838 D/TabView (29183): 
07-06 01:20:41.840 D/TabView (29183): 
07-06 01:20:41.841 D/OkHttp  (29183): <-- 200 OK http://picture.edu.hismarttv.com/images/20170628121925625089.png (39ms)
07-06 01:20:41.841 D/OkHttp  (29183): Date: Mon, 03 Jul 2017 10:40:22 GMT
07-06 01:20:41.841 D/OkHttp  (29183): Server: nginx
07-06 01:20:41.841 D/TabView (29183): 
07-06 01:20:41.841 D/OkHttp  (29183): Content-Type: image/png
07-06 01:20:41.841 D/OkHttp  (29183): Content-Length: 3689
07-06 01:20:41.841 D/OkHttp  (29183): Last-Modified: Wed, 28 Jun 2017 12:19:25 GMT
07-06 01:20:41.841 D/OkHttp  (29183): ETag: "59539ecd-e69"
07-06 01:20:41.841 D/OkHttp  (29183): Accept-Ranges: bytes
07-06 01:20:41.841 D/OkHttp  (29183): Age: 196819
07-06 01:20:41.841 D/OkHttp  (29183): Via: 1.1 jnwt241:0 (Cdn Cache Server V2.0)[14 200 0], 1.1 chwt81:0 (Cdn Cache Server V2.0)[0 200 0]
07-06 01:20:41.841 D/OkHttp  (29183): Connection: keep-alive
07-06 01:20:41.841 D/OkHttp  (29183): <-- END HTTP
07-06 01:20:41.842 D/HttpHandler(29183): RetryIntercepter-->retryNum=0
07-06 01:20:41.842 D/HttpHandler(29183): RetryIntercepter-->backoffmutiplier=0
07-06 01:20:41.842 D/TabView (29183): 
07-06 01:20:41.843 D/TabView (29183): 
07-06 01:20:41.844 I/MyFragmentStateAdapter(29183): getCount
07-06 01:20:41.844 I/MyFragmentStateAdapter(29183): getCount
07-06 01:20:41.845 D/TabView (29183): 
07-06 01:20:41.847 D/TabView (29183): 
07-06 01:20:41.848 D/TabView (29183): 
07-06 01:20:41.849 D/TabView (29183): 
07-06 01:20:41.850 D/TabView (29183): 
07-06 01:20:41.852 D/TabView (29183): 
07-06 01:20:41.853 D/TabView (29183): 
07-06 01:20:41.856 D/TabView (29183): 
07-06 01:20:41.861 D/TabView (29183): 
07-06 01:20:41.862 D/TabView (29183): 
07-06 01:20:41.863 D/TabView (29183): 
07-06 01:20:41.864 D/TabView (29183): 
07-06 01:20:41.865 D/TabView (29183): 
07-06 01:20:41.866 D/TabView (29183): 
07-06 01:20:41.867 D/TabView (29183): 
07-06 01:20:41.869 D/TabView (29183): 
07-06 01:20:41.870 I/MyFragmentStateAdapter(29183): getCount
07-06 01:20:41.870 I/MyFragmentStateAdapter(29183): getCount
07-06 01:20:41.879 I/TabView (29183): onScroll:,firstItem=0,visibleCount=6,totalCount=10
07-06 01:20:41.881 D/Carousel-CarouselView(29183): ============>onScrollChanged hashCode:1018850026
07-06 01:20:41.881 D/Carousel-CarouselDisplayPlayerLayout(29183): isFullScreen:false
07-06 01:20:41.882 I/MainHomeView(29183): onPanelSlide0.3129771---left193
07-06 01:20:41.886 I/CurrentCarouselView(29183): onCarouseControlCarouselControlBean{mShoudScroll=true, mActivityHasResume=false, mActivityHasStop=false, mHasTurnGone=false, mHasTurnVisible=false, mChannelId=-1, mSlideOffset=0.3129771, mShouldSelectCenter=false, mTabOpen=false, mHoriPosStatus=None, mVerPosStatus=None, mLevelStatus=None},isPlayingtrue,channelId=0
07-06 01:20:41.886 I/CurrentCarouselView(29183): is not the current page
07-06 01:20:41.886 I/CurrentCarouselView(29183): do scroll
07-06 01:20:41.886 D/Carousel-CarouselView(29183): smoothScroll.
07-06 01:20:41.886 D/Carousel-CarouselDisplayPlayerLayout(29183): isFullScreen:false
07-06 01:20:41.887 D/TabView (29183): onReceiveSlidingOffset ===>:0.3129771
07-06 01:20:41.889 I/MyFragmentStateAdapter(29183): getCount
07-06 01:20:41.895 D/MSTAR_VDEC_DBG( 1206): Stream ID: 0, Rate : 24 (E:0,D:0,S:0,F:121) 
07-06 01:20:41.903 D/Carousel-CarouselDisplayPlayerLayout(29183): HasFocus:false,keyCode:22
07-06 01:20:41.903 D/Carousel-CarouselDisplayPlayerLayout(29183): isFullScreen:false
07-06 01:20:41.903 I/HomeMainActivity(29183): carousel handle key:false
07-06 01:20:41.925 V/InputMethodService( 2203): startInput(): editor=android.view.inputmethod.EditorInfo@31d898a5
07-06 01:20:41.926 V/InputMethodService( 2203): CALL: onFinishInput
07-06 01:20:41.928 E/SOGOUIME_JNI( 2203): reset
07-06 01:20:41.929 I/MainHomeView(29183): onPanelSlide0.16793893---left174
07-06 01:20:41.930 I/CurrentCarouselView(29183): onCarouseControlCarouselControlBean{mShoudScroll=true, mActivityHasResume=false, mActivityHasStop=false, mHasTurnGone=false, mHasTurnVisible=false, mChannelId=-1, mSlideOffset=0.16793893, mShouldSelectCenter=false, mTabOpen=false, mHoriPosStatus=None, mVerPosStatus=None, mLevelStatus=None},isPlayingtrue,channelId=0
07-06 01:20:41.930 I/CurrentCarouselView(29183): is not the current page
07-06 01:20:41.930 I/CurrentCarouselView(29183): do scroll
07-06 01:20:41.930 D/Carousel-CarouselView(29183): smoothScroll.
07-06 01:20:41.930 D/Carousel-CarouselDisplayPlayerLayout(29183): isFullScreen:false
07-06 01:20:41.930 D/TabView (29183): onReceiveSlidingOffset ===>:0.16793893
07-06 01:20:41.929 E/SOGOUIME_JNI( 2203): getCandidates
07-06 01:20:41.931 E/SOGOUIME_JNI( 2203): ime_get_uncommitted_length
07-06 01:20:41.932 E/SOGOUIME_JNI( 2203): getCandidates
07-06 01:20:41.932 D/SogouIME API( 2203): ==============num:32
07-06 01:20:41.932 E/SOGOUIME_JNI( 2203): ime_get_uncommitted_length
07-06 01:20:41.932 D/SogouIME( 2203): mFocusedComponent:30   isHkbEnable:false
07-06 01:20:41.933 E/SOGOUIME_JNI( 2203): ime_get_uncommitted_length
07-06 01:20:41.933 E/SOGOUIME_JNI( 2203): ime_get_committed_length
07-06 01:20:41.933 E/SOGOUIME_JNI( 2203): getComposingInfo
07-06 01:20:41.933 E/SOGOUIME_JNI( 2203): getComposingInfo
07-06 01:20:41.933 E/SOGOUIME_JNI( 2203): getCorrectInfo
07-06 01:20:41.933 E/SOGOUIME_JNI( 2203): getComposingInfo
07-06 01:20:41.936 V/InputMethodService( 2203): CALL: onStartInput
07-06 01:20:41.937 E/SOGOUIME_JNI( 2203): invalidateCommitWordPinyinNative
07-06 01:20:41.939 D/SogouIME( 2203): =====configKeyboard=======:false     false
07-06 01:20:41.939 E/SOGOUIME_JNI( 2203): ime_set_hard_kb_enable
07-06 01:20:41.946 D/Carousel-CarouselDisplayPlayerLayout(29183): x=402, y=167,w=892,h=536, hashCode=392894123
07-06 01:20:41.947 D/Carousel-CarouselDisplayPlayerLayout(29183): mX=511, mY=167,mWitdh=892,mHeight=536, hashCode=392894123
07-06 01:20:41.947 D/Carousel-CarouselDisplayPlayerLayout(29183): changed=true, hashCode=392894123
07-06 01:20:41.950 D/Carousel-Utils(29183): x=402,y=167, width=892,height=536
07-06 01:20:41.950 D/Carousel-CarouselDisplayPlayerLayout(29183): isFullScreen:false
07-06 01:20:41.950 D/Carousel-CarouselView(29183): ===========>onScrollStart
07-06 01:20:41.951 D/Carousel-Utils(29183): displayImage view=android.widget.ImageView{31979751 I.ED.... ......ID 0,0-816,460 #7f0d0029 app:id/imageView1}
07-06 01:20:41.951 D/Carousel-Utils(29183): displayImage url=http://picture.edu.hismarttv.com/images/20170629010146422927.jpg
07-06 01:20:41.952 D/Carousel-Utils(29183): onResourceReady.
07-06 01:20:41.961 D/Carousel-Utils(29183): displayImage view=android.widget.ImageView{2fb6ff1c I.ED.... ........ 0,0-816,460 #7f0d0029 app:id/imageView1}
07-06 01:20:41.962 D/Carousel-Utils(29183): displayImage url=http://picture.edu.hismarttv.com/images/20170629010146422927.jpg
07-06 01:20:41.963 D/Carousel-Utils(29183): onResourceReady.
07-06 01:20:41.963 D/Carousel-CarouselDisplayPlayerLayout(29183): x=402, y=167,w=892,h=536, hashCode=392894123
07-06 01:20:41.963 D/Carousel-CarouselDisplayPlayerLayout(29183): mX=402, mY=167,mWitdh=892,mHeight=536, hashCode=392894123
07-06 01:20:41.964 D/Carousel-CarouselDisplayPlayerLayout(29183): changed=false, hashCode=392894123
07-06 01:20:41.964 D/Carousel-CarouselDisplayPlayerLayout(29183): extraTryCount=0
07-06 01:20:42.027 I/MyFragmentStateAdapter(29183): getCount
07-06 01:20:42.027 I/MyFragmentStateAdapter(29183): getCount
07-06 01:20:42.027 I/MyFragmentStateAdapter(29183): getCount
07-06 01:20:42.027 I/MyFragmentStateAdapter(29183): getCount
07-06 01:20:42.028 I/Carousel-UrlVideoView(29183): onMeasure(MeasureSpec: EXACTLY 816, MeasureSpec: EXACTLY 460)
07-06 01:20:42.028 D/Carousel-UrlVideoView(29183): widthSpecMode=1073741824
07-06 01:20:42.028 D/Carousel-UrlVideoView(29183): heightSpecMode=1073741824
07-06 01:20:42.028 D/Carousel-UrlVideoView(29183): widthSpecSize=816
07-06 01:20:42.028 D/Carousel-UrlVideoView(29183): heightSpecSize=460
07-06 01:20:42.028 I/Carousel-UrlVideoView(29183): onMeasure(MeasureSpec: EXACTLY 816, MeasureSpec: EXACTLY 460)
07-06 01:20:42.028 D/Carousel-UrlVideoView(29183): widthSpecMode=1073741824
07-06 01:20:42.028 D/Carousel-UrlVideoView(29183): heightSpecMode=1073741824
07-06 01:20:42.028 D/Carousel-UrlVideoView(29183): widthSpecSize=816
07-06 01:20:42.028 D/Carousel-UrlVideoView(29183): heightSpecSize=460
07-06 01:20:42.031 D/Surface ( 1733): onStatusChange() : mNativeObject = 547334899200 mUseImageHwRender = false
07-06 01:20:42.031 V/Surface ( 1733): nativeSetHardwareRender() : status = 0
07-06 01:20:42.031 V/Surface ( 1733): nativeSetHardwareRender() : end
07-06 01:20:42.032 I/TVMW@devctrl( 1234): wdt
07-06 01:20:42.033 D/PowerManagerService( 1733): releaseWakeLockInternal: lock=487931605 [WindowManager], flags=0x0
07-06 01:20:42.033 D/PowerManagerNotifier( 1733): onWakeLockReleased: flags=536870922, tag="WindowManager", packageName=android, ownerUid=1000, ownerPid=1733, workSource=WorkSource{10010}
07-06 01:20:42.033 D/PowerManagerService( 1733): userActivityNoUpdateLocked: eventTime=24083605, event=0, flags=0x1, uid=1000
07-06 01:20:42.033 D/PowerManagerService( 1733): setScreenBrightnessOverrideFromWindowManagerInternal done
07-06 01:20:42.039 D/Surface ( 1733): onStatusChange() : mNativeObject = 0 mUseImageHwRender = false
07-06 01:20:42.040 I/FirstLineAdapter(29183): canShowTrailer,isOffline=false
07-06 01:20:42.040 I/FirstLineAdapter(29183): canShowTrailer,isOffline=false
07-06 01:20:42.040 I/FirstLineAdapter(29183): canShowTrailer,isOffline=false
07-06 01:20:42.040 I/FirstLineAdapter(29183): canShowTrailer,isOffline=false
07-06 01:20:42.040 I/FirstLineAdapter(29183): canShowTrailer,isOffline=false
07-06 01:20:42.041 I/FirstLineAdapter(29183): canShowTrailer,isOffline=false
07-06 01:20:42.041 I/FirstLineAdapter(29183): canShowTrailer,isOffline=false
07-06 01:20:42.041 I/FirstLineAdapter(29183): canShowTrailer,isOffline=false
07-06 01:20:42.041 I/FirstLineAdapter(29183): canShowTrailer,isOffline=false
07-06 01:20:42.042 I/SurfaceView(29183): Changes: creating=false format=false size=false visible=false left=true top=false
07-06 01:20:42.042 I/SurfaceView(29183): Cur surface: Surface(name=null)/@0x18c70b77
07-06 01:20:42.043 D/Surface ( 1733): onStatusChange() : mNativeObject = 547334935040 mUseImageHwRender = false
07-06 01:20:42.043 V/Surface ( 1733): nativeSetHardwareRender() : status = 0
07-06 01:20:42.043 V/Surface ( 1733): nativeSetHardwareRender() : end
07-06 01:20:42.045 D/PowerManagerService( 1733): setScreenBrightnessOverrideFromWindowManagerInternal done
07-06 01:20:42.047 D/Surface ( 1733): onStatusChange() : mNativeObject = 0 mUseImageHwRender = false
07-06 01:20:42.048 D/Surface (29183): onStatusChange() : mNativeObject = -529312768 mUseImageHwRender = false
07-06 01:20:42.048 V/Surface (29183): nativeSetHardwareRender() : status = 0
07-06 01:20:42.048 V/Surface (29183): nativeSetHardwareRender() : end
07-06 01:20:42.048 I/SurfaceView(29183): New surface: Surface(name=null)/@0x74853e4, vis=true, frame=Rect(440, 205 - 1256, 665)
07-06 01:20:42.048 D/Surface (29183): onStatusChange() : mNativeObject = 0 mUseImageHwRender = false
07-06 01:20:42.048 D/Surface (29183): onStatusChange() : mNativeObject = -529312768 mUseImageHwRender = false
07-06 01:20:42.048 V/Surface (29183): nativeSetHardwareRender() : status = 0
07-06 01:20:42.048 V/Surface (29183): nativeSetHardwareRender() : end
07-06 01:20:42.048 V/SurfaceView(29183): Layout: x=440 y=205 w=816 h=460, frame=Rect(0, 0 - 816, 460)
07-06 01:20:42.051 I/MainHomeView(29183): onPanelSlide0.022900764---left155
07-06 01:20:42.051 I/CurrentCarouselView(29183): onCarouseControlCarouselControlBean{mShoudScroll=true, mActivityHasResume=false, mActivityHasStop=false, mHasTurnGone=false, mHasTurnVisible=false, mChannelId=-1, mSlideOffset=0.022900764, mShouldSelectCenter=false, mTabOpen=false, mHoriPosStatus=None, mVerPosStatus=None, mLevelStatus=None},isPlayingtrue,channelId=0
07-06 01:20:42.051 I/CurrentCarouselView(29183): is not the current page
07-06 01:20:42.051 I/CurrentCarouselView(29183): do scroll
07-06 01:20:42.051 D/Carousel-CarouselView(29183): smoothScroll.
07-06 01:20:42.051 D/Carousel-CarouselDisplayPlayerLayout(29183): isFullScreen:false
07-06 01:20:42.051 D/TabView (29183): onReceiveSlidingOffset ===>:0.022900764
07-06 01:20:42.053 I/MyFragmentStateAdapter(29183): getCount
07-06 01:20:42.062 D/Carousel-CarouselDisplayPlayerLayout(29183): x=383, y=167,w=892,h=536, hashCode=392894123
07-06 01:20:42.062 D/Carousel-CarouselDisplayPlayerLayout(29183): mX=402, mY=167,mWitdh=892,mHeight=536, hashCode=392894123
07-06 01:20:42.062 D/Carousel-CarouselDisplayPlayerLayout(29183): changed=true, hashCode=392894123
07-06 01:20:42.064 D/Carousel-Utils(29183): x=383,y=167, width=892,height=536
07-06 01:20:42.067 D/Carousel-CarouselDisplayPlayerLayout(29183): x=383, y=167,w=892,h=536, hashCode=392894123
07-06 01:20:42.067 D/Carousel-CarouselDisplayPlayerLayout(29183): mX=383, mY=167,mWitdh=892,mHeight=536, hashCode=392894123
07-06 01:20:42.067 D/Carousel-CarouselDisplayPlayerLayout(29183): changed=false, hashCode=392894123
07-06 01:20:42.067 D/Carousel-CarouselDisplayPlayerLayout(29183): extraTryCount=0
07-06 01:20:42.067 D/Carousel-CarouselDisplayPlayerLayout(29183): x=383, y=167,w=892,h=536, hashCode=392894123
07-06 01:20:42.067 D/Carousel-CarouselDisplayPlayerLayout(29183): mX=383, mY=167,mWitdh=892,mHeight=536, hashCode=392894123
07-06 01:20:42.067 D/Carousel-CarouselDisplayPlayerLayout(29183): changed=false, hashCode=392894123
07-06 01:20:42.067 D/Carousel-CarouselDisplayPlayerLayout(29183): extraTryCount=1
07-06 01:20:42.068 I/Carousel-UrlVideoView(29183): onMeasure(MeasureSpec: EXACTLY 816, MeasureSpec: EXACTLY 460)
07-06 01:20:42.069 D/Carousel-UrlVideoView(29183): widthSpecMode=1073741824
07-06 01:20:42.069 D/Carousel-UrlVideoView(29183): heightSpecMode=1073741824
07-06 01:20:42.069 D/Carousel-UrlVideoView(29183): widthSpecSize=816
07-06 01:20:42.069 D/Carousel-UrlVideoView(29183): heightSpecSize=460
07-06 01:20:42.069 I/Carousel-UrlVideoView(29183): onMeasure(MeasureSpec: EXACTLY 816, MeasureSpec: EXACTLY 460)
07-06 01:20:42.069 D/Carousel-UrlVideoView(29183): widthSpecMode=1073741824
07-06 01:20:42.069 D/Carousel-UrlVideoView(29183): heightSpecMode=1073741824
07-06 01:20:42.069 D/Carousel-UrlVideoView(29183): widthSpecSize=816
