07-06 00:04:21.012 D/ADLog   ( 7859): DBManager => getValues(String tabName = ADCodeInfo, Object object = ADCodeInfo [id=6, adCode=ad_vm_av3, packageNamecom.jamdeo.tv.resources, UpdateStatus=1, defaultAdID=1000000005878, defaultAdURL=http://download.hismarttv.com/epgdata/ImageAD/9000019142662.jpg, defaultAdPath=/data/data/com.hisense.service.ad/files/ad/9000019142662.jpg, defaultAdType=5, owner=hitv, lastUpdateTime=1499241802, lock=java.util.concurrent.locks.ReentrantLock@1da4756e[Unlocked], adInfos=[]])
07-06 00:04:21.012 D/ADLog   ( 7859): CommonUtils => getStringFromList:   [{"id":"8","code":"hitvdef","url":"http:\/\/api.hismarttv.com\/adapi\/getlogopic?type=0&ac=${ADCODE}&pid=${ADPOLICY}&aid=${ADID}&did=${DEVICEID}&t=${TIME}&act=${ACTION}&dt=${DISPLAYTIMES}&tz=${TIMEZONE}&mac=${MAC}"}]
07-06 00:04:21.015 I/HiNetworkImpl(19796): doHttp_Asyn(): onSuccess clazz = class com.hisense.sdk.domain.ResponseResult, back from thread: main
07-06 00:04:21.015 I/HomeMainActivity(19796): finishHttpTime : 19502586   406
07-06 00:04:21.016 D/til@system( 2026): til_get_system_param option:1000007 int:-1815632896, bool:0, ret:0
07-06 00:04:21.016 D/til@system( 2026): til_get_system_param option:1000009 int:-1936522112, bool:128, ret:0
07-06 00:04:21.017 D/til@system( 2026): til_get_system_param option:1000008 int:-1936522368, bool:128, ret:0
07-06 00:04:21.017 D/HiSDKLogReport(19796): getOperationDetail-productName : LED50MU8600UC
07-06 00:04:21.018 D/HiSDKLogReport(19796): getOperationDetail-plmNumber : 88888
07-06 00:04:21.018 D/HiSDKLogReport(19796): getOperationDetail-swVersion : V0000.00.01A
07-06 00:04:21.018 D/HiSDKLogReport(19796): getOperationDetail-operationDetail : LED50MU8600UC0000888
07-06 00:04:21.018 D/HiSDKLogReport(19796): processLogReport-log : {eventType=163, appKey=1182445233, APPVersionName=3.0.0.9.00, devid=86100300900000500000060a4818fca8, mac=a8:a6:48:18:fc:a8, uuid=13287129, accessToken=72DF6038D2AEAB8A76DFBBBBCC428A4A_001221159214539, APIversion=501, logversion=2.0, devType=0, APPPackage=com.hisense.hicloud.edca, eventPos=002, requesttime=1499270661018, customerId=7195320, value2=, eventMessage=HttpConnection, value1=406, model_id=0, ChannelId=0, version=00.002.003, tv_distribute_id=00, subscriberId=13287129, APIVersion=600, PFAPPCode=652, softwareVersion=LED50MU8600UC0000888}
07-06 00:04:21.019 I/HomeMainActivity.java(19796): VodLog-[onSuccess:1016]postExperienceVIP request fail.Error Message: id0
07-06 00:04:21.022 D/Carousel-SimpleVideoView(19796): onReceive net connected.
07-06 00:04:21.024 V/PackageManager( 1733): getPackageInfo com.hisense.service.ad: Package{2fa4b490 com.hisense.service.ad}
07-06 00:04:21.027 I/MyFragmentStateAdapter(19796): getCount
07-06 00:04:21.029 W/System.err(19796): java.net.ConnectException: failed to connect to /10.18.210.112 (port 8900) after 6000ms: isConnected failed: ECONNREFUSED (Connection refused)
07-06 00:04:21.030 W/System.err(19796): 	at libcore.io.IoBridge.isConnected(IoBridge.java:238)
07-06 00:04:21.030 W/System.err(19796): 	at libcore.io.IoBridge.connectErrno(IoBridge.java:171)
07-06 00:04:21.030 W/System.err(19796): 	at libcore.io.IoBridge.connect(IoBridge.java:122)
07-06 00:04:21.030 W/System.err(19796): 	at java.net.PlainSocketImpl.connect(PlainSocketImpl.java:183)
07-06 00:04:21.030 W/System.err(19796): 	at java.net.PlainSocketImpl.connect(PlainSocketImpl.java:456)
07-06 00:04:21.030 W/System.err(19796): 	at java.net.Socket.connect(Socket.java:882)
07-06 00:04:21.030 W/System.err(19796): 	at com.android.okhttp.internal.Platform.connectSocket(Platform.java:174)
07-06 00:04:21.030 W/System.err(19796): 	at com.android.okhttp.Connection.connect(Connection.java:152)
07-06 00:04:21.030 W/System.err(19796): 	at com.android.okhttp.internal.http.HttpEngine.connect(HttpEngine.java:276)
07-06 00:04:21.030 W/System.err(19796): 	at com.android.okhttp.internal.http.HttpEngine.sendRequest(HttpEngine.java:211)
07-06 00:04:21.030 W/System.err(19796): 	at com.android.okhttp.internal.http.HttpURLConnectionImpl.execute(HttpURLConnectionImpl.java:382)
07-06 00:04:21.030 W/System.err(19796): 	at com.android.okhttp.internal.http.HttpURLConnectionImpl.connect(HttpURLConnectionImpl.java:106)
07-06 00:04:21.030 W/System.err(19796): 	at com.hisense.hitv.hicloud.util.ExceptionReport.a(ExceptionReport.java:337)
07-06 00:04:21.030 W/System.err(19796): 	at com.hisense.hitv.hicloud.util.ExceptionReport.a(ExceptionReport.java:39)
07-06 00:04:21.030 W/System.err(19796): 	at com.hisense.hitv.hicloud.util.ExceptionReport$1.run(ExceptionReport.java:83)
07-06 00:04:21.030 W/System.err(19796): 	at java.lang.Thread.run(Thread.java:818)
07-06 00:04:21.030 W/System.err(19796): Caused by: android.system.ErrnoException: isConnected failed: ECONNREFUSED (Connection refused)
07-06 00:04:21.031 W/System.err(19796): 	at libcore.io.IoBridge.isConnected(IoBridge.java:223)
07-06 00:04:21.031 W/System.err(19796): 	... 15 more
07-06 00:04:21.034 D/ADLog   ( 7859): ADDaoHandler => update ADCodeInfo
07-06 00:04:21.034 D/ADLog   ( 7859): DBManager => update(String table = ADCodeInfo, Object obj = ADCodeInfo [id=3, adCode=ad_sc, packageNamecom.jamdeo.tv.tileanimation, UpdateStatus=1, defaultAdID=1000000002492, defaultAdURL=http://download.hismarttv.com/epgdata/ImageAD/9000019146505.jpg, defaultAdPath=/data/data/com.hisense.service.ad/files/ad/9000019146505.jpg, defaultAdType=5, owner=hitv, lastUpdateTime=1499241801, lock=java.util.concurrent.locks.ReentrantLock@26d6b917[Locked by thread pool-1-thread-1], adInfos=[]])
07-06 00:04:21.034 D/ADLog   ( 7859): DBManager => getValues(String tabName = ADCodeInfo, Object object = ADCodeInfo [id=3, adCode=ad_sc, packageNamecom.jamdeo.tv.tileanimation, UpdateStatus=1, defaultAdID=1000000002492, defaultAdURL=http://download.hismarttv.com/epgdata/ImageAD/9000019146505.jpg, defaultAdPath=/data/data/com.hisense.service.ad/files/ad/9000019146505.jpg, defaultAdType=5, owner=hitv, lastUpdateTime=1499241801, lock=java.util.concurrent.locks.ReentrantLock@26d6b917[Locked by thread pool-1-thread-1], adInfos=[]])
07-06 00:04:21.035 D/ADLog   ( 7859): CommonUtils => getStringFromList:   [{"id":"8","code":"hitvdef","url":"http:\/\/api.hismarttv.com\/adapi\/getlogopic?type=0&ac=${ADCODE}&pid=${ADPOLICY}&aid=${ADID}&did=${DEVICEID}&t=${TIME}&act=${ACTION}&dt=${DISPLAYTIMES}&tz=${TIMEZONE}&mac=${MAC}"}]
07-06 00:04:21.048 I/SurfaceView(19796): Changes: creating=false format=false size=false visible=false left=false top=false
07-06 00:04:21.048 I/SurfaceView(19796): Cur surface: Surface(name=null)/@0xc149440
07-06 00:04:21.049 D/Surface ( 1733): onStatusChange() : mNativeObject = 547942832128 mUseImageHwRender = false
07-06 00:04:21.049 V/Surface ( 1733): nativeSetHardwareRender() : status = 0
07-06 00:04:21.049 V/Surface ( 1733): nativeSetHardwareRender() : end
07-06 00:04:21.050 D/PowerManagerService( 1733): setScreenBrightnessOverrideFromWindowManagerInternal done
07-06 00:04:21.052 D/ADLog   ( 7859): DBManager => result = 1, table : ADCodeInfo
07-06 00:04:21.052 I/ADLog   ( 7859): ADServiceHandler => com.jamdeo.tv.resources success to register ad_vm_av3 ADCode.
07-06 00:04:21.055 D/Surface ( 1733): onStatusChange() : mNativeObject = 0 mUseImageHwRender = false
07-06 00:04:21.056 D/Surface (19796): onStatusChange() : mNativeObject = -195857664 mUseImageHwRender = false
07-06 00:04:21.056 V/Surface (19796): nativeSetHardwareRender() : status = 0
07-06 00:04:21.056 V/Surface (19796): nativeSetHardwareRender() : end
07-06 00:04:21.056 I/SurfaceView(19796): New surface: Surface(name=null)/@0x136ecf79, vis=true, frame=Rect(549, 205 - 1365, 665)
07-06 00:04:21.056 D/Surface (19796): onStatusChange() : mNativeObject = 0 mUseImageHwRender = false
07-06 00:04:21.056 D/Surface (19796): onStatusChange() : mNativeObject = -195857664 mUseImageHwRender = false
07-06 00:04:21.056 V/Surface (19796): nativeSetHardwareRender() : status = 0
07-06 00:04:21.056 V/Surface (19796): nativeSetHardwareRender() : end
07-06 00:04:21.056 I/SurfaceView(19796): surfaceRedrawNeeded
07-06 00:04:21.056 I/SurfaceView(19796): finishedDrawing
07-06 00:04:21.057 V/SurfaceView(19796): Layout: x=549 y=205 w=816 h=460, frame=Rect(0, 0 - 816, 460)
07-06 00:04:21.059 D/ADLog   ( 7859): DBManager => result = 1, table : ADCodeInfo
07-06 00:04:21.059 D/ADLog   ( 7859): DBManager => delete(String table = ADPlayPolicy, String adCode = ad_sc, String packageName = com.jamdeo.tv.tileanimation)
07-06 00:04:21.059 D/ADLog   ( 7859): DBManager => delete TAB_ADPLAYPOLICY 
07-06 00:04:21.060 D/ADLog   ( 7859): DBManager => result = 0
07-06 00:04:21.060 D/ADLog   ( 7859): UpdateADStrategy => to update default ad for ad_sc
07-06 00:04:21.064 V/PackageManager( 1733): getPackageInfo com.hisense.service.ad: Package{2fa4b490 com.hisense.service.ad}
07-06 00:04:21.086 D/ADLog   ( 7859): ResourceDownloadManager => handleDownloadRequest downloadInfo = com.hisense.service.ad.bean.DownloadListInfo@3be1b40f
07-06 00:04:21.087 D/ADLog   ( 7859): ResourceDownloadManager => handleDownloadRequest downloadTaskList = [com.hisense.service.ad.bean.DownloadListInfo@16906c9c]size1
07-06 00:04:21.087 D/ADLog   ( 7859): ResourceDownloadManager => startDownloader()
07-06 00:04:21.087 I/System.out(19796): <TVAPI> DEBUG(id=1, manInfo, response_time = 98ms): data = {"code":"N000000","json":{},"uuid":"MjAxNTEyMjgxNjU2MTk1NzJNa0NISmZXYjExMjA5"}
07-06 00:04:21.087 D/PlayerSDK/data/FetchUuidJob(19796): [TID 19828] mManInfoCallback onSuccess: maininfo=com.qiyi.tvapi.tv2.result.ApiResultManInfo@15234ef6
07-06 00:04:21.087 D/PlayerSDK/data/FetchUuidJob(19796): [TID 19828] mManInfoCallback result: u=MjAxNTEyMjgxNjU2MTk1NzJNa0NISmZXYjExMjA5, json={}
07-06 00:04:21.088 D/PlayerSDK/data/FetchUuidJob(19796): [TID 19828] mManInfoCallback result: eU=MjAxNTEyMjgxNjU2MTk1NzJNa0NISmZXYjExMjA5
07-06 00:04:21.089 D/PlayerSDK/data/FetchUuidJob(19796): [TID 19828] mManInfoCallback: fectch id success, use it.
07-06 00:04:21.089 D/PlayerSDK/data/FetchUuidJob(19796): [TID 19828] mManInfoCallback result: parterId=null
07-06 00:04:21.089 D/PlayerSDK/data/FetchUuidJob@217c5fd3(19796): [TID 19828] notifyJobSuccess() Job[PlayerSDK/data/FetchUuidJob@217c5fd3](mState=0, mData=Object173785847, mError=null)
07-06 00:04:21.089 D/PlayerSDK/data/FetchUuidJob(19796): [TID 19828] <<<fetchKeyInfo
07-06 00:04:21.089 D/PlayerSDK/data/FetchUuidJob@217c5fd3(19796): [TID 19828] notifyJobSuccess() Job[PlayerSDK/data/FetchUuidJob@217c5fd3](mState=2, mData=Object173785847, mError=null)
07-06 00:04:21.089 D/PlayerSdk/PlayerSdkProject(19796): [TID 19828] createRegisterKeyForTvapi(context=com.hisense.hicloud.edca.BaseApplication@2adbac5c)
07-06 00:04:21.090 D/Player/Lib/Utils/SysUtils(19796): [TID 19828] getMacAddr() returnsa8:a6:48:18:fc:a8
07-06 00:04:21.092 I/System.out(19796): <TVAPI> ERROR(Check MacAddress): mac address is 
07-06 00:04:21.094 D/PlayerSdk/PlayerSdkProject(19796): [TID 19828] initTVApi platformType:HAIXIN, defaultUserId:tv_69b1ef544cadbb86e8f28950ece1c76a, domainName:ptqy.gitv.tv
07-06 00:04:21.094 D/PlayerSdk/PlayerSdkProject(19796): [TID 19828] << beginInitialize: consume 582 ms
07-06 00:04:21.094 D/Player/PluginProvider@24d33d9a(19796): [TID 19828] << setupSdkFeature: mSdkFeature=com.qiyi.video.plugin.j@20837564
07-06 00:04:21.094 W/PluginProviderBuilder(19796): createPluginProviderInstance() return com.qiyi.video.plugin.PluginProvider@24d33d9a
07-06 00:04:21.094 W/PluginDebugUtils(19796): needThrowable<<(key=lastFailed)
07-06 00:04:21.094 W/PluginDebugUtils(19796): needThrowable() returns false
07-06 00:04:21.094 W/PluginHelper(19796): loadProvider>>() return com.qiyi.video.plugin.PluginProvider@24d33d9a
07-06 00:04:21.094 W/StorageManager(19796): savePluginInfo<<(info=PluginInfo(id=pluginplayer, versionName=1.64.0.59984, className=com.qiyi.video.plugin.PluginProvider, path=/data/data/com.hisense.hicloud.edca/files/plugin/2.1.0.59986/pluginplayer/1.64.0.59984/pluginplayer-release-1.64.0.59984.apk, libFolder=/data/data/com.hisense.hicloud.edca/files/plugin/2.1.0.59986/pluginplayer/1.64.0.59984/pluginplayer-release-1.64.0.59984-libs, containSo=true, soFileCount=18, errorCount=0, lastLoadSuccess=true))
07-06 00:04:21.094 W/StorageManager(19796): isMultiProcessPlugin<<()  pluginplayer
07-06 00:04:21.094 W/StorageManager(19796): isMultiProcessPlugin>>() return false
07-06 00:04:21.094 W/StorageStub@193d3924(19796): loadPluginInfos<<(pluginId=pluginplayer, needRemoveDumy=false)
07-06 00:04:21.094 W/PluginInfo(19796): getListFromJson<<(json=null)
07-06 00:04:21.094 W/StorageStub@193d3924(19796): loadPluginInfos>>() return null
07-06 00:04:21.094 W/StorageManager(19796): findPluginInfo<<(list=[], version=1.64.0.59984)
07-06 00:04:21.094 W/StorageManager(19796): findPluginInfo>>() return null
07-06 00:04:21.094 W/StorageStub@193d3924(19796): savePluginInfos<<(pluginId=pluginplayer, list=[PluginInfo(id=pluginplayer, versionName=1.64.0.59984, className=com.qiyi.video.plugin.PluginProvider, path=/data/data/com.hisense.hicloud.edca/files/plugin/2.1.0.59986/pluginplayer/1.64.0.59984/pluginplayer-release-1.64.0.59984.apk, libFolder=/data/data/com.hisense.hicloud.edca/files/plugin/2.1.0.59986/pluginplayer/1.64.0.59984/pluginplayer-release-1.64.0.59984-libs, containSo=true, soFileCount=18, errorCount=0, lastLoadSuccess=true)])
07-06 00:04:21.095 W/PluginInfo(19796): getJsonFromList<<(list=[PluginInfo(id=pluginplayer, versionName=1.64.0.59984, className=com.qiyi.video.plugin.PluginProvider, path=/data/data/com.hisense.hicloud.edca/files/plugin/2.1.0.59986/pluginplayer/1.64.0.59984/pluginplayer-release-1.64.0.59984.apk, libFolder=/data/data/com.hisense.hicloud.edca/files/plugin/2.1.0.59986/pluginplayer/1.64.0.59984/pluginplayer-release-1.64.0.59984-libs, containSo=true, soFileCount=18, errorCount=0, lastLoadSuccess=true)])
07-06 00:04:21.095 W/PluginInfo(19796): toJson>>() return {"plugin_id":"pluginplayer","plugin_versionname":"1.64.0.59984","plugin_class_name":"com.qiyi.video.plugin.PluginProvider","plugin_path":"\/data\/data\/com.hisense.hicloud.edca\/files\/plugin\/2.1.0.59986\/pluginplayer\/1.64.0.59984\/pluginplayer-release-1.64.0.59984.apk","plugin_lib_folder":"\/data\/data\/com.hisense.hicloud.edca\/files\/plugin\/2.1.0.59986\/pluginplayer\/1.64.0.59984\/pluginplayer-release-1.64.0.59984-libs","contain_so":true,"so_count":18,"load_error_count":0,"load_success":true}
07-06 00:04:21.095 W/PluginInfo(19796): getJsonFromList>>() return [{"plugin_id":"pluginplayer","plugin_versionname":"1.64.0.59984","plugin_class_name":"com.qiyi.video.plugin.PluginProvider","plugin_path":"\/data\/data\/com.hisense.hicloud.edca\/files\/plugin\/2.1.0.59986\/pluginplayer\/1.64.0.59984\/pluginplayer-release-1.64.0.59984.apk","plugin_lib_folder":"\/data\/data\/com.hisense.hicloud.edca\/files\/plugin\/2.1.0.59986\/pluginplayer\/1.64.0.59984\/pluginplayer-release-1.64.0.59984-libs","contain_so":true,"so_count":18,"load_error_count":0,"load_success":true}]
07-06 00:04:21.095 W/StorageStub@193d3924(19796): savePluginInfos>>()
07-06 00:04:21.095 W/StorageManager(19796): savePluginInfo>>()
07-06 00:04:21.095 W/PluginHelper(19796): loadAssetsProvider>>() return com.qiyi.video.plugin.PluginProvider@24d33d9a
07-06 00:04:21.095 W/PluginHelper(19796): addProviders<<(provider=com.qiyi.video.plugin.PluginProvider@24d33d9a)
07-06 00:04:21.095 W/PluginHelper(19796): addProviders>>()
07-06 00:04:21.096 W/PluginHelper(19796): handleMessage<<(msg={ when=0 what=1 target=com.qiyi.sdk.plugin.server.core.PluginHelper$TimerHandler })
07-06 00:04:21.097 W/StorageManager(19796): loadLastUpgradeTime<<()
07-06 00:04:21.097 W/StorageStub@193d3924(19796): loadLastUpgradeTime<<()
07-06 00:04:21.097 W/StorageStub@193d3924(19796): loadLastUpgradeTime>>() return 0
07-06 00:04:21.097 W/StorageManager(19796): loadLastUpgradeTime>>()
07-06 00:04:21.097 W/PluginDebugUtils(19796): needDebug<<(key=upgradeIntervalDebug)
07-06 00:04:21.097 W/PluginDebugUtils(19796): needDebug() returns false
07-06 00:04:21.097 W/PluginPropertyConfig(19796): getUpgradeInterval() return 86400000
07-06 00:04:21.097 W/PluginPropertyConfig(19796): autoUpgrade() return true
07-06 00:04:21.097 W/PluginHelper(19796): handleMessage...(realInterval=1499270661097, minInterval=86400000, autoUpgrade=true)
07-06 00:04:21.097 W/PluginHelper(19796): allProvidersCanBeUpgrade<<()
07-06 00:04:21.097 W/PluginHelper(19796): getProvider<<(pluginId=pluginplayer)
07-06 00:04:21.097 W/PluginHelper(19796): getProvider>>() return com.qiyi.video.plugin.PluginProvider@24d33d9a
07-06 00:04:21.098 W/PluginHelper(19796): allProvidersCanBeUpgrade...() provider=com.qiyi.video.plugin.PluginProvider@24d33d9a, canBeUpgrade=true
07-06 00:04:21.098 W/PluginHelper(19796): allProvidersCanBeUpgrade>>() return true
07-06 00:04:21.098 W/PluginHelper(19796): checkAllUpgrade<<()
07-06 00:04:21.098 W/PluginHelper(19796): getProvidersVersionInfo<<()
07-06 00:04:21.098 W/PluginHelper(19796): getProvider<<(pluginId=pluginplayer)
07-06 00:04:21.098 W/PluginHelper(19796): getProvider>>() return com.qiyi.video.plugin.PluginProvider@24d33d9a
07-06 00:04:21.098 D/Version (19796): [TID 19829] getVersionName: 1.64.0.59984
07-06 00:04:21.098 W/PluginHelper(19796): getProvidersVersionInfo>>() return {pluginplayer=1.64.0.59984}
07-06 00:04:21.098 W/UpgradeManager(19796): checkUpgrades<<(requestInfos={pluginplayer=1.64.0.59984})
07-06 00:04:21.099 I/System.out(19796): <TVAPI> DEBUG(isUpdateData): isUpdateData=moduleUpdate-true
07-06 00:04:21.100 I/System.out(19796): <TVAPI> DEBUG(TVApiProperty): read passport-device-id=tv_69b1ef544cadbb86e8f28950ece1c76a_1167652938875
07-06 00:04:21.100 I/System.out(19796): <TVAPI> DEBUG(TVApiProcessor): preprocessor-device-check
07-06 00:04:21.100 I/System.out(19796): <TVAPI> DEBUG(isUpdateData): isUpdateData=devRegister-true
07-06 00:04:21.101 I/System.out(19796): <TVAPI> DEBUG(TVAPI): uuid=20151228165619572MkCHJfWb11209
07-06 00:04:21.101 I/System.out(19796): <TVAPI> DEBUG(TVAPI): version=2.1.0.59986
07-06 00:04:21.103 D/ADLog   ( 7859): ResourceDownloadManager => reclaimStorageSpace() enableReclaim = true
07-06 00:04:21.103 D/ADLog   ( 7859): ResourceDownloadManager => clear expired AppAdCodeInfo
07-06 00:04:21.103 D/ADLog   ( 7859): ADDaoHandler => adcode valid period: 604800
07-06 00:04:21.103 D/ADLog   ( 7859): DBManager => queryExpireADCode(long time = 1498637061)
07-06 00:04:21.110 I/ADLog   ( 7859): DBManager => query count is 0
07-06 00:04:21.110 D/ADLog   ( 7859): ResourceDownloadManager => start to clear unused files ......
07-06 00:04:21.110 D/ADLog   ( 7859): DBManager => queryDefaultPath(String clomun = ADRESOURCEPATH, String tableName = ADPlayPolicy)
07-06 00:04:21.112 I/System.out(19796): <TVAPI> DEBUG(TVApiProperty): read passport-device-id=tv_69b1ef544cadbb86e8f28950ece1c76a_1167652938875
07-06 00:04:21.112 D/ADLog   ( 7859): DBManager => queryAllPath(String clomun = ADPREFORMPATH, String tableName = ADPlayPolicy)
07-06 00:04:21.112 I/System.out(19796): <TVAPI> DEBUG(id=4, systemTime): url = http://pdata.video.ptqy.gitv.tv/k
07-06 00:04:21.113 I/System.out(19796): D/(plugin_check_upgrade_thread, CommonApi-systemTime): url=http://pdata.video.ptqy.gitv.tv/k
07-06 00:04:21.114 D/ADLog   ( 7859): CommonUtils => getListFromString:   
07-06 00:04:21.114 W/System.err(19796): java.lang.Exception: load local histroy info null
07-06 00:04:21.114 D/ADLog   ( 7859): CommonUtils => getListFromString:   
07-06 00:04:21.114 D/ADLog   ( 7859): CommonUtils => getListFromString:   
07-06 00:04:21.114 W/System.err(19796): 	at com.qiyi.sdk.plugin.server.core.PluginHelper.loadLocalProvider(SourceFile:202)
07-06 00:04:21.114 W/System.err(19796): 	at com.qiyi.sdk.plugin.server.core.PluginHelper.loadProvider(SourceFile:151)
07-06 00:04:21.114 W/System.err(19796): 	at com.qiyi.sdk.plugin.server.PluginManager.loadFeature(SourceFile:81)
07-06 00:04:21.114 D/ADLog   ( 7859): DBManager => queryDefaultPath(String clomun = DEFAULTADPATH, String tableName = ADCodeInfo)
07-06 00:04:21.114 W/System.err(19796): 	at com.qiyi.sdk.player.a.a(SourceFile:3101)
07-06 00:04:21.114 W/System.err(19796): 	at com.qiyi.sdk.player.a$a.run(SourceFile:132)
07-06 00:04:21.114 W/System.err(19796): 	at android.os.Handler.handleCallback(Handler.java:739)
07-06 00:04:21.114 W/System.err(19796): 	at android.os.Handler.dispatchMessage(Handler.java:95)
07-06 00:04:21.114 W/System.err(19796): 	at android.os.Looper.loop(Looper.java:135)
07-06 00:04:21.114 W/System.err(19796): 	at android.os.HandlerThread.run(HandlerThread.java:61)
07-06 00:04:21.115 W/PluginHelper(19796): loadProvider>>() return Result(code=1, data=com.qiyi.video.plugin.PluginProvider@24d33d9a, exception=[LoadProviderException(type=loadLocal, throwable=java.lang.Exception: load local histroy info null)], period=1)
07-06 00:04:21.115 W/AbsPluginProvider(19796): getFeature<<(featureType=2)
07-06 00:04:21.115 D/Player/PluginProvider@24d33d9a(19796): [TID 19828] getFeatures: mFeatures=[com.qiyi.video.plugin.j@20837564]
07-06 00:04:21.115 W/AbsPluginProvider(19796): getFeature>>() return com.qiyi.video.plugin.j@20837564
07-06 00:04:21.115 W/System.err(19796): java.lang.Exception: load local histroy info null
07-06 00:04:21.115 W/System.err(19796): 	at com.qiyi.sdk.plugin.server.core.PluginHelper.loadLocalProvider(SourceFile:202)
07-06 00:04:21.115 W/System.err(19796): 	at com.qiyi.sdk.plugin.server.core.PluginHelper.loadProvider(SourceFile:151)
07-06 00:04:21.115 W/System.err(19796): 	at com.qiyi.sdk.plugin.server.PluginManager.loadFeature(SourceFile:81)
07-06 00:04:21.115 W/System.err(19796): 	at com.qiyi.sdk.player.a.a(SourceFile:3101)
07-06 00:04:21.115 W/System.err(19796): 	at com.qiyi.sdk.player.a$a.run(SourceFile:132)
07-06 00:04:21.115 W/System.err(19796): 	at android.os.Handler.handleCallback(Handler.java:739)
07-06 00:04:21.115 W/System.err(19796): 	at android.os.Handler.dispatchMessage(Handler.java:95)
07-06 00:04:21.115 W/System.err(19796): 	at android.os.Looper.loop(Looper.java:135)
07-06 00:04:21.115 W/System.err(19796): 	at android.os.HandlerThread.run(HandlerThread.java:61)
07-06 00:04:21.115 W/PluginManager(19796): loadFeature>>() return Result(code=1, data=com.qiyi.video.plugin.j@20837564, exception=[LoadProviderException(type=loadLocal, throwable=java.lang.Exception: load local histroy info null)], period=1)
07-06 00:04:21.115 I/MyFragmentStateAdapter(19796): getCount
07-06 00:04:21.116 D/PlayerSdk/PlayerSdkProject(19796): [TID 19828] initialize(Parameter@1c046c51{mDelayedMilliSec=0, mCustomerAppVersion=3.0.0.9.00, mDeviceId=a8:a6:48:18:fc:a8, mDeviceInfo=vidaa3, mShowAdCountDown=true, mCDNDispathParam=null, mAdsHintNameMap={1001=, 2001=, 3001=}})
07-06 00:04:21.116 D/PlayerSdk/PlayerSdkProject(19796): [TID 19828] >> finishInitialize
07-06 00:04:21.116 D/ADLog   ( 7859): ResourceDownloadManager => send a Request to download ad_sc
07-06 00:04:21.117 D/ADLog   ( 7859): ADDaoHandler => update ADCodeInfo
07-06 00:04:21.117 D/ADLog   ( 7859): DBManager => update(String table = ADCodeInfo, Object obj = ADCodeInfo [id=3, adCode=ad_sc, packageNamecom.jamdeo.tv.tileanimation, UpdateStatus=2, defaultAdID=1000000002492, defaultAdURL=http://download.hismarttv.com/epgdata/ImageAD/9000019146505.jpg, defaultAdPath=/data/data/com.hisense.service.ad/files/ad/9000019146505.jpg, defaultAdType=5, owner=hitv, lastUpdateTime=1499241861, lock=java.util.concurrent.locks.ReentrantLock@26d6b917[Unlocked], adInfos=[]])
07-06 00:04:21.117 D/ADLog   ( 7859): DBManager => getValues(String tabName = ADCodeInfo, Object object = ADCodeInfo [id=3, adCode=ad_sc, packageNamecom.jamdeo.tv.tileanimation, UpdateStatus=2, defaultAdID=1000000002492, defaultAdURL=http://download.hismarttv.com/epgdata/ImageAD/9000019146505.jpg, defaultAdPath=/data/data/com.hisense.service.ad/files/ad/9000019146505.jpg, defaultAdType=5, owner=hitv, lastUpdateTime=1499241861, lock=java.util.concurrent.locks.ReentrantLock@26d6b917[Unlocked], adInfos=[]])
07-06 00:04:21.117 D/ADLog   ( 7859): CommonUtils => getStringFromList:   [{"id":"8","code":"hitvdef","url":"http:\/\/api.hismarttv.com\/adapi\/getlogopic?type=0&ac=${ADCODE}&pid=${ADPOLICY}&aid=${ADID}&did=${DEVICEID}&t=${TIME}&act=${ACTION}&dt=${DISPLAYTIMES}&tz=${TIMEZONE}&mac=${MAC}"}]
07-06 00:04:21.117 I/art     (19796): Background sticky concurrent mark sweep GC freed 6367(429KB) AllocSpace objects, 2(32KB) LOS objects, 1% free, 37MB/38MB, paused 10.830ms total 46.947ms
07-06 00:04:21.118 I/System.out(19796): <TVAPI> DEBUG(id=3, devRegister): url = http://data2.itv.ptqy.gitv.tv/itv/devRegister/OGFjZjgxODQ2YThhLzIwMTUxMjI4MTY1NjE5NTcyTWtDSEpmV2IxMTIwOS8yLjEuMC41OTk4Ng/39467112fe7be1432adcf86e152f4899
07-06 00:04:21.118 I/System.out(19796): <TVAPI> DEBUG(id=3, devRegister): header = qyid:tv_69b1ef544cadbb86e8f28950ece1c76a_1167652938875
07-06 00:04:21.118 I/System.out(19796): <TVAPI> DEBUG(id=3, devRegister): header = ov:5.1.1
07-06 00:04:21.118 I/System.out(19796): <TVAPI> DEBUG(id=3, devRegister): header = apkVer:2.1.0.59986
07-06 00:04:21.120 V/LogRecord/LogManager(19796): isLogRegister = false isMultiProcess = false isSecondProcess = false
07-06 00:04:21.121 V/LogRecord/LogManager(19796): setFeedBackComplete = true
07-06 00:04:21.127 D/ADLog   ( 7859): ResourceDownloadManager => deleteResourceFileExpired(File file = /data/data/com.hisense.service.ad/files/ad, List<String> resourceFiles = [/data/data/com.hisense.service.ad/files/ad/9000019161810.jpg, /data/data/com.hisense.service.ad/files/ad/9000019161810.jpg, /data/data/com.hisense.service.ad/files/ad/9000019159537_9000019159537.mp4, /data/data/com.hisense.service.ad/files/ad/9000019146505.jpg, /data/data/com.hisense.service.ad/files/ad/9000019139817.jpg, /data/data/com.hisense.service.ad/files/ad/9000019159462.zip, /data/data/com.hisense.service.ad/files/ad/9000019142662.jpg])
07-06 00:04:21.130 D/ADLog   ( 7859): ResourceDownloadManager => deleteResourceFileExpired(File file = /data/data/com.hisense.service.ad/files/ad/9000019161810.jpg, List<String> resourceFiles = [/data/data/com.hisense.service.ad/files/ad/9000019161810.jpg, /data/data/com.hisense.service.ad/files/ad/9000019161810.jpg, /data/data/com.hisense.service.ad/files/ad/9000019159537_9000019159537.mp4, /data/data/com.hisense.service.ad/files/ad/9000019146505.jpg, /data/data/com.hisense.service.ad/files/ad/9000019139817.jpg, /data/data/com.hisense.service.ad/files/ad/9000019159462.zip, /data/data/com.hisense.service.ad/files/ad/9000019142662.jpg])
07-06 00:04:21.130 D/ADLog   ( 7859): ResourceDownloadManager => path is /data/data/com.hisense.service.ad/files/ad/9000019161810.jpg
07-06 00:04:21.130 D/ADLog   ( 7859): ResourceDownloadManager => deleteResourceFileExpired(File file = /data/data/com.hisense.service.ad/files/ad/9000019142662.jpg, List<String> resourceFiles = [/data/data/com.hisense.service.ad/files/ad/9000019161810.jpg, /data/data/com.hisense.service.ad/files/ad/9000019161810.jpg, /data/data/com.hisense.service.ad/files/ad/9000019159537_9000019159537.mp4, /data/data/com.hisense.service.ad/files/ad/9000019146505.jpg, /data/data/com.hisense.service.ad/files/ad/9000019139817.jpg, /data/data/com.hisense.service.ad/files/ad/9000019159462.zip, /data/data/com.hisense.service.ad/files/ad/9000019142662.jpg])
07-06 00:04:21.130 D/ADLog   ( 7859): ResourceDownloadManager => path is /data/data/com.hisense.service.ad/files/ad/9000019142662.jpg
07-06 00:04:21.130 D/ADLog   ( 7859): ResourceDownloadManager => deleteResourceFileExpired(File file = /data/data/com.hisense.service.ad/files/ad/9000019146505.jpg, List<String> resourceFiles = [/data/data/com.hisense.service.ad/files/ad/9000019161810.jpg, /data/data/com.hisense.service.ad/files/ad/9000019161810.jpg, /data/data/com.hisense.service.ad/files/ad/9000019159537_9000019159537.mp4, /data/data/com.hisense.service.ad/files/ad/9000019146505.jpg, /data/data/com.hisense.service.ad/files/ad/9000019139817.jpg, /data/data/com.hisense.service.ad/files/ad/9000019159462.zip, /data/data/com.hisense.service.ad/files/ad/9000019142662.jpg])
07-06 00:04:21.130 D/ADLog   ( 7859): ResourceDownloadManager => path is /data/data/com.hisense.service.ad/files/ad/9000019146505.jpg
07-06 00:04:21.130 D/ADLog   ( 7859): ResourceDownloadManager => deleteResourceFileExpired(File file = /data/data/com.hisense.service.ad/files/ad/9000019139817.jpg, List<String> resourceFiles = [/data/data/com.hisense.service.ad/files/ad/9000019161810.jpg, /data/data/com.hisense.service.ad/files/ad/9000019161810.jpg, /data/data/com.hisense.service.ad/files/ad/9000019159537_9000019159537.mp4, /data/data/com.hisense.service.ad/files/ad/9000019146505.jpg, /data/data/com.hisense.service.ad/files/ad/9000019139817.jpg, /data/data/com.hisense.service.ad/files/ad/9000019159462.zip, /data/data/com.hisense.service.ad/files/ad/9000019142662.jpg])
07-06 00:04:21.130 D/ADLog   ( 7859): ResourceDownloadManager => path is /data/data/com.hisense.service.ad/files/ad/9000019139817.jpg
07-06 00:04:21.130 D/ADLog   ( 7859): ResourceDownloadManager => deleteResourceFileExpired(File file = /data/data/com.hisense.service.ad/files/ad/9000019159462.zip, List<String> resourceFiles = [/data/data/com.hisense.service.ad/files/ad/9000019161810.jpg, /data/data/com.hisense.service.ad/files/ad/9000019161810.jpg, /data/data/com.hisense.service.ad/files/ad/9000019159537_9000019159537.mp4, /data/data/com.hisense.service.ad/files/ad/9000019146505.jpg, /data/data/com.hisense.service.ad/files/ad/9000019139817.jpg, /data/data/com.hisense.service.ad/files/ad/9000019159462.zip, /data/data/com.hisense.service.ad/files/ad/9000019142662.jpg])
07-06 00:04:21.131 D/ADLog   ( 7859): ResourceDownloadManager => path is /data/data/com.hisense.service.ad/files/ad/9000019159462.zip
07-06 00:04:21.131 D/ADLog   ( 7859): ResourceDownloadManager => deleteResourceFileExpired(File file = /data/data/com.hisense.service.ad/files/ad/9000019159537_9000019159537.mp4, List<String> resourceFiles = [/data/data/com.hisense.service.ad/files/ad/9000019161810.jpg, /data/data/com.hisense.service.ad/files/ad/9000019161810.jpg, /data/data/com.hisense.service.ad/files/ad/9000019159537_9000019159537.mp4, /data/data/com.hisense.service.ad/files/ad/9000019146505.jpg, /data/data/com.hisense.service.ad/files/ad/9000019139817.jpg, /data/data/com.hisense.service.ad/files/ad/9000019159462.zip, /data/data/com.hisense.service.ad/files/ad/9000019142662.jpg])
07-06 00:04:21.131 D/ADLog   ( 7859): ResourceDownloadManager => path is /data/data/com.hisense.service.ad/files/ad/9000019159537_9000019159537.mp4
07-06 00:04:21.131 D/ADLog   ( 7859): ResourceDownloadManager => flashMax:104857600
07-06 00:04:21.131 D/ADLog   ( 7859): ResourceDownloadManager => storageSpaceUsed:15542387
07-06 00:04:21.131 D/ADLog   ( 7859): ResourceDownloadManager => availableStorageSpace:3559735296
07-06 00:04:21.131 D/ADLog   ( 7859): ResourceDownloadManager => task count is 1
07-06 00:04:21.131 D/ADLog   ( 7859): HttpDownloader => HttpDownloader36 downloadInfo::com.hisense.service.ad.bean.DownloadListInfo@393df6a5, com.hisense.service.ad.bean.DownloadListInfo@16906c9c
07-06 00:04:21.132 D/ADLog   ( 7859): HttpDownloader => httpdownloader36: to download resource file /data/data/com.hisense.service.ad/files/ad/9000019146505.jpg
07-06 00:04:21.132 D/ADLog   ( 7859): HttpDownloader => httpdownloader36: resource url is http://download.hismarttv.com/epgdata/ImageAD/9000019146505.jpg
07-06 00:04:21.134 V/LogRecord/LogcatController(19796): logcatQueueType is = CIRCULAR
07-06 00:04:21.134 V/LogRecord/QueueFactory(19796): QueueManage , iqiyilogqueuetype = CIRCULAR
07-06 00:04:21.136 V/LogRecord/LogcatController(19796): LogcatController mQueueExcutor init()
07-06 00:04:21.136 V/LogRecord/CircularQueueExcutor(19796): CircularQueueExcutor init()
07-06 00:04:21.136 V/LogRecord/LogManager(19796): isSecondProcess = false
07-06 00:04:21.140 I/ResourceDownloadManager( 7859): success to create a http downloader.
07-06 00:04:21.143 V/LogRecord/ServiceHelper(19796): LogcatRecordingService is not running 
07-06 00:04:21.144 V/LogRercord/IqiyiLogController(19796): iqiyiQueueType is = CIRCULAR
07-06 00:04:21.144 V/LogRecord/QueueFactory(19796): QueueManage , iqiyilogqueuetype = CIRCULAR
07-06 00:04:21.144 V/PackageManager( 1733): getPackageInfo com.hisense.service.ad: Package{2fa4b490 com.hisense.service.ad}
07-06 00:04:21.144 V/LogRercord/IqiyiLogController(19796): IqiyiLogController mQueueExcutor init()
07-06 00:04:21.144 V/LogRecord/CircularQueueExcutor(19796): CircularQueueExcutor init()
07-06 00:04:21.144 V/LogRecord/FileHelper(19796): clearFileDir
07-06 00:04:21.158 D/ADLog   ( 7859): ResourceDownloadManager => success to send a DownloadSuccess msg.ad_sc
07-06 00:04:21.160 I/System.out(19796): <TVAPI> DEBUG(System Time): 1499270660
07-06 00:04:21.160 I/System.out(19796): <TVAPI> DEBUG(id=4, systemTime, response_time = 48ms): data = {"t":"1499270660","m":"c01cbc46db99f7482f978312f087fe84ee44c50ce708393e","u":"c01cbc46db99f7486c2c2ff53f807d57cd209a1d88b78425","i":"220.181.109.33","k":"c01cbc46db99f74840b709a195d32c4c9db42e51cb91c539"}
07-06 00:04:21.162 D/ADLog   ( 7859): DBManager => result = 1, table : ADCodeInfo
07-06 00:04:21.162 D/ADLog   ( 7859): UpdateADStrategy => success to update policy for ad_sc
07-06 00:04:21.162 D/ADLog   ( 7859): ADDaoHandler => getADCodeInfo(String adCode = sys_ssv3)
07-06 00:04:21.162 D/ADLog   ( 7859): DBManager => query(String adCode = sys_ssv3)
07-06 00:04:21.165 D/ADLog   ( 7859): DBManager => ADCodeInfo cursor.getCount() = 1
07-06 00:04:21.165 D/ADLog   ( 7859): DBManager => updateADStatus(String adCode = ad_sc, String packageName = com.jamdeo.tv.tileanimation)
07-06 00:04:21.165 D/ADLog   ( 7859): DBManager => queryPlayPolicy(adCode = sys_ssv3, packageName = com.jamdeo.screensaver)
07-06 00:04:21.165 V/LogRecord/FileHelper(19796): /data/data/com.hisense.hicloud.edca/cache/qylogrecord
07-06 00:04:21.186 I/MyFragmentStateAdapter(19796): getCount
07-06 00:04:21.196 I/TVMW@devctrl( 1234): wdt
07-06 00:04:21.211 D/Player/Lib/Utils/PlayerDebugUtils(19796): [TID 19828] initialize, allowDebug: false
07-06 00:04:21.224 I/System.out(19796): <TVAPI> DEBUG(id=3, devRegister, response_time = 92ms): data = {"msg":"","code":"N000000","data":{"apiKey":"9e14d341281067d05d771f41454858c0","authId":1210,"flag":"","hide":"qiyicom","ip":"219.147.31.2","ipLoc":"1-48-3-6-6001-0-26","ipZh":"-----None-","kv":[{"hcdn":"hCDN"},{"homepageHot":""},{"homepageNew":""},{"ruleCode":"http://static.ptqy.gitv.tv/js/tv/app/getPlayerConfig.js","playerConfig":""},{"isShowExitAppDialog":"apk"}],"loading":"","loginTunnel":0,"resIds":[{"id":201221412,"seq":1},{"id":201713612,"seq":2},{"id":201757412,"seq":3}],"sysTime":1499270302,"tab":[],"tip":"","upgradeType":-1,"url":"","version":""}}
07-06 00:04:21.224 I/System.out(19796): <TVAPI> DEBUG(TVApiProcessor): replace url is http://data2.itv.ptqy.gitv.tv/itv/moduleUpdate/1210/2.1.0.59986?p=%7B%22chipVer%22%3A%22%22%2C%22ip%22%3A%22%22%2C%22mac%22%3A%22a8%3Aa6%3A48%3A18%3Afc%3Aa8%22%2C%22mem%22%3A%22%22%2C%22osVer%22%3A22%2C%22platModel%22%3A%22VIDAA_TV%22%2C%22pluginplayer%22%3A%221.64.0.59984%22%2C%22prodModel%22%3A%22VIDAA_TV%22%7D
07-06 00:04:21.224 I/System.out(19796): <TVAPI> DEBUG(id=2, moduleUpdate): url = http://data2.itv.ptqy.gitv.tv/itv/moduleUpdate/1210/2.1.0.59986?p=%7B%22chipVer%22%3A%22%22%2C%22ip%22%3A%22%22%2C%22mac%22%3A%22a8%3Aa6%3A48%3A18%3Afc%3Aa8%22%2C%22mem%22%3A%22%22%2C%22osVer%22%3A22%2C%22platModel%22%3A%22VIDAA_TV%22%2C%22pluginplayer%22%3A%221.64.0.59984%22%2C%22prodModel%22%3A%22VIDAA_TV%22%7D
07-06 00:04:21.224 I/System.out(19796): <TVAPI> DEBUG(id=2, moduleUpdate): header = qyid:tv_69b1ef544cadbb86e8f28950ece1c76a_1167652938875
07-06 00:04:21.224 I/System.out(19796): <TVAPI> DEBUG(id=2, moduleUpdate): header = ov:5.1.1
07-06 00:04:21.224 I/System.out(19796): <TVAPI> DEBUG(id=2, moduleUpdate): header = apkVer:2.1.0.59986
07-06 00:04:21.224 I/System.out(19796): <TVAPI> DEBUG(id=2, moduleUpdate): header = apiKey:9e14d341281067d05d771f41454858c0
07-06 00:04:21.232 D/NetworkManager(19796): [TID 19796] onReceive: intent=Intent { act=android.net.conn.CONNECTIVITY_CHANGE flg=0x10 (has extras) }, extra=Bundle[mParcelledData.dataSize=380]
07-06 00:04:21.232 D/NetworkManager(19796): [TID 19796] action=android.net.conn.CONNECTIVITY_CHANGE
07-06 00:04:21.236 D/Player/Player/NativePlayerUtils(19796): [TID 19828] >>checkNativePath
07-06 00:04:21.237 D/Player/Player/NativePlayerUtils(19796): [TID 19828] <<checkNativePath ret=/mnt/sdcard/qcache
07-06 00:04:21.237 D/Player/Player/NativePlayerUtils(19796): [TID 19828] >> loadWhiteListSync()
07-06 00:04:21.238 D/NetworkManager(19796): [TID 19796] getRealState: activeNetInfo={[type: Ethernet[], state: CONNECTED/CONNECTED, reason: (unspecified), extra: a8:a6:48:18:fc:a8, roaming: false, failover: false, isAvailable: true, isConnectedToProvisioningNetwork: false]}, isConnected=true
07-06 00:04:21.238 D/NetworkManager(19796): [TID 19796] onNetStateChanged(2)
07-06 00:04:21.241 D/Player/Player/NativePlayerUtils(19796): [TID 19828] isWhiteListLoaded() return false
07-06 00:04:21.241 D/Player/Player/NativePlayerUtils(19796): [TID 19828] loadWhiteListSync(), so Path is /data/data/com.hisense.hicloud.edca/files/plugin/2.1.0.59986/pluginplayer/1.64.0.59984/pluginplayer-release-1.64.0.59984-libs/libiqiyi_media_player_whitelist.so,domian is ptqy.gitv.tv, current tried times is 0
07-06 00:04:21.246 D/NetworkManager(19796): [TID 19945] >> getRequestTask(http://www.baidu.com)
07-06 00:04:21.247 D/NetworkManager(19796): [TID 19945] getRequestTask(http://www.baidu.com): current pool size=2, queue=[]
07-06 00:04:21.247 D/NetworkManager(19796): [TID 19945] getRequestTask(http://www.baidu.com): submitted task={java.util.concurrent.FutureTask@3560ff94, 19502817}
07-06 00:04:21.247 D/NetworkManager(19796): [TID 19945] << getRequestTask(http://www.baidu.com): returned task=java.util.concurrent.FutureTask@3560ff94
07-06 00:04:21.249 D/NetworkManager(19796): [TID 19946] >> request(http://www.baidu.com, 19502817)
07-06 00:04:21.251 D/NetworkManager(19796): [TID 19946] request(http://www.baidu.com, 19502817): openConnection
07-06 00:04:21.251 I/CLog    (19796): JNI_OnLoad->(cpuinfos) success!!
07-06 00:04:21.252 D/Player/Player/NativePlayerUtils(19796): [TID 19828] loadWhiteListSync(), wait load finished
07-06 00:04:21.257 D/CLog    (19796): cpuinfo_len is (370):
07-06 00:04:21.257 D/CLog    (19796): Processor	: AArch64 Processor rev 3 (aarch64)
07-06 00:04:21.257 D/CLog    (19796): processor	: 0
07-06 00:04:21.257 D/CLog    (19796): processor	: 1
07-06 00:04:21.257 D/CLog    (19796): processor	: 2
07-06 00:04:21.257 D/CLog    (19796): processor	: 3
07-06 00:04:21.257 D/CLog    (19796): Features	: fp asimd aes pmull sha1 sha2 crc32 wp half thumb fastmult vfp edsp neon vfpv3 tlsi vfpv4 idiva idivt 
07-06 00:04:21.257 D/CLog    (19796): CPU implementer	: 0x41
07-06 00:04:21.257 D/CLog    (19796): CPU architecture: 8
07-06 00:04:21.257 D/CLog    (19796): CPU variant	: 0x0
07-06 00:04:21.257 D/CLog    (19796): CPU part	: 0xd03
07-06 00:04:21.257 D/CLog    (19796): CPU revision	: 3
07-06 00:04:21.257 D/CLog    (19796): 
07-06 00:04:21.257 D/CLog    (19796): Hardware	: Muji
07-06 00:04:21.257 D/CLog    (19796): Revision	: 0000
07-06 00:04:21.257 D/CLog    (19796): Serial		: 0000000000000000
07-06 00:04:21.257 D/CLog    (19796): 
07-06 00:04:21.257 D/CLog    (19796): cpuinfo hardware is Muji
07-06 00:04:21.259 D/TVWhiteList(19796): requested URL key = tv-{model-[VIDAA_TV]|cpuinfo-[Muji]}, default = tv-{cpuinfo-[Muji]}, productname-[VIDAA_TV]
07-06 00:04:21.259 D/TVWhiteList(19796): requested URL = http://puma.api.ptqy.gitv.tv/kestrel/fetch?key=tv-%7Bmodel-%5BVIDAA_TV%5D%7Ccpuinfo-%5BMuji%5D%7D&default_key=tv-%7Bcpuinfo-%5BMuji%5D%7D
07-06 00:04:21.262 D/TVWhiteList(19796): WhiteList server IP: 106.38.219.35
07-06 00:04:21.267 I/MyFragmentStateAdapter(19796): getCount
07-06 00:04:21.267 I/TVMW@HsTvSetting( 1234): Trace cmd, data = 0x1058
07-06 00:04:21.267 D/til@system( 2026): til_get_system_param option:100002F int:0, bool:0, ret:0
07-06 00:04:21.267 I/TVMW@HsTvSetting( 1234): Trace cmd, data = 0x101f
07-06 00:04:21.267 D/til@system( 2026): til_get_system_param option:100001D int:3, bool:3, ret:0
07-06 00:04:21.267 E/til     ( 2026): [til_get_current_input_source, 101] 
07-06 00:04:21.267 I/TVMW@HsTvSetting( 1234): Trace cmd, data = 0x7007
07-06 00:04:21.267 I/tilwrapper@sm( 2026): HS2TIL_SourceType *hs=0xd, *til=0x900
07-06 00:04:21.268 D/til     ( 2026): get current source 2304
07-06 00:04:21.268 D/SourceRemoteServiceHandler( 2026): getCurrentInputSource.from.til.result is 0, value is 2304
07-06 00:04:21.268 D/SourceRemoteServiceHandler( 2026): getInputSourceType source: 0x900, type=2304
07-06 00:04:21.268 D/til     ( 2026): ###### func:til_get_picture_param option:0x3000006 ######  
07-06 00:04:21.268 I/TVMW@HsTvSetting( 1234): Trace cmd, data = 0x1003
07-06 00:04:21.268 I/TVMW@HsTvSetting( 1234): Trace cmd, data = 0x8032
07-06 00:04:21.269 I/hstvos  ( 1216): [0m[1;33m[HSHAL][HS_VIDEO][HS_HAL_Video_SetOsdDetect_v2][2389]u16Threshold = 20
07-06 00:04:21.270 I/MiSysSrv( 1214): Not support now! 42, change to mm_video!!!
07-06 00:04:21.270 E/TVMW@videoctrl( 1234):  getOsd is 1
07-06 00:04:21.270 D/til@system( 2026): til_get_system_param option:1000027 int:1, bool:1, ret:0
07-06 00:04:21.271 D/til     ( 2026): ###### func:til_get_picture_param option:0x3000045 ######  
07-06 00:04:21.271 I/TVMW@HsTvSetting( 1234): Trace cmd, data = 0x300c
07-06 00:04:21.271 I/TVMW@HsTvSetting( 1234): Trace 3d, data = 0x300c
07-06 00:04:21.271 I/TVMW@3d ( 1234): Hs_debug3d_trace: func:get3dStatus, line:109
07-06 00:04:21.272 D/ADLog   ( 7859): DBManager => change downloadstatus result = 1
07-06 00:04:21.275 D/ADLog   ( 7859): ResourceDownloadManager => success to send broadcast!!!!!ad_sc
07-06 00:04:21.276 E/ADLog   ( 7859): DBManager => query count is 0
07-06 00:04:21.276 D/AdvertisementManager(17243): getAdvertisementContentInfo(ad_sc) called
07-06 00:04:21.276 D/ADLog   ( 7859): ADServiceAIDL => getADPlayContent adCode = ad_sc packageName = com.jamdeo.tv.tileanimation
07-06 00:04:21.276 D/ADLog   ( 7859): DBManager => ADCodeInfo [id=4, adCode=sys_ssv3, packageNamecom.jamdeo.screensaver, UpdateStatus=1, defaultAdID=1000000001239, defaultAdURL=http://download.hismarttv.com/epgdata/ImageAD/9000019139817.jpg, defaultAdPath=/data/data/com.hisense.service.ad/files/ad/9000019139817.jpg, defaultAdType=5, owner=hitv, lastUpdateTime=1499241801, lock=java.util.concurrent.locks.ReentrantLock@29267a7a[Unlocked], adInfos=[]]
07-06 00:04:21.276 D/ADLog   ( 7859): ADServiceHandler => ADContentInfo getAD(String adCode = ad_sc, String packageName = com.jamdeo.tv.tileanimation)
07-06 00:04:21.277 D/ADLog   ( 7859): ADServiceHandler => getADInfo(String adCode = ad_sc, String packageName = com.jamdeo.tv.tileanimation)
07-06 00:04:21.277 D/ADLog   ( 7859): DBManager => query(String adCode = ad_sc, String packageName = com.jamdeo.tv.tileanimation)
07-06 00:04:21.283 D/ADLog   ( 7859): ADDaoHandler => getADCodeInfo(String adCode = ad_sc)
07-06 00:04:21.283 D/ADLog   ( 7859): DBManager => query(String adCode = ad_sc)
07-06 00:04:21.284 D/ADLog   ( 7859): DBManager => ADCodeInfo cursor.getCount() = 1
07-06 00:04:21.284 D/ADLog   ( 7859): DBManager => queryPlayPolicy(adCode = ad_sc, packageName = com.jamdeo.tv.tileanimation)
07-06 00:04:21.285 E/ADLog   ( 7859): DBManager => query count is 0
07-06 00:04:21.285 D/ADLog   ( 7859): DBManager => ADCodeInfo [id=3, adCode=ad_sc, packageNamecom.jamdeo.tv.tileanimation, UpdateStatus=2, defaultAdID=1000000002492, defaultAdURL=http://download.hismarttv.com/epgdata/ImageAD/9000019146505.jpg, defaultAdPath=/data/data/com.hisense.service.ad/files/ad/9000019146505.jpg, defaultAdType=5, owner=hitv, lastUpdateTime=1499241861, lock=java.util.concurrent.locks.ReentrantLock@330f822b[Unlocked], adInfos=[]]
07-06 00:04:21.285 D/ADLog   ( 7859): ADServiceHandler => current time:1499241861, lastUpdate time: 1499241861
07-06 00:04:21.285 D/ADLog   ( 7859): ADServiceHandler => app.getLastUsedAdId() is 0
07-06 00:04:21.285 D/ADLog   ( 7859): ADServiceHandler => lastShowAdID is 0
07-06 00:04:21.285 D/ADLog   ( 7859): ADServiceHandler => to find last used ad.
07-06 00:04:21.285 D/ADLog   ( 7859): DBManager => update(String table = AppADCodeInfo, Object obj = com.hisense.service.ad.bean.AppADCodeInfo@f85b688)
07-06 00:04:21.286 D/ADLog   ( 7859): DBManager => update(AppADCodeInfo info = com.hisense.service.ad.bean.AppADCodeInfo@f85b688)
07-06 00:04:21.286 D/ADLog   ( 7859): DBManager => update appcodeinfo---------------------
07-06 00:04:21.286 D/ADLog   ( 7859): DBManager => getValues(String tabName = AppADCodeInfo, Object object = com.hisense.service.ad.bean.AppADCodeInfo@f85b688)
07-06 00:04:21.288 V/PackageManager( 1733): getPackageInfo com.hisense.service.ad: Package{2fa4b490 com.hisense.service.ad}
07-06 00:04:21.298 I/TVWhiteList(19796): strRes = {"code":"A00000","default_key":"tv-{cpuinfo-[Muji]}","default_value":"","key":"tv-{model-[VIDAA_TV]|cpuinfo-[Muji]}","value":"[{\"result\": {\"vod_dolby\": -1,\"vod_h265\": -1,\"vod_h264_4k_plus\": -1,\"vod_h264_jisu_2k\": 1,\"livenet_H264_4k_plus\": -1,\"livenet_H264_jisu_2k\": 1,\"livenet_h265\": -1,\"qixiu\": 0,\"highest_bs\": 19,\"lowest_bs\": 1,\"local_server_config\": \"\", \"other\": \"\"}},{\"version\":3005,\"result\": {\"vod_dolby\": -1,\"vod_h265\": -1,\"vod_h264_4k_plus\": -1,\"vod_h264_jisu_2k\": -1,\"livenet_H264_4k_plus\": -1,\"livenet_H264_jisu_2k\": -1,\"livenet_h265\": -1,\"qixiu\": 0,\"highest_bs\": 19,\"lowest_bs\": 1,\"local_server_config\": \"\", \"other\": \"\"}},{\"version\":3008,\"result\": {\"vod_dolby\": -1,\"vod_h265\": -1,\"vod_h264_4k_plus\": -1,\"vod_h264_jisu_2k\": 1,\"livenet_H264_jisu_2k\": 1,\"qixiu\": 0,\"highest_bs\": 19,\"lowest_bs\": 1,\"local_server_config\": \"{\\\"start_mode\\\": 1}\", \"other\": \"\"}}]"}
07-06 00:04:21.299 I/TVWhiteList(19796): use white list version whitev 3000
07-06 00:04:21.299 I/TVWhiteList(19796): use white list version whitev 3005
07-06 00:04:21.299 I/TVWhiteList(19796): use white list version whitev 3008
07-06 00:04:21.301 D/Player/Player/NativePlayerUtils(19796): [TID 19947] loadWhiteListSync(), white list fetched: {"SupportDolby":false,"SupportH265":false,"Support4K":false,"SupportLive":true}
07-06 00:04:21.301 D/ADLog   ( 7859): DBManager => result = 1
07-06 00:04:21.301 D/Player/Player/NativePlayerUtils(19796): [TID 19947] parseWhiteListJson(jsonString:{"SupportDolby":false,"SupportH265":false,"Support4K":false,"SupportLive":true})
07-06 00:04:21.301 D/Player/Player/NativePlayerUtils(19796): [TID 19947] parseWhiteListJson, normal:true,h265:false,dolby:false,bs4K:false
07-06 00:04:21.301 D/Player/Player/NativePlayerUtils(19796): [TID 19828] << loadWhiteListSync()
07-06 00:04:21.301 D/Player/Lib/Utils/PlayerDebugUtils(19796): [TID 19828] initialize, allowDebug: false
07-06 00:04:21.302 D/CLog    (19796): cpuinfo_len is (370):
07-06 00:04:21.302 D/CLog    (19796): Processor	: AArch64 Processor rev 3 (aarch64)
07-06 00:04:21.302 D/CLog    (19796): processor	: 0
07-06 00:04:21.302 D/CLog    (19796): processor	: 1
07-06 00:04:21.302 D/CLog    (19796): processor	: 2
07-06 00:04:21.302 D/CLog    (19796): processor	: 3
07-06 00:04:21.302 D/CLog    (19796): Features	: fp asimd aes pmull sha1 sha2 crc32 wp half thumb fastmult vfp edsp neon vfpv3 tlsi vfpv4 idiva idivt 
07-06 00:04:21.302 D/CLog    (19796): CPU implementer	: 0x41
07-06 00:04:21.302 D/CLog    (19796): CPU architecture: 8
07-06 00:04:21.302 D/CLog    (19796): CPU variant	: 0x0
07-06 00:04:21.302 D/CLog    (19796): CPU part	: 0xd03
07-06 00:04:21.302 D/CLog    (19796): CPU revision	: 3
07-06 00:04:21.302 D/CLog    (19796): 
07-06 00:04:21.302 D/CLog    (19796): Hardware	: Muji
07-06 00:04:21.302 D/CLog    (19796): Revision	: 0000
07-06 00:04:21.302 D/CLog    (19796): Serial		: 0000000000000000
07-06 00:04:21.302 D/CLog    (19796): 
07-06 00:04:21.302 D/CLog    (19796): cpuinfo hardware is Muji
07-06 00:04:21.302 I/TVWhiteList(19796): longyUrl = http://msg.71.am/v5/core/bmd?t=pfmc&success=1&tm1=36&bgv=3.0&tv_device=VIDAA_TV-4-Muji-22-Hisense&isadapted=1&krv=3.8.3
07-06 00:04:21.315 V/PackageManager( 1733): getPackageInfo com.hisense.service.ad: Package{2fa4b490 com.hisense.service.ad}
07-06 00:04:21.315 V/PackageManager( 1733): getPackageInfo com.hisense.service.ad: Package{2fa4b490 com.hisense.service.ad}
07-06 00:04:21.318 D/ADLog   ( 7859): ADServiceHandler => return default ad for ad_sc
07-06 00:04:21.319 D/TabView (19796): SLOVEN mIsTabScrollingisAnimating===>:falsefalse
07-06 00:04:21.319 I/MainHomeView(19796): OnTabSelected() tabPosition = 2,lastpos=-1, subPosition = 0
07-06 00:04:21.319 D/PlayerSdk/PlayerSdkProject(19796): [TID 19828] initPingback
07-06 00:04:21.319 I/SoftFragmentList(19796): fetchCacheFragment  enter ---- index = 2
07-06 00:04:21.319 D/SoftFragmentList(19796): fetchCacheFragment  mFragmentCache.size() = 3
07-06 00:04:21.319 D/SoftFragmentList(19796): fetchCacheFragment mLastIndex = 2, view = 
07-06 00:04:21.319 D/MainHomeView(19796): onTabSelected ===>:Current channelId0
07-06 00:04:21.323 W/System.err(19796): com.qiyi.video.api.ApiException
07-06 00:04:21.326 I/AdvertisementManager(17243): advertisement(type 16) show type=5
07-06 00:04:21.326 I/AdvertisementManager(17243): resource path: /data/data/com.hisense.service.ad/files/ad/9000019146505.jpg
07-06 00:04:21.327 D/AdvertisementManager(17243): onReceive(): notify advertisement content update, type:16
07-06 00:04:21.328 W/System.err(19796): 	at com.qiyi.tvapi.tv2.a$3.onSuccess(SourceFile:204)
