07-05 22:21:53.346 I/HomeMainActivity(27307): getUserType  response : 2 null
07-05 22:21:53.346 I/HomeMainActivity(27307): this is LowMemoryConfiguration 
07-05 22:21:53.366 W/System.err(27307): java.net.ConnectException: failed to connect to /10.18.210.112 (port 8900) after 6000ms: isConnected failed: ECONNREFUSED (Connection refused)
07-05 22:21:53.366 W/System.err(27307): 	at libcore.io.IoBridge.isConnected(IoBridge.java:238)
07-05 22:21:53.366 W/System.err(27307): 	at libcore.io.IoBridge.connectErrno(IoBridge.java:171)
07-05 22:21:53.367 W/System.err(27307): 	at libcore.io.IoBridge.connect(IoBridge.java:122)
07-05 22:21:53.367 W/System.err(27307): 	at java.net.PlainSocketImpl.connect(PlainSocketImpl.java:183)
07-05 22:21:53.367 W/System.err(27307): 	at java.net.PlainSocketImpl.connect(PlainSocketImpl.java:456)
07-05 22:21:53.367 W/System.err(27307): 	at java.net.Socket.connect(Socket.java:882)
07-05 22:21:53.367 W/System.err(27307): 	at com.android.okhttp.internal.Platform.connectSocket(Platform.java:174)
07-05 22:21:53.367 W/System.err(27307): 	at com.android.okhttp.Connection.connect(Connection.java:152)
07-05 22:21:53.367 W/System.err(27307): 	at com.android.okhttp.internal.http.HttpEngine.connect(HttpEngine.java:276)
07-05 22:21:53.367 W/System.err(27307): 	at com.android.okhttp.internal.http.HttpEngine.sendRequest(HttpEngine.java:211)
07-05 22:21:53.367 W/System.err(27307): 	at com.android.okhttp.internal.http.HttpURLConnectionImpl.execute(HttpURLConnectionImpl.java:382)
07-05 22:21:53.367 W/System.err(27307): 	at com.android.okhttp.internal.http.HttpURLConnectionImpl.connect(HttpURLConnectionImpl.java:106)
07-05 22:21:53.367 W/System.err(27307): 	at com.hisense.hitv.hicloud.util.ExceptionReport.a(ExceptionReport.java:337)
07-05 22:21:53.367 W/System.err(27307): 	at com.hisense.hitv.hicloud.util.ExceptionReport.a(ExceptionReport.java:39)
07-05 22:21:53.367 W/System.err(27307): 	at com.hisense.hitv.hicloud.util.ExceptionReport$1.run(ExceptionReport.java:83)
07-05 22:21:53.367 W/System.err(27307): 	at java.lang.Thread.run(Thread.java:818)
07-05 22:21:53.367 W/System.err(27307): Caused by: android.system.ErrnoException: isConnected failed: ECONNREFUSED (Connection refused)
07-05 22:21:53.367 W/System.err(27307): 	at libcore.io.IoBridge.isConnected(IoBridge.java:223)
07-05 22:21:53.367 W/System.err(27307): 	... 15 more
07-05 22:21:53.383 I/TVMW@devctrl( 1234): wdt
07-05 22:21:53.391 D/OkHttp  (27307): <-- 200 OK http://picture.edu.hismarttv.com/images/20170629010146422927.jpg (89ms)
07-05 22:21:53.391 D/OkHttp  (27307): Date: Mon, 03 Jul 2017 11:32:16 GMT
07-05 22:21:53.391 D/OkHttp  (27307): Server: nginx
07-05 22:21:53.391 D/OkHttp  (27307): Content-Type: image/jpeg
07-05 22:21:53.391 D/OkHttp  (27307): Content-Length: 145373
07-05 22:21:53.391 D/OkHttp  (27307): Last-Modified: Thu, 29 Jun 2017 01:01:46 GMT
07-05 22:21:53.391 D/OkHttp  (27307): ETag: "5954517a-237dd"
07-05 22:21:53.391 D/OkHttp  (27307): Accept-Ranges: bytes
07-05 22:21:53.391 D/OkHttp  (27307): Age: 182977
07-05 22:21:53.391 D/OkHttp  (27307): Via: 1.1 shzh54:1 (Cdn Cache Server V2.0)[5 200 0], 1.1 angtong95:5 (Cdn Cache Server V2.0)[0 200 0]
07-05 22:21:53.391 D/OkHttp  (27307): Connection: keep-alive
07-05 22:21:53.391 D/OkHttp  (27307): <-- END HTTP
07-05 22:21:53.393 D/HttpHandler(27307): RetryIntercepter-->retryNum=0
07-05 22:21:53.401 E/HomeMainActivity(27307): BaseApplication.mAccountType == 2
07-05 22:21:53.402 I/HomeMainActivity(27307): mBeginHttpTime : 13354973
07-05 22:21:53.402 I/HttpDnsUtils(27307): postExperienceVIP(): --url = http://api.edu.hismarttv.com/payment/api/get/experience/member
07-05 22:21:53.402 V/HttpDnsUtils(27307): getExperienceVIP 86100300900000500000060a4818fca8 7195320 13287129 0 2 0 0 0
07-05 22:21:53.403 E/NetUtils(27307): encryption --- sign = accessToken=72DF6038D2AEAB8A76DFBBBBCC428A4A_001799973229600&days=0&devid=86100300900000500000060a4818fca8&mac=a8:a6:48:18:fc:a8&memberType=2&orderType=0&BDA9F96C98E9D5130A5AFB3411B5F9E0
07-05 22:21:53.404 D/HttpHandler(27307): RetryIntercepter-->backoffmutiplier=0
07-05 22:21:53.412 D/til@system( 2026): til_get_system_param option:1000007 int:-1936522368, bool:128, ret:0
07-05 22:21:53.414 D/til@system( 2026): til_get_system_param option:1000009 int:-1815633792, bool:128, ret:0
07-05 22:21:53.415 D/til@system( 2026): til_get_system_param option:1000008 int:-1936525184, bool:128, ret:0
07-05 22:21:53.415 D/HttpDnsUtils(27307): CEXX-getOperationDetail-productName : LED50MU8600UC
07-05 22:21:53.415 D/HttpDnsUtils(27307): CEXX-getOperationDetail-plmNumber : 88888
07-05 22:21:53.415 D/HttpDnsUtils(27307): CEXX-getOperationDetail-swVersion : V0000.00.01A
07-05 22:21:53.415 D/HttpDnsUtils(27307): CEXX-getOperationDetail-operationDetail : LED50MU8600UC0000888
07-05 22:21:53.429 D/HttpHandler(27307): VerifySignInterCeptor-->request.url()=http://picture.edu.hismarttv.com/images/20170628103002814396.jpg
07-05 22:21:53.429 D/HttpHandler(27307): VerifySignInterCeptor-->hostname=picture.edu.hismarttv.com
07-05 22:21:53.433 D/OkHttp  (27307): <-- 403 Forbidden http://picture.edu.hismarttv.com/images/ (160ms)
07-05 22:21:53.433 D/OkHttp  (27307): Date: Wed, 05 Jul 2017 14:21:53 GMT
07-05 22:21:53.433 D/OkHttp  (27307): Server: nginx
07-05 22:21:53.434 D/OkHttp  (27307): Content-Type: text/html; charset=UTF-8
07-05 22:21:53.434 D/OkHttp  (27307): Content-Length: 162
07-05 22:21:53.434 D/OkHttp  (27307): Via: 1.1 shuozhou56:0 (Cdn Cache Server V2.0)[31 403 2], 1.1 t94:4 (Cdn Cache Server V2.0)[93 403 2]
07-05 22:21:53.434 D/OkHttp  (27307): Connection: close
07-05 22:21:53.434 D/OkHttp  (27307): <-- END HTTP
07-05 22:21:53.443 V/HttpDnsUtils(27307): days 0 memberType 2 activityId 0
07-05 22:21:53.443 V/HttpDnsUtils(27307): postExperienceVIP(): postMap = {customerId=7195320, memberType=2, PFAPPCode=652, accessToken=72DF6038D2AEAB8A76DFBBBBCC428A4A_001799973229600, ChannelId=0, APPVersionName=3.0.0.9.00, model_id=0, orderType=0, mac=a8:a6:48:18:fc:a8, days=0, sign=1008452a72d67084173233dd1eeb7393, uuid=13287129, APPPackage=com.hisense.hicloud.edca, devid=86100300900000500000060a4818fca8, phone=18547412365, tv_distribute_id=00, softwareVersion=LED50MU8600UC0000888, subscriberId=13287129, version=00.002.003, customerName=18547412365, devType=0, APIVersion=600, activityId=0}
07-05 22:21:53.449 D/til@system( 2026): til_get_system_param option:1000007 int:-1815632896, bool:0, ret:0
07-05 22:21:53.454 D/til@system( 2026): til_get_system_param option:1000009 int:-1815634176, bool:0, ret:0
07-05 22:21:53.456 D/OkHttp  (27307): --> GET http://picture.edu.hismarttv.com/images/20170628103002814396.jpg http/1.1
07-05 22:21:53.456 D/OkHttp  (27307): Host: picture.edu.hismarttv.com
07-05 22:21:53.456 D/OkHttp  (27307): Connection: Keep-Alive
07-05 22:21:53.456 D/OkHttp  (27307): Accept-Encoding: gzip
07-05 22:21:53.456 D/OkHttp  (27307): User-Agent: okhttp/3.6.0
07-05 22:21:53.456 D/OkHttp  (27307): --> END GET
07-05 22:21:53.458 D/til@system( 2026): til_get_system_param option:1000008 int:-1936523008, bool:0, ret:0
07-05 22:21:53.459 D/HttpBuilder(27307): getOperationDetail-productName : LED50MU8600UC
07-05 22:21:53.459 D/HttpBuilder(27307): getOperationDetail-plmNumber : 88888
07-05 22:21:53.459 D/HttpBuilder(27307): getOperationDetail-swVersion : V0000.00.01A
07-05 22:21:53.459 D/HttpBuilder(27307): getOperationDetail-operationDetail : LED50MU8600UC0000888
07-05 22:21:53.491 I/art     (27307): Background sticky concurrent mark sweep GC freed 34072(2MB) AllocSpace objects, 2(32KB) LOS objects, 0% free, 29MB/29MB, paused 7.340ms total 518.099ms
07-05 22:21:53.526 I/HttpBuilder(27307): addUrlPublicParams mUrl ==>http://api.edu.hismarttv.com/payment/api/get/experience/member?uuid=13287129&mac=a8:a6:48:18:fc:a8&devid=86100300900000500000060a4818fca8&version=00.002.003&subscriberId=13287129&customerId=7195320&model_id=0&APPPackage=com.hisense.hicloud.edca&PFAPPCode=652&APPVersionName=3.0.0.9.00&ChannelId=0&softwareVersion=LED50MU8600UC0000888&tv_distribute_id=00&devType=0&APIVersion=600&accessToken=72DF6038D2AEAB8A76DFBBBBCC428A4A_001799973229600
07-05 22:21:53.539 D/HttpHandler(27307): VerifySignInterCeptor-->request.url()=http://api.edu.hismarttv.com/payment/api/get/experience/member?uuid=13287129&mac=a8:a6:48:18:fc:a8&devid=86100300900000500000060a4818fca8&version=00.002.003&subscriberId=13287129&customerId=7195320&model_id=0&APPPackage=com.hisense.hicloud.edca&PFAPPCode=652&APPVersionName=3.0.0.9.00&ChannelId=0&softwareVersion=LED50MU8600UC0000888&tv_distribute_id=00&devType=0&APIVersion=600&accessToken=72DF6038D2AEAB8A76DFBBBBCC428A4A_001799973229600
07-05 22:21:53.539 D/HttpHandler(27307): VerifySignInterCeptor-->hostname=api.edu.hismarttv.com
07-05 22:21:53.540 D/OkHttp  (27307): Via: 1.1 pingwangtong52:8 (Cdn Cache Server V2.0)[0 200 0], 1.1 angtong95:7 (Cdn Cache Server V2.0)[0 200 0]
07-05 22:21:53.540 D/OkHttp  (27307): Connection: keep-alive
07-05 22:21:53.540 D/OkHttp  (27307): <-- END HTTP
07-05 22:21:53.540 D/HttpHandler(27307): HttpDNS-->hostname=api.edu.hismarttv.com
07-05 22:21:53.541 D/HttpHandler(27307): RAMCache-->hostInfo.getClientTimeStamp()=13349686
07-05 22:21:53.541 D/HttpHandler(27307): RAMCache-->hostInfo.getTtl()=3600
07-05 22:21:53.541 D/HttpHandler(27307): RAMCache-->SystemClock.elapsedRealtime()=13355113
07-05 22:21:53.548 D/HttpHandler(27307): RetryIntercepter-->retryNum=0
07-05 22:21:53.548 D/HttpHandler(27307): RetryIntercepter-->backoffmutiplier=0
07-05 22:21:53.552 D/HttpHandler(27307): DNSHelper-->gslbDns=["123.103.91.123"]
07-05 22:21:53.585 D/HttpHandler(27307): RetryIntercepter-->retryNum=0
07-05 22:21:53.586 D/HttpHandler(27307): RetryIntercepter-->backoffmutiplier=0
07-05 22:21:53.588 D/Carousel-MyListView(27307): setSelectionAndPadding position:1
07-05 22:21:53.588 D/TabFocusBorderView(27307): SLOVEN onAnimationCancel
07-05 22:21:53.589 D/TabFocusBorderView(27307): SLOVEN onAnimationEnd
07-05 22:21:53.589 D/TabView (27307): SLOVEN border top===>:296---407
07-05 22:21:53.592 D/OkHttp  (27307): --> POST http://api.edu.hismarttv.com/payment/api/get/experience/member?uuid=13287129&mac=a8:a6:48:18:fc:a8&devid=86100300900000500000060a4818fca8&version=00.002.003&subscriberId=13287129&customerId=7195320&model_id=0&APPPackage=com.hisense.hicloud.edca&PFAPPCode=652&APPVersionName=3.0.0.9.00&ChannelId=0&softwareVersion=LED50MU8600UC0000888&tv_distribute_id=00&devType=0&APIVersion=600&accessToken=72DF6038D2AEAB8A76DFBBBBCC428A4A_001799973229600 http/1.1
07-05 22:21:53.592 D/OkHttp  (27307): Content-Type: application/x-www-form-urlencoded
07-05 22:21:53.592 D/OkHttp  (27307): Content-Length: 512
07-05 22:21:53.592 D/OkHttp  (27307): Data_Type: JSON
07-05 22:21:53.592 D/OkHttp  (27307): RetryTime: 0
07-05 22:21:53.592 D/OkHttp  (27307): Backoffmutiplier: 0
07-05 22:21:53.592 D/OkHttp  (27307): Host: api.edu.hismarttv.com
07-05 22:21:53.592 D/OkHttp  (27307): Connection: Keep-Alive
07-05 22:21:53.592 D/OkHttp  (27307): Accept-Encoding: gzip
07-05 22:21:53.592 D/OkHttp  (27307): User-Agent: okhttp/3.6.0
07-05 22:21:53.592 D/OkHttp  (27307): --> END POST
07-05 22:21:53.602 W/ActivityManager( 1733): Activity destroy timeout for ActivityRecord{33cc0be9 u0 com.jamdeo.launcher/.app.BaseTileActivity t5251 f}
07-05 22:21:53.605 I/MyFragmentStateAdapter(27307): getCount
07-05 22:21:53.605 I/MyFragmentStateAdapter(27307): getCount
07-05 22:21:53.605 I/MyFragmentStateAdapter(27307): getCount
07-05 22:21:53.605 I/MyFragmentStateAdapter(27307): getCount
07-05 22:21:53.605 I/FirstLineAdapter(27307): canShowTrailer,isOffline=false
07-05 22:21:53.605 I/FirstLineAdapter(27307): canShowTrailer,isOffline=false
07-05 22:21:53.609 I/FirstLineAdapter(27307): canShowTrailer,isOffline=false
07-05 22:21:53.609 I/FirstLineAdapter(27307): canShowTrailer,isOffline=false
07-05 22:21:53.609 I/FirstLineAdapter(27307): canShowTrailer,isOffline=false
07-05 22:21:53.609 I/FirstLineAdapter(27307): canShowTrailer,isOffline=false
07-05 22:21:53.609 I/FirstLineAdapter(27307): canShowTrailer,isOffline=false
07-05 22:21:53.609 D/Carousel-CarouselChannelItemView(27307): Listitem imageUrl:http://picture.edu.hismarttv.com/images/20170628102959016598.jpg
07-05 22:21:53.614 D/HttpHandler(27307): VerifySignInterCeptor-->request.url()=http://picture.edu.hismarttv.com/images/20170628102959016598.jpg
07-05 22:21:53.614 D/HttpHandler(27307): VerifySignInterCeptor-->hostname=picture.edu.hismarttv.com
07-05 22:21:53.615 D/HttpHandler(27307): HttpDNS-->hostname=picture.edu.hismarttv.com
07-05 22:21:53.615 D/Carousel-CarouselChannelItemView(27307): Listitem imageUrl:http://picture.edu.hismarttv.com/images/20170628103002814396.jpg
07-05 22:21:53.616 D/Carousel-CarouselChannelItemView(27307): Listitem imageUrl:http://picture.edu.hismarttv.com/images/20170628103009181182.jpg
07-05 22:21:53.617 D/Carousel-CarouselChannelItemView(27307): Listitem imageUrl:http://picture.edu.hismarttv.com/images/20170628102959016598.jpg
07-05 22:21:53.621 D/Carousel-CarouselChannelItemView(27307): Listitem imageUrl:http://picture.edu.hismarttv.com/images/20170628103002814396.jpg
07-05 22:21:53.623 D/Carousel-CarouselChannelItemView(27307): Listitem imageUrl:http://picture.edu.hismarttv.com/images/20170628103009181182.jpg
07-05 22:21:53.624 I/FirstLineAdapter(27307): canShowTrailer,isOffline=false
07-05 22:21:53.624 I/FirstLineAdapter(27307): canShowTrailer,isOffline=false
07-05 22:21:53.624 D/Carousel-CarouselView(27307): ============>onScrollChanged hashCode:105475394
07-05 22:21:53.627 I/MyFragmentStateAdapter(27307): getCount
07-05 22:21:53.629 D/OkHttp  (27307): <-- 200 OK http://picture.edu.hismarttv.com/images/20170628103002814396.jpg (172ms)
07-05 22:21:53.629 D/OkHttp  (27307): Date: Wed, 05 Jul 2017 13:59:48 GMT
07-05 22:21:53.629 D/OkHttp  (27307): Server: nginx
07-05 22:21:53.629 D/OkHttp  (27307): Content-Type: image/jpeg
07-05 22:21:53.629 D/OkHttp  (27307): Content-Length: 54264
07-05 22:21:53.629 D/OkHttp  (27307): Last-Modified: Wed, 28 Jun 2017 10:30:02 GMT
07-05 22:21:53.629 D/OkHttp  (27307): ETag: "5953852a-d3f8"
07-05 22:21:53.629 D/OkHttp  (27307): Accept-Ranges: bytes
07-05 22:21:53.629 D/OkHttp  (27307): Age: 1325
07-05 22:21:53.629 D/OkHttp  (27307): Via: 1.1 chzhwt171:8 (Cdn Cache Server V2.0)[8 200 0], 1.1 jcl26:1 (Cdn Cache Server V2.0)[0 200 0]
07-05 22:21:53.629 D/OkHttp  (27307): Connection: keep-alive
07-05 22:21:53.629 D/OkHttp  (27307): <-- END HTTP
07-05 22:21:53.630 D/OkHttp  (27307): <-- 200 OK http://api.edu.hismarttv.com/payment/api/get/experience/member?uuid=13287129&mac=a8:a6:48:18:fc:a8&devid=86100300900000500000060a4818fca8&version=00.002.003&subscriberId=13287129&customerId=7195320&model_id=0&APPPackage=com.hisense.hicloud.edca&PFAPPCode=652&APPVersionName=3.0.0.9.00&ChannelId=0&softwareVersion=LED50MU8600UC0000888&tv_distribute_id=00&devType=0&APIVersion=600&accessToken=72DF6038D2AEAB8A76DFBBBBCC428A4A_001799973229600 (37ms)
07-05 22:21:53.630 D/OkHttp  (27307): Server: nginx
07-05 22:21:53.630 D/OkHttp  (27307): Date: Wed, 05 Jul 2017 14:21:53 GMT
07-05 22:21:53.630 D/OkHttp  (27307): Content-Type: application/json
07-05 22:21:53.630 D/OkHttp  (27307): Content-Length: 289
07-05 22:21:53.630 D/OkHttp  (27307): Connection: close
07-05 22:21:53.630 D/OkHttp  (27307): <-- END HTTP
07-05 22:21:53.631 D/gralloc ( 1204): allocate buffer from ION HEAP 0x1
07-05 22:21:53.631 D/gralloc ( 1204): allocate memory from system heap
07-05 22:21:53.631 D/HttpHandler(27307): RetryIntercepter-->retryNum=0
07-05 22:21:53.631 D/HttpHandler(27307): RetryIntercepter-->backoffmutiplier=0
07-05 22:21:53.631 D/HttpHandler(27307): VerifySignInterCeptor-->dateType=1
07-05 22:21:53.631 D/HttpHandler(27307): VerifySignInterCeptor-->HttpRequestManager.httpClietOption.getVerifyFlag()=1
07-05 22:21:53.634 D/HttpHandler(27307): VerifySignInterCeptor-->content={"message": "\u6ca1\u6709\u67e5\u8be2\u5230id\u4e3a0\u7684\u5f39\u7a97\u4fe1\u606f", "success": false}
07-05 22:21:53.635 D/HttpHandler(27307): RAMCache-->hostInfo.getClientTimeStamp()=13354243
07-05 22:21:53.635 D/HttpHandler(27307): RAMCache-->hostInfo.getTtl()=300
07-05 22:21:53.635 D/HttpHandler(27307): RAMCache-->SystemClock.elapsedRealtime()=13355207
07-05 22:21:53.666 W/art     (27307): Suspending all threads took: 5.439ms
07-05 22:21:53.683 I/UsageStatsService( 1733): User[0] Flushing usage stats to disk
07-05 22:21:53.710 D/NativeDecimalFormat(27307): NativeDecimalFormat_close print addr=4098421504
07-05 22:21:53.710 D/NativeDecimalFormat(27307): NativeDecimalFormat_close print g_addr=4098422272
07-05 22:21:53.710 D/NativeDecimalFormat(27307): NativeDecimalFormat_close print addr=4098422272
07-05 22:21:53.710 D/NativeDecimalFormat(27307): NativeDecimalFormat_close print g_addr=4098422272
07-05 22:21:53.715 I/TVMW@HsTvSetting( 1234): Trace cmd, data = 0x1058
07-05 22:21:53.715 D/til@system( 2026): til_get_system_param option:100002F int:0, bool:0, ret:0
07-05 22:21:53.716 I/TVMW@HsTvSetting( 1234): Trace cmd, data = 0x101f
07-05 22:21:53.716 D/til@system( 2026): til_get_system_param option:100001D int:3, bool:3, ret:0
07-05 22:21:53.716 E/til     ( 2026): [til_get_current_input_source, 101] 
07-05 22:21:53.716 I/TVMW@HsTvSetting( 1234): Trace cmd, data = 0x7007
07-05 22:21:53.716 I/tilwrapper@sm( 2026): HS2TIL_SourceType *hs=0xd, *til=0x900
07-05 22:21:53.716 D/til     ( 2026): get current source 2304
07-05 22:21:53.716 D/SourceRemoteServiceHandler( 2026): getCurrentInputSource.from.til.result is 0, value is 2304
07-05 22:21:53.717 D/SourceRemoteServiceHandler( 2026): getInputSourceType source: 0x900, type=2304
07-05 22:21:53.717 D/til     ( 2026): ###### func:til_get_picture_param option:0x3000006 ######  
07-05 22:21:53.717 I/TVMW@HsTvSetting( 1234): Trace cmd, data = 0x1003
07-05 22:21:53.718 I/TVMW@HsTvSetting( 1234): Trace cmd, data = 0x8032
07-05 22:21:53.719 I/hstvos  ( 1216): [0m[1;33m[HSHAL][HS_VIDEO][HS_HAL_Video_SetOsdDetect_v2][2389]u16Threshold = 20
07-05 22:21:53.719 I/MiSysSrv( 1214): Not support now! 42, change to mm_video!!!
07-05 22:21:53.728 I/art     (27307): Background partial concurrent mark sweep GC freed 43712(2MB) AllocSpace objects, 7(1715KB) LOS objects, 13% free, 26MB/30MB, paused 29.765ms total 213.522ms
07-05 22:21:53.728 E/TVMW@videoctrl( 1234):  getOsd is 1
07-05 22:21:53.728 D/til@system( 2026): til_get_system_param option:1000027 int:1, bool:1, ret:0
07-05 22:21:53.728 D/til     ( 2026): ###### func:til_get_picture_param option:0x3000045 ######  
07-05 22:21:53.729 I/TVMW@HsTvSetting( 1234): Trace cmd, data = 0x300c
07-05 22:21:53.729 I/TVMW@HsTvSetting( 1234): Trace 3d, data = 0x300c
07-05 22:21:53.729 I/TVMW@3d ( 1234): Hs_debug3d_trace: func:get3dStatus, line:109
07-05 22:21:53.741 D/HttpHandler(27307): RetryIntercepter-->retryNum=0
07-05 22:21:53.741 D/HttpHandler(27307): RetryIntercepter-->backoffmutiplier=0
07-05 22:21:53.742 D/HiNetworkImpl(27307): doHttp_Asyn(): onReqResponse isSuccessful = true, back from thread: main
07-05 22:21:53.747 I/HiNetworkImpl(27307): doHttp_Asyn(): onSuccess clazz = class com.hisense.sdk.domain.ResponseResult, back from thread: main
07-05 22:21:53.747 I/HomeMainActivity(27307): finishHttpTime : 13355319 网络请求用时：  346
07-05 22:21:53.748 D/til@system( 2026): til_get_system_param option:1000007 int:-1936522112, bool:128, ret:0
07-05 22:21:53.755 I/HLSP2P  (16183): ## 2017-07-05 22:21:53.754 [16183,16481,:0] INFO ## [HLSP2P][DownloadManager.cpp:35][INFO][TryExtendCacheSize]system memory total size : 1912M, free size : 560M, cache add to 30MB
07-05 22:21:53.761 D/til@system( 2026): til_get_system_param option:1000009 int:-1936522368, bool:128, ret:0
07-05 22:21:53.762 D/til@system( 2026): til_get_system_param option:1000008 int:-1815633792, bool:128, ret:0
07-05 22:21:53.763 D/HiSDKLogReport(27307): getOperationDetail-productName : LED50MU8600UC
07-05 22:21:53.763 D/HiSDKLogReport(27307): getOperationDetail-plmNumber : 88888
07-05 22:21:53.763 D/HiSDKLogReport(27307): getOperationDetail-swVersion : V0000.00.01A
07-05 22:21:53.763 D/HiSDKLogReport(27307): getOperationDetail-operationDetail : LED50MU8600UC0000888
07-05 22:21:53.763 D/HiSDKLogReport(27307): processLogReport-log : {eventType=163, appKey=1182445233, APPVersionName=3.0.0.9.00, devid=86100300900000500000060a4818fca8, mac=a8:a6:48:18:fc:a8, uuid=13287129, accessToken=72DF6038D2AEAB8A76DFBBBBCC428A4A_001799973229600, APIversion=501, logversion=2.0, devType=0, APPPackage=com.hisense.hicloud.edca, eventPos=002, requesttime=1499264513763, customerId=7195320, value2=, eventMessage=HttpConnection, value1=346, model_id=0, ChannelId=0, version=00.002.003, tv_distribute_id=00, subscriberId=13287129, APIVersion=600, PFAPPCode=652, softwareVersion=LED50MU8600UC0000888}
07-05 22:21:53.764 I/HomeMainActivity.java(27307): VodLog-[onSuccess:1016]postExperienceVIP request fail.Error Message: 没有查询到id为0的弹窗信息
07-05 22:21:53.786 W/System.err(27307): java.net.ConnectException: failed to connect to /10.18.210.112 (port 8900) after 6000ms: isConnected failed: ECONNREFUSED (Connection refused)
07-05 22:21:53.787 W/System.err(27307): 	at libcore.io.IoBridge.isConnected(IoBridge.java:238)
07-05 22:21:53.787 W/System.err(27307): 	at libcore.io.IoBridge.connectErrno(IoBridge.java:171)
07-05 22:21:53.787 W/System.err(27307): 	at libcore.io.IoBridge.connect(IoBridge.java:122)
07-05 22:21:53.787 W/System.err(27307): 	at java.net.PlainSocketImpl.connect(PlainSocketImpl.java:183)
07-05 22:21:53.787 W/System.err(27307): 	at java.net.PlainSocketImpl.connect(PlainSocketImpl.java:456)
07-05 22:21:53.787 W/System.err(27307): 	at java.net.Socket.connect(Socket.java:882)
07-05 22:21:53.787 W/System.err(27307): 	at com.android.okhttp.internal.Platform.connectSocket(Platform.java:174)
07-05 22:21:53.787 W/System.err(27307): 	at com.android.okhttp.Connection.connect(Connection.java:152)
07-05 22:21:53.787 W/System.err(27307): 	at com.android.okhttp.internal.http.HttpEngine.connect(HttpEngine.java:276)
07-05 22:21:53.787 W/System.err(27307): 	at com.android.okhttp.internal.http.HttpEngine.sendRequest(HttpEngine.java:211)
07-05 22:21:53.787 W/System.err(27307): 	at com.android.okhttp.internal.http.HttpURLConnectionImpl.execute(HttpURLConnectionImpl.java:382)
07-05 22:21:53.787 W/System.err(27307): 	at com.android.okhttp.internal.http.HttpURLConnectionImpl.connect(HttpURLConnectionImpl.java:106)
07-05 22:21:53.787 W/System.err(27307): 	at com.hisense.hitv.hicloud.util.ExceptionReport.a(ExceptionReport.java:337)
07-05 22:21:53.787 W/System.err(27307): 	at com.hisense.hitv.hicloud.util.ExceptionReport.a(ExceptionReport.java:39)
07-05 22:21:53.787 W/System.err(27307): 	at com.hisense.hitv.hicloud.util.ExceptionReport$1.run(ExceptionReport.java:83)
07-05 22:21:53.787 W/System.err(27307): 	at java.lang.Thread.run(Thread.java:818)
07-05 22:21:53.787 W/System.err(27307): Caused by: android.system.ErrnoException: isConnected failed: ECONNREFUSED (Connection refused)
07-05 22:21:53.787 W/System.err(27307): 	at libcore.io.IoBridge.isConnected(IoBridge.java:223)
07-05 22:21:53.787 W/System.err(27307): 	... 15 more
07-05 22:21:53.805 D/HttpHandler(27307): DNSHelper-->gslbDns=["112.65.220.40","218.58.206.58","123.128.14.209","153.35.175.121","220.202.77.124","153.35.175.120","36.33.158.222"]
07-05 22:21:53.834 D/PowerManagerService( 1733): releaseWakeLockInternal: lock=681732318 [ActivityManager-Launch], flags=0x0
07-05 22:21:53.834 D/PowerManagerNotifier( 1733): onWakeLockReleased: flags=1, tag="ActivityManager-Launch", packageName=android, ownerUid=1000, ownerPid=1733, workSource=null
07-05 22:21:53.838 D/OkHttp  (27307): --> GET http://picture.edu.hismarttv.com/images/20170628102959016598.jpg http/1.1
07-05 22:21:53.838 D/OkHttp  (27307): Host: picture.edu.hismarttv.com
07-05 22:21:53.838 D/OkHttp  (27307): Connection: Keep-Alive
07-05 22:21:53.838 D/OkHttp  (27307): Accept-Encoding: gzip
07-05 22:21:53.838 D/OkHttp  (27307): User-Agent: okhttp/3.6.0
07-05 22:21:53.838 D/OkHttp  (27307): --> END GET
07-05 22:21:53.844 E/HttpDnsUtils(27307): http callCancel(): mViewTag = EntryActivity
07-05 22:21:53.851 D/PowerManagerService( 1733): setScreenBrightnessOverrideFromWindowManagerInternal done
07-05 22:21:53.852 I/NetflixMonitorService( 1733): current fgapk : com.hisense.hicloud.edca
07-05 22:21:53.852 I/NetflixMonitorService( 1733): Netflix status unchanged
07-05 22:21:53.852 D/OsdMonitorService( 1733): mCurrentWindow = com.hisense.hicloud.edca/com.hisense.tvui.newhome.HomeMainActivity; newWindow = com.hisense.hicloud.edca/com.hisense.tvui.newhome.HomeMainActivity; isSubWindow = false; isInWinList = false; isExitNow = false
07-05 22:21:53.852 D/OsdMonitorService( 1733): windowNotOsd() : name = com.hisense.hicloud.edca/com.hisense.tvui.newhome.HomeMainActivity
07-05 22:21:53.852 I/OsdMonitorService( 1733): setOsdStatus() : status will change from true to true
07-05 22:21:53.867 D/HttpHandler(27307): VerifySignInterCeptor-->request.url()=http://picture.edu.hismarttv.com/images/20170628103009181182.jpg
07-05 22:21:53.868 D/HttpHandler(27307): VerifySignInterCeptor-->hostname=picture.edu.hismarttv.com
07-05 22:21:53.894 I/MyFragmentStateAdapter(27307): getCount
07-05 22:21:53.953 D/OkHttp  (27307): <-- 200 OK http://picture.edu.hismarttv.com/images/20170628102959016598.jpg (115ms)
07-05 22:21:53.953 D/OkHttp  (27307): Date: Wed, 05 Jul 2017 14:00:47 GMT
07-05 22:21:53.953 D/OkHttp  (27307): Server: nginx
07-05 22:21:53.953 D/OkHttp  (27307): Content-Type: image/jpeg
07-05 22:21:53.957 I/MyFragmentStateAdapter(27307): getCount
07-05 22:21:53.966 D/OkHttp  (27307): Content-Length: 40292
07-05 22:21:53.967 D/OkHttp  (27307): Last-Modified: Wed, 28 Jun 2017 10:29:59 GMT
07-05 22:21:53.967 D/OkHttp  (27307): ETag: "59538527-9d64"
07-05 22:21:53.967 D/OkHttp  (27307): Accept-Ranges: bytes
07-05 22:21:53.967 D/OkHttp  (27307): Age: 1266
07-05 22:21:53.967 D/OkHttp  (27307): Via: 1.1 chzhwt171:6 (Cdn Cache Server V2.0)[10 200 0], 1.1 jcl26:1 (Cdn Cache Server V2.0)[11 200 0]
07-05 22:21:53.967 D/OkHttp  (27307): Connection: keep-alive
07-05 22:21:53.967 D/OkHttp  (27307): <-- END HTTP
07-05 22:21:53.977 D/OkHttp  (27307): --> GET http://picture.edu.hismarttv.com/images/20170628103009181182.jpg http/1.1
07-05 22:21:53.978 D/OkHttp  (27307): Host: picture.edu.hismarttv.com
07-05 22:21:53.978 D/OkHttp  (27307): Connection: Keep-Alive
07-05 22:21:53.978 D/OkHttp  (27307): Accept-Encoding: gzip
07-05 22:21:53.978 D/OkHttp  (27307): User-Agent: okhttp/3.6.0
07-05 22:21:53.978 D/OkHttp  (27307): --> END GET
07-05 22:21:53.982 D/HttpHandler(27307): RetryIntercepter-->retryNum=0
07-05 22:21:53.982 D/HttpHandler(27307): RetryIntercepter-->backoffmutiplier=0
07-05 22:21:53.999 I/MyFragmentStateAdapter(27307): getCount
07-05 22:21:54.016 D/OkHttp  (27307): <-- 200 OK http://picture.edu.hismarttv.com/images/20170628103009181182.jpg (38ms)
07-05 22:21:54.016 D/OkHttp  (27307): Date: Mon, 03 Jul 2017 11:02:37 GMT
07-05 22:21:54.016 D/OkHttp  (27307): Server: nginx
07-05 22:21:54.016 D/OkHttp  (27307): Content-Type: image/jpeg
07-05 22:21:54.016 D/OkHttp  (27307): Content-Length: 41416
07-05 22:21:54.016 D/OkHttp  (27307): Last-Modified: Wed, 28 Jun 2017 10:30:09 GMT
07-05 22:21:54.016 D/OkHttp  (27307): ETag: "59538531-a1c8"
07-05 22:21:54.016 D/OkHttp  (27307): Accept-Ranges: bytes
07-05 22:21:54.016 D/OkHttp  (27307): Age: 184756
07-05 22:21:54.016 D/OkHttp  (27307): Via: 1.1 pingwangtong49:1 (Cdn Cache Server V2.0)[0 200 0], 1.1 t93:6 (Cdn Cache Server V2.0)[0 200 0]
07-05 22:21:54.016 D/OkHttp  (27307): Connection: keep-alive
07-05 22:21:54.016 D/OkHttp  (27307): <-- END HTTP
07-05 22:21:54.019 D/HttpHandler(27307): RetryIntercepter-->retryNum=0
07-05 22:21:54.019 D/HttpHandler(27307): RetryIntercepter-->backoffmutiplier=0
07-05 22:21:54.029 I/MyFragmentStateAdapter(27307): getCount
07-05 22:21:54.048 I/MyFragmentStateAdapter(27307): getCount
07-05 22:21:54.067 I/MyFragmentStateAdapter(27307): getCount
07-05 22:21:54.082 D/HttpHandler(27307): VerifySignInterCeptor-->request.url()=http://picture.edu.hismarttv.com/images/20170628233232135598.jpg
07-05 22:21:54.083 D/HttpHandler(27307): VerifySignInterCeptor-->hostname=picture.edu.hismarttv.com
07-05 22:21:54.084 D/Carousel-Utils(27307): onResourceReady.
07-05 22:21:54.090 I/MyFragmentStateAdapter(27307): getCount
07-05 22:21:54.090 I/MyFragmentStateAdapter(27307): getCount
07-05 22:21:54.090 I/MyFragmentStateAdapter(27307): getCount
07-05 22:21:54.090 I/MyFragmentStateAdapter(27307): getCount
07-05 22:21:54.090 I/FirstLineAdapter(27307): canShowTrailer,isOffline=false
07-05 22:21:54.090 I/FirstLineAdapter(27307): canShowTrailer,isOffline=false
07-05 22:21:54.090 I/FirstLineAdapter(27307): canShowTrailer,isOffline=false
07-05 22:21:54.090 I/FirstLineAdapter(27307): canShowTrailer,isOffline=false
07-05 22:21:54.090 I/FirstLineAdapter(27307): canShowTrailer,isOffline=false
07-05 22:21:54.091 I/FirstLineAdapter(27307): canShowTrailer,isOffline=false
07-05 22:21:54.091 I/FirstLineAdapter(27307): canShowTrailer,isOffline=false
07-05 22:21:54.091 I/FirstLineAdapter(27307): canShowTrailer,isOffline=false
07-05 22:21:54.091 I/FirstLineAdapter(27307): canShowTrailer,isOffline=false
07-05 22:21:54.091 D/OkHttp  (27307): --> GET http://picture.edu.hismarttv.com/images/20170628233232135598.jpg http/1.1
07-05 22:21:54.091 D/OkHttp  (27307): Host: picture.edu.hismarttv.com
07-05 22:21:54.091 D/OkHttp  (27307): Connection: Keep-Alive
07-05 22:21:54.091 D/OkHttp  (27307): Accept-Encoding: gzip
07-05 22:21:54.091 D/OkHttp  (27307): User-Agent: okhttp/3.6.0
07-05 22:21:54.091 D/OkHttp  (27307): --> END GET
07-05 22:21:54.093 I/MyFragmentStateAdapter(27307): getCount
07-05 22:21:54.095 D/HttpHandler(27307): VerifySignInterCeptor-->request.url()=http://picture.edu.hismarttv.com/images/20170629075040001252.jpg
07-05 22:21:54.095 D/HttpHandler(27307): VerifySignInterCeptor-->hostname=picture.edu.hismarttv.com
07-05 22:21:54.096 D/OkHttp  (27307): --> GET http://picture.edu.hismarttv.com/images/20170629075040001252.jpg http/1.1
07-05 22:21:54.096 D/OkHttp  (27307): Host: picture.edu.hismarttv.com
07-05 22:21:54.096 D/OkHttp  (27307): Connection: Keep-Alive
07-05 22:21:54.096 D/OkHttp  (27307): Accept-Encoding: gzip
07-05 22:21:54.096 D/OkHttp  (27307): User-Agent: okhttp/3.6.0
07-05 22:21:54.096 D/OkHttp  (27307): --> END GET
07-05 22:21:54.100 D/HttpHandler(27307): VerifySignInterCeptor-->request.url()=http://picture.edu.hismarttv.com/images/20170628104504467308.jpg
07-05 22:21:54.100 D/HttpHandler(27307): VerifySignInterCeptor-->hostname=picture.edu.hismarttv.com
07-05 22:21:54.101 D/OkHttp  (27307): --> GET http://picture.edu.hismarttv.com/images/20170628104504467308.jpg http/1.1
07-05 22:21:54.101 I/MyFragmentStateAdapter(27307): getCount
07-05 22:21:54.101 D/OkHttp  (27307): Host: picture.edu.hismarttv.com
07-05 22:21:54.101 D/OkHttp  (27307): Connection: Keep-Alive
07-05 22:21:54.101 D/OkHttp  (27307): Accept-Encoding: gzip
07-05 22:21:54.101 D/OkHttp  (27307): User-Agent: okhttp/3.6.0
07-05 22:21:54.101 D/OkHttp  (27307): --> END GET
07-05 22:21:54.107 D/HttpHandler(27307): VerifySignInterCeptor-->request.url()=http://picture.edu.hismarttv.com/images/20170629/%E5%BF%83%E7%AE%97%E5%8F%A3%E8%AF%80%E5%A4%A9%E5%A4%A9%E7%BB%83.jpg
07-05 22:21:54.109 D/HttpHandler(27307): VerifySignInterCeptor-->hostname=picture.edu.hismarttv.com
07-05 22:21:54.110 D/OkHttp  (27307): --> GET http://picture.edu.hismarttv.com/images/20170629/%E5%BF%83%E7%AE%97%E5%8F%A3%E8%AF%80%E5%A4%A9%E5%A4%A9%E7%BB%83.jpg http/1.1
07-05 22:21:54.110 D/OkHttp  (27307): Host: picture.edu.hismarttv.com
07-05 22:21:54.110 D/OkHttp  (27307): Connection: Keep-Alive
07-05 22:21:54.110 D/OkHttp  (27307): Accept-Encoding: gzip
07-05 22:21:54.110 D/OkHttp  (27307): User-Agent: okhttp/3.6.0
07-05 22:21:54.110 D/OkHttp  (27307): --> END GET
07-05 22:21:54.115 D/OkHttp  (27307): <-- 200 OK http://picture.edu.hismarttv.com/images/20170628233232135598.jpg (24ms)
07-05 22:21:54.116 D/OkHttp  (27307): Date: Mon, 03 Jul 2017 11:02:37 GMT
07-05 22:21:54.116 D/OkHttp  (27307): Server: nginx
07-05 22:21:54.116 D/OkHttp  (27307): Content-Type: image/jpeg
07-05 22:21:54.116 D/OkHttp  (27307): Content-Length: 50603
07-05 22:21:54.116 D/OkHttp  (27307): Last-Modified: Wed, 28 Jun 2017 23:32:32 GMT
07-05 22:21:54.116 D/OkHttp  (27307): ETag: "59543c90-c5ab"
07-05 22:21:54.116 D/OkHttp  (27307): Accept-Ranges: bytes
07-05 22:21:54.116 D/OkHttp  (27307): Age: 184757
07-05 22:21:54.116 D/OkHttp  (27307): Via: 1.1 jnwt243:1 (Cdn Cache Server V2.0)[27 200 0], 1.1 angtong92:6 (Cdn Cache Server V2.0)[0 200 0]
07-05 22:21:54.116 D/OkHttp  (27307): Connection: keep-alive
07-05 22:21:54.116 D/OkHttp  (27307): <-- END HTTP
07-05 22:21:54.118 D/HttpHandler(27307): RetryIntercepter-->retryNum=0
07-05 22:21:54.118 D/HttpHandler(27307): RetryIntercepter-->backoffmutiplier=0
07-05 22:21:54.121 D/OkHttp  (27307): <-- 200 OK http://picture.edu.hismarttv.com/images/20170628104504467308.jpg (19ms)
07-05 22:21:54.121 D/OkHttp  (27307): Date: Wed, 05 Jul 2017 13:59:49 GMT
07-05 22:21:54.121 D/OkHttp  (27307): Server: nginx
07-05 22:21:54.121 D/OkHttp  (27307): Content-Type: image/jpeg
07-05 22:21:54.121 D/OkHttp  (27307): Content-Length: 376321
07-05 22:21:54.122 D/OkHttp  (27307): Last-Modified: Wed, 28 Jun 2017 10:45:04 GMT
07-05 22:21:54.122 D/OkHttp  (27307): ETag: "595388b0-5be01"
07-05 22:21:54.122 D/OkHttp  (27307): Accept-Ranges: bytes
07-05 22:21:54.122 D/OkHttp  (27307): Age: 1324
07-05 22:21:54.122 D/OkHttp  (27307): Via: 1.1 hewangtong174:5 (Cdn Cache Server V2.0)[9 200 0], 1.1 luwangtong27:0 (Cdn Cache Server V2.0)[0 200 0]
07-05 22:21:54.122 D/OkHttp  (27307): Connection: keep-alive
07-05 22:21:54.122 D/OkHttp  (27307): <-- END HTTP
07-05 22:21:54.124 D/HttpHandler(27307): RetryIntercepter-->retryNum=0
07-05 22:21:54.124 D/HttpHandler(27307): RetryIntercepter-->backoffmutiplier=0
07-05 22:21:54.128 D/OkHttp  (27307): <-- 200 OK http://picture.edu.hismarttv.com/images/20170629075040001252.jpg (31ms)
07-05 22:21:54.128 D/OkHttp  (27307): Date: Mon, 03 Jul 2017 11:02:37 GMT
07-05 22:21:54.128 D/OkHttp  (27307): Server: nginx
07-05 22:21:54.128 D/OkHttp  (27307): Content-Type: image/jpeg
07-05 22:21:54.128 D/OkHttp  (27307): Content-Length: 103036
07-05 22:21:54.128 D/OkHttp  (27307): Last-Modified: Thu, 29 Jun 2017 07:50:40 GMT
07-05 22:21:54.128 D/OkHttp  (27307): ETag: "5954b150-1927c"
07-05 22:21:54.128 D/OkHttp  (27307): Accept-Ranges: bytes
07-05 22:21:54.128 D/OkHttp  (27307): Age: 184756
07-05 22:21:54.128 D/OkHttp  (27307): Via: 1.1 changzhiwangtong172:9 (Cdn Cache Server V2.0)[0 200 0], 1.1 t93:0 (Cdn Cache Server V2.0)[0 200 0]
07-05 22:21:54.128 D/OkHttp  (27307): Connection: keep-alive
07-05 22:21:54.128 D/OkHttp  (27307): <-- END HTTP
07-05 22:21:54.132 D/OkHttp  (27307): <-- 200 OK http://picture.edu.hismarttv.com/images/20170629/%E5%BF%83%E7%AE%97%E5%8F%A3%E8%AF%80%E5%A4%A9%E5%A4%A9%E7%BB%83.jpg (21ms)
07-05 22:21:54.132 D/OkHttp  (27307): Date: Wed, 05 Jul 2017 14:00:48 GMT
07-05 22:21:54.132 D/OkHttp  (27307): Server: nginx
07-05 22:21:54.132 D/OkHttp  (27307): Content-Type: image/jpeg
07-05 22:21:54.132 D/OkHttp  (27307): Content-Length: 204643
07-05 22:21:54.132 D/OkHttp  (27307): Last-Modified: Fri, 09 Jun 2017 14:51:40 GMT
07-05 22:21:54.132 D/OkHttp  (27307): ETag: "593ab5fc-31f63"
07-05 22:21:54.132 D/OkHttp  (27307): Accept-Ranges: bytes
07-05 22:21:54.132 D/OkHttp  (27307): Age: 1266
07-05 22:21:54.132 D/OkHttp  (27307): Via: 1.1 shuozhou56:1 (Cdn Cache Server V2.0)[10 200 0], 1.1 jcl26:0 (Cdn Cache Server V2.0)[0 200 0]
07-05 22:21:54.132 D/OkHttp  (27307): Connection: keep-alive
07-05 22:21:54.132 D/OkHttp  (27307): <-- END HTTP
07-05 22:21:54.134 D/HttpHandler(27307): RetryIntercepter-->retryNum=0
07-05 22:21:54.134 D/HttpHandler(27307): RetryIntercepter-->backoffmutiplier=0
07-05 22:21:54.136 D/HttpHandler(27307): RetryIntercepter-->retryNum=0
07-05 22:21:54.141 D/HttpHandler(27307): RetryIntercepter-->backoffmutiplier=0
07-05 22:21:54.141 D/DtvSourcePlugin-DVBC(15961): Setting the EPG Updater state to: WAIT
07-05 22:21:54.142 D/Carousel-Utils(27307): onResourceReady.
07-05 22:21:54.143 D/Carousel-Utils(27307): onResourceReady.
07-05 22:21:54.143 D/Carousel-Utils(27307): onResourceReady.
07-05 22:21:54.143 D/Carousel-Utils(27307): onResourceReady.
07-05 22:21:54.156 I/MyFragmentStateAdapter(27307): getCount
07-05 22:21:54.156 I/MyFragmentStateAdapter(27307): getCount
07-05 22:21:54.157 I/MyFragmentStateAdapter(27307): getCount
07-05 22:21:54.157 I/MyFragmentStateAdapter(27307): getCount
07-05 22:21:54.157 I/FirstLineAdapter(27307): canShowTrailer,isOffline=false
07-05 22:21:54.157 I/FirstLineAdapter(27307): canShowTrailer,isOffline=false
07-05 22:21:54.157 I/FirstLineAdapter(27307): canShowTrailer,isOffline=false
07-05 22:21:54.157 I/FirstLineAdapter(27307): canShowTrailer,isOffline=false
07-05 22:21:54.157 I/FirstLineAdapter(27307): canShowTrailer,isOffline=false
07-05 22:21:54.157 I/FirstLineAdapter(27307): canShowTrailer,isOffline=false
07-05 22:21:54.157 I/FirstLineAdapter(27307): canShowTrailer,isOffline=false
07-05 22:21:54.158 D/Carousel-CarouselChannelItemView(27307): Listitem imageUrl:http://picture.edu.hismarttv.com/images/20170628102959016598.jpg
07-05 22:21:54.158 D/Carousel-Utils(27307): onResourceReady.
07-05 22:21:54.160 D/Carousel-CarouselChannelItemView(27307): Listitem imageUrl:http://picture.edu.hismarttv.com/images/20170628103002814396.jpg
07-05 22:21:54.161 D/Carousel-Utils(27307): onResourceReady.
07-05 22:21:54.162 D/Carousel-CarouselChannelItemView(27307): Listitem imageUrl:http://picture.edu.hismarttv.com/images/20170628103009181182.jpg
07-05 22:21:54.163 D/Carousel-Utils(27307): onResourceReady.
07-05 22:21:54.165 D/Carousel-CarouselChannelItemView(27307): Listitem imageUrl:http://picture.edu.hismarttv.com/images/20170628102959016598.jpg
07-05 22:21:54.166 D/Carousel-Utils(27307): onResourceReady.
07-05 22:21:54.166 D/Carousel-CarouselChannelItemView(27307): Listitem imageUrl:http://picture.edu.hismarttv.com/images/20170628103002814396.jpg
07-05 22:21:54.167 D/Carousel-Utils(27307): onResourceReady.
07-05 22:21:54.168 D/Carousel-CarouselChannelItemView(27307): Listitem imageUrl:http://picture.edu.hismarttv.com/images/20170628103009181182.jpg
07-05 22:21:54.169 D/Carousel-Utils(27307): onResourceReady.
07-05 22:21:54.175 I/FirstLineAdapter(27307): canShowTrailer,isOffline=false
07-05 22:21:54.175 I/FirstLineAdapter(27307): canShowTrailer,isOffline=false
07-05 22:21:54.176 D/Carousel-CarouselView(27307): ============>onScrollChanged hashCode:105475394
07-05 22:21:54.179 I/MyFragmentStateAdapter(27307): getCount
07-05 22:21:54.209 I/MyFragmentStateAdapter(27307): getCount
07-05 22:21:54.216 D/HttpHandler(27307): VerifySignInterCeptor-->request.url()=http://picture.edu.hismarttv.com/images/20170629/%E5%AE%A2%E5%8E%85%E7%87%83%E8%84%82%E5%A5%B3%E7%8E%8B20170207081137502012.jpg
07-05 22:21:54.217 D/HttpHandler(27307): VerifySignInterCeptor-->hostname=picture.edu.hismarttv.com
07-05 22:21:54.218 D/OkHttp  (27307): --> GET http://picture.edu.hismarttv.com/images/20170629/%E5%AE%A2%E5%8E%85%E7%87%83%E8%84%82%E5%A5%B3%E7%8E%8B20170207081137502012.jpg http/1.1
07-05 22:21:54.218 D/OkHttp  (27307): Host: picture.edu.hismarttv.com
07-05 22:21:54.218 D/OkHttp  (27307): Connection: Keep-Alive
07-05 22:21:54.218 D/OkHttp  (27307): Accept-Encoding: gzip
07-05 22:21:54.218 D/OkHttp  (27307): User-Agent: okhttp/3.6.0
07-05 22:21:54.218 D/OkHttp  (27307): --> END GET
07-05 22:21:54.219 D/HttpHandler(27307): VerifySignInterCeptor-->request.url()=http://picture.edu.hismarttv.com/images/20170629/%E8%8B%B1%E8%AF%AD%E5%90%AF%E8%92%99.jpg
07-05 22:21:54.219 D/HttpHandler(27307): VerifySignInterCeptor-->hostname=picture.edu.hismarttv.com
07-05 22:21:54.223 D/OkHttp  (27307): --> GET http://picture.edu.hismarttv.com/images/20170629/%E8%8B%B1%E8%AF%AD%E5%90%AF%E8%92%99.jpg http/1.1
07-05 22:21:54.223 D/OkHttp  (27307): Host: picture.edu.hismarttv.com
07-05 22:21:54.223 D/OkHttp  (27307): Connection: Keep-Alive
07-05 22:21:54.223 D/OkHttp  (27307): Accept-Encoding: gzip
07-05 22:21:54.223 D/OkHttp  (27307): User-Agent: okhttp/3.6.0
07-05 22:21:54.224 D/OkHttp  (27307): --> END GET
07-05 22:21:54.229 I/TVMW@HsTvSetting( 1234): Trace cmd, data = 0x1058
07-05 22:21:54.229 D/til@system( 2026): til_get_system_param option:100002F int:0, bool:0, ret:0
07-05 22:21:54.229 I/TVMW@HsTvSetting( 1234): Trace cmd, data = 0x101f
07-05 22:21:54.229 D/til@system( 2026): til_get_system_param option:100001D int:3, bool:3, ret:0
07-05 22:21:54.229 E/til     ( 2026): [til_get_current_input_source, 101] 
07-05 22:21:54.229 I/TVMW@HsTvSetting( 1234): Trace cmd, data = 0x7007
07-05 22:21:54.230 I/tilwrapper@sm( 2026): HS2TIL_SourceType *hs=0xd, *til=0x900
07-05 22:21:54.230 D/til     ( 2026): get current source 2304
07-05 22:21:54.230 D/SourceRemoteServiceHandler( 2026): getCurrentInputSource.from.til.result is 0, value is 2304
07-05 22:21:54.230 D/SourceRemoteServiceHandler( 2026): getInputSourceType source: 0x900, type=2304
07-05 22:21:54.230 D/til     ( 2026): ###### func:til_get_picture_param option:0x3000006 ######  
07-05 22:21:54.230 I/TVMW@HsTvSetting( 1234): Trace cmd, data = 0x1003
07-05 22:21:54.231 I/TVMW@HsTvSetting( 1234): Trace cmd, data = 0x8032
07-05 22:21:54.232 I/hstvos  ( 1216): [0m[1;33m[HSHAL][HS_VIDEO][HS_HAL_Video_SetOsdDetect_v2][2389]u16Threshold = 20
07-05 22:21:54.232 I/MiSysSrv( 1214): Not support now! 42, change to mm_video!!!
07-05 22:21:54.232 E/TVMW@videoctrl( 1234):  getOsd is 1
07-05 22:21:54.232 D/til@system( 2026): til_get_system_param option:1000027 int:1, bool:1, ret:0
07-05 22:21:54.232 D/til     ( 2026): ###### func:til_get_picture_param option:0x3000045 ######  
07-05 22:21:54.232 I/TVMW@HsTvSetting( 1234): Trace cmd, data = 0x300c
07-05 22:21:54.232 I/TVMW@HsTvSetting( 1234): Trace 3d, data = 0x300c
07-05 22:21:54.232 I/TVMW@3d ( 1234): Hs_debug3d_trace: func:get3dStatus, line:109
07-05 22:21:54.235 D/TabView (27307): SLOVEN mIsTabScrolling：：isAnimating===>:false：：false
07-05 22:21:54.237 D/OkHttp  (27307): <-- 200 OK http://picture.edu.hismarttv.com/images/20170629/%E5%AE%A2%E5%8E%85%E7%87%83%E8%84%82%E5%A5%B3%E7%8E%8B20170207081137502012.jpg (19ms)
07-05 22:21:54.237 D/OkHttp  (27307): Date: Mon, 03 Jul 2017 11:02:37 GMT
07-05 22:21:54.237 D/OkHttp  (27307): Server: nginx
07-05 22:21:54.237 D/OkHttp  (27307): Content-Type: image/jpeg
07-05 22:21:54.237 D/OkHttp  (27307): Content-Length: 107115
07-05 22:21:54.237 D/OkHttp  (27307): Last-Modified: Fri, 09 Jun 2017 14:40:58 GMT
07-05 22:21:54.237 D/OkHttp  (27307): ETag: "593ab37a-1a26b"
07-05 22:21:54.237 D/OkHttp  (27307): Accept-Ranges: bytes
07-05 22:21:54.237 D/OkHttp  (27307): Age: 184757
07-05 22:21:54.237 D/OkHttp  (27307): Via: 1.1 shzh52:3 (Cdn Cache Server V2.0)[23 200 0], 1.1 t93:4 (Cdn Cache Server V2.0)[0 200 0]
07-05 22:21:54.237 D/OkHttp  (27307): Connection: keep-alive
07-05 22:21:54.237 D/OkHttp  (27307): <-- END HTTP
07-05 22:21:54.240 D/HttpHandler(27307): RetryIntercepter-->retryNum=0
07-05 22:21:54.240 D/HttpHandler(27307): RetryIntercepter-->backoffmutiplier=0
07-05 22:21:54.242 I/MainHomeView(27307): OnTabSelected() tabPosition = 2,lastpos=-1, subPosition = 0
07-05 22:21:54.242 I/SoftFragmentList(27307): fetchCacheFragment  enter ---- index = 2
07-05 22:21:54.242 D/SoftFragmentList(27307): fetchCacheFragment  mFragmentCache.size() = 3
07-05 22:21:54.242 D/SoftFragmentList(27307): fetchCacheFragment mLastIndex = 2, view = 精选
07-05 22:21:54.242 D/MainHomeView(27307): onTabSelected ===>:Current channelId0
07-05 22:21:54.243 D/OkHttp  (27307): <-- 200 OK http://picture.edu.hismarttv.com/images/20170629/%E8%8B%B1%E8%AF%AD%E5%90%AF%E8%92%99.jpg (19ms)
07-05 22:21:54.243 D/OkHttp  (27307): Date: Mon, 03 Jul 2017 11:02:37 GMT
07-05 22:21:54.243 D/OkHttp  (27307): Server: nginx
07-05 22:21:54.243 D/OkHttp  (27307): Content-Type: image/jpeg
07-05 22:21:54.243 D/OkHttp  (27307): Content-Length: 57011
07-05 22:21:54.243 D/OkHttp  (27307): Last-Modified: Fri, 09 Jun 2017 14:49:58 GMT
07-05 22:21:54.243 D/OkHttp  (27307): ETag: "593ab596-deb3"
07-05 22:21:54.243 D/OkHttp  (27307): Accept-Ranges: bytes
07-05 22:21:54.243 D/OkHttp  (27307): Age: 184757
07-05 22:21:54.243 D/OkHttp  (27307): Via: 1.1 jnwt244:0 (Cdn Cache Server V2.0)[14 200 0], 1.1 t94:8 (Cdn Cache Server V2.0)[0 200 0]
07-05 22:21:54.243 D/OkHttp  (27307): Connection: keep-alive
07-05 22:21:54.243 D/OkHttp  (27307): <-- END HTTP
07-05 22:21:54.245 D/HttpHandler(27307): RetryIntercepter-->retryNum=0
07-05 22:21:54.245 D/HttpHandler(27307): RetryIntercepter-->backoffmutiplier=0
07-05 22:21:54.260 I/MyFragmentStateAdapter(27307): getCount
07-05 22:21:54.260 I/MyFragmentStateAdapter(27307): getCount
07-05 22:21:54.260 I/MyFragmentStateAdapter(27307): getCount
07-05 22:21:54.260 I/MyFragmentStateAdapter(27307): getCount
07-05 22:21:54.266 I/FirstLineAdapter(27307): canShowTrailer,isOffline=false
07-05 22:21:54.266 I/FirstLineAdapter(27307): canShowTrailer,isOffline=false
07-05 22:21:54.267 I/FirstLineAdapter(27307): canShowTrailer,isOffline=false
07-05 22:21:54.267 I/FirstLineAdapter(27307): canShowTrailer,isOffline=false
07-05 22:21:54.267 I/FirstLineAdapter(27307): canShowTrailer,isOffline=false
07-05 22:21:54.267 I/FirstLineAdapter(27307): canShowTrailer,isOffline=false
07-05 22:21:54.267 I/FirstLineAdapter(27307): canShowTrailer,isOffline=false
07-05 22:21:54.267 I/FirstLineAdapter(27307): canShowTrailer,isOffline=false
07-05 22:21:54.267 I/FirstLineAdapter(27307): canShowTrailer,isOffline=false
07-05 22:21:54.271 I/MyFragmentStateAdapter(27307): getCount
07-05 22:21:54.275 I/MyFragmentStateAdapter(27307): getCount
07-05 22:21:54.283 I/TVMW@devctrl( 1234): wdt
07-05 22:21:54.305 I/MyFragmentStateAdapter(27307): getCount
07-05 22:21:54.322 D/CommonHeader(27307): app logo :refreshTimer: isRotatetrue
07-05 22:21:54.329 I/MyFragmentStateAdapter(27307): getCount
07-05 22:21:54.331 D/HttpHandler(27307): VerifySignInterCeptor-->request.url()=http://picture.edu.hismarttv.com/images/20170629/%E5%93%88%E5%88%A9%E8%AE%B2%E6%95%85%E4%BA%8B%EF%BC%88%E4%B8%80%EF%BC%89.jpg
07-05 22:21:54.331 D/HttpHandler(27307): VerifySignInterCeptor-->hostname=picture.edu.hismarttv.com
07-05 22:21:54.332 D/OkHttp  (27307): --> GET http://picture.edu.hismarttv.com/images/20170629/%E5%93%88%E5%88%A9%E8%AE%B2%E6%95%85%E4%BA%8B%EF%BC%88%E4%B8%80%EF%BC%89.jpg http/1.1
07-05 22:21:54.332 D/OkHttp  (27307): Host: picture.edu.hismarttv.com
07-05 22:21:54.332 D/OkHttp  (27307): Connection: Keep-Alive
07-05 22:21:54.332 D/OkHttp  (27307): Accept-Encoding: gzip
07-05 22:21:54.332 D/OkHttp  (27307): User-Agent: okhttp/3.6.0
07-05 22:21:54.332 D/OkHttp  (27307): --> END GET
07-05 22:21:54.337 D/HttpHandler(27307): VerifySignInterCeptor-->request.url()=http://picture.edu.hismarttv.com/images/20170629/30%E5%A4%A9%E5%86%99%E5%87%BA%E4%B8%80%E6%89%8B%E5%A5%BD%E5%AD%9720161129021942268280.jpg
07-05 22:21:54.337 D/HttpHandler(27307): VerifySignInterCeptor-->hostname=picture.edu.hismarttv.com
07-05 22:21:54.338 D/OkHttp  (27307): --> GET http://picture.edu.hismarttv.com/images/20170629/30%E5%A4%A9%E5%86%99%E5%87%BA%E4%B8%80%E6%89%8B%E5%A5%BD%E5%AD%9720161129021942268280.jpg http/1.1
07-05 22:21:54.338 D/OkHttp  (27307): Host: picture.edu.hismarttv.com
07-05 22:21:54.338 D/OkHttp  (27307): Connection: Keep-Alive
07-05 22:21:54.338 D/OkHttp  (27307): Accept-Encoding: gzip
07-05 22:21:54.338 D/OkHttp  (27307): User-Agent: okhttp/3.6.0
07-05 22:21:54.338 D/OkHttp  (27307): --> END GET
07-05 22:21:54.357 I/MyFragmentStateAdapter(27307): getCount
07-05 22:21:54.357 I/MyFragmentStateAdapter(27307): getCount
07-05 22:21:54.357 I/MyFragmentStateAdapter(27307): getCount
07-05 22:21:54.357 I/MyFragmentStateAdapter(27307): getCount
07-05 22:21:54.363 D/OkHttp  (27307): <-- 200 OK http://picture.edu.hismarttv.com/images/20170629/%E5%93%88%E5%88%A9%E8%AE%B2%E6%95%85%E4%BA%8B%EF%BC%88%E4%B8%80%EF%BC%89.jpg (31ms)
07-05 22:21:54.363 D/OkHttp  (27307): Date: Mon, 03 Jul 2017 11:02:37 GMT
07-05 22:21:54.364 I/MyFragmentStateAdapter(27307): getCount
07-05 22:21:54.369 D/OkHttp  (27307): <-- 200 OK http://picture.edu.hismarttv.com/images/20170629/30%E5%A4%A9%E5%86%99%E5%87%BA%E4%B8%80%E6%89%8B%E5%A5%BD%E5%AD%9720161129021942268280.jpg (30ms)
07-05 22:21:54.369 D/OkHttp  (27307): Date: Mon, 03 Jul 2017 11:02:37 GMT
07-05 22:21:54.369 D/OkHttp  (27307): Server: nginx
07-05 22:21:54.369 D/OkHttp  (27307): Content-Type: image/jpeg
07-05 22:21:54.369 D/OkHttp  (27307): Content-Length: 137170
07-05 22:21:54.369 D/OkHttp  (27307): Last-Modified: Fri, 09 Jun 2017 14:48:12 GMT
07-05 22:21:54.369 D/OkHttp  (27307): ETag: "593ab52c-217d2"
07-05 22:21:54.369 D/OkHttp  (27307): Accept-Ranges: bytes
07-05 22:21:54.369 D/OkHttp  (27307): Age: 184757
07-05 22:21:54.369 D/OkHttp  (27307): Via: 1.1 changzhiwangtong169:2 (Cdn Cache Server V2.0)[0 200 0], 1.1 angtong92:5 (Cdn Cache Server V2.0)[0 200 0]
07-05 22:21:54.369 D/OkHttp  (27307): Connection: keep-alive
07-05 22:21:54.369 D/OkHttp  (27307): <-- END HTTP
07-05 22:21:54.371 D/OkHttp  (27307): Server: nginx
07-05 22:21:54.372 D/OkHttp  (27307): Content-Type: image/jpeg
07-05 22:21:54.372 D/OkHttp  (27307): Content-Length: 135983
07-05 22:21:54.372 D/OkHttp  (27307): Last-Modified: Fri, 09 Jun 2017 14:51:44 GMT
07-05 22:21:54.372 D/OkHttp  (27307): ETag: "593ab600-2132f"
