07-05 23:39:22.369 D/PowerManagerService( 1733): releaseWakeLockInternal: lock=113832109 [NetworkStats], flags=0x0
07-05 23:39:22.369 D/PowerManagerNotifier( 1733): onWakeLockReleased: flags=1, tag="NetworkStats", packageName=android, ownerUid=1000, ownerPid=1733, workSource=null
07-05 23:39:22.370 D/NtpTrustedTime( 1733): currentTimeMillis() cache hit
07-05 23:39:22.370 D/NtpTrustedTime( 1733): currentTimeMillis() cache hit
07-05 23:39:22.385 I/MyFragmentStateAdapter( 5431): getCount
07-05 23:39:22.406 I/MyFragmentStateAdapter( 5431): getCount
07-05 23:39:22.424 I/MyFragmentStateAdapter( 5431): getCount
07-05 23:39:22.445 I/MyFragmentStateAdapter( 5431): getCount
07-05 23:39:22.467 I/MyFragmentStateAdapter( 5431): getCount
07-05 23:39:22.494 I/MyFragmentStateAdapter( 5431): getCount
07-05 23:39:22.517 I/MyFragmentStateAdapter( 5431): getCount
07-05 23:39:22.545 I/MyFragmentStateAdapter( 5431): getCount
07-05 23:39:22.568 I/MyFragmentStateAdapter( 5431): getCount
07-05 23:39:22.581 I/TVMW@devctrl( 1234): wdt
07-05 23:39:22.596 I/TVMW@HsTvSetting( 1234): Trace cmd, data = 0x1058
07-05 23:39:22.596 D/til@system( 2026): til_get_system_param option:100002F int:0, bool:0, ret:0
07-05 23:39:22.596 I/TVMW@HsTvSetting( 1234): Trace cmd, data = 0x101f
07-05 23:39:22.596 D/til@system( 2026): til_get_system_param option:100001D int:3, bool:3, ret:0
07-05 23:39:22.596 E/til     ( 2026): [til_get_current_input_source, 101] 
07-05 23:39:22.596 I/TVMW@HsTvSetting( 1234): Trace cmd, data = 0x7007
07-05 23:39:22.596 I/tilwrapper@sm( 2026): HS2TIL_SourceType *hs=0xd, *til=0x900
07-05 23:39:22.596 D/til     ( 2026): get current source 2304
07-05 23:39:22.597 D/SourceRemoteServiceHandler( 2026): getCurrentInputSource.from.til.result is 0, value is 2304
07-05 23:39:22.597 D/SourceRemoteServiceHandler( 2026): getInputSourceType source: 0x900, type=2304
07-05 23:39:22.597 D/til     ( 2026): ###### func:til_get_picture_param option:0x3000006 ######  
07-05 23:39:22.597 I/TVMW@HsTvSetting( 1234): Trace cmd, data = 0x1003
07-05 23:39:22.597 I/TVMW@HsTvSetting( 1234): Trace cmd, data = 0x8032
07-05 23:39:22.597 I/hstvos  ( 1216): [0m[1;33m[HSHAL][HS_VIDEO][HS_HAL_Video_SetOsdDetect_v2][2389]u16Threshold = 20
07-05 23:39:22.598 E/TVMW@videoctrl( 1234):  getOsd is 1
07-05 23:39:22.598 D/til@system( 2026): til_get_system_param option:1000027 int:1, bool:1, ret:0
07-05 23:39:22.598 D/til     ( 2026): ###### func:til_get_picture_param option:0x3000045 ######  
07-05 23:39:22.598 I/TVMW@HsTvSetting( 1234): Trace cmd, data = 0x300c
07-05 23:39:22.598 I/TVMW@HsTvSetting( 1234): Trace 3d, data = 0x300c
07-05 23:39:22.598 I/MiSysSrv( 1214): Not support now! 42, change to mm_video!!!
07-05 23:39:22.598 I/TVMW@3d ( 1234): Hs_debug3d_trace: func:get3dStatus, line:109
07-05 23:39:22.601 I/MyFragmentStateAdapter( 5431): getCount
07-05 23:39:22.623 I/MyFragmentStateAdapter( 5431): getCount
07-05 23:39:22.642 I/MyFragmentStateAdapter( 5431): getCount
07-05 23:39:22.662 I/MyFragmentStateAdapter( 5431): getCount
07-05 23:39:22.682 I/MyFragmentStateAdapter( 5431): getCount
07-05 23:39:22.701 I/MyFragmentStateAdapter( 5431): getCount
07-05 23:39:22.723 I/MyFragmentStateAdapter( 5431): getCount
07-05 23:39:22.744 I/MyFragmentStateAdapter( 5431): getCount
07-05 23:39:22.764 I/MyFragmentStateAdapter( 5431): getCount
07-05 23:39:22.784 I/MyFragmentStateAdapter( 5431): getCount
07-05 23:39:22.805 I/MyFragmentStateAdapter( 5431): getCount
07-05 23:39:22.827 I/MyFragmentStateAdapter( 5431): getCount
07-05 23:39:22.828 D/DLNAService(16055): sync DLNA devices
07-05 23:39:22.828 D/MediaBrowser(16055): updateMediaSources type=2
07-05 23:39:22.829 D/MediaSourceManager(16055): updateMediaSources type=2
07-05 23:39:22.848 I/MyFragmentStateAdapter( 5431): getCount
07-05 23:39:22.868 I/MyFragmentStateAdapter( 5431): getCount
07-05 23:39:22.876 I/HLSP2P  (16183): ## 2017-07-05 23:39:22.876 [16183,16481,:0] INFO ## [HLSP2P][DownloadManager.cpp:35][INFO][TryExtendCacheSize]system memory total size : 1912M, free size : 586M, cache add to 30MB
07-05 23:39:22.896 I/MyFragmentStateAdapter( 5431): getCount
07-05 23:39:22.918 I/MyFragmentStateAdapter( 5431): getCount
07-05 23:39:22.944 I/MyFragmentStateAdapter( 5431): getCount
07-05 23:39:22.966 I/MyFragmentStateAdapter( 5431): getCount
07-05 23:39:22.988 I/MyFragmentStateAdapter( 5431): getCount
07-05 23:39:23.009 I/MyFragmentStateAdapter( 5431): getCount
07-05 23:39:23.028 I/MyFragmentStateAdapter( 5431): getCount
07-05 23:39:23.049 I/MyFragmentStateAdapter( 5431): getCount
07-05 23:39:23.053 I/NetflixMonitorService( 1733): current fgapk : com.hisense.hicloud.edca
07-05 23:39:23.053 I/NetflixMonitorService( 1733): Netflix status unchanged
07-05 23:39:23.071 I/MyFragmentStateAdapter( 5431): getCount
07-05 23:39:23.090 I/MyFragmentStateAdapter( 5431): getCount
07-05 23:39:23.099 I/TVMW@HsTvSetting( 1234): Trace cmd, data = 0x1058
07-05 23:39:23.099 D/til@system( 2026): til_get_system_param option:100002F int:0, bool:0, ret:0
07-05 23:39:23.100 I/TVMW@HsTvSetting( 1234): Trace cmd, data = 0x101f
07-05 23:39:23.100 D/til@system( 2026): til_get_system_param option:100001D int:3, bool:3, ret:0
07-05 23:39:23.100 E/til     ( 2026): [til_get_current_input_source, 101] 
07-05 23:39:23.100 I/TVMW@HsTvSetting( 1234): Trace cmd, data = 0x7007
07-05 23:39:23.100 I/tilwrapper@sm( 2026): HS2TIL_SourceType *hs=0xd, *til=0x900
07-05 23:39:23.100 D/til     ( 2026): get current source 2304
07-05 23:39:23.100 D/SourceRemoteServiceHandler( 2026): getCurrentInputSource.from.til.result is 0, value is 2304
07-05 23:39:23.100 D/SourceRemoteServiceHandler( 2026): getInputSourceType source: 0x900, type=2304
07-05 23:39:23.101 D/til     ( 2026): ###### func:til_get_picture_param option:0x3000006 ######  
07-05 23:39:23.101 I/TVMW@HsTvSetting( 1234): Trace cmd, data = 0x1003
07-05 23:39:23.101 I/TVMW@HsTvSetting( 1234): Trace cmd, data = 0x8032
07-05 23:39:23.101 I/hstvos  ( 1216): [0m[1;33m[HSHAL][HS_VIDEO][HS_HAL_Video_SetOsdDetect_v2][2389]u16Threshold = 20
07-05 23:39:23.102 I/MiSysSrv( 1214): Not support now! 42, change to mm_video!!!
07-05 23:39:23.102 E/TVMW@videoctrl( 1234):  getOsd is 1
07-05 23:39:23.102 D/til@system( 2026): til_get_system_param option:1000027 int:1, bool:1, ret:0
07-05 23:39:23.102 D/til     ( 2026): ###### func:til_get_picture_param option:0x3000045 ######  
07-05 23:39:23.102 I/TVMW@HsTvSetting( 1234): Trace cmd, data = 0x300c
07-05 23:39:23.102 I/TVMW@HsTvSetting( 1234): Trace 3d, data = 0x300c
07-05 23:39:23.102 I/TVMW@3d ( 1234): Hs_debug3d_trace: func:get3dStatus, line:109
07-05 23:39:23.113 I/MyFragmentStateAdapter( 5431): getCount
07-05 23:39:23.133 I/MyFragmentStateAdapter( 5431): getCount
07-05 23:39:23.154 I/MyFragmentStateAdapter( 5431): getCount
07-05 23:39:23.175 I/MyFragmentStateAdapter( 5431): getCount
07-05 23:39:23.196 I/MyFragmentStateAdapter( 5431): getCount
07-05 23:39:23.201 D/PowerManagerService( 1733): acquireWakeLockInternal: lock=113832109, flags=0x1, tag="NetworkStats", ws=null, uid=1000, pid=1733
07-05 23:39:23.202 D/PowerManagerNotifier( 1733): onWakeLockAcquired: flags=1, tag="NetworkStats", packageName=android, ownerUid=1000, ownerPid=1733, workSource=null
07-05 23:39:23.202 D/NtpTrustedTime( 1733): currentTimeMillis() cache hit
07-05 23:39:23.209 D/NtpTrustedTime( 1733): currentTimeMillis() cache hit
07-05 23:39:23.210 D/PowerManagerService( 1733): releaseWakeLockInternal: lock=113832109 [NetworkStats], flags=0x0
07-05 23:39:23.211 D/PowerManagerNotifier( 1733): onWakeLockReleased: flags=1, tag="NetworkStats", packageName=android, ownerUid=1000, ownerPid=1733, workSource=null
07-05 23:39:23.211 D/NtpTrustedTime( 1733): currentTimeMillis() cache hit
07-05 23:39:23.211 D/NtpTrustedTime( 1733): currentTimeMillis() cache hit
07-05 23:39:23.217 I/MyFragmentStateAdapter( 5431): getCount
07-05 23:39:23.238 I/MyFragmentStateAdapter( 5431): getCount
07-05 23:39:23.259 I/MyFragmentStateAdapter( 5431): getCount
07-05 23:39:23.280 I/MyFragmentStateAdapter( 5431): getCount
07-05 23:39:23.301 I/MyFragmentStateAdapter( 5431): getCount
07-05 23:39:23.322 I/MyFragmentStateAdapter( 5431): getCount
07-05 23:39:23.344 I/MyFragmentStateAdapter( 5431): getCount
07-05 23:39:23.366 I/MyFragmentStateAdapter( 5431): getCount
07-05 23:39:23.387 I/MyFragmentStateAdapter( 5431): getCount
07-05 23:39:23.408 I/MyFragmentStateAdapter( 5431): getCount
07-05 23:39:23.429 I/MyFragmentStateAdapter( 5431): getCount
07-05 23:39:23.451 I/MyFragmentStateAdapter( 5431): getCount
07-05 23:39:23.475 I/MyFragmentStateAdapter( 5431): getCount
07-05 23:39:23.482 I/TVMW@devctrl( 1234): wdt
07-05 23:39:23.506 I/MyFragmentStateAdapter( 5431): getCount
07-05 23:39:23.535 I/MyFragmentStateAdapter( 5431): getCount
07-05 23:39:23.556 I/MyFragmentStateAdapter( 5431): getCount
07-05 23:39:23.577 I/MyFragmentStateAdapter( 5431): getCount
07-05 23:39:23.604 I/TVMW@HsTvSetting( 1234): Trace cmd, data = 0x1058
07-05 23:39:23.604 D/til@system( 2026): til_get_system_param option:100002F int:0, bool:0, ret:0
07-05 23:39:23.604 I/TVMW@HsTvSetting( 1234): Trace cmd, data = 0x101f
07-05 23:39:23.604 D/til@system( 2026): til_get_system_param option:100001D int:3, bool:3, ret:0
07-05 23:39:23.604 E/til     ( 2026): [til_get_current_input_source, 101] 
07-05 23:39:23.604 I/TVMW@HsTvSetting( 1234): Trace cmd, data = 0x7007
07-05 23:39:23.605 I/tilwrapper@sm( 2026): HS2TIL_SourceType *hs=0xd, *til=0x900
07-05 23:39:23.605 D/til     ( 2026): get current source 2304
07-05 23:39:23.605 D/SourceRemoteServiceHandler( 2026): getCurrentInputSource.from.til.result is 0, value is 2304
07-05 23:39:23.605 I/MyFragmentStateAdapter( 5431): getCount
07-05 23:39:23.605 D/SourceRemoteServiceHandler( 2026): getInputSourceType source: 0x900, type=2304
07-05 23:39:23.605 D/til     ( 2026): ###### func:til_get_picture_param option:0x3000006 ######  
07-05 23:39:23.605 I/TVMW@HsTvSetting( 1234): Trace cmd, data = 0x1003
07-05 23:39:23.606 I/TVMW@HsTvSetting( 1234): Trace cmd, data = 0x8032
07-05 23:39:23.606 I/hstvos  ( 1216): [0m[1;33m[HSHAL][HS_VIDEO][HS_HAL_Video_SetOsdDetect_v2][2389]u16Threshold = 20
07-05 23:39:23.606 I/MiSysSrv( 1214): Not support now! 42, change to mm_video!!!
07-05 23:39:23.607 E/TVMW@videoctrl( 1234):  getOsd is 1
07-05 23:39:23.607 D/til@system( 2026): til_get_system_param option:1000027 int:1, bool:1, ret:0
07-05 23:39:23.608 D/til     ( 2026): ###### func:til_get_picture_param option:0x3000045 ######  
07-05 23:39:23.608 I/TVMW@HsTvSetting( 1234): Trace cmd, data = 0x300c
07-05 23:39:23.608 I/TVMW@HsTvSetting( 1234): Trace 3d, data = 0x300c
07-05 23:39:23.608 I/TVMW@3d ( 1234): Hs_debug3d_trace: func:get3dStatus, line:109
07-05 23:39:23.622 D/SurfaceFlinger( 1204): captureScreen: maxLayerZ = -1
07-05 23:39:23.622 D/hwcomposer( 1204): [capture screen]:startCapture ctx->captureScreenAddr = 7f73e89000,capture width = 1920,height = 1080
07-05 23:39:23.622 D/hwcomposer( 1204): [capture screen]:Start_Capture 
07-05 23:39:23.625 D/hwcomposer( 1204): [capture screen]:u32MemoryPhyAddress 14100000 u32MemorySize 7e9000
07-05 23:39:23.625 D/        ( 1204): DIP already Opened
07-05 23:39:23.625 D/        ( 1204): DIP already Opened
07-05 23:39:23.625 D/        ( 1204): MDrv_CMD_DIP_GET_RESOURCE[0]   start
07-05 23:39:23.625 D/        ( 1204): MDrv_CMD_DIP_GET_RESOURCE[0]   end
07-05 23:39:23.625 D/hwcomposer( 1204): [capture screen]:dip win = 0
07-05 23:39:23.625 D/        ( 1204): DIP already Opened
07-05 23:39:23.625 D/hwcomposer( 1204): [capture screen]: ---enInputSourceType=1
07-05 23:39:23.625 D/hwcomposer( 1204): [capture screen]: ---SetDIPWin x,y,w,h=0,0,3840,2160
07-05 23:39:23.625 D/hwcomposer( 1204): [capture screen]: ---stDispWin x,y,w,h=0,0,0,0
07-05 23:39:23.625 D/hwcomposer( 1204): [capture screen]: ---stCropWin x,y,w,h=0,0,0,0
07-05 23:39:23.626 D/hwcomposer( 1204): [capture screen]: ---bInterlace, bHDuplicate, u16InputVFreq,u16InputVTotal, u16DefaultHtotal, u8DefaultPhase=0,0,0,0,0,0
07-05 23:39:23.626 D/hwcomposer( 1204): [capture screen]: ---bHCusScaling[0] src,dst =0,0
07-05 23:39:23.626 D/hwcomposer( 1204): [capture screen]: ---bVCusScaling[0] src,dst =0,0
07-05 23:39:23.626 D/hwcomposer( 1204): [capture screen]: ---bDisplayNineLattice=0
07-05 23:39:23.626 D/hwcomposer( 1204): [capture screen]: ---PreScalingH[1] src,dst =3840,1920
07-05 23:39:23.626 D/hwcomposer( 1204): [capture screen]: ---PreScalingV[1] src,dst =2160,1080
07-05 23:39:23.626 D/hwcomposer( 1204): [capture screen]: ---u16DefaultPhase=0
07-05 23:39:23.626 D/hwcomposer( 1204): [capture screen]: ---DIP bufcount=1, output w,h=1920,1080, u32BufStart, u32BufEnd = 0x14100000,0x148e9000, enSource= 6
07-05 23:39:23.628 D/hwcomposer( 1204): [captureScreen]:sucess!!!
07-05 23:39:23.628 D/hwcomposer( 1204): [capture screen]: CaptureDone u16IntStatus 0 
07-05 23:39:23.643 I/MyFragmentStateAdapter( 5431): getCount
07-05 23:39:23.644 D/hwcomposer( 1204): [capture screen]: delay 16 ms, CaptureDone u16IntStatus 0 
07-05 23:39:23.660 D/hwcomposer( 1204): [capture screen]: delay 32 ms, CaptureDone u16IntStatus 1 
07-05 23:39:23.660 D/        ( 1204): DIP already Opened
07-05 23:39:23.661 D/        ( 1204): MDrv_CMD_DIP_RELEASE_RESOURCE[0]   start
07-05 23:39:23.661 D/        ( 1204): MDrv_CMD_DIP_RELEASE_RESOURCE[0]   end
07-05 23:39:23.661 D/SurfaceFlinger( 1204): captureScreen:mCaptureDataAddr = 7f73e89000,supportWidth = 1920,supportHeight = 1080
07-05 23:39:23.663 D/gralloc ( 1204): allocate buffer from ION HEAP 0x1
07-05 23:39:23.663 D/gralloc ( 1204): allocate memory from system heap
07-05 23:39:23.673 I/MyFragmentStateAdapter( 5431): getCount
07-05 23:39:23.701 I/MyFragmentStateAdapter( 5431): getCount
07-05 23:39:23.724 I/MyFragmentStateAdapter( 5431): getCount
07-05 23:39:23.746 I/MyFragmentStateAdapter( 5431): getCount
07-05 23:39:23.771 I/MyFragmentStateAdapter( 5431): getCount
07-05 23:39:23.796 I/MyFragmentStateAdapter( 5431): getCount
07-05 23:39:23.803 W/GLConsumer( 1204): [com.hisense.hicloud.edca/com.hisense.tvui.newhome.HomeMainActivity] bindTextureImage: clearing GL error: 0x500
07-05 23:39:23.803 D/hwcomposer( 1204): [capture screen]: DIP_releaseCaptureScreenMemory!!!!
07-05 23:39:23.827 I/MyFragmentStateAdapter( 5431): getCount
07-05 23:39:23.855 I/MyFragmentStateAdapter( 5431): getCount
07-05 23:39:23.880 I/MyFragmentStateAdapter( 5431): getCount
07-05 23:39:23.905 I/MyFragmentStateAdapter( 5431): getCount
07-05 23:39:23.929 I/MyFragmentStateAdapter( 5431): getCount
07-05 23:39:23.955 I/MyFragmentStateAdapter( 5431): getCount
07-05 23:39:23.987 I/MyFragmentStateAdapter( 5431): getCount
07-05 23:39:24.012 I/MyFragmentStateAdapter( 5431): getCount
07-05 23:39:24.034 I/MyFragmentStateAdapter( 5431): getCount
07-05 23:39:24.041 D/PowerManagerService( 1733): acquireWakeLockInternal: lock=113832109, flags=0x1, tag="NetworkStats", ws=null, uid=1000, pid=1733
07-05 23:39:24.041 D/PowerManagerNotifier( 1733): onWakeLockAcquired: flags=1, tag="NetworkStats", packageName=android, ownerUid=1000, ownerPid=1733, workSource=null
07-05 23:39:24.042 D/NtpTrustedTime( 1733): currentTimeMillis() cache hit
07-05 23:39:24.052 D/NtpTrustedTime( 1733): currentTimeMillis() cache hit
07-05 23:39:24.053 D/PowerManagerService( 1733): releaseWakeLockInternal: lock=113832109 [NetworkStats], flags=0x0
07-05 23:39:24.053 D/PowerManagerNotifier( 1733): onWakeLockReleased: flags=1, tag="NetworkStats", packageName=android, ownerUid=1000, ownerPid=1733, workSource=null
07-05 23:39:24.053 D/NtpTrustedTime( 1733): currentTimeMillis() cache hit
07-05 23:39:24.053 D/NtpTrustedTime( 1733): currentTimeMillis() cache hit
07-05 23:39:24.054 I/NetflixMonitorService( 1733): current fgapk : com.hisense.hicloud.edca
07-05 23:39:24.054 I/NetflixMonitorService( 1733): Netflix status unchanged
07-05 23:39:24.060 I/MyFragmentStateAdapter( 5431): getCount
07-05 23:39:24.083 I/MyFragmentStateAdapter( 5431): getCount
07-05 23:39:24.106 I/MyFragmentStateAdapter( 5431): getCount
07-05 23:39:24.109 I/TVMW@HsTvSetting( 1234): Trace cmd, data = 0x1058
07-05 23:39:24.109 D/til@system( 2026): til_get_system_param option:100002F int:0, bool:0, ret:0
07-05 23:39:24.110 I/TVMW@HsTvSetting( 1234): Trace cmd, data = 0x101f
07-05 23:39:24.110 D/til@system( 2026): til_get_system_param option:100001D int:3, bool:3, ret:0
07-05 23:39:24.110 E/til     ( 2026): [til_get_current_input_source, 101] 
07-05 23:39:24.110 I/TVMW@HsTvSetting( 1234): Trace cmd, data = 0x7007
07-05 23:39:24.110 I/tilwrapper@sm( 2026): HS2TIL_SourceType *hs=0xd, *til=0x900
07-05 23:39:24.110 D/til     ( 2026): get current source 2304
07-05 23:39:24.110 D/SourceRemoteServiceHandler( 2026): getCurrentInputSource.from.til.result is 0, value is 2304
07-05 23:39:24.110 D/SourceRemoteServiceHandler( 2026): getInputSourceType source: 0x900, type=2304
07-05 23:39:24.110 D/til     ( 2026): ###### func:til_get_picture_param option:0x3000006 ######  
07-05 23:39:24.110 I/TVMW@HsTvSetting( 1234): Trace cmd, data = 0x1003
07-05 23:39:24.111 I/TVMW@HsTvSetting( 1234): Trace cmd, data = 0x8032
07-05 23:39:24.111 I/hstvos  ( 1216): [0m[1;33m[HSHAL][HS_VIDEO][HS_HAL_Video_SetOsdDetect_v2][2389]u16Threshold = 20
07-05 23:39:24.111 E/TVMW@videoctrl( 1234):  getOsd is 1
07-05 23:39:24.111 I/MiSysSrv( 1214): Not support now! 42, change to mm_video!!!
07-05 23:39:24.112 D/til@system( 2026): til_get_system_param option:1000027 int:1, bool:1, ret:0
07-05 23:39:24.112 D/til     ( 2026): ###### func:til_get_picture_param option:0x3000045 ######  
07-05 23:39:24.112 I/TVMW@HsTvSetting( 1234): Trace cmd, data = 0x300c
07-05 23:39:24.112 I/TVMW@HsTvSetting( 1234): Trace 3d, data = 0x300c
07-05 23:39:24.112 I/TVMW@3d ( 1234): Hs_debug3d_trace: func:get3dStatus, line:109
07-05 23:39:24.131 I/MyFragmentStateAdapter( 5431): getCount
07-05 23:39:24.155 I/MyFragmentStateAdapter( 5431): getCount
07-05 23:39:24.178 I/MyFragmentStateAdapter( 5431): getCount
07-05 23:39:24.207 I/MyFragmentStateAdapter( 5431): getCount
07-05 23:39:24.229 I/MyFragmentStateAdapter( 5431): getCount
07-05 23:39:24.254 I/MyFragmentStateAdapter( 5431): getCount
07-05 23:39:24.275 I/MyFragmentStateAdapter( 5431): getCount
07-05 23:39:24.298 I/MyFragmentStateAdapter( 5431): getCount
07-05 23:39:24.327 I/MyFragmentStateAdapter( 5431): getCount
07-05 23:39:24.356 I/MyFragmentStateAdapter( 5431): getCount
07-05 23:39:24.363 D/DtvSourcePlugin-DVBC(15961): Setting the EPG Updater state to: WAIT
07-05 23:39:24.383 I/TVMW@devctrl( 1234): wdt
07-05 23:39:24.389 I/MyFragmentStateAdapter( 5431): getCount
07-05 23:39:24.410 I/MyFragmentStateAdapter( 5431): getCount
07-05 23:39:24.434 I/MyFragmentStateAdapter( 5431): getCount
07-05 23:39:24.457 I/MyFragmentStateAdapter( 5431): getCount
07-05 23:39:24.482 I/MyFragmentStateAdapter( 5431): getCount
07-05 23:39:24.506 I/MyFragmentStateAdapter( 5431): getCount
07-05 23:39:24.534 I/MyFragmentStateAdapter( 5431): getCount
07-05 23:39:24.557 I/MyFragmentStateAdapter( 5431): getCount
07-05 23:39:24.578 I/MyFragmentStateAdapter( 5431): getCount
07-05 23:39:24.602 I/MyFragmentStateAdapter( 5431): getCount
07-05 23:39:24.613 I/TVMW@HsTvSetting( 1234): Trace cmd, data = 0x1058
07-05 23:39:24.614 D/til@system( 2026): til_get_system_param option:100002F int:0, bool:0, ret:0
07-05 23:39:24.614 I/TVMW@HsTvSetting( 1234): Trace cmd, data = 0x101f
07-05 23:39:24.614 D/til@system( 2026): til_get_system_param option:100001D int:3, bool:3, ret:0
07-05 23:39:24.614 E/til     ( 2026): [til_get_current_input_source, 101] 
07-05 23:39:24.614 I/TVMW@HsTvSetting( 1234): Trace cmd, data = 0x7007
07-05 23:39:24.614 I/tilwrapper@sm( 2026): HS2TIL_SourceType *hs=0xd, *til=0x900
07-05 23:39:24.614 D/til     ( 2026): get current source 2304
07-05 23:39:24.614 D/SourceRemoteServiceHandler( 2026): getCurrentInputSource.from.til.result is 0, value is 2304
07-05 23:39:24.615 D/SourceRemoteServiceHandler( 2026): getInputSourceType source: 0x900, type=2304
07-05 23:39:24.615 D/til     ( 2026): ###### func:til_get_picture_param option:0x3000006 ######  
07-05 23:39:24.615 I/TVMW@HsTvSetting( 1234): Trace cmd, data = 0x1003
07-05 23:39:24.615 I/TVMW@HsTvSetting( 1234): Trace cmd, data = 0x8032
07-05 23:39:24.615 I/hstvos  ( 1216): [0m[1;33m[HSHAL][HS_VIDEO][HS_HAL_Video_SetOsdDetect_v2][2389]u16Threshold = 20
07-05 23:39:24.616 I/MiSysSrv( 1214): Not support now! 42, change to mm_video!!!
07-05 23:39:24.616 E/TVMW@videoctrl( 1234):  getOsd is 1
07-05 23:39:24.617 D/til@system( 2026): til_get_system_param option:1000027 int:1, bool:1, ret:0
07-05 23:39:24.618 D/til     ( 2026): ###### func:til_get_picture_param option:0x3000045 ######  
07-05 23:39:24.618 I/TVMW@HsTvSetting( 1234): Trace cmd, data = 0x300c
07-05 23:39:24.618 I/TVMW@HsTvSetting( 1234): Trace 3d, data = 0x300c
07-05 23:39:24.618 I/TVMW@3d ( 1234): Hs_debug3d_trace: func:get3dStatus, line:109
07-05 23:39:24.626 I/MyFragmentStateAdapter( 5431): getCount
07-05 23:39:24.626 D/MC_MEMORY(16055): max: 256.261888 Mb, heap: 10.10779 Mb, allocated: 10.10471 Mb, free: 0.308 Mb, native heap: 12.12276 Mb, native allocated: 8.8396 Mb, native free: 3.3880 Mb
07-05 23:39:24.650 I/MyFragmentStateAdapter( 5431): getCount
07-05 23:39:24.674 I/MyFragmentStateAdapter( 5431): getCount
07-05 23:39:24.697 I/MyFragmentStateAdapter( 5431): getCount
07-05 23:39:24.725 I/MyFragmentStateAdapter( 5431): getCount
07-05 23:39:24.745 I/MyFragmentStateAdapter( 5431): getCount
07-05 23:39:24.766 I/MyFragmentStateAdapter( 5431): getCount
07-05 23:39:24.791 I/MyFragmentStateAdapter( 5431): getCount
07-05 23:39:24.813 I/MyFragmentStateAdapter( 5431): getCount
07-05 23:39:24.836 I/MyFragmentStateAdapter( 5431): getCount
07-05 23:39:24.858 I/MyFragmentStateAdapter( 5431): getCount
07-05 23:39:24.880 I/MyFragmentStateAdapter( 5431): getCount
07-05 23:39:24.882 D/PowerManagerService( 1733): acquireWakeLockInternal: lock=113832109, flags=0x1, tag="NetworkStats", ws=null, uid=1000, pid=1733
07-05 23:39:24.882 D/PowerManagerNotifier( 1733): onWakeLockAcquired: flags=1, tag="NetworkStats", packageName=android, ownerUid=1000, ownerPid=1733, workSource=null
07-05 23:39:24.882 D/NtpTrustedTime( 1733): currentTimeMillis() cache hit
07-05 23:39:24.894 D/NtpTrustedTime( 1733): currentTimeMillis() cache hit
07-05 23:39:24.897 D/NtpTrustedTime( 1733): currentTimeMillis() cache hit
07-05 23:39:24.897 D/NtpTrustedTime( 1733): currentTimeMillis() cache hit
07-05 23:39:24.897 D/PowerManagerService( 1733): releaseWakeLockInternal: lock=113832109 [NetworkStats], flags=0x0
07-05 23:39:24.897 D/PowerManagerNotifier( 1733): onWakeLockReleased: flags=1, tag="NetworkStats", packageName=android, ownerUid=1000, ownerPid=1733, workSource=null
07-05 23:39:24.908 I/MyFragmentStateAdapter( 5431): getCount
07-05 23:39:24.935 I/MyFragmentStateAdapter( 5431): getCount
07-05 23:39:24.965 I/MyFragmentStateAdapter( 5431): getCount
07-05 23:39:24.994 I/MyFragmentStateAdapter( 5431): getCount
07-05 23:39:25.016 I/MyFragmentStateAdapter( 5431): getCount
07-05 23:39:25.038 I/MyFragmentStateAdapter( 5431): getCount
07-05 23:39:25.055 I/NetflixMonitorService( 1733): current fgapk : com.hisense.hicloud.edca
07-05 23:39:25.055 I/NetflixMonitorService( 1733): Netflix status unchanged
07-05 23:39:25.066 I/MyFragmentStateAdapter( 5431): getCount
07-05 23:39:25.094 I/MyFragmentStateAdapter( 5431): getCount
07-05 23:39:25.119 I/TVMW@HsTvSetting( 1234): Trace cmd, data = 0x1058
07-05 23:39:25.119 D/til@system( 2026): til_get_system_param option:100002F int:0, bool:0, ret:0
07-05 23:39:25.119 I/TVMW@HsTvSetting( 1234): Trace cmd, data = 0x101f
07-05 23:39:25.119 D/til@system( 2026): til_get_system_param option:100001D int:3, bool:3, ret:0
07-05 23:39:25.119 E/til     ( 2026): [til_get_current_input_source, 101] 
07-05 23:39:25.119 I/TVMW@HsTvSetting( 1234): Trace cmd, data = 0x7007
07-05 23:39:25.120 I/tilwrapper@sm( 2026): HS2TIL_SourceType *hs=0xd, *til=0x900
07-05 23:39:25.120 D/til     ( 2026): get current source 2304
07-05 23:39:25.120 D/SourceRemoteServiceHandler( 2026): getCurrentInputSource.from.til.result is 0, value is 2304
07-05 23:39:25.120 D/SourceRemoteServiceHandler( 2026): getInputSourceType source: 0x900, type=2304
07-05 23:39:25.120 D/til     ( 2026): ###### func:til_get_picture_param option:0x3000006 ######  
07-05 23:39:25.120 I/TVMW@HsTvSetting( 1234): Trace cmd, data = 0x1003
07-05 23:39:25.120 I/TVMW@HsTvSetting( 1234): Trace cmd, data = 0x8032
07-05 23:39:25.121 I/hstvos  ( 1216): [0m[1;33m[HSHAL][HS_VIDEO][HS_HAL_Video_SetOsdDetect_v2][2389]u16Threshold = 20
07-05 23:39:25.121 I/MiSysSrv( 1214): Not support now! 42, change to mm_video!!!
07-05 23:39:25.121 E/TVMW@videoctrl( 1234):  getOsd is 1
07-05 23:39:25.121 D/til@system( 2026): til_get_system_param option:1000027 int:1, bool:1, ret:0
07-05 23:39:25.121 D/til     ( 2026): ###### func:til_get_picture_param option:0x3000045 ######  
07-05 23:39:25.121 I/TVMW@HsTvSetting( 1234): Trace cmd, data = 0x300c
07-05 23:39:25.121 I/TVMW@HsTvSetting( 1234): Trace 3d, data = 0x300c
07-05 23:39:25.121 I/TVMW@3d ( 1234): Hs_debug3d_trace: func:get3dStatus, line:109
07-05 23:39:25.124 I/MyFragmentStateAdapter( 5431): getCount
07-05 23:39:25.154 I/MyFragmentStateAdapter( 5431): getCount
07-05 23:39:25.181 I/MyFragmentStateAdapter( 5431): getCount
07-05 23:39:25.204 I/MyFragmentStateAdapter( 5431): getCount
07-05 23:39:25.225 I/MyFragmentStateAdapter( 5431): getCount
07-05 23:39:25.250 I/MyFragmentStateAdapter( 5431): getCount
07-05 23:39:25.273 I/MyFragmentStateAdapter( 5431): getCount
07-05 23:39:25.283 I/TVMW@devctrl( 1234): wdt
07-05 23:39:25.296 I/MyFragmentStateAdapter( 5431): getCount
07-05 23:39:25.325 I/MyFragmentStateAdapter( 5431): getCount
07-05 23:39:25.349 I/MyFragmentStateAdapter( 5431): getCount
07-05 23:39:25.369 I/MyFragmentStateAdapter( 5431): getCount
07-05 23:39:25.390 I/MyFragmentStateAdapter( 5431): getCount
07-05 23:39:25.415 I/MyFragmentStateAdapter( 5431): getCount
07-05 23:39:25.440 I/MyFragmentStateAdapter( 5431): getCount
07-05 23:39:25.464 I/MyFragmentStateAdapter( 5431): getCount
07-05 23:39:25.488 I/MyFragmentStateAdapter( 5431): getCount
07-05 23:39:25.509 I/MyFragmentStateAdapter( 5431): getCount
07-05 23:39:25.529 I/MyFragmentStateAdapter( 5431): getCount
07-05 23:39:25.555 I/MyFragmentStateAdapter( 5431): getCount
07-05 23:39:25.584 I/MyFragmentStateAdapter( 5431): getCount
07-05 23:39:25.605 I/MyFragmentStateAdapter( 5431): getCount
07-05 23:39:25.624 I/TVMW@HsTvSetting( 1234): Trace cmd, data = 0x1058
07-05 23:39:25.624 D/til@system( 2026): til_get_system_param option:100002F int:0, bool:0, ret:0
07-05 23:39:25.624 I/TVMW@HsTvSetting( 1234): Trace cmd, data = 0x101f
07-05 23:39:25.625 D/til@system( 2026): til_get_system_param option:100001D int:3, bool:3, ret:0
07-05 23:39:25.625 E/til     ( 2026): [til_get_current_input_source, 101] 
07-05 23:39:25.625 I/TVMW@HsTvSetting( 1234): Trace cmd, data = 0x7007
07-05 23:39:25.625 I/tilwrapper@sm( 2026): HS2TIL_SourceType *hs=0xd, *til=0x900
07-05 23:39:25.625 D/til     ( 2026): get current source 2304
07-05 23:39:25.625 D/SourceRemoteServiceHandler( 2026): getCurrentInputSource.from.til.result is 0, value is 2304
07-05 23:39:25.625 D/SourceRemoteServiceHandler( 2026): getInputSourceType source: 0x900, type=2304
07-05 23:39:25.625 D/til     ( 2026): ###### func:til_get_picture_param option:0x3000006 ######  
07-05 23:39:25.625 I/TVMW@HsTvSetting( 1234): Trace cmd, data = 0x1003
07-05 23:39:25.626 I/TVMW@HsTvSetting( 1234): Trace cmd, data = 0x8032
07-05 23:39:25.626 I/hstvos  ( 1216): [0m[1;33m[HSHAL][HS_VIDEO][HS_HAL_Video_SetOsdDetect_v2][2389]u16Threshold = 20
07-05 23:39:25.627 I/MiSysSrv( 1214): Not support now! 42, change to mm_video!!!
07-05 23:39:25.627 E/TVMW@videoctrl( 1234):  getOsd is 1
07-05 23:39:25.627 D/til@system( 2026): til_get_system_param option:1000027 int:1, bool:1, ret:0
07-05 23:39:25.628 D/til     ( 2026): ###### func:til_get_picture_param option:0x3000045 ######  
07-05 23:39:25.628 I/TVMW@HsTvSetting( 1234): Trace cmd, data = 0x300c
07-05 23:39:25.628 I/TVMW@HsTvSetting( 1234): Trace 3d, data = 0x300c
07-05 23:39:25.628 I/TVMW@3d ( 1234): Hs_debug3d_trace: func:get3dStatus, line:109
07-05 23:39:25.630 I/MyFragmentStateAdapter( 5431): getCount
07-05 23:39:25.666 I/MyFragmentStateAdapter( 5431): getCount
07-05 23:39:25.695 I/MyFragmentStateAdapter( 5431): getCount
07-05 23:39:25.721 I/MyFragmentStateAdapter( 5431): getCount
07-05 23:39:25.722 D/PowerManagerService( 1733): acquireWakeLockInternal: lock=113832109, flags=0x1, tag="NetworkStats", ws=null, uid=1000, pid=1733
07-05 23:39:25.722 D/PowerManagerNotifier( 1733): onWakeLockAcquired: flags=1, tag="NetworkStats", packageName=android, ownerUid=1000, ownerPid=1733, workSource=null
07-05 23:39:25.722 D/NtpTrustedTime( 1733): currentTimeMillis() cache hit
07-05 23:39:25.728 D/NtpTrustedTime( 1733): currentTimeMillis() cache hit
07-05 23:39:25.746 D/PowerManagerService( 1733): releaseWakeLockInternal: lock=113832109 [NetworkStats], flags=0x0
07-05 23:39:25.746 D/PowerManagerNotifier( 1733): onWakeLockReleased: flags=1, tag="NetworkStats", packageName=android, ownerUid=1000, ownerPid=1733, workSource=null
07-05 23:39:25.747 D/NtpTrustedTime( 1733): currentTimeMillis() cache hit
07-05 23:39:25.747 D/NtpTrustedTime( 1733): currentTimeMillis() cache hit
07-05 23:39:25.749 I/MyFragmentStateAdapter( 5431): getCount
07-05 23:39:25.778 I/MyFragmentStateAdapter( 5431): getCount
07-05 23:39:25.813 I/MyFragmentStateAdapter( 5431): getCount
07-05 23:39:25.840 I/MyFragmentStateAdapter( 5431): getCount
07-05 23:39:25.873 I/MyFragmentStateAdapter( 5431): getCount
07-05 23:39:25.896 I/MyFragmentStateAdapter( 5431): getCount
07-05 23:39:25.922 I/MyFragmentStateAdapter( 5431): getCount
07-05 23:39:25.947 I/MyFragmentStateAdapter( 5431): getCount
07-05 23:39:25.976 I/MyFragmentStateAdapter( 5431): getCount
07-05 23:39:25.995 I/MyFragmentStateAdapter( 5431): getCount
07-05 23:39:26.016 I/MyFragmentStateAdapter( 5431): getCount
07-05 23:39:26.037 I/MyFragmentStateAdapter( 5431): getCount
07-05 23:39:26.056 I/NetflixMonitorService( 1733): current fgapk : com.hisense.hicloud.edca
07-05 23:39:26.056 I/NetflixMonitorService( 1733): Netflix status unchanged
07-05 23:39:26.061 I/MyFragmentStateAdapter( 5431): getCount
07-05 23:39:26.086 I/MyFragmentStateAdapter( 5431): getCount
07-05 23:39:26.109 I/MyFragmentStateAdapter( 5431): getCount
07-05 23:39:26.130 I/TVMW@HsTvSetting( 1234): Trace cmd, data = 0x1058
07-05 23:39:26.130 D/til@system( 2026): til_get_system_param option:100002F int:0, bool:0, ret:0
07-05 23:39:26.131 I/TVMW@HsTvSetting( 1234): Trace cmd, data = 0x101f
07-05 23:39:26.133 D/til@system( 2026): til_get_system_param option:100001D int:3, bool:3, ret:0
07-05 23:39:26.133 E/til     ( 2026): [til_get_current_input_source, 101] 
07-05 23:39:26.134 I/TVMW@HsTvSetting( 1234): Trace cmd, data = 0x7007
07-05 23:39:26.134 I/tilwrapper@sm( 2026): HS2TIL_SourceType *hs=0xd, *til=0x900
07-05 23:39:26.134 D/til     ( 2026): get current source 2304
07-05 23:39:26.134 D/SourceRemoteServiceHandler( 2026): getCurrentInputSource.from.til.result is 0, value is 2304
07-05 23:39:26.134 D/SourceRemoteServiceHandler( 2026): getInputSourceType source: 0x900, type=2304
07-05 23:39:26.134 D/til     ( 2026): ###### func:til_get_picture_param option:0x3000006 ######  
07-05 23:39:26.134 I/MyFragmentStateAdapter( 5431): getCount
07-05 23:39:26.134 I/TVMW@HsTvSetting( 1234): Trace cmd, data = 0x1003
07-05 23:39:26.135 I/TVMW@HsTvSetting( 1234): Trace cmd, data = 0x8032
07-05 23:39:26.135 I/hstvos  ( 1216): [0m[1;33m[HSHAL][HS_VIDEO][HS_HAL_Video_SetOsdDetect_v2][2389]u16Threshold = 20
07-05 23:39:26.136 I/MiSysSrv( 1214): Not support now! 42, change to mm_video!!!
07-05 23:39:26.136 E/TVMW@videoctrl( 1234):  getOsd is 1
07-05 23:39:26.136 D/til@system( 2026): til_get_system_param option:1000027 int:1, bool:1, ret:0
07-05 23:39:26.136 D/til     ( 2026): ###### func:til_get_picture_param option:0x3000045 ######  
07-05 23:39:26.136 I/TVMW@HsTvSetting( 1234): Trace cmd, data = 0x300c
07-05 23:39:26.136 I/TVMW@HsTvSetting( 1234): Trace 3d, data = 0x300c
07-05 23:39:26.136 I/TVMW@3d ( 1234): Hs_debug3d_trace: func:get3dStatus, line:109
07-05 23:39:26.170 I/MyFragmentStateAdapter( 5431): getCount
07-05 23:39:26.183 I/TVMW@devctrl( 1234): wdt
07-05 23:39:26.200 I/MyFragmentStateAdapter( 5431): getCount
07-05 23:39:26.224 I/MyFragmentStateAdapter( 5431): getCount
07-05 23:39:26.245 I/MyFragmentStateAdapter( 5431): getCount
07-05 23:39:26.267 I/MyFragmentStateAdapter( 5431): getCount
07-05 23:39:26.291 I/MyFragmentStateAdapter( 5431): getCount
07-05 23:39:26.314 I/MyFragmentStateAdapter( 5431): getCount
07-05 23:39:26.334 I/MyFragmentStateAdapter( 5431): getCount
07-05 23:39:26.357 I/MyFragmentStateAdapter( 5431): getCount
07-05 23:39:26.379 I/MyFragmentStateAdapter( 5431): getCount
07-05 23:39:26.399 V/HotPlugDetectionAction( 1733): Poll all devices.
07-05 23:39:26.402 I/MyFragmentStateAdapter( 5431): getCount
07-05 23:39:26.430 I/MyFragmentStateAdapter( 5431): getCount
07-05 23:39:26.456 I/MyFragmentStateAdapter( 5431): getCount
07-05 23:39:26.480 I/MyFragmentStateAdapter( 5431): getCount
07-05 23:39:26.508 I/MyFragmentStateAdapter( 5431): getCount
07-05 23:39:26.530 I/MyFragmentStateAdapter( 5431): getCount
07-05 23:39:26.566 I/MyFragmentStateAdapter( 5431): getCount
07-05 23:39:26.573 D/PowerManagerService( 1733): acquireWakeLockInternal: lock=113832109, flags=0x1, tag="NetworkStats", ws=null, uid=1000, pid=1733
07-05 23:39:26.573 D/PowerManagerNotifier( 1733): onWakeLockAcquired: flags=1, tag="NetworkStats", packageName=android, ownerUid=1000, ownerPid=1733, workSource=null
07-05 23:39:26.573 D/NtpTrustedTime( 1733): currentTimeMillis() cache hit
07-05 23:39:26.583 D/NtpTrustedTime( 1733): currentTimeMillis() cache hit
07-05 23:39:26.584 D/PowerManagerService( 1733): releaseWakeLockInternal: lock=113832109 [NetworkStats], flags=0x0
07-05 23:39:26.584 D/PowerManagerNotifier( 1733): onWakeLockReleased: flags=1, tag="NetworkStats", packageName=android, ownerUid=1000, ownerPid=1733, workSource=null
07-05 23:39:26.584 D/NtpTrustedTime( 1733): currentTimeMillis() cache hit
07-05 23:39:26.584 D/NtpTrustedTime( 1733): currentTimeMillis() cache hit
07-05 23:39:26.597 I/MyFragmentStateAdapter( 5431): getCount
07-05 23:39:26.626 I/MyFragmentStateAdapter( 5431): getCount
07-05 23:39:26.639 I/TVMW@HsTvSetting( 1234): Trace cmd, data = 0x1058
07-05 23:39:26.642 D/til@system( 2026): til_get_system_param option:100002F int:0, bool:0, ret:0
07-05 23:39:26.643 I/TVMW@HsTvSetting( 1234): Trace cmd, data = 0x101f
07-05 23:39:26.643 D/til@system( 2026): til_get_system_param option:100001D int:3, bool:3, ret:0
07-05 23:39:26.643 E/til     ( 2026): [til_get_current_input_source, 101] 
07-05 23:39:26.646 I/TVMW@HsTvSetting( 1234): Trace cmd, data = 0x7007
07-05 23:39:26.646 I/tilwrapper@sm( 2026): HS2TIL_SourceType *hs=0xd, *til=0x900
07-05 23:39:26.646 D/til     ( 2026): get current source 2304
07-05 23:39:26.646 D/SourceRemoteServiceHandler( 2026): getCurrentInputSource.from.til.result is 0, value is 2304
07-05 23:39:26.646 D/SourceRemoteServiceHandler( 2026): getInputSourceType source: 0x900, type=2304
07-05 23:39:26.646 D/til     ( 2026): ###### func:til_get_picture_param option:0x3000006 ######  
07-05 23:39:26.647 I/TVMW@HsTvSetting( 1234): Trace cmd, data = 0x1003
07-05 23:39:26.648 I/TVMW@HsTvSetting( 1234): Trace cmd, data = 0x8032
07-05 23:39:26.649 I/MiSysSrv( 1214): Not support now! 42, change to mm_video!!!
07-05 23:39:26.649 I/hstvos  ( 1216): [0m[1;33m[HSHAL][HS_VIDEO][HS_HAL_Video_SetOsdDetect_v2][2389]u16Threshold = 20
07-05 23:39:26.650 E/TVMW@videoctrl( 1234):  getOsd is 1
07-05 23:39:26.651 D/til@system( 2026): til_get_system_param option:1000027 int:1, bool:1, ret:0
07-05 23:39:26.651 D/til     ( 2026): ###### func:til_get_picture_param option:0x3000045 ######  
07-05 23:39:26.651 I/TVMW@HsTvSetting( 1234): Trace cmd, data = 0x300c
07-05 23:39:26.651 I/TVMW@HsTvSetting( 1234): Trace 3d, data = 0x300c
07-05 23:39:26.651 I/TVMW@3d ( 1234): Hs_debug3d_trace: func:get3dStatus, line:109
07-05 23:39:26.653 I/MyFragmentStateAdapter( 5431): getCount
07-05 23:39:26.679 I/MyFragmentStateAdapter( 5431): getCount
07-05 23:39:26.704 I/MyFragmentStateAdapter( 5431): getCount
07-05 23:39:26.725 I/MyFragmentStateAdapter( 5431): getCount
07-05 23:39:26.747 I/MyFragmentStateAdapter( 5431): getCount
07-05 23:39:26.772 I/MyFragmentStateAdapter( 5431): getCount
07-05 23:39:26.794 I/MyFragmentStateAdapter( 5431): getCount
07-05 23:39:26.816 I/MyFragmentStateAdapter( 5431): getCount
07-05 23:39:26.822 E/HDMI_CEC( 1733): Send Message TO[5] 
07-05 23:39:26.822 E/HDMI_CEC( 1733): OP[0], <Feature Abort> 
07-05 23:39:26.822 E/HDMI_CEC( 1733): ========
07-05 23:39:26.840 I/MyFragmentStateAdapter( 5431): getCount
07-05 23:39:26.865 I/MyFragmentStateAdapter( 5431): getCount
07-05 23:39:26.891 I/MyFragmentStateAdapter( 5431): getCount
07-05 23:39:26.893 E/HDMI_CEC( 1733): MI_CEC_SendTxPolling, ErrCode[4] 
07-05 23:39:26.913 I/MyFragmentStateAdapter( 5431): getCount
07-05 23:39:26.927 E/HDMI_CEC( 1733): Sending message can't be response. 
07-05 23:39:26.945 I/MyFragmentStateAdapter( 5431): getCount
07-05 23:39:26.977 I/MyFragmentStateAdapter( 5431): getCount
07-05 23:39:27.002 I/MyFragmentStateAdapter( 5431): getCount
07-05 23:39:27.024 I/MyFragmentStateAdapter( 5431): getCount
07-05 23:39:27.050 I/MyFragmentStateAdapter( 5431): getCount
07-05 23:39:27.057 I/NetflixMonitorService( 1733): current fgapk : com.hisense.hicloud.edca
07-05 23:39:27.057 I/NetflixMonitorService( 1733): Netflix status unchanged
07-05 23:39:27.073 D/MyLocalStartService(16899): currentName is :com.hisense.hicloud.edca
07-05 23:39:27.076 I/MyFragmentStateAdapter( 5431): getCount
07-05 23:39:27.094 I/TVMW@devctrl( 1234): wdt
07-05 23:39:27.113 I/MyFragmentStateAdapter( 5431): getCount
07-05 23:39:27.144 I/MyFragmentStateAdapter( 5431): getCount
07-05 23:39:27.152 I/TVMW@HsTvSetting( 1234): Trace cmd, data = 0x1058
07-05 23:39:27.152 D/til@system( 2026): til_get_system_param option:100002F int:0, bool:0, ret:0
07-05 23:39:27.152 I/TVMW@HsTvSetting( 1234): Trace cmd, data = 0x101f
07-05 23:39:27.153 D/til@system( 2026): til_get_system_param option:100001D int:3, bool:3, ret:0
07-05 23:39:27.153 E/til     ( 2026): [til_get_current_input_source, 101] 
07-05 23:39:27.153 I/TVMW@HsTvSetting( 1234): Trace cmd, data = 0x7007
07-05 23:39:27.153 I/tilwrapper@sm( 2026): HS2TIL_SourceType *hs=0xd, *til=0x900
07-05 23:39:27.153 D/til     ( 2026): get current source 2304
07-05 23:39:27.153 D/SourceRemoteServiceHandler( 2026): getCurrentInputSource.from.til.result is 0, value is 2304
07-05 23:39:27.153 D/SourceRemoteServiceHandler( 2026): getInputSourceType source: 0x900, type=2304
07-05 23:39:27.154 D/til     ( 2026): ###### func:til_get_picture_param option:0x3000006 ######  
07-05 23:39:27.154 I/TVMW@HsTvSetting( 1234): Trace cmd, data = 0x1003
07-05 23:39:27.154 I/TVMW@HsTvSetting( 1234): Trace cmd, data = 0x8032
07-05 23:39:27.154 I/hstvos  ( 1216): [0m[1;33m[HSHAL][HS_VIDEO][HS_HAL_Video_SetOsdDetect_v2][2389]u16Threshold = 20
07-05 23:39:27.155 I/MiSysSrv( 1214): Not support now! 42, change to mm_video!!!
07-05 23:39:27.155 E/TVMW@videoctrl( 1234):  getOsd is 1
07-05 23:39:27.156 D/til@system( 2026): til_get_system_param option:1000027 int:1, bool:1, ret:0
07-05 23:39:27.156 D/til     ( 2026): ###### func:til_get_picture_param option:0x3000045 ######  
07-05 23:39:27.156 I/TVMW@HsTvSetting( 1234): Trace cmd, data = 0x300c
07-05 23:39:27.156 I/TVMW@HsTvSetting( 1234): Trace 3d, data = 0x300c
07-05 23:39:27.156 I/TVMW@3d ( 1234): Hs_debug3d_trace: func:get3dStatus, line:109
07-05 23:39:27.174 I/MiSysSrv( 1214): [37m[INFO] Change to Voltage: 117 mv (0x32)[m
07-05 23:39:27.180 I/MyFragmentStateAdapter( 5431): getCount
07-05 23:39:27.205 I/MyFragmentStateAdapter( 5431): getCount
07-05 23:39:27.225 I/MyFragmentStateAdapter( 5431): getCount
07-05 23:39:27.242 I/MyFragmentStateAdapter( 5431): getCount
07-05 23:39:27.266 I/MyFragmentStateAdapter( 5431): getCount
07-05 23:39:27.272 I/MiSysSrv( 1214): [37m[INFO] Change to Voltage: 117 mv (0x32)[m
07-05 23:39:27.294 I/MyFragmentStateAdapter( 5431): getCount
07-05 23:39:27.317 I/MyFragmentStateAdapter( 5431): getCount
07-05 23:39:27.338 I/MyFragmentStateAdapter( 5431): getCount
07-05 23:39:27.357 I/MyFragmentStateAdapter( 5431): getCount
07-05 23:39:27.368 D/DtvSourcePlugin-DVBC(15961): Setting the EPG Updater state to: WAIT
07-05 23:39:27.372 I/MiSysSrv( 1214): [37m[INFO] Change to Voltage: 112 mv (0x2D)[m
07-05 23:39:27.377 I/MyFragmentStateAdapter( 5431): getCount
07-05 23:39:27.403 I/MyFragmentStateAdapter( 5431): getCount
07-05 23:39:27.412 D/PowerManagerService( 1733): acquireWakeLockInternal: lock=113832109, flags=0x1, tag="NetworkStats", ws=null, uid=1000, pid=1733
07-05 23:39:27.412 D/PowerManagerNotifier( 1733): onWakeLockAcquired: flags=1, tag="NetworkStats", packageName=android, ownerUid=1000, ownerPid=1733, workSource=null
07-05 23:39:27.412 D/NtpTrustedTime( 1733): currentTimeMillis() cache hit
07-05 23:39:27.424 D/NtpTrustedTime( 1733): currentTimeMillis() cache hit
07-05 23:39:27.427 D/NtpTrustedTime( 1733): currentTimeMillis() cache hit
07-05 23:39:27.427 D/NtpTrustedTime( 1733): currentTimeMillis() cache hit
07-05 23:39:27.427 D/PowerManagerService( 1733): releaseWakeLockInternal: lock=113832109 [NetworkStats], flags=0x0
07-05 23:39:27.428 D/PowerManagerNotifier( 1733): onWakeLockReleased: flags=1, tag="NetworkStats", packageName=android, ownerUid=1000, ownerPid=1733, workSource=null
07-05 23:39:27.431 I/MyFragmentStateAdapter( 5431): getCount
07-05 23:39:27.454 I/MyFragmentStateAdapter( 5431): getCount
07-05 23:39:27.470 I/MiSysSrv( 1214): [37m[INFO] Change to Voltage: 102 mv (0x23)[m
07-05 23:39:27.486 I/MyFragmentStateAdapter( 5431): getCount
07-05 23:39:27.512 I/MyFragmentStateAdapter( 5431): getCount
07-05 23:39:27.534 I/MyFragmentStateAdapter( 5431): getCount
07-05 23:39:27.554 I/MyFragmentStateAdapter( 5431): getCount
07-05 23:39:27.570 I/MiSysSrv( 1214): [37m[INFO] Change to Voltage: 102 mv (0x23)[m
07-05 23:39:27.575 I/MyFragmentStateAdapter( 5431): getCount
07-05 23:39:27.597 I/MyFragmentStateAdapter( 5431): getCount
07-05 23:39:27.621 I/MyFragmentStateAdapter( 5431): getCount
07-05 23:39:27.644 I/MyFragmentStateAdapter( 5431): getCount
07-05 23:39:27.657 I/TVMW@HsTvSetting( 1234): Trace cmd, data = 0x1058
07-05 23:39:27.658 D/til@system( 2026): til_get_system_param option:100002F int:0, bool:0, ret:0
07-05 23:39:27.658 I/TVMW@HsTvSetting( 1234): Trace cmd, data = 0x101f
07-05 23:39:27.658 D/til@system( 2026): til_get_system_param option:100001D int:3, bool:3, ret:0
07-05 23:39:27.658 E/til     ( 2026): [til_get_current_input_source, 101] 
07-05 23:39:27.660 I/TVMW@HsTvSetting( 1234): Trace cmd, data = 0x7007
07-05 23:39:27.661 I/tilwrapper@sm( 2026): HS2TIL_SourceType *hs=0xd, *til=0x900
07-05 23:39:27.661 D/til     ( 2026): get current source 2304
07-05 23:39:27.661 D/SourceRemoteServiceHandler( 2026): getCurrentInputSource.from.til.result is 0, value is 2304
07-05 23:39:27.661 D/SourceRemoteServiceHandler( 2026): getInputSourceType source: 0x900, type=2304
07-05 23:39:27.661 D/til     ( 2026): ###### func:til_get_picture_param option:0x3000006 ######  
07-05 23:39:27.661 I/TVMW@HsTvSetting( 1234): Trace cmd, data = 0x1003
07-05 23:39:27.661 I/TVMW@HsTvSetting( 1234): Trace cmd, data = 0x8032
07-05 23:39:27.662 I/hstvos  ( 1216): [0m[1;33m[HSHAL][HS_VIDEO][HS_HAL_Video_SetOsdDetect_v2][2389]u16Threshold = 20
07-05 23:39:27.662 I/MiSysSrv( 1214): Not support now! 42, change to mm_video!!!
07-05 23:39:27.662 E/TVMW@videoctrl( 1234):  getOsd is 1
07-05 23:39:27.662 D/til@system( 2026): til_get_system_param option:1000027 int:1, bool:1, ret:0
07-05 23:39:27.662 D/til     ( 2026): ###### func:til_get_picture_param option:0x3000045 ######  
07-05 23:39:27.662 I/TVMW@HsTvSetting( 1234): Trace cmd, data = 0x300c
07-05 23:39:27.662 I/TVMW@HsTvSetting( 1234): Trace 3d, data = 0x300c
07-05 23:39:27.662 I/TVMW@3d ( 1234): Hs_debug3d_trace: func:get3dStatus, line:109
07-05 23:39:27.670 I/MyFragmentStateAdapter( 5431): getCount
07-05 23:39:27.672 I/MiSysSrv( 1214): [37m[INFO] Change to Voltage: 117 mv (0x32)[m
07-05 23:39:27.692 I/MyFragmentStateAdapter( 5431): getCount
07-05 23:39:27.710 I/MyFragmentStateAdapter( 5431): getCount
07-05 23:39:27.727 I/MyFragmentStateAdapter( 5431): getCount
07-05 23:39:27.744 I/MyFragmentStateAdapter( 5431): getCount
07-05 23:39:27.763 I/MyFragmentStateAdapter( 5431): getCount
07-05 23:39:27.772 I/MiSysSrv( 1214): [37m[INFO] Change to Voltage: 112 mv (0x2D)[m
07-05 23:39:27.782 I/MyFragmentStateAdapter( 5431): getCount
07-05 23:39:27.802 I/MyFragmentStateAdapter( 5431): getCount
07-05 23:39:27.827 I/MyFragmentStateAdapter( 5431): getCount
07-05 23:39:27.852 I/MyFragmentStateAdapter( 5431): getCount
07-05 23:39:27.870 I/MiSysSrv( 1214): [37m[INFO] Change to Voltage: 102 mv (0x23)[m
07-05 23:39:27.873 I/MyFragmentStateAdapter( 5431): getCount
07-05 23:39:27.881 D/HDMI    ( 1733): [P]:AllocatedAddress=[]
07-05 23:39:27.895 I/MyFragmentStateAdapter( 5431): getCount
07-05 23:39:27.907 I/HLSP2P  (16183): ## 2017-07-05 23:39:27.907 [16183,16481,:0] INFO ## [HLSP2P][DownloadManager.cpp:35][INFO][SendHeartBeatReq]send hearbeat to 123.126.121.155:30013 ok
07-05 23:39:27.916 I/MyFragmentStateAdapter( 5431): getCount
07-05 23:39:27.931 I/HLSP2P  (16183): ## 2017-07-05 23:39:27.931 [16183,16483,:0] INFO ## [HLSP2P][DownloadManager.cpp:35][INFO][OnHeartBeatRsp]ps heartbeat rsp ok
07-05 23:39:27.942 I/MyFragmentStateAdapter( 5431): getCount
07-05 23:39:27.964 I/MyFragmentStateAdapter( 5431): getCount
07-05 23:39:27.992 I/MyFragmentStateAdapter( 5431): getCount
07-05 23:39:27.996 I/TVMW@devctrl( 1234): wdt
07-05 23:39:28.020 I/MyFragmentStateAdapter( 5431): getCount
07-05 23:39:28.038 I/UsageStatsService( 1733): User[0] Flushing usage stats to disk
07-05 23:39:28.050 I/MyFragmentStateAdapter( 5431): getCount
07-05 23:39:28.057 I/NetflixMonitorService( 1733): current fgapk : com.hisense.hicloud.edca
07-05 23:39:28.057 I/NetflixMonitorService( 1733): Netflix status unchanged
07-05 23:39:28.079 I/MyFragmentStateAdapter( 5431): getCount
07-05 23:39:28.102 I/MyFragmentStateAdapter( 5431): getCount
07-05 23:39:28.124 I/MyFragmentStateAdapter( 5431): getCount
07-05 23:39:28.148 I/MyFragmentStateAdapter( 5431): getCount
07-05 23:39:28.164 I/TVMW@HsTvSetting( 1234): Trace cmd, data = 0x1058
07-05 23:39:28.164 D/til@system( 2026): til_get_system_param option:100002F int:0, bool:0, ret:0
07-05 23:39:28.164 I/TVMW@HsTvSetting( 1234): Trace cmd, data = 0x101f
07-05 23:39:28.164 D/til@system( 2026): til_get_system_param option:100001D int:3, bool:3, ret:0
07-05 23:39:28.164 E/til     ( 2026): [til_get_current_input_source, 101] 
07-05 23:39:28.164 I/TVMW@HsTvSetting( 1234): Trace cmd, data = 0x7007
07-05 23:39:28.165 I/tilwrapper@sm( 2026): HS2TIL_SourceType *hs=0xd, *til=0x900
07-05 23:39:28.165 D/til     ( 2026): get current source 2304
07-05 23:39:28.165 D/SourceRemoteServiceHandler( 2026): getCurrentInputSource.from.til.result is 0, value is 2304
07-05 23:39:28.165 D/SourceRemoteServiceHandler( 2026): getInputSourceType source: 0x900, type=2304
07-05 23:39:28.165 D/til     ( 2026): ###### func:til_get_picture_param option:0x3000006 ######  
07-05 23:39:28.165 I/TVMW@HsTvSetting( 1234): Trace cmd, data = 0x1003
07-05 23:39:28.165 I/TVMW@HsTvSetting( 1234): Trace cmd, data = 0x8032
07-05 23:39:28.166 I/hstvos  ( 1216): [0m[1;33m[HSHAL][HS_VIDEO][HS_HAL_Video_SetOsdDetect_v2][2389]u16Threshold = 20
07-05 23:39:28.166 I/MiSysSrv( 1214): Not support now! 42, change to mm_video!!!
07-05 23:39:28.166 E/TVMW@videoctrl( 1234):  getOsd is 1
07-05 23:39:28.166 D/til@system( 2026): til_get_system_param option:1000027 int:1, bool:1, ret:0
07-05 23:39:28.166 D/til     ( 2026): ###### func:til_get_picture_param option:0x3000045 ######  
07-05 23:39:28.167 I/TVMW@HsTvSetting( 1234): Trace cmd, data = 0x300c
07-05 23:39:28.167 I/TVMW@HsTvSetting( 1234): Trace 3d, data = 0x300c
07-05 23:39:28.167 I/TVMW@3d ( 1234): Hs_debug3d_trace: func:get3dStatus, line:109
07-05 23:39:28.191 I/MyFragmentStateAdapter( 5431): getCount
07-05 23:39:28.214 I/MyFragmentStateAdapter( 5431): getCount
07-05 23:39:28.236 I/MyFragmentStateAdapter( 5431): getCount
07-05 23:39:28.251 D/PowerManagerService( 1733): acquireWakeLockInternal: lock=113832109, flags=0x1, tag="NetworkStats", ws=null, uid=1000, pid=1733
07-05 23:39:28.251 D/PowerManagerNotifier( 1733): onWakeLockAcquired: flags=1, tag="NetworkStats", packageName=android, ownerUid=1000, ownerPid=1733, workSource=null
07-05 23:39:28.251 D/NtpTrustedTime( 1733): currentTimeMillis() cache hit
07-05 23:39:28.258 D/NtpTrustedTime( 1733): currentTimeMillis() cache hit
07-05 23:39:28.261 I/MyFragmentStateAdapter( 5431): getCount
07-05 23:39:28.263 D/NtpTrustedTime( 1733): currentTimeMillis() cache hit
07-05 23:39:28.263 D/NtpTrustedTime( 1733): currentTimeMillis() cache hit
07-05 23:39:28.263 D/PowerManagerService( 1733): releaseWakeLockInternal: lock=113832109 [NetworkStats], flags=0x0
07-05 23:39:28.263 D/PowerManagerNotifier( 1733): onWakeLockReleased: flags=1, tag="NetworkStats", packageName=android, ownerUid=1000, ownerPid=1733, workSource=null
