07-05 23:45:45.375 I/MiSysSrv( 1214): [37m[INFO] Change to Voltage: 102 mv (0x23)[m
07-05 23:45:45.398 I/MyFragmentStateAdapter( 9821): getCount
07-05 23:45:45.422 I/MyFragmentStateAdapter( 9821): getCount
07-05 23:45:45.456 I/MyFragmentStateAdapter( 9821): getCount
07-05 23:45:45.486 I/MyFragmentStateAdapter( 9821): getCount
07-05 23:45:45.510 I/TVMW@HsTvSetting( 1234): Trace cmd, data = 0x1058
07-05 23:45:45.511 D/til@system( 2026): til_get_system_param option:100002F int:0, bool:0, ret:0
07-05 23:45:45.513 I/TVMW@HsTvSetting( 1234): Trace cmd, data = 0x101f
07-05 23:45:45.513 D/til@system( 2026): til_get_system_param option:100001D int:3, bool:3, ret:0
07-05 23:45:45.513 E/til     ( 2026): [til_get_current_input_source, 101] 
07-05 23:45:45.513 I/TVMW@HsTvSetting( 1234): Trace cmd, data = 0x7007
07-05 23:45:45.514 I/tilwrapper@sm( 2026): HS2TIL_SourceType *hs=0xd, *til=0x900
07-05 23:45:45.514 D/til     ( 2026): get current source 2304
07-05 23:45:45.514 D/SourceRemoteServiceHandler( 2026): getCurrentInputSource.from.til.result is 0, value is 2304
07-05 23:45:45.514 D/SourceRemoteServiceHandler( 2026): getInputSourceType source: 0x900, type=2304
07-05 23:45:45.514 D/til     ( 2026): ###### func:til_get_picture_param option:0x3000006 ######  
07-05 23:45:45.515 I/TVMW@HsTvSetting( 1234): Trace cmd, data = 0x1003
07-05 23:45:45.516 I/MyFragmentStateAdapter( 9821): getCount
07-05 23:45:45.516 I/TVMW@HsTvSetting( 1234): Trace cmd, data = 0x8032
07-05 23:45:45.517 I/hstvos  ( 1216): [0m[1;33m[HSHAL][HS_VIDEO][HS_HAL_Video_SetOsdDetect_v2][2389]u16Threshold = 20
07-05 23:45:45.517 E/TVMW@videoctrl( 1234):  getOsd is 1
07-05 23:45:45.517 D/til@system( 2026): til_get_system_param option:1000027 int:1, bool:1, ret:0
07-05 23:45:45.518 D/til     ( 2026): ###### func:til_get_picture_param option:0x3000045 ######  
07-05 23:45:45.518 I/TVMW@HsTvSetting( 1234): Trace cmd, data = 0x300c
07-05 23:45:45.518 I/TVMW@HsTvSetting( 1234): Trace 3d, data = 0x300c
07-05 23:45:45.518 I/TVMW@3d ( 1234): Hs_debug3d_trace: func:get3dStatus, line:109
07-05 23:45:45.551 I/MyFragmentStateAdapter( 9821): getCount
07-05 23:45:45.565 I/TVMW@devctrl( 1234): wdt
07-05 23:45:45.595 I/MyFragmentStateAdapter( 9821): getCount
07-05 23:45:45.603 D/MSTAR_VDEC_DBG( 1206): Stream ID: 0, Rate : 24 (E:0,D:0,S:0,F:93) 
07-05 23:45:45.625 D/GlobalInputEventMonitoringService( 1733): interceptKeyBeforeQueueing(), event:22, mNeedMonitorKeyEvent:true, mWaitForKeyUpEvent:false
07-05 23:45:45.625 D/GlobalInputEventMonitoringService( 1733): processKeyEvent(), processKeyEvent event:22
07-05 23:45:45.625 D/WindowManager( 1733): interceptKeyTq keycode=22 interactive=true keyguardActive=false policyFlags=2b000000 isCancled= false
07-05 23:45:45.628 D/PowerManagerService( 1733): userActivityNoUpdateLocked: eventTime=18387193, event=1, flags=0x0, uid=1000
07-05 23:45:45.628 D/WindowManager( 1733): interceptKeyTi keyCode=22 down=true repeatCount=0 keyguardOn=false mHomePressed=false canceled=false
07-05 23:45:45.628 D/WindowManager( 1733): Hisense systemkey event: 22
07-05 23:45:45.628 D/HisenseGlobalKeyManager( 1733): handleGlobalKey() : Global event = KeyEvent { action=ACTION_DOWN, keyCode=KEYCODE_DPAD_RIGHT, scanCode=0, metaState=0, flags=0x0, repeatCount=0, eventTime=18387193, downTime=18387193, deviceId=-1, source=0x101 }
07-05 23:45:45.666 D/SogouIME( 2203): [onKeyDown] keycode = 22 model = VIDAA_TV
07-05 23:45:45.675 I/MyFragmentStateAdapter( 9821): getCount
07-05 23:45:45.697 D/Carousel-CarouselDisplayPlayerLayout( 9821): HasFocus:false,keyCode:22
07-05 23:45:45.697 D/Carousel-CarouselDisplayPlayerLayout( 9821): isFullScreen:false
07-05 23:45:45.697 I/HomeMainActivity( 9821): carousel handle key:false
07-05 23:45:45.697 I/MainHomeView( 9821): dispatchKeyEvent ACTION_DOWN now 
07-05 23:45:45.698 I/TabView ( 9821): onKeyListener() ACTION_DOWN keyCode -- 22
07-05 23:45:45.698 I/SoftFragmentList( 9821): fetchCacheFragment  enter ---- index = 2
07-05 23:45:45.698 D/SoftFragmentList( 9821): fetchCacheFragment  mFragmentCache.size() = 3
07-05 23:45:45.698 D/SoftFragmentList( 9821): fetchCacheFragment mLastIndex = 2, view = 
07-05 23:45:45.698 I/BaseContentFragment( 9821): initChildFocustrue,recyclerview=com.hisense.leanback.widget.VerticalGridView{3427f275 VFED.... ........ 0,0-1768,1080 #7f0d02c8 app:id/recyclerview_content}====---mIsVisibleToUser:true-------
07-05 23:45:45.701 D/til@system( 2026): til_get_system_param option:1000007 int:-1936522368, bool:128, ret:0
07-05 23:45:45.702 D/til@system( 2026): til_get_system_param option:1000009 int:-1936522112, bool:128, ret:0
07-05 23:45:45.705 D/til@system( 2026): til_get_system_param option:1000008 int:-1815633792, bool:128, ret:0
07-05 23:45:45.705 D/HiSDKLogReport( 9821): getOperationDetail-productName : LED50MU8600UC
07-05 23:45:45.705 D/HiSDKLogReport( 9821): getOperationDetail-plmNumber : 88888
07-05 23:45:45.705 D/HiSDKLogReport( 9821): getOperationDetail-swVersion : V0000.00.01A
07-05 23:45:45.705 D/HiSDKLogReport( 9821): getOperationDetail-operationDetail : LED50MU8600UC0000888
07-05 23:45:45.706 D/HiSDKLogReport( 9821): businessLogReport-log : {eventType=232, APPVersionName=3.0.0.9.00, devid=86100300900000500000060a4818fca8, rowid=-1, uuid=13287129, APIversion=501, eventcode=232000, logversion=2.0, columnid=-1, devType=0, eventPos=000, groupid=-1, ChannelId=0, version=00.002.003, subscriberId=13287129, PFAPPCode=652, tabid=0, softwareVersion=LED50MU8600UC0000888, srceventcode=201000, mac=a8:a6:48:18:fc:a8, accessToken=72DF6038D2AEAB8A76DFBBBBCC428A4A_002680776836945, srctabid=0, APPPackage=com.hisense.hicloud.edca, sessionid=47eeebb12dd4451fa50ed6afedbc802f, requesttime=1499269545705, customerId=7195320, model_id=0, requestid=2c366ae9e6a041ac9b24f55c934ddab4, tv_distribute_id=00, APIVersion=600, issysrepo=0}
07-05 23:45:45.706 D/BaseContentFragment( 9821): initChildFocus firstlineview===>:com.hisense.tvui.newhome.view.SpecialFirstView{1c2db185 V.E..... ........ 10,185-1748,691}
07-05 23:45:45.706 D/setHistoryRequestFocus( 9821): ===>false
07-05 23:45:45.706 I/FirstlineLayoutManager( 9821): left=0,width=1738,scroll Distance=-1488
07-05 23:45:45.707 I/BaseContentFragment( 9821): setRowViewSelectedViewHolder{2ef72cd2 position=0 id=-1, oldPos=-1, pLpos:-1},isSelectedfalse
07-05 23:45:45.707 I/BaseContentFragment( 9821): setRowViewSelectedViewHolder{24b3c1c9 position=1 id=-1, oldPos=-1, pLpos:-1},isSelectedtrue
07-05 23:45:45.707 I/RoleContentFragment( 9821): onChildSelected:1,lastPos=0
07-05 23:45:45.708 I/TabView ( 9821): onfocuschange:false
07-05 23:45:45.714 D/TabView ( 9821): icon---:2
07-05 23:45:45.714 E/TabView ( 9821): 
07-05 23:45:45.720 D/CommonHeader( 9821): onTabStatusChanged tabstatus===>:40000
07-05 23:45:45.734 W/System.err( 9821): java.net.ConnectException: failed to connect to /10.18.210.112 (port 8900) after 6000ms: isConnected failed: ECONNREFUSED (Connection refused)
07-05 23:45:45.734 W/System.err( 9821): 	at libcore.io.IoBridge.isConnected(IoBridge.java:238)
07-05 23:45:45.734 W/System.err( 9821): 	at libcore.io.IoBridge.connectErrno(IoBridge.java:171)
07-05 23:45:45.734 W/System.err( 9821): 	at libcore.io.IoBridge.connect(IoBridge.java:122)
07-05 23:45:45.734 W/System.err( 9821): 	at java.net.PlainSocketImpl.connect(PlainSocketImpl.java:183)
07-05 23:45:45.734 W/System.err( 9821): 	at java.net.PlainSocketImpl.connect(PlainSocketImpl.java:456)
07-05 23:45:45.734 W/System.err( 9821): 	at java.net.Socket.connect(Socket.java:882)
07-05 23:45:45.734 W/System.err( 9821): 	at com.android.okhttp.internal.Platform.connectSocket(Platform.java:174)
07-05 23:45:45.734 W/System.err( 9821): 	at com.android.okhttp.Connection.connect(Connection.java:152)
07-05 23:45:45.734 W/System.err( 9821): 	at com.android.okhttp.internal.http.HttpEngine.connect(HttpEngine.java:276)
07-05 23:45:45.734 W/System.err( 9821): 	at com.android.okhttp.internal.http.HttpEngine.sendRequest(HttpEngine.java:211)
07-05 23:45:45.734 W/System.err( 9821): 	at com.android.okhttp.internal.http.HttpURLConnectionImpl.execute(HttpURLConnectionImpl.java:382)
07-05 23:45:45.734 W/System.err( 9821): 	at com.android.okhttp.internal.http.HttpURLConnectionImpl.connect(HttpURLConnectionImpl.java:106)
07-05 23:45:45.734 W/System.err( 9821): 	at com.hisense.hitv.hicloud.util.ExceptionReport.a(ExceptionReport.java:337)
07-05 23:45:45.735 W/System.err( 9821): 	at com.hisense.hitv.hicloud.util.ExceptionReport.a(ExceptionReport.java:39)
07-05 23:45:45.735 W/System.err( 9821): 	at com.hisense.hitv.hicloud.util.ExceptionReport$1.run(ExceptionReport.java:83)
07-05 23:45:45.735 W/System.err( 9821): 	at java.lang.Thread.run(Thread.java:818)
07-05 23:45:45.735 W/System.err( 9821): Caused by: android.system.ErrnoException: isConnected failed: ECONNREFUSED (Connection refused)
07-05 23:45:45.735 D/GlobalInputEventMonitoringService( 1733): interceptKeyBeforeQueueing(), event:22, mNeedMonitorKeyEvent:true, mWaitForKeyUpEvent:false
07-05 23:45:45.736 D/GlobalInputEventMonitoringService( 1733): processKeyEvent(), processKeyEvent event:22
07-05 23:45:45.736 D/WindowManager( 1733): interceptKeyTq keycode=22 interactive=true keyguardActive=false policyFlags=2b000000 isCancled= false
07-05 23:45:45.736 D/WindowManager( 1733): interceptKeyTi keyCode=22 down=false repeatCount=0 keyguardOn=false mHomePressed=false canceled=false
07-05 23:45:45.736 D/WindowManager( 1733): Hisense systemkey event: 22
07-05 23:45:45.736 D/HisenseGlobalKeyManager( 1733): handleGlobalKey() : Global event = KeyEvent { action=ACTION_UP, keyCode=KEYCODE_DPAD_RIGHT, scanCode=0, metaState=0, flags=0x0, repeatCount=0, eventTime=18387193, downTime=18387193, deviceId=-1, source=0x101 }
07-05 23:45:45.737 W/System.err( 9821): 	at libcore.io.IoBridge.isConnected(IoBridge.java:223)
07-05 23:45:45.737 W/System.err( 9821): 	... 15 more
07-05 23:45:45.743 I/MyFragmentStateAdapter( 9821): getCount
07-05 23:45:45.762 D/TabView ( 9821): 
07-05 23:45:45.763 D/TabView ( 9821): 
07-05 23:45:45.764 D/TabView ( 9821): 
07-05 23:45:45.765 D/TabView ( 9821): 
07-05 23:45:45.765 D/TabView ( 9821): 
07-05 23:45:45.766 D/TabView ( 9821): 
07-05 23:45:45.767 D/TabView ( 9821): 
07-05 23:45:45.767 D/TabView ( 9821): 
07-05 23:45:45.768 D/TabView ( 9821): 
07-05 23:45:45.769 D/TabView ( 9821): 
07-05 23:45:45.770 D/TabView ( 9821): 
07-05 23:45:45.771 D/TabView ( 9821): 
07-05 23:45:45.772 D/TabView ( 9821): 
07-05 23:45:45.772 D/TabView ( 9821): 
07-05 23:45:45.773 D/TabView ( 9821): 
07-05 23:45:45.774 D/TabView ( 9821): 
07-05 23:45:45.776 I/MyFragmentStateAdapter( 9821): getCount
07-05 23:45:45.776 I/MyFragmentStateAdapter( 9821): getCount
07-05 23:45:45.776 D/TabView ( 9821): 
07-05 23:45:45.779 D/HttpHandler( 9821): VerifySignInterCeptor-->request.url()=http://picture.edu.hismarttv.com/images/20170628121925625089.png
07-05 23:45:45.779 D/HttpHandler( 9821): VerifySignInterCeptor-->hostname=picture.edu.hismarttv.com
07-05 23:45:45.781 D/OkHttp  ( 9821): --> GET http://picture.edu.hismarttv.com/images/20170628121925625089.png http/1.1
07-05 23:45:45.781 D/OkHttp  ( 9821): Host: picture.edu.hismarttv.com
07-05 23:45:45.781 D/OkHttp  ( 9821): Connection: Keep-Alive
07-05 23:45:45.781 D/OkHttp  ( 9821): Accept-Encoding: gzip
07-05 23:45:45.781 D/OkHttp  ( 9821): User-Agent: okhttp/3.6.0
07-05 23:45:45.781 D/OkHttp  ( 9821): --> END GET
07-05 23:45:45.781 D/TabView ( 9821): 
07-05 23:45:45.784 D/TabView ( 9821): 
07-05 23:45:45.785 D/TabView ( 9821): 
07-05 23:45:45.786 D/TabView ( 9821): 
07-05 23:45:45.787 D/TabView ( 9821): 
07-05 23:45:45.789 D/TabView ( 9821): 
07-05 23:45:45.790 D/TabView ( 9821): 
07-05 23:45:45.795 D/HttpHandler( 9821): VerifySignInterCeptor-->request.url()=http://picture.edu.hismarttv.com/images/20170628111818312641.png
07-05 23:45:45.795 D/HttpHandler( 9821): VerifySignInterCeptor-->hostname=picture.edu.hismarttv.com
07-05 23:45:45.796 D/OkHttp  ( 9821): --> GET http://picture.edu.hismarttv.com/images/20170628111818312641.png http/1.1
07-05 23:45:45.797 D/OkHttp  ( 9821): Host: picture.edu.hismarttv.com
07-05 23:45:45.797 D/OkHttp  ( 9821): Connection: Keep-Alive
07-05 23:45:45.797 D/OkHttp  ( 9821): Accept-Encoding: gzip
07-05 23:45:45.797 D/OkHttp  ( 9821): User-Agent: okhttp/3.6.0
07-05 23:45:45.797 D/OkHttp  ( 9821): --> END GET
07-05 23:45:45.798 D/TabView ( 9821): 
07-05 23:45:45.800 D/TabView ( 9821): 
07-05 23:45:45.801 D/TabView ( 9821): 
07-05 23:45:45.802 D/TabView ( 9821): 
07-05 23:45:45.804 D/TabView ( 9821): 
07-05 23:45:45.805 D/TabView ( 9821): 
07-05 23:45:45.806 D/TabView ( 9821): 
07-05 23:45:45.809 D/OkHttp  ( 9821): <-- HTTP FAILED: java.net.SocketException: Socket closed
07-05 23:45:45.813 D/TabView ( 9821): 
07-05 23:45:45.815 I/MyFragmentStateAdapter( 9821): getCount
07-05 23:45:45.816 I/MyFragmentStateAdapter( 9821): getCount
07-05 23:45:45.824 I/TabView ( 9821): onScroll:,firstItem=0,visibleCount=6,totalCount=10
07-05 23:45:45.826 D/HttpHandler( 9821): RetryIntercepter-->retryNum=0
07-05 23:45:45.826 D/HttpHandler( 9821): RetryIntercepter-->backoffmutiplier=0
07-05 23:45:45.829 D/Carousel-CarouselView( 9821): ============>onScrollChanged hashCode:558015189
07-05 23:45:45.829 D/Carousel-CarouselDisplayPlayerLayout( 9821): isFullScreen:false
07-05 23:45:45.832 I/MainHomeView( 9821): onPanelSlide0.33587787---left196
07-05 23:45:45.833 I/CurrentCarouselView( 9821): onCarouseControlCarouselControlBean{mShoudScroll=true, mActivityHasResume=false, mActivityHasStop=false, mHasTurnGone=false, mHasTurnVisible=false, mChannelId=-1, mSlideOffset=0.33587787, mShouldSelectCenter=false, mTabOpen=false, mHoriPosStatus=None, mVerPosStatus=None, mLevelStatus=None},isPlayingtrue,channelId=0
07-05 23:45:45.833 I/CurrentCarouselView( 9821): is not the current page
07-05 23:45:45.833 I/CurrentCarouselView( 9821): do scroll
07-05 23:45:45.833 D/Carousel-CarouselView( 9821): smoothScroll.
07-05 23:45:45.833 D/Carousel-CarouselDisplayPlayerLayout( 9821): isFullScreen:false
07-05 23:45:45.833 D/TabView ( 9821): onReceiveSlidingOffset ===>:0.33587787
07-05 23:45:45.835 I/MyFragmentStateAdapter( 9821): getCount
07-05 23:45:45.841 D/Carousel-CarouselDisplayPlayerLayout( 9821): HasFocus:false,keyCode:22
07-05 23:45:45.841 D/Carousel-CarouselDisplayPlayerLayout( 9821): isFullScreen:false
07-05 23:45:45.841 I/HomeMainActivity( 9821): carousel handle key:false
07-05 23:45:45.853 D/OkHttp  ( 9821): <-- 200 OK http://picture.edu.hismarttv.com/images/20170628121925625089.png (72ms)
07-05 23:45:45.853 D/OkHttp  ( 9821): Date: Tue, 04 Jul 2017 02:16:20 GMT
07-05 23:45:45.853 D/OkHttp  ( 9821): Server: nginx
07-05 23:45:45.853 D/OkHttp  ( 9821): Content-Type: image/png
07-05 23:45:45.854 D/OkHttp  ( 9821): Content-Length: 3689
07-05 23:45:45.854 D/OkHttp  ( 9821): Last-Modified: Wed, 28 Jun 2017 12:19:25 GMT
07-05 23:45:45.854 D/OkHttp  ( 9821): ETag: "59539ecd-e69"
07-05 23:45:45.854 D/OkHttp  ( 9821): Accept-Ranges: bytes
07-05 23:45:45.854 D/OkHttp  ( 9821): Age: 134965
07-05 23:45:45.854 D/OkHttp  ( 9821): Via: 1.1 jnwt241:0 (Cdn Cache Server V2.0)[4 200 0], 1.1 angtong92:5 (Cdn Cache Server V2.0)[0 200 0]
07-05 23:45:45.854 D/OkHttp  ( 9821): Connection: keep-alive
07-05 23:45:45.854 D/OkHttp  ( 9821): <-- END HTTP
07-05 23:45:45.858 V/InputMethodService( 2203): startInput(): editor=android.view.inputmethod.EditorInfo@212ef694
07-05 23:45:45.858 V/InputMethodService( 2203): CALL: onFinishInput
07-05 23:45:45.859 I/MainHomeView( 9821): onPanelSlide0.22900763---left182
07-05 23:45:45.861 I/CurrentCarouselView( 9821): onCarouseControlCarouselControlBean{mShoudScroll=true, mActivityHasResume=false, mActivityHasStop=false, mHasTurnGone=false, mHasTurnVisible=false, mChannelId=-1, mSlideOffset=0.22900763, mShouldSelectCenter=false, mTabOpen=false, mHoriPosStatus=None, mVerPosStatus=None, mLevelStatus=None},isPlayingtrue,channelId=0
07-05 23:45:45.861 I/CurrentCarouselView( 9821): is not the current page
07-05 23:45:45.861 I/CurrentCarouselView( 9821): do scroll
07-05 23:45:45.861 D/Carousel-CarouselView( 9821): smoothScroll.
07-05 23:45:45.861 D/Carousel-CarouselDisplayPlayerLayout( 9821): isFullScreen:false
07-05 23:45:45.861 E/SOGOUIME_JNI( 2203): reset
07-05 23:45:45.861 D/TabView ( 9821): onReceiveSlidingOffset ===>:0.22900763
07-05 23:45:45.862 E/SOGOUIME_JNI( 2203): getCandidates
07-05 23:45:45.862 E/SOGOUIME_JNI( 2203): ime_get_uncommitted_length
07-05 23:45:45.862 E/SOGOUIME_JNI( 2203): getCandidates
07-05 23:45:45.862 D/SogouIME API( 2203): ==============num:32
07-05 23:45:45.862 E/SOGOUIME_JNI( 2203): ime_get_uncommitted_length
07-05 23:45:45.862 D/SogouIME( 2203): mFocusedComponent:30   isHkbEnable:false
07-05 23:45:45.869 I/MiSysSrv( 1214): [37m[INFO] Change to Voltage: 117 mv (0x32)[m
07-05 23:45:45.872 E/SOGOUIME_JNI( 2203): ime_get_uncommitted_length
07-05 23:45:45.872 E/SOGOUIME_JNI( 2203): ime_get_committed_length
07-05 23:45:45.872 E/SOGOUIME_JNI( 2203): getComposingInfo
07-05 23:45:45.872 E/SOGOUIME_JNI( 2203): getComposingInfo
07-05 23:45:45.872 E/SOGOUIME_JNI( 2203): getCorrectInfo
07-05 23:45:45.872 E/SOGOUIME_JNI( 2203): getComposingInfo
07-05 23:45:45.874 D/Carousel-CarouselDisplayPlayerLayout( 9821): x=410, y=167,w=892,h=536, hashCode=893665721
07-05 23:45:45.875 D/Carousel-CarouselDisplayPlayerLayout( 9821): mX=511, mY=167,mWitdh=892,mHeight=536, hashCode=893665721
07-05 23:45:45.875 D/Carousel-CarouselDisplayPlayerLayout( 9821): changed=true, hashCode=893665721
07-05 23:45:45.875 D/Carousel-Utils( 9821): x=410,y=167, width=892,height=536
07-05 23:45:45.875 D/Carousel-CarouselDisplayPlayerLayout( 9821): isFullScreen:false
07-05 23:45:45.875 D/Carousel-CarouselView( 9821): ===========>onScrollStart
07-05 23:45:45.876 D/Carousel-Utils( 9821): displayImage view=android.widget.ImageView{2ef01db I.ED.... ......ID 0,0-816,460 #7f0d0029 app:id/imageView1}
07-05 23:45:45.876 D/Carousel-Utils( 9821): displayImage url=http://picture.edu.hismarttv.com/images/20170629010146422927.jpg
07-05 23:45:45.876 D/Carousel-Utils( 9821): onResourceReady.
07-05 23:45:45.880 D/Carousel-Utils( 9821): displayImage view=android.widget.ImageView{3179d4b2 I.ED.... ........ 0,0-816,460 #7f0d0029 app:id/imageView1}
07-05 23:45:45.880 D/Carousel-Utils( 9821): displayImage url=http://picture.edu.hismarttv.com/images/20170629010146422927.jpg
07-05 23:45:45.881 D/Carousel-Utils( 9821): onResourceReady.
07-05 23:45:45.881 V/InputMethodService( 2203): CALL: onStartInput
07-05 23:45:45.881 D/Carousel-CarouselDisplayPlayerLayout( 9821): x=410, y=167,w=892,h=536, hashCode=893665721
07-05 23:45:45.881 D/Carousel-CarouselDisplayPlayerLayout( 9821): mX=410, mY=167,mWitdh=892,mHeight=536, hashCode=893665721
07-05 23:45:45.881 D/Carousel-CarouselDisplayPlayerLayout( 9821): changed=false, hashCode=893665721
07-05 23:45:45.881 E/SOGOUIME_JNI( 2203): invalidateCommitWordPinyinNative
07-05 23:45:45.881 D/Carousel-CarouselDisplayPlayerLayout( 9821): extraTryCount=0
07-05 23:45:45.881 D/SogouIME( 2203): =====configKeyboard=======:false     false
07-05 23:45:45.881 E/SOGOUIME_JNI( 2203): ime_set_hard_kb_enable
07-05 23:45:45.883 I/MyFragmentStateAdapter( 9821): getCount
07-05 23:45:45.883 I/MyFragmentStateAdapter( 9821): getCount
07-05 23:45:45.883 I/MyFragmentStateAdapter( 9821): getCount
07-05 23:45:45.883 I/MyFragmentStateAdapter( 9821): getCount
07-05 23:45:45.884 I/Carousel-UrlVideoView( 9821): onMeasure(MeasureSpec: EXACTLY 816, MeasureSpec: EXACTLY 460)
07-05 23:45:45.884 D/Carousel-UrlVideoView( 9821): widthSpecMode=1073741824
07-05 23:45:45.884 D/Carousel-UrlVideoView( 9821): heightSpecMode=1073741824
07-05 23:45:45.884 D/Carousel-UrlVideoView( 9821): widthSpecSize=816
07-05 23:45:45.884 D/Carousel-UrlVideoView( 9821): heightSpecSize=460
07-05 23:45:45.884 I/Carousel-UrlVideoView( 9821): onMeasure(MeasureSpec: EXACTLY 816, MeasureSpec: EXACTLY 460)
07-05 23:45:45.884 D/Carousel-UrlVideoView( 9821): widthSpecMode=1073741824
07-05 23:45:45.884 D/Carousel-UrlVideoView( 9821): heightSpecMode=1073741824
07-05 23:45:45.884 D/Carousel-UrlVideoView( 9821): widthSpecSize=816
07-05 23:45:45.884 D/Carousel-UrlVideoView( 9821): heightSpecSize=460
07-05 23:45:45.888 D/Surface ( 1733): onStatusChange() : mNativeObject = 547942789120 mUseImageHwRender = false
07-05 23:45:45.888 V/Surface ( 1733): nativeSetHardwareRender() : status = 0
07-05 23:45:45.888 V/Surface ( 1733): nativeSetHardwareRender() : end
07-05 23:45:45.890 D/PowerManagerService( 1733): releaseWakeLockInternal: lock=487931605 [WindowManager], flags=0x0
07-05 23:45:45.891 D/PowerManagerNotifier( 1733): onWakeLockReleased: flags=536870922, tag="WindowManager", packageName=android, ownerUid=1000, ownerPid=1733, workSource=WorkSource{10010}
07-05 23:45:45.891 D/PowerManagerService( 1733): userActivityNoUpdateLocked: eventTime=18387462, event=0, flags=0x1, uid=1000
07-05 23:45:45.891 D/PowerManagerService( 1733): setScreenBrightnessOverrideFromWindowManagerInternal done
07-05 23:45:45.892 D/Surface ( 1733): onStatusChange() : mNativeObject = 0 mUseImageHwRender = false
07-05 23:45:45.893 I/FirstLineAdapter( 9821): canShowTrailer,isOffline=false
07-05 23:45:45.893 I/FirstLineAdapter( 9821): canShowTrailer,isOffline=false
07-05 23:45:45.893 I/FirstLineAdapter( 9821): canShowTrailer,isOffline=false
07-05 23:45:45.894 I/FirstLineAdapter( 9821): canShowTrailer,isOffline=false
07-05 23:45:45.894 I/FirstLineAdapter( 9821): canShowTrailer,isOffline=false
07-05 23:45:45.894 I/FirstLineAdapter( 9821): canShowTrailer,isOffline=false
07-05 23:45:45.894 I/FirstLineAdapter( 9821): canShowTrailer,isOffline=false
07-05 23:45:45.894 I/FirstLineAdapter( 9821): canShowTrailer,isOffline=false
07-05 23:45:45.895 I/FirstLineAdapter( 9821): canShowTrailer,isOffline=false
07-05 23:45:45.907 D/HttpHandler( 9821): RetryIntercepter-->retryNum=0
07-05 23:45:45.907 D/HttpHandler( 9821): RetryIntercepter-->backoffmutiplier=0
07-05 23:45:45.914 I/SurfaceView( 9821): Changes: creating=false format=false size=false visible=false left=true top=false
07-05 23:45:45.914 I/SurfaceView( 9821): Cur surface: Surface(name=null)/@0x3f8f27dc
07-05 23:45:45.915 D/Surface ( 1733): onStatusChange() : mNativeObject = 547942792704 mUseImageHwRender = false
07-05 23:45:45.915 V/Surface ( 1733): nativeSetHardwareRender() : status = 0
07-05 23:45:45.915 V/Surface ( 1733): nativeSetHardwareRender() : end
07-05 23:45:45.917 D/PowerManagerService( 1733): setScreenBrightnessOverrideFromWindowManagerInternal done
07-05 23:45:45.919 D/Surface ( 1733): onStatusChange() : mNativeObject = 0 mUseImageHwRender = false
07-05 23:45:45.927 D/Surface ( 9821): onStatusChange() : mNativeObject = -528592384 mUseImageHwRender = false
07-05 23:45:45.927 V/Surface ( 9821): nativeSetHardwareRender() : status = 0
07-05 23:45:45.927 V/Surface ( 9821): nativeSetHardwareRender() : end
07-05 23:45:45.927 I/SurfaceView( 9821): New surface: Surface(name=null)/@0x1e4130e5, vis=true, frame=Rect(448, 205 - 1264, 665)
07-05 23:45:45.927 D/Surface ( 9821): onStatusChange() : mNativeObject = 0 mUseImageHwRender = false
07-05 23:45:45.928 D/Surface ( 9821): onStatusChange() : mNativeObject = -528592384 mUseImageHwRender = false
07-05 23:45:45.928 V/Surface ( 9821): nativeSetHardwareRender() : status = 0
07-05 23:45:45.928 V/Surface ( 9821): nativeSetHardwareRender() : end
07-05 23:45:45.937 V/SurfaceView( 9821): Layout: x=448 y=205 w=816 h=460, frame=Rect(0, 0 - 816, 460)
07-05 23:45:45.940 E/hwcomposer( 1204): Overlay 0 size changeed src {1920 1080} -> {1920, 1080} crop{0.000000 0.000000 1920.000000 1080.000000}->{0.000000 0.000000 1920.000000 1080.000000} dst{549 205 1365 665}->{448 205 1264 665}
07-05 23:45:45.951 I/MainHomeView( 9821): onPanelSlide0.061068702---left160
07-05 23:45:45.952 I/CurrentCarouselView( 9821): onCarouseControlCarouselControlBean{mShoudScroll=true, mActivityHasResume=false, mActivityHasStop=false, mHasTurnGone=false, mHasTurnVisible=false, mChannelId=-1, mSlideOffset=0.061068702, mShouldSelectCenter=false, mTabOpen=false, mHoriPosStatus=None, mVerPosStatus=None, mLevelStatus=None},isPlayingtrue,channelId=0
07-05 23:45:45.952 I/CurrentCarouselView( 9821): is not the current page
07-05 23:45:45.952 I/CurrentCarouselView( 9821): do scroll
07-05 23:45:45.952 D/Carousel-CarouselView( 9821): smoothScroll.
07-05 23:45:45.952 D/Carousel-CarouselDisplayPlayerLayout( 9821): isFullScreen:false
07-05 23:45:45.952 D/TabView ( 9821): onReceiveSlidingOffset ===>:0.061068702
07-05 23:45:45.955 I/MyFragmentStateAdapter( 9821): getCount
07-05 23:45:45.966 D/Carousel-CarouselDisplayPlayerLayout( 9821): x=388, y=167,w=892,h=536, hashCode=893665721
07-05 23:45:45.967 D/Carousel-CarouselDisplayPlayerLayout( 9821): mX=410, mY=167,mWitdh=892,mHeight=536, hashCode=893665721
07-05 23:45:45.967 D/Carousel-CarouselDisplayPlayerLayout( 9821): changed=true, hashCode=893665721
07-05 23:45:45.968 D/Carousel-Utils( 9821): x=388,y=167, width=892,height=536
07-05 23:45:45.968 D/Carousel-CarouselDisplayPlayerLayout( 9821): x=388, y=167,w=892,h=536, hashCode=893665721
07-05 23:45:45.968 D/Carousel-CarouselDisplayPlayerLayout( 9821): mX=388, mY=167,mWitdh=892,mHeight=536, hashCode=893665721
07-05 23:45:45.969 D/Carousel-CarouselDisplayPlayerLayout( 9821): changed=false, hashCode=893665721
07-05 23:45:45.969 D/Carousel-CarouselDisplayPlayerLayout( 9821): extraTryCount=0
07-05 23:45:45.969 I/Carousel-UrlVideoView( 9821): onMeasure(MeasureSpec: EXACTLY 816, MeasureSpec: EXACTLY 460)
07-05 23:45:45.973 D/hwcomposer( 1204): Overlay [0] do size change!
07-05 23:45:45.973 D/vsyncbridge( 1204): [0] handle_thread thread got msg 0x2, mState = 3
07-05 23:45:45.973 D/vsyncbridge( 1204): Overlay 0 Resize, mState = 0x3, 0, disp[448 205 816 460] osd[1920 1080]
07-05 23:45:45.975 D/Carousel-UrlVideoView( 9821): widthSpecMode=1073741824
07-05 23:45:45.976 D/Carousel-UrlVideoView( 9821): heightSpecMode=1073741824
07-05 23:45:45.976 D/Carousel-UrlVideoView( 9821): widthSpecSize=816
07-05 23:45:45.976 D/Carousel-UrlVideoView( 9821): heightSpecSize=460
07-05 23:45:45.976 I/Carousel-UrlVideoView( 9821): onMeasure(MeasureSpec: EXACTLY 816, MeasureSpec: EXACTLY 460)
07-05 23:45:45.976 D/Carousel-UrlVideoView( 9821): widthSpecMode=1073741824
07-05 23:45:45.976 D/Carousel-UrlVideoView( 9821): heightSpecMode=1073741824
07-05 23:45:45.976 D/Carousel-UrlVideoView( 9821): widthSpecSize=816
07-05 23:45:45.976 D/Carousel-UrlVideoView( 9821): heightSpecSize=460
07-05 23:45:45.976 I/SurfaceView( 9821): Changes: creating=false format=false size=false visible=false left=true top=false
07-05 23:45:45.976 I/SurfaceView( 9821): Cur surface: Surface(name=null)/@0x3f8f27dc
07-05 23:45:45.978 D/vsyncbridge( 1204): [update_ds_table,  594] DispW:1632 DispH:920 
07-05 23:45:45.978 D/vsyncbridge( 1204): [update_ds_table,  598] Cap.x:1105 Cap.y:30 CapW:1920 CapH:1080 
07-05 23:45:45.978 D/vsyncbridge( 1204): [update_ds_table,  599] enInputSourceType:34 
07-05 23:45:45.978 D/vsyncbridge( 1204): [update_ds_table,  601] u16InputVTotal:2205  u16InputVFreq:240 
07-05 23:45:45.978 D/vsyncbridge( 1204): [update_ds_table,  603] bInterlace:0  u16DefaultHtotal:0 
07-05 23:45:45.978 D/vsyncbridge( 1204): [update_ds_table,  606] bPreHCusScaling:1  bPreVCusScaling:1 
07-05 23:45:45.978 D/vsyncbridge( 1204): [update_ds_table,  608] u16PreHCusScalingSrc:1920  u16PreHCusScalingDst:1920 
07-05 23:45:45.978 D/vsyncbridge( 1204): [update_ds_table,  610] u16PreVCusScalingSrc:1080  u16PreVCusScalingSrc:1080 
07-05 23:45:45.978 D/vsyncbridge( 1204): [update_ds_table,  613] bHCusScaling:0  bVCusScaling:0 
07-05 23:45:45.978 D/vsyncbridge( 1204): [update_ds_table,  615] u16HCusScalingSrc:1920  u16HCusScalingDst:1632 
07-05 23:45:45.978 D/vsyncbridge( 1204): [update_ds_table,  617] u16VCusScalingSrc:1080  u16VCusScalingDst:920 
07-05 23:45:45.978 D/vsyncbridge( 1204): vsync_bridge_CalAspectRatio type = 0
07-05 23:45:45.979 D/vsyncbridge( 1204): panel [3840 2160] osd [1920 1080] ratio [2.000000 2.000000]
07-05 23:45:45.979 D/vsyncbridge( 1204): apply ratio, x=896, y=410, width=1632, height=920
07-05 23:45:45.979 D/vsyncbridge( 1204): disp_old[896 410 2528 1330], disp_new[896 410 2528 1330], crop[0 0 1920 1080]
07-05 23:45:45.980 D/Surface ( 1733): onStatusChange() : mNativeObject = 547942792704 mUseImageHwRender = false
07-05 23:45:45.980 V/Surface ( 1733): nativeSetHardwareRender() : status = 0
07-05 23:45:45.980 V/Surface ( 1733): nativeSetHardwareRender() : end
07-05 23:45:45.979 D/vsyncbridge( 1204): [update_ds_table,  798] SW DS !!! 
07-05 23:45:45.981 D/vsyncbridge( 1204): [update_ds_table,  800] stXC_SetWin_Info.stCapWin.width1920  stXC_SetWin_Info.stCapWin.height:1080
07-05 23:45:45.981 D/vsyncbridge( 1204): [update_ds_table,  802] stXC_SetWin_Info.stCropWin.width1920  stXC_SetWin_Info.stCropWin.height:1080
07-05 23:45:45.982 D/vsyncbridge( 1204): [update_ds_table,  803] MApi_XC_GetDynamicScalingStatus():1 
07-05 23:45:45.982 D/        ( 1204): Alert: cannot get frameCount from IOCTL, eWindow=0! Fall back to original frame mode
07-05 23:45:45.982 D/        ( 1204): MVOP is 1P mode
07-05 23:45:45.982 D/        ( 1204): [_MDrv_SC_check_2p_mode][9405]u16Width=3840,u16Height=2160,u32Vfreqx10=240
07-05 23:45:45.983 D/vsyncbridge( 1204): vsync_bridge_render_frame pts = 3458333, DS_Idx=0x1, overlayID=0
07-05 23:45:45.983 D/vsyncbridge( 1204):  W 3, R 2, Cur 3
07-05 23:45:45.983 D/vsyncbridge( 1204): vsync_bridge_CalAspectRatio type = 0
07-05 23:45:45.983 D/vsyncbridge( 1204): panel [3840 2160] osd [1920 1080] ratio [2.000000 2.000000]
07-05 23:45:45.983 D/vsyncbridge( 1204): apply ratio, x=896, y=410, width=1632, height=920
07-05 23:45:45.986 D/PowerManagerService( 1733): setScreenBrightnessOverrideFromWindowManagerInternal done
07-05 23:45:45.990 D/Surface ( 1733): onStatusChange() : mNativeObject = 0 mUseImageHwRender = false
07-05 23:45:45.990 D/Surface ( 9821): onStatusChange() : mNativeObject = -195821824 mUseImageHwRender = false
07-05 23:45:45.990 V/Surface ( 9821): nativeSetHardwareRender() : status = 0
07-05 23:45:45.990 V/Surface ( 9821): nativeSetHardwareRender() : end
07-05 23:45:45.990 I/SurfaceView( 9821): New surface: Surface(name=null)/@0x1e4130e5, vis=true, frame=Rect(426, 205 - 1242, 665)
07-05 23:45:45.990 D/Surface ( 9821): onStatusChange() : mNativeObject = 0 mUseImageHwRender = false
07-05 23:45:45.990 D/Surface ( 9821): onStatusChange() : mNativeObject = -195821824 mUseImageHwRender = false
07-05 23:45:45.990 V/Surface ( 9821): nativeSetHardwareRender() : status = 0
07-05 23:45:45.990 V/Surface ( 9821): nativeSetHardwareRender() : end
07-05 23:45:45.991 V/SurfaceView( 9821): Layout: x=426 y=205 w=816 h=460, frame=Rect(0, 0 - 816, 460)
07-05 23:45:45.993 I/MainHomeView( 9821): onPanelSlide0.022900764---left155
07-05 23:45:45.993 I/CurrentCarouselView( 9821): onCarouseControlCarouselControlBean{mShoudScroll=true, mActivityHasResume=false, mActivityHasStop=false, mHasTurnGone=false, mHasTurnVisible=false, mChannelId=-1, mSlideOffset=0.022900764, mShouldSelectCenter=false, mTabOpen=false, mHoriPosStatus=None, mVerPosStatus=None, mLevelStatus=None},isPlayingtrue,channelId=0
07-05 23:45:45.993 I/CurrentCarouselView( 9821): is not the current page
07-05 23:45:45.993 I/CurrentCarouselView( 9821): do scroll
07-05 23:45:45.993 D/Carousel-CarouselView( 9821): smoothScroll.
07-05 23:45:45.993 D/Carousel-CarouselDisplayPlayerLayout( 9821): isFullScreen:false
07-05 23:45:45.993 D/TabView ( 9821): onReceiveSlidingOffset ===>:0.022900764
07-05 23:45:45.998 D/Carousel-CarouselDisplayPlayerLayout( 9821): x=383, y=167,w=892,h=536, hashCode=893665721
07-05 23:45:45.999 D/Carousel-CarouselDisplayPlayerLayout( 9821): mX=388, mY=167,mWitdh=892,mHeight=536, hashCode=893665721
07-05 23:45:45.999 D/Carousel-CarouselDisplayPlayerLayout( 9821): changed=true, hashCode=893665721
07-05 23:45:45.999 D/Carousel-Utils( 9821): x=383,y=167, width=892,height=536
07-05 23:45:46.012 D/Carousel-CarouselDisplayPlayerLayout( 9821): x=383, y=167,w=892,h=536, hashCode=893665721
07-05 23:45:46.012 D/Carousel-CarouselDisplayPlayerLayout( 9821): mX=383, mY=167,mWitdh=892,mHeight=536, hashCode=893665721
07-05 23:45:46.012 D/Carousel-CarouselDisplayPlayerLayout( 9821): changed=false, hashCode=893665721
07-05 23:45:46.012 D/Carousel-CarouselDisplayPlayerLayout( 9821): extraTryCount=0
07-05 23:45:46.012 D/Carousel-CarouselDisplayPlayerLayout( 9821): x=383, y=167,w=892,h=536, hashCode=893665721
07-05 23:45:46.012 D/Carousel-CarouselDisplayPlayerLayout( 9821): mX=383, mY=167,mWitdh=892,mHeight=536, hashCode=893665721
07-05 23:45:46.012 D/Carousel-CarouselDisplayPlayerLayout( 9821): changed=false, hashCode=893665721
07-05 23:45:46.012 D/Carousel-CarouselDisplayPlayerLayout( 9821): extraTryCount=1
07-05 23:45:46.016 D/Carousel-CarouselDisplayPlayerLayout( 9821): x=383, y=167,w=892,h=536, hashCode=893665721
07-05 23:45:46.017 D/Carousel-CarouselDisplayPlayerLayout( 9821): mX=383, mY=167,mWitdh=892,mHeight=536, hashCode=893665721
07-05 23:45:46.017 D/Carousel-CarouselDisplayPlayerLayout( 9821): changed=false, hashCode=893665721
07-05 23:45:46.017 D/Carousel-CarouselDisplayPlayerLayout( 9821): extraTryCount=2
07-05 23:45:46.017 I/Carousel-UrlVideoView( 9821): onMeasure(MeasureSpec: EXACTLY 816, MeasureSpec: EXACTLY 460)
07-05 23:45:46.017 D/Carousel-UrlVideoView( 9821): widthSpecMode=1073741824
07-05 23:45:46.017 D/Carousel-UrlVideoView( 9821): heightSpecMode=1073741824
07-05 23:45:46.017 D/Carousel-UrlVideoView( 9821): widthSpecSize=816
07-05 23:45:46.017 D/Carousel-UrlVideoView( 9821): heightSpecSize=460
07-05 23:45:46.017 I/Carousel-UrlVideoView( 9821): onMeasure(MeasureSpec: EXACTLY 816, MeasureSpec: EXACTLY 460)
07-05 23:45:46.017 D/Carousel-UrlVideoView( 9821): widthSpecMode=1073741824
07-05 23:45:46.017 D/Carousel-UrlVideoView( 9821): heightSpecMode=1073741824
07-05 23:45:46.017 D/Carousel-UrlVideoView( 9821): widthSpecSize=816
07-05 23:45:46.017 D/Carousel-UrlVideoView( 9821): heightSpecSize=460
07-05 23:45:46.018 I/SurfaceView( 9821): Changes: creating=false format=false size=false visible=false left=true top=false
07-05 23:45:46.018 I/SurfaceView( 9821): Cur surface: Surface(name=null)/@0x3f8f27dc
07-05 23:45:46.022 I/TVMW@HsTvSetting( 1234): Trace cmd, data = 0x1058
07-05 23:45:46.022 D/til@system( 2026): til_get_system_param option:100002F int:0, bool:0, ret:0
07-05 23:45:46.022 D/Surface ( 1733): onStatusChange() : mNativeObject = 547942792704 mUseImageHwRender = false
07-05 23:45:46.022 V/Surface ( 1733): nativeSetHardwareRender() : status = 0
07-05 23:45:46.022 V/Surface ( 1733): nativeSetHardwareRender() : end
07-05 23:45:46.023 E/hwcomposer( 1204): Overlay 0 size changeed src {1920 1080} -> {1920, 1080} crop{0.000000 0.000000 1920.000000 1080.000000}->{0.000000 0.000000 1920.000000 1080.000000} dst{448 205 1264 665}->{426 205 1242 665}
07-05 23:45:46.023 I/TVMW@HsTvSetting( 1234): Trace cmd, data = 0x101f
07-05 23:45:46.028 D/til@system( 2026): til_get_system_param option:100001D int:3, bool:3, ret:0
07-05 23:45:46.028 E/til     ( 2026): [til_get_current_input_source, 101] 
07-05 23:45:46.028 D/PowerManagerService( 1733): setScreenBrightnessOverrideFromWindowManagerInternal done
07-05 23:45:46.028 I/TVMW@HsTvSetting( 1234): Trace cmd, data = 0x7007
07-05 23:45:46.028 I/tilwrapper@sm( 2026): HS2TIL_SourceType *hs=0xd, *til=0x900
07-05 23:45:46.028 D/til     ( 2026): get current source 2304
07-05 23:45:46.028 D/SourceRemoteServiceHandler( 2026): getCurrentInputSource.from.til.result is 0, value is 2304
07-05 23:45:46.028 D/SourceRemoteServiceHandler( 2026): getInputSourceType source: 0x900, type=2304
07-05 23:45:46.028 D/til     ( 2026): ###### func:til_get_picture_param option:0x3000006 ######  
07-05 23:45:46.029 I/TVMW@HsTvSetting( 1234): Trace cmd, data = 0x1003
07-05 23:45:46.029 I/TVMW@HsTvSetting( 1234): Trace cmd, data = 0x8032
07-05 23:45:46.030 E/TVMW@videoctrl( 1234):  getOsd is 1
07-05 23:45:46.031 D/til@system( 2026): til_get_system_param option:1000027 int:1, bool:1, ret:0
07-05 23:45:46.031 D/til     ( 2026): ###### func:til_get_picture_param option:0x3000045 ######  
07-05 23:45:46.031 I/TVMW@HsTvSetting( 1234): Trace cmd, data = 0x300c
07-05 23:45:46.031 I/TVMW@HsTvSetting( 1234): Trace 3d, data = 0x300c
07-05 23:45:46.031 I/TVMW@3d ( 1234): Hs_debug3d_trace: func:get3dStatus, line:109
07-05 23:45:46.032 I/hstvos  ( 1216): [0m[1;33m[HSHAL][HS_VIDEO][HS_HAL_Video_SetOsdDetect_v2][2389]u16Threshold = 20
07-05 23:45:46.033 D/PowerManagerService( 1733): acquireWakeLockInternal: lock=113832109, flags=0x1, tag="NetworkStats", ws=null, uid=1000, pid=1733
07-05 23:45:46.033 D/PowerManagerNotifier( 1733): onWakeLockAcquired: flags=1, tag="NetworkStats", packageName=android, ownerUid=1000, ownerPid=1733, workSource=null
07-05 23:45:46.033 D/NtpTrustedTime( 1733): currentTimeMillis() cache hit
07-05 23:45:46.041 D/NtpTrustedTime( 1733): currentTimeMillis() cache hit
07-05 23:45:46.042 D/PowerManagerService( 1733): releaseWakeLockInternal: lock=113832109 [NetworkStats], flags=0x0
07-05 23:45:46.042 D/PowerManagerNotifier( 1733): onWakeLockReleased: flags=1, tag="NetworkStats", packageName=android, ownerUid=1000, ownerPid=1733, workSource=null
07-05 23:45:46.044 D/NtpTrustedTime( 1733): currentTimeMillis() cache hit
07-05 23:45:46.044 D/NtpTrustedTime( 1733): currentTimeMillis() cache hit
07-05 23:45:46.044 D/Surface ( 1733): onStatusChange() : mNativeObject = 0 mUseImageHwRender = false
07-05 23:45:46.045 D/Surface ( 9821): onStatusChange() : mNativeObject = -528592384 mUseImageHwRender = false
07-05 23:45:46.045 V/Surface ( 9821): nativeSetHardwareRender() : status = 0
07-05 23:45:46.045 V/Surface ( 9821): nativeSetHardwareRender() : end
07-05 23:45:46.045 I/SurfaceView( 9821): New surface: Surface(name=null)/@0x1e4130e5, vis=true, frame=Rect(421, 205 - 1237, 665)
07-05 23:45:46.045 D/Surface ( 9821): onStatusChange() : mNativeObject = 0 mUseImageHwRender = false
07-05 23:45:46.045 D/Surface ( 9821): onStatusChange() : mNativeObject = -528592384 mUseImageHwRender = false
07-05 23:45:46.045 V/Surface ( 9821): nativeSetHardwareRender() : status = 0
07-05 23:45:46.045 V/Surface ( 9821): nativeSetHardwareRender() : end
07-05 23:45:46.047 V/SurfaceView( 9821): Layout: x=421 y=205 w=816 h=460, frame=Rect(0, 0 - 816, 460)
07-05 23:45:46.050 I/MainHomeView( 9821): onPanelSlide0.007633588---left153
07-05 23:45:46.050 I/CurrentCarouselView( 9821): onCarouseControlCarouselControlBean{mShoudScroll=true, mActivityHasResume=false, mActivityHasStop=false, mHasTurnGone=false, mHasTurnVisible=false, mChannelId=-1, mSlideOffset=0.007633588, mShouldSelectCenter=false, mTabOpen=false, mHoriPosStatus=None, mVerPosStatus=None, mLevelStatus=None},isPlayingtrue,channelId=0
07-05 23:45:46.050 I/CurrentCarouselView( 9821): is not the current page
07-05 23:45:46.050 I/CurrentCarouselView( 9821): do scroll
07-05 23:45:46.050 D/Carousel-CarouselView( 9821): smoothScroll.
07-05 23:45:46.050 D/Carousel-CarouselDisplayPlayerLayout( 9821): isFullScreen:false
07-05 23:45:46.050 D/TabView ( 9821): onReceiveSlidingOffset ===>:0.007633588
07-05 23:45:46.056 E/hwcomposer( 1204): Overlay 0 size changeed src {1920 1080} -> {1920, 1080} crop{0.000000 0.000000 1920.000000 1080.000000}->{0.000000 0.000000 1920.000000 1080.000000} dst{426 205 1242 665}->{421 205 1237 665}
07-05 23:45:46.060 D/Carousel-CarouselDisplayPlayerLayout( 9821): x=381, y=167,w=892,h=536, hashCode=893665721
07-05 23:45:46.061 D/Carousel-CarouselDisplayPlayerLayout( 9821): mX=383, mY=167,mWitdh=892,mHeight=536, hashCode=893665721
07-05 23:45:46.061 D/Carousel-CarouselDisplayPlayerLayout( 9821): changed=true, hashCode=893665721
07-05 23:45:46.061 D/Carousel-Utils( 9821): x=381,y=167, width=892,height=536
07-05 23:45:46.061 D/Carousel-CarouselDisplayPlayerLayout( 9821): x=381, y=167,w=892,h=536, hashCode=893665721
07-05 23:45:46.062 D/Carousel-CarouselDisplayPlayerLayout( 9821): mX=381, mY=167,mWitdh=892,mHeight=536, hashCode=893665721
07-05 23:45:46.062 D/Carousel-CarouselDisplayPlayerLayout( 9821): changed=false, hashCode=893665721
07-05 23:45:46.062 D/Carousel-CarouselDisplayPlayerLayout( 9821): extraTryCount=0
07-05 23:45:46.062 D/Carousel-CarouselDisplayPlayerLayout( 9821): x=381, y=167,w=892,h=536, hashCode=893665721
07-05 23:45:46.062 D/Carousel-CarouselDisplayPlayerLayout( 9821): mX=381, mY=167,mWitdh=892,mHeight=536, hashCode=893665721
07-05 23:45:46.062 D/Carousel-CarouselDisplayPlayerLayout( 9821): changed=false, hashCode=893665721
07-05 23:45:46.062 D/Carousel-CarouselDisplayPlayerLayout( 9821): extraTryCount=1
07-05 23:45:46.062 D/Carousel-CarouselDisplayPlayerLayout( 9821): x=381, y=167,w=892,h=536, hashCode=893665721
07-05 23:45:46.062 D/Carousel-CarouselDisplayPlayerLayout( 9821): mX=381, mY=167,mWitdh=892,mHeight=536, hashCode=893665721
07-05 23:45:46.062 D/Carousel-CarouselDisplayPlayerLayout( 9821): changed=false, hashCode=893665721
07-05 23:45:46.062 D/Carousel-CarouselDisplayPlayerLayout( 9821): extraTryCount=2
07-05 23:45:46.062 D/Carousel-CarouselDisplayPlayerLayout( 9821): x=381, y=167,w=892,h=536, hashCode=893665721
07-05 23:45:46.062 D/Carousel-CarouselDisplayPlayerLayout( 9821): mX=381, mY=167,mWitdh=892,mHeight=536, hashCode=893665721
07-05 23:45:46.062 D/Carousel-CarouselDisplayPlayerLayout( 9821): changed=false, hashCode=893665721
07-05 23:45:46.062 D/Carousel-CarouselDisplayPlayerLayout( 9821): extraTryCount=3
07-05 23:45:46.064 I/Carousel-UrlVideoView( 9821): onMeasure(MeasureSpec: EXACTLY 816, MeasureSpec: EXACTLY 460)
07-05 23:45:46.064 D/Carousel-UrlVideoView( 9821): widthSpecMode=1073741824
07-05 23:45:46.064 D/Carousel-UrlVideoView( 9821): heightSpecMode=1073741824
07-05 23:45:46.064 D/Carousel-UrlVideoView( 9821): widthSpecSize=816
07-05 23:45:46.065 D/Carousel-UrlVideoView( 9821): heightSpecSize=460
07-05 23:45:46.065 I/Carousel-UrlVideoView( 9821): onMeasure(MeasureSpec: EXACTLY 816, MeasureSpec: EXACTLY 460)
07-05 23:45:46.065 D/Carousel-UrlVideoView( 9821): widthSpecMode=1073741824
07-05 23:45:46.065 D/Carousel-UrlVideoView( 9821): heightSpecMode=1073741824
07-05 23:45:46.065 D/Carousel-UrlVideoView( 9821): widthSpecSize=816
07-05 23:45:46.065 D/Carousel-UrlVideoView( 9821): heightSpecSize=460
07-05 23:45:46.066 I/SurfaceView( 9821): Changes: creating=false format=false size=false visible=false left=true top=false
07-05 23:45:46.066 I/SurfaceView( 9821): Cur surface: Surface(name=null)/@0x3f8f27dc
07-05 23:45:46.068 D/Surface ( 1733): onStatusChange() : mNativeObject = 547942792704 mUseImageHwRender = false
07-05 23:45:46.068 V/Surface ( 1733): nativeSetHardwareRender() : status = 0
07-05 23:45:46.068 V/Surface ( 1733): nativeSetHardwareRender() : end
07-05 23:45:46.070 D/PowerManagerService( 1733): setScreenBrightnessOverrideFromWindowManagerInternal done
07-05 23:45:46.080 D/Surface ( 1733): onStatusChange() : mNativeObject = 0 mUseImageHwRender = false
07-05 23:45:46.084 D/Surface ( 9821): onStatusChange() : mNativeObject = -195821824 mUseImageHwRender = false
07-05 23:45:46.084 V/Surface ( 9821): nativeSetHardwareRender() : status = 0
07-05 23:45:46.084 V/Surface ( 9821): nativeSetHardwareRender() : end
07-05 23:45:46.084 I/SurfaceView( 9821): New surface: Surface(name=null)/@0x1e4130e5, vis=true, frame=Rect(419, 205 - 1235, 665)
07-05 23:45:46.084 D/Surface ( 9821): onStatusChange() : mNativeObject = 0 mUseImageHwRender = false
07-05 23:45:46.084 D/Surface ( 9821): onStatusChange() : mNativeObject = -195821824 mUseImageHwRender = false
07-05 23:45:46.084 V/Surface ( 9821): nativeSetHardwareRender() : status = 0
07-05 23:45:46.084 V/Surface ( 9821): nativeSetHardwareRender() : end
07-05 23:45:46.092 V/SurfaceView( 9821): Layout: x=419 y=205 w=816 h=460, frame=Rect(0, 0 - 816, 460)
07-05 23:45:46.095 I/MainHomeView( 9821): onPanelSlide0.0---left152
07-05 23:45:46.095 I/CurrentCarouselView( 9821): onCarouseControlCarouselControlBean{mShoudScroll=true, mActivityHasResume=false, mActivityHasStop=false, mHasTurnGone=false, mHasTurnVisible=false, mChannelId=-1, mSlideOffset=0.0, mShouldSelectCenter=false, mTabOpen=false, mHoriPosStatus=None, mVerPosStatus=None, mLevelStatus=None},isPlayingtrue,channelId=0
07-05 23:45:46.095 I/CurrentCarouselView( 9821): is not the current page
07-05 23:45:46.096 I/CurrentCarouselView( 9821): do scroll
07-05 23:45:46.096 D/Carousel-CarouselView( 9821): smoothScroll.
07-05 23:45:46.096 D/Carousel-CarouselDisplayPlayerLayout( 9821): isFullScreen:false
07-05 23:45:46.096 D/TabView ( 9821): onReceiveSlidingOffset ===>:0.0
07-05 23:45:46.098 D/Carousel-CarouselDisplayPlayerLayout( 9821): x=380, y=167,w=892,h=536, hashCode=893665721
07-05 23:45:46.098 D/Carousel-CarouselDisplayPlayerLayout( 9821): mX=381, mY=167,mWitdh=892,mHeight=536, hashCode=893665721
07-05 23:45:46.098 D/Carousel-CarouselDisplayPlayerLayout( 9821): changed=true, hashCode=893665721
07-05 23:45:46.098 D/Carousel-Utils( 9821): x=380,y=167, width=892,height=536
07-05 23:45:46.098 D/Carousel-CarouselDisplayPlayerLayout( 9821): x=380, y=167,w=892,h=536, hashCode=893665721
07-05 23:45:46.098 D/Carousel-CarouselDisplayPlayerLayout( 9821): mX=380, mY=167,mWitdh=892,mHeight=536, hashCode=893665721
07-05 23:45:46.098 D/Carousel-CarouselDisplayPlayerLayout( 9821): changed=false, hashCode=893665721
07-05 23:45:46.098 D/Carousel-CarouselDisplayPlayerLayout( 9821): extraTryCount=0
07-05 23:45:46.099 D/Carousel-CarouselDisplayPlayerLayout( 9821): x=380, y=167,w=892,h=536, hashCode=893665721
07-05 23:45:46.099 D/Carousel-CarouselDisplayPlayerLayout( 9821): mX=380, mY=167,mWitdh=892,mHeight=536, hashCode=893665721
07-05 23:45:46.099 D/Carousel-CarouselDisplayPlayerLayout( 9821): changed=false, hashCode=893665721
07-05 23:45:46.099 D/Carousel-CarouselDisplayPlayerLayout( 9821): extraTryCount=1
07-05 23:45:46.099 D/Carousel-CarouselDisplayPlayerLayout( 9821): x=380, y=167,w=892,h=536, hashCode=893665721
07-05 23:45:46.099 D/Carousel-CarouselDisplayPlayerLayout( 9821): mX=380, mY=167,mWitdh=892,mHeight=536, hashCode=893665721
07-05 23:45:46.099 D/Carousel-CarouselDisplayPlayerLayout( 9821): changed=false, hashCode=893665721
07-05 23:45:46.099 D/Carousel-CarouselDisplayPlayerLayout( 9821): extraTryCount=2
07-05 23:45:46.099 D/Carousel-CarouselDisplayPlayerLayout( 9821): x=380, y=167,w=892,h=536, hashCode=893665721
07-05 23:45:46.099 D/Carousel-CarouselDisplayPlayerLayout( 9821): mX=380, mY=167,mWitdh=892,mHeight=536, hashCode=893665721
07-05 23:45:46.099 D/Carousel-CarouselDisplayPlayerLayout( 9821): changed=false, hashCode=893665721
07-05 23:45:46.099 D/Carousel-CarouselDisplayPlayerLayout( 9821): extraTryCount=3
07-05 23:45:46.099 D/Carousel-CarouselDisplayPlayerLayout( 9821): x=380, y=167,w=892,h=536, hashCode=893665721
07-05 23:45:46.099 D/Carousel-CarouselDisplayPlayerLayout( 9821): mX=380, mY=167,mWitdh=892,mHeight=536, hashCode=893665721
07-05 23:45:46.099 D/Carousel-CarouselDisplayPlayerLayout( 9821): changed=false, hashCode=893665721
07-05 23:45:46.099 D/Carousel-CarouselDisplayPlayerLayout( 9821): extraTryCount=4
07-05 23:45:46.107 I/Carousel-UrlVideoView( 9821): onMeasure(MeasureSpec: EXACTLY 816, MeasureSpec: EXACTLY 460)
07-05 23:45:46.107 E/hwcomposer( 1204): Overlay 0 size changeed src {1920 1080} -> {1920, 1080} crop{0.000000 0.000000 1920.000000 1080.000000}->{0.000000 0.000000 1920.000000 1080.000000} dst{421 205 1237 665}->{419 205 1235 665}
07-05 23:45:46.107 D/Carousel-UrlVideoView( 9821): widthSpecMode=1073741824
07-05 23:45:46.107 D/Carousel-UrlVideoView( 9821): heightSpecMode=1073741824
07-05 23:45:46.107 D/Carousel-UrlVideoView( 9821): widthSpecSize=816
07-05 23:45:46.107 D/Carousel-UrlVideoView( 9821): heightSpecSize=460
07-05 23:45:46.107 I/Carousel-UrlVideoView( 9821): onMeasure(MeasureSpec: EXACTLY 816, MeasureSpec: EXACTLY 460)
07-05 23:45:46.107 D/Carousel-UrlVideoView( 9821): widthSpecMode=1073741824
07-05 23:45:46.107 D/Carousel-UrlVideoView( 9821): heightSpecMode=1073741824
07-05 23:45:46.107 D/Carousel-UrlVideoView( 9821): widthSpecSize=816
07-05 23:45:46.107 D/Carousel-UrlVideoView( 9821): heightSpecSize=460
07-05 23:45:46.108 I/SurfaceView( 9821): Changes: creating=false format=false size=false visible=false left=true top=false
07-05 23:45:46.108 I/SurfaceView( 9821): Cur surface: Surface(name=null)/@0x3f8f27dc
07-05 23:45:46.113 D/Surface ( 1733): onStatusChange() : mNativeObject = 547942792704 mUseImageHwRender = false
07-05 23:45:46.113 V/Surface ( 1733): nativeSetHardwareRender() : status = 0
07-05 23:45:46.113 V/Surface ( 1733): nativeSetHardwareRender() : end
07-05 23:45:46.115 D/PowerManagerService( 1733): setScreenBrightnessOverrideFromWindowManagerInternal done
07-05 23:45:46.117 D/Surface ( 1733): onStatusChange() : mNativeObject = 0 mUseImageHwRender = false
07-05 23:45:46.118 D/Surface ( 9821): onStatusChange() : mNativeObject = -528592384 mUseImageHwRender = false
07-05 23:45:46.118 V/Surface ( 9821): nativeSetHardwareRender() : status = 0
07-05 23:45:46.118 V/Surface ( 9821): nativeSetHardwareRender() : end
07-05 23:45:46.118 I/SurfaceView( 9821): New surface: Surface(name=null)/@0x1e4130e5, vis=true, frame=Rect(418, 205 - 1234, 665)
07-05 23:45:46.118 D/Surface ( 9821): onStatusChange() : mNativeObject = 0 mUseImageHwRender = false
07-05 23:45:46.118 D/Surface ( 9821): onStatusChange() : mNativeObject = -528592384 mUseImageHwRender = false
07-05 23:45:46.118 V/Surface ( 9821): nativeSetHardwareRender() : status = 0
07-05 23:45:46.118 V/Surface ( 9821): nativeSetHardwareRender() : end
