07-05 20:30:41.787 D/Surface ( 1733): onStatusChange() : mNativeObject = 547942785536 mUseImageHwRender = false
07-05 20:30:41.787 V/Surface ( 1733): nativeSetHardwareRender() : status = 0
07-05 20:30:41.787 V/Surface ( 1733): nativeSetHardwareRender() : end
07-05 20:30:41.789 D/PowerManagerService( 1733): acquireWakeLockInternal: lock=487931605, flags=0x2000000a, tag="WindowManager", ws=WorkSource{10010}, uid=1000, pid=1733
07-05 20:30:41.789 D/PowerManagerNotifier( 1733): onWakeLockAcquired: flags=536870922, tag="WindowManager", packageName=android, ownerUid=1000, ownerPid=1733, workSource=WorkSource{10010}
07-05 20:30:41.789 D/PowerManagerService( 1733): setScreenBrightnessOverrideFromWindowManagerInternal done
07-05 20:30:41.790 D/Surface ( 1733): onStatusChange() : mNativeObject = 0 mUseImageHwRender = false
07-05 20:30:41.792 I/FirstLineAdapter(29626): canShowTrailer,isOffline=false
07-05 20:30:41.792 I/FirstLineAdapter(29626): canShowTrailer,isOffline=false
07-05 20:30:41.792 I/FirstLineAdapter(29626): canShowTrailer,isOffline=false
07-05 20:30:41.792 I/FirstLineAdapter(29626): canShowTrailer,isOffline=false
07-05 20:30:41.792 I/FirstLineAdapter(29626): canShowTrailer,isOffline=false
07-05 20:30:41.792 I/FirstLineAdapter(29626): canShowTrailer,isOffline=false
07-05 20:30:41.792 I/FirstLineAdapter(29626): canShowTrailer,isOffline=false
07-05 20:30:41.793 I/FirstLineAdapter(29626): canShowTrailer,isOffline=false
07-05 20:30:41.793 I/FirstLineAdapter(29626): canShowTrailer,isOffline=false
07-05 20:30:41.794 I/TVMW@HsTvSetting( 1234): Trace cmd, data = 0x1058
07-05 20:30:41.794 D/til@system( 2026): til_get_system_param option:100002F int:0, bool:0, ret:0
07-05 20:30:41.795 I/TVMW@HsTvSetting( 1234): Trace cmd, data = 0x101f
07-05 20:30:41.795 D/til@system( 2026): til_get_system_param option:100001D int:3, bool:3, ret:0
07-05 20:30:41.795 E/til     ( 2026): [til_get_current_input_source, 101] 
07-05 20:30:41.796 I/TVMW@HsTvSetting( 1234): Trace cmd, data = 0x7007
07-05 20:30:41.796 I/tilwrapper@sm( 2026): HS2TIL_SourceType *hs=0xd, *til=0x900
07-05 20:30:41.796 D/til     ( 2026): get current source 2304
07-05 20:30:41.796 D/SourceRemoteServiceHandler( 2026): getCurrentInputSource.from.til.result is 0, value is 2304
07-05 20:30:41.796 D/SourceRemoteServiceHandler( 2026): getInputSourceType source: 0x900, type=2304
07-05 20:30:41.797 D/til     ( 2026): ###### func:til_get_picture_param option:0x3000006 ######  
07-05 20:30:41.797 I/TVMW@HsTvSetting( 1234): Trace cmd, data = 0x1003
07-05 20:30:41.798 I/TVMW@HsTvSetting( 1234): Trace cmd, data = 0x8032
07-05 20:30:41.799 I/hstvos  ( 1216): [0m[1;33m[HSHAL][HS_VIDEO][HS_HAL_Video_SetOsdDetect_v2][2389]u16Threshold = 20
07-05 20:30:41.799 E/TVMW@videoctrl( 1234):  getOsd is 1
07-05 20:30:41.799 D/til@system( 2026): til_get_system_param option:1000027 int:1, bool:1, ret:0
07-05 20:30:41.800 D/til     ( 2026): ###### func:til_get_picture_param option:0x3000045 ######  
07-05 20:30:41.800 I/TVMW@HsTvSetting( 1234): Trace cmd, data = 0x300c
07-05 20:30:41.800 I/TVMW@HsTvSetting( 1234): Trace 3d, data = 0x300c
07-05 20:30:41.800 I/TVMW@3d ( 1234): Hs_debug3d_trace: func:get3dStatus, line:109
07-05 20:30:41.802 I/MyFragmentStateAdapter(29626): getCount
07-05 20:30:42.019 D/PowerManagerService( 1733): acquireWakeLockInternal: lock=113832109, flags=0x1, tag="NetworkStats", ws=null, uid=1000, pid=1733
07-05 20:30:42.019 D/PowerManagerNotifier( 1733): onWakeLockAcquired: flags=1, tag="NetworkStats", packageName=android, ownerUid=1000, ownerPid=1733, workSource=null
07-05 20:30:42.020 D/NtpTrustedTime( 1733): currentTimeMillis() cache hit
07-05 20:30:42.031 D/NtpTrustedTime( 1733): currentTimeMillis() cache hit
07-05 20:30:42.032 D/NtpTrustedTime( 1733): currentTimeMillis() cache hit
07-05 20:30:42.032 D/NtpTrustedTime( 1733): currentTimeMillis() cache hit
07-05 20:30:42.036 D/PowerManagerService( 1733): releaseWakeLockInternal: lock=113832109 [NetworkStats], flags=0x0
07-05 20:30:42.036 D/PowerManagerNotifier( 1733): onWakeLockReleased: flags=1, tag="NetworkStats", packageName=android, ownerUid=1000, ownerPid=1733, workSource=null
07-05 20:30:42.070 I/MiSysSrv( 1214): [37m[INFO] Change to Voltage: 117 mv (0x32)[m
07-05 20:30:42.171 D/MSTAR_VDEC_DBG( 1206): Stream ID: 0, Rate : 24 (E:0,D:0,S:0,F:98) 
07-05 20:30:42.207 W/account ( 2411): ResignonThread==>mHandler.sendEmptyMessageDelayed(0, CYCLE_TIME);
07-05 20:30:42.302 I/TVMW@HsTvSetting( 1234): Trace cmd, data = 0x1058
07-05 20:30:42.302 D/til@system( 2026): til_get_system_param option:100002F int:0, bool:0, ret:0
07-05 20:30:42.302 I/TVMW@HsTvSetting( 1234): Trace cmd, data = 0x101f
07-05 20:30:42.303 D/til@system( 2026): til_get_system_param option:100001D int:3, bool:3, ret:0
07-05 20:30:42.303 E/til     ( 2026): [til_get_current_input_source, 101] 
07-05 20:30:42.303 I/TVMW@HsTvSetting( 1234): Trace cmd, data = 0x7007
07-05 20:30:42.303 I/tilwrapper@sm( 2026): HS2TIL_SourceType *hs=0xd, *til=0x900
07-05 20:30:42.303 D/til     ( 2026): get current source 2304
07-05 20:30:42.303 D/SourceRemoteServiceHandler( 2026): getCurrentInputSource.from.til.result is 0, value is 2304
07-05 20:30:42.303 D/SourceRemoteServiceHandler( 2026): getInputSourceType source: 0x900, type=2304
07-05 20:30:42.303 D/til     ( 2026): ###### func:til_get_picture_param option:0x3000006 ######  
07-05 20:30:42.303 I/TVMW@HsTvSetting( 1234): Trace cmd, data = 0x1003
07-05 20:30:42.304 I/TVMW@HsTvSetting( 1234): Trace cmd, data = 0x8032
07-05 20:30:42.304 I/hstvos  ( 1216): [0m[1;33m[HSHAL][HS_VIDEO][HS_HAL_Video_SetOsdDetect_v2][2389]u16Threshold = 20
07-05 20:30:42.305 E/TVMW@videoctrl( 1234):  getOsd is 1
07-05 20:30:42.305 D/til@system( 2026): til_get_system_param option:1000027 int:1, bool:1, ret:0
07-05 20:30:42.305 D/til     ( 2026): ###### func:til_get_picture_param option:0x3000045 ######  
07-05 20:30:42.306 I/TVMW@HsTvSetting( 1234): Trace cmd, data = 0x300c
07-05 20:30:42.306 I/TVMW@HsTvSetting( 1234): Trace 3d, data = 0x300c
07-05 20:30:42.306 I/TVMW@3d ( 1234): Hs_debug3d_trace: func:get3dStatus, line:109
07-05 20:30:42.369 I/MyFragmentStateAdapter(29626): getCount
07-05 20:30:42.376 I/MiSysSrv( 1214): [37m[INFO] Change to Voltage: 117 mv (0x32)[m
07-05 20:30:42.399 I/TVMW@devctrl( 1234): wdt
07-05 20:30:42.418 D/NativeDecimalFormat( 2945): NativeDecimalFormat_close print addr=3685660928
07-05 20:30:42.419 D/NativeDecimalFormat( 2945): NativeDecimalFormat_close print g_addr=3678681600
07-05 20:30:42.419 D/NativeDecimalFormat( 2945): NativeDecimalFormat_close print addr=3685690112
07-05 20:30:42.419 D/NativeDecimalFormat( 2945): NativeDecimalFormat_close print g_addr=3678681600
07-05 20:30:42.419 D/NativeDecimalFormat( 2945): NativeDecimalFormat_close print addr=3685692416
07-05 20:30:42.419 D/NativeDecimalFormat( 2945): NativeDecimalFormat_close print g_addr=3678681600
07-05 20:30:42.419 D/NativeDecimalFormat( 2945): NativeDecimalFormat_close print addr=3685693184
07-05 20:30:42.419 D/NativeDecimalFormat( 2945): NativeDecimalFormat_close print g_addr=3678681600
07-05 20:30:42.419 D/NativeDecimalFormat( 2945): NativeDecimalFormat_close print addr=3678677760
07-05 20:30:42.419 D/NativeDecimalFormat( 2945): NativeDecimalFormat_close print g_addr=3678681600
07-05 20:30:42.419 D/NativeDecimalFormat( 2945): NativeDecimalFormat_close print addr=3678678528
07-05 20:30:42.419 D/NativeDecimalFormat( 2945): NativeDecimalFormat_close print g_addr=3678681600
07-05 20:30:42.420 D/NativeDecimalFormat( 2945): NativeDecimalFormat_close print addr=3678680832
07-05 20:30:42.420 D/NativeDecimalFormat( 2945): NativeDecimalFormat_close print g_addr=3678681600
07-05 20:30:42.420 D/NativeDecimalFormat( 2945): NativeDecimalFormat_close print addr=3678681600
07-05 20:30:42.420 D/NativeDecimalFormat( 2945): NativeDecimalFormat_close print g_addr=3678681600
07-05 20:30:42.434 I/NetflixMonitorService( 1733): current fgapk : com.hisense.hicloud.edca
07-05 20:30:42.434 I/NetflixMonitorService( 1733): Netflix status unchanged
07-05 20:30:42.469 I/MiSysSrv( 1214): [37m[INFO] Change to Voltage: 117 mv (0x32)[m
07-05 20:30:42.475 D/GlobalInputEventMonitoringService( 1733): interceptKeyBeforeQueueing(), event:22, mNeedMonitorKeyEvent:true, mWaitForKeyUpEvent:false
07-05 20:30:42.475 D/GlobalInputEventMonitoringService( 1733): processKeyEvent(), processKeyEvent event:22
07-05 20:30:42.475 D/WindowManager( 1733): interceptKeyTq keycode=22 interactive=true keyguardActive=false policyFlags=2b000000 isCancled= false
07-05 20:30:42.475 D/PowerManagerService( 1733): userActivityNoUpdateLocked: eventTime=6684035, event=1, flags=0x0, uid=1000
07-05 20:30:42.476 D/WindowManager( 1733): interceptKeyTi keyCode=22 down=true repeatCount=0 keyguardOn=false mHomePressed=false canceled=false
07-05 20:30:42.476 D/WindowManager( 1733): Hisense systemkey event: 22
07-05 20:30:42.476 D/HisenseGlobalKeyManager( 1733): handleGlobalKey() : Global event = KeyEvent { action=ACTION_DOWN, keyCode=KEYCODE_DPAD_RIGHT, scanCode=0, metaState=0, flags=0x0, repeatCount=0, eventTime=6684035, downTime=6684035, deviceId=-1, source=0x101 }
07-05 20:30:42.488 D/SogouIME( 2203): [onKeyDown] keycode = 22 model = VIDAA_TV
07-05 20:30:42.496 D/Carousel-CarouselDisplayPlayerLayout(29626): HasFocus:false,keyCode:22
07-05 20:30:42.496 D/Carousel-CarouselDisplayPlayerLayout(29626): isFullScreen:false
07-05 20:30:42.496 I/HomeMainActivity(29626): carousel handle key:false
07-05 20:30:42.496 I/MainHomeView(29626): dispatchKeyEvent ACTION_DOWN now 
07-05 20:30:42.497 I/HomeMainActivity(29626): onKeyDown is 22
07-05 20:30:42.497 I/FirstlineLayoutManager(29626): left=218,width=1738,scroll Distance=-846
07-05 20:30:42.519 D/Carousel-CarouselView(29626): ============>onFocusChange=true
07-05 20:30:42.519 D/Carousel-CarouselDisplayPlayerLayout(29626): isFullScreen:false
07-05 20:30:42.519 D/Carousel-CarouselView(29626): isFullScreen:false,hasFocus:true
07-05 20:30:42.519 D/Carousel-CarouselView(29626): ============>offset=-266
07-05 20:30:42.533 D/Carousel-CarouselDisplayPlayerLayout(29626): showPlayerWindowTip showable:true
07-05 20:30:42.543 D/GlobalInputEventMonitoringService( 1733): interceptKeyBeforeQueueing(), event:22, mNeedMonitorKeyEvent:true, mWaitForKeyUpEvent:false
07-05 20:30:42.543 D/GlobalInputEventMonitoringService( 1733): processKeyEvent(), processKeyEvent event:22
07-05 20:30:42.543 D/WindowManager( 1733): interceptKeyTq keycode=22 interactive=true keyguardActive=false policyFlags=2b000000 isCancled= false
07-05 20:30:42.543 D/WindowManager( 1733): interceptKeyTi keyCode=22 down=false repeatCount=0 keyguardOn=false mHomePressed=false canceled=false
07-05 20:30:42.543 D/WindowManager( 1733): Hisense systemkey event: 22
07-05 20:30:42.544 D/HisenseGlobalKeyManager( 1733): handleGlobalKey() : Global event = KeyEvent { action=ACTION_UP, keyCode=KEYCODE_DPAD_RIGHT, scanCode=0, metaState=0, flags=0x0, repeatCount=0, eventTime=6684035, downTime=6684035, deviceId=-1, source=0x101 }
07-05 20:30:42.567 D/Carousel-CarouselDisplayPlayerLayout(29626): HasFocus:true,keyCode:22
07-05 20:30:42.567 D/Carousel-CarouselDisplayPlayerLayout(29626): isFullScreen:false
07-05 20:30:42.567 D/Carousel-CarouselDisplayPlayerLayout(29626): isFullScreen:false
07-05 20:30:42.567 I/HomeMainActivity(29626): carousel handle key:false
07-05 20:30:42.572 D/CommonHeader(29626): app logo :refreshTimer: isRotatetrue
07-05 20:30:42.582 V/InputMethodService( 2203): startInput(): editor=android.view.inputmethod.EditorInfo@3f0ba5de
07-05 20:30:42.582 V/InputMethodService( 2203): CALL: onFinishInput
07-05 20:30:42.634 E/SOGOUIME_JNI( 2203): reset
07-05 20:30:42.637 D/IntertrustDRMManager(29626): [TID 29834] wasabi runtime initialized success.
07-05 20:30:42.638 E/SOGOUIME_JNI( 2203): getCandidates
07-05 20:30:42.638 E/SOGOUIME_JNI( 2203): ime_get_uncommitted_length
07-05 20:30:42.638 E/SOGOUIME_JNI( 2203): getCandidates
07-05 20:30:42.638 D/SogouIME API( 2203): ==============num:32
07-05 20:30:42.638 E/SOGOUIME_JNI( 2203): ime_get_uncommitted_length
07-05 20:30:42.638 D/SogouIME( 2203): mFocusedComponent:30   isHkbEnable:false
07-05 20:30:42.639 E/SOGOUIME_JNI( 2203): ime_get_uncommitted_length
07-05 20:30:42.639 E/SOGOUIME_JNI( 2203): ime_get_committed_length
07-05 20:30:42.639 E/SOGOUIME_JNI( 2203): getComposingInfo
07-05 20:30:42.639 E/SOGOUIME_JNI( 2203): getComposingInfo
07-05 20:30:42.639 E/SOGOUIME_JNI( 2203): getCorrectInfo
07-05 20:30:42.639 E/SOGOUIME_JNI( 2203): getComposingInfo
07-05 20:30:42.639 V/InputMethodService( 2203): CALL: onStartInput
07-05 20:30:42.639 E/SOGOUIME_JNI( 2203): invalidateCommitWordPinyinNative
07-05 20:30:42.639 D/SogouIME( 2203): =====configKeyboard=======:false     false
07-05 20:30:42.639 E/SOGOUIME_JNI( 2203): ime_set_hard_kb_enable
07-05 20:30:42.770 I/MiSysSrv( 1214): [37m[INFO] Change to Voltage: 112 mv (0x2D)[m
07-05 20:30:42.773 D/ReminderManager( 2628): Checking reminders in 60000 ms
07-05 20:30:42.807 I/TVMW@HsTvSetting( 1234): Trace cmd, data = 0x1058
07-05 20:30:42.807 D/til@system( 2026): til_get_system_param option:100002F int:0, bool:0, ret:0
07-05 20:30:42.808 I/TVMW@HsTvSetting( 1234): Trace cmd, data = 0x101f
07-05 20:30:42.808 D/til@system( 2026): til_get_system_param option:100001D int:3, bool:3, ret:0
07-05 20:30:42.808 E/til     ( 2026): [til_get_current_input_source, 101] 
07-05 20:30:42.808 I/TVMW@HsTvSetting( 1234): Trace cmd, data = 0x7007
07-05 20:30:42.808 I/tilwrapper@sm( 2026): HS2TIL_SourceType *hs=0xd, *til=0x900
07-05 20:30:42.808 D/til     ( 2026): get current source 2304
07-05 20:30:42.808 D/SourceRemoteServiceHandler( 2026): getCurrentInputSource.from.til.result is 0, value is 2304
07-05 20:30:42.808 D/SourceRemoteServiceHandler( 2026): getInputSourceType source: 0x900, type=2304
07-05 20:30:42.808 D/til     ( 2026): ###### func:til_get_picture_param option:0x3000006 ######  
07-05 20:30:42.809 I/TVMW@HsTvSetting( 1234): Trace cmd, data = 0x1003
07-05 20:30:42.809 I/TVMW@HsTvSetting( 1234): Trace cmd, data = 0x8032
07-05 20:30:42.810 I/hstvos  ( 1216): [0m[1;33m[HSHAL][HS_VIDEO][HS_HAL_Video_SetOsdDetect_v2][2389]u16Threshold = 20
07-05 20:30:42.810 E/TVMW@videoctrl( 1234):  getOsd is 1
07-05 20:30:42.811 D/til@system( 2026): til_get_system_param option:1000027 int:1, bool:1, ret:0
07-05 20:30:42.811 D/til     ( 2026): ###### func:til_get_picture_param option:0x3000045 ######  
07-05 20:30:42.811 I/TVMW@HsTvSetting( 1234): Trace cmd, data = 0x300c
07-05 20:30:42.811 I/TVMW@HsTvSetting( 1234): Trace 3d, data = 0x300c
07-05 20:30:42.811 I/TVMW@3d ( 1234): Hs_debug3d_trace: func:get3dStatus, line:109
07-05 20:30:42.827 D/PowerManagerService( 1733): acquireWakeLockInternal: lock=113832109, flags=0x1, tag="NetworkStats", ws=null, uid=1000, pid=1733
07-05 20:30:42.827 D/PowerManagerNotifier( 1733): onWakeLockAcquired: flags=1, tag="NetworkStats", packageName=android, ownerUid=1000, ownerPid=1733, workSource=null
07-05 20:30:42.827 D/NtpTrustedTime( 1733): currentTimeMillis() cache hit
07-05 20:30:42.849 D/NtpTrustedTime( 1733): currentTimeMillis() cache hit
07-05 20:30:42.850 D/PowerManagerService( 1733): releaseWakeLockInternal: lock=113832109 [NetworkStats], flags=0x0
07-05 20:30:42.850 D/PowerManagerNotifier( 1733): onWakeLockReleased: flags=1, tag="NetworkStats", packageName=android, ownerUid=1000, ownerPid=1733, workSource=null
07-05 20:30:42.851 D/NtpTrustedTime( 1733): currentTimeMillis() cache hit
07-05 20:30:42.851 D/NtpTrustedTime( 1733): currentTimeMillis() cache hit
07-05 20:30:42.869 I/MiSysSrv( 1214): [37m[INFO] Change to Voltage: 107 mv (0x28)[m
07-05 20:30:42.970 I/MiSysSrv( 1214): [37m[INFO] Change to Voltage: 102 mv (0x23)[m
07-05 20:30:43.173 D/MSTAR_VDEC_DBG( 1206): Stream ID: 0, Rate : 23 (E:0,D:0,S:0,F:122) 
07-05 20:30:43.179 I/MyFragmentStateAdapter(29626): getCount
07-05 20:30:43.240 I/MyFragmentStateAdapter(29626): getCount
07-05 20:30:43.300 I/TVMW@devctrl( 1234): wdt
07-05 20:30:43.312 I/TVMW@HsTvSetting( 1234): Trace cmd, data = 0x1058
07-05 20:30:43.312 D/til@system( 2026): til_get_system_param option:100002F int:0, bool:0, ret:0
07-05 20:30:43.313 I/TVMW@HsTvSetting( 1234): Trace cmd, data = 0x101f
07-05 20:30:43.313 D/til@system( 2026): til_get_system_param option:100001D int:3, bool:3, ret:0
07-05 20:30:43.313 E/til     ( 2026): [til_get_current_input_source, 101] 
07-05 20:30:43.313 I/TVMW@HsTvSetting( 1234): Trace cmd, data = 0x7007
07-05 20:30:43.313 I/tilwrapper@sm( 2026): HS2TIL_SourceType *hs=0xd, *til=0x900
07-05 20:30:43.313 D/til     ( 2026): get current source 2304
07-05 20:30:43.314 D/SourceRemoteServiceHandler( 2026): getCurrentInputSource.from.til.result is 0, value is 2304
07-05 20:30:43.314 D/SourceRemoteServiceHandler( 2026): getInputSourceType source: 0x900, type=2304
07-05 20:30:43.314 D/til     ( 2026): ###### func:til_get_picture_param option:0x3000006 ######  
07-05 20:30:43.314 I/TVMW@HsTvSetting( 1234): Trace cmd, data = 0x1003
07-05 20:30:43.315 I/TVMW@HsTvSetting( 1234): Trace cmd, data = 0x8032
07-05 20:30:43.315 I/hstvos  ( 1216): [0m[1;33m[HSHAL][HS_VIDEO][HS_HAL_Video_SetOsdDetect_v2][2389]u16Threshold = 20
07-05 20:30:43.316 E/TVMW@videoctrl( 1234):  getOsd is 1
07-05 20:30:43.316 D/til@system( 2026): til_get_system_param option:1000027 int:1, bool:1, ret:0
07-05 20:30:43.316 D/til     ( 2026): ###### func:til_get_picture_param option:0x3000045 ######  
07-05 20:30:43.317 I/TVMW@HsTvSetting( 1234): Trace cmd, data = 0x300c
07-05 20:30:43.317 I/TVMW@HsTvSetting( 1234): Trace 3d, data = 0x300c
07-05 20:30:43.317 I/TVMW@3d ( 1234): Hs_debug3d_trace: func:get3dStatus, line:109
07-05 20:30:43.319 I/MyFragmentStateAdapter(29626): getCount
07-05 20:30:43.352 I/MyFragmentStateAdapter(29626): getCount
07-05 20:30:43.404 I/MyFragmentStateAdapter(29626): getCount
07-05 20:30:43.435 I/NetflixMonitorService( 1733): current fgapk : com.hisense.hicloud.edca
07-05 20:30:43.435 I/NetflixMonitorService( 1733): Netflix status unchanged
07-05 20:30:43.446 I/MyFragmentStateAdapter(29626): getCount
07-05 20:30:43.504 I/MyFragmentStateAdapter(29626): getCount
07-05 20:30:43.530 D/MC_MEMORY(17185): max: 256.261888 Mb, heap: 10.10782 Mb, allocated: 8.9049 Mb, free: 1.1734 Mb, native heap: 12.12276 Mb, native allocated: 8.8375 Mb, native free: 3.3901 Mb
07-05 20:30:43.572 I/MyFragmentStateAdapter(29626): getCount
07-05 20:30:43.582 D/GlobalInputEventMonitoringService( 1733): interceptKeyBeforeQueueing(), event:20, mNeedMonitorKeyEvent:true, mWaitForKeyUpEvent:false
07-05 20:30:43.582 D/GlobalInputEventMonitoringService( 1733): processKeyEvent(), processKeyEvent event:20
07-05 20:30:43.582 D/WindowManager( 1733): interceptKeyTq keycode=20 interactive=true keyguardActive=false policyFlags=2b000000 isCancled= false
07-05 20:30:43.583 D/PowerManagerService( 1733): userActivityNoUpdateLocked: eventTime=6685153, event=1, flags=0x0, uid=1000
07-05 20:30:43.583 D/WindowManager( 1733): interceptKeyTi keyCode=20 down=true repeatCount=0 keyguardOn=false mHomePressed=false canceled=false
07-05 20:30:43.583 D/WindowManager( 1733): Hisense systemkey event: 20
07-05 20:30:43.583 D/HisenseGlobalKeyManager( 1733): handleGlobalKey() : Global event = KeyEvent { action=ACTION_DOWN, keyCode=KEYCODE_DPAD_DOWN, scanCode=0, metaState=0, flags=0x0, repeatCount=0, eventTime=6685153, downTime=6685153, deviceId=-1, source=0x101 }
07-05 20:30:43.609 D/SogouIME( 2203): [onKeyDown] keycode = 20 model = VIDAA_TV
07-05 20:30:43.625 D/Carousel-CarouselDisplayPlayerLayout(29626): HasFocus:true,keyCode:20
07-05 20:30:43.625 D/Carousel-CarouselDisplayPlayerLayout(29626): isFullScreen:false
07-05 20:30:43.625 D/Carousel-CarouselDisplayPlayerLayout(29626): isFullScreen:false
07-05 20:30:43.625 I/HomeMainActivity(29626): carousel handle key:false
07-05 20:30:43.625 I/MainHomeView(29626): dispatchKeyEvent ACTION_DOWN now 
07-05 20:30:43.625 D/Carousel-CarouselDisplayPicLayout(29626): keyCode=20
07-05 20:30:43.626 I/FirstLineAdapter(29626): onCarouselKeyDown: output=true,event=KeyEvent { action=ACTION_DOWN, keyCode=KEYCODE_DPAD_DOWN, scanCode=0, metaState=0, flags=0x0, repeatCount=0, eventTime=6685153, downTime=6685153, deviceId=-1, source=0x101 }
07-05 20:30:43.626 I/HomeMainActivity(29626): onKeyDown is 20
07-05 20:30:43.626 I/BaseContentFragment(29626): setRowViewSelectedViewHolder{526d993 position=1 id=-1, oldPos=-1, pLpos:-1},isSelectedfalse
07-05 20:30:43.626 I/BaseContentFragment(29626): setRowViewSelectedViewHolder{2d2aa36f position=2 id=-1, oldPos=-1, pLpos:-1},isSelectedtrue
07-05 20:30:43.634 I/RoleContentFragment(29626): onChildSelected:2,lastPos=1
07-05 20:30:43.635 I/CurrentCarouselView(29626): onCarouseControlCarouselControlBean{mShoudScroll=false, mActivityHasResume=false, mActivityHasStop=false, mHasTurnGone=false, mHasTurnVisible=false, mChannelId=0, mSlideOffset=0.0, mShouldSelectCenter=false, mTabOpen=false, mHoriPosStatus=None, mVerPosStatus=Out, mLevelStatus=None},isPlayingtrue,channelId=0
07-05 20:30:43.635 I/CurrentCarouselView(29626): is the current page
07-05 20:30:43.635 I/CurrentCarouselView(29626): stopPlay
07-05 20:30:43.639 D/Carousel-CarouselView(29626): ============>onFocusChange=false
07-05 20:30:43.639 D/Carousel-CarouselDisplayPlayerLayout(29626): isFullScreen:false
07-05 20:30:43.639 D/Carousel-CarouselView(29626): isFullScreen:false,hasFocus:false
07-05 20:30:43.639 D/Carousel-CarouselView(29626): ============>offset=-1386
07-05 20:30:43.639 D/Carousel-CarouselDisplayPlayerLayout(29626): showPlayerWindowTip showable:false
07-05 20:30:43.647 D/GlobalInputEventMonitoringService( 1733): interceptKeyBeforeQueueing(), event:20, mNeedMonitorKeyEvent:true, mWaitForKeyUpEvent:false
07-05 20:30:43.647 D/GlobalInputEventMonitoringService( 1733): processKeyEvent(), processKeyEvent event:20
07-05 20:30:43.648 D/WindowManager( 1733): interceptKeyTq keycode=20 interactive=true keyguardActive=false policyFlags=2b000000 isCancled= false
07-05 20:30:43.649 D/WindowManager( 1733): interceptKeyTi keyCode=20 down=false repeatCount=0 keyguardOn=false mHomePressed=false canceled=false
07-05 20:30:43.649 D/WindowManager( 1733): Hisense systemkey event: 20
07-05 20:30:43.649 D/HisenseGlobalKeyManager( 1733): handleGlobalKey() : Global event = KeyEvent { action=ACTION_UP, keyCode=KEYCODE_DPAD_DOWN, scanCode=0, metaState=0, flags=0x0, repeatCount=0, eventTime=6685153, downTime=6685153, deviceId=-1, source=0x101 }
07-05 20:30:43.658 I/MyFragmentStateAdapter(29626): getCount
07-05 20:30:43.665 D/NativeDecimalFormat(14571): NativeDecimalFormat_close print addr=547943277312
07-05 20:30:43.665 D/NativeDecimalFormat(14571): NativeDecimalFormat_close print g_addr=547940857856
07-05 20:30:43.665 D/NativeDecimalFormat(14571): NativeDecimalFormat_close print addr=547940857856
07-05 20:30:43.666 D/NativeDecimalFormat(14571): NativeDecimalFormat_close print g_addr=547940857856
07-05 20:30:43.678 D/PowerManagerService( 1733): acquireWakeLockInternal: lock=113832109, flags=0x1, tag="NetworkStats", ws=null, uid=1000, pid=1733
07-05 20:30:43.678 D/PowerManagerNotifier( 1733): onWakeLockAcquired: flags=1, tag="NetworkStats", packageName=android, ownerUid=1000, ownerPid=1733, workSource=null
07-05 20:30:43.678 D/NtpTrustedTime( 1733): currentTimeMillis() cache hit
07-05 20:30:43.682 I/ContentBridgeAdapterListener(29626): onAddPresenter 3
07-05 20:30:43.691 I/ContentBridgeAdapterListener(29626): onCreate ViewHolder{a73c469 position=-1 id=-1, oldPos=-1, pLpos:-1 unbound no parent}
07-05 20:30:43.691 I/BaseContentFragment(29626): setUpSharedViewPoolViewHolder{a73c469 position=-1 id=-1, oldPos=-1, pLpos:-1 unbound no parent}
07-05 20:30:43.691 I/BaseContentFragment(29626): share view pool
07-05 20:30:43.691 I/BaseContentFragment(29626): setRowViewSelectedViewHolder{a73c469 position=-1 id=-1, oldPos=-1, pLpos:-1 unbound no parent},isSelectedfalse
07-05 20:30:43.692 I/head    (29626): item=com.hisense.tvui.newhome.presenter.TwoLineListRow@b58ceee
07-05 20:30:43.692 I/ContentBridgeAdapterListener(29626): onBind 
07-05 20:30:43.693 I/ContentBridgeAdapterListener(29626): onAttachedToWindow ViewHolder{a73c469 position=3 id=-1, oldPos=-1, pLpos:-1}
07-05 20:30:43.693 D/NtpTrustedTime( 1733): currentTimeMillis() cache hit
07-05 20:30:43.694 D/NtpTrustedTime( 1733): currentTimeMillis() cache hit
07-05 20:30:43.694 D/NtpTrustedTime( 1733): currentTimeMillis() cache hit
07-05 20:30:43.695 I/CardSelectionPresenter(29626): onCreateViewHoldercom.hisense.leanback.widget.HorizontalGridView{1df0cf8f VFE..... ......I. 0,0-0,0 #7f0d038e app:id/row_content}
07-05 20:30:43.696 D/PowerManagerService( 1733): releaseWakeLockInternal: lock=113832109 [NetworkStats], flags=0x0
07-05 20:30:43.696 D/PowerManagerNotifier( 1733): onWakeLockReleased: flags=1, tag="NetworkStats", packageName=android, ownerUid=1000, ownerPid=1733, workSource=null
07-05 20:30:43.707 I/CardSelectionPresenter(29626): onBindViewHolder
07-05 20:30:43.707 D/sloven  (29626): 1002---true
07-05 20:30:43.707 I/CardSelectionPresenter(29626): width=390,height=220
07-05 20:30:43.733 D/hailongqiu(29626): hailongqiu position:0
07-05 20:30:43.736 I/CardSelectionPresenter(29626): onCreateViewHoldercom.hisense.leanback.widget.HorizontalGridView{1df0cf8f VFE..... ......ID 0,0-1738,588 #7f0d038e app:id/row_content}
07-05 20:30:43.742 I/CardSelectionPresenter(29626): onBindViewHolder
07-05 20:30:43.742 D/sloven  (29626): 1002---true
07-05 20:30:43.742 I/CardSelectionPresenter(29626): width=390,height=220
07-05 20:30:43.746 I/CardSelectionPresenter(29626): onCreateViewHoldercom.hisense.leanback.widget.HorizontalGridView{1df0cf8f VFE..... ......ID 0,0-1738,588 #7f0d038e app:id/row_content}
07-05 20:30:43.751 I/CardSelectionPresenter(29626): onBindViewHolder
07-05 20:30:43.751 D/sloven  (29626): 1002---true
07-05 20:30:43.751 I/CardSelectionPresenter(29626): width=400,height=220
07-05 20:30:43.760 I/CardSelectionPresenter(29626): onCreateViewHoldercom.hisense.leanback.widget.HorizontalGridView{1df0cf8f VFE..... ......ID 0,0-1738,588 #7f0d038e app:id/row_content}
07-05 20:30:43.767 I/CardSelectionPresenter(29626): onBindViewHolder
07-05 20:30:43.767 D/sloven  (29626): 1002---true
07-05 20:30:43.767 I/CardSelectionPresenter(29626): width=400,height=220
07-05 20:30:43.772 I/CardSelectionPresenter(29626): onCreateViewHoldercom.hisense.leanback.widget.HorizontalGridView{1df0cf8f VFE..... ......ID 0,0-1738,588 #7f0d038e app:id/row_content}
07-05 20:30:43.779 I/CardSelectionPresenter(29626): onBindViewHolder
07-05 20:30:43.779 D/sloven  (29626): 1002---true
07-05 20:30:43.779 I/CardSelectionPresenter(29626): width=400,height=220
07-05 20:30:43.782 I/CardSelectionPresenter(29626): onCreateViewHoldercom.hisense.leanback.widget.HorizontalGridView{1df0cf8f VFE..... ......ID 0,0-1738,588 #7f0d038e app:id/row_content}
07-05 20:30:43.792 I/CardSelectionPresenter(29626): onBindViewHolder
07-05 20:30:43.792 D/sloven  (29626): 1002---true
07-05 20:30:43.792 I/CardSelectionPresenter(29626): width=400,height=220
07-05 20:30:43.796 I/CardSelectionPresenter(29626): onCreateViewHoldercom.hisense.leanback.widget.HorizontalGridView{1df0cf8f VFE..... ......ID 0,0-1738,588 #7f0d038e app:id/row_content}
07-05 20:30:43.806 I/CardSelectionPresenter(29626): onBindViewHolder
07-05 20:30:43.806 D/sloven  (29626): 2005---false
07-05 20:30:43.806 D/sloven  (29626): 2005
07-05 20:30:43.807 I/CardSelectionPresenter(29626): width=400,height=220
07-05 20:30:43.813 I/CardSelectionPresenter(29626): onCreateViewHoldercom.hisense.leanback.widget.HorizontalGridView{1df0cf8f VFE..... ......ID 0,0-1738,588 #7f0d038e app:id/row_content}
07-05 20:30:43.817 I/TVMW@HsTvSetting( 1234): Trace cmd, data = 0x1058
07-05 20:30:43.817 D/til@system( 2026): til_get_system_param option:100002F int:0, bool:0, ret:0
07-05 20:30:43.818 I/TVMW@HsTvSetting( 1234): Trace cmd, data = 0x101f
07-05 20:30:43.818 D/til@system( 2026): til_get_system_param option:100001D int:3, bool:3, ret:0
07-05 20:30:43.818 E/til     ( 2026): [til_get_current_input_source, 101] 
07-05 20:30:43.818 I/TVMW@HsTvSetting( 1234): Trace cmd, data = 0x7007
07-05 20:30:43.818 I/tilwrapper@sm( 2026): HS2TIL_SourceType *hs=0xd, *til=0x900
07-05 20:30:43.818 D/til     ( 2026): get current source 2304
07-05 20:30:43.818 D/SourceRemoteServiceHandler( 2026): getCurrentInputSource.from.til.result is 0, value is 2304
07-05 20:30:43.818 D/SourceRemoteServiceHandler( 2026): getInputSourceType source: 0x900, type=2304
07-05 20:30:43.819 D/til     ( 2026): ###### func:til_get_picture_param option:0x3000006 ######  
07-05 20:30:43.819 I/TVMW@HsTvSetting( 1234): Trace cmd, data = 0x1003
07-05 20:30:43.819 I/TVMW@HsTvSetting( 1234): Trace cmd, data = 0x8032
07-05 20:30:43.820 I/hstvos  ( 1216): [0m[1;33m[HSHAL][HS_VIDEO][HS_HAL_Video_SetOsdDetect_v2][2389]u16Threshold = 20
07-05 20:30:43.820 I/CardSelectionPresenter(29626): onBindViewHolder
07-05 20:30:43.820 D/sloven  (29626): 2005---false
07-05 20:30:43.820 D/sloven  (29626): 2005
07-05 20:30:43.820 E/TVMW@videoctrl( 1234):  getOsd is 1
07-05 20:30:43.820 D/til@system( 2026): til_get_system_param option:1000027 int:1, bool:1, ret:0
07-05 20:30:43.820 D/til     ( 2026): ###### func:til_get_picture_param option:0x3000045 ######  
07-05 20:30:43.820 I/TVMW@HsTvSetting( 1234): Trace cmd, data = 0x300c
07-05 20:30:43.820 I/TVMW@HsTvSetting( 1234): Trace 3d, data = 0x300c
07-05 20:30:43.820 I/TVMW@3d ( 1234): Hs_debug3d_trace: func:get3dStatus, line:109
07-05 20:30:43.821 I/CardSelectionPresenter(29626): width=400,height=220
07-05 20:30:43.825 I/CardSelectionPresenter(29626): onCreateViewHoldercom.hisense.leanback.widget.HorizontalGridView{1df0cf8f VFE..... ......ID 0,0-1738,588 #7f0d038e app:id/row_content}
07-05 20:30:43.833 I/CardSelectionPresenter(29626): onBindViewHolder
07-05 20:30:43.833 D/sloven  (29626): 2005---false
07-05 20:30:43.833 D/sloven  (29626): 2005
07-05 20:30:43.834 I/CardSelectionPresenter(29626): width=400,height=220
07-05 20:30:43.843 I/CardSelectionPresenter(29626): onCreateViewHoldercom.hisense.leanback.widget.HorizontalGridView{1df0cf8f VFE..... ......ID 0,0-1738,588 #7f0d038e app:id/row_content}
07-05 20:30:43.853 I/CardSelectionPresenter(29626): onBindViewHolder
07-05 20:30:43.854 D/sloven  (29626): 2005---false
07-05 20:30:43.854 D/sloven  (29626): 2005
07-05 20:30:43.854 I/CardSelectionPresenter(29626): width=400,height=220
07-05 20:30:43.860 I/MyFragmentStateAdapter(29626): getCount
07-05 20:30:43.860 I/MyFragmentStateAdapter(29626): getCount
07-05 20:30:43.860 I/MyFragmentStateAdapter(29626): getCount
07-05 20:30:43.860 I/MyFragmentStateAdapter(29626): getCount
07-05 20:30:43.861 I/FirstLineAdapter(29626): canShowTrailer,isOffline=false
07-05 20:30:43.861 I/FirstLineAdapter(29626): canShowTrailer,isOffline=false
07-05 20:30:43.861 I/FirstLineAdapter(29626): canShowTrailer,isOffline=false
07-05 20:30:43.861 I/FirstLineAdapter(29626): canShowTrailer,isOffline=false
07-05 20:30:43.861 I/FirstLineAdapter(29626): canShowTrailer,isOffline=false
07-05 20:30:43.861 I/FirstLineAdapter(29626): canShowTrailer,isOffline=false
07-05 20:30:43.861 I/FirstLineAdapter(29626): canShowTrailer,isOffline=false
07-05 20:30:43.862 I/FirstLineAdapter(29626): canShowTrailer,isOffline=false
07-05 20:30:43.862 I/FirstLineAdapter(29626): canShowTrailer,isOffline=false
07-05 20:30:43.866 D/Carousel-CarouselView(29626): ============>onScrollChanged hashCode:958950284
07-05 20:30:43.866 D/Carousel-CarouselDisplayPlayerLayout(29626): isFullScreen:false
07-05 20:30:43.886 I/MyFragmentStateAdapter(29626): getCount
07-05 20:30:43.893 D/Carousel-CarouselDisplayPlayerLayout(29626): HasFocus:false,keyCode:20
07-05 20:30:43.893 D/Carousel-CarouselDisplayPlayerLayout(29626): isFullScreen:false
07-05 20:30:43.893 I/HomeMainActivity(29626): carousel handle key:false
07-05 20:30:43.893 D/Carousel-CarouselView(29626): setPosterAndStopPlay! hashCode=958950284, sWorkingHashCode=958950284
07-05 20:30:43.893 D/Carousel-CarouselDisplayPlayerLayout(29626): isFullScreen:false
07-05 20:30:43.893 D/Carousel-Utils(29626): displayImage view=android.widget.ImageView{2ef01db G.ED.... ........ 0,0-816,460 #7f0d0029 app:id/imageView1}
07-05 20:30:43.893 D/Carousel-Utils(29626): displayImage url=http://picture.edu.hismarttv.com/images/20170629010146422927.jpg
07-05 20:30:43.894 D/Carousel-Utils(29626): onResourceReady.
07-05 20:30:43.896 D/Carousel-Utils(29626): displayImage view=android.widget.ImageView{576555f G.ED.... ........ 0,0-816,460 #7f0d0029 app:id/imageView1}
07-05 20:30:43.896 D/Carousel-Utils(29626): displayImage url=http://picture.edu.hismarttv.com/images/20170629010146422927.jpg
07-05 20:30:43.896 D/Carousel-Utils(29626): onResourceReady.
07-05 20:30:43.898 D/Carousel-CarouselDisplayPlayerLayout(29626): isFullScreen:false
07-05 20:30:43.901 V/InputMethodService( 2203): startInput(): editor=android.view.inputmethod.EditorInfo@c3373bf
07-05 20:30:43.901 V/InputMethodService( 2203): CALL: onFinishInput
07-05 20:30:43.902 E/SOGOUIME_JNI( 2203): reset
07-05 20:30:43.902 E/SOGOUIME_JNI( 2203): getCandidates
07-05 20:30:43.902 E/SOGOUIME_JNI( 2203): ime_get_uncommitted_length
07-05 20:30:43.902 E/SOGOUIME_JNI( 2203): getCandidates
07-05 20:30:43.902 D/SogouIME API( 2203): ==============num:32
07-05 20:30:43.902 E/SOGOUIME_JNI( 2203): ime_get_uncommitted_length
07-05 20:30:43.902 D/SogouIME( 2203): mFocusedComponent:30   isHkbEnable:false
07-05 20:30:43.903 E/SOGOUIME_JNI( 2203): ime_get_uncommitted_length
07-05 20:30:43.903 E/SOGOUIME_JNI( 2203): ime_get_committed_length
07-05 20:30:43.903 E/SOGOUIME_JNI( 2203): getComposingInfo
07-05 20:30:43.903 E/SOGOUIME_JNI( 2203): getComposingInfo
07-05 20:30:43.903 E/SOGOUIME_JNI( 2203): getCorrectInfo
07-05 20:30:43.903 E/SOGOUIME_JNI( 2203): getComposingInfo
07-05 20:30:43.903 V/InputMethodService( 2203): CALL: onStartInput
07-05 20:30:43.904 E/SOGOUIME_JNI( 2203): invalidateCommitWordPinyinNative
07-05 20:30:43.904 I/ContentBridgeAdapterListener(29626): onDetachedFromWindow ViewHolder{1964d134 position=0 id=-1, oldPos=-1, pLpos:-1}
07-05 20:30:43.904 D/SogouIME( 2203): =====configKeyboard=======:false     false
07-05 20:30:43.904 E/SOGOUIME_JNI( 2203): ime_set_hard_kb_enable
07-05 20:30:43.907 I/MyFragmentStateAdapter(29626): getCount
07-05 20:30:43.907 I/MyFragmentStateAdapter(29626): getCount
07-05 20:30:43.907 I/MyFragmentStateAdapter(29626): getCount
07-05 20:30:43.907 I/MyFragmentStateAdapter(29626): getCount
07-05 20:30:43.910 D/Surface ( 1733): onStatusChange() : mNativeObject = 547942785536 mUseImageHwRender = false
07-05 20:30:43.910 V/Surface ( 1733): nativeSetHardwareRender() : status = 0
07-05 20:30:43.910 V/Surface ( 1733): nativeSetHardwareRender() : end
07-05 20:30:43.912 D/PowerManagerService( 1733): releaseWakeLockInternal: lock=487931605 [WindowManager], flags=0x0
07-05 20:30:43.912 D/PowerManagerNotifier( 1733): onWakeLockReleased: flags=536870922, tag="WindowManager", packageName=android, ownerUid=1000, ownerPid=1733, workSource=WorkSource{10010}
07-05 20:30:43.912 D/PowerManagerService( 1733): userActivityNoUpdateLocked: eventTime=6685484, event=0, flags=0x1, uid=1000
07-05 20:30:43.912 D/PowerManagerService( 1733): setScreenBrightnessOverrideFromWindowManagerInternal done
07-05 20:30:43.915 D/Surface ( 1733): onStatusChange() : mNativeObject = 0 mUseImageHwRender = false
07-05 20:30:43.916 I/FirstLineAdapter(29626): canShowTrailer,isOffline=false
07-05 20:30:43.916 I/FirstLineAdapter(29626): canShowTrailer,isOffline=false
07-05 20:30:43.916 I/FirstLineAdapter(29626): canShowTrailer,isOffline=false
07-05 20:30:43.916 I/FirstLineAdapter(29626): canShowTrailer,isOffline=false
07-05 20:30:43.916 I/FirstLineAdapter(29626): canShowTrailer,isOffline=false
07-05 20:30:43.916 I/FirstLineAdapter(29626): canShowTrailer,isOffline=false
07-05 20:30:43.916 I/FirstLineAdapter(29626): canShowTrailer,isOffline=false
07-05 20:30:43.918 I/FirstLineAdapter(29626): canShowTrailer,isOffline=false
07-05 20:30:43.918 I/FirstLineAdapter(29626): canShowTrailer,isOffline=false
07-05 20:30:43.928 D/Carousel-CarouselView(29626): ============>onScrollChanged hashCode:958950284
07-05 20:30:43.928 D/Carousel-CarouselDisplayPlayerLayout(29626): isFullScreen:false
07-05 20:30:43.931 I/MyFragmentStateAdapter(29626): getCount
07-05 20:30:43.937 D/Carousel-CarouselDisplayPlayerLayout(29626): x=380, y=-184,w=892,h=536, hashCode=432228362
07-05 20:30:43.937 D/Carousel-CarouselDisplayPlayerLayout(29626): mX=380, mY=167,mWitdh=892,mHeight=536, hashCode=432228362
07-05 20:30:43.937 D/Carousel-CarouselDisplayPlayerLayout(29626): changed=true, hashCode=432228362
07-05 20:30:43.937 D/Carousel-Utils(29626): x=380,y=-184, width=892,height=536
07-05 20:30:43.937 D/Carousel-CarouselView(29626): onWindowOutScreen!
07-05 20:30:43.937 D/Carousel-CarouselView(29626): OnScrollStart DisplayPlayerLayout isnot shown return.
07-05 20:30:43.942 D/Carousel-CarouselView(29626): ============>onScrollChanged hashCode:958950284
07-05 20:30:43.942 D/Carousel-CarouselDisplayPlayerLayout(29626): isFullScreen:false
07-05 20:30:43.953 D/Carousel-CarouselDisplayPlayerLayout(29626): x=380, y=-185,w=892,h=536, hashCode=432228362
07-05 20:30:43.953 D/Carousel-CarouselDisplayPlayerLayout(29626): mX=380, mY=-184,mWitdh=892,mHeight=536, hashCode=432228362
07-05 20:30:43.953 D/Carousel-CarouselDisplayPlayerLayout(29626): changed=true, hashCode=432228362
07-05 20:30:43.953 D/Carousel-Utils(29626): x=380,y=-185, width=892,height=536
07-05 20:30:43.953 D/Carousel-CarouselView(29626): setPosterAndStopPlay! hashCode=958950284, sWorkingHashCode=958950284
07-05 20:30:43.953 D/Carousel-CarouselDisplayPlayerLayout(29626): isFullScreen:false
07-05 20:30:43.953 D/Carousel-Utils(29626): displayImage view=android.widget.ImageView{2ef01db V.ED.... ........ 0,0-816,460 #7f0d0029 app:id/imageView1}
07-05 20:30:43.953 D/Carousel-Utils(29626): displayImage url=http://picture.edu.hismarttv.com/images/20170629010146422927.jpg
07-05 20:30:43.956 D/Carousel-Utils(29626): onResourceReady.
07-05 20:30:43.957 D/Carousel-Utils(29626): displayImage view=android.widget.ImageView{576555f V.ED.... ......ID 0,0-816,460 #7f0d0029 app:id/imageView1}
07-05 20:30:43.958 D/Carousel-Utils(29626): displayImage url=http://picture.edu.hismarttv.com/images/20170629010146422927.jpg
07-05 20:30:43.969 D/Carousel-Utils(29626): onResourceReady.
07-05 20:30:43.969 D/Carousel-CarouselDisplayPlayerLayout(29626): isFullScreen:false
07-05 20:30:43.970 D/Carousel-CarouselDisplayPlayerLayout(29626): x=380, y=-185,w=892,h=536, hashCode=432228362
07-05 20:30:43.970 D/Carousel-CarouselDisplayPlayerLayout(29626): mX=380, mY=-185,mWitdh=892,mHeight=536, hashCode=432228362
07-05 20:30:43.970 D/Carousel-CarouselDisplayPlayerLayout(29626): changed=false, hashCode=432228362
07-05 20:30:43.970 D/Carousel-CarouselDisplayPlayerLayout(29626): extraTryCount=0
07-05 20:30:43.973 D/Carousel-CarouselDisplayPlayerLayout(29626): x=380, y=-185,w=892,h=536, hashCode=432228362
07-05 20:30:43.973 D/Carousel-CarouselDisplayPlayerLayout(29626): mX=380, mY=-185,mWitdh=892,mHeight=536, hashCode=432228362
07-05 20:30:43.973 D/Carousel-CarouselDisplayPlayerLayout(29626): changed=false, hashCode=432228362
07-05 20:30:43.974 D/Carousel-CarouselDisplayPlayerLayout(29626): extraTryCount=1
07-05 20:30:43.978 I/MyFragmentStateAdapter(29626): getCount
07-05 20:30:43.978 I/MyFragmentStateAdapter(29626): getCount
07-05 20:30:43.978 I/MyFragmentStateAdapter(29626): getCount
07-05 20:30:43.978 I/MyFragmentStateAdapter(29626): getCount
07-05 20:30:43.979 I/FirstLineAdapter(29626): canShowTrailer,isOffline=false
07-05 20:30:43.979 I/FirstLineAdapter(29626): canShowTrailer,isOffline=false
07-05 20:30:43.979 I/FirstLineAdapter(29626): canShowTrailer,isOffline=false
07-05 20:30:43.979 I/FirstLineAdapter(29626): canShowTrailer,isOffline=false
07-05 20:30:43.979 I/FirstLineAdapter(29626): canShowTrailer,isOffline=false
07-05 20:30:43.979 I/FirstLineAdapter(29626): canShowTrailer,isOffline=false
07-05 20:30:43.979 I/FirstLineAdapter(29626): canShowTrailer,isOffline=false
07-05 20:30:43.980 I/FirstLineAdapter(29626): canShowTrailer,isOffline=false
07-05 20:30:43.980 I/FirstLineAdapter(29626): canShowTrailer,isOffline=false
07-05 20:30:43.988 I/MyFragmentStateAdapter(29626): getCount
07-05 20:30:43.997 D/Carousel-CarouselDisplayPlayerLayout(29626): x=380, y=-185,w=892,h=536, hashCode=432228362
07-05 20:30:43.997 D/Carousel-CarouselDisplayPlayerLayout(29626): mX=380, mY=-185,mWitdh=892,mHeight=536, hashCode=432228362
07-05 20:30:43.997 D/Carousel-CarouselDisplayPlayerLayout(29626): changed=false, hashCode=432228362
07-05 20:30:43.997 D/Carousel-CarouselDisplayPlayerLayout(29626): extraTryCount=2
07-05 20:30:44.081 D/Carousel-CarouselDisplayPlayerLayout(29626): x=380, y=-185,w=892,h=536, hashCode=432228362
07-05 20:30:44.082 D/Carousel-CarouselDisplayPlayerLayout(29626): mX=380, mY=-185,mWitdh=892,mHeight=536, hashCode=432228362
07-05 20:30:44.082 D/Carousel-CarouselDisplayPlayerLayout(29626): changed=false, hashCode=432228362
07-05 20:30:44.082 D/Carousel-CarouselDisplayPlayerLayout(29626): extraTryCount=3
07-05 20:30:44.082 D/Carousel-CarouselDisplayPlayerLayout(29626): x=380, y=-185,w=892,h=536, hashCode=432228362
07-05 20:30:44.082 D/Carousel-CarouselDisplayPlayerLayout(29626): mX=380, mY=-185,mWitdh=892,mHeight=536, hashCode=432228362
07-05 20:30:44.082 D/Carousel-CarouselDisplayPlayerLayout(29626): changed=false, hashCode=432228362
07-05 20:30:44.082 D/Carousel-CarouselDisplayPlayerLayout(29626): extraTryCount=4
07-05 20:30:44.087 D/CardItemView(29626): handleFocus subtile===>:
07-05 20:30:44.087 D/HttpHandler(29626): VerifySignInterCeptor-->request.url()=http://picture.edu.hismarttv.com/images/20170629/20161111081033896636.jpg
07-05 20:30:44.087 D/HttpHandler(29626): VerifySignInterCeptor-->hostname=picture.edu.hismarttv.com
07-05 20:30:44.093 D/HttpHandler(29626): VerifySignInterCeptor-->request.url()=http://picture.edu.hismarttv.com/images/20170630060641226550.jpg
07-05 20:30:44.093 D/HttpHandler(29626): VerifySignInterCeptor-->hostname=picture.edu.hismarttv.com
07-05 20:30:44.095 D/OkHttp  (29626): --> GET http://picture.edu.hismarttv.com/images/20170629/20161111081033896636.jpg http/1.1
07-05 20:30:44.095 D/OkHttp  (29626): Host: picture.edu.hismarttv.com
07-05 20:30:44.095 D/OkHttp  (29626): Connection: Keep-Alive
07-05 20:30:44.095 D/OkHttp  (29626): Accept-Encoding: gzip
07-05 20:30:44.095 D/OkHttp  (29626): User-Agent: okhttp/3.6.0
07-05 20:30:44.095 D/OkHttp  (29626): --> END GET
07-05 20:30:44.096 D/HttpHandler(29626): VerifySignInterCeptor-->request.url()=http://picture.edu.hismarttv.com/images/
07-05 20:30:44.096 D/HttpHandler(29626): VerifySignInterCeptor-->hostname=picture.edu.hismarttv.com
07-05 20:30:44.097 D/HttpHandler(29626): VerifySignInterCeptor-->request.url()=http://picture.edu.hismarttv.com/images/20170630035014817721.jpg
07-05 20:30:44.097 D/HttpHandler(29626): VerifySignInterCeptor-->hostname=picture.edu.hismarttv.com
07-05 20:30:44.098 I/MyFragmentStateAdapter(29626): getCount
07-05 20:30:44.099 I/MyFragmentStateAdapter(29626): getCount
07-05 20:30:44.100 I/MyFragmentStateAdapter(29626): getCount
07-05 20:30:44.100 I/MyFragmentStateAdapter(29626): getCount
07-05 20:30:44.102 D/OkHttp  (29626): --> GET http://picture.edu.hismarttv.com/images/20170630060641226550.jpg http/1.1
07-05 20:30:44.102 D/OkHttp  (29626): Host: picture.edu.hismarttv.com
07-05 20:30:44.102 D/OkHttp  (29626): Connection: Keep-Alive
07-05 20:30:44.102 D/OkHttp  (29626): Accept-Encoding: gzip
07-05 20:30:44.102 D/OkHttp  (29626): User-Agent: okhttp/3.6.0
07-05 20:30:44.102 D/OkHttp  (29626): --> END GET
07-05 20:30:44.102 D/OkHttp  (29626): --> GET http://picture.edu.hismarttv.com/images/20170630035014817721.jpg http/1.1
07-05 20:30:44.102 D/OkHttp  (29626): Host: picture.edu.hismarttv.com
07-05 20:30:44.102 D/OkHttp  (29626): Connection: Keep-Alive
07-05 20:30:44.102 D/OkHttp  (29626): Accept-Encoding: gzip
07-05 20:30:44.102 D/OkHttp  (29626): User-Agent: okhttp/3.6.0
07-05 20:30:44.102 D/OkHttp  (29626): --> END GET
07-05 20:30:44.103 D/HttpHandler(29626): HttpDNS-->hostname=picture.edu.hismarttv.com
07-05 20:30:44.106 D/HttpHandler(29626): RAMCache-->hostInfo.getClientTimeStamp()=6673746
07-05 20:30:44.106 D/HttpHandler(29626): RAMCache-->hostInfo.getTtl()=300
07-05 20:30:44.106 D/HttpHandler(29626): RAMCache-->SystemClock.elapsedRealtime()=6685678
07-05 20:30:44.107 I/MyFragmentStateAdapter(29626): getCount
07-05 20:30:44.112 D/Carousel-CarouselDisplayPlayerLayout(29626): x=380, y=-185,w=892,h=536, hashCode=432228362
07-05 20:30:44.112 D/Carousel-CarouselDisplayPlayerLayout(29626): mX=380, mY=-185,mWitdh=892,mHeight=536, hashCode=432228362
07-05 20:30:44.112 D/Carousel-CarouselDisplayPlayerLayout(29626): changed=false, hashCode=432228362
07-05 20:30:44.112 D/Carousel-CarouselDisplayPlayerLayout(29626): extraTryCount=5
07-05 20:30:44.116 D/HttpHandler(29626): DNSHelper-->gslbDns=["153.35.175.121","220.202.77.124","153.35.175.120","125.46.22.134","218.58.206.58","220.202.77.116","123.128.14.209"]
07-05 20:30:44.119 D/Carousel-CarouselDisplayPlayerLayout(29626): x=380, y=-185,w=892,h=536, hashCode=432228362
07-05 20:30:44.119 D/Carousel-CarouselDisplayPlayerLayout(29626): mX=380, mY=-185,mWitdh=892,mHeight=536, hashCode=432228362
07-05 20:30:44.119 D/Carousel-CarouselDisplayPlayerLayout(29626): changed=false, hashCode=432228362
07-05 20:30:44.119 D/Carousel-CarouselDisplayPlayerLayout(29626): extraTryCount=6
07-05 20:30:44.119 D/Carousel-CarouselDisplayPlayerLayout(29626): x=380, y=-185,w=892,h=536, hashCode=432228362
07-05 20:30:44.119 D/Carousel-CarouselDisplayPlayerLayout(29626): mX=380, mY=-185,mWitdh=892,mHeight=536, hashCode=432228362
07-05 20:30:44.119 D/Carousel-CarouselDisplayPlayerLayout(29626): changed=false, hashCode=432228362
07-05 20:30:44.119 D/Carousel-CarouselDisplayPlayerLayout(29626): extraTryCount=7
07-05 20:30:44.121 D/Carousel-CarouselDisplayPlayerLayout(29626): x=380, y=-185,w=892,h=536, hashCode=432228362
07-05 20:30:44.121 D/Carousel-CarouselDisplayPlayerLayout(29626): mX=380, mY=-185,mWitdh=892,mHeight=536, hashCode=432228362
07-05 20:30:44.121 D/Carousel-CarouselDisplayPlayerLayout(29626): changed=false, hashCode=432228362
07-05 20:30:44.121 D/Carousel-CarouselDisplayPlayerLayout(29626): extraTryCount=8
07-05 20:30:44.134 D/OkHttp  (29626): <-- 200 OK http://picture.edu.hismarttv.com/images/20170630060641226550.jpg (31ms)
07-05 20:30:44.134 D/OkHttp  (29626): Date: Tue, 04 Jul 2017 01:17:05 GMT
07-05 20:30:44.134 D/OkHttp  (29626): Server: nginx
07-05 20:30:44.134 D/OkHttp  (29626): Content-Type: image/jpeg
07-05 20:30:44.134 D/OkHttp  (29626): Content-Length: 121881
07-05 20:30:44.134 D/OkHttp  (29626): Last-Modified: Fri, 30 Jun 2017 06:06:41 GMT
07-05 20:30:44.134 D/OkHttp  (29626): ETag: "5955ea71-1dc19"
07-05 20:30:44.134 D/OkHttp  (29626): Accept-Ranges: bytes
07-05 20:30:44.134 D/OkHttp  (29626): Age: 126819
07-05 20:30:44.134 D/OkHttp  (29626): Via: 1.1 wangt170:6 (Cdn Cache Server V2.0)[32 200 0], 1.1 t93:5 (Cdn Cache Server V2.0)[0 200 0]
07-05 20:30:44.134 D/OkHttp  (29626): Connection: keep-alive
07-05 20:30:44.134 D/OkHttp  (29626): <-- END HTTP
07-05 20:30:44.137 D/HttpHandler(29626): RetryIntercepter-->retryNum=0
07-05 20:30:44.137 D/HttpHandler(29626): RetryIntercepter-->backoffmutiplier=0
07-05 20:30:44.147 D/OkHttp  (29626): --> GET http://picture.edu.hismarttv.com/images/ http/1.1
07-05 20:30:44.147 D/OkHttp  (29626): Host: picture.edu.hismarttv.com
07-05 20:30:44.147 D/OkHttp  (29626): Connection: Keep-Alive
07-05 20:30:44.147 D/OkHttp  (29626): Accept-Encoding: gzip
07-05 20:30:44.147 D/OkHttp  (29626): User-Agent: okhttp/3.6.0
07-05 20:30:44.147 D/OkHttp  (29626): --> END GET
07-05 20:30:44.152 D/Carousel-CarouselDisplayPlayerLayout(29626): x=380, y=-185,w=892,h=536, hashCode=432228362
07-05 20:30:44.152 D/Carousel-CarouselDisplayPlayerLayout(29626): mX=380, mY=-185,mWitdh=892,mHeight=536, hashCode=432228362
07-05 20:30:44.152 D/Carousel-CarouselDisplayPlayerLayout(29626): changed=false, hashCode=432228362
07-05 20:30:44.152 D/Carousel-CarouselDisplayPlayerLayout(29626): extraTryCount=9
07-05 20:30:44.152 D/Carousel-CarouselDisplayPlayerLayout(29626): x=380, y=-185,w=892,h=536, hashCode=432228362
07-05 20:30:44.153 D/Carousel-CarouselDisplayPlayerLayout(29626): mX=380, mY=-185,mWitdh=892,mHeight=536, hashCode=432228362
07-05 20:30:44.153 D/Carousel-CarouselDisplayPlayerLayout(29626): changed=false, hashCode=432228362
07-05 20:30:44.153 D/Carousel-CarouselDisplayPlayerLayout(29626): isFullScreen:false
07-05 20:30:44.153 D/Carousel-CarouselView(29626): ===========>mDisplayPlayerLayout.getVisibility()=8
07-05 20:30:44.153 D/Carousel-CarouselView(29626): OnScrollEnd Visibility is gone return.
07-05 20:30:44.153 D/OkHttp  (29626): <-- 200 OK http://picture.edu.hismarttv.com/images/20170630035014817721.jpg (50ms)
07-05 20:30:44.153 D/OkHttp  (29626): Date: Tue, 04 Jul 2017 01:17:04 GMT
07-05 20:30:44.153 D/OkHttp  (29626): Server: nginx
07-05 20:30:44.153 D/OkHttp  (29626): Content-Type: image/jpeg
07-05 20:30:44.153 D/OkHttp  (29626): Content-Length: 108221
07-05 20:30:44.153 D/OkHttp  (29626): Last-Modified: Fri, 30 Jun 2017 03:50:14 GMT
07-05 20:30:44.153 D/OkHttp  (29626): ETag: "5955ca76-1a6bd"
07-05 20:30:44.153 D/OkHttp  (29626): Accept-Ranges: bytes
07-05 20:30:44.153 D/OkHttp  (29626): Age: 126820
