07-05 22:39:48.031 V/WindowManager( 1733): Adding window Window{1aec465 u0 com.jamdeo.launcher/com.jamdeo.launcher.app.BaseTileActivity} at 10 of 19 (before Window{111a87fb u0 Starting com.jamdeo.launcher})
07-05 22:39:48.035 D/PowerManagerService( 1733): wakeUp: eventTime=14429606
07-05 22:39:48.035 D/PowerManagerService( 1733): wakeUpInternal: eventTime=14429606, uid=1000
07-05 22:39:48.035 D/PowerManagerService( 1733): wakeUpNoUpdateLocked: eventTime=14429606, uid=1000
07-05 22:39:48.059 D/PowerManagerService( 1733): setScreenBrightnessOverrideFromWindowManagerInternal done
07-05 22:39:48.074 D/PowerManagerService( 1733): setScreenBrightnessOverrideFromWindowManagerInternal done
07-05 22:39:48.104 D/TvInputManagerService( 1733): call enableMotionEventNotifier:false
07-05 22:39:48.118 D/TvInputManagerService( 1733): call enableMotionEventNotifier:false
07-05 22:39:48.124 D/PowerManagerService( 1733): wakeUp: eventTime=14429693
07-05 22:39:48.124 D/PowerManagerService( 1733): wakeUpInternal: eventTime=14429693, uid=1000
07-05 22:39:48.124 D/PowerManagerService( 1733): wakeUpNoUpdateLocked: eventTime=14429693, uid=1000
07-05 22:39:48.248 I/NetflixMonitorService( 1733): current fgapk : com.hisense.hicloud.edca
07-05 22:39:48.248 I/NetflixMonitorService( 1733): Netflix status unchanged
07-05 22:39:48.311 V/WindowManager( 1733): Adding window Window{26cc41e1 u0 Starting com.hisense.hicloud.edca} at 12 of 20 (after Window{111a87fb u0 Starting com.jamdeo.launcher})
07-05 22:39:48.324 D/PowerManagerService( 1733): setScreenBrightnessOverrideFromWindowManagerInternal done
07-05 22:39:48.325 D/PowerManagerService( 1733): setScreenBrightnessOverrideFromWindowManagerInternal done
07-05 22:39:48.327 W/ActivityManager( 1733): Unable to start service Intent { act=com.jamdeo.tilelibrary.VidaaTileService pkg=com.jamdeo.launcher } U=0: not found
07-05 22:39:48.382 D/PowerManagerService( 1733): setScreenBrightnessOverrideFromWindowManagerInternal done
07-05 22:39:48.384 D/PowerManagerService( 1733): setScreenBrightnessOverrideFromWindowManagerInternal done
07-05 22:39:48.387 D/PowerManagerService( 1733): setScreenBrightnessOverrideFromWindowManagerInternal done
07-05 22:39:48.394 D/PowerManagerService( 1733): setScreenBrightnessOverrideFromWindowManagerInternal done
07-05 22:39:48.397 D/PowerManagerService( 1733): setScreenBrightnessOverrideFromWindowManagerInternal done
07-05 22:39:48.418 D/PowerManagerService( 1733): setScreenBrightnessOverrideFromWindowManagerInternal done
07-05 22:39:48.826 D/PowerManagerService( 1733): setScreenBrightnessOverrideFromWindowManagerInternal done
07-05 22:39:48.829 D/PowerManagerService( 1733): setScreenBrightnessOverrideFromWindowManagerInternal done
07-05 22:39:49.249 I/NetflixMonitorService( 1733): current fgapk : com.hisense.hicloud.edca
07-05 22:39:49.249 I/NetflixMonitorService( 1733): Netflix status unchanged
07-05 22:39:50.249 I/NetflixMonitorService( 1733): current fgapk : com.hisense.hicloud.edca
07-05 22:39:50.249 I/NetflixMonitorService( 1733): Netflix status unchanged
07-05 22:39:51.088 V/WindowManager( 1733): Adding window Window{12386daf u0 com.hisense.hicloud.edca/com.hisense.hicloud.edca.activity.EntryActivity} at 10 of 19 (before Window{26cc41e1 u0 Starting com.hisense.hicloud.edca})
07-05 22:39:51.250 I/NetflixMonitorService( 1733): current fgapk : com.hisense.hicloud.edca
07-05 22:39:51.250 I/NetflixMonitorService( 1733): Netflix status unchanged
07-05 22:39:51.359 D/PowerManagerService( 1733): setScreenBrightnessOverrideFromWindowManagerInternal done
07-05 22:39:51.361 D/PowerManagerService( 1733): setScreenBrightnessOverrideFromWindowManagerInternal done
07-05 22:39:51.580 D/PowerManagerService( 1733): setScreenBrightnessOverrideFromWindowManagerInternal done
07-05 22:39:51.584 D/PowerManagerService( 1733): setScreenBrightnessOverrideFromWindowManagerInternal done
07-05 22:39:51.589 D/PowerManagerService( 1733): setScreenBrightnessOverrideFromWindowManagerInternal done
07-05 22:39:51.594 D/PowerManagerService( 1733): setScreenBrightnessOverrideFromWindowManagerInternal done
07-05 22:39:51.663 D/PowerManagerService( 1733): releaseWakeLockInternal: lock=681732318 [ActivityManager-Launch], flags=0x0
07-05 22:39:51.664 D/PowerManagerNotifier( 1733): onWakeLockReleased: flags=1, tag="ActivityManager-Launch", packageName=android, ownerUid=1000, ownerPid=1733, workSource=null
07-05 22:39:51.776 D/PowerManagerService( 1733): setScreenBrightnessOverrideFromWindowManagerInternal done
07-05 22:39:51.779 D/PowerManagerService( 1733): setScreenBrightnessOverrideFromWindowManagerInternal done
07-05 22:39:52.250 I/NetflixMonitorService( 1733): current fgapk : com.hisense.hicloud.edca
07-05 22:39:52.250 I/NetflixMonitorService( 1733): Netflix status unchanged
07-05 22:39:52.931 D/TileTransitionManager( 1733): getActivityContainer not enter cts mode
07-05 22:39:52.932 D/JamdeoActivityStackSupervisor( 1733): get currentSiloName
07-05 22:39:52.932 I/ActivityManager( 1733): START u0 {cmp=com.hisense.hicloud.edca/com.hisense.tvui.newhome.HomeMainActivity} from uid 10010 on display 0
07-05 22:39:52.936 D/PowerManagerService( 1733): setScreenBrightnessOverrideFromWindowManagerInternal done
07-05 22:39:52.943 D/PowerManagerService( 1733): setScreenBrightnessOverrideFromWindowManagerInternal done
07-05 22:39:52.945 V/WindowManager( 1733): addAppToken: AppWindowToken{3f0263a7 token=Token{f924466 ActivityRecord{27ac44c1 u0 com.hisense.hicloud.edca/com.hisense.tvui.newhome.HomeMainActivity t5290}}} to stack=161 task=5290 at 1
07-05 22:39:52.945 I/UsageStatsService( 1733): paused component:com.hisense.hicloud.edca
07-05 22:39:52.945 V/UsageStatsService( 1733): Paused: 14434516   Component: com.hisense.hicloud.edca/com.hisense.hicloud.edca.activity.EntryActivity   Time: 1499265592945 LastSessionTime: 5062 CumulativeSessionTime: 5637421
07-05 22:39:52.945 D/UsageStatsService( 1733): UsageStats: broadcasting intent
07-05 22:39:52.945 W/ContextImpl( 1733): Calling a method in the system process without a qualified user: android.app.ContextImpl.sendBroadcast:1327 com.android.server.usage.UsageStatsService.insertUsageStats:1104 com.android.server.usage.UsageStatsService$PkgUsageStatsExtended.updatePause:979 com.android.server.usage.UsageStatsService$LocalService.notePauseComponent:808 com.android.server.am.ActivityManagerService.updateUsageStats:3173 
07-05 22:39:52.947 D/UsageStatsService( 1733): User[0] Got usage event for com.hisense.hicloud.edca[1499265592945]: MOVE_TO_BACKGROUND
07-05 22:39:52.948 D/PowerManagerService( 1733): acquireWakeLockInternal: lock=681732318, flags=0x1, tag="ActivityManager-Launch", ws=null, uid=1000, pid=1733
07-05 22:39:52.948 D/PowerManagerNotifier( 1733): onWakeLockAcquired: flags=1, tag="ActivityManager-Launch", packageName=android, ownerUid=1000, ownerPid=1733, workSource=null
07-05 22:39:53.067 I/UsageStatsService( 1733): resumed component name is ComponentInfo{com.hisense.hicloud.edca/com.hisense.tvui.newhome.HomeMainActivity}
07-05 22:39:53.067 I/UsageStatsService( 1733): started component:com.hisense.hicloud.edca
07-05 22:39:53.067 V/UsageStatsService( 1733): Resumed: 14434639   Component: com.hisense.hicloud.edca/com.hisense.tvui.newhome.HomeMainActivity   Time: 1499265593067 VersionCode: 652   LastUpdateTime: 1499256171569
07-05 22:39:53.067 D/UsageStatsService( 1733): UsageStats: broadcasting intent
07-05 22:39:53.068 W/ContextImpl( 1733): Calling a method in the system process without a qualified user: android.app.ContextImpl.sendBroadcast:1327 com.android.server.usage.UsageStatsService.insertUsageStats:1104 com.android.server.usage.UsageStatsService$PkgUsageStatsExtended.updateResume:962 com.android.server.usage.UsageStatsService$LocalService.noteResumeComponent:759 com.android.server.am.ActivityManagerService.updateUsageStats:3164 
07-05 22:39:53.070 D/UsageStatsService( 1733): User[0] Got usage event for com.hisense.hicloud.edca[1499265593067]: MOVE_TO_FOREGROUND
07-05 22:39:53.071 D/PowerManagerService( 1733): setScreenBrightnessOverrideFromWindowManagerInternal done
07-05 22:39:53.072 I/ActivityManager( 1733): TR16) TaskRecord{1840dbcf #5290 A=com.hisense.hicloud.edca U=0 sz=2}
07-05 22:39:53.072 I/ActivityManager( 1733): TR15) TaskRecord{cd10cea #4980 A=com.jamdeo.launcher U=0 sz=1}
07-05 22:39:53.073 V/ActivityManager( 1733): set mstar.EnterOpaqueUI false
07-05 22:39:53.251 I/NetflixMonitorService( 1733): current fgapk : com.hisense.hicloud.edca
07-05 22:39:53.251 I/NetflixMonitorService( 1733): Netflix status unchanged
--------- beginning of main
07-05 22:39:53.706 D/HttpBuilder( 5248): getOperationDetail-plmNumber : 88888
07-05 22:39:53.706 D/HttpBuilder( 5248): getOperationDetail-swVersion : V0000.00.01A
07-05 22:39:53.706 D/HttpBuilder( 5248): getOperationDetail-operationDetail : LED50MU8600UC0000888
07-05 22:39:53.715 D/HttpHandler( 5248): DNSHelper-->gslbDns=["123.103.91.123"]
07-05 22:39:53.736 I/HttpBuilder( 5248): addUrlPublicParams mUrl ==>http://api.edu.hismarttv.com/payment/api/order/getValidOrders?start=0&rows=1000&accessToken=72DF6038D2AEAB8A76DFBBBBCC428A4A_002169071801908&customerId=7195320&devType=0&devid=86100300900000500000060a4818fca8&valid=1&sign=8bf1d9011cd39dbda18f242a40ebe8d6&uuid=13287129&mac=a8:a6:48:18:fc:a8&version=00.002.003&subscriberId=13287129&model_id=0&APPPackage=com.hisense.hicloud.edca&PFAPPCode=652&APPVersionName=3.0.0.9.00&ChannelId=0&softwareVersion=LED50MU8600UC0000888&tv_distribute_id=00&APIVersion=600
07-05 22:39:53.737 D/RECREATE( 5248): onCreate ===>---isRecreate:false
07-05 22:39:53.738 D/HttpHandler( 5248): VerifySignInterCeptor-->request.url()=http://api.edu.hismarttv.com/payment/api/order/getValidOrders?start=0&rows=1000&accessToken=72DF6038D2AEAB8A76DFBBBBCC428A4A_002169071801908&customerId=7195320&devType=0&devid=86100300900000500000060a4818fca8&valid=1&sign=8bf1d9011cd39dbda18f242a40ebe8d6&uuid=13287129&mac=a8:a6:48:18:fc:a8&version=00.002.003&subscriberId=13287129&model_id=0&APPPackage=com.hisense.hicloud.edca&PFAPPCode=652&APPVersionName=3.0.0.9.00&ChannelId=0&softwareVersion=LED50MU8600UC0000888&tv_distribute_id=00&APIVersion=600
07-05 22:39:53.738 D/HttpHandler( 5248): VerifySignInterCeptor-->hostname=api.edu.hismarttv.com
07-05 22:39:53.741 D/HttpHandler( 5248): HttpDNS-->hostname=api.edu.hismarttv.com
07-05 22:39:53.742 D/HttpHandler( 5248): RAMCache-->hostInfo.getClientTimeStamp()=14433576
07-05 22:39:53.742 D/HttpHandler( 5248): RAMCache-->hostInfo.getTtl()=3600
07-05 22:39:53.742 D/HttpHandler( 5248): RAMCache-->SystemClock.elapsedRealtime()=14435314
07-05 22:39:53.742 I/BaseContentFragment( 5248): activity onStart
07-05 22:39:53.742 D/test    ( 5248): vidaaVersion=
07-05 22:39:53.743 W/Activity( 5248): changePanelKeyPadStateIfNecessary() : false
07-05 22:39:53.743 V/InputManager( 5248): setPanelKeyPadConvertState() : false
07-05 22:39:53.747 D/OkHttp  ( 5248): --> GET http://api.edu.hismarttv.com/payment/api/query/all/member/order?uuid=13287129&mac=a8:a6:48:18:fc:a8&devid=86100300900000500000060a4818fca8&version=00.002.003&subscriberId=13287129&customerId=7195320&model_id=0&APPPackage=com.hisense.hicloud.edca&PFAPPCode=652&APPVersionName=3.0.0.9.00&ChannelId=0&softwareVersion=LED50MU8600UC0000888&tv_distribute_id=00&devType=0&APIVersion=600&accessToken=72DF6038D2AEAB8A76DFBBBBCC428A4A_002169071801908 http/1.1
07-05 22:39:53.747 D/OkHttp  ( 5248): Data_Type: JSON
07-05 22:39:53.747 D/OkHttp  ( 5248): RetryTime: 0
07-05 22:39:53.747 D/OkHttp  ( 5248): Backoffmutiplier: 0
07-05 22:39:53.747 D/OkHttp  ( 5248): Host: api.edu.hismarttv.com
07-05 22:39:53.747 D/OkHttp  ( 5248): Connection: Keep-Alive
07-05 22:39:53.747 D/OkHttp  ( 5248): Accept-Encoding: gzip
07-05 22:39:53.747 D/OkHttp  ( 5248): User-Agent: okhttp/3.6.0
07-05 22:39:53.747 D/OkHttp  ( 5248): --> END GET
07-05 22:39:53.755 D/HttpHandler( 5248): DNSHelper-->gslbDns=["123.103.91.123"]
07-05 22:39:53.760 W/SoLibHelper( 5248): copySoLibToHost copy(libWasabiJni.so) true
07-05 22:39:53.760 W/SoLibHelper( 5248): copySoLibToHost scan(entry=lib/armeabi/libqyclient_common.so, isDirectory=false)
07-05 22:39:53.760 W/SoLibHelper( 5248): copySoLibToHost scan(soName=libqyclient_common.so)
07-05 22:39:53.760 W/FileUtils( 5248): createNewFile(), path=/data/data/com.hisense.hicloud.edca/files/plugin/2.1.0.59986/pluginplayer/1.64.0.59984/pluginplayer-release-1.64.0.59984-libs/libqyclient_common.so
07-05 22:39:53.760 W/FileUtils( 5248): createNewFile(), path is not empty!
07-05 22:39:53.760 W/FileUtils( 5248): createNewFile(), path is file!
07-05 22:39:53.761 W/FileUtils( 5248): createNewFile(), path createNewFile true
07-05 22:39:53.761 W/FileUtils( 5248): createNewFile(), return=true
07-05 22:39:53.769 I/MiSysSrv( 1214): [37m[INFO] Change to Voltage: 117 mv (0x32)[m
07-05 22:39:53.775 I/FileInstallUntils( 5248): filePath = /data/data/com.hisense.hicloud.edca/files/AccountManager4_4.00.3.3.0.apk
07-05 22:39:53.780 V/PackageManager( 1733): getPackageInfo com.hisense.hitv.hicloud.account: Package{f28cbb com.hisense.hitv.hicloud.account}
07-05 22:39:53.780 I/FileInstallUntils( 5248): --compareVersionName--upgradeVersion==4.00.3.3.0--localVersion==4.00.3.6.0
07-05 22:39:53.781 I/FileInstallUntils( 5248): checkAppVersion-- exitnot update----packageName==com.hisense.hitv.hicloud.account
07-05 22:39:53.781 I/BaseApplication( 5248): checkAccount start
07-05 22:39:53.781 I/HttpDnsUtils( 5248): checkAccount--url==http://api.edu.hismarttv.com/usercenter/api/checkAccount
07-05 22:39:53.782 D/til@system( 2026): til_get_system_param option:1000007 int:-1936525184, bool:128, ret:0
07-05 22:39:53.783 D/til@system( 2026): til_get_system_param option:1000009 int:-1936523008, bool:0, ret:0
07-05 22:39:53.783 D/til@system( 2026): til_get_system_param option:1000008 int:-1815633792, bool:128, ret:0
07-05 22:39:53.783 D/HttpBuilder( 5248): getOperationDetail-productName : LED50MU8600UC
07-05 22:39:53.783 D/HttpBuilder( 5248): getOperationDetail-plmNumber : 88888
07-05 22:39:53.783 D/HttpBuilder( 5248): getOperationDetail-swVersion : V0000.00.01A
07-05 22:39:53.783 D/HttpBuilder( 5248): getOperationDetail-operationDetail : LED50MU8600UC0000888
07-05 22:39:53.787 D/OkHttp  ( 5248): --> GET http://api.edu.hismarttv.com/payment/api/order/getValidOrders?start=0&rows=1000&accessToken=72DF6038D2AEAB8A76DFBBBBCC428A4A_002169071801908&customerId=7195320&devType=0&devid=86100300900000500000060a4818fca8&valid=1&sign=8bf1d9011cd39dbda18f242a40ebe8d6&uuid=13287129&mac=a8:a6:48:18:fc:a8&version=00.002.003&subscriberId=13287129&model_id=0&APPPackage=com.hisense.hicloud.edca&PFAPPCode=652&APPVersionName=3.0.0.9.00&ChannelId=0&softwareVersion=LED50MU8600UC0000888&tv_distribute_id=00&APIVersion=600 http/1.1
07-05 22:39:53.787 D/OkHttp  ( 5248): Data_Type: JSON
07-05 22:39:53.787 D/OkHttp  ( 5248): RetryTime: 0
07-05 22:39:53.787 D/OkHttp  ( 5248): Backoffmutiplier: 0
07-05 22:39:53.787 D/OkHttp  ( 5248): Host: api.edu.hismarttv.com
07-05 22:39:53.787 D/OkHttp  ( 5248): Connection: Keep-Alive
07-05 22:39:53.787 D/OkHttp  ( 5248): Accept-Encoding: gzip
07-05 22:39:53.787 D/OkHttp  ( 5248): User-Agent: okhttp/3.6.0
07-05 22:39:53.787 D/OkHttp  ( 5248): --> END GET
07-05 22:39:53.797 D/OkHttp  ( 5248): <-- 200 OK http://api.edu.hismarttv.com/payment/api/query/all/member/order?uuid=13287129&mac=a8:a6:48:18:fc:a8&devid=86100300900000500000060a4818fca8&version=00.002.003&subscriberId=13287129&customerId=7195320&model_id=0&APPPackage=com.hisense.hicloud.edca&PFAPPCode=652&APPVersionName=3.0.0.9.00&ChannelId=0&softwareVersion=LED50MU8600UC0000888&tv_distribute_id=00&devType=0&APIVersion=600&accessToken=72DF6038D2AEAB8A76DFBBBBCC428A4A_002169071801908 (50ms)
07-05 22:39:53.797 D/OkHttp  ( 5248): Server: nginx
07-05 22:39:54.409 D/TabView ( 5248): 
07-05 22:39:54.411 D/HttpHandler( 5248): GslbDNS-->hostName=118.178.149.42
07-05 22:39:54.415 D/HttpHandler( 5248): HttpDNS-->hostname=picture.edu.hismarttv.com
07-05 22:39:54.417 D/HttpHandler( 5248): VerifySignInterCeptor-->request.url()=http://picture.edu.hismarttv.com/images/20170628115357740238.png
07-05 22:39:54.417 D/HttpHandler( 5248): VerifySignInterCeptor-->hostname=picture.edu.hismarttv.com
07-05 22:39:54.418 D/TabView ( 5248): 
07-05 22:39:54.420 D/TabView ( 5248): 
07-05 22:39:54.420 D/HttpHandler( 5248): VerifySignInterCeptor-->request.url()=http://picture.edu.hismarttv.com/images/20170628111729989045.png
07-05 22:39:54.421 D/HttpHandler( 5248): VerifySignInterCeptor-->hostname=picture.edu.hismarttv.com
07-05 22:39:54.426 D/HttpHandler( 5248): HttpDNS-->hostname=picture.edu.hismarttv.com
07-05 22:39:54.426 D/TabView ( 5248): 
07-05 22:39:54.430 D/HttpHandler( 5248): DNSRetryIntercepter-->http://118.178.149.42/d?device_id=86100300900000500000060a4818fca8&host=b5d1d96093f9d07d386917b5d3b91cdcb031311b90271792b45951b69dc9c054dc862a7c9178ba82684e325a98b554b4&last=
07-05 22:39:54.430 D/HttpHandler( 5248): DNSRetryIntercepter-->118.178.149.42
07-05 22:39:54.430 D/HttpHandler( 5248): DNSRetryIntercepter-->http://118.178.149.42/d?device_id=86100300900000500000060a4818fca8&host=b5d1d96093f9d07d386917b5d3b91cdcb031311b90271792b45951b69dc9c054dc862a7c9178ba82684e325a98b554b4&last=
07-05 22:39:54.430 D/HttpHandler( 5248): DNSRetryIntercepter-->118.178.149.42
07-05 22:39:54.430 D/TabView ( 5248): 
07-05 22:39:54.432 D/HttpHandler( 5248): GslbDNS-->hostName=118.178.149.42
07-05 22:39:54.432 D/HttpHandler( 5248): GslbDNS-->hostName=118.178.149.42
07-05 22:39:54.433 D/TabView ( 5248): 
07-05 22:39:54.436 D/TabView ( 5248): 
07-05 22:39:54.437 D/TabView ( 5248): 
07-05 22:39:54.441 D/TabView ( 5248): 
07-05 22:39:54.443 D/TabView ( 5248): 
07-05 22:39:54.445 D/TabView ( 5248): 
07-05 22:39:54.446 D/TabView ( 5248): 
07-05 22:39:54.447 D/HttpHandler( 5248): HttpDNS-->hostname=picture.edu.hismarttv.com
07-05 22:39:54.692 E/btif_config( 2964): [btif_config_get] node is TRUE!
07-05 22:39:54.692 E/btif_config( 2964): [btif_config_get] ret is TRUE!
07-05 22:39:54.874 E/btif_config( 2964): [btif_config_get] node is TRUE!
07-05 22:39:54.874 E/btif_config( 2964): [btif_config_get] ret is TRUE!
07-05 22:39:54.895 I/TVMW@HsTvSetting( 1234): Trace cmd, data = 0x1058
07-05 22:39:54.895 D/til@system( 2026): til_get_system_param option:100002F int:0, bool:0, ret:0
07-05 22:39:54.895 I/TVMW@HsTvSetting( 1234): Trace cmd, data = 0x101f
07-05 22:39:54.895 D/til@system( 2026): til_get_system_param option:100001D int:3, bool:3, ret:0
07-05 22:39:54.895 E/til     ( 2026): [til_get_current_input_source, 101] 
07-05 22:39:54.895 I/TVMW@HsTvSetting( 1234): Trace cmd, data = 0x7007
07-05 22:39:54.895 I/tilwrapper@sm( 2026): HS2TIL_SourceType *hs=0xd, *til=0x900
07-05 22:39:54.895 D/til     ( 2026): get current source 2304
07-05 22:39:54.895 D/SourceRemoteServiceHandler( 2026): getCurrentInputSource.from.til.result is 0, value is 2304
07-05 22:39:54.895 D/SourceRemoteServiceHandler( 2026): getInputSourceType source: 0x900, type=2304
07-05 22:39:54.896 D/til     ( 2026): ###### func:til_get_picture_param option:0x3000006 ######  
07-05 22:39:54.896 I/TVMW@HsTvSetting( 1234): Trace cmd, data = 0x1003
07-05 22:39:54.896 I/TVMW@HsTvSetting( 1234): Trace cmd, data = 0x8032
07-05 22:39:54.896 I/hstvos  ( 1216): [0m[1;33m[HSHAL][HS_VIDEO][HS_HAL_Video_SetOsdDetect_v2][2389]u16Threshold = 20
07-05 22:39:54.896 E/TVMW@videoctrl( 1234):  getOsd is 1
07-05 22:39:54.897 I/MiSysSrv( 1214): Not support now! 42, change to mm_video!!!
07-05 22:39:54.897 D/til@system( 2026): til_get_system_param option:1000027 int:1, bool:1, ret:0
07-05 22:39:54.897 D/til     ( 2026): ###### func:til_get_picture_param option:0x3000045 ######  
07-05 22:39:54.897 I/TVMW@HsTvSetting( 1234): Trace cmd, data = 0x300c
07-05 22:39:54.897 I/TVMW@HsTvSetting( 1234): Trace 3d, data = 0x300c
07-05 22:39:54.897 I/TVMW@3d ( 1234): Hs_debug3d_trace: func:get3dStatus, line:109
07-05 22:39:54.972 I/TVMW@devctrl( 1234): wdt
07-05 22:39:55.058 E/btif_config( 2964): [btif_config_get] node is TRUE!
07-05 22:39:55.058 E/btif_config( 2964): [btif_config_get] ret is TRUE!
07-05 22:39:55.139 D/TabView ( 5248): 
07-05 22:39:55.146 D/TabView ( 5248): 
07-05 22:39:55.148 D/TabView ( 5248): 
07-05 22:39:55.149 D/TabView ( 5248): 
07-05 22:39:55.151 D/TabView ( 5248): 
07-05 22:39:55.152 D/OkHttp  ( 5248): --> GET http://118.178.149.42/d?device_id=86100300900000500000060a4818fca8&host=b5d1d96093f9d07d386917b5d3b91cdcb031311b90271792b45951b69dc9c054dc862a7c9178ba82684e325a98b554b4&last= http/1.1
07-05 22:39:55.153 D/TabView ( 5248): 
07-05 22:39:55.154 D/OkHttp  ( 5248): Host: lbgs.hismarttv.com
07-05 22:39:55.154 D/OkHttp  ( 5248): Connection: Keep-Alive
07-05 22:39:55.154 D/OkHttp  ( 5248): Accept-Encoding: gzip
07-05 22:39:55.154 D/OkHttp  ( 5248): User-Agent: okhttp/3.6.0
07-05 22:39:55.154 D/OkHttp  ( 5248): --> END GET
07-05 22:39:55.155 D/OkHttp  ( 5248): --> GET http://118.178.149.42/d?device_id=86100300900000500000060a4818fca8&host=b5d1d96093f9d07d386917b5d3b91cdcb031311b90271792b45951b69dc9c054dc862a7c9178ba82684e325a98b554b4&last= http/1.1
07-05 22:39:55.155 D/OkHttp  ( 5248): Host: lbgs.hismarttv.com
07-05 22:39:55.155 D/OkHttp  ( 5248): Connection: Keep-Alive
07-05 22:39:55.155 D/OkHttp  ( 5248): Accept-Encoding: gzip
07-05 22:39:55.155 D/OkHttp  ( 5248): User-Agent: okhttp/3.6.0
07-05 22:39:55.155 D/OkHttp  ( 5248): --> END GET
07-05 22:39:55.155 D/TabView ( 5248): 
07-05 22:39:55.158 D/TabView ( 5248): 
07-05 22:39:55.160 D/TabView ( 5248): 
07-05 22:39:55.163 D/TabView ( 5248): 
07-05 22:39:55.166 I/art     ( 5248): Background sticky concurrent mark sweep GC freed 38030(1985KB) AllocSpace objects, 1(16KB) LOS objects, 7% free, 25MB/27MB, paused 4.751ms total 754.629ms
07-05 22:39:55.169 D/OkHttp  ( 5248): --> GET http://118.178.149.42/d?device_id=86100300900000500000060a4818fca8&host=b5d1d96093f9d07d386917b5d3b91cdcb031311b90271792b45951b69dc9c054dc862a7c9178ba82684e325a98b554b4&last= http/1.1
07-05 22:39:55.169 D/OkHttp  ( 5248): Host: lbgs.hismarttv.com
07-05 22:39:55.169 D/OkHttp  ( 5248): Connection: Keep-Alive
07-05 22:39:55.169 D/OkHttp  ( 5248): Accept-Encoding: gzip
07-05 22:39:55.169 D/OkHttp  ( 5248): User-Agent: okhttp/3.6.0
07-05 22:39:55.169 D/OkHttp  ( 5248): --> END GET
07-05 22:39:55.170 D/TabView ( 5248): 
07-05 22:39:55.171 D/TabView ( 5248): 
07-05 22:39:55.173 D/TabView ( 5248): 
07-05 22:39:55.174 D/HttpHandler( 5248): DNSRetryIntercepter-->http://118.178.149.42/d?device_id=86100300900000500000060a4818fca8&host=b5d1d96093f9d07d386917b5d3b91cdcb031311b90271792b45951b69dc9c054dc862a7c9178ba82684e325a98b554b4&last=
07-05 22:39:55.174 D/HttpHandler( 5248): DNSRetryIntercepter-->118.178.149.42
07-05 22:39:55.177 D/TabView ( 5248): 
07-05 22:39:55.178 D/HttpHandler( 5248): GslbDNS-->hostName=118.178.149.42
07-05 22:39:55.185 I/TabView ( 5248): onScroll:,firstItem=0,visibleCount=6,totalCount=10
07-05 22:39:55.191 I/MyFragmentStateAdapter( 5248): getCount
07-05 22:39:55.206 D/OkHttp  ( 5248): --> GET http://118.178.149.42/d?device_id=86100300900000500000060a4818fca8&host=b5d1d96093f9d07d386917b5d3b91cdcb031311b90271792b45951b69dc9c054dc862a7c9178ba82684e325a98b554b4&last= http/1.1
07-05 22:39:55.206 D/OkHttp  ( 5248): Host: lbgs.hismarttv.com
07-05 22:39:55.206 D/OkHttp  ( 5248): Connection: Keep-Alive
07-05 22:39:55.206 D/OkHttp  ( 5248): Accept-Encoding: gzip
07-05 22:39:55.206 D/OkHttp  ( 5248): User-Agent: okhttp/3.6.0
07-05 22:39:55.206 D/OkHttp  ( 5248): --> END GET
07-05 22:39:55.225 D/HiNetworkImpl( 5248): doHttp_Asyn(): onReqResponse isSuccessful = true, back from thread: main
07-05 22:39:55.225 I/HiNetworkImpl( 5248): doHttp_Asyn(): onSuccess clazz = class com.hisense.sdk.domain.SearchResult, back from thread: main
07-05 22:39:55.225 I/RefreshPaidListUits( 5248): -----------------------RefreshPaidListUits  ==0
07-05 22:39:55.225 D/HiNetworkImpl( 5248): doHttp_Asyn(): onReqResponse isSuccessful = true, back from thread: main
07-05 22:39:55.225 I/HiNetworkImpl( 5248): doHttp_Asyn(): onSuccess clazz = class com.hisense.sdk.domain.ResponseResult, back from thread: main
07-05 22:39:55.225 I/BaseApplication( 5248): checkAccount --- account available.
07-05 22:39:55.229 D/MC_MEMORY(16055): max: 256.261888 Mb, heap: 10.10778 Mb, allocated: 10.10391 Mb, free: 0.387 Mb, native heap: 12.12276 Mb, native allocated: 8.8381 Mb, native free: 3.3895 Mb
07-05 22:39:55.231 I/MyFragmentStateAdapter( 5248): getCount
07-05 22:39:55.233 D/OkHttp  ( 5248): <-- 200 OK http://118.178.149.42/d?device_id=86100300900000500000060a4818fca8&host=b5d1d96093f9d07d386917b5d3b91cdcb031311b90271792b45951b69dc9c054dc862a7c9178ba82684e325a98b554b4&last= (63ms)
07-05 22:39:55.233 D/OkHttp  ( 5248): Server: openresty
07-05 22:39:55.233 D/OkHttp  ( 5248): Date: Wed, 05 Jul 2017 14:39:55 GMT
07-05 22:39:55.233 D/OkHttp  ( 5248): Content-Type: application/octet-stream
07-05 22:39:55.234 D/OsdMonitorService( 1733): mCurrentWindow = com.hisense.hicloud.edca/com.hisense.tvui.newhome.HomeMainActivity; newWindow = com.hisense.hicloud.edca/com.hisense.tvui.newhome.HomeMainActivity; isSubWindow = false; isInWinList = false; isExitNow = false
07-05 22:39:55.234 D/OsdMonitorService( 1733): windowNotOsd() : name = com.hisense.hicloud.edca/com.hisense.tvui.newhome.HomeMainActivity
07-05 22:39:55.234 I/OsdMonitorService( 1733): setOsdStatus() : status will change from true to true
07-05 22:39:55.235 D/PowerManagerService( 1733): setScreenBrightnessOverrideFromWindowManagerInternal done
07-05 22:39:55.236 D/OkHttp  ( 5248): <-- 200 OK http://118.178.149.42/d?device_id=86100300900000500000060a4818fca8&host=b5d1d96093f9d07d386917b5d3b91cdcb031311b90271792b45951b69dc9c054dc862a7c9178ba82684e325a98b554b4&last= (81ms)
07-05 22:39:55.236 D/OkHttp  ( 5248): Server: openresty
07-05 22:39:55.236 D/OkHttp  ( 5248): Date: Wed, 05 Jul 2017 14:39:55 GMT
07-05 22:39:55.236 D/OkHttp  ( 5248): Content-Type: application/octet-stream
07-05 22:39:55.236 D/OkHttp  ( 5248): Transfer-Encoding: chunked
07-05 22:39:55.236 I/BaseContentFragment( 5248): MSG_GET_DATA: handle lazy load
07-05 22:39:55.236 I/BaseContentFragment( 5248): showLoadingView
07-05 22:39:55.241 E/btif_config( 2964): [btif_config_get] node is TRUE!
07-05 22:39:55.241 E/btif_config( 2964): [btif_config_get] ret is TRUE!
07-05 22:39:55.241 D/PowerManagerService( 1733): setScreenBrightnessOverrideFromWindowManagerInternal done
07-05 22:39:55.242 D/OkHttp  ( 5248): <-- 200 OK http://118.178.149.42/d?device_id=86100300900000500000060a4818fca8&host=b5d1d96093f9d07d386917b5d3b91cdcb031311b90271792b45951b69dc9c054dc862a7c9178ba82684e325a98b554b4&last= (86ms)
07-05 22:39:55.242 D/OkHttp  ( 5248): Server: openresty
07-05 22:39:55.242 D/OkHttp  ( 5248): Date: Wed, 05 Jul 2017 14:39:55 GMT
07-05 22:39:55.242 D/OkHttp  ( 5248): Content-Type: application/octet-stream
07-05 22:39:55.242 D/OkHttp  ( 5248): Transfer-Encoding: chunked
07-05 22:39:55.242 D/OkHttp  ( 5248): Connection: close
07-05 22:39:55.242 D/OkHttp  ( 5248): <-- END HTTP
07-05 22:39:55.242 I/HomeDataPresenter( 5248): getContentData: channelId = 0, sChoiceChannelId = 0 RoleContentFragment645677202,isOffline = false
07-05 22:39:55.242 I/CacheUtil( 5248): getFromCache: 0
07-05 22:39:55.242 I/CacheUtil( 5248): now time dealy=2,time service=7200
07-05 22:39:55.242 I/ActivityManager( 1733): Displayed com.hisense.hicloud.edca/com.hisense.tvui.newhome.HomeMainActivity: +2s179ms
07-05 22:39:55.242 I/HomeDataPresenter( 5248): cache item not null
07-05 22:39:55.242 I/RoleContentFragment( 5248): setMasterData isRefresh=false
07-05 22:39:55.244 D/SUSLog  ( 5248): CheckAppUpdateService>>appUpgradeReply reply fail
07-05 22:39:55.244 D/SUSLog  ( 5248): CheckAppUpdateService>>ErrorCode = 205001 ErrorName = :
07-05 22:39:55.244 D/SUSLog  ( 5248): CheckAppUpdateService>>checkAppUpgrade i=0
07-05 22:39:55.244 D/SUSLog  ( 5248): CheckAppUpdateService>>haveUpdate appUpgradeReply = com.hisense.hitv.hicloud.bean.upgrade.AppUpgradeReply@ad9860e
07-05 22:39:55.245 D/SUSLog  ( 5248): CheckAppUpdateService>>reply = 1
07-05 22:39:55.248 D/PowerManagerService( 1733): setScreenBrightnessOverrideFromWindowManagerInternal done
07-05 22:39:55.249 I/HeaderTokenManager( 5248): Weather Data from HiCloud is still validate.
07-05 22:39:55.249 V/HotPlugDetectionAction( 1733): Poll all devices.
07-05 22:39:55.249 D/ContentValues( 5248): getPlaceInfo: 
07-05 22:39:55.252 D/SUSLog  ( 5248): CheckAppUpdateService>>targetVersionCode = 0
07-05 22:39:55.252 D/SUSLog  ( 5248): CheckAppUpdateService>>haveUpdate appUpgradeReply = com.hisense.hitv.hicloud.bean.upgrade.AppUpgradeReply@ad9860e
07-05 22:39:55.252 D/SUSLog  ( 5248): CheckAppUpdateService>>reply = 1
07-05 22:39:55.236 D/OkHttp  ( 5248): Connection: close
07-05 22:39:55.253 D/OkHttp  ( 5248): <-- END HTTP
07-05 22:39:55.257 I/NetflixMonitorService( 1733): current fgapk : com.hisense.hicloud.edca
07-05 22:39:55.257 I/NetflixMonitorService( 1733): Netflix status unchanged
07-05 22:39:55.264 D/HttpHandler( 5248): DNSRetryIntercepter-->checkData=dbbf03a0e59a5c14094df6af108b323c15a2c385dd0312817f8842b205fa0447df49f2f73002b5ba072164f20c419fcff1cc92e309d5aa9fa075398650080eea7848a137af28bfe7171b8e263dcc41c12a2e2f8776c47b36de2dfa0261df4ac2c2bcb210113a85807e62a3f01544c8eb8bf228fc08da0dc67a2f11a408c768c9bb05ae81966d781f695eb0bc35f5df38d5d07e6863c5826afd3b0d67c88e58131e1a8337aa2dc2259b1174649879e26bc58ec35a61918855ee1a2ebcfa5fd46fee69f9890d0ecf98f4aa40583b9cbb862e053faaeb445464fc6c57c9fe4f3e4195057067922f2f3f925cc1c05267575476d7d2a2be898293ac64fbe04f89b311f9cc5ef23f889d2f5c326489fba525cfa76e48d8fb6b3e90f00608bdad723fa554f941c4c6506ec9e83ab3d0d0401d1e
07-05 22:39:55.271 I/MiSysSrv( 1214): [37m[INFO] Change to Voltage: 117 mv (0x32)[m
07-05 22:39:55.271 D/HttpHandler( 5248): DNSRetryIntercepter-->checkData=dbbf03a0e59a5c14094df6af108b323c15a2c385dd0312817f8842b205fa0447df49f2f73002b5ba072164f20c419fcff1cc92e309d5aa9fa075398650080eea7848a137af28bfe7171b8e263dcc41c12a2e2f8776c47b36de2dfa0261df4ac2c2bcb210113a85807e62a3f01544c8eb8bf228fc08da0dc67a2f11a408c768c9bb05ae81966d781f695eb0bc35f5df38f03b3866cae4d6b1e4bbb6df588bb68f01236a143ce1311f24ec3b4733dd8f2ae0eeb52e8989621612d8a173955e059785b280abf3e8c6e41871599a44d90329ca04649e27aa3a0c8d70d225d00ebd44aa5ab801ced122c97785a5811f44eaeec5e752ae74bc19d2facd8201a212d0211dde087ac03512879f4bb2db7253b6047349e4046dd0810ebffd51ef1a5e6dfc1fbce593587afb4f81ba3c07132ed173
07-05 22:39:55.272 D/HttpHandler( 5248): DNSHelper-->gslbDnsresult={"timestamp":1499265595,"msg":"","data":{"lbgs.hismarttv.com":{"ips":["118.178.149.42","139.217.11.211"],"ttl":3600},"picture.edu.hismarttv.com":{"ips":["153.35.175.121","220.202.77.124","153.35.175.120","36.33.158.222","112.65.220.40","218.58.206.58","123.128.14.209"],"ttl":300}},"retCode":"0"}
07-05 22:39:55.273 I/System.out( 5248):  remove duplicate [118.178.149.42, 139.217.11.211]
07-05 22:39:55.274 D/HttpHandler( 5248): DNSHelper-->gslbDnsresult={"timestamp":1499265595,"msg":"","data":{"lbgs.hismarttv.com":{"ips":["118.178.149.42","139.217.11.211"],"ttl":3600},"picture.edu.hismarttv.com":{"ips":["123.128.14.209","153.35.175.121","220.202.77.124","153.35.175.120","36.33.158.222","112.65.220.40","218.58.206.58"],"ttl":300}},"retCode":"0"}
07-05 22:39:55.275 I/System.out( 5248):  remove duplicate [118.178.149.42, 139.217.11.211]
07-05 22:39:55.276 D/OkHttp  ( 5248): <-- 200 OK http://118.178.149.42/d?device_id=86100300900000500000060a4818fca8&host=b5d1d96093f9d07d386917b5d3b91cdcb031311b90271792b45951b69dc9c054dc862a7c9178ba82684e325a98b554b4&last= (70ms)
07-05 22:39:55.276 D/OkHttp  ( 5248): Server: openresty
07-05 22:39:55.276 D/OkHttp  ( 5248): Date: Wed, 05 Jul 2017 14:39:55 GMT
07-05 22:39:55.276 D/OkHttp  ( 5248): Content-Type: application/octet-stream
07-05 22:39:55.276 D/OkHttp  ( 5248): Transfer-Encoding: chunked
07-05 22:39:55.276 D/OkHttp  ( 5248): Connection: close
07-05 22:39:55.276 D/OkHttp  ( 5248): <-- END HTTP
07-05 22:39:55.283 E/ContentValues( 5248): refreshNetStatus: 
07-05 22:39:55.292 D/HttpHandler( 5248): DNSRetryIntercepter-->checkData=dbbf03a0e59a5c14094df6af108b323c15a2c385dd0312817f8842b205fa0447df49f2f73002b5ba072164f20c419fcff1cc92e309d5aa9fa075398650080eea7848a137af28bfe7171b8e263dcc41c12a2e2f8776c47b36de2dfa0261df4ac2c2bcb210113a85807e62a3f01544c8eb8bf228fc08da0dc67a2f11a408c768c9bb05ae81966d781f695eb0bc35f5df38a06b60ad7c972f80b5244508c30d890f5d4a1bb56ba92aaab08a80b2aaff80dfc486804afab82336bb84b14b21bd890ae73d6420fbcae355f0939d64c8306e74715a833428ab0b0699fd6d20b91091b2e62979742dc87ea782788135d17c3bbc2765173d29b9cd9f633970afa27dedccd3f32c26bc1ce0901489541f1562a9d96eb942594f86822f119dc66a11b0df0471f97f524ca8bda338ff14004a5d920e
07-05 22:39:55.294 D/HttpHandler( 5248): DNSHelper-->httpDnsParser=["123.128.14.209","153.35.175.121","220.202.77.124","153.35.175.120","36.33.158.222","112.65.220.40","218.58.206.58"]
07-05 22:39:55.296 D/CommonHeader( 5248): setPerson: true
07-05 22:39:55.296 D/ContentValues( 5248): getIconDrawable :  icon == null:true
07-05 22:39:55.297 D/CommonHeader( 5248): icon == null
07-05 22:39:55.297 D/HttpHandler( 5248): DNSHelper-->gslbDnsresult={"timestamp":1499265595,"msg":"","data":{"lbgs.hismarttv.com":{"ips":["118.178.149.42","139.217.11.211"],"ttl":3600},"picture.edu.hismarttv.com":{"ips":["220.202.77.124","153.35.175.120","36.33.158.222","112.65.220.40","218.58.206.58","123.128.14.209","153.35.175.121"],"ttl":300}},"retCode":"0"}
07-05 22:39:55.297 I/System.out( 5248):  remove duplicate [118.178.149.42, 139.217.11.211]
07-05 22:39:55.299 D/CommonHeader( 5248): WeatherCode: 01
07-05 22:39:55.301 D/HttpHandler( 5248): DNSHelper-->httpDnsParser=["153.35.175.121","220.202.77.124","153.35.175.120","36.33.158.222","112.65.220.40","218.58.206.58","123.128.14.209"]
07-05 22:39:55.233 D/OkHttp  ( 5248): Transfer-Encoding: chunked
07-05 22:39:55.301 D/OkHttp  ( 5248): Connection: close
07-05 22:39:55.301 D/OkHttp  ( 5248): <-- END HTTP
07-05 22:39:55.304 D/HttpHandler( 5248): DNSRetryIntercepter-->checkData=dbbf03a0e59a5c14094df6af108b323c15a2c385dd0312817f8842b205fa0447df49f2f73002b5ba072164f20c419fcff1cc92e309d5aa9fa075398650080eea7848a137af28bfe7171b8e263dcc41c12a2e2f8776c47b36de2dfa0261df4ac2c2bcb210113a85807e62a3f01544c8eb8bf228fc08da0dc67a2f11a408c768c9bb05ae81966d781f695eb0bc35f5df38d5d07e6863c5826afd3b0d67c88e58131e1a8337aa2dc2259b1174649879e26bc58ec35a61918855ee1a2ebcfa5fd46fee69f9890d0ecf98f4aa40583b9cbb862e053faaeb445464fc6c57c9fe4f3e4195057067922f2f3f925cc1c05267575476d7d2a2be898293ac64fbe04f89b311f9cc5ef23f889d2f5c326489fba525cfa76e48d8fb6b3e90f00608bdad723fa554f941c4c6506ec9e83ab3d0d0401d1e
07-05 22:39:55.305 D/HttpHandler( 5248): DNSHelper-->gslbDnsresult={"timestamp":1499265595,"msg":"","data":{"lbgs.hismarttv.com":{"ips":["118.178.149.42","139.217.11.211"],"ttl":3600},"picture.edu.hismarttv.com":{"ips":["123.128.14.209","153.35.175.121","220.202.77.124","153.35.175.120","36.33.158.222","112.65.220.40","218.58.206.58"],"ttl":300}},"retCode":"0"}
07-05 22:39:55.308 I/System.out( 5248):  remove duplicate [118.178.149.42, 139.217.11.211]
07-05 22:39:55.311 E/ContentValues( 5248): refreshNetStatus: 
07-05 22:39:55.313 D/HttpHandler( 5248): DNSHelper-->httpDnsParser=["123.128.14.209","153.35.175.121","220.202.77.124","153.35.175.120","36.33.158.222","112.65.220.40","218.58.206.58"]
07-05 22:39:55.313 E/ContentValues( 5248): refreshNetStatus: 
07-05 22:39:55.314 E/CommonHeader( 5248): setNetStatusIcon: 30002
07-05 22:39:55.315 E/ContentValues( 5248): refreshNetStatus: 
07-05 22:39:55.316 D/OkHttp  ( 5248): --> GET http://picture.edu.hismarttv.com/images/20170628111836879100.png http/1.1
07-05 22:39:55.316 D/OkHttp  ( 5248): Host: picture.edu.hismarttv.com
07-05 22:39:55.316 D/OkHttp  ( 5248): Connection: Keep-Alive
07-05 22:39:55.316 D/OkHttp  ( 5248): Accept-Encoding: gzip
07-05 22:39:55.316 D/OkHttp  ( 5248): User-Agent: okhttp/3.6.0
07-05 22:39:55.316 D/OkHttp  ( 5248): --> END GET
07-05 22:39:55.325 D/CommonHeader( 5248): SLOVEN setPlaceInfo place---city::---
07-05 22:39:55.325 D/HeaderServiceManager( 5248): adding listener com.hisense.tvui.newhome.view.header.view.CommonHeader$HeaderWeatherInfoListener@a0458d4
07-05 22:39:55.325 D/BaseContentFragment( 5248): header logoone open
07-05 22:39:55.326 D/CommonHeader( 5248): onTabStatusChanged tabstatus===>:40001
07-05 22:39:55.332 D/OkHttp  ( 5248): --> GET http://picture.edu.hismarttv.com/images/20170628111759213347.png http/1.1
07-05 22:39:55.332 D/OkHttp  ( 5248): Host: picture.edu.hismarttv.com
07-05 22:39:55.332 D/OkHttp  ( 5248): Connection: Keep-Alive
07-05 22:39:55.332 D/OkHttp  ( 5248): Accept-Encoding: gzip
07-05 22:39:55.332 D/OkHttp  ( 5248): User-Agent: okhttp/3.6.0
07-05 22:39:55.332 D/OkHttp  ( 5248): --> END GET
07-05 22:39:55.336 D/HttpHandler( 5248): DNSHelper-->httpDnsParser=["220.202.77.124","153.35.175.120","36.33.158.222","112.65.220.40","218.58.206.58","123.128.14.209","153.35.175.121"]
07-05 22:39:55.339 D/hwcomposer( 1204): lastHWWindowInfo is dirty
07-05 22:39:55.342 D/OkHttp  ( 5248): --> GET http://picture.edu.hismarttv.com/images/20170628111729989045.png http/1.1
07-05 22:39:55.342 D/OkHttp  ( 5248): Host: picture.edu.hismarttv.com
07-05 22:39:55.342 D/OkHttp  ( 5248): Connection: Keep-Alive
07-05 22:39:55.342 D/OkHttp  ( 5248): Accept-Encoding: gzip
07-05 22:39:55.342 D/OkHttp  ( 5248): User-Agent: okhttp/3.6.0
07-05 22:39:55.342 D/OkHttp  ( 5248): --> END GET
07-05 22:39:55.343 D/OkHttp  ( 5248): <-- 200 OK http://picture.edu.hismarttv.com/images/20170628111836879100.png (27ms)
07-05 22:39:55.344 D/OkHttp  ( 5248): Date: Mon, 03 Jul 2017 10:50:26 GMT
07-05 22:39:55.344 D/OkHttp  ( 5248): Server: nginx
07-05 22:39:55.344 D/OkHttp  ( 5248): Content-Type: image/png
07-05 22:39:55.344 D/OkHttp  ( 5248): Content-Length: 2420
07-05 22:39:55.344 D/OkHttp  ( 5248): Last-Modified: Wed, 28 Jun 2017 11:18:36 GMT
07-05 22:39:55.344 D/OkHttp  ( 5248): ETag: "5953908c-974"
07-05 22:39:55.344 D/OkHttp  ( 5248): Accept-Ranges: bytes
07-05 22:39:55.344 D/OkHttp  ( 5248): Age: 186569
07-05 22:39:55.344 D/OkHttp  ( 5248): Via: 1.1 hewangtong168:6 (Cdn Cache Server V2.0)[0 200 0], 1.1 anwangtong96:0 (Cdn Cache Server V2.0)[0 200 0]
07-05 22:39:55.344 D/OkHttp  ( 5248): Connection: keep-alive
07-05 22:39:55.344 D/OkHttp  ( 5248): <-- END HTTP
07-05 22:39:55.347 I/Utils   ( 5248): getScreenSize() SCREEN_WIDTH = 1920, SCREEN_HEIGHT = 1080, DENSITY = 2.0
07-05 22:39:55.347 D/HttpHandler( 5248): RetryIntercepter-->retryNum=0
07-05 22:39:55.347 D/HttpHandler( 5248): RetryIntercepter-->backoffmutiplier=0
07-05 22:39:55.349 D/FirstLineAdapter( 5248): tiles6
07-05 22:39:55.349 I/FirstLineAdapter( 5248): canShowTrailer,isOffline=false
07-05 22:39:55.349 I/SpecialFirstView( 5248): setData ,canshowtrailer:true
07-05 22:39:55.350 I/FirstLineAdapter( 5248): onAttachedToRecyclerView 
07-05 22:39:55.351 I/size    ( 5248): size=10
07-05 22:39:55.352 D/OkHttp  ( 5248): <-- 200 OK http://picture.edu.hismarttv.com/images/20170628111759213347.png (19ms)
07-05 22:39:55.352 D/OkHttp  ( 5248): Date: Mon, 03 Jul 2017 10:05:17 GMT
07-05 22:39:55.352 D/OkHttp  ( 5248): Server: nginx
07-05 22:39:55.352 D/OkHttp  ( 5248): Content-Type: image/png
07-05 22:39:55.352 D/OkHttp  ( 5248): Content-Length: 2518
07-05 22:39:55.352 D/OkHttp  ( 5248): Last-Modified: Wed, 28 Jun 2017 11:17:59 GMT
07-05 22:39:55.352 D/OkHttp  ( 5248): ETag: "59539067-9d6"
07-05 22:39:55.352 D/OkHttp  ( 5248): Accept-Ranges: bytes
07-05 22:39:55.352 D/OkHttp  ( 5248): Age: 189278
07-05 22:39:55.352 D/OkHttp  ( 5248): Via: 1.1 pingwangtong47:3 (Cdn Cache Server V2.0)[0 200 0], 1.1 t93:0 (Cdn Cache Server V2.0)[0 200 0]
07-05 22:39:55.352 D/OkHttp  ( 5248): Connection: keep-alive
07-05 22:39:55.352 D/OkHttp  ( 5248): <-- END HTTP
07-05 22:39:55.353 I/RoleContentFragment( 5248): set recyclerview adapter
07-05 22:39:55.353 I/RoleContentFragment( 5248): has not get  recommand data
07-05 22:39:55.353 I/HomeDataPresenter( 5248): getRecommandData(): channelId = 0RoleContentFragment645677202
07-05 22:39:55.354 I/HttpDnsUtils( 5248): get favorite tag 
07-05 22:39:55.354 I/HttpDnsUtils( 5248): getRecommandData: http://api.edu.hismarttv.com/usercenter/api/individualize_data?devid=86100300900000500000060a4818fca8&customerId=7195320&subscriberId=13287129&ChannelId=0&tags=&version_id=6&region_name=%E6%9D%AD%E5%B7%9E
07-05 22:39:55.359 D/OkHttp  ( 5248): <-- 200 OK http://picture.edu.hismarttv.com/images/20170628111729989045.png (17ms)
07-05 22:39:55.359 D/OkHttp  ( 5248): Date: Tue, 04 Jul 2017 02:30:09 GMT
07-05 22:39:55.359 D/OkHttp  ( 5248): Server: nginx
07-05 22:39:55.359 D/OkHttp  ( 5248): Content-Type: image/png
07-05 22:39:55.359 D/OkHttp  ( 5248): Content-Length: 2752
07-05 22:39:55.359 D/OkHttp  ( 5248): Last-Modified: Wed, 28 Jun 2017 11:17:29 GMT
07-05 22:39:55.359 D/OkHttp  ( 5248): ETag: "59539049-ac0"
07-05 22:39:55.359 D/OkHttp  ( 5248): Accept-Ranges: bytes
07-05 22:39:55.359 D/OkHttp  ( 5248): Age: 130186
07-05 22:39:55.359 D/OkHttp  ( 5248): Via: 1.1 zhiwangtong173:3 (Cdn Cache Server V2.0)[13 200 0], 1.1 awt102:9 (Cdn Cache Server V2.0)[0 200 0]
07-05 22:39:55.359 D/OkHttp  ( 5248): Connection: keep-alive
07-05 22:39:55.359 D/OkHttp  ( 5248): <-- END HTTP
07-05 22:39:55.360 D/til@system( 2026): til_get_system_param option:1000007 int:-1815634176, bool:0, ret:0
07-05 22:39:55.364 D/til@system( 2026): til_get_system_param option:1000009 int:-1815632896, bool:0, ret:0
07-05 22:39:55.366 D/til@system( 2026): til_get_system_param option:1000008 int:-1936522112, bool:128, ret:0
07-05 22:39:55.366 D/HttpBuilder( 5248): getOperationDetail-productName : LED50MU8600UC
07-05 22:39:55.366 D/HttpBuilder( 5248): getOperationDetail-plmNumber : 88888
07-05 22:39:55.366 D/HttpBuilder( 5248): getOperationDetail-swVersion : V0000.00.01A
07-05 22:39:55.366 D/HttpBuilder( 5248): getOperationDetail-operationDetail : LED50MU8600UC0000888
07-05 22:39:55.367 D/OkHttp  ( 5248): --> GET http://picture.edu.hismarttv.com/images/20170628115357740238.png http/1.1
07-05 22:39:55.367 D/OkHttp  ( 5248): Host: picture.edu.hismarttv.com
07-05 22:39:55.367 D/OkHttp  ( 5248): Connection: Keep-Alive
07-05 22:39:55.367 D/OkHttp  ( 5248): Accept-Encoding: gzip
07-05 22:39:55.367 D/OkHttp  ( 5248): User-Agent: okhttp/3.6.0
07-05 22:39:55.367 D/OkHttp  ( 5248): --> END GET
07-05 22:39:55.370 D/HttpHandler( 5248): RetryIntercepter-->retryNum=0
07-05 22:39:55.370 D/HttpHandler( 5248): RetryIntercepter-->backoffmutiplier=0
07-05 22:39:55.397 D/HttpHandler( 5248): RetryIntercepter-->retryNum=0
07-05 22:39:55.397 D/HttpHandler( 5248): RetryIntercepter-->backoffmutiplier=0
07-05 22:39:55.398 I/TVMW@HsTvSetting( 1234): Trace cmd, data = 0x1058
07-05 22:39:55.399 D/til@system( 2026): til_get_system_param option:100002F int:0, bool:0, ret:0
07-05 22:39:55.399 I/TVMW@HsTvSetting( 1234): Trace cmd, data = 0x101f
07-05 22:39:55.399 D/til@system( 2026): til_get_system_param option:100001D int:3, bool:3, ret:0
07-05 22:39:55.399 E/til     ( 2026): [til_get_current_input_source, 101] 
07-05 22:39:55.399 I/TVMW@HsTvSetting( 1234): Trace cmd, data = 0x7007
07-05 22:39:55.400 I/tilwrapper@sm( 2026): HS2TIL_SourceType *hs=0xd, *til=0x900
07-05 22:39:55.400 D/til     ( 2026): get current source 2304
07-05 22:39:55.400 D/SourceRemoteServiceHandler( 2026): getCurrentInputSource.from.til.result is 0, value is 2304
07-05 22:39:55.400 D/SourceRemoteServiceHandler( 2026): getInputSourceType source: 0x900, type=2304
07-05 22:39:55.400 D/til     ( 2026): ###### func:til_get_picture_param option:0x3000006 ######  
07-05 22:39:55.401 I/TVMW@HsTvSetting( 1234): Trace cmd, data = 0x1003
07-05 22:39:55.404 I/TVMW@HsTvSetting( 1234): Trace cmd, data = 0x8032
07-05 22:39:55.405 I/hstvos  ( 1216): [0m[1;33m[HSHAL][HS_VIDEO][HS_HAL_Video_SetOsdDetect_v2][2389]u16Threshold = 20
07-05 22:39:55.405 I/MiSysSrv( 1214): Not support now! 42, change to mm_video!!!
07-05 22:39:55.405 E/TVMW@videoctrl( 1234):  getOsd is 1
07-05 22:39:55.405 D/til@system( 2026): til_get_system_param option:1000027 int:1, bool:1, ret:0
07-05 22:39:55.406 D/til     ( 2026): ###### func:til_get_picture_param option:0x3000045 ######  
07-05 22:39:55.406 I/TVMW@HsTvSetting( 1234): Trace cmd, data = 0x300c
07-05 22:39:55.406 I/TVMW@HsTvSetting( 1234): Trace 3d, data = 0x300c
07-05 22:39:55.406 I/TVMW@3d ( 1234): Hs_debug3d_trace: func:get3dStatus, line:109
07-05 22:39:55.411 I/HttpBuilder( 5248): addUrlPublicParams mUrl ==>http://api.edu.hismarttv.com/usercenter/api/individualize_data?devid=86100300900000500000060a4818fca8&customerId=7195320&subscriberId=13287129&ChannelId=0&tags=&version_id=6&region_name=%E6%9D%AD%E5%B7%9E&uuid=13287129&mac=a8:a6:48:18:fc:a8&model_id=0&APPPackage=com.hisense.hicloud.edca&PFAPPCode=652&APPVersionName=3.0.0.9.00&softwareVersion=LED50MU8600UC0000888&tv_distribute_id=00&devType=0&APIVersion=600&accessToken=72DF6038D2AEAB8A76DFBBBBCC428A4A_002169071801908
07-05 22:39:55.412 D/HttpHandler( 5248): VerifySignInterCeptor-->request.url()=http://api.edu.hismarttv.com/usercenter/api/individualize_data?devid=86100300900000500000060a4818fca8&customerId=7195320&subscriberId=13287129&ChannelId=0&tags=&version_id=6&region_name=%E6%9D%AD%E5%B7%9E&uuid=13287129&mac=a8:a6:48:18:fc:a8&model_id=0&APPPackage=com.hisense.hicloud.edca&PFAPPCode=652&APPVersionName=3.0.0.9.00&softwareVersion=LED50MU8600UC0000888&tv_distribute_id=00&devType=0&APIVersion=600&accessToken=72DF6038D2AEAB8A76DFBBBBCC428A4A_002169071801908
07-05 22:39:55.412 D/HttpHandler( 5248): VerifySignInterCeptor-->hostname=api.edu.hismarttv.com
07-05 22:39:55.414 D/HttpHandler( 5248): HttpDNS-->hostname=api.edu.hismarttv.com
07-05 22:39:55.414 D/HttpHandler( 5248): RAMCache-->hostInfo.getClientTimeStamp()=14433576
07-05 22:39:55.414 D/HttpHandler( 5248): RAMCache-->hostInfo.getTtl()=3600
07-05 22:39:55.414 D/HttpHandler( 5248): RAMCache-->SystemClock.elapsedRealtime()=14436986
07-05 22:39:55.417 D/HttpHandler( 5248): DNSHelper-->gslbDns=["123.103.91.123"]
07-05 22:39:55.418 I/RoleContentFragment( 5248): real get recommand data
07-05 22:39:55.418 I/RoleContentFragment( 5248): setBackGround ,isVisible=true,hasload=true
07-05 22:39:55.418 I/Util    ( 5248): memory : total=1912,limit=1024
07-05 22:39:55.418 I/BaseContentFragment( 5248): hideLoadingView
07-05 22:39:55.419 I/RoleContentFragment( 5248): getServiceData: 0
07-05 22:39:55.425 E/btif_config( 2964): [btif_config_get] node is TRUE!
07-05 22:39:55.425 E/btif_config( 2964): [btif_config_get] ret is TRUE!
07-05 22:39:55.432 D/TabView ( 5248): SLOVEN top===>:266
07-05 22:39:55.432 D/TabFocusBorderView( 5248): SLOVEN runTranslateAnimation
07-05 22:39:55.432 D/TabFocusBorderView( 5248): SLOVEN runTranslateAnimation
07-05 22:39:55.432 D/TabFocusBorderView( 5248): SLOVEN moveFocusView
07-05 22:39:55.438 D/TabFocusBorderView( 5248): SLOVEN onAnimationStart
07-05 22:39:55.442 V/InputMethodService( 2203): startInput(): editor=android.view.inputmethod.EditorInfo@3fe49510
07-05 22:39:55.443 V/InputMethodService( 2203): CALL: onFinishInput
07-05 22:39:55.444 E/TabView ( 5248): tab2
07-05 22:39:55.444 D/TabView ( 5248): SLOVEN mTopmBorderTop===>:0266
07-05 22:39:55.444 D/TabView ( 5248): tab scroll up listview
07-05 22:39:55.446 D/TabFocusBorderView( 5248): SLOVEN justchangeWidth
07-05 22:39:55.446 D/TabFocusBorderView( 5248): SLOVEN widthmWidth===>:220220
07-05 22:39:55.446 D/TabFocusBorderView( 5248): SLOVEN onAnimationStart
07-05 22:39:55.446 D/TabView ( 5248): SLOVEN mTopmBorderTop===>:410266
07-05 22:39:55.446 D/TabView ( 5248): setSelectedTabView
07-05 22:39:55.448 D/OkHttp  ( 5248): --> GET http://api.edu.hismarttv.com/usercenter/api/individualize_data?devid=86100300900000500000060a4818fca8&customerId=7195320&subscriberId=13287129&ChannelId=0&tags=&version_id=6&region_name=%E6%9D%AD%E5%B7%9E&uuid=13287129&mac=a8:a6:48:18:fc:a8&model_id=0&APPPackage=com.hisense.hicloud.edca&PFAPPCode=652&APPVersionName=3.0.0.9.00&softwareVersion=LED50MU8600UC0000888&tv_distribute_id=00&devType=0&APIVersion=600&accessToken=72DF6038D2AEAB8A76DFBBBBCC428A4A_002169071801908 http/1.1
07-05 22:39:55.448 D/OkHttp  ( 5248): Data_Type: JSON
07-05 22:39:55.448 D/OkHttp  ( 5248): RetryTime: 0
07-05 22:39:55.449 D/OkHttp  ( 5248): Backoffmutiplier: 0
07-05 22:39:55.449 D/OkHttp  ( 5248): Host: api.edu.hismarttv.com
07-05 22:39:55.449 D/OkHttp  ( 5248): Connection: Keep-Alive
07-05 22:39:55.449 D/OkHttp  ( 5248): Accept-Encoding: gzip
07-05 22:39:55.449 D/OkHttp  ( 5248): User-Agent: okhttp/3.6.0
07-05 22:39:55.449 D/OkHttp  ( 5248): --> END GET
07-05 22:39:55.467 E/SOGOUIME_JNI( 2203): reset
07-05 22:39:55.467 E/SOGOUIME_JNI( 2203): getCandidates
07-05 22:39:55.467 E/SOGOUIME_JNI( 2203): ime_get_uncommitted_length
07-05 22:39:55.468 E/SOGOUIME_JNI( 2203): getCandidates
07-05 22:39:55.468 D/SogouIME API( 2203): ==============num:32
07-05 22:39:55.468 E/SOGOUIME_JNI( 2203): ime_get_uncommitted_length
07-05 22:39:55.468 D/SogouIME( 2203): mFocusedComponent:30   isHkbEnable:false
07-05 22:39:55.468 E/SOGOUIME_JNI( 2203): ime_get_uncommitted_length
07-05 22:39:55.468 E/SOGOUIME_JNI( 2203): ime_get_committed_length
07-05 22:39:55.486 E/SOGOUIME_JNI( 2203): getComposingInfo
07-05 22:39:55.486 E/SOGOUIME_JNI( 2203): getComposingInfo
07-05 22:39:55.486 E/SOGOUIME_JNI( 2203): getCorrectInfo
07-05 22:39:55.486 E/SOGOUIME_JNI( 2203): getComposingInfo
07-05 22:39:55.502 V/InputMethodService( 2203): CALL: onStartInput
07-05 22:39:55.502 E/SOGOUIME_JNI( 2203): invalidateCommitWordPinyinNative
07-05 22:39:55.502 D/SogouIME( 2203): =====configKeyboard=======:false     false
