07-05 22:50:10.335 I/ActivityManager( 1733): TR15) TaskRecord{cd10cea #4980 A=com.jamdeo.launcher U=0 sz=1}
07-05 22:50:10.336 V/ActivityManager( 1733): set mstar.EnterOpaqueUI false
07-05 22:50:10.339 I/ReportService( 3281): Intent received, action = android.intent.action.INSERT
07-05 22:50:10.340 I/ReportService( 3281): modelName is VIDAA_TV
07-05 22:50:10.341 D/Carousel-CarouselView(10534): setPosterAndStopPlay! hashCode=49218011, sWorkingHashCode=49218011
07-05 22:50:10.341 D/Carousel-CarouselDisplayPlayerLayout(10534): isFullScreen:false
07-05 22:50:10.341 E/til     ( 2026): [til_get_current_input_source, 101] 
07-05 22:50:10.341 I/TVMW@HsTvSetting( 1234): Trace cmd, data = 0x7007
07-05 22:50:10.341 I/tilwrapper@sm( 2026): HS2TIL_SourceType *hs=0xd, *til=0x900
07-05 22:50:10.341 D/til     ( 2026): get current source 2304
07-05 22:50:10.342 D/Carousel-Utils(10534): displayImage view=android.widget.ImageView{274c4bb6 V.ED.... ........ 0,0-816,460 #7f0d0029 app:id/imageView1}
07-05 22:50:10.342 D/Carousel-Utils(10534): displayImage url=http://picture.edu.hismarttv.com/images/20170629010146422927.jpg
07-05 22:50:10.342 D/SourceRemoteServiceHandler( 2026): getCurrentInputSource.from.til.result is 0, value is 2304
07-05 22:50:10.342 D/SourceRemoteServiceHandler( 2026): getInputSourceType source: 0x900, type=2304
07-05 22:50:10.342 I/ReportService( 3281): getCurIntputSource2304
07-05 22:50:10.342 E/til     ( 2026): [til_get_current_input_source, 101] 
07-05 22:50:10.342 I/TVMW@HsTvSetting( 1234): Trace cmd, data = 0x7007
07-05 22:50:10.342 I/tilwrapper@sm( 2026): HS2TIL_SourceType *hs=0xd, *til=0x900
07-05 22:50:10.342 D/til     ( 2026): get current source 2304
07-05 22:50:10.342 D/SourceRemoteServiceHandler( 2026): getCurrentInputSource.from.til.result is 0, value is 2304
07-05 22:50:10.343 D/SourceRemoteServiceHandler( 2026): getInputSourceType source: 0x900, type=2304
07-05 22:50:10.343 D/Carousel-Utils(10534): onResourceReady.
07-05 22:50:10.343 D/Carousel-Utils(10534): displayImage view=android.widget.ImageView{25bdb7e3 V.ED.... ......ID 0,0-816,460 #7f0d0029 app:id/imageView1}
07-05 22:50:10.343 D/Carousel-Utils(10534): displayImage url=http://picture.edu.hismarttv.com/images/20170629010146422927.jpg
07-05 22:50:10.343 I/ReportService( 3281): siloName isnull
07-05 22:50:10.343 D/Carousel-Utils(10534): onResourceReady.
07-05 22:50:10.343 D/Carousel-CarouselDisplayPlayerLayout(10534): isFullScreen:false
07-05 22:50:10.343 V/PackageManager( 1733): getPackageInfo com.hisense.hicloud.edca: Package{3fb3f3a1 com.hisense.hicloud.edca}
07-05 22:50:10.344 I/ReportService( 3281): HiReport string sent out is:1.5|3|86100300900000500000060a4818fca8|1499266210|0|com.hisense.hicloud.edca|3.0.0.9.00|8
07-05 22:50:10.344 W/ReportService( 3281): enter InsertUserBehaviorDataReportTask  mUri = content://com.hisense.hitv.hicloud.log/loginput mContentValues = lastsessiondurationtime=15128 LOGVALUE=1.5|3|86100300900000500000060a4818fca8|1499266210|0|com.hisense.hicloud.edca|3.0.0.9.00|8 operation=R time=1499266210329 package=com.hisense.hicloud.edca cumulativesessiondurationtime=6005329 versioncode=652 lastupdatetime=1499256171569 _id=null type=APPRUN component=com.hisense.hicloud.edca.mediaplayer.activity.DetailPlayActivity mContext == com.hisense.hireport.ReportService@3a75cda9mType == 95
07-05 22:50:10.344 I/ReportService( 3281): enter doInBackground*****
07-05 22:50:10.352 I/ReportService( 3281): result is content://com.hisense.hitv.hicloud.log/loginput/1
07-05 22:50:10.354 I/ReportService( 3281): enter onPostExecute result is: true
07-05 22:50:10.377 E/BaseActivity(10534): isUpdateCheckedtrue
07-05 22:50:10.378 D/DetailPlayActivity(10534): ---------------------------oncreate
07-05 22:50:10.421 V/HotPlugDetectionAction( 1733): Poll all devices.
07-05 22:50:10.442 I/TVMW@devctrl( 1234): wdt
07-05 22:50:10.461 D/DetailPlayActivity(10534): isMU8600:true
07-05 22:50:10.474 D/DetailPlayActivity(10534): ---------------------------oncreate,VideoInfo.sResolution:11
07-05 22:50:10.474 D/DetailPlayActivity(10534): media id is: 3535  trailerPts:0
07-05 22:50:10.474 D/DetailPlayActivity(10534): sourcetag  is: DetailPlayActivity3535
07-05 22:50:10.474 D/DetailPlayActivity(10534): sunliqin  oncreate mFromChannelId================0   mSelectedClassFromPhone:-1   mSelectedClassPosFromPhone:0
07-05 22:50:10.474 D/DetailPlayActivity(10534): managerLogMap~~~~~~~~~~~~~~~~~~~~~~~~~~~
07-05 22:50:10.475 D/DetailPlayActivity(10534): original: 1    srcoriginal: null   srcmediaid: null   srceventcode:232000   srcsubjectid:null
07-05 22:50:10.475 D/DetailPlayActivity(10534): srctopicid:null    srccategoryid:null     srccolumnid:0  srcchannelcategoryid:null
07-05 22:50:10.476 D/DetailPlayActivity(10534): srcpackagename:null   srcgroupid:10003   srcrowid:1   eventcode:null
07-05 22:50:10.476 I/DetailPlayActivity(10534): httphttp://api.edu.hismarttv.com/medias/api/media
07-05 22:50:10.476 I/DetailPlayActivity(10534): vendor1=0
07-05 22:50:10.476 I/DetailPlayActivity(10534): vendor2=0resolutionpolicy=2
07-05 22:50:10.476 I/DetailPlayActivity(10534): mBeginHttpTime : 15052047  97
07-05 22:50:10.477 D/til@system( 2026): til_get_system_param option:1000007 int:-1936522112, bool:128, ret:0
07-05 22:50:10.477 D/til@system( 2026): til_get_system_param option:1000009 int:-1936522368, bool:128, ret:0
07-05 22:50:10.478 D/til@system( 2026): til_get_system_param option:1000008 int:-1815634176, bool:0, ret:0
07-05 22:50:10.478 D/HiSDKLogReport(10534): getOperationDetail-productName : LED50MU8600UC
07-05 22:50:10.478 D/HiSDKLogReport(10534): getOperationDetail-plmNumber : 88888
07-05 22:50:10.478 D/HiSDKLogReport(10534): getOperationDetail-swVersion : V0000.00.01A
07-05 22:50:10.478 D/HiSDKLogReport(10534): getOperationDetail-operationDetail : LED50MU8600UC0000888
07-05 22:50:10.479 D/HiSDKLogReport(10534): processLogReport-log : {eventType=110, appKey=1182445233, APPVersionName=3.0.0.9.00, devid=86100300900000500000060a4818fca8, mac=a8:a6:48:18:fc:a8, uuid=13287129, accessToken=72DF6038D2AEAB8A76DFBBBBCC428A4A_000038366131134, APIversion=501, logversion=2.0, devType=0, APPPackage=com.hisense.hicloud.edca, eventPos=001, requesttime=1499266210478, customerId=7195320, value2=, eventMessage=GetReadyToStartConnection, value1=97, model_id=0, ChannelId=0, version=00.002.003, tv_distribute_id=00, subscriberId=13287129, APIVersion=600, PFAPPCode=652, softwareVersion=LED50MU8600UC0000888}
07-05 22:50:10.483 I/CommonUtils(10534):  object to json {"srccolumnid":"0","srcgroupid":"10003","original":"1","srctabid":"0","eventcode":"207000","srceventcode":"232000","srcrowid":"1","mediaid":"3535"}
07-05 22:50:10.483 D/DetailPlayActivity(10534): map===1111111111111====={"srccolumnid":"0","srcgroupid":"10003","original":"1","srctabid":"0","eventcode":"207000","srceventcode":"232000","srcrowid":"1","mediaid":"3535"}
07-05 22:50:10.484 D/til@system( 2026): til_get_system_param option:1000007 int:-1936523008, bool:0, ret:0
07-05 22:50:10.485 D/til@system( 2026): til_get_system_param option:1000009 int:-1815632896, bool:0, ret:0
07-05 22:50:10.486 D/til@system( 2026): til_get_system_param option:1000008 int:-1936525184, bool:128, ret:0
07-05 22:50:10.486 D/HiSDKLogReport(10534): getOperationDetail-productName : LED50MU8600UC
07-05 22:50:10.486 W/System.err(10534): java.net.ConnectException: failed to connect to /10.18.210.112 (port 8900) after 6000ms: isConnected failed: ECONNREFUSED (Connection refused)
07-05 22:50:10.486 D/HiSDKLogReport(10534): getOperationDetail-plmNumber : 88888
07-05 22:50:10.486 D/HiSDKLogReport(10534): getOperationDetail-swVersion : V0000.00.01A
07-05 22:50:10.486 D/HiSDKLogReport(10534): getOperationDetail-operationDetail : LED50MU8600UC0000888
07-05 22:50:10.486 W/System.err(10534): 	at libcore.io.IoBridge.isConnected(IoBridge.java:238)
07-05 22:50:10.486 W/System.err(10534): 	at libcore.io.IoBridge.connectErrno(IoBridge.java:171)
07-05 22:50:10.486 W/System.err(10534): 	at libcore.io.IoBridge.connect(IoBridge.java:122)
07-05 22:50:10.486 W/System.err(10534): 	at java.net.PlainSocketImpl.connect(PlainSocketImpl.java:183)
07-05 22:50:10.486 W/System.err(10534): 	at java.net.PlainSocketImpl.connect(PlainSocketImpl.java:456)
07-05 22:50:10.486 W/System.err(10534): 	at java.net.Socket.connect(Socket.java:882)
07-05 22:50:10.486 W/System.err(10534): 	at com.android.okhttp.internal.Platform.connectSocket(Platform.java:174)
07-05 22:50:10.486 W/System.err(10534): 	at com.android.okhttp.Connection.connect(Connection.java:152)
07-05 22:50:10.486 W/System.err(10534): 	at com.android.okhttp.internal.http.HttpEngine.connect(HttpEngine.java:276)
07-05 22:50:10.486 W/System.err(10534): 	at com.android.okhttp.internal.http.HttpEngine.sendRequest(HttpEngine.java:211)
07-05 22:50:10.486 W/System.err(10534): 	at com.android.okhttp.internal.http.HttpURLConnectionImpl.execute(HttpURLConnectionImpl.java:382)
07-05 22:50:10.486 W/System.err(10534): 	at com.android.okhttp.internal.http.HttpURLConnectionImpl.connect(HttpURLConnectionImpl.java:106)
07-05 22:50:10.486 W/System.err(10534): 	at com.hisense.hitv.hicloud.util.ExceptionReport.a(ExceptionReport.java:337)
07-05 22:50:10.486 W/System.err(10534): 	at com.hisense.hitv.hicloud.util.ExceptionReport.a(ExceptionReport.java:39)
07-05 22:50:10.487 W/System.err(10534): 	at com.hisense.hitv.hicloud.util.ExceptionReport$1.run(ExceptionReport.java:83)
07-05 22:50:10.487 W/System.err(10534): 	at java.lang.Thread.run(Thread.java:818)
07-05 22:50:10.487 W/System.err(10534): Caused by: android.system.ErrnoException: isConnected failed: ECONNREFUSED (Connection refused)
07-05 22:50:10.487 W/System.err(10534): 	at libcore.io.IoBridge.isConnected(IoBridge.java:223)
07-05 22:50:10.487 W/System.err(10534): 	... 15 more
07-05 22:50:10.491 I/CommonUtils(10534):  object to json {"eventType":"207","srccolumnid":"0","srcgroupid":"10003","APPVersionName":"3.0.0.9.00","original":"1","devid":"86100300900000500000060a4818fca8","uuid":"13287129","APIversion":"501","logversion":"2.0","eventcode":"207000","devType":"0","eventPos":"000","version":"00.002.003","ChannelId":"0","subscriberId":"13287129","PFAPPCode":"652","softwareVersion":"LED50MU8600UC0000888","srcrowid":"1","srceventcode":"232000","mac":"a8:a6:48:18:fc:a8","accessToken":"72DF6038D2AEAB8A76DFBBBBCC428A4A_000038366131134","srctabid":"0","APPPackage":"com.hisense.hicloud.edca","mediaid":"3535","sessionid":"9d9b9acb55ad44b59dcfe851388ffc6c","requesttime":"1499266210486","customerId":"7195320","model_id":"0","requestid":"fe3300067f534c9f94980f707174e92e","tv_distribute_id":"00","APIVersion":"600","issysrepo":"1"}
07-05 22:50:10.491 D/DetailPlayActivity(10534): map=====22222222222======{"eventType":"207","srccolumnid":"0","srcgroupid":"10003","APPVersionName":"3.0.0.9.00","original":"1","devid":"86100300900000500000060a4818fca8","uuid":"13287129","APIversion":"501","logversion":"2.0","eventcode":"207000","devType":"0","eventPos":"000","version":"00.002.003","ChannelId":"0","subscriberId":"13287129","PFAPPCode":"652","softwareVersion":"LED50MU8600UC0000888","srcrowid":"1","srceventcode":"232000","mac":"a8:a6:48:18:fc:a8","accessToken":"72DF6038D2AEAB8A76DFBBBBCC428A4A_000038366131134","srctabid":"0","APPPackage":"com.hisense.hicloud.edca","mediaid":"3535","sessionid":"9d9b9acb55ad44b59dcfe851388ffc6c","requesttime":"1499266210486","customerId":"7195320","model_id":"0","requestid":"fe3300067f534c9f94980f707174e92e","tv_distribute_id":"00","APIVersion":"600","issysrepo":"1"}
07-05 22:50:10.493 I/HttpDnsUtils(10534): detailsPage(): url = http://api.edu.hismarttv.com/medias/api/media/3535?codeType=1002&vender=0&resolutionpolicy=2
07-05 22:50:10.494 D/til@system( 2026): til_get_system_param option:1000007 int:-1815633792, bool:128, ret:0
07-05 22:50:10.495 D/til@system( 2026): til_get_system_param option:1000009 int:-1936522112, bool:128, ret:0
07-05 22:50:10.496 D/til@system( 2026): til_get_system_param option:1000008 int:-1936522368, bool:128, ret:0
07-05 22:50:10.496 D/HttpBuilder(10534): getOperationDetail-productName : LED50MU8600UC
07-05 22:50:10.496 D/HttpBuilder(10534): getOperationDetail-plmNumber : 88888
07-05 22:50:10.496 D/HttpBuilder(10534): getOperationDetail-swVersion : V0000.00.01A
07-05 22:50:10.496 D/HttpBuilder(10534): getOperationDetail-operationDetail : LED50MU8600UC0000888
07-05 22:50:10.533 I/HttpBuilder(10534): addUrlPublicParams mUrl ==>http://api.edu.hismarttv.com/medias/api/media/3535?codeType=1002&vender=0&resolutionpolicy=2&uuid=13287129&mac=a8:a6:48:18:fc:a8&devid=86100300900000500000060a4818fca8&version=00.002.003&subscriberId=13287129&customerId=7195320&model_id=0&APPPackage=com.hisense.hicloud.edca&PFAPPCode=652&APPVersionName=3.0.0.9.00&ChannelId=0&softwareVersion=LED50MU8600UC0000888&tv_distribute_id=00&devType=0&APIVersion=600&accessToken=72DF6038D2AEAB8A76DFBBBBCC428A4A_000038366131134
07-05 22:50:10.534 I/HttpBuilder(10534): addUrlLogParams url ==>http://api.edu.hismarttv.com/medias/api/media/3535?codeType=1002&vender=0&resolutionpolicy=2&uuid=13287129&mac=a8:a6:48:18:fc:a8&devid=86100300900000500000060a4818fca8&version=00.002.003&subscriberId=13287129&customerId=7195320&model_id=0&APPPackage=com.hisense.hicloud.edca&PFAPPCode=652&APPVersionName=3.0.0.9.00&ChannelId=0&softwareVersion=LED50MU8600UC0000888&tv_distribute_id=00&devType=0&APIVersion=600&accessToken=72DF6038D2AEAB8A76DFBBBBCC428A4A_000038366131134&eventType=207&srccolumnid=0&srcgroupid=10003&original=1&APIversion=501&logversion=2.0&eventcode=207000&eventPos=000&srcrowid=1&srceventcode=232000&srctabid=0&mediaid=3535&sessionid=9d9b9acb55ad44b59dcfe851388ffc6c&requesttime=1499266210486&requestid=fe3300067f534c9f94980f707174e92e&issysrepo=1
07-05 22:50:10.536 D/HttpHandler(10534): VerifySignInterCeptor-->request.url()=http://api.edu.hismarttv.com/medias/api/media/3535?codeType=1002&vender=0&resolutionpolicy=2&uuid=13287129&mac=a8:a6:48:18:fc:a8&devid=86100300900000500000060a4818fca8&version=00.002.003&subscriberId=13287129&customerId=7195320&model_id=0&APPPackage=com.hisense.hicloud.edca&PFAPPCode=652&APPVersionName=3.0.0.9.00&ChannelId=0&softwareVersion=LED50MU8600UC0000888&tv_distribute_id=00&devType=0&APIVersion=600&accessToken=72DF6038D2AEAB8A76DFBBBBCC428A4A_000038366131134&eventType=207&srccolumnid=0&srcgroupid=10003&original=1&APIversion=501&logversion=2.0&eventcode=207000&eventPos=000&srcrowid=1&srceventcode=232000&srctabid=0&mediaid=3535&sessionid=9d9b9acb55ad44b59dcfe851388ffc6c&requesttime=1499266210486&requestid=fe3300067f534c9f94980f707174e92e&issysrepo=1start=&resolutionpolicy=2&rows=&vender=0&search_key=&typeCode=1002&type=&
07-05 22:50:10.536 D/HttpHandler(10534): VerifySignInterCeptor-->hostname=api.edu.hismarttv.com
07-05 22:50:10.538 D/HttpHandler(10534): HttpDNS-->hostname=api.edu.hismarttv.com
07-05 22:50:10.541 I/TVMW@HsTvSetting( 1234): Trace cmd, data = 0x1058
07-05 22:50:10.544 D/til@system( 2026): til_get_system_param option:100002F int:0, bool:0, ret:0
07-05 22:50:10.544 I/TVMW@HsTvSetting( 1234): Trace cmd, data = 0x101f
07-05 22:50:10.544 D/til@system( 2026): til_get_system_param option:100001D int:3, bool:3, ret:0
07-05 22:50:10.545 E/til     ( 2026): [til_get_current_input_source, 101] 
07-05 22:50:10.545 I/TVMW@HsTvSetting( 1234): Trace cmd, data = 0x7007
07-05 22:50:10.545 I/tilwrapper@sm( 2026): HS2TIL_SourceType *hs=0xd, *til=0x900
07-05 22:50:10.545 D/til     ( 2026): get current source 2304
07-05 22:50:10.545 D/SourceRemoteServiceHandler( 2026): getCurrentInputSource.from.til.result is 0, value is 2304
07-05 22:50:10.545 D/SourceRemoteServiceHandler( 2026): getInputSourceType source: 0x900, type=2304
07-05 22:50:10.545 D/til     ( 2026): ###### func:til_get_picture_param option:0x3000006 ######  
07-05 22:50:10.545 I/TVMW@HsTvSetting( 1234): Trace cmd, data = 0x1003
07-05 22:50:10.546 I/TVMW@HsTvSetting( 1234): Trace cmd, data = 0x8032
07-05 22:50:10.546 I/hstvos  ( 1216): [0m[1;33m[HSHAL][HS_VIDEO][HS_HAL_Video_SetOsdDetect_v2][2389]u16Threshold = 20
07-05 22:50:10.546 I/MiSysSrv( 1214): Not support now! 42, change to mm_video!!!
07-05 22:50:10.547 E/TVMW@videoctrl( 1234):  getOsd is 1
07-05 22:50:10.547 D/til@system( 2026): til_get_system_param option:1000027 int:1, bool:1, ret:0
07-05 22:50:10.547 D/til     ( 2026): ###### func:til_get_picture_param option:0x3000045 ######  
07-05 22:50:10.547 I/TVMW@HsTvSetting( 1234): Trace cmd, data = 0x300c
07-05 22:50:10.547 I/TVMW@HsTvSetting( 1234): Trace 3d, data = 0x300c
07-05 22:50:10.547 I/TVMW@3d ( 1234): Hs_debug3d_trace: func:get3dStatus, line:109
07-05 22:50:10.547 D/HttpHandler(10534): RAMCache-->hostInfo.getClientTimeStamp()=15035814
07-05 22:50:10.547 D/HttpHandler(10534): RAMCache-->hostInfo.getTtl()=3600
07-05 22:50:10.547 D/HttpHandler(10534): RAMCache-->SystemClock.elapsedRealtime()=15052119
07-05 22:50:10.551 D/HttpHandler(10534): DNSHelper-->gslbDns=["123.103.91.123"]
07-05 22:50:10.566 I/art     (10534): Background sticky concurrent mark sweep GC freed 19198(1938KB) AllocSpace objects, 0(0B) LOS objects, 1% free, 39MB/40MB, paused 6.302ms total 44.066ms
07-05 22:50:10.585 D/OkHttp  (10534): --> GET http://api.edu.hismarttv.com/medias/api/media/3535?codeType=1002&vender=0&resolutionpolicy=2&uuid=13287129&mac=a8:a6:48:18:fc:a8&devid=86100300900000500000060a4818fca8&version=00.002.003&subscriberId=13287129&customerId=7195320&model_id=0&APPPackage=com.hisense.hicloud.edca&PFAPPCode=652&APPVersionName=3.0.0.9.00&ChannelId=0&softwareVersion=LED50MU8600UC0000888&tv_distribute_id=00&devType=0&APIVersion=600&accessToken=72DF6038D2AEAB8A76DFBBBBCC428A4A_000038366131134&eventType=207&srccolumnid=0&srcgroupid=10003&original=1&APIversion=501&logversion=2.0&eventcode=207000&eventPos=000&srcrowid=1&srceventcode=232000&srctabid=0&mediaid=3535&sessionid=9d9b9acb55ad44b59dcfe851388ffc6c&requesttime=1499266210486&requestid=fe3300067f534c9f94980f707174e92e&issysrepo=1start=&resolutionpolicy=2&rows=&vender=0&search_key=&typeCode=1002&type=& http/1.1
07-05 22:50:10.585 D/OkHttp  (10534): Data_Type: JSON
07-05 22:50:10.585 D/OkHttp  (10534): RetryTime: 0
07-05 22:50:10.585 D/OkHttp  (10534): Backoffmutiplier: 0
07-05 22:50:10.585 D/OkHttp  (10534): Host: api.edu.hismarttv.com
07-05 22:50:10.585 D/OkHttp  (10534): Connection: Keep-Alive
07-05 22:50:10.585 D/OkHttp  (10534): Accept-Encoding: gzip
07-05 22:50:10.585 D/OkHttp  (10534): User-Agent: okhttp/3.6.0
07-05 22:50:10.585 D/OkHttp  (10534): --> END GET
07-05 22:50:10.620 D/OkHttp  (10534): <-- 200 OK http://api.edu.hismarttv.com/medias/api/media/3535?codeType=1002&vender=0&resolutionpolicy=2&uuid=13287129&mac=a8:a6:48:18:fc:a8&devid=86100300900000500000060a4818fca8&version=00.002.003&subscriberId=13287129&customerId=7195320&model_id=0&APPPackage=com.hisense.hicloud.edca&PFAPPCode=652&APPVersionName=3.0.0.9.00&ChannelId=0&softwareVersion=LED50MU8600UC0000888&tv_distribute_id=00&devType=0&APIVersion=600&accessToken=72DF6038D2AEAB8A76DFBBBBCC428A4A_000038366131134&eventType=207&srccolumnid=0&srcgroupid=10003&original=1&APIversion=501&logversion=2.0&eventcode=207000&eventPos=000&srcrowid=1&srceventcode=232000&srctabid=0&mediaid=3535&sessionid=9d9b9acb55ad44b59dcfe851388ffc6c&requesttime=1499266210486&requestid=fe3300067f534c9f94980f707174e92e&issysrepo=1start=&resolutionpolicy=2&rows=&vender=0&search_key=&typeCode=1002&type=& (34ms)
07-05 22:50:10.620 D/OkHttp  (10534): Server: nginx
07-05 22:50:10.620 D/OkHttp  (10534): Date: Wed, 05 Jul 2017 14:50:10 GMT
07-05 22:50:10.620 D/OkHttp  (10534): Content-Type: application/json
07-05 22:50:10.620 D/OkHttp  (10534): Content-Length: 57924
07-05 22:50:10.620 D/OkHttp  (10534): Connection: close
07-05 22:50:10.620 D/OkHttp  (10534): <-- END HTTP
07-05 22:50:10.622 D/HttpHandler(10534): RetryIntercepter-->retryNum=0
07-05 22:50:10.622 D/HttpHandler(10534): RetryIntercepter-->backoffmutiplier=0
07-05 22:50:10.626 D/DetailPlayActivity.java(10534): VodLog-[initRemindDialog:352]http://picture.edu.hismarttv.com/images/20151119035938180406.png
07-05 22:50:10.654 D/HttpHandler(10534): VerifySignInterCeptor-->request.url()=http://picture.edu.hismarttv.com/images/20151119035938180406.png
07-05 22:50:10.654 D/HttpHandler(10534): VerifySignInterCeptor-->hostname=picture.edu.hismarttv.com
07-05 22:50:10.656 D/HttpHandler(10534): VerifySignInterCeptor-->request.url()=http://picture.edu.hismarttv.com/images/20151119035723420106.png
07-05 22:50:10.656 D/HttpHandler(10534): VerifySignInterCeptor-->hostname=picture.edu.hismarttv.com
07-05 22:50:10.658 D/HttpHandler(10534): VerifySignInterCeptor-->request.url()=http://picture.edu.hismarttv.com/images/20151119035917189009.png
07-05 22:50:10.658 D/HttpHandler(10534): VerifySignInterCeptor-->hostname=picture.edu.hismarttv.com
07-05 22:50:10.659 D/OkHttp  (10534): --> GET http://picture.edu.hismarttv.com/images/20151119035938180406.png http/1.1
07-05 22:50:10.659 D/OkHttp  (10534): Host: picture.edu.hismarttv.com
07-05 22:50:10.659 D/OkHttp  (10534): Connection: Keep-Alive
07-05 22:50:10.659 D/OkHttp  (10534): Accept-Encoding: gzip
07-05 22:50:10.659 D/OkHttp  (10534): User-Agent: okhttp/3.6.0
07-05 22:50:10.659 D/OkHttp  (10534): --> END GET
07-05 22:50:10.660 D/OkHttp  (10534): --> GET http://picture.edu.hismarttv.com/images/20151119035917189009.png http/1.1
07-05 22:50:10.660 D/OkHttp  (10534): Host: picture.edu.hismarttv.com
07-05 22:50:10.660 D/OkHttp  (10534): Connection: Keep-Alive
07-05 22:50:10.660 D/OkHttp  (10534): --> GET http://picture.edu.hismarttv.com/images/20151119035723420106.png http/1.1
07-05 22:50:10.660 D/OkHttp  (10534): Host: picture.edu.hismarttv.com
07-05 22:50:10.660 D/OkHttp  (10534): Connection: Keep-Alive
07-05 22:50:10.660 D/OkHttp  (10534): Accept-Encoding: gzip
07-05 22:50:10.660 D/OkHttp  (10534): User-Agent: okhttp/3.6.0
07-05 22:50:10.660 D/OkHttp  (10534): --> END GET
07-05 22:50:10.660 D/OkHttp  (10534): Accept-Encoding: gzip
07-05 22:50:10.660 D/OkHttp  (10534): User-Agent: okhttp/3.6.0
07-05 22:50:10.660 D/OkHttp  (10534): --> END GET
07-05 22:50:10.666 W/Activity(10534): changePanelKeyPadStateIfNecessary() : false
07-05 22:50:10.666 V/InputManager(10534): setPanelKeyPadConvertState() : false
07-05 22:50:10.666 I/BaseActivity(10534): onResume
07-05 22:50:10.667 D/DetailPlayActivity(10534): ---------------------------onresume
07-05 22:50:10.676 V/WindowManager( 1733): Adding window Window{3c6a14f9 u0 com.hisense.hicloud.edca/com.hisense.hicloud.edca.mediaplayer.activity.DetailPlayActivity} at 12 of 20 (after Window{1932c51d u0 com.hisense.hicloud.edca/com.hisense.tvui.newhome.HomeMainActivity})
07-05 22:50:10.679 D/OkHttp  (10534): <-- 200 OK http://picture.edu.hismarttv.com/images/20151119035938180406.png (20ms)
07-05 22:50:10.679 D/OkHttp  (10534): Date: Sun, 02 Jul 2017 09:26:48 GMT
07-05 22:50:10.679 D/OkHttp  (10534): Server: nginx/1.6.2
07-05 22:50:10.680 D/OkHttp  (10534): Content-Type: image/png
07-05 22:50:10.680 D/OkHttp  (10534): Content-Length: 386276
07-05 22:50:10.680 D/OkHttp  (10534): Last-Modified: Thu, 19 Nov 2015 03:59:38 GMT
07-05 22:50:10.680 D/OkHttp  (10534): ETag: "564d492a-5e4e4"
07-05 22:50:10.680 D/OkHttp  (10534): Accept-Ranges: bytes
07-05 22:50:10.680 D/OkHttp  (10534): Age: 278602
07-05 22:50:10.680 D/OkHttp  (10534): Via: 1.0 hewangtong173:8106 (Cdn Cache Server V2.0), 1.0 zhiwangtong174:5 (Cdn Cache Server V2.0), 1.0 angtong95:1 (Cdn Cache Server V2.0)[0 200 0]
07-05 22:50:10.680 D/OkHttp  (10534): Connection: keep-alive
07-05 22:50:10.680 D/OkHttp  (10534): <-- END HTTP
07-05 22:50:10.680 I/MyFragmentStateAdapter(10534): getCount
07-05 22:50:10.681 I/MyFragmentStateAdapter(10534): getCount
07-05 22:50:10.681 I/MyFragmentStateAdapter(10534): getCount
07-05 22:50:10.681 I/MyFragmentStateAdapter(10534): getCount
07-05 22:50:10.681 I/FirstLineAdapter(10534): canShowTrailer,isOffline=false
07-05 22:50:10.681 I/FirstLineAdapter(10534): canShowTrailer,isOffline=false
07-05 22:50:10.681 I/FirstLineAdapter(10534): canShowTrailer,isOffline=false
07-05 22:50:10.681 I/FirstLineAdapter(10534): canShowTrailer,isOffline=false
07-05 22:50:10.681 I/FirstLineAdapter(10534): canShowTrailer,isOffline=false
07-05 22:50:10.681 I/FirstLineAdapter(10534): canShowTrailer,isOffline=false
07-05 22:50:10.681 I/FirstLineAdapter(10534): canShowTrailer,isOffline=false
07-05 22:50:10.682 I/FirstLineAdapter(10534): canShowTrailer,isOffline=false
07-05 22:50:10.682 I/FirstLineAdapter(10534): canShowTrailer,isOffline=false
07-05 22:50:10.684 D/OkHttp  (10534): <-- 200 OK http://picture.edu.hismarttv.com/images/20151119035723420106.png (24ms)
07-05 22:50:10.684 D/OkHttp  (10534): Date: Sun, 02 Jul 2017 10:15:34 GMT
07-05 22:50:10.684 D/OkHttp  (10534): Server: nginx/1.6.2
07-05 22:50:10.684 D/OkHttp  (10534): Content-Type: image/png
07-05 22:50:10.684 D/OkHttp  (10534): Content-Length: 11698
07-05 22:50:10.684 D/OkHttp  (10534): Last-Modified: Thu, 19 Nov 2015 03:57:23 GMT
07-05 22:50:10.684 D/OkHttp  (10534): ETag: "564d48a3-2db2"
07-05 22:50:10.684 D/OkHttp  (10534): Accept-Ranges: bytes
07-05 22:50:10.685 D/OkHttp  (10534): Age: 275676
07-05 22:50:10.685 D/OkHttp  (10534): Via: 1.0 jnwt242:88 (Cdn Cache Server V2.0), 1.0 hwangt167:6 (Cdn Cache Server V2.0)[0 200 0], 1.0 hangwangtong56:5 (Cdn Cache Server V2.0)[0 200 0]
07-05 22:50:10.685 D/OkHttp  (10534): Connection: keep-alive
07-05 22:50:10.685 D/HttpHandler(10534): RetryIntercepter-->retryNum=0
07-05 22:50:10.685 D/HttpHandler(10534): RetryIntercepter-->backoffmutiplier=0
07-05 22:50:10.685 I/MyFragmentStateAdapter(10534): getCount
07-05 22:50:10.685 D/OkHttp  (10534): <-- END HTTP
07-05 22:50:10.687 D/HttpHandler(10534): RetryIntercepter-->retryNum=0
07-05 22:50:10.687 D/HttpHandler(10534): RetryIntercepter-->backoffmutiplier=0
07-05 22:50:10.706 I/SurfaceFlinger( 1204): the layer SurfaceView is used to close xc and zorder is smallerest! clear region
07-05 22:50:10.722 D/Surface ( 1733): onStatusChange() : mNativeObject = 547819144192 mUseImageHwRender = false
07-05 22:50:10.722 V/Surface ( 1733): nativeSetHardwareRender() : status = 0
07-05 22:50:10.722 V/Surface ( 1733): nativeSetHardwareRender() : end
07-05 22:50:10.726 D/HttpHandler(10534): VerifySignInterCeptor-->dateType=1
07-05 22:50:10.726 D/HttpHandler(10534): VerifySignInterCeptor-->HttpRequestManager.httpClietOption.getVerifyFlag()=1
07-05 22:50:10.728 D/OsdMonitorService( 1733): mCurrentWindow = com.hisense.hicloud.edca/com.hisense.tvui.newhome.HomeMainActivity; newWindow = com.hisense.hicloud.edca/com.hisense.hicloud.edca.mediaplayer.activity.DetailPlayActivity; isSubWindow = false; isInWinList = false; isExitNow = false
07-05 22:50:10.728 D/OsdMonitorService( 1733): windowNotOsd() : name = com.hisense.hicloud.edca/com.hisense.hicloud.edca.mediaplayer.activity.DetailPlayActivity
07-05 22:50:10.728 I/OsdMonitorService( 1733): setOsdStatus() : status will change from true to true
07-05 22:50:10.740 I/SurfaceFlinger( 1204): the layer SurfaceView is used to close xc and zorder is smallerest! clear region
07-05 22:50:10.743 D/PowerManagerService( 1733): setScreenBrightnessOverrideFromWindowManagerInternal done
07-05 22:50:10.750 D/PowerManagerService( 1733): setScreenBrightnessOverrideFromWindowManagerInternal done
07-05 22:50:10.752 D/Surface ( 1733): onStatusChange() : mNativeObject = 0 mUseImageHwRender = false
07-05 22:50:10.754 D/Surface (10534): onStatusChange() : mNativeObject = -537186816 mUseImageHwRender = false
07-05 22:50:10.754 V/Surface (10534): nativeSetHardwareRender() : status = 0
07-05 22:50:10.754 V/Surface (10534): nativeSetHardwareRender() : end
07-05 22:50:10.760 D/gralloc ( 1204): allocate buffer from ION HEAP 0x1
07-05 22:50:10.760 D/gralloc ( 1204): allocate memory from system heap
07-05 22:50:10.767 D/gralloc ( 1204): allocate buffer from ION HEAP 0x1
07-05 22:50:10.767 D/gralloc ( 1204): allocate memory from system heap
07-05 22:50:10.770 D/gralloc ( 1204): allocate buffer from ION HEAP 0x1
07-05 22:50:10.770 D/gralloc ( 1204): allocate memory from system heap
07-05 22:50:10.774 I/SurfaceFlinger( 1204): the layer SurfaceView is used to close xc and zorder is smallerest! clear region
07-05 22:50:10.781 D/Carousel-CarouselVideoViewImpl(10534): stopPlay.
07-05 22:50:10.781 D/Carousel-log_video-(10534): onStopPlay!
07-05 22:50:10.781 D/Carousel-log_video-(10534): submitPlayStopLog mLogPlayState:5
07-05 22:50:10.781 D/Carousel-log_video-(10534): No need to repeat play stop log.
07-05 22:50:10.787 V/InputMethodService( 2203): startInput(): editor=android.view.inputmethod.EditorInfo@10ff1bcb
07-05 22:50:10.787 V/InputMethodService( 2203): CALL: onFinishInput
07-05 22:50:10.787 E/SOGOUIME_JNI( 2203): reset
07-05 22:50:10.787 E/SOGOUIME_JNI( 2203): getCandidates
07-05 22:50:10.787 E/SOGOUIME_JNI( 2203): ime_get_uncommitted_length
07-05 22:50:10.787 E/SOGOUIME_JNI( 2203): getCandidates
07-05 22:50:10.787 D/SogouIME API( 2203): ==============num:32
07-05 22:50:10.787 E/SOGOUIME_JNI( 2203): ime_get_uncommitted_length
07-05 22:50:10.787 D/SogouIME( 2203): mFocusedComponent:30   isHkbEnable:false
07-05 22:50:10.788 E/SOGOUIME_JNI( 2203): ime_get_uncommitted_length
07-05 22:50:10.788 E/SOGOUIME_JNI( 2203): ime_get_committed_length
07-05 22:50:10.788 E/SOGOUIME_JNI( 2203): getComposingInfo
07-05 22:50:10.788 E/SOGOUIME_JNI( 2203): getComposingInfo
07-05 22:50:10.788 E/SOGOUIME_JNI( 2203): getCorrectInfo
07-05 22:50:10.788 E/SOGOUIME_JNI( 2203): getComposingInfo
07-05 22:50:10.788 V/InputMethodService( 2203): CALL: onStartInput
07-05 22:50:10.788 E/SOGOUIME_JNI( 2203): invalidateCommitWordPinyinNative
07-05 22:50:10.788 D/SogouIME( 2203): =====configKeyboard=======:false     false
07-05 22:50:10.788 E/SOGOUIME_JNI( 2203): ime_set_hard_kb_enable
07-05 22:50:10.793 D/HttpHandler(10534): VerifySignInterCeptor-->content={"image_post_url": "http://picture.edu.hismarttv.com/images/20170303023652037350.jpg", "system_time": 1499266210, "videos": [{"db_id": 28416, "play_ways": [{"centralized_play_params": null, "fee": 1, "feeSeconds": -1, "startup_type": 1, "video_play_param": "qnKvhzjJHfE4ZZwXEqbKU+ErUMyO6flgvO7nUavjMWahgv8ChKW6k4z0iIiisS1DT5XmRgk9mPT+OwY+rscRJeRWILhnfQ7IurLAb0eWrjLvEyHDoRtXZNLMY7DD1zpUPY9QDbu/7magc7YYzE27USwNgHkhh8uvlb9kFuY3pA8gva/Jd/SQGSshRdJa2R/VohtI5ycPje2qkwEArdReH4KLkyd9v9QI66xXQB55Cuf9wuCleTnr5Kre+6IoL9avpAAFP/Dw3t3ZvQzmSdrZokyupfnL1m8WuDnv8m3bvwvJgfVGDMnHmYzfC6ZKmXYtnAHME4MhpXVmov5lgrHxWFVrGOFHHYaTzILCALaVd0WO9EAcpDHJnm4b7nmk/8WESwCN2/E1tCDGPYQiNYvUXbr0lsCOVz3PHlOGbzTZE25H5wsL1RoaoLatvWRz95lfJgtC1/Xrr8z3JiW5fDfOHazw1QhtKU872iY46P9vjZnEuEdvQ77+FIfcL+Jbo8VNzzg=", "video_play_url": "uSSogmCyW+88eMhEVuGHUrZ6CtOT4fktq7q9TpT5b3nj1s0T2+SxzL7nkY2ktUcGQIzsQ2d6kPesbGx9qpUVIowbf+l4d2OPvObDPi7Vr2G9FE+D801ecsmCbKCHnGdGM5ZEU/j+q2u7ZO1AhBTgBHBTnTprnoX2wuo7CKd4u1pgorKKK6vERGZ/EowPxh3WphpJ6SUPjO+oyR8BqtpYVoSJkT0o9tc=", "video_quality": null, "id": 1040, "name": "\u624d\u667a\u5c0f\u5929\u5730\u65b0"}], "title": "1\u3001\u65b0\u6765\u7684\u90bb\u5c45\uff08\u4e0a\u7bc7\uff09", "series": 1, "time_length": 373, "id": "35351"}, {"db_id": 28425, "play_ways": [{"centralized_play_params": null, "fee": 1, "feeSeconds": 60, "startup_type": 1, "video_play_param": "qnKvhzjJHfE4ZZwXEqbKU+ErUMyO6flgvO7nUqvjMWahgv8ChKW6k4z0iIiisS1DT5XmRgk9mPT+OwY+rscRJeRWILhnfQ7IurLAbEeWrjLvEyHDoRtXZNLMY7DD1zpUPY9QDbu/7magc7YYzE27USwNgHkhh8uvlb9kFuY3pA8gva/Jd/SQGSshRdJa2R/VohtI5ycPje2qkwEArdReH4KLkyd9v9QI66xXQB55Cuf9wuCleTnr5Kre+/goL9avpAAFP/Dw3t3ZvQznQdLYpEyupfnL1m8WtzHu9mrevg7HgPNGDMnHmYzfC6ZFkXcpmwTNFo0go3Vmov5lgrHxWFVrGOFHHYaTzILCALaVd0WO9EAcpDHJnm4b7nmk/8WESwCN2/E1tCDGPYQiNYvUXbr0lsCOVD7PHlOGbzTZE25H5wsL1RoaoLatvWRz95lfJgtC1/Xrr8z3JiW5fDfOHazw1QhtKU872iY46P9vjZnEuEdvQ77+FIfcL+Jbo8VNzzg=", "video_play_url": "uSSogmCyW+88eMhEVuGHUrZ6CtOT4fktq7q9TpT5b3nj1s0T2+SxzL7nkY2ktUcGQIzsQ2d6kPesbGx9qpUVIowbf+l4d2OPvObDPi7Vr2G9FE+D801ecpOCbKCHnGdGM5ZEU/j+q2u6bOVBghTgBHBTnTprkY33xu0+CaJ2ulxgorKKK6vERGZwGo0LwRjXoxRI7yUPjO+oyR8BqtpYVoSJkT0o9tc=", "video_quality": null, "id": 1040, "name": "\u624d\u667a\u5c0f\u5929\u5730\u65b0"}], "title": "2\u3001\u65b0\u6765\u7684\u90bb\u5c45\uff08\u4e0b\u7bc7\uff09", "series": 2, "time_length": 507, "id": "35352"}, {"db_id": 28431, "play_ways": [{"centralized_play_params": null, "fee": 1, "feeSeconds": 60, "startup_type": 1, "video_play_param": "qnKvhzjJHfE4ZZwXEqbKU+ErUMyO6flgvO7nU6vjMWahgv8ChKLgwoz0itqisi1DTpbtFwk9maL4YAY+rpUWduRWILhnfQ7IurLAb0eWrjLvEyHDoRtXZNLMY7DD1zpUPY9QDbu/7magc7YYzE27USwNgHkhh8uvlb9kFuY3pA8gva/Jd/SQGSshRdJa2R/VohtI5ycPje2qkwEArdReH4KLkyd9v9QI66xXQB55Cuf9wuCleTnr5Kre+64rL9avpAAFP/Dw3t3ZvQznQtzaoEyupfnL1m8WtzPs82jbvAvNgfVGDMnHmYzfC6ZFk3UsmQHPE4chpXVmov5lgrHxWFVrGOFHHYaTzILCALaVd0WO9EAcpDHJnm4b7nmk/8WESwCN2/E1tCDGPYQiNYvUXbr0lsCOVTrPHlOGbzTZE25H5wsL1RoaoLatvWRz95lfJgtC1/Xrr8z3JiW5fDfOHazw1QhtKU872iY46P9vjZnEuEdvQ77+FIfcL+Jbo8VNzzg=", "video_play_url": "uSSogmCyW+88eMhEVuGHUrZ6CtOT4fktq7q9TpT5b3nj1s0T2+SxzL7nkY2ktUcGQIzsQ2d6kPesbGx9qpUVIowbf+l4d2OPvObDPi7Vr2G9FE+D801ecsWBbKCHnGdGM5ZEU/j+q2u6b+tDhhTgBHBTnTprkY/1w+87C6d8u1pgorKKK6vERGZwGI8Owx3Vph5J6SUPjO+oyR8BqtpYVoSJkT0o9tc=", "video_quality": null, "id": 1040, "name": "\u624d\u667a\u5c0f\u5929\u5730\u65b0"}], "title": "3\u3001\u628a\u4e66\u653e\u8fd9\u513f\uff08\u4e0a\u7bc7\uff09", "series": 3, "time_length": 443, "id": "35353"}, {"db_id": 28438, "play_ways": [{"centralized_play_params": null, "fee": 1, "feeSeconds": 60, "startup_type": 1, "video_play_param": "qnKvhzjJHfE4ZZwXEqbKU+ErUMyO6flgvO7nVKvjMWahgv8ChKLgwoz0itqisi1DTpbtFwk9maL4YAY+rpUWduRWILhnfQ7IurLAbEeWrjLvEyHDoRtXZNLMY7DD1zpUPY9QDbu/7magc7YYzE27USwNgHkhh8uvlb9kFuY3pA8gva/Jd/SQGSshRdJa2R/VohtI5ycPje2qkwEArdReH4KLkyd9v9QI66xXQB55Cuf9wuCleTnr5Kre+6h+L9avpAAFP/Dw3t3ZvQznR9nQoEyupfnL1m8WtzXr9m/ftAjIhvNGDMnHmYzfC6ZFlXIpngXHEIImo3Vmov5lgrHxWFVrGOFHHYaTzILCALaVd0WO9EAcpDHJnm4b7nmk/8WESwCN2/E1tCDGPYQiNYvUXbr0lsCOVTPPHlOGbzTZE25H5wsL1RoaoLatvWRz95lfJgtC1/
07-05 22:50:10.807 I/SurfaceFlinger( 1204): the layer SurfaceView is used to close xc and zorder is smallerest! clear region
07-05 22:50:10.840 I/SurfaceFlinger( 1204): the layer SurfaceView is used to close xc and zorder is smallerest! clear region
07-05 22:50:10.844 D/OkHttp  (10534): <-- 200 OK http://picture.edu.hismarttv.com/images/20151119035917189009.png (183ms)
07-05 22:50:10.844 D/OkHttp  (10534): Date: Fri, 30 Jun 2017 11:09:32 GMT
07-05 22:50:10.844 D/OkHttp  (10534): Server: nginx/1.6.2
07-05 22:50:10.844 D/OkHttp  (10534): Content-Type: image/png
07-05 22:50:10.846 E/HDMI_CEC( 1733): Send Message TO[5] 
07-05 22:50:10.846 E/HDMI_CEC( 1733): OP[0], <Feature Abort> 
07-05 22:50:10.846 E/HDMI_CEC( 1733): ========
07-05 22:50:10.855 D/MyLocalStartService(16899): currentName is :com.hisense.hicloud.edca
07-05 22:50:10.857 D/OkHttp  (10534): Content-Length: 369052
07-05 22:50:10.857 D/OkHttp  (10534): Last-Modified: Thu, 19 Nov 2015 03:59:17 GMT
07-05 22:50:10.857 D/OkHttp  (10534): ETag: "564d4915-5a19c"
07-05 22:50:10.857 D/OkHttp  (10534): Accept-Ranges: bytes
07-05 22:50:10.857 D/OkHttp  (10534): Age: 445238
07-05 22:50:10.857 D/OkHttp  (10534): Via: 1.0 hewangtong168:80 (Cdn Cache Server V2.0), 1.0 changwtong52:1 (Cdn Cache Server V2.0)[153 200 0]
07-05 22:50:10.857 D/OkHttp  (10534): Connection: keep-alive
07-05 22:50:10.857 D/OkHttp  (10534): <-- END HTTP
07-05 22:50:10.859 D/OsdMonitorService( 1733): mCurrentWindow = com.hisense.hicloud.edca/com.hisense.hicloud.edca.mediaplayer.activity.DetailPlayActivity; newWindow = com.hisense.hicloud.edca/com.hisense.hicloud.edca.mediaplayer.activity.DetailPlayActivity; isSubWindow = false; isInWinList = false; isExitNow = false
07-05 22:50:10.859 D/OsdMonitorService( 1733): windowNotOsd() : name = com.hisense.hicloud.edca/com.hisense.hicloud.edca.mediaplayer.activity.DetailPlayActivity
07-05 22:50:10.859 I/OsdMonitorService( 1733): setOsdStatus() : status will change from true to true
07-05 22:50:10.860 D/PowerManagerService( 1733): setScreenBrightnessOverrideFromWindowManagerInternal done
07-05 22:50:10.862 D/PowerManagerService( 1733): setScreenBrightnessOverrideFromWindowManagerInternal done
07-05 22:50:10.863 I/MyFragmentStateAdapter(10534): getCount
07-05 22:50:10.865 I/ActivityManager( 1733): Displayed com.hisense.hicloud.edca/.mediaplayer.activity.DetailPlayActivity: +541ms
07-05 22:50:10.867 D/PowerManagerService( 1733): setScreenBrightnessOverrideFromWindowManagerInternal done
07-05 22:50:10.869 D/HttpHandler(10534): RetryIntercepter-->retryNum=0
07-05 22:50:10.869 D/HttpHandler(10534): RetryIntercepter-->backoffmutiplier=0
07-05 22:50:10.871 I/MiSysSrv( 1214): [37m[INFO] Change to Voltage: 117 mv (0x32)[m
07-05 22:50:10.873 I/SurfaceFlinger( 1204): the layer SurfaceView is used to close xc and zorder is smallerest! clear region
07-05 22:50:10.877 I/art     (10534): Background partial concurrent mark sweep GC freed 7904(1128KB) AllocSpace objects, 12(11MB) LOS objects, 11% free, 30MB/34MB, paused 5.227ms total 137.302ms
07-05 22:50:10.878 V/MediaPlayer-JNI(10534): native_finalize
07-05 22:50:10.878 V/MediaPlayer-JNI(10534): release
07-05 22:50:10.890 I/SurfaceFlinger( 1204): the layer SurfaceView is used to close xc and zorder is smallerest! clear region
07-05 22:50:10.907 I/SurfaceFlinger( 1204): the layer SurfaceView is used to close xc and zorder is smallerest! clear region
07-05 22:50:10.915 D/HiNetworkImpl(10534): doHttp_Asyn(): onReqResponse isSuccessful = true, back from thread: main
07-05 22:50:10.919 E/HDMI_CEC( 1733): MI_CEC_SendTxPolling, ErrCode[4] 
07-05 22:50:10.922 D/hwcomposer( 1204): lastHWWindowInfo is dirty
07-05 22:50:10.923 I/SurfaceView(10534): Changes: creating=false format=false size=false visible=true left=false top=false
07-05 22:50:10.923 I/SurfaceView(10534): Cur surface: Surface(name=null)/@0x10dbab1a
07-05 22:50:10.924 I/SurfaceFlinger( 1204): the layer SurfaceView is used to close xc and zorder is smallerest! clear region
07-05 22:50:10.925 D/OsdMonitorService( 1733): mCurrentWindow = com.hisense.hicloud.edca/com.hisense.hicloud.edca.mediaplayer.activity.DetailPlayActivity; newWindow = com.hisense.hicloud.edca/com.hisense.hicloud.edca.mediaplayer.activity.DetailPlayActivity; isSubWindow = false; isInWinList = false; isExitNow = false
07-05 22:50:10.925 D/OsdMonitorService( 1733): windowNotOsd() : name = com.hisense.hicloud.edca/com.hisense.hicloud.edca.mediaplayer.activity.DetailPlayActivity
07-05 22:50:10.925 I/OsdMonitorService( 1733): setOsdStatus() : status will change from true to true
07-05 22:50:10.927 D/PowerManagerService( 1733): setScreenBrightnessOverrideFromWindowManagerInternal done
07-05 22:50:10.928 W/QueryController(10498): AccessibilityNodeInfo returned a null child (0 of 1)
07-05 22:50:10.929 I/SurfaceView(10534): New surface: Surface(name=null)/@0xbc5f64b, vis=false, frame=Rect(418, 205 - 1234, 665)
07-05 22:50:10.929 I/SurfaceView(10534): visibleChanged -- surfaceDestroyed
07-05 22:50:10.931 D/Carousel-UrlVideoView(10534): surfaceDestroyed
07-05 22:50:10.932 D/Surface (10534): onStatusChange() : mNativeObject = 0 mUseImageHwRender = false
07-05 22:50:10.933 V/SurfaceView(10534): Layout: x=418 y=205 w=816 h=460, frame=Rect(0, 0 - 816, 460)
07-05 22:50:10.943 I/SurfaceFlinger( 1204): the layer SurfaceView is used to close xc and zorder is smallerest! clear region
07-05 22:50:10.952 W/QueryController(10498): parent = android.view.accessibility.AccessibilityNodeInfo@8000f964; boundsInParent: Rect(0, 0 - 283, 1080); boundsInScreen: Rect(0, 0 - 283, 1080); packageName: com.hisense.hicloud.edca; className: android.widget.RelativeLayout; text: null; error: null; maxTextLength: -1; contentDescription: null; viewIdResName: com.hisense.hicloud.edca:id/tabview_left; checkable: false; checked: false; focusable: false; focused: false; selected: false; clickable: false; longClickable: false; enabled: true; password: false; scrollable: false; actions: [AccessibilityAction: ACTION_SELECT - null, AccessibilityAction: ACTION_CLEAR_SELECTION - null, AccessibilityAction: ACTION_ACCESSIBILITY_FOCUS - null]
07-05 22:50:10.953 E/HDMI_CEC( 1733): Sending message can't be response. 
07-05 22:50:10.954 W/QueryController(10498): AccessibilityNodeInfo returned a null child (0 of 1)
07-05 22:50:10.955 W/QueryController(10498): parent = android.view.accessibility.AccessibilityNodeInfo@80014478; boundsInParent: Rect(0, 0 - 420, 246); boundsInScreen: Rect(1515, 0 - 1900, 93); packageName: com.hisense.hicloud.edca; className: android.widget.RelativeLayout; text: null; error: null; maxTextLength: -1; contentDescription: null; viewIdResName: com.hisense.hicloud.edca:id/layout_img_container; checkable: false; checked: false; focusable: false; focused: false; selected: false; clickable: false; longClickable: false; enabled: true; password: false; scrollable: false; actions: [AccessibilityAction: ACTION_SELECT - null, AccessibilityAction: ACTION_CLEAR_SELECTION - null, AccessibilityAction: ACTION_ACCESSIBILITY_FOCUS - null]
07-05 22:50:10.956 W/QueryController(10498): AccessibilityNodeInfo returned a null child (0 of 2)
07-05 22:50:10.956 W/QueryController(10498): parent = android.view.accessibility.AccessibilityNodeInfo@80010c29; boundsInParent: Rect(0, 0 - 1738, 355); boundsInScreen: Rect(162, 363 - 1900, 718); packageName: com.hisense.hicloud.edca; className: android.widget.LinearLayout; text: null; error: null; maxTextLength: -1; contentDescription: null; viewIdResName: null; checkable: false; checked: false; focusable: false; focused: false; selected: false; clickable: false; longClickable: false; enabled: true; password: false; scrollable: false; actions: [AccessibilityAction: ACTION_SELECT - null, AccessibilityAction: ACTION_CLEAR_SELECTION - null, AccessibilityAction: ACTION_ACCESSIBILITY_FOCUS - null]
07-05 22:50:10.958 W/QueryController(10498): AccessibilityNodeInfo returned a null child (1 of 2)
07-05 22:50:10.959 W/QueryController(10498): AccessibilityNodeInfo returned a null child (0 of 2)
07-05 22:50:10.959 W/QueryController(10498): parent = android.view.accessibility.AccessibilityNodeInfo@8003c663; boundsInParent: Rect(0, 0 - 1738, 664); boundsInScreen: Rect(162, 743 - 1900, 1080); packageName: com.hisense.hicloud.edca; className: android.widget.LinearLayout; text: null; error: null; maxTextLength: -1; contentDescription: null; viewIdResName: null; checkable: false; checked: false; focusable: false; focused: false; selected: false; clickable: false; longClickable: false; enabled: true; password: false; scrollable: false; actions: [AccessibilityAction: ACTION_SELECT - null, AccessibilityAction: ACTION_CLEAR_SELECTION - null, AccessibilityAction: ACTION_ACCESSIBILITY_FOCUS - null]
07-05 22:50:10.961 W/QueryController(10498): AccessibilityNodeInfo returned a null child (1 of 2)
07-05 22:50:10.966 D/OsdMonitorService( 1733): mCurrentWindow = com.hisense.hicloud.edca/com.hisense.hicloud.edca.mediaplayer.activity.DetailPlayActivity; newWindow = com.hisense.hicloud.edca/com.hisense.hicloud.edca.mediaplayer.activity.DetailPlayActivity; isSubWindow = false; isInWinList = false; isExitNow = false
07-05 22:50:10.966 D/OsdMonitorService( 1733): windowNotOsd() : name = com.hisense.hicloud.edca/com.hisense.hicloud.edca.mediaplayer.activity.DetailPlayActivity
07-05 22:50:10.966 I/OsdMonitorService( 1733): setOsdStatus() : status will change from true to true
07-05 22:50:10.966 I/SurfaceFlinger( 1204): the layer SurfaceView is used to close xc and zorder is smallerest! clear region
07-05 22:50:10.969 D/PowerManagerService( 1733): setScreenBrightnessOverrideFromWindowManagerInternal done
07-05 22:50:10.971 D/Surface (10534): onStatusChange() : mNativeObject = 0 mUseImageHwRender = false
07-05 22:50:10.971 I/HiNetworkImpl(10534): doHttp_Asyn(): onSuccess clazz = class com.hisense.sdk.domain.DetailsPage, back from thread: main
07-05 22:50:10.971 I/DetailPlayActivity(10534): mFinishHttpTime : 15052543 496
07-05 22:50:10.972 D/til@system( 2026): til_get_system_param option:1000007 int:-1815634176, bool:0, ret:0
07-05 22:50:10.973 D/til@system( 2026): til_get_system_param option:1000009 int:-1936523008, bool:0, ret:0
07-05 22:50:10.974 D/til@system( 2026): til_get_system_param option:1000008 int:-1815632896, bool:0, ret:0
07-05 22:50:10.974 D/HiSDKLogReport(10534): getOperationDetail-productName : LED50MU8600UC
07-05 22:50:10.974 D/HiSDKLogReport(10534): getOperationDetail-plmNumber : 88888
07-05 22:50:10.974 D/HiSDKLogReport(10534): getOperationDetail-swVersion : V0000.00.01A
07-05 22:50:10.974 D/HiSDKLogReport(10534): getOperationDetail-operationDetail : LED50MU8600UC0000888
07-05 22:50:10.974 D/HiSDKLogReport(10534): processLogReport-log : {eventType=110, appKey=1182445233, APPVersionName=3.0.0.9.00, devid=86100300900000500000060a4818fca8, mac=a8:a6:48:18:fc:a8, uuid=13287129, accessToken=72DF6038D2AEAB8A76DFBBBBCC428A4A_000038366131134, APIversion=501, logversion=2.0, devType=0, APPPackage=com.hisense.hicloud.edca, eventPos=002, requesttime=1499266210974, customerId=7195320, value2=, eventMessage=HttpConnection, value1=496, model_id=0, ChannelId=0, version=00.002.003, tv_distribute_id=00, subscriberId=13287129, APIVersion=600, PFAPPCode=652, softwareVersion=LED50MU8600UC0000888}
07-05 22:50:10.975 D/DetailPlayActivity(10534): detailpage result is:com.hisense.sdk.domain.DetailsPage@2e0cbb52
07-05 22:50:10.978 D/til@system( 2026): til_get_system_param option:1000007 int:-1936525184, bool:128, ret:0
07-05 22:50:10.979 D/til@system( 2026): til_get_system_param option:1000009 int:-1815633792, bool:128, ret:0
07-05 22:50:10.980 D/til@system( 2026): til_get_system_param option:1000008 int:-1936522112, bool:128, ret:0
07-05 22:50:10.981 D/HttpDnsUtils(10534): CEXX-getOperationDetail-productName : LED50MU8600UC
07-05 22:50:10.981 D/HttpDnsUtils(10534): CEXX-getOperationDetail-plmNumber : 88888
07-05 22:50:10.981 D/HttpDnsUtils(10534): CEXX-getOperationDetail-swVersion : V0000.00.01A
07-05 22:50:10.981 D/HttpDnsUtils(10534): CEXX-getOperationDetail-operationDe