07-06 00:20:47.025 W/InputMethodManagerService( 1733): Got RemoteException sending setActive(false) notification to pid 28233 uid 10010
07-06 00:20:47.042 D/ActivityStackUtils( 1733): moveStack - stackId: 6, toFront: true
07-06 00:20:47.045 D/PowerManagerService( 1733): setScreenBrightnessOverrideFromWindowManagerInternal done
07-06 00:20:47.048 D/PowerManagerService( 1733): setScreenBrightnessOverrideFromWindowManagerInternal done
07-06 00:20:47.066 I/UsageStatsService( 1733): paused component:com.jamdeo.launcher
07-06 00:20:47.066 V/UsageStatsService( 1733): Paused: 20488638   Component: com.jamdeo.launcher/com.jamdeo.launcher.app.BaseTileActivity   Time: 1499271647066 LastSessionTime: 91 CumulativeSessionTime: 6723920
07-06 00:20:47.066 D/UsageStatsService( 1733): UsageStats: broadcasting intent
07-06 00:20:47.067 W/ContextImpl( 1733): Calling a method in the system process without a qualified user: android.app.ContextImpl.sendBroadcast:1327 com.android.server.usage.UsageStatsService.insertUsageStats:1104 com.android.server.usage.UsageStatsService$PkgUsageStatsExtended.updatePause:979 com.android.server.usage.UsageStatsService$LocalService.notePauseComponent:808 com.android.server.am.ActivityManagerService.updateUsageStats:3173 
07-06 00:20:47.069 D/PowerManagerService( 1733): acquireWakeLockInternal: lock=681732318, flags=0x1, tag="ActivityManager-Launch", ws=null, uid=1000, pid=1733
07-06 00:20:47.069 D/PowerManagerNotifier( 1733): onWakeLockAcquired: flags=1, tag="ActivityManager-Launch", packageName=android, ownerUid=1000, ownerPid=1733, workSource=null
07-06 00:20:47.073 I/ActivityManager( 1733): TR16) TaskRecord{cd10cea #4980 A=com.jamdeo.launcher U=0 sz=1}
07-06 00:20:47.073 I/ActivityManager( 1733): TR15) TaskRecord{c4f1dd9 #5490 A=com.hisense.hicloud.edca U=0 sz=0}
07-06 00:20:47.078 I/UsageStatsService( 1733): resumed component name is ComponentInfo{com.jamdeo.launcher/com.jamdeo.launcher.app.BaseTileActivity}
07-06 00:20:47.078 I/UsageStatsService( 1733): started component:com.jamdeo.launcher
07-06 00:20:47.079 V/UsageStatsService( 1733): Resumed: 20488650   Component: com.jamdeo.launcher/com.jamdeo.launcher.app.BaseTileActivity   Time: 1499271647079 VersionCode: 100010000   LastUpdateTime: 1167653135000
07-06 00:20:47.079 D/UsageStatsService( 1733): UsageStats: broadcasting intent
07-06 00:20:47.081 W/ContextImpl( 1733): Calling a method in the system process without a qualified user: android.app.ContextImpl.sendBroadcast:1327 com.android.server.usage.UsageStatsService.insertUsageStats:1104 com.android.server.usage.UsageStatsService$PkgUsageStatsExtended.updateResume:962 com.android.server.usage.UsageStatsService$LocalService.noteResumeComponent:759 com.android.server.am.ActivityManagerService.updateUsageStats:3164 
07-06 00:21:21.414 I/UsageStatsService( 1733): User[0] Flushing usage stats to disk
07-06 00:21:21.496 D/WifiService( 1733): New client listening to asynchronous messages
07-06 00:21:21.591 D/PowerManagerService( 1733): releaseWakeLockInternal: lock=681732318 [ActivityManager-Launch], flags=0x0
07-06 00:21:21.591 D/PowerManagerNotifier( 1733): onWakeLockReleased: flags=1, tag="ActivityManager-Launch", packageName=android, ownerUid=1000, ownerPid=1733, workSource=null
07-06 00:21:21.616 D/PowerManagerService( 1733): setScreenBrightnessOverrideFromWindowManagerInternal done
07-06 00:21:21.899 D/PowerManagerService( 1733): setScreenBrightnessOverrideFromWindowManagerInternal done
07-06 00:21:21.906 V/WindowManager( 1733): Adding window Window{1e0c7fc1 u0 SurfaceView} at 10 of 19 (before Window{3f528178 u0 com.hisense.hicloud.edca/com.hisense.tvui.newhome.HomeMainActivity})
07-06 00:21:21.912 D/PowerManagerService( 1733): setScreenBrightnessOverrideFromWindowManagerInternal done
07-06 00:21:21.924 D/PowerManagerService( 1733): setScreenBrightnessOverrideFromWindowManagerInternal done
07-06 00:21:21.927 D/PowerManagerService( 1733): setScreenBrightnessOverrideFromWindowManagerInternal done
07-06 00:21:21.943 D/PowerManagerService( 1733): setScreenBrightnessOverrideFromWindowManagerInternal done
07-06 00:21:21.961 D/PowerManagerService( 1733): setScreenBrightnessOverrideFromWindowManagerInternal done
07-06 00:21:22.010 I/NetflixMonitorService( 1733): current fgapk : com.hisense.hicloud.edca
07-06 00:21:22.010 I/NetflixMonitorService( 1733): Netflix status unchanged
07-06 00:21:22.403 D/PowerManagerService( 1733): acquireWakeLockInternal: lock=713384806, flags=0x1, tag="AudioMix", ws=null, uid=1013, pid=0
07-06 00:21:22.404 D/PowerManagerNotifier( 1733): onWakeLockAcquired: flags=1, tag="AudioMix", packageName=media, ownerUid=1013, ownerPid=0, workSource=null
07-06 00:21:22.404 D/PowerManagerService( 1733): acquireWakeLockInternal: lock=100177575, flags=0x1, tag="AudioMix", ws=null, uid=1013, pid=0
07-06 00:21:22.404 D/PowerManagerNotifier( 1733): onWakeLockAcquired: flags=1, tag="AudioMix", packageName=media, ownerUid=1013, ownerPid=0, workSource=null
07-06 00:21:22.405 D/PowerManagerService( 1733): updateWakeLockWorkSourceInternal: lock=713384806 [AudioMix], ws=null
07-06 00:21:22.405 D/PowerManagerService( 1733): updateWakeLockWorkSourceInternal: lock=100177575 [AudioMix], ws=null
07-06 00:21:23.010 I/NetflixMonitorService( 1733): current fgapk : com.hisense.hicloud.edca
07-06 00:21:23.010 I/NetflixMonitorService( 1733): Netflix status unchanged
07-06 00:21:23.356 D/PowerManagerService( 1733): setScreenBrightnessOverrideFromWindowManagerInternal done
07-06 00:21:23.358 D/PowerManagerService( 1733): setScreenBrightnessOverrideFromWindowManagerInternal done
07-06 00:21:23.407 D/PowerManagerService( 1733): acquireWakeLockInternal: lock=487931605, flags=0x2000000a, tag="WindowManager", ws=WorkSource{10010}, uid=1000, pid=1733
07-06 00:21:23.407 D/PowerManagerNotifier( 1733): onWakeLockAcquired: flags=536870922, tag="WindowManager", packageName=android, ownerUid=1000, ownerPid=1733, workSource=WorkSource{10010}
07-06 00:21:23.407 D/PowerManagerService( 1733): setScreenBrightnessOverrideFromWindowManagerInternal done
07-06 00:21:24.018 I/NetflixMonitorService( 1733): current fgapk : com.hisense.hicloud.edca
07-06 00:21:24.018 I/NetflixMonitorService( 1733): Netflix status unchanged
07-06 00:21:24.644 D/PowerManagerService( 1733): updateWakeLockWorkSourceInternal: lock=713384806 [AudioMix], ws=WorkSource{10010}
07-06 00:21:24.644 D/PowerManagerNotifier( 1733): onWakeLockReleased: flags=1, tag="AudioMix", packageName=media, ownerUid=1013, ownerPid=0, workSource=null
07-06 00:21:24.644 D/PowerManagerNotifier( 1733): onWakeLockAcquired: flags=1, tag="AudioMix", packageName=media, ownerUid=1013, ownerPid=0, workSource=WorkSource{10010}
07-06 00:21:25.019 I/NetflixMonitorService( 1733): current fgapk : com.hisense.hicloud.edca
07-06 00:21:25.019 I/NetflixMonitorService( 1733): Netflix status unchanged
07-06 00:21:25.409 D/PowerManagerService( 1733): releaseWakeLockInternal: lock=100177575 [AudioMix], flags=0x0
07-06 00:21:25.409 D/PowerManagerNotifier( 1733): onWakeLockReleased: flags=1, tag="AudioMix", packageName=media, ownerUid=1013, ownerPid=0, workSource=null
07-06 00:21:26.020 I/NetflixMonitorService( 1733): current fgapk : com.hisense.hicloud.edca
07-06 00:21:26.020 I/NetflixMonitorService( 1733): Netflix status unchanged
07-06 00:21:27.020 I/NetflixMonitorService( 1733): current fgapk : com.hisense.hicloud.edca
07-06 00:21:27.020 I/NetflixMonitorService( 1733): Netflix status unchanged
07-06 00:21:27.189 V/HotPlugDetectionAction( 1733): Poll all devices.
07-06 00:21:27.616 E/HDMI_CEC( 1733): Send Message TO[5] 
07-06 00:21:27.616 E/HDMI_CEC( 1733): OP[0], <Feature Abort> 
07-06 00:21:27.616 E/HDMI_CEC( 1733): ========
07-06 00:21:27.688 E/HDMI_CEC( 1733): MI_CEC_SendTxPolling, ErrCode[4] 
07-06 00:21:27.722 E/HDMI_CEC( 1733): Sending message can't be response. 
07-06 00:21:28.021 I/NetflixMonitorService( 1733): current fgapk : com.hisense.hicloud.edca
07-06 00:21:28.022 I/NetflixMonitorService( 1733): Netflix status unchanged
07-06 00:21:28.523 D/GlobalInputEventMonitoringService( 1733): interceptKeyBeforeQueueing(), event:22, mNeedMonitorKeyEvent:true, mWaitForKeyUpEvent:false
07-06 00:21:28.524 D/GlobalInputEventMonitoringService( 1733): processKeyEvent(), processKeyEvent event:22
07-06 00:21:28.525 D/PowerManagerService( 1733): userActivityNoUpdateLocked: eventTime=20530090, event=1, flags=0x0, uid=1000
07-06 00:21:28.695 D/HDMI    ( 1733): [P]:AllocatedAddress=[]
07-06 00:21:28.708 D/GlobalInputEventMonitoringService( 1733): interceptKeyBeforeQueueing(), event:22, mNeedMonitorKeyEvent:true, mWaitForKeyUpEvent:false
07-06 00:21:28.708 D/GlobalInputEventMonitoringService( 1733): processKeyEvent(), processKeyEvent event:22
07-06 00:21:28.971 D/PowerManagerService( 1733): releaseWakeLockInternal: lock=487931605 [WindowManager], flags=0x0
07-06 00:21:28.971 D/PowerManagerNotifier( 1733): onWakeLockReleased: flags=536870922, tag="WindowManager", packageName=android, ownerUid=1000, ownerPid=1733, workSource=WorkSource{10010}
07-06 00:21:28.971 D/PowerManagerService( 1733): userActivityNoUpdateLocked: eventTime=20530543, event=0, flags=0x1, uid=1000
07-06 00:21:28.971 D/PowerManagerService( 1733): setScreenBrightnessOverrideFromWindowManagerInternal done
07-06 00:21:28.980 D/PowerManagerService( 1733): setScreenBrightnessOverrideFromWindowManagerInternal done
07-06 00:21:29.015 D/PowerManagerService( 1733): setScreenBrightnessOverrideFromWindowManagerInternal done
07-06 00:21:29.022 I/NetflixMonitorService( 1733): current fgapk : com.hisense.hicloud.edca
07-06 00:21:29.022 I/NetflixMonitorService( 1733): Netflix status unchanged
07-06 00:21:29.047 D/PowerManagerService( 1733): setScreenBrightnessOverrideFromWindowManagerInternal done
07-06 00:21:29.070 D/PowerManagerService( 1733): setScreenBrightnessOverrideFromWindowManagerInternal done
07-06 00:21:29.129 D/PowerManagerService( 1733): acquireWakeLockInternal: lock=487931605, flags=0x2000000a, tag="WindowManager", ws=WorkSource{10010}, uid=1000, pid=1733
07-06 00:21:29.129 D/PowerManagerNotifier( 1733): onWakeLockAcquired: flags=536870922, tag="WindowManager", packageName=android, ownerUid=1000, ownerPid=1733, workSource=WorkSource{10010}
07-06 00:21:29.129 D/PowerManagerService( 1733): setScreenBrightnessOverrideFromWindowManagerInternal done
07-06 00:21:29.903 D/GlobalInputEventMonitoringService( 1733): interceptKeyBeforeQueueing(), event:22, mNeedMonitorKeyEvent:true, mWaitForKeyUpEvent:false
07-06 00:21:29.903 D/GlobalInputEventMonitoringService( 1733): processKeyEvent(), processKeyEvent event:22
07-06 00:21:29.904 D/PowerManagerService( 1733): userActivityNoUpdateLocked: eventTime=20531474, event=1, flags=0x0, uid=1000
07-06 00:21:29.981 D/GlobalInputEventMonitoringService( 1733): interceptKeyBeforeQueueing(), event:22, mNeedMonitorKeyEvent:true, mWaitForKeyUpEvent:false
07-06 00:21:29.981 D/GlobalInputEventMonitoringService( 1733): processKeyEvent(), processKeyEvent event:22
07-06 00:21:30.026 I/NetflixMonitorService( 1733): current fgapk : com.hisense.hicloud.edca
07-06 00:21:30.027 I/NetflixMonitorService( 1733): Netflix status unchanged
07-06 00:21:31.028 I/NetflixMonitorService( 1733): current fgapk : com.hisense.hicloud.edca
07-06 00:21:31.028 I/NetflixMonitorService( 1733): Netflix status unchanged
07-06 00:21:31.056 D/GlobalInputEventMonitoringService( 1733): interceptKeyBeforeQueueing(), event:20, mNeedMonitorKeyEvent:true, mWaitForKeyUpEvent:false
07-06 00:21:31.056 D/GlobalInputEventMonitoringService( 1733): processKeyEvent(), processKeyEvent event:20
07-06 00:21:31.057 D/PowerManagerService( 1733): userActivityNoUpdateLocked: eventTime=20532627, event=1, flags=0x0, uid=1000
07-06 00:21:31.105 D/GlobalInputEventMonitoringService( 1733): interceptKeyBeforeQueueing(), event:20, mNeedMonitorKeyEvent:true, mWaitForKeyUpEvent:false
07-06 00:21:31.105 D/GlobalInputEventMonitoringService( 1733): processKeyEvent(), processKeyEvent event:20
07-06 00:21:31.450 D/PowerManagerService( 1733): releaseWakeLockInternal: lock=487931605 [WindowManager], flags=0x0
07-06 00:21:31.451 D/PowerManagerNotifier( 1733): onWakeLockReleased: flags=536870922, tag="WindowManager", packageName=android, ownerUid=1000, ownerPid=1733, workSource=WorkSource{10010}
07-06 00:21:31.451 D/PowerManagerService( 1733): userActivityNoUpdateLocked: eventTime=20533022, event=0, flags=0x1, uid=1000
07-06 00:21:31.451 D/PowerManagerService( 1733): setScreenBrightnessOverrideFromWindowManagerInternal done
07-06 00:21:32.028 I/NetflixMonitorService( 1733): current fgapk : com.hisense.hicloud.edca
07-06 00:21:32.029 I/NetflixMonitorService( 1733): Netflix status unchanged
07-06 00:21:32.049 D/PowerManagerService( 1733): updateWakeLockWorkSourceInternal: lock=713384806 [AudioMix], ws=null
07-06 00:21:32.049 D/PowerManagerNotifier( 1733): onWakeLockReleased: flags=1, tag="AudioMix", packageName=media, ownerUid=1013, ownerPid=0, workSource=WorkSource{10010}
07-06 00:21:32.050 D/PowerManagerNotifier( 1733): onWakeLockAcquired: flags=1, tag="AudioMix", packageName=media, ownerUid=1013, ownerPid=0, workSource=null
07-06 00:21:32.436 D/GlobalInputEventMonitoringService( 1733): interceptKeyBeforeQueueing(), event:23, mNeedMonitorKeyEvent:true, mWaitForKeyUpEvent:false
07-06 00:21:32.436 D/GlobalInputEventMonitoringService( 1733): processKeyEvent(), processKeyEvent event:23
07-06 00:21:32.436 D/PowerManagerService( 1733): userActivityNoUpdateLocked: eventTime=20534007, event=1, flags=0x0, uid=1000
07-06 00:21:32.444 D/GlobalInputEventMonitoringService( 1733): interceptKeyBeforeQueueing(), event:23, mNeedMonitorKeyEvent:true, mWaitForKeyUpEvent:false
07-06 00:21:32.444 D/GlobalInputEventMonitoringService( 1733): processKeyEvent(), processKeyEvent event:23
07-06 00:21:32.490 D/TileTransitionManager( 1733): getActivityContainer not enter cts mode
07-06 00:21:32.492 D/JamdeoActivityStackSupervisor( 1733): get currentSiloName
07-06 00:21:32.492 I/ActivityManager( 1733): START u0 {flg=0x14000000 cmp=com.hisense.hicloud.edca/.mediaplayer.activity.DetailPlayActivity (has extras)} from uid 10010 on display 0
07-06 00:21:32.494 D/PowerManagerService( 1733): setScreenBrightnessOverrideFromWindowManagerInternal done
07-06 00:21:32.498 D/PowerManagerService( 1733): setScreenBrightnessOverrideFromWindowManagerInternal done
07-06 00:21:32.499 V/WindowManager( 1733): addAppToken: AppWindowToken{3df44ff2 token=Token{352056fd ActivityRecord{34e93754 u0 com.hisense.hicloud.edca/.mediaplayer.activity.DetailPlayActivity t5492}}} to stack=262 task=5492 at 1
07-06 00:21:32.499 I/UsageStatsService( 1733): paused component:com.hisense.hicloud.edca
07-06 00:21:32.499 V/UsageStatsService( 1733): Paused: 20534071   Component: com.hisense.hicloud.edca/com.hisense.tvui.newhome.HomeMainActivity   Time: 1499271692499 LastSessionTime: 15189 CumulativeSessionTime: 9228496
07-06 00:21:32.500 D/UsageStatsService( 1733): UsageStats: broadcasting intent
07-06 00:21:32.500 W/ContextImpl( 1733): Calling a method in the system process without a qualified user: android.app.ContextImpl.sendBroadcast:1327 com.android.server.usage.UsageStatsService.insertUsageStats:1104 com.android.server.usage.UsageStatsService$PkgUsageStatsExtended.updatePause:979 com.android.server.usage.UsageStatsService$LocalService.notePauseComponent:808 com.android.server.am.ActivityManagerService.updateUsageStats:3173 
07-06 00:21:32.501 D/UsageStatsService( 1733): User[0] Got usage event for com.hisense.hicloud.edca[1499271692500]: MOVE_TO_BACKGROUND
07-06 00:21:32.501 D/PowerManagerService( 1733): acquireWakeLockInternal: lock=681732318, flags=0x1, tag="ActivityManager-Launch", ws=null, uid=1000, pid=1733
07-06 00:21:32.501 D/PowerManagerNotifier( 1733): onWakeLockAcquired: flags=1, tag="ActivityManager-Launch", packageName=android, ownerUid=1000, ownerPid=1733, workSource=null
07-06 00:21:32.541 I/UsageStatsService( 1733): resumed component name is ComponentInfo{com.hisense.hicloud.edca/com.hisense.hicloud.edca.mediaplayer.activity.DetailPlayActivity}
07-06 00:21:32.541 I/UsageStatsService( 1733): started component:com.hisense.hicloud.edca
07-06 00:21:32.542 V/UsageStatsService( 1733): Resumed: 20534113   Component: com.hisense.hicloud.edca/com.hisense.hicloud.edca.mediaplayer.activity.DetailPlayActivity   Time: 1499271692542 VersionCode: 652   LastUpdateTime: 1499256171569
07-06 00:21:32.542 D/UsageStatsService( 1733): UsageStats: broadcasting intent
07-06 00:21:32.542 D/UsageStatsService( 1733): User[0] Got usage event for com.hisense.hicloud.edca[1499271692542]: MOVE_TO_FOREGROUND
07-06 00:21:32.542 W/ContextImpl( 1733): Calling a method in the system process without a qualified user: android.app.ContextImpl.sendBroadcast:1327 com.android.server.usage.UsageStatsService.insertUsageStats:1104 com.android.server.usage.UsageStatsService$PkgUsageStatsExtended.updateResume:962 com.android.server.usage.UsageStatsService$LocalService.noteResumeComponent:759 com.android.server.am.ActivityManagerService.updateUsageStats:3164 
07-06 00:21:32.552 D/PowerManagerService( 1733): setScreenBrightnessOverrideFromWindowManagerInternal done
07-06 00:21:32.553 I/ActivityManager( 1733): TR16) TaskRecord{2e3950da #5492 A=com.hisense.hicloud.edca U=0 sz=2}
07-06 00:21:32.553 I/ActivityManager( 1733): TR15) TaskRecord{cd10cea #4980 A=com.jamdeo.launcher U=0 sz=1}
07-06 00:21:32.555 V/ActivityManager( 1733): set mstar.EnterOpaqueUI false
07-06 00:21:32.911 V/WindowManager( 1733): Adding window Window{2193db31 u0 com.hisense.hicloud.edca/com.hisense.hicloud.edca.mediaplayer.activity.DetailPlayActivity} at 12 of 20 (after Window{3f528178 u0 com.hisense.hicloud.edca/com.hisense.tvui.newhome.HomeMainActivity})
07-06 00:21:32.972 D/PowerManagerService( 1733): setScreenBrightnessOverrideFromWindowManagerInternal done
07-06 00:21:32.975 D/PowerManagerService( 1733): setScreenBrightnessOverrideFromWindowManagerInternal done
07-06 00:21:33.029 I/NetflixMonitorService( 1733): current fgapk : com.hisense.hicloud.edca
07-06 00:21:33.029 I/NetflixMonitorService( 1733): Netflix status unchanged
07-06 00:21:33.071 D/PowerManagerService( 1733): setScreenBrightnessOverrideFromWindowManagerInternal done
07-06 00:21:33.075 D/PowerManagerService( 1733): setScreenBrightnessOverrideFromWindowManagerInternal done
07-06 00:21:33.079 D/PowerManagerService( 1733): setScreenBrightnessOverrideFromWindowManagerInternal done
07-06 00:21:33.085 D/PowerManagerService( 1733): releaseWakeLockInternal: lock=681732318 [ActivityManager-Launch], flags=0x0
07-06 00:21:33.086 D/PowerManagerNotifier( 1733): onWakeLockReleased: flags=1, tag="ActivityManager-Launch", packageName=android, ownerUid=1000, ownerPid=1733, workSource=null
07-06 00:21:33.108 D/PowerManagerService( 1733): setScreenBrightnessOverrideFromWindowManagerInternal done
07-06 00:21:33.141 D/PowerManagerService( 1733): setScreenBrightnessOverrideFromWindowManagerInternal done
07-06 00:21:33.509 D/PowerManagerService( 1733): setScreenBrightnessOverrideFromWindowManagerInternal done
07-06 00:21:33.511 D/PowerManagerService( 1733): setScreenBrightnessOverrideFromWindowManagerInternal done
07-06 00:21:33.525 D/PowerManagerService( 1733): setScreenBrightnessOverrideFromWindowManagerInternal done
07-06 00:21:33.572 D/PowerManagerService( 1733): setScreenBrightnessOverrideFromWindowManagerInternal done
07-06 00:21:33.645 D/GlobalInputEventMonitoringService( 1733): interceptKeyBeforeQueueing(), event:111, mNeedMonitorKeyEvent:true, mWaitForKeyUpEvent:false
07-06 00:21:33.645 D/GlobalInputEventMonitoringService( 1733): processKeyEvent(), processKeyEvent event:111
07-06 00:21:33.646 D/PowerManagerService( 1733): userActivityNoUpdateLocked: eventTime=20535216, event=1, flags=0x0, uid=1000
07-06 00:21:33.666 D/WindowManager( 1733): Unhandled key: win=Window{2193db31 u0 com.hisense.hicloud.edca/com.hisense.hicloud.edca.mediaplayer.activity.DetailPlayActivity}, action=0, flags=0, keyCode=111, scanCode=0, metaState=0, repeatCount=0, policyFlags=1795162112
07-06 00:21:33.666 D/WindowManager( 1733): Fallback: keyCode=4 metaState=0
07-06 00:21:33.666 D/WindowManager( 1733): Performing fallback: KeyEvent { action=ACTION_DOWN, keyCode=KEYCODE_BACK, scanCode=0, metaState=0, flags=0x400, repeatCount=0, eventTime=20535216, downTime=20535216, deviceId=-1, source=0x101 }
07-06 00:21:33.679 D/GlobalInputEventMonitoringService( 1733): interceptKeyBeforeQueueing(), event:111, mNeedMonitorKeyEvent:true, mWaitForKeyUpEvent:false
07-06 00:21:33.679 D/GlobalInputEventMonitoringService( 1733): processKeyEvent(), processKeyEvent event:111
07-06 00:21:33.692 D/WindowManager( 1733): Unhandled key: win=Window{2193db31 u0 com.hisense.hicloud.edca/com.hisense.hicloud.edca.mediaplayer.activity.DetailPlayActivity}, action=1, flags=0, keyCode=111, scanCode=0, metaState=0, repeatCount=0, policyFlags=1795162112
07-06 00:21:33.692 D/WindowManager( 1733): Fallback: keyCode=4 metaState=0
07-06 00:21:33.693 D/WindowManager( 1733): Performing fallback: KeyEvent { action=ACTION_UP, keyCode=KEYCODE_BACK, scanCode=0, metaState=0, flags=0x400, repeatCount=0, eventTime=20535216, downTime=20535216, deviceId=-1, source=0x101 }
07-06 00:21:33.714 I/UsageStatsService( 1733): paused component:com.hisense.hicloud.edca
07-06 00:21:33.714 V/UsageStatsService( 1733): Paused: 20535286   Component: com.hisense.hicloud.edca/com.hisense.hicloud.edca.mediaplayer.activity.DetailPlayActivity   Time: 1499271693714 LastSessionTime: 1173 CumulativeSessionTime: 9229669
07-06 00:21:33.715 D/UsageStatsService( 1733): UsageStats: broadcasting intent
07-06 00:21:33.715 W/ContextImpl( 1733): Calling a method in the system process without a qualified user: android.app.ContextImpl.sendBroadcast:1327 com.android.server.usage.UsageStatsService.insertUsageStats:1104 com.android.server.usage.UsageStatsService$PkgUsageStatsExtended.updatePause:979 com.android.server.usage.UsageStatsService$LocalService.notePauseComponent:808 com.android.server.am.ActivityManagerService.updateUsageStats:3173 
07-06 00:21:33.716 D/UsageStatsService( 1733): User[0] Got usage event for com.hisense.hicloud.edca[1499271693715]: MOVE_TO_BACKGROUND
07-06 00:21:33.718 D/PowerManagerService( 1733): acquireWakeLockInternal: lock=681732318, flags=0x1, tag="ActivityManager-Launch", ws=null, uid=1000, pid=1733
07-06 00:21:33.718 D/PowerManagerNotifier( 1733): onWakeLockAcquired: flags=1, tag="ActivityManager-Launch", packageName=android, ownerUid=1000, ownerPid=1733, workSource=null
07-06 00:21:33.726 I/ActivityManager( 1733): TR16) TaskRecord{2e3950da #5492 A=com.hisense.hicloud.edca U=0 sz=2}
07-06 00:21:33.726 I/ActivityManager( 1733): TR15) TaskRecord{cd10cea #4980 A=com.jamdeo.launcher U=0 sz=1}
07-06 00:21:33.732 I/UsageStatsService( 1733): resumed component name is ComponentInfo{com.hisense.hicloud.edca/com.hisense.tvui.newhome.HomeMainActivity}
07-06 00:21:33.732 I/UsageStatsService( 1733): started component:com.hisense.hicloud.edca
07-06 00:21:33.733 V/UsageStatsService( 1733): Resumed: 20535304   Component: com.hisense.hicloud.edca/com.hisense.tvui.newhome.HomeMainActivity   Time: 1499271693733 VersionCode: 652   LastUpdateTime: 1499256171569
07-06 00:21:33.733 D/UsageStatsService( 1733): UsageStats: broadcasting intent
07-06 00:21:33.733 W/ContextImpl( 1733): Calling a method in the system process without a qualified user: android.app.ContextImpl.sendBroadcast:1327 com.android.server.usage.UsageStatsService.insertUsageStats:1104 com.android.server.usage.UsageStatsService$PkgUsageStatsExtended.updateResume:962 com.android.server.usage.UsageStatsService$LocalService.noteResumeComponent:759 com.android.server.am.ActivityManagerService.updateUsageStats:3164 
07-06 00:21:33.734 D/UsageStatsService( 1733): User[0] Got usage event for com.hisense.hicloud.edca[1499271693733]: MOVE_TO_FOREGROUND
07-06 00:21:33.745 D/PowerManagerService( 1733): setScreenBrightnessOverrideFromWindowManagerInternal done
07-06 00:21:33.797 D/PowerManagerService( 1733): setScreenBrightnessOverrideFromWindowManagerInternal done
07-06 00:21:33.826 D/PowerManagerService( 1733): setScreenBrightnessOverrideFromWindowManagerInternal done
07-06 00:21:33.848 D/PowerManagerService( 1733): setScreenBrightnessOverrideFromWindowManagerInternal done
07-06 00:21:33.853 D/PowerManagerService( 1733): setScreenBrightnessOverrideFromWindowManagerInternal done
07-06 00:21:33.872 D/PowerManagerService( 1733): setScreenBrightnessOverrideFromWindowManagerInternal done
07-06 00:21:33.919 D/PowerManagerService( 1733): setScreenBrightnessOverrideFromWindowManagerInternal done
07-06 00:21:33.925 D/PowerManagerService( 1733): setScreenBrightnessOverrideFromWindowManagerInternal done
07-06 00:21:33.931 D/PowerManagerService( 1733): setScreenBrightnessOverrideFromWindowManagerInternal done
07-06 00:21:34.030 I/NetflixMonitorService( 1733): current fgapk : com.hisense.hicloud.edca
07-06 00:21:34.030 I/NetflixMonitorService( 1733): Netflix status unchanged
07-06 00:21:34.374 D/PowerManagerService( 1733): setScreenBrightnessOverrideFromWindowManagerInternal done
07-06 00:21:34.381 D/PowerManagerService( 1733): setScreenBrightnessOverrideFromWindowManagerInternal done
07-06 00:21:34.394 D/PowerManagerService( 1733): setScreenBrightnessOverrideFromWindowManagerInternal done
07-06 00:21:34.516 D/PowerManagerService( 1733): setScreenBrightnessOverrideFromWindowManagerInternal done
07-06 00:21:34.593 D/PowerManagerService( 1733): setScreenBrightnessOverrideFromWindowManagerInternal done
07-06 00:21:34.630 D/PowerManagerService( 1733): setScreenBrightnessOverrideFromWindowManagerInternal done
07-06 00:21:34.642 D/PowerManagerService( 1733): releaseWakeLockInternal: lock=681732318 [ActivityManager-Launch], flags=0x0
07-06 00:21:34.642 D/PowerManagerNotifier( 1733): onWakeLockReleased: flags=1, tag="ActivityManager-Launch", packageName=android, ownerUid=1000, ownerPid=1733, workSource=null
07-06 00:21:34.652 I/NotificationService( 1733): cancelToast pkg=com.hisense.hicloud.edca callback=android.app.ITransientNotification$Stub$Proxy@3b7a8cc6
07-06 00:21:34.652 W/NotificationService( 1733): Toast already cancelled. pkg=com.hisense.hicloud.edca callback=android.app.ITransientNotification$Stub$Proxy@3b7a8cc6
07-06 00:21:34.682 D/PowerManagerService( 1733): setScreenBrightnessOverrideFromWindowManagerInternal done
07-06 00:21:35.020 D/PowerManagerService( 1733): releaseWakeLockInternal: lock=713384806 [AudioMix], flags=0x0
07-06 00:21:35.020 D/PowerManagerNotifier( 1733): onWakeLockReleased: flags=1, tag="AudioMix", packageName=media, ownerUid=1013, ownerPid=0, workSource=null
07-06 00:21:35.031 I/NetflixMonitorService( 1733): current fgapk : com.hisense.hicloud.edca
07-06 00:21:35.031 I/NetflixMonitorService( 1733): Netflix status unchanged
07-06 00:21:36.031 I/NetflixMonitorService( 1733): current fgapk : com.hisense.hicloud.edca
07-06 00:21:36.031 I/NetflixMonitorService( 1733): Netflix status unchanged
07-06 00:21:37.032 I/NetflixMonitorService( 1733): current fgapk : com.hisense.hicloud.edca
07-06 00:21:37.032 I/NetflixMonitorService( 1733): Netflix status unchanged
07-06 00:21:37.662 W/ActivityManager( 1733): getTasks: caller 10076 does not hold REAL_GET_TASKS; limiting output
07-06 00:21:37.663 W/ActivityManager( 1733): getTasks: caller 10076 does not hold REAL_GET_TASKS; limiting output
07-06 00:21:37.664 W/ActivityManager( 1733): getRunningAppProcesses: caller 10076 does not hold REAL_GET_TASKS; limiting output
07-06 00:21:38.033 I/NetflixMonitorService( 1733): current fgapk : com.hisense.hicloud.edca
07-06 00:21:38.033 I/NetflixMonitorService( 1733): Netflix status unchanged
07-06 00:21:39.034 I/NetflixMonitorService( 1733): current fgapk : com.hisense.hicloud.edca
07-06 00:21:39.034 I/NetflixMonitorService( 1733): Netflix status unchanged
07-06 00:21:40.034 I/NetflixMonitorService( 1733): current fgapk : com.hisense.hicloud.edca
07-06 00:21:40.034 I/NetflixMonitorService( 1733): Netflix status unchanged
07-06 00:21:41.035 I/NetflixMonitorService( 1733): current fgapk : com.hisense.hicloud.edca
07-06 00:21:41.035 I/NetflixMonitorService( 1733): Netflix status unchanged
07-06 00:21:42.036 I/NetflixMonitorService( 1733): current fgapk : com.hisense.hicloud.edca
07-06 00:21:42.036 I/NetflixMonitorService( 1733): Netflix status unchanged
07-06 00:21:42.195 V/HotPlugDetectionAction( 1733): Poll all devices.
07-06 00:21:42.543 I/UsageStatsService( 1733): User[0] Flushing usage stats to disk
07-06 00:21:42.617 E/HDMI_CEC( 1733): Send Message TO[5] 
07-06 00:21:42.617 E/HDMI_CEC( 1733): OP[0], <Feature Abort> 
07-06 00:21:42.617 E/HDMI_CEC( 1733): ========
07-06 00:21:42.691 E/HDMI_CEC( 1733): MI_CEC_SendTxPolling, ErrCode[4] 
07-06 00:21:42.725 E/HDMI_CEC( 1733): Sending message can't be response. 
07-06 00:21:43.038 I/NetflixMonitorService( 1733): current fgapk : com.hisense.hicloud.edca
07-06 00:21:43.038 I/NetflixMonitorService( 1733): Netflix status unchanged
07-06 00:21:43.675 D/HDMI    ( 1733): [P]:AllocatedAddress=[]
07-06 00:21:44.038 I/NetflixMonitorService( 1733): current fgapk : com.hisense.hicloud.edca
07-06 00:21:44.039 I/NetflixMonitorService( 1733): Netflix status unchanged
07-06 00:21:45.039 I/NetflixMonitorService( 1733): current fgapk : com.hisense.hicloud.edca
07-06 00:21:45.039 I/NetflixMonitorService( 1733): Netflix status unchanged
07-06 00:21:46.040 I/NetflixMonitorService( 1733): current fgapk : com.hisense.hicloud.edca
07-06 00:21:46.040 I/NetflixMonitorService( 1733): Netflix status unchanged
07-06 00:21:47.040 I/NetflixMonitorService( 1733): current fgapk : com.hisense.hicloud.edca
07-06 00:21:47.040 I/NetflixMonitorService( 1733): Netflix status unchanged
07-06 00:21:47.177 I/ActivityManager( 1733): Force stopping com.hisense.hicloud.edca appid=10010 user=0: from pid 29068
07-06 00:21:47.177 I/ActivityManager( 1733): Killing 28766:com.hisense.hicloud.edca/u0a10 (adj 0): stop com.hisense.hicloud.edca
07-06 00:21:47.217 I/WindowState( 1733): WIN DEATH: Window{1e0c7fc1 u0 SurfaceView}
07-06 00:21:47.218 E/WifiService( 1733): Multicaster binderDied
07-06 00:21:47.218 D/WifiService( 1733): Client connection lost with reason: 4
07-06 00:21:47.221 D/PowerManagerService( 1733): setScreenBrightnessOverrideFromWindowManagerInternal done
07-06 00:21:47.224 I/WindowState( 1733): WIN DEATH: Window{3f528178 u0 com.hisense.hicloud.edca/com.hisense.tvui.newhome.HomeMainActivity}
07-06 00:21:47.227 D/PowerManagerService( 1733): setScreenBrightnessOverrideFromWindowManagerInternal done
07-06 00:21:47.283 W/ActivityManager( 1733): Scheduling restart of crashed service com.hisense.hicloud.edca/.service.connection.MutilScreenService in 1000ms
07-06 00:21:47.283 W/ActivityManager( 1733): Force removing ActivityRecord{2ac86a06 u0 com.hisense.hicloud.edca/com.hisense.tvui.newhome.HomeMainActivity t5492}: app died, no saved state
07-06 00:21:47.283 I/UsageStatsService( 1733): paused component:com.hisense.hicloud.edca
07-06 00:21:47.283 V/UsageStatsService( 1733): Paused: 20548855   Component: com.hisense.hicloud.edca/com.hisense.tvui.newhome.HomeMainActivity   Time: 1499271707283 LastSessionTime: 13551 CumulativeSessionTime: 9243220
07-06 00:21:47.284 D/UsageStatsService( 1733): UsageStats: broadcasting intent
07-06 00:21:47.284 W/ContextImpl( 1733): Calling a method in the system process without a qualified user: android.app.ContextImpl.sendBroadcast:1327 com.android.server.usage.UsageStatsService.insertUsageStats:1104 com.android.server.usage.UsageStatsService$PkgUsageStatsExtended.updatePause:979 com.android.server.usage.UsageStatsService$LocalService.notePauseComponent:808 com.android.server.am.ActivityManagerService.updateUsageStats:3173 
07-06 00:21:47.286 D/UsageStatsService( 1733): User[0] Got usage event for com.hisense.hicloud.edca[1499271707284]: MOVE_TO_BACKGROUND
07-06 00:21:47.286 I/ActivityManager( 1733):   Force stopping service ServiceRecord{11643130 u0 com.hisense.hicloud.edca/.service.connection.MutilScreenService}
07-06 00:21:47.287 I/ActivityManager( 1733): TR16) TaskRecord{3602af52 #5491 A=com.jamdeo.launcher U=0 sz=1}
07-06 00:21:47.288 I/ActivityManager( 1733): TR15) TaskRecord{2e3950da #5492 A=com.hisense.hicloud.edca U=0 sz=0}
07-06 00:21:47.310 D/PowerManagerService( 1733): setScreenBrightnessOverrideFromWindowManagerInternal done
07-06 00:21:47.384 I/ActivityManager( 1733): TR16) TaskRecord{3602af52 #5491 A=com.jamdeo.launcher U=0 sz=1}
07-06 00:21:47.384 I/ActivityManager( 1733): TR15) TaskRecord{2e3950da #5492 A=com.hisense.hicloud.edca U=0 sz=0}
07-06 00:21:47.390 I/UsageStatsService( 1733): resumed component name is ComponentInfo{com.jamdeo.launcher/com.jamdeo.launcher.app.BaseTileActivity}
07-06 00:21:47.390 I/UsageStatsService( 1733): started component:com.jamdeo.launcher
07-06 00:21:47.390 V/UsageStatsService( 1733): Resumed: 20548961   Component: com.jamdeo.launcher/com.jamdeo.launcher.app.BaseTileActivity   Time: 1499271707390 VersionCode: 100010000   LastUpdateTime: 1167653135000
07-06 00:22:17.065 I/NetflixMonitorService( 1733): current fgapk : com.hisense.hicloud.edca
07-06 00:22:17.065 I/NetflixMonitorService( 1733): Netflix status unchanged
07-06 00:22:17.069 D/TileTransitionManager( 1733): getActivityContainer not enter cts mode
07-06 00:22:17.071 D/JamdeoActivityStackSupervisor( 1733): get currentSiloName
07-06 00:22:17.072 I/ActivityManager( 1733): START u0 {cmp=com.hisense.hicloud.edca/com.hisense.tvui.newhome.HomeMainActivity} from uid 10010 on display 0
07-06 00:22:17.074 D/PowerManagerService( 1733): setScreenBrightnessOverrideFromWindowManagerInternal done
07-06 00:22:17.077 D/PowerManagerService( 1733): setScreenBrightnessOverrideFromWindowManagerInternal done
07-06 00:22:17.078 V/WindowManager( 1733): addAppToken: AppWindowToken{374660e token=Token{3730c409 ActivityRecord{f2a4110 u0 com.hisense.hicloud.edca/com.hisense.tvui.newhome.HomeMainActivity t5494}}} to stack=263 task=5494 at 1
07-06 00:22:17.078 I/UsageStatsService( 1733): paused component:com.hisense.hicloud.edca
07-06 00:22:17.078 V/UsageStatsService( 1733): Paused: 20578650   Component: com.hisense.hicloud.edca/com.hisense.hicloud.edca.activity.EntryActivity   Time: 1499271737078 LastSessionTime: 4764 CumulativeSessionTime: 9247984
07-06 00:22:17.078 D/UsageStatsService( 1733): UsageStats: broadcasting intent
07-06 00:22:17.079 W/ContextImpl( 1733): Calling a method in the system process without a qualified user: android.app.ContextImpl.sendBroadcast:1327 com.android.server.usage.UsageStatsService.insertUsageStats:1104 com.android.server.usage.UsageStatsService$PkgUsageStatsExtended.updatePause:979 com.android.server.usage.UsageStatsService$LocalService.notePauseComponent:808 com.android.server.am.ActivityManagerService.updateUsageStats:3173 
07-06 00:22:17.080 D/PowerManagerService( 1733): acquireWakeLockInternal: lock=681732318, flags=0x1, tag="ActivityManager-Launch", ws=null, uid=1000, pid=1733
07-06 00:22:17.080 D/PowerManagerNotifier( 1733): onWakeLockAcquired: flags=1, tag="ActivityManager-Launch", packageName=android, ownerUid=1000, ownerPid=1733, workSource=null
07-06 00:22:17.082 D/UsageStatsService( 1733): User[0] Got usage event for com.hisense.hicloud.edca[1499271737079]: MOVE_TO_BACKGROUND
07-06 00:22:17.096 I/UsageStatsService( 1733): resumed component name is ComponentInfo{com.hisense.hicloud.edca/com.hisense.tvui.newhome.HomeMainActivity}
07-06 00:22:17.096 I/UsageStatsService( 1733): started component:com.hisense.hicloud.edca
07-06 00:22:17.097 V/UsageStatsService( 1733): Resumed: 20578668   Component: com.hisense.hicloud.edca/com.hisense.tvui.newhome.HomeMainActivity   Time: 1499271737097 VersionCode: 652   LastUpdateTime: 1499256171569
07-06 00:22:17.097 D/UsageStatsService( 1733): UsageStats: broadcasting intent
07-06 00:22:17.097 W/ContextImpl( 1733): Calling a method in the system process without a qualified user: android.app.ContextImpl.sendBroadcast:1327 com.android.server.usage.UsageStatsService.insertUsageStats:1104 com.android.server.usage.UsageStatsService$PkgUsageStatsExtended.updateResume:962 com.android.server.usage.UsageStatsService$LocalService.noteResumeComponent:759 com.android.server.am.ActivityManagerService.updateUsageStats:3164 
07-06 00:22:17.099 D/UsageStatsService( 1733): User[0] Got usage event for com.hisense.hicloud.edca[1499271737097]: MOVE_TO_FOREGROUND
07-06 00:22:17.102 D/PowerManagerService( 1733): setScreenBrightnessOverrideFromWindowManagerInternal done
07-06 00:22:17.103 I/ActivityManager( 1733): TR16) TaskRecord{27a0c1dc #5494 A=com.hisense.hicloud.edca U=0 sz=2}
07-06 00:22:17.104 I/ActivityManager( 1733): TR15) TaskRecord{11a933b9 #5493 A=com.jamdeo.launcher U=0 sz=1}
07-06 00:22:17.105 V/ActivityManager( 1733): set mstar.EnterOpaqueUI false
07-06 00:22:17.638 V/WindowManager( 1733): Adding window Window{2ae0ed72 u0 com.hisense.hicloud.edca/com.hisense.tvui.newhome.HomeMainActivity} at 11 of 19 (after Window{3236c636 u0 com.hisense.hicloud.edca/com.hisense.hicloud.edca.activity.EntryActivity})
07-06 00:22:18.039 D/PowerManagerService( 1733): setScreenBrightnessOverrideFromWindowManagerInternal done
07-06 00:22:18.041 D/PowerManagerService( 1733): setScreenBrightnessOverrideFromWindowManagerInternal done
07-06 00:22:18.066 I/NetflixMonitorService( 1733): current fgapk : com.hisense.hicloud.edca
07-06 00:22:18.066 I/NetflixMonitorService( 1733): Netflix status unchanged
07-06 00:22:18.234 D/PowerManagerService( 1733): setScreenBrightnessOverrideFromWindowManagerInternal done
07-06 00:22:18.238 D/PowerManagerService( 1733): setScreenBrightnessOverrideFromWindowManagerInternal done
07-06 00:22:18.243 D/PowerManagerService( 1733): setScreenBrightnessOverrideFromWindowManagerInternal done
07-06 00:22:18.685 D/PowerManagerService( 1733): setScreenBrightnessOverrideFromWindowManagerInternal done
07-06 00:22:18.686 D/PowerManagerService( 1733): setScreenBrightnessOverrideFromWindowManagerInternal done
07-06 00:22:18.691 D/PowerManagerService( 1733): setScreenBrightnessOverrideFromWindowManagerInternal done
07-06 00:22:19.066 I/NetflixMonitorService( 1733): current fgapk : com.hisense.hicloud.edca
07-06 00:22:19.066 I/NetflixMonitorService( 1733): Netflix status unchanged
07-06 00:22:20.067 I/NetflixMonitorService( 1733): current fgapk : com.hisense.hicloud.edca
07-06 00:22:20.067 I/NetflixMonitorService( 1733): Netflix status unchanged
07-06 00:22:20.090 D/PowerManagerService( 1733): setScreenBrightnessOverrideFromWindowManagerInternal done
07-06 00:22:20.967 D/PowerManagerService( 1733): releaseWakeLockInternal: lock=681732318 [ActivityManager-Launch], flags=0x0
07-06 00:22:20.967 D/PowerManagerNotifier( 1733): onWakeLockReleased: flags=1, tag="ActivityManager-Launch", packageName=android, ownerUid=1000, ownerPid=1733, workSource=null
07-06 00:22:21.009 D/PowerManagerService( 1733): setScreenBrightnessOverrideFromWindowManagerInternal done
07-06 00:22:21.068 I/NetflixMonitorService( 1733): current fgapk : com.hisense.hicloud.edca
07-06 00:22:21.068 I/NetflixMonitorService( 1733): Netflix status unchanged
07-06 00:22:21.481 W/ActivityManager( 1733): Activity destroy timeout for ActivityRecord{237a3959 u0 com.jamdeo.launcher/.app.BaseTileActivity t5491 f}
07-06 00:22:21.511 D/PowerManagerService( 1733): setScreenBrightnessOverrideFromWindowManagerInternal done
07-06 00:22:21.519 V/WindowManager( 1733): Adding window Window{2a27e5b3 u0 SurfaceView} at 10 of 19 (before Window{2ae0ed72 u0 com.hisense.hicloud.edca/com.hisense.tvui.newhome.HomeMainActivity})
07-06 00:22:21.526 D/PowerManagerService( 1733): setScreenBrightnessOverrideFromWindowManagerInternal done
07-06 00:22:21.562 D/PowerManagerService( 1733): setScreenBrightnessOverrideFromWindowManagerInternal done
07-06 00:22:21.565 D/PowerManagerService( 1733): setScreenBrightnessOverrideFromWindowManagerInternal done
07-06 00:22:21.573 D/PowerManagerService( 1733): setScreenBrightnessOverrideFromWindowManagerInternal done
07-06 00:22:21.583 D/PowerManagerService( 1733): setScreenBrightnessOverrideFromWindowManagerInternal done
07-06 00:22:21.640 I/UsageStatsService( 1733): User[0] Flushing usage stats to disk
07-06 00:22:22.069 I/NetflixMonitorService( 1733): current fgapk : com.hisense.hicloud.edca
07-06 00:22:22.069 I/NetflixMonitorService( 1733): Netflix status unchanged
07-06 00:22:22.499 D/PowerManagerService( 1733): acquireWakeLockInternal: lock=913016688, flags=0x1, tag="AudioMix", ws=null, uid=1013, pid=0
07-06 00:22:22.499 D/PowerManagerNotifier( 1733): onWakeLockAcquired: flags=1, tag="AudioMix", packageName=media, ownerUid=1013, ownerPid=0, workSource=null
07-06 00:22:22.500 D/PowerManagerService( 1733): acquireWakeLockInternal: lock=531430121, flags=0x1, tag="AudioMix", ws=null, uid=1013, pid=0
07-06 00:22:22.500 D/PowerManagerNotifier( 1733): onWakeLockAcquired: flags=1, tag="AudioMix", packageName=media, ownerUid=1013, ownerPid=0, workSource=null
07-06 00:22:22.500 D/PowerManagerService( 1733): updateWakeLockWorkSourceInternal: lock=913016688 [AudioMix], ws=null
07-06 00:22:22.501 D/PowerManagerService( 1733): updateWakeLockWorkSourceInternal: lock=531430121 [AudioMix], ws=null
07-06 00:22:23.069 I/NetflixMonitorService( 1733): current fgapk : com.hisense.hicloud.edca
07-06 00:22:23.069 I/NetflixMonitorService( 1733): Netflix status unchanged
07-06 00:22:23.120 D/WifiService( 1733): New client listening to asynchronous messages
07-06 00:22:23.898 D/PowerManagerService( 1733): setScreenBrightnessOverrideFromWindowManagerInternal done
07-06 00:22:23.902 D/PowerManagerService( 1733): setScreenBrightnessOverrideFromWindowManagerInternal done
07-06 00:22:23.930 D/PowerManagerService( 1733): acquireWakeLockInternal: lock=487931605, flags=0x2000000a, tag="WindowManager", ws=WorkSource{10010}, uid=1000, pid=1733
07-06 00:22:23.930 D/PowerManagerNotifier( 1733): onWakeLockAcquired: flags=536870922, tag="WindowManager", packageName=android, ownerUid=1000, ownerPid=1733, workSource=WorkSource{10010}
07-06 00:22:23.930 D/PowerManagerService( 1733): setScreenBrightnessOverrideFromWindowManagerInternal done
07-06 00:22:24.070 I/NetflixMonitorService( 1733): current fgapk : com.hisense.hicloud.edca
07-06 00:22:24.070 I/NetflixMonitorService( 1733): Netflix status unchanged
07-06 00:22:25.071 I/NetflixMonitorService( 1733): current fgapk : com.hisense.hicloud.edca
07-06 00:22:25.071 I/NetflixMonitorService( 1733): Netflix status unchanged
07-06 00:22:25.505 D/PowerManagerService( 1733): releaseWakeLockInternal: lock=913016688 [AudioMix], flags=0x0
07-06 00:22:25.505 D/PowerManagerNotifier( 1733): onWakeLockReleased: flags=1, tag="AudioMix", packageName=media, ownerUid=1013, ownerPid=0, workSource=null
07-06 00:22:25.506 D/PowerManagerService( 1733): releaseWakeLockInternal: lock=531430121 [AudioMix], flags=0x0
07-06 00:22:25.506 D/PowerManagerNotifier( 1733): onWakeLockReleased: flags=1, tag="AudioMix", packageName=media, ownerUid=1013, ownerPid=0, workSource=null
07-06 00:22:25.819 D/PowerManagerService( 1733): acquireWakeLockInternal: lock=13720741, flags=0x1, tag="AudioMix", ws=null, uid=1013, pid=0
07-06 00:22:25.822 D/PowerManagerNotifier( 1733): onWakeLockAcquired: flags=1, tag="AudioMix", packageName=media, ownerUid=1013, ownerPid=0, workSource=null
07-06 00:22:25.823 D/PowerManagerService( 1733): updateWakeLockWorkSourceInternal: lock=13720741 [AudioMix], ws=null
07-06 00:22:25.829 D/PowerManagerService( 1733): updateWakeLockWorkSourceInternal: lock=13720741 [AudioMix], ws=WorkSource{10010}
07-06 00:22:25.829 D/PowerManagerNotifier( 1733): onWakeLockReleased: flags=1, tag="AudioMix", packageName=media, ownerUid=1013, ownerPid=0, workSource=null
07-06 00:22:25.829 D/PowerManagerNotifier( 1733): onWakeLockAcquired: flags=1, tag="AudioMix", packageName=media, ownerUid=1013, ownerPid=0, workSource=WorkSource{10010}
07-06 00:22:26.072 I/NetflixMonitorService( 1733): current fgapk : com.hisense.hicloud.edca
07-06 00:22:26.072 I/NetflixMonitorService( 1733): Netflix status unchanged
--------- beginning of main
07-06 00:22:26.269 I/MiSysSrv( 1214): [37m[INFO] Change to Voltage: 102 mv (0x23)[m
07-06 00:22:26.339 I/MyFragmentStateAdapter(29306): getCount
07-06 00:22:26.390 I/MyFragmentStateAdapter(29306): getCount
07-06 00:22:26.403 D/NativeDecimalFormat(29306): NativeDecimalFormat_close print addr=3997605888
07-06 00:22:26.403 D/NativeDecimalFormat(29306): NativeDecimalFormat_close print g_addr=3997605888
07-06 00:22:26.405 I/art     (29306): Background sticky concurrent mark sweep GC freed 26888(1354KB) AllocSpace objects, 9(144KB) LOS objects, 4% free, 36MB/38MB, paused 5.409ms total 112.661ms
07-06 00:22:26.426 I/MyFragmentStateAdapter(29306): getCount
07-06 00:22:26.459 I/MyFragmentStateAdapter(29306): getCount
07-06 00:22:26.491 I/MyFragmentStateAdapter(29306): getCount
07-06 00:22:26.535 I/MyFragmentStateAdapter(29306): getCount
07-06 00:22:26.573 I/MyFragmentStateAdapter(29306): getCount
07-06 00:22:26.608 I/MyFragmentStateAdapter(29306): getCount
07-06 00:22:26.646 I/MyFragmentStateAdapter(29306): getCount
07-06 00:22:26.677 I/MyFragmentStateAdapter(29306): getCount
07-06 00:22:26.699 I/TVMW@HsTvSetting( 1234): Trace cmd, data = 0x1058
07-06 00:22:26.702 D/til@system( 2026): til_get_system_param option:100002F int:0, bool:0, ret:0
07-06 00:22:26.704 I/TVMW@HsTvSetting( 1234): Trace cmd, data = 0x101f
07-06 00:22:26.706 D/til@system( 2026): til_get_system_param option:100001D int:3, bool:3, ret:0
07-06 00:22:26.707 E/til     ( 2026): [til_get_current_input_source, 101] 
07-06 00:22:26.707 I/TVMW@HsTvSetting( 1234): Trace cmd, data = 0x7007
07-06 00:22:26.707 I/tilwrapper@sm( 2026): HS2TIL_SourceType *hs=0xd, *til=0x900
07-06 00:22:26.707 D/til     ( 2026): get current source 2304
07-06 00:22:26.707 D/SourceRemoteServiceHandler( 2026): getCurrentInputSource.from.til.result is 0, value is 2304
07-06 00:22:26.707 D/SourceRemoteServiceHandler( 2026): getInputSourceType source: 0x900, type=2304
07-06 00:22:26.707 D/til     ( 2026): ###### func:til_get_picture_param option:0x3000006 ######  
07-06 00:22:26.708 I/TVMW@HsTvSetting( 1234): Trace cmd, data = 0x1003
07-06 00:22:26.708 I/MyFragmentStateAdapter(29306): getCount
07-06 00:22:26.709 I/TVMW@HsTvSetting( 1234): Trace cmd, data = 0x8032
07-06 00:22:26.709 I/hstvos  ( 1216): [0m[1;33m[HSHAL][HS_VIDEO][HS_HAL_Video_SetOsdDetect_v2][2389]u16Threshold = 20
07-06 00:22:26.711 E/TVMW@videoctrl( 1234):  getOsd is 1
07-06 00:22:26.711 D/til@system( 2026): til_get_system_param option:1000027 int:1, bool:1, ret:0
07-06 00:22:26.711 D/til     ( 2026): ###### func:til_get_picture_param option:0x3000045 ######  
07-06 00:22:26.711 I/TVMW@HsTvSetting( 1234): Trace cmd, data = 0x300c
07-06 00:22:26.712 I/TVMW@HsTvSetting( 1234): Trace 3d, data = 0x300c
07-06 00:22:26.712 I/TVMW@3d ( 1234): Hs_debug3d_trace: func:get3dStatus, line:109
07-06 00:22:26.750 I/MyFragmentStateAdapter(29306): getCount
07-06 00:22:26.791 I/MyFragmentStateAdapter(29306): getCount
07-06 00:22:26.824 I/MyFragmentStateAdapter(29306): getCount
07-06 00:22:26.830 D/MSTAR_VDEC_DBG( 1206): Stream ID: 0, Rate : 24 (E:0,D:0,S:0,F:44) 
07-06 00:22:26.867 I/MyFragmentStateAdapter(29306): getCount
07-06 00:22:26.900 I/MyFragmentStateAdapter(29306): getCount
07-06 00:22:26.932 I/MyFragmentStateAdapter(29306): getCount
07-06 00:22:26.961 I/MyFragmentStateAdapter(29306): getCount
07-06 00:22:26.992 I/MyFragmentStateAdapter(29306): getCount
07-06 00:22:27.027 I/MyFragmentStateAdapter(29306): getCount
07-06 00:22:27.065 I/MyFragmentStateAdapter(29306): getCount
07-06 00:22:27.073 I/NetflixMonitorService( 1733): current fgapk : com.hisense.hicloud.edca
07-06 00:22:27.073 I/NetflixMonitorService( 1733): Netflix status unchanged
07-06 00:22:27.110 I/MyFragmentStateAdapter(29306): getCount
07-06 00:22:27.129 I/TVMW@devctrl( 1234): wdt
07-06 00:22:27.161 I/MyFragmentStateAdapter(29306): getCount
07-06 00:22:27.195 I/MyFragmentStateAdapter(29306): getCount
07-06 00:22:27.212 I/TVMW@HsTvSetting( 1234): Trace cmd, data = 0x1058
07-06 00:22:27.215 V/HotPlugDetectionAction( 1733): Poll all devices.
07-06 00:22:27.218 D/til@system( 2026): til_get_system_param option:100002F int:0, bool:0, ret:0
07-06 00:22:27.219 I/TVMW@HsTvSetting( 1234): Trace cmd, data = 0x101f
07-06 00:22:27.219 D/til@system( 2026): til_get_system_param option:100001D int:3, bool:3, ret:0
07-06 00:22:27.219 E/til     ( 2026): [til_get_current_input_source, 101] 
07-06 00:22:27.219 I/TVMW@HsTvSetting( 1234): Trace cmd, data = 0x7007
07-06 00:22:27.220 I/tilwrapper@sm( 2026): HS2TIL_SourceType *hs=0xd, *til=0x900
07-06 00:22:27.220 D/til     ( 2026): get current source 2304
07-06 00:22:27.220 D/SourceRemoteServiceHandler( 2026): getCurrentInputSource.from.til.result is 0, value is 2304
07-06 00:22:27.220 D/SourceRemoteServiceHandler( 2026): getInputSourceType source: 0x900, type=2304
07-06 00:22:27.223 D/til     ( 2026): ###### func:til_get_picture_param option:0x3000006 ######  
07-06 00:22:27.223 I/TVMW@HsTvSetting( 1234): Trace cmd, data = 0x1003
07-06 00:22:27.225 I/TVMW@HsTvSetting( 1234): Trace cmd, data = 0x8032
07-06 00:22:27.226 I/hstvos  ( 1216): [0m[1;33m[HSHAL][HS_VIDEO][HS_HAL_Video_SetOsdDetect_v2][2389]u16Threshold = 20
07-06 00:22:27.230 E/TVMW@videoctrl( 1234):  getOsd is 1
07-06 00:22:27.231 D/til@system( 2026): til_get_system_param option:1000027 int:1, bool:1, ret:0
07-06 00:22:27.231 D/til     ( 2026): ###### func:til_get_picture_param option:0x3000045 ######  
07-06 00:22:27.231 I/TVMW@HsTvSetting( 1234): Trace cmd, data = 0x300c
07-06 00:22:27.231 I/TVMW@HsTvSetting( 1234): Trace 3d, data = 0x300c
