07-05 23:24:58.625 D/OkHttp  (29576): <-- 200 OK http://api.edu.hismarttv.com/payment/api/order/getValidOrders?start=0&rows=1000&accessToken=72DF6038D2AEAB8A76DFBBBBCC428A4A_003569969686291&customerId=7195320&devType=0&devid=86100300900000500000060a4818fca8&valid=1&sign=1dc3274f5ace318dcfae81e9d153ec6f&uuid=13287129&mac=a8:a6:48:18:fc:a8&version=00.002.003&subscriberId=13287129&model_id=0&APPPackage=com.hisense.hicloud.edca&PFAPPCode=652&APPVersionName=3.0.0.9.00&ChannelId=0&softwareVersion=LED50MU8600UC0000888&tv_distribute_id=00&APIVersion=600 (56ms)
07-05 23:24:58.625 D/OkHttp  (29576): Server: nginx
07-05 23:24:58.625 D/OkHttp  (29576): Date: Wed, 05 Jul 2017 15:24:58 GMT
07-05 23:24:58.625 D/OkHttp  (29576): Content-Type: application/json
07-05 23:24:58.625 D/OkHttp  (29576): Content-Length: 240
07-05 23:24:58.625 D/OkHttp  (29576): Connection: close
07-05 23:24:58.625 D/OkHttp  (29576): <-- END HTTP
07-05 23:24:58.626 D/SUSLog  (29576): CheckAppUpdateService>>localVersionCode=652upgradeVersionCode=0 sLogLevel = 0
07-05 23:24:58.626 D/SUSLog  (29576): CheckAppUpdateService>>first update~
07-05 23:24:58.627 D/HttpHandler(29576): RetryIntercepter-->retryNum=0
07-05 23:24:58.627 D/HttpHandler(29576): RetryIntercepter-->backoffmutiplier=0
07-05 23:24:58.631 D/TabView (29576): 
07-05 23:24:58.634 D/HttpHandler(29576): VerifySignInterCeptor-->dateType=1
07-05 23:24:58.634 D/HttpHandler(29576): VerifySignInterCeptor-->HttpRequestManager.httpClietOption.getVerifyFlag()=1
07-05 23:24:58.635 D/OkHttp  (29576): --> GET http://api.edu.hismarttv.com/usercenter/api/checkAccount?uuid=13287129&mac=a8:a6:48:18:fc:a8&devid=86100300900000500000060a4818fca8&version=00.002.003&subscriberId=13287129&customerId=7195320&model_id=0&APPPackage=com.hisense.hicloud.edca&PFAPPCode=652&APPVersionName=3.0.0.9.00&ChannelId=0&softwareVersion=LED50MU8600UC0000888&tv_distribute_id=00&devType=0&APIVersion=600&accessToken=72DF6038D2AEAB8A76DFBBBBCC428A4A_003569969686291 http/1.1
07-05 23:24:58.635 D/OkHttp  (29576): Data_Type: JSON
07-05 23:24:58.635 D/OkHttp  (29576): RetryTime: 0
07-05 23:24:58.635 D/OkHttp  (29576): Backoffmutiplier: 0
07-05 23:24:58.635 D/OkHttp  (29576): Host: api.edu.hismarttv.com
07-05 23:24:58.635 D/OkHttp  (29576): Connection: Keep-Alive
07-05 23:24:58.635 D/OkHttp  (29576): Accept-Encoding: gzip
07-05 23:24:58.635 D/OkHttp  (29576): User-Agent: okhttp/3.6.0
07-05 23:24:58.635 D/OkHttp  (29576): --> END GET
07-05 23:24:58.635 D/HttpHandler(29576): VerifySignInterCeptor-->content={"medias": [], "total": 0, "vips": [], "members": []}
07-05 23:24:58.640 D/SUSLog  (29576): CheckAppUpdateService>>upgradePath = /data/data/com.hisense.hicloud.edca/files/appupdate/
07-05 23:24:58.643 D/SUSLog  (29576): AppUpdateUtilTag>>file not exist
07-05 23:24:58.643 D/SUSLog  (29576): CheckAppUpdateService>>checkAppUpgrade token = 72DF6038D2AEAB8A76DFBBBBCC428A4A_003569969686291 domainName = api.hismarttv.com appUpdateInfo = tv.hitv.android.appupdate.bean.AppUpdateInfo@1161b718
07-05 23:24:58.652 D/TabView (29576): 
07-05 23:24:58.657 D/TabView (29576): 
07-05 23:24:58.660 D/TabView (29576): 
07-05 23:24:58.662 D/TabView (29576): 
07-05 23:24:58.664 D/TabView (29576): 
07-05 23:24:58.664 D/OkHttp  (29576): <-- 200 OK http://api.edu.hismarttv.com/usercenter/api/checkAccount?uuid=13287129&mac=a8:a6:48:18:fc:a8&devid=86100300900000500000060a4818fca8&version=00.002.003&subscriberId=13287129&customerId=7195320&model_id=0&APPPackage=com.hisense.hicloud.edca&PFAPPCode=652&APPVersionName=3.0.0.9.00&ChannelId=0&softwareVersion=LED50MU8600UC0000888&tv_distribute_id=00&devType=0&APIVersion=600&accessToken=72DF6038D2AEAB8A76DFBBBBCC428A4A_003569969686291 (29ms)
07-05 23:24:58.664 D/OkHttp  (29576): Server: nginx
07-05 23:24:58.664 D/OkHttp  (29576): Date: Wed, 05 Jul 2017 15:24:58 GMT
07-05 23:24:58.664 D/OkHttp  (29576): Content-Type: application/json
07-05 23:24:58.664 D/OkHttp  (29576): Content-Length: 204
07-05 23:24:58.664 D/OkHttp  (29576): Connection: close
07-05 23:24:58.664 D/OkHttp  (29576): <-- END HTTP
07-05 23:24:58.666 D/TabView (29576): 
07-05 23:24:58.666 D/HttpHandler(29576): RetryIntercepter-->retryNum=0
07-05 23:24:58.666 D/HttpHandler(29576): RetryIntercepter-->backoffmutiplier=0
07-05 23:24:58.667 D/HttpHandler(29576): VerifySignInterCeptor-->dateType=1
07-05 23:24:58.667 D/HttpHandler(29576): VerifySignInterCeptor-->HttpRequestManager.httpClietOption.getVerifyFlag()=1
07-05 23:24:58.668 D/TabView (29576): 
07-05 23:24:58.669 D/HttpHandler(29576): VerifySignInterCeptor-->content={"success": true}
07-05 23:24:58.670 D/TabView (29576): 
07-05 23:24:58.673 I/MiSysSrv( 1214): [37m[INFO] Change to Voltage: 117 mv (0x32)[m
07-05 23:24:58.674 D/TabView (29576): 
07-05 23:24:58.675 D/TabView (29576): 
07-05 23:24:58.676 D/TabView (29576): 
07-05 23:24:58.678 D/TabView (29576): 
07-05 23:24:58.679 D/TabView (29576): 
07-05 23:24:58.681 D/TabView (29576): 
07-05 23:24:58.682 D/TabView (29576): 
07-05 23:24:58.683 I/MyFragmentStateAdapter(29576): getCount
07-05 23:24:58.683 I/MyFragmentStateAdapter(29576): getItem: 2
07-05 23:24:58.683 I/SoftFragmentList(29576): fetchCacheFragment  enter ---- index = 2
07-05 23:24:58.683 D/SoftFragmentList(29576): fetchCacheFragment  mFragmentCache.size() = 0
07-05 23:24:58.683 E/SoftFragmentList(29576): fetchCacheView  return null
07-05 23:24:58.685 I/SoftFragmentList(29576): addToCache enter index = 2
07-05 23:24:58.685 D/SoftFragmentList(29576): addToCache  index = 2, size = 1, Fragment = RoleContentFragment
07-05 23:24:58.685 D/BaseContentFragment(29576): setUserVisibleHint() isVisibleToUser = false, last status = false, hasload = false RoleContentFragment
07-05 23:24:58.685 I/BaseContentFragment(29576): hideLoadingView
07-05 23:24:58.685 I/MyFragmentStateAdapter(29576): getItem: 1
07-05 23:24:58.685 I/SoftFragmentList(29576): fetchCacheFragment  enter ---- index = 1
07-05 23:24:58.685 D/SoftFragmentList(29576): fetchCacheFragment  mFragmentCache.size() = 1
07-05 23:24:58.685 E/SoftFragmentList(29576): fetchCacheView  return null
07-05 23:24:58.687 I/SoftFragmentList(29576): addToCache enter index = 1
07-05 23:24:58.687 D/SoftFragmentList(29576): addToCache  index = 1, size = 2, Fragment = UserCenterFragment
07-05 23:24:58.687 I/UserCenterFragment(29576): setUserVisibleHint befor=false,now=false,mDataChange=false,hasloadDatafalse
07-05 23:24:58.687 D/BaseContentFragment(29576): setUserVisibleHint() isVisibleToUser = false, last status = false, hasload = false UserCenterFragment
07-05 23:24:58.687 I/BaseContentFragment(29576): hideLoadingView
07-05 23:24:58.687 I/MyFragmentStateAdapter(29576): getItem: 3
07-05 23:24:58.687 I/SoftFragmentList(29576): fetchCacheFragment  enter ---- index = 3
07-05 23:24:58.687 D/SoftFragmentList(29576): fetchCacheFragment  mFragmentCache.size() = 2
07-05 23:24:58.687 E/SoftFragmentList(29576): fetchCacheView  return null
07-05 23:24:58.687 I/SoftFragmentList(29576): addToCache enter index = 3
07-05 23:24:58.687 D/SoftFragmentList(29576): addToCache  index = 3, size = 3, Fragment = RoleContentFragment
07-05 23:24:58.688 D/BaseContentFragment(29576): setUserVisibleHint() isVisibleToUser = false, last status = false, hasload = false RoleContentFragment
07-05 23:24:58.688 I/BaseContentFragment(29576): hideLoadingView
07-05 23:24:58.688 I/MyFragmentStateAdapter(29576): getCount
07-05 23:24:58.688 D/BaseContentFragment(29576): setUserVisibleHint() isVisibleToUser = true, last status = false, hasload = false RoleContentFragment
07-05 23:24:58.689 I/BaseContentFragment(29576): tryVisibleAndCreateView: visible status = true, hasload = false, mIsViewInit = false, mTrimLevel = 0,isFirst = true RoleContentFragment
07-05 23:24:58.689 I/RoleContentFragment(29576): setBackGround ,isVisible=true,hasload=false
07-05 23:24:58.689 I/Util    (29576): memory : total=1912,limit=1024
07-05 23:24:58.690 I/BaseContentFragment(29576): onAttach RoleContentFragment
07-05 23:24:58.690 I/BaseContentFragment(29576): onCreate RoleContentFragment
07-05 23:24:58.691 I/BasePresenter(29576): attachView(): isVisibleToUser = true, mViewTag = RoleContentFragment645677202
07-05 23:24:58.692 I/BaseContentFragment(29576): onAttach UserCenterFragment
07-05 23:24:58.692 I/BaseContentFragment(29576): onCreate UserCenterFragment
07-05 23:24:58.693 I/BasePresenter(29576): attachView(): isVisibleToUser = false, mViewTag = UserCenterFragment
07-05 23:24:58.697 I/BaseContentFragment(29576): onAttach RoleContentFragment
07-05 23:24:58.697 I/BaseContentFragment(29576): onCreate RoleContentFragment
07-05 23:24:58.697 I/BasePresenter(29576): attachView(): isVisibleToUser = false, mViewTag = RoleContentFragment205781973
07-05 23:24:58.699 I/BaseContentFragment(29576): onCreateView true, 
07-05 23:24:58.731 I/MyFragmentStateAdapter(29576): getCount
07-05 23:24:58.732 I/BaseContentFragment(29576): onViewCreated
07-05 23:24:58.732 I/BasePresenter(29576): setUserVisibleHint(): isVisibleToUser = true RoleContentFragment645677202
07-05 23:24:58.732 I/BaseContentFragment(29576): tryVisibleAndCreateView: visible status = true, hasload = false, mIsViewInit = true, mTrimLevel = 0,isFirst = true 
07-05 23:24:58.732 I/BaseContentFragment(29576): onVisibleAndAttach: lazyLoadData
07-05 23:24:58.732 I/RoleContentFragment(29576): setBackGround ,isVisible=true,hasload=false
07-05 23:24:58.732 I/Util    (29576): memory : total=1912,limit=1024
07-05 23:24:58.733 I/BaseContentFragment(29576): onActivityCreated 
07-05 23:24:58.734 I/BaseContentFragment(29576): onStart 
07-05 23:24:58.748 I/BaseContentFragment(29576): onResume 
07-05 23:24:58.748 E/UserCenterFragment(29576): onCreateView
07-05 23:24:58.748 I/BaseContentFragment(29576): onCreateView false, UserCenterFragment
07-05 23:24:58.751 I/BaseContentFragment(29576): onViewCreatedUserCenterFragment
07-05 23:24:58.751 I/BasePresenter(29576): setUserVisibleHint(): isVisibleToUser = false UserCenterFragment
07-05 23:24:58.751 I/BaseContentFragment(29576): tryVisibleAndCreateView: visible status = false, hasload = false, mIsViewInit = true, mTrimLevel = 0,isFirst = true UserCenterFragment
07-05 23:24:58.752 I/BaseContentFragment(29576): onActivityCreated UserCenterFragment
07-05 23:24:58.752 I/BaseContentFragment(29576): onCreateView false, 0-2
07-05 23:24:58.756 I/BaseContentFragment(29576): onViewCreated0-2
07-05 23:24:58.756 I/BasePresenter(29576): setUserVisibleHint(): isVisibleToUser = false RoleContentFragment205781973
07-05 23:24:58.756 I/BaseContentFragment(29576): tryVisibleAndCreateView: visible status = false, hasload = false, mIsViewInit = true, mTrimLevel = 0,isFirst = true 0-2
07-05 23:24:58.756 I/RoleContentFragment(29576): setBackGround ,isVisible=false,hasload=false
07-05 23:24:58.756 I/Util    (29576): memory : total=1912,limit=1024
07-05 23:24:58.758 I/BaseContentFragment(29576): onActivityCreated 0-2
07-05 23:24:58.759 I/BaseContentFragment(29576): onStart UserCenterFragment
07-05 23:24:58.763 I/BaseContentFragment(29576): onResume UserCenterFragment
07-05 23:24:58.763 I/BaseContentFragment(29576): onStart 0-2
07-05 23:24:58.767 I/BaseContentFragment(29576): onResume 0-2
07-05 23:24:58.768 D/TabView (29576): 
07-05 23:24:58.770 D/TabView (29576): 
07-05 23:24:58.771 D/TabView (29576): 
07-05 23:24:58.773 D/TabView (29576): 
07-05 23:24:58.774 D/TabView (29576): 
07-05 23:24:59.402 D/HttpHandler(29576): VerifySignInterCeptor-->hostname=picture.edu.hismarttv.com
07-05 23:24:59.402 D/HttpHandler(29576): DNSRetryIntercepter-->http://118.178.149.42/d?device_id=86100300900000500000060a4818fca8&host=b5d1d96093f9d07d386917b5d3b91cdcb031311b90271792b45951b69dc9c054dc862a7c9178ba82684e325a98b554b4&last=
07-05 23:24:59.403 D/HttpHandler(29576): DNSRetryIntercepter-->118.178.149.42
07-05 23:24:59.403 D/HttpHandler(29576): HttpDNS-->hostname=picture.edu.hismarttv.com
07-05 23:24:59.404 D/HttpHandler(29576): GslbDNS-->hostName=118.178.149.42
07-05 23:24:59.411 D/HttpHandler(29576): DNSRetryIntercepter-->http://118.178.149.42/d?device_id=86100300900000500000060a4818fca8&host=b5d1d96093f9d07d386917b5d3b91cdcb031311b90271792b45951b69dc9c054dc862a7c9178ba82684e325a98b554b4&last=
07-05 23:24:59.411 D/HttpHandler(29576): DNSRetryIntercepter-->118.178.149.42
07-05 23:24:59.412 D/HttpHandler(29576): GslbDNS-->hostName=118.178.149.42
07-05 23:24:59.423 D/hwcomposer( 1204): lastHWWindowInfo is dirty
07-05 23:24:59.425 D/OkHttp  (29576): --> GET http://118.178.149.42/d?device_id=86100300900000500000060a4818fca8&host=b5d1d96093f9d07d386917b5d3b91cdcb031311b90271792b45951b69dc9c054dc862a7c9178ba82684e325a98b554b4&last= http/1.1
07-05 23:24:59.425 D/OkHttp  (29576): Host: lbgs.hismarttv.com
07-05 23:24:59.425 D/OkHttp  (29576): Connection: Keep-Alive
07-05 23:24:59.425 D/OkHttp  (29576): Accept-Encoding: gzip
07-05 23:24:59.425 D/OkHttp  (29576): User-Agent: okhttp/3.6.0
07-05 23:24:59.425 D/OkHttp  (29576): --> END GET
07-05 23:24:59.427 D/OkHttp  (29576): --> GET http://118.178.149.42/d?device_id=86100300900000500000060a4818fca8&host=b5d1d96093f9d07d386917b5d3b91cdcb031311b90271792b45951b69dc9c054dc862a7c9178ba82684e325a98b554b4&last= http/1.1
07-05 23:24:59.427 D/OkHttp  (29576): Host: lbgs.hismarttv.com
07-05 23:24:59.427 D/OkHttp  (29576): Connection: Keep-Alive
07-05 23:24:59.427 D/OkHttp  (29576): Accept-Encoding: gzip
07-05 23:24:59.427 D/OkHttp  (29576): User-Agent: okhttp/3.6.0
07-05 23:24:59.427 D/OkHttp  (29576): --> END GET
07-05 23:24:59.431 D/OkHttp  (29576): --> GET http://118.178.149.42/d?device_id=86100300900000500000060a4818fca8&host=b5d1d96093f9d07d386917b5d3b91cdcb031311b90271792b45951b69dc9c054dc862a7c9178ba82684e325a98b554b4&last= http/1.1
07-05 23:24:59.432 D/OkHttp  (29576): Host: lbgs.hismarttv.com
07-05 23:24:59.432 D/OkHttp  (29576): Connection: Keep-Alive
07-05 23:24:59.432 D/OkHttp  (29576): Accept-Encoding: gzip
07-05 23:24:59.432 D/OkHttp  (29576): User-Agent: okhttp/3.6.0
07-05 23:24:59.432 D/OkHttp  (29576): --> END GET
07-05 23:24:59.438 D/OkHttp  (29576): --> GET http://118.178.149.42/d?device_id=86100300900000500000060a4818fca8&host=b5d1d96093f9d07d386917b5d3b91cdcb031311b90271792b45951b69dc9c054dc862a7c9178ba82684e325a98b554b4&last= http/1.1
07-05 23:24:59.438 D/OkHttp  (29576): Host: lbgs.hismarttv.com
07-05 23:24:59.438 D/OkHttp  (29576): Connection: Keep-Alive
07-05 23:24:59.438 D/OkHttp  (29576): Accept-Encoding: gzip
07-05 23:24:59.438 D/OkHttp  (29576): User-Agent: okhttp/3.6.0
07-05 23:24:59.438 D/OkHttp  (29576): --> END GET
07-05 23:24:59.491 D/OkHttp  (29576): <-- 200 OK http://118.178.149.42/d?device_id=86100300900000500000060a4818fca8&host=b5d1d96093f9d07d386917b5d3b91cdcb031311b90271792b45951b69dc9c054dc862a7c9178ba82684e325a98b554b4&last= (65ms)
07-05 23:24:59.491 D/OkHttp  (29576): Server: openresty
07-05 23:24:59.491 D/OkHttp  (29576): Date: Wed, 05 Jul 2017 15:24:59 GMT
07-05 23:24:59.491 D/OkHttp  (29576): Content-Type: application/octet-stream
07-05 23:24:59.491 D/OkHttp  (29576): Transfer-Encoding: chunked
07-05 23:24:59.491 D/OkHttp  (29576): Connection: close
07-05 23:24:59.491 D/OkHttp  (29576): <-- END HTTP
07-05 23:24:59.492 D/SUSLog  (29576): CheckAppUpdateService>>appUpgradeReply reply fail
07-05 23:24:59.492 I/HomeDataPresenter(29576): getContentData: channelId = 0, sChoiceChannelId = 0 RoleContentFragment645677202,isOffline = false
07-05 23:24:59.492 I/CacheUtil(29576): getFromCache: 0
07-05 23:24:59.492 D/SUSLog  (29576): CheckAppUpdateService>>ErrorCode = 205001 ErrorName = :
07-05 23:24:59.492 I/CacheUtil(29576): now time dealy=2,time service=7200
07-05 23:24:59.492 D/SUSLog  (29576): CheckAppUpdateService>>checkAppUpgrade i=0
07-05 23:24:59.492 I/HomeDataPresenter(29576): cache item not null
07-05 23:24:59.492 I/RoleContentFragment(29576): setMasterData isRefresh=false
07-05 23:24:59.493 D/SUSLog  (29576): CheckAppUpdateService>>haveUpdate appUpgradeReply = com.hisense.hitv.hicloud.bean.upgrade.AppUpgradeReply@16766409
07-05 23:24:59.493 D/SUSLog  (29576): CheckAppUpdateService>>reply = 1
07-05 23:24:59.494 D/SUSLog  (29576): CheckAppUpdateService>>targetVersionCode = 0
07-05 23:24:59.495 D/SUSLog  (29576): CheckAppUpdateService>>haveUpdate appUpgradeReply = com.hisense.hitv.hicloud.bean.upgrade.AppUpgradeReply@16766409
07-05 23:24:59.495 D/SUSLog  (29576): CheckAppUpdateService>>reply = 1
07-05 23:24:59.497 D/OkHttp  (29576): <-- 200 OK http://118.178.149.42/d?device_id=86100300900000500000060a4818fca8&host=b5d1d96093f9d07d386917b5d3b91cdcb031311b90271792b45951b69dc9c054dc862a7c9178ba82684e325a98b554b4&last= (65ms)
07-05 23:24:59.497 D/OkHttp  (29576): Server: openresty
07-05 23:24:59.498 D/OkHttp  (29576): Date: Wed, 05 Jul 2017 15:24:59 GMT
07-05 23:24:59.498 D/OkHttp  (29576): Content-Type: application/octet-stream
07-05 23:24:59.498 D/OkHttp  (29576): Transfer-Encoding: chunked
07-05 23:24:59.498 D/OkHttp  (29576): Connection: close
07-05 23:24:59.498 D/OkHttp  (29576): <-- END HTTP
07-05 23:24:59.504 I/HeaderTokenManager(29576): Weather Data from HiCloud is still validate.
07-05 23:24:59.504 D/ContentValues(29576): getPlaceInfo: 
07-05 23:24:59.507 D/HttpHandler(29576): DNSRetryIntercepter-->checkData=dbbf03a0e59a5c14094df6af108b323c85f186fb48884ee6f8c01573853571c3e5cce4b7c1ddef995eeab7853d5814dd7de5f750d9cca3ca16a8cd68b3bc720c45f5186fb3bd2466bb313deb7c8e3dfb6803a8c8a8b025b93ac4b1f8889c9acf134dc2b00dbdc0045bad2e3854a520bc21ca6359d4e8999e0146b24a686586f6f105b0ad7324199aa7f0763a6270cb1df08a2543e50d37462d8f9dd16c7566f3f7fe13bf87cafe413ecb6bab4e1b6b2fdf69af04fa24e327fa5b070ea28aa4ac0d0f6c9eabd7a2f063eae663623f0d3ef86c807a8a759ce4a6acf849f7af9cb045bae8685d39aa5cd33a7f05f40f9952016d413fcff5b5fbad1550829ec37c7d071cc966b9789c9038a17b2ab721a6c36e4b2af324b70ed11c9556322cc34b5d38c1d2169dcdd40a705d41c7561f3054
07-05 23:24:59.512 D/HttpHandler(29576): DNSHelper-->gslbDnsresult={"timestamp":1499268299,"msg":"","data":{"lbgs.hismarttv.com":{"ips":["118.178.149.42","139.217.11.211"],"ttl":3600},"picture.edu.hismarttv.com":{"ips":["153.35.175.121","220.202.77.124","153.35.175.120","125.46.22.134","36.33.158.222","218.58.206.58","123.128.14.209"],"ttl":300}},"retCode":"0"}
07-05 23:24:59.512 I/System.out(29576):  remove duplicate [118.178.149.42, 139.217.11.211]
07-05 23:24:59.515 D/HttpHandler(29576): DNSRetryIntercepter-->checkData=dbbf03a0e59a5c14094df6af108b323c85f186fb48884ee6f8c01573853571c3e5cce4b7c1ddef995eeab7853d5814dd7de5f750d9cca3ca16a8cd68b3bc720c45f5186fb3bd2466bb313deb7c8e3dfb6803a8c8a8b025b93ac4b1f8889c9acf134dc2b00dbdc0045bad2e3854a520bc21ca6359d4e8999e0146b24a686586f6f105b0ad7324199aa7f0763a6270cb1dd1cdfb1ceaf832fb05fba224f2c16e181b8da49d7822dc08c8d6e1a090cac1955b9ce30b399d31b90b99fe24a37b573b26f9f46dd4f7452a03c959d0e0b31a00eee74b13ba17040e0094cae892ce4a0fc9ad578de961d32336ccc1679e47d1cd5578debd012860a3f62be4a0426bd70fbe7a94667dc2f8059a37d38f37c146e2e22150c9d9cc6ec82b3d2b5db8c47f9f09de7dfd1b7eefcf3a60ca686883f31b
07-05 23:24:59.517 D/HttpHandler(29576): DNSHelper-->httpDnsParser=["153.35.175.121","220.202.77.124","153.35.175.120","125.46.22.134","36.33.158.222","218.58.206.58","123.128.14.209"]
07-05 23:24:59.519 D/HttpHandler(29576): DNSHelper-->gslbDnsresult={"timestamp":1499268299,"msg":"","data":{"lbgs.hismarttv.com":{"ips":["118.178.149.42","139.217.11.211"],"ttl":3600},"picture.edu.hismarttv.com":{"ips":["36.33.158.222","218.58.206.58","123.128.14.209","153.35.175.121","220.202.77.124","153.35.175.120","125.46.22.134"],"ttl":300}},"retCode":"0"}
07-05 23:24:59.520 I/System.out(29576):  remove duplicate [118.178.149.42, 139.217.11.211]
07-05 23:24:59.528 D/HttpHandler(29576): DNSHelper-->httpDnsParser=["36.33.158.222","218.58.206.58","123.128.14.209","153.35.175.121","220.202.77.124","153.35.175.120","125.46.22.134"]
07-05 23:24:59.537 D/OkHttp  (29576): --> GET http://picture.edu.hismarttv.com/images/20170628111729989045.png http/1.1
07-05 23:24:59.537 D/OkHttp  (29576): Host: picture.edu.hismarttv.com
07-05 23:24:59.537 D/OkHttp  (29576): Connection: Keep-Alive
07-05 23:24:59.537 D/OkHttp  (29576): Accept-Encoding: gzip
07-05 23:24:59.537 D/OkHttp  (29576): User-Agent: okhttp/3.6.0
07-05 23:24:59.537 D/OkHttp  (29576): --> END GET
07-05 23:24:59.539 E/ContentValues(29576): refreshNetStatus: 
07-05 23:24:59.541 D/CommonHeader(29576): setPerson: true
07-05 23:24:59.542 D/ContentValues(29576): getIconDrawable :  icon == null:true
07-05 23:24:59.542 D/CommonHeader(29576): icon == null
07-05 23:24:59.544 D/CommonHeader(29576): WeatherCode: 01
07-05 23:24:59.548 E/ContentValues(29576): refreshNetStatus: 
07-05 23:24:59.550 E/ContentValues(29576): refreshNetStatus: 
07-05 23:24:59.551 E/CommonHeader(29576): setNetStatusIcon: 30002
07-05 23:24:59.551 E/ContentValues(29576): refreshNetStatus: 
07-05 23:24:59.553 D/OkHttp  (29576): --> GET http://picture.edu.hismarttv.com/images/20170628115357740238.png http/1.1
07-05 23:24:59.553 D/OkHttp  (29576): Host: picture.edu.hismarttv.com
07-05 23:24:59.553 D/OkHttp  (29576): Connection: Keep-Alive
07-05 23:24:59.553 D/OkHttp  (29576): Accept-Encoding: gzip
07-05 23:24:59.553 D/OkHttp  (29576): User-Agent: okhttp/3.6.0
07-05 23:24:59.553 D/OkHttp  (29576): --> END GET
07-05 23:24:59.556 D/CommonHeader(29576): SLOVEN setPlaceInfo place---city::---
07-05 23:24:59.556 D/HeaderServiceManager(29576): adding listener com.hisense.tvui.newhome.view.header.view.CommonHeader$HeaderWeatherInfoListener@36ed4e27
07-05 23:24:59.556 D/BaseContentFragment(29576): header logoone open
07-05 23:24:59.556 D/CommonHeader(29576): onTabStatusChanged tabstatus===>:40001
07-05 23:24:59.559 D/OkHttp  (29576): <-- 200 OK http://picture.edu.hismarttv.com/images/20170628111729989045.png (21ms)
07-05 23:24:59.559 D/OkHttp  (29576): Date: Mon, 03 Jul 2017 10:05:17 GMT
07-05 23:24:59.559 D/OkHttp  (29576): Server: nginx
07-05 23:24:59.559 D/OkHttp  (29576): Content-Type: image/png
07-05 23:24:59.559 D/OkHttp  (29576): Content-Length: 2752
07-05 23:24:59.561 D/OkHttp  (29576): Last-Modified: Wed, 28 Jun 2017 11:17:29 GMT
07-05 23:24:59.561 D/OkHttp  (29576): ETag: "59539049-ac0"
07-05 23:24:59.561 D/OkHttp  (29576): Accept-Ranges: bytes
07-05 23:24:59.561 D/OkHttp  (29576): Age: 191982
07-05 23:24:59.562 D/OkHttp  (29576): Via: 1.1 zhiwangtong173:3 (Cdn Cache Server V2.0)[0 200 0], 1.1 angtong95:5 (Cdn Cache Server V2.0)[0 200 0]
07-05 23:24:59.562 D/OkHttp  (29576): Connection: keep-alive
07-05 23:24:59.562 D/OkHttp  (29576): <-- END HTTP
07-05 23:24:59.567 D/HttpHandler(29576): RetryIntercepter-->retryNum=0
07-05 23:24:59.567 D/HttpHandler(29576): RetryIntercepter-->backoffmutiplier=0
07-05 23:24:59.577 I/Utils   (29576): getScreenSize() SCREEN_WIDTH = 1920, SCREEN_HEIGHT = 1080, DENSITY = 2.0
07-05 23:24:59.579 D/FirstLineAdapter(29576): tiles6
07-05 23:24:59.579 I/FirstLineAdapter(29576): canShowTrailer,isOffline=false
07-05 23:24:59.579 I/SpecialFirstView(29576): setData ,canshowtrailer:true
07-05 23:24:59.581 I/FirstLineAdapter(29576): onAttachedToRecyclerView 
07-05 23:24:59.582 I/size    (29576): size=10
07-05 23:24:59.582 D/OkHttp  (29576): <-- 200 OK http://picture.edu.hismarttv.com/images/20170628115357740238.png (28ms)
07-05 23:24:59.582 D/OkHttp  (29576): Date: Wed, 05 Jul 2017 14:20:52 GMT
07-05 23:24:59.582 D/OkHttp  (29576): Server: nginx
07-05 23:24:59.582 D/OkHttp  (29576): Content-Type: image/png
07-05 23:24:59.582 D/OkHttp  (29576): Content-Length: 2204
07-05 23:24:59.582 D/OkHttp  (29576): Last-Modified: Wed, 28 Jun 2017 11:53:57 GMT
07-05 23:24:59.582 D/OkHttp  (29576): ETag: "595398d5-89c"
07-05 23:24:59.582 D/OkHttp  (29576): Accept-Ranges: bytes
07-05 23:24:59.582 D/OkHttp  (29576): Age: 3847
07-05 23:24:59.582 D/OkHttp  (29576): Via: 1.1 pingwangtong52:0 (Cdn Cache Server V2.0)[0 200 0], 1.1 PSahmaswt2ua207:5 (Cdn Cache Server V2.0)[0 200 0]
07-05 23:24:59.582 D/OkHttp  (29576): Connection: keep-alive
07-05 23:24:59.582 D/OkHttp  (29576): <-- END HTTP
07-05 23:24:59.586 D/HttpHandler(29576): RetryIntercepter-->retryNum=0
07-05 23:24:59.586 D/HttpHandler(29576): RetryIntercepter-->backoffmutiplier=0
07-05 23:24:59.591 I/RoleContentFragment(29576): set recyclerview adapter
07-05 23:24:59.591 I/RoleContentFragment(29576): has not get  recommand data
07-05 23:24:59.591 I/HomeDataPresenter(29576): getRecommandData(): channelId = 0RoleContentFragment645677202
07-05 23:24:59.593 I/HttpDnsUtils(29576): get favorite tag 
07-05 23:24:59.594 I/HttpDnsUtils(29576): getRecommandData: http://api.edu.hismarttv.com/usercenter/api/individualize_data?devid=86100300900000500000060a4818fca8&customerId=7195320&subscriberId=13287129&ChannelId=0&tags=&version_id=6&region_name=%E6%9D%AD%E5%B7%9E
07-05 23:24:59.595 D/til@system( 2026): til_get_system_param option:1000007 int:-1815634176, bool:0, ret:0
07-05 23:24:59.595 D/til@system( 2026): til_get_system_param option:1000009 int:-1815633792, bool:128, ret:0
07-05 23:24:59.596 D/til@system( 2026): til_get_system_param option:1000008 int:-1936522368, bool:128, ret:0
07-05 23:24:59.597 D/HttpBuilder(29576): getOperationDetail-productName : LED50MU8600UC
07-05 23:24:59.597 D/HttpBuilder(29576): getOperationDetail-plmNumber : 88888
07-05 23:24:59.597 D/HttpBuilder(29576): getOperationDetail-swVersion : V0000.00.01A
07-05 23:24:59.597 D/HttpBuilder(29576): getOperationDetail-operationDetail : LED50MU8600UC0000888
07-05 23:24:59.610 D/OkHttp  (29576): <-- 200 OK http://118.178.149.42/d?device_id=86100300900000500000060a4818fca8&host=b5d1d96093f9d07d386917b5d3b91cdcb031311b90271792b45951b69dc9c054dc862a7c9178ba82684e325a98b554b4&last= (182ms)
07-05 23:24:59.610 D/OkHttp  (29576): Server: openresty
07-05 23:24:59.610 D/OkHttp  (29576): Date: Wed, 05 Jul 2017 15:24:59 GMT
07-05 23:24:59.610 D/OkHttp  (29576): Content-Type: application/octet-stream
07-05 23:24:59.610 D/OkHttp  (29576): Transfer-Encoding: chunked
07-05 23:24:59.610 D/OkHttp  (29576): Connection: close
07-05 23:24:59.610 D/OkHttp  (29576): <-- END HTTP
07-05 23:24:59.616 I/dex2oat (29680): /system/bin/dex2oat --runtime-arg -classpath --runtime-arg  --instruction-set=arm --instruction-set-features=default --runtime-arg -Xrelocate --boot-image=/system/framework/boot.art --dex-file=/data/data/com.hisense.hicloud.edca/files/plugin/2.1.0.59986/pluginplayer/1.64.0.59984/pluginplayer-release-1.64.0.59984.apk --oat-fd=35 --oat-location=/data/data/com.hisense.hicloud.edca/app_dex/pluginplayer-release-1.64.0.59984.dex --runtime-arg -Xms64m --runtime-arg -Xmx512m
07-05 23:24:59.638 D/OkHttp  (29576): <-- 200 OK http://118.178.149.42/d?device_id=86100300900000500000060a4818fca8&host=b5d1d96093f9d07d386917b5d3b91cdcb031311b90271792b45951b69dc9c054dc862a7c9178ba82684e325a98b554b4&last= (199ms)
07-05 23:24:59.639 D/OkHttp  (29576): Server: openresty
07-05 23:24:59.639 D/OkHttp  (29576): Date: Wed, 05 Jul 2017 15:24:59 GMT
07-05 23:24:59.639 D/OkHttp  (29576): Content-Type: application/octet-stream
07-05 23:24:59.639 D/OkHttp  (29576): Transfer-Encoding: chunked
07-05 23:24:59.640 D/OkHttp  (29576): Connection: close
07-05 23:24:59.647 I/HttpBuilder(29576): addUrlPublicParams mUrl ==>http://api.edu.hismarttv.com/usercenter/api/individualize_data?devid=86100300900000500000060a4818fca8&customerId=7195320&subscriberId=13287129&ChannelId=0&tags=&version_id=6&region_name=%E6%9D%AD%E5%B7%9E&uuid=13287129&mac=a8:a6:48:18:fc:a8&model_id=0&APPPackage=com.hisense.hicloud.edca&PFAPPCode=652&APPVersionName=3.0.0.9.00&softwareVersion=LED50MU8600UC0000888&tv_distribute_id=00&devType=0&APIVersion=600&accessToken=72DF6038D2AEAB8A76DFBBBBCC428A4A_003569969686291
07-05 23:24:59.649 D/HttpHandler(29576): VerifySignInterCeptor-->request.url()=http://api.edu.hismarttv.com/usercenter/api/individualize_data?devid=86100300900000500000060a4818fca8&customerId=7195320&subscriberId=13287129&ChannelId=0&tags=&version_id=6&region_name=%E6%9D%AD%E5%B7%9E&uuid=13287129&mac=a8:a6:48:18:fc:a8&model_id=0&APPPackage=com.hisense.hicloud.edca&PFAPPCode=652&APPVersionName=3.0.0.9.00&softwareVersion=LED50MU8600UC0000888&tv_distribute_id=00&devType=0&APIVersion=600&accessToken=72DF6038D2AEAB8A76DFBBBBCC428A4A_003569969686291
07-05 23:24:59.650 D/HttpHandler(29576): VerifySignInterCeptor-->hostname=api.edu.hismarttv.com
07-05 23:24:59.651 I/RoleContentFragment(29576): real get recommand data
07-05 23:24:59.651 I/RoleContentFragment(29576): setBackGround ,isVisible=true,hasload=true
07-05 23:24:59.651 I/Util    (29576): memory : total=1912,limit=1024
07-05 23:24:59.652 I/BaseContentFragment(29576): hideLoadingView
07-05 23:24:59.652 I/RoleContentFragment(29576): getServiceData: 0
07-05 23:24:59.653 D/HttpHandler(29576): HttpDNS-->hostname=api.edu.hismarttv.com
07-05 23:24:59.654 D/HttpHandler(29576): RAMCache-->hostInfo.getClientTimeStamp()=17138071
07-05 23:24:59.654 D/HttpHandler(29576): RAMCache-->hostInfo.getTtl()=3600
07-05 23:24:59.654 D/HttpHandler(29576): RAMCache-->SystemClock.elapsedRealtime()=17141226
07-05 23:24:59.663 D/HttpHandler(29576): DNSHelper-->gslbDns=["123.103.91.123"]
07-05 23:24:59.667 D/OkHttp  (29576): <-- END HTTP
07-05 23:24:59.675 D/HttpHandler(29576): VerifySignInterCeptor-->request.url()=http://picture.edu.hismarttv.com/images/20170628111836879100.png
07-05 23:24:59.675 D/HttpHandler(29576): VerifySignInterCeptor-->hostname=picture.edu.hismarttv.com
07-05 23:24:59.683 D/HttpHandler(29576): DNSRetryIntercepter-->checkData=dbbf03a0e59a5c14094df6af108b323c85f186fb48884ee6f8c01573853571c3e5cce4b7c1ddef995eeab7853d5814dd7de5f750d9cca3ca16a8cd68b3bc720c45f5186fb3bd2466bb313deb7c8e3dfb6803a8c8a8b025b93ac4b1f8889c9acf134dc2b00dbdc0045bad2e3854a520bc21ca6359d4e8999e0146b24a686586f6f105b0ad7324199aa7f0763a6270cb1df08a2543e50d37462d8f9dd16c7566f3f7fe13bf87cafe413ecb6bab4e1b6b2fdf69af04fa24e327fa5b070ea28aa4ac0d0f6c9eabd7a2f063eae663623f0d3ef86c807a8a759ce4a6acf849f7af9cb045bae8685d39aa5cd33a7f05f40f9952016d413fcff5b5fbad1550829ec37c7d071cc966b9789c9038a17b2ab721a6c36e4b2af324b70ed11c9556322cc34b5d38c1d2169dcdd40a705d41c7561f3054
07-05 23:24:59.686 D/HttpHandler(29576): DNSRetryIntercepter-->checkData=dbbf03a0e59a5c14094df6af108b323c85f186fb48884ee6f8c01573853571c3e5cce4b7c1ddef995eeab7853d5814dd7de5f750d9cca3ca16a8cd68b3bc720c45f5186fb3bd2466bb313deb7c8e3dfb6803a8c8a8b025b93ac4b1f8889c9acf134dc2b00dbdc0045bad2e3854a520bc21ca6359d4e8999e0146b24a686586f6f105b0ad7324199aa7f0763a6270cb1df08a2543e50d37462d8f9dd16c7566f3666c09a98846b9e263f28731365779d10bf08cb3b50b5c40060921b88fbd4992c2d0534926886510d33b5158eca060d03eb37fc2927e567a8cd7ec0c094253632ba5269d5c08205a3be4cdbe505f9b42e015223394afa9b57bc2b87da2681c6c7eb3559604d3415aaa8c17ab9f89fc67d22fc346007f6227ba200a449e2f9a6516a8a3b9f45686bc237009bf47f2455b
07-05 23:24:59.686 D/OkHttp  (29576): --> GET http://picture.edu.hismarttv.com/images/20170628111836879100.png http/1.1
07-05 23:24:59.686 D/OkHttp  (29576): Host: picture.edu.hismarttv.com
07-05 23:24:59.686 D/OkHttp  (29576): Connection: Keep-Alive
07-05 23:24:59.686 D/OkHttp  (29576): Accept-Encoding: gzip
07-05 23:24:59.686 D/OkHttp  (29576): User-Agent: okhttp/3.6.0
07-05 23:24:59.686 D/OkHttp  (29576): --> END GET
07-05 23:24:59.692 D/HttpHandler(29576): DNSHelper-->gslbDnsresult={"timestamp":1499268299,"msg":"","data":{"lbgs.hismarttv.com":{"ips":["118.178.149.42","139.217.11.211"],"ttl":3600},"picture.edu.hismarttv.com":{"ips":["153.35.175.120","125.46.22.134","36.33.158.222","218.58.206.58","123.128.14.209","153.35.175.121","220.202.77.124"],"ttl":300}},"retCode":"0"}
07-05 23:24:59.693 I/System.out(29576):  remove duplicate [118.178.149.42, 139.217.11.211]
07-05 23:24:59.695 D/HttpHandler(29576): DNSHelper-->gslbDnsresult={"timestamp":1499268299,"msg":"","data":{"lbgs.hismarttv.com":{"ips":["118.178.149.42","139.217.11.211"],"ttl":3600},"picture.edu.hismarttv.com":{"ips":["153.35.175.120","125.46.22.134","36.33.158.222","218.58.206.58","123.128.14.209","153.35.175.121","220.202.77.124"],"ttl":300}},"retCode":"0"}
07-05 23:24:59.696 I/System.out(29576):  remove duplicate [118.178.149.42, 139.217.11.211]
07-05 23:24:59.697 D/OkHttp  (29576): --> GET http://api.edu.hismarttv.com/usercenter/api/individualize_data?devid=86100300900000500000060a4818fca8&customerId=7195320&subscriberId=13287129&ChannelId=0&tags=&version_id=6&region_name=%E6%9D%AD%E5%B7%9E&uuid=13287129&mac=a8:a6:48:18:fc:a8&model_id=0&APPPackage=com.hisense.hicloud.edca&PFAPPCode=652&APPVersionName=3.0.0.9.00&softwareVersion=LED50MU8600UC0000888&tv_distribute_id=00&devType=0&APIVersion=600&accessToken=72DF6038D2AEAB8A76DFBBBBCC428A4A_003569969686291 http/1.1
07-05 23:24:59.697 D/OkHttp  (29576): Data_Type: JSON
07-05 23:24:59.697 D/OkHttp  (29576): RetryTime: 0
07-05 23:24:59.697 D/OkHttp  (29576): Backoffmutiplier: 0
07-05 23:24:59.697 D/OkHttp  (29576): Host: api.edu.hismarttv.com
07-05 23:24:59.697 D/OkHttp  (29576): Connection: Keep-Alive
07-05 23:24:59.697 D/OkHttp  (29576): Accept-Encoding: gzip
07-05 23:24:59.697 D/OkHttp  (29576): User-Agent: okhttp/3.6.0
07-05 23:24:59.697 D/OkHttp  (29576): --> END GET
07-05 23:24:59.702 D/NativeDecimalFormat(29576): NativeDecimalFormat_close print addr=3997592832
07-05 23:24:59.702 D/NativeDecimalFormat(29576): NativeDecimalFormat_close print g_addr=3997593600
07-05 23:24:59.702 D/NativeDecimalFormat(29576): NativeDecimalFormat_close print addr=3997593600
07-05 23:24:59.702 D/NativeDecimalFormat(29576): NativeDecimalFormat_close print g_addr=3997593600
07-05 23:24:59.708 I/art     (29576): Background partial concurrent mark sweep GC freed 34441(2MB) AllocSpace objects, 2(1330KB) LOS objects, 14% free, 24MB/28MB, paused 5.567ms total 102.513ms
07-05 23:24:59.712 D/HttpHandler(29576): DNSHelper-->httpDnsParser=["153.35.175.120","125.46.22.134","36.33.158.222","218.58.206.58","123.128.14.209","153.35.175.121","220.202.77.124"]
07-05 23:24:59.713 D/HttpHandler(29576): VerifySignInterCeptor-->request.url()=http://picture.edu.hismarttv.com/images/20170628121916725281.png
07-05 23:24:59.713 D/HttpHandler(29576): VerifySignInterCeptor-->hostname=picture.edu.hismarttv.com
07-05 23:24:59.714 D/HttpHandler(29576): DNSHelper-->httpDnsParser=["153.35.175.120","125.46.22.134","36.33.158.222","218.58.206.58","123.128.14.209","153.35.175.121","220.202.77.124"]
07-05 23:24:59.714 D/OkHttp  (29576): --> GET http://picture.edu.hismarttv.com/images/20170628121916725281.png http/1.1
07-05 23:24:59.714 D/OkHttp  (29576): Host: picture.edu.hismarttv.com
07-05 23:24:59.714 D/OkHttp  (29576): Connection: Keep-Alive
07-05 23:24:59.714 D/OkHttp  (29576): Accept-Encoding: gzip
07-05 23:24:59.714 D/OkHttp  (29576): User-Agent: okhttp/3.6.0
07-05 23:24:59.714 D/OkHttp  (29576): --> END GET
07-05 23:24:59.718 D/OkHttp  (29576): <-- 200 OK http://picture.edu.hismarttv.com/images/20170628111836879100.png (31ms)
07-05 23:24:59.718 D/OkHttp  (29576): Date: Tue, 04 Jul 2017 02:10:40 GMT
07-05 23:24:59.718 D/OkHttp  (29576): Server: nginx
07-05 23:24:59.718 D/OkHttp  (29576): Content-Type: image/png
07-05 23:24:59.718 D/OkHttp  (29576): Content-Length: 2420
07-05 23:24:59.718 D/OkHttp  (29576): Last-Modified: Wed, 28 Jun 2017 11:18:36 GMT
07-05 23:24:59.718 D/OkHttp  (29576): ETag: "5953908c-974"
07-05 23:24:59.718 D/OkHttp  (29576): Accept-Ranges: bytes
07-05 23:24:59.718 D/OkHttp  (29576): Age: 134059
07-05 23:24:59.718 D/OkHttp  (29576): Via: 1.1 hewangtong168:6 (Cdn Cache Server V2.0)[10 200 0], 1.1 angtong92:0 (Cdn Cache Server V2.0)[0 200 0]
07-05 23:24:59.718 D/OkHttp  (29576): Connection: keep-alive
07-05 23:24:59.718 D/OkHttp  (29576): <-- END HTTP
07-05 23:24:59.721 V/InputMethodService( 2203): startInput(): editor=android.view.inputmethod.EditorInfo@da0f394
07-05 23:24:59.721 V/InputMethodService( 2203): CALL: onFinishInput
07-05 23:24:59.724 E/SOGOUIME_JNI( 2203): reset
07-05 23:24:59.724 E/SOGOUIME_JNI( 2203): getCandidates
07-05 23:24:59.724 E/SOGOUIME_JNI( 2203): ime_get_uncommitted_length
07-05 23:24:59.725 E/SOGOUIME_JNI( 2203): getCandidates
07-05 23:24:59.725 D/SogouIME API( 2203): ==============num:32
07-05 23:24:59.725 E/SOGOUIME_JNI( 2203): ime_get_uncommitted_length
07-05 23:24:59.725 D/SogouIME( 2203): mFocusedComponent:30   isHkbEnable:false
07-05 23:24:59.726 E/SOGOUIME_JNI( 2203): ime_get_uncommitted_length
07-05 23:24:59.726 E/SOGOUIME_JNI( 2203): ime_get_committed_length
07-05 23:24:59.726 E/SOGOUIME_JNI( 2203): getComposingInfo
07-05 23:24:59.726 E/SOGOUIME_JNI( 2203): getComposingInfo
07-05 23:24:59.726 E/SOGOUIME_JNI( 2203): getCorrectInfo
07-05 23:24:59.727 D/HttpHandler(29576): RetryIntercepter-->retryNum=0
07-05 23:24:59.727 D/HttpHandler(29576): RetryIntercepter-->backoffmutiplier=0
07-05 23:24:59.727 E/SOGOUIME_JNI( 2203): getComposingInfo
07-05 23:24:59.728 V/InputMethodService( 2203): CALL: onStartInput
07-05 23:24:59.728 E/SOGOUIME_JNI( 2203): invalidateCommitWordPinyinNative
07-05 23:24:59.728 D/SogouIME( 2203): =====configKeyboard=======:false     false
07-05 23:24:59.728 E/SOGOUIME_JNI( 2203): ime_set_hard_kb_enable
07-05 23:24:59.737 D/OkHttp  (29576): --> GET http://picture.edu.hismarttv.com/images/20170628111857828826.png http/1.1
07-05 23:24:59.737 D/OkHttp  (29576): Host: picture.edu.hismarttv.com
07-05 23:24:59.737 D/OkHttp  (29576): Connection: Keep-Alive
07-05 23:24:59.737 D/OkHttp  (29576): Accept-Encoding: gzip
07-05 23:24:59.737 D/OkHttp  (29576): User-Agent: okhttp/3.6.0
07-05 23:24:59.737 D/OkHttp  (29576): --> END GET
07-05 23:24:59.739 I/Choreographer(29576): Skipped 52 frames!  The application may be doing too much work on its main thread.
07-05 23:24:59.741 D/TabView (29576): 
07-05 23:24:59.742 D/OkHttp  (29576): --> GET http://picture.edu.hismarttv.com/images/20170628111759213347.png http/1.1
07-05 23:24:59.743 D/OkHttp  (29576): Host: picture.edu.hismarttv.com
07-05 23:24:59.743 D/OkHttp  (29576): Connection: Keep-Alive
07-05 23:24:59.743 D/OkHttp  (29576): Accept-Encoding: gzip
07-05 23:24:59.743 D/OkHttp  (29576): User-Agent: okhttp/3.6.0
07-05 23:24:59.743 D/OkHttp  (29576): --> END GET
07-05 23:24:59.744 D/OkHttp  (29576): <-- HTTP FAILED: java.io.InterruptedIOException: thread interrupted
07-05 23:24:59.745 D/OkHttp  (29576): <-- 200 OK http://picture.edu.hismarttv.com/images/20170628121916725281.png (30ms)
07-05 23:24:59.745 D/OkHttp  (29576): Date: Wed, 05 Jul 2017 14:19:52 GMT
07-05 23:24:59.745 D/OkHttp  (29576): Server: nginx
07-05 23:24:59.745 D/OkHttp  (29576): Content-Type: image/png
07-05 23:24:59.745 D/OkHttp  (29576): Content-Length: 2555
07-05 23:24:59.745 D/OkHttp  (29576): Last-Modified: Wed, 28 Jun 2017 12:19:16 GMT
07-05 23:24:59.745 D/OkHttp  (29576): ETag: "59539ec4-9fb"
07-05 23:24:59.745 D/OkHttp  (29576): Accept-Ranges: bytes
07-05 23:24:59.745 D/OkHttp  (29576): Age: 3907
07-05 23:24:59.746 D/OkHttp  (29576): <-- 200 OK http://api.edu.hismarttv.com/usercenter/api/individualize_data?devid=86100300900000500000060a4818fca8&customerId=7195320&subscriberId=13287129&ChannelId=0&tags=&version_id=6&region_name=%E6%9D%AD%E5%B7%9E&uuid=13287129&mac=a8:a6:48:18:fc:a8&model_id=0&APPPackage=com.hisense.hicloud.edca&PFAPPCode=652&APPVersionName=3.0.0.9.00&softwareVersion=LED50MU8600UC0000888&tv_distribute_id=00&devType=0&APIVersion=600&accessToken=72DF6038D2AEAB8A76DFBBBBCC428A4A_003569969686291 (47ms)
07-05 23:24:59.746 D/OkHttp  (29576): Server: nginx
07-05 23:24:59.746 D/OkHttp  (29576): Date: Wed, 05 Jul 2017 15:24:59 GMT
07-05 23:24:59.746 D/OkHttp  (29576): Content-Type: application/json
07-05 23:24:59.746 D/OkHttp  (29576): Content-Length: 17184
07-05 23:24:59.746 D/OkHttp  (29576): Connection: close
07-05 23:24:59.746 D/OkHttp  (29576): <-- END HTTP
07-05 23:24:59.747 D/TabView (29576): 
07-05 23:24:59.747 D/HttpHandler(29576): RetryIntercepter-->retryNum=0
07-05 23:24:59.747 D/HttpHandler(29576): RetryIntercepter-->backoffmutiplier=0
07-05 23:24:59.748 D/HttpHandler(29576): RetryIntercepter-->retryNum=0
07-05 23:24:59.748 D/HttpHandler(29576): RetryIntercepter-->backoffmutiplier=0
07-05 23:24:59.749 D/TabView (29576): 
07-05 23:24:59.750 D/OkHttp  (29576): Via: 1.1 jn239:1 (Cdn Cache Server V2.0)[16 200 0], 1.1 PSahmaswt2en210:7 (Cdn Cache Server V2.0)[0 200 0]
07-05 23:24:59.750 D/OkHttp  (29576): Connection: keep-alive
07-05 23:24:59.750 D/OkHttp  (29576): <-- END HTTP
07-05 23:24:59.748 D/HttpHandler(29576): VerifySignInterCeptor-->request.url()=http://picture.edu.hismarttv.com/images/20170628115302475663.png
07-05 23:24:59.751 D/TabView (29576): 
07-05 23:24:59.751 D/HttpHandler(29576): VerifySignInterCeptor-->hostname=picture.edu.hismarttv.com
07-05 23:24:59.752 D/OkHttp  (29576): --> GET http://picture.edu.hismarttv.com/images/20170628115302475663.png http/1.1
07-05 23:24:59.752 D/OkHttp  (29576): Host: picture.edu.hismarttv.com
07-05 23:24:59.752 D/OkHttp  (29576): Connection: Keep-Alive
07-05 23:24:59.752 D/OkHttp  (29576): Accept-Encoding: gzip
07-05 23:24:59.752 D/OkHttp  (29576): User-Agent: okhttp/3.6.0
07-05 23:24:59.752 D/OkHttp  (29576): --> END GET
07-05 23:24:59.754 D/TabView (29576): 
07-05 23:24:59.757 D/TabView (29576): 
07-05 23:24:59.760 D/HttpHandler(29576): RetryIntercepter-->retryNum=0
07-05 23:24:59.760 D/TabView (29576): 
07-05 23:24:59.760 D/HttpHandler(29576): RetryIntercepter-->backoffmutiplier=0
07-05 23:24:59.762 D/TabView (29576): 
07-05 23:24:59.764 D/TabView (29576): 
07-05 23:24:59.767 D/OkHttp  (29576): <-- 200 OK http://picture.edu.hismarttv.com/images/20170628111759213347.png (24ms)
07-05 23:24:59.767 D/OkHttp  (29576): Date: Mon, 03 Jul 2017 11:11:32 GMT
07-05 23:24:59.767 D/OkHttp  (29576): Server: nginx
07-05 23:24:59.767 D/OkHttp  (29576): Content-Type: image/png
07-05 23:24:59.767 D/OkHttp  (29576): Content-Length: 2518
07-05 23:24:59.767 D/OkHttp  (29576): Last-Modified: Wed, 28 Jun 2017 11:17:59 GMT
07-05 23:24:59.767 D/OkHttp  (29576): ETag: "59539067-9d6"
07-05 23:24:59.767 D/OkHttp  (29576): Accept-Ranges: bytes
07-05 23:24:59.767 D/OkHttp  (29576): Age: 188007
07-05 23:24:59.767 D/OkHttp  (29576): Via: 1.1 pingwangtong47:3 (Cdn Cache Server V2.0)[0 200 0], 1.1 t86:3 (Cdn Cache Server V2.0)[0 200 0]
07-05 23:24:59.767 D/OkHttp  (29576): Connection: keep-alive
07-05 23:24:59.767 D/OkHttp  (29576): <-- END HTTP
07-05 23:24:59.769 D/TabView (29576): 
07-05 23:24:59.769 I/MiSysSrv( 1214): [37m[INFO] Change to Voltage: 117 mv (0x32)[m
07-05 23:24:59.773 D/TabView (29576): 
07-05 23:24:59.775 D/OkHttp  (29576): <-- 200 OK http://picture.edu.hismarttv.com/images/20170628115302475663.png (22ms)
07-05 23:24:59.775 D/OkHttp  (29576): Date: Mon, 03 Jul 2017 11:32:15 GMT
07-05 23:24:59.775 D/OkHttp  (29576): Server: nginx
07-05 23:24:59.775 D/OkHttp  (29576): Content-Type: image/png
07-05 23:24:59.775 D/OkHttp  (29576): Content-Length: 2527
07-05 23:24:59.775 D/TabView (29576): 
07-05 23:24:59.775 D/OkHttp  (29576): Last-Modified: Wed, 28 Jun 2017 11:53:02 GMT
07-05 23:24:59.775 D/OkHttp  (29576): ETag: "5953989e-9df"
07-05 23:24:59.775 D/OkHttp  (29576): Accept-Ranges: bytes
07-05 23:24:59.775 D/OkHttp  (29576): Age: 186764
07-05 23:24:59.775 D/OkHttp  (29576): Via: 1.1 jn241:2 (Cdn Cache Server V2.0)[0 200 0], 1.1 angtong95:3 (Cdn Cache Server V2.0)[0 200 0]
07-05 23:24:59.775 D/OkHttp  (29576): Connection: keep-alive
07-05 23:24:59.775 D/OkHttp  (29576): <-- END HTTP
07-05 23:24:59.777 D/TabView (29576): 
07-05 23:24:59.779 D/TabView (29576): 
07-05 23:24:59.781 D/TabView (29576): 
07-05 23:24:59.783 D/TabView (29576): 
07-05 23:24:59.784 D/HttpHandler(29576): VerifySignInterCeptor-->dateType=1
07-05 23:24:59.784 D/HttpHandler(29576): VerifySignInterCeptor-->HttpRequestManager.httpClietOption.getVerifyFlag()=1
07-05 23:24:59.787 I/MyFragmentStateAdapter(29576): getCount
07-05 23:24:59.787 I/MyFragmentStateAdapter(29576): getCount
07-05 23:24:59.787 D/TabView (29576): 
07-05 23:24:59.791 D/TabView (29576): 
07-05 23:24:59.793 D/TabView (29576): 
07-05 23:24:59.795 D/TabView (29576): 
07-05 23:24:59.796 D/TabView (29576): 
07-05 23:24:59.797 D/HttpHandler(29576): VerifySignInterCeptor-->content={"masterViews": [{"navigationId": 10002, "tiles": [{"index": 1, "facets": [{"index": 1, "typeCode": 1002, "grade": null, "title": "\u90d1\u591a\u71d5BodyBall Slim\u5927\u7403\u64cd", "backgroundImages": [{"url": "http://picture.edu.hismarttv.com/images/20161212024038700821.jpg", "mobile_image_icon_url": "http://picture.edu.hismarttv.com/images/20161102023035587534.jpg", "url_horizontal": "http://picture.edu.hismarttv.com/images/20170629033643181276.jpg"}], "id": "38036"}], "width_horizontal": null, "width": null}, {"index": 1, "facets": [{"index": 1, "typeCode": 1002, "grade": null, "title": "\u90d1\u591a\u71d5BodyBall ABS\u6709\u6c27\u64cd", "backgroundImages": [{"url": "http://picture.edu.hismarttv.com/images/20161212022722337765.jpg", "mobile_image_icon_url": "http://picture.edu.hismarttv.com/images/20161102033100773911.jpg", "url_horizontal": "http://picture.edu.hismarttv.com/images/20170629032906301152.jpg"}], "id": "38037"}], "width_horizontal": null, "width": null}, {"index": 1, "facets": [{"index": 1, "typeCode": 1002, "grade": "\u5176\u4ed6", "title": "\u98ce\u5c1a\u5065\u8eab-\u52a8\u611f\u8857\u821e", "backgroundImages": [{"url": null, "mobile_image_icon_url": null, "url_horizontal": "http://picture.edu.hismarttv.com/images/20170629/\u98ce\u5c1a\u5065\u8eab-\u52a8\u611f\u8857\u821e.jpg"}], "id": "8852"}], "width_horizontal": null, "width": null}, {"index": 1, "facets": [{"index": 1, "typeCode": 1002, "grade": null, "title": "\u90d1\u591a\u71d5BodyBall Hip&leg\u57ab\u4e0a\u64cd", "backgroundImages": [{"url": "http://picture.edu.hismarttv.com/images/20161212022759387904.jpg", "mobile_image_icon_url": "http://picture.edu.hismarttv.com/images/20161102032541379768.jpg", "url_horizontal": "http://picture.edu.hismarttv.com/images/20170629033606511137.jpg"}], "id": "38039"}], "width_horizontal": null, "width": null}, {"index": 1, "facets": [{"index": 1, "typeCode": 1002, "grade": null, "title": "\u90d1\u591a\u71d5\u5c0f\u7070\u5e3d\u5065\u8eab\u64cd", "backgroundImages": [{"url": "http://picture.edu.hismarttv.com/images/20161212022539029485.jpg", "mobile_image_icon_url": "http://picture.edu.hismarttv.com/images/20161102021604651091.jpg", "url_horizontal": "http://picture.edu.hismarttv.com/images/20170629/\u90d1\u591a\u71d5\u5c0f\u7070\u5e3d\u5065\u8eab\u64cd.jpg"}], "id": "38033"}], "width_horizontal": null, "width": null}, {"index": 1, "facets": [{"index": 1, "typeCode": 1002, "grade": null, "title": "\u90d1\u591a\u71d5FigureDumb\u54d1\u94c3\u64cd", "backgroundImages": [{"url": "http://picture.edu.hismarttv.com/images/20161212035609771233.jpg", "mobile_image_icon_url": "http://picture.edu.hismarttv.com/images/20161102021824917487.jpg", "url_horizontal": "http://picture.edu.hismarttv.com/images/20170629033936455331.jpg"}], "id": "38034"}], "width_horizontal": null, "width": null}, {"index": 1, "facets": [{"index": 1, "typeCode": 1002, "grade": null, "title": "\u90d1\u591a\u71d5FigureMat\u57ab\u4e0a\u64cd", "backgroundImages": [{"url": "http://picture.edu.hismarttv.com/images/20161212022344417148.jpg", "mobile_image_icon_url": null, "url_horizontal": "http://picture.edu.hismarttv.com/images/20170629033520364415.jpg"}], "id": "38035"}], "width_horizontal": null, "width": null}, {"index": 1, "facets": [{"index": 1, "typeCode": 1002, "grade": null, "title": "\u548c\u5973\u795e\u4e00\u8d77\u5b66\u53e3\u8bed\uff08\u7f51\u7edc\u5267\uff09", "backgroundImages": [{"url": "http://picture.edu.hismarttv.com/images/20170316053549297889.jpg", "mobile_image_icon_url": null, "url_horizontal": null}], "id": "35901"}], "width_horizontal": null, "width": null}, {"index": 1, "facets": [{"index": 1, "typeCode": 1002, "grade": null, "title": "\u770b\u5927\u7247\u5b66\u82f1\u6587\uff08\u7f51\u7edc\u5267\uff09", "backgroundImages": [{"url": "http://picture.edu.hismarttv.com/images/20170316053716559350.jpg", "mobile_image_icon_url": null, "url_horizontal": null}], "id": "35891"}], "width_horizontal": null, "width": null}, {"index": 1, "facets": [{"index": 1, "typeCode": 1002, "
07-05 23:24:59.798 D/HttpHandler(29576): VerifySignInterCeptor-->request.url()=http://picture.edu.hismarttv.com/images/20170628111857828826.png
07-05 23:24:59.798 D/HttpHandler(29576): VerifySignInterCeptor-->hostname=picture.edu.hismarttv.com
07-05 23:24:59.799 D/TabView (29576): 
07-05 23:24:59.801 D/TabView (29576): 
07-05 23:24:59.803 D/TabView (29576): 
07-05 23:24:59.805 D/TabView (29576): 
07-05 23:24:59.807 D/OsdMonitorService( 1733): mCurrentWindow = com.hisense.hicloud.edca/com.hisense.tvui.newhome.HomeMainActivity; newWindow = com.hisense.hicloud.edca/com.hisense.tvui.newhome.HomeMainActivity; isSubWindow = false; isInWinList = false; isExitNow = false
07-05 23:24:59.807 D/OsdMonitorService( 1733): windowNotOsd() : name = com.hisense.hicloud.edca/com.hisense.tvui.newhome.HomeMainActivity
07-05 23:24:59.807 I/OsdMonitorService( 1733): setOsdStatus() : status will change from true to true
07-05 23:24:59.808 D/PowerManagerService( 1733): setScreenBrightnessOverrideFromWindowManagerInternal done
07-05 23:24:59.808 D/TabView (29576): 
07-05 23:24:59.810 D/TabView (29576): 
07-05 23:24:59.811 D/PowerManagerService( 1733): setScreenBrightnessOverrideFromWindowManagerInternal done
07-05 23:24:59.812 D/TabView (29576): 
07-05 23:24:59.813 D/TabView (29576): 
07-05 23:24:59.815 D/TabView (29576): 
07-05 23:24:59.817 D/TabView (29576): 
07-05 23:24:59.820 D/TabView (29576): 
07-05 23:24:59.823 I/MyFragmentStateAdapter(29576): getCount
07-05 23:24:59.823 I/MyFragmentStateAdapter(29576): getCount
07-05 23:24:59.824 I/TabView (29576): onScroll:,firstItem=0,visibleCount=6,totalCount=10
