07-06 01:21:44.302 E/til     ( 2026): [til_get_current_input_source, 101] 
07-06 01:21:44.302 I/TVMW@HsTvSetting( 1234): Trace cmd, data = 0x7007
07-06 01:21:44.302 I/tilwrapper@sm( 2026): HS2TIL_SourceType *hs=0xd, *til=0x900
07-06 01:21:44.302 D/til     ( 2026): get current source 2304
07-06 01:21:44.302 D/SourceRemoteServiceHandler( 2026): getCurrentInputSource.from.til.result is 0, value is 2304
07-06 01:21:44.302 D/SourceRemoteServiceHandler( 2026): getInputSourceType source: 0x900, type=2304
07-06 01:21:44.302 I/ReportService( 3281): siloName isnull
07-06 01:21:44.303 V/PackageManager( 1733): getPackageInfo com.hisense.hicloud.edca: Package{3fb3f3a1 com.hisense.hicloud.edca}
07-06 01:21:44.304 I/ReportService( 3281): HiReport string sent out is:1.5|3|86100300900000500000060a4818fca8|1499275290|1499275304|com.hisense.hicloud.edca|3.0.0.9.00|8
07-06 01:21:44.304 W/ReportService( 3281): enter InsertUserBehaviorDataReportTask  mUri = content://com.hisense.hitv.hicloud.log/loginput mContentValues = lastsessiondurationtime=13646 LOGVALUE=1.5|3|86100300900000500000060a4818fca8|1499275290|1499275304|com.hisense.hicloud.edca|3.0.0.9.00|8 operation=P time=1499275304282 package=com.hisense.hicloud.edca cumulativesessiondurationtime=11368148 versioncode=652 lastupdatetime=1499256171569 _id=null type=APPRUN component=com.hisense.tvui.newhome.HomeMainActivity mContext == com.hisense.hireport.ReportService@3a75cda9mType == 95
07-06 01:21:44.304 I/ReportService( 3281): enter doInBackground*****
07-06 01:21:44.309 D/Carousel-CarouselView(29709): onActivityPaused, getSimpleName = HomeMainActivity,hashCode=558015189
07-06 01:21:44.309 I/BaseContentFragment(29709): onPause 精选
07-06 01:21:44.310 I/BaseContentFragment(29709): onPause UserCenterFragment
07-06 01:21:44.310 I/BaseContentFragment(29709): onPause 0-2岁
07-06 01:21:44.310 I/BaseContentFragment(29709): activity pause
07-06 01:21:44.310 I/CurrentCarouselView(29709): onCarouseControlCarouselControlBean{mShoudScroll=false, mActivityHasResume=false, mActivityHasStop=true, mHasTurnGone=false, mHasTurnVisible=false, mChannelId=-1, mSlideOffset=0.0, mShouldSelectCenter=false, mTabOpen=false, mHoriPosStatus=None, mVerPosStatus=None, mLevelStatus=None},isPlayingfalse,channelId=0
07-06 01:21:44.310 I/CurrentCarouselView(29709): stopPlay
07-06 01:21:44.324 I/UsageStatsService( 1733): resumed component name is ComponentInfo{com.hisense.hicloud.edca/com.hisense.hicloud.edca.mediaplayer.activity.DetailPlayActivity}
07-06 01:21:44.324 D/UsageStatsService( 1733): User[0] Got usage event for com.hisense.hicloud.edca[1499275304324]: MOVE_TO_FOREGROUND
07-06 01:21:44.324 I/UsageStatsService( 1733): started component:com.hisense.hicloud.edca
07-06 01:21:44.325 V/PackageManager( 1733): getPackageInfo com.hisense.hicloud.edca: Package{3fb3f3a1 com.hisense.hicloud.edca}
07-06 01:21:44.325 V/UsageStatsService( 1733): Resumed: 24145896   Component: com.hisense.hicloud.edca/com.hisense.hicloud.edca.mediaplayer.activity.DetailPlayActivity   Time: 1499275304325 VersionCode: 652   LastUpdateTime: 1499256171569
07-06 01:21:44.325 D/UsageStatsService( 1733): UsageStats: broadcasting intent
07-06 01:21:44.326 W/ContextImpl( 1733): Calling a method in the system process without a qualified user: android.app.ContextImpl.sendBroadcast:1327 com.android.server.usage.UsageStatsService.insertUsageStats:1104 com.android.server.usage.UsageStatsService$PkgUsageStatsExtended.updateResume:962 com.android.server.usage.UsageStatsService$LocalService.noteResumeComponent:759 com.android.server.am.ActivityManagerService.updateUsageStats:3164 
07-06 01:21:44.327 I/art     ( 3281): Background sticky concurrent mark sweep GC freed 10555(1202KB) AllocSpace objects, 31(620KB) LOS objects, 19% free, 7MB/9MB, paused 6.227ms total 36.887ms
07-06 01:21:44.333 D/PowerManagerService( 1733): setScreenBrightnessOverrideFromWindowManagerInternal done
07-06 01:21:44.334 I/ActivityManager( 1733): TR16) TaskRecord{1c32e4a8 #5612 A=com.hisense.hicloud.edca U=0 sz=2}
07-06 01:21:44.334 I/ActivityManager( 1733): TR15) TaskRecord{cd10cea #4980 A=com.jamdeo.launcher U=0 sz=1}
07-06 01:21:44.334 V/ActivityManager( 1733): set mstar.EnterOpaqueUI false
07-06 01:21:44.338 I/ReportService( 3281): Intent received, action = android.intent.action.INSERT
07-06 01:21:44.339 I/ReportService( 3281): result is content://com.hisense.hitv.hicloud.log/loginput/1
07-06 01:21:44.339 I/ReportService( 3281): modelName is VIDAA_TV
07-06 01:21:44.340 E/til     ( 2026): [til_get_current_input_source, 101] 
07-06 01:21:44.340 I/TVMW@HsTvSetting( 1234): Trace cmd, data = 0x7007
07-06 01:21:44.340 I/tilwrapper@sm( 2026): HS2TIL_SourceType *hs=0xd, *til=0x900
07-06 01:21:44.340 D/til     ( 2026): get current source 2304
07-06 01:21:44.340 D/SourceRemoteServiceHandler( 2026): getCurrentInputSource.from.til.result is 0, value is 2304
07-06 01:21:44.340 D/SourceRemoteServiceHandler( 2026): getInputSourceType source: 0x900, type=2304
07-06 01:21:44.341 I/ReportService( 3281): getCurIntputSource2304
07-06 01:21:44.341 I/MyFragmentStateAdapter(29709): getCount
07-06 01:21:44.341 E/til     ( 2026): [til_get_current_input_source, 101] 
07-06 01:21:44.341 I/TVMW@HsTvSetting( 1234): Trace cmd, data = 0x7007
07-06 01:21:44.341 I/tilwrapper@sm( 2026): HS2TIL_SourceType *hs=0xd, *til=0x900
07-06 01:21:44.341 D/til     ( 2026): get current source 2304
07-06 01:21:44.342 D/SourceRemoteServiceHandler( 2026): getCurrentInputSource.from.til.result is 0, value is 2304
07-06 01:21:44.342 D/SourceRemoteServiceHandler( 2026): getInputSourceType source: 0x900, type=2304
07-06 01:21:44.342 I/ReportService( 3281): siloName isnull
07-06 01:21:44.343 V/PackageManager( 1733): getPackageInfo com.hisense.hicloud.edca: Package{3fb3f3a1 com.hisense.hicloud.edca}
07-06 01:21:44.344 I/ReportService( 3281): HiReport string sent out is:1.5|3|86100300900000500000060a4818fca8|1499275304|0|com.hisense.hicloud.edca|3.0.0.9.00|8
07-06 01:21:44.344 W/ReportService( 3281): enter InsertUserBehaviorDataReportTask  mUri = content://com.hisense.hitv.hicloud.log/loginput mContentValues = lastsessiondurationtime=13646 LOGVALUE=1.5|3|86100300900000500000060a4818fca8|1499275304|0|com.hisense.hicloud.edca|3.0.0.9.00|8 operation=R time=1499275304325 package=com.hisense.hicloud.edca cumulativesessiondurationtime=11368148 versioncode=652 lastupdatetime=1499256171569 _id=null type=APPRUN component=com.hisense.hicloud.edca.mediaplayer.activity.DetailPlayActivity mContext == com.hisense.hireport.ReportService@3a75cda9mType == 95
07-06 01:21:44.344 I/ReportService( 3281): enter doInBackground*****
07-06 01:21:44.347 I/ReportService( 3281): enter onPostExecute result is: true
07-06 01:21:44.356 I/ReportService( 3281): result is content://com.hisense.hitv.hicloud.log/loginput/1
07-06 01:21:44.359 I/ReportService( 3281): enter onPostExecute result is: true
07-06 01:21:44.363 D/Carousel-CarouselView(29709): setPosterAndStopPlay! hashCode=558015189, sWorkingHashCode=558015189
07-06 01:21:44.363 D/Carousel-CarouselDisplayPlayerLayout(29709): isFullScreen:false
07-06 01:21:44.363 D/Carousel-Utils(29709): displayImage view=android.widget.ImageView{2ef01db V.ED.... ........ 0,0-816,460 #7f0d0029 app:id/imageView1}
07-06 01:21:44.363 D/Carousel-Utils(29709): displayImage url=http://picture.edu.hismarttv.com/images/20170629010146422927.jpg
07-06 01:21:44.365 D/Carousel-Utils(29709): onResourceReady.
07-06 01:21:44.365 D/Carousel-Utils(29709): displayImage view=android.widget.ImageView{25bd1d39 V.ED.... ......ID 0,0-816,460 #7f0d0029 app:id/imageView1}
07-06 01:21:44.365 D/Carousel-Utils(29709): displayImage url=http://picture.edu.hismarttv.com/images/20170629010146422927.jpg
07-06 01:21:44.365 D/Carousel-Utils(29709): onResourceReady.
07-06 01:21:44.366 D/Carousel-CarouselDisplayPlayerLayout(29709): isFullScreen:false
07-06 01:21:44.389 E/BaseActivity(29709): isUpdateCheckedtrue
07-06 01:21:44.390 D/DetailPlayActivity(29709): ---------------------------oncreate
07-06 01:21:44.457 D/DetailPlayActivity(29709): isMU8600:true
07-06 01:21:44.461 I/TVMW@HsTvSetting( 1234): Trace cmd, data = 0x1058
07-06 01:21:44.461 D/til@system( 2026): til_get_system_param option:100002F int:0, bool:0, ret:0
07-06 01:21:44.461 I/TVMW@HsTvSetting( 1234): Trace cmd, data = 0x101f
07-06 01:21:44.461 D/til@system( 2026): til_get_system_param option:100001D int:3, bool:3, ret:0
07-06 01:21:44.461 E/til     ( 2026): [til_get_current_input_source, 101] 
07-06 01:21:44.461 I/TVMW@HsTvSetting( 1234): Trace cmd, data = 0x7007
07-06 01:21:44.462 I/tilwrapper@sm( 2026): HS2TIL_SourceType *hs=0xd, *til=0x900
07-06 01:21:44.462 D/til     ( 2026): get current source 2304
07-06 01:21:44.462 D/SourceRemoteServiceHandler( 2026): getCurrentInputSource.from.til.result is 0, value is 2304
07-06 01:21:44.462 D/SourceRemoteServiceHandler( 2026): getInputSourceType source: 0x900, type=2304
07-06 01:21:44.462 D/til     ( 2026): ###### func:til_get_picture_param option:0x3000006 ######  
07-06 01:21:44.462 I/TVMW@HsTvSetting( 1234): Trace cmd, data = 0x1003
07-06 01:21:44.462 I/TVMW@HsTvSetting( 1234): Trace cmd, data = 0x8032
07-06 01:21:44.462 I/hstvos  ( 1216): [0m[1;33m[HSHAL][HS_VIDEO][HS_HAL_Video_SetOsdDetect_v2][2389]u16Threshold = 20
07-06 01:21:44.463 I/MiSysSrv( 1214): Not support now! 42, change to mm_video!!!
07-06 01:21:44.463 E/TVMW@videoctrl( 1234):  getOsd is 1
07-06 01:21:44.463 D/til@system( 2026): til_get_system_param option:1000027 int:1, bool:1, ret:0
07-06 01:21:44.463 D/til     ( 2026): ###### func:til_get_picture_param option:0x3000045 ######  
07-06 01:21:44.464 I/TVMW@HsTvSetting( 1234): Trace cmd, data = 0x300c
07-06 01:21:44.464 I/TVMW@HsTvSetting( 1234): Trace 3d, data = 0x300c
07-06 01:21:44.464 I/TVMW@3d ( 1234): Hs_debug3d_trace: func:get3dStatus, line:109
07-06 01:21:44.477 D/DetailPlayActivity(29709): ---------------------------oncreate,VideoInfo.sResolution:11
07-06 01:21:44.477 D/DetailPlayActivity(29709): media id is: 3535  trailerPts:0
07-06 01:21:44.477 D/DetailPlayActivity(29709): sourcetag  is: DetailPlayActivity3535
07-06 01:21:44.477 D/DetailPlayActivity(29709): sunliqin  oncreate mFromChannelId================0   mSelectedClassFromPhone:-1   mSelectedClassPosFromPhone:0
07-06 01:21:44.477 V/HotPlugDetectionAction( 1733): Poll all devices.
07-06 01:21:44.477 D/DetailPlayActivity(29709): managerLogMap~~~~~~~~~~~~~~~~~~~~~~~~~~~
07-06 01:21:44.477 D/DetailPlayActivity(29709): original: 1    srcoriginal: null   srcmediaid: null   srceventcode:232000   srcsubjectid:null
07-06 01:21:44.478 D/DetailPlayActivity(29709): srctopicid:null    srccategoryid:null     srccolumnid:0  srcchannelcategoryid:null
07-06 01:21:44.479 D/DetailPlayActivity(29709): srcpackagename:null   srcgroupid:10003   srcrowid:1   eventcode:null
07-06 01:21:44.479 I/DetailPlayActivity(29709): httphttp://api.edu.hismarttv.com/medias/api/media
07-06 01:21:44.479 I/DetailPlayActivity(29709): vendor1=0
07-06 01:21:44.479 I/DetailPlayActivity(29709): vendor2=0resolutionpolicy=2
07-06 01:21:44.479 I/DetailPlayActivity(29709): mBeginHttpTime : 24146050 从进入页面到开始网络请求用时： 88
07-06 01:21:44.480 D/til@system( 2026): til_get_system_param option:1000007 int:-1815632896, bool:0, ret:0
07-06 01:21:44.481 D/til@system( 2026): til_get_system_param option:1000009 int:-1936525184, bool:128, ret:0
07-06 01:21:44.482 D/til@system( 2026): til_get_system_param option:1000008 int:-1815634176, bool:0, ret:0
07-06 01:21:44.482 D/HiSDKLogReport(29709): getOperationDetail-productName : LED50MU8600UC
07-06 01:21:44.482 D/HiSDKLogReport(29709): getOperationDetail-plmNumber : 88888
07-06 01:21:44.482 D/HiSDKLogReport(29709): getOperationDetail-swVersion : V0000.00.01A
07-06 01:21:44.482 D/HiSDKLogReport(29709): getOperationDetail-operationDetail : LED50MU8600UC0000888
07-06 01:21:44.482 D/HiSDKLogReport(29709): processLogReport-log : {eventType=110, appKey=1182445233, APPVersionName=3.0.0.9.00, devid=86100300900000500000060a4818fca8, mac=a8:a6:48:18:fc:a8, uuid=13287129, accessToken=72DF6038D2AEAB8A76DFBBBBCC428A4A_002362010278403, APIversion=501, logversion=2.0, devType=0, APPPackage=com.hisense.hicloud.edca, eventPos=001, requesttime=1499275304482, customerId=7195320, value2=, eventMessage=GetReadyToStartConnection, value1=88, model_id=0, ChannelId=0, version=00.002.003, tv_distribute_id=00, subscriberId=13287129, APIVersion=600, PFAPPCode=652, softwareVersion=LED50MU8600UC0000888}
07-06 01:21:44.493 W/System.err(29709): java.net.ConnectException: failed to connect to /10.18.210.112 (port 8900) after 6000ms: isConnected failed: ECONNREFUSED (Connection refused)
07-06 01:21:44.494 W/System.err(29709): 	at libcore.io.IoBridge.isConnected(IoBridge.java:238)
07-06 01:21:44.494 W/System.err(29709): 	at libcore.io.IoBridge.connectErrno(IoBridge.java:171)
07-06 01:21:44.494 W/System.err(29709): 	at libcore.io.IoBridge.connect(IoBridge.java:122)
07-06 01:21:44.494 W/System.err(29709): 	at java.net.PlainSocketImpl.connect(PlainSocketImpl.java:183)
07-06 01:21:44.494 W/System.err(29709): 	at java.net.PlainSocketImpl.connect(PlainSocketImpl.java:456)
07-06 01:21:44.494 W/System.err(29709): 	at java.net.Socket.connect(Socket.java:882)
07-06 01:21:44.494 W/System.err(29709): 	at com.android.okhttp.internal.Platform.connectSocket(Platform.java:174)
07-06 01:21:44.494 W/System.err(29709): 	at com.android.okhttp.Connection.connect(Connection.java:152)
07-06 01:21:44.494 W/System.err(29709): 	at com.android.okhttp.internal.http.HttpEngine.connect(HttpEngine.java:276)
07-06 01:21:44.494 W/System.err(29709): 	at com.android.okhttp.internal.http.HttpEngine.sendRequest(HttpEngine.java:211)
07-06 01:21:44.494 W/System.err(29709): 	at com.android.okhttp.internal.http.HttpURLConnectionImpl.execute(HttpURLConnectionImpl.java:382)
07-06 01:21:44.494 W/System.err(29709): 	at com.android.okhttp.internal.http.HttpURLConnectionImpl.connect(HttpURLConnectionImpl.java:106)
07-06 01:21:44.494 W/System.err(29709): 	at com.hisense.hitv.hicloud.util.ExceptionReport.a(ExceptionReport.java:337)
07-06 01:21:44.494 W/System.err(29709): 	at com.hisense.hitv.hicloud.util.ExceptionReport.a(ExceptionReport.java:39)
07-06 01:21:44.494 W/System.err(29709): 	at com.hisense.hitv.hicloud.util.ExceptionReport$1.run(ExceptionReport.java:83)
07-06 01:21:44.494 W/System.err(29709): 	at java.lang.Thread.run(Thread.java:818)
07-06 01:21:44.494 W/System.err(29709): Caused by: android.system.ErrnoException: isConnected failed: ECONNREFUSED (Connection refused)
07-06 01:21:44.495 W/System.err(29709): 	at libcore.io.IoBridge.isConnected(IoBridge.java:223)
07-06 01:21:44.495 W/System.err(29709): 	... 15 more
07-06 01:21:44.498 I/CommonUtils(29709):  object to json {"srccolumnid":"0","srcgroupid":"10003","original":"1","srctabid":"0","eventcode":"207000","srceventcode":"232000","srcrowid":"1","mediaid":"3535"}
07-06 01:21:44.498 D/DetailPlayActivity(29709): map===1111111111111====={"srccolumnid":"0","srcgroupid":"10003","original":"1","srctabid":"0","eventcode":"207000","srceventcode":"232000","srcrowid":"1","mediaid":"3535"}
07-06 01:21:44.499 D/til@system( 2026): til_get_system_param option:1000007 int:-1936522368, bool:128, ret:0
07-06 01:21:44.501 D/til@system( 2026): til_get_system_param option:1000009 int:-1936522112, bool:128, ret:0
07-06 01:21:44.501 D/til@system( 2026): til_get_system_param option:1000008 int:-1936523008, bool:0, ret:0
07-06 01:21:44.501 D/HiSDKLogReport(29709): getOperationDetail-productName : LED50MU8600UC
07-06 01:21:44.502 D/HiSDKLogReport(29709): getOperationDetail-plmNumber : 88888
07-06 01:21:44.502 D/HiSDKLogReport(29709): getOperationDetail-swVersion : V0000.00.01A
07-06 01:21:44.502 D/HiSDKLogReport(29709): getOperationDetail-operationDetail : LED50MU8600UC0000888
07-06 01:21:44.507 I/CommonUtils(29709):  object to json {"eventType":"207","srccolumnid":"0","srcgroupid":"10003","APPVersionName":"3.0.0.9.00","original":"1","devid":"86100300900000500000060a4818fca8","uuid":"13287129","APIversion":"501","logversion":"2.0","eventcode":"207000","devType":"0","eventPos":"000","version":"00.002.003","ChannelId":"0","subscriberId":"13287129","PFAPPCode":"652","softwareVersion":"LED50MU8600UC0000888","srcrowid":"1","srceventcode":"232000","mac":"a8:a6:48:18:fc:a8","accessToken":"72DF6038D2AEAB8A76DFBBBBCC428A4A_002362010278403","srctabid":"0","APPPackage":"com.hisense.hicloud.edca","mediaid":"3535","sessionid":"36a1f3276d024516ac154640b36c34c1","requesttime":"1499275304502","customerId":"7195320","model_id":"0","requestid":"af2cc9f1ff034977a2758838c51cf3ab","tv_distribute_id":"00","APIVersion":"600","issysrepo":"1"}
07-06 01:21:44.507 D/DetailPlayActivity(29709): map=====22222222222======{"eventType":"207","srccolumnid":"0","srcgroupid":"10003","APPVersionName":"3.0.0.9.00","original":"1","devid":"86100300900000500000060a4818fca8","uuid":"13287129","APIversion":"501","logversion":"2.0","eventcode":"207000","devType":"0","eventPos":"000","version":"00.002.003","ChannelId":"0","subscriberId":"13287129","PFAPPCode":"652","softwareVersion":"LED50MU8600UC0000888","srcrowid":"1","srceventcode":"232000","mac":"a8:a6:48:18:fc:a8","accessToken":"72DF6038D2AEAB8A76DFBBBBCC428A4A_002362010278403","srctabid":"0","APPPackage":"com.hisense.hicloud.edca","mediaid":"3535","sessionid":"36a1f3276d024516ac154640b36c34c1","requesttime":"1499275304502","customerId":"7195320","model_id":"0","requestid":"af2cc9f1ff034977a2758838c51cf3ab","tv_distribute_id":"00","APIVersion":"600","issysrepo":"1"}
07-06 01:21:44.508 I/HttpDnsUtils(29709): detailsPage(): url = http://api.edu.hismarttv.com/medias/api/media/3535?codeType=1002&vender=0&resolutionpolicy=2
07-06 01:21:44.509 D/til@system( 2026): til_get_system_param option:1000007 int:-1815633792, bool:128, ret:0
07-06 01:21:44.510 D/til@system( 2026): til_get_system_param option:1000009 int:-1815632896, bool:0, ret:0
07-06 01:21:44.510 D/til@system( 2026): til_get_system_param option:1000008 int:-1936525184, bool:128, ret:0
07-06 01:21:44.510 D/HttpBuilder(29709): getOperationDetail-productName : LED50MU8600UC
07-06 01:21:44.510 D/HttpBuilder(29709): getOperationDetail-plmNumber : 88888
07-06 01:21:44.510 D/HttpBuilder(29709): getOperationDetail-swVersion : V0000.00.01A
07-06 01:21:44.510 D/HttpBuilder(29709): getOperationDetail-operationDetail : LED50MU8600UC0000888
07-06 01:21:44.547 I/HttpBuilder(29709): addUrlPublicParams mUrl ==>http://api.edu.hismarttv.com/medias/api/media/3535?codeType=1002&vender=0&resolutionpolicy=2&uuid=13287129&mac=a8:a6:48:18:fc:a8&devid=86100300900000500000060a4818fca8&version=00.002.003&subscriberId=13287129&customerId=7195320&model_id=0&APPPackage=com.hisense.hicloud.edca&PFAPPCode=652&APPVersionName=3.0.0.9.00&ChannelId=0&softwareVersion=LED50MU8600UC0000888&tv_distribute_id=00&devType=0&APIVersion=600&accessToken=72DF6038D2AEAB8A76DFBBBBCC428A4A_002362010278403
07-06 01:21:44.548 I/HttpBuilder(29709): addUrlLogParams url ==>http://api.edu.hismarttv.com/medias/api/media/3535?codeType=1002&vender=0&resolutionpolicy=2&uuid=13287129&mac=a8:a6:48:18:fc:a8&devid=86100300900000500000060a4818fca8&version=00.002.003&subscriberId=13287129&customerId=7195320&model_id=0&APPPackage=com.hisense.hicloud.edca&PFAPPCode=652&APPVersionName=3.0.0.9.00&ChannelId=0&softwareVersion=LED50MU8600UC0000888&tv_distribute_id=00&devType=0&APIVersion=600&accessToken=72DF6038D2AEAB8A76DFBBBBCC428A4A_002362010278403&eventType=207&srccolumnid=0&srcgroupid=10003&original=1&APIversion=501&logversion=2.0&eventcode=207000&eventPos=000&srcrowid=1&srceventcode=232000&srctabid=0&mediaid=3535&sessionid=36a1f3276d024516ac154640b36c34c1&requesttime=1499275304502&requestid=af2cc9f1ff034977a2758838c51cf3ab&issysrepo=1
07-06 01:21:44.549 D/HttpHandler(29709): VerifySignInterCeptor-->request.url()=http://api.edu.hismarttv.com/medias/api/media/3535?codeType=1002&vender=0&resolutionpolicy=2&uuid=13287129&mac=a8:a6:48:18:fc:a8&devid=86100300900000500000060a4818fca8&version=00.002.003&subscriberId=13287129&customerId=7195320&model_id=0&APPPackage=com.hisense.hicloud.edca&PFAPPCode=652&APPVersionName=3.0.0.9.00&ChannelId=0&softwareVersion=LED50MU8600UC0000888&tv_distribute_id=00&devType=0&APIVersion=600&accessToken=72DF6038D2AEAB8A76DFBBBBCC428A4A_002362010278403&eventType=207&srccolumnid=0&srcgroupid=10003&original=1&APIversion=501&logversion=2.0&eventcode=207000&eventPos=000&srcrowid=1&srceventcode=232000&srctabid=0&mediaid=3535&sessionid=36a1f3276d024516ac154640b36c34c1&requesttime=1499275304502&requestid=af2cc9f1ff034977a2758838c51cf3ab&issysrepo=1start=&resolutionpolicy=2&rows=&vender=0&search_key=&typeCode=1002&type=&
07-06 01:21:44.549 D/HttpHandler(29709): VerifySignInterCeptor-->hostname=api.edu.hismarttv.com
07-06 01:21:44.550 D/HttpHandler(29709): HttpDNS-->hostname=api.edu.hismarttv.com
07-06 01:21:44.551 D/HttpHandler(29709): RAMCache-->hostInfo.getClientTimeStamp()=24130314
07-06 01:21:44.551 D/HttpHandler(29709): RAMCache-->hostInfo.getTtl()=3600
07-06 01:21:44.551 D/HttpHandler(29709): RAMCache-->SystemClock.elapsedRealtime()=24146123
07-06 01:21:44.557 D/HttpHandler(29709): DNSHelper-->gslbDns=["123.103.91.123"]
07-06 01:21:44.593 D/OkHttp  (29709): --> GET http://api.edu.hismarttv.com/medias/api/media/3535?codeType=1002&vender=0&resolutionpolicy=2&uuid=13287129&mac=a8:a6:48:18:fc:a8&devid=86100300900000500000060a4818fca8&version=00.002.003&subscriberId=13287129&customerId=7195320&model_id=0&APPPackage=com.hisense.hicloud.edca&PFAPPCode=652&APPVersionName=3.0.0.9.00&ChannelId=0&softwareVersion=LED50MU8600UC0000888&tv_distribute_id=00&devType=0&APIVersion=600&accessToken=72DF6038D2AEAB8A76DFBBBBCC428A4A_002362010278403&eventType=207&srccolumnid=0&srcgroupid=10003&original=1&APIversion=501&logversion=2.0&eventcode=207000&eventPos=000&srcrowid=1&srceventcode=232000&srctabid=0&mediaid=3535&sessionid=36a1f3276d024516ac154640b36c34c1&requesttime=1499275304502&requestid=af2cc9f1ff034977a2758838c51cf3ab&issysrepo=1start=&resolutionpolicy=2&rows=&vender=0&search_key=&typeCode=1002&type=& http/1.1
07-06 01:21:44.593 D/OkHttp  (29709): Data_Type: JSON
07-06 01:21:44.593 D/OkHttp  (29709): RetryTime: 0
07-06 01:21:44.593 D/OkHttp  (29709): Backoffmutiplier: 0
07-06 01:21:44.593 D/OkHttp  (29709): Host: api.edu.hismarttv.com
07-06 01:21:44.593 D/OkHttp  (29709): Connection: Keep-Alive
07-06 01:21:44.593 D/OkHttp  (29709): Accept-Encoding: gzip
07-06 01:21:44.593 D/OkHttp  (29709): User-Agent: okhttp/3.6.0
07-06 01:21:44.593 D/OkHttp  (29709): --> END GET
07-06 01:21:44.632 D/DetailPlayActivity.java(29709): VodLog-[initRemindDialog:352]http://picture.edu.hismarttv.com/images/20151119035938180406.png
07-06 01:21:44.648 D/OkHttp  (29709): <-- 200 OK http://api.edu.hismarttv.com/medias/api/media/3535?codeType=1002&vender=0&resolutionpolicy=2&uuid=13287129&mac=a8:a6:48:18:fc:a8&devid=86100300900000500000060a4818fca8&version=00.002.003&subscriberId=13287129&customerId=7195320&model_id=0&APPPackage=com.hisense.hicloud.edca&PFAPPCode=652&APPVersionName=3.0.0.9.00&ChannelId=0&softwareVersion=LED50MU8600UC0000888&tv_distribute_id=00&devType=0&APIVersion=600&accessToken=72DF6038D2AEAB8A76DFBBBBCC428A4A_002362010278403&eventType=207&srccolumnid=0&srcgroupid=10003&original=1&APIversion=501&logversion=2.0&eventcode=207000&eventPos=000&srcrowid=1&srceventcode=232000&srctabid=0&mediaid=3535&sessionid=36a1f3276d024516ac154640b36c34c1&requesttime=1499275304502&requestid=af2cc9f1ff034977a2758838c51cf3ab&issysrepo=1start=&resolutionpolicy=2&rows=&vender=0&search_key=&typeCode=1002&type=& (54ms)
07-06 01:21:44.648 D/OkHttp  (29709): Server: nginx
07-06 01:21:44.648 D/OkHttp  (29709): Date: Wed, 05 Jul 2017 17:21:44 GMT
07-06 01:21:44.648 D/OkHttp  (29709): Content-Type: application/json
07-06 01:21:44.648 D/OkHttp  (29709): Content-Length: 57924
07-06 01:21:44.648 D/OkHttp  (29709): Connection: close
07-06 01:21:44.648 D/OkHttp  (29709): <-- END HTTP
07-06 01:21:44.648 D/HttpHandler(29709): RetryIntercepter-->retryNum=0
07-06 01:21:44.648 D/HttpHandler(29709): RetryIntercepter-->backoffmutiplier=0
07-06 01:21:44.659 D/HttpHandler(29709): VerifySignInterCeptor-->request.url()=http://picture.edu.hismarttv.com/images/20151119035723420106.png
07-06 01:21:44.659 D/HttpHandler(29709): VerifySignInterCeptor-->request.url()=http://picture.edu.hismarttv.com/images/20151119035938180406.png
07-06 01:21:44.659 D/HttpHandler(29709): VerifySignInterCeptor-->hostname=picture.edu.hismarttv.com
07-06 01:21:44.659 D/HttpHandler(29709): VerifySignInterCeptor-->hostname=picture.edu.hismarttv.com
07-06 01:21:44.659 D/HttpHandler(29709): VerifySignInterCeptor-->request.url()=http://picture.edu.hismarttv.com/images/20151119035917189009.png
07-06 01:21:44.659 D/HttpHandler(29709): VerifySignInterCeptor-->hostname=picture.edu.hismarttv.com
07-06 01:21:44.660 D/OkHttp  (29709): --> GET http://picture.edu.hismarttv.com/images/20151119035938180406.png http/1.1
07-06 01:21:44.660 D/OkHttp  (29709): Host: picture.edu.hismarttv.com
07-06 01:21:44.660 D/OkHttp  (29709): Connection: Keep-Alive
07-06 01:21:44.660 D/OkHttp  (29709): Accept-Encoding: gzip
07-06 01:21:44.660 D/OkHttp  (29709): User-Agent: okhttp/3.6.0
07-06 01:21:44.660 D/OkHttp  (29709): --> END GET
07-06 01:21:44.660 D/OkHttp  (29709): --> GET http://picture.edu.hismarttv.com/images/20151119035723420106.png http/1.1
07-06 01:21:44.660 D/OkHttp  (29709): Host: picture.edu.hismarttv.com
07-06 01:21:44.660 D/OkHttp  (29709): Connection: Keep-Alive
07-06 01:21:44.660 D/OkHttp  (29709): Accept-Encoding: gzip
07-06 01:21:44.660 D/OkHttp  (29709): User-Agent: okhttp/3.6.0
07-06 01:21:44.660 D/OkHttp  (29709): --> END GET
07-06 01:21:44.660 D/OkHttp  (29709): --> GET http://picture.edu.hismarttv.com/images/20151119035917189009.png http/1.1
07-06 01:21:44.660 D/OkHttp  (29709): Host: picture.edu.hismarttv.com
07-06 01:21:44.660 D/OkHttp  (29709): Connection: Keep-Alive
07-06 01:21:44.661 D/OkHttp  (29709): Accept-Encoding: gzip
07-06 01:21:44.661 D/OkHttp  (29709): User-Agent: okhttp/3.6.0
07-06 01:21:44.661 D/OkHttp  (29709): --> END GET
07-06 01:21:44.663 W/Activity(29709): changePanelKeyPadStateIfNecessary() : false
07-06 01:21:44.664 V/InputManager(29709): setPanelKeyPadConvertState() : false
07-06 01:21:44.665 I/BaseActivity(29709): onResume
07-06 01:21:44.665 D/DetailPlayActivity(29709): ---------------------------onresume
07-06 01:21:44.674 V/WindowManager( 1733): Adding window Window{13f9d6b0 u0 com.hisense.hicloud.edca/com.hisense.hicloud.edca.mediaplayer.activity.DetailPlayActivity} at 12 of 20 (after Window{48919e4 u0 com.hisense.hicloud.edca/com.hisense.tvui.newhome.HomeMainActivity})
07-06 01:21:44.676 D/OkHttp  (29709): <-- 200 OK http://picture.edu.hismarttv.com/images/20151119035938180406.png (15ms)
07-06 01:21:44.676 D/OkHttp  (29709): Date: Sun, 02 Jul 2017 12:27:12 GMT
07-06 01:21:44.676 D/OkHttp  (29709): Server: nginx/1.6.2
07-06 01:21:44.676 D/OkHttp  (29709): Content-Type: image/png
07-06 01:21:44.676 D/OkHttp  (29709): Content-Length: 386276
07-06 01:21:44.679 D/OkHttp  (29709): <-- 200 OK http://picture.edu.hismarttv.com/images/20151119035723420106.png (18ms)
07-06 01:21:44.679 D/OkHttp  (29709): Date: Fri, 30 Jun 2017 23:33:53 GMT
07-06 01:21:44.679 D/OkHttp  (29709): Server: nginx/1.6.2
07-06 01:21:44.679 D/OkHttp  (29709): Content-Type: image/png
07-06 01:21:44.679 D/OkHttp  (29709): Content-Length: 11698
07-06 01:21:44.679 D/OkHttp  (29709): Last-Modified: Thu, 19 Nov 2015 03:57:23 GMT
07-06 01:21:44.679 D/OkHttp  (29709): ETag: "564d48a3-2db2"
07-06 01:21:44.679 D/OkHttp  (29709): Accept-Ranges: bytes
07-06 01:21:44.679 D/OkHttp  (29709): Age: 409671
07-06 01:21:44.679 D/OkHttp  (29709): Via: 1.0 jnwt242:88 (Cdn Cache Server V2.0), 1.0 hwangt167:6 (Cdn Cache Server V2.0), 1.0 dezhou35:5 (Cdn Cache Server V2.0)[0 200 0]
07-06 01:21:44.679 D/OkHttp  (29709): Connection: keep-alive
07-06 01:21:44.679 D/OkHttp  (29709): <-- END HTTP
07-06 01:21:44.682 I/MyFragmentStateAdapter(29709): getCount
07-06 01:21:44.682 I/MyFragmentStateAdapter(29709): getCount
07-06 01:21:44.682 D/HttpHandler(29709): RetryIntercepter-->retryNum=0
07-06 01:21:44.682 D/HttpHandler(29709): RetryIntercepter-->backoffmutiplier=0
07-06 01:21:44.682 I/MyFragmentStateAdapter(29709): getCount
07-06 01:21:44.682 I/MyFragmentStateAdapter(29709): getCount
07-06 01:21:44.683 D/OkHttp  (29709): <-- 200 OK http://picture.edu.hismarttv.com/images/20151119035917189009.png (21ms)
07-06 01:21:44.683 D/OkHttp  (29709): Date: Thu, 29 Jun 2017 02:43:20 GMT
07-06 01:21:44.683 D/OkHttp  (29709): Server: nginx
07-06 01:21:44.683 D/OkHttp  (29709): Content-Type: image/png
07-06 01:21:44.683 D/OkHttp  (29709): Content-Length: 369052
07-06 01:21:44.683 D/OkHttp  (29709): Last-Modified: Thu, 19 Nov 2015 03:59:17 GMT
07-06 01:21:44.683 D/OkHttp  (29709): ETag: "564d4915-5a19c"
07-06 01:21:44.683 D/OkHttp  (29709): Accept-Ranges: bytes
07-06 01:21:44.683 D/OkHttp  (29709): Age: 571104
07-06 01:21:44.683 D/OkHttp  (29709): Via: 1.1 xinzhouwangtong42:7 (Cdn Cache Server V2.0), 1.1 dzhwt36:3 (Cdn Cache Server V2.0)[0 200 0]
07-06 01:21:44.683 D/OkHttp  (29709): Connection: keep-alive
07-06 01:21:44.683 D/OkHttp  (29709): <-- END HTTP
07-06 01:21:44.683 I/FirstLineAdapter(29709): canShowTrailer,isOffline=false
07-06 01:21:44.683 I/FirstLineAdapter(29709): canShowTrailer,isOffline=false
07-06 01:21:44.683 I/FirstLineAdapter(29709): canShowTrailer,isOffline=false
07-06 01:21:44.683 I/FirstLineAdapter(29709): canShowTrailer,isOffline=false
07-06 01:21:44.683 I/FirstLineAdapter(29709): canShowTrailer,isOffline=false
07-06 01:21:44.683 I/FirstLineAdapter(29709): canShowTrailer,isOffline=false
07-06 01:21:44.683 I/FirstLineAdapter(29709): canShowTrailer,isOffline=false
07-06 01:21:44.683 D/HttpHandler(29709): RetryIntercepter-->retryNum=0
07-06 01:21:44.683 I/FirstLineAdapter(29709): canShowTrailer,isOffline=false
07-06 01:21:44.683 I/FirstLineAdapter(29709): canShowTrailer,isOffline=false
07-06 01:21:44.685 D/HttpHandler(29709): RetryIntercepter-->backoffmutiplier=0
07-06 01:21:44.689 I/MyFragmentStateAdapter(29709): getCount
07-06 01:21:44.689 D/OkHttp  (29709): Last-Modified: Thu, 19 Nov 2015 03:59:38 GMT
07-06 01:21:44.689 D/OkHttp  (29709): ETag: "564d492a-5e4e4"
07-06 01:21:44.689 D/OkHttp  (29709): Accept-Ranges: bytes
07-06 01:21:44.689 D/OkHttp  (29709): Age: 276872
07-06 01:21:44.689 D/OkHttp  (29709): Via: 1.0 hewangtong173:8106 (Cdn Cache Server V2.0), 1.0 zhiwangtong174:5 (Cdn Cache Server V2.0), 1.0 dezhou37:0 (Cdn Cache Server V2.0)[0 200 0]
07-06 01:21:44.689 D/OkHttp  (29709): Connection: keep-alive
07-06 01:21:44.689 D/OkHttp  (29709): <-- END HTTP
07-06 01:21:44.704 I/SurfaceFlinger( 1204): the layer SurfaceView is used to close xc and zorder is smallerest! clear region
07-06 01:21:44.710 D/HttpHandler(29709): RetryIntercepter-->retryNum=0
07-06 01:21:44.710 D/HttpHandler(29709): RetryIntercepter-->backoffmutiplier=0
07-06 01:21:44.737 D/Surface ( 1733): onStatusChange() : mNativeObject = 547334884864 mUseImageHwRender = false
07-06 01:21:44.737 V/Surface ( 1733): nativeSetHardwareRender() : status = 0
07-06 01:21:44.737 V/Surface ( 1733): nativeSetHardwareRender() : end
07-06 01:21:44.737 D/OsdMonitorService( 1733): mCurrentWindow = com.hisense.hicloud.edca/com.hisense.tvui.newhome.HomeMainActivity; newWindow = com.hisense.hicloud.edca/com.hisense.hicloud.edca.mediaplayer.activity.DetailPlayActivity; isSubWindow = false; isInWinList = false; isExitNow = false
07-06 01:21:44.737 D/OsdMonitorService( 1733): windowNotOsd() : name = com.hisense.hicloud.edca/com.hisense.hicloud.edca.mediaplayer.activity.DetailPlayActivity
07-06 01:21:44.737 I/OsdMonitorService( 1733): setOsdStatus() : status will change from true to true
07-06 01:21:44.754 D/PowerManagerService( 1733): setScreenBrightnessOverrideFromWindowManagerInternal done
07-06 01:21:44.754 I/SurfaceFlinger( 1204): the layer SurfaceView is used to close xc and zorder is smallerest! clear region
07-06 01:21:44.757 D/PowerManagerService( 1733): setScreenBrightnessOverrideFromWindowManagerInternal done
07-06 01:21:44.761 D/Surface ( 1733): onStatusChange() : mNativeObject = 0 mUseImageHwRender = false
07-06 01:21:44.761 D/Surface (29709): onStatusChange() : mNativeObject = -531030016 mUseImageHwRender = false
07-06 01:21:44.762 V/Surface (29709): nativeSetHardwareRender() : status = 0
07-06 01:21:44.762 V/Surface (29709): nativeSetHardwareRender() : end
07-06 01:21:44.766 D/gralloc ( 1204): allocate buffer from ION HEAP 0x1
07-06 01:21:44.766 D/gralloc ( 1204): allocate memory from system heap
07-06 01:21:44.774 D/gralloc ( 1204): allocate buffer from ION HEAP 0x1
07-06 01:21:44.774 D/gralloc ( 1204): allocate memory from system heap
07-06 01:21:44.777 D/gralloc ( 1204): allocate buffer from ION HEAP 0x1
07-06 01:21:44.777 D/gralloc ( 1204): allocate memory from system heap
07-06 01:21:44.777 D/HttpHandler(29709): VerifySignInterCeptor-->dateType=1
07-06 01:21:44.778 D/HttpHandler(29709): VerifySignInterCeptor-->HttpRequestManager.httpClietOption.getVerifyFlag()=1
07-06 01:21:44.785 D/Carousel-CarouselVideoViewImpl(29709): stopPlay.
07-06 01:21:44.785 D/Carousel-log_video-(29709): onStopPlay!
07-06 01:21:44.785 D/Carousel-log_video-(29709): submitPlayStopLog mLogPlayState:5
07-06 01:21:44.785 D/Carousel-log_video-(29709): No need to repeat play stop log.
07-06 01:21:44.788 I/SurfaceFlinger( 1204): the layer SurfaceView is used to close xc and zorder is smallerest! clear region
07-06 01:21:44.792 V/InputMethodService( 2203): startInput(): editor=android.view.inputmethod.EditorInfo@3059f515
07-06 01:21:44.792 V/InputMethodService( 2203): CALL: onFinishInput
07-06 01:21:44.793 E/SOGOUIME_JNI( 2203): reset
07-06 01:21:44.793 E/SOGOUIME_JNI( 2203): getCandidates
07-06 01:21:44.793 E/SOGOUIME_JNI( 2203): ime_get_uncommitted_length
07-06 01:21:44.793 E/SOGOUIME_JNI( 2203): getCandidates
07-06 01:21:44.794 D/SogouIME API( 2203): ==============num:32
07-06 01:21:44.794 E/SOGOUIME_JNI( 2203): ime_get_uncommitted_length
07-06 01:21:44.794 D/SogouIME( 2203): mFocusedComponent:30   isHkbEnable:false
07-06 01:21:44.794 E/SOGOUIME_JNI( 2203): ime_get_uncommitted_length
07-06 01:21:44.794 E/SOGOUIME_JNI( 2203): ime_get_committed_length
07-06 01:21:44.794 E/SOGOUIME_JNI( 2203): getComposingInfo
07-06 01:21:44.794 E/SOGOUIME_JNI( 2203): getComposingInfo
07-06 01:21:44.794 E/SOGOUIME_JNI( 2203): getCorrectInfo
07-06 01:21:44.794 E/SOGOUIME_JNI( 2203): getComposingInfo
07-06 01:21:44.805 V/InputMethodService( 2203): CALL: onStartInput
07-06 01:21:44.806 E/SOGOUIME_JNI( 2203): invalidateCommitWordPinyinNative
07-06 01:21:44.806 D/SogouIME( 2203): =====configKeyboard=======是否有硬件盘:false     硬件盘是否不再隐藏：false
07-06 01:21:44.806 E/SOGOUIME_JNI( 2203): ime_set_hard_kb_enable
07-06 01:21:44.818 D/PowerManagerService( 1733): acquireWakeLockInternal: lock=113832109, flags=0x1, tag="NetworkStats", ws=null, uid=1000, pid=1733
07-06 01:21:44.818 D/PowerManagerNotifier( 1733): onWakeLockAcquired: flags=1, tag="NetworkStats", packageName=android, ownerUid=1000, ownerPid=1733, workSource=null
07-06 01:21:44.818 D/NtpTrustedTime( 1733): currentTimeMillis() cache hit
07-06 01:21:44.821 I/SurfaceFlinger( 1204): the layer SurfaceView is used to close xc and zorder is smallerest! clear region
07-06 01:21:44.827 D/HttpHandler(29709): VerifySignInterCeptor-->content={"image_post_url": "http://picture.edu.hismarttv.com/images/20170303023652037350.jpg", "system_time": 1499275304, "videos": [{"db_id": 28416, "play_ways": [{"centralized_play_params": null, "fee": 1, "feeSeconds": -1, "startup_type": 1, "video_play_param": "qnKvhzjJHfE4ZZwXEqbKU+ErUMyO6flgvO7nUavjMWahgv8ChKW6k4z0iIiisS1DT5XmRgk9mPT+OwY+rscRJeRWILhnfQ7IurLAb0eWrjLvEyHDoRtXZNLMY7DD1zpUPY9QDbu/7magc7YYzE27USwNgHkhh8uvlb9kFuY3pA8gva/Jd/SQGSshRdJa2R/VohtI5ycPje2qkwEArdReH4KLkyd9v9QI66xXQB55Cuf9wuCleTnr5Kre+6IoL9avpAAFP/Dw3t3ZvQzmSdrZokyupfnL1m8WuDnv8m3bvwvJgfVGDMnHmYzfC6ZKmXYtnAHME4MhpXVmov5lgrHxWFVrGOFHHYaTzILCALaVd0WO9EAcpDHJnm4b7nmk/8WESwCN2/E1tCDGPYQiNYvUXbr0lsCOVz3PHlOGbzTZE25H5wsL1RoaoLatvWRz95lfJgtC1/Xrr8z3JiW5fDfOHazw1QhtKU872iY46P9vjZnEuEdvQ77+FIfcL+Jbo8VNzzg=", "video_play_url": "uSSogmCyW+88eMhEVuGHUrZ6CtOT4fktq7q9TpT5b3nj1s0T2+SxzL7nkY2ktUcGQIzsQ2d6kPesbGx9qpUVIowbf+l4d2OPvObDPi7Vr2G9FE+D801ecsmCbKCHnGdGM5ZEU/j+q2u7ZO1AhBTgBHBTnTprnoX2wuo7CKd4u1pgorKKK6vERGZ/EowPxh3WphpJ6SUPjO+oyR8BqtpYVoSJkT0o9tc=", "video_quality": null, "id": 1040, "name": "\u624d\u667a\u5c0f\u5929\u5730\u65b0"}], "title": "1\u3001\u65b0\u6765\u7684\u90bb\u5c45\uff08\u4e0a\u7bc7\uff09", "series": 1, "time_length": 373, "id": "35351"}, {"db_id": 28425, "play_ways": [{"centralized_play_params": null, "fee": 1, "feeSeconds": 60, "startup_type": 1, "video_play_param": "qnKvhzjJHfE4ZZwXEqbKU+ErUMyO6flgvO7nUqvjMWahgv8ChKW6k4z0iIiisS1DT5XmRgk9mPT+OwY+rscRJeRWILhnfQ7IurLAbEeWrjLvEyHDoRtXZNLMY7DD1zpUPY9QDbu/7magc7YYzE27USwNgHkhh8uvlb9kFuY3pA8gva/Jd/SQGSshRdJa2R/VohtI5ycPje2qkwEArdReH4KLkyd9v9QI66xXQB55Cuf9wuCleTnr5Kre+/goL9avpAAFP/Dw3t3ZvQznQdLYpEyupfnL1m8WtzHu9mrevg7HgPNGDMnHmYzfC6ZFkXcpmwTNFo0go3Vmov5lgrHxWFVrGOFHHYaTzILCALaVd0WO9EAcpDHJnm4b7nmk/8WESwCN2/E1tCDGPYQiNYvUXbr0lsCOVD7PHlOGbzTZE25H5wsL1RoaoLatvWRz95lfJgtC1/Xrr8z3JiW5fDfOHazw1QhtKU872iY46P9vjZnEuEdvQ77+FIfcL+Jbo8VNzzg=", "video_play_url": "uSSogmCyW+88eMhEVuGHUrZ6CtOT4fktq7q9TpT5b3nj1s0T2+SxzL7nkY2ktUcGQIzsQ2d6kPesbGx9qpUVIowbf+l4d2OPvObDPi7Vr2G9FE+D801ecpOCbKCHnGdGM5ZEU/j+q2u6bOVBghTgBHBTnTprkY33xu0+CaJ2ulxgorKKK6vERGZwGo0LwRjXoxRI7yUPjO+oyR8BqtpYVoSJkT0o9tc=", "video_quality": null, "id": 1040, "name": "\u624d\u667a\u5c0f\u5929\u5730\u65b0"}], "title": "2\u3001\u65b0\u6765\u7684\u90bb\u5c45\uff08\u4e0b\u7bc7\uff09", "series": 2, "time_length": 507, "id": "35352"}, {"db_id": 28431, "play_ways": [{"centralized_play_params": null, "fee": 1, "feeSeconds": 60, "startup_type": 1, "video_play_param": "qnKvhzjJHfE4ZZwXEqbKU+ErUMyO6flgvO7nU6vjMWahgv8ChKLgwoz0itqisi1DTpbtFwk9maL4YAY+rpUWduRWILhnfQ7IurLAb0eWrjLvEyHDoRtXZNLMY7DD1zpUPY9QDbu/7magc7YYzE27USwNgHkhh8uvlb9kFuY3pA8gva/Jd/SQGSshRdJa2R/VohtI5ycPje2qkwEArdReH4KLkyd9v9QI66xXQB55Cuf9wuCleTnr5Kre+64rL9avpAAFP/Dw3t3ZvQznQtzaoEyupfnL1m8WtzPs82jbvAvNgfVGDMnHmYzfC6ZFk3UsmQHPE4chpXVmov5lgrHxWFVrGOFHHYaTzILCALaVd0WO9EAcpDHJnm4b7nmk/8WESwCN2/E1tCDGPYQiNYvUXbr0lsCOVTrPHlOGbzTZE25H5wsL1RoaoLatvWRz95lfJgtC1/Xrr8z3JiW5fDfOHazw1QhtKU872iY46P9vjZnEuEdvQ77+FIfcL+Jbo8VNzzg=", "video_play_url": "uSSogmCyW+88eMhEVuGHUrZ6CtOT4fktq7q9TpT5b3nj1s0T2+SxzL7nkY2ktUcGQIzsQ2d6kPesbGx9qpUVIowbf+l4d2OPvObDPi7Vr2G9FE+D801ecsWBbKCHnGdGM5ZEU/j+q2u6b+tDhhTgBHBTnTprkY/1w+87C6d8u1pgorKKK6vERGZwGI8Owx3Vph5J6SUPjO+oyR8BqtpYVoSJkT0o9tc=", "video_quality": null, "id": 1040, "name": "\u624d\u667a\u5c0f\u5929\u5730\u65b0"}], "title": "3\u3001\u628a\u4e66\u653e\u8fd9\u513f\uff08\u4e0a\u7bc7\uff09", "series": 3, "time_length": 443, "id": "35353"}, {"db_id": 28438, "play_ways": [{"centralized_play_params": null, "fee": 1, "feeSeconds": 60, "startup_type": 1, "video_play_param": "qnKvhzjJHfE4ZZwXEqbKU+ErUMyO6flgvO7nVKvjMWahgv8ChKLgwoz0itqisi1DTpbtFwk9maL4YAY+rpUWduRWILhnfQ7IurLAbEeWrjLvEyHDoRtXZNLMY7DD1zpUPY9QDbu/7magc7YYzE27USwNgHkhh8uvlb9kFuY3pA8gva/Jd/SQGSshRdJa2R/VohtI5ycPje2qkwEArdReH4KLkyd9v9QI66xXQB55Cuf9wuCleTnr5Kre+6h+L9avpAAFP/Dw3t3ZvQznR9nQoEyupfnL1m8WtzXr9m/ftAjIhvNGDMnHmYzfC6ZFlXIpngXHEIImo3Vmov5lgrHxWFVrGOFHHYaTzILCALaVd0WO9EAcpDHJnm4b7nmk/8WESwCN2/E1tCDGPYQiNYvUXbr0lsCOVTPPHlOGbzTZE25H5wsL1RoaoLatvWRz95lfJgtC1/
07-06 01:21:44.829 D/NtpTrustedTime( 1733): currentTimeMillis() cache hit
07-06 01:21:44.830 D/NtpTrustedTime( 1733): currentTimeMillis() cache hit
07-06 01:21:44.830 D/NtpTrustedTime( 1733): currentTimeMillis() cache hit
07-06 01:21:44.830 D/PowerManagerService( 1733): releaseWakeLockInternal: lock=113832109 [NetworkStats], flags=0x0
07-06 01:21:44.830 D/PowerManagerNotifier( 1733): onWakeLockReleased: flags=1, tag="NetworkStats", packageName=android, ownerUid=1000, ownerPid=1733, workSource=null
07-06 01:21:44.848 D/OsdMonitorService( 1733): mCurrentWindow = com.hisense.hicloud.edca/com.hisense.hicloud.edca.mediaplayer.activity.DetailPlayActivity; newWindow = com.hisense.hicloud.edca/com.hisense.hicloud.edca.mediaplayer.activity.DetailPlayActivity; isSubWindow = false; isInWinList = false; isExitNow = false
07-06 01:21:44.848 D/OsdMonitorService( 1733): windowNotOsd() : name = com.hisense.hicloud.edca/com.hisense.hicloud.edca.mediaplayer.activity.DetailPlayActivity
07-06 01:21:44.848 I/OsdMonitorService( 1733): setOsdStatus() : status will change from true to true
07-06 01:21:44.848 I/MyFragmentStateAdapter(29709): getCount
07-06 01:21:44.849 D/PowerManagerService( 1733): setScreenBrightnessOverrideFromWindowManagerInternal done
07-06 01:21:44.851 D/PowerManagerService( 1733): setScreenBrightnessOverrideFromWindowManagerInternal done
07-06 01:21:44.852 I/ActivityManager( 1733): Displayed com.hisense.hicloud.edca/.mediaplayer.activity.DetailPlayActivity: +541ms
07-06 01:21:44.859 D/PowerManagerService( 1733): setScreenBrightnessOverrideFromWindowManagerInternal done
07-06 01:21:44.869 I/MiSysSrv( 1214): [37m[INFO] Change to Voltage: 117 mv (0x32)[m
07-06 01:21:44.874 I/SurfaceFlinger( 1204): the layer SurfaceView is used to close xc and zorder is smallerest! clear region
07-06 01:21:44.875 D/HiNetworkImpl(29709): doHttp_Asyn(): onReqResponse isSuccessful = true, back from thread: main
07-06 01:21:44.887 I/SurfaceFlinger( 1204): the layer SurfaceView is used to close xc and zorder is smallerest! clear region
07-06 01:21:44.888 I/SurfaceView(29709): Changes: creating=false format=false size=false visible=true left=false top=false
07-06 01:21:44.888 I/SurfaceView(29709): Cur surface: Surface(name=null)/@0x2451c5eb
07-06 01:21:44.889 D/OsdMonitorService( 1733): mCurrentWindow = com.hisense.hicloud.edca/com.hisense.hicloud.edca.mediaplayer.activity.DetailPlayActivity; newWindow = com.hisense.hicloud.edca/com.hisense.hicloud.edca.mediaplayer.activity.DetailPlayActivity; isSubWindow = false; isInWinList = false; isExitNow = false
07-06 01:21:44.889 D/OsdMonitorService( 1733): windowNotOsd() : name = com.hisense.hicloud.edca/com.hisense.hicloud.edca.mediaplayer.activity.DetailPlayActivity
07-06 01:21:44.889 I/OsdMonitorService( 1733): setOsdStatus() : status will change from true to true
07-06 01:21:44.892 I/art     (29709): Background sticky concurrent mark sweep GC freed 11995(612KB) AllocSpace objects, 5(395KB) LOS objects, 0% free, 41MB/41MB, paused 6.443ms total 61.001ms
07-06 01:21:44.892 D/PowerManagerService( 1733): setScreenBrightnessOverrideFromWindowManagerInternal done
07-06 01:21:44.898 I/SurfaceView(29709): New surface: Surface(name=null)/@0x1fe10f48, vis=false, frame=Rect(418, 205 - 1234, 665)
07-06 01:21:44.898 I/SurfaceView(29709): visibleChanged -- surfaceDestroyed
07-06 01:21:44.900 D/Carousel-UrlVideoView(29709): surfaceDestroyed
07-06 01:21:44.900 D/Surface (29709): onStatusChange() : mNativeObject = 0 mUseImageHwRender = false
07-06 01:21:44.901 V/SurfaceView(29709): Layout: x=418 y=205 w=816 h=460, frame=Rect(0, 0 - 816, 460)
07-06 01:21:44.904 E/HDMI_CEC( 1733): Send Message TO[5] 
07-06 01:21:44.904 E/HDMI_CEC( 1733): OP[0], <Feature Abort> 
07-06 01:21:44.904 E/HDMI_CEC( 1733): ========
07-06 01:21:44.910 I/SurfaceFlinger( 1204): the layer SurfaceView is used to close xc and zorder is smallerest! clear region
07-06 01:21:44.920 D/hwcomposer( 1204): lastHWWindowInfo is dirty
07-06 01:21:44.927 I/SurfaceFlinger( 1204): the layer SurfaceView is used to close xc and zorder is smallerest! clear region
07-06 01:21:44.930 D/OsdMonitorService( 1733): mCurrentWindow = com.hisense.hicloud.edca/com.hisense.hicloud.edca.mediaplayer.activity.DetailPlayActivity; newWindow = com.hisense.hicloud.edca/com.hisense.hicloud.edca.mediaplayer.activity.DetailPlayActivity; isSubWindow = false; isInWinList = false; isExitNow = false
07-06 01:21:44.930 D/OsdMonitorService( 1733): windowNotOsd() : name = com.hisense.hicloud.edca/com.hisense.hicloud.edca.mediaplayer.activity.DetailPlayActivity
07-06 01:21:44.930 I/OsdMonitorService( 1733): setOsdStatus() : status will change from true to true
07-06 01:21:44.932 D/PowerManagerService( 1733): setScreenBrightnessOverrideFromWindowManagerInternal done
07-06 01:21:44.934 D/Surface (29709): onStatusChange() : mNativeObject = 0 mUseImageHwRender = false
07-06 01:21:44.940 I/HiNetworkImpl(29709): doHttp_Asyn(): onSuccess clazz = class com.hisense.sdk.domain.DetailsPage, back from thread: main
07-06 01:21:44.940 I/DetailPlayActivity(29709): mFinishHttpTime : 24146512 网络请求用时：462
07-06 01:21:44.941 I/SurfaceFlinger( 1204): the layer SurfaceView is used to close xc and zorder is smallerest! clear region
07-06 01:21:44.942 D/til@system( 2026): til_get_system_param option:1000007 int:-1815634176, bool:0, ret:0
07-06 01:21:44.943 D/til@system( 2026): til_get_system_param option:1000009 int:-1936522368, bool:128, ret:0
07-06 01:21:44.945 D/til@system( 2026): til_get_system_param option:1000008 int:-1936522112, bool:128, ret:0
07-06 01:21:44.946 D/HiSDKLogReport(29709): getOperationDetail-productName : LED50MU8600UC
07-06 01:21:44.946 D/HiSDKLogReport(29709): getOperationDetail-plmNumber : 88888
07-06 01:21:44.946 D/HiSDKLogReport(29709): getOperationDetail-swVersion : V0000.00.01A
07-06 01:21:44.946 D/HiSDKLogReport(29709): getOperationDetail-operationDetail : LED50MU8600UC0000888
07-06 01:21:44.946 D/HiSDKLogReport(29709): processLogReport-log : {eventType=110, appKey=1182445233, APPVersionName=3.0.0.9.00, devid=86100300900000500000060a4818fca8, mac=a8:a6:48:18:fc:a8, uuid=13287129, accessToken=72DF6038D2AEAB8A76DFBBBBCC428A4A_002362010278403, APIversion=501, logversion=2.0, devType=0, APPPackage=com.hisense.hicloud.edca, eventPos=002, requesttime=1499275304946, customerId=7195320, value2=, eventMessage=HttpConnection, value1=462, model_id=0, ChannelId=0, version=00.002.003, tv_distribute_id=00, subscriberId=13287129, APIVersion=600, PFAPPCode=652, softwareVersion=LED50MU8600UC0000888}
07-06 01:21:44.946 D/DetailPlayActivity(29709): detailpage result is:com.hisense.sdk.domain.DetailsPage@77d3b69
07-06 01:21:44.951 D/til@system( 2026): til_get_system_param option:1000007 int:-1936523008, bool:0, ret:0
07-06 01:21:44.952 D/til@system( 2026): til_get_system_param option:1000009 int:-1815633792, bool:128, ret:0
07-06 01:21:44.954 W/System.err(29709): java.net.ConnectException: failed to connect to /10.18.210.112 (port 8900) after 6000ms: isConnected failed: ECONNREFUSED (Connection refused)
07-06 01:21:44.954 D/til@system( 2026): til_get_system_param option:1000008 int:-1815632896, bool:0, ret:0
07-06 01:21:44.954 W/System.err(29709): 	at libcore.io.IoBridge.isConnected(IoBridge.java:238)
07-06 01:21:44.954 W/System.err(29709): 	at libcore.io.IoBridge.connectErrno(IoBridge.java:171)
07-06 01:21:44.954 W/System.err(29709): 	at libcore.io.IoBridge.connect(IoBridge.java:122)
07-06 01:21:44.954 W/System.err(29709): 	at java.net.PlainSocketImpl.connect(PlainSocketImpl.java:183)
07-06 01:21:44.954 W/System.err(29709): 	at java.net.PlainSocketImpl.connect(PlainSocketImpl.java:456)
07-06 01:21:44.954 W/System.err(29709): 	at java.net.Socket.connect(Socket.java:882)
07-06 01:21:44.954 W/System.err(29709): 	at com.android.okhttp.internal.Platform.connectSocket(Platform.java:174)
07-06 01:21:44.954 W/System.err(29709): 	at com.android.okhttp.Connection.connect(Connection.java:152)
07-06 01:21:44.954 W/System.err(29709): 	at com.android.okhttp.internal.http.HttpEngine.connect(HttpEngine.java:276)
07-06 01:21:44.954 W/System.err(29709): 	at com.android.okhttp.internal.http.HttpEngine.sendRequest(HttpEngine.java:211)
07-06 01:21:44.954 W/System.err(29709): 	at com.android.okhttp.internal.http.HttpURLConnectionImpl.execute(HttpURLConnectionImpl.java:382)
07-06 01:21:44.954 W/System.err(29709): 	at com.android.okhttp.internal.http.HttpURLConnectionImpl.connect(HttpURLConnectionImpl.java:106)
07-06 01:21:44.954 W/System.err(29709): 	at com.hisense.hitv.hicloud.util.ExceptionReport.a(ExceptionReport.java:337)
07-06 01:21:44.954 W/System.err(29709): 	at com.hisense.hitv.hicloud.util.ExceptionReport.a(ExceptionReport.java:39)
07-06 01:21:44.954 W/System.err(29709): 	at com.hisense.hitv.hicloud.util.ExceptionReport$1.run(ExceptionReport.java:83)
07-06 01:21:44.954 W/System.err(29709): 	at java.lang.Thread.run(Thread.java:818)
07-06 01:21:44.954 D/HttpDnsUtils(29709): CEXX-getOperationDetail-productName : LED50MU8600UC
07-06 01:21:44.954 D/HttpDnsUtils(29709): CEXX-getOperationDetail-plmNumber : 88888
07-06 01:21:44.954 W/System.err(29709): Caused by: android.system.ErrnoException: isConnected failed: ECONNREFUSED (Connection refused)
07-06 01:21:44.954 D/HttpDnsUtils(29709): CEXX-getOperationDetail-swVersion : V0000.00.01A
07-06 01:21:44.954 D/HttpDnsUtils(29709): CEXX-getOperationDetail-operationDetail : LED50MU8600UC0000888
07-06 01:21:44.955 W/System.err(29709): 	at libcore.io.IoBridge.isConnected(IoBridge.java:223)
07-06 01:21:44.955 W/System.err(29709): 	... 15 more
07-06 01:21:44.957 E/NetUtils(29709): encryption --- sign = accessToken=72DF6038D2AEAB8A76DFBBBBCC428A4A_002362010278403&customerId=7195320&devType=0&devid=86100300900000500000060a4818fca8&resourceId=3535&resourceType=0&BDA9F96C98E9D5130A5AFB3411B5F9E0
07-06 01:21:44.957 I/HttpDnsUtils(29709): checkValid-查询课程用户付费详情接口【新增】【实现】 //查询单个视频是否购买: --- URL >> http://api.edu.hismarttv.com/payment/api/order/checkValid?resourceId=3535&resourceType=0&devType=0&accessToken=72DF6038D2AEAB8A76DFBBBBCC428A4A_002362010278403&sign=7ab5c86c530dc0fdd1708d76dab0c488
07-06 01:21:44.959 D/til@system( 2026): til_get_system_param option:1000007 int:-1936525184, bool:128, ret:0
