07-05 23:45:46.121 V/SurfaceView( 9821): Layout: x=418 y=205 w=816 h=460, frame=Rect(0, 0 - 816, 460)
07-05 23:45:46.128 D/Carousel-CarouselDisplayPlayerLayout( 9821): x=380, y=167,w=892,h=536, hashCode=893665721
07-05 23:45:46.130 D/Carousel-CarouselDisplayPlayerLayout( 9821): mX=380, mY=167,mWitdh=892,mHeight=536, hashCode=893665721
07-05 23:45:46.130 D/Carousel-CarouselDisplayPlayerLayout( 9821): changed=false, hashCode=893665721
07-05 23:45:46.130 D/Carousel-CarouselDisplayPlayerLayout( 9821): extraTryCount=5
07-05 23:45:46.130 I/MainHomeView( 9821): onPanelClosed---left152
07-05 23:45:46.134 D/Carousel-CarouselDisplayPlayerLayout( 9821): x=380, y=167,w=892,h=536, hashCode=893665721
07-05 23:45:46.134 D/Carousel-CarouselDisplayPlayerLayout( 9821): mX=380, mY=167,mWitdh=892,mHeight=536, hashCode=893665721
07-05 23:45:46.134 D/Carousel-CarouselDisplayPlayerLayout( 9821): changed=false, hashCode=893665721
07-05 23:45:46.134 D/Carousel-CarouselDisplayPlayerLayout( 9821): extraTryCount=6
07-05 23:45:46.135 D/Carousel-CarouselDisplayPlayerLayout( 9821): x=380, y=167,w=892,h=536, hashCode=893665721
07-05 23:45:46.135 D/Carousel-CarouselDisplayPlayerLayout( 9821): mX=380, mY=167,mWitdh=892,mHeight=536, hashCode=893665721
07-05 23:45:46.135 D/Carousel-CarouselDisplayPlayerLayout( 9821): changed=false, hashCode=893665721
07-05 23:45:46.135 D/Carousel-CarouselDisplayPlayerLayout( 9821): extraTryCount=7
07-05 23:45:46.135 D/Carousel-CarouselDisplayPlayerLayout( 9821): x=380, y=167,w=892,h=536, hashCode=893665721
07-05 23:45:46.135 D/Carousel-CarouselDisplayPlayerLayout( 9821): mX=380, mY=167,mWitdh=892,mHeight=536, hashCode=893665721
07-05 23:45:46.135 D/Carousel-CarouselDisplayPlayerLayout( 9821): changed=false, hashCode=893665721
07-05 23:45:46.135 D/Carousel-CarouselDisplayPlayerLayout( 9821): extraTryCount=8
07-05 23:45:46.135 D/Carousel-CarouselDisplayPlayerLayout( 9821): x=380, y=167,w=892,h=536, hashCode=893665721
07-05 23:45:46.135 D/Carousel-CarouselDisplayPlayerLayout( 9821): mX=380, mY=167,mWitdh=892,mHeight=536, hashCode=893665721
07-05 23:45:46.135 D/Carousel-CarouselDisplayPlayerLayout( 9821): changed=false, hashCode=893665721
07-05 23:45:46.135 D/Carousel-CarouselDisplayPlayerLayout( 9821): extraTryCount=9
07-05 23:45:46.135 D/Carousel-CarouselDisplayPlayerLayout( 9821): x=380, y=167,w=892,h=536, hashCode=893665721
07-05 23:45:46.135 D/Carousel-CarouselDisplayPlayerLayout( 9821): mX=380, mY=167,mWitdh=892,mHeight=536, hashCode=893665721
07-05 23:45:46.135 D/Carousel-CarouselDisplayPlayerLayout( 9821): changed=false, hashCode=893665721
07-05 23:45:46.135 D/Carousel-CarouselDisplayPlayerLayout( 9821): isFullScreen:false
07-05 23:45:46.135 D/Carousel-CarouselView( 9821): ===========>mDisplayPlayerLayout.getVisibility()=4
07-05 23:45:46.135 D/Carousel-CarouselView( 9821): ===========>onScrollEnd
07-05 23:45:46.136 D/Carousel-Utils( 9821): x=380,y=167, width=892,height=536
07-05 23:45:46.136 D/Carousel-CarouselView( 9821): isOutScreen:false
07-05 23:45:46.140 E/hwcomposer( 1204): Overlay 0 size changeed src {1920 1080} -> {1920, 1080} crop{0.000000 0.000000 1920.000000 1080.000000}->{0.000000 0.000000 1920.000000 1080.000000} dst{419 205 1235 665}->{418 205 1234 665}
07-05 23:45:46.141 I/MyFragmentStateAdapter( 9821): getCount
07-05 23:45:46.141 I/MyFragmentStateAdapter( 9821): getCount
07-05 23:45:46.141 I/MyFragmentStateAdapter( 9821): getCount
07-05 23:45:46.141 I/MyFragmentStateAdapter( 9821): getCount
07-05 23:45:46.147 D/Surface ( 1733): onStatusChange() : mNativeObject = 547942789120 mUseImageHwRender = false
07-05 23:45:46.148 V/Surface ( 1733): nativeSetHardwareRender() : status = 0
07-05 23:45:46.148 V/Surface ( 1733): nativeSetHardwareRender() : end
07-05 23:45:46.153 D/PowerManagerService( 1733): acquireWakeLockInternal: lock=487931605, flags=0x2000000a, tag="WindowManager", ws=WorkSource{10010}, uid=1000, pid=1733
07-05 23:45:46.153 D/PowerManagerNotifier( 1733): onWakeLockAcquired: flags=536870922, tag="WindowManager", packageName=android, ownerUid=1000, ownerPid=1733, workSource=WorkSource{10010}
07-05 23:45:46.153 D/PowerManagerService( 1733): setScreenBrightnessOverrideFromWindowManagerInternal done
07-05 23:45:46.155 D/Surface ( 1733): onStatusChange() : mNativeObject = 0 mUseImageHwRender = false
07-05 23:45:46.157 I/FirstLineAdapter( 9821): canShowTrailer,isOffline=false
07-05 23:45:46.157 I/FirstLineAdapter( 9821): canShowTrailer,isOffline=false
07-05 23:45:46.157 I/FirstLineAdapter( 9821): canShowTrailer,isOffline=false
07-05 23:45:46.157 I/FirstLineAdapter( 9821): canShowTrailer,isOffline=false
07-05 23:45:46.157 I/FirstLineAdapter( 9821): canShowTrailer,isOffline=false
07-05 23:45:46.157 I/FirstLineAdapter( 9821): canShowTrailer,isOffline=false
07-05 23:45:46.158 I/FirstLineAdapter( 9821): canShowTrailer,isOffline=false
07-05 23:45:46.158 I/FirstLineAdapter( 9821): canShowTrailer,isOffline=false
07-05 23:45:46.158 I/FirstLineAdapter( 9821): canShowTrailer,isOffline=false
07-05 23:45:46.163 I/MyFragmentStateAdapter( 9821): getCount
07-05 23:45:46.182 I/NetflixMonitorService( 1733): current fgapk : com.hisense.hicloud.edca
07-05 23:45:46.182 I/NetflixMonitorService( 1733): Netflix status unchanged
07-05 23:45:46.206 D/hwcomposer( 1204): Overlay [0] do size change!
07-05 23:45:46.206 D/vsyncbridge( 1204): [0] handle_thread thread got msg 0x2, mState = 3
07-05 23:45:46.206 D/vsyncbridge( 1204): Overlay 0 Resize, mState = 0x3, 0, disp[418 205 816 460] osd[1920 1080]
07-05 23:45:46.206 D/vsyncbridge( 1204): [update_ds_table,  594] DispW:1632 DispH:920 
07-05 23:45:46.206 D/vsyncbridge( 1204): [update_ds_table,  598] Cap.x:1105 Cap.y:30 CapW:1920 CapH:1080 
07-05 23:45:46.206 D/vsyncbridge( 1204): [update_ds_table,  599] enInputSourceType:34 
07-05 23:45:46.206 D/vsyncbridge( 1204): [update_ds_table,  601] u16InputVTotal:2205  u16InputVFreq:240 
07-05 23:45:46.206 D/vsyncbridge( 1204): [update_ds_table,  603] bInterlace:0  u16DefaultHtotal:0 
07-05 23:45:46.206 D/vsyncbridge( 1204): [update_ds_table,  606] bPreHCusScaling:1  bPreVCusScaling:1 
07-05 23:45:46.206 D/vsyncbridge( 1204): [update_ds_table,  608] u16PreHCusScalingSrc:1920  u16PreHCusScalingDst:1920 
07-05 23:45:46.206 D/vsyncbridge( 1204): [update_ds_table,  610] u16PreVCusScalingSrc:1080  u16PreVCusScalingSrc:1080 
07-05 23:45:46.206 D/vsyncbridge( 1204): [update_ds_table,  613] bHCusScaling:0  bVCusScaling:0 
07-05 23:45:46.206 D/vsyncbridge( 1204): [update_ds_table,  615] u16HCusScalingSrc:1920  u16HCusScalingDst:1632 
07-05 23:45:46.206 D/vsyncbridge( 1204): [update_ds_table,  617] u16VCusScalingSrc:1080  u16VCusScalingDst:920 
07-05 23:45:46.206 D/vsyncbridge( 1204): vsync_bridge_CalAspectRatio type = 0
07-05 23:45:46.206 D/vsyncbridge( 1204): panel [3840 2160] osd [1920 1080] ratio [2.000000 2.000000]
07-05 23:45:46.206 D/vsyncbridge( 1204): apply ratio, x=836, y=410, width=1632, height=920
07-05 23:45:46.206 D/vsyncbridge( 1204): disp_old[836 410 2468 1330], disp_new[836 410 2468 1330], crop[0 0 1920 1080]
07-05 23:45:46.206 D/vsyncbridge( 1204): [update_ds_table,  798] SW DS !!! 
07-05 23:45:46.206 D/vsyncbridge( 1204): [update_ds_table,  800] stXC_SetWin_Info.stCapWin.width1920  stXC_SetWin_Info.stCapWin.height:1080
07-05 23:45:46.206 D/vsyncbridge( 1204): [update_ds_table,  802] stXC_SetWin_Info.stCropWin.width1920  stXC_SetWin_Info.stCropWin.height:1080
07-05 23:45:46.206 D/vsyncbridge( 1204): [update_ds_table,  803] MApi_XC_GetDynamicScalingStatus():1 
07-05 23:45:46.207 D/        ( 1204): Alert: cannot get frameCount from IOCTL, eWindow=0! Fall back to original frame mode
07-05 23:45:46.207 D/        ( 1204): MVOP is 1P mode
07-05 23:45:46.207 D/        ( 1204): [_MDrv_SC_check_2p_mode][9405]u16Width=3840,u16Height=2160,u32Vfreqx10=240
07-05 23:45:46.207 D/vsyncbridge( 1204): vsync_bridge_render_frame pts = 3666666, DS_Idx=0x2, overlayID=0
07-05 23:45:46.207 D/vsyncbridge( 1204):  W 0, R 7, Cur 0
07-05 23:45:46.207 D/vsyncbridge( 1204): vsync_bridge_CalAspectRatio type = 0
07-05 23:45:46.207 D/vsyncbridge( 1204): panel [3840 2160] osd [1920 1080] ratio [2.000000 2.000000]
07-05 23:45:46.207 D/vsyncbridge( 1204): apply ratio, x=836, y=410, width=1632, height=920
07-05 23:45:46.369 I/MiSysSrv( 1214): [37m[INFO] Change to Voltage: 112 mv (0x2D)[m
07-05 23:45:46.466 I/TVMW@devctrl( 1234): wdt
07-05 23:45:46.470 I/MiSysSrv( 1214): [37m[INFO] Change to Voltage: 107 mv (0x28)[m
07-05 23:45:46.533 I/TVMW@HsTvSetting( 1234): Trace cmd, data = 0x1058
07-05 23:45:46.533 D/til@system( 2026): til_get_system_param option:100002F int:0, bool:0, ret:0
07-05 23:45:46.534 I/TVMW@HsTvSetting( 1234): Trace cmd, data = 0x101f
07-05 23:45:46.534 D/til@system( 2026): til_get_system_param option:100001D int:3, bool:3, ret:0
07-05 23:45:46.534 E/til     ( 2026): [til_get_current_input_source, 101] 
07-05 23:45:46.535 I/TVMW@HsTvSetting( 1234): Trace cmd, data = 0x7007
07-05 23:45:46.535 I/tilwrapper@sm( 2026): HS2TIL_SourceType *hs=0xd, *til=0x900
07-05 23:45:46.535 D/til     ( 2026): get current source 2304
07-05 23:45:46.535 D/SourceRemoteServiceHandler( 2026): getCurrentInputSource.from.til.result is 0, value is 2304
07-05 23:45:46.535 D/SourceRemoteServiceHandler( 2026): getInputSourceType source: 0x900, type=2304
07-05 23:45:46.535 D/til     ( 2026): ###### func:til_get_picture_param option:0x3000006 ######  
07-05 23:45:46.536 I/TVMW@HsTvSetting( 1234): Trace cmd, data = 0x1003
07-05 23:45:46.536 I/TVMW@HsTvSetting( 1234): Trace cmd, data = 0x8032
07-05 23:45:46.536 I/hstvos  ( 1216): [0m[1;33m[HSHAL][HS_VIDEO][HS_HAL_Video_SetOsdDetect_v2][2389]u16Threshold = 20
07-05 23:45:46.537 E/TVMW@videoctrl( 1234):  getOsd is 1
07-05 23:45:46.537 D/til@system( 2026): til_get_system_param option:1000027 int:1, bool:1, ret:0
07-05 23:45:46.537 D/til     ( 2026): ###### func:til_get_picture_param option:0x3000045 ######  
07-05 23:45:46.538 I/TVMW@HsTvSetting( 1234): Trace cmd, data = 0x300c
07-05 23:45:46.538 I/TVMW@HsTvSetting( 1234): Trace 3d, data = 0x300c
07-05 23:45:46.538 I/TVMW@3d ( 1234): Hs_debug3d_trace: func:get3dStatus, line:109
07-05 23:45:46.573 I/MiSysSrv( 1214): [37m[INFO] Change to Voltage: 102 mv (0x23)[m
07-05 23:45:46.643 D/MSTAR_VDEC_DBG( 1206): Stream ID: 0, Rate : 24 (E:0,D:0,S:0,F:118) 
07-05 23:45:46.674 I/MiSysSrv( 1214): [37m[INFO] Change to Voltage: 102 mv (0x23)[m
07-05 23:45:46.674 D/DtvSourcePlugin-DVBC( 8758): Setting the EPG Updater state to: WAIT
07-05 23:45:46.678 I/MyFragmentStateAdapter( 9821): getCount
07-05 23:45:46.776 I/MiSysSrv( 1214): [37m[INFO] Change to Voltage: 102 mv (0x23)[m
07-05 23:45:46.783 D/MC_MEMORY( 8248): max: 256.261888 Mb, heap: 10.10798 Mb, allocated: 8.8878 Mb, free: 1.1921 Mb, native heap: 12.12276 Mb, native allocated: 8.8347 Mb, native free: 3.3929 Mb
07-05 23:45:46.874 D/PowerManagerService( 1733): acquireWakeLockInternal: lock=113832109, flags=0x1, tag="NetworkStats", ws=null, uid=1000, pid=1733
07-05 23:45:46.874 D/PowerManagerNotifier( 1733): onWakeLockAcquired: flags=1, tag="NetworkStats", packageName=android, ownerUid=1000, ownerPid=1733, workSource=null
07-05 23:45:46.874 D/NtpTrustedTime( 1733): currentTimeMillis() cache hit
07-05 23:45:46.886 D/NtpTrustedTime( 1733): currentTimeMillis() cache hit
07-05 23:45:46.887 D/NtpTrustedTime( 1733): currentTimeMillis() cache hit
07-05 23:45:46.887 D/NtpTrustedTime( 1733): currentTimeMillis() cache hit
07-05 23:45:46.887 D/PowerManagerService( 1733): releaseWakeLockInternal: lock=113832109 [NetworkStats], flags=0x0
07-05 23:45:46.887 D/PowerManagerNotifier( 1733): onWakeLockReleased: flags=1, tag="NetworkStats", packageName=android, ownerUid=1000, ownerPid=1733, workSource=null
07-05 23:45:46.913 D/GlobalInputEventMonitoringService( 1733): interceptKeyBeforeQueueing(), event:22, mNeedMonitorKeyEvent:true, mWaitForKeyUpEvent:false
07-05 23:45:46.914 D/GlobalInputEventMonitoringService( 1733): processKeyEvent(), processKeyEvent event:22
07-05 23:45:46.914 D/WindowManager( 1733): interceptKeyTq keycode=22 interactive=true keyguardActive=false policyFlags=2b000000 isCancled= false
07-05 23:45:46.934 D/PowerManagerService( 1733): userActivityNoUpdateLocked: eventTime=18388484, event=1, flags=0x0, uid=1000
07-05 23:45:46.934 D/WindowManager( 1733): interceptKeyTi keyCode=22 down=true repeatCount=0 keyguardOn=false mHomePressed=false canceled=false
07-05 23:45:46.934 D/WindowManager( 1733): Hisense systemkey event: 22
07-05 23:45:46.934 D/HisenseGlobalKeyManager( 1733): handleGlobalKey() : Global event = KeyEvent { action=ACTION_DOWN, keyCode=KEYCODE_DPAD_RIGHT, scanCode=0, metaState=0, flags=0x0, repeatCount=0, eventTime=18388484, downTime=18388484, deviceId=-1, source=0x101 }
07-05 23:45:46.941 D/SogouIME( 2203): [onKeyDown] keycode = 22 model = VIDAA_TV
07-05 23:45:46.951 D/Carousel-CarouselDisplayPlayerLayout( 9821): HasFocus:false,keyCode:22
07-05 23:45:46.951 D/Carousel-CarouselDisplayPlayerLayout( 9821): isFullScreen:false
07-05 23:45:46.951 I/HomeMainActivity( 9821): carousel handle key:false
07-05 23:45:46.952 I/MainHomeView( 9821): dispatchKeyEvent ACTION_DOWN now 
07-05 23:45:46.952 I/HomeMainActivity( 9821): onKeyDown is 22
07-05 23:45:46.952 I/FirstlineLayoutManager( 9821): left=218,width=1738,scroll Distance=-846
07-05 23:45:46.958 D/Carousel-CarouselView( 9821): ============>onFocusChange=true
07-05 23:45:46.958 D/Carousel-CarouselDisplayPlayerLayout( 9821): isFullScreen:false
07-05 23:45:46.958 D/Carousel-CarouselView( 9821): isFullScreen:false,hasFocus:true
07-05 23:45:46.958 D/Carousel-CarouselView( 9821): ============>offset=-323
07-05 23:45:46.967 D/Carousel-CarouselDisplayPlayerLayout( 9821): showPlayerWindowTip showable:true
07-05 23:45:46.970 I/MiSysSrv( 1214): [37m[INFO] Change to Voltage: 117 mv (0x32)[m
07-05 23:45:46.981 D/GlobalInputEventMonitoringService( 1733): interceptKeyBeforeQueueing(), event:22, mNeedMonitorKeyEvent:true, mWaitForKeyUpEvent:false
07-05 23:45:46.981 D/GlobalInputEventMonitoringService( 1733): processKeyEvent(), processKeyEvent event:22
07-05 23:45:46.982 D/WindowManager( 1733): interceptKeyTq keycode=22 interactive=true keyguardActive=false policyFlags=2b000000 isCancled= false
07-05 23:45:46.982 D/WindowManager( 1733): interceptKeyTi keyCode=22 down=false repeatCount=0 keyguardOn=false mHomePressed=false canceled=false
07-05 23:45:46.982 D/WindowManager( 1733): Hisense systemkey event: 22
07-05 23:45:46.982 D/HisenseGlobalKeyManager( 1733): handleGlobalKey() : Global event = KeyEvent { action=ACTION_UP, keyCode=KEYCODE_DPAD_RIGHT, scanCode=0, metaState=0, flags=0x0, repeatCount=0, eventTime=18388484, downTime=18388484, deviceId=-1, source=0x101 }
07-05 23:45:47.025 V/InputMethodService( 2203): startInput(): editor=android.view.inputmethod.EditorInfo@3a98453d
07-05 23:45:47.025 V/InputMethodService( 2203): CALL: onFinishInput
07-05 23:45:47.044 E/SOGOUIME_JNI( 2203): reset
07-05 23:45:47.044 D/CommonHeader( 9821): app logo :refreshTimer: isRotatetrue
07-05 23:45:47.045 D/Carousel-CarouselDisplayPlayerLayout( 9821): HasFocus:true,keyCode:22
07-05 23:45:47.045 D/Carousel-CarouselDisplayPlayerLayout( 9821): isFullScreen:false
07-05 23:45:47.045 D/Carousel-CarouselDisplayPlayerLayout( 9821): isFullScreen:false
07-05 23:45:47.045 I/HomeMainActivity( 9821): carousel handle key:false
07-05 23:45:47.046 I/TVMW@HsTvSetting( 1234): Trace cmd, data = 0x1058
07-05 23:45:47.052 D/til@system( 2026): til_get_system_param option:100002F int:0, bool:0, ret:0
07-05 23:45:47.052 I/TVMW@HsTvSetting( 1234): Trace cmd, data = 0x101f
07-05 23:45:47.053 D/til@system( 2026): til_get_system_param option:100001D int:3, bool:3, ret:0
07-05 23:45:47.053 E/til     ( 2026): [til_get_current_input_source, 101] 
07-05 23:45:47.053 I/TVMW@HsTvSetting( 1234): Trace cmd, data = 0x7007
07-05 23:45:47.053 I/tilwrapper@sm( 2026): HS2TIL_SourceType *hs=0xd, *til=0x900
07-05 23:45:47.053 D/til     ( 2026): get current source 2304
07-05 23:45:47.053 D/SourceRemoteServiceHandler( 2026): getCurrentInputSource.from.til.result is 0, value is 2304
07-05 23:45:47.053 D/SourceRemoteServiceHandler( 2026): getInputSourceType source: 0x900, type=2304
07-05 23:45:47.055 D/til     ( 2026): ###### func:til_get_picture_param option:0x3000006 ######  
07-05 23:45:47.057 I/TVMW@HsTvSetting( 1234): Trace cmd, data = 0x1003
07-05 23:45:47.062 I/TVMW@HsTvSetting( 1234): Trace cmd, data = 0x8032
07-05 23:45:47.062 I/hstvos  ( 1216): [0m[1;33m[HSHAL][HS_VIDEO][HS_HAL_Video_SetOsdDetect_v2][2389]u16Threshold = 20
07-05 23:45:47.066 E/TVMW@videoctrl( 1234):  getOsd is 1
07-05 23:45:47.067 D/til@system( 2026): til_get_system_param option:1000027 int:1, bool:1, ret:0
07-05 23:45:47.068 D/til     ( 2026): ###### func:til_get_picture_param option:0x3000045 ######  
07-05 23:45:47.069 I/TVMW@HsTvSetting( 1234): Trace cmd, data = 0x300c
07-05 23:45:47.069 I/TVMW@HsTvSetting( 1234): Trace 3d, data = 0x300c
07-05 23:45:47.069 I/TVMW@3d ( 1234): Hs_debug3d_trace: func:get3dStatus, line:109
07-05 23:45:47.084 E/SOGOUIME_JNI( 2203): getCandidates
07-05 23:45:47.084 E/SOGOUIME_JNI( 2203): ime_get_uncommitted_length
07-05 23:45:47.084 E/SOGOUIME_JNI( 2203): getCandidates
07-05 23:45:47.084 D/SogouIME API( 2203): ==============num:32
07-05 23:45:47.084 E/SOGOUIME_JNI( 2203): ime_get_uncommitted_length
07-05 23:45:47.084 D/SogouIME( 2203): mFocusedComponent:30   isHkbEnable:false
07-05 23:45:47.085 E/SOGOUIME_JNI( 2203): ime_get_uncommitted_length
07-05 23:45:47.085 E/SOGOUIME_JNI( 2203): ime_get_committed_length
07-05 23:45:47.085 E/SOGOUIME_JNI( 2203): getComposingInfo
07-05 23:45:47.085 E/SOGOUIME_JNI( 2203): getComposingInfo
07-05 23:45:47.085 E/SOGOUIME_JNI( 2203): getCorrectInfo
07-05 23:45:47.085 E/SOGOUIME_JNI( 2203): getComposingInfo
07-05 23:45:47.085 V/InputMethodService( 2203): CALL: onStartInput
07-05 23:45:47.085 E/SOGOUIME_JNI( 2203): invalidateCommitWordPinyinNative
07-05 23:45:47.085 D/SogouIME( 2203): =====configKeyboard=======:false     false
07-05 23:45:47.085 E/SOGOUIME_JNI( 2203): ime_set_hard_kb_enable
07-05 23:45:47.169 I/MiSysSrv( 1214): [37m[INFO] Change to Voltage: 117 mv (0x32)[m
07-05 23:45:47.183 I/NetflixMonitorService( 1733): current fgapk : com.hisense.hicloud.edca
07-05 23:45:47.183 I/NetflixMonitorService( 1733): Netflix status unchanged
07-05 23:45:47.187 D/IntertrustDRMManager( 9821): [TID 10015] wasabi runtime initialized success.
07-05 23:45:47.269 I/MiSysSrv( 1214): [37m[INFO] Change to Voltage: 107 mv (0x28)[m
07-05 23:45:47.366 I/TVMW@devctrl( 1234): wdt
07-05 23:45:47.369 I/MiSysSrv( 1214): [37m[INFO] Change to Voltage: 102 mv (0x23)[m
07-05 23:45:47.571 I/TVMW@HsTvSetting( 1234): Trace cmd, data = 0x1058
07-05 23:45:47.572 D/til@system( 2026): til_get_system_param option:100002F int:0, bool:0, ret:0
07-05 23:45:47.572 I/TVMW@HsTvSetting( 1234): Trace cmd, data = 0x101f
07-05 23:45:47.582 D/til@system( 2026): til_get_system_param option:100001D int:3, bool:3, ret:0
07-05 23:45:47.583 E/til     ( 2026): [til_get_current_input_source, 101] 
07-05 23:45:47.583 I/TVMW@HsTvSetting( 1234): Trace cmd, data = 0x7007
07-05 23:45:47.583 I/tilwrapper@sm( 2026): HS2TIL_SourceType *hs=0xd, *til=0x900
07-05 23:45:47.583 D/til     ( 2026): get current source 2304
07-05 23:45:47.583 D/SourceRemoteServiceHandler( 2026): getCurrentInputSource.from.til.result is 0, value is 2304
07-05 23:45:47.583 D/SourceRemoteServiceHandler( 2026): getInputSourceType source: 0x900, type=2304
07-05 23:45:47.583 D/til     ( 2026): ###### func:til_get_picture_param option:0x3000006 ######  
07-05 23:45:47.584 I/TVMW@HsTvSetting( 1234): Trace cmd, data = 0x1003
07-05 23:45:47.584 I/TVMW@HsTvSetting( 1234): Trace cmd, data = 0x8032
07-05 23:45:47.584 I/hstvos  ( 1216): [0m[1;33m[HSHAL][HS_VIDEO][HS_HAL_Video_SetOsdDetect_v2][2389]u16Threshold = 20
07-05 23:45:47.585 E/TVMW@videoctrl( 1234):  getOsd is 1
07-05 23:45:47.585 D/til@system( 2026): til_get_system_param option:1000027 int:1, bool:1, ret:0
07-05 23:45:47.585 D/til     ( 2026): ###### func:til_get_picture_param option:0x3000045 ######  
07-05 23:45:47.586 I/TVMW@HsTvSetting( 1234): Trace cmd, data = 0x300c
07-05 23:45:47.586 I/TVMW@HsTvSetting( 1234): Trace 3d, data = 0x300c
07-05 23:45:47.586 I/TVMW@3d ( 1234): Hs_debug3d_trace: func:get3dStatus, line:109
07-05 23:45:47.611 I/MyFragmentStateAdapter( 9821): getCount
07-05 23:45:47.643 D/MSTAR_VDEC_DBG( 1206): Stream ID: 0, Rate : 24 (E:0,D:0,S:0,F:142) 
07-05 23:45:47.655 I/MyFragmentStateAdapter( 9821): getCount
07-05 23:45:47.699 I/MyFragmentStateAdapter( 9821): getCount
07-05 23:45:47.725 D/PowerManagerService( 1733): acquireWakeLockInternal: lock=113832109, flags=0x1, tag="NetworkStats", ws=null, uid=1000, pid=1733
07-05 23:45:47.725 D/PowerManagerNotifier( 1733): onWakeLockAcquired: flags=1, tag="NetworkStats", packageName=android, ownerUid=1000, ownerPid=1733, workSource=null
07-05 23:45:47.725 D/NtpTrustedTime( 1733): currentTimeMillis() cache hit
07-05 23:45:47.742 D/NtpTrustedTime( 1733): currentTimeMillis() cache hit
07-05 23:45:47.749 D/PowerManagerService( 1733): releaseWakeLockInternal: lock=113832109 [NetworkStats], flags=0x0
07-05 23:45:47.749 D/NtpTrustedTime( 1733): currentTimeMillis() cache hit
07-05 23:45:47.749 D/NtpTrustedTime( 1733): currentTimeMillis() cache hit
07-05 23:45:47.751 D/PowerManagerNotifier( 1733): onWakeLockReleased: flags=1, tag="NetworkStats", packageName=android, ownerUid=1000, ownerPid=1733, workSource=null
07-05 23:45:47.751 I/MyFragmentStateAdapter( 9821): getCount
07-05 23:45:47.800 I/MyFragmentStateAdapter( 9821): getCount
07-05 23:45:47.850 I/MyFragmentStateAdapter( 9821): getCount
07-05 23:45:47.883 I/MyFragmentStateAdapter( 9821): getCount
07-05 23:45:47.921 I/MyFragmentStateAdapter( 9821): getCount
07-05 23:45:47.982 I/MyFragmentStateAdapter( 9821): getCount
07-05 23:45:48.035 I/MyFragmentStateAdapter( 9821): getCount
07-05 23:45:48.067 D/GlobalInputEventMonitoringService( 1733): interceptKeyBeforeQueueing(), event:20, mNeedMonitorKeyEvent:true, mWaitForKeyUpEvent:false
07-05 23:45:48.067 D/GlobalInputEventMonitoringService( 1733): processKeyEvent(), processKeyEvent event:20
07-05 23:45:48.067 D/WindowManager( 1733): interceptKeyTq keycode=20 interactive=true keyguardActive=false policyFlags=2b000000 isCancled= false
07-05 23:45:48.067 D/PowerManagerService( 1733): userActivityNoUpdateLocked: eventTime=18389638, event=1, flags=0x0, uid=1000
07-05 23:45:48.067 D/WindowManager( 1733): interceptKeyTi keyCode=20 down=true repeatCount=0 keyguardOn=false mHomePressed=false canceled=false
07-05 23:45:48.068 D/WindowManager( 1733): Hisense systemkey event: 20
07-05 23:45:48.068 D/HisenseGlobalKeyManager( 1733): handleGlobalKey() : Global event = KeyEvent { action=ACTION_DOWN, keyCode=KEYCODE_DPAD_DOWN, scanCode=0, metaState=0, flags=0x0, repeatCount=0, eventTime=18389638, downTime=18389638, deviceId=-1, source=0x101 }
07-05 23:45:48.069 D/SogouIME( 2203): [onKeyDown] keycode = 20 model = VIDAA_TV
07-05 23:45:48.070 D/Carousel-CarouselDisplayPlayerLayout( 9821): HasFocus:true,keyCode:20
07-05 23:45:48.070 D/Carousel-CarouselDisplayPlayerLayout( 9821): isFullScreen:false
07-05 23:45:48.070 D/Carousel-CarouselDisplayPlayerLayout( 9821): isFullScreen:false
07-05 23:45:48.070 I/HomeMainActivity( 9821): carousel handle key:false
07-05 23:45:48.070 I/MainHomeView( 9821): dispatchKeyEvent ACTION_DOWN now 
07-05 23:45:48.070 D/Carousel-CarouselDisplayPicLayout( 9821): keyCode=20
07-05 23:45:48.071 I/FirstLineAdapter( 9821): onCarouselKeyDown: output=true,event=KeyEvent { action=ACTION_DOWN, keyCode=KEYCODE_DPAD_DOWN, scanCode=0, metaState=0, flags=0x0, repeatCount=0, eventTime=18389638, downTime=18389638, deviceId=-1, source=0x101 }
07-05 23:45:48.071 I/HomeMainActivity( 9821): onKeyDown is 20
07-05 23:45:48.071 I/BaseContentFragment( 9821): setRowViewSelectedViewHolder{24b3c1c9 position=1 id=-1, oldPos=-1, pLpos:-1},isSelectedfalse
07-05 23:45:48.071 I/BaseContentFragment( 9821): setRowViewSelectedViewHolder{fcd987c position=2 id=-1, oldPos=-1, pLpos:-1},isSelectedtrue
07-05 23:45:48.073 I/RoleContentFragment( 9821): onChildSelected:2,lastPos=1
07-05 23:45:48.073 I/CurrentCarouselView( 9821): onCarouseControlCarouselControlBean{mShoudScroll=false, mActivityHasResume=false, mActivityHasStop=false, mHasTurnGone=false, mHasTurnVisible=false, mChannelId=0, mSlideOffset=0.0, mShouldSelectCenter=false, mTabOpen=false, mHoriPosStatus=None, mVerPosStatus=Out, mLevelStatus=None},isPlayingtrue,channelId=0
07-05 23:45:48.073 I/CurrentCarouselView( 9821): is the current page
07-05 23:45:48.074 I/CurrentCarouselView( 9821): stopPlay
07-05 23:45:48.076 D/Carousel-CarouselView( 9821): ============>onFocusChange=false
07-05 23:45:48.076 D/Carousel-CarouselDisplayPlayerLayout( 9821): isFullScreen:false
07-05 23:45:48.076 D/Carousel-CarouselView( 9821): isFullScreen:false,hasFocus:false
07-05 23:45:48.076 D/Carousel-CarouselView( 9821): ============>offset=-1441
07-05 23:45:48.076 D/Carousel-CarouselDisplayPlayerLayout( 9821): showPlayerWindowTip showable:false
07-05 23:45:48.083 I/ContentBridgeAdapterListener( 9821): onAddPresenter 3
07-05 23:45:48.085 D/GlobalInputEventMonitoringService( 1733): interceptKeyBeforeQueueing(), event:20, mNeedMonitorKeyEvent:true, mWaitForKeyUpEvent:false
07-05 23:45:48.085 D/GlobalInputEventMonitoringService( 1733): processKeyEvent(), processKeyEvent event:20
07-05 23:45:48.085 D/WindowManager( 1733): interceptKeyTq keycode=20 interactive=true keyguardActive=false policyFlags=2b000000 isCancled= false
07-05 23:45:48.085 D/WindowManager( 1733): interceptKeyTi keyCode=20 down=false repeatCount=0 keyguardOn=false mHomePressed=false canceled=false
07-05 23:45:48.085 D/WindowManager( 1733): Hisense systemkey event: 20
07-05 23:45:48.086 D/HisenseGlobalKeyManager( 1733): handleGlobalKey() : Global event = KeyEvent { action=ACTION_UP, keyCode=KEYCODE_DPAD_DOWN, scanCode=0, metaState=0, flags=0x0, repeatCount=0, eventTime=18389638, downTime=18389638, deviceId=-1, source=0x101 }
07-05 23:45:48.086 I/TVMW@HsTvSetting( 1234): Trace cmd, data = 0x1058
07-05 23:45:48.086 D/til@system( 2026): til_get_system_param option:100002F int:0, bool:0, ret:0
07-05 23:45:48.087 I/TVMW@HsTvSetting( 1234): Trace cmd, data = 0x101f
07-05 23:45:48.087 D/til@system( 2026): til_get_system_param option:100001D int:3, bool:3, ret:0
07-05 23:45:48.087 E/til     ( 2026): [til_get_current_input_source, 101] 
07-05 23:45:48.087 I/TVMW@HsTvSetting( 1234): Trace cmd, data = 0x7007
07-05 23:45:48.087 I/tilwrapper@sm( 2026): HS2TIL_SourceType *hs=0xd, *til=0x900
07-05 23:45:48.087 D/til     ( 2026): get current source 2304
07-05 23:45:48.087 D/SourceRemoteServiceHandler( 2026): getCurrentInputSource.from.til.result is 0, value is 2304
07-05 23:45:48.087 D/SourceRemoteServiceHandler( 2026): getInputSourceType source: 0x900, type=2304
07-05 23:45:48.087 D/til     ( 2026): ###### func:til_get_picture_param option:0x3000006 ######  
07-05 23:45:48.088 I/TVMW@HsTvSetting( 1234): Trace cmd, data = 0x1003
07-05 23:45:48.090 I/TVMW@HsTvSetting( 1234): Trace cmd, data = 0x8032
07-05 23:45:48.090 I/hstvos  ( 1216): [0m[1;33m[HSHAL][HS_VIDEO][HS_HAL_Video_SetOsdDetect_v2][2389]u16Threshold = 20
07-05 23:45:48.091 E/TVMW@videoctrl( 1234):  getOsd is 1
07-05 23:45:48.091 D/til@system( 2026): til_get_system_param option:1000027 int:1, bool:1, ret:0
07-05 23:45:48.091 D/til     ( 2026): ###### func:til_get_picture_param option:0x3000045 ######  
07-05 23:45:48.091 I/TVMW@HsTvSetting( 1234): Trace cmd, data = 0x300c
07-05 23:45:48.091 I/TVMW@HsTvSetting( 1234): Trace 3d, data = 0x300c
07-05 23:45:48.091 I/TVMW@3d ( 1234): Hs_debug3d_trace: func:get3dStatus, line:109
07-05 23:45:48.099 I/ContentBridgeAdapterListener( 9821): onCreate ViewHolder{19dbe497 position=-1 id=-1, oldPos=-1, pLpos:-1 unbound no parent}
07-05 23:45:48.099 I/BaseContentFragment( 9821): setUpSharedViewPoolViewHolder{19dbe497 position=-1 id=-1, oldPos=-1, pLpos:-1 unbound no parent}
07-05 23:45:48.099 I/BaseContentFragment( 9821): share view pool
07-05 23:45:48.100 I/BaseContentFragment( 9821): setRowViewSelectedViewHolder{19dbe497 position=-1 id=-1, oldPos=-1, pLpos:-1 unbound no parent},isSelectedfalse
07-05 23:45:48.101 I/head    ( 9821): item=com.hisense.tvui.newhome.presenter.TwoLineListRow@26108684
07-05 23:45:48.101 I/ContentBridgeAdapterListener( 9821): onBind 
07-05 23:45:48.105 I/ContentBridgeAdapterListener( 9821): onAttachedToWindow ViewHolder{19dbe497 position=3 id=-1, oldPos=-1, pLpos:-1}
07-05 23:45:48.110 I/CardSelectionPresenter( 9821): onCreateViewHoldercom.hisense.leanback.widget.HorizontalGridView{c1dae6d VFE..... ......I. 0,0-0,0 #7f0d038e app:id/row_content}
07-05 23:45:48.119 I/CardSelectionPresenter( 9821): onBindViewHolder
07-05 23:45:48.119 D/sloven  ( 9821): 1002---true
07-05 23:45:48.119 I/CardSelectionPresenter( 9821): width=390,height=220
07-05 23:45:48.145 D/hailongqiu( 9821): hailongqiu position:0
07-05 23:45:48.148 I/CardSelectionPresenter( 9821): onCreateViewHoldercom.hisense.leanback.widget.HorizontalGridView{c1dae6d VFE..... ......ID 0,0-1738,588 #7f0d038e app:id/row_content}
07-05 23:45:48.154 I/CardSelectionPresenter( 9821): onBindViewHolder
07-05 23:45:48.154 D/sloven  ( 9821): 1002---true
07-05 23:45:48.154 I/CardSelectionPresenter( 9821): width=390,height=220
07-05 23:45:48.158 I/CardSelectionPresenter( 9821): onCreateViewHoldercom.hisense.leanback.widget.HorizontalGridView{c1dae6d VFE..... ......ID 0,0-1738,588 #7f0d038e app:id/row_content}
07-05 23:45:48.163 I/CardSelectionPresenter( 9821): onBindViewHolder
07-05 23:45:48.163 D/sloven  ( 9821): 1002---true
07-05 23:45:48.163 I/CardSelectionPresenter( 9821): width=400,height=220
07-05 23:45:48.167 I/CardSelectionPresenter( 9821): onCreateViewHoldercom.hisense.leanback.widget.HorizontalGridView{c1dae6d VFE..... ......ID 0,0-1738,588 #7f0d038e app:id/row_content}
07-05 23:45:48.172 I/CardSelectionPresenter( 9821): onBindViewHolder
07-05 23:45:48.173 D/sloven  ( 9821): 1002---true
07-05 23:45:48.173 I/CardSelectionPresenter( 9821): width=400,height=220
07-05 23:45:48.176 I/CardSelectionPresenter( 9821): onCreateViewHoldercom.hisense.leanback.widget.HorizontalGridView{c1dae6d VFE..... ......ID 0,0-1738,588 #7f0d038e app:id/row_content}
07-05 23:45:48.182 I/CardSelectionPresenter( 9821): onBindViewHolder
07-05 23:45:48.182 D/sloven  ( 9821): 1002---true
07-05 23:45:48.182 I/CardSelectionPresenter( 9821): width=400,height=220
07-05 23:45:48.183 I/NetflixMonitorService( 1733): current fgapk : com.hisense.hicloud.edca
07-05 23:45:48.183 I/NetflixMonitorService( 1733): Netflix status unchanged
07-05 23:45:48.187 I/CardSelectionPresenter( 9821): onCreateViewHoldercom.hisense.leanback.widget.HorizontalGridView{c1dae6d VFE..... ......ID 0,0-1738,588 #7f0d038e app:id/row_content}
07-05 23:45:48.196 I/CardSelectionPresenter( 9821): onBindViewHolder
07-05 23:45:48.197 D/sloven  ( 9821): 1002---true
07-05 23:45:48.197 I/CardSelectionPresenter( 9821): width=400,height=220
07-05 23:45:48.201 I/CardSelectionPresenter( 9821): onCreateViewHoldercom.hisense.leanback.widget.HorizontalGridView{c1dae6d VFE..... ......ID 0,0-1738,588 #7f0d038e app:id/row_content}
07-05 23:45:48.206 I/CardSelectionPresenter( 9821): onBindViewHolder
07-05 23:45:48.207 D/sloven  ( 9821): 2005---false
07-05 23:45:48.207 D/sloven  ( 9821): 2005
07-05 23:45:48.207 I/CardSelectionPresenter( 9821): width=400,height=220
07-05 23:45:48.210 I/CardSelectionPresenter( 9821): onCreateViewHoldercom.hisense.leanback.widget.HorizontalGridView{c1dae6d VFE..... ......ID 0,0-1738,588 #7f0d038e app:id/row_content}
07-05 23:45:48.216 I/CardSelectionPresenter( 9821): onBindViewHolder
07-05 23:45:48.216 D/sloven  ( 9821): 2005---false
07-05 23:45:48.216 D/sloven  ( 9821): 2005
07-05 23:45:48.217 I/CardSelectionPresenter( 9821): width=400,height=220
07-05 23:45:48.219 I/CardSelectionPresenter( 9821): onCreateViewHoldercom.hisense.leanback.widget.HorizontalGridView{c1dae6d VFE..... ......ID 0,0-1738,588 #7f0d038e app:id/row_content}
07-05 23:45:48.226 I/CardSelectionPresenter( 9821): onBindViewHolder
07-05 23:45:48.226 D/sloven  ( 9821): 2005---false
07-05 23:45:48.226 D/sloven  ( 9821): 2005
07-05 23:45:48.227 I/CardSelectionPresenter( 9821): width=400,height=220
07-05 23:45:48.231 I/CardSelectionPresenter( 9821): onCreateViewHoldercom.hisense.leanback.widget.HorizontalGridView{c1dae6d VFE..... ......ID 0,0-1738,588 #7f0d038e app:id/row_content}
07-05 23:45:48.237 I/CardSelectionPresenter( 9821): onBindViewHolder
07-05 23:45:48.237 D/sloven  ( 9821): 2005---false
07-05 23:45:48.237 D/sloven  ( 9821): 2005
07-05 23:45:48.238 I/CardSelectionPresenter( 9821): width=400,height=220
07-05 23:45:48.242 I/MyFragmentStateAdapter( 9821): getCount
07-05 23:45:48.242 I/MyFragmentStateAdapter( 9821): getCount
07-05 23:45:48.242 I/MyFragmentStateAdapter( 9821): getCount
07-05 23:45:48.242 I/MyFragmentStateAdapter( 9821): getCount
07-05 23:45:48.243 I/FirstLineAdapter( 9821): canShowTrailer,isOffline=false
07-05 23:45:48.244 I/FirstLineAdapter( 9821): canShowTrailer,isOffline=false
07-05 23:45:48.244 I/FirstLineAdapter( 9821): canShowTrailer,isOffline=false
07-05 23:45:48.244 I/FirstLineAdapter( 9821): canShowTrailer,isOffline=false
07-05 23:45:48.244 I/FirstLineAdapter( 9821): canShowTrailer,isOffline=false
07-05 23:45:48.244 I/FirstLineAdapter( 9821): canShowTrailer,isOffline=false
07-05 23:45:48.244 I/FirstLineAdapter( 9821): canShowTrailer,isOffline=false
07-05 23:45:48.244 I/FirstLineAdapter( 9821): canShowTrailer,isOffline=false
07-05 23:45:48.244 I/FirstLineAdapter( 9821): canShowTrailer,isOffline=false
07-05 23:45:48.248 D/Carousel-CarouselView( 9821): ============>onScrollChanged hashCode:558015189
07-05 23:45:48.248 D/Carousel-CarouselDisplayPlayerLayout( 9821): isFullScreen:false
07-05 23:45:48.261 I/MyFragmentStateAdapter( 9821): getCount
07-05 23:45:48.268 I/TVMW@devctrl( 1234): wdt
07-05 23:45:48.294 I/MyFragmentStateAdapter( 9821): getCount
07-05 23:45:48.316 D/Carousel-CarouselDisplayPlayerLayout( 9821): HasFocus:false,keyCode:20
07-05 23:45:48.316 D/Carousel-CarouselDisplayPlayerLayout( 9821): isFullScreen:false
07-05 23:45:48.316 I/HomeMainActivity( 9821): carousel handle key:false
07-05 23:45:48.317 D/Carousel-CarouselView( 9821): setPosterAndStopPlay! hashCode=558015189, sWorkingHashCode=558015189
07-05 23:45:48.317 D/Carousel-CarouselDisplayPlayerLayout( 9821): isFullScreen:false
07-05 23:45:48.317 D/Carousel-Utils( 9821): displayImage view=android.widget.ImageView{2ef01db G.ED.... ........ 0,0-816,460 #7f0d0029 app:id/imageView1}
07-05 23:45:48.317 D/Carousel-Utils( 9821): displayImage url=http://picture.edu.hismarttv.com/images/20170629010146422927.jpg
07-05 23:45:48.318 D/Carousel-Utils( 9821): onResourceReady.
07-05 23:45:48.320 D/Carousel-Utils( 9821): displayImage view=android.widget.ImageView{3179d4b2 G.ED.... ........ 0,0-816,460 #7f0d0029 app:id/imageView1}
07-05 23:45:48.320 D/Carousel-Utils( 9821): displayImage url=http://picture.edu.hismarttv.com/images/20170629010146422927.jpg
07-05 23:45:48.320 D/Carousel-Utils( 9821): onResourceReady.
07-05 23:45:48.322 D/Carousel-CarouselDisplayPlayerLayout( 9821): isFullScreen:false
07-05 23:45:48.330 V/InputMethodService( 2203): startInput(): editor=android.view.inputmethod.EditorInfo@221c4132
07-05 23:45:48.330 D/Carousel-CarouselDisplayPlayerLayout( 9821): x=380, y=133,w=892,h=536, hashCode=893665721
07-05 23:45:48.330 V/InputMethodService( 2203): CALL: onFinishInput
07-05 23:45:48.330 D/Carousel-CarouselDisplayPlayerLayout( 9821): mX=380, mY=167,mWitdh=892,mHeight=536, hashCode=893665721
07-05 23:45:48.330 D/Carousel-CarouselDisplayPlayerLayout( 9821): changed=true, hashCode=893665721
07-05 23:45:48.330 D/Carousel-Utils( 9821): x=380,y=133, width=892,height=536
07-05 23:45:48.330 D/Carousel-CarouselView( 9821): OnScrollStart DisplayPlayerLayout isnot shown return.
07-05 23:45:48.332 E/SOGOUIME_JNI( 2203): reset
07-05 23:45:48.332 E/SOGOUIME_JNI( 2203): getCandidates
07-05 23:45:48.332 E/SOGOUIME_JNI( 2203): ime_get_uncommitted_length
07-05 23:45:48.333 E/SOGOUIME_JNI( 2203): getCandidates
07-05 23:45:48.333 D/SogouIME API( 2203): ==============num:32
07-05 23:45:48.333 E/SOGOUIME_JNI( 2203): ime_get_uncommitted_length
07-05 23:45:48.333 D/SogouIME( 2203): mFocusedComponent:30   isHkbEnable:false
07-05 23:45:48.333 E/SOGOUIME_JNI( 2203): ime_get_uncommitted_length
07-05 23:45:48.333 E/SOGOUIME_JNI( 2203): ime_get_committed_length
07-05 23:45:48.333 E/SOGOUIME_JNI( 2203): getComposingInfo
07-05 23:45:48.333 E/SOGOUIME_JNI( 2203): getComposingInfo
07-05 23:45:48.333 E/SOGOUIME_JNI( 2203): getCorrectInfo
07-05 23:45:48.333 E/SOGOUIME_JNI( 2203): getComposingInfo
07-05 23:45:48.334 V/InputMethodService( 2203): CALL: onStartInput
07-05 23:45:48.334 E/SOGOUIME_JNI( 2203): invalidateCommitWordPinyinNative
07-05 23:45:48.335 D/SogouIME( 2203): =====configKeyboard=======:false     false
07-05 23:45:48.335 E/SOGOUIME_JNI( 2203): ime_set_hard_kb_enable
07-05 23:45:48.335 I/ContentBridgeAdapterListener( 9821): onDetachedFromWindow ViewHolder{2ef72cd2 position=0 id=-1, oldPos=-1, pLpos:-1}
07-05 23:45:48.336 I/MyFragmentStateAdapter( 9821): getCount
07-05 23:45:48.336 I/MyFragmentStateAdapter( 9821): getCount
07-05 23:45:48.337 I/MyFragmentStateAdapter( 9821): getCount
07-05 23:45:48.337 I/MyFragmentStateAdapter( 9821): getCount
07-05 23:45:48.339 D/Surface ( 1733): onStatusChange() : mNativeObject = 547942789120 mUseImageHwRender = false
07-05 23:45:48.339 V/Surface ( 1733): nativeSetHardwareRender() : status = 0
07-05 23:45:48.339 V/Surface ( 1733): nativeSetHardwareRender() : end
07-05 23:45:48.341 D/PowerManagerService( 1733): releaseWakeLockInternal: lock=487931605 [WindowManager], flags=0x0
07-05 23:45:48.341 D/PowerManagerNotifier( 1733): onWakeLockReleased: flags=536870922, tag="WindowManager", packageName=android, ownerUid=1000, ownerPid=1733, workSource=WorkSource{10010}
07-05 23:45:48.341 D/PowerManagerService( 1733): userActivityNoUpdateLocked: eventTime=18389913, event=0, flags=0x1, uid=1000
07-05 23:45:48.341 D/PowerManagerService( 1733): setScreenBrightnessOverrideFromWindowManagerInternal done
07-05 23:45:48.344 D/Surface ( 1733): onStatusChange() : mNativeObject = 0 mUseImageHwRender = false
07-05 23:45:48.345 I/FirstLineAdapter( 9821): canShowTrailer,isOffline=false
07-05 23:45:48.345 I/FirstLineAdapter( 9821): canShowTrailer,isOffline=false
07-05 23:45:48.345 I/FirstLineAdapter( 9821): canShowTrailer,isOffline=false
07-05 23:45:48.345 I/FirstLineAdapter( 9821): canShowTrailer,isOffline=false
07-05 23:45:48.345 I/FirstLineAdapter( 9821): canShowTrailer,isOffline=false
07-05 23:45:48.345 I/FirstLineAdapter( 9821): canShowTrailer,isOffline=false
07-05 23:45:48.345 I/FirstLineAdapter( 9821): canShowTrailer,isOffline=false
07-05 23:45:48.346 I/FirstLineAdapter( 9821): canShowTrailer,isOffline=false
07-05 23:45:48.346 I/FirstLineAdapter( 9821): canShowTrailer,isOffline=false
07-05 23:45:48.350 D/Carousel-CarouselView( 9821): ============>onScrollChanged hashCode:558015189
07-05 23:45:48.350 D/Carousel-CarouselDisplayPlayerLayout( 9821): isFullScreen:false
07-05 23:45:48.353 I/MyFragmentStateAdapter( 9821): getCount
07-05 23:45:48.362 D/Carousel-CarouselDisplayPlayerLayout( 9821): x=380, y=-183,w=892,h=536, hashCode=893665721
07-05 23:45:48.362 D/Carousel-CarouselDisplayPlayerLayout( 9821): mX=380, mY=133,mWitdh=892,mHeight=536, hashCode=893665721
07-05 23:45:48.362 D/Carousel-CarouselDisplayPlayerLayout( 9821): changed=true, hashCode=893665721
07-05 23:45:48.362 D/Carousel-Utils( 9821): x=380,y=-183, width=892,height=536
07-05 23:45:48.363 D/Carousel-CarouselView( 9821): onWindowOutScreen!
07-05 23:45:48.382 D/Carousel-CarouselView( 9821): ============>onScrollChanged hashCode:558015189
07-05 23:45:48.382 D/Carousel-CarouselDisplayPlayerLayout( 9821): isFullScreen:false
07-05 23:45:48.467 D/Carousel-CarouselDisplayPlayerLayout( 9821): x=380, y=-185,w=892,h=536, hashCode=893665721
07-05 23:45:48.467 D/Carousel-CarouselDisplayPlayerLayout( 9821): mX=380, mY=-183,mWitdh=892,mHeight=536, hashCode=893665721
07-05 23:45:48.467 D/Carousel-CarouselDisplayPlayerLayout( 9821): changed=true, hashCode=893665721
07-05 23:45:48.468 D/Carousel-Utils( 9821): x=380,y=-185, width=892,height=536
07-05 23:45:48.468 D/Carousel-CarouselView( 9821): setPosterAndStopPlay! hashCode=558015189, sWorkingHashCode=558015189
07-05 23:45:48.468 D/Carousel-CarouselDisplayPlayerLayout( 9821): isFullScreen:false
07-05 23:45:48.469 D/Carousel-Utils( 9821): displayImage view=android.widget.ImageView{2ef01db V.ED.... ........ 0,0-816,460 #7f0d0029 app:id/imageView1}
07-05 23:45:48.469 D/Carousel-Utils( 9821): displayImage url=http://picture.edu.hismarttv.com/images/20170629010146422927.jpg
07-05 23:45:48.469 D/Carousel-Utils( 9821): onResourceReady.
07-05 23:45:48.470 D/Carousel-Utils( 9821): displayImage view=android.widget.ImageView{3179d4b2 V.ED.... ......ID 0,0-816,460 #7f0d0029 app:id/imageView1}
07-05 23:45:48.470 D/Carousel-Utils( 9821): displayImage url=http://picture.edu.hismarttv.com/images/20170629010146422927.jpg
07-05 23:45:48.470 D/Carousel-Utils( 9821): onResourceReady.
07-05 23:45:48.470 D/Carousel-CarouselDisplayPlayerLayout( 9821): isFullScreen:false
07-05 23:45:48.470 D/Carousel-CarouselDisplayPlayerLayout( 9821): x=380, y=-185,w=892,h=536, hashCode=893665721
07-05 23:45:48.470 D/Carousel-CarouselDisplayPlayerLayout( 9821): mX=380, mY=-185,mWitdh=892,mHeight=536, hashCode=893665721
07-05 23:45:48.470 D/Carousel-CarouselDisplayPlayerLayout( 9821): changed=false, hashCode=893665721
07-05 23:45:48.470 D/Carousel-CarouselDisplayPlayerLayout( 9821): extraTryCount=0
07-05 23:45:48.504 D/Carousel-CarouselDisplayPlayerLayout( 9821): x=380, y=-185,w=892,h=536, hashCode=893665721
07-05 23:45:48.504 D/Carousel-CarouselDisplayPlayerLayout( 9821): mX=380, mY=-185,mWitdh=892,mHeight=536, hashCode=893665721
07-05 23:45:48.504 D/Carousel-CarouselDisplayPlayerLayout( 9821): changed=false, hashCode=893665721
07-05 23:45:48.504 D/Carousel-CarouselDisplayPlayerLayout( 9821): extraTryCount=1
07-05 23:45:48.508 D/CardItemView( 9821): handleFocus subtile===>:
07-05 23:45:48.510 I/MyFragmentStateAdapter( 9821): getCount
07-05 23:45:48.510 I/MyFragmentStateAdapter( 9821): getCount
07-05 23:45:48.510 I/MyFragmentStateAdapter( 9821): getCount
07-05 23:45:48.510 I/MyFragmentStateAdapter( 9821): getCount
07-05 23:45:48.511 I/FirstLineAdapter( 9821): canShowTrailer,isOffline=false
07-05 23:45:48.511 I/FirstLineAdapter( 9821): canShowTrailer,isOffline=false
07-05 23:45:48.511 I/FirstLineAdapter( 9821): canShowTrailer,isOffline=false
07-05 23:45:48.511 I/FirstLineAdapter( 9821): canShowTrailer,isOffline=false
07-05 23:45:48.511 I/FirstLineAdapter( 9821): canShowTrailer,isOffline=false
07-05 23:45:48.511 I/FirstLineAdapter( 9821): canShowTrailer,isOffline=false
07-05 23:45:48.511 I/FirstLineAdapter( 9821): canShowTrailer,isOffline=false
07-05 23:45:48.512 I/FirstLineAdapter( 9821): canShowTrailer,isOffline=false
07-05 23:45:48.512 I/FirstLineAdapter( 9821): canShowTrailer,isOffline=false
07-05 23:45:48.513 D/HttpHandler( 9821): VerifySignInterCeptor-->request.url()=http://picture.edu.hismarttv.com/images/20170628233246121281.jpg
07-05 23:45:48.513 D/HttpHandler( 9821): VerifySignInterCeptor-->hostname=picture.edu.hismarttv.com
07-05 23:45:48.518 D/HttpHandler( 9821): VerifySignInterCeptor-->request.url()=http://picture.edu.hismarttv.com/images/20170630060938851994.jpg
07-05 23:45:48.518 D/HttpHandler( 9821): VerifySignInterCeptor-->hostname=picture.edu.hismarttv.com
07-05 23:45:48.520 D/OkHttp  ( 9821): --> GET http://picture.edu.hismarttv.com/images/20170628233246121281.jpg http/1.1
07-05 23:45:48.520 D/OkHttp  ( 9821): Host: picture.edu.hismarttv.com
07-05 23:45:48.520 I/MyFragmentStateAdapter( 9821): getCount
07-05 23:45:48.520 D/OkHttp  ( 9821): Connection: Keep-Alive
07-05 23:45:48.522 D/OkHttp  ( 9821): Accept-Encoding: gzip
07-05 23:45:48.522 D/OkHttp  ( 9821): User-Agent: okhttp/3.6.0
07-05 23:45:48.522 D/OkHttp  ( 9821): --> END GET
07-05 23:45:48.524 D/OkHttp  ( 9821): --> GET http://picture.edu.hismarttv.com/images/20170630060938851994.jpg http/1.1
07-05 23:45:48.524 D/OkHttp  ( 9821): Host: picture.edu.hismarttv.com
07-05 23:45:48.524 D/OkHttp  ( 9821): Connection: Keep-Alive
07-05 23:45:48.524 D/OkHttp  ( 9821): Accept-Encoding: gzip
07-05 23:45:48.524 D/OkHttp  ( 9821): User-Agent: okhttp/3.6.0
07-05 23:45:48.524 D/OkHttp  ( 9821): --> END GET
07-05 23:45:48.525 D/HttpHandler( 9821): VerifySignInterCeptor-->request.url()=http://picture.edu.hismarttv.com/images/20170629/%E6%B3%A1%E6%B3%A1%E8%8B%B1%E8%AF%AD.jpg
07-05 23:45:48.525 D/HttpHandler( 9821): VerifySignInterCeptor-->hostname=picture.edu.hismarttv.com
07-05 23:45:48.527 D/HttpHandler( 9821): HttpDNS-->hostname=picture.edu.hismarttv.com
07-05 23:45:48.527 D/HttpHandler( 9821): VerifySignInterCeptor-->request.url()=http://picture.edu.hismarttv.com/images/20170630035014817721.jpg
07-05 23:45:48.527 D/HttpHandler( 9821): VerifySignInterCeptor-->hostname=picture.edu.hismarttv.com
07-05 23:45:48.528 D/Carousel-CarouselDisplayPlayerLayout( 9821): x=380, y=-185,w=892,h=536, hashCode=893665721
07-05 23:45:48.528 D/Carousel-CarouselDisplayPlayerLayout( 9821): mX=380, mY=-185,mWitdh=892,mHeight=536, hashCode=893665721
07-05 23:45:48.528 D/Carousel-CarouselDisplayPlayerLayout( 9821): changed=false, hashCode=893665721
07-05 23:45:48.528 D/Carousel-CarouselDisplayPlayerLayout( 9821): extraTryCount=2
07-05 23:45:48.528 D/Carousel-CarouselDisplayPlayerLayout( 9821): x=380, y=-185,w=892,h=536, hashCode=893665721
07-05 23:45:48.528 D/Carousel-CarouselDisplayPlayerLayout( 9821): mX=380, mY=-185,mWitdh=892,mHeight=536, hashCode=893665721
07-05 23:45:48.528 D/Carousel-CarouselDisplayPlayerLayout( 9821): changed=false, hashCode=893665721
07-05 23:45:48.528 D/Carousel-CarouselDisplayPlayerLayout( 9821): extraTryCount=3
07-05 23:45:48.530 D/HttpHandler( 9821): RAMCache-->hostInfo.getClientTimeStamp()=18378070
07-05 23:45:48.530 D/HttpHandler( 9821): RAMCache-->hostInfo.getTtl()=300
07-05 23:45:48.530 D/HttpHandler( 9821): RAMCache-->SystemClock.elapsedRealtime()=18390102
07-05 23:45:48.530 D/Carousel-CarouselDisplayPlayerLayout( 9821): x=380, y=-185,w=892,h=536, hashCode=893665721
07-05 23:45:48.530 D/Carousel-CarouselDisplayPlayerLayout( 9821): mX=380, mY=-185,mWitdh=892,mHeight=536, hashCode=893665721
07-05 23:45:48.530 D/Carousel-CarouselDisplayPlayerLayout( 9821): changed=false, hashCode=893665721
07-05 23:45:48.530 D/Carousel-CarouselDisplayPlayerLayout( 9821): extraTryCount=4
07-05 23:45:48.531 D/HttpHandler( 9821): HttpDNS-->hostname=picture.edu.hismarttv.com
07-05 23:45:48.537 D/HttpHandler( 9821): DNSHelper-->gslbDns=["153.35.175.121","220.202.77.124","153.35.175.120","125.46.22.134","36.33.158.222","218.58.206.58","123.128.14.209"]
07-05 23:45:48.536 D/HttpHandler( 9821): RAMCache-->hostInfo.getClientTimeStamp()=18378070
07-05 23:45:48.541 D/Carousel-CarouselDisplayPlayerLayout( 9821): x=380, y=-185,w=892,h=536, hashCode=893665721
07-05 23:45:48.541 D/Carousel-CarouselDisplayPlayerLayout( 9821): mX=380, mY=-185,mWitdh=892,mHeight=536, hashCode=893665721
07-05 23:45:48.541 D/Carousel-CarouselDisplayPlayerLayout( 9821): changed=false, hashCode=893665721
07-05 23:45:48.541 D/Carousel-CarouselDisplayPlayerLayout( 9821): extraTryCount=5
07-05 23:45:48.551 D/OkHttp  ( 9821): <-- 200 OK http://picture.edu.hismarttv.com/images/20170628233246121281.jpg (28ms)
07-05 23:45:48.551 D/OkHttp  ( 9821): Date: Tue, 04 Jul 2017 05:48:32 GMT
07-05 23:45:48.551 D/OkHttp  ( 9821): Server: nginx
07-05 23:45:48.551 D/OkHttp  ( 9821): Content-Type: image/jpeg
07-05 23:45:48.551 D/OkHttp  ( 9821): Content-Length: 50603
07-05 23:45:48.551 D/OkHttp  ( 9821): Last-Modified: Wed, 28 Jun 2017 23:32:46 GMT
07-05 23:45:48.551 D/OkHttp  ( 9821): ETag: "59543c9e-c5ab"
07-05 23:45:48.551 D/OkHttp  ( 9821): Accept-Ranges: bytes
07-05 23:45:48.551 D/OkHttp  ( 9821): Age: 122236
07-05 23:45:48.551 D/OkHttp  ( 9821): Via: 1.1 zhiwtong176:0 (Cdn Cache Server V2.0)[0 200 0], 1.1 angtong92:5 (Cdn Cache Server V2.0)[0 200 0]
07-05 23:45:48.551 D/OkHttp  ( 9821): Connection: keep-alive
07-05 23:45:48.551 D/OkHttp  ( 9821): <-- END HTTP
07-05 23:45:48.553 D/Carousel-CarouselDisplayPlayerLayout( 9821): x=380, y=-185,w=892,h=536, hashCode=893665721
07-05 23:45:48.553 D/Carousel-CarouselDisplayPlayerLayout( 9821): mX=380, mY=-185,mWitdh=892,mHeight=536, hashCode=893665721
07-05 23:45:48.553 D/Carousel-CarouselDisplayPlayerLayout( 9821): changed=false, hashCode=893665721
07-05 23:45:48.554 D/Carousel-CarouselDisplayPlayerLayout( 9821): extraTryCount=6
07-05 23:45:48.554 D/Carousel-CarouselDisplayPlayerLayout( 9821): x=380, y=-185,w=892,h=536, hashCode=893665721
07-05 23:45:48.554 D/Carousel-CarouselDisplayPlayerLayout( 9821): mX=380, mY=-185,mWitdh=892,mHeight=536, hashCode=893665721
07-05 23:45:48.554 D/Carousel-CarouselDisplayPlayerLayout( 9821): changed=false, hashCode=893665721
07-05 23:45:48.554 D/Carousel-CarouselDisplayPlayerLayout( 9821): extraTryCount=7
07-05 23:45:48.555 D/HttpHandler( 9821): RetryIntercepter-->retryNum=0
07-05 23:45:48.556 D/PowerManagerService( 1733): acquireWakeLockInternal: lock=113832109, flags=0x1, tag="NetworkStats", ws=null, uid=1000, pid=1733
