07-05 22:20:55.007 D/CLog    (26786): 
07-05 22:20:55.007 D/CLog    (26786): Hardware	: Muji
07-05 22:20:55.007 D/CLog    (26786): Revision	: 0000
07-05 22:20:55.007 D/CLog    (26786): Serial		: 0000000000000000
07-05 22:20:55.007 D/CLog    (26786): 
07-05 22:20:55.007 D/CLog    (26786): cpuinfo hardware is Muji
07-05 22:20:55.008 D/TVWhiteList(26786): requested URL key = tv-{model-[VIDAA_TV]|cpuinfo-[Muji]}, default = tv-{cpuinfo-[Muji]}, productname-[VIDAA_TV]
07-05 22:20:55.008 D/TVWhiteList(26786): requested URL = http://puma.api.ptqy.gitv.tv/kestrel/fetch?key=tv-%7Bmodel-%5BVIDAA_TV%5D%7Ccpuinfo-%5BMuji%5D%7D&default_key=tv-%7Bcpuinfo-%5BMuji%5D%7D
07-05 22:20:55.014 D/TVWhiteList(26786): WhiteList server IP: 119.188.147.32
07-05 22:20:55.023 V/PackageManager( 1733): getPackageInfo com.hisense.hicloud.edca: Package{3fb3f3a1 com.hisense.hicloud.edca}
07-05 22:20:55.024 I/WebcastSDK-(26786): getAppVersionName(), versionName = 3.0.0.9.00
07-05 22:20:55.048 I/TVWhiteList(26786): strRes = {"code":"A00000","default_key":"tv-{cpuinfo-[Muji]}","default_value":"","key":"tv-{model-[VIDAA_TV]|cpuinfo-[Muji]}","value":"[{\"result\": {\"vod_dolby\": -1,\"vod_h265\": -1,\"vod_h264_4k_plus\": -1,\"vod_h264_jisu_2k\": 1,\"livenet_H264_4k_plus\": -1,\"livenet_H264_jisu_2k\": 1,\"livenet_h265\": -1,\"qixiu\": 0,\"highest_bs\": 19,\"lowest_bs\": 1,\"local_server_config\": \"\", \"other\": \"\"}},{\"version\":3005,\"result\": {\"vod_dolby\": -1,\"vod_h265\": -1,\"vod_h264_4k_plus\": -1,\"vod_h264_jisu_2k\": -1,\"livenet_H264_4k_plus\": -1,\"livenet_H264_jisu_2k\": -1,\"livenet_h265\": -1,\"qixiu\": 0,\"highest_bs\": 19,\"lowest_bs\": 1,\"local_server_config\": \"\", \"other\": \"\"}},{\"version\":3008,\"result\": {\"vod_dolby\": -1,\"vod_h265\": -1,\"vod_h264_4k_plus\": -1,\"vod_h264_jisu_2k\": 1,\"livenet_H264_jisu_2k\": 1,\"qixiu\": 0,\"highest_bs\": 19,\"lowest_bs\": 1,\"local_server_config\": \"{\\\"start_mode\\\": 1}\", \"other\": \"\"}}]"}
07-05 22:20:55.049 I/TVWhiteList(26786): use white list version whitev 3000
07-05 22:20:55.049 I/TVWhiteList(26786): use white list version whitev 3005
07-05 22:20:55.049 I/TVWhiteList(26786): use white list version whitev 3008
07-05 22:20:55.050 I/MyFragmentStateAdapter(26786): getCount
07-05 22:20:55.051 D/Player/Player/NativePlayerUtils(26786): [TID 26927] loadWhiteListSync(), white list fetched: {"SupportDolby":false,"SupportH265":false,"Support4K":false,"SupportLive":true}
07-05 22:20:55.051 D/Player/Player/NativePlayerUtils(26786): [TID 26927] parseWhiteListJson(jsonString:{"SupportDolby":false,"SupportH265":false,"Support4K":false,"SupportLive":true})
07-05 22:20:55.051 D/Player/Player/NativePlayerUtils(26786): [TID 26927] parseWhiteListJson, normal:true,h265:false,dolby:false,bs4K:false
07-05 22:20:55.051 D/Player/Player/NativePlayerUtils(26786): [TID 26817] << loadWhiteListSync()
07-05 22:20:55.052 D/Player/Lib/Utils/PlayerDebugUtils(26786): [TID 26817] initialize, allowDebug: false
07-05 22:20:55.052 D/CLog    (26786): cpuinfo_len is (370):
07-05 22:20:55.052 D/CLog    (26786): Processor	: AArch64 Processor rev 3 (aarch64)
07-05 22:20:55.052 D/CLog    (26786): processor	: 0
07-05 22:20:55.052 D/CLog    (26786): processor	: 1
07-05 22:20:55.052 D/CLog    (26786): processor	: 2
07-05 22:20:55.052 D/CLog    (26786): processor	: 3
07-05 22:20:55.052 D/CLog    (26786): Features	: fp asimd aes pmull sha1 sha2 crc32 wp half thumb fastmult vfp edsp neon vfpv3 tlsi vfpv4 idiva idivt 
07-05 22:20:55.052 D/CLog    (26786): CPU implementer	: 0x41
07-05 22:20:55.052 D/CLog    (26786): CPU architecture: 8
07-05 22:20:55.052 D/CLog    (26786): CPU variant	: 0x0
07-05 22:20:55.052 D/CLog    (26786): CPU part	: 0xd03
07-05 22:20:55.052 D/CLog    (26786): CPU revision	: 3
07-05 22:20:55.052 D/CLog    (26786): 
07-05 22:20:55.052 D/CLog    (26786): Hardware	: Muji
07-05 22:20:55.052 D/CLog    (26786): Revision	: 0000
07-05 22:20:55.052 D/CLog    (26786): Serial		: 0000000000000000
07-05 22:20:55.052 D/CLog    (26786): 
07-05 22:20:55.052 D/CLog    (26786): cpuinfo hardware is Muji
07-05 22:20:55.052 I/TVWhiteList(26786): longyUrl = http://msg.71.am/v5/core/bmd?t=pfmc&success=1&tm1=34&bgv=3.0&tv_device=VIDAA_TV-4-Muji-22-Hisense&isadapted=1&krv=3.8.3
07-05 22:20:55.057 D/PlayerSdk/PlayerSdkProject(26786): [TID 26817] initPingback
07-05 22:20:55.057 W/System.err(26786): com.qiyi.video.api.ApiException
07-05 22:20:55.063 W/System.err(26786): 	at com.qiyi.tvapi.tv2.a$3.onSuccess(SourceFile:204)
07-05 22:20:55.063 W/System.err(26786): 	at com.qiyi.video.api.a.d.b(SourceFile:105)
07-05 22:20:55.063 W/System.err(26786): 	at com.qiyi.video.api.a.d.a(SourceFile:129)
07-05 22:20:55.063 W/System.err(26786): 	at com.qiyi.tvapi.tv2.a$1.a(SourceFile:102)
07-05 22:20:55.063 W/System.err(26786): 	at com.qiyi.tvapi.tv2.b.c.a(SourceFile:155)
07-05 22:20:55.063 W/System.err(26786): 	at com.qiyi.tvapi.tv2.a.a(SourceFile:95)
07-05 22:20:55.063 W/System.err(26786): 	at com.qiyi.tvapi.tv2.a.callSync(SourceFile:54)
07-05 22:20:55.063 W/System.err(26786): 	at com.qiyi.sdk.plugin.server.upgrade.UpgradeManager.checkUpgrades(SourceFile:60)
07-05 22:20:55.063 W/System.err(26786): 	at com.qiyi.sdk.plugin.server.core.PluginHelper$TimerHandler.checkAllUpgrade(SourceFile:362)
07-05 22:20:55.063 W/System.err(26786): 	at com.qiyi.sdk.plugin.server.core.PluginHelper$TimerHandler.handleMessage(SourceFile:339)
07-05 22:20:55.063 W/System.err(26786): 	at android.os.Handler.dispatchMessage(Handler.java:102)
07-05 22:20:55.063 W/System.err(26786): 	at android.os.Looper.loop(Looper.java:135)
07-05 22:20:55.063 W/System.err(26786): 	at android.os.HandlerThread.run(HandlerThread.java:61)
07-05 22:20:55.064 W/UpgradeManager(26786): moduleUpdate() onException!! exception=com.qiyi.video.api.ApiException
07-05 22:20:55.064 I/System.out(26786): <TVAPI> ERROR(id=2, moduleUpdate, response_time = 192ms): call error. data = {"msg":"\nE000012","code":"E000012","data":[]}
07-05 22:20:55.064 W/System.err(26786): com.qiyi.video.api.ApiException
07-05 22:20:55.064 W/System.err(26786): 	at com.qiyi.tvapi.tv2.a$3.onSuccess(SourceFile:204)
07-05 22:20:55.064 W/System.err(26786): 	at com.qiyi.video.api.a.d.b(SourceFile:105)
07-05 22:20:55.064 W/System.err(26786): 	at com.qiyi.video.api.a.d.a(SourceFile:129)
07-05 22:20:55.064 W/System.err(26786): 	at com.qiyi.tvapi.tv2.a$1.a(SourceFile:102)
07-05 22:20:55.064 W/System.err(26786): 	at com.qiyi.tvapi.tv2.b.c.a(SourceFile:155)
07-05 22:20:55.064 W/System.err(26786): 	at com.qiyi.tvapi.tv2.a.a(SourceFile:95)
07-05 22:20:55.064 W/System.err(26786): 	at com.qiyi.tvapi.tv2.a.callSync(SourceFile:54)
07-05 22:20:55.064 W/System.err(26786): 	at com.qiyi.sdk.plugin.server.upgrade.UpgradeManager.checkUpgrades(SourceFile:60)
07-05 22:20:55.064 W/System.err(26786): 	at com.qiyi.sdk.plugin.server.core.PluginHelper$TimerHandler.checkAllUpgrade(SourceFile:362)
07-05 22:20:55.064 W/System.err(26786): 	at com.qiyi.sdk.plugin.server.core.PluginHelper$TimerHandler.handleMessage(SourceFile:339)
07-05 22:20:55.064 W/System.err(26786): 	at android.os.Handler.dispatchMessage(Handler.java:102)
07-05 22:20:55.064 W/System.err(26786): 	at android.os.Looper.loop(Looper.java:135)
07-05 22:20:55.064 W/System.err(26786): 	at android.os.HandlerThread.run(HandlerThread.java:61)
07-05 22:20:55.065 W/PluginHelper(26786): checkAllUpgrade>>() return true
07-05 22:20:55.065 W/StorageManager(26786): loadLastUpgradeTime<<(upgradeTime=1499264454859)
07-05 22:20:55.065 W/StorageStub@193d3924(26786): saveLastUpgradeTime<<(upgradeTime=1499264454859)
07-05 22:20:55.065 W/StorageStub@193d3924(26786): saveLastUpgradeTime>>()
07-05 22:20:55.065 W/StorageManager(26786): loadLastUpgradeTime>>()
07-05 22:20:55.065 W/PluginHelper(26786): handleMessage>>()
07-05 22:20:55.067 D/NativeDecimalFormat(26786): NativeDecimalFormat_close print addr=3997602048
07-05 22:20:55.067 D/NativeDecimalFormat(26786): NativeDecimalFormat_close print g_addr=3997602048
07-05 22:20:55.068 I/art     (26786): Background sticky concurrent mark sweep GC freed 34846(2MB) AllocSpace objects, 12(192KB) LOS objects, 5% free, 36MB/38MB, paused 6.757ms total 96.256ms
07-05 22:20:55.069 I/MiSysSrv( 1214): [37m[INFO] Change to Voltage: 117 mv (0x32)[m
07-05 22:20:55.083 I/CurrentCarouselView(26786): real play
07-05 22:20:55.088 E/NetworkManager(26786): [TID 26924] << request(http://www.baidu.com, 13296534): connect internet failed, url=http://www.baidu.com
07-05 22:20:55.089 D/NetworkManager(26786): [TID 26923] tryConnectFirst: result=false, time consumed=127ms
07-05 22:20:55.089 D/NetworkManager(26786): [TID 26923] >> getRequestTask(http://www.qq.com)
07-05 22:20:55.089 D/NetworkManager(26786): [TID 26924] >> request(http://www.qq.com, 13296660)
07-05 22:20:55.090 D/NetworkManager(26786): [TID 26924] request(http://www.qq.com, 13296660): openConnection
07-05 22:20:55.108 I/System.out(26786): <TVAPI> DEBUG(TVApiProperty): read passport-device-id=tv_69b1ef544cadbb86e8f28950ece1c76a_1167652938875
07-05 22:20:55.111 D/NetworkManager(26786): [TID 26923] getRequestTask(http://www.qq.com): current pool size=2, queue=[]
07-05 22:20:55.112 D/NetworkManager(26786): [TID 26923] getRequestTask(http://www.qq.com): submitted task={java.util.concurrent.FutureTask@bc5f64b, 13296660}
07-05 22:20:55.112 D/NetworkManager(26786): [TID 26923] << getRequestTask(http://www.qq.com): returned task=java.util.concurrent.FutureTask@bc5f64b
07-05 22:20:55.112 D/NetworkManager(26786): [TID 26923] >> getRequestTask(http://www.iqiyi.com)
07-05 22:20:55.117 I/TVWhiteList(26786): strRes = 
07-05 22:20:55.117 D/Carousel-CarouselView(26786): clearPosterAndPlay! hashCode=105475394, sWorkingHashCode=0
07-05 22:20:55.118 D/pingbacklog/getHardwareInfo(26786): getHardwareInfo: info=muji
07-05 22:20:55.118 D/Carousel-CarouselView(26786): mListView.getAdapter()=com.hisense.hitv.carouselwidgit.view.adapter.CarouselInfoListAdapter@2fad3941
07-05 22:20:55.118 D/Carousel-CarouselView(26786): Last playing position:-1
07-05 22:20:55.118 D/NetworkManager(26786): [TID 26923] getRequestTask(http://www.iqiyi.com): current pool size=3, queue=[]
07-05 22:20:55.118 D/Carousel-CarouselView(26786): position=1
07-05 22:20:55.118 D/NetworkManager(26786): [TID 26923] getRequestTask(http://www.iqiyi.com): submitted task={java.util.concurrent.FutureTask@1d795ee6, 13296684}
07-05 22:20:55.118 D/Carousel-CarouselView(26786): Last play position:1,size:3
07-05 22:20:55.118 D/NetworkManager(26786): [TID 26923] << getRequestTask(http://www.iqiyi.com): returned task=java.util.concurrent.FutureTask@1d795ee6
07-05 22:20:55.118 D/NetworkManager(26786): [TID 26923] >> getRequestTask(http://www.163.com)
07-05 22:20:55.120 D/AudioSystem(26786): Setting global gAudioPortCallback On refCnt: 1
07-05 22:20:55.121 D/NetworkManager(26786): [TID 26923] getRequestTask(http://www.163.com): current pool size=4, queue=[]
07-05 22:20:55.121 D/NetworkManager(26786): [TID 26923] getRequestTask(http://www.163.com): submitted task={java.util.concurrent.FutureTask@35d3287d, 13296690}
07-05 22:20:55.122 D/NetworkManager(26786): [TID 26923] << getRequestTask(http://www.163.com): returned task=java.util.concurrent.FutureTask@35d3287d
07-05 22:20:55.122 D/NetworkManager(26786): [TID 26923] >> getRequestTask(http://www.taobao.com)
07-05 22:20:55.125 D/Carousel-CarouselListView(26786): onItemClick position:1,view:null
07-05 22:20:55.125 D/Carousel-CarouselListView(26786): last play position:1,cur:1
07-05 22:20:55.125 D/NetworkManager(26786): [TID 26935] >> request(http://www.iqiyi.com, 13296684)
07-05 22:20:55.126 D/Carousel-CarouselView(26786): onListItemClick view=null,position=1
07-05 22:20:55.126 D/pingbacklog-set(26786): QiyiPingBack2.setAnonymityId is be used, mAnonymityId = tv_69b1ef544cadbb86e8f28950ece1c76a
07-05 22:20:55.126 D/pingbacklog-set(26786): QiyiPingBack2.setPassportId is be used, UserId = null
07-05 22:20:55.126 D/NetworkManager(26786): [TID 26935] request(http://www.iqiyi.com, 13296684): openConnection
07-05 22:20:55.129 I/MemTotal:        1958344 kB(26786): MemTotal:	
07-05 22:20:55.129 I/MemTotal:        1958344 kB(26786): 1958344	
07-05 22:20:55.129 I/MemTotal:        1958344 kB(26786): kB	
07-05 22:20:55.130 D/PlayerSdk/PlayerSdkProject(26786): [TID 26817] initPingback: domainName=ptqy.gitv.tv, ver=2.1.0.59986, uuid=20151228165619572MkCHJfWb11209, userId=null, isNewUser=true, deviceid=tv_69b1ef544cadbb86e8f28950ece1c76a_1167652938875, setAnonymityId=tv_69b1ef544cadbb86e8f28950ece1c76a
07-05 22:20:55.131 E/WebcastSDK-HiCloudSourcePlugin(26786): FetchSystemParameterTask(), res = {"categoryChannelTimeInterval":263000,"timeSynInterval":360000,"ChannelSwitchdefaultPic":"http://download.hismarttv.com/epgdata/LunBoContentPic/149810099740274506.jpg","TencentPlayRoundId":"1","allowUploadLogFile":1,"NoticeShow":1,"resultCode":0}
07-05 22:20:55.131 E/WebcastSDK-EPGDataManager(26786): notifySystemParametersData(), SystemParameterInfo = [ mCategoryInternal = 263000; mServerTimeInternal = 360000; mTencentPlayId = 1; mUploadLogFlag = 1; mSwitchPic = http://download.hismarttv.com/epgdata/LunBoContentPic/149810099740274506.jpg]
07-05 22:20:55.131 D/WebcastSDK-(26786): activity == null.
07-05 22:20:55.132 I/WebcastSDK-EPGDataManager(26786): handleMessage(), sync Server time in [ 360000 ] ms
07-05 22:20:55.132 D/WebcastSDK-(26786): activity == null.
07-05 22:20:55.134 D/NetworkManager(26786): [TID 26923] getRequestTask(http://www.taobao.com): current pool size=5, queue=[]
07-05 22:20:55.134 D/NetworkManager(26786): [TID 26923] getRequestTask(http://www.taobao.com): submitted task={java.util.concurrent.FutureTask@6ece3c3, 13296693}
07-05 22:20:55.134 D/NetworkManager(26786): [TID 26923] << getRequestTask(http://www.taobao.com): returned task=java.util.concurrent.FutureTask@6ece3c3
07-05 22:20:55.134 D/NetworkManager(26786): [TID 26923] >> getRequestTask(http://www.sina.com.cn)
07-05 22:20:55.136 D/PlayerSdk/CheckPackageNameJob(26786): [TID 26817] SdkConfigManager.instance().getConfig() = SdkConfig@1098ac38{mCustomerCode=60, mPlayerConfigType=4, mPlatformType=HAIXIN, mLoginType=SUB_ACCOUNT, mIsEnableDolby=false, mIsEnableH265=false, mIsEnable4K=true, mIsSupportYinhePingback=false, mShouldDoPlayCheck=true, mshouldGetUuidFromServer=true, mPingbackS1=2, mPingbackS2=simple_sdk, mPingbackP2=3128, mDomainName=ptqy.gitv.tv, mIsDebugVersion=false, mIsDebugVersion=false, mCustomerPackageNames=[com.hisense.hicloud.edca], mEnableSetBitstream=true}
07-05 22:20:55.142 D/PlayerSdk/CheckPackageNameJob@136ecf79(26786): [TID 26817] isCancelled() Job[PlayerSdk/CheckPackageNameJob@136ecf79](mState=0, mData=Object833616159, mError=null) return false
07-05 22:20:55.142 D/PlayerSdk/CheckPackageNameJob(26786): [TID 26817] onRun(), mCurrentPackageName=com.hisense.hicloud.edca, mCustomerPackageNames=511068292:[com.hisense.hicloud.edca]
07-05 22:20:55.142 D/PlayerSdk/CheckPackageNameJob@136ecf79(26786): [TID 26817] notifyJobSuccess() Job[PlayerSdk/CheckPackageNameJob@136ecf79](mState=1, mData=Object833616159, mError=null)
07-05 22:20:55.142 D/PlayerSdk/DeviceCheckTask@39fb64be(26786): [TID 26817] isCancelled() Job[PlayerSdk/DeviceCheckTask@39fb64be](mState=0, mData=Object315536492, mError=null) return false
07-05 22:20:55.142 D/PlayerSdk/DeviceCheckTask(26786): [TID 26817] execte.onRun: isDevChecked=false, isDeviceCheckPass=false
07-05 22:20:55.143 D/AccessToken(26786): [TID 26817] isAllowedAccess() count=0, now=1499264455142, time=1499264455142, mMaxCount = 5, duration = 600000, mAccessTime = 0, return true
07-05 22:20:55.143 D/AccessToken(26786): [TID 26817] isAllowedAccess() count=0, now=1499264455143, time=1499264455143, mMaxCount = 5, duration = 600000, mAccessTime = 0, return true
07-05 22:20:55.143 D/PlayerSdk/DeviceCheckTask(26786): [TID 26817] deviceCheck
07-05 22:20:55.143 D/PlayerSdk/DeviceCheckTask(26786): [TID 26817] deviceCheck: devCheckTest=-1
07-05 22:20:55.144 I/System.out(26786): <TVAPI> DEBUG(isUpdateData): isUpdateData=devRegister-true
07-05 22:20:55.144 I/System.out(26786): <TVAPI> DEBUG(TVAPI): uuid=20151228165619572MkCHJfWb11209
07-05 22:20:55.144 I/System.out(26786): <TVAPI> DEBUG(TVAPI): version=2.1.0.59986
07-05 22:20:55.144 I/System.out(26786): <TVAPI> DEBUG(TVApiProperty): read passport-device-id=tv_69b1ef544cadbb86e8f28950ece1c76a_1167652938875
07-05 22:20:55.144 I/System.out(26786): <TVAPI> DEBUG(id=6, systemTime): url = http://pdata.video.ptqy.gitv.tv/k
07-05 22:20:55.144 D/NetworkManager(26786): [TID 26924] << request(http://www.qq.com, 13296660): connect internet success, url=http://www.qq.com
07-05 22:20:55.144 I/System.out(26786): D/(load-playerplugin, CommonApi-systemTime): url=http://pdata.video.ptqy.gitv.tv/k
07-05 22:20:55.146 D/NetworkManager(26786): [TID 26936] >> request(http://www.163.com, 13296690)
07-05 22:20:55.147 I/System.out(26786): <TVAPI> DEBUG(id=5, devRegister): url = http://data2.itv.ptqy.gitv.tv/itv/devRegister/OGFjZjgxODQ2YThhLzIwMTUxMjI4MTY1NjE5NTcyTWtDSEpmV2IxMTIwOS8yLjEuMC41OTk4Ng/39467112fe7be1432adcf86e152f4899
07-05 22:20:55.147 I/System.out(26786): <TVAPI> DEBUG(id=5, devRegister): header = qyid:tv_69b1ef544cadbb86e8f28950ece1c76a_1167652938875
07-05 22:20:55.147 I/System.out(26786): <TVAPI> DEBUG(id=5, devRegister): header = ov:5.1.1
07-05 22:20:55.147 I/System.out(26786): <TVAPI> DEBUG(id=5, devRegister): header = apkVer:2.1.0.59986
07-05 22:20:55.147 D/NetworkManager(26786): [TID 26936] request(http://www.163.com, 13296690): openConnection
07-05 22:20:55.150 D/NetworkManager(26786): [TID 26923] getRequestTask(http://www.sina.com.cn): current pool size=6, queue=[]
07-05 22:20:55.150 D/NetworkManager(26786): [TID 26923] getRequestTask(http://www.sina.com.cn): submitted task={java.util.concurrent.FutureTask@27850eca, 13296706}
07-05 22:20:55.150 D/NetworkManager(26786): [TID 26923] << getRequestTask(http://www.sina.com.cn): returned task=java.util.concurrent.FutureTask@27850eca
07-05 22:20:55.151 D/NetworkManager(26786): [TID 26939] >> request(http://www.taobao.com, 13296693)
07-05 22:20:55.151 D/NetworkManager(26786): [TID 26939] request(http://www.taobao.com, 13296693): openConnection
07-05 22:20:55.153 D/NetworkManager(26786): [TID 26923] retryConnectOthers: result=true, time consumed=64ms
07-05 22:20:55.155 D/NetworkManager(26786): [TID 26942] >> request(http://www.sina.com.cn, 13296706)
07-05 22:20:55.163 D/NetworkManager(26786): [TID 26942] request(http://www.sina.com.cn, 13296706): openConnection
07-05 22:20:55.171 I/MiSysSrv( 1214): [37m[INFO] Change to Voltage: 117 mv (0x32)[m
07-05 22:20:55.172 I/System.out(26786): <TVAPI> DEBUG(System Time): 1499264455
07-05 22:20:55.172 I/System.out(26786): <TVAPI> DEBUG(id=6, systemTime, response_time = 28ms): data = {"t":"1499264455","m":"424c0e16adcf02488b0626688c878471ee44c50ce708393e","u":"424c0e16adcf02485a6e00be8deb63f2cd209a1d88b78425","i":"220.181.109.33","k":"424c0e16adcf024899a163df5df31ac69db42e51cb91c539"}
07-05 22:20:55.178 D/NetworkManager(26786): [TID 26923] getRealState: activeNetInfo={[type: Ethernet[], state: CONNECTED/CONNECTED, reason: (unspecified), extra: a8:a6:48:18:fc:a8, roaming: false, failover: false, isAvailable: true, isConnectedToProvisioningNetwork: false]}, isConnected=true
07-05 22:20:55.194 D/NetworkManager(26786): [TID 26786] onNetStateChanged(2)
07-05 22:20:55.214 E/NetworkManager(26786): [TID 26939] << request(http://www.taobao.com, 13296693): connect internet failed, url=http://www.taobao.com
07-05 22:20:55.221 I/System.out(26786): <TVAPI> DEBUG(id=5, devRegister, response_time = 74ms): data = {"msg":"","code":"N000000","data":{"apiKey":"9e14d341281067d05d771f41454858c0","authId":1210,"flag":"","hide":"qiyicom","ip":"219.147.31.2","ipLoc":"1-48-3-6-6001-0-26","ipZh":"-----None-","kv":[{"hcdn":"hCDN"},{"homepageHot":""},{"homepageNew":""},{"ruleCode":"http://static.ptqy.gitv.tv/js/tv/app/getPlayerConfig.js","playerConfig":""},{"isShowExitAppDialog":"apk"}],"loading":"","loginTunnel":0,"resIds":[{"id":201221412,"seq":1},{"id":201713612,"seq":2},{"id":201757412,"seq":3}],"sysTime":1499263070,"tab":[],"tip":"","upgradeType":-1,"url":"","version":""}}
07-05 22:20:55.221 D/AccessToken(26786): [TID 26817] increaseAccessCount() count=1
07-05 22:20:55.221 D/AccessToken(26786): [TID 26817] increaseAccessCount() count=1
07-05 22:20:55.221 D/PlayerSdk/DeviceCheckTask(26786): [TID 26817] deviceCheck.onSuccess: deviceIp: 219.147.31.2
07-05 22:20:55.221 D/PlayerSdk/DeviceCheckTask@39fb64be(26786): [TID 26817] notifyJobSuccess() Job[PlayerSdk/DeviceCheckTask@39fb64be](mState=1, mData=Object315536492, mError=null)
07-05 22:20:55.231 D/PlayerSdk/GrayScaleSwitcherProvider(26786): [TID 26817] execute: handler has no messages, send it.
07-05 22:20:55.231 D/PlayerSdk/GrayScaleSwitcherProvider(26786): [TID 26817] fetchSwitchData
07-05 22:20:55.232 I/System.out(26786): <TVAPI> DEBUG(isUpdateData): isUpdateData=dynamicQ-true
07-05 22:20:55.232 I/System.out(26786): <TVAPI> DEBUG(TVApiProperty): read passport-device-id=tv_69b1ef544cadbb86e8f28950ece1c76a_1167652938875
07-05 22:20:55.233 I/System.out(26786): <TVAPI> DEBUG(id=7, dynamicQ): url = http://data2.itv.ptqy.gitv.tv/itv/dynamicQ/1210/2.1.0.59986/VIDAA_TV/0/0/1/0/0/0/0
07-05 22:20:55.233 I/System.out(26786): <TVAPI> DEBUG(id=7, dynamicQ): header = qyid:tv_69b1ef544cadbb86e8f28950ece1c76a_1167652938875
07-05 22:20:55.233 I/System.out(26786): <TVAPI> DEBUG(id=7, dynamicQ): header = ov:5.1.1
07-05 22:20:55.233 I/System.out(26786): <TVAPI> DEBUG(id=7, dynamicQ): header = apkVer:2.1.0.59986
07-05 22:20:55.233 I/System.out(26786): <TVAPI> DEBUG(id=7, dynamicQ): header = apiKey:9e14d341281067d05d771f41454858c0
07-05 22:20:55.237 E/NetworkManager(26786): [TID 26942] << request(http://www.sina.com.cn, 13296706): connect internet failed, url=http://www.sina.com.cn
07-05 22:20:55.239 D/MyLocalStartService(16899): currentName is :com.hisense.hicloud.edca
07-05 22:20:55.244 D/Carousel-CarouselView(26786): start to play! hashCode=105475394
07-05 22:20:55.244 D/Carousel-Utils(26786): x=511,y=167, width=892,height=536
07-05 22:20:55.245 D/Carousel-CarouselView(26786): type=1
07-05 22:20:55.246 D/Carousel-CarouselDisplayPlayerLayout(26786): isFullScreen:false
07-05 22:20:55.246 D/Carousel-Utils(26786): displayImage view=android.widget.ImageView{1e292504 V.ED.... ......I. 0,0-0,0 #7f0d0029 app:id/imageView1}
07-05 22:20:55.246 D/Carousel-Utils(26786): displayImage url=http://picture.edu.hismarttv.com/images/20170629010146422927.jpg
07-05 22:20:55.247 D/Carousel-Utils(26786): onResourceReady.
07-05 22:20:55.247 D/Carousel-CarouselDisplayPlayerLayout(26786): isFullScreen:false
07-05 22:20:55.247 D/Carousel-log_(26786): isFullScreen:false
07-05 22:20:55.247 D/Carousel-CarouselDisplayPlayerLayout(26786): replacePlayer carouselType:3
07-05 22:20:55.247 D/Carousel-CarouselDisplayPlayerLayout(26786): x=511, y=167,w=892,h=536, hashCode=71189427
07-05 22:20:55.247 D/Carousel-CarouselDisplayPlayerLayout(26786): mX=0, mY=0,mWitdh=0,mHeight=0, hashCode=71189427
07-05 22:20:55.247 D/Carousel-CarouselDisplayPlayerLayout(26786): changed=true, hashCode=71189427
07-05 22:20:55.269 I/MiSysSrv( 1214): [37m[INFO] Change to Voltage: 107 mv (0x28)[m
07-05 22:20:55.289 D/Carousel-CarouselVideoViewImpl(26786): onAttachedToWindow.
07-05 22:20:55.291 D/Carousel-CarouselVideoViewImpl(26786): startPlay!
07-05 22:20:55.291 D/Carousel-CarouselDisplayPlayerLayout(26786): isFullScreen:false
07-05 22:20:55.296 I/Carousel-UrlVideoView(26786): onMeasure(MeasureSpec: EXACTLY 816, MeasureSpec: EXACTLY 460)
07-05 22:20:55.296 I/Carousel-UrlVideoView(26786): onMeasure(MeasureSpec: EXACTLY 816, MeasureSpec: EXACTLY 460)
07-05 22:20:55.297 D/Surface ( 1733): onStatusChange() : mNativeObject = 547942835712 mUseImageHwRender = false
07-05 22:20:55.297 V/Surface ( 1733): nativeSetHardwareRender() : status = 0
07-05 22:20:55.297 V/Surface ( 1733): nativeSetHardwareRender() : end
07-05 22:20:55.300 D/PowerManagerService( 1733): setScreenBrightnessOverrideFromWindowManagerInternal done
07-05 22:20:55.301 D/Surface ( 1733): onStatusChange() : mNativeObject = 0 mUseImageHwRender = false
07-05 22:20:55.304 I/SurfaceView(26786): Changes: creating=true format=true size=true visible=true left=true top=true
07-05 22:20:55.308 V/WindowManager( 1733): Adding window Window{176524 u0 SurfaceView} at 11 of 20 (before Window{9019e48 u0 com.hisense.hicloud.edca/com.hisense.tvui.newhome.HomeMainActivity})
07-05 22:20:55.310 I/SurfaceView(26786): Cur surface: Surface(name=null)/@0x3dc1a1e
07-05 22:20:55.313 D/Surface ( 1733): onStatusChange() : mNativeObject = 547819115520 mUseImageHwRender = false
07-05 22:20:55.313 V/Surface ( 1733): nativeSetHardwareRender() : status = 0
07-05 22:20:55.313 V/Surface ( 1733): nativeSetHardwareRender() : end
07-05 22:20:55.313 D/OsdMonitorService( 1733): mCurrentWindow = com.hisense.hicloud.edca/com.hisense.tvui.newhome.HomeMainActivity; newWindow = com.hisense.hicloud.edca/com.hisense.tvui.newhome.HomeMainActivity; isSubWindow = false; isInWinList = false; isExitNow = false
07-05 22:20:55.313 D/OsdMonitorService( 1733): windowNotOsd() : name = com.hisense.hicloud.edca/com.hisense.tvui.newhome.HomeMainActivity
07-05 22:20:55.313 I/OsdMonitorService( 1733): setOsdStatus() : status will change from true to true
07-05 22:20:55.315 V/SurfaceView(26786): com.hisense.hitv.carouselwidgit.view.videoview.UrlVideoView{2832a95d V.E..... ......ID 0,0-816,460} got resized: w=816 h=460, cur w=-1 h=-1
07-05 22:20:55.316 D/PowerManagerService( 1733): setScreenBrightnessOverrideFromWindowManagerInternal done
07-05 22:20:55.318 D/Surface ( 1733): onStatusChange() : mNativeObject = 0 mUseImageHwRender = false
07-05 22:20:55.319 D/Surface (26786): onStatusChange() : mNativeObject = -540962048 mUseImageHwRender = false
07-05 22:20:55.319 V/Surface (26786): nativeSetHardwareRender() : status = 0
07-05 22:20:55.319 V/Surface (26786): nativeSetHardwareRender() : end
07-05 22:20:55.319 I/SurfaceView(26786): New surface: Surface(name=null)/@0x13d4d8cc, vis=true, frame=Rect(549, 205 - 1365, 665)
07-05 22:20:55.319 D/Surface (26786): onStatusChange() : mNativeObject = 0 mUseImageHwRender = false
07-05 22:20:55.319 D/Surface (26786): onStatusChange() : mNativeObject = -540962048 mUseImageHwRender = false
07-05 22:20:55.319 V/Surface (26786): nativeSetHardwareRender() : status = 0
07-05 22:20:55.319 V/Surface (26786): nativeSetHardwareRender() : end
07-05 22:20:55.319 I/SurfaceView(26786): visibleChanged -- surfaceCreated
07-05 22:20:55.322 D/Carousel-UrlVideoView(26786): surfaceCreated
07-05 22:20:55.327 I/SurfaceView(26786): surfaceChanged -- format=4 w=816 h=460
07-05 22:20:55.327 D/Carousel-UrlVideoView(26786): surfaceChanged
07-05 22:20:55.327 D/Carousel-UrlVideoView(26786): isValidState:false,hasValidSize:false
07-05 22:20:55.327 D/Carousel-UrlVideoView(26786): mVideoWidth:0,mVideoHeight:0,w:816,h:460
07-05 22:20:55.327 I/SurfaceView(26786): surfaceRedrawNeeded
07-05 22:20:55.327 I/SurfaceView(26786): finishedDrawing
07-05 22:20:55.329 D/PowerManagerService( 1733): setScreenBrightnessOverrideFromWindowManagerInternal done
07-05 22:20:55.331 D/PowerManagerService( 1733): setScreenBrightnessOverrideFromWindowManagerInternal done
07-05 22:20:55.332 V/SurfaceView(26786): Layout: x=549 y=205 w=816 h=460, frame=Rect(0, 0 - 816, 460)
07-05 22:20:55.337 D/Carousel-SimpleVideoView(26786): onReceive net connected.
07-05 22:20:55.339 E/HDMI_CEC( 1733): Send Message TO[5] 
07-05 22:20:55.339 E/HDMI_CEC( 1733): OP[0], <Feature Abort> 
07-05 22:20:55.339 E/HDMI_CEC( 1733): ========
07-05 22:20:55.342 I/SurfaceView(26786): Changes: creating=false format=false size=false visible=false left=false top=false
07-05 22:20:55.342 I/SurfaceView(26786): Cur surface: Surface(name=null)/@0x3dc1a1e
07-05 22:20:55.342 D/PowerManagerService( 1733): setScreenBrightnessOverrideFromWindowManagerInternal done
07-05 22:20:55.343 I/System.out(26786): <TVAPI> DEBUG(id=7, dynamicQ, response_time = 86ms): data = {"msg":"","code":"N000000","data":{"apiKey":"","authId":-1,"cnf":{},"flag":"","function":[{"playerConfig":"http://static.ptqy.gitv.tv/js/tv/app/getPlayerConfig.js"},{"appCard":"1"},{"msg_dialog_pos":"4"},{"disableHCDNPreDeploy":"false"},{"dailyInforCornerMark":"http://pic0.ptqy.gitv.tv/common/20170113/4ab9430bee234e2b8c8ae4583669b394.png,http://pic6.ptqy.gitv.tv/common/20170113/d45b2b6ae97a4847a73a245d63f5fe87.png"},{"isDisableAdCache":"0"},{"card_sort":"0"},{"alltag_position":"0"},{"enablePlayerLocalServer":"false"},{"ad_skip_frequency":"-1"},{"enablePlayerLocalServerF4v2Hls":"false"},{"enablePlayerLocalServerStream":"false"},{"disableHcdnDaemon":"false"},{"subChannelPlayerConfig":"http://static.ptqy.gitv.tv/js/tv/app/getSubChannelPlayerConfig.js"},{"childapp":"http://cdn.data.video.ptqy.gitv.tv/cdn/tv/20170630/apk/1_1259_4994_1498801304813.json"},{"chinapokerapp":"http://chessgame.ptqy.gitv.tv/game/info/apis/get_game_info.action?id=212202420"}],"hide":"","ichn":[],"ip":"","ipLoc":"","ipZh":"","is3D":1,"kv":[{"hcdn":"hCDN"},{"homepageHot":""},{"homepageNew":""},{"ruleCode":"http://static.ptqy.gitv.tv/js/tv/app/getPlayerConfig.js","playerConfig":""},{"isShowExitAppDialog":"apk"}],"loading":"","loginTunnel":0,"resIds":[],"support4k":1,"supporth265":1,"sysTime":1499263553,"tab":[],"tip":"","upgradeType":-1,"url":"","verCoupon":"","verMon":"0","verPkg":"","verTvod":"0","version":"","vip":1,"vipCoupon":0,"vipMon":1,"vipPkg":0,"vipTvod":1}}
07-05 22:20:55.343 D/PlayerSdk/GrayScaleSwitcherProvider(26786): [TID 26817] TVApi.dynamicQ: onSuccess
07-05 22:20:55.344 D/PlayerSdk/GrayScaleSwitcherProvider(26786): [TID 26817] TVApi.dynamicQ: data=com.qiyi.tvapi.tv2.model.DeviceCheck@29b61a6, isOpenHcdn=true, sRetryTimesBeforeStarted=3, sRetryTimesAfterStarted=3, isDisableP2PUpload=false, isOpenDrmRootCheck=false
07-05 22:20:55.345 D/PlayerSdk/PlayerSdkProject(26786): [TID 26817] << finishInitialize: consume 484 ms
07-05 22:20:55.345 D/PlayerSdk/PlayerSdkProject(26786): [TID 26817] isPackageNameCheckPassed=true, isDeviceCheckPass=true
07-05 22:20:55.345 D/PlayerSdk/PlayerFeatureProvider(26786): [TID 26817] notifySuccess(looper=Looper (main, tid 1) {204d57e7}, listener=com.hisense.hicloud.edca.mediaplayer.video.qiyi.QiyiInitTool$1$1@1e88fcb6)
07-05 22:20:55.346 D/PlayerSdk/PlayerFeatureProvider(26786): [TID 26817] << loadPluginPlayerFeature: mSdkFeature=com.qiyi.video.plugin.j@12f11099
07-05 22:20:55.346 D/Surface ( 1733): onStatusChange() : mNativeObject = 547819115520 mUseImageHwRender = false
07-05 22:20:55.347 V/Surface ( 1733): nativeSetHardwareRender() : status = 0
07-05 22:20:55.347 V/Surface ( 1733): nativeSetHardwareRender() : end
07-05 22:20:55.349 D/PowerManagerService( 1733): setScreenBrightnessOverrideFromWindowManagerInternal done
07-05 22:20:55.351 D/Surface ( 1733): onStatusChange() : mNativeObject = 0 mUseImageHwRender = false
07-05 22:20:55.351 D/Surface (26786): onStatusChange() : mNativeObject = -195857664 mUseImageHwRender = false
07-05 22:20:55.351 V/Surface (26786): nativeSetHardwareRender() : status = 0
07-05 22:20:55.351 V/Surface (26786): nativeSetHardwareRender() : end
07-05 22:20:55.351 I/SurfaceView(26786): New surface: Surface(name=null)/@0x13d4d8cc, vis=true, frame=Rect(549, 205 - 1365, 665)
07-05 22:20:55.352 D/Surface (26786): onStatusChange() : mNativeObject = 0 mUseImageHwRender = false
07-05 22:20:55.352 D/Surface (26786): onStatusChange() : mNativeObject = -195857664 mUseImageHwRender = false
07-05 22:20:55.352 V/Surface (26786): nativeSetHardwareRender() : status = 0
07-05 22:20:55.352 V/Surface (26786): nativeSetHardwareRender() : end
07-05 22:20:55.352 I/SurfaceView(26786): surfaceRedrawNeeded
07-05 22:20:55.352 I/SurfaceView(26786): finishedDrawing
07-05 22:20:55.363 V/SurfaceView(26786): Layout: x=549 y=205 w=816 h=460, frame=Rect(0, 0 - 816, 460)
07-05 22:20:55.373 I/MiSysSrv( 1214): [37m[INFO] Change to Voltage: 102 mv (0x23)[m
07-05 22:20:55.374 W/linker  (26786): libWasabiJni.so: unused DT entry: type 0x6ffffffe arg 0x5080
07-05 22:20:55.374 I/QiyiInitTool(26786): onSuccess
07-05 22:20:55.374 W/linker  (26786): libWasabiJni.so: unused DT entry: type 0x6fffffff arg 0x3
07-05 22:20:55.379 D/PlayerSdk/PlayerSdkLibProfile(26786): [TID 26948] isOpenDrmRootCheck=false
07-05 22:20:55.381 I/art     (26786): Background sticky concurrent mark sweep GC freed 11602(800KB) AllocSpace objects, 8(128KB) LOS objects, 2% free, 37MB/38MB, paused 5.796ms total 65.566ms
07-05 22:20:55.389 I/WASABI  (26786): WASABI version: BUILD DATE: 'Dec 30 2016', BUILD CONFIGURATION: 'Release', VERSION NAME: '1.19.0', VERSION NUMBER: 0x00011300, SHORT DESCRIPTION: 'Wasabi Runtime', LONG DESCRIPTION: '{"wasabi": "1.19.0", "wcscp": "2.22.0", "manufacturer": "intertrust", "os": "Android", "customerid": "c31122", "wcskb": "5.0.0"}', MS520K: 'enforced', VCS CHANGE: 12814
07-05 22:20:55.389 I/MyFragmentStateAdapter(26786): getCount
07-05 22:20:55.413 E/HDMI_CEC( 1733): MI_CEC_SendTxPolling, ErrCode[4] 
07-05 22:20:55.446 E/HDMI_CEC( 1733): Sending message can't be response. 
07-05 22:20:55.462 I/MyFragmentStateAdapter(26786): getCount
07-05 22:20:55.469 I/MiSysSrv( 1214): [37m[INFO] Change to Voltage: 117 mv (0x32)[m
07-05 22:20:55.500 I/TVMW@HsTvSetting( 1234): Trace cmd, data = 0x1058
07-05 22:20:55.500 D/til@system( 2026): til_get_system_param option:100002F int:0, bool:0, ret:0
07-05 22:20:55.500 I/TVMW@HsTvSetting( 1234): Trace cmd, data = 0x101f
07-05 22:20:55.501 D/til@system( 2026): til_get_system_param option:100001D int:3, bool:3, ret:0
07-05 22:20:55.501 E/til     ( 2026): [til_get_current_input_source, 101] 
07-05 22:20:55.502 I/TVMW@HsTvSetting( 1234): Trace cmd, data = 0x7007
07-05 22:20:55.502 I/tilwrapper@sm( 2026): HS2TIL_SourceType *hs=0xd, *til=0x900
07-05 22:20:55.502 D/til     ( 2026): get current source 2304
07-05 22:20:55.502 D/SourceRemoteServiceHandler( 2026): getCurrentInputSource.from.til.result is 0, value is 2304
07-05 22:20:55.502 D/SourceRemoteServiceHandler( 2026): getInputSourceType source: 0x900, type=2304
07-05 22:20:55.502 D/til     ( 2026): ###### func:til_get_picture_param option:0x3000006 ######  
07-05 22:20:55.503 I/TVMW@HsTvSetting( 1234): Trace cmd, data = 0x1003
07-05 22:20:55.503 I/TVMW@HsTvSetting( 1234): Trace cmd, data = 0x8032
07-05 22:20:55.503 I/hstvos  ( 1216): [0m[1;33m[HSHAL][HS_VIDEO][HS_HAL_Video_SetOsdDetect_v2][2389]u16Threshold = 20
07-05 22:20:55.504 E/TVMW@videoctrl( 1234):  getOsd is 1
07-05 22:20:55.505 I/MiSysSrv( 1214): Not support now! 42, change to mm_video!!!
07-05 22:20:55.505 D/til@system( 2026): til_get_system_param option:1000027 int:1, bool:1, ret:0
07-05 22:20:55.505 D/til     ( 2026): ###### func:til_get_picture_param option:0x3000045 ######  
07-05 22:20:55.505 I/TVMW@HsTvSetting( 1234): Trace cmd, data = 0x300c
07-05 22:20:55.505 I/TVMW@HsTvSetting( 1234): Trace 3d, data = 0x300c
07-05 22:20:55.505 I/TVMW@3d ( 1234): Hs_debug3d_trace: func:get3dStatus, line:109
07-05 22:20:55.508 D/NetworkManager(26786): [TID 26935] << request(http://www.iqiyi.com, 13296684): connect internet success, url=http://www.iqiyi.com
07-05 22:20:55.511 I/MyFragmentStateAdapter(26786): getCount
07-05 22:20:55.542 D/NetworkManager(26786): [TID 26936] << request(http://www.163.com, 13296690): connect internet success, url=http://www.163.com
07-05 22:20:55.563 I/MyFragmentStateAdapter(26786): getCount
07-05 22:20:55.569 I/MiSysSrv( 1214): [37m[INFO] Change to Voltage: 102 mv (0x23)[m
07-05 22:20:55.611 I/MyFragmentStateAdapter(26786): getCount
07-05 22:20:55.661 I/MyFragmentStateAdapter(26786): getCount
07-05 22:20:55.669 I/MiSysSrv( 1214): [37m[INFO] Change to Voltage: 102 mv (0x23)[m
07-05 22:20:55.678 I/TVMW@devctrl( 1234): wdt
07-05 22:20:55.715 I/MyFragmentStateAdapter(26786): getCount
07-05 22:20:55.770 I/MyFragmentStateAdapter(26786): getCount
07-05 22:20:55.808 D/Carousel-CarouselVideoViewImpl(26786): msg start play.
07-05 22:20:55.808 D/Carousel-SimpleVideoView(26786): setVideoPath path:http://jhxvideo-ws.video-tx.com/rendition/201705/205989353451683841/205989353451684353/bb/243216185158536196/243216215223308548/r243216215223308548-3200k-1920x1080.mp4
07-05 22:20:55.812 I/NetflixMonitorService( 1733): current fgapk : com.hisense.hicloud.edca
07-05 22:20:55.812 I/NetflixMonitorService( 1733): Netflix status unchanged
07-05 22:20:55.814 D/Carousel-UrlVideoView(26786): openVideo
07-05 22:20:55.839 V/MediaPlayer-JNI(26786): native_setup
07-05 22:20:55.843 V/AudioFlinger( 1206): registerClient() client 0xb8930b98, pid 26786
07-05 22:20:55.844 E/audio_hw_primary( 1206): out_get_latency ret 10ms
07-05 22:20:55.845 D/PowerManagerService( 1733): acquireWakeLockInternal: lock=144652429, flags=0x1, tag="AudioMix", ws=null, uid=1013, pid=0
07-05 22:20:55.845 E/audio_hw_primary( 1206): out_get_latency ret 10ms
07-05 22:20:55.846 D/PowerManagerNotifier( 1733): onWakeLockAcquired: flags=1, tag="AudioMix", packageName=media, ownerUid=1013, ownerPid=0, workSource=null
07-05 22:20:55.846 D/PowerManagerService( 1733): updateWakeLockWorkSourceInternal: lock=144652429 [AudioMix], ws=null
07-05 22:20:55.846 V/AudioFlinger( 1206): acquiring 471 from 26786, for -1
07-05 22:20:55.846 V/AudioFlinger( 1206):  added new entry for 471
07-05 22:20:55.847 D/PowerManagerService( 1733): acquireWakeLockInternal: lock=957626946, flags=0x1, tag="AudioMix", ws=null, uid=1013, pid=0
07-05 22:20:55.847 V/MediaPlayer-JNI(26786): get_session_id()
07-05 22:20:55.847 D/PowerManagerNotifier( 1733): onWakeLockAcquired: flags=1, tag="AudioMix", packageName=media, ownerUid=1013, ownerPid=0, workSource=null
07-05 22:20:55.847 D/Carousel-Utils(26786): origin url is : http://jhxvideo-ws.video-tx.com/rendition/201705/205989353451683841/205989353451684353/bb/243216185158536196/243216215223308548/r243216215223308548-3200k-1920x1080.mp4
07-05 22:20:55.847 D/Carousel-Utils(26786): time=1499264454
07-05 22:20:55.847 D/PowerManagerService( 1733): updateWakeLockWorkSourceInternal: lock=957626946 [AudioMix], ws=null
07-05 22:20:55.847 D/Carousel-UrlVideoView(26786): encryptUrlIfNecessary url=http://jhxvideo-ws.video-tx.com/rendition/201705/205989353451683841/205989353451684353/bb/243216185158536196/243216215223308548/r243216215223308548-3200k-1920x1080.mp4?wsSecret=589e26cbca5f91f03fba6fe179f6830b&wsTime=595cf5c6
07-05 22:20:55.848 D/MediaPlayer(26786): Couldn't open file on client side, trying server side
07-05 22:20:55.850 V/MediaPlayer-JNI(26786): setDataSource: path http://jhxvideo-ws.video-tx.com/rendition/201705/205989353451683841/205989353451684353/bb/243216185158536196/243216215223308548/r243216215223308548-3200k-1920x1080.mp4?wsSecret=589e26cbca5f91f03fba6fe179f6830b&wsTime=595cf5c6
07-05 22:20:55.852 V/NuPlayer( 1206): [NuPlayer-264]
07-05 22:20:55.852 I/NuPlayer( 1206): NuPlayerRMClientListener::NuPlayerRMClientListener
07-05 22:20:55.852 V/RMClient( 1206): #291:RMClient
07-05 22:20:55.853 V/NuPlayer( 1206): kWhatSetAudioSink
07-05 22:20:55.853 V/NuPlayer( 1206): kWhatSetDataSource
07-05 22:20:55.854 V/NuPlayer( 1206): kWhatSetVideoNativeWindow
07-05 22:20:55.854 W/ALooperRoster( 1206): failed to post message. Target handler 0 still registered, but object gone.
07-05 22:20:55.854 V/NuPlayer( 1206): performSetSurface
07-05 22:20:55.854 V/MediaPlayer-JNI(26786): setAudioStreamType: 3
07-05 22:20:55.854 E/MediaPlayer-JNI(26786): android_media_MediaPlayer_prepareAsync call getSubtitleSurface
07-05 22:20:55.854 E/MediaPlayer-JNI(26786): android_media_MediaPlayer_prepareAsync call setSubtitleSurfaceTexture
07-05 22:20:55.854 E/        (26786): setSubtitleSurfaceTexture
07-05 22:20:55.855 D/Carousel-log_video-(26786): onStartPlay!
07-05 22:20:55.855 D/Carousel-log_video-(26786): ==Start play,isReplayState:false
07-05 22:20:55.855 D/Carousel-log_video-(26786): =Stop play previous channel log.
07-05 22:20:55.855 D/Carousel-log_video-(26786): submitPlayStopLog mLogPlayState:5
07-05 22:20:55.855 D/Carousel-log_video-(26786): Invalid log info.
07-05 22:20:55.855 D/Carousel-log_video-(26786): ==Start play log:start,other,duration:0
07-05 22:20:55.859 D/Carousel-log_(26786): ===(Main-Video-278001)-{srccolumnid=3, eventType=278, srcgroupid=10001, appversionname=2.0.0.6, srctabid=0, license=hisense, eventcode=278001, deviceid=86100300900000500000060a4818fca8, mediaid=351, eventPos=001, sessionid=5937dbe76f44474584886584b1959cf4, srcpackagename=com.hisense.hicloud.edca, subscriberid=13287129, playactionuuid=e3946993-e95c-4f54-93e5-76f473231541, version=2.1, devicemsg=LED50MU8600UC0000888, isall=0, customerid=7195320, srcrowid=0, srceventcode=280000}
07-05 22:20:55.859 D/Carousel-CarouselVideoViewImpl(26786): getPosition()=0
07-05 22:20:55.862 I/MyFragmentStateAdapter(26786): getCount
07-05 22:20:55.873 D/MediaHTTPConnection(26786): connect: uri=http://jhxvideo-ws.video-tx.com/rendition/201705/205989353451683841/205989353451684353/bb/243216185158536196/243216215223308548/r243216215223308548-3200k-1920x1080.mp4?wsSecret=589e26cbca5f91f03fba6fe179f6830b&wsTime=595cf5c6, headers=User-Agent: stagefright/1.2 (Linux;Android 5.1.1)
07-05 22:20:55.875 D/MediaHTTPConnection(26786): seekTo 0
07-05 22:20:55.878 D/MediaHTTPConnection(26786): hitting http://jhxvideo-ws.video-tx.com/rendition/201705/205989353451683841/205989353451684353/bb/243216185158536196/243216215223308548/r243216215223308548-3200k-1920x1080.mp4?wsSecret=589e26cbca5f91f03fba6fe179f6830b&wsTime=595cf5c6
07-05 22:20:55.883 I/Carousel-UrlVideoView(26786): onMeasure(MeasureSpec: EXACTLY 816, MeasureSpec: EXACTLY 460)
07-05 22:20:55.883 I/Carousel-UrlVideoView(26786): onMeasure(MeasureSpec: EXACTLY 816, MeasureSpec: EXACTLY 460)
07-05 22:20:55.893 D/Carousel-SimpleVideoView(26786): speedKB=0
07-05 22:20:55.893 D/Carousel-SimpleVideoView(26786): msg.arg1=0
07-05 22:20:55.945 I/MyFragmentStateAdapter(26786): getCount
07-05 22:20:55.946 W/System.err(26786): java.net.ConnectException: failed to connect to /10.18.210.112 (port 8900) after 6000ms: isConnected failed: ECONNREFUSED (Connection refused)
07-05 22:20:55.947 W/System.err(26786): 	at libcore.io.IoBridge.isConnected(IoBridge.java:238)
07-05 22:20:55.947 W/System.err(26786): 	at libcore.io.IoBridge.connectErrno(IoBridge.java:171)
07-05 22:20:55.947 W/System.err(26786): 	at libcore.io.IoBridge.connect(IoBridge.java:122)
07-05 22:20:55.947 W/System.err(26786): 	at java.net.PlainSocketImpl.connect(PlainSocketImpl.java:183)
07-05 22:20:55.947 W/System.err(26786): 	at java.net.PlainSocketImpl.connect(PlainSocketImpl.java:456)
07-05 22:20:55.947 W/System.err(26786): 	at java.net.Socket.connect(Socket.java:882)
07-05 22:20:55.947 W/System.err(26786): 	at com.android.okhttp.internal.Platform.connectSocket(Platform.java:174)
07-05 22:20:55.947 W/System.err(26786): 	at com.android.okhttp.Connection.connect(Connection.java:152)
07-05 22:20:55.947 W/System.err(26786): 	at com.android.okhttp.internal.http.HttpEngine.connect(HttpEngine.java:276)
07-05 22:20:55.947 W/System.err(26786): 	at com.android.okhttp.internal.http.HttpEngine.sendRequest(HttpEngine.java:211)
07-05 22:20:55.947 W/System.err(26786): 	at com.android.okhttp.internal.http.HttpURLConnectionImpl.execute(HttpURLConnectionImpl.java:382)
07-05 22:20:55.947 W/System.err(26786): 	at com.android.okhttp.internal.http.HttpURLConnectionImpl.connect(HttpURLConnectionImpl.java:106)
07-05 22:20:55.947 W/System.err(26786): 	at com.hisense.hitv.hicloud.util.ExceptionReport.a(ExceptionReport.java:337)
07-05 22:20:55.947 W/System.err(26786): 	at com.hisense.hitv.hicloud.util.ExceptionReport.a(ExceptionReport.java:39)
07-05 22:20:55.947 W/System.err(26786): 	at com.hisense.hitv.hicloud.util.ExceptionReport$1.run(ExceptionReport.java:83)
07-05 22:20:55.947 W/System.err(26786): 	at java.lang.Thread.run(Thread.java:818)
07-05 22:20:55.947 W/System.err(26786): Caused by: android.system.ErrnoException: isConnected failed: ECONNREFUSED (Connection refused)
07-05 22:20:55.947 W/System.err(26786): 	at libcore.io.IoBridge.isConnected(IoBridge.java:223)
07-05 22:20:55.947 W/System.err(26786): 	... 15 more
07-05 22:20:55.969 I/MiSysSrv( 1214): [37m[INFO] Change to Voltage: 117 mv (0x32)[m
07-05 22:20:55.996 I/MyFragmentStateAdapter(26786): getCount
07-05 22:20:56.009 I/TVMW@HsTvSetting( 1234): Trace cmd, data = 0x1058
07-05 22:20:56.009 D/til@system( 2026): til_get_system_param option:100002F int:0, bool:0, ret:0
07-05 22:20:56.009 I/TVMW@HsTvSetting( 1234): Trace cmd, data = 0x101f
07-05 22:20:56.009 D/til@system( 2026): til_get_system_param option:100001D int:3, bool:3, ret:0
07-05 22:20:56.010 E/til     ( 2026): [til_get_current_input_source, 101] 
07-05 22:20:56.010 I/TVMW@HsTvSetting( 1234): Trace cmd, data = 0x7007
07-05 22:20:56.010 I/tilwrapper@sm( 2026): HS2TIL_SourceType *hs=0xd, *til=0x900
07-05 22:20:56.010 D/til     ( 2026): get current source 2304
07-05 22:20:56.010 D/SourceRemoteServiceHandler( 2026): getCurrentInputSource.from.til.result is 0, value is 2304
07-05 22:20:56.010 D/SourceRemoteServiceHandler( 2026): getInputSourceType source: 0x900, type=2304
07-05 22:20:56.010 D/til     ( 2026): ###### func:til_get_picture_param option:0x3000006 ######  
07-05 22:20:56.010 I/TVMW@HsTvSetting( 1234): Trace cmd, data = 0x1003
07-05 22:20:56.020 I/TVMW@HsTvSetting( 1234): Trace cmd, data = 0x8032
07-05 22:20:56.020 I/hstvos  ( 1216): [0m[1;33m[HSHAL][HS_VIDEO][HS_HAL_Video_SetOsdDetect_v2][2389]u16Threshold = 20
07-05 22:20:56.020 I/MiSysSrv( 1214): Not support now! 42, change to mm_video!!!
07-05 22:20:56.034 D/Carousel-SimpleVideoView(26786): speedKB=21
07-05 22:20:56.034 D/Carousel-SimpleVideoView(26786): msg.arg1=1
07-05 22:20:56.034 E/TVMW@videoctrl( 1234):  getOsd is 1
07-05 22:20:56.035 D/til@system( 2026): til_get_system_param option:1000027 int:1, bool:1, ret:0
07-05 22:20:56.035 D/til     ( 2026): ###### func:til_get_picture_param option:0x3000045 ######  
07-05 22:20:56.035 I/TVMW@HsTvSetting( 1234): Trace cmd, data = 0x300c
07-05 22:20:56.035 I/TVMW@HsTvSetting( 1234): Trace 3d, data = 0x300c
07-05 22:20:56.035 I/TVMW@3d ( 1234): Hs_debug3d_trace: func:get3dStatus, line:109
07-05 22:20:56.052 D/MediaHTTPConnection(26786): [Connection@58916734] response.heeader.null = HTTP/1.0 206 Partial Content
07-05 22:20:56.052 D/MediaHTTPConnection(26786): [Connection@58916734] response.heeader.Accept-Ranges = bytes
07-05 22:20:56.052 D/MediaHTTPConnection(26786): [Connection@58916734] response.heeader.Age = 365830
07-05 22:20:56.052 D/MediaHTTPConnection(26786): [Connection@58916734] response.heeader.Cache-Control = max-age=5184000
07-05 22:20:56.052 D/MediaHTTPConnection(26786): [Connection@58916734] response.heeader.Connection = keep-alive
07-05 22:20:56.052 D/MediaHTTPConnection(26786): [Connection@58916734] response.heeader.Content-Length = 218840697
07-05 22:20:56.052 D/MediaHTTPConnection(26786): [Connection@58916734] response.heeader.Content-MD5 = b0d2FgZ34VxS2J9TYuIjgA==
07-05 22:20:56.052 D/MediaHTTPConnection(26786): [Connection@58916734] response.heeader.Content-Range = bytes 0-218840696/218840697
07-05 22:20:56.052 D/MediaHTTPConnection(26786): [Connection@58916734] response.heeader.Content-Type = application/octet-stream
07-05 22:20:56.052 D/MediaHTTPConnection(26786): [Connection@58916734] response.heeader.Date = Sat, 01 Jul 2017 08:43:45 GMT
07-05 22:20:56.052 D/MediaHTTPConnection(26786): [Connection@58916734] response.heeader.ETag = "6F4776160677E15C52D89F5362E22380"
07-05 22:20:56.052 D/MediaHTTPConnection(26786): [Connection@58916734] response.heeader.Last-Modified = Mon, 08 May 2017 17:24:17 GMT
07-05 22:20:56.052 D/MediaHTTPConnection(26786): [Connection@58916734] response.heeader.Server = nginx/1.2.4
07-05 22:20:56.052 D/MediaHTTPConnection(26786): [Connection@58916734] response.heeader.Via = 1.1 chshx150:7 (Cdn Cache Server V2.0)[0 200 0], 1.1 sdbz31:0 (Cdn Cache Server V2.0)[35 200 0], 1.0 PSsdzbwt5go51:3 (Cdn Cache Server V2.0)[0 200 0]
07-05 22:20:56.052 D/MediaHTTPConnection(26786): [Connection@58916734] response.heeader.X-Android-Received-Millis = 1499264456049
07-05 22:20:56.052 D/MediaHTTPConnection(26786): [Connection@58916734] response.heeader.X-Android-Response-Source = NETWORK 206
07-05 22:20:56.053 D/MediaHTTPConnection(26786): [Connection@58916734] response.heeader.X-Android-Sent-Millis = 1499264456032
07-05 22:20:56.053 D/MediaHTTPConnection(26786): [Connection@58916734] response.heeader.x-oss-hash-crc64ecma = 10858506031335928878
07-05 22:20:56.053 D/MediaHTTPConnection(26786): [Connection@58916734] response.heeader.x-oss-object-type = Normal
07-05 22:20:56.053 D/MediaHTTPConnection(26786): [Connection@58916734] response.heeader.x-oss-request-id = 591D64783FEA2FF75DF4AA6E
07-05 22:20:56.053 D/MediaHTTPConnection(26786): [Connection@58916734] response.heeader.x-oss-server-time = 46
07-05 22:20:56.053 D/MediaHTTPConnection(26786): [Connection@58916734] response.heeader.x-oss-storage-class = Standard
07-05 22:20:56.065 I/MyFragmentStateAdapter(26786): getCount
07-05 22:20:56.070 I/MiSysSrv( 1214): [37m[INFO] Change to Voltage: 117 mv (0x32)[m
07-05 22:20:56.131 I/MyFragmentStateAdapter(26786): getCount
07-05 22:20:56.169 I/MiSysSrv( 1214): [37m[INFO] Change to Voltage: 112 mv (0x2D)[m
07-05 22:20:56.211 I/MyFragmentStateAdapter(26786): getCount
07-05 22:20:56.254 V/DataSource( 1206): sniff
07-05 22:20:56.255 I/FFmpegExtractor( 1206): android-source:0xf406e060
07-05 22:20:56.258 I/FFMPEG  ( 1206): [mov,mp4,m4a,3gp,3g2,mj2 @ 0xf1803400] Format mov,mp4,m4a,3gp,3g2,mj2 probed with size=2048 and score=100
07-05 22:20:56.258 D/MediaHTTPConnection(26786): [Connection@58916734] getSize mTotalSize = 218840697
