07-06 00:52:41.513 D/MediaHTTPConnection(14493): [Connection@895549332] response.heeader.Connection = keep-alive
07-06 00:52:41.513 D/MediaHTTPConnection(14493): [Connection@895549332] response.heeader.Content-Length = 218840697
07-06 00:52:41.513 D/MediaHTTPConnection(14493): [Connection@895549332] response.heeader.Content-MD5 = b0d2FgZ34VxS2J9TYuIjgA==
07-06 00:52:41.513 D/MediaHTTPConnection(14493): [Connection@895549332] response.heeader.Content-Range = bytes 0-218840696/218840697
07-06 00:52:41.513 D/MediaHTTPConnection(14493): [Connection@895549332] response.heeader.Content-Type = application/octet-stream
07-06 00:52:41.513 D/MediaHTTPConnection(14493): [Connection@895549332] response.heeader.Date = Thu, 08 Jun 2017 13:24:24 GMT
07-06 00:52:41.513 D/MediaHTTPConnection(14493): [Connection@895549332] response.heeader.ETag = "6F4776160677E15C52D89F5362E22380"
07-06 00:52:41.514 D/MediaHTTPConnection(14493): [Connection@895549332] response.heeader.Last-Modified = Mon, 08 May 2017 17:24:17 GMT
07-06 00:52:41.514 D/MediaHTTPConnection(14493): [Connection@895549332] response.heeader.Server = nginx/1.2.4
07-06 00:52:41.514 D/MediaHTTPConnection(14493): [Connection@895549332] response.heeader.Via = 1.1 chshx150:7 (Cdn Cache Server V2.0)[0 200 0], 1.1 sdbz31:0 (Cdn Cache Server V2.0)[76 200 0], 1.1 PSsdzbwt4ld56:3 (Cdn Cache Server V2.0)[0 200 0]
07-06 00:52:41.514 D/MediaHTTPConnection(14493): [Connection@895549332] response.heeader.X-Android-Received-Millis = 1499273561512
07-06 00:52:41.514 D/MediaHTTPConnection(14493): [Connection@895549332] response.heeader.X-Android-Response-Source = NETWORK 206
07-06 00:52:41.514 D/MediaHTTPConnection(14493): [Connection@895549332] response.heeader.X-Android-Sent-Millis = 1499273561497
07-06 00:52:41.514 D/MediaHTTPConnection(14493): [Connection@895549332] response.heeader.x-oss-hash-crc64ecma = 10858506031335928878
07-06 00:52:41.514 D/MediaHTTPConnection(14493): [Connection@895549332] response.heeader.x-oss-object-type = Normal
07-06 00:52:41.514 D/MediaHTTPConnection(14493): [Connection@895549332] response.heeader.x-oss-request-id = 591D64783FEA2FF75DF4AA6E
07-06 00:52:41.514 D/MediaHTTPConnection(14493): [Connection@895549332] response.heeader.x-oss-server-time = 46
07-06 00:52:41.514 D/MediaHTTPConnection(14493): [Connection@895549332] response.heeader.x-oss-storage-class = Standard
07-06 00:52:41.531 I/MyFragmentStateAdapter(14493): getCount
07-06 00:52:41.609 I/MyFragmentStateAdapter(14493): getCount
07-06 00:52:41.662 I/MyFragmentStateAdapter(14493): getCount
07-06 00:52:41.671 I/MiSysSrv( 1214): [37m[INFO] Change to Voltage: 117 mv (0x32)[m
07-06 00:52:41.710 I/MyFragmentStateAdapter(14493): getCount
07-06 00:52:41.722 V/DataSource( 1206): sniff
07-06 00:52:41.722 I/FFmpegExtractor( 1206): android-source:0xb8bfe2a0
07-06 00:52:41.724 I/FFMPEG  ( 1206): [mov,mp4,m4a,3gp,3g2,mj2 @ 0xb9863400] Format mov,mp4,m4a,3gp,3g2,mj2 probed with size=2048 and score=100
07-06 00:52:41.725 D/MediaHTTPConnection(14493): [Connection@895549332] getSize mTotalSize = 218840697
07-06 00:52:41.731 I/FFMPEG  ( 1206): [mov,mp4,m4a,3gp,3g2,mj2 @ 0xb9863400] ISO: File Type Major Brand: isom
07-06 00:52:41.764 I/MyFragmentStateAdapter(14493): getCount
07-06 00:52:41.769 I/MiSysSrv( 1214): [37m[INFO] Change to Voltage: 117 mv (0x32)[m
07-06 00:52:41.774 D/FFmpegExtractor( 1206): FFmpegExtrator, url: android-source:0xb8bfe2a0, format_name: mov,mp4,m4a,3gp,3g2,mj2, format_long_name: QuickTime / MOV
07-06 00:52:41.774 D/FFmpegExtractor( 1206): suppoted codec(h264) by official Stagefright
07-06 00:52:41.774 D/FFmpegExtractor( 1206): suppoted codec(aac) by official Stagefright
07-06 00:52:41.775 I/FFMPEG  ( 1206): [AVIOContext @ 0xb8bfe340] Statistics: 426780 bytes read, 0 seeks
07-06 00:52:41.776 D/FFmpegExtractor( 1206): ffmpeg detected media content as 'video/mp4' with confidence 0.08
07-06 00:52:41.824 I/MyFragmentStateAdapter(14493): getCount
07-06 00:52:41.869 I/MiSysSrv( 1214): [37m[INFO] Change to Voltage: 107 mv (0x28)[m
07-06 00:52:41.877 I/MyFragmentStateAdapter(14493): getCount
07-06 00:52:41.893 I/TVMW@HsTvSetting( 1234): Trace cmd, data = 0x1058
07-06 00:52:41.893 D/til@system( 2026): til_get_system_param option:100002F int:0, bool:0, ret:0
07-06 00:52:41.893 I/TVMW@HsTvSetting( 1234): Trace cmd, data = 0x101f
07-06 00:52:41.894 D/til@system( 2026): til_get_system_param option:100001D int:3, bool:3, ret:0
07-06 00:52:41.894 E/til     ( 2026): [til_get_current_input_source, 101] 
07-06 00:52:41.894 I/TVMW@HsTvSetting( 1234): Trace cmd, data = 0x7007
07-06 00:52:41.894 I/tilwrapper@sm( 2026): HS2TIL_SourceType *hs=0xd, *til=0x900
07-06 00:52:41.894 D/til     ( 2026): get current source 2304
07-06 00:52:41.894 D/SourceRemoteServiceHandler( 2026): getCurrentInputSource.from.til.result is 0, value is 2304
07-06 00:52:41.894 D/SourceRemoteServiceHandler( 2026): getInputSourceType source: 0x900, type=2304
07-06 00:52:41.894 D/til     ( 2026): ###### func:til_get_picture_param option:0x3000006 ######  
07-06 00:52:41.894 I/TVMW@HsTvSetting( 1234): Trace cmd, data = 0x1003
07-06 00:52:41.895 I/TVMW@HsTvSetting( 1234): Trace cmd, data = 0x8032
07-06 00:52:41.895 I/hstvos  ( 1216): [0m[1;33m[HSHAL][HS_VIDEO][HS_HAL_Video_SetOsdDetect_v2][2389]u16Threshold = 20
07-06 00:52:41.895 E/TVMW@videoctrl( 1234):  getOsd is 1
07-06 00:52:41.895 I/MiSysSrv( 1214): Not support now! 42, change to mm_video!!!
07-06 00:52:41.895 D/til@system( 2026): til_get_system_param option:1000027 int:1, bool:1, ret:0
07-06 00:52:41.896 D/til     ( 2026): ###### func:til_get_picture_param option:0x3000045 ######  
07-06 00:52:41.896 I/TVMW@HsTvSetting( 1234): Trace cmd, data = 0x300c
07-06 00:52:41.896 I/TVMW@HsTvSetting( 1234): Trace 3d, data = 0x300c
07-06 00:52:41.896 I/TVMW@3d ( 1234): Hs_debug3d_trace: func:get3dStatus, line:109
07-06 00:52:41.951 I/MyFragmentStateAdapter(14493): getCount
07-06 00:52:41.969 I/MiSysSrv( 1214): [37m[INFO] Change to Voltage: 117 mv (0x32)[m
07-06 00:52:41.976 V/MediaExtractor( 1206): MediaExtractor::Create mime:video/mp4 ---- Enter
07-06 00:52:41.976 V/MediaExtractor( 1206): maomao::MediaExtractor::Create mime:isCts is 0
07-06 00:52:41.978 I/FFMPEG  ( 1206): [mov,mp4,m4a,3gp,3g2,mj2 @ 0xb9863400] Format mov,mp4,m4a,3gp,3g2,mj2 probed with size=2048 and score=100
07-06 00:52:41.979 I/FFMPEG  ( 1206): [mov,mp4,m4a,3gp,3g2,mj2 @ 0xb9863400] ISO: File Type Major Brand: isom
07-06 00:52:42.011 I/FFMPEG  ( 1206): [mov,mp4,m4a,3gp,3g2,mj2 @ 0xb9863400] orig_nb_streams(2)
07-06 00:52:42.011 I/FFMPEG  ( 1206): [mov,mp4,m4a,3gp,3g2,mj2 @ 0xb9863400] Before avformat_find_stream_info() pos: 413026 bytes read:426780 seeks:0
07-06 00:52:42.016 I/FFMPEG  ( 1206): [NULL @ 0xf34df400] [Eval @ 0xf1104eec] Undefined constant or missing '(' in ''
07-06 00:52:42.016 I/FFMPEG  ( 1206): [NULL @ 0xf34df400] Unable to parse option value ""
07-06 00:52:42.016 I/FFMPEG  ( 1206): [NULL @ 0xf34df400] Error setting option debug to value .
07-06 00:52:42.017 I/MyFragmentStateAdapter(14493): getCount
07-06 00:52:42.017 I/FFMPEG  ( 1206): [mov,mp4,m4a,3gp,3g2,mj2 @ 0xb9863400] Failed to open codec in av_find_stream_info
07-06 00:52:42.017 I/FFMPEG  ( 1206): [NULL @ 0xf34e0000] [Eval @ 0xf1104eec] Undefined constant or missing '(' in ''
07-06 00:52:42.018 I/FFMPEG  ( 1206): [NULL @ 0xf34e0000] Unable to parse option value ""
07-06 00:52:42.018 I/FFMPEG  ( 1206): [NULL @ 0xf34e0000] Error setting option debug to value .
07-06 00:52:42.018 I/FFMPEG  ( 1206): [mov,mp4,m4a,3gp,3g2,mj2 @ 0xb9863400] Failed to open codec in av_find_stream_info
07-06 00:52:42.018 I/FFMPEG  ( 1206): [NULL @ 0xf34df400] try_decode_frame, i= 0, pkt->stream_index = 0
07-06 00:52:42.042 I/FFMPEG  ( 1206): [h264 @ 0xf34df400] no picture 
07-06 00:52:42.057 D/Carousel-SimpleVideoView(14493): speedKB=2418
07-06 00:52:42.057 D/Carousel-SimpleVideoView(14493): msg.arg1=1
07-06 00:52:42.070 I/MyFragmentStateAdapter(14493): getCount
07-06 00:52:42.092 I/NetflixMonitorService( 1733): current fgapk : com.hisense.hicloud.edca
07-06 00:52:42.092 I/NetflixMonitorService( 1733): Netflix status unchanged
07-06 00:52:42.113 I/MyFragmentStateAdapter(14493): getCount
07-06 00:52:42.118 I/TVMW@devctrl( 1234): wdt
07-06 00:52:42.148 D/PowerManagerService( 1733): releaseWakeLockInternal: lock=681732318 [ActivityManager-Launch], flags=0x0
07-06 00:52:42.148 D/PowerManagerNotifier( 1733): onWakeLockReleased: flags=1, tag="ActivityManager-Launch", packageName=android, ownerUid=1000, ownerPid=1733, workSource=null
07-06 00:52:42.152 I/FFMPEG  ( 1206): [mov,mp4,m4a,3gp,3g2,mj2 @ 0xb9863400] i(1) > pkt->stream_index(0),conitnue
07-06 00:52:42.152 I/FFMPEG  ( 1206): [NULL @ 0xf34e0000] try_decode_frame, i= 1, pkt->stream_index = 1
07-06 00:52:42.154 E/HttpDnsUtils(14493): http callCancel(): mViewTag = EntryActivity
07-06 00:52:42.158 I/FFMPEG  ( 1206): [aac @ 0xf34e0000] skip whole frame, skip left: 0
07-06 00:52:42.162 I/FFMPEG  ( 1206): [mov,mp4,m4a,3gp,3g2,mj2 @ 0xb9863400] After avformat_find_stream_info() pos: 473274 bytes read:492316 seeks:0 frames:3
07-06 00:52:42.162 I/FFmpegExtractor( 1206): the duration is 00:08:58.08
07-06 00:52:42.162 I/FFmpegExtractor( 1206): streamIndex: 0 ,stream_index 0
07-06 00:52:42.162 D/FFmpegExtractor( 1206): is_codec_supported codec_id is 28
07-06 00:52:42.162 D/FFmpegExtractor( 1206): setVideoFormat avctx->codec_id is 28
07-06 00:52:42.162 V/codec_utils( 1206): AVC
07-06 00:52:42.162 I/FFmpegExtractor( 1206): the time is 00:08:58.08
07-06 00:52:42.162 I/FFmpegExtractor( 1206): streamIndex: 1 ,stream_index 1
07-06 00:52:42.162 D/FFmpegExtractor( 1206): is_codec_supported codec_id is 86018
07-06 00:52:42.162 V/codec_utils( 1206): AAC
07-06 00:52:42.162 V/codec_utils( 1206): aac profile: 1, sf_index: 4, channel: 2
07-06 00:52:42.162 I/FFmpegExtractor( 1206): bit_rate: 55687, sample_rate: 44100, channels: 2, bits_per_coded_sample: 16, block_align:0
07-06 00:52:42.162 I/FFmpegExtractor( 1206): the time is 00:08:58.00
07-06 00:52:42.162 D/FFmpegExtractor( 1206): Reader thread started
07-06 00:52:42.162 D/FFmpegExtractor( 1206): supported mime: video/mp4
07-06 00:52:42.167 W/avc_utils( 1206): [3D detect]It is not SEI Nal
07-06 00:52:42.167 W/avc_utils( 1206): [3D detect]It is not SEI Nal
07-06 00:52:42.167 W/avc_utils( 1206): [3D detect]It is not SEI Nal
07-06 00:52:42.171 D/PowerManagerService( 1733): setScreenBrightnessOverrideFromWindowManagerInternal done
07-06 00:52:42.176 D/OsdMonitorService( 1733): mCurrentWindow = com.hisense.hicloud.edca/com.hisense.tvui.newhome.HomeMainActivity; newWindow = com.hisense.hicloud.edca/com.hisense.tvui.newhome.HomeMainActivity; isSubWindow = false; isInWinList = false; isExitNow = false
07-06 00:52:42.176 D/OsdMonitorService( 1733): windowNotOsd() : name = com.hisense.hicloud.edca/com.hisense.tvui.newhome.HomeMainActivity
07-06 00:52:42.176 I/OsdMonitorService( 1733): setOsdStatus() : status will change from true to true
07-06 00:52:42.180 I/MyFragmentStateAdapter(14493): getCount
07-06 00:52:42.205 I/MyFragmentStateAdapter(14493): getCount
07-06 00:52:42.217 I/NuCachedSource2( 1206): new range: offset= 218840569
07-06 00:52:42.217 I/NuCachedSource2( 1206): seekInternal_l ---- totalSize: 1703936
07-06 00:52:42.217 D/MediaHTTPConnection(14493): offset = 218840569, mCurrentOffset = 1703936
07-06 00:52:42.217 D/MediaHTTPConnection(14493): seekTo 218840569
07-06 00:52:42.217 D/MediaHTTPConnection(14493): teardownConnection
07-06 00:52:42.230 I/MyFragmentStateAdapter(14493): getCount
07-06 00:52:42.253 I/MyFragmentStateAdapter(14493): getCount
07-06 00:52:42.272 I/MyFragmentStateAdapter(14493): getCount
07-06 00:52:42.292 I/MyFragmentStateAdapter(14493): getCount
07-06 00:52:42.313 I/MyFragmentStateAdapter(14493): getCount
07-06 00:52:42.321 D/MediaHTTPConnection(14493): close inputstream
07-06 00:52:42.322 D/MediaHTTPConnection(14493): hitting http://61.162.100.56/jhxvideo-ws.video-tx.com/rendition/201705/205989353451683841/205989353451684353/bb/243216185158536196/243216215223308548/r243216215223308548-3200k-1920x1080.mp4?wsSecret=bf8cf4ea9b38db07590c671d910149b8&wsTime=595d1957&wsiphost=local
07-06 00:52:42.334 I/MyFragmentStateAdapter(14493): getCount
07-06 00:52:42.343 D/MediaHTTPConnection(14493): [Connection@906752562] response.heeader.null = HTTP/1.1 206 Partial Content
07-06 00:52:42.344 D/MediaHTTPConnection(14493): [Connection@906752562] response.heeader.Accept-Ranges = bytes
07-06 00:52:42.344 D/MediaHTTPConnection(14493): [Connection@906752562] response.heeader.Age = 2345298
07-06 00:52:42.344 D/MediaHTTPConnection(14493): [Connection@906752562] response.heeader.Cache-Control = max-age=5184000
07-06 00:52:42.344 D/MediaHTTPConnection(14493): [Connection@906752562] response.heeader.Connection = keep-alive
07-06 00:52:42.344 D/MediaHTTPConnection(14493): [Connection@906752562] response.heeader.Content-Length = 128
07-06 00:52:42.344 D/MediaHTTPConnection(14493): [Connection@906752562] response.heeader.Content-MD5 = b0d2FgZ34VxS2J9TYuIjgA==
07-06 00:52:42.344 D/MediaHTTPConnection(14493): [Connection@906752562] response.heeader.Content-Range = bytes 218840569-218840696/218840697
07-06 00:52:42.344 D/MediaHTTPConnection(14493): [Connection@906752562] response.heeader.Content-Type = application/octet-stream
07-06 00:52:42.344 D/MediaHTTPConnection(14493): [Connection@906752562] response.heeader.Date = Thu, 08 Jun 2017 13:24:24 GMT
07-06 00:52:42.344 D/MediaHTTPConnection(14493): [Connection@906752562] response.heeader.ETag = "6F4776160677E15C52D89F5362E22380"
07-06 00:52:42.344 D/MediaHTTPConnection(14493): [Connection@906752562] response.heeader.Last-Modified = Mon, 08 May 2017 17:24:17 GMT
07-06 00:52:42.344 D/MediaHTTPConnection(14493): [Connection@906752562] response.heeader.Server = nginx/1.2.4
07-06 00:52:42.344 D/MediaHTTPConnection(14493): [Connection@906752562] response.heeader.Via = 1.1 chshx150:7 (Cdn Cache Server V2.0)[0 200 0], 1.1 sdbz31:0 (Cdn Cache Server V2.0)[76 200 0], 1.1 PSsdzbwt4ld56:3 (Cdn Cache Server V2.0)[0 200 0]
07-06 00:52:42.344 D/MediaHTTPConnection(14493): [Connection@906752562] response.heeader.X-Android-Received-Millis = 1499273562343
07-06 00:52:42.344 D/MediaHTTPConnection(14493): [Connection@906752562] response.heeader.X-Android-Response-Source = NETWORK 206
07-06 00:52:42.344 D/MediaHTTPConnection(14493): [Connection@906752562] response.heeader.X-Android-Sent-Millis = 1499273562330
07-06 00:52:42.344 D/MediaHTTPConnection(14493): [Connection@906752562] response.heeader.x-oss-hash-crc64ecma = 10858506031335928878
07-06 00:52:42.344 D/MediaHTTPConnection(14493): [Connection@906752562] response.heeader.x-oss-object-type = Normal
07-06 00:52:42.344 D/MediaHTTPConnection(14493): [Connection@906752562] response.heeader.x-oss-request-id = 591D64783FEA2FF75DF4AA6E
07-06 00:52:42.344 D/MediaHTTPConnection(14493): [Connection@906752562] response.heeader.x-oss-server-time = 46
07-06 00:52:42.344 D/MediaHTTPConnection(14493): [Connection@906752562] response.heeader.x-oss-storage-class = Standard
07-06 00:52:42.345 I/NuCachedSource2( 1206): caching reached eos.
07-06 00:52:42.346 V/NuPlayer( 1206): Video input format 1920 x 1080
07-06 00:52:42.346 V/NuPlayer( 1206): updateVideoSize::rotationDegrees=0
07-06 00:52:42.346 W/avc_utils( 1206): [3D detect]It is not SEI Nal
07-06 00:52:42.346 E/NuPlayerDriver( 1206): notifyDuration (538083333)
07-06 00:52:42.346 W/avc_utils( 1206): [3D detect]It is not SEI Nal
07-06 00:52:42.346 W/avc_utils( 1206): [3D detect]It is not SEI Nal
07-06 00:52:42.353 V/MediaPlayer-JNI(14493): getVideoWidth: 1920
07-06 00:52:42.353 V/MediaPlayer-JNI(14493): getVideoHeight: 1080
07-06 00:52:42.356 I/NuCachedSource2( 1206): new range: offset= 1703936
07-06 00:52:42.356 I/NuCachedSource2( 1206): seekInternal_l ---- totalSize: 1704064
07-06 00:52:42.357 E/MediaPlayer(14493): Should have subtitle controller already set
07-06 00:52:42.357 V/MediaPlayer-JNI(14493): getVideoWidth: 1920
07-06 00:52:42.357 V/MediaPlayer-JNI(14493): getVideoHeight: 1080
07-06 00:52:42.369 I/MiSysSrv( 1214): [37m[INFO] Change to Voltage: 107 mv (0x28)[m
07-06 00:52:42.370 I/Carousel-UrlVideoView(14493): onMeasure(MeasureSpec: EXACTLY 816, MeasureSpec: EXACTLY 460)
07-06 00:52:42.371 D/Carousel-UrlVideoView(14493): widthSpecMode=1073741824
07-06 00:52:42.371 D/Carousel-UrlVideoView(14493): heightSpecMode=1073741824
07-06 00:52:42.371 D/Carousel-UrlVideoView(14493): widthSpecSize=816
07-06 00:52:42.371 D/Carousel-UrlVideoView(14493): heightSpecSize=460
07-06 00:52:42.371 I/Carousel-UrlVideoView(14493): onMeasure(MeasureSpec: EXACTLY 816, MeasureSpec: EXACTLY 460)
07-06 00:52:42.371 D/Carousel-UrlVideoView(14493): widthSpecMode=1073741824
07-06 00:52:42.371 D/Carousel-UrlVideoView(14493): heightSpecMode=1073741824
07-06 00:52:42.371 D/Carousel-UrlVideoView(14493): widthSpecSize=816
07-06 00:52:42.371 D/Carousel-UrlVideoView(14493): heightSpecSize=460
07-06 00:52:42.371 I/SurfaceView(14493): Changes: creating=false format=false size=true visible=false left=false top=false
07-06 00:52:42.371 I/SurfaceView(14493): Cur surface: Surface(name=null)/@0x1a0219ef
07-06 00:52:42.372 D/Surface ( 1733): onStatusChange() : mNativeObject = 547942814208 mUseImageHwRender = false
07-06 00:52:42.372 V/Surface ( 1733): nativeSetHardwareRender() : status = 0
07-06 00:52:42.372 V/Surface ( 1733): nativeSetHardwareRender() : end
07-06 00:52:42.389 D/PowerManagerService( 1733): setScreenBrightnessOverrideFromWindowManagerInternal done
07-06 00:52:42.389 V/SurfaceView(14493): com.hisense.hitv.carouselwidgit.view.videoview.UrlVideoView{fad6482 V.E..... ......I. 0,0-816,460} got resized: w=816 h=460, cur w=-1 h=-1
07-06 00:52:42.391 D/PowerManagerService( 1733): setScreenBrightnessOverrideFromWindowManagerInternal done
07-06 00:52:42.393 D/Surface ( 1733): onStatusChange() : mNativeObject = 0 mUseImageHwRender = false
07-06 00:52:42.394 D/Surface (14493): onStatusChange() : mNativeObject = -539275520 mUseImageHwRender = false
07-06 00:52:42.394 V/Surface (14493): nativeSetHardwareRender() : status = 0
07-06 00:52:42.394 V/Surface (14493): nativeSetHardwareRender() : end
07-06 00:52:42.394 I/SurfaceView(14493): New surface: Surface(name=null)/@0x34a60cfc, vis=true, frame=Rect(549, 205 - 1365, 665)
07-06 00:52:42.394 D/Surface (14493): onStatusChange() : mNativeObject = 0 mUseImageHwRender = false
07-06 00:52:42.394 D/Surface (14493): onStatusChange() : mNativeObject = -539275520 mUseImageHwRender = false
07-06 00:52:42.394 V/Surface (14493): nativeSetHardwareRender() : status = 0
07-06 00:52:42.394 V/Surface (14493): nativeSetHardwareRender() : end
07-06 00:52:42.394 I/SurfaceView(14493): surfaceChanged -- format=4 w=1920 h=1080
07-06 00:52:42.394 D/Carousel-UrlVideoView(14493): surfaceChanged
07-06 00:52:42.394 D/Carousel-UrlVideoView(14493): isValidState:true,hasValidSize:true
07-06 00:52:42.394 D/Carousel-UrlVideoView(14493): mVideoWidth:1920,mVideoHeight:1080,w:1920,h:1080
07-06 00:52:42.395 D/Carousel-UrlVideoView(14493): ===============>surfaceChanged start
07-06 00:52:42.395 V/MediaPlayer-JNI(14493): start
07-06 00:52:42.396 D/NuPlayerDriver( 1206): start(0xf40ac040)
07-06 00:52:42.396 V/NuPlayer( 1206): kWhatStart
07-06 00:52:42.396 V/NuPlayer( 1206): [NuPlayerRequestResourcesAsync-3121]
07-06 00:52:42.396 V/RMClient( 1206): #591:requestResourceAsync
07-06 00:52:42.396 V/NuPlayer( 1206): [NuPlayerWaitResourcesAllocation-3143]
07-06 00:52:42.396 V/RMClient( 1206): #591:onMessageReceived creq
07-06 00:52:42.396 V/RMClient( 1206): #591:kWhatCmdResourceRequest
07-06 00:52:42.396 V/SurfaceView(14493): Layout: x=549 y=205 w=816 h=460, frame=Rect(0, 0 - 816, 460)
07-06 00:52:42.397 I/TVMW@HsTvSetting( 1234): Trace cmd, data = 0x1058
07-06 00:52:42.397 D/til@system( 2026): til_get_system_param option:100002F int:0, bool:0, ret:0
07-06 00:52:42.397 V/RMAllocator( 1198): handleRequest
07-06 00:52:42.397 I/TVMW@HsTvSetting( 1234): Trace cmd, data = 0x101f
07-06 00:52:42.398 D/til@system( 2026): til_get_system_param option:100001D int:3, bool:3, ret:0
07-06 00:52:42.398 V/RMClient( 1206): #591:Done
07-06 00:52:42.398 E/til     ( 2026): [til_get_current_input_source, 101] 
07-06 00:52:42.398 I/TVMW@HsTvSetting( 1234): Trace cmd, data = 0x7007
07-06 00:52:42.398 V/RMAllocator( 1198): handleRequest new ClientInfo, client=2378240064 id=591
07-06 00:52:42.398 I/tilwrapper@sm( 2026): HS2TIL_SourceType *hs=0xd, *til=0x900
07-06 00:52:42.398 D/til     ( 2026): get current source 2304
07-06 00:52:42.398 V/RMClient( 1206): #590:~RMClient
07-06 00:52:42.398 V/RMClient( 1206): #590:RMClient::returnAllResourcesAsync
07-06 00:52:42.398 D/SourceRemoteServiceHandler( 2026): getCurrentInputSource.from.til.result is 0, value is 2304
07-06 00:52:42.398 D/SourceRemoteServiceHandler( 2026): getInputSourceType source: 0x900, type=2304
07-06 00:52:42.398 D/til     ( 2026): ###### func:til_get_picture_param option:0x3000006 ######  
07-06 00:52:42.398 I/RMAllocator( 1198): ClientInfo this=2378256608, mRMClient=2378240064. id=591
07-06 00:52:42.398 V/RMAllocator( 1198): handleRequest new ClientInfo=2378256608, client=2378240064 id=591
07-06 00:52:42.399 D/TVEmuRMService_main( 1198): type =10 , pip=0 
07-06 00:52:42.399 D/TVEmuRMService_main( 1198): pip disable path 
07-06 00:52:42.399 D/TVEmuRMService_main( 1198): type =11 , pip=0 
07-06 00:52:42.399 D/TVEmuRMService_main( 1198): pip disable path 
07-06 00:52:42.399 D/TVEmuRMService_main( 1198): type =12 , pip=0 
07-06 00:52:42.399 D/TVEmuRMService_main( 1198): pip disable path 
07-06 00:52:42.399 D/TVEmuRMService_main( 1198): type =13 , pip=0 
07-06 00:52:42.399 D/TVEmuRMService_main( 1198): pip disable path 
07-06 00:52:42.399 V/RMAllocator( 1198): allocateResources
07-06 00:52:42.399 V/RMAllocator( 1198): allocateOneResource
07-06 00:52:42.399 V/RMAllocator( 1198): allocateOneResource
07-06 00:52:42.399 V/RMClient( 1206): #591:handleRequestDone
07-06 00:52:42.399 I/TVMW@HsTvSetting( 1234): Trace cmd, data = 0x1003
07-06 00:52:42.399 I/NuPlayer( 1206): NuPlayerRMClientListener::~NuPlayerRMClientListener
07-06 00:52:42.399 V/RMClientListener( 1206): ~RMClientListener
07-06 00:52:42.399 V/RMClient( 1206): #591:onMessageReceived ldon
07-06 00:52:42.399 V/RMClient( 1206): #591:kWhatRequestDone
07-06 00:52:42.399 I/NuPlayer( 1206): NuPlayerRMClientListener::handleRequestDone
07-06 00:52:42.399 V/NuPlayer( 1206): [handleRequestDone-3157]
07-06 00:52:42.400 I/NuPlayer( 1206): Resource allocation ok
07-06 00:52:42.400 I/GenericSource( 1206): start
07-06 00:52:42.400 I/TVMW@HsTvSetting( 1234): Trace cmd, data = 0x8032
07-06 00:52:42.400 V/RMClient( 1206): #591:Done
07-06 00:52:42.400 W/FFmpegExtractor( 1206): drop the packet with negative timestamp(pts:-1024)
07-06 00:52:42.400 I/hstvos  ( 1216): [0m[1;33m[HSHAL][HS_VIDEO][HS_HAL_Video_SetOsdDetect_v2][2389]u16Threshold = 20
07-06 00:52:42.400 I/MiSysSrv( 1214): Not support now! 42, change to mm_video!!!
07-06 00:52:42.400 E/TVMW@videoctrl( 1234):  getOsd is 1
07-06 00:52:42.400 D/til@system( 2026): til_get_system_param option:1000027 int:1, bool:1, ret:0
07-06 00:52:42.401 D/til     ( 2026): ###### func:til_get_picture_param option:0x3000045 ######  
07-06 00:52:42.401 I/TVMW@HsTvSetting( 1234): Trace cmd, data = 0x300c
07-06 00:52:42.401 I/TVMW@HsTvSetting( 1234): Trace 3d, data = 0x300c
07-06 00:52:42.401 I/TVMW@3d ( 1234): Hs_debug3d_trace: func:get3dStatus, line:109
07-06 00:52:42.403 I/MyFragmentStateAdapter(14493): getCount
07-06 00:52:42.412 V/AudioPolicyManager( 1206): isOffloadSupported: SR=44100, CM=0x3, Format=0x4000000, StreamType=3, BitRate=55687, duration=538007233 us, has_video=1
07-06 00:52:42.412 V/AudioPolicyManager( 1206): isOffloadSupported: has_video == true, returning false
07-06 00:52:42.414 D/DtvSourcePlugin-DVBC( 4289): Setting the EPG Updater state to: WAIT
07-06 00:52:42.416 V/NuPlayer( 1206): scanning sources haveAudio=0, haveVideo=0
07-06 00:52:42.417 V/AudioPolicyManager( 1206): isOffloadSupported: SR=44100, CM=0x3, Format=0x4000000, StreamType=3, BitRate=55687, duration=538007233 us, has_video=1
07-06 00:52:42.417 V/AudioPolicyManager( 1206): isOffloadSupported: has_video == true, returning false
07-06 00:52:42.417 V/NuPlayer( 1206): [instantiateDecoder] wait video codec excuting!!!
07-06 00:52:42.418 I/NuPlayerDecoder( 1206): [onConfigure] Need Extra Frame is No
07-06 00:52:42.418 I/NuPlayerDecoder( 1206): [onConfigure] Need Extra Frame is No
07-06 00:52:42.419 V/SoftOMXPlugin( 1206): makeComponentInstance 'OMX.google.aac.decoder'
07-06 00:52:42.430 V/SoftOMXPlugin( 1206): load component libstagefright_soft_aacdec.so for OMX.google.aac.decoder
07-06 00:52:42.435 I/MS_OMX_CORE( 1206): ComponentName : OMX.MS.AVC.Decoder, version -..
07-06 00:52:42.438 D/NuPlayer( 1206): rrrr audio decoder executing, canreset set true
07-06 00:52:42.439 D/Surface ( 1733): onStatusChange() : mNativeObject = 547942835712 mUseImageHwRender = false
07-06 00:52:42.439 V/Surface ( 1733): nativeSetHardwareRender() : status = 0
07-06 00:52:42.439 I/SoftAAC2( 1206): Reconfiguring decoder: 0->44100 Hz, 0->2 channels
07-06 00:52:42.439 V/Surface ( 1733): nativeSetHardwareRender() : end
07-06 00:52:42.439 D/NuPlayer( 1206): rrrr audio decoder executing, canreset set true
07-06 00:52:42.440 E/OMXNodeInstance( 1206): setConfig(2cc:MS.AVC.Decoder, ConfigAutoFramerateConversion(0x6f800001)) ERROR: NotImplemented(0x80001006)
07-06 00:52:42.440 I/ACodec  ( 1206): codec does not support requested auto-frc (err -2147483648)
07-06 00:52:42.440 E/OMXNodeInstance( 1206): getExtensionIndex(2cc:MS.AVC.Decoder, OMX.google.android.index.storeMetaDataInBuffers) ERROR: BadParameter(0x80001005)
07-06 00:52:42.440 E/ACodec  ( 1206): [OMX.MS.AVC.Decoder] storeMetaDataInBuffers failed w/ err -2147483648
07-06 00:52:42.442 D/PowerManagerService( 1733): acquireWakeLockInternal: lock=487931605, flags=0x2000000a, tag="WindowManager", ws=WorkSource{10010}, uid=1000, pid=1733
07-06 00:52:42.442 D/PowerManagerNotifier( 1733): onWakeLockAcquired: flags=536870922, tag="WindowManager", packageName=android, ownerUid=1000, ownerPid=1733, workSource=WorkSource{10010}
07-06 00:52:42.442 D/PowerManagerService( 1733): setScreenBrightnessOverrideFromWindowManagerInternal done
07-06 00:52:42.445 D/MS_OMX_VDEC( 1206): Allocate pBuffer[0]: 0xba8fc000
07-06 00:52:42.445 D/NuPlayer( 1206): rrrr audio decoder executing, canreset set true
07-06 00:52:42.445 D/MS_OMX_VDEC( 1206): Allocate pBuffer[0]: 0xb9c03000
07-06 00:52:42.445 D/MS_OMX_VDEC( 1206): Allocate pBuffer[0]: 0xd7403000
07-06 00:52:42.445 D/MS_OMX_VDEC( 1206): Allocate pBuffer[0]: 0xf1818000
07-06 00:52:42.445 D/MS_OMX_VDEC( 1206): Allocate pBuffer[0]: 0xb6403000
07-06 00:52:42.446 D/MediaHTTPConnection(14493): connect: uri=http://jhxvideo-ws.video-tx.com/rendition/201705/205989353451683841/205989353451684353/bb/243216185158536196/243216215223308548/r243216215223308548-3200k-1920x1080.mp4?wsSecret=bf8cf4ea9b38db07590c671d910149b8&wsTime=595d1957, headers=User-Agent: stagefright/1.2 (Linux;Android 5.1.1)
07-06 00:52:42.446 D/MediaHTTPConnection(14493): teardownConnection
07-06 00:52:42.446 D/MediaHTTPConnection(14493): close inputstream
07-06 00:52:42.448 D/MediaHTTPConnection(14493): offset = 1703936, mCurrentOffset = -1
07-06 00:52:42.448 D/MediaHTTPConnection(14493): seekTo 1703936
07-06 00:52:42.449 D/Surface ( 1733): onStatusChange() : mNativeObject = 0 mUseImageHwRender = false
07-06 00:52:42.449 D/MediaHTTPConnection(14493): hitting http://jhxvideo-ws.video-tx.com/rendition/201705/205989353451683841/205989353451684353/bb/243216185158536196/243216215223308548/r243216215223308548-3200k-1920x1080.mp4?wsSecret=bf8cf4ea9b38db07590c671d910149b8&wsTime=595d1957
07-06 00:52:42.450 E/OMXNodeInstance( 1206): setParameter(2cc:MS.AVC.Decoder, ParamPortDefinition(0x2000001)) ERROR: BadParameter(0x80001005)
07-06 00:52:42.450 W/ACodec  ( 1206): [OMX.MS.AVC.Decoder] setting nBufferCountActual to 6 failed: -2147483648
07-06 00:52:42.450 E/OMXNodeInstance( 1206): setParameter(2cc:MS.AVC.Decoder, ParamPortDefinition(0x2000001)) ERROR: BadParameter(0x80001005)
07-06 00:52:42.450 W/ACodec  ( 1206): [OMX.MS.AVC.Decoder] setting nBufferCountActual to 5 failed: -2147483648
07-06 00:52:42.450 D/gralloc ( 1204): allocate buffer from ION HEAP 0x1
07-06 00:52:42.450 D/gralloc ( 1204): allocate memory from system heap
07-06 00:52:42.453 D/gralloc ( 1204): allocate buffer from ION HEAP 0x1
07-06 00:52:42.453 D/gralloc ( 1204): allocate memory from system heap
07-06 00:52:42.455 D/gralloc ( 1204): allocate buffer from ION HEAP 0x1
07-06 00:52:42.455 D/gralloc ( 1204): allocate memory from system heap
07-06 00:52:42.456 I/MyFragmentStateAdapter(14493): getCount
07-06 00:52:42.457 D/gralloc ( 1204): allocate buffer from ION HEAP 0x1
07-06 00:52:42.458 D/gralloc ( 1204): allocate memory from system heap
07-06 00:52:42.461 I/MSTAR_VDEC_API( 1206): Open Stream State: 11 0 0
07-06 00:52:42.461 I/apiMMAP ( 1206): get_info: E_MMAP_ID_VDEC_SUB_FRAMEBUFFER: not fount
07-06 00:52:42.461 W/MS_LOG  ( 1206): mmapInfo == NULL
07-06 00:52:42.461 I/MSTAR_VDEC_API( 1206): Open Stream Type: 0, pid=1206
07-06 00:52:42.461 I/MSTAR_VDEC_API( 1206): MApi_VDEC_EX_GetFreeStream bResult=1
07-06 00:52:42.461 I/MSTAR_VDEC_API( 1206): no stored streamIds
07-06 00:52:42.461 I/MSTAR_VDEC_API( 1206): no stored streamIds
07-06 00:52:42.461 I/MSTAR_VDEC_API( 1206): add StreamId: 0x4040
07-06 00:52:42.465 D/MSTAR_VDEC_API( 1206): pInitParam->SysConfig.u32CodeBufAddr = 80000000
07-06 00:52:42.465 D/MSTAR_VDEC_API( 1206): pInitParam->SysConfig.u32CodeBufSize = 2097152
07-06 00:52:42.465 D/MSTAR_VDEC_API( 1206): pInitParam->SysConfig.u32FrameBufAddr = 82c00000
07-06 00:52:42.465 D/MSTAR_VDEC_API( 1206): pInitParam->SysConfig.u32FrameBufSize = 167772160
07-06 00:52:42.465 D/MSTAR_VDEC_API( 1206): pInitParam->SysConfig.u32BitstreamBufAddr = 80200000
07-06 00:52:42.465 D/MSTAR_VDEC_API( 1206): pInitParam->SysConfig.u32BitstreamBufSize = 25165824
07-06 00:52:42.465 D/MSTAR_VDEC_API( 1206): pInitParam->SysConfig.u32DrvProcBufAddr = 80200000
07-06 00:52:42.465 D/MSTAR_VDEC_API( 1206): pInitParam->SysConfig.u32DrvProcBufSize = 524288
07-06 00:52:42.465 D/MSTAR_VDEC_API( 1206): FrameRate from demuxer: 0 0, 0 0
07-06 00:52:42.465 D/MSTAR_VDEC_API( 1206): pInitParam->VideoInfo.eTimeStampType = 0x3
07-06 00:52:42.471 I/MiSysSrv( 1214): [37m[INFO] Change to Voltage: 102 mv (0x23)[m
07-06 00:52:42.472 D/        ( 1206): [VDEC][0] MApi_CMA_Pool_Init[0]: pool_handle_id=13, miu=1, offset=1c00000, length=c400000 , FrameBuffer=82c00000, unUseSize=1000000
07-06 00:52:42.485 D/        ( 1206): [VDEC][0] MApi_CMA_Pool_Init[1] Failed
07-06 00:52:42.485 D/        ( 1206): [VDEC][0][CMA]u32FrameBufSize is not 0
07-06 00:52:42.499 I/MyFragmentStateAdapter(14493): getCount
07-06 00:52:42.542 I/MyFragmentStateAdapter(14493): getCount
07-06 00:52:42.565 D/Carousel-SimpleVideoView(14493): speedKB=1330
07-06 00:52:42.565 D/Carousel-SimpleVideoView(14493): msg.arg1=1
07-06 00:52:42.569 I/MiSysSrv( 1214): [37m[INFO] Change to Voltage: 102 mv (0x23)[m
07-06 00:52:42.579 I/MyFragmentStateAdapter(14493): getCount
07-06 00:52:42.706 D/MediaHTTPConnection(14493): [Connection@730696579] response.heeader.null = HTTP/1.1 206 Partial Content
07-06 00:52:42.707 D/MediaHTTPConnection(14493): [Connection@730696579] response.heeader.Accept-Ranges = bytes
07-06 00:52:42.707 D/MediaHTTPConnection(14493): [Connection@730696579] response.heeader.Age = 2176932
07-06 00:52:42.707 D/MediaHTTPConnection(14493): [Connection@730696579] response.heeader.Cache-Control = max-age=5184000
07-06 00:52:42.707 D/MediaHTTPConnection(14493): [Connection@730696579] response.heeader.Connection = keep-alive
07-06 00:52:42.707 D/MediaHTTPConnection(14493): [Connection@730696579] response.heeader.Content-Length = 217136761
07-06 00:52:42.707 D/MediaHTTPConnection(14493): [Connection@730696579] response.heeader.Content-MD5 = b0d2FgZ34VxS2J9TYuIjgA==
07-06 00:52:42.707 D/MediaHTTPConnection(14493): [Connection@730696579] response.heeader.Content-Range = bytes 1703936-218840696/218840697
07-06 00:52:42.707 D/MediaHTTPConnection(14493): [Connection@730696579] response.heeader.Content-Type = application/octet-stream
07-06 00:52:42.707 D/MediaHTTPConnection(14493): [Connection@730696579] response.heeader.Date = Sat, 10 Jun 2017 12:11:49 GMT
07-06 00:52:42.707 D/MediaHTTPConnection(14493): [Connection@730696579] response.heeader.ETag = "6F4776160677E15C52D89F5362E22380"
07-06 00:52:42.707 D/MediaHTTPConnection(14493): [Connection@730696579] response.heeader.Last-Modified = Mon, 08 May 2017 17:24:17 GMT
07-06 00:52:42.707 D/MediaHTTPConnection(14493): [Connection@730696579] response.heeader.Server = nginx/1.2.4
07-06 00:52:42.707 D/MediaHTTPConnection(14493): [Connection@730696579] response.heeader.Via = 1.1 chshx150:7 (Cdn Cache Server V2.0)[0 200 0], 1.1 sdbz31:0 (Cdn Cache Server V2.0)[26 200 0], 1.1 tongxiazai20:3 (Cdn Cache Server V2.0)[0 200 0]
07-06 00:52:42.707 D/MediaHTTPConnection(14493): [Connection@730696579] response.heeader.X-Android-Received-Millis = 1499273562706
07-06 00:52:42.707 D/MediaHTTPConnection(14493): [Connection@730696579] response.heeader.X-Android-Response-Source = NETWORK 206
07-06 00:52:42.707 D/MediaHTTPConnection(14493): [Connection@730696579] response.heeader.X-Android-Sent-Millis = 1499273562664
07-06 00:52:42.707 D/MediaHTTPConnection(14493): [Connection@730696579] response.heeader.x-oss-hash-crc64ecma = 10858506031335928878
07-06 00:52:42.707 D/MediaHTTPConnection(14493): [Connection@730696579] response.heeader.x-oss-object-type = Normal
07-06 00:52:42.707 D/MediaHTTPConnection(14493): [Connection@730696579] response.heeader.x-oss-request-id = 591D64783FEA2FF75DF4AA6E
07-06 00:52:42.707 D/MediaHTTPConnection(14493): [Connection@730696579] response.heeader.x-oss-server-time = 46
07-06 00:52:42.707 D/MediaHTTPConnection(14493): [Connection@730696579] response.heeader.x-oss-storage-class = Standard
07-06 00:52:42.786 I/NuCachedSource2( 1206): retrying a previously failed read succeeded.
07-06 00:52:42.805 D/        ( 1206): [VDEC][0]MApi_CMA_Pool_GetMem0: alloc_param.pool_handle_id=13, alloc_param.flags=4, alloc_param.offset_in_pool=1000000, alloc_param.length=8200000
07-06 00:52:42.805 E/        ( 1206): [HVD][ERR]MDrv_HVD_EX_PreSetVdecFeature:
07-06 00:52:42.805 E/        ( 1206): MDrv_HVD_EX_PreSetVdecFeature 0x0
07-06 00:52:42.814 D/MSTAR_VDEC_API( 1206): Demuxer Frame Rate = 0 0
07-06 00:52:42.815 I/apiMMAP ( 1206): get_info: E_MMAP_ID_VDEC_FRAMEBUFFER_BALANCE_BW: not fount
07-06 00:52:42.815 W/MS_LOG  ( 1206): mmapInfo == NULL
07-06 00:52:42.821 I/MS_OMX_VDEC( 1206): [OMX.MS.AVC.Decoder]MS_OMX_OutputBufferProcess: in pause state , waiting for resume...
07-06 00:52:42.827 D/NuPlayer( 1206): rrrr video decoder executing, canreset set true
07-06 00:52:42.827 D/NuPlayer( 1206): rrrr video decoder executing, canreset set true
07-06 00:52:42.827 I/MS_OMX_VDEC( 1206): [OMX.MS.AVC.Decoder]MS_OMX_OutputBufferProcess: ...resumed
07-06 00:52:42.850 D/MSTAR_VDEC_API( 1206): u32SHMAddr = 0x800cfa00, u8DataOnMIU = 0x1
07-06 00:52:42.850 D/MSTAR_VDEC_API( 1206): u8AspectRate = 0x1, u32AspectWidth = 1920, u32AspectHeight = 1080
07-06 00:52:42.850 D/MSTAR_VDEC_API( 1206): phyVsyncBridgeExtAddr = 0x800d0000, u8DataOnMIU = 0x1, W/H [1920/1088] CROP = [0 0 0 8]
07-06 00:52:42.850 D/MSTAR_VDEC_API( 1206): [0] Free Backup Config Data
07-06 00:52:42.881 D/MSTAR_VDEC_DBG( 1206): Stream ID: 0, Rate : 0 (E:0,D:0,S:0,F:5) 
07-06 00:52:42.882 V/NuPlayer( 1206): [kWhatVideoNotify] nuplayerdecoder return kWhatVideoSizeChanged
07-06 00:52:42.883 V/NuPlayer( 1206): Video output format changed to 1920 x 1088 (crop: 1920 x 1080 @ (0, 0))
07-06 00:52:42.884 V/NuPlayer( 1206): updateVideoSize::rotationDegrees=0
07-06 00:52:42.887 V/NuPlayer( 1206): media rendering started
07-06 00:52:42.889 E/BufferQueueProducer( 1204): fromProcess: /system/bin/mediaserver
07-06 00:52:42.889 D/vsyncbridge( 1204): vsync_bridge_render_frame: [0]switch not on !
07-06 00:52:42.889 D/vsyncbridge( 1204): Display Path INIT BEGIN
07-06 00:52:42.897 D/hwcomposer( 1204): Overlay[0], bInUsed = 1, bIsForceClose = 0
07-06 00:52:42.897 D/vsyncbridge( 1204): [0] handle_thread thread got msg 0x1, mState = 0
07-06 00:52:42.897 D/vsyncbridge( 1204): Overlay 0 state change from 0 to 1
07-06 00:52:42.897 D/vsyncbridge( 1204): Init Overlay 0
07-06 00:52:42.898 V/RMClient( 1204): #307:RMClient
07-06 00:52:42.898 V/RMClient( 1204): #306:~RMClient
07-06 00:52:42.898 V/RMClient( 1204): #306:RMClient::returnAllResourcesAsync
07-06 00:52:42.898 V/RMClientListener( 1204): ~RMClientListener
07-06 00:52:42.899 V/RMClient( 1204): #307:requestResourceAsync
07-06 00:52:42.899 D/vsyncbridge( 1204): Wrapper_connect IN.
07-06 00:52:42.901 I/MiSysSrv( 1214): none MI_DBG_LVL_L in PROC_CMD_LINE!
07-06 00:52:42.901 I/MiSysSrv( 1214): none MI_DBG_LVL_H in PROC_CMD_LINE!
07-06 00:52:42.901 I/MiSysSrv( 1214): [1;32m[MI INFO]:_MI_HWCAPS_UpdateVideoCaps[574]: [HWCAPS]:Info: video caps has been updated!
07-06 00:52:42.902 I/TVMW@HsTvSetting( 1234): Trace cmd, data = 0x1058
07-06 00:52:42.904 D/til@system( 2026): til_get_system_param option:100002F int:0, bool:0, ret:0
07-06 00:52:42.905 I/TVMW@HsTvSetting( 1234): Trace cmd, data = 0x101f
07-06 00:52:42.905 D/til@system( 2026): til_get_system_param option:100001D int:3, bool:3, ret:0
07-06 00:52:42.905 E/til     ( 2026): [til_get_current_input_source, 101] 
07-06 00:52:42.905 I/TVMW@HsTvSetting( 1234): Trace cmd, data = 0x7007
07-06 00:52:42.905 I/tilwrapper@sm( 2026): HS2TIL_SourceType *hs=0xd, *til=0x900
07-06 00:52:42.905 D/til     ( 2026): get current source 2304
07-06 00:52:42.905 D/SourceRemoteServiceHandler( 2026): getCurrentInputSource.from.til.result is 0, value is 2304
07-06 00:52:42.905 D/SourceRemoteServiceHandler( 2026): getInputSourceType source: 0x900, type=2304
07-06 00:52:42.906 D/til     ( 2026): ###### func:til_get_picture_param option:0x3000006 ######  
07-06 00:52:42.906 I/TVMW@HsTvSetting( 1234): Trace cmd, data = 0x1003
07-06 00:52:42.906 I/TVMW@HsTvSetting( 1234): Trace cmd, data = 0x8032
07-06 00:52:42.907 I/hstvos  ( 1216): [0m[1;33m[HSHAL][HS_VIDEO][HS_HAL_Video_SetOsdDetect_v2][2389]u16Threshold = 20
07-06 00:52:42.907 I/MiSysSrv( 1214): Not support now! 42, change to mm_video!!!
07-06 00:52:42.907 E/TVMW@videoctrl( 1234):  getOsd is 1
07-06 00:52:42.907 D/til@system( 2026): til_get_system_param option:1000027 int:1, bool:1, ret:0
07-06 00:52:42.908 D/til     ( 2026): ###### func:til_get_picture_param option:0x3000045 ######  
07-06 00:52:42.908 I/TVMW@HsTvSetting( 1234): Trace cmd, data = 0x300c
07-06 00:52:42.908 I/TVMW@HsTvSetting( 1234): Trace 3d, data = 0x300c
07-06 00:52:42.908 I/TVMW@3d ( 1234): Hs_debug3d_trace: func:get3dStatus, line:109
07-06 00:52:42.908 V/RMClient( 1204): #307:onMessageReceived creq
07-06 00:52:42.908 V/RMClient( 1204): #307:kWhatCmdResourceRequest
07-06 00:52:42.910 E/MiDispoutService( 1465): MiDispoutGetHandle, 779, IMPL Handle = 1146028032 
07-06 00:52:42.910 I/MiSysSrv( 1214): [0m~~~~> _MI_ATOM_DISPOUT_GetDeviceObject(): [IN]u32DeviceType={0},[IN]u32DeviceId={0}
07-06 00:52:42.910 I/MiSysSrv( 1214): ~~~~> _MI_ATOM_DISPOUT_GetDeviceObject(): [IN]_astDispoutObj[0]={0, 0}
07-06 00:52:42.911 I/MiVideoService( 1465): impl handle 0x86001b22 opened!
07-06 00:52:42.912 I/MiSysSrv( 1214): [mapi_video_base@Line 1270] Initialize:1270 Video Init : Win Change[0->0], Source Change[42->34]
07-06 00:52:42.912 I/MiSysSrv( 1214): [Hal_SC_mux_dispatch][607]src_port=100, dest_port=1
07-06 00:52:42.914 V/RMAllocator( 1198): handleRequest
07-06 00:52:42.914 V/RMAllocator( 1198): handleRequest new ClientInfo, client=2382853312 id=307
07-06 00:52:42.915 I/RMAllocator( 1198): ClientInfo this=2378256512, mRMClient=2382853312. id=307
07-06 00:52:42.916 V/RMAllocator( 1198): handleRequest new ClientInfo=2378256512, client=2382853312 id=307
07-06 00:52:42.916 D/TVEmuRMService_main( 1198): type =14 , pip=0 
07-06 00:52:42.916 D/TVEmuRMService_main( 1198): pip disable path 
07-06 00:52:42.916 V/RMAllocator( 1198): allocateResources
07-06 00:52:42.916 V/RMAllocator( 1198): allocateOneResource
07-06 00:52:42.916 V/RMClient( 1204): #307:handleRequestDone
07-06 00:52:42.920 D/hwcomposer( 1204): lastVideoPlanes is dirty
07-06 00:52:42.920 D/hwcomposer( 1204): lastHWWindowInfo is dirty
07-06 00:52:42.922 I/MiSysSrv( 1214): ???????? Warning,The MMAP ID(E_MMAP_ID_XC_MAIN_FB) does not existed.
07-06 00:52:42.922 I/MiSysSrv( 1214): ???????? please add in your mmap or ignore this message.
07-06 00:52:42.923 I/MiSysSrv( 1214): [XC,SetWindow][msAPI_Scaler_Field_Detect, 2051] DTV [XC,SetWindow][msAPI_Scaler_Field_Detect, 2064] -> Progressive
07-06 00:52:42.946 V/RMClient( 1204): #307:Done
07-06 00:52:42.946 V/RMClient( 1204): #307:onMessageReceived ldon
07-06 00:52:42.946 V/RMClient( 1204): #307:kWhatRequestDone
07-06 00:52:42.946 D/vsyncbridge( 1204): handleRequestDone: mOverlayID = 0, mState = 0x1
07-06 00:52:42.946 V/RMClient( 1204): #307:Done
07-06 00:52:42.978 I/MiSysSrv( 1214): [37m[INFO] Change to Voltage: 117 mv (0x32)[m
07-06 00:52:42.986 V/MediaPlayer-JNI(14493): getVideoWidth: 1920
07-06 00:52:42.986 V/MediaPlayer-JNI(14493): getVideoHeight: 1080
07-06 00:52:43.002 E/vsyncbridge( 1204): MI_V3D_GetHandle().
07-06 00:52:43.010 D/vsyncbridge( 1204): Sucess to MI_V3D_RegisterCallback(). event flags : 2 
07-06 00:52:43.012 E/vsyncbridge( 1204): Sucess to MI_V3D_RegisterCallback(). event flags : 1 
07-06 00:52:43.012 E/vsyncbridge( 1204): MI_V3D_GetHandle().
07-06 00:52:43.015 D/vsyncbridge( 1204): 3D disable, DS should on.
07-06 00:52:43.017 I/Carousel-UrlVideoView(14493): onMeasure(MeasureSpec: EXACTLY 816, MeasureSpec: EXACTLY 460)
07-06 00:52:43.017 D/Carousel-UrlVideoView(14493): widthSpecMode=1073741824
07-06 00:52:43.017 D/Carousel-UrlVideoView(14493): heightSpecMode=1073741824
07-06 00:52:43.017 D/Carousel-UrlVideoView(14493): widthSpecSize=816
07-06 00:52:43.017 D/Carousel-UrlVideoView(14493): heightSpecSize=460
07-06 00:52:43.017 I/Carousel-UrlVideoView(14493): onMeasure(MeasureSpec: EXACTLY 816, MeasureSpec: EXACTLY 460)
07-06 00:52:43.017 D/Carousel-UrlVideoView(14493): widthSpecMode=1073741824
07-06 00:52:43.017 D/Carousel-UrlVideoView(14493): heightSpecMode=1073741824
07-06 00:52:43.017 D/Carousel-UrlVideoView(14493): widthSpecSize=816
07-06 00:52:43.017 D/Carousel-UrlVideoView(14493): heightSpecSize=460
07-06 00:52:43.020 I/TVMW@devctrl( 1234): wdt
07-06 00:52:43.020 D/vsyncbridge( 1204): [0] handle_thread thread got msg 0x1, mState = 1
07-06 00:52:43.020 D/vsyncbridge( 1204): Overlay 0 state change from 1 to 2
07-06 00:52:43.028 D/vsyncbridge( 1204): enWin=0, enCodecType=11, miu=1, frameRate=24000, interlace=0, Hsize=1920, Vsize=1088, {0, 0, 0, 8}
07-06 00:52:43.028 D/vsyncbridge( 1204): win.x = 549, win.y = 205, win.width = 816, win.height = 460, [1920, 1080] apptype = 0
07-06 00:52:43.028 E/vsyncbridge( 1204): MI_V3D_GetHandle().
07-06 00:52:43.037 D/vsyncbridge( 1204): 3D disable, DS should on.
07-06 00:52:43.037 D/vsyncbridge( 1204): V3d is Opened.
07-06 00:52:43.037 D/vsyncbridge( 1204): Current 3D format = 0, PIPMode = 0
07-06 00:52:43.037 D/vsyncbridge( 1204): Wrapper_Video_setMode 0, DS: 1 , 3D: 0 
07-06 00:52:43.037 I/vsyncbridge( 1204): Skip 4K2K Pannel setting .
07-06 00:52:43.038 E/IMiDisplay( 1466): MI_Display_CtrlType_e:1
07-06 00:52:43.038 E/IMiDisplay( 1465): Invalid MI_Display_CtrlType_e:1
07-06 00:52:43.038 E/IMiDisplay( 1465): Invalid MI_Display_CtrlType_e:4
07-06 00:52:43.039 I/MiSysSrv( 1214): [1;31m[MI ERR ]: MI_ATOM_DISPLAY_SetMmMode[4724]: MI_ATOM_DISPLAY_SetMmMode CodecType=11, MIU=1, FrameRate=24000, Interlace=0, HSize=3840, VSize=2160, top=0, bot=8, left=0, right=0,pVideo=0xe6d01248
07-06 00:52:43.039 I/MiSysSrv( 1214): [0m[mapi_video_base@Line 3917] m_bSetMode=1 this=0xe6d01248
07-06 00:52:43.043 I/MiSysSrv( 1214): [1;31m[MI ERR ]: _MI_VIDEO_SetMmMvopMode[4639]: CodecType=11, MIU=1, FrameRate=24000, Interlace=0, HSize=3840, VSize=2160, top=0, bot=8, left=0, right=0,pVideo=0xe010d4c8
07-06 00:52:43.043 I/MiSysSrv( 1214): [0m->u16FrameRate = 24000
07-06 00:52:43.043 I/MiSysSrv( 1214): ->u8Interlace = 0
07-06 00:52:43.043 I/MiSysSrv( 1214): ->u16HorSize = 3840
07-06 00:52:43.043 I/MiSysSrv( 1214): ->u16VerSize = 2160
07-06 00:52:43.043 I/MiSysSrv( 1214): [Warning] xc support pVOPTiming->u16H_TotalCount >= 4095 after CL 712830
07-06 00:52:43.048 I/MiSysSrv( 1214): SetMmMvopMode,1479
07-06 00:52:43.049 E/IMiDisplay( 1466): MI_Display_CtrlType_e:2
07-06 00:52:43.049 E/IMiDisplay( 1465): Invalid MI_Display_CtrlType_e:2
07-06 00:52:43.052 D/vsyncbridge( 1204): int Wrapper_Video_setMode(MS_VideoInfo*, int) @ line: 914: Enter Start ds.
07-06 00:52:43.052 D/vsyncbridge( 1204): vsync_bridge_CalAspectRatio type = 0
07-06 00:52:43.052 D/vsyncbridge( 1204): panel [3840 2160] osd [1920 1080] ratio [2.000000 2.000000]
07-06 00:52:43.052 D/vsyncbridge( 1204): apply ratio, x=1098, y=410, width=1632, height=920
07-06 00:52:43.052 D/vsyncbridge( 1204): disp_old[1098 410 2730 1330], disp_new[1098 410 2730 1330], crop[0 0 1920 1080]
07-06 00:52:43.052 D/vsyncbridge( 1204): Wrapper_Video_setXCWin IN.
07-06 00:52:43.052 D/vsyncbridge( 1204): Wrapper_Video_setXCWin 0
07-06 00:52:43.053 V/MediaPlayer-JNI(14493): getCurrentPosition: 100 (msec)
07-06 00:52:43.053 V/MediaPlayer-JNI(14493): isPlaying: 1
07-06 00:52:43.053 I/MiSysSrv( 1214): [leon.luo]EnableVideoMute = 1,enColor = 5
07-06 00:52:43.078 I/MyFragmentStateAdapter(14493): getCount
07-06 00:52:43.088 I/MiSysSrv( 1214): [1;31m<<<_MI_DISPLAY_CheckPointToPoint[4883] checkPointToPointCondition: not support. 
07-06 00:52:43.090 I/MiSysSrv( 1214): [0m[1;31m<<<_MI_DISPLAY_CheckPointToPoint[4883] checkPointToPointCondition: not support. 
07-06 00:52:43.090 I/MiSysSrv( 1214): [0m[mapi_video_base@Line 1557] Lock window enabled @ x,y,w,h=1098,410,1632,920
07-06 00:52:43.090 D/vsyncbridge( 1204): DisplayWindow (1098 410) 1632 X 920.
07-06 00:52:43.093 I/NetflixMonitorService( 1733): current fgapk : com.hisense.hicloud.edca
07-06 00:52:43.093 I/NetflixMonitorService( 1733): Netflix status unchanged
07-06 00:52:43.100 I/hstvos  ( 1216): [0m[1;36m[mif][VIDEO_FW][_Mif_Video_Window_Callback][460]_Mif_Video_Window_Callback u32EventFlags: 65536, width: 1632, height: 920
07-06 00:52:43.108 W/        ( 1204): no callback function match handle 0x4ce0700,
07-06 00:52:43.109 E/MiDisplay( 1204): ERROR pstCallbackParams.
07-06 00:52:43.113 I/MiSysSrv( 1214): Obtain XC engine fail
07-06 00:52:43.116 I/MiSysSrv( 1214): [mapi_video_base@Line 2043] CropWin assigned: x,y,w,h=0,0,1920,1080
07-06 00:52:43.116 I/MiSysSrv( 1214): [leon.luo]m_bHdmiTxType = 0,m_bHdmiTxEnable =0
07-06 00:52:43.116 I/MiSysSrv( 1214): [mapi_video_base@Line 2096] DstWin Locked: x,y,w,h=1098,410,1632,920
07-06 00:52:43.116 I/MiSysSrv( 1214): [mapi_video_base@Line 2198] SrcWin1[Win=0]: x,y,w,h=1105,30,3840,2152
07-06 00:52:43.117 I/MiSysSrv( 1214): [mapi_video_base@Line 2199] CropWin1: x,y,w,h=0,0,1920,1080
07-06 00:52:43.117 I/MiSysSrv( 1214): [mapi_video_base@Line 2200] DispWin1: x,y,w,h=1098,410,1632,920
07-06 00:52:43.139 I/MiSysSrv( 1214): [mapi_video_base@Line 2279] CropWin1.1: x,y,w,h=0,0,1920,1080
07-06 00:52:43.146 I/MiSysSrv( 1214): === open 3D OverScan ===
07-06 00:52:43.147 I/MiSysSrv( 1214): [mapi_video_base@Line 2281] CropWin1.2: x,y,w,h=0,0,1920,1080
07-06 00:52:43.147 I/MiSysSrv( 1214): [mapi_video_base@Line 2285] SrcWin2: x,y,w,h=1105,30,3840,2152
07-06 00:52:43.147 I/MiSysSrv( 1214): [mapi_video_base@Line 2286] CropWin2: x,y,w,h=0,0,1920,1080
07-06 00:52:43.147 I/MiSysSrv( 1214): [mapi_video_base@Line 2287] DispWin2: x,y,w,h=1098,410,1632,920
07-06 00:52:43.147 I/MiSysSrv( 1214): [mapi_video_base@Line 2384] SrcWin3: x,y,w,h=1105,30,3840,2152
07-06 00:52:43.147 I/MiSysSrv( 1214): [mapi_video_base@Line 2385] CropWin3: x,y,w,h=0,0,1920,1080
07-06 00:52:43.147 I/MiSysSrv( 1214): [mapi_video_base@Line 2386] DispWin3: x,y,w,h=1098,410,1632,920
07-06 00:52:43.147 I/MiSysSrv( 1214): [leon.luo]m_bHdmiTxType = 0,m_bHdmiTxEnable =0
07-06 00:52:43.148 I/MiSysSrv( 1214): [mapi_video_base@Line 2575] SrcWin5[Win=0]: x,y,w,h=1105,30,3840,2152
07-06 00:52:43.148 I/MiSysSrv( 1214): [mapi_video_base@Line 2576] CropWin5: x,y,w,h=0,0,1920,1080
07-06 00:52:43.148 I/MiSysSrv( 1214): [mapi_video_base@Line 2577] DispWin5: x,y,w,h=1098,410,1632,920
07-06 00:52:43.148 I/MiSysSrv( 1214): [mapi_video_base@Line 2609][MOVEWINDOW] m_stCurWinInfo={34, {1105,30,3840,2152},
07-06 00:52:43.148 I/MiSysSrv( 1214):         {1098,410,1632,920}, {0,0,1920,1080},    0,0,240,2205,0,0,
07-06 00:52:43.148 I/MiSysSrv( 1214):         0,0,0,0,0,0,    0,   1,3840,3840,1,2160,2160,0}
07-06 00:52:43.148 I/MiSysSrv( 1214): [mapi_video_base@Line 2620][MOVEWINDOW] m_stPrevXCSetWinInfo={0, {0,0,0,0},
07-06 00:52:43.148 I/MiSysSrv( 1214):         {0,0,0,0}, {0,0,0,0},    0,0,0,0,0,0,
07-06 00:52:43.149 I/MiSysSrv( 1214):         0,0,0,0,0,0,    0,   0,0,0,0,0,0,0}
07-06 00:52:43.149 I/MiSysSrv( 1214): [mapi_video_base@Line 2625][MOVEWINDOW] SetXcWindow input Source  change
07-06 00:52:43.149 I/MiSysSrv( 1214): [mapi_video_base@Line 2633][MOVEWINDOW] SetXcWindow Capture Window  change
07-06 00:52:43.149 I/MiSysSrv( 1214): [mapi_video_base@Line 2642][MOVEWINDOW] SetXCWindow Crop Window  change
07-06 00:52:43.149 I/MiSysSrv( 1214): [mapi_video_base@Line 2649][MOVEWINDOW] SetXCWindow Display Size Window  change
