07-05 23:17:13.868 V/Surface (25379): nativeSetHardwareRender() : end
07-05 23:17:13.868 I/SurfaceView(25379): New surface: Surface(name=null)/@0x2832a95d, vis=true, frame=Rect(418, 205 - 1234, 665)
07-05 23:17:13.868 D/Surface (25379): onStatusChange() : mNativeObject = 0 mUseImageHwRender = false
07-05 23:17:13.869 D/Surface (25379): onStatusChange() : mNativeObject = -195828992 mUseImageHwRender = false
07-05 23:17:13.869 V/Surface (25379): nativeSetHardwareRender() : status = 0
07-05 23:17:13.869 V/Surface (25379): nativeSetHardwareRender() : end
07-05 23:17:13.869 I/SurfaceView(25379): surfaceRedrawNeeded
07-05 23:17:13.869 I/SurfaceView(25379): finishedDrawing
07-05 23:17:13.870 V/SurfaceView(25379): Layout: x=418 y=205 w=816 h=460, frame=Rect(0, 0 - 816, 460)
07-05 23:17:13.899 I/MyFragmentStateAdapter(25379): getCount
07-05 23:17:13.909 D/MediaHTTPConnection(25379): [Connection@853757317] response.heeader.null = HTTP/1.0 206 Partial Content
07-05 23:17:13.909 D/MediaHTTPConnection(25379): [Connection@853757317] response.heeader.Accept-Ranges = bytes
07-05 23:17:13.909 D/MediaHTTPConnection(25379): [Connection@853757317] response.heeader.Age = 369208
07-05 23:17:13.909 D/MediaHTTPConnection(25379): [Connection@853757317] response.heeader.Cache-Control = max-age=5184000
07-05 23:17:13.909 D/MediaHTTPConnection(25379): [Connection@853757317] response.heeader.Connection = keep-alive
07-05 23:17:13.909 D/MediaHTTPConnection(25379): [Connection@853757317] response.heeader.Content-Length = 218840697
07-05 23:17:13.909 D/MediaHTTPConnection(25379): [Connection@853757317] response.heeader.Content-MD5 = b0d2FgZ34VxS2J9TYuIjgA==
07-05 23:17:13.909 D/MediaHTTPConnection(25379): [Connection@853757317] response.heeader.Content-Range = bytes 0-218840696/218840697
07-05 23:17:13.909 D/MediaHTTPConnection(25379): [Connection@853757317] response.heeader.Content-Type = application/octet-stream
07-05 23:17:13.909 D/MediaHTTPConnection(25379): [Connection@853757317] response.heeader.Date = Sat, 01 Jul 2017 08:43:45 GMT
07-05 23:17:13.909 D/MediaHTTPConnection(25379): [Connection@853757317] response.heeader.ETag = "6F4776160677E15C52D89F5362E22380"
07-05 23:17:13.909 D/MediaHTTPConnection(25379): [Connection@853757317] response.heeader.Last-Modified = Mon, 08 May 2017 17:24:17 GMT
07-05 23:17:13.909 D/MediaHTTPConnection(25379): [Connection@853757317] response.heeader.Server = nginx/1.2.4
07-05 23:17:13.909 D/MediaHTTPConnection(25379): [Connection@853757317] response.heeader.Via = 1.1 chshx150:7 (Cdn Cache Server V2.0)[0 200 0], 1.1 sdbz31:0 (Cdn Cache Server V2.0)[35 200 0], 1.0 PSsdzbwt5go51:3 (Cdn Cache Server V2.0)[0 200 0]
07-05 23:17:13.909 D/MediaHTTPConnection(25379): [Connection@853757317] response.heeader.X-Android-Received-Millis = 1499267833908
07-05 23:17:13.909 D/MediaHTTPConnection(25379): [Connection@853757317] response.heeader.X-Android-Response-Source = NETWORK 206
07-05 23:17:13.909 D/MediaHTTPConnection(25379): [Connection@853757317] response.heeader.X-Android-Sent-Millis = 1499267833884
07-05 23:17:13.909 D/MediaHTTPConnection(25379): [Connection@853757317] response.heeader.x-oss-hash-crc64ecma = 10858506031335928878
07-05 23:17:13.909 D/MediaHTTPConnection(25379): [Connection@853757317] response.heeader.x-oss-object-type = Normal
07-05 23:17:13.909 D/MediaHTTPConnection(25379): [Connection@853757317] response.heeader.x-oss-request-id = 591D64783FEA2FF75DF4AA6E
07-05 23:17:13.909 D/MediaHTTPConnection(25379): [Connection@853757317] response.heeader.x-oss-server-time = 46
07-05 23:17:13.909 D/MediaHTTPConnection(25379): [Connection@853757317] response.heeader.x-oss-storage-class = Standard
07-05 23:17:13.924 D/HiNetworkImpl(25379): doHttp_Asyn(): onReqResponse isSuccessful = true, back from thread: main
07-05 23:17:13.925 I/HiNetworkImpl(25379): doHttp_Asyn(): onSuccess clazz = class com.hisense.sdk.domain.OrderCheckedBean, back from thread: main
07-05 23:17:13.925 I/DetailPlayActivity(25379): checkOrderTime : 16675497    799
07-05 23:17:13.928 D/til@system( 2026): til_get_system_param option:1000007 int:-1815632896, bool:0, ret:0
07-05 23:17:13.933 D/til@system( 2026): til_get_system_param option:1000009 int:-1936525184, bool:128, ret:0
07-05 23:17:13.934 D/til@system( 2026): til_get_system_param option:1000008 int:-1936522112, bool:128, ret:0
07-05 23:17:13.935 D/HiSDKLogReport(25379): getOperationDetail-productName : LED50MU8600UC
07-05 23:17:13.935 D/HiSDKLogReport(25379): getOperationDetail-plmNumber : 88888
07-05 23:17:13.935 D/HiSDKLogReport(25379): getOperationDetail-swVersion : V0000.00.01A
07-05 23:17:13.935 D/HiSDKLogReport(25379): getOperationDetail-operationDetail : LED50MU8600UC0000888
07-05 23:17:13.935 D/HiSDKLogReport(25379): processLogReport-log : {eventType=110, appKey=1182445233, APPVersionName=3.0.0.9.00, devid=86100300900000500000060a4818fca8, mac=a8:a6:48:18:fc:a8, uuid=13287129, accessToken=72DF6038D2AEAB8A76DFBBBBCC428A4A_000784952314207, APIversion=501, logversion=2.0, devType=0, APPPackage=com.hisense.hicloud.edca, eventPos=072, requesttime=1499267833935, customerId=7195320, value2=, eventMessage=HttpDetailCheckOrder, value1=799, model_id=0, ChannelId=0, version=00.002.003, tv_distribute_id=00, subscriberId=13287129, APIVersion=600, PFAPPCode=652, softwareVersion=LED50MU8600UC0000888}
07-05 23:17:13.936 D/DetailPlayActivity(25379): mSourceType:1002    getIntent().getIntExtra(Constants.PLAYFLAG, 0):0
07-05 23:17:13.936 D/OsdMonitorService( 1733): mCurrentWindow = com.hisense.hicloud.edca/com.hisense.tvui.newhome.HomeMainActivity; newWindow = com.hisense.hicloud.edca/com.hisense.tvui.newhome.HomeMainActivity; isSubWindow = false; isInWinList = false; isExitNow = false
07-05 23:17:13.936 D/OsdMonitorService( 1733): windowNotOsd() : name = com.hisense.hicloud.edca/com.hisense.tvui.newhome.HomeMainActivity
07-05 23:17:13.936 I/OsdMonitorService( 1733): setOsdStatus() : status will change from true to true
07-05 23:17:13.936 D/DetailPlayActivity(25379): sunliqin,sIsConfigQuestionDisplay: falsesIsQuestionDisplay:false  detail display:false
07-05 23:17:13.936 D/DetailPlayActivity(25379): mIsSoldOut:false
07-05 23:17:13.936 D/DetailPlayActivity(25379): mIsFree:false     lesson is bought:false
07-05 23:17:13.937 D/DetailPlayActivity(25379): managerBoughtVipdata,ID :-1
07-05 23:17:13.937 D/PowerManagerService( 1733): setScreenBrightnessOverrideFromWindowManagerInternal done
07-05 23:17:13.941 D/PowerManagerService( 1733): setScreenBrightnessOverrideFromWindowManagerInternal done
07-05 23:17:13.945 I/CommonUtils(25379):  object to json [6,14]
07-05 23:17:13.945 D/DetailPlayActivity(25379): detail belongs list is =============[6,14]
07-05 23:17:13.948 D/PowerManagerService( 1733): setScreenBrightnessOverrideFromWindowManagerInternal done
07-05 23:17:13.948 I/CommonUtils(25379):  object to json null
07-05 23:17:13.948 D/DetailPlayActivity(25379): the user bought vip list is  =============null
07-05 23:17:13.948 D/DetailPlayActivity(25379): user bought vip list is null
07-05 23:17:13.948 D/DetailPlayActivity(25379): user overtime bought vip list is null
07-05 23:17:13.948 D/DetailPlayActivity(25379): managerBoughtStatus----------------------------------
07-05 23:17:13.948 D/DetailPlayActivity(25379): this detail belongs to a bought vip ,true or false:false
07-05 23:17:13.949 D/DetailPlayActivity(25379): sunliqin,mIsFree:false  RefreshPaidListUits.isPaid(mDetailsResult.getId(), mDetailsResult.getVip_id()):false  mIsBoughtVipfalse  mIsOrderfalse
07-05 23:17:13.949 D/DetailPlayActivity(25379): sunliqin:mIsBought  ====  false msoldout :false
07-05 23:17:13.951 D/DetailPlayActivity(25379): url--http://picture.edu.hismarttv.com/images/20170629/.jpg
07-05 23:17:13.970 I/MiSysSrv( 1214): [37m[INFO] Change to Voltage: 117 mv (0x32)[m
07-05 23:17:13.987 D/DetailPlayActivity(25379): managerCollectionBtnDrawable---------------
07-05 23:17:13.987 D/HttpDnsUtils(25379): getDetailCollectionStatus,http:http://api.edu.hismarttv.com/usercenter/api/media_individualize_data
07-05 23:17:13.988 D/til@system( 2026): til_get_system_param option:1000007 int:-1815633792, bool:128, ret:0
07-05 23:17:13.988 D/hwcomposer( 1204): lastHWWindowInfo is dirty
07-05 23:17:13.992 D/til@system( 2026): til_get_system_param option:1000009 int:-1815634176, bool:0, ret:0
07-05 23:17:13.994 D/til@system( 2026): til_get_system_param option:1000008 int:-1936525184, bool:128, ret:0
07-05 23:17:13.994 D/HttpBuilder(25379): getOperationDetail-productName : LED50MU8600UC
07-05 23:17:13.994 D/HttpBuilder(25379): getOperationDetail-plmNumber : 88888
07-05 23:17:13.994 D/HttpBuilder(25379): getOperationDetail-swVersion : V0000.00.01A
07-05 23:17:13.994 D/HttpBuilder(25379): getOperationDetail-operationDetail : LED50MU8600UC0000888
07-05 23:17:14.020 I/art     (25379): Background partial concurrent mark sweep GC freed 31519(2MB) AllocSpace objects, 3(257KB) LOS objects, 11% free, 31MB/35MB, paused 9.095ms total 181.708ms
07-05 23:17:14.059 I/HttpBuilder(25379): addUrlPublicParams mUrl ==>http://api.edu.hismarttv.com/usercenter/api/media_individualize_data?media_id=3535&uuid=13287129&mac=a8:a6:48:18:fc:a8&devid=86100300900000500000060a4818fca8&version=00.002.003&subscriberId=13287129&customerId=7195320&model_id=0&APPPackage=com.hisense.hicloud.edca&PFAPPCode=652&APPVersionName=3.0.0.9.00&ChannelId=0&softwareVersion=LED50MU8600UC0000888&tv_distribute_id=00&devType=0&APIVersion=600&accessToken=72DF6038D2AEAB8A76DFBBBBCC428A4A_000784952314207
07-05 23:17:14.062 D/HttpHandler(25379): VerifySignInterCeptor-->request.url()=http://api.edu.hismarttv.com/usercenter/api/media_individualize_data?media_id=3535&uuid=13287129&mac=a8:a6:48:18:fc:a8&devid=86100300900000500000060a4818fca8&version=00.002.003&subscriberId=13287129&customerId=7195320&model_id=0&APPPackage=com.hisense.hicloud.edca&PFAPPCode=652&APPVersionName=3.0.0.9.00&ChannelId=0&softwareVersion=LED50MU8600UC0000888&tv_distribute_id=00&devType=0&APIVersion=600&accessToken=72DF6038D2AEAB8A76DFBBBBCC428A4A_000784952314207
07-05 23:17:14.068 D/HttpHandler(25379): VerifySignInterCeptor-->hostname=api.edu.hismarttv.com
07-05 23:17:14.070 D/HttpHandler(25379): HttpDNS-->hostname=api.edu.hismarttv.com
07-05 23:17:14.082 D/HttpHandler(25379): RAMCache-->hostInfo.getClientTimeStamp()=16658113
07-05 23:17:14.082 D/HttpHandler(25379): RAMCache-->hostInfo.getTtl()=3600
07-05 23:17:14.082 D/HttpHandler(25379): RAMCache-->SystemClock.elapsedRealtime()=16675654
07-05 23:17:14.083 D/DetailPlayActivity(25379): sunliqin initCourseViewVisible
07-05 23:17:14.083 D/DetailCourseSelectorView(25379): sunliqin DetailCourseSelectorView!!!!
07-05 23:17:14.096 D/HttpHandler(25379): DNSHelper-->gslbDns=["123.103.91.123"]
07-05 23:17:14.098 I/DetailVideoPlayerContainer(25379):  sunliqin initUI()
07-05 23:17:14.118 V/DataSource( 1206): sniff
07-05 23:17:14.118 I/FFmpegExtractor( 1206): android-source:0xf406e060
07-05 23:17:14.121 I/FFMPEG  ( 1206): [mov,mp4,m4a,3gp,3g2,mj2 @ 0xf1803400] Format mov,mp4,m4a,3gp,3g2,mj2 probed with size=2048 and score=100
07-05 23:17:14.121 D/MediaHTTPConnection(25379): [Connection@853757317] getSize mTotalSize = 218840697
07-05 23:17:14.121 I/FFMPEG  ( 1206): [mov,mp4,m4a,3gp,3g2,mj2 @ 0xf1803400] ISO: File Type Major Brand: isom
07-05 23:17:14.121 I/TVMW@HsTvSetting( 1234): Trace cmd, data = 0x1058
07-05 23:17:14.122 D/til@system( 2026): til_get_system_param option:100002F int:0, bool:0, ret:0
07-05 23:17:14.122 I/TVMW@HsTvSetting( 1234): Trace cmd, data = 0x101f
07-05 23:17:14.124 D/til@system( 2026): til_get_system_param option:100001D int:3, bool:3, ret:0
07-05 23:17:14.124 E/til     ( 2026): [til_get_current_input_source, 101] 
07-05 23:17:14.124 I/TVMW@HsTvSetting( 1234): Trace cmd, data = 0x7007
07-05 23:17:14.124 I/tilwrapper@sm( 2026): HS2TIL_SourceType *hs=0xd, *til=0x900
07-05 23:17:14.124 D/til     ( 2026): get current source 2304
07-05 23:17:14.124 D/SourceRemoteServiceHandler( 2026): getCurrentInputSource.from.til.result is 0, value is 2304
07-05 23:17:14.124 D/SourceRemoteServiceHandler( 2026): getInputSourceType source: 0x900, type=2304
07-05 23:17:14.124 D/til     ( 2026): ###### func:til_get_picture_param option:0x3000006 ######  
07-05 23:17:14.125 I/TVMW@HsTvSetting( 1234): Trace cmd, data = 0x1003
07-05 23:17:14.125 I/TVMW@HsTvSetting( 1234): Trace cmd, data = 0x8032
07-05 23:17:14.126 I/hstvos  ( 1216): [0m[1;33m[HSHAL][HS_VIDEO][HS_HAL_Video_SetOsdDetect_v2][2389]u16Threshold = 20
07-05 23:17:14.126 I/MiSysSrv( 1214): Not support now! 42, change to mm_video!!!
07-05 23:17:14.131 E/TVMW@videoctrl( 1234):  getOsd is 1
07-05 23:17:14.131 D/til@system( 2026): til_get_system_param option:1000027 int:1, bool:1, ret:0
07-05 23:17:14.131 D/til     ( 2026): ###### func:til_get_picture_param option:0x3000045 ######  
07-05 23:17:14.131 I/TVMW@HsTvSetting( 1234): Trace cmd, data = 0x300c
07-05 23:17:14.131 I/TVMW@HsTvSetting( 1234): Trace 3d, data = 0x300c
07-05 23:17:14.132 I/TVMW@3d ( 1234): Hs_debug3d_trace: func:get3dStatus, line:109
07-05 23:17:14.136 D/OkHttp  (25379): --> GET http://api.edu.hismarttv.com/usercenter/api/media_individualize_data?media_id=3535&uuid=13287129&mac=a8:a6:48:18:fc:a8&devid=86100300900000500000060a4818fca8&version=00.002.003&subscriberId=13287129&customerId=7195320&model_id=0&APPPackage=com.hisense.hicloud.edca&PFAPPCode=652&APPVersionName=3.0.0.9.00&ChannelId=0&softwareVersion=LED50MU8600UC0000888&tv_distribute_id=00&devType=0&APIVersion=600&accessToken=72DF6038D2AEAB8A76DFBBBBCC428A4A_000784952314207 http/1.1
07-05 23:17:14.137 D/OkHttp  (25379): Data_Type: JSON
07-05 23:17:14.137 D/OkHttp  (25379): RetryTime: 0
07-05 23:17:14.137 D/OkHttp  (25379): Backoffmutiplier: 0
07-05 23:17:14.137 D/OkHttp  (25379): Host: api.edu.hismarttv.com
07-05 23:17:14.137 D/OkHttp  (25379): Connection: Keep-Alive
07-05 23:17:14.137 D/OkHttp  (25379): Accept-Encoding: gzip
07-05 23:17:14.138 D/OkHttp  (25379): User-Agent: okhttp/3.6.0
07-05 23:17:14.138 D/OkHttp  (25379): --> END GET
07-05 23:17:14.157 D/FFmpegExtractor( 1206): FFmpegExtrator, url: android-source:0xf406e060, format_name: mov,mp4,m4a,3gp,3g2,mj2, format_long_name: QuickTime / MOV
07-05 23:17:14.157 D/FFmpegExtractor( 1206): suppoted codec(h264) by official Stagefright
07-05 23:17:14.157 D/FFmpegExtractor( 1206): suppoted codec(aac) by official Stagefright
07-05 23:17:14.157 I/FFMPEG  ( 1206): [AVIOContext @ 0xf406e100] Statistics: 426780 bytes read, 0 seeks
07-05 23:17:14.157 D/FFmpegExtractor( 1206): ffmpeg detected media content as 'video/mp4' with confidence 0.08
07-05 23:17:14.179 D/OkHttp  (25379): <-- 200 OK http://api.edu.hismarttv.com/usercenter/api/media_individualize_data?media_id=3535&uuid=13287129&mac=a8:a6:48:18:fc:a8&devid=86100300900000500000060a4818fca8&version=00.002.003&subscriberId=13287129&customerId=7195320&model_id=0&APPPackage=com.hisense.hicloud.edca&PFAPPCode=652&APPVersionName=3.0.0.9.00&ChannelId=0&softwareVersion=LED50MU8600UC0000888&tv_distribute_id=00&devType=0&APIVersion=600&accessToken=72DF6038D2AEAB8A76DFBBBBCC428A4A_000784952314207 (40ms)
07-05 23:17:14.179 D/OkHttp  (25379): Server: nginx
07-05 23:17:14.195 D/OkHttp  (25379): Date: Wed, 05 Jul 2017 15:17:14 GMT
07-05 23:17:14.195 D/OkHttp  (25379): Content-Type: application/json
07-05 23:17:14.195 D/OkHttp  (25379): Content-Length: 210
07-05 23:17:14.195 D/OkHttp  (25379): Connection: close
07-05 23:17:14.195 D/OkHttp  (25379): <-- END HTTP
07-05 23:17:14.197 D/HttpHandler(25379): RetryIntercepter-->retryNum=0
07-05 23:17:14.197 D/HttpHandler(25379): RetryIntercepter-->backoffmutiplier=0
07-05 23:17:14.199 D/HttpHandler(25379): VerifySignInterCeptor-->dateType=1
07-05 23:17:14.199 D/HttpHandler(25379): VerifySignInterCeptor-->HttpRequestManager.httpClietOption.getVerifyFlag()=1
07-05 23:17:14.200 D/HttpHandler(25379): VerifySignInterCeptor-->content={"user_collect": false}
07-05 23:17:14.214 D/PowerManagerService( 1733): acquireWakeLockInternal: lock=113832109, flags=0x1, tag="NetworkStats", ws=null, uid=1000, pid=1733
07-05 23:17:14.214 D/PowerManagerNotifier( 1733): onWakeLockAcquired: flags=1, tag="NetworkStats", packageName=android, ownerUid=1000, ownerPid=1733, workSource=null
07-05 23:17:14.215 D/NtpTrustedTime( 1733): currentTimeMillis() cache hit
07-05 23:17:14.222 D/NtpTrustedTime( 1733): currentTimeMillis() cache hit
07-05 23:17:14.227 D/NtpTrustedTime( 1733): currentTimeMillis() cache hit
07-05 23:17:14.227 D/PowerManagerService( 1733): releaseWakeLockInternal: lock=113832109 [NetworkStats], flags=0x0
07-05 23:17:14.227 D/NtpTrustedTime( 1733): currentTimeMillis() cache hit
07-05 23:17:14.227 D/PowerManagerNotifier( 1733): onWakeLockReleased: flags=1, tag="NetworkStats", packageName=android, ownerUid=1000, ownerPid=1733, workSource=null
07-05 23:17:14.230 I/NetflixMonitorService( 1733): current fgapk : com.hisense.hicloud.edca
07-05 23:17:14.230 I/NetflixMonitorService( 1733): Netflix status unchanged
07-05 23:17:14.261 D/DetailPlayActivity(25379): etFullScreenPlay(boolean fullscreen),not full screen played
07-05 23:17:14.275 D/DetailVideoPlayerContainer(25379): setmIsFullScreen,want to set screen is full?false  mIsAutoFlag:false  .getStatus():UNKOWN
07-05 23:17:14.276 D/DetailVideoPlayerContainer(25379): sunliqin,disMissCourseView===============
07-05 23:17:14.276 D/DetailCourseSelectorView(25379): scrollRecylerView,POSITION:  0
07-05 23:17:14.276 D/DetailCourseSelectorView(25379): 11befor scroll,mindex is : 0
07-05 23:17:14.276 D/DetailCourseSelectorView(25379): sunliqin,setLastPlayViewIconGone,mindex is invalid
07-05 23:17:14.276 D/DetailCourseSelectorView(25379): sunliqin,setLastPlayViewIconGone,find view is null
07-05 23:17:14.277 D/DetailVideoPlayerContainer(25379): setLoadingLayoutParams,isFullScreen:false
07-05 23:17:14.279 I/DetailVideoPlayerContainer(25379):  showPlayLimitView called. mPlayLimitTime = 0   mIsBought:false
07-05 23:17:14.287 I/art     (25379): Background sticky concurrent mark sweep GC freed 7457(547KB) AllocSpace objects, 0(0B) LOS objects, 2% free, 34MB/35MB, paused 8.314ms total 48.461ms
07-05 23:17:14.357 V/MediaExtractor( 1206): MediaExtractor::Create mime:video/mp4 ---- Enter
07-05 23:17:14.357 V/MediaExtractor( 1206): maomao::MediaExtractor::Create mime:isCts is 0
07-05 23:17:14.359 I/FFMPEG  ( 1206): [mov,mp4,m4a,3gp,3g2,mj2 @ 0xf1803400] Format mov,mp4,m4a,3gp,3g2,mj2 probed with size=2048 and score=100
07-05 23:17:14.360 I/FFMPEG  ( 1206): [mov,mp4,m4a,3gp,3g2,mj2 @ 0xf1803400] ISO: File Type Major Brand: isom
07-05 23:17:14.369 D/DetailPlayActivity(25379):  play  video ,mid:3535
07-05 23:17:14.371 D/DetailPlayActivity(25379): sunliqin playMoreVideos,index:0
07-05 23:17:14.371 D/DetailPlayActivity(25379): mIsSoldOut:false  mIsOrder:false
07-05 23:17:14.371 D/DetailVideoPlayerContainer(25379): sunliqin playercontainer ,set data,sourcetag is:DetailPlayActivity3535
07-05 23:17:14.371 D/DetailVideoPlayerContainer(25379): setData,BaseApplication.sTrailerEnable:1
07-05 23:17:14.371 D/DetailVideoPlayerContainer(25379): sunliqin,setData,mIsBought: false   trailerPts:0
07-05 23:17:14.372 I/MiSysSrv( 1214): [37m[INFO] Change to Voltage: 102 mv (0x23)[m
07-05 23:17:14.375 D/DetailVideoPlayerContainer(25379): sunliqin,setData,index:0   trailer url is:null
07-05 23:17:14.375 D/DetailVideoPlayerContainer(25379): sunliqin,no histroy,no trailer ,so first play video 0
07-05 23:17:14.377 D/DetailVideoPlayerContainer(25379): sunliqin initVideoInfo(DetailsPage detail,int index),index:0   istrailer:false  mTotal lesson:48
07-05 23:17:14.377 D/DetailVideoPlayerContainer(25379): initVideoInfo, the index is :0videos size:48
07-05 23:17:14.391 D/OsdMonitorService( 1733): mCurrentWindow = com.hisense.hicloud.edca/com.hisense.tvui.newhome.HomeMainActivity; newWindow = com.hisense.hicloud.edca/com.hisense.tvui.newhome.HomeMainActivity; isSubWindow = false; isInWinList = false; isExitNow = false
07-05 23:17:14.391 D/OsdMonitorService( 1733): windowNotOsd() : name = com.hisense.hicloud.edca/com.hisense.tvui.newhome.HomeMainActivity
07-05 23:17:14.391 I/OsdMonitorService( 1733): setOsdStatus() : status will change from true to true
07-05 23:17:14.392 D/PowerManagerService( 1733): setScreenBrightnessOverrideFromWindowManagerInternal done
07-05 23:17:14.394 D/PowerManagerService( 1733): setScreenBrightnessOverrideFromWindowManagerInternal done
07-05 23:17:14.400 I/FFMPEG  ( 1206): [mov,mp4,m4a,3gp,3g2,mj2 @ 0xf1803400] orig_nb_streams(2)
07-05 23:17:14.400 I/FFMPEG  ( 1206): [mov,mp4,m4a,3gp,3g2,mj2 @ 0xf1803400] Before avformat_find_stream_info() pos: 413026 bytes read:426780 seeks:0
07-05 23:17:14.414 D/PowerManagerService( 1733): setScreenBrightnessOverrideFromWindowManagerInternal done
07-05 23:17:14.422 D/hwcomposer( 1204): lastHWWindowInfo is dirty
07-05 23:17:14.432 I/TVMW@devctrl( 1234): wdt
07-05 23:17:14.446 D/EduVideoUtils(25379): sunliqin getVideoInfo
07-05 23:17:14.448 I/FFMPEG  ( 1206): [NULL @ 0xbcb9c800] [Eval @ 0xf1300eec] Undefined constant or missing '(' in ''
07-05 23:17:14.448 I/FFMPEG  ( 1206): [NULL @ 0xbcb9c800] Unable to parse option value ""
07-05 23:17:14.448 I/FFMPEG  ( 1206): [NULL @ 0xbcb9c800] Error setting option debug to value .
07-05 23:17:14.449 I/FFMPEG  ( 1206): [mov,mp4,m4a,3gp,3g2,mj2 @ 0xf1803400] Failed to open codec in av_find_stream_info
07-05 23:17:14.449 I/FFMPEG  ( 1206): [NULL @ 0xbcb9cc00] [Eval @ 0xf1300eec] Undefined constant or missing '(' in ''
07-05 23:17:14.449 I/FFMPEG  ( 1206): [NULL @ 0xbcb9cc00] Unable to parse option value ""
07-05 23:17:14.449 I/FFMPEG  ( 1206): [NULL @ 0xbcb9cc00] Error setting option debug to value .
07-05 23:17:14.449 I/FFMPEG  ( 1206): [mov,mp4,m4a,3gp,3g2,mj2 @ 0xf1803400] Failed to open codec in av_find_stream_info
07-05 23:17:14.449 I/FFMPEG  ( 1206): [NULL @ 0xbcb9c800] try_decode_frame, i= 0, pkt->stream_index = 0
07-05 23:17:14.460 D/EduVideoUtils(25379): sunliqin param:{"subTitle": "", "title": "1\u3001\u65b0\u6765\u7684\u90bb\u5c45\uff08\u4e0a\u7bc7\uff09", "url": "http://jhxvideo-ws.video-tx.com/renditionf/201608/212213056611024897/212213056611025409/9b/219104966755748100/219104978030035716/r219104978030035716-2000k-1280x720.mp4", "program_id": "3535", "episode_id": "28416", "isCollect": "${isCollect}", "position": "${history}", "resolution": 11}
07-05 23:17:14.460 D/EduVideoUtils(25379): mTitle:null
07-05 23:17:14.460 D/EduVideoUtils(25379):  mProgramId3535
07-05 23:17:14.460 D/EduVideoUtils(25379):  mEpisodeId:35351
07-05 23:17:14.460 D/EduVideoUtils(25379): mClassId:
07-05 23:17:14.460 D/EduVideoUtils(25379): mTopicTitle:
07-05 23:17:14.461 D/EduVideoUtils(25379): sunliqin,quality url ,21:http://jhxvideo-ws.video-tx.com/renditionf/201608/212213056611024897/212213056611025409/9b/219104966755748100/219104978030035716/r219104978030035716-2000k-1280x720.mp4
07-05 23:17:14.461 D/VideoInfo(25379): sunliqin videoinfo,vendor is :URL
07-05 23:17:14.461 I/edu     (25379): ------- ==>mTypeCode = 1002
07-05 23:17:14.466 I/CommonUtils(25379):  object to json {"21":"http://jhxvideo-ws.video-tx.com/renditionf/201608/212213056611024897/212213056611025409/9b/219104966755748100/219104978030035716/r219104978030035716-2000k-1280x720.mp4"}
07-05 23:17:14.466 D/UrlPlayInfo(25379): sunliqin,url list:{"21":"http://jhxvideo-ws.video-tx.com/renditionf/201608/212213056611024897/212213056611025409/9b/219104966755748100/219104978030035716/r219104978030035716-2000k-1280x720.mp4"}
07-05 23:17:14.466 I/UrlPlayInfo(25379):  sunliqin UrlPlayInfo constructor called, urls is {21=http://jhxvideo-ws.video-tx.com/renditionf/201608/212213056611024897/212213056611025409/9b/219104966755748100/219104978030035716/r219104978030035716-2000k-1280x720.mp4}
07-05 23:17:14.469 I/MiSysSrv( 1214): [37m[INFO] Change to Voltage: 102 mv (0x23)[m
07-05 23:17:14.472 I/CommonUtils(25379):  object to json {"21":"http://jhxvideo-ws.video-tx.com/renditionf/201608/212213056611024897/212213056611025409/9b/219104966755748100/219104978030035716/r219104978030035716-2000k-1280x720.mp4"}
07-05 23:17:14.472 D/VideoInfo(25379): sunliqin, ============quality url list=============== {"21":"http://jhxvideo-ws.video-tx.com/renditionf/201608/212213056611024897/212213056611025409/9b/219104966755748100/219104978030035716/r219104978030035716-2000k-1280x720.mp4"}
07-05 23:17:14.473 D/EduVideoUtils(25379): sunliqin,Init videoinfo,info.sPlayLimitTime:-1  total:48  sindex:0  sPosterUrl:http://picture.edu.hismarttv.com/images/20170629/.jpg    venderid: 1040  sResolution:11
07-05 23:17:14.477 D/DetailVideoPlayerContainer(25379): sunliqin,getVideoLastPlayPosition,position:0
07-05 23:17:14.477 D/VideoInfo(25379): setmPosition,mPosition:0
07-05 23:17:14.477 D/DetailCourseSelectorView(25379): scrollRecylerView,POSITION:  0
07-05 23:17:14.477 D/DetailCourseSelectorView(25379): 11befor scroll,mindex is : 0
07-05 23:17:14.477 D/DetailCourseSelectorView(25379): sunliqin,setLastPlayViewIconGone,set last video flag is false
07-05 23:17:14.477 D/DetailCourseSelectorView(25379): sunliqin,setLastPlayViewIconGone,find view is null
07-05 23:17:14.478 D/DetailVideoPlayerContainer(25379): initPlayer==========,to delay 500ms
07-05 23:17:14.478 I/DetailVideoPlayerContainer(25379):  show laoding View called 
07-05 23:17:14.481 D/DetailVideoPlayerContainer(25379): Handler send msg MSG_INIT_PLAYER,delay 500ms 
07-05 23:17:14.481 D/DetailVideoPlayerContainer(25379): reportVideoPrepareStartLog!!!!!current videos id is : 35351
07-05 23:17:14.482 D/til@system( 2026): til_get_system_param option:1000007 int:-1936522368, bool:128, ret:0
07-05 23:17:14.483 D/til@system( 2026): til_get_system_param option:1000009 int:-1815632896, bool:0, ret:0
07-05 23:17:14.484 I/FFMPEG  ( 1206): [h264 @ 0xbcb9c800] no picture 
07-05 23:17:14.484 D/til@system( 2026): til_get_system_param option:1000008 int:-1936523008, bool:0, ret:0
07-05 23:17:14.485 D/HiSDKLogReport(25379): getOperationDetail-productName : LED50MU8600UC
07-05 23:17:14.485 D/HiSDKLogReport(25379): getOperationDetail-plmNumber : 88888
07-05 23:17:14.485 D/HiSDKLogReport(25379): getOperationDetail-swVersion : V0000.00.01A
07-05 23:17:14.485 D/HiSDKLogReport(25379): getOperationDetail-operationDetail : LED50MU8600UC0000888
07-05 23:17:14.485 D/HiSDKLogReport(25379): businessLogReport-log : {autoplay=1, eventType=229, APPVersionName=3.0.0.9.00, devid=86100300900000500000060a4818fca8, uuid=13287129, APIversion=501, eventcode=229001, logversion=2.0, devType=0, eventPos=001, ChannelId=0, version=00.002.003, subscriberId=13287129, PFAPPCode=652, softwareVersion=LED50MU8600UC0000888, srceventcode=207000, videoid=35351, srcmediaid=, mac=a8:a6:48:18:fc:a8, accessToken=72DF6038D2AEAB8A76DFBBBBCC428A4A_000784952314207, srcoriginal=1, APPPackage=com.hisense.hicloud.edca, mediaid=3535, sessionid=7d3f6763e5814311b2345755596f30b6, requesttime=1499267834485, customerId=7195320, model_id=0, requestid=43e89108b8b541b3a6a196733d31245a, tv_distribute_id=00, APIVersion=600, issysrepo=0}
07-05 23:17:14.487 D/DetailPlayActivity(25379): scrollCourseView,POS:0
07-05 23:17:14.487 D/DetailCourseSelectorView(25379): scrollRecylerView,POSITION:  0
07-05 23:17:14.487 D/DetailCourseSelectorView(25379): 11befor scroll,mindex is : 0
07-05 23:17:14.487 D/DetailCourseSelectorView(25379): sunliqin,setLastPlayViewIconGone,set last video flag is false
07-05 23:17:14.487 D/DetailCourseSelectorView(25379): sunliqin,setLastPlayViewIconGone,find view is null
07-05 23:17:14.487 I/DetailPlayActivity(25379): loadDataTime : 16676058   1368
07-05 23:17:14.492 W/System.err(25379): java.net.ConnectException: failed to connect to /10.18.210.112 (port 8900) after 6000ms: isConnected failed: ECONNREFUSED (Connection refused)
07-05 23:17:14.492 W/System.err(25379): 	at libcore.io.IoBridge.isConnected(IoBridge.java:238)
07-05 23:17:14.493 W/System.err(25379): 	at libcore.io.IoBridge.connectErrno(IoBridge.java:171)
07-05 23:17:14.493 W/System.err(25379): 	at libcore.io.IoBridge.connect(IoBridge.java:122)
07-05 23:17:14.493 W/System.err(25379): 	at java.net.PlainSocketImpl.connect(PlainSocketImpl.java:183)
07-05 23:17:14.493 W/System.err(25379): 	at java.net.PlainSocketImpl.connect(PlainSocketImpl.java:456)
07-05 23:17:14.493 W/System.err(25379): 	at java.net.Socket.connect(Socket.java:882)
07-05 23:17:14.493 W/System.err(25379): 	at com.android.okhttp.internal.Platform.connectSocket(Platform.java:174)
07-05 23:17:14.493 W/System.err(25379): 	at com.android.okhttp.Connection.connect(Connection.java:152)
07-05 23:17:14.493 W/System.err(25379): 	at com.android.okhttp.internal.http.HttpEngine.connect(HttpEngine.java:276)
07-05 23:17:14.493 W/System.err(25379): 	at com.android.okhttp.internal.http.HttpEngine.sendRequest(HttpEngine.java:211)
07-05 23:17:14.493 W/System.err(25379): 	at com.android.okhttp.internal.http.HttpURLConnectionImpl.execute(HttpURLConnectionImpl.java:382)
07-05 23:17:14.493 W/System.err(25379): 	at com.android.okhttp.internal.http.HttpURLConnectionImpl.connect(HttpURLConnectionImpl.java:106)
07-05 23:17:14.493 W/System.err(25379): 	at com.hisense.hitv.hicloud.util.ExceptionReport.a(ExceptionReport.java:337)
07-05 23:17:14.493 W/System.err(25379): 	at com.hisense.hitv.hicloud.util.ExceptionReport.a(ExceptionReport.java:39)
07-05 23:17:14.493 W/System.err(25379): 	at com.hisense.hitv.hicloud.util.ExceptionReport$1.run(ExceptionReport.java:83)
07-05 23:17:14.493 W/System.err(25379): 	at java.lang.Thread.run(Thread.java:818)
07-05 23:17:14.493 W/System.err(25379): Caused by: android.system.ErrnoException: isConnected failed: ECONNREFUSED (Connection refused)
07-05 23:17:14.493 W/System.err(25379): 	at libcore.io.IoBridge.isConnected(IoBridge.java:223)
07-05 23:17:14.493 W/System.err(25379): 	... 15 more
07-05 23:17:14.495 D/til@system( 2026): til_get_system_param option:1000007 int:-1936522112, bool:128, ret:0
07-05 23:17:14.495 D/til@system( 2026): til_get_system_param option:1000009 int:-1815633792, bool:128, ret:0
07-05 23:17:14.496 D/til@system( 2026): til_get_system_param option:1000008 int:-1815634176, bool:0, ret:0
07-05 23:17:14.496 D/HiSDKLogReport(25379): getOperationDetail-productName : LED50MU8600UC
07-05 23:17:14.496 D/HiSDKLogReport(25379): getOperationDetail-plmNumber : 88888
07-05 23:17:14.496 D/HiSDKLogReport(25379): getOperationDetail-swVersion : V0000.00.01A
07-05 23:17:14.496 D/HiSDKLogReport(25379): getOperationDetail-operationDetail : LED50MU8600UC0000888
07-05 23:17:14.497 D/HiSDKLogReport(25379): processLogReport-log : {eventType=110, appKey=1182445233, APPVersionName=3.0.0.9.00, devid=86100300900000500000060a4818fca8, mac=a8:a6:48:18:fc:a8, uuid=13287129, accessToken=72DF6038D2AEAB8A76DFBBBBCC428A4A_000784952314207, APIversion=501, logversion=2.0, devType=0, APPPackage=com.hisense.hicloud.edca, eventPos=003, requesttime=1499267834496, customerId=7195320, value2=, eventMessage=InitDataAfterConnection, value1=1368, model_id=0, ChannelId=0, version=00.002.003, tv_distribute_id=00, subscriberId=13287129, APIVersion=600, PFAPPCode=652, softwareVersion=LED50MU8600UC0000888}
07-05 23:17:14.500 V/InputMethodService( 2203): startInput(): editor=android.view.inputmethod.EditorInfo@235f9a61
07-05 23:17:14.500 V/InputMethodService( 2203): CALL: onFinishInput
07-05 23:17:14.500 E/SOGOUIME_JNI( 2203): reset
07-05 23:17:14.500 E/SOGOUIME_JNI( 2203): getCandidates
07-05 23:17:14.500 E/SOGOUIME_JNI( 2203): ime_get_uncommitted_length
07-05 23:17:14.500 E/SOGOUIME_JNI( 2203): getCandidates
07-05 23:17:14.500 D/SogouIME API( 2203): ==============num:32
07-05 23:17:14.500 E/SOGOUIME_JNI( 2203): ime_get_uncommitted_length
07-05 23:17:14.500 D/SogouIME( 2203): mFocusedComponent:30   isHkbEnable:false
07-05 23:17:14.501 E/SOGOUIME_JNI( 2203): ime_get_uncommitted_length
07-05 23:17:14.501 E/SOGOUIME_JNI( 2203): ime_get_committed_length
07-05 23:17:14.501 E/SOGOUIME_JNI( 2203): getComposingInfo
07-05 23:17:14.501 E/SOGOUIME_JNI( 2203): getComposingInfo
07-05 23:17:14.501 E/SOGOUIME_JNI( 2203): getCorrectInfo
07-05 23:17:14.501 E/SOGOUIME_JNI( 2203): getComposingInfo
07-05 23:17:14.501 V/InputMethodService( 2203): CALL: onStartInput
07-05 23:17:14.501 E/SOGOUIME_JNI( 2203): invalidateCommitWordPinyinNative
07-05 23:17:14.501 D/SogouIME( 2203): =====configKeyboard=======:false     false
07-05 23:17:14.501 E/SOGOUIME_JNI( 2203): ime_set_hard_kb_enable
07-05 23:17:14.516 I/Choreographer(25379): Skipped 38 frames!  The application may be doing too much work on its main thread.
07-05 23:17:14.578 I/MiSysSrv( 1214): [37m[INFO] Change to Voltage: 117 mv (0x32)[m
07-05 23:17:14.633 I/TVMW@HsTvSetting( 1234): Trace cmd, data = 0x1058
07-05 23:17:14.638 I/FFMPEG  ( 1206): [mov,mp4,m4a,3gp,3g2,mj2 @ 0xf1803400] i(1) > pkt->stream_index(0),conitnue
07-05 23:17:14.638 I/FFMPEG  ( 1206): [NULL @ 0xbcb9cc00] try_decode_frame, i= 1, pkt->stream_index = 1
07-05 23:17:14.639 D/til@system( 2026): til_get_system_param option:100002F int:0, bool:0, ret:0
07-05 23:17:14.639 I/TVMW@HsTvSetting( 1234): Trace cmd, data = 0x101f
07-05 23:17:14.639 D/til@system( 2026): til_get_system_param option:100001D int:3, bool:3, ret:0
07-05 23:17:14.639 E/til     ( 2026): [til_get_current_input_source, 101] 
07-05 23:17:14.640 I/TVMW@HsTvSetting( 1234): Trace cmd, data = 0x7007
07-05 23:17:14.640 I/tilwrapper@sm( 2026): HS2TIL_SourceType *hs=0xd, *til=0x900
07-05 23:17:14.640 D/til     ( 2026): get current source 2304
07-05 23:17:14.640 D/SourceRemoteServiceHandler( 2026): getCurrentInputSource.from.til.result is 0, value is 2304
07-05 23:17:14.640 D/SourceRemoteServiceHandler( 2026): getInputSourceType source: 0x900, type=2304
07-05 23:17:14.640 D/til     ( 2026): ###### func:til_get_picture_param option:0x3000006 ######  
07-05 23:17:14.640 I/TVMW@HsTvSetting( 1234): Trace cmd, data = 0x1003
07-05 23:17:14.640 I/TVMW@HsTvSetting( 1234): Trace cmd, data = 0x8032
07-05 23:17:14.641 I/hstvos  ( 1216): [0m[1;33m[HSHAL][HS_VIDEO][HS_HAL_Video_SetOsdDetect_v2][2389]u16Threshold = 20
07-05 23:17:14.641 E/TVMW@videoctrl( 1234):  getOsd is 1
07-05 23:17:14.641 D/til@system( 2026): til_get_system_param option:1000027 int:1, bool:1, ret:0
07-05 23:17:14.641 I/MiSysSrv( 1214): Not support now! 42, change to mm_video!!!
07-05 23:17:14.641 D/til     ( 2026): ###### func:til_get_picture_param option:0x3000045 ######  
07-05 23:17:14.641 I/TVMW@HsTvSetting( 1234): Trace cmd, data = 0x300c
07-05 23:17:14.642 I/TVMW@HsTvSetting( 1234): Trace 3d, data = 0x300c
07-05 23:17:14.642 I/TVMW@3d ( 1234): Hs_debug3d_trace: func:get3dStatus, line:109
07-05 23:17:14.649 I/FFMPEG  ( 1206): [aac @ 0xbcb9cc00] skip whole frame, skip left: 0
07-05 23:17:14.654 I/FFMPEG  ( 1206): [mov,mp4,m4a,3gp,3g2,mj2 @ 0xf1803400] After avformat_find_stream_info() pos: 473274 bytes read:492316 seeks:0 frames:3
07-05 23:17:14.654 I/FFmpegExtractor( 1206): the duration is 00:08:58.08
07-05 23:17:14.654 I/FFmpegExtractor( 1206): streamIndex: 0 ,stream_index 0
07-05 23:17:14.654 D/FFmpegExtractor( 1206): is_codec_supported codec_id is 28
07-05 23:17:14.654 D/FFmpegExtractor( 1206): setVideoFormat avctx->codec_id is 28
07-05 23:17:14.654 V/codec_utils( 1206): AVC
07-05 23:17:14.654 I/FFmpegExtractor( 1206): the time is 00:08:58.08
07-05 23:17:14.654 I/FFmpegExtractor( 1206): streamIndex: 1 ,stream_index 1
07-05 23:17:14.654 D/FFmpegExtractor( 1206): is_codec_supported codec_id is 86018
07-05 23:17:14.654 V/codec_utils( 1206): AAC
07-05 23:17:14.654 V/codec_utils( 1206): aac profile: 1, sf_index: 4, channel: 2
07-05 23:17:14.654 I/FFmpegExtractor( 1206): bit_rate: 55687, sample_rate: 44100, channels: 2, bits_per_coded_sample: 16, block_align:0
07-05 23:17:14.654 I/FFmpegExtractor( 1206): the time is 00:08:58.00
07-05 23:17:14.656 D/FFmpegExtractor( 1206): Reader thread started
07-05 23:17:14.656 D/FFmpegExtractor( 1206): supported mime: video/mp4
07-05 23:17:14.656 W/avc_utils( 1206): [3D detect]It is not SEI Nal
07-05 23:17:14.656 W/avc_utils( 1206): [3D detect]It is not SEI Nal
07-05 23:17:14.656 W/avc_utils( 1206): [3D detect]It is not SEI Nal
07-05 23:17:14.711 D/PowerManagerService( 1733): setScreenBrightnessOverrideFromWindowManagerInternal done
07-05 23:17:14.713 D/Surface (25379): onStatusChange() : mNativeObject = 0 mUseImageHwRender = false
07-05 23:17:14.714 I/NuCachedSource2( 1206): new range: offset= 218840569
07-05 23:17:14.714 I/NuCachedSource2( 1206): seekInternal_l ---- totalSize: 1966080
07-05 23:17:14.714 D/MediaHTTPConnection(25379): offset = 218840569, mCurrentOffset = 1966080
07-05 23:17:14.714 D/MediaHTTPConnection(25379): seekTo 218840569
07-05 23:17:14.714 D/MediaHTTPConnection(25379): teardownConnection
07-05 23:17:14.725 W/SurfaceFlinger( 1204): couldn't log to binary event log: overflow.
07-05 23:17:14.730 I/        (25379): W = 90, H = 90
07-05 23:17:14.732 I/SurfaceView(25379): Changes: creating=false format=false size=false visible=false left=false top=false
07-05 23:17:14.732 I/SurfaceView(25379): Cur surface: Surface(name=null)/@0x3421d734
07-05 23:17:14.733 D/Surface ( 1733): onStatusChange() : mNativeObject = 547819101184 mUseImageHwRender = false
07-05 23:17:14.733 V/Surface ( 1733): nativeSetHardwareRender() : status = 0
07-05 23:17:14.733 V/Surface ( 1733): nativeSetHardwareRender() : end
07-05 23:17:14.735 D/PowerManagerService( 1733): setScreenBrightnessOverrideFromWindowManagerInternal done
07-05 23:17:14.738 D/Surface ( 1733): onStatusChange() : mNativeObject = 0 mUseImageHwRender = false
07-05 23:17:14.740 D/Surface (25379): onStatusChange() : mNativeObject = -528519168 mUseImageHwRender = false
07-05 23:17:14.740 V/Surface (25379): nativeSetHardwareRender() : status = 0
07-05 23:17:14.740 V/Surface (25379): nativeSetHardwareRender() : end
07-05 23:17:14.741 I/SurfaceView(25379): New surface: Surface(name=null)/@0x2832a95d, vis=true, frame=Rect(418, 205 - 1234, 665)
07-05 23:17:14.741 D/Surface (25379): onStatusChange() : mNativeObject = 0 mUseImageHwRender = false
07-05 23:17:14.741 D/Surface (25379): onStatusChange() : mNativeObject = -528519168 mUseImageHwRender = false
07-05 23:17:14.741 V/Surface (25379): nativeSetHardwareRender() : status = 0
07-05 23:17:14.741 V/Surface (25379): nativeSetHardwareRender() : end
07-05 23:17:14.741 I/SurfaceView(25379): surfaceRedrawNeeded
07-05 23:17:14.741 I/SurfaceView(25379): finishedDrawing
07-05 23:17:14.742 V/SurfaceView(25379): Layout: x=418 y=205 w=816 h=460, frame=Rect(0, 0 - 816, 460)
07-05 23:17:14.745 D/HiNetworkImpl(25379): doHttp_Asyn(): onReqResponse isSuccessful = true, back from thread: main
07-05 23:17:14.745 I/HiNetworkImpl(25379): doHttp_Asyn(): onSuccess clazz = class com.hisense.sdk.domain.DetailCollectionStatus, back from thread: main
07-05 23:17:14.745 D/DetailPlayActivity(25379): getDetailCollectionStatus,onSuccess
07-05 23:17:14.746 D/DetailVideoPlayerContainer(25379): receive,CONNECTIVITY_ACTION,mDetailListener:com.hisense.hicloud.edca.mediaplayer.activity.DetailPlayActivity@2e0671ce
07-05 23:17:14.746 D/DetailVideoPlayerContainer(25379): receive,CONNECTIVITY_ACTION,mDetailListener.isActivityResume():false
07-05 23:17:14.746 D/DetailCourseSelectorView(25379): sunliqin,setPlayIcon,set last video flag is true
07-05 23:17:14.746 D/DetailCourseSelectorView(25379): sunliqin,setPlayIcon,findposition view is not null
07-05 23:17:14.746 D/DetailCourseSelectorView(25379): GGGGGGGGGGGGGGGGGGGGGGGGGG,mPosition: 0
07-05 23:17:14.746 D/DetailCourseSelectorView(25379): sunliqin,no focus, set course play icon is selected
07-05 23:17:14.747 D/DetailCourseSelectorView(25379): 22after scroll,mindex is : 0
07-05 23:17:14.747 D/DetailVideoPlayerContainer(25379): receive,CONNECTIVITY_ACTION,mDetailListener:com.hisense.hicloud.edca.mediaplayer.activity.DetailPlayActivity@2e0671ce
07-05 23:17:14.747 D/DetailVideoPlayerContainer(25379): receive,CONNECTIVITY_ACTION,mDetailListener.isActivityResume():false
07-05 23:17:14.747 D/DetailCourseSelectorView(25379): sunliqin,setPlayIcon,set last video flag is true
07-05 23:17:14.747 D/DetailCourseSelectorView(25379): sunliqin,setPlayIcon,findposition view is not null
07-05 23:17:14.747 D/DetailCourseSelectorView(25379): GGGGGGGGGGGGGGGGGGGGGGGGGG,mPosition: 0
07-05 23:17:14.747 D/DetailCourseSelectorView(25379): sunliqin,no focus, set course play icon is selected
07-05 23:17:14.747 D/DetailCourseSelectorView(25379): 22after scroll,mindex is : 0
07-05 23:17:14.747 D/DetailCourseSelectorView(25379): sunliqin,setPlayIcon,set last video flag is true
07-05 23:17:14.747 D/DetailCourseSelectorView(25379): sunliqin,setPlayIcon,findposition view is not null
07-05 23:17:14.747 D/DetailCourseSelectorView(25379): GGGGGGGGGGGGGGGGGGGGGGGGGG,mPosition: 0
07-05 23:17:14.749 D/DetailCourseSelectorView(25379): sunliqin,no focus, set course play icon is selected
07-05 23:17:14.749 D/DetailCourseSelectorView(25379): 22after scroll,mindex is : 0
07-05 23:17:14.752 I/MyFragmentStateAdapter(25379): getCount
07-05 23:17:14.769 I/MiSysSrv( 1214): [37m[INFO] Change to Voltage: 102 mv (0x23)[m
07-05 23:17:14.777 D/OsdMonitorService( 1733): mCurrentWindow = com.hisense.hicloud.edca/com.hisense.tvui.newhome.HomeMainActivity; newWindow = com.hisense.hicloud.edca/com.hisense.tvui.newhome.HomeMainActivity; isSubWindow = false; isInWinList = false; isExitNow = false
07-05 23:17:14.777 D/OsdMonitorService( 1733): windowNotOsd() : name = com.hisense.hicloud.edca/com.hisense.tvui.newhome.HomeMainActivity
07-05 23:17:14.778 I/OsdMonitorService( 1733): setOsdStatus() : status will change from true to true
07-05 23:17:14.779 D/PowerManagerService( 1733): setScreenBrightnessOverrideFromWindowManagerInternal done
07-05 23:17:14.788 D/gralloc ( 1204): allocate buffer from ION HEAP 0x1
07-05 23:17:14.788 D/gralloc ( 1204): allocate memory from system heap
07-05 23:17:14.803 D/PowerManagerService( 1733): releaseWakeLockInternal: lock=681732318 [ActivityManager-Launch], flags=0x0
07-05 23:17:14.803 D/PowerManagerNotifier( 1733): onWakeLockReleased: flags=1, tag="ActivityManager-Launch", packageName=android, ownerUid=1000, ownerPid=1733, workSource=null
07-05 23:17:14.823 D/MediaHTTPConnection(25379): close inputstream
07-05 23:17:14.824 D/MediaHTTPConnection(25379): hitting http://112.240.58.51/jhxvideo-ws.video-tx.com/rendition/201705/205989353451683841/205989353451684353/bb/243216185158536196/243216215223308548/r243216215223308548-3200k-1920x1080.mp4?wsSecret=d9ab7e9ccb056d003d71403d8ec05133&wsTime=595d02f8&wsiphost=local
07-05 23:17:14.829 I/NotificationService( 1733): cancelToast pkg=com.hisense.hicloud.edca callback=android.app.ITransientNotification$Stub$Proxy@2461a0ee
07-05 23:17:14.829 W/NotificationService( 1733): Toast already cancelled. pkg=com.hisense.hicloud.edca callback=android.app.ITransientNotification$Stub$Proxy@2461a0ee
07-05 23:17:14.830 D/DetailPlayActivity(25379): ---------------------------onstop,release player!!!
07-05 23:17:14.830 D/DetailVideoPlayerContainer(25379): releasePlayer,mIsAutoFlag:true
07-05 23:17:14.830 D/DetailVideoPlayerContainer(25379): sunliqin,releasePlayer(),mPosition:0 mPlayLimitTime:0
07-05 23:17:14.830 D/DetailVideoPlayerContainer(25379): autoRecordPlayHistroymPosition:0     mDuration:0 mPlayLimitTime:0  mIsAutoFlag:true
07-05 23:17:14.830 D/DetailVideoPlayerContainer(25379): releasePlayer(,histroy,mDuration:0  total:48  mIndex + 11
07-05 23:17:14.830 D/VideoInfo(25379): reportVideoExit,position:0
07-05 23:17:14.834 I/edu     (25379): ---------- ==>1002
07-05 23:17:14.835 D/EduSourcePlayerHelper(25379): journalVideoExit(): content://com.hisense.data.edu/external_player_action?action=logging&source=EDU&event=video_exit&programSeriesId=3535&episodeId=35351&resolution=11&ts=1499267834&position=0&error_code=null&typeCode=1002&classId=&topicTitle=
07-05 23:17:14.840 D/DetailPlayActivity(25379): ---------------------------onstop,isReleased:true
07-05 23:17:14.841 D/EduSourcePlayerHelper(25379): opening cursor content://com.hisense.data.edu/external_player_action?action=logging&source=EDU&event=video_exit&programSeriesId=3535&episodeId=35351&resolution=11&ts=1499267834&position=0&error_code=null&typeCode=1002&classId=&topicTitle=
07-05 23:17:14.841 I/ContentProvider(25379): --EduProvider--query--insert db--
07-05 23:17:14.842 D/DetailPlayActivity(25379): ---------------------------ondestroy
07-05 23:17:14.843 I/FirstLineAdapter(25379): canShowTrailer,isOffline=false
07-05 23:17:14.843 D/DetailVideoPlayerContainer(25379): reportVideoEndLog!!!!!current videos id is : 35351
07-05 23:17:14.844 D/til@system( 2026): til_get_system_param option:1000007 int:-1936525184, bool:128, ret:0
07-05 23:17:14.845 D/til@system( 2026): til_get_system_param option:1000009 int:-1936522368, bool:128, ret:0
07-05 23:17:14.845 D/til@system( 2026): til_get_system_param option:1000008 int:-1815632896, bool:0, ret:0
07-05 23:17:14.845 D/HiSDKLogReport(25379): getOperationDetail-productName : LED50MU8600UC
07-05 23:17:14.845 D/HiSDKLogReport(25379): getOperationDetail-plmNumber : 88888
07-05 23:17:14.845 D/HiSDKLogReport(25379): getOperationDetail-swVersion : V0000.00.01A
07-05 23:17:14.845 D/HiSDKLogReport(25379): getOperationDetail-operationDetail : LED50MU8600UC0000888
07-05 23:17:14.846 D/HiSDKLogReport(25379): businessLogReport-log : {eventType=229, APPVersionName=3.0.0.9.00, devid=86100300900000500000060a4818fca8, uuid=13287129, APIversion=501, duration=0, eventcode=229009, logversion=2.0, devType=0, eventPos=009, ChannelId=0, version=00.002.003, subscriberId=13287129, PFAPPCode=652, softwareVersion=LED50MU8600UC0000888, srceventcode=207000, videoid=35351, srcmediaid=, mac=a8:a6:48:18:fc:a8, accessToken=72DF6038D2AEAB8A76DFBBBBCC428A4A_000784952314207, srcoriginal=1, APPPackage=com.hisense.hicloud.edca, mediaid=3535, sessionid=7d3f6763e5814311b2345755596f30b6, requesttime=1499267834846, customerId=7195320, model_id=0, requestid=a77253f1e32748ba82095579bae46868, tv_distribute_id=00, APIVersion=600, issysrepo=0}
07-05 23:17:14.846 D/DetailVideoPlayerContainer(25379): onDestroy() --
07-05 23:17:14.854 W/System.err(25379): java.net.ConnectException: failed to connect to /10.18.210.112 (port 8900) after 6000ms: isConnected failed: ECONNREFUSED (Connection refused)
07-05 23:17:14.854 D/PowerManagerService( 1733): setScreenBrightnessOverrideFromWindowManagerInternal done
07-05 23:17:14.854 W/System.err(25379): 	at libcore.io.IoBridge.isConnected(IoBridge.java:238)
07-05 23:17:14.854 W/System.err(25379): 	at libcore.io.IoBridge.connectErrno(IoBridge.java:171)
07-05 23:17:14.855 W/System.err(25379): 	at libcore.io.IoBridge.connect(IoBridge.java:122)
07-05 23:17:14.855 W/System.err(25379): 	at java.net.PlainSocketImpl.connect(PlainSocketImpl.java:183)
07-05 23:17:14.855 W/System.err(25379): 	at java.net.PlainSocketImpl.connect(PlainSocketImpl.java:456)
07-05 23:17:14.855 W/System.err(25379): 	at java.net.Socket.connect(Socket.java:882)
07-05 23:17:14.855 W/System.err(25379): 	at com.android.okhttp.internal.Platform.connectSocket(Platform.java:174)
07-05 23:17:14.855 W/System.err(25379): 	at com.android.okhttp.Connection.connect(Connection.java:152)
07-05 23:17:14.855 W/System.err(25379): 	at com.android.okhttp.internal.http.HttpEngine.connect(HttpEngine.java:276)
07-05 23:17:14.855 W/System.err(25379): 	at com.android.okhttp.internal.http.HttpEngine.sendRequest(HttpEngine.java:211)
07-05 23:17:14.855 W/System.err(25379): 	at com.android.okhttp.internal.http.HttpURLConnectionImpl.execute(HttpURLConnectionImpl.java:382)
07-05 23:17:14.855 W/System.err(25379): 	at com.android.okhttp.internal.http.HttpURLConnectionImpl.connect(HttpURLConnectionImpl.java:106)
07-05 23:17:14.855 W/System.err(25379): 	at com.hisense.hitv.hicloud.util.ExceptionReport.a(ExceptionReport.java:337)
07-05 23:17:14.855 W/System.err(25379): 	at com.hisense.hitv.hicloud.util.ExceptionReport.a(ExceptionReport.java:39)
07-05 23:17:14.855 W/System.err(25379): 	at com.hisense.hitv.hicloud.util.ExceptionReport$1.run(ExceptionReport.java:83)
07-05 23:17:14.855 W/System.err(25379): 	at java.lang.Thread.run(Thread.java:818)
07-05 23:17:14.855 W/System.err(25379): Caused by: android.system.ErrnoException: isConnected failed: ECONNREFUSED (Connection refused)
07-05 23:17:14.855 W/System.err(25379): 	at libcore.io.IoBridge.isConnected(IoBridge.java:223)
07-05 23:17:14.855 W/System.err(25379): 	... 15 more
07-05 23:17:14.856 D/OsdMonitorService( 1733): mCurrentWindow = com.hisense.hicloud.edca/com.hisense.tvui.newhome.HomeMainActivity; newWindow = com.hisense.hicloud.edca/com.hisense.tvui.newhome.HomeMainActivity; isSubWindow = false; isInWinList = false; isExitNow = false
07-05 23:17:14.856 D/OsdMonitorService( 1733): windowNotOsd() : name = com.hisense.hicloud.edca/com.hisense.tvui.newhome.HomeMainActivity
07-05 23:17:14.856 I/OsdMonitorService( 1733): setOsdStatus() : status will change from true to true
07-05 23:17:14.858 D/MediaHTTPConnection(25379): [Connection@263819994] response.heeader.null = HTTP/1.0 206 Partial Content
07-05 23:17:14.858 D/MediaHTTPConnection(25379): [Connection@263819994] response.heeader.Accept-Ranges = bytes
07-05 23:17:14.858 D/MediaHTTPConnection(25379): [Connection@263819994] response.heeader.Age = 369209
07-05 23:17:14.858 D/MediaHTTPConnection(25379): [Connection@263819994] response.heeader.Cache-Control = max-age=5184000
07-05 23:17:14.858 D/MediaHTTPConnection(25379): [Connection@263819994] response.heeader.Connection = keep-alive
07-05 23:17:14.858 D/MediaHTTPConnection(25379): [Connection@263819994] response.heeader.Content-Length = 128
07-05 23:17:14.858 D/MediaHTTPConnection(25379): [Connection@263819994] response.heeader.Content-MD5 = b0d2FgZ34VxS2J9TYuIjgA==
