07-05 21:56:50.374 D/Player/Lib/Utils/SysUtils(13575): [TID 13605] [Check dolby]  Codec name=OMX.MS.RV.Decoder
07-05 21:56:50.374 D/Player/Lib/Utils/SysUtils(13575): [TID 13605] [Check dolby]  Supported type=video/realvideo
07-05 21:56:50.375 D/Player/Lib/Utils/SysUtils(13575): [TID 13605] [Check dolby]  Codec name=OMX.google.aac.decoder
07-05 21:56:50.375 D/Player/Lib/Utils/SysUtils(13575): [TID 13605] [Check dolby]  Supported type=audio/mp4a-latm
07-05 21:56:50.375 D/Player/Lib/Utils/SysUtils(13575): [TID 13605] [Check dolby]  Codec name=OMX.google.mp3.decoder
07-05 21:56:50.375 D/Player/Lib/Utils/SysUtils(13575): [TID 13605] [Check dolby]  Supported type=audio/mpeg
07-05 21:56:50.375 D/Player/Lib/Utils/SysUtils(13575): [TID 13605] [Check dolby]  Codec name=OMX.MS.MP3.Decoder
07-05 21:56:50.375 D/Player/Lib/Utils/SysUtils(13575): [TID 13605] [Check dolby]  Supported type=audio/mpeg
07-05 21:56:50.375 D/Player/Lib/Utils/SysUtils(13575): [TID 13605] [Check dolby]  Supported type=audio/mpeg-L1
07-05 21:56:50.375 D/Player/Lib/Utils/SysUtils(13575): [TID 13605] [Check dolby]  Supported type=audio/mpeg-L2
07-05 21:56:50.375 D/Player/Lib/Utils/SysUtils(13575): [TID 13605] [Check dolby]  Codec name=OMX.MS.AAC.Decoder
07-05 21:56:50.375 D/Player/Lib/Utils/SysUtils(13575): [TID 13605] [Check dolby]  Supported type=audio/mp4a-latm
07-05 21:56:50.375 D/Player/Lib/Utils/SysUtils(13575): [TID 13605] [Check dolby]  Codec name=OMX.google.opus.decoder
07-05 21:56:50.375 D/Player/Lib/Utils/SysUtils(13575): [TID 13605] [Check dolby]  Supported type=audio/opus
07-05 21:56:50.375 D/Player/Lib/Utils/SysUtils(13575): [TID 13605] [Check dolby]  Codec name=OMX.google.vorbis.decoder
07-05 21:56:50.375 D/Player/Lib/Utils/SysUtils(13575): [TID 13605] [Check dolby]  Supported type=audio/vorbis
07-05 21:56:50.375 D/Player/Lib/Utils/SysUtils(13575): [TID 13605] [Check dolby]  Codec name=OMX.MS.VORBIS.Decoder
07-05 21:56:50.375 D/Player/Lib/Utils/SysUtils(13575): [TID 13605] [Check dolby]  Supported type=audio/vorbis
07-05 21:56:50.375 D/Player/Lib/Utils/SysUtils(13575): [TID 13605] [Check dolby]  Codec name=OMX.MS.ADPCM.Decoder
07-05 21:56:50.375 D/Player/Lib/Utils/SysUtils(13575): [TID 13605] [Check dolby]  Supported type=audio/adpcm
07-05 21:56:50.375 D/Player/Lib/Utils/SysUtils(13575): [TID 13605] [Check dolby]  Codec name=OMX.MS.LPCM.Decoder
07-05 21:56:50.375 D/Player/Lib/Utils/SysUtils(13575): [TID 13605] [Check dolby]  Supported type=audio/lpcm
07-05 21:56:50.375 D/Player/Lib/Utils/SysUtils(13575): [TID 13605] [Check dolby]  Codec name=OMX.MS.RA.Decoder
07-05 21:56:50.375 D/Player/Lib/Utils/SysUtils(13575): [TID 13605] [Check dolby]  Supported type=audio/cook
07-05 21:56:50.375 D/Player/Lib/Utils/SysUtils(13575): [TID 13605] [Check dolby]  Codec name=OMX.MS.WMA.Decoder
07-05 21:56:50.375 D/Player/Lib/Utils/SysUtils(13575): [TID 13605] [Check dolby]  Supported type=audio/x-ms-wma
07-05 21:56:50.376 D/Player/Lib/Utils/SysUtils(13575): [TID 13605] [Check dolby]  Codec name=OMX.MS.AC3.Decoder
07-05 21:56:50.376 D/Player/Lib/Utils/SysUtils(13575): [TID 13605] [Check dolby]  Supported type=audio/ac3
07-05 21:56:50.376 D/Player/Lib/Utils/SysUtils(13575): [TID 13605] [Check dolby] FOUND, current type = audio/ac3
07-05 21:56:50.376 W/AudioCapabilities(13575): Unsupported mime audio/ac3
07-05 21:56:50.376 D/Player/Lib/Utils/SysUtils(13575): [TID 13605] [Check dolby]  ProfileLevels size:0
07-05 21:56:50.376 D/Player/Lib/Utils/SysUtils(13575): [TID 13605] DEVICE_SUPPORT_DOLBY=true, DEVICE_SUPPORT_H265=true
07-05 21:56:50.385 D/WifiService( 1733): New client listening to asynchronous messages
07-05 21:56:50.395 D/Player/Lib/Utils/SysUtils(13575): [TID 13605] isDeviceSupportDolby=true
07-05 21:56:50.396 D/Player/Lib/Utils/SysUtils(13575): [TID 13605] isDeviceSupportH265=true
07-05 21:56:50.397 D/PlayerSdkUtils(13575): [TID 13605] static init: IS_DEVICE_CODEC_SUPPORT_DOLBY=true
07-05 21:56:50.397 D/PlayerSdkUtils(13575): [TID 13605] static init: IS_DEVICE_CODEC_SUPPORT_H265=true
07-05 21:56:50.405 D/PlayerSDK/data/FetchUuidJob(13575): [TID 13605] >>>fetchKeyInfo, sIsFetched=false
07-05 21:56:50.405 D/PlayerSDK/data/FetchUuidJob(13575): [TID 13605] fetchKeyInfo: deviceInfo=vidaa3
07-05 21:56:50.412 I/System.out(13575): D/(load-playerplugin, syncCall): cpu: 4
07-05 21:56:50.426 I/System.out(13575): <TVAPI> DEBUG(isUpdateData): isUpdateData=manInfo-true
07-05 21:56:50.428 I/System.out(13575): <TVAPI> DEBUG(TVApiProperty): read passport-device-id=null
07-05 21:56:50.430 I/MyFragmentStateAdapter(13575): getCount
07-05 21:56:50.430 I/System.out(13575): <TVAPI> DEBUG(TVApiProperty): passport-device-id-system=tv_69b1ef544cadbb86e8f28950ece1c76a_1167652938875
07-05 21:56:50.430 I/System.out(13575): <TVAPI> DEBUG(id=1, manInfo): url = http://data2.itv.ptqy.gitv.tv/itv/manInfo/vidaa3?s=0
07-05 21:56:50.431 I/System.out(13575): <TVAPI> DEBUG(id=1, manInfo): header = qyid:tv_69b1ef544cadbb86e8f28950ece1c76a_1167652938875
07-05 21:56:50.431 I/System.out(13575): <TVAPI> DEBUG(id=1, manInfo): header = ov:5.1.1
07-05 21:56:50.431 I/System.out(13575): <TVAPI> DEBUG(id=1, manInfo): header = apkVer:
07-05 21:56:50.431 I/System.out(13575): <TVAPI> DEBUG(id=1, manInfo): header = apiKey:APIKEY
07-05 21:56:50.437 I/HLSP2P  (16224): ## 2017-07-05 21:56:50.436 [16224,16378,:0] INFO ## [HLSP2P][PunchHelper.cpp:289][INFO][SendHeartBeatMsg][PunchHelper] send heartbeat to punch server(124.160.168.204:8001) ok
07-05 21:56:50.463 I/HLSP2P  (16224): ## 2017-07-05 21:56:50.462 [16224,16380,:0] INFO ## [HLSP2P][PunchHelper.cpp:434][INFO][OnHeartbeatRsp][PunchHelper] punch heartbeat rsp ok
07-05 21:56:50.482 I/MyFragmentStateAdapter(13575): getCount
07-05 21:56:50.525 I/RoleContentFragment(13575): onResourceReadycom.bumptech.glide.load.resource.bitmap.GlideBitmapDrawable@25bdb7e3
07-05 21:56:50.530 I/MyFragmentStateAdapter(13575): getCount
07-05 21:56:50.555 I/System.out(13575): <TVAPI> DEBUG(id=1, manInfo, response_time = 48ms): data = {"code":"N000000","json":{},"uuid":"MjAxNTEyMjgxNjU2MTk1NzJNa0NISmZXYjExMjA5"}
07-05 21:56:50.555 D/PlayerSDK/data/FetchUuidJob(13575): [TID 13605] mManInfoCallback onSuccess: maininfo=com.qiyi.tvapi.tv2.result.ApiResultManInfo@1865083b
07-05 21:56:50.555 D/PlayerSDK/data/FetchUuidJob(13575): [TID 13605] mManInfoCallback result: u=MjAxNTEyMjgxNjU2MTk1NzJNa0NISmZXYjExMjA5, json={}
07-05 21:56:50.555 D/PlayerSDK/data/FetchUuidJob(13575): [TID 13605] mManInfoCallback result: eU=MjAxNTEyMjgxNjU2MTk1NzJNa0NISmZXYjExMjA5
07-05 21:56:50.555 D/PlayerSDK/data/FetchUuidJob(13575): [TID 13605] mManInfoCallback: fectch id success, use it.
07-05 21:56:50.559 D/PlayerSDK/data/FetchUuidJob(13575): [TID 13605] mManInfoCallback result: parterId=null
07-05 21:56:50.560 D/PlayerSDK/data/FetchUuidJob@35299412(13575): [TID 13605] notifyJobSuccess() Job[PlayerSDK/data/FetchUuidJob@35299412](mState=0, mData=Object69774168, mError=null)
07-05 21:56:50.560 D/PlayerSDK/data/FetchUuidJob(13575): [TID 13605] <<<fetchKeyInfo
07-05 21:56:50.560 D/PlayerSDK/data/FetchUuidJob@35299412(13575): [TID 13605] notifyJobSuccess() Job[PlayerSDK/data/FetchUuidJob@35299412](mState=2, mData=Object69774168, mError=null)
07-05 21:56:50.560 D/PlayerSdk/PlayerSdkProject(13575): [TID 13605] createRegisterKeyForTvapi(context=com.hisense.hicloud.edca.BaseApplication@2adbac5c)
07-05 21:56:50.561 D/Player/Lib/Utils/SysUtils(13575): [TID 13605] getMacAddr() returnsa8:a6:48:18:fc:a8
07-05 21:56:50.561 I/System.out(13575): <TVAPI> ERROR(Check MacAddress): mac address is 
07-05 21:56:50.562 D/PlayerSdk/PlayerSdkProject(13575): [TID 13605] initTVApi platformType:HAIXIN, defaultUserId:tv_69b1ef544cadbb86e8f28950ece1c76a, domainName:ptqy.gitv.tv
07-05 21:56:50.562 D/PlayerSdk/PlayerSdkProject(13575): [TID 13605] << beginInitialize: consume 485 ms
07-05 21:56:50.562 D/Player/PluginProvider@7df26f(13575): [TID 13605] << setupSdkFeature: mSdkFeature=com.qiyi.video.plugin.j@795f4b1
07-05 21:56:50.562 W/PluginProviderBuilder(13575): createPluginProviderInstance() return com.qiyi.video.plugin.PluginProvider@7df26f
07-05 21:56:50.562 W/PluginDebugUtils(13575): needThrowable<<(key=lastFailed)
07-05 21:56:50.563 W/PluginDebugUtils(13575): needThrowable() returns false
07-05 21:56:50.563 W/PluginHelper(13575): loadProvider>>() return com.qiyi.video.plugin.PluginProvider@7df26f
07-05 21:56:50.563 W/StorageManager(13575): savePluginInfo<<(info=PluginInfo(id=pluginplayer, versionName=1.64.0.59984, className=com.qiyi.video.plugin.PluginProvider, path=/data/data/com.hisense.hicloud.edca/files/plugin/2.1.0.59986/pluginplayer/1.64.0.59984/pluginplayer-release-1.64.0.59984.apk, libFolder=/data/data/com.hisense.hicloud.edca/files/plugin/2.1.0.59986/pluginplayer/1.64.0.59984/pluginplayer-release-1.64.0.59984-libs, containSo=true, soFileCount=18, errorCount=0, lastLoadSuccess=true))
07-05 21:56:50.563 W/StorageManager(13575): isMultiProcessPlugin<<()  pluginplayer
07-05 21:56:50.563 W/StorageManager(13575): isMultiProcessPlugin>>() return false
07-05 21:56:50.563 W/StorageStub@193d3924(13575): loadPluginInfos<<(pluginId=pluginplayer, needRemoveDumy=false)
07-05 21:56:50.563 W/PluginInfo(13575): getListFromJson<<(json=null)
07-05 21:56:50.563 W/StorageStub@193d3924(13575): loadPluginInfos>>() return null
07-05 21:56:50.563 W/StorageManager(13575): findPluginInfo<<(list=[], version=1.64.0.59984)
07-05 21:56:50.563 W/StorageManager(13575): findPluginInfo>>() return null
07-05 21:56:50.563 W/StorageStub@193d3924(13575): savePluginInfos<<(pluginId=pluginplayer, list=[PluginInfo(id=pluginplayer, versionName=1.64.0.59984, className=com.qiyi.video.plugin.PluginProvider, path=/data/data/com.hisense.hicloud.edca/files/plugin/2.1.0.59986/pluginplayer/1.64.0.59984/pluginplayer-release-1.64.0.59984.apk, libFolder=/data/data/com.hisense.hicloud.edca/files/plugin/2.1.0.59986/pluginplayer/1.64.0.59984/pluginplayer-release-1.64.0.59984-libs, containSo=true, soFileCount=18, errorCount=0, lastLoadSuccess=true)])
07-05 21:56:50.563 W/PluginInfo(13575): getJsonFromList<<(list=[PluginInfo(id=pluginplayer, versionName=1.64.0.59984, className=com.qiyi.video.plugin.PluginProvider, path=/data/data/com.hisense.hicloud.edca/files/plugin/2.1.0.59986/pluginplayer/1.64.0.59984/pluginplayer-release-1.64.0.59984.apk, libFolder=/data/data/com.hisense.hicloud.edca/files/plugin/2.1.0.59986/pluginplayer/1.64.0.59984/pluginplayer-release-1.64.0.59984-libs, containSo=true, soFileCount=18, errorCount=0, lastLoadSuccess=true)])
07-05 21:56:50.563 W/PluginInfo(13575): toJson>>() return {"plugin_id":"pluginplayer","plugin_versionname":"1.64.0.59984","plugin_class_name":"com.qiyi.video.plugin.PluginProvider","plugin_path":"\/data\/data\/com.hisense.hicloud.edca\/files\/plugin\/2.1.0.59986\/pluginplayer\/1.64.0.59984\/pluginplayer-release-1.64.0.59984.apk","plugin_lib_folder":"\/data\/data\/com.hisense.hicloud.edca\/files\/plugin\/2.1.0.59986\/pluginplayer\/1.64.0.59984\/pluginplayer-release-1.64.0.59984-libs","contain_so":true,"so_count":18,"load_error_count":0,"load_success":true}
07-05 21:56:50.564 W/PluginInfo(13575): getJsonFromList>>() return [{"plugin_id":"pluginplayer","plugin_versionname":"1.64.0.59984","plugin_class_name":"com.qiyi.video.plugin.PluginProvider","plugin_path":"\/data\/data\/com.hisense.hicloud.edca\/files\/plugin\/2.1.0.59986\/pluginplayer\/1.64.0.59984\/pluginplayer-release-1.64.0.59984.apk","plugin_lib_folder":"\/data\/data\/com.hisense.hicloud.edca\/files\/plugin\/2.1.0.59986\/pluginplayer\/1.64.0.59984\/pluginplayer-release-1.64.0.59984-libs","contain_so":true,"so_count":18,"load_error_count":0,"load_success":true}]
07-05 21:56:50.564 W/StorageStub@193d3924(13575): savePluginInfos>>()
07-05 21:56:50.564 W/StorageManager(13575): savePluginInfo>>()
07-05 21:56:50.564 W/PluginHelper(13575): loadAssetsProvider>>() return com.qiyi.video.plugin.PluginProvider@7df26f
07-05 21:56:50.564 W/PluginHelper(13575): addProviders<<(provider=com.qiyi.video.plugin.PluginProvider@7df26f)
07-05 21:56:50.564 W/PluginHelper(13575): addProviders>>()
07-05 21:56:50.565 W/System.err(13575): java.lang.Exception: load local histroy info null
07-05 21:56:50.567 W/PluginHelper(13575): handleMessage<<(msg={ when=0 what=1 target=com.qiyi.sdk.plugin.server.core.PluginHelper$TimerHandler })
07-05 21:56:50.567 W/StorageManager(13575): loadLastUpgradeTime<<()
07-05 21:56:50.567 W/StorageStub@193d3924(13575): loadLastUpgradeTime<<()
07-05 21:56:50.567 W/StorageStub@193d3924(13575): loadLastUpgradeTime>>() return 0
07-05 21:56:50.567 W/StorageManager(13575): loadLastUpgradeTime>>()
07-05 21:56:50.568 W/PluginDebugUtils(13575): needDebug<<(key=upgradeIntervalDebug)
07-05 21:56:50.568 W/PluginDebugUtils(13575): needDebug() returns false
07-05 21:56:50.568 W/PluginPropertyConfig(13575): getUpgradeInterval() return 86400000
07-05 21:56:50.568 W/PluginPropertyConfig(13575): autoUpgrade() return true
07-05 21:56:50.568 W/PluginHelper(13575): handleMessage...(realInterval=1499263010567, minInterval=86400000, autoUpgrade=true)
07-05 21:56:50.568 W/PluginHelper(13575): allProvidersCanBeUpgrade<<()
07-05 21:56:50.568 W/PluginHelper(13575): getProvider<<(pluginId=pluginplayer)
07-05 21:56:50.568 W/PluginHelper(13575): getProvider>>() return com.qiyi.video.plugin.PluginProvider@7df26f
07-05 21:56:50.568 W/PluginHelper(13575): allProvidersCanBeUpgrade...() provider=com.qiyi.video.plugin.PluginProvider@7df26f, canBeUpgrade=true
07-05 21:56:50.568 W/PluginHelper(13575): allProvidersCanBeUpgrade>>() return true
07-05 21:56:50.568 W/PluginHelper(13575): checkAllUpgrade<<()
07-05 21:56:50.568 W/PluginHelper(13575): getProvidersVersionInfo<<()
07-05 21:56:50.568 W/PluginHelper(13575): getProvider<<(pluginId=pluginplayer)
07-05 21:56:50.568 W/PluginHelper(13575): getProvider>>() return com.qiyi.video.plugin.PluginProvider@7df26f
07-05 21:56:50.568 D/Version (13575): [TID 13606] getVersionName: 1.64.0.59984
07-05 21:56:50.568 W/PluginHelper(13575): getProvidersVersionInfo>>() return {pluginplayer=1.64.0.59984}
07-05 21:56:50.569 W/UpgradeManager(13575): checkUpgrades<<(requestInfos={pluginplayer=1.64.0.59984})
07-05 21:56:50.569 I/System.out(13575): <TVAPI> DEBUG(isUpdateData): isUpdateData=moduleUpdate-true
07-05 21:56:50.569 I/MiSysSrv( 1214): [37m[INFO] Change to Voltage: 102 mv (0x23)[m
07-05 21:56:50.570 W/System.err(13575): 	at com.qiyi.sdk.plugin.server.core.PluginHelper.loadLocalProvider(SourceFile:202)
07-05 21:56:50.570 W/System.err(13575): 	at com.qiyi.sdk.plugin.server.core.PluginHelper.loadProvider(SourceFile:151)
07-05 21:56:50.570 W/System.err(13575): 	at com.qiyi.sdk.plugin.server.PluginManager.loadFeature(SourceFile:81)
07-05 21:56:50.570 W/System.err(13575): 	at com.qiyi.sdk.player.a.a(SourceFile:3101)
07-05 21:56:50.570 W/System.err(13575): 	at com.qiyi.sdk.player.a$a.run(SourceFile:132)
07-05 21:56:50.570 W/System.err(13575): 	at android.os.Handler.handleCallback(Handler.java:739)
07-05 21:56:50.570 W/System.err(13575): 	at android.os.Handler.dispatchMessage(Handler.java:95)
07-05 21:56:50.570 W/System.err(13575): 	at android.os.Looper.loop(Looper.java:135)
07-05 21:56:50.570 W/System.err(13575): 	at android.os.HandlerThread.run(HandlerThread.java:61)
07-05 21:56:50.570 I/System.out(13575): <TVAPI> DEBUG(TVApiProperty): read passport-device-id=tv_69b1ef544cadbb86e8f28950ece1c76a_1167652938875
07-05 21:56:50.570 W/PluginHelper(13575): loadProvider>>() return Result(code=1, data=com.qiyi.video.plugin.PluginProvider@7df26f, exception=[LoadProviderException(type=loadLocal, throwable=java.lang.Exception: load local histroy info null)], period=1)
07-05 21:56:50.570 W/AbsPluginProvider(13575): getFeature<<(featureType=2)
07-05 21:56:50.570 I/System.out(13575): <TVAPI> DEBUG(TVApiProcessor): preprocessor-device-check
07-05 21:56:50.570 D/Player/PluginProvider@7df26f(13575): [TID 13605] getFeatures: mFeatures=[com.qiyi.video.plugin.j@795f4b1]
07-05 21:56:50.570 W/AbsPluginProvider(13575): getFeature>>() return com.qiyi.video.plugin.j@795f4b1
07-05 21:56:50.570 W/System.err(13575): java.lang.Exception: load local histroy info null
07-05 21:56:50.570 I/System.out(13575): <TVAPI> DEBUG(isUpdateData): isUpdateData=devRegister-true
07-05 21:56:50.570 W/System.err(13575): 	at com.qiyi.sdk.plugin.server.core.PluginHelper.loadLocalProvider(SourceFile:202)
07-05 21:56:50.570 I/System.out(13575): <TVAPI> DEBUG(TVAPI): uuid=20151228165619572MkCHJfWb11209
07-05 21:56:50.570 I/System.out(13575): <TVAPI> DEBUG(TVAPI): version=2.1.0.59986
07-05 21:56:50.570 I/System.out(13575): <TVAPI> DEBUG(TVApiProperty): read passport-device-id=tv_69b1ef544cadbb86e8f28950ece1c76a_1167652938875
07-05 21:56:50.570 I/System.out(13575): <TVAPI> DEBUG(id=4, systemTime): url = http://pdata.video.ptqy.gitv.tv/k
07-05 21:56:50.571 I/System.out(13575): D/(plugin_check_upgrade_thread, CommonApi-systemTime): url=http://pdata.video.ptqy.gitv.tv/k
07-05 21:56:50.571 W/System.err(13575): 	at com.qiyi.sdk.plugin.server.core.PluginHelper.loadProvider(SourceFile:151)
07-05 21:56:50.572 W/System.err(13575): 	at com.qiyi.sdk.plugin.server.PluginManager.loadFeature(SourceFile:81)
07-05 21:56:50.572 W/System.err(13575): 	at com.qiyi.sdk.player.a.a(SourceFile:3101)
07-05 21:56:50.572 W/System.err(13575): 	at com.qiyi.sdk.player.a$a.run(SourceFile:132)
07-05 21:56:50.572 W/System.err(13575): 	at android.os.Handler.handleCallback(Handler.java:739)
07-05 21:56:50.572 W/System.err(13575): 	at android.os.Handler.dispatchMessage(Handler.java:95)
07-05 21:56:50.572 W/System.err(13575): 	at android.os.Looper.loop(Looper.java:135)
07-05 21:56:50.572 W/System.err(13575): 	at android.os.HandlerThread.run(HandlerThread.java:61)
07-05 21:56:50.572 W/PluginManager(13575): loadFeature>>() return Result(code=1, data=com.qiyi.video.plugin.j@795f4b1, exception=[LoadProviderException(type=loadLocal, throwable=java.lang.Exception: load local histroy info null)], period=1)
07-05 21:56:50.572 D/PlayerSdk/PlayerSdkProject(13575): [TID 13605] initialize(Parameter@1c046c51{mDelayedMilliSec=0, mCustomerAppVersion=3.0.0.9.00, mDeviceId=a8:a6:48:18:fc:a8, mDeviceInfo=vidaa3, mShowAdCountDown=true, mCDNDispathParam=null, mAdsHintNameMap={1001=, 2001=, 3001=}})
07-05 21:56:50.572 D/PlayerSdk/PlayerSdkProject(13575): [TID 13605] >> finishInitialize
07-05 21:56:50.575 I/System.out(13575): <TVAPI> DEBUG(id=3, devRegister): url = http://data2.itv.ptqy.gitv.tv/itv/devRegister/OGFjZjgxODQ2YThhLzIwMTUxMjI4MTY1NjE5NTcyTWtDSEpmV2IxMTIwOS8yLjEuMC41OTk4Ng/39467112fe7be1432adcf86e152f4899
07-05 21:56:50.575 I/System.out(13575): <TVAPI> DEBUG(id=3, devRegister): header = qyid:tv_69b1ef544cadbb86e8f28950ece1c76a_1167652938875
07-05 21:56:50.575 I/System.out(13575): <TVAPI> DEBUG(id=3, devRegister): header = ov:5.1.1
07-05 21:56:50.575 I/System.out(13575): <TVAPI> DEBUG(id=3, devRegister): header = apkVer:2.1.0.59986
07-05 21:56:50.579 V/LogRecord/LogManager(13575): isLogRegister = false isMultiProcess = false isSecondProcess = false
07-05 21:56:50.580 V/LogRecord/LogManager(13575): setFeedBackComplete = true
07-05 21:56:50.594 V/LogRecord/LogcatController(13575): logcatQueueType is = CIRCULAR
07-05 21:56:50.595 V/LogRecord/QueueFactory(13575): QueueManage , iqiyilogqueuetype = CIRCULAR
07-05 21:56:50.596 V/LogRecord/LogcatController(13575): LogcatController mQueueExcutor init()
07-05 21:56:50.596 V/LogRecord/CircularQueueExcutor(13575): CircularQueueExcutor init()
07-05 21:56:50.596 V/LogRecord/LogManager(13575): isSecondProcess = false
07-05 21:56:50.602 V/LogRecord/ServiceHelper(13575): LogcatRecordingService is not running 
07-05 21:56:50.602 V/LogRercord/IqiyiLogController(13575): iqiyiQueueType is = CIRCULAR
07-05 21:56:50.602 V/LogRecord/QueueFactory(13575): QueueManage , iqiyilogqueuetype = CIRCULAR
07-05 21:56:50.602 V/LogRercord/IqiyiLogController(13575): IqiyiLogController mQueueExcutor init()
07-05 21:56:50.603 V/LogRecord/CircularQueueExcutor(13575): CircularQueueExcutor init()
07-05 21:56:50.603 V/LogRecord/FileHelper(13575): clearFileDir
07-05 21:56:50.609 I/MyFragmentStateAdapter(13575): getCount
07-05 21:56:50.623 D/Carousel-CarouselVideoViewImpl(13575): msg start play.
07-05 21:56:50.623 D/Carousel-SimpleVideoView(13575): setVideoPath path:http://jhxvideo-ws.video-tx.com/rendition/201705/205989353451683841/205989353451684353/bb/243216185158536196/243216215223308548/r243216215223308548-3200k-1920x1080.mp4
07-05 21:56:50.629 D/Carousel-UrlVideoView(13575): openVideo
07-05 21:56:50.642 V/LogRecord/FileHelper(13575): /data/data/com.hisense.hicloud.edca/cache/qylogrecord
07-05 21:56:50.650 I/System.out(13575): <TVAPI> DEBUG(id=3, devRegister, response_time = 56ms): data = {"msg":"","code":"N000000","data":{"apiKey":"9e14d341281067d05d771f41454858c0","authId":1210,"flag":"","hide":"qiyicom","ip":"27.223.99.130","ipLoc":"1-48-3-6-6002-0-77","ipZh":"-----None-","kv":[{"hcdn":"hCDN"},{"homepageHot":""},{"homepageNew":""},{"ruleCode":"http://static.ptqy.gitv.tv/js/tv/app/getPlayerConfig.js","playerConfig":""},{"isShowExitAppDialog":"apk"}],"loading":"","loginTunnel":0,"resIds":[{"id":201221412,"seq":1},{"id":201713612,"seq":2},{"id":201757412,"seq":3}],"sysTime":1499259961,"tab":[],"tip":"","upgradeType":-1,"url":"","version":""}}
07-05 21:56:50.650 I/System.out(13575): <TVAPI> DEBUG(TVApiProcessor): replace url is http://data2.itv.ptqy.gitv.tv/itv/moduleUpdate/1210/2.1.0.59986?p=%7B%22chipVer%22%3A%22%22%2C%22ip%22%3A%22%22%2C%22mac%22%3A%22a8%3Aa6%3A48%3A18%3Afc%3Aa8%22%2C%22mem%22%3A%22%22%2C%22osVer%22%3A22%2C%22platModel%22%3A%22VIDAA_TV%22%2C%22pluginplayer%22%3A%221.64.0.59984%22%2C%22prodModel%22%3A%22VIDAA_TV%22%7D
07-05 21:56:50.650 I/System.out(13575): <TVAPI> DEBUG(id=2, moduleUpdate): url = http://data2.itv.ptqy.gitv.tv/itv/moduleUpdate/1210/2.1.0.59986?p=%7B%22chipVer%22%3A%22%22%2C%22ip%22%3A%22%22%2C%22mac%22%3A%22a8%3Aa6%3A48%3A18%3Afc%3Aa8%22%2C%22mem%22%3A%22%22%2C%22osVer%22%3A22%2C%22platModel%22%3A%22VIDAA_TV%22%2C%22pluginplayer%22%3A%221.64.0.59984%22%2C%22prodModel%22%3A%22VIDAA_TV%22%7D
07-05 21:56:50.650 I/System.out(13575): <TVAPI> DEBUG(id=2, moduleUpdate): header = qyid:tv_69b1ef544cadbb86e8f28950ece1c76a_1167652938875
07-05 21:56:50.650 I/System.out(13575): <TVAPI> DEBUG(id=2, moduleUpdate): header = ov:5.1.1
07-05 21:56:50.650 I/System.out(13575): <TVAPI> DEBUG(id=2, moduleUpdate): header = apkVer:2.1.0.59986
07-05 21:56:50.650 I/System.out(13575): <TVAPI> DEBUG(id=2, moduleUpdate): header = apiKey:9e14d341281067d05d771f41454858c0
07-05 21:56:50.653 I/System.out(13575): <TVAPI> DEBUG(System Time): 1499263010
07-05 21:56:50.653 I/System.out(13575): <TVAPI> DEBUG(id=4, systemTime, response_time = 83ms): data = {"t":"1499263010","m":"3e7c0867c84cadc43411d0b43e71a3e8ee44c50ce708393e","u":"3e7c0867c84cadc419c10ec5699e6c7dcd209a1d88b78425","i":"220.181.109.33","k":"3e7c0867c84cadc4ad89d02b4591816d9db42e51cb91c539"}
07-05 21:56:50.654 V/MediaPlayer-JNI(13575): native_setup
07-05 21:56:50.659 V/AudioFlinger( 1206): registerClient() client 0xb8930220, pid 13575
07-05 21:56:50.659 E/audio_hw_primary( 1206): out_get_latency ret 10ms
07-05 21:56:50.660 D/PowerManagerService( 1733): acquireWakeLockInternal: lock=302348571, flags=0x1, tag="AudioMix", ws=null, uid=1013, pid=0
07-05 21:56:50.660 E/audio_hw_primary( 1206): out_get_latency ret 10ms
07-05 21:56:50.660 D/PowerManagerNotifier( 1733): onWakeLockAcquired: flags=1, tag="AudioMix", packageName=media, ownerUid=1013, ownerPid=0, workSource=null
07-05 21:56:50.660 V/AudioFlinger( 1206): acquiring 399 from 13575, for -1
07-05 21:56:50.660 V/AudioFlinger( 1206):  added new entry for 399
07-05 21:56:50.660 V/MediaPlayer-JNI(13575): get_session_id()
07-05 21:56:50.661 D/PowerManagerService( 1733): updateWakeLockWorkSourceInternal: lock=302348571 [AudioMix], ws=null
07-05 21:56:50.661 D/Carousel-Utils(13575): origin url is : http://jhxvideo-ws.video-tx.com/rendition/201705/205989353451683841/205989353451684353/bb/243216185158536196/243216215223308548/r243216215223308548-3200k-1920x1080.mp4
07-05 21:56:50.661 D/Carousel-Utils(13575): time=1499263008
07-05 21:56:50.661 D/PowerManagerService( 1733): acquireWakeLockInternal: lock=488438456, flags=0x1, tag="AudioMix", ws=null, uid=1013, pid=0
07-05 21:56:50.661 D/Carousel-UrlVideoView(13575): encryptUrlIfNecessary url=http://jhxvideo-ws.video-tx.com/rendition/201705/205989353451683841/205989353451684353/bb/243216185158536196/243216215223308548/r243216215223308548-3200k-1920x1080.mp4?wsSecret=7281e28c60e40534c6a80f13d3d99406&wsTime=595cf020
07-05 21:56:50.661 D/PowerManagerNotifier( 1733): onWakeLockAcquired: flags=1, tag="AudioMix", packageName=media, ownerUid=1013, ownerPid=0, workSource=null
07-05 21:56:50.662 D/PowerManagerService( 1733): updateWakeLockWorkSourceInternal: lock=488438456 [AudioMix], ws=null
07-05 21:56:50.662 D/MediaPlayer(13575): Couldn't open file on client side, trying server side
07-05 21:56:50.663 V/MediaPlayer-JNI(13575): setDataSource: path http://jhxvideo-ws.video-tx.com/rendition/201705/205989353451683841/205989353451684353/bb/243216185158536196/243216215223308548/r243216215223308548-3200k-1920x1080.mp4?wsSecret=7281e28c60e40534c6a80f13d3d99406&wsTime=595cf020
07-05 21:56:50.665 V/NuPlayer( 1206): [NuPlayer-264]
07-05 21:56:50.665 I/NuPlayer( 1206): NuPlayerRMClientListener::NuPlayerRMClientListener
07-05 21:56:50.665 V/RMClient( 1206): #243:RMClient
07-05 21:56:50.665 V/NuPlayer( 1206): kWhatSetAudioSink
07-05 21:56:50.665 V/NuPlayer( 1206): kWhatSetDataSource
07-05 21:56:50.666 V/NuPlayer( 1206): kWhatSetVideoNativeWindow
07-05 21:56:50.666 W/ALooperRoster( 1206): failed to post message. Target handler 0 still registered, but object gone.
07-05 21:56:50.666 V/NuPlayer( 1206): performSetSurface
07-05 21:56:50.666 V/MediaPlayer-JNI(13575): setAudioStreamType: 3
07-05 21:56:50.667 E/MediaPlayer-JNI(13575): android_media_MediaPlayer_prepareAsync call getSubtitleSurface
07-05 21:56:50.667 E/MediaPlayer-JNI(13575): android_media_MediaPlayer_prepareAsync call setSubtitleSurfaceTexture
07-05 21:56:50.667 E/        (13575): setSubtitleSurfaceTexture
07-05 21:56:50.667 D/Carousel-log_video-(13575): onStartPlay!
07-05 21:56:50.667 D/Carousel-log_video-(13575): ==Start play,isReplayState:false
07-05 21:56:50.667 D/Carousel-log_video-(13575): =Stop play previous channel log.
07-05 21:56:50.667 D/Carousel-log_video-(13575): submitPlayStopLog mLogPlayState:5
07-05 21:56:50.667 D/Carousel-log_video-(13575): Invalid log info.
07-05 21:56:50.667 D/Carousel-log_video-(13575): ==Start play log:start,other,duration:0
07-05 21:56:50.668 D/Carousel-log_(13575): ===(Main-Video-278001)-{srccolumnid=3, eventType=278, srcgroupid=10001, appversionname=2.0.0.6, srctabid=0, license=hisense, eventcode=278001, deviceid=86100300900000500000060a4818fca8, mediaid=351, eventPos=001, sessionid=c45981f12c344c988008fb1193eac0ad, srcpackagename=com.hisense.hicloud.edca, subscriberid=13287129, playactionuuid=06b2f4f8-1020-4966-a56c-349dd136c74f, version=2.1, devicemsg=LED50MU8600UC0000888, isall=0, customerid=7195320, srcrowid=0, srceventcode=280000}
07-05 21:56:50.668 D/Carousel-CarouselVideoViewImpl(13575): getPosition()=0
07-05 21:56:50.669 I/Carousel-UrlVideoView(13575): onMeasure(MeasureSpec: EXACTLY 816, MeasureSpec: EXACTLY 460)
07-05 21:56:50.669 I/Carousel-UrlVideoView(13575): onMeasure(MeasureSpec: EXACTLY 816, MeasureSpec: EXACTLY 460)
07-05 21:56:50.670 D/MediaHTTPConnection(13575): connect: uri=http://jhxvideo-ws.video-tx.com/rendition/201705/205989353451683841/205989353451684353/bb/243216185158536196/243216215223308548/r243216215223308548-3200k-1920x1080.mp4?wsSecret=7281e28c60e40534c6a80f13d3d99406&wsTime=595cf020, headers=User-Agent: stagefright/1.2 (Linux;Android 5.1.1)
07-05 21:56:50.671 D/MediaHTTPConnection(13575): seekTo 0
07-05 21:56:50.674 D/MediaHTTPConnection(13575): hitting http://jhxvideo-ws.video-tx.com/rendition/201705/205989353451683841/205989353451684353/bb/243216185158536196/243216215223308548/r243216215223308548-3200k-1920x1080.mp4?wsSecret=7281e28c60e40534c6a80f13d3d99406&wsTime=595cf020
07-05 21:56:50.679 D/NetworkManager(13575): [TID 13575] onReceive: intent=Intent { act=android.net.conn.CONNECTIVITY_CHANGE flg=0x10 (has extras) }, extra=Bundle[mParcelledData.dataSize=380]
07-05 21:56:50.679 D/NetworkManager(13575): [TID 13575] action=android.net.conn.CONNECTIVITY_CHANGE
07-05 21:56:50.684 D/NetworkManager(13575): [TID 13723] >> getRequestTask(http://www.baidu.com)
07-05 21:56:50.685 D/NetworkManager(13575): [TID 13723] getRequestTask(http://www.baidu.com): current pool size=2, queue=[]
07-05 21:56:50.685 D/NetworkManager(13575): [TID 13723] getRequestTask(http://www.baidu.com): submitted task={java.util.concurrent.FutureTask@79c6c21, 11852256}
07-05 21:56:50.685 D/NetworkManager(13575): [TID 13723] << getRequestTask(http://www.baidu.com): returned task=java.util.concurrent.FutureTask@79c6c21
07-05 21:56:50.689 D/Player/Lib/Utils/PlayerDebugUtils(13575): [TID 13605] initialize, allowDebug: false
07-05 21:56:50.689 D/NetworkManager(13575): [TID 13575] getRealState: activeNetInfo={[type: Ethernet[], state: CONNECTED/CONNECTED, reason: (unspecified), extra: a8:a6:48:18:fc:a8, roaming: false, failover: false, isAvailable: true, isConnectedToProvisioningNetwork: false]}, isConnected=true
07-05 21:56:50.689 D/NetworkManager(13575): [TID 13575] onNetStateChanged(2)
07-05 21:56:50.694 D/Carousel-SimpleVideoView(13575): speedKB=0
07-05 21:56:50.695 D/Carousel-SimpleVideoView(13575): msg.arg1=0
07-05 21:56:50.709 D/NetworkManager(13575): [TID 13724] >> request(http://www.baidu.com, 11852256)
07-05 21:56:50.710 D/NetworkManager(13575): [TID 13724] request(http://www.baidu.com, 11852256): openConnection
07-05 21:56:50.717 D/Player/Player/NativePlayerUtils(13575): [TID 13605] >>checkNativePath
07-05 21:56:50.719 W/System.err(13575): com.qiyi.video.api.ApiException
07-05 21:56:50.719 D/Player/Player/NativePlayerUtils(13575): [TID 13605] <<checkNativePath ret=/mnt/sdcard/qcache
07-05 21:56:50.720 D/Player/Player/NativePlayerUtils(13575): [TID 13605] >> loadWhiteListSync()
07-05 21:56:50.720 W/System.err(13575): 	at com.qiyi.tvapi.tv2.a$3.onSuccess(SourceFile:204)
07-05 21:56:50.720 W/System.err(13575): 	at com.qiyi.video.api.a.d.b(SourceFile:105)
07-05 21:56:50.720 W/System.err(13575): 	at com.qiyi.video.api.a.d.a(SourceFile:129)
07-05 21:56:50.720 W/System.err(13575): 	at com.qiyi.tvapi.tv2.a$1.a(SourceFile:102)
07-05 21:56:50.720 W/System.err(13575): 	at com.qiyi.tvapi.tv2.b.c.a(SourceFile:155)
07-05 21:56:50.720 W/System.err(13575): 	at com.qiyi.tvapi.tv2.a.a(SourceFile:95)
07-05 21:56:50.720 W/System.err(13575): 	at com.qiyi.tvapi.tv2.a.callSync(SourceFile:54)
07-05 21:56:50.720 W/System.err(13575): 	at com.qiyi.sdk.plugin.server.upgrade.UpgradeManager.checkUpgrades(SourceFile:60)
07-05 21:56:50.720 W/System.err(13575): 	at com.qiyi.sdk.plugin.server.core.PluginHelper$TimerHandler.checkAllUpgrade(SourceFile:362)
07-05 21:56:50.720 W/System.err(13575): 	at com.qiyi.sdk.plugin.server.core.PluginHelper$TimerHandler.handleMessage(SourceFile:339)
07-05 21:56:50.720 W/System.err(13575): 	at android.os.Handler.dispatchMessage(Handler.java:102)
07-05 21:56:50.720 W/System.err(13575): 	at android.os.Looper.loop(Looper.java:135)
07-05 21:56:50.720 W/System.err(13575): 	at android.os.HandlerThread.run(HandlerThread.java:61)
07-05 21:56:50.721 W/UpgradeManager(13575): moduleUpdate() onException!! exception=com.qiyi.video.api.ApiException
07-05 21:56:50.721 I/System.out(13575): <TVAPI> ERROR(id=2, moduleUpdate, response_time = 149ms): call error. data = {"msg":"\nE000012","code":"E000012","data":[]}
07-05 21:56:50.721 W/System.err(13575): com.qiyi.video.api.ApiException
07-05 21:56:50.721 W/System.err(13575): 	at com.qiyi.tvapi.tv2.a$3.onSuccess(SourceFile:204)
07-05 21:56:50.721 W/System.err(13575): 	at com.qiyi.video.api.a.d.b(SourceFile:105)
07-05 21:56:50.721 W/System.err(13575): 	at com.qiyi.video.api.a.d.a(SourceFile:129)
07-05 21:56:50.721 W/System.err(13575): 	at com.qiyi.tvapi.tv2.a$1.a(SourceFile:102)
07-05 21:56:50.721 W/System.err(13575): 	at com.qiyi.tvapi.tv2.b.c.a(SourceFile:155)
07-05 21:56:50.721 W/System.err(13575): 	at com.qiyi.tvapi.tv2.a.a(SourceFile:95)
07-05 21:56:50.721 W/System.err(13575): 	at com.qiyi.tvapi.tv2.a.callSync(SourceFile:54)
07-05 21:56:50.721 W/System.err(13575): 	at com.qiyi.sdk.plugin.server.upgrade.UpgradeManager.checkUpgrades(SourceFile:60)
07-05 21:56:50.721 W/System.err(13575): 	at com.qiyi.sdk.plugin.server.core.PluginHelper$TimerHandler.checkAllUpgrade(SourceFile:362)
07-05 21:56:50.721 W/System.err(13575): 	at com.qiyi.sdk.plugin.server.core.PluginHelper$TimerHandler.handleMessage(SourceFile:339)
07-05 21:56:50.721 W/System.err(13575): 	at android.os.Handler.dispatchMessage(Handler.java:102)
07-05 21:56:50.721 W/System.err(13575): 	at android.os.Looper.loop(Looper.java:135)
07-05 21:56:50.721 W/System.err(13575): 	at android.os.HandlerThread.run(HandlerThread.java:61)
07-05 21:56:50.721 W/PluginHelper(13575): checkAllUpgrade>>() return true
07-05 21:56:50.721 W/StorageManager(13575): loadLastUpgradeTime<<(upgradeTime=1499263010567)
07-05 21:56:50.721 W/StorageStub@193d3924(13575): saveLastUpgradeTime<<(upgradeTime=1499263010567)
07-05 21:56:50.721 W/StorageStub@193d3924(13575): saveLastUpgradeTime>>()
07-05 21:56:50.721 W/StorageManager(13575): loadLastUpgradeTime>>()
07-05 21:56:50.722 W/PluginHelper(13575): handleMessage>>()
07-05 21:56:50.723 I/TVMW@HsTvSetting( 1234): Trace cmd, data = 0x1058
07-05 21:56:50.723 D/til@system( 2026): til_get_system_param option:100002F int:0, bool:0, ret:0
07-05 21:56:50.723 I/TVMW@HsTvSetting( 1234): Trace cmd, data = 0x101f
07-05 21:56:50.723 D/til@system( 2026): til_get_system_param option:100001D int:3, bool:3, ret:0
07-05 21:56:50.723 E/til     ( 2026): [til_get_current_input_source, 101] 
07-05 21:56:50.724 I/TVMW@HsTvSetting( 1234): Trace cmd, data = 0x7007
07-05 21:56:50.724 I/tilwrapper@sm( 2026): HS2TIL_SourceType *hs=0xd, *til=0x900
07-05 21:56:50.724 D/til     ( 2026): get current source 2304
07-05 21:56:50.724 D/SourceRemoteServiceHandler( 2026): getCurrentInputSource.from.til.result is 0, value is 2304
07-05 21:56:50.724 D/SourceRemoteServiceHandler( 2026): getInputSourceType source: 0x900, type=2304
07-05 21:56:50.724 D/til     ( 2026): ###### func:til_get_picture_param option:0x3000006 ######  
07-05 21:56:50.724 I/TVMW@HsTvSetting( 1234): Trace cmd, data = 0x1003
07-05 21:56:50.725 I/TVMW@HsTvSetting( 1234): Trace cmd, data = 0x8032
07-05 21:56:50.725 I/hstvos  ( 1216): [0m[1;33m[HSHAL][HS_VIDEO][HS_HAL_Video_SetOsdDetect_v2][2389]u16Threshold = 20
07-05 21:56:50.725 I/MiSysSrv( 1214): Not support now! 42, change to mm_video!!!
07-05 21:56:50.725 E/TVMW@videoctrl( 1234):  getOsd is 1
07-05 21:56:50.725 D/til@system( 2026): til_get_system_param option:1000027 int:1, bool:1, ret:0
07-05 21:56:50.726 D/til     ( 2026): ###### func:til_get_picture_param option:0x3000045 ######  
07-05 21:56:50.726 I/TVMW@HsTvSetting( 1234): Trace cmd, data = 0x300c
07-05 21:56:50.726 I/TVMW@HsTvSetting( 1234): Trace 3d, data = 0x300c
07-05 21:56:50.726 I/TVMW@3d ( 1234): Hs_debug3d_trace: func:get3dStatus, line:109
07-05 21:56:50.729 D/Player/Player/NativePlayerUtils(13575): [TID 13605] isWhiteListLoaded() return false
07-05 21:56:50.729 D/Player/Player/NativePlayerUtils(13575): [TID 13605] loadWhiteListSync(), so Path is /data/data/com.hisense.hicloud.edca/files/plugin/2.1.0.59986/pluginplayer/1.64.0.59984/pluginplayer-release-1.64.0.59984-libs/libiqiyi_media_player_whitelist.so,domian is ptqy.gitv.tv, current tried times is 0
07-05 21:56:50.732 I/CLog    (13575): JNI_OnLoad->(cpuinfos) success!!
07-05 21:56:50.733 D/Player/Player/NativePlayerUtils(13575): [TID 13605] loadWhiteListSync(), wait load finished
07-05 21:56:50.735 D/CLog    (13575): cpuinfo_len is (370):
07-05 21:56:50.735 D/CLog    (13575): Processor	: AArch64 Processor rev 3 (aarch64)
07-05 21:56:50.735 D/CLog    (13575): processor	: 0
07-05 21:56:50.735 D/CLog    (13575): processor	: 1
07-05 21:56:50.735 D/CLog    (13575): processor	: 2
07-05 21:56:50.735 D/CLog    (13575): processor	: 3
07-05 21:56:50.735 D/CLog    (13575): Features	: fp asimd aes pmull sha1 sha2 crc32 wp half thumb fastmult vfp edsp neon vfpv3 tlsi vfpv4 idiva idivt 
07-05 21:56:50.735 D/CLog    (13575): CPU implementer	: 0x41
07-05 21:56:50.735 D/CLog    (13575): CPU architecture: 8
07-05 21:56:50.735 D/CLog    (13575): CPU variant	: 0x0
07-05 21:56:50.735 D/CLog    (13575): CPU part	: 0xd03
07-05 21:56:50.735 D/CLog    (13575): CPU revision	: 3
07-05 21:56:50.735 D/CLog    (13575): 
07-05 21:56:50.735 D/CLog    (13575): Hardware	: Muji
07-05 21:56:50.735 D/CLog    (13575): Revision	: 0000
07-05 21:56:50.735 D/CLog    (13575): Serial		: 0000000000000000
07-05 21:56:50.735 D/CLog    (13575): 
07-05 21:56:50.735 D/CLog    (13575): cpuinfo hardware is Muji
07-05 21:56:50.736 D/TVWhiteList(13575): requested URL key = tv-{model-[VIDAA_TV]|cpuinfo-[Muji]}, default = tv-{cpuinfo-[Muji]}, productname-[VIDAA_TV]
07-05 21:56:50.736 D/TVWhiteList(13575): requested URL = http://puma.api.ptqy.gitv.tv/kestrel/fetch?key=tv-%7Bmodel-%5BVIDAA_TV%5D%7Ccpuinfo-%5BMuji%5D%7D&default_key=tv-%7Bcpuinfo-%5BMuji%5D%7D
07-05 21:56:50.738 D/TVWhiteList(13575): WhiteList server IP: 106.38.219.35
07-05 21:56:50.750 I/MyFragmentStateAdapter(13575): getCount
07-05 21:56:50.774 I/TVWhiteList(13575): strRes = {"code":"A00000","default_key":"tv-{cpuinfo-[Muji]}","default_value":"","key":"tv-{model-[VIDAA_TV]|cpuinfo-[Muji]}","value":"[{\"result\": {\"vod_dolby\": -1,\"vod_h265\": -1,\"vod_h264_4k_plus\": -1,\"vod_h264_jisu_2k\": 1,\"livenet_H264_4k_plus\": -1,\"livenet_H264_jisu_2k\": 1,\"livenet_h265\": -1,\"qixiu\": 0,\"highest_bs\": 19,\"lowest_bs\": 1,\"local_server_config\": \"\", \"other\": \"\"}},{\"version\":3005,\"result\": {\"vod_dolby\": -1,\"vod_h265\": -1,\"vod_h264_4k_plus\": -1,\"vod_h264_jisu_2k\": -1,\"livenet_H264_4k_plus\": -1,\"livenet_H264_jisu_2k\": -1,\"livenet_h265\": -1,\"qixiu\": 0,\"highest_bs\": 19,\"lowest_bs\": 1,\"local_server_config\": \"\", \"other\": \"\"}},{\"version\":3008,\"result\": {\"vod_dolby\": -1,\"vod_h265\": -1,\"vod_h264_4k_plus\": -1,\"vod_h264_jisu_2k\": 1,\"livenet_H264_jisu_2k\": 1,\"qixiu\": 0,\"highest_bs\": 19,\"lowest_bs\": 1,\"local_server_config\": \"{\\\"start_mode\\\": 1}\", \"other\": \"\"}}]"}
07-05 21:56:50.775 I/TVWhiteList(13575): use white list version whitev 3000
07-05 21:56:50.775 I/TVWhiteList(13575): use white list version whitev 3005
07-05 21:56:50.775 I/TVWhiteList(13575): use white list version whitev 3008
07-05 21:56:50.776 D/Player/Player/NativePlayerUtils(13575): [TID 13727] loadWhiteListSync(), white list fetched: {"SupportDolby":false,"SupportH265":false,"Support4K":false,"SupportLive":true}
07-05 21:56:50.777 D/Player/Player/NativePlayerUtils(13575): [TID 13727] parseWhiteListJson(jsonString:{"SupportDolby":false,"SupportH265":false,"Support4K":false,"SupportLive":true})
07-05 21:56:50.777 D/Player/Player/NativePlayerUtils(13575): [TID 13727] parseWhiteListJson, normal:true,h265:false,dolby:false,bs4K:false
07-05 21:56:50.777 D/Player/Player/NativePlayerUtils(13575): [TID 13605] << loadWhiteListSync()
07-05 21:56:50.777 D/Player/Lib/Utils/PlayerDebugUtils(13575): [TID 13605] initialize, allowDebug: false
07-05 21:56:50.778 D/CLog    (13575): cpuinfo_len is (370):
07-05 21:56:50.778 D/CLog    (13575): Processor	: AArch64 Processor rev 3 (aarch64)
07-05 21:56:50.778 D/CLog    (13575): processor	: 0
07-05 21:56:50.778 D/CLog    (13575): processor	: 1
07-05 21:56:50.778 D/CLog    (13575): processor	: 2
07-05 21:56:50.778 D/CLog    (13575): processor	: 3
07-05 21:56:50.778 D/CLog    (13575): Features	: fp asimd aes pmull sha1 sha2 crc32 wp half thumb fastmult vfp edsp neon vfpv3 tlsi vfpv4 idiva idivt 
07-05 21:56:50.778 D/CLog    (13575): CPU implementer	: 0x41
07-05 21:56:50.778 D/CLog    (13575): CPU architecture: 8
07-05 21:56:50.778 D/CLog    (13575): CPU variant	: 0x0
07-05 21:56:50.778 D/CLog    (13575): CPU part	: 0xd03
07-05 21:56:50.778 D/CLog    (13575): CPU revision	: 3
07-05 21:56:50.778 D/CLog    (13575): 
07-05 21:56:50.778 D/CLog    (13575): Hardware	: Muji
07-05 21:56:50.778 D/CLog    (13575): Revision	: 0000
07-05 21:56:50.778 D/CLog    (13575): Serial		: 0000000000000000
07-05 21:56:50.778 D/CLog    (13575): 
07-05 21:56:50.778 D/CLog    (13575): cpuinfo hardware is Muji
07-05 21:56:50.778 I/TVWhiteList(13575): longyUrl = http://msg.71.am/v5/core/bmd?t=pfmc&success=1&tm1=36&bgv=3.0&tv_device=VIDAA_TV-4-Muji-22-Hisense&isadapted=1&krv=3.8.3
07-05 21:56:50.786 D/PlayerSdk/PlayerSdkProject(13575): [TID 13605] initPingback
07-05 21:56:50.786 D/MediaHTTPConnection(13575): [Connection@966734496] response.heeader.null = HTTP/1.0 206 Partial Content
07-05 21:56:50.799 D/MediaHTTPConnection(13575): [Connection@966734496] response.heeader.Accept-Ranges = bytes
07-05 21:56:50.799 D/MediaHTTPConnection(13575): [Connection@966734496] response.heeader.Age = 4055263
07-05 21:56:50.799 D/MediaHTTPConnection(13575): [Connection@966734496] response.heeader.Cache-Control = max-age=5184000
07-05 21:56:50.799 D/MediaHTTPConnection(13575): [Connection@966734496] response.heeader.Connection = keep-alive
07-05 21:56:50.799 D/MediaHTTPConnection(13575): [Connection@966734496] response.heeader.Content-Length = 218840697
07-05 21:56:50.799 D/MediaHTTPConnection(13575): [Connection@966734496] response.heeader.Content-MD5 = b0d2FgZ34VxS2J9TYuIjgA==
07-05 21:56:50.799 D/MediaHTTPConnection(13575): [Connection@966734496] response.heeader.Content-Range = bytes 0-218840696/218840697
07-05 21:56:50.800 D/MediaHTTPConnection(13575): [Connection@966734496] response.heeader.Content-Type = application/octet-stream
07-05 21:56:50.800 D/MediaHTTPConnection(13575): [Connection@966734496] response.heeader.Date = Fri, 19 May 2017 15:29:07 GMT
07-05 21:56:50.800 D/MediaHTTPConnection(13575): [Connection@966734496] response.heeader.ETag = "6F4776160677E15C52D89F5362E22380"
07-05 21:56:50.800 D/MediaHTTPConnection(13575): [Connection@966734496] response.heeader.Last-Modified = Mon, 08 May 2017 17:24:17 GMT
07-05 21:56:50.800 D/MediaHTTPConnection(13575): [Connection@966734496] response.heeader.Server = nginx/1.2.4
07-05 21:56:50.800 D/MediaHTTPConnection(13575): [Connection@966734496] response.heeader.Via = 1.1 chshx150:7 (Cdn Cache Server V2.0)[95 200 2], 1.1 zhdxxz41:2 (Cdn Cache Server V2.0)[41 200 0], 1.0 ddxxz140:3 (Cdn Cache Server V2.0)[2 200 0]
07-05 21:56:50.800 D/MediaHTTPConnection(13575): [Connection@966734496] response.heeader.X-Android-Received-Millis = 1499263010781
07-05 21:56:50.800 D/MediaHTTPConnection(13575): [Connection@966734496] response.heeader.X-Android-Response-Source = NETWORK 206
07-05 21:56:50.800 D/MediaHTTPConnection(13575): [Connection@966734496] response.heeader.X-Android-Sent-Millis = 1499263010769
07-05 21:56:50.800 D/MediaHTTPConnection(13575): [Connection@966734496] response.heeader.x-oss-hash-crc64ecma = 10858506031335928878
07-05 21:56:50.800 D/MediaHTTPConnection(13575): [Connection@966734496] response.heeader.x-oss-object-type = Normal
07-05 21:56:50.800 D/MediaHTTPConnection(13575): [Connection@966734496] response.heeader.x-oss-request-id = 591D64783FEA2FF75DF4AA6E
07-05 21:56:50.800 D/MediaHTTPConnection(13575): [Connection@966734496] response.heeader.x-oss-server-time = 46
07-05 21:56:50.800 D/MediaHTTPConnection(13575): [Connection@966734496] response.heeader.x-oss-storage-class = Standard
07-05 21:56:50.815 W/System.err(13575): java.net.ConnectException: failed to connect to /10.18.210.112 (port 8900) after 6000ms: isConnected failed: ECONNREFUSED (Connection refused)
07-05 21:56:50.815 W/System.err(13575): 	at libcore.io.IoBridge.isConnected(IoBridge.java:238)
07-05 21:56:50.815 W/System.err(13575): 	at libcore.io.IoBridge.connectErrno(IoBridge.java:171)
07-05 21:56:50.815 W/System.err(13575): 	at libcore.io.IoBridge.connect(IoBridge.java:122)
07-05 21:56:50.816 W/System.err(13575): 	at java.net.PlainSocketImpl.connect(PlainSocketImpl.java:183)
07-05 21:56:50.816 W/System.err(13575): 	at java.net.PlainSocketImpl.connect(PlainSocketImpl.java:456)
07-05 21:56:50.816 W/System.err(13575): 	at java.net.Socket.connect(Socket.java:882)
07-05 21:56:50.816 W/System.err(13575): 	at com.android.okhttp.internal.Platform.connectSocket(Platform.java:174)
07-05 21:56:50.816 W/System.err(13575): 	at com.android.okhttp.Connection.connect(Connection.java:152)
07-05 21:56:50.816 W/System.err(13575): 	at com.android.okhttp.internal.http.HttpEngine.connect(HttpEngine.java:276)
07-05 21:56:50.816 W/System.err(13575): 	at com.android.okhttp.internal.http.HttpEngine.sendRequest(HttpEngine.java:211)
07-05 21:56:50.816 W/System.err(13575): 	at com.android.okhttp.internal.http.HttpURLConnectionImpl.execute(HttpURLConnectionImpl.java:382)
07-05 21:56:50.816 W/System.err(13575): 	at com.android.okhttp.internal.http.HttpURLConnectionImpl.connect(HttpURLConnectionImpl.java:106)
07-05 21:56:50.816 W/System.err(13575): 	at com.hisense.hitv.hicloud.util.ExceptionReport.a(ExceptionReport.java:337)
07-05 21:56:50.816 W/System.err(13575): 	at com.hisense.hitv.hicloud.util.ExceptionReport.a(ExceptionReport.java:39)
07-05 21:56:50.816 W/System.err(13575): 	at com.hisense.hitv.hicloud.util.ExceptionReport$1.run(ExceptionReport.java:83)
07-05 21:56:50.816 W/System.err(13575): 	at java.lang.Thread.run(Thread.java:818)
07-05 21:56:50.816 W/System.err(13575): Caused by: android.system.ErrnoException: isConnected failed: ECONNREFUSED (Connection refused)
07-05 21:56:50.816 W/System.err(13575): 	at libcore.io.IoBridge.isConnected(IoBridge.java:223)
07-05 21:56:50.816 W/System.err(13575): 	... 15 more
07-05 21:56:50.818 I/MyFragmentStateAdapter(13575): getCount
07-05 21:56:50.854 D/Carousel-SimpleVideoView(13575): speedKB=1385
07-05 21:56:50.854 D/Carousel-SimpleVideoView(13575): msg.arg1=1
07-05 21:56:50.869 I/MiSysSrv( 1214): [37m[INFO] Change to Voltage: 117 mv (0x32)[m
07-05 21:56:50.870 I/System.out(13575): <TVAPI> DEBUG(TVApiProperty): read passport-device-id=tv_69b1ef544cadbb86e8f28950ece1c76a_1167652938875
07-05 21:56:50.871 I/art     (13575): Background sticky concurrent mark sweep GC freed 35923(2MB) AllocSpace objects, 15(240KB) LOS objects, 5% free, 34MB/35MB, paused 6.422ms total 160.514ms
07-05 21:56:50.886 D/pingbacklog/getHardwareInfo(13575): getHardwareInfo: info=muji
07-05 21:56:50.891 D/pingbacklog-set(13575): QiyiPingBack2.setAnonymityId is be used, mAnonymityId = tv_69b1ef544cadbb86e8f28950ece1c76a
07-05 21:56:50.891 D/pingbacklog-set(13575): QiyiPingBack2.setPassportId is be used, UserId = null
07-05 21:56:50.892 I/MyFragmentStateAdapter(13575): getCount
07-05 21:56:50.895 I/MemTotal:        1958344 kB(13575): MemTotal:	
07-05 21:56:50.895 I/MemTotal:        1958344 kB(13575): 1958344	
07-05 21:56:50.895 I/MemTotal:        1958344 kB(13575): kB	
07-05 21:56:50.897 D/PlayerSdk/PlayerSdkProject(13575): [TID 13605] initPingback: domainName=ptqy.gitv.tv, ver=2.1.0.59986, uuid=20151228165619572MkCHJfWb11209, userId=null, isNewUser=true, deviceid=tv_69b1ef544cadbb86e8f28950ece1c76a_1167652938875, setAnonymityId=tv_69b1ef544cadbb86e8f28950ece1c76a
07-05 21:56:50.901 D/PlayerSdk/CheckPackageNameJob(13575): [TID 13605] SdkConfigManager.instance().getConfig() = SdkConfig@ff8a586{mCustomerCode=60, mPlayerConfigType=4, mPlatformType=HAIXIN, mLoginType=SUB_ACCOUNT, mIsEnableDolby=false, mIsEnableH265=false, mIsEnable4K=true, mIsSupportYinhePingback=false, mShouldDoPlayCheck=true, mshouldGetUuidFromServer=true, mPingbackS1=2, mPingbackS2=simple_sdk, mPingbackP2=3128, mDomainName=ptqy.gitv.tv, mIsDebugVersion=false, mIsDebugVersion=false, mCustomerPackageNames=[com.hisense.hicloud.edca], mEnableSetBitstream=true}
07-05 21:56:50.909 D/PlayerSdk/CheckPackageNameJob@5e072ff(13575): [TID 13605] isCancelled() Job[PlayerSdk/CheckPackageNameJob@5e072ff](mState=0, mData=Object91662101, mError=null) return false
07-05 21:56:50.909 D/PlayerSdk/CheckPackageNameJob(13575): [TID 13605] onRun(), mCurrentPackageName=com.hisense.hicloud.edca, mCustomerPackageNames=511068292:[com.hisense.hicloud.edca]
07-05 21:56:50.909 D/PlayerSdk/CheckPackageNameJob@5e072ff(13575): [TID 13605] notifyJobSuccess() Job[PlayerSdk/CheckPackageNameJob@5e072ff](mState=1, mData=Object91662101, mError=null)
07-05 21:56:50.909 D/PlayerSdk/DeviceCheckTask@13d4d8cc(13575): [TID 13605] isCancelled() Job[PlayerSdk/DeviceCheckTask@13d4d8cc](mState=0, mData=Object162249258, mError=null) return false
07-05 21:56:50.909 D/PlayerSdk/DeviceCheckTask(13575): [TID 13605] execte.onRun: isDevChecked=false, isDeviceCheckPass=false
07-05 21:56:50.909 D/AccessToken(13575): [TID 13605] isAllowedAccess() count=0, now=1499263010909, time=1499263010909, mMaxCount = 5, duration = 600000, mAccessTime = 0, return true
07-05 21:56:50.909 D/AccessToken(13575): [TID 13605] isAllowedAccess() count=0, now=1499263010909, time=1499263010909, mMaxCount = 5, duration = 600000, mAccessTime = 0, return true
07-05 21:56:50.909 D/PlayerSdk/DeviceCheckTask(13575): [TID 13605] deviceCheck
07-05 21:56:50.909 D/PlayerSdk/DeviceCheckTask(13575): [TID 13605] deviceCheck: devCheckTest=-1
07-05 21:56:50.914 I/TVWhiteList(13575): strRes = 
07-05 21:56:50.915 I/System.out(13575): <TVAPI> DEBUG(isUpdateData): isUpdateData=devRegister-true
07-05 21:56:50.915 I/System.out(13575): <TVAPI> DEBUG(TVAPI): uuid=20151228165619572MkCHJfWb11209
07-05 21:56:50.915 I/System.out(13575): <TVAPI> DEBUG(TVAPI): version=2.1.0.59986
