07-05 21:54:57.353 D/OkHttp  (12507): --> GET http://picture.edu.hismarttv.com/images/20151119035723420106.png http/1.1
07-05 21:54:57.353 D/OkHttp  (12507): Host: picture.edu.hismarttv.com
07-05 21:54:57.353 D/OkHttp  (12507): Connection: Keep-Alive
07-05 21:54:57.353 D/OkHttp  (12507): Accept-Encoding: gzip
07-05 21:54:57.353 D/OkHttp  (12507): User-Agent: okhttp/3.6.0
07-05 21:54:57.353 D/OkHttp  (12507): --> END GET
07-05 21:54:57.353 V/MediaPlayer-JNI(12507): native_finalize
07-05 21:54:57.353 V/MediaPlayer-JNI(12507): release
07-05 21:54:57.355 D/HttpHandler(12507): VerifySignInterCeptor-->request.url()=http://picture.edu.hismarttv.com/images/20151119035938180406.png
07-05 21:54:57.355 D/HttpHandler(12507): VerifySignInterCeptor-->hostname=picture.edu.hismarttv.com
07-05 21:54:57.355 D/OkHttp  (12507): --> GET http://picture.edu.hismarttv.com/images/20151119035917189009.png http/1.1
07-05 21:54:57.355 D/OkHttp  (12507): Host: picture.edu.hismarttv.com
07-05 21:54:57.355 D/OkHttp  (12507): Connection: Keep-Alive
07-05 21:54:57.355 D/OkHttp  (12507): Accept-Encoding: gzip
07-05 21:54:57.355 D/OkHttp  (12507): User-Agent: okhttp/3.6.0
07-05 21:54:57.355 D/OkHttp  (12507): --> END GET
07-05 21:54:57.356 D/OkHttp  (12507): --> GET http://picture.edu.hismarttv.com/images/20151119035938180406.png http/1.1
07-05 21:54:57.356 D/OkHttp  (12507): Host: picture.edu.hismarttv.com
07-05 21:54:57.356 D/OkHttp  (12507): Connection: Keep-Alive
07-05 21:54:57.356 D/OkHttp  (12507): Accept-Encoding: gzip
07-05 21:54:57.356 D/OkHttp  (12507): User-Agent: okhttp/3.6.0
07-05 21:54:57.356 D/OkHttp  (12507): --> END GET
07-05 21:54:57.365 V/WindowManager( 1733): Adding window Window{2fb7ff70 u0 com.hisense.hicloud.edca/com.hisense.hicloud.edca.mediaplayer.activity.DetailPlayActivity} at 12 of 20 (after Window{253459d3 u0 com.hisense.hicloud.edca/com.hisense.tvui.newhome.HomeMainActivity})
07-05 21:54:57.368 I/MyFragmentStateAdapter(12507): getCount
07-05 21:54:57.368 I/MyFragmentStateAdapter(12507): getCount
07-05 21:54:57.368 I/MyFragmentStateAdapter(12507): getCount
07-05 21:54:57.368 I/MyFragmentStateAdapter(12507): getCount
07-05 21:54:57.369 I/FirstLineAdapter(12507): canShowTrailer,isOffline=false
07-05 21:54:57.369 I/FirstLineAdapter(12507): canShowTrailer,isOffline=false
07-05 21:54:57.369 I/FirstLineAdapter(12507): canShowTrailer,isOffline=false
07-05 21:54:57.369 I/FirstLineAdapter(12507): canShowTrailer,isOffline=false
07-05 21:54:57.369 I/FirstLineAdapter(12507): canShowTrailer,isOffline=false
07-05 21:54:57.369 I/FirstLineAdapter(12507): canShowTrailer,isOffline=false
07-05 21:54:57.369 I/FirstLineAdapter(12507): canShowTrailer,isOffline=false
07-05 21:54:57.369 I/FirstLineAdapter(12507): canShowTrailer,isOffline=false
07-05 21:54:57.369 I/FirstLineAdapter(12507): canShowTrailer,isOffline=false
07-05 21:54:57.375 I/MyFragmentStateAdapter(12507): getCount
07-05 21:54:57.376 D/OkHttp  (12507): <-- 200 OK http://picture.edu.hismarttv.com/images/20151119035917189009.png (20ms)
07-05 21:54:57.376 D/OkHttp  (12507): Date: Sun, 02 Jul 2017 07:18:21 GMT
07-05 21:54:57.376 D/OkHttp  (12507): Server: nginx/1.6.2
07-05 21:54:57.376 D/OkHttp  (12507): Content-Type: image/png
07-05 21:54:57.376 D/OkHttp  (12507): Content-Length: 369052
07-05 21:54:57.376 D/OkHttp  (12507): Last-Modified: Thu, 19 Nov 2015 03:59:17 GMT
07-05 21:54:57.376 D/OkHttp  (12507): ETag: "564d4915-5a19c"
07-05 21:54:57.376 D/OkHttp  (12507): Accept-Ranges: bytes
07-05 21:54:57.376 D/OkHttp  (12507): Age: 282996
07-05 21:54:57.376 D/OkHttp  (12507): Via: 1.1 hewangtong168:80 (Cdn Cache Server V2.0), 1.0 chwt82:5 (Cdn Cache Server V2.0)[0 200 0]
07-05 21:54:57.376 D/OkHttp  (12507): Connection: keep-alive
07-05 21:54:57.376 D/OkHttp  (12507): <-- END HTTP
07-05 21:54:57.382 D/OkHttp  (12507): <-- 200 OK http://picture.edu.hismarttv.com/images/20151119035938180406.png (23ms)
07-05 21:54:57.382 D/OkHttp  (12507): Date: Thu, 29 Jun 2017 10:14:09 GMT
07-05 21:54:57.382 D/OkHttp  (12507): Server: nginx/1.1.13
07-05 21:54:57.382 D/OkHttp  (12507): Content-Type: image/png
07-05 21:54:57.382 D/OkHttp  (12507): Content-Length: 386276
07-05 21:54:57.382 D/OkHttp  (12507): Last-Modified: Thu, 19 Nov 2015 03:59:38 GMT
07-05 21:54:57.382 D/OkHttp  (12507): Accept-Ranges: bytes
07-05 21:54:57.382 D/OkHttp  (12507): Age: 531648
07-05 21:54:57.382 D/OkHttp  (12507): Via: 1.0 yangwangtong23:8080 (Cdn Cache Server V2.0), 1.0 shzh49:88 (Cdn Cache Server V2.0), 1.0 chwt81:2 (Cdn Cache Server V2.0)[0 200 0]
07-05 21:54:57.382 D/OkHttp  (12507): Connection: keep-alive
07-05 21:54:57.382 D/OkHttp  (12507): <-- END HTTP
07-05 21:54:57.385 D/HttpHandler(12507): RetryIntercepter-->retryNum=0
07-05 21:54:57.385 D/HttpHandler(12507): RetryIntercepter-->backoffmutiplier=0
07-05 21:54:57.387 D/HttpHandler(12507): RetryIntercepter-->retryNum=0
07-05 21:54:57.387 D/HttpHandler(12507): RetryIntercepter-->backoffmutiplier=0
07-05 21:54:57.388 D/HttpHandler(12507): VerifySignInterCeptor-->dateType=1
07-05 21:54:57.388 D/HttpHandler(12507): VerifySignInterCeptor-->HttpRequestManager.httpClietOption.getVerifyFlag()=1
07-05 21:54:57.393 I/SurfaceFlinger( 1204): the layer SurfaceView is used to close xc and zorder is smallerest! clear region
07-05 21:54:57.396 D/Surface ( 1733): onStatusChange() : mNativeObject = 547942746112 mUseImageHwRender = false
07-05 21:54:57.396 V/Surface ( 1733): nativeSetHardwareRender() : status = 0
07-05 21:54:57.396 V/Surface ( 1733): nativeSetHardwareRender() : end
07-05 21:54:57.396 D/OsdMonitorService( 1733): mCurrentWindow = com.hisense.hicloud.edca/com.hisense.tvui.newhome.HomeMainActivity; newWindow = com.hisense.hicloud.edca/com.hisense.hicloud.edca.mediaplayer.activity.DetailPlayActivity; isSubWindow = false; isInWinList = false; isExitNow = false
07-05 21:54:57.396 D/OsdMonitorService( 1733): windowNotOsd() : name = com.hisense.hicloud.edca/com.hisense.hicloud.edca.mediaplayer.activity.DetailPlayActivity
07-05 21:54:57.396 I/OsdMonitorService( 1733): setOsdStatus() : status will change from true to true
07-05 21:54:57.410 D/PowerManagerService( 1733): setScreenBrightnessOverrideFromWindowManagerInternal done
07-05 21:54:57.412 D/PowerManagerService( 1733): setScreenBrightnessOverrideFromWindowManagerInternal done
07-05 21:54:57.415 D/Surface ( 1733): onStatusChange() : mNativeObject = 0 mUseImageHwRender = false
07-05 21:54:57.416 D/Surface (12507): onStatusChange() : mNativeObject = -537143552 mUseImageHwRender = false
07-05 21:54:57.416 V/Surface (12507): nativeSetHardwareRender() : status = 0
07-05 21:54:57.416 V/Surface (12507): nativeSetHardwareRender() : end
07-05 21:54:57.420 D/gralloc ( 1204): allocate buffer from ION HEAP 0x1
07-05 21:54:57.420 D/gralloc ( 1204): allocate memory from system heap
07-05 21:54:57.425 I/SurfaceFlinger( 1204): the layer SurfaceView is used to close xc and zorder is smallerest! clear region
07-05 21:54:57.427 D/gralloc ( 1204): allocate buffer from ION HEAP 0x1
07-05 21:54:57.427 D/gralloc ( 1204): allocate memory from system heap
07-05 21:54:57.431 D/gralloc ( 1204): allocate buffer from ION HEAP 0x1
07-05 21:54:57.431 D/gralloc ( 1204): allocate memory from system heap
07-05 21:54:57.432 D/HttpHandler(12507): VerifySignInterCeptor-->content={"image_post_url": "http://picture.edu.hismarttv.com/images/20170303023652037350.jpg", "system_time": 1499262897, "videos": [{"db_id": 28416, "play_ways": [{"centralized_play_params": null, "fee": 1, "feeSeconds": -1, "startup_type": 1, "video_play_param": "qnKvhzjJHfE4ZZwXEqbKU+ErUMyO6flgvO7nUavjMWahgv8ChKW6k4z0iIiisS1DT5XmRgk9mPT+OwY+rscRJeRWILhnfQ7IurLAb0eWrjLvEyHDoRtXZNLMY7DD1zpUPY9QDbu/7magc7YYzE27USwNgHkhh8uvlb9kFuY3pA8gva/Jd/SQGSshRdJa2R/VohtI5ycPje2qkwEArdReH4KLkyd9v9QI66xXQB55Cuf9wuCleTnr5Kre+6IoL9avpAAFP/Dw3t3ZvQzmSdrZokyupfnL1m8WuDnv8m3bvwvJgfVGDMnHmYzfC6ZKmXYtnAHME4MhpXVmov5lgrHxWFVrGOFHHYaTzILCALaVd0WO9EAcpDHJnm4b7nmk/8WESwCN2/E1tCDGPYQiNYvUXbr0lsCOVz3PHlOGbzTZE25H5wsL1RoaoLatvWRz95lfJgtC1/Xrr8z3JiW5fDfOHazw1QhtKU872iY46P9vjZnEuEdvQ77+FIfcL+Jbo8VNzzg=", "video_play_url": "uSSogmCyW+88eMhEVuGHUrZ6CtOT4fktq7q9TpT5b3nj1s0T2+SxzL7nkY2ktUcGQIzsQ2d6kPesbGx9qpUVIowbf+l4d2OPvObDPi7Vr2G9FE+D801ecsmCbKCHnGdGM5ZEU/j+q2u7ZO1AhBTgBHBTnTprnoX2wuo7CKd4u1pgorKKK6vERGZ/EowPxh3WphpJ6SUPjO+oyR8BqtpYVoSJkT0o9tc=", "video_quality": null, "id": 1040, "name": "\u624d\u667a\u5c0f\u5929\u5730\u65b0"}], "title": "1\u3001\u65b0\u6765\u7684\u90bb\u5c45\uff08\u4e0a\u7bc7\uff09", "series": 1, "time_length": 373, "id": "35351"}, {"db_id": 28425, "play_ways": [{"centralized_play_params": null, "fee": 1, "feeSeconds": 60, "startup_type": 1, "video_play_param": "qnKvhzjJHfE4ZZwXEqbKU+ErUMyO6flgvO7nUqvjMWahgv8ChKW6k4z0iIiisS1DT5XmRgk9mPT+OwY+rscRJeRWILhnfQ7IurLAbEeWrjLvEyHDoRtXZNLMY7DD1zpUPY9QDbu/7magc7YYzE27USwNgHkhh8uvlb9kFuY3pA8gva/Jd/SQGSshRdJa2R/VohtI5ycPje2qkwEArdReH4KLkyd9v9QI66xXQB55Cuf9wuCleTnr5Kre+/goL9avpAAFP/Dw3t3ZvQznQdLYpEyupfnL1m8WtzHu9mrevg7HgPNGDMnHmYzfC6ZFkXcpmwTNFo0go3Vmov5lgrHxWFVrGOFHHYaTzILCALaVd0WO9EAcpDHJnm4b7nmk/8WESwCN2/E1tCDGPYQiNYvUXbr0lsCOVD7PHlOGbzTZE25H5wsL1RoaoLatvWRz95lfJgtC1/Xrr8z3JiW5fDfOHazw1QhtKU872iY46P9vjZnEuEdvQ77+FIfcL+Jbo8VNzzg=", "video_play_url": "uSSogmCyW+88eMhEVuGHUrZ6CtOT4fktq7q9TpT5b3nj1s0T2+SxzL7nkY2ktUcGQIzsQ2d6kPesbGx9qpUVIowbf+l4d2OPvObDPi7Vr2G9FE+D801ecpOCbKCHnGdGM5ZEU/j+q2u6bOVBghTgBHBTnTprkY33xu0+CaJ2ulxgorKKK6vERGZwGo0LwRjXoxRI7yUPjO+oyR8BqtpYVoSJkT0o9tc=", "video_quality": null, "id": 1040, "name": "\u624d\u667a\u5c0f\u5929\u5730\u65b0"}], "title": "2\u3001\u65b0\u6765\u7684\u90bb\u5c45\uff08\u4e0b\u7bc7\uff09", "series": 2, "time_length": 507, "id": "35352"}, {"db_id": 28431, "play_ways": [{"centralized_play_params": null, "fee": 1, "feeSeconds": 60, "startup_type": 1, "video_play_param": "qnKvhzjJHfE4ZZwXEqbKU+ErUMyO6flgvO7nU6vjMWahgv8ChKLgwoz0itqisi1DTpbtFwk9maL4YAY+rpUWduRWILhnfQ7IurLAb0eWrjLvEyHDoRtXZNLMY7DD1zpUPY9QDbu/7magc7YYzE27USwNgHkhh8uvlb9kFuY3pA8gva/Jd/SQGSshRdJa2R/VohtI5ycPje2qkwEArdReH4KLkyd9v9QI66xXQB55Cuf9wuCleTnr5Kre+64rL9avpAAFP/Dw3t3ZvQznQtzaoEyupfnL1m8WtzPs82jbvAvNgfVGDMnHmYzfC6ZFk3UsmQHPE4chpXVmov5lgrHxWFVrGOFHHYaTzILCALaVd0WO9EAcpDHJnm4b7nmk/8WESwCN2/E1tCDGPYQiNYvUXbr0lsCOVTrPHlOGbzTZE25H5wsL1RoaoLatvWRz95lfJgtC1/Xrr8z3JiW5fDfOHazw1QhtKU872iY46P9vjZnEuEdvQ77+FIfcL+Jbo8VNzzg=", "video_play_url": "uSSogmCyW+88eMhEVuGHUrZ6CtOT4fktq7q9TpT5b3nj1s0T2+SxzL7nkY2ktUcGQIzsQ2d6kPesbGx9qpUVIowbf+l4d2OPvObDPi7Vr2G9FE+D801ecsWBbKCHnGdGM5ZEU/j+q2u6b+tDhhTgBHBTnTprkY/1w+87C6d8u1pgorKKK6vERGZwGI8Owx3Vph5J6SUPjO+oyR8BqtpYVoSJkT0o9tc=", "video_quality": null, "id": 1040, "name": "\u624d\u667a\u5c0f\u5929\u5730\u65b0"}], "title": "3\u3001\u628a\u4e66\u653e\u8fd9\u513f\uff08\u4e0a\u7bc7\uff09", "series": 3, "time_length": 443, "id": "35353"}, {"db_id": 28438, "play_ways": [{"centralized_play_params": null, "fee": 1, "feeSeconds": 60, "startup_type": 1, "video_play_param": "qnKvhzjJHfE4ZZwXEqbKU+ErUMyO6flgvO7nVKvjMWahgv8ChKLgwoz0itqisi1DTpbtFwk9maL4YAY+rpUWduRWILhnfQ7IurLAbEeWrjLvEyHDoRtXZNLMY7DD1zpUPY9QDbu/7magc7YYzE27USwNgHkhh8uvlb9kFuY3pA8gva/Jd/SQGSshRdJa2R/VohtI5ycPje2qkwEArdReH4KLkyd9v9QI66xXQB55Cuf9wuCleTnr5Kre+6h+L9avpAAFP/Dw3t3ZvQznR9nQoEyupfnL1m8WtzXr9m/ftAjIhvNGDMnHmYzfC6ZFlXIpngXHEIImo3Vmov5lgrHxWFVrGOFHHYaTzILCALaVd0WO9EAcpDHJnm4b7nmk/8WESwCN2/E1tCDGPYQiNYvUXbr0lsCOVTPPHlOGbzTZE25H5wsL1RoaoLatvWRz95lfJgtC1/
07-05 21:54:57.438 D/Carousel-CarouselVideoViewImpl(12507): stopPlay.
07-05 21:54:57.438 D/Carousel-log_video-(12507): onStopPlay!
07-05 21:54:57.438 D/Carousel-log_video-(12507): submitPlayStopLog mLogPlayState:5
07-05 21:54:57.438 D/Carousel-log_video-(12507): No need to repeat play stop log.
07-05 21:54:57.441 V/InputMethodService( 2203): startInput(): editor=android.view.inputmethod.EditorInfo@2c301438
07-05 21:54:57.442 V/InputMethodService( 2203): CALL: onFinishInput
07-05 21:54:57.442 E/SOGOUIME_JNI( 2203): reset
07-05 21:54:57.442 E/SOGOUIME_JNI( 2203): getCandidates
07-05 21:54:57.442 E/SOGOUIME_JNI( 2203): ime_get_uncommitted_length
07-05 21:54:57.443 E/SOGOUIME_JNI( 2203): getCandidates
07-05 21:54:57.443 D/SogouIME API( 2203): ==============num:32
07-05 21:54:57.443 E/SOGOUIME_JNI( 2203): ime_get_uncommitted_length
07-05 21:54:57.443 D/SogouIME( 2203): mFocusedComponent:30   isHkbEnable:false
07-05 21:54:57.443 E/SOGOUIME_JNI( 2203): ime_get_uncommitted_length
07-05 21:54:57.443 E/SOGOUIME_JNI( 2203): ime_get_committed_length
07-05 21:54:57.443 E/SOGOUIME_JNI( 2203): getComposingInfo
07-05 21:54:57.443 E/SOGOUIME_JNI( 2203): getComposingInfo
07-05 21:54:57.443 E/SOGOUIME_JNI( 2203): getCorrectInfo
07-05 21:54:57.443 E/SOGOUIME_JNI( 2203): getComposingInfo
07-05 21:54:57.443 V/InputMethodService( 2203): CALL: onStartInput
07-05 21:54:57.443 E/SOGOUIME_JNI( 2203): invalidateCommitWordPinyinNative
07-05 21:54:57.443 D/SogouIME( 2203): =====configKeyboard=======:false     false
07-05 21:54:57.443 E/SOGOUIME_JNI( 2203): ime_set_hard_kb_enable
07-05 21:54:57.447 D/HiNetworkImpl(12507): doHttp_Asyn(): onReqResponse isSuccessful = true, back from thread: main
07-05 21:54:57.458 I/SurfaceFlinger( 1204): the layer SurfaceView is used to close xc and zorder is smallerest! clear region
07-05 21:54:57.470 I/MiSysSrv( 1214): [37m[INFO] Change to Voltage: 117 mv (0x32)[m
07-05 21:54:57.485 D/OsdMonitorService( 1733): mCurrentWindow = com.hisense.hicloud.edca/com.hisense.hicloud.edca.mediaplayer.activity.DetailPlayActivity; newWindow = com.hisense.hicloud.edca/com.hisense.hicloud.edca.mediaplayer.activity.DetailPlayActivity; isSubWindow = false; isInWinList = false; isExitNow = false
07-05 21:54:57.485 D/OsdMonitorService( 1733): windowNotOsd() : name = com.hisense.hicloud.edca/com.hisense.hicloud.edca.mediaplayer.activity.DetailPlayActivity
07-05 21:54:57.485 I/OsdMonitorService( 1733): setOsdStatus() : status will change from true to true
07-05 21:54:57.486 D/PowerManagerService( 1733): setScreenBrightnessOverrideFromWindowManagerInternal done
07-05 21:54:57.488 D/PowerManagerService( 1733): setScreenBrightnessOverrideFromWindowManagerInternal done
07-05 21:54:57.489 I/ActivityManager( 1733): Displayed com.hisense.hicloud.edca/.mediaplayer.activity.DetailPlayActivity: +473ms
07-05 21:54:57.490 I/SurfaceView(12507): Changes: creating=false format=false size=false visible=true left=false top=false
07-05 21:54:57.490 I/SurfaceView(12507): Cur surface: Surface(name=null)/@0x382ff7e
07-05 21:54:57.491 D/OsdMonitorService( 1733): mCurrentWindow = com.hisense.hicloud.edca/com.hisense.hicloud.edca.mediaplayer.activity.DetailPlayActivity; newWindow = com.hisense.hicloud.edca/com.hisense.hicloud.edca.mediaplayer.activity.DetailPlayActivity; isSubWindow = false; isInWinList = false; isExitNow = false
07-05 21:54:57.491 D/OsdMonitorService( 1733): windowNotOsd() : name = com.hisense.hicloud.edca/com.hisense.hicloud.edca.mediaplayer.activity.DetailPlayActivity
07-05 21:54:57.492 I/OsdMonitorService( 1733): setOsdStatus() : status will change from true to true
07-05 21:54:57.492 I/SurfaceFlinger( 1204): the layer SurfaceView is used to close xc and zorder is smallerest! clear region
07-05 21:54:57.493 D/PowerManagerService( 1733): setScreenBrightnessOverrideFromWindowManagerInternal done
07-05 21:54:57.498 I/SurfaceView(12507): New surface: Surface(name=null)/@0x3c04ad2c, vis=false, frame=Rect(418, 205 - 1234, 665)
07-05 21:54:57.498 I/SurfaceView(12507): visibleChanged -- surfaceDestroyed
07-05 21:54:57.498 D/Carousel-UrlVideoView(12507): surfaceDestroyed
07-05 21:54:57.498 D/Surface (12507): onStatusChange() : mNativeObject = 0 mUseImageHwRender = false
07-05 21:54:57.499 D/PowerManagerService( 1733): setScreenBrightnessOverrideFromWindowManagerInternal done
07-05 21:54:57.501 V/SurfaceView(12507): Layout: x=418 y=205 w=816 h=460, frame=Rect(0, 0 - 816, 460)
07-05 21:54:57.520 D/OsdMonitorService( 1733): mCurrentWindow = com.hisense.hicloud.edca/com.hisense.hicloud.edca.mediaplayer.activity.DetailPlayActivity; newWindow = com.hisense.hicloud.edca/com.hisense.hicloud.edca.mediaplayer.activity.DetailPlayActivity; isSubWindow = false; isInWinList = false; isExitNow = false
07-05 21:54:57.520 D/OsdMonitorService( 1733): windowNotOsd() : name = com.hisense.hicloud.edca/com.hisense.hicloud.edca.mediaplayer.activity.DetailPlayActivity
07-05 21:54:57.520 I/OsdMonitorService( 1733): setOsdStatus() : status will change from true to true
07-05 21:54:57.522 D/PowerManagerService( 1733): setScreenBrightnessOverrideFromWindowManagerInternal done
07-05 21:54:57.524 D/Surface (12507): onStatusChange() : mNativeObject = 0 mUseImageHwRender = false
07-05 21:54:57.525 I/SurfaceFlinger( 1204): the layer SurfaceView is used to close xc and zorder is smallerest! clear region
07-05 21:54:57.525 D/PowerManagerService( 1733): releaseWakeLockInternal: lock=681732318 [ActivityManager-Launch], flags=0x0
07-05 21:54:57.525 D/PowerManagerNotifier( 1733): onWakeLockReleased: flags=1, tag="ActivityManager-Launch", packageName=android, ownerUid=1000, ownerPid=1733, workSource=null
07-05 21:54:57.541 I/SurfaceFlinger( 1204): the layer SurfaceView is used to close xc and zorder is smallerest! clear region
07-05 21:54:57.556 D/hwcomposer( 1204): lastHWWindowInfo is dirty
07-05 21:54:57.559 I/SurfaceFlinger( 1204): the layer SurfaceView is used to close xc and zorder is smallerest! clear region
07-05 21:54:57.570 I/MiSysSrv( 1214): [37m[INFO] Change to Voltage: 117 mv (0x32)[m
07-05 21:54:57.575 I/SurfaceFlinger( 1204): the layer SurfaceView is used to close xc and zorder is smallerest! clear region
07-05 21:54:57.580 I/HiNetworkImpl(12507): doHttp_Asyn(): onSuccess clazz = class com.hisense.sdk.domain.DetailsPage, back from thread: main
07-05 21:54:57.580 I/DetailPlayActivity(12507): mFinishHttpTime : 11739152 418
07-05 21:54:57.581 D/til@system( 2026): til_get_system_param option:1000007 int:-1815633792, bool:128, ret:0
07-05 21:54:57.582 D/til@system( 2026): til_get_system_param option:1000009 int:-1936523008, bool:0, ret:0
07-05 21:54:57.583 D/til@system( 2026): til_get_system_param option:1000008 int:-1936525184, bool:128, ret:0
07-05 21:54:57.583 D/HiSDKLogReport(12507): getOperationDetail-productName : LED50MU8600UC
07-05 21:54:57.583 D/HiSDKLogReport(12507): getOperationDetail-plmNumber : 88888
07-05 21:54:57.583 D/HiSDKLogReport(12507): getOperationDetail-swVersion : V0000.00.01A
07-05 21:54:57.583 D/HiSDKLogReport(12507): getOperationDetail-operationDetail : LED50MU8600UC0000888
07-05 21:54:57.584 D/HiSDKLogReport(12507): processLogReport-log : {eventType=110, appKey=1182445233, APPVersionName=3.0.0.9.00, devid=86100300900000500000060a4818fca8, mac=a8:a6:48:18:fc:a8, uuid=13287129, accessToken=72DF6038D2AEAB8A76DFBBBBCC428A4A_003326700491254, APIversion=501, logversion=2.0, devType=0, APPPackage=com.hisense.hicloud.edca, eventPos=002, requesttime=1499262897583, customerId=7195320, value2=, eventMessage=HttpConnection, value1=418, model_id=0, ChannelId=0, version=00.002.003, tv_distribute_id=00, subscriberId=13287129, APIVersion=600, PFAPPCode=652, softwareVersion=LED50MU8600UC0000888}
07-05 21:54:57.584 D/DetailPlayActivity(12507): detailpage result is:com.hisense.sdk.domain.DetailsPage@26689e8f
07-05 21:54:57.587 D/til@system( 2026): til_get_system_param option:1000007 int:-1815634176, bool:0, ret:0
07-05 21:54:57.588 D/til@system( 2026): til_get_system_param option:1000009 int:-1936522112, bool:128, ret:0
07-05 21:54:57.589 D/til@system( 2026): til_get_system_param option:1000008 int:-1936522368, bool:128, ret:0
07-05 21:54:57.590 D/HttpDnsUtils(12507): CEXX-getOperationDetail-productName : LED50MU8600UC
07-05 21:54:57.590 D/HttpDnsUtils(12507): CEXX-getOperationDetail-plmNumber : 88888
07-05 21:54:57.590 D/HttpDnsUtils(12507): CEXX-getOperationDetail-swVersion : V0000.00.01A
07-05 21:54:57.590 D/HttpDnsUtils(12507): CEXX-getOperationDetail-operationDetail : LED50MU8600UC0000888
07-05 21:54:57.592 I/SurfaceFlinger( 1204): the layer SurfaceView is used to close xc and zorder is smallerest! clear region
07-05 21:54:57.592 E/NetUtils(12507): encryption --- sign = accessToken=72DF6038D2AEAB8A76DFBBBBCC428A4A_003326700491254&customerId=7195320&devType=0&devid=86100300900000500000060a4818fca8&resourceId=3535&resourceType=0&BDA9F96C98E9D5130A5AFB3411B5F9E0
07-05 21:54:57.592 W/System.err(12507): java.net.ConnectException: failed to connect to /10.18.210.112 (port 8900) after 6000ms: isConnected failed: ECONNREFUSED (Connection refused)
07-05 21:54:57.593 W/System.err(12507): 	at libcore.io.IoBridge.isConnected(IoBridge.java:238)
07-05 21:54:57.593 I/HttpDnsUtils(12507): checkValid- //: --- URL >> http://api.edu.hismarttv.com/payment/api/order/checkValid?resourceId=3535&resourceType=0&devType=0&accessToken=72DF6038D2AEAB8A76DFBBBBCC428A4A_003326700491254&sign=b6746366ae604a7330c538b285c96966
07-05 21:54:57.593 W/System.err(12507): 	at libcore.io.IoBridge.connectErrno(IoBridge.java:171)
07-05 21:54:57.593 W/System.err(12507): 	at libcore.io.IoBridge.connect(IoBridge.java:122)
07-05 21:54:57.593 W/System.err(12507): 	at java.net.PlainSocketImpl.connect(PlainSocketImpl.java:183)
07-05 21:54:57.593 W/System.err(12507): 	at java.net.PlainSocketImpl.connect(PlainSocketImpl.java:456)
07-05 21:54:57.593 W/System.err(12507): 	at java.net.Socket.connect(Socket.java:882)
07-05 21:54:57.593 W/System.err(12507): 	at com.android.okhttp.internal.Platform.connectSocket(Platform.java:174)
07-05 21:54:57.593 W/System.err(12507): 	at com.android.okhttp.Connection.connect(Connection.java:152)
07-05 21:54:57.593 W/System.err(12507): 	at com.android.okhttp.internal.http.HttpEngine.connect(HttpEngine.java:276)
07-05 21:54:57.593 W/System.err(12507): 	at com.android.okhttp.internal.http.HttpEngine.sendRequest(HttpEngine.java:211)
07-05 21:54:57.593 W/System.err(12507): 	at com.android.okhttp.internal.http.HttpURLConnectionImpl.execute(HttpURLConnectionImpl.java:382)
07-05 21:54:57.593 W/System.err(12507): 	at com.android.okhttp.internal.http.HttpURLConnectionImpl.connect(HttpURLConnectionImpl.java:106)
07-05 21:54:57.593 W/System.err(12507): 	at com.hisense.hitv.hicloud.util.ExceptionReport.a(ExceptionReport.java:337)
07-05 21:54:57.593 W/System.err(12507): 	at com.hisense.hitv.hicloud.util.ExceptionReport.a(ExceptionReport.java:39)
07-05 21:54:57.593 W/System.err(12507): 	at com.hisense.hitv.hicloud.util.ExceptionReport$1.run(ExceptionReport.java:83)
07-05 21:54:57.593 W/System.err(12507): 	at java.lang.Thread.run(Thread.java:818)
07-05 21:54:57.593 W/System.err(12507): Caused by: android.system.ErrnoException: isConnected failed: ECONNREFUSED (Connection refused)
07-05 21:54:57.594 W/System.err(12507): 	at libcore.io.IoBridge.isConnected(IoBridge.java:223)
07-05 21:54:57.594 W/System.err(12507): 	... 15 more
07-05 21:54:57.594 D/til@system( 2026): til_get_system_param option:1000007 int:-1815632896, bool:0, ret:0
07-05 21:54:57.595 D/til@system( 2026): til_get_system_param option:1000009 int:-1815633792, bool:128, ret:0
07-05 21:54:57.596 D/til@system( 2026): til_get_system_param option:1000008 int:-1936523008, bool:0, ret:0
07-05 21:54:57.597 D/HttpBuilder(12507): getOperationDetail-productName : LED50MU8600UC
07-05 21:54:57.597 D/HttpBuilder(12507): getOperationDetail-plmNumber : 88888
07-05 21:54:57.597 D/HttpBuilder(12507): getOperationDetail-swVersion : V0000.00.01A
07-05 21:54:57.597 D/HttpBuilder(12507): getOperationDetail-operationDetail : LED50MU8600UC0000888
07-05 21:54:57.608 I/SurfaceFlinger( 1204): the layer SurfaceView is used to close xc and zorder is smallerest! clear region
07-05 21:54:57.610 I/TVMW@devctrl( 1234): wdt
07-05 21:54:57.622 I/HttpBuilder(12507): addUrlPublicParams mUrl ==>http://api.edu.hismarttv.com/payment/api/order/checkValid?resourceId=3535&resourceType=0&devType=0&accessToken=72DF6038D2AEAB8A76DFBBBBCC428A4A_003326700491254&sign=b6746366ae604a7330c538b285c96966&uuid=13287129&mac=a8:a6:48:18:fc:a8&devid=86100300900000500000060a4818fca8&version=00.002.003&subscriberId=13287129&customerId=7195320&model_id=0&APPPackage=com.hisense.hicloud.edca&PFAPPCode=652&APPVersionName=3.0.0.9.00&ChannelId=0&softwareVersion=LED50MU8600UC0000888&tv_distribute_id=00&APIVersion=600
07-05 21:54:57.623 D/HttpHandler(12507): VerifySignInterCeptor-->request.url()=http://api.edu.hismarttv.com/payment/api/order/checkValid?resourceId=3535&resourceType=0&devType=0&accessToken=72DF6038D2AEAB8A76DFBBBBCC428A4A_003326700491254&sign=b6746366ae604a7330c538b285c96966&uuid=13287129&mac=a8:a6:48:18:fc:a8&devid=86100300900000500000060a4818fca8&version=00.002.003&subscriberId=13287129&customerId=7195320&model_id=0&APPPackage=com.hisense.hicloud.edca&PFAPPCode=652&APPVersionName=3.0.0.9.00&ChannelId=0&softwareVersion=LED50MU8600UC0000888&tv_distribute_id=00&APIVersion=600
07-05 21:54:57.623 D/HttpHandler(12507): VerifySignInterCeptor-->hostname=api.edu.hismarttv.com
07-05 21:54:57.625 I/SurfaceFlinger( 1204): the layer SurfaceView is used to close xc and zorder is smallerest! clear region
07-05 21:54:57.626 D/HttpHandler(12507): HttpDNS-->hostname=api.edu.hismarttv.com
07-05 21:54:57.629 D/HttpHandler(12507): RAMCache-->hostInfo.getClientTimeStamp()=11722302
07-05 21:54:57.629 D/HttpHandler(12507): RAMCache-->hostInfo.getTtl()=3600
07-05 21:54:57.629 D/HttpHandler(12507): RAMCache-->SystemClock.elapsedRealtime()=11739201
07-05 21:54:57.633 D/HttpHandler(12507): DNSHelper-->gslbDns=["123.103.91.123"]
07-05 21:54:57.642 I/SurfaceFlinger( 1204): the layer SurfaceView is used to close xc and zorder is smallerest! clear region
07-05 21:54:57.656 D/OkHttp  (12507): --> GET http://api.edu.hismarttv.com/payment/api/order/checkValid?resourceId=3535&resourceType=0&devType=0&accessToken=72DF6038D2AEAB8A76DFBBBBCC428A4A_003326700491254&sign=b6746366ae604a7330c538b285c96966&uuid=13287129&mac=a8:a6:48:18:fc:a8&devid=86100300900000500000060a4818fca8&version=00.002.003&subscriberId=13287129&customerId=7195320&model_id=0&APPPackage=com.hisense.hicloud.edca&PFAPPCode=652&APPVersionName=3.0.0.9.00&ChannelId=0&softwareVersion=LED50MU8600UC0000888&tv_distribute_id=00&APIVersion=600 http/1.1
07-05 21:54:57.656 D/OkHttp  (12507): Data_Type: JSON
07-05 21:54:57.656 D/OkHttp  (12507): RetryTime: 0
07-05 21:54:57.656 D/OkHttp  (12507): Backoffmutiplier: 0
07-05 21:54:57.656 D/OkHttp  (12507): Host: api.edu.hismarttv.com
07-05 21:54:57.656 D/OkHttp  (12507): Connection: Keep-Alive
07-05 21:54:57.656 D/OkHttp  (12507): Accept-Encoding: gzip
07-05 21:54:57.656 D/OkHttp  (12507): User-Agent: okhttp/3.6.0
07-05 21:54:57.656 D/OkHttp  (12507): --> END GET
07-05 21:54:57.659 I/SurfaceFlinger( 1204): the layer SurfaceView is used to close xc and zorder is smallerest! clear region
07-05 21:54:57.675 I/SurfaceFlinger( 1204): the layer SurfaceView is used to close xc and zorder is smallerest! clear region
07-05 21:54:57.691 I/SurfaceFlinger( 1204): the layer SurfaceView is used to close xc and zorder is smallerest! clear region
07-05 21:54:57.708 I/SurfaceFlinger( 1204): the layer SurfaceView is used to close xc and zorder is smallerest! clear region
07-05 21:54:57.715 W/ActivityManager( 1733): getTasks: caller 10076 does not hold REAL_GET_TASKS; limiting output
07-05 21:54:57.716 W/ActivityManager( 1733): getTasks: caller 10076 does not hold REAL_GET_TASKS; limiting output
07-05 21:54:57.717 W/ActivityManager( 1733): getRunningAppProcesses: caller 10076 does not hold REAL_GET_TASKS; limiting output
07-05 21:54:57.725 I/SurfaceFlinger( 1204): the layer SurfaceView is used to close xc and zorder is smallerest! clear region
07-05 21:54:57.741 I/SurfaceFlinger( 1204): the layer SurfaceView is used to close xc and zorder is smallerest! clear region
07-05 21:54:57.758 I/SurfaceFlinger( 1204): the layer SurfaceView is used to close xc and zorder is smallerest! clear region
07-05 21:54:57.770 I/MiSysSrv( 1214): [37m[INFO] Change to Voltage: 112 mv (0x2D)[m
07-05 21:54:57.772 I/TVMW@HsTvSetting( 1234): Trace cmd, data = 0x1058
07-05 21:54:57.772 D/til@system( 2026): til_get_system_param option:100002F int:0, bool:0, ret:0
07-05 21:54:57.772 I/TVMW@HsTvSetting( 1234): Trace cmd, data = 0x101f
07-05 21:54:57.772 D/til@system( 2026): til_get_system_param option:100001D int:3, bool:3, ret:0
07-05 21:54:57.772 E/til     ( 2026): [til_get_current_input_source, 101] 
07-05 21:54:57.772 I/TVMW@HsTvSetting( 1234): Trace cmd, data = 0x7007
07-05 21:54:57.772 I/tilwrapper@sm( 2026): HS2TIL_SourceType *hs=0xd, *til=0x900
07-05 21:54:57.772 D/til     ( 2026): get current source 2304
07-05 21:54:57.773 D/SourceRemoteServiceHandler( 2026): getCurrentInputSource.from.til.result is 0, value is 2304
07-05 21:54:57.773 D/SourceRemoteServiceHandler( 2026): getInputSourceType source: 0x900, type=2304
07-05 21:54:57.773 D/til     ( 2026): ###### func:til_get_picture_param option:0x3000006 ######  
07-05 21:54:57.773 I/TVMW@HsTvSetting( 1234): Trace cmd, data = 0x1003
07-05 21:54:57.774 I/TVMW@HsTvSetting( 1234): Trace cmd, data = 0x8032
07-05 21:54:57.774 I/hstvos  ( 1216): [0m[1;33m[HSHAL][HS_VIDEO][HS_HAL_Video_SetOsdDetect_v2][2389]u16Threshold = 20
07-05 21:54:57.774 I/MiSysSrv( 1214): Not support now! 42, change to mm_video!!!
07-05 21:54:57.775 E/TVMW@videoctrl( 1234):  getOsd is 1
07-05 21:54:57.775 D/til@system( 2026): til_get_system_param option:1000027 int:1, bool:1, ret:0
07-05 21:54:57.775 I/SurfaceFlinger( 1204): the layer SurfaceView is used to close xc and zorder is smallerest! clear region
07-05 21:54:57.775 D/til     ( 2026): ###### func:til_get_picture_param option:0x3000045 ######  
07-05 21:54:57.783 I/TVMW@HsTvSetting( 1234): Trace cmd, data = 0x300c
07-05 21:54:57.783 I/TVMW@HsTvSetting( 1234): Trace 3d, data = 0x300c
07-05 21:54:57.783 I/TVMW@3d ( 1234): Hs_debug3d_trace: func:get3dStatus, line:109
07-05 21:54:57.791 I/SurfaceFlinger( 1204): the layer SurfaceView is used to close xc and zorder is smallerest! clear region
07-05 21:54:57.808 I/SurfaceFlinger( 1204): the layer SurfaceView is used to close xc and zorder is smallerest! clear region
07-05 21:54:57.825 I/SurfaceFlinger( 1204): the layer SurfaceView is used to close xc and zorder is smallerest! clear region
07-05 21:54:57.828 I/MtaSDK  ( 3457): [pool-3-thread-1(120): null:-1] - sendFailedCount=0
07-05 21:54:57.831 I/MtaSDK  ( 3457): [pool-3-thread-1(120): null:-1] - strategy=INSTANT
07-05 21:54:57.837 I/MtaSDK  ( 3457): [pool-6-thread-1(137): null:-1] - [http://omgmta.play.t002.ottcn.com:80/mstat/report/?index=1499252196]Send request(1099bytes), content:[{"ky":"IZ663AV9QUDV|A33MIA2NCC9X","et":1000,"ui":"971538425","mc":"94:e9:79:c9:61:df","ut":1,"av":"3.2.2.1.20","ch":"10022","mid":"0488a487ec390a254c7e97ec9e5081eb70eedf3c","idx":165008,"si":1908339646,"ts":1499262897,"dts":0,"os":1,"ov":"22","md":"VIDAA_TV","jb":0,"mf":"Hisense","ei":"unisdk_auto_get_app_run_list","kv":{"all_sdk_vers":"shell_versCode: 3010, shell_vers: 2.3.0.10, plugin_sdk_versCode: 3010, player_sdk_vers: V4.6.000.11330","live_time":"37200","pull_from":"590603","report_system_time":"1499262897718","from_app_pkg":"com.jamdeo.tv.vod","guid":"0838E29E00E081E142ED046B5695AE5D","kt_userid":"","vuserid":"","appid":"101226103","vusession":"","main_login":"","eth_mac":"a8:a6:48:18:fc:a8","qua":"QV=1&PR=VIDEO&PT=HISENSE&CHID=10022&RL=1920*1080&VN=3.2.2&VN_CODE=1000000771&SV=5.1.1&DV=MSD6A828&VN_BUILD=1.20&MD=VIDAA_TV&BD=phoenix&MF=VIDAA_TV&TVKPlatform=590603&PluginInfo=2.3.0.10_3010","openid":"","kt_login":"","access_token":"","forground_app":"com.jamdeo.tv.vod","kt_license_account":"","apk_name":"com.jamdeo.tv.vod","last_run_app":"com.jamdeo.tv.vod","report_span":"300"}}]
07-05 21:54:57.838 D/MtaSDK  ( 3457): [pool-6-thread-1(137): null:-1] - before Gzip:1099 bytes, after Gzip:684 bytes
07-05 21:54:57.844 I/HttpDNS ( 3457): ## 2017-07-05 21:54:57.843 [3457,3602,:0] INFO ## [HttpDNS]resolveHost, isSupport: true, host: omgmta.play.t002.ottcn.com
07-05 21:54:57.844 I/SurfaceFlinger( 1204): the layer SurfaceView is used to close xc and zorder is smallerest! clear region
07-05 21:54:57.845 I/HttpDNS ( 3457): ## 2017-07-05 21:54:57.844 [3457,3602,:0] INFO ## [HttpDNS][httpdns] resolve: omgmta.play.t002.ottcn.com=>111.161.111.109, 1.96ms
07-05 21:54:57.848 I/NetflixMonitorService( 1733): current fgapk : com.hisense.hicloud.edca
07-05 21:54:57.848 I/NetflixMonitorService( 1733): Netflix status unchanged
07-05 21:54:57.848 I/MtaSdkUtils( 3457): ## 2017-07-05 21:54:57.847 [3457,3602,:0] INFO ## [MtaSdkUtils]sBiz == ktcp_video.HISENSE.httpdns, level == 4, iSta == 1008, errmsg == errtype1008&errcode13&guid=0838E29E00E081E142ED046B5695AE5D&qua=QV=1&PR=VIDEO&PT=HISENSE&CHID=10022&RL=1920*1080&VN=3.2.2&VN_CODE=1000000771&SV=5.1.1&DV=MSD6A828&VN_BUILD=1.20&MD=VIDAA_TV&BD=phoenix&MF=VIDAA_TV&TVKPlatform=590603&PluginInfo=2.3.0.10_3010&cid=&vid=&matchId=&pid=&domain=&ip=&row=-1&box=-1&key=&all_sdk_versshell_versCode: 3010, shell_vers: 2.3.0.10, plugin_sdk_versCode: 3010, player_sdk_vers: V4.6.000.11330&des=HttpDNS_RESOLVE_COST_TIME&properties={ip=111.161.111.109, host=omgmta.play.t002.ottcn.com, elapse=1.96}
07-05 21:54:57.849 I/MtaSDK  ( 3457): [pool-3-thread-1(120): null:-1] - sendFailedCount=0
07-05 21:54:57.850 I/MtaSDK  ( 3457): [pool-3-thread-1(120): null:-1] - strategy=INSTANT
07-05 21:54:57.858 I/SurfaceFlinger( 1204): the layer SurfaceView is used to close xc and zorder is smallerest! clear region
07-05 21:54:57.869 I/MiSysSrv( 1214): [37m[INFO] Change to Voltage: 117 mv (0x32)[m
07-05 21:54:57.888 I/SurfaceFlinger( 1204): the layer SurfaceView is used to close xc and zorder is smallerest! clear region
07-05 21:54:57.904 I/SurfaceFlinger( 1204): the layer SurfaceView is used to close xc and zorder is smallerest! clear region
07-05 21:54:57.926 D/OsdMonitorService( 1733): mCurrentWindow = com.hisense.hicloud.edca/com.hisense.hicloud.edca.mediaplayer.activity.DetailPlayActivity; newWindow = com.hisense.hicloud.edca/com.hisense.hicloud.edca.mediaplayer.activity.DetailPlayActivity; isSubWindow = false; isInWinList = false; isExitNow = false
07-05 21:54:57.926 D/OsdMonitorService( 1733): windowNotOsd() : name = com.hisense.hicloud.edca/com.hisense.hicloud.edca.mediaplayer.activity.DetailPlayActivity
07-05 21:54:57.926 I/OsdMonitorService( 1733): setOsdStatus() : status will change from true to true
07-05 21:54:57.928 D/PowerManagerService( 1733): setScreenBrightnessOverrideFromWindowManagerInternal done
07-05 21:54:57.931 D/PowerManagerService( 1733): setScreenBrightnessOverrideFromWindowManagerInternal done
07-05 21:54:57.946 D/PowerManagerService( 1733): setScreenBrightnessOverrideFromWindowManagerInternal done
07-05 21:54:57.957 D/gralloc ( 1204): allocate buffer from ION HEAP 0x1
07-05 21:54:57.957 D/gralloc ( 1204): allocate memory from system heap
07-05 21:54:57.970 D/RECREATE(12507): onSaveInstanceState
07-05 21:54:57.971 D/Carousel-CarouselView(12507): onActivityStopped, getSimpleName = HomeMainActivity,hashCode=339467542
07-05 21:54:57.971 D/Carousel-CarouselVideoViewImpl(12507): stopPlay.
07-05 21:54:57.971 D/Carousel-log_video-(12507): onStopPlay!
07-05 21:54:57.971 D/Carousel-log_video-(12507): submitPlayStopLog mLogPlayState:5
07-05 21:54:57.971 D/Carousel-log_video-(12507): No need to repeat play stop log.
07-05 21:54:57.972 I/BaseContentFragment(12507): onStop 
07-05 21:54:57.974 D/hwcomposer( 1204): lastHWWindowInfo is dirty
07-05 21:54:57.974 I/BaseContentFragment(12507): onStop UserCenterFragment
07-05 21:54:57.978 I/BaseContentFragment(12507): onStop 0-2
07-05 21:54:57.979 I/BaseContentFragment(12507): activity onStop
07-05 21:54:57.979 I/MtaSDK  ( 3457): [pool-6-thread-1(137): null:-1] - http recv response status code:200, content length:29
07-05 21:54:57.979 D/test    (12507): vidaaVersion=
07-05 21:54:57.983 I/MtaSDK  ( 3457): [pool-6-thread-1(137): null:-1] - http get response data:{"ret":0}
07-05 21:54:57.984 I/MtaSDK  ( 3457): [pool-6-thread-1(137): null:-1] - [http://omgmta.play.t002.ottcn.com:80/mstat/report/?index=1499252197]Send request(1351bytes), content:[{"ky":"IZ663AV9QUDV|A33MIA2NCC9X","et":1000,"ui":"971538425","mc":"94:e9:79:c9:61:df","ut":1,"av":"3.2.2.1.20","ch":"10022","mid":"0488a487ec390a254c7e97ec9e5081eb70eedf3c","idx":165009,"si":1908339646,"ts":1499262897,"dts":0,"os":1,"ov":"22","md":"VIDAA_TV","jb":0,"mf":"Hisense","ei":"unisdk_error_feedback","kv":{"pull_from":10000,"srcfile":"","sOp":"","guid":"0838E29E00E081E142ED046B5695AE5D","func":"3.2.2.1.20","pname":"com.jamdeo.tv.vod","eth_mac":"a8:a6:48:18:fc:a8","qua":"QV=1&PR=VIDEO&PT=HISENSE&CHID=10022&RL=1920*1080&VN=3.2.2&VN_CODE=1000000771&SV=5.1.1&DV=MSD6A828&VN_BUILD=1.20&MD=VIDAA_TV&BD=phoenix&MF=VIDAA_TV&TVKPlatform=590603&PluginInfo=2.3.0.10_3010","iSta":"1008","sIp":"219.147.31.2","errmsg":"errtype1008&errcode13&guid=0838E29E00E081E142ED046B5695AE5D&qua=QV=1&PR=VIDEO&PT=HISENSE&CHID=10022&RL=1920*1080&VN=3.2.2&VN_CODE=1000000771&SV=5.1.1&DV=MSD6A828&VN_BUILD=1.20&MD=VIDAA_TV&BD=phoenix&MF=VIDAA_TV&TVKPlatform=590603&PluginInfo=2.3.0.10_3010&cid=&vid=&matchId=&pid=&domain=&ip=&row=-1&box=-1&key=&all_sdk_versshell_versCode: 3010, shell_vers: 2.3.0.10, plugin_sdk_versCode: 3010, player_sdk_vers: V4.6.000.11330&des=HttpDNS_RESOLVE_COST_TIME&properties={ip=111.161.111.109, host=omgmta.play.t002.ottcn.com, elapse=1.96}","apk_name":"com.jamdeo.tv.vod","sBiz":"ktcp_video.HISENSE.httpdns","level":"4","srcline":"13"}}]
07-05 21:54:57.985 D/MtaSDK  ( 3457): [pool-6-thread-1(137): null:-1] - before Gzip:1351 bytes, after Gzip:770 bytes
07-05 21:54:57.986 D/PowerManagerService( 1733): setScreenBrightnessOverrideFromWindowManagerInternal done
07-05 21:54:57.995 D/gralloc ( 1204): allocate buffer from ION HEAP 0x1
07-05 21:54:57.995 D/gralloc ( 1204): allocate memory from system heap
07-05 21:54:58.000 D/DtvSourcePlugin-DVBC(15961): Setting the EPG Updater state to: WAIT
07-05 21:54:58.022 I/HLSP2P  (16224): ## 2017-07-05 21:54:58.021 [16224,16378,:0] INFO ## [HLSP2P][TaskManager.cpp:838][INFO][UpdateGlobalInfo]totalDataSize: 0, totalMemorySize: 0, totalCacheSize: 0, PlayTaskAllFinish: 0
07-05 21:54:58.023 I/HLSP2P  (16224): ## 2017-07-05 21:54:58.022 [16224,16378,:0] INFO ## [HLSP2P][TaskManager.cpp:1348][INFO][TryAdjustMemorySize]system memory total size: 1912M, free size: 517MB, cache add to 100MB, AppState: 14, IsLowMemory: 0
07-05 21:54:58.037 D/GlobalInputEventMonitoringService( 1733): interceptKeyBeforeQueueing(), event:111, mNeedMonitorKeyEvent:true, mWaitForKeyUpEvent:false
07-05 21:54:58.037 D/GlobalInputEventMonitoringService( 1733): processKeyEvent(), processKeyEvent event:111
07-05 21:54:58.037 D/WindowManager( 1733): interceptKeyTq keycode=111 interactive=true keyguardActive=false policyFlags=2b000000 isCancled= false
07-05 21:54:58.037 D/PowerManagerService( 1733): userActivityNoUpdateLocked: eventTime=11739608, event=1, flags=0x0, uid=1000
07-05 21:54:58.037 D/WindowManager( 1733): interceptKeyTi keyCode=111 down=true repeatCount=0 keyguardOn=false mHomePressed=false canceled=false
07-05 21:54:58.037 D/WindowManager( 1733): Hisense systemkey event: 111
07-05 21:54:58.037 D/HisenseGlobalKeyManager( 1733): handleGlobalKey() : Global event = KeyEvent { action=ACTION_DOWN, keyCode=KEYCODE_ESCAPE, scanCode=0, metaState=0, flags=0x0, repeatCount=0, eventTime=11739608, downTime=11739608, deviceId=-1, source=0x101 }
07-05 21:54:58.046 D/SogouIME( 2203): [onKeyDown] keycode = 111 model = VIDAA_TV
07-05 21:54:58.047 E/SOGOUIME_JNI( 2203): reset
07-05 21:54:58.047 E/SOGOUIME_JNI( 2203): getCandidates
07-05 21:54:58.047 E/SOGOUIME_JNI( 2203): ime_get_uncommitted_length
07-05 21:54:58.047 E/SOGOUIME_JNI( 2203): getCandidates
07-05 21:54:58.047 D/SogouIME API( 2203): ==============num:32
07-05 21:54:58.047 E/SOGOUIME_JNI( 2203): ime_get_uncommitted_length
07-05 21:54:58.047 D/SogouIME( 2203): mFocusedComponent:30   isHkbEnable:false
07-05 21:54:58.047 E/SOGOUIME_JNI( 2203): ime_get_uncommitted_length
07-05 21:54:58.047 E/SOGOUIME_JNI( 2203): ime_get_committed_length
07-05 21:54:58.047 E/SOGOUIME_JNI( 2203): getComposingInfo
07-05 21:54:58.047 E/SOGOUIME_JNI( 2203): getComposingInfo
07-05 21:54:58.047 E/SOGOUIME_JNI( 2203): getCorrectInfo
07-05 21:54:58.047 E/SOGOUIME_JNI( 2203): getComposingInfo
07-05 21:54:58.048 D/gralloc ( 1204): allocate buffer from ION HEAP 0x1
07-05 21:54:58.048 D/gralloc ( 1204): allocate memory from system heap
07-05 21:54:58.054 I/DetailPlayActivity(12507): sunliqin,dispatchKeyEvent:get currnet focus:nullevent kecode111
07-05 21:54:58.055 D/WindowManager( 1733): Unhandled key: win=Window{2fb7ff70 u0 com.hisense.hicloud.edca/com.hisense.hicloud.edca.mediaplayer.activity.DetailPlayActivity}, action=0, flags=0, keyCode=111, scanCode=0, metaState=0, repeatCount=0, policyFlags=1795162112
07-05 21:54:58.055 D/WindowManager( 1733): Fallback: keyCode=4 metaState=0
07-05 21:54:58.055 D/WindowManager( 1733): interceptKeyTq keycode=4 interactive=true keyguardActive=false policyFlags=6b000000 isCancled= false
07-05 21:54:58.055 D/WindowManager( 1733): interceptKeyTi keyCode=4 down=true repeatCount=0 keyguardOn=false mHomePressed=false canceled=false
07-05 21:54:58.055 D/WindowManager( 1733): Hisense systemkey event: 4
07-05 21:54:58.055 D/HisenseGlobalKeyManager( 1733): handleGlobalKey() : Global event = KeyEvent { action=ACTION_DOWN, keyCode=KEYCODE_BACK, scanCode=0, metaState=0, flags=0x400, repeatCount=0, eventTime=11739608, downTime=11739608, deviceId=-1, source=0x101 }
07-05 21:54:58.055 D/WindowManager( 1733): Performing fallback: KeyEvent { action=ACTION_DOWN, keyCode=KEYCODE_BACK, scanCode=0, metaState=0, flags=0x400, repeatCount=0, eventTime=11739608, downTime=11739608, deviceId=-1, source=0x101 }
07-05 21:54:58.067 D/SogouIME( 2203): [onKeyDown] keycode = 4 model = VIDAA_TV
07-05 21:54:58.067 E/SOGOUIME_JNI( 2203): reset
07-05 21:54:58.070 E/SOGOUIME_JNI( 2203): getCandidates
07-05 21:54:58.070 E/SOGOUIME_JNI( 2203): ime_get_uncommitted_length
07-05 21:54:58.070 E/SOGOUIME_JNI( 2203): getCandidates
07-05 21:54:58.070 D/SogouIME API( 2203): ==============num:32
07-05 21:54:58.070 E/SOGOUIME_JNI( 2203): ime_get_uncommitted_length
07-05 21:54:58.070 D/SogouIME( 2203): mFocusedComponent:30   isHkbEnable:false
07-05 21:54:58.071 E/SOGOUIME_JNI( 2203): ime_get_uncommitted_length
07-05 21:54:58.071 E/SOGOUIME_JNI( 2203): ime_get_committed_length
07-05 21:54:58.071 E/SOGOUIME_JNI( 2203): getComposingInfo
07-05 21:54:58.071 E/SOGOUIME_JNI( 2203): getComposingInfo
07-05 21:54:58.071 E/SOGOUIME_JNI( 2203): getCorrectInfo
07-05 21:54:58.071 E/SOGOUIME_JNI( 2203): getComposingInfo
07-05 21:54:58.072 I/DetailPlayActivity(12507): sunliqin,dispatchKeyEvent:get currnet focus:nullevent kecode4
07-05 21:54:58.074 D/GlobalInputEventMonitoringService( 1733): interceptKeyBeforeQueueing(), event:111, mNeedMonitorKeyEvent:true, mWaitForKeyUpEvent:false
07-05 21:54:58.074 D/GlobalInputEventMonitoringService( 1733): processKeyEvent(), processKeyEvent event:111
07-05 21:54:58.074 D/WindowManager( 1733): interceptKeyTq keycode=111 interactive=true keyguardActive=false policyFlags=2b000000 isCancled= false
07-05 21:54:58.075 D/WindowManager( 1733): interceptKeyTi keyCode=111 down=false repeatCount=0 keyguardOn=false mHomePressed=false canceled=false
07-05 21:54:58.075 D/WindowManager( 1733): Hisense systemkey event: 111
07-05 21:54:58.075 D/HisenseGlobalKeyManager( 1733): handleGlobalKey() : Global event = KeyEvent { action=ACTION_UP, keyCode=KEYCODE_ESCAPE, scanCode=0, metaState=0, flags=0x0, repeatCount=0, eventTime=11739608, downTime=11739608, deviceId=-1, source=0x101 }
07-05 21:54:58.111 I/MtaSDK  ( 3457): [pool-6-thread-1(137): null:-1] - http recv response status code:200, content length:29
07-05 21:54:58.113 I/DetailPlayActivity(12507): sunliqin,dispatchKeyEvent:get currnet focus:nullevent kecode111
07-05 21:54:58.114 D/WindowManager( 1733): Unhandled key: win=Window{2fb7ff70 u0 com.hisense.hicloud.edca/com.hisense.hicloud.edca.mediaplayer.activity.DetailPlayActivity}, action=1, flags=0, keyCode=111, scanCode=0, metaState=0, repeatCount=0, policyFlags=1795162112
07-05 21:54:58.114 D/WindowManager( 1733): Fallback: keyCode=4 metaState=0
07-05 21:54:58.114 D/WindowManager( 1733): interceptKeyTq keycode=4 interactive=true keyguardActive=false policyFlags=6b000000 isCancled= false
07-05 21:54:58.114 D/WindowManager( 1733): interceptKeyTi keyCode=4 down=false repeatCount=0 keyguardOn=false mHomePressed=false canceled=false
07-05 21:54:58.114 D/WindowManager( 1733): Hisense systemkey event: 4
07-05 21:54:58.114 D/HisenseGlobalKeyManager( 1733): handleGlobalKey() : Global event = KeyEvent { action=ACTION_UP, keyCode=KEYCODE_BACK, scanCode=0, metaState=0, flags=0x400, repeatCount=0, eventTime=11739608, downTime=11739608, deviceId=-1, source=0x101 }
07-05 21:54:58.114 D/WindowManager( 1733): Performing fallback: KeyEvent { action=ACTION_UP, keyCode=KEYCODE_BACK, scanCode=0, metaState=0, flags=0x400, repeatCount=0, eventTime=11739608, downTime=11739608, deviceId=-1, source=0x101 }
07-05 21:54:58.116 I/MtaSDK  ( 3457): [pool-6-thread-1(137): null:-1] - http get response data:{"ret":0}
07-05 21:54:58.117 I/DetailPlayActivity(12507): sunliqin,dispatchKeyEvent:get currnet focus:nullevent kecode4
07-05 21:54:58.119 D/OsdMonitorService( 1733): mCurrentWindow = com.hisense.hicloud.edca/com.hisense.hicloud.edca.mediaplayer.activity.DetailPlayActivity; newWindow = com.hisense.hicloud.edca/com.hisense.hicloud.edca.mediaplayer.activity.DetailPlayActivity; isSubWindow = false; isInWinList = false; isExitNow = false
07-05 21:54:58.119 D/OsdMonitorService( 1733): windowNotOsd() : name = com.hisense.hicloud.edca/com.hisense.hicloud.edca.mediaplayer.activity.DetailPlayActivity
07-05 21:54:58.119 I/OsdMonitorService( 1733): setOsdStatus() : status will change from true to true
07-05 21:54:58.120 I/UsageStatsService( 1733): paused component:com.hisense.hicloud.edca
07-05 21:54:58.120 V/UsageStatsService( 1733): Paused: 11739691   Component: com.hisense.hicloud.edca/com.hisense.hicloud.edca.mediaplayer.activity.DetailPlayActivity   Time: 1499262898120 LastSessionTime: 1099 CumulativeSessionTime: 4056837
07-05 21:54:58.120 D/UsageStatsService( 1733): UsageStats: broadcasting intent
07-05 21:54:58.120 W/ContextImpl( 1733): Calling a method in the system process without a qualified user: android.app.ContextImpl.sendBroadcast:1327 com.android.server.usage.UsageStatsService.insertUsageStats:1104 com.android.server.usage.UsageStatsService$PkgUsageStatsExtended.updatePause:979 com.android.server.usage.UsageStatsService$LocalService.notePauseComponent:808 com.android.server.am.ActivityManagerService.updateUsageStats:3173 
07-05 21:54:58.121 D/PowerManagerService( 1733): acquireWakeLockInternal: lock=681732318, flags=0x1, tag="ActivityManager-Launch", ws=null, uid=1000, pid=1733
07-05 21:54:58.121 D/PowerManagerNotifier( 1733): onWakeLockAcquired: flags=1, tag="ActivityManager-Launch", packageName=android, ownerUid=1000, ownerPid=1733, workSource=null
07-05 21:54:58.123 I/ReportService( 3281): Intent received, action = android.intent.action.INSERT
07-05 21:54:58.124 I/ReportService( 3281): modelName is VIDAA_TV
07-05 21:54:58.126 D/DetailPlayActivity(12507): ---------------------------onpause
07-05 21:54:58.128 E/til     ( 2026): [til_get_current_input_source, 101] 
07-05 21:54:58.128 I/TVMW@HsTvSetting( 1234): Trace cmd, data = 0x7007
07-05 21:54:58.128 I/tilwrapper@sm( 2026): HS2TIL_SourceType *hs=0xd, *til=0x900
07-05 21:54:58.128 D/til     ( 2026): get current source 2304
07-05 21:54:58.129 D/SourceRemoteServiceHandler( 2026): getCurrentInputSource.from.til.result is 0, value is 2304
07-05 21:54:58.129 D/SourceRemoteServiceHandler( 2026): getInputSourceType source: 0x900, type=2304
07-05 21:54:58.129 I/ReportService( 3281): getCurIntputSource2304
07-05 21:54:58.129 E/til     ( 2026): [til_get_current_input_source, 101] 
07-05 21:54:58.130 I/TVMW@HsTvSetting( 1234): Trace cmd, data = 0x7007
07-05 21:54:58.130 I/tilwrapper@sm( 2026): HS2TIL_SourceType *hs=0xd, *til=0x900
07-05 21:54:58.130 D/til     ( 2026): get current source 2304
07-05 21:54:58.130 D/SourceRemoteServiceHandler( 2026): getCurrentInputSource.from.til.result is 0, value is 2304
07-05 21:54:58.130 D/SourceRemoteServiceHandler( 2026): getInputSourceType source: 0x900, type=2304
07-05 21:54:58.130 I/ActivityManager( 1733): TR16) TaskRecord{3c089a67 #5200 A=com.hisense.hicloud.edca U=0 sz=2}
07-05 21:54:58.130 I/ActivityManager( 1733): TR15) TaskRecord{cd10cea #4980 A=com.jamdeo.launcher U=0 sz=1}
07-05 21:54:58.131 I/ReportService( 3281): siloName isnull
07-05 21:54:58.131 V/PackageManager( 1733): getPackageInfo com.hisense.hicloud.edca: Package{3fb3f3a1 com.hisense.hicloud.edca}
07-05 21:54:58.132 I/ReportService( 3281): HiReport string sent out is:1.5|3|86100300900000500000060a4818fca8|1499262897|1499262898|com.hisense.hicloud.edca|3.0.0.9.00|8
07-05 21:54:58.132 W/ReportService( 3281): enter InsertUserBehaviorDataReportTask  mUri = content://com.hisense.hitv.hicloud.log/loginput mContentValues = lastsessiondurationtime=1099 LOGVALUE=1.5|3|86100300900000500000060a4818fca8|1499262897|1499262898|com.hisense.hicloud.edca|3.0.0.9.00|8 operation=P time=1499262898120 package=com.hisense.hicloud.edca cumulativesessiondurationtime=4056837 versioncode=652 lastupdatetime=1499256171569 _id=null type=APPRUN component=com.hisense.hicloud.edca.mediaplayer.activity.DetailPlayActivity mContext == com.hisense.hireport.ReportService@3a75cda9mType == 95
07-05 21:54:58.133 I/ReportService( 3281): enter doInBackground*****
07-05 21:54:58.133 I/UsageStatsService( 1733): resumed component name is ComponentInfo{com.hisense.hicloud.edca/com.hisense.tvui.newhome.HomeMainActivity}
