07-05 23:53:26.822 D/NtpTrustedTime( 1733): currentTimeMillis() cache hit
07-05 23:53:26.823 D/NtpTrustedTime( 1733): currentTimeMillis() cache hit
07-05 23:53:26.823 D/NtpTrustedTime( 1733): currentTimeMillis() cache hit
07-05 23:53:26.824 D/PowerManagerService( 1733): releaseWakeLockInternal: lock=113832109 [NetworkStats], flags=0x0
07-05 23:53:26.824 D/PowerManagerNotifier( 1733): onWakeLockReleased: flags=1, tag="NetworkStats", packageName=android, ownerUid=1000, ownerPid=1733, workSource=null
07-05 23:53:26.847 I/MyFragmentStateAdapter(14014): getCount
07-05 23:53:26.878 V/SoftOMXPlugin( 1206): load component libstagefright_soft_aacdec.so for OMX.google.aac.decoder
07-05 23:53:26.885 E/OMXNodeInstance( 1206): setConfig(255:MS.AVC.Decoder, ConfigAutoFramerateConversion(0x6f800001)) ERROR: NotImplemented(0x80001006)
07-05 23:53:26.885 I/ACodec  ( 1206): codec does not support requested auto-frc (err -2147483648)
07-05 23:53:26.885 E/OMXNodeInstance( 1206): getExtensionIndex(255:MS.AVC.Decoder, OMX.google.android.index.storeMetaDataInBuffers) ERROR: BadParameter(0x80001005)
07-05 23:53:26.885 E/ACodec  ( 1206): [OMX.MS.AVC.Decoder] storeMetaDataInBuffers failed w/ err -2147483648
07-05 23:53:26.887 D/MS_OMX_VDEC( 1206): Allocate pBuffer[0]: 0xba8fc000
07-05 23:53:26.887 D/MS_OMX_VDEC( 1206): Allocate pBuffer[0]: 0xb9c03000
07-05 23:53:26.887 D/MS_OMX_VDEC( 1206): Allocate pBuffer[0]: 0xb5803000
07-05 23:53:26.887 D/MS_OMX_VDEC( 1206): Allocate pBuffer[0]: 0xd7403000
07-05 23:53:26.887 D/MS_OMX_VDEC( 1206): Allocate pBuffer[0]: 0xd2c03000
07-05 23:53:26.889 D/NuPlayer( 1206): rrrr audio decoder executing, canreset set true
07-05 23:53:26.890 E/OMXNodeInstance( 1206): setParameter(255:MS.AVC.Decoder, ParamPortDefinition(0x2000001)) ERROR: BadParameter(0x80001005)
07-05 23:53:26.890 W/ACodec  ( 1206): [OMX.MS.AVC.Decoder] setting nBufferCountActual to 6 failed: -2147483648
07-05 23:53:26.890 E/OMXNodeInstance( 1206): setParameter(255:MS.AVC.Decoder, ParamPortDefinition(0x2000001)) ERROR: BadParameter(0x80001005)
07-05 23:53:26.890 W/ACodec  ( 1206): [OMX.MS.AVC.Decoder] setting nBufferCountActual to 5 failed: -2147483648
07-05 23:53:26.890 D/gralloc ( 1204): allocate buffer from ION HEAP 0x1
07-05 23:53:26.890 D/gralloc ( 1204): allocate memory from system heap
07-05 23:53:26.891 I/SoftAAC2( 1206): Reconfiguring decoder: 0->44100 Hz, 0->2 channels
07-05 23:53:26.891 D/NuPlayer( 1206): rrrr audio decoder executing, canreset set true
07-05 23:53:26.892 I/dex2oat (14166): dex2oat took 4.303s (threads: 4) arena alloc=105KB java alloc=10MB native alloc=6MB free=9MB
07-05 23:53:26.896 D/gralloc ( 1204): allocate buffer from ION HEAP 0x1
07-05 23:53:26.896 D/gralloc ( 1204): allocate memory from system heap
07-05 23:53:26.898 D/NuPlayer( 1206): rrrr audio decoder executing, canreset set true
07-05 23:53:26.899 D/gralloc ( 1204): allocate buffer from ION HEAP 0x1
07-05 23:53:26.899 D/gralloc ( 1204): allocate memory from system heap
07-05 23:53:26.903 D/gralloc ( 1204): allocate buffer from ION HEAP 0x1
07-05 23:53:26.903 D/gralloc ( 1204): allocate memory from system heap
07-05 23:53:26.906 I/MSTAR_VDEC_API( 1206): Open Stream State: 11 0 0
07-05 23:53:26.906 I/apiMMAP ( 1206): get_info: E_MMAP_ID_VDEC_SUB_FRAMEBUFFER: not fount
07-05 23:53:26.906 W/MS_LOG  ( 1206): mmapInfo == NULL
07-05 23:53:26.906 I/MSTAR_VDEC_API( 1206): Open Stream Type: 0, pid=1206
07-05 23:53:26.907 I/MSTAR_VDEC_API( 1206): MApi_VDEC_EX_GetFreeStream bResult=1
07-05 23:53:26.907 I/MSTAR_VDEC_API( 1206): no stored streamIds
07-05 23:53:26.907 I/MSTAR_VDEC_API( 1206): no stored streamIds
07-05 23:53:26.907 I/MSTAR_VDEC_API( 1206): add StreamId: 0x4040
07-05 23:53:26.908 D/MSTAR_VDEC_API( 1206): pInitParam->SysConfig.u32CodeBufAddr = 80000000
07-05 23:53:26.908 D/MSTAR_VDEC_API( 1206): pInitParam->SysConfig.u32CodeBufSize = 2097152
07-05 23:53:26.908 D/MSTAR_VDEC_API( 1206): pInitParam->SysConfig.u32FrameBufAddr = 82c00000
07-05 23:53:26.908 D/MSTAR_VDEC_API( 1206): pInitParam->SysConfig.u32FrameBufSize = 167772160
07-05 23:53:26.908 D/MSTAR_VDEC_API( 1206): pInitParam->SysConfig.u32BitstreamBufAddr = 80200000
07-05 23:53:26.908 D/MSTAR_VDEC_API( 1206): pInitParam->SysConfig.u32BitstreamBufSize = 25165824
07-05 23:53:26.908 D/MSTAR_VDEC_API( 1206): pInitParam->SysConfig.u32DrvProcBufAddr = 80200000
07-05 23:53:26.908 D/MSTAR_VDEC_API( 1206): pInitParam->SysConfig.u32DrvProcBufSize = 524288
07-05 23:53:26.908 D/MSTAR_VDEC_API( 1206): FrameRate from demuxer: 0 0, 0 0
07-05 23:53:26.908 D/MSTAR_VDEC_API( 1206): pInitParam->VideoInfo.eTimeStampType = 0x3
07-05 23:53:26.912 D/        ( 1206): [VDEC][0] MApi_CMA_Pool_Init[0]: pool_handle_id=13, miu=1, offset=1c00000, length=c400000 , FrameBuffer=82c00000, unUseSize=1000000
07-05 23:53:26.949 W/PluginProviderBuilder(14014): createDexClassLoader() return dalvik.system.DexClassLoader[DexPathList[[zip file "/data/data/com.hisense.hicloud.edca/files/plugin/2.1.0.59986/pluginplayer/1.64.0.59984/pluginplayer-release-1.64.0.59984.apk"],nativeLibraryDirectories=[/vendor/lib, /system/lib]]]
07-05 23:53:26.952 W/ContextClassLoaderSwitcher(14014): ClassLoaderSwitcher doSwitch(com.hisense.hicloud.edca.BaseApplication@2adbac5c, dalvik.system.DexClassLoader[DexPathList[[zip file "/data/data/com.hisense.hicloud.edca/files/plugin/2.1.0.59986/pluginplayer/1.64.0.59984/pluginplayer-release-1.64.0.59984.apk"],nativeLibraryDirectories=[/vendor/lib, /system/lib]]])
07-05 23:53:26.953 W/ObjectMethodHolder(14014): >> invoke() mMethodName=getBaseContext, mCached=false, mCacheValue=true, mMethod=null
07-05 23:53:26.955 I/MyFragmentStateAdapter(14014): getCount
07-05 23:53:26.958 W/ObjectMethodHolder(14014): << invoke() mMethodName=getBaseContext, mCached=true, mCacheValue=true, mMethod=public android.content.Context android.content.ContextWrapper.getBaseContext() return android.app.ContextImpl{android.app.ContextImpl@137bac27}
07-05 23:53:26.959 W/ObjectMethodHolder(14014): >> invoke() mMethodName=getClassLoader, mCached=false, mCacheValue=true, mMethod=null
07-05 23:53:26.960 W/ObjectMethodHolder(14014): << invoke() mMethodName=getClassLoader, mCached=true, mCacheValue=true, mMethod=public java.lang.ClassLoader android.app.LoadedApk.getClassLoader() return dalvik.system.PathClassLoader{dalvik.system.PathClassLoader[DexPathList[[zip file "/data/app/com.hisense.hicloud.edca-2/base.apk"],nativeLibraryDirectories=[/data/app/com.hisense.hicloud.edca-2/lib/arm, /vendor/lib, /system/lib]]]}
07-05 23:53:26.960 W/PluginProviderBuilder(14014): createPluginContext() return /data/app/com.hisense.hicloud.edca-2/base.apk
07-05 23:53:26.983 D/        ( 1206): [VDEC][0] MApi_CMA_Pool_Init[1] Failed
07-05 23:53:26.983 D/        ( 1206): [VDEC][0][CMA]u32FrameBufSize is not 0
07-05 23:53:26.986 D/Player/PluginProvider@7465ed4(14014): [TID 14044] PluginProvider() new
07-05 23:53:26.986 W/AbsPluginProvider(14014): initialize<<(hostContext=com.hisense.hicloud.edca.BaseApplication@2adbac5c, context=com.qiyi.sdk.plugin.server.core.ContextProxy@35d3287d, params={lib_dir=/data/data/com.hisense.hicloud.edca/files/plugin/2.1.0.59986/pluginplayer/1.64.0.59984/pluginplayer-release-1.64.0.59984-libs, file_path=/data/data/com.hisense.hicloud.edca/files/plugin/2.1.0.59986/pluginplayer/1.64.0.59984/pluginplayer-release-1.64.0.59984.apk}, info=AppInfo(hostVersion=2.1.0.59986mHostAllowDebug=false))
07-05 23:53:26.986 D/Player/PluginProvider@7465ed4(14014): [TID 14044] onInitialize() lib path=/data/data/com.hisense.hicloud.edca/files/plugin/2.1.0.59986/pluginplayer/1.64.0.59984/pluginplayer-release-1.64.0.59984-libs
07-05 23:53:26.986 I/LogUtils(14014): [TID 14044] log is open
07-05 23:53:26.992 D/Player/PluginProvider@7465ed4(14014): [TID 14044] setupSdkFeature()
07-05 23:53:27.011 I/TVMW@devctrl( 1234): wdt
07-05 23:53:27.018 I/TVMW@HsTvSetting( 1234): Trace cmd, data = 0x1058
07-05 23:53:27.018 D/til@system( 2026): til_get_system_param option:100002F int:0, bool:0, ret:0
07-05 23:53:27.018 I/TVMW@HsTvSetting( 1234): Trace cmd, data = 0x101f
07-05 23:53:27.019 D/til@system( 2026): til_get_system_param option:100001D int:3, bool:3, ret:0
07-05 23:53:27.019 E/til     ( 2026): [til_get_current_input_source, 101] 
07-05 23:53:27.019 I/TVMW@HsTvSetting( 1234): Trace cmd, data = 0x7007
07-05 23:53:27.020 I/tilwrapper@sm( 2026): HS2TIL_SourceType *hs=0xd, *til=0x900
07-05 23:53:27.020 D/til     ( 2026): get current source 2304
07-05 23:53:27.020 D/SourceRemoteServiceHandler( 2026): getCurrentInputSource.from.til.result is 0, value is 2304
07-05 23:53:27.020 D/SourceRemoteServiceHandler( 2026): getInputSourceType source: 0x900, type=2304
07-05 23:53:27.020 D/til     ( 2026): ###### func:til_get_picture_param option:0x3000006 ######  
07-05 23:53:27.020 I/TVMW@HsTvSetting( 1234): Trace cmd, data = 0x1003
07-05 23:53:27.021 I/TVMW@HsTvSetting( 1234): Trace cmd, data = 0x8032
07-05 23:53:27.022 E/TVMW@videoctrl( 1234):  getOsd is 1
07-05 23:53:27.022 I/MiSysSrv( 1214): Not support now! 42, change to mm_video!!!
07-05 23:53:27.022 D/til@system( 2026): til_get_system_param option:1000027 int:1, bool:1, ret:0
07-05 23:53:27.022 D/til     ( 2026): ###### func:til_get_picture_param option:0x3000045 ######  
07-05 23:53:27.022 I/TVMW@HsTvSetting( 1234): Trace cmd, data = 0x300c
07-05 23:53:27.022 I/TVMW@HsTvSetting( 1234): Trace 3d, data = 0x300c
07-05 23:53:27.022 I/TVMW@3d ( 1234): Hs_debug3d_trace: func:get3dStatus, line:109
07-05 23:53:27.022 I/hstvos  ( 1216): [0m[1;33m[HSHAL][HS_VIDEO][HS_HAL_Video_SetOsdDetect_v2][2389]u16Threshold = 20
07-05 23:53:27.031 D/Carousel-SimpleVideoView(14014): speedKB=2297
07-05 23:53:27.031 D/Carousel-SimpleVideoView(14014): msg.arg1=1
07-05 23:53:27.073 D/PlayerSdk/PlayerSdkProject(14014): [TID 14044] >> beginInitialize
07-05 23:53:27.074 D/PlayerSdk/SdkConfigManager(14014): [TID 14044] setupConfig: context=com.qiyi.sdk.plugin.server.core.ContextProxy@35d3287d
07-05 23:53:27.074 W/ContextProxy(14014): getAssets() mAssetManager=android.content.res.AssetManager@3483ea35
07-05 23:53:27.075 D/PlayerSdk/SdkConfigManager(14014): [TID 14044] setupConfig: strEncrypted=VVVJRD0yMDE3MDQyNTExMzUzNzkxMmdlVEdXS0REMTE3MDIsQ1VTVE9NRVJfSUQ9NjAsUExBWUVSX0NPTkZJR19UWVBFPTQsUExBVEZPUk1fVFZBUEk9SEFJWElOLElTX1NVUFBPUlRfWUlOSEVfUElOR0JBQ0s9ZmFsc2UsSVNfRU5CQUxFX0gyNjU9ZmFsc2UsSVNfRU5BQkxFX0RPTEJZPWZhbHNlLElTX0VOQkFMRV80Sz0sSVNfRU5CQUxFX0RPTEJZX1ZJU0lPTj0sSVNfRU5CQUxFX0hEUjEwPSxJU19VU0VfVE1UU19MT0NBTF9TSUdOPWZhbHNlLElTX0dFVF9VVUlEX0ZST01fU0VSVkVSPXRydWUsQ0ROX0RJU1BBVENIX1BBUkFNPSxET01BSU5fTkFNRT1wdHF5LmdpdHYudHYsTkFUSVZFX1BMQVlFUl9CUkFORD1IaVNlbnNlLExPR0lOX1RZUEU9U1VCX0FDQ09VTlQsQ1VTVE9NRVJfUEFDS0FHRV9OQU1FPWNvbS5oaXNlbnNlLmhpY2xvdWQuZWRjYSxJU19ERUJVR19WRVJTSU9OPWZhbHNlLE5BVElWRV9QTEFZRVJfQ09ERUNUWVBFPSxQTEFZRVJfUExBVEZPUk09UF9IaXNlbnNlLEVOQUJMRV9TRVRfQklUU1RSRUFNPXRydWUsREVGQVVMVF9DRkdfQklUU1RSRUFNPSw=
07-05 23:53:27.083 I/System.out(14014): decode
07-05 23:53:27.083 W/ContextProxy(14014): getResources() mResources=android.content.res.Resources@1865083b
07-05 23:53:27.102 I/MyFragmentStateAdapter(14014): getCount
07-05 23:53:27.110 W/ContextProxy(14014): getResources() mResources=android.content.res.Resources@1865083b
07-05 23:53:27.118 I/System.out(14014): ok
07-05 23:53:27.120 I/System.out(14014): UUID=20170425113537912geTGWKDD11702,CUSTOMER_ID=60,PLAYER_CONFIG_TYPE=4,PLATFORM_TVAPI=HAIXIN,IS_SUPPORT_YINHE_PINGBACK=false,IS_ENBALE_H265=false,IS_ENABLE_DOLBY=false,IS_ENBALE_4K=,IS_ENBALE_DOLBY_VISION=,IS_ENBALE_HDR10=,IS_USE_TMTS_LOCAL_SIGN=false,IS_GET_UUID_FROM_SERVER=true,CDN_DISPATCH_PARAM=,DOMAIN_NAME=ptqy.gitv.tv,NATIVE_PLAYER_BRAND=HiSense,LOGIN_TYPE=SUB_ACCOUNT,CUSTOMER_PACKAGE_NAME=com.hisense.hicloud.edca,IS_DEBUG_VERSION=false,NATIVE_PLAYER_CODECTYPE=,PLAYER_PLATFORM=P_Hisense,ENABLE_SET_BITSTREAM=true,DEFAULT_CFG_BITSTREAM=,
07-05 23:53:27.120 I/System.out(14014): hook :UUID=20170425113537912geTGWKDD11702,CUSTOMER_ID=60,PLAYER_CONFIG_TYPE=4,PLATFORM_TVAPI=HAIXIN,IS_SUPPORT_YINHE_PINGBACK=false,IS_ENBALE_H265=false,IS_ENABLE_DOLBY=false,IS_ENBALE_4K=,IS_ENBALE_DOLBY_VISION=,IS_ENBALE_HDR10=,IS_USE_TMTS_LOCAL_SIGN=false,IS_GET_UUID_FROM_SERVER=true,CDN_DISPATCH_PARAM=,DOMAIN_NAME=ptqy.gitv.tv,NATIVE_PLAYER_BRAND=HiSense,LOGIN_TYPE=SUB_ACCOUNT,CUSTOMER_PACKAGE_NAME=com.hisense.hicloud.edca,IS_DEBUG_VERSION=false,NATIVE_PLAYER_CODECTYPE=,PLAYER_PLATFORM=P_Hisense,ENABLE_SET_BITSTREAM=true,DEFAULT_CFG_BITSTREAM=,
07-05 23:53:27.129 D/PlayerSdk/SdkConfig(14014): [TID 14044] initialize({PLAYER_PLATFORM=P_Hisense, NATIVE_PLAYER_BRAND=HiSense, CUSTOMER_ID=60, ENABLE_SET_BITSTREAM=true, IS_ENBALE_H265=false, UUID=20170425113537912geTGWKDD11702, IS_GET_UUID_FROM_SERVER=true, IS_DEBUG_VERSION=false, IS_ENABLE_DOLBY=false, CUSTOMER_PACKAGE_NAME=com.hisense.hicloud.edca, IS_USE_TMTS_LOCAL_SIGN=false, PLATFORM_TVAPI=HAIXIN, DOMAIN_NAME=ptqy.gitv.tv, LOGIN_TYPE=SUB_ACCOUNT, IS_SUPPORT_YINHE_PINGBACK=false, PLAYER_CONFIG_TYPE=4})
07-05 23:53:27.133 D/PlayerSdk/SdkConfig(14014): [TID 14044] initialize(), name=com.hisense.hicloud.edca
07-05 23:53:27.133 D/PlayerSdk/SdkConfig(14014): [TID 14044] initialize(),mCustomerPackageNames=[com.hisense.hicloud.edca]
07-05 23:53:27.133 D/SdkConfigUtils(14014): [TID 14044] parsePlatformType(HAIXIN)
07-05 23:53:27.133 D/SdkConfigUtils(14014): [TID 14044] parseLoginType(SUB_ACCOUNT)
07-05 23:53:27.134 D/SdkConfigUtils(14014): [TID 14044] parsePlayerPlatform(P_Hisense)
07-05 23:53:27.135 D/PlayerSdk/SdkConfigManager(14014): [TID 14044] setupConfig: mCurrentConfig=SdkConfig@1d4d4d96{mCustomerCode=60, mPlayerConfigType=4, mPlatformType=HAIXIN, mLoginType=SUB_ACCOUNT, mIsEnableDolby=false, mIsEnableH265=false, mIsEnable4K=true, mIsSupportYinhePingback=false, mShouldDoPlayCheck=true, mshouldGetUuidFromServer=true, mPingbackS1=2, mPingbackS2=simple_sdk, mPingbackP2=3128, mDomainName=ptqy.gitv.tv, mIsDebugVersion=false, mIsDebugVersion=false, mCustomerPackageNames=[com.hisense.hicloud.edca], mEnableSetBitstream=true}
07-05 23:53:27.164 E/HDMI_CEC( 1733): Send Message TO[5] 
07-05 23:53:27.165 E/HDMI_CEC( 1733): OP[0], <Feature Abort> 
07-05 23:53:27.165 E/HDMI_CEC( 1733): ========
07-05 23:53:27.169 I/MiSysSrv( 1214): [37m[INFO] Change to Voltage: 117 mv (0x32)[m
07-05 23:53:27.195 D/MediaHTTPConnection(14014): [Connection@494493414] getSize mTotalSize = 218840697
07-05 23:53:27.211 I/VideoCapabilities(14014): Unsupported profile 4 for video/mp4v-es
07-05 23:53:27.211 I/VideoCapabilities(14014): Unsupported profile 4 for video/mp4v-es
07-05 23:53:27.211 I/VideoCapabilities(14014): Unsupported profile 4 for video/mp4v-es
07-05 23:53:27.211 I/VideoCapabilities(14014): Unsupported profile 4 for video/mp4v-es
07-05 23:53:27.211 I/VideoCapabilities(14014): Unsupported profile 4 for video/mp4v-es
07-05 23:53:27.211 I/VideoCapabilities(14014): Unsupported profile 4 for video/mp4v-es
07-05 23:53:27.211 I/VideoCapabilities(14014): Unsupported profile 4 for video/mp4v-es
07-05 23:53:27.211 I/VideoCapabilities(14014): Unsupported profile 4 for video/mp4v-es
07-05 23:53:27.211 I/VideoCapabilities(14014): Unsupported profile 8 for video/mp4v-es
07-05 23:53:27.211 I/VideoCapabilities(14014): Unsupported profile 8 for video/mp4v-es
07-05 23:53:27.211 I/VideoCapabilities(14014): Unsupported profile 8 for video/mp4v-es
07-05 23:53:27.211 I/VideoCapabilities(14014): Unsupported profile 8 for video/mp4v-es
07-05 23:53:27.211 I/VideoCapabilities(14014): Unsupported profile 8 for video/mp4v-es
07-05 23:53:27.211 I/VideoCapabilities(14014): Unsupported profile 8 for video/mp4v-es
07-05 23:53:27.211 I/VideoCapabilities(14014): Unsupported profile 8 for video/mp4v-es
07-05 23:53:27.211 I/VideoCapabilities(14014): Unsupported profile 8 for video/mp4v-es
07-05 23:53:27.211 I/VideoCapabilities(14014): Unsupported profile 1024 for video/mp4v-es
07-05 23:53:27.211 I/VideoCapabilities(14014): Unsupported profile 1024 for video/mp4v-es
07-05 23:53:27.211 I/VideoCapabilities(14014): Unsupported profile 1024 for video/mp4v-es
07-05 23:53:27.211 I/VideoCapabilities(14014): Unsupported profile 1024 for video/mp4v-es
07-05 23:53:27.211 I/VideoCapabilities(14014): Unsupported profile 1024 for video/mp4v-es
07-05 23:53:27.211 I/VideoCapabilities(14014): Unsupported profile 1024 for video/mp4v-es
07-05 23:53:27.211 I/VideoCapabilities(14014): Unsupported profile 1024 for video/mp4v-es
07-05 23:53:27.213 I/VideoCapabilities(14014): Unsupported profile 1024 for video/mp4v-es
07-05 23:53:27.213 W/VideoCapabilities(14014): Unrecognized profile/level 32768/2 for video/mp4v-es
07-05 23:53:27.233 E/HDMI_CEC( 1733): MI_CEC_SendTxPolling, ErrCode[4] 
07-05 23:53:27.262 I/MyFragmentStateAdapter(14014): getCount
07-05 23:53:27.267 E/HDMI_CEC( 1733): Sending message can't be response. 
07-05 23:53:27.269 D/NativeDecimalFormat(14014): NativeDecimalFormat_close print addr=3997608192
07-05 23:53:27.269 D/NativeDecimalFormat(14014): NativeDecimalFormat_close print g_addr=4098419200
07-05 23:53:27.270 I/art     (14014): Background sticky concurrent mark sweep GC freed 45123(2MB) AllocSpace objects, 8(128KB) LOS objects, 5% free, 34MB/36MB, paused 13.358ms total 178.192ms
07-05 23:53:27.303 I/NetflixMonitorService( 1733): current fgapk : com.hisense.hicloud.edca
07-05 23:53:27.303 I/NetflixMonitorService( 1733): Netflix status unchanged
07-05 23:53:27.312 I/MyFragmentStateAdapter(14014): getCount
07-05 23:53:27.322 W/VideoCapabilities(14014): Unsupported mime video/mvc
07-05 23:53:27.326 W/VideoCapabilities(14014): Unsupported mime video/mpeg2
07-05 23:53:27.333 W/VideoCapabilities(14014): Unsupported mime video/divx3
07-05 23:53:27.336 W/VideoCapabilities(14014): Unsupported mime video/divx4
07-05 23:53:27.359 W/VideoCapabilities(14014): Unsupported mime video/flv
07-05 23:53:27.375 W/VideoCapabilities(14014): Unsupported mime video/VC1
07-05 23:53:27.379 I/MiSysSrv( 1214): [37m[INFO] Change to Voltage: 117 mv (0x32)[m
07-05 23:53:27.381 W/VideoCapabilities(14014): Unsupported mime video/wvc1
07-05 23:53:27.389 W/VideoCapabilities(14014): Unsupported mime video/wmv3
07-05 23:53:27.394 W/VideoCapabilities(14014): Unsupported mime video/mjpeg
07-05 23:53:27.399 I/MyFragmentStateAdapter(14014): getCount
07-05 23:53:27.419 W/VideoCapabilities(14014): Unsupported mime video/avs
07-05 23:53:27.431 W/VideoCapabilities(14014): Unsupported mime video/realvideo
07-05 23:53:27.451 I/MyFragmentStateAdapter(14014): getCount
07-05 23:53:27.469 I/MiSysSrv( 1214): [37m[INFO] Change to Voltage: 112 mv (0x2D)[m
07-05 23:53:27.473 W/AudioCapabilities(14014): Unsupported mime audio/mpeg-L1
07-05 23:53:27.473 W/AudioCapabilities(14014): Unsupported mime audio/mpeg-L2
07-05 23:53:27.496 I/MyFragmentStateAdapter(14014): getCount
07-05 23:53:27.503 W/AudioCapabilities(14014): Unsupported mime audio/adpcm
07-05 23:53:27.505 W/AudioCapabilities(14014): Unsupported mime audio/lpcm
07-05 23:53:27.515 W/AudioCapabilities(14014): Unsupported mime audio/cook
07-05 23:53:27.524 I/TVMW@HsTvSetting( 1234): Trace cmd, data = 0x1058
07-05 23:53:27.526 D/til@system( 2026): til_get_system_param option:100002F int:0, bool:0, ret:0
07-05 23:53:27.526 I/TVMW@HsTvSetting( 1234): Trace cmd, data = 0x101f
07-05 23:53:27.527 D/til@system( 2026): til_get_system_param option:100001D int:3, bool:3, ret:0
07-05 23:53:27.527 E/til     ( 2026): [til_get_current_input_source, 101] 
07-05 23:53:27.527 I/TVMW@HsTvSetting( 1234): Trace cmd, data = 0x7007
07-05 23:53:27.527 I/tilwrapper@sm( 2026): HS2TIL_SourceType *hs=0xd, *til=0x900
07-05 23:53:27.527 D/til     ( 2026): get current source 2304
07-05 23:53:27.527 D/SourceRemoteServiceHandler( 2026): getCurrentInputSource.from.til.result is 0, value is 2304
07-05 23:53:27.527 D/SourceRemoteServiceHandler( 2026): getInputSourceType source: 0x900, type=2304
07-05 23:53:27.528 D/til     ( 2026): ###### func:til_get_picture_param option:0x3000006 ######  
07-05 23:53:27.528 I/TVMW@HsTvSetting( 1234): Trace cmd, data = 0x1003
07-05 23:53:27.529 I/TVMW@HsTvSetting( 1234): Trace cmd, data = 0x8032
07-05 23:53:27.529 I/hstvos  ( 1216): [0m[1;33m[HSHAL][HS_VIDEO][HS_HAL_Video_SetOsdDetect_v2][2389]u16Threshold = 20
07-05 23:53:27.529 I/MiSysSrv( 1214): Not support now! 42, change to mm_video!!!
07-05 23:53:27.529 E/TVMW@videoctrl( 1234):  getOsd is 1
07-05 23:53:27.529 E/TVMW@videoctrl( 1234): hs_mw_videoctrl.cpp getOsdShow result is        1
07-05 23:53:27.530 D/til@system( 2026): til_get_system_param option:1000027 int:1, bool:1, ret:0
07-05 23:53:27.530 D/til     ( 2026): ###### func:til_get_picture_param option:0x3000045 ######  
07-05 23:53:27.530 I/TVMW@HsTvSetting( 1234): Trace cmd, data = 0x300c
07-05 23:53:27.530 I/TVMW@HsTvSetting( 1234): Trace 3d, data = 0x300c
07-05 23:53:27.530 I/TVMW@3d ( 1234): Hs_debug3d_trace: func:get3dStatus, line:109
07-05 23:53:27.531 W/AudioCapabilities(14014): Unsupported mime audio/x-ms-wma
07-05 23:53:27.532 W/AudioCapabilities(14014): Unsupported mime audio/ac3
07-05 23:53:27.532 W/AudioCapabilities(14014): Unsupported mime audio/ac3p
07-05 23:53:27.535 W/AudioCapabilities(14014): Unsupported mime audio/eac3
07-05 23:53:27.536 W/AudioCapabilities(14014): Unsupported mime audio/dts
07-05 23:53:27.538 D/Carousel-SimpleVideoView(14014): speedKB=2395
07-05 23:53:27.538 D/Carousel-SimpleVideoView(14014): msg.arg1=1
07-05 23:53:27.542 W/AudioCapabilities(14014): Unsupported mime audio/dts-hd
07-05 23:53:27.542 W/AudioCapabilities(14014): Unsupported mime audio/dts-lbr
07-05 23:53:27.544 W/AudioCapabilities(14014): Unsupported mime audio/dra
07-05 23:53:27.549 D/NativeDecimalFormat( 7859): NativeDecimalFormat_close print addr=4000269568
07-05 23:53:27.549 D/NativeDecimalFormat( 7859): NativeDecimalFormat_close print g_addr=3691624704
07-05 23:53:27.549 D/NativeDecimalFormat( 7859): NativeDecimalFormat_close print addr=4000270336
07-05 23:53:27.549 D/NativeDecimalFormat( 7859): NativeDecimalFormat_close print g_addr=3691624704
07-05 23:53:27.549 D/NativeDecimalFormat( 7859): NativeDecimalFormat_close print addr=4000272640
07-05 23:53:27.549 D/NativeDecimalFormat( 7859): NativeDecimalFormat_close print g_addr=3691624704
07-05 23:53:27.549 D/NativeDecimalFormat( 7859): NativeDecimalFormat_close print addr=4000273408
07-05 23:53:27.549 D/NativeDecimalFormat( 7859): NativeDecimalFormat_close print g_addr=3691624704
07-05 23:53:27.549 D/NativeDecimalFormat( 7859): NativeDecimalFormat_close print addr=3691620864
07-05 23:53:27.549 D/NativeDecimalFormat( 7859): NativeDecimalFormat_close print g_addr=3691624704
07-05 23:53:27.549 D/NativeDecimalFormat( 7859): NativeDecimalFormat_close print addr=3691621632
07-05 23:53:27.549 D/NativeDecimalFormat( 7859): NativeDecimalFormat_close print g_addr=3691624704
07-05 23:53:27.549 D/NativeDecimalFormat( 7859): NativeDecimalFormat_close print addr=3691623936
07-05 23:53:27.549 D/NativeDecimalFormat( 7859): NativeDecimalFormat_close print g_addr=3691624704
07-05 23:53:27.549 D/NativeDecimalFormat( 7859): NativeDecimalFormat_close print addr=3691624704
07-05 23:53:27.549 D/NativeDecimalFormat( 7859): NativeDecimalFormat_close print g_addr=3691624704
07-05 23:53:27.550 D/        ( 1206): [VDEC][0]MApi_CMA_Pool_GetMem0: alloc_param.pool_handle_id=13, alloc_param.flags=4, alloc_param.offset_in_pool=1000000, alloc_param.length=8200000
07-05 23:53:27.550 E/        ( 1206): [HVD][ERR]MDrv_HVD_EX_PreSetVdecFeature:
07-05 23:53:27.550 E/        ( 1206): MDrv_HVD_EX_PreSetVdecFeature 0x0
07-05 23:53:27.559 D/MSTAR_VDEC_API( 1206): Demuxer Frame Rate = 0 0
07-05 23:53:27.559 I/apiMMAP ( 1206): get_info: E_MMAP_ID_VDEC_FRAMEBUFFER_BALANCE_BW: not fount
07-05 23:53:27.559 W/MS_LOG  ( 1206): mmapInfo == NULL
07-05 23:53:27.563 D/NuPlayer( 1206): rrrr video decoder executing, canreset set true
07-05 23:53:27.563 D/NuPlayer( 1206): rrrr video decoder executing, canreset set true
07-05 23:53:27.570 I/MiSysSrv( 1214): [37m[INFO] Change to Voltage: 117 mv (0x32)[m
07-05 23:53:27.578 D/MSTAR_VDEC_API( 1206): u32SHMAddr = 0x800cfa00, u8DataOnMIU = 0x1
07-05 23:53:27.578 D/MSTAR_VDEC_API( 1206): u8AspectRate = 0x1, u32AspectWidth = 1920, u32AspectHeight = 1080
07-05 23:53:27.578 D/MSTAR_VDEC_API( 1206): phyVsyncBridgeExtAddr = 0x800d0000, u8DataOnMIU = 0x1, W/H [1920/1088] CROP = [0 0 0 8]
07-05 23:53:27.578 D/MSTAR_VDEC_API( 1206): [0] Free Backup Config Data
07-05 23:53:27.596 I/MyFragmentStateAdapter(14014): getCount
07-05 23:53:27.599 W/AudioCapabilities(14014): Unsupported mime audio/x-ape
07-05 23:53:27.602 W/AudioCapabilities(14014): Unsupported mime audio/ffmpeg
07-05 23:53:27.609 D/MSTAR_VDEC_DBG( 1206): Stream ID: 0, Rate : 0 (E:0,D:0,S:0,F:5) 
07-05 23:53:27.610 V/NuPlayer( 1206): [kWhatVideoNotify] nuplayerdecoder return kWhatVideoSizeChanged
07-05 23:53:27.610 V/NuPlayer( 1206): Video output format changed to 1920 x 1088 (crop: 1920 x 1080 @ (0, 0))
07-05 23:53:27.610 V/NuPlayer( 1206): updateVideoSize::rotationDegrees=0
07-05 23:53:27.611 V/NuPlayer( 1206): media rendering started
07-05 23:53:27.611 E/BufferQueueProducer( 1204): fromProcess: /system/bin/mediaserver
07-05 23:53:27.611 D/vsyncbridge( 1204): vsync_bridge_render_frame: [0]switch not on !
07-05 23:53:27.612 W/AudioCapabilities(14014): Unsupported mime audio/ac3
07-05 23:53:27.612 D/vsyncbridge( 1204): Display Path INIT BEGIN
07-05 23:53:27.617 W/AudioCapabilities(14014): Unsupported mime audio/mpeg-L2
07-05 23:53:27.625 D/hwcomposer( 1204): Overlay[0], bInUsed = 1, bIsForceClose = 0
07-05 23:53:27.625 D/vsyncbridge( 1204): [0] handle_thread thread got msg 0x1, mState = 0
07-05 23:53:27.625 D/vsyncbridge( 1204): Overlay 0 state change from 0 to 1
07-05 23:53:27.625 D/vsyncbridge( 1204): Init Overlay 0
07-05 23:53:27.625 V/RMClient( 1204): #248:RMClient
07-05 23:53:27.625 V/RMClient( 1204): #247:~RMClient
07-05 23:53:27.625 V/RMClient( 1204): #247:RMClient::returnAllResourcesAsync
07-05 23:53:27.627 V/RMClientListener( 1204): ~RMClientListener
07-05 23:53:27.627 V/RMClient( 1204): #248:requestResourceAsync
07-05 23:53:27.627 D/vsyncbridge( 1204): Wrapper_connect IN.
07-05 23:53:27.632 I/MiSysSrv( 1214): none MI_DBG_LVL_L in PROC_CMD_LINE!
07-05 23:53:27.632 I/MiSysSrv( 1214): none MI_DBG_LVL_H in PROC_CMD_LINE!
07-05 23:53:27.632 I/MiSysSrv( 1214): [1;32m[MI INFO]:_MI_HWCAPS_UpdateVideoCaps[574]: [HWCAPS]:Info: video caps has been updated!
07-05 23:53:27.632 I/MiSysSrv( 1214): [0m[1;31m[MI ERR ]: _MI_Video_CB_Task[239]: g_VideoEvt = NULL!
07-05 23:53:27.634 E/MiDispoutService( 1465): MiDispoutGetHandle, 779, IMPL Handle = 1146028032 
07-05 23:53:27.635 I/MiSysSrv( 1214): [0m~~~~> _MI_ATOM_DISPOUT_GetDeviceObject(): [IN]u32DeviceType={0},[IN]u32DeviceId={0}
07-05 23:53:27.635 I/MiSysSrv( 1214): ~~~~> _MI_ATOM_DISPOUT_GetDeviceObject(): [IN]_astDispoutObj[0]={0, 0}
07-05 23:53:27.635 I/MiVideoService( 1465): impl handle 0x86001b22 opened!
07-05 23:53:27.636 I/MiSysSrv( 1214): [mapi_video_base@Line 1270] Initialize:1270 Video Init : Win Change[0->0], Source Change[42->34]
07-05 23:53:27.636 I/MiSysSrv( 1214): [Hal_SC_mux_dispatch][607]src_port=100, dest_port=1
07-05 23:53:27.637 V/RMClient( 1204): #248:onMessageReceived creq
07-05 23:53:27.637 V/RMClient( 1204): #248:kWhatCmdResourceRequest
07-05 23:53:27.637 D/hwcomposer( 1204): lastVideoPlanes is dirty
07-05 23:53:27.637 D/hwcomposer( 1204): lastHWWindowInfo is dirty
07-05 23:53:27.638 V/RMAllocator( 1198): handleRequest
07-05 23:53:27.638 V/RMClient( 1204): #248:Done
07-05 23:53:27.638 V/RMAllocator( 1198): handleRequest new ClientInfo, client=2382853312 id=248
07-05 23:53:27.640 I/RMAllocator( 1198): ClientInfo this=2378256608, mRMClient=2382853312. id=248
07-05 23:53:27.640 V/RMAllocator( 1198): handleRequest new ClientInfo=2378256608, client=2382853312 id=248
07-05 23:53:27.640 D/TVEmuRMService_main( 1198): type =14 , pip=0 
07-05 23:53:27.640 D/TVEmuRMService_main( 1198): pip disable path 
07-05 23:53:27.640 V/RMAllocator( 1198): allocateResources
07-05 23:53:27.640 V/RMAllocator( 1198): allocateOneResource
07-05 23:53:27.640 V/RMClient( 1204): #248:handleRequestDone
07-05 23:53:27.640 V/RMClient( 1204): #248:onMessageReceived ldon
07-05 23:53:27.640 V/RMClient( 1204): #248:kWhatRequestDone
07-05 23:53:27.640 D/vsyncbridge( 1204): handleRequestDone: mOverlayID = 0, mState = 0x1
07-05 23:53:27.640 V/RMClient( 1204): #248:Done
07-05 23:53:27.644 I/MiSysSrv( 1214): ???????? Warning,The MMAP ID(E_MMAP_ID_XC_MAIN_FB) does not existed.
07-05 23:53:27.644 I/MiSysSrv( 1214): ???????? please add in your mmap or ignore this message.
07-05 23:53:27.645 I/MiSysSrv( 1214): [XC,SetWindow][msAPI_Scaler_Field_Detect, 2051] DTV [XC,SetWindow][msAPI_Scaler_Field_Detect, 2064] -> Progressive
07-05 23:53:27.650 E/vsyncbridge( 1204): MI_V3D_GetHandle().
07-05 23:53:27.650 D/vsyncbridge( 1204): Sucess to MI_V3D_RegisterCallback(). event flags : 2 
07-05 23:53:27.650 E/vsyncbridge( 1204): Sucess to MI_V3D_RegisterCallback(). event flags : 1 
07-05 23:53:27.651 E/vsyncbridge( 1204): MI_V3D_GetHandle().
07-05 23:53:27.654 D/vsyncbridge( 1204): 3D disable, DS should on.
07-05 23:53:27.666 V/MediaPlayer-JNI(14014): getVideoWidth: 1920
07-05 23:53:27.666 V/MediaPlayer-JNI(14014): getVideoHeight: 1080
07-05 23:53:27.674 D/vsyncbridge( 1204): [0] handle_thread thread got msg 0x1, mState = 1
07-05 23:53:27.674 D/vsyncbridge( 1204): Overlay 0 state change from 1 to 2
07-05 23:53:27.675 D/vsyncbridge( 1204): enWin=0, enCodecType=11, miu=1, frameRate=24000, interlace=0, Hsize=1920, Vsize=1088, {0, 0, 0, 8}
07-05 23:53:27.675 D/vsyncbridge( 1204): win.x = 549, win.y = 205, win.width = 816, win.height = 460, [1920, 1080] apptype = 0
07-05 23:53:27.675 E/vsyncbridge( 1204): MI_V3D_GetHandle().
07-05 23:53:27.675 D/vsyncbridge( 1204): 3D disable, DS should on.
07-05 23:53:27.675 D/vsyncbridge( 1204): V3d is Opened.
07-05 23:53:27.675 D/vsyncbridge( 1204): Current 3D format = 0, PIPMode = 0
07-05 23:53:27.675 D/vsyncbridge( 1204): Wrapper_Video_setMode 0, DS: 1 , 3D: 0 
07-05 23:53:27.675 I/vsyncbridge( 1204): Skip 4K2K Pannel setting .
07-05 23:53:27.680 E/IMiDisplay( 1466): MI_Display_CtrlType_e:1
07-05 23:53:27.680 I/MiSysSrv( 1214): [1;31m[MI ERR ]: MI_ATOM_DISPLAY_SetMmMode[4724]: MI_ATOM_DISPLAY_SetMmMode CodecType=11, MIU=1, FrameRate=24000, Interlace=0, HSize=3840, VSize=2160, top=0, bot=8, left=0, right=0,pVideo=0xe6d01248
07-05 23:53:27.680 I/MiSysSrv( 1214): [0m[mapi_video_base@Line 3917] m_bSetMode=1 this=0xe6d01248
07-05 23:53:27.682 E/IMiDisplay( 1465): Invalid MI_Display_CtrlType_e:1
07-05 23:53:27.682 E/IMiDisplay( 1465): Invalid MI_Display_CtrlType_e:4
07-05 23:53:27.686 I/MiSysSrv( 1214): [1;31m[MI ERR ]: _MI_VIDEO_SetMmMvopMode[4639]: CodecType=11, MIU=1, FrameRate=24000, Interlace=0, HSize=3840, VSize=2160, top=0, bot=8, left=0, right=0,pVideo=0xe010d4c8
07-05 23:53:27.687 I/MiSysSrv( 1214): [0m->u16FrameRate = 24000
07-05 23:53:27.687 I/MiSysSrv( 1214): ->u8Interlace = 0
07-05 23:53:27.687 I/MiSysSrv( 1214): ->u16HorSize = 3840
07-05 23:53:27.687 I/MiSysSrv( 1214): ->u16VerSize = 2160
07-05 23:53:27.687 I/MiSysSrv( 1214): [Warning] xc support pVOPTiming->u16H_TotalCount >= 4095 after CL 712830
07-05 23:53:27.691 I/MiSysSrv( 1214): SetMmMvopMode,1479
07-05 23:53:27.692 E/IMiDisplay( 1466): MI_Display_CtrlType_e:2
07-05 23:53:27.692 E/IMiDisplay( 1465): Invalid MI_Display_CtrlType_e:2
07-05 23:53:27.693 D/vsyncbridge( 1204): int Wrapper_Video_setMode(MS_VideoInfo*, int) @ line: 914: Enter Start ds.
07-05 23:53:27.694 D/vsyncbridge( 1204): vsync_bridge_CalAspectRatio type = 0
07-05 23:53:27.694 D/vsyncbridge( 1204): panel [3840 2160] osd [1920 1080] ratio [2.000000 2.000000]
07-05 23:53:27.694 D/vsyncbridge( 1204): apply ratio, x=1098, y=410, width=1632, height=920
07-05 23:53:27.694 D/vsyncbridge( 1204): disp_old[1098 410 2730 1330], disp_new[1098 410 2730 1330], crop[0 0 1920 1080]
07-05 23:53:27.694 D/vsyncbridge( 1204): Wrapper_Video_setXCWin IN.
07-05 23:53:27.694 D/vsyncbridge( 1204): Wrapper_Video_setXCWin 0
07-05 23:53:27.695 D/PowerManagerService( 1733): acquireWakeLockInternal: lock=113832109, flags=0x1, tag="NetworkStats", ws=null, uid=1000, pid=1733
07-05 23:53:27.695 D/PowerManagerNotifier( 1733): onWakeLockAcquired: flags=1, tag="NetworkStats", packageName=android, ownerUid=1000, ownerPid=1733, workSource=null
07-05 23:53:27.695 D/NtpTrustedTime( 1733): currentTimeMillis() cache hit
07-05 23:53:27.697 I/MiSysSrv( 1214): [leon.luo]EnableVideoMute = 1,enColor = 5
07-05 23:53:27.704 D/NtpTrustedTime( 1733): currentTimeMillis() cache hit
07-05 23:53:27.710 D/NtpTrustedTime( 1733): currentTimeMillis() cache hit
07-05 23:53:27.710 D/NtpTrustedTime( 1733): currentTimeMillis() cache hit
07-05 23:53:27.710 D/PowerManagerService( 1733): releaseWakeLockInternal: lock=113832109 [NetworkStats], flags=0x0
07-05 23:53:27.710 D/PowerManagerNotifier( 1733): onWakeLockReleased: flags=1, tag="NetworkStats", packageName=android, ownerUid=1000, ownerPid=1733, workSource=null
07-05 23:53:27.720 I/Carousel-UrlVideoView(14014): onMeasure(MeasureSpec: EXACTLY 816, MeasureSpec: EXACTLY 460)
07-05 23:53:27.720 D/Carousel-UrlVideoView(14014): widthSpecMode=1073741824
07-05 23:53:27.720 D/Carousel-UrlVideoView(14014): heightSpecMode=1073741824
07-05 23:53:27.720 D/Carousel-UrlVideoView(14014): widthSpecSize=816
07-05 23:53:27.720 D/Carousel-UrlVideoView(14014): heightSpecSize=460
07-05 23:53:27.720 I/Carousel-UrlVideoView(14014): onMeasure(MeasureSpec: EXACTLY 816, MeasureSpec: EXACTLY 460)
07-05 23:53:27.720 D/Carousel-UrlVideoView(14014): widthSpecMode=1073741824
07-05 23:53:27.720 D/Carousel-UrlVideoView(14014): heightSpecMode=1073741824
07-05 23:53:27.720 D/Carousel-UrlVideoView(14014): widthSpecSize=816
07-05 23:53:27.720 D/Carousel-UrlVideoView(14014): heightSpecSize=460
07-05 23:53:27.723 V/MediaPlayer-JNI(14014): getCurrentPosition: 100 (msec)
07-05 23:53:27.723 V/MediaPlayer-JNI(14014): isPlaying: 1
07-05 23:53:27.742 I/MiSysSrv( 1214): [1;31m<<<_MI_DISPLAY_CheckPointToPoint[4883] checkPointToPointCondition: not support. 
07-05 23:53:27.743 D/vsyncbridge( 1204): DisplayWindow (1098 410) 1632 X 920.
07-05 23:53:27.743 I/MiSysSrv( 1214): [0m[1;31m<<<_MI_DISPLAY_CheckPointToPoint[4883] checkPointToPointCondition: not support. 
07-05 23:53:27.743 I/MiSysSrv( 1214): [0m[mapi_video_base@Line 1557] Lock window enabled @ x,y,w,h=1098,410,1632,920
07-05 23:53:27.744 I/hstvos  ( 1216): [0m[1;36m[mif][VIDEO_FW][_Mif_Video_Window_Callback][460]_Mif_Video_Window_Callback u32EventFlags: 65536, width: 1632, height: 920
07-05 23:53:27.744 W/        ( 1204): no callback function match handle 0x3e20700,
07-05 23:53:27.744 E/MiDisplay( 1204): ERROR pstCallbackParams.
07-05 23:53:27.745 I/MiSysSrv( 1214): Obtain XC engine fail
07-05 23:53:27.745 I/MiSysSrv( 1214): [mapi_video_base@Line 2043] CropWin assigned: x,y,w,h=0,0,1920,1080
07-05 23:53:27.745 I/MiSysSrv( 1214): [leon.luo]m_bHdmiTxType = 0,m_bHdmiTxEnable =0
07-05 23:53:27.745 I/MiSysSrv( 1214): [mapi_video_base@Line 2096] DstWin Locked: x,y,w,h=1098,410,1632,920
07-05 23:53:27.745 I/MiSysSrv( 1214): [mapi_video_base@Line 2198] SrcWin1[Win=0]: x,y,w,h=1105,30,3840,2152
07-05 23:53:27.745 I/MiSysSrv( 1214): [mapi_video_base@Line 2199] CropWin1: x,y,w,h=0,0,1920,1080
07-05 23:53:27.745 I/MiSysSrv( 1214): [mapi_video_base@Line 2200] DispWin1: x,y,w,h=1098,410,1632,920
07-05 23:53:27.746 I/MiSysSrv( 1214): [mapi_video_base@Line 2279] CropWin1.1: x,y,w,h=0,0,1920,1080
07-05 23:53:27.746 I/MiSysSrv( 1214): === open 3D OverScan ===
07-05 23:53:27.746 I/MiSysSrv( 1214): [mapi_video_base@Line 2281] CropWin1.2: x,y,w,h=0,0,1920,1080
07-05 23:53:27.746 I/MiSysSrv( 1214): [mapi_video_base@Line 2285] SrcWin2: x,y,w,h=1105,30,3840,2152
07-05 23:53:27.746 I/MiSysSrv( 1214): [mapi_video_base@Line 2286] CropWin2: x,y,w,h=0,0,1920,1080
07-05 23:53:27.746 I/MiSysSrv( 1214): [mapi_video_base@Line 2287] DispWin2: x,y,w,h=1098,410,1632,920
07-05 23:53:27.746 I/MiSysSrv( 1214): [mapi_video_base@Line 2384] SrcWin3: x,y,w,h=1105,30,3840,2152
07-05 23:53:27.746 I/MiSysSrv( 1214): [mapi_video_base@Line 2385] CropWin3: x,y,w,h=0,0,1920,1080
07-05 23:53:27.746 I/MiSysSrv( 1214): [mapi_video_base@Line 2386] DispWin3: x,y,w,h=1098,410,1632,920
07-05 23:53:27.746 I/MiSysSrv( 1214): [leon.luo]m_bHdmiTxType = 0,m_bHdmiTxEnable =0
07-05 23:53:27.746 I/MiSysSrv( 1214): [mapi_video_base@Line 2575] SrcWin5[Win=0]: x,y,w,h=1105,30,3840,2152
07-05 23:53:27.746 I/MiSysSrv( 1214): [mapi_video_base@Line 2576] CropWin5: x,y,w,h=0,0,1920,1080
07-05 23:53:27.746 I/MiSysSrv( 1214): [mapi_video_base@Line 2577] DispWin5: x,y,w,h=1098,410,1632,920
07-05 23:53:27.746 I/MiSysSrv( 1214): [mapi_video_base@Line 2609][MOVEWINDOW] m_stCurWinInfo={34, {1105,30,3840,2152},
07-05 23:53:27.746 I/MiSysSrv( 1214):         {1098,410,1632,920}, {0,0,1920,1080},    0,0,240,2205,0,0,
07-05 23:53:27.746 I/MiSysSrv( 1214):         0,0,0,0,0,0,    0,   1,3840,3840,1,2160,2160,0}
07-05 23:53:27.746 I/MiSysSrv( 1214): [mapi_video_base@Line 2620][MOVEWINDOW] m_stPrevXCSetWinInfo={0, {0,0,0,0},
07-05 23:53:27.746 I/MiSysSrv( 1214):         {0,0,0,0}, {0,0,0,0},    0,0,0,0,0,0,
07-05 23:53:27.746 I/MiSysSrv( 1214):         0,0,0,0,0,0,    0,   0,0,0,0,0,0,0}
07-05 23:53:27.746 I/MiSysSrv( 1214): [mapi_video_base@Line 2625][MOVEWINDOW] SetXcWindow input Source  change
07-05 23:53:27.746 I/MiSysSrv( 1214): [mapi_video_base@Line 2633][MOVEWINDOW] SetXcWindow Capture Window  change
07-05 23:53:27.746 I/MiSysSrv( 1214): [mapi_video_base@Line 2642][MOVEWINDOW] SetXCWindow Crop Window  change
07-05 23:53:27.746 I/MiSysSrv( 1214): [mapi_video_base@Line 2649][MOVEWINDOW] SetXCWindow Display Size Window  change
07-05 23:53:27.746 I/MiSysSrv( 1214): [mapi_video_base@Line 2671][MOVEWINDOW] SetXCWindow Scaling Timing change
07-05 23:53:27.746 I/MiSysSrv( 1214): [mapi_video_base@Line 2696][MOVEWINDOW] SetXCWindow Post CusScaling change
07-05 23:53:27.751 I/MiSysSrv( 1214): [XC,LPLL][MApi_SC_ForceFreerun_U2, 1511] MApi_SC_ForceFreerun = 0
07-05 23:53:27.751 I/MiSysSrv( 1214): [mapi_video_base@Line 2776][MOVEWINDOW] SetXCWindow  Reset
07-05 23:53:27.751 I/MiSysSrv( 1214): [mapi_video_base@Line 8253] Window is main, overscan is false, aspect ratio isn't DotByDot, input source is storage.
07-05 23:53:27.751 I/MiSysSrv( 1214): [mapi_video_base@Line 8259] P2P or MM: Pixel shift direction is none.
07-05 23:53:27.751 I/MiSysSrv( 1214): [XC,SetWindow][_MApi_XC_SetWindow, 3948] ============= SetWindow Start (Window : 0, src: 34) =============
07-05 23:53:27.751 I/MiSysSrv( 1214): [XC,SetWindow][_MApi_XC_SetWindow, 3949] CapWin  x: 1105  y:   30  w: 3840  h: 2152 
07-05 23:53:27.751 I/MiSysSrv( 1214): [XC,SetWindow][_MApi_XC_SetWindow, 3950] CropWin x:    0  y:    0  w: 1920  h: 1080 
07-05 23:53:27.751 I/MiSysSrv( 1214): [XC,SetWindow][_MApi_XC_SetWindow, 3951] DispWin x: 1208  y:  410  w: 1632  h:  920 
07-05 23:53:27.751 I/MiSysSrv( 1214): [XC,SetWindow][_MApi_XC_SetWindow, 3956] Panel   x:  110  y:    0  w: 3840  h: 2160 
07-05 23:53:27.751 I/MiSysSrv( 1214): [XC,SetWindow][_MApi_XC_SetWindow, 3957] Mirror/Interlace/Hdup = 0/0/0
07-05 23:53:27.751 I/MiSysSrv( 1214): [XC,SetWindow][_MApi_XC_SetWindow, 3958] H/V total = (0, 2205), VFreq = 240
07-05 23:53:27.751 I/MiSysSrv( 1214): [XC,SetWindow][_MApi_XC_SetWindow, 3959] Pre  H cus scaling 1 (3840 -> 3840)
07-05 23:53:27.751 I/MiSysSrv( 1214): [XC,SetWindow][_MApi_XC_SetWindow, 3960] Pre  V cus scaling 1 (2160 -> 2160)
07-05 23:53:27.751 I/MiSysSrv( 1214): [XC,SetWindow][_MApi_XC_SetWindow, 3961] Post H cus scaling 0 (0 -> 0)
07-05 23:53:27.751 I/MiSysSrv( 1214): [XC,SetWindow][_MApi_XC_SetWindow, 3962] Post V cus scaling 0 (0 -> 0)
07-05 23:53:27.751 I/MiSysSrv( 1214): [XC,SetWindow][_MApi_XC_SetWindow, 4003] [_MApi_XC_SetWindow, 4003][CMA], bIsGetCMA[self]=1 bIsGetCMA[cobuff]=0 
07-05 23:53:27.751 I/MiSysSrv( 1214): [XC,SetWindow][_MApi_XC_SetWindow, 4004] [_MApi_XC_SetWindow, 4004][CMA], au32CMAMemSCMSize[self]=0 au32CMAMemSCMSize[cobuff]=0 u32DualMiuMemSize=0
07-05 23:53:27.751 I/MiSysSrv( 1214): [XC,SetWindow][_MApi_XC_SetWindow, 4005] [_MApi_XC_SetWindow, 4005][CMA], u32PreCMAMemSCMSize[self]=0 u32PreCMAMemSCMSize[cobuff]=0 
07-05 23:53:27.751 I/MiSysSrv( 1214): [XC,SetWindow][_MApi_XC_SetWindow, 4006] [_MApi_XC_SetWindow, 4006][CMA], u32PreCMAMemFRCMSize[self]=0 u32PreCMAMemFRCMSize[cobuff]=0 
07-05 23:53:27.751 I/MiSysSrv( 1214): [XC,SetWindow][_MApi_XC_SetWindow, 4007] [_MApi_XC_SetWindow, 4007][CMA], u32PreCMAMemDualSCMSize=0 
07-05 23:53:27.763 I/VideoCapabilities(14014): Unsupported profile 4 for video/mp4v-es
07-05 23:53:27.770 D/Player/Lib/Utils/SysUtils(14014): [TID 14044] [Check dolby]  Codec name=OMX.MS.M4V.Decoder
07-05 23:53:27.770 D/Player/Lib/Utils/SysUtils(14014): [TID 14044] [Check dolby]  Supported type=video/mp4v-es
07-05 23:53:27.770 D/Player/Lib/Utils/SysUtils(14014): [TID 14044] [Check dolby]  Codec name=OMX.MS.H263.Decoder
07-05 23:53:27.770 D/Player/Lib/Utils/SysUtils(14014): [TID 14044] [Check dolby]  Supported type=video/3gpp
07-05 23:53:27.770 D/Player/Lib/Utils/SysUtils(14014): [TID 14044] [Check dolby]  Codec name=OMX.MS.AVC.Decoder
07-05 23:53:27.770 D/Player/Lib/Utils/SysUtils(14014): [TID 14044] [Check dolby]  Supported type=video/avc
07-05 23:53:27.770 D/Player/Lib/Utils/SysUtils(14014): [TID 14044] [Check dolby]  Codec name=OMX.MS.HEVC.Decoder
07-05 23:53:27.770 D/Player/Lib/Utils/SysUtils(14014): [TID 14044] [Check dolby]  Supported type=video/hevc
07-05 23:53:27.770 D/Player/Lib/Utils/SysUtils(14014): [TID 14044] [Check H265] FOUND, current type = video/hevc
07-05 23:53:27.770 D/Player/Lib/Utils/SysUtils(14014): [TID 14044] [Check dolby]  Codec name=OMX.MS.MVC.Decoder
07-05 23:53:27.770 D/Player/Lib/Utils/SysUtils(14014): [TID 14044] [Check dolby]  Supported type=video/mvc
07-05 23:53:27.770 D/Player/Lib/Utils/SysUtils(14014): [TID 14044] [Check dolby]  Codec name=OMX.MS.MPEG2.Decoder
07-05 23:53:27.770 D/Player/Lib/Utils/SysUtils(14014): [TID 14044] [Check dolby]  Supported type=video/mpeg2
07-05 23:53:27.770 D/Player/Lib/Utils/SysUtils(14014): [TID 14044] [Check dolby]  Codec name=OMX.MS.VP8.Decoder
07-05 23:53:27.770 D/Player/Lib/Utils/SysUtils(14014): [TID 14044] [Check dolby]  Supported type=video/x-vnd.on2.vp8
07-05 23:53:27.770 D/Player/Lib/Utils/SysUtils(14014): [TID 14044] [Check dolby]  Codec name=OMX.MS.DIVX311.Decoder
07-05 23:53:27.770 D/Player/Lib/Utils/SysUtils(14014): [TID 14044] [Check dolby]  Supported type=video/divx3
07-05 23:53:27.770 D/Player/Lib/Utils/SysUtils(14014): [TID 14044] [Check dolby]  Codec name=OMX.MS.DIVX412.Decoder
07-05 23:53:27.770 D/Player/Lib/Utils/SysUtils(14014): [TID 14044] [Check dolby]  Supported type=video/divx4
07-05 23:53:27.770 D/Player/Lib/Utils/SysUtils(14014): [TID 14044] [Check dolby]  Codec name=OMX.MS.FLV.Decoder
07-05 23:53:27.770 D/Player/Lib/Utils/SysUtils(14014): [TID 14044] [Check dolby]  Supported type=video/flv
07-05 23:53:27.771 D/Player/Lib/Utils/SysUtils(14014): [TID 14044] [Check dolby]  Codec name=OMX.MS.VC1.Decoder
07-05 23:53:27.771 D/Player/Lib/Utils/SysUtils(14014): [TID 14044] [Check dolby]  Supported type=video/VC1
07-05 23:53:27.771 D/Player/Lib/Utils/SysUtils(14014): [TID 14044] [Check dolby]  Supported type=video/wvc1
07-05 23:53:27.771 D/Player/Lib/Utils/SysUtils(14014): [TID 14044] [Check dolby]  Codec name=OMX.MS.WMV3.Decoder
07-05 23:53:27.771 D/Player/Lib/Utils/SysUtils(14014): [TID 14044] [Check dolby]  Supported type=video/wmv3
07-05 23:53:27.771 D/Player/Lib/Utils/SysUtils(14014): [TID 14044] [Check dolby]  Codec name=OMX.MS.MJPG.Decoder
07-05 23:53:27.771 D/Player/Lib/Utils/SysUtils(14014): [TID 14044] [Check dolby]  Supported type=video/mjpeg
07-05 23:53:27.771 D/Player/Lib/Utils/SysUtils(14014): [TID 14044] [Check dolby]  Codec name=OMX.MS.AVS.Decoder
07-05 23:53:27.771 D/Player/Lib/Utils/SysUtils(14014): [TID 14044] [Check dolby]  Supported type=video/avs
07-05 23:53:27.771 D/Player/Lib/Utils/SysUtils(14014): [TID 14044] [Check dolby]  Codec name=OMX.MS.RV.Decoder
07-05 23:53:27.771 D/Player/Lib/Utils/SysUtils(14014): [TID 14044] [Check dolby]  Supported type=video/realvideo
07-05 23:53:27.771 D/Player/Lib/Utils/SysUtils(14014): [TID 14044] [Check dolby]  Codec name=OMX.google.aac.decoder
07-05 23:53:27.771 D/Player/Lib/Utils/SysUtils(14014): [TID 14044] [Check dolby]  Supported type=audio/mp4a-latm
07-05 23:53:27.771 D/Player/Lib/Utils/SysUtils(14014): [TID 14044] [Check dolby]  Codec name=OMX.google.mp3.decoder
07-05 23:53:27.771 D/Player/Lib/Utils/SysUtils(14014): [TID 14044] [Check dolby]  Supported type=audio/mpeg
07-05 23:53:27.771 D/Player/Lib/Utils/SysUtils(14014): [TID 14044] [Check dolby]  Codec name=OMX.MS.MP3.Decoder
07-05 23:53:27.771 D/Player/Lib/Utils/SysUtils(14014): [TID 14044] [Check dolby]  Supported type=audio/mpeg
07-05 23:53:27.771 D/Player/Lib/Utils/SysUtils(14014): [TID 14044] [Check dolby]  Supported type=audio/mpeg-L1
07-05 23:53:27.772 D/Player/Lib/Utils/SysUtils(14014): [TID 14044] [Check dolby]  Supported type=audio/mpeg-L2
07-05 23:53:27.772 D/Player/Lib/Utils/SysUtils(14014): [TID 14044] [Check dolby]  Codec name=OMX.MS.AAC.Decoder
07-05 23:53:27.772 D/Player/Lib/Utils/SysUtils(14014): [TID 14044] [Check dolby]  Supported type=audio/mp4a-latm
07-05 23:53:27.772 D/Player/Lib/Utils/SysUtils(14014): [TID 14044] [Check dolby]  Codec name=OMX.google.opus.decoder
07-05 23:53:27.772 D/Player/Lib/Utils/SysUtils(14014): [TID 14044] [Check dolby]  Supported type=audio/opus
07-05 23:53:27.772 D/Player/Lib/Utils/SysUtils(14014): [TID 14044] [Check dolby]  Codec name=OMX.google.vorbis.decoder
07-05 23:53:27.772 D/Player/Lib/Utils/SysUtils(14014): [TID 14044] [Check dolby]  Supported type=audio/vorbis
07-05 23:53:27.772 D/Player/Lib/Utils/SysUtils(14014): [TID 14044] [Check dolby]  Codec name=OMX.MS.VORBIS.Decoder
07-05 23:53:27.772 D/Player/Lib/Utils/SysUtils(14014): [TID 14044] [Check dolby]  Supported type=audio/vorbis
07-05 23:53:27.772 D/Player/Lib/Utils/SysUtils(14014): [TID 14044] [Check dolby]  Codec name=OMX.MS.ADPCM.Decoder
07-05 23:53:27.772 D/Player/Lib/Utils/SysUtils(14014): [TID 14044] [Check dolby]  Supported type=audio/adpcm
07-05 23:53:27.772 D/Player/Lib/Utils/SysUtils(14014): [TID 14044] [Check dolby]  Codec name=OMX.MS.LPCM.Decoder
07-05 23:53:27.772 D/Player/Lib/Utils/SysUtils(14014): [TID 14044] [Check dolby]  Supported type=audio/lpcm
07-05 23:53:27.772 D/Player/Lib/Utils/SysUtils(14014): [TID 14044] [Check dolby]  Codec name=OMX.MS.RA.Decoder
07-05 23:53:27.772 D/Player/Lib/Utils/SysUtils(14014): [TID 14044] [Check dolby]  Supported type=audio/cook
07-05 23:53:27.772 D/Player/Lib/Utils/SysUtils(14014): [TID 14044] [Check dolby]  Codec name=OMX.MS.WMA.Decoder
07-05 23:53:27.774 D/Player/Lib/Utils/SysUtils(14014): [TID 14044] [Check dolby]  Supported type=audio/x-ms-wma
07-05 23:53:27.774 D/Player/Lib/Utils/SysUtils(14014): [TID 14044] [Check dolby]  Codec name=OMX.MS.AC3.Decoder
07-05 23:53:27.775 D/Player/Lib/Utils/SysUtils(14014): [TID 14044] [Check dolby]  Supported type=audio/ac3
07-05 23:53:27.775 D/Player/Lib/Utils/SysUtils(14014): [TID 14044] [Check dolby] FOUND, current type = audio/ac3
07-05 23:53:27.775 W/AudioCapabilities(14014): Unsupported mime audio/ac3
07-05 23:53:27.775 D/Player/Lib/Utils/SysUtils(14014): [TID 14044] [Check dolby]  ProfileLevels size:0
07-05 23:53:27.775 D/Player/Lib/Utils/SysUtils(14014): [TID 14044] DEVICE_SUPPORT_DOLBY=true, DEVICE_SUPPORT_H265=true
07-05 23:53:27.789 D/WifiService( 1733): New client listening to asynchronous messages
07-05 23:53:27.797 D/Player/Lib/Utils/SysUtils(14014): [TID 14044] isDeviceSupportDolby=true
07-05 23:53:27.797 D/Player/Lib/Utils/SysUtils(14014): [TID 14044] isDeviceSupportH265=true
07-05 23:53:27.804 D/PlayerSdkUtils(14014): [TID 14044] static init: IS_DEVICE_CODEC_SUPPORT_DOLBY=true
07-05 23:53:27.805 D/PlayerSdkUtils(14014): [TID 14044] static init: IS_DEVICE_CODEC_SUPPORT_H265=true
07-05 23:53:27.808 D/PlayerSDK/data/FetchUuidJob(14014): [TID 14044] >>>fetchKeyInfo, sIsFetched=false
07-05 23:53:27.808 D/PlayerSDK/data/FetchUuidJob(14014): [TID 14044] fetchKeyInfo: deviceInfo=vidaa3
07-05 23:53:27.810 I/System.out(14014): D/(load-playerplugin, syncCall): cpu: 4
07-05 23:53:27.822 I/System.out(14014): <TVAPI> DEBUG(isUpdateData): isUpdateData=manInfo-true
07-05 23:53:27.822 I/System.out(14014): <TVAPI> DEBUG(TVApiProperty): read passport-device-id=null
07-05 23:53:27.833 I/System.out(14014): <TVAPI> DEBUG(TVApiProperty): passport-device-id-system=tv_69b1ef544cadbb86e8f28950ece1c76a_1167652938875
07-05 23:53:27.834 I/System.out(14014): <TVAPI> DEBUG(id=1, manInfo): url = http://data2.itv.ptqy.gitv.tv/itv/manInfo/vidaa3?s=0
07-05 23:53:27.834 I/System.out(14014): <TVAPI> DEBUG(id=1, manInfo): header = qyid:tv_69b1ef544cadbb86e8f28950ece1c76a_1167652938875
07-05 23:53:27.834 I/System.out(14014): <TVAPI> DEBUG(id=1, manInfo): header = ov:5.1.1
07-05 23:53:27.834 I/System.out(14014): <TVAPI> DEBUG(id=1, manInfo): header = apkVer:
07-05 23:53:27.834 I/System.out(14014): <TVAPI> DEBUG(id=1, manInfo): header = apiKey:APIKEY
07-05 23:53:27.840 W/art     ( 3457): Suspending all threads took: 16.937ms
07-05 23:53:27.855 I/MyFragmentStateAdapter(14014): getCount
07-05 23:53:27.912 I/TVMW@devctrl( 1234): wdt
07-05 23:53:27.923 I/MyFragmentStateAdapter(14014): getCount
07-05 23:53:27.940 I/System.out(14014): <TVAPI> DEBUG(id=1, manInfo, response_time = 93ms): data = {"code":"N000000","json":{},"uuid":"MjAxNTEyMjgxNjU2MTk1NzJNa0NISmZXYjExMjA5"}
