07-05 22:53:53.533 V/WindowManager( 1733): Adding window Window{3275bf4d u0 com.hisense.hicloud.edca/com.hisense.hicloud.edca.activity.EntryActivity} at 10 of 19 (before Window{1a6ce78f u0 Starting com.hisense.hicloud.edca})
07-05 22:53:53.672 I/NetflixMonitorService( 1733): current fgapk : com.hisense.hicloud.edca
07-05 22:53:53.672 I/NetflixMonitorService( 1733): Netflix status unchanged
07-05 22:53:54.023 D/PowerManagerService( 1733): setScreenBrightnessOverrideFromWindowManagerInternal done
07-05 22:53:54.025 D/PowerManagerService( 1733): setScreenBrightnessOverrideFromWindowManagerInternal done
07-05 22:53:54.323 D/PowerManagerService( 1733): setScreenBrightnessOverrideFromWindowManagerInternal done
07-05 22:53:54.330 D/PowerManagerService( 1733): setScreenBrightnessOverrideFromWindowManagerInternal done
07-05 22:53:54.335 D/PowerManagerService( 1733): setScreenBrightnessOverrideFromWindowManagerInternal done
07-05 22:53:54.357 D/PowerManagerService( 1733): setScreenBrightnessOverrideFromWindowManagerInternal done
07-05 22:53:54.359 D/PowerManagerService( 1733): releaseWakeLockInternal: lock=681732318 [ActivityManager-Launch], flags=0x0
07-05 22:53:54.359 D/PowerManagerNotifier( 1733): onWakeLockReleased: flags=1, tag="ActivityManager-Launch", packageName=android, ownerUid=1000, ownerPid=1733, workSource=null
07-05 22:53:54.542 D/PowerManagerService( 1733): setScreenBrightnessOverrideFromWindowManagerInternal done
07-05 22:53:54.544 D/PowerManagerService( 1733): setScreenBrightnessOverrideFromWindowManagerInternal done
07-05 22:53:54.673 I/NetflixMonitorService( 1733): current fgapk : com.hisense.hicloud.edca
--------- beginning of main
07-05 22:53:57.697 D/HttpHandler(12630): VerifySignInterCeptor-->HttpRequestManager.httpClietOption.getVerifyFlag()=1
07-05 22:53:57.698 D/HttpHandler(12630): VerifySignInterCeptor-->content={"medias": [], "total": 0, "vips": [], "members": []}
07-05 22:53:57.705 D/OkHttp  (12630): --> GET http://api.edu.hismarttv.com/usercenter/api/checkAccount?uuid=13287129&mac=a8:a6:48:18:fc:a8&devid=86100300900000500000060a4818fca8&version=00.002.003&subscriberId=13287129&customerId=7195320&model_id=0&APPPackage=com.hisense.hicloud.edca&PFAPPCode=652&APPVersionName=3.0.0.9.00&ChannelId=0&softwareVersion=LED50MU8600UC0000888&tv_distribute_id=00&devType=0&APIVersion=600&accessToken=72DF6038D2AEAB8A76DFBBBBCC428A4A_001699309937580 http/1.1
07-05 22:53:57.705 D/OkHttp  (12630): Data_Type: JSON
07-05 22:53:57.705 D/OkHttp  (12630): RetryTime: 0
07-05 22:53:57.705 D/OkHttp  (12630): Backoffmutiplier: 0
07-05 22:53:57.705 D/OkHttp  (12630): Host: api.edu.hismarttv.com
07-05 22:53:57.705 D/OkHttp  (12630): Connection: Keep-Alive
07-05 22:53:57.705 D/OkHttp  (12630): Accept-Encoding: gzip
07-05 22:53:57.705 D/OkHttp  (12630): User-Agent: okhttp/3.6.0
07-05 22:53:57.705 D/OkHttp  (12630): --> END GET
07-05 22:53:57.711 D/SUSLog  (12630): CheckAppUpdateService>>upgradePath = /data/data/com.hisense.hicloud.edca/files/appupdate/
07-05 22:53:57.711 D/SUSLog  (12630): AppUpdateUtilTag>>file not exist
07-05 22:53:57.711 D/SUSLog  (12630): CheckAppUpdateService>>checkAppUpgrade token = 72DF6038D2AEAB8A76DFBBBBCC428A4A_001699309937580 domainName = api.hismarttv.com appUpdateInfo = tv.hitv.android.appupdate.bean.AppUpdateInfo@1161b718
07-05 22:53:57.721 D/TabView (12630): 
07-05 22:53:57.727 D/TabView (12630): 
07-05 22:53:57.730 D/TabView (12630): 
07-05 22:53:57.733 D/TabView (12630): 
07-05 22:53:57.734 D/TabView (12630): 
07-05 22:53:57.736 D/TabView (12630): 
07-05 22:53:57.740 D/TabView (12630): 
07-05 22:53:57.742 D/TabView (12630): 
07-05 22:53:57.742 D/OkHttp  (12630): <-- 200 OK http://api.edu.hismarttv.com/usercenter/api/checkAccount?uuid=13287129&mac=a8:a6:48:18:fc:a8&devid=86100300900000500000060a4818fca8&version=00.002.003&subscriberId=13287129&customerId=7195320&model_id=0&APPPackage=com.hisense.hicloud.edca&PFAPPCode=652&APPVersionName=3.0.0.9.00&ChannelId=0&softwareVersion=LED50MU8600UC0000888&tv_distribute_id=00&devType=0&APIVersion=600&accessToken=72DF6038D2AEAB8A76DFBBBBCC428A4A_001699309937580 (37ms)
07-05 22:53:57.742 D/OkHttp  (12630): Server: nginx
07-05 22:53:57.742 D/OkHttp  (12630): Date: Wed, 05 Jul 2017 14:53:57 GMT
07-05 22:53:57.742 D/OkHttp  (12630): Content-Type: application/json
07-05 22:53:57.742 D/OkHttp  (12630): Content-Length: 204
07-05 22:53:57.742 D/OkHttp  (12630): Connection: close
07-05 22:53:57.742 D/OkHttp  (12630): <-- END HTTP
07-05 22:53:57.744 D/HttpHandler(12630): RetryIntercepter-->retryNum=0
07-05 22:53:57.744 D/TabView (12630): 
07-05 22:53:57.744 D/HttpHandler(12630): RetryIntercepter-->backoffmutiplier=0
07-05 22:53:57.745 D/TabView (12630): 
07-05 22:53:57.746 D/HttpHandler(12630): VerifySignInterCeptor-->dateType=1
07-05 22:53:57.746 D/HttpHandler(12630): VerifySignInterCeptor-->HttpRequestManager.httpClietOption.getVerifyFlag()=1
07-05 22:53:57.746 D/TabView (12630): 
07-05 22:53:57.747 D/HttpHandler(12630): VerifySignInterCeptor-->content={"success": true}
07-05 22:53:57.747 D/TabView (12630): 
07-05 22:53:57.749 D/TabView (12630): 
07-05 22:53:57.750 D/TabView (12630): 
07-05 22:53:57.752 D/TabView (12630): 
07-05 22:53:57.753 I/MyFragmentStateAdapter(12630): getCount
07-05 22:53:57.753 I/MyFragmentStateAdapter(12630): getItem: 2
07-05 22:53:57.753 I/SoftFragmentList(12630): fetchCacheFragment  enter ---- index = 2
07-05 22:53:57.753 D/SoftFragmentList(12630): fetchCacheFragment  mFragmentCache.size() = 0
07-05 22:53:57.753 E/SoftFragmentList(12630): fetchCacheView  return null
07-05 22:53:57.754 I/SoftFragmentList(12630): addToCache enter index = 2
07-05 22:53:57.755 D/SoftFragmentList(12630): addToCache  index = 2, size = 1, Fragment = RoleContentFragment
07-05 22:53:57.755 D/BaseContentFragment(12630): setUserVisibleHint() isVisibleToUser = false, last status = false, hasload = false RoleContentFragment
07-05 22:53:57.755 I/BaseContentFragment(12630): hideLoadingView
07-05 22:53:57.755 I/MyFragmentStateAdapter(12630): getItem: 1
07-05 22:53:57.755 I/SoftFragmentList(12630): fetchCacheFragment  enter ---- index = 1
07-05 22:53:57.755 D/SoftFragmentList(12630): fetchCacheFragment  mFragmentCache.size() = 1
07-05 22:53:57.755 E/SoftFragmentList(12630): fetchCacheView  return null
07-05 22:53:57.757 I/SoftFragmentList(12630): addToCache enter index = 1
07-05 22:53:57.758 D/SoftFragmentList(12630): addToCache  index = 1, size = 2, Fragment = UserCenterFragment
07-05 22:53:57.758 I/UserCenterFragment(12630): setUserVisibleHint befor=false,now=false,mDataChange=false,hasloadDatafalse
07-05 22:53:57.758 D/BaseContentFragment(12630): setUserVisibleHint() isVisibleToUser = false, last status = false, hasload = false UserCenterFragment
07-05 22:53:57.758 I/BaseContentFragment(12630): hideLoadingView
07-05 22:53:57.758 I/MyFragmentStateAdapter(12630): getItem: 3
07-05 22:53:57.758 I/SoftFragmentList(12630): fetchCacheFragment  enter ---- index = 3
07-05 22:53:57.758 D/SoftFragmentList(12630): fetchCacheFragment  mFragmentCache.size() = 2
07-05 22:53:57.758 E/SoftFragmentList(12630): fetchCacheView  return null
07-05 22:53:57.758 I/SoftFragmentList(12630): addToCache enter index = 3
07-05 22:53:57.758 D/SoftFragmentList(12630): addToCache  index = 3, size = 3, Fragment = RoleContentFragment
07-05 22:53:57.758 D/BaseContentFragment(12630): setUserVisibleHint() isVisibleToUser = false, last status = false, hasload = false RoleContentFragment
07-05 22:53:57.758 I/BaseContentFragment(12630): hideLoadingView
07-05 22:53:57.759 I/MyFragmentStateAdapter(12630): getCount
07-05 22:53:57.759 D/BaseContentFragment(12630): setUserVisibleHint() isVisibleToUser = true, last status = false, hasload = false RoleContentFragment
07-05 22:53:57.759 I/BaseContentFragment(12630): tryVisibleAndCreateView: visible status = true, hasload = false, mIsViewInit = false, mTrimLevel = 0,isFirst = true RoleContentFragment
07-05 22:53:57.759 I/RoleContentFragment(12630): setBackGround ,isVisible=true,hasload=false
07-05 22:53:57.759 I/Util    (12630): memory : total=1912,limit=1024
07-05 22:53:57.759 I/BaseContentFragment(12630): onAttach RoleContentFragment
07-05 22:53:57.760 I/BaseContentFragment(12630): onCreate RoleContentFragment
07-05 22:53:57.760 I/BasePresenter(12630): attachView(): isVisibleToUser = true, mViewTag = RoleContentFragment645677202
07-05 22:53:57.761 I/BaseContentFragment(12630): onAttach UserCenterFragment
07-05 22:53:57.761 I/BaseContentFragment(12630): onCreate UserCenterFragment
07-05 22:53:57.762 I/BasePresenter(12630): attachView(): isVisibleToUser = false, mViewTag = UserCenterFragment
07-05 22:53:57.767 I/BaseContentFragment(12630): onAttach RoleContentFragment
07-05 22:53:57.767 I/BaseContentFragment(12630): onCreate RoleContentFragment
07-05 22:53:57.767 I/BasePresenter(12630): attachView(): isVisibleToUser = false, mViewTag = RoleContentFragment205781973
07-05 22:53:57.769 I/MiSysSrv( 1214): [37m[INFO] Change to Voltage: 117 mv (0x32)[m
07-05 22:53:57.769 I/BaseContentFragment(12630): onCreateView true, 
07-05 22:53:57.783 E/btif_config( 2964): [btif_config_get] node is TRUE!
07-05 22:53:57.783 E/btif_config( 2964): [btif_config_get] ret is TRUE!
07-05 22:53:57.801 I/MyFragmentStateAdapter(12630): getCount
07-05 22:53:57.802 I/BaseContentFragment(12630): onViewCreated
07-05 22:53:57.802 I/BasePresenter(12630): setUserVisibleHint(): isVisibleToUser = true RoleContentFragment645677202
07-05 22:53:57.802 I/BaseContentFragment(12630): tryVisibleAndCreateView: visible status = true, hasload = false, mIsViewInit = true, mTrimLevel = 0,isFirst = true 
07-05 22:53:57.802 I/BaseContentFragment(12630): onVisibleAndAttach: lazyLoadData
07-05 22:53:57.802 I/RoleContentFragment(12630): setBackGround ,isVisible=true,hasload=false
07-05 22:53:57.802 I/Util    (12630): memory : total=1912,limit=1024
07-05 22:53:57.803 I/BaseContentFragment(12630): onActivityCreated 
07-05 22:53:57.804 I/BaseContentFragment(12630): onStart 
07-05 22:53:57.818 I/BaseContentFragment(12630): onResume 
07-05 22:53:57.818 E/UserCenterFragment(12630): onCreateView
07-05 22:53:57.818 I/BaseContentFragment(12630): onCreateView false, UserCenterFragment
07-05 22:53:57.821 I/BaseContentFragment(12630): onViewCreatedUserCenterFragment
07-05 22:53:57.821 I/BasePresenter(12630): setUserVisibleHint(): isVisibleToUser = false UserCenterFragment
07-05 22:53:57.821 I/BaseContentFragment(12630): tryVisibleAndCreateView: visible status = false, hasload = false, mIsViewInit = true, mTrimLevel = 0,isFirst = true UserCenterFragment
07-05 22:53:57.823 I/BaseContentFragment(12630): onActivityCreated UserCenterFragment
07-05 22:53:57.824 I/BaseContentFragment(12630): onCreateView false, 0-2
07-05 22:53:57.826 I/BaseContentFragment(12630): onViewCreated0-2
07-05 22:53:57.826 I/BasePresenter(12630): setUserVisibleHint(): isVisibleToUser = false RoleContentFragment205781973
07-05 22:53:57.826 I/BaseContentFragment(12630): tryVisibleAndCreateView: visible status = false, hasload = false, mIsViewInit = true, mTrimLevel = 0,isFirst = true 0-2
07-05 22:53:57.826 I/RoleContentFragment(12630): setBackGround ,isVisible=false,hasload=false
07-05 22:53:57.826 I/Util    (12630): memory : total=1912,limit=1024
07-05 22:53:57.827 I/BaseContentFragment(12630): onActivityCreated 0-2
07-05 22:53:57.827 I/BaseContentFragment(12630): onStart UserCenterFragment
07-05 22:53:57.831 I/BaseContentFragment(12630): onResume UserCenterFragment
07-05 22:53:57.832 I/BaseContentFragment(12630): onStart 0-2
07-05 22:53:57.835 I/BaseContentFragment(12630): onResume 0-2
07-05 22:53:57.836 D/TabView (12630): 
07-05 22:53:57.838 D/TabView (12630): 
07-05 22:53:57.841 D/TabView (12630): 
07-05 22:53:57.842 D/TabView (12630): 
07-05 22:53:57.843 D/TabView (12630): 
07-05 22:53:57.844 D/TabView (12630): 
07-05 22:53:57.846 D/TabView (12630): 
07-05 22:53:57.847 D/TabView (12630): 
07-05 22:53:57.848 D/TabView (12630): 
07-05 22:53:57.849 D/TabView (12630): 
07-05 22:53:57.851 D/TabView (12630): 
07-05 22:53:57.852 D/TabView (12630): 
07-05 22:53:57.853 D/TabView (12630): 
07-05 22:53:57.854 D/TabView (12630): 
07-05 22:53:57.855 D/TabView (12630): 
07-05 22:53:57.857 D/TabView (12630): 
07-05 22:53:57.859 I/MyFragmentStateAdapter(12630): getCount
07-05 22:53:57.859 I/MyFragmentStateAdapter(12630): getCount
07-05 22:53:57.863 D/Surface ( 1733): onStatusChange() : mNativeObject = 547819115520 mUseImageHwRender = false
07-05 22:53:57.863 V/Surface ( 1733): nativeSetHardwareRender() : status = 0
07-05 22:53:57.863 V/Surface ( 1733): nativeSetHardwareRender() : end
07-05 22:53:57.863 D/OsdMonitorService( 1733): mCurrentWindow = com.hisense.hicloud.edca/com.hisense.hicloud.edca.activity.EntryActivity; newWindow = com.hisense.hicloud.edca/com.hisense.tvui.newhome.HomeMainActivity; isSubWindow = false; isInWinList = false; isExitNow = false
07-05 22:53:57.863 D/OsdMonitorService( 1733): windowNotOsd() : name = com.hisense.hicloud.edca/com.hisense.tvui.newhome.HomeMainActivity
07-05 22:53:57.863 I/OsdMonitorService( 1733): setOsdStatus() : status will change from true to true
07-05 22:53:57.869 I/MiSysSrv( 1214): [37m[INFO] Change to Voltage: 117 mv (0x32)[m
07-05 22:53:57.873 D/PowerManagerService( 1733): setScreenBrightnessOverrideFromWindowManagerInternal done
07-05 22:53:57.876 D/PowerManagerService( 1733): setScreenBrightnessOverrideFromWindowManagerInternal done
07-05 22:53:57.880 D/Surface ( 1733): onStatusChange() : mNativeObject = 0 mUseImageHwRender = false
07-05 22:53:57.881 D/Surface (12630): onStatusChange() : mNativeObject = -195836160 mUseImageHwRender = false
07-05 22:53:57.881 V/Surface (12630): nativeSetHardwareRender() : status = 0
07-05 22:53:57.881 V/Surface (12630): nativeSetHardwareRender() : end
07-05 22:53:57.883 D/gralloc ( 1204): allocate buffer from ION HEAP 0x1
07-05 22:53:57.883 D/gralloc ( 1204): allocate memory from system heap
07-05 22:53:57.890 D/gralloc ( 1204): allocate buffer from ION HEAP 0x1
07-05 22:53:57.890 D/gralloc ( 1204): allocate memory from system heap
07-05 22:53:57.893 D/gralloc ( 1204): allocate buffer from ION HEAP 0x1
07-05 22:53:57.893 D/gralloc ( 1204): allocate memory from system heap
07-05 22:53:57.897 D/TabView (12630): 
07-05 22:53:57.902 D/TabView (12630): 
07-05 22:53:57.907 D/TabView (12630): 
07-05 22:53:57.911 D/TabView (12630): 
07-05 22:53:57.916 D/TabView (12630): 
07-05 22:53:57.920 D/TabView (12630): 
07-05 22:53:57.927 I/TabView (12630): onScroll:,firstItem=0,visibleCount=6,totalCount=10
07-05 22:53:57.928 E/RecyclerView(12630): No adapter attached; skipping layout
07-05 22:53:57.929 E/RecyclerView(12630): No adapter attached; skipping layout
07-05 22:53:57.929 E/RecyclerView(12630): No adapter attached; skipping layout
07-05 22:53:57.929 I/VerticalPageTransformer(12630): transformPage android.widget.RelativeLayout{3427f275 V.E..... ......ID 0,0-1768,1080}, pos= 0.0
07-05 22:53:57.929 I/VerticalPageTransformer(12630): transformPage android.widget.RelativeLayout{1822ea7b V.E..... ......ID -1768,0-0,1080}, pos= -1.0
07-05 22:53:57.931 I/VerticalPageTransformer(12630): transformPage android.widget.RelativeLayout{131240f1 V.E..... ......ID 1768,0-3536,1080}, pos= 1.0
07-05 22:53:57.934 I/TabView (12630): onfocuschange:true
07-05 22:53:57.945 E/sloven  (12630): top0w0
07-05 22:53:57.946 D/HiNetworkImpl(12630): doHttp_Asyn(): onReqResponse isSuccessful = true, back from thread: main
07-05 22:53:57.946 I/HiNetworkImpl(12630): doHttp_Asyn(): onSuccess clazz = class com.hisense.sdk.domain.DetailVipInfo, back from thread: main
07-05 22:53:57.948 W/HomeMainActivity(12630): sunliqin  get user has bought vip failed 
07-05 22:53:57.958 D/TabView (12630): 
07-05 22:53:57.969 E/btif_config( 2964): [btif_config_get] node is TRUE!
07-05 22:53:57.969 E/btif_config( 2964): [btif_config_get] ret is TRUE!
07-05 22:53:57.970 D/TabView (12630): 
07-05 22:53:57.971 D/TabView (12630): 
07-05 22:53:57.980 D/TabView (12630): 
07-05 22:53:57.990 D/TabView (12630): 
07-05 22:53:57.992 D/TabView (12630): 
07-05 22:53:57.993 D/TabView (12630): 
07-05 22:53:57.995 D/TabView (12630): 
07-05 22:53:57.996 D/TabView (12630): 
07-05 22:53:57.997 D/TabView (12630): 
07-05 22:53:57.999 D/TabView (12630): 
07-05 22:53:58.000 D/TabView (12630): 
07-05 22:53:58.001 D/TabView (12630): 
07-05 22:53:58.003 D/TabView (12630): 
07-05 22:53:58.004 D/TabView (12630): 
07-05 22:53:58.005 D/TabView (12630): 
07-05 22:53:58.007 D/TabView (12630): 
07-05 22:53:58.008 D/TabView (12630): 
07-05 22:53:58.010 D/TabView (12630): 
07-05 22:53:58.012 D/TabView (12630): 
07-05 22:53:58.013 D/TabView (12630): 
07-05 22:53:58.014 D/TabView (12630): 
07-05 22:53:58.016 D/TabView (12630): 
07-05 22:53:58.018 D/TabView (12630): 
07-05 22:53:58.022 D/TabView (12630): 
07-05 22:53:58.025 D/TabView (12630): 
07-05 22:53:58.026 D/TabView (12630): 
07-05 22:53:58.028 D/TabView (12630): 
07-05 22:53:58.034 D/TabView (12630): 
07-05 22:53:58.035 D/TabView (12630): 
07-05 22:53:58.037 D/TabView (12630): 
07-05 22:53:58.044 D/TabView (12630): 
07-05 22:53:58.053 I/TabView (12630): onScroll:,firstItem=0,visibleCount=6,totalCount=10
07-05 22:53:58.062 I/MyFragmentStateAdapter(12630): getCount
07-05 22:53:58.070 I/MiSysSrv( 1214): [37m[INFO] Change to Voltage: 117 mv (0x32)[m
07-05 22:53:58.098 D/OsdMonitorService( 1733): mCurrentWindow = com.hisense.hicloud.edca/com.hisense.tvui.newhome.HomeMainActivity; newWindow = com.hisense.hicloud.edca/com.hisense.tvui.newhome.HomeMainActivity; isSubWindow = false; isInWinList = false; isExitNow = false
07-05 22:53:58.098 D/OsdMonitorService( 1733): windowNotOsd() : name = com.hisense.hicloud.edca/com.hisense.tvui.newhome.HomeMainActivity
07-05 22:53:58.098 I/OsdMonitorService( 1733): setOsdStatus() : status will change from true to true
07-05 22:53:58.100 I/TVMW@HsTvSetting( 1234): Trace cmd, data = 0x1058
07-05 22:53:58.100 D/til@system( 2026): til_get_system_param option:100002F int:0, bool:0, ret:0
07-05 22:53:58.101 I/TVMW@HsTvSetting( 1234): Trace cmd, data = 0x101f
07-05 22:53:58.101 D/HiNetworkImpl(12630): doHttp_Asyn(): onReqResponse isSuccessful = true, back from thread: main
07-05 22:53:58.101 I/HiNetworkImpl(12630): doHttp_Asyn(): onSuccess clazz = class com.hisense.sdk.domain.SearchResult, back from thread: main
07-05 22:53:58.101 I/RefreshPaidListUits(12630): -----------------------RefreshPaidListUits  ==0
07-05 22:53:58.101 D/til@system( 2026): til_get_system_param option:100001D int:3, bool:3, ret:0
07-05 22:53:58.101 D/HiNetworkImpl(12630): doHttp_Asyn(): onReqResponse isSuccessful = true, back from thread: main
07-05 22:53:58.101 I/HiNetworkImpl(12630): doHttp_Asyn(): onSuccess clazz = class com.hisense.sdk.domain.ResponseResult, back from thread: main
07-05 22:53:58.101 I/BaseApplication(12630): checkAccount --- account available.
07-05 22:53:58.101 E/til     ( 2026): [til_get_current_input_source, 101] 
07-05 22:53:58.101 I/TVMW@HsTvSetting( 1234): Trace cmd, data = 0x7007
07-05 22:53:58.102 D/PowerManagerService( 1733): setScreenBrightnessOverrideFromWindowManagerInternal done
07-05 22:53:58.102 I/tilwrapper@sm( 2026): HS2TIL_SourceType *hs=0xd, *til=0x900
07-05 22:53:58.102 D/til     ( 2026): get current source 2304
07-05 22:53:58.102 D/SourceRemoteServiceHandler( 2026): getCurrentInputSource.from.til.result is 0, value is 2304
07-05 22:53:58.102 D/SourceRemoteServiceHandler( 2026): getInputSourceType source: 0x900, type=2304
07-05 22:53:58.102 D/til     ( 2026): ###### func:til_get_picture_param option:0x3000006 ######  
07-05 22:53:58.102 I/TVMW@HsTvSetting( 1234): Trace cmd, data = 0x1003
07-05 22:53:58.103 I/TVMW@HsTvSetting( 1234): Trace cmd, data = 0x8032
07-05 22:53:58.103 I/hstvos  ( 1216): [0m[1;33m[HSHAL][HS_VIDEO][HS_HAL_Video_SetOsdDetect_v2][2389]u16Threshold = 20
07-05 22:53:58.104 I/MiSysSrv( 1214): Not support now! 42, change to mm_video!!!
07-05 22:53:58.104 E/TVMW@videoctrl( 1234):  getOsd is 1
07-05 22:53:58.104 D/til@system( 2026): til_get_system_param option:1000027 int:1, bool:1, ret:0
07-05 22:53:58.104 D/til     ( 2026): ###### func:til_get_picture_param option:0x3000045 ######  
07-05 22:53:58.104 I/TVMW@HsTvSetting( 1234): Trace cmd, data = 0x300c
07-05 22:53:58.104 I/TVMW@HsTvSetting( 1234): Trace 3d, data = 0x300c
07-05 22:53:58.104 I/TVMW@3d ( 1234): Hs_debug3d_trace: func:get3dStatus, line:109
07-05 22:53:58.105 D/PowerManagerService( 1733): setScreenBrightnessOverrideFromWindowManagerInternal done
07-05 22:53:58.106 I/ActivityManager( 1733): Displayed com.hisense.hicloud.edca/com.hisense.tvui.newhome.HomeMainActivity: +2s98ms
07-05 22:53:58.108 I/MyFragmentStateAdapter(12630): getCount
07-05 22:53:58.110 D/PowerManagerService( 1733): setScreenBrightnessOverrideFromWindowManagerInternal done
07-05 22:53:58.112 I/BaseContentFragment(12630): MSG_GET_DATA: handle lazy load
07-05 22:53:58.112 I/BaseContentFragment(12630): showLoadingView
07-05 22:53:58.138 I/HomeDataPresenter(12630): getContentData: channelId = 0, sChoiceChannelId = 0 RoleContentFragment645677202,isOffline = false
07-05 22:53:58.138 I/CacheUtil(12630): getFromCache: 0
07-05 22:53:58.138 I/CacheUtil(12630): now time dealy=2,time service=7200
07-05 22:53:58.138 I/HomeDataPresenter(12630): cache item not null
07-05 22:53:58.138 I/RoleContentFragment(12630): setMasterData isRefresh=false
07-05 22:53:58.142 D/SUSLog  (12630): CheckAppUpdateService>>appUpgradeReply reply fail
07-05 22:53:58.142 D/SUSLog  (12630): CheckAppUpdateService>>ErrorCode = 205001 ErrorName = :
07-05 22:53:58.142 D/SUSLog  (12630): CheckAppUpdateService>>checkAppUpgrade i=0
07-05 22:53:58.143 D/SUSLog  (12630): CheckAppUpdateService>>haveUpdate appUpgradeReply = com.hisense.hitv.hicloud.bean.upgrade.AppUpgradeReply@2f826110
07-05 22:53:58.143 D/SUSLog  (12630): CheckAppUpdateService>>reply = 1
07-05 22:53:58.146 I/HeaderTokenManager(12630): Weather Data from HiCloud is still validate.
07-05 22:53:58.146 D/ContentValues(12630): getPlaceInfo: 
07-05 22:53:58.147 D/SUSLog  (12630): CheckAppUpdateService>>targetVersionCode = 0
07-05 22:53:58.147 D/SUSLog  (12630): CheckAppUpdateService>>haveUpdate appUpgradeReply = com.hisense.hitv.hicloud.bean.upgrade.AppUpgradeReply@2f826110
07-05 22:53:58.147 D/SUSLog  (12630): CheckAppUpdateService>>reply = 1
07-05 22:53:58.172 I/MiSysSrv( 1214): [37m[INFO] Change to Voltage: 117 mv (0x32)[m
07-05 22:53:58.173 D/hwcomposer( 1204): lastHWWindowInfo is dirty
07-05 22:53:58.183 E/ContentValues(12630): refreshNetStatus: 
07-05 22:53:58.191 D/CommonHeader(12630): setPerson: true
07-05 22:53:58.191 D/ContentValues(12630): getIconDrawable :  icon == null:true
07-05 22:53:58.191 D/CommonHeader(12630): icon == null
07-05 22:53:58.196 D/CommonHeader(12630): WeatherCode: 01
07-05 22:53:58.201 E/ContentValues(12630): refreshNetStatus: 
07-05 22:53:58.209 E/ContentValues(12630): refreshNetStatus: 
07-05 22:53:58.211 E/CommonHeader(12630): setNetStatusIcon: 30002
07-05 22:53:58.211 E/ContentValues(12630): refreshNetStatus: 
07-05 22:53:58.215 D/CommonHeader(12630): SLOVEN setPlaceInfo place---city::---
07-05 22:53:58.215 D/HeaderServiceManager(12630): adding listener com.hisense.tvui.newhome.view.header.view.CommonHeader$HeaderWeatherInfoListener@36ed4e27
07-05 22:53:58.220 D/BaseContentFragment(12630): header logoone open
07-05 22:53:58.220 D/CommonHeader(12630): onTabStatusChanged tabstatus===>:40001
07-05 22:53:58.241 I/Utils   (12630): getScreenSize() SCREEN_WIDTH = 1920, SCREEN_HEIGHT = 1080, DENSITY = 2.0
07-05 22:53:58.243 D/FirstLineAdapter(12630): tiles6
07-05 22:53:58.248 I/FirstLineAdapter(12630): canShowTrailer,isOffline=false
07-05 22:53:58.248 I/SpecialFirstView(12630): setData ,canshowtrailer:true
07-05 22:53:58.250 I/FirstLineAdapter(12630): onAttachedToRecyclerView 
07-05 22:53:58.251 I/size    (12630): size=10
07-05 22:53:58.254 I/RoleContentFragment(12630): set recyclerview adapter
07-05 22:53:58.254 I/RoleContentFragment(12630): has not get  recommand data
07-05 22:53:58.254 I/HomeDataPresenter(12630): getRecommandData(): channelId = 0RoleContentFragment645677202
07-05 22:53:58.254 I/HttpDnsUtils(12630): get favorite tag 
07-05 22:53:58.255 I/HttpDnsUtils(12630): getRecommandData: http://api.edu.hismarttv.com/usercenter/api/individualize_data?devid=86100300900000500000060a4818fca8&customerId=7195320&subscriberId=13287129&ChannelId=0&tags=&version_id=6&region_name=%E6%9D%AD%E5%B7%9E
07-05 22:53:58.262 D/HttpHandler(12630): VerifySignInterCeptor-->request.url()=http://picture.edu.hismarttv.com/images/20170628115357740238.png
07-05 22:53:58.262 D/HttpHandler(12630): VerifySignInterCeptor-->hostname=picture.edu.hismarttv.com
07-05 22:53:58.263 D/HttpHandler(12630): HttpDNS-->hostname=picture.edu.hismarttv.com
07-05 22:53:58.263 D/til@system( 2026): til_get_system_param option:1000007 int:-1815632896, bool:0, ret:0
07-05 22:53:58.265 D/til@system( 2026): til_get_system_param option:1000009 int:-1936522368, bool:128, ret:0
07-05 22:53:58.266 D/til@system( 2026): til_get_system_param option:1000008 int:-1936525184, bool:128, ret:0
07-05 22:53:58.266 D/HttpBuilder(12630): getOperationDetail-productName : LED50MU8600UC
07-05 22:53:58.266 D/HttpBuilder(12630): getOperationDetail-plmNumber : 88888
07-05 22:53:58.266 D/HttpBuilder(12630): getOperationDetail-swVersion : V0000.00.01A
07-05 22:53:58.266 D/HttpBuilder(12630): getOperationDetail-operationDetail : LED50MU8600UC0000888
07-05 22:53:58.269 I/MiSysSrv( 1214): [37m[INFO] Change to Voltage: 117 mv (0x32)[m
07-05 22:53:58.299 I/HttpBuilder(12630): addUrlPublicParams mUrl ==>http://api.edu.hismarttv.com/usercenter/api/individualize_data?devid=86100300900000500000060a4818fca8&customerId=7195320&subscriberId=13287129&ChannelId=0&tags=&version_id=6&region_name=%E6%9D%AD%E5%B7%9E&uuid=13287129&mac=a8:a6:48:18:fc:a8&model_id=0&APPPackage=com.hisense.hicloud.edca&PFAPPCode=652&APPVersionName=3.0.0.9.00&softwareVersion=LED50MU8600UC0000888&tv_distribute_id=00&devType=0&APIVersion=600&accessToken=72DF6038D2AEAB8A76DFBBBBCC428A4A_001699309937580
07-05 22:53:58.304 I/RoleContentFragment(12630): real get recommand data
07-05 22:53:58.304 I/RoleContentFragment(12630): setBackGround ,isVisible=true,hasload=true
07-05 22:53:58.304 I/Util    (12630): memory : total=1912,limit=1024
07-05 22:53:58.304 I/BaseContentFragment(12630): hideLoadingView
07-05 22:53:58.305 D/HttpHandler(12630): VerifySignInterCeptor-->request.url()=http://picture.edu.hismarttv.com/images/20170628111857828826.png
07-05 22:53:58.305 D/HttpHandler(12630): VerifySignInterCeptor-->hostname=picture.edu.hismarttv.com
07-05 22:53:58.312 I/RoleContentFragment(12630): getServiceData: 0
07-05 22:53:58.316 D/HttpHandler(12630): VerifySignInterCeptor-->request.url()=http://picture.edu.hismarttv.com/images/20170628111729989045.png
07-05 22:53:58.316 D/HttpHandler(12630): VerifySignInterCeptor-->hostname=picture.edu.hismarttv.com
07-05 22:53:58.317 D/HttpHandler(12630): HttpDNS-->hostname=picture.edu.hismarttv.com
07-05 22:53:58.327 V/InputMethodService( 2203): startInput(): editor=android.view.inputmethod.EditorInfo@11859b
07-05 22:53:58.327 V/InputMethodService( 2203): CALL: onFinishInput
07-05 22:53:58.331 D/HttpHandler(12630): VerifySignInterCeptor-->request.url()=http://api.edu.hismarttv.com/usercenter/api/individualize_data?devid=86100300900000500000060a4818fca8&customerId=7195320&subscriberId=13287129&ChannelId=0&tags=&version_id=6&region_name=%E6%9D%AD%E5%B7%9E&uuid=13287129&mac=a8:a6:48:18:fc:a8&model_id=0&APPPackage=com.hisense.hicloud.edca&PFAPPCode=652&APPVersionName=3.0.0.9.00&softwareVersion=LED50MU8600UC0000888&tv_distribute_id=00&devType=0&APIVersion=600&accessToken=72DF6038D2AEAB8A76DFBBBBCC428A4A_001699309937580
07-05 22:53:58.331 D/HttpHandler(12630): VerifySignInterCeptor-->hostname=api.edu.hismarttv.com
07-05 22:53:58.336 E/SOGOUIME_JNI( 2203): reset
07-05 22:53:58.336 E/SOGOUIME_JNI( 2203): getCandidates
07-05 22:53:58.336 E/SOGOUIME_JNI( 2203): ime_get_uncommitted_length
07-05 22:53:58.336 E/SOGOUIME_JNI( 2203): getCandidates
07-05 22:53:58.336 D/SogouIME API( 2203): ==============num:32
07-05 22:53:58.336 E/SOGOUIME_JNI( 2203): ime_get_uncommitted_length
07-05 22:53:58.336 D/SogouIME( 2203): mFocusedComponent:30   isHkbEnable:false
07-05 22:53:58.336 E/SOGOUIME_JNI( 2203): ime_get_uncommitted_length
07-05 22:53:58.336 E/SOGOUIME_JNI( 2203): ime_get_committed_length
07-05 22:53:58.336 E/SOGOUIME_JNI( 2203): getComposingInfo
07-05 22:53:58.336 E/SOGOUIME_JNI( 2203): getComposingInfo
07-05 22:53:58.336 E/SOGOUIME_JNI( 2203): getCorrectInfo
07-05 22:53:58.336 E/SOGOUIME_JNI( 2203): getComposingInfo
07-05 22:53:58.338 D/TabView (12630): 
07-05 22:53:58.343 V/InputMethodService( 2203): CALL: onStartInput
07-05 22:53:58.343 E/SOGOUIME_JNI( 2203): invalidateCommitWordPinyinNative
07-05 22:53:58.343 D/SogouIME( 2203): =====configKeyboard=======:false     false
07-05 22:53:58.343 E/SOGOUIME_JNI( 2203): ime_set_hard_kb_enable
07-05 22:53:58.345 D/HttpHandler(12630): RetryIntercepter-->retryNum=0
07-05 22:53:58.345 D/HttpHandler(12630): RetryIntercepter-->backoffmutiplier=0
07-05 22:53:58.347 D/HttpHandler(12630): VerifySignInterCeptor-->request.url()=http://picture.edu.hismarttv.com/images/20170628111836879100.png
07-05 22:53:58.347 D/HttpHandler(12630): VerifySignInterCeptor-->hostname=picture.edu.hismarttv.com
07-05 22:53:58.348 D/HttpHandler(12630): HttpDNS-->hostname=picture.edu.hismarttv.com
07-05 22:53:58.348 D/TabView (12630): 
07-05 22:53:58.350 D/TabView (12630): 
07-05 22:53:58.352 D/TabView (12630): 
07-05 22:53:58.354 D/HttpHandler(12630): DNSRetryIntercepter-->http://118.178.149.42/d?device_id=86100300900000500000060a4818fca8&host=b5d1d96093f9d07d386917b5d3b91cdcb031311b90271792b45951b69dc9c054dc862a7c9178ba82684e325a98b554b4&last=
07-05 22:53:58.354 D/HttpHandler(12630): DNSRetryIntercepter-->118.178.149.42
07-05 22:53:58.357 D/HttpHandler(12630): DNSRetryIntercepter-->http://118.178.149.42/d?device_id=86100300900000500000060a4818fca8&host=b5d1d96093f9d07d386917b5d3b91cdcb031311b90271792b45951b69dc9c054dc862a7c9178ba82684e325a98b554b4&last=
07-05 22:53:58.357 D/HttpHandler(12630): DNSRetryIntercepter-->118.178.149.42
07-05 22:53:58.363 D/TabView (12630): 
07-05 22:53:58.365 D/TabView (12630): 
07-05 22:53:58.367 D/TabView (12630): 
07-05 22:53:58.369 D/TabView (12630): 
07-05 22:53:58.371 D/TabView (12630): 
07-05 22:53:58.374 D/TabView (12630): 
07-05 22:53:58.377 D/HttpHandler(12630): GslbDNS-->hostName=118.178.149.42
07-05 22:53:58.379 D/HttpHandler(12630): VerifySignInterCeptor-->request.url()=http://picture.edu.hismarttv.com/images/20170628111759213347.png
07-05 22:53:58.379 D/HttpHandler(12630): VerifySignInterCeptor-->hostname=picture.edu.hismarttv.com
07-05 22:53:58.379 D/HttpHandler(12630): HttpDNS-->hostname=picture.edu.hismarttv.com
07-05 22:53:58.381 D/TabView (12630): 
07-05 22:53:58.383 D/TabView (12630): 
07-05 22:53:58.386 D/TabView (12630): 
07-05 22:53:58.393 D/HttpHandler(12630): DNSRetryIntercepter-->http://118.178.149.42/d?device_id=86100300900000500000060a4818fca8&host=b5d1d96093f9d07d386917b5d3b91cdcb031311b90271792b45951b69dc9c054dc862a7c9178ba82684e325a98b554b4&last=
07-05 22:53:58.393 D/HttpHandler(12630): DNSRetryIntercepter-->118.178.149.42
07-05 22:53:58.394 I/TVMW@devctrl( 1234): wdt
07-05 22:53:58.394 D/HttpHandler(12630): GslbDNS-->hostName=118.178.149.42
07-05 22:53:58.397 D/TabView (12630): 
07-05 22:53:58.399 D/TabView (12630): 
07-05 22:53:58.401 D/TabView (12630): 
07-05 22:53:58.355 D/HttpHandler(12630): GslbDNS-->hostName=118.178.149.42
07-05 22:53:58.414 I/MyFragmentStateAdapter(12630): getCount
07-05 22:53:58.414 I/MyFragmentStateAdapter(12630): getCount
07-05 22:53:58.414 D/TabView (12630): 
07-05 22:53:58.417 D/TabView (12630): 
07-05 22:53:58.426 D/HttpHandler(12630): DNSRetryIntercepter-->http://118.178.149.42/d?device_id=86100300900000500000060a4818fca8&host=b5d1d96093f9d07d386917b5d3b91cdcb031311b90271792b45951b69dc9c054dc862a7c9178ba82684e325a98b554b4&last=
07-05 22:53:58.426 D/HttpHandler(12630): DNSRetryIntercepter-->118.178.149.42
07-05 22:53:58.427 D/HttpHandler(12630): GslbDNS-->hostName=118.178.149.42
07-05 22:53:58.430 D/TabView (12630): 
07-05 22:53:58.434 D/TabView (12630): 
07-05 22:53:58.437 D/TabView (12630): 
07-05 22:53:58.439 D/TabView (12630): 
07-05 22:53:58.445 D/TabView (12630): 
07-05 22:53:58.448 D/TabView (12630): 
07-05 22:53:58.451 D/TabView (12630): 
07-05 22:53:58.453 D/TabView (12630): 
07-05 22:53:58.456 D/TabView (12630): 
07-05 22:53:58.461 D/TabView (12630): 
07-05 22:53:58.463 D/TabView (12630): 
07-05 22:53:58.465 D/TabView (12630): 
07-05 22:53:58.467 D/TabView (12630): 
07-05 22:53:58.470 D/TabView (12630): 
07-05 22:53:58.472 I/MyFragmentStateAdapter(12630): getCount
07-05 22:53:58.472 I/MyFragmentStateAdapter(12630): getCount
07-05 22:53:58.476 I/TabView (12630): onScroll:,firstItem=0,visibleCount=6,totalCount=10
07-05 22:53:58.478 I/ContentBridgeAdapterListener(12630): onAddPresenter 0
07-05 22:53:58.480 D/OkHttp  (12630): --> GET http://118.178.149.42/d?device_id=86100300900000500000060a4818fca8&host=b5d1d96093f9d07d386917b5d3b91cdcb031311b90271792b45951b69dc9c054dc862a7c9178ba82684e325a98b554b4&last= http/1.1
07-05 22:53:58.480 D/OkHttp  (12630): Host: lbgs.hismarttv.com
07-05 22:53:58.480 D/OkHttp  (12630): Connection: Keep-Alive
07-05 22:53:58.480 D/OkHttp  (12630): Accept-Encoding: gzip
07-05 22:53:58.480 D/OkHttp  (12630): User-Agent: okhttp/3.6.0
07-05 22:53:58.480 D/OkHttp  (12630): --> END GET
07-05 22:53:58.514 I/ContentBridgeAdapterListener(12630): onCreate ViewHolder{2ef72cd2 position=-1 id=-1, oldPos=-1, pLpos:-1 unbound no parent}
07-05 22:53:58.514 I/ContentBridgeAdapterListener(12630): onBind 
07-05 22:53:58.517 I/ContentBridgeAdapterListener(12630): onAttachedToWindow ViewHolder{2ef72cd2 position=0 id=-1, oldPos=-1, pLpos:-1}
07-05 22:53:58.517 I/BaseContentFragment(12630): setRowViewSelectedViewHolder{2ef72cd2 position=0 id=-1, oldPos=-1, pLpos:-1},isSelectedtrue
07-05 22:53:58.517 I/RoleContentFragment(12630): onChildSelected:0,lastPos=0
07-05 22:53:58.525 D/OsdMonitorService( 1733): mCurrentWindow = com.hisense.hicloud.edca/com.hisense.tvui.newhome.HomeMainActivity; newWindow = com.hisense.hicloud.edca/com.hisense.tvui.newhome.HomeMainActivity; isSubWindow = false; isInWinList = false; isExitNow = false
07-05 22:53:58.525 D/OsdMonitorService( 1733): windowNotOsd() : name = com.hisense.hicloud.edca/com.hisense.tvui.newhome.HomeMainActivity
07-05 22:53:58.525 I/OsdMonitorService( 1733): setOsdStatus() : status will change from true to true
07-05 22:53:58.526 D/PowerManagerService( 1733): setScreenBrightnessOverrideFromWindowManagerInternal done
07-05 22:53:58.529 D/PowerManagerService( 1733): setScreenBrightnessOverrideFromWindowManagerInternal done
07-05 22:53:58.530 I/art     (12630): Background sticky concurrent mark sweep GC freed 11743(647KB) AllocSpace objects, 1(16KB) LOS objects, 3% free, 26MB/27MB, paused 20.043ms total 121.017ms
07-05 22:53:58.533 I/ContentBridgeAdapterListener(12630): onAddPresenter 1
07-05 22:53:58.533 I/ContentBridgeAdapterListener(12630): onCreate ViewHolder{24b3c1c9 position=-1 id=-1, oldPos=-1, pLpos:-1 unbound no parent}
07-05 22:53:58.533 I/SpecialFirstRowPresenter(12630): onBindViewHoldercom.hisense.tvui.newhome.presenter.SpecialFirstListRow@100af0ce,isUnbind=false
07-05 22:53:58.533 I/ContentBridgeAdapterListener(12630): onBind 
07-05 22:53:58.535 I/ContentBridgeAdapterListener(12630): onAttachedToWindow ViewHolder{24b3c1c9 position=1 id=-1, oldPos=-1, pLpos:-1}
07-05 22:53:58.536 I/FirstLineAdapter(12630): canShowTrailer,isOffline=false
07-05 22:53:58.536 I/FirstLineAdapter(12630): canShowTrailer,isOffline=false
07-05 22:53:58.537 I/FirstLineAdapter(12630): canShowTrailer,isOffline=false
07-05 22:53:58.537 I/FirstLineAdapter(12630): onCreateViewHolder viewtype=0
07-05 22:53:58.541 D/PowerManagerService( 1733): setScreenBrightnessOverrideFromWindowManagerInternal done
07-05 22:53:58.553 I/FirstLineAdapter(12630): onBindViewHolder 0
07-05 22:53:58.563 I/FirstLineAdapter(12630): canShowTrailer,isOffline=false
07-05 22:53:58.563 I/FirstLineAdapter(12630): onCreateViewHolder viewtype=1
07-05 22:53:58.573 D/hwcomposer( 1204): lastHWWindowInfo is dirty
07-05 22:53:58.585 I/FirstLineAdapter(12630): onBindViewHolder 1
07-05 22:53:58.585 D/FirstLineAdapter(12630): setVipPoster ===>url :http://picture.edu.hismarttv.com/images/
07-05 22:53:58.599 I/FirstLineAdapter(12630): canShowTrailer,isOffline=false
07-05 22:53:58.599 I/FirstLineAdapter(12630): onCreateViewHolder viewtype=2
07-05 22:53:58.608 I/FirstLineAdapter(12630): onBindViewHolder 2
07-05 22:53:58.619 D/OkHttp  (12630): --> GET http://118.178.149.42/d?device_id=86100300900000500000060a4818fca8&host=b5d1d96093f9d07d386917b5d3b91cdcb031311b90271792b45951b69dc9c054dc862a7c9178ba82684e325a98b554b4&last= http/1.1
07-05 22:53:58.619 D/OkHttp  (12630): Host: lbgs.hismarttv.com
07-05 22:53:58.619 D/OkHttp  (12630): Connection: Keep-Alive
07-05 22:53:58.619 D/OkHttp  (12630): Accept-Encoding: gzip
07-05 22:53:58.619 D/OkHttp  (12630): User-Agent: okhttp/3.6.0
07-05 22:53:58.619 D/OkHttp  (12630): --> END GET
07-05 22:53:58.620 I/MyItemDecoration(12630): getItemOffsets rect=Rect(0, -17 - 0, 0),pos=1
07-05 22:53:58.621 I/MyItemDecoration(12630): getItemOffsets rect=Rect(0, -15 - 0, 0),pos=2
07-05 22:53:58.623 D/OkHttp  (12630): <-- 200 OK http://118.178.149.42/d?device_id=86100300900000500000060a4818fca8&host=b5d1d96093f9d07d386917b5d3b91cdcb031311b90271792b45951b69dc9c054dc862a7c9178ba82684e325a98b554b4&last= (142ms)
07-05 22:53:58.630 I/FirstLineAdapter(12630): canShowTrailer,isOffline=false
07-05 22:53:58.630 I/FirstLineAdapter(12630): canShowTrailer,isOffline=false
07-05 22:53:58.630 I/FirstLineAdapter(12630): onCreateViewHolder viewtype=3
07-05 22:53:58.631 I/CurrentCarouselView(12630): initView
07-05 22:53:58.632 D/OkHttp  (12630): Server: openresty
07-05 22:53:58.632 D/OkHttp  (12630): Date: Wed, 05 Jul 2017 14:53:58 GMT
07-05 22:53:58.632 D/OkHttp  (12630): Content-Type: application/octet-stream
07-05 22:53:58.632 D/OkHttp  (12630): Transfer-Encoding: chunked
07-05 22:53:58.632 D/OkHttp  (12630): Connection: close
07-05 22:53:58.632 D/OkHttp  (12630): <-- END HTTP
07-05 22:53:58.633 I/TVMW@HsTvSetting( 1234): Trace cmd, data = 0x1058
07-05 22:53:58.633 D/til@system( 2026): til_get_system_param option:100002F int:0, bool:0, ret:0
07-05 22:53:58.633 I/TVMW@HsTvSetting( 1234): Trace cmd, data = 0x101f
07-05 22:53:58.633 D/til@system( 2026): til_get_system_param option:100001D int:3, bool:3, ret:0
07-05 22:53:58.633 E/til     ( 2026): [til_get_current_input_source, 101] 
07-05 22:53:58.633 I/TVMW@HsTvSetting( 1234): Trace cmd, data = 0x7007
07-05 22:53:58.633 I/tilwrapper@sm( 2026): HS2TIL_SourceType *hs=0xd, *til=0x900
07-05 22:53:58.633 D/til     ( 2026): get current source 2304
07-05 22:53:58.633 D/SourceRemoteServiceHandler( 2026): getCurrentInputSource.from.til.result is 0, value is 2304
07-05 22:53:58.633 D/SourceRemoteServiceHandler( 2026): getInputSourceType source: 0x900, type=2304
07-05 22:53:58.634 D/til     ( 2026): ###### func:til_get_picture_param option:0x3000006 ######  
07-05 22:53:58.634 I/TVMW@HsTvSetting( 1234): Trace cmd, data = 0x1003
07-05 22:53:58.634 I/TVMW@HsTvSetting( 1234): Trace cmd, data = 0x8032
07-05 22:53:58.634 D/HttpHandler(12630): HttpDNS-->hostname=api.edu.hismarttv.com
07-05 22:53:58.635 I/hstvos  ( 1216): [0m[1;33m[HSHAL][HS_VIDEO][HS_HAL_Video_SetOsdDetect_v2][2389]u16Threshold = 20
07-05 22:53:58.635 I/MiSysSrv( 1214): Not support now! 42, change to mm_video!!!
07-05 22:53:58.635 E/TVMW@videoctrl( 1234):  getOsd is 1
07-05 22:53:58.635 D/til@system( 2026): til_get_system_param option:1000027 int:1, bool:1, ret:0
07-05 22:53:58.635 D/til     ( 2026): ###### func:til_get_picture_param option:0x3000045 ######  
07-05 22:53:58.635 I/TVMW@HsTvSetting( 1234): Trace cmd, data = 0x300c
07-05 22:53:58.635 I/TVMW@HsTvSetting( 1234): Trace 3d, data = 0x300c
07-05 22:53:58.635 I/TVMW@3d ( 1234): Hs_debug3d_trace: func:get3dStatus, line:109
07-05 22:53:58.638 I/HLSP2P  (16224): ## 2017-07-05 22:53:58.621 [16224,16378,:0] INFO ## [HLSP2P][TaskManager.cpp:838][INFO][UpdateGlobalInfo]totalDataSize: 0, totalMemorySize: 0, totalCacheSize: 0, PlayTaskAllFinish: 0
07-05 22:53:58.638 I/HLSP2P  (16224): ## 2017-07-05 22:53:58.622 [16224,16378,:0] INFO ## [HLSP2P][TaskManager.cpp:1348][INFO][TryAdjustMemorySize]system memory total size: 1912M, free size: 586MB, cache add to 100MB, AppState: 14, IsLowMemory: 0
07-05 22:53:58.639 D/OkHttp  (12630): --> GET http://118.178.149.42/d?device_id=86100300900000500000060a4818fca8&host=b5d1d96093f9d07d386917b5d3b91cdcb031311b90271792b45951b69dc9c054dc862a7c9178ba82684e325a98b554b4&last= http/1.1
07-05 22:53:58.639 D/OkHttp  (12630): Host: lbgs.hismarttv.com
07-05 22:53:58.639 D/OkHttp  (12630): Connection: Keep-Alive
07-05 22:53:58.639 D/OkHttp  (12630): Accept-Encoding: gzip
07-05 22:53:58.639 D/OkHttp  (12630): User-Agent: okhttp/3.6.0
07-05 22:53:58.639 D/OkHttp  (12630): --> END GET
07-05 22:53:58.658 D/HttpHandler(12630): RAMCache-->hostInfo.getClientTimeStamp()=15276157
07-05 22:53:58.658 D/HttpHandler(12630): RAMCache-->hostInfo.getTtl()=3600
07-05 22:53:58.658 D/HttpHandler(12630): RAMCache-->SystemClock.elapsedRealtime()=15280230
07-05 22:53:58.664 E/WebcastSDK-(12630): isImageCacheLimitedStat(),  context.getPackageName = com.hisense.hicloud.edca
07-05 22:53:58.664 E/WebcastSDK-(12630): isImageCacheLimitedStat(),  mIsImageLimited = 1
07-05 22:53:58.670 D/HttpHandler(12630): DNSHelper-->gslbDns=["123.103.91.123"]
07-05 22:53:58.675 I/NetflixMonitorService( 1733): current fgapk : com.hisense.hicloud.edca
07-05 22:53:58.675 I/NetflixMonitorService( 1733): Netflix status unchanged
07-05 22:53:58.697 E/WebcastSDK-HiCloudSourcePlugin(12630): init(), Webcast App Token is NULL.
07-05 22:53:58.697 E/WebcastSDK-HiCloudSourcePlugin(12630): getHiCloudService(), Webcast App Token is NULL.
07-05 22:53:58.697 D/HttpHandler(12630): DNSRetryIntercepter-->checkData=dbbf03a0e59a5c14094df6af108b323c4dc11b0eb914513bb9c680dfa40f380da63e5eeb02404906dc44966abfd9c05db7a114d4b48d3fc4e5bf084e8433a586a2ef5b05c45867f8b9c55a0e4ac14a769f52754e0fff18d12c3f15aa52bbc43d49ea66e23615e8f6475fbef264979d76cbd94dd2c3106df90069885b9dc357e776054130686da8599a634e437f94228019330fa45d80133451b7e43240dc689a6fc1f50da07ef367dfca7c354aa43e32ae8120abb14853791a1b64b269c844c9997f1c5d3fbe7d2847cf4dff70aa333dfa2053e6b25bb7f2cdd2616e20732d59aa9fb4650886b28cfe621fbead0d4eb7f5775751ed36fa20923300fa4088110698f4a767ad6279dcca69afdf4ba07b5bbbaae9611490c274b7634951301c84af340d53f8df43b83a05b48f4358578c54
07-05 22:53:58.698 D/WebcastSDK-HiCloudSourcePlugin(12630): getContext(): com.hisense.hicloud.edca.BaseApplication@2adbac5c mWebcastManager: null
07-05 22:53:58.712 W/art     (12630): Suspending all threads took: 8.817ms
07-05 22:53:58.718 D/OkHttp  (12630): --> GET http://api.edu.hismarttv.com/usercenter/api/individualize_data?devid=86100300900000500000060a4818fca8&customerId=7195320&subscriberId=13287129&ChannelId=0&tags=&version_id=6&region_name=%E6%9D%AD%E5%B7%9E&uuid=13287129&mac=a8:a6:48:18:fc:a8&model_id=0&APPPackage=com.hisense.hicloud.edca&PFAPPCode=652&APPVersionName=3.0.0.9.00&softwareVersion=LED50MU8600UC0000888&tv_distribute_id=00&devType=0&APIVersion=600&accessToken=72DF6038D2AEAB8A76DFBBBBCC428A4A_001699309937580 http/1.1
07-05 22:53:58.719 D/OkHttp  (12630): Data_Type: JSON
07-05 22:53:58.719 D/OkHttp  (12630): RetryTime: 0
07-05 22:53:58.719 D/OkHttp  (12630): Backoffmutiplier: 0
07-05 22:53:58.719 D/OkHttp  (12630): Host: api.edu.hismarttv.com
07-05 22:53:58.719 D/OkHttp  (12630): Connection: Keep-Alive
07-05 22:53:58.719 D/OkHttp  (12630): Accept-Encoding: gzip
07-05 22:53:58.719 D/OkHttp  (12630): User-Agent: okhttp/3.6.0
07-05 22:53:58.719 D/OkHttp  (12630): --> END GET
07-05 22:53:58.734 D/OkHttp  (12630): --> GET http://118.178.149.42/d?device_id=86100300900000500000060a4818fca8&host=b5d1d96093f9d07d386917b5d3b91cdcb031311b90271792b45951b69dc9c054dc862a7c9178ba82684e325a98b554b4&last= http/1.1
07-05 22:53:58.734 D/OkHttp  (12630): Host: lbgs.hismarttv.com
07-05 22:53:58.734 D/OkHttp  (12630): Connection: Keep-Alive
07-05 22:53:58.734 D/OkHttp  (12630): Accept-Encoding: gzip
07-05 22:53:58.736 D/NativeDecimalFormat(12630): NativeDecimalFormat_close print addr=3997595904
07-05 22:53:58.736 D/NativeDecimalFormat(12630): NativeDecimalFormat_close print g_addr=3997596672
07-05 22:53:58.736 D/NativeDecimalFormat(12630): NativeDecimalFormat_close print addr=3997596672
07-05 22:53:58.736 D/NativeDecimalFormat(12630): NativeDecimalFormat_close print g_addr=3997596672
07-05 22:53:58.737 I/art     (12630): Background partial concurrent mark sweep GC freed 29208(1838KB) AllocSpace objects, 5(1386KB) LOS objects, 14% free, 23MB/27MB, paused 13.501ms total 142.274ms
07-05 22:53:58.737 E/WebcastSDK-HiCloudSourcePlugin(12630): checkHiCloudFetchCondition(), Webcast App Token is NULL. mToken: null
07-05 22:53:58.737 E/WebcastSDK-HiCloudSourcePlugin(12630): FetchSystemParameterTask(), has no fetch condition, return.
07-05 22:53:58.738 E/WebcastSDK-DataReport(12630): init(), Webcast App Token is NULL.
07-05 22:53:58.738 E/WebcastSDK-DataReport(12630): getHiCloudService(), Webcast App Token is NULL.
07-05 22:53:58.741 D/WebcastSDK-WebcastManager(12630): Device license:WASU
07-05 22:53:58.748 D/HttpHandler(12630): DNSHelper-->gslbDnsresult={"timestamp":1499266438,"msg":"","data":{"lbgs.hismarttv.com":{"ips":["118.178.149.42","139.217.11.211"],"ttl":3600},"picture.edu.hismarttv.com":{"ips":["112.65.220.40","218.58.206.58","123.128.14.209","153.35.175.121","220.202.77.124","153.35.175.120","36.33.158.222"],"ttl":300}},"retCode":"0"}
07-05 22:53:58.749 I/System.out(12630):  remove duplicate [118.178.149.42, 139.217.11.211]
07-05 22:53:58.753 D/HttpHandler(12630): DNSHelper-->httpDnsParser=["112.65.220.40","218.58.206.58","123.128.14.209","153.35.175.121","220.202.77.124","153.35.175.120","36.33.158.222"]
07-05 22:53:58.758 D/OkHttp  (12630): User-Agent: okhttp/3.6.0
07-05 22:53:58.758 D/OkHttp  (12630): --> END GET
07-05 22:53:58.765 I/WebcastSDK-ProgramScheduleDataManager(12630): init(), next time to fetch programSchedules in interval = 120min.
07-05 22:53:58.766 I/WebcastSDK-HistoryDataManager(12630): HistoryDataManager.init
07-05 22:53:58.773 D/OkHttp  (12630): <-- 200 OK http://118.178.149.42/d?device_id=86100300900000500000060a4818fca8&host=b5d1d96093f9d07d386917b5d3b91cdcb031311b90271792b45951b69dc9c054dc862a7c9178ba82684e325a98b554b4&last= (154ms)
07-05 22:53:58.773 D/OkHttp  (12630): Server: openresty
07-05 22:53:58.773 D/OkHttp  (12630): Date: Wed, 05 Jul 2017 14:53:58 GMT
07-05 22:53:58.773 D/OkHttp  (12630): Content-Type: application/octet-stream
07-05 22:53:58.773 D/OkHttp  (12630): Transfer-Encoding: chunked
07-05 22:53:58.774 D/OkHttp  (12630): Connection: close
07-05 22:53:58.774 D/OkHttp  (12630): <-- END HTTP
07-05 22:53:58.777 D/OkHttp  (12630): --> GET http://picture.edu.hismarttv.com/images/20170628111729989045.png http/1.1
07-05 22:53:58.777 D/OkHttp  (12630): Host: picture.edu.hismarttv.com
07-05 22:53:58.777 D/OkHttp  (12630): Connection: Keep-Alive
07-05 22:53:58.777 D/OkHttp  (12630): Accept-Encoding: gzip
07-05 22:53:58.777 D/OkHttp  (12630): User-Agent: okhttp/3.6.0
07-05 22:53:58.777 D/OkHttp  (12630): --> END GET
07-05 22:53:58.783 D/HttpHandler(12630): DNSRetryIntercepter-->checkData=dbbf03a0e59a5c14094df6af108b323c4dc11b0eb914513bb9c680dfa40f380da63e5eeb02404906dc44966abfd9c05db7a114d4b48d3fc4e5bf084e8433a586a2ef5b05c45867f8b9c55a0e4ac14a769f52754e0fff18d12c3f15aa52bbc43d49ea66e23615e8f6475fbef264979d76cbd94dd2c3106df90069885b9dc357e776054130686da8599a634e437f94228019330fa45d80133451b7e43240dc689a6fc1f50da07ef367dfca7c354aa43e32ae8120abb14853791a1b64b269c844c9997f1c5d3fbe7d2847cf4dff70aa333dfa2053e6b25bb7f2cdd2616e20732d59aa9fb4650886b28cfe621fbead0d4eb7f5775751ed36fa20923300fa4088110698f4a767ad6279dcca69afdf4ba07b5bbbaae9611490c274b7634951301c84af340d53f8df43b83a05b48f4358578c54
07-05 22:53:58.785 D/HttpHandler(12630): DNSHelper-->gslbDnsresult={"timestamp":1499266438,"msg":"","data":{"lbgs.hismarttv.com":{"ips":["118.178.149.42","139.217.11.211"],"ttl":3600},"picture.edu.hismarttv.com":{"ips":["112.65.220.40","218.58.206.58","123.128.14.209","153.35.175.121","220.202.77.124","153.35.175.120","36.33.158.222"],"ttl":300}},"retCode":"0"}
07-05 22:53:58.785 I/System.out(12630):  remove duplicate [118.178.149.42, 139.217.11.211]
07-05 22:53:58.799 D/HttpHandler(12630): DNSHelper-->httpDnsParser=["112.65.220.40","218.58.206.58","123.128.14.209","153.35.175.121","220.202.77.124","153.35.175.120","36.33.158.222"]
07-05 22:53:58.799 D/OkHttp  (12630): <-- 200 OK http://picture.edu.hismarttv.com/images/20170628111729989045.png (22ms)
07-05 22:53:58.799 D/OkHttp  (12630): Date: Wed, 05 Jul 2017 13:59:48 GMT
07-05 22:53:58.799 D/OkHttp  (12630): Server: nginx
07-05 22:53:58.799 D/OkHttp  (12630): Content-Type: image/png
07-05 22:53:58.799 D/OkHttp  (12630): Content-Length: 2752
07-05 22:53:58.799 D/OkHttp  (12630): Last-Modified: Wed, 28 Jun 2017 11:17:29 GMT
07-05 22:53:58.799 D/OkHttp  (12630): ETag: "59539049-ac0"
07-05 22:53:58.799 D/OkHttp  (12630): Accept-Ranges: bytes
07-05 22:53:58.800 D/OkHttp  (12630): Age: 3250
