07-05 21:28:30.270 E/WindowState( 1733): getStack: Window{27aa1568 u0 com.jamdeo.launcher/com.jamdeo.launcher.app.BaseTileActivity} couldn't find taskId=5145 Callers=com.android.server.wm.WindowManagerService.assignLayersLocked:8873 com.android.server.wm.WindowManagerService.moveStackWindowsLocked:5212 com.android.server.wm.WindowManagerService.attachStack:5294 com.android.server.am.ActivityStackSupervisor$ActivityContainer.attachToDisplayLocked:3846 
07-05 21:28:30.271 E/WindowState( 1733): getStack: Window{27aa1568 u0 com.jamdeo.launcher/com.jamdeo.launcher.app.BaseTileActivity} couldn't find taskId=5145 Callers=com.android.server.wm.WindowManagerService.performLayoutAndPlaceSurfacesLockedInner:9918 com.android.server.wm.WindowManagerService.performLayoutAndPlaceSurfacesLockedLoop:8957 com.android.server.wm.WindowManagerService.performLayoutAndPlaceSurfacesLocked:8899 com.android.server.wm.WindowManagerService.moveStackWindowsLocked:5216 
07-05 21:28:30.273 E/WindowState( 1733): getStack: Window{27aa1568 u0 com.jamdeo.launcher/com.jamdeo.launcher.app.BaseTileActivity} couldn't find taskId=5145 Callers=com.android.server.wm.WindowState.getDisplayContent:819 com.android.server.wm.WindowState.getDisplayId:824 com.android.server.wm.InputMonitor.updateInputWindowsLw:294 com.android.server.wm.WindowManagerService.performLayoutAndPlaceSurfacesLockedInner:10257 
07-05 21:28:30.273 E/WindowState( 1733): getStack: Window{27aa1568 u0 com.jamdeo.launcher/com.jamdeo.launcher.app.BaseTileActivity} couldn't find taskId=5145 Callers=com.android.server.wm.WindowState.getStackBounds:849 com.android.server.wm.InputMonitor.addInputWindowHandleLw:180 com.android.server.wm.InputMonitor.updateInputWindowsLw:313 com.android.server.wm.WindowManagerService.performLayoutAndPlaceSurfacesLockedInner:10257 
07-05 21:28:30.275 D/PowerManagerService( 1733): setScreenBrightnessOverrideFromWindowManagerInternal done
07-05 21:28:30.281 E/WindowState( 1733): getStack: Window{27aa1568 u0 com.jamdeo.launcher/com.jamdeo.launcher.app.BaseTileActivity} couldn't find taskId=5145 Callers=com.android.server.wm.DisplayContent.setTouchExcludeRegion:239 com.android.server.wm.WindowManagerService.setFocusedStackFrame:4124 com.android.server.wm.WindowManagerService.performLayoutAndPlaceSurfacesLockedInner:10333 com.android.server.wm.WindowManagerService.performLayoutAndPlaceSurfacesLockedLoop:8957 
07-05 21:28:30.283 I/ActivityStackUtils( 1733): New stack created with id = 90
07-05 21:28:30.284 D/ActivityStackUtils( 1733): startActivityOnStack - intent: Intent { act=com.jamdeo.launcher.BASE_TILE flg=0x100 (has extras) }, on stackId: 90
07-05 21:28:30.285 I/ActivityManager( 1733): START u0 {act=com.jamdeo.launcher.BASE_TILE flg=0x18010000 cmp=com.jamdeo.launcher/.app.BaseTileActivity (has extras)} from uid 1000 on display 0
07-05 21:28:30.287 V/WindowManager( 1733): addAppToken: AppWindowToken{fe01583 token=Token{94a6432 ActivityRecord{14ed143d u0 com.jamdeo.launcher/.app.BaseTileActivity t5147}}} to stack=90 task=5147 at 0
07-05 21:28:30.326 V/WindowManager( 1733): Adding window Window{247f8f2c u0 Starting com.jamdeo.launcher} at 10 of 19 (after Window{39a620f6 u0 GlobalPanel})
07-05 21:28:30.327 I/UsageStatsService( 1733): paused component:com.jamdeo.launcher
07-05 21:28:30.327 D/UsageStatsService( 1733): User[0] Got usage event for com.jamdeo.launcher[1499261310328]: MOVE_TO_BACKGROUND
07-05 21:28:30.327 V/UsageStatsService( 1733): Paused: 10151899   Component: com.jamdeo.launcher/com.jamdeo.launcher.app.BaseTileActivity   Time: 1499261310327 LastSessionTime: 20936 CumulativeSessionTime: 2583318
07-05 21:28:30.327 D/UsageStatsService( 1733): UsageStats: broadcasting intent
07-05 21:28:30.328 W/ContextImpl( 1733): Calling a method in the system process without a qualified user: android.app.ContextImpl.sendBroadcast:1327 com.android.server.usage.UsageStatsService.insertUsageStats:1104 com.android.server.usage.UsageStatsService$PkgUsageStatsExtended.updatePause:979 com.android.server.usage.UsageStatsService$LocalService.notePauseComponent:808 com.android.server.am.ActivityManagerService.updateUsageStats:3173 
07-05 21:28:30.329 D/PowerManagerService( 1733): acquireWakeLockInternal: lock=681732318, flags=0x1, tag="ActivityManager-Launch", ws=null, uid=1000, pid=1733
07-05 21:28:30.329 D/PowerManagerNotifier( 1733): onWakeLockAcquired: flags=1, tag="ActivityManager-Launch", packageName=android, ownerUid=1000, ownerPid=1733, workSource=null
07-05 21:28:30.331 E/WindowState( 1733): getStack: Window{27aa1568 u0 com.jamdeo.launcher/com.jamdeo.launcher.app.BaseTileActivity} couldn't find taskId=5145 Callers=com.android.server.wm.WindowManagerService.assignLayersLocked:8873 com.android.server.wm.WindowManagerService.addWindow:2651 com.android.server.wm.Session.addToDisplay:168 android.view.ViewRootImpl.setView:527 
07-05 21:28:30.331 E/WindowState( 1733): getStack: Window{27aa1568 u0 com.jamdeo.launcher/com.jamdeo.launcher.app.BaseTileActivity} couldn't find taskId=5145 Callers=com.android.server.wm.WindowState.getDisplayContent:819 com.android.server.wm.WindowState.getDisplayId:824 com.android.server.wm.InputMonitor.updateInputWindowsLw:294 com.android.server.wm.WindowManagerService.addWindow:2658 
07-05 21:28:30.332 E/WindowState( 1733): getStack: Window{27aa1568 u0 com.jamdeo.launcher/com.jamdeo.launcher.app.BaseTileActivity} couldn't find taskId=5145 Callers=com.android.server.wm.WindowState.getStackBounds:849 com.android.server.wm.InputMonitor.addInputWindowHandleLw:180 com.android.server.wm.InputMonitor.updateInputWindowsLw:313 com.android.server.wm.WindowManagerService.addWindow:2658 
07-05 21:28:30.333 E/WindowState( 1733): getStack: Window{27aa1568 u0 com.jamdeo.launcher/com.jamdeo.launcher.app.BaseTileActivity} couldn't find taskId=5145 Callers=com.android.server.wm.WindowState.getDisplayContent:819 com.android.server.wm.WindowState.getWindowList:1397 com.android.server.wm.WindowManagerService.removeWindowInnerLocked:2895 com.android.server.wm.WindowManagerService.removeWindowLocked:2796 
07-05 21:28:30.333 E/WindowState( 1733): getStack: Window{27aa1568 u0 com.jamdeo.launcher/com.jamdeo.launcher.app.BaseTileActivity} couldn't find taskId=5145 Callers=com.android.server.wm.WindowState.getDisplayContent:819 com.android.server.wm.WindowManagerService.removeWindowInnerLocked:2900 com.android.server.wm.WindowManagerService.removeWindowLocked:2796 com.android.server.wm.WindowManagerService.removeWindow:2718 
07-05 21:28:30.335 D/PowerManagerService( 1733): setScreenBrightnessOverrideFromWindowManagerInternal done
07-05 21:28:30.339 D/ActivityStackUtils( 1733): moveStack - stackId: 90, toFront: true
07-05 21:28:30.356 D/PowerManagerService( 1733): setScreenBrightnessOverrideFromWindowManagerInternal done
07-05 21:28:30.364 D/PowerManagerService( 1733): setScreenBrightnessOverrideFromWindowManagerInternal done
07-05 21:28:30.373 D/TileTransitionManager( 1733): getActivityContainer, create an empty stack: 90for: com.hisense.hicloud.edca
07-05 21:28:30.380 D/TileTransitionManager( 1733): getActivityContainer notify the top tile app changed.
07-05 21:28:30.381 D/TileTransitionManager( 1733): preProcess tasks with top removed:false
07-05 21:28:30.382 D/ActivityStackUtils( 1733): getActivityContainer - on stackId: 90
07-05 21:28:30.382 D/JamdeoActivityStackSupervisor( 1733): get currentSiloName
07-05 21:28:30.382 I/ActivityManager( 1733): START u0 {act=android.intent.action.MAIN cat=[android.intent.category.LAUNCHER] flg=0x10200000 cmp=com.hisense.hicloud.edca/.activity.EntryActivity} from uid 2000 on display 0
07-05 21:28:30.400 D/PowerManagerService( 1733): setScreenBrightnessOverrideFromWindowManagerInternal done
07-05 21:28:30.403 D/PowerManagerService( 1733): setScreenBrightnessOverrideFromWindowManagerInternal done
07-05 21:28:30.404 V/WindowManager( 1733): addAppToken: AppWindowToken{18b272d7 token=Token{29a95256 ActivityRecord{f001471 u0 com.hisense.hicloud.edca/.activity.EntryActivity t5148}}} to stack=90 task=5148 at 0
07-05 21:28:30.448 I/ActivityManager( 1733): Start proc 30318:com.hisense.hicloud.edca/u0a10 for activity com.hisense.hicloud.edca/.activity.EntryActivity
07-05 21:28:30.500 I/UsageStatsService( 1733): resumed component name is ComponentInfo{com.hisense.hicloud.edca/com.hisense.hicloud.edca.activity.EntryActivity}
07-05 21:28:30.500 I/UsageStatsService( 1733): started component:com.hisense.hicloud.edca
07-05 21:28:30.500 V/UsageStatsService( 1733): Resumed: 10152072   Component: com.hisense.hicloud.edca/com.hisense.hicloud.edca.activity.EntryActivity   Time: 1499261310500 VersionCode: 652   LastUpdateTime: 1499256171569
07-05 21:28:30.500 D/UsageStatsService( 1733): UsageStats: broadcasting intent
07-05 21:28:30.503 W/ContextImpl( 1733): Calling a method in the system process without a qualified user: android.app.ContextImpl.sendBroadcast:1327 com.android.server.usage.UsageStatsService.insertUsageStats:1104 com.android.server.usage.UsageStatsService$PkgUsageStatsExtended.updateResume:962 com.android.server.usage.UsageStatsService$LocalService.noteResumeComponent:759 com.android.server.am.ActivityManagerService.updateUsageStats:3164 
07-05 21:28:30.508 D/UsageStatsService( 1733): User[0] Got usage event for com.hisense.hicloud.edca[1499261310500]: MOVE_TO_FOREGROUND
07-05 21:28:30.508 D/PowerManagerService( 1733): setScreenBrightnessOverrideFromWindowManagerInternal done
07-05 21:28:30.509 I/ActivityManager( 1733): TR16) TaskRecord{36b36c30 #5148 A=com.hisense.hicloud.edca U=0 sz=1}
07-05 21:28:30.509 I/ActivityManager( 1733): TR15) TaskRecord{cd10cea #4980 A=com.jamdeo.launcher U=0 sz=1}
07-05 21:28:30.617 I/ActivityManager( 1733): TR16) TaskRecord{36b36c30 #5148 A=com.hisense.hicloud.edca U=0 sz=1}
07-05 21:28:30.617 I/ActivityManager( 1733): TR15) TaskRecord{cd10cea #4980 A=com.jamdeo.launcher U=0 sz=1}
07-05 21:28:30.621 V/ActivityManager( 1733): set mstar.EnterOpaqueUI false
07-05 21:28:30.625 D/TvInputManagerService( 1733): call enableMotionEventNotifier:false
07-05 21:28:30.630 D/PowerManagerService( 1733): wakeUp: eventTime=10152202
07-05 21:28:30.630 D/PowerManagerService( 1733): wakeUpInternal: eventTime=10152202, uid=1000
07-05 21:28:30.630 D/PowerManagerService( 1733): wakeUpNoUpdateLocked: eventTime=10152202, uid=1000
07-05 21:28:30.633 V/WindowManager( 1733): Adding window Window{8e8562e u0 com.jamdeo.launcher/com.jamdeo.launcher.app.BaseTileActivity} at 10 of 19 (before Window{247f8f2c u0 Starting com.jamdeo.launcher})
07-05 21:28:30.670 D/TvInputManagerService( 1733): call enableMotionEventNotifier:false
07-05 21:28:30.674 D/TvInputManagerService( 1733): call enableMotionEventNotifier:false
07-05 21:28:30.681 D/PowerManagerService( 1733): wakeUp: eventTime=10152252
07-05 21:28:30.681 D/PowerManagerService( 1733): wakeUpInternal: eventTime=10152252, uid=1000
07-05 21:28:30.681 D/PowerManagerService( 1733): wakeUpNoUpdateLocked: eventTime=10152252, uid=1000
07-05 21:28:30.840 D/PowerManagerService( 1733): setScreenBrightnessOverrideFromWindowManagerInternal done
07-05 21:28:30.843 D/PowerManagerService( 1733): setScreenBrightnessOverrideFromWindowManagerInternal done
07-05 21:28:30.892 I/NetflixMonitorService( 1733): current fgapk : com.hisense.hicloud.edca
07-05 21:28:30.892 I/NetflixMonitorService( 1733): Netflix status unchanged
07-05 21:28:30.912 D/PowerManagerService( 1733): setScreenBrightnessOverrideFromWindowManagerInternal done
07-05 21:28:30.951 D/PowerManagerService( 1733): setScreenBrightnessOverrideFromWindowManagerInternal done
07-05 21:28:30.957 V/WindowManager( 1733): Adding window Window{39a7a73a u0 Starting com.hisense.hicloud.edca} at 12 of 20 (after Window{247f8f2c u0 Starting com.jamdeo.launcher})
07-05 21:28:30.975 W/ResourcesManager( 2232): Asset path '/system/framework/com.jamdeo.flow.jar' does not exist or contains no resources.
07-05 21:28:30.975 D/PowerManagerService( 1733): setScreenBrightnessOverrideFromWindowManagerInternal done
07-05 21:28:30.978 D/PowerManagerService( 1733): setScreenBrightnessOverrideFromWindowManagerInternal done
07-05 21:28:31.008 W/ActivityManager( 1733): getTasks: caller 10016 is using old GET_TASKS but privileged; allowing
07-05 21:28:31.016 W/ActivityManager( 1733): getTasks: caller 10016 is using old GET_TASKS but privileged; allowing
07-05 21:28:31.020 W/ActivityManager( 1733): getRunningAppProcesses: caller 10016 is using old GET_TASKS but privileged; allowing
07-05 21:28:31.031 W/ActivityManager( 1733): Unable to start service Intent { act=com.jamdeo.tilelibrary.VidaaTileService pkg=com.jamdeo.launcher } U=0: not found
07-05 21:28:31.047 D/PowerManagerService( 1733): setScreenBrightnessOverrideFromWindowManagerInternal done
07-05 21:28:31.050 D/PowerManagerService( 1733): setScreenBrightnessOverrideFromWindowManagerInternal done
07-05 21:28:31.054 D/PowerManagerService( 1733): setScreenBrightnessOverrideFromWindowManagerInternal done
07-05 21:28:31.057 D/PowerManagerService( 1733): setScreenBrightnessOverrideFromWindowManagerInternal done
07-05 21:28:31.061 D/PowerManagerService( 1733): setScreenBrightnessOverrideFromWindowManagerInternal done
07-05 21:28:31.090 D/PowerManagerService( 1733): setScreenBrightnessOverrideFromWindowManagerInternal done
07-05 21:28:31.525 D/PowerManagerService( 1733): setScreenBrightnessOverrideFromWindowManagerInternal done
07-05 21:28:31.529 D/PowerManagerService( 1733): setScreenBrightnessOverrideFromWindowManagerInternal done
07-05 21:28:31.892 I/NetflixMonitorService( 1733): current fgapk : com.hisense.hicloud.edca
07-05 21:28:31.892 I/NetflixMonitorService( 1733): Netflix status unchanged
07-05 21:28:32.893 I/NetflixMonitorService( 1733): current fgapk : com.hisense.hicloud.edca
07-05 21:28:32.893 I/NetflixMonitorService( 1733): Netflix status unchanged
07-05 21:28:33.893 I/NetflixMonitorService( 1733): current fgapk : com.hisense.hicloud.edca
07-05 21:28:33.893 I/NetflixMonitorService( 1733): Netflix status unchanged
07-05 21:28:34.046 V/WindowManager( 1733): Adding window Window{39a8c290 u0 com.hisense.hicloud.edca/com.hisense.hicloud.edca.activity.EntryActivity} at 10 of 19 (before Window{39a7a73a u0 Starting com.hisense.hicloud.edca})
07-05 21:28:34.894 I/NetflixMonitorService( 1733): current fgapk : com.hisense.hicloud.edca
07-05 21:28:34.894 I/NetflixMonitorService( 1733): Netflix status unchanged
07-05 21:28:34.944 D/PowerManagerService( 1733): setScreenBrightnessOverrideFromWindowManagerInternal done
07-05 21:28:34.946 D/PowerManagerService( 1733): setScreenBrightnessOverrideFromWindowManagerInternal done
07-05 21:28:35.768 D/PowerManagerService( 1733): setScreenBrightnessOverrideFromWindowManagerInternal done
07-05 21:28:35.778 D/PowerManagerService( 1733): setScreenBrightnessOverrideFromWindowManagerInternal done
07-05 21:28:35.781 D/PowerManagerService( 1733): setScreenBrightnessOverrideFromWindowManagerInternal done
07-05 21:28:35.793 D/PowerManagerService( 1733): setScreenBrightnessOverrideFromWindowManagerInternal done
07-05 21:28:35.818 D/PowerManagerService( 1733): releaseWakeLockInternal: lock=681732318 [ActivityManager-Launch], flags=0x0
07-05 21:28:35.818 D/PowerManagerNotifier( 1733): onWakeLockReleased: flags=1, tag="ActivityManager-Launch", packageName=android, ownerUid=1000, ownerPid=1733, workSource=null
07-05 21:28:35.894 I/NetflixMonitorService( 1733): current fgapk : com.hisense.hicloud.edca
07-05 21:28:35.894 I/NetflixMonitorService( 1733): Netflix status unchanged
07-05 21:28:35.978 D/PowerManagerService( 1733): setScreenBrightnessOverrideFromWindowManagerInternal done
07-05 21:28:35.981 D/PowerManagerService( 1733): setScreenBrightnessOverrideFromWindowManagerInternal done
07-05 21:28:36.895 I/NetflixMonitorService( 1733): current fgapk : com.hisense.hicloud.edca
07-05 21:28:36.895 I/NetflixMonitorService( 1733): Netflix status unchanged
07-05 21:28:37.021 D/TileTransitionManager( 1733): getActivityContainer not enter cts mode
07-05 21:28:37.022 D/JamdeoActivityStackSupervisor( 1733): get currentSiloName
07-05 21:28:37.022 I/ActivityManager( 1733): START u0 {cmp=com.hisense.hicloud.edca/com.hisense.tvui.newhome.HomeMainActivity} from uid 10010 on display 0
07-05 21:28:37.024 D/PowerManagerService( 1733): setScreenBrightnessOverrideFromWindowManagerInternal done
07-05 21:28:37.027 D/PowerManagerService( 1733): setScreenBrightnessOverrideFromWindowManagerInternal done
07-05 21:28:37.029 V/WindowManager( 1733): addAppToken: AppWindowToken{23aa53a8 token=Token{ddddfcb ActivityRecord{15234a9a u0 com.hisense.hicloud.edca/com.hisense.tvui.newhome.HomeMainActivity t5148}}} to stack=90 task=5148 at 1
07-05 21:28:37.029 I/UsageStatsService( 1733): paused component:com.hisense.hicloud.edca
07-05 21:28:37.029 V/UsageStatsService( 1733): Paused: 10158600   Component: com.hisense.hicloud.edca/com.hisense.hicloud.edca.activity.EntryActivity   Time: 1499261317029 LastSessionTime: 6528 CumulativeSessionTime: 3122720
07-05 21:28:37.029 D/UsageStatsService( 1733): User[0] Got usage event for com.hisense.hicloud.edca[1499261317029]: MOVE_TO_BACKGROUND
07-05 21:28:37.029 D/UsageStatsService( 1733): UsageStats: broadcasting intent
07-05 21:28:37.030 W/ContextImpl( 1733): Calling a method in the system process without a qualified user: android.app.ContextImpl.sendBroadcast:1327 com.android.server.usage.UsageStatsService.insertUsageStats:1104 com.android.server.usage.UsageStatsService$PkgUsageStatsExtended.updatePause:979 com.android.server.usage.UsageStatsService$LocalService.notePauseComponent:808 com.android.server.am.ActivityManagerService.updateUsageStats:3173 
07-05 21:28:37.030 D/PowerManagerService( 1733): acquireWakeLockInternal: lock=681732318, flags=0x1, tag="ActivityManager-Launch", ws=null, uid=1000, pid=1733
07-05 21:28:37.030 D/PowerManagerNotifier( 1733): onWakeLockAcquired: flags=1, tag="ActivityManager-Launch", packageName=android, ownerUid=1000, ownerPid=1733, workSource=null
07-05 21:28:37.532 W/ActivityManager( 1733): Activity pause timeout for ActivityRecord{f001471 u0 com.hisense.hicloud.edca/.activity.EntryActivity t5148 f}
07-05 21:28:37.535 I/UsageStatsService( 1733): resumed component name is ComponentInfo{com.hisense.hicloud.edca/com.hisense.tvui.newhome.HomeMainActivity}
07-05 21:28:37.535 I/UsageStatsService( 1733): started component:com.hisense.hicloud.edca
07-05 21:28:37.535 V/UsageStatsService( 1733): Resumed: 10159107   Component: com.hisense.hicloud.edca/com.hisense.tvui.newhome.HomeMainActivity   Time: 1499261317535 VersionCode: 652   LastUpdateTime: 1499256171569
07-05 21:28:37.535 D/UsageStatsService( 1733): User[0] Got usage event for com.hisense.hicloud.edca[1499261317536]: MOVE_TO_FOREGROUND
07-05 21:28:37.536 D/UsageStatsService( 1733): UsageStats: broadcasting intent
07-05 21:28:37.536 W/ContextImpl( 1733): Calling a method in the system process without a qualified user: android.app.ContextImpl.sendBroadcast:1327 com.android.server.usage.UsageStatsService.insertUsageStats:1104 com.android.server.usage.UsageStatsService$PkgUsageStatsExtended.updateResume:962 com.android.server.usage.UsageStatsService$LocalService.noteResumeComponent:759 com.android.server.am.ActivityManagerService.updateUsageStats:3164 
07-05 21:28:37.540 D/PowerManagerService( 1733): setScreenBrightnessOverrideFromWindowManagerInternal done
07-05 21:28:37.541 I/ActivityManager( 1733): TR16) TaskRecord{36b36c30 #5148 A=com.hisense.hicloud.edca U=0 sz=2}
07-05 21:28:37.541 I/ActivityManager( 1733): TR15) TaskRecord{cd10cea #4980 A=com.jamdeo.launcher U=0 sz=1}
07-05 21:28:37.542 V/ActivityManager( 1733): set mstar.EnterOpaqueUI false
07-05 21:28:37.896 I/NetflixMonitorService( 1733): current fgapk : com.hisense.hicloud.edca
07-05 21:28:37.896 I/NetflixMonitorService( 1733): Netflix status unchanged
07-05 21:28:38.359 V/WindowManager( 1733): Adding window Window{176e47ec u0 com.hisense.hicloud.edca/com.hisense.tvui.newhome.HomeMainActivity} at 11 of 19 (after Window{39a8c290 u0 com.hisense.hicloud.edca/com.hisense.hicloud.edca.activity.EntryActivity})
07-05 21:28:38.751 D/PowerManagerService( 1733): setScreenBrightnessOverrideFromWindowManagerInternal done
07-05 21:28:38.753 D/PowerManagerService( 1733): setScreenBrightnessOverrideFromWindowManagerInternal done
07-05 21:28:38.804 V/HotPlugDetectionAction( 1733): Poll all devices.
07-05 21:28:38.896 I/NetflixMonitorService( 1733): current fgapk : com.hisense.hicloud.edca
07-05 21:28:38.896 I/NetflixMonitorService( 1733): Netflix status unchanged
07-05 21:28:38.976 D/PowerManagerService( 1733): setScreenBrightnessOverrideFromWindowManagerInternal done
07-05 21:28:38.979 D/PowerManagerService( 1733): setScreenBrightnessOverrideFromWindowManagerInternal done
07-05 21:28:38.985 D/PowerManagerService( 1733): setScreenBrightnessOverrideFromWindowManagerInternal done
07-05 21:28:39.287 E/HDMI_CEC( 1733): Send Message TO[5] 
07-05 21:28:39.287 E/HDMI_CEC( 1733): OP[0], <Feature Abort> 
07-05 21:28:39.287 E/HDMI_CEC( 1733): ========
07-05 21:28:39.358 E/HDMI_CEC( 1733): MI_CEC_SendTxPolling, ErrCode[4] 
07-05 21:28:39.392 E/HDMI_CEC( 1733): Sending message can't be response. 
07-05 21:28:39.411 D/PowerManagerService( 1733): setScreenBrightnessOverrideFromWindowManagerInternal done
07-05 21:28:39.415 D/PowerManagerService( 1733): setScreenBrightnessOverrideFromWindowManagerInternal done
07-05 21:28:39.428 D/PowerManagerService( 1733): setScreenBrightnessOverrideFromWindowManagerInternal done
07-05 21:28:39.897 I/NetflixMonitorService( 1733): current fgapk : com.hisense.hicloud.edca
07-05 21:28:39.897 I/NetflixMonitorService( 1733): Netflix status unchanged
07-05 21:28:40.246 W/ActivityManager( 1733): Activity destroy timeout for ActivityRecord{179d557f u0 com.jamdeo.launcher/.app.BaseTileActivity t5145 f}
07-05 21:28:40.340 D/HDMI    ( 1733): [P]:AllocatedAddress=[]
07-05 21:28:40.342 I/UsageStatsService( 1733): User[0] Flushing usage stats to disk
07-05 21:28:40.897 I/NetflixMonitorService( 1733): current fgapk : com.hisense.hicloud.edca
07-05 21:28:40.897 I/NetflixMonitorService( 1733): Netflix status unchanged
07-05 21:28:40.902 D/PowerManagerService( 1733): setScreenBrightnessOverrideFromWindowManagerInternal done
07-05 21:28:41.202 D/PowerManagerService( 1733): acquireWakeLockInternal: lock=113832109, flags=0x1, tag="NetworkStats", ws=null, uid=1000, pid=1733
07-05 21:28:41.202 D/PowerManagerNotifier( 1733): onWakeLockAcquired: flags=1, tag="NetworkStats", packageName=android, ownerUid=1000, ownerPid=1733, workSource=null
07-05 21:28:41.208 D/PowerManagerService( 1733): releaseWakeLockInternal: lock=113832109 [NetworkStats], flags=0x0
07-05 21:28:41.208 D/PowerManagerNotifier( 1733): onWakeLockReleased: flags=1, tag="NetworkStats", packageName=android, ownerUid=1000, ownerPid=1733, workSource=null
07-05 21:28:41.832 D/WifiService( 1733): New client listening to asynchronous messages
07-05 21:28:41.898 I/NetflixMonitorService( 1733): current fgapk : com.hisense.hicloud.edca
07-05 21:28:41.898 I/NetflixMonitorService( 1733): Netflix status unchanged
07-05 21:28:42.114 D/PowerManagerService( 1733): setScreenBrightnessOverrideFromWindowManagerInternal done
07-05 21:28:42.136 V/WindowManager( 1733): Adding window Window{2bb8c608 u0 SurfaceView} at 11 of 20 (before Window{176e47ec u0 com.hisense.hicloud.edca/com.hisense.tvui.newhome.HomeMainActivity})
07-05 21:28:42.143 D/PowerManagerService( 1733): setScreenBrightnessOverrideFromWindowManagerInternal done
07-05 21:28:42.158 D/PowerManagerService( 1733): setScreenBrightnessOverrideFromWindowManagerInternal done
07-05 21:28:42.160 D/PowerManagerService( 1733): setScreenBrightnessOverrideFromWindowManagerInternal done
07-05 21:28:42.164 D/PowerManagerService( 1733): setScreenBrightnessOverrideFromWindowManagerInternal done
07-05 21:28:42.187 D/PowerManagerService( 1733): setScreenBrightnessOverrideFromWindowManagerInternal done
07-05 21:28:42.657 D/PowerManagerService( 1733): acquireWakeLockInternal: lock=473100705, flags=0x1, tag="AudioMix", ws=null, uid=1013, pid=0
07-05 21:28:42.658 D/PowerManagerNotifier( 1733): onWakeLockAcquired: flags=1, tag="AudioMix", packageName=media, ownerUid=1013, ownerPid=0, workSource=null
07-05 21:28:42.658 D/PowerManagerService( 1733): updateWakeLockWorkSourceInternal: lock=473100705 [AudioMix], ws=null
07-05 21:28:42.659 D/PowerManagerService( 1733): acquireWakeLockInternal: lock=181804998, flags=0x1, tag="AudioMix", ws=null, uid=1013, pid=0
07-05 21:28:42.659 D/PowerManagerNotifier( 1733): onWakeLockAcquired: flags=1, tag="AudioMix", packageName=media, ownerUid=1013, ownerPid=0, workSource=null
07-05 21:28:42.659 D/PowerManagerService( 1733): updateWakeLockWorkSourceInternal: lock=181804998 [AudioMix], ws=null
07-05 21:28:42.901 I/NetflixMonitorService( 1733): current fgapk : com.hisense.hicloud.edca
07-05 21:28:42.901 I/NetflixMonitorService( 1733): Netflix status unchanged
07-05 21:28:43.407 D/PowerManagerService( 1733): acquireWakeLockInternal: lock=113832109, flags=0x1, tag="NetworkStats", ws=null, uid=1000, pid=1733
07-05 21:28:43.407 D/PowerManagerNotifier( 1733): onWakeLockAcquired: flags=1, tag="NetworkStats", packageName=android, ownerUid=1000, ownerPid=1733, workSource=null
07-05 21:28:43.427 D/PowerManagerService( 1733): releaseWakeLockInternal: lock=113832109 [NetworkStats], flags=0x0
07-05 21:28:43.427 D/PowerManagerNotifier( 1733): onWakeLockReleased: flags=1, tag="NetworkStats", packageName=android, ownerUid=1000, ownerPid=1733, workSource=null
07-05 21:28:43.628 D/PowerManagerService( 1733): releaseWakeLockInternal: lock=681732318 [ActivityManager-Launch], flags=0x0
07-05 21:28:43.628 D/PowerManagerNotifier( 1733): onWakeLockReleased: flags=1, tag="ActivityManager-Launch", packageName=android, ownerUid=1000, ownerPid=1733, workSource=null
07-05 21:28:43.666 D/PowerManagerService( 1733): setScreenBrightnessOverrideFromWindowManagerInternal done
07-05 21:28:43.725 D/PowerManagerService( 1733): setScreenBrightnessOverrideFromWindowManagerInternal done
07-05 21:28:43.727 D/PowerManagerService( 1733): setScreenBrightnessOverrideFromWindowManagerInternal done
07-05 21:28:43.731 D/PowerManagerService( 1733): setScreenBrightnessOverrideFromWindowManagerInternal done
07-05 21:28:43.760 D/PowerManagerService( 1733): acquireWakeLockInternal: lock=487931605, flags=0x2000000a, tag="WindowManager", ws=WorkSource{10010}, uid=1000, pid=1733
07-05 21:28:43.760 D/PowerManagerNotifier( 1733): onWakeLockAcquired: flags=536870922, tag="WindowManager", packageName=android, ownerUid=1000, ownerPid=1733, workSource=WorkSource{10010}
07-05 21:28:43.761 D/PowerManagerService( 1733): setScreenBrightnessOverrideFromWindowManagerInternal done
07-05 21:28:43.901 I/NetflixMonitorService( 1733): current fgapk : com.hisense.hicloud.edca
07-05 21:28:43.901 I/NetflixMonitorService( 1733): Netflix status unchanged
07-05 21:28:44.408 D/PowerManagerService( 1733): acquireWakeLockInternal: lock=113832109, flags=0x1, tag="NetworkStats", ws=null, uid=1000, pid=1733
07-05 21:28:44.408 D/PowerManagerNotifier( 1733): onWakeLockAcquired: flags=1, tag="NetworkStats", packageName=android, ownerUid=1000, ownerPid=1733, workSource=null
07-05 21:28:44.441 D/PowerManagerService( 1733): releaseWakeLockInternal: lock=113832109 [NetworkStats], flags=0x0
07-05 21:28:44.441 D/PowerManagerNotifier( 1733): onWakeLockReleased: flags=1, tag="NetworkStats", packageName=android, ownerUid=1000, ownerPid=1733, workSource=null
07-05 21:28:44.902 I/NetflixMonitorService( 1733): current fgapk : com.hisense.hicloud.edca
07-05 21:28:44.902 I/NetflixMonitorService( 1733): Netflix status unchanged
07-05 21:28:45.257 D/PowerManagerService( 1733): acquireWakeLockInternal: lock=113832109, flags=0x1, tag="NetworkStats", ws=null, uid=1000, pid=1733
07-05 21:28:45.257 D/PowerManagerNotifier( 1733): onWakeLockAcquired: flags=1, tag="NetworkStats", packageName=android, ownerUid=1000, ownerPid=1733, workSource=null
07-05 21:28:45.287 D/PowerManagerService( 1733): releaseWakeLockInternal: lock=113832109 [NetworkStats], flags=0x0
07-05 21:28:45.287 D/PowerManagerNotifier( 1733): onWakeLockReleased: flags=1, tag="NetworkStats", packageName=android, ownerUid=1000, ownerPid=1733, workSource=null
07-05 21:28:45.299 D/PowerManagerService( 1733): updateWakeLockWorkSourceInternal: lock=473100705 [AudioMix], ws=WorkSource{10010}
07-05 21:28:45.299 D/PowerManagerNotifier( 1733): onWakeLockReleased: flags=1, tag="AudioMix", packageName=media, ownerUid=1013, ownerPid=0, workSource=null
07-05 21:28:45.299 D/PowerManagerNotifier( 1733): onWakeLockAcquired: flags=1, tag="AudioMix", packageName=media, ownerUid=1013, ownerPid=0, workSource=WorkSource{10010}
07-05 21:28:45.659 D/PowerManagerService( 1733): releaseWakeLockInternal: lock=181804998 [AudioMix], flags=0x0
07-05 21:28:45.659 D/PowerManagerNotifier( 1733): onWakeLockReleased: flags=1, tag="AudioMix", packageName=media, ownerUid=1013, ownerPid=0, workSource=null
07-05 21:28:45.902 I/NetflixMonitorService( 1733): current fgapk : com.hisense.hicloud.edca
07-05 21:28:45.902 I/NetflixMonitorService( 1733): Netflix status unchanged
--------- beginning of main
07-05 21:28:46.028 I/MyFragmentStateAdapter(30318): getCount
07-05 21:28:46.072 I/MyFragmentStateAdapter(30318): getCount
07-05 21:28:46.091 D/HiCloudSourcePlugin(15961): Delta Updating Task Runnning...
07-05 21:28:46.113 I/art     (30282): Background sticky concurrent mark sweep GC freed 18922(1003KB) AllocSpace objects, 0(0B) LOS objects, 63% free, 608KB/1688KB, paused 5.380ms total 12.667ms
07-05 21:28:46.115 I/MyFragmentStateAdapter(30318): getCount
07-05 21:28:46.117 D/PowerManagerService( 1733): acquireWakeLockInternal: lock=113832109, flags=0x1, tag="NetworkStats", ws=null, uid=1000, pid=1733
07-05 21:28:46.117 D/PowerManagerNotifier( 1733): onWakeLockAcquired: flags=1, tag="NetworkStats", packageName=android, ownerUid=1000, ownerPid=1733, workSource=null
07-05 21:28:46.117 D/NtpTrustedTime( 1733): currentTimeMillis() cache hit
07-05 21:28:46.122 D/NtpTrustedTime( 1733): currentTimeMillis() cache hit
07-05 21:28:46.129 D/NtpTrustedTime( 1733): currentTimeMillis() cache hit
07-05 21:28:46.129 D/NtpTrustedTime( 1733): currentTimeMillis() cache hit
07-05 21:28:46.129 D/PowerManagerService( 1733): releaseWakeLockInternal: lock=113832109 [NetworkStats], flags=0x0
07-05 21:28:46.129 D/PowerManagerNotifier( 1733): onWakeLockReleased: flags=1, tag="NetworkStats", packageName=android, ownerUid=1000, ownerPid=1733, workSource=null
07-05 21:28:46.146 I/MyFragmentStateAdapter(30318): getCount
07-05 21:28:46.170 I/MiSysSrv( 1214): [37m[INFO] Change to Voltage: 117 mv (0x32)[m
07-05 21:28:46.174 I/MyFragmentStateAdapter(30318): getCount
07-05 21:28:46.198 I/MyFragmentStateAdapter(30318): getCount
07-05 21:28:46.231 I/MyFragmentStateAdapter(30318): getCount
07-05 21:28:46.233 I/TVMW@HsTvSetting( 1234): Trace cmd, data = 0x1058
07-05 21:28:46.233 D/til@system( 2026): til_get_system_param option:100002F int:0, bool:0, ret:0
07-05 21:28:46.234 I/TVMW@HsTvSetting( 1234): Trace cmd, data = 0x101f
07-05 21:28:46.236 D/til@system( 2026): til_get_system_param option:100001D int:3, bool:3, ret:0
07-05 21:28:46.236 E/til     ( 2026): [til_get_current_input_source, 101] 
07-05 21:28:46.236 I/TVMW@HsTvSetting( 1234): Trace cmd, data = 0x7007
07-05 21:28:46.236 I/tilwrapper@sm( 2026): HS2TIL_SourceType *hs=0xd, *til=0x900
07-05 21:28:46.236 D/til     ( 2026): get current source 2304
07-05 21:28:46.236 D/SourceRemoteServiceHandler( 2026): getCurrentInputSource.from.til.result is 0, value is 2304
07-05 21:28:46.236 D/SourceRemoteServiceHandler( 2026): getInputSourceType source: 0x900, type=2304
07-05 21:28:46.237 D/til     ( 2026): ###### func:til_get_picture_param option:0x3000006 ######  
07-05 21:28:46.237 I/TVMW@HsTvSetting( 1234): Trace cmd, data = 0x1003
07-05 21:28:46.237 I/TVMW@HsTvSetting( 1234): Trace cmd, data = 0x8032
07-05 21:28:46.237 I/hstvos  ( 1216): [0m[1;33m[HSHAL][HS_VIDEO][HS_HAL_Video_SetOsdDetect_v2][2389]u16Threshold = 20
07-05 21:28:46.238 E/TVMW@videoctrl( 1234):  getOsd is 1
07-05 21:28:46.238 D/til@system( 2026): til_get_system_param option:1000027 int:1, bool:1, ret:0
07-05 21:28:46.238 D/til     ( 2026): ###### func:til_get_picture_param option:0x3000045 ######  
07-05 21:28:46.239 I/TVMW@HsTvSetting( 1234): Trace cmd, data = 0x300c
07-05 21:28:46.239 I/TVMW@HsTvSetting( 1234): Trace 3d, data = 0x300c
07-05 21:28:46.239 I/TVMW@3d ( 1234): Hs_debug3d_trace: func:get3dStatus, line:109
07-05 21:28:46.277 I/MyFragmentStateAdapter(30318): getCount
07-05 21:28:46.289 D/MSTAR_VDEC_DBG( 1206): Stream ID: 0, Rate : 24 (E:0,D:0,S:0,F:44) 
07-05 21:28:46.301 I/MyFragmentStateAdapter(30318): getCount
07-05 21:28:46.303 D/MC_MEMORY(16055): max: 256.261888 Mb, heap: 10.10784 Mb, allocated: 8.9181 Mb, free: 1.1603 Mb, native heap: 12.12276 Mb, native allocated: 8.8353 Mb, native free: 3.3923 Mb
07-05 21:28:46.326 I/MyFragmentStateAdapter(30318): getCount
07-05 21:28:46.350 I/MyFragmentStateAdapter(30318): getCount
07-05 21:28:46.369 I/MyFragmentStateAdapter(30318): getCount
07-05 21:28:46.398 I/MyFragmentStateAdapter(30318): getCount
07-05 21:28:46.427 I/MyFragmentStateAdapter(30318): getCount
07-05 21:28:46.448 I/MyFragmentStateAdapter(30318): getCount
07-05 21:28:46.462 D/IntertrustDRMManager(30318): [TID 30481] wasabi runtime initialized success.
07-05 21:28:46.471 I/MyFragmentStateAdapter(30318): getCount
07-05 21:28:46.488 I/MyFragmentStateAdapter(30318): getCount
07-05 21:28:46.506 I/MyFragmentStateAdapter(30318): getCount
07-05 21:28:46.523 I/MyFragmentStateAdapter(30318): getCount
07-05 21:28:46.540 I/MyFragmentStateAdapter(30318): getCount
07-05 21:28:46.560 I/MyFragmentStateAdapter(30318): getCount
07-05 21:28:46.571 I/MiSysSrv( 1214): [37m[INFO] Change to Voltage: 102 mv (0x23)[m
07-05 21:28:46.584 I/MyFragmentStateAdapter(30318): getCount
07-05 21:28:46.603 I/MyFragmentStateAdapter(30318): getCount
07-05 21:28:46.631 I/MyFragmentStateAdapter(30318): getCount
07-05 21:28:46.651 I/MyFragmentStateAdapter(30318): getCount
07-05 21:28:46.669 I/MiSysSrv( 1214): [37m[INFO] Change to Voltage: 102 mv (0x23)[m
07-05 21:28:46.672 I/MyFragmentStateAdapter(30318): getCount
07-05 21:28:46.694 I/MyFragmentStateAdapter(30318): getCount
07-05 21:28:46.715 D/DtvSourcePlugin-DVBC(15961): Setting the EPG Updater state to: WAIT
07-05 21:28:46.718 I/MyFragmentStateAdapter(30318): getCount
07-05 21:28:46.739 I/MyFragmentStateAdapter(30318): getCount
07-05 21:28:46.740 I/TVMW@HsTvSetting( 1234): Trace cmd, data = 0x1058
07-05 21:28:46.740 D/til@system( 2026): til_get_system_param option:100002F int:0, bool:0, ret:0
07-05 21:28:46.740 I/TVMW@HsTvSetting( 1234): Trace cmd, data = 0x101f
07-05 21:28:46.740 D/til@system( 2026): til_get_system_param option:100001D int:3, bool:3, ret:0
07-05 21:28:46.741 E/til     ( 2026): [til_get_current_input_source, 101] 
07-05 21:28:46.741 I/TVMW@HsTvSetting( 1234): Trace cmd, data = 0x7007
07-05 21:28:46.741 I/tilwrapper@sm( 2026): HS2TIL_SourceType *hs=0xd, *til=0x900
07-05 21:28:46.741 D/til     ( 2026): get current source 2304
07-05 21:28:46.741 D/SourceRemoteServiceHandler( 2026): getCurrentInputSource.from.til.result is 0, value is 2304
07-05 21:28:46.741 D/SourceRemoteServiceHandler( 2026): getInputSourceType source: 0x900, type=2304
07-05 21:28:46.741 D/til     ( 2026): ###### func:til_get_picture_param option:0x3000006 ######  
07-05 21:28:46.741 I/TVMW@HsTvSetting( 1234): Trace cmd, data = 0x1003
07-05 21:28:46.742 I/TVMW@HsTvSetting( 1234): Trace cmd, data = 0x8032
07-05 21:28:46.742 I/hstvos  ( 1216): [0m[1;33m[HSHAL][HS_VIDEO][HS_HAL_Video_SetOsdDetect_v2][2389]u16Threshold = 20
07-05 21:28:46.742 E/TVMW@videoctrl( 1234):  getOsd is 1
07-05 21:28:46.742 D/til@system( 2026): til_get_system_param option:1000027 int:1, bool:1, ret:0
07-05 21:28:46.742 D/til     ( 2026): ###### func:til_get_picture_param option:0x3000045 ######  
07-05 21:28:46.743 I/TVMW@HsTvSetting( 1234): Trace cmd, data = 0x300c
07-05 21:28:46.743 I/TVMW@HsTvSetting( 1234): Trace 3d, data = 0x300c
07-05 21:28:46.743 I/TVMW@3d ( 1234): Hs_debug3d_trace: func:get3dStatus, line:109
07-05 21:28:46.783 I/MyFragmentStateAdapter(30318): getCount
07-05 21:28:46.807 I/TVMW@devctrl( 1234): wdt
07-05 21:28:46.830 I/MyFragmentStateAdapter(30318): getCount
07-05 21:28:46.849 I/art     (30318): Background sticky concurrent mark sweep GC freed 73270(3MB) AllocSpace objects, 14(224KB) LOS objects, 5% free, 34MB/36MB, paused 13.995ms total 92.921ms
07-05 21:28:46.862 I/MyFragmentStateAdapter(30318): getCount
07-05 21:28:46.888 I/MyFragmentStateAdapter(30318): getCount
07-05 21:28:46.903 I/NetflixMonitorService( 1733): current fgapk : com.hisense.hicloud.edca
07-05 21:28:46.903 I/NetflixMonitorService( 1733): Netflix status unchanged
07-05 21:28:46.913 I/MyFragmentStateAdapter(30318): getCount
07-05 21:28:46.937 I/MyFragmentStateAdapter(30318): getCount
07-05 21:28:46.962 I/MyFragmentStateAdapter(30318): getCount
07-05 21:28:46.968 D/PowerManagerService( 1733): acquireWakeLockInternal: lock=113832109, flags=0x1, tag="NetworkStats", ws=null, uid=1000, pid=1733
07-05 21:28:46.968 D/PowerManagerNotifier( 1733): onWakeLockAcquired: flags=1, tag="NetworkStats", packageName=android, ownerUid=1000, ownerPid=1733, workSource=null
07-05 21:28:46.968 D/NtpTrustedTime( 1733): currentTimeMillis() cache hit
07-05 21:28:46.978 D/NtpTrustedTime( 1733): currentTimeMillis() cache hit
07-05 21:28:46.979 D/NtpTrustedTime( 1733): currentTimeMillis() cache hit
07-05 21:28:46.979 D/NtpTrustedTime( 1733): currentTimeMillis() cache hit
07-05 21:28:46.979 D/PowerManagerService( 1733): releaseWakeLockInternal: lock=113832109 [NetworkStats], flags=0x0
07-05 21:28:46.979 D/PowerManagerNotifier( 1733): onWakeLockReleased: flags=1, tag="NetworkStats", packageName=android, ownerUid=1000, ownerPid=1733, workSource=null
07-05 21:28:46.988 I/MyFragmentStateAdapter(30318): getCount
07-05 21:28:47.013 I/MyFragmentStateAdapter(30318): getCount
07-05 21:28:47.032 I/MyFragmentStateAdapter(30318): getCount
07-05 21:28:47.060 I/MyFragmentStateAdapter(30318): getCount
07-05 21:28:47.079 I/MyFragmentStateAdapter(30318): getCount
07-05 21:28:47.101 I/MyFragmentStateAdapter(30318): getCount
07-05 21:28:47.123 I/MyFragmentStateAdapter(30318): getCount
07-05 21:28:47.147 I/MyFragmentStateAdapter(30318): getCount
07-05 21:28:47.179 I/MyFragmentStateAdapter(30318): getCount
07-05 21:28:47.243 I/TVMW@HsTvSetting( 1234): Trace cmd, data = 0x1058
07-05 21:28:47.244 D/til@system( 2026): til_get_system_param option:100002F int:0, bool:0, ret:0
07-05 21:28:47.245 I/TVMW@HsTvSetting( 1234): Trace cmd, data = 0x101f
07-05 21:28:47.246 D/til@system( 2026): til_get_system_param option:100001D int:3, bool:3, ret:0
07-05 21:28:47.246 E/til     ( 2026): [til_get_current_input_source, 101] 
07-05 21:28:47.246 I/TVMW@HsTvSetting( 1234): Trace cmd, data = 0x7007
07-05 21:28:47.246 I/tilwrapper@sm( 2026): HS2TIL_SourceType *hs=0xd, *til=0x900
07-05 21:28:47.246 D/til     ( 2026): get current source 2304
07-05 21:28:47.246 D/SourceRemoteServiceHandler( 2026): getCurrentInputSource.from.til.result is 0, value is 2304
07-05 21:28:47.246 D/SourceRemoteServiceHandler( 2026): getInputSourceType source: 0x900, type=2304
07-05 21:28:47.246 D/til     ( 2026): ###### func:til_get_picture_param option:0x3000006 ######  
07-05 21:28:47.247 I/TVMW@HsTvSetting( 1234): Trace cmd, data = 0x1003
07-05 21:28:47.249 I/TVMW@HsTvSetting( 1234): Trace cmd, data = 0x8032
07-05 21:28:47.250 I/hstvos  ( 1216): [0m[1;33m[HSHAL][HS_VIDEO][HS_HAL_Video_SetOsdDetect_v2][2389]u16Threshold = 20
07-05 21:28:47.253 E/TVMW@videoctrl( 1234):  getOsd is 1
07-05 21:28:47.253 D/til@system( 2026): til_get_system_param option:1000027 int:1, bool:1, ret:0
07-05 21:28:47.253 D/til     ( 2026): ###### func:til_get_picture_param option:0x3000045 ######  
07-05 21:28:47.254 I/TVMW@HsTvSetting( 1234): Trace cmd, data = 0x300c
07-05 21:28:47.254 I/TVMW@HsTvSetting( 1234): Trace 3d, data = 0x300c
07-05 21:28:47.254 I/TVMW@3d ( 1234): Hs_debug3d_trace: func:get3dStatus, line:109
07-05 21:28:47.331 D/MSTAR_VDEC_DBG( 1206): Stream ID: 0, Rate : 24 (E:0,D:0,S:0,F:69) 
07-05 21:28:47.347 I/MyFragmentStateAdapter(30318): getCount
07-05 21:28:47.349 I/art     (30282): Background sticky concurrent mark sweep GC freed 13090(694KB) AllocSpace objects, 0(0B) LOS objects, 41% free, 987KB/1688KB, paused 1.346ms total 178.100ms
07-05 21:28:47.367 I/MyFragmentStateAdapter(30318): getCount
07-05 21:28:47.394 I/MyFragmentStateAdapter(30318): getCount
07-05 21:28:47.427 I/MyFragmentStateAdapter(30318): getCount
07-05 21:28:47.445 I/MyFragmentStateAdapter(30318): getCount
07-05 21:28:47.470 I/MyFragmentStateAdapter(30318): getCount
07-05 21:28:47.494 I/MyFragmentStateAdapter(30318): getCount
07-05 21:28:47.518 I/MyFragmentStateAdapter(30318): getCount
07-05 21:28:47.538 I/MyFragmentStateAdapter(30318): getCount
07-05 21:28:47.562 I/MyFragmentStateAdapter(30318): getCount
07-05 21:28:47.584 I/MyFragmentStateAdapter(30318): getCount
07-05 21:28:47.606 I/MyFragmentStateAdapter(30318): getCount
07-05 21:28:47.632 I/MyFragmentStateAdapter(30318): getCount
07-05 21:28:47.653 I/MyFragmentStateAdapter(30318): getCount
07-05 21:28:47.678 I/MyFragmentStateAdapter(30318): getCount
07-05 21:28:47.698 I/MyFragmentStateAdapter(30318): getCount
07-05 21:28:47.709 I/TVMW@devctrl( 1234): wdt
07-05 21:28:47.721 I/MyFragmentStateAdapter(30318): getCount
07-05 21:28:47.744 I/MyFragmentStateAdapter(30318): getCount
07-05 21:28:47.756 I/TVMW@HsTvSetting( 1234): Trace cmd, data = 0x1058
07-05 21:28:47.756 D/til@system( 2026): til_get_system_param option:100002F int:0, bool:0, ret:0
07-05 21:28:47.756 I/TVMW@HsTvSetting( 1234): Trace cmd, data = 0x101f
07-05 21:28:47.756 D/til@system( 2026): til_get_system_param option:100001D int:3, bool:3, ret:0
07-05 21:28:47.757 E/til     ( 2026): [til_get_current_input_source, 101] 
07-05 21:28:47.757 I/TVMW@HsTvSetting( 1234): Trace cmd, data = 0x7007
07-05 21:28:47.757 I/tilwrapper@sm( 2026): HS2TIL_SourceType *hs=0xd, *til=0x900
07-05 21:28:47.757 D/til     ( 2026): get current source 2304
07-05 21:28:47.757 D/SourceRemoteServiceHandler( 2026): getCurrentInputSource.from.til.result is 0, value is 2304
07-05 21:28:47.757 D/SourceRemoteServiceHandler( 2026): getInputSourceType source: 0x900, type=2304
07-05 21:28:47.758 D/til     ( 2026): ###### func:til_get_picture_param option:0x3000006 ######  
07-05 21:28:47.758 I/TVMW@HsTvSetting( 1234): Trace cmd, data = 0x1003
07-05 21:28:47.758 I/TVMW@HsTvSetting( 1234): Trace cmd, data = 0x8032
07-05 21:28:47.759 I/hstvos  ( 1216): [0m[1;33m[HSHAL][HS_VIDEO][HS_HAL_Video_SetOsdDetect_v2][2389]u16Threshold = 20
07-05 21:28:47.761 E/TVMW@videoctrl( 1234):  getOsd is 1
07-05 21:28:47.761 E/TVMW@videoctrl( 1234): hs_mw_videoctrl.cpp getOsdShow result is        1
07-05 21:28:47.762 D/til@system( 2026): til_get_system_param option:1000027 int:1, bool:1, ret:0
07-05 21:28:47.762 D/til     ( 2026): ###### func:til_get_picture_param option:0x3000045 ######  
07-05 21:28:47.765 I/TVMW@HsTvSetting( 1234): Trace cmd, data = 0x300c
07-05 21:28:47.765 I/TVMW@HsTvSetting( 1234): Trace 3d, data = 0x300c
07-05 21:28:47.765 I/TVMW@3d ( 1234): Hs_debug3d_trace: func:get3dStatus, line:109
07-05 21:28:47.770 I/MyFragmentStateAdapter(30318): getCount
07-05 21:28:47.789 I/MyFragmentStateAdapter(30318): getCount
07-05 21:28:47.807 D/PowerManagerService( 1733): acquireWakeLockInternal: lock=113832109, flags=0x1, tag="NetworkStats", ws=null, uid=1000, pid=1733
07-05 21:28:47.807 D/PowerManagerNotifier( 1733): onWakeLockAcquired: flags=1, tag="NetworkStats", packageName=android, ownerUid=1000, ownerPid=1733, workSource=null
07-05 21:28:47.808 D/NtpTrustedTime( 1733): currentTimeMillis() cache hit
07-05 21:28:47.813 I/MyFragmentStateAdapter(30318): getCount
07-05 21:28:47.821 D/NtpTrustedTime( 1733): currentTimeMillis() cache hit
07-05 21:28:47.824 D/NtpTrustedTime( 1733): currentTimeMillis() cache hit
07-05 21:28:47.824 D/NtpTrustedTime( 1733): currentTimeMillis() cache hit
07-05 21:28:47.824 D/PowerManagerService( 1733): releaseWakeLockInternal: lock=113832109 [NetworkStats], flags=0x0
07-05 21:28:47.824 D/PowerManagerNotifier( 1733): onWakeLockReleased: flags=1, tag="NetworkStats", packageName=android, ownerUid=1000, ownerPid=1733, workSource=null
07-05 21:28:47.842 I/MyFragmentStateAdapter(30318): getCount
07-05 21:28:47.868 I/MyFragmentStateAdapter(30318): getCount
07-05 21:28:47.894 I/MyFragmentStateAdapter(30318): getCount
07-05 21:28:47.904 I/NetflixMonitorService( 1733): current fgapk : com.hisense.hicloud.edca
07-05 21:28:47.904 I/NetflixMonitorService( 1733): Netflix status unchanged
07-05 21:28:47.920 I/MyFragmentStateAdapter(30318): getCount
07-05 21:28:47.943 I/MyFragmentStateAdapter(30318): getCount
07-05 21:28:47.968 I/MyFragmentStateAdapter(30318): getCount
07-05 21:28:47.989 I/MyFragmentStateAdapter(30318): getCount
07-05 21:28:48.020 I/MyFragmentStateAdapter(30318): getCount
07-05 21:28:48.052 I/MyFragmentStateAdapter(30318): getCount
07-05 21:28:48.092 I/MyFragmentStateAdapter(30318): getCount
07-05 21:28:48.120 I/MyFragmentStateAdapter(30318): getCount
07-05 21:28:48.146 I/MyFragmentStateAdapter(30318): getCount
07-05 21:28:48.153 D/GlobalInputEventMonitoringService( 1733): interceptKeyBeforeQueueing(), event:22, mNeedMonitorKeyEvent:true, mWaitForKeyUpEvent:false
07-05 21:28:48.153 D/GlobalInputEventMonitoringService( 1733): processKeyEvent(), processKeyEvent event:22
07-05 21:28:48.153 D/WindowManager( 1733): interceptKeyTq keycode=22 interactive=true keyguardActive=false policyFlags=2b000000 isCancled= false
07-05 21:28:48.153 D/PowerManagerService( 1733): userActivityNoUpdateLocked: eventTime=10169718, event=1, flags=0x0, uid=1000
07-05 21:28:48.153 D/WindowManager( 1733): interceptKeyTi keyCode=22 down=true repeatCount=0 keyguardOn=false mHomePressed=false canceled=false
07-05 21:28:48.154 D/WindowManager( 1733): Hisense systemkey event: 22
07-05 21:28:48.154 D/HisenseGlobalKeyManager( 1733): handleGlobalKey() : Global event = KeyEvent { action=ACTION_DOWN, keyCode=KEYCODE_DPAD_RIGHT, scanCode=0, metaState=0, flags=0x0, repeatCount=0, eventTime=10169718, downTime=10169718, deviceId=-1, source=0x101 }
07-05 21:28:48.184 D/SogouIME( 2203): [onKeyDown] keycode = 22 model = VIDAA_TV
07-05 21:28:48.188 I/MyFragmentStateAdapter(30318): getCount
07-05 21:28:48.205 D/Carousel-CarouselDisplayPlayerLayout(30318): HasFocus:false,keyCode:22
07-05 21:28:48.205 D/Carousel-CarouselDisplayPlayerLayout(30318): isFullScreen:false
07-05 21:28:48.206 I/HomeMainActivity(30318): carousel handle key:false
07-05 21:28:48.206 I/MainHomeView(30318): dispatchKeyEvent ACTION_DOWN now 
07-05 21:28:48.206 I/TabView (30318): onKeyListener() ACTION_DOWN keyCode -- 22
07-05 21:28:48.206 I/SoftFragmentList(30318): fetchCacheFragment  enter ---- index = 2
07-05 21:28:48.206 D/SoftFragmentList(30318): fetchCacheFragment  mFragmentCache.size() = 3
07-05 21:28:48.209 D/SoftFragmentList(30318): fetchCacheFragment mLastIndex = 2, view = 
07-05 21:28:48.211 I/BaseContentFragment(30318): initChildFocustrue,recyclerview=com.hisense.leanback.widget.VerticalGridView{12c8f82b VFED.... ........ 0,0-1768,1080 #7f0d02c8 app:id/recyclerview_content}====---mIsVisibleToUser:true-------
07-05 21:28:48.221 D/til@system( 2026): til_get_system_param option:1000007 int:-1936523008, bool:0, ret:0
07-05 21:28:48.223 D/til@system( 2026): til_get_system_param option:1000009 int:-1936522368, bool:128, ret:0
07-05 21:28:48.225 D/til@system( 2026): til_get_system_param option:1000008 int:-1936525184, bool:128, ret:0
07-05 21:28:48.226 D/HiSDKLogReport(30318): getOperationDetail-productName : LED50MU8600UC
07-05 21:28:48.226 D/HiSDKLogReport(30318): getOperationDetail-plmNumber : 88888
07-05 21:28:48.226 D/HiSDKLogReport(30318): getOperationDetail-swVersion : V0000.00.01A
07-05 21:28:48.226 D/HiSDKLogReport(30318): getOperationDetail-operationDetail : LED50MU8600UC0000888
07-05 21:28:48.227 D/HiSDKLogReport(30318): businessLogReport-log : {eventType=232, APPVersionName=3.0.0.9.00, devid=86100300900000500000060a4818fca8, rowid=-1, uuid=13287129, APIversion=501, eventcode=232000, logversion=2.0, columnid=-1, devType=0, eventPos=000, groupid=-1, ChannelId=0, version=00.002.003, subscriberId=13287129, PFAPPCode=652, tabid=0, softwareVersion=LED50MU8600UC0000888, srceventcode=201000, mac=a8:a6:48:18:fc:a8, accessToken=72DF6038D2AEAB8A76DFBBBBCC428A4A_002454284947422, srctabid=0, APPPackage=com.hisense.hicloud.edca, sessionid=c4537e2617bf4f37a61515914984466c, requesttime=1499261328226, customerId=7195320, model_id=0, requestid=57ec6445b6d14a54b185e935ba4709a8, tv_distribute_id=00, APIVersion=600, issysrepo=0}
07-05 21:28:48.227 D/BaseContentFragment(30318): initChildFocus firstlineview===>:com.hisense.tvui.newhome.view.SpecialFirstView{4be2fb5 V.E..... ........ 10,185-1748,691}
07-05 21:28:48.227 D/setHistoryRequestFocus(30318): ===>false
07-05 21:28:48.227 I/FirstlineLayoutManager(30318): left=0,width=1738,scroll Distance=-1488
07-05 21:28:48.231 I/BaseContentFragment(30318): setRowViewSelectedViewHolder{6496d42 position=0 id=-1, oldPos=-1, pLpos:-1},isSelectedfalse
07-05 21:28:48.231 I/BaseContentFragment(30318): setRowViewSelectedViewHolder{3747bcf9 position=1 id=-1, oldPos=-1, pLpos:-1},isSelectedtrue
07-05 21:28:48.231 I/RoleContentFragment(30318): onChildSelected:1,lastPos=0
