07-05 22:10:55.756 W/StorageManager(21534): isMultiProcessPlugin<<()  pluginplayer
07-05 22:10:55.756 W/StorageManager(21534): isMultiProcessPlugin>>() return false
07-05 22:10:55.756 W/StorageStub@33202e42(21534): loadPluginInfos<<(pluginId=pluginplayer, needRemoveDumy=false)
07-05 22:10:55.756 W/PluginInfo(21534): getListFromJson<<(json=null)
07-05 22:10:55.756 W/StorageStub@33202e42(21534): loadPluginInfos>>() return null
07-05 22:10:55.756 W/StorageManager(21534): findPluginInfo<<(list=[], version=1.64.0.59984)
07-05 22:10:55.756 W/StorageManager(21534): findPluginInfo>>() return null
07-05 22:10:55.756 W/StorageStub@33202e42(21534): savePluginInfos<<(pluginId=pluginplayer, list=[PluginInfo(id=pluginplayer, versionName=1.64.0.59984, className=com.qiyi.video.plugin.PluginProvider, path=/data/data/com.hisense.hicloud.edca/files/plugin/2.1.0.59986/pluginplayer/1.64.0.59984/pluginplayer-release-1.64.0.59984.apk, libFolder=/data/data/com.hisense.hicloud.edca/files/plugin/2.1.0.59986/pluginplayer/1.64.0.59984/pluginplayer-release-1.64.0.59984-libs, containSo=true, soFileCount=18, errorCount=0, lastLoadSuccess=true)])
07-05 22:10:55.757 W/PluginInfo(21534): getJsonFromList<<(list=[PluginInfo(id=pluginplayer, versionName=1.64.0.59984, className=com.qiyi.video.plugin.PluginProvider, path=/data/data/com.hisense.hicloud.edca/files/plugin/2.1.0.59986/pluginplayer/1.64.0.59984/pluginplayer-release-1.64.0.59984.apk, libFolder=/data/data/com.hisense.hicloud.edca/files/plugin/2.1.0.59986/pluginplayer/1.64.0.59984/pluginplayer-release-1.64.0.59984-libs, containSo=true, soFileCount=18, errorCount=0, lastLoadSuccess=true)])
07-05 22:10:55.757 W/PluginInfo(21534): toJson>>() return {"plugin_id":"pluginplayer","plugin_versionname":"1.64.0.59984","plugin_class_name":"com.qiyi.video.plugin.PluginProvider","plugin_path":"\/data\/data\/com.hisense.hicloud.edca\/files\/plugin\/2.1.0.59986\/pluginplayer\/1.64.0.59984\/pluginplayer-release-1.64.0.59984.apk","plugin_lib_folder":"\/data\/data\/com.hisense.hicloud.edca\/files\/plugin\/2.1.0.59986\/pluginplayer\/1.64.0.59984\/pluginplayer-release-1.64.0.59984-libs","contain_so":true,"so_count":18,"load_error_count":0,"load_success":true}
07-05 22:10:55.757 W/PluginInfo(21534): getJsonFromList>>() return [{"plugin_id":"pluginplayer","plugin_versionname":"1.64.0.59984","plugin_class_name":"com.qiyi.video.plugin.PluginProvider","plugin_path":"\/data\/data\/com.hisense.hicloud.edca\/files\/plugin\/2.1.0.59986\/pluginplayer\/1.64.0.59984\/pluginplayer-release-1.64.0.59984.apk","plugin_lib_folder":"\/data\/data\/com.hisense.hicloud.edca\/files\/plugin\/2.1.0.59986\/pluginplayer\/1.64.0.59984\/pluginplayer-release-1.64.0.59984-libs","contain_so":true,"so_count":18,"load_error_count":0,"load_success":true}]
07-05 22:10:55.757 W/StorageStub@33202e42(21534): savePluginInfos>>()
07-05 22:10:55.757 W/StorageManager(21534): savePluginInfo>>()
07-05 22:10:55.757 W/PluginHelper(21534): loadAssetsProvider>>() return com.qiyi.video.plugin.PluginProvider@1c05a371
07-05 22:10:55.757 W/PluginHelper(21534): addProviders<<(provider=com.qiyi.video.plugin.PluginProvider@1c05a371)
07-05 22:10:55.758 W/PluginHelper(21534): addProviders>>()
07-05 22:10:55.759 W/PluginHelper(21534): handleMessage<<(msg={ when=0 what=1 target=com.qiyi.sdk.plugin.server.core.PluginHelper$TimerHandler })
07-05 22:10:55.759 W/StorageManager(21534): loadLastUpgradeTime<<()
07-05 22:10:55.759 W/StorageStub@33202e42(21534): loadLastUpgradeTime<<()
07-05 22:10:55.759 W/StorageStub@33202e42(21534): loadLastUpgradeTime>>() return 0
07-05 22:10:55.759 W/StorageManager(21534): loadLastUpgradeTime>>()
07-05 22:10:55.759 W/PluginDebugUtils(21534): needDebug<<(key=upgradeIntervalDebug)
07-05 22:10:55.759 W/PluginDebugUtils(21534): needDebug() returns false
07-05 22:10:55.759 W/PluginPropertyConfig(21534): getUpgradeInterval() return 86400000
07-05 22:10:55.759 W/PluginPropertyConfig(21534): autoUpgrade() return true
07-05 22:10:55.759 W/PluginHelper(21534): handleMessage...(realInterval=1499263855759, minInterval=86400000, autoUpgrade=true)
07-05 22:10:55.759 W/PluginHelper(21534): allProvidersCanBeUpgrade<<()
07-05 22:10:55.759 W/PluginHelper(21534): getProvider<<(pluginId=pluginplayer)
07-05 22:10:55.759 W/PluginHelper(21534): getProvider>>() return com.qiyi.video.plugin.PluginProvider@1c05a371
07-05 22:10:55.759 W/PluginHelper(21534): allProvidersCanBeUpgrade...() provider=com.qiyi.video.plugin.PluginProvider@1c05a371, canBeUpgrade=true
07-05 22:10:55.759 W/PluginHelper(21534): allProvidersCanBeUpgrade>>() return true
07-05 22:10:55.759 W/PluginHelper(21534): checkAllUpgrade<<()
07-05 22:10:55.759 W/PluginHelper(21534): getProvidersVersionInfo<<()
07-05 22:10:55.760 W/PluginHelper(21534): getProvider<<(pluginId=pluginplayer)
07-05 22:10:55.760 W/PluginHelper(21534): getProvider>>() return com.qiyi.video.plugin.PluginProvider@1c05a371
07-05 22:10:55.760 D/Version (21534): [TID 21566] getVersionName: 1.64.0.59984
07-05 22:10:55.760 W/PluginHelper(21534): getProvidersVersionInfo>>() return {pluginplayer=1.64.0.59984}
07-05 22:10:55.760 W/UpgradeManager(21534): checkUpgrades<<(requestInfos={pluginplayer=1.64.0.59984})
07-05 22:10:55.760 I/System.out(21534): <TVAPI> DEBUG(isUpdateData): isUpdateData=moduleUpdate-true
07-05 22:10:55.761 I/System.out(21534): <TVAPI> DEBUG(TVApiProperty): read passport-device-id=tv_69b1ef544cadbb86e8f28950ece1c76a_1167652938875
07-05 22:10:55.761 I/System.out(21534): <TVAPI> DEBUG(TVApiProcessor): preprocessor-device-check
07-05 22:10:55.762 I/System.out(21534): <TVAPI> DEBUG(isUpdateData): isUpdateData=devRegister-true
07-05 22:10:55.762 I/System.out(21534): <TVAPI> DEBUG(TVAPI): uuid=20151228165619572MkCHJfWb11209
07-05 22:10:55.762 I/System.out(21534): <TVAPI> DEBUG(TVAPI): version=2.1.0.59986
07-05 22:10:55.762 I/System.out(21534): <TVAPI> DEBUG(TVApiProperty): read passport-device-id=tv_69b1ef544cadbb86e8f28950ece1c76a_1167652938875
07-05 22:10:55.762 I/System.out(21534): <TVAPI> DEBUG(id=4, systemTime): url = http://pdata.video.ptqy.gitv.tv/k
07-05 22:10:55.763 I/System.out(21534): D/(plugin_check_upgrade_thread, CommonApi-systemTime): url=http://pdata.video.ptqy.gitv.tv/k
07-05 22:10:55.764 I/System.out(21534): <TVAPI> DEBUG(id=3, devRegister): url = http://data2.itv.ptqy.gitv.tv/itv/devRegister/OGFjZjgxODQ2YThhLzIwMTUxMjI4MTY1NjE5NTcyTWtDSEpmV2IxMTIwOS8yLjEuMC41OTk4Ng/39467112fe7be1432adcf86e152f4899
07-05 22:10:55.764 I/System.out(21534): <TVAPI> DEBUG(id=3, devRegister): header = qyid:tv_69b1ef544cadbb86e8f28950ece1c76a_1167652938875
07-05 22:10:55.764 I/System.out(21534): <TVAPI> DEBUG(id=3, devRegister): header = ov:5.1.1
07-05 22:10:55.764 I/System.out(21534): <TVAPI> DEBUG(id=3, devRegister): header = apkVer:2.1.0.59986
07-05 22:10:55.765 W/System.err(21534): java.lang.Exception: load local histroy info null
07-05 22:10:55.771 W/System.err(21534): 	at com.qiyi.sdk.plugin.server.core.PluginHelper.loadLocalProvider(SourceFile:202)
07-05 22:10:55.771 W/System.err(21534): 	at com.qiyi.sdk.plugin.server.core.PluginHelper.loadProvider(SourceFile:151)
07-05 22:10:55.771 W/System.err(21534): 	at com.qiyi.sdk.plugin.server.PluginManager.loadFeature(SourceFile:81)
07-05 22:10:55.771 W/System.err(21534): 	at com.qiyi.sdk.player.a.a(SourceFile:3101)
07-05 22:10:55.771 W/System.err(21534): 	at com.qiyi.sdk.player.a$a.run(SourceFile:132)
07-05 22:10:55.771 W/System.err(21534): 	at android.os.Handler.handleCallback(Handler.java:739)
07-05 22:10:55.771 W/System.err(21534): 	at android.os.Handler.dispatchMessage(Handler.java:95)
07-05 22:10:55.771 W/System.err(21534): 	at android.os.Looper.loop(Looper.java:135)
07-05 22:10:55.771 W/System.err(21534): 	at android.os.HandlerThread.run(HandlerThread.java:61)
07-05 22:10:55.772 W/PluginHelper(21534): loadProvider>>() return Result(code=1, data=com.qiyi.video.plugin.PluginProvider@1c05a371, exception=[LoadProviderException(type=loadLocal, throwable=java.lang.Exception: load local histroy info null)], period=1)
07-05 22:10:55.772 W/AbsPluginProvider(21534): getFeature<<(featureType=2)
07-05 22:10:55.772 D/Player/PluginProvider@1c05a371(21534): [TID 21565] getFeatures: mFeatures=[com.qiyi.video.plugin.j@2fad3941]
07-05 22:10:55.772 W/AbsPluginProvider(21534): getFeature>>() return com.qiyi.video.plugin.j@2fad3941
07-05 22:10:55.772 W/System.err(21534): java.lang.Exception: load local histroy info null
07-05 22:10:55.772 W/System.err(21534): 	at com.qiyi.sdk.plugin.server.core.PluginHelper.loadLocalProvider(SourceFile:202)
07-05 22:10:55.772 W/System.err(21534): 	at com.qiyi.sdk.plugin.server.core.PluginHelper.loadProvider(SourceFile:151)
07-05 22:10:55.772 W/System.err(21534): 	at com.qiyi.sdk.plugin.server.PluginManager.loadFeature(SourceFile:81)
07-05 22:10:55.772 W/System.err(21534): 	at com.qiyi.sdk.player.a.a(SourceFile:3101)
07-05 22:10:55.772 W/System.err(21534): 	at com.qiyi.sdk.player.a$a.run(SourceFile:132)
07-05 22:10:55.772 W/System.err(21534): 	at android.os.Handler.handleCallback(Handler.java:739)
07-05 22:10:55.772 W/System.err(21534): 	at android.os.Handler.dispatchMessage(Handler.java:95)
07-05 22:10:55.772 W/System.err(21534): 	at android.os.Looper.loop(Looper.java:135)
07-05 22:10:55.772 W/System.err(21534): 	at android.os.HandlerThread.run(HandlerThread.java:61)
07-05 22:10:55.772 W/PluginManager(21534): loadFeature>>() return Result(code=1, data=com.qiyi.video.plugin.j@2fad3941, exception=[LoadProviderException(type=loadLocal, throwable=java.lang.Exception: load local histroy info null)], period=1)
07-05 22:10:55.772 D/PlayerSdk/PlayerSdkProject(21534): [TID 21565] initialize(Parameter@1c046c51{mDelayedMilliSec=0, mCustomerAppVersion=3.0.0.9.00, mDeviceId=a8:a6:48:18:fc:a8, mDeviceInfo=vidaa3, mShowAdCountDown=true, mCDNDispathParam=null, mAdsHintNameMap={1001=, 2001=, 3001=}})
07-05 22:10:55.773 D/PlayerSdk/PlayerSdkProject(21534): [TID 21565] >> finishInitialize
07-05 22:10:55.773 V/LogRecord/LogManager(21534): isLogRegister = false isMultiProcess = false isSecondProcess = false
07-05 22:10:55.775 V/LogRecord/LogManager(21534): setFeedBackComplete = true
07-05 22:10:55.805 I/System.out(21534): <TVAPI> DEBUG(System Time): 1499263855
07-05 22:10:55.805 I/System.out(21534): <TVAPI> DEBUG(id=4, systemTime, response_time = 42ms): data = {"t":"1499263855","m":"e2c457f2c33f0c788b0626688c878471ee44c50ce708393e","u":"e2c457f2c33f0c785a6e00be8deb63f2cd209a1d88b78425","i":"220.181.109.33","k":"e2c457f2c33f0c7899a163df5df31ac69db42e51cb91c539"}
07-05 22:10:55.814 V/LogRecord/LogcatController(21534): logcatQueueType is = CIRCULAR
07-05 22:10:55.814 V/LogRecord/QueueFactory(21534): QueueManage , iqiyilogqueuetype = CIRCULAR
07-05 22:10:55.815 V/LogRecord/LogcatController(21534): LogcatController mQueueExcutor init()
07-05 22:10:55.816 V/LogRecord/CircularQueueExcutor(21534): CircularQueueExcutor init()
07-05 22:10:55.816 V/LogRecord/LogManager(21534): isSecondProcess = false
07-05 22:10:55.821 V/LogRecord/ServiceHelper(21534): LogcatRecordingService is not running 
07-05 22:10:55.821 D/HttpHandler(21534): VerifySignInterCeptor-->request.url()=http://picture.edu.hismarttv.com/images/20170629/%E5%93%88%E5%88%A9%E8%AE%B2%E6%95%85%E4%BA%8B%EF%BC%88%E4%B8%80%EF%BC%89.jpg
07-05 22:10:55.821 D/HttpHandler(21534): VerifySignInterCeptor-->hostname=picture.edu.hismarttv.com
07-05 22:10:55.822 V/LogRercord/IqiyiLogController(21534): iqiyiQueueType is = CIRCULAR
07-05 22:10:55.822 V/LogRecord/QueueFactory(21534): QueueManage , iqiyilogqueuetype = CIRCULAR
07-05 22:10:55.823 I/MyFragmentStateAdapter(21534): getCount
07-05 22:10:55.827 V/LogRercord/IqiyiLogController(21534): IqiyiLogController mQueueExcutor init()
07-05 22:10:55.827 V/LogRecord/CircularQueueExcutor(21534): CircularQueueExcutor init()
07-05 22:10:55.827 V/LogRecord/FileHelper(21534): clearFileDir
07-05 22:10:55.837 I/TVMW@HsTvSetting( 1234): Trace cmd, data = 0x1058
07-05 22:10:55.837 D/til@system( 2026): til_get_system_param option:100002F int:0, bool:0, ret:0
07-05 22:10:55.838 I/TVMW@HsTvSetting( 1234): Trace cmd, data = 0x101f
07-05 22:10:55.838 D/til@system( 2026): til_get_system_param option:100001D int:3, bool:3, ret:0
07-05 22:10:55.838 E/til     ( 2026): [til_get_current_input_source, 101] 
07-05 22:10:55.838 I/TVMW@HsTvSetting( 1234): Trace cmd, data = 0x7007
07-05 22:10:55.838 I/tilwrapper@sm( 2026): HS2TIL_SourceType *hs=0xd, *til=0x900
07-05 22:10:55.838 D/til     ( 2026): get current source 2304
07-05 22:10:55.838 D/SourceRemoteServiceHandler( 2026): getCurrentInputSource.from.til.result is 0, value is 2304
07-05 22:10:55.838 D/SourceRemoteServiceHandler( 2026): getInputSourceType source: 0x900, type=2304
07-05 22:10:55.838 D/til     ( 2026): ###### func:til_get_picture_param option:0x3000006 ######  
07-05 22:10:55.839 I/TVMW@HsTvSetting( 1234): Trace cmd, data = 0x1003
07-05 22:10:55.839 I/TVMW@HsTvSetting( 1234): Trace cmd, data = 0x8032
07-05 22:10:55.839 I/MiSysSrv( 1214): Not support now! 42, change to mm_video!!!
07-05 22:10:55.839 I/hstvos  ( 1216): [0m[1;33m[HSHAL][HS_VIDEO][HS_HAL_Video_SetOsdDetect_v2][2389]u16Threshold = 20
07-05 22:10:55.840 E/TVMW@videoctrl( 1234):  getOsd is 1
07-05 22:10:55.840 D/til@system( 2026): til_get_system_param option:1000027 int:1, bool:1, ret:0
07-05 22:10:55.840 D/til     ( 2026): ###### func:til_get_picture_param option:0x3000045 ######  
07-05 22:10:55.840 I/TVMW@HsTvSetting( 1234): Trace cmd, data = 0x300c
07-05 22:10:55.840 I/TVMW@HsTvSetting( 1234): Trace 3d, data = 0x300c
07-05 22:10:55.840 I/TVMW@3d ( 1234): Hs_debug3d_trace: func:get3dStatus, line:109
07-05 22:10:55.849 V/LogRecord/FileHelper(21534): /data/data/com.hisense.hicloud.edca/cache/qylogrecord
07-05 22:10:55.852 D/OkHttp  (21534): --> GET http://picture.edu.hismarttv.com/images/20170629/%E5%93%88%E5%88%A9%E8%AE%B2%E6%95%85%E4%BA%8B%EF%BC%88%E4%B8%80%EF%BC%89.jpg http/1.1
07-05 22:10:55.852 D/OkHttp  (21534): Host: picture.edu.hismarttv.com
07-05 22:10:55.852 D/OkHttp  (21534): Connection: Keep-Alive
07-05 22:10:55.852 D/OkHttp  (21534): Accept-Encoding: gzip
07-05 22:10:55.852 D/OkHttp  (21534): User-Agent: okhttp/3.6.0
07-05 22:10:55.853 D/OkHttp  (21534): --> END GET
07-05 22:10:55.861 I/MyFragmentStateAdapter(21534): getCount
07-05 22:10:55.861 I/MyFragmentStateAdapter(21534): getCount
07-05 22:10:55.861 I/MyFragmentStateAdapter(21534): getCount
07-05 22:10:55.861 I/MyFragmentStateAdapter(21534): getCount
07-05 22:10:55.862 I/System.out(21534): <TVAPI> DEBUG(id=3, devRegister, response_time = 68ms): data = {"msg":"","code":"N000000","data":{"apiKey":"9e14d341281067d05d771f41454858c0","authId":1210,"flag":"","hide":"qiyicom","ip":"27.223.99.130","ipLoc":"1-48-3-6-6002-0-77","ipZh":"-----None-","kv":[{"hcdn":"hCDN"},{"homepageHot":""},{"homepageNew":""},{"ruleCode":"http://static.ptqy.gitv.tv/js/tv/app/getPlayerConfig.js","playerConfig":""},{"isShowExitAppDialog":"apk"}],"loading":"","loginTunnel":0,"resIds":[{"id":201221412,"seq":1},{"id":201713612,"seq":2},{"id":201757412,"seq":3}],"sysTime":1499263611,"tab":[],"tip":"","upgradeType":-1,"url":"","version":""}}
07-05 22:10:55.862 I/System.out(21534): <TVAPI> DEBUG(TVApiProcessor): replace url is http://data2.itv.ptqy.gitv.tv/itv/moduleUpdate/1210/2.1.0.59986?p=%7B%22chipVer%22%3A%22%22%2C%22ip%22%3A%22%22%2C%22mac%22%3A%22a8%3Aa6%3A48%3A18%3Afc%3Aa8%22%2C%22mem%22%3A%22%22%2C%22osVer%22%3A22%2C%22platModel%22%3A%22VIDAA_TV%22%2C%22pluginplayer%22%3A%221.64.0.59984%22%2C%22prodModel%22%3A%22VIDAA_TV%22%7D
07-05 22:10:55.862 I/System.out(21534): <TVAPI> DEBUG(id=2, moduleUpdate): url = http://data2.itv.ptqy.gitv.tv/itv/moduleUpdate/1210/2.1.0.59986?p=%7B%22chipVer%22%3A%22%22%2C%22ip%22%3A%22%22%2C%22mac%22%3A%22a8%3Aa6%3A48%3A18%3Afc%3Aa8%22%2C%22mem%22%3A%22%22%2C%22osVer%22%3A22%2C%22platModel%22%3A%22VIDAA_TV%22%2C%22pluginplayer%22%3A%221.64.0.59984%22%2C%22prodModel%22%3A%22VIDAA_TV%22%7D
07-05 22:10:55.862 I/System.out(21534): <TVAPI> DEBUG(id=2, moduleUpdate): header = qyid:tv_69b1ef544cadbb86e8f28950ece1c76a_1167652938875
07-05 22:10:55.862 I/System.out(21534): <TVAPI> DEBUG(id=2, moduleUpdate): header = ov:5.1.1
07-05 22:10:55.862 I/System.out(21534): <TVAPI> DEBUG(id=2, moduleUpdate): header = apkVer:2.1.0.59986
07-05 22:10:55.862 I/System.out(21534): <TVAPI> DEBUG(id=2, moduleUpdate): header = apiKey:9e14d341281067d05d771f41454858c0
07-05 22:10:55.863 D/WebcastSDK-HiCloudSourcePlugin(21534): getContext(): com.hisense.hicloud.edca.BaseApplication@2adbac5c mWebcastManager: com.hisense.webcastSDK.WebcastManager@1865083b
07-05 22:10:55.864 D/WebcastSDK-(21534): activity == null.
07-05 22:10:55.866 I/MyFragmentStateAdapter(21534): getCount
07-05 22:10:55.869 V/PackageManager( 1733): getPackageInfo com.hisense.hicloud.edca: Package{3fb3f3a1 com.hisense.hicloud.edca}
07-05 22:10:55.879 I/WebcastSDK-(21534): getAppVersionName(), versionName = 3.0.0.9.00
07-05 22:10:55.882 D/OkHttp  (21534): <-- 200 OK http://picture.edu.hismarttv.com/images/20170629/%E5%93%88%E5%88%A9%E8%AE%B2%E6%95%85%E4%BA%8B%EF%BC%88%E4%B8%80%EF%BC%89.jpg (29ms)
07-05 22:10:55.882 D/OkHttp  (21534): Date: Wed, 05 Jul 2017 14:00:49 GMT
07-05 22:10:55.882 D/OkHttp  (21534): Server: nginx
07-05 22:10:55.882 D/OkHttp  (21534): Content-Type: image/jpeg
07-05 22:10:55.882 D/OkHttp  (21534): Content-Length: 135983
07-05 22:10:55.882 D/OkHttp  (21534): Last-Modified: Fri, 09 Jun 2017 14:51:44 GMT
07-05 22:10:55.882 D/OkHttp  (21534): ETag: "593ab600-2132f"
07-05 22:10:55.882 D/OkHttp  (21534): Accept-Ranges: bytes
07-05 22:10:55.882 D/OkHttp  (21534): Age: 606
07-05 22:10:55.882 D/OkHttp  (21534): Via: 1.1 chzhwt170:9 (Cdn Cache Server V2.0)[18 200 0], 1.1 luwangtong27:2 (Cdn Cache Server V2.0)[0 200 0]
07-05 22:10:55.882 D/OkHttp  (21534): Connection: keep-alive
07-05 22:10:55.882 D/OkHttp  (21534): <-- END HTTP
07-05 22:10:55.888 D/HttpHandler(21534): RetryIntercepter-->retryNum=0
07-05 22:10:55.888 D/HttpHandler(21534): RetryIntercepter-->backoffmutiplier=0
07-05 22:10:55.890 D/Player/Lib/Utils/PlayerDebugUtils(21534): [TID 21565] initialize, allowDebug: false
07-05 22:10:55.901 D/NetworkManager(21534): [TID 21534] onReceive: intent=Intent { act=android.net.conn.CONNECTIVITY_CHANGE flg=0x10 (has extras) }, extra=Bundle[mParcelledData.dataSize=380]
07-05 22:10:55.901 D/NetworkManager(21534): [TID 21534] action=android.net.conn.CONNECTIVITY_CHANGE
07-05 22:10:55.905 D/Player/Player/NativePlayerUtils(21534): [TID 21565] >>checkNativePath
07-05 22:10:55.905 D/NetworkManager(21534): [TID 21671] >> getRequestTask(http://www.baidu.com)
07-05 22:10:55.905 D/Player/Player/NativePlayerUtils(21534): [TID 21565] <<checkNativePath ret=/mnt/sdcard/qcache
07-05 22:10:55.906 D/Player/Player/NativePlayerUtils(21534): [TID 21565] >> loadWhiteListSync()
07-05 22:10:55.906 D/NetworkManager(21534): [TID 21534] getRealState: activeNetInfo={[type: Ethernet[], state: CONNECTED/CONNECTED, reason: (unspecified), extra: a8:a6:48:18:fc:a8, roaming: false, failover: false, isAvailable: true, isConnectedToProvisioningNetwork: false]}, isConnected=true
07-05 22:10:55.908 D/NetworkManager(21534): [TID 21534] onNetStateChanged(2)
07-05 22:10:55.908 D/Player/Player/NativePlayerUtils(21534): [TID 21565] isWhiteListLoaded() return false
07-05 22:10:55.908 D/Player/Player/NativePlayerUtils(21534): [TID 21565] loadWhiteListSync(), so Path is /data/data/com.hisense.hicloud.edca/files/plugin/2.1.0.59986/pluginplayer/1.64.0.59984/pluginplayer-release-1.64.0.59984-libs/libiqiyi_media_player_whitelist.so,domian is ptqy.gitv.tv, current tried times is 0
07-05 22:10:55.909 D/NetworkManager(21534): [TID 21671] getRequestTask(http://www.baidu.com): current pool size=2, queue=[]
07-05 22:10:55.909 D/NetworkManager(21534): [TID 21671] getRequestTask(http://www.baidu.com): submitted task={java.util.concurrent.FutureTask@2788ad22, 12697477}
07-05 22:10:55.909 D/NetworkManager(21534): [TID 21671] << getRequestTask(http://www.baidu.com): returned task=java.util.concurrent.FutureTask@2788ad22
07-05 22:10:55.911 I/CLog    (21534): JNI_OnLoad->(cpuinfos) success!!
07-05 22:10:55.912 D/Player/Player/NativePlayerUtils(21534): [TID 21565] loadWhiteListSync(), wait load finished
07-05 22:10:55.912 W/System.err(21534): com.qiyi.video.api.ApiException
07-05 22:10:55.912 W/System.err(21534): 	at com.qiyi.tvapi.tv2.a$3.onSuccess(SourceFile:204)
07-05 22:10:55.912 W/System.err(21534): 	at com.qiyi.video.api.a.d.b(SourceFile:105)
07-05 22:10:55.912 W/System.err(21534): 	at com.qiyi.video.api.a.d.a(SourceFile:129)
07-05 22:10:55.913 W/System.err(21534): 	at com.qiyi.tvapi.tv2.a$1.a(SourceFile:102)
07-05 22:10:55.913 W/System.err(21534): 	at com.qiyi.tvapi.tv2.b.c.a(SourceFile:155)
07-05 22:10:55.913 W/System.err(21534): 	at com.qiyi.tvapi.tv2.a.a(SourceFile:95)
07-05 22:10:55.913 W/System.err(21534): 	at com.qiyi.tvapi.tv2.a.callSync(SourceFile:54)
07-05 22:10:55.913 W/System.err(21534): 	at com.qiyi.sdk.plugin.server.upgrade.UpgradeManager.checkUpgrades(SourceFile:60)
07-05 22:10:55.913 W/System.err(21534): 	at com.qiyi.sdk.plugin.server.core.PluginHelper$TimerHandler.checkAllUpgrade(SourceFile:362)
07-05 22:10:55.913 W/System.err(21534): 	at com.qiyi.sdk.plugin.server.core.PluginHelper$TimerHandler.handleMessage(SourceFile:339)
07-05 22:10:55.913 W/System.err(21534): 	at android.os.Handler.dispatchMessage(Handler.java:102)
07-05 22:10:55.913 W/System.err(21534): 	at android.os.Looper.loop(Looper.java:135)
07-05 22:10:55.913 W/System.err(21534): 	at android.os.HandlerThread.run(HandlerThread.java:61)
07-05 22:10:55.913 W/UpgradeManager(21534): moduleUpdate() onException!! exception=com.qiyi.video.api.ApiException
07-05 22:10:55.913 I/System.out(21534): <TVAPI> ERROR(id=2, moduleUpdate, response_time = 151ms): call error. data = {"msg":"\nE000012","code":"E000012","data":[]}
07-05 22:10:55.913 W/System.err(21534): com.qiyi.video.api.ApiException
07-05 22:10:55.913 D/CLog    (21534): cpuinfo_len is (370):
07-05 22:10:55.913 D/CLog    (21534): Processor	: AArch64 Processor rev 3 (aarch64)
07-05 22:10:55.913 D/CLog    (21534): processor	: 0
07-05 22:10:55.913 D/CLog    (21534): processor	: 1
07-05 22:10:55.913 D/CLog    (21534): processor	: 2
07-05 22:10:55.913 D/CLog    (21534): processor	: 3
07-05 22:10:55.913 D/CLog    (21534): Features	: fp asimd aes pmull sha1 sha2 crc32 wp half thumb fastmult vfp edsp neon vfpv3 tlsi vfpv4 idiva idivt 
07-05 22:10:55.913 D/CLog    (21534): CPU implementer	: 0x41
07-05 22:10:55.913 D/CLog    (21534): CPU architecture: 8
07-05 22:10:55.913 D/CLog    (21534): CPU variant	: 0x0
07-05 22:10:55.913 D/CLog    (21534): CPU part	: 0xd03
07-05 22:10:55.913 D/CLog    (21534): CPU revision	: 3
07-05 22:10:55.913 D/CLog    (21534): 
07-05 22:10:55.913 D/CLog    (21534): Hardware	: Muji
07-05 22:10:55.913 D/CLog    (21534): Revision	: 0000
07-05 22:10:55.913 D/CLog    (21534): Serial		: 0000000000000000
07-05 22:10:55.913 D/CLog    (21534): 
07-05 22:10:55.913 W/System.err(21534): 	at com.qiyi.tvapi.tv2.a$3.onSuccess(SourceFile:204)
07-05 22:10:55.913 D/CLog    (21534): cpuinfo hardware is Muji
07-05 22:10:55.913 W/System.err(21534): 	at com.qiyi.video.api.a.d.b(SourceFile:105)
07-05 22:10:55.913 W/System.err(21534): 	at com.qiyi.video.api.a.d.a(SourceFile:129)
07-05 22:10:55.913 W/System.err(21534): 	at com.qiyi.tvapi.tv2.a$1.a(SourceFile:102)
07-05 22:10:55.913 W/System.err(21534): 	at com.qiyi.tvapi.tv2.b.c.a(SourceFile:155)
07-05 22:10:55.913 W/System.err(21534): 	at com.qiyi.tvapi.tv2.a.a(SourceFile:95)
07-05 22:10:55.913 W/System.err(21534): 	at com.qiyi.tvapi.tv2.a.callSync(SourceFile:54)
07-05 22:10:55.913 W/System.err(21534): 	at com.qiyi.sdk.plugin.server.upgrade.UpgradeManager.checkUpgrades(SourceFile:60)
07-05 22:10:55.913 W/System.err(21534): 	at com.qiyi.sdk.plugin.server.core.PluginHelper$TimerHandler.checkAllUpgrade(SourceFile:362)
07-05 22:10:55.913 W/System.err(21534): 	at com.qiyi.sdk.plugin.server.core.PluginHelper$TimerHandler.handleMessage(SourceFile:339)
07-05 22:10:55.914 W/System.err(21534): 	at android.os.Handler.dispatchMessage(Handler.java:102)
07-05 22:10:55.914 W/System.err(21534): 	at android.os.Looper.loop(Looper.java:135)
07-05 22:10:55.914 W/System.err(21534): 	at android.os.HandlerThread.run(HandlerThread.java:61)
07-05 22:10:55.914 W/PluginHelper(21534): checkAllUpgrade>>() return true
07-05 22:10:55.914 W/StorageManager(21534): loadLastUpgradeTime<<(upgradeTime=1499263855759)
07-05 22:10:55.914 W/StorageStub@33202e42(21534): saveLastUpgradeTime<<(upgradeTime=1499263855759)
07-05 22:10:55.914 D/TVWhiteList(21534): requested URL key = tv-{model-[VIDAA_TV]|cpuinfo-[Muji]}, default = tv-{cpuinfo-[Muji]}, productname-[VIDAA_TV]
07-05 22:10:55.914 D/TVWhiteList(21534): requested URL = http://puma.api.ptqy.gitv.tv/kestrel/fetch?key=tv-%7Bmodel-%5BVIDAA_TV%5D%7Ccpuinfo-%5BMuji%5D%7D&default_key=tv-%7Bcpuinfo-%5BMuji%5D%7D
07-05 22:10:55.916 I/CurrentCarouselView(21534): real play
07-05 22:10:55.917 D/TVWhiteList(21534): WhiteList server IP: 222.173.56.13
07-05 22:10:55.918 W/StorageStub@33202e42(21534): saveLastUpgradeTime>>()
07-05 22:10:55.918 W/StorageManager(21534): loadLastUpgradeTime>>()
07-05 22:10:55.918 W/PluginHelper(21534): handleMessage>>()
07-05 22:10:55.926 D/Carousel-CarouselView(21534): clearPosterAndPlay! hashCode=261738835, sWorkingHashCode=0
07-05 22:10:55.927 D/Carousel-CarouselView(21534): mListView.getAdapter()=com.hisense.hitv.carouselwidgit.view.adapter.CarouselInfoListAdapter@16958d70
07-05 22:10:55.927 D/Carousel-CarouselView(21534): Last playing position:-1
07-05 22:10:55.927 D/Carousel-CarouselView(21534): position=1
07-05 22:10:55.927 D/Carousel-CarouselView(21534): Last play position:1,size:3
07-05 22:10:55.928 D/NetworkManager(21534): [TID 21672] >> request(http://www.baidu.com, 12697477)
07-05 22:10:55.929 D/NetworkManager(21534): [TID 21672] request(http://www.baidu.com, 12697477): openConnection
07-05 22:10:55.934 D/AudioSystem(21534): Setting global gAudioPortCallback On refCnt: 1
07-05 22:10:55.936 D/Carousel-CarouselListView(21534): onItemClick position:1,view:null
07-05 22:10:55.936 D/Carousel-CarouselListView(21534): last play position:1,cur:1
07-05 22:10:55.937 D/Carousel-CarouselView(21534): onListItemClick view=null,position=1
07-05 22:10:55.964 E/WebcastSDK-HiCloudSourcePlugin(21534): FetchSystemParameterTask(), res = {"categoryChannelTimeInterval":276000,"timeSynInterval":387000,"ChannelSwitchdefaultPic":"http://download.hismarttv.com/epgdata/LunBoContentPic/149810099740274506.jpg","TencentPlayRoundId":"1","allowUploadLogFile":1,"NoticeShow":1,"resultCode":0}
07-05 22:10:55.965 E/WebcastSDK-EPGDataManager(21534): notifySystemParametersData(), SystemParameterInfo = [ mCategoryInternal = 276000; mServerTimeInternal = 387000; mTencentPlayId = 1; mUploadLogFlag = 1; mSwitchPic = http://download.hismarttv.com/epgdata/LunBoContentPic/149810099740274506.jpg]
07-05 22:10:55.965 D/WebcastSDK-(21534): activity == null.
07-05 22:10:55.966 I/WebcastSDK-EPGDataManager(21534): handleMessage(), sync Server time in [ 387000 ] ms
07-05 22:10:55.966 D/WebcastSDK-(21534): activity == null.
07-05 22:10:55.972 I/TVWhiteList(21534): strRes = {"code":"A00000","default_key":"tv-{cpuinfo-[Muji]}","default_value":"","key":"tv-{model-[VIDAA_TV]|cpuinfo-[Muji]}","value":"[{\"result\": {\"vod_dolby\": -1,\"vod_h265\": -1,\"vod_h264_4k_plus\": -1,\"vod_h264_jisu_2k\": 1,\"livenet_H264_4k_plus\": -1,\"livenet_H264_jisu_2k\": 1,\"livenet_h265\": -1,\"qixiu\": 0,\"highest_bs\": 19,\"lowest_bs\": 1,\"local_server_config\": \"\", \"other\": \"\"}},{\"version\":3005,\"result\": {\"vod_dolby\": -1,\"vod_h265\": -1,\"vod_h264_4k_plus\": -1,\"vod_h264_jisu_2k\": -1,\"livenet_H264_4k_plus\": -1,\"livenet_H264_jisu_2k\": -1,\"livenet_h265\": -1,\"qixiu\": 0,\"highest_bs\": 19,\"lowest_bs\": 1,\"local_server_config\": \"\", \"other\": \"\"}},{\"version\":3008,\"result\": {\"vod_dolby\": -1,\"vod_h265\": -1,\"vod_h264_4k_plus\": -1,\"vod_h264_jisu_2k\": 1,\"livenet_H264_jisu_2k\": 1,\"qixiu\": 0,\"highest_bs\": 19,\"lowest_bs\": 1,\"local_server_config\": \"{\\\"start_mode\\\": 1}\", \"other\": \"\"}}]"}
07-05 22:10:55.972 D/HttpHandler(21534): VerifySignInterCeptor-->request.url()=http://picture.edu.hismarttv.com/images/20170629/30%E5%A4%A9%E5%86%99%E5%87%BA%E4%B8%80%E6%89%8B%E5%A5%BD%E5%AD%9720161129021942268280.jpg
07-05 22:10:55.972 D/HttpHandler(21534): VerifySignInterCeptor-->hostname=picture.edu.hismarttv.com
07-05 22:10:55.973 I/TVWhiteList(21534): use white list version whitev 3000
07-05 22:10:55.973 I/TVWhiteList(21534): use white list version whitev 3005
07-05 22:10:55.973 I/TVWhiteList(21534): use white list version whitev 3008
07-05 22:10:55.974 D/OkHttp  (21534): --> GET http://picture.edu.hismarttv.com/images/20170629/30%E5%A4%A9%E5%86%99%E5%87%BA%E4%B8%80%E6%89%8B%E5%A5%BD%E5%AD%9720161129021942268280.jpg http/1.1
07-05 22:10:55.974 D/OkHttp  (21534): Host: picture.edu.hismarttv.com
07-05 22:10:55.974 D/OkHttp  (21534): Connection: Keep-Alive
07-05 22:10:55.974 D/OkHttp  (21534): Accept-Encoding: gzip
07-05 22:10:55.974 D/OkHttp  (21534): User-Agent: okhttp/3.6.0
07-05 22:10:55.974 D/OkHttp  (21534): --> END GET
07-05 22:10:55.975 D/Player/Player/NativePlayerUtils(21534): [TID 21674] loadWhiteListSync(), white list fetched: {"SupportDolby":false,"SupportH265":false,"Support4K":false,"SupportLive":true}
07-05 22:10:55.975 D/Player/Player/NativePlayerUtils(21534): [TID 21674] parseWhiteListJson(jsonString:{"SupportDolby":false,"SupportH265":false,"Support4K":false,"SupportLive":true})
07-05 22:10:55.975 D/Player/Player/NativePlayerUtils(21534): [TID 21674] parseWhiteListJson, normal:true,h265:false,dolby:false,bs4K:false
07-05 22:10:55.976 D/Player/Player/NativePlayerUtils(21534): [TID 21565] << loadWhiteListSync()
07-05 22:10:55.976 D/Player/Lib/Utils/PlayerDebugUtils(21534): [TID 21565] initialize, allowDebug: false
07-05 22:10:55.976 D/CLog    (21534): cpuinfo_len is (370):
07-05 22:10:55.976 D/CLog    (21534): Processor	: AArch64 Processor rev 3 (aarch64)
07-05 22:10:55.976 D/CLog    (21534): processor	: 0
07-05 22:10:55.976 D/CLog    (21534): processor	: 1
07-05 22:10:55.976 D/CLog    (21534): processor	: 2
07-05 22:10:55.976 D/CLog    (21534): processor	: 3
07-05 22:10:55.976 D/CLog    (21534): Features	: fp asimd aes pmull sha1 sha2 crc32 wp half thumb fastmult vfp edsp neon vfpv3 tlsi vfpv4 idiva idivt 
07-05 22:10:55.976 D/CLog    (21534): CPU implementer	: 0x41
07-05 22:10:55.976 D/CLog    (21534): CPU architecture: 8
07-05 22:10:55.976 D/CLog    (21534): CPU variant	: 0x0
07-05 22:10:55.976 D/CLog    (21534): CPU part	: 0xd03
07-05 22:10:55.976 D/CLog    (21534): CPU revision	: 3
07-05 22:10:55.976 D/CLog    (21534): 
07-05 22:10:55.976 D/CLog    (21534): Hardware	: Muji
07-05 22:10:55.976 D/CLog    (21534): Revision	: 0000
07-05 22:10:55.976 D/CLog    (21534): Serial		: 0000000000000000
07-05 22:10:55.976 D/CLog    (21534): 
07-05 22:10:55.976 D/CLog    (21534): cpuinfo hardware is Muji
07-05 22:10:55.976 I/TVWhiteList(21534): longyUrl = http://msg.71.am/v5/core/bmd?t=pfmc&success=1&tm1=55&bgv=3.0&tv_device=VIDAA_TV-4-Muji-22-Hisense&isadapted=1&krv=3.8.3
07-05 22:10:55.981 D/PlayerSdk/PlayerSdkProject(21534): [TID 21565] initPingback
07-05 22:10:55.991 I/MyFragmentStateAdapter(21534): getCount
07-05 22:10:55.991 I/MyFragmentStateAdapter(21534): getCount
07-05 22:10:55.991 I/MyFragmentStateAdapter(21534): getCount
07-05 22:10:55.991 I/MyFragmentStateAdapter(21534): getCount
07-05 22:10:55.995 I/MyFragmentStateAdapter(21534): getCount
07-05 22:10:56.015 I/TVWhiteList(21534): strRes = 
07-05 22:10:56.030 D/OkHttp  (21534): <-- 200 OK http://picture.edu.hismarttv.com/images/20170629/30%E5%A4%A9%E5%86%99%E5%87%BA%E4%B8%80%E6%89%8B%E5%A5%BD%E5%AD%9720161129021942268280.jpg (55ms)
07-05 22:10:56.033 D/OkHttp  (21534): Date: Mon, 03 Jul 2017 10:17:10 GMT
07-05 22:10:56.033 D/OkHttp  (21534): Server: nginx
07-05 22:10:56.033 D/OkHttp  (21534): Content-Type: image/jpeg
07-05 22:10:56.033 D/OkHttp  (21534): Content-Length: 137170
07-05 22:10:56.033 D/OkHttp  (21534): Last-Modified: Fri, 09 Jun 2017 14:48:12 GMT
07-05 22:10:56.033 D/OkHttp  (21534): ETag: "593ab52c-217d2"
07-05 22:10:56.033 D/OkHttp  (21534): Accept-Ranges: bytes
07-05 22:10:56.033 D/OkHttp  (21534): Age: 186825
07-05 22:10:56.033 D/OkHttp  (21534): Via: 1.1 changzhiwangtong169:2 (Cdn Cache Server V2.0)[0 200 0], 1.1 t86:0 (Cdn Cache Server V2.0)[11 200 0]
07-05 22:10:56.033 D/OkHttp  (21534): Connection: keep-alive
07-05 22:10:56.033 D/OkHttp  (21534): <-- END HTTP
07-05 22:10:56.035 D/HttpHandler(21534): RetryIntercepter-->retryNum=0
07-05 22:10:56.035 D/HttpHandler(21534): RetryIntercepter-->backoffmutiplier=0
07-05 22:10:56.052 I/System.out(21534): <TVAPI> DEBUG(TVApiProperty): read passport-device-id=tv_69b1ef544cadbb86e8f28950ece1c76a_1167652938875
07-05 22:10:56.062 D/pingbacklog/getHardwareInfo(21534): getHardwareInfo: info=muji
07-05 22:10:56.066 D/NativeDecimalFormat(21534): NativeDecimalFormat_close print addr=4098422272
07-05 22:10:56.066 D/NativeDecimalFormat(21534): NativeDecimalFormat_close print g_addr=3997592064
07-05 22:10:56.074 D/pingbacklog-set(21534): QiyiPingBack2.setAnonymityId is be used, mAnonymityId = tv_69b1ef544cadbb86e8f28950ece1c76a
07-05 22:10:56.074 D/pingbacklog-set(21534): QiyiPingBack2.setPassportId is be used, UserId = null
07-05 22:10:56.079 E/NetworkManager(21534): [TID 21672] << request(http://www.baidu.com, 12697477): connect internet failed, url=http://www.baidu.com
07-05 22:10:56.084 D/Carousel-CarouselView(21534): start to play! hashCode=261738835
07-05 22:10:56.084 I/MemTotal:        1958344 kB(21534): MemTotal:	
07-05 22:10:56.084 I/MemTotal:        1958344 kB(21534): 1958344	
07-05 22:10:56.084 I/MemTotal:        1958344 kB(21534): kB	
07-05 22:10:56.087 D/PlayerSdk/PlayerSdkProject(21534): [TID 21565] initPingback: domainName=ptqy.gitv.tv, ver=2.1.0.59986, uuid=20151228165619572MkCHJfWb11209, userId=null, isNewUser=true, deviceid=tv_69b1ef544cadbb86e8f28950ece1c76a_1167652938875, setAnonymityId=tv_69b1ef544cadbb86e8f28950ece1c76a
07-05 22:10:56.087 D/Carousel-Utils(21534): x=511,y=167, width=892,height=536
07-05 22:10:56.088 D/Carousel-CarouselView(21534): type=1
07-05 22:10:56.089 D/Carousel-CarouselDisplayPlayerLayout(21534): isFullScreen:false
07-05 22:10:56.089 D/Carousel-Utils(21534): displayImage view=android.widget.ImageView{381e109c V.ED.... ......I. 0,0-0,0 #7f0d0029 app:id/imageView1}
07-05 22:10:56.089 D/Carousel-Utils(21534): displayImage url=http://picture.edu.hismarttv.com/images/20170629010146422927.jpg
07-05 22:10:56.089 D/Carousel-Utils(21534): onResourceReady.
07-05 22:10:56.090 D/Carousel-CarouselDisplayPlayerLayout(21534): isFullScreen:false
07-05 22:10:56.090 D/Carousel-log_(21534): isFullScreen:false
07-05 22:10:56.090 D/Carousel-CarouselDisplayPlayerLayout(21534): replacePlayer carouselType:3
07-05 22:10:56.090 D/Carousel-CarouselDisplayPlayerLayout(21534): x=511, y=167,w=892,h=536, hashCode=77887019
07-05 22:10:56.090 D/Carousel-CarouselDisplayPlayerLayout(21534): mX=0, mY=0,mWitdh=0,mHeight=0, hashCode=77887019
07-05 22:10:56.090 D/Carousel-CarouselDisplayPlayerLayout(21534): changed=true, hashCode=77887019
07-05 22:10:56.095 D/NetworkManager(21534): [TID 21671] tryConnectFirst: result=false, time consumed=190ms
07-05 22:10:56.095 D/NetworkManager(21534): [TID 21671] >> getRequestTask(http://www.qq.com)
07-05 22:10:56.097 D/PlayerSdk/CheckPackageNameJob(21534): [TID 21565] SdkConfigManager.instance().getConfig() = SdkConfig@13c6414a{mCustomerCode=60, mPlayerConfigType=4, mPlatformType=HAIXIN, mLoginType=SUB_ACCOUNT, mIsEnableDolby=false, mIsEnableH265=false, mIsEnable4K=true, mIsSupportYinhePingback=false, mShouldDoPlayCheck=true, mshouldGetUuidFromServer=true, mPingbackS1=2, mPingbackS2=simple_sdk, mPingbackP2=3128, mDomainName=ptqy.gitv.tv, mIsDebugVersion=false, mIsDebugVersion=false, mCustomerPackageNames=[com.hisense.hicloud.edca], mEnableSetBitstream=true}
07-05 22:10:56.100 D/NetworkManager(21534): [TID 21672] >> request(http://www.qq.com, 12697667)
07-05 22:10:56.101 D/NetworkManager(21534): [TID 21672] request(http://www.qq.com, 12697667): openConnection
07-05 22:10:56.105 D/NetworkManager(21534): [TID 21671] getRequestTask(http://www.qq.com): current pool size=2, queue=[]
07-05 22:10:56.106 D/NetworkManager(21534): [TID 21671] getRequestTask(http://www.qq.com): submitted task={java.util.concurrent.FutureTask@29124846, 12697667}
07-05 22:10:56.106 D/NetworkManager(21534): [TID 21671] << getRequestTask(http://www.qq.com): returned task=java.util.concurrent.FutureTask@29124846
07-05 22:10:56.106 D/NetworkManager(21534): [TID 21671] >> getRequestTask(http://www.iqiyi.com)
07-05 22:10:56.111 D/PlayerSdk/CheckPackageNameJob@26499a88(21534): [TID 21565] isCancelled() Job[PlayerSdk/CheckPackageNameJob@26499a88](mState=0, mData=Object672834258, mError=null) return false
07-05 22:10:56.111 D/PlayerSdk/CheckPackageNameJob(21534): [TID 21565] onRun(), mCurrentPackageName=com.hisense.hicloud.edca, mCustomerPackageNames=511068292:[com.hisense.hicloud.edca]
07-05 22:10:56.112 D/PlayerSdk/CheckPackageNameJob@26499a88(21534): [TID 21565] notifyJobSuccess() Job[PlayerSdk/CheckPackageNameJob@26499a88](mState=1, mData=Object672834258, mError=null)
07-05 22:10:56.112 D/PlayerSdk/DeviceCheckTask@2832a95d(21534): [TID 21565] isCancelled() Job[PlayerSdk/DeviceCheckTask@2832a95d](mState=0, mData=Object828342179, mError=null) return false
07-05 22:10:56.112 D/PlayerSdk/DeviceCheckTask(21534): [TID 21565] execte.onRun: isDevChecked=false, isDeviceCheckPass=false
07-05 22:10:56.113 D/AccessToken(21534): [TID 21565] isAllowedAccess() count=0, now=1499263856112, time=1499263856112, mMaxCount = 5, duration = 600000, mAccessTime = 0, return true
07-05 22:10:56.113 D/AccessToken(21534): [TID 21565] isAllowedAccess() count=0, now=1499263856113, time=1499263856113, mMaxCount = 5, duration = 600000, mAccessTime = 0, return true
07-05 22:10:56.113 D/PlayerSdk/DeviceCheckTask(21534): [TID 21565] deviceCheck
07-05 22:10:56.113 D/PlayerSdk/DeviceCheckTask(21534): [TID 21565] deviceCheck: devCheckTest=-1
07-05 22:10:56.114 I/System.out(21534): <TVAPI> DEBUG(isUpdateData): isUpdateData=devRegister-true
07-05 22:10:56.114 I/System.out(21534): <TVAPI> DEBUG(TVAPI): uuid=20151228165619572MkCHJfWb11209
07-05 22:10:56.114 I/System.out(21534): <TVAPI> DEBUG(TVAPI): version=2.1.0.59986
07-05 22:10:56.114 I/System.out(21534): <TVAPI> DEBUG(TVApiProperty): read passport-device-id=tv_69b1ef544cadbb86e8f28950ece1c76a_1167652938875
07-05 22:10:56.114 I/System.out(21534): <TVAPI> DEBUG(id=6, systemTime): url = http://pdata.video.ptqy.gitv.tv/k
07-05 22:10:56.114 I/System.out(21534): D/(load-playerplugin, CommonApi-systemTime): url=http://pdata.video.ptqy.gitv.tv/k
07-05 22:10:56.115 D/NetworkManager(21534): [TID 21671] getRequestTask(http://www.iqiyi.com): current pool size=3, queue=[]
07-05 22:10:56.115 D/NetworkManager(21534): [TID 21671] getRequestTask(http://www.iqiyi.com): submitted task={java.util.concurrent.FutureTask@399f32a0, 12697677}
07-05 22:10:56.115 D/NetworkManager(21534): [TID 21671] << getRequestTask(http://www.iqiyi.com): returned task=java.util.concurrent.FutureTask@399f32a0
07-05 22:10:56.115 D/NetworkManager(21534): [TID 21671] >> getRequestTask(http://www.163.com)
07-05 22:10:56.120 D/NetworkManager(21534): [TID 21671] getRequestTask(http://www.163.com): current pool size=4, queue=[]
07-05 22:10:56.120 D/NetworkManager(21534): [TID 21671] getRequestTask(http://www.163.com): submitted task={java.util.concurrent.FutureTask@5e072ff, 12697687}
07-05 22:10:56.120 D/NetworkManager(21534): [TID 21671] << getRequestTask(http://www.163.com): returned task=java.util.concurrent.FutureTask@5e072ff
07-05 22:10:56.121 D/NetworkManager(21534): [TID 21671] >> getRequestTask(http://www.taobao.com)
07-05 22:10:56.121 I/System.out(21534): <TVAPI> DEBUG(id=5, devRegister): url = http://data2.itv.ptqy.gitv.tv/itv/devRegister/OGFjZjgxODQ2YThhLzIwMTUxMjI4MTY1NjE5NTcyTWtDSEpmV2IxMTIwOS8yLjEuMC41OTk4Ng/39467112fe7be1432adcf86e152f4899
07-05 22:10:56.121 I/System.out(21534): <TVAPI> DEBUG(id=5, devRegister): header = qyid:tv_69b1ef544cadbb86e8f28950ece1c76a_1167652938875
07-05 22:10:56.121 I/System.out(21534): <TVAPI> DEBUG(id=5, devRegister): header = ov:5.1.1
07-05 22:10:56.121 I/System.out(21534): <TVAPI> DEBUG(id=5, devRegister): header = apkVer:2.1.0.59986
07-05 22:10:56.138 D/NetworkManager(21534): [TID 21683] >> request(http://www.iqiyi.com, 12697677)
07-05 22:10:56.149 D/NetworkManager(21534): [TID 21683] request(http://www.iqiyi.com, 12697677): openConnection
07-05 22:10:56.150 D/NetworkManager(21534): [TID 21671] getRequestTask(http://www.taobao.com): current pool size=5, queue=[]
07-05 22:10:56.150 D/NetworkManager(21534): [TID 21671] getRequestTask(http://www.taobao.com): submitted task={java.util.concurrent.FutureTask@1753401b, 12697692}
07-05 22:10:56.150 D/NetworkManager(21534): [TID 21671] << getRequestTask(http://www.taobao.com): returned task=java.util.concurrent.FutureTask@1753401b
07-05 22:10:56.150 D/NetworkManager(21534): [TID 21671] >> getRequestTask(http://www.sina.com.cn)
07-05 22:10:56.156 D/NetworkManager(21534): [TID 21671] getRequestTask(http://www.sina.com.cn): current pool size=6, queue=[]
07-05 22:10:56.156 D/NetworkManager(21534): [TID 21671] getRequestTask(http://www.sina.com.cn): submitted task={java.util.concurrent.FutureTask@15234ef6, 12697721}
07-05 22:10:56.156 D/NetworkManager(21534): [TID 21671] << getRequestTask(http://www.sina.com.cn): returned task=java.util.concurrent.FutureTask@15234ef6
07-05 22:10:56.157 D/NetworkManager(21534): [TID 21685] >> request(http://www.163.com, 12697687)
07-05 22:10:56.159 D/NetworkManager(21534): [TID 21687] >> request(http://www.taobao.com, 12697692)
07-05 22:10:56.159 I/art     (21534): Background partial concurrent mark sweep GC freed 20922(1507KB) AllocSpace objects, 2(32KB) LOS objects, 10% free, 33MB/37MB, paused 7.117ms total 100.526ms
07-05 22:10:56.159 D/NativeDecimalFormat(21534): NativeDecimalFormat_close print addr=3997591296
07-05 22:10:56.159 D/NativeDecimalFormat(21534): NativeDecimalFormat_close print g_addr=3997592064
07-05 22:10:56.159 D/NativeDecimalFormat(21534): NativeDecimalFormat_close print addr=3997592064
07-05 22:10:56.159 D/NativeDecimalFormat(21534): NativeDecimalFormat_close print g_addr=3997592064
07-05 22:10:56.159 D/NetworkManager(21534): [TID 21687] request(http://www.taobao.com, 12697692): openConnection
07-05 22:10:56.163 D/NetworkManager(21534): [TID 21685] request(http://www.163.com, 12697687): openConnection
07-05 22:10:56.166 D/MC_MEMORY(16055): max: 256.261888 Mb, heap: 10.10781 Mb, allocated: 9.9474 Mb, free: 1.1307 Mb, native heap: 12.12276 Mb, native allocated: 8.8357 Mb, native free: 3.3919 Mb
07-05 22:10:56.169 D/NetworkManager(21534): [TID 21689] >> request(http://www.sina.com.cn, 12697721)
07-05 22:10:56.170 I/System.out(21534): <TVAPI> DEBUG(System Time): 1499263856
07-05 22:10:56.170 I/System.out(21534): <TVAPI> DEBUG(id=6, systemTime, response_time = 55ms): data = {"t":"1499263856","m":"e2c457f2c33f0c788d5186b3c342246bee44c50ce708393e","u":"e2c457f2c33f0c78f55a82ed60f63f96cd209a1d88b78425","i":"220.181.109.33","k":"e2c457f2c33f0c786251663e84d701d99db42e51cb91c539"}
07-05 22:10:56.170 D/NetworkManager(21534): [TID 21689] request(http://www.sina.com.cn, 12697721): openConnection
07-05 22:10:56.175 I/System.out(21534): <TVAPI> DEBUG(id=5, devRegister, response_time = 60ms): data = {"msg":"","code":"N000000","data":{"apiKey":"9e14d341281067d05d771f41454858c0","authId":1210,"flag":"","hide":"qiyicom","ip":"27.223.99.130","ipLoc":"1-48-3-6-6002-0-77","ipZh":"-----None-","kv":[{"hcdn":"hCDN"},{"homepageHot":""},{"homepageNew":""},{"ruleCode":"http://static.ptqy.gitv.tv/js/tv/app/getPlayerConfig.js","playerConfig":""},{"isShowExitAppDialog":"apk"}],"loading":"","loginTunnel":0,"resIds":[{"id":201221412,"seq":1},{"id":201713612,"seq":2},{"id":201757412,"seq":3}],"sysTime":1499263611,"tab":[],"tip":"","upgradeType":-1,"url":"","version":""}}
07-05 22:10:56.176 D/AccessToken(21534): [TID 21565] increaseAccessCount() count=1
07-05 22:10:56.176 D/AccessToken(21534): [TID 21565] increaseAccessCount() count=1
07-05 22:10:56.176 D/PlayerSdk/DeviceCheckTask(21534): [TID 21565] deviceCheck.onSuccess: deviceIp: 27.223.99.130
07-05 22:10:56.176 D/PlayerSdk/DeviceCheckTask@2832a95d(21534): [TID 21565] notifyJobSuccess() Job[PlayerSdk/DeviceCheckTask@2832a95d](mState=1, mData=Object828342179, mError=null)
07-05 22:10:56.187 D/NetworkManager(21534): [TID 21672] << request(http://www.qq.com, 12697667): connect internet success, url=http://www.qq.com
07-05 22:10:56.188 D/PlayerSdk/GrayScaleSwitcherProvider(21534): [TID 21565] execute: handler has no messages, send it.
07-05 22:10:56.188 D/PlayerSdk/GrayScaleSwitcherProvider(21534): [TID 21565] fetchSwitchData
07-05 22:10:56.189 I/System.out(21534): <TVAPI> DEBUG(isUpdateData): isUpdateData=dynamicQ-true
07-05 22:10:56.189 I/System.out(21534): <TVAPI> DEBUG(TVApiProperty): read passport-device-id=tv_69b1ef544cadbb86e8f28950ece1c76a_1167652938875
07-05 22:10:56.189 I/System.out(21534): <TVAPI> DEBUG(id=7, dynamicQ): url = http://data2.itv.ptqy.gitv.tv/itv/dynamicQ/1210/2.1.0.59986/VIDAA_TV/0/0/1/0/0/0/0
07-05 22:10:56.189 I/System.out(21534): <TVAPI> DEBUG(id=7, dynamicQ): header = qyid:tv_69b1ef544cadbb86e8f28950ece1c76a_1167652938875
07-05 22:10:56.189 I/System.out(21534): <TVAPI> DEBUG(id=7, dynamicQ): header = ov:5.1.1
07-05 22:10:56.189 I/System.out(21534): <TVAPI> DEBUG(id=7, dynamicQ): header = apkVer:2.1.0.59986
07-05 22:10:56.189 I/System.out(21534): <TVAPI> DEBUG(id=7, dynamicQ): header = apiKey:9e14d341281067d05d771f41454858c0
07-05 22:10:56.193 D/NetworkManager(21534): [TID 21671] retryConnectOthers: result=true, time consumed=97ms
07-05 22:10:56.193 D/Carousel-CarouselVideoViewImpl(21534): onAttachedToWindow.
07-05 22:10:56.194 D/NetworkManager(21534): [TID 21671] getRealState: activeNetInfo={[type: Ethernet[], state: CONNECTED/CONNECTED, reason: (unspecified), extra: a8:a6:48:18:fc:a8, roaming: false, failover: false, isAvailable: true, isConnectedToProvisioningNetwork: false]}, isConnected=true
07-05 22:10:56.196 D/Carousel-CarouselVideoViewImpl(21534): startPlay!
07-05 22:10:56.196 D/Carousel-CarouselDisplayPlayerLayout(21534): isFullScreen:false
07-05 22:10:56.197 I/Carousel-UrlVideoView(21534): onMeasure(MeasureSpec: EXACTLY 816, MeasureSpec: EXACTLY 460)
07-05 22:10:56.197 I/Carousel-UrlVideoView(21534): onMeasure(MeasureSpec: EXACTLY 816, MeasureSpec: EXACTLY 460)
07-05 22:10:56.197 E/NetworkManager(21534): [TID 21689] << request(http://www.sina.com.cn, 12697721): connect internet failed, url=http://www.sina.com.cn
07-05 22:10:56.199 D/Surface ( 1733): onStatusChange() : mNativeObject = 547942771200 mUseImageHwRender = false
07-05 22:10:56.199 V/Surface ( 1733): nativeSetHardwareRender() : status = 0
07-05 22:10:56.199 V/Surface ( 1733): nativeSetHardwareRender() : end
07-05 22:10:56.200 D/PowerManagerService( 1733): setScreenBrightnessOverrideFromWindowManagerInternal done
07-05 22:10:56.202 D/Surface ( 1733): onStatusChange() : mNativeObject = 0 mUseImageHwRender = false
07-05 22:10:56.204 I/SurfaceView(21534): Changes: creating=true format=true size=true visible=true left=true top=true
07-05 22:10:56.210 V/WindowManager( 1733): Adding window Window{1c6655f2 u0 SurfaceView} at 11 of 20 (before Window{12400e8d u0 com.hisense.hicloud.edca/com.hisense.tvui.newhome.HomeMainActivity})
07-05 22:10:56.211 D/HDMI    ( 1733): [P]:AllocatedAddress=[]
07-05 22:10:56.211 I/SurfaceView(21534): Cur surface: Surface(name=null)/@0x8a41a3d
07-05 22:10:56.219 D/Surface ( 1733): onStatusChange() : mNativeObject = 547819086848 mUseImageHwRender = false
07-05 22:10:56.219 V/Surface ( 1733): nativeSetHardwareRender() : status = 0
07-05 22:10:56.219 V/Surface ( 1733): nativeSetHardwareRender() : end
07-05 22:10:56.220 D/OsdMonitorService( 1733): mCurrentWindow = com.hisense.hicloud.edca/com.hisense.tvui.newhome.HomeMainActivity; newWindow = com.hisense.hicloud.edca/com.hisense.tvui.newhome.HomeMainActivity; isSubWindow = false; isInWinList = false; isExitNow = false
07-05 22:10:56.220 D/OsdMonitorService( 1733): windowNotOsd() : name = com.hisense.hicloud.edca/com.hisense.tvui.newhome.HomeMainActivity
07-05 22:10:56.220 I/OsdMonitorService( 1733): setOsdStatus() : status will change from true to true
07-05 22:10:56.221 V/SurfaceView(21534): com.hisense.hitv.carouselwidgit.view.videoview.UrlVideoView{bc4fce8 V.E..... ......ID 0,0-816,460} got resized: w=816 h=460, cur w=-1 h=-1
07-05 22:10:56.221 D/PowerManagerService( 1733): setScreenBrightnessOverrideFromWindowManagerInternal done
07-05 22:10:56.226 D/Surface ( 1733): onStatusChange() : mNativeObject = 0 mUseImageHwRender = false
07-05 22:10:56.226 D/Surface (21534): onStatusChange() : mNativeObject = -533573632 mUseImageHwRender = false
07-05 22:10:56.226 V/Surface (21534): nativeSetHardwareRender() : status = 0
07-05 22:10:56.226 V/Surface (21534): nativeSetHardwareRender() : end
07-05 22:10:56.226 I/SurfaceView(21534): New surface: Surface(name=null)/@0x2b8d8b83, vis=true, frame=Rect(549, 205 - 1365, 665)
07-05 22:10:56.227 D/Surface (21534): onStatusChange() : mNativeObject = 0 mUseImageHwRender = false
07-05 22:10:56.227 D/Surface (21534): onStatusChange() : mNativeObject = -533573632 mUseImageHwRender = false
07-05 22:10:56.227 V/Surface (21534): nativeSetHardwareRender() : status = 0
07-05 22:10:56.227 V/Surface (21534): nativeSetHardwareRender() : end
