07-05 21:46:43.859 D/OkHttp  ( 8264): --> GET http://picture.edu.hismarttv.com/images/20170629/%E8%8B%B1%E8%AF%AD%E5%90%AF%E8%92%99.jpg http/1.1
07-05 21:46:43.859 D/OkHttp  ( 8264): Host: picture.edu.hismarttv.com
07-05 21:46:43.859 D/OkHttp  ( 8264): Connection: Keep-Alive
07-05 21:46:43.859 D/OkHttp  ( 8264): Accept-Encoding: gzip
07-05 21:46:43.859 D/OkHttp  ( 8264): User-Agent: okhttp/3.6.0
07-05 21:46:43.859 D/OkHttp  ( 8264): --> END GET
07-05 21:46:43.876 V/HttpDnsUtils( 8264): days 0 memberType 2 activityId 0
07-05 21:46:43.876 V/HttpDnsUtils( 8264): postExperienceVIP(): postMap = {customerId=7195320, memberType=2, PFAPPCode=652, accessToken=72DF6038D2AEAB8A76DFBBBBCC428A4A_002068408653632, ChannelId=0, APPVersionName=3.0.0.9.00, model_id=0, orderType=0, mac=a8:a6:48:18:fc:a8, days=0, sign=f4331ea4c79b5cec2ffd151882b35b63, uuid=13287129, APPPackage=com.hisense.hicloud.edca, devid=86100300900000500000060a4818fca8, phone=18547412365, tv_distribute_id=00, softwareVersion=LED50MU8600UC0000888, subscriberId=13287129, version=00.002.003, customerName=18547412365, devType=0, APIVersion=600, activityId=0}
07-05 21:46:43.882 D/til@system( 2026): til_get_system_param option:1000007 int:-1815632896, bool:0, ret:0
07-05 21:46:43.883 D/til@system( 2026): til_get_system_param option:1000009 int:-1936522112, bool:128, ret:0
07-05 21:46:43.884 D/OkHttp  ( 8264): <-- 200 OK http://picture.edu.hismarttv.com/images/20170629/%E8%8B%B1%E8%AF%AD%E5%90%AF%E8%92%99.jpg (24ms)
07-05 21:46:43.884 D/OkHttp  ( 8264): Date: Mon, 03 Jul 2017 09:54:50 GMT
07-05 21:46:43.884 D/OkHttp  ( 8264): Server: nginx
07-05 21:46:43.884 D/OkHttp  ( 8264): Content-Type: image/jpeg
07-05 21:46:43.884 D/OkHttp  ( 8264): Content-Length: 57011
07-05 21:46:43.884 D/OkHttp  ( 8264): Last-Modified: Fri, 09 Jun 2017 14:49:58 GMT
07-05 21:46:43.884 D/OkHttp  ( 8264): ETag: "593ab596-deb3"
07-05 21:46:43.884 D/OkHttp  ( 8264): Accept-Ranges: bytes
07-05 21:46:43.884 D/OkHttp  ( 8264): Age: 186713
07-05 21:46:43.884 D/OkHttp  ( 8264): Via: 1.1 jnwt244:0 (Cdn Cache Server V2.0)[23 200 0], 1.1 changwangtong79:9 (Cdn Cache Server V2.0)[0 200 0]
07-05 21:46:43.884 D/OkHttp  ( 8264): Connection: keep-alive
07-05 21:46:43.884 D/OkHttp  ( 8264): <-- END HTTP
07-05 21:46:43.885 D/til@system( 2026): til_get_system_param option:1000008 int:-1815633792, bool:128, ret:0
07-05 21:46:43.886 D/HttpBuilder( 8264): getOperationDetail-productName : LED50MU8600UC
07-05 21:46:43.886 D/HttpBuilder( 8264): getOperationDetail-plmNumber : 88888
07-05 21:46:43.886 D/HttpBuilder( 8264): getOperationDetail-swVersion : V0000.00.01A
07-05 21:46:43.886 D/HttpBuilder( 8264): getOperationDetail-operationDetail : LED50MU8600UC0000888
07-05 21:46:43.905 D/HttpHandler( 8264): RetryIntercepter-->retryNum=0
07-05 21:46:43.906 D/HttpHandler( 8264): RetryIntercepter-->backoffmutiplier=0
07-05 21:46:43.911 I/VideoCapabilities( 8264): Unsupported profile 4 for video/mp4v-es
07-05 21:46:43.915 I/HttpBuilder( 8264): addUrlPublicParams mUrl ==>http://api.edu.hismarttv.com/payment/api/get/experience/member?uuid=13287129&mac=a8:a6:48:18:fc:a8&devid=86100300900000500000060a4818fca8&version=00.002.003&subscriberId=13287129&customerId=7195320&model_id=0&APPPackage=com.hisense.hicloud.edca&PFAPPCode=652&APPVersionName=3.0.0.9.00&ChannelId=0&softwareVersion=LED50MU8600UC0000888&tv_distribute_id=00&devType=0&APIVersion=600&accessToken=72DF6038D2AEAB8A76DFBBBBCC428A4A_002068408653632
07-05 21:46:43.919 D/HttpHandler( 8264): VerifySignInterCeptor-->request.url()=http://api.edu.hismarttv.com/payment/api/get/experience/member?uuid=13287129&mac=a8:a6:48:18:fc:a8&devid=86100300900000500000060a4818fca8&version=00.002.003&subscriberId=13287129&customerId=7195320&model_id=0&APPPackage=com.hisense.hicloud.edca&PFAPPCode=652&APPVersionName=3.0.0.9.00&ChannelId=0&softwareVersion=LED50MU8600UC0000888&tv_distribute_id=00&devType=0&APIVersion=600&accessToken=72DF6038D2AEAB8A76DFBBBBCC428A4A_002068408653632
07-05 21:46:43.920 D/HttpHandler( 8264): VerifySignInterCeptor-->hostname=api.edu.hismarttv.com
07-05 21:46:43.920 D/Player/Lib/Utils/SysUtils( 8264): [TID 8294] [Check dolby]  Codec name=OMX.MS.M4V.Decoder
07-05 21:46:43.920 D/Player/Lib/Utils/SysUtils( 8264): [TID 8294] [Check dolby]  Supported type=video/mp4v-es
07-05 21:46:43.920 D/HttpHandler( 8264): HttpDNS-->hostname=api.edu.hismarttv.com
07-05 21:46:43.920 D/Player/Lib/Utils/SysUtils( 8264): [TID 8294] [Check dolby]  Codec name=OMX.MS.H263.Decoder
07-05 21:46:43.920 D/Player/Lib/Utils/SysUtils( 8264): [TID 8294] [Check dolby]  Supported type=video/3gpp
07-05 21:46:43.921 D/Player/Lib/Utils/SysUtils( 8264): [TID 8294] [Check dolby]  Codec name=OMX.MS.AVC.Decoder
07-05 21:46:43.921 D/Player/Lib/Utils/SysUtils( 8264): [TID 8294] [Check dolby]  Supported type=video/avc
07-05 21:46:43.921 D/Player/Lib/Utils/SysUtils( 8264): [TID 8294] [Check dolby]  Codec name=OMX.MS.HEVC.Decoder
07-05 21:46:43.921 D/Player/Lib/Utils/SysUtils( 8264): [TID 8294] [Check dolby]  Supported type=video/hevc
07-05 21:46:43.921 D/Player/Lib/Utils/SysUtils( 8264): [TID 8294] [Check H265] FOUND, current type = video/hevc
07-05 21:46:43.921 D/Player/Lib/Utils/SysUtils( 8264): [TID 8294] [Check dolby]  Codec name=OMX.MS.MVC.Decoder
07-05 21:46:43.921 D/Player/Lib/Utils/SysUtils( 8264): [TID 8294] [Check dolby]  Supported type=video/mvc
07-05 21:46:43.921 D/Player/Lib/Utils/SysUtils( 8264): [TID 8294] [Check dolby]  Codec name=OMX.MS.MPEG2.Decoder
07-05 21:46:43.921 D/Player/Lib/Utils/SysUtils( 8264): [TID 8294] [Check dolby]  Supported type=video/mpeg2
07-05 21:46:43.921 D/Player/Lib/Utils/SysUtils( 8264): [TID 8294] [Check dolby]  Codec name=OMX.MS.VP8.Decoder
07-05 21:46:43.921 D/HttpHandler( 8264): RAMCache-->hostInfo.getClientTimeStamp()=11239622
07-05 21:46:43.921 D/HttpHandler( 8264): RAMCache-->hostInfo.getTtl()=3600
07-05 21:46:43.921 D/HttpHandler( 8264): RAMCache-->SystemClock.elapsedRealtime()=11245493
07-05 21:46:43.922 D/Player/Lib/Utils/SysUtils( 8264): [TID 8294] [Check dolby]  Supported type=video/x-vnd.on2.vp8
07-05 21:46:43.922 D/Player/Lib/Utils/SysUtils( 8264): [TID 8294] [Check dolby]  Codec name=OMX.MS.DIVX311.Decoder
07-05 21:46:43.922 D/Player/Lib/Utils/SysUtils( 8264): [TID 8294] [Check dolby]  Supported type=video/divx3
07-05 21:46:43.922 D/Player/Lib/Utils/SysUtils( 8264): [TID 8294] [Check dolby]  Codec name=OMX.MS.DIVX412.Decoder
07-05 21:46:43.922 D/Player/Lib/Utils/SysUtils( 8264): [TID 8294] [Check dolby]  Supported type=video/divx4
07-05 21:46:43.922 D/Player/Lib/Utils/SysUtils( 8264): [TID 8294] [Check dolby]  Codec name=OMX.MS.FLV.Decoder
07-05 21:46:43.922 D/Player/Lib/Utils/SysUtils( 8264): [TID 8294] [Check dolby]  Supported type=video/flv
07-05 21:46:43.922 D/Player/Lib/Utils/SysUtils( 8264): [TID 8294] [Check dolby]  Codec name=OMX.MS.VC1.Decoder
07-05 21:46:43.922 D/Player/Lib/Utils/SysUtils( 8264): [TID 8294] [Check dolby]  Supported type=video/VC1
07-05 21:46:43.922 D/Player/Lib/Utils/SysUtils( 8264): [TID 8294] [Check dolby]  Supported type=video/wvc1
07-05 21:46:43.922 D/Player/Lib/Utils/SysUtils( 8264): [TID 8294] [Check dolby]  Codec name=OMX.MS.WMV3.Decoder
07-05 21:46:43.922 D/Player/Lib/Utils/SysUtils( 8264): [TID 8294] [Check dolby]  Supported type=video/wmv3
07-05 21:46:43.922 D/Player/Lib/Utils/SysUtils( 8264): [TID 8294] [Check dolby]  Codec name=OMX.MS.MJPG.Decoder
07-05 21:46:43.922 D/Player/Lib/Utils/SysUtils( 8264): [TID 8294] [Check dolby]  Supported type=video/mjpeg
07-05 21:46:43.922 D/Player/Lib/Utils/SysUtils( 8264): [TID 8294] [Check dolby]  Codec name=OMX.MS.AVS.Decoder
07-05 21:46:43.931 D/Player/Lib/Utils/SysUtils( 8264): [TID 8294] [Check dolby]  Supported type=video/avs
07-05 21:46:43.931 D/Player/Lib/Utils/SysUtils( 8264): [TID 8294] [Check dolby]  Codec name=OMX.MS.RV.Decoder
07-05 21:46:43.931 D/Player/Lib/Utils/SysUtils( 8264): [TID 8294] [Check dolby]  Supported type=video/realvideo
07-05 21:46:43.931 D/Player/Lib/Utils/SysUtils( 8264): [TID 8294] [Check dolby]  Codec name=OMX.google.aac.decoder
07-05 21:46:43.931 I/art     ( 8264): Background sticky concurrent mark sweep GC freed 5372(358KB) AllocSpace objects, 0(0B) LOS objects, 1% free, 31MB/31MB, paused 6.002ms total 27.053ms
07-05 21:46:43.931 D/Player/Lib/Utils/SysUtils( 8264): [TID 8294] [Check dolby]  Supported type=audio/mp4a-latm
07-05 21:46:43.931 D/Player/Lib/Utils/SysUtils( 8264): [TID 8294] [Check dolby]  Codec name=OMX.google.mp3.decoder
07-05 21:46:43.931 D/Player/Lib/Utils/SysUtils( 8264): [TID 8294] [Check dolby]  Supported type=audio/mpeg
07-05 21:46:43.931 D/Player/Lib/Utils/SysUtils( 8264): [TID 8294] [Check dolby]  Codec name=OMX.MS.MP3.Decoder
07-05 21:46:43.931 D/Player/Lib/Utils/SysUtils( 8264): [TID 8294] [Check dolby]  Supported type=audio/mpeg
07-05 21:46:43.932 D/Player/Lib/Utils/SysUtils( 8264): [TID 8294] [Check dolby]  Supported type=audio/mpeg-L1
07-05 21:46:43.932 D/Player/Lib/Utils/SysUtils( 8264): [TID 8294] [Check dolby]  Supported type=audio/mpeg-L2
07-05 21:46:43.932 D/Player/Lib/Utils/SysUtils( 8264): [TID 8294] [Check dolby]  Codec name=OMX.MS.AAC.Decoder
07-05 21:46:43.932 D/Player/Lib/Utils/SysUtils( 8264): [TID 8294] [Check dolby]  Supported type=audio/mp4a-latm
07-05 21:46:43.932 D/Player/Lib/Utils/SysUtils( 8264): [TID 8294] [Check dolby]  Codec name=OMX.google.opus.decoder
07-05 21:46:43.932 D/Player/Lib/Utils/SysUtils( 8264): [TID 8294] [Check dolby]  Supported type=audio/opus
07-05 21:46:43.932 D/Player/Lib/Utils/SysUtils( 8264): [TID 8294] [Check dolby]  Codec name=OMX.google.vorbis.decoder
07-05 21:46:43.932 D/Player/Lib/Utils/SysUtils( 8264): [TID 8294] [Check dolby]  Supported type=audio/vorbis
07-05 21:46:43.932 D/Player/Lib/Utils/SysUtils( 8264): [TID 8294] [Check dolby]  Codec name=OMX.MS.VORBIS.Decoder
07-05 21:46:43.932 D/Player/Lib/Utils/SysUtils( 8264): [TID 8294] [Check dolby]  Supported type=audio/vorbis
07-05 21:46:43.932 D/Player/Lib/Utils/SysUtils( 8264): [TID 8294] [Check dolby]  Codec name=OMX.MS.ADPCM.Decoder
07-05 21:46:43.932 D/Player/Lib/Utils/SysUtils( 8264): [TID 8294] [Check dolby]  Supported type=audio/adpcm
07-05 21:46:43.932 D/Player/Lib/Utils/SysUtils( 8264): [TID 8294] [Check dolby]  Codec name=OMX.MS.LPCM.Decoder
07-05 21:46:43.932 D/Player/Lib/Utils/SysUtils( 8264): [TID 8294] [Check dolby]  Supported type=audio/lpcm
07-05 21:46:43.932 D/Player/Lib/Utils/SysUtils( 8264): [TID 8294] [Check dolby]  Codec name=OMX.MS.RA.Decoder
07-05 21:46:43.932 D/Player/Lib/Utils/SysUtils( 8264): [TID 8294] [Check dolby]  Supported type=audio/cook
07-05 21:46:43.933 D/Player/Lib/Utils/SysUtils( 8264): [TID 8294] [Check dolby]  Codec name=OMX.MS.WMA.Decoder
07-05 21:46:43.933 D/Player/Lib/Utils/SysUtils( 8264): [TID 8294] [Check dolby]  Supported type=audio/x-ms-wma
07-05 21:46:43.933 D/Player/Lib/Utils/SysUtils( 8264): [TID 8294] [Check dolby]  Codec name=OMX.MS.AC3.Decoder
07-05 21:46:43.933 D/Player/Lib/Utils/SysUtils( 8264): [TID 8294] [Check dolby]  Supported type=audio/ac3
07-05 21:46:43.933 D/Player/Lib/Utils/SysUtils( 8264): [TID 8294] [Check dolby] FOUND, current type = audio/ac3
07-05 21:46:43.933 W/AudioCapabilities( 8264): Unsupported mime audio/ac3
07-05 21:46:43.933 D/Player/Lib/Utils/SysUtils( 8264): [TID 8294] [Check dolby]  ProfileLevels size:0
07-05 21:46:43.933 D/Player/Lib/Utils/SysUtils( 8264): [TID 8294] DEVICE_SUPPORT_DOLBY=true, DEVICE_SUPPORT_H265=true
07-05 21:46:43.942 I/NetflixMonitorService( 1733): current fgapk : com.hisense.hicloud.edca
07-05 21:46:43.942 I/NetflixMonitorService( 1733): Netflix status unchanged
07-05 21:46:43.949 D/HttpHandler( 8264): VerifySignInterCeptor-->request.url()=http://picture.edu.hismarttv.com/images/20170629/%E5%93%88%E5%88%A9%E8%AE%B2%E6%95%85%E4%BA%8B%EF%BC%88%E4%B8%80%EF%BC%89.jpg
07-05 21:46:43.949 D/HttpHandler( 8264): VerifySignInterCeptor-->hostname=picture.edu.hismarttv.com
07-05 21:46:43.950 D/OkHttp  ( 8264): --> GET http://picture.edu.hismarttv.com/images/20170629/%E5%93%88%E5%88%A9%E8%AE%B2%E6%95%85%E4%BA%8B%EF%BC%88%E4%B8%80%EF%BC%89.jpg http/1.1
07-05 21:46:43.950 D/OkHttp  ( 8264): Host: picture.edu.hismarttv.com
07-05 21:46:43.950 D/OkHttp  ( 8264): Connection: Keep-Alive
07-05 21:46:43.950 D/OkHttp  ( 8264): Accept-Encoding: gzip
07-05 21:46:43.950 D/OkHttp  ( 8264): User-Agent: okhttp/3.6.0
07-05 21:46:43.950 D/OkHttp  ( 8264): --> END GET
07-05 21:46:43.950 D/WifiService( 1733): New client listening to asynchronous messages
07-05 21:46:43.967 D/Player/Lib/Utils/SysUtils( 8264): [TID 8294] isDeviceSupportDolby=true
07-05 21:46:43.967 D/Player/Lib/Utils/SysUtils( 8264): [TID 8294] isDeviceSupportH265=true
07-05 21:46:43.974 D/PlayerSdkUtils( 8264): [TID 8294] static init: IS_DEVICE_CODEC_SUPPORT_DOLBY=true
07-05 21:46:43.974 D/PlayerSdkUtils( 8264): [TID 8294] static init: IS_DEVICE_CODEC_SUPPORT_H265=true
07-05 21:46:43.974 I/art     ( 8264): Background sticky concurrent mark sweep GC freed 1846(219KB) AllocSpace objects, 0(0B) LOS objects, 0% free, 31MB/31MB, paused 5.216ms total 35.774ms
07-05 21:46:43.975 I/TVMW@HsTvSetting( 1234): Trace cmd, data = 0x1058
07-05 21:46:43.976 D/til@system( 2026): til_get_system_param option:100002F int:0, bool:0, ret:0
07-05 21:46:43.976 I/TVMW@HsTvSetting( 1234): Trace cmd, data = 0x101f
07-05 21:46:43.976 D/til@system( 2026): til_get_system_param option:100001D int:3, bool:3, ret:0
07-05 21:46:43.976 E/til     ( 2026): [til_get_current_input_source, 101] 
07-05 21:46:43.976 I/TVMW@HsTvSetting( 1234): Trace cmd, data = 0x7007
07-05 21:46:43.976 I/tilwrapper@sm( 2026): HS2TIL_SourceType *hs=0xd, *til=0x900
07-05 21:46:43.976 D/til     ( 2026): get current source 2304
07-05 21:46:43.976 D/SourceRemoteServiceHandler( 2026): getCurrentInputSource.from.til.result is 0, value is 2304
07-05 21:46:43.976 D/SourceRemoteServiceHandler( 2026): getInputSourceType source: 0x900, type=2304
07-05 21:46:43.976 D/til     ( 2026): ###### func:til_get_picture_param option:0x3000006 ######  
07-05 21:46:43.977 I/TVMW@HsTvSetting( 1234): Trace cmd, data = 0x1003
07-05 21:46:43.979 I/TVMW@HsTvSetting( 1234): Trace cmd, data = 0x8032
07-05 21:46:43.979 I/hstvos  ( 1216): [0m[1;33m[HSHAL][HS_VIDEO][HS_HAL_Video_SetOsdDetect_v2][2389]u16Threshold = 20
07-05 21:46:43.980 I/MiSysSrv( 1214): Not support now! 42, change to mm_video!!!
07-05 21:46:43.981 E/TVMW@videoctrl( 1234):  getOsd is 1
07-05 21:46:43.981 D/til@system( 2026): til_get_system_param option:1000027 int:1, bool:1, ret:0
07-05 21:46:43.981 D/til     ( 2026): ###### func:til_get_picture_param option:0x3000045 ######  
07-05 21:46:43.981 I/TVMW@HsTvSetting( 1234): Trace cmd, data = 0x300c
07-05 21:46:43.981 I/TVMW@HsTvSetting( 1234): Trace 3d, data = 0x300c
07-05 21:46:43.981 I/TVMW@3d ( 1234): Hs_debug3d_trace: func:get3dStatus, line:109
07-05 21:46:43.981 D/PlayerSDK/data/FetchUuidJob( 8264): [TID 8294] >>>fetchKeyInfo, sIsFetched=false
07-05 21:46:43.981 D/PlayerSDK/data/FetchUuidJob( 8264): [TID 8294] fetchKeyInfo: deviceInfo=vidaa3
07-05 21:46:43.983 I/System.out( 8264): D/(load-playerplugin, syncCall): cpu: 4
07-05 21:46:43.987 D/TabFocusBorderView( 8264): SLOVEN onAnimationCancel
07-05 21:46:43.987 D/TabFocusBorderView( 8264): SLOVEN onAnimationEnd
07-05 21:46:43.988 D/TabView ( 8264): SLOVEN border top===>:296---407
07-05 21:46:43.988 I/MyFragmentStateAdapter( 8264): getCount
07-05 21:46:43.988 I/MyFragmentStateAdapter( 8264): getCount
07-05 21:46:43.988 I/MyFragmentStateAdapter( 8264): getCount
07-05 21:46:43.988 I/MyFragmentStateAdapter( 8264): getCount
07-05 21:46:43.989 I/TabView ( 8264): onScroll:,firstItem=0,visibleCount=6,totalCount=10
07-05 21:46:43.989 I/FirstLineAdapter( 8264): canShowTrailer,isOffline=false
07-05 21:46:43.989 I/FirstLineAdapter( 8264): canShowTrailer,isOffline=false
07-05 21:46:43.989 I/FirstLineAdapter( 8264): canShowTrailer,isOffline=false
07-05 21:46:43.989 I/FirstLineAdapter( 8264): canShowTrailer,isOffline=false
07-05 21:46:43.989 I/FirstLineAdapter( 8264): canShowTrailer,isOffline=false
07-05 21:46:43.989 I/FirstLineAdapter( 8264): canShowTrailer,isOffline=false
07-05 21:46:43.989 I/FirstLineAdapter( 8264): canShowTrailer,isOffline=false
07-05 21:46:43.990 D/Carousel-CarouselChannelItemView( 8264): Listitem imageUrl:http://picture.edu.hismarttv.com/images/20170628102959016598.jpg
07-05 21:46:43.991 D/Carousel-Utils( 8264): onResourceReady.
07-05 21:46:43.993 D/Carousel-CarouselChannelItemView( 8264): Listitem imageUrl:http://picture.edu.hismarttv.com/images/20170628103002814396.jpg
07-05 21:46:43.993 D/Carousel-Utils( 8264): onResourceReady.
07-05 21:46:43.994 D/HttpHandler( 8264): DNSHelper-->gslbDns=["123.103.91.123"]
07-05 21:46:43.996 D/Carousel-CarouselChannelItemView( 8264): Listitem imageUrl:http://picture.edu.hismarttv.com/images/20170628103009181182.jpg
07-05 21:46:43.996 D/OkHttp  ( 8264): <-- 200 OK http://picture.edu.hismarttv.com/images/20170629/%E5%93%88%E5%88%A9%E8%AE%B2%E6%95%85%E4%BA%8B%EF%BC%88%E4%B8%80%EF%BC%89.jpg (45ms)
07-05 21:46:43.996 D/OkHttp  ( 8264): Date: Mon, 03 Jul 2017 10:17:10 GMT
07-05 21:46:43.996 D/OkHttp  ( 8264): Server: nginx
07-05 21:46:43.996 D/OkHttp  ( 8264): Content-Type: image/jpeg
07-05 21:46:43.996 D/OkHttp  ( 8264): Content-Length: 135983
07-05 21:46:43.996 D/OkHttp  ( 8264): Last-Modified: Fri, 09 Jun 2017 14:51:44 GMT
07-05 21:46:43.996 D/OkHttp  ( 8264): ETag: "593ab600-2132f"
07-05 21:46:43.996 D/OkHttp  ( 8264): Accept-Ranges: bytes
07-05 21:46:43.996 D/OkHttp  ( 8264): Age: 185374
07-05 21:46:43.996 D/OkHttp  ( 8264): Via: 1.1 chzhwt170:9 (Cdn Cache Server V2.0)[0 200 0], 1.1 chwt83:4 (Cdn Cache Server V2.0)[0 200 0]
07-05 21:46:43.996 D/OkHttp  ( 8264): Connection: keep-alive
07-05 21:46:43.996 D/OkHttp  ( 8264): <-- END HTTP
07-05 21:46:43.996 D/Carousel-Utils( 8264): onResourceReady.
07-05 21:46:43.997 D/Carousel-CarouselChannelItemView( 8264): Listitem imageUrl:http://picture.edu.hismarttv.com/images/20170628102959016598.jpg
07-05 21:46:43.998 D/Carousel-Utils( 8264): onResourceReady.
07-05 21:46:43.998 D/HttpHandler( 8264): RetryIntercepter-->retryNum=0
07-05 21:46:43.998 D/HttpHandler( 8264): RetryIntercepter-->backoffmutiplier=0
07-05 21:46:43.999 I/System.out( 8264): <TVAPI> DEBUG(isUpdateData): isUpdateData=manInfo-true
07-05 21:46:43.999 D/Carousel-CarouselChannelItemView( 8264): Listitem imageUrl:http://picture.edu.hismarttv.com/images/20170628103002814396.jpg
07-05 21:46:43.999 D/Carousel-Utils( 8264): onResourceReady.
07-05 21:46:44.000 I/System.out( 8264): <TVAPI> DEBUG(TVApiProperty): read passport-device-id=null
07-05 21:46:44.001 D/Carousel-CarouselChannelItemView( 8264): Listitem imageUrl:http://picture.edu.hismarttv.com/images/20170628103009181182.jpg
07-05 21:46:44.001 I/System.out( 8264): <TVAPI> DEBUG(TVApiProperty): passport-device-id-system=tv_69b1ef544cadbb86e8f28950ece1c76a_1167652938875
07-05 21:46:44.001 D/Carousel-Utils( 8264): onResourceReady.
07-05 21:46:44.003 I/FirstLineAdapter( 8264): canShowTrailer,isOffline=false
07-05 21:46:44.003 I/FirstLineAdapter( 8264): canShowTrailer,isOffline=false
07-05 21:46:44.004 D/Carousel-CarouselView( 8264): ============>onScrollChanged hashCode:558015189
07-05 21:46:44.012 I/art     ( 8264): Background sticky concurrent mark sweep GC freed 1399(169KB) AllocSpace objects, 0(0B) LOS objects, 0% free, 31MB/31MB, paused 5.540ms total 37.132ms
07-05 21:46:44.014 I/MyFragmentStateAdapter( 8264): getCount
07-05 21:46:44.014 I/System.out( 8264): <TVAPI> DEBUG(id=1, manInfo): url = http://data2.itv.ptqy.gitv.tv/itv/manInfo/vidaa3?s=0
07-05 21:46:44.014 I/System.out( 8264): <TVAPI> DEBUG(id=1, manInfo): header = qyid:tv_69b1ef544cadbb86e8f28950ece1c76a_1167652938875
07-05 21:46:44.014 I/System.out( 8264): <TVAPI> DEBUG(id=1, manInfo): header = ov:5.1.1
07-05 21:46:44.014 I/System.out( 8264): <TVAPI> DEBUG(id=1, manInfo): header = apkVer:
07-05 21:46:44.014 I/System.out( 8264): <TVAPI> DEBUG(id=1, manInfo): header = apiKey:APIKEY
07-05 21:46:44.050 D/CommonHeader( 8264): app logo :refreshTimer: isRotatetrue
07-05 21:46:44.053 I/MyFragmentStateAdapter( 8264): getCount
07-05 21:46:44.053 I/MyFragmentStateAdapter( 8264): getCount
07-05 21:46:44.053 I/MyFragmentStateAdapter( 8264): getCount
07-05 21:46:44.053 I/MyFragmentStateAdapter( 8264): getCount
07-05 21:46:44.065 I/MyFragmentStateAdapter( 8264): getCount
07-05 21:46:44.068 D/HttpHandler( 8264): VerifySignInterCeptor-->request.url()=http://picture.edu.hismarttv.com/images/20170629/30%E5%A4%A9%E5%86%99%E5%87%BA%E4%B8%80%E6%89%8B%E5%A5%BD%E5%AD%9720161129021942268280.jpg
07-05 21:46:44.068 D/HttpHandler( 8264): VerifySignInterCeptor-->hostname=picture.edu.hismarttv.com
07-05 21:46:44.070 D/OkHttp  ( 8264): --> GET http://picture.edu.hismarttv.com/images/20170629/30%E5%A4%A9%E5%86%99%E5%87%BA%E4%B8%80%E6%89%8B%E5%A5%BD%E5%AD%9720161129021942268280.jpg http/1.1
07-05 21:46:44.070 D/OkHttp  ( 8264): Host: picture.edu.hismarttv.com
07-05 21:46:44.070 D/OkHttp  ( 8264): Connection: Keep-Alive
07-05 21:46:44.070 D/OkHttp  ( 8264): Accept-Encoding: gzip
07-05 21:46:44.070 D/OkHttp  ( 8264): User-Agent: okhttp/3.6.0
07-05 21:46:44.070 D/OkHttp  ( 8264): --> END GET
07-05 21:46:44.097 I/MyFragmentStateAdapter( 8264): getCount
07-05 21:46:44.097 I/MyFragmentStateAdapter( 8264): getCount
07-05 21:46:44.098 I/MyFragmentStateAdapter( 8264): getCount
07-05 21:46:44.098 I/MyFragmentStateAdapter( 8264): getCount
07-05 21:46:44.099 I/System.out( 8264): <TVAPI> DEBUG(id=1, manInfo, response_time = 66ms): data = {"code":"N000000","json":{},"uuid":"MjAxNTEyMjgxNjU2MTk1NzJNa0NISmZXYjExMjA5"}
07-05 21:46:44.100 D/PlayerSDK/data/FetchUuidJob( 8264): [TID 8294] mManInfoCallback onSuccess: maininfo=com.qiyi.tvapi.tv2.result.ApiResultManInfo@bc5f64b
07-05 21:46:44.100 D/PlayerSDK/data/FetchUuidJob( 8264): [TID 8294] mManInfoCallback result: u=MjAxNTEyMjgxNjU2MTk1NzJNa0NISmZXYjExMjA5, json={}
07-05 21:46:44.100 D/PlayerSDK/data/FetchUuidJob( 8264): [TID 8294] mManInfoCallback result: eU=MjAxNTEyMjgxNjU2MTk1NzJNa0NISmZXYjExMjA5
07-05 21:46:44.100 D/PlayerSDK/data/FetchUuidJob( 8264): [TID 8294] mManInfoCallback: fectch id success, use it.
07-05 21:46:44.100 D/PlayerSDK/data/FetchUuidJob( 8264): [TID 8294] mManInfoCallback result: parterId=null
07-05 21:46:44.109 D/OkHttp  ( 8264): --> POST http://api.edu.hismarttv.com/payment/api/get/experience/member?uuid=13287129&mac=a8:a6:48:18:fc:a8&devid=86100300900000500000060a4818fca8&version=00.002.003&subscriberId=13287129&customerId=7195320&model_id=0&APPPackage=com.hisense.hicloud.edca&PFAPPCode=652&APPVersionName=3.0.0.9.00&ChannelId=0&softwareVersion=LED50MU8600UC0000888&tv_distribute_id=00&devType=0&APIVersion=600&accessToken=72DF6038D2AEAB8A76DFBBBBCC428A4A_002068408653632 http/1.1
07-05 21:46:44.111 I/MyFragmentStateAdapter( 8264): getCount
07-05 21:46:44.112 D/OkHttp  ( 8264): <-- 200 OK http://picture.edu.hismarttv.com/images/20170629/30%E5%A4%A9%E5%86%99%E5%87%BA%E4%B8%80%E6%89%8B%E5%A5%BD%E5%AD%9720161129021942268280.jpg (42ms)
07-05 21:46:44.112 D/OkHttp  ( 8264): Date: Mon, 03 Jul 2017 10:05:21 GMT
07-05 21:46:44.112 D/OkHttp  ( 8264): Server: nginx
07-05 21:46:44.112 D/OkHttp  ( 8264): Content-Type: image/jpeg
07-05 21:46:44.112 D/OkHttp  ( 8264): Content-Length: 137170
07-05 21:46:44.112 D/OkHttp  ( 8264): Last-Modified: Fri, 09 Jun 2017 14:48:12 GMT
07-05 21:46:44.112 D/OkHttp  ( 8264): ETag: "593ab52c-217d2"
07-05 21:46:44.112 D/OkHttp  ( 8264): Accept-Ranges: bytes
07-05 21:46:44.112 D/OkHttp  ( 8264): Age: 186083
07-05 21:46:44.112 D/OkHttp  ( 8264): Via: 1.1 changzhiwangtong169:2 (Cdn Cache Server V2.0)[0 200 0], 1.1 chwt83:5 (Cdn Cache Server V2.0)[0 200 0]
07-05 21:46:44.112 D/OkHttp  ( 8264): Connection: keep-alive
07-05 21:46:44.112 D/OkHttp  ( 8264): <-- END HTTP
07-05 21:46:44.122 D/PlayerSDK/data/FetchUuidJob@256b6780( 8264): [TID 8294] notifyJobSuccess() Job[PlayerSDK/data/FetchUuidJob@256b6780](mState=0, mData=Object492234792, mError=null)
07-05 21:46:44.122 D/PlayerSDK/data/FetchUuidJob( 8264): [TID 8294] <<<fetchKeyInfo
07-05 21:46:44.122 D/PlayerSDK/data/FetchUuidJob@256b6780( 8264): [TID 8294] notifyJobSuccess() Job[PlayerSDK/data/FetchUuidJob@256b6780](mState=2, mData=Object492234792, mError=null)
07-05 21:46:44.122 D/PlayerSdk/PlayerSdkProject( 8264): [TID 8294] createRegisterKeyForTvapi(context=com.hisense.hicloud.edca.BaseApplication@2adbac5c)
07-05 21:46:44.124 D/Player/Lib/Utils/SysUtils( 8264): [TID 8294] getMacAddr() returnsa8:a6:48:18:fc:a8
07-05 21:46:44.129 I/System.out( 8264): <TVAPI> ERROR(Check MacAddress): mac address is 
07-05 21:46:44.132 D/OkHttp  ( 8264): Content-Type: application/x-www-form-urlencoded
07-05 21:46:44.132 D/OkHttp  ( 8264): Content-Length: 512
07-05 21:46:44.132 D/OkHttp  ( 8264): Data_Type: JSON
07-05 21:46:44.132 D/OkHttp  ( 8264): RetryTime: 0
07-05 21:46:44.132 D/OkHttp  ( 8264): Backoffmutiplier: 0
07-05 21:46:44.132 D/OkHttp  ( 8264): Host: api.edu.hismarttv.com
07-05 21:46:44.132 D/OkHttp  ( 8264): Connection: Keep-Alive
07-05 21:46:44.132 D/OkHttp  ( 8264): Accept-Encoding: gzip
07-05 21:46:44.132 D/OkHttp  ( 8264): User-Agent: okhttp/3.6.0
07-05 21:46:44.132 D/OkHttp  ( 8264): --> END POST
07-05 21:46:44.134 D/PlayerSdk/PlayerSdkProject( 8264): [TID 8294] initTVApi platformType:HAIXIN, defaultUserId:tv_69b1ef544cadbb86e8f28950ece1c76a, domainName:ptqy.gitv.tv
07-05 21:46:44.134 D/PlayerSdk/PlayerSdkProject( 8264): [TID 8294] << beginInitialize: consume 573 ms
07-05 21:46:44.134 D/Player/PluginProvider@1db54ae1( 8264): [TID 8294] << setupSdkFeature: mSdkFeature=com.qiyi.video.plugin.j@2fad3941
07-05 21:46:44.134 W/PluginProviderBuilder( 8264): createPluginProviderInstance() return com.qiyi.video.plugin.PluginProvider@1db54ae1
07-05 21:46:44.134 W/PluginDebugUtils( 8264): needThrowable<<(key=lastFailed)
07-05 21:46:44.134 W/PluginDebugUtils( 8264): needThrowable() returns false
07-05 21:46:44.134 W/PluginHelper( 8264): loadProvider>>() return com.qiyi.video.plugin.PluginProvider@1db54ae1
07-05 21:46:44.134 W/StorageManager( 8264): savePluginInfo<<(info=PluginInfo(id=pluginplayer, versionName=1.64.0.59984, className=com.qiyi.video.plugin.PluginProvider, path=/data/data/com.hisense.hicloud.edca/files/plugin/2.1.0.59986/pluginplayer/1.64.0.59984/pluginplayer-release-1.64.0.59984.apk, libFolder=/data/data/com.hisense.hicloud.edca/files/plugin/2.1.0.59986/pluginplayer/1.64.0.59984/pluginplayer-release-1.64.0.59984-libs, containSo=true, soFileCount=18, errorCount=0, lastLoadSuccess=true))
07-05 21:46:44.134 W/StorageManager( 8264): isMultiProcessPlugin<<()  pluginplayer
07-05 21:46:44.134 W/StorageManager( 8264): isMultiProcessPlugin>>() return false
07-05 21:46:44.134 W/StorageStub@193d3924( 8264): loadPluginInfos<<(pluginId=pluginplayer, needRemoveDumy=false)
07-05 21:46:44.135 W/PluginInfo( 8264): getListFromJson<<(json=null)
07-05 21:46:44.135 W/StorageStub@193d3924( 8264): loadPluginInfos>>() return null
07-05 21:46:44.135 W/StorageManager( 8264): findPluginInfo<<(list=[], version=1.64.0.59984)
07-05 21:46:44.135 W/StorageManager( 8264): findPluginInfo>>() return null
07-05 21:46:44.135 W/StorageStub@193d3924( 8264): savePluginInfos<<(pluginId=pluginplayer, list=[PluginInfo(id=pluginplayer, versionName=1.64.0.59984, className=com.qiyi.video.plugin.PluginProvider, path=/data/data/com.hisense.hicloud.edca/files/plugin/2.1.0.59986/pluginplayer/1.64.0.59984/pluginplayer-release-1.64.0.59984.apk, libFolder=/data/data/com.hisense.hicloud.edca/files/plugin/2.1.0.59986/pluginplayer/1.64.0.59984/pluginplayer-release-1.64.0.59984-libs, containSo=true, soFileCount=18, errorCount=0, lastLoadSuccess=true)])
07-05 21:46:44.135 W/PluginInfo( 8264): getJsonFromList<<(list=[PluginInfo(id=pluginplayer, versionName=1.64.0.59984, className=com.qiyi.video.plugin.PluginProvider, path=/data/data/com.hisense.hicloud.edca/files/plugin/2.1.0.59986/pluginplayer/1.64.0.59984/pluginplayer-release-1.64.0.59984.apk, libFolder=/data/data/com.hisense.hicloud.edca/files/plugin/2.1.0.59986/pluginplayer/1.64.0.59984/pluginplayer-release-1.64.0.59984-libs, containSo=true, soFileCount=18, errorCount=0, lastLoadSuccess=true)])
07-05 21:46:44.135 W/PluginInfo( 8264): toJson>>() return {"plugin_id":"pluginplayer","plugin_versionname":"1.64.0.59984","plugin_class_name":"com.qiyi.video.plugin.PluginProvider","plugin_path":"\/data\/data\/com.hisense.hicloud.edca\/files\/plugin\/2.1.0.59986\/pluginplayer\/1.64.0.59984\/pluginplayer-release-1.64.0.59984.apk","plugin_lib_folder":"\/data\/data\/com.hisense.hicloud.edca\/files\/plugin\/2.1.0.59986\/pluginplayer\/1.64.0.59984\/pluginplayer-release-1.64.0.59984-libs","contain_so":true,"so_count":18,"load_error_count":0,"load_success":true}
07-05 21:46:44.135 W/PluginInfo( 8264): getJsonFromList>>() return [{"plugin_id":"pluginplayer","plugin_versionname":"1.64.0.59984","plugin_class_name":"com.qiyi.video.plugin.PluginProvider","plugin_path":"\/data\/data\/com.hisense.hicloud.edca\/files\/plugin\/2.1.0.59986\/pluginplayer\/1.64.0.59984\/pluginplayer-release-1.64.0.59984.apk","plugin_lib_folder":"\/data\/data\/com.hisense.hicloud.edca\/files\/plugin\/2.1.0.59986\/pluginplayer\/1.64.0.59984\/pluginplayer-release-1.64.0.59984-libs","contain_so":true,"so_count":18,"load_error_count":0,"load_success":true}]
07-05 21:46:44.136 W/StorageStub@193d3924( 8264): savePluginInfos>>()
07-05 21:46:44.136 W/StorageManager( 8264): savePluginInfo>>()
07-05 21:46:44.136 W/PluginHelper( 8264): loadAssetsProvider>>() return com.qiyi.video.plugin.PluginProvider@1db54ae1
07-05 21:46:44.136 W/PluginHelper( 8264): addProviders<<(provider=com.qiyi.video.plugin.PluginProvider@1db54ae1)
07-05 21:46:44.136 W/PluginHelper( 8264): addProviders>>()
07-05 21:46:44.136 W/System.err( 8264): java.lang.Exception: load local histroy info null
07-05 21:46:44.137 W/System.err( 8264): 	at com.qiyi.sdk.plugin.server.core.PluginHelper.loadLocalProvider(SourceFile:202)
07-05 21:46:44.137 W/System.err( 8264): 	at com.qiyi.sdk.plugin.server.core.PluginHelper.loadProvider(SourceFile:151)
07-05 21:46:44.137 W/System.err( 8264): 	at com.qiyi.sdk.plugin.server.PluginManager.loadFeature(SourceFile:81)
07-05 21:46:44.137 W/System.err( 8264): 	at com.qiyi.sdk.player.a.a(SourceFile:3101)
07-05 21:46:44.137 W/System.err( 8264): 	at com.qiyi.sdk.player.a$a.run(SourceFile:132)
07-05 21:46:44.137 W/System.err( 8264): 	at android.os.Handler.handleCallback(Handler.java:739)
07-05 21:46:44.137 W/System.err( 8264): 	at android.os.Handler.dispatchMessage(Handler.java:95)
07-05 21:46:44.137 W/System.err( 8264): 	at android.os.Looper.loop(Looper.java:135)
07-05 21:46:44.137 W/System.err( 8264): 	at android.os.HandlerThread.run(HandlerThread.java:61)
07-05 21:46:44.137 W/PluginHelper( 8264): loadProvider>>() return Result(code=1, data=com.qiyi.video.plugin.PluginProvider@1db54ae1, exception=[LoadProviderException(type=loadLocal, throwable=java.lang.Exception: load local histroy info null)], period=1)
07-05 21:46:44.139 W/PluginHelper( 8264): handleMessage<<(msg={ when=-3ms what=1 target=com.qiyi.sdk.plugin.server.core.PluginHelper$TimerHandler })
07-05 21:46:44.139 W/StorageManager( 8264): loadLastUpgradeTime<<()
07-05 21:46:44.139 W/StorageStub@193d3924( 8264): loadLastUpgradeTime<<()
07-05 21:46:44.139 W/StorageStub@193d3924( 8264): loadLastUpgradeTime>>() return 0
07-05 21:46:44.139 W/StorageManager( 8264): loadLastUpgradeTime>>()
07-05 21:46:44.140 W/PluginDebugUtils( 8264): needDebug<<(key=upgradeIntervalDebug)
07-05 21:46:44.140 W/PluginDebugUtils( 8264): needDebug() returns false
07-05 21:46:44.140 W/PluginPropertyConfig( 8264): getUpgradeInterval() return 86400000
07-05 21:46:44.140 W/PluginPropertyConfig( 8264): autoUpgrade() return true
07-05 21:46:44.141 W/PluginHelper( 8264): handleMessage...(realInterval=1499262404139, minInterval=86400000, autoUpgrade=true)
07-05 21:46:44.141 W/PluginHelper( 8264): allProvidersCanBeUpgrade<<()
07-05 21:46:44.141 W/PluginHelper( 8264): getProvider<<(pluginId=pluginplayer)
07-05 21:46:44.141 W/PluginHelper( 8264): getProvider>>() return com.qiyi.video.plugin.PluginProvider@1db54ae1
07-05 21:46:44.141 W/PluginHelper( 8264): allProvidersCanBeUpgrade...() provider=com.qiyi.video.plugin.PluginProvider@1db54ae1, canBeUpgrade=true
07-05 21:46:44.141 W/PluginHelper( 8264): allProvidersCanBeUpgrade>>() return true
07-05 21:46:44.141 W/PluginHelper( 8264): checkAllUpgrade<<()
07-05 21:46:44.141 W/PluginHelper( 8264): getProvidersVersionInfo<<()
07-05 21:46:44.141 W/PluginHelper( 8264): getProvider<<(pluginId=pluginplayer)
07-05 21:46:44.141 W/PluginHelper( 8264): getProvider>>() return com.qiyi.video.plugin.PluginProvider@1db54ae1
07-05 21:46:44.141 D/Version ( 8264): [TID 8295] getVersionName: 1.64.0.59984
07-05 21:46:44.141 W/PluginHelper( 8264): getProvidersVersionInfo>>() return {pluginplayer=1.64.0.59984}
07-05 21:46:44.141 W/UpgradeManager( 8264): checkUpgrades<<(requestInfos={pluginplayer=1.64.0.59984})
07-05 21:46:44.141 W/AbsPluginProvider( 8264): getFeature<<(featureType=2)
07-05 21:46:44.142 D/Player/PluginProvider@1db54ae1( 8264): [TID 8294] getFeatures: mFeatures=[com.qiyi.video.plugin.j@2fad3941]
07-05 21:46:44.142 W/AbsPluginProvider( 8264): getFeature>>() return com.qiyi.video.plugin.j@2fad3941
07-05 21:46:44.143 I/System.out( 8264): <TVAPI> DEBUG(isUpdateData): isUpdateData=moduleUpdate-true
07-05 21:46:44.143 W/System.err( 8264): java.lang.Exception: load local histroy info null
07-05 21:46:44.143 W/System.err( 8264): 	at com.qiyi.sdk.plugin.server.core.PluginHelper.loadLocalProvider(SourceFile:202)
07-05 21:46:44.143 W/System.err( 8264): 	at com.qiyi.sdk.plugin.server.core.PluginHelper.loadProvider(SourceFile:151)
07-05 21:46:44.143 W/System.err( 8264): 	at com.qiyi.sdk.plugin.server.PluginManager.loadFeature(SourceFile:81)
07-05 21:46:44.143 W/System.err( 8264): 	at com.qiyi.sdk.player.a.a(SourceFile:3101)
07-05 21:46:44.143 W/System.err( 8264): 	at com.qiyi.sdk.player.a$a.run(SourceFile:132)
07-05 21:46:44.144 W/System.err( 8264): 	at android.os.Handler.handleCallback(Handler.java:739)
07-05 21:46:44.144 W/System.err( 8264): 	at android.os.Handler.dispatchMessage(Handler.java:95)
07-05 21:46:44.144 W/System.err( 8264): 	at android.os.Looper.loop(Looper.java:135)
07-05 21:46:44.144 W/System.err( 8264): 	at android.os.HandlerThread.run(HandlerThread.java:61)
07-05 21:46:44.144 W/PluginManager( 8264): loadFeature>>() return Result(code=1, data=com.qiyi.video.plugin.j@2fad3941, exception=[LoadProviderException(type=loadLocal, throwable=java.lang.Exception: load local histroy info null)], period=1)
07-05 21:46:44.144 D/PlayerSdk/PlayerSdkProject( 8264): [TID 8294] initialize(Parameter@1c046c51{mDelayedMilliSec=0, mCustomerAppVersion=3.0.0.9.00, mDeviceId=a8:a6:48:18:fc:a8, mDeviceInfo=vidaa3, mShowAdCountDown=true, mCDNDispathParam=null, mAdsHintNameMap={1001=, 2001=, 3001=}})
07-05 21:46:44.144 D/PlayerSdk/PlayerSdkProject( 8264): [TID 8294] >> finishInitialize
07-05 21:46:44.144 I/System.out( 8264): <TVAPI> DEBUG(TVApiProperty): read passport-device-id=tv_69b1ef544cadbb86e8f28950ece1c76a_1167652938875
07-05 21:46:44.145 I/System.out( 8264): <TVAPI> DEBUG(TVApiProcessor): preprocessor-device-check
07-05 21:46:44.151 I/System.out( 8264): <TVAPI> DEBUG(isUpdateData): isUpdateData=devRegister-true
07-05 21:46:44.151 I/System.out( 8264): <TVAPI> DEBUG(TVAPI): uuid=20151228165619572MkCHJfWb11209
07-05 21:46:44.152 I/System.out( 8264): <TVAPI> DEBUG(TVAPI): version=2.1.0.59986
07-05 21:46:44.152 I/System.out( 8264): <TVAPI> DEBUG(TVApiProperty): read passport-device-id=tv_69b1ef544cadbb86e8f28950ece1c76a_1167652938875
07-05 21:46:44.149 V/LogRecord/LogManager( 8264): isLogRegister = false isMultiProcess = false isSecondProcess = false
07-05 21:46:44.152 I/System.out( 8264): <TVAPI> DEBUG(id=4, systemTime): url = http://pdata.video.ptqy.gitv.tv/k
07-05 21:46:44.153 I/System.out( 8264): D/(plugin_check_upgrade_thread, CommonApi-systemTime): url=http://pdata.video.ptqy.gitv.tv/k
07-05 21:46:44.158 I/System.out( 8264): <TVAPI> DEBUG(id=3, devRegister): url = http://data2.itv.ptqy.gitv.tv/itv/devRegister/OGFjZjgxODQ2YThhLzIwMTUxMjI4MTY1NjE5NTcyTWtDSEpmV2IxMTIwOS8yLjEuMC41OTk4Ng/39467112fe7be1432adcf86e152f4899
07-05 21:46:44.158 I/System.out( 8264): <TVAPI> DEBUG(id=3, devRegister): header = qyid:tv_69b1ef544cadbb86e8f28950ece1c76a_1167652938875
07-05 21:46:44.158 I/System.out( 8264): <TVAPI> DEBUG(id=3, devRegister): header = ov:5.1.1
07-05 21:46:44.158 I/System.out( 8264): <TVAPI> DEBUG(id=3, devRegister): header = apkVer:2.1.0.59986
07-05 21:46:44.159 V/LogRecord/LogManager( 8264): setFeedBackComplete = true
07-05 21:46:44.165 D/MyLocalStartService(16899): currentName is :com.hisense.hicloud.edca
07-05 21:46:44.166 D/HttpHandler( 8264): RetryIntercepter-->retryNum=0
07-05 21:46:44.166 D/HttpHandler( 8264): RetryIntercepter-->backoffmutiplier=0
07-05 21:46:44.176 I/art     ( 8264): Background partial concurrent mark sweep GC freed 11541(1044KB) AllocSpace objects, 2(1518KB) LOS objects, 11% free, 30MB/34MB, paused 6.657ms total 163.858ms
07-05 21:46:44.187 I/MyFragmentStateAdapter( 8264): getCount
07-05 21:46:44.192 V/LogRecord/LogcatController( 8264): logcatQueueType is = CIRCULAR
07-05 21:46:44.195 V/LogRecord/QueueFactory( 8264): QueueManage , iqiyilogqueuetype = CIRCULAR
07-05 21:46:44.196 V/LogRecord/LogcatController( 8264): LogcatController mQueueExcutor init()
07-05 21:46:44.196 V/LogRecord/CircularQueueExcutor( 8264): CircularQueueExcutor init()
07-05 21:46:44.196 V/LogRecord/LogManager( 8264): isSecondProcess = false
07-05 21:46:44.204 D/OkHttp  ( 8264): <-- 200 OK http://api.edu.hismarttv.com/payment/api/get/experience/member?uuid=13287129&mac=a8:a6:48:18:fc:a8&devid=86100300900000500000060a4818fca8&version=00.002.003&subscriberId=13287129&customerId=7195320&model_id=0&APPPackage=com.hisense.hicloud.edca&PFAPPCode=652&APPVersionName=3.0.0.9.00&ChannelId=0&softwareVersion=LED50MU8600UC0000888&tv_distribute_id=00&devType=0&APIVersion=600&accessToken=72DF6038D2AEAB8A76DFBBBBCC428A4A_002068408653632 (71ms)
07-05 21:46:44.204 D/OkHttp  ( 8264): Server: nginx
07-05 21:46:44.204 D/OkHttp  ( 8264): Date: Wed, 05 Jul 2017 13:46:44 GMT
07-05 21:46:44.204 D/OkHttp  ( 8264): Content-Type: application/json
07-05 21:46:44.204 D/OkHttp  ( 8264): Content-Length: 289
07-05 21:46:44.204 D/OkHttp  ( 8264): Connection: close
07-05 21:46:44.204 D/OkHttp  ( 8264): <-- END HTTP
07-05 21:46:44.209 I/System.out( 8264): <TVAPI> DEBUG(System Time): 1499262404
07-05 21:46:44.210 I/System.out( 8264): <TVAPI> DEBUG(id=4, systemTime, response_time = 57ms): data = {"t":"1499262404","m":"2ffd5e0fde2267fb159fa8c8d8c21eabee44c50ce708393e","u":"2ffd5e0fde2267fbe59efde32865dde7cd209a1d88b78425","i":"220.181.109.33","k":"2ffd5e0fde2267fbff88d55b8123160b9db42e51cb91c539"}
07-05 21:46:44.223 V/LogRecord/ServiceHelper( 8264): LogcatRecordingService is not running 
07-05 21:46:44.224 V/LogRercord/IqiyiLogController( 8264): iqiyiQueueType is = CIRCULAR
07-05 21:46:44.224 V/LogRecord/QueueFactory( 8264): QueueManage , iqiyilogqueuetype = CIRCULAR
07-05 21:46:44.227 V/LogRercord/IqiyiLogController( 8264): IqiyiLogController mQueueExcutor init()
07-05 21:46:44.227 V/LogRecord/CircularQueueExcutor( 8264): CircularQueueExcutor init()
07-05 21:46:44.227 V/LogRecord/FileHelper( 8264): clearFileDir
07-05 21:46:44.253 I/MyFragmentStateAdapter( 8264): getCount
07-05 21:46:44.255 D/HttpHandler( 8264): RetryIntercepter-->retryNum=0
07-05 21:46:44.255 D/HttpHandler( 8264): RetryIntercepter-->backoffmutiplier=0
07-05 21:46:44.255 D/HttpHandler( 8264): VerifySignInterCeptor-->dateType=1
07-05 21:46:44.256 D/HttpHandler( 8264): VerifySignInterCeptor-->HttpRequestManager.httpClietOption.getVerifyFlag()=1
07-05 21:46:44.261 V/LogRecord/FileHelper( 8264): /data/data/com.hisense.hicloud.edca/cache/qylogrecord
07-05 21:46:44.263 I/System.out( 8264): <TVAPI> DEBUG(id=3, devRegister, response_time = 60ms): data = {"msg":"","code":"N000000","data":{"apiKey":"9e14d341281067d05d771f41454858c0","authId":1210,"flag":"","hide":"qiyicom","ip":"27.223.99.130","ipLoc":"1-48-3-6-6002-0-77","ipZh":"-----None-","kv":[{"hcdn":"hCDN"},{"homepageHot":""},{"homepageNew":""},{"ruleCode":"http://static.ptqy.gitv.tv/js/tv/app/getPlayerConfig.js","playerConfig":""},{"isShowExitAppDialog":"apk"}],"loading":"","loginTunnel":0,"resIds":[{"id":201221412,"seq":1},{"id":201713612,"seq":2},{"id":201757412,"seq":3}],"sysTime":1499259961,"tab":[],"tip":"","upgradeType":-1,"url":"","version":""}}
07-05 21:46:44.264 I/System.out( 8264): <TVAPI> DEBUG(TVApiProcessor): replace url is http://data2.itv.ptqy.gitv.tv/itv/moduleUpdate/1210/2.1.0.59986?p=%7B%22chipVer%22%3A%22%22%2C%22ip%22%3A%22%22%2C%22mac%22%3A%22a8%3Aa6%3A48%3A18%3Afc%3Aa8%22%2C%22mem%22%3A%22%22%2C%22osVer%22%3A22%2C%22platModel%22%3A%22VIDAA_TV%22%2C%22pluginplayer%22%3A%221.64.0.59984%22%2C%22prodModel%22%3A%22VIDAA_TV%22%7D
07-05 21:46:44.264 I/System.out( 8264): <TVAPI> DEBUG(id=2, moduleUpdate): url = http://data2.itv.ptqy.gitv.tv/itv/moduleUpdate/1210/2.1.0.59986?p=%7B%22chipVer%22%3A%22%22%2C%22ip%22%3A%22%22%2C%22mac%22%3A%22a8%3Aa6%3A48%3A18%3Afc%3Aa8%22%2C%22mem%22%3A%22%22%2C%22osVer%22%3A22%2C%22platModel%22%3A%22VIDAA_TV%22%2C%22pluginplayer%22%3A%221.64.0.59984%22%2C%22prodModel%22%3A%22VIDAA_TV%22%7D
07-05 21:46:44.264 I/System.out( 8264): <TVAPI> DEBUG(id=2, moduleUpdate): header = qyid:tv_69b1ef544cadbb86e8f28950ece1c76a_1167652938875
07-05 21:46:44.264 I/System.out( 8264): <TVAPI> DEBUG(id=2, moduleUpdate): header = ov:5.1.1
07-05 21:46:44.264 I/System.out( 8264): <TVAPI> DEBUG(id=2, moduleUpdate): header = apkVer:2.1.0.59986
07-05 21:46:44.264 I/System.out( 8264): <TVAPI> DEBUG(id=2, moduleUpdate): header = apiKey:9e14d341281067d05d771f41454858c0
07-05 21:46:44.265 E/btif_config( 2964): [btif_config_get] node is TRUE!
07-05 21:46:44.265 E/btif_config( 2964): [btif_config_get] ret is TRUE!
07-05 21:46:44.292 D/HttpHandler( 8264): VerifySignInterCeptor-->content={"message": "\u6ca1\u6709\u67e5\u8be2\u5230id\u4e3a0\u7684\u5f39\u7a97\u4fe1\u606f", "success": false}
07-05 21:46:44.305 D/NetworkManager( 8264): [TID 8264] onReceive: intent=Intent { act=android.net.conn.CONNECTIVITY_CHANGE flg=0x10 (has extras) }, extra=Bundle[mParcelledData.dataSize=380]
07-05 21:46:44.305 D/NetworkManager( 8264): [TID 8264] action=android.net.conn.CONNECTIVITY_CHANGE
07-05 21:46:44.312 D/NetworkManager( 8264): [TID 8401] >> getRequestTask(http://www.baidu.com)
07-05 21:46:44.312 D/NetworkManager( 8264): [TID 8264] getRealState: activeNetInfo={[type: Ethernet[], state: CONNECTED/CONNECTED, reason: (unspecified), extra: a8:a6:48:18:fc:a8, roaming: false, failover: false, isAvailable: true, isConnectedToProvisioningNetwork: false]}, isConnected=true
07-05 21:46:44.313 D/NetworkManager( 8264): [TID 8264] onNetStateChanged(2)
07-05 21:46:44.315 D/NetworkManager( 8264): [TID 8401] getRequestTask(http://www.baidu.com): current pool size=2, queue=[]
07-05 21:46:44.315 D/NetworkManager( 8264): [TID 8401] getRequestTask(http://www.baidu.com): submitted task={java.util.concurrent.FutureTask@795f4b1, 11245883}
07-05 21:46:44.315 D/NetworkManager( 8264): [TID 8401] << getRequestTask(http://www.baidu.com): returned task=java.util.concurrent.FutureTask@795f4b1
07-05 21:46:44.316 D/Player/Lib/Utils/PlayerDebugUtils( 8264): [TID 8294] initialize, allowDebug: false
07-05 21:46:44.316 D/HiNetworkImpl( 8264): doHttp_Asyn(): onReqResponse isSuccessful = true, back from thread: main
07-05 21:46:44.318 I/MyFragmentStateAdapter( 8264): getCount
07-05 21:46:44.328 W/System.err( 8264): com.qiyi.video.api.ApiException
07-05 21:46:44.329 D/NetworkManager( 8264): [TID 8402] >> request(http://www.baidu.com, 11245883)
07-05 21:46:44.330 W/System.err( 8264): 	at com.qiyi.tvapi.tv2.a$3.onSuccess(SourceFile:204)
07-05 21:46:44.330 W/System.err( 8264): 	at com.qiyi.video.api.a.d.b(SourceFile:105)
07-05 21:46:44.330 W/System.err( 8264): 	at com.qiyi.video.api.a.d.a(SourceFile:129)
07-05 21:46:44.330 W/System.err( 8264): 	at com.qiyi.tvapi.tv2.a$1.a(SourceFile:102)
07-05 21:46:44.330 W/System.err( 8264): 	at com.qiyi.tvapi.tv2.b.c.a(SourceFile:155)
07-05 21:46:44.330 W/System.err( 8264): 	at com.qiyi.tvapi.tv2.a.a(SourceFile:95)
07-05 21:46:44.330 W/System.err( 8264): 	at com.qiyi.tvapi.tv2.a.callSync(SourceFile:54)
07-05 21:46:44.330 W/System.err( 8264): 	at com.qiyi.sdk.plugin.server.upgrade.UpgradeManager.checkUpgrades(SourceFile:60)
07-05 21:46:44.330 W/System.err( 8264): 	at com.qiyi.sdk.plugin.server.core.PluginHelper$TimerHandler.checkAllUpgrade(SourceFile:362)
07-05 21:46:44.330 W/System.err( 8264): 	at com.qiyi.sdk.plugin.server.core.PluginHelper$TimerHandler.handleMessage(SourceFile:339)
07-05 21:46:44.330 W/System.err( 8264): 	at android.os.Handler.dispatchMessage(Handler.java:102)
07-05 21:46:44.330 W/System.err( 8264): 	at android.os.Looper.loop(Looper.java:135)
07-05 21:46:44.330 W/System.err( 8264): 	at android.os.HandlerThread.run(HandlerThread.java:61)
07-05 21:46:44.330 W/UpgradeManager( 8264): moduleUpdate() onException!! exception=com.qiyi.video.api.ApiException
07-05 21:46:44.330 I/System.out( 8264): <TVAPI> ERROR(id=2, moduleUpdate, response_time = 184ms): call error. data = {"msg":"\nE000012","code":"E000012","data":[]}
07-05 21:46:44.331 W/System.err( 8264): com.qiyi.video.api.ApiException
07-05 21:46:44.331 W/System.err( 8264): 	at com.qiyi.tvapi.tv2.a$3.onSuccess(SourceFile:204)
07-05 21:46:44.331 W/System.err( 8264): 	at com.qiyi.video.api.a.d.b(SourceFile:105)
07-05 21:46:44.331 W/System.err( 8264): 	at com.qiyi.video.api.a.d.a(SourceFile:129)
07-05 21:46:44.331 W/System.err( 8264): 	at com.qiyi.tvapi.tv2.a$1.a(SourceFile:102)
07-05 21:46:44.331 W/System.err( 8264): 	at com.qiyi.tvapi.tv2.b.c.a(SourceFile:155)
07-05 21:46:44.331 W/System.err( 8264): 	at com.qiyi.tvapi.tv2.a.a(SourceFile:95)
07-05 21:46:44.331 W/System.err( 8264): 	at com.qiyi.tvapi.tv2.a.callSync(SourceFile:54)
07-05 21:46:44.331 W/System.err( 8264): 	at com.qiyi.sdk.plugin.server.upgrade.UpgradeManager.checkUpgrades(SourceFile:60)
07-05 21:46:44.331 W/System.err( 8264): 	at com.qiyi.sdk.plugin.server.core.PluginHelper$TimerHandler.checkAllUpgrade(SourceFile:362)
07-05 21:46:44.331 W/System.err( 8264): 	at com.qiyi.sdk.plugin.server.core.PluginHelper$TimerHandler.handleMessage(SourceFile:339)
07-05 21:46:44.331 W/System.err( 8264): 	at android.os.Handler.dispatchMessage(Handler.java:102)
07-05 21:46:44.331 W/System.err( 8264): 	at android.os.Looper.loop(Looper.java:135)
07-05 21:46:44.331 W/System.err( 8264): 	at android.os.HandlerThread.run(HandlerThread.java:61)
07-05 21:46:44.331 W/PluginHelper( 8264): checkAllUpgrade>>() return true
07-05 21:46:44.331 W/StorageManager( 8264): loadLastUpgradeTime<<(upgradeTime=1499262404139)
07-05 21:46:44.331 W/StorageStub@193d3924( 8264): saveLastUpgradeTime<<(upgradeTime=1499262404139)
07-05 21:46:44.331 W/StorageStub@193d3924( 8264): saveLastUpgradeTime>>()
07-05 21:46:44.331 W/StorageManager( 8264): loadLastUpgradeTime>>()
07-05 21:46:44.331 W/PluginHelper( 8264): handleMessage>>()
07-05 21:46:44.332 D/NetworkManager( 8264): [TID 8402] request(http://www.baidu.com, 11245883): openConnection
07-05 21:46:44.348 I/HiNetworkImpl( 8264): doHttp_Asyn(): onSuccess clazz = class com.hisense.sdk.domain.ResponseResult, back from thread: main
07-05 21:46:44.350 I/HomeMainActivity( 8264): finishHttpTime : 11245922   505
07-05 21:46:44.352 D/til@system( 2026): til_get_system_param option:1000007 int:-1936523008, bool:0, ret:0
07-05 21:46:44.353 D/Player/Player/NativePlayerUtils( 8264): [TID 8294] >>checkNativePath
07-05 21:46:44.354 D/til@system( 2026): til_get_system_param option:1000009 int:-1936522368, bool:128, ret:0
07-05 21:46:44.355 D/til@system( 2026): til_get_system_param option:1000008 int:-1815634176, bool:0, ret:0
07-05 21:46:44.355 D/HiSDKLogReport( 8264): getOperationDetail-productName : LED50MU8600UC
07-05 21:46:44.355 D/HiSDKLogReport( 8264): getOperationDetail-plmNumber : 88888
07-05 21:46:44.355 D/HiSDKLogReport( 8264): getOperationDetail-swVersion : V0000.00.01A
07-05 21:46:44.355 D/HiSDKLogReport( 8264): getOperationDetail-operationDetail : LED50MU8600UC0000888
07-05 21:46:44.355 D/HiSDKLogReport( 8264): processLogReport-log : {eventType=163, appKey=1182445233, APPVersionName=3.0.0.9.00, devid=86100300900000500000060a4818fca8, mac=a8:a6:48:18:fc:a8, uuid=13287129, accessToken=72DF6038D2AEAB8A76DFBBBBCC428A4A_002068408653632, APIversion=501, logversion=2.0, devType=0, APPPackage=com.hisense.hicloud.edca, eventPos=002, requesttime=1499262404355, customerId=7195320, value2=, eventMessage=HttpConnection, value1=505, model_id=0, ChannelId=0, version=00.002.003, tv_distribute_id=00, subscriberId=13287129, APIVersion=600, PFAPPCode=652, softwareVersion=LED50MU8600UC0000888}
07-05 21:46:44.357 D/Player/Player/NativePlayerUtils( 8264): [TID 8294] <<checkNativePath ret=/mnt/sdcard/qcache
07-05 21:46:44.357 D/Player/Player/NativePlayerUtils( 8264): [TID 8294] >> loadWhiteListSync()
07-05 21:46:44.357 I/HomeMainActivity.java( 8264): VodLog-[onSuccess:1016]postExperienceVIP request fail.Error Message: id0
07-05 21:46:44.362 D/Player/Player/NativePlayerUtils( 8264): [TID 8294] isWhiteListLoaded() return false
07-05 21:46:44.362 D/Player/Player/NativePlayerUtils( 8264): [TID 8294] loadWhiteListSync(), so Path is /data/data/com.hisense.hicloud.edca/files/plugin/2.1.0.59986/pluginplayer/1.64.0.59984/pluginplayer-release-1.64.0.59984-libs/libiqiyi_media_player_whitelist.so,domian is ptqy.gitv.tv, current tried times is 0
07-05 21:46:44.371 I/CLog    ( 8264): JNI_OnLoad->(cpuinfos) success!!
