07-05 22:36:55.749 D/HttpHandler( 3429): VerifySignInterCeptor-->request.url()=http://api.edu.hismarttv.com/usercenter/api/individualize_data?devid=86100300900000500000060a4818fca8&customerId=7195320&subscriberId=13287129&ChannelId=0&tags=&version_id=6&region_name=%E6%9D%AD%E5%B7%9E&uuid=13287129&mac=a8:a6:48:18:fc:a8&model_id=0&APPPackage=com.hisense.hicloud.edca&PFAPPCode=652&APPVersionName=3.0.0.9.00&softwareVersion=LED50MU8600UC0000888&tv_distribute_id=00&devType=0&APIVersion=600&accessToken=72DF6038D2AEAB8A76DFBBBBCC428A4A_002471062173424
07-05 22:36:55.749 D/HttpHandler( 3429): VerifySignInterCeptor-->hostname=api.edu.hismarttv.com
07-05 22:36:55.749 I/RoleContentFragment( 3429): real get recommand data
07-05 22:36:55.749 I/RoleContentFragment( 3429): setBackGround ,isVisible=true,hasload=true
07-05 22:36:55.749 I/Util    ( 3429): memory : total=1912,limit=1024
07-05 22:36:55.750 I/BaseContentFragment( 3429): hideLoadingView
07-05 22:36:55.750 I/RoleContentFragment( 3429): getServiceData: 0
07-05 22:36:55.766 D/HttpHandler( 3429): HttpDNS-->hostname=picture.edu.hismarttv.com
07-05 22:36:55.770 V/InputMethodService( 2203): startInput(): editor=android.view.inputmethod.EditorInfo@2647e4f1
07-05 22:36:55.771 V/InputMethodService( 2203): CALL: onFinishInput
07-05 22:36:55.788 D/HttpHandler( 3429): VerifySignInterCeptor-->request.url()=http://picture.edu.hismarttv.com/images/20170628111759213347.png
07-05 22:36:55.788 D/HttpHandler( 3429): HttpDNS-->hostname=api.edu.hismarttv.com
07-05 22:36:55.789 D/HttpHandler( 3429): RAMCache-->hostInfo.getClientTimeStamp()=14254281
07-05 22:36:55.789 D/HttpHandler( 3429): RAMCache-->hostInfo.getTtl()=3600
07-05 22:36:55.789 D/HttpHandler( 3429): RAMCache-->SystemClock.elapsedRealtime()=14257361
07-05 22:36:55.792 D/HttpHandler( 3429): DNSHelper-->gslbDns=["123.103.91.123"]
07-05 22:36:55.793 D/HttpHandler( 3429): HttpDNS-->hostname=picture.edu.hismarttv.com
07-05 22:36:55.794 D/HttpHandler( 3429): VerifySignInterCeptor-->hostname=picture.edu.hismarttv.com
07-05 22:36:55.795 D/HttpHandler( 3429): HttpDNS-->hostname=picture.edu.hismarttv.com
07-05 22:36:55.803 D/HttpHandler( 3429): HttpDNS-->hostname=picture.edu.hismarttv.com
07-05 22:36:55.810 D/TabView ( 3429): 
07-05 22:36:55.816 I/TVMW@HsTvSetting( 1234): Trace cmd, data = 0x1058
07-05 22:36:55.816 D/til@system( 2026): til_get_system_param option:100002F int:0, bool:0, ret:0
07-05 22:36:55.816 I/TVMW@HsTvSetting( 1234): Trace cmd, data = 0x101f
07-05 22:36:55.817 D/til@system( 2026): til_get_system_param option:100001D int:3, bool:3, ret:0
07-05 22:36:55.817 E/til     ( 2026): [til_get_current_input_source, 101] 
07-05 22:36:55.817 I/TVMW@HsTvSetting( 1234): Trace cmd, data = 0x7007
07-05 22:36:55.818 I/tilwrapper@sm( 2026): HS2TIL_SourceType *hs=0xd, *til=0x900
07-05 22:36:55.818 D/til     ( 2026): get current source 2304
07-05 22:36:55.818 D/SourceRemoteServiceHandler( 2026): getCurrentInputSource.from.til.result is 0, value is 2304
07-05 22:36:55.818 D/SourceRemoteServiceHandler( 2026): getInputSourceType source: 0x900, type=2304
07-05 22:36:55.818 D/til     ( 2026): ###### func:til_get_picture_param option:0x3000006 ######  
07-05 22:36:55.818 E/HDMI_CEC( 1733): MI_CEC_SendTxPolling, ErrCode[4] 
07-05 22:36:55.818 I/TVMW@HsTvSetting( 1234): Trace cmd, data = 0x1003
07-05 22:36:55.819 D/TabView ( 3429): 
07-05 22:36:55.819 I/TVMW@HsTvSetting( 1234): Trace cmd, data = 0x8032
07-05 22:36:55.819 I/hstvos  ( 1216): [0m[1;33m[HSHAL][HS_VIDEO][HS_HAL_Video_SetOsdDetect_v2][2389]u16Threshold = 20
07-05 22:36:55.819 I/MiSysSrv( 1214): Not support now! 42, change to mm_video!!!
07-05 22:36:55.820 E/TVMW@videoctrl( 1234):  getOsd is 1
07-05 22:36:55.820 D/til@system( 2026): til_get_system_param option:1000027 int:1, bool:1, ret:0
07-05 22:36:55.820 D/til     ( 2026): ###### func:til_get_picture_param option:0x3000045 ######  
07-05 22:36:55.820 I/TVMW@HsTvSetting( 1234): Trace cmd, data = 0x300c
07-05 22:36:55.820 I/TVMW@HsTvSetting( 1234): Trace 3d, data = 0x300c
07-05 22:36:55.820 I/TVMW@3d ( 1234): Hs_debug3d_trace: func:get3dStatus, line:109
07-05 22:36:55.820 D/TabView ( 3429): 
07-05 22:36:55.822 D/TabView ( 3429): 
07-05 22:36:55.826 D/OkHttp  ( 3429): --> GET http://api.edu.hismarttv.com/usercenter/api/individualize_data?devid=86100300900000500000060a4818fca8&customerId=7195320&subscriberId=13287129&ChannelId=0&tags=&version_id=6&region_name=%E6%9D%AD%E5%B7%9E&uuid=13287129&mac=a8:a6:48:18:fc:a8&model_id=0&APPPackage=com.hisense.hicloud.edca&PFAPPCode=652&APPVersionName=3.0.0.9.00&softwareVersion=LED50MU8600UC0000888&tv_distribute_id=00&devType=0&APIVersion=600&accessToken=72DF6038D2AEAB8A76DFBBBBCC428A4A_002471062173424 http/1.1
07-05 22:36:55.826 D/OkHttp  ( 3429): Data_Type: JSON
07-05 22:36:55.826 D/OkHttp  ( 3429): RetryTime: 0
07-05 22:36:55.826 D/OkHttp  ( 3429): Backoffmutiplier: 0
07-05 22:36:55.826 D/OkHttp  ( 3429): Host: api.edu.hismarttv.com
07-05 22:36:55.826 D/OkHttp  ( 3429): Connection: Keep-Alive
07-05 22:36:55.826 D/OkHttp  ( 3429): Accept-Encoding: gzip
07-05 22:36:55.826 D/OkHttp  ( 3429): User-Agent: okhttp/3.6.0
07-05 22:36:55.826 D/OkHttp  ( 3429): --> END GET
07-05 22:36:55.844 E/SOGOUIME_JNI( 2203): reset
07-05 22:36:55.844 E/SOGOUIME_JNI( 2203): getCandidates
07-05 22:36:55.844 E/SOGOUIME_JNI( 2203): ime_get_uncommitted_length
07-05 22:36:55.844 E/SOGOUIME_JNI( 2203): getCandidates
07-05 22:36:55.844 W/art     ( 3429): Suspending all threads took: 15.602ms
07-05 22:36:55.844 D/SogouIME API( 2203): ==============num:32
07-05 22:36:55.844 E/SOGOUIME_JNI( 2203): ime_get_uncommitted_length
07-05 22:36:55.845 D/SogouIME( 2203): mFocusedComponent:30   isHkbEnable:false
07-05 22:36:55.845 E/SOGOUIME_JNI( 2203): ime_get_uncommitted_length
07-05 22:36:55.845 E/SOGOUIME_JNI( 2203): ime_get_committed_length
07-05 22:36:55.845 E/SOGOUIME_JNI( 2203): getComposingInfo
07-05 22:36:55.845 E/SOGOUIME_JNI( 2203): getComposingInfo
07-05 22:36:55.845 E/SOGOUIME_JNI( 2203): getCorrectInfo
07-05 22:36:55.845 E/SOGOUIME_JNI( 2203): getComposingInfo
07-05 22:36:55.846 V/InputMethodService( 2203): CALL: onStartInput
07-05 22:36:55.846 E/SOGOUIME_JNI( 2203): invalidateCommitWordPinyinNative
07-05 22:36:55.846 D/SogouIME( 2203): =====configKeyboard=======:false     false
07-05 22:36:55.846 E/SOGOUIME_JNI( 2203): ime_set_hard_kb_enable
07-05 22:36:55.852 D/TabView ( 3429): 
07-05 22:36:55.853 E/HDMI_CEC( 1733): Sending message can't be response. 
07-05 22:36:55.854 D/HttpHandler( 3429): DNSRetryIntercepter-->http://118.178.149.42/d?device_id=86100300900000500000060a4818fca8&host=b5d1d96093f9d07d386917b5d3b91cdcb031311b90271792b45951b69dc9c054dc862a7c9178ba82684e325a98b554b4&last=
07-05 22:36:55.854 D/HttpHandler( 3429): DNSRetryIntercepter-->118.178.149.42
07-05 22:36:55.856 D/TabView ( 3429): 
07-05 22:36:55.858 D/TabView ( 3429): 
07-05 22:36:55.861 D/TabView ( 3429): 
07-05 22:36:55.863 D/TabView ( 3429): 
07-05 22:36:55.868 I/NetflixMonitorService( 1733): current fgapk : com.hisense.hicloud.edca
07-05 22:36:55.869 I/NetflixMonitorService( 1733): Netflix status unchanged
07-05 22:36:55.876 D/TabView ( 3429): 
07-05 22:36:55.877 D/OkHttp  ( 3429): <-- 200 OK http://api.edu.hismarttv.com/usercenter/api/individualize_data?devid=86100300900000500000060a4818fca8&customerId=7195320&subscriberId=13287129&ChannelId=0&tags=&version_id=6&region_name=%E6%9D%AD%E5%B7%9E&uuid=13287129&mac=a8:a6:48:18:fc:a8&model_id=0&APPPackage=com.hisense.hicloud.edca&PFAPPCode=652&APPVersionName=3.0.0.9.00&softwareVersion=LED50MU8600UC0000888&tv_distribute_id=00&devType=0&APIVersion=600&accessToken=72DF6038D2AEAB8A76DFBBBBCC428A4A_002471062173424 (50ms)
07-05 22:36:55.877 D/OkHttp  ( 3429): Server: nginx
07-05 22:36:55.877 D/OkHttp  ( 3429): Date: Wed, 05 Jul 2017 14:36:55 GMT
07-05 22:36:55.877 D/OkHttp  ( 3429): Content-Type: application/json
07-05 22:36:55.877 D/OkHttp  ( 3429): Content-Length: 17184
07-05 22:36:55.877 D/OkHttp  ( 3429): Connection: close
07-05 22:36:55.877 D/OkHttp  ( 3429): <-- END HTTP
07-05 22:36:55.878 D/TabView ( 3429): 
07-05 22:36:55.879 D/HttpHandler( 3429): RetryIntercepter-->retryNum=0
07-05 22:36:55.879 D/HttpHandler( 3429): RetryIntercepter-->backoffmutiplier=0
07-05 22:36:55.880 D/TabView ( 3429): 
07-05 22:36:55.882 D/TabView ( 3429): 
07-05 22:36:55.884 D/TabView ( 3429): 
07-05 22:36:55.889 I/art     ( 3429): Background sticky concurrent mark sweep GC freed 44573(2MB) AllocSpace objects, 2(32KB) LOS objects, 5% free, 26MB/27MB, paused 22.463ms total 160.991ms
07-05 22:36:55.890 D/TabView ( 3429): 
07-05 22:36:55.893 D/TabView ( 3429): 
07-05 22:36:55.894 I/MyFragmentStateAdapter( 3429): getCount
07-05 22:36:55.894 I/MyFragmentStateAdapter( 3429): getCount
07-05 22:36:55.895 D/TabView ( 3429): 
07-05 22:36:55.899 D/TabView ( 3429): 
07-05 22:36:55.899 D/HttpHandler( 3429): DNSRetryIntercepter-->http://118.178.149.42/d?device_id=86100300900000500000060a4818fca8&host=b5d1d96093f9d07d386917b5d3b91cdcb031311b90271792b45951b69dc9c054dc862a7c9178ba82684e325a98b554b4&last=
07-05 22:36:55.900 D/HttpHandler( 3429): DNSRetryIntercepter-->118.178.149.42
07-05 22:36:55.900 D/TabView ( 3429): 
07-05 22:36:55.901 D/HttpHandler( 3429): GslbDNS-->hostName=118.178.149.42
07-05 22:36:55.902 D/HttpHandler( 3429): DNSRetryIntercepter-->http://118.178.149.42/d?device_id=86100300900000500000060a4818fca8&host=b5d1d96093f9d07d386917b5d3b91cdcb031311b90271792b45951b69dc9c054dc862a7c9178ba82684e325a98b554b4&last=
07-05 22:36:55.902 D/HttpHandler( 3429): DNSRetryIntercepter-->118.178.149.42
07-05 22:36:55.902 D/TabView ( 3429): 
07-05 22:36:55.903 D/HttpHandler( 3429): GslbDNS-->hostName=118.178.149.42
07-05 22:36:55.903 D/TabView ( 3429): 
07-05 22:36:55.904 D/HttpHandler( 3429): DNSRetryIntercepter-->http://118.178.149.42/d?device_id=86100300900000500000060a4818fca8&host=b5d1d96093f9d07d386917b5d3b91cdcb031311b90271792b45951b69dc9c054dc862a7c9178ba82684e325a98b554b4&last=
07-05 22:36:55.904 D/HttpHandler( 3429): DNSRetryIntercepter-->118.178.149.42
07-05 22:36:55.905 D/HttpHandler( 3429): GslbDNS-->hostName=118.178.149.42
07-05 22:36:55.906 D/HttpHandler( 3429): VerifySignInterCeptor-->dateType=1
07-05 22:36:55.906 D/HttpHandler( 3429): VerifySignInterCeptor-->HttpRequestManager.httpClietOption.getVerifyFlag()=1
07-05 22:36:55.915 D/TabView ( 3429): 
07-05 22:36:55.919 D/TabView ( 3429): 
07-05 22:36:55.920 D/HttpHandler( 3429): VerifySignInterCeptor-->content={"masterViews": [{"navigationId": 10002, "tiles": [{"index": 1, "facets": [{"index": 1, "typeCode": 1002, "grade": null, "title": "\u90d1\u591a\u71d5BodyBall Slim\u5927\u7403\u64cd", "backgroundImages": [{"url": "http://picture.edu.hismarttv.com/images/20161212024038700821.jpg", "mobile_image_icon_url": "http://picture.edu.hismarttv.com/images/20161102023035587534.jpg", "url_horizontal": "http://picture.edu.hismarttv.com/images/20170629033643181276.jpg"}], "id": "38036"}], "width_horizontal": null, "width": null}, {"index": 1, "facets": [{"index": 1, "typeCode": 1002, "grade": null, "title": "\u90d1\u591a\u71d5BodyBall ABS\u6709\u6c27\u64cd", "backgroundImages": [{"url": "http://picture.edu.hismarttv.com/images/20161212022722337765.jpg", "mobile_image_icon_url": "http://picture.edu.hismarttv.com/images/20161102033100773911.jpg", "url_horizontal": "http://picture.edu.hismarttv.com/images/20170629032906301152.jpg"}], "id": "38037"}], "width_horizontal": null, "width": null}, {"index": 1, "facets": [{"index": 1, "typeCode": 1002, "grade": "\u5176\u4ed6", "title": "\u98ce\u5c1a\u5065\u8eab-\u52a8\u611f\u8857\u821e", "backgroundImages": [{"url": null, "mobile_image_icon_url": null, "url_horizontal": "http://picture.edu.hismarttv.com/images/20170629/\u98ce\u5c1a\u5065\u8eab-\u52a8\u611f\u8857\u821e.jpg"}], "id": "8852"}], "width_horizontal": null, "width": null}, {"index": 1, "facets": [{"index": 1, "typeCode": 1002, "grade": null, "title": "\u90d1\u591a\u71d5BodyBall Hip&leg\u57ab\u4e0a\u64cd", "backgroundImages": [{"url": "http://picture.edu.hismarttv.com/images/20161212022759387904.jpg", "mobile_image_icon_url": "http://picture.edu.hismarttv.com/images/20161102032541379768.jpg", "url_horizontal": "http://picture.edu.hismarttv.com/images/20170629033606511137.jpg"}], "id": "38039"}], "width_horizontal": null, "width": null}, {"index": 1, "facets": [{"index": 1, "typeCode": 1002, "grade": null, "title": "\u90d1\u591a\u71d5\u5c0f\u7070\u5e3d\u5065\u8eab\u64cd", "backgroundImages": [{"url": "http://picture.edu.hismarttv.com/images/20161212022539029485.jpg", "mobile_image_icon_url": "http://picture.edu.hismarttv.com/images/20161102021604651091.jpg", "url_horizontal": "http://picture.edu.hismarttv.com/images/20170629/\u90d1\u591a\u71d5\u5c0f\u7070\u5e3d\u5065\u8eab\u64cd.jpg"}], "id": "38033"}], "width_horizontal": null, "width": null}, {"index": 1, "facets": [{"index": 1, "typeCode": 1002, "grade": null, "title": "\u90d1\u591a\u71d5FigureDumb\u54d1\u94c3\u64cd", "backgroundImages": [{"url": "http://picture.edu.hismarttv.com/images/20161212035609771233.jpg", "mobile_image_icon_url": "http://picture.edu.hismarttv.com/images/20161102021824917487.jpg", "url_horizontal": "http://picture.edu.hismarttv.com/images/20170629033936455331.jpg"}], "id": "38034"}], "width_horizontal": null, "width": null}, {"index": 1, "facets": [{"index": 1, "typeCode": 1002, "grade": null, "title": "\u90d1\u591a\u71d5FigureMat\u57ab\u4e0a\u64cd", "backgroundImages": [{"url": "http://picture.edu.hismarttv.com/images/20161212022344417148.jpg", "mobile_image_icon_url": null, "url_horizontal": "http://picture.edu.hismarttv.com/images/20170629033520364415.jpg"}], "id": "38035"}], "width_horizontal": null, "width": null}, {"index": 1, "facets": [{"index": 1, "typeCode": 1002, "grade": null, "title": "\u548c\u5973\u795e\u4e00\u8d77\u5b66\u53e3\u8bed\uff08\u7f51\u7edc\u5267\uff09", "backgroundImages": [{"url": "http://picture.edu.hismarttv.com/images/20170316053549297889.jpg", "mobile_image_icon_url": null, "url_horizontal": null}], "id": "35901"}], "width_horizontal": null, "width": null}, {"index": 1, "facets": [{"index": 1, "typeCode": 1002, "grade": null, "title": "\u770b\u5927\u7247\u5b66\u82f1\u6587\uff08\u7f51\u7edc\u5267\uff09", "backgroundImages": [{"url": "http://picture.edu.hismarttv.com/images/20170316053716559350.jpg", "mobile_image_icon_url": null, "url_horizontal": null}], "id": "35891"}], "width_horizontal": null, "width": null}, {"index": 1, "facets": [{"index": 1, "typeCode": 1002, "
07-05 22:36:55.925 D/TabView ( 3429): 
07-05 22:36:55.927 D/TabView ( 3429): 
07-05 22:36:55.929 D/TabView ( 3429): 
07-05 22:36:55.931 D/TabView ( 3429): 
07-05 22:36:55.933 D/TabView ( 3429): 
07-05 22:36:55.935 D/TabView ( 3429): 
07-05 22:36:55.953 D/HttpHandler( 3429): GslbDNS-->hostName=118.178.149.42
07-05 22:36:55.954 D/TabView ( 3429): 
07-05 22:36:55.957 D/TabView ( 3429): 
07-05 22:36:55.959 D/TabView ( 3429): 
07-05 22:36:55.961 I/MyFragmentStateAdapter( 3429): getCount
07-05 22:36:55.961 I/MyFragmentStateAdapter( 3429): getCount
07-05 22:36:55.962 I/TabView ( 3429): onScroll:,firstItem=0,visibleCount=6,totalCount=10
07-05 22:36:55.984 I/ContentBridgeAdapterListener( 3429): onAddPresenter 0
07-05 22:36:55.986 I/ContentBridgeAdapterListener( 3429): onCreate ViewHolder{b5241a3 position=-1 id=-1, oldPos=-1, pLpos:-1 unbound no parent}
07-05 22:36:55.986 I/ContentBridgeAdapterListener( 3429): onBind 
07-05 22:36:55.990 D/OkHttp  ( 3429): --> GET http://118.178.149.42/d?device_id=86100300900000500000060a4818fca8&host=b5d1d96093f9d07d386917b5d3b91cdcb031311b90271792b45951b69dc9c054dc862a7c9178ba82684e325a98b554b4&last= http/1.1
07-05 22:36:55.990 D/OkHttp  ( 3429): Host: lbgs.hismarttv.com
07-05 22:36:55.990 D/OkHttp  ( 3429): Connection: Keep-Alive
07-05 22:36:55.990 D/OkHttp  ( 3429): Accept-Encoding: gzip
07-05 22:36:55.990 D/OkHttp  ( 3429): User-Agent: okhttp/3.6.0
07-05 22:36:55.990 D/OkHttp  ( 3429): --> END GET
07-05 22:36:56.004 I/ContentBridgeAdapterListener( 3429): onAttachedToWindow ViewHolder{b5241a3 position=0 id=-1, oldPos=-1, pLpos:-1}
07-05 22:36:56.004 I/BaseContentFragment( 3429): setRowViewSelectedViewHolder{b5241a3 position=0 id=-1, oldPos=-1, pLpos:-1},isSelectedtrue
07-05 22:36:56.005 I/RoleContentFragment( 3429): onChildSelected:0,lastPos=0
07-05 22:36:56.022 I/ContentBridgeAdapterListener( 3429): onAddPresenter 1
07-05 22:36:56.022 I/ContentBridgeAdapterListener( 3429): onCreate ViewHolder{100af0ce position=-1 id=-1, oldPos=-1, pLpos:-1 unbound no parent}
07-05 22:36:56.022 I/SpecialFirstRowPresenter( 3429): onBindViewHoldercom.hisense.tvui.newhome.presenter.SpecialFirstListRow@375b7bef,isUnbind=false
07-05 22:36:56.022 I/ContentBridgeAdapterListener( 3429): onBind 
07-05 22:36:56.028 D/OkHttp  ( 3429): --> GET http://118.178.149.42/d?device_id=86100300900000500000060a4818fca8&host=b5d1d96093f9d07d386917b5d3b91cdcb031311b90271792b45951b69dc9c054dc862a7c9178ba82684e325a98b554b4&last= http/1.1
07-05 22:36:56.029 D/OkHttp  ( 3429): Host: lbgs.hismarttv.com
07-05 22:36:56.029 D/OkHttp  ( 3429): Connection: Keep-Alive
07-05 22:36:56.029 D/OkHttp  ( 3429): Accept-Encoding: gzip
07-05 22:36:56.029 D/OkHttp  ( 3429): User-Agent: okhttp/3.6.0
07-05 22:36:56.031 I/ContentBridgeAdapterListener( 3429): onAttachedToWindow ViewHolder{100af0ce position=1 id=-1, oldPos=-1, pLpos:-1}
07-05 22:36:56.031 I/FirstLineAdapter( 3429): canShowTrailer,isOffline=false
07-05 22:36:56.031 I/FirstLineAdapter( 3429): canShowTrailer,isOffline=false
07-05 22:36:56.032 I/FirstLineAdapter( 3429): canShowTrailer,isOffline=false
07-05 22:36:56.032 I/FirstLineAdapter( 3429): onCreateViewHolder viewtype=0
07-05 22:36:56.065 I/FirstLineAdapter( 3429): onBindViewHolder 0
07-05 22:36:56.079 I/FirstLineAdapter( 3429): canShowTrailer,isOffline=false
07-05 22:36:56.079 I/FirstLineAdapter( 3429): onCreateViewHolder viewtype=1
07-05 22:36:56.091 D/OsdMonitorService( 1733): mCurrentWindow = com.hisense.hicloud.edca/com.hisense.tvui.newhome.HomeMainActivity; newWindow = com.hisense.hicloud.edca/com.hisense.tvui.newhome.HomeMainActivity; isSubWindow = false; isInWinList = false; isExitNow = false
07-05 22:36:56.091 D/OsdMonitorService( 1733): windowNotOsd() : name = com.hisense.hicloud.edca/com.hisense.tvui.newhome.HomeMainActivity
07-05 22:36:56.091 I/OsdMonitorService( 1733): setOsdStatus() : status will change from true to true
07-05 22:36:56.092 D/PowerManagerService( 1733): setScreenBrightnessOverrideFromWindowManagerInternal done
07-05 22:36:56.095 D/PowerManagerService( 1733): setScreenBrightnessOverrideFromWindowManagerInternal done
07-05 22:36:56.108 D/PowerManagerService( 1733): setScreenBrightnessOverrideFromWindowManagerInternal done
07-05 22:36:56.113 I/FirstLineAdapter( 3429): onBindViewHolder 1
07-05 22:36:56.113 D/FirstLineAdapter( 3429): setVipPoster ===>url :http://picture.edu.hismarttv.com/images/
07-05 22:36:56.117 D/OkHttp  ( 3429): <-- 200 OK http://118.178.149.42/d?device_id=86100300900000500000060a4818fca8&host=b5d1d96093f9d07d386917b5d3b91cdcb031311b90271792b45951b69dc9c054dc862a7c9178ba82684e325a98b554b4&last= (126ms)
07-05 22:36:56.117 D/OkHttp  ( 3429): Server: openresty
07-05 22:36:56.117 D/OkHttp  ( 3429): Date: Wed, 05 Jul 2017 14:36:55 GMT
07-05 22:36:56.117 D/OkHttp  ( 3429): Content-Type: application/octet-stream
07-05 22:36:56.117 D/OkHttp  ( 3429): Transfer-Encoding: chunked
07-05 22:36:56.117 D/OkHttp  ( 3429): Connection: close
07-05 22:36:56.117 D/OkHttp  ( 3429): <-- END HTTP
07-05 22:36:56.121 D/HttpHandler( 3429): DNSRetryIntercepter-->checkData=dbbf03a0e59a5c14094df6af108b323c8cbde65b6cb9891f0165eb3b102b3f1ce43aa33a5246e804aecfe02d4d0d75b8b16c5081b9c0521d3fce04f50d1fda3a3abbc4e258e0add5be6a8ef0ae0734506022bd48cd8ee46abfd1db410c773b0d2067b2cca2a3dba5f28163a943fb7565b555f8e6aa73c65315e270cdcfa3e0a8501bc3cf103fc2796c4ffb8b122f2069e1194fd80b6a8ee2c38cf7a84adaf396bb1e706ed9ea031ad730bbde3105a0e2ce2531cad2ef28eae3811ba233d6acf91ad445813a8481151fb73878ce2a4b2f7375dc68caecfb4ec2916543f4153e77eaea42ef97aac122b9671805759694b681e693e76365abaaba63edaecbd9b0448fce302a21f70859af036ea40cd1354c2d253dfc36f5a0e4b59b45dc27d051fca55d1365c90f076124c41b93b3109c67
07-05 22:36:56.124 I/FirstLineAdapter( 3429): canShowTrailer,isOffline=false
07-05 22:36:56.124 I/FirstLineAdapter( 3429): onCreateViewHolder viewtype=2
07-05 22:36:56.125 D/HttpHandler( 3429): DNSHelper-->gslbDnsresult={"timestamp":1499265415,"msg":"","data":{"lbgs.hismarttv.com":{"ips":["118.178.149.42","139.217.11.211"],"ttl":3600},"picture.edu.hismarttv.com":{"ips":["218.58.206.58","123.128.14.209","153.35.175.121","220.202.77.124","153.35.175.120","36.33.158.222","112.65.220.40"],"ttl":300}},"retCode":"0"}
07-05 22:36:56.125 I/System.out( 3429):  remove duplicate [118.178.149.42, 139.217.11.211]
07-05 22:36:56.129 D/OkHttp  ( 3429): --> GET http://118.178.149.42/d?device_id=86100300900000500000060a4818fca8&host=b5d1d96093f9d07d386917b5d3b91cdcb031311b90271792b45951b69dc9c054dc862a7c9178ba82684e325a98b554b4&last= http/1.1
07-05 22:36:56.129 D/OkHttp  ( 3429): Host: lbgs.hismarttv.com
07-05 22:36:56.129 D/OkHttp  ( 3429): Connection: Keep-Alive
07-05 22:36:56.129 D/OkHttp  ( 3429): Accept-Encoding: gzip
07-05 22:36:56.129 D/OkHttp  ( 3429): User-Agent: okhttp/3.6.0
07-05 22:36:56.129 D/OkHttp  ( 3429): --> END GET
07-05 22:36:56.131 I/FirstLineAdapter( 3429): onBindViewHolder 2
07-05 22:36:56.136 D/HttpHandler( 3429): DNSHelper-->httpDnsParser=["218.58.206.58","123.128.14.209","153.35.175.121","220.202.77.124","153.35.175.120","36.33.158.222","112.65.220.40"]
07-05 22:36:56.140 D/hwcomposer( 1204): lastHWWindowInfo is dirty
07-05 22:36:56.142 I/MyItemDecoration( 3429): getItemOffsets rect=Rect(0, -17 - 0, 0),pos=1
07-05 22:36:56.143 I/MyItemDecoration( 3429): getItemOffsets rect=Rect(0, -15 - 0, 0),pos=2
07-05 22:36:56.144 I/FirstLineAdapter( 3429): canShowTrailer,isOffline=false
07-05 22:36:56.144 I/FirstLineAdapter( 3429): canShowTrailer,isOffline=false
07-05 22:36:56.144 I/FirstLineAdapter( 3429): onCreateViewHolder viewtype=3
07-05 22:36:56.144 I/CurrentCarouselView( 3429): initView
07-05 22:36:56.153 D/OkHttp  ( 3429): --> GET http://picture.edu.hismarttv.com/images/20170628111729989045.png http/1.1
07-05 22:36:56.153 D/OkHttp  ( 3429): Host: picture.edu.hismarttv.com
07-05 22:36:56.153 D/OkHttp  ( 3429): Connection: Keep-Alive
07-05 22:36:56.153 D/OkHttp  ( 3429): Accept-Encoding: gzip
07-05 22:36:56.153 D/OkHttp  ( 3429): User-Agent: okhttp/3.6.0
07-05 22:36:56.153 D/OkHttp  ( 3429): --> END GET
07-05 22:36:56.161 E/WebcastSDK-( 3429): isImageCacheLimitedStat(),  context.getPackageName = com.hisense.hicloud.edca
07-05 22:36:56.161 E/WebcastSDK-( 3429): isImageCacheLimitedStat(),  mIsImageLimited = 1
07-05 22:36:56.173 D/OkHttp  ( 3429): --> GET http://118.178.149.42/d?device_id=86100300900000500000060a4818fca8&host=b5d1d96093f9d07d386917b5d3b91cdcb031311b90271792b45951b69dc9c054dc862a7c9178ba82684e325a98b554b4&last= http/1.1
07-05 22:36:56.177 D/OkHttp  ( 3429): Host: lbgs.hismarttv.com
07-05 22:36:56.177 D/OkHttp  ( 3429): Connection: Keep-Alive
07-05 22:36:56.177 D/OkHttp  ( 3429): Accept-Encoding: gzip
07-05 22:36:56.177 D/OkHttp  ( 3429): User-Agent: okhttp/3.6.0
07-05 22:36:56.177 D/OkHttp  ( 3429): --> END GET
07-05 22:36:56.177 E/WebcastSDK-HiCloudSourcePlugin( 3429): init(), Webcast App Token is NULL.
07-05 22:36:56.177 E/WebcastSDK-HiCloudSourcePlugin( 3429): getHiCloudService(), Webcast App Token is NULL.
07-05 22:36:56.182 D/WebcastSDK-HiCloudSourcePlugin( 3429): getContext(): com.hisense.hicloud.edca.BaseApplication@2adbac5c mWebcastManager: null
07-05 22:36:56.188 E/WebcastSDK-DataReport( 3429): init(), Webcast App Token is NULL.
07-05 22:36:56.188 E/WebcastSDK-DataReport( 3429): getHiCloudService(), Webcast App Token is NULL.
07-05 22:36:56.190 E/WebcastSDK-HiCloudSourcePlugin( 3429): checkHiCloudFetchCondition(), Webcast App Token is NULL. mToken: null
07-05 22:36:56.190 E/WebcastSDK-HiCloudSourcePlugin( 3429): FetchSystemParameterTask(), has no fetch condition, return.
07-05 22:36:56.191 D/OkHttp  ( 3429): <-- 200 OK http://picture.edu.hismarttv.com/images/20170628111729989045.png (37ms)
07-05 22:36:56.191 D/OkHttp  ( 3429): Date: Mon, 03 Jul 2017 08:35:16 GMT
07-05 22:36:56.191 D/OkHttp  ( 3429): Server: nginx
07-05 22:36:56.191 D/OkHttp  ( 3429): Content-Type: image/png
07-05 22:36:56.191 D/OkHttp  ( 3429): Content-Length: 2752
07-05 22:36:56.191 D/OkHttp  ( 3429): Last-Modified: Wed, 28 Jun 2017 11:17:29 GMT
07-05 22:36:56.191 D/OkHttp  ( 3429): ETag: "59539049-ac0"
07-05 22:36:56.191 D/OkHttp  ( 3429): Accept-Ranges: bytes
07-05 22:36:56.191 D/OkHttp  ( 3429): Age: 194500
07-05 22:36:56.191 D/OkHttp  ( 3429): Via: 1.1 zhiwangtong173:3 (Cdn Cache Server V2.0)[21 200 0], 1.1 dezhou37:8 (Cdn Cache Server V2.0)[0 200 0]
07-05 22:36:56.191 D/OkHttp  ( 3429): Connection: keep-alive
07-05 22:36:56.191 D/OkHttp  ( 3429): <-- END HTTP
07-05 22:36:56.192 D/WebcastSDK-WebcastManager( 3429): Device license:WASU
07-05 22:36:56.193 D/HttpHandler( 3429): RetryIntercepter-->retryNum=0
07-05 22:36:56.193 D/HttpHandler( 3429): RetryIntercepter-->backoffmutiplier=0
07-05 22:36:56.225 D/HttpHandler( 3429): VerifySignInterCeptor-->request.url()=http://picture.edu.hismarttv.com/images/20170628111836879100.png
07-05 22:36:56.225 D/HttpHandler( 3429): VerifySignInterCeptor-->hostname=picture.edu.hismarttv.com
07-05 22:36:56.226 D/OkHttp  ( 3429): --> GET http://picture.edu.hismarttv.com/images/20170628111836879100.png http/1.1
07-05 22:36:56.226 D/OkHttp  ( 3429): Host: picture.edu.hismarttv.com
07-05 22:36:56.226 D/OkHttp  ( 3429): Connection: Keep-Alive
07-05 22:36:56.226 D/OkHttp  ( 3429): Accept-Encoding: gzip
07-05 22:36:56.226 D/OkHttp  ( 3429): User-Agent: okhttp/3.6.0
07-05 22:36:56.226 D/OkHttp  ( 3429): --> END GET
07-05 22:36:56.228 D/OkHttp  ( 3429): --> END GET
07-05 22:36:56.244 I/art     ( 3429): Background sticky concurrent mark sweep GC freed 20821(973KB) AllocSpace objects, 8(199KB) LOS objects, 2% free, 27MB/27MB, paused 9.832ms total 185.952ms
07-05 22:36:56.248 I/WebcastSDK-ProgramScheduleDataManager( 3429): init(), next time to fetch programSchedules in interval = 120min.
07-05 22:36:56.249 I/WebcastSDK-HistoryDataManager( 3429): HistoryDataManager.init
07-05 22:36:56.254 D/OkHttp  ( 3429): <-- 200 OK http://picture.edu.hismarttv.com/images/20170628111836879100.png (28ms)
07-05 22:36:56.254 D/OkHttp  ( 3429): Date: Mon, 03 Jul 2017 08:35:16 GMT
07-05 22:36:56.254 D/OkHttp  ( 3429): Server: nginx
07-05 22:36:56.254 D/OkHttp  ( 3429): Content-Type: image/png
07-05 22:36:56.254 D/OkHttp  ( 3429): Content-Length: 2420
07-05 22:36:56.254 D/OkHttp  ( 3429): Last-Modified: Wed, 28 Jun 2017 11:18:36 GMT
07-05 22:36:56.254 D/OkHttp  ( 3429): ETag: "5953908c-974"
07-05 22:36:56.254 D/OkHttp  ( 3429): Accept-Ranges: bytes
07-05 22:36:56.254 D/OkHttp  ( 3429): Age: 194500
07-05 22:36:56.254 D/OkHttp  ( 3429): Via: 1.1 hewangtong168:6 (Cdn Cache Server V2.0)[7 200 0], 1.1 dezhou35:3 (Cdn Cache Server V2.0)[0 200 0]
07-05 22:36:56.254 D/OkHttp  ( 3429): Connection: keep-alive
07-05 22:36:56.254 D/OkHttp  ( 3429): <-- END HTTP
07-05 22:36:56.277 I/TVMW@devctrl( 1234): wdt
07-05 22:36:56.297 D/OkHttp  ( 3429): <-- 200 OK http://118.178.149.42/d?device_id=86100300900000500000060a4818fca8&host=b5d1d96093f9d07d386917b5d3b91cdcb031311b90271792b45951b69dc9c054dc862a7c9178ba82684e325a98b554b4&last= (167ms)
07-05 22:36:56.297 D/OkHttp  ( 3429): Server: openresty
07-05 22:36:56.297 D/OkHttp  ( 3429): Date: Wed, 05 Jul 2017 14:36:56 GMT
07-05 22:36:56.297 D/OkHttp  ( 3429): Content-Type: application/octet-stream
07-05 22:36:56.297 D/OkHttp  ( 3429): Transfer-Encoding: chunked
07-05 22:36:56.297 D/OkHttp  ( 3429): Connection: close
07-05 22:36:56.297 D/OkHttp  ( 3429): <-- END HTTP
07-05 22:36:56.306 D/OkHttp  ( 3429): <-- 200 OK http://118.178.149.42/d?device_id=86100300900000500000060a4818fca8&host=b5d1d96093f9d07d386917b5d3b91cdcb031311b90271792b45951b69dc9c054dc862a7c9178ba82684e325a98b554b4&last= (56ms)
07-05 22:36:56.306 D/OkHttp  ( 3429): Server: openresty
07-05 22:36:56.306 D/OkHttp  ( 3429): Date: Wed, 05 Jul 2017 14:36:56 GMT
07-05 22:36:56.306 D/OkHttp  ( 3429): Content-Type: application/octet-stream
07-05 22:36:56.306 D/OkHttp  ( 3429): Transfer-Encoding: chunked
07-05 22:36:56.306 D/OkHttp  ( 3429): Connection: close
07-05 22:36:56.306 D/OkHttp  ( 3429): <-- END HTTP
07-05 22:36:56.320 D/OkHttp  ( 3429): <-- 200 OK http://118.178.149.42/d?device_id=86100300900000500000060a4818fca8&host=b5d1d96093f9d07d386917b5d3b91cdcb031311b90271792b45951b69dc9c054dc862a7c9178ba82684e325a98b554b4&last= (142ms)
07-05 22:36:56.320 D/OkHttp  ( 3429): Server: openresty
07-05 22:36:56.320 D/OkHttp  ( 3429): Date: Wed, 05 Jul 2017 14:36:56 GMT
07-05 22:36:56.324 I/TVMW@HsTvSetting( 1234): Trace cmd, data = 0x1058
07-05 22:36:56.324 D/til@system( 2026): til_get_system_param option:100002F int:0, bool:0, ret:0
07-05 22:36:56.325 I/TVMW@HsTvSetting( 1234): Trace cmd, data = 0x101f
07-05 22:36:56.325 D/til@system( 2026): til_get_system_param option:100001D int:3, bool:3, ret:0
07-05 22:36:56.325 E/til     ( 2026): [til_get_current_input_source, 101] 
07-05 22:36:56.325 I/TVMW@HsTvSetting( 1234): Trace cmd, data = 0x7007
07-05 22:36:56.325 I/tilwrapper@sm( 2026): HS2TIL_SourceType *hs=0xd, *til=0x900
07-05 22:36:56.325 D/til     ( 2026): get current source 2304
07-05 22:36:56.326 D/SourceRemoteServiceHandler( 2026): getCurrentInputSource.from.til.result is 0, value is 2304
07-05 22:36:56.326 D/SourceRemoteServiceHandler( 2026): getInputSourceType source: 0x900, type=2304
07-05 22:36:56.326 D/til     ( 2026): ###### func:til_get_picture_param option:0x3000006 ######  
07-05 22:36:56.326 I/TVMW@HsTvSetting( 1234): Trace cmd, data = 0x1003
07-05 22:36:56.327 I/TVMW@HsTvSetting( 1234): Trace cmd, data = 0x8032
07-05 22:36:56.327 I/hstvos  ( 1216): [0m[1;33m[HSHAL][HS_VIDEO][HS_HAL_Video_SetOsdDetect_v2][2389]u16Threshold = 20
07-05 22:36:56.327 I/MiSysSrv( 1214): Not support now! 42, change to mm_video!!!
07-05 22:36:56.327 E/TVMW@videoctrl( 1234):  getOsd is 1
07-05 22:36:56.327 D/til@system( 2026): til_get_system_param option:1000027 int:1, bool:1, ret:0
07-05 22:36:56.328 D/til     ( 2026): ###### func:til_get_picture_param option:0x3000045 ######  
07-05 22:36:56.328 I/TVMW@HsTvSetting( 1234): Trace cmd, data = 0x300c
07-05 22:36:56.328 I/TVMW@HsTvSetting( 1234): Trace 3d, data = 0x300c
07-05 22:36:56.328 I/TVMW@3d ( 1234): Hs_debug3d_trace: func:get3dStatus, line:109
07-05 22:36:56.320 D/OkHttp  ( 3429): Content-Type: application/octet-stream
07-05 22:36:56.352 D/OkHttp  ( 3429): Transfer-Encoding: chunked
07-05 22:36:56.352 D/OkHttp  ( 3429): Connection: close
07-05 22:36:56.352 D/OkHttp  ( 3429): <-- END HTTP
07-05 22:36:56.354 D/HttpHandler( 3429): RetryIntercepter-->retryNum=0
07-05 22:36:56.354 D/HttpHandler( 3429): RetryIntercepter-->backoffmutiplier=0
07-05 22:36:56.382 D/NativeDecimalFormat( 3429): NativeDecimalFormat_close print addr=4098427648
07-05 22:36:56.382 D/NativeDecimalFormat( 3429): NativeDecimalFormat_close print g_addr=4098428416
07-05 22:36:56.382 D/NativeDecimalFormat( 3429): NativeDecimalFormat_close print addr=4098428416
07-05 22:36:56.382 D/NativeDecimalFormat( 3429): NativeDecimalFormat_close print g_addr=4098428416
07-05 22:36:56.426 I/DataDBLite( 3429): onCreate
07-05 22:36:56.441 E/WebcastSDK-HiCloudImageCacheManager( 3429): HiCloudImageCacheManager(), isImageCacheLimitedStat = true
07-05 22:36:56.441 I/WebcastSDK-WebcastManager( 3429): addListener(), add ICarouselListener com.hisense.webcastSDK.data.hicloud.HiCloudSourcePlugin$2@2bc847eb
07-05 22:36:56.442 I/WebcastSDK-WebcastManager( 3429): adding listener com.hisense.webcastSDK.data.hicloud.HiCloudSourcePlugin$1@34f26948
07-05 22:36:56.442 I/WebcastSDK-HiCloudSourcePlugin( 3429): addListener(), add INetworkDataListener com.hisense.webcastSDK.data.internal.EPGDataManager$1@1cfaf3e1
07-05 22:36:56.442 I/WebcastSDK-WebcastManager( 3429): adding listener com.hisense.webcastSDK.utils.DataReport$1@e2e9506
07-05 22:36:56.442 D/WebcastSDK-WebcastInternalImpl( 3429): init all manager.
07-05 22:36:56.455 D/Carousel-Utils( 3429): SCREEN_WIDTH:1920,SCREEN_Height:1080,destity:2.0,smallWidth:818,height:460,listItem w:268,h:226,top:38,bottom:38
07-05 22:36:56.497 D/Carousel-CarouselView( 3429): setModel,hascCode=1018850026
07-05 22:36:56.510 W/linker  ( 3429): libChinaNetSecret.so: unused DT entry: type 0x6ffffffe arg 0xbf8
07-05 22:36:56.521 W/linker  ( 3429): libChinaNetSecret.so: unused DT entry: type 0x6fffffff arg 0x1
07-05 22:36:56.529 I/CurrentCarouselView( 3429): security: ChinaNetCenterWskeyForJuHaoKan
07-05 22:36:56.529 I/CurrentCarouselView( 3429): BaseApplication.sSignStr=3082023B308201A4A00302010202045051BD19300D06092A864886F70D01010505003062310B30090603550406130238363111300F060355040813085368616E646F6E673110300E0603550407130751696E6764616F311F301D060355040A1316486973656E7365206D65646961206E6574776F726B73310D300B0603550403130448695456301E170D3132303931333131303134355A170D3432303930363131303134355A3062310B30090603550406130238363111300F060355040813085368616E646F6E673110300E0603550407130751696E6764616F311F301D060355040A1316486973656E7365206D65646961206E6574776F726B73310D300B060355040313044869545630819F300D06092A864886F70D010101050003818D0030818902818100841C2D9F5F1E0BBB4DF77826A11FEFFB557C22B07892114637C945272821CF6A4CD023F45FC0B0E825EA8839470BE63B95CD5E4B64FF7ECC8A910DB20DBE2A9E8504EC39E7C0E8E74435F745F47D821124744FBF91A2C70CA85DC07D24C53322D8CC33C9EE542E872E44AF0E9E203328A106B31DC3BEC523600DDDA2204C665D0203010001300D06092A864886F70D0101050500038181003AA40C684E7AB45294882A0766EABD8C4BB7C0DFC4DE9ED13E192ECA9370C6B493257129F8DC248335D86877EAB36FBE9A8867E3F034BFD035CEC363073B558AAA6F42838FE0B1BEC3BC90B3E6FEE5D1D78C5CEC7966696D86FC071ED59063FD8E08DECAC8EBD0FB39443415B6725C00B0BACE4A06EF97D76158BF37D36720BB
07-05 22:36:56.529 I/CurrentCarouselView( 3429): serverTime=1499265415000
07-05 22:36:56.530 E/WebcastSDK-WebcastManager( 3429): setToken(), new Token = 72DF6038D2AEAB8A76DFBBBBCC428A4A_002471062173424
07-05 22:36:56.530 I/WebcastSDK-HiCloudSourcePlugin( 3429): notifyAppTokenChanged(), token = 72DF6038D2AEAB8A76DFBBBBCC428A4A_002471062173424
07-05 22:36:56.531 V/PackageManager( 1733): getPackageInfo com.hisense.hicloud.edca: Package{3fb3f3a1 com.hisense.hicloud.edca}
07-05 22:36:56.535 I/WebcastSDK-( 3429): getAppVersionCode(), versionCode = 652
07-05 22:36:56.538 I/WebcastSDK-DataReport( 3429): notifyAppTokenChanged(), token = 72DF6038D2AEAB8A76DFBBBBCC428A4A_002471062173424
07-05 22:36:56.546 V/PackageManager( 1733): getPackageInfo com.hisense.hicloud.edca: Package{3fb3f3a1 com.hisense.hicloud.edca}
07-05 22:36:56.547 I/WebcastSDK-( 3429): getAppVersionCode(), versionCode = 652
07-05 22:36:56.548 D/Carousel-( 3429): setSignonInfo subscriberId:13287129,customerId:7195320
07-05 22:36:56.549 D/til@system( 2026): til_get_system_param option:1000007 int:-1936523008, bool:0, ret:0
07-05 22:36:56.559 E/WebcastSDK-WebcastManager( 3429): setAppServiceDomainList.
07-05 22:36:56.560 V/PackageManager( 1733): getPackageInfo com.hisense.hicloud.edca: Package{3fb3f3a1 com.hisense.hicloud.edca}
07-05 22:36:56.560 D/til@system( 2026): til_get_system_param option:1000009 int:-1815632896, bool:0, ret:0
07-05 22:36:56.562 D/til@system( 2026): til_get_system_param option:1000008 int:-1936525184, bool:128, ret:0
07-05 22:36:56.564 D/HttpDnsUtils( 3429): CEXX-getOperationDetail-productName : LED50MU8600UC
07-05 22:36:56.564 D/HttpDnsUtils( 3429): CEXX-getOperationDetail-plmNumber : 88888
07-05 22:36:56.564 D/HttpDnsUtils( 3429): CEXX-getOperationDetail-swVersion : V0000.00.01A
07-05 22:36:56.564 D/HttpDnsUtils( 3429): CEXX-getOperationDetail-operationDetail : LED50MU8600UC0000888
07-05 22:36:56.565 I/FirstLineAdapter( 3429): onBindViewHolder 3
07-05 22:36:56.565 I/WebcastSDK-( 3429): getAppVersionCode(), versionCode = 652
07-05 22:36:56.568 D/HttpHandler( 3429): DNSRetryIntercepter-->checkData=dbbf03a0e59a5c14094df6af108b323c6142f2621e17b93cc1e04cf2e28618c3a82389ff98527cf44d6bb8a14d32e0476ec29cdec63c293327810d5d0858195dbf1af6474cea39613f8b9e06a11e60254df3800ec73728797da3e75726b78b742724dc1e4f973695b23d7070d8ec913f3d383a01e51e1ed38b3c80d6801e66a3e4f2e4e7f34aef9cea64003620b06e17fcf216cd9770cc6470af6b9490123827e9e593967332c1274c74d2b205798617630131580ab70e749291e70ce78a89fc005ca5df1c718b79fd51124935dad76aa3716659694977445f193ed02dac36b51982636b539569f2df649fef8d1311c69fdff1ad8a0f88d5f8934d9f61d768dd5ac91c6578a77366a4695a50388c732ca89db89259241fef9108c2fdb0a5b209460e78686b1d37894bf50608c3a3f639
07-05 22:36:56.569 D/HttpHandler( 3429): DNSRetryIntercepter-->checkData=dbbf03a0e59a5c14094df6af108b323c6142f2621e17b93cc1e04cf2e28618c3a82389ff98527cf44d6bb8a14d32e0476ec29cdec63c293327810d5d0858195dbf1af6474cea39613f8b9e06a11e60254df3800ec73728797da3e75726b78b742724dc1e4f973695b23d7070d8ec913f3d383a01e51e1ed38b3c80d6801e66a3e4f2e4e7f34aef9cea64003620b06e173e40ef269678046001f7ab08c63405a756e6439cd2efbcab528a562b0d1a4ed9d4ac528a942a34bdb6433861266a59482e55438bbc183a4730bc129d143f8d5c0aa67ecd24c89d93af0969f799516368face580e084a1cdb19932a187ecd6d00821ea99502fccab2b17775719b6e8508146eb151ccc99479576b3a9fd54e75927b35ac1c0cda49ee100ff9bfce19e92840b4222c7eec9106288cdf40bc236a13
07-05 22:36:56.570 D/til@system( 2026): til_get_system_param option:1000007 int:-1815633792, bool:128, ret:0
07-05 22:36:56.571 D/til@system( 2026): til_get_system_param option:1000009 int:-1936522112, bool:128, ret:0
07-05 22:36:56.574 D/til@system( 2026): til_get_system_param option:1000008 int:-1936522368, bool:128, ret:0
07-05 22:36:56.574 D/HttpDnsUtils( 3429): CEXX-getOperationDetail-productName : LED50MU8600UC
07-05 22:36:56.574 D/HttpDnsUtils( 3429): CEXX-getOperationDetail-plmNumber : 88888
07-05 22:36:56.574 D/HttpDnsUtils( 3429): CEXX-getOperationDetail-swVersion : V0000.00.01A
07-05 22:36:56.574 D/HttpDnsUtils( 3429): CEXX-getOperationDetail-operationDetail : LED50MU8600UC0000888
07-05 22:36:56.574 I/CurrentCarouselView( 3429): setTrailData
07-05 22:36:56.574 I/Util    ( 3429): memory : total=1912,limit=1024
07-05 22:36:56.575 D/Carousel-CarouselPicVideoListInfo( 3429): carouselList: 3
07-05 22:36:56.575 D/Carousel-CarouselView( 3429): setData! info=com.hisense.hitv.carouselwidgit.bean.CarouselPicVideoListInfo@1cb6b478, hascCode=1018850026
07-05 22:36:56.575 D/Carousel-CarouselView( 3429): showInitPoster.
07-05 22:36:56.575 D/Carousel-CarouselDisplayPlayerLayout( 3429): isFullScreen:false
07-05 22:36:56.575 D/Carousel-CarouselView( 3429): ACTION_CLEAR_POSTER_AND_PLAY isFullScreen:false
07-05 22:36:56.577 D/Carousel-CarouselView( 3429): InitPosterUrl:http://picture.edu.hismarttv.com/images/20170629010146422927.jpg
07-05 22:36:56.577 D/Carousel-Utils( 3429): displayImage view=android.widget.ImageView{31979751 V.ED.... ......I. 0,0-0,0 #7f0d0029 app:id/imageView1}
07-05 22:36:56.577 D/Carousel-Utils( 3429): displayImage url=http://picture.edu.hismarttv.com/images/20170629010146422927.jpg
07-05 22:36:56.585 I/CurrentCarouselView( 3429): startPlay
07-05 22:36:56.585 I/CurrentCarouselView( 3429): CurrentCarouselView.sHasShopDialog=false
07-05 22:36:56.585 I/CurrentCarouselView( 3429): onAttachedToWindow
07-05 22:36:56.586 D/Carousel-CarouselView( 3429): onAttachedToWindow.
07-05 22:36:56.587 I/MyItemDecoration( 3429): getItemOffsets rect=Rect(-32, -16 - 0, 0),pos=3
07-05 22:36:56.587 D/HttpHandler( 3429): DNSRetryIntercepter-->checkData=dbbf03a0e59a5c14094df6af108b323c6142f2621e17b93cc1e04cf2e28618c3a82389ff98527cf44d6bb8a14d32e0476ec29cdec63c293327810d5d0858195dbf1af6474cea39613f8b9e06a11e60254df3800ec73728797da3e75726b78b742724dc1e4f973695b23d7070d8ec913f3d383a01e51e1ed38b3c80d6801e66a3e4f2e4e7f34aef9cea64003620b06e17ca3c00c688b74309c9a94097c25ee8923dfbd76ee012faafd38ceba0e3bf9c7da7297ed06af4dbdef64b52e7b9b4a092b594d24d6942e76909b2d01ab6e64a1d729b6ace8be6d773e48b19a1f59f38862039885c44f8b55926d60bbd12935f2767943b89b03d12af364788a4dcc2d1f0baba71fdb26d8dc797776998e843b826fd23b3c256686e80b99c4441f658f84e84cb577e2308d72d66e92e5139046165
07-05 22:36:56.595 D/HttpHandler( 3429): VerifySignInterCeptor-->request.url()=http://picture.edu.hismarttv.com/images/20170628121916725281.png
07-05 22:36:56.595 D/HttpHandler( 3429): VerifySignInterCeptor-->hostname=picture.edu.hismarttv.com
07-05 22:36:56.596 D/OkHttp  ( 3429): --> GET http://picture.edu.hismarttv.com/images/20170628121916725281.png http/1.1
07-05 22:36:56.596 D/OkHttp  ( 3429): Host: picture.edu.hismarttv.com
07-05 22:36:56.596 D/OkHttp  ( 3429): Connection: Keep-Alive
07-05 22:36:56.596 D/OkHttp  ( 3429): Accept-Encoding: gzip
07-05 22:36:56.596 D/OkHttp  ( 3429): User-Agent: okhttp/3.6.0
07-05 22:36:56.596 D/OkHttp  ( 3429): --> END GET
07-05 22:36:56.626 D/HttpHandler( 3429): DNSHelper-->gslbDnsresult={"timestamp":1499265416,"msg":"","data":{"lbgs.hismarttv.com":{"ips":["118.178.149.42","139.217.11.211"],"ttl":3600},"picture.edu.hismarttv.com":{"ips":["153.35.175.120","36.33.158.222","112.65.220.40","218.58.206.58","123.128.14.209","153.35.175.121","220.202.77.124"],"ttl":300}},"retCode":"0"}
07-05 22:36:56.664 I/System.out( 3429):  remove duplicate [118.178.149.42, 139.217.11.211]
07-05 22:36:56.695 D/HttpHandler( 3429): DNSHelper-->gslbDnsresult={"timestamp":1499265416,"msg":"","data":{"lbgs.hismarttv.com":{"ips":["118.178.149.42","139.217.11.211"],"ttl":3600},"picture.edu.hismarttv.com":{"ips":["153.35.175.120","36.33.158.222","112.65.220.40","218.58.206.58","123.128.14.209","153.35.175.121","220.202.77.124"],"ttl":300}},"retCode":"0"}
07-05 22:36:56.702 I/System.out( 3429):  remove duplicate [118.178.149.42, 139.217.11.211]
07-05 22:36:56.724 D/Carousel-CarouselChannelItemView( 3429): Listitem imageUrl:http://picture.edu.hismarttv.com/images/20170628102959016598.jpg
07-05 22:36:56.731 D/Carousel-CarouselChannelItemView( 3429): Listitem imageUrl:http://picture.edu.hismarttv.com/images/20170628103002814396.jpg
07-05 22:36:56.732 D/Carousel-CarouselChannelItemView( 3429): Listitem imageUrl:http://picture.edu.hismarttv.com/images/20170628103009181182.jpg
07-05 22:36:56.733 D/Carousel-CarouselChannelItemView( 3429): Listitem imageUrl:http://picture.edu.hismarttv.com/images/20170628102959016598.jpg
07-05 22:36:56.734 D/Carousel-CarouselChannelItemView( 3429): Listitem imageUrl:http://picture.edu.hismarttv.com/images/20170628103002814396.jpg
07-05 22:36:56.740 D/Carousel-CarouselChannelItemView( 3429): Listitem imageUrl:http://picture.edu.hismarttv.com/images/20170628103009181182.jpg
07-05 22:36:56.742 D/Carousel-CarouselChannelItemView( 3429): Listitem imageUrl:http://picture.edu.hismarttv.com/images/20170628103002814396.jpg
07-05 22:36:56.746 D/OkHttp  ( 3429): <-- 200 OK http://picture.edu.hismarttv.com/images/20170628121916725281.png (150ms)
07-05 22:36:56.746 D/Carousel-CarouselChannelItemView( 3429): Listitem imageUrl:http://picture.edu.hismarttv.com/images/20170628102959016598.jpg
07-05 22:36:56.746 D/OkHttp  ( 3429): Date: Mon, 03 Jul 2017 08:35:15 GMT
07-05 22:36:56.746 D/OkHttp  ( 3429): Server: nginx
07-05 22:36:56.746 D/OkHttp  ( 3429): Content-Type: image/png
07-05 22:36:56.746 D/OkHttp  ( 3429): Content-Length: 2555
07-05 22:36:56.746 D/OkHttp  ( 3429): Last-Modified: Wed, 28 Jun 2017 12:19:16 GMT
07-05 22:36:56.746 D/OkHttp  ( 3429): ETag: "59539ec4-9fb"
07-05 22:36:56.746 D/OkHttp  ( 3429): Accept-Ranges: bytes
07-05 22:36:56.746 D/OkHttp  ( 3429): Age: 194501
07-05 22:36:56.746 D/OkHttp  ( 3429): Via: 1.1 jn239:1 (Cdn Cache Server V2.0)[30 200 0], 1.1 dezhou37:5 (Cdn Cache Server V2.0)[0 200 0]
07-05 22:36:56.746 D/OkHttp  ( 3429): Connection: keep-alive
07-05 22:36:56.746 D/OkHttp  ( 3429): <-- END HTTP
07-05 22:36:56.758 D/HttpHandler( 3429): RetryIntercepter-->retryNum=0
07-05 22:36:56.758 D/HttpHandler( 3429): RetryIntercepter-->backoffmutiplier=0
07-05 22:36:56.759 D/Carousel-CarouselChannelItemView( 3429): Listitem imageUrl:http://picture.edu.hismarttv.com/images/20170628103009181182.jpg
07-05 22:36:56.761 I/FirstLineAdapter( 3429): canShowTrailer,isOffline=false
07-05 22:36:56.761 I/FirstLineAdapter( 3429): onCreateViewHolder viewtype=4
07-05 22:36:56.767 D/HttpHandler( 3429): VerifySignInterCeptor-->request.url()=http://picture.edu.hismarttv.com/images/20170628111857828826.png
07-05 22:36:56.767 D/HttpHandler( 3429): VerifySignInterCeptor-->hostname=picture.edu.hismarttv.com
07-05 22:36:56.771 I/FirstLineAdapter( 3429): onBindViewHolder 4
07-05 22:36:56.772 I/FirstLineAdapter( 3429): canShowTrailer,isOffline=false
07-05 22:36:56.772 I/FirstLineAdapter( 3429): canShowTrailer modify
07-05 22:36:56.772 I/FirstLineAdapter( 3429): setMasterData4
07-05 22:36:56.772 I/FirstLineAdapter( 3429): set current pos = 0
07-05 22:36:56.772 D/sloven  ( 3429): 1002---true
07-05 22:36:56.772 I/FirstLineAdapter( 3429): canShowTrailer,isOffline=false
07-05 22:36:56.786 I/FirstLineAdapter( 3429): canShowTrailer,isOffline=false
07-05 22:36:56.786 I/FirstLineAdapter( 3429): onCreateViewHolder viewtype=4
07-05 22:36:56.792 I/FirstLineAdapter( 3429): onBindViewHolder 5
07-05 22:36:56.792 I/FirstLineAdapter( 3429): canShowTrailer,isOffline=false
07-05 22:36:56.792 I/FirstLineAdapter( 3429): canShowTrailer modify
07-05 22:36:56.792 I/FirstLineAdapter( 3429): setMasterData5
07-05 22:36:56.792 I/FirstLineAdapter( 3429): set current pos = 1
07-05 22:36:56.792 D/sloven  ( 3429): 2005---false
07-05 22:36:56.792 D/sloven  ( 3429): 2005
07-05 22:36:56.795 V/PackageManager( 1733): getPackageInfo com.hisense.hicloud.edca: Package{3fb3f3a1 com.hisense.hicloud.edca}
07-05 22:36:56.803 I/FirstLineAdapter( 3429): canShowTrailer,isOffline=false
07-05 22:36:56.804 I/MyItemDecoration( 3429): getItemOffsets rect=Rect(-32, 0 - 0, 0),pos=4
07-05 22:36:56.807 I/MyItemDecoration( 3429): getItemOffsets rect=Rect(-32, -5 - 0, 0),pos=5
07-05 22:36:56.808 D/Carousel-CarouselView( 3429): smoothScroll.
07-05 22:36:56.808 D/Carousel-CarouselDisplayPlayerLayout( 3429): isFullScreen:false
07-05 22:36:56.808 D/Carousel-CarouselView( 3429): smoothScroll isOtherInstance return.
07-05 22:36:56.808 I/ContentBridgeAdapterListener( 3429): onAddPresenter 2
07-05 22:36:56.828 D/OkHttp  ( 3429): --> GET http://picture.edu.hismarttv.com/images/20170628111857828826.png http/1.1
07-05 22:36:56.828 D/OkHttp  ( 3429): Host: picture.edu.hismarttv.com
07-05 22:36:56.828 D/OkHttp  ( 3429): Connection: Keep-Alive
07-05 22:36:56.828 D/OkHttp  ( 3429): Accept-Encoding: gzip
07-05 22:36:56.828 D/OkHttp  ( 3429): User-Agent: okhttp/3.6.0
07-05 22:36:56.828 D/OkHttp  ( 3429): --> END GET
07-05 22:36:56.831 D/HttpHandler( 3429): DNSHelper-->gslbDnsresult={"timestamp":1499265416,"msg":"","data":{"lbgs.hismarttv.com":{"ips":["118.178.149.42","139.217.11.211"],"ttl":3600},"picture.edu.hismarttv.com":{"ips":["153.35.175.120","36.33.158.222","112.65.220.40","218.58.206.58","123.128.14.209","153.35.175.121","220.202.77.124"],"ttl":300}},"retCode":"0"}
07-05 22:36:56.831 I/System.out( 3429):  remove duplicate [118.178.149.42, 139.217.11.211]
07-05 22:36:56.833 I/TVMW@HsTvSetting( 1234): Trace cmd, data = 0x1058
07-05 22:36:56.834 D/til@system( 2026): til_get_system_param option:100002F int:0, bool:0, ret:0
07-05 22:36:56.835 I/TVMW@HsTvSetting( 1234): Trace cmd, data = 0x101f
07-05 22:36:56.835 D/til@system( 2026): til_get_system_param option:100001D int:3, bool:3, ret:0
07-05 22:36:56.835 E/til     ( 2026): [til_get_current_input_source, 101] 
07-05 22:36:56.835 I/TVMW@HsTvSetting( 1234): Trace cmd, data = 0x7007
07-05 22:36:56.835 I/tilwrapper@sm( 2026): HS2TIL_SourceType *hs=0xd, *til=0x900
07-05 22:36:56.835 D/til     ( 2026): get current source 2304
07-05 22:36:56.835 D/SourceRemoteServiceHandler( 2026): getCurrentInputSource.from.til.result is 0, value is 2304
07-05 22:36:56.835 D/SourceRemoteServiceHandler( 2026): getInputSourceType source: 0x900, type=2304
07-05 22:36:56.835 I/ContentBridgeAdapterListener( 3429): onCreate ViewHolder{ae7e505 position=-1 id=-1, oldPos=-1, pLpos:-1 unbound no parent}
07-05 22:36:56.836 D/til     ( 2026): ###### func:til_get_picture_param option:0x3000006 ######  
07-05 22:36:56.836 I/BaseContentFragment( 3429): setUpSharedViewPoolViewHolder{ae7e505 position=-1 id=-1, oldPos=-1, pLpos:-1 unbound no parent}
07-05 22:36:56.836 I/BaseContentFragment( 3429): create view pool
07-05 22:36:56.836 I/TVMW@HsTvSetting( 1234): Trace cmd, data = 0x1003
07-05 22:36:56.836 I/BaseContentFragment( 3429): setRowViewSelectedViewHolder{ae7e505 position=-1 id=-1, oldPos=-1, pLpos:-1 unbound no parent},isSelectedfalse
07-05 22:36:56.836 I/head    ( 3429): item=com.hisense.leanback.widget.ListRow@3362395a
07-05 22:36:56.836 I/ContentBridgeAdapterListener( 3429): onBind 
07-05 22:36:56.836 I/TVMW@HsTvSetting( 1234): Trace cmd, data = 0x8032
07-05 22:36:56.837 I/ContentBridgeAdapterListener( 3429): onAttachedToWindow ViewHolder{ae7e505 position=2 id=-1, oldPos=-1, pLpos:-1}
07-05 22:36:56.837 I/hstvos  ( 1216): [0m[1;33m[HSHAL][HS_VIDEO][HS_HAL_Video_SetOsdDetect_v2][2389]u16Threshold = 20
07-05 22:36:56.837 E/TVMW@videoctrl( 1234):  getOsd is 1
07-05 22:36:56.837 I/MiSysSrv( 1214): Not support now! 42, change to mm_video!!!
07-05 22:36:56.840 D/til@system( 2026): til_get_system_param option:1000027 int:1, bool:1, ret:0
07-05 22:36:56.840 D/til     ( 2026): ###### func:til_get_picture_param option:0x3000045 ######  
07-05 22:36:56.840 I/TVMW@HsTvSetting( 1234): Trace cmd, data = 0x300c
07-05 22:36:56.840 I/TVMW@HsTvSetting( 1234): Trace 3d, data = 0x300c
