07-05 20:54:31.135 D/Carousel-Utils(11339): onResourceReady.
07-05 20:54:31.139 D/CommonHeader(11339): app logo :refreshTimer: isRotatetrue
07-05 20:54:31.139 D/Carousel-Utils(11339): onResourceReady.
07-05 20:54:31.139 I/Choreographer(11339): Skipped 36 frames!  The application may be doing too much work on its main thread.
07-05 20:54:31.139 D/TabFocusBorderView(11339): SLOVEN onAnimationEnd
07-05 20:54:31.140 D/TabView (11339): SLOVEN border top===>:296---407
07-05 20:54:31.140 I/MyFragmentStateAdapter(11339): getCount
07-05 20:54:31.141 I/MyFragmentStateAdapter(11339): getCount
07-05 20:54:31.141 I/MyFragmentStateAdapter(11339): getCount
07-05 20:54:31.141 I/MyFragmentStateAdapter(11339): getCount
07-05 20:54:31.142 I/FirstLineAdapter(11339): canShowTrailer,isOffline=false
07-05 20:54:31.142 I/FirstLineAdapter(11339): canShowTrailer,isOffline=false
07-05 20:54:31.142 I/FirstLineAdapter(11339): canShowTrailer,isOffline=false
07-05 20:54:31.142 I/FirstLineAdapter(11339): canShowTrailer,isOffline=false
07-05 20:54:31.142 I/FirstLineAdapter(11339): canShowTrailer,isOffline=false
07-05 20:54:31.142 I/FirstLineAdapter(11339): canShowTrailer,isOffline=false
07-05 20:54:31.142 I/FirstLineAdapter(11339): canShowTrailer,isOffline=false
07-05 20:54:31.142 D/Carousel-CarouselChannelItemView(11339): Listitem imageUrl:http://picture.edu.hismarttv.com/images/20170628102959016598.jpg
07-05 20:54:31.143 D/Carousel-Utils(11339): onResourceReady.
07-05 20:54:31.148 D/Carousel-CarouselChannelItemView(11339): Listitem imageUrl:http://picture.edu.hismarttv.com/images/20170628103002814396.jpg
07-05 20:54:31.148 D/Carousel-Utils(11339): onResourceReady.
07-05 20:54:31.149 D/Carousel-CarouselChannelItemView(11339): Listitem imageUrl:http://picture.edu.hismarttv.com/images/20170628103009181182.jpg
07-05 20:54:31.150 D/Carousel-CarouselChannelItemView(11339): Listitem imageUrl:http://picture.edu.hismarttv.com/images/20170628102959016598.jpg
07-05 20:54:31.152 D/Carousel-Utils(11339): onResourceReady.
07-05 20:54:31.153 D/Carousel-CarouselChannelItemView(11339): Listitem imageUrl:http://picture.edu.hismarttv.com/images/20170628103002814396.jpg
07-05 20:54:31.153 D/Carousel-Utils(11339): onResourceReady.
07-05 20:54:31.154 D/Carousel-CarouselChannelItemView(11339): Listitem imageUrl:http://picture.edu.hismarttv.com/images/20170628103009181182.jpg
07-05 20:54:31.157 I/TVMW@devctrl( 1234): wdt
07-05 20:54:31.161 I/FirstLineAdapter(11339): canShowTrailer,isOffline=false
07-05 20:54:31.161 I/FirstLineAdapter(11339): canShowTrailer,isOffline=false
07-05 20:54:31.161 D/Carousel-CarouselView(11339): ============>onScrollChanged hashCode:72325311
07-05 20:54:31.165 D/Player/PluginProvider@1c8a88bb(11339): [TID 11370] PluginProvider() new
07-05 20:54:31.165 W/AbsPluginProvider(11339): initialize<<(hostContext=com.hisense.hicloud.edca.BaseApplication@2adbac5c, context=com.qiyi.sdk.plugin.server.core.ContextProxy@184761d8, params={lib_dir=/data/data/com.hisense.hicloud.edca/files/plugin/2.1.0.59986/pluginplayer/1.64.0.59984/pluginplayer-release-1.64.0.59984-libs, file_path=/data/data/com.hisense.hicloud.edca/files/plugin/2.1.0.59986/pluginplayer/1.64.0.59984/pluginplayer-release-1.64.0.59984.apk}, info=AppInfo(hostVersion=2.1.0.59986mHostAllowDebug=false))
07-05 20:54:31.165 D/Player/PluginProvider@1c8a88bb(11339): [TID 11370] onInitialize() lib path=/data/data/com.hisense.hicloud.edca/files/plugin/2.1.0.59986/pluginplayer/1.64.0.59984/pluginplayer-release-1.64.0.59984-libs
07-05 20:54:31.165 I/LogUtils(11339): [TID 11370] log is open
07-05 20:54:31.168 I/MyFragmentStateAdapter(11339): getCount
07-05 20:54:31.169 D/Player/PluginProvider@1c8a88bb(11339): [TID 11370] setupSdkFeature()
07-05 20:54:31.172 D/gralloc ( 1204): allocate buffer from ION HEAP 0x1
07-05 20:54:31.172 D/gralloc ( 1204): allocate memory from system heap
07-05 20:54:31.213 D/HiCloudSourcePlugin( 2628): Delta Updating Task Runnning...
07-05 20:54:31.221 D/MC_MEMORY(17185): max: 256.261888 Mb, heap: 10.10783 Mb, allocated: 9.9478 Mb, free: 1.1305 Mb, native heap: 12.12276 Mb, native allocated: 8.8405 Mb, native free: 3.3871 Mb
07-05 20:54:31.224 D/PlayerSdk/PlayerSdkProject(11339): [TID 11370] >> beginInitialize
07-05 20:54:31.224 D/PlayerSdk/SdkConfigManager(11339): [TID 11370] setupConfig: context=com.qiyi.sdk.plugin.server.core.ContextProxy@184761d8
07-05 20:54:31.224 W/ContextProxy(11339): getAssets() mAssetManager=android.content.res.AssetManager@3c0493f0
07-05 20:54:31.226 D/PlayerSdk/SdkConfigManager(11339): [TID 11370] setupConfig: strEncrypted=VVVJRD0yMDE3MDQyNTExMzUzNzkxMmdlVEdXS0REMTE3MDIsQ1VTVE9NRVJfSUQ9NjAsUExBWUVSX0NPTkZJR19UWVBFPTQsUExBVEZPUk1fVFZBUEk9SEFJWElOLElTX1NVUFBPUlRfWUlOSEVfUElOR0JBQ0s9ZmFsc2UsSVNfRU5CQUxFX0gyNjU9ZmFsc2UsSVNfRU5BQkxFX0RPTEJZPWZhbHNlLElTX0VOQkFMRV80Sz0sSVNfRU5CQUxFX0RPTEJZX1ZJU0lPTj0sSVNfRU5CQUxFX0hEUjEwPSxJU19VU0VfVE1UU19MT0NBTF9TSUdOPWZhbHNlLElTX0dFVF9VVUlEX0ZST01fU0VSVkVSPXRydWUsQ0ROX0RJU1BBVENIX1BBUkFNPSxET01BSU5fTkFNRT1wdHF5LmdpdHYudHYsTkFUSVZFX1BMQVlFUl9CUkFORD1IaVNlbnNlLExPR0lOX1RZUEU9U1VCX0FDQ09VTlQsQ1VTVE9NRVJfUEFDS0FHRV9OQU1FPWNvbS5oaXNlbnNlLmhpY2xvdWQuZWRjYSxJU19ERUJVR19WRVJTSU9OPWZhbHNlLE5BVElWRV9QTEFZRVJfQ09ERUNUWVBFPSxQTEFZRVJfUExBVEZPUk09UF9IaXNlbnNlLEVOQUJMRV9TRVRfQklUU1RSRUFNPXRydWUsREVGQVVMVF9DRkdfQklUU1RSRUFNPSw=
07-05 20:54:31.227 I/System.out(11339): decode
07-05 20:54:31.227 W/ContextProxy(11339): getResources() mResources=android.content.res.Resources@309b23ee
07-05 20:54:31.239 D/Carousel-Utils(11339): onResourceReady.
07-05 20:54:31.240 D/Carousel-Utils(11339): onResourceReady.
07-05 20:54:31.240 E/TabView (11339): tab2
07-05 20:54:31.240 D/TabView (11339): SLOVEN mTopmBorderTop===>:0266
07-05 20:54:31.240 W/ContextProxy(11339): getResources() mResources=android.content.res.Resources@309b23ee
07-05 20:54:31.240 D/TabView (11339): tab scroll up listview
07-05 20:54:31.240 D/TabFocusBorderView(11339): SLOVEN justchangeWidth
07-05 20:54:31.240 D/TabFocusBorderView(11339): SLOVEN widthmWidth===>:220220
07-05 20:54:31.240 D/TabFocusBorderView(11339): SLOVEN onAnimationStart
07-05 20:54:31.241 D/TabView (11339): SLOVEN mTopmBorderTop===>:407266
07-05 20:54:31.241 D/TabView (11339): setSelectedTabView
07-05 20:54:31.244 D/Carousel-Utils(11339): onResourceReady.
07-05 20:54:31.244 D/HiNetworkImpl(11339): doHttp_Asyn(): onReqResponse isSuccessful = true, back from thread: main
07-05 20:54:31.244 I/HiNetworkImpl(11339): doHttp_Asyn(): onSuccess clazz = class com.hisense.sdk.domain.MemberOrder, back from thread: main
07-05 20:54:31.244 I/HomeMainActivity(11339): finishHttpTime : 8112816   803
07-05 20:54:31.248 D/til@system( 2026): til_get_system_param option:1000007 int:-1936525184, bool:128, ret:0
07-05 20:54:31.248 I/System.out(11339): ok
07-05 20:54:31.249 D/til@system( 2026): til_get_system_param option:1000009 int:-1936523008, bool:0, ret:0
07-05 20:54:31.250 D/til@system( 2026): til_get_system_param option:1000008 int:-1815633792, bool:128, ret:0
07-05 20:54:31.250 D/HiSDKLogReport(11339): getOperationDetail-productName : LED50MU8600UC
07-05 20:54:31.250 D/HiSDKLogReport(11339): getOperationDetail-plmNumber : 88888
07-05 20:54:31.250 D/HiSDKLogReport(11339): getOperationDetail-swVersion : V0000.00.01A
07-05 20:54:31.250 D/HiSDKLogReport(11339): getOperationDetail-operationDetail : LED50MU8600UC0000888
07-05 20:54:31.250 D/HiSDKLogReport(11339): processLogReport-log : {eventType=162, appKey=1182445233, APPVersionName=3.0.0.9.00, devid=86100300900000500000060a4818fca8, mac=a8:a6:48:18:fc:a8, uuid=13287129, accessToken=72DF6038D2AEAB8A76DFBBBBCC428A4A_000055143357136, APIversion=501, logversion=2.0, devType=0, APPPackage=com.hisense.hicloud.edca, eventPos=002, requesttime=1499259271250, customerId=7195320, value2=, eventMessage=HttpConnection, value1=803, model_id=0, ChannelId=0, version=00.002.003, tv_distribute_id=00, subscriberId=13287129, APIVersion=600, PFAPPCode=652, softwareVersion=LED50MU8600UC0000888}
07-05 20:54:31.250 I/System.out(11339): UUID=20170425113537912geTGWKDD11702,CUSTOMER_ID=60,PLAYER_CONFIG_TYPE=4,PLATFORM_TVAPI=HAIXIN,IS_SUPPORT_YINHE_PINGBACK=false,IS_ENBALE_H265=false,IS_ENABLE_DOLBY=false,IS_ENBALE_4K=,IS_ENBALE_DOLBY_VISION=,IS_ENBALE_HDR10=,IS_USE_TMTS_LOCAL_SIGN=false,IS_GET_UUID_FROM_SERVER=true,CDN_DISPATCH_PARAM=,DOMAIN_NAME=ptqy.gitv.tv,NATIVE_PLAYER_BRAND=HiSense,LOGIN_TYPE=SUB_ACCOUNT,CUSTOMER_PACKAGE_NAME=com.hisense.hicloud.edca,IS_DEBUG_VERSION=false,NATIVE_PLAYER_CODECTYPE=,PLAYER_PLATFORM=P_Hisense,ENABLE_SET_BITSTREAM=true,DEFAULT_CFG_BITSTREAM=,
07-05 20:54:31.250 I/System.out(11339): hook :UUID=20170425113537912geTGWKDD11702,CUSTOMER_ID=60,PLAYER_CONFIG_TYPE=4,PLATFORM_TVAPI=HAIXIN,IS_SUPPORT_YINHE_PINGBACK=false,IS_ENBALE_H265=false,IS_ENABLE_DOLBY=false,IS_ENBALE_4K=,IS_ENBALE_DOLBY_VISION=,IS_ENBALE_HDR10=,IS_USE_TMTS_LOCAL_SIGN=false,IS_GET_UUID_FROM_SERVER=true,CDN_DISPATCH_PARAM=,DOMAIN_NAME=ptqy.gitv.tv,NATIVE_PLAYER_BRAND=HiSense,LOGIN_TYPE=SUB_ACCOUNT,CUSTOMER_PACKAGE_NAME=com.hisense.hicloud.edca,IS_DEBUG_VERSION=false,NATIVE_PLAYER_CODECTYPE=,PLAYER_PLATFORM=P_Hisense,ENABLE_SET_BITSTREAM=true,DEFAULT_CFG_BITSTREAM=,
07-05 20:54:31.250 I/HomeMainActivity(11339): getUserType  response : 2 null
07-05 20:54:31.250 I/HomeMainActivity(11339): this is LowMemoryConfiguration 
07-05 20:54:31.254 D/PlayerSdk/SdkConfig(11339): [TID 11370] initialize({PLAYER_PLATFORM=P_Hisense, NATIVE_PLAYER_BRAND=HiSense, CUSTOMER_ID=60, ENABLE_SET_BITSTREAM=true, IS_ENBALE_H265=false, UUID=20170425113537912geTGWKDD11702, IS_GET_UUID_FROM_SERVER=true, IS_DEBUG_VERSION=false, IS_ENABLE_DOLBY=false, CUSTOMER_PACKAGE_NAME=com.hisense.hicloud.edca, IS_USE_TMTS_LOCAL_SIGN=false, PLATFORM_TVAPI=HAIXIN, DOMAIN_NAME=ptqy.gitv.tv, LOGIN_TYPE=SUB_ACCOUNT, IS_SUPPORT_YINHE_PINGBACK=false, PLAYER_CONFIG_TYPE=4})
07-05 20:54:31.257 I/TVMW@HsTvSetting( 1234): Trace cmd, data = 0x1058
07-05 20:54:31.257 D/til@system( 2026): til_get_system_param option:100002F int:0, bool:0, ret:0
07-05 20:54:31.257 I/TVMW@HsTvSetting( 1234): Trace cmd, data = 0x101f
07-05 20:54:31.258 D/til@system( 2026): til_get_system_param option:100001D int:3, bool:3, ret:0
07-05 20:54:31.258 E/til     ( 2026): [til_get_current_input_source, 101] 
07-05 20:54:31.258 I/TVMW@HsTvSetting( 1234): Trace cmd, data = 0x7007
07-05 20:54:31.258 I/tilwrapper@sm( 2026): HS2TIL_SourceType *hs=0xd, *til=0x900
07-05 20:54:31.258 D/til     ( 2026): get current source 2304
07-05 20:54:31.258 D/SourceRemoteServiceHandler( 2026): getCurrentInputSource.from.til.result is 0, value is 2304
07-05 20:54:31.258 D/SourceRemoteServiceHandler( 2026): getInputSourceType source: 0x900, type=2304
07-05 20:54:31.258 D/til     ( 2026): ###### func:til_get_picture_param option:0x3000006 ######  
07-05 20:54:31.258 I/TVMW@HsTvSetting( 1234): Trace cmd, data = 0x1003
07-05 20:54:31.259 I/TVMW@HsTvSetting( 1234): Trace cmd, data = 0x8032
07-05 20:54:31.259 W/System.err(11339): java.net.ConnectException: failed to connect to /10.18.210.112 (port 8900) after 6000ms: isConnected failed: ECONNREFUSED (Connection refused)
07-05 20:54:31.259 I/hstvos  ( 1216): [0m[1;33m[HSHAL][HS_VIDEO][HS_HAL_Video_SetOsdDetect_v2][2389]u16Threshold = 20
07-05 20:54:31.259 I/MiSysSrv( 1214): Not support now! 42, change to mm_video!!!
07-05 20:54:31.259 W/System.err(11339): 	at libcore.io.IoBridge.isConnected(IoBridge.java:238)
07-05 20:54:31.260 W/System.err(11339): 	at libcore.io.IoBridge.connectErrno(IoBridge.java:171)
07-05 20:54:31.260 W/System.err(11339): 	at libcore.io.IoBridge.connect(IoBridge.java:122)
07-05 20:54:31.260 W/System.err(11339): 	at java.net.PlainSocketImpl.connect(PlainSocketImpl.java:183)
07-05 20:54:31.260 W/System.err(11339): 	at java.net.PlainSocketImpl.connect(PlainSocketImpl.java:456)
07-05 20:54:31.260 W/System.err(11339): 	at java.net.Socket.connect(Socket.java:882)
07-05 20:54:31.260 W/System.err(11339): 	at com.android.okhttp.internal.Platform.connectSocket(Platform.java:174)
07-05 20:54:31.260 W/System.err(11339): 	at com.android.okhttp.Connection.connect(Connection.java:152)
07-05 20:54:31.260 W/System.err(11339): 	at com.android.okhttp.internal.http.HttpEngine.connect(HttpEngine.java:276)
07-05 20:54:31.260 W/System.err(11339): 	at com.android.okhttp.internal.http.HttpEngine.sendRequest(HttpEngine.java:211)
07-05 20:54:31.260 W/System.err(11339): 	at com.android.okhttp.internal.http.HttpURLConnectionImpl.execute(HttpURLConnectionImpl.java:382)
07-05 20:54:31.260 W/System.err(11339): 	at com.android.okhttp.internal.http.HttpURLConnectionImpl.connect(HttpURLConnectionImpl.java:106)
07-05 20:54:31.260 W/System.err(11339): 	at com.hisense.hitv.hicloud.util.ExceptionReport.a(ExceptionReport.java:337)
07-05 20:54:31.260 W/System.err(11339): 	at com.hisense.hitv.hicloud.util.ExceptionReport.a(ExceptionReport.java:39)
07-05 20:54:31.260 W/System.err(11339): 	at com.hisense.hitv.hicloud.util.ExceptionReport$1.run(ExceptionReport.java:83)
07-05 20:54:31.260 W/System.err(11339): 	at java.lang.Thread.run(Thread.java:818)
07-05 20:54:31.260 W/System.err(11339): Caused by: android.system.ErrnoException: isConnected failed: ECONNREFUSED (Connection refused)
07-05 20:54:31.260 W/System.err(11339): 	at libcore.io.IoBridge.isConnected(IoBridge.java:223)
07-05 20:54:31.260 W/System.err(11339): 	... 15 more
07-05 20:54:31.261 E/TVMW@videoctrl( 1234):  getOsd is 1
07-05 20:54:31.261 D/til@system( 2026): til_get_system_param option:1000027 int:1, bool:1, ret:0
07-05 20:54:31.261 D/til     ( 2026): ###### func:til_get_picture_param option:0x3000045 ######  
07-05 20:54:31.261 I/TVMW@HsTvSetting( 1234): Trace cmd, data = 0x300c
07-05 20:54:31.261 I/TVMW@HsTvSetting( 1234): Trace 3d, data = 0x300c
07-05 20:54:31.261 I/TVMW@3d ( 1234): Hs_debug3d_trace: func:get3dStatus, line:109
07-05 20:54:31.262 D/PlayerSdk/SdkConfig(11339): [TID 11370] initialize(), name=com.hisense.hicloud.edca
07-05 20:54:31.262 D/PlayerSdk/SdkConfig(11339): [TID 11370] initialize(),mCustomerPackageNames=[com.hisense.hicloud.edca]
07-05 20:54:31.262 D/SdkConfigUtils(11339): [TID 11370] parsePlatformType(HAIXIN)
07-05 20:54:31.262 D/SdkConfigUtils(11339): [TID 11370] parseLoginType(SUB_ACCOUNT)
07-05 20:54:31.263 D/SdkConfigUtils(11339): [TID 11370] parsePlayerPlatform(P_Hisense)
07-05 20:54:31.263 D/PlayerSdk/SdkConfigManager(11339): [TID 11370] setupConfig: mCurrentConfig=SdkConfig@26854552{mCustomerCode=60, mPlayerConfigType=4, mPlatformType=HAIXIN, mLoginType=SUB_ACCOUNT, mIsEnableDolby=false, mIsEnableH265=false, mIsEnable4K=true, mIsSupportYinhePingback=false, mShouldDoPlayCheck=true, mshouldGetUuidFromServer=true, mPingbackS1=2, mPingbackS2=simple_sdk, mPingbackP2=3128, mDomainName=ptqy.gitv.tv, mIsDebugVersion=false, mIsDebugVersion=false, mCustomerPackageNames=[com.hisense.hicloud.edca], mEnableSetBitstream=true}
07-05 20:54:31.269 I/MiSysSrv( 1214): [37m[INFO] Change to Voltage: 102 mv (0x23)[m
07-05 20:54:31.289 I/VideoCapabilities(11339): Unsupported profile 4 for video/mp4v-es
07-05 20:54:31.289 I/VideoCapabilities(11339): Unsupported profile 4 for video/mp4v-es
07-05 20:54:31.289 I/VideoCapabilities(11339): Unsupported profile 4 for video/mp4v-es
07-05 20:54:31.289 I/VideoCapabilities(11339): Unsupported profile 4 for video/mp4v-es
07-05 20:54:31.289 I/VideoCapabilities(11339): Unsupported profile 4 for video/mp4v-es
07-05 20:54:31.289 I/VideoCapabilities(11339): Unsupported profile 4 for video/mp4v-es
07-05 20:54:31.289 I/VideoCapabilities(11339): Unsupported profile 4 for video/mp4v-es
07-05 20:54:31.289 I/VideoCapabilities(11339): Unsupported profile 4 for video/mp4v-es
07-05 20:54:31.289 I/VideoCapabilities(11339): Unsupported profile 8 for video/mp4v-es
07-05 20:54:31.289 I/VideoCapabilities(11339): Unsupported profile 8 for video/mp4v-es
07-05 20:54:31.289 I/VideoCapabilities(11339): Unsupported profile 8 for video/mp4v-es
07-05 20:54:31.289 I/VideoCapabilities(11339): Unsupported profile 8 for video/mp4v-es
07-05 20:54:31.289 I/VideoCapabilities(11339): Unsupported profile 8 for video/mp4v-es
07-05 20:54:31.289 I/VideoCapabilities(11339): Unsupported profile 8 for video/mp4v-es
07-05 20:54:31.289 I/VideoCapabilities(11339): Unsupported profile 8 for video/mp4v-es
07-05 20:54:31.289 I/VideoCapabilities(11339): Unsupported profile 8 for video/mp4v-es
07-05 20:54:31.289 I/VideoCapabilities(11339): Unsupported profile 1024 for video/mp4v-es
07-05 20:54:31.289 I/VideoCapabilities(11339): Unsupported profile 1024 for video/mp4v-es
07-05 20:54:31.289 I/VideoCapabilities(11339): Unsupported profile 1024 for video/mp4v-es
07-05 20:54:31.289 I/VideoCapabilities(11339): Unsupported profile 1024 for video/mp4v-es
07-05 20:54:31.289 I/VideoCapabilities(11339): Unsupported profile 1024 for video/mp4v-es
07-05 20:54:31.289 I/VideoCapabilities(11339): Unsupported profile 1024 for video/mp4v-es
07-05 20:54:31.289 I/VideoCapabilities(11339): Unsupported profile 1024 for video/mp4v-es
07-05 20:54:31.289 I/VideoCapabilities(11339): Unsupported profile 1024 for video/mp4v-es
07-05 20:54:31.289 W/VideoCapabilities(11339): Unrecognized profile/level 32768/2 for video/mp4v-es
07-05 20:54:31.316 W/VideoCapabilities(11339): Unsupported mime video/mvc
07-05 20:54:31.319 W/VideoCapabilities(11339): Unsupported mime video/mpeg2
07-05 20:54:31.323 E/HomeMainActivity(11339): BaseApplication.mAccountType == 2
07-05 20:54:31.323 I/HomeMainActivity(11339): mBeginHttpTime : 8112895
07-05 20:54:31.324 I/HttpDnsUtils(11339): postExperienceVIP(): --url = http://api.edu.hismarttv.com/payment/api/get/experience/member
07-05 20:54:31.324 V/HttpDnsUtils(11339): getExperienceVIP 86100300900000500000060a4818fca8 7195320 13287129 0 2 0 0 0
07-05 20:54:31.325 E/NetUtils(11339): encryption --- sign = accessToken=72DF6038D2AEAB8A76DFBBBBCC428A4A_000055143357136&days=0&devid=86100300900000500000060a4818fca8&mac=a8:a6:48:18:fc:a8&memberType=2&orderType=0&BDA9F96C98E9D5130A5AFB3411B5F9E0
07-05 20:54:31.325 W/VideoCapabilities(11339): Unsupported mime video/divx3
07-05 20:54:31.327 D/til@system( 2026): til_get_system_param option:1000007 int:-1815632896, bool:0, ret:0
07-05 20:54:31.328 D/til@system( 2026): til_get_system_param option:1000009 int:-1936522112, bool:128, ret:0
07-05 20:54:31.328 W/VideoCapabilities(11339): Unsupported mime video/divx4
07-05 20:54:31.329 D/til@system( 2026): til_get_system_param option:1000008 int:-1815634176, bool:0, ret:0
07-05 20:54:31.329 D/HttpDnsUtils(11339): CEXX-getOperationDetail-productName : LED50MU8600UC
07-05 20:54:31.329 D/HttpDnsUtils(11339): CEXX-getOperationDetail-plmNumber : 88888
07-05 20:54:31.329 D/HttpDnsUtils(11339): CEXX-getOperationDetail-swVersion : V0000.00.01A
07-05 20:54:31.329 D/HttpDnsUtils(11339): CEXX-getOperationDetail-operationDetail : LED50MU8600UC0000888
07-05 20:54:31.331 W/VideoCapabilities(11339): Unsupported mime video/flv
07-05 20:54:31.334 W/VideoCapabilities(11339): Unsupported mime video/VC1
07-05 20:54:31.336 W/VideoCapabilities(11339): Unsupported mime video/wvc1
07-05 20:54:31.339 W/VideoCapabilities(11339): Unsupported mime video/wmv3
07-05 20:54:31.342 W/VideoCapabilities(11339): Unsupported mime video/mjpeg
07-05 20:54:31.345 W/VideoCapabilities(11339): Unsupported mime video/avs
07-05 20:54:31.348 W/VideoCapabilities(11339): Unsupported mime video/realvideo
07-05 20:54:31.355 W/AudioCapabilities(11339): Unsupported mime audio/mpeg-L1
07-05 20:54:31.359 V/HttpDnsUtils(11339): days 0 memberType 2 activityId 0
07-05 20:54:31.359 V/HttpDnsUtils(11339): postExperienceVIP(): postMap = {customerId=7195320, memberType=2, PFAPPCode=652, accessToken=72DF6038D2AEAB8A76DFBBBBCC428A4A_000055143357136, ChannelId=0, APPVersionName=3.0.0.9.00, model_id=0, orderType=0, mac=a8:a6:48:18:fc:a8, days=0, sign=8b48dc2953a1c208e322d7f420edde66, uuid=13287129, APPPackage=com.hisense.hicloud.edca, devid=86100300900000500000060a4818fca8, phone=18547412365, tv_distribute_id=00, softwareVersion=LED50MU8600UC0000888, subscriberId=13287129, version=00.002.003, customerName=18547412365, devType=0, APIVersion=600, activityId=0}
07-05 20:54:31.360 W/AudioCapabilities(11339): Unsupported mime audio/mpeg-L2
07-05 20:54:31.361 D/til@system( 2026): til_get_system_param option:1000007 int:-1936522368, bool:128, ret:0
07-05 20:54:31.362 D/til@system( 2026): til_get_system_param option:1000009 int:-1936525184, bool:128, ret:0
07-05 20:54:31.363 D/til@system( 2026): til_get_system_param option:1000008 int:-1936523008, bool:0, ret:0
07-05 20:54:31.363 D/HttpBuilder(11339): getOperationDetail-productName : LED50MU8600UC
07-05 20:54:31.363 D/HttpBuilder(11339): getOperationDetail-plmNumber : 88888
07-05 20:54:31.363 D/HttpBuilder(11339): getOperationDetail-swVersion : V0000.00.01A
07-05 20:54:31.363 D/HttpBuilder(11339): getOperationDetail-operationDetail : LED50MU8600UC0000888
07-05 20:54:31.372 W/AudioCapabilities(11339): Unsupported mime audio/adpcm
07-05 20:54:31.381 W/AudioCapabilities(11339): Unsupported mime audio/lpcm
07-05 20:54:31.390 W/AudioCapabilities(11339): Unsupported mime audio/cook
07-05 20:54:31.392 I/HttpBuilder(11339): addUrlPublicParams mUrl ==>http://api.edu.hismarttv.com/payment/api/get/experience/member?uuid=13287129&mac=a8:a6:48:18:fc:a8&devid=86100300900000500000060a4818fca8&version=00.002.003&subscriberId=13287129&customerId=7195320&model_id=0&APPPackage=com.hisense.hicloud.edca&PFAPPCode=652&APPVersionName=3.0.0.9.00&ChannelId=0&softwareVersion=LED50MU8600UC0000888&tv_distribute_id=00&devType=0&APIVersion=600&accessToken=72DF6038D2AEAB8A76DFBBBBCC428A4A_000055143357136
07-05 20:54:31.392 W/AudioCapabilities(11339): Unsupported mime audio/x-ms-wma
07-05 20:54:31.395 D/HttpHandler(11339): VerifySignInterCeptor-->request.url()=http://api.edu.hismarttv.com/payment/api/get/experience/member?uuid=13287129&mac=a8:a6:48:18:fc:a8&devid=86100300900000500000060a4818fca8&version=00.002.003&subscriberId=13287129&customerId=7195320&model_id=0&APPPackage=com.hisense.hicloud.edca&PFAPPCode=652&APPVersionName=3.0.0.9.00&ChannelId=0&softwareVersion=LED50MU8600UC0000888&tv_distribute_id=00&devType=0&APIVersion=600&accessToken=72DF6038D2AEAB8A76DFBBBBCC428A4A_000055143357136
07-05 20:54:31.395 D/HttpHandler(11339): VerifySignInterCeptor-->hostname=api.edu.hismarttv.com
07-05 20:54:31.397 W/AudioCapabilities(11339): Unsupported mime audio/ac3
07-05 20:54:31.398 W/AudioCapabilities(11339): Unsupported mime audio/ac3p
07-05 20:54:31.398 W/AudioCapabilities(11339): Unsupported mime audio/eac3
07-05 20:54:31.400 W/AudioCapabilities(11339): Unsupported mime audio/dts
07-05 20:54:31.400 W/AudioCapabilities(11339): Unsupported mime audio/dts-hd
07-05 20:54:31.401 W/AudioCapabilities(11339): Unsupported mime audio/dts-lbr
07-05 20:54:31.402 D/HttpHandler(11339): HttpDNS-->hostname=api.edu.hismarttv.com
07-05 20:54:31.403 D/HttpHandler(11339): RAMCache-->hostInfo.getClientTimeStamp()=8107048
07-05 20:54:31.403 D/HttpHandler(11339): RAMCache-->hostInfo.getTtl()=3600
07-05 20:54:31.403 D/HttpHandler(11339): RAMCache-->SystemClock.elapsedRealtime()=8112975
07-05 20:54:31.404 W/AudioCapabilities(11339): Unsupported mime audio/dra
07-05 20:54:31.407 I/MyFragmentStateAdapter(11339): getCount
07-05 20:54:31.407 I/MyFragmentStateAdapter(11339): getCount
07-05 20:54:31.410 I/MyFragmentStateAdapter(11339): getCount
07-05 20:54:31.410 I/MyFragmentStateAdapter(11339): getCount
07-05 20:54:31.411 I/TabView (11339): onScroll:,firstItem=0,visibleCount=6,totalCount=10
07-05 20:54:31.411 I/FirstLineAdapter(11339): canShowTrailer,isOffline=false
07-05 20:54:31.411 I/FirstLineAdapter(11339): canShowTrailer,isOffline=false
07-05 20:54:31.411 I/FirstLineAdapter(11339): canShowTrailer,isOffline=false
07-05 20:54:31.411 I/FirstLineAdapter(11339): canShowTrailer,isOffline=false
07-05 20:54:31.411 I/FirstLineAdapter(11339): canShowTrailer,isOffline=false
07-05 20:54:31.412 I/FirstLineAdapter(11339): canShowTrailer,isOffline=false
07-05 20:54:31.412 I/FirstLineAdapter(11339): canShowTrailer,isOffline=false
07-05 20:54:31.413 D/Carousel-CarouselChannelItemView(11339): Listitem imageUrl:http://picture.edu.hismarttv.com/images/20170628102959016598.jpg
07-05 20:54:31.413 D/Carousel-Utils(11339): onResourceReady.
07-05 20:54:31.416 D/Carousel-CarouselChannelItemView(11339): Listitem imageUrl:http://picture.edu.hismarttv.com/images/20170628103002814396.jpg
07-05 20:54:31.416 D/Carousel-Utils(11339): onResourceReady.
07-05 20:54:31.417 D/Carousel-CarouselChannelItemView(11339): Listitem imageUrl:http://picture.edu.hismarttv.com/images/20170628103009181182.jpg
07-05 20:54:31.418 D/Carousel-Utils(11339): onResourceReady.
07-05 20:54:31.418 D/HttpHandler(11339): DNSHelper-->gslbDns=["123.103.91.123"]
07-05 20:54:31.418 D/Carousel-CarouselChannelItemView(11339): Listitem imageUrl:http://picture.edu.hismarttv.com/images/20170628102959016598.jpg
07-05 20:54:31.419 D/Carousel-Utils(11339): onResourceReady.
07-05 20:54:31.425 D/Carousel-CarouselChannelItemView(11339): Listitem imageUrl:http://picture.edu.hismarttv.com/images/20170628103002814396.jpg
07-05 20:54:31.426 D/Carousel-Utils(11339): onResourceReady.
07-05 20:54:31.427 D/Carousel-CarouselChannelItemView(11339): Listitem imageUrl:http://picture.edu.hismarttv.com/images/20170628103009181182.jpg
07-05 20:54:31.427 D/Carousel-Utils(11339): onResourceReady.
07-05 20:54:31.429 I/FirstLineAdapter(11339): canShowTrailer,isOffline=false
07-05 20:54:31.429 W/AudioCapabilities(11339): Unsupported mime audio/x-ape
07-05 20:54:31.429 I/FirstLineAdapter(11339): canShowTrailer,isOffline=false
07-05 20:54:31.432 W/AudioCapabilities(11339): Unsupported mime audio/ffmpeg
07-05 20:54:31.434 W/AudioCapabilities(11339): Unsupported mime audio/ac3
07-05 20:54:31.435 D/Carousel-CarouselView(11339): ============>onScrollChanged hashCode:72325311
07-05 20:54:31.436 W/AudioCapabilities(11339): Unsupported mime audio/mpeg-L2
07-05 20:54:31.443 I/MyFragmentStateAdapter(11339): getCount
07-05 20:54:31.461 I/HLSP2P  ( 3457): ## 2017-07-05 20:54:31.458 [3457,3628,:0] INFO ## [HLSP2P][TaskManager.cpp:855][INFO][UpdateGlobalInfo]totalDataSize: 0, totalMemorySize: 0, totalCacheSize: 0, curUploadSpeedKB: 0
07-05 20:54:31.475 D/OkHttp  (11339): --> POST http://api.edu.hismarttv.com/payment/api/get/experience/member?uuid=13287129&mac=a8:a6:48:18:fc:a8&devid=86100300900000500000060a4818fca8&version=00.002.003&subscriberId=13287129&customerId=7195320&model_id=0&APPPackage=com.hisense.hicloud.edca&PFAPPCode=652&APPVersionName=3.0.0.9.00&ChannelId=0&softwareVersion=LED50MU8600UC0000888&tv_distribute_id=00&devType=0&APIVersion=600&accessToken=72DF6038D2AEAB8A76DFBBBBCC428A4A_000055143357136 http/1.1
07-05 20:54:31.475 D/OkHttp  (11339): Content-Type: application/x-www-form-urlencoded
07-05 20:54:31.486 I/HLSP2P  ( 3457): ## 2017-07-05 20:54:31.459 [3457,3628,:0] INFO ## [HLSP2P][TaskManager.cpp:1325][INFO][TryAdjustMemorySize]system memory total size: 1912M, free size: 556MB, cache add to 30MB, AppState: 14
07-05 20:54:31.488 D/OkHttp  (11339): Content-Length: 512
07-05 20:54:31.488 D/OkHttp  (11339): Data_Type: JSON
07-05 20:54:31.489 D/OkHttp  (11339): RetryTime: 0
07-05 20:54:31.489 D/OkHttp  (11339): Backoffmutiplier: 0
07-05 20:54:31.489 D/OkHttp  (11339): Host: api.edu.hismarttv.com
07-05 20:54:31.489 D/OkHttp  (11339): Connection: Keep-Alive
07-05 20:54:31.489 D/OkHttp  (11339): Accept-Encoding: gzip
07-05 20:54:31.489 D/OkHttp  (11339): User-Agent: okhttp/3.6.0
07-05 20:54:31.489 D/OkHttp  (11339): --> END POST
07-05 20:54:31.501 D/TabFocusBorderView(11339): SLOVEN onAnimationCancel
07-05 20:54:31.501 D/TabFocusBorderView(11339): SLOVEN onAnimationEnd
07-05 20:54:31.501 D/TabView (11339): SLOVEN border top===>:296---407
07-05 20:54:31.512 I/VideoCapabilities(11339): Unsupported profile 4 for video/mp4v-es
07-05 20:54:31.525 D/Player/Lib/Utils/SysUtils(11339): [TID 11370] [Check dolby]  Codec name=OMX.MS.M4V.Decoder
07-05 20:54:31.525 D/Player/Lib/Utils/SysUtils(11339): [TID 11370] [Check dolby]  Supported type=video/mp4v-es
07-05 20:54:31.525 D/Player/Lib/Utils/SysUtils(11339): [TID 11370] [Check dolby]  Codec name=OMX.MS.H263.Decoder
07-05 20:54:31.525 D/Player/Lib/Utils/SysUtils(11339): [TID 11370] [Check dolby]  Supported type=video/3gpp
07-05 20:54:31.525 D/Player/Lib/Utils/SysUtils(11339): [TID 11370] [Check dolby]  Codec name=OMX.MS.AVC.Decoder
07-05 20:54:31.526 D/OkHttp  (11339): <-- 200 OK http://api.edu.hismarttv.com/payment/api/get/experience/member?uuid=13287129&mac=a8:a6:48:18:fc:a8&devid=86100300900000500000060a4818fca8&version=00.002.003&subscriberId=13287129&customerId=7195320&model_id=0&APPPackage=com.hisense.hicloud.edca&PFAPPCode=652&APPVersionName=3.0.0.9.00&ChannelId=0&softwareVersion=LED50MU8600UC0000888&tv_distribute_id=00&devType=0&APIVersion=600&accessToken=72DF6038D2AEAB8A76DFBBBBCC428A4A_000055143357136 (36ms)
07-05 20:54:31.526 D/Player/Lib/Utils/SysUtils(11339): [TID 11370] [Check dolby]  Supported type=video/avc
07-05 20:54:31.526 D/OkHttp  (11339): Server: nginx
07-05 20:54:31.526 D/OkHttp  (11339): Date: Wed, 05 Jul 2017 12:54:31 GMT
07-05 20:54:31.526 D/OkHttp  (11339): Content-Type: application/json
07-05 20:54:31.526 D/Player/Lib/Utils/SysUtils(11339): [TID 11370] [Check dolby]  Codec name=OMX.MS.HEVC.Decoder
07-05 20:54:31.526 D/OkHttp  (11339): Content-Length: 289
07-05 20:54:31.526 D/OkHttp  (11339): Connection: close
07-05 20:54:31.526 D/OkHttp  (11339): <-- END HTTP
07-05 20:54:31.526 D/Player/Lib/Utils/SysUtils(11339): [TID 11370] [Check dolby]  Supported type=video/hevc
07-05 20:54:31.526 D/Player/Lib/Utils/SysUtils(11339): [TID 11370] [Check H265] FOUND, current type = video/hevc
07-05 20:54:31.526 D/Player/Lib/Utils/SysUtils(11339): [TID 11370] [Check dolby]  Codec name=OMX.MS.MVC.Decoder
07-05 20:54:31.526 D/Player/Lib/Utils/SysUtils(11339): [TID 11370] [Check dolby]  Supported type=video/mvc
07-05 20:54:31.526 D/Player/Lib/Utils/SysUtils(11339): [TID 11370] [Check dolby]  Codec name=OMX.MS.MPEG2.Decoder
07-05 20:54:31.526 D/Player/Lib/Utils/SysUtils(11339): [TID 11370] [Check dolby]  Supported type=video/mpeg2
07-05 20:54:31.526 D/Player/Lib/Utils/SysUtils(11339): [TID 11370] [Check dolby]  Codec name=OMX.MS.VP8.Decoder
07-05 20:54:31.526 D/Player/Lib/Utils/SysUtils(11339): [TID 11370] [Check dolby]  Supported type=video/x-vnd.on2.vp8
07-05 20:54:31.526 D/Player/Lib/Utils/SysUtils(11339): [TID 11370] [Check dolby]  Codec name=OMX.MS.DIVX311.Decoder
07-05 20:54:31.526 D/HttpHandler(11339): RetryIntercepter-->retryNum=0
07-05 20:54:31.526 D/Player/Lib/Utils/SysUtils(11339): [TID 11370] [Check dolby]  Supported type=video/divx3
07-05 20:54:31.526 D/HttpHandler(11339): RetryIntercepter-->backoffmutiplier=0
07-05 20:54:31.526 D/Player/Lib/Utils/SysUtils(11339): [TID 11370] [Check dolby]  Codec name=OMX.MS.DIVX412.Decoder
07-05 20:54:31.526 D/Player/Lib/Utils/SysUtils(11339): [TID 11370] [Check dolby]  Supported type=video/divx4
07-05 20:54:31.526 D/Player/Lib/Utils/SysUtils(11339): [TID 11370] [Check dolby]  Codec name=OMX.MS.FLV.Decoder
07-05 20:54:31.526 D/Player/Lib/Utils/SysUtils(11339): [TID 11370] [Check dolby]  Supported type=video/flv
07-05 20:54:31.526 D/Player/Lib/Utils/SysUtils(11339): [TID 11370] [Check dolby]  Codec name=OMX.MS.VC1.Decoder
07-05 20:54:31.526 D/Player/Lib/Utils/SysUtils(11339): [TID 11370] [Check dolby]  Supported type=video/VC1
07-05 20:54:31.527 D/Player/Lib/Utils/SysUtils(11339): [TID 11370] [Check dolby]  Supported type=video/wvc1
07-05 20:54:31.527 D/Player/Lib/Utils/SysUtils(11339): [TID 11370] [Check dolby]  Codec name=OMX.MS.WMV3.Decoder
07-05 20:54:31.527 D/HttpHandler(11339): VerifySignInterCeptor-->dateType=1
07-05 20:54:31.527 D/Player/Lib/Utils/SysUtils(11339): [TID 11370] [Check dolby]  Supported type=video/wmv3
07-05 20:54:31.527 D/HttpHandler(11339): VerifySignInterCeptor-->HttpRequestManager.httpClietOption.getVerifyFlag()=1
07-05 20:54:31.527 D/Player/Lib/Utils/SysUtils(11339): [TID 11370] [Check dolby]  Codec name=OMX.MS.MJPG.Decoder
07-05 20:54:31.527 D/Player/Lib/Utils/SysUtils(11339): [TID 11370] [Check dolby]  Supported type=video/mjpeg
07-05 20:54:31.528 D/HttpHandler(11339): VerifySignInterCeptor-->content={"message": "\u6ca1\u6709\u67e5\u8be2\u5230id\u4e3a0\u7684\u5f39\u7a97\u4fe1\u606f", "success": false}
07-05 20:54:31.530 D/Player/Lib/Utils/SysUtils(11339): [TID 11370] [Check dolby]  Codec name=OMX.MS.AVS.Decoder
07-05 20:54:31.530 D/Player/Lib/Utils/SysUtils(11339): [TID 11370] [Check dolby]  Supported type=video/avs
07-05 20:54:31.530 D/Player/Lib/Utils/SysUtils(11339): [TID 11370] [Check dolby]  Codec name=OMX.MS.RV.Decoder
07-05 20:54:31.530 D/Player/Lib/Utils/SysUtils(11339): [TID 11370] [Check dolby]  Supported type=video/realvideo
07-05 20:54:31.530 D/Player/Lib/Utils/SysUtils(11339): [TID 11370] [Check dolby]  Codec name=OMX.google.aac.decoder
07-05 20:54:31.530 D/Player/Lib/Utils/SysUtils(11339): [TID 11370] [Check dolby]  Supported type=audio/mp4a-latm
07-05 20:54:31.530 D/Player/Lib/Utils/SysUtils(11339): [TID 11370] [Check dolby]  Codec name=OMX.google.mp3.decoder
07-05 20:54:31.530 D/Player/Lib/Utils/SysUtils(11339): [TID 11370] [Check dolby]  Supported type=audio/mpeg
07-05 20:54:31.530 D/Player/Lib/Utils/SysUtils(11339): [TID 11370] [Check dolby]  Codec name=OMX.MS.MP3.Decoder
07-05 20:54:31.530 D/Player/Lib/Utils/SysUtils(11339): [TID 11370] [Check dolby]  Supported type=audio/mpeg
07-05 20:54:31.530 D/Player/Lib/Utils/SysUtils(11339): [TID 11370] [Check dolby]  Supported type=audio/mpeg-L1
07-05 20:54:31.531 D/Player/Lib/Utils/SysUtils(11339): [TID 11370] [Check dolby]  Supported type=audio/mpeg-L2
07-05 20:54:31.531 D/Player/Lib/Utils/SysUtils(11339): [TID 11370] [Check dolby]  Codec name=OMX.MS.AAC.Decoder
07-05 20:54:31.531 D/Player/Lib/Utils/SysUtils(11339): [TID 11370] [Check dolby]  Supported type=audio/mp4a-latm
07-05 20:54:31.531 D/Player/Lib/Utils/SysUtils(11339): [TID 11370] [Check dolby]  Codec name=OMX.google.opus.decoder
07-05 20:54:31.531 D/Player/Lib/Utils/SysUtils(11339): [TID 11370] [Check dolby]  Supported type=audio/opus
07-05 20:54:31.531 D/Player/Lib/Utils/SysUtils(11339): [TID 11370] [Check dolby]  Codec name=OMX.google.vorbis.decoder
07-05 20:54:31.531 D/Player/Lib/Utils/SysUtils(11339): [TID 11370] [Check dolby]  Supported type=audio/vorbis
07-05 20:54:31.531 D/Player/Lib/Utils/SysUtils(11339): [TID 11370] [Check dolby]  Codec name=OMX.MS.VORBIS.Decoder
07-05 20:54:31.531 D/Player/Lib/Utils/SysUtils(11339): [TID 11370] [Check dolby]  Supported type=audio/vorbis
07-05 20:54:31.531 D/Player/Lib/Utils/SysUtils(11339): [TID 11370] [Check dolby]  Codec name=OMX.MS.ADPCM.Decoder
07-05 20:54:31.531 D/Player/Lib/Utils/SysUtils(11339): [TID 11370] [Check dolby]  Supported type=audio/adpcm
07-05 20:54:31.531 D/Player/Lib/Utils/SysUtils(11339): [TID 11370] [Check dolby]  Codec name=OMX.MS.LPCM.Decoder
07-05 20:54:31.531 D/Player/Lib/Utils/SysUtils(11339): [TID 11370] [Check dolby]  Supported type=audio/lpcm
07-05 20:54:31.531 D/Player/Lib/Utils/SysUtils(11339): [TID 11370] [Check dolby]  Codec name=OMX.MS.RA.Decoder
07-05 20:54:31.531 D/Player/Lib/Utils/SysUtils(11339): [TID 11370] [Check dolby]  Supported type=audio/cook
07-05 20:54:31.531 D/Player/Lib/Utils/SysUtils(11339): [TID 11370] [Check dolby]  Codec name=OMX.MS.WMA.Decoder
07-05 20:54:31.531 D/Player/Lib/Utils/SysUtils(11339): [TID 11370] [Check dolby]  Supported type=audio/x-ms-wma
07-05 20:54:31.531 D/Player/Lib/Utils/SysUtils(11339): [TID 11370] [Check dolby]  Codec name=OMX.MS.AC3.Decoder
07-05 20:54:31.531 D/Player/Lib/Utils/SysUtils(11339): [TID 11370] [Check dolby]  Supported type=audio/ac3
07-05 20:54:31.532 D/Player/Lib/Utils/SysUtils(11339): [TID 11370] [Check dolby] FOUND, current type = audio/ac3
07-05 20:54:31.532 W/AudioCapabilities(11339): Unsupported mime audio/ac3
07-05 20:54:31.532 D/Player/Lib/Utils/SysUtils(11339): [TID 11370] [Check dolby]  ProfileLevels size:0
07-05 20:54:31.532 D/Player/Lib/Utils/SysUtils(11339): [TID 11370] DEVICE_SUPPORT_DOLBY=true, DEVICE_SUPPORT_H265=true
07-05 20:54:31.547 D/HiNetworkImpl(11339): doHttp_Asyn(): onReqResponse isSuccessful = true, back from thread: main
07-05 20:54:31.547 I/HiNetworkImpl(11339): doHttp_Asyn(): onSuccess clazz = class com.hisense.sdk.domain.ResponseResult, back from thread: main
07-05 20:54:31.547 I/HomeMainActivity(11339): finishHttpTime : 8113119   224
07-05 20:54:31.553 D/WifiService( 1733): New client listening to asynchronous messages
07-05 20:54:31.554 D/til@system( 2026): til_get_system_param option:1000007 int:-1815633792, bool:128, ret:0
07-05 20:54:31.556 D/til@system( 2026): til_get_system_param option:1000009 int:-1815632896, bool:0, ret:0
07-05 20:54:31.557 D/til@system( 2026): til_get_system_param option:1000008 int:-1936525184, bool:128, ret:0
07-05 20:54:31.557 D/HiSDKLogReport(11339): getOperationDetail-productName : LED50MU8600UC
07-05 20:54:31.557 D/HiSDKLogReport(11339): getOperationDetail-plmNumber : 88888
07-05 20:54:31.557 D/HiSDKLogReport(11339): getOperationDetail-swVersion : V0000.00.01A
07-05 20:54:31.557 D/HiSDKLogReport(11339): getOperationDetail-operationDetail : LED50MU8600UC0000888
07-05 20:54:31.560 D/HiSDKLogReport(11339): processLogReport-log : {eventType=163, appKey=1182445233, APPVersionName=3.0.0.9.00, devid=86100300900000500000060a4818fca8, mac=a8:a6:48:18:fc:a8, uuid=13287129, accessToken=72DF6038D2AEAB8A76DFBBBBCC428A4A_000055143357136, APIversion=501, logversion=2.0, devType=0, APPPackage=com.hisense.hicloud.edca, eventPos=002, requesttime=1499259271557, customerId=7195320, value2=, eventMessage=HttpConnection, value1=224, model_id=0, ChannelId=0, version=00.002.003, tv_distribute_id=00, subscriberId=13287129, APIVersion=600, PFAPPCode=652, softwareVersion=LED50MU8600UC0000888}
07-05 20:54:31.562 I/HomeMainActivity.java(11339): VodLog-[onSuccess:1016]postExperienceVIP request fail.Error Message: id0
07-05 20:54:31.568 D/Player/Lib/Utils/SysUtils(11339): [TID 11370] isDeviceSupportDolby=true
07-05 20:54:31.568 D/Player/Lib/Utils/SysUtils(11339): [TID 11370] isDeviceSupportH265=true
07-05 20:54:31.570 W/System.err(11339): java.net.ConnectException: failed to connect to /10.18.210.112 (port 8900) after 6000ms: isConnected failed: ECONNREFUSED (Connection refused)
07-05 20:54:31.570 D/PlayerSdkUtils(11339): [TID 11370] static init: IS_DEVICE_CODEC_SUPPORT_DOLBY=true
07-05 20:54:31.570 W/System.err(11339): 	at libcore.io.IoBridge.isConnected(IoBridge.java:238)
07-05 20:54:31.570 D/PlayerSdkUtils(11339): [TID 11370] static init: IS_DEVICE_CODEC_SUPPORT_H265=true
07-05 20:54:31.570 W/System.err(11339): 	at libcore.io.IoBridge.connectErrno(IoBridge.java:171)
07-05 20:54:31.570 W/System.err(11339): 	at libcore.io.IoBridge.connect(IoBridge.java:122)
07-05 20:54:31.570 W/System.err(11339): 	at java.net.PlainSocketImpl.connect(PlainSocketImpl.java:183)
07-05 20:54:31.570 W/System.err(11339): 	at java.net.PlainSocketImpl.connect(PlainSocketImpl.java:456)
07-05 20:54:31.570 W/System.err(11339): 	at java.net.Socket.connect(Socket.java:882)
07-05 20:54:31.570 W/System.err(11339): 	at com.android.okhttp.internal.Platform.connectSocket(Platform.java:174)
07-05 20:54:31.570 W/System.err(11339): 	at com.android.okhttp.Connection.connect(Connection.java:152)
07-05 20:54:31.570 W/System.err(11339): 	at com.android.okhttp.internal.http.HttpEngine.connect(HttpEngine.java:276)
07-05 20:54:31.570 W/System.err(11339): 	at com.android.okhttp.internal.http.HttpEngine.sendRequest(HttpEngine.java:211)
07-05 20:54:31.570 W/System.err(11339): 	at com.android.okhttp.internal.http.HttpURLConnectionImpl.execute(HttpURLConnectionImpl.java:382)
07-05 20:54:31.570 W/System.err(11339): 	at com.android.okhttp.internal.http.HttpURLConnectionImpl.connect(HttpURLConnectionImpl.java:106)
07-05 20:54:31.571 W/System.err(11339): 	at com.hisense.hitv.hicloud.util.ExceptionReport.a(ExceptionReport.java:337)
07-05 20:54:31.571 W/System.err(11339): 	at com.hisense.hitv.hicloud.util.ExceptionReport.a(ExceptionReport.java:39)
07-05 20:54:31.571 W/System.err(11339): 	at com.hisense.hitv.hicloud.util.ExceptionReport$1.run(ExceptionReport.java:83)
07-05 20:54:31.571 W/System.err(11339): 	at java.lang.Thread.run(Thread.java:818)
07-05 20:54:31.571 W/System.err(11339): Caused by: android.system.ErrnoException: isConnected failed: ECONNREFUSED (Connection refused)
07-05 20:54:31.571 W/System.err(11339): 	at libcore.io.IoBridge.isConnected(IoBridge.java:223)
07-05 20:54:31.571 W/System.err(11339): 	... 15 more
07-05 20:54:31.580 D/PlayerSDK/data/FetchUuidJob(11339): [TID 11370] >>>fetchKeyInfo, sIsFetched=false
07-05 20:54:31.580 D/PlayerSDK/data/FetchUuidJob(11339): [TID 11370] fetchKeyInfo: deviceInfo=vidaa3
07-05 20:54:31.582 I/System.out(11339): D/(load-playerplugin, syncCall): cpu: 4
07-05 20:54:31.593 I/System.out(11339): <TVAPI> DEBUG(isUpdateData): isUpdateData=manInfo-true
07-05 20:54:31.594 I/System.out(11339): <TVAPI> DEBUG(TVApiProperty): read passport-device-id=null
07-05 20:54:31.596 I/System.out(11339): <TVAPI> DEBUG(TVApiProperty): passport-device-id-system=tv_69b1ef544cadbb86e8f28950ece1c76a_1167652938875
07-05 20:54:31.596 I/System.out(11339): <TVAPI> DEBUG(id=1, manInfo): url = http://data2.itv.ptqy.gitv.tv/itv/manInfo/vidaa3?s=0
07-05 20:54:31.596 I/System.out(11339): <TVAPI> DEBUG(id=1, manInfo): header = qyid:tv_69b1ef544cadbb86e8f28950ece1c76a_1167652938875
07-05 20:54:31.596 I/System.out(11339): <TVAPI> DEBUG(id=1, manInfo): header = ov:5.1.1
07-05 20:54:31.596 I/System.out(11339): <TVAPI> DEBUG(id=1, manInfo): header = apkVer:
07-05 20:54:31.596 I/System.out(11339): <TVAPI> DEBUG(id=1, manInfo): header = apiKey:APIKEY
07-05 20:54:31.683 I/RoleContentFragment(11339): onResourceReadycom.bumptech.glide.load.resource.bitmap.GlideBitmapDrawable@10dbab1a
07-05 20:54:31.697 I/System.out(11339): <TVAPI> DEBUG(id=1, manInfo, response_time = 78ms): data = {"code":"N000000","json":{},"uuid":"MjAxNTEyMjgxNjU2MTk1NzJNa0NISmZXYjExMjA5"}
07-05 20:54:31.698 D/PlayerSDK/data/FetchUuidJob(11339): [TID 11370] mManInfoCallback onSuccess: maininfo=com.qiyi.tvapi.tv2.result.ApiResultManInfo@1d795ee6
07-05 20:54:31.698 D/PlayerSDK/data/FetchUuidJob(11339): [TID 11370] mManInfoCallback result: u=MjAxNTEyMjgxNjU2MTk1NzJNa0NISmZXYjExMjA5, json={}
07-05 20:54:31.698 D/PlayerSDK/data/FetchUuidJob(11339): [TID 11370] mManInfoCallback result: eU=MjAxNTEyMjgxNjU2MTk1NzJNa0NISmZXYjExMjA5
07-05 20:54:31.698 D/PlayerSDK/data/FetchUuidJob(11339): [TID 11370] mManInfoCallback: fectch id success, use it.
07-05 20:54:31.698 D/PlayerSDK/data/FetchUuidJob(11339): [TID 11370] mManInfoCallback result: parterId=null
07-05 20:54:31.698 D/PlayerSDK/data/FetchUuidJob@39c0b29(11339): [TID 11370] notifyJobSuccess() Job[PlayerSDK/data/FetchUuidJob@39c0b29](mState=0, mData=Object326872103, mError=null)
07-05 20:54:31.698 D/PlayerSDK/data/FetchUuidJob(11339): [TID 11370] <<<fetchKeyInfo
07-05 20:54:31.698 D/PlayerSDK/data/FetchUuidJob@39c0b29(11339): [TID 11370] notifyJobSuccess() Job[PlayerSDK/data/FetchUuidJob@39c0b29](mState=2, mData=Object326872103, mError=null)
07-05 20:54:31.699 D/PlayerSdk/PlayerSdkProject(11339): [TID 11370] createRegisterKeyForTvapi(context=com.hisense.hicloud.edca.BaseApplication@2adbac5c)
07-05 20:54:31.700 D/Player/Lib/Utils/SysUtils(11339): [TID 11370] getMacAddr() returnsa8:a6:48:18:fc:a8
07-05 20:54:31.700 I/System.out(11339): <TVAPI> ERROR(Check MacAddress): mac address is 
07-05 20:54:31.701 D/PlayerSdk/PlayerSdkProject(11339): [TID 11370] initTVApi platformType:HAIXIN, defaultUserId:tv_69b1ef544cadbb86e8f28950ece1c76a, domainName:ptqy.gitv.tv
07-05 20:54:31.702 D/PlayerSdk/PlayerSdkProject(11339): [TID 11370] << beginInitialize: consume 477 ms
07-05 20:54:31.702 D/Player/PluginProvider@1c8a88bb(11339): [TID 11370] << setupSdkFeature: mSdkFeature=com.qiyi.video.plugin.j@7465ed4
07-05 20:54:31.702 W/PluginProviderBuilder(11339): createPluginProviderInstance() return com.qiyi.video.plugin.PluginProvider@1c8a88bb
07-05 20:54:31.702 W/PluginDebugUtils(11339): needThrowable<<(key=lastFailed)
07-05 20:54:31.702 W/PluginDebugUtils(11339): needThrowable() returns false
07-05 20:54:31.702 W/PluginHelper(11339): loadProvider>>() return com.qiyi.video.plugin.PluginProvider@1c8a88bb
07-05 20:54:31.702 W/StorageManager(11339): savePluginInfo<<(info=PluginInfo(id=pluginplayer, versionName=1.64.0.59984, className=com.qiyi.video.plugin.PluginProvider, path=/data/data/com.hisense.hicloud.edca/files/plugin/2.1.0.59986/pluginplayer/1.64.0.59984/pluginplayer-release-1.64.0.59984.apk, libFolder=/data/data/com.hisense.hicloud.edca/files/plugin/2.1.0.59986/pluginplayer/1.64.0.59984/pluginplayer-release-1.64.0.59984-libs, containSo=true, soFileCount=18, errorCount=0, lastLoadSuccess=true))
07-05 20:54:31.702 W/StorageManager(11339): isMultiProcessPlugin<<()  pluginplayer
07-05 20:54:31.702 W/StorageManager(11339): isMultiProcessPlugin>>() return false
07-05 20:54:31.703 W/StorageStub@193d3924(11339): loadPluginInfos<<(pluginId=pluginplayer, needRemoveDumy=false)
07-05 20:54:31.703 W/PluginInfo(11339): getListFromJson<<(json=null)
07-05 20:54:31.703 W/StorageStub@193d3924(11339): loadPluginInfos>>() return null
07-05 20:54:31.703 W/StorageManager(11339): findPluginInfo<<(list=[], version=1.64.0.59984)
07-05 20:54:31.704 W/StorageManager(11339): findPluginInfo>>() return null
07-05 20:54:31.704 W/StorageStub@193d3924(11339): savePluginInfos<<(pluginId=pluginplayer, list=[PluginInfo(id=pluginplayer, versionName=1.64.0.59984, className=com.qiyi.video.plugin.PluginProvider, path=/data/data/com.hisense.hicloud.edca/files/plugin/2.1.0.59986/pluginplayer/1.64.0.59984/pluginplayer-release-1.64.0.59984.apk, libFolder=/data/data/com.hisense.hicloud.edca/files/plugin/2.1.0.59986/pluginplayer/1.64.0.59984/pluginplayer-release-1.64.0.59984-libs, containSo=true, soFileCount=18, errorCount=0, lastLoadSuccess=true)])
07-05 20:54:31.704 W/PluginInfo(11339): getJsonFromList<<(list=[PluginInfo(id=pluginplayer, versionName=1.64.0.59984, className=com.qiyi.video.plugin.PluginProvider, path=/data/data/com.hisense.hicloud.edca/files/plugin/2.1.0.59986/pluginplayer/1.64.0.59984/pluginplayer-release-1.64.0.59984.apk, libFolder=/data/data/com.hisense.hicloud.edca/files/plugin/2.1.0.59986/pluginplayer/1.64.0.59984/pluginplayer-release-1.64.0.59984-libs, containSo=true, soFileCount=18, errorCount=0, lastLoadSuccess=true)])
07-05 20:54:31.704 W/PluginInfo(11339): toJson>>() return {"plugin_id":"pluginplayer","plugin_versionname":"1.64.0.59984","plugin_class_name":"com.qiyi.video.plugin.PluginProvider","plugin_path":"\/data\/data\/com.hisense.hicloud.edca\/files\/plugin\/2.1.0.59986\/pluginplayer\/1.64.0.59984\/pluginplayer-release-1.64.0.59984.apk","plugin_lib_folder":"\/data\/data\/com.hisense.hicloud.edca\/files\/plugin\/2.1.0.59986\/pluginplayer\/1.64.0.59984\/pluginplayer-release-1.64.0.59984-libs","contain_so":true,"so_count":18,"load_error_count":0,"load_success":true}
07-05 20:54:31.704 W/PluginInfo(11339): getJsonFromList>>() return [{"plugin_id":"pluginplayer","plugin_versionname":"1.64.0.59984","plugin_class_name":"com.qiyi.video.plugin.PluginProvider","plugin_path":"\/data\/data\/com.hisense.hicloud.edca\/files\/plugin\/2.1.0.59986\/pluginplayer\/1.64.0.59984\/pluginplayer-release-1.64.0.59984.apk","plugin_lib_folder":"\/data\/data\/com.hisense.hicloud.edca\/files\/plugin\/2.1.0.59986\/pluginplayer\/1.64.0.59984\/pluginplayer-release-1.64.0.59984-libs","contain_so":true,"so_count":18,"load_error_count":0,"load_success":true}]
07-05 20:54:31.707 W/StorageStub@193d3924(11339): savePluginInfos>>()
07-05 20:54:31.707 W/StorageManager(11339): savePluginInfo>>()
07-05 20:54:31.707 W/PluginHelper(11339): loadAssetsProvider>>() return com.qiyi.video.plugin.PluginProvider@1c8a88bb
07-05 20:54:31.707 W/PluginHelper(11339): addProviders<<(provider=com.qiyi.video.plugin.PluginProvider@1c8a88bb)
07-05 20:54:31.707 W/PluginHelper(11339): addProviders>>()
07-05 20:54:31.708 W/PluginHelper(11339): handleMessage<<(msg={ when=0 what=1 target=com.qiyi.sdk.plugin.server.core.PluginHelper$TimerHandler })
07-05 20:54:31.708 W/StorageManager(11339): loadLastUpgradeTime<<()
07-05 20:54:31.708 W/StorageStub@193d3924(11339): loadLastUpgradeTime<<()
07-05 20:54:31.708 W/StorageStub@193d3924(11339): loadLastUpgradeTime>>() return 0
07-05 20:54:31.708 W/StorageManager(11339): loadLastUpgradeTime>>()
07-05 20:54:31.709 D/DtvSourcePlugin-DVBC( 2628): Setting the EPG Updater state to: WAIT
07-05 20:54:31.709 W/PluginDebugUtils(11339): needDebug<<(key=upgradeIntervalDebug)
07-05 20:54:31.709 W/PluginDebugUtils(11339): needDebug() returns false
07-05 20:54:31.709 W/PluginPropertyConfig(11339): getUpgradeInterval() return 86400000
07-05 20:54:31.709 W/PluginPropertyConfig(11339): autoUpgrade() return true
07-05 20:54:31.709 W/PluginHelper(11339): handleMessage...(realInterval=1499259271708, minInterval=86400000, autoUpgrade=true)
07-05 20:54:31.709 W/PluginHelper(11339): allProvidersCanBeUpgrade<<()
07-05 20:54:31.709 W/PluginHelper(11339): getProvider<<(pluginId=pluginplayer)
07-05 20:54:31.709 W/PluginHelper(11339): getProvider>>() return com.qiyi.video.plugin.PluginProvider@1c8a88bb
07-05 20:54:31.709 W/PluginHelper(11339): allProvidersCanBeUpgrade...() provider=com.qiyi.video.plugin.PluginProvider@1c8a88bb, canBeUpgrade=true
07-05 20:54:31.709 W/PluginHelper(11339): allProvidersCanBeUpgrade>>() return true
07-05 20:54:31.709 W/PluginHelper(11339): checkAllUpgrade<<()
07-05 20:54:31.709 W/PluginHelper(11339): getProvidersVersionInfo<<()
07-05 20:54:31.709 W/PluginHelper(11339): getProvider<<(pluginId=pluginplayer)
