--------- beginning of system
07-06 00:21:32.500 W/ContextImpl( 1733): Calling a method in the system process without a qualified user: android.app.ContextImpl.sendBroadcast:1327 com.android.server.usage.UsageStatsService.insertUsageStats:1104 com.android.server.usage.UsageStatsService$PkgUsageStatsExtended.updatePause:979 com.android.server.usage.UsageStatsService$LocalService.notePauseComponent:808 com.android.server.am.ActivityManagerService.updateUsageStats:3173 
07-06 00:21:32.501 D/UsageStatsService( 1733): User[0] Got usage event for com.hisense.hicloud.edca[1499271692500]: MOVE_TO_BACKGROUND
07-06 00:21:32.501 D/PowerManagerService( 1733): acquireWakeLockInternal: lock=681732318, flags=0x1, tag="ActivityManager-Launch", ws=null, uid=1000, pid=1733
07-06 00:21:32.501 D/PowerManagerNotifier( 1733): onWakeLockAcquired: flags=1, tag="ActivityManager-Launch", packageName=android, ownerUid=1000, ownerPid=1733, workSource=null
07-06 00:21:53.045 I/NetflixMonitorService( 1733): Netflix status unchanged
07-06 00:21:54.045 I/NetflixMonitorService( 1733): current fgapk : com.jamdeo.launcher
07-06 00:21:54.045 I/NetflixMonitorService( 1733): Netflix status unchanged
07-06 00:21:55.046 I/NetflixMonitorService( 1733): current fgapk : com.jamdeo.launcher
07-06 00:21:55.046 I/NetflixMonitorService( 1733): Netflix status unchanged
07-06 00:21:56.047 I/NetflixMonitorService( 1733): current fgapk : com.jamdeo.launcher
07-06 00:21:56.047 I/NetflixMonitorService( 1733): Netflix status unchanged
07-06 00:21:57.047 I/NetflixMonitorService( 1733): current fgapk : com.jamdeo.launcher
07-06 00:21:57.047 I/NetflixMonitorService( 1733): Netflix status unchanged
07-06 00:21:57.205 V/HotPlugDetectionAction( 1733): Poll all devices.
07-06 00:21:57.319 I/UsageStatsService( 1733): User[0] Flushing usage stats to disk
07-06 00:21:57.627 E/HDMI_CEC( 1733): Send Message TO[5] 
07-06 00:21:57.627 E/HDMI_CEC( 1733): OP[0], <Feature Abort> 
07-06 00:21:57.627 E/HDMI_CEC( 1733): ========
07-06 00:21:57.697 E/HDMI_CEC( 1733): MI_CEC_SendTxPolling, ErrCode[4] 
07-06 00:21:57.731 E/HDMI_CEC( 1733): Sending message can't be response. 
07-06 00:21:58.048 I/NetflixMonitorService( 1733): current fgapk : com.jamdeo.launcher
07-06 00:21:58.048 I/NetflixMonitorService( 1733): Netflix status unchanged
07-06 00:21:58.673 D/HDMI    ( 1733): [P]:AllocatedAddress=[]
07-06 00:21:59.048 I/NetflixMonitorService( 1733): current fgapk : com.jamdeo.launcher
07-06 00:21:59.048 I/NetflixMonitorService( 1733): Netflix status unchanged
07-06 00:22:00.001 D/PowerManagerService( 1733): acquireWakeLockInternal: lock=1013057410, flags=0x40000001, tag="*alarm*", ws=WorkSource{1000}, uid=1000, pid=1733
07-06 00:22:00.001 D/PowerManagerNotifier( 1733): onWakeLockAcquired: flags=1073741825, tag="*alarm*", packageName=android, ownerUid=1000, ownerPid=1733, workSource=WorkSource{1000}
07-06 00:22:00.016 D/PowerManagerService( 1733): releaseWakeLockInternal: lock=1013057410 [*alarm*], flags=0x0
07-06 00:22:00.016 D/PowerManagerNotifier( 1733): onWakeLockReleased: flags=1073741825, tag="*alarm*", packageName=android, ownerUid=1000, ownerPid=1733, workSource=WorkSource{1000}
07-06 00:22:00.049 I/NetflixMonitorService( 1733): current fgapk : com.jamdeo.launcher
07-06 00:22:00.049 I/NetflixMonitorService( 1733): Netflix status unchanged
07-06 00:22:01.050 I/NetflixMonitorService( 1733): current fgapk : com.jamdeo.launcher
07-06 00:22:01.050 I/NetflixMonitorService( 1733): Netflix status unchanged
07-06 00:22:02.050 I/NetflixMonitorService( 1733): current fgapk : com.jamdeo.launcher
07-06 00:22:02.051 I/NetflixMonitorService( 1733): Netflix status unchanged
07-06 00:22:03.051 I/NetflixMonitorService( 1733): current fgapk : com.jamdeo.launcher
07-06 00:22:03.051 I/NetflixMonitorService( 1733): Netflix status unchanged
07-06 00:22:03.899 D/DefContainer( 8976): Copying /data/local/tmp/unlock_apk-debug.apk to base.apk
07-06 00:22:03.942 D/PackageManager( 1733): Renaming /data/app/vmdl1056307691.tmp to /data/app/io.appium.unlock-2
07-06 00:22:03.944 W/PackageManager( 1733): Attempt to re-install io.appium.unlock without first uninstalling.
07-06 00:22:04.052 I/NetflixMonitorService( 1733): current fgapk : com.jamdeo.launcher
07-06 00:22:04.052 I/NetflixMonitorService( 1733): Netflix status unchanged
07-06 00:22:05.053 I/NetflixMonitorService( 1733): current fgapk : com.jamdeo.launcher
07-06 00:22:05.055 I/NetflixMonitorService( 1733): Netflix status unchanged
07-06 00:22:06.056 I/NetflixMonitorService( 1733): current fgapk : com.jamdeo.launcher
07-06 00:22:06.056 I/NetflixMonitorService( 1733): Netflix status unchanged
07-06 00:22:07.057 I/NetflixMonitorService( 1733): current fgapk : com.jamdeo.launcher
07-06 00:22:07.057 I/NetflixMonitorService( 1733): Netflix status unchanged
07-06 00:22:07.383 I/ActivityManager( 1733): Force stopping com.hisense.hicloud.edca appid=10010 user=0: from pid 29237
07-06 00:22:08.057 I/NetflixMonitorService( 1733): current fgapk : com.jamdeo.launcher
07-06 00:22:08.057 I/NetflixMonitorService( 1733): Netflix status unchanged
07-06 00:22:08.445 I/ActivityManager( 1733): Force stopping com.hisense.hicloud.edca appid=10010 user=0: clear data
07-06 00:22:08.467 D/TaskPersister( 1733): removeObsoleteFile: deleting file=5492_task.xml
07-06 00:22:09.058 I/NetflixMonitorService( 1733): current fgapk : com.jamdeo.launcher
07-06 00:22:09.058 I/NetflixMonitorService( 1733): Netflix status unchanged
07-06 00:22:10.059 I/NetflixMonitorService( 1733): current fgapk : com.jamdeo.launcher
07-06 00:22:10.059 I/NetflixMonitorService( 1733): Netflix status unchanged
07-06 00:22:11.059 I/NetflixMonitorService( 1733): current fgapk : com.jamdeo.launcher
07-06 00:22:11.059 I/NetflixMonitorService( 1733): Netflix status unchanged
07-06 00:22:11.117 I/ActivityManager( 1733): Force stopping com.hisense.hicloud.edca appid=10010 user=0: from pid 29290
07-06 00:22:11.381 D/TileTransitionManager( 1733): getActivityContainer not enter cts mode
07-06 00:22:11.383 D/TileTransitionManager( 1733): getActivityContainer, screen shot current tile:DummyApp, minLayer:21045, maxLayer:21050
07-06 00:22:11.467 D/TileTransitionManager( 1733): getActivityContainer, find existing stack, stackId:262, topComponent:ComponentInfo{com.jamdeo.launcher/com.jamdeo.launcher.app.BaseTileActivity}
07-06 00:22:11.467 D/ActivityStackUtils( 1733): deleteStack - stackId: 262
07-06 00:22:11.489 I/TileTransitionManager( 1733): deleteActivityStack stackId:262
07-06 00:22:11.489 D/TileTransitionManager( 1733): getActivityContainer, remove stackId: 262
07-06 00:22:11.489 D/ActivityStackUtils( 1733): startActivityOnNewStack - intent: null
07-06 00:22:11.535 E/WindowState( 1733): getStack: Window{2fd6aa85 u0 com.jamdeo.launcher/com.jamdeo.launcher.app.BaseTileActivity} couldn't find taskId=5491 Callers=com.android.server.wm.WindowManagerService.assignLayersLocked:8873 com.android.server.wm.WindowManagerService.moveStackWindowsLocked:5212 com.android.server.wm.WindowManagerService.attachStack:5294 com.android.server.am.ActivityStackSupervisor$ActivityContainer.attachToDisplayLocked:3846 
07-06 00:22:11.536 E/WindowState( 1733): getStack: Window{2fd6aa85 u0 com.jamdeo.launcher/com.jamdeo.launcher.app.BaseTileActivity} couldn't find taskId=5491 Callers=com.android.server.wm.WindowManagerService.performLayoutAndPlaceSurfacesLockedInner:9918 com.android.server.wm.WindowManagerService.performLayoutAndPlaceSurfacesLockedLoop:8957 com.android.server.wm.WindowManagerService.performLayoutAndPlaceSurfacesLocked:8899 com.android.server.wm.WindowManagerService.moveStackWindowsLocked:5216 
07-06 00:22:11.537 E/WindowState( 1733): getStack: Window{2fd6aa85 u0 com.jamdeo.launcher/com.jamdeo.launcher.app.BaseTileActivity} couldn't find taskId=5491 Callers=com.android.server.wm.WindowState.getDisplayContent:819 com.android.server.wm.WindowState.getDisplayId:824 com.android.server.wm.InputMonitor.updateInputWindowsLw:294 com.android.server.wm.WindowManagerService.performLayoutAndPlaceSurfacesLockedInner:10257 
07-06 00:22:11.538 E/WindowState( 1733): getStack: Window{2fd6aa85 u0 com.jamdeo.launcher/com.jamdeo.launcher.app.BaseTileActivity} couldn't find taskId=5491 Callers=com.android.server.wm.WindowState.getStackBounds:849 com.android.server.wm.InputMonitor.addInputWindowHandleLw:180 com.android.server.wm.InputMonitor.updateInputWindowsLw:313 com.android.server.wm.WindowManagerService.performLayoutAndPlaceSurfacesLockedInner:10257 
07-06 00:22:11.539 D/PowerManagerService( 1733): setScreenBrightnessOverrideFromWindowManagerInternal done
07-06 00:22:11.540 E/WindowState( 1733): getStack: Window{2fd6aa85 u0 com.jamdeo.launcher/com.jamdeo.launcher.app.BaseTileActivity} couldn't find taskId=5491 Callers=com.android.server.wm.DisplayContent.setTouchExcludeRegion:239 com.android.server.wm.WindowManagerService.setFocusedStackFrame:4124 com.android.server.wm.WindowManagerService.performLayoutAndPlaceSurfacesLockedInner:10333 com.android.server.wm.WindowManagerService.performLayoutAndPlaceSurfacesLockedLoop:8957 
07-06 00:22:11.546 E/WindowState( 1733): getStack: Window{2fd6aa85 u0 com.jamdeo.launcher/com.jamdeo.launcher.app.BaseTileActivity} couldn't find taskId=5491 Callers=com.android.server.wm.WindowState.getDisplayContent:819 com.android.server.wm.WindowState.getWindowList:1397 com.android.server.wm.WindowManagerService.removeWindowInnerLocked:2895 com.android.server.wm.WindowManagerService.removeWindowLocked:2796 
07-06 00:22:11.546 E/WindowState( 1733): getStack: Window{2fd6aa85 u0 com.jamdeo.launcher/com.jamdeo.launcher.app.BaseTileActivity} couldn't find taskId=5491 Callers=com.android.server.wm.WindowState.getDisplayContent:819 com.android.server.wm.WindowManagerService.removeWindowInnerLocked:2900 com.android.server.wm.WindowManagerService.removeWindowLocked:2796 com.android.server.wm.WindowManagerService.removeWindow:2718 
07-06 00:22:11.546 I/ActivityStackUtils( 1733): New stack created with id = 263
07-06 00:22:11.546 D/ActivityStackUtils( 1733): startActivityOnStack - intent: Intent { act=com.jamdeo.launcher.BASE_TILE flg=0x100 (has extras) }, on stackId: 263
07-06 00:22:11.547 I/ActivityManager( 1733): START u0 {act=com.jamdeo.launcher.BASE_TILE flg=0x18010000 cmp=com.jamdeo.launcher/.app.BaseTileActivity (has extras)} from uid 1000 on display 0
07-06 00:22:11.548 D/PowerManagerService( 1733): setScreenBrightnessOverrideFromWindowManagerInternal done
07-06 00:22:11.552 V/WindowManager( 1733): addAppToken: AppWindowToken{1e97cd68 token=Token{812288b ActivityRecord{1d4c3e5a u0 com.jamdeo.launcher/.app.BaseTileActivity t5493}}} to stack=263 task=5493 at 0
07-06 00:22:11.584 V/WindowManager( 1733): Adding window Window{3003c8bd u0 Starting com.jamdeo.launcher} at 10 of 18 (after Window{362f6d7f u0 GlobalPanel})
07-06 00:22:11.586 I/UsageStatsService( 1733): paused component:com.jamdeo.launcher
07-06 00:22:11.586 V/UsageStatsService( 1733): Paused: 20573158   Component: com.jamdeo.launcher/com.jamdeo.launcher.app.BaseTileActivity   Time: 1499271731586 LastSessionTime: 20967 CumulativeSessionTime: 6772365
07-06 00:22:11.586 D/UsageStatsService( 1733): UsageStats: broadcasting intent
07-06 00:22:11.588 D/UsageStatsService( 1733): User[0] Got usage event for com.jamdeo.launcher[1499271731586]: MOVE_TO_BACKGROUND
07-06 00:22:11.589 W/ContextImpl( 1733): Calling a method in the system process without a qualified user: android.app.ContextImpl.sendBroadcast:1327 com.android.server.usage.UsageStatsService.insertUsageStats:1104 com.android.server.usage.UsageStatsService$PkgUsageStatsExtended.updatePause:979 com.android.server.usage.UsageStatsService$LocalService.notePauseComponent:808 com.android.server.am.ActivityManagerService.updateUsageStats:3173 
07-06 00:22:11.593 D/PowerManagerService( 1733): acquireWakeLockInternal: lock=681732318, flags=0x1, tag="ActivityManager-Launch", ws=null, uid=1000, pid=1733
07-06 00:22:11.593 D/PowerManagerNotifier( 1733): onWakeLockAcquired: flags=1, tag="ActivityManager-Launch", packageName=android, ownerUid=1000, ownerPid=1733, workSource=null
07-06 00:22:11.606 D/PowerManagerService( 1733): setScreenBrightnessOverrideFromWindowManagerInternal done
07-06 00:22:11.610 D/PowerManagerService( 1733): setScreenBrightnessOverrideFromWindowManagerInternal done
07-06 00:22:11.614 D/ActivityStackUtils( 1733): moveStack - stackId: 263, toFront: true
07-06 00:22:11.616 D/PowerManagerService( 1733): setScreenBrightnessOverrideFromWindowManagerInternal done
07-06 00:22:11.619 D/TileTransitionManager( 1733): getActivityContainer, create an empty stack: 263for: com.hisense.hicloud.edca
07-06 00:22:11.620 I/ActivityManager( 1733): TR15) TaskRecord{11a933b9 #5493 A=com.jamdeo.launcher U=0 sz=1}
07-06 00:22:11.620 I/ActivityManager( 1733): TR14) TaskRecord{5533968 #4974 A=com.jamdeo.tv.vod U=0 sz=3}
07-06 00:22:11.627 I/UsageStatsService( 1733): resumed component name is ComponentInfo{com.jamdeo.launcher/com.jamdeo.launcher.app.BaseTileActivity}
07-06 00:22:11.627 I/UsageStatsService( 1733): started component:com.jamdeo.launcher
07-06 00:22:11.628 D/UsageStatsService( 1733): User[0] Got usage event for com.jamdeo.launcher[1499271731627]: MOVE_TO_FOREGROUND
07-06 00:22:11.628 V/UsageStatsService( 1733): Resumed: 20573199   Component: com.jamdeo.launcher/com.jamdeo.launcher.app.BaseTileActivity   Time: 1499271731628 VersionCode: 100010000   LastUpdateTime: 1167653135000
07-06 00:22:11.628 D/UsageStatsService( 1733): UsageStats: broadcasting intent
07-06 00:22:11.629 W/ContextImpl( 1733): Calling a method in the system process without a qualified user: android.app.ContextImpl.sendBroadcast:1327 com.android.server.usage.UsageStatsService.insertUsageStats:1104 com.android.server.usage.UsageStatsService$PkgUsageStatsExtended.updateResume:962 com.android.server.usage.UsageStatsService$LocalService.noteResumeComponent:759 com.android.server.am.ActivityManagerService.updateUsageStats:3164 
07-06 00:22:11.637 D/PowerManagerService( 1733): setScreenBrightnessOverrideFromWindowManagerInternal done
07-06 00:22:11.645 D/TileTransitionManager( 1733): getActivityContainer notify the top tile app changed.
07-06 00:22:11.647 D/TileTransitionManager( 1733): preProcess tasks with top removed:false
07-06 00:22:11.648 D/ActivityStackUtils( 1733): getActivityContainer - on stackId: 263
07-06 00:22:11.649 D/JamdeoActivityStackSupervisor( 1733): get currentSiloName
07-06 00:22:11.650 I/ActivityManager( 1733): START u0 {act=android.intent.action.MAIN cat=[android.intent.category.LAUNCHER] flg=0x10200000 cmp=com.hisense.hicloud.edca/.activity.EntryActivity} from uid 2000 on display 0
07-06 00:22:11.655 D/PowerManagerService( 1733): setScreenBrightnessOverrideFromWindowManagerInternal done
07-06 00:22:11.657 V/WindowManager( 1733): addAppToken: AppWindowToken{27a05275 token=Token{26f695ac ActivityRecord{871975f u0 com.hisense.hicloud.edca/.activity.EntryActivity t5494}}} to stack=263 task=5494 at 0
07-06 00:22:11.958 I/WindowManager( 1733): Screenshot max retries 4 of Token{812288b ActivityRecord{1d4c3e5a u0 com.jamdeo.launcher/.app.BaseTileActivity t5493}} appWin=Window{3003c8bd u0 Starting com.jamdeo.launcher} drawState=2
07-06 00:22:11.959 I/UsageStatsService( 1733): paused component:com.jamdeo.launcher
07-06 00:22:11.959 V/UsageStatsService( 1733): Paused: 20573530   Component: com.jamdeo.launcher/com.jamdeo.launcher.app.BaseTileActivity   Time: 1499271731959 LastSessionTime: 331 CumulativeSessionTime: 6772696
07-06 00:22:11.959 D/UsageStatsService( 1733): UsageStats: broadcasting intent
07-06 00:22:11.959 D/UsageStatsService( 1733): User[0] Got usage event for com.jamdeo.launcher[1499271731959]: MOVE_TO_BACKGROUND
07-06 00:22:11.959 W/ContextImpl( 1733): Calling a method in the system process without a qualified user: android.app.ContextImpl.sendBroadcast:1327 com.android.server.usage.UsageStatsService.insertUsageStats:1104 com.android.server.usage.UsageStatsService$PkgUsageStatsExtended.updatePause:979 com.android.server.usage.UsageStatsService$LocalService.notePauseComponent:808 com.android.server.am.ActivityManagerService.updateUsageStats:3173 
07-06 00:22:11.960 D/PowerManagerService( 1733): acquireWakeLockInternal: lock=681732318, flags=0x1, tag="ActivityManager-Launch", ws=null, uid=1000, pid=1733
07-06 00:22:12.007 D/TvInputManagerService( 1733): call enableMotionEventNotifier:false
07-06 00:22:12.009 V/WindowManager( 1733): Adding window Window{14a11357 u0 com.jamdeo.launcher/com.jamdeo.launcher.app.BaseTileActivity} at 10 of 19 (before Window{3003c8bd u0 Starting com.jamdeo.launcher})
07-06 00:22:12.010 D/PowerManagerService( 1733): wakeUp: eventTime=20573582
07-06 00:22:12.010 D/PowerManagerService( 1733): wakeUpInternal: eventTime=20573582, uid=1000
07-06 00:22:12.010 D/PowerManagerService( 1733): wakeUpNoUpdateLocked: eventTime=20573582, uid=1000
07-06 00:22:12.019 D/TvInputManagerService( 1733): call enableMotionEventNotifier:false
07-06 00:22:12.026 D/PowerManagerService( 1733): wakeUp: eventTime=20573598
07-06 00:22:12.026 D/PowerManagerService( 1733): wakeUpInternal: eventTime=20573598, uid=1000
07-06 00:22:12.026 D/PowerManagerService( 1733): wakeUpNoUpdateLocked: eventTime=20573598, uid=1000
07-06 00:22:12.044 D/PowerManagerService( 1733): setScreenBrightnessOverrideFromWindowManagerInternal done
07-06 00:22:12.046 D/TvInputManagerService( 1733): call enableMotionEventNotifier:false
07-06 00:22:12.054 D/TvInputManagerService( 1733): call enableMotionEventNotifier:false
07-06 00:22:12.059 D/PowerManagerService( 1733): wakeUp: eventTime=20573630
07-06 00:22:12.059 D/PowerManagerService( 1733): wakeUpInternal: eventTime=20573630, uid=1000
07-06 00:22:12.059 D/PowerManagerService( 1733): wakeUpNoUpdateLocked: eventTime=20573630, uid=1000
07-06 00:22:12.062 D/PowerManagerService( 1733): setScreenBrightnessOverrideFromWindowManagerInternal done
07-06 00:22:12.062 I/NetflixMonitorService( 1733): current fgapk : com.jamdeo.launcher
07-06 00:22:12.062 I/NetflixMonitorService( 1733): Netflix status unchanged
07-06 00:22:12.168 I/ActivityManager( 1733): Start proc 29306:com.hisense.hicloud.edca/u0a10 for activity com.hisense.hicloud.edca/.activity.EntryActivity
07-06 00:22:12.186 D/PowerManagerService( 1733): setScreenBrightnessOverrideFromWindowManagerInternal done
07-06 00:22:12.209 V/HotPlugDetectionAction( 1733): Poll all devices.
07-06 00:22:12.242 D/PowerManagerService( 1733): setScreenBrightnessOverrideFromWindowManagerInternal done
07-06 00:22:12.244 D/PowerManagerService( 1733): setScreenBrightnessOverrideFromWindowManagerInternal done
07-06 00:22:12.247 V/WindowManager( 1733): Adding window Window{33b98df3 u0 Starting com.hisense.hicloud.edca} at 12 of 20 (after Window{3003c8bd u0 Starting com.jamdeo.launcher})
07-06 00:22:12.272 D/PowerManagerService( 1733): setScreenBrightnessOverrideFromWindowManagerInternal done
07-06 00:22:12.274 D/PowerManagerService( 1733): setScreenBrightnessOverrideFromWindowManagerInternal done
07-06 00:22:12.314 I/UsageStatsService( 1733): resumed component name is ComponentInfo{com.hisense.hicloud.edca/com.hisense.hicloud.edca.activity.EntryActivity}
07-06 00:22:12.314 I/UsageStatsService( 1733): started component:com.hisense.hicloud.edca
07-06 00:22:12.314 V/UsageStatsService( 1733): Resumed: 20573886   Component: com.hisense.hicloud.edca/com.hisense.hicloud.edca.activity.EntryActivity   Time: 1499271732314 VersionCode: 652   LastUpdateTime: 1499256171569
07-06 00:22:12.315 D/UsageStatsService( 1733): UsageStats: broadcasting intent
07-06 00:22:12.315 W/ContextImpl( 1733): Calling a method in the system process without a qualified user: android.app.ContextImpl.sendBroadcast:1327 com.android.server.usage.UsageStatsService.insertUsageStats:1104 com.android.server.usage.UsageStatsService$PkgUsageStatsExtended.updateResume:962 com.android.server.usage.UsageStatsService$LocalService.noteResumeComponent:759 com.android.server.am.ActivityManagerService.updateUsageStats:3164 
07-06 00:22:12.318 D/UsageStatsService( 1733): User[0] Got usage event for com.hisense.hicloud.edca[1499271732315]: MOVE_TO_FOREGROUND
07-06 00:22:12.323 D/PowerManagerService( 1733): setScreenBrightnessOverrideFromWindowManagerInternal done
07-06 00:22:12.324 I/ActivityManager( 1733): TR16) TaskRecord{27a0c1dc #5494 A=com.hisense.hicloud.edca U=0 sz=1}
07-06 00:22:12.324 I/ActivityManager( 1733): TR15) TaskRecord{11a933b9 #5493 A=com.jamdeo.launcher U=0 sz=1}
07-06 00:22:12.357 D/PowerManagerService( 1733): setScreenBrightnessOverrideFromWindowManagerInternal done
07-06 00:22:12.361 D/PowerManagerService( 1733): setScreenBrightnessOverrideFromWindowManagerInternal done
07-06 00:22:12.366 D/PowerManagerService( 1733): setScreenBrightnessOverrideFromWindowManagerInternal done
07-06 00:22:12.386 D/PowerManagerService( 1733): setScreenBrightnessOverrideFromWindowManagerInternal done
07-06 00:22:12.391 D/PowerManagerService( 1733): setScreenBrightnessOverrideFromWindowManagerInternal done
07-06 00:22:12.452 I/ActivityManager( 1733): TR16) TaskRecord{27a0c1dc #5494 A=com.hisense.hicloud.edca U=0 sz=1}
07-06 00:22:12.452 I/ActivityManager( 1733): TR15) TaskRecord{11a933b9 #5493 A=com.jamdeo.launcher U=0 sz=1}
07-06 00:22:47.608 W/WindowManager( 1733): Force-removing child win Window{2a27e5b3 u0 SurfaceView} from container Window{2ae0ed72 u0 com.hisense.hicloud.edca/com.hisense.tvui.newhome.HomeMainActivity}
07-06 00:22:47.609 E/WifiService( 1733): Multicaster binderDied
07-06 00:22:47.609 D/WifiService( 1733): Client connection lost with reason: 4
07-06 00:22:47.616 D/PowerManagerService( 1733): setScreenBrightnessOverrideFromWindowManagerInternal done
07-06 00:23:12.054 I/UsageStatsService( 1733): started component:com.hisense.hicloud.edca
07-06 00:23:42.224 I/NetflixMonitorService( 1733): Netflix status unchanged
07-06 00:24:11.923 I/UsageStatsService( 1733): resumed component name is ComponentInfo{com.jamdeo.launcher/com.jamdeo.launcher.app.BaseTileActivity}
07-06 00:24:34.667 D/UsageStatsService( 1733): UsageStats: broadcasting intent
07-06 00:24:34.668 W/ContextImpl( 1733): Calling a method in the system process without a qualified user: android.app.ContextImpl.sendBroadcast:1327 com.android.server.usage.UsageStatsService.insertUsageStats:1104 com.android.server.usage.UsageStatsService$PkgUsageStatsExtended.updateResume:962 com.android.server.usage.UsageStatsService$LocalService.noteResumeComponent:759 com.android.server.am.ActivityManagerService.updateUsageStats:3164 
07-06 00:24:34.673 D/UsageStatsService( 1733): User[0] Got usage event for com.hisense.hicloud.edca[1499271874668]: MOVE_TO_FOREGROUND
07-06 00:24:34.674 D/PowerManagerService( 1733): setScreenBrightnessOverrideFromWindowManagerInternal done
07-06 00:24:34.747 D/PowerManagerService( 1733): setScreenBrightnessOverrideFromWindowManagerInternal done
07-06 00:24:34.772 D/PowerManagerService( 1733): setScreenBrightnessOverrideFromWindowManagerInternal done
07-06 00:24:34.794 D/PowerManagerService( 1733): setScreenBrightnessOverrideFromWindowManagerInternal done
07-06 00:24:34.802 D/PowerManagerService( 1733): setScreenBrightnessOverrideFromWindowManagerInternal done
07-06 00:24:34.831 D/PowerManagerService( 1733): setScreenBrightnessOverrideFromWindowManagerInternal done
07-06 00:24:34.876 D/PowerManagerService( 1733): setScreenBrightnessOverrideFromWindowManagerInternal done
07-06 00:24:34.878 D/PowerManagerService( 1733): setScreenBrightnessOverrideFromWindowManagerInternal done
07-06 00:24:34.890 D/PowerManagerService( 1733): setScreenBrightnessOverrideFromWindowManagerInternal done
07-06 00:25:12.655 E/WindowState( 1733): getStack: Window{3d13bd4 u0 com.jamdeo.launcher/com.jamdeo.launcher.app.BaseTileActivity} couldn't find taskId=5497 Callers=com.android.server.wm.WindowState.getDisplayContent:819 com.android.server.wm.WindowState.getWindowList:1397 com.android.server.wm.WindowManagerService.removeWindowInnerLocked:2895 com.android.server.wm.WindowManagerService.removeWindowLocked:2796 
--------- beginning of main
07-06 00:25:20.247 D/OkHttp  (30890): Content-Length: 2555
07-06 00:25:20.247 D/OkHttp  (30890): Last-Modified: Wed, 28 Jun 2017 12:19:16 GMT
07-06 00:25:20.247 D/OkHttp  (30890): ETag: "59539ec4-9fb"
07-06 00:25:20.247 D/OkHttp  (30890): Accept-Ranges: bytes
07-06 00:25:20.247 D/OkHttp  (30890): Age: 201005
07-06 00:25:20.600 D/HttpDnsUtils(30890): CEXX-getOperationDetail-swVersion : V0000.00.01A
07-06 00:25:20.600 D/HttpDnsUtils(30890): CEXX-getOperationDetail-operationDetail : LED50MU8600UC0000888
07-06 00:25:20.600 I/CurrentCarouselView(30890): setTrailData
07-06 00:25:20.600 I/Util    (30890): memory : total=1912,limit=1024
07-06 00:25:20.601 D/Carousel-CarouselPicVideoListInfo(30890): carouselList: 3
07-06 00:25:20.601 D/Carousel-CarouselView(30890): setData! info=com.hisense.hitv.carouselwidgit.bean.CarouselPicVideoListInfo@2f6d578d, hascCode=1062330551
07-06 00:25:20.601 D/Carousel-CarouselView(30890): showInitPoster.
07-06 00:25:20.601 D/Carousel-CarouselDisplayPlayerLayout(30890): isFullScreen:false
07-06 00:25:20.601 D/Carousel-CarouselView(30890): ACTION_CLEAR_POSTER_AND_PLAY isFullScreen:false
07-06 00:25:20.602 D/Carousel-CarouselView(30890): InitPosterUrl:http://picture.edu.hismarttv.com/images/20170629010146422927.jpg
07-06 00:25:20.602 D/Carousel-Utils(30890): displayImage view=android.widget.ImageView{6496d42 V.ED.... ......I. 0,0-0,0 #7f0d0029 app:id/imageView1}
07-06 00:25:20.602 D/Carousel-Utils(30890): displayImage url=http://picture.edu.hismarttv.com/images/20170629010146422927.jpg
07-06 00:25:20.605 I/CurrentCarouselView(30890): startPlay
07-06 00:25:20.605 I/CurrentCarouselView(30890): CurrentCarouselView.sHasShopDialog=false
07-06 00:25:20.605 I/CurrentCarouselView(30890): onAttachedToWindow
07-06 00:25:20.606 D/Carousel-CarouselView(30890): onAttachedToWindow.
07-06 00:25:20.607 I/MyItemDecoration(30890): getItemOffsets rect=Rect(-32, -16 - 0, 0),pos=3
07-06 00:25:20.610 D/HttpHandler(30890): VerifySignInterCeptor-->request.url()=http://picture.edu.hismarttv.com/images/20170629010146422927.jpg
07-06 00:25:20.610 D/HttpHandler(30890): VerifySignInterCeptor-->hostname=picture.edu.hismarttv.com
07-06 00:25:20.611 D/OkHttp  (30890): --> GET http://picture.edu.hismarttv.com/images/20170629010146422927.jpg http/1.1
07-06 00:25:20.611 D/OkHttp  (30890): Host: picture.edu.hismarttv.com
07-06 00:25:20.611 D/OkHttp  (30890): Connection: Keep-Alive
07-06 00:25:20.611 D/OkHttp  (30890): Accept-Encoding: gzip
07-06 00:25:20.611 D/OkHttp  (30890): User-Agent: okhttp/3.6.0
07-06 00:25:20.611 D/OkHttp  (30890): --> END GET
07-06 00:25:20.614 I/TVMW@HsTvSetting( 1234): Trace cmd, data = 0x1058
07-06 00:25:20.614 D/til@system( 2026): til_get_system_param option:100002F int:0, bool:0, ret:0
07-06 00:25:20.614 I/TVMW@HsTvSetting( 1234): Trace cmd, data = 0x101f
07-06 00:25:20.614 D/til@system( 2026): til_get_system_param option:100001D int:3, bool:3, ret:0
07-06 00:25:20.614 E/til     ( 2026): [til_get_current_input_source, 101] 
07-06 00:25:20.614 I/TVMW@HsTvSetting( 1234): Trace cmd, data = 0x7007
07-06 00:25:20.614 I/tilwrapper@sm( 2026): HS2TIL_SourceType *hs=0xd, *til=0x900
07-06 00:25:20.614 D/til     ( 2026): get current source 2304
07-06 00:25:20.614 D/SourceRemoteServiceHandler( 2026): getCurrentInputSource.from.til.result is 0, value is 2304
07-06 00:25:20.615 D/SourceRemoteServiceHandler( 2026): getInputSourceType source: 0x900, type=2304
07-06 00:25:20.615 D/til     ( 2026): ###### func:til_get_picture_param option:0x3000006 ######  
07-06 00:25:20.615 I/TVMW@HsTvSetting( 1234): Trace cmd, data = 0x1003
07-06 00:25:20.615 I/TVMW@HsTvSetting( 1234): Trace cmd, data = 0x8032
07-06 00:25:20.615 I/hstvos  ( 1216): [0m[1;33m[HSHAL][HS_VIDEO][HS_HAL_Video_SetOsdDetect_v2][2389]u16Threshold = 20
07-06 00:25:20.615 I/MiSysSrv( 1214): Not support now! 42, change to mm_video!!!
07-06 00:25:20.616 E/TVMW@videoctrl( 1234):  getOsd is 1
07-06 00:25:20.616 D/til@system( 2026): til_get_system_param option:1000027 int:1, bool:1, ret:0
07-06 00:25:20.616 D/til     ( 2026): ###### func:til_get_picture_param option:0x3000045 ######  
07-06 00:25:20.616 I/TVMW@HsTvSetting( 1234): Trace cmd, data = 0x300c
07-06 00:25:20.616 I/TVMW@HsTvSetting( 1234): Trace 3d, data = 0x300c
07-06 00:25:20.616 I/TVMW@3d ( 1234): Hs_debug3d_trace: func:get3dStatus, line:109
07-06 00:25:20.623 D/Carousel-CarouselChannelItemView(30890): Listitem imageUrl:http://picture.edu.hismarttv.com/images/20170628102959016598.jpg
07-06 00:25:20.625 D/Carousel-CarouselChannelItemView(30890): Listitem imageUrl:http://picture.edu.hismarttv.com/images/20170628103002814396.jpg
07-06 00:25:20.627 D/Carousel-CarouselChannelItemView(30890): Listitem imageUrl:http://picture.edu.hismarttv.com/images/20170628103009181182.jpg
07-06 00:25:20.628 D/Carousel-CarouselChannelItemView(30890): Listitem imageUrl:http://picture.edu.hismarttv.com/images/20170628102959016598.jpg
07-06 00:25:20.629 D/Carousel-CarouselChannelItemView(30890): Listitem imageUrl:http://picture.edu.hismarttv.com/images/20170628103002814396.jpg
07-06 00:25:20.630 D/Carousel-CarouselChannelItemView(30890): Listitem imageUrl:http://picture.edu.hismarttv.com/images/20170628103009181182.jpg
07-06 00:25:20.631 D/Carousel-CarouselChannelItemView(30890): Listitem imageUrl:http://picture.edu.hismarttv.com/images/20170628103002814396.jpg
07-06 00:25:20.635 D/HttpHandler(30890): VerifySignInterCeptor-->request.url()=http://picture.edu.hismarttv.com/images/20170628103002814396.jpg
07-06 00:25:20.635 D/HttpHandler(30890): VerifySignInterCeptor-->hostname=picture.edu.hismarttv.com
07-06 00:25:20.636 D/OkHttp  (30890): --> GET http://picture.edu.hismarttv.com/images/20170628103002814396.jpg http/1.1
07-06 00:25:20.636 D/OkHttp  (30890): Host: picture.edu.hismarttv.com
07-06 00:25:20.636 D/OkHttp  (30890): Connection: Keep-Alive
07-06 00:25:20.636 D/OkHttp  (30890): Accept-Encoding: gzip
07-06 00:25:20.636 D/OkHttp  (30890): User-Agent: okhttp/3.6.0
07-06 00:25:20.636 D/OkHttp  (30890): --> END GET
07-06 00:25:20.637 D/Carousel-CarouselChannelItemView(30890): Listitem imageUrl:http://picture.edu.hismarttv.com/images/20170628102959016598.jpg
07-06 00:25:20.640 D/HttpHandler(30890): VerifySignInterCeptor-->request.url()=http://picture.edu.hismarttv.com/images/20170628102959016598.jpg
07-06 00:25:20.640 D/HttpHandler(30890): VerifySignInterCeptor-->hostname=picture.edu.hismarttv.com
07-06 00:25:20.641 D/OkHttp  (30890): --> GET http://picture.edu.hismarttv.com/images/20170628102959016598.jpg http/1.1
07-06 00:25:20.641 D/OkHttp  (30890): Host: picture.edu.hismarttv.com
07-06 00:25:20.641 D/OkHttp  (30890): Connection: Keep-Alive
07-06 00:25:20.641 D/OkHttp  (30890): Accept-Encoding: gzip
07-06 00:25:20.641 D/OkHttp  (30890): User-Agent: okhttp/3.6.0
07-06 00:25:20.641 D/OkHttp  (30890): --> END GET
07-06 00:25:20.643 D/Carousel-CarouselChannelItemView(30890): Listitem imageUrl:http://picture.edu.hismarttv.com/images/20170628103009181182.jpg
07-06 00:25:20.645 D/HttpHandler(30890): VerifySignInterCeptor-->request.url()=http://picture.edu.hismarttv.com/images/20170628103009181182.jpg
07-06 00:25:20.645 D/HttpHandler(30890): VerifySignInterCeptor-->hostname=picture.edu.hismarttv.com
07-06 00:25:20.645 I/FirstLineAdapter(30890): canShowTrailer,isOffline=false
07-06 00:25:20.645 I/FirstLineAdapter(30890): onCreateViewHolder viewtype=4
07-06 00:25:20.646 D/HttpHandler(30890): HttpDNS-->hostname=picture.edu.hismarttv.com
07-06 00:25:20.650 D/OkHttp  (30890): <-- 200 OK http://picture.edu.hismarttv.com/images/20170629010146422927.jpg (38ms)
07-06 00:25:20.650 D/OkHttp  (30890): Date: Mon, 03 Jul 2017 09:54:51 GMT
07-06 00:25:20.650 D/OkHttp  (30890): Server: nginx
07-06 00:25:20.650 D/OkHttp  (30890): Content-Type: image/jpeg
07-06 00:25:20.650 D/OkHttp  (30890): Content-Length: 145373
07-06 00:25:20.650 D/OkHttp  (30890): Last-Modified: Thu, 29 Jun 2017 01:01:46 GMT
07-06 00:25:20.650 D/OkHttp  (30890): ETag: "5954517a-237dd"
07-06 00:25:20.650 D/OkHttp  (30890): Accept-Ranges: bytes
07-06 00:25:20.650 D/OkHttp  (30890): Age: 196229
07-06 00:25:20.650 D/OkHttp  (30890): Via: 1.1 shzh54:1 (Cdn Cache Server V2.0)[12 200 0], 1.1 chwt81:8 (Cdn Cache Server V2.0)[12 200 0]
07-06 00:25:20.650 D/OkHttp  (30890): Connection: keep-alive
07-06 00:25:20.650 D/OkHttp  (30890): <-- END HTTP
07-06 00:25:20.652 D/HttpHandler(30890): RetryIntercepter-->retryNum=0
07-06 00:25:20.652 D/HttpHandler(30890): RetryIntercepter-->backoffmutiplier=0
07-06 00:25:20.655 D/OkHttp  (30890): <-- 200 OK http://picture.edu.hismarttv.com/images/20170628103002814396.jpg (12ms)
07-06 00:25:20.655 D/OkHttp  (30890): Date: Mon, 03 Jul 2017 08:35:16 GMT
07-06 00:25:20.655 D/OkHttp  (30890): Server: nginx
07-06 00:25:20.655 D/OkHttp  (30890): Content-Type: image/jpeg
07-06 00:25:20.655 D/OkHttp  (30890): Content-Length: 54264
07-06 00:25:20.655 D/OkHttp  (30890): Last-Modified: Wed, 28 Jun 2017 10:30:02 GMT
07-06 00:25:20.655 D/OkHttp  (30890): ETag: "5953852a-d3f8"
07-06 00:25:20.655 D/OkHttp  (30890): Accept-Ranges: bytes
07-06 00:25:20.655 D/OkHttp  (30890): Age: 201004
07-06 00:25:20.656 D/OkHttp  (30890): Via: 1.1 chzhwt171:8 (Cdn Cache Server V2.0)[11 200 0], 1.1 dezhou35:4 (Cdn Cache Server V2.0)[0 200 0]
07-06 00:25:20.656 D/OkHttp  (30890): Connection: keep-alive
07-06 00:25:20.656 D/HttpHandler(30890): RAMCache-->hostInfo.getClientTimeStamp()=20761315
07-06 00:25:20.656 D/HttpHandler(30890): RAMCache-->hostInfo.getTtl()=300
07-06 00:25:20.656 D/HttpHandler(30890): RAMCache-->SystemClock.elapsedRealtime()=20762228
07-06 00:25:20.657 I/FirstLineAdapter(30890): onBindViewHolder 4
07-06 00:25:20.657 I/FirstLineAdapter(30890): canShowTrailer,isOffline=false
07-06 00:25:20.657 I/FirstLineAdapter(30890): canShowTrailer modify
07-06 00:25:20.657 I/FirstLineAdapter(30890): setMasterData4
07-06 00:25:20.657 I/FirstLineAdapter(30890): set current pos = 0
07-06 00:25:20.657 D/sloven  (30890): 1002---true
07-06 00:25:20.658 I/FirstLineAdapter(30890): canShowTrailer,isOffline=false
07-06 00:25:20.656 D/OkHttp  (30890): <-- END HTTP
07-06 00:25:20.661 I/FirstLineAdapter(30890): canShowTrailer,isOffline=false
07-06 00:25:20.661 I/FirstLineAdapter(30890): onCreateViewHolder viewtype=4
07-06 00:25:20.664 D/OkHttp  (30890): <-- 200 OK http://picture.edu.hismarttv.com/images/20170628102959016598.jpg (22ms)
07-06 00:25:20.664 D/OkHttp  (30890): Date: Mon, 03 Jul 2017 11:02:37 GMT
07-06 00:25:20.664 D/OkHttp  (30890): Server: nginx
07-06 00:25:20.664 D/OkHttp  (30890): Content-Type: image/jpeg
07-06 00:25:20.664 D/OkHttp  (30890): Content-Length: 40292
07-06 00:25:20.664 D/OkHttp  (30890): Last-Modified: Wed, 28 Jun 2017 10:29:59 GMT
07-06 00:25:20.664 D/OkHttp  (30890): ETag: "59538527-9d64"
07-06 00:25:20.664 D/OkHttp  (30890): Accept-Ranges: bytes
07-06 00:25:20.664 D/OkHttp  (30890): Age: 192163
07-06 00:25:20.664 D/OkHttp  (30890): Via: 1.1 chzhwt171:6 (Cdn Cache Server V2.0)[0 200 0], 1.1 angtong95:1 (Cdn Cache Server V2.0)[0 200 0]
07-06 00:25:20.665 D/HttpHandler(30890): RetryIntercepter-->retryNum=0
07-06 00:25:20.665 D/HttpHandler(30890): RetryIntercepter-->backoffmutiplier=0
07-06 00:25:20.666 I/FirstLineAdapter(30890): onBindViewHolder 5
07-06 00:25:20.666 I/FirstLineAdapter(30890): canShowTrailer,isOffline=false
07-06 00:25:20.667 I/FirstLineAdapter(30890): canShowTrailer modify
07-06 00:25:20.667 I/FirstLineAdapter(30890): setMasterData5
07-06 00:25:20.667 I/FirstLineAdapter(30890): set current pos = 1
07-06 00:25:20.667 D/sloven  (30890): 2005---false
07-06 00:25:20.667 D/sloven  (30890): 2005ä¸“é¢˜
07-06 00:25:20.669 V/PackageManager( 1733): getPackageInfo com.hisense.hicloud.edca: Package{3fb3f3a1 com.hisense.hicloud.edca}
07-06 00:25:20.669 D/OkHttp  (30890): Connection: keep-alive
07-06 00:25:20.669 D/OkHttp  (30890): <-- END HTTP
07-06 00:25:20.675 D/HttpHandler(30890): RetryIntercepter-->retryNum=0
07-06 00:25:20.675 D/HttpHandler(30890): RetryIntercepter-->backoffmutiplier=0
07-06 00:25:20.676 I/FirstLineAdapter(30890): canShowTrailer,isOffline=false
07-06 00:25:20.677 I/MyItemDecoration(30890): getItemOffsets rect=Rect(-32, 0 - 0, 0),pos=4
07-06 00:25:20.680 I/MyItemDecoration(30890): getItemOffsets rect=Rect(-32, -5 - 0, 0),pos=5
07-06 00:25:20.682 D/Carousel-CarouselView(30890): smoothScroll.
07-06 00:25:20.682 D/Carousel-CarouselDisplayPlayerLayout(30890): isFullScreen:false
07-06 00:25:20.682 D/Carousel-CarouselView(30890): smoothScroll isOtherInstance return.
07-06 00:25:20.682 D/HttpHandler(30890): DNSHelper-->gslbDns=["218.58.206.58","123.128.14.209","153.35.175.121","220.202.77.124","153.35.175.120","125.46.22.134","36.33.158.222"]
07-06 00:25:20.682 I/ContentBridgeAdapterListener(30890): onAddPresenter 2
07-06 00:25:20.709 D/OkHttp  (30890): --> GET http://picture.edu.hismarttv.com/images/20170628103009181182.jpg http/1.1
07-06 00:25:20.709 D/OkHttp  (30890): Host: picture.edu.hismarttv.com
07-06 00:25:20.709 D/OkHttp  (30890): Connection: Keep-Alive
07-06 00:25:20.709 D/OkHttp  (30890): Accept-Encoding: gzip
07-06 00:25:20.709 D/OkHttp  (30890): User-Agent: okhttp/3.6.0
07-06 00:25:20.709 D/OkHttp  (30890): --> END GET
07-06 00:25:20.718 I/ContentBridgeAdapterListener(30890): onCreate ViewHolder{3e7a9126 position=-1 id=-1, oldPos=-1, pLpos:-1 unbound no parent}
07-06 00:25:20.718 I/BaseContentFragment(30890): setUpSharedViewPoolViewHolder{3e7a9126 position=-1 id=-1, oldPos=-1, pLpos:-1 unbound no parent}
07-06 00:25:20.718 I/BaseContentFragment(30890): create view pool
07-06 00:25:20.718 I/BaseContentFragment(30890): setRowViewSelectedViewHolder{3e7a9126 position=-1 id=-1, oldPos=-1, pLpos:-1 unbound no parent},isSelectedfalse
07-06 00:25:20.718 I/head    (30890): item=com.hisense.leanback.widget.ListRow@1bcd9167
07-06 00:25:20.719 I/ContentBridgeAdapterListener(30890): onBind 
07-06 00:25:20.719 I/ContentBridgeAdapterListener(30890): onAttachedToWindow ViewHolder{3e7a9126 position=2 id=-1, oldPos=-1, pLpos:-1}
07-06 00:25:20.721 I/CardSelectionPresenter(30890): onCreateViewHoldercom.hisense.leanback.widget.HorizontalGridView{35d2afbd VFE..... ......I. 0,0-0,0 #7f0d038e app:id/row_content}
07-06 00:25:20.730 I/CardSelectionPresenter(30890): onBindViewHolder
07-06 00:25:20.730 D/sloven  (30890): 1002---false
07-06 00:25:20.731 I/CardSelectionPresenter(30890): width=400,height=220
07-06 00:25:20.737 D/MyLocalStartService( 9134): currentName is :com.hisense.hicloud.edca
07-06 00:25:20.751 D/OkHttp  (30890): <-- 200 OK http://picture.edu.hismarttv.com/images/20170628103009181182.jpg (42ms)
07-06 00:25:20.751 D/OkHttp  (30890): Date: Mon, 03 Jul 2017 11:33:22 GMT
07-06 00:25:20.751 D/OkHttp  (30890): Server: nginx
07-06 00:25:20.751 D/OkHttp  (30890): Content-Type: image/jpeg
07-06 00:25:20.751 D/OkHttp  (30890): Content-Length: 41416
07-06 00:25:20.751 D/OkHttp  (30890): Last-Modified: Wed, 28 Jun 2017 10:30:09 GMT
07-06 00:25:20.752 D/OkHttp  (30890): ETag: "59538531-a1c8"
07-06 00:25:20.752 D/OkHttp  (30890): Accept-Ranges: bytes
07-06 00:25:20.752 D/OkHttp  (30890): Age: 190318
07-06 00:25:20.752 D/OkHttp  (30890): Via: 1.1 pingwangtong49:1 (Cdn Cache Server V2.0)[0 200 0], 1.1 dzhwt36:9 (Cdn Cache Server V2.0)[0 200 0]
07-06 00:25:20.752 D/OkHttp  (30890): Connection: keep-alive
07-06 00:25:20.752 D/OkHttp  (30890): <-- END HTTP
07-06 00:25:20.756 D/hailongqiu(30890): hailongqiu position:0
07-06 00:25:20.759 I/CardSelectionPresenter(30890): onCreateViewHoldercom.hisense.leanback.widget.HorizontalGridView{35d2afbd VFE..... ......ID 0,0-1738,279 #7f0d038e app:id/row_content}
07-06 00:25:20.769 I/MiSysSrv( 1214): [37m[INFO] Change to Voltage: 117 mv (0x32)[m
07-06 00:25:20.773 I/CardSelectionPresenter(30890): onBindViewHolder
07-06 00:25:20.773 D/sloven  (30890): 1002---false
07-06 00:25:20.774 I/CardSelectionPresenter(30890): width=400,height=220
07-06 00:25:20.779 D/HttpHandler(30890): VerifySignInterCeptor-->request.url()=http://picture.edu.hismarttv.com/images/20170628233232135598.jpg
07-06 00:25:20.779 D/HttpHandler(30890): VerifySignInterCeptor-->hostname=picture.edu.hismarttv.com
07-06 00:25:20.780 D/OkHttp  (30890): --> GET http://picture.edu.hismarttv.com/images/20170628233232135598.jpg http/1.1
07-06 00:25:20.780 D/OkHttp  (30890): Host: picture.edu.hismarttv.com
07-06 00:25:20.780 D/OkHttp  (30890): Connection: Keep-Alive
07-06 00:25:20.780 D/OkHttp  (30890): Accept-Encoding: gzip
07-06 00:25:20.780 D/OkHttp  (30890): User-Agent: okhttp/3.6.0
07-06 00:25:20.780 D/OkHttp  (30890): --> END GET
07-06 00:25:20.784 I/CardSelectionPresenter(30890): onCreateViewHoldercom.hisense.leanback.widget.HorizontalGridView{35d2afbd VFE..... ......ID 0,0-1738,279 #7f0d038e app:id/row_content}
07-06 00:25:20.792 D/HttpHandler(30890): RetryIntercepter-->retryNum=0
07-06 00:25:20.792 D/HttpHandler(30890): RetryIntercepter-->backoffmutiplier=0
07-06 00:25:20.794 D/OkHttp  (30890): <-- 200 OK http://picture.edu.hismarttv.com/images/20170628233232135598.jpg (13ms)
07-06 00:25:20.794 D/OkHttp  (30890): Date: Mon, 03 Jul 2017 06:28:41 GMT
07-06 00:25:20.794 D/OkHttp  (30890): Server: nginx
07-06 00:25:20.794 D/OkHttp  (30890): Content-Type: image/jpeg
07-06 00:25:20.794 D/OkHttp  (30890): Content-Length: 50603
07-06 00:25:20.794 D/OkHttp  (30890): Last-Modified: Wed, 28 Jun 2017 23:32:32 GMT
07-06 00:25:20.794 D/OkHttp  (30890): ETag: "59543c90-c5ab"
07-06 00:25:20.794 D/OkHttp  (30890): Accept-Ranges: bytes
07-06 00:25:20.794 D/OkHttp  (30890): Age: 208599
07-06 00:25:20.794 D/OkHttp  (30890): Via: 1.1 jnwt243:1 (Cdn Cache Server V2.0)[0 200 0], 1.1 dezhou35:4 (Cdn Cache Server V2.0)[0 200 0]
07-06 00:25:20.794 D/OkHttp  (30890): Connection: keep-alive
07-06 00:25:20.794 D/OkHttp  (30890): <-- END HTTP
07-06 00:25:20.797 I/CardSelectionPresenter(30890): onBindViewHolder
07-06 00:25:20.797 D/sloven  (30890): 1002---false
07-06 00:25:20.798 I/CardSelectionPresenter(30890): width=400,height=220
07-06 00:25:20.802 D/HttpHandler(30890): RetryIntercepter-->retryNum=0
07-06 00:25:20.802 D/HttpHandler(30890): RetryIntercepter-->backoffmutiplier=0
07-06 00:25:20.812 I/CardSelectionPresenter(30890): onCreateViewHoldercom.hisense.leanback.widget.HorizontalGridView{35d2afbd VFE..... ......ID 0,0-1738,279 #7f0d038e app:id/row_content}
07-06 00:25:20.823 I/CardSelectionPresenter(30890): onBindViewHolder
07-06 00:25:20.824 D/sloven  (30890): 1002---false
07-06 00:25:20.825 I/CardSelectionPresenter(30890): width=400,height=220
07-06 00:25:20.832 E/RecyclerView(30890): No adapter attached; skipping layout
07-06 00:25:20.832 E/RecyclerView(30890): No adapter attached; skipping layout
07-06 00:25:20.832 D/Carousel-CarouselView(30890): ============>onScrollChanged hashCode:1062330551
07-06 00:25:20.849 I/MyFragmentStateAdapter(30890): getCount
07-06 00:25:20.852 D/HttpHandler(30890): VerifySignInterCeptor-->request.url()=http://picture.edu.hismarttv.com/images/20170629075040001252.jpg
07-06 00:25:20.852 D/HttpHandler(30890): VerifySignInterCeptor-->hostname=picture.edu.hismarttv.com
07-06 00:25:20.855 D/OkHttp  (30890): --> GET http://picture.edu.hismarttv.com/images/20170629075040001252.jpg http/1.1
07-06 00:25:20.858 D/OkHttp  (30890): Host: picture.edu.hismarttv.com
07-06 00:25:20.858 D/OkHttp  (30890): Connection: Keep-Alive
07-06 00:25:20.858 D/OkHttp  (30890): Accept-Encoding: gzip
07-06 00:25:20.858 D/OkHttp  (30890): User-Agent: okhttp/3.6.0
07-06 00:25:20.858 D/OkHttp  (30890): --> END GET
07-06 00:25:20.867 W/art     (30890): Suspending all threads took: 8.893ms
07-06 00:25:20.867 D/gralloc ( 1204): allocate buffer from ION HEAP 0x1
07-06 00:25:20.867 D/gralloc ( 1204): allocate memory from system heap
07-06 00:25:20.880 I/art     (30890): Background sticky concurrent mark sweep GC freed 12444(1437KB) AllocSpace objects, 1(16KB) LOS objects, 5% free, 27MB/29MB, paused 11.214ms total 64.171ms
07-06 00:25:20.892 D/OkHttp  (30890): <-- 200 OK http://picture.edu.hismarttv.com/images/20170629075040001252.jpg (34ms)
07-06 00:25:20.892 D/OkHttp  (30890): Date: Mon, 03 Jul 2017 10:52:38 GMT
07-06 00:25:20.892 D/OkHttp  (30890): Server: nginx
07-06 00:25:20.892 D/OkHttp  (30890): Content-Type: image/jpeg
07-06 00:25:20.892 D/OkHttp  (30890): Content-Length: 103036
07-06 00:25:20.892 D/OkHttp  (30890): Last-Modified: Thu, 29 Jun 2017 07:50:40 GMT
07-06 00:25:20.892 D/OkHttp  (30890): ETag: "5954b150-1927c"
07-06 00:25:20.892 D/OkHttp  (30890): Accept-Ranges: bytes
07-06 00:25:20.892 D/OkHttp  (30890): Age: 192762
07-06 00:25:20.893 D/OkHttp  (30890): Via: 1.1 changzhiwangtong172:9 (Cdn Cache Server V2.0)[0 200 0], 1.1 chwt83:5 (Cdn Cache Server V2.0)[0 200 0]
07-06 00:25:20.898 D/OkHttp  (30890): Connection: keep-alive
07-06 00:25:20.898 D/OkHttp  (30890): <-- END HTTP
07-06 00:25:20.917 D/HttpHandler(30890): RetryIntercepter-->retryNum=0
07-06 00:25:20.917 D/HttpHandler(30890): RetryIntercepter-->backoffmutiplier=0
07-06 00:25:20.954 I/CheckUpdateReceiver(30890): latest version == null
07-06 00:25:20.954 D/SUSLog  (30890): CheckAppUpdateService>>onDestroy
07-06 00:25:20.962 D/CommonHeader(30890): app logo isRotate: true
07-06 00:25:20.962 D/HiNetworkImpl(30890): doHttp_Asyn(): onReqResponse isSuccessful = true, back from thread: main
07-06 00:25:20.963 I/HiNetworkImpl(30890): doHttp_Asyn(): onSuccess clazz = class com.hisense.tvui.newhome.bean.SelectionBean, back from thread: main
07-06 00:25:20.963 I/HomeDataPresenter(30890): getRecommandData() onSuccess: RoleContentFragment645677202
07-06 00:25:20.963 I/RoleContentFragment(30890): recommandlist={10003=0, 10002=8}
07-06 00:25:20.963 I/RoleContentFragment(30890): lineIndex=0,id=10002,pos=8
07-06 00:25:20.963 I/RoleContentFragment(30890): ,addItemSize=25
07-06 00:25:20.965 I/RoleContentFragment(30890): origin pos=8
07-06 00:25:20.966 I/RoleContentFragment(30890): offset pos=2
07-06 00:25:20.966 I/RoleContentFragment(30890): array size=11
07-06 00:25:20.966 I/RoleContentFragment(30890): lineIndex=1,id=10003,pos=0
07-06 00:25:20.966 I/RoleContentFragment(30890): ,addItemSize=24
07-06 00:25:20.966 I/RoleContentFragment(30890): origin pos=0
07-06 00:25:20.966 I/RoleContentFragment(30890): offset pos=2
07-06 00:25:20.966 I/RoleContentFragment(30890): array size=11
07-06 00:25:20.967 I/RoleContentFragment(30890): setBackGroundUrl=http://picture.edu.hismarttv.com/images/20170628104504467308.jpg,view=android.support.v4.widget.SlidingPaneLayout{2cd49216 V.ED.... ........ 0,0-1920,1080 #7f0d00af app:id/slide_layout}
07-06 00:25:20.967 I/Choreographer(30890): Skipped 46 frames!  The application may be doing too much work on its main thread.
07-06 00:25:20.969 D/TabFocusBorderView(30890): SLOVEN onAnimationCancel
07-06 00:25:20.969 D/TabFocusBorderView(30890): SLOVEN onAnimationEnd
07-06 00:25:20.969 D/TabView (30890): SLOVEN border top===>:296---407
07-06 00:25:20.969 D/TabFocusBorderView(30890): SLOVEN onAnimationEnd
07-06 00:25:20.969 D/TabView (30890): SLOVEN border top===>:296---407
07-06 00:25:20.971 I/head    (30890): item=com.hisense.leanback.widget.ListRow@e540296
07-06 00:25:20.972 I/CardSelectionPresenter(30890): onViewDetachedFromWindow mTitleTx = 
07-06 00:25:20.978 I/CardSelectionPresenter(30890): onViewDetachedFromWindow mTitleTx = 
07-06 00:25:20.978 I/CardSelectionPresenter(30890): onViewDetachedFromWindow mTitleTx = 
07-06 00:25:20.979 I/CardSelectionPresenter(30890): onUnbindViewHolder mTitleTx = 
07-06 00:25:20.979 I/CardSelectionPresenter(30890): onViewDetachedFromWindow mTitleTx = 
07-06 00:25:20.979 I/CardSelectionPresenter(30890): onUnbindViewHolder mTitleTx = 
07-06 00:25:20.980 I/CardSelectionPresenter(30890): onUnbindViewHolder mTitleTx = 
07-06 00:25:20.980 I/CardSelectionPresenter(30890): onUnbindViewHolder mTitleTx = 
07-06 00:25:20.980 I/ContentBridgeAdapterListener(30890): onBind 
07-06 00:25:20.982 I/CardSelectionPresenter(30890): onCreateViewHoldercom.hisense.leanback.widget.HorizontalGridView{35d2afbd VFE..... ......ID 0,0-1738,279 #7f0d038e app:id/row_content}
07-06 00:25:20.996 I/CardSelectionPresenter(30890): onBindViewHolder
07-06 00:25:20.996 D/sloven  (30890): 1002---true
07-06 00:25:20.996 I/CardSelectionPresenter(30890): width=400,height=220
07-06 00:25:21.018 I/CardSelectionPresenter(30890): onUnbindViewHolder mTitleTx = 
07-06 00:25:21.018 I/CardSelectionPresenter(30890): onBindViewHolder
07-06 00:25:21.018 D/sloven  (30890): 1002---true
07-06 00:25:21.019 I/CardSelectionPresenter(30890): width=400,height=220
07-06 00:25:21.024 D/hailongqiu(30890): hailongqiu position:0
07-06 00:25:21.028 I/TVMW@devctrl( 1234): wdt
07-06 00:25:21.031 I/CardSelectionPresenter(30890): onCreateViewHoldercom.hisense.leanback.widget.HorizontalGridView{35d2afbd VFE..... ......ID 0,0-1738,279 #7f0d038e app:id/row_content}
07-06 00:25:21.042 I/CardSelectionPresenter(30890): onBindViewHolder
07-06 00:25:21.042 D/sloven  (30890): 1002---true
07-06 00:25:21.042 I/CardSelectionPresenter(30890): width=400,height=220
07-06 00:25:21.049 I/CardSelectionPresenter(30890): onCreateViewHoldercom.hisense.leanback.widget.HorizontalGridView{35d2afbd VFE..... ......ID 0,0-1738,279 #7f0d038e app:id/row_content}
07-06 00:25:21.056 I/CardSelectionPresenter(30890): onBindViewHolder
07-06 00:25:21.056 D/sloven  (30890): 1002---true
07-06 00:25:21.056 I/CardSelectionPresenter(30890): width=400,height=220
07-06 00:25:21.060 I/CardSelectionPresenter(30890): onCreateViewHoldercom.hisense.leanback.widget.HorizontalGridView{35d2afbd VFE..... ......ID 0,0-1738,279 #7f0d038e app:id/row_content}
