07-06 00:35:53.543 D/PowerManagerService( 1733): setScreenBrightnessOverrideFromWindowManagerInternal done
07-06 00:35:53.546 D/JamdeoActivityStackSupervisor( 1733): get currentSiloName
07-06 00:35:53.547 I/ActivityManager( 1733): START u0 {act=android.intent.action.MAIN cat=[android.intent.category.LAUNCHER] flg=0x10200000 cmp=com.hisense.hicloud.edca/.activity.EntryActivity} from uid 2000 on display 0
07-06 00:35:53.550 D/PowerManagerService( 1733): setScreenBrightnessOverrideFromWindowManagerInternal done
07-06 00:35:53.551 V/WindowManager( 1733): addAppToken: AppWindowToken{3763ba28 token=Token{199ad04b ActivityRecord{33f3ad1a u0 com.hisense.hicloud.edca/.activity.EntryActivity t5520}}} to stack=276 task=5520 at 0
07-06 00:35:53.852 I/WindowManager( 1733): Screenshot max retries 4 of Token{34e51e36 ActivityRecord{369e23d1 u0 com.jamdeo.launcher/.app.BaseTileActivity t5519}} appWin=Window{aa5d910 u0 Starting com.jamdeo.launcher} drawState=2
07-06 00:35:53.852 I/UsageStatsService( 1733): paused component:com.jamdeo.launcher
07-06 00:35:53.852 V/UsageStatsService( 1733): Paused: 21395424   Component: com.jamdeo.launcher/com.jamdeo.launcher.app.BaseTileActivity   Time: 1499272553852 LastSessionTime: 318 CumulativeSessionTime: 7088523
07-06 00:35:53.853 D/UsageStatsService( 1733): UsageStats: broadcasting intent
07-06 00:35:53.853 W/ContextImpl( 1733): Calling a method in the system process without a qualified user: android.app.ContextImpl.sendBroadcast:1327 com.android.server.usage.UsageStatsService.insertUsageStats:1104 com.android.server.usage.UsageStatsService$PkgUsageStatsExtended.updatePause:979 com.android.server.usage.UsageStatsService$LocalService.notePauseComponent:808 com.android.server.am.ActivityManagerService.updateUsageStats:3173 
07-06 00:35:53.854 D/PowerManagerService( 1733): acquireWakeLockInternal: lock=681732318, flags=0x1, tag="ActivityManager-Launch", ws=null, uid=1000, pid=1733
07-06 00:35:53.870 I/NetflixMonitorService( 1733): current fgapk : com.jamdeo.launcher
07-06 00:35:53.870 I/NetflixMonitorService( 1733): Netflix status unchanged
07-06 00:35:53.904 D/TvInputManagerService( 1733): call enableMotionEventNotifier:false
07-06 00:35:53.907 D/PowerManagerService( 1733): wakeUp: eventTime=21395478
07-06 00:35:53.907 D/PowerManagerService( 1733): wakeUpInternal: eventTime=21395478, uid=1000
07-06 00:35:53.907 D/PowerManagerService( 1733): wakeUpNoUpdateLocked: eventTime=21395478, uid=1000
07-06 00:35:53.910 V/WindowManager( 1733): Adding window Window{38c2c572 u0 com.jamdeo.launcher/com.jamdeo.launcher.app.BaseTileActivity} at 10 of 19 (before Window{aa5d910 u0 Starting com.jamdeo.launcher})
07-06 00:35:53.919 D/UsageStatsService( 1733): User[0] Got usage event for com.jamdeo.launcher[1499272553534]: MOVE_TO_FOREGROUND
07-06 00:35:53.919 D/UsageStatsService( 1733): User[0] Got usage event for com.jamdeo.launcher[1499272553853]: MOVE_TO_BACKGROUND
07-06 00:35:53.939 D/TvInputManagerService( 1733): call enableMotionEventNotifier:false
07-06 00:35:53.940 D/TvInputManagerService( 1733): call enableMotionEventNotifier:false
07-06 00:35:53.952 D/PowerManagerService( 1733): wakeUp: eventTime=21395523
07-06 00:35:53.952 D/PowerManagerService( 1733): wakeUpInternal: eventTime=21395523, uid=1000
07-06 00:35:53.952 D/PowerManagerService( 1733): wakeUpNoUpdateLocked: eventTime=21395523, uid=1000
07-06 00:35:54.091 D/PowerManagerService( 1733): setScreenBrightnessOverrideFromWindowManagerInternal done
07-06 00:35:54.094 D/PowerManagerService( 1733): setScreenBrightnessOverrideFromWindowManagerInternal done
07-06 00:35:54.110 V/WindowManager( 1733): Adding window Window{17f3c6be u0 Starting com.hisense.hicloud.edca} at 12 of 20 (after Window{aa5d910 u0 Starting com.jamdeo.launcher})
07-06 00:35:54.120 D/TvInputManagerService( 1733): call enableMotionEventNotifier:false
07-06 00:35:54.123 D/PowerManagerService( 1733): wakeUp: eventTime=21395694
07-06 00:35:54.123 D/PowerManagerService( 1733): wakeUpInternal: eventTime=21395694, uid=1000
07-06 00:35:54.123 D/PowerManagerService( 1733): wakeUpNoUpdateLocked: eventTime=21395694, uid=1000
07-06 00:35:54.123 D/PowerManagerService( 1733): setScreenBrightnessOverrideFromWindowManagerInternal done
07-06 00:35:54.126 D/PowerManagerService( 1733): setScreenBrightnessOverrideFromWindowManagerInternal done
07-06 00:35:54.168 D/PowerManagerService( 1733): setScreenBrightnessOverrideFromWindowManagerInternal done
07-06 00:35:54.192 W/ResourcesManager( 2232): Asset path '/system/framework/com.jamdeo.flow.jar' does not exist or contains no resources.
07-06 00:35:54.218 I/ActivityManager( 1733): Start proc 5153:com.hisense.hicloud.edca/u0a10 for activity com.hisense.hicloud.edca/.activity.EntryActivity
07-06 00:35:54.233 D/PowerManagerService( 1733): setScreenBrightnessOverrideFromWindowManagerInternal done
07-06 00:35:54.251 I/UsageStatsService( 1733): resumed component name is ComponentInfo{com.hisense.hicloud.edca/com.hisense.hicloud.edca.activity.EntryActivity}
07-06 00:35:54.251 I/UsageStatsService( 1733): started component:com.hisense.hicloud.edca
07-06 00:35:54.251 D/UsageStatsService( 1733): User[0] Got usage event for com.hisense.hicloud.edca[1499272554251]: MOVE_TO_FOREGROUND
07-06 00:35:54.251 V/UsageStatsService( 1733): Resumed: 21395823   Component: com.hisense.hicloud.edca/com.hisense.hicloud.edca.activity.EntryActivity   Time: 1499272554251 VersionCode: 652   LastUpdateTime: 1499256171569
07-06 00:35:54.251 D/UsageStatsService( 1733): UsageStats: broadcasting intent
07-06 00:35:54.257 W/ContextImpl( 1733): Calling a method in the system process without a qualified user: android.app.ContextImpl.sendBroadcast:1327 com.android.server.usage.UsageStatsService.insertUsageStats:1104 com.android.server.usage.UsageStatsService$PkgUsageStatsExtended.updateResume:962 com.android.server.usage.UsageStatsService$LocalService.noteResumeComponent:759 com.android.server.am.ActivityManagerService.updateUsageStats:3164 
07-06 00:35:54.266 D/PowerManagerService( 1733): setScreenBrightnessOverrideFromWindowManagerInternal done
07-06 00:35:54.268 D/PowerManagerService( 1733): setScreenBrightnessOverrideFromWindowManagerInternal done
07-06 00:35:54.272 I/ActivityManager( 1733): TR16) TaskRecord{2f35deb1 #5520 A=com.hisense.hicloud.edca U=0 sz=1}
07-06 00:35:54.272 I/ActivityManager( 1733): TR15) TaskRecord{2f4bcfc5 #5519 A=com.jamdeo.launcher U=0 sz=1}
07-06 00:35:54.273 D/PowerManagerService( 1733): setScreenBrightnessOverrideFromWindowManagerInternal done
07-06 00:35:54.278 D/PowerManagerService( 1733): setScreenBrightnessOverrideFromWindowManagerInternal done
07-06 00:35:54.384 I/ActivityManager( 1733): TR16) TaskRecord{2f35deb1 #5520 A=com.hisense.hicloud.edca U=0 sz=1}
07-06 00:35:54.384 I/ActivityManager( 1733): TR15) TaskRecord{2f4bcfc5 #5519 A=com.jamdeo.launcher U=0 sz=1}
07-06 00:35:54.386 V/ActivityManager( 1733): set mstar.EnterOpaqueUI false
07-06 00:35:54.465 D/PowerManagerService( 1733): setScreenBrightnessOverrideFromWindowManagerInternal done
07-06 00:35:54.470 D/PowerManagerService( 1733): setScreenBrightnessOverrideFromWindowManagerInternal done
07-06 00:35:54.568 W/ActivityManager( 1733): Unable to start service Intent { act=com.jamdeo.tilelibrary.VidaaTileService pkg=com.jamdeo.launcher } U=0: not found
07-06 00:35:54.590 D/PowerManagerService( 1733): setScreenBrightnessOverrideFromWindowManagerInternal done
07-06 00:35:54.758 D/PowerManagerService( 1733): setScreenBrightnessOverrideFromWindowManagerInternal done
07-06 00:35:54.760 D/PowerManagerService( 1733): setScreenBrightnessOverrideFromWindowManagerInternal done
07-06 00:35:54.870 I/NetflixMonitorService( 1733): current fgapk : com.hisense.hicloud.edca
07-06 00:35:54.870 I/NetflixMonitorService( 1733): Netflix status unchanged
07-06 00:35:55.871 I/NetflixMonitorService( 1733): current fgapk : com.hisense.hicloud.edca
07-06 00:35:55.871 I/NetflixMonitorService( 1733): Netflix status unchanged
07-06 00:35:56.872 I/NetflixMonitorService( 1733): current fgapk : com.hisense.hicloud.edca
07-06 00:35:56.872 I/NetflixMonitorService( 1733): Netflix status unchanged
07-06 00:35:57.040 V/WindowManager( 1733): Adding window Window{160ac934 u0 com.hisense.hicloud.edca/com.hisense.hicloud.edca.activity.EntryActivity} at 10 of 19 (before Window{17f3c6be u0 Starting com.hisense.hicloud.edca})
07-06 00:35:57.471 D/PowerManagerService( 1733): setScreenBrightnessOverrideFromWindowManagerInternal done
07-06 00:35:57.477 D/PowerManagerService( 1733): setScreenBrightnessOverrideFromWindowManagerInternal done
07-06 00:35:57.501 V/HotPlugDetectionAction( 1733): Poll all devices.
07-06 00:35:57.872 I/NetflixMonitorService( 1733): current fgapk : com.hisense.hicloud.edca
07-06 00:35:57.872 I/NetflixMonitorService( 1733): Netflix status unchanged
07-06 00:35:57.878 D/TaskPersister( 1733): removeObsoleteFile: deleting file=4980_task.xml
07-06 00:35:57.879 D/TaskPersister( 1733): removeObsoleteFile: deleting file=4980_task_thumbnail.png
07-06 00:35:57.913 D/PowerManagerService( 1733): setScreenBrightnessOverrideFromWindowManagerInternal done
07-06 00:35:57.917 D/PowerManagerService( 1733): releaseWakeLockInternal: lock=681732318 [ActivityManager-Launch], flags=0x0
07-06 00:35:57.917 D/PowerManagerNotifier( 1733): onWakeLockReleased: flags=1, tag="ActivityManager-Launch", packageName=android, ownerUid=1000, ownerPid=1733, workSource=null
07-06 00:35:57.922 D/PowerManagerService( 1733): setScreenBrightnessOverrideFromWindowManagerInternal done
07-06 00:35:57.924 E/HDMI_CEC( 1733): Send Message TO[5] 
07-06 00:35:57.924 E/HDMI_CEC( 1733): OP[0], <Feature Abort> 
07-06 00:35:57.924 E/HDMI_CEC( 1733): ========
07-06 00:35:57.926 D/PowerManagerService( 1733): setScreenBrightnessOverrideFromWindowManagerInternal done
07-06 00:35:57.942 D/PowerManagerService( 1733): setScreenBrightnessOverrideFromWindowManagerInternal done
07-06 00:35:57.996 E/HDMI_CEC( 1733): MI_CEC_SendTxPolling, ErrCode[4] 
07-06 00:35:58.030 E/HDMI_CEC( 1733): Sending message can't be response. 
07-06 00:35:58.136 D/PowerManagerService( 1733): setScreenBrightnessOverrideFromWindowManagerInternal done
07-06 00:35:58.140 D/PowerManagerService( 1733): setScreenBrightnessOverrideFromWindowManagerInternal done
07-06 00:35:58.873 I/NetflixMonitorService( 1733): current fgapk : com.hisense.hicloud.edca
07-06 00:35:58.873 I/NetflixMonitorService( 1733): Netflix status unchanged
07-06 00:35:58.974 D/HDMI    ( 1733): [P]:AllocatedAddress=[]
07-06 00:35:59.878 I/NetflixMonitorService( 1733): current fgapk : com.hisense.hicloud.edca
07-06 00:35:59.878 I/NetflixMonitorService( 1733): Netflix status unchanged
07-06 00:36:00.000 D/PowerManagerService( 1733): acquireWakeLockInternal: lock=1013057410, flags=0x40000001, tag="*alarm*", ws=WorkSource{1000}, uid=1000, pid=1733
07-06 00:36:00.000 D/PowerManagerNotifier( 1733): onWakeLockAcquired: flags=1073741825, tag="*alarm*", packageName=android, ownerUid=1000, ownerPid=1733, workSource=WorkSource{1000}
07-06 00:36:00.017 D/PowerManagerService( 1733): releaseWakeLockInternal: lock=1013057410 [*alarm*], flags=0x0
07-06 00:36:00.017 D/PowerManagerNotifier( 1733): onWakeLockReleased: flags=1073741825, tag="*alarm*", packageName=android, ownerUid=1000, ownerPid=1733, workSource=WorkSource{1000}
07-06 00:36:00.307 D/TileTransitionManager( 1733): getActivityContainer not enter cts mode
07-06 00:36:00.310 D/JamdeoActivityStackSupervisor( 1733): get currentSiloName
07-06 00:36:00.310 I/ActivityManager( 1733): START u0 {cmp=com.hisense.hicloud.edca/com.hisense.tvui.newhome.HomeMainActivity} from uid 10010 on display 0
07-06 00:36:00.313 D/PowerManagerService( 1733): setScreenBrightnessOverrideFromWindowManagerInternal done
07-06 00:36:00.320 D/PowerManagerService( 1733): setScreenBrightnessOverrideFromWindowManagerInternal done
07-06 00:36:00.323 V/WindowManager( 1733): addAppToken: AppWindowToken{3878f115 token=Token{7aa0acc ActivityRecord{fe32cff u0 com.hisense.hicloud.edca/com.hisense.tvui.newhome.HomeMainActivity t5520}}} to stack=276 task=5520 at 1
07-06 00:36:00.323 I/UsageStatsService( 1733): paused component:com.hisense.hicloud.edca
07-06 00:36:00.323 V/UsageStatsService( 1733): Paused: 21401895   Component: com.hisense.hicloud.edca/com.hisense.hicloud.edca.activity.EntryActivity   Time: 1499272560323 LastSessionTime: 6072 CumulativeSessionTime: 9746464
07-06 00:36:00.323 D/UsageStatsService( 1733): UsageStats: broadcasting intent
07-06 00:36:00.324 W/ContextImpl( 1733): Calling a method in the system process without a qualified user: android.app.ContextImpl.sendBroadcast:1327 com.android.server.usage.UsageStatsService.insertUsageStats:1104 com.android.server.usage.UsageStatsService$PkgUsageStatsExtended.updatePause:979 com.android.server.usage.UsageStatsService$LocalService.notePauseComponent:808 com.android.server.am.ActivityManagerService.updateUsageStats:3173 
07-06 00:36:00.324 D/UsageStatsService( 1733): User[0] Got usage event for com.hisense.hicloud.edca[1499272560324]: MOVE_TO_BACKGROUND
07-06 00:36:00.325 D/PowerManagerService( 1733): acquireWakeLockInternal: lock=681732318, flags=0x1, tag="ActivityManager-Launch", ws=null, uid=1000, pid=1733
07-06 00:36:00.325 D/PowerManagerNotifier( 1733): onWakeLockAcquired: flags=1, tag="ActivityManager-Launch", packageName=android, ownerUid=1000, ownerPid=1733, workSource=null
07-06 00:36:00.346 I/UsageStatsService( 1733): resumed component name is ComponentInfo{com.hisense.hicloud.edca/com.hisense.tvui.newhome.HomeMainActivity}
07-06 00:36:00.346 I/UsageStatsService( 1733): started component:com.hisense.hicloud.edca
07-06 00:36:00.346 V/UsageStatsService( 1733): Resumed: 21401918   Component: com.hisense.hicloud.edca/com.hisense.tvui.newhome.HomeMainActivity   Time: 1499272560346 VersionCode: 652   LastUpdateTime: 1499256171569
07-06 00:36:00.346 D/UsageStatsService( 1733): UsageStats: broadcasting intent
07-06 00:36:00.350 D/UsageStatsService( 1733): User[0] Got usage event for com.hisense.hicloud.edca[1499272560347]: MOVE_TO_FOREGROUND
07-06 00:36:00.352 W/ContextImpl( 1733): Calling a method in the system process without a qualified user: android.app.ContextImpl.sendBroadcast:1327 com.android.server.usage.UsageStatsService.insertUsageStats:1104 com.android.server.usage.UsageStatsService$PkgUsageStatsExtended.updateResume:962 com.android.server.usage.UsageStatsService$LocalService.noteResumeComponent:759 com.android.server.am.ActivityManagerService.updateUsageStats:3164 
07-06 00:36:00.358 D/PowerManagerService( 1733): setScreenBrightnessOverrideFromWindowManagerInternal done
07-06 00:36:00.359 I/ActivityManager( 1733): TR16) TaskRecord{2f35deb1 #5520 A=com.hisense.hicloud.edca U=0 sz=2}
07-06 00:36:00.360 I/ActivityManager( 1733): TR15) TaskRecord{2f4bcfc5 #5519 A=com.jamdeo.launcher U=0 sz=1}
07-06 00:36:00.361 V/ActivityManager( 1733): set mstar.EnterOpaqueUI false
07-06 00:36:00.879 I/NetflixMonitorService( 1733): current fgapk : com.hisense.hicloud.edca
07-06 00:36:00.879 I/NetflixMonitorService( 1733): Netflix status unchanged
07-06 00:36:01.603 V/WindowManager( 1733): Adding window Window{1535d9c9 u0 com.hisense.hicloud.edca/com.hisense.tvui.newhome.HomeMainActivity} at 11 of 19 (after Window{160ac934 u0 com.hisense.hicloud.edca/com.hisense.hicloud.edca.activity.EntryActivity})
07-06 00:36:01.879 I/NetflixMonitorService( 1733): current fgapk : com.hisense.hicloud.edca
07-06 00:36:01.879 I/NetflixMonitorService( 1733): Netflix status unchanged
07-06 00:36:02.320 I/ActivityManager( 1733): Start proc 5259:com.jamdeo.tv.fte/1000 for service com.jamdeo.tv.fte/com.hisense.bluetoothpair.BluetoothPairService
07-06 00:36:02.389 W/ResourcesManager( 5259): Asset path '/system/framework/com.jamdeo.flow.jar' does not exist or contains no resources.
07-06 00:36:02.472 D/PowerManagerService( 1733): setScreenBrightnessOverrideFromWindowManagerInternal done
07-06 00:36:02.475 D/PowerManagerService( 1733): setScreenBrightnessOverrideFromWindowManagerInternal done
07-06 00:36:02.713 D/PowerManagerService( 1733): setScreenBrightnessOverrideFromWindowManagerInternal done
07-06 00:36:02.718 D/PowerManagerService( 1733): acquireWakeLockInternal: lock=839095981, flags=0x1, tag="bluedroid_timer", ws=null, uid=1002, pid=2964
07-06 00:36:02.718 D/PowerManagerNotifier( 1733): onWakeLockAcquired: flags=1, tag="bluedroid_timer", packageName=com.android.bluetooth, ownerUid=1002, ownerPid=2964, workSource=null
07-06 00:36:02.718 D/PowerManagerService( 1733): setScreenBrightnessOverrideFromWindowManagerInternal done
07-06 00:36:02.725 D/PowerManagerService( 1733): setScreenBrightnessOverrideFromWindowManagerInternal done
07-06 00:36:02.880 I/NetflixMonitorService( 1733): current fgapk : com.hisense.hicloud.edca
07-06 00:36:02.880 I/NetflixMonitorService( 1733): Netflix status unchanged
07-06 00:36:03.162 D/PowerManagerService( 1733): setScreenBrightnessOverrideFromWindowManagerInternal done
07-06 00:36:03.165 D/PowerManagerService( 1733): setScreenBrightnessOverrideFromWindowManagerInternal done
07-06 00:36:03.177 D/PowerManagerService( 1733): setScreenBrightnessOverrideFromWindowManagerInternal done
07-06 00:36:03.399 W/ActivityManager( 1733): Activity destroy timeout for ActivityRecord{5ed9562 u0 com.jamdeo.launcher/.app.BaseTileActivity t5517 f}
07-06 00:36:03.486 I/UsageStatsService( 1733): User[0] Flushing usage stats to disk
07-06 00:36:03.721 D/PowerManagerService( 1733): releaseWakeLockInternal: lock=839095981 [bluedroid_timer], flags=0x0
07-06 00:36:03.721 D/PowerManagerNotifier( 1733): onWakeLockReleased: flags=1, tag="bluedroid_timer", packageName=com.android.bluetooth, ownerUid=1002, ownerPid=2964, workSource=null
07-06 00:36:03.881 I/NetflixMonitorService( 1733): current fgapk : com.hisense.hicloud.edca
07-06 00:36:03.881 I/NetflixMonitorService( 1733): Netflix status unchanged
07-06 00:36:04.078 D/PowerManagerService( 1733): setScreenBrightnessOverrideFromWindowManagerInternal done
07-06 00:36:04.881 I/NetflixMonitorService( 1733): current fgapk : com.hisense.hicloud.edca
07-06 00:36:04.881 I/NetflixMonitorService( 1733): Netflix status unchanged
07-06 00:36:05.882 I/NetflixMonitorService( 1733): current fgapk : com.hisense.hicloud.edca
07-06 00:36:05.882 I/NetflixMonitorService( 1733): Netflix status unchanged
07-06 00:36:06.090 D/PowerManagerService( 1733): setScreenBrightnessOverrideFromWindowManagerInternal done
07-06 00:36:06.108 V/WindowManager( 1733): Adding window Window{cb3262e u0 SurfaceView} at 11 of 20 (before Window{1535d9c9 u0 com.hisense.hicloud.edca/com.hisense.tvui.newhome.HomeMainActivity})
07-06 00:36:06.114 D/PowerManagerService( 1733): setScreenBrightnessOverrideFromWindowManagerInternal done
07-06 00:36:06.131 D/PowerManagerService( 1733): setScreenBrightnessOverrideFromWindowManagerInternal done
07-06 00:36:06.135 D/PowerManagerService( 1733): setScreenBrightnessOverrideFromWindowManagerInternal done
07-06 00:36:06.146 D/PowerManagerService( 1733): setScreenBrightnessOverrideFromWindowManagerInternal done
07-06 00:36:06.149 D/PowerManagerService( 1733): setScreenBrightnessOverrideFromWindowManagerInternal done
07-06 00:36:06.620 D/PowerManagerService( 1733): acquireWakeLockInternal: lock=863860175, flags=0x1, tag="AudioMix", ws=null, uid=1013, pid=0
07-06 00:36:06.621 D/PowerManagerNotifier( 1733): onWakeLockAcquired: flags=1, tag="AudioMix", packageName=media, ownerUid=1013, ownerPid=0, workSource=null
07-06 00:36:06.621 D/PowerManagerService( 1733): acquireWakeLockInternal: lock=325741404, flags=0x1, tag="AudioMix", ws=null, uid=1013, pid=0
07-06 00:36:06.622 D/PowerManagerNotifier( 1733): onWakeLockAcquired: flags=1, tag="AudioMix", packageName=media, ownerUid=1013, ownerPid=0, workSource=null
07-06 00:36:06.622 D/PowerManagerService( 1733): updateWakeLockWorkSourceInternal: lock=325741404 [AudioMix], ws=null
07-06 00:36:06.623 D/PowerManagerService( 1733): updateWakeLockWorkSourceInternal: lock=863860175 [AudioMix], ws=null
07-06 00:36:06.719 D/PowerManagerService( 1733): releaseWakeLockInternal: lock=681732318 [ActivityManager-Launch], flags=0x0
07-06 00:36:06.719 D/PowerManagerNotifier( 1733): onWakeLockReleased: flags=1, tag="ActivityManager-Launch", packageName=android, ownerUid=1000, ownerPid=1733, workSource=null
07-06 00:36:06.762 D/PowerManagerService( 1733): setScreenBrightnessOverrideFromWindowManagerInternal done
07-06 00:36:06.883 I/NetflixMonitorService( 1733): current fgapk : com.hisense.hicloud.edca
07-06 00:36:06.883 I/NetflixMonitorService( 1733): Netflix status unchanged
07-06 00:36:07.002 D/WifiService( 1733): New client listening to asynchronous messages
07-06 00:36:07.743 D/ConnectivityService( 1733): setProvNotificationVisibleIntent: E visible=false networkType=0 extraInfo=null
07-06 00:36:07.789 D/PowerManagerService( 1733): setScreenBrightnessOverrideFromWindowManagerInternal done
07-06 00:36:07.791 D/PowerManagerService( 1733): setScreenBrightnessOverrideFromWindowManagerInternal done
07-06 00:36:07.860 D/PowerManagerService( 1733): acquireWakeLockInternal: lock=487931605, flags=0x2000000a, tag="WindowManager", ws=WorkSource{10010}, uid=1000, pid=1733
07-06 00:36:07.860 D/PowerManagerNotifier( 1733): onWakeLockAcquired: flags=536870922, tag="WindowManager", packageName=android, ownerUid=1000, ownerPid=1733, workSource=WorkSource{10010}
07-06 00:36:07.860 D/PowerManagerService( 1733): setScreenBrightnessOverrideFromWindowManagerInternal done
07-06 00:36:07.883 I/NetflixMonitorService( 1733): current fgapk : com.hisense.hicloud.edca
07-06 00:36:07.883 I/NetflixMonitorService( 1733): Netflix status unchanged
--------- beginning of main
07-06 00:36:08.216 D/DtvSourcePlugin-DVBC( 4289): Setting the EPG Updater state to: WAIT
07-06 00:36:08.295 I/MyFragmentStateAdapter( 5153): getCount
07-06 00:36:08.337 D/Carousel-SimpleVideoView( 5153): speedKB=3929
07-06 00:36:08.338 D/Carousel-SimpleVideoView( 5153): msg.arg1=1
07-06 00:36:08.386 I/MyFragmentStateAdapter( 5153): getCount
07-06 00:36:08.440 I/TVMW@HsTvSetting( 1234): Trace cmd, data = 0x1058
07-06 00:36:08.441 D/til@system( 2026): til_get_system_param option:100002F int:0, bool:0, ret:0
07-06 00:36:08.442 I/TVMW@HsTvSetting( 1234): Trace cmd, data = 0x101f
07-06 00:36:08.443 D/HiCloudSourcePlugin( 4289): EPG Full Update Task Running...
07-06 00:36:08.443 I/HiCloudSourcePlugin( 4289): the EPG Full Update Task starts now.
07-06 00:36:08.443 D/til@system( 2026): til_get_system_param option:100001D int:3, bool:3, ret:0
07-06 00:36:08.444 E/til     ( 2026): [til_get_current_input_source, 101] 
07-06 00:36:08.445 I/TVMW@HsTvSetting( 1234): Trace cmd, data = 0x7007
07-06 00:36:08.445 I/tilwrapper@sm( 2026): HS2TIL_SourceType *hs=0xd, *til=0x900
07-06 00:36:08.446 D/til     ( 2026): get current source 2304
07-06 00:36:08.447 D/SourceRemoteServiceHandler( 2026): getCurrentInputSource.from.til.result is 0, value is 2304
07-06 00:36:08.447 D/SourceRemoteServiceHandler( 2026): getInputSourceType source: 0x900, type=2304
07-06 00:36:08.448 D/til     ( 2026): ###### func:til_get_picture_param option:0x3000006 ######  
07-06 00:36:08.449 I/TVMW@HsTvSetting( 1234): Trace cmd, data = 0x1003
07-06 00:36:08.452 I/TVMW@HsTvSetting( 1234): Trace cmd, data = 0x8032
07-06 00:36:08.452 I/hstvos  ( 1216): [0m[1;33m[HSHAL][HS_VIDEO][HS_HAL_Video_SetOsdDetect_v2][2389]u16Threshold = 20
07-06 00:36:08.454 I/MiSysSrv( 1214): Not support now! 42, change to mm_video!!!
07-06 00:36:08.458 E/TVMW@videoctrl( 1234):  getOsd is 1
07-06 00:36:08.460 D/til@system( 2026): til_get_system_param option:1000027 int:1, bool:1, ret:0
07-06 00:36:08.462 D/til     ( 2026): ###### func:til_get_picture_param option:0x3000045 ######  
07-06 00:36:08.463 I/TVMW@HsTvSetting( 1234): Trace cmd, data = 0x300c
07-06 00:36:08.463 I/TVMW@HsTvSetting( 1234): Trace 3d, data = 0x300c
07-06 00:36:08.463 I/TVMW@3d ( 1234): Hs_debug3d_trace: func:get3dStatus, line:109
07-06 00:36:08.498 D/MC_MEMORY( 4735): max: 256.261888 Mb, heap: 10.10798 Mb, allocated: 8.8756 Mb, free: 1.2042 Mb, native heap: 12.12276 Mb, native allocated: 8.8315 Mb, native free: 3.3961 Mb
07-06 00:36:08.515 D/        ( 1206): [VDEC][0]MApi_CMA_Pool_GetMem0: alloc_param.pool_handle_id=13, alloc_param.flags=4, alloc_param.offset_in_pool=1000000, alloc_param.length=8200000
07-06 00:36:08.515 E/        ( 1206): [HVD][ERR]MDrv_HVD_EX_PreSetVdecFeature:
07-06 00:36:08.516 E/        ( 1206): MDrv_HVD_EX_PreSetVdecFeature 0x0
07-06 00:36:08.552 I/MyFragmentStateAdapter( 5153): getCount
07-06 00:36:08.572 D/MSTAR_VDEC_API( 1206): Demuxer Frame Rate = 0 0
07-06 00:36:08.572 I/apiMMAP ( 1206): get_info: E_MMAP_ID_VDEC_FRAMEBUFFER_BALANCE_BW: not fount
07-06 00:36:08.572 W/MS_LOG  ( 1206): mmapInfo == NULL
07-06 00:36:08.573 I/MS_OMX_VDEC( 1206): [OMX.MS.AVC.Decoder]MS_OMX_OutputBufferProcess: in pause state , waiting for resume...
07-06 00:36:08.573 I/MS_OMX_VDEC( 1206): [OMX.MS.AVC.Decoder]MS_OMX_BufferProcess: in pause state , waiting for resume...
07-06 00:36:08.578 D/NuPlayer( 1206): rrrr video decoder executing, canreset set true
07-06 00:36:08.579 D/NuPlayer( 1206): rrrr video decoder executing, canreset set true
07-06 00:36:08.578 I/MS_OMX_VDEC( 1206): [OMX.MS.AVC.Decoder]MS_OMX_OutputBufferProcess: ...resumed
07-06 00:36:08.593 I/MS_OMX_VDEC( 1206): [OMX.MS.AVC.Decoder]MS_OMX_BufferProcess: ...resumed
07-06 00:36:08.631 D/MSTAR_VDEC_API( 1206): u32SHMAddr = 0x800cfa00, u8DataOnMIU = 0x1
07-06 00:36:08.632 D/MSTAR_VDEC_API( 1206): u8AspectRate = 0x1, u32AspectWidth = 1920, u32AspectHeight = 1080
07-06 00:36:08.632 D/MSTAR_VDEC_API( 1206): phyVsyncBridgeExtAddr = 0x800d0000, u8DataOnMIU = 0x1, W/H [1920/1088] CROP = [0 0 0 8]
07-06 00:36:08.632 D/MSTAR_VDEC_API( 1206): [0] Free Backup Config Data
07-06 00:36:08.662 D/MSTAR_VDEC_DBG( 1206): Stream ID: 0, Rate : 0 (E:0,D:0,S:0,F:5) 
07-06 00:36:08.663 V/NuPlayer( 1206): [kWhatVideoNotify] nuplayerdecoder return kWhatVideoSizeChanged
07-06 00:36:08.663 V/NuPlayer( 1206): Video output format changed to 1920 x 1088 (crop: 1920 x 1080 @ (0, 0))
07-06 00:36:08.663 V/NuPlayer( 1206): updateVideoSize::rotationDegrees=0
07-06 00:36:08.664 V/NuPlayer( 1206): media rendering started
07-06 00:36:08.664 E/BufferQueueProducer( 1204): fromProcess: /system/bin/mediaserver
07-06 00:36:08.665 D/vsyncbridge( 1204): vsync_bridge_render_frame: [0]switch not on !
07-06 00:36:08.665 D/vsyncbridge( 1204): Display Path INIT BEGIN
07-06 00:36:08.673 D/hwcomposer( 1204): Overlay[0], bInUsed = 1, bIsForceClose = 0
07-06 00:36:08.673 D/vsyncbridge( 1204): [0] handle_thread thread got msg 0x1, mState = 0
07-06 00:36:08.673 D/vsyncbridge( 1204): Overlay 0 state change from 0 to 1
07-06 00:36:08.673 D/vsyncbridge( 1204): Init Overlay 0
07-06 00:36:08.673 V/RMClient( 1204): #290:RMClient
07-06 00:36:08.674 V/RMClient( 1204): #289:~RMClient
07-06 00:36:08.674 V/RMClient( 1204): #289:RMClient::returnAllResourcesAsync
07-06 00:36:08.674 V/RMClientListener( 1204): ~RMClientListener
07-06 00:36:08.674 V/RMClient( 1204): #290:requestResourceAsync
07-06 00:36:08.674 D/vsyncbridge( 1204): Wrapper_connect IN.
07-06 00:36:08.675 V/RMClient( 1204): #290:onMessageReceived creq
07-06 00:36:08.675 V/RMClient( 1204): #290:kWhatCmdResourceRequest
07-06 00:36:08.680 V/RMAllocator( 1198): handleRequest
07-06 00:36:08.681 V/RMAllocator( 1198): handleRequest new ClientInfo, client=2378240384 id=290
07-06 00:36:08.681 I/RMAllocator( 1198): ClientInfo this=2382672128, mRMClient=2378240384. id=290
07-06 00:36:08.681 V/RMAllocator( 1198): handleRequest new ClientInfo=2382672128, client=2378240384 id=290
07-06 00:36:08.681 D/TVEmuRMService_main( 1198): type =14 , pip=0 
07-06 00:36:08.681 D/TVEmuRMService_main( 1198): pip disable path 
07-06 00:36:08.681 V/RMAllocator( 1198): allocateResources
07-06 00:36:08.681 V/RMAllocator( 1198): allocateOneResource
07-06 00:36:08.682 V/RMClient( 1204): #290:handleRequestDone
07-06 00:36:08.682 V/RMClient( 1204): #290:Done
07-06 00:36:08.683 V/RMClient( 1204): #290:onMessageReceived ldon
07-06 00:36:08.683 V/RMClient( 1204): #290:kWhatRequestDone
07-06 00:36:08.683 D/vsyncbridge( 1204): handleRequestDone: mOverlayID = 0, mState = 0x1
07-06 00:36:08.683 V/RMClient( 1204): #290:Done
07-06 00:36:08.685 I/MiSysSrv( 1214): none MI_DBG_LVL_L in PROC_CMD_LINE!
07-06 00:36:08.686 I/MiSysSrv( 1214): none MI_DBG_LVL_H in PROC_CMD_LINE!
07-06 00:36:08.687 D/hwcomposer( 1204): lastVideoPlanes is dirty
07-06 00:36:08.687 D/hwcomposer( 1204): lastHWWindowInfo is dirty
07-06 00:36:08.690 I/MiSysSrv( 1214): [1;31m[MI ERR ]: _MI_Video_CB_Task[239]: g_VideoEvt = NULL!
07-06 00:36:08.692 I/MiSysSrv( 1214): [0m[1;32m[MI INFO]:_MI_HWCAPS_UpdateVideoCaps[574]: [HWCAPS]:Info: video caps has been updated!
07-06 00:36:08.695 E/MiDispoutService( 1465): MiDispoutGetHandle, 779, IMPL Handle = 1146028032 
07-06 00:36:08.695 I/MiVideoService( 1465): impl handle 0x86001b22 opened!
07-06 00:36:08.696 I/MiSysSrv( 1214): [0m~~~~> _MI_ATOM_DISPOUT_GetDeviceObject(): [IN]u32DeviceType={0},[IN]u32DeviceId={0}
07-06 00:36:08.696 I/MiSysSrv( 1214): ~~~~> _MI_ATOM_DISPOUT_GetDeviceObject(): [IN]_astDispoutObj[0]={0, 0}
07-06 00:36:08.696 I/MiSysSrv( 1214): [mapi_video_base@Line 1270] Initialize:1270 Video Init : Win Change[0->0], Source Change[42->34]
07-06 00:36:08.696 I/MiSysSrv( 1214): [Hal_SC_mux_dispatch][607]src_port=100, dest_port=1
07-06 00:36:08.710 I/MiSysSrv( 1214): ???????? Warning,The MMAP ID(E_MMAP_ID_XC_MAIN_FB) does not existed.
07-06 00:36:08.710 I/MiSysSrv( 1214): ???????? please add in your mmap or ignore this message.
07-06 00:36:08.710 I/MiSysSrv( 1214): [XC,SetWindow][msAPI_Scaler_Field_Detect, 2051] DTV [XC,SetWindow][msAPI_Scaler_Field_Detect, 2064] -> Progressive
07-06 00:36:08.734 E/vsyncbridge( 1204): MI_V3D_GetHandle().
07-06 00:36:08.735 D/vsyncbridge( 1204): Sucess to MI_V3D_RegisterCallback(). event flags : 2 
07-06 00:36:08.735 E/vsyncbridge( 1204): Sucess to MI_V3D_RegisterCallback(). event flags : 1 
07-06 00:36:08.735 E/vsyncbridge( 1204): MI_V3D_GetHandle().
07-06 00:36:08.737 D/vsyncbridge( 1204): 3D disable, DS should on.
07-06 00:36:08.771 D/vsyncbridge( 1204): [0] handle_thread thread got msg 0x1, mState = 1
07-06 00:36:08.771 D/vsyncbridge( 1204): Overlay 0 state change from 1 to 2
07-06 00:36:08.771 D/vsyncbridge( 1204): enWin=0, enCodecType=11, miu=1, frameRate=24000, interlace=0, Hsize=1920, Vsize=1088, {0, 0, 0, 8}
07-06 00:36:08.771 D/vsyncbridge( 1204): win.x = 549, win.y = 205, win.width = 816, win.height = 460, [1920, 1080] apptype = 0
07-06 00:36:08.771 E/vsyncbridge( 1204): MI_V3D_GetHandle().
07-06 00:36:08.771 D/vsyncbridge( 1204): 3D disable, DS should on.
07-06 00:36:08.771 D/vsyncbridge( 1204): V3d is Opened.
07-06 00:36:08.771 D/vsyncbridge( 1204): Current 3D format = 0, PIPMode = 0
07-06 00:36:08.771 D/vsyncbridge( 1204): Wrapper_Video_setMode 0, DS: 1 , 3D: 0 
07-06 00:36:08.771 I/vsyncbridge( 1204): Skip 4K2K Pannel setting .
07-06 00:36:08.779 E/IMiDisplay( 1466): MI_Display_CtrlType_e:1
07-06 00:36:08.779 I/MiSysSrv( 1214): [1;31m[MI ERR ]: MI_ATOM_DISPLAY_SetMmMode[4724]: MI_ATOM_DISPLAY_SetMmMode CodecType=11, MIU=1, FrameRate=24000, Interlace=0, HSize=3840, VSize=2160, top=0, bot=8, left=0, right=0,pVideo=0xe6d01248
07-06 00:36:08.779 I/MiSysSrv( 1214): [0m[mapi_video_base@Line 3917] m_bSetMode=1 this=0xe6d01248
07-06 00:36:08.779 E/IMiDisplay( 1465): Invalid MI_Display_CtrlType_e:1
07-06 00:36:08.779 E/IMiDisplay( 1465): Invalid MI_Display_CtrlType_e:4
07-06 00:36:08.797 I/MiSysSrv( 1214): [1;31m[MI ERR ]: _MI_VIDEO_SetMmMvopMode[4639]: CodecType=11, MIU=1, FrameRate=24000, Interlace=0, HSize=3840, VSize=2160, top=0, bot=8, left=0, right=0,pVideo=0xe010d4c8
07-06 00:36:08.802 I/MiSysSrv( 1214): [0m->u16FrameRate = 24000
07-06 00:36:08.802 I/MiSysSrv( 1214): ->u8Interlace = 0
07-06 00:36:08.802 I/MiSysSrv( 1214): ->u16HorSize = 3840
07-06 00:36:08.802 I/MiSysSrv( 1214): ->u16VerSize = 2160
07-06 00:36:08.802 I/MiSysSrv( 1214): [Warning] xc support pVOPTiming->u16H_TotalCount >= 4095 after CL 712830
07-06 00:36:08.814 D/MediaHTTPConnection( 5153): [Connection@34823391] getSize mTotalSize = 218840697
07-06 00:36:08.818 I/MiSysSrv( 1214): SetMmMvopMode,1479
07-06 00:36:08.818 E/IMiDisplay( 1466): MI_Display_CtrlType_e:2
07-06 00:36:08.819 E/IMiDisplay( 1465): Invalid MI_Display_CtrlType_e:2
07-06 00:36:08.819 D/vsyncbridge( 1204): int Wrapper_Video_setMode(MS_VideoInfo*, int) @ line: 914: Enter Start ds.
07-06 00:36:08.819 D/vsyncbridge( 1204): vsync_bridge_CalAspectRatio type = 0
07-06 00:36:08.821 D/vsyncbridge( 1204): panel [3840 2160] osd [1920 1080] ratio [2.000000 2.000000]
07-06 00:36:08.821 D/vsyncbridge( 1204): apply ratio, x=1098, y=410, width=1632, height=920
07-06 00:36:08.821 D/vsyncbridge( 1204): disp_old[1098 410 2730 1330], disp_new[1098 410 2730 1330], crop[0 0 1920 1080]
07-06 00:36:08.821 D/vsyncbridge( 1204): Wrapper_Video_setXCWin IN.
07-06 00:36:08.821 D/vsyncbridge( 1204): Wrapper_Video_setXCWin 0
07-06 00:36:08.822 V/MediaPlayer-JNI( 5153): getVideoWidth: 1920
07-06 00:36:08.822 V/MediaPlayer-JNI( 5153): getVideoHeight: 1080
07-06 00:36:08.823 I/MiSysSrv( 1214): [leon.luo]EnableVideoMute = 1,enColor = 5
07-06 00:36:08.847 I/Carousel-UrlVideoView( 5153): onMeasure(MeasureSpec: EXACTLY 816, MeasureSpec: EXACTLY 460)
07-06 00:36:08.847 D/Carousel-UrlVideoView( 5153): widthSpecMode=1073741824
07-06 00:36:08.847 D/Carousel-UrlVideoView( 5153): heightSpecMode=1073741824
07-06 00:36:08.847 D/Carousel-UrlVideoView( 5153): widthSpecSize=816
07-06 00:36:08.847 D/Carousel-UrlVideoView( 5153): heightSpecSize=460
07-06 00:36:08.847 I/Carousel-UrlVideoView( 5153): onMeasure(MeasureSpec: EXACTLY 816, MeasureSpec: EXACTLY 460)
07-06 00:36:08.847 D/Carousel-UrlVideoView( 5153): widthSpecMode=1073741824
07-06 00:36:08.847 D/Carousel-UrlVideoView( 5153): heightSpecMode=1073741824
07-06 00:36:08.847 D/Carousel-UrlVideoView( 5153): widthSpecSize=816
07-06 00:36:08.847 D/Carousel-UrlVideoView( 5153): heightSpecSize=460
07-06 00:36:08.854 I/MiSysSrv( 1214): [1;31m<<<_MI_DISPLAY_CheckPointToPoint[4883] checkPointToPointCondition: not support. 
07-06 00:36:08.855 D/vsyncbridge( 1204): DisplayWindow (1098 410) 1632 X 920.
07-06 00:36:08.855 I/MiSysSrv( 1214): [0m[1;31m<<<_MI_DISPLAY_CheckPointToPoint[4883] checkPointToPointCondition: not support. 
07-06 00:36:08.855 I/MiSysSrv( 1214): [0m[mapi_video_base@Line 1557] Lock window enabled @ x,y,w,h=1098,410,1632,920
07-06 00:36:08.857 I/hstvos  ( 1216): [0m[1;36m[mif][VIDEO_FW][_Mif_Video_Window_Callback][460]_Mif_Video_Window_Callback u32EventFlags: 65536, width: 1632, height: 920
07-06 00:36:08.858 W/        ( 1204): no callback function match handle 0x48a0700,
07-06 00:36:08.858 E/MiDisplay( 1204): ERROR pstCallbackParams.
07-06 00:36:08.858 I/MiSysSrv( 1214): Obtain XC engine fail
07-06 00:36:08.861 I/MiSysSrv( 1214): [mapi_video_base@Line 2043] CropWin assigned: x,y,w,h=0,0,1920,1080
07-06 00:36:08.861 I/MiSysSrv( 1214): [leon.luo]m_bHdmiTxType = 0,m_bHdmiTxEnable =0
07-06 00:36:08.861 I/MiSysSrv( 1214): [mapi_video_base@Line 2096] DstWin Locked: x,y,w,h=1098,410,1632,920
07-06 00:36:08.861 I/MiSysSrv( 1214): [mapi_video_base@Line 2198] SrcWin1[Win=0]: x,y,w,h=1105,30,3840,2152
07-06 00:36:08.861 I/MiSysSrv( 1214): [mapi_video_base@Line 2199] CropWin1: x,y,w,h=0,0,1920,1080
07-06 00:36:08.861 I/MiSysSrv( 1214): [mapi_video_base@Line 2200] DispWin1: x,y,w,h=1098,410,1632,920
07-06 00:36:08.864 I/MiSysSrv( 1214): [mapi_video_base@Line 2279] CropWin1.1: x,y,w,h=0,0,1920,1080
07-06 00:36:08.864 I/MiSysSrv( 1214): === open 3D OverScan ===
07-06 00:36:08.864 I/MiSysSrv( 1214): [mapi_video_base@Line 2281] CropWin1.2: x,y,w,h=0,0,1920,1080
07-06 00:36:08.864 I/MiSysSrv( 1214): [mapi_video_base@Line 2285] SrcWin2: x,y,w,h=1105,30,3840,2152
07-06 00:36:08.864 I/MiSysSrv( 1214): [mapi_video_base@Line 2286] CropWin2: x,y,w,h=0,0,1920,1080
07-06 00:36:08.864 I/MiSysSrv( 1214): [mapi_video_base@Line 2287] DispWin2: x,y,w,h=1098,410,1632,920
07-06 00:36:08.866 I/MiSysSrv( 1214): [mapi_video_base@Line 2384] SrcWin3: x,y,w,h=1105,30,3840,2152
07-06 00:36:08.866 I/MiSysSrv( 1214): [mapi_video_base@Line 2385] CropWin3: x,y,w,h=0,0,1920,1080
07-06 00:36:08.866 I/MiSysSrv( 1214): [mapi_video_base@Line 2386] DispWin3: x,y,w,h=1098,410,1632,920
07-06 00:36:08.867 I/MiSysSrv( 1214): [leon.luo]m_bHdmiTxType = 0,m_bHdmiTxEnable =0
07-06 00:36:08.875 I/MiSysSrv( 1214): [mapi_video_base@Line 2575] SrcWin5[Win=0]: x,y,w,h=1105,30,3840,2152
07-06 00:36:08.876 I/MiSysSrv( 1214): [mapi_video_base@Line 2576] CropWin5: x,y,w,h=0,0,1920,1080
07-06 00:36:08.876 I/MiSysSrv( 1214): [mapi_video_base@Line 2577] DispWin5: x,y,w,h=1098,410,1632,920
07-06 00:36:08.876 I/MiSysSrv( 1214): [mapi_video_base@Line 2609][MOVEWINDOW] m_stCurWinInfo={34, {1105,30,3840,2152},
07-06 00:36:08.876 I/MiSysSrv( 1214):         {1098,410,1632,920}, {0,0,1920,1080},    0,0,240,2205,0,0,
07-06 00:36:08.876 I/MiSysSrv( 1214):         0,0,0,0,0,0,    0,   1,3840,3840,1,2160,2160,0}
07-06 00:36:08.876 I/MiSysSrv( 1214): [mapi_video_base@Line 2620][MOVEWINDOW] m_stPrevXCSetWinInfo={0, {0,0,0,0},
07-06 00:36:08.876 I/MiSysSrv( 1214):         {0,0,0,0}, {0,0,0,0},    0,0,0,0,0,0,
07-06 00:36:08.876 I/MiSysSrv( 1214):         0,0,0,0,0,0,    0,   0,0,0,0,0,0,0}
07-06 00:36:08.876 I/MiSysSrv( 1214): [mapi_video_base@Line 2625][MOVEWINDOW] SetXcWindow input Source  change
07-06 00:36:08.876 I/MiSysSrv( 1214): [mapi_video_base@Line 2633][MOVEWINDOW] SetXcWindow Capture Window  change
07-06 00:36:08.876 I/MiSysSrv( 1214): [mapi_video_base@Line 2642][MOVEWINDOW] SetXCWindow Crop Window  change
07-06 00:36:08.876 I/MiSysSrv( 1214): [mapi_video_base@Line 2649][MOVEWINDOW] SetXCWindow Display Size Window  change
07-06 00:36:08.876 I/MiSysSrv( 1214): [mapi_video_base@Line 2671][MOVEWINDOW] SetXCWindow Scaling Timing change
07-06 00:36:08.876 I/MiSysSrv( 1214): [mapi_video_base@Line 2696][MOVEWINDOW] SetXCWindow Post CusScaling change
07-06 00:36:08.881 I/MiSysSrv( 1214): [XC,LPLL][MApi_SC_ForceFreerun_U2, 1511] MApi_SC_ForceFreerun = 0
07-06 00:36:08.882 I/MiSysSrv( 1214): [mapi_video_base@Line 2776][MOVEWINDOW] SetXCWindow  Reset
07-06 00:36:08.882 I/MiSysSrv( 1214): [mapi_video_base@Line 8253] Window is main, overscan is false, aspect ratio isn't DotByDot, input source is storage.
07-06 00:36:08.882 I/MiSysSrv( 1214): [mapi_video_base@Line 8259] P2P or MM: Pixel shift direction is none.
07-06 00:36:08.882 I/MiSysSrv( 1214): [XC,SetWindow][_MApi_XC_SetWindow, 3948] ============= SetWindow Start (Window : 0, src: 34) =============
07-06 00:36:08.882 I/MiSysSrv( 1214): [XC,SetWindow][_MApi_XC_SetWindow, 3949] CapWin  x: 1105  y:   30  w: 3840  h: 2152 
07-06 00:36:08.882 I/MiSysSrv( 1214): [XC,SetWindow][_MApi_XC_SetWindow, 3950] CropWin x:    0  y:    0  w: 1920  h: 1080 
07-06 00:36:08.884 I/NetflixMonitorService( 1733): current fgapk : com.hisense.hicloud.edca
07-06 00:36:08.884 I/NetflixMonitorService( 1733): Netflix status unchanged
07-06 00:36:08.885 I/MyFragmentStateAdapter( 5153): getCount
07-06 00:36:08.885 I/MiSysSrv( 1214): [XC,SetWindow][_MApi_XC_SetWindow, 3951] DispWin x: 1208  y:  410  w: 1632  h:  920 
07-06 00:36:08.895 I/MiSysSrv( 1214): [XC,SetWindow][_MApi_XC_SetWindow, 3956] Panel   x:  110  y:    0  w: 3840  h: 2160 
07-06 00:36:08.896 I/MiSysSrv( 1214): [XC,SetWindow][_MApi_XC_SetWindow, 3957] Mirror/Interlace/Hdup = 0/0/0
07-06 00:36:08.896 I/MiSysSrv( 1214): [XC,SetWindow][_MApi_XC_SetWindow, 3958] H/V total = (0, 2205), VFreq = 240
07-06 00:36:08.896 I/MiSysSrv( 1214): [XC,SetWindow][_MApi_XC_SetWindow, 3959] Pre  H cus scaling 1 (3840 -> 3840)
07-06 00:36:08.896 I/MiSysSrv( 1214): [XC,SetWindow][_MApi_XC_SetWindow, 3960] Pre  V cus scaling 1 (2160 -> 2160)
07-06 00:36:08.896 I/MiSysSrv( 1214): [XC,SetWindow][_MApi_XC_SetWindow, 3961] Post H cus scaling 0 (0 -> 0)
07-06 00:36:08.896 I/MiSysSrv( 1214): [XC,SetWindow][_MApi_XC_SetWindow, 3962] Post V cus scaling 0 (0 -> 0)
07-06 00:36:08.899 I/MiSysSrv( 1214): [XC,SetWindow][_MApi_XC_SetWindow, 4003] [_MApi_XC_SetWindow, 4003][CMA], bIsGetCMA[self]=1 bIsGetCMA[cobuff]=0 
07-06 00:36:08.899 I/MiSysSrv( 1214): [XC,SetWindow][_MApi_XC_SetWindow, 4004] [_MApi_XC_SetWindow, 4004][CMA], au32CMAMemSCMSize[self]=0 au32CMAMemSCMSize[cobuff]=0 u32DualMiuMemSize=0
07-06 00:36:08.899 I/MiSysSrv( 1214): [XC,SetWindow][_MApi_XC_SetWindow, 4005] [_MApi_XC_SetWindow, 4005][CMA], u32PreCMAMemSCMSize[self]=0 u32PreCMAMemSCMSize[cobuff]=0 
07-06 00:36:08.899 I/MiSysSrv( 1214): [XC,SetWindow][_MApi_XC_SetWindow, 4006] [_MApi_XC_SetWindow, 4006][CMA], u32PreCMAMemFRCMSize[self]=0 u32PreCMAMemFRCMSize[cobuff]=0 
07-06 00:36:08.900 I/MiSysSrv( 1214): [XC,SetWindow][_MApi_XC_SetWindow, 4007] [_MApi_XC_SetWindow, 4007][CMA], u32PreCMAMemDualSCMSize=0 
07-06 00:36:08.966 I/TVMW@HsTvSetting( 1234): Trace cmd, data = 0x1058
07-06 00:36:08.966 D/til@system( 2026): til_get_system_param option:100002F int:0, bool:0, ret:0
07-06 00:36:08.966 I/TVMW@HsTvSetting( 1234): Trace cmd, data = 0x101f
07-06 00:36:08.966 D/til@system( 2026): til_get_system_param option:100001D int:3, bool:3, ret:0
07-06 00:36:08.966 E/til     ( 2026): [til_get_current_input_source, 101] 
07-06 00:36:08.966 I/TVMW@HsTvSetting( 1234): Trace cmd, data = 0x7007
07-06 00:36:08.966 I/tilwrapper@sm( 2026): HS2TIL_SourceType *hs=0xd, *til=0x900
07-06 00:36:08.966 D/til     ( 2026): get current source 2304
07-06 00:36:08.966 D/SourceRemoteServiceHandler( 2026): getCurrentInputSource.from.til.result is 0, value is 2304
07-06 00:36:08.966 D/SourceRemoteServiceHandler( 2026): getInputSourceType source: 0x900, type=2304
07-06 00:36:08.966 D/til     ( 2026): ###### func:til_get_picture_param option:0x3000006 ######  
07-06 00:36:08.966 I/TVMW@HsTvSetting( 1234): Trace cmd, data = 0x1003
07-06 00:36:08.968 I/TVMW@HsTvSetting( 1234): Trace cmd, data = 0x8032
07-06 00:36:08.968 I/hstvos  ( 1216): [0m[1;33m[HSHAL][HS_VIDEO][HS_HAL_Video_SetOsdDetect_v2][2389]u16Threshold = 20
07-06 00:36:09.001 V/MediaPlayer-JNI( 5153): getCurrentPosition: 100 (msec)
07-06 00:36:09.012 V/MediaPlayer-JNI( 5153): isPlaying: 1
07-06 00:36:09.012 D/Carousel-SimpleVideoView( 5153): speedKB=3704
07-06 00:36:09.012 D/Carousel-SimpleVideoView( 5153): msg.arg1=1
07-06 00:36:09.031 I/TVMW@devctrl( 1234): wdt
07-06 00:36:09.221 I/HLSP2P  ( 3457): ## 2017-07-06 00:36:09.221 [3457,3628,:0] INFO ## [HLSP2P][PunchHelper.cpp:286][INFO][SendHeartBeatMsg][PunchHelper] send heartbeat to punch server(111.161.53.222:8002) ok
07-06 00:36:09.232 I/HLSP2P  ( 3457): ## 2017-07-06 00:36:09.231 [3457,3630,:0] INFO ## [HLSP2P][PunchHelper.cpp:431][INFO][OnHeartbeatRsp][PunchHelper] punch heartbeat rsp ok
07-06 00:36:09.536 I/MyFragmentStateAdapter( 5153): getCount
07-06 00:36:09.573 I/MiSysSrv( 1214): [35mFunction = MApi_CMA_Pool_GetMem, Line = 336, alloc_param->virt_addr is 0xE0B00000[m
07-06 00:36:09.582 I/MiSysSrv( 1214): [XC,SetWindow][_MApi_XC_SetWindow, 4023] [_MApi_XC_SetWindow, 4023][CMA], u32CMAAddr[CMA_XC_SELF_MEM]=16800000 
07-06 00:36:09.582 I/MiSysSrv( 1214): [XC,SetWindow][_MApi_XC_SetWindow, 4056] [_MApi_XC_SetWindow, 4056][CMA], Release cobuff buff!
07-06 00:36:09.582 I/MiSysSrv( 1214): [XC,SetWindow][Hal_SC_set_write_limit,  650] eWindow=0, MHal_XC_GetDNRBufAddress=b40000, MHal_XC_GetDNRBufSize=300000
07-06 00:36:09.582 I/MiSysSrv( 1214): [XC,SetWindow][Hal_SC_set_write_limit,  651] eWindow=0, u32MinLimitAddress=b40000, u32MaxLimitAddress=e3ffff
07-06 00:36:09.582 I/MiSysSrv( 1214): [XC,SetWindow][MDrv_XC_SetFRCMFrameBufferAddress, 1259] Change Main_FB_Start_Addr=16800000, Size=6000000
07-06 00:36:09.582 I/MiSysSrv( 1214): [XC,SetWindow][Hal_SC_set_write_limit,  650] eWindow=0, MHal_XC_GetDNRBufAddress=b40000, MHal_XC_GetDNRBufSize=300000
07-06 00:36:09.582 I/MiSysSrv( 1214): [XC,SetWindow][Hal_SC_set_write_limit,  651] eWindow=0, u32MinLimitAddress=b40000, u32MaxLimitAddress=e3ffff
07-06 00:36:09.582 I/MiSysSrv( 1214): [XC,SetWindow][MDrv_XC_SetFrameBufferAddress, 1026] Change Main_FB_Start_Addr=16800000, Size=6000000
07-06 00:36:09.582 I/MiSysSrv( 1214): [XC,SetWindow][Hal_SC_set_write_limit,  650] eWindow=0, MHal_XC_GetDNRBufAddress=b40000, MHal_XC_GetDNRBufSize=300000
07-06 00:36:09.582 I/MiSysSrv( 1214): [XC,SetWindow][Hal_SC_set_write_limit,  651] eWindow=0, u32MinLimitAddress=b40000, u32MaxLimitAddress=e3ffff
07-06 00:36:09.582 I/MiSysSrv( 1214): [XC,SetWindow][_MApi_XC_SetWindow, 4143] [_MApi_XC_SetWindow, 4143] [DS] u16VBox_Htotal:3840 u16VBox_Vtotal:2160  
07-06 00:36:09.583 I/MiSysSrv( 1214): [XC,SetWindow][_MApi_XC_SetWindow, 4176] [_MApi_XC_SetWindow, 4176] [DS] [PQSrcData] width:3840 height:2160  
07-06 00:36:09.583 I/MiSysSrv( 1214): [XC,SetWindow][MApi_XC_Set_PQ_SourceData, 2949] PQSetSource:Input src=34, win=0,
07-06 00:36:09.583 I/MiSysSrv( 1214): [XC,SetWindow][MApi_XC_Set_PQ_SourceData, 2950] PQSetSource:   PQ src=9, win=0
07-06 00:36:09.583 I/MiSysSrv( 1214): [XC,SetWindow][msAPI_Scaler_SetMode, 2602] E_MS_XC_MEM_FMT_AUTO
07-06 00:36:09.583 I/MiSysSrv( 1214): [XC,SetWindow][msAPI_Scaler_SetMode, 2624] MemFmt422=1
07-06 00:36:09.583 I/MiSysSrv( 1214): [XC,SetWindow][msAPI_Scaler_SetMode, 2679] bMemYUVFmt=1, RGBin=0
07-06 00:36:09.583 I/MiSysSrv( 1214): [XC,LPLL][MDrv_SC_IsForceFreerun, 1547] MDrv_SC_IsForceFreerun = 0
07-06 00:36:09.583 I/MiSysSrv( 1214): [XC,SetWindow][msAPI_Scaler_Field_Detect, 2051] DTV [XC,SetWindow][msAPI_Scaler_Field_Detect, 2064] -> Progressive
07-06 00:36:09.583 I/MiSysSrv( 1214): [XC,SetWindow][_MApi_XC_SetWindow, 4250] UCNR enabled: NO 
07-06 00:36:09.593 I/MiSysSrv( 1214): [XC,SetWindow][MDrv_SC_set_prescaling_ratio, 2287] [PRE]eWindow[0] VSrc=2160, VDst=2160, bBilinear=0
07-06 00:36:09.604 D/Carousel-SimpleVideoView( 5153): speedKB=4751
07-06 00:36:09.604 D/Carousel-SimpleVideoView( 5153): msg.arg1=1
07-06 00:36:09.607 I/MiSysSrv( 1214): [XC,SetWindow][MDrv_SC_set_prescaling_ratio, 2446] [MDrv_SC_set_prescaling_ratio, 2446] [DS] u16V_Length:2160 
07-06 00:36:09.621 I/MyFragmentStateAdapter( 5153): getCount
07-06 00:36:09.624 D/PowerManagerService( 1733): releaseWakeLockInternal: lock=863860175 [AudioMix], flags=0x0
07-06 00:36:09.625 D/PowerManagerNotifier( 1733): onWakeLockReleased: flags=1, tag="AudioMix", packageName=media, ownerUid=1013, ownerPid=0, workSource=null
07-06 00:36:09.630 D/PowerManagerService( 1733): releaseWakeLockInternal: lock=325741404 [AudioMix], flags=0x0
07-06 00:36:09.630 D/PowerManagerNotifier( 1733): onWakeLockReleased: flags=1, tag="AudioMix", packageName=media, ownerUid=1013, ownerPid=0, workSource=null
07-06 00:36:09.693 I/MiSysSrv( 1214): [XC,SetWindow][MDrv_SC_set_prescaling_ratio, 2609] stHSDSamplingInfo.u32ratio=0,bHSDRet=1
07-06 00:36:09.693 I/MiSysSrv( 1214): [XC,SetWindow][MDrv_SC_set_prescaling_ratio, 2662] PQ HSD_SAMPLING: eWindow[0] HSrc=3840, HDst=3840
07-06 00:36:09.693 I/MiSysSrv( 1214): [XC,SetWindow][MDrv_SC_set_prescaling_ratio, 2774] [PRE]Force Prescaling Down : 0  _bPQSetPreScalingrate : 0 
07-06 00:36:09.693 I/MiSysSrv( 1214): [XC,SetWindow][MDrv_SC_3D_Adjust_PreHorDstSize,  913] PreHorDstSize(Mainwindow): 3840
07-06 00:36:09.693 I/MiSysSrv( 1214): [XC,SetWindow][MDrv_SC_set_prescaling_ratio, 2919] eWindow[0] HSrc=3840, HDst=3840
07-06 00:36:09.704 I/MiSysSrv( 1214): [XC,SetWindow][MDrv_SC_set_prescaling_ratio, 3007] [PRE]eWindow[0] HSrc=3840, HDst=3840, bAdvMode=3
07-06 00:36:09.704 I/MiSysSrv( 1214): [XC,SetWindow][MDrv_SC_set_prescaling_ratio, 3114] [PRE]HRatio=0xc0100000, VRatio=0x0, u16V_Length = 2160
07-06 00:36:09.704 I/MiSysSrv( 1214): [XC,SetWindow][_MApi_XC_SetWindow, 4263] CapWin  x: 1105  y:   30  w: 3840  h: 2152 
07-06 00:36:09.704 I/MiSysSrv( 1214): [XC,SetWindow][_MApi_XC_SetWindow, 4264] CropWin x:    0  y:    0  w: 1920  h: 1080 
07-06 00:36:09.704 I/MiSysSrv( 1214): [XC,SetWindow][MDrv_SC_set_crop_window, 1509] W=3840, W PSD=3840
07-06 00:36:09.704 I/MiSysSrv( 1214): [XC,SetWindow][MDrv_SC_set_crop_window, 1510] Scaled crop[1] x,y,w,h=0,0,1920,1084
07-06 00:36:09.704 I/MiSysSrv( 1214): [XC,SetWindow][MDrv_SC_set_crop_window, 1536] Scaled crop[2] x,y,w,h=0,0,1920,1084
07-06 00:36:09.705 I/MiSysSrv( 1214): [XC,SetWindow][MDrv_SC_set_crop_window, 1626] Scaled crop[3] x,y,w,h=0,0,1920,1084
07-06 00:36:09.705 I/MiSysSrv( 1214): [XC,SetWindow][MDrv_SC_set_crop_window, 1630] Scaled crop[4] x,y,w,h=0,0,1920,1084
07-06 00:36:09.705 I/MiSysSrv( 1214): [XC,SetWindow][_MApi_XC_SetWindow, 4285] CapWin  x: 1105  y:   30  w: 3840  h: 2152 
07-06 00:36:09.705 I/MiSysSrv( 1214): [XC,SetWindow][_MApi_XC_SetWindow, 4286] CropWin x:    0  y:    0  w: 1920  h: 1080 
07-06 00:36:09.705 I/MiSysSrv( 1214): [XC,SetWindow][_MApi_XC_SetWindow, 4287] DispWin x: 1208  y:  410  w: 1632  h:  920 
07-06 00:36:09.705 I/MiSysSrv( 1214): [XC,SetWindow][MDrv_SC_3D_Adjust_PostHorSrcSize, 1504] PostHorSrcSize(Mainwindow): 3840
07-06 00:36:09.705 I/MiSysSrv( 1214): [XC,SetWindow][MDrv_SC_3D_Adjust_PostHorDstSize, 1595] PostHorDstSize(Mainwindow): 3840
07-06 00:36:09.705 I/MiSysSrv( 1214): [XC,SetWindow][MDrv_SC_set_postscaling_ratio, 3200] [PST]HSrc=1920, HDst=1632
07-06 00:36:09.705 I/MiSysSrv( 1214): [XC,SetWindow][MDrv_SC_set_postscaling_ratio, 3262] [PST]VCusScaling=FALSE
07-06 00:36:09.705 I/MiSysSrv( 1214): [XC,SetWindow][MDrv_SC_set_postscaling_ratio, 3270] [PST]VSrc=1084, VDst=920, eDeInterlaceMode=1, bFBL=0, bInterlace=0
07-06 00:36:09.705 I/MiSysSrv( 1214): [XC,SetWindow][MDrv_SC_set_postscaling_ratio, 3313] [PST]VSrc=1084, VDst=920, eDeInterlaceMode=1, bFBL=0, bInterlace=0
