07-06 00:13:35.873 D/OkHttp  (24560): --> GET http://api.edu.hismarttv.com/payment/api/order/checkValid?resourceId=3535&resourceType=0&devType=0&accessToken=72DF6038D2AEAB8A76DFBBBBCC428A4A_000139028911666&sign=cdae70e031a61077891a104736d88b5c&uuid=13287129&mac=a8:a6:48:18:fc:a8&devid=86100300900000500000060a4818fca8&version=00.002.003&subscriberId=13287129&customerId=7195320&model_id=0&APPPackage=com.hisense.hicloud.edca&PFAPPCode=652&APPVersionName=3.0.0.9.00&ChannelId=0&softwareVersion=LED50MU8600UC0000888&tv_distribute_id=00&APIVersion=600 http/1.1
07-06 00:13:35.873 D/OkHttp  (24560): Data_Type: JSON
07-06 00:13:35.873 D/OkHttp  (24560): RetryTime: 0
07-06 00:13:35.873 D/OkHttp  (24560): Backoffmutiplier: 0
07-06 00:13:35.873 D/OkHttp  (24560): Host: api.edu.hismarttv.com
07-06 00:13:35.873 D/OkHttp  (24560): Connection: Keep-Alive
07-06 00:13:35.873 D/OkHttp  (24560): Accept-Encoding: gzip
07-06 00:13:35.873 D/OkHttp  (24560): User-Agent: okhttp/3.6.0
07-06 00:13:35.873 D/OkHttp  (24560): --> END GET
07-06 00:13:35.885 I/SurfaceFlinger( 1204): the layer SurfaceView is used to close xc and zorder is smallerest! clear region
07-06 00:13:35.901 I/SurfaceFlinger( 1204): the layer SurfaceView is used to close xc and zorder is smallerest! clear region
07-06 00:13:35.917 I/SurfaceFlinger( 1204): the layer SurfaceView is used to close xc and zorder is smallerest! clear region
07-06 00:13:35.934 I/SurfaceFlinger( 1204): the layer SurfaceView is used to close xc and zorder is smallerest! clear region
07-06 00:13:35.951 I/SurfaceFlinger( 1204): the layer SurfaceView is used to close xc and zorder is smallerest! clear region
07-06 00:13:35.968 I/SurfaceFlinger( 1204): the layer SurfaceView is used to close xc and zorder is smallerest! clear region
07-06 00:13:35.969 I/MiSysSrv( 1214): [37m[INFO] Change to Voltage: 117 mv (0x32)[m
07-06 00:13:35.985 I/SurfaceFlinger( 1204): the layer SurfaceView is used to close xc and zorder is smallerest! clear region
07-06 00:13:36.002 I/SurfaceFlinger( 1204): the layer SurfaceView is used to close xc and zorder is smallerest! clear region
07-06 00:13:36.017 I/SurfaceFlinger( 1204): the layer SurfaceView is used to close xc and zorder is smallerest! clear region
07-06 00:13:36.034 I/SurfaceFlinger( 1204): the layer SurfaceView is used to close xc and zorder is smallerest! clear region
07-06 00:13:36.043 I/NetflixMonitorService( 1733): current fgapk : com.hisense.hicloud.edca
07-06 00:13:36.044 I/NetflixMonitorService( 1733): Netflix status unchanged
07-06 00:13:36.051 I/SurfaceFlinger( 1204): the layer SurfaceView is used to close xc and zorder is smallerest! clear region
07-06 00:13:36.068 I/SurfaceFlinger( 1204): the layer SurfaceView is used to close xc and zorder is smallerest! clear region
07-06 00:13:36.085 I/SurfaceFlinger( 1204): the layer SurfaceView is used to close xc and zorder is smallerest! clear region
07-06 00:13:36.102 I/SurfaceFlinger( 1204): the layer SurfaceView is used to close xc and zorder is smallerest! clear region
07-06 00:13:36.118 I/SurfaceFlinger( 1204): the layer SurfaceView is used to close xc and zorder is smallerest! clear region
07-06 00:13:36.135 I/SurfaceFlinger( 1204): the layer SurfaceView is used to close xc and zorder is smallerest! clear region
07-06 00:13:36.152 D/OsdMonitorService( 1733): mCurrentWindow = com.hisense.hicloud.edca/com.hisense.hicloud.edca.mediaplayer.activity.DetailPlayActivity; newWindow = com.hisense.hicloud.edca/com.hisense.hicloud.edca.mediaplayer.activity.DetailPlayActivity; isSubWindow = false; isInWinList = false; isExitNow = false
07-06 00:13:36.152 D/OsdMonitorService( 1733): windowNotOsd() : name = com.hisense.hicloud.edca/com.hisense.hicloud.edca.mediaplayer.activity.DetailPlayActivity
07-06 00:13:36.152 I/OsdMonitorService( 1733): setOsdStatus() : status will change from true to true
07-06 00:13:36.154 D/PowerManagerService( 1733): setScreenBrightnessOverrideFromWindowManagerInternal done
07-06 00:13:36.158 D/PowerManagerService( 1733): setScreenBrightnessOverrideFromWindowManagerInternal done
07-06 00:13:36.169 I/MiSysSrv( 1214): [37m[INFO] Change to Voltage: 102 mv (0x23)[m
07-06 00:13:36.170 D/gralloc ( 1204): allocate buffer from ION HEAP 0x1
07-06 00:13:36.170 D/gralloc ( 1204): allocate memory from system heap
07-06 00:13:36.174 D/PowerManagerService( 1733): setScreenBrightnessOverrideFromWindowManagerInternal done
07-06 00:13:36.190 D/RECREATE(24560): onSaveInstanceState
07-06 00:13:36.195 D/Carousel-CarouselView(24560): onActivityStopped, getSimpleName = HomeMainActivity,hashCode=659311542
07-06 00:13:36.195 D/Carousel-CarouselVideoViewImpl(24560): stopPlay.
07-06 00:13:36.195 D/Carousel-log_video-(24560): onStopPlay!
07-06 00:13:36.195 D/Carousel-log_video-(24560): submitPlayStopLog mLogPlayState:5
07-06 00:13:36.195 D/Carousel-log_video-(24560): No need to repeat play stop log.
07-06 00:13:36.196 I/BaseContentFragment(24560): onStop 
07-06 00:13:36.198 I/BaseContentFragment(24560): onStop UserCenterFragment
07-06 00:13:36.199 I/BaseContentFragment(24560): onStop 0-2
07-06 00:13:36.199 I/BaseContentFragment(24560): activity onStop
07-06 00:13:36.199 D/test    (24560): vidaaVersion=
07-06 00:13:36.205 D/PowerManagerService( 1733): setScreenBrightnessOverrideFromWindowManagerInternal done
07-06 00:13:36.213 D/gralloc ( 1204): allocate buffer from ION HEAP 0x1
07-06 00:13:36.213 D/gralloc ( 1204): allocate memory from system heap
07-06 00:13:36.221 D/hwcomposer( 1204): lastHWWindowInfo is dirty
07-06 00:13:36.226 I/TVMW@HsTvSetting( 1234): Trace cmd, data = 0x1058
07-06 00:13:36.226 D/til@system( 2026): til_get_system_param option:100002F int:0, bool:0, ret:0
07-06 00:13:36.226 I/TVMW@HsTvSetting( 1234): Trace cmd, data = 0x101f
07-06 00:13:36.227 D/til@system( 2026): til_get_system_param option:100001D int:3, bool:3, ret:0
07-06 00:13:36.227 E/til     ( 2026): [til_get_current_input_source, 101] 
07-06 00:13:36.227 I/TVMW@HsTvSetting( 1234): Trace cmd, data = 0x7007
07-06 00:13:36.227 I/tilwrapper@sm( 2026): HS2TIL_SourceType *hs=0xd, *til=0x900
07-06 00:13:36.227 D/til     ( 2026): get current source 2304
07-06 00:13:36.227 D/SourceRemoteServiceHandler( 2026): getCurrentInputSource.from.til.result is 0, value is 2304
07-06 00:13:36.227 D/SourceRemoteServiceHandler( 2026): getInputSourceType source: 0x900, type=2304
07-06 00:13:36.227 D/til     ( 2026): ###### func:til_get_picture_param option:0x3000006 ######  
07-06 00:13:36.227 I/TVMW@HsTvSetting( 1234): Trace cmd, data = 0x1003
07-06 00:13:36.227 I/TVMW@HsTvSetting( 1234): Trace cmd, data = 0x8032
07-06 00:13:36.228 I/hstvos  ( 1216): [0m[1;33m[HSHAL][HS_VIDEO][HS_HAL_Video_SetOsdDetect_v2][2389]u16Threshold = 20
07-06 00:13:36.228 I/MiSysSrv( 1214): Not support now! 42, change to mm_video!!!
07-06 00:13:36.228 E/TVMW@videoctrl( 1234):  getOsd is 1
07-06 00:13:36.228 D/til@system( 2026): til_get_system_param option:1000027 int:1, bool:1, ret:0
07-06 00:13:36.229 D/til     ( 2026): ###### func:til_get_picture_param option:0x3000045 ######  
07-06 00:13:36.229 I/TVMW@HsTvSetting( 1234): Trace cmd, data = 0x300c
07-06 00:13:36.229 I/TVMW@HsTvSetting( 1234): Trace 3d, data = 0x300c
07-06 00:13:36.229 I/TVMW@3d ( 1234): Hs_debug3d_trace: func:get3dStatus, line:109
07-06 00:13:36.263 D/gralloc ( 1204): allocate buffer from ION HEAP 0x1
07-06 00:13:36.263 D/gralloc ( 1204): allocate memory from system heap
07-06 00:13:36.266 D/GlobalInputEventMonitoringService( 1733): interceptKeyBeforeQueueing(), event:111, mNeedMonitorKeyEvent:true, mWaitForKeyUpEvent:false
07-06 00:13:36.266 D/GlobalInputEventMonitoringService( 1733): processKeyEvent(), processKeyEvent event:111
07-06 00:13:36.266 D/WindowManager( 1733): interceptKeyTq keycode=111 interactive=true keyguardActive=false policyFlags=2b000000 isCancled= false
07-06 00:13:36.267 D/PowerManagerService( 1733): userActivityNoUpdateLocked: eventTime=20057837, event=1, flags=0x0, uid=1000
07-06 00:13:36.267 D/WindowManager( 1733): interceptKeyTi keyCode=111 down=true repeatCount=0 keyguardOn=false mHomePressed=false canceled=false
07-06 00:13:36.267 D/WindowManager( 1733): Hisense systemkey event: 111
07-06 00:13:36.267 D/HisenseGlobalKeyManager( 1733): handleGlobalKey() : Global event = KeyEvent { action=ACTION_DOWN, keyCode=KEYCODE_ESCAPE, scanCode=0, metaState=0, flags=0x0, repeatCount=0, eventTime=20057837, downTime=20057837, deviceId=-1, source=0x101 }
07-06 00:13:36.268 D/SogouIME( 2203): [onKeyDown] keycode = 111 model = VIDAA_TV
07-06 00:13:36.269 E/SOGOUIME_JNI( 2203): reset
07-06 00:13:36.269 E/SOGOUIME_JNI( 2203): getCandidates
07-06 00:13:36.270 E/SOGOUIME_JNI( 2203): ime_get_uncommitted_length
07-06 00:13:36.270 E/SOGOUIME_JNI( 2203): getCandidates
07-06 00:13:36.270 D/SogouIME API( 2203): ==============num:32
07-06 00:13:36.270 E/SOGOUIME_JNI( 2203): ime_get_uncommitted_length
07-06 00:13:36.270 D/SogouIME( 2203): mFocusedComponent:30   isHkbEnable:false
07-06 00:13:36.270 E/SOGOUIME_JNI( 2203): ime_get_uncommitted_length
07-06 00:13:36.270 E/SOGOUIME_JNI( 2203): ime_get_committed_length
07-06 00:13:36.270 E/SOGOUIME_JNI( 2203): getComposingInfo
07-06 00:13:36.270 E/SOGOUIME_JNI( 2203): getComposingInfo
07-06 00:13:36.270 E/SOGOUIME_JNI( 2203): getCorrectInfo
07-06 00:13:36.270 E/SOGOUIME_JNI( 2203): getComposingInfo
07-06 00:13:36.294 I/DetailPlayActivity(24560): sunliqin,dispatchKeyEvent:get currnet focus:nullevent kecode111
07-06 00:13:36.295 D/WindowManager( 1733): Unhandled key: win=Window{39f3eb0c u0 com.hisense.hicloud.edca/com.hisense.hicloud.edca.mediaplayer.activity.DetailPlayActivity}, action=0, flags=0, keyCode=111, scanCode=0, metaState=0, repeatCount=0, policyFlags=1795162112
07-06 00:13:36.295 D/WindowManager( 1733): Fallback: keyCode=4 metaState=0
07-06 00:13:36.295 D/WindowManager( 1733): interceptKeyTq keycode=4 interactive=true keyguardActive=false policyFlags=6b000000 isCancled= false
07-06 00:13:36.295 D/WindowManager( 1733): interceptKeyTi keyCode=4 down=true repeatCount=0 keyguardOn=false mHomePressed=false canceled=false
07-06 00:13:36.295 D/WindowManager( 1733): Hisense systemkey event: 4
07-06 00:13:36.295 D/HisenseGlobalKeyManager( 1733): handleGlobalKey() : Global event = KeyEvent { action=ACTION_DOWN, keyCode=KEYCODE_BACK, scanCode=0, metaState=0, flags=0x400, repeatCount=0, eventTime=20057837, downTime=20057837, deviceId=-1, source=0x101 }
07-06 00:13:36.295 D/WindowManager( 1733): Performing fallback: KeyEvent { action=ACTION_DOWN, keyCode=KEYCODE_BACK, scanCode=0, metaState=0, flags=0x400, repeatCount=0, eventTime=20057837, downTime=20057837, deviceId=-1, source=0x101 }
07-06 00:13:36.300 D/SogouIME( 2203): [onKeyDown] keycode = 4 model = VIDAA_TV
07-06 00:13:36.300 E/SOGOUIME_JNI( 2203): reset
07-06 00:13:36.301 E/SOGOUIME_JNI( 2203): getCandidates
07-06 00:13:36.301 E/SOGOUIME_JNI( 2203): ime_get_uncommitted_length
07-06 00:13:36.301 E/SOGOUIME_JNI( 2203): getCandidates
07-06 00:13:36.301 D/SogouIME API( 2203): ==============num:32
07-06 00:13:36.301 E/SOGOUIME_JNI( 2203): ime_get_uncommitted_length
07-06 00:13:36.301 D/SogouIME( 2203): mFocusedComponent:30   isHkbEnable:false
07-06 00:13:36.301 E/SOGOUIME_JNI( 2203): ime_get_uncommitted_length
07-06 00:13:36.301 E/SOGOUIME_JNI( 2203): ime_get_committed_length
07-06 00:13:36.301 E/SOGOUIME_JNI( 2203): getComposingInfo
07-06 00:13:36.301 E/SOGOUIME_JNI( 2203): getComposingInfo
07-06 00:13:36.301 E/SOGOUIME_JNI( 2203): getCorrectInfo
07-06 00:13:36.301 E/SOGOUIME_JNI( 2203): getComposingInfo
07-06 00:13:36.304 I/DetailPlayActivity(24560): sunliqin,dispatchKeyEvent:get currnet focus:nullevent kecode4
07-06 00:13:36.309 D/GlobalInputEventMonitoringService( 1733): interceptKeyBeforeQueueing(), event:111, mNeedMonitorKeyEvent:true, mWaitForKeyUpEvent:false
07-06 00:13:36.310 D/GlobalInputEventMonitoringService( 1733): processKeyEvent(), processKeyEvent event:111
07-06 00:13:36.310 D/WindowManager( 1733): interceptKeyTq keycode=111 interactive=true keyguardActive=false policyFlags=2b000000 isCancled= false
07-06 00:13:36.310 D/WindowManager( 1733): interceptKeyTi keyCode=111 down=false repeatCount=0 keyguardOn=false mHomePressed=false canceled=false
07-06 00:13:36.310 D/WindowManager( 1733): Hisense systemkey event: 111
07-06 00:13:36.310 D/HisenseGlobalKeyManager( 1733): handleGlobalKey() : Global event = KeyEvent { action=ACTION_UP, keyCode=KEYCODE_ESCAPE, scanCode=0, metaState=0, flags=0x0, repeatCount=0, eventTime=20057837, downTime=20057837, deviceId=-1, source=0x101 }
07-06 00:13:36.314 I/DetailPlayActivity(24560): sunliqin,dispatchKeyEvent:get currnet focus:nullevent kecode111
07-06 00:13:36.315 D/WindowManager( 1733): Unhandled key: win=Window{39f3eb0c u0 com.hisense.hicloud.edca/com.hisense.hicloud.edca.mediaplayer.activity.DetailPlayActivity}, action=1, flags=0, keyCode=111, scanCode=0, metaState=0, repeatCount=0, policyFlags=1795162112
07-06 00:13:36.315 D/WindowManager( 1733): Fallback: keyCode=4 metaState=0
07-06 00:13:36.315 D/WindowManager( 1733): interceptKeyTq keycode=4 interactive=true keyguardActive=false policyFlags=6b000000 isCancled= false
07-06 00:13:36.315 D/WindowManager( 1733): interceptKeyTi keyCode=4 down=false repeatCount=0 keyguardOn=false mHomePressed=false canceled=false
07-06 00:13:36.315 D/WindowManager( 1733): Hisense systemkey event: 4
07-06 00:13:36.315 D/HisenseGlobalKeyManager( 1733): handleGlobalKey() : Global event = KeyEvent { action=ACTION_UP, keyCode=KEYCODE_BACK, scanCode=0, metaState=0, flags=0x400, repeatCount=0, eventTime=20057837, downTime=20057837, deviceId=-1, source=0x101 }
07-06 00:13:36.315 D/WindowManager( 1733): Performing fallback: KeyEvent { action=ACTION_UP, keyCode=KEYCODE_BACK, scanCode=0, metaState=0, flags=0x400, repeatCount=0, eventTime=20057837, downTime=20057837, deviceId=-1, source=0x101 }
07-06 00:13:36.320 I/DetailPlayActivity(24560): sunliqin,dispatchKeyEvent:get currnet focus:nullevent kecode4
07-06 00:13:36.323 D/OsdMonitorService( 1733): mCurrentWindow = com.hisense.hicloud.edca/com.hisense.hicloud.edca.mediaplayer.activity.DetailPlayActivity; newWindow = com.hisense.hicloud.edca/com.hisense.hicloud.edca.mediaplayer.activity.DetailPlayActivity; isSubWindow = false; isInWinList = false; isExitNow = false
07-06 00:13:36.323 D/OsdMonitorService( 1733): windowNotOsd() : name = com.hisense.hicloud.edca/com.hisense.hicloud.edca.mediaplayer.activity.DetailPlayActivity
07-06 00:13:36.323 I/OsdMonitorService( 1733): setOsdStatus() : status will change from true to true
07-06 00:13:36.324 I/UsageStatsService( 1733): paused component:com.hisense.hicloud.edca
07-06 00:13:36.324 V/UsageStatsService( 1733): Paused: 20057896   Component: com.hisense.hicloud.edca/com.hisense.hicloud.edca.mediaplayer.activity.DetailPlayActivity   Time: 1499271216324 LastSessionTime: 1065 CumulativeSessionTime: 8950676
07-06 00:13:36.324 D/UsageStatsService( 1733): UsageStats: broadcasting intent
07-06 00:13:36.325 D/UsageStatsService( 1733): User[0] Got usage event for com.hisense.hicloud.edca[1499271216325]: MOVE_TO_BACKGROUND
07-06 00:13:36.326 W/ContextImpl( 1733): Calling a method in the system process without a qualified user: android.app.ContextImpl.sendBroadcast:1327 com.android.server.usage.UsageStatsService.insertUsageStats:1104 com.android.server.usage.UsageStatsService$PkgUsageStatsExtended.updatePause:979 com.android.server.usage.UsageStatsService$LocalService.notePauseComponent:808 com.android.server.am.ActivityManagerService.updateUsageStats:3173 
07-06 00:13:36.329 D/PowerManagerService( 1733): acquireWakeLockInternal: lock=681732318, flags=0x1, tag="ActivityManager-Launch", ws=null, uid=1000, pid=1733
07-06 00:13:36.329 D/PowerManagerNotifier( 1733): onWakeLockAcquired: flags=1, tag="ActivityManager-Launch", packageName=android, ownerUid=1000, ownerPid=1733, workSource=null
07-06 00:13:36.332 I/ReportService( 3281): Intent received, action = android.intent.action.INSERT
07-06 00:13:36.334 I/ReportService( 3281): modelName is VIDAA_TV
07-06 00:13:36.334 E/til     ( 2026): [til_get_current_input_source, 101] 
07-06 00:13:36.335 I/TVMW@HsTvSetting( 1234): Trace cmd, data = 0x7007
07-06 00:13:36.335 I/tilwrapper@sm( 2026): HS2TIL_SourceType *hs=0xd, *til=0x900
07-06 00:13:36.335 D/til     ( 2026): get current source 2304
07-06 00:13:36.335 D/SourceRemoteServiceHandler( 2026): getCurrentInputSource.from.til.result is 0, value is 2304
07-06 00:13:36.335 D/SourceRemoteServiceHandler( 2026): getInputSourceType source: 0x900, type=2304
07-06 00:13:36.335 I/ReportService( 3281): getCurIntputSource2304
07-06 00:13:36.336 E/til     ( 2026): [til_get_current_input_source, 101] 
07-06 00:13:36.336 I/TVMW@HsTvSetting( 1234): Trace cmd, data = 0x7007
07-06 00:13:36.336 I/tilwrapper@sm( 2026): HS2TIL_SourceType *hs=0xd, *til=0x900
07-06 00:13:36.336 D/til     ( 2026): get current source 2304
07-06 00:13:36.336 D/SourceRemoteServiceHandler( 2026): getCurrentInputSource.from.til.result is 0, value is 2304
07-06 00:13:36.336 D/SourceRemoteServiceHandler( 2026): getInputSourceType source: 0x900, type=2304
07-06 00:13:36.337 D/DetailPlayActivity(24560): ---------------------------onpause
07-06 00:13:36.338 I/ActivityManager( 1733): TR16) TaskRecord{2991cef0 #5476 A=com.hisense.hicloud.edca U=0 sz=2}
07-06 00:13:36.339 I/ActivityManager( 1733): TR15) TaskRecord{cd10cea #4980 A=com.jamdeo.launcher U=0 sz=1}
07-06 00:13:36.342 I/ReportService( 3281): siloName isnull
07-06 00:13:36.343 V/PackageManager( 1733): getPackageInfo com.hisense.hicloud.edca: Package{3fb3f3a1 com.hisense.hicloud.edca}
07-06 00:13:36.344 I/ReportService( 3281): HiReport string sent out is:1.5|3|86100300900000500000060a4818fca8|1499271215|1499271216|com.hisense.hicloud.edca|3.0.0.9.00|8
07-06 00:13:36.344 W/ReportService( 3281): enter InsertUserBehaviorDataReportTask  mUri = content://com.hisense.hitv.hicloud.log/loginput mContentValues = lastsessiondurationtime=1065 LOGVALUE=1.5|3|86100300900000500000060a4818fca8|1499271215|1499271216|com.hisense.hicloud.edca|3.0.0.9.00|8 operation=P time=1499271216324 package=com.hisense.hicloud.edca cumulativesessiondurationtime=8950676 versioncode=652 lastupdatetime=1499256171569 _id=null type=APPRUN component=com.hisense.hicloud.edca.mediaplayer.activity.DetailPlayActivity mContext == com.hisense.hireport.ReportService@3a75cda9mType == 95
07-06 00:13:36.346 I/UsageStatsService( 1733): resumed component name is ComponentInfo{com.hisense.hicloud.edca/com.hisense.tvui.newhome.HomeMainActivity}
07-06 00:13:36.346 I/UsageStatsService( 1733): started component:com.hisense.hicloud.edca
07-06 00:13:36.346 V/PackageManager( 1733): getPackageInfo com.hisense.hicloud.edca: Package{3fb3f3a1 com.hisense.hicloud.edca}
07-06 00:13:36.346 V/UsageStatsService( 1733): Resumed: 20057918   Component: com.hisense.hicloud.edca/com.hisense.tvui.newhome.HomeMainActivity   Time: 1499271216346 VersionCode: 652   LastUpdateTime: 1499256171569
07-06 00:13:36.347 D/UsageStatsService( 1733): UsageStats: broadcasting intent
07-06 00:13:36.347 D/UsageStatsService( 1733): User[0] Got usage event for com.hisense.hicloud.edca[1499271216347]: MOVE_TO_FOREGROUND
07-06 00:13:36.347 W/ContextImpl( 1733): Calling a method in the system process without a qualified user: android.app.ContextImpl.sendBroadcast:1327 com.android.server.usage.UsageStatsService.insertUsageStats:1104 com.android.server.usage.UsageStatsService$PkgUsageStatsExtended.updateResume:962 com.android.server.usage.UsageStatsService$LocalService.noteResumeComponent:759 com.android.server.am.ActivityManagerService.updateUsageStats:3164 
07-06 00:13:36.347 I/ReportService( 3281): enter doInBackground*****
07-06 00:13:36.353 D/PowerManagerService( 1733): setScreenBrightnessOverrideFromWindowManagerInternal done
07-06 00:13:36.353 I/TVMW@devctrl( 1234): wdt
07-06 00:13:36.360 I/ReportService( 3281): Intent received, action = android.intent.action.INSERT
07-06 00:13:36.362 I/BaseContentFragment(24560): activity onRestart
07-06 00:13:36.362 I/SoftFragmentList(24560): fetchCacheFragment  enter ---- index = 2
07-06 00:13:36.362 D/SoftFragmentList(24560): fetchCacheFragment  mFragmentCache.size() = 3
07-06 00:13:36.362 D/SoftFragmentList(24560): fetchCacheFragment mLastIndex = 2, view = 
07-06 00:13:36.362 I/BaseContentFragment(24560): onRestart 
07-06 00:13:36.362 I/ReportService( 3281): modelName is VIDAA_TV
07-06 00:13:36.368 E/til     ( 2026): [til_get_current_input_source, 101] 
07-06 00:13:36.368 I/TVMW@HsTvSetting( 1234): Trace cmd, data = 0x7007
07-06 00:13:36.369 I/tilwrapper@sm( 2026): HS2TIL_SourceType *hs=0xd, *til=0x900
07-06 00:13:36.369 D/til     ( 2026): get current source 2304
07-06 00:13:36.369 D/SourceRemoteServiceHandler( 2026): getCurrentInputSource.from.til.result is 0, value is 2304
07-06 00:13:36.369 D/SourceRemoteServiceHandler( 2026): getInputSourceType source: 0x900, type=2304
07-06 00:13:36.369 I/ReportService( 3281): getCurIntputSource2304
07-06 00:13:36.370 E/til     ( 2026): [til_get_current_input_source, 101] 
07-06 00:13:36.370 I/TVMW@HsTvSetting( 1234): Trace cmd, data = 0x7007
07-06 00:13:36.371 I/tilwrapper@sm( 2026): HS2TIL_SourceType *hs=0xd, *til=0x900
07-06 00:13:36.371 D/til     ( 2026): get current source 2304
07-06 00:13:36.371 D/SourceRemoteServiceHandler( 2026): getCurrentInputSource.from.til.result is 0, value is 2304
07-06 00:13:36.371 D/SourceRemoteServiceHandler( 2026): getInputSourceType source: 0x900, type=2304
07-06 00:13:36.372 I/ReportService( 3281): siloName isnull
07-06 00:13:36.373 V/PackageManager( 1733): getPackageInfo com.hisense.hicloud.edca: Package{3fb3f3a1 com.hisense.hicloud.edca}
07-06 00:13:36.374 I/ReportService( 3281): HiReport string sent out is:1.5|3|86100300900000500000060a4818fca8|1499271216|0|com.hisense.hicloud.edca|3.0.0.9.00|8
07-06 00:13:36.374 W/ReportService( 3281): enter InsertUserBehaviorDataReportTask  mUri = content://com.hisense.hitv.hicloud.log/loginput mContentValues = lastsessiondurationtime=1065 LOGVALUE=1.5|3|86100300900000500000060a4818fca8|1499271216|0|com.hisense.hicloud.edca|3.0.0.9.00|8 operation=R time=1499271216346 package=com.hisense.hicloud.edca cumulativesessiondurationtime=8950676 versioncode=652 lastupdatetime=1499256171569 _id=null type=APPRUN component=com.hisense.tvui.newhome.HomeMainActivity mContext == com.hisense.hireport.ReportService@3a75cda9mType == 95
07-06 00:13:36.375 D/Carousel-CarouselView(24560): onActivityStarted, getSimpleName = HomeMainActivity,hashCode=659311542
07-06 00:13:36.375 I/BaseContentFragment(24560): onStart 
07-06 00:13:36.379 D/HttpHandler(24560): VerifySignInterCeptor-->request.url()=http://picture.edu.hismarttv.com/images/
07-06 00:13:36.379 D/HttpHandler(24560): VerifySignInterCeptor-->hostname=picture.edu.hismarttv.com
07-06 00:13:36.380 D/OkHttp  (24560): --> GET http://picture.edu.hismarttv.com/images/ http/1.1
07-06 00:13:36.380 D/OkHttp  (24560): Host: picture.edu.hismarttv.com
07-06 00:13:36.380 D/OkHttp  (24560): Connection: Keep-Alive
07-06 00:13:36.380 D/OkHttp  (24560): Accept-Encoding: gzip
07-06 00:13:36.381 D/OkHttp  (24560): User-Agent: okhttp/3.6.0
07-06 00:13:36.381 D/OkHttp  (24560): --> END GET
07-06 00:13:36.384 I/BaseContentFragment(24560): onStart UserCenterFragment
07-06 00:13:36.388 I/BaseContentFragment(24560): onStart 0-2
07-06 00:13:36.391 I/ReportService( 3281): result is content://com.hisense.hitv.hicloud.log/loginput/1
07-06 00:13:36.391 I/ReportService( 3281): enter doInBackground*****
07-06 00:13:36.394 I/BaseContentFragment(24560): activity onStart
07-06 00:13:36.395 I/ReportService( 3281): enter onPostExecute result is: true
07-06 00:13:36.397 D/test    (24560): vidaaVersion=
07-06 00:13:36.398 D/Carousel-CarouselView(24560): onActivityResumed, getSimpleName = HomeMainActivity,hashCode=659311542
07-06 00:13:36.398 W/Activity(24560): changePanelKeyPadStateIfNecessary() : false
07-06 00:13:36.398 V/InputManager(24560): setPanelKeyPadConvertState() : false
07-06 00:13:36.399 I/BaseContentFragment(24560): activity onResume
07-06 00:13:36.399 I/CurrentCarouselView(24560): onCarouseControlCarouselControlBean{mShoudScroll=false, mActivityHasResume=true, mActivityHasStop=false, mHasTurnGone=false, mHasTurnVisible=false, mChannelId=-1, mSlideOffset=0.0, mShouldSelectCenter=false, mTabOpen=false, mHoriPosStatus=None, mVerPosStatus=None, mLevelStatus=None},isPlayingfalse,channelId=0
07-06 00:13:36.399 I/CurrentCarouselView(24560): isCanStartPlay,mIsInPagetrue,isOutHorizontal=false,isOutVer=true,isplaying=false
07-06 00:13:36.399 I/BaseContentFragment(24560): onResume 
07-06 00:13:36.399 I/ReportService( 3281): result is content://com.hisense.hitv.hicloud.log/loginput/1
07-06 00:13:36.400 I/BaseContentFragment(24560): onResume UserCenterFragment
07-06 00:13:36.400 I/BaseContentFragment(24560): onResume 0-2
07-06 00:13:36.400 D/OkHttp  (24560): <-- 200 OK http://api.edu.hismarttv.com/payment/api/order/checkValid?resourceId=3535&resourceType=0&devType=0&accessToken=72DF6038D2AEAB8A76DFBBBBCC428A4A_000139028911666&sign=cdae70e031a61077891a104736d88b5c&uuid=13287129&mac=a8:a6:48:18:fc:a8&devid=86100300900000500000060a4818fca8&version=00.002.003&subscriberId=13287129&customerId=7195320&model_id=0&APPPackage=com.hisense.hicloud.edca&PFAPPCode=652&APPVersionName=3.0.0.9.00&ChannelId=0&softwareVersion=LED50MU8600UC0000888&tv_distribute_id=00&APIVersion=600 (527ms)
07-06 00:13:36.400 D/OkHttp  (24560): Server: nginx
07-06 00:13:36.400 D/OkHttp  (24560): Date: Wed, 05 Jul 2017 16:13:36 GMT
07-06 00:13:36.400 D/OkHttp  (24560): Content-Type: application/json
07-06 00:13:36.400 D/OkHttp  (24560): Content-Length: 215
07-06 00:13:36.400 D/OkHttp  (24560): Connection: close
07-06 00:13:36.400 D/OkHttp  (24560): <-- END HTTP
07-06 00:13:36.402 I/ReportService( 3281): enter onPostExecute result is: true
07-06 00:13:36.403 D/HttpHandler(24560): RetryIntercepter-->retryNum=0
07-06 00:13:36.403 D/HttpHandler(24560): RetryIntercepter-->backoffmutiplier=0
07-06 00:13:36.407 D/HttpHandler(24560): VerifySignInterCeptor-->dateType=1
07-06 00:13:36.407 D/HttpHandler(24560): VerifySignInterCeptor-->HttpRequestManager.httpClietOption.getVerifyFlag()=1
07-06 00:13:36.408 I/SurfaceView(24560): Changes: creating=false format=false size=false visible=true left=false top=false
07-06 00:13:36.408 D/HttpHandler(24560): VerifySignInterCeptor-->content={"endTime": 0, "isOrder": 0}
07-06 00:13:36.408 I/SurfaceView(24560): Cur surface: Surface(name=null)/@0xad4e5c8
07-06 00:13:36.411 D/Surface ( 1733): onStatusChange() : mNativeObject = 547942771200 mUseImageHwRender = false
07-06 00:13:36.411 V/Surface ( 1733): nativeSetHardwareRender() : status = 0
07-06 00:13:36.411 V/Surface ( 1733): nativeSetHardwareRender() : end
07-06 00:13:36.413 D/PowerManagerService( 1733): setScreenBrightnessOverrideFromWindowManagerInternal done
07-06 00:13:36.415 D/Surface ( 1733): onStatusChange() : mNativeObject = 0 mUseImageHwRender = false
07-06 00:13:36.416 D/Surface (24560): onStatusChange() : mNativeObject = -195836160 mUseImageHwRender = false
07-06 00:13:36.416 V/Surface (24560): nativeSetHardwareRender() : status = 0
07-06 00:13:36.416 V/Surface (24560): nativeSetHardwareRender() : end
07-06 00:13:36.416 I/SurfaceView(24560): New surface: Surface(name=null)/@0x3b58f661, vis=true, frame=Rect(418, 205 - 1234, 665)
07-06 00:13:36.416 D/Surface (24560): onStatusChange() : mNativeObject = 0 mUseImageHwRender = false
07-06 00:13:36.416 D/Surface (24560): onStatusChange() : mNativeObject = -195836160 mUseImageHwRender = false
07-06 00:13:36.416 V/Surface (24560): nativeSetHardwareRender() : status = 0
07-06 00:13:36.416 V/Surface (24560): nativeSetHardwareRender() : end
07-06 00:13:36.416 I/SurfaceView(24560): visibleChanged -- surfaceCreated
07-06 00:13:36.416 D/Carousel-UrlVideoView(24560): surfaceCreated
07-06 00:13:36.423 D/Carousel-UrlVideoView(24560): openVideo
07-06 00:13:36.426 V/MediaPlayer-JNI(24560): native_setup
07-06 00:13:36.426 V/AudioFlinger( 1206): acquiring 808 from 24560, for -1
07-06 00:13:36.426 V/AudioFlinger( 1206):  added new entry for 808
07-06 00:13:36.426 V/MediaPlayer-JNI(24560): set_session_id(): 806
07-06 00:13:36.426 V/AudioFlinger( 1206): acquiring 806 from 24560, for -1
07-06 00:13:36.426 V/AudioFlinger( 1206):  added new entry for 806
07-06 00:13:36.426 V/AudioFlinger( 1206): releasing 808 from 24560 for -1
07-06 00:13:36.426 V/AudioFlinger( 1206):  decremented refcount to 0
07-06 00:13:36.426 V/AudioFlinger( 1206): purging stale effects
07-06 00:13:36.426 D/Carousel-Utils(24560): origin url is : http://jhxvideo-ws.video-tx.com/rendition/201705/205989353451683841/205989353451684353/bb/243216185158536196/243216215223308548/r243216215223308548-3200k-1920x1080.mp4
07-06 00:13:36.426 D/Carousel-Utils(24560): time=1499271214
07-06 00:13:36.427 D/Carousel-UrlVideoView(24560): encryptUrlIfNecessary url=http://jhxvideo-ws.video-tx.com/rendition/201705/205989353451683841/205989353451684353/bb/243216185158536196/243216215223308548/r243216215223308548-3200k-1920x1080.mp4?wsSecret=b768b45c6f9fe7023e4c8c48ca4354a2&wsTime=595d102e
07-06 00:13:36.428 D/MediaPlayer(24560): Couldn't open file on client side, trying server side
07-06 00:13:36.428 V/MediaPlayer-JNI(24560): setDataSource: path http://jhxvideo-ws.video-tx.com/rendition/201705/205989353451683841/205989353451684353/bb/243216185158536196/243216215223308548/r243216215223308548-3200k-1920x1080.mp4?wsSecret=b768b45c6f9fe7023e4c8c48ca4354a2&wsTime=595d102e
07-06 00:13:36.429 V/NuPlayer( 1206): [NuPlayer-264]
07-06 00:13:36.429 I/NuPlayer( 1206): NuPlayerRMClientListener::NuPlayerRMClientListener
07-06 00:13:36.429 V/RMClient( 1206): #515:RMClient
07-06 00:13:36.430 V/NuPlayer( 1206): kWhatSetAudioSink
07-06 00:13:36.430 V/NuPlayer( 1206): kWhatSetDataSource
07-06 00:13:36.430 V/NuPlayer( 1206): kWhatSetVideoNativeWindow
07-06 00:13:36.430 W/ALooperRoster( 1206): failed to post message. Target handler 0 still registered, but object gone.
07-06 00:13:36.430 V/NuPlayer( 1206): performSetSurface
07-06 00:13:36.431 V/MediaPlayer-JNI(24560): setAudioStreamType: 3
07-06 00:13:36.431 E/MediaPlayer-JNI(24560): android_media_MediaPlayer_prepareAsync call getSubtitleSurface
07-06 00:13:36.431 E/MediaPlayer-JNI(24560): android_media_MediaPlayer_prepareAsync call setSubtitleSurfaceTexture
07-06 00:13:36.431 E/        (24560): setSubtitleSurfaceTexture
07-06 00:13:36.431 I/SurfaceView(24560): surfaceChanged -- format=4 w=1920 h=1080
07-06 00:13:36.431 D/Carousel-UrlVideoView(24560): surfaceChanged
07-06 00:13:36.431 D/Carousel-UrlVideoView(24560): isValidState:false,hasValidSize:true
07-06 00:13:36.431 D/Carousel-UrlVideoView(24560): mVideoWidth:1920,mVideoHeight:1080,w:1920,h:1080
07-06 00:13:36.433 D/MediaHTTPConnection(24560): connect: uri=http://jhxvideo-ws.video-tx.com/rendition/201705/205989353451683841/205989353451684353/bb/243216185158536196/243216215223308548/r243216215223308548-3200k-1920x1080.mp4?wsSecret=b768b45c6f9fe7023e4c8c48ca4354a2&wsTime=595d102e, headers=User-Agent: stagefright/1.2 (Linux;Android 5.1.1)
07-06 00:13:36.433 V/SurfaceView(24560): Layout: x=418 y=205 w=816 h=460, frame=Rect(0, 0 - 816, 460)
07-06 00:13:36.434 D/MediaHTTPConnection(24560): seekTo 0
07-06 00:13:36.439 D/Surface ( 1733): onStatusChange() : mNativeObject = 547942832128 mUseImageHwRender = false
07-06 00:13:36.439 V/Surface ( 1733): nativeSetHardwareRender() : status = 0
07-06 00:13:36.440 V/Surface ( 1733): nativeSetHardwareRender() : end
07-06 00:13:36.440 D/OsdMonitorService( 1733): mCurrentWindow = com.hisense.hicloud.edca/com.hisense.hicloud.edca.mediaplayer.activity.DetailPlayActivity; newWindow = com.hisense.hicloud.edca/com.hisense.tvui.newhome.HomeMainActivity; isSubWindow = false; isInWinList = false; isExitNow = false
07-06 00:13:36.440 D/OsdMonitorService( 1733): windowNotOsd() : name = com.hisense.hicloud.edca/com.hisense.tvui.newhome.HomeMainActivity
07-06 00:13:36.440 I/OsdMonitorService( 1733): setOsdStatus() : status will change from true to true
07-06 00:13:36.440 D/MediaHTTPConnection(24560): hitting http://jhxvideo-ws.video-tx.com/rendition/201705/205989353451683841/205989353451684353/bb/243216185158536196/243216215223308548/r243216215223308548-3200k-1920x1080.mp4?wsSecret=b768b45c6f9fe7023e4c8c48ca4354a2&wsTime=595d102e
07-06 00:13:36.442 D/PowerManagerService( 1733): setScreenBrightnessOverrideFromWindowManagerInternal done
07-06 00:13:36.446 D/Surface ( 1733): onStatusChange() : mNativeObject = 0 mUseImageHwRender = false
07-06 00:13:36.446 D/Surface (24560): onStatusChange() : mNativeObject = -539138048 mUseImageHwRender = false
07-06 00:13:36.447 V/Surface (24560): nativeSetHardwareRender() : status = 0
07-06 00:13:36.447 V/Surface (24560): nativeSetHardwareRender() : end
07-06 00:13:36.452 D/gralloc ( 1204): allocate buffer from ION HEAP 0x1
07-06 00:13:36.452 D/gralloc ( 1204): allocate memory from system heap
07-06 00:13:36.460 D/gralloc ( 1204): allocate buffer from ION HEAP 0x1
07-06 00:13:36.460 D/gralloc ( 1204): allocate memory from system heap
07-06 00:13:36.462 D/gralloc ( 1204): allocate buffer from ION HEAP 0x1
07-06 00:13:36.462 D/gralloc ( 1204): allocate memory from system heap
07-06 00:13:36.465 I/SurfaceView(24560): Changes: creating=false format=false size=false visible=false left=false top=false
07-06 00:13:36.466 I/SurfaceView(24560): Cur surface: Surface(name=null)/@0xad4e5c8
07-06 00:13:36.466 D/Surface ( 1733): onStatusChange() : mNativeObject = 547942771200 mUseImageHwRender = false
07-06 00:13:36.467 V/Surface ( 1733): nativeSetHardwareRender() : status = 0
07-06 00:13:36.467 V/Surface ( 1733): nativeSetHardwareRender() : end
07-06 00:13:36.467 D/OsdMonitorService( 1733): mCurrentWindow = com.hisense.hicloud.edca/com.hisense.tvui.newhome.HomeMainActivity; newWindow = com.hisense.hicloud.edca/com.hisense.tvui.newhome.HomeMainActivity; isSubWindow = false; isInWinList = false; isExitNow = false
07-06 00:13:36.467 D/OsdMonitorService( 1733): windowNotOsd() : name = com.hisense.hicloud.edca/com.hisense.tvui.newhome.HomeMainActivity
07-06 00:13:36.467 I/OsdMonitorService( 1733): setOsdStatus() : status will change from true to true
07-06 00:13:36.468 D/PowerManagerService( 1733): setScreenBrightnessOverrideFromWindowManagerInternal done
07-06 00:13:36.470 D/Surface ( 1733): onStatusChange() : mNativeObject = 0 mUseImageHwRender = false
07-06 00:13:36.473 D/Surface (24560): onStatusChange() : mNativeObject = -539120128 mUseImageHwRender = false
07-06 00:13:36.473 V/Surface (24560): nativeSetHardwareRender() : status = 0
07-06 00:13:36.473 V/Surface (24560): nativeSetHardwareRender() : end
07-06 00:13:36.473 I/SurfaceView(24560): New surface: Surface(name=null)/@0x3b58f661, vis=true, frame=Rect(418, 205 - 1234, 665)
07-06 00:13:36.473 D/Surface (24560): onStatusChange() : mNativeObject = 0 mUseImageHwRender = false
07-06 00:13:36.474 D/Surface (24560): onStatusChange() : mNativeObject = -539120128 mUseImageHwRender = false
07-06 00:13:36.474 V/Surface (24560): nativeSetHardwareRender() : status = 0
07-06 00:13:36.474 V/Surface (24560): nativeSetHardwareRender() : end
07-06 00:13:36.474 I/SurfaceView(24560): surfaceRedrawNeeded
07-06 00:13:36.474 I/SurfaceView(24560): finishedDrawing
07-06 00:13:36.477 D/PowerManagerService( 1733): setScreenBrightnessOverrideFromWindowManagerInternal done
07-06 00:13:36.478 V/SurfaceView(24560): Layout: x=418 y=205 w=816 h=460, frame=Rect(0, 0 - 816, 460)
07-06 00:13:36.492 D/HiNetworkImpl(24560): doHttp_Asyn(): onReqResponse isSuccessful = true, back from thread: main
07-06 00:13:36.492 I/HiNetworkImpl(24560): doHttp_Asyn(): onSuccess clazz = class com.hisense.sdk.domain.OrderCheckedBean, back from thread: main
07-06 00:13:36.493 I/DetailPlayActivity(24560): checkOrderTime : 20058064    707
07-06 00:13:36.495 D/til@system( 2026): til_get_system_param option:1000007 int:-1936525184, bool:128, ret:0
07-06 00:13:36.496 D/til@system( 2026): til_get_system_param option:1000009 int:-1936522368, bool:128, ret:0
07-06 00:13:36.499 D/til@system( 2026): til_get_system_param option:1000008 int:-1936522112, bool:128, ret:0
07-06 00:13:36.499 D/HiSDKLogReport(24560): getOperationDetail-productName : LED50MU8600UC
07-06 00:13:36.499 D/HiSDKLogReport(24560): getOperationDetail-plmNumber : 88888
07-06 00:13:36.499 D/HiSDKLogReport(24560): getOperationDetail-swVersion : V0000.00.01A
07-06 00:13:36.499 D/HiSDKLogReport(24560): getOperationDetail-operationDetail : LED50MU8600UC0000888
07-06 00:13:36.499 D/HiSDKLogReport(24560): processLogReport-log : {eventType=110, appKey=1182445233, APPVersionName=3.0.0.9.00, devid=86100300900000500000060a4818fca8, mac=a8:a6:48:18:fc:a8, uuid=13287129, accessToken=72DF6038D2AEAB8A76DFBBBBCC428A4A_000139028911666, APIversion=501, logversion=2.0, devType=0, APPPackage=com.hisense.hicloud.edca, eventPos=072, requesttime=1499271216499, customerId=7195320, value2=, eventMessage=HttpDetailCheckOrder, value1=707, model_id=0, ChannelId=0, version=00.002.003, tv_distribute_id=00, subscriberId=13287129, APIVersion=600, PFAPPCode=652, softwareVersion=LED50MU8600UC0000888}
07-06 00:13:36.500 D/DetailPlayActivity(24560): mSourceType:1002    getIntent().getIntExtra(Constants.PLAYFLAG, 0):0
07-06 00:13:36.500 D/DetailPlayActivity(24560): sunliqin,sIsConfigQuestionDisplay: falsesIsQuestionDisplay:false  detail display:false
07-06 00:13:36.500 D/DetailPlayActivity(24560): mIsSoldOut:false
07-06 00:13:36.500 D/DetailPlayActivity(24560): mIsFree:false     lesson is bought:false
07-06 00:13:36.501 D/DetailPlayActivity(24560): managerBoughtVipdata,ID :-1
07-06 00:13:36.504 I/CommonUtils(24560):  object to json [6,14]
07-06 00:13:36.504 D/DetailPlayActivity(24560): detail belongs list is =============[6,14]
07-06 00:13:36.506 I/CommonUtils(24560):  object to json null
07-06 00:13:36.506 D/DetailPlayActivity(24560): the user bought vip list is  =============null
07-06 00:13:36.506 D/DetailPlayActivity(24560): user bought vip list is null
07-06 00:13:36.506 D/DetailPlayActivity(24560): user overtime bought vip list is null
07-06 00:13:36.506 D/DetailPlayActivity(24560): managerBoughtStatus----------------------------------
07-06 00:13:36.506 D/DetailPlayActivity(24560): this detail belongs to a bought vip ,true or false:false
07-06 00:13:36.506 D/DetailPlayActivity(24560): sunliqin,mIsFree:false  RefreshPaidListUits.isPaid(mDetailsResult.getId(), mDetailsResult.getVip_id()):false  mIsBoughtVipfalse  mIsOrderfalse
07-06 00:13:36.506 D/DetailPlayActivity(24560): sunliqin:mIsBought  ====  false msoldout :false
07-06 00:13:36.510 D/DetailPlayActivity(24560): url--http://picture.edu.hismarttv.com/images/20170629/.jpg
07-06 00:13:36.527 D/DetailPlayActivity(24560): managerCollectionBtnDrawable---------------
07-06 00:13:36.528 D/HttpDnsUtils(24560): getDetailCollectionStatus,http:http://api.edu.hismarttv.com/usercenter/api/media_individualize_data
07-06 00:13:36.529 D/til@system( 2026): til_get_system_param option:1000007 int:-1936523008, bool:0, ret:0
07-06 00:13:36.530 D/til@system( 2026): til_get_system_param option:1000009 int:-1815632896, bool:0, ret:0
07-06 00:13:36.531 D/MediaHTTPConnection(24560): [Connection@948029827] response.heeader.null = HTTP/1.1 206 Partial Content
07-06 00:13:36.531 D/MediaHTTPConnection(24560): [Connection@948029827] response.heeader.Accept-Ranges = bytes
07-06 00:13:36.531 D/MediaHTTPConnection(24560): [Connection@948029827] response.heeader.Age = 2174585
07-06 00:13:36.531 D/MediaHTTPConnection(24560): [Connection@948029827] response.heeader.Cache-Control = max-age=5184000
07-06 00:13:36.531 D/MediaHTTPConnection(24560): [Connection@948029827] response.heeader.Connection = keep-alive
07-06 00:13:36.531 D/MediaHTTPConnection(24560): [Connection@948029827] response.heeader.Content-Length = 218840697
07-06 00:13:36.531 D/MediaHTTPConnection(24560): [Connection@948029827] response.heeader.Content-MD5 = b0d2FgZ34VxS2J9TYuIjgA==
07-06 00:13:36.531 D/MediaHTTPConnection(24560): [Connection@948029827] response.heeader.Content-Range = bytes 0-218840696/218840697
07-06 00:13:36.531 D/MediaHTTPConnection(24560): [Connection@948029827] response.heeader.Content-Type = application/octet-stream
07-06 00:13:36.531 D/MediaHTTPConnection(24560): [Connection@948029827] response.heeader.Date = Sat, 10 Jun 2017 12:11:49 GMT
07-06 00:13:36.532 D/MediaHTTPConnection(24560): [Connection@948029827] response.heeader.ETag = "6F4776160677E15C52D89F5362E22380"
07-06 00:13:36.532 D/MediaHTTPConnection(24560): [Connection@948029827] response.heeader.Last-Modified = Mon, 08 May 2017 17:24:17 GMT
07-06 00:13:36.532 D/MediaHTTPConnection(24560): [Connection@948029827] response.heeader.Server = nginx/1.2.4
07-06 00:13:36.532 D/til@system( 2026): til_get_system_param option:1000008 int:-1815633792, bool:128, ret:0
07-06 00:13:36.532 D/MediaHTTPConnection(24560): [Connection@948029827] response.heeader.Via = 1.1 chshx150:7 (Cdn Cache Server V2.0)[0 200 0], 1.1 sdbz31:0 (Cdn Cache Server V2.0)[26 200 0], 1.1 tongxiazai20:3 (Cdn Cache Server V2.0)[1 200 0]
07-06 00:13:36.532 D/MediaHTTPConnection(24560): [Connection@948029827] response.heeader.X-Android-Received-Millis = 1499271216530
07-06 00:13:36.532 D/MediaHTTPConnection(24560): [Connection@948029827] response.heeader.X-Android-Response-Source = NETWORK 206
07-06 00:13:36.532 D/MediaHTTPConnection(24560): [Connection@948029827] response.heeader.X-Android-Sent-Millis = 1499271216480
07-06 00:13:36.532 D/MediaHTTPConnection(24560): [Connection@948029827] response.heeader.x-oss-hash-crc64ecma = 10858506031335928878
07-06 00:13:36.532 D/MediaHTTPConnection(24560): [Connection@948029827] response.heeader.x-oss-object-type = Normal
07-06 00:13:36.532 D/MediaHTTPConnection(24560): [Connection@948029827] response.heeader.x-oss-request-id = 591D64783FEA2FF75DF4AA6E
07-06 00:13:36.532 D/MediaHTTPConnection(24560): [Connection@948029827] response.heeader.x-oss-server-time = 46
07-06 00:13:36.532 D/MediaHTTPConnection(24560): [Connection@948029827] response.heeader.x-oss-storage-class = Standard
07-06 00:13:36.532 D/HttpBuilder(24560): getOperationDetail-productName : LED50MU8600UC
07-06 00:13:36.532 D/HttpBuilder(24560): getOperationDetail-plmNumber : 88888
07-06 00:13:36.532 D/HttpBuilder(24560): getOperationDetail-swVersion : V0000.00.01A
07-06 00:13:36.532 D/HttpBuilder(24560): getOperationDetail-operationDetail : LED50MU8600UC0000888
07-06 00:13:36.554 D/OkHttp  (24560): <-- 403 Forbidden http://picture.edu.hismarttv.com/images/ (173ms)
07-06 00:13:36.554 D/OkHttp  (24560): Date: Wed, 05 Jul 2017 16:13:36 GMT
07-06 00:13:36.554 D/OkHttp  (24560): Server: nginx
07-06 00:13:36.554 D/OkHttp  (24560): Content-Type: text/html; charset=UTF-8
07-06 00:13:36.554 D/OkHttp  (24560): Content-Length: 162
07-06 00:13:36.554 D/OkHttp  (24560): Via: 1.1 shuozhou56:0 (Cdn Cache Server V2.0)[31 403 2], 1.1 PSahmaswt2en210:2 (Cdn Cache Server V2.0)[145 403 2]
07-06 00:13:36.554 D/OkHttp  (24560): Connection: close
07-06 00:13:36.554 D/OkHttp  (24560): <-- END HTTP
07-06 00:13:36.560 D/HttpHandler(24560): RetryIntercepter-->retryNum=0
07-06 00:13:36.560 D/HttpHandler(24560): RetryIntercepter-->backoffmutiplier=0
07-06 00:13:36.575 I/HttpBuilder(24560): addUrlPublicParams mUrl ==>http://api.edu.hismarttv.com/usercenter/api/media_individualize_data?media_id=3535&uuid=13287129&mac=a8:a6:48:18:fc:a8&devid=86100300900000500000060a4818fca8&version=00.002.003&subscriberId=13287129&customerId=7195320&model_id=0&APPPackage=com.hisense.hicloud.edca&PFAPPCode=652&APPVersionName=3.0.0.9.00&ChannelId=0&softwareVersion=LED50MU8600UC0000888&tv_distribute_id=00&devType=0&APIVersion=600&accessToken=72DF6038D2AEAB8A76DFBBBBCC428A4A_000139028911666
07-06 00:13:36.579 D/HttpHandler(24560): VerifySignInterCeptor-->request.url()=http://api.edu.hismarttv.com/usercenter/api/media_individualize_data?media_id=3535&uuid=13287129&mac=a8:a6:48:18:fc:a8&devid=86100300900000500000060a4818fca8&version=00.002.003&subscriberId=13287129&customerId=7195320&model_id=0&APPPackage=com.hisense.hicloud.edca&PFAPPCode=652&APPVersionName=3.0.0.9.00&ChannelId=0&softwareVersion=LED50MU8600UC0000888&tv_distribute_id=00&devType=0&APIVersion=600&accessToken=72DF6038D2AEAB8A76DFBBBBCC428A4A_000139028911666
07-06 00:13:36.579 D/HttpHandler(24560): VerifySignInterCeptor-->hostname=api.edu.hismarttv.com
07-06 00:13:36.580 I/art     (24560): Background sticky concurrent mark sweep GC freed 18213(1019KB) AllocSpace objects, 0(0B) LOS objects, 2% free, 33MB/34MB, paused 5.646ms total 38.801ms
07-06 00:13:36.580 D/HttpHandler(24560): HttpDNS-->hostname=api.edu.hismarttv.com
07-06 00:13:36.581 D/HttpHandler(24560): RAMCache-->hostInfo.getClientTimeStamp()=20040489
07-06 00:13:36.581 D/HttpHandler(24560): RAMCache-->hostInfo.getTtl()=3600
07-06 00:13:36.581 D/HttpHandler(24560): RAMCache-->SystemClock.elapsedRealtime()=20058153
07-06 00:13:36.591 D/HttpHandler(24560): DNSHelper-->gslbDns=["123.103.91.123"]
07-06 00:13:36.594 D/DetailPlayActivity(24560): sunliqin initCourseViewVisible
07-06 00:13:36.601 D/DetailCourseSelectorView(24560): sunliqin DetailCourseSelectorView!!!!
07-06 00:13:36.614 I/DetailVideoPlayerContainer(24560):  sunliqin initUI()
07-06 00:13:36.631 D/OkHttp  (24560): --> GET http://api.edu.hismarttv.com/usercenter/api/media_individualize_data?media_id=3535&uuid=13287129&mac=a8:a6:48:18:fc:a8&devid=86100300900000500000060a4818fca8&version=00.002.003&subscriberId=13287129&customerId=7195320&model_id=0&APPPackage=com.hisense.hicloud.edca&PFAPPCode=652&APPVersionName=3.0.0.9.00&ChannelId=0&softwareVersion=LED50MU8600UC0000888&tv_distribute_id=00&devType=0&APIVersion=600&accessToken=72DF6038D2AEAB8A76DFBBBBCC428A4A_000139028911666 http/1.1
07-06 00:13:36.631 D/OkHttp  (24560): Data_Type: JSON
07-06 00:13:36.631 D/OkHttp  (24560): RetryTime: 0
07-06 00:13:36.631 D/OkHttp  (24560): Backoffmutiplier: 0
07-06 00:13:36.631 D/OkHttp  (24560): Host: api.edu.hismarttv.com
07-06 00:13:36.631 D/OkHttp  (24560): Connection: Keep-Alive
07-06 00:13:36.632 D/OkHttp  (24560): Accept-Encoding: gzip
07-06 00:13:36.632 D/OkHttp  (24560): User-Agent: okhttp/3.6.0
07-06 00:13:36.632 D/OkHttp  (24560): --> END GET
07-06 00:13:36.663 D/OkHttp  (24560): <-- 200 OK http://api.edu.hismarttv.com/usercenter/api/media_individualize_data?media_id=3535&uuid=13287129&mac=a8:a6:48:18:fc:a8&devid=86100300900000500000060a4818fca8&version=00.002.003&subscriberId=13287129&customerId=7195320&model_id=0&APPPackage=com.hisense.hicloud.edca&PFAPPCode=652&APPVersionName=3.0.0.9.00&ChannelId=0&softwareVersion=LED50MU8600UC0000888&tv_distribute_id=00&devType=0&APIVersion=600&accessToken=72DF6038D2AEAB8A76DFBBBBCC428A4A_000139028911666 (31ms)
07-06 00:13:36.663 D/OkHttp  (24560): Server: nginx
07-06 00:13:36.663 D/OkHttp  (24560): Date: Wed, 05 Jul 2017 16:13:36 GMT
07-06 00:13:36.667 D/OkHttp  (24560): Content-Type: application/json
07-06 00:13:36.667 D/OkHttp  (24560): Content-Length: 210
07-06 00:13:36.667 D/OkHttp  (24560): Connection: close
07-06 00:13:36.667 D/OkHttp  (24560): <-- END HTTP
07-06 00:13:36.670 D/HttpHandler(24560): RetryIntercepter-->retryNum=0
07-06 00:13:36.670 D/HttpHandler(24560): RetryIntercepter-->backoffmutiplier=0
07-06 00:13:36.674 D/HttpHandler(24560): VerifySignInterCeptor-->dateType=1
07-06 00:13:36.674 D/HttpHandler(24560): VerifySignInterCeptor-->HttpRequestManager.httpClietOption.getVerifyFlag()=1
07-06 00:13:36.675 D/HttpHandler(24560): VerifySignInterCeptor-->content={"user_collect": false}
07-06 00:13:36.732 I/TVMW@HsTvSetting( 1234): Trace cmd, data = 0x1058
07-06 00:13:36.734 V/DataSource( 1206): sniff
07-06 00:13:36.734 I/FFmpegExtractor( 1206): android-source:0xf406dd40
07-06 00:13:36.736 I/FFMPEG  ( 1206): [mov,mp4,m4a,3gp,3g2,mj2 @ 0xf1803400] Format mov,mp4,m4a,3gp,3g2,mj2 probed with size=2048 and score=100
07-06 00:13:36.739 D/MediaHTTPConnection(24560): [Connection@948029827] getSize mTotalSize = 218840697
07-06 00:13:36.740 D/til@system( 2026): til_get_system_param option:100002F int:0, bool:0, ret:0
07-06 00:13:36.740 I/TVMW@HsTvSetting( 1234): Trace cmd, data = 0x101f
07-06 00:13:36.740 D/til@system( 2026): til_get_system_param option:100001D int:3, bool:3, ret:0
07-06 00:13:36.740 E/til     ( 2026): [til_get_current_input_source, 101] 
07-06 00:13:36.741 I/TVMW@HsTvSetting( 1234): Trace cmd, data = 0x7007
07-06 00:13:36.741 I/tilwrapper@sm( 2026): HS2TIL_SourceType *hs=0xd, *til=0x900
07-06 00:13:36.741 D/til     ( 2026): get current source 2304
07-06 00:13:36.741 D/SourceRemoteServiceHandler( 2026): getCurrentInputSource.from.til.result is 0, value is 2304
07-06 00:13:36.741 D/SourceRemoteServiceHandler( 2026): getInputSourceType source: 0x900, type=2304
07-06 00:13:36.742 D/til     ( 2026): ###### func:til_get_picture_param option:0x3000006 ######  
07-06 00:13:36.742 I/FFMPEG  ( 1206): [mov,mp4,m4a,3gp,3g2,mj2 @ 0xf1803400] ISO: File Type Major Brand: isom
07-06 00:13:36.742 I/TVMW@HsTvSetting( 1234): Trace cmd, data = 0x1003
07-06 00:13:36.743 I/TVMW@HsTvSetting( 1234): Trace cmd, data = 0x8032
07-06 00:13:36.743 I/hstvos  ( 1216): [0m[1;33m[HSHAL][HS_VIDEO][HS_HAL_Video_SetOsdDetect_v2][2389]u16Threshold = 20
07-06 00:13:36.743 I/MiSysSrv( 1214): Not support now! 42, change to mm_video!!!
07-06 00:13:36.746 E/TVMW@videoctrl( 1234):  getOsd is 1
07-06 00:13:36.746 D/til@system( 2026): til_get_system_param option:1000027 int:1, bool:1, ret:0
07-06 00:13:36.747 D/til     ( 2026): ###### func:til_get_picture_param option:0x3000045 ######  
07-06 00:13:36.747 I/TVMW@HsTvSetting( 1234): Trace cmd, data = 0x300c
