07-05 21:50:55.202 E/SOGOUIME_JNI( 2203): invalidateCommitWordPinyinNative
07-05 21:50:55.203 D/PowerManagerService( 1733): releaseWakeLockInternal: lock=487931605 [WindowManager], flags=0x0
07-05 21:50:55.203 D/PowerManagerNotifier( 1733): onWakeLockReleased: flags=536870922, tag="WindowManager", packageName=android, ownerUid=1000, ownerPid=1733, workSource=WorkSource{10010}
07-05 21:50:55.203 D/PowerManagerService( 1733): userActivityNoUpdateLocked: eventTime=11496775, event=0, flags=0x1, uid=1000
07-05 21:50:55.203 D/PowerManagerService( 1733): setScreenBrightnessOverrideFromWindowManagerInternal done
07-05 21:50:55.205 D/SogouIME( 2203): =====configKeyboard=======:false     false
07-05 21:50:55.205 D/Surface ( 1733): onStatusChange() : mNativeObject = 0 mUseImageHwRender = false
07-05 21:50:55.205 E/SOGOUIME_JNI( 2203): ime_set_hard_kb_enable
07-05 21:50:55.206 I/FirstLineAdapter(10395): canShowTrailer,isOffline=false
07-05 21:50:55.206 I/FirstLineAdapter(10395): canShowTrailer,isOffline=false
07-05 21:50:55.208 I/FirstLineAdapter(10395): canShowTrailer,isOffline=false
07-05 21:50:55.208 I/FirstLineAdapter(10395): canShowTrailer,isOffline=false
07-05 21:50:55.208 I/FirstLineAdapter(10395): canShowTrailer,isOffline=false
07-05 21:50:55.208 I/FirstLineAdapter(10395): canShowTrailer,isOffline=false
07-05 21:50:55.208 I/FirstLineAdapter(10395): canShowTrailer,isOffline=false
07-05 21:50:55.209 I/FirstLineAdapter(10395): canShowTrailer,isOffline=false
07-05 21:50:55.209 I/FirstLineAdapter(10395): canShowTrailer,isOffline=false
07-05 21:50:55.213 D/Carousel-CarouselView(10395): ============>onScrollChanged hashCode:503952707
07-05 21:50:55.213 D/Carousel-CarouselDisplayPlayerLayout(10395): isFullScreen:false
07-05 21:50:55.216 I/MyFragmentStateAdapter(10395): getCount
07-05 21:50:55.234 D/Carousel-CarouselDisplayPlayerLayout(10395): x=380, y=-181,w=892,h=536, hashCode=885376954
07-05 21:50:55.234 D/Carousel-CarouselDisplayPlayerLayout(10395): mX=380, mY=43,mWitdh=892,mHeight=536, hashCode=885376954
07-05 21:50:55.234 D/Carousel-CarouselDisplayPlayerLayout(10395): changed=true, hashCode=885376954
07-05 21:50:55.234 D/Carousel-Utils(10395): x=380,y=-181, width=892,height=536
07-05 21:50:55.234 D/Carousel-CarouselView(10395): onWindowOutScreen!
07-05 21:50:55.235 I/TVMW@devctrl( 1234): wdt
07-05 21:50:55.237 D/Carousel-CarouselView(10395): ============>onScrollChanged hashCode:503952707
07-05 21:50:55.238 D/Carousel-CarouselDisplayPlayerLayout(10395): isFullScreen:false
07-05 21:50:55.241 D/Carousel-CarouselDisplayPlayerLayout(10395): x=380, y=-184,w=892,h=536, hashCode=885376954
07-05 21:50:55.241 D/Carousel-CarouselDisplayPlayerLayout(10395): mX=380, mY=-181,mWitdh=892,mHeight=536, hashCode=885376954
07-05 21:50:55.241 D/Carousel-CarouselDisplayPlayerLayout(10395): changed=true, hashCode=885376954
07-05 21:50:55.241 D/Carousel-Utils(10395): x=380,y=-184, width=892,height=536
07-05 21:50:55.242 D/Carousel-CarouselView(10395): setPosterAndStopPlay! hashCode=503952707, sWorkingHashCode=503952707
07-05 21:50:55.242 D/Carousel-CarouselDisplayPlayerLayout(10395): isFullScreen:false
07-05 21:50:55.242 D/Carousel-Utils(10395): displayImage view=android.widget.ImageView{6b5843e V.ED.... ........ 0,0-816,460 #7f0d0029 app:id/imageView1}
07-05 21:50:55.242 D/Carousel-Utils(10395): displayImage url=http://picture.edu.hismarttv.com/images/20170629010146422927.jpg
07-05 21:50:55.243 D/Carousel-Utils(10395): onResourceReady.
07-05 21:50:55.244 D/Carousel-Utils(10395): displayImage view=android.widget.ImageView{f85544f V.ED.... ......ID 0,0-816,460 #7f0d0029 app:id/imageView1}
07-05 21:50:55.244 D/Carousel-Utils(10395): displayImage url=http://picture.edu.hismarttv.com/images/20170629010146422927.jpg
07-05 21:50:55.246 D/Carousel-Utils(10395): onResourceReady.
07-05 21:50:55.247 D/Carousel-CarouselDisplayPlayerLayout(10395): isFullScreen:false
07-05 21:50:55.247 D/Carousel-CarouselDisplayPlayerLayout(10395): x=380, y=-184,w=892,h=536, hashCode=885376954
07-05 21:50:55.247 D/Carousel-CarouselDisplayPlayerLayout(10395): mX=380, mY=-184,mWitdh=892,mHeight=536, hashCode=885376954
07-05 21:50:55.247 D/Carousel-CarouselDisplayPlayerLayout(10395): changed=false, hashCode=885376954
07-05 21:50:55.247 D/Carousel-CarouselDisplayPlayerLayout(10395): extraTryCount=0
07-05 21:50:55.248 D/Carousel-CarouselDisplayPlayerLayout(10395): x=380, y=-184,w=892,h=536, hashCode=885376954
07-05 21:50:55.248 D/Carousel-CarouselDisplayPlayerLayout(10395): mX=380, mY=-184,mWitdh=892,mHeight=536, hashCode=885376954
07-05 21:50:55.248 D/Carousel-CarouselDisplayPlayerLayout(10395): changed=false, hashCode=885376954
07-05 21:50:55.248 D/Carousel-CarouselDisplayPlayerLayout(10395): extraTryCount=1
07-05 21:50:55.259 I/MyFragmentStateAdapter(10395): getCount
07-05 21:50:55.259 I/MyFragmentStateAdapter(10395): getCount
07-05 21:50:55.259 I/MyFragmentStateAdapter(10395): getCount
07-05 21:50:55.259 I/MyFragmentStateAdapter(10395): getCount
07-05 21:50:55.260 I/FirstLineAdapter(10395): canShowTrailer,isOffline=false
07-05 21:50:55.260 I/FirstLineAdapter(10395): canShowTrailer,isOffline=false
07-05 21:50:55.260 I/FirstLineAdapter(10395): canShowTrailer,isOffline=false
07-05 21:50:55.260 I/FirstLineAdapter(10395): canShowTrailer,isOffline=false
07-05 21:50:55.260 I/FirstLineAdapter(10395): canShowTrailer,isOffline=false
07-05 21:50:55.260 I/FirstLineAdapter(10395): canShowTrailer,isOffline=false
07-05 21:50:55.260 I/FirstLineAdapter(10395): canShowTrailer,isOffline=false
07-05 21:50:55.261 I/FirstLineAdapter(10395): canShowTrailer,isOffline=false
07-05 21:50:55.261 I/FirstLineAdapter(10395): canShowTrailer,isOffline=false
07-05 21:50:55.266 D/Carousel-CarouselView(10395): ============>onScrollChanged hashCode:503952707
07-05 21:50:55.266 D/Carousel-CarouselDisplayPlayerLayout(10395): isFullScreen:false
07-05 21:50:55.269 I/MyFragmentStateAdapter(10395): getCount
07-05 21:50:55.276 D/Carousel-CarouselDisplayPlayerLayout(10395): x=380, y=-185,w=892,h=536, hashCode=885376954
07-05 21:50:55.276 D/Carousel-CarouselDisplayPlayerLayout(10395): mX=380, mY=-184,mWitdh=892,mHeight=536, hashCode=885376954
07-05 21:50:55.276 D/Carousel-CarouselDisplayPlayerLayout(10395): changed=true, hashCode=885376954
07-05 21:50:55.278 D/Carousel-Utils(10395): x=380,y=-185, width=892,height=536
07-05 21:50:55.347 D/Carousel-CarouselDisplayPlayerLayout(10395): x=380, y=-185,w=892,h=536, hashCode=885376954
07-05 21:50:55.347 D/Carousel-CarouselDisplayPlayerLayout(10395): mX=380, mY=-185,mWitdh=892,mHeight=536, hashCode=885376954
07-05 21:50:55.347 D/Carousel-CarouselDisplayPlayerLayout(10395): changed=false, hashCode=885376954
07-05 21:50:55.347 D/Carousel-CarouselDisplayPlayerLayout(10395): extraTryCount=0
07-05 21:50:55.348 D/Carousel-CarouselDisplayPlayerLayout(10395): x=380, y=-185,w=892,h=536, hashCode=885376954
07-05 21:50:55.348 D/Carousel-CarouselDisplayPlayerLayout(10395): mX=380, mY=-185,mWitdh=892,mHeight=536, hashCode=885376954
07-05 21:50:55.348 D/Carousel-CarouselDisplayPlayerLayout(10395): changed=false, hashCode=885376954
07-05 21:50:55.348 D/Carousel-CarouselDisplayPlayerLayout(10395): extraTryCount=1
07-05 21:50:55.350 D/Carousel-CarouselDisplayPlayerLayout(10395): x=380, y=-185,w=892,h=536, hashCode=885376954
07-05 21:50:55.350 D/Carousel-CarouselDisplayPlayerLayout(10395): mX=380, mY=-185,mWitdh=892,mHeight=536, hashCode=885376954
07-05 21:50:55.350 D/Carousel-CarouselDisplayPlayerLayout(10395): changed=false, hashCode=885376954
07-05 21:50:55.350 D/Carousel-CarouselDisplayPlayerLayout(10395): extraTryCount=2
07-05 21:50:55.358 D/Carousel-CarouselDisplayPlayerLayout(10395): x=380, y=-185,w=892,h=536, hashCode=885376954
07-05 21:50:55.359 D/Carousel-CarouselDisplayPlayerLayout(10395): mX=380, mY=-185,mWitdh=892,mHeight=536, hashCode=885376954
07-05 21:50:55.359 D/Carousel-CarouselDisplayPlayerLayout(10395): changed=false, hashCode=885376954
07-05 21:50:55.359 D/Carousel-CarouselDisplayPlayerLayout(10395): extraTryCount=3
07-05 21:50:55.365 D/CardItemView(10395): handleFocus subtile===>:
07-05 21:50:55.368 I/MyFragmentStateAdapter(10395): getCount
07-05 21:50:55.368 I/MyFragmentStateAdapter(10395): getCount
07-05 21:50:55.368 I/MyFragmentStateAdapter(10395): getCount
07-05 21:50:55.368 I/MyFragmentStateAdapter(10395): getCount
07-05 21:50:55.372 D/HttpHandler(10395): VerifySignInterCeptor-->request.url()=http://picture.edu.hismarttv.com/images/20170630035014817721.jpg
07-05 21:50:55.372 D/HttpHandler(10395): VerifySignInterCeptor-->hostname=picture.edu.hismarttv.com
07-05 21:50:55.373 D/OkHttp  (10395): --> GET http://picture.edu.hismarttv.com/images/20170630035014817721.jpg http/1.1
07-05 21:50:55.373 D/OkHttp  (10395): Host: picture.edu.hismarttv.com
07-05 21:50:55.373 D/OkHttp  (10395): Connection: Keep-Alive
07-05 21:50:55.373 D/OkHttp  (10395): Accept-Encoding: gzip
07-05 21:50:55.373 D/OkHttp  (10395): User-Agent: okhttp/3.6.0
07-05 21:50:55.373 D/OkHttp  (10395): --> END GET
07-05 21:50:55.374 D/HttpHandler(10395): VerifySignInterCeptor-->request.url()=http://picture.edu.hismarttv.com/images/
07-05 21:50:55.374 D/HttpHandler(10395): VerifySignInterCeptor-->hostname=picture.edu.hismarttv.com
07-05 21:50:55.377 D/HttpHandler(10395): VerifySignInterCeptor-->request.url()=http://picture.edu.hismarttv.com/images/20170630060641226550.jpg
07-05 21:50:55.377 D/HttpHandler(10395): VerifySignInterCeptor-->hostname=picture.edu.hismarttv.com
07-05 21:50:55.380 D/OkHttp  (10395): --> GET http://picture.edu.hismarttv.com/images/ http/1.1
07-05 21:50:55.380 D/OkHttp  (10395): Host: picture.edu.hismarttv.com
07-05 21:50:55.380 D/OkHttp  (10395): Connection: Keep-Alive
07-05 21:50:55.380 D/OkHttp  (10395): Accept-Encoding: gzip
07-05 21:50:55.380 D/OkHttp  (10395): User-Agent: okhttp/3.6.0
07-05 21:50:55.380 D/OkHttp  (10395): --> END GET
07-05 21:50:55.380 I/MyFragmentStateAdapter(10395): getCount
07-05 21:50:55.384 D/OkHttp  (10395): --> GET http://picture.edu.hismarttv.com/images/20170630060641226550.jpg http/1.1
07-05 21:50:55.384 D/OkHttp  (10395): Host: picture.edu.hismarttv.com
07-05 21:50:55.384 D/OkHttp  (10395): Connection: Keep-Alive
07-05 21:50:55.384 D/OkHttp  (10395): Accept-Encoding: gzip
07-05 21:50:55.384 D/OkHttp  (10395): User-Agent: okhttp/3.6.0
07-05 21:50:55.384 D/OkHttp  (10395): --> END GET
07-05 21:50:55.385 D/HttpHandler(10395): VerifySignInterCeptor-->request.url()=http://picture.edu.hismarttv.com/images/20170630060938851994.jpg
07-05 21:50:55.385 D/HttpHandler(10395): VerifySignInterCeptor-->hostname=picture.edu.hismarttv.com
07-05 21:50:55.386 D/OkHttp  (10395): --> GET http://picture.edu.hismarttv.com/images/20170630060938851994.jpg http/1.1
07-05 21:50:55.386 D/OkHttp  (10395): Host: picture.edu.hismarttv.com
07-05 21:50:55.386 D/OkHttp  (10395): Connection: Keep-Alive
07-05 21:50:55.386 D/OkHttp  (10395): Accept-Encoding: gzip
07-05 21:50:55.386 D/OkHttp  (10395): User-Agent: okhttp/3.6.0
07-05 21:50:55.386 D/OkHttp  (10395): --> END GET
07-05 21:50:55.387 D/Carousel-CarouselDisplayPlayerLayout(10395): x=380, y=-185,w=892,h=536, hashCode=885376954
07-05 21:50:55.387 D/Carousel-CarouselDisplayPlayerLayout(10395): mX=380, mY=-185,mWitdh=892,mHeight=536, hashCode=885376954
07-05 21:50:55.387 D/Carousel-CarouselDisplayPlayerLayout(10395): changed=false, hashCode=885376954
07-05 21:50:55.387 D/Carousel-CarouselDisplayPlayerLayout(10395): extraTryCount=4
07-05 21:50:55.387 D/Carousel-CarouselDisplayPlayerLayout(10395): x=380, y=-185,w=892,h=536, hashCode=885376954
07-05 21:50:55.387 D/Carousel-CarouselDisplayPlayerLayout(10395): mX=380, mY=-185,mWitdh=892,mHeight=536, hashCode=885376954
07-05 21:50:55.387 D/Carousel-CarouselDisplayPlayerLayout(10395): changed=false, hashCode=885376954
07-05 21:50:55.387 D/Carousel-CarouselDisplayPlayerLayout(10395): extraTryCount=5
07-05 21:50:55.387 D/Carousel-CarouselDisplayPlayerLayout(10395): x=380, y=-185,w=892,h=536, hashCode=885376954
07-05 21:50:55.387 D/Carousel-CarouselDisplayPlayerLayout(10395): mX=380, mY=-185,mWitdh=892,mHeight=536, hashCode=885376954
07-05 21:50:55.387 D/Carousel-CarouselDisplayPlayerLayout(10395): changed=false, hashCode=885376954
07-05 21:50:55.387 D/Carousel-CarouselDisplayPlayerLayout(10395): extraTryCount=6
07-05 21:50:55.387 D/Carousel-CarouselDisplayPlayerLayout(10395): x=380, y=-185,w=892,h=536, hashCode=885376954
07-05 21:50:55.387 D/Carousel-CarouselDisplayPlayerLayout(10395): mX=380, mY=-185,mWitdh=892,mHeight=536, hashCode=885376954
07-05 21:50:55.387 D/Carousel-CarouselDisplayPlayerLayout(10395): changed=false, hashCode=885376954
07-05 21:50:55.387 D/Carousel-CarouselDisplayPlayerLayout(10395): extraTryCount=7
07-05 21:50:55.397 D/OkHttp  (10395): <-- 200 OK http://picture.edu.hismarttv.com/images/20170630060641226550.jpg (12ms)
07-05 21:50:55.397 D/OkHttp  (10395): Date: Mon, 03 Jul 2017 06:46:59 GMT
07-05 21:50:55.397 D/OkHttp  (10395): Server: nginx
07-05 21:50:55.397 D/OkHttp  (10395): Content-Type: image/jpeg
07-05 21:50:55.397 D/OkHttp  (10395): Content-Length: 121881
07-05 21:50:55.397 D/OkHttp  (10395): Last-Modified: Fri, 30 Jun 2017 06:06:41 GMT
07-05 21:50:55.397 D/OkHttp  (10395): ETag: "5955ea71-1dc19"
07-05 21:50:55.397 D/OkHttp  (10395): Accept-Ranges: bytes
07-05 21:50:55.397 D/OkHttp  (10395): Age: 198232
07-05 21:50:55.397 D/OkHttp  (10395): Via: 1.1 wangt170:6 (Cdn Cache Server V2.0)[20 200 0], 1.1 dezhou34:0 (Cdn Cache Server V2.0)[0 200 0]
07-05 21:50:55.397 D/OkHttp  (10395): Connection: keep-alive
07-05 21:50:55.397 D/OkHttp  (10395): <-- END HTTP
07-05 21:50:55.400 D/OkHttp  (10395): <-- 200 OK http://picture.edu.hismarttv.com/images/20170630060938851994.jpg (13ms)
07-05 21:50:55.400 D/OkHttp  (10395): Date: Mon, 03 Jul 2017 11:52:43 GMT
07-05 21:50:55.400 D/OkHttp  (10395): Server: nginx
07-05 21:50:55.400 D/OkHttp  (10395): Content-Type: image/jpeg
07-05 21:50:55.400 D/OkHttp  (10395): Content-Length: 84036
07-05 21:50:55.400 D/OkHttp  (10395): Last-Modified: Fri, 30 Jun 2017 06:09:38 GMT
07-05 21:50:55.400 D/OkHttp  (10395): ETag: "5955eb22-14844"
07-05 21:50:55.400 D/OkHttp  (10395): Accept-Ranges: bytes
07-05 21:50:55.400 D/OkHttp  (10395): Age: 179892
07-05 21:50:55.400 D/OkHttp  (10395): Via: 1.1 pingwangtong50:6 (Cdn Cache Server V2.0)[0 200 0], 1.1 anwangtong99:0 (Cdn Cache Server V2.0)[0 200 0]
07-05 21:50:55.401 D/OkHttp  (10395): Connection: keep-alive
07-05 21:50:55.401 D/OkHttp  (10395): <-- END HTTP
07-05 21:50:55.403 D/HttpHandler(10395): RetryIntercepter-->retryNum=0
07-05 21:50:55.403 D/HttpHandler(10395): RetryIntercepter-->backoffmutiplier=0
07-05 21:50:55.413 D/HttpHandler(10395): RetryIntercepter-->retryNum=0
07-05 21:50:55.413 D/HttpHandler(10395): RetryIntercepter-->backoffmutiplier=0
07-05 21:50:55.414 D/Carousel-CarouselDisplayPlayerLayout(10395): x=380, y=-185,w=892,h=536, hashCode=885376954
07-05 21:50:55.414 D/Carousel-CarouselDisplayPlayerLayout(10395): mX=380, mY=-185,mWitdh=892,mHeight=536, hashCode=885376954
07-05 21:50:55.414 D/Carousel-CarouselDisplayPlayerLayout(10395): changed=false, hashCode=885376954
07-05 21:50:55.414 D/Carousel-CarouselDisplayPlayerLayout(10395): extraTryCount=8
07-05 21:50:55.414 D/Carousel-CarouselDisplayPlayerLayout(10395): x=380, y=-185,w=892,h=536, hashCode=885376954
07-05 21:50:55.414 D/Carousel-CarouselDisplayPlayerLayout(10395): mX=380, mY=-185,mWitdh=892,mHeight=536, hashCode=885376954
07-05 21:50:55.414 D/Carousel-CarouselDisplayPlayerLayout(10395): changed=false, hashCode=885376954
07-05 21:50:55.414 D/Carousel-CarouselDisplayPlayerLayout(10395): extraTryCount=9
07-05 21:50:55.414 D/Carousel-CarouselDisplayPlayerLayout(10395): x=380, y=-185,w=892,h=536, hashCode=885376954
07-05 21:50:55.414 D/Carousel-CarouselDisplayPlayerLayout(10395): mX=380, mY=-185,mWitdh=892,mHeight=536, hashCode=885376954
07-05 21:50:55.414 D/Carousel-CarouselDisplayPlayerLayout(10395): changed=false, hashCode=885376954
07-05 21:50:55.414 D/Carousel-CarouselDisplayPlayerLayout(10395): isFullScreen:false
07-05 21:50:55.414 D/Carousel-CarouselView(10395): ===========>mDisplayPlayerLayout.getVisibility()=8
07-05 21:50:55.414 D/Carousel-CarouselView(10395): OnScrollEnd Visibility is gone return.
07-05 21:50:55.431 D/OkHttp  (10395): <-- 200 OK http://picture.edu.hismarttv.com/images/20170630035014817721.jpg (55ms)
07-05 21:50:55.431 D/OkHttp  (10395): Date: Tue, 04 Jul 2017 03:17:57 GMT
07-05 21:50:55.431 D/OkHttp  (10395): Server: nginx
07-05 21:50:55.431 D/OkHttp  (10395): Content-Type: image/jpeg
07-05 21:50:55.431 D/OkHttp  (10395): Content-Length: 108221
07-05 21:50:55.432 D/OkHttp  (10395): Last-Modified: Fri, 30 Jun 2017 03:50:14 GMT
07-05 21:50:55.432 D/OkHttp  (10395): ETag: "5955ca76-1a6bd"
07-05 21:50:55.432 D/OkHttp  (10395): Accept-Ranges: bytes
07-05 21:50:55.432 D/OkHttp  (10395): Age: 124378
07-05 21:50:55.432 D/OkHttp  (10395): Via: 1.1 hewangtong169:9 (Cdn Cache Server V2.0)[23 200 0], 1.1 echwt51:3 (Cdn Cache Server V2.0)[12 200 0]
07-05 21:50:55.432 D/OkHttp  (10395): Connection: keep-alive
07-05 21:50:55.432 D/OkHttp  (10395): <-- END HTTP
07-05 21:50:55.433 D/PowerManagerService( 1733): acquireWakeLockInternal: lock=113832109, flags=0x1, tag="NetworkStats", ws=null, uid=1000, pid=1733
07-05 21:50:55.433 D/PowerManagerNotifier( 1733): onWakeLockAcquired: flags=1, tag="NetworkStats", packageName=android, ownerUid=1000, ownerPid=1733, workSource=null
07-05 21:50:55.433 D/NtpTrustedTime( 1733): currentTimeMillis() cache hit
07-05 21:50:55.442 D/NtpTrustedTime( 1733): currentTimeMillis() cache hit
07-05 21:50:55.444 D/NtpTrustedTime( 1733): currentTimeMillis() cache hit
07-05 21:50:55.444 D/NtpTrustedTime( 1733): currentTimeMillis() cache hit
07-05 21:50:55.445 D/PowerManagerService( 1733): releaseWakeLockInternal: lock=113832109 [NetworkStats], flags=0x0
07-05 21:50:55.445 D/PowerManagerNotifier( 1733): onWakeLockReleased: flags=1, tag="NetworkStats", packageName=android, ownerUid=1000, ownerPid=1733, workSource=null
07-05 21:50:55.452 I/TVMW@HsTvSetting( 1234): Trace cmd, data = 0x1058
07-05 21:50:55.453 D/til@system( 2026): til_get_system_param option:100002F int:0, bool:0, ret:0
07-05 21:50:55.453 I/TVMW@HsTvSetting( 1234): Trace cmd, data = 0x101f
07-05 21:50:55.453 D/til@system( 2026): til_get_system_param option:100001D int:3, bool:3, ret:0
07-05 21:50:55.453 E/til     ( 2026): [til_get_current_input_source, 101] 
07-05 21:50:55.453 I/TVMW@HsTvSetting( 1234): Trace cmd, data = 0x7007
07-05 21:50:55.453 I/tilwrapper@sm( 2026): HS2TIL_SourceType *hs=0xd, *til=0x900
07-05 21:50:55.453 D/til     ( 2026): get current source 2304
07-05 21:50:55.454 D/SourceRemoteServiceHandler( 2026): getCurrentInputSource.from.til.result is 0, value is 2304
07-05 21:50:55.454 D/SourceRemoteServiceHandler( 2026): getInputSourceType source: 0x900, type=2304
07-05 21:50:55.454 D/til     ( 2026): ###### func:til_get_picture_param option:0x3000006 ######  
07-05 21:50:55.454 I/TVMW@HsTvSetting( 1234): Trace cmd, data = 0x1003
07-05 21:50:55.454 I/TVMW@HsTvSetting( 1234): Trace cmd, data = 0x8032
07-05 21:50:55.455 I/hstvos  ( 1216): [0m[1;33m[HSHAL][HS_VIDEO][HS_HAL_Video_SetOsdDetect_v2][2389]u16Threshold = 20
07-05 21:50:55.457 E/TVMW@videoctrl( 1234):  getOsd is 1
07-05 21:50:55.457 D/til@system( 2026): til_get_system_param option:1000027 int:1, bool:1, ret:0
07-05 21:50:55.457 D/til     ( 2026): ###### func:til_get_picture_param option:0x3000045 ######  
07-05 21:50:55.457 I/TVMW@HsTvSetting( 1234): Trace cmd, data = 0x300c
07-05 21:50:55.458 I/TVMW@HsTvSetting( 1234): Trace 3d, data = 0x300c
07-05 21:50:55.458 I/TVMW@3d ( 1234): Hs_debug3d_trace: func:get3dStatus, line:109
07-05 21:50:55.462 D/HttpHandler(10395): RetryIntercepter-->retryNum=0
07-05 21:50:55.462 D/HttpHandler(10395): RetryIntercepter-->backoffmutiplier=0
07-05 21:50:55.469 D/OkHttp  (10395): <-- 403 Forbidden http://picture.edu.hismarttv.com/images/ (89ms)
07-05 21:50:55.469 I/MiSysSrv( 1214): [37m[INFO] Change to Voltage: 117 mv (0x32)[m
07-05 21:50:55.475 D/MSTAR_VDEC_DBG( 1206): Stream ID: 0, Rate : 23 (E:0,D:0,S:0,F:141) 
07-05 21:50:55.484 D/OkHttp  (10395): Date: Wed, 05 Jul 2017 13:50:55 GMT
07-05 21:50:55.484 D/OkHttp  (10395): Server: nginx
07-05 21:50:55.484 D/OkHttp  (10395): Content-Type: text/html; charset=UTF-8
07-05 21:50:55.484 D/OkHttp  (10395): Content-Length: 162
07-05 21:50:55.484 D/OkHttp  (10395): Via: 1.1 shuozhou56:0 (Cdn Cache Server V2.0)[34 403 2], 1.1 anwangtong96:0 (Cdn Cache Server V2.0)[76 403 2]
07-05 21:50:55.484 D/OkHttp  (10395): Connection: close
07-05 21:50:55.484 D/OkHttp  (10395): <-- END HTTP
07-05 21:50:55.487 D/HttpHandler(10395): RetryIntercepter-->retryNum=0
07-05 21:50:55.487 D/HttpHandler(10395): RetryIntercepter-->backoffmutiplier=0
07-05 21:50:55.497 D/HttpHandler(10395): VerifySignInterCeptor-->request.url()=http://picture.edu.hismarttv.com/images/20170629/20161111081033896636.jpg
07-05 21:50:55.498 D/HttpHandler(10395): VerifySignInterCeptor-->hostname=picture.edu.hismarttv.com
07-05 21:50:55.514 D/HttpHandler(10395): HttpDNS-->hostname=picture.edu.hismarttv.com
07-05 21:50:55.515 D/HttpHandler(10395): RAMCache-->hostInfo.getClientTimeStamp()=11483987
07-05 21:50:55.515 D/HttpHandler(10395): RAMCache-->hostInfo.getTtl()=300
07-05 21:50:55.515 D/HttpHandler(10395): RAMCache-->SystemClock.elapsedRealtime()=11497086
07-05 21:50:55.529 D/QrRecognization( 2232): handleMessage msg=4
07-05 21:50:55.529 D/QrRecognization( 2232): handleMessage msg=1
07-05 21:50:55.529 D/QrRecognization( 2232): start update screenshot
07-05 21:50:55.529 D/QrRecognization( 2232): QR detection is not enabled in tile com.hisense.hicloud.edca
07-05 21:50:55.529 D/QrRecognization( 2232): error in getBitmap from screen
07-05 21:50:55.534 I/HLSP2P  (16224): ## 2017-07-05 21:50:55.533 [16224,16378,:0] INFO ## [HLSP2P][PeerServer.cpp:559][INFO][SendHeartBeatReq][PeerServer] send hearbeat to 123.126.121.155:30013 ok
07-05 21:50:55.536 I/HLSP2P  (16224): ## 2017-07-05 21:50:55.535 [16224,16378,:0] INFO ## [HLSP2P][PunchHelper.cpp:289][INFO][SendHeartBeatMsg][PunchHelper] send heartbeat to punch server(124.160.168.204:8001) ok
07-05 21:50:55.546 D/Carousel-CarouselVideoViewImpl(10395): stopPlay.
07-05 21:50:55.547 V/MediaPlayer-JNI(10395): isPlaying: 1
07-05 21:50:55.547 D/Carousel-UrlVideoView(10395): isInPlaybackState=true
07-05 21:50:55.547 D/Carousel-UrlVideoView(10395): mCurrentState=3
07-05 21:50:55.547 V/MediaPlayer-JNI(10395): getCurrentPosition: 5125 (msec)
07-05 21:50:55.548 D/Carousel-CarouselVideoViewImpl(10395): position=5125
07-05 21:50:55.548 V/MediaPlayer-JNI(10395): stop
07-05 21:50:55.548 D/NuPlayerDriver( 1206): stop(0xd7843220)   mState:5
07-05 21:50:55.548 V/MediaPlayer-JNI(10395): release
07-05 21:50:55.549 D/NuPlayerDriver( 1206): reset(0xd7843220)  mState:8
07-05 21:50:55.549 V/NuPlayer( 1206): NuPlayer::resetAsync ---- Enter ...
07-05 21:50:55.549 I/NuCachedSource2( 1206): caching reached eos.
07-05 21:50:55.549 W/FFmpegExtractor( 1206): rv_read_frame ret: [-1011]
07-05 21:50:55.549 D/MediaHTTPConnection(10395): teardownConnection
07-05 21:50:55.552 W/MediaHTTPConnection(10395): teardownConnection catch android.os.NetworkOnMainThreadException
07-05 21:50:55.554 V/NuPlayer( 1206): kWhatReset  mCanReset:1
07-05 21:50:55.554 V/NuPlayer( 1206): performDecoderFlush audio=2, video=2
07-05 21:50:55.554 V/NuPlayer( 1206): [audio] flushDecoder needShutdown=1
07-05 21:50:55.554 V/NuPlayer( 1206): [video] flushDecoder needShutdown=1
07-05 21:50:55.554 V/NuPlayer( 1206): postponing action mFlushingAudio=2, mFlushingVideo=2
07-05 21:50:55.555 I/MS_OMX_BASEPORT( 1206): [OMX.MS.AVC.Decoder]MS_OMX_FlushPort: 0
07-05 21:50:55.555 D/MSTAR_VDEC_API( 1206): [0] Flush: Begin (0)
07-05 21:50:55.555 V/NuPlayer( 1206): renderer video flush completed.
07-05 21:50:55.555 V/NuPlayer( 1206): renderer audio flush completed.
07-05 21:50:55.557 D/MSTAR_VDEC_API( 1206): [0] Flush: OK
07-05 21:50:55.557 I/MS_OMX_BASEPORT( 1206): [OMX.MS.AVC.Decoder]MS_OMX_FlushPort: 1
07-05 21:50:55.558 E/AudioTrackShared( 1206): mFlush 0 -> 0x56bf, front 0x37d06, rear 0x396bf, mask 0x3fff, newFront 0x356bf, filled 16384=0x4000
07-05 21:50:55.559 V/NuPlayer( 1206): decoder audio flush completed
07-05 21:50:55.559 V/NuPlayer( 1206): initiating audio decoder shutdown
07-05 21:50:55.559 D/NuPlayer( 1206): rrrr audio decoder executing, canreset set true
07-05 21:50:55.561 V/NuPlayer( 1206): decoder video flush completed
07-05 21:50:55.561 V/NuPlayer( 1206): initiating video decoder shutdown
07-05 21:50:55.563 V/NuPlayer( 1206): audio shutdown completed
07-05 21:50:55.563 D/MediaCodec( 1206): MediaCodec::~MediaCodec ---- Enter  mState:0
07-05 21:50:55.563 I/MS_OMX_VDEC( 1206): [OMX.MS.AVC.Decoder]MS_OMX_OutputBufferProcess: in pause state , waiting for resume...
07-05 21:50:55.563 I/MS_OMX_VDEC( 1206): [OMX.MS.AVC.Decoder]MS_OMX_OutputBufferProcess: ...resumed
07-05 21:50:55.563 I/MS_OMX_VDEC( 1206): [OMX.MS.AVC.Decoder]MS_OMX_OutputBufferProcess: in pause state , waiting for resume...
07-05 21:50:55.563 I/MS_OMX_BASEPORT( 1206): [OMX.MS.AVC.Decoder]MS_OMX_FlushPort: 0
07-05 21:50:55.563 I/MS_OMX_VDEC( 1206): [OMX.MS.AVC.Decoder]MS_OMX_OutputBufferProcess: ...resumed
07-05 21:50:55.563 D/MSTAR_VDEC_API( 1206): [0] Flush: Begin (0)
07-05 21:50:55.564 D/MSTAR_VDEC_API( 1206): [0] Flush: OK
07-05 21:50:55.564 I/MS_OMX_BASEPORT( 1206): [OMX.MS.AVC.Decoder]MS_OMX_FlushPort: 1
07-05 21:50:55.564 I/MS_OMX_VDEC( 1206): [OMX.MS.AVC.Decoder]MS_OMX_OutputBufferProcess: in pause state , waiting for resume...
07-05 21:50:55.564 I/MS_OMX_VDEC( 1206): [OMX.MS.AVC.Decoder]MS_OMX_OutputBufferProcess: ...resumed
07-05 21:50:55.564 D/MS_OMX_VDEC( 1206): Free pBuffer[0]: 0xba003000
07-05 21:50:55.565 D/MS_OMX_VDEC( 1206): Free pBuffer[0]: 0xf1818000
07-05 21:50:55.565 D/MS_OMX_VDEC( 1206): Free pBuffer[0]: 0xd7403000
07-05 21:50:55.566 D/MS_OMX_VDEC( 1206): Free pBuffer[0]: 0xb9c03000
07-05 21:50:55.566 D/MS_OMX_VDEC( 1206): Free pBuffer[0]: 0xba8fc000
07-05 21:50:55.567 D/MSTAR_VDEC_API( 1206): [0] Flush: Begin (0)
07-05 21:50:55.568 D/MSTAR_VDEC_API( 1206): [0] Flush: OK
07-05 21:50:55.569 I/HLSP2P  (16224): ## 2017-07-05 21:50:55.568 [16224,16380,:0] INFO ## [HLSP2P][PeerServer.cpp:738][INFO][OnHeartBeatRsp][PeerServer] ps heartbeat rsp ok
07-05 21:50:55.569 I/HLSP2P  (16224): ## 2017-07-05 21:50:55.569 [16224,16380,:0] INFO ## [HLSP2P][PunchHelper.cpp:434][INFO][OnHeartbeatRsp][PunchHelper] punch heartbeat rsp ok
07-05 21:50:55.578 D/gralloc ( 1204): allocate buffer from ION HEAP 0x1
07-05 21:50:55.578 D/gralloc ( 1204): allocate memory from system heap
07-05 21:50:55.578 E/audio_hw_primary( 1206): out_get_latency ret 10ms
07-05 21:50:55.586 D/gralloc ( 1204): allocate buffer from ION HEAP 0x1
07-05 21:50:55.587 D/gralloc ( 1204): allocate memory from system heap
07-05 21:50:55.589 E/audio_hw_primary( 1206): out_get_latency ret 10ms
07-05 21:50:55.589 E/audio_hw_primary( 1206): out_get_latency ret 10ms
07-05 21:50:55.589 D/PowerManagerService( 1733): updateWakeLockWorkSourceInternal: lock=715567948 [AudioMix], ws=null
07-05 21:50:55.589 D/PowerManagerNotifier( 1733): onWakeLockReleased: flags=1, tag="AudioMix", packageName=media, ownerUid=1013, ownerPid=0, workSource=WorkSource{10010}
07-05 21:50:55.590 D/PowerManagerNotifier( 1733): onWakeLockAcquired: flags=1, tag="AudioMix", packageName=media, ownerUid=1013, ownerPid=0, workSource=null
07-05 21:50:55.590 D/hwcomposer( 1204): Overlay[0], bInUsed = 0, bIsForceClose = 0
07-05 21:50:55.590 D/vsyncbridge( 1204): [0] handle_thread thread got msg 0x1, mState = 3
07-05 21:50:55.590 D/vsyncbridge( 1204): Overlay 0 state change from 3 to 0
07-05 21:50:55.590 D/vsyncbridge( 1204): Remove Overlay 0
07-05 21:50:55.591 I/SurfaceFlinger( 1204): the layer SurfaceView is used to close xc and zorder is smallerest! clear region
07-05 21:50:55.600 V/AudioPolicyManager( 1206): stopOutput() output 2, stream 3, session 381
07-05 21:50:55.600 V/AudioPolicyManager( 1206): setBeaconMute(1) mBeaconMuteRefCount=0 mBeaconPlayingRefCount=0
07-05 21:50:55.600 V/AudioPolicyManager( 1206): changeRefCount() stream 3, count 0
07-05 21:50:55.600 V/AudioPolicyManager( 1206): getNewOutputDevice() selected device 0
07-05 21:50:55.600 V/AudioPolicyManager( 1206): setOutputDevice() output 2 device 0000 delayMs 20
07-05 21:50:55.600 V/AudioPolicyManager( 1206): setOutputDevice() prevDevice 0002
07-05 21:50:55.600 V/AudioPolicyManager( 1206): DeviceVector::getDevice() for type 00008000 address 0 found 0x0
07-05 21:50:55.600 V/AudioPolicyManager( 1206): DeviceVector::getDevice() for type 00008000 address 0 found 0x0
07-05 21:50:55.600 V/AudioPolicyManager( 1206): DeviceVector::getDevice() for type 00008000 address 0 found 0x0
07-05 21:50:55.600 V/AudioPolicyManager( 1206): DeviceVector::getDevice() for type 00008000 address 0 found 0x0
07-05 21:50:55.600 V/AudioPolicyManager( 1206): DeviceVector::getDevice() for type 00008000 address 0 found 0x0
07-05 21:50:55.600 V/AudioPolicyManager( 1206): DeviceVector::getDevice() for type 00008000 address 0 found 0x0
07-05 21:50:55.600 V/AudioPolicyManager( 1206): DeviceVector::getDevice() for type 00008000 address 0 found 0x0
07-05 21:50:55.600 V/AudioPolicyManager( 1206): setOutputDevice() setting same device 0000 or null device for output 2
07-05 21:50:55.600 V/AudioPolicyManager( 1206): DeviceVector::getDevice() for type 00008000 address 0 found 0x0
07-05 21:50:55.600 V/AudioPolicyManager( 1206): DeviceVector::getDevice() for type 00008000 address 0 found 0x0
07-05 21:50:55.600 V/AudioPolicyManager( 1206): DeviceVector::getDevice() for type 00008000 address 0 found 0x0
07-05 21:50:55.600 V/AudioPolicyManager( 1206): DeviceVector::getDevice() for type 00008000 address 0 found 0x0
07-05 21:50:55.600 V/AudioPolicyManager( 1206): DeviceVector::getDevice() for type 00008000 address 0 found 0x0
07-05 21:50:55.600 V/AudioPolicyManager( 1206): DeviceVector::getDevice() for type 00008000 address 0 found 0x0
07-05 21:50:55.600 V/AudioPolicyManager( 1206): DeviceVector::getDevice() for type 00008000 address 0 found 0x0
07-05 21:50:55.600 V/AudioPolicyManager( 1206): DeviceVector::getDevice() for type 00008000 address 0 found 0x0
07-05 21:50:55.602 I/SurfaceFlinger( 1204): the layer SurfaceView is used to close xc and zorder is smallerest! clear region
07-05 21:50:55.606 I/NetflixMonitorService( 1733): current fgapk : com.hisense.hicloud.edca
07-05 21:50:55.606 I/NetflixMonitorService( 1733): Netflix status unchanged
07-05 21:50:55.615 D/        ( 1206): [VDEC][0]MApi_CMA_Pool_PutMem0 in vdec: cmaFreeParam.pool_handle_id=13, cmaFreeParam.offset_in_pool=1000000, cmaFreeParam.length=8200000
07-05 21:50:55.615 I/MSTAR_VDEC_API( 1206): stored streamId: 0:4040
07-05 21:50:55.615 I/MSTAR_VDEC_API( 1206): remove StreamId: 0x4040
07-05 21:50:55.616 I/MiSysSrv( 1214): [leon.luo]EnableVideoMute = 1,enColor = 5
07-05 21:50:55.617 I/art     (10395): Background sticky concurrent mark sweep GC freed 72538(3MB) AllocSpace objects, 1(16KB) LOS objects, 6% free, 27MB/29MB, paused 5.129ms total 95.039ms
07-05 21:50:55.617 D/MSTAR_VDEC_API( 1206): [0] MsVdecClose OK
07-05 21:50:55.621 D/HttpHandler(10395): DNSHelper-->gslbDns=["123.128.14.209","153.35.175.121","220.202.77.124","153.35.175.120","125.46.22.134","218.58.206.58","220.202.77.116"]
07-05 21:50:55.622 D/MediaCodec( 1206): MediaCodec::~MediaCodec ---- Enter  mState:0
07-05 21:50:55.622 V/NuPlayer( 1206): video shutdown completed
07-05 21:50:55.624 D/hwcomposer( 1204): lastVideoPlanes is dirty
07-05 21:50:55.625 V/NuPlayer( 1206): both audio and video are flushed now.
07-05 21:50:55.625 V/NuPlayer( 1206): performReset start pthread_id:f40a2c00
07-05 21:50:55.625 V/RMClient( 1206): #231:RMClient::returnAllResourcesAsync
07-05 21:50:55.625 V/RMClient( 1206): #231:onMessageReceived cret
07-05 21:50:55.625 V/RMClient( 1206): #231:kWhatCmdReturnAllResources
07-05 21:50:55.625 V/RMClient( 1206): #231:Done
07-05 21:50:55.625 V/RMAllocator( 1198): Deallocating resources for #231
07-05 21:50:55.626 V/RMAllocator( 1198): ~ClientInfo
07-05 21:50:55.626 I/RMAllocator( 1198): ~ClientInfo this=2382671552,mRMClient=2382853632. id=231
07-05 21:50:55.626 W/RMAllocator( 1198): returnAllResourcesFor: not registered, nothing to do
07-05 21:50:55.626 V/RMClient( 1206): #231:handleEvent lret
07-05 21:50:55.626 V/RMClient( 1206): #231:onMessageReceived lret
07-05 21:50:55.626 V/RMClient( 1206): #231:kWhatAllResourcesReturned
07-05 21:50:55.626 I/NuPlayer( 1206): NuPlayerRMClientListener::handleAllResourcesReturned
07-05 21:50:55.626 V/NuPlayer( 1206): [handleAllResourcesReturned-3223]
07-05 21:50:55.626 V/RMClient( 1206): #231:Done
07-05 21:50:55.627 I/GenericSource( 1206): stop
07-05 21:50:55.629 D/HttpHandler(10395): VerifySignInterCeptor-->request.url()=http://picture.edu.hismarttv.com/images/20170630060711088714.jpg
07-05 21:50:55.629 D/HttpHandler(10395): VerifySignInterCeptor-->hostname=picture.edu.hismarttv.com
07-05 21:50:55.630 D/OkHttp  (10395): --> GET http://picture.edu.hismarttv.com/images/20170630060711088714.jpg http/1.1
07-05 21:50:55.631 D/OkHttp  (10395): Host: picture.edu.hismarttv.com
07-05 21:50:55.631 D/OkHttp  (10395): Connection: Keep-Alive
07-05 21:50:55.631 D/OkHttp  (10395): Accept-Encoding: gzip
07-05 21:50:55.631 D/OkHttp  (10395): User-Agent: okhttp/3.6.0
07-05 21:50:55.631 D/OkHttp  (10395): --> END GET
07-05 21:50:55.632 D/HttpHandler(10395): VerifySignInterCeptor-->request.url()=http://picture.edu.hismarttv.com/images/20170629/%E6%B3%A1%E6%B3%A1%E8%8B%B1%E8%AF%AD.jpg
07-05 21:50:55.632 D/HttpHandler(10395): VerifySignInterCeptor-->hostname=picture.edu.hismarttv.com
07-05 21:50:55.633 D/OkHttp  (10395): --> GET http://picture.edu.hismarttv.com/images/20170629/%E6%B3%A1%E6%B3%A1%E8%8B%B1%E8%AF%AD.jpg http/1.1
07-05 21:50:55.633 D/OkHttp  (10395): Host: picture.edu.hismarttv.com
07-05 21:50:55.633 D/OkHttp  (10395): Connection: Keep-Alive
07-05 21:50:55.633 D/OkHttp  (10395): Accept-Encoding: gzip
07-05 21:50:55.633 D/OkHttp  (10395): User-Agent: okhttp/3.6.0
07-05 21:50:55.633 D/OkHttp  (10395): --> END GET
07-05 21:50:55.640 I/MiSysSrv( 1214): Not support now! 42, change to mm_video!!!
07-05 21:50:55.641 I/MiSysSrv( 1214): [XC,SetWindow][MApi_XC_SetDynamicScaling_U2,  342] It's dynamic scaling case(0,0,0)
07-05 21:50:55.641 I/MiSysSrv( 1214): [XC,SetWindow][MHAL_SC_Set_DynamicScaling,  522] [MHAL_SC_Set_DynamicScaling,  522] [DS] u8MIU_Select:0  
07-05 21:50:55.641 I/MiSysSrv( 1214): [XC,SetWindow][MHAL_SC_Set_DynamicScaling,  523] [MHAL_SC_Set_DynamicScaling,  523] [DS] bOP_On:0  bIPS_On:0 bIPM_On:0  
07-05 21:50:55.643 D/OkHttp  (10395): <-- 200 OK http://picture.edu.hismarttv.com/images/20170630060711088714.jpg (12ms)
07-05 21:50:55.643 D/OkHttp  (10395): Date: Mon, 03 Jul 2017 06:47:00 GMT
07-05 21:50:55.643 D/OkHttp  (10395): Server: nginx
07-05 21:50:55.643 D/OkHttp  (10395): Content-Type: image/jpeg
07-05 21:50:55.643 D/OkHttp  (10395): Content-Length: 150566
07-05 21:50:55.643 D/OkHttp  (10395): Last-Modified: Fri, 30 Jun 2017 06:07:11 GMT
07-05 21:50:55.643 D/OkHttp  (10395): ETag: "5955ea8f-24c26"
07-05 21:50:55.643 D/OkHttp  (10395): Accept-Ranges: bytes
07-05 21:50:55.643 D/OkHttp  (10395): Age: 198235
07-05 21:50:55.643 D/OkHttp  (10395): Via: 1.1 jn239:0 (Cdn Cache Server V2.0)[45 200 0], 1.1 dezhou35:0 (Cdn Cache Server V2.0)[0 200 0]
07-05 21:50:55.643 D/OkHttp  (10395): Connection: keep-alive
07-05 21:50:55.643 D/OkHttp  (10395): <-- END HTTP
07-05 21:50:55.645 D/HttpHandler(10395): RetryIntercepter-->retryNum=0
07-05 21:50:55.645 D/HttpHandler(10395): RetryIntercepter-->backoffmutiplier=0
07-05 21:50:55.648 D/OkHttp  (10395): <-- 200 OK http://picture.edu.hismarttv.com/images/20170629/%E6%B3%A1%E6%B3%A1%E8%8B%B1%E8%AF%AD.jpg (14ms)
07-05 21:50:55.648 D/OkHttp  (10395): Date: Mon, 03 Jul 2017 11:52:43 GMT
07-05 21:50:55.648 D/OkHttp  (10395): Server: nginx
07-05 21:50:55.648 D/OkHttp  (10395): Content-Type: image/jpeg
07-05 21:50:55.648 D/OkHttp  (10395): Content-Length: 121122
07-05 21:50:55.648 D/OkHttp  (10395): Last-Modified: Fri, 09 Jun 2017 14:51:42 GMT
07-05 21:50:55.648 D/OkHttp  (10395): ETag: "593ab5fe-1d922"
07-05 21:50:55.648 D/OkHttp  (10395): Accept-Ranges: bytes
07-05 21:50:55.648 D/OkHttp  (10395): Age: 179892
07-05 21:50:55.648 D/OkHttp  (10395): Via: 1.1 pingwangtong47:0 (Cdn Cache Server V2.0)[0 200 0], 1.1 nwangtong98:8 (Cdn Cache Server V2.0)[0 200 0]
07-05 21:50:55.648 D/OkHttp  (10395): Connection: keep-alive
07-05 21:50:55.648 D/OkHttp  (10395): <-- END HTTP
07-05 21:50:55.649 I/FFmpegExtractor( 1206): reader thread goto end...
07-05 21:50:55.649 I/FFmpegExtractor( 1206): stream_component_close ---- streamIndex: 0
07-05 21:50:55.650 D/OkHttp  (10395): --> GET http://picture.edu.hismarttv.com/images/20170629/20161111081033896636.jpg http/1.1
07-05 21:50:55.650 D/HttpHandler(10395): RetryIntercepter-->retryNum=0
07-05 21:50:55.650 D/OkHttp  (10395): Host: picture.edu.hismarttv.com
07-05 21:50:55.650 D/OkHttp  (10395): Connection: Keep-Alive
07-05 21:50:55.650 D/HttpHandler(10395): RetryIntercepter-->backoffmutiplier=0
07-05 21:50:55.650 D/OkHttp  (10395): Accept-Encoding: gzip
07-05 21:50:55.650 D/OkHttp  (10395): User-Agent: okhttp/3.6.0
07-05 21:50:55.650 D/OkHttp  (10395): --> END GET
07-05 21:50:55.658 I/MiSysSrv( 1214): [XC,SetWindow][MHAL_SC_Set_DynamicScaling,  557] [MHAL_SC_Set_DynamicScaling,  557] [DS] u32DynamicScalingBaseAddr:0  u8DynamicScalingIndexDepth:0 u32DynamicScalingBufSize:0   
07-05 21:50:55.663 I/FFmpegExtractor( 1206): stream_component_close ---- streamIndex: 1
07-05 21:50:55.668 D/OkHttp  (10395): <-- 200 OK http://picture.edu.hismarttv.com/images/20170629/20161111081033896636.jpg (18ms)
07-05 21:50:55.668 D/OkHttp  (10395): Date: Mon, 03 Jul 2017 11:52:43 GMT
07-05 21:50:55.668 D/OkHttp  (10395): Server: nginx
07-05 21:50:55.668 D/OkHttp  (10395): Content-Type: image/jpeg
07-05 21:50:55.668 D/OkHttp  (10395): Content-Length: 94994
07-05 21:50:55.668 D/OkHttp  (10395): Last-Modified: Fri, 09 Jun 2017 14:48:34 GMT
07-05 21:50:55.668 D/OkHttp  (10395): ETag: "593ab542-17312"
07-05 21:50:55.668 D/OkHttp  (10395): Accept-Ranges: bytes
07-05 21:50:55.668 D/OkHttp  (10395): Age: 179892
07-05 21:50:55.668 D/OkHttp  (10395): Via: 1.1 shzh54:2 (Cdn Cache Server V2.0)[15 200 0], 1.1 nwangtong98:3 (Cdn Cache Server V2.0)[0 200 0]
07-05 21:50:55.668 D/OkHttp  (10395): Connection: keep-alive
07-05 21:50:55.668 D/OkHttp  (10395): <-- END HTTP
07-05 21:50:55.669 I/FFmpegExtractor( 1206): stream_component_close ---- streamIndex: -1
07-05 21:50:55.669 I/MiSysSrv( 1214): [37m[INFO] Change to Voltage: 117 mv (0x32)[m
07-05 21:50:55.670 D/HttpHandler(10395): RetryIntercepter-->retryNum=0
07-05 21:50:55.670 D/HttpHandler(10395): RetryIntercepter-->backoffmutiplier=0
07-05 21:50:55.670 I/FFMPEG  ( 1206): [AVIOContext @ 0xb8bfe0c0] Statistics: 19765225 bytes read, 0 seeks
07-05 21:50:55.676 D/FFmpegExtractor( 1206): Reader thread stopped
07-05 21:50:55.677 D/FFmpegExtractor( 1206): Reader thread have been stopped
07-05 21:50:55.691 D/NuPlayerDriver( 1206): notifyResetComplete(0xd7843220) mState:7
07-05 21:50:55.691 V/NuPlayer( 1206): performReset end pthread_id:f40a2c00
07-05 21:50:55.702 I/MiSysSrv( 1214): Obtain XC engine fail
07-05 21:50:55.702 D/vsyncbridge( 1204): void Wrapper_disconnect(int) @ line: 776: Enter Stop ds.
07-05 21:50:55.702 D/vsyncbridge( 1204): [0] is to deinit
07-05 21:50:55.702 I/MiSysSrv( 1214): [mapi_video_base@Line 1385] Finalize:1385 Video Finalize : Win[0], Source[34]
07-05 21:50:55.702 I/MiSysSrv( 1214): [XC,LPLL][MDrv_XC_SetFreeRunTiming, 4950] SetFreeRunTiming: Disable FPLL and Clear FSM to Idle state
07-05 21:50:55.702 I/MiSysSrv( 1214): [XC,LPLL][MDrv_SC_set_fpll,  976] MDrv_SC_set_fpll(0,0)
07-05 21:50:55.702 I/MiSysSrv( 1214): [XC,LPLL][MDrv_SC_set_fpll,  977] u32OrigLPLL = 1745d1
07-05 21:50:55.702 I/MiSysSrv( 1214): [XC,LPLL][MDrv_SC_set_fpll, 1002] u32OrigLPLL = 1745d1, L_BK_LPLL(0x0F) = 1745d1
07-05 21:50:55.702 I/MiSysSrv( 1214): [XC,LPLL][_MApi_XC_FPLL_EnableLcokFreqOnly, 3150] [_MApi_XC_FPLL_EnableLcokFreqOnly][3150]feature is 0
07-05 21:50:55.710 D/HttpHandler(10395): VerifySignInterCeptor-->request.url()=http://picture.edu.hismarttv.com/images/20170629/%E5%A4%9A%E7%91%9E%E5%84%BF%E6%AD%8C.jpg
07-05 21:50:55.710 D/HttpHandler(10395): VerifySignInterCeptor-->hostname=picture.edu.hismarttv.com
07-05 21:50:55.711 D/OkHttp  (10395): --> GET http://picture.edu.hismarttv.com/images/20170629/%E5%A4%9A%E7%91%9E%E5%84%BF%E6%AD%8C.jpg http/1.1
07-05 21:50:55.711 D/OkHttp  (10395): Host: picture.edu.hismarttv.com
07-05 21:50:55.711 D/OkHttp  (10395): Connection: Keep-Alive
07-05 21:50:55.711 D/OkHttp  (10395): Accept-Encoding: gzip
07-05 21:50:55.711 D/OkHttp  (10395): User-Agent: okhttp/3.6.0
07-05 21:50:55.711 D/OkHttp  (10395): --> END GET
07-05 21:50:55.726 I/MiSysSrv( 1214): Unknow Input Type 
07-05 21:50:55.728 D/vsyncbridge( 1204): hVdecHandle[enWin] = 24714018
07-05 21:50:55.729 I/MiVideoService( 1465): impl handle 0x86001b22 closed!
07-05 21:50:55.729 D/vsyncbridge( 1204): all deinit!!!
07-05 21:50:55.730 E/MiDispoutService( 1465): MiDispoutClose, 352, RES Handle = 8388608 
07-05 21:50:55.731 D/OkHttp  (10395): <-- 200 OK http://picture.edu.hismarttv.com/images/20170629/%E5%A4%9A%E7%91%9E%E5%84%BF%E6%AD%8C.jpg (20ms)
07-05 21:50:55.731 D/OkHttp  (10395): Date: Mon, 03 Jul 2017 06:47:00 GMT
07-05 21:50:55.731 D/OkHttp  (10395): Server: nginx
07-05 21:50:55.731 D/OkHttp  (10395): Content-Type: image/jpeg
07-05 21:50:55.731 D/OkHttp  (10395): Content-Length: 197050
07-05 21:50:55.731 D/OkHttp  (10395): Last-Modified: Fri, 09 Jun 2017 14:50:58 GMT
07-05 21:50:55.731 D/OkHttp  (10395): ETag: "593ab5d2-301ba"
07-05 21:50:55.731 D/OkHttp  (10395): Accept-Ranges: bytes
07-05 21:50:55.731 D/OkHttp  (10395): Age: 198235
07-05 21:50:55.731 D/OkHttp  (10395): Via: 1.1 wangt170:7 (Cdn Cache Server V2.0)[19 200 0], 1.1 dezhou37:4 (Cdn Cache Server V2.0)[0 200 0]
07-05 21:50:55.731 D/OkHttp  (10395): Connection: keep-alive
07-05 21:50:55.731 D/OkHttp  (10395): <-- END HTTP
07-05 21:50:55.745 D/HttpHandler(10395): RetryIntercepter-->retryNum=0
07-05 21:50:55.745 D/HttpHandler(10395): RetryIntercepter-->backoffmutiplier=0
07-05 21:50:55.752 V/RMClient( 1204): #126:RMClient::returnAllResourcesAsync
07-05 21:50:55.753 V/RMClient( 1204): #126:onMessageReceived cret
07-05 21:50:55.753 V/RMClient( 1204): #126:kWhatCmdReturnAllResources
07-05 21:50:55.753 V/RMClient( 1204): #126:Done
07-05 21:50:55.753 V/RMAllocator( 1198): Deallocating resources for #126
07-05 21:50:55.753 V/RMAllocator( 1198): ~ClientInfo
07-05 21:50:55.757 I/RMAllocator( 1198): ~ClientInfo this=2382671936,mRMClient=2378240448. id=126
07-05 21:50:55.757 W/RMAllocator( 1198): returnAllResourcesFor: not registered, nothing to do
07-05 21:50:55.757 V/RMClient( 1204): #126:handleEvent lret
07-05 21:50:55.757 V/RMClient( 1204): #126:onMessageReceived lret
07-05 21:50:55.757 V/RMClient( 1204): #126:kWhatAllResourcesReturned
07-05 21:50:55.757 D/vsyncbridge( 1204): handleAllResourcesReturned mOverlayID=0
07-05 21:50:55.757 V/RMClient( 1204): #126:Done
07-05 21:50:55.776 D/HttpHandler(10395): VerifySignInterCeptor-->request.url()=http://picture.edu.hismarttv.com/images/20170628233246121281.jpg
07-05 21:50:55.776 D/HttpHandler(10395): VerifySignInterCeptor-->hostname=picture.edu.hismarttv.com
07-05 21:50:55.776 D/OkHttp  (10395): --> GET http://picture.edu.hismarttv.com/images/20170628233246121281.jpg http/1.1
07-05 21:50:55.776 D/OkHttp  (10395): Host: picture.edu.hismarttv.com
07-05 21:50:55.776 D/OkHttp  (10395): Connection: Keep-Alive
07-05 21:50:55.776 D/OkHttp  (10395): Accept-Encoding: gzip
07-05 21:50:55.776 D/OkHttp  (10395): User-Agent: okhttp/3.6.0
07-05 21:50:55.776 D/OkHttp  (10395): --> END GET
07-05 21:50:55.783 D/HttpHandler(10395): VerifySignInterCeptor-->request.url()=http://picture.edu.hismarttv.com/images/20170628233313068112.jpg
07-05 21:50:55.783 D/HttpHandler(10395): VerifySignInterCeptor-->hostname=picture.edu.hismarttv.com
07-05 21:50:55.784 D/OkHttp  (10395): --> GET http://picture.edu.hismarttv.com/images/20170628233313068112.jpg http/1.1
07-05 21:50:55.784 D/OkHttp  (10395): Host: picture.edu.hismarttv.com
07-05 21:50:55.784 D/OkHttp  (10395): Connection: Keep-Alive
07-05 21:50:55.784 D/OkHttp  (10395): Accept-Encoding: gzip
07-05 21:50:55.784 D/OkHttp  (10395): User-Agent: okhttp/3.6.0
07-05 21:50:55.784 D/OkHttp  (10395): --> END GET
07-05 21:50:55.791 E/BufferQueueProducer( 1204): [SurfaceView] disconnect(P): connected to another API (cur=0 req=3)
07-05 21:50:55.791 W/MediaPlayerService( 1206): native_window_api_disconnect returned an error: Invalid argument (-22)
07-05 21:50:55.792 V/NuPlayer( 1206): NuPlayer::~NuPlayer ---- Enter ...
07-05 21:50:55.792 V/RMClient( 1206): #231:~RMClient
07-05 21:50:55.792 V/RMClient( 1206): #231:RMClient::returnAllResourcesAsync
07-05 21:50:55.792 I/NuPlayer( 1206): NuPlayerRMClientListener::~NuPlayerRMClientListener
07-05 21:50:55.792 V/RMClientListener( 1206): ~RMClientListener
07-05 21:50:55.793 V/AudioFlinger( 1206): releasing 381 from 10395 for -1
07-05 21:50:55.793 V/AudioFlinger( 1206):  decremented refcount to 1
07-05 21:50:55.793 D/Carousel-log_video-(10395): onStopPlay!
07-05 21:50:55.793 D/Carousel-log_video-(10395): submitPlayStopLog mLogPlayState:2
07-05 21:50:55.793 D/Carousel-log_video-(10395): reportCarouselPlayLog play stop.
07-05 21:50:55.793 V/AudioPolicyManager( 1206): releaseOutput() 2
07-05 21:50:55.793 D/Carousel-log_video-(10395): ==Play stoped log from bufferend:stop,normal,duration:9031
07-05 21:50:55.793 V/AudioFlinger( 1206): removeClient_l() pid 1206, calling pid 1206
07-05 21:50:55.793 D/Carousel-log_(10395): ===(Main-Video-278002)-{srccolumnid=3, eventType=278, srcgroupid=10001, appversionname=2.0.0.6, srctabid=0, duration=9031, license=hisense, eventcode=278002, deviceid=86100300900000500000060a4818fca8, mediaid=351, eventPos=002, sessionid=529ad33eb75c4637afdd809447393ab7, srcpackagename=com.hisense.hicloud.edca, subscriberid=13287129, playactionuuid=cef28386-5b19-42ac-b625-417447f7f0f3, version=2.1, devicemsg=LED50MU8600UC0000888, isall=0, customerid=7195320, srcrowid=0, srceventcode=280000}
07-05 21:50:55.793 V/AudioFlinger( 1206): releasing 381 from 1206 for 10395
07-05 21:50:55.793 V/AudioFlinger( 1206):  decremented refcount to 0
07-05 21:50:55.793 V/AudioFlinger( 1206): purging stale effects
07-05 21:50:55.794 D/HDMI    ( 1733): [P]:AllocatedAddress=[]
07-05 21:50:55.806 W/System.err(10395): java.net.ConnectException: failed to connect to /10.18.210.112 (port 8900) after 6000ms: isConnected failed: ECONNREFUSED (Connection refused)
07-05 21:50:55.806 W/System.err(10395): 	at libcore.io.IoBridge.isConnected(IoBridge.java:238)
07-05 21:50:55.807 W/System.err(10395): 	at libcore.io.IoBridge.connectErrno(IoBridge.java:171)
07-05 21:50:55.807 W/System.err(10395): 	at libcore.io.IoBridge.connect(IoBridge.java:122)
07-05 21:50:55.807 W/System.err(10395): 	at java.net.PlainSocketImpl.connect(PlainSocketImpl.java:183)
07-05 21:50:55.807 W/System.err(10395): 	at java.net.PlainSocketImpl.connect(PlainSocketImpl.java:456)
07-05 21:50:55.807 W/System.err(10395): 	at java.net.Socket.connect(Socket.java:882)
07-05 21:50:55.807 W/System.err(10395): 	at com.android.okhttp.internal.Platform.connectSocket(Platform.java:174)
07-05 21:50:55.807 W/System.err(10395): 	at com.android.okhttp.Connection.connect(Connection.java:152)
07-05 21:50:55.807 W/System.err(10395): 	at com.android.okhttp.internal.http.HttpEngine.connect(HttpEngine.java:276)
07-05 21:50:55.807 W/System.err(10395): 	at com.android.okhttp.internal.http.HttpEngine.sendRequest(HttpEngine.java:211)
07-05 21:50:55.807 W/System.err(10395): 	at com.android.okhttp.internal.http.HttpURLConnectionImpl.execute(HttpURLConnectionImpl.java:382)
07-05 21:50:55.807 W/System.err(10395): 	at com.android.okhttp.internal.http.HttpURLConnectionImpl.connect(HttpURLConnectionImpl.java:106)
07-05 21:50:55.807 W/System.err(10395): 	at com.hisense.hitv.hicloud.util.ExceptionReport.a(ExceptionReport.java:337)
07-05 21:50:55.807 W/System.err(10395): 	at com.hisense.hitv.hicloud.util.ExceptionReport.a(ExceptionReport.java:39)
07-05 21:50:55.807 W/System.err(10395): 	at com.hisense.hitv.hicloud.util.ExceptionReport$1.run(ExceptionReport.java:83)
07-05 21:50:55.807 W/System.err(10395): 	at java.lang.Thread.run(Thread.java:818)
07-05 21:50:55.807 W/System.err(10395): Caused by: android.system.ErrnoException: isConnected failed: ECONNREFUSED (Connection refused)
07-05 21:50:55.807 W/System.err(10395): 	at libcore.io.IoBridge.isConnected(IoBridge.java:223)
07-05 21:50:55.807 W/System.err(10395): 	... 15 more
07-05 21:50:55.809 I/MyFragmentStateAdapter(10395): getCount
07-05 21:50:55.809 I/MyFragmentStateAdapter(10395): getCount
07-05 21:50:55.809 I/MyFragmentStateAdapter(10395): getCount
07-05 21:50:55.809 I/MyFragmentStateAdapter(10395): getCount
07-05 21:50:55.810 I/SurfaceFlinger( 1204): the layer SurfaceView is used to close xc and zorder is smallerest! clear region
07-05 21:50:55.820 I/MyFragmentStateAdapter(10395): getCount
07-05 21:50:55.830 D/OkHttp  (10395): <-- 200 OK http://picture.edu.hismarttv.com/images/20170628233313068112.jpg (45ms)
07-05 21:50:55.830 D/OkHttp  (10395): Date: Mon, 03 Jul 2017 11:52:44 GMT
07-05 21:50:55.830 D/OkHttp  (10395): Server: nginx
