07-05 21:15:51.175 D/MediaHTTPConnection(23461): [Connection@764949447] response.heeader.Cache-Control = max-age=5184000
07-05 21:15:51.175 D/MediaHTTPConnection(23461): [Connection@764949447] response.heeader.Connection = keep-alive
07-05 21:15:51.175 D/MediaHTTPConnection(23461): [Connection@764949447] response.heeader.Content-Length = 218840697
07-05 21:15:51.175 D/MediaHTTPConnection(23461): [Connection@764949447] response.heeader.Content-MD5 = b0d2FgZ34VxS2J9TYuIjgA==
07-05 21:15:51.175 D/MediaHTTPConnection(23461): [Connection@764949447] response.heeader.Content-Range = bytes 0-218840696/218840697
07-05 21:15:51.175 D/MediaHTTPConnection(23461): [Connection@764949447] response.heeader.Content-Type = application/octet-stream
07-05 21:15:51.175 D/MediaHTTPConnection(23461): [Connection@764949447] response.heeader.Date = Sat, 01 Jul 2017 08:43:45 GMT
07-05 21:15:51.175 D/MediaHTTPConnection(23461): [Connection@764949447] response.heeader.ETag = "6F4776160677E15C52D89F5362E22380"
07-05 21:15:51.175 D/MediaHTTPConnection(23461): [Connection@764949447] response.heeader.Last-Modified = Mon, 08 May 2017 17:24:17 GMT
07-05 21:15:51.175 D/MediaHTTPConnection(23461): [Connection@764949447] response.heeader.Server = nginx/1.2.4
07-05 21:15:51.175 D/MediaHTTPConnection(23461): [Connection@764949447] response.heeader.Via = 1.1 chshx150:7 (Cdn Cache Server V2.0)[0 200 0], 1.1 sdbz31:0 (Cdn Cache Server V2.0)[35 200 0], 1.0 PSsdzbwt5go51:3 (Cdn Cache Server V2.0)[0 200 0]
07-05 21:15:51.175 D/MediaHTTPConnection(23461): [Connection@764949447] response.heeader.X-Android-Received-Millis = 1499260551172
07-05 21:15:51.175 D/MediaHTTPConnection(23461): [Connection@764949447] response.heeader.X-Android-Response-Source = NETWORK 206
07-05 21:15:51.175 D/MediaHTTPConnection(23461): [Connection@764949447] response.heeader.X-Android-Sent-Millis = 1499260551156
07-05 21:15:51.175 D/MediaHTTPConnection(23461): [Connection@764949447] response.heeader.x-oss-hash-crc64ecma = 10858506031335928878
07-05 21:15:51.175 D/MediaHTTPConnection(23461): [Connection@764949447] response.heeader.x-oss-object-type = Normal
07-05 21:15:51.175 D/MediaHTTPConnection(23461): [Connection@764949447] response.heeader.x-oss-request-id = 591D64783FEA2FF75DF4AA6E
07-05 21:15:51.175 D/MediaHTTPConnection(23461): [Connection@764949447] response.heeader.x-oss-server-time = 46
07-05 21:15:51.175 D/MediaHTTPConnection(23461): [Connection@764949447] response.heeader.x-oss-storage-class = Standard
07-05 21:15:51.185 I/MyFragmentStateAdapter(23461): getCount
07-05 21:15:51.187 D/OkHttp  (23461): <-- 403 Forbidden http://picture.edu.hismarttv.com/images/ (120ms)
07-05 21:15:51.187 D/OkHttp  (23461): Date: Wed, 05 Jul 2017 13:15:51 GMT
07-05 21:15:51.187 D/OkHttp  (23461): Server: nginx
07-05 21:15:51.187 D/OkHttp  (23461): Content-Type: text/html; charset=UTF-8
07-05 21:15:51.187 D/OkHttp  (23461): Content-Length: 162
07-05 21:15:51.187 D/OkHttp  (23461): Via: 1.1 shuozhou56:0 (Cdn Cache Server V2.0)[38 403 2], 1.1 t94:4 (Cdn Cache Server V2.0)[101 403 2]
07-05 21:15:51.187 D/OkHttp  (23461): Connection: close
07-05 21:15:51.187 D/OkHttp  (23461): <-- END HTTP
07-05 21:15:51.187 D/HttpHandler(23461): RetryIntercepter-->retryNum=0
07-05 21:15:51.187 D/HttpHandler(23461): RetryIntercepter-->backoffmutiplier=0
07-05 21:15:51.204 D/OsdMonitorService( 1733): mCurrentWindow = com.hisense.hicloud.edca/com.hisense.tvui.newhome.HomeMainActivity; newWindow = com.hisense.hicloud.edca/com.hisense.tvui.newhome.HomeMainActivity; isSubWindow = false; isInWinList = false; isExitNow = false
07-05 21:15:51.204 D/OsdMonitorService( 1733): windowNotOsd() : name = com.hisense.hicloud.edca/com.hisense.tvui.newhome.HomeMainActivity
07-05 21:15:51.204 I/OsdMonitorService( 1733): setOsdStatus() : status will change from true to true
07-05 21:15:51.205 D/PowerManagerService( 1733): setScreenBrightnessOverrideFromWindowManagerInternal done
07-05 21:15:51.208 D/PowerManagerService( 1733): setScreenBrightnessOverrideFromWindowManagerInternal done
07-05 21:15:51.214 D/PowerManagerService( 1733): setScreenBrightnessOverrideFromWindowManagerInternal done
07-05 21:15:51.216 V/InputMethodService( 2203): startInput(): editor=android.view.inputmethod.EditorInfo@2e6b577
07-05 21:15:51.216 V/InputMethodService( 2203): CALL: onFinishInput
07-05 21:15:51.217 E/SOGOUIME_JNI( 2203): reset
07-05 21:15:51.217 E/SOGOUIME_JNI( 2203): getCandidates
07-05 21:15:51.218 E/SOGOUIME_JNI( 2203): ime_get_uncommitted_length
07-05 21:15:51.218 E/SOGOUIME_JNI( 2203): getCandidates
07-05 21:15:51.218 D/SogouIME API( 2203): ==============num:32
07-05 21:15:51.218 E/SOGOUIME_JNI( 2203): ime_get_uncommitted_length
07-05 21:15:51.218 D/SogouIME( 2203): mFocusedComponent:30   isHkbEnable:false
07-05 21:15:51.218 E/SOGOUIME_JNI( 2203): ime_get_uncommitted_length
07-05 21:15:51.218 E/SOGOUIME_JNI( 2203): ime_get_committed_length
07-05 21:15:51.218 E/SOGOUIME_JNI( 2203): getComposingInfo
07-05 21:15:51.218 E/SOGOUIME_JNI( 2203): getComposingInfo
07-05 21:15:51.218 E/SOGOUIME_JNI( 2203): getCorrectInfo
07-05 21:15:51.218 E/SOGOUIME_JNI( 2203): getComposingInfo
07-05 21:15:51.219 V/InputMethodService( 2203): CALL: onStartInput
07-05 21:15:51.219 E/SOGOUIME_JNI( 2203): invalidateCommitWordPinyinNative
07-05 21:15:51.219 D/SogouIME( 2203): =====configKeyboard=======:false     false
07-05 21:15:51.219 E/SOGOUIME_JNI( 2203): ime_set_hard_kb_enable
07-05 21:15:51.221 D/HiNetworkImpl(23461): doHttp_Asyn(): onReqResponse isSuccessful = true, back from thread: main
07-05 21:15:51.225 I/HiNetworkImpl(23461): doHttp_Asyn(): onSuccess clazz = class com.hisense.sdk.domain.OrderCheckedBean, back from thread: main
07-05 21:15:51.225 I/DetailPlayActivity(23461): checkOrderTime : 9392796    699
07-05 21:15:51.226 D/til@system( 2026): til_get_system_param option:1000007 int:-1815634176, bool:0, ret:0
07-05 21:15:51.228 D/til@system( 2026): til_get_system_param option:1000009 int:-1936522368, bool:128, ret:0
07-05 21:15:51.229 D/til@system( 2026): til_get_system_param option:1000008 int:-1936523008, bool:0, ret:0
07-05 21:15:51.230 D/HiSDKLogReport(23461): getOperationDetail-productName : LED50MU8600UC
07-05 21:15:51.230 D/HiSDKLogReport(23461): getOperationDetail-plmNumber : 88888
07-05 21:15:51.230 D/HiSDKLogReport(23461): getOperationDetail-swVersion : V0000.00.01A
07-05 21:15:51.230 D/HiSDKLogReport(23461): getOperationDetail-operationDetail : LED50MU8600UC0000888
07-05 21:15:51.230 D/HiSDKLogReport(23461): processLogReport-log : {eventType=110, appKey=1182445233, APPVersionName=3.0.0.9.00, devid=86100300900000500000060a4818fca8, mac=a8:a6:48:18:fc:a8, uuid=13287129, accessToken=72DF6038D2AEAB8A76DFBBBBCC428A4A_000105474379638, APIversion=501, logversion=2.0, devType=0, APPPackage=com.hisense.hicloud.edca, eventPos=072, requesttime=1499260551230, customerId=7195320, value2=, eventMessage=HttpDetailCheckOrder, value1=699, model_id=0, ChannelId=0, version=00.002.003, tv_distribute_id=00, subscriberId=13287129, APIVersion=600, PFAPPCode=652, softwareVersion=LED50MU8600UC0000888}
07-05 21:15:51.231 D/DetailPlayActivity(23461): mSourceType:1002    getIntent().getIntExtra(Constants.PLAYFLAG, 0):0
07-05 21:15:51.231 D/DetailPlayActivity(23461): sunliqin,sIsConfigQuestionDisplay: falsesIsQuestionDisplay:false  detail display:false
07-05 21:15:51.232 D/DetailPlayActivity(23461): mIsSoldOut:false
07-05 21:15:51.233 D/DetailPlayActivity(23461): mIsFree:false     lesson is bought:false
07-05 21:15:51.234 D/DetailPlayActivity(23461): managerBoughtVipdata,ID :-1
07-05 21:15:51.238 I/CommonUtils(23461):  object to json [6,14]
07-05 21:15:51.238 D/DetailPlayActivity(23461): detail belongs list is =============[6,14]
07-05 21:15:51.240 I/CommonUtils(23461):  object to json null
07-05 21:15:51.240 D/DetailPlayActivity(23461): the user bought vip list is  =============null
07-05 21:15:51.240 D/DetailPlayActivity(23461): user bought vip list is null
07-05 21:15:51.240 D/DetailPlayActivity(23461): user overtime bought vip list is null
07-05 21:15:51.240 D/DetailPlayActivity(23461): managerBoughtStatus----------------------------------
07-05 21:15:51.240 D/DetailPlayActivity(23461): this detail belongs to a bought vip ,true or false:false
07-05 21:15:51.240 D/DetailPlayActivity(23461): sunliqin,mIsFree:false  RefreshPaidListUits.isPaid(mDetailsResult.getId(), mDetailsResult.getVip_id()):false  mIsBoughtVipfalse  mIsOrderfalse
07-05 21:15:51.244 D/DetailPlayActivity(23461): sunliqin:mIsBought  ====  false msoldout :false
07-05 21:15:51.248 D/DetailPlayActivity(23461): url--http://picture.edu.hismarttv.com/images/20170629/.jpg
07-05 21:15:51.257 D/hwcomposer( 1204): lastHWWindowInfo is dirty
07-05 21:15:51.279 D/DetailPlayActivity(23461): managerCollectionBtnDrawable---------------
07-05 21:15:51.280 D/HttpDnsUtils(23461): getDetailCollectionStatus,http:http://api.edu.hismarttv.com/usercenter/api/media_individualize_data
07-05 21:15:51.281 D/til@system( 2026): til_get_system_param option:1000007 int:-1815633792, bool:128, ret:0
07-05 21:15:51.282 D/til@system( 2026): til_get_system_param option:1000009 int:-1815632896, bool:0, ret:0
07-05 21:15:51.283 D/til@system( 2026): til_get_system_param option:1000008 int:-1936522112, bool:128, ret:0
07-05 21:15:51.283 D/HttpBuilder(23461): getOperationDetail-productName : LED50MU8600UC
07-05 21:15:51.283 D/HttpBuilder(23461): getOperationDetail-plmNumber : 88888
07-05 21:15:51.283 D/HttpBuilder(23461): getOperationDetail-swVersion : V0000.00.01A
07-05 21:15:51.283 D/HttpBuilder(23461): getOperationDetail-operationDetail : LED50MU8600UC0000888
07-05 21:15:51.309 I/HttpBuilder(23461): addUrlPublicParams mUrl ==>http://api.edu.hismarttv.com/usercenter/api/media_individualize_data?media_id=3535&uuid=13287129&mac=a8:a6:48:18:fc:a8&devid=86100300900000500000060a4818fca8&version=00.002.003&subscriberId=13287129&customerId=7195320&model_id=0&APPPackage=com.hisense.hicloud.edca&PFAPPCode=652&APPVersionName=3.0.0.9.00&ChannelId=0&softwareVersion=LED50MU8600UC0000888&tv_distribute_id=00&devType=0&APIVersion=600&accessToken=72DF6038D2AEAB8A76DFBBBBCC428A4A_000105474379638
07-05 21:15:51.310 D/HttpHandler(23461): VerifySignInterCeptor-->request.url()=http://api.edu.hismarttv.com/usercenter/api/media_individualize_data?media_id=3535&uuid=13287129&mac=a8:a6:48:18:fc:a8&devid=86100300900000500000060a4818fca8&version=00.002.003&subscriberId=13287129&customerId=7195320&model_id=0&APPPackage=com.hisense.hicloud.edca&PFAPPCode=652&APPVersionName=3.0.0.9.00&ChannelId=0&softwareVersion=LED50MU8600UC0000888&tv_distribute_id=00&devType=0&APIVersion=600&accessToken=72DF6038D2AEAB8A76DFBBBBCC428A4A_000105474379638
07-05 21:15:51.311 D/HttpHandler(23461): VerifySignInterCeptor-->hostname=api.edu.hismarttv.com
07-05 21:15:51.311 D/HttpHandler(23461): HttpDNS-->hostname=api.edu.hismarttv.com
07-05 21:15:51.312 D/HttpHandler(23461): RAMCache-->hostInfo.getClientTimeStamp()=9375187
07-05 21:15:51.312 D/HttpHandler(23461): RAMCache-->hostInfo.getTtl()=3600
07-05 21:15:51.312 D/HttpHandler(23461): RAMCache-->SystemClock.elapsedRealtime()=9392884
07-05 21:15:51.313 I/TVMW@HsTvSetting( 1234): Trace cmd, data = 0x1058
07-05 21:15:51.313 D/til@system( 2026): til_get_system_param option:100002F int:0, bool:0, ret:0
07-05 21:15:51.313 I/TVMW@HsTvSetting( 1234): Trace cmd, data = 0x101f
07-05 21:15:51.313 D/til@system( 2026): til_get_system_param option:100001D int:3, bool:3, ret:0
07-05 21:15:51.313 E/til     ( 2026): [til_get_current_input_source, 101] 
07-05 21:15:51.314 I/TVMW@HsTvSetting( 1234): Trace cmd, data = 0x7007
07-05 21:15:51.314 I/tilwrapper@sm( 2026): HS2TIL_SourceType *hs=0xd, *til=0x900
07-05 21:15:51.314 D/til     ( 2026): get current source 2304
07-05 21:15:51.314 D/SourceRemoteServiceHandler( 2026): getCurrentInputSource.from.til.result is 0, value is 2304
07-05 21:15:51.314 D/SourceRemoteServiceHandler( 2026): getInputSourceType source: 0x900, type=2304
07-05 21:15:51.314 D/til     ( 2026): ###### func:til_get_picture_param option:0x3000006 ######  
07-05 21:15:51.314 I/TVMW@HsTvSetting( 1234): Trace cmd, data = 0x1003
07-05 21:15:51.315 I/TVMW@HsTvSetting( 1234): Trace cmd, data = 0x8032
07-05 21:15:51.315 I/MiSysSrv( 1214): Not support now! 42, change to mm_video!!!
07-05 21:15:51.315 D/HttpHandler(23461): DNSHelper-->gslbDns=["123.103.91.123"]
07-05 21:15:51.315 I/hstvos  ( 1216): [0m[1;33m[HSHAL][HS_VIDEO][HS_HAL_Video_SetOsdDetect_v2][2389]u16Threshold = 20
07-05 21:15:51.315 E/TVMW@videoctrl( 1234):  getOsd is 1
07-05 21:15:51.316 D/til@system( 2026): til_get_system_param option:1000027 int:1, bool:1, ret:0
07-05 21:15:51.316 D/til     ( 2026): ###### func:til_get_picture_param option:0x3000045 ######  
07-05 21:15:51.316 I/TVMW@HsTvSetting( 1234): Trace cmd, data = 0x300c
07-05 21:15:51.316 I/TVMW@HsTvSetting( 1234): Trace 3d, data = 0x300c
07-05 21:15:51.316 I/TVMW@3d ( 1234): Hs_debug3d_trace: func:get3dStatus, line:109
07-05 21:15:51.320 D/DetailPlayActivity(23461): sunliqin initCourseViewVisible
07-05 21:15:51.320 D/DetailCourseSelectorView(23461): sunliqin DetailCourseSelectorView!!!!
07-05 21:15:51.335 I/DetailVideoPlayerContainer(23461):  sunliqin initUI()
07-05 21:15:51.352 D/OkHttp  (23461): --> GET http://api.edu.hismarttv.com/usercenter/api/media_individualize_data?media_id=3535&uuid=13287129&mac=a8:a6:48:18:fc:a8&devid=86100300900000500000060a4818fca8&version=00.002.003&subscriberId=13287129&customerId=7195320&model_id=0&APPPackage=com.hisense.hicloud.edca&PFAPPCode=652&APPVersionName=3.0.0.9.00&ChannelId=0&softwareVersion=LED50MU8600UC0000888&tv_distribute_id=00&devType=0&APIVersion=600&accessToken=72DF6038D2AEAB8A76DFBBBBCC428A4A_000105474379638 http/1.1
07-05 21:15:51.352 D/OkHttp  (23461): Data_Type: JSON
07-05 21:15:51.352 D/OkHttp  (23461): RetryTime: 0
07-05 21:15:51.352 D/OkHttp  (23461): Backoffmutiplier: 0
07-05 21:15:51.352 D/OkHttp  (23461): Host: api.edu.hismarttv.com
07-05 21:15:51.352 D/OkHttp  (23461): Connection: Keep-Alive
07-05 21:15:51.352 D/OkHttp  (23461): Accept-Encoding: gzip
07-05 21:15:51.352 D/OkHttp  (23461): User-Agent: okhttp/3.6.0
07-05 21:15:51.352 D/OkHttp  (23461): --> END GET
07-05 21:15:51.376 V/DataSource( 1206): sniff
07-05 21:15:51.376 I/FFmpegExtractor( 1206): android-source:0xf406e060
07-05 21:15:51.395 D/OkHttp  (23461): <-- 200 OK http://api.edu.hismarttv.com/usercenter/api/media_individualize_data?media_id=3535&uuid=13287129&mac=a8:a6:48:18:fc:a8&devid=86100300900000500000060a4818fca8&version=00.002.003&subscriberId=13287129&customerId=7195320&model_id=0&APPPackage=com.hisense.hicloud.edca&PFAPPCode=652&APPVersionName=3.0.0.9.00&ChannelId=0&softwareVersion=LED50MU8600UC0000888&tv_distribute_id=00&devType=0&APIVersion=600&accessToken=72DF6038D2AEAB8A76DFBBBBCC428A4A_000105474379638 (43ms)
07-05 21:15:51.395 D/OkHttp  (23461): Server: nginx
07-05 21:15:51.395 D/OkHttp  (23461): Date: Wed, 05 Jul 2017 13:15:51 GMT
07-05 21:15:51.395 D/OkHttp  (23461): Content-Type: application/json
07-05 21:15:51.395 D/OkHttp  (23461): Content-Length: 210
07-05 21:15:51.395 D/OkHttp  (23461): Connection: close
07-05 21:15:51.395 D/OkHttp  (23461): <-- END HTTP
07-05 21:15:51.415 I/FFMPEG  ( 1206): [mov,mp4,m4a,3gp,3g2,mj2 @ 0xb9c03400] Format mov,mp4,m4a,3gp,3g2,mj2 probed with size=2048 and score=100
07-05 21:15:51.415 D/MediaHTTPConnection(23461): [Connection@764949447] getSize mTotalSize = 218840697
07-05 21:15:51.416 I/FFMPEG  ( 1206): [mov,mp4,m4a,3gp,3g2,mj2 @ 0xb9c03400] ISO: File Type Major Brand: isom
07-05 21:15:51.452 D/FFmpegExtractor( 1206): FFmpegExtrator, url: android-source:0xf406e060, format_name: mov,mp4,m4a,3gp,3g2,mj2, format_long_name: QuickTime / MOV
07-05 21:15:51.452 D/FFmpegExtractor( 1206): suppoted codec(h264) by official Stagefright
07-05 21:15:51.452 D/FFmpegExtractor( 1206): suppoted codec(aac) by official Stagefright
07-05 21:15:51.453 I/FFMPEG  ( 1206): [AVIOContext @ 0xf406e100] Statistics: 426780 bytes read, 0 seeks
07-05 21:15:51.453 D/FFmpegExtractor( 1206): ffmpeg detected media content as 'video/mp4' with confidence 0.08
07-05 21:15:51.457 D/HttpHandler(23461): RetryIntercepter-->retryNum=0
07-05 21:15:51.457 D/HttpHandler(23461): RetryIntercepter-->backoffmutiplier=0
07-05 21:15:51.465 D/HttpHandler(23461): VerifySignInterCeptor-->dateType=1
07-05 21:15:51.465 D/HttpHandler(23461): VerifySignInterCeptor-->HttpRequestManager.httpClietOption.getVerifyFlag()=1
07-05 21:15:51.466 D/HttpHandler(23461): VerifySignInterCeptor-->content={"user_collect": false}
07-05 21:15:51.486 D/DetailPlayActivity(23461): etFullScreenPlay(boolean fullscreen),not full screen played
07-05 21:15:51.488 D/DetailVideoPlayerContainer(23461): setmIsFullScreen,want to set screen is full?false  mIsAutoFlag:false  .getStatus():UNKOWN
07-05 21:15:51.488 D/DetailVideoPlayerContainer(23461): sunliqin,disMissCourseView===============
07-05 21:15:51.488 D/DetailCourseSelectorView(23461): scrollRecylerView,POSITION:  0
07-05 21:15:51.488 D/DetailCourseSelectorView(23461): 11befor scroll,mindex is : 0
07-05 21:15:51.488 D/DetailCourseSelectorView(23461): sunliqin,setLastPlayViewIconGone,mindex is invalid
07-05 21:15:51.488 D/DetailCourseSelectorView(23461): sunliqin,setLastPlayViewIconGone,find view is null
07-05 21:15:51.490 D/DetailVideoPlayerContainer(23461): setLoadingLayoutParams,isFullScreen:false
07-05 21:15:51.493 I/DetailVideoPlayerContainer(23461):  showPlayLimitView called. mPlayLimitTime = 0   mIsBought:false
07-05 21:15:51.498 D/DetailPlayActivity(23461):  play  video ,mid:3535
07-05 21:15:51.500 D/DetailPlayActivity(23461): sunliqin playMoreVideos,index:0
07-05 21:15:51.500 D/DetailPlayActivity(23461): mIsSoldOut:false  mIsOrder:false
07-05 21:15:51.501 D/DetailVideoPlayerContainer(23461): sunliqin playercontainer ,set data,sourcetag is:DetailPlayActivity3535
07-05 21:15:51.501 D/DetailVideoPlayerContainer(23461): setData,BaseApplication.sTrailerEnable:1
07-05 21:15:51.501 D/DetailVideoPlayerContainer(23461): sunliqin,setData,mIsBought: false   trailerPts:0
07-05 21:15:51.503 D/DetailVideoPlayerContainer(23461): sunliqin,setData,index:0   trailer url is:null
07-05 21:15:51.503 D/DetailVideoPlayerContainer(23461): sunliqin,no histroy,no trailer ,so first play video 0
07-05 21:15:51.503 D/DetailVideoPlayerContainer(23461): sunliqin initVideoInfo(DetailsPage detail,int index),index:0   istrailer:false  mTotal lesson:48
07-05 21:15:51.503 D/DetailVideoPlayerContainer(23461): initVideoInfo, the index is :0videos size:48
07-05 21:15:51.509 D/EduVideoUtils(23461): sunliqin getVideoInfo
07-05 21:15:51.523 D/EduVideoUtils(23461): sunliqin param:{"subTitle": "", "title": "1\u3001\u65b0\u6765\u7684\u90bb\u5c45\uff08\u4e0a\u7bc7\uff09", "url": "http://jhxvideo-ws.video-tx.com/renditionf/201608/212213056611024897/212213056611025409/9b/219104966755748100/219104978030035716/r219104978030035716-2000k-1280x720.mp4", "program_id": "3535", "episode_id": "28416", "isCollect": "${isCollect}", "position": "${history}", "resolution": 11}
07-05 21:15:51.525 D/EduVideoUtils(23461): mTitle:null
07-05 21:15:51.525 D/EduVideoUtils(23461):  mProgramId3535
07-05 21:15:51.525 D/EduVideoUtils(23461):  mEpisodeId:35351
07-05 21:15:51.525 D/EduVideoUtils(23461): mClassId:
07-05 21:15:51.525 D/EduVideoUtils(23461): mTopicTitle:
07-05 21:15:51.525 D/EduVideoUtils(23461): sunliqin,quality url ,21:http://jhxvideo-ws.video-tx.com/renditionf/201608/212213056611024897/212213056611025409/9b/219104966755748100/219104978030035716/r219104978030035716-2000k-1280x720.mp4
07-05 21:15:51.531 D/VideoInfo(23461): sunliqin videoinfo,vendor is :URL
07-05 21:15:51.531 I/edu     (23461): ------- ==>mTypeCode = 1002
07-05 21:15:51.535 I/CommonUtils(23461):  object to json {"21":"http://jhxvideo-ws.video-tx.com/renditionf/201608/212213056611024897/212213056611025409/9b/219104966755748100/219104978030035716/r219104978030035716-2000k-1280x720.mp4"}
07-05 21:15:51.535 D/UrlPlayInfo(23461): sunliqin,url list:{"21":"http://jhxvideo-ws.video-tx.com/renditionf/201608/212213056611024897/212213056611025409/9b/219104966755748100/219104978030035716/r219104978030035716-2000k-1280x720.mp4"}
07-05 21:15:51.535 I/UrlPlayInfo(23461):  sunliqin UrlPlayInfo constructor called, urls is {21=http://jhxvideo-ws.video-tx.com/renditionf/201608/212213056611024897/212213056611025409/9b/219104966755748100/219104978030035716/r219104978030035716-2000k-1280x720.mp4}
07-05 21:15:51.546 D/DtvSourcePlugin-DVBC(15961): Setting the EPG Updater state to: WAIT
07-05 21:15:51.555 I/CommonUtils(23461):  object to json {"21":"http://jhxvideo-ws.video-tx.com/renditionf/201608/212213056611024897/212213056611025409/9b/219104966755748100/219104978030035716/r219104978030035716-2000k-1280x720.mp4"}
07-05 21:15:51.556 D/VideoInfo(23461): sunliqin, ============quality url list=============== {"21":"http://jhxvideo-ws.video-tx.com/renditionf/201608/212213056611024897/212213056611025409/9b/219104966755748100/219104978030035716/r219104978030035716-2000k-1280x720.mp4"}
07-05 21:15:51.561 D/EduVideoUtils(23461): sunliqin,Init videoinfo,info.sPlayLimitTime:-1  total:48  sindex:0  sPosterUrl:http://picture.edu.hismarttv.com/images/20170629/.jpg    venderid: 1040  sResolution:11
07-05 21:15:51.565 D/DetailVideoPlayerContainer(23461): sunliqin,getVideoLastPlayPosition,position:0
07-05 21:15:51.565 D/VideoInfo(23461): setmPosition,mPosition:0
07-05 21:15:51.565 D/DetailCourseSelectorView(23461): scrollRecylerView,POSITION:  0
07-05 21:15:51.565 D/DetailCourseSelectorView(23461): 11befor scroll,mindex is : 0
07-05 21:15:51.566 D/DetailCourseSelectorView(23461): sunliqin,setLastPlayViewIconGone,set last video flag is false
07-05 21:15:51.566 D/DetailCourseSelectorView(23461): sunliqin,setLastPlayViewIconGone,find view is null
07-05 21:15:51.566 D/DetailVideoPlayerContainer(23461): initPlayer==========,to delay 500ms
07-05 21:15:51.566 I/DetailVideoPlayerContainer(23461):  show laoding View called 
07-05 21:15:51.567 D/DetailVideoPlayerContainer(23461): Handler send msg MSG_INIT_PLAYER,delay 500ms 
07-05 21:15:51.568 D/DetailVideoPlayerContainer(23461): reportVideoPrepareStartLog!!!!!current videos id is : 35351
07-05 21:15:51.569 I/MiSysSrv( 1214): [37m[INFO] Change to Voltage: 117 mv (0x32)[m
07-05 21:15:51.570 D/til@system( 2026): til_get_system_param option:1000007 int:-1936525184, bool:128, ret:0
07-05 21:15:51.571 D/til@system( 2026): til_get_system_param option:1000009 int:-1815634176, bool:0, ret:0
07-05 21:15:51.573 D/til@system( 2026): til_get_system_param option:1000008 int:-1936522368, bool:128, ret:0
07-05 21:15:51.574 D/HiSDKLogReport(23461): getOperationDetail-productName : LED50MU8600UC
07-05 21:15:51.574 D/HiSDKLogReport(23461): getOperationDetail-plmNumber : 88888
07-05 21:15:51.574 D/HiSDKLogReport(23461): getOperationDetail-swVersion : V0000.00.01A
07-05 21:15:51.574 D/HiSDKLogReport(23461): getOperationDetail-operationDetail : LED50MU8600UC0000888
07-05 21:15:51.574 D/HiSDKLogReport(23461): businessLogReport-log : {autoplay=1, eventType=229, APPVersionName=3.0.0.9.00, devid=86100300900000500000060a4818fca8, uuid=13287129, APIversion=501, eventcode=229001, logversion=2.0, devType=0, eventPos=001, ChannelId=0, version=00.002.003, subscriberId=13287129, PFAPPCode=652, softwareVersion=LED50MU8600UC0000888, srceventcode=207000, videoid=35351, srcmediaid=, mac=a8:a6:48:18:fc:a8, accessToken=72DF6038D2AEAB8A76DFBBBBCC428A4A_000105474379638, srcoriginal=1, APPPackage=com.hisense.hicloud.edca, mediaid=3535, sessionid=83011187851847efb0a454e0ffb31a1f, requesttime=1499260551574, customerId=7195320, model_id=0, requestid=2ac35f0a4281443687f278c695864ef2, tv_distribute_id=00, APIVersion=600, issysrepo=0}
07-05 21:15:51.575 D/DetailPlayActivity(23461): scrollCourseView,POS:0
07-05 21:15:51.575 D/DetailCourseSelectorView(23461): scrollRecylerView,POSITION:  0
07-05 21:15:51.575 D/DetailCourseSelectorView(23461): 11befor scroll,mindex is : 0
07-05 21:15:51.575 D/DetailCourseSelectorView(23461): sunliqin,setLastPlayViewIconGone,set last video flag is false
07-05 21:15:51.575 D/DetailCourseSelectorView(23461): sunliqin,setLastPlayViewIconGone,find view is null
07-05 21:15:51.575 I/DetailPlayActivity(23461): loadDataTime : 9393147   1054
07-05 21:15:51.578 D/til@system( 2026): til_get_system_param option:1000007 int:-1936523008, bool:0, ret:0
07-05 21:15:51.579 D/til@system( 2026): til_get_system_param option:1000009 int:-1815633792, bool:128, ret:0
07-05 21:15:51.580 D/til@system( 2026): til_get_system_param option:1000008 int:-1815632896, bool:0, ret:0
07-05 21:15:51.580 D/HiSDKLogReport(23461): getOperationDetail-productName : LED50MU8600UC
07-05 21:15:51.580 D/HiSDKLogReport(23461): getOperationDetail-plmNumber : 88888
07-05 21:15:51.580 D/HiSDKLogReport(23461): getOperationDetail-swVersion : V0000.00.01A
07-05 21:15:51.580 D/HiSDKLogReport(23461): getOperationDetail-operationDetail : LED50MU8600UC0000888
07-05 21:15:51.581 D/HiSDKLogReport(23461): processLogReport-log : {eventType=110, appKey=1182445233, APPVersionName=3.0.0.9.00, devid=86100300900000500000060a4818fca8, mac=a8:a6:48:18:fc:a8, uuid=13287129, accessToken=72DF6038D2AEAB8A76DFBBBBCC428A4A_000105474379638, APIversion=501, logversion=2.0, devType=0, APPPackage=com.hisense.hicloud.edca, eventPos=003, requesttime=1499260551580, customerId=7195320, value2=, eventMessage=InitDataAfterConnection, value1=1054, model_id=0, ChannelId=0, version=00.002.003, tv_distribute_id=00, subscriberId=13287129, APIVersion=600, PFAPPCode=652, softwareVersion=LED50MU8600UC0000888}
07-05 21:15:51.585 W/System.err(23461): java.net.ConnectException: failed to connect to /10.18.210.112 (port 8900) after 6000ms: isConnected failed: ECONNREFUSED (Connection refused)
07-05 21:15:51.585 W/System.err(23461): 	at libcore.io.IoBridge.isConnected(IoBridge.java:238)
07-05 21:15:51.585 W/System.err(23461): 	at libcore.io.IoBridge.connectErrno(IoBridge.java:171)
07-05 21:15:51.585 W/System.err(23461): 	at libcore.io.IoBridge.connect(IoBridge.java:122)
07-05 21:15:51.585 W/System.err(23461): 	at java.net.PlainSocketImpl.connect(PlainSocketImpl.java:183)
07-05 21:15:51.585 W/System.err(23461): 	at java.net.PlainSocketImpl.connect(PlainSocketImpl.java:456)
07-05 21:15:51.585 W/System.err(23461): 	at java.net.Socket.connect(Socket.java:882)
07-05 21:15:51.585 W/System.err(23461): 	at com.android.okhttp.internal.Platform.connectSocket(Platform.java:174)
07-05 21:15:51.585 W/System.err(23461): 	at com.android.okhttp.Connection.connect(Connection.java:152)
07-05 21:15:51.585 W/System.err(23461): 	at com.android.okhttp.internal.http.HttpEngine.connect(HttpEngine.java:276)
07-05 21:15:51.586 W/System.err(23461): 	at com.android.okhttp.internal.http.HttpEngine.sendRequest(HttpEngine.java:211)
07-05 21:15:51.586 W/System.err(23461): 	at com.android.okhttp.internal.http.HttpURLConnectionImpl.execute(HttpURLConnectionImpl.java:382)
07-05 21:15:51.586 W/System.err(23461): 	at com.android.okhttp.internal.http.HttpURLConnectionImpl.connect(HttpURLConnectionImpl.java:106)
07-05 21:15:51.586 W/System.err(23461): 	at com.hisense.hitv.hicloud.util.ExceptionReport.a(ExceptionReport.java:337)
07-05 21:15:51.586 W/System.err(23461): 	at com.hisense.hitv.hicloud.util.ExceptionReport.a(ExceptionReport.java:39)
07-05 21:15:51.586 W/System.err(23461): 	at com.hisense.hitv.hicloud.util.ExceptionReport$1.run(ExceptionReport.java:83)
07-05 21:15:51.586 W/System.err(23461): 	at java.lang.Thread.run(Thread.java:818)
07-05 21:15:51.586 W/System.err(23461): Caused by: android.system.ErrnoException: isConnected failed: ECONNREFUSED (Connection refused)
07-05 21:15:51.586 W/System.err(23461): 	at libcore.io.IoBridge.isConnected(IoBridge.java:223)
07-05 21:15:51.586 W/System.err(23461): 	... 15 more
07-05 21:15:51.653 V/MediaExtractor( 1206): MediaExtractor::Create mime:video/mp4 ---- Enter
07-05 21:15:51.653 V/MediaExtractor( 1206): maomao::MediaExtractor::Create mime:isCts is 0
07-05 21:15:51.655 I/FFMPEG  ( 1206): [mov,mp4,m4a,3gp,3g2,mj2 @ 0xb9c03400] Format mov,mp4,m4a,3gp,3g2,mj2 probed with size=2048 and score=100
07-05 21:15:51.655 I/FFMPEG  ( 1206): [mov,mp4,m4a,3gp,3g2,mj2 @ 0xb9c03400] ISO: File Type Major Brand: isom
07-05 21:15:51.659 I/TVMW@devctrl( 1234): wdt
07-05 21:15:51.669 I/MiSysSrv( 1214): [37m[INFO] Change to Voltage: 117 mv (0x32)[m
07-05 21:15:51.673 D/OsdMonitorService( 1733): mCurrentWindow = com.hisense.hicloud.edca/com.hisense.tvui.newhome.HomeMainActivity; newWindow = com.hisense.hicloud.edca/com.hisense.tvui.newhome.HomeMainActivity; isSubWindow = false; isInWinList = false; isExitNow = false
07-05 21:15:51.673 D/OsdMonitorService( 1733): windowNotOsd() : name = com.hisense.hicloud.edca/com.hisense.tvui.newhome.HomeMainActivity
07-05 21:15:51.673 I/OsdMonitorService( 1733): setOsdStatus() : status will change from true to true
07-05 21:15:51.674 D/PowerManagerService( 1733): setScreenBrightnessOverrideFromWindowManagerInternal done
07-05 21:15:51.676 D/PowerManagerService( 1733): setScreenBrightnessOverrideFromWindowManagerInternal done
07-05 21:15:51.693 D/PowerManagerService( 1733): setScreenBrightnessOverrideFromWindowManagerInternal done
07-05 21:15:51.703 I/FFMPEG  ( 1206): [mov,mp4,m4a,3gp,3g2,mj2 @ 0xb9c03400] orig_nb_streams(2)
07-05 21:15:51.703 I/FFMPEG  ( 1206): [mov,mp4,m4a,3gp,3g2,mj2 @ 0xb9c03400] Before avformat_find_stream_info() pos: 413026 bytes read:426780 seeks:0
07-05 21:15:51.707 I/FFMPEG  ( 1206): [NULL @ 0xbcb9c800] [Eval @ 0xf1300eec] Undefined constant or missing '(' in ''
07-05 21:15:51.707 I/FFMPEG  ( 1206): [NULL @ 0xbcb9c800] Unable to parse option value ""
07-05 21:15:51.707 I/FFMPEG  ( 1206): [NULL @ 0xbcb9c800] Error setting option debug to value .
07-05 21:15:51.707 D/hwcomposer( 1204): lastHWWindowInfo is dirty
07-05 21:15:51.707 I/FFMPEG  ( 1206): [mov,mp4,m4a,3gp,3g2,mj2 @ 0xb9c03400] Failed to open codec in av_find_stream_info
07-05 21:15:51.708 I/FFMPEG  ( 1206): [NULL @ 0xbcb9cc00] [Eval @ 0xf1300eec] Undefined constant or missing '(' in ''
07-05 21:15:51.708 I/FFMPEG  ( 1206): [NULL @ 0xbcb9cc00] Unable to parse option value ""
07-05 21:15:51.708 I/FFMPEG  ( 1206): [NULL @ 0xbcb9cc00] Error setting option debug to value .
07-05 21:15:51.708 I/FFMPEG  ( 1206): [mov,mp4,m4a,3gp,3g2,mj2 @ 0xb9c03400] Failed to open codec in av_find_stream_info
07-05 21:15:51.708 I/FFMPEG  ( 1206): [NULL @ 0xbcb9c800] try_decode_frame, i= 0, pkt->stream_index = 0
07-05 21:15:51.747 I/FFMPEG  ( 1206): [h264 @ 0xbcb9c800] no picture 
07-05 21:15:51.797 I/NetflixMonitorService( 1733): current fgapk : com.hisense.hicloud.edca
07-05 21:15:51.797 I/NetflixMonitorService( 1733): Netflix status unchanged
07-05 21:15:51.817 I/TVMW@HsTvSetting( 1234): Trace cmd, data = 0x1058
07-05 21:15:51.817 D/til@system( 2026): til_get_system_param option:100002F int:0, bool:0, ret:0
07-05 21:15:51.818 I/TVMW@HsTvSetting( 1234): Trace cmd, data = 0x101f
07-05 21:15:51.818 D/til@system( 2026): til_get_system_param option:100001D int:3, bool:3, ret:0
07-05 21:15:51.818 E/til     ( 2026): [til_get_current_input_source, 101] 
07-05 21:15:51.818 I/TVMW@HsTvSetting( 1234): Trace cmd, data = 0x7007
07-05 21:15:51.818 I/tilwrapper@sm( 2026): HS2TIL_SourceType *hs=0xd, *til=0x900
07-05 21:15:51.818 D/til     ( 2026): get current source 2304
07-05 21:15:51.818 D/SourceRemoteServiceHandler( 2026): getCurrentInputSource.from.til.result is 0, value is 2304
07-05 21:15:51.818 D/SourceRemoteServiceHandler( 2026): getInputSourceType source: 0x900, type=2304
07-05 21:15:51.818 D/til     ( 2026): ###### func:til_get_picture_param option:0x3000006 ######  
07-05 21:15:51.818 I/TVMW@HsTvSetting( 1234): Trace cmd, data = 0x1003
07-05 21:15:51.819 I/TVMW@HsTvSetting( 1234): Trace cmd, data = 0x8032
07-05 21:15:51.819 I/hstvos  ( 1216): [0m[1;33m[HSHAL][HS_VIDEO][HS_HAL_Video_SetOsdDetect_v2][2389]u16Threshold = 20
07-05 21:15:51.819 I/MiSysSrv( 1214): Not support now! 42, change to mm_video!!!
07-05 21:15:51.819 E/TVMW@videoctrl( 1234):  getOsd is 1
07-05 21:15:51.819 D/til@system( 2026): til_get_system_param option:1000027 int:1, bool:1, ret:0
07-05 21:15:51.820 D/til     ( 2026): ###### func:til_get_picture_param option:0x3000045 ######  
07-05 21:15:51.820 I/TVMW@HsTvSetting( 1234): Trace cmd, data = 0x300c
07-05 21:15:51.820 I/TVMW@HsTvSetting( 1234): Trace 3d, data = 0x300c
07-05 21:15:51.820 I/TVMW@3d ( 1234): Hs_debug3d_trace: func:get3dStatus, line:109
07-05 21:15:51.858 I/FFMPEG  ( 1206): [mov,mp4,m4a,3gp,3g2,mj2 @ 0xb9c03400] i(1) > pkt->stream_index(0),conitnue
07-05 21:15:51.858 I/FFMPEG  ( 1206): [NULL @ 0xbcb9cc00] try_decode_frame, i= 1, pkt->stream_index = 1
07-05 21:15:51.864 D/OsdMonitorService( 1733): mCurrentWindow = com.hisense.hicloud.edca/com.hisense.tvui.newhome.HomeMainActivity; newWindow = com.hisense.hicloud.edca/com.hisense.tvui.newhome.HomeMainActivity; isSubWindow = false; isInWinList = false; isExitNow = false
07-05 21:15:51.864 D/OsdMonitorService( 1733): windowNotOsd() : name = com.hisense.hicloud.edca/com.hisense.tvui.newhome.HomeMainActivity
07-05 21:15:51.864 I/OsdMonitorService( 1733): setOsdStatus() : status will change from true to true
07-05 21:15:51.866 D/PowerManagerService( 1733): setScreenBrightnessOverrideFromWindowManagerInternal done
07-05 21:15:51.869 D/Surface (23461): onStatusChange() : mNativeObject = 0 mUseImageHwRender = false
07-05 21:15:51.873 I/        (23461): W = 90, H = 90
07-05 21:15:51.877 I/SurfaceView(23461): Changes: creating=false format=false size=false visible=false left=false top=false
07-05 21:15:51.877 I/SurfaceView(23461): Cur surface: Surface(name=null)/@0x1afd05c5
07-05 21:15:51.878 W/SurfaceFlinger( 1204): couldn't log to binary event log: overflow.
07-05 21:15:51.878 D/MC_MEMORY(16055): max: 256.261888 Mb, heap: 10.10797 Mb, allocated: 9.9837 Mb, free: 0.961 Mb, native heap: 12.12276 Mb, native allocated: 8.8321 Mb, native free: 3.3955 Mb
07-05 21:15:51.881 D/Surface ( 1733): onStatusChange() : mNativeObject = 547819090432 mUseImageHwRender = false
07-05 21:15:51.881 V/Surface ( 1733): nativeSetHardwareRender() : status = 0
07-05 21:15:51.881 V/Surface ( 1733): nativeSetHardwareRender() : end
07-05 21:15:51.882 I/FFMPEG  ( 1206): [aac @ 0xbcb9cc00] skip whole frame, skip left: 0
07-05 21:15:51.885 I/FFMPEG  ( 1206): [mov,mp4,m4a,3gp,3g2,mj2 @ 0xb9c03400] After avformat_find_stream_info() pos: 473274 bytes read:492316 seeks:0 frames:3
07-05 21:15:51.885 I/FFmpegExtractor( 1206): the duration is 00:08:58.08
07-05 21:15:51.885 I/FFmpegExtractor( 1206): streamIndex: 0 ,stream_index 0
07-05 21:15:51.885 D/FFmpegExtractor( 1206): is_codec_supported codec_id is 28
07-05 21:15:51.885 D/FFmpegExtractor( 1206): setVideoFormat avctx->codec_id is 28
07-05 21:15:51.885 V/codec_utils( 1206): AVC
07-05 21:15:51.885 I/FFmpegExtractor( 1206): the time is 00:08:58.08
07-05 21:15:51.885 I/FFmpegExtractor( 1206): streamIndex: 1 ,stream_index 1
07-05 21:15:51.885 D/FFmpegExtractor( 1206): is_codec_supported codec_id is 86018
07-05 21:15:51.885 V/codec_utils( 1206): AAC
07-05 21:15:51.885 V/codec_utils( 1206): aac profile: 1, sf_index: 4, channel: 2
07-05 21:15:51.885 D/PowerManagerService( 1733): setScreenBrightnessOverrideFromWindowManagerInternal done
07-05 21:15:51.888 I/FFmpegExtractor( 1206): bit_rate: 55687, sample_rate: 44100, channels: 2, bits_per_coded_sample: 16, block_align:0
07-05 21:15:51.888 I/FFmpegExtractor( 1206): the time is 00:08:58.00
07-05 21:15:51.888 D/FFmpegExtractor( 1206): Reader thread started
07-05 21:15:51.888 D/FFmpegExtractor( 1206): supported mime: video/mp4
07-05 21:15:51.889 W/avc_utils( 1206): [3D detect]It is not SEI Nal
07-05 21:15:51.889 W/avc_utils( 1206): [3D detect]It is not SEI Nal
07-05 21:15:51.889 W/avc_utils( 1206): [3D detect]It is not SEI Nal
07-05 21:15:51.889 W/avc_utils( 1206): [3D detect]It is not SEI Nal
07-05 21:15:51.889 W/avc_utils( 1206): [3D detect]It is not SEI Nal
07-05 21:15:51.889 W/avc_utils( 1206): [3D detect]It is not SEI Nal
07-05 21:15:51.890 D/Surface ( 1733): onStatusChange() : mNativeObject = 0 mUseImageHwRender = false
07-05 21:15:51.890 D/Surface (23461): onStatusChange() : mNativeObject = -531204608 mUseImageHwRender = false
07-05 21:15:51.890 V/Surface (23461): nativeSetHardwareRender() : status = 0
07-05 21:15:51.890 V/Surface (23461): nativeSetHardwareRender() : end
07-05 21:15:51.890 I/SurfaceView(23461): New surface: Surface(name=null)/@0x10dbab1a, vis=true, frame=Rect(418, 205 - 1234, 665)
07-05 21:15:51.890 D/Surface (23461): onStatusChange() : mNativeObject = 0 mUseImageHwRender = false
07-05 21:15:51.891 D/Surface (23461): onStatusChange() : mNativeObject = -531204608 mUseImageHwRender = false
07-05 21:15:51.891 V/Surface (23461): nativeSetHardwareRender() : status = 0
07-05 21:15:51.891 V/Surface (23461): nativeSetHardwareRender() : end
07-05 21:15:51.891 I/SurfaceView(23461): surfaceRedrawNeeded
07-05 21:15:51.891 I/SurfaceView(23461): finishedDrawing
07-05 21:15:51.898 V/SurfaceView(23461): Layout: x=418 y=205 w=816 h=460, frame=Rect(0, 0 - 816, 460)
07-05 21:15:51.900 D/HiNetworkImpl(23461): doHttp_Asyn(): onReqResponse isSuccessful = true, back from thread: main
07-05 21:15:51.900 I/HiNetworkImpl(23461): doHttp_Asyn(): onSuccess clazz = class com.hisense.sdk.domain.DetailCollectionStatus, back from thread: main
07-05 21:15:51.900 D/DetailPlayActivity(23461): getDetailCollectionStatus,onSuccess
07-05 21:15:51.901 D/DetailCourseSelectorView(23461): sunliqin,setPlayIcon,set last video flag is true
07-05 21:15:51.901 D/DetailCourseSelectorView(23461): sunliqin,setPlayIcon,findposition view is not null
07-05 21:15:51.901 D/DetailCourseSelectorView(23461): GGGGGGGGGGGGGGGGGGGGGGGGGG,mPosition: 0
07-05 21:15:51.901 D/DetailCourseSelectorView(23461): sunliqin,no focus, set course play icon is selected
07-05 21:15:51.902 D/DetailCourseSelectorView(23461): 22after scroll,mindex is : 0
07-05 21:15:51.902 D/DetailVideoPlayerContainer(23461): receive,CONNECTIVITY_ACTION,mDetailListener:com.hisense.hicloud.edca.mediaplayer.activity.DetailPlayActivity@29a6248
07-05 21:15:51.902 D/DetailVideoPlayerContainer(23461): receive,CONNECTIVITY_ACTION,mDetailListener.isActivityResume():false
07-05 21:15:51.902 D/DetailVideoPlayerContainer(23461): receive,CONNECTIVITY_ACTION,mDetailListener:com.hisense.hicloud.edca.mediaplayer.activity.DetailPlayActivity@29a6248
07-05 21:15:51.902 D/DetailVideoPlayerContainer(23461): receive,CONNECTIVITY_ACTION,mDetailListener.isActivityResume():false
07-05 21:15:51.902 D/DetailCourseSelectorView(23461): sunliqin,setPlayIcon,set last video flag is true
07-05 21:15:51.902 D/DetailCourseSelectorView(23461): sunliqin,setPlayIcon,findposition view is not null
07-05 21:15:51.902 D/DetailCourseSelectorView(23461): GGGGGGGGGGGGGGGGGGGGGGGGGG,mPosition: 0
07-05 21:15:51.902 D/DetailCourseSelectorView(23461): sunliqin,no focus, set course play icon is selected
07-05 21:15:51.902 D/DetailCourseSelectorView(23461): 22after scroll,mindex is : 0
07-05 21:15:51.902 D/DetailCourseSelectorView(23461): sunliqin,setPlayIcon,set last video flag is true
07-05 21:15:51.902 D/DetailCourseSelectorView(23461): sunliqin,setPlayIcon,findposition view is not null
07-05 21:15:51.902 D/DetailCourseSelectorView(23461): GGGGGGGGGGGGGGGGGGGGGGGGGG,mPosition: 0
07-05 21:15:51.904 D/DetailCourseSelectorView(23461): sunliqin,no focus, set course play icon is selected
07-05 21:15:51.904 D/DetailCourseSelectorView(23461): 22after scroll,mindex is : 0
07-05 21:15:51.916 I/MyFragmentStateAdapter(23461): getCount
07-05 21:15:51.943 D/gralloc ( 1204): allocate buffer from ION HEAP 0x1
07-05 21:15:51.944 D/gralloc ( 1204): allocate memory from system heap
07-05 21:15:51.969 I/MiSysSrv( 1214): [37m[INFO] Change to Voltage: 117 mv (0x32)[m
07-05 21:15:52.015 D/PowerManagerService( 1733): releaseWakeLockInternal: lock=681732318 [ActivityManager-Launch], flags=0x0
07-05 21:15:52.015 D/PowerManagerNotifier( 1733): onWakeLockReleased: flags=1, tag="ActivityManager-Launch", packageName=android, ownerUid=1000, ownerPid=1733, workSource=null
07-05 21:15:52.023 I/NotificationService( 1733): cancelToast pkg=com.hisense.hicloud.edca callback=android.app.ITransientNotification$Stub$Proxy@b7cb13c
07-05 21:15:52.026 W/NotificationService( 1733): Toast already cancelled. pkg=com.hisense.hicloud.edca callback=android.app.ITransientNotification$Stub$Proxy@b7cb13c
07-05 21:15:52.026 D/DetailPlayActivity(23461): ---------------------------onstop,release player!!!
07-05 21:15:52.026 D/DetailVideoPlayerContainer(23461): releasePlayer,mIsAutoFlag:true
07-05 21:15:52.026 D/DetailVideoPlayerContainer(23461): sunliqin,releasePlayer(),mPosition:0 mPlayLimitTime:0
07-05 21:15:52.026 D/DetailVideoPlayerContainer(23461): autoRecordPlayHistroymPosition:0     mDuration:0 mPlayLimitTime:0  mIsAutoFlag:true
07-05 21:15:52.026 D/DetailVideoPlayerContainer(23461): releasePlayer(,histroy,mDuration:0  total:48  mIndex + 11
07-05 21:15:52.026 D/VideoInfo(23461): reportVideoExit,position:0
07-05 21:15:52.036 I/edu     (23461): ---------- ==>1002
07-05 21:15:52.037 D/EduSourcePlayerHelper(23461): journalVideoExit(): content://com.hisense.data.edu/external_player_action?action=logging&source=EDU&event=video_exit&programSeriesId=3535&episodeId=35351&resolution=11&ts=1499260552&position=0&error_code=null&typeCode=1002&classId=&topicTitle=
07-05 21:15:52.044 D/DetailPlayActivity(23461): ---------------------------onstop,isReleased:true
07-05 21:15:52.045 D/EduSourcePlayerHelper(23461): opening cursor content://com.hisense.data.edu/external_player_action?action=logging&source=EDU&event=video_exit&programSeriesId=3535&episodeId=35351&resolution=11&ts=1499260552&position=0&error_code=null&typeCode=1002&classId=&topicTitle=
07-05 21:15:52.045 D/DetailPlayActivity(23461): ---------------------------ondestroy
07-05 21:15:52.046 I/FirstLineAdapter(23461): canShowTrailer,isOffline=false
07-05 21:15:52.046 D/DetailVideoPlayerContainer(23461): reportVideoEndLog!!!!!current videos id is : 35351
07-05 21:15:52.046 I/ContentProvider(23461): --EduProvider--query--insert db--
07-05 21:15:52.047 D/til@system( 2026): til_get_system_param option:1000007 int:-1936522112, bool:128, ret:0
07-05 21:15:52.048 D/til@system( 2026): til_get_system_param option:1000009 int:-1936525184, bool:128, ret:0
07-05 21:15:52.049 D/til@system( 2026): til_get_system_param option:1000008 int:-1815634176, bool:0, ret:0
07-05 21:15:52.049 D/HiSDKLogReport(23461): getOperationDetail-productName : LED50MU8600UC
07-05 21:15:52.049 D/HiSDKLogReport(23461): getOperationDetail-plmNumber : 88888
07-05 21:15:52.049 D/HiSDKLogReport(23461): getOperationDetail-swVersion : V0000.00.01A
07-05 21:15:52.049 D/HiSDKLogReport(23461): getOperationDetail-operationDetail : LED50MU8600UC0000888
07-05 21:15:52.049 D/HiSDKLogReport(23461): businessLogReport-log : {eventType=229, APPVersionName=3.0.0.9.00, devid=86100300900000500000060a4818fca8, uuid=13287129, APIversion=501, duration=0, eventcode=229009, logversion=2.0, devType=0, eventPos=009, ChannelId=0, version=00.002.003, subscriberId=13287129, PFAPPCode=652, softwareVersion=LED50MU8600UC0000888, srceventcode=207000, videoid=35351, srcmediaid=, mac=a8:a6:48:18:fc:a8, accessToken=72DF6038D2AEAB8A76DFBBBBCC428A4A_000105474379638, srcoriginal=1, APPPackage=com.hisense.hicloud.edca, mediaid=3535, sessionid=83011187851847efb0a454e0ffb31a1f, requesttime=1499260552049, customerId=7195320, model_id=0, requestid=0ffeee14c9944fe2b5f980400cb195d3, tv_distribute_id=00, APIVersion=600, issysrepo=0}
07-05 21:15:52.049 D/DetailVideoPlayerContainer(23461): onDestroy() --
07-05 21:15:52.056 D/PowerManagerService( 1733): setScreenBrightnessOverrideFromWindowManagerInternal done
07-05 21:15:52.058 W/System.err(23461): java.net.ConnectException: failed to connect to /10.18.210.112 (port 8900) after 6000ms: isConnected failed: ECONNREFUSED (Connection refused)
07-05 21:15:52.058 W/System.err(23461): 	at libcore.io.IoBridge.isConnected(IoBridge.java:238)
07-05 21:15:52.058 W/System.err(23461): 	at libcore.io.IoBridge.connectErrno(IoBridge.java:171)
07-05 21:15:52.058 W/System.err(23461): 	at libcore.io.IoBridge.connect(IoBridge.java:122)
07-05 21:15:52.058 W/System.err(23461): 	at java.net.PlainSocketImpl.connect(PlainSocketImpl.java:183)
07-05 21:15:52.058 W/System.err(23461): 	at java.net.PlainSocketImpl.connect(PlainSocketImpl.java:456)
07-05 21:15:52.058 W/System.err(23461): 	at java.net.Socket.connect(Socket.java:882)
07-05 21:15:52.058 W/System.err(23461): 	at com.android.okhttp.internal.Platform.connectSocket(Platform.java:174)
07-05 21:15:52.058 W/System.err(23461): 	at com.android.okhttp.Connection.connect(Connection.java:152)
07-05 21:15:52.058 W/System.err(23461): 	at com.android.okhttp.internal.http.HttpEngine.connect(HttpEngine.java:276)
07-05 21:15:52.058 W/System.err(23461): 	at com.android.okhttp.internal.http.HttpEngine.sendRequest(HttpEngine.java:211)
07-05 21:15:52.058 W/System.err(23461): 	at com.android.okhttp.internal.http.HttpURLConnectionImpl.execute(HttpURLConnectionImpl.java:382)
07-05 21:15:52.059 W/System.err(23461): 	at com.android.okhttp.internal.http.HttpURLConnectionImpl.connect(HttpURLConnectionImpl.java:106)
07-05 21:15:52.059 W/System.err(23461): 	at com.hisense.hitv.hicloud.util.ExceptionReport.a(ExceptionReport.java:337)
07-05 21:15:52.059 W/System.err(23461): 	at com.hisense.hitv.hicloud.util.ExceptionReport.a(ExceptionReport.java:39)
07-05 21:15:52.059 W/System.err(23461): 	at com.hisense.hitv.hicloud.util.ExceptionReport$1.run(ExceptionReport.java:83)
07-05 21:15:52.059 W/System.err(23461): 	at java.lang.Thread.run(Thread.java:818)
07-05 21:15:52.059 W/System.err(23461): Caused by: android.system.ErrnoException: isConnected failed: ECONNREFUSED (Connection refused)
07-05 21:15:52.059 D/OsdMonitorService( 1733): mCurrentWindow = com.hisense.hicloud.edca/com.hisense.tvui.newhome.HomeMainActivity; newWindow = com.hisense.hicloud.edca/com.hisense.tvui.newhome.HomeMainActivity; isSubWindow = false; isInWinList = false; isExitNow = false
07-05 21:15:52.059 D/OsdMonitorService( 1733): windowNotOsd() : name = com.hisense.hicloud.edca/com.hisense.tvui.newhome.HomeMainActivity
07-05 21:15:52.059 I/OsdMonitorService( 1733): setOsdStatus() : status will change from true to true
07-05 21:15:52.059 W/System.err(23461): 	at libcore.io.IoBridge.isConnected(IoBridge.java:223)
07-05 21:15:52.059 W/System.err(23461): 	... 15 more
07-05 21:15:52.064 I/FirstLineAdapter(23461): canShowTrailer,isOffline=false
07-05 21:15:52.064 I/FirstLineAdapter(23461): canShowTrailer,isOffline=false
07-05 21:15:52.064 I/FirstLineAdapter(23461): canShowTrailer,isOffline=false
07-05 21:15:52.064 I/FirstLineAdapter(23461): canShowTrailer,isOffline=false
07-05 21:15:52.064 I/FirstLineAdapter(23461): canShowTrailer,isOffline=false
07-05 21:15:52.064 I/FirstLineAdapter(23461): canShowTrailer,isOffline=false
07-05 21:15:52.064 I/FirstLineAdapter(23461): canShowTrailer,isOffline=false
07-05 21:15:52.064 I/FirstLineAdapter(23461): onCreateViewHolder viewtype=4
07-05 21:15:52.070 I/MiSysSrv( 1214): [37m[INFO] Change to Voltage: 102 mv (0x23)[m
07-05 21:15:52.073 I/edu     (23461): 000000000 ==>mTypeCode = 1002
07-05 21:15:52.073 D/ContentProvider(23461): zhangxiaokai,getmImageIconUrl():http://picture.edu.hismarttv.com/images/20170629/.jpg
07-05 21:15:52.073 D/ContentProvider(23461): zhangxiaokai,getTitle()
07-05 21:15:52.073 D/ContentProvider(23461): zhangxiaokai,getTotalTime():0
07-05 21:15:52.073 D/ContentProvider(23461): zhangxiaokai getIs_fee():1
07-05 21:15:52.076 I/FirstLineAdapter(23461): onBindViewHolder 6
07-05 21:15:52.076 I/FirstLineAdapter(23461): canShowTrailer,isOffline=false
07-05 21:15:52.076 I/FirstLineAdapter(23461): canShowTrailer modify
07-05 21:15:52.076 I/FirstLineAdapter(23461): setMasterData6
07-05 21:15:52.076 I/FirstLineAdapter(23461): set current pos = 2
07-05 21:15:52.076 D/sloven  (23461): 2005---false
07-05 21:15:52.076 D/sloven  (23461): 2005
07-05 21:15:52.076 I/FirstLineAdapter(23461): canShowTrailer,isOffline=false
07-05 21:15:52.077 I/FirstLineAdapter(23461): canShowTrailer,isOffline=false
07-05 21:15:52.077 I/FirstLineAdapter(23461): onCreateViewHolder viewtype=4
07-05 21:15:52.083 I/FirstLineAdapter(23461): onBindViewHolder 7
07-05 21:15:52.083 I/FirstLineAdapter(23461): canShowTrailer,isOffline=false
07-05 21:15:52.083 I/FirstLineAdapter(23461): canShowTrailer modify
07-05 21:15:52.083 I/FirstLineAdapter(23461): setMasterData7
07-05 21:15:52.083 I/FirstLineAdapter(23461): set current pos = 3
07-05 21:15:52.083 D/sloven  (23461): 2005---false
07-05 21:15:52.083 D/sloven  (23461): 2005
07-05 21:15:52.084 I/FirstLineAdapter(23461): canShowTrailer,isOffline=false
07-05 21:15:52.085 I/MyItemDecoration(23461): getItemOffsets rect=Rect(-6, 0 - 0, 0),pos=6
07-05 21:15:52.086 I/MyItemDecoration(23461): getItemOffsets rect=Rect(-6, -5 - 0, 0),pos=7
07-05 21:15:52.087 I/FirstLineAdapter(23461): canShowTrailer,isOffline=false
07-05 21:15:52.087 I/FirstLineAdapter(23461): canShowTrailer,isOffline=false
07-05 21:15:52.087 I/FirstLineAdapter(23461): onCreateViewHolder viewtype=0
07-05 21:15:52.092 I/FirstLineAdapter(23461): onBindViewHolder 0
07-05 21:15:52.093 I/NuCachedSource2( 1206): new range: offset= 218840569
07-05 21:15:52.093 I/NuCachedSource2( 1206): seekInternal_l ---- totalSize: 2228224
07-05 21:15:52.093 D/MediaHTTPConnection(23461): offset = 218840569, mCurrentOffset = 2228224
07-05 21:15:52.094 D/MediaHTTPConnection(23461): seekTo 218840569
