07-05 22:01:02.491 D/PowerManagerService( 1733): acquireWakeLockInternal: lock=113832109, flags=0x1, tag="NetworkStats", ws=null, uid=1000, pid=1733
07-05 22:01:02.491 D/PowerManagerNotifier( 1733): onWakeLockAcquired: flags=1, tag="NetworkStats", packageName=android, ownerUid=1000, ownerPid=1733, workSource=null
07-05 22:01:02.499 D/PowerManagerService( 1733): releaseWakeLockInternal: lock=113832109 [NetworkStats], flags=0x0
07-05 22:01:02.499 D/PowerManagerNotifier( 1733): onWakeLockReleased: flags=1, tag="NetworkStats", packageName=android, ownerUid=1000, ownerPid=1733, workSource=null
07-05 22:01:02.523 I/NetflixMonitorService( 1733): current fgapk : com.hisense.hicloud.edca
07-05 22:01:02.523 I/NetflixMonitorService( 1733): Netflix status unchanged
07-05 22:01:03.391 D/PowerManagerService( 1733): acquireWakeLockInternal: lock=113832109, flags=0x1, tag="NetworkStats", ws=null, uid=1000, pid=1733
07-05 22:01:03.391 D/PowerManagerNotifier( 1733): onWakeLockAcquired: flags=1, tag="NetworkStats", packageName=android, ownerUid=1000, ownerPid=1733, workSource=null
07-05 22:01:03.401 D/PowerManagerService( 1733): releaseWakeLockInternal: lock=113832109 [NetworkStats], flags=0x0
07-05 22:01:03.401 D/PowerManagerNotifier( 1733): onWakeLockReleased: flags=1, tag="NetworkStats", packageName=android, ownerUid=1000, ownerPid=1733, workSource=null
07-05 22:01:03.523 I/NetflixMonitorService( 1733): current fgapk : com.hisense.hicloud.edca
07-05 22:01:03.523 I/NetflixMonitorService( 1733): Netflix status unchanged
07-05 22:01:04.236 D/PowerManagerService( 1733): acquireWakeLockInternal: lock=113832109, flags=0x1, tag="NetworkStats", ws=null, uid=1000, pid=1733
07-05 22:01:04.237 D/PowerManagerNotifier( 1733): onWakeLockAcquired: flags=1, tag="NetworkStats", packageName=android, ownerUid=1000, ownerPid=1733, workSource=null
07-05 22:01:04.271 D/PowerManagerService( 1733): releaseWakeLockInternal: lock=113832109 [NetworkStats], flags=0x0
07-05 22:01:04.271 D/PowerManagerNotifier( 1733): onWakeLockReleased: flags=1, tag="NetworkStats", packageName=android, ownerUid=1000, ownerPid=1733, workSource=null
07-05 22:01:04.524 I/NetflixMonitorService( 1733): current fgapk : com.hisense.hicloud.edca
07-05 22:01:04.524 I/NetflixMonitorService( 1733): Netflix status unchanged
07-05 22:01:05.106 D/PowerManagerService( 1733): acquireWakeLockInternal: lock=113832109, flags=0x1, tag="NetworkStats", ws=null, uid=1000, pid=1733
07-05 22:01:05.106 D/PowerManagerNotifier( 1733): onWakeLockAcquired: flags=1, tag="NetworkStats", packageName=android, ownerUid=1000, ownerPid=1733, workSource=null
07-05 22:01:05.121 D/PowerManagerService( 1733): releaseWakeLockInternal: lock=113832109 [NetworkStats], flags=0x0
07-05 22:01:05.121 D/PowerManagerNotifier( 1733): onWakeLockReleased: flags=1, tag="NetworkStats", packageName=android, ownerUid=1000, ownerPid=1733, workSource=null
07-05 22:01:05.524 I/NetflixMonitorService( 1733): current fgapk : com.hisense.hicloud.edca
07-05 22:01:05.524 I/NetflixMonitorService( 1733): Netflix status unchanged
07-05 22:01:05.961 D/PowerManagerService( 1733): acquireWakeLockInternal: lock=113832109, flags=0x1, tag="NetworkStats", ws=null, uid=1000, pid=1733
07-05 22:01:05.961 D/PowerManagerNotifier( 1733): onWakeLockAcquired: flags=1, tag="NetworkStats", packageName=android, ownerUid=1000, ownerPid=1733, workSource=null
07-05 22:01:05.973 D/PowerManagerService( 1733): releaseWakeLockInternal: lock=113832109 [NetworkStats], flags=0x0
07-05 22:01:05.973 D/PowerManagerNotifier( 1733): onWakeLockReleased: flags=1, tag="NetworkStats", packageName=android, ownerUid=1000, ownerPid=1733, workSource=null
07-05 22:01:06.525 I/NetflixMonitorService( 1733): current fgapk : com.hisense.hicloud.edca
07-05 22:01:06.525 I/NetflixMonitorService( 1733): Netflix status unchanged
07-05 22:01:06.815 D/PowerManagerService( 1733): acquireWakeLockInternal: lock=113832109, flags=0x1, tag="NetworkStats", ws=null, uid=1000, pid=1733
07-05 22:01:06.815 D/PowerManagerNotifier( 1733): onWakeLockAcquired: flags=1, tag="NetworkStats", packageName=android, ownerUid=1000, ownerPid=1733, workSource=null
07-05 22:01:06.822 D/PowerManagerService( 1733): releaseWakeLockInternal: lock=113832109 [NetworkStats], flags=0x0
07-05 22:01:06.822 D/PowerManagerNotifier( 1733): onWakeLockReleased: flags=1, tag="NetworkStats", packageName=android, ownerUid=1000, ownerPid=1733, workSource=null
07-05 22:01:07.525 I/NetflixMonitorService( 1733): current fgapk : com.hisense.hicloud.edca
07-05 22:01:07.525 I/NetflixMonitorService( 1733): Netflix status unchanged
07-05 22:01:07.653 D/PowerManagerService( 1733): acquireWakeLockInternal: lock=113832109, flags=0x1, tag="NetworkStats", ws=null, uid=1000, pid=1733
07-05 22:01:07.653 D/PowerManagerNotifier( 1733): onWakeLockAcquired: flags=1, tag="NetworkStats", packageName=android, ownerUid=1000, ownerPid=1733, workSource=null
07-05 22:01:07.677 D/PowerManagerService( 1733): releaseWakeLockInternal: lock=113832109 [NetworkStats], flags=0x0
07-05 22:01:07.677 D/PowerManagerNotifier( 1733): onWakeLockReleased: flags=1, tag="NetworkStats", packageName=android, ownerUid=1000, ownerPid=1733, workSource=null
07-05 22:01:08.512 D/PowerManagerService( 1733): acquireWakeLockInternal: lock=113832109, flags=0x1, tag="NetworkStats", ws=null, uid=1000, pid=1733
07-05 22:01:08.512 D/PowerManagerNotifier( 1733): onWakeLockAcquired: flags=1, tag="NetworkStats", packageName=android, ownerUid=1000, ownerPid=1733, workSource=null
07-05 22:01:08.526 I/NetflixMonitorService( 1733): current fgapk : com.hisense.hicloud.edca
07-05 22:01:08.526 I/NetflixMonitorService( 1733): Netflix status unchanged
07-05 22:01:08.531 D/PowerManagerService( 1733): releaseWakeLockInternal: lock=113832109 [NetworkStats], flags=0x0
07-05 22:01:08.531 D/PowerManagerNotifier( 1733): onWakeLockReleased: flags=1, tag="NetworkStats", packageName=android, ownerUid=1000, ownerPid=1733, workSource=null
07-05 22:01:09.055 I/UsageStatsService( 1733): User[0] Flushing usage stats to disk
07-05 22:01:09.366 D/PowerManagerService( 1733): acquireWakeLockInternal: lock=113832109, flags=0x1, tag="NetworkStats", ws=null, uid=1000, pid=1733
07-05 22:01:09.366 D/PowerManagerNotifier( 1733): onWakeLockAcquired: flags=1, tag="NetworkStats", packageName=android, ownerUid=1000, ownerPid=1733, workSource=null
07-05 22:01:09.385 D/PowerManagerService( 1733): releaseWakeLockInternal: lock=113832109 [NetworkStats], flags=0x0
07-05 22:01:09.385 D/PowerManagerNotifier( 1733): onWakeLockReleased: flags=1, tag="NetworkStats", packageName=android, ownerUid=1000, ownerPid=1733, workSource=null
07-05 22:01:09.527 I/NetflixMonitorService( 1733): current fgapk : com.hisense.hicloud.edca
07-05 22:01:09.527 I/NetflixMonitorService( 1733): Netflix status unchanged
07-05 22:01:09.538 V/HotPlugDetectionAction( 1733): Poll all devices.
07-05 22:01:09.960 E/HDMI_CEC( 1733): Send Message TO[5] 
07-05 22:01:09.960 E/HDMI_CEC( 1733): OP[0], <Feature Abort> 
07-05 22:01:09.960 E/HDMI_CEC( 1733): ========
07-05 22:01:10.032 E/HDMI_CEC( 1733): MI_CEC_SendTxPolling, ErrCode[4] 
07-05 22:01:10.061 D/PowerManagerService( 1733): acquireWakeLockInternal: lock=113832109, flags=0x1, tag="NetworkStats", ws=null, uid=1000, pid=1733
07-05 22:01:10.062 D/PowerManagerNotifier( 1733): onWakeLockAcquired: flags=1, tag="NetworkStats", packageName=android, ownerUid=1000, ownerPid=1733, workSource=null
07-05 22:01:10.065 E/HDMI_CEC( 1733): Sending message can't be response. 
07-05 22:01:10.071 D/PowerManagerService( 1733): releaseWakeLockInternal: lock=113832109 [NetworkStats], flags=0x0
07-05 22:01:10.071 D/PowerManagerNotifier( 1733): onWakeLockReleased: flags=1, tag="NetworkStats", packageName=android, ownerUid=1000, ownerPid=1733, workSource=null
07-05 22:01:10.512 D/PowerManagerService( 1733): acquireWakeLockInternal: lock=113832109, flags=0x1, tag="NetworkStats", ws=null, uid=1000, pid=1733
07-05 22:01:10.512 D/PowerManagerNotifier( 1733): onWakeLockAcquired: flags=1, tag="NetworkStats", packageName=android, ownerUid=1000, ownerPid=1733, workSource=null
07-05 22:01:10.519 D/PowerManagerService( 1733): releaseWakeLockInternal: lock=113832109 [NetworkStats], flags=0x0
07-05 22:01:10.519 D/PowerManagerNotifier( 1733): onWakeLockReleased: flags=1, tag="NetworkStats", packageName=android, ownerUid=1000, ownerPid=1733, workSource=null
07-05 22:01:10.528 I/NetflixMonitorService( 1733): current fgapk : com.hisense.hicloud.edca
07-05 22:01:10.528 I/NetflixMonitorService( 1733): Netflix status unchanged
07-05 22:01:10.982 D/PowerManagerService( 1733): acquireWakeLockInternal: lock=113832109, flags=0x1, tag="NetworkStats", ws=null, uid=1000, pid=1733
07-05 22:01:10.983 D/PowerManagerNotifier( 1733): onWakeLockAcquired: flags=1, tag="NetworkStats", packageName=android, ownerUid=1000, ownerPid=1733, workSource=null
07-05 22:01:10.991 D/PowerManagerService( 1733): releaseWakeLockInternal: lock=113832109 [NetworkStats], flags=0x0
07-05 22:01:10.991 D/PowerManagerNotifier( 1733): onWakeLockReleased: flags=1, tag="NetworkStats", packageName=android, ownerUid=1000, ownerPid=1733, workSource=null
07-05 22:01:11.042 D/HDMI    ( 1733): [P]:AllocatedAddress=[]
07-05 22:01:11.529 I/NetflixMonitorService( 1733): current fgapk : com.hisense.hicloud.edca
07-05 22:01:11.529 I/NetflixMonitorService( 1733): Netflix status unchanged
07-05 22:01:11.658 D/PowerManagerService( 1733): acquireWakeLockInternal: lock=113832109, flags=0x1, tag="NetworkStats", ws=null, uid=1000, pid=1733
07-05 22:01:11.658 D/PowerManagerNotifier( 1733): onWakeLockAcquired: flags=1, tag="NetworkStats", packageName=android, ownerUid=1000, ownerPid=1733, workSource=null
07-05 22:01:11.666 D/PowerManagerService( 1733): releaseWakeLockInternal: lock=113832109 [NetworkStats], flags=0x0
07-05 22:01:11.666 D/PowerManagerNotifier( 1733): onWakeLockReleased: flags=1, tag="NetworkStats", packageName=android, ownerUid=1000, ownerPid=1733, workSource=null
07-05 22:01:12.452 D/PowerManagerService( 1733): acquireWakeLockInternal: lock=113832109, flags=0x1, tag="NetworkStats", ws=null, uid=1000, pid=1733
07-05 22:01:12.452 D/PowerManagerNotifier( 1733): onWakeLockAcquired: flags=1, tag="NetworkStats", packageName=android, ownerUid=1000, ownerPid=1733, workSource=null
07-05 22:01:12.463 D/PowerManagerService( 1733): releaseWakeLockInternal: lock=113832109 [NetworkStats], flags=0x0
07-05 22:01:12.463 D/PowerManagerNotifier( 1733): onWakeLockReleased: flags=1, tag="NetworkStats", packageName=android, ownerUid=1000, ownerPid=1733, workSource=null
07-05 22:01:12.530 I/NetflixMonitorService( 1733): current fgapk : com.hisense.hicloud.edca
07-05 22:01:12.530 I/NetflixMonitorService( 1733): Netflix status unchanged
07-05 22:01:13.293 D/PowerManagerService( 1733): acquireWakeLockInternal: lock=113832109, flags=0x1, tag="NetworkStats", ws=null, uid=1000, pid=1733
07-05 22:01:13.293 D/PowerManagerNotifier( 1733): onWakeLockAcquired: flags=1, tag="NetworkStats", packageName=android, ownerUid=1000, ownerPid=1733, workSource=null
07-05 22:01:13.302 D/PowerManagerService( 1733): releaseWakeLockInternal: lock=113832109 [NetworkStats], flags=0x0
07-05 22:01:13.302 D/PowerManagerNotifier( 1733): onWakeLockReleased: flags=1, tag="NetworkStats", packageName=android, ownerUid=1000, ownerPid=1733, workSource=null
07-05 22:01:13.531 I/NetflixMonitorService( 1733): current fgapk : com.hisense.hicloud.edca
07-05 22:01:13.531 I/NetflixMonitorService( 1733): Netflix status unchanged
07-05 22:01:13.678 I/ActivityManager( 1733): Force stopping com.hisense.hicloud.edca appid=10010 user=0: from pid 15964
07-05 22:01:13.679 I/ActivityManager( 1733): Killing 15680:com.hisense.hicloud.edca/u0a10 (adj 0): stop com.hisense.hicloud.edca
07-05 22:01:13.720 I/WindowState( 1733): WIN DEATH: Window{11e5b48e u0 com.hisense.hicloud.edca/com.hisense.tvui.newhome.HomeMainActivity}
07-05 22:01:13.720 E/WifiService( 1733): Multicaster binderDied
07-05 22:01:13.720 W/WindowManager( 1733): Force-removing child win Window{186e5d3e u0 SurfaceView} from container Window{11e5b48e u0 com.hisense.hicloud.edca/com.hisense.tvui.newhome.HomeMainActivity}
07-05 22:01:13.721 D/WifiService( 1733): Client connection lost with reason: 4
07-05 22:01:13.724 D/PowerManagerService( 1733): setScreenBrightnessOverrideFromWindowManagerInternal done
07-05 22:01:13.730 D/PowerManagerService( 1733): setScreenBrightnessOverrideFromWindowManagerInternal done
07-05 22:01:13.737 W/WindowManager( 1733): Failed looking up window
07-05 22:01:13.737 W/WindowManager( 1733): java.lang.IllegalArgumentException: Requested window android.os.BinderProxy@356859f9 does not exist
07-05 22:01:13.737 W/WindowManager( 1733): 	at com.android.server.wm.WindowManagerService.windowForClientLocked(WindowManagerService.java:8700)
07-05 22:01:13.737 W/WindowManager( 1733): 	at com.android.server.wm.WindowManagerService.windowForClientLocked(WindowManagerService.java:8691)
07-05 22:01:13.737 W/WindowManager( 1733): 	at com.android.server.wm.WindowState$DeathRecipient.binderDied(WindowState.java:1185)
07-05 22:01:13.737 W/WindowManager( 1733): 	at android.os.BinderProxy.sendDeathNotice(Binder.java:551)
07-05 22:01:13.737 I/WindowState( 1733): WIN DEATH: null
07-05 22:01:13.786 W/ActivityManager( 1733): Scheduling restart of crashed service com.hisense.hicloud.edca/.service.connection.MutilScreenService in 1000ms
07-05 22:01:13.786 W/ActivityManager( 1733): Force removing ActivityRecord{f2eec8c u0 com.hisense.hicloud.edca/com.hisense.tvui.newhome.HomeMainActivity t5212}: app died, no saved state
07-05 22:01:13.786 I/UsageStatsService( 1733): paused component:com.hisense.hicloud.edca
07-05 22:01:13.786 V/UsageStatsService( 1733): Paused: 12115358   Component: com.hisense.hicloud.edca/com.hisense.tvui.newhome.HomeMainActivity   Time: 1499263273786 LastSessionTime: 13575 CumulativeSessionTime: 4284425
07-05 22:01:13.786 D/UsageStatsService( 1733): UsageStats: broadcasting intent
07-05 22:01:13.787 W/ContextImpl( 1733): Calling a method in the system process without a qualified user: android.app.ContextImpl.sendBroadcast:1327 com.android.server.usage.UsageStatsService.insertUsageStats:1104 com.android.server.usage.UsageStatsService$PkgUsageStatsExtended.updatePause:979 com.android.server.usage.UsageStatsService$LocalService.notePauseComponent:808 com.android.server.am.ActivityManagerService.updateUsageStats:3173 
07-05 22:01:13.789 I/ActivityManager( 1733):   Force stopping service ServiceRecord{c363ceb u0 com.hisense.hicloud.edca/.service.connection.MutilScreenService}
07-05 22:01:13.792 I/ActivityManager( 1733): TR16) TaskRecord{195b1776 #5211 A=com.jamdeo.launcher U=0 sz=1}
07-05 22:01:13.792 I/ActivityManager( 1733): TR15) TaskRecord{240a0c00 #5212 A=com.hisense.hicloud.edca U=0 sz=0}
07-05 22:01:13.796 D/UsageStatsService( 1733): User[0] Got usage event for com.hisense.hicloud.edca[1499263273787]: MOVE_TO_BACKGROUND
07-05 22:01:13.812 D/PowerManagerService( 1733): setScreenBrightnessOverrideFromWindowManagerInternal done
07-05 22:01:13.883 I/ActivityManager( 1733): TR16) TaskRecord{195b1776 #5211 A=com.jamdeo.launcher U=0 sz=1}
07-05 22:01:13.883 I/ActivityManager( 1733): TR15) TaskRecord{240a0c00 #5212 A=com.hisense.hicloud.edca U=0 sz=0}
07-05 22:01:13.890 I/UsageStatsService( 1733): resumed component name is ComponentInfo{com.jamdeo.launcher/com.jamdeo.launcher.app.BaseTileActivity}
07-05 22:01:13.890 I/UsageStatsService( 1733): started component:com.jamdeo.launcher
07-05 22:01:13.890 V/UsageStatsService( 1733): Resumed: 12115461   Component: com.jamdeo.launcher/com.jamdeo.launcher.app.BaseTileActivity   Time: 1499263273890 VersionCode: 100010000   LastUpdateTime: 1167653135000
07-05 22:01:13.890 D/UsageStatsService( 1733): UsageStats: broadcasting intent
07-05 22:01:13.891 W/ContextImpl( 1733): Calling a method in the system process without a qualified user: android.app.ContextImpl.sendBroadcast:1327 com.android.server.usage.UsageStatsService.insertUsageStats:1104 com.android.server.usage.UsageStatsService$PkgUsageStatsExtended.updateResume:962 com.android.server.usage.UsageStatsService$LocalService.noteResumeComponent:759 com.android.server.am.ActivityManagerService.updateUsageStats:3164 
07-05 22:01:13.897 D/PowerManagerService( 1733): setScreenBrightnessOverrideFromWindowManagerInternal done
07-05 22:01:13.899 W/ActivityManager( 1733): Spurious death for ProcessRecord{15d910c4 15680:com.hisense.hicloud.edca/u0a10}, curProc for 15680: null
07-05 22:01:13.906 D/TvInputManagerService( 1733): call enableMotionEventNotifier:false
07-05 22:01:13.911 D/PowerManagerService( 1733): wakeUp: eventTime=12115483
07-05 22:01:13.911 D/PowerManagerService( 1733): wakeUpInternal: eventTime=12115483, uid=1000
07-05 22:01:13.911 D/PowerManagerService( 1733): wakeUpNoUpdateLocked: eventTime=12115483, uid=1000
07-05 22:01:13.927 D/PowerManagerService( 1733): setScreenBrightnessOverrideFromWindowManagerInternal done
07-05 22:01:13.967 D/PowerManagerService( 1733): setScreenBrightnessOverrideFromWindowManagerInternal done
07-05 22:01:13.969 D/PowerManagerService( 1733): setScreenBrightnessOverrideFromWindowManagerInternal done
07-05 22:01:13.970 W/InputMethodManagerService( 1733): Got RemoteException sending setActive(false) notification to pid 15680 uid 10010
07-05 22:01:13.972 D/ActivityStackUtils( 1733): moveStack - stackId: 6, toFront: true
07-05 22:01:13.984 D/PowerManagerService( 1733): setScreenBrightnessOverrideFromWindowManagerInternal done
07-05 22:01:13.998 I/UsageStatsService( 1733): paused component:com.jamdeo.launcher
07-05 22:01:13.998 V/UsageStatsService( 1733): Paused: 12115569   Component: com.jamdeo.launcher/com.jamdeo.launcher.app.BaseTileActivity   Time: 1499263273998 LastSessionTime: 108 CumulativeSessionTime: 3358847
07-05 22:01:13.998 D/UsageStatsService( 1733): UsageStats: broadcasting intent
07-05 22:01:13.998 W/ContextImpl( 1733): Calling a method in the system process without a qualified user: android.app.ContextImpl.sendBroadcast:1327 com.android.server.usage.UsageStatsService.insertUsageStats:1104 com.android.server.usage.UsageStatsService$PkgUsageStatsExtended.updatePause:979 com.android.server.usage.UsageStatsService$LocalService.notePauseComponent:808 com.android.server.am.ActivityManagerService.updateUsageStats:3173 
07-05 22:01:13.999 D/PowerManagerService( 1733): acquireWakeLockInternal: lock=681732318, flags=0x1, tag="ActivityManager-Launch", ws=null, uid=1000, pid=1733
07-05 22:01:13.999 D/PowerManagerNotifier( 1733): onWakeLockAcquired: flags=1, tag="ActivityManager-Launch", packageName=android, ownerUid=1000, ownerPid=1733, workSource=null
07-05 22:01:14.002 I/ActivityManager( 1733): TR16) TaskRecord{cd10cea #4980 A=com.jamdeo.launcher U=0 sz=1}
07-05 22:01:14.002 I/ActivityManager( 1733): TR15) TaskRecord{240a0c00 #5212 A=com.hisense.hicloud.edca U=0 sz=0}
07-05 22:01:14.011 I/UsageStatsService( 1733): resumed component name is ComponentInfo{com.jamdeo.launcher/com.jamdeo.launcher.app.BaseTileActivity}
07-05 22:01:14.012 I/UsageStatsService( 1733): started component:com.jamdeo.launcher
07-05 22:01:14.017 V/UsageStatsService( 1733): Resumed: 12115583   Component: com.jamdeo.launcher/com.jamdeo.launcher.app.BaseTileActivity   Time: 1499263274017 VersionCode: 100010000   LastUpdateTime: 1167653135000
07-05 22:01:14.018 D/UsageStatsService( 1733): UsageStats: broadcasting intent
07-05 22:01:14.019 W/ContextImpl( 1733): Calling a method in the system process without a qualified user: android.app.ContextImpl.sendBroadcast:1327 com.android.server.usage.UsageStatsService.insertUsageStats:1104 com.android.server.usage.UsageStatsService$PkgUsageStatsExtended.updateResume:962 com.android.server.usage.UsageStatsService$LocalService.noteResumeComponent:759 com.android.server.am.ActivityManagerService.updateUsageStats:3164 
07-05 22:01:14.024 D/PowerManagerService( 1733): setScreenBrightnessOverrideFromWindowManagerInternal done
07-05 22:01:14.030 D/PowerManagerService( 1733): setScreenBrightnessOverrideFromWindowManagerInternal done
07-05 22:01:14.040 D/TvInputManagerService( 1733): call enableMotionEventNotifier:false
07-05 22:01:14.044 D/PowerManagerService( 1733): wakeUp: eventTime=12115615
07-05 22:01:14.044 D/PowerManagerService( 1733): wakeUpInternal: eventTime=12115615, uid=1000
07-05 22:01:14.044 D/PowerManagerService( 1733): wakeUpNoUpdateLocked: eventTime=12115615, uid=1000
07-05 22:01:14.049 D/PowerManagerService( 1733): setScreenBrightnessOverrideFromWindowManagerInternal done
07-05 22:01:14.061 D/TvInputManagerService( 1733): call enableMotionEventNotifier:false
07-05 22:01:14.064 D/TvInputManagerService( 1733): call enableMotionEventNotifier:false
07-05 22:01:14.090 D/PowerManagerService( 1733): wakeUp: eventTime=12115661
07-05 22:01:14.090 D/PowerManagerService( 1733): wakeUpInternal: eventTime=12115661, uid=1000
07-05 22:01:14.091 D/PowerManagerService( 1733): wakeUpNoUpdateLocked: eventTime=12115661, uid=1000
07-05 22:01:14.102 D/PowerManagerService( 1733): setScreenBrightnessOverrideFromWindowManagerInternal done
07-05 22:01:14.108 D/PowerManagerService( 1733): setScreenBrightnessOverrideFromWindowManagerInternal done
07-05 22:01:14.112 D/PowerManagerService( 1733): setScreenBrightnessOverrideFromWindowManagerInternal done
07-05 22:01:14.117 D/PowerManagerService( 1733): setScreenBrightnessOverrideFromWindowManagerInternal done
07-05 22:01:14.139 V/WindowManager( 1733): not Base app: Adding window Window{a2e5e13 u0 GlobalPanel} at 10 of 18
07-05 22:01:14.151 D/PowerManagerService( 1733): setScreenBrightnessOverrideFromWindowManagerInternal done
07-05 22:01:14.208 D/PowerManagerService( 1733): setScreenBrightnessOverrideFromWindowManagerInternal done
07-05 22:01:14.210 D/PowerManagerService( 1733): setScreenBrightnessOverrideFromWindowManagerInternal done
07-05 22:01:14.284 D/UsageStatsService( 1733): User[0] Got usage event for com.jamdeo.launcher[1499263273890]: MOVE_TO_FOREGROUND
07-05 22:01:14.285 D/UsageStatsService( 1733): User[0] Got usage event for com.jamdeo.launcher[1499263273998]: MOVE_TO_BACKGROUND
07-05 22:01:14.285 D/UsageStatsService( 1733): User[0] Got usage event for com.jamdeo.launcher[1499263274012]: MOVE_TO_FOREGROUND
07-05 22:01:14.460 D/PowerManagerService( 1733): setScreenBrightnessOverrideFromWindowManagerInternal done
07-05 22:01:14.493 D/PowerManagerService( 1733): setScreenBrightnessOverrideFromWindowManagerInternal done
07-05 22:01:14.535 I/NetflixMonitorService( 1733): current fgapk : com.jamdeo.launcher
07-05 22:01:14.535 I/NetflixMonitorService( 1733): Netflix status unchanged
07-05 22:01:14.572 D/PowerManagerService( 1733): setScreenBrightnessOverrideFromWindowManagerInternal done
07-05 22:01:14.575 D/PowerManagerService( 1733): setScreenBrightnessOverrideFromWindowManagerInternal done
07-05 22:01:14.588 D/PowerManagerService( 1733): setScreenBrightnessOverrideFromWindowManagerInternal done
07-05 22:01:14.736 D/PowerManagerService( 1733): releaseWakeLockInternal: lock=681732318 [ActivityManager-Launch], flags=0x0
07-05 22:01:14.736 D/PowerManagerNotifier( 1733): onWakeLockReleased: flags=1, tag="ActivityManager-Launch", packageName=android, ownerUid=1000, ownerPid=1733, workSource=null
--------- beginning of main
07-05 22:01:45.572 I/HomeMainActivity(16448): this is LowMemoryConfiguration 
07-05 22:01:45.604 I/TVMW@HsTvSetting( 1234): Trace cmd, data = 0x1058
07-05 22:01:45.604 D/til@system( 2026): til_get_system_param option:100002F int:0, bool:0, ret:0
07-05 22:01:45.605 I/TVMW@HsTvSetting( 1234): Trace cmd, data = 0x101f
07-05 22:01:45.605 D/til@system( 2026): til_get_system_param option:100001D int:3, bool:3, ret:0
07-05 22:01:45.605 E/til     ( 2026): [til_get_current_input_source, 101] 
07-05 22:01:45.605 I/TVMW@HsTvSetting( 1234): Trace cmd, data = 0x7007
07-05 22:01:45.605 I/tilwrapper@sm( 2026): HS2TIL_SourceType *hs=0xd, *til=0x900
07-05 22:01:45.605 D/til     ( 2026): get current source 2304
07-05 22:01:45.606 D/SourceRemoteServiceHandler( 2026): getCurrentInputSource.from.til.result is 0, value is 2304
07-05 22:01:45.606 D/SourceRemoteServiceHandler( 2026): getInputSourceType source: 0x900, type=2304
07-05 22:01:45.606 D/til     ( 2026): ###### func:til_get_picture_param option:0x3000006 ######  
07-05 22:01:45.606 I/TVMW@HsTvSetting( 1234): Trace cmd, data = 0x1003
07-05 22:01:45.607 I/TVMW@HsTvSetting( 1234): Trace cmd, data = 0x8032
07-05 22:01:45.607 I/hstvos  ( 1216): [0m[1;33m[HSHAL][HS_VIDEO][HS_HAL_Video_SetOsdDetect_v2][2389]u16Threshold = 20
07-05 22:01:45.607 E/TVMW@videoctrl( 1234):  getOsd is 1
07-05 22:01:45.608 D/til@system( 2026): til_get_system_param option:1000027 int:1, bool:1, ret:0
07-05 22:01:45.608 D/til     ( 2026): ###### func:til_get_picture_param option:0x3000045 ######  
07-05 22:01:45.608 I/TVMW@HsTvSetting( 1234): Trace cmd, data = 0x300c
07-05 22:01:45.608 I/TVMW@HsTvSetting( 1234): Trace 3d, data = 0x300c
07-05 22:01:45.608 I/TVMW@3d ( 1234): Hs_debug3d_trace: func:get3dStatus, line:109
07-05 22:01:45.613 I/MiSysSrv( 1214): Not support now! 42, change to mm_video!!!
07-05 22:01:45.648 I/dex2oat (16582): /system/bin/dex2oat --runtime-arg -classpath --runtime-arg  --instruction-set=arm --instruction-set-features=default --runtime-arg -Xrelocate --boot-image=/system/framework/boot.art --dex-file=/data/data/com.hisense.hicloud.edca/files/plugin/2.1.0.59986/pluginplayer/1.64.0.59984/pluginplayer-release-1.64.0.59984.apk --oat-fd=45 --oat-location=/data/data/com.hisense.hicloud.edca/app_dex/pluginplayer-release-1.64.0.59984.dex --runtime-arg -Xms64m --runtime-arg -Xmx512m
07-05 22:01:45.681 V/HomeMainActivity(16448): isFirstChooseChannel= true
07-05 22:01:45.681 D/HomeMainActivity(16448): getUserAboutBoughtVipAndLesson!!!!!
07-05 22:01:45.681 E/BaseApplication(16448): mSignonInfo.getSignonFlag() == 0mSignonInfo.getName() == null
07-05 22:01:45.681 V/PackageManager( 1733): getPackageInfo com.hisense.hitv.hicloud.account: Package{f28cbb com.hisense.hitv.hicloud.account}
07-05 22:01:45.684 I/FileInstallUntils(16448): checkAccountApp----packageName==com.hisense.hitv.hicloud.account-versionName==4.00.3.6.0-versionCode==1030
07-05 22:01:45.684 I/HttpDnsUtils(16448): getUserVipInfo URL: http://api.edu.hismarttv.com/payment/api/query/all/member/order
07-05 22:01:45.686 D/til@system( 2026): til_get_system_param option:1000007 int:-1936525184, bool:128, ret:0
07-05 22:01:45.686 D/til@system( 2026): til_get_system_param option:1000009 int:-1815634176, bool:0, ret:0
07-05 22:01:45.687 D/til@system( 2026): til_get_system_param option:1000008 int:-1815632896, bool:0, ret:0
07-05 22:01:45.687 D/HttpBuilder(16448): getOperationDetail-productName : LED50MU8600UC
07-05 22:01:45.688 D/HttpBuilder(16448): getOperationDetail-plmNumber : 88888
07-05 22:01:45.688 D/HttpBuilder(16448): getOperationDetail-swVersion : V0000.00.01A
07-05 22:01:45.688 D/HttpBuilder(16448): getOperationDetail-operationDetail : LED50MU8600UC0000888
07-05 22:01:45.726 I/HttpBuilder(16448): addUrlPublicParams mUrl ==>http://api.edu.hismarttv.com/payment/api/query/all/member/order?uuid=13287129&mac=a8:a6:48:18:fc:a8&devid=86100300900000500000060a4818fca8&version=00.002.003&subscriberId=13287129&customerId=7195320&model_id=0&APPPackage=com.hisense.hicloud.edca&PFAPPCode=652&APPVersionName=3.0.0.9.00&ChannelId=0&softwareVersion=LED50MU8600UC0000888&tv_distribute_id=00&devType=0&APIVersion=600&accessToken=72DF6038D2AEAB8A76DFBBBBCC428A4A_000013199806651
07-05 22:01:45.728 D/HttpHandler(16448): VerifySignInterCeptor-->request.url()=http://api.edu.hismarttv.com/payment/api/query/all/member/order?uuid=13287129&mac=a8:a6:48:18:fc:a8&devid=86100300900000500000060a4818fca8&version=00.002.003&subscriberId=13287129&customerId=7195320&model_id=0&APPPackage=com.hisense.hicloud.edca&PFAPPCode=652&APPVersionName=3.0.0.9.00&ChannelId=0&softwareVersion=LED50MU8600UC0000888&tv_distribute_id=00&devType=0&APIVersion=600&accessToken=72DF6038D2AEAB8A76DFBBBBCC428A4A_000013199806651
07-05 22:01:45.728 D/HttpHandler(16448): VerifySignInterCeptor-->hostname=api.edu.hismarttv.com
07-05 22:01:45.728 I/HttpDnsUtils(16448): --getPaidList--url==http://api.edu.hismarttv.com/payment/api/order/getValidOrders?start=0&rows=1000&accessToken=72DF6038D2AEAB8A76DFBBBBCC428A4A_000013199806651&customerId=7195320&devType=0&devid=86100300900000500000060a4818fca8&valid=1&sign=9ce32dce0731e55cfc5bf8c35ae4982a
07-05 22:01:45.729 D/HttpHandler(16448): HttpDNS-->hostname=api.edu.hismarttv.com
07-05 22:01:45.729 D/til@system( 2026): til_get_system_param option:1000007 int:-1815633792, bool:128, ret:0
07-05 22:01:45.730 D/HttpHandler(16448): RAMCache-->hostInfo.getClientTimeStamp()=12144184
07-05 22:01:45.730 D/HttpHandler(16448): RAMCache-->hostInfo.getTtl()=3600
07-05 22:01:45.730 D/HttpHandler(16448): RAMCache-->SystemClock.elapsedRealtime()=12147302
07-05 22:01:45.732 D/til@system( 2026): til_get_system_param option:1000009 int:-1936523008, bool:0, ret:0
07-05 22:01:45.733 D/til@system( 2026): til_get_system_param option:1000008 int:-1936522368, bool:128, ret:0
07-05 22:01:45.733 D/HttpBuilder(16448): getOperationDetail-productName : LED50MU8600UC
07-05 22:01:45.733 D/HttpBuilder(16448): getOperationDetail-plmNumber : 88888
07-05 22:01:45.733 D/HttpBuilder(16448): getOperationDetail-swVersion : V0000.00.01A
07-05 22:01:45.733 D/HttpBuilder(16448): getOperationDetail-operationDetail : LED50MU8600UC0000888
07-05 22:01:45.735 D/HttpHandler(16448): DNSHelper-->gslbDns=["123.103.91.123"]
07-05 22:01:45.762 I/HttpBuilder(16448): addUrlPublicParams mUrl ==>http://api.edu.hismarttv.com/payment/api/order/getValidOrders?start=0&rows=1000&accessToken=72DF6038D2AEAB8A76DFBBBBCC428A4A_000013199806651&customerId=7195320&devType=0&devid=86100300900000500000060a4818fca8&valid=1&sign=9ce32dce0731e55cfc5bf8c35ae4982a&uuid=13287129&mac=a8:a6:48:18:fc:a8&version=00.002.003&subscriberId=13287129&model_id=0&APPPackage=com.hisense.hicloud.edca&PFAPPCode=652&APPVersionName=3.0.0.9.00&ChannelId=0&softwareVersion=LED50MU8600UC0000888&tv_distribute_id=00&APIVersion=600
07-05 22:01:45.763 D/HttpHandler(16448): VerifySignInterCeptor-->request.url()=http://api.edu.hismarttv.com/payment/api/order/getValidOrders?start=0&rows=1000&accessToken=72DF6038D2AEAB8A76DFBBBBCC428A4A_000013199806651&customerId=7195320&devType=0&devid=86100300900000500000060a4818fca8&valid=1&sign=9ce32dce0731e55cfc5bf8c35ae4982a&uuid=13287129&mac=a8:a6:48:18:fc:a8&version=00.002.003&subscriberId=13287129&model_id=0&APPPackage=com.hisense.hicloud.edca&PFAPPCode=652&APPVersionName=3.0.0.9.00&ChannelId=0&softwareVersion=LED50MU8600UC0000888&tv_distribute_id=00&APIVersion=600
07-05 22:01:45.763 D/HttpHandler(16448): VerifySignInterCeptor-->hostname=api.edu.hismarttv.com
07-05 22:01:45.764 D/HttpHandler(16448): HttpDNS-->hostname=api.edu.hismarttv.com
07-05 22:01:45.765 D/HttpHandler(16448): RAMCache-->hostInfo.getClientTimeStamp()=12144184
07-05 22:01:45.765 D/HttpHandler(16448): RAMCache-->hostInfo.getTtl()=3600
07-05 22:01:45.765 D/HttpHandler(16448): RAMCache-->SystemClock.elapsedRealtime()=12147337
07-05 22:01:45.765 D/RECREATE(16448): onCreate ===>---isRecreate:false
07-05 22:01:45.766 D/OkHttp  (16448): --> GET http://api.edu.hismarttv.com/payment/api/query/all/member/order?uuid=13287129&mac=a8:a6:48:18:fc:a8&devid=86100300900000500000060a4818fca8&version=00.002.003&subscriberId=13287129&customerId=7195320&model_id=0&APPPackage=com.hisense.hicloud.edca&PFAPPCode=652&APPVersionName=3.0.0.9.00&ChannelId=0&softwareVersion=LED50MU8600UC0000888&tv_distribute_id=00&devType=0&APIVersion=600&accessToken=72DF6038D2AEAB8A76DFBBBBCC428A4A_000013199806651 http/1.1
07-05 22:01:45.766 D/OkHttp  (16448): Data_Type: JSON
07-05 22:01:45.766 D/OkHttp  (16448): RetryTime: 0
07-05 22:01:45.766 D/OkHttp  (16448): Backoffmutiplier: 0
07-05 22:01:45.766 D/OkHttp  (16448): Host: api.edu.hismarttv.com
07-05 22:01:45.766 D/OkHttp  (16448): Connection: Keep-Alive
07-05 22:01:45.766 D/OkHttp  (16448): Accept-Encoding: gzip
07-05 22:01:45.766 D/OkHttp  (16448): User-Agent: okhttp/3.6.0
07-05 22:01:45.766 D/OkHttp  (16448): --> END GET
07-05 22:01:45.769 I/MiSysSrv( 1214): [37m[INFO] Change to Voltage: 117 mv (0x32)[m
07-05 22:01:45.769 I/BaseContentFragment(16448): activity onStart
07-05 22:01:45.769 D/test    (16448): vidaaVersion=
07-05 22:01:45.770 W/Activity(16448): changePanelKeyPadStateIfNecessary() : false
07-05 22:01:45.770 V/InputManager(16448): setPanelKeyPadConvertState() : false
07-05 22:01:45.771 D/HttpHandler(16448): DNSHelper-->gslbDns=["123.103.91.123"]
07-05 22:01:45.785 I/TVMW@devctrl( 1234): wdt
07-05 22:01:45.792 I/FileInstallUntils(16448): filePath = /data/data/com.hisense.hicloud.edca/files/AccountManager4_4.00.3.3.0.apk
07-05 22:01:45.796 V/PackageManager( 1733): getPackageInfo com.hisense.hitv.hicloud.account: Package{f28cbb com.hisense.hitv.hicloud.account}
07-05 22:01:45.797 I/FileInstallUntils(16448): --compareVersionName--upgradeVersion==4.00.3.3.0--localVersion==4.00.3.6.0
07-05 22:01:45.797 I/FileInstallUntils(16448): checkAppVersion-- exitnot update----packageName==com.hisense.hitv.hicloud.account
07-05 22:01:45.797 I/BaseApplication(16448): checkAccount start
07-05 22:01:45.798 I/HttpDnsUtils(16448): checkAccount--url==http://api.edu.hismarttv.com/usercenter/api/checkAccount
07-05 22:01:45.798 D/til@system( 2026): til_get_system_param option:1000007 int:-1936522112, bool:128, ret:0
07-05 22:01:45.800 D/OkHttp  (16448): --> GET http://api.edu.hismarttv.com/payment/api/order/getValidOrders?start=0&rows=1000&accessToken=72DF6038D2AEAB8A76DFBBBBCC428A4A_000013199806651&customerId=7195320&devType=0&devid=86100300900000500000060a4818fca8&valid=1&sign=9ce32dce0731e55cfc5bf8c35ae4982a&uuid=13287129&mac=a8:a6:48:18:fc:a8&version=00.002.003&subscriberId=13287129&model_id=0&APPPackage=com.hisense.hicloud.edca&PFAPPCode=652&APPVersionName=3.0.0.9.00&ChannelId=0&softwareVersion=LED50MU8600UC0000888&tv_distribute_id=00&APIVersion=600 http/1.1
07-05 22:01:45.801 D/OkHttp  (16448): Data_Type: JSON
07-05 22:01:45.801 D/OkHttp  (16448): RetryTime: 0
07-05 22:01:45.801 D/OkHttp  (16448): Backoffmutiplier: 0
07-05 22:01:45.801 D/OkHttp  (16448): Host: api.edu.hismarttv.com
07-05 22:01:45.801 D/OkHttp  (16448): Connection: Keep-Alive
07-05 22:01:45.801 D/OkHttp  (16448): Accept-Encoding: gzip
07-05 22:01:45.801 D/OkHttp  (16448): User-Agent: okhttp/3.6.0
07-05 22:01:45.801 D/OkHttp  (16448): --> END GET
07-05 22:01:45.802 D/til@system( 2026): til_get_system_param option:1000009 int:-1936525184, bool:128, ret:0
07-05 22:01:45.802 D/til@system( 2026): til_get_system_param option:1000008 int:-1815634176, bool:0, ret:0
07-05 22:01:45.803 D/HttpBuilder(16448): getOperationDetail-productName : LED50MU8600UC
07-05 22:01:45.803 D/HttpBuilder(16448): getOperationDetail-plmNumber : 88888
07-05 22:01:45.803 D/HttpBuilder(16448): getOperationDetail-swVersion : V0000.00.01A
07-05 22:01:45.803 D/HttpBuilder(16448): getOperationDetail-operationDetail : LED50MU8600UC0000888
07-05 22:01:45.803 D/OkHttp  (16448): <-- 200 OK http://api.edu.hismarttv.com/payment/api/query/all/member/order?uuid=13287129&mac=a8:a6:48:18:fc:a8&devid=86100300900000500000060a4818fca8&version=00.002.003&subscriberId=13287129&customerId=7195320&model_id=0&APPPackage=com.hisense.hicloud.edca&PFAPPCode=652&APPVersionName=3.0.0.9.00&ChannelId=0&softwareVersion=LED50MU8600UC0000888&tv_distribute_id=00&devType=0&APIVersion=600&accessToken=72DF6038D2AEAB8A76DFBBBBCC428A4A_000013199806651 (36ms)
07-05 22:01:45.803 D/OkHttp  (16448): Server: nginx
07-05 22:01:45.803 D/OkHttp  (16448): Date: Wed, 05 Jul 2017 14:01:45 GMT
07-05 22:01:45.803 D/OkHttp  (16448): Content-Type: application/json
07-05 22:01:45.803 D/OkHttp  (16448): Content-Length: 262
07-05 22:01:45.803 D/OkHttp  (16448): Connection: close
07-05 22:01:45.803 D/OkHttp  (16448): <-- END HTTP
07-05 22:01:45.805 D/HttpHandler(16448): RetryIntercepter-->retryNum=0
07-05 22:01:45.805 D/HttpHandler(16448): RetryIntercepter-->backoffmutiplier=0
07-05 22:01:45.806 D/HttpHandler(16448): VerifySignInterCeptor-->dateType=1
07-05 22:01:45.806 D/HttpHandler(16448): VerifySignInterCeptor-->HttpRequestManager.httpClietOption.getVerifyFlag()=1
07-05 22:01:45.807 D/HttpHandler(16448): VerifySignInterCeptor-->content={"message": "\u65e0\u4efb\u4f55\u4f1a\u5458\u8ba2\u5355", "success": false}
07-05 22:01:45.829 I/HttpBuilder(16448): addUrlPublicParams mUrl ==>http://api.edu.hismarttv.com/usercenter/api/checkAccount?uuid=13287129&mac=a8:a6:48:18:fc:a8&devid=86100300900000500000060a4818fca8&version=00.002.003&subscriberId=13287129&customerId=7195320&model_id=0&APPPackage=com.hisense.hicloud.edca&PFAPPCode=652&APPVersionName=3.0.0.9.00&ChannelId=0&softwareVersion=LED50MU8600UC0000888&tv_distribute_id=00&devType=0&APIVersion=600&accessToken=72DF6038D2AEAB8A76DFBBBBCC428A4A_000013199806651
07-05 22:01:45.830 I/BaseContentFragment(16448): activity onResume
07-05 22:01:45.830 D/HttpHandler(16448): VerifySignInterCeptor-->request.url()=http://api.edu.hismarttv.com/usercenter/api/checkAccount?uuid=13287129&mac=a8:a6:48:18:fc:a8&devid=86100300900000500000060a4818fca8&version=00.002.003&subscriberId=13287129&customerId=7195320&model_id=0&APPPackage=com.hisense.hicloud.edca&PFAPPCode=652&APPVersionName=3.0.0.9.00&ChannelId=0&softwareVersion=LED50MU8600UC0000888&tv_distribute_id=00&devType=0&APIVersion=600&accessToken=72DF6038D2AEAB8A76DFBBBBCC428A4A_000013199806651
07-05 22:01:45.830 D/HttpHandler(16448): VerifySignInterCeptor-->hostname=api.edu.hismarttv.com
07-05 22:01:45.831 D/HttpHandler(16448): HttpDNS-->hostname=api.edu.hismarttv.com
07-05 22:01:45.832 D/HttpHandler(16448): RAMCache-->hostInfo.getClientTimeStamp()=12144184
07-05 22:01:45.832 D/HttpHandler(16448): RAMCache-->hostInfo.getTtl()=3600
07-05 22:01:45.832 D/HttpHandler(16448): RAMCache-->SystemClock.elapsedRealtime()=12147404
07-05 22:01:45.836 D/HttpHandler(16448): DNSHelper-->gslbDns=["123.103.91.123"]
07-05 22:01:45.836 V/WindowManager( 1733): Adding window Window{25639ab1 u0 com.hisense.hicloud.edca/com.hisense.tvui.newhome.HomeMainActivity} at 11 of 19 (after Window{281ecbc5 u0 com.hisense.hicloud.edca/com.hisense.hicloud.edca.activity.EntryActivity})
07-05 22:01:45.845 V/PackageManager( 1733): getPackageInfo com.hisense.hicloud.edca: Package{3fb3f3a1 com.hisense.hicloud.edca}
07-05 22:01:45.845 D/OkHttp  (16448): <-- 200 OK http://api.edu.hismarttv.com/payment/api/order/getValidOrders?start=0&rows=1000&accessToken=72DF6038D2AEAB8A76DFBBBBCC428A4A_000013199806651&customerId=7195320&devType=0&devid=86100300900000500000060a4818fca8&valid=1&sign=9ce32dce0731e55cfc5bf8c35ae4982a&uuid=13287129&mac=a8:a6:48:18:fc:a8&version=00.002.003&subscriberId=13287129&model_id=0&APPPackage=com.hisense.hicloud.edca&PFAPPCode=652&APPVersionName=3.0.0.9.00&ChannelId=0&softwareVersion=LED50MU8600UC0000888&tv_distribute_id=00&APIVersion=600 (44ms)
07-05 22:01:45.845 D/OkHttp  (16448): Server: nginx
07-05 22:01:45.845 D/OkHttp  (16448): Date: Wed, 05 Jul 2017 14:01:45 GMT
07-05 22:01:45.845 D/OkHttp  (16448): Content-Type: application/json
07-05 22:01:45.845 D/OkHttp  (16448): Content-Length: 240
07-05 22:01:45.845 D/OkHttp  (16448): Connection: close
07-05 22:01:45.845 D/OkHttp  (16448): <-- END HTTP
07-05 22:01:45.846 D/SUSLog  (16448): packageName=com.hisense.hicloud.edca
07-05 22:01:45.846 D/SUSLog  (16448): versionCode=652
07-05 22:01:45.846 D/SUSLog  (16448): versionName=3.0.0.9.00
07-05 22:01:45.847 D/HttpHandler(16448): RetryIntercepter-->retryNum=0
07-05 22:01:45.847 D/HttpHandler(16448): RetryIntercepter-->backoffmutiplier=0
07-05 22:01:45.847 D/SUSLog  (16448): CheckAppUpdateService>>localVersionCode=652upgradeVersionCode=0 sLogLevel = 0
07-05 22:01:45.847 D/SUSLog  (16448): CheckAppUpdateService>>first update~
07-05 22:01:45.849 D/HttpHandler(16448): VerifySignInterCeptor-->dateType=1
07-05 22:01:45.849 D/HttpHandler(16448): VerifySignInterCeptor-->HttpRequestManager.httpClietOption.getVerifyFlag()=1
07-05 22:01:45.850 D/HttpHandler(16448): VerifySignInterCeptor-->content={"medias": [], "total": 0, "vips": [], "members": []}
07-05 22:01:45.859 D/SUSLog  (16448): CheckAppUpdateService>>upgradePath = /data/data/com.hisense.hicloud.edca/files/appupdate/
07-05 22:01:45.859 D/SUSLog  (16448): AppUpdateUtilTag>>file not exist
07-05 22:01:45.859 D/SUSLog  (16448): CheckAppUpdateService>>checkAppUpgrade token = 72DF6038D2AEAB8A76DFBBBBCC428A4A_000013199806651 domainName = api.hismarttv.com appUpdateInfo = tv.hitv.android.appupdate.bean.AppUpdateInfo@72e2fdf
07-05 22:01:45.861 D/OkHttp  (16448): --> GET http://api.edu.hismarttv.com/usercenter/api/checkAccount?uuid=13287129&mac=a8:a6:48:18:fc:a8&devid=86100300900000500000060a4818fca8&version=00.002.003&subscriberId=13287129&customerId=7195320&model_id=0&APPPackage=com.hisense.hicloud.edca&PFAPPCode=652&APPVersionName=3.0.0.9.00&ChannelId=0&softwareVersion=LED50MU8600UC0000888&tv_distribute_id=00&devType=0&APIVersion=600&accessToken=72DF6038D2AEAB8A76DFBBBBCC428A4A_000013199806651 http/1.1
07-05 22:01:45.861 D/OkHttp  (16448): Data_Type: JSON
07-05 22:01:45.861 D/OkHttp  (16448): RetryTime: 0
07-05 22:01:45.861 D/OkHttp  (16448): Backoffmutiplier: 0
07-05 22:01:45.861 D/OkHttp  (16448): Host: api.edu.hismarttv.com
07-05 22:01:45.861 D/OkHttp  (16448): Connection: Keep-Alive
07-05 22:01:45.861 D/OkHttp  (16448): Accept-Encoding: gzip
07-05 22:01:45.861 D/OkHttp  (16448): User-Agent: okhttp/3.6.0
07-05 22:01:45.861 D/OkHttp  (16448): --> END GET
07-05 22:01:45.863 D/TabView (16448): 
07-05 22:01:45.892 D/TabView (16448): 
07-05 22:01:45.897 D/OkHttp  (16448): <-- 200 OK http://api.edu.hismarttv.com/usercenter/api/checkAccount?uuid=13287129&mac=a8:a6:48:18:fc:a8&devid=86100300900000500000060a4818fca8&version=00.002.003&subscriberId=13287129&customerId=7195320&model_id=0&APPPackage=com.hisense.hicloud.edca&PFAPPCode=652&APPVersionName=3.0.0.9.00&ChannelId=0&softwareVersion=LED50MU8600UC0000888&tv_distribute_id=00&devType=0&APIVersion=600&accessToken=72DF6038D2AEAB8A76DFBBBBCC428A4A_000013199806651 (35ms)
07-05 22:01:45.897 D/OkHttp  (16448): Server: nginx
07-05 22:01:45.897 D/OkHttp  (16448): Date: Wed, 05 Jul 2017 14:01:45 GMT
07-05 22:01:45.897 D/OkHttp  (16448): Content-Type: application/json
07-05 22:01:45.897 D/OkHttp  (16448): Content-Length: 204
07-05 22:01:45.897 D/OkHttp  (16448): Connection: close
07-05 22:01:45.897 D/OkHttp  (16448): <-- END HTTP
07-05 22:01:45.899 D/HttpHandler(16448): RetryIntercepter-->retryNum=0
07-05 22:01:45.899 D/HttpHandler(16448): RetryIntercepter-->backoffmutiplier=0
07-05 22:01:45.900 D/TabView (16448): 
07-05 22:01:45.901 D/HttpHandler(16448): VerifySignInterCeptor-->dateType=1
07-05 22:01:45.901 D/HttpHandler(16448): VerifySignInterCeptor-->HttpRequestManager.httpClietOption.getVerifyFlag()=1
07-05 22:01:45.902 D/HttpHandler(16448): VerifySignInterCeptor-->content={"success": true}
07-05 22:01:45.903 D/TabView (16448): 
07-05 22:01:45.907 D/TabView (16448): 
07-05 22:01:45.913 D/TabView (16448): 
07-05 22:01:45.916 D/TabView (16448): 
07-05 22:01:45.925 D/TabView (16448): 
07-05 22:01:45.927 D/TabView (16448): 
07-05 22:01:45.930 D/TabView (16448): 
07-05 22:01:45.932 D/TabView (16448): 
07-05 22:01:45.933 D/TabView (16448): 
07-05 22:01:45.941 D/TabView (16448): 
07-05 22:01:45.945 D/TabView (16448): 
07-05 22:01:45.946 D/TabView (16448): 
07-05 22:01:45.949 D/TabView (16448): 
07-05 22:01:45.955 I/MyFragmentStateAdapter(16448): getCount
07-05 22:01:45.955 I/MyFragmentStateAdapter(16448): getItem: 2
07-05 22:01:45.955 I/SoftFragmentList(16448): fetchCacheFragment  enter ---- index = 2
07-05 22:01:45.955 D/SoftFragmentList(16448): fetchCacheFragment  mFragmentCache.size() = 0
07-05 22:01:45.955 E/SoftFragmentList(16448): fetchCacheView  return null
07-05 22:01:45.957 I/SoftFragmentList(16448): addToCache enter index = 2
07-05 22:01:45.957 D/SoftFragmentList(16448): addToCache  index = 2, size = 1, Fragment = RoleContentFragment
07-05 22:01:45.958 D/BaseContentFragment(16448): setUserVisibleHint() isVisibleToUser = false, last status = false, hasload = false RoleContentFragment
07-05 22:01:45.958 I/BaseContentFragment(16448): hideLoadingView
07-05 22:01:45.958 I/MyFragmentStateAdapter(16448): getItem: 1
07-05 22:01:45.958 I/SoftFragmentList(16448): fetchCacheFragment  enter ---- index = 1
07-05 22:01:45.958 D/SoftFragmentList(16448): fetchCacheFragment  mFragmentCache.size() = 1
07-05 22:01:45.958 E/SoftFragmentList(16448): fetchCacheView  return null
07-05 22:01:45.960 I/SoftFragmentList(16448): addToCache enter index = 1
07-05 22:01:45.960 D/SoftFragmentList(16448): addToCache  index = 1, size = 2, Fragment = UserCenterFragment
07-05 22:01:45.960 I/UserCenterFragment(16448): setUserVisibleHint befor=false,now=false,mDataChange=false,hasloadDatafalse
07-05 22:01:45.960 D/BaseContentFragment(16448): setUserVisibleHint() isVisibleToUser = false, last status = false, hasload = false UserCenterFragment
07-05 22:01:45.960 I/BaseContentFragment(16448): hideLoadingView
07-05 22:01:45.960 I/MyFragmentStateAdapter(16448): getItem: 3
07-05 22:01:45.960 I/SoftFragmentList(16448): fetchCacheFragment  enter ---- index = 3
07-05 22:01:45.960 D/SoftFragmentList(16448): fetchCacheFragment  mFragmentCache.size() = 2
07-05 22:01:45.960 E/SoftFragmentList(16448): fetchCacheView  return null
07-05 22:01:45.960 I/SoftFragmentList(16448): addToCache enter index = 3
07-05 22:01:45.961 D/SoftFragmentList(16448): addToCache  index = 3, size = 3, Fragment = RoleContentFragment
07-05 22:01:45.961 D/BaseContentFragment(16448): setUserVisibleHint() isVisibleToUser = false, last status = false, hasload = false RoleContentFragment
07-05 22:01:45.961 I/BaseContentFragment(16448): hideLoadingView
07-05 22:01:45.961 I/MyFragmentStateAdapter(16448): getCount
07-05 22:01:45.961 D/BaseContentFragment(16448): setUserVisibleHint() isVisibleToUser = true, last status = false, hasload = false RoleContentFragment
07-05 22:01:45.961 I/BaseContentFragment(16448): tryVisibleAndCreateView: visible status = true, hasload = false, mIsViewInit = false, mTrimLevel = 0,isFirst = true RoleContentFragment
07-05 22:01:45.961 I/RoleContentFragment(16448): setBackGround ,isVisible=true,hasload=false
07-05 22:01:45.961 I/Util    (16448): memory : total=1912,limit=1024
07-05 22:01:45.962 I/BaseContentFragment(16448): onAttach RoleContentFragment
07-05 22:01:45.963 I/BaseContentFragment(16448): onCreate RoleContentFragment
07-05 22:01:45.963 I/BasePresenter(16448): attachView(): isVisibleToUser = true, mViewTag = RoleContentFragment645677202
07-05 22:01:45.964 I/BaseContentFragment(16448): onAttach UserCenterFragment
07-05 22:01:45.964 I/BaseContentFragment(16448): onCreate UserCenterFragment
07-05 22:01:45.965 I/BasePresenter(16448): attachView(): isVisibleToUser = false, mViewTag = UserCenterFragment
07-05 22:01:45.969 I/MiSysSrv( 1214): [37m[INFO] Change to Voltage: 117 mv (0x32)[m
07-05 22:01:45.972 I/BaseContentFragment(16448): onAttach RoleContentFragment
07-05 22:01:45.972 I/BaseContentFragment(16448): onCreate RoleContentFragment
07-05 22:01:45.972 I/BasePresenter(16448): attachView(): isVisibleToUser = false, mViewTag = RoleContentFragment205781973
07-05 22:01:45.977 I/BaseContentFragment(16448): onCreateView true, 
07-05 22:01:46.013 I/MyFragmentStateAdapter(16448): getCount
07-05 22:01:46.019 I/BaseContentFragment(16448): onViewCreated
07-05 22:01:46.019 I/BasePresenter(16448): setUserVisibleHint(): isVisibleToUser = true RoleContentFragment645677202
07-05 22:01:46.019 I/BaseContentFragment(16448): tryVisibleAndCreateView: visible status = true, hasload = false, mIsViewInit = true, mTrimLevel = 0,isFirst = true 
07-05 22:01:46.019 I/BaseContentFragment(16448): onVisibleAndAttach: lazyLoadData
07-05 22:01:46.019 I/RoleContentFragment(16448): setBackGround ,isVisible=true,hasload=false
07-05 22:01:46.019 I/Util    (16448): memory : total=1912,limit=1024
07-05 22:01:46.020 I/BaseContentFragment(16448): onActivityCreated 
07-05 22:01:46.021 I/BaseContentFragment(16448): onStart 
07-05 22:01:46.037 I/BaseContentFragment(16448): onResume 
07-05 22:01:46.037 E/UserCenterFragment(16448): onCreateView
07-05 22:01:46.038 I/BaseContentFragment(16448): onCreateView false, UserCenterFragment
07-05 22:01:46.042 I/BaseContentFragment(16448): onViewCreatedUserCenterFragment
07-05 22:01:46.042 I/BasePresenter(16448): setUserVisibleHint(): isVisibleToUser = false UserCenterFragment
07-05 22:01:46.042 I/BaseContentFragment(16448): tryVisibleAndCreateView: visible status = false, hasload = false, mIsViewInit = true, mTrimLevel = 0,isFirst = true UserCenterFragment
07-05 22:01:46.044 I/BaseContentFragment(16448): onActivityCreated UserCenterFragment
07-05 22:01:46.044 I/BaseContentFragment(16448): onCreateView false, 0-2
07-05 22:01:46.046 I/BaseContentFragment(16448): onViewCreated0-2
07-05 22:01:46.046 I/BasePresenter(16448): setUserVisibleHint(): isVisibleToUser = false RoleContentFragment205781973
07-05 22:01:46.046 I/BaseContentFragment(16448): tryVisibleAndCreateView: visible status = false, hasload = false, mIsViewInit = true, mTrimLevel = 0,isFirst = true 0-2
07-05 22:01:46.046 I/RoleContentFragment(16448): setBackGround ,isVisible=false,hasload=false
07-05 22:01:46.046 I/Util    (16448): memory : total=1912,limit=1024
07-05 22:01:46.051 I/BaseContentFragment(16448): onActivityCreated 0-2
07-05 22:01:46.052 I/BaseContentFragment(16448): onStart UserCenterFragment
07-05 22:01:46.056 I/BaseContentFragment(16448): onResume UserCenterFragment
07-05 22:01:46.057 I/BaseContentFragment(16448): onStart 0-2
