07-05 22:17:03.429 E/MiDispoutService( 1465): MiDispoutClose, 352, RES Handle = 10092544 
07-05 22:17:03.445 V/RMClient( 1204): #152:RMClient::returnAllResourcesAsync
07-05 22:17:03.445 V/RMClient( 1204): #152:onMessageReceived cret
07-05 22:17:03.445 V/RMClient( 1204): #152:kWhatCmdReturnAllResources
07-05 22:17:03.445 V/RMAllocator( 1198): Deallocating resources for #152
07-05 22:17:03.445 V/RMAllocator( 1198): ~ClientInfo
07-05 22:17:03.445 I/RMAllocator( 1198): ~ClientInfo this=2382671456,mRMClient=2378240064. id=152
07-05 22:17:03.445 V/RMClient( 1204): #152:Done
07-05 22:17:03.445 W/RMAllocator( 1198): returnAllResourcesFor: not registered, nothing to do
07-05 22:17:03.445 V/RMClient( 1204): #152:handleEvent lret
07-05 22:17:03.445 V/RMClient( 1204): #152:onMessageReceived lret
07-05 22:17:03.445 V/RMClient( 1204): #152:kWhatAllResourcesReturned
07-05 22:17:03.445 D/vsyncbridge( 1204): handleAllResourcesReturned mOverlayID=0
07-05 22:17:03.445 V/RMClient( 1204): #152:Done
07-05 22:17:03.468 E/BufferQueueProducer( 1204): [SurfaceView] disconnect(P): connected to another API (cur=0 req=3)
07-05 22:17:03.468 W/MediaPlayerService( 1206): native_window_api_disconnect returned an error: Invalid argument (-22)
07-05 22:17:03.468 V/NuPlayer( 1206): NuPlayer::~NuPlayer ---- Enter ...
07-05 22:17:03.468 V/RMClient( 1206): #283:~RMClient
07-05 22:17:03.468 V/RMClient( 1206): #283:RMClient::returnAllResourcesAsync
07-05 22:17:03.469 I/NuPlayer( 1206): NuPlayerRMClientListener::~NuPlayerRMClientListener
07-05 22:17:03.469 V/RMClientListener( 1206): ~RMClientListener
07-05 22:17:03.469 V/AudioFlinger( 1206): releasing 459 from 24676 for -1
07-05 22:17:03.469 V/AudioFlinger( 1206):  decremented refcount to 1
07-05 22:17:03.469 V/AudioFlinger( 1206): removeClient_l() pid 1206, calling pid 1206
07-05 22:17:03.469 V/AudioPolicyManager( 1206): releaseOutput() 2
07-05 22:17:03.469 D/Carousel-log_video-(24676): onStopPlay!
07-05 22:17:03.470 D/Carousel-log_video-(24676): submitPlayStopLog mLogPlayState:2
07-05 22:17:03.470 D/Carousel-log_video-(24676): reportCarouselPlayLog play stop.
07-05 22:17:03.470 V/AudioFlinger( 1206): releasing 459 from 1206 for 24676
07-05 22:17:03.470 D/Carousel-log_video-(24676): ==Play stoped log from bufferend:stop,normal,duration:9357
07-05 22:17:03.470 V/AudioFlinger( 1206):  decremented refcount to 0
07-05 22:17:03.470 V/AudioFlinger( 1206): purging stale effects
07-05 22:17:03.470 D/Carousel-log_(24676): ===(Main-Video-278002)-{srccolumnid=3, eventType=278, srcgroupid=10001, appversionname=2.0.0.6, srctabid=0, duration=9357, license=hisense, eventcode=278002, deviceid=86100300900000500000060a4818fca8, mediaid=351, eventPos=002, sessionid=e305d81a41004c7cb92c9a1616e5a6c9, srcpackagename=com.hisense.hicloud.edca, subscriberid=13287129, playactionuuid=0cf77672-8413-4d68-a073-a6d3e6e73732, version=2.1, devicemsg=LED50MU8600UC0000888, isall=0, customerid=7195320, srcrowid=0, srceventcode=280000}
07-05 22:17:03.470 W/MediaPlayer(24676): mediaplayer went away with unhandled events
07-05 22:17:03.476 W/System.err(24676): java.net.ConnectException: failed to connect to /10.18.210.112 (port 8900) after 6000ms: isConnected failed: ECONNREFUSED (Connection refused)
07-05 22:17:03.477 W/System.err(24676): 	at libcore.io.IoBridge.isConnected(IoBridge.java:238)
07-05 22:17:03.477 W/System.err(24676): 	at libcore.io.IoBridge.connectErrno(IoBridge.java:171)
07-05 22:17:03.477 W/System.err(24676): 	at libcore.io.IoBridge.connect(IoBridge.java:122)
07-05 22:17:03.477 W/System.err(24676): 	at java.net.PlainSocketImpl.connect(PlainSocketImpl.java:183)
07-05 22:17:03.477 W/System.err(24676): 	at java.net.PlainSocketImpl.connect(PlainSocketImpl.java:456)
07-05 22:17:03.477 W/System.err(24676): 	at java.net.Socket.connect(Socket.java:882)
07-05 22:17:03.477 W/System.err(24676): 	at com.android.okhttp.internal.Platform.connectSocket(Platform.java:174)
07-05 22:17:03.477 W/System.err(24676): 	at com.android.okhttp.Connection.connect(Connection.java:152)
07-05 22:17:03.477 W/System.err(24676): 	at com.android.okhttp.internal.http.HttpEngine.connect(HttpEngine.java:276)
07-05 22:17:03.477 W/System.err(24676): 	at com.android.okhttp.internal.http.HttpEngine.sendRequest(HttpEngine.java:211)
07-05 22:17:03.477 W/System.err(24676): 	at com.android.okhttp.internal.http.HttpURLConnectionImpl.execute(HttpURLConnectionImpl.java:382)
07-05 22:17:03.477 W/System.err(24676): 	at com.android.okhttp.internal.http.HttpURLConnectionImpl.connect(HttpURLConnectionImpl.java:106)
07-05 22:17:03.477 W/System.err(24676): 	at com.hisense.hitv.hicloud.util.ExceptionReport.a(ExceptionReport.java:337)
07-05 22:17:03.477 W/System.err(24676): 	at com.hisense.hitv.hicloud.util.ExceptionReport.a(ExceptionReport.java:39)
07-05 22:17:03.477 W/System.err(24676): 	at com.hisense.hitv.hicloud.util.ExceptionReport$1.run(ExceptionReport.java:83)
07-05 22:17:03.477 W/System.err(24676): 	at java.lang.Thread.run(Thread.java:818)
07-05 22:17:03.477 W/System.err(24676): Caused by: android.system.ErrnoException: isConnected failed: ECONNREFUSED (Connection refused)
07-05 22:17:03.477 W/System.err(24676): 	at libcore.io.IoBridge.isConnected(IoBridge.java:223)
07-05 22:17:03.477 W/System.err(24676): 	... 15 more
07-05 22:17:03.490 I/MyFragmentStateAdapter(24676): getCount
07-05 22:17:03.490 I/MyFragmentStateAdapter(24676): getCount
07-05 22:17:03.490 I/MyFragmentStateAdapter(24676): getCount
07-05 22:17:03.490 I/MyFragmentStateAdapter(24676): getCount
07-05 22:17:03.490 I/SurfaceFlinger( 1204): the layer SurfaceView is used to close xc and zorder is smallerest! clear region
07-05 22:17:03.492 I/NetflixMonitorService( 1733): current fgapk : com.hisense.hicloud.edca
07-05 22:17:03.492 I/NetflixMonitorService( 1733): Netflix status unchanged
07-05 22:17:03.498 I/MyFragmentStateAdapter(24676): getCount
07-05 22:17:03.506 I/MyFragmentStateAdapter(24676): getCount
07-05 22:17:03.507 I/MyFragmentStateAdapter(24676): getCount
07-05 22:17:03.507 I/MyFragmentStateAdapter(24676): getCount
07-05 22:17:03.507 I/MyFragmentStateAdapter(24676): getCount
07-05 22:17:03.507 I/SurfaceFlinger( 1204): the layer SurfaceView is used to close xc and zorder is smallerest! clear region
07-05 22:17:03.520 I/MyFragmentStateAdapter(24676): getCount
07-05 22:17:03.529 I/MyFragmentStateAdapter(24676): getCount
07-05 22:17:03.529 I/MyFragmentStateAdapter(24676): getCount
07-05 22:17:03.529 I/MyFragmentStateAdapter(24676): getCount
07-05 22:17:03.529 I/MyFragmentStateAdapter(24676): getCount
07-05 22:17:03.535 I/MyFragmentStateAdapter(24676): getCount
07-05 22:17:03.541 I/SurfaceFlinger( 1204): the layer SurfaceView is used to close xc and zorder is smallerest! clear region
07-05 22:17:03.557 I/MyFragmentStateAdapter(24676): getCount
07-05 22:17:03.557 I/MyFragmentStateAdapter(24676): getCount
07-05 22:17:03.557 I/MyFragmentStateAdapter(24676): getCount
07-05 22:17:03.557 I/MyFragmentStateAdapter(24676): getCount
07-05 22:17:03.557 I/SurfaceFlinger( 1204): the layer SurfaceView is used to close xc and zorder is smallerest! clear region
07-05 22:17:03.563 I/MyFragmentStateAdapter(24676): getCount
07-05 22:17:03.569 I/MiSysSrv( 1214): [37m[INFO] Change to Voltage: 102 mv (0x23)[m
07-05 22:17:03.571 I/MyFragmentStateAdapter(24676): getCount
07-05 22:17:03.575 I/SurfaceFlinger( 1204): the layer SurfaceView is used to close xc and zorder is smallerest! clear region
07-05 22:17:03.591 I/SurfaceFlinger( 1204): the layer SurfaceView is used to close xc and zorder is smallerest! clear region
07-05 22:17:03.608 I/SurfaceFlinger( 1204): the layer SurfaceView is used to close xc and zorder is smallerest! clear region
07-05 22:17:03.624 I/SurfaceFlinger( 1204): the layer SurfaceView is used to close xc and zorder is smallerest! clear region
07-05 22:17:03.638 I/TVMW@HsTvSetting( 1234): Trace cmd, data = 0x1058
07-05 22:17:03.639 D/til@system( 2026): til_get_system_param option:100002F int:0, bool:0, ret:0
07-05 22:17:03.639 I/TVMW@HsTvSetting( 1234): Trace cmd, data = 0x101f
07-05 22:17:03.639 D/til@system( 2026): til_get_system_param option:100001D int:3, bool:3, ret:0
07-05 22:17:03.639 E/til     ( 2026): [til_get_current_input_source, 101] 
07-05 22:17:03.639 I/TVMW@HsTvSetting( 1234): Trace cmd, data = 0x7007
07-05 22:17:03.639 I/tilwrapper@sm( 2026): HS2TIL_SourceType *hs=0xd, *til=0x900
07-05 22:17:03.639 D/til     ( 2026): get current source 2304
07-05 22:17:03.639 D/SourceRemoteServiceHandler( 2026): getCurrentInputSource.from.til.result is 0, value is 2304
07-05 22:17:03.639 D/SourceRemoteServiceHandler( 2026): getInputSourceType source: 0x900, type=2304
07-05 22:17:03.640 D/til     ( 2026): ###### func:til_get_picture_param option:0x3000006 ######  
07-05 22:17:03.640 I/TVMW@HsTvSetting( 1234): Trace cmd, data = 0x1003
07-05 22:17:03.641 I/TVMW@HsTvSetting( 1234): Trace cmd, data = 0x8032
07-05 22:17:03.641 I/hstvos  ( 1216): [0m[1;33m[HSHAL][HS_VIDEO][HS_HAL_Video_SetOsdDetect_v2][2389]u16Threshold = 20
07-05 22:17:03.642 I/SurfaceFlinger( 1204): the layer SurfaceView is used to close xc and zorder is smallerest! clear region
07-05 22:17:03.642 I/MiSysSrv( 1214): Not support now! 42, change to mm_video!!!
07-05 22:17:03.643 E/TVMW@videoctrl( 1234):  getOsd is 1
07-05 22:17:03.643 D/til@system( 2026): til_get_system_param option:1000027 int:1, bool:1, ret:0
07-05 22:17:03.644 D/til     ( 2026): ###### func:til_get_picture_param option:0x3000045 ######  
07-05 22:17:03.644 I/TVMW@HsTvSetting( 1234): Trace cmd, data = 0x300c
07-05 22:17:03.644 I/TVMW@HsTvSetting( 1234): Trace 3d, data = 0x300c
07-05 22:17:03.644 I/TVMW@3d ( 1234): Hs_debug3d_trace: func:get3dStatus, line:109
07-05 22:17:03.669 I/SurfaceFlinger( 1204): the layer SurfaceView is used to close xc and zorder is smallerest! clear region
07-05 22:17:03.670 I/MiSysSrv( 1214): [37m[INFO] Change to Voltage: 102 mv (0x23)[m
07-05 22:17:03.689 I/SurfaceFlinger( 1204): the layer SurfaceView is used to close xc and zorder is smallerest! clear region
07-05 22:17:03.706 I/SurfaceFlinger( 1204): the layer SurfaceView is used to close xc and zorder is smallerest! clear region
07-05 22:17:03.724 I/SurfaceFlinger( 1204): the layer SurfaceView is used to close xc and zorder is smallerest! clear region
07-05 22:17:03.741 E/btif_config( 2964): [btif_config_get] node is TRUE!
07-05 22:17:03.741 E/btif_config( 2964): [btif_config_get] ret is TRUE!
07-05 22:17:03.750 I/SurfaceFlinger( 1204): the layer SurfaceView is used to close xc and zorder is smallerest! clear region
07-05 22:17:03.768 I/SurfaceFlinger( 1204): the layer SurfaceView is used to close xc and zorder is smallerest! clear region
07-05 22:17:03.787 I/SurfaceFlinger( 1204): the layer SurfaceView is used to close xc and zorder is smallerest! clear region
07-05 22:17:03.805 I/SurfaceFlinger( 1204): the layer SurfaceView is used to close xc and zorder is smallerest! clear region
07-05 22:17:03.814 I/MyFragmentStateAdapter(24676): getCount
07-05 22:17:03.829 I/SurfaceFlinger( 1204): the layer SurfaceView is used to close xc and zorder is smallerest! clear region
07-05 22:17:03.845 I/MyFragmentStateAdapter(24676): getCount
07-05 22:17:03.850 I/SurfaceFlinger( 1204): the layer SurfaceView is used to close xc and zorder is smallerest! clear region
07-05 22:17:03.867 I/SurfaceFlinger( 1204): the layer SurfaceView is used to close xc and zorder is smallerest! clear region
07-05 22:17:03.879 D/GlobalInputEventMonitoringService( 1733): interceptKeyBeforeQueueing(), event:23, mNeedMonitorKeyEvent:true, mWaitForKeyUpEvent:false
07-05 22:17:03.880 D/GlobalInputEventMonitoringService( 1733): processKeyEvent(), processKeyEvent event:23
07-05 22:17:03.880 D/WindowManager( 1733): interceptKeyTq keycode=23 interactive=true keyguardActive=false policyFlags=2b000000 isCancled= false
07-05 22:17:03.880 D/PowerManagerService( 1733): userActivityNoUpdateLocked: eventTime=13065449, event=1, flags=0x0, uid=1000
07-05 22:17:03.880 D/WindowManager( 1733): interceptKeyTi keyCode=23 down=true repeatCount=0 keyguardOn=false mHomePressed=false canceled=false
07-05 22:17:03.880 D/WindowManager( 1733): Hisense systemkey event: 23
07-05 22:17:03.880 D/HisenseGlobalKeyManager( 1733): handleGlobalKey() : Global event = KeyEvent { action=ACTION_DOWN, keyCode=KEYCODE_DPAD_CENTER, scanCode=0, metaState=0, flags=0x0, repeatCount=0, eventTime=13065449, downTime=13065449, deviceId=-1, source=0x101 }
07-05 22:17:03.880 V/HisenseGlobalKeyManager( 1733): processKeypadCenterDown()
07-05 22:17:03.880 I/HisenseGlobalKeyManager( 1733): isOriginalKeypadCenter() : false
07-05 22:17:03.880 V/HisenseGlobalKeyManager( 1733): fromKeypad() : false
07-05 22:17:03.880 V/HisenseGlobalKeyManager( 1733): isModifiedKeypadCenter() : false
07-05 22:17:03.880 W/HisenseGlobalKeyManager( 1733): processKeypadCenterDown() : unknown D_PAD_CENTER
07-05 22:17:03.880 V/HisenseGlobalKeyManager( 1733): processKeypadCenterDown() : result = false
07-05 22:17:03.881 I/MyFragmentStateAdapter(24676): getCount
07-05 22:17:03.887 I/SurfaceFlinger( 1204): the layer SurfaceView is used to close xc and zorder is smallerest! clear region
07-05 22:17:03.904 D/SogouIME( 2203): [onKeyDown] keycode = 23 model = VIDAA_TV
07-05 22:17:03.904 I/SurfaceFlinger( 1204): the layer SurfaceView is used to close xc and zorder is smallerest! clear region
07-05 22:17:03.906 D/Carousel-CarouselDisplayPlayerLayout(24676): HasFocus:false,keyCode:23
07-05 22:17:03.906 D/Carousel-CarouselDisplayPlayerLayout(24676): isFullScreen:false
07-05 22:17:03.906 I/HomeMainActivity(24676): carousel handle key:false
07-05 22:17:03.906 I/MainHomeView(24676): dispatchKeyEvent ACTION_DOWN now 
07-05 22:17:03.908 D/GlobalInputEventMonitoringService( 1733): interceptKeyBeforeQueueing(), event:23, mNeedMonitorKeyEvent:true, mWaitForKeyUpEvent:false
07-05 22:17:03.908 D/GlobalInputEventMonitoringService( 1733): processKeyEvent(), processKeyEvent event:23
07-05 22:17:03.908 D/WindowManager( 1733): interceptKeyTq keycode=23 interactive=true keyguardActive=false policyFlags=2b000000 isCancled= false
07-05 22:17:03.909 D/WindowManager( 1733): interceptKeyTi keyCode=23 down=false repeatCount=0 keyguardOn=false mHomePressed=false canceled=false
07-05 22:17:03.909 D/WindowManager( 1733): Hisense systemkey event: 23
07-05 22:17:03.909 D/HisenseGlobalKeyManager( 1733): handleGlobalKey() : Global event = KeyEvent { action=ACTION_UP, keyCode=KEYCODE_DPAD_CENTER, scanCode=0, metaState=0, flags=0x0, repeatCount=0, eventTime=13065449, downTime=13065449, deviceId=-1, source=0x101 }
07-05 22:17:03.909 V/HisenseGlobalKeyManager( 1733): processKeypadCenterUp()
07-05 22:17:03.909 I/HisenseGlobalKeyManager( 1733): isOriginalKeypadCenter() : false
07-05 22:17:03.909 V/HisenseGlobalKeyManager( 1733): fromKeypad() : false
07-05 22:17:03.909 V/HisenseGlobalKeyManager( 1733): isModifiedKeypadCenter() : false
07-05 22:17:03.909 V/HisenseGlobalKeyManager( 1733): processKeypadCenterUp() : result = false
07-05 22:17:03.914 I/MyFragmentStateAdapter(24676): getCount
07-05 22:17:03.922 E/btif_config( 2964): [btif_config_get] node is TRUE!
07-05 22:17:03.922 E/btif_config( 2964): [btif_config_get] ret is TRUE!
07-05 22:17:03.931 D/Carousel-CarouselDisplayPlayerLayout(24676): HasFocus:false,keyCode:23
07-05 22:17:03.931 D/Carousel-CarouselDisplayPlayerLayout(24676): isFullScreen:false
07-05 22:17:03.931 I/HomeMainActivity(24676): carousel handle key:false
07-05 22:17:03.933 V/PackageManager( 1733): getPackageInfo com.hisense.hicloud.edca: Package{3fb3f3a1 com.hisense.hicloud.edca}
07-05 22:17:03.946 D/GetInItDataUtil(24676): turn to detail ,if is trailer.position is : 0
07-05 22:17:03.950 D/TileTransitionManager( 1733): getActivityContainer not enter cts mode
07-05 22:17:03.951 D/JamdeoActivityStackSupervisor( 1733): get currentSiloName
07-05 22:17:03.951 I/ActivityManager( 1733): START u0 {flg=0x14000000 cmp=com.hisense.hicloud.edca/.mediaplayer.activity.DetailPlayActivity (has extras)} from uid 10010 on display 0
07-05 22:17:03.952 D/OsdMonitorService( 1733): mCurrentWindow = com.hisense.hicloud.edca/com.hisense.tvui.newhome.HomeMainActivity; newWindow = com.hisense.hicloud.edca/com.hisense.tvui.newhome.HomeMainActivity; isSubWindow = false; isInWinList = false; isExitNow = false
07-05 22:17:03.952 D/OsdMonitorService( 1733): windowNotOsd() : name = com.hisense.hicloud.edca/com.hisense.tvui.newhome.HomeMainActivity
07-05 22:17:03.952 I/OsdMonitorService( 1733): setOsdStatus() : status will change from true to true
07-05 22:17:03.953 D/PowerManagerService( 1733): setScreenBrightnessOverrideFromWindowManagerInternal done
07-05 22:17:03.954 D/OsdMonitorService( 1733): mCurrentWindow = com.hisense.hicloud.edca/com.hisense.tvui.newhome.HomeMainActivity; newWindow = com.hisense.hicloud.edca/com.hisense.tvui.newhome.HomeMainActivity; isSubWindow = false; isInWinList = false; isExitNow = false
07-05 22:17:03.954 D/OsdMonitorService( 1733): windowNotOsd() : name = com.hisense.hicloud.edca/com.hisense.tvui.newhome.HomeMainActivity
07-05 22:17:03.954 I/OsdMonitorService( 1733): setOsdStatus() : status will change from true to true
07-05 22:17:03.955 D/PowerManagerService( 1733): setScreenBrightnessOverrideFromWindowManagerInternal done
07-05 22:17:03.956 V/WindowManager( 1733): addAppToken: AppWindowToken{394afa5 token=Token{379a699c ActivityRecord{511850f u0 com.hisense.hicloud.edca/.mediaplayer.activity.DetailPlayActivity t5244}}} to stack=138 task=5244 at 1
07-05 22:17:03.957 I/UsageStatsService( 1733): paused component:com.hisense.hicloud.edca
07-05 22:17:03.957 V/UsageStatsService( 1733): Paused: 13065529   Component: com.hisense.hicloud.edca/com.hisense.tvui.newhome.HomeMainActivity   Time: 1499264223957 LastSessionTime: 15033 CumulativeSessionTime: 4837996
07-05 22:17:03.957 D/UsageStatsService( 1733): UsageStats: broadcasting intent
07-05 22:17:03.958 D/UsageStatsService( 1733): User[0] Got usage event for com.hisense.hicloud.edca[1499264223958]: MOVE_TO_BACKGROUND
07-05 22:17:03.958 W/ContextImpl( 1733): Calling a method in the system process without a qualified user: android.app.ContextImpl.sendBroadcast:1327 com.android.server.usage.UsageStatsService.insertUsageStats:1104 com.android.server.usage.UsageStatsService$PkgUsageStatsExtended.updatePause:979 com.android.server.usage.UsageStatsService$LocalService.notePauseComponent:808 com.android.server.am.ActivityManagerService.updateUsageStats:3173 
07-05 22:17:03.959 D/PowerManagerService( 1733): acquireWakeLockInternal: lock=681732318, flags=0x1, tag="ActivityManager-Launch", ws=null, uid=1000, pid=1733
07-05 22:17:03.959 D/PowerManagerNotifier( 1733): onWakeLockAcquired: flags=1, tag="ActivityManager-Launch", packageName=android, ownerUid=1000, ownerPid=1733, workSource=null
07-05 22:17:03.963 I/ReportService( 3281): Intent received, action = android.intent.action.INSERT
07-05 22:17:03.964 I/ReportService( 3281): modelName is VIDAA_TV
07-05 22:17:03.965 E/til     ( 2026): [til_get_current_input_source, 101] 
07-05 22:17:03.966 I/TVMW@HsTvSetting( 1234): Trace cmd, data = 0x7007
07-05 22:17:03.966 I/tilwrapper@sm( 2026): HS2TIL_SourceType *hs=0xd, *til=0x900
07-05 22:17:03.966 D/til     ( 2026): get current source 2304
07-05 22:17:03.966 D/SourceRemoteServiceHandler( 2026): getCurrentInputSource.from.til.result is 0, value is 2304
07-05 22:17:03.966 D/SourceRemoteServiceHandler( 2026): getInputSourceType source: 0x900, type=2304
07-05 22:17:03.966 I/ReportService( 3281): getCurIntputSource2304
07-05 22:17:03.967 E/til     ( 2026): [til_get_current_input_source, 101] 
07-05 22:17:03.967 I/TVMW@HsTvSetting( 1234): Trace cmd, data = 0x7007
07-05 22:17:03.968 I/tilwrapper@sm( 2026): HS2TIL_SourceType *hs=0xd, *til=0x900
07-05 22:17:03.968 D/til     ( 2026): get current source 2304
07-05 22:17:03.968 D/SourceRemoteServiceHandler( 2026): getCurrentInputSource.from.til.result is 0, value is 2304
07-05 22:17:03.968 D/SourceRemoteServiceHandler( 2026): getInputSourceType source: 0x900, type=2304
07-05 22:17:03.969 I/MyFragmentStateAdapter(24676): getCount
07-05 22:17:03.969 I/ReportService( 3281): siloName isnull
07-05 22:17:03.970 V/PackageManager( 1733): getPackageInfo com.hisense.hicloud.edca: Package{3fb3f3a1 com.hisense.hicloud.edca}
07-05 22:17:03.970 I/ReportService( 3281): HiReport string sent out is:1.5|3|86100300900000500000060a4818fca8|1499264208|1499264223|com.hisense.hicloud.edca|3.0.0.9.00|8
07-05 22:17:03.970 W/ReportService( 3281): enter InsertUserBehaviorDataReportTask  mUri = content://com.hisense.hitv.hicloud.log/loginput mContentValues = lastsessiondurationtime=15033 LOGVALUE=1.5|3|86100300900000500000060a4818fca8|1499264208|1499264223|com.hisense.hicloud.edca|3.0.0.9.00|8 operation=P time=1499264223957 package=com.hisense.hicloud.edca cumulativesessiondurationtime=4837996 versioncode=652 lastupdatetime=1499256171569 _id=null type=APPRUN component=com.hisense.tvui.newhome.HomeMainActivity mContext == com.hisense.hireport.ReportService@3a75cda9mType == 95
07-05 22:17:03.971 I/ReportService( 3281): enter doInBackground*****
07-05 22:17:03.983 I/ReportService( 3281): result is content://com.hisense.hitv.hicloud.log/loginput/1
07-05 22:17:03.985 I/ReportService( 3281): enter onPostExecute result is: true
07-05 22:17:03.991 D/Carousel-CarouselView(24676): onActivityPaused, getSimpleName = HomeMainActivity,hashCode=659311542
07-05 22:17:03.991 I/BaseContentFragment(24676): onPause 
07-05 22:17:03.991 I/BaseContentFragment(24676): onPause UserCenterFragment
07-05 22:17:03.991 I/BaseContentFragment(24676): onPause 0-2
07-05 22:17:03.991 I/BaseContentFragment(24676): activity pause
07-05 22:17:03.992 I/CurrentCarouselView(24676): onCarouseControlCarouselControlBean{mShoudScroll=false, mActivityHasResume=false, mActivityHasStop=true, mHasTurnGone=false, mHasTurnVisible=false, mChannelId=-1, mSlideOffset=0.0, mShouldSelectCenter=false, mTabOpen=false, mHoriPosStatus=None, mVerPosStatus=None, mLevelStatus=None},isPlayingfalse,channelId=0
07-05 22:17:03.992 I/CurrentCarouselView(24676): stopPlay
07-05 22:17:03.996 I/UsageStatsService( 1733): resumed component name is ComponentInfo{com.hisense.hicloud.edca/com.hisense.hicloud.edca.mediaplayer.activity.DetailPlayActivity}
07-05 22:17:03.996 D/UsageStatsService( 1733): User[0] Got usage event for com.hisense.hicloud.edca[1499264223997]: MOVE_TO_FOREGROUND
07-05 22:17:03.996 I/UsageStatsService( 1733): started component:com.hisense.hicloud.edca
07-05 22:17:03.996 V/PackageManager( 1733): getPackageInfo com.hisense.hicloud.edca: Package{3fb3f3a1 com.hisense.hicloud.edca}
07-05 22:17:03.996 V/UsageStatsService( 1733): Resumed: 13065568   Component: com.hisense.hicloud.edca/com.hisense.hicloud.edca.mediaplayer.activity.DetailPlayActivity   Time: 1499264223996 VersionCode: 652   LastUpdateTime: 1499256171569
07-05 22:17:03.996 D/UsageStatsService( 1733): UsageStats: broadcasting intent
07-05 22:17:03.997 W/ContextImpl( 1733): Calling a method in the system process without a qualified user: android.app.ContextImpl.sendBroadcast:1327 com.android.server.usage.UsageStatsService.insertUsageStats:1104 com.android.server.usage.UsageStatsService$PkgUsageStatsExtended.updateResume:962 com.android.server.usage.UsageStatsService$LocalService.noteResumeComponent:759 com.android.server.am.ActivityManagerService.updateUsageStats:3164 
07-05 22:17:04.001 D/PowerManagerService( 1733): setScreenBrightnessOverrideFromWindowManagerInternal done
07-05 22:17:04.002 I/ActivityManager( 1733): TR16) TaskRecord{12582bd6 #5244 A=com.hisense.hicloud.edca U=0 sz=2}
07-05 22:17:04.002 I/ActivityManager( 1733): TR15) TaskRecord{cd10cea #4980 A=com.jamdeo.launcher U=0 sz=1}
07-05 22:17:04.002 V/ActivityManager( 1733): set mstar.EnterOpaqueUI false
07-05 22:17:04.005 I/ReportService( 3281): Intent received, action = android.intent.action.INSERT
07-05 22:17:04.005 D/Carousel-CarouselView(24676): setPosterAndStopPlay! hashCode=659311542, sWorkingHashCode=659311542
07-05 22:17:04.005 D/Carousel-CarouselDisplayPlayerLayout(24676): isFullScreen:false
07-05 22:17:04.006 D/Carousel-Utils(24676): displayImage view=android.widget.ImageView{2f6d578d V.ED.... ........ 0,0-816,460 #7f0d0029 app:id/imageView1}
07-05 22:17:04.006 D/Carousel-Utils(24676): displayImage url=http://picture.edu.hismarttv.com/images/20170629010146422927.jpg
07-05 22:17:04.006 I/ReportService( 3281): modelName is VIDAA_TV
07-05 22:17:04.006 E/til     ( 2026): [til_get_current_input_source, 101] 
07-05 22:17:04.007 I/TVMW@HsTvSetting( 1234): Trace cmd, data = 0x7007
07-05 22:17:04.007 D/Carousel-Utils(24676): onResourceReady.
07-05 22:17:04.007 D/Carousel-Utils(24676): displayImage view=android.widget.ImageView{ff936a V.ED.... ......ID 0,0-816,460 #7f0d0029 app:id/imageView1}
07-05 22:17:04.008 D/Carousel-Utils(24676): displayImage url=http://picture.edu.hismarttv.com/images/20170629010146422927.jpg
07-05 22:17:04.008 D/Carousel-Utils(24676): onResourceReady.
07-05 22:17:04.009 D/Carousel-CarouselDisplayPlayerLayout(24676): isFullScreen:false
07-05 22:17:04.009 I/tilwrapper@sm( 2026): HS2TIL_SourceType *hs=0xd, *til=0x900
07-05 22:17:04.009 D/til     ( 2026): get current source 2304
07-05 22:17:04.010 D/SourceRemoteServiceHandler( 2026): getCurrentInputSource.from.til.result is 0, value is 2304
07-05 22:17:04.010 D/SourceRemoteServiceHandler( 2026): getInputSourceType source: 0x900, type=2304
07-05 22:17:04.010 I/ReportService( 3281): getCurIntputSource2304
07-05 22:17:04.011 E/til     ( 2026): [til_get_current_input_source, 101] 
07-05 22:17:04.012 I/TVMW@HsTvSetting( 1234): Trace cmd, data = 0x7007
07-05 22:17:04.012 I/tilwrapper@sm( 2026): HS2TIL_SourceType *hs=0xd, *til=0x900
07-05 22:17:04.012 D/til     ( 2026): get current source 2304
07-05 22:17:04.012 D/SourceRemoteServiceHandler( 2026): getCurrentInputSource.from.til.result is 0, value is 2304
07-05 22:17:04.012 D/SourceRemoteServiceHandler( 2026): getInputSourceType source: 0x900, type=2304
07-05 22:17:04.013 I/ReportService( 3281): siloName isnull
07-05 22:17:04.013 V/PackageManager( 1733): getPackageInfo com.hisense.hicloud.edca: Package{3fb3f3a1 com.hisense.hicloud.edca}
07-05 22:17:04.014 I/ReportService( 3281): HiReport string sent out is:1.5|3|86100300900000500000060a4818fca8|1499264224|0|com.hisense.hicloud.edca|3.0.0.9.00|8
07-05 22:17:04.014 W/ReportService( 3281): enter InsertUserBehaviorDataReportTask  mUri = content://com.hisense.hitv.hicloud.log/loginput mContentValues = lastsessiondurationtime=15033 LOGVALUE=1.5|3|86100300900000500000060a4818fca8|1499264224|0|com.hisense.hicloud.edca|3.0.0.9.00|8 operation=R time=1499264223996 package=com.hisense.hicloud.edca cumulativesessiondurationtime=4837996 versioncode=652 lastupdatetime=1499256171569 _id=null type=APPRUN component=com.hisense.hicloud.edca.mediaplayer.activity.DetailPlayActivity mContext == com.hisense.hireport.ReportService@3a75cda9mType == 95
07-05 22:17:04.014 I/ReportService( 3281): enter doInBackground*****
07-05 22:17:04.015 I/TVMW@devctrl( 1234): wdt
07-05 22:17:04.021 I/ReportService( 3281): result is content://com.hisense.hitv.hicloud.log/loginput/1
07-05 22:17:04.023 I/ReportService( 3281): enter onPostExecute result is: true
07-05 22:17:04.037 E/BaseActivity(24676): isUpdateCheckedtrue
07-05 22:17:04.039 D/DetailPlayActivity(24676): ---------------------------oncreate
07-05 22:17:04.113 D/DetailPlayActivity(24676): isMU8600:true
07-05 22:17:04.127 D/DetailPlayActivity(24676): ---------------------------oncreate,VideoInfo.sResolution:11
07-05 22:17:04.127 D/DetailPlayActivity(24676): media id is: 3535  trailerPts:0
07-05 22:17:04.127 D/DetailPlayActivity(24676): sourcetag  is: DetailPlayActivity3535
07-05 22:17:04.128 D/DetailPlayActivity(24676): sunliqin  oncreate mFromChannelId================0   mSelectedClassFromPhone:-1   mSelectedClassPosFromPhone:0
07-05 22:17:04.128 D/DetailPlayActivity(24676): managerLogMap~~~~~~~~~~~~~~~~~~~~~~~~~~~
07-05 22:17:04.129 D/DetailPlayActivity(24676): original: 1    srcoriginal: null   srcmediaid: null   srceventcode:232000   srcsubjectid:null
07-05 22:17:04.129 D/DetailPlayActivity(24676): srctopicid:null    srccategoryid:null     srccolumnid:0  srcchannelcategoryid:null
07-05 22:17:04.129 D/DetailPlayActivity(24676): srcpackagename:null   srcgroupid:10003   srcrowid:1   eventcode:null
07-05 22:17:04.129 I/DetailPlayActivity(24676): httphttp://api.edu.hismarttv.com/medias/api/media
07-05 22:17:04.130 I/DetailPlayActivity(24676): vendor1=0
07-05 22:17:04.130 I/DetailPlayActivity(24676): vendor2=0resolutionpolicy=2
07-05 22:17:04.130 I/DetailPlayActivity(24676): mBeginHttpTime : 13065701  91
07-05 22:17:04.130 D/til@system( 2026): til_get_system_param option:1000007 int:-1936525184, bool:128, ret:0
07-05 22:17:04.131 D/til@system( 2026): til_get_system_param option:1000009 int:-1936522112, bool:128, ret:0
07-05 22:17:04.131 D/til@system( 2026): til_get_system_param option:1000008 int:-1936523008, bool:0, ret:0
07-05 22:17:04.132 D/HiSDKLogReport(24676): getOperationDetail-productName : LED50MU8600UC
07-05 22:17:04.132 D/HiSDKLogReport(24676): getOperationDetail-plmNumber : 88888
07-05 22:17:04.132 D/HiSDKLogReport(24676): getOperationDetail-swVersion : V0000.00.01A
07-05 22:17:04.132 D/HiSDKLogReport(24676): getOperationDetail-operationDetail : LED50MU8600UC0000888
07-05 22:17:04.132 D/HiSDKLogReport(24676): processLogReport-log : {eventType=110, appKey=1182445233, APPVersionName=3.0.0.9.00, devid=86100300900000500000060a4818fca8, mac=a8:a6:48:18:fc:a8, uuid=13287129, accessToken=72DF6038D2AEAB8A76DFBBBBCC428A4A_002974378713492, APIversion=501, logversion=2.0, devType=0, APPPackage=com.hisense.hicloud.edca, eventPos=001, requesttime=1499264224132, customerId=7195320, value2=, eventMessage=GetReadyToStartConnection, value1=91, model_id=0, ChannelId=0, version=00.002.003, tv_distribute_id=00, subscriberId=13287129, APIVersion=600, PFAPPCode=652, softwareVersion=LED50MU8600UC0000888}
07-05 22:17:04.141 W/System.err(24676): java.net.ConnectException: failed to connect to /10.18.210.112 (port 8900) after 6000ms: isConnected failed: ECONNREFUSED (Connection refused)
07-05 22:17:04.141 W/System.err(24676): 	at libcore.io.IoBridge.isConnected(IoBridge.java:238)
07-05 22:17:04.141 W/System.err(24676): 	at libcore.io.IoBridge.connectErrno(IoBridge.java:171)
07-05 22:17:04.141 W/System.err(24676): 	at libcore.io.IoBridge.connect(IoBridge.java:122)
07-05 22:17:04.141 W/System.err(24676): 	at java.net.PlainSocketImpl.connect(PlainSocketImpl.java:183)
07-05 22:17:04.141 W/System.err(24676): 	at java.net.PlainSocketImpl.connect(PlainSocketImpl.java:456)
07-05 22:17:04.141 W/System.err(24676): 	at java.net.Socket.connect(Socket.java:882)
07-05 22:17:04.141 W/System.err(24676): 	at com.android.okhttp.internal.Platform.connectSocket(Platform.java:174)
07-05 22:17:04.141 W/System.err(24676): 	at com.android.okhttp.Connection.connect(Connection.java:152)
07-05 22:17:04.141 W/System.err(24676): 	at com.android.okhttp.internal.http.HttpEngine.connect(HttpEngine.java:276)
07-05 22:17:04.141 W/System.err(24676): 	at com.android.okhttp.internal.http.HttpEngine.sendRequest(HttpEngine.java:211)
07-05 22:17:04.141 W/System.err(24676): 	at com.android.okhttp.internal.http.HttpURLConnectionImpl.execute(HttpURLConnectionImpl.java:382)
07-05 22:17:04.142 W/System.err(24676): 	at com.android.okhttp.internal.http.HttpURLConnectionImpl.connect(HttpURLConnectionImpl.java:106)
07-05 22:17:04.142 W/System.err(24676): 	at com.hisense.hitv.hicloud.util.ExceptionReport.a(ExceptionReport.java:337)
07-05 22:17:04.142 W/System.err(24676): 	at com.hisense.hitv.hicloud.util.ExceptionReport.a(ExceptionReport.java:39)
07-05 22:17:04.142 W/System.err(24676): 	at com.hisense.hitv.hicloud.util.ExceptionReport$1.run(ExceptionReport.java:83)
07-05 22:17:04.142 W/System.err(24676): 	at java.lang.Thread.run(Thread.java:818)
07-05 22:17:04.142 W/System.err(24676): Caused by: android.system.ErrnoException: isConnected failed: ECONNREFUSED (Connection refused)
07-05 22:17:04.142 W/System.err(24676): 	at libcore.io.IoBridge.isConnected(IoBridge.java:223)
07-05 22:17:04.142 W/System.err(24676): 	... 15 more
07-05 22:17:04.148 I/TVMW@HsTvSetting( 1234): Trace cmd, data = 0x1058
07-05 22:17:04.148 D/til@system( 2026): til_get_system_param option:100002F int:0, bool:0, ret:0
07-05 22:17:04.148 I/TVMW@HsTvSetting( 1234): Trace cmd, data = 0x101f
07-05 22:17:04.148 I/CommonUtils(24676):  object to json {"srccolumnid":"0","srcgroupid":"10003","original":"1","srctabid":"0","eventcode":"207000","srceventcode":"232000","srcrowid":"1","mediaid":"3535"}
07-05 22:17:04.148 D/til@system( 2026): til_get_system_param option:100001D int:3, bool:3, ret:0
07-05 22:17:04.148 D/DetailPlayActivity(24676): map===1111111111111====={"srccolumnid":"0","srcgroupid":"10003","original":"1","srctabid":"0","eventcode":"207000","srceventcode":"232000","srcrowid":"1","mediaid":"3535"}
07-05 22:17:04.148 E/til     ( 2026): [til_get_current_input_source, 101] 
07-05 22:17:04.148 I/TVMW@HsTvSetting( 1234): Trace cmd, data = 0x7007
07-05 22:17:04.148 I/tilwrapper@sm( 2026): HS2TIL_SourceType *hs=0xd, *til=0x900
07-05 22:17:04.148 D/til     ( 2026): get current source 2304
07-05 22:17:04.148 D/SourceRemoteServiceHandler( 2026): getCurrentInputSource.from.til.result is 0, value is 2304
07-05 22:17:04.148 D/SourceRemoteServiceHandler( 2026): getInputSourceType source: 0x900, type=2304
07-05 22:17:04.149 D/til     ( 2026): ###### func:til_get_picture_param option:0x3000006 ######  
07-05 22:17:04.149 I/TVMW@HsTvSetting( 1234): Trace cmd, data = 0x1003
07-05 22:17:04.149 I/TVMW@HsTvSetting( 1234): Trace cmd, data = 0x8032
07-05 22:17:04.149 I/hstvos  ( 1216): [0m[1;33m[HSHAL][HS_VIDEO][HS_HAL_Video_SetOsdDetect_v2][2389]u16Threshold = 20
07-05 22:17:04.149 I/MiSysSrv( 1214): Not support now! 42, change to mm_video!!!
07-05 22:17:04.149 E/TVMW@videoctrl( 1234):  getOsd is 1
07-05 22:17:04.150 D/til@system( 2026): til_get_system_param option:1000027 int:1, bool:1, ret:0
07-05 22:17:04.150 D/til     ( 2026): ###### func:til_get_picture_param option:0x3000045 ######  
07-05 22:17:04.150 I/TVMW@HsTvSetting( 1234): Trace cmd, data = 0x300c
07-05 22:17:04.150 I/TVMW@HsTvSetting( 1234): Trace 3d, data = 0x300c
07-05 22:17:04.150 I/TVMW@3d ( 1234): Hs_debug3d_trace: func:get3dStatus, line:109
07-05 22:17:04.150 D/til@system( 2026): til_get_system_param option:1000007 int:-1815633792, bool:128, ret:0
07-05 22:17:04.151 D/til@system( 2026): til_get_system_param option:1000009 int:-1815634176, bool:0, ret:0
07-05 22:17:04.152 D/til@system( 2026): til_get_system_param option:1000008 int:-1936522368, bool:128, ret:0
07-05 22:17:04.152 D/HiSDKLogReport(24676): getOperationDetail-productName : LED50MU8600UC
07-05 22:17:04.152 D/HiSDKLogReport(24676): getOperationDetail-plmNumber : 88888
07-05 22:17:04.152 D/HiSDKLogReport(24676): getOperationDetail-swVersion : V0000.00.01A
07-05 22:17:04.152 D/HiSDKLogReport(24676): getOperationDetail-operationDetail : LED50MU8600UC0000888
07-05 22:17:04.158 I/CommonUtils(24676):  object to json {"eventType":"207","srccolumnid":"0","srcgroupid":"10003","APPVersionName":"3.0.0.9.00","original":"1","devid":"86100300900000500000060a4818fca8","uuid":"13287129","APIversion":"501","logversion":"2.0","eventcode":"207000","devType":"0","eventPos":"000","version":"00.002.003","ChannelId":"0","subscriberId":"13287129","PFAPPCode":"652","softwareVersion":"LED50MU8600UC0000888","srcrowid":"1","srceventcode":"232000","mac":"a8:a6:48:18:fc:a8","accessToken":"72DF6038D2AEAB8A76DFBBBBCC428A4A_002974378713492","srctabid":"0","APPPackage":"com.hisense.hicloud.edca","mediaid":"3535","sessionid":"e305d81a41004c7cb92c9a1616e5a6c9","requesttime":"1499264224152","customerId":"7195320","model_id":"0","requestid":"15fb283d8a5b477fa72b5c4580984361","tv_distribute_id":"00","APIVersion":"600","issysrepo":"1"}
07-05 22:17:04.158 D/DetailPlayActivity(24676): map=====22222222222======{"eventType":"207","srccolumnid":"0","srcgroupid":"10003","APPVersionName":"3.0.0.9.00","original":"1","devid":"86100300900000500000060a4818fca8","uuid":"13287129","APIversion":"501","logversion":"2.0","eventcode":"207000","devType":"0","eventPos":"000","version":"00.002.003","ChannelId":"0","subscriberId":"13287129","PFAPPCode":"652","softwareVersion":"LED50MU8600UC0000888","srcrowid":"1","srceventcode":"232000","mac":"a8:a6:48:18:fc:a8","accessToken":"72DF6038D2AEAB8A76DFBBBBCC428A4A_002974378713492","srctabid":"0","APPPackage":"com.hisense.hicloud.edca","mediaid":"3535","sessionid":"e305d81a41004c7cb92c9a1616e5a6c9","requesttime":"1499264224152","customerId":"7195320","model_id":"0","requestid":"15fb283d8a5b477fa72b5c4580984361","tv_distribute_id":"00","APIVersion":"600","issysrepo":"1"}
07-05 22:17:04.160 I/HttpDnsUtils(24676): detailsPage(): url = http://api.edu.hismarttv.com/medias/api/media/3535?codeType=1002&vender=0&resolutionpolicy=2
07-05 22:17:04.161 D/til@system( 2026): til_get_system_param option:1000007 int:-1815632896, bool:0, ret:0
07-05 22:17:04.161 D/til@system( 2026): til_get_system_param option:1000009 int:-1936525184, bool:128, ret:0
07-05 22:17:04.162 D/til@system( 2026): til_get_system_param option:1000008 int:-1936522112, bool:128, ret:0
07-05 22:17:04.174 D/HttpBuilder(24676): getOperationDetail-productName : LED50MU8600UC
07-05 22:17:04.175 D/HttpBuilder(24676): getOperationDetail-plmNumber : 88888
07-05 22:17:04.175 D/HttpBuilder(24676): getOperationDetail-swVersion : V0000.00.01A
07-05 22:17:04.175 D/HttpBuilder(24676): getOperationDetail-operationDetail : LED50MU8600UC0000888
07-05 22:17:04.179 I/art     (24676): Background sticky concurrent mark sweep GC freed 13293(681KB) AllocSpace objects, 0(0B) LOS objects, 1% free, 37MB/38MB, paused 9.657ms total 43.690ms
07-05 22:17:04.206 I/HttpBuilder(24676): addUrlPublicParams mUrl ==>http://api.edu.hismarttv.com/medias/api/media/3535?codeType=1002&vender=0&resolutionpolicy=2&uuid=13287129&mac=a8:a6:48:18:fc:a8&devid=86100300900000500000060a4818fca8&version=00.002.003&subscriberId=13287129&customerId=7195320&model_id=0&APPPackage=com.hisense.hicloud.edca&PFAPPCode=652&APPVersionName=3.0.0.9.00&ChannelId=0&softwareVersion=LED50MU8600UC0000888&tv_distribute_id=00&devType=0&APIVersion=600&accessToken=72DF6038D2AEAB8A76DFBBBBCC428A4A_002974378713492
07-05 22:17:04.206 I/HttpBuilder(24676): addUrlLogParams url ==>http://api.edu.hismarttv.com/medias/api/media/3535?codeType=1002&vender=0&resolutionpolicy=2&uuid=13287129&mac=a8:a6:48:18:fc:a8&devid=86100300900000500000060a4818fca8&version=00.002.003&subscriberId=13287129&customerId=7195320&model_id=0&APPPackage=com.hisense.hicloud.edca&PFAPPCode=652&APPVersionName=3.0.0.9.00&ChannelId=0&softwareVersion=LED50MU8600UC0000888&tv_distribute_id=00&devType=0&APIVersion=600&accessToken=72DF6038D2AEAB8A76DFBBBBCC428A4A_002974378713492&eventType=207&srccolumnid=0&srcgroupid=10003&original=1&APIversion=501&logversion=2.0&eventcode=207000&eventPos=000&srcrowid=1&srceventcode=232000&srctabid=0&mediaid=3535&sessionid=e305d81a41004c7cb92c9a1616e5a6c9&requesttime=1499264224152&requestid=15fb283d8a5b477fa72b5c4580984361&issysrepo=1
07-05 22:17:04.209 D/HttpHandler(24676): VerifySignInterCeptor-->request.url()=http://api.edu.hismarttv.com/medias/api/media/3535?codeType=1002&vender=0&resolutionpolicy=2&uuid=13287129&mac=a8:a6:48:18:fc:a8&devid=86100300900000500000060a4818fca8&version=00.002.003&subscriberId=13287129&customerId=7195320&model_id=0&APPPackage=com.hisense.hicloud.edca&PFAPPCode=652&APPVersionName=3.0.0.9.00&ChannelId=0&softwareVersion=LED50MU8600UC0000888&tv_distribute_id=00&devType=0&APIVersion=600&accessToken=72DF6038D2AEAB8A76DFBBBBCC428A4A_002974378713492&eventType=207&srccolumnid=0&srcgroupid=10003&original=1&APIversion=501&logversion=2.0&eventcode=207000&eventPos=000&srcrowid=1&srceventcode=232000&srctabid=0&mediaid=3535&sessionid=e305d81a41004c7cb92c9a1616e5a6c9&requesttime=1499264224152&requestid=15fb283d8a5b477fa72b5c4580984361&issysrepo=1start=&resolutionpolicy=2&rows=&vender=0&search_key=&typeCode=1002&type=&
07-05 22:17:04.209 D/HttpHandler(24676): VerifySignInterCeptor-->hostname=api.edu.hismarttv.com
07-05 22:17:04.209 D/ReminderManager(15961): Checking reminders in 60000 ms
07-05 22:17:04.210 D/HttpHandler(24676): HttpDNS-->hostname=api.edu.hismarttv.com
07-05 22:17:04.211 D/HttpHandler(24676): RAMCache-->hostInfo.getClientTimeStamp()=13049695
07-05 22:17:04.211 D/HttpHandler(24676): RAMCache-->hostInfo.getTtl()=3600
07-05 22:17:04.211 D/HttpHandler(24676): RAMCache-->SystemClock.elapsedRealtime()=13065782
07-05 22:17:04.214 D/HttpHandler(24676): DNSHelper-->gslbDns=["123.103.91.123"]
07-05 22:17:04.237 D/OkHttp  (24676): --> GET http://api.edu.hismarttv.com/medias/api/media/3535?codeType=1002&vender=0&resolutionpolicy=2&uuid=13287129&mac=a8:a6:48:18:fc:a8&devid=86100300900000500000060a4818fca8&version=00.002.003&subscriberId=13287129&customerId=7195320&model_id=0&APPPackage=com.hisense.hicloud.edca&PFAPPCode=652&APPVersionName=3.0.0.9.00&ChannelId=0&softwareVersion=LED50MU8600UC0000888&tv_distribute_id=00&devType=0&APIVersion=600&accessToken=72DF6038D2AEAB8A76DFBBBBCC428A4A_002974378713492&eventType=207&srccolumnid=0&srcgroupid=10003&original=1&APIversion=501&logversion=2.0&eventcode=207000&eventPos=000&srcrowid=1&srceventcode=232000&srctabid=0&mediaid=3535&sessionid=e305d81a41004c7cb92c9a1616e5a6c9&requesttime=1499264224152&requestid=15fb283d8a5b477fa72b5c4580984361&issysrepo=1start=&resolutionpolicy=2&rows=&vender=0&search_key=&typeCode=1002&type=& http/1.1
07-05 22:17:04.237 D/OkHttp  (24676): Data_Type: JSON
07-05 22:17:04.237 D/OkHttp  (24676): RetryTime: 0
07-05 22:17:04.237 D/OkHttp  (24676): Backoffmutiplier: 0
07-05 22:17:04.237 D/OkHttp  (24676): Host: api.edu.hismarttv.com
07-05 22:17:04.237 D/OkHttp  (24676): Connection: Keep-Alive
07-05 22:17:04.237 D/OkHttp  (24676): Accept-Encoding: gzip
07-05 22:17:04.237 D/OkHttp  (24676): User-Agent: okhttp/3.6.0
07-05 22:17:04.237 D/OkHttp  (24676): --> END GET
07-05 22:17:04.275 D/OkHttp  (24676): <-- 200 OK http://api.edu.hismarttv.com/medias/api/media/3535?codeType=1002&vender=0&resolutionpolicy=2&uuid=13287129&mac=a8:a6:48:18:fc:a8&devid=86100300900000500000060a4818fca8&version=00.002.003&subscriberId=13287129&customerId=7195320&model_id=0&APPPackage=com.hisense.hicloud.edca&PFAPPCode=652&APPVersionName=3.0.0.9.00&ChannelId=0&softwareVersion=LED50MU8600UC0000888&tv_distribute_id=00&devType=0&APIVersion=600&accessToken=72DF6038D2AEAB8A76DFBBBBCC428A4A_002974378713492&eventType=207&srccolumnid=0&srcgroupid=10003&original=1&APIversion=501&logversion=2.0&eventcode=207000&eventPos=000&srcrowid=1&srceventcode=232000&srctabid=0&mediaid=3535&sessionid=e305d81a41004c7cb92c9a1616e5a6c9&requesttime=1499264224152&requestid=15fb283d8a5b477fa72b5c4580984361&issysrepo=1start=&resolutionpolicy=2&rows=&vender=0&search_key=&typeCode=1002&type=& (38ms)
07-05 22:17:04.275 D/OkHttp  (24676): Server: nginx
07-05 22:17:04.275 D/OkHttp  (24676): Date: Wed, 05 Jul 2017 14:17:04 GMT
07-05 22:17:04.275 D/OkHttp  (24676): Content-Type: application/json
07-05 22:17:04.275 D/OkHttp  (24676): Content-Length: 57924
07-05 22:17:04.275 D/OkHttp  (24676): Connection: close
07-05 22:17:04.275 D/OkHttp  (24676): <-- END HTTP
07-05 22:17:04.276 D/HttpHandler(24676): RetryIntercepter-->retryNum=0
07-05 22:17:04.276 D/HttpHandler(24676): RetryIntercepter-->backoffmutiplier=0
07-05 22:17:04.280 I/HLSP2P  ( 3457): ## 2017-07-05 22:17:04.279 [3457,3628,:0] INFO ## [HLSP2P][TaskManager.cpp:855][INFO][UpdateGlobalInfo]totalDataSize: 0, totalMemorySize: 0, totalCacheSize: 0, curUploadSpeedKB: 0
07-05 22:17:04.281 V/MediaPlayer-JNI(24676): native_finalize
07-05 22:17:04.282 V/MediaPlayer-JNI(24676): release
07-05 22:17:04.283 I/HLSP2P  ( 3457): ## 2017-07-05 22:17:04.281 [3457,3628,:0] INFO ## [HLSP2P][TaskManager.cpp:1325][INFO][TryAdjustMemorySize]system memory total size: 1912M, free size: 510MB, cache add to 30MB, AppState: 14
07-05 22:17:04.289 E/btif_config( 2964): [btif_config_get] node is TRUE!
07-05 22:17:04.289 E/btif_config( 2964): [btif_config_get] ret is TRUE!
07-05 22:17:04.306 D/DetailPlayActivity.java(24676): VodLog-[initRemindDialog:352]http://picture.edu.hismarttv.com/images/20151119035938180406.png
07-05 22:17:04.332 D/HttpHandler(24676): VerifySignInterCeptor-->request.url()=http://picture.edu.hismarttv.com/images/20151119035723420106.png
07-05 22:17:04.332 D/HttpHandler(24676): VerifySignInterCeptor-->hostname=picture.edu.hismarttv.com
07-05 22:17:04.332 D/HttpHandler(24676): VerifySignInterCeptor-->request.url()=http://picture.edu.hismarttv.com/images/20151119035917189009.png
07-05 22:17:04.332 D/HttpHandler(24676): VerifySignInterCeptor-->hostname=picture.edu.hismarttv.com
07-05 22:17:04.332 D/HttpHandler(24676): VerifySignInterCeptor-->request.url()=http://picture.edu.hismarttv.com/images/20151119035938180406.png
07-05 22:17:04.332 D/HttpHandler(24676): VerifySignInterCeptor-->hostname=picture.edu.hismarttv.com
07-05 22:17:04.333 D/OkHttp  (24676): --> GET http://picture.edu.hismarttv.com/images/20151119035938180406.png http/1.1
07-05 22:17:04.333 D/OkHttp  (24676): Host: picture.edu.hismarttv.com
07-05 22:17:04.333 D/OkHttp  (24676): Connection: Keep-Alive
07-05 22:17:04.333 D/OkHttp  (24676): Accept-Encoding: gzip
07-05 22:17:04.333 D/OkHttp  (24676): User-Agent: okhttp/3.6.0
07-05 22:17:04.333 D/OkHttp  (24676): --> END GET
07-05 22:17:04.333 D/OkHttp  (24676): --> GET http://picture.edu.hismarttv.com/images/20151119035917189009.png http/1.1
07-05 22:17:04.333 D/OkHttp  (24676): Host: picture.edu.hismarttv.com
07-05 22:17:04.333 D/OkHttp  (24676): Connection: Keep-Alive
07-05 22:17:04.333 D/OkHttp  (24676): Accept-Encoding: gzip
07-05 22:17:04.333 D/OkHttp  (24676): User-Agent: okhttp/3.6.0
07-05 22:17:04.333 D/OkHttp  (24676): --> END GET
07-05 22:17:04.334 D/OkHttp  (24676): --> GET http://picture.edu.hismarttv.com/images/20151119035723420106.png http/1.1
07-05 22:17:04.334 D/OkHttp  (24676): Host: picture.edu.hismarttv.com
07-05 22:17:04.334 D/OkHttp  (24676): Connection: Keep-Alive
07-05 22:17:04.334 D/OkHttp  (24676): Accept