07-05 22:38:55.994 I/dex2oat ( 4822): /system/bin/dex2oat --runtime-arg -classpath --runtime-arg  --instruction-set=arm --instruction-set-features=default --runtime-arg -Xrelocate --boot-image=/system/framework/boot.art --dex-file=/data/data/com.hisense.hicloud.edca/files/plugin/2.1.0.59986/pluginplayer/1.64.0.59984/pluginplayer-release-1.64.0.59984.apk --oat-fd=38 --oat-location=/data/data/com.hisense.hicloud.edca/app_dex/pluginplayer-release-1.64.0.59984.dex --runtime-arg -Xms64m --runtime-arg -Xmx512m
07-05 22:38:56.012 I/HLSP2P  (16183): ## 2017-07-05 22:38:56.012 [16183,16481,:0] INFO ## [HLSP2P][DownloadManager.cpp:35][INFO][TryExtendCacheSize]system memory total size : 1912M, free size : 595M, cache add to 30MB
07-05 22:38:56.024 D/OsdMonitorService( 1733): mCurrentWindow = com.hisense.hicloud.edca/com.hisense.tvui.newhome.HomeMainActivity; newWindow = com.hisense.hicloud.edca/com.hisense.tvui.newhome.HomeMainActivity; isSubWindow = false; isInWinList = false; isExitNow = false
07-05 22:38:56.024 D/OsdMonitorService( 1733): windowNotOsd() : name = com.hisense.hicloud.edca/com.hisense.tvui.newhome.HomeMainActivity
07-05 22:38:56.024 I/OsdMonitorService( 1733): setOsdStatus() : status will change from true to true
07-05 22:38:56.025 D/PowerManagerService( 1733): setScreenBrightnessOverrideFromWindowManagerInternal done
07-05 22:38:56.026 D/HiNetworkImpl( 4717): doHttp_Asyn(): onReqResponse isSuccessful = true, back from thread: main
07-05 22:38:56.026 I/HiNetworkImpl( 4717): doHttp_Asyn(): onSuccess clazz = class com.hisense.sdk.domain.ResponseResult, back from thread: main
07-05 22:38:56.028 D/PowerManagerService( 1733): setScreenBrightnessOverrideFromWindowManagerInternal done
07-05 22:38:56.029 I/ActivityManager( 1733): Displayed com.hisense.hicloud.edca/com.hisense.tvui.newhome.HomeMainActivity: +2s229ms
07-05 22:38:56.029 I/BaseApplication( 4717): checkAccount --- account available.
07-05 22:38:56.032 D/PowerManagerService( 1733): setScreenBrightnessOverrideFromWindowManagerInternal done
07-05 22:38:56.033 I/MyFragmentStateAdapter( 4717): getCount
07-05 22:38:56.036 D/SUSLog  ( 4717): CheckAppUpdateService>>appUpgradeReply reply fail
07-05 22:38:56.036 D/SUSLog  ( 4717): CheckAppUpdateService>>ErrorCode = 205001 ErrorName = :
07-05 22:38:56.036 D/SUSLog  ( 4717): CheckAppUpdateService>>checkAppUpgrade i=0
07-05 22:38:56.036 D/SUSLog  ( 4717): CheckAppUpdateService>>haveUpdate appUpgradeReply = com.hisense.hitv.hicloud.bean.upgrade.AppUpgradeReply@21d7940d
07-05 22:38:56.036 D/SUSLog  ( 4717): CheckAppUpdateService>>reply = 1
07-05 22:38:56.039 I/BaseContentFragment( 4717): MSG_GET_DATA: handle lazy load
07-05 22:38:56.039 I/BaseContentFragment( 4717): showLoadingView
07-05 22:38:56.040 D/SUSLog  ( 4717): CheckAppUpdateService>>targetVersionCode = 0
07-05 22:38:56.040 D/SUSLog  ( 4717): CheckAppUpdateService>>haveUpdate appUpgradeReply = com.hisense.hitv.hicloud.bean.upgrade.AppUpgradeReply@21d7940d
07-05 22:38:56.040 D/SUSLog  ( 4717): CheckAppUpdateService>>reply = 1
07-05 22:38:56.046 I/HomeDataPresenter( 4717): getContentData: channelId = 0, sChoiceChannelId = 0 RoleContentFragment541402653,isOffline = false
07-05 22:38:56.047 I/CacheUtil( 4717): getFromCache: 0
07-05 22:38:56.047 I/CacheUtil( 4717): now time dealy=2,time service=7200
07-05 22:38:56.047 I/HomeDataPresenter( 4717): cache item not null
07-05 22:38:56.047 I/RoleContentFragment( 4717): setMasterData isRefresh=false
07-05 22:38:56.053 I/HeaderTokenManager( 4717): Weather Data from HiCloud is still validate.
07-05 22:38:56.053 D/ContentValues( 4717): getPlaceInfo: 
07-05 22:38:56.080 D/HttpHandler( 4717): VerifySignInterCeptor-->request.url()=http://picture.edu.hismarttv.com/images/20170628111729989045.png
07-05 22:38:56.080 D/HttpHandler( 4717): VerifySignInterCeptor-->hostname=picture.edu.hismarttv.com
07-05 22:38:56.085 E/ContentValues( 4717): refreshNetStatus: 
07-05 22:38:56.087 D/CommonHeader( 4717): setPerson: true
07-05 22:38:56.087 D/ContentValues( 4717): getIconDrawable :  icon == null:true
07-05 22:38:56.087 D/CommonHeader( 4717): icon == null
07-05 22:38:56.081 D/HttpHandler( 4717): HttpDNS-->hostname=picture.edu.hismarttv.com
07-05 22:38:56.090 D/hwcomposer( 1204): lastHWWindowInfo is dirty
07-05 22:38:56.095 D/CommonHeader( 4717): WeatherCode: 01
07-05 22:38:56.100 E/ContentValues( 4717): refreshNetStatus: 
07-05 22:38:56.103 E/ContentValues( 4717): refreshNetStatus: 
07-05 22:38:56.104 I/art     ( 4717): Background sticky concurrent mark sweep GC freed 36868(1932KB) AllocSpace objects, 2(32KB) LOS objects, 7% free, 25MB/27MB, paused 5.010ms total 71.958ms
07-05 22:38:56.105 D/HttpHandler( 4717): DNSRetryIntercepter-->http://118.178.149.42/d?device_id=86100300900000500000060a4818fca8&host=b5d1d96093f9d07d386917b5d3b91cdcb031311b90271792b45951b69dc9c054dc862a7c9178ba82684e325a98b554b4&last=
07-05 22:38:56.105 D/HttpHandler( 4717): DNSRetryIntercepter-->118.178.149.42
07-05 22:38:56.107 D/HttpHandler( 4717): GslbDNS-->hostName=118.178.149.42
07-05 22:38:56.110 E/CommonHeader( 4717): setNetStatusIcon: 30002
07-05 22:38:56.110 E/ContentValues( 4717): refreshNetStatus: 
07-05 22:38:56.115 D/CommonHeader( 4717): SLOVEN setPlaceInfo place---city::---
07-05 22:38:56.115 D/HeaderServiceManager( 4717): adding listener com.hisense.tvui.newhome.view.header.view.CommonHeader$HeaderWeatherInfoListener@36ed4e27
07-05 22:38:56.115 D/BaseContentFragment( 4717): header logoone open
07-05 22:38:56.115 D/CommonHeader( 4717): onTabStatusChanged tabstatus===>:40001
07-05 22:38:56.117 D/HttpHandler( 4717): VerifySignInterCeptor-->request.url()=http://picture.edu.hismarttv.com/images/20170628111759213347.png
07-05 22:38:56.117 D/HttpHandler( 4717): VerifySignInterCeptor-->hostname=picture.edu.hismarttv.com
07-05 22:38:56.117 D/HttpHandler( 4717): VerifySignInterCeptor-->request.url()=http://picture.edu.hismarttv.com/images/20170628111857828826.png
07-05 22:38:56.117 D/HttpHandler( 4717): VerifySignInterCeptor-->hostname=picture.edu.hismarttv.com
07-05 22:38:56.118 D/HttpHandler( 4717): HttpDNS-->hostname=picture.edu.hismarttv.com
07-05 22:38:56.121 D/HttpHandler( 4717): DNSRetryIntercepter-->http://118.178.149.42/d?device_id=86100300900000500000060a4818fca8&host=b5d1d96093f9d07d386917b5d3b91cdcb031311b90271792b45951b69dc9c054dc862a7c9178ba82684e325a98b554b4&last=
07-05 22:38:56.121 D/HttpHandler( 4717): DNSRetryIntercepter-->118.178.149.42
07-05 22:38:56.122 D/HttpHandler( 4717): GslbDNS-->hostName=118.178.149.42
07-05 22:38:56.125 D/HttpHandler( 4717): VerifySignInterCeptor-->request.url()=http://picture.edu.hismarttv.com/images/20170628121916725281.png
07-05 22:38:56.126 D/HttpHandler( 4717): VerifySignInterCeptor-->hostname=picture.edu.hismarttv.com
07-05 22:38:56.127 D/HttpHandler( 4717): HttpDNS-->hostname=picture.edu.hismarttv.com
07-05 22:38:56.131 D/HttpHandler( 4717): HttpDNS-->hostname=picture.edu.hismarttv.com
07-05 22:38:56.133 D/HttpHandler( 4717): DNSRetryIntercepter-->http://118.178.149.42/d?device_id=86100300900000500000060a4818fca8&host=b5d1d96093f9d07d386917b5d3b91cdcb031311b90271792b45951b69dc9c054dc862a7c9178ba82684e325a98b554b4&last=
07-05 22:38:56.133 D/HttpHandler( 4717): DNSRetryIntercepter-->118.178.149.42
07-05 22:38:56.134 D/HttpHandler( 4717): GslbDNS-->hostName=118.178.149.42
07-05 22:38:56.137 D/HttpHandler( 4717): DNSRetryIntercepter-->http://118.178.149.42/d?device_id=86100300900000500000060a4818fca8&host=b5d1d96093f9d07d386917b5d3b91cdcb031311b90271792b45951b69dc9c054dc862a7c9178ba82684e325a98b554b4&last=
07-05 22:38:56.137 D/HttpHandler( 4717): DNSRetryIntercepter-->118.178.149.42
07-05 22:38:56.137 I/Utils   ( 4717): getScreenSize() SCREEN_WIDTH = 1920, SCREEN_HEIGHT = 1080, DENSITY = 2.0
07-05 22:38:56.138 D/HttpHandler( 4717): GslbDNS-->hostName=118.178.149.42
07-05 22:38:56.142 D/FirstLineAdapter( 4717): tiles6
07-05 22:38:56.143 I/FirstLineAdapter( 4717): canShowTrailer,isOffline=false
07-05 22:38:56.143 I/SpecialFirstView( 4717): setData ,canshowtrailer:true
07-05 22:38:56.145 I/FirstLineAdapter( 4717): onAttachedToRecyclerView 
07-05 22:38:56.146 I/size    ( 4717): size=10
07-05 22:38:56.147 D/OkHttp  ( 4717): --> GET http://118.178.149.42/d?device_id=86100300900000500000060a4818fca8&host=b5d1d96093f9d07d386917b5d3b91cdcb031311b90271792b45951b69dc9c054dc862a7c9178ba82684e325a98b554b4&last= http/1.1
07-05 22:38:56.148 D/OkHttp  ( 4717): Host: lbgs.hismarttv.com
07-05 22:38:56.148 D/OkHttp  ( 4717): Connection: Keep-Alive
07-05 22:38:56.148 D/OkHttp  ( 4717): Accept-Encoding: gzip
07-05 22:38:56.148 D/OkHttp  ( 4717): User-Agent: okhttp/3.6.0
07-05 22:38:56.148 D/OkHttp  ( 4717): --> END GET
07-05 22:38:56.148 I/RoleContentFragment( 4717): set recyclerview adapter
07-05 22:38:56.148 I/RoleContentFragment( 4717): has not get  recommand data
07-05 22:38:56.149 I/HomeDataPresenter( 4717): getRecommandData(): channelId = 0RoleContentFragment541402653
07-05 22:38:56.150 I/HttpDnsUtils( 4717): get favorite tag 
07-05 22:38:56.150 I/HttpDnsUtils( 4717): getRecommandData: http://api.edu.hismarttv.com/usercenter/api/individualize_data?devid=86100300900000500000060a4818fca8&customerId=7195320&subscriberId=13287129&ChannelId=0&tags=&version_id=6&region_name=%E6%9D%AD%E5%B7%9E
07-05 22:38:56.151 D/til@system( 2026): til_get_system_param option:1000007 int:-1936523008, bool:0, ret:0
07-05 22:38:56.152 D/til@system( 2026): til_get_system_param option:1000009 int:-1815632896, bool:0, ret:0
07-05 22:38:56.153 D/til@system( 2026): til_get_system_param option:1000008 int:-1936525184, bool:128, ret:0
07-05 22:38:56.153 D/HttpBuilder( 4717): getOperationDetail-productName : LED50MU8600UC
07-05 22:38:56.153 D/HttpBuilder( 4717): getOperationDetail-plmNumber : 88888
07-05 22:38:56.154 D/HttpBuilder( 4717): getOperationDetail-swVersion : V0000.00.01A
07-05 22:38:56.154 D/HttpBuilder( 4717): getOperationDetail-operationDetail : LED50MU8600UC0000888
07-05 22:38:56.169 I/MiSysSrv( 1214): [37m[INFO] Change to Voltage: 117 mv (0x32)[m
07-05 22:38:56.169 D/OkHttp  ( 4717): --> GET http://118.178.149.42/d?device_id=86100300900000500000060a4818fca8&host=b5d1d96093f9d07d386917b5d3b91cdcb031311b90271792b45951b69dc9c054dc862a7c9178ba82684e325a98b554b4&last= http/1.1
07-05 22:38:56.169 D/OkHttp  ( 4717): Host: lbgs.hismarttv.com
07-05 22:38:56.169 D/OkHttp  ( 4717): --> GET http://118.178.149.42/d?device_id=86100300900000500000060a4818fca8&host=b5d1d96093f9d07d386917b5d3b91cdcb031311b90271792b45951b69dc9c054dc862a7c9178ba82684e325a98b554b4&last= http/1.1
07-05 22:38:56.169 D/OkHttp  ( 4717): Connection: Keep-Alive
07-05 22:38:56.169 D/OkHttp  ( 4717): Host: lbgs.hismarttv.com
07-05 22:38:56.169 D/OkHttp  ( 4717): Accept-Encoding: gzip
07-05 22:38:56.169 D/OkHttp  ( 4717): Connection: Keep-Alive
07-05 22:38:56.169 D/OkHttp  ( 4717): User-Agent: okhttp/3.6.0
07-05 22:38:56.169 D/OkHttp  ( 4717): Accept-Encoding: gzip
07-05 22:38:56.169 D/OkHttp  ( 4717): --> END GET
07-05 22:38:56.169 D/OkHttp  ( 4717): User-Agent: okhttp/3.6.0
07-05 22:38:56.169 D/OkHttp  ( 4717): --> END GET
07-05 22:38:56.171 D/OkHttp  ( 4717): --> GET http://118.178.149.42/d?device_id=86100300900000500000060a4818fca8&host=b5d1d96093f9d07d386917b5d3b91cdcb031311b90271792b45951b69dc9c054dc862a7c9178ba82684e325a98b554b4&last= http/1.1
07-05 22:38:56.172 D/OkHttp  ( 4717): Host: lbgs.hismarttv.com
07-05 22:38:56.172 D/OkHttp  ( 4717): Connection: Keep-Alive
07-05 22:38:56.172 D/OkHttp  ( 4717): Accept-Encoding: gzip
07-05 22:38:56.172 D/OkHttp  ( 4717): User-Agent: okhttp/3.6.0
07-05 22:38:56.172 D/OkHttp  ( 4717): --> END GET
07-05 22:38:56.188 I/HttpBuilder( 4717): addUrlPublicParams mUrl ==>http://api.edu.hismarttv.com/usercenter/api/individualize_data?devid=86100300900000500000060a4818fca8&customerId=7195320&subscriberId=13287129&ChannelId=0&tags=&version_id=6&region_name=%E6%9D%AD%E5%B7%9E&uuid=13287129&mac=a8:a6:48:18:fc:a8&model_id=0&APPPackage=com.hisense.hicloud.edca&PFAPPCode=652&APPVersionName=3.0.0.9.00&softwareVersion=LED50MU8600UC0000888&tv_distribute_id=00&devType=0&APIVersion=600&accessToken=72DF6038D2AEAB8A76DFBBBBCC428A4A_001959356758611
07-05 22:38:56.190 D/HttpHandler( 4717): VerifySignInterCeptor-->request.url()=http://api.edu.hismarttv.com/usercenter/api/individualize_data?devid=86100300900000500000060a4818fca8&customerId=7195320&subscriberId=13287129&ChannelId=0&tags=&version_id=6&region_name=%E6%9D%AD%E5%B7%9E&uuid=13287129&mac=a8:a6:48:18:fc:a8&model_id=0&APPPackage=com.hisense.hicloud.edca&PFAPPCode=652&APPVersionName=3.0.0.9.00&softwareVersion=LED50MU8600UC0000888&tv_distribute_id=00&devType=0&APIVersion=600&accessToken=72DF6038D2AEAB8A76DFBBBBCC428A4A_001959356758611
07-05 22:38:56.190 I/RoleContentFragment( 4717): real get recommand data
07-05 22:38:56.190 D/HttpHandler( 4717): VerifySignInterCeptor-->hostname=api.edu.hismarttv.com
07-05 22:38:56.190 I/RoleContentFragment( 4717): setBackGround ,isVisible=true,hasload=true
07-05 22:38:56.190 I/Util    ( 4717): memory : total=1912,limit=1024
07-05 22:38:56.190 I/BaseContentFragment( 4717): hideLoadingView
07-05 22:38:56.190 I/RoleContentFragment( 4717): getServiceData: 0
07-05 22:38:56.191 D/HttpHandler( 4717): HttpDNS-->hostname=api.edu.hismarttv.com
07-05 22:38:56.194 D/HttpHandler( 4717): RAMCache-->hostInfo.getClientTimeStamp()=14374122
07-05 22:38:56.194 D/HttpHandler( 4717): RAMCache-->hostInfo.getTtl()=3600
07-05 22:38:56.194 D/HttpHandler( 4717): RAMCache-->SystemClock.elapsedRealtime()=14377766
07-05 22:38:56.198 V/InputMethodService( 2203): startInput(): editor=android.view.inputmethod.EditorInfo@1cda953f
07-05 22:38:56.198 V/InputMethodService( 2203): CALL: onFinishInput
07-05 22:38:56.198 E/SOGOUIME_JNI( 2203): reset
07-05 22:38:56.199 E/SOGOUIME_JNI( 2203): getCandidates
07-05 22:38:56.199 E/SOGOUIME_JNI( 2203): ime_get_uncommitted_length
07-05 22:38:56.199 I/NetflixMonitorService( 1733): current fgapk : com.hisense.hicloud.edca
07-05 22:38:56.199 I/NetflixMonitorService( 1733): Netflix status unchanged
07-05 22:38:56.199 E/SOGOUIME_JNI( 2203): getCandidates
07-05 22:38:56.199 D/SogouIME API( 2203): ==============num:32
07-05 22:38:56.199 E/SOGOUIME_JNI( 2203): ime_get_uncommitted_length
07-05 22:38:56.199 D/SogouIME( 2203): mFocusedComponent:30   isHkbEnable:false
07-05 22:38:56.199 E/SOGOUIME_JNI( 2203): ime_get_uncommitted_length
07-05 22:38:56.199 E/SOGOUIME_JNI( 2203): ime_get_committed_length
07-05 22:38:56.199 E/SOGOUIME_JNI( 2203): getComposingInfo
07-05 22:38:56.199 E/SOGOUIME_JNI( 2203): getComposingInfo
07-05 22:38:56.199 E/SOGOUIME_JNI( 2203): getCorrectInfo
07-05 22:38:56.199 E/SOGOUIME_JNI( 2203): getComposingInfo
07-05 22:38:56.199 D/TabView ( 4717): SLOVEN top===>:266
07-05 22:38:56.199 D/TabFocusBorderView( 4717): SLOVEN runTranslateAnimation
07-05 22:38:56.199 D/TabFocusBorderView( 4717): SLOVEN runTranslateAnimation
07-05 22:38:56.199 D/TabFocusBorderView( 4717): SLOVEN moveFocusView
07-05 22:38:56.200 V/InputMethodService( 2203): CALL: onStartInput
07-05 22:38:56.200 E/SOGOUIME_JNI( 2203): invalidateCommitWordPinyinNative
07-05 22:38:56.200 D/SogouIME( 2203): =====configKeyboard=======:false     false
07-05 22:38:56.200 E/SOGOUIME_JNI( 2203): ime_set_hard_kb_enable
07-05 22:38:56.202 D/HttpHandler( 4717): DNSHelper-->gslbDns=["123.103.91.123"]
07-05 22:38:56.204 D/TabFocusBorderView( 4717): SLOVEN onAnimationStart
07-05 22:38:56.206 E/TabView ( 4717): tab2
07-05 22:38:56.206 D/TabView ( 4717): SLOVEN mTopmBorderTop===>:0266
07-05 22:38:56.206 D/TabView ( 4717): tab scroll up listview
07-05 22:38:56.207 D/TabFocusBorderView( 4717): SLOVEN justchangeWidth
07-05 22:38:56.207 D/TabFocusBorderView( 4717): SLOVEN widthmWidth===>:220220
07-05 22:38:56.208 D/TabFocusBorderView( 4717): SLOVEN onAnimationStart
07-05 22:38:56.208 D/TabView ( 4717): SLOVEN mTopmBorderTop===>:410266
07-05 22:38:56.208 D/TabView ( 4717): setSelectedTabView
07-05 22:38:56.213 D/TabView ( 4717): 
07-05 22:38:56.216 D/TabView ( 4717): 
07-05 22:38:56.217 D/TabView ( 4717): 
07-05 22:38:56.219 D/TabView ( 4717): 
07-05 22:38:56.220 D/OkHttp  ( 4717): <-- 200 OK http://118.178.149.42/d?device_id=86100300900000500000060a4818fca8&host=b5d1d96093f9d07d386917b5d3b91cdcb031311b90271792b45951b69dc9c054dc862a7c9178ba82684e325a98b554b4&last= (72ms)
07-05 22:38:56.220 D/OkHttp  ( 4717): Server: openresty
07-05 22:38:56.220 D/OkHttp  ( 4717): Date: Wed, 05 Jul 2017 14:38:56 GMT
07-05 22:38:56.220 D/OkHttp  ( 4717): Content-Type: application/octet-stream
07-05 22:38:56.220 D/OkHttp  ( 4717): Transfer-Encoding: chunked
07-05 22:38:56.220 D/OkHttp  ( 4717): Connection: close
07-05 22:38:56.220 D/OkHttp  ( 4717): <-- END HTTP
07-05 22:38:56.221 D/TabView ( 4717): 
07-05 22:38:56.226 D/OkHttp  ( 4717): <-- 200 OK http://118.178.149.42/d?device_id=86100300900000500000060a4818fca8&host=b5d1d96093f9d07d386917b5d3b91cdcb031311b90271792b45951b69dc9c054dc862a7c9178ba82684e325a98b554b4&last= (56ms)
07-05 22:38:56.227 D/TabView ( 4717): 
07-05 22:38:56.228 D/OkHttp  ( 4717): Server: openresty
07-05 22:38:56.228 D/OkHttp  ( 4717): Date: Wed, 05 Jul 2017 14:38:56 GMT
07-05 22:38:56.228 D/OkHttp  ( 4717): Content-Type: application/octet-stream
07-05 22:38:56.228 D/OkHttp  ( 4717): Transfer-Encoding: chunked
07-05 22:38:56.228 D/OkHttp  ( 4717): Connection: close
07-05 22:38:56.228 D/OkHttp  ( 4717): <-- END HTTP
07-05 22:38:56.230 D/HttpHandler( 4717): DNSRetryIntercepter-->checkData=dbbf03a0e59a5c14094df6af108b323cef1668feb00543cf02a65568cd35a2583dcbb76678b691a009756fe2137fbe78040d048420ececd6caa473dd8cfc9939be685fb3648eebbd830f4be3c003857faf40d4d9c2e2e6c106dbf2c51086e08fac519c7c068715b5c9d92e0a35fb13a7a94c5ab9a8a6ccb91baa948ee94b843ba2b3dff2cb9556aa9907ad139cf0adaf26b5650a9435189e03ca798f1e71e49ff777e0079ff58f14025d78fe593a60cca2b7a3465dfe8701329a100adff9faca041e3b3788dd3117286ec7152e59ba5e10c3e970cb8d4c106f6dab82ca59d487ea5e0c98b2c397bceaf5c0b5a025c059127cfcfc4a4af8dcffa17be26ed160157a64bcdbe23fc8c4070b3c86b116c0dccc75771756a1a87ebbe0a652c4118f0e98e36ae6f926629ce29f46e3bc0c280b
07-05 22:38:56.230 D/OkHttp  ( 4717): <-- 200 OK http://118.178.149.42/d?device_id=86100300900000500000060a4818fca8&host=b5d1d96093f9d07d386917b5d3b91cdcb031311b90271792b45951b69dc9c054dc862a7c9178ba82684e325a98b554b4&last= (60ms)
07-05 22:38:56.232 D/HttpHandler( 4717): DNSHelper-->gslbDnsresult={"timestamp":1499265536,"msg":"","data":{"lbgs.hismarttv.com":{"ips":["118.178.149.42","139.217.11.211"],"ttl":3600},"picture.edu.hismarttv.com":{"ips":["123.128.14.209","153.35.175.121","220.202.77.124","153.35.175.120","36.33.158.222","112.65.220.40","218.58.206.58"],"ttl":300}},"retCode":"0"}
07-05 22:38:56.232 I/System.out( 4717):  remove duplicate [118.178.149.42, 139.217.11.211]
07-05 22:38:56.233 D/HttpHandler( 4717): DNSRetryIntercepter-->checkData=dbbf03a0e59a5c14094df6af108b323cef1668feb00543cf02a65568cd35a2583dcbb76678b691a009756fe2137fbe78040d048420ececd6caa473dd8cfc9939be685fb3648eebbd830f4be3c003857faf40d4d9c2e2e6c106dbf2c51086e08fac519c7c068715b5c9d92e0a35fb13a7a94c5ab9a8a6ccb91baa948ee94b843ba2b3dff2cb9556aa9907ad139cf0adaf7c95bd37bab5eaf4da7070d8f200147719ca95cc02014fdb65e7a184f91b1152799c3d6aac79bd3fd413e7fb929e196adaa75bb2755cfe35cfdcab075e679b42cbb0e4394eeed288089abc09a08e740ee7c3c2e005abc8f93a38a4186e8097784793eb0456d30756116d766a73fb857659635a5617f775bdf52c93beb324653a86ba15e8a697fb8a70296f88687f1036769ee8f74648cef236f68b5337be63fd
07-05 22:38:56.233 D/OkHttp  ( 4717): Server: openresty
07-05 22:38:56.233 D/OkHttp  ( 4717): Date: Wed, 05 Jul 2017 14:38:56 GMT
07-05 22:38:56.233 D/OkHttp  ( 4717): Content-Type: application/octet-stream
07-05 22:38:56.233 D/OkHttp  ( 4717): Transfer-Encoding: chunked
07-05 22:38:56.233 D/OkHttp  ( 4717): Connection: close
07-05 22:38:56.233 D/OkHttp  ( 4717): <-- END HTTP
07-05 22:38:56.234 D/TabView ( 4717): 
07-05 22:38:56.234 D/OkHttp  ( 4717): <-- 200 OK http://118.178.149.42/d?device_id=86100300900000500000060a4818fca8&host=b5d1d96093f9d07d386917b5d3b91cdcb031311b90271792b45951b69dc9c054dc862a7c9178ba82684e325a98b554b4&last= (62ms)
07-05 22:38:56.234 D/OkHttp  ( 4717): Server: openresty
07-05 22:38:56.235 D/OkHttp  ( 4717): Date: Wed, 05 Jul 2017 14:38:56 GMT
07-05 22:38:56.235 D/OkHttp  ( 4717): Content-Type: application/octet-stream
07-05 22:38:56.236 D/OkHttp  ( 4717): --> GET http://api.edu.hismarttv.com/usercenter/api/individualize_data?devid=86100300900000500000060a4818fca8&customerId=7195320&subscriberId=13287129&ChannelId=0&tags=&version_id=6&region_name=%E6%9D%AD%E5%B7%9E&uuid=13287129&mac=a8:a6:48:18:fc:a8&model_id=0&APPPackage=com.hisense.hicloud.edca&PFAPPCode=652&APPVersionName=3.0.0.9.00&softwareVersion=LED50MU8600UC0000888&tv_distribute_id=00&devType=0&APIVersion=600&accessToken=72DF6038D2AEAB8A76DFBBBBCC428A4A_001959356758611 http/1.1
07-05 22:38:56.236 D/TabView ( 4717): 
07-05 22:38:56.237 D/HttpHandler( 4717): DNSHelper-->gslbDnsresult={"timestamp":1499265536,"msg":"","data":{"lbgs.hismarttv.com":{"ips":["118.178.149.42","139.217.11.211"],"ttl":3600},"picture.edu.hismarttv.com":{"ips":["36.33.158.222","112.65.220.40","218.58.206.58","123.128.14.209","153.35.175.121","220.202.77.124","153.35.175.120"],"ttl":300}},"retCode":"0"}
07-05 22:38:56.237 I/System.out( 4717):  remove duplicate [118.178.149.42, 139.217.11.211]
07-05 22:38:56.235 D/OkHttp  ( 4717): Transfer-Encoding: chunked
07-05 22:38:56.238 D/OkHttp  ( 4717): Connection: close
07-05 22:38:56.238 D/OkHttp  ( 4717): <-- END HTTP
07-05 22:38:56.238 D/TabView ( 4717): 
07-05 22:38:56.243 D/TabView ( 4717): 
07-05 22:38:56.245 D/HttpHandler( 4717): DNSHelper-->httpDnsParser=["123.128.14.209","153.35.175.121","220.202.77.124","153.35.175.120","36.33.158.222","112.65.220.40","218.58.206.58"]
07-05 22:38:56.248 D/TabView ( 4717): 
07-05 22:38:56.250 D/TabView ( 4717): 
07-05 22:38:56.250 D/HttpHandler( 4717): DNSHelper-->httpDnsParser=["36.33.158.222","112.65.220.40","218.58.206.58","123.128.14.209","153.35.175.121","220.202.77.124","153.35.175.120"]
07-05 22:38:56.252 D/TabView ( 4717): 
07-05 22:38:56.253 D/TabView ( 4717): 
07-05 22:38:56.255 D/TabView ( 4717): 
07-05 22:38:56.257 D/TabView ( 4717): 
07-05 22:38:56.260 D/HttpHandler( 4717): DNSRetryIntercepter-->checkData=dbbf03a0e59a5c14094df6af108b323cef1668feb00543cf02a65568cd35a2583dcbb76678b691a009756fe2137fbe78040d048420ececd6caa473dd8cfc9939be685fb3648eebbd830f4be3c003857faf40d4d9c2e2e6c106dbf2c51086e08fac519c7c068715b5c9d92e0a35fb13a7a94c5ab9a8a6ccb91baa948ee94b843ba2b3dff2cb9556aa9907ad139cf0adaf5e4d9c72ec9e52b933751b8c4b2beb3c626987bae4bed980d10791ff407a93bf0e9a1c82f6a4ab3d9270ca0bf331b2ee6cc302d32465aab9bfe9fce16f6f52967335755f684e3340e274d9c49a7036df04b7c51668f99d22c9da083bb0d5caf28f56967912f26fa16482e4ec8d9a5de64e2f61f487f84c48b5e8b11e54eeea63d6f568709eb8f2ef8a30df05fd274df84414417ff140f60d6e13514a63fb2da0
07-05 22:38:56.262 D/OkHttp  ( 4717): Data_Type: JSON
07-05 22:38:56.262 D/OkHttp  ( 4717): RetryTime: 0
07-05 22:38:56.262 D/OkHttp  ( 4717): Backoffmutiplier: 0
07-05 22:38:56.262 D/OkHttp  ( 4717): Host: api.edu.hismarttv.com
07-05 22:38:56.262 D/OkHttp  ( 4717): Connection: Keep-Alive
07-05 22:38:56.262 D/OkHttp  ( 4717): Accept-Encoding: gzip
07-05 22:38:56.262 D/OkHttp  ( 4717): User-Agent: okhttp/3.6.0
07-05 22:38:56.262 D/OkHttp  ( 4717): --> END GET
07-05 22:38:56.263 D/HttpHandler( 4717): DNSRetryIntercepter-->checkData=dbbf03a0e59a5c14094df6af108b323cef1668feb00543cf02a65568cd35a2583dcbb76678b691a009756fe2137fbe78040d048420ececd6caa473dd8cfc9939be685fb3648eebbd830f4be3c003857faf40d4d9c2e2e6c106dbf2c51086e08fac519c7c068715b5c9d92e0a35fb13a7a94c5ab9a8a6ccb91baa948ee94b843ba2b3dff2cb9556aa9907ad139cf0adaf7c95bd37bab5eaf4da7070d8f200147719ca95cc02014fdb65e7a184f91b1152799c3d6aac79bd3fd413e7fb929e196adaa75bb2755cfe35cfdcab075e679b42cbb0e4394eeed288089abc09a08e740ee7c3c2e005abc8f93a38a4186e8097784793eb0456d30756116d766a73fb857659635a5617f775bdf52c93beb324653a86ba15e8a697fb8a70296f88687f1036769ee8f74648cef236f68b5337be63fd
07-05 22:38:56.265 I/MyFragmentStateAdapter( 4717): getCount
07-05 22:38:56.265 I/MyFragmentStateAdapter( 4717): getCount
07-05 22:38:56.266 D/TabView ( 4717): 
07-05 22:38:56.266 D/HttpHandler( 4717): DNSHelper-->gslbDnsresult={"timestamp":1499265536,"msg":"","data":{"lbgs.hismarttv.com":{"ips":["118.178.149.42","139.217.11.211"],"ttl":3600},"picture.edu.hismarttv.com":{"ips":["36.33.158.222","112.65.220.40","218.58.206.58","123.128.14.209","153.35.175.121","220.202.77.124","153.35.175.120"],"ttl":300}},"retCode":"0"}
07-05 22:38:56.266 I/System.out( 4717):  remove duplicate [118.178.149.42, 139.217.11.211]
07-05 22:38:56.268 D/TabView ( 4717): 
07-05 22:38:56.270 D/TabView ( 4717): 
07-05 22:38:56.272 D/OkHttp  ( 4717): --> GET http://picture.edu.hismarttv.com/images/20170628111729989045.png http/1.1
07-05 22:38:56.272 D/OkHttp  ( 4717): Host: picture.edu.hismarttv.com
07-05 22:38:56.272 D/OkHttp  ( 4717): Connection: Keep-Alive
07-05 22:38:56.272 D/OkHttp  ( 4717): Accept-Encoding: gzip
07-05 22:38:56.272 D/OkHttp  ( 4717): User-Agent: okhttp/3.6.0
07-05 22:38:56.272 D/OkHttp  ( 4717): --> END GET
07-05 22:38:56.276 D/TabView ( 4717): 
07-05 22:38:56.276 D/HttpHandler( 4717): DNSHelper-->httpDnsParser=["36.33.158.222","112.65.220.40","218.58.206.58","123.128.14.209","153.35.175.121","220.202.77.124","153.35.175.120"]
07-05 22:38:56.278 D/HttpHandler( 4717): RetryIntercepter-->retryNum=0
07-05 22:38:56.278 D/HttpHandler( 4717): RetryIntercepter-->backoffmutiplier=0
07-05 22:38:56.278 D/HttpHandler( 4717): DNSHelper-->gslbDnsresult={"timestamp":1499265536,"msg":"","data":{"lbgs.hismarttv.com":{"ips":["118.178.149.42","139.217.11.211"],"ttl":3600},"picture.edu.hismarttv.com":{"ips":["112.65.220.40","218.58.206.58","123.128.14.209","153.35.175.121","220.202.77.124","153.35.175.120","36.33.158.222"],"ttl":300}},"retCode":"0"}
07-05 22:38:56.279 D/HttpHandler( 4717): VerifySignInterCeptor-->request.url()=http://picture.edu.hismarttv.com/images/20170628115357740238.png
07-05 22:38:56.279 D/HttpHandler( 4717): VerifySignInterCeptor-->hostname=picture.edu.hismarttv.com
07-05 22:38:56.279 I/System.out( 4717):  remove duplicate [118.178.149.42, 139.217.11.211]
07-05 22:38:56.279 D/HttpHandler( 4717): HttpDNS-->hostname=picture.edu.hismarttv.com
07-05 22:38:56.280 D/HttpHandler( 4717): RAMCache-->hostInfo.getClientTimeStamp()=14377839
07-05 22:38:56.280 D/HttpHandler( 4717): RAMCache-->hostInfo.getTtl()=300
07-05 22:38:56.280 D/HttpHandler( 4717): RAMCache-->SystemClock.elapsedRealtime()=14377852
07-05 22:38:56.281 D/TabView ( 4717): 
07-05 22:38:56.282 D/TabView ( 4717): 
07-05 22:38:56.283 D/OkHttp  ( 4717): --> GET http://picture.edu.hismarttv.com/images/20170628121916725281.png http/1.1
07-05 22:38:56.283 D/OkHttp  ( 4717): Host: picture.edu.hismarttv.com
07-05 22:38:56.283 D/OkHttp  ( 4717): Connection: Keep-Alive
07-05 22:38:56.283 D/OkHttp  ( 4717): Accept-Encoding: gzip
07-05 22:38:56.283 D/OkHttp  ( 4717): User-Agent: okhttp/3.6.0
07-05 22:38:56.283 D/OkHttp  ( 4717): --> END GET
07-05 22:38:56.285 D/OkHttp  ( 4717): <-- 200 OK http://picture.edu.hismarttv.com/images/20170628111729989045.png (12ms)
07-05 22:38:56.285 D/OkHttp  ( 4717): Date: Tue, 04 Jul 2017 02:30:09 GMT
07-05 22:38:56.285 D/OkHttp  ( 4717): Server: nginx
07-05 22:38:56.285 D/OkHttp  ( 4717): Content-Type: image/png
07-05 22:38:56.285 D/OkHttp  ( 4717): Content-Length: 2752
07-05 22:38:56.285 D/OkHttp  ( 4717): Last-Modified: Wed, 28 Jun 2017 11:17:29 GMT
07-05 22:38:56.285 D/OkHttp  ( 4717): ETag: "59539049-ac0"
07-05 22:38:56.285 D/OkHttp  ( 4717): Accept-Ranges: bytes
07-05 22:38:56.285 D/OkHttp  ( 4717): Age: 130127
07-05 22:38:56.285 D/OkHttp  ( 4717): Via: 1.1 zhiwangtong173:3 (Cdn Cache Server V2.0)[13 200 0], 1.1 awt102:9 (Cdn Cache Server V2.0)[0 200 0]
07-05 22:38:56.286 D/OkHttp  ( 4717): Connection: keep-alive
07-05 22:38:56.286 D/OkHttp  ( 4717): <-- END HTTP
07-05 22:38:56.286 D/HttpHandler( 4717): RetryIntercepter-->retryNum=0
07-05 22:38:56.286 D/HttpHandler( 4717): RetryIntercepter-->backoffmutiplier=0
07-05 22:38:56.290 D/TabView ( 4717): 
07-05 22:38:56.295 D/TabView ( 4717): 
07-05 22:38:56.301 D/TabView ( 4717): 
07-05 22:38:56.311 D/TabView ( 4717): 
07-05 22:38:56.312 D/OkHttp  ( 4717): <-- 200 OK http://picture.edu.hismarttv.com/images/20170628121916725281.png (28ms)
07-05 22:38:56.312 D/OkHttp  ( 4717): Date: Wed, 05 Jul 2017 14:19:52 GMT
07-05 22:38:56.312 D/OkHttp  ( 4717): Server: nginx
07-05 22:38:56.312 D/OkHttp  ( 4717): Content-Type: image/png
07-05 22:38:56.312 D/OkHttp  ( 4717): Content-Length: 2555
07-05 22:38:56.313 D/OkHttp  ( 4717): Last-Modified: Wed, 28 Jun 2017 12:19:16 GMT
07-05 22:38:56.313 D/OkHttp  ( 4717): ETag: "59539ec4-9fb"
07-05 22:38:56.313 D/OkHttp  ( 4717): Accept-Ranges: bytes
07-05 22:38:56.313 D/OkHttp  ( 4717): Age: 1144
07-05 22:38:56.313 D/OkHttp  ( 4717): Via: 1.1 jn239:1 (Cdn Cache Server V2.0)[16 200 0], 1.1 PSahmaswt2en210:7 (Cdn Cache Server V2.0)[0 200 0]
07-05 22:38:56.313 D/OkHttp  ( 4717): Connection: keep-alive
07-05 22:38:56.313 D/OkHttp  ( 4717): <-- END HTTP
07-05 22:38:56.316 D/HttpHandler( 4717): DNSHelper-->httpDnsParser=["112.65.220.40","218.58.206.58","123.128.14.209","153.35.175.121","220.202.77.124","153.35.175.120","36.33.158.222"]
07-05 22:38:56.318 D/TabView ( 4717): 
07-05 22:38:56.323 D/TabView ( 4717): 
07-05 22:38:56.332 D/TabView ( 4717): 
07-05 22:38:56.335 D/TabView ( 4717): 
07-05 22:38:56.340 D/TabView ( 4717): 
07-05 22:38:56.345 D/TabView ( 4717): 
07-05 22:38:56.348 I/MyFragmentStateAdapter( 4717): getCount
07-05 22:38:56.348 I/MyFragmentStateAdapter( 4717): getCount
07-05 22:38:56.378 I/TabView ( 4717): onScroll:,firstItem=0,visibleCount=6,totalCount=10
07-05 22:38:56.380 D/HttpHandler( 4717): RetryIntercepter-->retryNum=0
07-05 22:38:56.380 D/HttpHandler( 4717): RetryIntercepter-->backoffmutiplier=0
07-05 22:38:56.381 D/OkHttp  ( 4717): --> GET http://picture.edu.hismarttv.com/images/20170628111759213347.png http/1.1
07-05 22:38:56.382 D/OkHttp  ( 4717): Host: picture.edu.hismarttv.com
07-05 22:38:56.382 D/OkHttp  ( 4717): Connection: Keep-Alive
07-05 22:38:56.382 D/OkHttp  ( 4717): Accept-Encoding: gzip
07-05 22:38:56.382 D/OkHttp  ( 4717): User-Agent: okhttp/3.6.0
07-05 22:38:56.382 D/OkHttp  ( 4717): --> END GET
07-05 22:38:56.382 D/OkHttp  ( 4717): <-- 200 OK http://api.edu.hismarttv.com/usercenter/api/individualize_data?devid=86100300900000500000060a4818fca8&customerId=7195320&subscriberId=13287129&ChannelId=0&tags=&version_id=6&region_name=%E6%9D%AD%E5%B7%9E&uuid=13287129&mac=a8:a6:48:18:fc:a8&model_id=0&APPPackage=com.hisense.hicloud.edca&PFAPPCode=652&APPVersionName=3.0.0.9.00&softwareVersion=LED50MU8600UC0000888&tv_distribute_id=00&devType=0&APIVersion=600&accessToken=72DF6038D2AEAB8A76DFBBBBCC428A4A_001959356758611 (119ms)
07-05 22:38:56.382 D/OkHttp  ( 4717): Server: nginx
07-05 22:38:56.382 D/OkHttp  ( 4717): Date: Wed, 05 Jul 2017 14:38:56 GMT
07-05 22:38:56.382 D/OkHttp  ( 4717): Content-Type: application/json
07-05 22:38:56.382 D/OkHttp  ( 4717): Content-Length: 17184
07-05 22:38:56.382 D/OkHttp  ( 4717): Connection: close
07-05 22:38:56.382 D/OkHttp  ( 4717): <-- END HTTP
07-05 22:38:56.382 D/HttpHandler( 4717): RetryIntercepter-->retryNum=0
07-05 22:38:56.382 D/HttpHandler( 4717): RetryIntercepter-->backoffmutiplier=0
07-05 22:38:56.383 D/HttpHandler( 4717): DNSHelper-->gslbDns=["36.33.158.222","112.65.220.40","218.58.206.58","123.128.14.209","153.35.175.121","220.202.77.124","153.35.175.120"]
07-05 22:38:56.400 I/ContentBridgeAdapterListener( 4717): onAddPresenter 0
07-05 22:38:56.403 I/TVMW@devctrl( 1234): wdt
07-05 22:38:56.404 D/OkHttp  ( 4717): <-- 200 OK http://picture.edu.hismarttv.com/images/20170628111759213347.png (21ms)
07-05 22:38:56.404 D/OkHttp  ( 4717): Date: Wed, 05 Jul 2017 14:10:53 GMT
07-05 22:38:56.404 D/OkHttp  ( 4717): Server: nginx
07-05 22:38:56.404 D/OkHttp  ( 4717): Content-Type: image/png
07-05 22:38:56.404 D/OkHttp  ( 4717): Content-Length: 2518
07-05 22:38:56.404 D/OkHttp  ( 4717): Last-Modified: Wed, 28 Jun 2017 11:17:59 GMT
07-05 22:38:56.404 D/OkHttp  ( 4717): ETag: "59539067-9d6"
07-05 22:38:56.404 D/OkHttp  ( 4717): Accept-Ranges: bytes
07-05 22:38:56.404 D/OkHttp  ( 4717): Age: 1683
07-05 22:38:56.404 D/OkHttp  ( 4717): Via: 1.1 pingwangtong47:3 (Cdn Cache Server V2.0)[22 200 0], 1.1 luwangtong27:1 (Cdn Cache Server V2.0)[0 200 0]
07-05 22:38:56.404 D/OkHttp  ( 4717): Connection: keep-alive
07-05 22:38:56.404 D/OkHttp  ( 4717): <-- END HTTP
07-05 22:38:56.404 D/HttpHandler( 4717): RetryIntercepter-->retryNum=0
07-05 22:38:56.404 D/HttpHandler( 4717): RetryIntercepter-->backoffmutiplier=0
07-05 22:38:56.408 I/ContentBridgeAdapterListener( 4717): onCreate ViewHolder{3a835915 position=-1 id=-1, oldPos=-1, pLpos:-1 unbound no parent}
07-05 22:38:56.409 I/ContentBridgeAdapterListener( 4717): onBind 
07-05 22:38:56.414 D/OkHttp  ( 4717): --> GET http://picture.edu.hismarttv.com/images/20170628115357740238.png http/1.1
07-05 22:38:56.414 D/OkHttp  ( 4717): Host: picture.edu.hismarttv.com
07-05 22:38:56.414 D/OkHttp  ( 4717): Connection: Keep-Alive
07-05 22:38:56.414 D/OkHttp  ( 4717): Accept-Encoding: gzip
07-05 22:38:56.414 D/OkHttp  ( 4717): User-Agent: okhttp/3.6.0
07-05 22:38:56.414 D/OkHttp  ( 4717): --> END GET
07-05 22:38:56.421 I/art     ( 4717): Background partial concurrent mark sweep GC freed 40445(2MB) AllocSpace objects, 1(1314KB) LOS objects, 14% free, 24MB/28MB, paused 6.172ms total 136.154ms
07-05 22:38:56.422 I/TVMW@HsTvSetting( 1234): Trace cmd, data = 0x1058
07-05 22:38:56.422 D/til@system( 2026): til_get_system_param option:100002F int:0, bool:0, ret:0
07-05 22:38:56.422 D/NativeDecimalFormat( 4717): NativeDecimalFormat_close print addr=4098432256
07-05 22:38:56.422 D/NativeDecimalFormat( 4717): NativeDecimalFormat_close print g_addr=4101518080
07-05 22:38:56.422 D/NativeDecimalFormat( 4717): NativeDecimalFormat_close print addr=4101518080
07-05 22:38:56.422 D/NativeDecimalFormat( 4717): NativeDecimalFormat_close print g_addr=4101518080
07-05 22:38:56.422 I/TVMW@HsTvSetting( 1234): Trace cmd, data = 0x101f
07-05 22:38:56.422 D/til@system( 2026): til_get_system_param option:100001D int:3, bool:3, ret:0
07-05 22:38:56.422 E/til     ( 2026): [til_get_current_input_source, 101] 
07-05 22:38:56.423 I/TVMW@HsTvSetting( 1234): Trace cmd, data = 0x7007
07-05 22:38:56.423 I/tilwrapper@sm( 2026): HS2TIL_SourceType *hs=0xd, *til=0x900
07-05 22:38:56.423 D/til     ( 2026): get current source 2304
07-05 22:38:56.423 D/SourceRemoteServiceHandler( 2026): getCurrentInputSource.from.til.result is 0, value is 2304
07-05 22:38:56.423 D/SourceRemoteServiceHandler( 2026): getInputSourceType source: 0x900, type=2304
07-05 22:38:56.423 D/til     ( 2026): ###### func:til_get_picture_param option:0x3000006 ######  
07-05 22:38:56.425 I/TVMW@HsTvSetting( 1234): Trace cmd, data = 0x1003
07-05 22:38:56.426 I/TVMW@HsTvSetting( 1234): Trace cmd, data = 0x8032
07-05 22:38:56.426 I/hstvos  ( 1216): [0m[1;33m[HSHAL][HS_VIDEO][HS_HAL_Video_SetOsdDetect_v2][2389]u16Threshold = 20
07-05 22:38:56.426 I/MiSysSrv( 1214): Not support now! 42, change to mm_video!!!
07-05 22:38:56.426 E/TVMW@videoctrl( 1234):  getOsd is 1
07-05 22:38:56.427 D/til@system( 2026): til_get_system_param option:1000027 int:1, bool:1, ret:0
07-05 22:38:56.427 D/HttpHandler( 4717): VerifySignInterCeptor-->dateType=1
07-05 22:38:56.427 D/HttpHandler( 4717): VerifySignInterCeptor-->HttpRequestManager.httpClietOption.getVerifyFlag()=1
07-05 22:38:56.427 D/til     ( 2026): ###### func:til_get_picture_param option:0x3000045 ######  
07-05 22:38:56.427 I/TVMW@HsTvSetting( 1234): Trace cmd, data = 0x300c
07-05 22:38:56.427 I/TVMW@HsTvSetting( 1234): Trace 3d, data = 0x300c
07-05 22:38:56.427 I/TVMW@3d ( 1234): Hs_debug3d_trace: func:get3dStatus, line:109
07-05 22:38:56.435 D/HttpHandler( 4717): VerifySignInterCeptor-->content={"masterViews": [{"navigationId": 10002, "tiles": [{"index": 1, "facets": [{"index": 1, "typeCode": 1002, "grade": null, "title": "\u90d1\u591a\u71d5BodyBall Slim\u5927\u7403\u64cd", "backgroundImages": [{"url": "http://picture.edu.hismarttv.com/images/20161212024038700821.jpg", "mobile_image_icon_url": "http://picture.edu.hismarttv.com/images/20161102023035587534.jpg", "url_horizontal": "http://picture.edu.hismarttv.com/images/20170629033643181276.jpg"}], "id": "38036"}], "width_horizontal": null, "width": null}, {"index": 1, "facets": [{"index": 1, "typeCode": 1002, "grade": null, "title": "\u90d1\u591a\u71d5BodyBall ABS\u6709\u6c27\u64cd", "backgroundImages": [{"url": "http://picture.edu.hismarttv.com/images/20161212022722337765.jpg", "mobile_image_icon_url": "http://picture.edu.hismarttv.com/images/20161102033100773911.jpg", "url_horizontal": "http://picture.edu.hismarttv.com/images/20170629032906301152.jpg"}], "id": "38037"}], "width_horizontal": null, "width": null}, {"index": 1, "facets": [{"index": 1, "typeCode": 1002, "grade": "\u5176\u4ed6", "title": "\u98ce\u5c1a\u5065\u8eab-\u52a8\u611f\u8857\u821e", "backgroundImages": [{"url": null, "mobile_image_icon_url": null, "url_horizontal": "http://picture.edu.hismarttv.com/images/20170629/\u98ce\u5c1a\u5065\u8eab-\u52a8\u611f\u8857\u821e.jpg"}], "id": "8852"}], "width_horizontal": null, "width": null}, {"index": 1, "facets": [{"index": 1, "typeCode": 1002, "grade": null, "title": "\u90d1\u591a\u71d5BodyBall Hip&leg\u57ab\u4e0a\u64cd", "backgroundImages": [{"url": "http://picture.edu.hismarttv.com/images/20161212022759387904.jpg", "mobile_image_icon_url": "http://picture.edu.hismarttv.com/images/20161102032541379768.jpg", "url_horizontal": "http://picture.edu.hismarttv.com/images/20170629033606511137.jpg"}], "id": "38039"}], "width_horizontal": null, "width": null}, {"index": 1, "facets": [{"index": 1, "typeCode": 1002, "grade": null, "title": "\u90d1\u591a\u71d5\u5c0f\u7070\u5e3d\u5065\u8eab\u64cd", "backgroundImages": [{"url": "http://picture.edu.hismarttv.com/images/20161212022539029485.jpg", "mobile_image_icon_url": "http://picture.edu.hismarttv.com/images/20161102021604651091.jpg", "url_horizontal": "http://picture.edu.hismarttv.com/images/20170629/\u90d1\u591a\u71d5\u5c0f\u7070\u5e3d\u5065\u8eab\u64cd.jpg"}], "id": "38033"}], "width_horizontal": null, "width": null}, {"index": 1, "facets": [{"index": 1, "typeCode": 1002, "grade": null, "title": "\u90d1\u591a\u71d5FigureDumb\u54d1\u94c3\u64cd", "backgroundImages": [{"url": "http://picture.edu.hismarttv.com/images/20161212035609771233.jpg", "mobile_image_icon_url": "http://picture.edu.hismarttv.com/images/20161102021824917487.jpg", "url_horizontal": "http://picture.edu.hismarttv.com/images/20170629033936455331.jpg"}], "id": "38034"}], "width_horizontal": null, "width": null}, {"index": 1, "facets": [{"index": 1, "typeCode": 1002, "grade": null, "title": "\u90d1\u591a\u71d5FigureMat\u57ab\u4e0a\u64cd", "backgroundImages": [{"url": "http://picture.edu.hismarttv.com/images/20161212022344417148.jpg", "mobile_image_icon_url": null, "url_horizontal": "http://picture.edu.hismarttv.com/images/20170629033520364415.jpg"}], "id": "38035"}], "width_horizontal": null, "width": null}, {"index": 1, "facets": [{"index": 1, "typeCode": 1002, "grade": null, "title": "\u548c\u5973\u795e\u4e00\u8d77\u5b66\u53e3\u8bed\uff08\u7f51\u7edc\u5267\uff09", "backgroundImages": [{"url": "http://picture.edu.hismarttv.com/images/20170316053549297889.jpg", "mobile_image_icon_url": null, "url_horizontal": null}], "id": "35901"}], "width_horizontal": null, "width": null}, {"index": 1, "facets": [{"index": 1, "typeCode": 1002, "grade": null, "title": "\u770b\u5927\u7247\u5b66\u82f1\u6587\uff08\u7f51\u7edc\u5267\uff09", "backgroundImages": [{"url": "http://picture.edu.hismarttv.com/images/20170316053716559350.jpg", "mobile_image_icon_url": null, "url_horizontal": null}], "id": "35891"}], "width_horizontal": null, "width": null}, {"index": 1, "facets": [{"index": 1, "typeCode": 1002, "
07-05 22:38:56.436 I/ContentBridgeAdapterListener( 4717): onAttachedToWindow ViewHolder{3a835915 position=0 id=-1, oldPos=-1, pLpos:-1}
07-05 22:38:56.436 I/BaseContentFragment( 4717): setRowViewSelectedViewHolder{3a835915 position=0 id=-1, oldPos=-1, pLpos:-1},isSelectedtrue
07-05 22:38:56.436 I/RoleContentFragment( 4717): onChildSelected:0,lastPos=0
07-05 22:38:56.448 I/ContentBridgeAdapterListener( 4717): onAddPresenter 1
07-05 22:38:56.448 I/ContentBridgeAdapterListener( 4717): onCreate ViewHolder{fa156e8 position=-1 id=-1, oldPos=-1, pLpos:-1 unbound no parent}
07-05 22:38:56.449 I/SpecialFirstRowPresenter( 4717): onBindViewHoldercom.hisense.tvui.newhome.presenter.SpecialFirstListRow@2f9ce101,isUnbind=false
07-05 22:38:56.449 I/ContentBridgeAdapterListener( 4717): onBind 
07-05 22:38:56.457 D/OkHttp  ( 4717): <-- 200 OK http://picture.edu.hismarttv.com/images/20170628115357740238.png (42ms)
07-05 22:38:56.457 D/OkHttp  ( 4717): Date: Wed, 05 Jul 2017 14:20:52 GMT
07-05 22:38:56.457 D/OkHttp  ( 4717): Server: nginx
07-05 22:38:56.457 D/OkHttp  ( 4717): Content-Type: image/png
07-05 22:38:56.457 D/OkHttp  ( 4717): Content-Length: 2204
07-05 22:38:56.457 D/OkHttp  ( 4717): Last-Modified: Wed, 28 Jun 2017 11:53:57 GMT
07-05 22:38:56.457 D/OkHttp  ( 4717): ETag: "595398d5-89c"
07-05 22:38:56.457 D/OkHttp  ( 4717): Accept-Ranges: bytes
07-05 22:38:56.457 D/OkHttp  ( 4717): Age: 1084
07-05 22:38:56.457 D/OkHttp  ( 4717): Via: 1.1 pingwangtong52:0 (Cdn Cache Server V2.0)[0 200 0], 1.1 PSahmaswt2ua207:5 (Cdn Cache Server V2.0)[0 200 0]
07-05 22:38:56.457 D/OkHttp  ( 4717): Connection: keep-alive
07-05 22:38:56.457 D/OkHttp  ( 4717): <-- END HTTP
07-05 22:38:56.457 D/HttpHandler( 4717): RetryIntercepter-->retryNum=0
07-05 22:38:56.457 D/HttpHandler( 4717): RetryIntercepter-->backoffmutiplier=0
07-05 22:38:56.461 I/ContentBridgeAdapterListener( 4717): onAttachedToWindow ViewHolder{fa156e8 position=1 id=-1, oldPos=-1, pLpos:-1}
07-05 22:38:56.462 I/FirstLineAdapter( 4717): canShowTrailer,isOffline=false
07-05 22:38:56.462 I/FirstLineAdapter( 4717): canShowTrailer,isOffline=false
07-05 22:38:56.465 I/FirstLineAdapter( 4717): canShowTrailer,isOffline=false
07-05 22:38:56.465 I/FirstLineAdapter( 4717): onCreateViewHolder viewtype=0
07-05 22:38:56.499 I/FirstLineAdapter( 4717): onBindViewHolder 0
07-05 22:38:56.504 D/OsdMonitorService( 1733): mCurrentWindow = com.hisense.hicloud.edca/com.hisense.tvui.newhome.HomeMainActivity; newWindow = com.hisense.hicloud.edca/com.hisense.tvui.newhome.HomeMainActivity; isSubWindow = false; isInWinList = false; isExitNow = false
07-05 22:38:56.504 D/OsdMonitorService( 1733): windowNotOsd() : name = com.hisense.hicloud.edca/com.hisense.tvui.newhome.HomeMainActivity
07-05 22:38:56.504 I/OsdMonitorService( 1733): setOsdStatus() : status will change from true to true
07-05 22:38:56.505 D/PowerManagerService( 1733): setScreenBrightnessOverrideFromWindowManagerInternal done
07-05 22:38:56.511 D/PowerManagerService( 1733): setScreenBrightnessOverrideFromWindowManagerInternal done
07-05 22:38:56.519 I/FirstLineAdapter( 4717): canShowTrailer,isOffline=false
07-05 22:38:56.519 I/FirstLineAdapter( 4717): onCreateViewHolder viewtype=1
07-05 22:38:56.526 D/PowerManagerService( 1733): setScreenBrightnessOverrideFromWindowManagerInternal done
07-05 22:38:56.556 D/hwcomposer( 1204): lastHWWindowInfo is dirty
07-05 22:38:56.604 I/FirstLineAdapter( 4717): onBindViewHolder 1
07-05 22:38:56.606 D/FirstLineAdapter( 4717): setVipPoster ===>url :http://picture.edu.hismarttv.com/images/
07-05 22:38:56.621 I/FirstLineAdapter( 4717): canShowTrailer,isOffline=false
07-05 22:38:56.621 I/FirstLineAdapter( 4717): onCreateViewHolder viewtype=2
07-05 22:38:56.634 I/FirstLineAdapter( 4717): onBindViewHolder 2
07-05 22:38:56.651 I/MyItemDecoration( 4717): getItemOffsets rect=Rect(0, -17 - 0, 0),pos=1
07-05 22:38:56.651 I/MyItemDecoration( 4717): getItemOffsets rect=Rect(0, -15 - 0, 0),pos=2
07-05 22:38:56.652 I/FirstLineAdapter( 4717): canShowTrailer,isOffline=false
07-05 22:38:56.652 I/FirstLineAdapter( 4717): canShowTrailer,isOffline=false
07-05 22:38:56.652 I/FirstLineAdapter( 4717): onCreateViewHolder viewtype=3
07-05 22:38:56.653 I/CurrentCarouselView( 4717): initView
07-05 22:38:56.674 E/WebcastSDK-( 4717): isImageCacheLimitedStat(),  context.getPackageName = com.hisense.hicloud.edca
07-05 22:38:56.674 E/WebcastSDK-( 4717): isImageCacheLimitedStat(),  mIsImageLimited = 1
07-05 22:38:56.717 I/HLSP2P  (16224): ## 2017-07-05 22:38:56.694 [16224,16378,:0] INFO ## [HLSP2P][PeerServer.cpp:559][INFO][SendHeartBeatReq][PeerServer] send hearbeat to 123.126.121.155:30013 ok
07-05 22:38:56.717 I/HLSP2P  (16224): ## 2017-07-05 22:38:56.706 [16224,16380,:0] INFO ## [HLSP2P][PeerServer.cpp:738][INFO][OnHeartBeatRsp][PeerServer] ps heartbeat rsp ok
07-05 22:38:56.734 E/WebcastSDK-HiCloudSourcePlugin( 4717): init(), Webcast App Token is NULL.
07-05 22:38:56.734 E/WebcastSDK-HiCloudSourcePlugin( 4717): getHiCloudService(), Webcast App Token is NULL.
07-05 22:38:56.744 D/WebcastSDK-HiCloudSourcePlugin( 4717): getContext(): com.hisense.hicloud.edca.BaseApplication@2adbac5c mWebcastManager: null
07-05 22:38:56.744 E/WebcastSDK-DataReport( 4717): init(), Webcast App Token is NULL.
07-05 22:38:56.744 E/WebcastSDK-DataReport( 4717): getHiCloudService(), Webcast App Token is NULL.
07-05 22:38:56.747 E/WebcastSDK-HiCloudSourcePlugin( 4717): checkHiCloudFetchCondition(), Webcast App Token is NULL. mToken: null
07-05 22:38:56.747 E/WebcastSDK-HiCloudSourcePlugin( 4717): FetchSystemParameterTask(), has no fetch condition, return.
07-05 22:38:56.752 I/WebcastSDK-ProgramScheduleDataManager( 4717): init(), next time to fetch programSchedules in interval = 120min.
07-05 22:38:56.753 I/WebcastSDK-HistoryDataManager( 4717): HistoryDataManager.init
07-05 22:38:56.770 D/HDMI    ( 1733): [P]:AllocatedAddress=[]
07-05 22:38:56.773 D/HttpHandler( 4717): VerifySignInterCeptor-->request.url()=http://picture.edu.hismarttv.com/images/20170628115302475663.png
07-05 22:38:56.773 D/HttpHandler( 4717): VerifySignInterCeptor-->hostname=picture.edu.hismarttv.com
07-05 22:38:56.774 D/OkHttp  ( 4717): --> GET http://picture.edu.hismarttv.com/images/20170628115302475663.png http/1.1
07-05 22:38:56.774 D/OkHttp  ( 4717): Host: picture.edu.hismarttv.com
07-05 22:38:56.774 D/OkHttp  ( 4717): Connection: Keep-Alive
07-05 22:38:56.774 D/OkHttp  ( 4717): Accept-Encoding: gzip
07-05 22:38:56.774 D/OkHttp  ( 4717): User-Agent: okhttp/3.6.0
07-05 22:38:56.774 D/OkHttp  ( 4717): --> END GET
07-05 22:38:56.779 D/WebcastSDK-WebcastManager( 4717): Device license:WASU
07-05 22:38:56.781 D/HttpHandler( 4717): VerifySignInterCeptor-->request.url()=http://picture.edu.hismarttv.com/images/20170628111836879100.png
07-05 22:38:56.781 D/HttpHandler( 4717): VerifySignInterCeptor-->hostname=picture.edu.hismarttv.com
07-05 22:38:56.785 D/OkHttp  ( 4717): --> GET http://picture.edu.hismarttv.com/images/20170628111836879100.png http/1.1
07-05 22:38:56.785 D/OkHttp  ( 4717): Host: picture.edu.hismarttv.com
07-05 22:38:56.785 D/OkHttp  ( 4717): Connection: Keep-Alive
07-05 22:38:56.785 D/OkHttp  ( 4717): Accept-Encoding: gzip
07-05 22:38:56.785 D/OkHttp  ( 4717): User-Agent: okhttp/3.6.0
07-05 22:38:56.785 D/OkHttp  ( 4717): --> END GET
07-05 22:38:56.786 D/OkHttp  ( 4717): <-- 200 OK http://picture.edu.hismarttv.com/images/20170628115302475663.png (12ms)
07-05 22:38:56.786 D/OkHttp  ( 4717): Date: Mon, 03 Jul 2017 10:50:26 GMT
07-05 22:38:56.786 D/OkHttp  ( 4717): Server: nginx
07-05 22:38:56.786 D/OkHttp  ( 4717): Content-Type: image/png
07-05 22:38:56.786 D/OkHttp  ( 4717): Content-Length: 2527
07-05 22:38:56.787 D/OkHttp  ( 4717): Last-Modified: Wed, 28 Jun 2017 11:53:02 GMT
07-05 22:38:56.787 D/OkHttp  ( 4717): ETag: "5953989e-9df"
07-05 22:38:56.787 D/OkHttp  ( 4717): Accept-Ranges: bytes
07-05 22:38:56.787 D/OkHttp  ( 4717): Age: 186510
07-05 22:38:56.787 D/OkHttp  ( 4717): Via: 1.1 jn241:2 (Cdn Cache Server V2.0)[0 200 0], 1.1 nwangtong98:4 (Cdn Cache Server V2.0)[0 200 0]
07-05 22:38:56.787 D/OkHttp  ( 4717): Connection: keep-alive
07-05 22:38:56.787 D/OkHttp  ( 4717): <-- END HTTP
07-05 22:38:56.787 D/HttpHandler( 4717): RetryIntercepter-->retryNum=0
07-05 22:38:56.787 D/HttpHandler( 4717): RetryIntercepter-->backoffmutiplier=0
07-05 22:38:56.797 I/DataDBLite( 4717): onCreate
07-05 22:38:56.812 D/OkHttp  ( 4717): <-- 200 OK http://picture.edu.hismarttv.com/images/20170628111836879100.png (26ms)
07-05 22:38:56.812 D/OkHttp  ( 4717): Date: Wed, 05 Jul 2017 14:20:53 GMT
07-05 22:38:56.812 D/OkHttp  ( 4717): Server: nginx
07-05 22:38:56.812 D/OkHttp  ( 4717): Content-Type: image/png
07-05 22:38:56.812 D/OkHttp  ( 4717): Content-Length: 2420
07-05 22:38:56.812 D/OkHttp  ( 4717): Last-Modified: Wed, 28 Jun 2017 11:18:36 GMT
07-05 22:38:56.812 D/OkHttp  ( 4717): ETag: "5953908c-974"
07-05 22:38:56.812 D/OkHttp  ( 4717): Accept-Ranges: bytes
07-05 22:38:56.812 D/OkHttp  ( 4717): Age: 1083
07-05 22:38:56.812 D/OkHttp  ( 4717): Via: 1.1 hewangtong168:6 (Cdn Cache Server V2.0)[0 200 0], 1.1 PSahmaswt2ak213:6 (Cdn Cache Server V2.0)[0 200 0]
07-05 22:38:56.812 D/OkHttp  ( 4717): Connection: keep-alive
07-05 22:38:56.812 D/OkHttp  ( 4717): <-- END HTTP
07-05 22:38:56.813 D/HttpHandler( 4717): RetryIntercepter-->retryNum=0
07-05 22:38:56.813 D/HttpHandler( 4717): RetryIntercepter-->backoffmutiplier=0
07-05 22:38:56.815 E/WebcastSDK-HiCloudImageCacheManager( 4717): HiCloudImageCacheManager(), isImageCacheLimitedStat = true
