07-05 21:14:06.505 I/NetflixMonitorService( 1733): current fgapk : com.jamdeo.launcher
07-05 21:14:06.505 I/NetflixMonitorService( 1733): Netflix status unchanged
07-05 21:14:06.507 D/PowerManagerService( 1733): wakeUp: eventTime=9288078
07-05 21:14:06.507 D/PowerManagerService( 1733): wakeUpInternal: eventTime=9288078, uid=1000
07-05 21:14:06.507 D/PowerManagerService( 1733): wakeUpNoUpdateLocked: eventTime=9288078, uid=1000
07-05 21:14:06.536 D/PowerManagerService( 1733): setScreenBrightnessOverrideFromWindowManagerInternal done
07-05 21:14:06.541 D/PowerManagerService( 1733): setScreenBrightnessOverrideFromWindowManagerInternal done
07-05 21:14:06.550 D/PowerManagerService( 1733): setScreenBrightnessOverrideFromWindowManagerInternal done
07-05 21:14:06.554 D/PowerManagerService( 1733): setScreenBrightnessOverrideFromWindowManagerInternal done
07-05 21:14:06.557 D/UsageStatsService( 1733): User[0] Got usage event for com.jamdeo.launcher[1499260446360]: MOVE_TO_FOREGROUND
07-05 21:14:06.558 D/UsageStatsService( 1733): User[0] Got usage event for com.jamdeo.launcher[1499260446446]: MOVE_TO_BACKGROUND
07-05 21:14:06.558 D/UsageStatsService( 1733): User[0] Got usage event for com.jamdeo.launcher[1499260446453]: MOVE_TO_FOREGROUND
07-05 21:14:06.565 D/PowerManagerService( 1733): setScreenBrightnessOverrideFromWindowManagerInternal done
07-05 21:14:06.579 V/WindowManager( 1733): not Base app: Adding window Window{3e6e9e44 u0 GlobalPanel} at 10 of 18
07-05 21:14:06.609 D/PowerManagerService( 1733): setScreenBrightnessOverrideFromWindowManagerInternal done
07-05 21:14:06.611 D/PowerManagerService( 1733): setScreenBrightnessOverrideFromWindowManagerInternal done
07-05 21:14:06.798 D/PowerManagerService( 1733): setScreenBrightnessOverrideFromWindowManagerInternal done
07-05 21:14:06.810 D/PowerManagerService( 1733): setScreenBrightnessOverrideFromWindowManagerInternal done
07-05 21:14:07.060 D/PowerManagerService( 1733): setScreenBrightnessOverrideFromWindowManagerInternal done
07-05 21:14:07.061 D/PowerManagerService( 1733): setScreenBrightnessOverrideFromWindowManagerInternal done
07-05 21:14:07.105 D/PowerManagerService( 1733): setScreenBrightnessOverrideFromWindowManagerInternal done
07-05 21:14:07.155 D/PowerManagerService( 1733): setScreenBrightnessOverrideFromWindowManagerInternal done
07-05 21:14:07.158 D/PowerManagerService( 1733): setScreenBrightnessOverrideFromWindowManagerInternal done
07-05 21:14:07.222 D/PowerManagerService( 1733): releaseWakeLockInternal: lock=681732318 [ActivityManager-Launch], flags=0x0
07-05 21:14:07.223 D/PowerManagerNotifier( 1733): onWakeLockReleased: flags=1, tag="ActivityManager-Launch", packageName=android, ownerUid=1000, ownerPid=1733, workSource=null
07-05 21:14:07.506 I/NetflixMonitorService( 1733): current fgapk : com.jamdeo.launcher
07-05 21:14:07.506 I/NetflixMonitorService( 1733): Netflix status unchanged
07-05 21:14:07.514 D/GlobalInputEventMonitoringService( 1733): interceptKeyBeforeQueueing(), event:3, mNeedMonitorKeyEvent:true, mWaitForKeyUpEvent:false
07-05 21:14:07.514 D/GlobalInputEventMonitoringService( 1733): processKeyEvent(), processKeyEvent event:3
07-05 21:14:07.515 D/PowerManagerService( 1733): userActivityNoUpdateLocked: eventTime=9289080, event=1, flags=0x0, uid=1000
07-05 21:14:07.516 D/GlobalInputEventMonitoringService( 1733): interceptKeyBeforeQueueing(), event:3, mNeedMonitorKeyEvent:true, mWaitForKeyUpEvent:false
07-05 21:14:07.516 D/GlobalInputEventMonitoringService( 1733): processKeyEvent(), processKeyEvent event:3
07-05 21:14:07.518 D/PowerManagerService( 1733): userActivityNoUpdateLocked: eventTime=9289090, event=0, flags=0x0, uid=1000
07-05 21:14:07.519 D/TileTransitionManager( 1733): getActivityContainer not enter cts mode
07-05 21:14:07.520 D/JamdeoActivityStackSupervisor( 1733): get currentSiloName
07-05 21:14:07.520 I/ActivityManager( 1733): START u0 {act=android.intent.action.MAIN cat=[android.intent.category.HOME] flg=0x10200000 cmp=com.jamdeo.launcher/.app.DefaultHomeActivity} from uid 1000 on display 0
07-05 21:14:07.522 D/PowerManagerService( 1733): setScreenBrightnessOverrideFromWindowManagerInternal done
07-05 21:14:07.523 D/PowerManagerService( 1733): setScreenBrightnessOverrideFromWindowManagerInternal done
07-05 21:14:07.567 I/UsageStatsService( 1733): paused component:com.jamdeo.launcher
07-05 21:14:07.567 D/UsageStatsService( 1733): User[0] Got usage event for com.jamdeo.launcher[1499260447567]: MOVE_TO_BACKGROUND
07-05 21:14:07.567 V/UsageStatsService( 1733): Paused: 9289138   Component: com.jamdeo.launcher/com.jamdeo.launcher.app.BaseTileActivity   Time: 1499260447567 LastSessionTime: 1114 CumulativeSessionTime: 2221504
07-05 21:14:07.567 D/UsageStatsService( 1733): UsageStats: broadcasting intent
07-05 21:14:07.572 W/ContextImpl( 1733): Calling a method in the system process without a qualified user: android.app.ContextImpl.sendBroadcast:1327 com.android.server.usage.UsageStatsService.insertUsageStats:1104 com.android.server.usage.UsageStatsService$PkgUsageStatsExtended.updatePause:979 com.android.server.usage.UsageStatsService$LocalService.notePauseComponent:808 com.android.server.am.ActivityManagerService.updateUsageStats:3173 
07-05 21:14:07.573 D/PowerManagerService( 1733): acquireWakeLockInternal: lock=681732318, flags=0x1, tag="ActivityManager-Launch", ws=null, uid=1000, pid=1733
07-05 21:14:07.573 D/PowerManagerNotifier( 1733): onWakeLockAcquired: flags=1, tag="ActivityManager-Launch", packageName=android, ownerUid=1000, ownerPid=1733, workSource=null
07-05 21:14:07.575 I/ActivityManager( 1733): TR16) TaskRecord{253006d5 #4970 A=com.jamdeo.launcher U=0 sz=1}
07-05 21:14:07.585 I/ActivityManager( 1733): TR15) TaskRecord{1699d051 #5118 A=com.hisense.hicloud.edca U=0 sz=0}
07-05 21:14:07.594 I/UsageStatsService( 1733): resumed component name is ComponentInfo{com.jamdeo.launcher/com.jamdeo.launcher.app.DefaultHomeActivity}
07-05 21:14:07.594 I/UsageStatsService( 1733): started component:com.jamdeo.launcher
07-05 21:14:07.594 V/UsageStatsService( 1733): Resumed: 9289166   Component: com.jamdeo.launcher/com.jamdeo.launcher.app.DefaultHomeActivity   Time: 1499260447594 VersionCode: 100010000   LastUpdateTime: 1167653135000
07-05 21:14:07.595 D/UsageStatsService( 1733): User[0] Got usage event for com.jamdeo.launcher[1499260447595]: MOVE_TO_FOREGROUND
07-05 21:14:07.595 D/UsageStatsService( 1733): UsageStats: broadcasting intent
07-05 21:14:07.596 W/ContextImpl( 1733): Calling a method in the system process without a qualified user: android.app.ContextImpl.sendBroadcast:1327 com.android.server.usage.UsageStatsService.insertUsageStats:1104 com.android.server.usage.UsageStatsService$PkgUsageStatsExtended.updateResume:962 com.android.server.usage.UsageStatsService$LocalService.noteResumeComponent:759 com.android.server.am.ActivityManagerService.updateUsageStats:3164 
07-05 21:14:07.599 D/PowerManagerService( 1733): setScreenBrightnessOverrideFromWindowManagerInternal done
07-05 21:14:07.649 D/PowerManagerService( 1733): setScreenBrightnessOverrideFromWindowManagerInternal done
07-05 21:14:07.706 D/PowerManagerService( 1733): setScreenBrightnessOverrideFromWindowManagerInternal done
07-05 21:14:07.708 D/PowerManagerService( 1733): setScreenBrightnessOverrideFromWindowManagerInternal done
07-05 21:14:07.713 D/PowerManagerService( 1733): setScreenBrightnessOverrideFromWindowManagerInternal done
07-05 21:14:07.744 D/PowerManagerService( 1733): releaseWakeLockInternal: lock=681732318 [ActivityManager-Launch], flags=0x0
07-05 21:14:07.744 D/PowerManagerNotifier( 1733): onWakeLockReleased: flags=1, tag="ActivityManager-Launch", packageName=android, ownerUid=1000, ownerPid=1733, workSource=null
07-05 21:14:07.828 W/WindowManager( 1733): Attempted to remove non-existing token: android.os.Binder@173d4718
07-05 21:14:08.143 D/PowerManagerService( 1733): setScreenBrightnessOverrideFromWindowManagerInternal done
07-05 21:14:08.145 D/PowerManagerService( 1733): setScreenBrightnessOverrideFromWindowManagerInternal done
07-05 21:14:08.159 D/PowerManagerService( 1733): setScreenBrightnessOverrideFromWindowManagerInternal done
07-05 21:14:08.501 I/ActivityManager( 1733): Force stopping io.appium.unlock appid=10077 user=0: from pid 22709
07-05 21:14:08.507 I/NetflixMonitorService( 1733): current fgapk : com.jamdeo.launcher
07-05 21:14:08.507 I/NetflixMonitorService( 1733): Netflix status unchanged
07-05 21:14:08.529 V/HotPlugDetectionAction( 1733): Poll all devices.
07-05 21:14:08.947 E/HDMI_CEC( 1733): Send Message TO[5] 
07-05 21:14:08.947 E/HDMI_CEC( 1733): OP[0], <Feature Abort> 
07-05 21:14:08.947 E/HDMI_CEC( 1733): ========
07-05 21:14:09.018 E/HDMI_CEC( 1733): MI_CEC_SendTxPolling, ErrCode[4] 
07-05 21:14:09.051 E/HDMI_CEC( 1733): Sending message can't be response. 
07-05 21:14:09.508 I/NetflixMonitorService( 1733): current fgapk : com.jamdeo.launcher
07-05 21:14:09.508 I/NetflixMonitorService( 1733): Netflix status unchanged
07-05 21:14:09.617 D/TileTransitionEngine( 1733): launchTile mInTransition=false, tile=Tile name=DummyApp, type=APP, baseComp=null
07-05 21:14:09.617 W/ActivityManager( 1733): getRecentTasks: caller 10005 is using old GET_TASKS but privileged; allowing
07-05 21:14:09.617 W/ActivityManager( 1733): getTasks: caller 10005 is using old GET_TASKS but privileged; allowing
07-05 21:14:09.618 D/TileTransitionManager( 1733): bringTileToFront tile=Tile name=DummyApp, type=APP, baseComp=null, startInfo=null, intentSender=null, pendingIntent=null, clearTargetStack:false
07-05 21:14:09.618 W/ActivityManager( 1733): getRecentTasks: caller 10005 is using old GET_TASKS but privileged; allowing
07-05 21:14:09.618 W/ActivityManager( 1733): getTasks: caller 10005 is using old GET_TASKS but privileged; allowing
07-05 21:14:09.619 D/TileTransitionManager( 1733): bringTileToFront, find existing stack, stackId:6, topComponent:ComponentInfo{com.jamdeo.launcher/com.jamdeo.launcher.app.BaseTileActivity}
07-05 21:14:09.619 D/TileTransitionManager( 1733): no upgrade info for tile:Tile name=DummyApp, type=APP, baseComp=null
07-05 21:14:09.619 D/ActivityStackUtils( 1733): openComponent component:null, stackId:6
07-05 21:14:09.619 D/ActivityStackUtils( 1733): moveStack - stackId: 6, toFront: true
07-05 21:14:09.619 I/UsageStatsService( 1733): paused component:com.jamdeo.launcher
07-05 21:14:09.619 V/UsageStatsService( 1733): Paused: 9291191   Component: com.jamdeo.launcher/com.jamdeo.launcher.app.DefaultHomeActivity   Time: 1499260449619 LastSessionTime: 2025 CumulativeSessionTime: 2223529
07-05 21:14:09.619 D/UsageStatsService( 1733): User[0] Got usage event for com.jamdeo.launcher[1499260449619]: MOVE_TO_BACKGROUND
07-05 21:14:09.619 D/UsageStatsService( 1733): UsageStats: broadcasting intent
07-05 21:14:09.619 W/ContextImpl( 1733): Calling a method in the system process without a qualified user: android.app.ContextImpl.sendBroadcast:1327 com.android.server.usage.UsageStatsService.insertUsageStats:1104 com.android.server.usage.UsageStatsService$PkgUsageStatsExtended.updatePause:979 com.android.server.usage.UsageStatsService$LocalService.notePauseComponent:808 com.android.server.am.ActivityManagerService.updateUsageStats:3173 
07-05 21:14:09.620 D/PowerManagerService( 1733): acquireWakeLockInternal: lock=681732318, flags=0x1, tag="ActivityManager-Launch", ws=null, uid=1000, pid=1733
07-05 21:14:09.620 D/PowerManagerNotifier( 1733): onWakeLockAcquired: flags=1, tag="ActivityManager-Launch", packageName=android, ownerUid=1000, ownerPid=1733, workSource=null
07-05 21:14:09.622 I/ActivityManager( 1733): TR16) TaskRecord{cd10cea #4980 A=com.jamdeo.launcher U=0 sz=1}
07-05 21:14:09.622 I/ActivityManager( 1733): TR15) TaskRecord{1699d051 #5118 A=com.hisense.hicloud.edca U=0 sz=0}
07-05 21:14:09.625 I/UsageStatsService( 1733): resumed component name is ComponentInfo{com.jamdeo.launcher/com.jamdeo.launcher.app.BaseTileActivity}
07-05 21:14:09.625 I/UsageStatsService( 1733): started component:com.jamdeo.launcher
07-05 21:14:09.625 V/UsageStatsService( 1733): Resumed: 9291196   Component: com.jamdeo.launcher/com.jamdeo.launcher.app.BaseTileActivity   Time: 1499260449625 VersionCode: 100010000   LastUpdateTime: 1167653135000
07-05 21:14:09.625 D/UsageStatsService( 1733): UsageStats: broadcasting intent
07-05 21:14:09.625 W/ContextImpl( 1733): Calling a method in the system process without a qualified user: android.app.ContextImpl.sendBroadcast:1327 com.android.server.usage.UsageStatsService.insertUsageStats:1104 com.android.server.usage.UsageStatsService$PkgUsageStatsExtended.updateResume:962 com.android.server.usage.UsageStatsService$LocalService.noteResumeComponent:759 com.android.server.am.ActivityManagerService.updateUsageStats:3164 
07-05 21:14:09.626 D/UsageStatsService( 1733): User[0] Got usage event for com.jamdeo.launcher[1499260449625]: MOVE_TO_FOREGROUND
07-05 21:14:09.631 D/PowerManagerService( 1733): setScreenBrightnessOverrideFromWindowManagerInternal done
07-05 21:14:09.632 D/PowerManagerService( 1733): setScreenBrightnessOverrideFromWindowManagerInternal done
07-05 21:14:09.635 D/PowerManagerService( 1733): setScreenBrightnessOverrideFromWindowManagerInternal done
07-05 21:14:09.638 D/TileTransitionManager( 1733): bringTileToFront lastLaunched is:ComponentInfo{com.jamdeo.launcher/com.jamdeo.launcher.app.BaseTileActivity}
07-05 21:14:09.638 D/TileTransitionEngine( 1733): launchTile result=true
07-05 21:14:09.642 D/TvInputManagerService( 1733): call enableMotionEventNotifier:false
07-05 21:14:09.649 D/PowerManagerService( 1733): wakeUp: eventTime=9291221
07-05 21:14:09.649 D/PowerManagerService( 1733): wakeUpInternal: eventTime=9291221, uid=1000
07-05 21:14:09.649 D/PowerManagerService( 1733): wakeUpNoUpdateLocked: eventTime=9291221, uid=1000
07-05 21:14:09.652 D/TvInputManagerService( 1733): call enableMotionEventNotifier:false
07-05 21:14:09.652 D/TvInputManagerService( 1733): call enableMotionEventNotifier:false
07-05 21:14:09.659 D/PowerManagerService( 1733): setScreenBrightnessOverrideFromWindowManagerInternal done
07-05 21:14:09.660 D/PowerManagerService( 1733): wakeUp: eventTime=9291232
07-05 21:14:09.660 D/PowerManagerService( 1733): wakeUpInternal: eventTime=9291232, uid=1000
07-05 21:14:09.660 D/PowerManagerService( 1733): wakeUpNoUpdateLocked: eventTime=9291232, uid=1000
07-05 21:14:09.683 D/PowerManagerService( 1733): setScreenBrightnessOverrideFromWindowManagerInternal done
07-05 21:14:09.698 D/PowerManagerService( 1733): releaseWakeLockInternal: lock=681732318 [ActivityManager-Launch], flags=0x0
07-05 21:14:09.698 D/PowerManagerNotifier( 1733): onWakeLockReleased: flags=1, tag="ActivityManager-Launch", packageName=android, ownerUid=1000, ownerPid=1733, workSource=null
07-05 21:14:09.996 D/HDMI    ( 1733): [P]:AllocatedAddress=[]
07-05 21:14:10.060 D/PowerManagerService( 1733): setScreenBrightnessOverrideFromWindowManagerInternal done
07-05 21:14:10.265 D/TaskPersister( 1733): removeObsoleteFile: deleting file=5117_task.xml
07-05 21:14:10.508 I/NetflixMonitorService( 1733): current fgapk : com.jamdeo.launcher
07-05 21:14:10.508 I/NetflixMonitorService( 1733): Netflix status unchanged
07-05 21:14:11.509 I/NetflixMonitorService( 1733): current fgapk : com.jamdeo.launcher
07-05 21:14:11.509 I/NetflixMonitorService( 1733): Netflix status unchanged
07-05 21:14:12.509 I/NetflixMonitorService( 1733): current fgapk : com.jamdeo.launcher
07-05 21:14:12.509 I/NetflixMonitorService( 1733): Netflix status unchanged
07-05 21:14:13.510 I/NetflixMonitorService( 1733): current fgapk : com.jamdeo.launcher
07-05 21:14:13.510 I/NetflixMonitorService( 1733): Netflix status unchanged
07-05 21:14:14.511 I/NetflixMonitorService( 1733): current fgapk : com.jamdeo.launcher
07-05 21:14:14.511 I/NetflixMonitorService( 1733): Netflix status unchanged
07-05 21:14:15.512 I/NetflixMonitorService( 1733): current fgapk : com.jamdeo.launcher
07-05 21:14:15.512 I/NetflixMonitorService( 1733): Netflix status unchanged
07-05 21:14:16.271 I/UsageStatsService( 1733): User[0] Flushing usage stats to disk
07-05 21:14:16.512 I/NetflixMonitorService( 1733): current fgapk : com.jamdeo.launcher
07-05 21:14:16.512 I/NetflixMonitorService( 1733): Netflix status unchanged
07-05 21:14:17.513 I/NetflixMonitorService( 1733): current fgapk : com.jamdeo.launcher
07-05 21:14:17.513 I/NetflixMonitorService( 1733): Netflix status unchanged
07-05 21:14:18.513 I/NetflixMonitorService( 1733): current fgapk : com.jamdeo.launcher
07-05 21:14:18.513 I/NetflixMonitorService( 1733): Netflix status unchanged
07-05 21:14:19.514 I/NetflixMonitorService( 1733): current fgapk : com.jamdeo.launcher
07-05 21:14:19.514 I/NetflixMonitorService( 1733): Netflix status unchanged
07-05 21:14:20.514 I/NetflixMonitorService( 1733): current fgapk : com.jamdeo.launcher
07-05 21:14:20.514 I/NetflixMonitorService( 1733): Netflix status unchanged
07-05 21:14:21.515 I/NetflixMonitorService( 1733): current fgapk : com.jamdeo.launcher
07-05 21:14:21.515 I/NetflixMonitorService( 1733): Netflix status unchanged
07-05 21:14:22.435 D/DefContainer(16619): Copying /data/local/tmp/unlock_apk-debug.apk to base.apk
07-05 21:14:22.515 I/NetflixMonitorService( 1733): current fgapk : com.jamdeo.launcher
07-05 21:14:22.515 I/NetflixMonitorService( 1733): Netflix status unchanged
07-05 21:14:22.571 D/PackageManager( 1733): Renaming /data/app/vmdl723700100.tmp to /data/app/io.appium.unlock-2
07-05 21:14:22.578 W/PackageManager( 1733): Attempt to re-install io.appium.unlock without first uninstalling.
07-05 21:14:23.516 I/NetflixMonitorService( 1733): current fgapk : com.jamdeo.launcher
07-05 21:14:23.516 I/NetflixMonitorService( 1733): Netflix status unchanged
07-05 21:14:23.534 V/HotPlugDetectionAction( 1733): Poll all devices.
07-05 21:14:23.956 E/HDMI_CEC( 1733): Send Message TO[5] 
07-05 21:14:23.956 E/HDMI_CEC( 1733): OP[0], <Feature Abort> 
07-05 21:14:23.956 E/HDMI_CEC( 1733): ========
07-05 21:14:24.027 E/HDMI_CEC( 1733): MI_CEC_SendTxPolling, ErrCode[4] 
07-05 21:14:24.060 E/HDMI_CEC( 1733): Sending message can't be response. 
07-05 21:14:24.517 I/NetflixMonitorService( 1733): current fgapk : com.jamdeo.launcher
07-05 21:14:24.517 I/NetflixMonitorService( 1733): Netflix status unchanged
07-05 21:14:25.007 D/HDMI    ( 1733): [P]:AllocatedAddress=[]
07-05 21:14:25.517 I/NetflixMonitorService( 1733): current fgapk : com.jamdeo.launcher
07-05 21:14:25.517 I/NetflixMonitorService( 1733): Netflix status unchanged
07-05 21:14:26.164 I/ActivityManager( 1733): Force stopping com.hisense.hicloud.edca appid=10010 user=0: from pid 22871
07-05 21:14:26.517 I/NetflixMonitorService( 1733): current fgapk : com.jamdeo.launcher
07-05 21:14:26.518 I/NetflixMonitorService( 1733): Netflix status unchanged
07-05 21:14:27.352 I/ActivityManager( 1733): Force stopping com.hisense.hicloud.edca appid=10010 user=0: clear data
07-05 21:14:27.360 D/TaskPersister( 1733): removeObsoleteFile: deleting file=5118_task.xml
07-05 21:14:27.518 I/NetflixMonitorService( 1733): current fgapk : com.jamdeo.launcher
07-05 21:14:27.518 I/NetflixMonitorService( 1733): Netflix status unchanged
07-05 21:14:28.519 I/NetflixMonitorService( 1733): current fgapk : com.jamdeo.launcher
07-05 21:14:28.519 I/NetflixMonitorService( 1733): Netflix status unchanged
07-05 21:14:29.519 I/NetflixMonitorService( 1733): current fgapk : com.jamdeo.launcher
07-05 21:14:29.519 I/NetflixMonitorService( 1733): Netflix status unchanged
07-05 21:14:30.001 I/ActivityManager( 1733): Force stopping com.hisense.hicloud.edca appid=10010 user=0: from pid 22923
07-05 21:14:30.263 D/TileTransitionManager( 1733): getActivityContainer not enter cts mode
07-05 21:14:30.264 D/TileTransitionManager( 1733): getActivityContainer, screen shot current tile:DummyApp, minLayer:21045, maxLayer:21050
07-05 21:14:30.345 D/TileTransitionManager( 1733): getActivityContainer, find existing stack, stackId:75, topComponent:ComponentInfo{com.jamdeo.launcher/com.jamdeo.launcher.app.BaseTileActivity}
07-05 21:14:30.345 D/ActivityStackUtils( 1733): deleteStack - stackId: 75
07-05 21:14:30.358 I/TileTransitionManager( 1733): deleteActivityStack stackId:75
07-05 21:14:30.358 D/TileTransitionManager( 1733): getActivityContainer, remove stackId: 75
07-05 21:14:30.359 D/ActivityStackUtils( 1733): startActivityOnNewStack - intent: null
07-05 21:15:04.149 D/PowerManagerService( 1733): setScreenBrightnessOverrideFromWindowManagerInternal done
07-05 21:15:04.151 I/WindowState( 1733): WIN DEATH: Window{2b4942a u0 com.hisense.hicloud.edca/com.hisense.tvui.newhome.HomeMainActivity}
07-05 21:15:04.153 D/PowerManagerService( 1733): setScreenBrightnessOverrideFromWindowManagerInternal done
07-05 21:15:04.209 W/ActivityManager( 1733): Scheduling restart of crashed service com.hisense.hicloud.edca/.service.connection.MutilScreenService in 1000ms
07-05 21:15:04.210 W/ActivityManager( 1733): Force removing ActivityRecord{19808488 u0 com.hisense.hicloud.edca/com.hisense.tvui.newhome.HomeMainActivity t5120}: app died, no saved state
07-05 21:15:04.210 I/UsageStatsService( 1733): paused component:com.hisense.hicloud.edca
07-05 21:15:04.210 V/UsageStatsService( 1733): Paused: 9345782   Component: com.hisense.hicloud.edca/com.hisense.tvui.newhome.HomeMainActivity   Time: 1499260504210 LastSessionTime: 12876 CumulativeSessionTime: 2656435
07-05 21:15:04.210 D/UsageStatsService( 1733): User[0] Got usage event for com.hisense.hicloud.edca[1499260504211]: MOVE_TO_BACKGROUND
07-05 21:15:04.210 D/UsageStatsService( 1733): UsageStats: broadcasting intent
07-05 21:15:04.211 W/ContextImpl( 1733): Calling a method in the system process without a qualified user: android.app.ContextImpl.sendBroadcast:1327 com.android.server.usage.UsageStatsService.insertUsageStats:1104 com.android.server.usage.UsageStatsService$PkgUsageStatsExtended.updatePause:979 com.android.server.usage.UsageStatsService$LocalService.notePauseComponent:808 com.android.server.am.ActivityManagerService.updateUsageStats:3173 
07-05 21:15:04.213 I/ActivityManager( 1733):   Force stopping service ServiceRecord{1cfdc722 u0 com.hisense.hicloud.edca/.service.connection.MutilScreenService}
07-05 21:15:04.215 I/ActivityManager( 1733): TR16) TaskRecord{20e14ede #5119 A=com.jamdeo.launcher U=0 sz=1}
07-05 21:15:04.215 I/ActivityManager( 1733): TR15) TaskRecord{aa1960e #5120 A=com.hisense.hicloud.edca U=0 sz=0}
07-05 21:15:04.239 D/PowerManagerService( 1733): setScreenBrightnessOverrideFromWindowManagerInternal done
07-05 21:15:04.329 I/ActivityManager( 1733): TR16) TaskRecord{20e14ede #5119 A=com.jamdeo.launcher U=0 sz=1}
07-05 21:15:04.329 I/ActivityManager( 1733): TR15) TaskRecord{aa1960e #5120 A=com.hisense.hicloud.edca U=0 sz=0}
07-05 21:15:04.331 I/UsageStatsService( 1733): resumed component name is ComponentInfo{com.jamdeo.launcher/com.jamdeo.launcher.app.BaseTileActivity}
07-05 21:15:04.332 I/UsageStatsService( 1733): started component:com.jamdeo.launcher
07-05 21:15:04.332 V/UsageStatsService( 1733): Resumed: 9345904   Component: com.jamdeo.launcher/com.jamdeo.launcher.app.BaseTileActivity   Time: 1499260504332 VersionCode: 100010000   LastUpdateTime: 1167653135000
07-05 21:15:04.332 D/UsageStatsService( 1733): UsageStats: broadcasting intent
07-05 21:15:04.333 W/ContextImpl( 1733): Calling a method in the system process without a qualified user: android.app.ContextImpl.sendBroadcast:1327 com.android.server.usage.UsageStatsService.insertUsageStats:1104 com.android.server.usage.UsageStatsService$PkgUsageStatsExtended.updateResume:962 com.android.server.usage.UsageStatsService$LocalService.noteResumeComponent:759 com.android.server.am.ActivityManagerService.updateUsageStats:3164 
07-05 21:15:04.336 D/PowerManagerService( 1733): setScreenBrightnessOverrideFromWindowManagerInternal done
07-05 21:15:04.338 W/ActivityManager( 1733): Spurious death for ProcessRecord{3c2fea7d 22937:com.hisense.hicloud.edca/u0a10}, curProc for 22937: null
07-05 21:15:04.354 D/TvInputManagerService( 1733): call enableMotionEventNotifier:false
07-05 21:15:04.361 D/PowerManagerService( 1733): wakeUp: eventTime=9345932
07-05 21:15:04.362 D/PowerManagerService( 1733): wakeUpInternal: eventTime=9345932, uid=1000
07-05 21:15:04.362 D/PowerManagerService( 1733): wakeUpNoUpdateLocked: eventTime=9345932, uid=1000
07-05 21:15:04.366 D/PowerManagerService( 1733): setScreenBrightnessOverrideFromWindowManagerInternal done
07-05 21:15:04.394 W/InputMethodManagerService( 1733): Got RemoteException sending setActive(false) notification to pid 22937 uid 10010
07-05 21:15:37.431 D/PowerManagerService( 1733): setScreenBrightnessOverrideFromWindowManagerInternal done
07-05 21:15:37.779 I/NetflixMonitorService( 1733): current fgapk : com.hisense.hicloud.edca
07-05 21:15:37.779 I/NetflixMonitorService( 1733): Netflix status unchanged
07-05 21:15:37.861 D/PowerManagerService( 1733): setScreenBrightnessOverrideFromWindowManagerInternal done
07-05 21:15:37.865 D/PowerManagerService( 1733): setScreenBrightnessOverrideFromWindowManagerInternal done
07-05 21:15:37.877 D/PowerManagerService( 1733): setScreenBrightnessOverrideFromWindowManagerInternal done
07-05 21:15:38.299 W/ActivityManager( 1733): Activity destroy timeout for ActivityRecord{2bcc49e3 u0 com.jamdeo.launcher/.app.BaseTileActivity t5119 f}
07-05 21:15:38.498 I/UsageStatsService( 1733): User[0] Flushing usage stats to disk
07-05 21:15:38.555 V/HotPlugDetectionAction( 1733): Poll all devices.
07-05 21:15:38.720 D/PowerManagerService( 1733): setScreenBrightnessOverrideFromWindowManagerInternal done
07-05 21:15:38.780 I/NetflixMonitorService( 1733): current fgapk : com.hisense.hicloud.edca
07-05 21:15:38.780 I/NetflixMonitorService( 1733): Netflix status unchanged
07-05 21:15:38.988 E/HDMI_CEC( 1733): Send Message TO[5] 
07-05 21:15:38.988 E/HDMI_CEC( 1733): OP[0], <Feature Abort> 
07-05 21:15:38.988 E/HDMI_CEC( 1733): ========
07-05 21:15:39.059 E/HDMI_CEC( 1733): MI_CEC_SendTxPolling, ErrCode[4] 
07-05 21:15:39.093 E/HDMI_CEC( 1733): Sending message can't be response. 
07-05 21:15:39.780 I/NetflixMonitorService( 1733): current fgapk : com.hisense.hicloud.edca
07-05 21:15:39.780 I/NetflixMonitorService( 1733): Netflix status unchanged
07-05 21:15:40.086 D/HDMI    ( 1733): [P]:AllocatedAddress=[]
07-05 21:15:40.782 I/NetflixMonitorService( 1733): current fgapk : com.hisense.hicloud.edca
07-05 21:15:40.782 I/NetflixMonitorService( 1733): Netflix status unchanged
07-05 21:15:40.863 D/PowerManagerService( 1733): setScreenBrightnessOverrideFromWindowManagerInternal done
07-05 21:15:40.880 V/WindowManager( 1733): Adding window Window{3b94db0 u0 SurfaceView} at 11 of 20 (before Window{18c4aefe u0 com.hisense.hicloud.edca/com.hisense.tvui.newhome.HomeMainActivity})
07-05 21:15:40.887 D/PowerManagerService( 1733): setScreenBrightnessOverrideFromWindowManagerInternal done
07-05 21:15:40.899 D/PowerManagerService( 1733): setScreenBrightnessOverrideFromWindowManagerInternal done
07-05 21:15:40.902 D/PowerManagerService( 1733): setScreenBrightnessOverrideFromWindowManagerInternal done
07-05 21:15:40.911 D/PowerManagerService( 1733): setScreenBrightnessOverrideFromWindowManagerInternal done
07-05 21:15:40.960 D/PowerManagerService( 1733): setScreenBrightnessOverrideFromWindowManagerInternal done
07-05 21:15:41.017 D/WifiService( 1733): New client listening to asynchronous messages
07-05 21:15:41.401 D/PowerManagerService( 1733): acquireWakeLockInternal: lock=895325404, flags=0x1, tag="AudioMix", ws=null, uid=1013, pid=0
07-05 21:15:41.401 D/PowerManagerNotifier( 1733): onWakeLockAcquired: flags=1, tag="AudioMix", packageName=media, ownerUid=1013, ownerPid=0, workSource=null
07-05 21:15:41.401 D/PowerManagerService( 1733): updateWakeLockWorkSourceInternal: lock=895325404 [AudioMix], ws=null
07-05 21:15:41.402 D/PowerManagerService( 1733): acquireWakeLockInternal: lock=979081701, flags=0x1, tag="AudioMix", ws=null, uid=1013, pid=0
07-05 21:15:41.402 D/PowerManagerNotifier( 1733): onWakeLockAcquired: flags=1, tag="AudioMix", packageName=media, ownerUid=1013, ownerPid=0, workSource=null
07-05 21:15:41.402 D/PowerManagerService( 1733): updateWakeLockWorkSourceInternal: lock=979081701 [AudioMix], ws=null
07-05 21:15:41.785 I/NetflixMonitorService( 1733): current fgapk : com.hisense.hicloud.edca
07-05 21:15:41.785 I/NetflixMonitorService( 1733): Netflix status unchanged
07-05 21:15:41.819 D/PowerManagerService( 1733): releaseWakeLockInternal: lock=681732318 [ActivityManager-Launch], flags=0x0
07-05 21:15:41.819 D/PowerManagerNotifier( 1733): onWakeLockReleased: flags=1, tag="ActivityManager-Launch", packageName=android, ownerUid=1000, ownerPid=1733, workSource=null
07-05 21:15:41.842 D/PowerManagerService( 1733): setScreenBrightnessOverrideFromWindowManagerInternal done
07-05 21:15:42.443 D/PowerManagerService( 1733): setScreenBrightnessOverrideFromWindowManagerInternal done
07-05 21:15:42.449 D/PowerManagerService( 1733): setScreenBrightnessOverrideFromWindowManagerInternal done
07-05 21:15:42.481 D/PowerManagerService( 1733): acquireWakeLockInternal: lock=487931605, flags=0x2000000a, tag="WindowManager", ws=WorkSource{10010}, uid=1000, pid=1733
07-05 21:15:42.481 D/PowerManagerNotifier( 1733): onWakeLockAcquired: flags=536870922, tag="WindowManager", packageName=android, ownerUid=1000, ownerPid=1733, workSource=WorkSource{10010}
07-05 21:15:42.481 D/PowerManagerService( 1733): setScreenBrightnessOverrideFromWindowManagerInternal done
07-05 21:15:42.785 I/NetflixMonitorService( 1733): current fgapk : com.hisense.hicloud.edca
07-05 21:15:42.785 I/NetflixMonitorService( 1733): Netflix status unchanged
--------- beginning of main
07-05 21:15:43.642 I/TVMW@HsSourceManager( 1234): resourceMediaInfoFunction srcid=13
07-05 21:15:43.642 D/TVMW@pqctrl( 1234): [setNR:166] ENTER OK
07-05 21:15:43.642 I/hstvos  ( 1216): [0m[1;36m[mif][VIDEO_FW][_Mif_Video_Window_Callback][466]_Mif_Video_Window_Callback u32EventFlags: 32768, u8DisplayIndex: 0, u8WindowIndex: 0
07-05 21:15:43.643 I/hstvos  ( 1216): [0m[1;36m[HSHAL][HS_PQ][HS_HAL_PQ_SetNR][369] Entry.time[9385214] OK
07-05 21:15:43.643 I/hstvos  ( 1216): [0m[1;32m[HSHAL][HS_PQ][HS_HAL_PQ_SetNR][370]nrLevel 2 
07-05 21:15:43.646 E/TVMW@videoctrl( 1234):  getOsd is 1
07-05 21:15:43.646 D/til@system( 2026): til_get_system_param option:1000027 int:1, bool:1, ret:0
07-05 21:15:43.646 D/til     ( 2026): ###### func:til_get_picture_param option:0x3000045 ######  
07-05 21:15:43.647 I/TVMW@HsTvSetting( 1234): Trace cmd, data = 0x300c
07-05 21:15:43.647 I/TVMW@HsTvSetting( 1234): Trace 3d, data = 0x300c
07-05 21:15:43.647 I/TVMW@3d ( 1234): Hs_debug3d_trace: func:get3dStatus, line:109
07-05 21:15:43.648 D/TVMW@factoryData( 1234): Non source= 13,b4Kx2K = 0,b4Kx2KForWB = 1
07-05 21:15:43.648 D/TVMW@factoryData( 1234): Non 0 ,12 , 22, 45, 63(audio not diff 4K)
07-05 21:15:43.648 D/TVMW@Hsmwhal( 1234): +_+pic: ***sharpness:22[setSharpness:230]
07-05 21:15:43.648 D/TVMW@pqctrl( 1234): [setSharpness:203] ENTER OK
07-05 21:15:43.648 I/hstvos  ( 1216):  [0m[1;36m[HSHAL][HS_PQ][HS_HAL_PQ_SetSharpness][413] Entry.time[9385219] OK
07-05 21:15:43.648 I/hstvos  ( 1216): [0m[1;32m[HSHAL][HS_PQ][HS_HAL_PQ_SetSharpness][414]u32Sharpness 22 
07-05 21:15:43.658 I/TVMW@HsSourceManager( 1234): resourceMediaInfoFunction nrData=2
07-05 21:15:43.658 I/TVMW@HsSourceManager( 1234): resourceMediaInfoFunction sharpness=50
07-05 21:15:43.658 I/TVMW@HsSourceManager( 1234): >>>>resourceMediaInfoFunction
07-05 21:15:43.658 I/hstvos  ( 1216):  [0m[1;36m[HSHAL][HS_PQ][HS_HAL_PQ_SetSharpness][419] Exit OK[9385230] OK
07-05 21:15:43.659 W/        ( 1204): no callback function match handle 0x16e0700,
07-05 21:15:43.659 E/MiDisplay( 1204): ERROR pstCallbackParams.
07-05 21:15:43.665 I/MyFragmentStateAdapter(23461): getCount
07-05 21:15:43.670 I/MiSysSrv( 1214): [37m[INFO] Change to Voltage: 117 mv (0x32)[m
07-05 21:15:43.679 I/MiSysSrv( 1214): [mapi_video_base@Line 1135] [u32PqDelayTime=126,u32UsedTime=83,u16VideoUnMuteTime=0,u32RealyDelayTime=43]
07-05 21:15:43.679 I/MiSysSrv( 1214): [leon.luo]EnableVideoMute = 0,enColor = 5
07-05 21:15:43.693 D/Carousel-SimpleVideoView(23461): speedKB=2391
07-05 21:15:43.693 D/Carousel-SimpleVideoView(23461): msg.arg1=1
07-05 21:15:43.711 I/MyFragmentStateAdapter(23461): getCount
07-05 21:15:43.741 D/vsyncbridge( 1204): [0] handle_thread thread got msg 0x1, mState = 2
07-05 21:15:43.741 D/vsyncbridge( 1204): Overlay 0 state change from 2 to 3
07-05 21:15:43.741 D/vsyncbridge( 1204): VSYNC_BRIDGE_INIT clear dispQ
07-05 21:15:43.741 D/vsyncbridge( 1204): panelWidth = 3840, panelHeight = 2160, [3840 2160 600]
07-05 21:15:43.741 D/vsyncbridge( 1204): Display Path INIT END: 1
07-05 21:15:43.743 I/NuPlayerDecoder( 1206):  VSInitOver is true!!!
07-05 21:15:43.743 D/NuPlayer( 1206): video rendering start
07-05 21:15:43.743 W/MediaPlayer(23461): info/warning (3, 0)
07-05 21:15:43.745 V/AudioPolicyManager( 1206): DeviceVector::getDevice() for type 00008000 address 0 found 0x0
07-05 21:15:43.745 V/AudioPolicyManager( 1206): getOutput() device 2, stream 3, samplingRate 0, format 0, channelMask 3, flags 0
07-05 21:15:43.745 V/AudioPolicyManager( 1206): getOutput() returns output 2
07-05 21:15:43.745 V/AudioPolicyManager( 1206): DeviceVector::getDevice() for type 00008000 address 0 found 0x0
07-05 21:15:43.745 V/AudioPolicyManager( 1206): getOutput() device 2, stream 3, samplingRate 0, format 0, channelMask 3, flags 0
07-05 21:15:43.745 V/AudioPolicyManager( 1206): getOutput() returns output 2
07-05 21:15:43.745 V/AudioPolicyManager( 1206): getOutputForAttr() usage=1, content=2, tag= flags=00000000
07-05 21:15:43.745 V/AudioPolicyManager( 1206): DeviceVector::getDevice() for type 00008000 address 0 found 0x0
07-05 21:15:43.745 V/AudioPolicyManager( 1206): getOutputForAttr() device 0x2, samplingRate 44100, format 1, channelMask 3, flags 0
07-05 21:15:43.745 V/AudioPolicyManager( 1206): getOutput() returns output 2
07-05 21:15:43.745 V/AudioFlinger( 1206): createTrack() lSessionId: 276
07-05 21:15:43.747 V/AudioFlinger( 1206): acquiring 276 from 1206, for 23461
07-05 21:15:43.747 V/AudioFlinger( 1206):  incremented refcount to 2
07-05 21:15:43.747 V/AudioPolicyManager( 1206): startOutput() output 2, stream 3, session 276
07-05 21:15:43.747 V/AudioPolicyManager( 1206): setBeaconMute(1) mBeaconMuteRefCount=1 mBeaconPlayingRefCount=0
07-05 21:15:43.747 V/AudioPolicyManager( 1206): changeRefCount() stream 3, count 1
07-05 21:15:43.747 V/AudioPolicyManager( 1206): DeviceVector::getDevice() for type 00008000 address 0 found 0x0
07-05 21:15:43.747 V/AudioPolicyManager( 1206): getNewOutputDevice() selected device 2
07-05 21:15:43.747 V/AudioPolicyManager( 1206): setStreamVolumeIndex() stream 12, device 0002, index 15
07-05 21:15:43.747 V/AudioPolicyManager( 1206): setOutputDevice() output 2 device 0002 delayMs 0
07-05 21:15:43.747 V/AudioPolicyManager( 1206): setOutputDevice() prevDevice 0002
07-05 21:15:43.747 V/AudioPolicyManager( 1206): DeviceVector::getDevice() for type 00008000 address 0 found 0x0
07-05 21:15:43.747 V/AudioPolicyManager( 1206): DeviceVector::getDevice() for type 00008000 address 0 found 0x0
07-05 21:15:43.747 V/AudioPolicyManager( 1206): DeviceVector::getDevice() for type 00008000 address 0 found 0x0
07-05 21:15:43.747 V/AudioPolicyManager( 1206): DeviceVector::getDevice() for type 00008000 address 0 found 0x0
07-05 21:15:43.747 V/AudioPolicyManager( 1206): DeviceVector::getDevice() for type 00008000 address 0 found 0x0
07-05 21:15:43.747 V/AudioPolicyManager( 1206): DeviceVector::getDevice() for type 00008000 address 0 found 0x0
07-05 21:15:43.747 V/AudioPolicyManager( 1206): DeviceVector::getDevice() for type 00008000 address 0 found 0x0
07-05 21:15:43.747 V/AudioPolicyManager( 1206): setOutputDevice() changing device
07-05 21:15:43.747 V/AudioPolicyManager( 1206): DeviceVector::refreshTypes() mDeviceTypes 00000002
07-05 21:15:43.747 V/AudioPolicyManager( 1206): DeviceVector::getDevicesFromType() for type 2 found 0xf407cf00
07-05 21:15:43.749 E/audio_hw_primary( 1206): out_set_parameters: routing=2
07-05 21:15:43.749 V/AudioPolicyManager( 1206): setOutputDevice() createAudioPatch returned 0 patchHandle 277num_sources 1 num_sinks 1
07-05 21:15:43.749 V/AudioPolicyManager( 1206): checkAndSetVolume() cannot set stream 6 volume with force use = 0 for comm
07-05 21:15:43.749 V/AudioPolicyManager( 1206): DeviceVector::getDevice() for type 00008000 address 0 found 0x0
07-05 21:15:43.749 V/AudioPolicyManager( 1206): DeviceVector::getDevice() for type 00008000 address 0 found 0x0
07-05 21:15:43.749 V/AudioPolicyManager( 1206): DeviceVector::getDevice() for type 00008000 address 0 found 0x0
07-05 21:15:43.749 V/AudioPolicyManager( 1206): DeviceVector::getDevice() for type 00008000 address 0 found 0x0
07-05 21:15:43.749 V/AudioPolicyManager( 1206): DeviceVector::getDevice() for type 00008000 address 0 found 0x0
07-05 21:15:43.749 V/AudioPolicyManager( 1206): DeviceVector::getDevice() for type 00008000 address 0 found 0x0
07-05 21:15:43.749 V/AudioPolicyManager( 1206): DeviceVector::getDevice() for type 00008000 address 0 found 0x0
07-05 21:15:43.749 V/AudioPolicyManager( 1206): DeviceVector::getDevice() for type 00008000 address 0 found 0x0
07-05 21:15:43.750 W/NuPlayerRenderer( 1206): numFramesAvailableToWrite(7526), mAudioSink frameCount(7526), mAudioQueue size(4), numFramesPlayed(0), mNumFramesWritten(0)
07-05 21:15:43.750 D/NuPlayerRenderer( 1206): mAudioFirstAnchorTimeMediaUs from -1 change to 23219,mLastRenderAudioTimeUs -1,pendingDurationUs 0
07-05 21:15:43.755 D/vsyncbridge( 1204): [update_ds_table,  594] DispW:1632 DispH:920 
07-05 21:15:43.755 D/vsyncbridge( 1204): [update_ds_table,  598] Cap.x:1105 Cap.y:30 CapW:1920 CapH:1080 
07-05 21:15:43.755 D/vsyncbridge( 1204): [update_ds_table,  599] enInputSourceType:34 
07-05 21:15:43.755 D/vsyncbridge( 1204): [update_ds_table,  601] u16InputVTotal:2205  u16InputVFreq:240 
07-05 21:15:43.755 D/vsyncbridge( 1204): [update_ds_table,  603] bInterlace:0  u16DefaultHtotal:0 
07-05 21:15:43.755 D/vsyncbridge( 1204): [update_ds_table,  606] bPreHCusScaling:1  bPreVCusScaling:1 
07-05 21:15:43.755 D/vsyncbridge( 1204): [update_ds_table,  608] u16PreHCusScalingSrc:1920  u16PreHCusScalingDst:1920 
07-05 21:15:43.755 D/vsyncbridge( 1204): [update_ds_table,  610] u16PreVCusScalingSrc:1080  u16PreVCusScalingSrc:1080 
07-05 21:15:43.755 D/vsyncbridge( 1204): [update_ds_table,  613] bHCusScaling:0  bVCusScaling:0 
07-05 21:15:43.755 D/vsyncbridge( 1204): [update_ds_table,  615] u16HCusScalingSrc:1920  u16HCusScalingDst:1632 
07-05 21:15:43.755 D/vsyncbridge( 1204): [update_ds_table,  617] u16VCusScalingSrc:1084  u16VCusScalingDst:920 
07-05 21:15:43.755 D/vsyncbridge( 1204): vsync_bridge_CalAspectRatio type = 0
07-05 21:15:43.755 D/vsyncbridge( 1204): panel [3840 2160] osd [1920 1080] ratio [2.000000 2.000000]
07-05 21:15:43.755 D/vsyncbridge( 1204): apply ratio, x=1098, y=410, width=1632, height=920
07-05 21:15:43.755 D/vsyncbridge( 1204): disp_old[1098 410 2730 1330], disp_new[1098 410 2730 1330], crop[0 0 1920 1080]
07-05 21:15:43.755 D/vsyncbridge( 1204): [update_ds_table,  798] SW DS !!! 
07-05 21:15:43.756 D/vsyncbridge( 1204): [update_ds_table,  800] stXC_SetWin_Info.stCapWin.width1920  stXC_SetWin_Info.stCapWin.height:1080
07-05 21:15:43.756 D/vsyncbridge( 1204): [update_ds_table,  802] stXC_SetWin_Info.stCropWin.width1920  stXC_SetWin_Info.stCropWin.height:1080
07-05 21:15:43.756 D/vsyncbridge( 1204): [update_ds_table,  803] MApi_XC_GetDynamicScalingStatus():1 
07-05 21:15:43.756 D/        ( 1204): Alert: cannot get frameCount from IOCTL, eWindow=0! Fall back to original frame mode
07-05 21:15:43.756 D/        ( 1204): MVOP is 1P mode
07-05 21:15:43.756 D/        ( 1204): [_MDrv_SC_check_2p_mode][9405]u16Width=3840,u16Height=2160,u32Vfreqx10=240
07-05 21:15:43.763 D/PowerManagerService( 1733): updateWakeLockWorkSourceInternal: lock=895325404 [AudioMix], ws=WorkSource{10010}
07-05 21:15:43.763 D/PowerManagerNotifier( 1733): onWakeLockReleased: flags=1, tag="AudioMix", packageName=media, ownerUid=1013, ownerPid=0, workSource=null
07-05 21:15:43.763 D/PowerManagerNotifier( 1733): onWakeLockAcquired: flags=1, tag="AudioMix", packageName=media, ownerUid=1013, ownerPid=0, workSource=WorkSource{10010}
07-05 21:15:43.767 D/Carousel-SimpleVideoView(23461): what=3, extra=0
07-05 21:15:43.770 I/MiSysSrv( 1214): [37m[INFO] Change to Voltage: 117 mv (0x32)[m
07-05 21:15:43.772 D/Carousel-log_video-(23461): onFirstFrame!
07-05 21:15:43.776 D/Carousel-log_video-(23461): handleFirstFramePlayLog isReplayState:false,mLogPlayState:1
07-05 21:15:43.776 D/Carousel-log_video-(23461): ==first frame log,duration:2364
07-05 21:15:43.778 D/Carousel-log_(23461): ===(Main-Video-278003)-{srccolumnid=3, eventType=278, srcgroupid=10001, appversionname=2.0.0.6, srctabid=0, duration=2364, license=hisense, eventcode=278003, deviceid=86100300900000500000060a4818fca8, mediaid=351, eventPos=003, sessionid=83011187851847efb0a454e0ffb31a1f, srcpackagename=com.hisense.hicloud.edca, subscriberid=13287129, playactionuuid=15ef409c-9ff5-498d-a5ac-91e2c7760aea, version=2.1, devicemsg=LED50MU8600UC0000888, isall=0, customerid=7195320, srcrowid=0, srceventcode=280000}
07-05 21:15:43.786 I/NetflixMonitorService( 1733): current fgapk : com.hisense.hicloud.edca
07-05 21:15:43.786 I/NetflixMonitorService( 1733): Netflix status unchanged
07-05 21:15:43.787 D/vsyncbridge( 1204): Overlay[0] wait_disp_show W 2, R 1, Cur 255, wait time = 40ms
07-05 21:15:43.811 W/System.err(23461): java.net.ConnectException: failed to connect to /10.18.210.112 (port 8900) after 6000ms: isConnected failed: ECONNREFUSED (Connection refused)
07-05 21:15:43.830 W/System.err(23461): 	at libcore.io.IoBridge.isConnected(IoBridge.java:238)
07-05 21:15:43.830 W/System.err(23461): 	at libcore.io.IoBridge.connectErrno(IoBridge.java:171)
07-05 21:15:43.830 W/System.err(23461): 	at libcore.io.IoBridge.connect(IoBridge.java:122)
07-05 21:15:43.830 W/System.err(23461): 	at java.net.PlainSocketImpl.connect(PlainSocketImpl.java:183)
07-05 21:15:43.830 W/System.err(23461): 	at java.net.PlainSocketImpl.connect(PlainSocketImpl.java:456)
07-05 21:15:43.830 W/System.err(23461): 	at java.net.Socket.connect(Socket.java:882)
07-05 21:15:43.830 W/System.err(23461): 	at com.android.okhttp.internal.Platform.connectSocket(Platform.java:174)
07-05 21:15:43.830 W/System.err(23461): 	at com.android.okhttp.Connection.connect(Connection.java:152)
07-05 21:15:43.830 W/System.err(23461): 	at com.android.okhttp.internal.http.HttpEngine.connect(HttpEngine.java:276)
07-05 21:15:43.830 W/System.err(23461): 	at com.android.okhttp.internal.http.HttpEngine.sendRequest(HttpEngine.java:211)
07-05 21:15:43.830 W/System.err(23461): 	at com.android.okhttp.internal.http.HttpURLConnectionImpl.execute(HttpURLConnectionImpl.java:382)
07-05 21:15:43.830 W/System.err(23461): 	at com.android.okhttp.internal.http.HttpURLConnectionImpl.connect(HttpURLConnectionImpl.java:106)
07-05 21:15:43.830 W/System.err(23461): 	at com.hisense.hitv.hicloud.util.ExceptionReport.a(ExceptionReport.java:337)
07-05 21:15:43.830 W/System.err(23461): 	at com.hisense.hitv.hicloud.util.ExceptionReport.a(ExceptionReport.java:39)
07-05 21:15:43.830 W/System.err(23461): 	at com.hisense.hitv.hicloud.util.ExceptionReport$1.run(ExceptionReport.java:83)
07-05 21:15:43.830 W/System.err(23461): 	at java.lang.Thread.run(Thread.java:818)
07-05 21:15:43.830 W/System.err(23461): Caused by: android.system.ErrnoException: isConnected failed: ECONNREFUSED (Connection refused)
07-05 21:15:43.831 W/System.err(23461): 	at libcore.io.IoBridge.isConnected(IoBridge.java:223)
07-05 21:15:43.831 W/System.err(23461): 	... 15 more
07-05 21:15:44.080 D/MSTAR_VDEC_DBG( 1206): Stream ID: 0, Rate : 10 (E:0,D:0,S:0,F:28) 
07-05 21:15:44.138 D/NativeDecimalFormat( 3457): NativeDecimalFormat_close print addr=3490161664
07-05 21:15:44.138 D/NativeDecimalFormat( 3457): NativeDecimalFormat_close print g_addr=3490161664
07-05 21:15:44.148 I/TVMW@HsTvSetting( 1234): Trace cmd, data = 0x1058
07-05 21:15:44.148 D/til@system( 2026): til_get_system_param option:100002F int:0, bool:0, ret:0
07-05 21:15:44.149 I/TVMW@HsTvSetting( 1234): Trace cmd, data = 0x101f
07-05 21:15:44.149 D/til@system( 2026): til_get_system_param option:100001D int:3, bool:3, ret:0
07-05 21:15:44.149 E/til     ( 2026): [til_get_current_input_source, 101] 
07-05 21:15:44.149 I/TVMW@HsTvSetting( 1234): Trace cmd, data = 0x7007
07-05 21:15:44.149 I/tilwrapper@sm( 2026): HS2TIL_SourceType *hs=0xd, *til=0x900
07-05 21:15:44.149 D/til     ( 2026): get current source 2304
07-05 21:15:44.149 D/SourceRemoteServiceHandler( 2026): getCurrentInputSource.from.til.result is 0, value is 2304
07-05 21:15:44.149 D/SourceRemoteServiceHandler( 2026): getInputSourceType source: 0x900, type=2304
07-05 21:15:44.149 D/til     ( 2026): ###### func:til_get_picture_param option:0x3000006 ######  
07-05 21:15:44.149 I/TVMW@HsTvSetting( 1234): Trace cmd, data = 0x1003
07-05 21:15:44.151 I/TVMW@HsTvSetting( 1234): Trace cmd, data = 0x8032
07-05 21:15:44.154 I/hstvos  ( 1216): [0m[1;33m[HSHAL][HS_VIDEO][HS_HAL_Video_SetOsdDetect_v2][2389]u16Threshold = 20
07-05 21:15:44.155 E/TVMW@videoctrl( 1234):  getOsd is 1
07-05 21:15:44.155 D/til@system( 2026): til_get_system_param option:1000027 int:1, bool:1, ret:0
07-05 21:15:44.155 D/til     ( 2026): ###### func:til_get_picture_param option:0x3000045 ######  
07-05 21:15:44.155 I/TVMW@HsTvSetting( 1234): Trace cmd, data = 0x300c
07-05 21:15:44.155 I/TVMW@HsTvSetting( 1234): Trace 3d, data = 0x300c
07-05 21:15:44.155 I/TVMW@3d ( 1234): Hs_debug3d_trace: func:get3dStatus, line:109
07-05 21:15:44.172 I/MiSysSrv( 1214): [37m[INFO] Change to Voltage: 117 mv (0x32)[m
07-05 21:15:44.269 I/MiSysSrv( 1214): [37m[INFO] Change to Voltage: 112 mv (0x2D)[m
07-05 21:15:44.369 I/MiSysSrv( 1214): [37m[INFO] Change to Voltage: 102 mv (0x23)[m
07-05 21:15:44.405 D/PowerManagerService( 1733): releaseWakeLockInternal: lock=979081701 [AudioMix], flags=0x0
07-05 21:15:44.405 D/PowerManagerNotifier( 1733): onWakeLockReleased: flags=1, tag="AudioMix", packageName=media, ownerUid=1013, ownerPid=0, workSource=null
07-05 21:15:44.425 I/MyFragmentStateAdapter(23461): getCount
07-05 21:15:44.451 I/TVMW@devctrl( 1234): wdt
07-05 21:15:44.470 I/MiSysSrv( 1214): [37m[INFO] Change to Voltage: 117 mv (0x32)[m
07-05 21:15:44.514 I/MyFragmentStateAdapter(23461): getCount
07-05 21:15:44.585 I/MyFragmentStateAdapter(23461): getCount
07-05 21:15:44.634 I/MyFragmentStateAdapter(23461): getCount
07-05 21:15:44.657 I/TVMW@HsTvSetting( 1234): Trace cmd, data = 0x1058
07-05 21:15:44.657 D/til@system( 2026): til_get_system_param option:100002F int:0, bool:0, ret:0
07-05 21:15:44.662 I/TVMW@HsTvSetting( 1234): Trace cmd, data = 0x101f
07-05 21:15:44.662 D/til@system( 2026): til_get_system_param option:100001D int:3, bool:3, ret:0
07-05 21:15:44.663 E/til     ( 2026): [til_get_current_input_source, 101] 
07-05 21:15:44.664 I/TVMW@HsTvSetting( 1234): Trace cmd, data = 0x7007
07-05 21:15:44.665 I/tilwrapper@sm( 2026): HS2TIL_SourceType *hs=0xd, *til=0x900
07-05 21:15:44.665 D/til     ( 2026): get current source 2304
07-05 21:15:44.665 D/SourceRemoteServiceHandler( 2026): getCurrentInputSource.from.til.result is 0, value is 2304
07-05 21:15:44.665 D/SourceRemoteServiceHandler( 2026): getInputSourceType source: 0x900, type=2304
07-05 21:15:44.665 D/til     ( 2026): ###### func:til_get_picture_param option:0x3000006 ######  
07-05 21:15:44.666 I/TVMW@HsTvSetting( 1234): Trace cmd, data = 0x1003
07-05 21:15:44.666 I/TVMW@HsTvSetting( 1234): Trace cmd, data = 0x8032
07-05 21:15:44.667 I/hstvos  ( 1216): [0m[1;33m[HSHAL][HS_VIDEO][HS_HAL_Video_SetOsdDetect_v2][2389]u16Threshold = 20
07-05 21:15:44.676 E/TVMW@videoctrl( 1234):  getOsd is 1
07-05 21:15:44.676 D/til@system( 2026): til_get_system_param option:1000027 int:1, bool:1, ret:0
07-05 21:15:44.676 D/til     ( 2026): ###### func:til_get_picture_param option:0x3000045 ######  
07-05 21:15:44.676 I/TVMW@HsTvSetting( 1234): Trace cmd, data = 0x300c
07-05 21:15:44.676 I/TVMW@HsTvSetting( 1234): Trace 3d, data = 0x300c
07-05 21:15:44.676 I/TVMW@3d ( 1234): Hs_debug3d_trace: func:get3dStatus, line:109
07-05 21:15:44.703 I/MyFragmentStateAdapter(23461): getCount
07-05 21:15:44.757 I/MyFragmentStateAdapter(23461): getCount
07-05 21:15:44.786 I/NetflixMonitorService( 1733): current fgapk : com.hisense.hicloud.edca
07-05 21:15:44.786 I/NetflixMonitorService( 1733): Netflix status unchanged
07-05 21:15:44.810 I/MyFragmentStateAdapter(23461): getCount
07-05 21:15:44.851 I/MyFragmentStateAdapter(23461): getCount
07-05 21:15:44.891 I/MyFragmentStateAdapter(23461): getCount
07-05 21:15:44.922 I/MyFragmentStateAdapter(23461): getCount
07-05 21:15:44.948 I/MyFragmentStateAdapter(23461): getCount
07-05 21:15:44.969 I/MiSysSrv( 1214): [37m[INFO] Change to Voltage: 112 mv (0x2D)[m
07-05 21:15:44.979 I/MyFragmentStateAdapter(23461): getCount
07-05 21:15:45.005 I/MyFragmentStateAdapter(23461): getCount
07-05 21:15:45.027 I/MyFragmentStateAdapter(23461): getCount
07-05 21:15:45.043 W/account ( 2411): ResignonThread==>mHandler.sendEmptyMessageDelayed(0, CYCLE_TIME);
07-05 21:15:45.056 I/MyFragmentStateAdapter(23461): getCount
07-05 21:15:45.069 I/MiSysSrv( 1214): [37m[INFO] Change to Voltage: 117 mv (0x32)[m
07-05 21:15:45.085 I/MyFragmentStateAdapter(23461): getCount
07-05 21:15:45.087 D/MSTAR_VDEC_DBG( 1206): Stream ID: 0, Rate : 23 (E:0,D:0,S:0,F:53) 
