07-05 23:38:14.366 D/HiSDKLogReport( 4900): getOperationDetail-plmNumber : 88888
07-05 23:38:14.366 D/HiSDKLogReport( 4900): getOperationDetail-swVersion : V0000.00.01A
07-05 23:38:14.367 D/HiSDKLogReport( 4900): getOperationDetail-operationDetail : LED50MU8600UC0000888
07-05 23:38:14.367 D/HiSDKLogReport( 4900): businessLogReport-log : {eventType=232, APPVersionName=3.0.0.9.00, devid=86100300900000500000060a4818fca8, rowid=-1, uuid=13287129, APIversion=501, eventcode=232000, logversion=2.0, columnid=-1, devType=0, eventPos=000, groupid=-1, ChannelId=0, version=00.002.003, subscriberId=13287129, PFAPPCode=652, tabid=0, softwareVersion=LED50MU8600UC0000888, srceventcode=201000, mac=a8:a6:48:18:fc:a8, accessToken=72DF6038D2AEAB8A76DFBBBBCC428A4A_003679021069824, srctabid=0, APPPackage=com.hisense.hicloud.edca, sessionid=29d9bc2f3c9f44eabe3d72291d5b9bb9, requesttime=1499269094367, customerId=7195320, model_id=0, requestid=903ee60f41914335b980bb2b8a1ba0cc, tv_distribute_id=00, APIVersion=600, issysrepo=0}
07-05 23:38:14.368 D/BaseContentFragment( 4900): initChildFocus firstlineview===>:com.hisense.tvui.newhome.view.SpecialFirstView{1c2db185 V.E..... ........ 10,185-1748,691}
07-05 23:38:14.368 D/setHistoryRequestFocus( 4900): ===>false
07-05 23:38:14.372 I/FirstlineLayoutManager( 4900): left=0,width=1738,scroll Distance=-1488
07-05 23:38:14.377 I/BaseContentFragment( 4900): setRowViewSelectedViewHolder{2ef72cd2 position=0 id=-1, oldPos=-1, pLpos:-1},isSelectedfalse
07-05 23:38:14.377 I/BaseContentFragment( 4900): setRowViewSelectedViewHolder{24b3c1c9 position=1 id=-1, oldPos=-1, pLpos:-1},isSelectedtrue
07-05 23:38:14.378 I/RoleContentFragment( 4900): onChildSelected:1,lastPos=0
07-05 23:38:14.382 W/System.err( 4900): java.net.ConnectException: failed to connect to /10.18.210.112 (port 8900) after 6000ms: isConnected failed: ECONNREFUSED (Connection refused)
07-05 23:38:14.382 I/TabView ( 4900): onfocuschange:false
07-05 23:38:14.383 W/System.err( 4900): 	at libcore.io.IoBridge.isConnected(IoBridge.java:238)
07-05 23:38:14.383 W/System.err( 4900): 	at libcore.io.IoBridge.connectErrno(IoBridge.java:171)
07-05 23:38:14.383 W/System.err( 4900): 	at libcore.io.IoBridge.connect(IoBridge.java:122)
07-05 23:38:14.383 W/System.err( 4900): 	at java.net.PlainSocketImpl.connect(PlainSocketImpl.java:183)
07-05 23:38:14.383 W/System.err( 4900): 	at java.net.PlainSocketImpl.connect(PlainSocketImpl.java:456)
07-05 23:38:14.383 W/System.err( 4900): 	at java.net.Socket.connect(Socket.java:882)
07-05 23:38:14.383 W/System.err( 4900): 	at com.android.okhttp.internal.Platform.connectSocket(Platform.java:174)
07-05 23:38:14.383 W/System.err( 4900): 	at com.android.okhttp.Connection.connect(Connection.java:152)
07-05 23:38:14.383 W/System.err( 4900): 	at com.android.okhttp.internal.http.HttpEngine.connect(HttpEngine.java:276)
07-05 23:38:14.383 W/System.err( 4900): 	at com.android.okhttp.internal.http.HttpEngine.sendRequest(HttpEngine.java:211)
07-05 23:38:14.383 W/System.err( 4900): 	at com.android.okhttp.internal.http.HttpURLConnectionImpl.execute(HttpURLConnectionImpl.java:382)
07-05 23:38:14.383 W/System.err( 4900): 	at com.android.okhttp.internal.http.HttpURLConnectionImpl.connect(HttpURLConnectionImpl.java:106)
07-05 23:38:14.383 W/System.err( 4900): 	at com.hisense.hitv.hicloud.util.ExceptionReport.a(ExceptionReport.java:337)
07-05 23:38:14.383 W/System.err( 4900): 	at com.hisense.hitv.hicloud.util.ExceptionReport.a(ExceptionReport.java:39)
07-05 23:38:14.383 W/System.err( 4900): 	at com.hisense.hitv.hicloud.util.ExceptionReport$1.run(ExceptionReport.java:83)
07-05 23:38:14.383 W/System.err( 4900): 	at java.lang.Thread.run(Thread.java:818)
07-05 23:38:14.383 W/System.err( 4900): Caused by: android.system.ErrnoException: isConnected failed: ECONNREFUSED (Connection refused)
07-05 23:38:14.383 D/TabView ( 4900): è®¾ç½®icon---:èŽ·å¾—ç„¦ç‚¹2ä½ç½®
07-05 23:38:14.383 E/TabView ( 4900): æ®‹ç•™ç„¦ç‚¹è®¾ç½®å›¾æ ‡
07-05 23:38:14.385 W/System.err( 4900): 	at libcore.io.IoBridge.isConnected(IoBridge.java:223)
07-05 23:38:14.385 W/System.err( 4900): 	... 15 more
07-05 23:38:14.412 D/CommonHeader( 4900): onTabStatusChanged tabstatus===>:40000
07-05 23:38:14.412 D/HttpHandler( 4900): VerifySignInterCeptor-->request.url()=http://picture.edu.hismarttv.com/images/20170628121925625089.png
07-05 23:38:14.412 D/HttpHandler( 4900): VerifySignInterCeptor-->hostname=picture.edu.hismarttv.com
07-05 23:38:14.417 D/OkHttp  ( 4900): --> GET http://picture.edu.hismarttv.com/images/20170628121925625089.png http/1.1
07-05 23:38:14.417 D/OkHttp  ( 4900): Host: picture.edu.hismarttv.com
07-05 23:38:14.417 D/OkHttp  ( 4900): Connection: Keep-Alive
07-05 23:38:14.417 D/OkHttp  ( 4900): Accept-Encoding: gzip
07-05 23:38:14.417 D/OkHttp  ( 4900): User-Agent: okhttp/3.6.0
07-05 23:38:14.417 D/OkHttp  ( 4900): --> END GET
07-05 23:38:14.436 D/GlobalInputEventMonitoringService( 1733): interceptKeyBeforeQueueing(), event:22, mNeedMonitorKeyEvent:true, mWaitForKeyUpEvent:false
07-05 23:38:14.436 D/GlobalInputEventMonitoringService( 1733): processKeyEvent(), processKeyEvent event:22
07-05 23:38:14.436 D/WindowManager( 1733): interceptKeyTq keycode=22 interactive=true keyguardActive=false policyFlags=2b000000 isCancled= false
07-05 23:38:14.436 D/WindowManager( 1733): interceptKeyTi keyCode=22 down=false repeatCount=0 keyguardOn=false mHomePressed=false canceled=false
07-05 23:38:14.436 D/WindowManager( 1733): Hisense systemkey event: 22
07-05 23:38:14.436 D/HisenseGlobalKeyManager( 1733): handleGlobalKey() : Global event = KeyEvent { action=ACTION_UP, keyCode=KEYCODE_DPAD_RIGHT, scanCode=0, metaState=0, flags=0x0, repeatCount=0, eventTime=17935845, downTime=17935845, deviceId=-1, source=0x101 }
07-05 23:38:14.439 D/OkHttp  ( 4900): <-- 200 OK http://picture.edu.hismarttv.com/images/20170628121925625089.png (21ms)
07-05 23:38:14.439 D/OkHttp  ( 4900): Date: Mon, 03 Jul 2017 10:40:22 GMT
07-05 23:38:14.439 D/OkHttp  ( 4900): Server: nginx
07-05 23:38:14.439 D/OkHttp  ( 4900): Content-Type: image/png
07-05 23:38:14.440 D/OkHttp  ( 4900): Content-Length: 3689
07-05 23:38:14.440 D/OkHttp  ( 4900): Last-Modified: Wed, 28 Jun 2017 12:19:25 GMT
07-05 23:38:14.440 D/OkHttp  ( 4900): ETag: "59539ecd-e69"
07-05 23:38:14.440 D/OkHttp  ( 4900): Accept-Ranges: bytes
07-05 23:38:14.440 D/OkHttp  ( 4900): Age: 190672
07-05 23:38:14.440 D/OkHttp  ( 4900): Via: 1.1 jnwt241:0 (Cdn Cache Server V2.0)[14 200 0], 1.1 chwt81:0 (Cdn Cache Server V2.0)[0 200 0]
07-05 23:38:14.440 D/OkHttp  ( 4900): Connection: keep-alive
07-05 23:38:14.440 D/OkHttp  ( 4900): <-- END HTTP
07-05 23:38:14.444 D/HttpHandler( 4900): RetryIntercepter-->retryNum=0
07-05 23:38:14.444 D/HttpHandler( 4900): RetryIntercepter-->backoffmutiplier=0
07-05 23:38:14.446 I/MyFragmentStateAdapter( 4900): getCount
07-05 23:38:14.478 D/TabView ( 4900): æ— ç„¦ç‚¹è®¾ç½®å›¾æ ‡
07-05 23:38:14.479 D/TabView ( 4900): æ— ç„¦ç‚¹è®¾ç½®å›¾æ ‡
07-05 23:38:14.480 D/TabView ( 4900): æ— ç„¦ç‚¹è®¾ç½®å›¾æ ‡
07-05 23:38:14.481 D/TabView ( 4900): æ— ç„¦ç‚¹è®¾ç½®å›¾æ ‡
07-05 23:38:14.491 D/TabView ( 4900): æ— ç„¦ç‚¹è®¾ç½®å›¾æ ‡
07-05 23:38:14.493 D/TabView ( 4900): æ— ç„¦ç‚¹è®¾ç½®å›¾æ ‡
07-05 23:38:14.495 D/TabView ( 4900): æ— ç„¦ç‚¹è®¾ç½®å›¾æ ‡
07-05 23:38:14.496 D/TabView ( 4900): æ— ç„¦ç‚¹è®¾ç½®å›¾æ ‡
07-05 23:38:14.498 D/HttpHandler( 4900): VerifySignInterCeptor-->request.url()=http://picture.edu.hismarttv.com/images/20170628111818312641.png
07-05 23:38:14.498 D/HttpHandler( 4900): VerifySignInterCeptor-->hostname=picture.edu.hismarttv.com
07-05 23:38:14.499 D/TabView ( 4900): æ— ç„¦ç‚¹è®¾ç½®å›¾æ ‡
07-05 23:38:14.500 D/HttpHandler( 4900): RetryIntercepter-->retryNum=0
07-05 23:38:14.500 D/HttpHandler( 4900): RetryIntercepter-->backoffmutiplier=0
07-05 23:38:14.501 D/TabView ( 4900): æ— ç„¦ç‚¹è®¾ç½®å›¾æ ‡
07-05 23:38:14.502 D/TabView ( 4900): æ— ç„¦ç‚¹è®¾ç½®å›¾æ ‡
07-05 23:38:14.503 D/TabView ( 4900): æ— ç„¦ç‚¹è®¾ç½®å›¾æ ‡
07-05 23:38:14.504 D/TabView ( 4900): æ— ç„¦ç‚¹è®¾ç½®å›¾æ ‡
07-05 23:38:14.504 E/btif_config( 2964): [btif_config_get] node is TRUE!
07-05 23:38:14.504 E/btif_config( 2964): [btif_config_get] ret is TRUE!
07-05 23:38:14.506 D/TabView ( 4900): æ— ç„¦ç‚¹è®¾ç½®å›¾æ ‡
07-05 23:38:14.510 D/TabView ( 4900): æ— ç„¦ç‚¹è®¾ç½®å›¾æ ‡
07-05 23:38:14.512 D/TabView ( 4900): æ— ç„¦ç‚¹è®¾ç½®å›¾æ ‡
07-05 23:38:14.512 I/MyFragmentStateAdapter( 4900): getCount
07-05 23:38:14.512 I/MyFragmentStateAdapter( 4900): getCount
07-05 23:38:14.513 D/TabView ( 4900): æ— ç„¦ç‚¹è®¾ç½®å›¾æ ‡
07-05 23:38:14.514 D/TabView ( 4900): æ— ç„¦ç‚¹è®¾ç½®å›¾æ ‡
07-05 23:38:14.515 D/TabView ( 4900): æ— ç„¦ç‚¹è®¾ç½®å›¾æ ‡
07-05 23:38:14.515 D/TabView ( 4900): æ— ç„¦ç‚¹è®¾ç½®å›¾æ ‡
07-05 23:38:14.519 D/TabView ( 4900): æ— ç„¦ç‚¹è®¾ç½®å›¾æ ‡
07-05 23:38:14.521 D/TabView ( 4900): æ— ç„¦ç‚¹è®¾ç½®å›¾æ ‡
07-05 23:38:14.523 D/TabView ( 4900): æ— ç„¦ç‚¹è®¾ç½®å›¾æ ‡
07-05 23:38:14.524 D/TabView ( 4900): æ— ç„¦ç‚¹è®¾ç½®å›¾æ ‡
07-05 23:38:14.525 D/TabView ( 4900): æ— ç„¦ç‚¹è®¾ç½®å›¾æ ‡
07-05 23:38:14.525 D/HttpHandler( 4900): VerifySignInterCeptor-->request.url()=http://picture.edu.hismarttv.com/images/20170628111818312641.png
07-05 23:38:14.525 D/HttpHandler( 4900): VerifySignInterCeptor-->hostname=picture.edu.hismarttv.com
07-05 23:38:14.526 D/HttpHandler( 4900): RetryIntercepter-->retryNum=0
07-05 23:38:14.526 D/HttpHandler( 4900): RetryIntercepter-->backoffmutiplier=0
07-05 23:38:14.529 D/TabView ( 4900): æ— ç„¦ç‚¹è®¾ç½®å›¾æ ‡
07-05 23:38:14.531 D/TabView ( 4900): æ— ç„¦ç‚¹è®¾ç½®å›¾æ ‡
07-05 23:38:14.533 D/TabView ( 4900): æ— ç„¦ç‚¹è®¾ç½®å›¾æ ‡
07-05 23:38:14.534 D/TabView ( 4900): æ— ç„¦ç‚¹è®¾ç½®å›¾æ ‡
07-05 23:38:14.536 D/TabView ( 4900): æ— ç„¦ç‚¹è®¾ç½®å›¾æ ‡
07-05 23:38:14.536 D/TabView ( 4900): æ— ç„¦ç‚¹è®¾ç½®å›¾æ ‡
07-05 23:38:14.537 D/TabView ( 4900): æ— ç„¦ç‚¹è®¾ç½®å›¾æ ‡
07-05 23:38:14.542 I/MyFragmentStateAdapter( 4900): getCount
07-05 23:38:14.542 I/MyFragmentStateAdapter( 4900): getCount
07-05 23:38:14.551 I/TabView ( 4900): onScroll:,firstItem=0,visibleCount=6,totalCount=10
07-05 23:38:14.554 D/Carousel-CarouselView( 4900): ============>onScrollChanged hashCode:958950284
07-05 23:38:14.554 D/Carousel-CarouselDisplayPlayerLayout( 4900): isFullScreen:false
07-05 23:38:14.556 I/MainHomeView( 4900): onPanelSlide0.259542---leftï¼š186
07-05 23:38:14.560 I/CurrentCarouselView( 4900): onCarouseControlCarouselControlBean{mShoudScroll=true, mActivityHasResume=false, mActivityHasStop=false, mHasTurnGone=false, mHasTurnVisible=false, mChannelId=-1, mSlideOffset=0.259542, mShouldSelectCenter=false, mTabOpen=false, mHoriPosStatus=None, mVerPosStatus=None, mLevelStatus=None},isPlayingtrue,channelId=0
07-05 23:38:14.561 I/CurrentCarouselView( 4900): is not the current page
07-05 23:38:14.561 I/CurrentCarouselView( 4900): do scroll
07-05 23:38:14.561 D/Carousel-CarouselView( 4900): smoothScroll.
07-05 23:38:14.561 D/Carousel-CarouselDisplayPlayerLayout( 4900): isFullScreen:false
07-05 23:38:14.561 D/TabView ( 4900): onReceiveSlidingOffset ===>:0.259542
07-05 23:38:14.563 I/MyFragmentStateAdapter( 4900): getCount
07-05 23:38:14.574 D/Carousel-CarouselDisplayPlayerLayout( 4900): HasFocus:false,keyCode:22
07-05 23:38:14.574 D/Carousel-CarouselDisplayPlayerLayout( 4900): isFullScreen:false
07-05 23:38:14.574 I/HomeMainActivity( 4900): carousel handle key:false
07-05 23:38:14.591 V/InputMethodService( 2203): startInput(): editor=android.view.inputmethod.EditorInfo@2374c35b
07-05 23:38:14.591 V/InputMethodService( 2203): CALL: onFinishInput
07-05 23:38:14.592 E/SOGOUIME_JNI( 2203): reset
07-05 23:38:14.592 E/SOGOUIME_JNI( 2203): getCandidates
07-05 23:38:14.592 E/SOGOUIME_JNI( 2203): ime_get_uncommitted_length
07-05 23:38:14.592 E/SOGOUIME_JNI( 2203): getCandidates
07-05 23:38:14.592 D/SogouIME API( 2203): ==============num:32
07-05 23:38:14.592 E/SOGOUIME_JNI( 2203): ime_get_uncommitted_length
07-05 23:38:14.592 D/SogouIME( 2203): mFocusedComponent:30   isHkbEnable:false
07-05 23:38:14.592 E/SOGOUIME_JNI( 2203): ime_get_uncommitted_length
07-05 23:38:14.592 E/SOGOUIME_JNI( 2203): ime_get_committed_length
07-05 23:38:14.592 E/SOGOUIME_JNI( 2203): getComposingInfo
07-05 23:38:14.592 E/SOGOUIME_JNI( 2203): getComposingInfo
07-05 23:38:14.593 E/SOGOUIME_JNI( 2203): getCorrectInfo
07-05 23:38:14.593 E/SOGOUIME_JNI( 2203): getComposingInfo
07-05 23:38:14.593 V/InputMethodService( 2203): CALL: onStartInput
07-05 23:38:14.593 E/SOGOUIME_JNI( 2203): invalidateCommitWordPinyinNative
07-05 23:38:14.593 D/SogouIME( 2203): =====configKeyboard=======æ˜¯å¦æœ‰ç¡¬ä»¶ç›˜:false     ç¡¬ä»¶ç›˜æ˜¯å¦ä¸å†éšè—ï¼šfalse
07-05 23:38:14.593 E/SOGOUIME_JNI( 2203): ime_set_hard_kb_enable
07-05 23:38:14.600 I/MainHomeView( 4900): onPanelSlide0.14503817---leftï¼š171
07-05 23:38:14.600 I/CurrentCarouselView( 4900): onCarouseControlCarouselControlBean{mShoudScroll=true, mActivityHasResume=false, mActivityHasStop=false, mHasTurnGone=false, mHasTurnVisible=false, mChannelId=-1, mSlideOffset=0.14503817, mShouldSelectCenter=false, mTabOpen=false, mHoriPosStatus=None, mVerPosStatus=None, mLevelStatus=None},isPlayingtrue,channelId=0
07-05 23:38:14.600 I/CurrentCarouselView( 4900): is not the current page
07-05 23:38:14.600 I/CurrentCarouselView( 4900): do scroll
07-05 23:38:14.600 D/Carousel-CarouselView( 4900): smoothScroll.
07-05 23:38:14.600 D/Carousel-CarouselDisplayPlayerLayout( 4900): isFullScreen:false
07-05 23:38:14.601 D/TabView ( 4900): onReceiveSlidingOffset ===>:0.14503817
07-05 23:38:14.614 D/Carousel-CarouselDisplayPlayerLayout( 4900): x=399, y=167,w=892,h=536, hashCode=144972349
07-05 23:38:14.614 D/Carousel-CarouselDisplayPlayerLayout( 4900): mX=511, mY=167,mWitdh=892,mHeight=536, hashCode=144972349
07-05 23:38:14.614 D/Carousel-CarouselDisplayPlayerLayout( 4900): changed=true, hashCode=144972349
07-05 23:38:14.620 I/TVMW@HsTvSetting( 1234): Trace cmd, data = 0x1058
07-05 23:38:14.620 D/til@system( 2026): til_get_system_param option:100002F int:0, bool:0, ret:0
07-05 23:38:14.620 I/TVMW@HsTvSetting( 1234): Trace cmd, data = 0x101f
07-05 23:38:14.621 D/til@system( 2026): til_get_system_param option:100001D int:3, bool:3, ret:0
07-05 23:38:14.621 E/til     ( 2026): [til_get_current_input_source, 101] 
07-05 23:38:14.621 I/TVMW@HsTvSetting( 1234): Trace cmd, data = 0x7007
07-05 23:38:14.622 I/tilwrapper@sm( 2026): HS2TIL_SourceType *hs=0xd, *til=0x900
07-05 23:38:14.622 D/til     ( 2026): get current source 2304
07-05 23:38:14.622 D/SourceRemoteServiceHandler( 2026): getCurrentInputSource.from.til.result is 0, value is 2304
07-05 23:38:14.622 D/SourceRemoteServiceHandler( 2026): getInputSourceType source: 0x900, type=2304
07-05 23:38:14.622 D/til     ( 2026): ###### func:til_get_picture_param option:0x3000006 ######  
07-05 23:38:14.622 I/TVMW@HsTvSetting( 1234): Trace cmd, data = 0x1003
07-05 23:38:14.624 I/TVMW@HsTvSetting( 1234): Trace cmd, data = 0x8032
07-05 23:38:14.624 I/hstvos  ( 1216): [0m[1;33m[HSHAL][HS_VIDEO][HS_HAL_Video_SetOsdDetect_v2][2389]u16Threshold = 20
07-05 23:38:14.625 E/TVMW@videoctrl( 1234):  getOsd is 1
07-05 23:38:14.625 D/til@system( 2026): til_get_system_param option:1000027 int:1, bool:1, ret:0
07-05 23:38:14.625 D/til     ( 2026): ###### func:til_get_picture_param option:0x3000045 ######  
07-05 23:38:14.626 I/TVMW@HsTvSetting( 1234): Trace cmd, data = 0x300c
07-05 23:38:14.626 I/TVMW@HsTvSetting( 1234): Trace 3d, data = 0x300c
07-05 23:38:14.626 I/TVMW@3d ( 1234): Hs_debug3d_trace: func:get3dStatus, line:109
07-05 23:38:14.627 D/Carousel-Utils( 4900): x=399,y=167, width=892,height=536
07-05 23:38:14.627 D/Carousel-CarouselDisplayPlayerLayout( 4900): isFullScreen:false
07-05 23:38:14.629 D/Carousel-CarouselView( 4900): ===========>onScrollStart
07-05 23:38:14.630 D/Carousel-Utils( 4900): displayImage view=android.widget.ImageView{2ef01db I.ED.... ......ID 0,0-816,460 #7f0d0029 app:id/imageView1}
07-05 23:38:14.630 D/Carousel-Utils( 4900): displayImage url=http://picture.edu.hismarttv.com/images/20170629010146422927.jpg
07-05 23:38:14.631 D/Carousel-Utils( 4900): onResourceReady.
07-05 23:38:14.644 D/Carousel-Utils( 4900): displayImage view=android.widget.ImageView{15234ef6 I.ED.... ........ 0,0-816,460 #7f0d0029 app:id/imageView1}
07-05 23:38:14.644 D/Carousel-Utils( 4900): displayImage url=http://picture.edu.hismarttv.com/images/20170629010146422927.jpg
07-05 23:38:14.644 D/Carousel-Utils( 4900): onResourceReady.
07-05 23:38:14.645 D/Carousel-CarouselDisplayPlayerLayout( 4900): x=399, y=167,w=892,h=536, hashCode=144972349
07-05 23:38:14.645 D/Carousel-CarouselDisplayPlayerLayout( 4900): mX=399, mY=167,mWitdh=892,mHeight=536, hashCode=144972349
07-05 23:38:14.645 D/Carousel-CarouselDisplayPlayerLayout( 4900): changed=false, hashCode=144972349
07-05 23:38:14.645 D/Carousel-CarouselDisplayPlayerLayout( 4900): extraTryCount=0
07-05 23:38:14.681 I/MyFragmentStateAdapter( 4900): getCount
07-05 23:38:14.681 I/MyFragmentStateAdapter( 4900): getCount
07-05 23:38:14.681 I/MyFragmentStateAdapter( 4900): getCount
07-05 23:38:14.681 I/MyFragmentStateAdapter( 4900): getCount
07-05 23:38:14.681 I/Carousel-UrlVideoView( 4900): onMeasure(MeasureSpec: EXACTLY 816, MeasureSpec: EXACTLY 460)
07-05 23:38:14.681 D/Carousel-UrlVideoView( 4900): widthSpecMode=1073741824
07-05 23:38:14.681 D/Carousel-UrlVideoView( 4900): heightSpecMode=1073741824
07-05 23:38:14.681 D/Carousel-UrlVideoView( 4900): widthSpecSize=816
07-05 23:38:14.681 D/Carousel-UrlVideoView( 4900): heightSpecSize=460
07-05 23:38:14.681 I/Carousel-UrlVideoView( 4900): onMeasure(MeasureSpec: EXACTLY 816, MeasureSpec: EXACTLY 460)
07-05 23:38:14.681 D/Carousel-UrlVideoView( 4900): widthSpecMode=1073741824
07-05 23:38:14.681 D/Carousel-UrlVideoView( 4900): heightSpecMode=1073741824
07-05 23:38:14.681 D/Carousel-UrlVideoView( 4900): widthSpecSize=816
07-05 23:38:14.681 D/Carousel-UrlVideoView( 4900): heightSpecSize=460
07-05 23:38:14.689 D/Surface ( 1733): onStatusChange() : mNativeObject = 547942774784 mUseImageHwRender = false
07-05 23:38:14.689 V/Surface ( 1733): nativeSetHardwareRender() : status = 0
07-05 23:38:14.689 V/Surface ( 1733): nativeSetHardwareRender() : end
07-05 23:38:14.693 D/PowerManagerService( 1733): releaseWakeLockInternal: lock=487931605 [WindowManager], flags=0x0
07-05 23:38:14.693 D/PowerManagerNotifier( 1733): onWakeLockReleased: flags=536870922, tag="WindowManager", packageName=android, ownerUid=1000, ownerPid=1733, workSource=WorkSource{10010}
07-05 23:38:14.693 D/PowerManagerService( 1733): userActivityNoUpdateLocked: eventTime=17936265, event=0, flags=0x1, uid=1000
07-05 23:38:14.693 D/PowerManagerService( 1733): setScreenBrightnessOverrideFromWindowManagerInternal done
07-05 23:38:14.696 D/Surface ( 1733): onStatusChange() : mNativeObject = 0 mUseImageHwRender = false
07-05 23:38:14.698 D/MSTAR_VDEC_DBG( 1206): Stream ID: 0, Rate : 24 (E:0,D:0,S:0,F:68) 
07-05 23:38:14.703 I/FirstLineAdapter( 4900): canShowTrailer,isOffline=false
07-05 23:38:14.703 I/FirstLineAdapter( 4900): canShowTrailer,isOffline=false
07-05 23:38:14.703 I/FirstLineAdapter( 4900): canShowTrailer,isOffline=false
07-05 23:38:14.703 I/FirstLineAdapter( 4900): canShowTrailer,isOffline=false
07-05 23:38:14.703 I/FirstLineAdapter( 4900): canShowTrailer,isOffline=false
07-05 23:38:14.704 I/FirstLineAdapter( 4900): canShowTrailer,isOffline=false
07-05 23:38:14.704 I/FirstLineAdapter( 4900): canShowTrailer,isOffline=false
07-05 23:38:14.709 I/FirstLineAdapter( 4900): canShowTrailer,isOffline=false
07-05 23:38:14.709 I/FirstLineAdapter( 4900): canShowTrailer,isOffline=false
07-05 23:38:14.710 I/SurfaceView( 4900): Changes: creating=false format=false size=false visible=false left=true top=false
07-05 23:38:14.710 I/SurfaceView( 4900): Cur surface: Surface(name=null)/@0x2451c5eb
07-05 23:38:14.711 D/Surface ( 1733): onStatusChange() : mNativeObject = 547942778368 mUseImageHwRender = false
07-05 23:38:14.711 V/Surface ( 1733): nativeSetHardwareRender() : status = 0
07-05 23:38:14.711 V/Surface ( 1733): nativeSetHardwareRender() : end
07-05 23:38:14.713 D/PowerManagerService( 1733): setScreenBrightnessOverrideFromWindowManagerInternal done
07-05 23:38:14.715 D/Surface ( 1733): onStatusChange() : mNativeObject = 0 mUseImageHwRender = false
07-05 23:38:14.715 D/Surface ( 4900): onStatusChange() : mNativeObject = -545196800 mUseImageHwRender = false
07-05 23:38:14.716 V/Surface ( 4900): nativeSetHardwareRender() : status = 0
07-05 23:38:14.716 V/Surface ( 4900): nativeSetHardwareRender() : end
07-05 23:38:14.716 I/SurfaceView( 4900): New surface: Surface(name=null)/@0x1fe10f48, vis=true, frame=Rect(437, 205 - 1253, 665)
07-05 23:38:14.716 D/Surface ( 4900): onStatusChange() : mNativeObject = 0 mUseImageHwRender = false
07-05 23:38:14.716 D/Surface ( 4900): onStatusChange() : mNativeObject = -545196800 mUseImageHwRender = false
07-05 23:38:14.716 V/Surface ( 4900): nativeSetHardwareRender() : status = 0
07-05 23:38:14.716 V/Surface ( 4900): nativeSetHardwareRender() : end
07-05 23:38:14.718 V/SurfaceView( 4900): Layout: x=437 y=205 w=816 h=460, frame=Rect(0, 0 - 816, 460)
07-05 23:38:14.724 I/MainHomeView( 4900): onPanelSlide0.015267176---leftï¼š154
07-05 23:38:14.724 I/CurrentCarouselView( 4900): onCarouseControlCarouselControlBean{mShoudScroll=true, mActivityHasResume=false, mActivityHasStop=false, mHasTurnGone=false, mHasTurnVisible=false, mChannelId=-1, mSlideOffset=0.015267176, mShouldSelectCenter=false, mTabOpen=false, mHoriPosStatus=None, mVerPosStatus=None, mLevelStatus=None},isPlayingtrue,channelId=0
07-05 23:38:14.724 I/CurrentCarouselView( 4900): is not the current page
07-05 23:38:14.724 I/CurrentCarouselView( 4900): do scroll
07-05 23:38:14.724 D/Carousel-CarouselView( 4900): smoothScroll.
07-05 23:38:14.724 D/Carousel-CarouselDisplayPlayerLayout( 4900): isFullScreen:false
07-05 23:38:14.724 D/TabView ( 4900): onReceiveSlidingOffset ===>:0.015267176
07-05 23:38:14.729 I/MyFragmentStateAdapter( 4900): getCount
07-05 23:38:14.733 D/Carousel-CarouselDisplayPlayerLayout( 4900): x=382, y=167,w=892,h=536, hashCode=144972349
07-05 23:38:14.733 D/Carousel-CarouselDisplayPlayerLayout( 4900): mX=399, mY=167,mWitdh=892,mHeight=536, hashCode=144972349
07-05 23:38:14.733 D/Carousel-CarouselDisplayPlayerLayout( 4900): changed=true, hashCode=144972349
07-05 23:38:14.734 D/Carousel-Utils( 4900): x=382,y=167, width=892,height=536
07-05 23:38:14.734 D/Carousel-CarouselDisplayPlayerLayout( 4900): x=382, y=167,w=892,h=536, hashCode=144972349
07-05 23:38:14.735 D/Carousel-CarouselDisplayPlayerLayout( 4900): mX=382, mY=167,mWitdh=892,mHeight=536, hashCode=144972349
07-05 23:38:14.735 D/Carousel-CarouselDisplayPlayerLayout( 4900): changed=false, hashCode=144972349
07-05 23:38:14.735 D/Carousel-CarouselDisplayPlayerLayout( 4900): extraTryCount=0
07-05 23:38:14.735 D/Carousel-CarouselDisplayPlayerLayout( 4900): x=382, y=167,w=892,h=536, hashCode=144972349
07-05 23:38:14.735 D/Carousel-CarouselDisplayPlayerLayout( 4900): mX=382, mY=167,mWitdh=892,mHeight=536, hashCode=144972349
07-05 23:38:14.735 D/Carousel-CarouselDisplayPlayerLayout( 4900): changed=false, hashCode=144972349
07-05 23:38:14.735 D/Carousel-CarouselDisplayPlayerLayout( 4900): extraTryCount=1
07-05 23:38:14.740 E/hwcomposer( 1204): Overlay 0 size changeed src {1920 1080} -> {1920, 1080} crop{0.000000 0.000000 1920.000000 1080.000000}->{0.000000 0.000000 1920.000000 1080.000000} dst{549 205 1365 665}->{437 205 1253 665}
07-05 23:38:14.742 I/Carousel-UrlVideoView( 4900): onMeasure(MeasureSpec: EXACTLY 816, MeasureSpec: EXACTLY 460)
07-05 23:38:14.742 D/Carousel-UrlVideoView( 4900): widthSpecMode=1073741824
07-05 23:38:14.742 D/Carousel-UrlVideoView( 4900): heightSpecMode=1073741824
07-05 23:38:14.742 D/Carousel-UrlVideoView( 4900): widthSpecSize=816
07-05 23:38:14.742 D/Carousel-UrlVideoView( 4900): heightSpecSize=460
07-05 23:38:14.742 I/Carousel-UrlVideoView( 4900): onMeasure(MeasureSpec: EXACTLY 816, MeasureSpec: EXACTLY 460)
07-05 23:38:14.742 D/Carousel-UrlVideoView( 4900): widthSpecMode=1073741824
07-05 23:38:14.742 D/Carousel-UrlVideoView( 4900): heightSpecMode=1073741824
07-05 23:38:14.742 D/Carousel-UrlVideoView( 4900): widthSpecSize=816
07-05 23:38:14.742 D/Carousel-UrlVideoView( 4900): heightSpecSize=460
07-05 23:38:14.743 I/SurfaceView( 4900): Changes: creating=false format=false size=false visible=false left=true top=false
07-05 23:38:14.743 I/SurfaceView( 4900): Cur surface: Surface(name=null)/@0x2451c5eb
07-05 23:38:14.744 D/Surface ( 1733): onStatusChange() : mNativeObject = 547942778368 mUseImageHwRender = false
07-05 23:38:14.744 V/Surface ( 1733): nativeSetHardwareRender() : status = 0
07-05 23:38:14.744 V/Surface ( 1733): nativeSetHardwareRender() : end
07-05 23:38:14.747 D/PowerManagerService( 1733): setScreenBrightnessOverrideFromWindowManagerInternal done
07-05 23:38:14.753 D/Surface ( 1733): onStatusChange() : mNativeObject = 0 mUseImageHwRender = false
07-05 23:38:14.755 D/Surface ( 4900): onStatusChange() : mNativeObject = -195827200 mUseImageHwRender = false
07-05 23:38:14.755 V/Surface ( 4900): nativeSetHardwareRender() : status = 0
07-05 23:38:14.755 V/Surface ( 4900): nativeSetHardwareRender() : end
07-05 23:38:14.755 I/SurfaceView( 4900): New surface: Surface(name=null)/@0x1fe10f48, vis=true, frame=Rect(420, 205 - 1236, 665)
07-05 23:38:14.755 D/Surface ( 4900): onStatusChange() : mNativeObject = 0 mUseImageHwRender = false
07-05 23:38:14.755 D/Surface ( 4900): onStatusChange() : mNativeObject = -195827200 mUseImageHwRender = false
07-05 23:38:14.755 V/Surface ( 4900): nativeSetHardwareRender() : status = 0
07-05 23:38:14.755 V/Surface ( 4900): nativeSetHardwareRender() : end
07-05 23:38:14.759 V/SurfaceView( 4900): Layout: x=420 y=205 w=816 h=460, frame=Rect(0, 0 - 816, 460)
07-05 23:38:14.764 I/MainHomeView( 4900): onPanelSlide0.007633588---leftï¼š153
07-05 23:38:14.764 I/CurrentCarouselView( 4900): onCarouseControlCarouselControlBean{mShoudScroll=true, mActivityHasResume=false, mActivityHasStop=false, mHasTurnGone=false, mHasTurnVisible=false, mChannelId=-1, mSlideOffset=0.007633588, mShouldSelectCenter=false, mTabOpen=false, mHoriPosStatus=None, mVerPosStatus=None, mLevelStatus=None},isPlayingtrue,channelId=0
07-05 23:38:14.764 I/CurrentCarouselView( 4900): is not the current page
07-05 23:38:14.764 I/CurrentCarouselView( 4900): do scroll
07-05 23:38:14.764 D/Carousel-CarouselView( 4900): smoothScroll.
07-05 23:38:14.764 D/Carousel-CarouselDisplayPlayerLayout( 4900): isFullScreen:false
07-05 23:38:14.765 D/TabView ( 4900): onReceiveSlidingOffset ===>:0.007633588
07-05 23:38:14.770 D/Carousel-CarouselDisplayPlayerLayout( 4900): x=381, y=167,w=892,h=536, hashCode=144972349
07-05 23:38:14.770 D/Carousel-CarouselDisplayPlayerLayout( 4900): mX=382, mY=167,mWitdh=892,mHeight=536, hashCode=144972349
07-05 23:38:14.770 D/Carousel-CarouselDisplayPlayerLayout( 4900): changed=true, hashCode=144972349
07-05 23:38:14.770 D/Carousel-Utils( 4900): x=381,y=167, width=892,height=536
07-05 23:38:14.770 D/Carousel-CarouselDisplayPlayerLayout( 4900): x=381, y=167,w=892,h=536, hashCode=144972349
07-05 23:38:14.770 D/Carousel-CarouselDisplayPlayerLayout( 4900): mX=381, mY=167,mWitdh=892,mHeight=536, hashCode=144972349
07-05 23:38:14.770 D/Carousel-CarouselDisplayPlayerLayout( 4900): changed=false, hashCode=144972349
07-05 23:38:14.770 D/Carousel-CarouselDisplayPlayerLayout( 4900): extraTryCount=0
07-05 23:38:14.771 D/Carousel-CarouselDisplayPlayerLayout( 4900): x=381, y=167,w=892,h=536, hashCode=144972349
07-05 23:38:14.771 D/Carousel-CarouselDisplayPlayerLayout( 4900): mX=381, mY=167,mWitdh=892,mHeight=536, hashCode=144972349
07-05 23:38:14.771 D/Carousel-CarouselDisplayPlayerLayout( 4900): changed=false, hashCode=144972349
07-05 23:38:14.771 D/Carousel-CarouselDisplayPlayerLayout( 4900): extraTryCount=1
07-05 23:38:14.771 D/Carousel-CarouselDisplayPlayerLayout( 4900): x=381, y=167,w=892,h=536, hashCode=144972349
07-05 23:38:14.771 D/Carousel-CarouselDisplayPlayerLayout( 4900): mX=381, mY=167,mWitdh=892,mHeight=536, hashCode=144972349
07-05 23:38:14.771 D/Carousel-CarouselDisplayPlayerLayout( 4900): changed=false, hashCode=144972349
07-05 23:38:14.771 D/Carousel-CarouselDisplayPlayerLayout( 4900): extraTryCount=2
07-05 23:38:14.772 I/Carousel-UrlVideoView( 4900): onMeasure(MeasureSpec: EXACTLY 816, MeasureSpec: EXACTLY 460)
07-05 23:38:14.772 D/Carousel-UrlVideoView( 4900): widthSpecMode=1073741824
07-05 23:38:14.772 D/Carousel-UrlVideoView( 4900): heightSpecMode=1073741824
07-05 23:38:14.772 D/Carousel-UrlVideoView( 4900): widthSpecSize=816
07-05 23:38:14.772 D/Carousel-UrlVideoView( 4900): heightSpecSize=460
07-05 23:38:14.772 E/hwcomposer( 1204): Overlay 0 size changeed src {1920 1080} -> {1920, 1080} crop{0.000000 0.000000 1920.000000 1080.000000}->{0.000000 0.000000 1920.000000 1080.000000} dst{437 205 1253 665}->{420 205 1236 665}
07-05 23:38:14.772 I/Carousel-UrlVideoView( 4900): onMeasure(MeasureSpec: EXACTLY 816, MeasureSpec: EXACTLY 460)
07-05 23:38:14.772 D/Carousel-UrlVideoView( 4900): widthSpecMode=1073741824
07-05 23:38:14.772 D/Carousel-UrlVideoView( 4900): heightSpecMode=1073741824
07-05 23:38:14.772 D/Carousel-UrlVideoView( 4900): widthSpecSize=816
07-05 23:38:14.772 D/Carousel-UrlVideoView( 4900): heightSpecSize=460
07-05 23:38:14.773 I/SurfaceView( 4900): Changes: creating=false format=false size=false visible=false left=true top=false
07-05 23:38:14.773 I/SurfaceView( 4900): Cur surface: Surface(name=null)/@0x2451c5eb
07-05 23:38:14.775 D/Surface ( 1733): onStatusChange() : mNativeObject = 547942778368 mUseImageHwRender = false
07-05 23:38:14.775 V/Surface ( 1733): nativeSetHardwareRender() : status = 0
07-05 23:38:14.775 V/Surface ( 1733): nativeSetHardwareRender() : end
07-05 23:38:14.778 D/PowerManagerService( 1733): setScreenBrightnessOverrideFromWindowManagerInternal done
07-05 23:38:14.780 D/Surface ( 1733): onStatusChange() : mNativeObject = 0 mUseImageHwRender = false
07-05 23:38:14.781 D/Surface ( 4900): onStatusChange() : mNativeObject = -545196800 mUseImageHwRender = false
07-05 23:38:14.781 V/Surface ( 4900): nativeSetHardwareRender() : status = 0
07-05 23:38:14.781 V/Surface ( 4900): nativeSetHardwareRender() : end
07-05 23:38:14.782 I/SurfaceView( 4900): New surface: Surface(name=null)/@0x1fe10f48, vis=true, frame=Rect(419, 205 - 1235, 665)
07-05 23:38:14.782 D/Surface ( 4900): onStatusChange() : mNativeObject = 0 mUseImageHwRender = false
07-05 23:38:14.782 D/Surface ( 4900): onStatusChange() : mNativeObject = -545196800 mUseImageHwRender = false
07-05 23:38:14.782 V/Surface ( 4900): nativeSetHardwareRender() : status = 0
07-05 23:38:14.782 V/Surface ( 4900): nativeSetHardwareRender() : end
07-05 23:38:14.784 V/SurfaceView( 4900): Layout: x=419 y=205 w=816 h=460, frame=Rect(0, 0 - 816, 460)
07-05 23:38:14.787 I/MainHomeView( 4900): onPanelSlide0.0---leftï¼š152
07-05 23:38:14.787 I/CurrentCarouselView( 4900): onCarouseControlCarouselControlBean{mShoudScroll=true, mActivityHasResume=false, mActivityHasStop=false, mHasTurnGone=false, mHasTurnVisible=false, mChannelId=-1, mSlideOffset=0.0, mShouldSelectCenter=false, mTabOpen=false, mHoriPosStatus=None, mVerPosStatus=None, mLevelStatus=None},isPlayingtrue,channelId=0
07-05 23:38:14.787 I/CurrentCarouselView( 4900): is not the current page
07-05 23:38:14.787 I/CurrentCarouselView( 4900): do scroll
07-05 23:38:14.787 D/Carousel-CarouselView( 4900): smoothScroll.
07-05 23:38:14.787 D/Carousel-CarouselDisplayPlayerLayout( 4900): isFullScreen:false
07-05 23:38:14.787 D/TabView ( 4900): onReceiveSlidingOffset ===>:0.0
07-05 23:38:14.794 D/Carousel-CarouselDisplayPlayerLayout( 4900): x=380, y=167,w=892,h=536, hashCode=144972349
07-05 23:38:14.794 D/Carousel-CarouselDisplayPlayerLayout( 4900): mX=381, mY=167,mWitdh=892,mHeight=536, hashCode=144972349
07-05 23:38:14.794 D/Carousel-CarouselDisplayPlayerLayout( 4900): changed=true, hashCode=144972349
07-05 23:38:14.795 D/Carousel-Utils( 4900): x=380,y=167, width=892,height=536
07-05 23:38:14.795 D/Carousel-CarouselDisplayPlayerLayout( 4900): x=380, y=167,w=892,h=536, hashCode=144972349
07-05 23:38:14.795 D/Carousel-CarouselDisplayPlayerLayout( 4900): mX=380, mY=167,mWitdh=892,mHeight=536, hashCode=144972349
07-05 23:38:14.795 D/Carousel-CarouselDisplayPlayerLayout( 4900): changed=false, hashCode=144972349
07-05 23:38:14.795 D/Carousel-CarouselDisplayPlayerLayout( 4900): extraTryCount=0
07-05 23:38:14.795 D/Carousel-CarouselDisplayPlayerLayout( 4900): x=380, y=167,w=892,h=536, hashCode=144972349
07-05 23:38:14.795 D/Carousel-CarouselDisplayPlayerLayout( 4900): mX=380, mY=167,mWitdh=892,mHeight=536, hashCode=144972349
07-05 23:38:14.795 D/Carousel-CarouselDisplayPlayerLayout( 4900): changed=false, hashCode=144972349
07-05 23:38:14.795 D/Carousel-CarouselDisplayPlayerLayout( 4900): extraTryCount=1
07-05 23:38:14.795 D/Carousel-CarouselDisplayPlayerLayout( 4900): x=380, y=167,w=892,h=536, hashCode=144972349
07-05 23:38:14.795 D/Carousel-CarouselDisplayPlayerLayout( 4900): mX=380, mY=167,mWitdh=892,mHeight=536, hashCode=144972349
07-05 23:38:14.795 D/Carousel-CarouselDisplayPlayerLayout( 4900): changed=false, hashCode=144972349
07-05 23:38:14.795 D/Carousel-CarouselDisplayPlayerLayout( 4900): extraTryCount=2
07-05 23:38:14.795 D/Carousel-CarouselDisplayPlayerLayout( 4900): x=380, y=167,w=892,h=536, hashCode=144972349
07-05 23:38:14.795 D/Carousel-CarouselDisplayPlayerLayout( 4900): mX=380, mY=167,mWitdh=892,mHeight=536, hashCode=144972349
07-05 23:38:14.795 D/Carousel-CarouselDisplayPlayerLayout( 4900): changed=false, hashCode=144972349
07-05 23:38:14.796 D/Carousel-CarouselDisplayPlayerLayout( 4900): extraTryCount=3
07-05 23:38:14.796 I/Carousel-UrlVideoView( 4900): onMeasure(MeasureSpec: EXACTLY 816, MeasureSpec: EXACTLY 460)
07-05 23:38:14.796 D/Carousel-UrlVideoView( 4900): widthSpecMode=1073741824
07-05 23:38:14.796 D/Carousel-UrlVideoView( 4900): heightSpecMode=1073741824
07-05 23:38:14.796 D/Carousel-UrlVideoView( 4900): widthSpecSize=816
07-05 23:38:14.796 D/Carousel-UrlVideoView( 4900): heightSpecSize=460
07-05 23:38:14.796 I/Carousel-UrlVideoView( 4900): onMeasure(MeasureSpec: EXACTLY 816, MeasureSpec: EXACTLY 460)
07-05 23:38:14.796 D/Carousel-UrlVideoView( 4900): widthSpecMode=1073741824
07-05 23:38:14.796 D/Carousel-UrlVideoView( 4900): heightSpecMode=1073741824
07-05 23:38:14.796 D/Carousel-UrlVideoView( 4900): widthSpecSize=816
07-05 23:38:14.796 D/Carousel-UrlVideoView( 4900): heightSpecSize=460
07-05 23:38:14.797 I/SurfaceView( 4900): Changes: creating=false format=false size=false visible=false left=true top=false
07-05 23:38:14.797 I/SurfaceView( 4900): Cur surface: Surface(name=null)/@0x2451c5eb
07-05 23:38:14.798 D/Surface ( 1733): onStatusChange() : mNativeObject = 547942778368 mUseImageHwRender = false
07-05 23:38:14.798 V/Surface ( 1733): nativeSetHardwareRender() : status = 0
07-05 23:38:14.798 V/Surface ( 1733): nativeSetHardwareRender() : end
07-05 23:38:14.800 D/PowerManagerService( 1733): setScreenBrightnessOverrideFromWindowManagerInternal done
07-05 23:38:14.803 D/Surface ( 1733): onStatusChange() : mNativeObject = 0 mUseImageHwRender = false
07-05 23:38:14.804 D/Surface ( 4900): onStatusChange() : mNativeObject = -195827200 mUseImageHwRender = false
07-05 23:38:14.804 V/Surface ( 4900): nativeSetHardwareRender() : status = 0
07-05 23:38:14.804 V/Surface ( 4900): nativeSetHardwareRender() : end
07-05 23:38:14.804 I/SurfaceView( 4900): New surface: Surface(name=null)/@0x1fe10f48, vis=true, frame=Rect(418, 205 - 1234, 665)
07-05 23:38:14.804 D/Surface ( 4900): onStatusChange() : mNativeObject = 0 mUseImageHwRender = false
07-05 23:38:14.805 D/Surface ( 4900): onStatusChange() : mNativeObject = -195827200 mUseImageHwRender = false
07-05 23:38:14.805 V/Surface ( 4900): nativeSetHardwareRender() : status = 0
07-05 23:38:14.805 V/Surface ( 4900): nativeSetHardwareRender() : end
07-05 23:38:14.811 E/hwcomposer( 1204): Overlay 0 size changeed src {1920 1080} -> {1920, 1080} crop{0.000000 0.000000 1920.000000 1080.000000}->{0.000000 0.000000 1920.000000 1080.000000} dst{420 205 1236 665}->{419 205 1235 665}
07-05 23:38:14.811 V/SurfaceView( 4900): Layout: x=418 y=205 w=816 h=460, frame=Rect(0, 0 - 816, 460)
07-05 23:38:14.825 E/hwcomposer( 1204): Overlay 0 size changeed src {1920 1080} -> {1920, 1080} crop{0.000000 0.000000 1920.000000 1080.000000}->{0.000000 0.000000 1920.000000 1080.000000} dst{419 205 1235 665}->{418 205 1234 665}
07-05 23:38:14.834 D/Carousel-CarouselDisplayPlayerLayout( 4900): x=380, y=167,w=892,h=536, hashCode=144972349
07-05 23:38:14.834 D/Carousel-CarouselDisplayPlayerLayout( 4900): mX=380, mY=167,mWitdh=892,mHeight=536, hashCode=144972349
07-05 23:38:14.834 D/Carousel-CarouselDisplayPlayerLayout( 4900): changed=false, hashCode=144972349
07-05 23:38:14.835 D/Carousel-CarouselDisplayPlayerLayout( 4900): extraTryCount=4
07-05 23:38:14.836 I/MainHomeView( 4900): onPanelClosed---leftï¼š152
07-05 23:38:14.843 D/Carousel-CarouselDisplayPlayerLayout( 4900): x=380, y=167,w=892,h=536, hashCode=144972349
07-05 23:38:14.843 D/Carousel-CarouselDisplayPlayerLayout( 4900): mX=380, mY=167,mWitdh=892,mHeight=536, hashCode=144972349
07-05 23:38:14.843 D/Carousel-CarouselDisplayPlayerLayout( 4900): changed=false, hashCode=144972349
07-05 23:38:14.843 D/Carousel-CarouselDisplayPlayerLayout( 4900): extraTryCount=5
07-05 23:38:14.843 D/Carousel-CarouselDisplayPlayerLayout( 4900): x=380, y=167,w=892,h=536, hashCode=144972349
07-05 23:38:14.843 D/Carousel-CarouselDisplayPlayerLayout( 4900): mX=380, mY=167,mWitdh=892,mHeight=536, hashCode=144972349
07-05 23:38:14.843 D/Carousel-CarouselDisplayPlayerLayout( 4900): changed=false, hashCode=144972349
07-05 23:38:14.843 D/Carousel-CarouselDisplayPlayerLayout( 4900): extraTryCount=6
07-05 23:38:14.843 D/Carousel-CarouselDisplayPlayerLayout( 4900): x=380, y=167,w=892,h=536, hashCode=144972349
07-05 23:38:14.843 D/Carousel-CarouselDisplayPlayerLayout( 4900): mX=380, mY=167,mWitdh=892,mHeight=536, hashCode=144972349
07-05 23:38:14.843 D/Carousel-CarouselDisplayPlayerLayout( 4900): changed=false, hashCode=144972349
07-05 23:38:14.844 D/Carousel-CarouselDisplayPlayerLayout( 4900): extraTryCount=7
07-05 23:38:14.844 D/Carousel-CarouselDisplayPlayerLayout( 4900): x=380, y=167,w=892,h=536, hashCode=144972349
07-05 23:38:14.844 D/Carousel-CarouselDisplayPlayerLayout( 4900): mX=380, mY=167,mWitdh=892,mHeight=536, hashCode=144972349
07-05 23:38:14.844 D/Carousel-CarouselDisplayPlayerLayout( 4900): changed=false, hashCode=144972349
07-05 23:38:14.844 D/Carousel-CarouselDisplayPlayerLayout( 4900): extraTryCount=8
07-05 23:38:14.844 D/Carousel-CarouselDisplayPlayerLayout( 4900): x=380, y=167,w=892,h=536, hashCode=144972349
07-05 23:38:14.844 D/Carousel-CarouselDisplayPlayerLayout( 4900): mX=380, mY=167,mWitdh=892,mHeight=536, hashCode=144972349
07-05 23:38:14.844 D/Carousel-CarouselDisplayPlayerLayout( 4900): changed=false, hashCode=144972349
07-05 23:38:14.844 D/Carousel-CarouselDisplayPlayerLayout( 4900): extraTryCount=9
07-05 23:38:14.847 D/Carousel-CarouselDisplayPlayerLayout( 4900): x=380, y=167,w=892,h=536, hashCode=144972349
07-05 23:38:14.847 D/Carousel-CarouselDisplayPlayerLayout( 4900): mX=380, mY=167,mWitdh=892,mHeight=536, hashCode=144972349
07-05 23:38:14.847 D/Carousel-CarouselDisplayPlayerLayout( 4900): changed=false, hashCode=144972349
07-05 23:38:14.847 D/Carousel-CarouselDisplayPlayerLayout( 4900): isFullScreen:false
07-05 23:38:14.848 D/Carousel-CarouselView( 4900): ===========>mDisplayPlayerLayout.getVisibility()=4
07-05 23:38:14.848 D/Carousel-CarouselView( 4900): ===========>onScrollEnd
07-05 23:38:14.849 D/Carousel-Utils( 4900): x=380,y=167, width=892,height=536
07-05 23:38:14.849 D/Carousel-CarouselView( 4900): isOutScreen:false
07-05 23:38:14.856 I/MyFragmentStateAdapter( 4900): getCount
07-05 23:38:14.856 I/MyFragmentStateAdapter( 4900): getCount
07-05 23:38:14.856 I/MyFragmentStateAdapter( 4900): getCount
07-05 23:38:14.856 I/MyFragmentStateAdapter( 4900): getCount
07-05 23:38:14.857 D/hwcomposer( 1204): Overlay [0] do size change!
07-05 23:38:14.858 D/vsyncbridge( 1204): [0] handle_thread thread got msg 0x2, mState = 3
07-05 23:38:14.858 D/vsyncbridge( 1204): Overlay 0 Resize, mState = 0x3, 0, disp[418 205 816 460] osd[1920 1080]
07-05 23:38:14.858 D/vsyncbridge( 1204): [update_ds_table,  594] DispW:1632 DispH:920 
07-05 23:38:14.858 D/vsyncbridge( 1204): [update_ds_table,  598] Cap.x:1105 Cap.y:30 CapW:1920 CapH:1080 
07-05 23:38:14.858 D/vsyncbridge( 1204): [update_ds_table,  599] enInputSourceType:34 
07-05 23:38:14.858 D/vsyncbridge( 1204): [update_ds_table,  601] u16InputVTotal:2205  u16InputVFreq:240 
07-05 23:38:14.858 D/vsyncbridge( 1204): [update_ds_table,  603] bInterlace:0  u16DefaultHtotal:0 
07-05 23:38:14.858 D/vsyncbridge( 1204): [update_ds_table,  606] bPreHCusScaling:1  bPreVCusScaling:1 
07-05 23:38:14.858 D/vsyncbridge( 1204): [update_ds_table,  608] u16PreHCusScalingSrc:1920  u16PreHCusScalingDst:1920 
07-05 23:38:14.858 D/vsyncbridge( 1204): [update_ds_table,  610] u16PreVCusScalingSrc:1080  u16PreVCusScalingSrc:1080 
07-05 23:38:14.858 D/vsyncbridge( 1204): [update_ds_table,  613] bHCusScaling:0  bVCusScaling:0 
07-05 23:38:14.858 D/vsyncbridge( 1204): [update_ds_table,  615] u16HCusScalingSrc:1920  u16HCusScalingDst:1632 
07-05 23:38:14.858 D/vsyncbridge( 1204): [update_ds_table,  617] u16VCusScalingSrc:1080  u16VCusScalingDst:920 
07-05 23:38:14.858 D/vsyncbridge( 1204): vsync_bridge_CalAspectRatio type = 0
07-05 23:38:14.858 D/vsyncbridge( 1204): panel [3840 2160] osd [1920 1080] ratio [2.000000 2.000000]
07-05 23:38:14.859 D/vsyncbridge( 1204): apply ratio, x=836, y=410, width=1632, height=920
07-05 23:38:14.859 D/vsyncbridge( 1204): disp_old[836 410 2468 1330], disp_new[836 410 2468 1330], crop[0 0 1920 1080]
07-05 23:38:14.859 D/vsyncbridge( 1204): [update_ds_table,  798] SW DS !!! 
07-05 23:38:14.859 D/vsyncbridge( 1204): [update_ds_table,  800] stXC_SetWin_Info.stCapWin.width1920  stXC_SetWin_Info.stCapWin.height:1080
07-05 23:38:14.859 D/vsyncbridge( 1204): [update_ds_table,  802] stXC_SetWin_Info.stCropWin.width1920  stXC_SetWin_Info.stCropWin.height:1080
07-05 23:38:14.859 D/vsyncbridge( 1204): [update_ds_table,  803] MApi_XC_GetDynamicScalingStatus():1 
07-05 23:38:14.860 D/Surface ( 1733): onStatusChange() : mNativeObject = 547942774784 mUseImageHwRender = false
07-05 23:38:14.860 V/Surface ( 1733): nativeSetHardwareRender() : status = 0
07-05 23:38:14.860 V/Surface ( 1733): nativeSetHardwareRender() : end
07-05 23:38:14.860 D/        ( 1204): Alert: cannot get frameCount from IOCTL, eWindow=0! Fall back to original frame mode
07-05 23:38:14.860 D/        ( 1204): MVOP is 1P mode
07-05 23:38:14.860 D/        ( 1204): [_MDrv_SC_check_2p_mode][9405]u16Width=3840,u16Height=2160,u32Vfreqx10=240
07-05 23:38:14.860 D/vsyncbridge( 1204): vsync_bridge_render_frame pts = 2166666, DS_Idx=0x1, overlayID=0
07-05 23:38:14.860 D/vsyncbridge( 1204):  W 4, R 4, Cur 4
07-05 23:38:14.860 D/vsyncbridge( 1204): vsync_bridge_CalAspectRatio type = 0
07-05 23:38:14.861 D/vsyncbridge( 1204): panel [3840 2160] osd [1920 1080] ratio [2.000000 2.000000]
07-05 23:38:14.861 D/vsyncbridge( 1204): apply ratio, x=836, y=410, width=1632, height=920
07-05 23:38:14.862 D/PowerManagerService( 1733): acquireWakeLockInternal: lock=487931605, flags=0x2000000a, tag="WindowManager", ws=WorkSource{10010}, uid=1000, pid=1733
07-05 23:38:14.862 D/PowerManagerNotifier( 1733): onWakeLockAcquired: flags=536870922, tag="WindowManager", packageName=android, ownerUid=1000, ownerPid=1733, workSource=WorkSource{10010}
07-05 23:38:14.862 D/PowerManagerService( 1733): setScreenBrightnessOverrideFromWindowManagerInternal done
07-05 23:38:14.867 D/Surface ( 1733): onStatusChange() : mNativeObject = 0 mUseImageHwRender = false
07-05 23:38:14.868 I/FirstLineAdapter( 4900): canShowTrailer,isOffline=false
07-05 23:38:14.869 I/FirstLineAdapter( 4900): canShowTrailer,isOffline=false
07-05 23:38:14.869 I/FirstLineAdapter( 4900): canShowTrailer,isOffline=false
07-05 23:38:14.869 I/FirstLineAdapter( 4900): canShowTrailer,isOffline=false
07-05 23:38:14.869 I/FirstLineAdapter( 4900): canShowTrailer,isOffline=false
07-05 23:38:14.870 I/FirstLineAdapter( 4900): canShowTrailer,isOffline=false
07-05 23:38:14.870 I/FirstLineAdapter( 4900): canShowTrailer,isOffline=false
07-05 23:38:14.870 I/MiSysSrv( 1214): [37m[INFO] Change to Voltage: 117 mv (0x32)[m
07-05 23:38:14.870 I/FirstLineAdapter( 4900): canShowTrailer,isOffline=false
07-05 23:38:14.870 I/FirstLineAdapter( 4900): canShowTrailer,isOffline=false
07-05 23:38:14.871 E/btif_config( 2964): [btif_config_get] node is TRUE!
07-05 23:38:14.871 E/btif_config( 2964): [btif_config_get] ret is TRUE!
07-05 23:38:14.882 I/MyFragmentStateAdapter( 4900): getCount
07-05 23:38:14.893 I/NetflixMonitorService( 1733): current fgapk : com.hisense.hicloud.edca
07-05 23:38:14.893 I/NetflixMonitorService( 1733): Netflix status unchanged
07-05 23:38:14.951 D/PowerManagerService( 1733): acquireWakeLockInternal: lock=113832109, flags=0x1, tag="NetworkStats", ws=null, uid=1000, pid=1733
07-05 23:38:14.951 D/PowerManagerNotifier( 1733): onWakeLockAcquired: flags=1, tag="NetworkStats", packageName=android, ownerUid=1000, ownerPid=1733, workSource=null
07-05 23:38:14.951 D/NtpTrustedTime( 1733): currentTimeMillis() cache hit
07-05 23:38:14.957 D/NtpTrustedTime( 1733): currentTimeMillis() cache hit
07-05 23:38:14.959 D/NtpTrustedTime( 1733): currentTimeMillis() cache hit
07-05 23:38:14.959 D/NtpTrustedTime( 1733): currentTimeMillis() cache hit
07-05 23:38:14.959 D/PowerManagerService( 1733): releaseWakeLockInternal: lock=113832109 [NetworkStats], flags=0x0
07-05 23:38:14.959 D/PowerManagerNotifier( 1733): onWakeLockReleased: flags=1, tag="NetworkStats", packageName=android, ownerUid=1000, ownerPid=1733, workSource=null
07-05 23:38:15.012 I/TVMW@devctrl( 1234): wdt
07-05 23:38:15.053 E/btif_config( 2964): [btif_config_get] node is TRUE!
07-05 23:38:15.053 E/btif_config( 2964): [btif_config_get] ret is TRUE!
07-05 23:38:15.071 I/MiSysSrv( 1214): [37m[INFO] Change to Voltage: 102 mv (0x23)[m
07-05 23:38:15.128 I/TVMW@HsTvSetting( 1234): Trace cmd, data = 0x1058
07-05 23:38:15.129 D/til@system( 2026): til_get_system_param option:100002F int:0, bool:0, ret:0
07-05 23:38:15.129 I/TVMW@HsTvSetting( 1234): Trace cmd, data = 0x101f
07-05 23:38:15.130 D/til@system( 2026): til_get_system_param option:100001D int:3, bool:3, ret:0
07-05 23:38:15.130 E/til     ( 2026): [til_get_current_input_source, 101] 
07-05 23:38:15.130 I/TVMW@HsTvSetting( 1234): Trace cmd, data = 0x7007
07-05 23:38:15.130 I/tilwrapper@sm( 2026): HS2TIL_SourceType *hs=0xd, *til=0x900
07-05 23:38:15.130 D/til     ( 2026): get current source 2304
07-05 23:38:15.131 D/SourceRemoteServiceHandler( 2026): getCurrentInputSource.from.til.result is 0, value is 2304
07-05 23:38:15.131 D/SourceRemoteServiceHandler( 2026): getInputSourceType source: 0x900, type=2304
07-05 23:38:15.131 D/til     ( 2026): ###### func:til_get_picture_param option:0x3000006 ######  
07-05 23:38:15.131 I/TVMW@HsTvSetting( 1234): Trace cmd, data = 0x1003
07-05 23:38:15.132 I/TVMW@HsTvSetting( 1234): Trace cmd, data = 0x8032
07-05 23:38:15.132 I/hstvos  ( 1216): [0m[1;33m[HSHAL][HS_VIDEO][HS_HAL_Video_SetOsdDetect_v2][2389]u16Threshold = 20
07-05 23:38:15.133 E/TVMW@videoctrl( 1234):  getOsd is 1
07-05 23:38:15.133 D/til@system( 2026): til_get_system_param option:1000027 int:1, bool:1, ret:0
07-05 23:38:15.133 D/til     ( 2026): ###### func:til_get_picture_param option:0x3000045 ######  
07-05 23:38:15.134 I/TVMW@HsTvSetting( 1234): Trace cmd, data = 0x300c
07-05 23:38:15.134 I/TVMW@HsTvSetting( 1234): Trace 3d, data = 0x300c
07-05 23:38:15.134 I/TVMW@3d ( 1234): Hs_debug3d_trace: func:get3dStatus, line:109
07-05 23:38:15.237 E/btif_config( 2964): [btif_config_get] node is TRUE!
07-05 23:38:15.237 E/btif_config( 2964): [btif_config_get] ret is TRUE!
07-05 23:38:15.290 D/DtvSourcePlugin-DVBC(15961): Setting the EPG Updater state to: WAIT
07-05 23:38:15.405 I/MyFragmentStateAdapter( 4900): getCount
07-05 23:38:15.421 E/btif_config( 2964): [btif_config_get] node is TRUE!
07-05 23:38:15.421 E/btif_config( 2964): [btif_config_get] ret is TRUE!
07-05 23:38:15.433 D/CommonHeader( 4900): app logo :refreshTimer: isRotatetrue
07-05 23:38:15.621 D/GlobalInputEventMonitoringService( 1733): interceptKeyBeforeQueueing(), event:22, mNeedMonitorKeyEvent:true, mWaitForKeyUpEvent:false
07-05 23:38:15.623 D/GlobalInputEventMonitoringService( 1733): processKeyEvent(), processKeyEvent event:22
07-05 23:38:15.623 D/WindowManager( 1733): interceptKeyTq keycode=22 interactive=true keyguardActive=false policyFlags=2b000000 isCancled= false
07-05 23:38:15.623 D/PowerManagerService( 1733): userActivityNoUpdateLocked: eventTime=17937192, event=1, flags=0x0, uid=1000
07-05 23:38:15.624 D/WindowManager( 1733): interceptKeyTi keyCode=22 down=true repeatCount=0 keyguardOn=false mHomePressed=false canceled=false
07-05 23:38:15.624 D/WindowManager( 1733): Hisense systemkey event: 22
07-05 23:38:15.624 D/HisenseGlobalKeyManager( 1733): handleGlobalKey() : Global event = KeyEvent { action=ACTION_DOWN, keyCode=KEYCODE_DPAD_RIGHT, scanCode=0, metaState=0, flags=0x0, repeatCount=0, eventTime=17937192, downTime=17937192, deviceId=-1, source=0x101 }
07-05 23:38:15.635 I/TVMW@HsTvSetting( 1234): Trace cmd, data = 0x1058
07-05 23:38:15.636 D/til@system( 2026): til_get_system_param option:100002F int:0, bool:0, ret:0
