07-05 22:07:50.961 D/OkHttp  (19939): <-- 200 OK http://picture.edu.hismarttv.com/images/20170628111836879100.png (19ms)
07-05 22:07:50.961 D/OkHttp  (19939): Date: Mon, 03 Jul 2017 10:51:06 GMT
07-05 22:07:50.961 D/OkHttp  (19939): Server: nginx
07-05 22:07:50.961 D/OkHttp  (19939): Content-Type: image/png
07-05 22:07:50.961 I/FirstLineAdapter(19939): canShowTrailer,isOffline=false
07-05 22:07:50.961 D/OkHttp  (19939): Content-Length: 2420
07-05 22:07:50.961 D/OkHttp  (19939): Last-Modified: Wed, 28 Jun 2017 11:18:36 GMT
07-05 22:07:50.961 D/OkHttp  (19939): ETag: "5953908c-974"
07-05 22:07:50.961 D/OkHttp  (19939): Accept-Ranges: bytes
07-05 22:07:50.961 D/OkHttp  (19939): Age: 184604
07-05 22:07:50.961 D/OkHttp  (19939): Via: 1.1 hewangtong168:6 (Cdn Cache Server V2.0)[0 200 0], 1.1 changwtong67:5 (Cdn Cache Server V2.0)[0 200 0]
07-05 22:07:50.961 D/OkHttp  (19939): Connection: keep-alive
07-05 22:07:50.961 D/OkHttp  (19939): <-- END HTTP
07-05 22:07:50.961 I/FirstLineAdapter(19939): canShowTrailer,isOffline=false
07-05 22:07:50.961 I/FirstLineAdapter(19939): canShowTrailer,isOffline=false
07-05 22:07:50.961 I/FirstLineAdapter(19939): canShowTrailer,isOffline=false
07-05 22:07:50.961 I/FirstLineAdapter(19939): canShowTrailer,isOffline=false
07-05 22:07:50.961 I/FirstLineAdapter(19939): canShowTrailer,isOffline=false
07-05 22:07:50.963 D/HttpHandler(19939): RetryIntercepter-->retryNum=0
07-05 22:07:50.963 D/HttpHandler(19939): RetryIntercepter-->backoffmutiplier=0
07-05 22:07:50.971 D/Carousel-CarouselChannelItemView(19939): Listitem imageUrl:http://picture.edu.hismarttv.com/images/20170628102959016598.jpg
07-05 22:07:50.973 D/OkHttp  (19939): --> GET http://api.edu.hismarttv.com/payment/api/query/user_type/dialog_info?orderType=0&uuid=13287129&mac=a8:a6:48:18:fc:a8&devid=86100300900000500000060a4818fca8&version=00.002.003&subscriberId=13287129&customerId=7195320&model_id=0&APPPackage=com.hisense.hicloud.edca&PFAPPCode=652&APPVersionName=3.0.0.9.00&ChannelId=0&softwareVersion=LED50MU8600UC0000888&tv_distribute_id=00&devType=0&APIVersion=600&accessToken=72DF6038D2AEAB8A76DFBBBBCC428A4A_000541682175714 http/1.1
07-05 22:07:50.973 D/OkHttp  (19939): Data_Type: JSON
07-05 22:07:50.973 D/OkHttp  (19939): RetryTime: 0
07-05 22:07:50.973 D/OkHttp  (19939): Backoffmutiplier: 0
07-05 22:07:50.973 D/OkHttp  (19939): Host: api.edu.hismarttv.com
07-05 22:07:50.973 D/OkHttp  (19939): Connection: Keep-Alive
07-05 22:07:50.973 D/OkHttp  (19939): Accept-Encoding: gzip
07-05 22:07:50.973 D/OkHttp  (19939): User-Agent: okhttp/3.6.0
07-05 22:07:50.973 D/OkHttp  (19939): --> END GET
07-05 22:07:50.975 D/Carousel-CarouselChannelItemView(19939): Listitem imageUrl:http://picture.edu.hismarttv.com/images/20170628103002814396.jpg
07-05 22:07:50.976 D/Carousel-CarouselChannelItemView(19939): Listitem imageUrl:http://picture.edu.hismarttv.com/images/20170628103009181182.jpg
07-05 22:07:50.977 D/Carousel-CarouselChannelItemView(19939): Listitem imageUrl:http://picture.edu.hismarttv.com/images/20170628102959016598.jpg
07-05 22:07:50.979 D/Carousel-CarouselChannelItemView(19939): Listitem imageUrl:http://picture.edu.hismarttv.com/images/20170628103002814396.jpg
07-05 22:07:50.980 D/Carousel-CarouselChannelItemView(19939): Listitem imageUrl:http://picture.edu.hismarttv.com/images/20170628103009181182.jpg
07-05 22:07:50.988 I/FirstLineAdapter(19939): canShowTrailer,isOffline=false
07-05 22:07:50.988 I/FirstLineAdapter(19939): canShowTrailer,isOffline=false
07-05 22:07:50.989 D/Carousel-CarouselView(19939): ============>onScrollChanged hashCode:105475394
07-05 22:07:50.997 D/HttpHandler(19939): VerifySignInterCeptor-->request.url()=http://picture.edu.hismarttv.com/images/
07-05 22:07:50.997 D/HttpHandler(19939): VerifySignInterCeptor-->hostname=picture.edu.hismarttv.com
07-05 22:07:50.998 D/OkHttp  (19939): --> GET http://picture.edu.hismarttv.com/images/ http/1.1
07-05 22:07:50.998 D/OkHttp  (19939): Host: picture.edu.hismarttv.com
07-05 22:07:50.998 D/OkHttp  (19939): Connection: Keep-Alive
07-05 22:07:50.998 D/OkHttp  (19939): Accept-Encoding: gzip
07-05 22:07:50.998 D/OkHttp  (19939): User-Agent: okhttp/3.6.0
07-05 22:07:50.998 D/OkHttp  (19939): --> END GET
07-05 22:07:50.968 D/HttpHandler(19939): VerifySignInterCeptor-->request.url()=http://picture.edu.hismarttv.com/images/20170628115302475663.png
07-05 22:07:50.999 D/HttpHandler(19939): VerifySignInterCeptor-->hostname=picture.edu.hismarttv.com
07-05 22:07:51.002 I/MyFragmentStateAdapter(19939): getCount
07-05 22:07:51.008 D/OkHttp  (19939): --> GET http://picture.edu.hismarttv.com/images/20170628115302475663.png http/1.1
07-05 22:07:51.008 D/OkHttp  (19939): Host: picture.edu.hismarttv.com
07-05 22:07:51.008 D/OkHttp  (19939): Connection: Keep-Alive
07-05 22:07:51.008 D/OkHttp  (19939): Accept-Encoding: gzip
07-05 22:07:51.008 D/OkHttp  (19939): User-Agent: okhttp/3.6.0
07-05 22:07:51.008 D/OkHttp  (19939): --> END GET
07-05 22:07:51.010 D/gralloc ( 1204): allocate buffer from ION HEAP 0x1
07-05 22:07:51.010 D/gralloc ( 1204): allocate memory from system heap
07-05 22:07:51.013 D/OkHttp  (19939): <-- 200 OK http://api.edu.hismarttv.com/payment/api/query/user_type/dialog_info?orderType=0&uuid=13287129&mac=a8:a6:48:18:fc:a8&devid=86100300900000500000060a4818fca8&version=00.002.003&subscriberId=13287129&customerId=7195320&model_id=0&APPPackage=com.hisense.hicloud.edca&PFAPPCode=652&APPVersionName=3.0.0.9.00&ChannelId=0&softwareVersion=LED50MU8600UC0000888&tv_distribute_id=00&devType=0&APIVersion=600&accessToken=72DF6038D2AEAB8A76DFBBBBCC428A4A_000541682175714 (40ms)
07-05 22:07:51.013 D/OkHttp  (19939): Server: nginx
07-05 22:07:51.013 D/OkHttp  (19939): Date: Wed, 05 Jul 2017 14:07:50 GMT
07-05 22:07:51.013 D/OkHttp  (19939): Content-Type: application/json
07-05 22:07:51.013 D/OkHttp  (19939): Content-Length: 221
07-05 22:07:51.013 D/OkHttp  (19939): Connection: close
07-05 22:07:51.013 D/OkHttp  (19939): <-- END HTTP
07-05 22:07:51.015 D/HttpHandler(19939): RetryIntercepter-->retryNum=0
07-05 22:07:51.015 D/HttpHandler(19939): RetryIntercepter-->backoffmutiplier=0
07-05 22:07:51.017 D/HttpHandler(19939): VerifySignInterCeptor-->dateType=1
07-05 22:07:51.017 D/HttpHandler(19939): VerifySignInterCeptor-->HttpRequestManager.httpClietOption.getVerifyFlag()=1
07-05 22:07:51.018 D/HttpHandler(19939): VerifySignInterCeptor-->content={"memberType": 2, "isActivity": 0}
07-05 22:07:51.043 D/OsdMonitorService( 1733): mCurrentWindow = com.hisense.hicloud.edca/com.hisense.tvui.newhome.HomeMainActivity; newWindow = com.hisense.hicloud.edca/com.hisense.tvui.newhome.HomeMainActivity; isSubWindow = false; isInWinList = false; isExitNow = false
07-05 22:07:51.043 D/OsdMonitorService( 1733): windowNotOsd() : name = com.hisense.hicloud.edca/com.hisense.tvui.newhome.HomeMainActivity
07-05 22:07:51.043 I/OsdMonitorService( 1733): setOsdStatus() : status will change from true to true
07-05 22:07:51.044 D/PowerManagerService( 1733): setScreenBrightnessOverrideFromWindowManagerInternal done
07-05 22:07:51.046 D/Surface (19939): onStatusChange() : mNativeObject = 0 mUseImageHwRender = false
07-05 22:07:51.047 D/Carousel-MyListView(19939): setSelectionAndPadding position:1
07-05 22:07:51.048 D/TabFocusBorderView(19939): SLOVEN onAnimationEnd
07-05 22:07:51.049 D/TabView (19939): SLOVEN border top===>:296---407
07-05 22:07:51.051 I/MyFragmentStateAdapter(19939): getCount
07-05 22:07:51.051 I/MyFragmentStateAdapter(19939): getCount
07-05 22:07:51.051 I/MyFragmentStateAdapter(19939): getCount
07-05 22:07:51.051 I/MyFragmentStateAdapter(19939): getCount
07-05 22:07:51.051 I/FirstLineAdapter(19939): canShowTrailer,isOffline=false
07-05 22:07:51.051 I/FirstLineAdapter(19939): canShowTrailer,isOffline=false
07-05 22:07:51.051 I/FirstLineAdapter(19939): canShowTrailer,isOffline=false
07-05 22:07:51.051 I/FirstLineAdapter(19939): canShowTrailer,isOffline=false
07-05 22:07:51.051 I/FirstLineAdapter(19939): canShowTrailer,isOffline=false
07-05 22:07:51.051 I/FirstLineAdapter(19939): canShowTrailer,isOffline=false
07-05 22:07:51.051 I/FirstLineAdapter(19939): canShowTrailer,isOffline=false
07-05 22:07:51.051 D/Carousel-CarouselChannelItemView(19939): Listitem imageUrl:http://picture.edu.hismarttv.com/images/20170628102959016598.jpg
07-05 22:07:51.053 D/Carousel-CarouselChannelItemView(19939): Listitem imageUrl:http://picture.edu.hismarttv.com/images/20170628103002814396.jpg
07-05 22:07:51.054 D/Carousel-CarouselChannelItemView(19939): Listitem imageUrl:http://picture.edu.hismarttv.com/images/20170628103009181182.jpg
07-05 22:07:51.055 D/Carousel-CarouselChannelItemView(19939): Listitem imageUrl:http://picture.edu.hismarttv.com/images/20170628102959016598.jpg
07-05 22:07:51.055 D/Carousel-CarouselChannelItemView(19939): Listitem imageUrl:http://picture.edu.hismarttv.com/images/20170628103002814396.jpg
07-05 22:07:51.059 D/Carousel-CarouselChannelItemView(19939): Listitem imageUrl:http://picture.edu.hismarttv.com/images/20170628103009181182.jpg
07-05 22:07:51.060 I/FirstLineAdapter(19939): canShowTrailer,isOffline=false
07-05 22:07:51.060 I/FirstLineAdapter(19939): canShowTrailer,isOffline=false
07-05 22:07:51.060 D/Carousel-CarouselView(19939): ============>onScrollChanged hashCode:105475394
07-05 22:07:51.063 I/MyFragmentStateAdapter(19939): getCount
07-05 22:07:51.064 D/gralloc ( 1204): allocate buffer from ION HEAP 0x1
07-05 22:07:51.064 D/gralloc ( 1204): allocate memory from system heap
07-05 22:07:51.070 I/MiSysSrv( 1214): [37m[INFO] Change to Voltage: 112 mv (0x2D)[m
07-05 22:07:51.071 D/OkHttp  (19939): <-- HTTP FAILED: java.net.SocketTimeoutException
07-05 22:07:51.072 I/HiNetworkImpl(19939): doHttp_Asyn(): onSuccess clazz = class com.hisense.tvui.newhome.bean.SelectionBean, back from thread: main
07-05 22:07:51.072 I/HomeDataPresenter(19939): getRecommandData() onSuccess: RoleContentFragment1046710412
07-05 22:07:51.072 I/RoleContentFragment(19939): recommandlist={10003=0, 10002=8}
07-05 22:07:51.072 I/RoleContentFragment(19939): lineIndex=0,id=10002,pos=8
07-05 22:07:51.072 I/RoleContentFragment(19939): ,addItemSize=25
07-05 22:07:51.072 W/System.err(19939): java.net.SocketTimeoutException
07-05 22:07:51.072 I/RoleContentFragment(19939): origin pos=8
07-05 22:07:51.072 I/RoleContentFragment(19939): offset pos=2
07-05 22:07:51.072 I/RoleContentFragment(19939): array size=11
07-05 22:07:51.073 I/RoleContentFragment(19939): lineIndex=1,id=10003,pos=0
07-05 22:07:51.073 I/RoleContentFragment(19939): ,addItemSize=24
07-05 22:07:51.073 I/RoleContentFragment(19939): origin pos=0
07-05 22:07:51.073 I/RoleContentFragment(19939): offset pos=2
07-05 22:07:51.073 I/RoleContentFragment(19939): array size=11
07-05 22:07:51.076 W/System.err(19939): 	at java.net.PlainSocketImpl.read(PlainSocketImpl.java:488)
07-05 22:07:51.076 W/System.err(19939): 	at java.net.PlainSocketImpl.access$000(PlainSocketImpl.java:37)
07-05 22:07:51.076 W/System.err(19939): 	at java.net.PlainSocketImpl$PlainSocketInputStream.read(PlainSocketImpl.java:237)
07-05 22:07:51.076 W/System.err(19939): 	at okio.Okio$2.read(Okio.java:138)
07-05 22:07:51.076 W/System.err(19939): 	at okio.AsyncTimeout$2.read(AsyncTimeout.java:236)
07-05 22:07:51.076 W/System.err(19939): 	at okio.RealBufferedSource.indexOf(RealBufferedSource.java:325)
07-05 22:07:51.076 W/System.err(19939): 	at okio.RealBufferedSource.indexOf(RealBufferedSource.java:314)
07-05 22:07:51.076 W/System.err(19939): 	at okio.RealBufferedSource.readUtf8LineStrict(RealBufferedSource.java:210)
07-05 22:07:51.076 W/System.err(19939): 	at okhttp3.internal.http1.Http1Codec.readResponseHeaders(Http1Codec.java:189)
07-05 22:07:51.076 W/System.err(19939): 	at okhttp3.internal.http.CallServerInterceptor.intercept(CallServerInterceptor.java:67)
07-05 22:07:51.076 W/System.err(19939): 	at okhttp3.internal.http.RealInterceptorChain.proceed(RealInterceptorChain.java:92)
07-05 22:07:51.077 W/System.err(19939): 	at okhttp3.internal.http.RealInterceptorChain.proceed(RealInterceptorChain.java:67)
07-05 22:07:51.077 W/System.err(19939): 	at okhttp3.logging.HttpLoggingInterceptor.intercept(HttpLoggingInterceptor.java:212)
07-05 22:07:51.078 W/System.err(19939): 	at okhttp3.internal.http.RealInterceptorChain.proceed(RealInterceptorChain.java:92)
07-05 22:07:51.078 W/System.err(19939): 	at okhttp3.internal.connection.ConnectInterceptor.intercept(ConnectInterceptor.java:45)
07-05 22:07:51.078 W/System.err(19939): 	at okhttp3.internal.http.RealInterceptorChain.proceed(RealInterceptorChain.java:92)
07-05 22:07:51.078 W/System.err(19939): 	at okhttp3.internal.http.RealInterceptorChain.proceed(RealInterceptorChain.java:67)
07-05 22:07:51.078 W/System.err(19939): 	at okhttp3.internal.cache.CacheInterceptor.intercept(CacheInterceptor.java:93)
07-05 22:07:51.078 W/System.err(19939): 	at okhttp3.internal.http.RealInterceptorChain.proceed(RealInterceptorChain.java:92)
07-05 22:07:51.078 W/System.err(19939): 	at okhttp3.internal.http.RealInterceptorChain.proceed(RealInterceptorChain.java:67)
07-05 22:07:51.078 W/System.err(19939): 	at okhttp3.internal.http.BridgeInterceptor.intercept(BridgeInterceptor.java:93)
07-05 22:07:51.078 W/System.err(19939): 	at okhttp3.internal.http.RealInterceptorChain.proceed(RealInterceptorChain.java:92)
07-05 22:07:51.078 W/System.err(19939): 	at okhttp3.internal.http.RetryAndFollowUpInterceptor.intercept(RetryAndFollowUpInterceptor.java:120)
07-05 22:07:51.078 W/System.err(19939): 	at okhttp3.internal.http.RealInterceptorChain.proceed(RealInterceptorChain.java:92)
07-05 22:07:51.078 W/System.err(19939): 	at okhttp3.internal.http.RealInterceptorChain.proceed(RealInterceptorChain.java:67)
07-05 22:07:51.078 W/System.err(19939): 	at com.hisense.httpclient.interceptor.DNSRetryIntercepter.intercept(DNSRetryIntercepter.java:44)
07-05 22:07:51.078 W/System.err(19939): 	at okhttp3.internal.http.RealInterceptorChain.proceed(RealInterceptorChain.java:92)
07-05 22:07:51.078 W/System.err(19939): 	at okhttp3.internal.http.RealInterceptorChain.proceed(RealInterceptorChain.java:67)
07-05 22:07:51.079 W/System.err(19939): 	at okhttp3.RealCall.getResponseWithInterceptorChain(RealCall.java:179)
07-05 22:07:51.079 W/System.err(19939): 	at okhttp3.RealCall.execute(RealCall.java:63)
07-05 22:07:51.079 W/System.err(19939): 	at com.hisense.httpclient.dns.DNSHelper.gslbDns(DNSHelper.java:76)
07-05 22:07:51.079 W/System.err(19939): 	at com.hisense.httpclient.dns.HttpDNS.lookup(HttpDNS.java:30)
07-05 22:07:51.079 W/System.err(19939): 	at okhttp3.internal.connection.RouteSelector.resetNextInetSocketAddress(RouteSelector.java:170)
07-05 22:07:51.079 W/System.err(19939): 	at okhttp3.internal.connection.RouteSelector.nextProxy(RouteSelector.java:136)
07-05 22:07:51.080 W/System.err(19939): 	at okhttp3.internal.connection.RouteSelector.next(RouteSelector.java:81)
07-05 22:07:51.080 W/System.err(19939): 	at okhttp3.internal.connection.StreamAllocation.findConnection(StreamAllocation.java:171)
07-05 22:07:51.080 W/System.err(19939): 	at okhttp3.internal.connection.StreamAllocation.findHealthyConnection(StreamAllocation.java:121)
07-05 22:07:51.080 W/System.err(19939): 	at okhttp3.internal.connection.StreamAllocation.newStream(StreamAllocation.java:100)
07-05 22:07:51.080 W/System.err(19939): 	at okhttp3.internal.connection.ConnectInterceptor.intercept(ConnectInterceptor.java:42)
07-05 22:07:51.080 W/System.err(19939): 	at okhttp3.internal.http.RealInterceptorChain.proceed(RealInterceptorChain.java:92)
07-05 22:07:51.080 W/System.err(19939): 	at okhttp3.internal.http.RealInterceptorChain.proceed(RealInterceptorChain.java:67)
07-05 22:07:51.080 W/System.err(19939): 	at okhttp3.internal.cache.CacheInterceptor.intercept(CacheInterceptor.java:93)
07-05 22:07:51.080 W/System.err(19939): 	at okhttp3.internal.http.RealInterceptorChain.proceed(RealInterceptorChain.java:92)
07-05 22:07:51.080 W/System.err(19939): 	at okhttp3.internal.http.RealInterceptorChain.proceed(RealInterceptorChain.java:67)
07-05 22:07:51.080 W/System.err(19939): 	at okhttp3.internal.http.BridgeInterceptor.intercept(BridgeInterceptor.java:93)
07-05 22:07:51.080 W/System.err(19939): 	at okhttp3.internal.http.RealInterceptorChain.proceed(RealInterceptorChain.java:92)
07-05 22:07:51.080 W/System.err(19939): 	at okhttp3.internal.http.RetryAndFollowUpInterceptor.intercept(RetryAndFollowUpInterceptor.java:120)
07-05 22:07:51.080 W/System.err(19939): 	at okhttp3.internal.http.RealInterceptorChain.proceed(RealInterceptorChain.java:92)
07-05 22:07:51.080 W/System.err(19939): 	at okhttp3.internal.http.RealInterceptorChain.proceed(RealInterceptorChain.java:67)
07-05 22:07:51.088 W/System.err(19939): 	at com.hisense.httpclient.interceptor.RetryIntercepter.intercept(RetryIntercepter.java:27)
07-05 22:07:51.088 W/System.err(19939): 	at okhttp3.internal.http.RealInterceptorChain.proceed(RealInterceptorChain.java:92)
07-05 22:07:51.088 W/System.err(19939): 	at okhttp3.internal.http.RealInterceptorChain.proceed(RealInterceptorChain.java:67)
07-05 22:07:51.088 W/System.err(19939): 	at com.hisense.httpclient.interceptor.VerifySignInterCeptor.intercept(VerifySignInterCeptor.java:39)
07-05 22:07:51.088 W/System.err(19939): 	at okhttp3.internal.http.RealInterceptorChain.proceed(RealInterceptorChain.java:92)
07-05 22:07:51.088 W/System.err(19939): 	at okhttp3.internal.http.RealInterceptorChain.proceed(RealInterceptorChain.java:67)
07-05 22:07:51.088 W/System.err(19939): 	at okhttp3.RealCall.getResponseWithInterceptorChain(RealCall.java:179)
07-05 22:07:51.088 W/System.err(19939): 	at okhttp3.RealCall.execute(RealCall.java:63)
07-05 22:07:51.088 W/System.err(19939): 	at com.bumptech.glide.integration.okhttp3.OkHttpStreamFetcher.loadData(OkHttpStreamFetcher.java:43)
07-05 22:07:51.088 W/System.err(19939): 	at com.bumptech.glide.integration.okhttp3.OkHttpStreamFetcher.loadData(OkHttpStreamFetcher.java:19)
07-05 22:07:51.088 W/System.err(19939): 	at com.bumptech.glide.load.model.ImageVideoModelLoader$ImageVideoFetcher.loadData(ImageVideoModelLoader.java:70)
07-05 22:07:51.088 W/System.err(19939): 	at com.bumptech.glide.load.model.ImageVideoModelLoader$ImageVideoFetcher.loadData(ImageVideoModelLoader.java:53)
07-05 22:07:51.088 W/System.err(19939): 	at com.bumptech.glide.load.engine.DecodeJob.decodeSource(DecodeJob.java:170)
07-05 22:07:51.088 W/System.err(19939): 	at com.bumptech.glide.load.engine.DecodeJob.decodeFromSource(DecodeJob.java:128)
07-05 22:07:51.088 W/System.err(19939): 	at com.bumptech.glide.load.engine.EngineRunnable.decodeFromSource(EngineRunnable.java:122)
07-05 22:07:51.088 W/System.err(19939): 	at com.bumptech.glide.load.engine.EngineRunnable.decode(EngineRunnable.java:101)
07-05 22:07:51.088 W/System.err(19939): 	at com.bumptech.glide.load.engine.EngineRunnable.run(EngineRunnable.java:58)
07-05 22:07:51.088 W/System.err(19939): 	at java.util.concurrent.Executors$RunnableAdapter.call(Executors.java:422)
07-05 22:07:51.089 D/OkHttp  (19939): <-- HTTP FAILED: java.net.SocketTimeoutException
07-05 22:07:51.091 W/System.err(19939): 	at java.util.concurrent.FutureTask.run(FutureTask.java:237)
07-05 22:07:51.091 W/System.err(19939): 	at java.util.concurrent.ThreadPoolExecutor.runWorker(ThreadPoolExecutor.java:1112)
07-05 22:07:51.092 W/System.err(19939): 	at java.util.concurrent.ThreadPoolExecutor$Worker.run(ThreadPoolExecutor.java:587)
07-05 22:07:51.092 W/System.err(19939): 	at java.lang.Thread.run(Thread.java:818)
07-05 22:07:51.092 W/System.err(19939): 	at com.bumptech.glide.load.engine.executor.FifoPriorityThreadPoolExecutor$DefaultThreadFactory$1.run(FifoPriorityThreadPoolExecutor.java:118)
07-05 22:07:51.095 D/HttpHandler(19939): DNSRetryIntercepter-->refryhostName=139.217.11.211
07-05 22:07:51.095 E/TabView (19939): tab2
07-05 22:07:51.095 D/TabView (19939): SLOVEN mTopmBorderTop===>:0266
07-05 22:07:51.096 D/TabView (19939): tab scroll up listview
07-05 22:07:51.096 D/TabFocusBorderView(19939): SLOVEN justchangeWidth
07-05 22:07:51.096 D/TabFocusBorderView(19939): SLOVEN widthmWidth===>:220220
07-05 22:07:51.096 D/TabFocusBorderView(19939): SLOVEN onAnimationStart
07-05 22:07:51.096 D/TabView (19939): SLOVEN mTopmBorderTop===>:407266
07-05 22:07:51.097 D/HttpHandler(19939): GslbDNS-->hostName=139.217.11.211
07-05 22:07:51.097 D/TabView (19939): setSelectedTabView
07-05 22:07:51.097 W/System.err(19939): java.net.SocketTimeoutException
07-05 22:07:51.100 W/System.err(19939): 	at java.net.PlainSocketImpl.read(PlainSocketImpl.java:488)
07-05 22:07:51.100 W/System.err(19939): 	at java.net.PlainSocketImpl.access$000(PlainSocketImpl.java:37)
07-05 22:07:51.100 W/System.err(19939): 	at java.net.PlainSocketImpl$PlainSocketInputStream.read(PlainSocketImpl.java:237)
07-05 22:07:51.100 W/System.err(19939): 	at okio.Okio$2.read(Okio.java:138)
07-05 22:07:51.100 E/btif_config( 2964): [btif_config_get] node is TRUE!
07-05 22:07:51.100 E/btif_config( 2964): [btif_config_get] ret is TRUE!
07-05 22:07:51.102 W/System.err(19939): 	at okio.AsyncTimeout$2.read(AsyncTimeout.java:236)
07-05 22:07:51.102 W/System.err(19939): 	at okio.RealBufferedSource.indexOf(RealBufferedSource.java:325)
07-05 22:07:51.102 W/System.err(19939): 	at okio.RealBufferedSource.indexOf(RealBufferedSource.java:314)
07-05 22:07:51.102 W/System.err(19939): 	at okio.RealBufferedSource.readUtf8LineStrict(RealBufferedSource.java:210)
07-05 22:07:51.102 W/System.err(19939): 	at okhttp3.internal.http1.Http1Codec.readResponseHeaders(Http1Codec.java:189)
07-05 22:07:51.102 W/System.err(19939): 	at okhttp3.internal.http.CallServerInterceptor.intercept(CallServerInterceptor.java:67)
07-05 22:07:51.102 W/System.err(19939): 	at okhttp3.internal.http.RealInterceptorChain.proceed(RealInterceptorChain.java:92)
07-05 22:07:51.102 W/System.err(19939): 	at okhttp3.internal.http.RealInterceptorChain.proceed(RealInterceptorChain.java:67)
07-05 22:07:51.102 W/System.err(19939): 	at okhttp3.logging.HttpLoggingInterceptor.intercept(HttpLoggingInterceptor.java:212)
07-05 22:07:51.102 W/System.err(19939): 	at okhttp3.internal.http.RealInterceptorChain.proceed(RealInterceptorChain.java:92)
07-05 22:07:51.102 W/System.err(19939): 	at okhttp3.internal.connection.ConnectInterceptor.intercept(ConnectInterceptor.java:45)
07-05 22:07:51.102 W/System.err(19939): 	at okhttp3.internal.http.RealInterceptorChain.proceed(RealInterceptorChain.java:92)
07-05 22:07:51.102 W/System.err(19939): 	at okhttp3.internal.http.RealInterceptorChain.proceed(RealInterceptorChain.java:67)
07-05 22:07:51.103 W/System.err(19939): 	at okhttp3.internal.cache.CacheInterceptor.intercept(CacheInterceptor.java:93)
07-05 22:07:51.103 W/System.err(19939): 	at okhttp3.internal.http.RealInterceptorChain.proceed(RealInterceptorChain.java:92)
07-05 22:07:51.103 W/System.err(19939): 	at okhttp3.internal.http.RealInterceptorChain.proceed(RealInterceptorChain.java:67)
07-05 22:07:51.103 W/System.err(19939): 	at okhttp3.internal.http.BridgeInterceptor.intercept(BridgeInterceptor.java:93)
07-05 22:07:51.103 W/System.err(19939): 	at okhttp3.internal.http.RealInterceptorChain.proceed(RealInterceptorChain.java:92)
07-05 22:07:51.103 W/System.err(19939): 	at okhttp3.internal.http.RetryAndFollowUpInterceptor.intercept(RetryAndFollowUpInterceptor.java:120)
07-05 22:07:51.103 W/System.err(19939): 	at okhttp3.internal.http.RealInterceptorChain.proceed(RealInterceptorChain.java:92)
07-05 22:07:51.103 W/System.err(19939): 	at okhttp3.internal.http.RealInterceptorChain.proceed(RealInterceptorChain.java:67)
07-05 22:07:51.103 W/System.err(19939): 	at com.hisense.httpclient.interceptor.DNSRetryIntercepter.intercept(DNSRetryIntercepter.java:44)
07-05 22:07:51.103 W/System.err(19939): 	at okhttp3.internal.http.RealInterceptorChain.proceed(RealInterceptorChain.java:92)
07-05 22:07:51.103 W/System.err(19939): 	at okhttp3.internal.http.RealInterceptorChain.proceed(RealInterceptorChain.java:67)
07-05 22:07:51.103 W/System.err(19939): 	at okhttp3.RealCall.getResponseWithInterceptorChain(RealCall.java:179)
07-05 22:07:51.103 W/System.err(19939): 	at okhttp3.RealCall.execute(RealCall.java:63)
07-05 22:07:51.103 W/System.err(19939): 	at com.hisense.httpclient.dns.DNSHelper.gslbDns(DNSHelper.java:76)
07-05 22:07:51.103 W/System.err(19939): 	at com.hisense.httpclient.dns.HttpDNS.lookup(HttpDNS.java:30)
07-05 22:07:51.103 W/System.err(19939): 	at okhttp3.internal.connection.RouteSelector.resetNextInetSocketAddress(RouteSelector.java:170)
07-05 22:07:51.103 W/System.err(19939): 	at okhttp3.internal.connection.RouteSelector.nextProxy(RouteSelector.java:136)
07-05 22:07:51.103 W/System.err(19939): 	at okhttp3.internal.connection.RouteSelector.next(RouteSelector.java:81)
07-05 22:07:51.103 W/System.err(19939): 	at okhttp3.internal.connection.StreamAllocation.findConnection(StreamAllocation.java:171)
07-05 22:07:51.103 W/System.err(19939): 	at okhttp3.internal.connection.StreamAllocation.findHealthyConnection(StreamAllocation.java:121)
07-05 22:07:51.103 W/System.err(19939): 	at okhttp3.internal.connection.StreamAllocation.newStream(StreamAllocation.java:100)
07-05 22:07:51.103 W/System.err(19939): 	at okhttp3.internal.connection.ConnectInterceptor.intercept(ConnectInterceptor.java:42)
07-05 22:07:51.103 W/System.err(19939): 	at okhttp3.internal.http.RealInterceptorChain.proceed(RealInterceptorChain.java:92)
07-05 22:07:51.103 W/System.err(19939): 	at okhttp3.internal.http.RealInterceptorChain.proceed(RealInterceptorChain.java:67)
07-05 22:07:51.103 W/System.err(19939): 	at okhttp3.internal.cache.CacheInterceptor.intercept(CacheInterceptor.java:93)
07-05 22:07:51.103 W/System.err(19939): 	at okhttp3.internal.http.RealInterceptorChain.proceed(RealInterceptorChain.java:92)
07-05 22:07:51.103 W/System.err(19939): 	at okhttp3.internal.http.RealInterceptorChain.proceed(RealInterceptorChain.java:67)
07-05 22:07:51.104 W/System.err(19939): 	at okhttp3.internal.http.BridgeInterceptor.intercept(BridgeInterceptor.java:93)
07-05 22:07:51.104 W/System.err(19939): 	at okhttp3.internal.http.RealInterceptorChain.proceed(RealInterceptorChain.java:92)
07-05 22:07:51.104 W/System.err(19939): 	at okhttp3.internal.http.RetryAndFollowUpInterceptor.intercept(RetryAndFollowUpInterceptor.java:120)
07-05 22:07:51.105 W/System.err(19939): 	at okhttp3.internal.http.RealInterceptorChain.proceed(RealInterceptorChain.java:92)
07-05 22:07:51.105 W/System.err(19939): 	at okhttp3.internal.http.RealInterceptorChain.proceed(RealInterceptorChain.java:67)
07-05 22:07:51.105 W/System.err(19939): 	at com.hisense.httpclient.interceptor.RetryIntercepter.intercept(RetryIntercepter.java:27)
07-05 22:07:51.105 W/System.err(19939): 	at okhttp3.internal.http.RealInterceptorChain.proceed(RealInterceptorChain.java:92)
07-05 22:07:51.105 W/System.err(19939): 	at okhttp3.internal.http.RealInterceptorChain.proceed(RealInterceptorChain.java:67)
07-05 22:07:51.105 W/System.err(19939): 	at com.hisense.httpclient.interceptor.VerifySignInterCeptor.intercept(VerifySignInterCeptor.java:39)
07-05 22:07:51.105 W/System.err(19939): 	at okhttp3.internal.http.RealInterceptorChain.proceed(RealInterceptorChain.java:92)
07-05 22:07:51.105 W/System.err(19939): 	at okhttp3.internal.http.RealInterceptorChain.proceed(RealInterceptorChain.java:67)
07-05 22:07:51.105 W/System.err(19939): 	at okhttp3.RealCall.getResponseWithInterceptorChain(RealCall.java:179)
07-05 22:07:51.105 W/System.err(19939): 	at okhttp3.RealCall.execute(RealCall.java:63)
07-05 22:07:51.105 W/System.err(19939): 	at com.bumptech.glide.integration.okhttp3.OkHttpStreamFetcher.loadData(OkHttpStreamFetcher.java:43)
07-05 22:07:51.106 W/System.err(19939): 	at com.bumptech.glide.integration.okhttp3.OkHttpStreamFetcher.loadData(OkHttpStreamFetcher.java:19)
07-05 22:07:51.106 W/System.err(19939): 	at com.bumptech.glide.load.model.ImageVideoModelLoader$ImageVideoFetcher.loadData(ImageVideoModelLoader.java:70)
07-05 22:07:51.106 W/System.err(19939): 	at com.bumptech.glide.load.model.ImageVideoModelLoader$ImageVideoFetcher.loadData(ImageVideoModelLoader.java:53)
07-05 22:07:51.106 W/System.err(19939): 	at com.bumptech.glide.load.engine.DecodeJob.decodeSource(DecodeJob.java:170)
07-05 22:07:51.106 W/System.err(19939): 	at com.bumptech.glide.load.engine.DecodeJob.decodeFromSource(DecodeJob.java:128)
07-05 22:07:51.106 W/System.err(19939): 	at com.bumptech.glide.load.engine.EngineRunnable.decodeFromSource(EngineRunnable.java:122)
07-05 22:07:51.106 W/System.err(19939): 	at com.bumptech.glide.load.engine.EngineRunnable.decode(EngineRunnable.java:101)
07-05 22:07:51.107 W/System.err(19939): 	at com.bumptech.glide.load.engine.EngineRunnable.run(EngineRunnable.java:58)
07-05 22:07:51.107 W/System.err(19939): 	at java.util.concurrent.Executors$RunnableAdapter.call(Executors.java:422)
07-05 22:07:51.107 W/System.err(19939): 	at java.util.concurrent.FutureTask.run(FutureTask.java:237)
07-05 22:07:51.107 W/System.err(19939): 	at java.util.concurrent.ThreadPoolExecutor.runWorker(ThreadPoolExecutor.java:1112)
07-05 22:07:51.107 W/System.err(19939): 	at java.util.concurrent.ThreadPoolExecutor$Worker.run(ThreadPoolExecutor.java:587)
07-05 22:07:51.107 W/System.err(19939): 	at java.lang.Thread.run(Thread.java:818)
07-05 22:07:51.108 W/System.err(19939): 	at com.bumptech.glide.load.engine.executor.FifoPriorityThreadPoolExecutor$DefaultThreadFactory$1.run(FifoPriorityThreadPoolExecutor.java:118)
07-05 22:07:51.109 D/HttpHandler(19939): DNSRetryIntercepter-->refryhostName=139.217.11.211
07-05 22:07:51.111 D/HttpHandler(19939): GslbDNS-->hostName=139.217.11.211
07-05 22:07:51.111 D/OkHttp  (19939): <-- 403 Forbidden http://picture.edu.hismarttv.com/images/ (112ms)
07-05 22:07:51.111 D/OkHttp  (19939): Date: Wed, 05 Jul 2017 14:07:51 GMT
07-05 22:07:51.111 D/OkHttp  (19939): Server: nginx
07-05 22:07:51.111 D/OkHttp  (19939): Content-Type: text/html; charset=UTF-8
07-05 22:07:51.111 D/OkHttp  (19939): Content-Length: 162
07-05 22:07:51.111 D/OkHttp  (19939): Via: 1.1 shuozhou56:0 (Cdn Cache Server V2.0)[38 403 2], 1.1 dzhwt36:1 (Cdn Cache Server V2.0)[97 403 2]
07-05 22:07:51.111 D/OkHttp  (19939): Connection: close
07-05 22:07:51.111 D/OkHttp  (19939): <-- END HTTP
07-05 22:07:51.111 D/HttpHandler(19939): RetryIntercepter-->retryNum=0
07-05 22:07:51.111 D/HttpHandler(19939): RetryIntercepter-->backoffmutiplier=0
07-05 22:07:51.112 D/HttpHandler(19939): VerifySignInterCeptor-->request.url()=http://picture.edu.hismarttv.com/images/20170629010146422927.jpg
07-05 22:07:51.112 D/HttpHandler(19939): VerifySignInterCeptor-->hostname=picture.edu.hismarttv.com
07-05 22:07:51.115 D/HttpHandler(19939): HttpDNS-->hostname=picture.edu.hismarttv.com
07-05 22:07:51.116 D/HttpHandler(19939): RAMCache-->hostInfo.getClientTimeStamp()=12512089
07-05 22:07:51.116 D/HttpHandler(19939): RAMCache-->hostInfo.getTtl()=300
07-05 22:07:51.116 D/HttpHandler(19939): RAMCache-->SystemClock.elapsedRealtime()=12512687
07-05 22:07:51.125 D/HttpHandler(19939): DNSHelper-->gslbDns=["220.202.77.116","123.128.14.209","153.35.175.121","220.202.77.124","153.35.175.120","112.65.220.40","218.58.206.58"]
07-05 22:07:51.127 D/OkHttp  (19939): --> GET http://139.217.11.211/d?device_id=86100300900000500000060a4818fca8&host=b5d1d96093f9d07d386917b5d3b91cdcb031311b90271792b45951b69dc9c054dc862a7c9178ba82684e325a98b554b4&last= http/1.1
07-05 22:07:51.127 D/OkHttp  (19939): Host: lbgs.hismarttv.com
07-05 22:07:51.127 D/OkHttp  (19939): Connection: Keep-Alive
07-05 22:07:51.127 D/OkHttp  (19939): Accept-Encoding: gzip
07-05 22:07:51.127 D/OkHttp  (19939): User-Agent: okhttp/3.6.0
07-05 22:07:51.127 D/OkHttp  (19939): --> END GET
07-05 22:07:51.131 D/OkHttp  (19939): --> GET http://139.217.11.211/d?device_id=86100300900000500000060a4818fca8&host=b5d1d96093f9d07d386917b5d3b91cdcb031311b90271792b45951b69dc9c054dc862a7c9178ba82684e325a98b554b4&last= http/1.1
07-05 22:07:51.131 D/OkHttp  (19939): Host: lbgs.hismarttv.com
07-05 22:07:51.131 D/OkHttp  (19939): Connection: Keep-Alive
07-05 22:07:51.131 D/OkHttp  (19939): Accept-Encoding: gzip
07-05 22:07:51.131 D/OkHttp  (19939): User-Agent: okhttp/3.6.0
07-05 22:07:51.131 D/OkHttp  (19939): --> END GET
07-05 22:07:51.142 D/HiNetworkImpl(19939): doHttp_Asyn(): onReqResponse isSuccessful = true, back from thread: main
07-05 22:07:51.142 I/HiNetworkImpl(19939): doHttp_Asyn(): onSuccess clazz = class com.hisense.sdk.domain.MemberOrder, back from thread: main
07-05 22:07:51.142 I/HomeMainActivity(19939): finishHttpTime : 12512714   324
07-05 22:07:51.143 D/til@system( 2026): til_get_system_param option:1000007 int:-1936525184, bool:128, ret:0
07-05 22:07:51.144 D/til@system( 2026): til_get_system_param option:1000009 int:-1815634176, bool:0, ret:0
07-05 22:07:51.144 D/til@system( 2026): til_get_system_param option:1000008 int:-1815632896, bool:0, ret:0
07-05 22:07:51.145 D/HiSDKLogReport(19939): getOperationDetail-productName : LED50MU8600UC
07-05 22:07:51.145 D/HiSDKLogReport(19939): getOperationDetail-plmNumber : 88888
07-05 22:07:51.145 D/HiSDKLogReport(19939): getOperationDetail-swVersion : V0000.00.01A
07-05 22:07:51.145 D/HiSDKLogReport(19939): getOperationDetail-operationDetail : LED50MU8600UC0000888
07-05 22:07:51.145 D/HiSDKLogReport(19939): processLogReport-log : {eventType=162, appKey=1182445233, APPVersionName=3.0.0.9.00, devid=86100300900000500000060a4818fca8, mac=a8:a6:48:18:fc:a8, uuid=13287129, accessToken=72DF6038D2AEAB8A76DFBBBBCC428A4A_000541682175714, APIversion=501, logversion=2.0, devType=0, APPPackage=com.hisense.hicloud.edca, eventPos=002, requesttime=1499263671145, customerId=7195320, value2=, eventMessage=HttpConnection, value1=324, model_id=0, ChannelId=0, version=00.002.003, tv_distribute_id=00, subscriberId=13287129, APIVersion=600, PFAPPCode=652, softwareVersion=LED50MU8600UC0000888}
07-05 22:07:51.145 I/HomeMainActivity(19939): getUserType  response : 2 null
07-05 22:07:51.145 I/HomeMainActivity(19939): this is LowMemoryConfiguration 
07-05 22:07:51.150 D/OkHttp  (19939): --> GET http://picture.edu.hismarttv.com/images/20170629010146422927.jpg http/1.1
07-05 22:07:51.150 D/OkHttp  (19939): Host: picture.edu.hismarttv.com
07-05 22:07:51.150 D/OkHttp  (19939): Connection: Keep-Alive
07-05 22:07:51.150 D/OkHttp  (19939): Accept-Encoding: gzip
07-05 22:07:51.150 D/OkHttp  (19939): User-Agent: okhttp/3.6.0
07-05 22:07:51.150 D/OkHttp  (19939): --> END GET
07-05 22:07:51.151 W/System.err(19939): java.net.ConnectException: failed to connect to /10.18.210.112 (port 8900) after 6000ms: isConnected failed: ECONNREFUSED (Connection refused)
07-05 22:07:51.152 W/System.err(19939): 	at libcore.io.IoBridge.isConnected(IoBridge.java:238)
07-05 22:07:51.152 W/System.err(19939): 	at libcore.io.IoBridge.connectErrno(IoBridge.java:171)
07-05 22:07:51.152 W/System.err(19939): 	at libcore.io.IoBridge.connect(IoBridge.java:122)
07-05 22:07:51.152 W/System.err(19939): 	at java.net.PlainSocketImpl.connect(PlainSocketImpl.java:183)
07-05 22:07:51.152 W/System.err(19939): 	at java.net.PlainSocketImpl.connect(PlainSocketImpl.java:456)
07-05 22:07:51.152 W/System.err(19939): 	at java.net.Socket.connect(Socket.java:882)
07-05 22:07:51.152 W/System.err(19939): 	at com.android.okhttp.internal.Platform.connectSocket(Platform.java:174)
07-05 22:07:51.152 W/System.err(19939): 	at com.android.okhttp.Connection.connect(Connection.java:152)
07-05 22:07:51.152 W/System.err(19939): 	at com.android.okhttp.internal.http.HttpEngine.connect(HttpEngine.java:276)
07-05 22:07:51.152 W/System.err(19939): 	at com.android.okhttp.internal.http.HttpEngine.sendRequest(HttpEngine.java:211)
07-05 22:07:51.152 W/System.err(19939): 	at com.android.okhttp.internal.http.HttpURLConnectionImpl.execute(HttpURLConnectionImpl.java:382)
07-05 22:07:51.152 W/System.err(19939): 	at com.android.okhttp.internal.http.HttpURLConnectionImpl.connect(HttpURLConnectionImpl.java:106)
07-05 22:07:51.152 W/System.err(19939): 	at com.hisense.hitv.hicloud.util.ExceptionReport.a(ExceptionReport.java:337)
07-05 22:07:51.152 W/System.err(19939): 	at com.hisense.hitv.hicloud.util.ExceptionReport.a(ExceptionReport.java:39)
07-05 22:07:51.152 W/System.err(19939): 	at com.hisense.hitv.hicloud.util.ExceptionReport$1.run(ExceptionReport.java:83)
07-05 22:07:51.152 W/System.err(19939): 	at java.lang.Thread.run(Thread.java:818)
07-05 22:07:51.152 W/System.err(19939): Caused by: android.system.ErrnoException: isConnected failed: ECONNREFUSED (Connection refused)
07-05 22:07:51.152 W/System.err(19939): 	at libcore.io.IoBridge.isConnected(IoBridge.java:223)
07-05 22:07:51.152 W/System.err(19939): 	... 15 more
07-05 22:07:51.169 I/MiSysSrv( 1214): [37m[INFO] Change to Voltage: 112 mv (0x2D)[m
07-05 22:07:51.184 I/dex2oat (20024): dex2oat took 3.682s (threads: 4) arena alloc=72KB java alloc=10MB native alloc=5MB free=6MB
07-05 22:07:51.186 D/OkHttp  (19939): <-- 200 OK http://picture.edu.hismarttv.com/images/20170629010146422927.jpg (35ms)
07-05 22:07:51.186 D/OkHttp  (19939): Date: Mon, 03 Jul 2017 10:05:21 GMT
07-05 22:07:51.186 D/OkHttp  (19939): Server: nginx
07-05 22:07:51.186 D/OkHttp  (19939): Content-Type: image/jpeg
07-05 22:07:51.186 D/OkHttp  (19939): Content-Length: 145373
07-05 22:07:51.186 D/OkHttp  (19939): Last-Modified: Thu, 29 Jun 2017 01:01:46 GMT
07-05 22:07:51.186 D/OkHttp  (19939): ETag: "5954517a-237dd"
07-05 22:07:51.186 D/OkHttp  (19939): Accept-Ranges: bytes
07-05 22:07:51.186 D/OkHttp  (19939): Age: 187350
07-05 22:07:51.186 D/OkHttp  (19939): Via: 1.1 shzh54:1 (Cdn Cache Server V2.0)[11 200 0], 1.1 changwtong65:0 (Cdn Cache Server V2.0)[11 200 0]
07-05 22:07:51.186 D/OkHttp  (19939): Connection: keep-alive
07-05 22:07:51.186 D/OkHttp  (19939): <-- END HTTP
07-05 22:07:51.198 D/HttpHandler(19939): RetryIntercepter-->retryNum=0
07-05 22:07:51.198 D/HttpHandler(19939): RetryIntercepter-->backoffmutiplier=0
07-05 22:07:51.213 E/HomeMainActivity(19939): BaseApplication.mAccountType == 2
07-05 22:07:51.213 I/HomeMainActivity(19939): mBeginHttpTime : 12512785
07-05 22:07:51.214 I/HttpDnsUtils(19939): postExperienceVIP(): --url = http://api.edu.hismarttv.com/payment/api/get/experience/member
07-05 22:07:51.214 V/HttpDnsUtils(19939): getExperienceVIP 86100300900000500000060a4818fca8 7195320 13287129 0 2 0 0 0
07-05 22:07:51.214 E/NetUtils(19939): encryption --- sign = accessToken=72DF6038D2AEAB8A76DFBBBBCC428A4A_000541682175714&days=0&devid=86100300900000500000060a4818fca8&mac=a8:a6:48:18:fc:a8&memberType=2&orderType=0&BDA9F96C98E9D5130A5AFB3411B5F9E0
07-05 22:07:51.219 D/til@system( 2026): til_get_system_param option:1000007 int:-1936522112, bool:128, ret:0
07-05 22:07:51.219 D/til@system( 2026): til_get_system_param option:1000009 int:-1936523008, bool:0, ret:0
07-05 22:07:51.220 D/til@system( 2026): til_get_system_param option:1000008 int:-1815633792, bool:128, ret:0
07-05 22:07:51.220 D/HttpDnsUtils(19939): CEXX-getOperationDetail-productName : LED50MU8600UC
07-05 22:07:51.220 D/HttpDnsUtils(19939): CEXX-getOperationDetail-plmNumber : 88888
07-05 22:07:51.220 D/HttpDnsUtils(19939): CEXX-getOperationDetail-swVersion : V0000.00.01A
07-05 22:07:51.220 D/HttpDnsUtils(19939): CEXX-getOperationDetail-operationDetail : LED50MU8600UC0000888
07-05 22:07:51.224 W/PluginProviderBuilder(19939): createDexClassLoader() return dalvik.system.DexClassLoader[DexPathList[[zip file "/data/data/com.hisense.hicloud.edca/files/plugin/2.1.0.59986/pluginplayer/1.64.0.59984/pluginplayer-release-1.64.0.59984.apk"],nativeLibraryDirectories=[/vendor/lib, /system/lib]]]
07-05 22:07:51.227 W/ContextClassLoaderSwitcher(19939): ClassLoaderSwitcher doSwitch(com.hisense.hicloud.edca.BaseApplication@2adbac5c, dalvik.system.DexClassLoader[DexPathList[[zip file "/data/data/com.hisense.hicloud.edca/files/plugin/2.1.0.59986/pluginplayer/1.64.0.59984/pluginplayer-release-1.64.0.59984.apk"],nativeLibraryDirectories=[/vendor/lib, /system/lib]]])
07-05 22:07:51.229 W/ObjectMethodHolder(19939): >> invoke() mMethodName=getBaseContext, mCached=false, mCacheValue=true, mMethod=null
07-05 22:07:51.232 I/TVMW@HsTvSetting( 1234): Trace cmd, data = 0x1058
07-05 22:07:51.232 D/til@system( 2026): til_get_system_param option:100002F int:0, bool:0, ret:0
07-05 22:07:51.232 W/ObjectMethodHolder(19939): << invoke() mMethodName=getBaseContext, mCached=true, mCacheValue=true, mMethod=public android.content.Context android.content.ContextWrapper.getBaseContext() return android.app.ContextImpl{android.app.ContextImpl@10e8e324}
07-05 22:07:51.232 I/TVMW@HsTvSetting( 1234): Trace cmd, data = 0x101f
07-05 22:07:51.232 D/til@system( 2026): til_get_system_param option:100001D int:3, bool:3, ret:0
07-05 22:07:51.232 E/til     ( 2026): [til_get_current_input_source, 101] 
07-05 22:07:51.232 I/TVMW@HsTvSetting( 1234): Trace cmd, data = 0x7007
07-05 22:07:51.232 W/ObjectMethodHolder(19939): >> invoke() mMethodName=getClassLoader, mCached=false, mCacheValue=true, mMethod=null
07-05 22:07:51.232 I/tilwrapper@sm( 2026): HS2TIL_SourceType *hs=0xd, *til=0x900
07-05 22:07:51.232 D/til     ( 2026): get current source 2304
07-05 22:07:51.232 D/SourceRemoteServiceHandler( 2026): getCurrentInputSource.from.til.result is 0, value is 2304
07-05 22:07:51.232 D/SourceRemoteServiceHandler( 2026): getInputSourceType source: 0x900, type=2304
07-05 22:07:51.232 D/til     ( 2026): ###### func:til_get_picture_param option:0x3000006 ######  
07-05 22:07:51.233 W/ObjectMethodHolder(19939): << invoke() mMethodName=getClassLoader, mCached=true, mCacheValue=true, mMethod=public java.lang.ClassLoader android.app.LoadedApk.getClassLoader() return dalvik.system.PathClassLoader{dalvik.system.PathClassLoader[DexPathList[[zip file "/data/app/com.hisense.hicloud.edca-2/base.apk"],nativeLibraryDirectories=[/data/app/com.hisense.hicloud.edca-2/lib/arm, /vendor/lib, /system/lib]]]}
07-05 22:07:51.233 I/TVMW@HsTvSetting( 1234): Trace cmd, data = 0x1003
07-05 22:07:51.233 I/TVMW@HsTvSetting( 1234): Trace cmd, data = 0x8032
07-05 22:07:51.233 I/hstvos  ( 1216): [0m[1;33m[HSHAL][HS_VIDEO][HS_HAL_Video_SetOsdDetect_v2][2389]u16Threshold = 20
07-05 22:07:51.233 W/PluginProviderBuilder(19939): createPluginContext() return /data/app/com.hisense.hicloud.edca-2/base.apk
07-05 22:07:51.234 E/TVMW@videoctrl( 1234):  getOsd is 1
07-05 22:07:51.234 I/MiSysSrv( 1214): Not support now! 42, change to mm_video!!!
07-05 22:07:51.234 D/til@system( 2026): til_get_system_param option:1000027 int:1, bool:1, ret:0
07-05 22:07:51.234 D/til     ( 2026): ###### func:til_get_picture_param option:0x3000045 ######  
07-05 22:07:51.234 I/TVMW@HsTvSetting( 1234): Trace cmd, data = 0x300c
07-05 22:07:51.234 I/TVMW@HsTvSetting( 1234): Trace 3d, data = 0x300c
07-05 22:07:51.234 I/TVMW@3d ( 1234): Hs_debug3d_trace: func:get3dStatus, line:109
07-05 22:07:51.255 D/Player/PluginProvider@3a35de8d(19939): [TID 19970] PluginProvider() new
07-05 22:07:51.256 W/AbsPluginProvider(19939): initialize<<(hostContext=com.hisense.hicloud.edca.BaseApplication@2adbac5c, context=com.qiyi.sdk.plugin.server.core.ContextProxy@20cce842, params={lib_dir=/data/data/com.hisense.hicloud.edca/files/plugin/2.1.0.59986/pluginplayer/1.64.0.59984/pluginplayer-release-1.64.0.59984-libs, file_path=/data/data/com.hisense.hicloud.edca/files/plugin/2.1.0.59986/pluginplayer/1.64.0.59984/pluginplayer-release-1.64.0.59984.apk}, info=AppInfo(hostVersion=2.1.0.59986mHostAllowDebug=false))
07-05 22:07:51.257 D/Player/PluginProvider@3a35de8d(19939): [TID 19970] onInitialize() lib path=/data/data/com.hisense.hicloud.edca/files/plugin/2.1.0.59986/pluginplayer/1.64.0.59984/pluginplayer-release-1.64.0.59984-libs
07-05 22:07:51.257 I/LogUtils(19939): [TID 19970] log is open
07-05 22:07:51.260 V/HttpDnsUtils(19939): days 0 memberType 2 activityId 0
07-05 22:07:51.260 V/HttpDnsUtils(19939): postExperienceVIP(): postMap = {customerId=7195320, memberType=2, PFAPPCode=652, accessToken=72DF6038D2AEAB8A76DFBBBBCC428A4A_000541682175714, ChannelId=0, APPVersionName=3.0.0.9.00, model_id=0, orderType=0, mac=a8:a6:48:18:fc:a8, days=0, sign=eae22dc4358d503753f8ec5112fe211f, uuid=13287129, APPPackage=com.hisense.hicloud.edca, devid=86100300900000500000060a4818fca8, phone=18547412365, tv_distribute_id=00, softwareVersion=LED50MU8600UC0000888, subscriberId=13287129, version=00.002.003, customerName=18547412365, devType=0, APIVersion=600, activityId=0}
07-05 22:07:51.261 D/Player/PluginProvider@3a35de8d(19939): [TID 19970] setupSdkFeature()
07-05 22:07:51.261 D/til@system( 2026): til_get_system_param option:1000007 int:-1936522368, bool:128, ret:0
07-05 22:07:51.262 D/til@system( 2026): til_get_system_param option:1000009 int:-1936525184, bool:128, ret:0
07-05 22:07:51.263 D/til@system( 2026): til_get_system_param option:1000008 int:-1815634176, bool:0, ret:0
07-05 22:07:51.263 D/HttpBuilder(19939): getOperationDetail-productName : LED50MU8600UC
07-05 22:07:51.263 D/HttpBuilder(19939): getOperationDetail-plmNumber : 88888
07-05 22:07:51.263 D/HttpBuilder(19939): getOperationDetail-swVersion : V0000.00.01A
07-05 22:07:51.263 D/HttpBuilder(19939): getOperationDetail-operationDetail : LED50MU8600UC0000888
07-05 22:07:51.270 I/MiSysSrv( 1214): [37m[INFO] Change to Voltage: 107 mv (0x28)[m
07-05 22:07:51.282 E/btif_config( 2964): [btif_config_get] node is TRUE!
07-05 22:07:51.282 E/btif_config( 2964): [btif_config_get] ret is TRUE!
07-05 22:07:51.298 I/HttpBuilder(19939): addUrlPublicParams mUrl ==>http://api.edu.hismarttv.com/payment/api/get/experience/member?uuid=13287129&mac=a8:a6:48:18:fc:a8&devid=86100300900000500000060a4818fca8&version=00.002.003&subscriberId=13287129&customerId=7195320&model_id=0&APPPackage=com.hisense.hicloud.edca&PFAPPCode=652&APPVersionName=3.0.0.9.00&ChannelId=0&softwareVersion=LED50MU8600UC0000888&tv_distribute_id=00&devType=0&APIVersion=600&accessToken=72DF6038D2AEAB8A76DFBBBBCC428A4A_000541682175714
07-05 22:07:51.299 D/NativeDecimalFormat(19939): NativeDecimalFormat_close print addr=4098414592
07-05 22:07:51.300 D/NativeDecimalFormat(19939): NativeDecimalFormat_close print g_addr=4098415360
07-05 22:07:51.300 D/NativeDecimalFormat(19939): NativeDecimalFormat_close print addr=4098415360
07-05 22:07:51.300 D/NativeDecimalFormat(19939): NativeDecimalFormat_close print g_addr=4098415360
07-05 22:07:51.303 D/HttpHandler(19939): VerifySignInterCeptor-->request.url()=http://api.edu.hismarttv.com/payment/api/get/experience/member?uuid=13287129&mac=a8:a6:48:18:fc:a8&devid=86100300900000500000060a4818fca8&version=00.002.003&subscriberId=13287129&customerId=7195320&model_id=0&APPPackage=com.hisense.hicloud.edca&PFAPPCode=652&APPVersionName=3.0.0.9.00&ChannelId=0&softwareVersion=LED50MU8600UC0000888&tv_distribute_id=00&devType=0&APIVersion=600&accessToken=72DF6038D2AEAB8A76DFBBBBCC428A4A_000541682175714
07-05 22:07:51.303 D/HttpHandler(19939): VerifySignInterCeptor-->hostname=api.edu.hismarttv.com
07-05 22:07:51.305 I/head    (19939): item=com.hisense.leanback.widget.ListRow@24d33d9a
07-05 22:07:51.306 I/CardSelectionPresenter(19939): onViewDetachedFromWindow mTitleTx = 
07-05 22:07:51.306 I/CardSelectionPresenter(19939): onViewDetachedFromWindow mTitleTx = 
07-05 22:07:51.306 I/CardSelectionPresenter(19939): onViewDetachedFromWindow mTitleTx = 
07-05 22:07:51.306 I/CardSelectionPresenter(19939): onUnbindViewHolder mTitleTx = 
07-05 22:07:51.308 I/CardSelectionPresenter(19939): onViewDetachedFromWindow mTitleTx = 
07-05 22:07:51.308 I/CardSelectionPresenter(19939): onUnbindViewHolder mTitleTx = 
07-05 22:07:51.309 I/CardSelectionPresenter(19939): onUnbindViewHolder mTitleTx = 
07-05 22:07:51.309 I/CardSelectionPresenter(19939): onUnbindViewHolder mTitleTx = 
07-05 22:07:51.309 I/ContentBridgeAdapterListener(19939): onBind 
07-05 22:07:51.310 I/CardSelectionPresenter(19939): onCreateViewHoldercom.hisense.leanback.widget.HorizontalGridView{1497dd03 VFE..... ......ID 0,0-1738,279 #7f0d038e app:id/row_content}
07-05 22:07:51.311 D/PlayerSdk/PlayerSdkProject(19939): [TID 19970] >> beginInitialize
07-05 22:07:51.311 D/PlayerSdk/SdkConfigManager(19939): [TID 19970] setupConfig: context=com.qiyi.sdk.plugin.server.core.ContextProxy@20cce842
07-05 22:07:51.311 W/ContextProxy(19939): getAssets() mAssetManager=android.content.res.AssetManager@25cdcdc1
07-05 22:07:51.312 D/PlayerSdk/SdkConfigManager(19939): [TID 19970] setupConfig: strEncrypted=VVVJRD0yMDE3MDQyNTExMzUzNzkxMmdlVEdXS0REMTE3MDIsQ1VTVE9NRVJfSUQ9NjAsUExBWUVSX0NPTkZJR19UWVBFPTQsUExBVEZPUk1fVFZBUEk9SEFJWElOLElTX1NVUFBPUlRfWUlOSEVfUElOR0JBQ0s9ZmFsc2UsSVNfRU5CQUxFX0gyNjU9ZmFsc2UsSVNfRU5BQkxFX0RPTEJZPWZhbHNlLElTX0VOQkFMRV80Sz0sSVNfRU5CQUxFX0RPTEJZX1ZJU0lPTj0sSVNfRU5CQUxFX0hEUjEwPSxJU19VU0VfVE1UU19MT0NBTF9TSUdOPWZhbHNlLElTX0dFVF9VVUlEX0ZST01fU0VSVkVSPXRydWUsQ0ROX0RJU1BBVENIX1BBUkFNPSxET01BSU5fTkFNRT1wdHF5LmdpdHYudHYsTkFUSVZFX1BMQVlFUl9CUkFORD1IaVNlbnNlLExPR0lOX1RZUEU9U1VCX0FDQ09VTlQsQ1VTVE9NRVJfUEFDS0FHRV9OQU1FPWNvbS5oaXNlbnNlLmhpY2xvdWQuZWRjYSxJU19ERUJVR19WRVJTSU9OPWZhbHNlLE5BVElWRV9QTEFZRVJfQ09ERUNUWVBFPSxQTEFZRVJfUExBVEZPUk09UF9IaXNlbnNlLEVOQUJMRV9TRVRfQklUU1RSRUFNPXRydWUsREVGQVVMVF9DRkdfQklUU1RSRUFNPSw=
07-05 22:07:51.313 I/System.out(19939): decode
07-05 22:07:51.313 W/ContextProxy(19939): getResources() mResources=android.content.res.Resources@3bdd5d54
07-05 22:07:51.316 I/CardSelectionPresenter(19939): onBindViewHolder
07-05 22:07:51.316 D/sloven  (19939): 1002---true
07-05 22:07:51.316 I/CardSelectionPresenter(19939): width=400,height=220
07-05 22:07:51.317 D/HttpHandler(19939): HttpDNS-->hostname=api.edu.hismarttv.com
07-05 22:07:51.320 D/HttpHandler(19939): RAMCache-->hostInfo.getClientTimeStamp()=12506909
07-05 22:07:51.321 D/HttpHandler(19939): RAMCache-->hostInfo.getTtl()=3600
