07-05 21:10:00.245 E/SOGOUIME_JNI( 2203): invalidateCommitWordPinyinNative
07-05 21:10:00.252 D/HttpHandler(20334): VerifySignInterCeptor-->content={"image_post_url": "http://picture.edu.hismarttv.com/images/20170303023652037350.jpg", "system_time": 1499260200, "videos": [{"db_id": 28416, "play_ways": [{"centralized_play_params": null, "fee": 1, "feeSeconds": -1, "startup_type": 1, "video_play_param": "qnKvhzjJHfE4ZZwXEqbKU+ErUMyO6flgvO7nUavjMWahgv8ChKW6k4z0iIiisS1DT5XmRgk9mPT+OwY+rscRJeRWILhnfQ7IurLAb0eWrjLvEyHDoRtXZNLMY7DD1zpUPY9QDbu/7magc7YYzE27USwNgHkhh8uvlb9kFuY3pA8gva/Jd/SQGSshRdJa2R/VohtI5ycPje2qkwEArdReH4KLkyd9v9QI66xXQB55Cuf9wuCleTnr5Kre+6IoL9avpAAFP/Dw3t3ZvQzmSdrZokyupfnL1m8WuDnv8m3bvwvJgfVGDMnHmYzfC6ZKmXYtnAHME4MhpXVmov5lgrHxWFVrGOFHHYaTzILCALaVd0WO9EAcpDHJnm4b7nmk/8WESwCN2/E1tCDGPYQiNYvUXbr0lsCOVz3PHlOGbzTZE25H5wsL1RoaoLatvWRz95lfJgtC1/Xrr8z3JiW5fDfOHazw1QhtKU872iY46P9vjZnEuEdvQ77+FIfcL+Jbo8VNzzg=", "video_play_url": "uSSogmCyW+88eMhEVuGHUrZ6CtOT4fktq7q9TpT5b3nj1s0T2+SxzL7nkY2ktUcGQIzsQ2d6kPesbGx9qpUVIowbf+l4d2OPvObDPi7Vr2G9FE+D801ecsmCbKCHnGdGM5ZEU/j+q2u7ZO1AhBTgBHBTnTprnoX2wuo7CKd4u1pgorKKK6vERGZ/EowPxh3WphpJ6SUPjO+oyR8BqtpYVoSJkT0o9tc=", "video_quality": null, "id": 1040, "name": "\u624d\u667a\u5c0f\u5929\u5730\u65b0"}], "title": "1\u3001\u65b0\u6765\u7684\u90bb\u5c45\uff08\u4e0a\u7bc7\uff09", "series": 1, "time_length": 373, "id": "35351"}, {"db_id": 28425, "play_ways": [{"centralized_play_params": null, "fee": 1, "feeSeconds": 60, "startup_type": 1, "video_play_param": "qnKvhzjJHfE4ZZwXEqbKU+ErUMyO6flgvO7nUqvjMWahgv8ChKW6k4z0iIiisS1DT5XmRgk9mPT+OwY+rscRJeRWILhnfQ7IurLAbEeWrjLvEyHDoRtXZNLMY7DD1zpUPY9QDbu/7magc7YYzE27USwNgHkhh8uvlb9kFuY3pA8gva/Jd/SQGSshRdJa2R/VohtI5ycPje2qkwEArdReH4KLkyd9v9QI66xXQB55Cuf9wuCleTnr5Kre+/goL9avpAAFP/Dw3t3ZvQznQdLYpEyupfnL1m8WtzHu9mrevg7HgPNGDMnHmYzfC6ZFkXcpmwTNFo0go3Vmov5lgrHxWFVrGOFHHYaTzILCALaVd0WO9EAcpDHJnm4b7nmk/8WESwCN2/E1tCDGPYQiNYvUXbr0lsCOVD7PHlOGbzTZE25H5wsL1RoaoLatvWRz95lfJgtC1/Xrr8z3JiW5fDfOHazw1QhtKU872iY46P9vjZnEuEdvQ77+FIfcL+Jbo8VNzzg=", "video_play_url": "uSSogmCyW+88eMhEVuGHUrZ6CtOT4fktq7q9TpT5b3nj1s0T2+SxzL7nkY2ktUcGQIzsQ2d6kPesbGx9qpUVIowbf+l4d2OPvObDPi7Vr2G9FE+D801ecpOCbKCHnGdGM5ZEU/j+q2u6bOVBghTgBHBTnTprkY33xu0+CaJ2ulxgorKKK6vERGZwGo0LwRjXoxRI7yUPjO+oyR8BqtpYVoSJkT0o9tc=", "video_quality": null, "id": 1040, "name": "\u624d\u667a\u5c0f\u5929\u5730\u65b0"}], "title": "2\u3001\u65b0\u6765\u7684\u90bb\u5c45\uff08\u4e0b\u7bc7\uff09", "series": 2, "time_length": 507, "id": "35352"}, {"db_id": 28431, "play_ways": [{"centralized_play_params": null, "fee": 1, "feeSeconds": 60, "startup_type": 1, "video_play_param": "qnKvhzjJHfE4ZZwXEqbKU+ErUMyO6flgvO7nU6vjMWahgv8ChKLgwoz0itqisi1DTpbtFwk9maL4YAY+rpUWduRWILhnfQ7IurLAb0eWrjLvEyHDoRtXZNLMY7DD1zpUPY9QDbu/7magc7YYzE27USwNgHkhh8uvlb9kFuY3pA8gva/Jd/SQGSshRdJa2R/VohtI5ycPje2qkwEArdReH4KLkyd9v9QI66xXQB55Cuf9wuCleTnr5Kre+64rL9avpAAFP/Dw3t3ZvQznQtzaoEyupfnL1m8WtzPs82jbvAvNgfVGDMnHmYzfC6ZFk3UsmQHPE4chpXVmov5lgrHxWFVrGOFHHYaTzILCALaVd0WO9EAcpDHJnm4b7nmk/8WESwCN2/E1tCDGPYQiNYvUXbr0lsCOVTrPHlOGbzTZE25H5wsL1RoaoLatvWRz95lfJgtC1/Xrr8z3JiW5fDfOHazw1QhtKU872iY46P9vjZnEuEdvQ77+FIfcL+Jbo8VNzzg=", "video_play_url": "uSSogmCyW+88eMhEVuGHUrZ6CtOT4fktq7q9TpT5b3nj1s0T2+SxzL7nkY2ktUcGQIzsQ2d6kPesbGx9qpUVIowbf+l4d2OPvObDPi7Vr2G9FE+D801ecsWBbKCHnGdGM5ZEU/j+q2u6b+tDhhTgBHBTnTprkY/1w+87C6d8u1pgorKKK6vERGZwGI8Owx3Vph5J6SUPjO+oyR8BqtpYVoSJkT0o9tc=", "video_quality": null, "id": 1040, "name": "\u624d\u667a\u5c0f\u5929\u5730\u65b0"}], "title": "3\u3001\u628a\u4e66\u653e\u8fd9\u513f\uff08\u4e0a\u7bc7\uff09", "series": 3, "time_length": 443, "id": "35353"}, {"db_id": 28438, "play_ways": [{"centralized_play_params": null, "fee": 1, "feeSeconds": 60, "startup_type": 1, "video_play_param": "qnKvhzjJHfE4ZZwXEqbKU+ErUMyO6flgvO7nVKvjMWahgv8ChKLgwoz0itqisi1DTpbtFwk9maL4YAY+rpUWduRWILhnfQ7IurLAbEeWrjLvEyHDoRtXZNLMY7DD1zpUPY9QDbu/7magc7YYzE27USwNgHkhh8uvlb9kFuY3pA8gva/Jd/SQGSshRdJa2R/VohtI5ycPje2qkwEArdReH4KLkyd9v9QI66xXQB55Cuf9wuCleTnr5Kre+6h+L9avpAAFP/Dw3t3ZvQznR9nQoEyupfnL1m8WtzXr9m/ftAjIhvNGDMnHmYzfC6ZFlXIpngXHEIImo3Vmov5lgrHxWFVrGOFHHYaTzILCALaVd0WO9EAcpDHJnm4b7nmk/8WESwCN2/E1tCDGPYQiNYvUXbr0lsCOVTPPHlOGbzTZE25H5wsL1RoaoLatvWRz95lfJgtC1/
07-05 21:10:00.259 I/SurfaceFlinger( 1204): the layer SurfaceView is used to close xc and zorder is smallerest! clear region
07-05 21:10:00.262 D/SogouIME( 2203): =====configKeyboard=======:false     false
07-05 21:10:00.263 E/SOGOUIME_JNI( 2203): ime_set_hard_kb_enable
07-05 21:10:00.280 D/OsdMonitorService( 1733): mCurrentWindow = com.hisense.hicloud.edca/com.hisense.hicloud.edca.mediaplayer.activity.DetailPlayActivity; newWindow = com.hisense.hicloud.edca/com.hisense.hicloud.edca.mediaplayer.activity.DetailPlayActivity; isSubWindow = false; isInWinList = false; isExitNow = false
07-05 21:10:00.280 D/OsdMonitorService( 1733): windowNotOsd() : name = com.hisense.hicloud.edca/com.hisense.hicloud.edca.mediaplayer.activity.DetailPlayActivity
07-05 21:10:00.280 I/OsdMonitorService( 1733): setOsdStatus() : status will change from true to true
07-05 21:10:00.281 D/PowerManagerService( 1733): setScreenBrightnessOverrideFromWindowManagerInternal done
07-05 21:10:00.281 D/HiNetworkImpl(20334): doHttp_Asyn(): onReqResponse isSuccessful = true, back from thread: main
07-05 21:10:00.284 D/PowerManagerService( 1733): setScreenBrightnessOverrideFromWindowManagerInternal done
07-05 21:10:00.285 I/ActivityManager( 1733): Displayed com.hisense.hicloud.edca/.mediaplayer.activity.DetailPlayActivity: +426ms
07-05 21:10:00.292 I/SurfaceFlinger( 1204): the layer SurfaceView is used to close xc and zorder is smallerest! clear region
07-05 21:10:00.293 D/PowerManagerService( 1733): setScreenBrightnessOverrideFromWindowManagerInternal done
07-05 21:10:00.297 I/SurfaceView(20334): Changes: creating=false format=false size=false visible=true left=false top=false
07-05 21:10:00.298 I/SurfaceView(20334): Cur surface: Surface(name=null)/@0x1f41ebf3
07-05 21:10:00.299 D/OsdMonitorService( 1733): mCurrentWindow = com.hisense.hicloud.edca/com.hisense.hicloud.edca.mediaplayer.activity.DetailPlayActivity; newWindow = com.hisense.hicloud.edca/com.hisense.hicloud.edca.mediaplayer.activity.DetailPlayActivity; isSubWindow = false; isInWinList = false; isExitNow = false
07-05 21:10:00.299 D/OsdMonitorService( 1733): windowNotOsd() : name = com.hisense.hicloud.edca/com.hisense.hicloud.edca.mediaplayer.activity.DetailPlayActivity
07-05 21:10:00.299 I/OsdMonitorService( 1733): setOsdStatus() : status will change from true to true
07-05 21:10:00.302 I/art     (20334): Background sticky concurrent mark sweep GC freed 9046(551KB) AllocSpace objects, 5(451KB) LOS objects, 4% free, 32MB/34MB, paused 6.635ms total 44.381ms
07-05 21:10:00.302 D/PowerManagerService( 1733): setScreenBrightnessOverrideFromWindowManagerInternal done
07-05 21:10:00.304 I/SurfaceView(20334): New surface: Surface(name=null)/@0x15e7b0b0, vis=false, frame=Rect(418, 205 - 1234, 665)
07-05 21:10:00.304 I/SurfaceView(20334): visibleChanged -- surfaceDestroyed
07-05 21:10:00.305 D/Carousel-UrlVideoView(20334): surfaceDestroyed
07-05 21:10:00.305 D/Surface (20334): onStatusChange() : mNativeObject = 0 mUseImageHwRender = false
07-05 21:10:00.305 V/SurfaceView(20334): Layout: x=418 y=205 w=816 h=460, frame=Rect(0, 0 - 816, 460)
07-05 21:10:00.332 I/SurfaceFlinger( 1204): the layer SurfaceView is used to close xc and zorder is smallerest! clear region
07-05 21:10:00.335 D/OsdMonitorService( 1733): mCurrentWindow = com.hisense.hicloud.edca/com.hisense.hicloud.edca.mediaplayer.activity.DetailPlayActivity; newWindow = com.hisense.hicloud.edca/com.hisense.hicloud.edca.mediaplayer.activity.DetailPlayActivity; isSubWindow = false; isInWinList = false; isExitNow = false
07-05 21:10:00.335 D/OsdMonitorService( 1733): windowNotOsd() : name = com.hisense.hicloud.edca/com.hisense.hicloud.edca.mediaplayer.activity.DetailPlayActivity
07-05 21:10:00.335 I/OsdMonitorService( 1733): setOsdStatus() : status will change from true to true
07-05 21:10:00.336 D/PowerManagerService( 1733): setScreenBrightnessOverrideFromWindowManagerInternal done
07-05 21:10:00.339 D/Surface (20334): onStatusChange() : mNativeObject = 0 mUseImageHwRender = false
07-05 21:10:00.342 I/SurfaceFlinger( 1204): the layer SurfaceView is used to close xc and zorder is smallerest! clear region
07-05 21:10:00.346 D/PowerManagerService( 1733): releaseWakeLockInternal: lock=681732318 [ActivityManager-Launch], flags=0x0
07-05 21:10:00.346 D/PowerManagerNotifier( 1733): onWakeLockReleased: flags=1, tag="ActivityManager-Launch", packageName=android, ownerUid=1000, ownerPid=1733, workSource=null
07-05 21:10:00.358 D/hwcomposer( 1204): lastHWWindowInfo is dirty
07-05 21:10:00.359 I/SurfaceFlinger( 1204): the layer SurfaceView is used to close xc and zorder is smallerest! clear region
07-05 21:10:00.376 I/SurfaceFlinger( 1204): the layer SurfaceView is used to close xc and zorder is smallerest! clear region
07-05 21:10:00.392 I/SurfaceFlinger( 1204): the layer SurfaceView is used to close xc and zorder is smallerest! clear region
07-05 21:10:00.403 I/HiNetworkImpl(20334): doHttp_Asyn(): onSuccess clazz = class com.hisense.sdk.domain.DetailsPage, back from thread: main
07-05 21:10:00.403 I/DetailPlayActivity(20334): mFinishHttpTime : 9041975 436
07-05 21:10:00.409 D/til@system( 2026): til_get_system_param option:1000007 int:-1936522368, bool:128, ret:0
07-05 21:10:00.410 D/til@system( 2026): til_get_system_param option:1000009 int:-1936525184, bool:128, ret:0
07-05 21:10:00.411 D/til@system( 2026): til_get_system_param option:1000008 int:-1815634176, bool:0, ret:0
07-05 21:10:00.411 D/HiSDKLogReport(20334): getOperationDetail-productName : LED50MU8600UC
07-05 21:10:00.411 D/HiSDKLogReport(20334): getOperationDetail-plmNumber : 88888
07-05 21:10:00.411 D/HiSDKLogReport(20334): getOperationDetail-swVersion : V0000.00.01A
07-05 21:10:00.411 D/HiSDKLogReport(20334): getOperationDetail-operationDetail : LED50MU8600UC0000888
07-05 21:10:00.412 D/HiSDKLogReport(20334): processLogReport-log : {eventType=110, appKey=1182445233, APPVersionName=3.0.0.9.00, devid=86100300900000500000060a4818fca8, mac=a8:a6:48:18:fc:a8, uuid=13287129, accessToken=72DF6038D2AEAB8A76DFBBBBCC428A4A_002135517509624, APIversion=501, logversion=2.0, devType=0, APPPackage=com.hisense.hicloud.edca, eventPos=002, requesttime=1499260200411, customerId=7195320, value2=, eventMessage=HttpConnection, value1=436, model_id=0, ChannelId=0, version=00.002.003, tv_distribute_id=00, subscriberId=13287129, APIVersion=600, PFAPPCode=652, softwareVersion=LED50MU8600UC0000888}
07-05 21:10:00.412 D/DetailPlayActivity(20334): detailpage result is:com.hisense.sdk.domain.DetailsPage@334a79f0
07-05 21:10:00.413 I/SurfaceFlinger( 1204): the layer SurfaceView is used to close xc and zorder is smallerest! clear region
07-05 21:10:00.421 D/til@system( 2026): til_get_system_param option:1000007 int:-1936523008, bool:0, ret:0
07-05 21:10:00.422 W/System.err(20334): java.net.ConnectException: failed to connect to /10.18.210.112 (port 8900) after 6000ms: isConnected failed: ECONNREFUSED (Connection refused)
07-05 21:10:00.422 W/System.err(20334): 	at libcore.io.IoBridge.isConnected(IoBridge.java:238)
07-05 21:10:00.422 W/System.err(20334): 	at libcore.io.IoBridge.connectErrno(IoBridge.java:171)
07-05 21:10:00.422 W/System.err(20334): 	at libcore.io.IoBridge.connect(IoBridge.java:122)
07-05 21:10:00.422 W/System.err(20334): 	at java.net.PlainSocketImpl.connect(PlainSocketImpl.java:183)
07-05 21:10:00.422 W/System.err(20334): 	at java.net.PlainSocketImpl.connect(PlainSocketImpl.java:456)
07-05 21:10:00.422 W/System.err(20334): 	at java.net.Socket.connect(Socket.java:882)
07-05 21:10:00.423 W/System.err(20334): 	at com.android.okhttp.internal.Platform.connectSocket(Platform.java:174)
07-05 21:10:00.423 W/System.err(20334): 	at com.android.okhttp.Connection.connect(Connection.java:152)
07-05 21:10:00.423 W/System.err(20334): 	at com.android.okhttp.internal.http.HttpEngine.connect(HttpEngine.java:276)
07-05 21:10:00.423 W/System.err(20334): 	at com.android.okhttp.internal.http.HttpEngine.sendRequest(HttpEngine.java:211)
07-05 21:10:00.423 W/System.err(20334): 	at com.android.okhttp.internal.http.HttpURLConnectionImpl.execute(HttpURLConnectionImpl.java:382)
07-05 21:10:00.423 W/System.err(20334): 	at com.android.okhttp.internal.http.HttpURLConnectionImpl.connect(HttpURLConnectionImpl.java:106)
07-05 21:10:00.423 W/System.err(20334): 	at com.hisense.hitv.hicloud.util.ExceptionReport.a(ExceptionReport.java:337)
07-05 21:10:00.423 W/System.err(20334): 	at com.hisense.hitv.hicloud.util.ExceptionReport.a(ExceptionReport.java:39)
07-05 21:10:00.423 W/System.err(20334): 	at com.hisense.hitv.hicloud.util.ExceptionReport$1.run(ExceptionReport.java:83)
07-05 21:10:00.423 W/System.err(20334): 	at java.lang.Thread.run(Thread.java:818)
07-05 21:10:00.423 W/System.err(20334): Caused by: android.system.ErrnoException: isConnected failed: ECONNREFUSED (Connection refused)
07-05 21:10:00.423 W/System.err(20334): 	at libcore.io.IoBridge.isConnected(IoBridge.java:223)
07-05 21:10:00.423 W/System.err(20334): 	... 15 more
07-05 21:10:00.424 D/til@system( 2026): til_get_system_param option:1000009 int:-1936522112, bool:128, ret:0
07-05 21:10:00.425 D/til@system( 2026): til_get_system_param option:1000008 int:-1815633792, bool:128, ret:0
07-05 21:10:00.425 D/HttpDnsUtils(20334): CEXX-getOperationDetail-productName : LED50MU8600UC
07-05 21:10:00.426 D/HttpDnsUtils(20334): CEXX-getOperationDetail-plmNumber : 88888
07-05 21:10:00.426 D/HttpDnsUtils(20334): CEXX-getOperationDetail-swVersion : V0000.00.01A
07-05 21:10:00.426 D/HttpDnsUtils(20334): CEXX-getOperationDetail-operationDetail : LED50MU8600UC0000888
07-05 21:10:00.426 I/SurfaceFlinger( 1204): the layer SurfaceView is used to close xc and zorder is smallerest! clear region
07-05 21:10:00.426 E/NetUtils(20334): encryption --- sign = accessToken=72DF6038D2AEAB8A76DFBBBBCC428A4A_002135517509624&customerId=7195320&devType=0&devid=86100300900000500000060a4818fca8&resourceId=3535&resourceType=0&BDA9F96C98E9D5130A5AFB3411B5F9E0
07-05 21:10:00.426 I/HttpDnsUtils(20334): checkValid- //: --- URL >> http://api.edu.hismarttv.com/payment/api/order/checkValid?resourceId=3535&resourceType=0&devType=0&accessToken=72DF6038D2AEAB8A76DFBBBBCC428A4A_002135517509624&sign=00ee57d9a6af20e07fb29ec5ad412b9e
07-05 21:10:00.429 D/til@system( 2026): til_get_system_param option:1000007 int:-1815632896, bool:0, ret:0
07-05 21:10:00.431 D/til@system( 2026): til_get_system_param option:1000009 int:-1936522368, bool:128, ret:0
07-05 21:10:00.432 D/til@system( 2026): til_get_system_param option:1000008 int:-1936525184, bool:128, ret:0
07-05 21:10:00.432 D/HttpBuilder(20334): getOperationDetail-productName : LED50MU8600UC
07-05 21:10:00.432 D/HttpBuilder(20334): getOperationDetail-plmNumber : 88888
07-05 21:10:00.432 D/HttpBuilder(20334): getOperationDetail-swVersion : V0000.00.01A
07-05 21:10:00.432 D/HttpBuilder(20334): getOperationDetail-operationDetail : LED50MU8600UC0000888
07-05 21:10:00.442 I/SurfaceFlinger( 1204): the layer SurfaceView is used to close xc and zorder is smallerest! clear region
07-05 21:10:00.466 I/SurfaceFlinger( 1204): the layer SurfaceView is used to close xc and zorder is smallerest! clear region
07-05 21:10:00.466 I/HttpBuilder(20334): addUrlPublicParams mUrl ==>http://api.edu.hismarttv.com/payment/api/order/checkValid?resourceId=3535&resourceType=0&devType=0&accessToken=72DF6038D2AEAB8A76DFBBBBCC428A4A_002135517509624&sign=00ee57d9a6af20e07fb29ec5ad412b9e&uuid=13287129&mac=a8:a6:48:18:fc:a8&devid=86100300900000500000060a4818fca8&version=00.002.003&subscriberId=13287129&customerId=7195320&model_id=0&APPPackage=com.hisense.hicloud.edca&PFAPPCode=652&APPVersionName=3.0.0.9.00&ChannelId=0&softwareVersion=LED50MU8600UC0000888&tv_distribute_id=00&APIVersion=600
07-05 21:10:00.483 D/HttpHandler(20334): VerifySignInterCeptor-->request.url()=http://api.edu.hismarttv.com/payment/api/order/checkValid?resourceId=3535&resourceType=0&devType=0&accessToken=72DF6038D2AEAB8A76DFBBBBCC428A4A_002135517509624&sign=00ee57d9a6af20e07fb29ec5ad412b9e&uuid=13287129&mac=a8:a6:48:18:fc:a8&devid=86100300900000500000060a4818fca8&version=00.002.003&subscriberId=13287129&customerId=7195320&model_id=0&APPPackage=com.hisense.hicloud.edca&PFAPPCode=652&APPVersionName=3.0.0.9.00&ChannelId=0&softwareVersion=LED50MU8600UC0000888&tv_distribute_id=00&APIVersion=600
07-05 21:10:00.483 D/HttpHandler(20334): VerifySignInterCeptor-->hostname=api.edu.hismarttv.com
07-05 21:10:00.484 D/HttpHandler(20334): HttpDNS-->hostname=api.edu.hismarttv.com
07-05 21:10:00.485 D/HttpHandler(20334): RAMCache-->hostInfo.getClientTimeStamp()=9026186
07-05 21:10:00.485 D/HttpHandler(20334): RAMCache-->hostInfo.getTtl()=3600
07-05 21:10:00.485 D/HttpHandler(20334): RAMCache-->SystemClock.elapsedRealtime()=9042057
07-05 21:10:00.489 D/HttpHandler(20334): DNSHelper-->gslbDns=["123.103.91.123"]
07-05 21:10:00.490 I/SurfaceFlinger( 1204): the layer SurfaceView is used to close xc and zorder is smallerest! clear region
07-05 21:10:00.509 I/SurfaceFlinger( 1204): the layer SurfaceView is used to close xc and zorder is smallerest! clear region
07-05 21:10:00.523 D/OkHttp  (20334): --> GET http://api.edu.hismarttv.com/payment/api/order/checkValid?resourceId=3535&resourceType=0&devType=0&accessToken=72DF6038D2AEAB8A76DFBBBBCC428A4A_002135517509624&sign=00ee57d9a6af20e07fb29ec5ad412b9e&uuid=13287129&mac=a8:a6:48:18:fc:a8&devid=86100300900000500000060a4818fca8&version=00.002.003&subscriberId=13287129&customerId=7195320&model_id=0&APPPackage=com.hisense.hicloud.edca&PFAPPCode=652&APPVersionName=3.0.0.9.00&ChannelId=0&softwareVersion=LED50MU8600UC0000888&tv_distribute_id=00&APIVersion=600 http/1.1
07-05 21:10:00.523 D/OkHttp  (20334): Data_Type: JSON
07-05 21:10:00.523 D/OkHttp  (20334): RetryTime: 0
07-05 21:10:00.523 D/OkHttp  (20334): Backoffmutiplier: 0
07-05 21:10:00.523 D/OkHttp  (20334): Host: api.edu.hismarttv.com
07-05 21:10:00.523 D/OkHttp  (20334): Connection: Keep-Alive
07-05 21:10:00.523 D/OkHttp  (20334): Accept-Encoding: gzip
07-05 21:10:00.523 D/OkHttp  (20334): User-Agent: okhttp/3.6.0
07-05 21:10:00.523 D/OkHttp  (20334): --> END GET
07-05 21:10:00.526 I/SurfaceFlinger( 1204): the layer SurfaceView is used to close xc and zorder is smallerest! clear region
07-05 21:10:00.542 I/SurfaceFlinger( 1204): the layer SurfaceView is used to close xc and zorder is smallerest! clear region
07-05 21:10:00.559 I/SurfaceFlinger( 1204): the layer SurfaceView is used to close xc and zorder is smallerest! clear region
07-05 21:10:00.575 I/SurfaceFlinger( 1204): the layer SurfaceView is used to close xc and zorder is smallerest! clear region
07-05 21:10:00.592 I/SurfaceFlinger( 1204): the layer SurfaceView is used to close xc and zorder is smallerest! clear region
07-05 21:10:00.609 I/SurfaceFlinger( 1204): the layer SurfaceView is used to close xc and zorder is smallerest! clear region
07-05 21:10:00.626 I/SurfaceFlinger( 1204): the layer SurfaceView is used to close xc and zorder is smallerest! clear region
07-05 21:10:00.642 I/SurfaceFlinger( 1204): the layer SurfaceView is used to close xc and zorder is smallerest! clear region
07-05 21:10:00.659 I/SurfaceFlinger( 1204): the layer SurfaceView is used to close xc and zorder is smallerest! clear region
07-05 21:10:00.669 I/MiSysSrv( 1214): [37m[INFO] Change to Voltage: 117 mv (0x32)[m
07-05 21:10:00.675 I/SurfaceFlinger( 1204): the layer SurfaceView is used to close xc and zorder is smallerest! clear region
07-05 21:10:00.692 I/SurfaceFlinger( 1204): the layer SurfaceView is used to close xc and zorder is smallerest! clear region
07-05 21:10:00.709 I/SurfaceFlinger( 1204): the layer SurfaceView is used to close xc and zorder is smallerest! clear region
07-05 21:10:00.713 I/TVMW@HsTvSetting( 1234): Trace cmd, data = 0x1058
07-05 21:10:00.713 D/til@system( 2026): til_get_system_param option:100002F int:0, bool:0, ret:0
07-05 21:10:00.713 I/TVMW@HsTvSetting( 1234): Trace cmd, data = 0x101f
07-05 21:10:00.713 D/til@system( 2026): til_get_system_param option:100001D int:3, bool:3, ret:0
07-05 21:10:00.713 E/til     ( 2026): [til_get_current_input_source, 101] 
07-05 21:10:00.713 I/TVMW@HsTvSetting( 1234): Trace cmd, data = 0x7007
07-05 21:10:00.713 I/tilwrapper@sm( 2026): HS2TIL_SourceType *hs=0xd, *til=0x900
07-05 21:10:00.713 D/til     ( 2026): get current source 2304
07-05 21:10:00.713 D/SourceRemoteServiceHandler( 2026): getCurrentInputSource.from.til.result is 0, value is 2304
07-05 21:10:00.713 D/SourceRemoteServiceHandler( 2026): getInputSourceType source: 0x900, type=2304
07-05 21:10:00.714 D/til     ( 2026): ###### func:til_get_picture_param option:0x3000006 ######  
07-05 21:10:00.714 I/TVMW@HsTvSetting( 1234): Trace cmd, data = 0x1003
07-05 21:10:00.714 I/TVMW@HsTvSetting( 1234): Trace cmd, data = 0x8032
07-05 21:10:00.714 I/hstvos  ( 1216): [0m[1;33m[HSHAL][HS_VIDEO][HS_HAL_Video_SetOsdDetect_v2][2389]u16Threshold = 20
07-05 21:10:00.715 I/MiSysSrv( 1214): Not support now! 42, change to mm_video!!!
07-05 21:10:00.715 E/TVMW@videoctrl( 1234):  getOsd is 1
07-05 21:10:00.715 D/til@system( 2026): til_get_system_param option:1000027 int:1, bool:1, ret:0
07-05 21:10:00.715 D/til     ( 2026): ###### func:til_get_picture_param option:0x3000045 ######  
07-05 21:10:00.715 I/TVMW@HsTvSetting( 1234): Trace cmd, data = 0x300c
07-05 21:10:00.715 I/TVMW@HsTvSetting( 1234): Trace 3d, data = 0x300c
07-05 21:10:00.715 I/TVMW@3d ( 1234): Hs_debug3d_trace: func:get3dStatus, line:109
07-05 21:10:00.725 D/OsdMonitorService( 1733): mCurrentWindow = com.hisense.hicloud.edca/com.hisense.hicloud.edca.mediaplayer.activity.DetailPlayActivity; newWindow = com.hisense.hicloud.edca/com.hisense.hicloud.edca.mediaplayer.activity.DetailPlayActivity; isSubWindow = false; isInWinList = false; isExitNow = false
07-05 21:10:00.725 D/OsdMonitorService( 1733): windowNotOsd() : name = com.hisense.hicloud.edca/com.hisense.hicloud.edca.mediaplayer.activity.DetailPlayActivity
07-05 21:10:00.725 I/OsdMonitorService( 1733): setOsdStatus() : status will change from true to true
07-05 21:10:00.727 D/PowerManagerService( 1733): setScreenBrightnessOverrideFromWindowManagerInternal done
07-05 21:10:00.730 D/PowerManagerService( 1733): setScreenBrightnessOverrideFromWindowManagerInternal done
07-05 21:10:00.743 D/PowerManagerService( 1733): setScreenBrightnessOverrideFromWindowManagerInternal done
07-05 21:10:00.756 I/NetflixMonitorService( 1733): current fgapk : com.hisense.hicloud.edca
07-05 21:10:00.756 I/NetflixMonitorService( 1733): Netflix status unchanged
07-05 21:10:00.760 D/gralloc ( 1204): allocate buffer from ION HEAP 0x1
07-05 21:10:00.760 D/gralloc ( 1204): allocate memory from system heap
07-05 21:10:00.771 D/RECREATE(20334): onSaveInstanceState
07-05 21:10:00.772 D/Carousel-CarouselView(20334): onActivityStopped, getSimpleName = HomeMainActivity,hashCode=558015189
07-05 21:10:00.772 D/Carousel-CarouselVideoViewImpl(20334): stopPlay.
07-05 21:10:00.772 D/Carousel-log_video-(20334): onStopPlay!
07-05 21:10:00.772 D/Carousel-log_video-(20334): submitPlayStopLog mLogPlayState:5
07-05 21:10:00.772 D/Carousel-log_video-(20334): No need to repeat play stop log.
07-05 21:10:00.773 I/BaseContentFragment(20334): onStop 
07-05 21:10:00.774 I/BaseContentFragment(20334): onStop UserCenterFragment
07-05 21:10:00.774 D/hwcomposer( 1204): lastHWWindowInfo is dirty
07-05 21:10:00.776 I/BaseContentFragment(20334): onStop 0-2
07-05 21:10:00.776 I/BaseContentFragment(20334): activity onStop
07-05 21:10:00.777 D/test    (20334): vidaaVersion=
07-05 21:10:00.781 D/PowerManagerService( 1733): setScreenBrightnessOverrideFromWindowManagerInternal done
07-05 21:10:00.791 D/gralloc ( 1204): allocate buffer from ION HEAP 0x1
07-05 21:10:00.791 D/gralloc ( 1204): allocate memory from system heap
07-05 21:10:00.824 D/gralloc ( 1204): allocate buffer from ION HEAP 0x1
07-05 21:10:00.824 D/gralloc ( 1204): allocate memory from system heap
07-05 21:10:00.853 D/GlobalInputEventMonitoringService( 1733): interceptKeyBeforeQueueing(), event:111, mNeedMonitorKeyEvent:true, mWaitForKeyUpEvent:false
07-05 21:10:00.853 D/GlobalInputEventMonitoringService( 1733): processKeyEvent(), processKeyEvent event:111
07-05 21:10:00.853 D/WindowManager( 1733): interceptKeyTq keycode=111 interactive=true keyguardActive=false policyFlags=2b000000 isCancled= false
07-05 21:10:00.854 D/PowerManagerService( 1733): userActivityNoUpdateLocked: eventTime=9042424, event=1, flags=0x0, uid=1000
07-05 21:10:00.854 D/WindowManager( 1733): interceptKeyTi keyCode=111 down=true repeatCount=0 keyguardOn=false mHomePressed=false canceled=false
07-05 21:10:00.854 D/WindowManager( 1733): Hisense systemkey event: 111
07-05 21:10:00.854 D/HisenseGlobalKeyManager( 1733): handleGlobalKey() : Global event = KeyEvent { action=ACTION_DOWN, keyCode=KEYCODE_ESCAPE, scanCode=0, metaState=0, flags=0x0, repeatCount=0, eventTime=9042424, downTime=9042424, deviceId=-1, source=0x101 }
07-05 21:10:00.856 D/SogouIME( 2203): [onKeyDown] keycode = 111 model = VIDAA_TV
07-05 21:10:00.857 E/SOGOUIME_JNI( 2203): reset
07-05 21:10:00.859 E/SOGOUIME_JNI( 2203): getCandidates
07-05 21:10:00.861 E/SOGOUIME_JNI( 2203): ime_get_uncommitted_length
07-05 21:10:00.861 E/SOGOUIME_JNI( 2203): getCandidates
07-05 21:10:00.861 D/SogouIME API( 2203): ==============num:32
07-05 21:10:00.861 E/SOGOUIME_JNI( 2203): ime_get_uncommitted_length
07-05 21:10:00.861 D/SogouIME( 2203): mFocusedComponent:30   isHkbEnable:false
07-05 21:10:00.861 E/SOGOUIME_JNI( 2203): ime_get_uncommitted_length
07-05 21:10:00.861 E/SOGOUIME_JNI( 2203): ime_get_committed_length
07-05 21:10:00.861 E/SOGOUIME_JNI( 2203): getComposingInfo
07-05 21:10:00.861 E/SOGOUIME_JNI( 2203): getComposingInfo
07-05 21:10:00.861 E/SOGOUIME_JNI( 2203): getCorrectInfo
07-05 21:10:00.861 E/SOGOUIME_JNI( 2203): getComposingInfo
07-05 21:10:00.863 I/DetailPlayActivity(20334): sunliqin,dispatchKeyEvent:get currnet focus:nullevent kecode111
07-05 21:10:00.864 D/WindowManager( 1733): Unhandled key: win=Window{267a9060 u0 com.hisense.hicloud.edca/com.hisense.hicloud.edca.mediaplayer.activity.DetailPlayActivity}, action=0, flags=0, keyCode=111, scanCode=0, metaState=0, repeatCount=0, policyFlags=1795162112
07-05 21:10:00.864 D/WindowManager( 1733): Fallback: keyCode=4 metaState=0
07-05 21:10:00.864 D/WindowManager( 1733): interceptKeyTq keycode=4 interactive=true keyguardActive=false policyFlags=6b000000 isCancled= false
07-05 21:10:00.864 D/WindowManager( 1733): interceptKeyTi keyCode=4 down=true repeatCount=0 keyguardOn=false mHomePressed=false canceled=false
07-05 21:10:00.864 D/WindowManager( 1733): Hisense systemkey event: 4
07-05 21:10:00.864 D/HisenseGlobalKeyManager( 1733): handleGlobalKey() : Global event = KeyEvent { action=ACTION_DOWN, keyCode=KEYCODE_BACK, scanCode=0, metaState=0, flags=0x400, repeatCount=0, eventTime=9042424, downTime=9042424, deviceId=-1, source=0x101 }
07-05 21:10:00.864 D/WindowManager( 1733): Performing fallback: KeyEvent { action=ACTION_DOWN, keyCode=KEYCODE_BACK, scanCode=0, metaState=0, flags=0x400, repeatCount=0, eventTime=9042424, downTime=9042424, deviceId=-1, source=0x101 }
07-05 21:10:00.866 D/SogouIME( 2203): [onKeyDown] keycode = 4 model = VIDAA_TV
07-05 21:10:00.883 E/SOGOUIME_JNI( 2203): reset
07-05 21:10:00.883 E/SOGOUIME_JNI( 2203): getCandidates
07-05 21:10:00.884 E/SOGOUIME_JNI( 2203): ime_get_uncommitted_length
07-05 21:10:00.884 E/SOGOUIME_JNI( 2203): getCandidates
07-05 21:10:00.884 D/SogouIME API( 2203): ==============num:32
07-05 21:10:00.884 E/SOGOUIME_JNI( 2203): ime_get_uncommitted_length
07-05 21:10:00.884 D/SogouIME( 2203): mFocusedComponent:30   isHkbEnable:false
07-05 21:10:00.884 E/SOGOUIME_JNI( 2203): ime_get_uncommitted_length
07-05 21:10:00.884 E/SOGOUIME_JNI( 2203): ime_get_committed_length
07-05 21:10:00.884 E/SOGOUIME_JNI( 2203): getComposingInfo
07-05 21:10:00.884 E/SOGOUIME_JNI( 2203): getComposingInfo
07-05 21:10:00.884 E/SOGOUIME_JNI( 2203): getCorrectInfo
07-05 21:10:00.884 E/SOGOUIME_JNI( 2203): getComposingInfo
07-05 21:10:00.888 I/DetailPlayActivity(20334): sunliqin,dispatchKeyEvent:get currnet focus:nullevent kecode4
07-05 21:10:00.890 D/GlobalInputEventMonitoringService( 1733): interceptKeyBeforeQueueing(), event:111, mNeedMonitorKeyEvent:true, mWaitForKeyUpEvent:false
07-05 21:10:00.890 D/GlobalInputEventMonitoringService( 1733): processKeyEvent(), processKeyEvent event:111
07-05 21:10:00.890 D/WindowManager( 1733): interceptKeyTq keycode=111 interactive=true keyguardActive=false policyFlags=2b000000 isCancled= false
07-05 21:10:00.891 D/WindowManager( 1733): interceptKeyTi keyCode=111 down=false repeatCount=0 keyguardOn=false mHomePressed=false canceled=false
07-05 21:10:00.891 D/WindowManager( 1733): Hisense systemkey event: 111
07-05 21:10:00.891 D/HisenseGlobalKeyManager( 1733): handleGlobalKey() : Global event = KeyEvent { action=ACTION_UP, keyCode=KEYCODE_ESCAPE, scanCode=0, metaState=0, flags=0x0, repeatCount=0, eventTime=9042424, downTime=9042424, deviceId=-1, source=0x101 }
07-05 21:10:00.900 I/DetailPlayActivity(20334): sunliqin,dispatchKeyEvent:get currnet focus:nullevent kecode111
07-05 21:10:00.901 D/WindowManager( 1733): Unhandled key: win=Window{267a9060 u0 com.hisense.hicloud.edca/com.hisense.hicloud.edca.mediaplayer.activity.DetailPlayActivity}, action=1, flags=0, keyCode=111, scanCode=0, metaState=0, repeatCount=0, policyFlags=1795162112
07-05 21:10:00.901 D/WindowManager( 1733): Fallback: keyCode=4 metaState=0
07-05 21:10:00.901 D/WindowManager( 1733): interceptKeyTq keycode=4 interactive=true keyguardActive=false policyFlags=6b000000 isCancled= false
07-05 21:10:00.901 D/WindowManager( 1733): interceptKeyTi keyCode=4 down=false repeatCount=0 keyguardOn=false mHomePressed=false canceled=false
07-05 21:10:00.901 D/WindowManager( 1733): Hisense systemkey event: 4
07-05 21:10:00.901 D/HisenseGlobalKeyManager( 1733): handleGlobalKey() : Global event = KeyEvent { action=ACTION_UP, keyCode=KEYCODE_BACK, scanCode=0, metaState=0, flags=0x400, repeatCount=0, eventTime=9042424, downTime=9042424, deviceId=-1, source=0x101 }
07-05 21:10:00.901 D/WindowManager( 1733): Performing fallback: KeyEvent { action=ACTION_UP, keyCode=KEYCODE_BACK, scanCode=0, metaState=0, flags=0x400, repeatCount=0, eventTime=9042424, downTime=9042424, deviceId=-1, source=0x101 }
07-05 21:10:00.904 I/DetailPlayActivity(20334): sunliqin,dispatchKeyEvent:get currnet focus:nullevent kecode4
07-05 21:10:00.907 D/OsdMonitorService( 1733): mCurrentWindow = com.hisense.hicloud.edca/com.hisense.hicloud.edca.mediaplayer.activity.DetailPlayActivity; newWindow = com.hisense.hicloud.edca/com.hisense.hicloud.edca.mediaplayer.activity.DetailPlayActivity; isSubWindow = false; isInWinList = false; isExitNow = false
07-05 21:10:00.907 D/OsdMonitorService( 1733): windowNotOsd() : name = com.hisense.hicloud.edca/com.hisense.hicloud.edca.mediaplayer.activity.DetailPlayActivity
07-05 21:10:00.907 I/OsdMonitorService( 1733): setOsdStatus() : status will change from true to true
07-05 21:10:00.908 I/UsageStatsService( 1733): paused component:com.hisense.hicloud.edca
07-05 21:10:00.908 V/UsageStatsService( 1733): Paused: 9042479   Component: com.hisense.hicloud.edca/com.hisense.hicloud.edca.mediaplayer.activity.DetailPlayActivity   Time: 1499260200908 LastSessionTime: 1044 CumulativeSessionTime: 2474467
07-05 21:10:00.908 D/UsageStatsService( 1733): UsageStats: broadcasting intent
07-05 21:10:00.909 W/ContextImpl( 1733): Calling a method in the system process without a qualified user: android.app.ContextImpl.sendBroadcast:1327 com.android.server.usage.UsageStatsService.insertUsageStats:1104 com.android.server.usage.UsageStatsService$PkgUsageStatsExtended.updatePause:979 com.android.server.usage.UsageStatsService$LocalService.notePauseComponent:808 com.android.server.am.ActivityManagerService.updateUsageStats:3173 
07-05 21:10:00.910 D/PowerManagerService( 1733): acquireWakeLockInternal: lock=681732318, flags=0x1, tag="ActivityManager-Launch", ws=null, uid=1000, pid=1733
07-05 21:10:00.910 D/PowerManagerNotifier( 1733): onWakeLockAcquired: flags=1, tag="ActivityManager-Launch", packageName=android, ownerUid=1000, ownerPid=1733, workSource=null
07-05 21:10:00.911 D/UsageStatsService( 1733): User[0] Got usage event for com.hisense.hicloud.edca[1499260200908]: MOVE_TO_BACKGROUND
07-05 21:10:00.913 I/ReportService( 3281): Intent received, action = android.intent.action.INSERT
07-05 21:10:00.915 I/ReportService( 3281): modelName is VIDAA_TV
07-05 21:10:00.915 E/til     ( 2026): [til_get_current_input_source, 101] 
07-05 21:10:00.916 I/TVMW@HsTvSetting( 1234): Trace cmd, data = 0x7007
07-05 21:10:00.916 I/tilwrapper@sm( 2026): HS2TIL_SourceType *hs=0xd, *til=0x900
07-05 21:10:00.916 D/til     ( 2026): get current source 2304
07-05 21:10:00.916 D/SourceRemoteServiceHandler( 2026): getCurrentInputSource.from.til.result is 0, value is 2304
07-05 21:10:00.916 D/SourceRemoteServiceHandler( 2026): getInputSourceType source: 0x900, type=2304
07-05 21:10:00.917 I/ReportService( 3281): getCurIntputSource2304
07-05 21:10:00.917 E/til     ( 2026): [til_get_current_input_source, 101] 
07-05 21:10:00.917 I/TVMW@HsTvSetting( 1234): Trace cmd, data = 0x7007
07-05 21:10:00.917 I/tilwrapper@sm( 2026): HS2TIL_SourceType *hs=0xd, *til=0x900
07-05 21:10:00.917 D/til     ( 2026): get current source 2304
07-05 21:10:00.917 D/SourceRemoteServiceHandler( 2026): getCurrentInputSource.from.til.result is 0, value is 2304
07-05 21:10:00.917 D/SourceRemoteServiceHandler( 2026): getInputSourceType source: 0x900, type=2304
07-05 21:10:00.918 I/ReportService( 3281): siloName isnull
07-05 21:10:00.918 V/PackageManager( 1733): getPackageInfo com.hisense.hicloud.edca: Package{3fb3f3a1 com.hisense.hicloud.edca}
07-05 21:10:00.919 I/ReportService( 3281): HiReport string sent out is:1.5|3|86100300900000500000060a4818fca8|1499260199|1499260200|com.hisense.hicloud.edca|3.0.0.9.00|8
07-05 21:10:00.919 W/ReportService( 3281): enter InsertUserBehaviorDataReportTask  mUri = content://com.hisense.hitv.hicloud.log/loginput mContentValues = lastsessiondurationtime=1044 LOGVALUE=1.5|3|86100300900000500000060a4818fca8|1499260199|1499260200|com.hisense.hicloud.edca|3.0.0.9.00|8 operation=P time=1499260200908 package=com.hisense.hicloud.edca cumulativesessiondurationtime=2474467 versioncode=652 lastupdatetime=1499256171569 _id=null type=APPRUN component=com.hisense.hicloud.edca.mediaplayer.activity.DetailPlayActivity mContext == com.hisense.hireport.ReportService@3a75cda9mType == 95
07-05 21:10:00.920 I/ReportService( 3281): enter doInBackground*****
07-05 21:10:00.920 D/DetailPlayActivity(20334): ---------------------------onpause
07-05 21:10:00.925 I/ActivityManager( 1733): TR16) TaskRecord{2c58b88 #5110 A=com.hisense.hicloud.edca U=0 sz=2}
07-05 21:10:00.925 I/ActivityManager( 1733): TR15) TaskRecord{2a9cddbe #5109 A=com.jamdeo.launcher U=0 sz=1}
07-05 21:10:00.927 I/UsageStatsService( 1733): resumed component name is ComponentInfo{com.hisense.hicloud.edca/com.hisense.tvui.newhome.HomeMainActivity}
07-05 21:10:00.927 I/UsageStatsService( 1733): started component:com.hisense.hicloud.edca
07-05 21:10:00.927 V/PackageManager( 1733): getPackageInfo com.hisense.hicloud.edca: Package{3fb3f3a1 com.hisense.hicloud.edca}
07-05 21:10:00.927 V/UsageStatsService( 1733): Resumed: 9042498   Component: com.hisense.hicloud.edca/com.hisense.tvui.newhome.HomeMainActivity   Time: 1499260200927 VersionCode: 652   LastUpdateTime: 1499256171569
07-05 21:10:00.927 D/UsageStatsService( 1733): User[0] Got usage event for com.hisense.hicloud.edca[1499260200927]: MOVE_TO_FOREGROUND
07-05 21:10:00.927 D/UsageStatsService( 1733): UsageStats: broadcasting intent
07-05 21:10:00.928 W/ContextImpl( 1733): Calling a method in the system process without a qualified user: android.app.ContextImpl.sendBroadcast:1327 com.android.server.usage.UsageStatsService.insertUsageStats:1104 com.android.server.usage.UsageStatsService$PkgUsageStatsExtended.updateResume:962 com.android.server.usage.UsageStatsService$LocalService.noteResumeComponent:759 com.android.server.am.ActivityManagerService.updateUsageStats:3164 
07-05 21:10:00.930 D/PowerManagerService( 1733): setScreenBrightnessOverrideFromWindowManagerInternal done
07-05 21:10:00.936 I/ReportService( 3281): Intent received, action = android.intent.action.INSERT
07-05 21:10:00.937 I/ReportService( 3281): modelName is VIDAA_TV
07-05 21:10:00.937 E/til     ( 2026): [til_get_current_input_source, 101] 
07-05 21:10:00.938 I/TVMW@HsTvSetting( 1234): Trace cmd, data = 0x7007
07-05 21:10:00.938 I/tilwrapper@sm( 2026): HS2TIL_SourceType *hs=0xd, *til=0x900
07-05 21:10:00.938 D/til     ( 2026): get current source 2304
07-05 21:10:00.938 D/SourceRemoteServiceHandler( 2026): getCurrentInputSource.from.til.result is 0, value is 2304
07-05 21:10:00.938 D/SourceRemoteServiceHandler( 2026): getInputSourceType source: 0x900, type=2304
07-05 21:10:00.938 I/ReportService( 3281): getCurIntputSource2304
07-05 21:10:00.939 E/til     ( 2026): [til_get_current_input_source, 101] 
07-05 21:10:00.939 I/TVMW@HsTvSetting( 1234): Trace cmd, data = 0x7007
07-05 21:10:00.939 I/tilwrapper@sm( 2026): HS2TIL_SourceType *hs=0xd, *til=0x900
07-05 21:10:00.939 D/til     ( 2026): get current source 2304
07-05 21:10:00.939 D/SourceRemoteServiceHandler( 2026): getCurrentInputSource.from.til.result is 0, value is 2304
07-05 21:10:00.939 D/SourceRemoteServiceHandler( 2026): getInputSourceType source: 0x900, type=2304
07-05 21:10:00.940 I/ReportService( 3281): siloName isnull
07-05 21:10:00.940 V/PackageManager( 1733): getPackageInfo com.hisense.hicloud.edca: Package{3fb3f3a1 com.hisense.hicloud.edca}
07-05 21:10:00.941 I/ReportService( 3281): HiReport string sent out is:1.5|3|86100300900000500000060a4818fca8|1499260200|0|com.hisense.hicloud.edca|3.0.0.9.00|8
07-05 21:10:00.941 W/ReportService( 3281): enter InsertUserBehaviorDataReportTask  mUri = content://com.hisense.hitv.hicloud.log/loginput mContentValues = lastsessiondurationtime=1044 LOGVALUE=1.5|3|86100300900000500000060a4818fca8|1499260200|0|com.hisense.hicloud.edca|3.0.0.9.00|8 operation=R time=1499260200927 package=com.hisense.hicloud.edca cumulativesessiondurationtime=2474467 versioncode=652 lastupdatetime=1499256171569 _id=null type=APPRUN component=com.hisense.tvui.newhome.HomeMainActivity mContext == com.hisense.hireport.ReportService@3a75cda9mType == 95
07-05 21:10:00.946 D/PowerManagerService( 1733): setScreenBrightnessOverrideFromWindowManagerInternal done
07-05 21:10:00.953 I/BaseContentFragment(20334): activity onRestart
07-05 21:10:00.953 I/SoftFragmentList(20334): fetchCacheFragment  enter ---- index = 2
07-05 21:10:00.953 D/SoftFragmentList(20334): fetchCacheFragment  mFragmentCache.size() = 3
07-05 21:10:00.953 D/SoftFragmentList(20334): fetchCacheFragment mLastIndex = 2, view = 
07-05 21:10:00.953 I/BaseContentFragment(20334): onRestart 
07-05 21:10:00.955 D/Carousel-CarouselView(20334): onActivityStarted, getSimpleName = HomeMainActivity,hashCode=558015189
07-05 21:10:00.955 I/BaseContentFragment(20334): onStart 
07-05 21:10:00.958 D/HttpHandler(20334): VerifySignInterCeptor-->request.url()=http://picture.edu.hismarttv.com/images/
07-05 21:10:00.958 D/HttpHandler(20334): VerifySignInterCeptor-->hostname=picture.edu.hismarttv.com
07-05 21:10:00.959 D/OkHttp  (20334): --> GET http://picture.edu.hismarttv.com/images/ http/1.1
07-05 21:10:00.960 D/OkHttp  (20334): Host: picture.edu.hismarttv.com
07-05 21:10:00.960 D/OkHttp  (20334): Connection: Keep-Alive
07-05 21:10:00.960 D/OkHttp  (20334): Accept-Encoding: gzip
07-05 21:10:00.960 D/OkHttp  (20334): User-Agent: okhttp/3.6.0
07-05 21:10:00.960 D/OkHttp  (20334): --> END GET
07-05 21:10:00.961 I/BaseContentFragment(20334): onStart UserCenterFragment
07-05 21:10:00.965 I/BaseContentFragment(20334): onStart 0-2
07-05 21:10:00.969 I/BaseContentFragment(20334): activity onStart
07-05 21:10:00.969 D/test    (20334): vidaaVersion=
07-05 21:10:00.970 D/Carousel-CarouselView(20334): onActivityResumed, getSimpleName = HomeMainActivity,hashCode=558015189
07-05 21:10:00.970 W/Activity(20334): changePanelKeyPadStateIfNecessary() : false
07-05 21:10:00.970 V/InputManager(20334): setPanelKeyPadConvertState() : false
07-05 21:10:00.971 I/BaseContentFragment(20334): activity onResume
07-05 21:10:00.971 I/CurrentCarouselView(20334): onCarouseControlCarouselControlBean{mShoudScroll=false, mActivityHasResume=true, mActivityHasStop=false, mHasTurnGone=false, mHasTurnVisible=false, mChannelId=-1, mSlideOffset=0.0, mShouldSelectCenter=false, mTabOpen=false, mHoriPosStatus=None, mVerPosStatus=None, mLevelStatus=None},isPlayingfalse,channelId=0
07-05 21:10:00.971 I/ReportService( 3281): result is content://com.hisense.hitv.hicloud.log/loginput/1
07-05 21:10:00.971 I/CurrentCarouselView(20334): isCanStartPlay,mIsInPagetrue,isOutHorizontal=false,isOutVer=true,isplaying=false
07-05 21:10:00.971 I/BaseContentFragment(20334): onResume 
07-05 21:10:00.971 I/ReportService( 3281): enter doInBackground*****
07-05 21:10:00.971 I/BaseContentFragment(20334): onResume UserCenterFragment
07-05 21:10:00.971 I/BaseContentFragment(20334): onResume 0-2
07-05 21:10:00.979 I/ReportService( 3281): enter onPostExecute result is: true
07-05 21:10:00.984 I/SurfaceView(20334): Changes: creating=false format=false size=false visible=true left=false top=false
07-05 21:10:00.984 I/SurfaceView(20334): Cur surface: Surface(name=null)/@0x1f41ebf3
07-05 21:10:00.987 D/Surface ( 1733): onStatusChange() : mNativeObject = 547942810624 mUseImageHwRender = false
07-05 21:10:00.987 V/Surface ( 1733): nativeSetHardwareRender() : status = 0
07-05 21:10:00.987 V/Surface ( 1733): nativeSetHardwareRender() : end
07-05 21:10:00.989 D/PowerManagerService( 1733): setScreenBrightnessOverrideFromWindowManagerInternal done
07-05 21:10:00.990 D/Surface ( 1733): onStatusChange() : mNativeObject = 0 mUseImageHwRender = false
07-05 21:10:00.993 D/Surface (20334): onStatusChange() : mNativeObject = -195828992 mUseImageHwRender = false
07-05 21:10:00.993 V/Surface (20334): nativeSetHardwareRender() : status = 0
07-05 21:10:00.993 V/Surface (20334): nativeSetHardwareRender() : end
07-05 21:10:00.993 I/SurfaceView(20334): New surface: Surface(name=null)/@0x15e7b0b0, vis=true, frame=Rect(418, 205 - 1234, 665)
07-05 21:10:00.993 D/Surface (20334): onStatusChange() : mNativeObject = 0 mUseImageHwRender = false
07-05 21:10:00.993 D/Surface (20334): onStatusChange() : mNativeObject = -195828992 mUseImageHwRender = false
07-05 21:10:00.993 V/Surface (20334): nativeSetHardwareRender() : status = 0
07-05 21:10:00.993 V/Surface (20334): nativeSetHardwareRender() : end
07-05 21:10:00.993 I/SurfaceView(20334): visibleChanged -- surfaceCreated
07-05 21:10:00.993 D/Carousel-UrlVideoView(20334): surfaceCreated
07-05 21:10:00.995 D/Carousel-UrlVideoView(20334): openVideo
07-05 21:10:00.996 V/MediaPlayer-JNI(20334): native_setup
07-05 21:10:00.996 I/ReportService( 3281): result is content://com.hisense.hitv.hicloud.log/loginput/1
07-05 21:10:00.996 I/ReportService( 3281): enter onPostExecute result is: true
07-05 21:10:00.997 V/AudioFlinger( 1206): acquiring 260 from 20334, for -1
07-05 21:10:00.997 V/AudioFlinger( 1206):  added new entry for 260
07-05 21:10:00.997 V/MediaPlayer-JNI(20334): set_session_id(): 258
07-05 21:10:00.998 V/AudioFlinger( 1206): acquiring 258 from 20334, for -1
07-05 21:10:00.998 V/AudioFlinger( 1206):  added new entry for 258
07-05 21:10:00.998 V/AudioFlinger( 1206): releasing 260 from 20334 for -1
07-05 21:10:00.998 V/AudioFlinger( 1206):  decremented refcount to 0
07-05 21:10:00.998 V/AudioFlinger( 1206): purging stale effects
07-05 21:10:00.998 D/Carousel-Utils(20334): origin url is : http://jhxvideo-ws.video-tx.com/rendition/201705/205989353451683841/205989353451684353/bb/243216185158536196/243216215223308548/r243216215223308548-3200k-1920x1080.mp4
07-05 21:10:00.998 D/Carousel-Utils(20334): time=1499260199
07-05 21:10:00.998 D/Carousel-UrlVideoView(20334): encryptUrlIfNecessary url=http://jhxvideo-ws.video-tx.com/rendition/201705/205989353451683841/205989353451684353/bb/243216185158536196/243216215223308548/r243216215223308548-3200k-1920x1080.mp4?wsSecret=c41f8f7e2ba81e0931a71f8eea9b35cc&wsTime=595ce527
07-05 21:10:00.999 D/MediaPlayer(20334): Couldn't open file on client side, trying server side
07-05 21:10:00.999 V/MediaPlayer-JNI(20334): setDataSource: path http://jhxvideo-ws.video-tx.com/rendition/201705/205989353451683841/205989353451684353/bb/243216185158536196/243216215223308548/r243216215223308548-3200k-1920x1080.mp4?wsSecret=c41f8f7e2ba81e0931a71f8eea9b35cc&wsTime=595ce527
07-05 21:10:01.000 V/NuPlayer( 1206): [NuPlayer-264]
07-05 21:10:01.000 I/NuPlayer( 1206): NuPlayerRMClientListener::NuPlayerRMClientListener
07-05 21:10:01.000 V/RMClient( 1206): #150:RMClient
07-05 21:10:01.001 V/NuPlayer( 1206): kWhatSetAudioSink
07-05 21:10:01.001 V/NuPlayer( 1206): kWhatSetDataSource
07-05 21:10:01.001 V/NuPlayer( 1206): kWhatSetVideoNativeWindow
07-05 21:10:01.001 W/ALooperRoster( 1206): failed to post message. Target handler 0 still registered, but object gone.
07-05 21:10:01.002 V/NuPlayer( 1206): performSetSurface
07-05 21:10:01.002 V/MediaPlayer-JNI(20334): setAudioStreamType: 3
07-05 21:10:01.002 E/MediaPlayer-JNI(20334): android_media_MediaPlayer_prepareAsync call getSubtitleSurface
07-05 21:10:01.002 E/MediaPlayer-JNI(20334): android_media_MediaPlayer_prepareAsync call setSubtitleSurfaceTexture
07-05 21:10:01.002 E/        (20334): setSubtitleSurfaceTexture
07-05 21:10:01.002 I/SurfaceView(20334): surfaceChanged -- format=4 w=1920 h=1080
07-05 21:10:01.002 D/Carousel-UrlVideoView(20334): surfaceChanged
07-05 21:10:01.002 D/Carousel-UrlVideoView(20334): isValidState:false,hasValidSize:true
07-05 21:10:01.002 D/Carousel-UrlVideoView(20334): mVideoWidth:1920,mVideoHeight:1080,w:1920,h:1080
07-05 21:10:01.004 V/SurfaceView(20334): Layout: x=418 y=205 w=816 h=460, frame=Rect(0, 0 - 816, 460)
07-05 21:10:01.004 D/MediaHTTPConnection(20334): connect: uri=http://jhxvideo-ws.video-tx.com/rendition/201705/205989353451683841/205989353451684353/bb/243216185158536196/243216215223308548/r243216215223308548-3200k-1920x1080.mp4?wsSecret=c41f8f7e2ba81e0931a71f8eea9b35cc&wsTime=595ce527, headers=User-Agent: stagefright/1.2 (Linux;Android 5.1.1)
07-05 21:10:01.005 D/MediaHTTPConnection(20334): seekTo 0
07-05 21:10:01.006 D/MediaHTTPConnection(20334): hitting http://jhxvideo-ws.video-tx.com/rendition/201705/205989353451683841/205989353451684353/bb/243216185158536196/243216215223308548/r243216215223308548-3200k-1920x1080.mp4?wsSecret=c41f8f7e2ba81e0931a71f8eea9b35cc&wsTime=595ce527
07-05 21:10:01.007 D/Surface ( 1733): onStatusChange() : mNativeObject = 547819111936 mUseImageHwRender = false
07-05 21:10:01.007 V/Surface ( 1733): nativeSetHardwareRender() : status = 0
07-05 21:10:01.007 V/Surface ( 1733): nativeSetHardwareRender() : end
07-05 21:10:01.010 D/OsdMonitorService( 1733): mCurrentWindow = com.hisense.hicloud.edca/com.hisense.hicloud.edca.mediaplayer.activity.DetailPlayActivity; newWindow = com.hisense.hicloud.edca/com.hisense.tvui.newhome.HomeMainActivity; isSubWindow = false; isInWinList = false; isExitNow = false
07-05 21:10:01.010 D/OsdMonitorService( 1733): windowNotOsd() : name = com.hisense.hicloud.edca/com.hisense.tvui.newhome.HomeMainActivity
07-05 21:10:01.010 I/OsdMonitorService( 1733): setOsdStatus() : status will change from true to true
07-05 21:10:01.012 D/PowerManagerService( 1733): setScreenBrightnessOverrideFromWindowManagerInternal done
07-05 21:10:01.017 D/Surface ( 1733): onStatusChange() : mNativeObject = 0 mUseImageHwRender = false
07-05 21:10:01.017 D/Surface (20334): onStatusChange() : mNativeObject = -539568640 mUseImageHwRender = false
07-05 21:10:01.018 V/Surface (20334): nativeSetHardwareRender() : status = 0
07-05 21:10:01.018 V/Surface (20334): nativeSetHardwareRender() : end
07-05 21:10:01.021 D/gralloc ( 1204): allocate buffer from ION HEAP 0x1
07-05 21:10:01.021 D/gralloc ( 1204): allocate memory from system heap
07-05 21:10:01.026 D/gralloc ( 1204): allocate buffer from ION HEAP 0x1
07-05 21:10:01.026 D/gralloc ( 1204): allocate memory from system heap
07-05 21:10:01.028 D/gralloc ( 1204): allocate buffer from ION HEAP 0x1
07-05 21:10:01.029 D/gralloc ( 1204): allocate memory from system heap
07-05 21:10:01.031 I/SurfaceView(20334): Changes: creating=false format=false size=false visible=false left=false top=false
07-05 21:10:01.031 I/SurfaceView(20334): Cur surface: Surface(name=null)/@0x1f41ebf3
07-05 21:10:01.033 D/Surface ( 1733): onStatusChange() : mNativeObject = 547942810624 mUseImageHwRender = false
07-05 21:10:01.033 V/Surface ( 1733): nativeSetHardwareRender() : status = 0
07-05 21:10:01.033 V/Surface ( 1733): nativeSetHardwareRender() : end
07-05 21:10:01.033 D/OsdMonitorService( 1733): mCurrentWindow = com.hisense.hicloud.edca/com.hisense.tvui.newhome.HomeMainActivity; newWindow = com.hisense.hicloud.edca/com.hisense.tvui.newhome.HomeMainActivity; isSubWindow = false; isInWinList = false; isExitNow = false
07-05 21:10:01.033 D/OsdMonitorService( 1733): windowNotOsd() : name = com.hisense.hicloud.edca/com.hisense.tvui.newhome.HomeMainActivity
07-05 21:10:01.033 I/OsdMonitorService( 1733): setOsdStatus() : status will change from true to true
07-05 21:10:01.034 D/PowerManagerService( 1733): setScreenBrightnessOverrideFromWindowManagerInternal done
