07-05 23:41:14.211 V/SurfaceView( 6517): Layout: x=421 y=205 w=816 h=460, frame=Rect(0, 0 - 816, 460)
07-05 23:41:14.214 I/MainHomeView( 6517): onPanelSlide0.015267176---leftï¼š154
07-05 23:41:14.214 I/CurrentCarouselView( 6517): onCarouseControlCarouselControlBean{mShoudScroll=true, mActivityHasResume=false, mActivityHasStop=false, mHasTurnGone=false, mHasTurnVisible=false, mChannelId=-1, mSlideOffset=0.015267176, mShouldSelectCenter=false, mTabOpen=false, mHoriPosStatus=None, mVerPosStatus=None, mLevelStatus=None},isPlayingtrue,channelId=0
07-05 23:41:14.214 I/CurrentCarouselView( 6517): is not the current page
07-05 23:41:14.214 I/CurrentCarouselView( 6517): do scroll
07-05 23:41:14.214 D/Carousel-CarouselView( 6517): smoothScroll.
07-05 23:41:14.214 D/Carousel-CarouselDisplayPlayerLayout( 6517): isFullScreen:false
07-05 23:41:14.215 D/TabView ( 6517): onReceiveSlidingOffset ===>:0.015267176
07-05 23:41:14.221 D/Carousel-CarouselDisplayPlayerLayout( 6517): x=382, y=167,w=892,h=536, hashCode=589875792
07-05 23:41:14.221 D/Carousel-CarouselDisplayPlayerLayout( 6517): mX=383, mY=167,mWitdh=892,mHeight=536, hashCode=589875792
07-05 23:41:14.221 D/Carousel-CarouselDisplayPlayerLayout( 6517): changed=true, hashCode=589875792
07-05 23:41:14.221 D/Carousel-Utils( 6517): x=382,y=167, width=892,height=536
07-05 23:41:14.221 D/Carousel-CarouselDisplayPlayerLayout( 6517): x=382, y=167,w=892,h=536, hashCode=589875792
07-05 23:41:14.221 D/Carousel-CarouselDisplayPlayerLayout( 6517): mX=382, mY=167,mWitdh=892,mHeight=536, hashCode=589875792
07-05 23:41:14.221 D/Carousel-CarouselDisplayPlayerLayout( 6517): changed=false, hashCode=589875792
07-05 23:41:14.221 D/Carousel-CarouselDisplayPlayerLayout( 6517): extraTryCount=0
07-05 23:41:14.221 D/Carousel-CarouselDisplayPlayerLayout( 6517): x=382, y=167,w=892,h=536, hashCode=589875792
07-05 23:41:14.221 D/Carousel-CarouselDisplayPlayerLayout( 6517): mX=382, mY=167,mWitdh=892,mHeight=536, hashCode=589875792
07-05 23:41:14.221 D/Carousel-CarouselDisplayPlayerLayout( 6517): changed=false, hashCode=589875792
07-05 23:41:14.221 D/Carousel-CarouselDisplayPlayerLayout( 6517): extraTryCount=1
07-05 23:41:14.223 E/hwcomposer( 1204): Overlay 0 size changeed src {1920 1080} -> {1920, 1080} crop{0.000000 0.000000 1920.000000 1080.000000}->{0.000000 0.000000 1920.000000 1080.000000} dst{426 205 1242 665}->{421 205 1237 665}
07-05 23:41:14.223 D/Carousel-CarouselDisplayPlayerLayout( 6517): x=382, y=167,w=892,h=536, hashCode=589875792
07-05 23:41:14.223 D/Carousel-CarouselDisplayPlayerLayout( 6517): mX=382, mY=167,mWitdh=892,mHeight=536, hashCode=589875792
07-05 23:41:14.223 D/Carousel-CarouselDisplayPlayerLayout( 6517): changed=false, hashCode=589875792
07-05 23:41:14.224 D/Carousel-CarouselDisplayPlayerLayout( 6517): extraTryCount=2
07-05 23:41:14.224 D/Carousel-CarouselDisplayPlayerLayout( 6517): x=382, y=167,w=892,h=536, hashCode=589875792
07-05 23:41:14.224 D/Carousel-CarouselDisplayPlayerLayout( 6517): mX=382, mY=167,mWitdh=892,mHeight=536, hashCode=589875792
07-05 23:41:14.224 D/Carousel-CarouselDisplayPlayerLayout( 6517): changed=false, hashCode=589875792
07-05 23:41:14.224 D/Carousel-CarouselDisplayPlayerLayout( 6517): extraTryCount=3
07-05 23:41:14.225 I/Carousel-UrlVideoView( 6517): onMeasure(MeasureSpec: EXACTLY 816, MeasureSpec: EXACTLY 460)
07-05 23:41:14.225 D/Carousel-UrlVideoView( 6517): widthSpecMode=1073741824
07-05 23:41:14.225 D/Carousel-UrlVideoView( 6517): heightSpecMode=1073741824
07-05 23:41:14.225 D/Carousel-UrlVideoView( 6517): widthSpecSize=816
07-05 23:41:14.226 D/Carousel-UrlVideoView( 6517): heightSpecSize=460
07-05 23:41:14.226 I/Carousel-UrlVideoView( 6517): onMeasure(MeasureSpec: EXACTLY 816, MeasureSpec: EXACTLY 460)
07-05 23:41:14.226 D/Carousel-UrlVideoView( 6517): widthSpecMode=1073741824
07-05 23:41:14.226 D/Carousel-UrlVideoView( 6517): heightSpecMode=1073741824
07-05 23:41:14.226 D/Carousel-UrlVideoView( 6517): widthSpecSize=816
07-05 23:41:14.226 D/Carousel-UrlVideoView( 6517): heightSpecSize=460
07-05 23:41:14.226 I/SurfaceView( 6517): Changes: creating=false format=false size=false visible=false left=true top=false
07-05 23:41:14.227 I/SurfaceView( 6517): Cur surface: Surface(name=null)/@0x39d4e87b
07-05 23:41:14.228 D/Surface ( 1733): onStatusChange() : mNativeObject = 547819097600 mUseImageHwRender = false
07-05 23:41:14.229 V/Surface ( 1733): nativeSetHardwareRender() : status = 0
07-05 23:41:14.229 V/Surface ( 1733): nativeSetHardwareRender() : end
07-05 23:41:14.230 D/PowerManagerService( 1733): setScreenBrightnessOverrideFromWindowManagerInternal done
07-05 23:41:14.233 D/Surface ( 1733): onStatusChange() : mNativeObject = 0 mUseImageHwRender = false
07-05 23:41:14.234 D/Surface ( 6517): onStatusChange() : mNativeObject = -195827200 mUseImageHwRender = false
07-05 23:41:14.234 V/Surface ( 6517): nativeSetHardwareRender() : status = 0
07-05 23:41:14.234 V/Surface ( 6517): nativeSetHardwareRender() : end
07-05 23:41:14.235 I/SurfaceView( 6517): New surface: Surface(name=null)/@0x33df6ef1, vis=true, frame=Rect(420, 205 - 1236, 665)
07-05 23:41:14.235 D/Surface ( 6517): onStatusChange() : mNativeObject = 0 mUseImageHwRender = false
07-05 23:41:14.235 D/Surface ( 6517): onStatusChange() : mNativeObject = -195827200 mUseImageHwRender = false
07-05 23:41:14.235 V/Surface ( 6517): nativeSetHardwareRender() : status = 0
07-05 23:41:14.235 V/Surface ( 6517): nativeSetHardwareRender() : end
07-05 23:41:14.236 V/SurfaceView( 6517): Layout: x=420 y=205 w=816 h=460, frame=Rect(0, 0 - 816, 460)
07-05 23:41:14.243 I/MainHomeView( 6517): onPanelSlide0.007633588---leftï¼š153
07-05 23:41:14.243 I/CurrentCarouselView( 6517): onCarouseControlCarouselControlBean{mShoudScroll=true, mActivityHasResume=false, mActivityHasStop=false, mHasTurnGone=false, mHasTurnVisible=false, mChannelId=-1, mSlideOffset=0.007633588, mShouldSelectCenter=false, mTabOpen=false, mHoriPosStatus=None, mVerPosStatus=None, mLevelStatus=None},isPlayingtrue,channelId=0
07-05 23:41:14.243 I/CurrentCarouselView( 6517): is not the current page
07-05 23:41:14.243 I/CurrentCarouselView( 6517): do scroll
07-05 23:41:14.243 D/Carousel-CarouselView( 6517): smoothScroll.
07-05 23:41:14.243 D/Carousel-CarouselDisplayPlayerLayout( 6517): isFullScreen:false
07-05 23:41:14.243 D/TabView ( 6517): onReceiveSlidingOffset ===>:0.007633588
07-05 23:41:14.244 I/TVMW@HsTvSetting( 1234): Trace cmd, data = 0x1058
07-05 23:41:14.245 D/til@system( 2026): til_get_system_param option:100002F int:0, bool:0, ret:0
07-05 23:41:14.245 I/TVMW@HsTvSetting( 1234): Trace cmd, data = 0x101f
07-05 23:41:14.245 D/til@system( 2026): til_get_system_param option:100001D int:3, bool:3, ret:0
07-05 23:41:14.245 E/til     ( 2026): [til_get_current_input_source, 101] 
07-05 23:41:14.247 D/Carousel-CarouselDisplayPlayerLayout( 6517): x=381, y=167,w=892,h=536, hashCode=589875792
07-05 23:41:14.247 D/Carousel-CarouselDisplayPlayerLayout( 6517): mX=382, mY=167,mWitdh=892,mHeight=536, hashCode=589875792
07-05 23:41:14.247 D/Carousel-CarouselDisplayPlayerLayout( 6517): changed=true, hashCode=589875792
07-05 23:41:14.247 D/Carousel-Utils( 6517): x=381,y=167, width=892,height=536
07-05 23:41:14.247 D/Carousel-CarouselDisplayPlayerLayout( 6517): x=381, y=167,w=892,h=536, hashCode=589875792
07-05 23:41:14.247 D/Carousel-CarouselDisplayPlayerLayout( 6517): mX=381, mY=167,mWitdh=892,mHeight=536, hashCode=589875792
07-05 23:41:14.247 D/Carousel-CarouselDisplayPlayerLayout( 6517): changed=false, hashCode=589875792
07-05 23:41:14.247 D/Carousel-CarouselDisplayPlayerLayout( 6517): extraTryCount=0
07-05 23:41:14.247 D/Carousel-CarouselDisplayPlayerLayout( 6517): x=381, y=167,w=892,h=536, hashCode=589875792
07-05 23:41:14.248 D/Carousel-CarouselDisplayPlayerLayout( 6517): mX=381, mY=167,mWitdh=892,mHeight=536, hashCode=589875792
07-05 23:41:14.248 D/Carousel-CarouselDisplayPlayerLayout( 6517): changed=false, hashCode=589875792
07-05 23:41:14.248 D/Carousel-CarouselDisplayPlayerLayout( 6517): extraTryCount=1
07-05 23:41:14.248 D/Carousel-CarouselDisplayPlayerLayout( 6517): x=381, y=167,w=892,h=536, hashCode=589875792
07-05 23:41:14.248 D/Carousel-CarouselDisplayPlayerLayout( 6517): mX=381, mY=167,mWitdh=892,mHeight=536, hashCode=589875792
07-05 23:41:14.248 D/Carousel-CarouselDisplayPlayerLayout( 6517): changed=false, hashCode=589875792
07-05 23:41:14.248 D/Carousel-CarouselDisplayPlayerLayout( 6517): extraTryCount=2
07-05 23:41:14.248 D/Carousel-CarouselDisplayPlayerLayout( 6517): x=381, y=167,w=892,h=536, hashCode=589875792
07-05 23:41:14.248 D/Carousel-CarouselDisplayPlayerLayout( 6517): mX=381, mY=167,mWitdh=892,mHeight=536, hashCode=589875792
07-05 23:41:14.248 D/Carousel-CarouselDisplayPlayerLayout( 6517): changed=false, hashCode=589875792
07-05 23:41:14.248 D/Carousel-CarouselDisplayPlayerLayout( 6517): extraTryCount=3
07-05 23:41:14.248 D/Carousel-CarouselDisplayPlayerLayout( 6517): x=381, y=167,w=892,h=536, hashCode=589875792
07-05 23:41:14.248 D/Carousel-CarouselDisplayPlayerLayout( 6517): mX=381, mY=167,mWitdh=892,mHeight=536, hashCode=589875792
07-05 23:41:14.248 D/Carousel-CarouselDisplayPlayerLayout( 6517): changed=false, hashCode=589875792
07-05 23:41:14.248 D/Carousel-CarouselDisplayPlayerLayout( 6517): extraTryCount=4
07-05 23:41:14.249 I/TVMW@HsTvSetting( 1234): Trace cmd, data = 0x7007
07-05 23:41:14.249 I/tilwrapper@sm( 2026): HS2TIL_SourceType *hs=0xd, *til=0x900
07-05 23:41:14.249 D/til     ( 2026): get current source 2304
07-05 23:41:14.249 D/SourceRemoteServiceHandler( 2026): getCurrentInputSource.from.til.result is 0, value is 2304
07-05 23:41:14.249 D/SourceRemoteServiceHandler( 2026): getInputSourceType source: 0x900, type=2304
07-05 23:41:14.250 D/til     ( 2026): ###### func:til_get_picture_param option:0x3000006 ######  
07-05 23:41:14.250 I/TVMW@HsTvSetting( 1234): Trace cmd, data = 0x1003
07-05 23:41:14.254 I/TVMW@HsTvSetting( 1234): Trace cmd, data = 0x8032
07-05 23:41:14.255 I/hstvos  ( 1216): [0m[1;33m[HSHAL][HS_VIDEO][HS_HAL_Video_SetOsdDetect_v2][2389]u16Threshold = 20
07-05 23:41:14.255 I/Carousel-UrlVideoView( 6517): onMeasure(MeasureSpec: EXACTLY 816, MeasureSpec: EXACTLY 460)
07-05 23:41:14.255 D/Carousel-UrlVideoView( 6517): widthSpecMode=1073741824
07-05 23:41:14.255 D/Carousel-UrlVideoView( 6517): heightSpecMode=1073741824
07-05 23:41:14.256 D/Carousel-UrlVideoView( 6517): widthSpecSize=816
07-05 23:41:14.256 D/Carousel-UrlVideoView( 6517): heightSpecSize=460
07-05 23:41:14.256 I/Carousel-UrlVideoView( 6517): onMeasure(MeasureSpec: EXACTLY 816, MeasureSpec: EXACTLY 460)
07-05 23:41:14.256 D/Carousel-UrlVideoView( 6517): widthSpecMode=1073741824
07-05 23:41:14.256 D/Carousel-UrlVideoView( 6517): heightSpecMode=1073741824
07-05 23:41:14.256 D/Carousel-UrlVideoView( 6517): widthSpecSize=816
07-05 23:41:14.256 D/Carousel-UrlVideoView( 6517): heightSpecSize=460
07-05 23:41:14.256 I/SurfaceView( 6517): Changes: creating=false format=false size=false visible=false left=true top=false
07-05 23:41:14.256 I/SurfaceView( 6517): Cur surface: Surface(name=null)/@0x39d4e87b
07-05 23:41:14.257 E/hwcomposer( 1204): Overlay 0 size changeed src {1920 1080} -> {1920, 1080} crop{0.000000 0.000000 1920.000000 1080.000000}->{0.000000 0.000000 1920.000000 1080.000000} dst{421 205 1237 665}->{420 205 1236 665}
07-05 23:41:14.257 D/Surface ( 1733): onStatusChange() : mNativeObject = 547819097600 mUseImageHwRender = false
07-05 23:41:14.257 V/Surface ( 1733): nativeSetHardwareRender() : status = 0
07-05 23:41:14.257 V/Surface ( 1733): nativeSetHardwareRender() : end
07-05 23:41:14.260 D/PowerManagerService( 1733): setScreenBrightnessOverrideFromWindowManagerInternal done
07-05 23:41:14.260 E/TVMW@videoctrl( 1234):  getOsd is 1
07-05 23:41:14.261 D/til@system( 2026): til_get_system_param option:1000027 int:1, bool:1, ret:0
07-05 23:41:14.261 D/til     ( 2026): ###### func:til_get_picture_param option:0x3000045 ######  
07-05 23:41:14.263 I/TVMW@HsTvSetting( 1234): Trace cmd, data = 0x300c
07-05 23:41:14.263 D/Surface ( 1733): onStatusChange() : mNativeObject = 0 mUseImageHwRender = false
07-05 23:41:14.263 I/TVMW@HsTvSetting( 1234): Trace 3d, data = 0x300c
07-05 23:41:14.263 I/TVMW@3d ( 1234): Hs_debug3d_trace: func:get3dStatus, line:109
07-05 23:41:14.264 D/Surface ( 6517): onStatusChange() : mNativeObject = -540815872 mUseImageHwRender = false
07-05 23:41:14.264 V/Surface ( 6517): nativeSetHardwareRender() : status = 0
07-05 23:41:14.264 V/Surface ( 6517): nativeSetHardwareRender() : end
07-05 23:41:14.264 I/SurfaceView( 6517): New surface: Surface(name=null)/@0x33df6ef1, vis=true, frame=Rect(419, 205 - 1235, 665)
07-05 23:41:14.264 D/Surface ( 6517): onStatusChange() : mNativeObject = 0 mUseImageHwRender = false
07-05 23:41:14.264 D/Surface ( 6517): onStatusChange() : mNativeObject = -540815872 mUseImageHwRender = false
07-05 23:41:14.264 V/Surface ( 6517): nativeSetHardwareRender() : status = 0
07-05 23:41:14.264 V/Surface ( 6517): nativeSetHardwareRender() : end
07-05 23:41:14.265 V/SurfaceView( 6517): Layout: x=419 y=205 w=816 h=460, frame=Rect(0, 0 - 816, 460)
07-05 23:41:14.267 I/MainHomeView( 6517): onPanelSlide0.0---leftï¼š152
07-05 23:41:14.267 I/CurrentCarouselView( 6517): onCarouseControlCarouselControlBean{mShoudScroll=true, mActivityHasResume=false, mActivityHasStop=false, mHasTurnGone=false, mHasTurnVisible=false, mChannelId=-1, mSlideOffset=0.0, mShouldSelectCenter=false, mTabOpen=false, mHoriPosStatus=None, mVerPosStatus=None, mLevelStatus=None},isPlayingtrue,channelId=0
07-05 23:41:14.267 I/CurrentCarouselView( 6517): is not the current page
07-05 23:41:14.267 I/CurrentCarouselView( 6517): do scroll
07-05 23:41:14.267 D/Carousel-CarouselView( 6517): smoothScroll.
07-05 23:41:14.267 D/Carousel-CarouselDisplayPlayerLayout( 6517): isFullScreen:false
07-05 23:41:14.267 D/TabView ( 6517): onReceiveSlidingOffset ===>:0.0
07-05 23:41:14.269 I/MiSysSrv( 1214): [37m[INFO] Change to Voltage: 117 mv (0x32)[m
07-05 23:41:14.269 D/Carousel-CarouselDisplayPlayerLayout( 6517): x=380, y=167,w=892,h=536, hashCode=589875792
07-05 23:41:14.269 D/Carousel-CarouselDisplayPlayerLayout( 6517): mX=381, mY=167,mWitdh=892,mHeight=536, hashCode=589875792
07-05 23:41:14.269 D/Carousel-CarouselDisplayPlayerLayout( 6517): changed=true, hashCode=589875792
07-05 23:41:14.270 D/Carousel-Utils( 6517): x=380,y=167, width=892,height=536
07-05 23:41:14.270 D/Carousel-CarouselDisplayPlayerLayout( 6517): x=380, y=167,w=892,h=536, hashCode=589875792
07-05 23:41:14.270 D/Carousel-CarouselDisplayPlayerLayout( 6517): mX=380, mY=167,mWitdh=892,mHeight=536, hashCode=589875792
07-05 23:41:14.270 D/Carousel-CarouselDisplayPlayerLayout( 6517): changed=false, hashCode=589875792
07-05 23:41:14.270 D/Carousel-CarouselDisplayPlayerLayout( 6517): extraTryCount=0
07-05 23:41:14.270 D/Carousel-CarouselDisplayPlayerLayout( 6517): x=380, y=167,w=892,h=536, hashCode=589875792
07-05 23:41:14.270 D/Carousel-CarouselDisplayPlayerLayout( 6517): mX=380, mY=167,mWitdh=892,mHeight=536, hashCode=589875792
07-05 23:41:14.270 D/Carousel-CarouselDisplayPlayerLayout( 6517): changed=false, hashCode=589875792
07-05 23:41:14.270 D/Carousel-CarouselDisplayPlayerLayout( 6517): extraTryCount=1
07-05 23:41:14.270 D/Carousel-CarouselDisplayPlayerLayout( 6517): x=380, y=167,w=892,h=536, hashCode=589875792
07-05 23:41:14.270 D/Carousel-CarouselDisplayPlayerLayout( 6517): mX=380, mY=167,mWitdh=892,mHeight=536, hashCode=589875792
07-05 23:41:14.270 D/Carousel-CarouselDisplayPlayerLayout( 6517): changed=false, hashCode=589875792
07-05 23:41:14.270 D/Carousel-CarouselDisplayPlayerLayout( 6517): extraTryCount=2
07-05 23:41:14.270 D/Carousel-CarouselDisplayPlayerLayout( 6517): x=380, y=167,w=892,h=536, hashCode=589875792
07-05 23:41:14.270 D/Carousel-CarouselDisplayPlayerLayout( 6517): mX=380, mY=167,mWitdh=892,mHeight=536, hashCode=589875792
07-05 23:41:14.270 D/Carousel-CarouselDisplayPlayerLayout( 6517): changed=false, hashCode=589875792
07-05 23:41:14.270 D/Carousel-CarouselDisplayPlayerLayout( 6517): extraTryCount=3
07-05 23:41:14.270 D/Carousel-CarouselDisplayPlayerLayout( 6517): x=380, y=167,w=892,h=536, hashCode=589875792
07-05 23:41:14.276 D/Carousel-CarouselDisplayPlayerLayout( 6517): mX=380, mY=167,mWitdh=892,mHeight=536, hashCode=589875792
07-05 23:41:14.276 D/Carousel-CarouselDisplayPlayerLayout( 6517): changed=false, hashCode=589875792
07-05 23:41:14.276 D/Carousel-CarouselDisplayPlayerLayout( 6517): extraTryCount=4
07-05 23:41:14.276 D/Carousel-CarouselDisplayPlayerLayout( 6517): x=380, y=167,w=892,h=536, hashCode=589875792
07-05 23:41:14.276 D/Carousel-CarouselDisplayPlayerLayout( 6517): mX=380, mY=167,mWitdh=892,mHeight=536, hashCode=589875792
07-05 23:41:14.276 D/Carousel-CarouselDisplayPlayerLayout( 6517): changed=false, hashCode=589875792
07-05 23:41:14.276 D/Carousel-CarouselDisplayPlayerLayout( 6517): extraTryCount=5
07-05 23:41:14.277 I/Carousel-UrlVideoView( 6517): onMeasure(MeasureSpec: EXACTLY 816, MeasureSpec: EXACTLY 460)
07-05 23:41:14.277 D/Carousel-UrlVideoView( 6517): widthSpecMode=1073741824
07-05 23:41:14.278 D/Carousel-UrlVideoView( 6517): heightSpecMode=1073741824
07-05 23:41:14.278 D/Carousel-UrlVideoView( 6517): widthSpecSize=816
07-05 23:41:14.278 D/Carousel-UrlVideoView( 6517): heightSpecSize=460
07-05 23:41:14.278 I/Carousel-UrlVideoView( 6517): onMeasure(MeasureSpec: EXACTLY 816, MeasureSpec: EXACTLY 460)
07-05 23:41:14.278 D/Carousel-UrlVideoView( 6517): widthSpecMode=1073741824
07-05 23:41:14.278 D/Carousel-UrlVideoView( 6517): heightSpecMode=1073741824
07-05 23:41:14.278 D/Carousel-UrlVideoView( 6517): widthSpecSize=816
07-05 23:41:14.278 D/Carousel-UrlVideoView( 6517): heightSpecSize=460
07-05 23:41:14.279 I/SurfaceView( 6517): Changes: creating=false format=false size=false visible=false left=true top=false
07-05 23:41:14.279 I/SurfaceView( 6517): Cur surface: Surface(name=null)/@0x39d4e87b
07-05 23:41:14.280 D/Surface ( 1733): onStatusChange() : mNativeObject = 547819097600 mUseImageHwRender = false
07-05 23:41:14.280 V/Surface ( 1733): nativeSetHardwareRender() : status = 0
07-05 23:41:14.280 V/Surface ( 1733): nativeSetHardwareRender() : end
07-05 23:41:14.282 D/PowerManagerService( 1733): setScreenBrightnessOverrideFromWindowManagerInternal done
07-05 23:41:14.284 D/Surface ( 1733): onStatusChange() : mNativeObject = 0 mUseImageHwRender = false
07-05 23:41:14.285 D/Surface ( 6517): onStatusChange() : mNativeObject = -195827200 mUseImageHwRender = false
07-05 23:41:14.285 V/Surface ( 6517): nativeSetHardwareRender() : status = 0
07-05 23:41:14.285 V/Surface ( 6517): nativeSetHardwareRender() : end
07-05 23:41:14.286 I/SurfaceView( 6517): New surface: Surface(name=null)/@0x33df6ef1, vis=true, frame=Rect(418, 205 - 1234, 665)
07-05 23:41:14.286 D/Surface ( 6517): onStatusChange() : mNativeObject = 0 mUseImageHwRender = false
07-05 23:41:14.286 D/Surface ( 6517): onStatusChange() : mNativeObject = -195827200 mUseImageHwRender = false
07-05 23:41:14.286 V/Surface ( 6517): nativeSetHardwareRender() : status = 0
07-05 23:41:14.286 V/Surface ( 6517): nativeSetHardwareRender() : end
07-05 23:41:14.288 V/SurfaceView( 6517): Layout: x=418 y=205 w=816 h=460, frame=Rect(0, 0 - 816, 460)
07-05 23:41:14.290 E/hwcomposer( 1204): Overlay 0 size changeed src {1920 1080} -> {1920, 1080} crop{0.000000 0.000000 1920.000000 1080.000000}->{0.000000 0.000000 1920.000000 1080.000000} dst{420 205 1236 665}->{419 205 1235 665}
07-05 23:41:14.295 D/Carousel-CarouselDisplayPlayerLayout( 6517): x=380, y=167,w=892,h=536, hashCode=589875792
07-05 23:41:14.295 D/Carousel-CarouselDisplayPlayerLayout( 6517): mX=380, mY=167,mWitdh=892,mHeight=536, hashCode=589875792
07-05 23:41:14.295 D/Carousel-CarouselDisplayPlayerLayout( 6517): changed=false, hashCode=589875792
07-05 23:41:14.295 D/Carousel-CarouselDisplayPlayerLayout( 6517): extraTryCount=6
07-05 23:41:14.295 I/MainHomeView( 6517): onPanelClosed---leftï¼š152
07-05 23:41:14.303 D/Carousel-CarouselDisplayPlayerLayout( 6517): x=380, y=167,w=892,h=536, hashCode=589875792
07-05 23:41:14.303 D/Carousel-CarouselDisplayPlayerLayout( 6517): mX=380, mY=167,mWitdh=892,mHeight=536, hashCode=589875792
07-05 23:41:14.303 D/Carousel-CarouselDisplayPlayerLayout( 6517): changed=false, hashCode=589875792
07-05 23:41:14.303 D/Carousel-CarouselDisplayPlayerLayout( 6517): extraTryCount=7
07-05 23:41:14.303 D/Carousel-CarouselDisplayPlayerLayout( 6517): x=380, y=167,w=892,h=536, hashCode=589875792
07-05 23:41:14.303 D/Carousel-CarouselDisplayPlayerLayout( 6517): mX=380, mY=167,mWitdh=892,mHeight=536, hashCode=589875792
07-05 23:41:14.303 D/Carousel-CarouselDisplayPlayerLayout( 6517): changed=false, hashCode=589875792
07-05 23:41:14.303 D/Carousel-CarouselDisplayPlayerLayout( 6517): extraTryCount=8
07-05 23:41:14.303 D/Carousel-CarouselDisplayPlayerLayout( 6517): x=380, y=167,w=892,h=536, hashCode=589875792
07-05 23:41:14.303 D/Carousel-CarouselDisplayPlayerLayout( 6517): mX=380, mY=167,mWitdh=892,mHeight=536, hashCode=589875792
07-05 23:41:14.303 D/Carousel-CarouselDisplayPlayerLayout( 6517): changed=false, hashCode=589875792
07-05 23:41:14.303 D/Carousel-CarouselDisplayPlayerLayout( 6517): extraTryCount=9
07-05 23:41:14.303 D/Carousel-CarouselDisplayPlayerLayout( 6517): x=380, y=167,w=892,h=536, hashCode=589875792
07-05 23:41:14.303 D/Carousel-CarouselDisplayPlayerLayout( 6517): mX=380, mY=167,mWitdh=892,mHeight=536, hashCode=589875792
07-05 23:41:14.303 D/Carousel-CarouselDisplayPlayerLayout( 6517): changed=false, hashCode=589875792
07-05 23:41:14.303 D/Carousel-CarouselDisplayPlayerLayout( 6517): isFullScreen:false
07-05 23:41:14.303 D/Carousel-CarouselView( 6517): ===========>mDisplayPlayerLayout.getVisibility()=4
07-05 23:41:14.303 D/Carousel-CarouselView( 6517): ===========>onScrollEnd
07-05 23:41:14.304 D/Carousel-Utils( 6517): x=380,y=167, width=892,height=536
07-05 23:41:14.304 D/Carousel-CarouselView( 6517): isOutScreen:false
07-05 23:41:14.307 E/hwcomposer( 1204): Overlay 0 size changeed src {1920 1080} -> {1920, 1080} crop{0.000000 0.000000 1920.000000 1080.000000}->{0.000000 0.000000 1920.000000 1080.000000} dst{419 205 1235 665}->{418 205 1234 665}
07-05 23:41:14.310 I/MyFragmentStateAdapter( 6517): getCount
07-05 23:41:14.310 I/MyFragmentStateAdapter( 6517): getCount
07-05 23:41:14.310 I/MyFragmentStateAdapter( 6517): getCount
07-05 23:41:14.310 I/MyFragmentStateAdapter( 6517): getCount
07-05 23:41:14.313 D/Surface ( 1733): onStatusChange() : mNativeObject = 547942742528 mUseImageHwRender = false
07-05 23:41:14.313 V/Surface ( 1733): nativeSetHardwareRender() : status = 0
07-05 23:41:14.313 V/Surface ( 1733): nativeSetHardwareRender() : end
07-05 23:41:14.315 D/PowerManagerService( 1733): acquireWakeLockInternal: lock=487931605, flags=0x2000000a, tag="WindowManager", ws=WorkSource{10010}, uid=1000, pid=1733
07-05 23:41:14.315 D/PowerManagerNotifier( 1733): onWakeLockAcquired: flags=536870922, tag="WindowManager", packageName=android, ownerUid=1000, ownerPid=1733, workSource=WorkSource{10010}
07-05 23:41:14.315 D/PowerManagerService( 1733): setScreenBrightnessOverrideFromWindowManagerInternal done
07-05 23:41:14.318 D/Surface ( 1733): onStatusChange() : mNativeObject = 0 mUseImageHwRender = false
07-05 23:41:14.320 I/FirstLineAdapter( 6517): canShowTrailer,isOffline=false
07-05 23:41:14.321 I/FirstLineAdapter( 6517): canShowTrailer,isOffline=false
07-05 23:41:14.322 I/FirstLineAdapter( 6517): canShowTrailer,isOffline=false
07-05 23:41:14.322 I/FirstLineAdapter( 6517): canShowTrailer,isOffline=false
07-05 23:41:14.322 I/FirstLineAdapter( 6517): canShowTrailer,isOffline=false
07-05 23:41:14.327 I/FirstLineAdapter( 6517): canShowTrailer,isOffline=false
07-05 23:41:14.327 I/FirstLineAdapter( 6517): canShowTrailer,isOffline=false
07-05 23:41:14.327 I/FirstLineAdapter( 6517): canShowTrailer,isOffline=false
07-05 23:41:14.327 I/FirstLineAdapter( 6517): canShowTrailer,isOffline=false
07-05 23:41:14.332 I/MyFragmentStateAdapter( 6517): getCount
07-05 23:41:14.335 I/NetflixMonitorService( 1733): current fgapk : com.hisense.hicloud.edca
07-05 23:41:14.335 I/NetflixMonitorService( 1733): Netflix status unchanged
07-05 23:41:14.348 I/TVMW@devctrl( 1234): wdt
07-05 23:41:14.357 D/hwcomposer( 1204): Overlay [0] do size change!
07-05 23:41:14.357 D/vsyncbridge( 1204): [0] handle_thread thread got msg 0x2, mState = 3
07-05 23:41:14.357 D/vsyncbridge( 1204): Overlay 0 Resize, mState = 0x3, 0, disp[418 205 816 460] osd[1920 1080]
07-05 23:41:14.357 D/vsyncbridge( 1204): [update_ds_table,  594] DispW:1632 DispH:920 
07-05 23:41:14.357 D/vsyncbridge( 1204): [update_ds_table,  598] Cap.x:1105 Cap.y:30 CapW:1920 CapH:1080 
07-05 23:41:14.357 D/vsyncbridge( 1204): [update_ds_table,  599] enInputSourceType:34 
07-05 23:41:14.357 D/vsyncbridge( 1204): [update_ds_table,  601] u16InputVTotal:2205  u16InputVFreq:240 
07-05 23:41:14.357 D/vsyncbridge( 1204): [update_ds_table,  603] bInterlace:0  u16DefaultHtotal:0 
07-05 23:41:14.357 D/vsyncbridge( 1204): [update_ds_table,  606] bPreHCusScaling:1  bPreVCusScaling:1 
07-05 23:41:14.357 D/vsyncbridge( 1204): [update_ds_table,  608] u16PreHCusScalingSrc:1920  u16PreHCusScalingDst:1920 
07-05 23:41:14.357 D/vsyncbridge( 1204): [update_ds_table,  610] u16PreVCusScalingSrc:1080  u16PreVCusScalingSrc:1080 
07-05 23:41:14.357 D/vsyncbridge( 1204): [update_ds_table,  613] bHCusScaling:0  bVCusScaling:0 
07-05 23:41:14.357 D/vsyncbridge( 1204): [update_ds_table,  615] u16HCusScalingSrc:1920  u16HCusScalingDst:1632 
07-05 23:41:14.357 D/vsyncbridge( 1204): [update_ds_table,  617] u16VCusScalingSrc:1080  u16VCusScalingDst:920 
07-05 23:41:14.357 D/vsyncbridge( 1204): vsync_bridge_CalAspectRatio type = 0
07-05 23:41:14.357 D/vsyncbridge( 1204): panel [3840 2160] osd [1920 1080] ratio [2.000000 2.000000]
07-05 23:41:14.357 D/vsyncbridge( 1204): apply ratio, x=836, y=410, width=1632, height=920
07-05 23:41:14.357 D/vsyncbridge( 1204): disp_old[836 410 2468 1330], disp_new[836 410 2468 1330], crop[0 0 1920 1080]
07-05 23:41:14.357 D/vsyncbridge( 1204): [update_ds_table,  798] SW DS !!! 
07-05 23:41:14.357 D/vsyncbridge( 1204): [update_ds_table,  800] stXC_SetWin_Info.stCapWin.width1920  stXC_SetWin_Info.stCapWin.height:1080
07-05 23:41:14.357 D/vsyncbridge( 1204): [update_ds_table,  802] stXC_SetWin_Info.stCropWin.width1920  stXC_SetWin_Info.stCropWin.height:1080
07-05 23:41:14.357 D/vsyncbridge( 1204): [update_ds_table,  803] MApi_XC_GetDynamicScalingStatus():1 
07-05 23:41:14.358 D/        ( 1204): Alert: cannot get frameCount from IOCTL, eWindow=0! Fall back to original frame mode
07-05 23:41:14.358 D/        ( 1204): MVOP is 1P mode
07-05 23:41:14.358 D/        ( 1204): [_MDrv_SC_check_2p_mode][9405]u16Width=3840,u16Height=2160,u32Vfreqx10=240
07-05 23:41:14.359 D/vsyncbridge( 1204): vsync_bridge_render_frame pts = 3125000, DS_Idx=0x1, overlayID=0
07-05 23:41:14.359 D/vsyncbridge( 1204):  W 3, R 3, Cur 3
07-05 23:41:14.359 D/vsyncbridge( 1204): vsync_bridge_CalAspectRatio type = 0
07-05 23:41:14.359 D/vsyncbridge( 1204): panel [3840 2160] osd [1920 1080] ratio [2.000000 2.000000]
07-05 23:41:14.359 D/vsyncbridge( 1204): apply ratio, x=836, y=410, width=1632, height=920
07-05 23:41:14.372 I/MiSysSrv( 1214): [37m[INFO] Change to Voltage: 117 mv (0x32)[m
07-05 23:41:14.425 D/PowerManagerService( 1733): acquireWakeLockInternal: lock=113832109, flags=0x1, tag="NetworkStats", ws=null, uid=1000, pid=1733
07-05 23:41:14.425 D/PowerManagerNotifier( 1733): onWakeLockAcquired: flags=1, tag="NetworkStats", packageName=android, ownerUid=1000, ownerPid=1733, workSource=null
07-05 23:41:14.425 D/NtpTrustedTime( 1733): currentTimeMillis() cache hit
07-05 23:41:14.430 D/NtpTrustedTime( 1733): currentTimeMillis() cache hit
07-05 23:41:14.431 D/PowerManagerService( 1733): releaseWakeLockInternal: lock=113832109 [NetworkStats], flags=0x0
07-05 23:41:14.431 D/PowerManagerNotifier( 1733): onWakeLockReleased: flags=1, tag="NetworkStats", packageName=android, ownerUid=1000, ownerPid=1733, workSource=null
07-05 23:41:14.432 D/NtpTrustedTime( 1733): currentTimeMillis() cache hit
07-05 23:41:14.432 D/NtpTrustedTime( 1733): currentTimeMillis() cache hit
07-05 23:41:14.469 I/MiSysSrv( 1214): [37m[INFO] Change to Voltage: 102 mv (0x23)[m
07-05 23:41:14.547 I/HLSP2P  (16183): ## 2017-07-05 23:41:14.546 [16183,16481,:0] INFO ## [HLSP2P][DownloadManager.cpp:35][INFO][TryExtendCacheSize]system memory total size : 1912M, free size : 347M, cache add to 30MB
07-05 23:41:14.570 I/MiSysSrv( 1214): [37m[INFO] Change to Voltage: 102 mv (0x23)[m
07-05 23:41:14.617 D/MSTAR_VDEC_DBG( 1206): Stream ID: 0, Rate : 24 (E:0,D:0,S:0,F:101) 
07-05 23:41:14.766 I/TVMW@HsTvSetting( 1234): Trace cmd, data = 0x1058
07-05 23:41:14.766 D/til@system( 2026): til_get_system_param option:100002F int:0, bool:0, ret:0
07-05 23:41:14.766 I/TVMW@HsTvSetting( 1234): Trace cmd, data = 0x101f
07-05 23:41:14.767 D/til@system( 2026): til_get_system_param option:100001D int:3, bool:3, ret:0
07-05 23:41:14.767 E/til     ( 2026): [til_get_current_input_source, 101] 
07-05 23:41:14.767 I/TVMW@HsTvSetting( 1234): Trace cmd, data = 0x7007
07-05 23:41:14.767 I/tilwrapper@sm( 2026): HS2TIL_SourceType *hs=0xd, *til=0x900
07-05 23:41:14.767 D/til     ( 2026): get current source 2304
07-05 23:41:14.767 D/SourceRemoteServiceHandler( 2026): getCurrentInputSource.from.til.result is 0, value is 2304
07-05 23:41:14.767 D/SourceRemoteServiceHandler( 2026): getInputSourceType source: 0x900, type=2304
07-05 23:41:14.767 D/til     ( 2026): ###### func:til_get_picture_param option:0x3000006 ######  
07-05 23:41:14.767 I/TVMW@HsTvSetting( 1234): Trace cmd, data = 0x1003
07-05 23:41:14.768 I/TVMW@HsTvSetting( 1234): Trace cmd, data = 0x8032
07-05 23:41:14.768 I/hstvos  ( 1216): [0m[1;33m[HSHAL][HS_VIDEO][HS_HAL_Video_SetOsdDetect_v2][2389]u16Threshold = 20
07-05 23:41:14.769 E/TVMW@videoctrl( 1234):  getOsd is 1
07-05 23:41:14.769 D/til@system( 2026): til_get_system_param option:1000027 int:1, bool:1, ret:0
07-05 23:41:14.769 D/til     ( 2026): ###### func:til_get_picture_param option:0x3000045 ######  
07-05 23:41:14.769 I/TVMW@HsTvSetting( 1234): Trace cmd, data = 0x300c
07-05 23:41:14.769 I/TVMW@HsTvSetting( 1234): Trace 3d, data = 0x300c
07-05 23:41:14.769 I/TVMW@3d ( 1234): Hs_debug3d_trace: func:get3dStatus, line:109
07-05 23:41:14.830 I/MyFragmentStateAdapter( 6517): getCount
07-05 23:41:14.886 D/CommonHeader( 6517): app logo :refreshTimer: isRotatetrue
07-05 23:41:15.116 D/GlobalInputEventMonitoringService( 1733): interceptKeyBeforeQueueing(), event:22, mNeedMonitorKeyEvent:true, mWaitForKeyUpEvent:false
07-05 23:41:15.116 D/GlobalInputEventMonitoringService( 1733): processKeyEvent(), processKeyEvent event:22
07-05 23:41:15.117 D/WindowManager( 1733): interceptKeyTq keycode=22 interactive=true keyguardActive=false policyFlags=2b000000 isCancled= false
07-05 23:41:15.117 D/PowerManagerService( 1733): userActivityNoUpdateLocked: eventTime=18116687, event=1, flags=0x0, uid=1000
07-05 23:41:15.117 D/WindowManager( 1733): interceptKeyTi keyCode=22 down=true repeatCount=0 keyguardOn=false mHomePressed=false canceled=false
07-05 23:41:15.117 D/WindowManager( 1733): Hisense systemkey event: 22
07-05 23:41:15.117 D/HisenseGlobalKeyManager( 1733): handleGlobalKey() : Global event = KeyEvent { action=ACTION_DOWN, keyCode=KEYCODE_DPAD_RIGHT, scanCode=0, metaState=0, flags=0x0, repeatCount=0, eventTime=18116687, downTime=18116687, deviceId=-1, source=0x101 }
07-05 23:41:15.119 D/SogouIME( 2203): [onKeyDown] keycode = 22 model = VIDAA_TV
07-05 23:41:15.122 D/Carousel-CarouselDisplayPlayerLayout( 6517): HasFocus:false,keyCode:22
07-05 23:41:15.122 D/Carousel-CarouselDisplayPlayerLayout( 6517): isFullScreen:false
07-05 23:41:15.122 I/HomeMainActivity( 6517): carousel handle key:false
07-05 23:41:15.122 I/MainHomeView( 6517): dispatchKeyEvent ACTION_DOWN now 
07-05 23:41:15.122 I/HomeMainActivity( 6517): onKeyDown is 22
07-05 23:41:15.124 I/FirstlineLayoutManager( 6517): left=218,width=1738,scroll Distance=-846
07-05 23:41:15.130 D/Carousel-CarouselView( 6517): ============>onFocusChange=true
07-05 23:41:15.130 D/Carousel-CarouselDisplayPlayerLayout( 6517): isFullScreen:false
07-05 23:41:15.130 D/Carousel-CarouselView( 6517): isFullScreen:false,hasFocus:true
07-05 23:41:15.130 D/Carousel-CarouselView( 6517): ============>offset=-327
07-05 23:41:15.146 D/Carousel-CarouselDisplayPlayerLayout( 6517): showPlayerWindowTip showable:true
07-05 23:41:15.162 D/GlobalInputEventMonitoringService( 1733): interceptKeyBeforeQueueing(), event:22, mNeedMonitorKeyEvent:true, mWaitForKeyUpEvent:false
07-05 23:41:15.162 D/GlobalInputEventMonitoringService( 1733): processKeyEvent(), processKeyEvent event:22
07-05 23:41:15.162 D/WindowManager( 1733): interceptKeyTq keycode=22 interactive=true keyguardActive=false policyFlags=2b000000 isCancled= false
07-05 23:41:15.162 D/WindowManager( 1733): interceptKeyTi keyCode=22 down=false repeatCount=0 keyguardOn=false mHomePressed=false canceled=false
07-05 23:41:15.162 D/WindowManager( 1733): Hisense systemkey event: 22
07-05 23:41:15.162 D/HisenseGlobalKeyManager( 1733): handleGlobalKey() : Global event = KeyEvent { action=ACTION_UP, keyCode=KEYCODE_DPAD_RIGHT, scanCode=0, metaState=0, flags=0x0, repeatCount=0, eventTime=18116687, downTime=18116687, deviceId=-1, source=0x101 }
07-05 23:41:15.215 I/MyFragmentStateAdapter( 6517): getCount
07-05 23:41:15.242 D/Carousel-CarouselDisplayPlayerLayout( 6517): HasFocus:true,keyCode:22
07-05 23:41:15.242 D/Carousel-CarouselDisplayPlayerLayout( 6517): isFullScreen:false
07-05 23:41:15.242 D/Carousel-CarouselDisplayPlayerLayout( 6517): isFullScreen:false
07-05 23:41:15.242 I/HomeMainActivity( 6517): carousel handle key:false
07-05 23:41:15.249 I/TVMW@devctrl( 1234): wdt
07-05 23:41:15.257 D/PowerManagerService( 1733): acquireWakeLockInternal: lock=113832109, flags=0x1, tag="NetworkStats", ws=null, uid=1000, pid=1733
07-05 23:41:15.257 D/PowerManagerNotifier( 1733): onWakeLockAcquired: flags=1, tag="NetworkStats", packageName=android, ownerUid=1000, ownerPid=1733, workSource=null
07-05 23:41:15.257 D/NtpTrustedTime( 1733): currentTimeMillis() cache hit
07-05 23:41:15.263 D/NtpTrustedTime( 1733): currentTimeMillis() cache hit
07-05 23:41:15.264 V/InputMethodService( 2203): startInput(): editor=android.view.inputmethod.EditorInfo@3755a6b3
07-05 23:41:15.264 V/InputMethodService( 2203): CALL: onFinishInput
07-05 23:41:15.264 E/SOGOUIME_JNI( 2203): reset
07-05 23:41:15.264 D/PowerManagerService( 1733): releaseWakeLockInternal: lock=113832109 [NetworkStats], flags=0x0
07-05 23:41:15.264 D/PowerManagerNotifier( 1733): onWakeLockReleased: flags=1, tag="NetworkStats", packageName=android, ownerUid=1000, ownerPid=1733, workSource=null
07-05 23:41:15.264 E/SOGOUIME_JNI( 2203): getCandidates
07-05 23:41:15.264 E/SOGOUIME_JNI( 2203): ime_get_uncommitted_length
07-05 23:41:15.264 E/SOGOUIME_JNI( 2203): getCandidates
07-05 23:41:15.264 D/SogouIME API( 2203): ==============num:32
07-05 23:41:15.264 E/SOGOUIME_JNI( 2203): ime_get_uncommitted_length
07-05 23:41:15.265 D/SogouIME( 2203): mFocusedComponent:30   isHkbEnable:false
07-05 23:41:15.265 E/SOGOUIME_JNI( 2203): ime_get_uncommitted_length
07-05 23:41:15.265 E/SOGOUIME_JNI( 2203): ime_get_committed_length
07-05 23:41:15.265 E/SOGOUIME_JNI( 2203): getComposingInfo
07-05 23:41:15.265 E/SOGOUIME_JNI( 2203): getComposingInfo
07-05 23:41:15.265 D/NtpTrustedTime( 1733): currentTimeMillis() cache hit
07-05 23:41:15.265 E/SOGOUIME_JNI( 2203): getCorrectInfo
07-05 23:41:15.265 D/NtpTrustedTime( 1733): currentTimeMillis() cache hit
07-05 23:41:15.265 E/SOGOUIME_JNI( 2203): getComposingInfo
07-05 23:41:15.268 V/InputMethodService( 2203): CALL: onStartInput
07-05 23:41:15.268 E/SOGOUIME_JNI( 2203): invalidateCommitWordPinyinNative
07-05 23:41:15.269 D/SogouIME( 2203): =====configKeyboard=======æ˜¯å¦æœ‰ç¡¬ä»¶ç›˜:false     ç¡¬ä»¶ç›˜æ˜¯å¦ä¸å†éšè—ï¼šfalse
07-05 23:41:15.269 E/SOGOUIME_JNI( 2203): ime_set_hard_kb_enable
07-05 23:41:15.270 I/TVMW@HsTvSetting( 1234): Trace cmd, data = 0x1058
07-05 23:41:15.270 D/til@system( 2026): til_get_system_param option:100002F int:0, bool:0, ret:0
07-05 23:41:15.271 I/TVMW@HsTvSetting( 1234): Trace cmd, data = 0x101f
07-05 23:41:15.271 D/til@system( 2026): til_get_system_param option:100001D int:3, bool:3, ret:0
07-05 23:41:15.271 E/til     ( 2026): [til_get_current_input_source, 101] 
07-05 23:41:15.272 I/TVMW@HsTvSetting( 1234): Trace cmd, data = 0x7007
07-05 23:41:15.273 I/tilwrapper@sm( 2026): HS2TIL_SourceType *hs=0xd, *til=0x900
07-05 23:41:15.273 D/til     ( 2026): get current source 2304
07-05 23:41:15.273 D/SourceRemoteServiceHandler( 2026): getCurrentInputSource.from.til.result is 0, value is 2304
07-05 23:41:15.273 D/SourceRemoteServiceHandler( 2026): getInputSourceType source: 0x900, type=2304
07-05 23:41:15.274 D/til     ( 2026): ###### func:til_get_picture_param option:0x3000006 ######  
07-05 23:41:15.274 I/TVMW@HsTvSetting( 1234): Trace cmd, data = 0x1003
07-05 23:41:15.274 I/TVMW@HsTvSetting( 1234): Trace cmd, data = 0x8032
07-05 23:41:15.274 I/hstvos  ( 1216): [0m[1;33m[HSHAL][HS_VIDEO][HS_HAL_Video_SetOsdDetect_v2][2389]u16Threshold = 20
07-05 23:41:15.275 E/TVMW@videoctrl( 1234):  getOsd is 1
07-05 23:41:15.275 D/til@system( 2026): til_get_system_param option:1000027 int:1, bool:1, ret:0
07-05 23:41:15.275 D/til     ( 2026): ###### func:til_get_picture_param option:0x3000045 ######  
07-05 23:41:15.275 I/TVMW@HsTvSetting( 1234): Trace cmd, data = 0x300c
07-05 23:41:15.275 I/TVMW@HsTvSetting( 1234): Trace 3d, data = 0x300c
07-05 23:41:15.275 I/TVMW@3d ( 1234): Hs_debug3d_trace: func:get3dStatus, line:109
07-05 23:41:15.300 I/art     ( 6517): Background sticky concurrent mark sweep GC freed 40800(1489KB) AllocSpace objects, 0(0B) LOS objects, 4% free, 34MB/36MB, paused 11.460ms total 65.367ms
07-05 23:41:15.336 I/NetflixMonitorService( 1733): current fgapk : com.hisense.hicloud.edca
07-05 23:41:15.336 I/NetflixMonitorService( 1733): Netflix status unchanged
07-05 23:41:15.410 D/MC_MEMORY(16055): max: 256.261888 Mb, heap: 10.10784 Mb, allocated: 8.8738 Mb, free: 2.2046 Mb, native heap: 12.12276 Mb, native allocated: 8.8390 Mb, native free: 3.3886 Mb
07-05 23:41:15.523 D/DtvSourcePlugin-DVBC(15961): Setting the EPG Updater state to: WAIT
07-05 23:41:15.579 I/HLSP2P  ( 3457): ## 2017-07-05 23:41:15.576 [3457,3628,:0] INFO ## [HLSP2P][TaskManager.cpp:855][INFO][UpdateGlobalInfo]totalDataSize: 0, totalMemorySize: 0, totalCacheSize: 0, curUploadSpeedKB: 0
07-05 23:41:15.583 I/HLSP2P  ( 3457): ## 2017-07-05 23:41:15.581 [3457,3628,:0] INFO ## [HLSP2P][TaskManager.cpp:1325][INFO][TryAdjustMemorySize]system memory total size: 1912M, free size: 343MB, cache add to 30MB, AppState: 14
07-05 23:41:15.641 D/MSTAR_VDEC_DBG( 1206): Stream ID: 0, Rate : 24 (E:0,D:0,S:0,F:126) 
07-05 23:41:15.776 I/TVMW@HsTvSetting( 1234): Trace cmd, data = 0x1058
07-05 23:41:15.777 D/til@system( 2026): til_get_system_param option:100002F int:0, bool:0, ret:0
07-05 23:41:15.777 I/TVMW@HsTvSetting( 1234): Trace cmd, data = 0x101f
07-05 23:41:15.778 D/til@system( 2026): til_get_system_param option:100001D int:3, bool:3, ret:0
07-05 23:41:15.778 E/til     ( 2026): [til_get_current_input_source, 101] 
07-05 23:41:15.778 I/TVMW@HsTvSetting( 1234): Trace cmd, data = 0x7007
07-05 23:41:15.778 I/tilwrapper@sm( 2026): HS2TIL_SourceType *hs=0xd, *til=0x900
07-05 23:41:15.778 D/til     ( 2026): get current source 2304
07-05 23:41:15.778 D/SourceRemoteServiceHandler( 2026): getCurrentInputSource.from.til.result is 0, value is 2304
07-05 23:41:15.779 D/SourceRemoteServiceHandler( 2026): getInputSourceType source: 0x900, type=2304
07-05 23:41:15.779 D/til     ( 2026): ###### func:til_get_picture_param option:0x3000006 ######  
07-05 23:41:15.779 I/TVMW@HsTvSetting( 1234): Trace cmd, data = 0x1003
07-05 23:41:15.781 I/TVMW@HsTvSetting( 1234): Trace cmd, data = 0x8032
07-05 23:41:15.781 I/hstvos  ( 1216): [0m[1;33m[HSHAL][HS_VIDEO][HS_HAL_Video_SetOsdDetect_v2][2389]u16Threshold = 20
07-05 23:41:15.781 E/TVMW@videoctrl( 1234):  getOsd is 1
07-05 23:41:15.782 D/til@system( 2026): til_get_system_param option:1000027 int:1, bool:1, ret:0
07-05 23:41:15.782 D/til     ( 2026): ###### func:til_get_picture_param option:0x3000045 ######  
07-05 23:41:15.783 I/TVMW@HsTvSetting( 1234): Trace cmd, data = 0x300c
07-05 23:41:15.783 I/TVMW@HsTvSetting( 1234): Trace 3d, data = 0x300c
07-05 23:41:15.783 I/TVMW@3d ( 1234): Hs_debug3d_trace: func:get3dStatus, line:109
07-05 23:41:15.825 I/MyFragmentStateAdapter( 6517): getCount
07-05 23:41:15.870 I/MyFragmentStateAdapter( 6517): getCount
07-05 23:41:15.916 I/MyFragmentStateAdapter( 6517): getCount
07-05 23:41:15.964 I/MyFragmentStateAdapter( 6517): getCount
07-05 23:41:16.030 I/MyFragmentStateAdapter( 6517): getCount
07-05 23:41:16.085 I/MyFragmentStateAdapter( 6517): getCount
07-05 23:41:16.095 D/PowerManagerService( 1733): acquireWakeLockInternal: lock=113832109, flags=0x1, tag="NetworkStats", ws=null, uid=1000, pid=1733
07-05 23:41:16.095 D/PowerManagerNotifier( 1733): onWakeLockAcquired: flags=1, tag="NetworkStats", packageName=android, ownerUid=1000, ownerPid=1733, workSource=null
07-05 23:41:16.095 D/NtpTrustedTime( 1733): currentTimeMillis() cache hit
07-05 23:41:16.111 D/NtpTrustedTime( 1733): currentTimeMillis() cache hit
07-05 23:41:16.112 D/PowerManagerService( 1733): releaseWakeLockInternal: lock=113832109 [NetworkStats], flags=0x0
07-05 23:41:16.112 D/PowerManagerNotifier( 1733): onWakeLockReleased: flags=1, tag="NetworkStats", packageName=android, ownerUid=1000, ownerPid=1733, workSource=null
07-05 23:41:16.112 D/NtpTrustedTime( 1733): currentTimeMillis() cache hit
07-05 23:41:16.112 D/NtpTrustedTime( 1733): currentTimeMillis() cache hit
07-05 23:41:16.146 I/art     ( 6481): Background sticky concurrent mark sweep GC freed 8479(449KB) AllocSpace objects, 0(0B) LOS objects, 33% free, 1020KB/1530KB, paused 7.864ms total 21.308ms
07-05 23:41:16.150 I/TVMW@devctrl( 1234): wdt
07-05 23:41:16.167 I/MyFragmentStateAdapter( 6517): getCount
07-05 23:41:16.213 I/MyFragmentStateAdapter( 6517): getCount
07-05 23:41:16.262 D/GlobalInputEventMonitoringService( 1733): interceptKeyBeforeQueueing(), event:20, mNeedMonitorKeyEvent:true, mWaitForKeyUpEvent:false
07-05 23:41:16.262 D/GlobalInputEventMonitoringService( 1733): processKeyEvent(), processKeyEvent event:20
07-05 23:41:16.262 D/WindowManager( 1733): interceptKeyTq keycode=20 interactive=true keyguardActive=false policyFlags=2b000000 isCancled= false
07-05 23:41:16.263 D/PowerManagerService( 1733): userActivityNoUpdateLocked: eventTime=18117833, event=1, flags=0x0, uid=1000
07-05 23:41:16.263 D/WindowManager( 1733): interceptKeyTi keyCode=20 down=true repeatCount=0 keyguardOn=false mHomePressed=false canceled=false
07-05 23:41:16.263 D/WindowManager( 1733): Hisense systemkey event: 20
07-05 23:41:16.263 D/HisenseGlobalKeyManager( 1733): handleGlobalKey() : Global event = KeyEvent { action=ACTION_DOWN, keyCode=KEYCODE_DPAD_DOWN, scanCode=0, metaState=0, flags=0x0, repeatCount=0, eventTime=18117833, downTime=18117833, deviceId=-1, source=0x101 }
07-05 23:41:16.277 I/MyFragmentStateAdapter( 6517): getCount
07-05 23:41:16.285 I/TVMW@HsTvSetting( 1234): Trace cmd, data = 0x1058
07-05 23:41:16.285 D/til@system( 2026): til_get_system_param option:100002F int:0, bool:0, ret:0
07-05 23:41:16.285 I/TVMW@HsTvSetting( 1234): Trace cmd, data = 0x101f
07-05 23:41:16.285 D/til@system( 2026): til_get_system_param option:100001D int:3, bool:3, ret:0
07-05 23:41:16.285 E/til     ( 2026): [til_get_current_input_source, 101] 
07-05 23:41:16.285 I/TVMW@HsTvSetting( 1234): Trace cmd, data = 0x7007
07-05 23:41:16.286 I/tilwrapper@sm( 2026): HS2TIL_SourceType *hs=0xd, *til=0x900
07-05 23:41:16.286 D/til     ( 2026): get current source 2304
07-05 23:41:16.286 D/SourceRemoteServiceHandler( 2026): getCurrentInputSource.from.til.result is 0, value is 2304
07-05 23:41:16.286 D/SourceRemoteServiceHandler( 2026): getInputSourceType source: 0x900, type=2304
07-05 23:41:16.286 D/til     ( 2026): ###### func:til_get_picture_param option:0x3000006 ######  
07-05 23:41:16.286 I/TVMW@HsTvSetting( 1234): Trace cmd, data = 0x1003
07-05 23:41:16.286 I/TVMW@HsTvSetting( 1234): Trace cmd, data = 0x8032
07-05 23:41:16.287 I/hstvos  ( 1216): [0m[1;33m[HSHAL][HS_VIDEO][HS_HAL_Video_SetOsdDetect_v2][2389]u16Threshold = 20
07-05 23:41:16.287 E/TVMW@videoctrl( 1234):  getOsd is 1
07-05 23:41:16.288 D/til@system( 2026): til_get_system_param option:1000027 int:1, bool:1, ret:0
07-05 23:41:16.288 D/til     ( 2026): ###### func:til_get_picture_param option:0x3000045 ######  
07-05 23:41:16.290 I/TVMW@HsTvSetting( 1234): Trace cmd, data = 0x300c
07-05 23:41:16.290 I/TVMW@HsTvSetting( 1234): Trace 3d, data = 0x300c
07-05 23:41:16.290 I/TVMW@3d ( 1234): Hs_debug3d_trace: func:get3dStatus, line:109
07-05 23:41:16.311 D/SogouIME( 2203): [onKeyDown] keycode = 20 model = VIDAA_TV
07-05 23:41:16.319 D/Carousel-CarouselDisplayPlayerLayout( 6517): HasFocus:true,keyCode:20
07-05 23:41:16.319 D/Carousel-CarouselDisplayPlayerLayout( 6517): isFullScreen:false
07-05 23:41:16.319 D/Carousel-CarouselDisplayPlayerLayout( 6517): isFullScreen:false
07-05 23:41:16.319 I/HomeMainActivity( 6517): carousel handle key:false
07-05 23:41:16.319 I/MainHomeView( 6517): dispatchKeyEvent ACTION_DOWN now 
07-05 23:41:16.319 D/Carousel-CarouselDisplayPicLayout( 6517): keyCode=20
07-05 23:41:16.319 I/FirstLineAdapter( 6517): onCarouselKeyDown: output=true,event=KeyEvent { action=ACTION_DOWN, keyCode=KEYCODE_DPAD_DOWN, scanCode=0, metaState=0, flags=0x0, repeatCount=0, eventTime=18117833, downTime=18117833, deviceId=-1, source=0x101 }
07-05 23:41:16.319 I/HomeMainActivity( 6517): onKeyDown is 20
07-05 23:41:16.320 I/BaseContentFragment( 6517): setRowViewSelectedViewHolder{2f9ce101 position=1 id=-1, oldPos=-1, pLpos:-1},isSelectedfalse
07-05 23:41:16.320 I/BaseContentFragment( 6517): setRowViewSelectedViewHolder{157e7b14 position=2 id=-1, oldPos=-1, pLpos:-1},isSelectedtrue
07-05 23:41:16.327 I/RoleContentFragment( 6517): onChildSelected:2,lastPos=1
07-05 23:41:16.327 I/CurrentCarouselView( 6517): onCarouseControlCarouselControlBean{mShoudScroll=false, mActivityHasResume=false, mActivityHasStop=false, mHasTurnGone=false, mHasTurnVisible=false, mChannelId=0, mSlideOffset=0.0, mShouldSelectCenter=false, mTabOpen=false, mHoriPosStatus=None, mVerPosStatus=Out, mLevelStatus=None},isPlayingtrue,channelId=0
07-05 23:41:16.327 I/CurrentCarouselView( 6517): is the current page
07-05 23:41:16.327 I/CurrentCarouselView( 6517): stopPlay
07-05 23:41:16.333 D/Carousel-CarouselView( 6517): ============>onFocusChange=false
07-05 23:41:16.333 D/Carousel-CarouselDisplayPlayerLayout( 6517): isFullScreen:false
07-05 23:41:16.333 D/Carousel-CarouselView( 6517): isFullScreen:false,hasFocus:false
07-05 23:41:16.333 D/Carousel-CarouselView( 6517): ============>offset=-1530
07-05 23:41:16.333 D/Carousel-CarouselDisplayPlayerLayout( 6517): showPlayerWindowTip showable:false
07-05 23:41:16.337 I/NetflixMonitorService( 1733): current fgapk : com.hisense.hicloud.edca
07-05 23:41:16.337 I/NetflixMonitorService( 1733): Netflix status unchanged
07-05 23:41:16.340 I/ContentBridgeAdapterListener( 6517): onAddPresenter 3
07-05 23:41:16.341 D/GlobalInputEventMonitoringService( 1733): interceptKeyBeforeQueueing(), event:20, mNeedMonitorKeyEvent:true, mWaitForKeyUpEvent:false
07-05 23:41:16.341 D/GlobalInputEventMonitoringService( 1733): processKeyEvent(), processKeyEvent event:20
07-05 23:41:16.341 D/WindowManager( 1733): interceptKeyTq keycode=20 interactive=true keyguardActive=false policyFlags=2b000000 isCancled= false
07-05 23:41:16.341 D/WindowManager( 1733): interceptKeyTi keyCode=20 down=false repeatCount=0 keyguardOn=false mHomePressed=false canceled=false
07-05 23:41:16.341 D/WindowManager( 1733): Hisense systemkey event: 20
07-05 23:41:16.342 D/HisenseGlobalKeyManager( 1733): handleGlobalKey() : Global event = KeyEvent { action=ACTION_UP, keyCode=KEYCODE_DPAD_DOWN, scanCode=0, metaState=0, flags=0x0, repeatCount=0, eventTime=18117833, downTime=18117833, deviceId=-1, source=0x101 }
07-05 23:41:16.357 I/ContentBridgeAdapterListener( 6517): onCreate ViewHolder{31fa8090 position=-1 id=-1, oldPos=-1, pLpos:-1 unbound no parent}
07-05 23:41:16.357 I/BaseContentFragment( 6517): setUpSharedViewPoolViewHolder{31fa8090 position=-1 id=-1, oldPos=-1, pLpos:-1 unbound no parent}
07-05 23:41:16.358 I/BaseContentFragment( 6517): share view pool
07-05 23:41:16.358 I/BaseContentFragment( 6517): setRowViewSelectedViewHolder{31fa8090 position=-1 id=-1, oldPos=-1, pLpos:-1 unbound no parent},isSelectedfalse
07-05 23:41:16.358 I/head    ( 6517): item=com.hisense.tvui.newhome.presenter.TwoLineListRow@1a34cd89
07-05 23:41:16.358 I/ContentBridgeAdapterListener( 6517): onBind 
07-05 23:41:16.358 I/ContentBridgeAdapterListener( 6517): onAttachedToWindow ViewHolder{31fa8090 position=3 id=-1, oldPos=-1, pLpos:-1}
07-05 23:41:16.369 I/CardSelectionPresenter( 6517): onCreateViewHoldercom.hisense.leanback.widget.HorizontalGridView{11718e VFE..... ......I. 0,0-0,0 #7f0d038e app:id/row_content}
07-05 23:41:16.382 I/CardSelectionPresenter( 6517): onBindViewHolder
07-05 23:41:16.383 D/sloven  ( 6517): 1002---true
07-05 23:41:16.383 I/CardSelectionPresenter( 6517): width=390,height=220
07-05 23:41:16.418 D/hailongqiu( 6517): hailongqiu position:0
