07-06 01:07:40.961 D/GlobalInputEventMonitoringService( 1733): interceptKeyBeforeQueueing(), event:22, mNeedMonitorKeyEvent:true, mWaitForKeyUpEvent:false
07-06 01:07:40.961 D/GlobalInputEventMonitoringService( 1733): processKeyEvent(), processKeyEvent event:22
07-06 01:07:40.962 D/WindowManager( 1733): interceptKeyTq keycode=22 interactive=true keyguardActive=false policyFlags=2b000000 isCancled= false
07-06 01:07:40.962 D/PowerManagerService( 1733): userActivityNoUpdateLocked: eventTime=23302526, event=1, flags=0x0, uid=1000
07-06 01:07:40.962 D/WindowManager( 1733): interceptKeyTi keyCode=22 down=true repeatCount=0 keyguardOn=false mHomePressed=false canceled=false
07-06 01:07:40.962 D/WindowManager( 1733): Hisense systemkey event: 22
07-06 01:07:40.962 D/HisenseGlobalKeyManager( 1733): handleGlobalKey() : Global event = KeyEvent { action=ACTION_DOWN, keyCode=KEYCODE_DPAD_RIGHT, scanCode=0, metaState=0, flags=0x0, repeatCount=0, eventTime=23302526, downTime=23302526, deviceId=-1, source=0x101 }
07-06 01:07:40.964 I/MyFragmentStateAdapter(22348): getCount
07-06 01:07:40.998 D/IntertrustDRMManager(22348): [TID 22556] wasabi runtime initialized success.
07-06 01:07:41.029 D/SogouIME( 2203): [onKeyDown] keycode = 22 model = VIDAA_TV
07-06 01:07:41.033 I/MyFragmentStateAdapter(22348): getCount
07-06 01:07:41.064 D/Carousel-CarouselDisplayPlayerLayout(22348): HasFocus:false,keyCode:22
07-06 01:07:41.064 D/Carousel-CarouselDisplayPlayerLayout(22348): isFullScreen:false
07-06 01:07:41.064 I/HomeMainActivity(22348): carousel handle key:false
07-06 01:07:41.064 I/MainHomeView(22348): dispatchKeyEvent ACTION_DOWN now 
07-06 01:07:41.067 I/TabView (22348): onKeyListener() ACTION_DOWN keyCode -- 22
07-06 01:07:41.069 I/SoftFragmentList(22348): fetchCacheFragment  enter ---- index = 2
07-06 01:07:41.069 D/SoftFragmentList(22348): fetchCacheFragment  mFragmentCache.size() = 3
07-06 01:07:41.069 D/SoftFragmentList(22348): fetchCacheFragment mLastIndex = 2, view = 
07-06 01:07:41.069 I/BaseContentFragment(22348): initChildFocustrue,recyclerview=com.hisense.leanback.widget.VerticalGridView{12947e3c VFED.... ........ 0,0-1768,1080 #7f0d02c8 app:id/recyclerview_content}====---mIsVisibleToUser:true-------
07-06 01:07:41.079 D/til@system( 2026): til_get_system_param option:1000007 int:-1815633792, bool:128, ret:0
07-06 01:07:41.086 D/til@system( 2026): til_get_system_param option:1000009 int:-1936522368, bool:128, ret:0
07-06 01:07:41.087 D/til@system( 2026): til_get_system_param option:1000008 int:-1815634176, bool:0, ret:0
07-06 01:07:41.088 D/HiSDKLogReport(22348): getOperationDetail-productName : LED50MU8600UC
07-06 01:07:41.088 D/HiSDKLogReport(22348): getOperationDetail-plmNumber : 88888
07-06 01:07:41.088 D/HiSDKLogReport(22348): getOperationDetail-swVersion : V0000.00.01A
07-06 01:07:41.088 D/HiSDKLogReport(22348): getOperationDetail-operationDetail : LED50MU8600UC0000888
07-06 01:07:41.089 D/HiSDKLogReport(22348): businessLogReport-log : {eventType=232, APPVersionName=3.0.0.9.00, devid=86100300900000500000060a4818fca8, rowid=-1, uuid=13287129, APIversion=501, eventcode=232000, logversion=2.0, columnid=-1, devType=0, eventPos=000, groupid=-1, ChannelId=0, version=00.002.003, subscriberId=13287129, PFAPPCode=652, tabid=0, softwareVersion=LED50MU8600UC0000888, srceventcode=201000, mac=a8:a6:48:18:fc:a8, accessToken=72DF6038D2AEAB8A76DFBBBBCC428A4A_000508128155174, srctabid=0, APPPackage=com.hisense.hicloud.edca, sessionid=c386cc00efc54213a58f4965f22339ac, requesttime=1499274461088, customerId=7195320, model_id=0, requestid=21ece74bda324718a963dcbbd116d666, tv_distribute_id=00, APIVersion=600, issysrepo=0}
07-06 01:07:41.089 D/BaseContentFragment(22348): initChildFocus firstlineview===>:com.hisense.tvui.newhome.view.SpecialFirstView{274c4bb6 V.E..... ........ 10,185-1748,691}
07-06 01:07:41.089 D/setHistoryRequestFocus(22348): ===>false
07-06 01:07:41.089 I/FirstlineLayoutManager(22348): left=0,width=1738,scroll Distance=-1488
07-06 01:07:41.091 I/BaseContentFragment(22348): setRowViewSelectedViewHolder{38e59dcf position=0 id=-1, oldPos=-1, pLpos:-1},isSelectedfalse
07-06 01:07:41.091 I/BaseContentFragment(22348): setRowViewSelectedViewHolder{3cba6aea position=1 id=-1, oldPos=-1, pLpos:-1},isSelectedtrue
07-06 01:07:41.091 I/RoleContentFragment(22348): onChildSelected:1,lastPos=0
07-06 01:07:41.099 I/TabView (22348): onfocuschange:false
07-06 01:07:41.099 D/TabView (22348): icon---:2
07-06 01:07:41.099 E/TabView (22348): 
07-06 01:07:41.101 W/System.err(22348): java.net.ConnectException: failed to connect to /10.18.210.112 (port 8900) after 6000ms: isConnected failed: ECONNREFUSED (Connection refused)
07-06 01:07:41.102 W/System.err(22348): 	at libcore.io.IoBridge.isConnected(IoBridge.java:238)
07-06 01:07:41.102 W/System.err(22348): 	at libcore.io.IoBridge.connectErrno(IoBridge.java:171)
07-06 01:07:41.102 W/System.err(22348): 	at libcore.io.IoBridge.connect(IoBridge.java:122)
07-06 01:07:41.102 W/System.err(22348): 	at java.net.PlainSocketImpl.connect(PlainSocketImpl.java:183)
07-06 01:07:41.102 W/System.err(22348): 	at java.net.PlainSocketImpl.connect(PlainSocketImpl.java:456)
07-06 01:07:41.102 W/System.err(22348): 	at java.net.Socket.connect(Socket.java:882)
07-06 01:07:41.102 W/System.err(22348): 	at com.android.okhttp.internal.Platform.connectSocket(Platform.java:174)
07-06 01:07:41.102 W/System.err(22348): 	at com.android.okhttp.Connection.connect(Connection.java:152)
07-06 01:07:41.102 W/System.err(22348): 	at com.android.okhttp.internal.http.HttpEngine.connect(HttpEngine.java:276)
07-06 01:07:41.102 W/System.err(22348): 	at com.android.okhttp.internal.http.HttpEngine.sendRequest(HttpEngine.java:211)
07-06 01:07:41.102 W/System.err(22348): 	at com.android.okhttp.internal.http.HttpURLConnectionImpl.execute(HttpURLConnectionImpl.java:382)
07-06 01:07:41.102 W/System.err(22348): 	at com.android.okhttp.internal.http.HttpURLConnectionImpl.connect(HttpURLConnectionImpl.java:106)
07-06 01:07:41.102 W/System.err(22348): 	at com.hisense.hitv.hicloud.util.ExceptionReport.a(ExceptionReport.java:337)
07-06 01:07:41.102 W/System.err(22348): 	at com.hisense.hitv.hicloud.util.ExceptionReport.a(ExceptionReport.java:39)
07-06 01:07:41.102 W/System.err(22348): 	at com.hisense.hitv.hicloud.util.ExceptionReport$1.run(ExceptionReport.java:83)
07-06 01:07:41.102 W/System.err(22348): 	at java.lang.Thread.run(Thread.java:818)
07-06 01:07:41.102 W/System.err(22348): Caused by: android.system.ErrnoException: isConnected failed: ECONNREFUSED (Connection refused)
07-06 01:07:41.103 W/System.err(22348): 	at libcore.io.IoBridge.isConnected(IoBridge.java:223)
07-06 01:07:41.103 W/System.err(22348): 	... 15 more
07-06 01:07:41.138 D/CommonHeader(22348): onTabStatusChanged tabstatus===>:40000
07-06 01:07:41.144 D/HttpHandler(22348): VerifySignInterCeptor-->request.url()=http://picture.edu.hismarttv.com/images/20170628121925625089.png
07-06 01:07:41.144 D/HttpHandler(22348): VerifySignInterCeptor-->hostname=picture.edu.hismarttv.com
07-06 01:07:41.153 D/OkHttp  (22348): --> GET http://picture.edu.hismarttv.com/images/20170628121925625089.png http/1.1
07-06 01:07:41.153 D/OkHttp  (22348): Host: picture.edu.hismarttv.com
07-06 01:07:41.153 D/OkHttp  (22348): Connection: Keep-Alive
07-06 01:07:41.153 D/OkHttp  (22348): Accept-Encoding: gzip
07-06 01:07:41.153 D/OkHttp  (22348): User-Agent: okhttp/3.6.0
07-06 01:07:41.153 D/OkHttp  (22348): --> END GET
07-06 01:07:41.173 I/MyFragmentStateAdapter(22348): getCount
07-06 01:07:41.174 D/GlobalInputEventMonitoringService( 1733): interceptKeyBeforeQueueing(), event:22, mNeedMonitorKeyEvent:true, mWaitForKeyUpEvent:false
07-06 01:07:41.174 D/GlobalInputEventMonitoringService( 1733): processKeyEvent(), processKeyEvent event:22
07-06 01:07:41.174 D/WindowManager( 1733): interceptKeyTq keycode=22 interactive=true keyguardActive=false policyFlags=2b000000 isCancled= false
07-06 01:07:41.174 D/WindowManager( 1733): interceptKeyTi keyCode=22 down=false repeatCount=0 keyguardOn=false mHomePressed=false canceled=false
07-06 01:07:41.175 D/WindowManager( 1733): Hisense systemkey event: 22
07-06 01:07:41.175 D/HisenseGlobalKeyManager( 1733): handleGlobalKey() : Global event = KeyEvent { action=ACTION_UP, keyCode=KEYCODE_DPAD_RIGHT, scanCode=0, metaState=0, flags=0x0, repeatCount=0, eventTime=23302526, downTime=23302526, deviceId=-1, source=0x101 }
07-06 01:07:41.177 D/OkHttp  (22348): <-- 200 OK http://picture.edu.hismarttv.com/images/20170628121925625089.png (23ms)
07-06 01:07:41.177 D/OkHttp  (22348): Date: Fri, 30 Jun 2017 07:45:44 GMT
07-06 01:07:41.177 D/OkHttp  (22348): Server: nginx
07-06 01:07:41.177 D/OkHttp  (22348): Content-Type: image/png
07-06 01:07:41.177 D/OkHttp  (22348): Content-Length: 3689
07-06 01:07:41.177 D/OkHttp  (22348): Last-Modified: Wed, 28 Jun 2017 12:19:25 GMT
07-06 01:07:41.177 D/OkHttp  (22348): ETag: "59539ecd-e69"
07-06 01:07:41.177 D/OkHttp  (22348): Accept-Ranges: bytes
07-06 01:07:41.177 D/OkHttp  (22348): Age: 465717
07-06 01:07:41.177 D/OkHttp  (22348): Via: 1.1 jnwt241:0 (Cdn Cache Server V2.0)[39 200 2], 1.1 hangwangtong56:9 (Cdn Cache Server V2.0)[0 200 0]
07-06 01:07:41.177 D/OkHttp  (22348): Connection: keep-alive
07-06 01:07:41.177 D/OkHttp  (22348): <-- END HTTP
07-06 01:07:41.187 D/HttpHandler(22348): RetryIntercepter-->retryNum=0
07-06 01:07:41.188 D/HttpHandler(22348): RetryIntercepter-->backoffmutiplier=0
07-06 01:07:41.215 D/TabView (22348): 
07-06 01:07:41.218 D/TabView (22348): 
07-06 01:07:41.219 D/TabView (22348): 
07-06 01:07:41.220 D/TabView (22348): 
07-06 01:07:41.221 D/TabView (22348): 
07-06 01:07:41.222 D/TabView (22348): 
07-06 01:07:41.223 D/TabView (22348): 
07-06 01:07:41.224 D/TabView (22348): 
07-06 01:07:41.226 D/TabView (22348): 
07-06 01:07:41.227 D/TabView (22348): 
07-06 01:07:41.227 D/TabView (22348): 
07-06 01:07:41.228 D/TabView (22348): 
07-06 01:07:41.229 D/TabView (22348): 
07-06 01:07:41.230 D/HttpHandler(22348): VerifySignInterCeptor-->request.url()=http://picture.edu.hismarttv.com/images/20170628111818312641.png
07-06 01:07:41.230 D/HttpHandler(22348): VerifySignInterCeptor-->hostname=picture.edu.hismarttv.com
07-06 01:07:41.230 D/TabView (22348): 
07-06 01:07:41.231 D/TabView (22348): 
07-06 01:07:41.232 D/OkHttp  (22348): --> GET http://picture.edu.hismarttv.com/images/20170628111818312641.png http/1.1
07-06 01:07:41.232 D/OkHttp  (22348): Host: picture.edu.hismarttv.com
07-06 01:07:41.232 D/TabView (22348): 
07-06 01:07:41.232 D/OkHttp  (22348): Connection: Keep-Alive
07-06 01:07:41.232 D/OkHttp  (22348): Accept-Encoding: gzip
07-06 01:07:41.232 D/OkHttp  (22348): User-Agent: okhttp/3.6.0
07-06 01:07:41.232 D/OkHttp  (22348): --> END GET
07-06 01:07:41.233 I/MyFragmentStateAdapter(22348): getCount
07-06 01:07:41.233 I/MyFragmentStateAdapter(22348): getCount
07-06 01:07:41.233 D/TabView (22348): 
07-06 01:07:41.234 D/TabView (22348): 
07-06 01:07:41.235 D/TabView (22348): 
07-06 01:07:41.236 D/TabView (22348): 
07-06 01:07:41.237 D/TabView (22348): 
07-06 01:07:41.238 D/TabView (22348): 
07-06 01:07:41.238 I/art     (22313): Background sticky concurrent mark sweep GC freed 13333(707KB) AllocSpace objects, 0(0B) LOS objects, 45% free, 922KB/1687KB, paused 5.932ms total 33.821ms
07-06 01:07:41.239 D/TabView (22348): 
07-06 01:07:41.239 D/TabView (22348): 
07-06 01:07:41.240 D/TabView (22348): 
07-06 01:07:41.242 D/TabView (22348): 
07-06 01:07:41.242 D/TabView (22348): 
07-06 01:07:41.243 D/TabView (22348): 
07-06 01:07:41.244 D/TabView (22348): 
07-06 01:07:41.245 D/OkHttp  (22348): <-- HTTP FAILED: java.io.InterruptedIOException: thread interrupted
07-06 01:07:41.245 D/TabView (22348): 
07-06 01:07:41.246 D/TabView (22348): 
07-06 01:07:41.247 D/TabView (22348): 
07-06 01:07:41.248 I/MyFragmentStateAdapter(22348): getCount
07-06 01:07:41.248 I/MyFragmentStateAdapter(22348): getCount
07-06 01:07:41.251 D/HttpHandler(22348): RetryIntercepter-->retryNum=0
07-06 01:07:41.251 D/HttpHandler(22348): RetryIntercepter-->backoffmutiplier=0
07-06 01:07:41.271 I/MiSysSrv( 1214): [37m[INFO] Change to Voltage: 117 mv (0x32)[m
07-06 01:07:41.272 I/TabView (22348): onScroll:,firstItem=0,visibleCount=6,totalCount=10
07-06 01:07:41.274 D/Carousel-CarouselView(22348): ============>onScrollChanged hashCode:439871905
07-06 01:07:41.274 D/Carousel-CarouselDisplayPlayerLayout(22348): isFullScreen:false
07-06 01:07:41.275 I/MainHomeView(22348): onPanelSlide0.32061067---left194
07-06 01:07:41.278 I/CurrentCarouselView(22348): onCarouseControlCarouselControlBean{mShoudScroll=true, mActivityHasResume=false, mActivityHasStop=false, mHasTurnGone=false, mHasTurnVisible=false, mChannelId=-1, mSlideOffset=0.32061067, mShouldSelectCenter=false, mTabOpen=false, mHoriPosStatus=None, mVerPosStatus=None, mLevelStatus=None},isPlayingtrue,channelId=0
07-06 01:07:41.278 I/CurrentCarouselView(22348): is not the current page
07-06 01:07:41.278 I/CurrentCarouselView(22348): do scroll
07-06 01:07:41.278 D/Carousel-CarouselView(22348): smoothScroll.
07-06 01:07:41.278 D/Carousel-CarouselDisplayPlayerLayout(22348): isFullScreen:false
07-06 01:07:41.279 D/TabView (22348): onReceiveSlidingOffset ===>:0.32061067
07-06 01:07:41.281 I/MyFragmentStateAdapter(22348): getCount
07-06 01:07:41.296 D/Carousel-CarouselDisplayPlayerLayout(22348): HasFocus:false,keyCode:22
07-06 01:07:41.296 D/Carousel-CarouselDisplayPlayerLayout(22348): isFullScreen:false
07-06 01:07:41.296 I/HomeMainActivity(22348): carousel handle key:false
07-06 01:07:41.305 D/DtvSourcePlugin-DVBC( 4289): Setting the EPG Updater state to: WAIT
07-06 01:07:41.310 V/InputMethodService( 2203): startInput(): editor=android.view.inputmethod.EditorInfo@274e2db7
07-06 01:07:41.310 V/InputMethodService( 2203): CALL: onFinishInput
07-06 01:07:41.311 E/SOGOUIME_JNI( 2203): reset
07-06 01:07:41.311 E/SOGOUIME_JNI( 2203): getCandidates
07-06 01:07:41.311 E/SOGOUIME_JNI( 2203): ime_get_uncommitted_length
07-06 01:07:41.311 E/SOGOUIME_JNI( 2203): getCandidates
07-06 01:07:41.311 D/SogouIME API( 2203): ==============num:32
07-06 01:07:41.312 E/SOGOUIME_JNI( 2203): ime_get_uncommitted_length
07-06 01:07:41.312 D/SogouIME( 2203): mFocusedComponent:30   isHkbEnable:false
07-06 01:07:41.312 E/SOGOUIME_JNI( 2203): ime_get_uncommitted_length
07-06 01:07:41.312 E/SOGOUIME_JNI( 2203): ime_get_committed_length
07-06 01:07:41.312 E/SOGOUIME_JNI( 2203): getComposingInfo
07-06 01:07:41.312 E/SOGOUIME_JNI( 2203): getComposingInfo
07-06 01:07:41.312 E/SOGOUIME_JNI( 2203): getCorrectInfo
07-06 01:07:41.312 E/SOGOUIME_JNI( 2203): getComposingInfo
07-06 01:07:41.312 V/InputMethodService( 2203): CALL: onStartInput
07-06 01:07:41.315 I/MyFragmentStateAdapter(22348): getCount
07-06 01:07:41.320 E/SOGOUIME_JNI( 2203): invalidateCommitWordPinyinNative
07-06 01:07:41.320 D/SogouIME( 2203): =====configKeyboard=======:false     false
07-06 01:07:41.320 E/SOGOUIME_JNI( 2203): ime_set_hard_kb_enable
07-06 01:07:41.330 D/MSTAR_VDEC_DBG( 1206): Stream ID: 0, Rate : 24 (E:0,D:0,S:0,F:77) 
07-06 01:07:41.348 I/MainHomeView(22348): onPanelSlide0.114503816---left167
07-06 01:07:41.348 I/CurrentCarouselView(22348): onCarouseControlCarouselControlBean{mShoudScroll=true, mActivityHasResume=false, mActivityHasStop=false, mHasTurnGone=false, mHasTurnVisible=false, mChannelId=-1, mSlideOffset=0.114503816, mShouldSelectCenter=false, mTabOpen=false, mHoriPosStatus=None, mVerPosStatus=None, mLevelStatus=None},isPlayingtrue,channelId=0
07-06 01:07:41.348 I/CurrentCarouselView(22348): is not the current page
07-06 01:07:41.348 I/CurrentCarouselView(22348): do scroll
07-06 01:07:41.348 D/Carousel-CarouselView(22348): smoothScroll.
07-06 01:07:41.348 D/Carousel-CarouselDisplayPlayerLayout(22348): isFullScreen:false
07-06 01:07:41.348 D/TabView (22348): onReceiveSlidingOffset ===>:0.114503816
07-06 01:07:41.357 D/Carousel-CarouselDisplayPlayerLayout(22348): x=395, y=167,w=892,h=536, hashCode=838564918
07-06 01:07:41.357 D/Carousel-CarouselDisplayPlayerLayout(22348): mX=511, mY=167,mWitdh=892,mHeight=536, hashCode=838564918
07-06 01:07:41.357 D/Carousel-CarouselDisplayPlayerLayout(22348): changed=true, hashCode=838564918
07-06 01:07:41.360 D/Carousel-Utils(22348): x=395,y=167, width=892,height=536
07-06 01:07:41.361 D/Carousel-CarouselDisplayPlayerLayout(22348): isFullScreen:false
07-06 01:07:41.361 D/Carousel-CarouselView(22348): ===========>onScrollStart
07-06 01:07:41.361 D/Carousel-Utils(22348): displayImage view=android.widget.ImageView{13bb92b4 I.ED.... ......ID 0,0-816,460 #7f0d0029 app:id/imageView1}
07-06 01:07:41.361 D/Carousel-Utils(22348): displayImage url=http://picture.edu.hismarttv.com/images/20170629010146422927.jpg
07-06 01:07:41.362 D/Carousel-Utils(22348): onResourceReady.
07-06 01:07:41.370 I/MiSysSrv( 1214): [37m[INFO] Change to Voltage: 112 mv (0x2D)[m
07-06 01:07:41.375 D/Carousel-Utils(22348): displayImage view=android.widget.ImageView{39b8405b I.ED.... ........ 0,0-816,460 #7f0d0029 app:id/imageView1}
07-06 01:07:41.375 D/Carousel-Utils(22348): displayImage url=http://picture.edu.hismarttv.com/images/20170629010146422927.jpg
07-06 01:07:41.376 D/Carousel-Utils(22348): onResourceReady.
07-06 01:07:41.376 D/Carousel-CarouselDisplayPlayerLayout(22348): x=395, y=167,w=892,h=536, hashCode=838564918
07-06 01:07:41.376 D/Carousel-CarouselDisplayPlayerLayout(22348): mX=395, mY=167,mWitdh=892,mHeight=536, hashCode=838564918
07-06 01:07:41.376 D/Carousel-CarouselDisplayPlayerLayout(22348): changed=false, hashCode=838564918
07-06 01:07:41.377 D/Carousel-CarouselDisplayPlayerLayout(22348): extraTryCount=0
07-06 01:07:41.398 I/TVMW@HsTvSetting( 1234): Trace cmd, data = 0x1058
07-06 01:07:41.398 D/til@system( 2026): til_get_system_param option:100002F int:0, bool:0, ret:0
07-06 01:07:41.398 I/TVMW@HsTvSetting( 1234): Trace cmd, data = 0x101f
07-06 01:07:41.398 D/til@system( 2026): til_get_system_param option:100001D int:3, bool:3, ret:0
07-06 01:07:41.399 E/til     ( 2026): [til_get_current_input_source, 101] 
07-06 01:07:41.399 I/TVMW@HsTvSetting( 1234): Trace cmd, data = 0x7007
07-06 01:07:41.399 I/tilwrapper@sm( 2026): HS2TIL_SourceType *hs=0xd, *til=0x900
07-06 01:07:41.399 D/til     ( 2026): get current source 2304
07-06 01:07:41.400 D/SourceRemoteServiceHandler( 2026): getCurrentInputSource.from.til.result is 0, value is 2304
07-06 01:07:41.400 D/SourceRemoteServiceHandler( 2026): getInputSourceType source: 0x900, type=2304
07-06 01:07:41.400 D/til     ( 2026): ###### func:til_get_picture_param option:0x3000006 ######  
07-06 01:07:41.400 I/TVMW@HsTvSetting( 1234): Trace cmd, data = 0x1003
07-06 01:07:41.400 I/TVMW@HsTvSetting( 1234): Trace cmd, data = 0x8032
07-06 01:07:41.402 E/TVMW@videoctrl( 1234):  getOsd is 1
07-06 01:07:41.403 I/hstvos  ( 1216): [0m[1;33m[HSHAL][HS_VIDEO][HS_HAL_Video_SetOsdDetect_v2][2389]u16Threshold = 20
07-06 01:07:41.406 D/til@system( 2026): til_get_system_param option:1000027 int:1, bool:1, ret:0
07-06 01:07:41.406 D/til     ( 2026): ###### func:til_get_picture_param option:0x3000045 ######  
07-06 01:07:41.408 I/TVMW@HsTvSetting( 1234): Trace cmd, data = 0x300c
07-06 01:07:41.408 I/TVMW@HsTvSetting( 1234): Trace 3d, data = 0x300c
07-06 01:07:41.408 I/TVMW@3d ( 1234): Hs_debug3d_trace: func:get3dStatus, line:109
07-06 01:07:41.431 I/MyFragmentStateAdapter(22348): getCount
07-06 01:07:41.431 I/MyFragmentStateAdapter(22348): getCount
07-06 01:07:41.431 I/MyFragmentStateAdapter(22348): getCount
07-06 01:07:41.431 I/MyFragmentStateAdapter(22348): getCount
07-06 01:07:41.432 I/Carousel-UrlVideoView(22348): onMeasure(MeasureSpec: EXACTLY 816, MeasureSpec: EXACTLY 460)
07-06 01:07:41.432 D/Carousel-UrlVideoView(22348): widthSpecMode=1073741824
07-06 01:07:41.432 D/Carousel-UrlVideoView(22348): heightSpecMode=1073741824
07-06 01:07:41.432 D/Carousel-UrlVideoView(22348): widthSpecSize=816
07-06 01:07:41.432 D/Carousel-UrlVideoView(22348): heightSpecSize=460
07-06 01:07:41.432 I/Carousel-UrlVideoView(22348): onMeasure(MeasureSpec: EXACTLY 816, MeasureSpec: EXACTLY 460)
07-06 01:07:41.432 D/Carousel-UrlVideoView(22348): widthSpecMode=1073741824
07-06 01:07:41.432 D/Carousel-UrlVideoView(22348): heightSpecMode=1073741824
07-06 01:07:41.432 D/Carousel-UrlVideoView(22348): widthSpecSize=816
07-06 01:07:41.432 D/Carousel-UrlVideoView(22348): heightSpecSize=460
07-06 01:07:41.439 D/Surface ( 1733): onStatusChange() : mNativeObject = 547819104768 mUseImageHwRender = false
07-06 01:07:41.439 V/Surface ( 1733): nativeSetHardwareRender() : status = 0
07-06 01:07:41.439 V/Surface ( 1733): nativeSetHardwareRender() : end
07-06 01:07:41.441 D/PowerManagerService( 1733): releaseWakeLockInternal: lock=487931605 [WindowManager], flags=0x0
07-06 01:07:41.441 D/PowerManagerNotifier( 1733): onWakeLockReleased: flags=536870922, tag="WindowManager", packageName=android, ownerUid=1000, ownerPid=1733, workSource=WorkSource{10010}
07-06 01:07:41.441 D/PowerManagerService( 1733): userActivityNoUpdateLocked: eventTime=23303013, event=0, flags=0x1, uid=1000
07-06 01:07:41.442 D/PowerManagerService( 1733): setScreenBrightnessOverrideFromWindowManagerInternal done
07-06 01:07:41.443 D/Surface ( 1733): onStatusChange() : mNativeObject = 0 mUseImageHwRender = false
07-06 01:07:41.445 I/FirstLineAdapter(22348): canShowTrailer,isOffline=false
07-06 01:07:41.445 I/FirstLineAdapter(22348): canShowTrailer,isOffline=false
07-06 01:07:41.445 I/FirstLineAdapter(22348): canShowTrailer,isOffline=false
07-06 01:07:41.445 I/FirstLineAdapter(22348): canShowTrailer,isOffline=false
07-06 01:07:41.445 I/FirstLineAdapter(22348): canShowTrailer,isOffline=false
07-06 01:07:41.445 I/FirstLineAdapter(22348): canShowTrailer,isOffline=false
07-06 01:07:41.445 I/FirstLineAdapter(22348): canShowTrailer,isOffline=false
07-06 01:07:41.446 I/FirstLineAdapter(22348): canShowTrailer,isOffline=false
07-06 01:07:41.446 I/FirstLineAdapter(22348): canShowTrailer,isOffline=false
07-06 01:07:41.446 I/SurfaceView(22348): Changes: creating=false format=false size=false visible=false left=true top=false
07-06 01:07:41.446 I/SurfaceView(22348): Cur surface: Surface(name=null)/@0x7465ed4
07-06 01:07:41.447 D/Surface ( 1733): onStatusChange() : mNativeObject = 547334931456 mUseImageHwRender = false
07-06 01:07:41.447 V/Surface ( 1733): nativeSetHardwareRender() : status = 0
07-06 01:07:41.447 V/Surface ( 1733): nativeSetHardwareRender() : end
07-06 01:07:41.449 D/PowerManagerService( 1733): setScreenBrightnessOverrideFromWindowManagerInternal done
07-06 01:07:41.451 D/Surface ( 1733): onStatusChange() : mNativeObject = 0 mUseImageHwRender = false
07-06 01:07:41.452 D/Surface (22348): onStatusChange() : mNativeObject = -531866368 mUseImageHwRender = false
07-06 01:07:41.452 V/Surface (22348): nativeSetHardwareRender() : status = 0
07-06 01:07:41.452 V/Surface (22348): nativeSetHardwareRender() : end
07-06 01:07:41.452 I/SurfaceView(22348): New surface: Surface(name=null)/@0x35d3287d, vis=true, frame=Rect(433, 205 - 1249, 665)
07-06 01:07:41.452 D/Surface (22348): onStatusChange() : mNativeObject = 0 mUseImageHwRender = false
07-06 01:07:41.452 D/Surface (22348): onStatusChange() : mNativeObject = -531866368 mUseImageHwRender = false
07-06 01:07:41.453 V/Surface (22348): nativeSetHardwareRender() : status = 0
07-06 01:07:41.453 V/Surface (22348): nativeSetHardwareRender() : end
07-06 01:07:41.453 V/SurfaceView(22348): Layout: x=433 y=205 w=816 h=460, frame=Rect(0, 0 - 816, 460)
07-06 01:07:41.460 I/MainHomeView(22348): onPanelSlide0.015267176---left154
07-06 01:07:41.461 I/CurrentCarouselView(22348): onCarouseControlCarouselControlBean{mShoudScroll=true, mActivityHasResume=false, mActivityHasStop=false, mHasTurnGone=false, mHasTurnVisible=false, mChannelId=-1, mSlideOffset=0.015267176, mShouldSelectCenter=false, mTabOpen=false, mHoriPosStatus=None, mVerPosStatus=None, mLevelStatus=None},isPlayingtrue,channelId=0
07-06 01:07:41.461 I/CurrentCarouselView(22348): is not the current page
07-06 01:07:41.461 I/CurrentCarouselView(22348): do scroll
07-06 01:07:41.461 D/Carousel-CarouselView(22348): smoothScroll.
07-06 01:07:41.461 D/Carousel-CarouselDisplayPlayerLayout(22348): isFullScreen:false
07-06 01:07:41.461 D/TabView (22348): onReceiveSlidingOffset ===>:0.015267176
07-06 01:07:41.463 I/MyFragmentStateAdapter(22348): getCount
07-06 01:07:41.467 D/Carousel-CarouselDisplayPlayerLayout(22348): x=382, y=167,w=892,h=536, hashCode=838564918
07-06 01:07:41.467 D/Carousel-CarouselDisplayPlayerLayout(22348): mX=395, mY=167,mWitdh=892,mHeight=536, hashCode=838564918
07-06 01:07:41.467 D/Carousel-CarouselDisplayPlayerLayout(22348): changed=true, hashCode=838564918
07-06 01:07:41.467 D/Carousel-Utils(22348): x=382,y=167, width=892,height=536
07-06 01:07:41.467 D/Carousel-CarouselDisplayPlayerLayout(22348): x=382, y=167,w=892,h=536, hashCode=838564918
07-06 01:07:41.467 D/Carousel-CarouselDisplayPlayerLayout(22348): mX=382, mY=167,mWitdh=892,mHeight=536, hashCode=838564918
07-06 01:07:41.467 D/Carousel-CarouselDisplayPlayerLayout(22348): changed=false, hashCode=838564918
07-06 01:07:41.467 D/Carousel-CarouselDisplayPlayerLayout(22348): extraTryCount=0
07-06 01:07:41.468 D/Carousel-CarouselDisplayPlayerLayout(22348): x=382, y=167,w=892,h=536, hashCode=838564918
07-06 01:07:41.468 D/Carousel-CarouselDisplayPlayerLayout(22348): mX=382, mY=167,mWitdh=892,mHeight=536, hashCode=838564918
07-06 01:07:41.468 D/Carousel-CarouselDisplayPlayerLayout(22348): changed=false, hashCode=838564918
07-06 01:07:41.468 D/Carousel-CarouselDisplayPlayerLayout(22348): extraTryCount=1
07-06 01:07:41.471 E/hwcomposer( 1204): Overlay 0 size changeed src {1920 1080} -> {1920, 1080} crop{0.000000 0.000000 1920.000000 1080.000000}->{0.000000 0.000000 1920.000000 1080.000000} dst{549 205 1365 665}->{433 205 1249 665}
07-06 01:07:41.473 I/MyFragmentStateAdapter(22348): getCount
07-06 01:07:41.504 D/hwcomposer( 1204): Overlay [0] do size change!
07-06 01:07:41.504 D/vsyncbridge( 1204): [0] handle_thread thread got msg 0x2, mState = 3
07-06 01:07:41.504 D/vsyncbridge( 1204): Overlay 0 Resize, mState = 0x3, 0, disp[433 205 816 460] osd[1920 1080]
07-06 01:07:41.505 D/vsyncbridge( 1204): [update_ds_table,  594] DispW:1632 DispH:920 
07-06 01:07:41.505 D/vsyncbridge( 1204): [update_ds_table,  598] Cap.x:1105 Cap.y:30 CapW:1920 CapH:1080 
07-06 01:07:41.505 D/vsyncbridge( 1204): [update_ds_table,  599] enInputSourceType:34 
07-06 01:07:41.505 D/vsyncbridge( 1204): [update_ds_table,  601] u16InputVTotal:2205  u16InputVFreq:240 
07-06 01:07:41.505 D/vsyncbridge( 1204): [update_ds_table,  603] bInterlace:0  u16DefaultHtotal:0 
07-06 01:07:41.505 D/vsyncbridge( 1204): [update_ds_table,  606] bPreHCusScaling:1  bPreVCusScaling:1 
07-06 01:07:41.505 D/vsyncbridge( 1204): [update_ds_table,  608] u16PreHCusScalingSrc:1920  u16PreHCusScalingDst:1920 
07-06 01:07:41.505 D/vsyncbridge( 1204): [update_ds_table,  610] u16PreVCusScalingSrc:1080  u16PreVCusScalingSrc:1080 
07-06 01:07:41.505 D/vsyncbridge( 1204): [update_ds_table,  613] bHCusScaling:0  bVCusScaling:0 
07-06 01:07:41.505 D/vsyncbridge( 1204): [update_ds_table,  615] u16HCusScalingSrc:1920  u16HCusScalingDst:1632 
07-06 01:07:41.505 D/vsyncbridge( 1204): [update_ds_table,  617] u16VCusScalingSrc:1080  u16VCusScalingDst:920 
07-06 01:07:41.505 D/vsyncbridge( 1204): vsync_bridge_CalAspectRatio type = 0
07-06 01:07:41.505 D/vsyncbridge( 1204): panel [3840 2160] osd [1920 1080] ratio [2.000000 2.000000]
07-06 01:07:41.505 D/vsyncbridge( 1204): apply ratio, x=866, y=410, width=1632, height=920
07-06 01:07:41.505 D/vsyncbridge( 1204): disp_old[866 410 2498 1330], disp_new[866 410 2498 1330], crop[0 0 1920 1080]
07-06 01:07:41.505 D/vsyncbridge( 1204): [update_ds_table,  798] SW DS !!! 
07-06 01:07:41.505 D/vsyncbridge( 1204): [update_ds_table,  800] stXC_SetWin_Info.stCapWin.width1920  stXC_SetWin_Info.stCapWin.height:1080
07-06 01:07:41.505 D/vsyncbridge( 1204): [update_ds_table,  802] stXC_SetWin_Info.stCropWin.width1920  stXC_SetWin_Info.stCropWin.height:1080
07-06 01:07:41.505 D/vsyncbridge( 1204): [update_ds_table,  803] MApi_XC_GetDynamicScalingStatus():1 
07-06 01:07:41.505 D/        ( 1204): Alert: cannot get frameCount from IOCTL, eWindow=0! Fall back to original frame mode
07-06 01:07:41.505 D/        ( 1204): MVOP is 1P mode
07-06 01:07:41.506 D/        ( 1204): [_MDrv_SC_check_2p_mode][9405]u16Width=3840,u16Height=2160,u32Vfreqx10=240
07-06 01:07:41.506 D/vsyncbridge( 1204): vsync_bridge_render_frame pts = 2583333, DS_Idx=0x1, overlayID=0
07-06 01:07:41.506 D/vsyncbridge( 1204):  W 6, R 5, Cur 6
07-06 01:07:41.506 D/vsyncbridge( 1204): vsync_bridge_CalAspectRatio type = 0
07-06 01:07:41.506 D/vsyncbridge( 1204): panel [3840 2160] osd [1920 1080] ratio [2.000000 2.000000]
07-06 01:07:41.506 D/vsyncbridge( 1204): apply ratio, x=866, y=410, width=1632, height=920
07-06 01:07:41.510 I/Carousel-UrlVideoView(22348): onMeasure(MeasureSpec: EXACTLY 816, MeasureSpec: EXACTLY 460)
07-06 01:07:41.510 D/Carousel-UrlVideoView(22348): widthSpecMode=1073741824
07-06 01:07:41.510 D/Carousel-UrlVideoView(22348): heightSpecMode=1073741824
07-06 01:07:41.510 D/Carousel-UrlVideoView(22348): widthSpecSize=816
07-06 01:07:41.510 D/Carousel-UrlVideoView(22348): heightSpecSize=460
07-06 01:07:41.511 I/Carousel-UrlVideoView(22348): onMeasure(MeasureSpec: EXACTLY 816, MeasureSpec: EXACTLY 460)
07-06 01:07:41.511 D/Carousel-UrlVideoView(22348): widthSpecMode=1073741824
07-06 01:07:41.511 D/Carousel-UrlVideoView(22348): heightSpecMode=1073741824
07-06 01:07:41.511 D/Carousel-UrlVideoView(22348): widthSpecSize=816
07-06 01:07:41.511 D/Carousel-UrlVideoView(22348): heightSpecSize=460
07-06 01:07:41.511 I/SurfaceView(22348): Changes: creating=false format=false size=false visible=false left=true top=false
07-06 01:07:41.511 I/SurfaceView(22348): Cur surface: Surface(name=null)/@0x7465ed4
07-06 01:07:41.513 D/Surface ( 1733): onStatusChange() : mNativeObject = 547334931456 mUseImageHwRender = false
07-06 01:07:41.513 V/Surface ( 1733): nativeSetHardwareRender() : status = 0
07-06 01:07:41.513 V/Surface ( 1733): nativeSetHardwareRender() : end
07-06 01:07:41.515 D/PowerManagerService( 1733): setScreenBrightnessOverrideFromWindowManagerInternal done
07-06 01:07:41.518 D/Surface ( 1733): onStatusChange() : mNativeObject = 0 mUseImageHwRender = false
07-06 01:07:41.518 D/Surface (22348): onStatusChange() : mNativeObject = -195872000 mUseImageHwRender = false
07-06 01:07:41.518 V/Surface (22348): nativeSetHardwareRender() : status = 0
07-06 01:07:41.518 V/Surface (22348): nativeSetHardwareRender() : end
07-06 01:07:41.518 I/SurfaceView(22348): New surface: Surface(name=null)/@0x35d3287d, vis=true, frame=Rect(420, 205 - 1236, 665)
07-06 01:07:41.518 D/Surface (22348): onStatusChange() : mNativeObject = 0 mUseImageHwRender = false
07-06 01:07:41.519 D/Surface (22348): onStatusChange() : mNativeObject = -195872000 mUseImageHwRender = false
07-06 01:07:41.519 V/Surface (22348): nativeSetHardwareRender() : status = 0
07-06 01:07:41.519 V/Surface (22348): nativeSetHardwareRender() : end
07-06 01:07:41.519 V/SurfaceView(22348): Layout: x=420 y=205 w=816 h=460, frame=Rect(0, 0 - 816, 460)
07-06 01:07:41.522 I/MainHomeView(22348): onPanelSlide0.0---left152
07-06 01:07:41.522 I/CurrentCarouselView(22348): onCarouseControlCarouselControlBean{mShoudScroll=true, mActivityHasResume=false, mActivityHasStop=false, mHasTurnGone=false, mHasTurnVisible=false, mChannelId=-1, mSlideOffset=0.0, mShouldSelectCenter=false, mTabOpen=false, mHoriPosStatus=None, mVerPosStatus=None, mLevelStatus=None},isPlayingtrue,channelId=0
07-06 01:07:41.522 I/CurrentCarouselView(22348): is not the current page
07-06 01:07:41.522 I/CurrentCarouselView(22348): do scroll
07-06 01:07:41.522 D/Carousel-CarouselView(22348): smoothScroll.
07-06 01:07:41.522 D/Carousel-CarouselDisplayPlayerLayout(22348): isFullScreen:false
07-06 01:07:41.522 D/TabView (22348): onReceiveSlidingOffset ===>:0.0
07-06 01:07:41.526 D/Carousel-CarouselDisplayPlayerLayout(22348): x=380, y=167,w=892,h=536, hashCode=838564918
07-06 01:07:41.526 D/Carousel-CarouselDisplayPlayerLayout(22348): mX=382, mY=167,mWitdh=892,mHeight=536, hashCode=838564918
07-06 01:07:41.526 D/Carousel-CarouselDisplayPlayerLayout(22348): changed=true, hashCode=838564918
07-06 01:07:41.526 D/Carousel-Utils(22348): x=380,y=167, width=892,height=536
07-06 01:07:41.526 D/Carousel-CarouselDisplayPlayerLayout(22348): x=380, y=167,w=892,h=536, hashCode=838564918
07-06 01:07:41.526 D/Carousel-CarouselDisplayPlayerLayout(22348): mX=380, mY=167,mWitdh=892,mHeight=536, hashCode=838564918
07-06 01:07:41.526 D/Carousel-CarouselDisplayPlayerLayout(22348): changed=false, hashCode=838564918
07-06 01:07:41.526 D/Carousel-CarouselDisplayPlayerLayout(22348): extraTryCount=0
07-06 01:07:41.526 D/Carousel-CarouselDisplayPlayerLayout(22348): x=380, y=167,w=892,h=536, hashCode=838564918
07-06 01:07:41.526 D/Carousel-CarouselDisplayPlayerLayout(22348): mX=380, mY=167,mWitdh=892,mHeight=536, hashCode=838564918
07-06 01:07:41.526 D/Carousel-CarouselDisplayPlayerLayout(22348): changed=false, hashCode=838564918
07-06 01:07:41.526 D/Carousel-CarouselDisplayPlayerLayout(22348): extraTryCount=1
07-06 01:07:41.526 D/Carousel-CarouselDisplayPlayerLayout(22348): x=380, y=167,w=892,h=536, hashCode=838564918
07-06 01:07:41.526 D/Carousel-CarouselDisplayPlayerLayout(22348): mX=380, mY=167,mWitdh=892,mHeight=536, hashCode=838564918
07-06 01:07:41.526 D/Carousel-CarouselDisplayPlayerLayout(22348): changed=false, hashCode=838564918
07-06 01:07:41.526 D/Carousel-CarouselDisplayPlayerLayout(22348): extraTryCount=2
07-06 01:07:41.536 I/TVMW@devctrl( 1234): wdt
07-06 01:07:41.537 I/Carousel-UrlVideoView(22348): onMeasure(MeasureSpec: EXACTLY 816, MeasureSpec: EXACTLY 460)
07-06 01:07:41.538 D/Carousel-UrlVideoView(22348): widthSpecMode=1073741824
07-06 01:07:41.538 D/Carousel-UrlVideoView(22348): heightSpecMode=1073741824
07-06 01:07:41.538 D/Carousel-UrlVideoView(22348): widthSpecSize=816
07-06 01:07:41.538 D/Carousel-UrlVideoView(22348): heightSpecSize=460
07-06 01:07:41.538 I/Carousel-UrlVideoView(22348): onMeasure(MeasureSpec: EXACTLY 816, MeasureSpec: EXACTLY 460)
07-06 01:07:41.538 D/Carousel-UrlVideoView(22348): widthSpecMode=1073741824
07-06 01:07:41.538 D/Carousel-UrlVideoView(22348): heightSpecMode=1073741824
07-06 01:07:41.538 D/Carousel-UrlVideoView(22348): widthSpecSize=816
07-06 01:07:41.538 D/Carousel-UrlVideoView(22348): heightSpecSize=460
07-06 01:07:41.539 I/SurfaceView(22348): Changes: creating=false format=false size=false visible=false left=true top=false
07-06 01:07:41.539 I/SurfaceView(22348): Cur surface: Surface(name=null)/@0x7465ed4
07-06 01:07:41.539 E/hwcomposer( 1204): Overlay 0 size changeed src {1920 1080} -> {1920, 1080} crop{0.000000 0.000000 1920.000000 1080.000000}->{0.000000 0.000000 1920.000000 1080.000000} dst{433 205 1249 665}->{420 205 1236 665}
07-06 01:07:41.545 D/Surface ( 1733): onStatusChange() : mNativeObject = 547334931456 mUseImageHwRender = false
07-06 01:07:41.545 V/Surface ( 1733): nativeSetHardwareRender() : status = 0
07-06 01:07:41.545 V/Surface ( 1733): nativeSetHardwareRender() : end
07-06 01:07:41.548 D/PowerManagerService( 1733): setScreenBrightnessOverrideFromWindowManagerInternal done
07-06 01:07:41.551 D/Surface ( 1733): onStatusChange() : mNativeObject = 0 mUseImageHwRender = false
07-06 01:07:41.551 D/Surface (22348): onStatusChange() : mNativeObject = -531866368 mUseImageHwRender = false
07-06 01:07:41.551 V/Surface (22348): nativeSetHardwareRender() : status = 0
07-06 01:07:41.551 V/Surface (22348): nativeSetHardwareRender() : end
07-06 01:07:41.551 I/SurfaceView(22348): New surface: Surface(name=null)/@0x35d3287d, vis=true, frame=Rect(418, 205 - 1234, 665)
07-06 01:07:41.551 D/Surface (22348): onStatusChange() : mNativeObject = 0 mUseImageHwRender = false
07-06 01:07:41.552 D/Surface (22348): onStatusChange() : mNativeObject = -531866368 mUseImageHwRender = false
07-06 01:07:41.552 V/Surface (22348): nativeSetHardwareRender() : status = 0
07-06 01:07:41.552 V/Surface (22348): nativeSetHardwareRender() : end
07-06 01:07:41.553 V/SurfaceView(22348): Layout: x=418 y=205 w=816 h=460, frame=Rect(0, 0 - 816, 460)
07-06 01:07:41.556 I/HLSP2P  ( 4483): ## 2017-07-06 01:07:41.552 [4483,4840,:0] INFO ## [HLSP2P][DownloadManager.cpp:35][INFO][SendHeartBeatMsg]send heartbeat to punch server ok
07-06 01:07:41.563 D/Carousel-CarouselDisplayPlayerLayout(22348): x=380, y=167,w=892,h=536, hashCode=838564918
07-06 01:07:41.563 D/Carousel-CarouselDisplayPlayerLayout(22348): mX=380, mY=167,mWitdh=892,mHeight=536, hashCode=838564918
07-06 01:07:41.563 D/Carousel-CarouselDisplayPlayerLayout(22348): changed=false, hashCode=838564918
07-06 01:07:41.563 D/Carousel-CarouselDisplayPlayerLayout(22348): extraTryCount=3
07-06 01:07:41.565 I/MainHomeView(22348): onPanelClosed---left152
07-06 01:07:41.571 I/MiSysSrv( 1214): [37m[INFO] Change to Voltage: 117 mv (0x32)[m
07-06 01:07:41.572 E/hwcomposer( 1204): Overlay 0 size changeed src {1920 1080} -> {1920, 1080} crop{0.000000 0.000000 1920.000000 1080.000000}->{0.000000 0.000000 1920.000000 1080.000000} dst{420 205 1236 665}->{418 205 1234 665}
07-06 01:07:41.588 D/Carousel-CarouselDisplayPlayerLayout(22348): x=380, y=167,w=892,h=536, hashCode=838564918
07-06 01:07:41.588 D/Carousel-CarouselDisplayPlayerLayout(22348): mX=380, mY=167,mWitdh=892,mHeight=536, hashCode=838564918
07-06 01:07:41.588 D/Carousel-CarouselDisplayPlayerLayout(22348): changed=false, hashCode=838564918
07-06 01:07:41.588 D/Carousel-CarouselDisplayPlayerLayout(22348): extraTryCount=4
07-06 01:07:41.598 I/HLSP2P  ( 4483): ## 2017-07-06 01:07:41.597 [4483,4842,:0] INFO ## [HLSP2P][DownloadManager.cpp:35][INFO][OnHeartbeatRsp]punch heartbeat rsp ok
07-06 01:07:41.602 I/MyFragmentStateAdapter(22348): getCount
07-06 01:07:41.620 D/hwcomposer( 1204): Overlay [0] do size change!
07-06 01:07:41.620 D/vsyncbridge( 1204): [0] handle_thread thread got msg 0x2, mState = 3
07-06 01:07:41.620 D/vsyncbridge( 1204): Overlay 0 Resize, mState = 0x3, 0, disp[418 205 816 460] osd[1920 1080]
07-06 01:07:41.620 D/vsyncbridge( 1204): [update_ds_table,  594] DispW:1632 DispH:920 
07-06 01:07:41.620 D/vsyncbridge( 1204): [update_ds_table,  598] Cap.x:1105 Cap.y:30 CapW:1920 CapH:1080 
07-06 01:07:41.620 D/vsyncbridge( 1204): [update_ds_table,  599] enInputSourceType:34 
07-06 01:07:41.620 D/vsyncbridge( 1204): [update_ds_table,  601] u16InputVTotal:2205  u16InputVFreq:240 
07-06 01:07:41.620 D/vsyncbridge( 1204): [update_ds_table,  603] bInterlace:0  u16DefaultHtotal:0 
07-06 01:07:41.620 D/vsyncbridge( 1204): [update_ds_table,  606] bPreHCusScaling:1  bPreVCusScaling:1 
07-06 01:07:41.620 D/vsyncbridge( 1204): [update_ds_table,  608] u16PreHCusScalingSrc:1920  u16PreHCusScalingDst:1920 
07-06 01:07:41.620 D/vsyncbridge( 1204): [update_ds_table,  610] u16PreVCusScalingSrc:1080  u16PreVCusScalingSrc:1080 
07-06 01:07:41.620 D/vsyncbridge( 1204): [update_ds_table,  613] bHCusScaling:0  bVCusScaling:0 
07-06 01:07:41.620 D/vsyncbridge( 1204): [update_ds_table,  615] u16HCusScalingSrc:1920  u16HCusScalingDst:1632 
07-06 01:07:41.620 D/vsyncbridge( 1204): [update_ds_table,  617] u16VCusScalingSrc:1080  u16VCusScalingDst:920 
07-06 01:07:41.621 D/vsyncbridge( 1204): vsync_bridge_CalAspectRatio type = 0
07-06 01:07:41.621 D/vsyncbridge( 1204): panel [3840 2160] osd [1920 1080] ratio [2.000000 2.000000]
07-06 01:07:41.621 D/vsyncbridge( 1204): apply ratio, x=836, y=410, width=1632, height=920
07-06 01:07:41.621 D/vsyncbridge( 1204): disp_old[836 410 2468 1330], disp_new[836 410 2468 1330], crop[0 0 1920 1080]
07-06 01:07:41.621 D/vsyncbridge( 1204): [update_ds_table,  798] SW DS !!! 
07-06 01:07:41.621 D/vsyncbridge( 1204): [update_ds_table,  800] stXC_SetWin_Info.stCapWin.width1920  stXC_SetWin_Info.stCapWin.height:1080
07-06 01:07:41.621 D/vsyncbridge( 1204): [update_ds_table,  802] stXC_SetWin_Info.stCropWin.width1920  stXC_SetWin_Info.stCropWin.height:1080
07-06 01:07:41.621 D/vsyncbridge( 1204): [update_ds_table,  803] MApi_XC_GetDynamicScalingStatus():1 
07-06 01:07:41.621 D/        ( 1204): Alert: cannot get frameCount from IOCTL, eWindow=0! Fall back to original frame mode
07-06 01:07:41.621 D/        ( 1204): MVOP is 1P mode
07-06 01:07:41.621 D/        ( 1204): [_MDrv_SC_check_2p_mode][9405]u16Width=3840,u16Height=2160,u32Vfreqx10=240
07-06 01:07:41.622 D/vsyncbridge( 1204): vsync_bridge_render_frame pts = 2708333, DS_Idx=0x2, overlayID=0
07-06 01:07:41.622 D/vsyncbridge( 1204):  W 1, R 0, Cur 1
07-06 01:07:41.622 D/vsyncbridge( 1204): vsync_bridge_CalAspectRatio type = 0
07-06 01:07:41.622 D/vsyncbridge( 1204): panel [3840 2160] osd [1920 1080] ratio [2.000000 2.000000]
07-06 01:07:41.622 D/vsyncbridge( 1204): apply ratio, x=836, y=410, width=1632, height=920
07-06 01:07:41.648 D/Carousel-CarouselDisplayPlayerLayout(22348): x=380, y=167,w=892,h=536, hashCode=838564918
07-06 01:07:41.649 D/Carousel-CarouselDisplayPlayerLayout(22348): mX=380, mY=167,mWitdh=892,mHeight=536, hashCode=838564918
07-06 01:07:41.649 D/Carousel-CarouselDisplayPlayerLayout(22348): changed=false, hashCode=838564918
07-06 01:07:41.649 D/Carousel-CarouselDisplayPlayerLayout(22348): extraTryCount=5
07-06 01:07:41.649 D/Carousel-CarouselDisplayPlayerLayout(22348): x=380, y=167,w=892,h=536, hashCode=838564918
07-06 01:07:41.649 D/Carousel-CarouselDisplayPlayerLayout(22348): mX=380, mY=167,mWitdh=892,mHeight=536, hashCode=838564918
07-06 01:07:41.649 D/Carousel-CarouselDisplayPlayerLayout(22348): changed=false, hashCode=838564918
07-06 01:07:41.649 D/Carousel-CarouselDisplayPlayerLayout(22348): extraTryCount=6
07-06 01:07:41.649 D/Carousel-CarouselDisplayPlayerLayout(22348): x=380, y=167,w=892,h=536, hashCode=838564918
07-06 01:07:41.649 D/Carousel-CarouselDisplayPlayerLayout(22348): mX=380, mY=167,mWitdh=892,mHeight=536, hashCode=838564918
07-06 01:07:41.649 D/Carousel-CarouselDisplayPlayerLayout(22348): changed=false, hashCode=838564918
07-06 01:07:41.649 D/Carousel-CarouselDisplayPlayerLayout(22348): extraTryCount=7
07-06 01:07:41.651 D/Carousel-CarouselDisplayPlayerLayout(22348): x=380, y=167,w=892,h=536, hashCode=838564918
07-06 01:07:41.652 D/Carousel-CarouselDisplayPlayerLayout(22348): mX=380, mY=167,mWitdh=892,mHeight=536, hashCode=838564918
07-06 01:07:41.652 D/Carousel-CarouselDisplayPlayerLayout(22348): changed=false, hashCode=838564918
07-06 01:07:41.652 D/Carousel-CarouselDisplayPlayerLayout(22348): extraTryCount=8
07-06 01:07:41.652 D/Carousel-CarouselDisplayPlayerLayout(22348): x=380, y=167,w=892,h=536, hashCode=838564918
07-06 01:07:41.652 D/Carousel-CarouselDisplayPlayerLayout(22348): mX=380, mY=167,mWitdh=892,mHeight=536, hashCode=838564918
07-06 01:07:41.652 D/Carousel-CarouselDisplayPlayerLayout(22348): changed=false, hashCode=838564918
07-06 01:07:41.652 D/Carousel-CarouselDisplayPlayerLayout(22348): extraTryCount=9
07-06 01:07:41.663 I/NetflixMonitorService( 1733): current fgapk : com.hisense.hicloud.edca
07-06 01:07:41.664 I/NetflixMonitorService( 1733): Netflix status unchanged
07-06 01:07:41.664 I/MyFragmentStateAdapter(22348): getCount
07-06 01:07:41.702 D/Carousel-CarouselDisplayPlayerLayout(22348): x=380, y=167,w=892,h=536, hashCode=838564918
07-06 01:07:41.712 D/Carousel-CarouselDisplayPlayerLayout(22348): mX=380, mY=167,mWitdh=892,mHeight=536, hashCode=838564918
07-06 01:07:41.712 D/Carousel-CarouselDisplayPlayerLayout(22348): changed=false, hashCode=838564918
07-06 01:07:41.712 D/Carousel-CarouselDisplayPlayerLayout(22348): isFullScreen:false
07-06 01:07:41.713 D/Carousel-CarouselView(22348): ===========>mDisplayPlayerLayout.getVisibility()=4
07-06 01:07:41.713 D/Carousel-CarouselView(22348): ===========>onScrollEnd
07-06 01:07:41.713 D/Carousel-Utils(22348): x=380,y=167, width=892,height=536
07-06 01:07:41.713 D/Carousel-CarouselView(22348): isOutScreen:false
07-06 01:07:41.717 I/MyFragmentStateAdapter(22348): getCount
07-06 01:07:41.717 I/MyFragmentStateAdapter(22348): getCount
07-06 01:07:41.717 I/MyFragmentStateAdapter(22348): getCount
07-06 01:07:41.717 I/MyFragmentStateAdapter(22348): getCount
07-06 01:07:41.720 D/Surface ( 1733): onStatusChange() : mNativeObject = 547819104768 mUseImageHwRender = false
07-06 01:07:41.720 V/Surface ( 1733): nativeSetHardwareRender() : status = 0
07-06 01:07:41.720 V/Surface ( 1733): nativeSetHardwareRender() : end
07-06 01:07:41.723 D/PowerManagerService( 1733): acquireWakeLockInternal: lock=487931605, flags=0x2000000a, tag="WindowManager", ws=WorkSource{10010}, uid=1000, pid=1733
07-06 01:07:41.723 D/PowerManagerNotifier( 1733): onWakeLockAcquired: flags=536870922, tag="WindowManager", packageName=android, ownerUid=1000, ownerPid=1733, workSource=WorkSource{10010}
07-06 01:07:41.723 D/PowerManagerService( 1733): setScreenBrightnessOverrideFromWindowManagerInternal done
07-06 01:07:41.727 D/Surface ( 1733): onStatusChange() : mNativeObject = 0 mUseImageHwRender = false
07-06 01:07:41.728 I/FirstLineAdapter(22348): canShowTrailer,isOffline=false
07-06 01:07:41.728 I/FirstLineAdapter(22348): canShowTrailer,isOffline=false
07-06 01:07:41.728 I/FirstLineAdapter(22348): canShowTrailer,isOffline=false
07-06 01:07:41.728 I/FirstLineAdapter(22348): canShowTrailer,isOffline=false
07-06 01:07:41.728 I/FirstLineAdapter(22348): canShowTrailer,isOffline=false
07-06 01:07:41.729 I/FirstLineAdapter(22348): canShowTrailer,isOffline=false
07-06 01:07:41.729 I/FirstLineAdapter(22348): canShowTrailer,isOffline=false
07-06 01:07:41.729 I/FirstLineAdapter(22348): canShowTrailer,isOffline=false
07-06 01:07:41.729 I/FirstLineAdapter(22348): canShowTrailer,isOffline=false
07-06 01:07:41.734 I/MyFragmentStateAdapter(22348): getCount
07-06 01:07:41.773 I/MyFragmentStateAdapter(22348): getCount
07-06 01:07:41.827 I/MyFragmentStateAdapter(22348): getCount
07-06 01:07:41.856 E/btif_config( 2964): [btif_config_get] node is TRUE!
07-06 01:07:41.856 E/btif_config( 2964): [btif_config_get] ret is TRUE!
07-06 01:07:41.871 I/MiSysSrv( 1214): [37m[INFO] Change to Voltage: 112 mv (0x2D)[m
07-06 01:07:41.914 I/TVMW@HsTvSetting( 1234): Trace cmd, data = 0x1058
07-06 01:07:41.915 D/til@system( 2026): til_get_system_param option:100002F int:0, bool:0, ret:0
07-06 01:07:41.915 I/TVMW@HsTvSetting( 1234): Trace cmd, data = 0x101f
07-06 01:07:41.916 D/til@system( 2026): til_get_system_param option:100001D int:3, bool:3, ret:0
07-06 01:07:41.917 E/til     ( 2026): [til_get_current_input_source, 101] 
07-06 01:07:41.921 I/TVMW@HsTvSetting( 1234): Trace cmd, data = 0x7007
07-06 01:07:41.922 I/tilwrapper@sm( 2026): HS2TIL_SourceType *hs=0xd, *til=0x900
07-06 01:07:41.922 D/til     ( 2026): get current source 2304
07-06 01:07:41.922 D/SourceRemoteServiceHandler( 2026): getCurrentInputSource.from.til.result is 0, value is 2304
07-06 01:07:41.922 D/SourceRemoteServiceHandler( 2026): getInputSourceType source: 0x900, type=2304
07-06 01:07:41.922 D/til     ( 2026): ###### func:til_get_picture_param option:0x3000006 ######  
07-06 01:07:41.923 I/TVMW@HsTvSetting( 1234): Trace cmd, data = 0x1003
07-06 01:07:41.925 I/TVMW@HsTvSetting( 1234): Trace cmd, data = 0x8032
07-06 01:07:41.925 I/MyFragmentStateAdapter(22348): getCount
07-06 01:07:41.926 I/hstvos  ( 1216): [0m[1;33m[HSHAL][HS_VIDEO][HS_HAL_Video_SetOsdDetect_v2][2389]u16Threshold = 20
07-06 01:07:41.926 E/TVMW@videoctrl( 1234):  getOsd is 1
07-06 01:07:41.927 D/til@system( 2026): til_get_system_param option:1000027 int:1, bool:1, ret:0
07-06 01:07:41.930 D/til     ( 2026): ###### func:til_get_picture_param option:0x3000045 ######  
07-06 01:07:41.931 I/TVMW@HsTvSetting( 1234): Trace cmd, data = 0x300c
07-06 01:07:41.931 I/TVMW@HsTvSetting( 1234): Trace 3d, data = 0x300c
07-06 01:07:41.931 I/TVMW@3d ( 1234): Hs_debug3d_trace: func:get3dStatus, line:109
07-06 01:07:42.007 I/MyFragmentStateAdapter(22348): getCount
07-06 01:07:42.059 I/MyFragmentStateAdapter(22348): getCount
07-06 01:07:42.073 I/MiSysSrv( 1214): [37m[INFO] Change to Voltage: 102 mv (0x23)[m
07-06 01:07:42.140 I/MyFragmentStateAdapter(22348): getCount
07-06 01:07:42.169 I/MiSysSrv( 1214): [37m[INFO] Change to Voltage: 102 mv (0x23)[m
07-06 01:07:42.180 D/CommonHeader(22348): app logo :refreshTimer: isRotatetrue
07-06 01:07:42.213 I/MyFragmentStateAdapter(22348): getCount
07-06 01:07:42.223 E/btif_config( 2964): [btif_config_get] node is TRUE!
07-06 01:07:42.223 E/btif_config( 2964): [btif_config_get] ret is TRUE!
07-06 01:07:42.274 I/MiSysSrv( 1214): [37m[INFO] Change to Voltage: 102 mv (0x23)[m
07-06 01:07:42.282 I/MyFragmentStateAdapter(22348): getCount
07-06 01:07:42.330 D/MSTAR_VDEC_DBG( 1206): Stream ID: 0, Rate : 23 (E:0,D:0,S:0,F:101) 
07-06 01:07:42.352 I/MyFragmentStateAdapter(22348): getCount
07-06 01:07:42.360 D/GlobalInputEventMonitoringService( 1733): interceptKeyBeforeQueueing(), event:22, mNeedMonitorKeyEvent:true, mWaitForKeyUpEvent:false
07-06 01:07:42.360 D/GlobalInputEventMonitoringService( 1733): processKeyEvent(), processKeyEvent event:22
07-06 01:07:42.360 D/WindowManager( 1733): interceptKeyTq keycode=22 interactive=true keyguardActive=false policyFlags=2b000000 isCancled= false
07-06 01:07:42.364 D/PowerManagerService( 1733): userActivityNoUpdateLocked: eventTime=23303931, event=1, flags=0x0, uid=1000
07-06 01:07:42.364 D/WindowManager( 1733): interceptKeyTi keyCode=22 down=true repeatCount=0 keyguardOn=false mHomePressed=false canceled=false
07-06 01:07:42.364 D/WindowManager( 1733): Hisense systemkey event: 22
