07-05 22:03:50.838 D/SourceRemoteServiceHandler( 2026): getCurrentInputSource.from.til.result is 0, value is 2304
07-05 22:03:50.838 D/SourceRemoteServiceHandler( 2026): getInputSourceType source: 0x900, type=2304
07-05 22:03:50.839 D/til     ( 2026): ###### func:til_get_picture_param option:0x3000006 ######  
07-05 22:03:50.839 I/TVMW@HsTvSetting( 1234): Trace cmd, data = 0x1003
07-05 22:03:50.839 I/TVMW@HsTvSetting( 1234): Trace cmd, data = 0x8032
07-05 22:03:50.840 I/hstvos  ( 1216): [0m[1;33m[HSHAL][HS_VIDEO][HS_HAL_Video_SetOsdDetect_v2][2389]u16Threshold = 20
07-05 22:03:50.841 I/MiSysSrv( 1214): Not support now! 42, change to mm_video!!!
07-05 22:03:50.841 E/TVMW@videoctrl( 1234):  getOsd is 1
07-05 22:03:50.841 D/til@system( 2026): til_get_system_param option:1000027 int:1, bool:1, ret:0
07-05 22:03:50.841 D/til     ( 2026): ###### func:til_get_picture_param option:0x3000045 ######  
07-05 22:03:50.842 I/TVMW@HsTvSetting( 1234): Trace cmd, data = 0x300c
07-05 22:03:50.842 I/TVMW@HsTvSetting( 1234): Trace 3d, data = 0x300c
07-05 22:03:50.842 I/TVMW@3d ( 1234): Hs_debug3d_trace: func:get3dStatus, line:109
07-05 22:03:50.868 I/TENCENT_AD_PingHandler( 3457): ## 2017-07-05 22:03:50.867 [3457,3457,:0] INFO ## [TENCENT_AD_PingHandler]handleMessage: 5
07-05 22:03:50.882 I/MyFragmentStateAdapter(17826): getCount
07-05 22:03:50.917 V/DataSource( 1206): sniff
07-05 22:03:50.917 I/FFmpegExtractor( 1206): android-source:0xb8bfe2a0
07-05 22:03:50.919 I/FFMPEG  ( 1206): [mov,mp4,m4a,3gp,3g2,mj2 @ 0xb9b91400] Format mov,mp4,m4a,3gp,3g2,mj2 probed with size=2048 and score=100
07-05 22:03:50.919 D/MediaHTTPConnection(17826): [Connection@1012966880] getSize mTotalSize = 218840697
07-05 22:03:50.919 I/FFMPEG  ( 1206): [mov,mp4,m4a,3gp,3g2,mj2 @ 0xb9b91400] ISO: File Type Major Brand: isom
07-05 22:03:50.942 I/MyFragmentStateAdapter(17826): getCount
07-05 22:03:50.942 D/FFmpegExtractor( 1206): FFmpegExtrator, url: android-source:0xb8bfe2a0, format_name: mov,mp4,m4a,3gp,3g2,mj2, format_long_name: QuickTime / MOV
07-05 22:03:50.942 D/FFmpegExtractor( 1206): suppoted codec(h264) by official Stagefright
07-05 22:03:50.942 D/FFmpegExtractor( 1206): suppoted codec(aac) by official Stagefright
07-05 22:03:50.943 I/FFMPEG  ( 1206): [AVIOContext @ 0xb8bfe340] Statistics: 426780 bytes read, 0 seeks
07-05 22:03:50.943 D/FFmpegExtractor( 1206): ffmpeg detected media content as 'video/mp4' with confidence 0.08
07-05 22:03:50.969 I/MiSysSrv( 1214): [37m[INFO] Change to Voltage: 117 mv (0x32)[m
07-05 22:03:51.001 I/MyFragmentStateAdapter(17826): getCount
07-05 22:03:51.051 I/MyFragmentStateAdapter(17826): getCount
07-05 22:03:51.059 I/TVMW@devctrl( 1234): wdt
07-05 22:03:51.069 I/MiSysSrv( 1214): [37m[INFO] Change to Voltage: 112 mv (0x2D)[m
07-05 22:03:51.113 I/MyFragmentStateAdapter(17826): getCount
07-05 22:03:51.137 D/PowerManagerService( 1733): acquireWakeLockInternal: lock=113832109, flags=0x1, tag="NetworkStats", ws=null, uid=1000, pid=1733
07-05 22:03:51.137 D/PowerManagerNotifier( 1733): onWakeLockAcquired: flags=1, tag="NetworkStats", packageName=android, ownerUid=1000, ownerPid=1733, workSource=null
07-05 22:03:51.137 D/NtpTrustedTime( 1733): currentTimeMillis() cache hit
07-05 22:03:51.143 V/MediaExtractor( 1206): MediaExtractor::Create mime:video/mp4 ---- Enter
07-05 22:03:51.143 V/MediaExtractor( 1206): maomao::MediaExtractor::Create mime:isCts is 0
07-05 22:03:51.145 I/FFMPEG  ( 1206): [mov,mp4,m4a,3gp,3g2,mj2 @ 0xb9b91400] Format mov,mp4,m4a,3gp,3g2,mj2 probed with size=2048 and score=100
07-05 22:03:51.145 I/FFMPEG  ( 1206): [mov,mp4,m4a,3gp,3g2,mj2 @ 0xb9b91400] ISO: File Type Major Brand: isom
07-05 22:03:51.145 D/NtpTrustedTime( 1733): currentTimeMillis() cache hit
07-05 22:03:51.148 D/NtpTrustedTime( 1733): currentTimeMillis() cache hit
07-05 22:03:51.148 D/NtpTrustedTime( 1733): currentTimeMillis() cache hit
07-05 22:03:51.148 D/PowerManagerService( 1733): releaseWakeLockInternal: lock=113832109 [NetworkStats], flags=0x0
07-05 22:03:51.148 D/PowerManagerNotifier( 1733): onWakeLockReleased: flags=1, tag="NetworkStats", packageName=android, ownerUid=1000, ownerPid=1733, workSource=null
07-05 22:03:51.167 I/MyFragmentStateAdapter(17826): getCount
07-05 22:03:51.169 I/MiSysSrv( 1214): [37m[INFO] Change to Voltage: 102 mv (0x23)[m
07-05 22:03:51.177 I/FFMPEG  ( 1206): [mov,mp4,m4a,3gp,3g2,mj2 @ 0xb9b91400] orig_nb_streams(2)
07-05 22:03:51.177 I/FFMPEG  ( 1206): [mov,mp4,m4a,3gp,3g2,mj2 @ 0xb9b91400] Before avformat_find_stream_info() pos: 413026 bytes read:426780 seeks:0
07-05 22:03:51.179 I/FFMPEG  ( 1206): [NULL @ 0xf34df400] [Eval @ 0xf1104eec] Undefined constant or missing '(' in ''
07-05 22:03:51.179 I/FFMPEG  ( 1206): [NULL @ 0xf34df400] Unable to parse option value ""
07-05 22:03:51.179 I/FFMPEG  ( 1206): [NULL @ 0xf34df400] Error setting option debug to value .
07-05 22:03:51.180 I/FFMPEG  ( 1206): [mov,mp4,m4a,3gp,3g2,mj2 @ 0xb9b91400] Failed to open codec in av_find_stream_info
07-05 22:03:51.180 I/FFMPEG  ( 1206): [NULL @ 0xf34e0000] [Eval @ 0xf1104eec] Undefined constant or missing '(' in ''
07-05 22:03:51.180 I/FFMPEG  ( 1206): [NULL @ 0xf34e0000] Unable to parse option value ""
07-05 22:03:51.180 I/FFMPEG  ( 1206): [NULL @ 0xf34e0000] Error setting option debug to value .
07-05 22:03:51.180 I/FFMPEG  ( 1206): [mov,mp4,m4a,3gp,3g2,mj2 @ 0xb9b91400] Failed to open codec in av_find_stream_info
07-05 22:03:51.180 I/FFMPEG  ( 1206): [NULL @ 0xf34df400] try_decode_frame, i= 0, pkt->stream_index = 0
07-05 22:03:51.207 I/FFMPEG  ( 1206): [h264 @ 0xf34df400] no picture 
07-05 22:03:51.232 I/MyFragmentStateAdapter(17826): getCount
07-05 22:03:51.294 I/dex2oat (17932): dex2oat took 3.923s (threads: 4) arena alloc=195KB java alloc=10MB native alloc=6MB free=5MB
07-05 22:03:51.297 W/System.err(17826): java.net.ConnectException: failed to connect to /10.18.210.112 (port 8900) after 6000ms: isConnected failed: ECONNREFUSED (Connection refused)
07-05 22:03:51.298 W/System.err(17826): 	at libcore.io.IoBridge.isConnected(IoBridge.java:238)
07-05 22:03:51.298 W/System.err(17826): 	at libcore.io.IoBridge.connectErrno(IoBridge.java:171)
07-05 22:03:51.298 W/System.err(17826): 	at libcore.io.IoBridge.connect(IoBridge.java:122)
07-05 22:03:51.298 W/System.err(17826): 	at java.net.PlainSocketImpl.connect(PlainSocketImpl.java:183)
07-05 22:03:51.298 W/System.err(17826): 	at java.net.PlainSocketImpl.connect(PlainSocketImpl.java:456)
07-05 22:03:51.298 W/System.err(17826): 	at java.net.Socket.connect(Socket.java:882)
07-05 22:03:51.298 W/System.err(17826): 	at com.android.okhttp.internal.Platform.connectSocket(Platform.java:174)
07-05 22:03:51.298 W/System.err(17826): 	at com.android.okhttp.Connection.connect(Connection.java:152)
07-05 22:03:51.298 W/System.err(17826): 	at com.android.okhttp.internal.http.HttpEngine.connect(HttpEngine.java:276)
07-05 22:03:51.298 W/System.err(17826): 	at com.android.okhttp.internal.http.HttpEngine.sendRequest(HttpEngine.java:211)
07-05 22:03:51.298 W/System.err(17826): 	at com.android.okhttp.internal.http.HttpURLConnectionImpl.execute(HttpURLConnectionImpl.java:382)
07-05 22:03:51.298 W/System.err(17826): 	at com.android.okhttp.internal.http.HttpURLConnectionImpl.connect(HttpURLConnectionImpl.java:106)
07-05 22:03:51.298 W/System.err(17826): 	at com.hisense.hitv.hicloud.util.ExceptionReport.a(ExceptionReport.java:337)
07-05 22:03:51.298 W/System.err(17826): 	at com.hisense.hitv.hicloud.util.ExceptionReport.a(ExceptionReport.java:39)
07-05 22:03:51.298 W/System.err(17826): 	at com.hisense.hitv.hicloud.util.ExceptionReport$1.run(ExceptionReport.java:83)
07-05 22:03:51.298 W/System.err(17826): 	at java.lang.Thread.run(Thread.java:818)
07-05 22:03:51.298 W/System.err(17826): Caused by: android.system.ErrnoException: isConnected failed: ECONNREFUSED (Connection refused)
07-05 22:03:51.299 W/System.err(17826): 	at libcore.io.IoBridge.isConnected(IoBridge.java:223)
07-05 22:03:51.299 W/System.err(17826): 	... 15 more
07-05 22:03:51.304 I/MyFragmentStateAdapter(17826): getCount
07-05 22:03:51.315 I/FFMPEG  ( 1206): [mov,mp4,m4a,3gp,3g2,mj2 @ 0xb9b91400] i(1) > pkt->stream_index(0),conitnue
07-05 22:03:51.315 I/FFMPEG  ( 1206): [NULL @ 0xf34e0000] try_decode_frame, i= 1, pkt->stream_index = 1
07-05 22:03:51.324 I/FFMPEG  ( 1206): [aac @ 0xf34e0000] skip whole frame, skip left: 0
07-05 22:03:51.329 I/FFMPEG  ( 1206): [mov,mp4,m4a,3gp,3g2,mj2 @ 0xb9b91400] After avformat_find_stream_info() pos: 473274 bytes read:492316 seeks:0 frames:3
07-05 22:03:51.329 I/FFmpegExtractor( 1206): the duration is 00:08:58.08
07-05 22:03:51.329 I/FFmpegExtractor( 1206): streamIndex: 0 ,stream_index 0
07-05 22:03:51.329 D/FFmpegExtractor( 1206): is_codec_supported codec_id is 28
07-05 22:03:51.329 D/FFmpegExtractor( 1206): setVideoFormat avctx->codec_id is 28
07-05 22:03:51.329 V/codec_utils( 1206): AVC
07-05 22:03:51.330 I/FFmpegExtractor( 1206): the time is 00:08:58.08
07-05 22:03:51.330 I/FFmpegExtractor( 1206): streamIndex: 1 ,stream_index 1
07-05 22:03:51.330 D/FFmpegExtractor( 1206): is_codec_supported codec_id is 86018
07-05 22:03:51.330 V/codec_utils( 1206): AAC
07-05 22:03:51.330 V/codec_utils( 1206): aac profile: 1, sf_index: 4, channel: 2
07-05 22:03:51.330 I/FFmpegExtractor( 1206): bit_rate: 55687, sample_rate: 44100, channels: 2, bits_per_coded_sample: 16, block_align:0
07-05 22:03:51.330 I/FFmpegExtractor( 1206): the time is 00:08:58.00
07-05 22:03:51.330 D/FFmpegExtractor( 1206): Reader thread started
07-05 22:03:51.330 D/FFmpegExtractor( 1206): supported mime: video/mp4
07-05 22:03:51.332 W/avc_utils( 1206): [3D detect]It is not SEI Nal
07-05 22:03:51.332 W/avc_utils( 1206): [3D detect]It is not SEI Nal
07-05 22:03:51.333 W/avc_utils( 1206): [3D detect]It is not SEI Nal
07-05 22:03:51.343 I/TVMW@HsTvSetting( 1234): Trace cmd, data = 0x1058
07-05 22:03:51.343 D/til@system( 2026): til_get_system_param option:100002F int:0, bool:0, ret:0
07-05 22:03:51.343 I/TVMW@HsTvSetting( 1234): Trace cmd, data = 0x101f
07-05 22:03:51.344 D/til@system( 2026): til_get_system_param option:100001D int:3, bool:3, ret:0
07-05 22:03:51.344 E/til     ( 2026): [til_get_current_input_source, 101] 
07-05 22:03:51.344 I/TVMW@HsTvSetting( 1234): Trace cmd, data = 0x7007
07-05 22:03:51.346 I/tilwrapper@sm( 2026): HS2TIL_SourceType *hs=0xd, *til=0x900
07-05 22:03:51.346 D/til     ( 2026): get current source 2304
07-05 22:03:51.347 D/SourceRemoteServiceHandler( 2026): getCurrentInputSource.from.til.result is 0, value is 2304
07-05 22:03:51.347 D/SourceRemoteServiceHandler( 2026): getInputSourceType source: 0x900, type=2304
07-05 22:03:51.347 D/til     ( 2026): ###### func:til_get_picture_param option:0x3000006 ######  
07-05 22:03:51.347 I/TVMW@HsTvSetting( 1234): Trace cmd, data = 0x1003
07-05 22:03:51.348 I/TVMW@HsTvSetting( 1234): Trace cmd, data = 0x8032
07-05 22:03:51.348 I/hstvos  ( 1216): [0m[1;33m[HSHAL][HS_VIDEO][HS_HAL_Video_SetOsdDetect_v2][2389]u16Threshold = 20
07-05 22:03:51.349 I/MiSysSrv( 1214): Not support now! 42, change to mm_video!!!
07-05 22:03:51.353 W/PluginProviderBuilder(17826): createDexClassLoader() return dalvik.system.DexClassLoader[DexPathList[[zip file "/data/data/com.hisense.hicloud.edca/files/plugin/2.1.0.59986/pluginplayer/1.64.0.59984/pluginplayer-release-1.64.0.59984.apk"],nativeLibraryDirectories=[/vendor/lib, /system/lib]]]
07-05 22:03:51.357 E/TVMW@videoctrl( 1234):  getOsd is 1
07-05 22:03:51.357 D/til@system( 2026): til_get_system_param option:1000027 int:1, bool:1, ret:0
07-05 22:03:51.358 D/til     ( 2026): ###### func:til_get_picture_param option:0x3000045 ######  
07-05 22:03:51.359 W/ContextClassLoaderSwitcher(17826): ClassLoaderSwitcher doSwitch(com.hisense.hicloud.edca.BaseApplication@2adbac5c, dalvik.system.DexClassLoader[DexPathList[[zip file "/data/data/com.hisense.hicloud.edca/files/plugin/2.1.0.59986/pluginplayer/1.64.0.59984/pluginplayer-release-1.64.0.59984.apk"],nativeLibraryDirectories=[/vendor/lib, /system/lib]]])
07-05 22:03:51.360 W/ObjectMethodHolder(17826): >> invoke() mMethodName=getBaseContext, mCached=false, mCacheValue=true, mMethod=null
07-05 22:03:51.363 W/ObjectMethodHolder(17826): << invoke() mMethodName=getBaseContext, mCached=true, mCacheValue=true, mMethod=public android.content.Context android.content.ContextWrapper.getBaseContext() return android.app.ContextImpl{android.app.ContextImpl@ff936a}
07-05 22:03:51.364 W/ObjectMethodHolder(17826): >> invoke() mMethodName=getClassLoader, mCached=false, mCacheValue=true, mMethod=null
07-05 22:03:51.364 W/ObjectMethodHolder(17826): << invoke() mMethodName=getClassLoader, mCached=true, mCacheValue=true, mMethod=public java.lang.ClassLoader android.app.LoadedApk.getClassLoader() return dalvik.system.PathClassLoader{dalvik.system.PathClassLoader[DexPathList[[zip file "/data/app/com.hisense.hicloud.edca-2/base.apk"],nativeLibraryDirectories=[/data/app/com.hisense.hicloud.edca-2/lib/arm, /vendor/lib, /system/lib]]]}
07-05 22:03:51.365 W/PluginProviderBuilder(17826): createPluginContext() return /data/app/com.hisense.hicloud.edca-2/base.apk
07-05 22:03:51.369 I/MiSysSrv( 1214): [37m[INFO] Change to Voltage: 102 mv (0x23)[m
07-05 22:03:51.371 I/TVMW@HsTvSetting( 1234): Trace cmd, data = 0x300c
07-05 22:03:51.371 I/TVMW@HsTvSetting( 1234): Trace 3d, data = 0x300c
07-05 22:03:51.371 I/TVMW@3d ( 1234): Hs_debug3d_trace: func:get3dStatus, line:109
07-05 22:03:51.383 D/Carousel-SimpleVideoView(17826): speedKB=2428
07-05 22:03:51.383 D/Carousel-SimpleVideoView(17826): msg.arg1=1
07-05 22:03:51.388 D/Player/PluginProvider@39b8405b(17826): [TID 17857] PluginProvider() new
07-05 22:03:51.389 W/AbsPluginProvider(17826): initialize<<(hostContext=com.hisense.hicloud.edca.BaseApplication@2adbac5c, context=com.qiyi.sdk.plugin.server.core.ContextProxy@187150f8, params={lib_dir=/data/data/com.hisense.hicloud.edca/files/plugin/2.1.0.59986/pluginplayer/1.64.0.59984/pluginplayer-release-1.64.0.59984-libs, file_path=/data/data/com.hisense.hicloud.edca/files/plugin/2.1.0.59986/pluginplayer/1.64.0.59984/pluginplayer-release-1.64.0.59984.apk}, info=AppInfo(hostVersion=2.1.0.59986mHostAllowDebug=false))
07-05 22:03:51.389 D/Player/PluginProvider@39b8405b(17826): [TID 17857] onInitialize() lib path=/data/data/com.hisense.hicloud.edca/files/plugin/2.1.0.59986/pluginplayer/1.64.0.59984/pluginplayer-release-1.64.0.59984-libs
07-05 22:03:51.389 I/LogUtils(17826): [TID 17857] log is open
07-05 22:03:51.393 D/Player/PluginProvider@39b8405b(17826): [TID 17857] setupSdkFeature()
07-05 22:03:51.420 I/NuCachedSource2( 1206): new range: offset= 218840569
07-05 22:03:51.420 I/NuCachedSource2( 1206): seekInternal_l ---- totalSize: 1703936
07-05 22:03:51.421 D/MediaHTTPConnection(17826): offset = 218840569, mCurrentOffset = 1703936
07-05 22:03:51.421 D/MediaHTTPConnection(17826): seekTo 218840569
07-05 22:03:51.421 D/MediaHTTPConnection(17826): teardownConnection
07-05 22:03:51.433 D/PlayerSdk/PlayerSdkProject(17826): [TID 17857] >> beginInitialize
07-05 22:03:51.433 D/PlayerSdk/SdkConfigManager(17826): [TID 17857] setupConfig: context=com.qiyi.sdk.plugin.server.core.ContextProxy@187150f8
07-05 22:03:51.433 W/ContextProxy(17826): getAssets() mAssetManager=android.content.res.AssetManager@17594710
07-05 22:03:51.434 D/PlayerSdk/SdkConfigManager(17826): [TID 17857] setupConfig: strEncrypted=VVVJRD0yMDE3MDQyNTExMzUzNzkxMmdlVEdXS0REMTE3MDIsQ1VTVE9NRVJfSUQ9NjAsUExBWUVSX0NPTkZJR19UWVBFPTQsUExBVEZPUk1fVFZBUEk9SEFJWElOLElTX1NVUFBPUlRfWUlOSEVfUElOR0JBQ0s9ZmFsc2UsSVNfRU5CQUxFX0gyNjU9ZmFsc2UsSVNfRU5BQkxFX0RPTEJZPWZhbHNlLElTX0VOQkFMRV80Sz0sSVNfRU5CQUxFX0RPTEJZX1ZJU0lPTj0sSVNfRU5CQUxFX0hEUjEwPSxJU19VU0VfVE1UU19MT0NBTF9TSUdOPWZhbHNlLElTX0dFVF9VVUlEX0ZST01fU0VSVkVSPXRydWUsQ0ROX0RJU1BBVENIX1BBUkFNPSxET01BSU5fTkFNRT1wdHF5LmdpdHYudHYsTkFUSVZFX1BMQVlFUl9CUkFORD1IaVNlbnNlLExPR0lOX1RZUEU9U1VCX0FDQ09VTlQsQ1VTVE9NRVJfUEFDS0FHRV9OQU1FPWNvbS5oaXNlbnNlLmhpY2xvdWQuZWRjYSxJU19ERUJVR19WRVJTSU9OPWZhbHNlLE5BVElWRV9QTEFZRVJfQ09ERUNUWVBFPSxQTEFZRVJfUExBVEZPUk09UF9IaXNlbnNlLEVOQUJMRV9TRVRfQklUU1RSRUFNPXRydWUsREVGQVVMVF9DRkdfQklUU1RSRUFNPSw=
07-05 22:03:51.435 I/MyFragmentStateAdapter(17826): getCount
07-05 22:03:51.435 I/System.out(17826): decode
07-05 22:03:51.436 W/ContextProxy(17826): getResources() mResources=android.content.res.Resources@3459dc0e
07-05 22:03:51.459 W/ContextProxy(17826): getResources() mResources=android.content.res.Resources@3459dc0e
07-05 22:03:51.464 I/System.out(17826): ok
07-05 22:03:51.465 I/System.out(17826): UUID=20170425113537912geTGWKDD11702,CUSTOMER_ID=60,PLAYER_CONFIG_TYPE=4,PLATFORM_TVAPI=HAIXIN,IS_SUPPORT_YINHE_PINGBACK=false,IS_ENBALE_H265=false,IS_ENABLE_DOLBY=false,IS_ENBALE_4K=,IS_ENBALE_DOLBY_VISION=,IS_ENBALE_HDR10=,IS_USE_TMTS_LOCAL_SIGN=false,IS_GET_UUID_FROM_SERVER=true,CDN_DISPATCH_PARAM=,DOMAIN_NAME=ptqy.gitv.tv,NATIVE_PLAYER_BRAND=HiSense,LOGIN_TYPE=SUB_ACCOUNT,CUSTOMER_PACKAGE_NAME=com.hisense.hicloud.edca,IS_DEBUG_VERSION=false,NATIVE_PLAYER_CODECTYPE=,PLAYER_PLATFORM=P_Hisense,ENABLE_SET_BITSTREAM=true,DEFAULT_CFG_BITSTREAM=,
07-05 22:03:51.465 I/System.out(17826): hook :UUID=20170425113537912geTGWKDD11702,CUSTOMER_ID=60,PLAYER_CONFIG_TYPE=4,PLATFORM_TVAPI=HAIXIN,IS_SUPPORT_YINHE_PINGBACK=false,IS_ENBALE_H265=false,IS_ENABLE_DOLBY=false,IS_ENBALE_4K=,IS_ENBALE_DOLBY_VISION=,IS_ENBALE_HDR10=,IS_USE_TMTS_LOCAL_SIGN=false,IS_GET_UUID_FROM_SERVER=true,CDN_DISPATCH_PARAM=,DOMAIN_NAME=ptqy.gitv.tv,NATIVE_PLAYER_BRAND=HiSense,LOGIN_TYPE=SUB_ACCOUNT,CUSTOMER_PACKAGE_NAME=com.hisense.hicloud.edca,IS_DEBUG_VERSION=false,NATIVE_PLAYER_CODECTYPE=,PLAYER_PLATFORM=P_Hisense,ENABLE_SET_BITSTREAM=true,DEFAULT_CFG_BITSTREAM=,
07-05 22:03:51.466 I/RoleContentFragment(17826): onResourceReadycom.bumptech.glide.load.resource.bitmap.GlideBitmapDrawable@1afd05c5
07-05 22:03:51.468 D/PlayerSdk/SdkConfig(17826): [TID 17857] initialize({PLAYER_PLATFORM=P_Hisense, NATIVE_PLAYER_BRAND=HiSense, CUSTOMER_ID=60, ENABLE_SET_BITSTREAM=true, IS_ENBALE_H265=false, UUID=20170425113537912geTGWKDD11702, IS_GET_UUID_FROM_SERVER=true, IS_DEBUG_VERSION=false, IS_ENABLE_DOLBY=false, CUSTOMER_PACKAGE_NAME=com.hisense.hicloud.edca, IS_USE_TMTS_LOCAL_SIGN=false, PLATFORM_TVAPI=HAIXIN, DOMAIN_NAME=ptqy.gitv.tv, LOGIN_TYPE=SUB_ACCOUNT, IS_SUPPORT_YINHE_PINGBACK=false, PLAYER_CONFIG_TYPE=4})
07-05 22:03:51.471 D/PlayerSdk/SdkConfig(17826): [TID 17857] initialize(), name=com.hisense.hicloud.edca
07-05 22:03:51.471 D/PlayerSdk/SdkConfig(17826): [TID 17857] initialize(),mCustomerPackageNames=[com.hisense.hicloud.edca]
07-05 22:03:51.472 D/SdkConfigUtils(17826): [TID 17857] parsePlatformType(HAIXIN)
07-05 22:03:51.472 D/SdkConfigUtils(17826): [TID 17857] parseLoginType(SUB_ACCOUNT)
07-05 22:03:51.473 D/SdkConfigUtils(17826): [TID 17857] parsePlayerPlatform(P_Hisense)
07-05 22:03:51.473 D/PlayerSdk/SdkConfigManager(17826): [TID 17857] setupConfig: mCurrentConfig=SdkConfig@10dbab1a{mCustomerCode=60, mPlayerConfigType=4, mPlatformType=HAIXIN, mLoginType=SUB_ACCOUNT, mIsEnableDolby=false, mIsEnableH265=false, mIsEnable4K=true, mIsSupportYinhePingback=false, mShouldDoPlayCheck=true, mshouldGetUuidFromServer=true, mPingbackS1=2, mPingbackS2=simple_sdk, mPingbackP2=3128, mDomainName=ptqy.gitv.tv, mIsDebugVersion=false, mIsDebugVersion=false, mCustomerPackageNames=[com.hisense.hicloud.edca], mEnableSetBitstream=true}
07-05 22:03:51.502 I/VideoCapabilities(17826): Unsupported profile 4 for video/mp4v-es
07-05 22:03:51.502 I/VideoCapabilities(17826): Unsupported profile 4 for video/mp4v-es
07-05 22:03:51.502 I/VideoCapabilities(17826): Unsupported profile 4 for video/mp4v-es
07-05 22:03:51.502 I/VideoCapabilities(17826): Unsupported profile 4 for video/mp4v-es
07-05 22:03:51.502 I/VideoCapabilities(17826): Unsupported profile 4 for video/mp4v-es
07-05 22:03:51.502 I/VideoCapabilities(17826): Unsupported profile 4 for video/mp4v-es
07-05 22:03:51.502 I/VideoCapabilities(17826): Unsupported profile 4 for video/mp4v-es
07-05 22:03:51.502 I/VideoCapabilities(17826): Unsupported profile 4 for video/mp4v-es
07-05 22:03:51.502 I/VideoCapabilities(17826): Unsupported profile 8 for video/mp4v-es
07-05 22:03:51.502 I/VideoCapabilities(17826): Unsupported profile 8 for video/mp4v-es
07-05 22:03:51.502 I/VideoCapabilities(17826): Unsupported profile 8 for video/mp4v-es
07-05 22:03:51.502 I/VideoCapabilities(17826): Unsupported profile 8 for video/mp4v-es
07-05 22:03:51.502 I/VideoCapabilities(17826): Unsupported profile 8 for video/mp4v-es
07-05 22:03:51.502 I/VideoCapabilities(17826): Unsupported profile 8 for video/mp4v-es
07-05 22:03:51.502 I/VideoCapabilities(17826): Unsupported profile 8 for video/mp4v-es
07-05 22:03:51.502 I/VideoCapabilities(17826): Unsupported profile 8 for video/mp4v-es
07-05 22:03:51.502 I/VideoCapabilities(17826): Unsupported profile 1024 for video/mp4v-es
07-05 22:03:51.502 I/VideoCapabilities(17826): Unsupported profile 1024 for video/mp4v-es
07-05 22:03:51.502 I/VideoCapabilities(17826): Unsupported profile 1024 for video/mp4v-es
07-05 22:03:51.502 I/VideoCapabilities(17826): Unsupported profile 1024 for video/mp4v-es
07-05 22:03:51.502 I/VideoCapabilities(17826): Unsupported profile 1024 for video/mp4v-es
07-05 22:03:51.502 I/VideoCapabilities(17826): Unsupported profile 1024 for video/mp4v-es
07-05 22:03:51.502 I/VideoCapabilities(17826): Unsupported profile 1024 for video/mp4v-es
07-05 22:03:51.502 I/VideoCapabilities(17826): Unsupported profile 1024 for video/mp4v-es
07-05 22:03:51.502 W/VideoCapabilities(17826): Unrecognized profile/level 32768/2 for video/mp4v-es
07-05 22:03:51.526 D/MediaHTTPConnection(17826): close inputstream
07-05 22:03:51.527 D/MediaHTTPConnection(17826): hitting http://150.138.169.140/jhxvideo-ws.video-tx.com/rendition/201705/205989353451683841/205989353451684353/bb/243216185158536196/243216215223308548/r243216215223308548-3200k-1920x1080.mp4?wsSecret=e674c71c299e4d357ebe3b27ec49cd3f&wsTime=595cf1c4&wsiphost=local
07-05 22:03:51.530 I/MyFragmentStateAdapter(17826): getCount
07-05 22:03:51.545 W/VideoCapabilities(17826): Unsupported mime video/mvc
07-05 22:03:51.545 D/MediaHTTPConnection(17826): [Connection@197523019] response.heeader.null = HTTP/1.0 206 Partial Content
07-05 22:03:51.545 D/MediaHTTPConnection(17826): [Connection@197523019] response.heeader.Accept-Ranges = bytes
07-05 22:03:51.546 D/MediaHTTPConnection(17826): [Connection@197523019] response.heeader.Age = 4055684
07-05 22:03:51.546 D/MediaHTTPConnection(17826): [Connection@197523019] response.heeader.Cache-Control = max-age=5184000
07-05 22:03:51.546 D/MediaHTTPConnection(17826): [Connection@197523019] response.heeader.Connection = keep-alive
07-05 22:03:51.546 D/MediaHTTPConnection(17826): [Connection@197523019] response.heeader.Content-Length = 128
07-05 22:03:51.546 D/MediaHTTPConnection(17826): [Connection@197523019] response.heeader.Content-MD5 = b0d2FgZ34VxS2J9TYuIjgA==
07-05 22:03:51.546 D/MediaHTTPConnection(17826): [Connection@197523019] response.heeader.Content-Range = bytes 218840569-218840696/218840697
07-05 22:03:51.546 D/MediaHTTPConnection(17826): [Connection@197523019] response.heeader.Content-Type = application/octet-stream
07-05 22:03:51.546 D/MediaHTTPConnection(17826): [Connection@197523019] response.heeader.Date = Fri, 19 May 2017 15:29:07 GMT
07-05 22:03:51.546 D/MediaHTTPConnection(17826): [Connection@197523019] response.heeader.ETag = "6F4776160677E15C52D89F5362E22380"
07-05 22:03:51.546 D/MediaHTTPConnection(17826): [Connection@197523019] response.heeader.Last-Modified = Mon, 08 May 2017 17:24:17 GMT
07-05 22:03:51.546 D/MediaHTTPConnection(17826): [Connection@197523019] response.heeader.Server = nginx/1.2.4
07-05 22:03:51.546 D/MediaHTTPConnection(17826): [Connection@197523019] response.heeader.Via = 1.1 chshx150:7 (Cdn Cache Server V2.0)[95 200 2], 1.1 zhdxxz41:2 (Cdn Cache Server V2.0)[41 200 0], 1.0 ddxxz140:3 (Cdn Cache Server V2.0)[0 200 0]
07-05 22:03:51.546 D/MediaHTTPConnection(17826): [Connection@197523019] response.heeader.X-Android-Received-Millis = 1499263431545
07-05 22:03:51.546 D/MediaHTTPConnection(17826): [Connection@197523019] response.heeader.X-Android-Response-Source = NETWORK 206
07-05 22:03:51.546 D/MediaHTTPConnection(17826): [Connection@197523019] response.heeader.X-Android-Sent-Millis = 1499263431534
07-05 22:03:51.546 D/MediaHTTPConnection(17826): [Connection@197523019] response.heeader.x-oss-hash-crc64ecma = 10858506031335928878
07-05 22:03:51.546 D/MediaHTTPConnection(17826): [Connection@197523019] response.heeader.x-oss-object-type = Normal
07-05 22:03:51.546 D/MediaHTTPConnection(17826): [Connection@197523019] response.heeader.x-oss-request-id = 591D64783FEA2FF75DF4AA6E
07-05 22:03:51.546 D/MediaHTTPConnection(17826): [Connection@197523019] response.heeader.x-oss-server-time = 46
07-05 22:03:51.546 D/MediaHTTPConnection(17826): [Connection@197523019] response.heeader.x-oss-storage-class = Standard
07-05 22:03:51.547 I/NuCachedSource2( 1206): caching reached eos.
07-05 22:03:51.547 V/NuPlayer( 1206): Video input format 1920 x 1080
07-05 22:03:51.547 V/NuPlayer( 1206): updateVideoSize::rotationDegrees=0
07-05 22:03:51.547 E/NuPlayerDriver( 1206): notifyDuration (538083333)
07-05 22:03:51.548 W/avc_utils( 1206): [3D detect]It is not SEI Nal
07-05 22:03:51.548 W/avc_utils( 1206): [3D detect]It is not SEI Nal
07-05 22:03:51.548 W/avc_utils( 1206): [3D detect]It is not SEI Nal
07-05 22:03:51.556 I/NuCachedSource2( 1206): new range: offset= 1703936
07-05 22:03:51.556 I/NuCachedSource2( 1206): seekInternal_l ---- totalSize: 1704064
07-05 22:03:51.559 V/MediaPlayer-JNI(17826): getVideoWidth: 1920
07-05 22:03:51.559 V/MediaPlayer-JNI(17826): getVideoHeight: 1080
07-05 22:03:51.561 W/VideoCapabilities(17826): Unsupported mime video/mpeg2
07-05 22:03:51.566 E/MediaPlayer(17826): Should have subtitle controller already set
07-05 22:03:51.566 V/MediaPlayer-JNI(17826): getVideoWidth: 1920
07-05 22:03:51.566 V/MediaPlayer-JNI(17826): getVideoHeight: 1080
07-05 22:03:51.567 I/Carousel-UrlVideoView(17826): onMeasure(MeasureSpec: EXACTLY 816, MeasureSpec: EXACTLY 460)
07-05 22:03:51.567 D/Carousel-UrlVideoView(17826): widthSpecMode=1073741824
07-05 22:03:51.567 D/Carousel-UrlVideoView(17826): heightSpecMode=1073741824
07-05 22:03:51.567 D/Carousel-UrlVideoView(17826): widthSpecSize=816
07-05 22:03:51.567 D/Carousel-UrlVideoView(17826): heightSpecSize=460
07-05 22:03:51.567 I/Carousel-UrlVideoView(17826): onMeasure(MeasureSpec: EXACTLY 816, MeasureSpec: EXACTLY 460)
07-05 22:03:51.567 D/Carousel-UrlVideoView(17826): widthSpecMode=1073741824
07-05 22:03:51.567 D/Carousel-UrlVideoView(17826): heightSpecMode=1073741824
07-05 22:03:51.567 D/Carousel-UrlVideoView(17826): widthSpecSize=816
07-05 22:03:51.567 D/Carousel-UrlVideoView(17826): heightSpecSize=460
07-05 22:03:51.567 I/SurfaceView(17826): Changes: creating=false format=false size=true visible=false left=false top=false
07-05 22:03:51.567 I/SurfaceView(17826): Cur surface: Surface(name=null)/@0xf85544f
07-05 22:03:51.568 W/VideoCapabilities(17826): Unsupported mime video/divx3
07-05 22:03:51.568 D/Surface ( 1733): onStatusChange() : mNativeObject = 547942821376 mUseImageHwRender = false
07-05 22:03:51.568 V/Surface ( 1733): nativeSetHardwareRender() : status = 0
07-05 22:03:51.568 V/Surface ( 1733): nativeSetHardwareRender() : end
07-05 22:03:51.571 W/VideoCapabilities(17826): Unsupported mime video/divx4
07-05 22:03:51.574 V/SurfaceView(17826): com.hisense.hitv.carouselwidgit.view.videoview.UrlVideoView{1acce62 V.E..... ......I. 0,0-816,460} got resized: w=816 h=460, cur w=-1 h=-1
07-05 22:03:51.575 D/PowerManagerService( 1733): setScreenBrightnessOverrideFromWindowManagerInternal done
07-05 22:03:51.578 W/VideoCapabilities(17826): Unsupported mime video/flv
07-05 22:03:51.579 I/MiSysSrv( 1214): [37m[INFO] Change to Voltage: 102 mv (0x23)[m
07-05 22:03:51.580 D/PowerManagerService( 1733): setScreenBrightnessOverrideFromWindowManagerInternal done
07-05 22:03:51.582 D/Surface ( 1733): onStatusChange() : mNativeObject = 0 mUseImageHwRender = false
07-05 22:03:51.582 D/Surface (17826): onStatusChange() : mNativeObject = -195872000 mUseImageHwRender = false
07-05 22:03:51.583 V/Surface (17826): nativeSetHardwareRender() : status = 0
07-05 22:03:51.583 V/Surface (17826): nativeSetHardwareRender() : end
07-05 22:03:51.583 I/SurfaceView(17826): New surface: Surface(name=null)/@0x3f8f27dc, vis=true, frame=Rect(549, 205 - 1365, 665)
07-05 22:03:51.583 D/Surface (17826): onStatusChange() : mNativeObject = 0 mUseImageHwRender = false
07-05 22:03:51.583 D/Surface (17826): onStatusChange() : mNativeObject = -195872000 mUseImageHwRender = false
07-05 22:03:51.583 V/Surface (17826): nativeSetHardwareRender() : status = 0
07-05 22:03:51.583 V/Surface (17826): nativeSetHardwareRender() : end
07-05 22:03:51.583 W/VideoCapabilities(17826): Unsupported mime video/VC1
07-05 22:03:51.583 I/SurfaceView(17826): surfaceChanged -- format=4 w=1920 h=1080
07-05 22:03:51.583 D/Carousel-UrlVideoView(17826): surfaceChanged
07-05 22:03:51.583 D/Carousel-UrlVideoView(17826): isValidState:true,hasValidSize:true
07-05 22:03:51.583 D/Carousel-UrlVideoView(17826): mVideoWidth:1920,mVideoHeight:1080,w:1920,h:1080
07-05 22:03:51.584 D/Carousel-UrlVideoView(17826): ===============>surfaceChanged start
07-05 22:03:51.585 W/VideoCapabilities(17826): Unsupported mime video/wvc1
07-05 22:03:51.586 V/MediaPlayer-JNI(17826): start
07-05 22:03:51.587 D/NuPlayerDriver( 1206): start(0xf40ac4c0)
07-05 22:03:51.587 V/NuPlayer( 1206): kWhatStart
07-05 22:03:51.587 V/NuPlayer( 1206): [NuPlayerRequestResourcesAsync-3121]
07-05 22:03:51.587 V/RMClient( 1206): #257:requestResourceAsync
07-05 22:03:51.587 V/NuPlayer( 1206): [NuPlayerWaitResourcesAllocation-3143]
07-05 22:03:51.587 V/RMClient( 1206): #257:onMessageReceived creq
07-05 22:03:51.587 V/RMClient( 1206): #257:kWhatCmdResourceRequest
07-05 22:03:51.588 V/SurfaceView(17826): Layout: x=549 y=205 w=816 h=460, frame=Rect(0, 0 - 816, 460)
07-05 22:03:51.589 V/RMAllocator( 1198): handleRequest
07-05 22:03:51.589 V/RMClient( 1206): #257:Done
07-05 22:03:51.589 V/RMAllocator( 1198): handleRequest new ClientInfo, client=2378240256 id=257
07-05 22:03:51.589 V/RMClient( 1206): #256:~RMClient
07-05 22:03:51.589 I/RMAllocator( 1198): ClientInfo this=2378256992, mRMClient=2378240256. id=257
07-05 22:03:51.589 V/RMAllocator( 1198): handleRequest new ClientInfo=2378256992, client=2378240256 id=257
07-05 22:03:51.589 D/TVEmuRMService_main( 1198): type =10 , pip=0 
07-05 22:03:51.589 D/TVEmuRMService_main( 1198): pip disable path 
07-05 22:03:51.589 D/TVEmuRMService_main( 1198): type =11 , pip=0 
07-05 22:03:51.589 D/TVEmuRMService_main( 1198): pip disable path 
07-05 22:03:51.589 D/TVEmuRMService_main( 1198): type =12 , pip=0 
07-05 22:03:51.589 D/TVEmuRMService_main( 1198): pip disable path 
07-05 22:03:51.589 D/TVEmuRMService_main( 1198): type =13 , pip=0 
07-05 22:03:51.589 D/TVEmuRMService_main( 1198): pip disable path 
07-05 22:03:51.589 V/RMAllocator( 1198): allocateResources
07-05 22:03:51.589 V/RMAllocator( 1198): allocateOneResource
07-05 22:03:51.589 V/RMAllocator( 1198): allocateOneResource
07-05 22:03:51.589 V/RMClient( 1206): #256:RMClient::returnAllResourcesAsync
07-05 22:03:51.589 V/RMClient( 1206): #257:handleRequestDone
07-05 22:03:51.589 V/RMClient( 1206): #257:onMessageReceived ldon
07-05 22:03:51.590 V/RMClient( 1206): #257:kWhatRequestDone
07-05 22:03:51.590 I/NuPlayer( 1206): NuPlayerRMClientListener::handleRequestDone
07-05 22:03:51.590 V/NuPlayer( 1206): [handleRequestDone-3157]
07-05 22:03:51.590 V/RMClient( 1206): #257:Done
07-05 22:03:51.590 I/NuPlayer( 1206): Resource allocation ok
07-05 22:03:51.590 I/GenericSource( 1206): start
07-05 22:03:51.590 I/NuPlayer( 1206): NuPlayerRMClientListener::~NuPlayerRMClientListener
07-05 22:03:51.590 V/RMClientListener( 1206): ~RMClientListener
07-05 22:03:51.591 W/FFmpegExtractor( 1206): drop the packet with negative timestamp(pts:-1024)
07-05 22:03:51.597 W/VideoCapabilities(17826): Unsupported mime video/wmv3
07-05 22:03:51.604 W/VideoCapabilities(17826): Unsupported mime video/mjpeg
07-05 22:03:51.605 V/AudioPolicyManager( 1206): isOffloadSupported: SR=44100, CM=0x3, Format=0x4000000, StreamType=3, BitRate=55687, duration=538007233 us, has_video=1
07-05 22:03:51.605 V/AudioPolicyManager( 1206): isOffloadSupported: has_video == true, returning false
07-05 22:03:51.607 W/VideoCapabilities(17826): Unsupported mime video/avs
07-05 22:03:51.609 D/Surface ( 1733): onStatusChange() : mNativeObject = 547942781952 mUseImageHwRender = false
07-05 22:03:51.609 V/Surface ( 1733): nativeSetHardwareRender() : status = 0
07-05 22:03:51.609 V/Surface ( 1733): nativeSetHardwareRender() : end
07-05 22:03:51.612 V/NuPlayer( 1206): scanning sources haveAudio=0, haveVideo=0
07-05 22:03:51.612 I/NuPlayerDecoder( 1206): [onConfigure] Need Extra Frame is No
07-05 22:03:51.612 D/PowerManagerService( 1733): acquireWakeLockInternal: lock=487931605, flags=0x2000000a, tag="WindowManager", ws=WorkSource{10010}, uid=1000, pid=1733
07-05 22:03:51.612 V/AudioPolicyManager( 1206): isOffloadSupported: SR=44100, CM=0x3, Format=0x4000000, StreamType=3, BitRate=55687, duration=538007233 us, has_video=1
07-05 22:03:51.612 V/AudioPolicyManager( 1206): isOffloadSupported: has_video == true, returning false
07-05 22:03:51.612 D/PowerManagerNotifier( 1733): onWakeLockAcquired: flags=536870922, tag="WindowManager", packageName=android, ownerUid=1000, ownerPid=1733, workSource=WorkSource{10010}
07-05 22:03:51.613 D/PowerManagerService( 1733): setScreenBrightnessOverrideFromWindowManagerInternal done
07-05 22:03:51.613 V/NuPlayer( 1206): [instantiateDecoder] wait video codec excuting!!!
07-05 22:03:51.614 D/Surface ( 1733): onStatusChange() : mNativeObject = 0 mUseImageHwRender = false
07-05 22:03:51.616 W/VideoCapabilities(17826): Unsupported mime video/realvideo
07-05 22:03:51.617 I/NuPlayerDecoder( 1206): [onConfigure] Need Extra Frame is No
07-05 22:03:51.618 I/MS_OMX_CORE( 1206): ComponentName : OMX.MS.AVC.Decoder, version -..
07-05 22:03:51.620 E/OMXNodeInstance( 1206): setConfig(17b:MS.AVC.Decoder, ConfigAutoFramerateConversion(0x6f800001)) ERROR: NotImplemented(0x80001006)
07-05 22:03:51.620 I/ACodec  ( 1206): codec does not support requested auto-frc (err -2147483648)
07-05 22:03:51.621 E/OMXNodeInstance( 1206): getExtensionIndex(17b:MS.AVC.Decoder, OMX.google.android.index.storeMetaDataInBuffers) ERROR: BadParameter(0x80001005)
07-05 22:03:51.621 E/ACodec  ( 1206): [OMX.MS.AVC.Decoder] storeMetaDataInBuffers failed w/ err -2147483648
07-05 22:03:51.623 D/MS_OMX_VDEC( 1206): Allocate pBuffer[0]: 0xba8fc000
07-05 22:03:51.623 D/MS_OMX_VDEC( 1206): Allocate pBuffer[0]: 0xb9c03000
07-05 22:03:51.624 D/MS_OMX_VDEC( 1206): Allocate pBuffer[0]: 0xd7403000
07-05 22:03:51.624 D/MS_OMX_VDEC( 1206): Allocate pBuffer[0]: 0xf1818000
07-05 22:03:51.624 D/MS_OMX_VDEC( 1206): Allocate pBuffer[0]: 0xb9003000
07-05 22:03:51.625 E/OMXNodeInstance( 1206): setParameter(17b:MS.AVC.Decoder, ParamPortDefinition(0x2000001)) ERROR: BadParameter(0x80001005)
07-05 22:03:51.625 W/ACodec  ( 1206): [OMX.MS.AVC.Decoder] setting nBufferCountActual to 6 failed: -2147483648
07-05 22:03:51.625 E/OMXNodeInstance( 1206): setParameter(17b:MS.AVC.Decoder, ParamPortDefinition(0x2000001)) ERROR: BadParameter(0x80001005)
07-05 22:03:51.625 W/ACodec  ( 1206): [OMX.MS.AVC.Decoder] setting nBufferCountActual to 5 failed: -2147483648
07-05 22:03:51.625 D/gralloc ( 1204): allocate buffer from ION HEAP 0x1
07-05 22:03:51.625 D/gralloc ( 1204): allocate memory from system heap
07-05 22:03:51.628 D/gralloc ( 1204): allocate buffer from ION HEAP 0x1
07-05 22:03:51.628 D/gralloc ( 1204): allocate memory from system heap
07-05 22:03:51.628 V/SoftOMXPlugin( 1206): makeComponentInstance 'OMX.google.aac.decoder'
07-05 22:03:51.636 I/MyFragmentStateAdapter(17826): getCount
07-05 22:03:51.638 V/SoftOMXPlugin( 1206): load component libstagefright_soft_aacdec.so for OMX.google.aac.decoder
07-05 22:03:51.638 W/AudioCapabilities(17826): Unsupported mime audio/mpeg-L1
07-05 22:03:51.640 W/AudioCapabilities(17826): Unsupported mime audio/mpeg-L2
07-05 22:03:51.641 D/gralloc ( 1204): allocate buffer from ION HEAP 0x1
07-05 22:03:51.641 D/gralloc ( 1204): allocate memory from system heap
07-05 22:03:51.650 D/NuPlayer( 1206): rrrr audio decoder executing, canreset set true
07-05 22:03:51.650 D/NuPlayer( 1206): rrrr audio decoder executing, canreset set true
07-05 22:03:51.652 D/gralloc ( 1204): allocate buffer from ION HEAP 0x1
07-05 22:03:51.652 D/gralloc ( 1204): allocate memory from system heap
07-05 22:03:51.652 D/MediaHTTPConnection(17826): connect: uri=http://jhxvideo-ws.video-tx.com/rendition/201705/205989353451683841/205989353451684353/bb/243216185158536196/243216215223308548/r243216215223308548-3200k-1920x1080.mp4?wsSecret=e674c71c299e4d357ebe3b27ec49cd3f&wsTime=595cf1c4, headers=User-Agent: stagefright/1.2 (Linux;Android 5.1.1)
07-05 22:03:51.652 D/MediaHTTPConnection(17826): teardownConnection
07-05 22:03:51.652 D/MediaHTTPConnection(17826): close inputstream
07-05 22:03:51.653 D/MediaHTTPConnection(17826): offset = 1703936, mCurrentOffset = -1
07-05 22:03:51.653 D/MediaHTTPConnection(17826): seekTo 1703936
07-05 22:03:51.655 D/MediaHTTPConnection(17826): hitting http://jhxvideo-ws.video-tx.com/rendition/201705/205989353451683841/205989353451684353/bb/243216185158536196/243216215223308548/r243216215223308548-3200k-1920x1080.mp4?wsSecret=e674c71c299e4d357ebe3b27ec49cd3f&wsTime=595cf1c4
07-05 22:03:51.655 I/MSTAR_VDEC_API( 1206): Open Stream State: 11 0 0
07-05 22:03:51.655 I/apiMMAP ( 1206): get_info: E_MMAP_ID_VDEC_SUB_FRAMEBUFFER: not fount
07-05 22:03:51.655 W/MS_LOG  ( 1206): mmapInfo == NULL
07-05 22:03:51.655 I/MSTAR_VDEC_API( 1206): Open Stream Type: 0, pid=1206
07-05 22:03:51.656 I/MSTAR_VDEC_API( 1206): MApi_VDEC_EX_GetFreeStream bResult=1
07-05 22:03:51.656 I/MSTAR_VDEC_API( 1206): no stored streamIds
07-05 22:03:51.656 I/MSTAR_VDEC_API( 1206): no stored streamIds
07-05 22:03:51.656 I/MSTAR_VDEC_API( 1206): add StreamId: 0x4040
07-05 22:03:51.657 I/SoftAAC2( 1206): Reconfiguring decoder: 0->44100 Hz, 0->2 channels
07-05 22:03:51.658 D/MSTAR_VDEC_API( 1206): pInitParam->SysConfig.u32CodeBufAddr = 80000000
07-05 22:03:51.658 D/MSTAR_VDEC_API( 1206): pInitParam->SysConfig.u32CodeBufSize = 2097152
07-05 22:03:51.658 D/MSTAR_VDEC_API( 1206): pInitParam->SysConfig.u32FrameBufAddr = 82c00000
07-05 22:03:51.658 D/MSTAR_VDEC_API( 1206): pInitParam->SysConfig.u32FrameBufSize = 167772160
07-05 22:03:51.658 D/MSTAR_VDEC_API( 1206): pInitParam->SysConfig.u32BitstreamBufAddr = 80200000
07-05 22:03:51.658 D/MSTAR_VDEC_API( 1206): pInitParam->SysConfig.u32BitstreamBufSize = 25165824
07-05 22:03:51.658 D/MSTAR_VDEC_API( 1206): pInitParam->SysConfig.u32DrvProcBufAddr = 80200000
07-05 22:03:51.658 D/MSTAR_VDEC_API( 1206): pInitParam->SysConfig.u32DrvProcBufSize = 524288
07-05 22:03:51.658 D/MSTAR_VDEC_API( 1206): FrameRate from demuxer: 0 0, 0 0
07-05 22:03:51.658 D/MSTAR_VDEC_API( 1206): pInitParam->VideoInfo.eTimeStampType = 0x3
07-05 22:03:51.659 W/AudioCapabilities(17826): Unsupported mime audio/adpcm
07-05 22:03:51.662 W/AudioCapabilities(17826): Unsupported mime audio/lpcm
07-05 22:03:51.663 D/NuPlayer( 1206): rrrr audio decoder executing, canreset set true
07-05 22:03:51.663 D/        ( 1206): [VDEC][0] MApi_CMA_Pool_Init[0]: pool_handle_id=13, miu=1, offset=1c00000, length=c400000 , FrameBuffer=82c00000, unUseSize=1000000
07-05 22:03:51.671 W/AudioCapabilities(17826): Unsupported mime audio/cook
07-05 22:03:51.679 W/AudioCapabilities(17826): Unsupported mime audio/x-ms-wma
07-05 22:03:51.681 W/AudioCapabilities(17826): Unsupported mime audio/ac3
07-05 22:03:51.682 W/AudioCapabilities(17826): Unsupported mime audio/ac3p
07-05 22:03:51.682 D/        ( 1206): [VDEC][0] MApi_CMA_Pool_Init[1] Failed
07-05 22:03:51.682 D/        ( 1206): [VDEC][0][CMA]u32FrameBufSize is not 0
07-05 22:03:51.683 W/AudioCapabilities(17826): Unsupported mime audio/eac3
07-05 22:03:51.700 W/AudioCapabilities(17826): Unsupported mime audio/dts
07-05 22:03:51.703 I/HLSP2P  ( 3457): ## 2017-07-05 22:03:51.703 [3457,3628,:0] INFO ## [HLSP2P][PeerServer.cpp:548][DEBUG][SendHeartBeatReq][PeerServer] send hearbeat to 123.126.121.155:30013 ok
07-05 22:03:51.705 D/MediaHTTPConnection(17826): [Connection@492234792] response.heeader.null = HTTP/1.1 206 Partial Content
07-05 22:03:51.706 D/MediaHTTPConnection(17826): [Connection@492234792] response.heeader.Accept-Ranges = bytes
07-05 22:03:51.706 D/MediaHTTPConnection(17826): [Connection@492234792] response.heeader.Age = 4055684
07-05 22:03:51.706 D/MediaHTTPConnection(17826): [Connection@492234792] response.heeader.Cache-Control = max-age=5184000
07-05 22:03:51.706 D/MediaHTTPConnection(17826): [Connection@492234792] response.heeader.Connection = keep-alive
07-05 22:03:51.706 D/MediaHTTPConnection(17826): [Connection@492234792] response.heeader.Content-Length = 217136761
07-05 22:03:51.706 D/MediaHTTPConnection(17826): [Connection@492234792] response.heeader.Content-MD5 = b0d2FgZ34VxS2J9TYuIjgA==
07-05 22:03:51.706 D/MediaHTTPConnection(17826): [Connection@492234792] response.heeader.Content-Range = bytes 1703936-218840696/218840697
07-05 22:03:51.706 D/MediaHTTPConnection(17826): [Connection@492234792] response.heeader.Content-Type = application/octet-stream
07-05 22:03:51.706 D/MediaHTTPConnection(17826): [Connection@492234792] response.heeader.Date = Fri, 19 May 2017 15:29:07 GMT
07-05 22:03:51.706 D/MediaHTTPConnection(17826): [Connection@492234792] response.heeader.ETag = "6F4776160677E15C52D89F5362E22380"
07-05 22:03:51.706 D/MediaHTTPConnection(17826): [Connection@492234792] response.heeader.Last-Modified = Mon, 08 May 2017 17:24:17 GMT
07-05 22:03:51.706 D/MediaHTTPConnection(17826): [Connection@492234792] response.heeader.Server = nginx/1.2.4
07-05 22:03:51.706 D/MediaHTTPConnection(17826): [Connection@492234792] response.heeader.Via = 1.1 chshx150:7 (Cdn Cache Server V2.0)[95 200 2], 1.1 zhdxxz41:2 (Cdn Cache Server V2.0)[41 200 0], 1.1 ddxxz140:3 (Cdn Cache Server V2.0)[0 200 0]
07-05 22:03:51.706 D/MediaHTTPConnection(17826): [Connection@492234792] response.heeader.X-Android-Received-Millis = 1499263431705
07-05 22:03:51.706 D/MediaHTTPConnection(17826): [Connection@492234792] response.heeader.X-Android-Response-Source = NETWORK 206
07-05 22:03:51.706 I/MyFragmentStateAdapter(17826): getCount
07-05 22:03:51.706 D/MediaHTTPConnection(17826): [Connection@492234792] response.heeader.X-Android-Sent-Millis = 1499263431693
07-05 22:03:51.706 D/MediaHTTPConnection(17826): [Connection@492234792] response.heeader.x-oss-hash-crc64ecma = 10858506031335928878
07-05 22:03:51.706 D/MediaHTTPConnection(17826): [Connection@492234792] response.heeader.x-oss-object-type = Normal
07-05 22:03:51.706 D/MediaHTTPConnection(17826): [Connection@492234792] response.heeader.x-oss-request-id = 591D64783FEA2FF75DF4AA6E
07-05 22:03:51.706 D/MediaHTTPConnection(17826): [Connection@492234792] response.heeader.x-oss-server-time = 46
07-05 22:03:51.706 D/MediaHTTPConnection(17826): [Connection@492234792] response.heeader.x-oss-storage-class = Standard
07-05 22:03:51.710 W/AudioCapabilities(17826): Unsupported mime audio/dts-hd
07-05 22:03:51.711 W/AudioCapabilities(17826): Unsupported mime audio/dts-lbr
07-05 22:03:51.713 W/AudioCapabilities(17826): Unsupported mime audio/dra
07-05 22:03:51.734 D/PowerManagerService( 1733): releaseWakeLockInternal: lock=681732318 [ActivityManager-Launch], flags=0x0
07-05 22:03:51.734 D/PowerManagerNotifier( 1733): onWakeLockReleased: flags=1, tag="ActivityManager-Launch", packageName=android, ownerUid=1000, ownerPid=1733, workSource=null
07-05 22:03:51.745 E/HttpDnsUtils(17826): http callCancel(): mViewTag = EntryActivity
07-05 22:03:51.757 D/PowerManagerService( 1733): setScreenBrightnessOverrideFromWindowManagerInternal done
07-05 22:03:51.759 D/OsdMonitorService( 1733): mCurrentWindow = com.hisense.hicloud.edca/com.hisense.tvui.newhome.HomeMainActivity; newWindow = com.hisense.hicloud.edca/com.hisense.tvui.newhome.HomeMainActivity; isSubWindow = false; isInWinList = false; isExitNow = false
07-05 22:03:51.759 D/OsdMonitorService( 1733): windowNotOsd() : name = com.hisense.hicloud.edca/com.hisense.tvui.newhome.HomeMainActivity
07-05 22:03:51.759 I/OsdMonitorService( 1733): setOsdStatus() : status will change from true to true
07-05 22:03:51.761 I/NuCachedSource2( 1206): retrying a previously failed read succeeded.
07-05 22:03:51.769 I/MiSysSrv( 1214): [37m[INFO] Change to Voltage: 117 mv (0x32)[m
07-05 22:03:51.780 I/NetflixMonitorService( 1733): current fgapk : com.hisense.hicloud.edca
07-05 22:03:51.780 I/NetflixMonitorService( 1733): Netflix status unchanged
07-05 22:03:51.782 I/MyFragmentStateAdapter(17826): getCount
07-05 22:03:51.798 W/AudioCapabilities(17826): Unsupported mime audio/x-ape
07-05 22:03:51.804 W/AudioCapabilities(17826): Unsupported mime audio/ffmpeg
07-05 22:03:51.805 W/AudioCapabilities(17826): Unsupported mime audio/ac3
07-05 22:03:51.811 W/AudioCapabilities(17826): Unsupported mime audio/mpeg-L2
07-05 22:03:51.812 I/HLSP2P  ( 3457): ## 2017-07-05 22:03:51.806 [3457,3630,:0] INFO ## [HLSP2P][PeerServer.cpp:718][INFO][OnHeartBeatRsp][PeerServer] ps heartbeat rsp ok
07-05 22:03:51.846 I/MyFragmentStateAdapter(17826): getCount
07-05 22:03:51.873 I/TVMW@HsTvSetting( 1234): Trace cmd, data = 0x1058
07-05 22:03:51.874 D/til@system( 2026): til_get_system_param option:100002F int:0, bool:0, ret:0
07-05 22:03:51.875 I/TVMW@HsTvSetting( 1234): Trace cmd, data = 0x101f
07-05 22:03:51.875 D/til@system( 2026): til_get_system_param option:100001D int:3, bool:3, ret:0
07-05 22:03:51.876 E/til     ( 2026): [til_get_current_input_source, 101] 
07-05 22:03:51.876 I/TVMW@HsTvSetting( 1234): Trace cmd, data = 0x7007
07-05 22:03:51.876 I/tilwrapper@sm( 2026): HS2TIL_SourceType *hs=0xd, *til=0x900
07-05 22:03:51.876 D/til     ( 2026): get current source 2304
07-05 22:03:51.876 D/SourceRemoteServiceHandler( 2026): getCurrentInputSource.from.til.result is 0, value is 2304
07-05 22:03:51.876 D/SourceRemoteServiceHandler( 2026): getInputSourceType source: 0x900, type=2304
07-05 22:03:51.877 D/til     ( 2026): ###### func:til_get_picture_param option:0x3000006 ######  
07-05 22:03:51.877 I/TVMW@HsTvSetting( 1234): Trace cmd, data = 0x1003
07-05 22:03:51.878 I/TVMW@HsTvSetting( 1234): Trace cmd, data = 0x8032
07-05 22:03:51.879 E/TVMW@videoctrl( 1234):  getOsd is 1
07-05 22:03:51.879 I/MiSysSrv( 1214): Not support now! 42, change to mm_video!!!
07-05 22:03:51.880 I/hstvos  ( 1216): [0m[1;33m[HSHAL][HS_VIDEO][HS_HAL_Video_SetOsdDetect_v2][2389]u16Threshold = 20
07-05 22:03:51.880 D/til@system( 2026): til_get_system_param option:1000027 int:1, bool:1, ret:0
07-05 22:03:51.880 D/til     ( 2026): ###### func:til_get_picture_param option:0x3000045 ######  
07-05 22:03:51.880 I/TVMW@HsTvSetting( 1234): Trace cmd, data = 0x300c
07-05 22:03:51.880 I/TVMW@HsTvSetting( 1234): Trace 3d, data = 0x300c
07-05 22:03:51.880 I/TVMW@3d ( 1234): Hs_debug3d_trace: func:get3dStatus, line:109
07-05 22:03:51.891 I/MyFragmentStateAdapter(17826): getCount
07-05 22:03:51.931 D/Carousel-SimpleVideoView(17826): speedKB=1720
07-05 22:03:51.931 D/Carousel-SimpleVideoView(17826): msg.arg1=1
07-05 22:03:51.959 I/TVMW@devctrl( 1234): wdt
07-05 22:03:51.968 I/VideoCapabilities(17826): Unsupported profile 4 for video/mp4v-es
07-05 22:03:51.990 D/Player/Lib/Utils/SysUtils(17826): [TID 17857] [Check dolby]  Codec name=OMX.MS.M4V.Decoder
07-05 22:03:51.991 D/Player/Lib/Utils/SysUtils(17826): [TID 17857] [Check dolby]  Supported type=video/mp4v-es
07-05 22:03:51.991 D/Player/Lib/Utils/SysUtils(17826): [TID 17857] [Check dolby]  Codec name=OMX.MS.H263.Decoder
07-05 22:03:51.991 D/Player/Lib/Utils/SysUtils(17826): [TID 17857] [Check dolby]  Supported type=video/3gpp
07-05 22:03:51.991 D/Player/Lib/Utils/SysUtils(17826): [TID 17857] [Check dolby]  Codec name=OMX.MS.AVC.Decoder
07-05 22:03:51.991 D/Player/Lib/Utils/SysUtils(17826): [TID 17857] [Check dolby]  Supported type=video/avc
07-05 22:03:51.991 D/Player/Lib/Utils/SysUtils(17826): [TID 17857] [Check dolby]  Codec name=OMX.MS.HEVC.Decoder
07-05 22:03:51.991 D/Player/Lib/Utils/SysUtils(17826): [TID 17857] [Check dolby]  Supported type=video/hevc
07-05 22:03:52.013 I/MyFragmentStateAdapter(17826): getCount
07-05 22:03:52.022 D/Player/Lib/Utils/SysUtils(17826): [TID 17857] [Check H265] FOUND, current type = video/hevc
07-05 22:03:52.022 D/Player/Lib/Utils/SysUtils(17826): [TID 17857] [Check dolby]  Codec name=OMX.MS.MVC.Decoder
07-05 22:03:52.022 D/Player/Lib/Utils/SysUtils(17826): [TID 17857] [Check dolby]  Supported type=video/mvc
07-05 22:03:52.022 D/Player/Lib/Utils/SysUtils(17826): [TID 17857] [Check dolby]  Codec name=OMX.MS.MPEG2.Decoder
07-05 22:03:52.022 D/Player/Lib/Utils/SysUtils(17826): [TID 17857] [Check dolby]  Supported type=video/mpeg2
07-05 22:03:52.022 D/Player/Lib/Utils/SysUtils(17826): [TID 17857] [Check dolby]  Codec name=OMX.MS.VP8.Decoder
07-05 22:03:52.022 D/Player/Lib/Utils/SysUtils(17826): [TID 17857] [Check dolby]  Supported type=video/x-vnd.on2.vp8
07-05 22:03:52.022 D/Player/Lib/Utils/SysUtils(17826): [TID 17857] [Check dolby]  Codec name=OMX.MS.DIVX311.Decoder
07-05 22:03:52.022 D/Player/Lib/Utils/SysUtils(17826): [TID 17857] [Check dolby]  Supported type=video/divx3
07-05 22:03:52.022 D/Player/Lib/Utils/SysUtils(17826): [TID 17857] [Check dolby]  Codec name=OMX.MS.DIVX412.Decoder
