07-06 00:08:21.309 D/ADLog   ( 7859): DBManager => update(String table = AppADCodeInfo, Object obj = com.hisense.service.ad.bean.AppADCodeInfo@1c5ca9b5)
07-06 00:08:21.309 D/ADLog   ( 7859): DBManager => update(AppADCodeInfo info = com.hisense.service.ad.bean.AppADCodeInfo@1c5ca9b5)
07-06 00:08:21.309 D/ADLog   ( 7859): DBManager => update appcodeinfo---------------------
07-06 00:08:21.309 D/ADLog   ( 7859): DBManager => getValues(String tabName = AppADCodeInfo, Object object = com.hisense.service.ad.bean.AppADCodeInfo@1c5ca9b5)
07-06 00:08:21.311 V/PackageManager( 1733): getPackageInfo com.hisense.service.ad: Package{2fa4b490 com.hisense.service.ad}
07-06 00:08:21.321 D/ADLog   ( 7859): DBManager => result = 1
07-06 00:08:21.321 D/ADLog   ( 7859): ADDaoHandler => getADCodeInfo(String adCode = sys_ssv3)
07-06 00:08:21.321 D/ADLog   ( 7859): DBManager => query(String adCode = sys_ssv3)
07-06 00:08:21.322 D/ADLog   ( 7859): DBManager => ADCodeInfo cursor.getCount() = 1
07-06 00:08:21.322 D/ADLog   ( 7859): DBManager => queryPlayPolicy(adCode = sys_ssv3, packageName = com.jamdeo.screensaver)
07-06 00:08:21.330 D/HttpHandler(21904): DNSHelper-->gslbDns=["218.58.206.58","123.128.14.209","153.35.175.121","220.202.77.124","153.35.175.120","125.46.22.134","36.33.158.222"]
07-06 00:08:21.334 E/ADLog   ( 7859): DBManager => query count is 0
07-06 00:08:21.335 D/ADLog   ( 7859): DBManager => ADCodeInfo [id=4, adCode=sys_ssv3, packageNamecom.jamdeo.screensaver, UpdateStatus=2, defaultAdID=1000000001239, defaultAdURL=http://download.hismarttv.com/epgdata/ImageAD/9000019139817.jpg, defaultAdPath=/data/data/com.hisense.service.ad/files/ad/9000019139817.jpg, defaultAdType=5, owner=hitv, lastUpdateTime=1499242041, lock=java.util.concurrent.locks.ReentrantLock@627984a[Unlocked], adInfos=[]]
07-06 00:08:21.335 I/ADLog   ( 7859): ADServiceHandler => to update sys_ssv3 ad strategy.
07-06 00:08:21.335 D/ADLog   ( 7859): ADDaoHandler => update ADCodeInfo
07-06 00:08:21.335 D/ADLog   ( 7859): DBManager => update(String table = ADCodeInfo, Object obj = ADCodeInfo [id=4, adCode=sys_ssv3, packageNamecom.jamdeo.screensaver, UpdateStatus=1, defaultAdID=1000000001239, defaultAdURL=http://download.hismarttv.com/epgdata/ImageAD/9000019139817.jpg, defaultAdPath=/data/data/com.hisense.service.ad/files/ad/9000019139817.jpg, defaultAdType=5, owner=hitv, lastUpdateTime=1499242041, lock=java.util.concurrent.locks.ReentrantLock@627984a[Unlocked], adInfos=[]])
07-06 00:08:21.335 D/ADLog   ( 7859): DBManager => getValues(String tabName = ADCodeInfo, Object object = ADCodeInfo [id=4, adCode=sys_ssv3, packageNamecom.jamdeo.screensaver, UpdateStatus=1, defaultAdID=1000000001239, defaultAdURL=http://download.hismarttv.com/epgdata/ImageAD/9000019139817.jpg, defaultAdPath=/data/data/com.hisense.service.ad/files/ad/9000019139817.jpg, defaultAdType=5, owner=hitv, lastUpdateTime=1499242041, lock=java.util.concurrent.locks.ReentrantLock@627984a[Unlocked], adInfos=[]])
07-06 00:08:21.335 D/ADLog   ( 7859): CommonUtils => getStringFromList:   [{"id":"8","code":"hitvdef","url":"http:\/\/api.hismarttv.com\/adapi\/getlogopic?type=0&ac=${ADCODE}&pid=${ADPOLICY}&aid=${ADID}&did=${DEVICEID}&t=${TIME}&act=${ACTION}&dt=${DISPLAYTIMES}&tz=${TIMEZONE}&mac=${MAC}"}]
07-06 00:08:21.356 D/gralloc ( 1204): allocate buffer from ION HEAP 0x1
07-06 00:08:21.356 D/gralloc ( 1204): allocate memory from system heap
07-06 00:08:21.356 V/PackageManager( 1733): getPackageInfo com.hisense.service.ad: Package{2fa4b490 com.hisense.service.ad}
07-06 00:08:21.357 D/HiNetworkImpl(21904): doHttp_Asyn(): onReqResponse isSuccessful = true, back from thread: main
07-06 00:08:21.360 I/MyFragmentStateAdapter(21904): getCount
07-06 00:08:21.360 I/MyFragmentStateAdapter(21904): getCount
07-06 00:08:21.360 I/MyFragmentStateAdapter(21904): getCount
07-06 00:08:21.360 I/MyFragmentStateAdapter(21904): getCount
07-06 00:08:21.361 I/FirstLineAdapter(21904): canShowTrailer,isOffline=false
07-06 00:08:21.361 I/FirstLineAdapter(21904): canShowTrailer,isOffline=false
07-06 00:08:21.361 I/FirstLineAdapter(21904): canShowTrailer,isOffline=false
07-06 00:08:21.361 I/FirstLineAdapter(21904): canShowTrailer,isOffline=false
07-06 00:08:21.361 I/FirstLineAdapter(21904): canShowTrailer,isOffline=false
07-06 00:08:21.361 I/FirstLineAdapter(21904): canShowTrailer,isOffline=false
07-06 00:08:21.361 I/FirstLineAdapter(21904): canShowTrailer,isOffline=false
07-06 00:08:21.361 I/FirstLineAdapter(21904): canShowTrailer,isOffline=false
07-06 00:08:21.361 I/FirstLineAdapter(21904): canShowTrailer,isOffline=false
07-06 00:08:21.369 I/MyFragmentStateAdapter(21904): getCount
07-06 00:08:21.458 D/ADLog   ( 7859): DBManager => result = 1, table : ADCodeInfo
07-06 00:08:21.458 I/ADLog   ( 7859): ADServiceHandler => com.jamdeo.screensaver success to register sys_ssv3 ADCode.
07-06 00:08:21.459 D/ADLog   ( 7859): RegisterADService => ******before refresh(info.getAdCode())ad_on_cv4&*****com.jamdeo.tv.advertisementproxy
07-06 00:08:21.459 D/ADLog   ( 7859): RegisterADService => refresh appad, ^^^^app pkg:com.jamdeo.tv.advertisementproxy  &&&app adcode: ad_on_cv4
07-06 00:08:21.459 D/ADLog   ( 7859): ADServiceHandler => registerADCode(String adCode = ad_on_cv4, String packageName = com.jamdeo.tv.advertisementproxy, int codeType = 1)
07-06 00:08:21.459 D/ADLog   ( 7859): ADServiceHandler => @_@  getADPeriod is 60
07-06 00:08:21.459 D/ADLog   ( 7859): DBManager => query(String adCode = ad_on_cv4, String packageName = com.jamdeo.tv.advertisementproxy)
07-06 00:08:21.460 D/ADLog   ( 7859): DBManager => update(String table = AppADCodeInfo, Object obj = com.hisense.service.ad.bean.AppADCodeInfo@27e93bb)
07-06 00:08:21.460 D/ADLog   ( 7859): DBManager => update(AppADCodeInfo info = com.hisense.service.ad.bean.AppADCodeInfo@27e93bb)
07-06 00:08:21.460 D/ADLog   ( 7859): DBManager => update appcodeinfo---------------------
07-06 00:08:21.460 D/ADLog   ( 7859): DBManager => getValues(String tabName = AppADCodeInfo, Object object = com.hisense.service.ad.bean.AppADCodeInfo@27e93bb)
07-06 00:08:21.499 D/OkHttp  (21904): --> GET http://picture.edu.hismarttv.com/images/20170629/%E5%BF%83%E7%AE%97%E5%8F%A3%E8%AF%80%E5%A4%A9%E5%A4%A9%E7%BB%83.jpg http/1.1
07-06 00:08:21.499 D/OkHttp  (21904): Host: picture.edu.hismarttv.com
07-06 00:08:21.499 D/OkHttp  (21904): Connection: Keep-Alive
07-06 00:08:21.499 D/OkHttp  (21904): Accept-Encoding: gzip
07-06 00:08:21.499 D/OkHttp  (21904): User-Agent: okhttp/3.6.0
07-06 00:08:21.499 D/OkHttp  (21904): --> END GET
07-06 00:08:21.504 D/ADLog   ( 7859): DBManager => result = 1
07-06 00:08:21.504 D/ADLog   ( 7859): ADDaoHandler => getADCodeInfo(String adCode = ad_on_cv4)
07-06 00:08:21.504 D/ADLog   ( 7859): DBManager => query(String adCode = ad_on_cv4)
07-06 00:08:21.551 D/TabView (21904): SLOVEN mIsTabScrollingisAnimating===>:falsefalse
07-06 00:08:21.551 I/MainHomeView(21904): OnTabSelected() tabPosition = 2,lastpos=-1, subPosition = 0
07-06 00:08:21.551 I/SoftFragmentList(21904): fetchCacheFragment  enter ---- index = 2
07-06 00:08:21.551 D/SoftFragmentList(21904): fetchCacheFragment  mFragmentCache.size() = 3
07-06 00:08:21.551 D/SoftFragmentList(21904): fetchCacheFragment mLastIndex = 2, view = 
07-06 00:08:21.551 D/MainHomeView(21904): onTabSelected ===>:Current channelId0
07-06 00:08:21.559 D/OkHttp  (21904): <-- 200 OK http://picture.edu.hismarttv.com/images/20170629/%E5%BF%83%E7%AE%97%E5%8F%A3%E8%AF%80%E5%A4%A9%E5%A4%A9%E7%BB%83.jpg (59ms)
07-06 00:08:21.559 D/OkHttp  (21904): Date: Mon, 03 Jul 2017 11:02:37 GMT
07-06 00:08:21.559 D/OkHttp  (21904): Server: nginx
07-06 00:08:21.559 D/OkHttp  (21904): Content-Type: image/jpeg
07-06 00:08:21.559 D/OkHttp  (21904): Content-Length: 204643
07-06 00:08:21.559 D/OkHttp  (21904): Last-Modified: Fri, 09 Jun 2017 14:51:40 GMT
07-06 00:08:21.559 D/OkHttp  (21904): ETag: "593ab5fc-31f63"
07-06 00:08:21.559 D/OkHttp  (21904): Accept-Ranges: bytes
07-06 00:08:21.559 D/OkHttp  (21904): Age: 191144
07-06 00:08:21.559 D/OkHttp  (21904): Via: 1.1 shuozhou56:1 (Cdn Cache Server V2.0)[20 200 0], 1.1 angtong95:4 (Cdn Cache Server V2.0)[0 200 0]
07-06 00:08:21.559 D/OkHttp  (21904): Connection: keep-alive
07-06 00:08:21.559 D/OkHttp  (21904): <-- END HTTP
07-06 00:08:21.560 D/HttpHandler(21904): RetryIntercepter-->retryNum=0
07-06 00:08:21.560 D/HttpHandler(21904): RetryIntercepter-->backoffmutiplier=0
07-06 00:08:21.598 D/ADLog   ( 7859): DBManager => ADCodeInfo cursor.getCount() = 1
07-06 00:08:21.599 D/ADLog   ( 7859): DBManager => queryPlayPolicy(adCode = ad_on_cv4, packageName = com.jamdeo.tv.advertisementproxy)
07-06 00:08:21.616 D/ADLog   ( 7859): CommonUtils => getListFromString:   
07-06 00:08:21.616 D/ADLog   ( 7859): CommonUtils => getListFromString:   
07-06 00:08:21.616 D/ADLog   ( 7859): CommonUtils => getListFromString:   
07-06 00:08:21.616 D/ADLog   ( 7859): DBManager => load JsonExtras
07-06 00:08:21.616 D/ADLog   ( 7859): ADInfo => setJsonExtras(String jsonExtras = {"ad_on_jump":"{\"startupType\":4,\"startupUrl\":[{\"key\":\"startupType\",\"value\":3,\"type\":\"int\"},{\"key\":\"packageName\",\"value\":\"com.hisense.hicloud.edca\",\"type\":\"String\"}]}"})
07-06 00:08:21.634 D/ADLog   ( 7859): DBManager => ADCodeInfo [id=5, adCode=ad_on_cv4, packageNamecom.jamdeo.tv.advertisementproxy, UpdateStatus=2, defaultAdID=1000000006433, defaultAdURL=http://download.hismarttv.com/epgdata/ImageAD/9000019159462.zip, defaultAdPath=/data/data/com.hisense.service.ad/files/ad/9000019159462.zip, defaultAdType=9, owner=hitv, lastUpdateTime=1499242042, lock=java.util.concurrent.locks.ReentrantLock@30fb2c31[Unlocked], adInfos=[com.hisense.service.ad.bean.ADInfo@14eef16]]
07-06 00:08:21.635 I/ADLog   ( 7859): ADServiceHandler => to update ad_on_cv4 ad strategy.
07-06 00:08:21.635 D/ADLog   ( 7859): ADDaoHandler => update ADCodeInfo
07-06 00:08:21.650 D/ADLog   ( 7859): DBManager => update(String table = ADCodeInfo, Object obj = ADCodeInfo [id=5, adCode=ad_on_cv4, packageNamecom.jamdeo.tv.advertisementproxy, UpdateStatus=1, defaultAdID=1000000006433, defaultAdURL=http://download.hismarttv.com/epgdata/ImageAD/9000019159462.zip, defaultAdPath=/data/data/com.hisense.service.ad/files/ad/9000019159462.zip, defaultAdType=9, owner=hitv, lastUpdateTime=1499242042, lock=java.util.concurrent.locks.ReentrantLock@30fb2c31[Unlocked], adInfos=[com.hisense.service.ad.bean.ADInfo@14eef16]])
07-06 00:08:21.650 D/ADLog   ( 7859): DBManager => getValues(String tabName = ADCodeInfo, Object object = ADCodeInfo [id=5, adCode=ad_on_cv4, packageNamecom.jamdeo.tv.advertisementproxy, UpdateStatus=1, defaultAdID=1000000006433, defaultAdURL=http://download.hismarttv.com/epgdata/ImageAD/9000019159462.zip, defaultAdPath=/data/data/com.hisense.service.ad/files/ad/9000019159462.zip, defaultAdType=9, owner=hitv, lastUpdateTime=1499242042, lock=java.util.concurrent.locks.ReentrantLock@30fb2c31[Unlocked], adInfos=[com.hisense.service.ad.bean.ADInfo@14eef16]])
07-06 00:08:21.650 D/ADLog   ( 7859): CommonUtils => getStringFromList:   [{"id":"8","code":"hitvdef","url":"http:\/\/api.hismarttv.com\/adapi\/getlogopic?type=0&ac=${ADCODE}&pid=${ADPOLICY}&aid=${ADID}&did=${DEVICEID}&t=${TIME}&act=${ACTION}&dt=${DISPLAYTIMES}&tz=${TIMEZONE}&mac=${MAC}"}]
07-06 00:08:21.674 I/TVMW@HsTvSetting( 1234): Trace cmd, data = 0x1058
07-06 00:08:21.674 D/til@system( 2026): til_get_system_param option:100002F int:0, bool:0, ret:0
07-06 00:08:21.675 I/TVMW@HsTvSetting( 1234): Trace cmd, data = 0x101f
07-06 00:08:21.675 D/til@system( 2026): til_get_system_param option:100001D int:3, bool:3, ret:0
07-06 00:08:21.675 E/til     ( 2026): [til_get_current_input_source, 101] 
07-06 00:08:21.676 I/TVMW@HsTvSetting( 1234): Trace cmd, data = 0x7007
07-06 00:08:21.676 I/tilwrapper@sm( 2026): HS2TIL_SourceType *hs=0xd, *til=0x900
07-06 00:08:21.676 D/til     ( 2026): get current source 2304
07-06 00:08:21.676 D/SourceRemoteServiceHandler( 2026): getCurrentInputSource.from.til.result is 0, value is 2304
07-06 00:08:21.676 D/SourceRemoteServiceHandler( 2026): getInputSourceType source: 0x900, type=2304
07-06 00:08:21.676 D/til     ( 2026): ###### func:til_get_picture_param option:0x3000006 ######  
07-06 00:08:21.676 I/TVMW@HsTvSetting( 1234): Trace cmd, data = 0x1003
07-06 00:08:21.677 I/TVMW@HsTvSetting( 1234): Trace cmd, data = 0x8032
07-06 00:08:21.677 I/hstvos  ( 1216): [0m[1;33m[HSHAL][HS_VIDEO][HS_HAL_Video_SetOsdDetect_v2][2389]u16Threshold = 20
07-06 00:08:21.678 I/MiSysSrv( 1214): Not support now! 42, change to mm_video!!!
07-06 00:08:21.678 E/TVMW@videoctrl( 1234):  getOsd is 1
07-06 00:08:21.679 D/til@system( 2026): til_get_system_param option:1000027 int:1, bool:1, ret:0
07-06 00:08:21.679 D/til     ( 2026): ###### func:til_get_picture_param option:0x3000045 ######  
07-06 00:08:21.679 I/TVMW@HsTvSetting( 1234): Trace cmd, data = 0x300c
07-06 00:08:21.679 I/TVMW@HsTvSetting( 1234): Trace 3d, data = 0x300c
07-06 00:08:21.679 I/TVMW@3d ( 1234): Hs_debug3d_trace: func:get3dStatus, line:109
07-06 00:08:21.696 D/PowerManagerService( 1733): releaseWakeLockInternal: lock=681732318 [ActivityManager-Launch], flags=0x0
07-06 00:08:21.696 D/PowerManagerNotifier( 1733): onWakeLockReleased: flags=1, tag="ActivityManager-Launch", packageName=android, ownerUid=1000, ownerPid=1733, workSource=null
07-06 00:08:21.697 D/ADLog   ( 7859): DBManager => result = 1, table : ADCodeInfo
07-06 00:08:21.698 I/ADLog   ( 7859): ADServiceHandler => com.jamdeo.tv.advertisementproxy success to register ad_on_cv4 ADCode.
07-06 00:08:21.698 D/ADLog   ( 7859): RegisterADService => ******before refresh(info.getAdCode())ad_vm_av3&*****com.jamdeo.tv.resources
07-06 00:08:21.698 D/ADLog   ( 7859): RegisterADService => refresh appad, ^^^^app pkg:com.jamdeo.tv.resources  &&&app adcode: ad_vm_av3
07-06 00:08:21.698 D/ADLog   ( 7859): ADServiceHandler => registerADCode(String adCode = ad_vm_av3, String packageName = com.jamdeo.tv.resources, int codeType = 1)
07-06 00:08:21.698 D/ADLog   ( 7859): ADServiceHandler => @_@  getADPeriod is 60
07-06 00:08:21.698 D/ADLog   ( 7859): DBManager => query(String adCode = ad_vm_av3, String packageName = com.jamdeo.tv.resources)
07-06 00:08:21.700 W/ActivityManager( 1733): Activity destroy timeout for ActivityRecord{3e602b5b u0 com.jamdeo.launcher/.app.BaseTileActivity t5463 f}
07-06 00:08:21.710 E/HttpDnsUtils(21904): http callCancel(): mViewTag = EntryActivity
07-06 00:08:21.729 D/PowerManagerService( 1733): setScreenBrightnessOverrideFromWindowManagerInternal done
07-06 00:08:21.736 D/DtvSourcePlugin-DVBC( 8758): Setting the EPG Updater state to: WAIT
07-06 00:08:21.739 D/OsdMonitorService( 1733): mCurrentWindow = com.hisense.hicloud.edca/com.hisense.tvui.newhome.HomeMainActivity; newWindow = com.hisense.hicloud.edca/com.hisense.tvui.newhome.HomeMainActivity; isSubWindow = false; isInWinList = false; isExitNow = false
07-06 00:08:21.739 D/OsdMonitorService( 1733): windowNotOsd() : name = com.hisense.hicloud.edca/com.hisense.tvui.newhome.HomeMainActivity
07-06 00:08:21.739 I/OsdMonitorService( 1733): setOsdStatus() : status will change from true to true
07-06 00:08:21.752 D/ADLog   ( 7859): DBManager => update(String table = AppADCodeInfo, Object obj = com.hisense.service.ad.bean.AppADCodeInfo@1c78b097)
07-06 00:08:21.752 D/ADLog   ( 7859): DBManager => update(AppADCodeInfo info = com.hisense.service.ad.bean.AppADCodeInfo@1c78b097)
07-06 00:08:21.752 D/ADLog   ( 7859): DBManager => update appcodeinfo---------------------
07-06 00:08:21.752 D/ADLog   ( 7859): DBManager => getValues(String tabName = AppADCodeInfo, Object object = com.hisense.service.ad.bean.AppADCodeInfo@1c78b097)
07-06 00:08:21.761 I/MyFragmentStateAdapter(21904): getCount
07-06 00:08:21.785 I/UsageStatsService( 1733): User[0] Flushing usage stats to disk
07-06 00:08:21.786 I/MyFragmentStateAdapter(21904): getCount
07-06 00:08:21.800 I/TVMW@devctrl( 1234): wdt
07-06 00:08:21.827 I/MyFragmentStateAdapter(21904): getCount
07-06 00:08:21.876 D/ADLog   ( 7859): DBManager => result = 1
07-06 00:08:21.876 D/ADLog   ( 7859): ADDaoHandler => getADCodeInfo(String adCode = ad_vm_av3)
07-06 00:08:21.876 D/ADLog   ( 7859): DBManager => query(String adCode = ad_vm_av3)
07-06 00:08:21.877 D/ADLog   ( 7859): DBManager => ADCodeInfo cursor.getCount() = 1
07-06 00:08:21.878 D/ADLog   ( 7859): DBManager => queryPlayPolicy(adCode = ad_vm_av3, packageName = com.jamdeo.tv.resources)
07-06 00:08:21.886 E/ADLog   ( 7859): DBManager => query count is 0
07-06 00:08:21.887 D/ADLog   ( 7859): DBManager => ADCodeInfo [id=6, adCode=ad_vm_av3, packageNamecom.jamdeo.tv.resources, UpdateStatus=2, defaultAdID=1000000005878, defaultAdURL=http://download.hismarttv.com/epgdata/ImageAD/9000019142662.jpg, defaultAdPath=/data/data/com.hisense.service.ad/files/ad/9000019142662.jpg, defaultAdType=5, owner=hitv, lastUpdateTime=1499242042, lock=java.util.concurrent.locks.ReentrantLock@10fb6284[Unlocked], adInfos=[]]
07-06 00:08:21.887 I/ADLog   ( 7859): ADServiceHandler => to update ad_vm_av3 ad strategy.
07-06 00:08:21.887 D/ADLog   ( 7859): ADDaoHandler => update ADCodeInfo
07-06 00:08:21.887 D/ADLog   ( 7859): DBManager => update(String table = ADCodeInfo, Object obj = ADCodeInfo [id=6, adCode=ad_vm_av3, packageNamecom.jamdeo.tv.resources, UpdateStatus=1, defaultAdID=1000000005878, defaultAdURL=http://download.hismarttv.com/epgdata/ImageAD/9000019142662.jpg, defaultAdPath=/data/data/com.hisense.service.ad/files/ad/9000019142662.jpg, defaultAdType=5, owner=hitv, lastUpdateTime=1499242042, lock=java.util.concurrent.locks.ReentrantLock@10fb6284[Unlocked], adInfos=[]])
07-06 00:08:21.887 D/ADLog   ( 7859): DBManager => getValues(String tabName = ADCodeInfo, Object object = ADCodeInfo [id=6, adCode=ad_vm_av3, packageNamecom.jamdeo.tv.resources, UpdateStatus=1, defaultAdID=1000000005878, defaultAdURL=http://download.hismarttv.com/epgdata/ImageAD/9000019142662.jpg, defaultAdPath=/data/data/com.hisense.service.ad/files/ad/9000019142662.jpg, defaultAdType=5, owner=hitv, lastUpdateTime=1499242042, lock=java.util.concurrent.locks.ReentrantLock@10fb6284[Unlocked], adInfos=[]])
07-06 00:08:21.888 D/ADLog   ( 7859): CommonUtils => getStringFromList:   [{"id":"8","code":"hitvdef","url":"http:\/\/api.hismarttv.com\/adapi\/getlogopic?type=0&ac=${ADCODE}&pid=${ADPOLICY}&aid=${ADID}&did=${DEVICEID}&t=${TIME}&act=${ACTION}&dt=${DISPLAYTIMES}&tz=${TIMEZONE}&mac=${MAC}"}]
07-06 00:08:21.909 D/ADLog   ( 7859): DBManager => result = 1, table : ADCodeInfo
07-06 00:08:21.909 I/ADLog   ( 7859): ADServiceHandler => com.jamdeo.tv.resources success to register ad_vm_av3 ADCode.
07-06 00:08:21.926 I/MyFragmentStateAdapter(21904): getCount
07-06 00:08:21.940 D/ADLog   ( 7859): ADServiceHandler => postExecute
07-06 00:08:21.950 V/PackageManager( 1733): getPackageInfo com.hisense.service.ad: Package{2fa4b490 com.hisense.service.ad}
07-06 00:08:21.964 D/ADLog   ( 7859): ADDaoHandler => update ADCodeInfo
07-06 00:08:21.964 D/ADLog   ( 7859): DBManager => update(String table = ADCodeInfo, Object obj = ADCodeInfo [id=3, adCode=ad_sc, packageNamecom.jamdeo.tv.tileanimation, UpdateStatus=2, defaultAdID=1000000002492, defaultAdURL=http://download.hismarttv.com/epgdata/ImageAD/9000019146505.jpg, defaultAdPath=/data/data/com.hisense.service.ad/files/ad/9000019146505.jpg, defaultAdType=5, owner=hitv, lastUpdateTime=1499242101, lock=java.util.concurrent.locks.ReentrantLock@269cc1ec[Locked by thread pool-1-thread-1], adInfos=[]])
07-06 00:08:21.965 D/ADLog   ( 7859): DBManager => getValues(String tabName = ADCodeInfo, Object object = ADCodeInfo [id=3, adCode=ad_sc, packageNamecom.jamdeo.tv.tileanimation, UpdateStatus=2, defaultAdID=1000000002492, defaultAdURL=http://download.hismarttv.com/epgdata/ImageAD/9000019146505.jpg, defaultAdPath=/data/data/com.hisense.service.ad/files/ad/9000019146505.jpg, defaultAdType=5, owner=hitv, lastUpdateTime=1499242101, lock=java.util.concurrent.locks.ReentrantLock@269cc1ec[Locked by thread pool-1-thread-1], adInfos=[]])
07-06 00:08:21.965 D/ADLog   ( 7859): CommonUtils => getStringFromList:   [{"id":"8","code":"hitvdef","url":"http:\/\/api.hismarttv.com\/adapi\/getlogopic?type=0&ac=${ADCODE}&pid=${ADPOLICY}&aid=${ADID}&did=${DEVICEID}&t=${TIME}&act=${ACTION}&dt=${DISPLAYTIMES}&tz=${TIMEZONE}&mac=${MAC}"}]
07-06 00:08:21.975 W/art     (21904): Suspending all threads took: 47.897ms
07-06 00:08:21.991 I/art     (21904): Background sticky concurrent mark sweep GC freed 13239(658KB) AllocSpace objects, 1(16KB) LOS objects, 0% free, 29MB/29MB, paused 52.823ms total 353.234ms
07-06 00:08:22.015 D/ADLog   ( 7859): DBManager => result = 1, table : ADCodeInfo
07-06 00:08:22.025 I/MyFragmentStateAdapter(21904): getCount
07-06 00:08:22.033 D/WebcastSDK-HiCloudSourcePlugin(21904): getContext(): com.hisense.hicloud.edca.BaseApplication@2adbac5c mWebcastManager: com.hisense.webcastSDK.WebcastManager@3aaed689
07-06 00:08:22.061 V/PackageManager( 1733): getPackageInfo com.hisense.service.ad: Package{2fa4b490 com.hisense.service.ad}
07-06 00:08:22.071 D/WebcastSDK-(21904): activity == null.
07-06 00:08:22.071 I/CurrentCarouselView(21904): real play
07-06 00:08:22.071 V/PackageManager( 1733): getPackageInfo com.hisense.hicloud.edca: Package{3fb3f3a1 com.hisense.hicloud.edca}
07-06 00:08:22.072 I/WebcastSDK-(21904): getAppVersionName(), versionName = 3.0.0.9.00
07-06 00:08:22.074 I/MyFragmentStateAdapter(21904): getCount
07-06 00:08:22.068 D/ADLog   ( 7859): ADDaoHandler => getADCodeInfo(String adCode = sys_ssv3)
07-06 00:08:22.087 D/ADLog   ( 7859): DBManager => query(String adCode = sys_ssv3)
07-06 00:08:22.118 D/Carousel-CarouselView(21904): clearPosterAndPlay! hashCode=795694989, sWorkingHashCode=0
07-06 00:08:22.119 D/Carousel-CarouselView(21904): mListView.getAdapter()=com.hisense.hitv.carouselwidgit.view.adapter.CarouselInfoListAdapter@b1372bc
07-06 00:08:22.119 D/Carousel-CarouselView(21904): Last playing position:-1
07-06 00:08:22.119 D/Carousel-CarouselView(21904): position=1
07-06 00:08:22.119 D/Carousel-CarouselView(21904): Last play position:1,size:3
07-06 00:08:22.119 D/AudioSystem(21904): Setting global gAudioPortCallback On refCnt: 1
07-06 00:08:22.122 D/Carousel-CarouselListView(21904): onItemClick position:1,view:null
07-06 00:08:22.122 D/Carousel-CarouselListView(21904): last play position:1,cur:1
07-06 00:08:22.123 D/Carousel-CarouselView(21904): onListItemClick view=null,position=1
07-06 00:08:22.145 I/MyFragmentStateAdapter(21904): getCount
07-06 00:08:22.153 D/ADLog   ( 7859): DBManager => ADCodeInfo cursor.getCount() = 1
07-06 00:08:22.153 D/ADLog   ( 7859): DBManager => queryPlayPolicy(adCode = sys_ssv3, packageName = com.jamdeo.screensaver)
07-06 00:08:22.180 I/TVMW@HsTvSetting( 1234): Trace cmd, data = 0x1058
07-06 00:08:22.184 E/WebcastSDK-HiCloudSourcePlugin(21904): FetchSystemParameterTask(), res = {"categoryChannelTimeInterval":255000,"timeSynInterval":301000,"ChannelSwitchdefaultPic":"http://download.hismarttv.com/epgdata/LunBoContentPic/149810099740274506.jpg","TencentPlayRoundId":"1","allowUploadLogFile":1,"NoticeShow":1,"resultCode":0}
07-06 00:08:22.185 E/WebcastSDK-EPGDataManager(21904): notifySystemParametersData(), SystemParameterInfo = [ mCategoryInternal = 255000; mServerTimeInternal = 301000; mTencentPlayId = 1; mUploadLogFlag = 1; mSwitchPic = http://download.hismarttv.com/epgdata/LunBoContentPic/149810099740274506.jpg]
07-06 00:08:22.185 D/WebcastSDK-(21904): activity == null.
07-06 00:08:22.185 I/WebcastSDK-EPGDataManager(21904): handleMessage(), sync Server time in [ 301000 ] ms
07-06 00:08:22.185 D/WebcastSDK-(21904): activity == null.
07-06 00:08:22.187 D/til@system( 2026): til_get_system_param option:100002F int:0, bool:0, ret:0
07-06 00:08:22.188 I/TVMW@HsTvSetting( 1234): Trace cmd, data = 0x101f
07-06 00:08:22.188 D/til@system( 2026): til_get_system_param option:100001D int:3, bool:3, ret:0
07-06 00:08:22.188 E/til     ( 2026): [til_get_current_input_source, 101] 
07-06 00:08:22.189 I/TVMW@HsTvSetting( 1234): Trace cmd, data = 0x7007
07-06 00:08:22.189 I/tilwrapper@sm( 2026): HS2TIL_SourceType *hs=0xd, *til=0x900
07-06 00:08:22.189 D/til     ( 2026): get current source 2304
07-06 00:08:22.189 D/SourceRemoteServiceHandler( 2026): getCurrentInputSource.from.til.result is 0, value is 2304
07-06 00:08:22.189 D/SourceRemoteServiceHandler( 2026): getInputSourceType source: 0x900, type=2304
07-06 00:08:22.189 D/til     ( 2026): ###### func:til_get_picture_param option:0x3000006 ######  
07-06 00:08:22.189 I/TVMW@HsTvSetting( 1234): Trace cmd, data = 0x1003
07-06 00:08:22.190 I/TVMW@HsTvSetting( 1234): Trace cmd, data = 0x8032
07-06 00:08:22.190 I/hstvos  ( 1216): [0m[1;33m[HSHAL][HS_VIDEO][HS_HAL_Video_SetOsdDetect_v2][2389]u16Threshold = 20
07-06 00:08:22.190 I/MiSysSrv( 1214): Not support now! 42, change to mm_video!!!
07-06 00:08:22.191 E/TVMW@videoctrl( 1234):  getOsd is 1
07-06 00:08:22.191 D/til@system( 2026): til_get_system_param option:1000027 int:1, bool:1, ret:0
07-06 00:08:22.191 D/til     ( 2026): ###### func:til_get_picture_param option:0x3000045 ######  
07-06 00:08:22.191 I/TVMW@HsTvSetting( 1234): Trace cmd, data = 0x300c
07-06 00:08:22.192 I/TVMW@HsTvSetting( 1234): Trace 3d, data = 0x300c
07-06 00:08:22.192 I/TVMW@3d ( 1234): Hs_debug3d_trace: func:get3dStatus, line:109
07-06 00:08:22.195 I/MyFragmentStateAdapter(21904): getCount
07-06 00:08:22.219 I/HLSP2P  ( 8504): ## 2017-07-06 00:08:22.219 [8504,8698,:0] INFO ## [HLSP2P][TaskManager.cpp:838][INFO][UpdateGlobalInfo]totalDataSize: 0, totalMemorySize: 0, totalCacheSize: 0, PlayTaskAllFinish: 0
07-06 00:08:22.222 I/NetflixMonitorService( 1733): current fgapk : com.hisense.hicloud.edca
07-06 00:08:22.222 I/NetflixMonitorService( 1733): Netflix status unchanged
07-06 00:08:22.228 E/ADLog   ( 7859): DBManager => query count is 0
07-06 00:08:22.229 D/ADLog   ( 7859): DBManager => ADCodeInfo [id=4, adCode=sys_ssv3, packageNamecom.jamdeo.screensaver, UpdateStatus=1, defaultAdID=1000000001239, defaultAdURL=http://download.hismarttv.com/epgdata/ImageAD/9000019139817.jpg, defaultAdPath=/data/data/com.hisense.service.ad/files/ad/9000019139817.jpg, defaultAdType=5, owner=hitv, lastUpdateTime=1499242041, lock=java.util.concurrent.locks.ReentrantLock@9255a6d[Unlocked], adInfos=[]]
07-06 00:08:22.233 V/PackageManager( 1733): getPackageInfo com.hisense.service.ad: Package{2fa4b490 com.hisense.service.ad}
07-06 00:08:22.236 I/HLSP2P  ( 8504): ## 2017-07-06 00:08:22.220 [8504,8698,:0] INFO ## [HLSP2P][TaskManager.cpp:1348][INFO][TryAdjustMemorySize]system memory total size: 1912M, free size: 570MB, cache add to 100MB, AppState: 14, IsLowMemory: 0
07-06 00:08:22.240 V/PackageManager( 1733): getPackageInfo com.hisense.service.ad: Package{2fa4b490 com.hisense.service.ad}
07-06 00:08:22.248 W/art     (21904): Suspending all threads took: 21.336ms
07-06 00:08:22.259 D/Carousel-CarouselView(21904): start to play! hashCode=795694989
07-06 00:08:22.260 D/Carousel-Utils(21904): x=511,y=167, width=892,height=536
07-06 00:08:22.261 D/Carousel-CarouselView(21904): type=1
07-06 00:08:22.261 D/Carousel-CarouselDisplayPlayerLayout(21904): isFullScreen:false
07-06 00:08:22.261 D/Carousel-Utils(21904): displayImage view=android.widget.ImageView{1da55245 V.ED.... ......I. 0,0-0,0 #7f0d0029 app:id/imageView1}
07-06 00:08:22.261 D/Carousel-Utils(21904): displayImage url=http://picture.edu.hismarttv.com/images/20170629010146422927.jpg
07-06 00:08:22.262 D/Carousel-CarouselDisplayPlayerLayout(21904): isFullScreen:false
07-06 00:08:22.262 D/Carousel-log_(21904): isFullScreen:false
07-06 00:08:22.262 D/Carousel-CarouselDisplayPlayerLayout(21904): replacePlayer carouselType:3
07-06 00:08:22.262 D/Carousel-CarouselDisplayPlayerLayout(21904): x=511, y=167,w=892,h=536, hashCode=822279848
07-06 00:08:22.262 D/Carousel-CarouselDisplayPlayerLayout(21904): mX=0, mY=0,mWitdh=0,mHeight=0, hashCode=822279848
07-06 00:08:22.262 D/Carousel-CarouselDisplayPlayerLayout(21904): changed=true, hashCode=822279848
07-06 00:08:22.275 I/art     (21904): Background partial concurrent mark sweep GC freed 26018(1529KB) AllocSpace objects, 6(139KB) LOS objects, 12% free, 27MB/31MB, paused 25.764ms total 282.364ms
07-06 00:08:22.279 D/NativeDecimalFormat(21904): NativeDecimalFormat_close print addr=4098416128
07-06 00:08:22.279 D/NativeDecimalFormat(21904): NativeDecimalFormat_close print g_addr=3997594368
07-06 00:08:22.280 D/NativeDecimalFormat(21904): NativeDecimalFormat_close print addr=4098416896
07-06 00:08:22.280 D/NativeDecimalFormat(21904): NativeDecimalFormat_close print g_addr=3997594368
07-06 00:08:22.280 D/NativeDecimalFormat(21904): NativeDecimalFormat_close print addr=3997591296
07-06 00:08:22.280 D/NativeDecimalFormat(21904): NativeDecimalFormat_close print g_addr=3997594368
07-06 00:08:22.281 D/NativeDecimalFormat(21904): NativeDecimalFormat_close print addr=3997594368
07-06 00:08:22.281 D/NativeDecimalFormat(21904): NativeDecimalFormat_close print g_addr=3997594368
07-06 00:08:22.281 D/NativeDecimalFormat(21904): NativeDecimalFormat_close print addr=3997593600
07-06 00:08:22.281 D/NativeDecimalFormat(21904): NativeDecimalFormat_close print g_addr=3997594368
07-06 00:08:22.316 D/ADLog   ( 7859): ADServiceHandler => postExecute
07-06 00:08:22.320 D/Carousel-CarouselVideoViewImpl(21904): onAttachedToWindow.
07-06 00:08:22.321 V/PackageManager( 1733): getPackageInfo com.hisense.service.ad: Package{2fa4b490 com.hisense.service.ad}
07-06 00:08:22.325 D/Carousel-CarouselVideoViewImpl(21904): startPlay!
07-06 00:08:22.325 D/Carousel-CarouselDisplayPlayerLayout(21904): isFullScreen:false
07-06 00:08:22.327 D/ADLog   ( 7859): ADDaoHandler => update ADCodeInfo
07-06 00:08:22.327 D/ADLog   ( 7859): DBManager => update(String table = ADCodeInfo, Object obj = ADCodeInfo [id=4, adCode=sys_ssv3, packageNamecom.jamdeo.screensaver, UpdateStatus=2, defaultAdID=1000000001239, defaultAdURL=http://download.hismarttv.com/epgdata/ImageAD/9000019139817.jpg, defaultAdPath=/data/data/com.hisense.service.ad/files/ad/9000019139817.jpg, defaultAdType=5, owner=hitv, lastUpdateTime=1499242102, lock=java.util.concurrent.locks.ReentrantLock@9255a6d[Locked by thread pool-1-thread-1], adInfos=[]])
07-06 00:08:22.327 D/ADLog   ( 7859): DBManager => getValues(String tabName = ADCodeInfo, Object object = ADCodeInfo [id=4, adCode=sys_ssv3, packageNamecom.jamdeo.screensaver, UpdateStatus=2, defaultAdID=1000000001239, defaultAdURL=http://download.hismarttv.com/epgdata/ImageAD/9000019139817.jpg, defaultAdPath=/data/data/com.hisense.service.ad/files/ad/9000019139817.jpg, defaultAdType=5, owner=hitv, lastUpdateTime=1499242102, lock=java.util.concurrent.locks.ReentrantLock@9255a6d[Locked by thread pool-1-thread-1], adInfos=[]])
07-06 00:08:22.327 D/ADLog   ( 7859): CommonUtils => getStringFromList:   [{"id":"8","code":"hitvdef","url":"http:\/\/api.hismarttv.com\/adapi\/getlogopic?type=0&ac=${ADCODE}&pid=${ADPOLICY}&aid=${ADID}&did=${DEVICEID}&t=${TIME}&act=${ACTION}&dt=${DISPLAYTIMES}&tz=${TIMEZONE}&mac=${MAC}"}]
07-06 00:08:22.332 I/MyFragmentStateAdapter(21904): getCount
07-06 00:08:22.346 I/Carousel-UrlVideoView(21904): onMeasure(MeasureSpec: EXACTLY 816, MeasureSpec: EXACTLY 460)
07-06 00:08:22.346 I/Carousel-UrlVideoView(21904): onMeasure(MeasureSpec: EXACTLY 816, MeasureSpec: EXACTLY 460)
07-06 00:08:22.347 D/Surface ( 1733): onStatusChange() : mNativeObject = 547942796288 mUseImageHwRender = false
07-06 00:08:22.347 V/Surface ( 1733): nativeSetHardwareRender() : status = 0
07-06 00:08:22.347 V/Surface ( 1733): nativeSetHardwareRender() : end
07-06 00:08:22.351 D/PowerManagerService( 1733): setScreenBrightnessOverrideFromWindowManagerInternal done
07-06 00:08:22.352 D/Surface ( 1733): onStatusChange() : mNativeObject = 0 mUseImageHwRender = false
07-06 00:08:22.355 I/SurfaceView(21904): Changes: creating=true format=true size=true visible=true left=true top=true
07-06 00:08:22.362 V/WindowManager( 1733): Adding window Window{180f19ba u0 SurfaceView} at 10 of 19 (before Window{28271a75 u0 com.hisense.hicloud.edca/com.hisense.tvui.newhome.HomeMainActivity})
07-06 00:08:22.363 I/SurfaceView(21904): Cur surface: Surface(name=null)/@0x37bcc384
07-06 00:08:22.366 D/Surface ( 1733): onStatusChange() : mNativeObject = 547942832128 mUseImageHwRender = false
07-06 00:08:22.366 V/Surface ( 1733): nativeSetHardwareRender() : status = 0
07-06 00:08:22.366 V/Surface ( 1733): nativeSetHardwareRender() : end
07-06 00:08:22.366 D/OsdMonitorService( 1733): mCurrentWindow = com.hisense.hicloud.edca/com.hisense.tvui.newhome.HomeMainActivity; newWindow = com.hisense.hicloud.edca/com.hisense.tvui.newhome.HomeMainActivity; isSubWindow = false; isInWinList = false; isExitNow = false
07-06 00:08:22.366 D/OsdMonitorService( 1733): windowNotOsd() : name = com.hisense.hicloud.edca/com.hisense.tvui.newhome.HomeMainActivity
07-06 00:08:22.366 I/OsdMonitorService( 1733): setOsdStatus() : status will change from true to true
07-06 00:08:22.367 D/PowerManagerService( 1733): setScreenBrightnessOverrideFromWindowManagerInternal done
07-06 00:08:22.368 V/SurfaceView(21904): com.hisense.hitv.carouselwidgit.view.videoview.UrlVideoView{1c8a88bb V.E..... ......ID 0,0-816,460} got resized: w=816 h=460, cur w=-1 h=-1
07-06 00:08:22.370 D/Surface ( 1733): onStatusChange() : mNativeObject = 0 mUseImageHwRender = false
07-06 00:08:22.370 D/Surface (21904): onStatusChange() : mNativeObject = -195872000 mUseImageHwRender = false
07-06 00:08:22.370 V/Surface (21904): nativeSetHardwareRender() : status = 0
07-06 00:08:22.370 V/Surface (21904): nativeSetHardwareRender() : end
07-06 00:08:22.370 I/SurfaceView(21904): New surface: Surface(name=null)/@0x3b09a76d, vis=true, frame=Rect(549, 205 - 1365, 665)
07-06 00:08:22.370 D/Surface (21904): onStatusChange() : mNativeObject = 0 mUseImageHwRender = false
07-06 00:08:22.370 D/Surface (21904): onStatusChange() : mNativeObject = -195872000 mUseImageHwRender = false
07-06 00:08:22.370 V/Surface (21904): nativeSetHardwareRender() : status = 0
07-06 00:08:22.370 V/Surface (21904): nativeSetHardwareRender() : end
07-06 00:08:22.370 I/SurfaceView(21904): visibleChanged -- surfaceCreated
07-06 00:08:22.411 D/ADLog   ( 7859): DBManager => result = 1, table : ADCodeInfo
07-06 00:08:22.412 D/Carousel-UrlVideoView(21904): surfaceCreated
07-06 00:08:22.415 V/PackageManager( 1733): getPackageInfo com.hisense.service.ad: Package{2fa4b490 com.hisense.service.ad}
07-06 00:08:22.415 I/SurfaceView(21904): surfaceChanged -- format=4 w=816 h=460
07-06 00:08:22.415 D/Carousel-UrlVideoView(21904): surfaceChanged
07-06 00:08:22.415 D/Carousel-UrlVideoView(21904): isValidState:false,hasValidSize:false
07-06 00:08:22.415 D/Carousel-UrlVideoView(21904): mVideoWidth:0,mVideoHeight:0,w:816,h:460
07-06 00:08:22.415 I/SurfaceView(21904): surfaceRedrawNeeded
07-06 00:08:22.415 I/SurfaceView(21904): finishedDrawing
07-06 00:08:22.417 D/PowerManagerService( 1733): setScreenBrightnessOverrideFromWindowManagerInternal done
07-06 00:08:22.422 D/PowerManagerService( 1733): setScreenBrightnessOverrideFromWindowManagerInternal done
07-06 00:08:22.432 D/PowerManagerService( 1733): setScreenBrightnessOverrideFromWindowManagerInternal done
07-06 00:08:22.433 V/SurfaceView(21904): Layout: x=549 y=205 w=816 h=460, frame=Rect(0, 0 - 816, 460)
07-06 00:08:22.435 D/ADLog   ( 7859): ADDaoHandler => getADCodeInfo(String adCode = ad_on_cv4)
07-06 00:08:22.435 D/ADLog   ( 7859): DBManager => query(String adCode = ad_on_cv4)
07-06 00:08:22.435 D/HttpHandler(21904): VerifySignInterCeptor-->request.url()=http://picture.edu.hismarttv.com/images/20170629/%E8%8B%B1%E8%AF%AD%E5%90%AF%E8%92%99.jpg
07-06 00:08:22.435 D/HttpHandler(21904): VerifySignInterCeptor-->hostname=picture.edu.hismarttv.com
07-06 00:08:22.435 D/CommonHeader(21904): app logo :refreshTimer: isRotatetrue
07-06 00:08:22.436 I/HiNetworkImpl(21904): doHttp_Asyn(): onSuccess clazz = class com.hisense.sdk.domain.MemberOrder, back from thread: main
07-06 00:08:22.436 I/HomeMainActivity(21904): finishHttpTime : 19744007   1875
07-06 00:08:22.436 D/til@system( 2026): til_get_system_param option:1000007 int:-1936525184, bool:128, ret:0
07-06 00:08:22.437 D/til@system( 2026): til_get_system_param option:1000009 int:-1815632896, bool:0, ret:0
07-06 00:08:22.438 D/til@system( 2026): til_get_system_param option:1000008 int:-1936523008, bool:0, ret:0
07-06 00:08:22.438 D/HiSDKLogReport(21904): getOperationDetail-productName : LED50MU8600UC
07-06 00:08:22.438 D/HiSDKLogReport(21904): getOperationDetail-plmNumber : 88888
07-06 00:08:22.438 D/HiSDKLogReport(21904): getOperationDetail-swVersion : V0000.00.01A
07-06 00:08:22.438 D/HiSDKLogReport(21904): getOperationDetail-operationDetail : LED50MU8600UC0000888
07-06 00:08:22.439 D/HiSDKLogReport(21904): processLogReport-log : {eventType=162, appKey=1182445233, APPVersionName=3.0.0.9.00, devid=86100300900000500000060a4818fca8, mac=a8:a6:48:18:fc:a8, uuid=13287129, accessToken=72DF6038D2AEAB8A76DFBBBBCC428A4A_000558459385716, APIversion=501, logversion=2.0, devType=0, APPPackage=com.hisense.hicloud.edca, eventPos=002, requesttime=1499270902438, customerId=7195320, value2=, eventMessage=HttpConnection, value1=1875, model_id=0, ChannelId=0, version=00.002.003, tv_distribute_id=00, subscriberId=13287129, APIVersion=600, PFAPPCode=652, softwareVersion=LED50MU8600UC0000888}
07-06 00:08:22.439 I/HomeMainActivity(21904): getUserType  response : 2 null
07-06 00:08:22.439 I/HomeMainActivity(21904): this is LowMemoryConfiguration 
07-06 00:08:22.441 D/ADLog   ( 7859): DBManager => ADCodeInfo cursor.getCount() = 1
07-06 00:08:22.442 D/ADLog   ( 7859): DBManager => queryPlayPolicy(adCode = ad_on_cv4, packageName = com.jamdeo.tv.advertisementproxy)
07-06 00:08:22.444 D/ADLog   ( 7859): CommonUtils => getListFromString:   
07-06 00:08:22.444 D/ADLog   ( 7859): CommonUtils => getListFromString:   
07-06 00:08:22.444 D/ADLog   ( 7859): CommonUtils => getListFromString:   
07-06 00:08:22.444 D/ADLog   ( 7859): DBManager => load JsonExtras
07-06 00:08:22.444 D/ADLog   ( 7859): ADInfo => setJsonExtras(String jsonExtras = {"ad_on_jump":"{\"startupType\":4,\"startupUrl\":[{\"key\":\"startupType\",\"value\":3,\"type\":\"int\"},{\"key\":\"packageName\",\"value\":\"com.hisense.hicloud.edca\",\"type\":\"String\"}]}"})
07-06 00:08:22.444 D/ADLog   ( 7859): DBManager => ADCodeInfo [id=5, adCode=ad_on_cv4, packageNamecom.jamdeo.tv.advertisementproxy, UpdateStatus=1, defaultAdID=1000000006433, defaultAdURL=http://download.hismarttv.com/epgdata/ImageAD/9000019159462.zip, defaultAdPath=/data/data/com.hisense.service.ad/files/ad/9000019159462.zip, defaultAdType=9, owner=hitv, lastUpdateTime=1499242042, lock=java.util.concurrent.locks.ReentrantLock@1f8dbf33[Unlocked], adInfos=[com.hisense.service.ad.bean.ADInfo@340e22f0]]
07-06 00:08:22.447 V/PackageManager( 1733): getPackageInfo com.hisense.service.ad: Package{2fa4b490 com.hisense.service.ad}
07-06 00:08:22.451 W/System.err(21904): java.net.ConnectException: failed to connect to /10.18.210.112 (port 8900) after 6000ms: isConnected failed: ECONNREFUSED (Connection refused)
07-06 00:08:22.451 W/System.err(21904): 	at libcore.io.IoBridge.isConnected(IoBridge.java:238)
07-06 00:08:22.451 W/System.err(21904): 	at libcore.io.IoBridge.connectErrno(IoBridge.java:171)
07-06 00:08:22.451 W/System.err(21904): 	at libcore.io.IoBridge.connect(IoBridge.java:122)
07-06 00:08:22.451 W/System.err(21904): 	at java.net.PlainSocketImpl.connect(PlainSocketImpl.java:183)
07-06 00:08:22.451 D/OkHttp  (21904): --> GET http://picture.edu.hismarttv.com/images/20170629/%E8%8B%B1%E8%AF%AD%E5%90%AF%E8%92%99.jpg http/1.1
07-06 00:08:22.451 W/System.err(21904): 	at java.net.PlainSocketImpl.connect(PlainSocketImpl.java:456)
07-06 00:08:22.451 D/OkHttp  (21904): Host: picture.edu.hismarttv.com
07-06 00:08:22.452 W/System.err(21904): 	at java.net.Socket.connect(Socket.java:882)
07-06 00:08:22.452 D/OkHttp  (21904): Connection: Keep-Alive
07-06 00:08:22.452 D/OkHttp  (21904): Accept-Encoding: gzip
07-06 00:08:22.452 W/System.err(21904): 	at com.android.okhttp.internal.Platform.connectSocket(Platform.java:174)
07-06 00:08:22.452 D/OkHttp  (21904): User-Agent: okhttp/3.6.0
07-06 00:08:22.452 W/System.err(21904): 	at com.android.okhttp.Connection.connect(Connection.java:152)
07-06 00:08:22.452 D/OkHttp  (21904): --> END GET
07-06 00:08:22.452 W/System.err(21904): 	at com.android.okhttp.internal.http.HttpEngine.connect(HttpEngine.java:276)
07-06 00:08:22.452 W/System.err(21904): 	at com.android.okhttp.internal.http.HttpEngine.sendRequest(HttpEngine.java:211)
07-06 00:08:22.452 W/System.err(21904): 	at com.android.okhttp.internal.http.HttpURLConnectionImpl.execute(HttpURLConnectionImpl.java:382)
07-06 00:08:22.452 W/System.err(21904): 	at com.android.okhttp.internal.http.HttpURLConnectionImpl.connect(HttpURLConnectionImpl.java:106)
07-06 00:08:22.452 W/System.err(21904): 	at com.hisense.hitv.hicloud.util.ExceptionReport.a(ExceptionReport.java:337)
07-06 00:08:22.452 W/System.err(21904): 	at com.hisense.hitv.hicloud.util.ExceptionReport.a(ExceptionReport.java:39)
07-06 00:08:22.452 W/System.err(21904): 	at com.hisense.hitv.hicloud.util.ExceptionReport$1.run(ExceptionReport.java:83)
07-06 00:08:22.452 W/System.err(21904): 	at java.lang.Thread.run(Thread.java:818)
07-06 00:08:22.452 W/System.err(21904): Caused by: android.system.ErrnoException: isConnected failed: ECONNREFUSED (Connection refused)
07-06 00:08:22.452 W/System.err(21904): 	at libcore.io.IoBridge.isConnected(IoBridge.java:223)
07-06 00:08:22.452 W/System.err(21904): 	... 15 more
07-06 00:08:22.468 V/PackageManager( 1733): getPackageInfo com.hisense.service.ad: Package{2fa4b490 com.hisense.service.ad}
07-06 00:08:22.469 D/OkHttp  (21904): <-- 200 OK http://picture.edu.hismarttv.com/images/20170629/%E8%8B%B1%E8%AF%AD%E5%90%AF%E8%92%99.jpg (17ms)
07-06 00:08:22.469 D/OkHttp  (21904): Date: Mon, 03 Jul 2017 10:50:27 GMT
07-06 00:08:22.469 D/OkHttp  (21904): Server: nginx
07-06 00:08:22.469 D/OkHttp  (21904): Content-Type: image/jpeg
07-06 00:08:22.469 D/OkHttp  (21904): Content-Length: 57011
07-06 00:08:22.469 D/OkHttp  (21904): Last-Modified: Fri, 09 Jun 2017 14:49:58 GMT
07-06 00:08:22.470 D/OkHttp  (21904): ETag: "593ab596-deb3"
07-06 00:08:22.470 D/OkHttp  (21904): Accept-Ranges: bytes
07-06 00:08:22.470 D/OkHttp  (21904): Age: 191875
07-06 00:08:22.470 D/OkHttp  (21904): Via: 1.1 jnwt244:0 (Cdn Cache Server V2.0)[15 200 0], 1.1 anwangtong101:7 (Cdn Cache Server V2.0)[0 200 0]
07-06 00:08:22.470 D/OkHttp  (21904): Connection: keep-alive
07-06 00:08:22.470 D/OkHttp  (21904): <-- END HTTP
07-06 00:08:22.471 D/HttpHandler(21904): VerifySignInterCeptor-->request.url()=http://picture.edu.hismarttv.com/images/20170629/%E5%93%88%E5%88%A9%E8%AE%B2%E6%95%85%E4%BA%8B%EF%BC%88%E4%B8%80%EF%BC%89.jpg
07-06 00:08:22.471 D/HttpHandler(21904): VerifySignInterCeptor-->hostname=picture.edu.hismarttv.com
07-06 00:08:22.475 D/HttpHandler(21904): RetryIntercepter-->retryNum=0
07-06 00:08:22.475 D/HttpHandler(21904): RetryIntercepter-->backoffmutiplier=0
07-06 00:08:22.479 D/OkHttp  (21904): --> GET http://picture.edu.hismarttv.com/images/20170629/%E5%93%88%E5%88%A9%E8%AE%B2%E6%95%85%E4%BA%8B%EF%BC%88%E4%B8%80%EF%BC%89.jpg http/1.1
07-06 00:08:22.479 D/OkHttp  (21904): Host: picture.edu.hismarttv.com
07-06 00:08:22.479 D/OkHttp  (21904): Connection: Keep-Alive
07-06 00:08:22.479 D/OkHttp  (21904): Accept-Encoding: gzip
07-06 00:08:22.479 D/OkHttp  (21904): User-Agent: okhttp/3.6.0
07-06 00:08:22.480 D/OkHttp  (21904): --> END GET
07-06 00:08:22.484 D/HttpHandler(21904): VerifySignInterCeptor-->request.url()=http://picture.edu.hismarttv.com/images/20170629/30%E5%A4%A9%E5%86%99%E5%87%BA%E4%B8%80%E6%89%8B%E5%A5%BD%E5%AD%9720161129021942268280.jpg
07-06 00:08:22.484 D/HttpHandler(21904): VerifySignInterCeptor-->hostname=picture.edu.hismarttv.com
07-06 00:08:22.485 D/HttpHandler(21904): HttpDNS-->hostname=picture.edu.hismarttv.com
07-06 00:08:22.486 D/HttpHandler(21904): RAMCache-->hostInfo.getClientTimeStamp()=19741339
07-06 00:08:22.486 D/HttpHandler(21904): RAMCache-->hostInfo.getTtl()=300
07-06 00:08:22.486 D/HttpHandler(21904): RAMCache-->SystemClock.elapsedRealtime()=19744058
07-06 00:08:22.492 D/HttpHandler(21904): DNSHelper-->gslbDns=["218.58.206.58","123.128.14.209","153.35.175.121","220.202.77.124","153.35.175.120","125.46.22.134","36.33.158.222"]
07-06 00:08:22.502 D/OkHttp  (21904): <-- 200 OK http://picture.edu.hismarttv.com/images/20170629/%E5%93%88%E5%88%A9%E8%AE%B2%E6%95%85%E4%BA%8B%EF%BC%88%E4%B8%80%EF%BC%89.jpg (20ms)
07-06 00:08:22.502 D/OkHttp  (21904): Date: Mon, 03 Jul 2017 11:02:37 GMT
07-06 00:08:22.502 D/OkHttp  (21904): Server: nginx
07-06 00:08:22.502 D/OkHttp  (21904): Content-Type: image/jpeg
07-06 00:08:22.502 D/OkHttp  (21904): Content-Length: 135983
07-06 00:08:22.502 D/OkHttp  (21904): Last-Modified: Fri, 09 Jun 2017 14:51:44 GMT
07-06 00:08:22.502 D/OkHttp  (21904): ETag: "593ab600-2132f"
07-06 00:08:22.502 D/OkHttp  (21904): Accept-Ranges: bytes
07-06 00:08:22.502 D/OkHttp  (21904): Age: 191145
07-06 00:08:22.502 D/OkHttp  (21904): Via: 1.1 chzhwt170:9 (Cdn Cache Server V2.0)[0 200 0], 1.1 t93:2 (Cdn Cache Server V2.0)[0 200 0]
07-06 00:08:22.502 D/OkHttp  (21904): Connection: keep-alive
07-06 00:08:22.502 D/OkHttp  (21904): <-- END HTTP
07-06 00:08:22.503 D/HttpHandler(21904): RetryIntercepter-->retryNum=0
07-06 00:08:22.503 D/HttpHandler(21904): RetryIntercepter-->backoffmutiplier=0
07-06 00:08:22.511 D/OkHttp  (21904): --> GET http://picture.edu.hismarttv.com/images/20170629/30%E5%A4%A9%E5%86%99%E5%87%BA%E4%B8%80%E6%89%8B%E5%A5%BD%E5%AD%9720161129021942268280.jpg http/1.1
07-06 00:08:22.511 D/OkHttp  (21904): Host: picture.edu.hismarttv.com
07-06 00:08:22.511 D/OkHttp  (21904): Connection: Keep-Alive
07-06 00:08:22.511 D/OkHttp  (21904): Accept-Encoding: gzip
07-06 00:08:22.511 D/OkHttp  (21904): User-Agent: okhttp/3.6.0
07-06 00:08:22.511 D/OkHttp  (21904): --> END GET
07-06 00:08:22.515 E/HomeMainActivity(21904): BaseApplication.mAccountType == 2
07-06 00:08:22.515 I/HomeMainActivity(21904): mBeginHttpTime : 19744087
07-06 00:08:22.516 I/HttpDnsUtils(21904): postExperienceVIP(): --url = http://api.edu.hismarttv.com/payment/api/get/experience/member
07-06 00:08:22.516 V/HttpDnsUtils(21904): getExperienceVIP 86100300900000500000060a4818fca8 7195320 13287129 0 2 0 0 0
07-06 00:08:22.516 E/NetUtils(21904): encryption --- sign = accessToken=72DF6038D2AEAB8A76DFBBBBCC428A4A_000558459385716&days=0&devid=86100300900000500000060a4818fca8&mac=a8:a6:48:18:fc:a8&memberType=2&orderType=0&BDA9F96C98E9D5130A5AFB3411B5F9E0
07-06 00:08:22.518 D/til@system( 2026): til_get_system_param option:1000007 int:-1815633792, bool:128, ret:0
07-06 00:08:22.519 D/til@system( 2026): til_get_system_param option:1000009 int:-1936522368, bool:128, ret:0
07-06 00:08:22.520 D/til@system( 2026): til_get_system_param option:1000008 int:-1815634176, bool:0, ret:0
07-06 00:08:22.520 D/HttpDnsUtils(21904): CEXX-getOperationDetail-productName : LED50MU8600UC
07-06 00:08:22.520 D/HttpDnsUtils(21904): CEXX-getOperationDetail-plmNumber : 88888
07-06 00:08:22.520 D/HttpDnsUtils(21904): CEXX-getOperationDetail-swVersion : V0000.00.01A
07-06 00:08:22.520 D/HttpDnsUtils(21904): CEXX-getOperationDetail-operationDetail : LED50MU8600UC0000888
07-06 00:08:22.532 D/OkHttp  (21904): <-- 200 OK http://picture.edu.hismarttv.com/images/20170629/30%E5%A4%A9%E5%86%99%E5%87%BA%E4%B8%80%E6%89%8B%E5%A5%BD%E5%AD%9720161129021942268280.jpg (20ms)
07-06 00:08:22.532 D/OkHttp  (21904): Date: Mon, 03 Jul 2017 11:02:37 GMT
07-06 00:08:22.532 D/OkHttp  (21904): Server: nginx
07-06 00:08:22.532 D/OkHttp  (21904): Content-Type: image/jpeg
07-06 00:08:22.532 D/OkHttp  (21904): Content-Length: 137170
07-06 00:08:22.532 D/OkHttp  (21904): Last-Modified: Fri, 09 Jun 2017 14:48:12 GMT
07-06 00:08:22.532 D/OkHttp  (21904): ETag: "593ab52c-217d2"
07-06 00:08:22.532 D/OkHttp  (21904): Accept-Ranges: bytes
07-06 00:08:22.532 D/OkHttp  (21904): Age: 191145
07-06 00:08:22.532 D/OkHttp  (21904): Via: 1.1 changzhiwangtong169:2 (Cdn Cache Server V2.0)[0 200 0], 1.1 angtong92:5 (Cdn Cache Server V2.0)[0 200 0]
07-06 00:08:22.532 D/OkHttp  (21904): Connection: keep-alive
07-06 00:08:22.532 D/OkHttp  (21904): <-- END HTTP
07-06 00:08:22.533 D/HttpHandler(21904): RetryIntercepter-->retryNum=0
07-06 00:08:22.533 D/HttpHandler(21904): RetryIntercepter-->backoffmutiplier=0
07-06 00:08:22.544 V/HttpDnsUtils(21904): days 0 memberType 2 activityId 0
07-06 00:08:22.544 V/HttpDnsUtils(21904): postExperienceVIP(): postMap = {customerId=7195320, memberType=2, PFAPPCode=652, accessToken=72DF6038D2AEAB8A76DFBBBBCC428A4A_000558459385716, ChannelId=0, APPVersionName=3.0.0.9.00, model_id=0, orderType=0, mac=a8:a6:48:18:fc:a8, days=0, sign=14154bb5ca373671f019e54316e78626, uuid=13287129, APPPackage=com.hisense.hicloud.edca, devid=86100300900000500000060a4818fca8, phone=18547412365, tv_distribute_id=00, softwareVersion=LED50MU8600UC0000888, subscriberId=13287129, version=00.002.003, customerName=18547412365, devType=0, APIVersion=600, activityId=0}
07-06 00:08:22.550 D/til@system( 2026): til_get_system_param option:1000007 int:-1936522112, bool:128, ret:0
07-06 00:08:22.551 D/til@system( 2026): til_get_system_param option:1000009 int:-1936525184, bool:128, ret:0
07-06 00:08:22.558 D/PowerManagerService( 1733): acquireWakeLockInternal: lock=113832109, flags=0x1, tag="NetworkStats", ws=null, uid=1000, pid=1733
