07-05 22:24:54.639 E/SOGOUIME_JNI( 2203): getComposingInfo
07-05 22:24:54.639 E/SOGOUIME_JNI( 2203): getComposingInfo
07-05 22:24:54.639 E/SOGOUIME_JNI( 2203): getCorrectInfo
07-05 22:24:54.639 E/SOGOUIME_JNI( 2203): getComposingInfo
07-05 22:24:54.640 V/InputMethodService( 2203): CALL: onStartInput
07-05 22:24:54.640 E/SOGOUIME_JNI( 2203): invalidateCommitWordPinyinNative
07-05 22:24:54.640 D/SogouIME( 2203): =====configKeyboard=======:false     false
07-05 22:24:54.640 E/SOGOUIME_JNI( 2203): ime_set_hard_kb_enable
07-05 22:24:54.640 D/HttpHandler(28895): VerifySignInterCeptor-->request.url()=http://api.edu.hismarttv.com/usercenter/api/individualize_data?devid=86100300900000500000060a4818fca8&customerId=7195320&subscriberId=13287129&ChannelId=0&tags=&version_id=6&region_name=%E6%9D%AD%E5%B7%9E&uuid=13287129&mac=a8:a6:48:18:fc:a8&model_id=0&APPPackage=com.hisense.hicloud.edca&PFAPPCode=652&APPVersionName=3.0.0.9.00&softwareVersion=LED50MU8600UC0000888&tv_distribute_id=00&devType=0&APIVersion=600&accessToken=72DF6038D2AEAB8A76DFBBBBCC428A4A_000004811199650
07-05 22:24:54.641 D/HttpHandler(28895): VerifySignInterCeptor-->hostname=api.edu.hismarttv.com
07-05 22:24:54.642 D/HttpHandler(28895): HttpDNS-->hostname=api.edu.hismarttv.com
07-05 22:24:54.645 D/TabView (28895): 
07-05 22:24:54.648 D/TabView (28895): 
07-05 22:24:54.650 D/TabView (28895): 
07-05 22:24:54.652 D/TabView (28895): 
07-05 22:24:54.655 D/HttpHandler(28895): DNSRetryIntercepter-->http://118.178.149.42/d?device_id=86100300900000500000060a4818fca8&host=b5d1d96093f9d07d386917b5d3b91cdcb031311b90271792b45951b69dc9c054dc862a7c9178ba82684e325a98b554b4&last=
07-05 22:24:54.655 D/HttpHandler(28895): DNSRetryIntercepter-->118.178.149.42
07-05 22:24:54.655 D/HttpHandler(28895): GslbDNS-->hostName=118.178.149.42
07-05 22:24:54.660 D/TabView (28895): 
07-05 22:24:54.662 D/TabView (28895): 
07-05 22:24:54.665 D/TabView (28895): 
07-05 22:24:54.667 D/TabView (28895): 
07-05 22:24:54.673 D/HttpHandler(28895): RAMCache-->hostInfo.getClientTimeStamp()=13531457
07-05 22:24:54.673 D/HttpHandler(28895): RAMCache-->hostInfo.getTtl()=3600
07-05 22:24:54.673 D/HttpHandler(28895): RAMCache-->SystemClock.elapsedRealtime()=13536245
07-05 22:24:54.674 D/TabView (28895): 
07-05 22:24:54.676 I/MyFragmentStateAdapter(28895): getCount
07-05 22:24:54.676 I/MyFragmentStateAdapter(28895): getCount
07-05 22:24:54.677 D/TabView (28895): 
07-05 22:24:54.679 D/TabView (28895): 
07-05 22:24:54.681 D/TabView (28895): 
07-05 22:24:54.682 D/TabView (28895): 
07-05 22:24:54.685 D/HttpHandler(28895): DNSHelper-->gslbDns=["123.103.91.123"]
07-05 22:24:54.693 D/OkHttp  (28895): --> GET http://118.178.149.42/d?device_id=86100300900000500000060a4818fca8&host=b5d1d96093f9d07d386917b5d3b91cdcb031311b90271792b45951b69dc9c054dc862a7c9178ba82684e325a98b554b4&last= http/1.1
07-05 22:24:54.693 D/OkHttp  (28895): Host: lbgs.hismarttv.com
07-05 22:24:54.693 D/OkHttp  (28895): Connection: Keep-Alive
07-05 22:24:54.693 D/OkHttp  (28895): Accept-Encoding: gzip
07-05 22:24:54.693 D/OkHttp  (28895): User-Agent: okhttp/3.6.0
07-05 22:24:54.693 D/OkHttp  (28895): --> END GET
07-05 22:24:54.695 D/TabView (28895): 
07-05 22:24:54.698 D/TabView (28895): 
07-05 22:24:54.700 D/TabView (28895): 
07-05 22:24:54.703 D/TabView (28895): 
07-05 22:24:54.705 D/OkHttp  (28895): --> GET http://118.178.149.42/d?device_id=86100300900000500000060a4818fca8&host=b5d1d96093f9d07d386917b5d3b91cdcb031311b90271792b45951b69dc9c054dc862a7c9178ba82684e325a98b554b4&last= http/1.1
07-05 22:24:54.705 D/OkHttp  (28895): Host: lbgs.hismarttv.com
07-05 22:24:54.705 D/OkHttp  (28895): Connection: Keep-Alive
07-05 22:24:54.705 D/OkHttp  (28895): Accept-Encoding: gzip
07-05 22:24:54.705 D/OkHttp  (28895): User-Agent: okhttp/3.6.0
07-05 22:24:54.705 D/OkHttp  (28895): --> END GET
07-05 22:24:54.705 D/TabView (28895): 
07-05 22:24:54.708 D/TabView (28895): 
07-05 22:24:54.712 D/TabView (28895): 
07-05 22:24:54.714 D/TabView (28895): 
07-05 22:24:54.714 D/OkHttp  (28895): --> GET http://api.edu.hismarttv.com/usercenter/api/individualize_data?devid=86100300900000500000060a4818fca8&customerId=7195320&subscriberId=13287129&ChannelId=0&tags=&version_id=6&region_name=%E6%9D%AD%E5%B7%9E&uuid=13287129&mac=a8:a6:48:18:fc:a8&model_id=0&APPPackage=com.hisense.hicloud.edca&PFAPPCode=652&APPVersionName=3.0.0.9.00&softwareVersion=LED50MU8600UC0000888&tv_distribute_id=00&devType=0&APIVersion=600&accessToken=72DF6038D2AEAB8A76DFBBBBCC428A4A_000004811199650 http/1.1
07-05 22:24:54.716 D/OkHttp  (28895): Data_Type: JSON
07-05 22:24:54.716 D/OkHttp  (28895): RetryTime: 0
07-05 22:24:54.716 D/OkHttp  (28895): Backoffmutiplier: 0
07-05 22:24:54.716 D/OkHttp  (28895): Host: api.edu.hismarttv.com
07-05 22:24:54.716 D/OkHttp  (28895): Connection: Keep-Alive
07-05 22:24:54.716 D/OkHttp  (28895): Accept-Encoding: gzip
07-05 22:24:54.716 D/OkHttp  (28895): User-Agent: okhttp/3.6.0
07-05 22:24:54.716 D/OkHttp  (28895): --> END GET
07-05 22:24:54.722 D/TabView (28895): 
07-05 22:24:54.724 D/TabView (28895): 
07-05 22:24:54.727 D/TabView (28895): 
07-05 22:24:54.733 D/TabView (28895): 
07-05 22:24:54.740 I/MyFragmentStateAdapter(28895): getCount
07-05 22:24:54.740 I/MyFragmentStateAdapter(28895): getCount
07-05 22:24:54.741 I/TabView (28895): onScroll:,firstItem=0,visibleCount=6,totalCount=10
07-05 22:24:54.741 W/ActivityManager( 1733): Activity destroy timeout for ActivityRecord{67c199 u0 com.jamdeo.launcher/.app.BaseTileActivity t5257 f}
07-05 22:24:54.749 I/ContentBridgeAdapterListener(28895): onAddPresenter 0
07-05 22:24:54.749 D/HttpHandler(28895): VerifySignInterCeptor-->request.url()=http://picture.edu.hismarttv.com/images/20170628121916725281.png
07-05 22:24:54.749 D/HttpHandler(28895): VerifySignInterCeptor-->hostname=picture.edu.hismarttv.com
07-05 22:24:54.753 I/ContentBridgeAdapterListener(28895): onCreate ViewHolder{393d54ff position=-1 id=-1, oldPos=-1, pLpos:-1 unbound no parent}
07-05 22:24:54.753 I/ContentBridgeAdapterListener(28895): onBind 
07-05 22:24:54.754 D/HttpHandler(28895): DNSRetryIntercepter-->http://118.178.149.42/d?device_id=86100300900000500000060a4818fca8&host=b5d1d96093f9d07d386917b5d3b91cdcb031311b90271792b45951b69dc9c054dc862a7c9178ba82684e325a98b554b4&last=
07-05 22:24:54.754 D/HttpHandler(28895): DNSRetryIntercepter-->118.178.149.42
07-05 22:24:54.755 D/HttpHandler(28895): GslbDNS-->hostName=118.178.149.42
07-05 22:24:54.760 I/ContentBridgeAdapterListener(28895): onAttachedToWindow ViewHolder{393d54ff position=0 id=-1, oldPos=-1, pLpos:-1}
07-05 22:24:54.761 I/BaseContentFragment(28895): setRowViewSelectedViewHolder{393d54ff position=0 id=-1, oldPos=-1, pLpos:-1},isSelectedtrue
07-05 22:24:54.761 I/RoleContentFragment(28895): onChildSelected:0,lastPos=0
07-05 22:24:54.785 I/ContentBridgeAdapterListener(28895): onAddPresenter 1
07-05 22:24:54.785 I/ContentBridgeAdapterListener(28895): onCreate ViewHolder{3d694bda position=-1 id=-1, oldPos=-1, pLpos:-1 unbound no parent}
07-05 22:24:54.785 I/SpecialFirstRowPresenter(28895): onBindViewHoldercom.hisense.tvui.newhome.presenter.SpecialFirstListRow@3f8de80b,isUnbind=false
07-05 22:24:54.785 I/ContentBridgeAdapterListener(28895): onBind 
07-05 22:24:54.792 I/ContentBridgeAdapterListener(28895): onAttachedToWindow ViewHolder{3d694bda position=1 id=-1, oldPos=-1, pLpos:-1}
07-05 22:24:54.793 I/FirstLineAdapter(28895): canShowTrailer,isOffline=false
07-05 22:24:54.793 I/FirstLineAdapter(28895): canShowTrailer,isOffline=false
07-05 22:24:54.793 I/FirstLineAdapter(28895): canShowTrailer,isOffline=false
07-05 22:24:54.794 I/FirstLineAdapter(28895): onCreateViewHolder viewtype=0
07-05 22:24:54.808 I/UsageStatsService( 1733): User[0] Flushing usage stats to disk
07-05 22:24:54.808 D/OsdMonitorService( 1733): mCurrentWindow = com.hisense.hicloud.edca/com.hisense.tvui.newhome.HomeMainActivity; newWindow = com.hisense.hicloud.edca/com.hisense.tvui.newhome.HomeMainActivity; isSubWindow = false; isInWinList = false; isExitNow = false
07-05 22:24:54.808 D/OsdMonitorService( 1733): windowNotOsd() : name = com.hisense.hicloud.edca/com.hisense.tvui.newhome.HomeMainActivity
07-05 22:24:54.808 I/OsdMonitorService( 1733): setOsdStatus() : status will change from true to true
07-05 22:24:54.809 D/PowerManagerService( 1733): setScreenBrightnessOverrideFromWindowManagerInternal done
07-05 22:24:54.812 D/PowerManagerService( 1733): setScreenBrightnessOverrideFromWindowManagerInternal done
07-05 22:24:54.826 D/PowerManagerService( 1733): setScreenBrightnessOverrideFromWindowManagerInternal done
07-05 22:24:54.836 I/TVMW@HsTvSetting( 1234): Trace cmd, data = 0x1058
07-05 22:24:54.836 D/til@system( 2026): til_get_system_param option:100002F int:0, bool:0, ret:0
07-05 22:24:54.836 I/TVMW@HsTvSetting( 1234): Trace cmd, data = 0x101f
07-05 22:24:54.836 D/til@system( 2026): til_get_system_param option:100001D int:3, bool:3, ret:0
07-05 22:24:54.836 E/til     ( 2026): [til_get_current_input_source, 101] 
07-05 22:24:54.837 I/TVMW@HsTvSetting( 1234): Trace cmd, data = 0x7007
07-05 22:24:54.837 I/tilwrapper@sm( 2026): HS2TIL_SourceType *hs=0xd, *til=0x900
07-05 22:24:54.837 D/til     ( 2026): get current source 2304
07-05 22:24:54.837 D/SourceRemoteServiceHandler( 2026): getCurrentInputSource.from.til.result is 0, value is 2304
07-05 22:24:54.837 D/SourceRemoteServiceHandler( 2026): getInputSourceType source: 0x900, type=2304
07-05 22:24:54.837 D/til     ( 2026): ###### func:til_get_picture_param option:0x3000006 ######  
07-05 22:24:54.837 I/TVMW@HsTvSetting( 1234): Trace cmd, data = 0x1003
07-05 22:24:54.837 I/TVMW@HsTvSetting( 1234): Trace cmd, data = 0x8032
07-05 22:24:54.838 I/hstvos  ( 1216): [0m[1;33m[HSHAL][HS_VIDEO][HS_HAL_Video_SetOsdDetect_v2][2389]u16Threshold = 20
07-05 22:24:54.838 I/MiSysSrv( 1214): Not support now! 42, change to mm_video!!!
07-05 22:24:54.838 E/TVMW@videoctrl( 1234):  getOsd is 1
07-05 22:24:54.838 D/til@system( 2026): til_get_system_param option:1000027 int:1, bool:1, ret:0
07-05 22:24:54.838 D/til     ( 2026): ###### func:til_get_picture_param option:0x3000045 ######  
07-05 22:24:54.839 I/TVMW@HsTvSetting( 1234): Trace cmd, data = 0x300c
07-05 22:24:54.839 I/TVMW@HsTvSetting( 1234): Trace 3d, data = 0x300c
07-05 22:24:54.839 I/TVMW@3d ( 1234): Hs_debug3d_trace: func:get3dStatus, line:109
07-05 22:24:54.845 I/FirstLineAdapter(28895): onBindViewHolder 0
07-05 22:24:54.849 D/OkHttp  (28895): <-- 200 OK http://118.178.149.42/d?device_id=86100300900000500000060a4818fca8&host=b5d1d96093f9d07d386917b5d3b91cdcb031311b90271792b45951b69dc9c054dc862a7c9178ba82684e325a98b554b4&last= (143ms)
07-05 22:24:54.849 D/OkHttp  (28895): Server: openresty
07-05 22:24:54.849 D/OkHttp  (28895): Date: Wed, 05 Jul 2017 14:24:54 GMT
07-05 22:24:54.849 D/OkHttp  (28895): Content-Type: application/octet-stream
07-05 22:24:54.849 D/OkHttp  (28895): Transfer-Encoding: chunked
07-05 22:24:54.849 D/OkHttp  (28895): Connection: close
07-05 22:24:54.849 D/OkHttp  (28895): <-- END HTTP
07-05 22:24:54.856 D/hwcomposer( 1204): lastHWWindowInfo is dirty
07-05 22:24:54.859 I/FirstLineAdapter(28895): canShowTrailer,isOffline=false
07-05 22:24:54.859 I/FirstLineAdapter(28895): onCreateViewHolder viewtype=1
07-05 22:24:54.876 I/FirstLineAdapter(28895): onBindViewHolder 1
07-05 22:24:54.876 D/FirstLineAdapter(28895): setVipPoster ===>url :http://picture.edu.hismarttv.com/images/
07-05 22:24:54.887 I/FirstLineAdapter(28895): canShowTrailer,isOffline=false
07-05 22:24:54.888 I/FirstLineAdapter(28895): onCreateViewHolder viewtype=2
07-05 22:24:54.892 I/FirstLineAdapter(28895): onBindViewHolder 2
07-05 22:24:54.899 I/MyItemDecoration(28895): getItemOffsets rect=Rect(0, -17 - 0, 0),pos=1
07-05 22:24:54.903 I/MyItemDecoration(28895): getItemOffsets rect=Rect(0, -15 - 0, 0),pos=2
07-05 22:24:54.909 I/FirstLineAdapter(28895): canShowTrailer,isOffline=false
07-05 22:24:54.909 I/FirstLineAdapter(28895): canShowTrailer,isOffline=false
07-05 22:24:54.909 I/FirstLineAdapter(28895): onCreateViewHolder viewtype=3
07-05 22:24:54.909 I/CurrentCarouselView(28895): initView
07-05 22:24:54.910 D/OkHttp  (28895): <-- 200 OK http://118.178.149.42/d?device_id=86100300900000500000060a4818fca8&host=b5d1d96093f9d07d386917b5d3b91cdcb031311b90271792b45951b69dc9c054dc862a7c9178ba82684e325a98b554b4&last= (216ms)
07-05 22:24:54.910 D/OkHttp  (28895): Server: openresty
07-05 22:24:54.910 D/OkHttp  (28895): Date: Wed, 05 Jul 2017 14:24:54 GMT
07-05 22:24:54.910 D/OkHttp  (28895): Content-Type: application/octet-stream
07-05 22:24:54.910 D/OkHttp  (28895): Transfer-Encoding: chunked
07-05 22:24:54.910 D/OkHttp  (28895): Connection: close
07-05 22:24:54.910 D/OkHttp  (28895): <-- END HTTP
07-05 22:24:54.938 E/WebcastSDK-(28895): isImageCacheLimitedStat(),  context.getPackageName = com.hisense.hicloud.edca
07-05 22:24:54.938 E/WebcastSDK-(28895): isImageCacheLimitedStat(),  mIsImageLimited = 1
07-05 22:24:54.954 V/HotPlugDetectionAction( 1733): Poll all devices.
07-05 22:24:54.969 E/WebcastSDK-HiCloudSourcePlugin(28895): init(), Webcast App Token is NULL.
07-05 22:24:54.969 E/WebcastSDK-HiCloudSourcePlugin(28895): getHiCloudService(), Webcast App Token is NULL.
07-05 22:24:54.971 D/WebcastSDK-HiCloudSourcePlugin(28895): getContext(): com.hisense.hicloud.edca.BaseApplication@2adbac5c mWebcastManager: null
07-05 22:24:54.973 E/WebcastSDK-HiCloudSourcePlugin(28895): checkHiCloudFetchCondition(), Webcast App Token is NULL. mToken: null
07-05 22:24:54.973 E/WebcastSDK-HiCloudSourcePlugin(28895): FetchSystemParameterTask(), has no fetch condition, return.
07-05 22:24:54.975 E/WebcastSDK-DataReport(28895): init(), Webcast App Token is NULL.
07-05 22:24:54.975 E/WebcastSDK-DataReport(28895): getHiCloudService(), Webcast App Token is NULL.
07-05 22:24:55.029 W/art     (28895): Suspending all threads took: 52.393ms
07-05 22:24:55.041 D/OkHttp  (28895): <-- 200 OK http://api.edu.hismarttv.com/usercenter/api/individualize_data?devid=86100300900000500000060a4818fca8&customerId=7195320&subscriberId=13287129&ChannelId=0&tags=&version_id=6&region_name=%E6%9D%AD%E5%B7%9E&uuid=13287129&mac=a8:a6:48:18:fc:a8&model_id=0&APPPackage=com.hisense.hicloud.edca&PFAPPCode=652&APPVersionName=3.0.0.9.00&softwareVersion=LED50MU8600UC0000888&tv_distribute_id=00&devType=0&APIVersion=600&accessToken=72DF6038D2AEAB8A76DFBBBBCC428A4A_000004811199650 (325ms)
07-05 22:24:55.041 D/OkHttp  (28895): Server: nginx
07-05 22:24:55.042 D/OkHttp  (28895): Date: Wed, 05 Jul 2017 14:24:54 GMT
07-05 22:24:55.042 D/OkHttp  (28895): Content-Type: application/json
07-05 22:24:55.042 D/OkHttp  (28895): Content-Length: 17184
07-05 22:24:55.042 D/OkHttp  (28895): Connection: close
07-05 22:24:55.042 D/OkHttp  (28895): <-- END HTTP
07-05 22:24:55.066 D/WebcastSDK-WebcastManager(28895): Device license:WASU
07-05 22:24:55.073 D/NativeDecimalFormat(28895): NativeDecimalFormat_close print addr=3997592832
07-05 22:24:55.073 D/NativeDecimalFormat(28895): NativeDecimalFormat_close print g_addr=3997593600
07-05 22:24:55.073 D/NativeDecimalFormat(28895): NativeDecimalFormat_close print addr=3997593600
07-05 22:24:55.073 D/NativeDecimalFormat(28895): NativeDecimalFormat_close print g_addr=3997593600
07-05 22:24:55.073 D/HttpHandler(28895): DNSRetryIntercepter-->checkData=dbbf03a0e59a5c14094df6af108b323cea60d8ad05c8543b66865ee76ac932a0c1d4247166b082fa13df0be40f5f2ed9f0f810db711a144fde33c63d6bb448c6dcb2292706051b47f8760e58614f3d60002176d09c468f8a181498202bdf8355d5748db7e888dc3327c9c0a4171c607ea34f38b56b8b47c86968b84f73d768acb1cd5c120a19b27ed7fded07653d4da7cbdb6ba17a2240643d67a2e80ebd359287737673c5d17424908f56d0e7998d285c15fc50e60fa3f7f1949bdd795cdbdc3df71e9fcf8a164dbac5e15696f7d2765d2243085d65b7eeb2c42cce8fc06234174a7af91e0f2ef022bce4e869d47f6c0bcfa2633f59275e6c7b9aa4b6b973405c4c70800fabd150cdca28f2ab432c3bb45fe32b0fda6e881dd3585d8e81b8dd0199b5ef723244d76ec9d1ced1b83296
07-05 22:24:55.074 I/art     (28895): Background partial concurrent mark sweep GC freed 34599(2027KB) AllocSpace objects, 2(1330KB) LOS objects, 14% free, 24MB/28MB, paused 60.136ms total 506.652ms
07-05 22:24:55.075 D/HttpHandler(28895): HttpDNS-->hostname=picture.edu.hismarttv.com
07-05 22:24:55.076 D/HttpHandler(28895): RetryIntercepter-->retryNum=0
07-05 22:24:55.076 D/HttpHandler(28895): RetryIntercepter-->backoffmutiplier=0
07-05 22:24:55.079 D/HttpHandler(28895): DNSRetryIntercepter-->http://118.178.149.42/d?device_id=86100300900000500000060a4818fca8&host=b5d1d96093f9d07d386917b5d3b91cdcb031311b90271792b45951b69dc9c054dc862a7c9178ba82684e325a98b554b4&last=
07-05 22:24:55.080 D/HttpHandler(28895): DNSRetryIntercepter-->118.178.149.42
07-05 22:24:55.084 I/WebcastSDK-ProgramScheduleDataManager(28895): init(), next time to fetch programSchedules in interval = 120min.
07-05 22:24:55.085 I/WebcastSDK-HistoryDataManager(28895): HistoryDataManager.init
07-05 22:24:55.097 D/HttpHandler(28895): DNSRetryIntercepter-->checkData=dbbf03a0e59a5c14094df6af108b323cea60d8ad05c8543b66865ee76ac932a0c1d4247166b082fa13df0be40f5f2ed9f0f810db711a144fde33c63d6bb448c6dcb2292706051b47f8760e58614f3d60002176d09c468f8a181498202bdf8355d5748db7e888dc3327c9c0a4171c607ea34f38b56b8b47c86968b84f73d768acb1cd5c120a19b27ed7fded07653d4da7c5c5de893f53334d486be787245591b4e9f2ff9f96c45bde62589f3f3203b53c30d1d6f42c20bbf967dca5156a8c30173900082f6c28d1b34b39ef45cb7150ac14df8f125273d438c4b781eea5a8bfee9444b901eb44b49ceb38056d1c3d135eb357380f24898382c8fc1d8cef0ba8923c044e2564dd6298f05a1b718ff39388c7fb4f5e8ac3f844b72d4a1e0920eab971b0e71830545621eb7cc626a7a3a1f1
07-05 22:24:55.103 D/HttpHandler(28895): DNSHelper-->gslbDnsresult={"timestamp":1499264694,"msg":"","data":{"lbgs.hismarttv.com":{"ips":["118.178.149.42","139.217.11.211"],"ttl":3600},"picture.edu.hismarttv.com":{"ips":["220.202.77.124","153.35.175.120","36.33.158.222","112.65.220.40","218.58.206.58","123.128.14.209","153.35.175.121"],"ttl":300}},"retCode":"0"}
07-05 22:24:55.103 I/System.out(28895):  remove duplicate [118.178.149.42, 139.217.11.211]
07-05 22:24:55.105 D/HttpHandler(28895): DNSHelper-->gslbDnsresult={"timestamp":1499264694,"msg":"","data":{"lbgs.hismarttv.com":{"ips":["118.178.149.42","139.217.11.211"],"ttl":3600},"picture.edu.hismarttv.com":{"ips":["220.202.77.124","153.35.175.120","36.33.158.222","112.65.220.40","218.58.206.58","123.128.14.209","153.35.175.121"],"ttl":300}},"retCode":"0"}
07-05 22:24:55.105 I/System.out(28895):  remove duplicate [118.178.149.42, 139.217.11.211]
07-05 22:24:55.117 D/HttpHandler(28895): DNSHelper-->httpDnsParser=["220.202.77.124","153.35.175.120","36.33.158.222","112.65.220.40","218.58.206.58","123.128.14.209","153.35.175.121"]
07-05 22:24:55.121 D/HttpHandler(28895): DNSHelper-->httpDnsParser=["220.202.77.124","153.35.175.120","36.33.158.222","112.65.220.40","218.58.206.58","123.128.14.209","153.35.175.121"]
07-05 22:24:55.132 D/OkHttp  (28895): --> GET http://118.178.149.42/d?device_id=86100300900000500000060a4818fca8&host=b5d1d96093f9d07d386917b5d3b91cdcb031311b90271792b45951b69dc9c054dc862a7c9178ba82684e325a98b554b4&last= http/1.1
07-05 22:24:55.132 D/OkHttp  (28895): Host: lbgs.hismarttv.com
07-05 22:24:55.132 D/OkHttp  (28895): Connection: Keep-Alive
07-05 22:24:55.132 D/OkHttp  (28895): Accept-Encoding: gzip
07-05 22:24:55.132 D/OkHttp  (28895): User-Agent: okhttp/3.6.0
07-05 22:24:55.132 D/OkHttp  (28895): --> END GET
07-05 22:24:55.146 D/HttpHandler(28895): VerifySignInterCeptor-->dateType=1
07-05 22:24:55.146 D/HttpHandler(28895): VerifySignInterCeptor-->HttpRequestManager.httpClietOption.getVerifyFlag()=1
07-05 22:24:55.154 D/OkHttp  (28895): --> GET http://picture.edu.hismarttv.com/images/20170628115357740238.png http/1.1
07-05 22:24:55.154 D/OkHttp  (28895): Host: picture.edu.hismarttv.com
07-05 22:24:55.154 D/OkHttp  (28895): Connection: Keep-Alive
07-05 22:24:55.154 D/OkHttp  (28895): Accept-Encoding: gzip
07-05 22:24:55.154 D/OkHttp  (28895): User-Agent: okhttp/3.6.0
07-05 22:24:55.154 D/OkHttp  (28895): --> END GET
07-05 22:24:55.172 I/DataDBLite(28895): onCreate
07-05 22:24:55.192 E/WebcastSDK-HiCloudImageCacheManager(28895): HiCloudImageCacheManager(), isImageCacheLimitedStat = true
07-05 22:24:55.200 I/WebcastSDK-WebcastManager(28895): addListener(), add ICarouselListener com.hisense.webcastSDK.data.hicloud.HiCloudSourcePlugin$2@e2e9506
07-05 22:24:55.200 I/WebcastSDK-WebcastManager(28895): adding listener com.hisense.webcastSDK.data.hicloud.HiCloudSourcePlugin$1@3e177c7
07-05 22:24:55.200 I/WebcastSDK-HiCloudSourcePlugin(28895): addListener(), add INetworkDataListener com.hisense.webcastSDK.data.internal.EPGDataManager$1@468d1f4
07-05 22:24:55.200 I/WebcastSDK-WebcastManager(28895): adding listener com.hisense.webcastSDK.utils.DataReport$1@2751ed1d
07-05 22:24:55.200 D/WebcastSDK-WebcastInternalImpl(28895): init all manager.
07-05 22:24:55.214 D/Carousel-Utils(28895): SCREEN_WIDTH:1920,SCREEN_Height:1080,destity:2.0,smallWidth:818,height:460,listItem w:268,h:226,top:38,bottom:38
07-05 22:24:55.219 D/OkHttp  (28895): --> GET http://picture.edu.hismarttv.com/images/20170628115302475663.png http/1.1
07-05 22:24:55.219 D/OkHttp  (28895): Host: picture.edu.hismarttv.com
07-05 22:24:55.219 D/OkHttp  (28895): Connection: Keep-Alive
07-05 22:24:55.219 D/OkHttp  (28895): Accept-Encoding: gzip
07-05 22:24:55.240 D/OkHttp  (28895): User-Agent: okhttp/3.6.0
07-05 22:24:55.240 D/OkHttp  (28895): --> END GET
07-05 22:24:55.260 D/HttpHandler(28895): GslbDNS-->hostName=118.178.149.42
07-05 22:24:55.273 D/Carousel-CarouselView(28895): setModel,hascCode=832018257
07-05 22:24:55.278 W/linker  (28895): libChinaNetSecret.so: unused DT entry: type 0x6ffffffe arg 0xbf8
07-05 22:24:55.284 D/OkHttp  (28895): <-- 200 OK http://picture.edu.hismarttv.com/images/20170628115357740238.png (130ms)
07-05 22:24:55.285 D/OkHttp  (28895): Date: Wed, 05 Jul 2017 12:47:26 GMT
07-05 22:24:55.285 D/OkHttp  (28895): Server: nginx
07-05 22:24:55.285 D/OkHttp  (28895): Content-Type: image/png
07-05 22:24:55.285 D/OkHttp  (28895): Content-Length: 2204
07-05 22:24:55.285 D/OkHttp  (28895): Last-Modified: Wed, 28 Jun 2017 11:53:57 GMT
07-05 22:24:55.285 D/OkHttp  (28895): ETag: "595398d5-89c"
07-05 22:24:55.285 D/OkHttp  (28895): Accept-Ranges: bytes
07-05 22:24:55.285 D/OkHttp  (28895): Age: 5849
07-05 22:24:55.285 D/OkHttp  (28895): Via: 1.1 pingwangtong52:0 (Cdn Cache Server V2.0)[56 200 2], 1.1 changwtong52:4 (Cdn Cache Server V2.0)[100 200 0]
07-05 22:24:55.285 D/OkHttp  (28895): Connection: keep-alive
07-05 22:24:55.285 D/OkHttp  (28895): <-- END HTTP
07-05 22:24:55.286 I/NetflixMonitorService( 1733): current fgapk : com.hisense.hicloud.edca
07-05 22:24:55.286 I/NetflixMonitorService( 1733): Netflix status unchanged
07-05 22:24:55.286 W/linker  (28895): libChinaNetSecret.so: unused DT entry: type 0x6fffffff arg 0x1
07-05 22:24:55.287 I/CurrentCarouselView(28895): security: ChinaNetCenterWskeyForJuHaoKan
07-05 22:24:55.287 I/CurrentCarouselView(28895): BaseApplication.sSignStr=3082023B308201A4A00302010202045051BD19300D06092A864886F70D01010505003062310B30090603550406130238363111300F060355040813085368616E646F6E673110300E0603550407130751696E6764616F311F301D060355040A1316486973656E7365206D65646961206E6574776F726B73310D300B0603550403130448695456301E170D3132303931333131303134355A170D3432303930363131303134355A3062310B30090603550406130238363111300F060355040813085368616E646F6E673110300E0603550407130751696E6764616F311F301D060355040A1316486973656E7365206D65646961206E6574776F726B73310D300B060355040313044869545630819F300D06092A864886F70D010101050003818D0030818902818100841C2D9F5F1E0BBB4DF77826A11FEFFB557C22B07892114637C945272821CF6A4CD023F45FC0B0E825EA8839470BE63B95CD5E4B64FF7ECC8A910DB20DBE2A9E8504EC39E7C0E8E74435F745F47D821124744FBF91A2C70CA85DC07D24C53322D8CC33C9EE542E872E44AF0E9E203328A106B31DC3BEC523600DDDA2204C665D0203010001300D06092A864886F70D0101050500038181003AA40C684E7AB45294882A0766EABD8C4BB7C0DFC4DE9ED13E192ECA9370C6B493257129F8DC248335D86877EAB36FBE9A8867E3F034BFD035CEC363073B558AAA6F42838FE0B1BEC3BC90B3E6FEE5D1D78C5CEC7966696D86FC071ED59063FD8E08DECAC8EBD0FB39443415B6725C00B0BACE4A06EF97D76158BF37D36720BB
07-05 22:24:55.287 I/CurrentCarouselView(28895): serverTime=1499264693000
07-05 22:24:55.288 E/WebcastSDK-WebcastManager(28895): setToken(), new Token = 72DF6038D2AEAB8A76DFBBBBCC428A4A_000004811199650
07-05 22:24:55.288 I/WebcastSDK-HiCloudSourcePlugin(28895): notifyAppTokenChanged(), token = 72DF6038D2AEAB8A76DFBBBBCC428A4A_000004811199650
07-05 22:24:55.289 V/PackageManager( 1733): getPackageInfo com.hisense.hicloud.edca: Package{3fb3f3a1 com.hisense.hicloud.edca}
07-05 22:24:55.290 I/WebcastSDK-(28895): getAppVersionCode(), versionCode = 652
07-05 22:24:55.300 I/WebcastSDK-DataReport(28895): notifyAppTokenChanged(), token = 72DF6038D2AEAB8A76DFBBBBCC428A4A_000004811199650
07-05 22:24:55.301 V/PackageManager( 1733): getPackageInfo com.hisense.hicloud.edca: Package{3fb3f3a1 com.hisense.hicloud.edca}
07-05 22:24:55.301 I/WebcastSDK-(28895): getAppVersionCode(), versionCode = 652
07-05 22:24:55.302 D/Carousel-(28895): setSignonInfo subscriberId:13287129,customerId:7195320
07-05 22:24:55.304 D/til@system( 2026): til_get_system_param option:1000007 int:-1936523008, bool:0, ret:0
07-05 22:24:55.306 D/til@system( 2026): til_get_system_param option:1000009 int:-1815634176, bool:0, ret:0
07-05 22:24:55.307 D/til@system( 2026): til_get_system_param option:1000008 int:-1936522368, bool:128, ret:0
07-05 22:24:55.308 D/HttpDnsUtils(28895): CEXX-getOperationDetail-productName : LED50MU8600UC
07-05 22:24:55.308 D/HttpDnsUtils(28895): CEXX-getOperationDetail-plmNumber : 88888
07-05 22:24:55.308 D/HttpDnsUtils(28895): CEXX-getOperationDetail-swVersion : V0000.00.01A
07-05 22:24:55.308 D/HttpDnsUtils(28895): CEXX-getOperationDetail-operationDetail : LED50MU8600UC0000888
07-05 22:24:55.308 E/WebcastSDK-WebcastManager(28895): setAppServiceDomainList.
07-05 22:24:55.308 V/PackageManager( 1733): getPackageInfo com.hisense.hicloud.edca: Package{3fb3f3a1 com.hisense.hicloud.edca}
07-05 22:24:55.309 I/FirstLineAdapter(28895): onBindViewHolder 3
07-05 22:24:55.310 I/WebcastSDK-(28895): getAppVersionCode(), versionCode = 652
07-05 22:24:55.314 D/til@system( 2026): til_get_system_param option:1000007 int:-1815632896, bool:0, ret:0
07-05 22:24:55.315 D/OkHttp  (28895): <-- 200 OK http://118.178.149.42/d?device_id=86100300900000500000060a4818fca8&host=b5d1d96093f9d07d386917b5d3b91cdcb031311b90271792b45951b69dc9c054dc862a7c9178ba82684e325a98b554b4&last= (183ms)
07-05 22:24:55.315 D/OkHttp  (28895): Server: openresty
07-05 22:24:55.315 D/OkHttp  (28895): Date: Wed, 05 Jul 2017 14:24:55 GMT
07-05 22:24:55.315 D/OkHttp  (28895): Content-Type: application/octet-stream
07-05 22:24:55.315 D/OkHttp  (28895): Transfer-Encoding: chunked
07-05 22:24:55.315 D/OkHttp  (28895): Connection: close
07-05 22:24:55.315 D/OkHttp  (28895): <-- END HTTP
07-05 22:24:55.315 D/til@system( 2026): til_get_system_param option:1000009 int:-1936522112, bool:128, ret:0
07-05 22:24:55.318 D/til@system( 2026): til_get_system_param option:1000008 int:-1815633792, bool:128, ret:0
07-05 22:24:55.319 D/HttpDnsUtils(28895): CEXX-getOperationDetail-productName : LED50MU8600UC
07-05 22:24:55.319 D/HttpDnsUtils(28895): CEXX-getOperationDetail-plmNumber : 88888
07-05 22:24:55.319 D/HttpDnsUtils(28895): CEXX-getOperationDetail-swVersion : V0000.00.01A
07-05 22:24:55.319 D/HttpDnsUtils(28895): CEXX-getOperationDetail-operationDetail : LED50MU8600UC0000888
07-05 22:24:55.319 I/CurrentCarouselView(28895): setTrailData
07-05 22:24:55.319 I/Util    (28895): memory : total=1912,limit=1024
07-05 22:24:55.320 D/Carousel-CarouselPicVideoListInfo(28895): carouselList: 3
07-05 22:24:55.320 D/Carousel-CarouselView(28895): setData! info=com.hisense.hitv.carouselwidgit.bean.CarouselPicVideoListInfo@3f51e0b7, hascCode=832018257
07-05 22:24:55.320 D/Carousel-CarouselView(28895): showInitPoster.
07-05 22:24:55.320 D/Carousel-CarouselDisplayPlayerLayout(28895): isFullScreen:false
07-05 22:24:55.320 D/Carousel-CarouselView(28895): ACTION_CLEAR_POSTER_AND_PLAY isFullScreen:false
07-05 22:24:55.321 D/Carousel-CarouselView(28895): InitPosterUrl:http://picture.edu.hismarttv.com/images/20170629010146422927.jpg
07-05 22:24:55.321 D/Carousel-Utils(28895): displayImage view=android.widget.ImageView{2cdea024 V.ED.... ......I. 0,0-0,0 #7f0d0029 app:id/imageView1}
07-05 22:24:55.321 D/Carousel-Utils(28895): displayImage url=http://picture.edu.hismarttv.com/images/20170629010146422927.jpg
07-05 22:24:55.327 D/HttpHandler(28895): VerifySignInterCeptor-->content={"masterViews": [{"navigationId": 10002, "tiles": [{"index": 1, "facets": [{"index": 1, "typeCode": 1002, "grade": null, "title": "\u90d1\u591a\u71d5BodyBall Slim\u5927\u7403\u64cd", "backgroundImages": [{"url": "http://picture.edu.hismarttv.com/images/20161212024038700821.jpg", "mobile_image_icon_url": "http://picture.edu.hismarttv.com/images/20161102023035587534.jpg", "url_horizontal": "http://picture.edu.hismarttv.com/images/20170629033643181276.jpg"}], "id": "38036"}], "width_horizontal": null, "width": null}, {"index": 1, "facets": [{"index": 1, "typeCode": 1002, "grade": null, "title": "\u90d1\u591a\u71d5BodyBall ABS\u6709\u6c27\u64cd", "backgroundImages": [{"url": "http://picture.edu.hismarttv.com/images/20161212022722337765.jpg", "mobile_image_icon_url": "http://picture.edu.hismarttv.com/images/20161102033100773911.jpg", "url_horizontal": "http://picture.edu.hismarttv.com/images/20170629032906301152.jpg"}], "id": "38037"}], "width_horizontal": null, "width": null}, {"index": 1, "facets": [{"index": 1, "typeCode": 1002, "grade": "\u5176\u4ed6", "title": "\u98ce\u5c1a\u5065\u8eab-\u52a8\u611f\u8857\u821e", "backgroundImages": [{"url": null, "mobile_image_icon_url": null, "url_horizontal": "http://picture.edu.hismarttv.com/images/20170629/\u98ce\u5c1a\u5065\u8eab-\u52a8\u611f\u8857\u821e.jpg"}], "id": "8852"}], "width_horizontal": null, "width": null}, {"index": 1, "facets": [{"index": 1, "typeCode": 1002, "grade": null, "title": "\u90d1\u591a\u71d5BodyBall Hip&leg\u57ab\u4e0a\u64cd", "backgroundImages": [{"url": "http://picture.edu.hismarttv.com/images/20161212022759387904.jpg", "mobile_image_icon_url": "http://picture.edu.hismarttv.com/images/20161102032541379768.jpg", "url_horizontal": "http://picture.edu.hismarttv.com/images/20170629033606511137.jpg"}], "id": "38039"}], "width_horizontal": null, "width": null}, {"index": 1, "facets": [{"index": 1, "typeCode": 1002, "grade": null, "title": "\u90d1\u591a\u71d5\u5c0f\u7070\u5e3d\u5065\u8eab\u64cd", "backgroundImages": [{"url": "http://picture.edu.hismarttv.com/images/20161212022539029485.jpg", "mobile_image_icon_url": "http://picture.edu.hismarttv.com/images/20161102021604651091.jpg", "url_horizontal": "http://picture.edu.hismarttv.com/images/20170629/\u90d1\u591a\u71d5\u5c0f\u7070\u5e3d\u5065\u8eab\u64cd.jpg"}], "id": "38033"}], "width_horizontal": null, "width": null}, {"index": 1, "facets": [{"index": 1, "typeCode": 1002, "grade": null, "title": "\u90d1\u591a\u71d5FigureDumb\u54d1\u94c3\u64cd", "backgroundImages": [{"url": "http://picture.edu.hismarttv.com/images/20161212035609771233.jpg", "mobile_image_icon_url": "http://picture.edu.hismarttv.com/images/20161102021824917487.jpg", "url_horizontal": "http://picture.edu.hismarttv.com/images/20170629033936455331.jpg"}], "id": "38034"}], "width_horizontal": null, "width": null}, {"index": 1, "facets": [{"index": 1, "typeCode": 1002, "grade": null, "title": "\u90d1\u591a\u71d5FigureMat\u57ab\u4e0a\u64cd", "backgroundImages": [{"url": "http://picture.edu.hismarttv.com/images/20161212022344417148.jpg", "mobile_image_icon_url": null, "url_horizontal": "http://picture.edu.hismarttv.com/images/20170629033520364415.jpg"}], "id": "38035"}], "width_horizontal": null, "width": null}, {"index": 1, "facets": [{"index": 1, "typeCode": 1002, "grade": null, "title": "\u548c\u5973\u795e\u4e00\u8d77\u5b66\u53e3\u8bed\uff08\u7f51\u7edc\u5267\uff09", "backgroundImages": [{"url": "http://picture.edu.hismarttv.com/images/20170316053549297889.jpg", "mobile_image_icon_url": null, "url_horizontal": null}], "id": "35901"}], "width_horizontal": null, "width": null}, {"index": 1, "facets": [{"index": 1, "typeCode": 1002, "grade": null, "title": "\u770b\u5927\u7247\u5b66\u82f1\u6587\uff08\u7f51\u7edc\u5267\uff09", "backgroundImages": [{"url": "http://picture.edu.hismarttv.com/images/20170316053716559350.jpg", "mobile_image_icon_url": null, "url_horizontal": null}], "id": "35891"}], "width_horizontal": null, "width": null}, {"index": 1, "facets": [{"index": 1, "typeCode": 1002, "
07-05 22:24:55.340 I/TVMW@HsTvSetting( 1234): Trace cmd, data = 0x1058
07-05 22:24:55.340 D/til@system( 2026): til_get_system_param option:100002F int:0, bool:0, ret:0
07-05 22:24:55.340 I/TVMW@HsTvSetting( 1234): Trace cmd, data = 0x101f
07-05 22:24:55.340 D/til@system( 2026): til_get_system_param option:100001D int:3, bool:3, ret:0
07-05 22:24:55.341 E/til     ( 2026): [til_get_current_input_source, 101] 
07-05 22:24:55.341 I/TVMW@HsTvSetting( 1234): Trace cmd, data = 0x7007
07-05 22:24:55.341 I/tilwrapper@sm( 2026): HS2TIL_SourceType *hs=0xd, *til=0x900
07-05 22:24:55.341 D/til     ( 2026): get current source 2304
07-05 22:24:55.341 D/SourceRemoteServiceHandler( 2026): getCurrentInputSource.from.til.result is 0, value is 2304
07-05 22:24:55.341 D/SourceRemoteServiceHandler( 2026): getInputSourceType source: 0x900, type=2304
07-05 22:24:55.341 D/til     ( 2026): ###### func:til_get_picture_param option:0x3000006 ######  
07-05 22:24:55.341 I/TVMW@HsTvSetting( 1234): Trace cmd, data = 0x1003
07-05 22:24:55.342 I/TVMW@HsTvSetting( 1234): Trace cmd, data = 0x8032
07-05 22:24:55.342 I/hstvos  ( 1216): [0m[1;33m[HSHAL][HS_VIDEO][HS_HAL_Video_SetOsdDetect_v2][2389]u16Threshold = 20
07-05 22:24:55.342 D/MyLocalStartService(16899): currentName is :com.hisense.hicloud.edca
07-05 22:24:55.342 I/MiSysSrv( 1214): Not support now! 42, change to mm_video!!!
07-05 22:24:55.342 E/TVMW@videoctrl( 1234):  getOsd is 1
07-05 22:24:55.343 I/CurrentCarouselView(28895): startPlay
07-05 22:24:55.343 D/til@system( 2026): til_get_system_param option:1000027 int:1, bool:1, ret:0
07-05 22:24:55.343 D/til     ( 2026): ###### func:til_get_picture_param option:0x3000045 ######  
07-05 22:24:55.343 I/CurrentCarouselView(28895): CurrentCarouselView.sHasShopDialog=false
07-05 22:24:55.343 I/TVMW@HsTvSetting( 1234): Trace cmd, data = 0x300c
07-05 22:24:55.343 I/TVMW@HsTvSetting( 1234): Trace 3d, data = 0x300c
07-05 22:24:55.343 I/TVMW@3d ( 1234): Hs_debug3d_trace: func:get3dStatus, line:109
07-05 22:24:55.343 I/CurrentCarouselView(28895): onAttachedToWindow
07-05 22:24:55.344 D/Carousel-CarouselView(28895): onAttachedToWindow.
07-05 22:24:55.344 I/MyItemDecoration(28895): getItemOffsets rect=Rect(-32, -16 - 0, 0),pos=3
07-05 22:24:55.357 D/Carousel-CarouselChannelItemView(28895): Listitem imageUrl:http://picture.edu.hismarttv.com/images/20170628102959016598.jpg
07-05 22:24:55.364 E/HDMI_CEC( 1733): Send Message TO[5] 
07-05 22:24:55.364 E/HDMI_CEC( 1733): OP[0], <Feature Abort> 
07-05 22:24:55.364 E/HDMI_CEC( 1733): ========
07-05 22:24:55.366 D/Carousel-CarouselChannelItemView(28895): Listitem imageUrl:http://picture.edu.hismarttv.com/images/20170628103002814396.jpg
07-05 22:24:55.367 D/Carousel-CarouselChannelItemView(28895): Listitem imageUrl:http://picture.edu.hismarttv.com/images/20170628103009181182.jpg
07-05 22:24:55.369 D/Carousel-CarouselChannelItemView(28895): Listitem imageUrl:http://picture.edu.hismarttv.com/images/20170628102959016598.jpg
07-05 22:24:55.370 D/Carousel-CarouselChannelItemView(28895): Listitem imageUrl:http://picture.edu.hismarttv.com/images/20170628103002814396.jpg
07-05 22:24:55.371 D/Carousel-CarouselChannelItemView(28895): Listitem imageUrl:http://picture.edu.hismarttv.com/images/20170628103009181182.jpg
07-05 22:24:55.373 D/Carousel-CarouselChannelItemView(28895): Listitem imageUrl:http://picture.edu.hismarttv.com/images/20170628103002814396.jpg
07-05 22:24:55.392 D/Carousel-CarouselChannelItemView(28895): Listitem imageUrl:http://picture.edu.hismarttv.com/images/20170628102959016598.jpg
07-05 22:24:55.397 D/Carousel-CarouselChannelItemView(28895): Listitem imageUrl:http://picture.edu.hismarttv.com/images/20170628103009181182.jpg
07-05 22:24:55.399 I/FirstLineAdapter(28895): canShowTrailer,isOffline=false
07-05 22:24:55.399 I/FirstLineAdapter(28895): onCreateViewHolder viewtype=4
07-05 22:24:55.410 I/FirstLineAdapter(28895): onBindViewHolder 4
07-05 22:24:55.410 I/FirstLineAdapter(28895): canShowTrailer,isOffline=false
07-05 22:24:55.410 I/FirstLineAdapter(28895): canShowTrailer modify
07-05 22:24:55.410 I/FirstLineAdapter(28895): setMasterData4
07-05 22:24:55.410 I/FirstLineAdapter(28895): set current pos = 0
07-05 22:24:55.410 D/sloven  (28895): 1002---true
07-05 22:24:55.410 I/FirstLineAdapter(28895): canShowTrailer,isOffline=false
07-05 22:24:55.413 I/FirstLineAdapter(28895): canShowTrailer,isOffline=false
07-05 22:24:55.413 I/FirstLineAdapter(28895): onCreateViewHolder viewtype=4
07-05 22:24:55.420 I/FirstLineAdapter(28895): onBindViewHolder 5
07-05 22:24:55.420 I/FirstLineAdapter(28895): canShowTrailer,isOffline=false
07-05 22:24:55.420 I/FirstLineAdapter(28895): canShowTrailer modify
07-05 22:24:55.420 I/FirstLineAdapter(28895): setMasterData5
07-05 22:24:55.420 I/FirstLineAdapter(28895): set current pos = 1
07-05 22:24:55.420 D/sloven  (28895): 2005---false
07-05 22:24:55.420 D/sloven  (28895): 2005
07-05 22:24:55.422 V/PackageManager( 1733): getPackageInfo com.hisense.hicloud.edca: Package{3fb3f3a1 com.hisense.hicloud.edca}
07-05 22:24:55.425 I/FirstLineAdapter(28895): canShowTrailer,isOffline=false
07-05 22:24:55.427 I/MyItemDecoration(28895): getItemOffsets rect=Rect(-32, 0 - 0, 0),pos=4
07-05 22:24:55.430 I/MyItemDecoration(28895): getItemOffsets rect=Rect(-32, -5 - 0, 0),pos=5
07-05 22:24:55.432 D/Carousel-CarouselView(28895): smoothScroll.
07-05 22:24:55.432 D/Carousel-CarouselDisplayPlayerLayout(28895): isFullScreen:false
07-05 22:24:55.432 D/Carousel-CarouselView(28895): smoothScroll isOtherInstance return.
07-05 22:24:55.432 I/ContentBridgeAdapterListener(28895): onAddPresenter 2
07-05 22:24:55.437 E/HDMI_CEC( 1733): MI_CEC_SendTxPolling, ErrCode[4] 
07-05 22:24:55.447 D/MC_MEMORY(16055): max: 256.261888 Mb, heap: 10.10778 Mb, allocated: 8.8930 Mb, free: 1.1849 Mb, native heap: 12.12276 Mb, native allocated: 8.8354 Mb, native free: 3.3922 Mb
07-05 22:24:55.448 I/TVMW@devctrl( 1234): wdt
07-05 22:24:55.454 D/OkHttp  (28895): --> GET http://118.178.149.42/d?device_id=86100300900000500000060a4818fca8&host=b5d1d96093f9d07d386917b5d3b91cdcb031311b90271792b45951b69dc9c054dc862a7c9178ba82684e325a98b554b4&last= http/1.1
07-05 22:24:55.454 D/OkHttp  (28895): Host: lbgs.hismarttv.com
07-05 22:24:55.454 D/OkHttp  (28895): Connection: Keep-Alive
07-05 22:24:55.454 D/OkHttp  (28895): Accept-Encoding: gzip
07-05 22:24:55.455 D/OkHttp  (28895): User-Agent: okhttp/3.6.0
07-05 22:24:55.455 D/OkHttp  (28895): If-Modified-Since: Wed, 05 Jul 2017 14:24:54 GMT
07-05 22:24:55.455 D/OkHttp  (28895): --> END GET
07-05 22:24:55.468 D/HttpHandler(28895): DNSRetryIntercepter-->checkData=dbbf03a0e59a5c14094df6af108b323c301d09d53e481ebdaf2665a4afa718d2ac7e476d316577bc75046ee46a0c8e33d2daf64ddac946e68b5422fe4d208cca22dfecccaefb2ff39b134cf278e75d2eaa9934b2bc4f25649997887a0ae49b87666458306a375c07a0a16792d56be663e19b61d4cecb809a07af30938a5ed9b559a7ca15822365842cf46f2c848cedabe9c98c10a86f1c6b12af6fa7bcbf5ebdbb046b1db5a21468f636ef86ba8c5ea85a0387a1eeec870e783423737d1b7ccba1361727134896c9fdd54683f66bf53065bfefd72d8fe3a6f086e34dc843b80dc89e4bcebc7b8342e69252ee663789cfbeaf2fd66b00ac8b8ae332c394140b8b9c63932741c6fbb01c3c5bd5fefc53731ae512aeb66d03b09640e1700c401151237ca5f2b7eda5f1e94fd6f200f54e26
07-05 22:24:55.470 E/HDMI_CEC( 1733): Sending message can't be response. 
07-05 22:24:55.472 D/HttpHandler(28895): RetryIntercepter-->retryNum=0
07-05 22:24:55.472 D/HttpHandler(28895): RetryIntercepter-->backoffmutiplier=0
07-05 22:24:55.478 I/ContentBridgeAdapterListener(28895): onCreate ViewHolder{1e86cc81 position=-1 id=-1, oldPos=-1, pLpos:-1 unbound no parent}
07-05 22:24:55.479 I/BaseContentFragment(28895): setUpSharedViewPoolViewHolder{1e86cc81 position=-1 id=-1, oldPos=-1, pLpos:-1 unbound no parent}
07-05 22:24:55.479 I/BaseContentFragment(28895): create view pool
07-05 22:24:55.479 I/BaseContentFragment(28895): setRowViewSelectedViewHolder{1e86cc81 position=-1 id=-1, oldPos=-1, pLpos:-1 unbound no parent},isSelectedfalse
07-05 22:24:55.479 I/head    (28895): item=com.hisense.leanback.widget.ListRow@3e7a9126
07-05 22:24:55.480 I/ContentBridgeAdapterListener(28895): onBind 
07-05 22:24:55.480 I/ContentBridgeAdapterListener(28895): onAttachedToWindow ViewHolder{1e86cc81 position=2 id=-1, oldPos=-1, pLpos:-1}
07-05 22:24:55.482 I/CardSelectionPresenter(28895): onCreateViewHoldercom.hisense.leanback.widget.HorizontalGridView{157e7b14 VFE..... ......I. 0,0-0,0 #7f0d038e app:id/row_content}
07-05 22:24:55.499 I/CardSelectionPresenter(28895): onBindViewHolder
07-05 22:24:55.499 D/sloven  (28895): 1002---false
07-05 22:24:55.504 I/CardSelectionPresenter(28895): width=400,height=220
07-05 22:24:55.528 D/hailongqiu(28895): hailongqiu position:0
07-05 22:24:55.531 I/CardSelectionPresenter(28895): onCreateViewHoldercom.hisense.leanback.widget.HorizontalGridView{157e7b14 VFE..... ......ID 0,0-1738,279 #7f0d038e app:id/row_content}
07-05 22:24:55.537 I/CardSelectionPresenter(28895): onBindViewHolder
07-05 22:24:55.537 D/sloven  (28895): 1002---false
07-05 22:24:55.537 I/CardSelectionPresenter(28895): width=400,height=220
07-05 22:24:55.541 I/CardSelectionPresenter(28895): onCreateViewHoldercom.hisense.leanback.widget.HorizontalGridView{157e7b14 VFE..... ......ID 0,0-1738,279 #7f0d038e app:id/row_content}
07-05 22:24:55.547 I/CardSelectionPresenter(28895): onBindViewHolder
07-05 22:24:55.547 D/sloven  (28895): 1002---false
07-05 22:24:55.548 I/CardSelectionPresenter(28895): width=400,height=220
07-05 22:24:55.556 I/CardSelectionPresenter(28895): onCreateViewHoldercom.hisense.leanback.widget.HorizontalGridView{157e7b14 VFE..... ......ID 0,0-1738,279 #7f0d038e app:id/row_content}
07-05 22:24:55.570 D/HttpHandler(28895): DNSHelper-->gslbDnsresult={"timestamp":1499264695,"msg":"","data":{"lbgs.hismarttv.com":{"ips":["118.178.149.42","139.217.11.211"],"ttl":3600},"picture.edu.hismarttv.com":{"ips":["36.33.158.222","112.65.220.40","218.58.206.58","123.128.14.209","153.35.175.121","220.202.77.124","153.35.175.120"],"ttl":300}},"retCode":"0"}
07-05 22:24:55.570 I/System.out(28895):  remove duplicate [118.178.149.42, 139.217.11.211]
07-05 22:24:55.574 I/CardSelectionPresenter(28895): onBindViewHolder
07-05 22:24:55.574 D/sloven  (28895): 1002---false
07-05 22:24:55.574 I/CardSelectionPresenter(28895): width=400,height=220
07-05 22:24:55.586 E/RecyclerView(28895): No adapter attached; skipping layout
07-05 22:24:55.586 E/RecyclerView(28895): No adapter attached; skipping layout
07-05 22:24:55.586 D/Carousel-CarouselView(28895): ============>onScrollChanged hashCode:832018257
07-05 22:24:55.586 D/HttpHandler(28895): DNSHelper-->httpDnsParser=["36.33.158.222","112.65.220.40","218.58.206.58","123.128.14.209","153.35.175.121","220.202.77.124","153.35.175.120"]
07-05 22:24:55.606 I/MyFragmentStateAdapter(28895): getCount
07-05 22:24:55.625 D/gralloc ( 1204): allocate buffer from ION HEAP 0x1
07-05 22:24:55.625 D/gralloc ( 1204): allocate memory from system heap
07-05 22:24:55.649 D/TabView (28895): SLOVEN top===>:266
07-05 22:24:55.649 D/TabFocusBorderView(28895): SLOVEN runTranslateAnimation
07-05 22:24:55.649 D/TabFocusBorderView(28895): SLOVEN runTranslateAnimation
07-05 22:24:55.649 D/TabFocusBorderView(28895): SLOVEN moveFocusView
07-05 22:24:55.666 D/TabFocusBorderView(28895): SLOVEN onAnimationStart
07-05 22:24:55.681 D/OkHttp  (28895): <-- 200 OK http://118.178.149.42/d?device_id=86100300900000500000060a4818fca8&host=b5d1d96093f9d07d386917b5d3b91cdcb031311b90271792b45951b69dc9c054dc862a7c9178ba82684e325a98b554b4&last= (226ms)
07-05 22:24:55.681 D/OkHttp  (28895): Server: openresty
07-05 22:24:55.681 D/OkHttp  (28895): Date: Wed, 05 Jul 2017 14:24:55 GMT
07-05 22:24:55.681 D/OkHttp  (28895): Content-Type: application/octet-stream
07-05 22:24:55.681 D/OkHttp  (28895): Transfer-Encoding: chunked
07-05 22:24:55.681 D/OkHttp  (28895): Connection: close
07-05 22:24:55.681 D/OkHttp  (28895): <-- END HTTP
07-05 22:24:55.700 D/HttpHandler(28895): DNSRetryIntercepter-->checkData=dbbf03a0e59a5c14094df6af108b323c301d09d53e481ebdaf2665a4afa718d2ac7e476d316577bc75046ee46a0c8e33d2daf64ddac946e68b5422fe4d208cca22dfecccaefb2ff39b134cf278e75d2eaa9934b2bc4f25649997887a0ae49b87666458306a375c07a0a16792d56be663e19b61d4cecb809a07af30938a5ed9b559a7ca15822365842cf46f2c848cedab7ad9a17b15a1fb1155526bb1b6b88793b07932f34430f07c688cafb3db411aa7ef92375c18fe3bc2b64f566782623541f5a18c4b4fd5764b6349ee2303c1b3ba92b15dc2e143abeb0c75fb6db10a28c0ee8499608784ef9c98c89ece3a9329219277c85dd578b27855464b95a66d1406bb08d28ba4bdf2e04f612dacca21e47daa39e0bf4ecdcabb6f26464b19f936ca32ba3d2432951e1e5d5abe23ae9863bb
07-05 22:24:55.701 D/HttpHandler(28895): DNSHelper-->gslbDnsresult={"timestamp":1499264695,"msg":"","data":{"lbgs.hismarttv.com":{"ips":["118.178.149.42","139.217.11.211"],"ttl":3600},"picture.edu.hismarttv.com":{"ips":["112.65.220.40","218.58.206.58","123.128.14.209","153.35.175.121","220.202.77.124","153.35.175.120","36.33.158.222"],"ttl":300}},"retCode":"0"}
07-05 22:24:55.702 I/System.out(28895):  remove duplicate [118.178.149.42, 139.217.11.211]
07-05 22:24:55.708 D/OkHttp  (28895): --> GET http://picture.edu.hismarttv.com/images/20170628111729989045.png http/1.1
07-05 22:24:55.708 D/OkHttp  (28895): Host: picture.edu.hismarttv.com
07-05 22:24:55.708 D/OkHttp  (28895): Connection: Keep-Alive
07-05 22:24:55.708 D/OkHttp  (28895): Accept-Encoding: gzip
07-05 22:24:55.708 D/OkHttp  (28895): User-Agent: okhttp/3.6.0
07-05 22:24:55.708 D/OkHttp  (28895): --> END GET
07-05 22:24:55.715 D/HttpHandler(28895): DNSHelper-->httpDnsParser=["112.65.220.40","218.58.206.58","123.128.14.209","153.35.175.121","220.202.77.124","153.35.175.120","36.33.158.222"]
07-05 22:24:55.734 D/CommonHeader(28895): app logo isRotate: true
07-05 22:24:55.735 I/CheckUpdateReceiver(28895): latest version == null
07-05 22:24:55.736 D/SUSLog  (28895): CheckAppUpdateService>>onDestroy
07-05 22:24:55.754 I/FirstLineAdapter(28895): canShowTrailer,isOffline=false
07-05 22:24:55.773 I/RoleContentFragment(28895): setBackGroundUrl=http://picture.edu.hismarttv.com/images/20170628104504467308.jpg,view=android.support.v4.widget.SlidingPaneLayout{173d9633 V.ED.... ......I. 0,0-1920,1080 #7f0d00af app:id/slide_layout}
07-05 22:24:55.774 D/HiNetworkImpl(28895): doHttp_Asyn(): onReqResponse isSuccessful = true, back from thread: main
07-05 22:24:55.775 I/HiNetworkImpl(28895): doHttp_Asyn(): onSuccess clazz = class com.hisense.tvui.newhome.bean.SelectionBean, back from thread: main
07-05 22:24:55.775 I/HomeDataPresenter(28895): getRecommandData() onSuccess: RoleContentFragment850480884
07-05 22:24:55.775 I/RoleContentFragment(28895): recommandlist={10003=0, 10002=8}
07-05 22:24:55.775 I/RoleContentFragment(28895): lineIndex=0,id=10002,pos=8
07-05 22:24:55.775 I/RoleContentFragment(28895): ,addItemSize=25
07-05 22:24:55.775 I/RoleContentFragment(28895): origin pos=8
07-05 22:24:55.775 I/RoleContentFragment(28895): offset pos=2
07-05 22:24:55.775 I/RoleContentFragment(28895): array size=11
07-05 22:24:55.776 I/RoleContentFragment(28895): lineIndex=1,id=10003,pos=0
07-05 22:24:55.776 I/RoleContentFragment(28895): ,addItemSize=24
07-05 22:24:55.776 I/RoleContentFragment(28895): origin pos=0
07-05 22:24:55.776 I/RoleContentFragment(28895): offset pos=2
07-05 22:24:55.776 I/RoleContentFragment(28895): array size=11
07-05 22:24:55.776 D/Carousel-MyListView(28895): onItemSelected position:1
07-05 22:24:55.776 D/Carousel-CarouselListView(28895): onItemSelected position:1,type:3
07-05 22:24:55.782 D/HomeMainActivity(28895): local vipDialogStr id list is : 
07-05 22:24:55.782 I/HomeMainActivity(28895): mBeginHttpTime : 13537354
07-05 22:24:55.782 V/HttpDnsUtils(28895): getUserType(): --url = http://api.edu.hismarttv.com/payment/api/query/user_type/dialog_info
07-05 22:24:55.782 I/HttpBuilder(28895): addUrlPublicParams mUrl ==>http://api.edu.hismarttv.com/payment/api/query/user_type/dialog_info?orderType=0
07-05 22:24:55.785 D/til@system( 2026): til_get_system_param option:1000007 int:-1936525184, bool:128, ret:0
07-05 22:24:55.785 D/til@system( 2026): til_get_system_param option:1000009 int:-1936523008, bool:0, ret:0
07-05 22:24:55.786 D/til@system( 2026): til_get_system_param option:1000008 int:-1815634176, bool:0, ret:0
07-05 22:24:55.786 D/HttpBuilder(28895): getOperationDetail-productName : LED50MU8600UC
07-05 22:24:55.786 D/HttpBuilder(28895): getOperationDetail-plmNumber : 88888
07-05 22:24:55.786 D/HttpBuilder(28895): getOperationDetail-swVersion : V0000.00.01A
07-05 22:24:55.787 D/HttpBuilder(28895): getOperationDetail-operationDetail : LED50MU8600UC0000888
