07-05 22:33:59.353 D/HttpHandler( 1242): DNSRetryIntercepter-->checkData=dbbf03a0e59a5c14094df6af108b323c1fd009dd77aef9142db459fef4d526e06298c03be30f744283273817722e49f84b9aac68674ec03821c81362d24a3449c62fdc5674d681a74a560ffe16d45f13a304fddcfc5985c247ef21f777c8f75d7371ce0e1429d26bddc824abd85212017ac9d7d53169e938f7fae6b68c63fa0e7626d3c9bfe00913d6c92b47ff7cba8c7ac62a969f0ea5c7d5d2ec128279580d834dae86e64762067c1abdb6a9177bfb3b9a33264f0e87e9f6f9f33bf7e095c2c6b7c3c877a84fae061f23c3ea68c42c9f8443121c528bbb2daeae0e6f887f9aabbc066c8912d471d31e0f36b0d3611070c51e6065b0f2a21552cc74aae8f8fc7c08a61a32ff41cea2aab71776df56303d4bf0bd6e5f43c4934716bd2c6796840bbf6c762c913b6f407371f420c84a11
07-05 22:33:59.358 I/CardSelectionPresenter( 1242): onCreateViewHoldercom.hisense.leanback.widget.HorizontalGridView{3c99c068 VFE..... ......I. 0,0-0,0 #7f0d038e app:id/row_content}
07-05 22:33:59.360 I/TVMW@HsTvSetting( 1234): Trace cmd, data = 0x1058
07-05 22:33:59.361 D/til@system( 2026): til_get_system_param option:100002F int:0, bool:0, ret:0
07-05 22:33:59.361 I/TVMW@HsTvSetting( 1234): Trace cmd, data = 0x101f
07-05 22:33:59.361 D/til@system( 2026): til_get_system_param option:100001D int:3, bool:3, ret:0
07-05 22:33:59.361 E/til     ( 2026): [til_get_current_input_source, 101] 
07-05 22:33:59.361 I/TVMW@HsTvSetting( 1234): Trace cmd, data = 0x7007
07-05 22:33:59.361 I/tilwrapper@sm( 2026): HS2TIL_SourceType *hs=0xd, *til=0x900
07-05 22:33:59.361 D/til     ( 2026): get current source 2304
07-05 22:33:59.361 D/SourceRemoteServiceHandler( 2026): getCurrentInputSource.from.til.result is 0, value is 2304
07-05 22:33:59.361 D/SourceRemoteServiceHandler( 2026): getInputSourceType source: 0x900, type=2304
07-05 22:33:59.362 D/til     ( 2026): ###### func:til_get_picture_param option:0x3000006 ######  
07-05 22:33:59.362 I/TVMW@HsTvSetting( 1234): Trace cmd, data = 0x1003
07-05 22:33:59.362 I/TVMW@HsTvSetting( 1234): Trace cmd, data = 0x8032
07-05 22:33:59.363 I/hstvos  ( 1216): [0m[1;33m[HSHAL][HS_VIDEO][HS_HAL_Video_SetOsdDetect_v2][2389]u16Threshold = 20
07-05 22:33:59.363 I/MiSysSrv( 1214): Not support now! 42, change to mm_video!!!
07-05 22:33:59.363 E/TVMW@videoctrl( 1234):  getOsd is 1
07-05 22:33:59.363 E/TVMW@videoctrl( 1234): hs_mw_videoctrl.cpp getOsdShow result is        1
07-05 22:33:59.363 D/til@system( 2026): til_get_system_param option:1000027 int:1, bool:1, ret:0
07-05 22:33:59.363 D/til     ( 2026): ###### func:til_get_picture_param option:0x3000045 ######  
07-05 22:33:59.363 I/TVMW@HsTvSetting( 1234): Trace cmd, data = 0x300c
07-05 22:33:59.363 I/TVMW@HsTvSetting( 1234): Trace 3d, data = 0x300c
07-05 22:33:59.363 I/TVMW@3d ( 1234): Hs_debug3d_trace: func:get3dStatus, line:109
07-05 22:33:59.370 I/CardSelectionPresenter( 1242): onBindViewHolder
07-05 22:33:59.370 D/sloven  ( 1242): 1002---false
07-05 22:33:59.371 I/CardSelectionPresenter( 1242): width=400,height=220
07-05 22:33:59.397 D/HttpHandler( 1242): RetryIntercepter-->retryNum=0
07-05 22:33:59.397 D/HttpHandler( 1242): RetryIntercepter-->backoffmutiplier=0
07-05 22:33:59.403 D/hailongqiu( 1242): hailongqiu position:0
07-05 22:33:59.405 I/CardSelectionPresenter( 1242): onCreateViewHoldercom.hisense.leanback.widget.HorizontalGridView{3c99c068 VFE..... ......ID 0,0-1738,279 #7f0d038e app:id/row_content}
07-05 22:33:59.430 I/CardSelectionPresenter( 1242): onBindViewHolder
07-05 22:33:59.430 D/sloven  ( 1242): 1002---false
07-05 22:33:59.430 I/CardSelectionPresenter( 1242): width=400,height=220
07-05 22:33:59.435 D/HttpHandler( 1242): DNSHelper-->httpDnsParser=["220.202.77.124","153.35.175.120","36.33.158.222","112.65.220.40","218.58.206.58","123.128.14.209","153.35.175.121"]
07-05 22:33:59.442 I/CardSelectionPresenter( 1242): onCreateViewHoldercom.hisense.leanback.widget.HorizontalGridView{3c99c068 VFE..... ......ID 0,0-1738,279 #7f0d038e app:id/row_content}
07-05 22:33:59.453 I/CardSelectionPresenter( 1242): onBindViewHolder
07-05 22:33:59.453 D/sloven  ( 1242): 1002---false
07-05 22:33:59.453 D/OkHttp  ( 1242): --> GET http://picture.edu.hismarttv.com/images/20170628115357740238.png http/1.1
07-05 22:33:59.453 D/OkHttp  ( 1242): Host: picture.edu.hismarttv.com
07-05 22:33:59.453 D/OkHttp  ( 1242): Connection: Keep-Alive
07-05 22:33:59.453 D/OkHttp  ( 1242): Accept-Encoding: gzip
07-05 22:33:59.453 D/OkHttp  ( 1242): User-Agent: okhttp/3.6.0
07-05 22:33:59.453 D/OkHttp  ( 1242): --> END GET
07-05 22:33:59.454 I/CardSelectionPresenter( 1242): width=400,height=220
07-05 22:33:59.465 I/CardSelectionPresenter( 1242): onCreateViewHoldercom.hisense.leanback.widget.HorizontalGridView{3c99c068 VFE..... ......ID 0,0-1738,279 #7f0d038e app:id/row_content}
07-05 22:33:59.467 I/HLSP2P  (16183): ## 2017-07-05 22:33:59.464 [16183,16481,:0] INFO ## [HLSP2P][DownloadManager.cpp:35][INFO][SendHeartBeatReq]send hearbeat to 123.126.121.155:30013 ok
07-05 22:33:59.478 I/CardSelectionPresenter( 1242): onBindViewHolder
07-05 22:33:59.478 D/sloven  ( 1242): 1002---false
07-05 22:33:59.478 I/CardSelectionPresenter( 1242): width=400,height=220
07-05 22:33:59.486 I/HLSP2P  (16183): ## 2017-07-05 22:33:59.485 [16183,16483,:0] INFO ## [HLSP2P][DownloadManager.cpp:35][INFO][OnHeartBeatRsp]ps heartbeat rsp ok
07-05 22:33:59.502 E/RecyclerView( 1242): No adapter attached; skipping layout
07-05 22:33:59.502 E/RecyclerView( 1242): No adapter attached; skipping layout
07-05 22:33:59.507 D/Carousel-CarouselView( 1242): ============>onScrollChanged hashCode:558015189
07-05 22:33:59.519 D/NativeDecimalFormat( 1242): NativeDecimalFormat_close print addr=4098428416
07-05 22:33:59.519 I/art     ( 1242): Background partial concurrent mark sweep GC freed 23202(1347KB) AllocSpace objects, 7(1528KB) LOS objects, 13% free, 26MB/30MB, paused 9.533ms total 231.014ms
07-05 22:33:59.519 D/NativeDecimalFormat( 1242): NativeDecimalFormat_close print g_addr=4098429184
07-05 22:33:59.519 D/NativeDecimalFormat( 1242): NativeDecimalFormat_close print addr=4098429184
07-05 22:33:59.519 D/NativeDecimalFormat( 1242): NativeDecimalFormat_close print g_addr=4098429184
07-05 22:33:59.537 I/MyFragmentStateAdapter( 1242): getCount
07-05 22:33:59.554 D/gralloc ( 1204): allocate buffer from ION HEAP 0x1
07-05 22:33:59.554 D/gralloc ( 1204): allocate memory from system heap
07-05 22:33:59.559 D/HttpHandler( 1242): DNSHelper-->gslbDnsresult={"timestamp":1499265238,"msg":"","data":{"lbgs.hismarttv.com":{"ips":["118.178.149.42","139.217.11.211"],"ttl":3600},"picture.edu.hismarttv.com":{"ips":["112.65.220.40","218.58.206.58","123.128.14.209","153.35.175.121","220.202.77.124","153.35.175.120","36.33.158.222"],"ttl":300}},"retCode":"0"}
07-05 22:33:59.561 I/System.out( 1242):  remove duplicate [118.178.149.42, 139.217.11.211]
07-05 22:33:59.627 I/NetflixMonitorService( 1733): current fgapk : com.hisense.hicloud.edca
07-05 22:33:59.627 I/NetflixMonitorService( 1733): Netflix status unchanged
07-05 22:33:59.639 D/TabView ( 1242): SLOVEN top===>:266
07-05 22:33:59.639 D/TabFocusBorderView( 1242): SLOVEN runTranslateAnimation
07-05 22:33:59.639 D/TabFocusBorderView( 1242): SLOVEN runTranslateAnimation
07-05 22:33:59.639 D/TabFocusBorderView( 1242): SLOVEN moveFocusView
07-05 22:33:59.646 D/HttpHandler( 1242): DNSHelper-->httpDnsParser=["112.65.220.40","218.58.206.58","123.128.14.209","153.35.175.121","220.202.77.124","153.35.175.120","36.33.158.222"]
07-05 22:33:59.648 D/TabFocusBorderView( 1242): SLOVEN onAnimationStart
07-05 22:33:59.649 D/HttpHandler( 1242): VerifySignInterCeptor-->request.url()=http://picture.edu.hismarttv.com/images/20170628111836879100.png
07-05 22:33:59.649 D/HttpHandler( 1242): VerifySignInterCeptor-->hostname=picture.edu.hismarttv.com
07-05 22:33:59.650 D/OkHttp  ( 1242): --> GET http://picture.edu.hismarttv.com/images/20170628111836879100.png http/1.1
07-05 22:33:59.650 D/OkHttp  ( 1242): Host: picture.edu.hismarttv.com
07-05 22:33:59.650 D/OkHttp  ( 1242): Connection: Keep-Alive
07-05 22:33:59.650 D/OkHttp  ( 1242): Accept-Encoding: gzip
07-05 22:33:59.650 D/OkHttp  ( 1242): User-Agent: okhttp/3.6.0
07-05 22:33:59.650 D/OkHttp  ( 1242): --> END GET
07-05 22:33:59.651 I/CheckUpdateReceiver( 1242): latest version == null
07-05 22:33:59.651 D/SUSLog  ( 1242): CheckAppUpdateService>>onDestroy
07-05 22:33:59.654 D/CommonHeader( 1242): app logo isRotate: true
07-05 22:33:59.662 I/TVMW@devctrl( 1234): wdt
07-05 22:33:59.684 I/FirstLineAdapter( 1242): canShowTrailer,isOffline=false
07-05 22:33:59.684 D/HttpHandler( 1242): VerifySignInterCeptor-->request.url()=http://picture.edu.hismarttv.com/images/20170628121916725281.png
07-05 22:33:59.684 D/HttpHandler( 1242): VerifySignInterCeptor-->hostname=picture.edu.hismarttv.com
07-05 22:33:59.685 D/OkHttp  ( 1242): --> GET http://picture.edu.hismarttv.com/images/20170628121916725281.png http/1.1
07-05 22:33:59.685 D/OkHttp  ( 1242): Host: picture.edu.hismarttv.com
07-05 22:33:59.685 D/OkHttp  ( 1242): Connection: Keep-Alive
07-05 22:33:59.685 D/OkHttp  ( 1242): Accept-Encoding: gzip
07-05 22:33:59.685 D/OkHttp  ( 1242): User-Agent: okhttp/3.6.0
07-05 22:33:59.685 D/OkHttp  ( 1242): --> END GET
07-05 22:33:59.693 D/OkHttp  ( 1242): <-- 200 OK http://picture.edu.hismarttv.com/images/20170628111836879100.png (43ms)
07-05 22:33:59.693 D/OkHttp  ( 1242): Date: Tue, 04 Jul 2017 02:10:40 GMT
07-05 22:33:59.693 D/OkHttp  ( 1242): Server: nginx
07-05 22:33:59.693 D/OkHttp  ( 1242): Content-Type: image/png
07-05 22:33:59.693 D/OkHttp  ( 1242): Content-Length: 2420
07-05 22:33:59.693 D/OkHttp  ( 1242): Last-Modified: Wed, 28 Jun 2017 11:18:36 GMT
07-05 22:33:59.693 D/OkHttp  ( 1242): ETag: "5953908c-974"
07-05 22:33:59.693 D/OkHttp  ( 1242): Accept-Ranges: bytes
07-05 22:33:59.693 D/OkHttp  ( 1242): Age: 130999
07-05 22:33:59.693 D/OkHttp  ( 1242): Via: 1.1 hewangtong168:6 (Cdn Cache Server V2.0)[10 200 0], 1.1 angtong92:0 (Cdn Cache Server V2.0)[0 200 0]
07-05 22:33:59.693 D/OkHttp  ( 1242): Connection: keep-alive
07-05 22:33:59.693 D/OkHttp  ( 1242): <-- END HTTP
07-05 22:33:59.695 D/HttpHandler( 1242): RetryIntercepter-->retryNum=0
07-05 22:33:59.695 D/HttpHandler( 1242): RetryIntercepter-->backoffmutiplier=0
07-05 22:33:59.696 D/OkHttp  ( 1242): --> GET http://picture.edu.hismarttv.com/images/20170628111759213347.png http/1.1
07-05 22:33:59.696 D/OkHttp  ( 1242): Host: picture.edu.hismarttv.com
07-05 22:33:59.696 D/OkHttp  ( 1242): Connection: Keep-Alive
07-05 22:33:59.696 D/OkHttp  ( 1242): Accept-Encoding: gzip
07-05 22:33:59.696 D/OkHttp  ( 1242): User-Agent: okhttp/3.6.0
07-05 22:33:59.696 D/OkHttp  ( 1242): --> END GET
07-05 22:33:59.698 D/HiNetworkImpl( 1242): doHttp_Asyn(): onReqResponse isSuccessful = true, back from thread: main
07-05 22:33:59.698 I/RoleContentFragment( 1242): setBackGroundUrl=http://picture.edu.hismarttv.com/images/20170628104504467308.jpg,view=android.support.v4.widget.SlidingPaneLayout{2cd49216 V.ED.... ......I. 0,0-1920,1080 #7f0d00af app:id/slide_layout}
07-05 22:33:59.702 D/Carousel-MyListView( 1242): onItemSelected position:1
07-05 22:33:59.703 D/Carousel-CarouselListView( 1242): onItemSelected position:1,type:3
07-05 22:33:59.713 I/FirstLineAdapter( 1242): canShowTrailer,isOffline=false
07-05 22:33:59.714 D/HomeMainActivity( 1242): local vipDialogStr id list is : 
07-05 22:33:59.714 I/HomeMainActivity( 1242): mBeginHttpTime : 14081285
07-05 22:33:59.714 V/HttpDnsUtils( 1242): getUserType(): --url = http://api.edu.hismarttv.com/payment/api/query/user_type/dialog_info
07-05 22:33:59.714 I/HttpBuilder( 1242): addUrlPublicParams mUrl ==>http://api.edu.hismarttv.com/payment/api/query/user_type/dialog_info?orderType=0
07-05 22:33:59.716 D/til@system( 2026): til_get_system_param option:1000007 int:-1815633792, bool:128, ret:0
07-05 22:33:59.717 D/til@system( 2026): til_get_system_param option:1000009 int:-1936522112, bool:128, ret:0
07-05 22:33:59.718 D/til@system( 2026): til_get_system_param option:1000008 int:-1815634176, bool:0, ret:0
07-05 22:33:59.718 D/HttpBuilder( 1242): getOperationDetail-productName : LED50MU8600UC
07-05 22:33:59.718 D/HttpBuilder( 1242): getOperationDetail-plmNumber : 88888
07-05 22:33:59.718 D/HttpBuilder( 1242): getOperationDetail-swVersion : V0000.00.01A
07-05 22:33:59.718 D/HttpBuilder( 1242): getOperationDetail-operationDetail : LED50MU8600UC0000888
07-05 22:33:59.724 D/OkHttp  ( 1242): <-- 200 OK http://picture.edu.hismarttv.com/images/20170628121916725281.png (37ms)
07-05 22:33:59.725 D/OkHttp  ( 1242): Date: Tue, 04 Jul 2017 02:31:42 GMT
07-05 22:33:59.725 D/OkHttp  ( 1242): Server: nginx
07-05 22:33:59.725 D/OkHttp  ( 1242): Content-Type: image/png
07-05 22:33:59.725 D/OkHttp  ( 1242): Content-Length: 2555
07-05 22:33:59.725 D/OkHttp  ( 1242): Last-Modified: Wed, 28 Jun 2017 12:19:16 GMT
07-05 22:33:59.725 D/OkHttp  ( 1242): ETag: "59539ec4-9fb"
07-05 22:33:59.725 D/OkHttp  ( 1242): Accept-Ranges: bytes
07-05 22:33:59.725 D/OkHttp  ( 1242): Age: 129737
07-05 22:33:59.725 D/OkHttp  ( 1242): Via: 1.1 jn239:1 (Cdn Cache Server V2.0)[14 200 0], 1.1 t86:5 (Cdn Cache Server V2.0)[0 200 0]
07-05 22:33:59.725 D/OkHttp  ( 1242): Connection: keep-alive
07-05 22:33:59.725 D/OkHttp  ( 1242): <-- END HTTP
07-05 22:33:59.746 I/HttpBuilder( 1242): addUrlPublicParams mUrl ==>http://api.edu.hismarttv.com/payment/api/query/user_type/dialog_info?orderType=0&uuid=13287129&mac=a8:a6:48:18:fc:a8&devid=86100300900000500000060a4818fca8&version=00.002.003&subscriberId=13287129&customerId=7195320&model_id=0&APPPackage=com.hisense.hicloud.edca&PFAPPCode=652&APPVersionName=3.0.0.9.00&ChannelId=0&softwareVersion=LED50MU8600UC0000888&tv_distribute_id=00&devType=0&APIVersion=600&accessToken=72DF6038D2AEAB8A76DFBBBBCC428A4A_004274612826367
07-05 22:33:59.752 I/HiNetworkImpl( 1242): doHttp_Asyn(): onSuccess clazz = class com.hisense.tvui.newhome.bean.SelectionBean, back from thread: main
07-05 22:33:59.752 I/HomeDataPresenter( 1242): getRecommandData() onSuccess: RoleContentFragment912361990
07-05 22:33:59.752 I/RoleContentFragment( 1242): recommandlist={10003=0, 10002=8}
07-05 22:33:59.752 I/RoleContentFragment( 1242): lineIndex=0,id=10002,pos=8
07-05 22:33:59.752 I/RoleContentFragment( 1242): ,addItemSize=25
07-05 22:33:59.753 I/RoleContentFragment( 1242): origin pos=8
07-05 22:33:59.753 I/RoleContentFragment( 1242): offset pos=2
07-05 22:33:59.753 I/RoleContentFragment( 1242): array size=11
07-05 22:33:59.753 I/RoleContentFragment( 1242): lineIndex=1,id=10003,pos=0
07-05 22:33:59.753 I/RoleContentFragment( 1242): ,addItemSize=24
07-05 22:33:59.753 I/RoleContentFragment( 1242): origin pos=0
07-05 22:33:59.753 I/RoleContentFragment( 1242): offset pos=2
07-05 22:33:59.753 I/RoleContentFragment( 1242): array size=11
07-05 22:33:59.755 D/TabView ( 1242): 
07-05 22:33:59.764 D/TabView ( 1242): 
07-05 22:33:59.769 D/TabView ( 1242): 
07-05 22:33:59.774 D/TabView ( 1242): 
07-05 22:33:59.776 D/TabView ( 1242): 
07-05 22:33:59.777 D/TabView ( 1242): 
07-05 22:33:59.779 D/TabView ( 1242): 
07-05 22:33:59.781 D/TabView ( 1242): 
07-05 22:33:59.783 D/TabView ( 1242): 
07-05 22:33:59.784 D/TabView ( 1242): 
07-05 22:33:59.786 D/TabView ( 1242): 
07-05 22:33:59.788 D/TabView ( 1242): 
07-05 22:33:59.791 D/TabView ( 1242): 
07-05 22:33:59.793 D/TabView ( 1242): 
07-05 22:33:59.795 D/TabView ( 1242): 
07-05 22:33:59.796 D/TabView ( 1242): 
07-05 22:33:59.799 I/MyFragmentStateAdapter( 1242): getCount
07-05 22:33:59.799 I/MyFragmentStateAdapter( 1242): getCount
07-05 22:33:59.799 D/TabView ( 1242): 
07-05 22:33:59.801 D/TabView ( 1242): 
07-05 22:33:59.803 D/TabView ( 1242): 
07-05 22:33:59.805 D/TabView ( 1242): 
07-05 22:33:59.806 D/TabView ( 1242): 
07-05 22:33:59.808 D/TabView ( 1242): 
07-05 22:33:59.810 D/TabView ( 1242): 
07-05 22:33:59.816 D/TabView ( 1242): 
07-05 22:33:59.818 D/TabView ( 1242): 
07-05 22:33:59.819 D/TabView ( 1242): 
07-05 22:33:59.821 D/TabView ( 1242): 
07-05 22:33:59.826 D/TabView ( 1242): 
07-05 22:33:59.828 D/TabView ( 1242): 
07-05 22:33:59.831 D/TabView ( 1242): 
07-05 22:33:59.832 D/TabView ( 1242): 
07-05 22:33:59.834 D/TabView ( 1242): 
07-05 22:33:59.836 I/MyFragmentStateAdapter( 1242): getCount
07-05 22:33:59.836 I/MyFragmentStateAdapter( 1242): getCount
07-05 22:33:59.840 D/HttpHandler( 1242): VerifySignInterCeptor-->request.url()=http://api.edu.hismarttv.com/payment/api/query/user_type/dialog_info?orderType=0&uuid=13287129&mac=a8:a6:48:18:fc:a8&devid=86100300900000500000060a4818fca8&version=00.002.003&subscriberId=13287129&customerId=7195320&model_id=0&APPPackage=com.hisense.hicloud.edca&PFAPPCode=652&APPVersionName=3.0.0.9.00&ChannelId=0&softwareVersion=LED50MU8600UC0000888&tv_distribute_id=00&devType=0&APIVersion=600&accessToken=72DF6038D2AEAB8A76DFBBBBCC428A4A_004274612826367
07-05 22:33:59.841 D/HttpHandler( 1242): RetryIntercepter-->retryNum=0
07-05 22:33:59.841 D/HttpHandler( 1242): RetryIntercepter-->backoffmutiplier=0
07-05 22:33:59.854 D/HttpHandler( 1242): VerifySignInterCeptor-->hostname=api.edu.hismarttv.com
07-05 22:33:59.865 I/TVMW@HsTvSetting( 1234): Trace cmd, data = 0x1058
07-05 22:33:59.865 D/til@system( 2026): til_get_system_param option:100002F int:0, bool:0, ret:0
07-05 22:33:59.866 I/TVMW@HsTvSetting( 1234): Trace cmd, data = 0x101f
07-05 22:33:59.866 D/til@system( 2026): til_get_system_param option:100001D int:3, bool:3, ret:0
07-05 22:33:59.866 E/til     ( 2026): [til_get_current_input_source, 101] 
07-05 22:33:59.866 I/TVMW@HsTvSetting( 1234): Trace cmd, data = 0x7007
07-05 22:33:59.866 I/tilwrapper@sm( 2026): HS2TIL_SourceType *hs=0xd, *til=0x900
07-05 22:33:59.866 D/til     ( 2026): get current source 2304
07-05 22:33:59.866 D/SourceRemoteServiceHandler( 2026): getCurrentInputSource.from.til.result is 0, value is 2304
07-05 22:33:59.866 D/SourceRemoteServiceHandler( 2026): getInputSourceType source: 0x900, type=2304
07-05 22:33:59.866 D/til     ( 2026): ###### func:til_get_picture_param option:0x3000006 ######  
07-05 22:33:59.867 I/TVMW@HsTvSetting( 1234): Trace cmd, data = 0x1003
07-05 22:33:59.870 I/TVMW@HsTvSetting( 1234): Trace cmd, data = 0x8032
07-05 22:33:59.871 I/hstvos  ( 1216): [0m[1;33m[HSHAL][HS_VIDEO][HS_HAL_Video_SetOsdDetect_v2][2389]u16Threshold = 20
07-05 22:33:59.871 I/MiSysSrv( 1214): Not support now! 42, change to mm_video!!!
07-05 22:33:59.875 E/TVMW@videoctrl( 1234):  getOsd is 1
07-05 22:33:59.875 D/til@system( 2026): til_get_system_param option:1000027 int:1, bool:1, ret:0
07-05 22:33:59.875 D/til     ( 2026): ###### func:til_get_picture_param option:0x3000045 ######  
07-05 22:33:59.878 I/TVMW@HsTvSetting( 1234): Trace cmd, data = 0x300c
07-05 22:33:59.878 I/TVMW@HsTvSetting( 1234): Trace 3d, data = 0x300c
07-05 22:33:59.878 I/TVMW@3d ( 1234): Hs_debug3d_trace: func:get3dStatus, line:109
07-05 22:33:59.881 I/TabView ( 1242): onScroll:,firstItem=0,visibleCount=6,totalCount=10
07-05 22:33:59.882 I/FirstLineAdapter( 1242): canShowTrailer,isOffline=false
07-05 22:33:59.882 I/FirstLineAdapter( 1242): canShowTrailer,isOffline=false
07-05 22:33:59.882 I/FirstLineAdapter( 1242): canShowTrailer,isOffline=false
07-05 22:33:59.882 I/FirstLineAdapter( 1242): canShowTrailer,isOffline=false
07-05 22:33:59.882 I/FirstLineAdapter( 1242): canShowTrailer,isOffline=false
07-05 22:33:59.882 I/FirstLineAdapter( 1242): canShowTrailer,isOffline=false
07-05 22:33:59.882 I/FirstLineAdapter( 1242): canShowTrailer,isOffline=false
07-05 22:33:59.891 D/Carousel-CarouselChannelItemView( 1242): Listitem imageUrl:http://picture.edu.hismarttv.com/images/20170628102959016598.jpg
07-05 22:33:59.906 D/Carousel-CarouselChannelItemView( 1242): Listitem imageUrl:http://picture.edu.hismarttv.com/images/20170628103002814396.jpg
07-05 22:33:59.907 D/Carousel-CarouselChannelItemView( 1242): Listitem imageUrl:http://picture.edu.hismarttv.com/images/20170628103009181182.jpg
07-05 22:33:59.908 D/Carousel-CarouselChannelItemView( 1242): Listitem imageUrl:http://picture.edu.hismarttv.com/images/20170628102959016598.jpg
07-05 22:33:59.916 D/OkHttp  ( 1242): <-- 200 OK http://picture.edu.hismarttv.com/images/20170628111759213347.png (220ms)
07-05 22:33:59.917 D/OkHttp  ( 1242): Date: Wed, 05 Jul 2017 14:10:53 GMT
07-05 22:33:59.917 D/OkHttp  ( 1242): Server: nginx
07-05 22:33:59.917 D/OkHttp  ( 1242): Content-Type: image/png
07-05 22:33:59.917 D/OkHttp  ( 1242): Content-Length: 2518
07-05 22:33:59.917 D/OkHttp  ( 1242): Last-Modified: Wed, 28 Jun 2017 11:17:59 GMT
07-05 22:33:59.917 D/OkHttp  ( 1242): ETag: "59539067-9d6"
07-05 22:33:59.917 D/OkHttp  ( 1242): Accept-Ranges: bytes
07-05 22:33:59.917 D/OkHttp  ( 1242): Age: 1386
07-05 22:33:59.917 D/OkHttp  ( 1242): Via: 1.1 pingwangtong47:3 (Cdn Cache Server V2.0)[22 200 0], 1.1 luwangtong27:1 (Cdn Cache Server V2.0)[0 200 0]
07-05 22:33:59.917 D/OkHttp  ( 1242): Connection: keep-alive
07-05 22:33:59.917 D/OkHttp  ( 1242): <-- END HTTP
07-05 22:33:59.920 D/Carousel-CarouselChannelItemView( 1242): Listitem imageUrl:http://picture.edu.hismarttv.com/images/20170628103002814396.jpg
07-05 22:33:59.921 D/Carousel-CarouselChannelItemView( 1242): Listitem imageUrl:http://picture.edu.hismarttv.com/images/20170628103009181182.jpg
07-05 22:33:59.927 I/FirstLineAdapter( 1242): canShowTrailer,isOffline=false
07-05 22:33:59.927 I/FirstLineAdapter( 1242): canShowTrailer,isOffline=false
07-05 22:33:59.932 I/head    ( 1242): item=com.hisense.leanback.widget.ListRow@23611885
07-05 22:33:59.932 I/CardSelectionPresenter( 1242): onViewDetachedFromWindow mTitleTx = 
07-05 22:33:59.932 I/CardSelectionPresenter( 1242): onViewDetachedFromWindow mTitleTx = 
07-05 22:33:59.936 I/CardSelectionPresenter( 1242): onViewDetachedFromWindow mTitleTx = 
07-05 22:33:59.937 I/CardSelectionPresenter( 1242): onUnbindViewHolder mTitleTx = 
07-05 22:33:59.940 I/CardSelectionPresenter( 1242): onViewDetachedFromWindow mTitleTx = 
07-05 22:33:59.940 I/CardSelectionPresenter( 1242): onUnbindViewHolder mTitleTx = 
07-05 22:33:59.940 I/CardSelectionPresenter( 1242): onUnbindViewHolder mTitleTx = 
07-05 22:33:59.940 I/CardSelectionPresenter( 1242): onUnbindViewHolder mTitleTx = 
07-05 22:33:59.940 I/ContentBridgeAdapterListener( 1242): onBind 
07-05 22:33:59.941 I/CardSelectionPresenter( 1242): onCreateViewHoldercom.hisense.leanback.widget.HorizontalGridView{3c99c068 VFE..... ......ID 0,0-1738,279 #7f0d038e app:id/row_content}
07-05 22:33:59.948 I/CardSelectionPresenter( 1242): onBindViewHolder
07-05 22:33:59.949 D/sloven  ( 1242): 1002---true
07-05 22:33:59.949 I/CardSelectionPresenter( 1242): width=400,height=220
07-05 22:33:59.975 I/CardSelectionPresenter( 1242): onUnbindViewHolder mTitleTx = 
07-05 22:33:59.976 I/CardSelectionPresenter( 1242): onBindViewHolder
07-05 22:33:59.979 D/sloven  ( 1242): 1002---true
07-05 22:33:59.980 I/CardSelectionPresenter( 1242): width=400,height=220
07-05 22:33:59.981 D/hailongqiu( 1242): hailongqiu position:0
07-05 22:33:59.981 D/OkHttp  ( 1242): <-- 200 OK http://picture.edu.hismarttv.com/images/20170628115357740238.png (528ms)
07-05 22:33:59.982 D/OkHttp  ( 1242): Date: Wed, 05 Jul 2017 12:47:26 GMT
07-05 22:33:59.982 D/OkHttp  ( 1242): Server: nginx
07-05 22:33:59.982 D/OkHttp  ( 1242): Content-Type: image/png
07-05 22:33:59.982 D/OkHttp  ( 1242): Content-Length: 2204
07-05 22:33:59.982 D/OkHttp  ( 1242): Last-Modified: Wed, 28 Jun 2017 11:53:57 GMT
07-05 22:33:59.982 D/OkHttp  ( 1242): ETag: "595398d5-89c"
07-05 22:33:59.982 D/OkHttp  ( 1242): Accept-Ranges: bytes
07-05 22:33:59.982 D/OkHttp  ( 1242): Age: 6393
07-05 22:33:59.982 D/OkHttp  ( 1242): Via: 1.1 pingwangtong52:0 (Cdn Cache Server V2.0)[56 200 2], 1.1 changwtong52:4 (Cdn Cache Server V2.0)[275 200 0]
07-05 22:33:59.982 D/OkHttp  ( 1242): Connection: keep-alive
07-05 22:33:59.982 D/OkHttp  ( 1242): <-- END HTTP
07-05 22:33:59.984 I/CardSelectionPresenter( 1242): onCreateViewHoldercom.hisense.leanback.widget.HorizontalGridView{3c99c068 VFE..... ......ID 0,0-1738,279 #7f0d038e app:id/row_content}
07-05 22:33:59.994 I/CardSelectionPresenter( 1242): onBindViewHolder
07-05 22:33:59.994 D/sloven  ( 1242): 1002---true
07-05 22:33:59.994 I/CardSelectionPresenter( 1242): width=400,height=220
07-05 22:34:00.000 D/PowerManagerService( 1733): acquireWakeLockInternal: lock=1013057410, flags=0x40000001, tag="*alarm*", ws=WorkSource{1000}, uid=1000, pid=1733
07-05 22:34:00.000 D/PowerManagerNotifier( 1733): onWakeLockAcquired: flags=1073741825, tag="*alarm*", packageName=android, ownerUid=1000, ownerPid=1733, workSource=WorkSource{1000}
07-05 22:34:00.003 I/StatusBar( 2232): time status chg:android.intent.action.TIME_TICK
07-05 22:34:00.003 I/StatusBar( 2232): update status bar with index: 1
07-05 22:34:00.003 I/StatusBar( 2232): on update status bar, index: 1
07-05 22:34:00.003 I/StatusBarDataProvider( 2232): update status bar 1
07-05 22:34:00.005 E/MyDataReported(17144): ***action=android.intent.action.TIME_TICK
07-05 22:34:00.006 I/StatusBar( 2232): Data received with tag:1 false
07-05 22:33:59.998 I/CardSelectionPresenter( 1242): onCreateViewHoldercom.hisense.leanback.widget.HorizontalGridView{3c99c068 VFE..... ......ID 0,0-1738,279 #7f0d038e app:id/row_content}
07-05 22:34:00.008 E/Daemon  (17144): iQRTIME=90
07-05 22:34:00.011 D/PowerManagerService( 1733): releaseWakeLockInternal: lock=1013057410 [*alarm*], flags=0x0
07-05 22:34:00.011 D/PowerManagerNotifier( 1733): onWakeLockReleased: flags=1073741825, tag="*alarm*", packageName=android, ownerUid=1000, ownerPid=1733, workSource=WorkSource{1000}
07-05 22:34:00.016 I/CardSelectionPresenter( 1242): onBindViewHolder
07-05 22:34:00.016 D/sloven  ( 1242): 1002---true
07-05 22:34:00.016 I/CardSelectionPresenter( 1242): width=400,height=220
07-05 22:34:00.020 I/CardSelectionPresenter( 1242): onCreateViewHoldercom.hisense.leanback.widget.HorizontalGridView{3c99c068 VFE..... ......ID 0,0-1738,279 #7f0d038e app:id/row_content}
07-05 22:34:00.026 I/CardSelectionPresenter( 1242): onBindViewHolder
07-05 22:34:00.026 D/sloven  ( 1242): 1002---true
07-05 22:34:00.026 I/CardSelectionPresenter( 1242): width=400,height=220
07-05 22:34:00.030 I/CardSelectionPresenter( 1242): onCreateViewHoldercom.hisense.leanback.widget.HorizontalGridView{3c99c068 VFE..... ......ID 0,0-1738,279 #7f0d038e app:id/row_content}
07-05 22:34:00.040 I/CardSelectionPresenter( 1242): onBindViewHolder
07-05 22:34:00.040 D/sloven  ( 1242): 1002---true
07-05 22:34:00.040 I/CardSelectionPresenter( 1242): width=0,height=220
07-05 22:34:00.050 D/Carousel-CarouselView( 1242): ============>onScrollChanged hashCode:558015189
07-05 22:34:00.060 I/MyFragmentStateAdapter( 1242): getCount
07-05 22:34:00.078 D/gralloc ( 1204): allocate buffer from ION HEAP 0x1
07-05 22:34:00.078 D/gralloc ( 1204): allocate memory from system heap
07-05 22:34:00.182 D/HttpHandler( 1242): RetryIntercepter-->retryNum=0
07-05 22:34:00.182 D/HttpHandler( 1242): RetryIntercepter-->backoffmutiplier=0
07-05 22:34:00.183 D/HttpHandler( 1242): VerifySignInterCeptor-->request.url()=http://picture.edu.hismarttv.com/images/
07-05 22:34:00.183 D/HttpHandler( 1242): VerifySignInterCeptor-->hostname=picture.edu.hismarttv.com
07-05 22:34:00.186 D/HttpHandler( 1242): RetryIntercepter-->retryNum=0
07-05 22:34:00.187 D/HttpHandler( 1242): RetryIntercepter-->backoffmutiplier=0
07-05 22:34:00.210 D/OkHttp  ( 1242): --> GET http://picture.edu.hismarttv.com/images/ http/1.1
07-05 22:34:00.210 D/OkHttp  ( 1242): Host: picture.edu.hismarttv.com
07-05 22:34:00.210 D/OkHttp  ( 1242): Connection: Keep-Alive
07-05 22:34:00.210 D/OkHttp  ( 1242): Accept-Encoding: gzip
07-05 22:34:00.210 D/OkHttp  ( 1242): User-Agent: okhttp/3.6.0
07-05 22:34:00.210 D/OkHttp  ( 1242): --> END GET
07-05 22:34:00.211 D/HttpHandler( 1242): HttpDNS-->hostname=api.edu.hismarttv.com
07-05 22:34:00.213 D/OsdMonitorService( 1733): mCurrentWindow = com.hisense.hicloud.edca/com.hisense.tvui.newhome.HomeMainActivity; newWindow = com.hisense.hicloud.edca/com.hisense.tvui.newhome.HomeMainActivity; isSubWindow = false; isInWinList = false; isExitNow = false
07-05 22:34:00.213 D/OsdMonitorService( 1733): windowNotOsd() : name = com.hisense.hicloud.edca/com.hisense.tvui.newhome.HomeMainActivity
07-05 22:34:00.213 I/OsdMonitorService( 1733): setOsdStatus() : status will change from true to true
07-05 22:34:00.214 D/HttpHandler( 1242): RAMCache-->hostInfo.getClientTimeStamp()=14076859
07-05 22:34:00.214 D/HttpHandler( 1242): RAMCache-->hostInfo.getTtl()=3600
07-05 22:34:00.214 D/HttpHandler( 1242): RAMCache-->SystemClock.elapsedRealtime()=14081786
07-05 22:34:00.215 D/PowerManagerService( 1733): setScreenBrightnessOverrideFromWindowManagerInternal done
07-05 22:34:00.217 D/Surface ( 1242): onStatusChange() : mNativeObject = 0 mUseImageHwRender = false
07-05 22:34:00.220 D/Carousel-MyListView( 1242): setSelectionAndPadding position:1
07-05 22:34:00.222 D/TabFocusBorderView( 1242): SLOVEN onAnimationEnd
07-05 22:34:00.222 D/TabView ( 1242): SLOVEN border top===>:296---407
07-05 22:34:00.227 I/MyFragmentStateAdapter( 1242): getCount
07-05 22:34:00.227 I/MyFragmentStateAdapter( 1242): getCount
07-05 22:34:00.228 I/MyFragmentStateAdapter( 1242): getCount
07-05 22:34:00.228 I/MyFragmentStateAdapter( 1242): getCount
07-05 22:34:00.228 I/TabView ( 1242): onScroll:,firstItem=0,visibleCount=6,totalCount=10
07-05 22:34:00.228 I/FirstLineAdapter( 1242): canShowTrailer,isOffline=false
07-05 22:34:00.228 I/FirstLineAdapter( 1242): canShowTrailer,isOffline=false
07-05 22:34:00.228 I/FirstLineAdapter( 1242): canShowTrailer,isOffline=false
07-05 22:34:00.228 I/FirstLineAdapter( 1242): canShowTrailer,isOffline=false
07-05 22:34:00.228 I/FirstLineAdapter( 1242): canShowTrailer,isOffline=false
07-05 22:34:00.228 I/FirstLineAdapter( 1242): canShowTrailer,isOffline=false
07-05 22:34:00.228 I/FirstLineAdapter( 1242): canShowTrailer,isOffline=false
07-05 22:34:00.229 D/Carousel-CarouselChannelItemView( 1242): Listitem imageUrl:http://picture.edu.hismarttv.com/images/20170628102959016598.jpg
07-05 22:34:00.233 E/WebcastSDK-WebcastManager( 1242): finally setAppServiceDomainList.
07-05 22:34:00.234 D/HttpHandler( 1242): VerifySignInterCeptor-->request.url()=http://picture.edu.hismarttv.com/images/20170629010146422927.jpg
07-05 22:34:00.234 D/HttpHandler( 1242): VerifySignInterCeptor-->hostname=picture.edu.hismarttv.com
07-05 22:34:00.234 D/Carousel-CarouselChannelItemView( 1242): Listitem imageUrl:http://picture.edu.hismarttv.com/images/20170628103002814396.jpg
07-05 22:34:00.234 D/HttpHandler( 1242): VerifySignInterCeptor-->request.url()=http://picture.edu.hismarttv.com/images/20170628103002814396.jpg
07-05 22:34:00.234 D/HttpHandler( 1242): VerifySignInterCeptor-->hostname=picture.edu.hismarttv.com
07-05 22:34:00.234 D/OkHttp  ( 1242): --> GET http://picture.edu.hismarttv.com/images/20170629010146422927.jpg http/1.1
07-05 22:34:00.234 D/OkHttp  ( 1242): Host: picture.edu.hismarttv.com
07-05 22:34:00.234 D/OkHttp  ( 1242): Connection: Keep-Alive
07-05 22:34:00.234 D/OkHttp  ( 1242): Accept-Encoding: gzip
07-05 22:34:00.234 D/OkHttp  ( 1242): User-Agent: okhttp/3.6.0
07-05 22:34:00.234 D/OkHttp  ( 1242): --> END GET
07-05 22:34:00.235 D/Carousel-CarouselChannelItemView( 1242): Listitem imageUrl:http://picture.edu.hismarttv.com/images/20170628103009181182.jpg
07-05 22:34:00.235 D/OkHttp  ( 1242): --> GET http://picture.edu.hismarttv.com/images/20170628103002814396.jpg http/1.1
07-05 22:34:00.235 D/OkHttp  ( 1242): Host: picture.edu.hismarttv.com
07-05 22:34:00.235 D/OkHttp  ( 1242): Connection: Keep-Alive
07-05 22:34:00.235 D/OkHttp  ( 1242): Accept-Encoding: gzip
07-05 22:34:00.235 D/OkHttp  ( 1242): User-Agent: okhttp/3.6.0
07-05 22:34:00.235 D/OkHttp  ( 1242): --> END GET
07-05 22:34:00.236 D/Carousel-CarouselChannelItemView( 1242): Listitem imageUrl:http://picture.edu.hismarttv.com/images/20170628102959016598.jpg
07-05 22:34:00.237 D/Carousel-CarouselChannelItemView( 1242): Listitem imageUrl:http://picture.edu.hismarttv.com/images/20170628103002814396.jpg
07-05 22:34:00.237 D/Carousel-CarouselChannelItemView( 1242): Listitem imageUrl:http://picture.edu.hismarttv.com/images/20170628103009181182.jpg
07-05 22:34:00.238 D/HttpHandler( 1242): DNSHelper-->gslbDns=["123.103.91.123"]
07-05 22:34:00.238 D/HttpHandler( 1242): VerifySignInterCeptor-->request.url()=http://picture.edu.hismarttv.com/images/20170628102959016598.jpg
07-05 22:34:00.238 D/HttpHandler( 1242): VerifySignInterCeptor-->hostname=picture.edu.hismarttv.com
07-05 22:34:00.239 I/FirstLineAdapter( 1242): canShowTrailer,isOffline=false
07-05 22:34:00.239 I/FirstLineAdapter( 1242): canShowTrailer,isOffline=false
07-05 22:34:00.239 D/Carousel-CarouselView( 1242): ============>onScrollChanged hashCode:558015189
07-05 22:34:00.240 D/OkHttp  ( 1242): --> GET http://picture.edu.hismarttv.com/images/20170628102959016598.jpg http/1.1
07-05 22:34:00.240 D/OkHttp  ( 1242): Host: picture.edu.hismarttv.com
07-05 22:34:00.240 D/OkHttp  ( 1242): Connection: Keep-Alive
07-05 22:34:00.240 D/OkHttp  ( 1242): Accept-Encoding: gzip
07-05 22:34:00.240 D/OkHttp  ( 1242): User-Agent: okhttp/3.6.0
07-05 22:34:00.240 D/OkHttp  ( 1242): --> END GET
07-05 22:34:00.242 I/MyFragmentStateAdapter( 1242): getCount
07-05 22:34:00.243 D/gralloc ( 1204): allocate buffer from ION HEAP 0x1
07-05 22:34:00.243 D/gralloc ( 1204): allocate memory from system heap
07-05 22:34:00.266 D/OkHttp  ( 1242): <-- 200 OK http://picture.edu.hismarttv.com/images/20170628102959016598.jpg (25ms)
07-05 22:34:00.266 D/OkHttp  ( 1242): Date: Wed, 05 Jul 2017 14:00:47 GMT
07-05 22:34:00.266 D/OkHttp  ( 1242): Server: nginx
07-05 22:34:00.266 D/OkHttp  ( 1242): Content-Type: image/jpeg
07-05 22:34:00.266 D/OkHttp  ( 1242): Content-Length: 40292
07-05 22:34:00.266 D/OkHttp  ( 1242): Last-Modified: Wed, 28 Jun 2017 10:29:59 GMT
07-05 22:34:00.266 D/OkHttp  ( 1242): ETag: "59538527-9d64"
07-05 22:34:00.266 D/OkHttp  ( 1242): Accept-Ranges: bytes
07-05 22:34:00.266 D/OkHttp  ( 1242): Age: 1993
07-05 22:34:00.266 D/OkHttp  ( 1242): Via: 1.1 chzhwt171:6 (Cdn Cache Server V2.0)[10 200 0], 1.1 jcl26:1 (Cdn Cache Server V2.0)[0 200 0]
07-05 22:34:00.266 D/OkHttp  ( 1242): Connection: keep-alive
07-05 22:34:00.266 D/OkHttp  ( 1242): <-- END HTTP
07-05 22:34:00.269 D/OkHttp  ( 1242): --> GET http://api.edu.hismarttv.com/payment/api/query/user_type/dialog_info?orderType=0&uuid=13287129&mac=a8:a6:48:18:fc:a8&devid=86100300900000500000060a4818fca8&version=00.002.003&subscriberId=13287129&customerId=7195320&model_id=0&APPPackage=com.hisense.hicloud.edca&PFAPPCode=652&APPVersionName=3.0.0.9.00&ChannelId=0&softwareVersion=LED50MU8600UC0000888&tv_distribute_id=00&devType=0&APIVersion=600&accessToken=72DF6038D2AEAB8A76DFBBBBCC428A4A_004274612826367 http/1.1
07-05 22:34:00.270 D/OkHttp  ( 1242): Data_Type: JSON
07-05 22:34:00.270 D/OkHttp  ( 1242): RetryTime: 0
07-05 22:34:00.270 D/OkHttp  ( 1242): Backoffmutiplier: 0
07-05 22:34:00.270 D/OkHttp  ( 1242): Host: api.edu.hismarttv.com
07-05 22:34:00.270 D/OkHttp  ( 1242): Connection: Keep-Alive
07-05 22:34:00.270 D/OkHttp  ( 1242): Accept-Encoding: gzip
07-05 22:34:00.270 D/OkHttp  ( 1242): User-Agent: okhttp/3.6.0
07-05 22:34:00.270 D/OkHttp  ( 1242): --> END GET
07-05 22:34:00.283 E/TabView ( 1242): tab2
07-05 22:34:00.283 D/TabView ( 1242): SLOVEN mTopmBorderTop===>:0266
07-05 22:34:00.283 D/TabView ( 1242): tab scroll up listview
07-05 22:34:00.284 D/TabFocusBorderView( 1242): SLOVEN justchangeWidth
07-05 22:34:00.284 D/TabFocusBorderView( 1242): SLOVEN widthmWidth===>:220220
07-05 22:34:00.284 D/OkHttp  ( 1242): <-- 200 OK http://picture.edu.hismarttv.com/images/20170629010146422927.jpg (49ms)
07-05 22:34:00.284 D/OkHttp  ( 1242): Date: Mon, 03 Jul 2017 10:17:08 GMT
07-05 22:34:00.284 D/OkHttp  ( 1242): Server: nginx
07-05 22:34:00.284 D/OkHttp  ( 1242): Content-Type: image/jpeg
07-05 22:34:00.284 D/TabFocusBorderView( 1242): SLOVEN onAnimationStart
07-05 22:34:00.284 D/OkHttp  ( 1242): Content-Length: 145373
07-05 22:34:00.284 D/OkHttp  ( 1242): Last-Modified: Thu, 29 Jun 2017 01:01:46 GMT
07-05 22:34:00.284 D/OkHttp  ( 1242): ETag: "5954517a-237dd"
07-05 22:34:00.284 D/TabView ( 1242): SLOVEN mTopmBorderTop===>:407266
07-05 22:34:00.284 D/OkHttp  ( 1242): Accept-Ranges: bytes
07-05 22:34:00.284 D/OkHttp  ( 1242): Age: 188212
07-05 22:34:00.284 D/OkHttp  ( 1242): Via: 1.1 shzh54:1 (Cdn Cache Server V2.0)[12 200 0], 1.1 t86:6 (Cdn Cache Server V2.0)[1 200 0]
07-05 22:34:00.284 D/OkHttp  ( 1242): Connection: keep-alive
07-05 22:34:00.284 D/OkHttp  ( 1242): <-- END HTTP
07-05 22:34:00.284 D/TabView ( 1242): setSelectedTabView
07-05 22:34:00.287 D/HttpHandler( 1242): RetryIntercepter-->retryNum=0
07-05 22:34:00.287 D/HttpHandler( 1242): RetryIntercepter-->backoffmutiplier=0
07-05 22:34:00.288 D/HttpHandler( 1242): RetryIntercepter-->retryNum=0
07-05 22:34:00.288 D/HttpHandler( 1242): RetryIntercepter-->backoffmutiplier=0
07-05 22:34:00.305 I/TabView ( 1242): onScroll:,firstItem=0,visibleCount=6,totalCount=10
07-05 22:34:00.305 D/Carousel-CarouselView( 1242): ============>onScrollChanged hashCode:558015189
07-05 22:34:00.326 D/OkHttp  ( 1242): <-- 403 Forbidden http://picture.edu.hismarttv.com/images/ (115ms)
07-05 22:34:00.326 D/OkHttp  ( 1242): Date: Wed, 05 Jul 2017 14:34:00 GMT
07-05 22:34:00.326 D/OkHttp  ( 1242): Server: nginx
07-05 22:34:00.326 D/OkHttp  ( 1242): Content-Type: text/html; charset=UTF-8
07-05 22:34:00.326 D/OkHttp  ( 1242): Content-Length: 162
07-05 22:34:00.326 D/OkHttp  ( 1242): Via: 1.1 shuozhou56:0 (Cdn Cache Server V2.0)[34 403 2], 1.1 t94:4 (Cdn Cache Server V2.0)[89 403 2]
07-05 22:34:00.326 D/OkHttp  ( 1242): Connection: close
07-05 22:34:00.326 D/OkHttp  ( 1242): <-- END HTTP
07-05 22:34:00.342 D/HttpHandler( 1242): RetryIntercepter-->retryNum=0
07-05 22:34:00.342 D/HttpHandler( 1242): RetryIntercepter-->backoffmutiplier=0
07-05 22:34:00.350 I/TabView ( 1242): onScroll:,firstItem=0,visibleCount=6,totalCount=10
07-05 22:34:00.350 D/Carousel-CarouselView( 1242): ============>onScrollChanged hashCode:558015189
07-05 22:34:00.353 D/HttpHandler( 1242): VerifySignInterCeptor-->request.url()=http://picture.edu.hismarttv.com/images/20170628103009181182.jpg
07-05 22:34:00.353 D/HttpHandler( 1242): VerifySignInterCeptor-->hostname=picture.edu.hismarttv.com
07-05 22:34:00.354 D/OkHttp  ( 1242): --> GET http://picture.edu.hismarttv.com/images/20170628103009181182.jpg http/1.1
07-05 22:34:00.354 D/OkHttp  ( 1242): Host: picture.edu.hismarttv.com
07-05 22:34:00.354 D/OkHttp  ( 1242): Connection: Keep-Alive
07-05 22:34:00.354 D/OkHttp  ( 1242): Accept-Encoding: gzip
07-05 22:34:00.354 D/OkHttp  ( 1242): User-Agent: okhttp/3.6.0
07-05 22:34:00.354 D/OkHttp  ( 1242): --> END GET
07-05 22:34:00.366 I/TabView ( 1242): onScroll:,firstItem=0,visibleCount=6,totalCount=10
07-05 22:34:00.367 D/Carousel-CarouselView( 1242): ============>onScrollChanged hashCode:558015189
07-05 22:34:00.339 D/OkHttp  ( 1242): <-- 200 OK http://api.edu.hismarttv.com/payment/api/query/user_type/dialog_info?orderType=0&uuid=13287129&mac=a8:a6:48:18:fc:a8&devid=86100300900000500000060a4818fca8&version=00.002.003&subscriberId=13287129&customerId=7195320&model_id=0&APPPackage=com.hisense.hicloud.edca&PFAPPCode=652&APPVersionName=3.0.0.9.00&ChannelId=0&softwareVersion=LED50MU8600UC0000888&tv_distribute_id=00&devType=0&APIVersion=600&accessToken=72DF6038D2AEAB8A76DFBBBBCC428A4A_004274612826367 (68ms)
07-05 22:34:00.370 D/OkHttp  ( 1242): Server: nginx
07-05 22:34:00.370 D/OkHttp  ( 1242): Date: Wed, 05 Jul 2017 14:34:00 GMT
07-05 22:34:00.370 D/OkHttp  ( 1242): Content-Type: application/json
07-05 22:34:00.370 D/OkHttp  ( 1242): Content-Length: 221
07-05 22:34:00.370 D/OkHttp  ( 1242): Connection: close
07-05 22:34:00.370 D/OkHttp  ( 1242): <-- END HTTP
07-05 22:34:00.372 D/HttpHandler( 1242): RetryIntercepter-->retryNum=0
07-05 22:34:00.372 D/HttpHandler( 1242): RetryIntercepter-->backoffmutiplier=0
07-05 22:34:00.377 I/TabView ( 1242): onScroll:,firstItem=0,visibleCount=6,totalCount=10
07-05 22:34:00.377 D/Carousel-CarouselView( 1242): ============>onScrollChanged hashCode:558015189
07-05 22:34:00.379 I/TVMW@HsTvSetting( 1234): Trace cmd, data = 0x1058
07-05 22:34:00.380 D/til@system( 2026): til_get_system_param option:100002F int:0, bool:0, ret:0
07-05 22:34:00.380 D/OkHttp  ( 1242): <-- 200 OK http://picture.edu.hismarttv.com/images/20170628103009181182.jpg (25ms)
07-05 22:34:00.380 D/OkHttp  ( 1242): Date: Wed, 05 Jul 2017 14:00:48 GMT
07-05 22:34:00.380 I/TVMW@HsTvSetting( 1234): Trace cmd, data = 0x101f
07-05 22:34:00.380 D/OkHttp  ( 1242): Server: nginx
07-05 22:34:00.380 D/OkHttp  ( 1242): Content-Type: image/jpeg
07-05 22:34:00.380 D/OkHttp  ( 1242): Content-Length: 41416
07-05 22:34:00.380 D/OkHttp  ( 1242): Last-Modified: Wed, 28 Jun 2017 10:30:09 GMT
07-05 22:34:00.380 D/OkHttp  ( 1242): ETag: "59538531-a1c8"
07-05 22:34:00.380 D/OkHttp  ( 1242): Accept-Ranges: bytes
07-05 22:34:00.380 D/OkHttp  ( 1242): Age: 1992
07-05 22:34:00.380 D/OkHttp  ( 1242): Via: 1.1 pingwangtong49:1 (Cdn Cache Server V2.0)[15 200 0], 1.1 luwangtong27:3 (Cdn Cache Server V2.0)[0 200 0]
07-05 22:34:00.380 D/OkHttp  ( 1242): Connection: keep-alive
07-05 22:34:00.380 D/OkHttp  ( 1242): <-- END HTTP
07-05 22:34:00.380 D/til@system( 2026): til_get_system_param option:100001D int:3, bool:3, ret:0
07-05 22:34:00.380 E/til     ( 2026): [til_get_current_input_source, 101] 
07-05 22:34:00.381 I/TVMW@HsTvSetting( 1234): Trace cmd, data = 0x7007
07-05 22:34:00.381 I/tilwrapper@sm( 2026): HS2TIL_SourceType *hs=0xd, *til=0x900
07-05 22:34:00.381 D/til     ( 2026): get current source 2304
07-05 22:34:00.381 D/SourceRemoteServiceHandler( 2026): getCurrentInputSource.from.til.result is 0, value is 2304
07-05 22:34:00.381 D/SourceRemoteServiceHandler( 2026): getInputSourceType source: 0x900, type=2304
07-05 22:34:00.381 D/til     ( 2026): ###### func:til_get_picture_param option:0x3000006 ######  
07-05 22:34:00.381 I/TVMW@HsTvSetting( 1234): Trace cmd, data = 0x1003
07-05 22:34:00.382 I/TVMW@HsTvSetting( 1234): Trace cmd, data = 0x8032
07-05 22:34:00.382 I/hstvos  ( 1216): [0m[1;33m[HSHAL][HS_VIDEO][HS_HAL_Video_SetOsdDetect_v2][2389]u16Threshold = 20
07-05 22:34:00.382 I/MiSysSrv( 1214): Not support now! 42, change to mm_video!!!
07-05 22:34:00.382 E/TVMW@videoctrl( 1234):  getOsd is 1
07-05 22:34:00.383 D/til@system( 2026): til_get_system_param option:1000027 int:1, bool:1, ret:0
07-05 22:34:00.383 D/til     ( 2026): ###### func:til_get_picture_param option:0x3000045 ######  
07-05 22:34:00.383 I/TVMW@HsTvSetting( 1234): Trace cmd, data = 0x300c
07-05 22:34:00.383 I/TVMW@HsTvSetting( 1234): Trace 3d, data = 0x300c
07-05 22:34:00.383 I/TVMW@3d ( 1234): Hs_debug3d_trace: func:get3dStatus, line:109
07-05 22:34:00.383 D/HttpHandler( 1242): RetryIntercepter-->retryNum=0
07-05 22:34:00.383 D/HttpHandler( 1242): RetryIntercepter-->backoffmutiplier=0
07-05 22:34:00.388 D/PowerManagerService( 1733): releaseWakeLockInternal: lock=681732318 [ActivityManager-Launch], flags=0x0
07-05 22:34:00.388 D/PowerManagerNotifier( 1733): onWakeLockReleased: flags=1, tag="ActivityManager-Launch", packageName=android, ownerUid=1000, ownerPid=1733, workSource=null
07-05 22:34:00.394 D/HttpHandler( 1242): VerifySignInterCeptor-->dateType=1
07-05 22:34:00.394 D/HttpHandler( 1242): VerifySignInterCeptor-->HttpRequestManager.httpClietOption.getVerifyFlag()=1
07-05 22:34:00.397 I/TabView ( 1242): onScroll:,firstItem=0,visibleCount=6,totalCount=10
07-05 22:34:00.397 D/Carousel-CarouselView( 1242): ============>onScrollChanged hashCode:558015189
07-05 22:34:00.408 E/HttpDnsUtils( 1242): http callCancel(): mViewTag = EntryActivity
07-05 22:34:00.412 D/HttpHandler( 1242): VerifySignInterCeptor-->request.url()=http://picture.edu.hismarttv.com/images/20170628233232135598.jpg
07-05 22:34:00.412 D/HttpHandler( 1242): VerifySignInterCeptor-->hostname=picture.edu.hismarttv.com
07-05 22:34:00.413 D/OkHttp  ( 1242): --> GET http://picture.edu.hismarttv.com/images/20170628233232135598.jpg http/1.1
07-05 22:34:00.414 D/OkHttp  ( 1242): Host: picture.edu.hismarttv.com
07-05 22:34:00.414 D/OkHttp  ( 1242): Connection: Keep-Alive
07-05 22:34:00.414 D/OkHttp  ( 1242): Accept-Encoding: gzip
07-05 22:34:00.414 D/OkHttp  ( 1242): User-Agent: okhttp/3.6.0
07-05 22:34:00.414 D/OkHttp  ( 1242): --> END GET
07-05 22:34:00.419 D/HttpHandler( 1242): VerifySignInterCeptor-->content={"memberType": 2, "isActivity": 0}
07-05 22:34:00.440 D/HttpHandler( 1242): VerifySignInterCeptor-->request.url()=http://picture.edu.hismarttv.com/images/20170629075040001252.jpg
07-05 22:34:00.440 D/HttpHandler( 1242): VerifySignInterCeptor-->hostname=picture.edu.hismarttv.com
07-05 22:34:00.441 D/OkHttp  ( 1242): --> GET http://picture.edu.hismarttv.com/images/20170629075040001252.jpg http/1.1
07-05 22:34:00.441 D/OkHttp  ( 1242): Host: picture.edu.hismarttv.com
07-05 22:34:00.441 D/OkHttp  ( 1242): Connection: Keep-Alive
07-05 22:34:00.441 D/OkHttp  ( 1242): Accept-Encoding: gzip
07-05 22:34:00.441 D/OkHttp  ( 1242): User-Agent: okhttp/3.6.0
07-05 22:34:00.441 D/OkHttp  ( 1242): --> END GET
07-05 22:34:00.461 D/OkHttp  ( 1242): <-- 200 OK http://picture.edu.hismarttv.com/images/20170629075040001252.jpg (19ms)
07-05 22:34:00.461 D/OkHttp  ( 1242): Date: Wed, 05 Jul 2017 14:00:48 GMT
07-05 22:34:00.461 D/OkHttp  ( 1242): Server: nginx
07-05 22:34:00.461 D/OkHttp  ( 1242): Content-Type: image/jpeg
07-05 22:34:00.461 D/OkHttp  ( 1242): Content-Length: 103036
07-05 22:34:00.461 D/OkHttp  ( 1242): Last-Modified: Thu, 29 Jun 2017 07:50:40 GMT
07-05 22:34:00.461 D/OkHttp  ( 1242): ETag: "5954b150-1927c"
07-05 22:34:00.461 D/OkHttp  ( 1242): Accept-Ranges: bytes
07-05 22:34:00.461 D/OkHttp  ( 1242): Age: 1992
07-05 22:34:00.461 D/OkHttp  ( 1242): Via: 1.1 changzhiwangtong172:9 (Cdn Cache Server V2.0)[27 200 0], 1.1 jcl26:1 (Cdn Cache Server V2.0)[0 200 0]
07-05 22:34:00.461 D/OkHttp  ( 1242): Connection: keep-alive
07-05 22:34:00.461 D/OkHttp  ( 1242): <-- END HTTP
07-05 22:34:00.465 D/HttpHandler( 1242): RetryIntercepter-->retryNum=0
07-05 22:34:00.465 D/HttpHandler( 1242): RetryIntercepter-->backoffmutiplier=0
07-05 22:34:00.469 I/MiSysSrv( 1214): [37m[INFO] Change to Voltage: 112 mv (0x2D)[m
07-05 22:34:00.504 D/OkHttp  ( 1242): <-- 200 OK http://picture.edu.hismarttv.com/images/20170628233232135598.jpg (90ms)
07-05 22:34:00.504 D/OkHttp  ( 1242): Date: Mon, 03 Jul 2017 11:37:30 GMT
07-05 22:34:00.504 D/OkHttp  ( 1242): Server: nginx
07-05 22:34:00.504 D/OkHttp  ( 1242): Content-Type: image/jpeg
07-05 22:34:00.504 D/OkHttp  ( 1242): Content-Length: 50603
07-05 22:34:00.504 D/OkHttp  ( 1242): Last-Modified: Wed, 28 Jun 2017 23:32:32 GMT
07-05 22:34:00.504 D/OkHttp  ( 1242): ETag: "59543c90-c5ab"
07-05 22:34:00.504 D/OkHttp  ( 1242): Accept-Ranges: bytes
07-05 22:34:00.504 D/OkHttp  ( 1242): Age: 183390
07-05 22:34:00.504 D/OkHttp  ( 1242): Via: 1.1 jnwt243:1 (Cdn Cache Server V2.0)[0 200 0], 1.1 t85:5 (Cdn Cache Server V2.0)[70 200 0]
07-05 22:34:00.504 D/OkHttp  ( 1242): Connection: keep-alive
07-05 22:34:00.505 D/OkHttp  ( 1242): <-- END HTTP
07-05 22:34:00.509 D/HttpHandler( 1242): RetryIntercepter-->retryNum=0
07-05 22:34:00.509 D/HttpHandler( 1242): RetryIntercepter-->backoffmutiplier=0
07-05 22:34:00.515 D/HttpHandler( 1242): VerifySignInterCeptor-->request.url()=http://picture.edu.hismarttv.com/images/20170628104504467308.jpg
07-05 22:34:00.515 D/HttpHandler( 1242): VerifySignInterCeptor-->hostname=picture.edu.hismarttv.com
07-05 22:34:00.515 D/HttpHandler( 1242): VerifySignInterCeptor-->request.url()=http://picture.edu.hismarttv.com/images/20170628111857828826.png
07-05 22:34:00.515 D/HttpHandler( 1242): VerifySignInterCeptor-->hostname=picture.edu.hismarttv.com
07-05 22:34:00.516 D/HttpHandler( 1242): HttpDNS-->hostname=picture.edu.hismarttv.com
07-05 22:34:00.516 D/OkHttp  ( 1242): --> GET http://picture.edu.hismarttv.com/images/20170628111857828826.png http/1.1
07-05 22:34:00.516 D/OkHttp  ( 1242): Host: picture.edu.hismarttv.com
07-05 22:34:00.516 D/OkHttp  ( 1242): Connection: Keep-Alive
07-05 22:34:00.516 D/OkHttp  ( 1242): Accept-Encoding: gzip
07-05 22:34:00.516 D/OkHttp  ( 1242): User-Agent: okhttp/3.6.0
07-05 22:34:00.516 D/OkHttp  ( 1242): --> END GET
07-05 22:34:00.517 D/HttpHandler( 1242): RAMCache-->hostInfo.getClientTimeStamp()=14081178
07-05 22:34:00.517 D/HttpHandler( 1242): RAMCache-->hostInfo.getTtl()=300
07-05 22:34:00.517 D/HttpHandler( 1242): RAMCache-->SystemClock.elapsedRealtime()=14082088
07-05 22:34:00.522 D/HttpHandler( 1242): DNSHelper-->gslbDns=["112.65.220.40","218.58.206.58","123.128.14.209","153.35.175.121","220.202.77.124","153.35.175.120","36.33.158.222"]
07-05 22:34:00.535 D/MyLocalStartService(16899): currentName is :com.hisense.hicloud.edca
07-05 22:34:00.535 D/OkHttp  ( 1242): <-- 200 OK http://picture.edu.hismarttv.com/images/20170628111857828826.png (18ms)
07-05 22:34:00.535 D/OkHttp  ( 1242): Date: Wed, 05 Jul 2017 13:59:48 GMT
07-05 22:34:00.535 D/OkHttp  ( 1242): Server: nginx
07-05 22:34:00.535 D/OkHttp  ( 1242): Content-Type: image/png
07-05 22:34:00.535 D/OkHttp  ( 1242): Content-Length: 2318
07-05 22:34:00.535 D/OkHttp  ( 1242): Last-Modified: Wed, 28 Jun 2017 11:18:57 GMT
07-05 22:34:00.535 D/OkHttp  ( 1242): ETag: "595390a1-90e"
07-05 22:34:00.535 D/OkHttp  ( 1242): Accept-Ranges: bytes
07-05 22:34:00.535 D/OkHttp  ( 1242): Age: 2052
07-05 22:34:00.535 D/OkHttp  ( 1242): Via: 1.1 pingwangtong52:8 (Cdn Cache Server V2.0)[14 200 0], 1.1 luwangtong27:3 (Cdn Cache Server V2.0)[0 200 0]
07-05 22:34:00.535 D/OkHttp  ( 1242): Connection: keep-alive
