07-05 21:35:52.571 W/System.err( 1822): 	at java.net.PlainSocketImpl.connect(PlainSocketImpl.java:183)
07-05 21:35:52.571 W/System.err( 1822): 	at java.net.PlainSocketImpl.connect(PlainSocketImpl.java:456)
07-05 21:35:52.571 W/System.err( 1822): 	at java.net.Socket.connect(Socket.java:882)
07-05 21:35:52.571 W/System.err( 1822): 	at com.android.okhttp.internal.Platform.connectSocket(Platform.java:174)
07-05 21:35:52.571 W/System.err( 1822): 	at com.android.okhttp.Connection.connect(Connection.java:152)
07-05 21:35:52.571 W/System.err( 1822): 	at com.android.okhttp.internal.http.HttpEngine.connect(HttpEngine.java:276)
07-05 21:35:52.571 W/System.err( 1822): 	at com.android.okhttp.internal.http.HttpEngine.sendRequest(HttpEngine.java:211)
07-05 21:35:52.571 W/System.err( 1822): 	at com.android.okhttp.internal.http.HttpURLConnectionImpl.execute(HttpURLConnectionImpl.java:382)
07-05 21:35:52.571 W/System.err( 1822): 	at com.android.okhttp.internal.http.HttpURLConnectionImpl.connect(HttpURLConnectionImpl.java:106)
07-05 21:35:52.571 W/System.err( 1822): 	at com.hisense.hitv.hicloud.util.ExceptionReport.a(ExceptionReport.java:337)
07-05 21:35:52.572 W/System.err( 1822): 	at com.hisense.hitv.hicloud.util.ExceptionReport.a(ExceptionReport.java:39)
07-05 21:35:52.572 W/System.err( 1822): 	at com.hisense.hitv.hicloud.util.ExceptionReport$1.run(ExceptionReport.java:83)
07-05 21:35:52.572 W/System.err( 1822): 	at java.lang.Thread.run(Thread.java:818)
07-05 21:35:52.572 W/System.err( 1822): Caused by: android.system.ErrnoException: isConnected failed: ECONNREFUSED (Connection refused)
07-05 21:35:52.572 D/OkHttp  ( 1822): <-- 403 Forbidden http://picture.edu.hismarttv.com/images/ (86ms)
07-05 21:35:52.572 D/OkHttp  ( 1822): Date: Wed, 05 Jul 2017 13:35:52 GMT
07-05 21:35:52.572 D/OkHttp  ( 1822): Server: nginx
07-05 21:35:52.572 D/OkHttp  ( 1822): Content-Type: text/html; charset=UTF-8
07-05 21:35:52.572 D/OkHttp  ( 1822): Content-Length: 162
07-05 21:35:52.572 D/OkHttp  ( 1822): Via: 1.1 shuozhou56:0 (Cdn Cache Server V2.0)[33 403 2], 1.1 anwangtong96:0 (Cdn Cache Server V2.0)[74 403 2]
07-05 21:35:52.572 D/OkHttp  ( 1822): Connection: close
07-05 21:35:52.572 D/OkHttp  ( 1822): <-- END HTTP
07-05 21:35:52.572 D/HttpHandler( 1822): RetryIntercepter-->retryNum=0
07-05 21:35:52.572 D/HttpHandler( 1822): RetryIntercepter-->backoffmutiplier=0
07-05 21:35:52.572 W/System.err( 1822): 	at libcore.io.IoBridge.isConnected(IoBridge.java:223)
07-05 21:35:52.572 W/System.err( 1822): 	... 15 more
07-05 21:35:52.574 I/MyFragmentStateAdapter( 1822): getCount
07-05 21:35:52.574 I/MyFragmentStateAdapter( 1822): getCount
07-05 21:35:52.574 I/MyFragmentStateAdapter( 1822): getCount
07-05 21:35:52.574 I/MyFragmentStateAdapter( 1822): getCount
07-05 21:35:52.575 I/SurfaceFlinger( 1204): the layer SurfaceView is used to close xc and zorder is smallerest! clear region
07-05 21:35:52.587 I/MyFragmentStateAdapter( 1822): getCount
07-05 21:35:52.594 I/MyFragmentStateAdapter( 1822): getCount
07-05 21:35:52.608 I/SurfaceFlinger( 1204): the layer SurfaceView is used to close xc and zorder is smallerest! clear region
07-05 21:35:52.633 I/NetflixMonitorService( 1733): current fgapk : com.hisense.hicloud.edca
07-05 21:35:52.633 I/NetflixMonitorService( 1733): Netflix status unchanged
07-05 21:35:52.641 I/MyFragmentStateAdapter( 1822): getCount
07-05 21:35:52.641 I/SurfaceFlinger( 1204): the layer SurfaceView is used to close xc and zorder is smallerest! clear region
07-05 21:35:52.658 I/SurfaceFlinger( 1204): the layer SurfaceView is used to close xc and zorder is smallerest! clear region
07-05 21:35:52.677 I/SurfaceFlinger( 1204): the layer SurfaceView is used to close xc and zorder is smallerest! clear region
07-05 21:35:52.693 I/SurfaceFlinger( 1204): the layer SurfaceView is used to close xc and zorder is smallerest! clear region
07-05 21:35:52.722 I/SurfaceFlinger( 1204): the layer SurfaceView is used to close xc and zorder is smallerest! clear region
07-05 21:35:52.741 I/SurfaceFlinger( 1204): the layer SurfaceView is used to close xc and zorder is smallerest! clear region
07-05 21:35:52.759 I/SurfaceFlinger( 1204): the layer SurfaceView is used to close xc and zorder is smallerest! clear region
07-05 21:35:52.783 I/SurfaceFlinger( 1204): the layer SurfaceView is used to close xc and zorder is smallerest! clear region
07-05 21:35:52.801 I/SurfaceFlinger( 1204): the layer SurfaceView is used to close xc and zorder is smallerest! clear region
07-05 21:35:52.819 I/SurfaceFlinger( 1204): the layer SurfaceView is used to close xc and zorder is smallerest! clear region
07-05 21:35:52.838 D/GlobalInputEventMonitoringService( 1733): interceptKeyBeforeQueueing(), event:23, mNeedMonitorKeyEvent:true, mWaitForKeyUpEvent:false
07-05 21:35:52.838 D/GlobalInputEventMonitoringService( 1733): processKeyEvent(), processKeyEvent event:23
07-05 21:35:52.839 D/WindowManager( 1733): interceptKeyTq keycode=23 interactive=true keyguardActive=false policyFlags=2b000000 isCancled= false
07-05 21:35:52.839 D/PowerManagerService( 1733): userActivityNoUpdateLocked: eventTime=10594409, event=1, flags=0x0, uid=1000
07-05 21:35:52.839 D/WindowManager( 1733): interceptKeyTi keyCode=23 down=true repeatCount=0 keyguardOn=false mHomePressed=false canceled=false
07-05 21:35:52.839 D/WindowManager( 1733): Hisense systemkey event: 23
07-05 21:35:52.839 D/HisenseGlobalKeyManager( 1733): handleGlobalKey() : Global event = KeyEvent { action=ACTION_DOWN, keyCode=KEYCODE_DPAD_CENTER, scanCode=0, metaState=0, flags=0x0, repeatCount=0, eventTime=10594409, downTime=10594409, deviceId=-1, source=0x101 }
07-05 21:35:52.839 V/HisenseGlobalKeyManager( 1733): processKeypadCenterDown()
07-05 21:35:52.839 I/HisenseGlobalKeyManager( 1733): isOriginalKeypadCenter() : false
07-05 21:35:52.839 V/HisenseGlobalKeyManager( 1733): fromKeypad() : false
07-05 21:35:52.839 V/HisenseGlobalKeyManager( 1733): isModifiedKeypadCenter() : false
07-05 21:35:52.839 W/HisenseGlobalKeyManager( 1733): processKeypadCenterDown() : unknown D_PAD_CENTER
07-05 21:35:52.839 V/HisenseGlobalKeyManager( 1733): processKeypadCenterDown() : result = false
07-05 21:35:52.841 I/SurfaceFlinger( 1204): the layer SurfaceView is used to close xc and zorder is smallerest! clear region
07-05 21:35:52.842 D/SogouIME( 2203): [onKeyDown] keycode = 23 model = VIDAA_TV
07-05 21:35:52.847 D/Carousel-CarouselDisplayPlayerLayout( 1822): HasFocus:false,keyCode:23
07-05 21:35:52.847 D/Carousel-CarouselDisplayPlayerLayout( 1822): isFullScreen:false
07-05 21:35:52.847 I/HomeMainActivity( 1822): carousel handle key:false
07-05 21:35:52.847 I/MainHomeView( 1822): dispatchKeyEvent ACTION_DOWN now 
07-05 21:35:52.849 D/GlobalInputEventMonitoringService( 1733): interceptKeyBeforeQueueing(), event:23, mNeedMonitorKeyEvent:true, mWaitForKeyUpEvent:false
07-05 21:35:52.849 D/GlobalInputEventMonitoringService( 1733): processKeyEvent(), processKeyEvent event:23
07-05 21:35:52.849 D/WindowManager( 1733): interceptKeyTq keycode=23 interactive=true keyguardActive=false policyFlags=2b000000 isCancled= false
07-05 21:35:52.849 D/WindowManager( 1733): interceptKeyTi keyCode=23 down=false repeatCount=0 keyguardOn=false mHomePressed=false canceled=false
07-05 21:35:52.849 D/WindowManager( 1733): Hisense systemkey event: 23
07-05 21:35:52.850 D/HisenseGlobalKeyManager( 1733): handleGlobalKey() : Global event = KeyEvent { action=ACTION_UP, keyCode=KEYCODE_DPAD_CENTER, scanCode=0, metaState=0, flags=0x0, repeatCount=0, eventTime=10594409, downTime=10594409, deviceId=-1, source=0x101 }
07-05 21:35:52.850 V/HisenseGlobalKeyManager( 1733): processKeypadCenterUp()
07-05 21:35:52.850 I/HisenseGlobalKeyManager( 1733): isOriginalKeypadCenter() : false
07-05 21:35:52.850 V/HisenseGlobalKeyManager( 1733): fromKeypad() : false
07-05 21:35:52.850 V/HisenseGlobalKeyManager( 1733): isModifiedKeypadCenter() : false
07-05 21:35:52.850 V/HisenseGlobalKeyManager( 1733): processKeypadCenterUp() : result = false
07-05 21:35:52.855 D/Carousel-CarouselDisplayPlayerLayout( 1822): HasFocus:false,keyCode:23
07-05 21:35:52.855 D/Carousel-CarouselDisplayPlayerLayout( 1822): isFullScreen:false
07-05 21:35:52.855 I/HomeMainActivity( 1822): carousel handle key:false
07-05 21:35:52.856 V/PackageManager( 1733): getPackageInfo com.hisense.hicloud.edca: Package{3fb3f3a1 com.hisense.hicloud.edca}
07-05 21:35:52.859 I/SurfaceFlinger( 1204): the layer SurfaceView is used to close xc and zorder is smallerest! clear region
07-05 21:35:52.864 D/GetInItDataUtil( 1822): turn to detail ,if is trailer.position is : 0
07-05 21:35:52.867 D/TileTransitionManager( 1733): getActivityContainer not enter cts mode
07-05 21:35:52.868 D/JamdeoActivityStackSupervisor( 1733): get currentSiloName
07-05 21:35:52.869 I/ActivityManager( 1733): START u0 {flg=0x14000000 cmp=com.hisense.hicloud.edca/.mediaplayer.activity.DetailPlayActivity (has extras)} from uid 10010 on display 0
07-05 21:35:52.869 D/OsdMonitorService( 1733): mCurrentWindow = com.hisense.hicloud.edca/com.hisense.tvui.newhome.HomeMainActivity; newWindow = com.hisense.hicloud.edca/com.hisense.tvui.newhome.HomeMainActivity; isSubWindow = false; isInWinList = false; isExitNow = false
07-05 21:35:52.869 D/OsdMonitorService( 1733): windowNotOsd() : name = com.hisense.hicloud.edca/com.hisense.tvui.newhome.HomeMainActivity
07-05 21:35:52.869 I/OsdMonitorService( 1733): setOsdStatus() : status will change from true to true
07-05 21:35:52.871 D/PowerManagerService( 1733): setScreenBrightnessOverrideFromWindowManagerInternal done
07-05 21:35:52.872 D/OsdMonitorService( 1733): mCurrentWindow = com.hisense.hicloud.edca/com.hisense.tvui.newhome.HomeMainActivity; newWindow = com.hisense.hicloud.edca/com.hisense.tvui.newhome.HomeMainActivity; isSubWindow = false; isInWinList = false; isExitNow = false
07-05 21:35:52.872 D/OsdMonitorService( 1733): windowNotOsd() : name = com.hisense.hicloud.edca/com.hisense.tvui.newhome.HomeMainActivity
07-05 21:35:52.872 I/OsdMonitorService( 1733): setOsdStatus() : status will change from true to true
07-05 21:35:52.875 I/SurfaceFlinger( 1204): the layer SurfaceView is used to close xc and zorder is smallerest! clear region
07-05 21:35:52.875 D/PowerManagerService( 1733): setScreenBrightnessOverrideFromWindowManagerInternal done
07-05 21:35:52.877 V/WindowManager( 1733): addAppToken: AppWindowToken{26be1a4e token=Token{dfba149 ActivityRecord{298d4b50 u0 com.hisense.hicloud.edca/.mediaplayer.activity.DetailPlayActivity t5162}}} to stack=97 task=5162 at 1
07-05 21:35:52.877 I/UsageStatsService( 1733): paused component:com.hisense.hicloud.edca
07-05 21:35:52.877 D/UsageStatsService( 1733): User[0] Got usage event for com.hisense.hicloud.edca[1499261752878]: MOVE_TO_BACKGROUND
07-05 21:35:52.877 V/UsageStatsService( 1733): Paused: 10594449   Component: com.hisense.hicloud.edca/com.hisense.tvui.newhome.HomeMainActivity   Time: 1499261752877 LastSessionTime: 14689 CumulativeSessionTime: 3385325
07-05 21:35:52.878 D/UsageStatsService( 1733): UsageStats: broadcasting intent
07-05 21:35:52.879 W/ContextImpl( 1733): Calling a method in the system process without a qualified user: android.app.ContextImpl.sendBroadcast:1327 com.android.server.usage.UsageStatsService.insertUsageStats:1104 com.android.server.usage.UsageStatsService$PkgUsageStatsExtended.updatePause:979 com.android.server.usage.UsageStatsService$LocalService.notePauseComponent:808 com.android.server.am.ActivityManagerService.updateUsageStats:3173 
07-05 21:35:52.880 D/PowerManagerService( 1733): acquireWakeLockInternal: lock=681732318, flags=0x1, tag="ActivityManager-Launch", ws=null, uid=1000, pid=1733
07-05 21:35:52.880 D/PowerManagerNotifier( 1733): onWakeLockAcquired: flags=1, tag="ActivityManager-Launch", packageName=android, ownerUid=1000, ownerPid=1733, workSource=null
07-05 21:35:52.885 I/ReportService( 3281): Intent received, action = android.intent.action.INSERT
07-05 21:35:52.887 I/ReportService( 3281): modelName is VIDAA_TV
07-05 21:35:52.889 E/til     ( 2026): [til_get_current_input_source, 101] 
07-05 21:35:52.889 I/TVMW@HsTvSetting( 1234): Trace cmd, data = 0x7007
07-05 21:35:52.889 I/tilwrapper@sm( 2026): HS2TIL_SourceType *hs=0xd, *til=0x900
07-05 21:35:52.889 D/til     ( 2026): get current source 2304
07-05 21:35:52.890 D/SourceRemoteServiceHandler( 2026): getCurrentInputSource.from.til.result is 0, value is 2304
07-05 21:35:52.890 D/SourceRemoteServiceHandler( 2026): getInputSourceType source: 0x900, type=2304
07-05 21:35:52.890 I/ReportService( 3281): getCurIntputSource2304
07-05 21:35:52.890 E/til     ( 2026): [til_get_current_input_source, 101] 
07-05 21:35:52.891 I/TVMW@HsTvSetting( 1234): Trace cmd, data = 0x7007
07-05 21:35:52.891 I/tilwrapper@sm( 2026): HS2TIL_SourceType *hs=0xd, *til=0x900
07-05 21:35:52.891 D/til     ( 2026): get current source 2304
07-05 21:35:52.891 D/SourceRemoteServiceHandler( 2026): getCurrentInputSource.from.til.result is 0, value is 2304
07-05 21:35:52.891 D/SourceRemoteServiceHandler( 2026): getInputSourceType source: 0x900, type=2304
07-05 21:35:52.892 I/ReportService( 3281): siloName isnull
07-05 21:35:52.892 V/PackageManager( 1733): getPackageInfo com.hisense.hicloud.edca: Package{3fb3f3a1 com.hisense.hicloud.edca}
07-05 21:35:52.893 I/ReportService( 3281): HiReport string sent out is:1.5|3|86100300900000500000060a4818fca8|1499261738|1499261752|com.hisense.hicloud.edca|3.0.0.9.00|8
07-05 21:35:52.893 W/ReportService( 3281): enter InsertUserBehaviorDataReportTask  mUri = content://com.hisense.hitv.hicloud.log/loginput mContentValues = lastsessiondurationtime=14689 LOGVALUE=1.5|3|86100300900000500000060a4818fca8|1499261738|1499261752|com.hisense.hicloud.edca|3.0.0.9.00|8 operation=P time=1499261752878 package=com.hisense.hicloud.edca cumulativesessiondurationtime=3385325 versioncode=652 lastupdatetime=1499256171569 _id=null type=APPRUN component=com.hisense.tvui.newhome.HomeMainActivity mContext == com.hisense.hireport.ReportService@3a75cda9mType == 95
07-05 21:35:52.894 I/ReportService( 3281): enter doInBackground*****
07-05 21:35:52.903 D/Carousel-CarouselView( 1822): onActivityPaused, getSimpleName = HomeMainActivity,hashCode=105475394
07-05 21:35:52.903 I/BaseContentFragment( 1822): onPause 
07-05 21:35:52.904 I/BaseContentFragment( 1822): onPause UserCenterFragment
07-05 21:35:52.904 I/BaseContentFragment( 1822): onPause 0-2
07-05 21:35:52.904 I/BaseContentFragment( 1822): activity pause
07-05 21:35:52.904 I/CurrentCarouselView( 1822): onCarouseControlCarouselControlBean{mShoudScroll=false, mActivityHasResume=false, mActivityHasStop=true, mHasTurnGone=false, mHasTurnVisible=false, mChannelId=-1, mSlideOffset=0.0, mShouldSelectCenter=false, mTabOpen=false, mHoriPosStatus=None, mVerPosStatus=None, mLevelStatus=None},isPlayingfalse,channelId=0
07-05 21:35:52.904 I/CurrentCarouselView( 1822): stopPlay
07-05 21:35:52.909 I/SurfaceFlinger( 1204): the layer SurfaceView is used to close xc and zorder is smallerest! clear region
07-05 21:35:52.911 I/UsageStatsService( 1733): resumed component name is ComponentInfo{com.hisense.hicloud.edca/com.hisense.hicloud.edca.mediaplayer.activity.DetailPlayActivity}
07-05 21:35:52.911 I/UsageStatsService( 1733): started component:com.hisense.hicloud.edca
07-05 21:35:52.911 V/PackageManager( 1733): getPackageInfo com.hisense.hicloud.edca: Package{3fb3f3a1 com.hisense.hicloud.edca}
07-05 21:35:52.911 V/UsageStatsService( 1733): Resumed: 10594482   Component: com.hisense.hicloud.edca/com.hisense.hicloud.edca.mediaplayer.activity.DetailPlayActivity   Time: 1499261752911 VersionCode: 652   LastUpdateTime: 1499256171569
07-05 21:35:52.911 D/UsageStatsService( 1733): UsageStats: broadcasting intent
07-05 21:35:52.912 W/ContextImpl( 1733): Calling a method in the system process without a qualified user: android.app.ContextImpl.sendBroadcast:1327 com.android.server.usage.UsageStatsService.insertUsageStats:1104 com.android.server.usage.UsageStatsService$PkgUsageStatsExtended.updateResume:962 com.android.server.usage.UsageStatsService$LocalService.noteResumeComponent:759 com.android.server.am.ActivityManagerService.updateUsageStats:3164 
07-05 21:35:52.917 D/PowerManagerService( 1733): setScreenBrightnessOverrideFromWindowManagerInternal done
07-05 21:35:52.918 I/ActivityManager( 1733): TR16) TaskRecord{27072f8e #5162 A=com.hisense.hicloud.edca U=0 sz=2}
07-05 21:35:52.918 I/ActivityManager( 1733): TR15) TaskRecord{24b8911d #5161 A=com.jamdeo.launcher U=0 sz=1}
07-05 21:35:52.919 V/ActivityManager( 1733): set mstar.EnterOpaqueUI false
07-05 21:35:52.923 I/ReportService( 3281): Intent received, action = android.intent.action.INSERT
07-05 21:35:52.923 D/Carousel-CarouselView( 1822): setPosterAndStopPlay! hashCode=105475394, sWorkingHashCode=105475394
07-05 21:35:52.923 D/Carousel-CarouselDisplayPlayerLayout( 1822): isFullScreen:false
07-05 21:35:52.923 D/Carousel-Utils( 1822): displayImage view=android.widget.ImageView{3b779a90 V.ED.... ........ 0,0-816,460 #7f0d0029 app:id/imageView1}
07-05 21:35:52.923 D/Carousel-Utils( 1822): displayImage url=http://picture.edu.hismarttv.com/images/20170629010146422927.jpg
07-05 21:35:52.926 D/Carousel-Utils( 1822): onResourceReady.
07-05 21:35:52.925 I/ReportService( 3281): result is content://com.hisense.hitv.hicloud.log/loginput/1
07-05 21:35:52.927 I/ReportService( 3281): modelName is VIDAA_TV
07-05 21:35:52.927 D/Carousel-Utils( 1822): displayImage view=android.widget.ImageView{256b6780 V.ED.... ......ID 0,0-816,460 #7f0d0029 app:id/imageView1}
07-05 21:35:52.927 D/Carousel-Utils( 1822): displayImage url=http://picture.edu.hismarttv.com/images/20170629010146422927.jpg
07-05 21:35:52.927 E/til     ( 2026): [til_get_current_input_source, 101] 
07-05 21:35:52.927 I/TVMW@HsTvSetting( 1234): Trace cmd, data = 0x7007
07-05 21:35:52.927 I/tilwrapper@sm( 2026): HS2TIL_SourceType *hs=0xd, *til=0x900
07-05 21:35:52.927 D/til     ( 2026): get current source 2304
07-05 21:35:52.928 D/SourceRemoteServiceHandler( 2026): getCurrentInputSource.from.til.result is 0, value is 2304
07-05 21:35:52.928 D/SourceRemoteServiceHandler( 2026): getInputSourceType source: 0x900, type=2304
07-05 21:35:52.928 I/ReportService( 3281): getCurIntputSource2304
07-05 21:35:52.928 E/til     ( 2026): [til_get_current_input_source, 101] 
07-05 21:35:52.928 I/TVMW@HsTvSetting( 1234): Trace cmd, data = 0x7007
07-05 21:35:52.929 I/tilwrapper@sm( 2026): HS2TIL_SourceType *hs=0xd, *til=0x900
07-05 21:35:52.929 D/til     ( 2026): get current source 2304
07-05 21:35:52.929 D/SourceRemoteServiceHandler( 2026): getCurrentInputSource.from.til.result is 0, value is 2304
07-05 21:35:52.929 D/SourceRemoteServiceHandler( 2026): getInputSourceType source: 0x900, type=2304
07-05 21:35:52.929 D/Carousel-Utils( 1822): onResourceReady.
07-05 21:35:52.929 I/ReportService( 3281): siloName isnull
07-05 21:35:52.929 D/Carousel-CarouselDisplayPlayerLayout( 1822): isFullScreen:false
07-05 21:35:52.930 V/PackageManager( 1733): getPackageInfo com.hisense.hicloud.edca: Package{3fb3f3a1 com.hisense.hicloud.edca}
07-05 21:35:52.930 I/ReportService( 3281): HiReport string sent out is:1.5|3|86100300900000500000060a4818fca8|1499261752|0|com.hisense.hicloud.edca|3.0.0.9.00|8
07-05 21:35:52.930 W/ReportService( 3281): enter InsertUserBehaviorDataReportTask  mUri = content://com.hisense.hitv.hicloud.log/loginput mContentValues = lastsessiondurationtime=14689 LOGVALUE=1.5|3|86100300900000500000060a4818fca8|1499261752|0|com.hisense.hicloud.edca|3.0.0.9.00|8 operation=R time=1499261752911 package=com.hisense.hicloud.edca cumulativesessiondurationtime=3385325 versioncode=652 lastupdatetime=1499256171569 _id=null type=APPRUN component=com.hisense.hicloud.edca.mediaplayer.activity.DetailPlayActivity mContext == com.hisense.hireport.ReportService@3a75cda9mType == 95
07-05 21:35:52.933 I/ReportService( 3281): enter onPostExecute result is: true
07-05 21:35:52.934 I/ReportService( 3281): enter doInBackground*****
07-05 21:35:52.945 I/ReportService( 3281): result is content://com.hisense.hitv.hicloud.log/loginput/1
07-05 21:35:52.947 I/ReportService( 3281): enter onPostExecute result is: true
07-05 21:35:52.953 E/BaseActivity( 1822): isUpdateCheckedtrue
07-05 21:35:52.954 D/DetailPlayActivity( 1822): ---------------------------oncreate
07-05 21:35:52.993 I/TVMW@HsTvSetting( 1234): Trace cmd, data = 0x1058
07-05 21:35:52.994 D/til@system( 2026): til_get_system_param option:100002F int:0, bool:0, ret:0
07-05 21:35:52.994 I/TVMW@HsTvSetting( 1234): Trace cmd, data = 0x101f
07-05 21:35:52.994 D/til@system( 2026): til_get_system_param option:100001D int:3, bool:3, ret:0
07-05 21:35:52.994 E/til     ( 2026): [til_get_current_input_source, 101] 
07-05 21:35:52.994 I/TVMW@HsTvSetting( 1234): Trace cmd, data = 0x7007
07-05 21:35:52.995 I/tilwrapper@sm( 2026): HS2TIL_SourceType *hs=0xd, *til=0x900
07-05 21:35:52.995 D/til     ( 2026): get current source 2304
07-05 21:35:52.995 D/SourceRemoteServiceHandler( 2026): getCurrentInputSource.from.til.result is 0, value is 2304
07-05 21:35:52.995 D/SourceRemoteServiceHandler( 2026): getInputSourceType source: 0x900, type=2304
07-05 21:35:52.995 D/til     ( 2026): ###### func:til_get_picture_param option:0x3000006 ######  
07-05 21:35:52.995 I/TVMW@HsTvSetting( 1234): Trace cmd, data = 0x1003
07-05 21:35:52.995 I/TVMW@HsTvSetting( 1234): Trace cmd, data = 0x8032
07-05 21:35:52.996 I/hstvos  ( 1216): [0m[1;33m[HSHAL][HS_VIDEO][HS_HAL_Video_SetOsdDetect_v2][2389]u16Threshold = 20
07-05 21:35:52.996 I/MiSysSrv( 1214): Not support now! 42, change to mm_video!!!
07-05 21:35:52.996 E/TVMW@videoctrl( 1234):  getOsd is 1
07-05 21:35:52.998 D/til@system( 2026): til_get_system_param option:1000027 int:1, bool:1, ret:0
07-05 21:35:52.998 D/UsageStatsService( 1733): User[0] Got usage event for com.hisense.hicloud.edca[1499261752911]: MOVE_TO_FOREGROUND
07-05 21:35:52.998 D/til     ( 2026): ###### func:til_get_picture_param option:0x3000045 ######  
07-05 21:35:52.998 I/TVMW@HsTvSetting( 1234): Trace cmd, data = 0x300c
07-05 21:35:52.999 I/TVMW@HsTvSetting( 1234): Trace 3d, data = 0x300c
07-05 21:35:52.999 I/TVMW@3d ( 1234): Hs_debug3d_trace: func:get3dStatus, line:109
07-05 21:35:53.038 D/DetailPlayActivity( 1822): isMU8600:true
07-05 21:35:53.053 D/DetailPlayActivity( 1822): ---------------------------oncreate,VideoInfo.sResolution:11
07-05 21:35:53.054 D/DetailPlayActivity( 1822): media id is: 3535  trailerPts:0
07-05 21:35:53.054 D/DetailPlayActivity( 1822): sourcetag  is: DetailPlayActivity3535
07-05 21:35:53.054 D/DetailPlayActivity( 1822): sunliqin  oncreate mFromChannelId================0   mSelectedClassFromPhone:-1   mSelectedClassPosFromPhone:0
07-05 21:35:53.054 D/DetailPlayActivity( 1822): managerLogMap~~~~~~~~~~~~~~~~~~~~~~~~~~~
07-05 21:35:53.054 D/DetailPlayActivity( 1822): original: 1    srcoriginal: null   srcmediaid: null   srceventcode:232000   srcsubjectid:null
07-05 21:35:53.054 D/DetailPlayActivity( 1822): srctopicid:null    srccategoryid:null     srccolumnid:0  srcchannelcategoryid:null
07-05 21:35:53.054 D/DetailPlayActivity( 1822): srcpackagename:null   srcgroupid:10003   srcrowid:1   eventcode:null
07-05 21:35:53.054 I/DetailPlayActivity( 1822): httphttp://api.edu.hismarttv.com/medias/api/media
07-05 21:35:53.054 I/DetailPlayActivity( 1822): vendor1=0
07-05 21:35:53.055 I/DetailPlayActivity( 1822): vendor2=0resolutionpolicy=2
07-05 21:35:53.055 I/DetailPlayActivity( 1822): mBeginHttpTime : 10594626  100
07-05 21:35:53.056 D/til@system( 2026): til_get_system_param option:1000007 int:-1936522112, bool:128, ret:0
07-05 21:35:53.056 D/til@system( 2026): til_get_system_param option:1000009 int:-1936525184, bool:128, ret:0
07-05 21:35:53.057 D/til@system( 2026): til_get_system_param option:1000008 int:-1815634176, bool:0, ret:0
07-05 21:35:53.058 D/HiSDKLogReport( 1822): getOperationDetail-productName : LED50MU8600UC
07-05 21:35:53.058 D/HiSDKLogReport( 1822): getOperationDetail-plmNumber : 88888
07-05 21:35:53.058 D/HiSDKLogReport( 1822): getOperationDetail-swVersion : V0000.00.01A
07-05 21:35:53.058 D/HiSDKLogReport( 1822): getOperationDetail-operationDetail : LED50MU8600UC0000888
07-05 21:35:53.058 D/HiSDKLogReport( 1822): processLogReport-log : {eventType=110, appKey=1182445233, APPVersionName=3.0.0.9.00, devid=86100300900000500000060a4818fca8, mac=a8:a6:48:18:fc:a8, uuid=13287129, accessToken=72DF6038D2AEAB8A76DFBBBBCC428A4A_000986278850247, APIversion=501, logversion=2.0, devType=0, APPPackage=com.hisense.hicloud.edca, eventPos=001, requesttime=1499261753058, customerId=7195320, value2=, eventMessage=GetReadyToStartConnection, value1=100, model_id=0, ChannelId=0, version=00.002.003, tv_distribute_id=00, subscriberId=13287129, APIVersion=600, PFAPPCode=652, softwareVersion=LED50MU8600UC0000888}
07-05 21:35:53.063 I/CommonUtils( 1822):  object to json {"srccolumnid":"0","srcgroupid":"10003","original":"1","srctabid":"0","eventcode":"207000","srceventcode":"232000","srcrowid":"1","mediaid":"3535"}
07-05 21:35:53.063 D/DetailPlayActivity( 1822): map===1111111111111====={"srccolumnid":"0","srcgroupid":"10003","original":"1","srctabid":"0","eventcode":"207000","srceventcode":"232000","srcrowid":"1","mediaid":"3535"}
07-05 21:35:53.064 D/til@system( 2026): til_get_system_param option:1000007 int:-1815632896, bool:0, ret:0
07-05 21:35:53.065 D/til@system( 2026): til_get_system_param option:1000009 int:-1936523008, bool:0, ret:0
07-05 21:35:53.065 D/til@system( 2026): til_get_system_param option:1000008 int:-1936522368, bool:128, ret:0
07-05 21:35:53.065 D/HiSDKLogReport( 1822): getOperationDetail-productName : LED50MU8600UC
07-05 21:35:53.065 D/HiSDKLogReport( 1822): getOperationDetail-plmNumber : 88888
07-05 21:35:53.066 D/HiSDKLogReport( 1822): getOperationDetail-swVersion : V0000.00.01A
07-05 21:35:53.066 D/HiSDKLogReport( 1822): getOperationDetail-operationDetail : LED50MU8600UC0000888
07-05 21:35:53.066 W/System.err( 1822): java.net.ConnectException: failed to connect to /10.18.210.112 (port 8900) after 6000ms: isConnected failed: ECONNREFUSED (Connection refused)
07-05 21:35:53.066 W/System.err( 1822): 	at libcore.io.IoBridge.isConnected(IoBridge.java:238)
07-05 21:35:53.066 W/System.err( 1822): 	at libcore.io.IoBridge.connectErrno(IoBridge.java:171)
07-05 21:35:53.066 W/System.err( 1822): 	at libcore.io.IoBridge.connect(IoBridge.java:122)
07-05 21:35:53.066 W/System.err( 1822): 	at java.net.PlainSocketImpl.connect(PlainSocketImpl.java:183)
07-05 21:35:53.066 W/System.err( 1822): 	at java.net.PlainSocketImpl.connect(PlainSocketImpl.java:456)
07-05 21:35:53.066 W/System.err( 1822): 	at java.net.Socket.connect(Socket.java:882)
07-05 21:35:53.066 W/System.err( 1822): 	at com.android.okhttp.internal.Platform.connectSocket(Platform.java:174)
07-05 21:35:53.066 W/System.err( 1822): 	at com.android.okhttp.Connection.connect(Connection.java:152)
07-05 21:35:53.066 W/System.err( 1822): 	at com.android.okhttp.internal.http.HttpEngine.connect(HttpEngine.java:276)
07-05 21:35:53.066 W/System.err( 1822): 	at com.android.okhttp.internal.http.HttpEngine.sendRequest(HttpEngine.java:211)
07-05 21:35:53.066 W/System.err( 1822): 	at com.android.okhttp.internal.http.HttpURLConnectionImpl.execute(HttpURLConnectionImpl.java:382)
07-05 21:35:53.066 W/System.err( 1822): 	at com.android.okhttp.internal.http.HttpURLConnectionImpl.connect(HttpURLConnectionImpl.java:106)
07-05 21:35:53.066 W/System.err( 1822): 	at com.hisense.hitv.hicloud.util.ExceptionReport.a(ExceptionReport.java:337)
07-05 21:35:53.066 W/System.err( 1822): 	at com.hisense.hitv.hicloud.util.ExceptionReport.a(ExceptionReport.java:39)
07-05 21:35:53.066 W/System.err( 1822): 	at com.hisense.hitv.hicloud.util.ExceptionReport$1.run(ExceptionReport.java:83)
07-05 21:35:53.066 W/System.err( 1822): 	at java.lang.Thread.run(Thread.java:818)
07-05 21:35:53.066 W/System.err( 1822): Caused by: android.system.ErrnoException: isConnected failed: ECONNREFUSED (Connection refused)
07-05 21:35:53.067 W/System.err( 1822): 	at libcore.io.IoBridge.isConnected(IoBridge.java:223)
07-05 21:35:53.067 W/System.err( 1822): 	... 15 more
07-05 21:35:53.068 I/TVMW@devctrl( 1234): wdt
07-05 21:35:53.071 I/CommonUtils( 1822):  object to json {"eventType":"207","srccolumnid":"0","srcgroupid":"10003","APPVersionName":"3.0.0.9.00","original":"1","devid":"86100300900000500000060a4818fca8","uuid":"13287129","APIversion":"501","logversion":"2.0","eventcode":"207000","devType":"0","eventPos":"000","version":"00.002.003","ChannelId":"0","subscriberId":"13287129","PFAPPCode":"652","softwareVersion":"LED50MU8600UC0000888","srcrowid":"1","srceventcode":"232000","mac":"a8:a6:48:18:fc:a8","accessToken":"72DF6038D2AEAB8A76DFBBBBCC428A4A_000986278850247","srctabid":"0","APPPackage":"com.hisense.hicloud.edca","mediaid":"3535","sessionid":"03cf9244fd4e499a8c1e43a4fdb7ba0b","requesttime":"1499261753066","customerId":"7195320","model_id":"0","requestid":"51032690c54b403ca7103bc7cb5e25b3","tv_distribute_id":"00","APIVersion":"600","issysrepo":"1"}
07-05 21:35:53.071 D/DetailPlayActivity( 1822): map=====22222222222======{"eventType":"207","srccolumnid":"0","srcgroupid":"10003","APPVersionName":"3.0.0.9.00","original":"1","devid":"86100300900000500000060a4818fca8","uuid":"13287129","APIversion":"501","logversion":"2.0","eventcode":"207000","devType":"0","eventPos":"000","version":"00.002.003","ChannelId":"0","subscriberId":"13287129","PFAPPCode":"652","softwareVersion":"LED50MU8600UC0000888","srcrowid":"1","srceventcode":"232000","mac":"a8:a6:48:18:fc:a8","accessToken":"72DF6038D2AEAB8A76DFBBBBCC428A4A_000986278850247","srctabid":"0","APPPackage":"com.hisense.hicloud.edca","mediaid":"3535","sessionid":"03cf9244fd4e499a8c1e43a4fdb7ba0b","requesttime":"1499261753066","customerId":"7195320","model_id":"0","requestid":"51032690c54b403ca7103bc7cb5e25b3","tv_distribute_id":"00","APIVersion":"600","issysrepo":"1"}
07-05 21:35:53.073 I/HttpDnsUtils( 1822): detailsPage(): url = http://api.edu.hismarttv.com/medias/api/media/3535?codeType=1002&vender=0&resolutionpolicy=2
07-05 21:35:53.074 D/til@system( 2026): til_get_system_param option:1000007 int:-1815633792, bool:128, ret:0
07-05 21:35:53.075 D/til@system( 2026): til_get_system_param option:1000009 int:-1936522112, bool:128, ret:0
07-05 21:35:53.076 D/til@system( 2026): til_get_system_param option:1000008 int:-1936525184, bool:128, ret:0
07-05 21:35:53.076 D/HttpBuilder( 1822): getOperationDetail-productName : LED50MU8600UC
07-05 21:35:53.076 D/HttpBuilder( 1822): getOperationDetail-plmNumber : 88888
07-05 21:35:53.076 D/HttpBuilder( 1822): getOperationDetail-swVersion : V0000.00.01A
07-05 21:35:53.076 D/HttpBuilder( 1822): getOperationDetail-operationDetail : LED50MU8600UC0000888
07-05 21:35:53.105 I/HttpBuilder( 1822): addUrlPublicParams mUrl ==>http://api.edu.hismarttv.com/medias/api/media/3535?codeType=1002&vender=0&resolutionpolicy=2&uuid=13287129&mac=a8:a6:48:18:fc:a8&devid=86100300900000500000060a4818fca8&version=00.002.003&subscriberId=13287129&customerId=7195320&model_id=0&APPPackage=com.hisense.hicloud.edca&PFAPPCode=652&APPVersionName=3.0.0.9.00&ChannelId=0&softwareVersion=LED50MU8600UC0000888&tv_distribute_id=00&devType=0&APIVersion=600&accessToken=72DF6038D2AEAB8A76DFBBBBCC428A4A_000986278850247
07-05 21:35:53.105 I/HttpBuilder( 1822): addUrlLogParams url ==>http://api.edu.hismarttv.com/medias/api/media/3535?codeType=1002&vender=0&resolutionpolicy=2&uuid=13287129&mac=a8:a6:48:18:fc:a8&devid=86100300900000500000060a4818fca8&version=00.002.003&subscriberId=13287129&customerId=7195320&model_id=0&APPPackage=com.hisense.hicloud.edca&PFAPPCode=652&APPVersionName=3.0.0.9.00&ChannelId=0&softwareVersion=LED50MU8600UC0000888&tv_distribute_id=00&devType=0&APIVersion=600&accessToken=72DF6038D2AEAB8A76DFBBBBCC428A4A_000986278850247&eventType=207&srccolumnid=0&srcgroupid=10003&original=1&APIversion=501&logversion=2.0&eventcode=207000&eventPos=000&srcrowid=1&srceventcode=232000&srctabid=0&mediaid=3535&sessionid=03cf9244fd4e499a8c1e43a4fdb7ba0b&requesttime=1499261753066&requestid=51032690c54b403ca7103bc7cb5e25b3&issysrepo=1
07-05 21:35:53.107 D/HttpHandler( 1822): VerifySignInterCeptor-->request.url()=http://api.edu.hismarttv.com/medias/api/media/3535?codeType=1002&vender=0&resolutionpolicy=2&uuid=13287129&mac=a8:a6:48:18:fc:a8&devid=86100300900000500000060a4818fca8&version=00.002.003&subscriberId=13287129&customerId=7195320&model_id=0&APPPackage=com.hisense.hicloud.edca&PFAPPCode=652&APPVersionName=3.0.0.9.00&ChannelId=0&softwareVersion=LED50MU8600UC0000888&tv_distribute_id=00&devType=0&APIVersion=600&accessToken=72DF6038D2AEAB8A76DFBBBBCC428A4A_000986278850247&eventType=207&srccolumnid=0&srcgroupid=10003&original=1&APIversion=501&logversion=2.0&eventcode=207000&eventPos=000&srcrowid=1&srceventcode=232000&srctabid=0&mediaid=3535&sessionid=03cf9244fd4e499a8c1e43a4fdb7ba0b&requesttime=1499261753066&requestid=51032690c54b403ca7103bc7cb5e25b3&issysrepo=1start=&resolutionpolicy=2&rows=&vender=0&search_key=&typeCode=1002&type=&
07-05 21:35:53.107 D/HttpHandler( 1822): VerifySignInterCeptor-->hostname=api.edu.hismarttv.com
07-05 21:35:53.108 D/HttpHandler( 1822): HttpDNS-->hostname=api.edu.hismarttv.com
07-05 21:35:53.109 D/HttpHandler( 1822): RAMCache-->hostInfo.getClientTimeStamp()=10578601
07-05 21:35:53.109 D/HttpHandler( 1822): RAMCache-->hostInfo.getTtl()=3600
07-05 21:35:53.109 D/HttpHandler( 1822): RAMCache-->SystemClock.elapsedRealtime()=10594681
07-05 21:35:53.113 D/HttpHandler( 1822): DNSHelper-->gslbDns=["123.103.91.123"]
07-05 21:35:53.143 D/OkHttp  ( 1822): --> GET http://api.edu.hismarttv.com/medias/api/media/3535?codeType=1002&vender=0&resolutionpolicy=2&uuid=13287129&mac=a8:a6:48:18:fc:a8&devid=86100300900000500000060a4818fca8&version=00.002.003&subscriberId=13287129&customerId=7195320&model_id=0&APPPackage=com.hisense.hicloud.edca&PFAPPCode=652&APPVersionName=3.0.0.9.00&ChannelId=0&softwareVersion=LED50MU8600UC0000888&tv_distribute_id=00&devType=0&APIVersion=600&accessToken=72DF6038D2AEAB8A76DFBBBBCC428A4A_000986278850247&eventType=207&srccolumnid=0&srcgroupid=10003&original=1&APIversion=501&logversion=2.0&eventcode=207000&eventPos=000&srcrowid=1&srceventcode=232000&srctabid=0&mediaid=3535&sessionid=03cf9244fd4e499a8c1e43a4fdb7ba0b&requesttime=1499261753066&requestid=51032690c54b403ca7103bc7cb5e25b3&issysrepo=1start=&resolutionpolicy=2&rows=&vender=0&search_key=&typeCode=1002&type=& http/1.1
07-05 21:35:53.143 D/OkHttp  ( 1822): Data_Type: JSON
07-05 21:35:53.143 D/OkHttp  ( 1822): RetryTime: 0
07-05 21:35:53.143 D/OkHttp  ( 1822): Backoffmutiplier: 0
07-05 21:35:53.143 D/OkHttp  ( 1822): Host: api.edu.hismarttv.com
07-05 21:35:53.143 D/OkHttp  ( 1822): Connection: Keep-Alive
07-05 21:35:53.143 D/OkHttp  ( 1822): Accept-Encoding: gzip
07-05 21:35:53.143 D/OkHttp  ( 1822): User-Agent: okhttp/3.6.0
07-05 21:35:53.143 D/OkHttp  ( 1822): --> END GET
07-05 21:35:53.180 D/OkHttp  ( 1822): <-- 200 OK http://api.edu.hismarttv.com/medias/api/media/3535?codeType=1002&vender=0&resolutionpolicy=2&uuid=13287129&mac=a8:a6:48:18:fc:a8&devid=86100300900000500000060a4818fca8&version=00.002.003&subscriberId=13287129&customerId=7195320&model_id=0&APPPackage=com.hisense.hicloud.edca&PFAPPCode=652&APPVersionName=3.0.0.9.00&ChannelId=0&softwareVersion=LED50MU8600UC0000888&tv_distribute_id=00&devType=0&APIVersion=600&accessToken=72DF6038D2AEAB8A76DFBBBBCC428A4A_000986278850247&eventType=207&srccolumnid=0&srcgroupid=10003&original=1&APIversion=501&logversion=2.0&eventcode=207000&eventPos=000&srcrowid=1&srceventcode=232000&srctabid=0&mediaid=3535&sessionid=03cf9244fd4e499a8c1e43a4fdb7ba0b&requesttime=1499261753066&requestid=51032690c54b403ca7103bc7cb5e25b3&issysrepo=1start=&resolutionpolicy=2&rows=&vender=0&search_key=&typeCode=1002&type=& (36ms)
07-05 21:35:53.180 D/OkHttp  ( 1822): Server: nginx
07-05 21:35:53.180 D/OkHttp  ( 1822): Date: Wed, 05 Jul 2017 13:35:53 GMT
07-05 21:35:53.180 D/OkHttp  ( 1822): Content-Type: application/json
07-05 21:35:53.180 D/OkHttp  ( 1822): Content-Length: 57924
07-05 21:35:53.180 D/OkHttp  ( 1822): Connection: close
07-05 21:35:53.180 D/OkHttp  ( 1822): <-- END HTTP
07-05 21:35:53.180 D/HttpHandler( 1822): RetryIntercepter-->retryNum=0
07-05 21:35:53.181 D/HttpHandler( 1822): RetryIntercepter-->backoffmutiplier=0
07-05 21:35:53.189 D/DetailPlayActivity.java( 1822): VodLog-[initRemindDialog:352]http://picture.edu.hismarttv.com/images/20151119035938180406.png
07-05 21:35:53.219 W/Activity( 1822): changePanelKeyPadStateIfNecessary() : false
07-05 21:35:53.220 D/HttpHandler( 1822): VerifySignInterCeptor-->request.url()=http://picture.edu.hismarttv.com/images/20151119035917189009.png
07-05 21:35:53.220 V/InputManager( 1822): setPanelKeyPadConvertState() : false
07-05 21:35:53.220 D/HttpHandler( 1822): VerifySignInterCeptor-->hostname=picture.edu.hismarttv.com
07-05 21:35:53.221 I/BaseActivity( 1822): onResume
07-05 21:35:53.221 D/DetailPlayActivity( 1822): ---------------------------onresume
07-05 21:35:53.221 D/OkHttp  ( 1822): --> GET http://picture.edu.hismarttv.com/images/20151119035917189009.png http/1.1
07-05 21:35:53.221 D/HttpHandler( 1822): VerifySignInterCeptor-->request.url()=http://picture.edu.hismarttv.com/images/20151119035723420106.png
07-05 21:35:53.221 D/OkHttp  ( 1822): Host: picture.edu.hismarttv.com
07-05 21:35:53.221 D/HttpHandler( 1822): VerifySignInterCeptor-->hostname=picture.edu.hismarttv.com
07-05 21:35:53.221 D/OkHttp  ( 1822): Connection: Keep-Alive
07-05 21:35:53.221 D/OkHttp  ( 1822): Accept-Encoding: gzip
07-05 21:35:53.221 D/OkHttp  ( 1822): User-Agent: okhttp/3.6.0
07-05 21:35:53.221 D/OkHttp  ( 1822): --> END GET
07-05 21:35:53.222 D/OkHttp  ( 1822): --> GET http://picture.edu.hismarttv.com/images/20151119035723420106.png http/1.1
07-05 21:35:53.222 D/HttpHandler( 1822): VerifySignInterCeptor-->request.url()=http://picture.edu.hismarttv.com/images/20151119035938180406.png
07-05 21:35:53.222 D/HttpHandler( 1822): VerifySignInterCeptor-->hostname=picture.edu.hismarttv.com
07-05 21:35:53.223 D/OkHttp  ( 1822): Host: picture.edu.hismarttv.com
07-05 21:35:53.223 D/OkHttp  ( 1822): Connection: Keep-Alive
07-05 21:35:53.223 D/OkHttp  ( 1822): Accept-Encoding: gzip
07-05 21:35:53.223 D/OkHttp  ( 1822): User-Agent: okhttp/3.6.0
07-05 21:35:53.223 D/OkHttp  ( 1822): --> END GET
07-05 21:35:53.224 D/OkHttp  ( 1822): --> GET http://picture.edu.hismarttv.com/images/20151119035938180406.png http/1.1
07-05 21:35:53.224 D/OkHttp  ( 1822): Host: picture.edu.hismarttv.com
07-05 21:35:53.224 D/OkHttp  ( 1822): Connection: Keep-Alive
07-05 21:35:53.224 D/OkHttp  ( 1822): Accept-Encoding: gzip
07-05 21:35:53.224 D/OkHttp  ( 1822): User-Agent: okhttp/3.6.0
07-05 21:35:53.224 D/OkHttp  ( 1822): --> END GET
07-05 21:35:53.229 V/WindowManager( 1733): Adding window Window{2e9f53bd u0 com.hisense.hicloud.edca/com.hisense.hicloud.edca.mediaplayer.activity.DetailPlayActivity} at 12 of 20 (after Window{26c04da1 u0 com.hisense.hicloud.edca/com.hisense.tvui.newhome.HomeMainActivity})
07-05 21:35:53.235 I/MyFragmentStateAdapter( 1822): getCount
07-05 21:35:53.235 I/MyFragmentStateAdapter( 1822): getCount
07-05 21:35:53.235 I/MyFragmentStateAdapter( 1822): getCount
07-05 21:35:53.235 I/MyFragmentStateAdapter( 1822): getCount
07-05 21:35:53.236 I/FirstLineAdapter( 1822): canShowTrailer,isOffline=false
07-05 21:35:53.236 I/FirstLineAdapter( 1822): canShowTrailer,isOffline=false
07-05 21:35:53.236 I/FirstLineAdapter( 1822): canShowTrailer,isOffline=false
07-05 21:35:53.236 I/FirstLineAdapter( 1822): canShowTrailer,isOffline=false
07-05 21:35:53.236 I/FirstLineAdapter( 1822): canShowTrailer,isOffline=false
07-05 21:35:53.236 I/FirstLineAdapter( 1822): canShowTrailer,isOffline=false
07-05 21:35:53.236 I/FirstLineAdapter( 1822): canShowTrailer,isOffline=false
07-05 21:35:53.236 I/FirstLineAdapter( 1822): canShowTrailer,isOffline=false
07-05 21:35:53.236 I/FirstLineAdapter( 1822): canShowTrailer,isOffline=false
07-05 21:35:53.240 I/MyFragmentStateAdapter( 1822): getCount
07-05 21:35:53.242 D/OkHttp  ( 1822): <-- 200 OK http://picture.edu.hismarttv.com/images/20151119035723420106.png (19ms)
07-05 21:35:53.242 D/OkHttp  ( 1822): Date: Fri, 30 Jun 2017 04:34:22 GMT
07-05 21:35:53.242 D/OkHttp  ( 1822): Server: nginx/1.6.2
07-05 21:35:53.242 D/OkHttp  ( 1822): Content-Type: image/png
07-05 21:35:53.243 D/OkHttp  ( 1822): Content-Length: 11698
07-05 21:35:53.243 D/OkHttp  ( 1822): Last-Modified: Thu, 19 Nov 2015 03:57:23 GMT
07-05 21:35:53.243 D/OkHttp  ( 1822): ETag: "564d48a3-2db2"
07-05 21:35:53.243 D/OkHttp  ( 1822): Accept-Ranges: bytes
07-05 21:35:53.243 D/OkHttp  ( 1822): Age: 464491
07-05 21:35:53.243 D/OkHttp  ( 1822): Via: 1.0 jnwt242:88 (Cdn Cache Server V2.0), 1.0 hwangt167:6 (Cdn Cache Server V2.0), 1.0 t94:4 (Cdn Cache Server V2.0)[0 200 0]
07-05 21:35:53.243 D/OkHttp  ( 1822): Connection: keep-alive
07-05 21:35:53.243 D/OkHttp  ( 1822): <-- END HTTP
07-05 21:35:53.243 D/HttpHandler( 1822): RetryIntercepter-->retryNum=0
07-05 21:35:53.243 D/HttpHandler( 1822): RetryIntercepter-->backoffmutiplier=0
07-05 21:35:53.249 D/OkHttp  ( 1822): <-- 200 OK http://picture.edu.hismarttv.com/images/20151119035938180406.png (24ms)
07-05 21:35:53.249 D/OkHttp  ( 1822): Date: Sun, 02 Jul 2017 09:26:48 GMT
07-05 21:35:53.249 D/OkHttp  ( 1822): Server: nginx/1.6.2
07-05 21:35:53.249 D/OkHttp  ( 1822): Content-Type: image/png
07-05 21:35:53.249 D/OkHttp  ( 1822): Content-Length: 386276
07-05 21:35:53.249 D/OkHttp  ( 1822): Last-Modified: Thu, 19 Nov 2015 03:59:38 GMT
07-05 21:35:53.249 D/OkHttp  ( 1822): ETag: "564d492a-5e4e4"
07-05 21:35:53.249 D/OkHttp  ( 1822): Accept-Ranges: bytes
07-05 21:35:53.249 D/OkHttp  ( 1822): Age: 274145
07-05 21:35:53.249 D/OkHttp  ( 1822): Via: 1.0 hewangtong173:8106 (Cdn Cache Server V2.0), 1.0 zhiwangtong174:5 (Cdn Cache Server V2.0), 1.0 angtong95:1 (Cdn Cache Server V2.0)[0 200 0]
07-05 21:35:53.249 D/OkHttp  ( 1822): Connection: keep-alive
07-05 21:35:53.249 D/OkHttp  ( 1822): <-- END HTTP
07-05 21:35:53.250 D/HttpHandler( 1822): RetryIntercepter-->retryNum=0
07-05 21:35:53.250 D/HttpHandler( 1822): RetryIntercepter-->backoffmutiplier=0
07-05 21:35:53.255 D/HttpHandler( 1822): VerifySignInterCeptor-->dateType=1
07-05 21:35:53.256 D/HttpHandler( 1822): VerifySignInterCeptor-->HttpRequestManager.httpClietOption.getVerifyFlag()=1
07-05 21:35:53.258 I/SurfaceFlinger( 1204): the layer SurfaceView is used to close xc and zorder is smallerest! clear region
07-05 21:35:53.271 D/Surface ( 1733): onStatusChange() : mNativeObject = 547819111936 mUseImageHwRender = false
07-05 21:35:53.271 V/Surface ( 1733): nativeSetHardwareRender() : status = 0
07-05 21:35:53.271 V/Surface ( 1733): nativeSetHardwareRender() : end
07-05 21:35:53.271 D/OsdMonitorService( 1733): mCurrentWindow = com.hisense.hicloud.edca/com.hisense.tvui.newhome.HomeMainActivity; newWindow = com.hisense.hicloud.edca/com.hisense.hicloud.edca.mediaplayer.activity.DetailPlayActivity; isSubWindow = false; isInWinList = false; isExitNow = false
07-05 21:35:53.271 D/OsdMonitorService( 1733): windowNotOsd() : name = com.hisense.hicloud.edca/com.hisense.hicloud.edca.mediaplayer.activity.DetailPlayActivity
07-05 21:35:53.271 I/OsdMonitorService( 1733): setOsdStatus() : status will change from true to true
07-05 21:35:53.273 D/OkHttp  ( 1822): <-- 200 OK http://picture.edu.hismarttv.com/images/20151119035917189009.png (51ms)
07-05 21:35:53.273 D/OkHttp  ( 1822): Date: Fri, 30 Jun 2017 22:57:23 GMT
07-05 21:35:53.273 D/OkHttp  ( 1822): Server: nginx
07-05 21:35:53.274 D/OkHttp  ( 1822): Content-Type: image/png
07-05 21:35:53.274 D/OkHttp  ( 1822): Content-Length: 369052
07-05 21:35:53.274 D/OkHttp  ( 1822): Last-Modified: Thu, 19 Nov 2015 03:59:17 GMT
07-05 21:35:53.274 D/OkHttp  ( 1822): ETag: "564d4915-5a19c"
07-05 21:35:53.274 D/OkHttp  ( 1822): Accept-Ranges: bytes
07-05 21:35:53.274 D/OkHttp  ( 1822): Age: 398310
07-05 21:35:53.274 D/OkHttp  ( 1822): Via: 1.1 xinzhouwangtong42:7 (Cdn Cache Server V2.0), 1.1 t93:8 (Cdn Cache Server V2.0)[23 200 0]
07-05 21:35:53.274 D/OkHttp  ( 1822): Connection: keep-alive
07-05 21:35:53.274 D/OkHttp  ( 1822): <-- END HTTP
07-05 21:35:53.274 D/HttpHandler( 1822): RetryIntercepter-->retryNum=0
07-05 21:35:53.274 D/HttpHandler( 1822): RetryIntercepter-->backoffmutiplier=0
07-05 21:35:53.283 D/PowerManagerService( 1733): setScreenBrightnessOverrideFromWindowManagerInternal done
07-05 21:35:53.284 D/PowerManagerService( 1733): setScreenBrightnessOverrideFromWindowManagerInternal done
07-05 21:35:53.286 D/Surface ( 1733): onStatusChange() : mNativeObject = 0 mUseImageHwRender = false
07-05 21:35:53.292 I/SurfaceFlinger( 1204): the layer SurfaceView is used to close xc and zorder is smallerest! clear region
07-05 21:35:53.292 I/art     ( 1822): Background sticky concurrent mark sweep GC freed 4280(250KB) AllocSpace objects, 1(56KB) LOS objects, 0% free, 40MB/40MB, paused 7.818ms total 37.194ms
07-05 21:35:53.304 D/Surface ( 1822): onStatusChange() : mNativeObject = -539953664 mUseImageHwRender = false
07-05 21:35:53.304 V/Surface ( 1822): nativeSetHardwareRender() : status = 0
07-05 21:35:53.304 V/Surface ( 1822): nativeSetHardwareRender() : end
07-05 21:35:53.308 D/HttpHandler( 1822): VerifySignInterCeptor-->content={"image_post_url": "http://picture.edu.hismarttv.com/images/20170303023652037350.jpg", "system_time": 1499261753, "videos": [{"db_id": 28416, "play_ways": [{"centralized_play_params": null, "fee": 1, "feeSeconds": -1, "startup_type": 1, "video_play_param": "qnKvhzjJHfE4ZZwXEqbKU+ErUMyO6flgvO7nUavjMWahgv8ChKW6k4z0iIiisS1DT5XmRgk9mPT+OwY+rscRJeRWILhnfQ7IurLAb0eWrjLvEyHDoRtXZNLMY7DD1zpUPY9QDbu/7magc7YYzE27USwNgHkhh8uvlb9kFuY3pA8gva/Jd/SQGSshRdJa2R/VohtI5ycPje2qkwEArdReH4KLkyd9v9QI66xXQB55Cuf9wuCleTnr5Kre+6IoL9avpAAFP/Dw3t3ZvQzmSdrZokyupfnL1m8WuDnv8m3bvwvJgfVGDMnHmYzfC6ZKmXYtnAHME4MhpXVmov5lgrHxWFVrGOFHHYaTzILCALaVd0WO9EAcpDHJnm4b7nmk/8WESwCN2/E1tCDGPYQiNYvUXbr0lsCOVz3PHlOGbzTZE25H5wsL1RoaoLatvWRz95lfJgtC1/Xrr8z3JiW5fDfOHazw1QhtKU872iY46P9vjZnEuEd