07-05 23:54:26.926 D/MutilScreenService(14545): Started,ServerSocket:/::----56196
07-05 23:54:26.927 I/TVMW@HsTvSetting( 1234): Trace cmd, data = 0x1058
07-05 23:54:26.928 D/til@system( 2026): til_get_system_param option:100002F int:0, bool:0, ret:0
07-05 23:54:26.928 I/TVMW@HsTvSetting( 1234): Trace cmd, data = 0x101f
07-05 23:54:26.928 D/til@system( 2026): til_get_system_param option:100001D int:3, bool:3, ret:0
07-05 23:54:26.928 E/til     ( 2026): [til_get_current_input_source, 101] 
07-05 23:54:26.928 I/TVMW@HsTvSetting( 1234): Trace cmd, data = 0x7007
07-05 23:54:26.928 I/tilwrapper@sm( 2026): HS2TIL_SourceType *hs=0xd, *til=0x900
07-05 23:54:26.928 D/til     ( 2026): get current source 2304
07-05 23:54:26.928 D/SourceRemoteServiceHandler( 2026): getCurrentInputSource.from.til.result is 0, value is 2304
07-05 23:54:26.928 D/SourceRemoteServiceHandler( 2026): getInputSourceType source: 0x900, type=2304
07-05 23:54:26.928 D/til     ( 2026): ###### func:til_get_picture_param option:0x3000006 ######  
07-05 23:54:26.929 I/TVMW@HsTvSetting( 1234): Trace cmd, data = 0x1003
07-05 23:54:26.929 I/TVMW@HsTvSetting( 1234): Trace cmd, data = 0x8032
07-05 23:54:26.929 I/hstvos  ( 1216): [0m[1;33m[HSHAL][HS_VIDEO][HS_HAL_Video_SetOsdDetect_v2][2389]u16Threshold = 20
07-05 23:54:26.940 E/TVMW@videoctrl( 1234):  getOsd is 1
07-05 23:54:26.940 D/til@system( 2026): til_get_system_param option:1000027 int:1, bool:1, ret:0
07-05 23:54:26.940 D/til     ( 2026): ###### func:til_get_picture_param option:0x3000045 ######  
07-05 23:54:26.941 I/TVMW@HsTvSetting( 1234): Trace cmd, data = 0x300c
07-05 23:54:26.941 I/TVMW@HsTvSetting( 1234): Trace 3d, data = 0x300c
07-05 23:54:26.941 I/TVMW@3d ( 1234): Hs_debug3d_trace: func:get3dStatus, line:109
07-05 23:54:26.942 I/MyFragmentStateAdapter(14545): getCount
07-05 23:54:26.966 D/PowerManagerService( 1733): releaseWakeLockInternal: lock=470075710 [AudioMix], flags=0x0
07-05 23:54:26.966 D/PowerManagerNotifier( 1733): onWakeLockReleased: flags=1, tag="AudioMix", packageName=media, ownerUid=1013, ownerPid=0, workSource=null
07-05 23:54:26.972 I/MiSysSrv( 1214): [37m[INFO] Change to Voltage: 107 mv (0x28)[m
07-05 23:54:26.973 I/MyFragmentStateAdapter(14545): getCount
07-05 23:54:27.000 I/MyFragmentStateAdapter(14545): getCount
07-05 23:54:27.033 I/MyFragmentStateAdapter(14545): getCount
07-05 23:54:27.062 I/MyFragmentStateAdapter(14545): getCount
07-05 23:54:27.069 I/MiSysSrv( 1214): [37m[INFO] Change to Voltage: 102 mv (0x23)[m
07-05 23:54:27.111 I/MyFragmentStateAdapter(14545): getCount
07-05 23:54:27.126 E/HDMI_CEC( 1733): Send Message TO[5] 
07-05 23:54:27.126 E/HDMI_CEC( 1733): OP[0], <Feature Abort> 
07-05 23:54:27.126 E/HDMI_CEC( 1733): ========
07-05 23:54:27.164 I/MyFragmentStateAdapter(14545): getCount
07-05 23:54:27.169 I/MiSysSrv( 1214): [37m[INFO] Change to Voltage: 117 mv (0x32)[m
07-05 23:54:27.177 D/PowerManagerService( 1733): acquireWakeLockInternal: lock=113832109, flags=0x1, tag="NetworkStats", ws=null, uid=1000, pid=1733
07-05 23:54:27.177 D/PowerManagerNotifier( 1733): onWakeLockAcquired: flags=1, tag="NetworkStats", packageName=android, ownerUid=1000, ownerPid=1733, workSource=null
07-05 23:54:27.177 D/NtpTrustedTime( 1733): currentTimeMillis() cache hit
07-05 23:54:27.191 D/NtpTrustedTime( 1733): currentTimeMillis() cache hit
07-05 23:54:27.194 D/NtpTrustedTime( 1733): currentTimeMillis() cache hit
07-05 23:54:27.194 D/NtpTrustedTime( 1733): currentTimeMillis() cache hit
07-05 23:54:27.195 D/PowerManagerService( 1733): releaseWakeLockInternal: lock=113832109 [NetworkStats], flags=0x0
07-05 23:54:27.195 D/PowerManagerNotifier( 1733): onWakeLockReleased: flags=1, tag="NetworkStats", packageName=android, ownerUid=1000, ownerPid=1733, workSource=null
07-05 23:54:27.197 E/HDMI_CEC( 1733): MI_CEC_SendTxPolling, ErrCode[4] 
07-05 23:54:27.217 I/MyFragmentStateAdapter(14545): getCount
07-05 23:54:27.231 E/HDMI_CEC( 1733): Sending message can't be response. 
07-05 23:54:27.244 I/MyFragmentStateAdapter(14545): getCount
07-05 23:54:27.263 I/MyFragmentStateAdapter(14545): getCount
07-05 23:54:27.270 I/MiSysSrv( 1214): [37m[INFO] Change to Voltage: 112 mv (0x2D)[m
07-05 23:54:27.291 I/MyFragmentStateAdapter(14545): getCount
07-05 23:54:27.369 I/MyFragmentStateAdapter(14545): getCount
07-05 23:54:27.369 I/MiSysSrv( 1214): [37m[INFO] Change to Voltage: 112 mv (0x2D)[m
07-05 23:54:27.371 I/TVMW@devctrl( 1234): wdt
07-05 23:54:27.398 I/MyFragmentStateAdapter(14545): getCount
07-05 23:54:27.442 I/TVMW@HsTvSetting( 1234): Trace cmd, data = 0x1058
07-05 23:54:27.442 D/til@system( 2026): til_get_system_param option:100002F int:0, bool:0, ret:0
07-05 23:54:27.442 I/TVMW@HsTvSetting( 1234): Trace cmd, data = 0x101f
07-05 23:54:27.443 D/til@system( 2026): til_get_system_param option:100001D int:3, bool:3, ret:0
07-05 23:54:27.443 E/til     ( 2026): [til_get_current_input_source, 101] 
07-05 23:54:27.443 I/TVMW@HsTvSetting( 1234): Trace cmd, data = 0x7007
07-05 23:54:27.443 I/tilwrapper@sm( 2026): HS2TIL_SourceType *hs=0xd, *til=0x900
07-05 23:54:27.443 D/til     ( 2026): get current source 2304
07-05 23:54:27.443 D/SourceRemoteServiceHandler( 2026): getCurrentInputSource.from.til.result is 0, value is 2304
07-05 23:54:27.443 D/SourceRemoteServiceHandler( 2026): getInputSourceType source: 0x900, type=2304
07-05 23:54:27.443 D/til     ( 2026): ###### func:til_get_picture_param option:0x3000006 ######  
07-05 23:54:27.443 I/TVMW@HsTvSetting( 1234): Trace cmd, data = 0x1003
07-05 23:54:27.443 I/TVMW@HsTvSetting( 1234): Trace cmd, data = 0x8032
07-05 23:54:27.444 E/TVMW@videoctrl( 1234):  getOsd is 1
07-05 23:54:27.444 D/til@system( 2026): til_get_system_param option:1000027 int:1, bool:1, ret:0
07-05 23:54:27.444 D/til     ( 2026): ###### func:til_get_picture_param option:0x3000045 ######  
07-05 23:54:27.444 I/TVMW@HsTvSetting( 1234): Trace cmd, data = 0x300c
07-05 23:54:27.444 I/TVMW@HsTvSetting( 1234): Trace 3d, data = 0x300c
07-05 23:54:27.444 I/TVMW@3d ( 1234): Hs_debug3d_trace: func:get3dStatus, line:109
07-05 23:54:27.448 I/hstvos  ( 1216): [0m[1;33m[HSHAL][HS_VIDEO][HS_HAL_Video_SetOsdDetect_v2][2389]u16Threshold = 20
07-05 23:54:27.471 I/MiSysSrv( 1214): [37m[INFO] Change to Voltage: 117 mv (0x32)[m
07-05 23:54:27.491 I/MyFragmentStateAdapter(14545): getCount
07-05 23:54:27.506 I/NetflixMonitorService( 1733): current fgapk : com.hisense.hicloud.edca
07-05 23:54:27.506 I/NetflixMonitorService( 1733): Netflix status unchanged
07-05 23:54:27.527 I/MyFragmentStateAdapter(14545): getCount
07-05 23:54:27.552 I/MyFragmentStateAdapter(14545): getCount
07-05 23:54:27.569 I/MiSysSrv( 1214): [37m[INFO] Change to Voltage: 112 mv (0x2D)[m
07-05 23:54:27.581 I/MyFragmentStateAdapter(14545): getCount
07-05 23:54:27.600 I/MyFragmentStateAdapter(14545): getCount
07-05 23:54:27.628 I/MyFragmentStateAdapter(14545): getCount
07-05 23:54:27.651 I/MyFragmentStateAdapter(14545): getCount
07-05 23:54:27.669 I/MiSysSrv( 1214): [37m[INFO] Change to Voltage: 102 mv (0x23)[m
07-05 23:54:27.683 I/MyFragmentStateAdapter(14545): getCount
07-05 23:54:27.720 I/MyFragmentStateAdapter(14545): getCount
07-05 23:54:27.754 I/MyFragmentStateAdapter(14545): getCount
07-05 23:54:27.783 I/MyFragmentStateAdapter(14545): getCount
07-05 23:54:27.817 D/MSTAR_VDEC_DBG( 1206): Stream ID: 0, Rate : 24 (E:0,D:0,S:0,F:50) 
07-05 23:54:27.828 I/MyFragmentStateAdapter(14545): getCount
07-05 23:54:27.856 I/MyFragmentStateAdapter(14545): getCount
07-05 23:54:27.888 I/MyFragmentStateAdapter(14545): getCount
07-05 23:54:27.914 I/MyFragmentStateAdapter(14545): getCount
07-05 23:54:27.936 I/art     (14508): Background sticky concurrent mark sweep GC freed 13199(699KB) AllocSpace objects, 0(0B) LOS objects, 39% free, 1023KB/1682KB, paused 14.936ms total 27.957ms
07-05 23:54:27.945 I/TVMW@HsTvSetting( 1234): Trace cmd, data = 0x1058
07-05 23:54:27.946 D/til@system( 2026): til_get_system_param option:100002F int:0, bool:0, ret:0
07-05 23:54:27.946 I/TVMW@HsTvSetting( 1234): Trace cmd, data = 0x101f
07-05 23:54:27.946 D/til@system( 2026): til_get_system_param option:100001D int:3, bool:3, ret:0
07-05 23:54:27.946 E/til     ( 2026): [til_get_current_input_source, 101] 
07-05 23:54:27.946 I/TVMW@HsTvSetting( 1234): Trace cmd, data = 0x7007
07-05 23:54:27.946 I/tilwrapper@sm( 2026): HS2TIL_SourceType *hs=0xd, *til=0x900
07-05 23:54:27.946 D/til     ( 2026): get current source 2304
07-05 23:54:27.946 D/SourceRemoteServiceHandler( 2026): getCurrentInputSource.from.til.result is 0, value is 2304
07-05 23:54:27.946 D/SourceRemoteServiceHandler( 2026): getInputSourceType source: 0x900, type=2304
07-05 23:54:27.946 D/til     ( 2026): ###### func:til_get_picture_param option:0x3000006 ######  
07-05 23:54:27.946 I/TVMW@HsTvSetting( 1234): Trace cmd, data = 0x1003
07-05 23:54:27.947 I/TVMW@HsTvSetting( 1234): Trace cmd, data = 0x8032
07-05 23:54:27.947 I/hstvos  ( 1216): [0m[1;33m[HSHAL][HS_VIDEO][HS_HAL_Video_SetOsdDetect_v2][2389]u16Threshold = 20
07-05 23:54:27.948 E/TVMW@videoctrl( 1234):  getOsd is 1
07-05 23:54:27.948 D/til@system( 2026): til_get_system_param option:1000027 int:1, bool:1, ret:0
07-05 23:54:27.948 D/til     ( 2026): ###### func:til_get_picture_param option:0x3000045 ######  
07-05 23:54:27.948 I/TVMW@HsTvSetting( 1234): Trace cmd, data = 0x300c
07-05 23:54:27.948 I/TVMW@HsTvSetting( 1234): Trace 3d, data = 0x300c
07-05 23:54:27.948 I/TVMW@3d ( 1234): Hs_debug3d_trace: func:get3dStatus, line:109
07-05 23:54:27.950 I/MyFragmentStateAdapter(14545): getCount
07-05 23:54:27.979 I/MyFragmentStateAdapter(14545): getCount
07-05 23:54:28.015 I/MyFragmentStateAdapter(14545): getCount
07-05 23:54:28.027 D/PowerManagerService( 1733): acquireWakeLockInternal: lock=113832109, flags=0x1, tag="NetworkStats", ws=null, uid=1000, pid=1733
07-05 23:54:28.027 D/PowerManagerNotifier( 1733): onWakeLockAcquired: flags=1, tag="NetworkStats", packageName=android, ownerUid=1000, ownerPid=1733, workSource=null
07-05 23:54:28.027 D/NtpTrustedTime( 1733): currentTimeMillis() cache hit
07-05 23:54:28.037 D/NtpTrustedTime( 1733): currentTimeMillis() cache hit
07-05 23:54:28.037 D/PowerManagerService( 1733): releaseWakeLockInternal: lock=113832109 [NetworkStats], flags=0x0
07-05 23:54:28.038 D/PowerManagerNotifier( 1733): onWakeLockReleased: flags=1, tag="NetworkStats", packageName=android, ownerUid=1000, ownerPid=1733, workSource=null
07-05 23:54:28.040 D/NtpTrustedTime( 1733): currentTimeMillis() cache hit
07-05 23:54:28.040 D/NtpTrustedTime( 1733): currentTimeMillis() cache hit
07-05 23:54:28.067 I/MyFragmentStateAdapter(14545): getCount
07-05 23:54:28.099 I/MyFragmentStateAdapter(14545): getCount
07-05 23:54:28.144 I/MyFragmentStateAdapter(14545): getCount
07-05 23:54:28.158 I/art     (14508): Background sticky concurrent mark sweep GC freed 11338(600KB) AllocSpace objects, 0(0B) LOS objects, 42% free, 960KB/1682KB, paused 6.151ms total 27.268ms
07-05 23:54:28.183 D/HDMI    ( 1733): [P]:AllocatedAddress=[]
07-05 23:54:28.196 I/MyFragmentStateAdapter(14545): getCount
07-05 23:54:28.226 I/MyFragmentStateAdapter(14545): getCount
07-05 23:54:28.259 I/MyFragmentStateAdapter(14545): getCount
07-05 23:54:28.272 I/TVMW@devctrl( 1234): wdt
07-05 23:54:28.289 I/MyFragmentStateAdapter(14545): getCount
07-05 23:54:28.335 I/MyFragmentStateAdapter(14545): getCount
07-05 23:54:28.369 I/MyFragmentStateAdapter(14545): getCount
07-05 23:54:28.403 I/MyFragmentStateAdapter(14545): getCount
07-05 23:54:28.430 I/MyFragmentStateAdapter(14545): getCount
07-05 23:54:28.450 I/TVMW@HsTvSetting( 1234): Trace cmd, data = 0x1058
07-05 23:54:28.450 D/til@system( 2026): til_get_system_param option:100002F int:0, bool:0, ret:0
07-05 23:54:28.450 I/TVMW@HsTvSetting( 1234): Trace cmd, data = 0x101f
07-05 23:54:28.451 D/til@system( 2026): til_get_system_param option:100001D int:3, bool:3, ret:0
07-05 23:54:28.451 E/til     ( 2026): [til_get_current_input_source, 101] 
07-05 23:54:28.451 I/TVMW@HsTvSetting( 1234): Trace cmd, data = 0x7007
07-05 23:54:28.451 I/tilwrapper@sm( 2026): HS2TIL_SourceType *hs=0xd, *til=0x900
07-05 23:54:28.451 D/til     ( 2026): get current source 2304
07-05 23:54:28.451 D/SourceRemoteServiceHandler( 2026): getCurrentInputSource.from.til.result is 0, value is 2304
07-05 23:54:28.451 D/SourceRemoteServiceHandler( 2026): getInputSourceType source: 0x900, type=2304
07-05 23:54:28.451 D/til     ( 2026): ###### func:til_get_picture_param option:0x3000006 ######  
07-05 23:54:28.451 I/TVMW@HsTvSetting( 1234): Trace cmd, data = 0x1003
07-05 23:54:28.452 I/TVMW@HsTvSetting( 1234): Trace cmd, data = 0x8032
07-05 23:54:28.452 I/hstvos  ( 1216): [0m[1;33m[HSHAL][HS_VIDEO][HS_HAL_Video_SetOsdDetect_v2][2389]u16Threshold = 20
07-05 23:54:28.453 E/TVMW@videoctrl( 1234):  getOsd is 1
07-05 23:54:28.454 D/til@system( 2026): til_get_system_param option:1000027 int:1, bool:1, ret:0
07-05 23:54:28.454 D/til     ( 2026): ###### func:til_get_picture_param option:0x3000045 ######  
07-05 23:54:28.454 I/TVMW@HsTvSetting( 1234): Trace cmd, data = 0x300c
07-05 23:54:28.454 I/TVMW@HsTvSetting( 1234): Trace 3d, data = 0x300c
07-05 23:54:28.454 I/TVMW@3d ( 1234): Hs_debug3d_trace: func:get3dStatus, line:109
07-05 23:54:28.507 I/NetflixMonitorService( 1733): current fgapk : com.hisense.hicloud.edca
07-05 23:54:28.507 I/NetflixMonitorService( 1733): Netflix status unchanged
07-05 23:54:28.547 I/MyFragmentStateAdapter(14545): getCount
07-05 23:54:28.593 I/MyFragmentStateAdapter(14545): getCount
07-05 23:54:28.635 I/MyFragmentStateAdapter(14545): getCount
07-05 23:54:28.665 I/MyFragmentStateAdapter(14545): getCount
07-05 23:54:28.677 E/btif_config( 2964): [btif_config_get] node is TRUE!
07-05 23:54:28.677 E/btif_config( 2964): [btif_config_get] ret is TRUE!
07-05 23:54:28.698 I/MyFragmentStateAdapter(14545): getCount
07-05 23:54:28.728 I/art     (14545): Background partial concurrent mark sweep GC freed 41733(1484KB) AllocSpace objects, 1(47KB) LOS objects, 13% free, 26MB/30MB, paused 7.281ms total 173.352ms
07-05 23:54:28.741 I/MyFragmentStateAdapter(14545): getCount
07-05 23:54:28.770 I/MyFragmentStateAdapter(14545): getCount
07-05 23:54:28.802 I/MyFragmentStateAdapter(14545): getCount
07-05 23:54:28.818 D/MSTAR_VDEC_DBG( 1206): Stream ID: 0, Rate : 23 (E:0,D:0,S:0,F:74) 
07-05 23:54:28.852 I/MyFragmentStateAdapter(14545): getCount
07-05 23:54:28.893 I/MyFragmentStateAdapter(14545): getCount
07-05 23:54:28.896 D/PowerManagerService( 1733): acquireWakeLockInternal: lock=113832109, flags=0x1, tag="NetworkStats", ws=null, uid=1000, pid=1733
07-05 23:54:28.897 D/PowerManagerNotifier( 1733): onWakeLockAcquired: flags=1, tag="NetworkStats", packageName=android, ownerUid=1000, ownerPid=1733, workSource=null
07-05 23:54:28.897 D/NtpTrustedTime( 1733): currentTimeMillis() cache hit
07-05 23:54:28.919 D/NtpTrustedTime( 1733): currentTimeMillis() cache hit
07-05 23:54:28.924 D/PowerManagerService( 1733): releaseWakeLockInternal: lock=113832109 [NetworkStats], flags=0x0
07-05 23:54:28.925 D/NtpTrustedTime( 1733): currentTimeMillis() cache hit
07-05 23:54:28.925 D/NtpTrustedTime( 1733): currentTimeMillis() cache hit
07-05 23:54:28.928 D/PowerManagerNotifier( 1733): onWakeLockReleased: flags=1, tag="NetworkStats", packageName=android, ownerUid=1000, ownerPid=1733, workSource=null
07-05 23:54:28.935 I/MyFragmentStateAdapter(14545): getCount
07-05 23:54:28.962 I/TVMW@HsTvSetting( 1234): Trace cmd, data = 0x1058
07-05 23:54:28.962 D/til@system( 2026): til_get_system_param option:100002F int:0, bool:0, ret:0
07-05 23:54:28.962 I/TVMW@HsTvSetting( 1234): Trace cmd, data = 0x101f
07-05 23:54:28.963 D/til@system( 2026): til_get_system_param option:100001D int:3, bool:3, ret:0
07-05 23:54:28.963 E/til     ( 2026): [til_get_current_input_source, 101] 
07-05 23:54:28.963 I/TVMW@HsTvSetting( 1234): Trace cmd, data = 0x7007
07-05 23:54:28.968 I/tilwrapper@sm( 2026): HS2TIL_SourceType *hs=0xd, *til=0x900
07-05 23:54:28.968 D/til     ( 2026): get current source 2304
07-05 23:54:28.969 D/SourceRemoteServiceHandler( 2026): getCurrentInputSource.from.til.result is 0, value is 2304
07-05 23:54:28.969 D/SourceRemoteServiceHandler( 2026): getInputSourceType source: 0x900, type=2304
07-05 23:54:28.969 D/til     ( 2026): ###### func:til_get_picture_param option:0x3000006 ######  
07-05 23:54:28.969 I/TVMW@HsTvSetting( 1234): Trace cmd, data = 0x1003
07-05 23:54:28.969 I/TVMW@HsTvSetting( 1234): Trace cmd, data = 0x8032
07-05 23:54:28.970 I/hstvos  ( 1216): [0m[1;33m[HSHAL][HS_VIDEO][HS_HAL_Video_SetOsdDetect_v2][2389]u16Threshold = 20
07-05 23:54:28.971 E/TVMW@videoctrl( 1234):  getOsd is 1
07-05 23:54:28.971 D/til@system( 2026): til_get_system_param option:1000027 int:1, bool:1, ret:0
07-05 23:54:28.972 D/til     ( 2026): ###### func:til_get_picture_param option:0x3000045 ######  
07-05 23:54:28.972 I/TVMW@HsTvSetting( 1234): Trace cmd, data = 0x300c
07-05 23:54:28.972 I/TVMW@HsTvSetting( 1234): Trace 3d, data = 0x300c
07-05 23:54:28.972 I/TVMW@3d ( 1234): Hs_debug3d_trace: func:get3dStatus, line:109
07-05 23:54:28.989 I/MyFragmentStateAdapter(14545): getCount
07-05 23:54:29.030 I/MyFragmentStateAdapter(14545): getCount
07-05 23:54:29.062 I/MyFragmentStateAdapter(14545): getCount
07-05 23:54:29.111 I/MyFragmentStateAdapter(14545): getCount
07-05 23:54:29.113 D/GlobalInputEventMonitoringService( 1733): interceptKeyBeforeQueueing(), event:22, mNeedMonitorKeyEvent:true, mWaitForKeyUpEvent:false
07-05 23:54:29.113 D/GlobalInputEventMonitoringService( 1733): processKeyEvent(), processKeyEvent event:22
07-05 23:54:29.114 D/WindowManager( 1733): interceptKeyTq keycode=22 interactive=true keyguardActive=false policyFlags=2b000000 isCancled= false
07-05 23:54:29.114 D/PowerManagerService( 1733): userActivityNoUpdateLocked: eventTime=18910683, event=1, flags=0x0, uid=1000
07-05 23:54:29.114 D/WindowManager( 1733): interceptKeyTi keyCode=22 down=true repeatCount=0 keyguardOn=false mHomePressed=false canceled=false
07-05 23:54:29.114 D/WindowManager( 1733): Hisense systemkey event: 22
07-05 23:54:29.115 D/HisenseGlobalKeyManager( 1733): handleGlobalKey() : Global event = KeyEvent { action=ACTION_DOWN, keyCode=KEYCODE_DPAD_RIGHT, scanCode=0, metaState=0, flags=0x0, repeatCount=0, eventTime=18910683, downTime=18910683, deviceId=-1, source=0x101 }
07-05 23:54:29.141 D/SogouIME( 2203): [onKeyDown] keycode = 22 model = VIDAA_TV
07-05 23:54:29.156 I/MyFragmentStateAdapter(14545): getCount
07-05 23:54:29.173 I/TVMW@devctrl( 1234): wdt
07-05 23:54:29.195 D/Carousel-CarouselDisplayPlayerLayout(14545): HasFocus:false,keyCode:22
07-05 23:54:29.195 D/Carousel-CarouselDisplayPlayerLayout(14545): isFullScreen:false
07-05 23:54:29.195 I/HomeMainActivity(14545): carousel handle key:false
07-05 23:54:29.196 I/MainHomeView(14545): dispatchKeyEvent ACTION_DOWN now 
07-05 23:54:29.196 I/TabView (14545): onKeyListener() ACTION_DOWN keyCode -- 22
07-05 23:54:29.196 I/SoftFragmentList(14545): fetchCacheFragment  enter ---- index = 2
07-05 23:54:29.196 D/SoftFragmentList(14545): fetchCacheFragment  mFragmentCache.size() = 3
07-05 23:54:29.200 D/SoftFragmentList(14545): fetchCacheFragment mLastIndex = 2, view = 
07-05 23:54:29.200 I/BaseContentFragment(14545): initChildFocustrue,recyclerview=com.hisense.leanback.widget.VerticalGridView{1c60120a VFED.... ........ 0,0-1768,1080 #7f0d02c8 app:id/recyclerview_content}====---mIsVisibleToUser:true-------
07-05 23:54:29.202 D/til@system( 2026): til_get_system_param option:1000007 int:-1936522368, bool:128, ret:0
07-05 23:54:29.203 D/til@system( 2026): til_get_system_param option:1000009 int:-1815634176, bool:0, ret:0
07-05 23:54:29.207 D/til@system( 2026): til_get_system_param option:1000008 int:-1936522112, bool:128, ret:0
07-05 23:54:29.207 D/HiSDKLogReport(14545): getOperationDetail-productName : LED50MU8600UC
07-05 23:54:29.207 D/HiSDKLogReport(14545): getOperationDetail-plmNumber : 88888
07-05 23:54:29.207 D/HiSDKLogReport(14545): getOperationDetail-swVersion : V0000.00.01A
07-05 23:54:29.207 D/HiSDKLogReport(14545): getOperationDetail-operationDetail : LED50MU8600UC0000888
07-05 23:54:29.208 D/HiSDKLogReport(14545): businessLogReport-log : {eventType=232, APPVersionName=3.0.0.9.00, devid=86100300900000500000060a4818fca8, rowid=-1, uuid=13287129, APIversion=501, eventcode=232000, logversion=2.0, columnid=-1, devType=0, eventPos=000, groupid=-1, ChannelId=0, version=00.002.003, subscriberId=13287129, PFAPPCode=652, tabid=0, softwareVersion=LED50MU8600UC0000888, srceventcode=201000, mac=a8:a6:48:18:fc:a8, accessToken=72DF6038D2AEAB8A76DFBBBBCC428A4A_002395564730399, srctabid=0, APPPackage=com.hisense.hicloud.edca, sessionid=1e91c6ff141b4454841b3156b27c05f8, requesttime=1499270069207, customerId=7195320, model_id=0, requestid=aa7c3a6303144f82913cd9f9cdcca8cb, tv_distribute_id=00, APIVersion=600, issysrepo=0}
07-05 23:54:29.208 D/BaseContentFragment(14545): initChildFocus firstlineview===>:com.hisense.tvui.newhome.view.SpecialFirstView{1c2db185 V.E..... ........ 10,185-1748,691}
07-05 23:54:29.208 D/setHistoryRequestFocus(14545): ===>false
07-05 23:54:29.209 I/FirstlineLayoutManager(14545): left=0,width=1738,scroll Distance=-1488
07-05 23:54:29.209 I/BaseContentFragment(14545): setRowViewSelectedViewHolder{2ef72cd2 position=0 id=-1, oldPos=-1, pLpos:-1},isSelectedfalse
07-05 23:54:29.209 I/BaseContentFragment(14545): setRowViewSelectedViewHolder{24b3c1c9 position=1 id=-1, oldPos=-1, pLpos:-1},isSelectedtrue
07-05 23:54:29.209 I/RoleContentFragment(14545): onChildSelected:1,lastPos=0
07-05 23:54:29.211 I/TabView (14545): onfocuschange:false
07-05 23:54:29.211 D/TabView (14545): icon---:2
07-05 23:54:29.211 E/TabView (14545): 
07-05 23:54:29.222 D/CommonHeader(14545): onTabStatusChanged tabstatus===>:40000
07-05 23:54:29.235 D/GlobalInputEventMonitoringService( 1733): interceptKeyBeforeQueueing(), event:22, mNeedMonitorKeyEvent:true, mWaitForKeyUpEvent:false
07-05 23:54:29.235 D/GlobalInputEventMonitoringService( 1733): processKeyEvent(), processKeyEvent event:22
07-05 23:54:29.235 D/WindowManager( 1733): interceptKeyTq keycode=22 interactive=true keyguardActive=false policyFlags=2b000000 isCancled= false
07-05 23:54:29.236 D/WindowManager( 1733): interceptKeyTi keyCode=22 down=false repeatCount=0 keyguardOn=false mHomePressed=false canceled=false
07-05 23:54:29.236 D/WindowManager( 1733): Hisense systemkey event: 22
07-05 23:54:29.236 D/HisenseGlobalKeyManager( 1733): handleGlobalKey() : Global event = KeyEvent { action=ACTION_UP, keyCode=KEYCODE_DPAD_RIGHT, scanCode=0, metaState=0, flags=0x0, repeatCount=0, eventTime=18910683, downTime=18910683, deviceId=-1, source=0x101 }
07-05 23:54:29.241 W/System.err(14545): java.net.ConnectException: failed to connect to /10.18.210.112 (port 8900) after 6000ms: isConnected failed: ECONNREFUSED (Connection refused)
07-05 23:54:29.241 W/System.err(14545): 	at libcore.io.IoBridge.isConnected(IoBridge.java:238)
07-05 23:54:29.241 W/System.err(14545): 	at libcore.io.IoBridge.connectErrno(IoBridge.java:171)
07-05 23:54:29.241 W/System.err(14545): 	at libcore.io.IoBridge.connect(IoBridge.java:122)
07-05 23:54:29.241 W/System.err(14545): 	at java.net.PlainSocketImpl.connect(PlainSocketImpl.java:183)
07-05 23:54:29.241 W/System.err(14545): 	at java.net.PlainSocketImpl.connect(PlainSocketImpl.java:456)
07-05 23:54:29.241 W/System.err(14545): 	at java.net.Socket.connect(Socket.java:882)
07-05 23:54:29.241 W/System.err(14545): 	at com.android.okhttp.internal.Platform.connectSocket(Platform.java:174)
07-05 23:54:29.241 W/System.err(14545): 	at com.android.okhttp.Connection.connect(Connection.java:152)
07-05 23:54:29.241 W/System.err(14545): 	at com.android.okhttp.internal.http.HttpEngine.connect(HttpEngine.java:276)
07-05 23:54:29.241 W/System.err(14545): 	at com.android.okhttp.internal.http.HttpEngine.sendRequest(HttpEngine.java:211)
07-05 23:54:29.241 W/System.err(14545): 	at com.android.okhttp.internal.http.HttpURLConnectionImpl.execute(HttpURLConnectionImpl.java:382)
07-05 23:54:29.242 W/System.err(14545): 	at com.android.okhttp.internal.http.HttpURLConnectionImpl.connect(HttpURLConnectionImpl.java:106)
07-05 23:54:29.242 W/System.err(14545): 	at com.hisense.hitv.hicloud.util.ExceptionReport.a(ExceptionReport.java:337)
07-05 23:54:29.242 W/System.err(14545): 	at com.hisense.hitv.hicloud.util.ExceptionReport.a(ExceptionReport.java:39)
07-05 23:54:29.242 W/System.err(14545): 	at com.hisense.hitv.hicloud.util.ExceptionReport$1.run(ExceptionReport.java:83)
07-05 23:54:29.242 W/System.err(14545): 	at java.lang.Thread.run(Thread.java:818)
07-05 23:54:29.243 W/System.err(14545): Caused by: android.system.ErrnoException: isConnected failed: ECONNREFUSED (Connection refused)
07-05 23:54:29.243 W/System.err(14545): 	at libcore.io.IoBridge.isConnected(IoBridge.java:223)
07-05 23:54:29.243 W/System.err(14545): 	... 15 more
07-05 23:54:29.247 I/MyFragmentStateAdapter(14545): getCount
07-05 23:54:29.253 D/HttpHandler(14545): VerifySignInterCeptor-->request.url()=http://picture.edu.hismarttv.com/images/20170628121925625089.png
07-05 23:54:29.253 D/HttpHandler(14545): VerifySignInterCeptor-->hostname=picture.edu.hismarttv.com
07-05 23:54:29.266 I/HLSP2P  ( 8437): ## 2017-07-05 23:54:29.266 [8437,8736,:0] INFO ## [HLSP2P][DownloadManager.cpp:35][INFO][TryExtendCacheSize]system memory total size : 1912M, free size : 351M, cache add to 30MB
07-05 23:54:29.282 I/MiSysSrv( 1214): [37m[INFO] Change to Voltage: 117 mv (0x32)[m
07-05 23:54:29.291 D/OkHttp  (14545): --> GET http://picture.edu.hismarttv.com/images/20170628121925625089.png http/1.1
07-05 23:54:29.292 D/OkHttp  (14545): Host: picture.edu.hismarttv.com
07-05 23:54:29.292 D/OkHttp  (14545): Connection: Keep-Alive
07-05 23:54:29.292 D/OkHttp  (14545): Accept-Encoding: gzip
07-05 23:54:29.292 D/OkHttp  (14545): User-Agent: okhttp/3.6.0
07-05 23:54:29.292 D/OkHttp  (14545): --> END GET
07-05 23:54:29.301 D/TabView (14545): 
07-05 23:54:29.302 D/TabView (14545): 
07-05 23:54:29.305 D/TabView (14545): 
07-05 23:54:29.306 D/TabView (14545): 
07-05 23:54:29.307 D/TabView (14545): 
07-05 23:54:29.308 D/TabView (14545): 
07-05 23:54:29.309 D/TabView (14545): 
07-05 23:54:29.311 D/TabView (14545): 
07-05 23:54:29.312 D/TabView (14545): 
07-05 23:54:29.312 D/OkHttp  (14545): <-- 200 OK http://picture.edu.hismarttv.com/images/20170628121925625089.png (20ms)
07-05 23:54:29.312 D/OkHttp  (14545): Date: Tue, 04 Jul 2017 02:16:20 GMT
07-05 23:54:29.312 D/OkHttp  (14545): Server: nginx
07-05 23:54:29.312 D/OkHttp  (14545): Content-Type: image/png
07-05 23:54:29.312 D/OkHttp  (14545): Content-Length: 3689
07-05 23:54:29.312 D/OkHttp  (14545): Last-Modified: Wed, 28 Jun 2017 12:19:25 GMT
07-05 23:54:29.312 D/OkHttp  (14545): ETag: "59539ecd-e69"
07-05 23:54:29.312 D/OkHttp  (14545): Accept-Ranges: bytes
07-05 23:54:29.312 D/OkHttp  (14545): Age: 135489
07-05 23:54:29.312 D/OkHttp  (14545): Via: 1.1 jnwt241:0 (Cdn Cache Server V2.0)[4 200 0], 1.1 angtong92:5 (Cdn Cache Server V2.0)[0 200 0]
07-05 23:54:29.312 D/OkHttp  (14545): Connection: keep-alive
07-05 23:54:29.312 D/OkHttp  (14545): <-- END HTTP
07-05 23:54:29.313 D/HttpHandler(14545): RetryIntercepter-->retryNum=0
07-05 23:54:29.313 D/HttpHandler(14545): RetryIntercepter-->backoffmutiplier=0
07-05 23:54:29.314 D/TabView (14545): 
07-05 23:54:29.318 D/TabView (14545): 
07-05 23:54:29.320 D/TabView (14545): 
07-05 23:54:29.322 D/TabView (14545): 
07-05 23:54:29.323 D/TabView (14545): 
07-05 23:54:29.324 D/TabView (14545): 
07-05 23:54:29.325 D/TabView (14545): 
07-05 23:54:29.326 I/MyFragmentStateAdapter(14545): getCount
07-05 23:54:29.326 I/MyFragmentStateAdapter(14545): getCount
07-05 23:54:29.326 D/TabView (14545): 
07-05 23:54:29.327 D/TabView (14545): 
07-05 23:54:29.328 D/TabView (14545): 
07-05 23:54:29.329 D/TabView (14545): 
07-05 23:54:29.330 D/TabView (14545): 
07-05 23:54:29.331 D/TabView (14545): 
07-05 23:54:29.332 D/TabView (14545): 
07-05 23:54:29.333 D/TabView (14545): 
07-05 23:54:29.334 D/TabView (14545): 
07-05 23:54:29.340 D/TabView (14545): 
07-05 23:54:29.341 D/TabView (14545): 
07-05 23:54:29.342 D/TabView (14545): 
07-05 23:54:29.343 D/TabView (14545): 
07-05 23:54:29.343 D/TabView (14545): 
07-05 23:54:29.344 D/TabView (14545): 
07-05 23:54:29.344 D/TabView (14545): 
07-05 23:54:29.345 I/MyFragmentStateAdapter(14545): getCount
07-05 23:54:29.345 I/MyFragmentStateAdapter(14545): getCount
07-05 23:54:29.354 I/TabView (14545): onScroll:,firstItem=0,visibleCount=6,totalCount=10
07-05 23:54:29.359 D/Carousel-CarouselView(14545): ============>onScrollChanged hashCode:558015189
07-05 23:54:29.359 D/Carousel-CarouselDisplayPlayerLayout(14545): isFullScreen:false
07-05 23:54:29.363 I/MainHomeView(14545): onPanelSlide0.24427481---left184
07-05 23:54:29.364 I/CurrentCarouselView(14545): onCarouseControlCarouselControlBean{mShoudScroll=true, mActivityHasResume=false, mActivityHasStop=false, mHasTurnGone=false, mHasTurnVisible=false, mChannelId=-1, mSlideOffset=0.24427481, mShouldSelectCenter=false, mTabOpen=false, mHoriPosStatus=None, mVerPosStatus=None, mLevelStatus=None},isPlayingtrue,channelId=0
07-05 23:54:29.364 I/CurrentCarouselView(14545): is not the current page
07-05 23:54:29.364 I/CurrentCarouselView(14545): do scroll
07-05 23:54:29.364 D/Carousel-CarouselView(14545): smoothScroll.
07-05 23:54:29.364 D/Carousel-CarouselDisplayPlayerLayout(14545): isFullScreen:false
07-05 23:54:29.364 D/TabView (14545): onReceiveSlidingOffset ===>:0.24427481
07-05 23:54:29.366 I/MyFragmentStateAdapter(14545): getCount
07-05 23:54:29.369 D/Carousel-CarouselDisplayPlayerLayout(14545): HasFocus:false,keyCode:22
07-05 23:54:29.369 D/Carousel-CarouselDisplayPlayerLayout(14545): isFullScreen:false
07-05 23:54:29.369 I/HomeMainActivity(14545): carousel handle key:false
07-05 23:54:29.376 V/InputMethodService( 2203): startInput(): editor=android.view.inputmethod.EditorInfo@33b0db4e
07-05 23:54:29.376 V/InputMethodService( 2203): CALL: onFinishInput
07-05 23:54:29.378 I/MainHomeView(14545): onPanelSlide0.1908397---left177
07-05 23:54:29.378 I/CurrentCarouselView(14545): onCarouseControlCarouselControlBean{mShoudScroll=true, mActivityHasResume=false, mActivityHasStop=false, mHasTurnGone=false, mHasTurnVisible=false, mChannelId=-1, mSlideOffset=0.1908397, mShouldSelectCenter=false, mTabOpen=false, mHoriPosStatus=None, mVerPosStatus=None, mLevelStatus=None},isPlayingtrue,channelId=0
07-05 23:54:29.378 I/CurrentCarouselView(14545): is not the current page
07-05 23:54:29.378 I/CurrentCarouselView(14545): do scroll
07-05 23:54:29.378 D/Carousel-CarouselView(14545): smoothScroll.
07-05 23:54:29.378 D/Carousel-CarouselDisplayPlayerLayout(14545): isFullScreen:false
07-05 23:54:29.378 D/TabView (14545): onReceiveSlidingOffset ===>:0.1908397
07-05 23:54:29.384 E/SOGOUIME_JNI( 2203): reset
07-05 23:54:29.384 E/SOGOUIME_JNI( 2203): getCandidates
07-05 23:54:29.384 E/SOGOUIME_JNI( 2203): ime_get_uncommitted_length
07-05 23:54:29.385 E/SOGOUIME_JNI( 2203): getCandidates
07-05 23:54:29.385 D/SogouIME API( 2203): ==============num:32
07-05 23:54:29.385 E/SOGOUIME_JNI( 2203): ime_get_uncommitted_length
07-05 23:54:29.385 D/SogouIME( 2203): mFocusedComponent:30   isHkbEnable:false
07-05 23:54:29.385 E/SOGOUIME_JNI( 2203): ime_get_uncommitted_length
07-05 23:54:29.385 E/SOGOUIME_JNI( 2203): ime_get_committed_length
07-05 23:54:29.385 E/SOGOUIME_JNI( 2203): getComposingInfo
07-05 23:54:29.385 E/SOGOUIME_JNI( 2203): getComposingInfo
07-05 23:54:29.385 E/SOGOUIME_JNI( 2203): getCorrectInfo
07-05 23:54:29.385 E/SOGOUIME_JNI( 2203): getComposingInfo
07-05 23:54:29.386 V/InputMethodService( 2203): CALL: onStartInput
07-05 23:54:29.386 E/SOGOUIME_JNI( 2203): invalidateCommitWordPinyinNative
07-05 23:54:29.386 D/SogouIME( 2203): =====configKeyboard=======:false     false
07-05 23:54:29.386 E/SOGOUIME_JNI( 2203): ime_set_hard_kb_enable
07-05 23:54:29.401 D/Carousel-CarouselDisplayPlayerLayout(14545): x=405, y=167,w=892,h=536, hashCode=693492438
07-05 23:54:29.401 D/Carousel-CarouselDisplayPlayerLayout(14545): mX=511, mY=167,mWitdh=892,mHeight=536, hashCode=693492438
07-05 23:54:29.401 D/Carousel-CarouselDisplayPlayerLayout(14545): changed=true, hashCode=693492438
07-05 23:54:29.401 D/Carousel-Utils(14545): x=405,y=167, width=892,height=536
07-05 23:54:29.401 D/Carousel-CarouselDisplayPlayerLayout(14545): isFullScreen:false
07-05 23:54:29.402 D/Carousel-CarouselView(14545): ===========>onScrollStart
07-05 23:54:29.403 D/Carousel-Utils(14545): displayImage view=android.widget.ImageView{1cb6b478 I.ED.... ......ID 0,0-816,460 #7f0d0029 app:id/imageView1}
07-05 23:54:29.403 D/Carousel-Utils(14545): displayImage url=http://picture.edu.hismarttv.com/images/20170629010146422927.jpg
07-05 23:54:29.404 D/Carousel-Utils(14545): onResourceReady.
07-05 23:54:29.409 D/Carousel-Utils(14545): displayImage view=android.widget.ImageView{39d4e87b I.ED.... ........ 0,0-816,460 #7f0d0029 app:id/imageView1}
07-05 23:54:29.410 D/Carousel-Utils(14545): displayImage url=http://picture.edu.hismarttv.com/images/20170629010146422927.jpg
07-05 23:54:29.410 D/Carousel-Utils(14545): onResourceReady.
07-05 23:54:29.411 D/Carousel-CarouselDisplayPlayerLayout(14545): x=405, y=167,w=892,h=536, hashCode=693492438
07-05 23:54:29.411 D/Carousel-CarouselDisplayPlayerLayout(14545): mX=405, mY=167,mWitdh=892,mHeight=536, hashCode=693492438
07-05 23:54:29.411 D/Carousel-CarouselDisplayPlayerLayout(14545): changed=false, hashCode=693492438
07-05 23:54:29.411 D/Carousel-CarouselDisplayPlayerLayout(14545): extraTryCount=0
07-05 23:54:29.414 I/MyFragmentStateAdapter(14545): getCount
07-05 23:54:29.414 I/MyFragmentStateAdapter(14545): getCount
07-05 23:54:29.415 I/MyFragmentStateAdapter(14545): getCount
07-05 23:54:29.415 I/MyFragmentStateAdapter(14545): getCount
07-05 23:54:29.415 I/Carousel-UrlVideoView(14545): onMeasure(MeasureSpec: EXACTLY 816, MeasureSpec: EXACTLY 460)
07-05 23:54:29.415 D/Carousel-UrlVideoView(14545): widthSpecMode=1073741824
07-05 23:54:29.415 D/Carousel-UrlVideoView(14545): heightSpecMode=1073741824
07-05 23:54:29.415 D/Carousel-UrlVideoView(14545): widthSpecSize=816
07-05 23:54:29.415 D/Carousel-UrlVideoView(14545): heightSpecSize=460
07-05 23:54:29.415 I/Carousel-UrlVideoView(14545): onMeasure(MeasureSpec: EXACTLY 816, MeasureSpec: EXACTLY 460)
07-05 23:54:29.415 D/Carousel-UrlVideoView(14545): widthSpecMode=1073741824
07-05 23:54:29.415 D/Carousel-UrlVideoView(14545): heightSpecMode=1073741824
07-05 23:54:29.415 D/Carousel-UrlVideoView(14545): widthSpecSize=816
07-05 23:54:29.415 D/Carousel-UrlVideoView(14545): heightSpecSize=460
07-05 23:54:29.417 D/Surface ( 1733): onStatusChange() : mNativeObject = 547819097600 mUseImageHwRender = false
07-05 23:54:29.417 V/Surface ( 1733): nativeSetHardwareRender() : status = 0
07-05 23:54:29.417 V/Surface ( 1733): nativeSetHardwareRender() : end
07-05 23:54:29.419 D/PowerManagerService( 1733): releaseWakeLockInternal: lock=487931605 [WindowManager], flags=0x0
07-05 23:54:29.419 D/PowerManagerNotifier( 1733): onWakeLockReleased: flags=536870922, tag="WindowManager", packageName=android, ownerUid=1000, ownerPid=1733, workSource=WorkSource{10010}
07-05 23:54:29.420 D/PowerManagerService( 1733): userActivityNoUpdateLocked: eventTime=18910991, event=0, flags=0x1, uid=1000
07-05 23:54:29.420 D/PowerManagerService( 1733): setScreenBrightnessOverrideFromWindowManagerInternal done
07-05 23:54:29.423 D/Surface ( 1733): onStatusChange() : mNativeObject = 0 mUseImageHwRender = false
07-05 23:54:29.428 I/FirstLineAdapter(14545): canShowTrailer,isOffline=false
07-05 23:54:29.428 I/FirstLineAdapter(14545): canShowTrailer,isOffline=false
07-05 23:54:29.428 I/FirstLineAdapter(14545): canShowTrailer,isOffline=false
07-05 23:54:29.429 I/FirstLineAdapter(14545): canShowTrailer,isOffline=false
07-05 23:54:29.429 I/FirstLineAdapter(14545): canShowTrailer,isOffline=false
07-05 23:54:29.429 I/FirstLineAdapter(14545): canShowTrailer,isOffline=false
07-05 23:54:29.429 I/FirstLineAdapter(14545): canShowTrailer,isOffline=false
07-05 23:54:29.429 I/FirstLineAdapter(14545): canShowTrailer,isOffline=false
07-05 23:54:29.429 I/FirstLineAdapter(14545): canShowTrailer,isOffline=false
07-05 23:54:29.430 I/SurfaceView(14545): Changes: creating=false format=false size=false visible=false left=true top=false
07-05 23:54:29.430 I/SurfaceView(14545): Cur surface: Surface(name=null)/@0x1dcd979d
07-05 23:54:29.432 D/Surface ( 1733): onStatusChange() : mNativeObject = 547942792704 mUseImageHwRender = false
07-05 23:54:29.432 V/Surface ( 1733): nativeSetHardwareRender() : status = 0
07-05 23:54:29.432 V/Surface ( 1733): nativeSetHardwareRender() : end
07-05 23:54:29.433 D/PowerManagerService( 1733): setScreenBrightnessOverrideFromWindowManagerInternal done
07-05 23:54:29.436 D/Surface ( 1733): onStatusChange() : mNativeObject = 0 mUseImageHwRender = false
07-05 23:54:29.439 D/Surface (14545): onStatusChange() : mNativeObject = -534140672 mUseImageHwRender = false
07-05 23:54:29.439 V/Surface (14545): nativeSetHardwareRender() : status = 0
07-05 23:54:29.439 V/Surface (14545): nativeSetHardwareRender() : end
07-05 23:54:29.439 I/SurfaceView(14545): New surface: Surface(name=null)/@0x35299412, vis=true, frame=Rect(443, 205 - 1259, 665)
07-05 23:54:29.439 D/Surface (14545): onStatusChange() : mNativeObject = 0 mUseImageHwRender = false
07-05 23:54:29.440 D/Surface (14545): onStatusChange() : mNativeObject = -534140672 mUseImageHwRender = false
07-05 23:54:29.440 V/Surface (14545): nativeSetHardwareRender() : status = 0
07-05 23:54:29.440 V/Surface (14545): nativeSetHardwareRender() : end
07-05 23:54:29.441 V/SurfaceView(14545): Layout: x=443 y=205 w=816 h=460, frame=Rect(0, 0 - 816, 460)
07-05 23:54:29.445 I/MainHomeView(14545): onPanelSlide0.06870229---left161
07-05 23:54:29.446 I/CurrentCarouselView(14545): onCarouseControlCarouselControlBean{mShoudScroll=true, mActivityHasResume=false, mActivityHasStop=false, mHasTurnGone=false, mHasTurnVisible=false, mChannelId=-1, mSlideOffset=0.06870229, mShouldSelectCenter=false, mTabOpen=false, mHoriPosStatus=None, mVerPosStatus=None, mLevelStatus=None},isPlayingtrue,channelId=0
07-05 23:54:29.446 I/CurrentCarouselView(14545): is not the current page
07-05 23:54:29.446 I/CurrentCarouselView(14545): do scroll
07-05 23:54:29.446 D/Carousel-CarouselView(14545): smoothScroll.
07-05 23:54:29.446 D/Carousel-CarouselDisplayPlayerLayout(14545): isFullScreen:false
07-05 23:54:29.446 D/TabView (14545): onReceiveSlidingOffset ===>:0.06870229
07-05 23:54:29.448 I/MyFragmentStateAdapter(14545): getCount
07-05 23:54:29.450 D/Carousel-CarouselDisplayPlayerLayout(14545): x=389, y=167,w=892,h=536, hashCode=693492438
07-05 23:54:29.450 D/Carousel-CarouselDisplayPlayerLayout(14545): mX=405, mY=167,mWitdh=892,mHeight=536, hashCode=693492438
07-05 23:54:29.451 D/Carousel-CarouselDisplayPlayerLayout(14545): changed=true, hashCode=693492438
07-05 23:54:29.451 D/Carousel-Utils(14545): x=389,y=167, width=892,height=536
07-05 23:54:29.459 E/hwcomposer( 1204): Overlay 0 size changeed src {1920 1080} -> {1920, 1080} crop{0.000000 0.000000 1920.000000 1080.000000}->{0.000000 0.000000 1920.000000 1080.000000} dst{549 205 1365 665}->{443 205 1259 665}
07-05 23:54:29.475 I/TVMW@HsTvSetting( 1234): Trace cmd, data = 0x1058
07-05 23:54:29.476 D/til@system( 2026): til_get_system_param option:100002F int:0, bool:0, ret:0
07-05 23:54:29.476 I/TVMW@HsTvSetting( 1234): Trace cmd, data = 0x101f
07-05 23:54:29.476 D/til@system( 2026): til_get_system_param option:100001D int:3, bool:3, ret:0
07-05 23:54:29.476 E/til     ( 2026): [til_get_current_input_source, 101] 
07-05 23:54:29.478 I/TVMW@HsTvSetting( 1234): Trace cmd, data = 0x7007
07-05 23:54:29.479 I/tilwrapper@sm( 2026): HS2TIL_SourceType *hs=0xd, *til=0x900
07-05 23:54:29.479 D/til     ( 2026): get current source 2304
07-05 23:54:29.480 D/SourceRemoteServiceHandler( 2026): getCurrentInputSource.from.til.result is 0, value is 2304
07-05 23:54:29.480 D/SourceRemoteServiceHandler( 2026): getInputSourceType source: 0x900, type=2304
07-05 23:54:29.480 D/til     ( 2026): ###### func:til_get_picture_param option:0x3000006 ######  
07-05 23:54:29.481 D/DtvSourcePlugin-DVBC( 8758): Setting the EPG Updater state to: WAIT
07-05 23:54:29.482 I/TVMW@HsTvSetting( 1234): Trace cmd, data = 0x1003
07-05 23:54:29.483 I/TVMW@HsTvSetting( 1234): Trace cmd, data = 0x8032
07-05 23:54:29.484 I/hstvos  ( 1216): [0m[1;33m[HSHAL][HS_VIDEO][HS_HAL_Video_SetOsdDetect_v2][2389]u16Threshold = 20
07-05 23:54:29.488 E/TVMW@videoctrl( 1234):  getOsd is 1
07-05 23:54:29.489 D/hwcomposer( 1204): Overlay [0] do size change!
07-05 23:54:29.489 D/vsyncbridge( 1204): [0] handle_thread thread got msg 0x2, mState = 3
07-05 23:54:29.489 D/vsyncbridge( 1204): Overlay 0 Resize, mState = 0x3, 0, disp[443 205 816 460] osd[1920 1080]
07-05 23:54:29.491 D/til@system( 2026): til_get_system_param option:1000027 int:1, bool:1, ret:0
07-05 23:54:29.491 D/til     ( 2026): ###### func:til_get_picture_param option:0x3000045 ######  
07-05 23:54:29.492 I/TVMW@HsTvSetting( 1234): Trace cmd, data = 0x300c
07-05 23:54:29.492 I/TVMW@HsTvSetting( 1234): Trace 3d, data = 0x300c
07-05 23:54:29.492 I/TVMW@3d ( 1234): Hs_debug3d_trace: func:get3dStatus, line:109
07-05 23:54:29.493 D/vsyncbridge( 1204): [update_ds_table,  594] DispW:1632 DispH:920 
07-05 23:54:29.493 D/vsyncbridge( 1204): [update_ds_table,  598] Cap.x:1105 Cap.y:30 CapW:1920 CapH:1080 
07-05 23:54:29.493 D/vsyncbridge( 1204): [update_ds_table,  599] enInputSourceType:34 
07-05 23:54:29.493 D/vsyncbridge( 1204): [update_ds_table,  601] u16InputVTotal:2205  u16InputVFreq:240 
07-05 23:54:29.493 D/vsyncbridge( 1204): [update_ds_table,  603] bInterlace:0  u16DefaultHtotal:0 
07-05 23:54:29.493 D/vsyncbridge( 1204): [update_ds_table,  606] bPreHCusScaling:1  bPreVCusScaling:1 
07-05 23:54:29.493 D/vsyncbridge( 1204): [update_ds_table,  608] u16PreHCusScalingSrc:1920  u16PreHCusScalingDst:1920 
07-05 23:54:29.493 D/vsyncbridge( 1204): [update_ds_table,  610] u16PreVCusScalingSrc:1080  u16PreVCusScalingSrc:1080 
07-05 23:54:29.493 D/vsyncbridge( 1204): [update_ds_table,  613] bHCusScaling:0  bVCusScaling:0 
07-05 23:54:29.493 D/vsyncbridge( 1204): [update_ds_table,  615] u16HCusScalingSrc:1920  u16HCusScalingDst:1632 
07-05 23:54:29.493 D/vsyncbridge( 1204): [update_ds_table,  617] u16VCusScalingSrc:1080  u16VCusScalingDst:920 
07-05 23:54:29.493 D/vsyncbridge( 1204): vsync_bridge_CalAspectRatio type = 0
07-05 23:54:29.493 D/vsyncbridge( 1204): panel [3840 2160] osd [1920 1080] ratio [2.000000 2.000000]
07-05 23:54:29.493 D/vsyncbridge( 1204): apply ratio, x=886, y=410, width=1632, height=920
07-05 23:54:29.493 D/vsyncbridge( 1204): disp_old[886 410 2518 1330], disp_new[886 410 2518 1330], crop[0 0 1920 1080]
07-05 23:54:29.493 D/vsyncbridge( 1204): [update_ds_table,  798] SW DS !!! 
07-05 23:54:29.493 D/vsyncbridge( 1204): [update_ds_table,  800] stXC_SetWin_Info.stCapWin.width1920  stXC_SetWin_Info.stCapWin.height:1080
07-05 23:54:29.493 D/vsyncbridge( 1204): [update_ds_table,  802] stXC_SetWin_Info.stCropWin.width1920  stXC_SetWin_Info.stCropWin.height:1080
07-05 23:54:29.493 D/vsyncbridge( 1204): [update_ds_table,  803] MApi_XC_GetDynamicScalingStatus():1 
07-05 23:54:29.493 D/        ( 1204): Alert: cannot get frameCount from IOCTL, eWindow=0! Fall back to original frame mode
07-05 23:54:29.493 D/        ( 1204): MVOP is 1P mode
07-05 23:54:29.493 D/        ( 1204): [_MDrv_SC_check_2p_mode][9405]u16Width=3840,u16Height=2160,u32Vfreqx10=240
07-05 23:54:29.494 D/vsyncbridge( 1204): vsync_bridge_render_frame pts = 2958333, DS_Idx=0x1, overlayID=0
07-05 23:54:29.494 D/vsyncbridge( 1204):  W 7, R 6, Cur 7
07-05 23:54:29.494 D/vsyncbridge( 1204): vsync_bridge_CalAspectRatio type = 0
07-05 23:54:29.494 D/vsyncbridge( 1204): panel [3840 2160] osd [1920 1080] ratio [2.000000 2.000000]
07-05 23:54:29.494 D/vsyncbridge( 1204): apply ratio, x=886, y=410, width=1632, height=920
07-05 23:54:29.507 I/NetflixMonitorService( 1733): current fgapk : com.hisense.hicloud.edca
07-05 23:54:29.507 I/NetflixMonitorService( 1733): Netflix status unchanged
07-05 23:54:29.512 D/Carousel-CarouselDisplayPlayerLayout(14545): x=389, y=167,w=892,h=536, hashCode=693492438
07-05 23:54:29.512 D/Carousel-CarouselDisplayPlayerLayout(14545): mX=389, mY=167,mWitdh=892,mHeight=536, hashCode=693492438
07-05 23:54:29.512 D/Carousel-CarouselDisplayPlayerLayout(14545): changed=false, hashCode=693492438
07-05 23:54:29.512 D/Carousel-CarouselDisplayPlayerLayout(14545): extraTryCount=0
07-05 23:54:29.512 D/Carousel-CarouselDisplayPlayerLayout(14545): x=389, y=167,w=892,h=536, hashCode=693492438
07-05 23:54:29.512 D/Carousel-CarouselDisplayPlayerLayout(14545): mX=389, mY=167,mWitdh=892,mHeight=536, hashCode=693492438
07-05 23:54:29.512 D/Carousel-CarouselDisplayPlayerLayout(14545): changed=false, hashCode=693492438
07-05 23:54:29.512 D/Carousel-CarouselDisplayPlayerLayout(14545): extraTryCount=1
07-05 23:54:29.512 I/Carousel-UrlVideoView(14545): onMeasure(MeasureSpec: EXACTLY 816, MeasureSpec: EXACTLY 460)
07-05 23:54:29.512 D/Carousel-UrlVideoView(14545): widthSpecMode=1073741824
07-05 23:54:29.512 D/Carousel-UrlVideoView(14545): heightSpecMode=1073741824
07-05 23:54:29.513 D/Carousel-UrlVideoView(14545): widthSpecSize=816
07-05 23:54:29.513 D/Carousel-UrlVideoView(14545): heightSpecSize=460
07-05 23:54:29.513 I/Carousel-UrlVideoView(14545): onMeasure(MeasureSpec: EXACTLY 816, MeasureSpec: EXACTLY 460)
07-05 23:54:29.513 D/Carousel-UrlVideoView(14545): widthSpecMode=1073741824
07-05 23:54:29.513 D/Carousel-UrlVideoView(14545): heightSpecMode=1073741824
07-05 23:54:29.513 D/Carousel-UrlVideoView(14545): widthSpecSize=816
07-05 23:54:29.513 D/Carousel-UrlVideoView(14545): heightSpecSize=460
07-05 23:54:29.513 I/SurfaceView(14545): Changes: creating=false format=false size=false visible=false left=true top=false
07-05 23:54:29.513 I/SurfaceView(14545): Cur surface: Surface(name=null)/@0x1dcd979d
07-05 23:54:29.514 D/Surface ( 1733): onStatusChange() : mNativeObject = 547942792704 mUseImageHwRender = false
07-05 23:54:29.514 V/Surface ( 1733): nativeSetHardwareRender() : status = 0
07-05 23:54:29.514 V/Surface ( 1733): nativeSetHardwareRender() : end
07-05 23:54:29.517 D