07-05 21:05:02.447 W/ContextImpl( 3298): Calling a method in the system process without a qualified user: android.app.ContextImpl.sendBroadcast:1327 android.content.ContextWrapper.sendBroadcast:377 com.jamdeo.screensaver.ScreenSaverManager.registerAdvertisement:193 com.jamdeo.screensaver.ScreenSaverManager.access$000:38 com.jamdeo.screensaver.ScreenSaverManager$MessageHandler.handleMessage:70 
07-05 21:05:03.107 D/PowerManagerService( 1733): updateWakeLockWorkSourceInternal: lock=488870863 [AudioMix], ws=WorkSource{10010}
07-05 21:05:03.107 D/PowerManagerNotifier( 1733): onWakeLockReleased: flags=1, tag="AudioMix", packageName=media, ownerUid=1013, ownerPid=0, workSource=null
07-05 21:05:03.107 D/PowerManagerNotifier( 1733): onWakeLockAcquired: flags=1, tag="AudioMix", packageName=media, ownerUid=1013, ownerPid=0, workSource=WorkSource{10010}
07-05 21:05:03.200 D/PowerManagerService( 1733): releaseWakeLockInternal: lock=541667676 [AudioMix], flags=0x0
07-05 21:05:03.200 D/PowerManagerNotifier( 1733): onWakeLockReleased: flags=1, tag="AudioMix", packageName=media, ownerUid=1013, ownerPid=0, workSource=null
07-05 21:05:03.253 I/NetflixMonitorService( 1733): current fgapk : com.hisense.hicloud.edca
07-05 21:05:03.253 I/NetflixMonitorService( 1733): Netflix status unchanged
07-05 21:05:04.254 I/NetflixMonitorService( 1733): current fgapk : com.hisense.hicloud.edca
07-05 21:05:04.254 I/NetflixMonitorService( 1733): Netflix status unchanged
07-05 21:05:05.255 I/NetflixMonitorService( 1733): current fgapk : com.hisense.hicloud.edca
07-05 21:05:05.255 I/NetflixMonitorService( 1733): Netflix status unchanged
07-05 21:05:05.614 D/GlobalInputEventMonitoringService( 1733): interceptKeyBeforeQueueing(), event:22, mNeedMonitorKeyEvent:true, mWaitForKeyUpEvent:false
07-05 21:05:05.614 D/GlobalInputEventMonitoringService( 1733): processKeyEvent(), processKeyEvent event:22
07-05 21:05:05.615 D/PowerManagerService( 1733): userActivityNoUpdateLocked: eventTime=8747184, event=1, flags=0x0, uid=1000
07-05 21:05:05.705 D/GlobalInputEventMonitoringService( 1733): interceptKeyBeforeQueueing(), event:22, mNeedMonitorKeyEvent:true, mWaitForKeyUpEvent:false
07-05 21:05:05.705 D/GlobalInputEventMonitoringService( 1733): processKeyEvent(), processKeyEvent event:22
07-05 21:05:05.928 D/PowerManagerService( 1733): releaseWakeLockInternal: lock=487931605 [WindowManager], flags=0x0
07-05 21:05:05.928 D/PowerManagerNotifier( 1733): onWakeLockReleased: flags=536870922, tag="WindowManager", packageName=android, ownerUid=1000, ownerPid=1733, workSource=WorkSource{10010}
07-05 21:05:05.929 D/PowerManagerService( 1733): userActivityNoUpdateLocked: eventTime=8747500, event=0, flags=0x1, uid=1000
07-05 21:05:05.929 D/PowerManagerService( 1733): setScreenBrightnessOverrideFromWindowManagerInternal done
07-05 21:05:05.937 D/PowerManagerService( 1733): setScreenBrightnessOverrideFromWindowManagerInternal done
07-05 21:05:05.982 D/PowerManagerService( 1733): setScreenBrightnessOverrideFromWindowManagerInternal done
07-05 21:05:06.014 D/PowerManagerService( 1733): setScreenBrightnessOverrideFromWindowManagerInternal done
07-05 21:05:06.039 D/PowerManagerService( 1733): setScreenBrightnessOverrideFromWindowManagerInternal done
07-05 21:05:06.118 D/PowerManagerService( 1733): setScreenBrightnessOverrideFromWindowManagerInternal done
07-05 21:05:06.163 D/PowerManagerService( 1733): acquireWakeLockInternal: lock=487931605, flags=0x2000000a, tag="WindowManager", ws=WorkSource{10010}, uid=1000, pid=1733
07-05 21:05:06.256 I/NetflixMonitorService( 1733): current fgapk : com.hisense.hicloud.edca
07-05 21:05:06.256 I/NetflixMonitorService( 1733): Netflix status unchanged
07-05 21:05:06.898 D/GlobalInputEventMonitoringService( 1733): interceptKeyBeforeQueueing(), event:22, mNeedMonitorKeyEvent:true, mWaitForKeyUpEvent:false
07-05 21:05:06.898 D/GlobalInputEventMonitoringService( 1733): processKeyEvent(), processKeyEvent event:22
07-05 21:05:06.899 D/PowerManagerService( 1733): userActivityNoUpdateLocked: eventTime=8748469, event=1, flags=0x0, uid=1000
07-05 21:05:06.973 D/GlobalInputEventMonitoringService( 1733): interceptKeyBeforeQueueing(), event:22, mNeedMonitorKeyEvent:true, mWaitForKeyUpEvent:false
07-05 21:05:06.974 D/GlobalInputEventMonitoringService( 1733): processKeyEvent(), processKeyEvent event:22
07-05 21:05:07.258 I/NetflixMonitorService( 1733): current fgapk : com.hisense.hicloud.edca
07-05 21:05:07.258 I/NetflixMonitorService( 1733): Netflix status unchanged
07-05 21:05:08.067 D/GlobalInputEventMonitoringService( 1733): interceptKeyBeforeQueueing(), event:20, mNeedMonitorKeyEvent:true, mWaitForKeyUpEvent:false
07-05 21:05:08.067 D/GlobalInputEventMonitoringService( 1733): processKeyEvent(), processKeyEvent event:20
07-05 21:05:08.068 D/PowerManagerService( 1733): userActivityNoUpdateLocked: eventTime=8749637, event=1, flags=0x0, uid=1000
07-05 21:05:08.116 D/GlobalInputEventMonitoringService( 1733): interceptKeyBeforeQueueing(), event:20, mNeedMonitorKeyEvent:true, mWaitForKeyUpEvent:false
07-05 21:05:08.116 D/GlobalInputEventMonitoringService( 1733): processKeyEvent(), processKeyEvent event:20
07-05 21:05:08.259 I/NetflixMonitorService( 1733): current fgapk : com.hisense.hicloud.edca
07-05 21:05:08.259 I/NetflixMonitorService( 1733): Netflix status unchanged
07-05 21:05:08.350 V/HotPlugDetectionAction( 1733): Poll all devices.
07-05 21:05:08.377 D/PowerManagerService( 1733): releaseWakeLockInternal: lock=487931605 [WindowManager], flags=0x0
07-05 21:05:08.377 D/PowerManagerNotifier( 1733): onWakeLockReleased: flags=536870922, tag="WindowManager", packageName=android, ownerUid=1000, ownerPid=1733, workSource=WorkSource{10010}
07-05 21:05:08.377 D/PowerManagerService( 1733): userActivityNoUpdateLocked: eventTime=8749949, event=0, flags=0x1, uid=1000
07-05 21:05:08.377 D/PowerManagerService( 1733): setScreenBrightnessOverrideFromWindowManagerInternal done
07-05 21:05:08.769 E/HDMI_CEC( 1733): Send Message TO[5] 
07-05 21:05:08.769 E/HDMI_CEC( 1733): OP[0], <Feature Abort> 
07-05 21:05:08.769 E/HDMI_CEC( 1733): ========
07-05 21:05:08.822 D/PowerManagerService( 1733): updateWakeLockWorkSourceInternal: lock=488870863 [AudioMix], ws=null
07-05 21:05:08.822 D/PowerManagerNotifier( 1733): onWakeLockReleased: flags=1, tag="AudioMix", packageName=media, ownerUid=1013, ownerPid=0, workSource=WorkSource{10010}
07-05 21:05:08.822 D/PowerManagerNotifier( 1733): onWakeLockAcquired: flags=1, tag="AudioMix", packageName=media, ownerUid=1013, ownerPid=0, workSource=null
07-05 21:05:08.840 E/HDMI_CEC( 1733): MI_CEC_SendTxPolling, ErrCode[4] 
07-05 21:05:08.874 E/HDMI_CEC( 1733): Sending message can't be response. 
07-05 21:05:09.259 I/NetflixMonitorService( 1733): current fgapk : com.hisense.hicloud.edca
07-05 21:05:09.260 I/NetflixMonitorService( 1733): Netflix status unchanged
07-05 21:05:09.361 D/GlobalInputEventMonitoringService( 1733): interceptKeyBeforeQueueing(), event:23, mNeedMonitorKeyEvent:true, mWaitForKeyUpEvent:false
07-05 21:05:09.361 D/GlobalInputEventMonitoringService( 1733): processKeyEvent(), processKeyEvent event:23
07-05 21:05:09.361 D/PowerManagerService( 1733): userActivityNoUpdateLocked: eventTime=8750931, event=1, flags=0x0, uid=1000
07-05 21:05:09.389 D/GlobalInputEventMonitoringService( 1733): interceptKeyBeforeQueueing(), event:23, mNeedMonitorKeyEvent:true, mWaitForKeyUpEvent:false
07-05 21:05:09.389 D/GlobalInputEventMonitoringService( 1733): processKeyEvent(), processKeyEvent event:23
07-05 21:05:09.425 D/TileTransitionManager( 1733): getActivityContainer not enter cts mode
07-05 21:05:09.426 D/JamdeoActivityStackSupervisor( 1733): get currentSiloName
07-05 21:05:09.426 I/ActivityManager( 1733): START u0 {flg=0x14000000 cmp=com.hisense.hicloud.edca/.mediaplayer.activity.DetailPlayActivity (has extras)} from uid 10010 on display 0
07-05 21:05:09.432 D/PowerManagerService( 1733): setScreenBrightnessOverrideFromWindowManagerInternal done
07-05 21:05:09.435 D/PowerManagerService( 1733): setScreenBrightnessOverrideFromWindowManagerInternal done
07-05 21:05:09.436 V/WindowManager( 1733): addAppToken: AppWindowToken{8266306 token=Token{13d939e1 ActivityRecord{3ae60748 u0 com.hisense.hicloud.edca/.mediaplayer.activity.DetailPlayActivity t5100}}} to stack=66 task=5100 at 1
07-05 21:05:09.436 I/UsageStatsService( 1733): paused component:com.hisense.hicloud.edca
07-05 21:05:09.436 V/UsageStatsService( 1733): Paused: 8751008   Component: com.hisense.hicloud.edca/com.hisense.tvui.newhome.HomeMainActivity   Time: 1499259909436 LastSessionTime: 14561 CumulativeSessionTime: 2304135
07-05 21:05:09.436 D/UsageStatsService( 1733): User[0] Got usage event for com.hisense.hicloud.edca[1499259909437]: MOVE_TO_BACKGROUND
07-05 21:05:09.437 D/UsageStatsService( 1733): UsageStats: broadcasting intent
07-05 21:05:09.437 W/ContextImpl( 1733): Calling a method in the system process without a qualified user: android.app.ContextImpl.sendBroadcast:1327 com.android.server.usage.UsageStatsService.insertUsageStats:1104 com.android.server.usage.UsageStatsService$PkgUsageStatsExtended.updatePause:979 com.android.server.usage.UsageStatsService$LocalService.notePauseComponent:808 com.android.server.am.ActivityManagerService.updateUsageStats:3173 
07-05 21:05:09.438 D/PowerManagerService( 1733): acquireWakeLockInternal: lock=681732318, flags=0x1, tag="ActivityManager-Launch", ws=null, uid=1000, pid=1733
07-05 21:05:09.438 D/PowerManagerNotifier( 1733): onWakeLockAcquired: flags=1, tag="ActivityManager-Launch", packageName=android, ownerUid=1000, ownerPid=1733, workSource=null
07-05 21:05:09.483 I/UsageStatsService( 1733): resumed component name is ComponentInfo{com.hisense.hicloud.edca/com.hisense.hicloud.edca.mediaplayer.activity.DetailPlayActivity}
07-05 21:05:09.483 I/UsageStatsService( 1733): started component:com.hisense.hicloud.edca
07-05 21:05:09.483 V/UsageStatsService( 1733): Resumed: 8751055   Component: com.hisense.hicloud.edca/com.hisense.hicloud.edca.mediaplayer.activity.DetailPlayActivity   Time: 1499259909483 VersionCode: 652   LastUpdateTime: 1499256171569
07-05 21:05:09.483 D/UsageStatsService( 1733): UsageStats: broadcasting intent
07-05 21:05:09.484 W/ContextImpl( 1733): Calling a method in the system process without a qualified user: android.app.ContextImpl.sendBroadcast:1327 com.android.server.usage.UsageStatsService.insertUsageStats:1104 com.android.server.usage.UsageStatsService$PkgUsageStatsExtended.updateResume:962 com.android.server.usage.UsageStatsService$LocalService.noteResumeComponent:759 com.android.server.am.ActivityManagerService.updateUsageStats:3164 
07-05 21:05:09.487 D/PowerManagerService( 1733): setScreenBrightnessOverrideFromWindowManagerInternal done
07-05 21:05:09.488 I/ActivityManager( 1733): TR16) TaskRecord{48542ed #5100 A=com.hisense.hicloud.edca U=0 sz=2}
07-05 21:05:09.488 I/ActivityManager( 1733): TR15) TaskRecord{cd10cea #4980 A=com.jamdeo.launcher U=0 sz=1}
07-05 21:05:09.489 V/ActivityManager( 1733): set mstar.EnterOpaqueUI false
07-05 21:05:09.801 V/WindowManager( 1733): Adding window Window{ee08d5 u0 com.hisense.hicloud.edca/com.hisense.hicloud.edca.mediaplayer.activity.DetailPlayActivity} at 12 of 20 (after Window{2559b539 u0 com.hisense.hicloud.edca/com.hisense.tvui.newhome.HomeMainActivity})
07-05 21:05:09.834 D/HDMI    ( 1733): [P]:AllocatedAddress=[]
07-05 21:05:09.892 D/PowerManagerService( 1733): setScreenBrightnessOverrideFromWindowManagerInternal done
07-05 21:05:09.895 D/PowerManagerService( 1733): setScreenBrightnessOverrideFromWindowManagerInternal done
07-05 21:05:09.973 D/UsageStatsService( 1733): User[0] Got usage event for com.hisense.hicloud.edca[1499259909483]: MOVE_TO_FOREGROUND
07-05 21:05:09.989 D/PowerManagerService( 1733): releaseWakeLockInternal: lock=681732318 [ActivityManager-Launch], flags=0x0
07-05 21:05:09.989 D/PowerManagerNotifier( 1733): onWakeLockReleased: flags=1, tag="ActivityManager-Launch", packageName=android, ownerUid=1000, ownerPid=1733, workSource=null
07-05 21:05:09.994 D/PowerManagerService( 1733): setScreenBrightnessOverrideFromWindowManagerInternal done
07-05 21:05:09.997 D/PowerManagerService( 1733): setScreenBrightnessOverrideFromWindowManagerInternal done
07-05 21:05:10.000 D/PowerManagerService( 1733): setScreenBrightnessOverrideFromWindowManagerInternal done
07-05 21:05:10.004 D/PowerManagerService( 1733): setScreenBrightnessOverrideFromWindowManagerInternal done
07-05 21:05:10.045 D/PowerManagerService( 1733): setScreenBrightnessOverrideFromWindowManagerInternal done
07-05 21:05:10.260 I/NetflixMonitorService( 1733): current fgapk : com.hisense.hicloud.edca
07-05 21:05:10.260 I/NetflixMonitorService( 1733): Netflix status unchanged
07-05 21:05:10.444 D/PowerManagerService( 1733): setScreenBrightnessOverrideFromWindowManagerInternal done
07-05 21:05:10.446 D/PowerManagerService( 1733): setScreenBrightnessOverrideFromWindowManagerInternal done
07-05 21:05:10.461 D/PowerManagerService( 1733): setScreenBrightnessOverrideFromWindowManagerInternal done
07-05 21:05:10.517 D/PowerManagerService( 1733): setScreenBrightnessOverrideFromWindowManagerInternal done
07-05 21:05:10.550 D/GlobalInputEventMonitoringService( 1733): interceptKeyBeforeQueueing(), event:111, mNeedMonitorKeyEvent:true, mWaitForKeyUpEvent:false
07-05 21:05:10.550 D/GlobalInputEventMonitoringService( 1733): processKeyEvent(), processKeyEvent event:111
07-05 21:05:10.550 D/PowerManagerService( 1733): userActivityNoUpdateLocked: eventTime=8752121, event=1, flags=0x0, uid=1000
07-05 21:05:10.606 D/WindowManager( 1733): Unhandled key: win=Window{ee08d5 u0 com.hisense.hicloud.edca/com.hisense.hicloud.edca.mediaplayer.activity.DetailPlayActivity}, action=0, flags=0, keyCode=111, scanCode=0, metaState=0, repeatCount=0, policyFlags=1795162112
07-05 21:05:10.608 D/WindowManager( 1733): Fallback: keyCode=4 metaState=0
07-05 21:05:10.609 D/WindowManager( 1733): Performing fallback: KeyEvent { action=ACTION_DOWN, keyCode=KEYCODE_BACK, scanCode=0, metaState=0, flags=0x400, repeatCount=0, eventTime=8752121, downTime=8752121, deviceId=-1, source=0x101 }
07-05 21:05:10.625 D/GlobalInputEventMonitoringService( 1733): interceptKeyBeforeQueueing(), event:111, mNeedMonitorKeyEvent:true, mWaitForKeyUpEvent:false
07-05 21:05:10.625 D/GlobalInputEventMonitoringService( 1733): processKeyEvent(), processKeyEvent event:111
07-05 21:05:10.631 D/WindowManager( 1733): Unhandled key: win=Window{ee08d5 u0 com.hisense.hicloud.edca/com.hisense.hicloud.edca.mediaplayer.activity.DetailPlayActivity}, action=1, flags=0, keyCode=111, scanCode=0, metaState=0, repeatCount=0, policyFlags=1795162112
07-05 21:05:10.631 D/WindowManager( 1733): Fallback: keyCode=4 metaState=0
07-05 21:05:10.631 D/WindowManager( 1733): Performing fallback: KeyEvent { action=ACTION_UP, keyCode=KEYCODE_BACK, scanCode=0, metaState=0, flags=0x400, repeatCount=0, eventTime=8752121, downTime=8752121, deviceId=-1, source=0x101 }
07-05 21:05:10.642 I/UsageStatsService( 1733): paused component:com.hisense.hicloud.edca
07-05 21:05:10.642 V/UsageStatsService( 1733): Paused: 8752214   Component: com.hisense.hicloud.edca/com.hisense.hicloud.edca.mediaplayer.activity.DetailPlayActivity   Time: 1499259910642 LastSessionTime: 1159 CumulativeSessionTime: 2305294
07-05 21:05:10.642 D/UsageStatsService( 1733): UsageStats: broadcasting intent
07-05 21:05:10.646 D/UsageStatsService( 1733): User[0] Got usage event for com.hisense.hicloud.edca[1499259910643]: MOVE_TO_BACKGROUND
07-05 21:05:47.559 V/UsageStatsService( 1733): Paused: 8789131   Component: com.jamdeo.launcher/com.jamdeo.launcher.app.BaseTileActivity   Time: 1499259947559 LastSessionTime: 346 CumulativeSessionTime: 2030437
07-05 21:05:47.559 D/UsageStatsService( 1733): UsageStats: broadcasting intent
07-05 21:05:47.560 W/ContextImpl( 1733): Calling a method in the system process without a qualified user: android.app.ContextImpl.sendBroadcast:1327 com.android.server.usage.UsageStatsService.insertUsageStats:1104 com.android.server.usage.UsageStatsService$PkgUsageStatsExtended.updatePause:979 com.android.server.usage.UsageStatsService$LocalService.notePauseComponent:808 com.android.server.am.ActivityManagerService.updateUsageStats:3173 
07-05 21:05:47.561 D/PowerManagerService( 1733): acquireWakeLockInternal: lock=681732318, flags=0x1, tag="ActivityManager-Launch", ws=null, uid=1000, pid=1733
07-05 21:05:47.563 I/NetflixMonitorService( 1733): current fgapk : com.jamdeo.launcher
07-05 21:05:47.563 I/NetflixMonitorService( 1733): Netflix status unchanged
07-05 21:05:47.613 D/TvInputManagerService( 1733): call enableMotionEventNotifier:false
07-05 21:05:47.615 V/WindowManager( 1733): Adding window Window{180f4311 u0 com.jamdeo.launcher/com.jamdeo.launcher.app.BaseTileActivity} at 10 of 19 (before Window{15247987 u0 Starting com.jamdeo.launcher})
07-05 21:05:47.617 D/PowerManagerService( 1733): wakeUp: eventTime=8789189
07-05 21:05:47.618 D/PowerManagerService( 1733): wakeUpInternal: eventTime=8789189, uid=1000
07-05 21:05:47.618 D/PowerManagerService( 1733): wakeUpNoUpdateLocked: eventTime=8789189, uid=1000
07-05 21:05:47.621 D/TvInputManagerService( 1733): call enableMotionEventNotifier:false
07-05 21:05:47.628 D/PowerManagerService( 1733): wakeUp: eventTime=8789197
07-05 21:05:47.628 D/PowerManagerService( 1733): wakeUpInternal: eventTime=8789197, uid=1000
07-05 21:05:47.628 D/PowerManagerService( 1733): wakeUpNoUpdateLocked: eventTime=8789197, uid=1000
07-05 21:05:47.766 D/PowerManagerService( 1733): setScreenBrightnessOverrideFromWindowManagerInternal done
07-05 21:05:47.770 D/PowerManagerService( 1733): setScreenBrightnessOverrideFromWindowManagerInternal done
07-05 21:05:47.833 V/WindowManager( 1733): Adding window Window{2213ff4d u0 Starting com.hisense.hicloud.edca} at 12 of 20 (after Window{15247987 u0 Starting com.jamdeo.launcher})
07-05 21:05:47.842 D/PowerManagerService( 1733): setScreenBrightnessOverrideFromWindowManagerInternal done
07-05 21:05:47.844 D/PowerManagerService( 1733): setScreenBrightnessOverrideFromWindowManagerInternal done
07-05 21:05:47.886 I/ActivityManager( 1733): Start proc 18197:com.hisense.hicloud.edca/u0a10 for activity com.hisense.hicloud.edca/.activity.EntryActivity
07-05 21:05:47.891 D/PowerManagerService( 1733): setScreenBrightnessOverrideFromWindowManagerInternal done
07-05 21:05:47.907 D/PowerManagerService( 1733): setScreenBrightnessOverrideFromWindowManagerInternal done
07-05 21:05:47.923 D/PowerManagerService( 1733): setScreenBrightnessOverrideFromWindowManagerInternal done
07-05 21:05:47.926 D/PowerManagerService( 1733): setScreenBrightnessOverrideFromWindowManagerInternal done
07-05 21:05:47.933 D/PowerManagerService( 1733): setScreenBrightnessOverrideFromWindowManagerInternal done
07-05 21:05:47.945 D/UsageStatsService( 1733): User[0] Got usage event for com.hisense.hicloud.edca[1499259947946]: MOVE_TO_FOREGROUND
07-05 21:05:47.945 I/UsageStatsService( 1733): resumed component name is ComponentInfo{com.hisense.hicloud.edca/com.hisense.hicloud.edca.activity.EntryActivity}
07-05 21:05:47.946 I/UsageStatsService( 1733): started component:com.hisense.hicloud.edca
07-05 21:05:47.946 V/UsageStatsService( 1733): Resumed: 8789517   Component: com.hisense.hicloud.edca/com.hisense.hicloud.edca.activity.EntryActivity   Time: 1499259947946 VersionCode: 652   LastUpdateTime: 1499256171569
07-05 21:05:47.946 D/UsageStatsService( 1733): UsageStats: broadcasting intent
07-05 21:05:47.947 W/ContextImpl( 1733): Calling a method in the system process without a qualified user: android.app.ContextImpl.sendBroadcast:1327 com.android.server.usage.UsageStatsService.insertUsageStats:1104 com.android.server.usage.UsageStatsService$PkgUsageStatsExtended.updateResume:962 com.android.server.usage.UsageStatsService$LocalService.noteResumeComponent:759 com.android.server.am.ActivityManagerService.updateUsageStats:3164 
07-05 21:05:47.967 D/PowerManagerService( 1733): setScreenBrightnessOverrideFromWindowManagerInternal done
07-05 21:05:47.970 D/PowerManagerService( 1733): setScreenBrightnessOverrideFromWindowManagerInternal done
07-05 21:05:47.971 I/ActivityManager( 1733): TR16) TaskRecord{58ecb05 #5102 A=com.hisense.hicloud.edca U=0 sz=1}
07-05 21:05:47.971 I/ActivityManager( 1733): TR15) TaskRecord{34708420 #5101 A=com.jamdeo.launcher U=0 sz=1}
07-05 21:05:47.972 D/PowerManagerService( 1733): setScreenBrightnessOverrideFromWindowManagerInternal done
07-05 21:05:48.022 D/PowerManagerService( 1733): setScreenBrightnessOverrideFromWindowManagerInternal done
07-05 21:05:48.050 D/PowerManagerService( 1733): setScreenBrightnessOverrideFromWindowManagerInternal done
07-05 21:05:48.089 I/ActivityManager( 1733): TR16) TaskRecord{58ecb05 #5102 A=com.hisense.hicloud.edca U=0 sz=1}
07-05 21:05:48.089 I/ActivityManager( 1733): TR15) TaskRecord{34708420 #5101 A=com.jamdeo.launcher U=0 sz=1}
07-05 21:05:48.090 V/ActivityManager( 1733): set mstar.EnterOpaqueUI false
07-05 21:05:48.107 D/TvInputManagerService( 1733): call enableMotionEventNotifier:false
07-05 21:05:48.108 D/PowerManagerService( 1733): setScreenBrightnessOverrideFromWindowManagerInternal done
07-05 21:05:48.111 D/TvInputManagerService( 1733): call enableMotionEventNotifier:false
07-05 21:05:48.120 D/PowerManagerService( 1733): wakeUp: eventTime=8789691
07-05 21:05:48.120 D/PowerManagerService( 1733): wakeUpInternal: eventTime=8789691, uid=1000
07-05 21:05:48.120 D/PowerManagerService( 1733): wakeUpNoUpdateLocked: eventTime=8789691, uid=1000
07-05 21:05:48.209 W/ResourcesManager( 2232): Asset path '/system/framework/com.jamdeo.flow.jar' does not exist or contains no resources.
07-05 21:05:48.233 W/ActivityManager( 1733): Unable to start service Intent { act=com.jamdeo.tilelibrary.VidaaTileService pkg=com.jamdeo.launcher } U=0: not found
07-05 21:05:48.560 D/PowerManagerService( 1733): setScreenBrightnessOverrideFromWindowManagerInternal done
07-05 21:05:48.562 D/PowerManagerService( 1733): setScreenBrightnessOverrideFromWindowManagerInternal done
07-05 21:05:48.564 I/NetflixMonitorService( 1733): current fgapk : com.hisense.hicloud.edca
07-05 21:05:48.564 I/NetflixMonitorService( 1733): Netflix status unchanged
07-05 21:05:49.564 I/NetflixMonitorService( 1733): current fgapk : com.hisense.hicloud.edca
07-05 21:05:49.564 I/NetflixMonitorService( 1733): Netflix status unchanged
07-05 21:05:50.565 I/NetflixMonitorService( 1733): current fgapk : com.hisense.hicloud.edca
07-05 21:05:50.565 I/NetflixMonitorService( 1733): Netflix status unchanged
07-05 21:05:50.630 V/WindowManager( 1733): Adding window Window{2f5fbf7b u0 com.hisense.hicloud.edca/com.hisense.hicloud.edca.activity.EntryActivity} at 10 of 19 (before Window{2213ff4d u0 Starting com.hisense.hicloud.edca})
07-05 21:05:50.710 D/PowerManagerService( 1733): setScreenBrightnessOverrideFromWindowManagerInternal done
07-05 21:05:50.713 D/PowerManagerService( 1733): setScreenBrightnessOverrideFromWindowManagerInternal done
07-05 21:05:51.255 D/PowerManagerService( 1733): setScreenBrightnessOverrideFromWindowManagerInternal done
07-05 21:05:51.258 D/PowerManagerService( 1733): setScreenBrightnessOverrideFromWindowManagerInternal done
07-05 21:05:51.264 D/PowerManagerService( 1733): setScreenBrightnessOverrideFromWindowManagerInternal done
07-05 21:05:51.270 D/PowerManagerService( 1733): releaseWakeLockInternal: lock=681732318 [ActivityManager-Launch], flags=0x0
07-05 21:05:51.270 D/PowerManagerNotifier( 1733): onWakeLockReleased: flags=1, tag="ActivityManager-Launch", packageName=android, ownerUid=1000, ownerPid=1733, workSource=null
07-05 21:05:51.460 D/PowerManagerService( 1733): setScreenBrightnessOverrideFromWindowManagerInternal done
07-05 21:05:51.462 D/PowerManagerService( 1733): setScreenBrightnessOverrideFromWindowManagerInternal done
07-05 21:05:51.565 I/NetflixMonitorService( 1733): current fgapk : com.hisense.hicloud.edca
07-05 21:05:51.565 I/NetflixMonitorService( 1733): Netflix status unchanged
07-05 21:05:51.653 D/TaskPersister( 1733): removeObsoleteFile: deleting file=4980_task.xml
07-05 21:05:51.654 D/TaskPersister( 1733): removeObsoleteFile: deleting file=4980_task_thumbnail.png
07-05 21:05:52.566 I/NetflixMonitorService( 1733): current fgapk : com.hisense.hicloud.edca
07-05 21:05:52.566 I/NetflixMonitorService( 1733): Netflix status unchanged
07-05 21:05:52.647 D/TileTransitionManager( 1733): getActivityContainer not enter cts mode
07-05 21:05:52.648 D/JamdeoActivityStackSupervisor( 1733): get currentSiloName
07-05 21:05:52.649 I/ActivityManager( 1733): START u0 {cmp=com.hisense.hicloud.edca/com.hisense.tvui.newhome.HomeMainActivity} from uid 10010 on display 0
07-05 21:05:52.651 D/PowerManagerService( 1733): setScreenBrightnessOverrideFromWindowManagerInternal done
07-05 21:05:52.662 D/PowerManagerService( 1733): setScreenBrightnessOverrideFromWindowManagerInternal done
07-05 21:05:52.663 V/WindowManager( 1733): addAppToken: AppWindowToken{268d9bb0 token=Token{1270a2f3 ActivityRecord{14180162 u0 com.hisense.hicloud.edca/com.hisense.tvui.newhome.HomeMainActivity t5102}}} to stack=67 task=5102 at 1
07-05 21:05:52.663 I/UsageStatsService( 1733): paused component:com.hisense.hicloud.edca
07-05 21:05:52.663 V/UsageStatsService( 1733): Paused: 8794235   Component: com.hisense.hicloud.edca/com.hisense.hicloud.edca.activity.EntryActivity   Time: 1499259952663 LastSessionTime: 4718 CumulativeSessionTime: 2323143
07-05 21:05:52.663 D/UsageStatsService( 1733): UsageStats: broadcasting intent
07-05 21:05:52.664 D/UsageStatsService( 1733): User[0] Got usage event for com.hisense.hicloud.edca[1499259952664]: MOVE_TO_BACKGROUND
07-05 21:05:52.664 W/ContextImpl( 1733): Calling a method in the system process without a qualified user: android.app.ContextImpl.sendBroadcast:1327 com.android.server.usage.UsageStatsService.insertUsageStats:1104 com.android.server.usage.UsageStatsService$PkgUsageStatsExtended.updatePause:979 com.android.server.usage.UsageStatsService$LocalService.notePauseComponent:808 com.android.server.am.ActivityManagerService.updateUsageStats:3173 
07-05 21:05:52.665 D/PowerManagerService( 1733): acquireWakeLockInternal: lock=681732318, flags=0x1, tag="ActivityManager-Launch", ws=null, uid=1000, pid=1733
07-05 21:05:52.665 D/PowerManagerNotifier( 1733): onWakeLockAcquired: flags=1, tag="ActivityManager-Launch", packageName=android, ownerUid=1000, ownerPid=1733, workSource=null
07-05 21:05:52.678 I/UsageStatsService( 1733): resumed component name is ComponentInfo{com.hisense.hicloud.edca/com.hisense.tvui.newhome.HomeMainActivity}
07-05 21:05:52.678 I/UsageStatsService( 1733): started component:com.hisense.hicloud.edca
07-05 21:05:52.678 V/UsageStatsService( 1733): Resumed: 8794249   Component: com.hisense.hicloud.edca/com.hisense.tvui.newhome.HomeMainActivity   Time: 1499259952678 VersionCode: 652   LastUpdateTime: 1499256171569
07-05 21:05:52.678 D/UsageStatsService( 1733): UsageStats: broadcasting intent
07-05 21:05:52.678 W/ContextImpl( 1733): Calling a method in the system process without a qualified user: android.app.ContextImpl.sendBroadcast:1327 com.android.server.usage.UsageStatsService.insertUsageStats:1104 com.android.server.usage.UsageStatsService$PkgUsageStatsExtended.updateResume:962 com.android.server.usage.UsageStatsService$LocalService.noteResumeComponent:759 com.android.server.am.ActivityManagerService.updateUsageStats:3164 
07-05 21:05:52.679 D/UsageStatsService( 1733): User[0] Got usage event for com.hisense.hicloud.edca[1499259952678]: MOVE_TO_FOREGROUND
07-05 21:05:52.682 D/PowerManagerService( 1733): setScreenBrightnessOverrideFromWindowManagerInternal done
07-05 21:05:52.687 I/ActivityManager( 1733): TR16) TaskRecord{58ecb05 #5102 A=com.hisense.hicloud.edca U=0 sz=2}
07-05 21:05:52.687 I/ActivityManager( 1733): TR15) TaskRecord{34708420 #5101 A=com.jamdeo.launcher U=0 sz=1}
07-05 21:05:52.688 V/ActivityManager( 1733): set mstar.EnterOpaqueUI false
07-05 21:05:53.238 V/WindowManager( 1733): Adding window Window{1c089174 u0 com.hisense.hicloud.edca/com.hisense.tvui.newhome.HomeMainActivity} at 11 of 19 (after Window{2f5fbf7b u0 com.hisense.hicloud.edca/com.hisense.hicloud.edca.activity.EntryActivity})
07-05 21:05:53.368 V/HotPlugDetectionAction( 1733): Poll all devices.
07-05 21:05:53.393 D/PowerManagerService( 1733): setScreenBrightnessOverrideFromWindowManagerInternal done
07-05 21:05:53.394 D/PowerManagerService( 1733): setScreenBrightnessOverrideFromWindowManagerInternal done
07-05 21:05:53.550 D/PowerManagerService( 1733): setScreenBrightnessOverrideFromWindowManagerInternal done
07-05 21:05:53.554 D/PowerManagerService( 1733): setScreenBrightnessOverrideFromWindowManagerInternal done
07-05 21:05:53.562 D/PowerManagerService( 1733): setScreenBrightnessOverrideFromWindowManagerInternal done
07-05 21:05:53.566 I/NetflixMonitorService( 1733): current fgapk : com.hisense.hicloud.edca
07-05 21:05:53.566 I/NetflixMonitorService( 1733): Netflix status unchanged
07-05 21:05:53.796 E/HDMI_CEC( 1733): Send Message TO[5] 
07-05 21:05:53.796 E/HDMI_CEC( 1733): OP[0], <Feature Abort> 
07-05 21:05:53.796 E/HDMI_CEC( 1733): ========
07-05 21:05:53.867 E/HDMI_CEC( 1733): MI_CEC_SendTxPolling, ErrCode[4] 
07-05 21:05:53.901 E/HDMI_CEC( 1733): Sending message can't be response. 
07-05 21:05:53.994 D/PowerManagerService( 1733): setScreenBrightnessOverrideFromWindowManagerInternal done
07-05 21:05:54.000 D/PowerManagerService( 1733): setScreenBrightnessOverrideFromWindowManagerInternal done
07-05 21:05:54.010 D/PowerManagerService( 1733): setScreenBrightnessOverrideFromWindowManagerInternal done
07-05 21:05:54.566 I/NetflixMonitorService( 1733): current fgapk : com.hisense.hicloud.edca
07-05 21:05:54.567 I/NetflixMonitorService( 1733): Netflix status unchanged
07-05 21:05:54.850 D/HDMI    ( 1733): [P]:AllocatedAddress=[]
07-05 21:05:55.567 I/NetflixMonitorService( 1733): current fgapk : com.hisense.hicloud.edca
07-05 21:05:55.567 I/NetflixMonitorService( 1733): Netflix status unchanged
07-05 21:05:55.628 D/PowerManagerService( 1733): setScreenBrightnessOverrideFromWindowManagerInternal done
07-05 21:05:56.567 I/NetflixMonitorService( 1733): current fgapk : com.hisense.hicloud.edca
07-05 21:05:56.568 I/NetflixMonitorService( 1733): Netflix status unchanged
07-05 21:05:56.838 D/PowerManagerService( 1733): releaseWakeLockInternal: lock=681732318 [ActivityManager-Launch], flags=0x0
07-05 21:05:56.839 D/PowerManagerNotifier( 1733): onWakeLockReleased: flags=1, tag="ActivityManager-Launch", packageName=android, ownerUid=1000, ownerPid=1733, workSource=null
07-05 21:05:56.854 D/PowerManagerService( 1733): setScreenBrightnessOverrideFromWindowManagerInternal done
07-05 21:05:57.109 W/ActivityManager( 1733): Activity destroy timeout for ActivityRecord{25ff16e6 u0 com.jamdeo.launcher/.app.BaseTileActivity t5099 f}
07-05 21:05:57.193 I/UsageStatsService( 1733): User[0] Flushing usage stats to disk
07-05 21:05:57.543 D/PowerManagerService( 1733): setScreenBrightnessOverrideFromWindowManagerInternal done
07-05 21:05:57.553 V/WindowManager( 1733): Adding window Window{2d00410d u0 SurfaceView} at 10 of 19 (before Window{1c089174 u0 com.hisense.hicloud.edca/com.hisense.tvui.newhome.HomeMainActivity})
07-05 21:05:57.560 D/PowerManagerService( 1733): setScreenBrightnessOverrideFromWindowManagerInternal done
07-05 21:05:57.568 I/NetflixMonitorService( 1733): current fgapk : com.hisense.hicloud.edca
07-05 21:05:57.568 I/NetflixMonitorService( 1733): Netflix status unchanged
07-05 21:05:57.570 D/PowerManagerService( 1733): setScreenBrightnessOverrideFromWindowManagerInternal done
07-05 21:05:57.572 D/PowerManagerService( 1733): setScreenBrightnessOverrideFromWindowManagerInternal done
07-05 21:05:57.577 D/PowerManagerService( 1733): setScreenBrightnessOverrideFromWindowManagerInternal done
07-05 21:05:57.642 D/PowerManagerService( 1733): setScreenBrightnessOverrideFromWindowManagerInternal done
07-05 21:05:58.040 D/PowerManagerService( 1733): acquireWakeLockInternal: lock=435935426, flags=0x1, tag="AudioMix", ws=null, uid=1013, pid=0
07-05 21:05:58.040 D/PowerManagerNotifier( 1733): onWakeLockAcquired: flags=1, tag="AudioMix", packageName=media, ownerUid=1013, ownerPid=0, workSource=null
07-05 21:05:58.041 D/PowerManagerService( 1733): acquireWakeLockInternal: lock=877827795, flags=0x1, tag="AudioMix", ws=null, uid=1013, pid=0
07-05 21:05:58.041 D/PowerManagerNotifier( 1733): onWakeLockAcquired: flags=1, tag="AudioMix", packageName=media, ownerUid=1013, ownerPid=0, workSource=null
07-05 21:05:58.041 D/PowerManagerService( 1733): updateWakeLockWorkSourceInternal: lock=877827795 [AudioMix], ws=null
07-05 21:05:58.041 D/PowerManagerService( 1733): updateWakeLockWorkSourceInternal: lock=435935426 [AudioMix], ws=null
07-05 21:05:58.569 I/NetflixMonitorService( 1733): current fgapk : com.hisense.hicloud.edca
07-05 21:05:58.569 I/NetflixMonitorService( 1733): Netflix status unchanged
07-05 21:05:59.342 D/PowerManagerService( 1733): setScreenBrightnessOverrideFromWindowManagerInternal done
07-05 21:05:59.345 D/PowerManagerService( 1733): setScreenBrightnessOverrideFromWindowManagerInternal done
07-05 21:05:59.371 D/PowerManagerService( 1733): acquireWakeLockInternal: lock=487931605, flags=0x2000000a, tag="WindowManager", ws=WorkSource{10010}, uid=1000, pid=1733
07-05 21:05:59.371 D/PowerManagerNotifier( 1733): onWakeLockAcquired: flags=536870922, tag="WindowManager", packageName=android, ownerUid=1000, ownerPid=1733, workSource=WorkSource{10010}
07-05 21:05:59.371 D/PowerManagerService( 1733): setScreenBrightnessOverrideFromWindowManagerInternal done
07-05 21:05:59.569 I/NetflixMonitorService( 1733): current fgapk : com.hisense.hicloud.edca
07-05 21:05:59.569 I/NetflixMonitorService( 1733): Netflix status unchanged
07-05 21:06:00.000 D/PowerManagerService( 1733): acquireWakeLockInternal: lock=1013057410, flags=0x40000001, tag="*alarm*", ws=WorkSource{1000}, uid=1000, pid=1733
07-05 21:06:00.000 D/PowerManagerNotifier( 1733): onWakeLockAcquired: flags=1073741825, tag="*alarm*", packageName=android, ownerUid=1000, ownerPid=1733, workSource=WorkSource{1000}
07-05 21:06:00.050 D/PowerManagerService( 1733): releaseWakeLockInternal: lock=1013057410 [*alarm*], flags=0x0
07-05 21:06:00.050 D/PowerManagerNotifier( 1733): onWakeLockReleased: flags=1073741825, tag="*alarm*", packageName=android, ownerUid=1000, ownerPid=1733, workSource=WorkSource{1000}
07-05 21:06:00.570 I/NetflixMonitorService( 1733): current fgapk : com.hisense.hicloud.edca
07-05 21:06:00.570 I/NetflixMonitorService( 1733): Netflix status unchanged
07-05 21:06:01.011 D/WifiService( 1733): New client listening to asynchronous messages
07-05 21:06:01.037 D/PowerManagerService( 1733): updateWakeLockWorkSourceInternal: lock=435935426 [AudioMix], ws=WorkSource{10010}
07-05 21:06:01.037 D/PowerManagerNotifier( 1733): onWakeLockReleased: flags=1, tag="AudioMix", packageName=media, ownerUid=1013, ownerPid=0, workSource=null
07-05 21:06:01.038 D/PowerManagerNotifier( 1733): onWakeLockAcquired: flags=1, tag="AudioMix", packageName=media, ownerUid=1013, ownerPid=0, workSource=WorkSource{10010}
07-05 21:06:01.044 D/PowerManagerService( 1733): releaseWakeLockInternal: lock=877827795 [AudioMix], flags=0x0
07-05 21:06:01.044 D/PowerManagerNotifier( 1733): onWakeLockReleased: flags=1, tag="AudioMix", packageName=media, ownerUid=1013, ownerPid=0, workSource=null
07-05 21:06:01.570 I/NetflixMonitorService( 1733): current fgapk : com.hisense.hicloud.edca
07-05 21:06:01.570 I/NetflixMonitorService( 1733): Netflix status unchanged
--------- beginning of main
07-05 21:06:01.793 I/MyFragmentStateAdapter(18197): getCount
07-05 21:06:01.837 I/MyFragmentStateAdapter(18197): getCount
07-05 21:06:01.843 I/HLSP2P  ( 3457): ## 2017-07-05 21:06:01.843 [3457,3628,:0] INFO ## [HLSP2P][PunchHelper.cpp:286][INFO][SendHeartBeatMsg][PunchHelper] send heartbeat to punch server(111.161.53.222:8002) ok
07-05 21:06:01.866 I/HLSP2P  ( 3457): ## 2017-07-05 21:06:01.865 [3457,3630,:0] INFO ## [HLSP2P][PunchHelper.cpp:431][INFO][OnHeartbeatRsp][PunchHelper] punch heartbeat rsp ok
07-05 21:06:01.869 I/MiSysSrv( 1214): [37m[INFO] Change to Voltage: 117 mv (0x32)[m
07-05 21:06:01.883 I/MyFragmentStateAdapter(18197): getCount
07-05 21:06:01.920 I/MyFragmentStateAdapter(18197): getCount
07-05 21:06:01.929 I/TVMW@HsTvSetting( 1234): Trace cmd, data = 0x1058
07-05 21:06:01.929 D/til@system( 2026): til_get_system_param option:100002F int:0, bool:0, ret:0
07-05 21:06:01.930 I/TVMW@HsTvSetting( 1234): Trace cmd, data = 0x101f
07-05 21:06:01.930 D/til@system( 2026): til_get_system_param option:100001D int:3, bool:3, ret:0
07-05 21:06:01.931 E/til     ( 2026): [til_get_current_input_source, 101] 
07-05 21:06:01.931 I/TVMW@HsTvSetting( 1234): Trace cmd, data = 0x7007
07-05 21:06:01.931 I/tilwrapper@sm( 2026): HS2TIL_SourceType *hs=0xd, *til=0x900
07-05 21:06:01.931 D/til     ( 2026): get current source 2304
07-05 21:06:01.931 D/SourceRemoteServiceHandler( 2026): getCurrentInputSource.from.til.result is 0, value is 2304
07-05 21:06:01.931 D/SourceRemoteServiceHandler( 2026): getInputSourceType source: 0x900, type=2304
07-05 21:06:01.931 D/til     ( 2026): ###### func:til_get_picture_param option:0x3000006 ######  
07-05 21:06:01.931 I/TVMW@HsTvSetting( 1234): Trace cmd, data = 0x1003
07-05 21:06:01.932 I/TVMW@HsTvSetting( 1234): Trace cmd, data = 0x8032
07-05 21:06:01.932 I/hstvos  ( 1216): [0m[1;33m[HSHAL][HS_VIDEO][HS_HAL_Video_SetOsdDetect_v2][2389]u16Threshold = 20
07-05 21:06:01.932 E/TVMW@videoctrl( 1234):  getOsd is 1
07-05 21:06:01.932 D/til@system( 2026): til_get_system_param option:1000027 int:1, bool:1, ret:0
07-05 21:06:01.933 D/til     ( 2026): ###### func:til_get_picture_param option:0x3000045 ######  
07-05 21:06:01.933 I/TVMW@HsTvSetting( 1234): Trace cmd, data = 0x300c
07-05 21:06:01.933 I/TVMW@HsTvSetting( 1234): Trace 3d, data = 0x300c
07-05 21:06:01.933 I/TVMW@3d ( 1234): Hs_debug3d_trace: func:get3dStatus, line:109
07-05 21:06:01.948 I/MyFragmentStateAdapter(18197): getCount
07-05 21:06:01.980 I/MyFragmentStateAdapter(18197): getCount
07-05 21:06:02.019 I/MyFragmentStateAdapter(18197): getCount
07-05 21:06:02.053 I/MyFragmentStateAdapter(18197): getCount
07-05 21:06:02.070 I/MiSysSrv( 1214): [37m[INFO] Change to Voltage: 102 mv (0x23)[m
07-05 21:06:02.083 I/MyFragmentStateAdapter(18197): getCount
07-05 21:06:02.112 I/MyFragmentStateAdapter(18197): getCount
07-05 21:06:02.132 I/MyFragmentStateAdapter(18197): getCount
07-05 21:06:02.139 D/MSTAR_VDEC_DBG( 1206): Stream ID: 0, Rate : 23 (E:0,D:0,S:0,F:47) 
07-05 21:06:02.169 I/MiSysSrv( 1214): [37m[INFO] Change to Voltage: 102 mv (0x23)[m
07-05 21:06:02.170 I/MyFragmentStateAdapter(18197): getCount
07-05 21:06:02.206 I/MyFragmentStateAdapter(18197): getCount
07-05 21:06:02.235 I/MyFragmentStateAdapter(18197): getCount
07-05 21:06:02.257 I/MyFragmentStateAdapter(18197): getCount
07-05 21:06:02.270 I/MiSysSrv( 1214): [37m[INFO] Change to Voltage: 102 mv (0x23)[m
07-05 21:06:02.299 I/TVMW@devctrl( 1234): wdt
07-05 21:06:02.315 I/MyFragmentStateAdapter(18197): getCount
07-05 21:06:02.364 I/MyFragmentStateAdapter(18197): getCount
07-05 21:06:02.380 I/art     (18163): Background sticky concurrent mark sweep GC freed 17085(904KB) AllocSpace objects, 0(0B) LOS objects, 59% free, 663KB/1650KB, paused 13.746ms total 27.219ms
07-05 21:06:02.414 I/MyFragmentStateAdapter(18197): getCount
07-05 21:06:02.434 I/TVMW@HsTvSetting( 1234): Trace cmd, data = 0x1058
07-05 21:06:02.434 D/til@system( 2026): til_get_system_param option:100002F int:0, bool:0, ret:0
07-05 21:06:02.438 I/TVMW@HsTvSetting( 1234): Trace cmd, data = 0x101f
07-05 21:06:02.439 D/til@system( 2026): til_get_system_param option:100001D int:3, bool:3, ret:0
07-05 21:06:02.439 E/til     ( 2026): [til_get_current_input_source, 101] 
07-05 21:06:02.439 I/TVMW@HsTvSetting( 1234): Trace cmd, data = 0x7007
07-05 21:06:02.440 I/tilwrapper@sm( 2026): HS2TIL_SourceType *hs=0xd, *til=0x900
07-05 21:06:02.440 D/til     ( 2026): get current source 2304
07-05 21:06:02.440 D/SourceRemoteServiceHandler( 2026): getCurrentInputSource.from.til.result is 0, value is 2304
07-05 21:06:02.440 D/SourceRemoteServiceHandler( 2026): getInputSourceType source: 0x900, type=2304
07-05 21:06:02.440 D/til     ( 2026): ###### func:til_get_picture_param option:0x3000006 ######  
07-05 21:06:02.440 I/TVMW@HsTvSetting( 1234): Trace cmd, data = 0x1003
07-05 21:06:02.442 I/TVMW@HsTvSetting( 1234): Trace cmd, data = 0x8032
07-05 21:06:02.443 I/hstvos  ( 1216): [0m[1;33m[HSHAL][HS_VIDEO][HS_HAL_Video_SetOsdDetect_v2][2389]u16Threshold = 20
07-05 21:06:02.444 E/TVMW@videoctrl( 1234):  getOsd is 1
07-05 21:06:02.444 D/til@system( 2026): til_get_system_param option:1000027 int:1, bool:1, ret:0
07-05 21:06:02.444 D/til     ( 2026): ###### func:til_get_picture_param option:0x3000045 ######  
07-05 21:06:02.444 I/TVMW@HsTvSetting( 1234): Trace cmd, data = 0x300c
07-05 21:06:02.444 I/TVMW@HsTvSetting( 1234): Trace 3d, data = 0x300c
07-05 21:06:02.444 I/TVMW@3d ( 1234): Hs_debug3d_trace: func:get3dStatus, line:109
07-05 21:06:02.451 I/MyFragmentStateAdapter(18197): getCount
07-05 21:06:02.469 I/MiSysSrv( 1214): [37m[INFO] Change to Voltage: 117 mv (0x32)[m
07-05 21:06:02.486 I/MyFragmentStateAdapter(18197): getCount
07-05 21:06:02.502 I/HLSP2P  (16224): ## 2017-07-05 21:06:02.501 [16224,16378,:0] INFO ## [HLSP2P][TaskManager.cpp:838][INFO][UpdateGlobalInfo]totalDataSize: 0, totalMemorySize: 0, totalCacheSize: 0, PlayTaskAllFinish: 0
07-05 21:06:02.513 I/MyFragmentStateAdapter(18197): getCount
07-05 21:06:02.524 I/HLSP2P  (16224): ## 2017-07-05 21:06:02.502 [16224,16378,:0] INFO ## [HLSP2P][TaskManager.cpp:1348][INFO][TryAdjustMemorySize]system memory total size: 1912M, free size: 374MB, cache add to 100MB, AppState: 14, IsLowMemory: 0
07-05 21:06:02.547 I/MyFragmentStateAdapter(18197): getCount
07-05 21:06:02.568 I/MyFragmentStateAdapter(18197): getCount
07-05 21:06:02.569 I/MiSysSrv( 1214): [37m[INFO] Change to Voltage: 112 mv (0x2D)[m
07-05 21:06:02.571 I/NetflixMonitorService( 1733): current fgapk : com.hisense.hicloud.edca
07-05 21:06:02.571 I/NetflixMonitorService( 1733): Netflix status unchanged
07-05 21:06:02.588 I/MyFragmentStateAdapter(18197): getCount
07-05 21:06:02.616 I/MyFragmentStateAdapter(18197): getCount
07-05 21:06:02.646 I/MyFragmentStateAdapter(18197): getCount
07-05 21:06:02.652 I/art     (18163): Background concurrent mark sweep GC freed 19153(1010KB) AllocSpace objects, 0(0B) LOS objects, 63% free, 594KB/1618KB, paused 5.474ms total 16.505ms
07-05 21:06:02.669 I/MiSysSrv( 1214): [37m[INFO] Change to Voltage: 112 mv (0x2D)[m
07-05 21:06:02.680 I/MyFragmentStateAdapter(18197): getCount
07-05 21:06:02.697 D/DtvSourcePlugin-DVBC(15961): Setting the EPG Updater state to: WAIT
07-05 21:06:02.702 I/MyFragmentStateAdapter(18197): getCount
07-05 21:06:02.733 I/MyFragmentStateAdapter(18197): getCount
07-05 21:06:02.754 I/MyFragmentStateAdapter(18197): getCount
07-05 21:06:02.769 I/MiSysSrv( 1214): [37m[INFO] Change to Voltage: 107 mv (0x28)[m
07-05 21:06:02.778 I/MyFragmentStateAdapter(18197): getCount
07-05 21:06:02.813 I/MyFragmentStateAdapter(18197): getCount
07-05 21:06:02.842 I/MyFragmentStateAdapter(18197): getCount
07-05 21:06:02.849 D/QrRecognization( 2232): handleMessage msg=4
07-05 21:06:02.849 D/QrRecognization( 2232): handleMessage msg=1
07-05 21:06:02.850 D/QrRecognization( 2232): start update screenshot
07-05 21:06:02.850 D/QrRecognization( 2232): QR detection is not enabled in tile com.hisense.hicloud.edca
07-05 21:06:02.850 D/QrRecognization( 2232): error in getBitmap from screen
07-05 21:06:02.869 I/MiSysSrv( 1214): [37m[INFO] Change to Voltage: 102 mv (0x23)[m
07-05 21:06:02.878 I/MyFragmentStateAdapter(18197): getCount
07-05 21:06:02.907 I/MyFragmentStateAdapter(18197): getCount
07-05 21:06:02.932 I/MyFragmentStateAdapter(18197): getCount
07-05 21:06:02.949 I/TVMW@HsTvSetting( 1234): Trace cmd, data = 0x1058
07-05 21:06:02.949 D/til@system( 2026): til_get_system_param option:100002F int:0, bool:0, ret:0
07-05 21:06:02.949 I/TVMW@HsTvSetting( 1234): Trace cmd, data = 0x101f
07-05 21:06:02.950 D/til@system( 2026): til_get_system_param option:100001D int:3, bool:3, ret:0
07-05 21:06:02.950 E/til     ( 2026): [til_get_current_input_source, 101] 
07-05 21:06:02.950 I/TVMW@HsTvSetting( 1234): Trace cmd, data = 0x7007
07-05 21:06:02.950 I/tilwrapper@sm( 2026): HS2TIL_SourceType *hs=0xd, *til=0x900
07-05 21:06:02.950 D/til     ( 2026): get current source 2304
07-05 21:06:02.950 D/SourceRemoteServiceHandler( 2026): getCurrentInputSource.from.til.result is 0, value is 2304
07-05 21:06:02.950 D/SourceRemoteServiceHandler( 2026): getInputSourceType source: 0x900, type=2304
07-05 21:06:02.950 D/til     ( 2026): ###### func:til_get_picture_param option:0x3000006 ######  
07-05 21:06:02.950 I/TVMW@HsTvSetting( 1234): Trace cmd, data = 0x1003
07-05 21:06:02.951 I/TVMW@HsTvSetting( 1234): Trace cmd, data = 0x8032
07-05 21:06:02.951 I/hstvos  ( 1216): [0m[1;33m[HSHAL][HS_VIDEO][HS_HAL_Video_SetOsdDetect_v2][2389]u16Threshold = 20
07-05 21:06:02.951 E/TVMW@videoctrl( 1234):  getOsd is 1
07-05 21:06:02.951 D/til@system( 2026): til_get_system_param option:1000027 int:1, bool:1, ret:0
07-05 21:06:02.952 D/til     ( 2026): ###### func:til_get_picture_param option:0x3000045 ######  
07-05 21:06:02.952 I/TVMW@HsTvSetting( 1234): Trace cmd, data = 0x300c
07-05 21:06:02.952 I/TVMW@HsTvSetting( 1234): Trace 3d, data = 0x300c
07-05 21:06:02.952 I/TVMW@3d ( 1234): Hs_debug3d_trace: func:get3dStatus, line:109
07-05 21:06:02.965 I/MyFragmentStateAdapter(18197): getCount
07-05 21:06:02.972 D/MyLocalStartService(16899): currentName is :com.hisense.hicloud.edca
07-05 21:06:02.974 I/MiSysSrv( 1214): [37m[INFO] Change to Voltage: 102 mv (0x23)[m
07-05 21:06:02.998 I/MyFragmentStateAdapter(18197): getCount
07-05 21:06:03.022 I/MyFragmentStateAdapter(18197): getCount
07-05 21:06:03.049 I/MyFragmentStateAdapter(18197): getCount
07-05 21:06:03.081 I/MyFragmentStateAdapter(18197): getCount
07-05 21:06:03.104 I/MyFragmentStateAdapter(18197): getCount
07-05 21:06:03.130 I/MyFragmentStateAdapter(18197): getCount
07-05 21:06:03.157 I/MyFragmentStateAdapter(18197): getCount
07-05 21:06:03.167 I/HLSP2P  (16183): ## 2017-07-05 21:06:03.160 [16183,16481,:0] INFO ## [HLSP2P][DownloadManager.cpp:35][INFO][TryExtendCacheSize]system memory total size : 1912M, free size : 371M, cache add to 30MB
07-05 21:06:03.182 I/MyFragmentStateAdapter(18197): getCount
07-05 21:06:03.183 D/MSTAR_VDEC_DBG( 1206): Stream ID: 0, Rate : 23 (E:0,D:0,S:0,F:72) 
07-05 21:06:03.200 I/TVMW@devctrl( 1234): wdt
07-05 21:06:03.206 I/MyFragmentStateAdapter(18197): getCount
07-05 21:06:03.231 I/MyFragmentStateAdapter(18197): getCount
07-05 21:06:03.251 I/MyFragmentStateAdapter(18197): getCount
07-05 21:06:03.274 I/MyFragmentStateAdapter(18197): getCount
07-05 21:06:03.302 I/MyFragmentStateAdapter(18197): getCount
07-05 21:06:03.326 I/MyFragmentStateAdapter(18197): getCount
07-05 21:06:03.362 I/MyFragmentStateAdapter(18197): getCount
07-05 21:06:03.402 I/MyFragmentStateAdapter(18197): getCount
07-05 21:06:03.442 I/MyFragmentStateAdapter(18197): getCount
07-05 21:06:03.453 I/TVMW@HsTvSetting( 1234): Trace cmd, data = 0x1058
07-05 21:06:03.453 D/til@system( 2026): til_get_system_param option:100002F int:0, bool:0, ret:0
07-05 21:06:03.453 I/TVMW@HsTvSetting( 1234): Trace cmd, data = 0x101f
07-05 21:06:03.453 D/til@system( 2026): til_get_system_param option:100001D int:3, bool:3, ret:0
07-05 21:06:03.453 E/til     ( 2026): [til_get_current_input_source, 101] 
07-05 21:06:03.453 I/TVMW@HsTvSetting( 1234): Trace cmd, data = 0x7007
07-05 21:06:03.453 I/tilwrapper@sm( 2026): HS2TIL_SourceType *hs=0xd, *til=0x900
07-05 21:06:03.453 D/til     ( 2026): get current source 2304
07-05 21:06:03.453 D/SourceRemoteServiceHandler( 2026): getCurrentInputSource.from.til.result is 0, value is 2304
07-05 21:06:03.453 D/SourceRemoteServiceHandler( 2026): getInputSourceType source: 0x900, type=2304
07-05 21:06:03.454 D/til     ( 2026): ###### func:til_get_picture_param option:0x3000006 ######  
07-05 21:06:03.454 I/TVMW@HsTvSetting( 1234): Trace cmd, data = 0x1003
07-05 21:06:03.454 I/TVMW@HsTvSetting( 1234): Trace cmd, data = 0x8032
07-05 21:06:03.454 I/hstvos  ( 1216): [0m[1;33m[HSHAL][HS_VIDEO][HS_HAL_Video_SetOsdDetect_v2][2389]u16Threshold = 20
07-05 21:06:03.454 E/TVMW@videoctrl( 1234):  getOsd is 1
07-05 21:06:03.455 D/til@system( 2026): til_get_system_param option:1000027 int:1, bool:1, ret:0
07-05 21:06:03.455 D/til     ( 2026): ###### func:til_get_picture_param option:0x3000045 ######  
07-05 21:06:03.455 I/TVMW@HsTvSetting( 1234): Trace cmd, data = 0x300c
07-05 21:06:03.455 I/TVMW@HsTvSetting( 1234): Trace 3d, data = 0x300c
07-05 21:06:03.455 I/TVMW@3d ( 1234): Hs_debug3d_trace: func:get3dStatus, line:109
07-05 21:06:03.482 I/MyFragmentStateAdapter(18197): getCount
07-05 21:06:03.514 I/MyFragmentStateAdapter(18197): getCount
07-05 21:06:03.515 I/HLSP2P  (16224): ## 2017-07-05 21:06:03.514 [16224,16378,:0] INFO ## [HLSP2P][PunchHelper.cpp:289][INFO][SendHeartBeatMsg][PunchHelper] send heartbeat to punch server(124.160.168.204:8001) ok
07-05 21:06:03.544 I/HLSP2P  (16224): ## 2017-07-05 21:06:03.544 [16224,16380,:0] INFO ## [HLSP2P][PunchHelper.cpp:434][INFO][OnHeartbeatRsp][PunchHelper] punch heartbeat rsp ok
07-05 21:06:03.552 I/MyFragmentStateAdapter(18197): getCount
07-05 21:06:03.571 I/NetflixMonitorService( 1733): current fgapk : com.hisense.hicloud.edca
