07-05 23:03:17.777 D/SourceRemoteServiceHandler( 2026): getInputSourceType source: 0x900, type=2304
07-05 23:03:17.778 I/ReportService( 3281): siloName isnull
07-05 23:03:17.779 V/PackageManager( 1733): getPackageInfo com.hisense.hicloud.edca: Package{3fb3f3a1 com.hisense.hicloud.edca}
07-05 23:03:17.779 I/ReportService( 3281): HiReport string sent out is:1.5|3|86100300900000500000060a4818fca8|1499266996|1499266997|com.hisense.hicloud.edca|3.0.0.9.00|8
07-05 23:03:17.779 W/ReportService( 3281): enter InsertUserBehaviorDataReportTask  mUri = content://com.hisense.hitv.hicloud.log/loginput mContentValues = lastsessiondurationtime=1689 LOGVALUE=1.5|3|86100300900000500000060a4818fca8|1499266996|1499266997|com.hisense.hicloud.edca|3.0.0.9.00|8 operation=P time=1499266997770 package=com.hisense.hicloud.edca cumulativesessiondurationtime=6469283 versioncode=652 lastupdatetime=1499256171569 _id=null type=APPRUN component=com.hisense.hicloud.edca.mediaplayer.activity.DetailPlayActivity mContext == com.hisense.hireport.ReportService@3a75cda9mType == 95
07-05 23:03:17.780 I/ReportService( 3281): enter doInBackground*****
07-05 23:03:17.789 D/DetailPlayActivity(17944): ---------------------------onpause
07-05 23:03:17.789 D/DetailPlayActivity(17944): ---------------------------onpauserelease player
07-05 23:03:17.789 D/DetailVideoPlayerContainer(17944): releasePlayer,mIsAutoFlag:true
07-05 23:03:17.789 D/DetailVideoPlayerContainer(17944): sunliqin,releasePlayer(),mPosition:0 mPlayLimitTime:0
07-05 23:03:17.789 D/DetailVideoPlayerContainer(17944): autoRecordPlayHistroymPosition:0     mDuration:0 mPlayLimitTime:0  mIsAutoFlag:true
07-05 23:03:17.789 D/DetailVideoPlayerContainer(17944): releasePlayer(,histroy,mDuration:0  total:48  mIndex + 11
07-05 23:03:17.790 D/VideoInfo(17944): reportVideoExit,position:0
07-05 23:03:17.793 I/ReportService( 3281): result is content://com.hisense.hitv.hicloud.log/loginput/1
07-05 23:03:17.795 I/ReportService( 3281): enter onPostExecute result is: true
07-05 23:03:17.796 I/edu     (17944): ---------- ==>1002
07-05 23:03:17.798 D/EduSourcePlayerHelper(17944): journalVideoExit(): content://com.hisense.data.edu/external_player_action?action=logging&source=EDU&event=video_exit&programSeriesId=3535&episodeId=35351&resolution=11&ts=1499266997&position=0&error_code=null&typeCode=1002&classId=&topicTitle=
07-05 23:03:17.805 D/EduSourcePlayerHelper(17944): opening cursor content://com.hisense.data.edu/external_player_action?action=logging&source=EDU&event=video_exit&programSeriesId=3535&episodeId=35351&resolution=11&ts=1499266997&position=0&error_code=null&typeCode=1002&classId=&topicTitle=
07-05 23:03:17.805 I/ActivityManager( 1733): TR16) TaskRecord{3b2a5861 #5336 A=com.hisense.hicloud.edca U=0 sz=2}
07-05 23:03:17.805 I/ActivityManager( 1733): TR15) TaskRecord{cd10cea #4980 A=com.jamdeo.launcher U=0 sz=1}
07-05 23:03:17.806 I/ContentProvider(17944): --EduProvider--query--insert db--
07-05 23:03:17.809 I/UsageStatsService( 1733): resumed component name is ComponentInfo{com.hisense.hicloud.edca/com.hisense.tvui.newhome.HomeMainActivity}
07-05 23:03:17.809 I/UsageStatsService( 1733): started component:com.hisense.hicloud.edca
07-05 23:03:17.809 V/PackageManager( 1733): getPackageInfo com.hisense.hicloud.edca: Package{3fb3f3a1 com.hisense.hicloud.edca}
07-05 23:03:17.809 V/UsageStatsService( 1733): Resumed: 15839380   Component: com.hisense.hicloud.edca/com.hisense.tvui.newhome.HomeMainActivity   Time: 1499266997809 VersionCode: 652   LastUpdateTime: 1499256171569
07-05 23:03:17.809 D/UsageStatsService( 1733): UsageStats: broadcasting intent
07-05 23:03:17.810 W/ContextImpl( 1733): Calling a method in the system process without a qualified user: android.app.ContextImpl.sendBroadcast:1327 com.android.server.usage.UsageStatsService.insertUsageStats:1104 com.android.server.usage.UsageStatsService$PkgUsageStatsExtended.updateResume:962 com.android.server.usage.UsageStatsService$LocalService.noteResumeComponent:759 com.android.server.am.ActivityManagerService.updateUsageStats:3164 
07-05 23:03:17.812 D/UsageStatsService( 1733): User[0] Got usage event for com.hisense.hicloud.edca[1499266997809]: MOVE_TO_FOREGROUND
07-05 23:03:17.816 D/PowerManagerService( 1733): setScreenBrightnessOverrideFromWindowManagerInternal done
07-05 23:03:17.819 I/ReportService( 3281): Intent received, action = android.intent.action.INSERT
07-05 23:03:17.820 I/ReportService( 3281): modelName is VIDAA_TV
07-05 23:03:17.821 E/til     ( 2026): [til_get_current_input_source, 101] 
07-05 23:03:17.821 I/TVMW@HsTvSetting( 1234): Trace cmd, data = 0x7007
07-05 23:03:17.821 I/tilwrapper@sm( 2026): HS2TIL_SourceType *hs=0xd, *til=0x900
07-05 23:03:17.821 D/til     ( 2026): get current source 2304
07-05 23:03:17.822 D/SourceRemoteServiceHandler( 2026): getCurrentInputSource.from.til.result is 0, value is 2304
07-05 23:03:17.822 D/SourceRemoteServiceHandler( 2026): getInputSourceType source: 0x900, type=2304
07-05 23:03:17.825 I/ReportService( 3281): getCurIntputSource2304
07-05 23:03:17.825 E/til     ( 2026): [til_get_current_input_source, 101] 
07-05 23:03:17.825 I/TVMW@HsTvSetting( 1234): Trace cmd, data = 0x7007
07-05 23:03:17.826 I/tilwrapper@sm( 2026): HS2TIL_SourceType *hs=0xd, *til=0x900
07-05 23:03:17.826 D/til     ( 2026): get current source 2304
07-05 23:03:17.826 D/SourceRemoteServiceHandler( 2026): getCurrentInputSource.from.til.result is 0, value is 2304
07-05 23:03:17.826 D/SourceRemoteServiceHandler( 2026): getInputSourceType source: 0x900, type=2304
07-05 23:03:17.827 I/ReportService( 3281): siloName isnull
07-05 23:03:17.828 V/PackageManager( 1733): getPackageInfo com.hisense.hicloud.edca: Package{3fb3f3a1 com.hisense.hicloud.edca}
07-05 23:03:17.829 I/ReportService( 3281): HiReport string sent out is:1.5|3|86100300900000500000060a4818fca8|1499266997|0|com.hisense.hicloud.edca|3.0.0.9.00|8
07-05 23:03:17.829 W/ReportService( 3281): enter InsertUserBehaviorDataReportTask  mUri = content://com.hisense.hitv.hicloud.log/loginput mContentValues = lastsessiondurationtime=1689 LOGVALUE=1.5|3|86100300900000500000060a4818fca8|1499266997|0|com.hisense.hicloud.edca|3.0.0.9.00|8 operation=R time=1499266997809 package=com.hisense.hicloud.edca cumulativesessiondurationtime=6469283 versioncode=652 lastupdatetime=1499256171569 _id=null type=APPRUN component=com.hisense.tvui.newhome.HomeMainActivity mContext == com.hisense.hireport.ReportService@3a75cda9mType == 95
07-05 23:03:17.830 D/OkHttp  (17944): <-- 200 OK http://picture.edu.hismarttv.com/images/20170629/20161111081409931236.jpg (151ms)
07-05 23:03:17.830 D/OkHttp  (17944): Date: Wed, 05 Jul 2017 15:03:17 GMT
07-05 23:03:17.830 D/OkHttp  (17944): Server: nginx
07-05 23:03:17.830 D/OkHttp  (17944): Content-Type: image/jpeg
07-05 23:03:17.830 D/OkHttp  (17944): Content-Length: 95117
07-05 23:03:17.830 D/OkHttp  (17944): Last-Modified: Fri, 09 Jun 2017 14:48:32 GMT
07-05 23:03:17.830 D/OkHttp  (17944): ETag: "593ab540-1738d"
07-05 23:03:17.830 D/OkHttp  (17944): Accept-Ranges: bytes
07-05 23:03:17.830 D/OkHttp  (17944): Via: 1.1 changzhiwangtong172:6 (Cdn Cache Server V2.0)[7 200 0], 1.1 PSahmaswt2ua207:6 (Cdn Cache Server V2.0)[122 200 2]
07-05 23:03:17.830 D/OkHttp  (17944): Connection: keep-alive
07-05 23:03:17.830 D/OkHttp  (17944): <-- END HTTP
07-05 23:03:17.831 I/ReportService( 3281): enter doInBackground*****
07-05 23:03:17.835 I/BaseContentFragment(17944): activity onRestart
07-05 23:03:17.835 I/SoftFragmentList(17944): fetchCacheFragment  enter ---- index = 2
07-05 23:03:17.835 D/SoftFragmentList(17944): fetchCacheFragment  mFragmentCache.size() = 3
07-05 23:03:17.836 D/SoftFragmentList(17944): fetchCacheFragment mLastIndex = 2, view = 
07-05 23:03:17.836 I/BaseContentFragment(17944): onRestart 
07-05 23:03:17.836 D/HttpHandler(17944): RetryIntercepter-->retryNum=0
07-05 23:03:17.836 D/HttpHandler(17944): RetryIntercepter-->backoffmutiplier=0
07-05 23:03:17.837 D/Carousel-CarouselView(17944): onActivityStarted, getSimpleName = HomeMainActivity,hashCode=964696291
07-05 23:03:17.838 I/BaseContentFragment(17944): onStart 
07-05 23:03:17.845 I/ReportService( 3281): result is content://com.hisense.hitv.hicloud.log/loginput/1
07-05 23:03:17.848 I/ReportService( 3281): enter onPostExecute result is: true
07-05 23:03:17.848 I/edu     (17944): 000000000 ==>mTypeCode = 1002
07-05 23:03:17.848 I/BaseContentFragment(17944): onStart UserCenterFragment
07-05 23:03:17.849 D/ContentProvider(17944): zhangxiaokai,getmImageIconUrl():http://picture.edu.hismarttv.com/images/20170629/.jpg
07-05 23:03:17.849 D/ContentProvider(17944): zhangxiaokai,getTitle()
07-05 23:03:17.849 D/ContentProvider(17944): zhangxiaokai,getTotalTime():0
07-05 23:03:17.849 D/ContentProvider(17944): zhangxiaokai getIs_fee():1
07-05 23:03:17.852 I/BaseContentFragment(17944): onStart 0-2
07-05 23:03:17.853 D/OkHttp  (17944): <-- 200 OK http://picture.edu.hismarttv.com/images/20170629/20161111080642882299.jpg (138ms)
07-05 23:03:17.853 D/OkHttp  (17944): Date: Wed, 05 Jul 2017 15:03:17 GMT
07-05 23:03:17.853 D/OkHttp  (17944): Server: nginx
07-05 23:03:17.853 D/OkHttp  (17944): Content-Type: image/jpeg
07-05 23:03:17.853 D/OkHttp  (17944): Content-Length: 95938
07-05 23:03:17.853 D/OkHttp  (17944): Last-Modified: Fri, 09 Jun 2017 14:48:34 GMT
07-05 23:03:17.853 D/OkHttp  (17944): ETag: "593ab542-176c2"
07-05 23:03:17.853 D/OkHttp  (17944): Accept-Ranges: bytes
07-05 23:03:17.853 D/OkHttp  (17944): Via: 1.1 zhiwangtong173:8 (Cdn Cache Server V2.0)[9 200 0], 1.1 PSahmaswt2ak213:2 (Cdn Cache Server V2.0)[109 200 2]
07-05 23:03:17.853 D/OkHttp  (17944): Connection: keep-alive
07-05 23:03:17.853 D/OkHttp  (17944): <-- END HTTP
07-05 23:03:17.856 I/BaseContentFragment(17944): activity onStart
07-05 23:03:17.856 D/test    (17944): vidaaVersion=
07-05 23:03:17.857 D/Carousel-CarouselView(17944): onActivityResumed, getSimpleName = HomeMainActivity,hashCode=964696291
07-05 23:03:17.857 W/Activity(17944): changePanelKeyPadStateIfNecessary() : false
07-05 23:03:17.857 V/InputManager(17944): setPanelKeyPadConvertState() : false
07-05 23:03:17.858 I/BaseContentFragment(17944): activity onResume
07-05 23:03:17.858 I/CurrentCarouselView(17944): onCarouseControlCarouselControlBean{mShoudScroll=false, mActivityHasResume=true, mActivityHasStop=false, mHasTurnGone=false, mHasTurnVisible=false, mChannelId=-1, mSlideOffset=0.0, mShouldSelectCenter=false, mTabOpen=false, mHoriPosStatus=None, mVerPosStatus=None, mLevelStatus=None},isPlayingfalse,channelId=0
07-05 23:03:17.858 I/CurrentCarouselView(17944): isCanStartPlay,mIsInPagetrue,isOutHorizontal=false,isOutVer=true,isplaying=false
07-05 23:03:17.858 I/BaseContentFragment(17944): onResume 
07-05 23:03:17.858 I/BaseContentFragment(17944): onResume UserCenterFragment
07-05 23:03:17.858 I/BaseContentFragment(17944): onResume 0-2
07-05 23:03:17.862 I/SurfaceView(17944): Changes: creating=false format=false size=false visible=true left=false top=false
07-05 23:03:17.862 I/SurfaceView(17944): Cur surface: Surface(name=null)/@0x27c2c6a9
07-05 23:03:17.868 D/Surface ( 1733): onStatusChange() : mNativeObject = 547942774784 mUseImageHwRender = false
07-05 23:03:17.868 V/Surface ( 1733): nativeSetHardwareRender() : status = 0
07-05 23:03:17.868 V/Surface ( 1733): nativeSetHardwareRender() : end
07-05 23:03:17.870 D/PowerManagerService( 1733): setScreenBrightnessOverrideFromWindowManagerInternal done
07-05 23:03:17.872 I/NetflixMonitorService( 1733): current fgapk : com.hisense.hicloud.edca
07-05 23:03:17.872 I/NetflixMonitorService( 1733): Netflix status unchanged
07-05 23:03:17.873 D/Surface ( 1733): onStatusChange() : mNativeObject = 0 mUseImageHwRender = false
07-05 23:03:17.873 D/Surface (17944): onStatusChange() : mNativeObject = -536842752 mUseImageHwRender = false
07-05 23:03:17.873 V/Surface (17944): nativeSetHardwareRender() : status = 0
07-05 23:03:17.873 V/Surface (17944): nativeSetHardwareRender() : end
07-05 23:03:17.874 I/SurfaceView(17944): New surface: Surface(name=null)/@0x162c442e, vis=true, frame=Rect(418, 205 - 1234, 665)
07-05 23:03:17.874 D/Surface (17944): onStatusChange() : mNativeObject = 0 mUseImageHwRender = false
07-05 23:03:17.874 D/Surface (17944): onStatusChange() : mNativeObject = -536842752 mUseImageHwRender = false
07-05 23:03:17.874 V/Surface (17944): nativeSetHardwareRender() : status = 0
07-05 23:03:17.874 V/Surface (17944): nativeSetHardwareRender() : end
07-05 23:03:17.874 I/SurfaceView(17944): visibleChanged -- surfaceCreated
07-05 23:03:17.874 D/Carousel-UrlVideoView(17944): surfaceCreated
07-05 23:03:17.881 D/HttpHandler(17944): RetryIntercepter-->retryNum=0
07-05 23:03:17.881 D/HttpHandler(17944): RetryIntercepter-->backoffmutiplier=0
07-05 23:03:17.895 D/Carousel-UrlVideoView(17944): openVideo
07-05 23:03:17.896 V/MediaPlayer-JNI(17944): native_setup
07-05 23:03:17.896 V/AudioFlinger( 1206): acquiring 599 from 17944, for -1
07-05 23:03:17.897 V/AudioFlinger( 1206):  added new entry for 599
07-05 23:03:17.897 V/MediaPlayer-JNI(17944): set_session_id(): 597
07-05 23:03:17.897 V/AudioFlinger( 1206): acquiring 597 from 17944, for -1
07-05 23:03:17.897 V/AudioFlinger( 1206):  added new entry for 597
07-05 23:03:17.897 V/AudioFlinger( 1206): releasing 599 from 17944 for -1
07-05 23:03:17.897 V/AudioFlinger( 1206):  decremented refcount to 0
07-05 23:03:17.897 V/AudioFlinger( 1206): purging stale effects
07-05 23:03:17.897 D/Carousel-Utils(17944): origin url is : http://jhxvideo-ws.video-tx.com/rendition/201705/205989353451683841/205989353451684353/bb/243216185158536196/243216215223308548/r243216215223308548-3200k-1920x1080.mp4
07-05 23:03:17.897 D/Carousel-Utils(17944): time=1499266996
07-05 23:03:17.897 D/Carousel-UrlVideoView(17944): encryptUrlIfNecessary url=http://jhxvideo-ws.video-tx.com/rendition/201705/205989353451683841/205989353451684353/bb/243216185158536196/243216215223308548/r243216215223308548-3200k-1920x1080.mp4?wsSecret=4a282a5881696090104f3bd4a95fffea&wsTime=595cffb4
07-05 23:03:17.898 D/MediaPlayer(17944): Couldn't open file on client side, trying server side
07-05 23:03:17.898 V/MediaPlayer-JNI(17944): setDataSource: path http://jhxvideo-ws.video-tx.com/rendition/201705/205989353451683841/205989353451684353/bb/243216185158536196/243216215223308548/r243216215223308548-3200k-1920x1080.mp4?wsSecret=4a282a5881696090104f3bd4a95fffea&wsTime=595cffb4
07-05 23:03:17.901 V/NuPlayer( 1206): [NuPlayer-264]
07-05 23:03:17.901 I/NuPlayer( 1206): NuPlayerRMClientListener::NuPlayerRMClientListener
07-05 23:03:17.901 V/RMClient( 1206): #376:RMClient
07-05 23:03:17.902 V/NuPlayer( 1206): kWhatSetAudioSink
07-05 23:03:17.902 V/NuPlayer( 1206): kWhatSetDataSource
07-05 23:03:17.904 V/NuPlayer( 1206): kWhatSetVideoNativeWindow
07-05 23:03:17.904 W/ALooperRoster( 1206): failed to post message. Target handler 0 still registered, but object gone.
07-05 23:03:17.904 V/NuPlayer( 1206): performSetSurface
07-05 23:03:17.904 V/MediaPlayer-JNI(17944): setAudioStreamType: 3
07-05 23:03:17.904 E/MediaPlayer-JNI(17944): android_media_MediaPlayer_prepareAsync call getSubtitleSurface
07-05 23:03:17.904 E/MediaPlayer-JNI(17944): android_media_MediaPlayer_prepareAsync call setSubtitleSurfaceTexture
07-05 23:03:17.904 E/        (17944): setSubtitleSurfaceTexture
07-05 23:03:17.905 I/SurfaceView(17944): surfaceChanged -- format=4 w=1920 h=1080
07-05 23:03:17.905 D/Carousel-UrlVideoView(17944): surfaceChanged
07-05 23:03:17.905 D/Carousel-UrlVideoView(17944): isValidState:false,hasValidSize:true
07-05 23:03:17.905 D/Carousel-UrlVideoView(17944): mVideoWidth:1920,mVideoHeight:1080,w:1920,h:1080
07-05 23:03:17.908 V/SurfaceView(17944): Layout: x=418 y=205 w=816 h=460, frame=Rect(0, 0 - 816, 460)
07-05 23:03:17.911 D/MediaHTTPConnection(17944): connect: uri=http://jhxvideo-ws.video-tx.com/rendition/201705/205989353451683841/205989353451684353/bb/243216185158536196/243216215223308548/r243216215223308548-3200k-1920x1080.mp4?wsSecret=4a282a5881696090104f3bd4a95fffea&wsTime=595cffb4, headers=User-Agent: stagefright/1.2 (Linux;Android 5.1.1)
07-05 23:03:17.912 D/Surface ( 1733): onStatusChange() : mNativeObject = 547819090432 mUseImageHwRender = false
07-05 23:03:17.912 V/Surface ( 1733): nativeSetHardwareRender() : status = 0
07-05 23:03:17.912 V/Surface ( 1733): nativeSetHardwareRender() : end
07-05 23:03:17.912 D/OsdMonitorService( 1733): mCurrentWindow = com.hisense.hicloud.edca/com.hisense.hicloud.edca.mediaplayer.activity.DetailPlayActivity; newWindow = com.hisense.hicloud.edca/com.hisense.tvui.newhome.HomeMainActivity; isSubWindow = false; isInWinList = false; isExitNow = false
07-05 23:03:17.912 D/OsdMonitorService( 1733): windowNotOsd() : name = com.hisense.hicloud.edca/com.hisense.tvui.newhome.HomeMainActivity
07-05 23:03:17.912 I/OsdMonitorService( 1733): setOsdStatus() : status will change from true to true
07-05 23:03:17.913 D/MediaHTTPConnection(17944): seekTo 0
07-05 23:03:17.914 D/PowerManagerService( 1733): setScreenBrightnessOverrideFromWindowManagerInternal done
07-05 23:03:17.915 D/MediaHTTPConnection(17944): hitting http://jhxvideo-ws.video-tx.com/rendition/201705/205989353451683841/205989353451684353/bb/243216185158536196/243216215223308548/r243216215223308548-3200k-1920x1080.mp4?wsSecret=4a282a5881696090104f3bd4a95fffea&wsTime=595cffb4
07-05 23:03:17.917 D/Surface ( 1733): onStatusChange() : mNativeObject = 0 mUseImageHwRender = false
07-05 23:03:17.917 D/Surface (17944): onStatusChange() : mNativeObject = -536840960 mUseImageHwRender = false
07-05 23:03:17.917 V/Surface (17944): nativeSetHardwareRender() : status = 0
07-05 23:03:17.917 V/Surface (17944): nativeSetHardwareRender() : end
07-05 23:03:17.921 D/gralloc ( 1204): allocate buffer from ION HEAP 0x1
07-05 23:03:17.921 D/gralloc ( 1204): allocate memory from system heap
07-05 23:03:17.931 D/gralloc ( 1204): allocate buffer from ION HEAP 0x1
07-05 23:03:17.931 D/gralloc ( 1204): allocate memory from system heap
07-05 23:03:17.933 D/gralloc ( 1204): allocate buffer from ION HEAP 0x1
07-05 23:03:17.933 D/gralloc ( 1204): allocate memory from system heap
07-05 23:03:17.936 I/SurfaceView(17944): Changes: creating=false format=false size=false visible=false left=false top=false
07-05 23:03:17.936 I/SurfaceView(17944): Cur surface: Surface(name=null)/@0x27c2c6a9
07-05 23:03:17.939 D/Surface ( 1733): onStatusChange() : mNativeObject = 547942774784 mUseImageHwRender = false
07-05 23:03:17.939 V/Surface ( 1733): nativeSetHardwareRender() : status = 0
07-05 23:03:17.939 V/Surface ( 1733): nativeSetHardwareRender() : end
07-05 23:03:17.939 D/OsdMonitorService( 1733): mCurrentWindow = com.hisense.hicloud.edca/com.hisense.tvui.newhome.HomeMainActivity; newWindow = com.hisense.hicloud.edca/com.hisense.tvui.newhome.HomeMainActivity; isSubWindow = false; isInWinList = false; isExitNow = false
07-05 23:03:17.939 D/OsdMonitorService( 1733): windowNotOsd() : name = com.hisense.hicloud.edca/com.hisense.tvui.newhome.HomeMainActivity
07-05 23:03:17.939 I/OsdMonitorService( 1733): setOsdStatus() : status will change from true to true
07-05 23:03:17.941 D/PowerManagerService( 1733): setScreenBrightnessOverrideFromWindowManagerInternal done
07-05 23:03:17.942 I/TVMW@HsTvSetting( 1234): Trace cmd, data = 0x1058
07-05 23:03:17.942 D/til@system( 2026): til_get_system_param option:100002F int:0, bool:0, ret:0
07-05 23:03:17.942 I/TVMW@HsTvSetting( 1234): Trace cmd, data = 0x101f
07-05 23:03:17.943 D/til@system( 2026): til_get_system_param option:100001D int:3, bool:3, ret:0
07-05 23:03:17.943 E/til     ( 2026): [til_get_current_input_source, 101] 
07-05 23:03:17.943 D/Surface ( 1733): onStatusChange() : mNativeObject = 0 mUseImageHwRender = false
07-05 23:03:17.944 D/Surface (17944): onStatusChange() : mNativeObject = -536839168 mUseImageHwRender = false
07-05 23:03:17.944 V/Surface (17944): nativeSetHardwareRender() : status = 0
07-05 23:03:17.944 V/Surface (17944): nativeSetHardwareRender() : end
07-05 23:03:17.944 I/SurfaceView(17944): New surface: Surface(name=null)/@0x162c442e, vis=true, frame=Rect(418, 205 - 1234, 665)
07-05 23:03:17.944 D/Surface (17944): onStatusChange() : mNativeObject = 0 mUseImageHwRender = false
07-05 23:03:17.944 D/Surface (17944): onStatusChange() : mNativeObject = -536839168 mUseImageHwRender = false
07-05 23:03:17.944 V/Surface (17944): nativeSetHardwareRender() : status = 0
07-05 23:03:17.944 V/Surface (17944): nativeSetHardwareRender() : end
07-05 23:03:17.944 I/SurfaceView(17944): surfaceRedrawNeeded
07-05 23:03:17.944 I/SurfaceView(17944): finishedDrawing
07-05 23:03:17.946 D/PowerManagerService( 1733): setScreenBrightnessOverrideFromWindowManagerInternal done
07-05 23:03:17.946 I/TVMW@HsTvSetting( 1234): Trace cmd, data = 0x7007
07-05 23:03:17.947 I/tilwrapper@sm( 2026): HS2TIL_SourceType *hs=0xd, *til=0x900
07-05 23:03:17.947 D/til     ( 2026): get current source 2304
07-05 23:03:17.947 D/SourceRemoteServiceHandler( 2026): getCurrentInputSource.from.til.result is 0, value is 2304
07-05 23:03:17.947 D/SourceRemoteServiceHandler( 2026): getInputSourceType source: 0x900, type=2304
07-05 23:03:17.947 D/til     ( 2026): ###### func:til_get_picture_param option:0x3000006 ######  
07-05 23:03:17.947 I/TVMW@HsTvSetting( 1234): Trace cmd, data = 0x1003
07-05 23:03:17.948 V/SurfaceView(17944): Layout: x=418 y=205 w=816 h=460, frame=Rect(0, 0 - 816, 460)
07-05 23:03:17.948 I/TVMW@HsTvSetting( 1234): Trace cmd, data = 0x8032
07-05 23:03:17.950 I/hstvos  ( 1216): [0m[1;33m[HSHAL][HS_VIDEO][HS_HAL_Video_SetOsdDetect_v2][2389]u16Threshold = 20
07-05 23:03:17.951 E/TVMW@videoctrl( 1234):  getOsd is 1
07-05 23:03:17.951 I/MiSysSrv( 1214): Not support now! 42, change to mm_video!!!
07-05 23:03:17.951 D/til@system( 2026): til_get_system_param option:1000027 int:1, bool:1, ret:0
07-05 23:03:17.951 D/til     ( 2026): ###### func:til_get_picture_param option:0x3000045 ######  
07-05 23:03:17.952 I/TVMW@HsTvSetting( 1234): Trace cmd, data = 0x300c
07-05 23:03:17.952 I/TVMW@HsTvSetting( 1234): Trace 3d, data = 0x300c
07-05 23:03:17.952 I/TVMW@3d ( 1234): Hs_debug3d_trace: func:get3dStatus, line:109
07-05 23:03:17.954 D/MediaHTTPConnection(17944): [Connection@640587872] response.heeader.null = HTTP/1.1 206 Partial Content
07-05 23:03:17.954 D/MediaHTTPConnection(17944): [Connection@640587872] response.heeader.Accept-Ranges = bytes
07-05 23:03:17.954 D/MediaHTTPConnection(17944): [Connection@640587872] response.heeader.Age = 3321202
07-05 23:03:17.954 D/MediaHTTPConnection(17944): [Connection@640587872] response.heeader.Cache-Control = max-age=5184000
07-05 23:03:17.954 D/MediaHTTPConnection(17944): [Connection@640587872] response.heeader.Connection = keep-alive
07-05 23:03:17.954 D/MediaHTTPConnection(17944): [Connection@640587872] response.heeader.Content-Length = 218840697
07-05 23:03:17.954 D/MediaHTTPConnection(17944): [Connection@640587872] response.heeader.Content-MD5 = b0d2FgZ34VxS2J9TYuIjgA==
07-05 23:03:17.954 D/MediaHTTPConnection(17944): [Connection@640587872] response.heeader.Content-Range = bytes 0-218840696/218840697
07-05 23:03:17.954 D/MediaHTTPConnection(17944): [Connection@640587872] response.heeader.Content-Type = application/octet-stream
07-05 23:03:17.954 D/MediaHTTPConnection(17944): [Connection@640587872] response.heeader.Date = Sun, 28 May 2017 04:29:55 GMT
07-05 23:03:17.954 D/MediaHTTPConnection(17944): [Connection@640587872] response.heeader.ETag = "6F4776160677E15C52D89F5362E22380"
07-05 23:03:17.954 D/MediaHTTPConnection(17944): [Connection@640587872] response.heeader.Last-Modified = Mon, 08 May 2017 17:24:17 GMT
07-05 23:03:17.954 D/MediaHTTPConnection(17944): [Connection@640587872] response.heeader.Server = nginx/1.2.4
07-05 23:03:17.954 D/MediaHTTPConnection(17944): [Connection@640587872] response.heeader.Via = 1.1 chshx150:7 (Cdn Cache Server V2.0)[95 200 2], 1.1 zhdxxz41:2 (Cdn Cache Server V2.0)[25 200 0], 1.1 daodianxinxiazai144:3 (Cdn Cache Server V2.0)[0 200 0]
07-05 23:03:17.954 D/MediaHTTPConnection(17944): [Connection@640587872] response.heeader.X-Android-Received-Millis = 1499266997953
07-05 23:03:17.954 D/MediaHTTPConnection(17944): [Connection@640587872] response.heeader.X-Android-Response-Source = NETWORK 206
07-05 23:03:17.954 D/MediaHTTPConnection(17944): [Connection@640587872] response.heeader.X-Android-Sent-Millis = 1499266997941
07-05 23:03:17.954 D/MediaHTTPConnection(17944): [Connection@640587872] response.heeader.x-oss-hash-crc64ecma = 10858506031335928878
07-05 23:03:17.954 D/MediaHTTPConnection(17944): [Connection@640587872] response.heeader.x-oss-object-type = Normal
07-05 23:03:17.954 D/MediaHTTPConnection(17944): [Connection@640587872] response.heeader.x-oss-request-id = 591D64783FEA2FF75DF4AA6E
07-05 23:03:17.954 D/MediaHTTPConnection(17944): [Connection@640587872] response.heeader.x-oss-server-time = 46
07-05 23:03:17.954 D/MediaHTTPConnection(17944): [Connection@640587872] response.heeader.x-oss-storage-class = Standard
07-05 23:03:17.963 I/SurfaceView(17944): Changes: creating=false format=false size=false visible=false left=false top=false
07-05 23:03:17.963 I/SurfaceView(17944): Cur surface: Surface(name=null)/@0x27c2c6a9
07-05 23:03:17.964 D/Surface ( 1733): onStatusChange() : mNativeObject = 547942774784 mUseImageHwRender = false
07-05 23:03:17.964 V/Surface ( 1733): nativeSetHardwareRender() : status = 0
07-05 23:03:17.964 V/Surface ( 1733): nativeSetHardwareRender() : end
07-05 23:03:17.964 D/OsdMonitorService( 1733): mCurrentWindow = com.hisense.hicloud.edca/com.hisense.tvui.newhome.HomeMainActivity; newWindow = com.hisense.hicloud.edca/com.hisense.tvui.newhome.HomeMainActivity; isSubWindow = false; isInWinList = false; isExitNow = false
07-05 23:03:17.964 D/OsdMonitorService( 1733): windowNotOsd() : name = com.hisense.hicloud.edca/com.hisense.tvui.newhome.HomeMainActivity
07-05 23:03:17.964 I/OsdMonitorService( 1733): setOsdStatus() : status will change from true to true
07-05 23:03:17.966 D/PowerManagerService( 1733): setScreenBrightnessOverrideFromWindowManagerInternal done
07-05 23:03:17.969 D/Surface ( 1733): onStatusChange() : mNativeObject = 0 mUseImageHwRender = false
07-05 23:03:17.969 D/Surface (17944): onStatusChange() : mNativeObject = -536842752 mUseImageHwRender = false
07-05 23:03:17.969 V/Surface (17944): nativeSetHardwareRender() : status = 0
07-05 23:03:17.969 V/Surface (17944): nativeSetHardwareRender() : end
07-05 23:03:17.970 I/SurfaceView(17944): New surface: Surface(name=null)/@0x162c442e, vis=true, frame=Rect(418, 205 - 1234, 665)
07-05 23:03:17.970 D/Surface (17944): onStatusChange() : mNativeObject = 0 mUseImageHwRender = false
07-05 23:03:17.970 D/Surface (17944): onStatusChange() : mNativeObject = -536842752 mUseImageHwRender = false
07-05 23:03:17.970 V/Surface (17944): nativeSetHardwareRender() : status = 0
07-05 23:03:17.970 V/Surface (17944): nativeSetHardwareRender() : end
07-05 23:03:17.970 I/SurfaceView(17944): surfaceRedrawNeeded
07-05 23:03:17.970 I/SurfaceView(17944): finishedDrawing
07-05 23:03:17.972 V/SurfaceView(17944): Layout: x=418 y=205 w=816 h=460, frame=Rect(0, 0 - 816, 460)
07-05 23:03:17.994 I/MyFragmentStateAdapter(17944): getCount
07-05 23:03:18.011 D/OsdMonitorService( 1733): mCurrentWindow = com.hisense.hicloud.edca/com.hisense.tvui.newhome.HomeMainActivity; newWindow = com.hisense.hicloud.edca/com.hisense.tvui.newhome.HomeMainActivity; isSubWindow = false; isInWinList = false; isExitNow = false
07-05 23:03:18.011 D/OsdMonitorService( 1733): windowNotOsd() : name = com.hisense.hicloud.edca/com.hisense.tvui.newhome.HomeMainActivity
07-05 23:03:18.011 I/OsdMonitorService( 1733): setOsdStatus() : status will change from true to true
07-05 23:03:18.012 D/PowerManagerService( 1733): setScreenBrightnessOverrideFromWindowManagerInternal done
07-05 23:03:18.014 D/PowerManagerService( 1733): setScreenBrightnessOverrideFromWindowManagerInternal done
07-05 23:03:18.020 D/PowerManagerService( 1733): setScreenBrightnessOverrideFromWindowManagerInternal done
07-05 23:03:18.055 D/hwcomposer( 1204): lastHWWindowInfo is dirty
07-05 23:03:18.071 I/MiSysSrv( 1214): [37m[INFO] Change to Voltage: 117 mv (0x32)[m
07-05 23:03:18.095 I/TVMW@devctrl( 1234): wdt
07-05 23:03:18.127 D/HttpHandler(17944): VerifySignInterCeptor-->request.url()=http://picture.edu.hismarttv.com/images/20170629052455575419.jpg
07-05 23:03:18.127 D/HttpHandler(17944): VerifySignInterCeptor-->hostname=picture.edu.hismarttv.com
07-05 23:03:18.134 V/InputMethodService( 2203): startInput(): editor=android.view.inputmethod.EditorInfo@22daa7ff
07-05 23:03:18.134 V/InputMethodService( 2203): CALL: onFinishInput
07-05 23:03:18.135 E/SOGOUIME_JNI( 2203): reset
07-05 23:03:18.135 E/SOGOUIME_JNI( 2203): getCandidates
07-05 23:03:18.135 E/SOGOUIME_JNI( 2203): ime_get_uncommitted_length
07-05 23:03:18.135 E/SOGOUIME_JNI( 2203): getCandidates
07-05 23:03:18.135 D/SogouIME API( 2203): ==============num:32
07-05 23:03:18.135 E/SOGOUIME_JNI( 2203): ime_get_uncommitted_length
07-05 23:03:18.135 D/SogouIME( 2203): mFocusedComponent:30   isHkbEnable:false
07-05 23:03:18.136 E/SOGOUIME_JNI( 2203): ime_get_uncommitted_length
07-05 23:03:18.136 E/SOGOUIME_JNI( 2203): ime_get_committed_length
07-05 23:03:18.136 E/SOGOUIME_JNI( 2203): getComposingInfo
07-05 23:03:18.136 E/SOGOUIME_JNI( 2203): getComposingInfo
07-05 23:03:18.136 E/SOGOUIME_JNI( 2203): getCorrectInfo
07-05 23:03:18.136 E/SOGOUIME_JNI( 2203): getComposingInfo
07-05 23:03:18.136 V/InputMethodService( 2203): CALL: onStartInput
07-05 23:03:18.136 E/SOGOUIME_JNI( 2203): invalidateCommitWordPinyinNative
07-05 23:03:18.136 D/SogouIME( 2203): =====configKeyboard=======:false     false
07-05 23:03:18.136 E/SOGOUIME_JNI( 2203): ime_set_hard_kb_enable
07-05 23:03:18.140 D/EduSourcePlayerHelper(17944): opening cursor success <-- content://com.hisense.data.edu/external_player_action?action=logging&source=EDU&event=video_exit&programSeriesId=3535&episodeId=35351&resolution=11&ts=1499266997&position=0&error_code=null&typeCode=1002&classId=&topicTitle=
07-05 23:03:18.142 D/PowerManagerService( 1733): acquireWakeLockInternal: lock=113832109, flags=0x1, tag="NetworkStats", ws=null, uid=1000, pid=1733
07-05 23:03:18.142 D/PowerManagerNotifier( 1733): onWakeLockAcquired: flags=1, tag="NetworkStats", packageName=android, ownerUid=1000, ownerPid=1733, workSource=null
07-05 23:03:18.142 D/NtpTrustedTime( 1733): currentTimeMillis() cache hit
07-05 23:03:18.147 D/NtpTrustedTime( 1733): currentTimeMillis() cache hit
07-05 23:03:18.152 D/PowerManagerService( 1733): releaseWakeLockInternal: lock=113832109 [NetworkStats], flags=0x0
07-05 23:03:18.152 D/PowerManagerNotifier( 1733): onWakeLockReleased: flags=1, tag="NetworkStats", packageName=android, ownerUid=1000, ownerPid=1733, workSource=null
07-05 23:03:18.152 D/NtpTrustedTime( 1733): currentTimeMillis() cache hit
07-05 23:03:18.152 D/NtpTrustedTime( 1733): currentTimeMillis() cache hit
07-05 23:03:18.155 V/DataSource( 1206): sniff
07-05 23:03:18.155 I/FFmpegExtractor( 1206): android-source:0xf406e060
07-05 23:03:18.155 W/QueryController(17909): AccessibilityNodeInfo returned a null child (1 of 10)
07-05 23:03:18.157 I/FFMPEG  ( 1206): [mov,mp4,m4a,3gp,3g2,mj2 @ 0xf1803400] Format mov,mp4,m4a,3gp,3g2,mj2 probed with size=2048 and score=100
07-05 23:03:18.158 D/MediaHTTPConnection(17944): [Connection@640587872] getSize mTotalSize = 218840697
07-05 23:03:18.158 I/FFMPEG  ( 1206): [mov,mp4,m4a,3gp,3g2,mj2 @ 0xf1803400] ISO: File Type Major Brand: isom
07-05 23:03:18.163 D/OkHttp  (17944): --> GET http://picture.edu.hismarttv.com/images/20170629052455575419.jpg http/1.1
07-05 23:03:18.163 D/OkHttp  (17944): Host: picture.edu.hismarttv.com
07-05 23:03:18.163 D/OkHttp  (17944): Connection: Keep-Alive
07-05 23:03:18.163 D/OkHttp  (17944): Accept-Encoding: gzip
07-05 23:03:18.163 D/OkHttp  (17944): User-Agent: okhttp/3.6.0
07-05 23:03:18.163 D/OkHttp  (17944): --> END GET
07-05 23:03:18.169 W/QueryController(17909): parent = android.view.accessibility.AccessibilityNodeInfo@8005b73a; boundsInParent: Rect(0, 0 - 1920, 612); boundsInScreen: Rect(0, 981 - 1920, 1080); packageName: com.hisense.hicloud.edca; className: android.support.v7.widget.RecyclerView; text: null; error: null; maxTextLength: -1; contentDescription: null; viewIdResName: com.hisense.hicloud.edca:id/relative_recyler_view; checkable: false; checked: false; focusable: true; focused: false; selected: false; clickable: false; longClickable: false; enabled: true; password: false; scrollable: true; actions: [AccessibilityAction: ACTION_FOCUS - null, AccessibilityAction: ACTION_SELECT - null, AccessibilityAction: ACTION_CLEAR_SELECTION - null, AccessibilityAction: ACTION_ACCESSIBILITY_FOCUS - null, AccessibilityAction: ACTION_SCROLL_FORWARD - null]
07-05 23:03:18.184 W/QueryController(17909): AccessibilityNodeInfo returned a null child (2 of 10)
07-05 23:03:18.184 W/QueryController(17909): AccessibilityNodeInfo returned a null child (3 of 10)
07-05 23:03:18.185 W/QueryController(17909): AccessibilityNodeInfo returned a null child (4 of 10)
07-05 23:03:18.185 W/QueryController(17909): AccessibilityNodeInfo returned a null child (5 of 10)
07-05 23:03:18.186 W/QueryController(17909): AccessibilityNodeInfo returned a null child (6 of 10)
07-05 23:03:18.186 W/QueryController(17909): AccessibilityNodeInfo returned a null child (7 of 10)
07-05 23:03:18.187 W/QueryController(17909): AccessibilityNodeInfo returned a null child (8 of 10)
07-05 23:03:18.191 W/QueryController(17909): AccessibilityNodeInfo returned a null child (9 of 10)
07-05 23:03:18.202 D/OsdMonitorService( 1733): mCurrentWindow = com.hisense.hicloud.edca/com.hisense.tvui.newhome.HomeMainActivity; newWindow = com.hisense.hicloud.edca/com.hisense.tvui.newhome.HomeMainActivity; isSubWindow = false; isInWinList = false; isExitNow = false
07-05 23:03:18.202 D/OsdMonitorService( 1733): windowNotOsd() : name = com.hisense.hicloud.edca/com.hisense.tvui.newhome.HomeMainActivity
07-05 23:03:18.202 I/OsdMonitorService( 1733): setOsdStatus() : status will change from true to true
07-05 23:03:18.203 D/PowerManagerService( 1733): setScreenBrightnessOverrideFromWindowManagerInternal done
07-05 23:03:18.206 D/Surface (17944): onStatusChange() : mNativeObject = 0 mUseImageHwRender = false
07-05 23:03:18.211 I/MyFragmentStateAdapter(17944): getCount
07-05 23:03:18.215 D/HttpHandler(17944): VerifySignInterCeptor-->request.url()=http://picture.edu.hismarttv.com/images/20170629/%E8%AE%BA%E8%AF%AD.jpg
07-05 23:03:18.215 D/HttpHandler(17944): VerifySignInterCeptor-->hostname=picture.edu.hismarttv.com
07-05 23:03:18.216 D/OkHttp  (17944): --> GET http://picture.edu.hismarttv.com/images/20170629/%E8%AE%BA%E8%AF%AD.jpg http/1.1
07-05 23:03:18.216 D/OkHttp  (17944): Host: picture.edu.hismarttv.com
07-05 23:03:18.216 D/OkHttp  (17944): Connection: Keep-Alive
07-05 23:03:18.216 D/OkHttp  (17944): Accept-Encoding: gzip
07-05 23:03:18.216 D/OkHttp  (17944): User-Agent: okhttp/3.6.0
07-05 23:03:18.216 D/OkHttp  (17944): --> END GET
07-05 23:03:18.238 D/HttpHandler(17944): VerifySignInterCeptor-->request.url()=http://picture.edu.hismarttv.com/images/20170629/%E5%AE%8B%E8%AF%8D.jpg
07-05 23:03:18.238 D/HttpHandler(17944): VerifySignInterCeptor-->hostname=picture.edu.hismarttv.com
07-05 23:03:18.241 D/OkHttp  (17944): --> GET http://picture.edu.hismarttv.com/images/20170629/%E5%AE%8B%E8%AF%8D.jpg http/1.1
07-05 23:03:18.241 D/OkHttp  (17944): Host: picture.edu.hismarttv.com
07-05 23:03:18.241 D/OkHttp  (17944): Connection: Keep-Alive
07-05 23:03:18.241 D/OkHttp  (17944): Accept-Encoding: gzip
07-05 23:03:18.241 D/OkHttp  (17944): User-Agent: okhttp/3.6.0
07-05 23:03:18.242 D/OkHttp  (17944): --> END GET
07-05 23:03:18.254 D/HttpHandler(17944): VerifySignInterCeptor-->request.url()=http://picture.edu.hismarttv.com/images/20170629/%E5%8D%83%E5%AD%97%E6%96%87.jpg
07-05 23:03:18.254 D/HttpHandler(17944): VerifySignInterCeptor-->hostname=picture.edu.hismarttv.com
07-05 23:03:18.255 D/OkHttp  (17944): --> GET http://picture.edu.hismarttv.com/images/20170629/%E5%8D%83%E5%AD%97%E6%96%87.jpg http/1.1
07-05 23:03:18.255 D/OkHttp  (17944): Host: picture.edu.hismarttv.com
07-05 23:03:18.255 D/OkHttp  (17944): Connection: Keep-Alive
07-05 23:03:18.255 D/OkHttp  (17944): Accept-Encoding: gzip
07-05 23:03:18.255 D/OkHttp  (17944): User-Agent: okhttp/3.6.0
07-05 23:03:18.255 D/OkHttp  (17944): --> END GET
07-05 23:03:18.267 D/FFmpegExtractor( 1206): FFmpegExtrator, url: android-source:0xf406e060, format_name: mov,mp4,m4a,3gp,3g2,mj2, format_long_name: QuickTime / MOV
07-05 23:03:18.267 D/FFmpegExtractor( 1206): suppoted codec(h264) by official Stagefright
07-05 23:03:18.267 D/FFmpegExtractor( 1206): suppoted codec(aac) by official Stagefright
07-05 23:03:18.267 I/FFMPEG  ( 1206): [AVIOContext @ 0xf406e100] Statistics: 426780 bytes read, 0 seeks
07-05 23:03:18.267 D/FFmpegExtractor( 1206): ffmpeg detected media content as 'video/mp4' with confidence 0.08
07-05 23:03:18.291 D/MC_MEMORY(16055): max: 256.261888 Mb, heap: 10.10783 Mb, allocated: 8.8863 Mb, free: 1.1920 Mb, native heap: 12.12276 Mb, native allocated: 8.8386 Mb, native free: 3.3890 Mb
07-05 23:03:18.312 D/PowerManagerService( 1733): releaseWakeLockInternal: lock=681732318 [ActivityManager-Launch], flags=0x0
07-05 23:03:18.312 D/PowerManagerNotifier( 1733): onWakeLockReleased: flags=1, tag="ActivityManager-Launch", packageName=android, ownerUid=1000, ownerPid=1733, workSource=null
07-05 23:03:18.328 D/OkHttp  (17944): <-- 200 OK http://picture.edu.hismarttv.com/images/20170629052455575419.jpg (162ms)
07-05 23:03:18.329 D/OkHttp  (17944): Date: Wed, 05 Jul 2017 15:03:18 GMT
07-05 23:03:18.329 D/OkHttp  (17944): Server: nginx
07-05 23:03:18.329 D/OkHttp  (17944): Content-Type: image/jpeg
07-05 23:03:18.329 D/OkHttp  (17944): Content-Length: 89436
07-05 23:03:18.329 D/OkHttp  (17944): Last-Modified: Thu, 29 Jun 2017 05:24:55 GMT
07-05 23:03:18.329 D/OkHttp  (17944): ETag: "59548f27-15d5c"
07-05 23:03:18.329 D/OkHttp  (17944): Accept-Ranges: bytes
07-05 23:03:18.329 D/OkHttp  (17944): Via: 1.1 zhiwangtong173:0 (Cdn Cache Server V2.0)[14 200 0], 1.1 PSahmaswt2en210:3 (Cdn Cache Server V2.0)[135 200 2]
07-05 23:03:18.329 D/OkHttp  (17944): Connection: keep-alive
07-05 23:03:18.329 D/OkHttp  (17944): <-- END HTTP
07-05 23:03:18.332 D/HttpHandler(17944): RetryIntercepter-->retryNum=0
07-05 23:03:18.332 D/HttpHandler(17944): RetryIntercepter-->backoffmutiplier=0
07-05 23:03:18.350 D/OkHttp  (17944): <-- 200 OK http://picture.edu.hismarttv.com/images/20170629/%E8%AE%BA%E8%AF%AD.jpg (133ms)
07-05 23:03:18.350 D/OkHttp  (17944): Date: Wed, 05 Jul 2017 15:03:18 GMT
07-05 23:03:18.350 D/OkHttp  (17944): Server: nginx
07-05 23:03:18.350 D/OkHttp  (17944): Content-Type: image/jpeg
07-05 23:03:18.350 D/OkHttp  (17944): Content-Length: 86813
07-05 23:03:18.350 D/OkHttp  (17944): Last-Modified: Fri, 09 Jun 2017 14:50:22 GMT
07-05 23:03:18.350 D/OkHttp  (17944): ETag: "593ab5ae-1531d"
07-05 23:03:18.350 D/OkHttp  (17944): Accept-Ranges: bytes
07-05 23:03:18.350 D/OkHttp  (17944): Via: 1.1 hewangtong168:0 (Cdn Cache Server V2.0)[20 200 0], 1.1 PSahmaswt2yw211:6 (Cdn Cache Server V2.0)[108 200 2]
07-05 23:03:18.350 D/OkHttp  (17944): Connection: keep-alive
07-05 23:03:18.350 D/OkHttp  (17944): <-- END HTTP
07-05 23:03:18.354 D/HttpHandler(17944): RetryIntercepter-->retryNum=0
07-05 23:03:18.354 D/HttpHandler(17944): RetryIntercepter-->backoffmutiplier=0
07-05 23:03:18.369 I/MiSysSrv( 1214): [37m[INFO] Change to Voltage: 112 mv (0x2D)[m
07-05 23:03:18.378 I/art     (17944): Background sticky concurrent mark sweep GC freed 2539(252KB) AllocSpace objects, 0(0B) LOS objects, 1% free, 37MB/37MB, paused 5.533ms total 20.062ms
07-05 23:03:18.422 D/OkHttp  (17944): <-- 200 OK http://picture.edu.hismarttv.com/images/20170629/%E5%8D%83%E5%AD%97%E6%96%87.jpg (165ms)
07-05 23:03:18.422 D/OkHttp  (17944): Date: Wed, 05 Jul 2017 15:03:18 GMT
07-05 23:03:18.422 D/OkHttp  (17944): Server: nginx
07-05 23:03:18.422 D/OkHttp  (17944): Content-Type: image/jpeg
07-05 23:03:18.422 D/OkHttp  (17944): Content-Length: 95877
07-05 23:03:18.422 D/OkHttp  (17944): Last-Modified: Fri, 09 Jun 2017 14:50:18 GMT
07-05 23:03:18.422 D/OkHttp  (17944): ETag: "593ab5aa-17685"
07-05 23:03:18.422 D/OkHttp  (17944): Accept-Ranges: bytes
07-05 23:03:18.422 D/OkHttp  (17944): Via: 1.1 shuozhou56:1 (Cdn Cache Server V2.0)[6 200 0], 1.1 PSahmaswt2vv209:1 (Cdn Cache Server V2.0)[130 200 2]
07-05 23:03:18.422 D/OkHttp  (17944): Connection: keep-alive
07-05 23:03:18.422 D/OkHttp  (17944): <-- END HTTP
07-05 23:03:18.426 D/HttpHandler(17944): RetryIntercepter-->retryNum=0
07-05 23:03:18.426 D/HttpHandler(17944): RetryIntercepter-->backoffmutiplier=0
07-05 23:03:18.443 D/OkHttp  (17944): <-- 200 OK http://picture.edu.hismarttv.com/images/20170629/%E5%AE%8B%E8%AF%8D.jpg (201ms)
07-05 23:03:18.443 D/OkHttp  (17944): Date: Wed, 05 Jul 2017 15:03:18 GMT
07-05 23:03:18.443 D/OkHttp  (17944): Server: nginx
07-05 23:03:18.443 D/OkHttp  (17944): Content-Type: image/jpeg
07-05 23:03:18.443 D/OkHttp  (17944): Content-Length: 79900
07-05 23:03:18.443 D/OkHttp  (17944): Last-Modified: Fri, 09 Jun 2017 14:50:10 GMT
07-05 23:03:18.443 D/OkHttp  (17944): ETag: "593ab5a2-1381c"
07-05 23:03:18.443 D/OkHttp  (17944): Accept-Ranges: bytes
07-05 23:03:18.443 D/OkHttp  (17944): Via: 1.1 shzh52:0 (Cdn Cache Server V2.0)[39 200 0], 1.1 PSahmaswt2ak213:4 (Cdn Cache Server V2.0)[175 200 2]
07-05 23:03:18.443 D/OkHttp  (17944): Connection: keep-alive
07-05 23:03:18.443 D/OkHttp  (17944): <-- END HTTP
07-05 23:03:18.447 D/HttpHandler(17944): RetryIntercepter-->retryNum=0
07-05 23:03:18.447 D/HttpHandler(17944): RetryIntercepter-->backoffmutiplier=0
07-05 23:03:18.453 I/TVMW@HsTvSetting( 1234): Trace cmd, data = 0x1058
07-05 23:03:18.453 D/til@system( 2026): til_get_system_param option:100002F int:0, bool:0, ret:0
07-05 23:03:18.454 I/TVMW@HsTvSetting( 1234): Trace cmd, data = 0x101f
07-05 23:03:18.454 D/til@system( 2026): til_get_system_param option:100001D int:3, bool:3, ret:0
07-05 23:03:18.454 E/til     ( 2026): [til_get_current_input_source, 101] 
07-05 23:03:18.455 I/TVMW@HsTvSetting( 1234): Trace cmd, data = 0x7007
07-05 23:03:18.455 I/tilwrapper@sm( 2026): HS2TIL_SourceType *hs=0xd, *til=0x900
07-05 23:03:18.455 D/til     ( 2026): get current source 2304
07-05 23:03:18.455 D/SourceRemoteServiceHandler( 2026): getCurrentInputSource.from.til.result is 0, value is 2304
07-05 23:03:18.455 D/SourceRemoteServiceHandler( 2026): getInputSourceType source: 0x900, type=2304
07-05 23:03:18.455 D/til     ( 2026): ###### func:til_get_picture_param option:0x3000006 ######  
07-05 23:03:18.455 I/TVMW@HsTvSetting( 1234): Trace cmd, data = 0x1003
07-05 23:03:18.457 I/TVMW@HsTvSetting( 1234): Trace cmd, data = 0x8032
07-05 23:03:18.457 I/hstvos  ( 1216): [0m[1;33m[HSHAL][HS_VIDEO][HS_HAL_Video_SetOsdDetect_v2][2389]u16Threshold = 20
07-05 23:03:18.457 I/MiSysSrv( 1214): Not support now! 42, change to mm_video!!!
07-05 23:03:18.457 E/TVMW@videoctrl( 1234):  getOsd is 1
07-05 23:03:18.457 D/til@system( 2026): til_get_system_param option:1000027 int:1, bool:1, ret:0
07-05 23:03:18.458 D/til     ( 2026): ###### func:til_get_picture_param option:0x3000045 ######  
07-05 23:03:18.458 I/TVMW@HsTvSetting( 1234): Trace cmd, data = 0x300c
07-05 23:03:18.458 I/TVMW@HsTvSetting( 1234): Trace 3d, data = 0x300c
07-05 23:03:18.458 I/TVMW@3d ( 1234): Hs_debug3d_trace: func:get3dStatus, line:109
07-05 23:03:18.463 D/OsdMonitorService( 1733): mCurrentWindow = com.hisense.hicloud.edca/com.hisense.tvui.newhome.HomeMainActivity; newWindow = com.hisense.hicloud.edca/com.hisense.tvui.newhome.HomeMainActivity; isSubWindow = false; isInWinList = false; isExitNow = false
07-05 23:03:18.463 D/OsdMonitorService( 1733): windowNotOsd() : name = com.hisense.hicloud.edca/com.hisense.tvui.newhome.HomeMainActivity
07-05 23:03:18.463 I/OsdMonitorService( 1733): setOsdStatus() : status will change from true to true
07-05 23:03:18.464 D/PowerManagerService( 1733): setScreenBrightnessOverrideFromWindowManagerInternal done
07-05 23:03:18.467 D/PowerManagerService( 1733): setScreenBrightnessOverrideFromWindowManagerInternal done
07-05 23:03:18.468 V/MediaExtractor( 1206): MediaExtractor::Create mime:video/mp4 ---- Enter
07-05 23:03:18.468 V/MediaExtractor( 1206): maomao::MediaExtractor::Create mime:isCts is 0
07-05 23:03:18.469 I/MiSysSrv( 1214): [37m[INFO] Change to Voltage: 107 mv (0x28)[m
07-05 23:03:18.470 I/FFMPEG  ( 1206): [mov,mp4,m4a,3gp,3g2,mj2 @ 0xf1803400] Format mov,mp4,m4a,3gp,3g2,mj2 probed with size=2048 and score=100
07-05 23:03:18.470 I/FFMPEG  ( 1206): [mov,mp4,m4a,3gp,3g2,mj2 @ 0xf1803400] ISO: File Type Major Brand: isom
07-05 23:03:18.479 I/NotificationService( 1733): cancelToast pkg=com.hisense.hicloud.edca callback=android.app.ITransientNotification$Stub$Proxy@14b6dd83
07-05 23:03:18.479 W/NotificationService( 1733): Toast already cancelled. pkg=com.hisense.hicloud.edca callback=android.app.ITransientNotification$Stub$Proxy@14b6dd83
07-05 23:03:18.479 D/DetailPlayActivity(17944): ---------------------------onstop,isReleased:true
07-05 23:03:18.486 D/DetailPlayActivity(17944): ---------------------------ondestroy
07-05 23:03:18.487 I/FirstLineAdapter(17944): canShowTrailer,isOffline=false
07-05 23:03:18.487 D/DetailVideoPlayerContainer(17944): reportVideoEndLog!!!!!current videos id is : 35351
07-05 23:03:18.488 W/SurfaceFlinger( 1204): couldn't log to binary event log: overflow.
07-05 23:03:18.497 D/PowerManagerService( 1733): setScreenBrightnessOverrideFromWindowManagerInternal done
07-05 23:03:18.499 D/til@system( 2026): til_get_system_param option:1000007 int:-1815634176, bool:0, ret:0
07-05 