07-05 23:10:04.853 D/PowerManagerService( 1733): setScreenBrightnessOverrideFromWindowManagerInternal done
07-05 23:10:04.856 D/PowerManagerService( 1733): setScreenBrightnessOverrideFromWindowManagerInternal done
07-05 23:10:04.880 D/PowerManagerService( 1733): acquireWakeLockInternal: lock=487931605, flags=0x2000000a, tag="WindowManager", ws=WorkSource{10010}, uid=1000, pid=1733
07-05 23:10:04.880 D/PowerManagerNotifier( 1733): onWakeLockAcquired: flags=536870922, tag="WindowManager", packageName=android, ownerUid=1000, ownerPid=1733, workSource=WorkSource{10010}
07-05 23:10:04.880 D/PowerManagerService( 1733): setScreenBrightnessOverrideFromWindowManagerInternal done
07-05 23:10:05.234 I/NetflixMonitorService( 1733): current fgapk : com.hisense.hicloud.edca
07-05 23:10:05.234 I/NetflixMonitorService( 1733): Netflix status unchanged
07-05 23:10:05.301 D/PowerManagerService( 1733): acquireWakeLockInternal: lock=113832109, flags=0x1, tag="NetworkStats", ws=null, uid=1000, pid=1733
07-05 23:10:05.301 D/PowerManagerNotifier( 1733): onWakeLockAcquired: flags=1, tag="NetworkStats", packageName=android, ownerUid=1000, ownerPid=1733, workSource=null
07-05 23:10:05.313 D/PowerManagerService( 1733): releaseWakeLockInternal: lock=113832109 [NetworkStats], flags=0x0
07-05 23:10:05.313 D/PowerManagerNotifier( 1733): onWakeLockReleased: flags=1, tag="NetworkStats", packageName=android, ownerUid=1000, ownerPid=1733, workSource=null
07-05 23:10:06.161 D/PowerManagerService( 1733): acquireWakeLockInternal: lock=113832109, flags=0x1, tag="NetworkStats", ws=null, uid=1000, pid=1733
07-05 23:10:06.161 D/PowerManagerNotifier( 1733): onWakeLockAcquired: flags=1, tag="NetworkStats", packageName=android, ownerUid=1000, ownerPid=1733, workSource=null
07-05 23:10:06.169 D/PowerManagerService( 1733): releaseWakeLockInternal: lock=113832109 [NetworkStats], flags=0x0
07-05 23:10:06.170 D/PowerManagerNotifier( 1733): onWakeLockReleased: flags=1, tag="NetworkStats", packageName=android, ownerUid=1000, ownerPid=1733, workSource=null
07-05 23:10:06.235 I/NetflixMonitorService( 1733): current fgapk : com.hisense.hicloud.edca
07-05 23:10:06.235 I/NetflixMonitorService( 1733): Netflix status unchanged
07-05 23:10:06.275 D/PowerManagerService( 1733): updateWakeLockWorkSourceInternal: lock=791782782 [AudioMix], ws=WorkSource{10010}
07-05 23:10:06.275 D/PowerManagerNotifier( 1733): onWakeLockReleased: flags=1, tag="AudioMix", packageName=media, ownerUid=1013, ownerPid=0, workSource=null
07-05 23:10:06.275 D/PowerManagerNotifier( 1733): onWakeLockAcquired: flags=1, tag="AudioMix", packageName=media, ownerUid=1013, ownerPid=0, workSource=WorkSource{10010}
07-05 23:10:06.472 D/PowerManagerService( 1733): releaseWakeLockInternal: lock=906234591 [AudioMix], flags=0x0
07-05 23:10:06.472 D/PowerManagerNotifier( 1733): onWakeLockReleased: flags=1, tag="AudioMix", packageName=media, ownerUid=1013, ownerPid=0, workSource=null
--------- beginning of main
07-05 23:10:06.784 I/MyFragmentStateAdapter(21660): getCount
07-05 23:10:06.834 I/MyFragmentStateAdapter(21660): getCount
07-05 23:10:06.867 I/HLSP2P  (16183): ## 2017-07-05 23:10:06.866 [16183,16481,:0] INFO ## [HLSP2P][DownloadManager.cpp:35][INFO][SendHeartBeatMsg]send heartbeat to punch server ok
07-05 23:10:06.873 I/MiSysSrv( 1214): [37m[INFO] Change to Voltage: 117 mv (0x32)[m
07-05 23:10:06.876 I/MyFragmentStateAdapter(21660): getCount
07-05 23:10:06.888 I/HLSP2P  (16183): ## 2017-07-05 23:10:06.888 [16183,16483,:0] INFO ## [HLSP2P][DownloadManager.cpp:35][INFO][OnHeartbeatRsp]punch heartbeat rsp ok
07-05 23:10:06.899 I/MyFragmentStateAdapter(21660): getCount
07-05 23:10:06.925 I/MyFragmentStateAdapter(21660): getCount
07-05 23:10:06.957 I/MyFragmentStateAdapter(21660): getCount
07-05 23:10:06.970 I/MiSysSrv( 1214): [37m[INFO] Change to Voltage: 117 mv (0x32)[m
07-05 23:10:07.000 I/MyFragmentStateAdapter(21660): getCount
07-05 23:10:07.024 I/MyFragmentStateAdapter(21660): getCount
07-05 23:10:07.030 D/PowerManagerService( 1733): acquireWakeLockInternal: lock=113832109, flags=0x1, tag="NetworkStats", ws=null, uid=1000, pid=1733
07-05 23:10:07.030 D/PowerManagerNotifier( 1733): onWakeLockAcquired: flags=1, tag="NetworkStats", packageName=android, ownerUid=1000, ownerPid=1733, workSource=null
07-05 23:10:07.030 D/NtpTrustedTime( 1733): currentTimeMillis() cache hit
07-05 23:10:07.042 D/NtpTrustedTime( 1733): currentTimeMillis() cache hit
07-05 23:10:07.044 D/NtpTrustedTime( 1733): currentTimeMillis() cache hit
07-05 23:10:07.044 D/NtpTrustedTime( 1733): currentTimeMillis() cache hit
07-05 23:10:07.046 D/PowerManagerService( 1733): releaseWakeLockInternal: lock=113832109 [NetworkStats], flags=0x0
07-05 23:10:07.046 D/PowerManagerNotifier( 1733): onWakeLockReleased: flags=1, tag="NetworkStats", packageName=android, ownerUid=1000, ownerPid=1733, workSource=null
07-05 23:10:07.057 I/MyFragmentStateAdapter(21660): getCount
07-05 23:10:07.059 D/DtvSourcePlugin-DVBC(15961): Setting the EPG Updater state to: WAIT
07-05 23:10:07.070 I/MiSysSrv( 1214): [37m[INFO] Change to Voltage: 117 mv (0x32)[m
07-05 23:10:07.090 I/MyFragmentStateAdapter(21660): getCount
07-05 23:10:07.127 I/MyFragmentStateAdapter(21660): getCount
07-05 23:10:07.150 I/MyFragmentStateAdapter(21660): getCount
07-05 23:10:07.153 I/TVMW@HsTvSetting( 1234): Trace cmd, data = 0x1058
07-05 23:10:07.154 D/til@system( 2026): til_get_system_param option:100002F int:0, bool:0, ret:0
07-05 23:10:07.154 I/TVMW@HsTvSetting( 1234): Trace cmd, data = 0x101f
07-05 23:10:07.154 D/til@system( 2026): til_get_system_param option:100001D int:3, bool:3, ret:0
07-05 23:10:07.154 E/til     ( 2026): [til_get_current_input_source, 101] 
07-05 23:10:07.154 I/TVMW@HsTvSetting( 1234): Trace cmd, data = 0x7007
07-05 23:10:07.154 I/tilwrapper@sm( 2026): HS2TIL_SourceType *hs=0xd, *til=0x900
07-05 23:10:07.154 D/til     ( 2026): get current source 2304
07-05 23:10:07.154 D/SourceRemoteServiceHandler( 2026): getCurrentInputSource.from.til.result is 0, value is 2304
07-05 23:10:07.154 D/SourceRemoteServiceHandler( 2026): getInputSourceType source: 0x900, type=2304
07-05 23:10:07.154 D/til     ( 2026): ###### func:til_get_picture_param option:0x3000006 ######  
07-05 23:10:07.154 I/TVMW@HsTvSetting( 1234): Trace cmd, data = 0x1003
07-05 23:10:07.155 I/TVMW@HsTvSetting( 1234): Trace cmd, data = 0x8032
07-05 23:10:07.155 I/hstvos  ( 1216): [0m[1;33m[HSHAL][HS_VIDEO][HS_HAL_Video_SetOsdDetect_v2][2389]u16Threshold = 20
07-05 23:10:07.155 E/TVMW@videoctrl( 1234):  getOsd is 1
07-05 23:10:07.155 D/til@system( 2026): til_get_system_param option:1000027 int:1, bool:1, ret:0
07-05 23:10:07.156 D/til     ( 2026): ###### func:til_get_picture_param option:0x3000045 ######  
07-05 23:10:07.156 I/TVMW@HsTvSetting( 1234): Trace cmd, data = 0x300c
07-05 23:10:07.156 I/TVMW@HsTvSetting( 1234): Trace 3d, data = 0x300c
07-05 23:10:07.156 I/TVMW@3d ( 1234): Hs_debug3d_trace: func:get3dStatus, line:109
07-05 23:10:07.172 I/MiSysSrv( 1214): [37m[INFO] Change to Voltage: 117 mv (0x32)[m
07-05 23:10:07.174 I/MyFragmentStateAdapter(21660): getCount
07-05 23:10:07.176 E/btif_config( 2964): [btif_config_get] node is TRUE!
07-05 23:10:07.176 E/btif_config( 2964): [btif_config_get] ret is TRUE!
07-05 23:10:07.203 I/MyFragmentStateAdapter(21660): getCount
07-05 23:10:07.235 I/MyFragmentStateAdapter(21660): getCount
07-05 23:10:07.235 I/NetflixMonitorService( 1733): current fgapk : com.hisense.hicloud.edca
07-05 23:10:07.236 I/NetflixMonitorService( 1733): Netflix status unchanged
07-05 23:10:07.270 I/MiSysSrv( 1214): [37m[INFO] Change to Voltage: 112 mv (0x2D)[m
07-05 23:10:07.275 I/MyFragmentStateAdapter(21660): getCount
07-05 23:10:07.296 I/TVMW@devctrl( 1234): wdt
07-05 23:10:07.311 I/MyFragmentStateAdapter(21660): getCount
07-05 23:10:07.338 I/MyFragmentStateAdapter(21660): getCount
07-05 23:10:07.358 E/btif_config( 2964): [btif_config_get] node is TRUE!
07-05 23:10:07.358 E/btif_config( 2964): [btif_config_get] ret is TRUE!
07-05 23:10:07.372 I/MiSysSrv( 1214): [37m[INFO] Change to Voltage: 107 mv (0x28)[m
07-05 23:10:07.376 I/MyFragmentStateAdapter(21660): getCount
07-05 23:10:07.407 I/MyFragmentStateAdapter(21660): getCount
07-05 23:10:07.437 I/MyFragmentStateAdapter(21660): getCount
07-05 23:10:07.449 D/MSTAR_VDEC_DBG( 1206): Stream ID: 0, Rate : 23 (E:0,D:0,S:0,F:48) 
07-05 23:10:07.464 I/MyFragmentStateAdapter(21660): getCount
07-05 23:10:07.484 I/MyFragmentStateAdapter(21660): getCount
07-05 23:10:07.507 I/MyFragmentStateAdapter(21660): getCount
07-05 23:10:07.532 I/MyFragmentStateAdapter(21660): getCount
07-05 23:10:07.542 E/btif_config( 2964): [btif_config_get] node is TRUE!
07-05 23:10:07.542 E/btif_config( 2964): [btif_config_get] ret is TRUE!
07-05 23:10:07.570 I/MiSysSrv( 1214): [37m[INFO] Change to Voltage: 117 mv (0x32)[m
07-05 23:10:07.625 I/MyFragmentStateAdapter(21660): getCount
07-05 23:10:07.646 I/MyFragmentStateAdapter(21660): getCount
07-05 23:10:07.657 I/TVMW@HsTvSetting( 1234): Trace cmd, data = 0x1058
07-05 23:10:07.657 D/til@system( 2026): til_get_system_param option:100002F int:0, bool:0, ret:0
07-05 23:10:07.658 I/TVMW@HsTvSetting( 1234): Trace cmd, data = 0x101f
07-05 23:10:07.658 D/til@system( 2026): til_get_system_param option:100001D int:3, bool:3, ret:0
07-05 23:10:07.659 E/til     ( 2026): [til_get_current_input_source, 101] 
07-05 23:10:07.659 I/TVMW@HsTvSetting( 1234): Trace cmd, data = 0x7007
07-05 23:10:07.659 I/tilwrapper@sm( 2026): HS2TIL_SourceType *hs=0xd, *til=0x900
07-05 23:10:07.659 D/til     ( 2026): get current source 2304
07-05 23:10:07.660 D/SourceRemoteServiceHandler( 2026): getCurrentInputSource.from.til.result is 0, value is 2304
07-05 23:10:07.660 D/SourceRemoteServiceHandler( 2026): getInputSourceType source: 0x900, type=2304
07-05 23:10:07.660 D/til     ( 2026): ###### func:til_get_picture_param option:0x3000006 ######  
07-05 23:10:07.660 I/TVMW@HsTvSetting( 1234): Trace cmd, data = 0x1003
07-05 23:10:07.661 I/TVMW@HsTvSetting( 1234): Trace cmd, data = 0x8032
07-05 23:10:07.661 I/hstvos  ( 1216): [0m[1;33m[HSHAL][HS_VIDEO][HS_HAL_Video_SetOsdDetect_v2][2389]u16Threshold = 20
07-05 23:10:07.665 E/TVMW@videoctrl( 1234):  getOsd is 1
07-05 23:10:07.666 D/til@system( 2026): til_get_system_param option:1000027 int:1, bool:1, ret:0
07-05 23:10:07.666 D/til     ( 2026): ###### func:til_get_picture_param option:0x3000045 ######  
07-05 23:10:07.666 I/TVMW@HsTvSetting( 1234): Trace cmd, data = 0x300c
07-05 23:10:07.666 I/TVMW@HsTvSetting( 1234): Trace 3d, data = 0x300c
07-05 23:10:07.666 I/TVMW@3d ( 1234): Hs_debug3d_trace: func:get3dStatus, line:109
07-05 23:10:07.673 I/MiSysSrv( 1214): [37m[INFO] Change to Voltage: 107 mv (0x28)[m
07-05 23:10:07.682 I/MyFragmentStateAdapter(21660): getCount
07-05 23:10:07.704 I/MyFragmentStateAdapter(21660): getCount
07-05 23:10:07.726 E/btif_config( 2964): [btif_config_get] node is TRUE!
07-05 23:10:07.726 E/btif_config( 2964): [btif_config_get] ret is TRUE!
07-05 23:10:07.730 I/MyFragmentStateAdapter(21660): getCount
07-05 23:10:07.754 I/MyFragmentStateAdapter(21660): getCount
07-05 23:10:07.770 I/MiSysSrv( 1214): [37m[INFO] Change to Voltage: 102 mv (0x23)[m
07-05 23:10:07.776 I/MyFragmentStateAdapter(21660): getCount
07-05 23:10:07.803 I/MyFragmentStateAdapter(21660): getCount
07-05 23:10:07.831 I/MyFragmentStateAdapter(21660): getCount
07-05 23:10:07.852 I/MyFragmentStateAdapter(21660): getCount
07-05 23:10:07.871 D/PowerManagerService( 1733): acquireWakeLockInternal: lock=113832109, flags=0x1, tag="NetworkStats", ws=null, uid=1000, pid=1733
07-05 23:10:07.871 D/PowerManagerNotifier( 1733): onWakeLockAcquired: flags=1, tag="NetworkStats", packageName=android, ownerUid=1000, ownerPid=1733, workSource=null
07-05 23:10:07.871 D/NtpTrustedTime( 1733): currentTimeMillis() cache hit
07-05 23:10:07.881 D/NtpTrustedTime( 1733): currentTimeMillis() cache hit
07-05 23:10:07.882 D/NtpTrustedTime( 1733): currentTimeMillis() cache hit
07-05 23:10:07.882 D/NtpTrustedTime( 1733): currentTimeMillis() cache hit
07-05 23:10:07.882 D/PowerManagerService( 1733): releaseWakeLockInternal: lock=113832109 [NetworkStats], flags=0x0
07-05 23:10:07.882 D/PowerManagerNotifier( 1733): onWakeLockReleased: flags=1, tag="NetworkStats", packageName=android, ownerUid=1000, ownerPid=1733, workSource=null
07-05 23:10:07.893 I/MyFragmentStateAdapter(21660): getCount
07-05 23:10:07.912 E/btif_config( 2964): [btif_config_get] node is TRUE!
07-05 23:10:07.912 E/btif_config( 2964): [btif_config_get] ret is TRUE!
07-05 23:10:07.920 I/MyFragmentStateAdapter(21660): getCount
07-05 23:10:07.954 I/MyFragmentStateAdapter(21660): getCount
07-05 23:10:07.970 I/MiSysSrv( 1214): [37m[INFO] Change to Voltage: 117 mv (0x32)[m
07-05 23:10:07.984 I/MyFragmentStateAdapter(21660): getCount
07-05 23:10:08.006 I/MyFragmentStateAdapter(21660): getCount
07-05 23:10:08.033 I/MyFragmentStateAdapter(21660): getCount
07-05 23:10:08.056 I/MyFragmentStateAdapter(21660): getCount
07-05 23:10:08.070 I/MiSysSrv( 1214): [37m[INFO] Change to Voltage: 102 mv (0x23)[m
07-05 23:10:08.091 I/MyFragmentStateAdapter(21660): getCount
07-05 23:10:08.098 I/HLSP2P  ( 3457): ## 2017-07-05 23:10:08.097 [3457,3628,:0] INFO ## [HLSP2P][TaskManager.cpp:855][INFO][UpdateGlobalInfo]totalDataSize: 0, totalMemorySize: 0, totalCacheSize: 0, curUploadSpeedKB: 0
07-05 23:10:08.100 I/HLSP2P  ( 3457): ## 2017-07-05 23:10:08.099 [3457,3628,:0] INFO ## [HLSP2P][TaskManager.cpp:1325][INFO][TryAdjustMemorySize]system memory total size: 1912M, free size: 336MB, cache add to 30MB, AppState: 14
07-05 23:10:08.115 I/MyFragmentStateAdapter(21660): getCount
07-05 23:10:08.153 I/MyFragmentStateAdapter(21660): getCount
07-05 23:10:08.167 I/TVMW@HsTvSetting( 1234): Trace cmd, data = 0x1058
07-05 23:10:08.168 D/til@system( 2026): til_get_system_param option:100002F int:0, bool:0, ret:0
07-05 23:10:08.168 I/TVMW@HsTvSetting( 1234): Trace cmd, data = 0x101f
07-05 23:10:08.168 D/til@system( 2026): til_get_system_param option:100001D int:3, bool:3, ret:0
07-05 23:10:08.168 E/til     ( 2026): [til_get_current_input_source, 101] 
07-05 23:10:08.168 I/TVMW@HsTvSetting( 1234): Trace cmd, data = 0x7007
07-05 23:10:08.168 I/tilwrapper@sm( 2026): HS2TIL_SourceType *hs=0xd, *til=0x900
07-05 23:10:08.168 D/til     ( 2026): get current source 2304
07-05 23:10:08.169 D/SourceRemoteServiceHandler( 2026): getCurrentInputSource.from.til.result is 0, value is 2304
07-05 23:10:08.169 D/SourceRemoteServiceHandler( 2026): getInputSourceType source: 0x900, type=2304
07-05 23:10:08.169 D/til     ( 2026): ###### func:til_get_picture_param option:0x3000006 ######  
07-05 23:10:08.169 I/TVMW@HsTvSetting( 1234): Trace cmd, data = 0x1003
07-05 23:10:08.170 I/TVMW@HsTvSetting( 1234): Trace cmd, data = 0x8032
07-05 23:10:08.170 I/hstvos  ( 1216): [0m[1;33m[HSHAL][HS_VIDEO][HS_HAL_Video_SetOsdDetect_v2][2389]u16Threshold = 20
07-05 23:10:08.176 E/TVMW@videoctrl( 1234):  getOsd is 1
07-05 23:10:08.176 D/til@system( 2026): til_get_system_param option:1000027 int:1, bool:1, ret:0
07-05 23:10:08.176 D/til     ( 2026): ###### func:til_get_picture_param option:0x3000045 ######  
07-05 23:10:08.176 I/TVMW@HsTvSetting( 1234): Trace cmd, data = 0x300c
07-05 23:10:08.176 I/TVMW@HsTvSetting( 1234): Trace 3d, data = 0x300c
07-05 23:10:08.176 I/TVMW@3d ( 1234): Hs_debug3d_trace: func:get3dStatus, line:109
07-05 23:10:08.184 I/MyFragmentStateAdapter(21660): getCount
07-05 23:10:08.199 I/TVMW@devctrl( 1234): wdt
07-05 23:10:08.220 I/MyFragmentStateAdapter(21660): getCount
07-05 23:10:08.236 I/NetflixMonitorService( 1733): current fgapk : com.hisense.hicloud.edca
07-05 23:10:08.236 I/NetflixMonitorService( 1733): Netflix status unchanged
07-05 23:10:08.257 I/MyFragmentStateAdapter(21660): getCount
07-05 23:10:08.269 I/MiSysSrv( 1214): [37m[INFO] Change to Voltage: 117 mv (0x32)[m
07-05 23:10:08.291 I/MyFragmentStateAdapter(21660): getCount
07-05 23:10:08.316 I/MyFragmentStateAdapter(21660): getCount
07-05 23:10:08.337 I/MyFragmentStateAdapter(21660): getCount
07-05 23:10:08.357 I/MyFragmentStateAdapter(21660): getCount
07-05 23:10:08.391 I/MyFragmentStateAdapter(21660): getCount
07-05 23:10:08.417 I/MyFragmentStateAdapter(21660): getCount
07-05 23:10:08.435 I/MyFragmentStateAdapter(21660): getCount
07-05 23:10:08.450 D/MSTAR_VDEC_DBG( 1206): Stream ID: 0, Rate : 23 (E:0,D:0,S:0,F:72) 
07-05 23:10:08.461 I/MyFragmentStateAdapter(21660): getCount
07-05 23:10:08.465 E/btif_config( 2964): [btif_config_get] node is TRUE!
07-05 23:10:08.465 E/btif_config( 2964): [btif_config_get] ret is TRUE!
07-05 23:10:08.499 I/MyFragmentStateAdapter(21660): getCount
07-05 23:10:08.522 I/MyFragmentStateAdapter(21660): getCount
07-05 23:10:08.545 I/MyFragmentStateAdapter(21660): getCount
07-05 23:10:08.576 I/MyFragmentStateAdapter(21660): getCount
07-05 23:10:08.600 I/MyFragmentStateAdapter(21660): getCount
07-05 23:10:08.632 I/MyFragmentStateAdapter(21660): getCount
07-05 23:10:08.649 E/btif_config( 2964): [btif_config_get] node is TRUE!
07-05 23:10:08.649 E/btif_config( 2964): [btif_config_get] ret is TRUE!
07-05 23:10:08.667 I/MyFragmentStateAdapter(21660): getCount
07-05 23:10:08.670 I/MiSysSrv( 1214): [37m[INFO] Change to Voltage: 112 mv (0x2D)[m
07-05 23:10:08.679 I/TVMW@HsTvSetting( 1234): Trace cmd, data = 0x1058
07-05 23:10:08.680 D/til@system( 2026): til_get_system_param option:100002F int:0, bool:0, ret:0
07-05 23:10:08.680 I/TVMW@HsTvSetting( 1234): Trace cmd, data = 0x101f
07-05 23:10:08.681 D/til@system( 2026): til_get_system_param option:100001D int:3, bool:3, ret:0
07-05 23:10:08.681 E/til     ( 2026): [til_get_current_input_source, 101] 
07-05 23:10:08.681 I/TVMW@HsTvSetting( 1234): Trace cmd, data = 0x7007
07-05 23:10:08.682 I/tilwrapper@sm( 2026): HS2TIL_SourceType *hs=0xd, *til=0x900
07-05 23:10:08.682 D/til     ( 2026): get current source 2304
07-05 23:10:08.682 D/SourceRemoteServiceHandler( 2026): getCurrentInputSource.from.til.result is 0, value is 2304
07-05 23:10:08.682 D/SourceRemoteServiceHandler( 2026): getInputSourceType source: 0x900, type=2304
07-05 23:10:08.682 D/til     ( 2026): ###### func:til_get_picture_param option:0x3000006 ######  
07-05 23:10:08.682 I/TVMW@HsTvSetting( 1234): Trace cmd, data = 0x1003
07-05 23:10:08.685 I/TVMW@HsTvSetting( 1234): Trace cmd, data = 0x8032
07-05 23:10:08.686 I/hstvos  ( 1216): [0m[1;33m[HSHAL][HS_VIDEO][HS_HAL_Video_SetOsdDetect_v2][2389]u16Threshold = 20
07-05 23:10:08.686 E/TVMW@videoctrl( 1234):  getOsd is 1
07-05 23:10:08.686 D/til@system( 2026): til_get_system_param option:1000027 int:1, bool:1, ret:0
07-05 23:10:08.686 D/til     ( 2026): ###### func:til_get_picture_param option:0x3000045 ######  
07-05 23:10:08.687 I/TVMW@HsTvSetting( 1234): Trace cmd, data = 0x300c
07-05 23:10:08.687 I/TVMW@HsTvSetting( 1234): Trace 3d, data = 0x300c
07-05 23:10:08.687 I/TVMW@3d ( 1234): Hs_debug3d_trace: func:get3dStatus, line:109
07-05 23:10:08.688 I/MyFragmentStateAdapter(21660): getCount
07-05 23:10:08.713 I/MyFragmentStateAdapter(21660): getCount
07-05 23:10:08.714 D/PowerManagerService( 1733): acquireWakeLockInternal: lock=113832109, flags=0x1, tag="NetworkStats", ws=null, uid=1000, pid=1733
07-05 23:10:08.714 D/PowerManagerNotifier( 1733): onWakeLockAcquired: flags=1, tag="NetworkStats", packageName=android, ownerUid=1000, ownerPid=1733, workSource=null
07-05 23:10:08.714 D/NtpTrustedTime( 1733): currentTimeMillis() cache hit
07-05 23:10:08.733 I/MyFragmentStateAdapter(21660): getCount
07-05 23:10:08.747 D/NtpTrustedTime( 1733): currentTimeMillis() cache hit
07-05 23:10:08.753 D/NtpTrustedTime( 1733): currentTimeMillis() cache hit
07-05 23:10:08.753 D/NtpTrustedTime( 1733): currentTimeMillis() cache hit
07-05 23:10:08.754 D/PowerManagerService( 1733): releaseWakeLockInternal: lock=113832109 [NetworkStats], flags=0x0
07-05 23:10:08.754 D/PowerManagerNotifier( 1733): onWakeLockReleased: flags=1, tag="NetworkStats", packageName=android, ownerUid=1000, ownerPid=1733, workSource=null
07-05 23:10:08.763 I/MyFragmentStateAdapter(21660): getCount
07-05 23:10:08.789 I/MyFragmentStateAdapter(21660): getCount
07-05 23:10:08.814 I/MyFragmentStateAdapter(21660): getCount
07-05 23:10:08.830 E/btif_config( 2964): [btif_config_get] node is TRUE!
07-05 23:10:08.830 E/btif_config( 2964): [btif_config_get] ret is TRUE!
07-05 23:10:08.860 I/MyFragmentStateAdapter(21660): getCount
07-05 23:10:08.874 I/MiSysSrv( 1214): [37m[INFO] Change to Voltage: 102 mv (0x23)[m
07-05 23:10:08.898 I/MyFragmentStateAdapter(21660): getCount
07-05 23:10:08.936 I/MyFragmentStateAdapter(21660): getCount
07-05 23:10:08.946 D/GlobalInputEventMonitoringService( 1733): interceptKeyBeforeQueueing(), event:22, mNeedMonitorKeyEvent:true, mWaitForKeyUpEvent:false
07-05 23:10:08.946 D/GlobalInputEventMonitoringService( 1733): processKeyEvent(), processKeyEvent event:22
07-05 23:10:08.947 D/WindowManager( 1733): interceptKeyTq keycode=22 interactive=true keyguardActive=false policyFlags=2b000000 isCancled= false
07-05 23:10:08.947 D/PowerManagerService( 1733): userActivityNoUpdateLocked: eventTime=16250508, event=1, flags=0x0, uid=1000
07-05 23:10:08.947 D/WindowManager( 1733): interceptKeyTi keyCode=22 down=true repeatCount=0 keyguardOn=false mHomePressed=false canceled=false
07-05 23:10:08.947 D/WindowManager( 1733): Hisense systemkey event: 22
07-05 23:10:08.947 D/HisenseGlobalKeyManager( 1733): handleGlobalKey() : Global event = KeyEvent { action=ACTION_DOWN, keyCode=KEYCODE_DPAD_RIGHT, scanCode=0, metaState=0, flags=0x0, repeatCount=0, eventTime=16250508, downTime=16250508, deviceId=-1, source=0x101 }
07-05 23:10:08.970 I/MiSysSrv( 1214): [37m[INFO] Change to Voltage: 117 mv (0x32)[m
07-05 23:10:08.984 D/SogouIME( 2203): [onKeyDown] keycode = 22 model = VIDAA_TV
07-05 23:10:08.986 I/MyFragmentStateAdapter(21660): getCount
07-05 23:10:09.009 D/Carousel-CarouselDisplayPlayerLayout(21660): HasFocus:false,keyCode:22
07-05 23:10:09.009 D/Carousel-CarouselDisplayPlayerLayout(21660): isFullScreen:false
07-05 23:10:09.009 I/HomeMainActivity(21660): carousel handle key:false
07-05 23:10:09.010 I/MainHomeView(21660): dispatchKeyEvent ACTION_DOWN now 
07-05 23:10:09.017 I/TabView (21660): onKeyListener() ACTION_DOWN keyCode -- 22
07-05 23:10:09.017 I/SoftFragmentList(21660): fetchCacheFragment  enter ---- index = 2
07-05 23:10:09.017 D/SoftFragmentList(21660): fetchCacheFragment  mFragmentCache.size() = 3
07-05 23:10:09.017 D/SoftFragmentList(21660): fetchCacheFragment mLastIndex = 2, view = 
07-05 23:10:09.018 I/BaseContentFragment(21660): initChildFocustrue,recyclerview=com.hisense.leanback.widget.VerticalGridView{3427f275 VFED.... ........ 0,0-1768,1080 #7f0d02c8 app:id/recyclerview_content}====---mIsVisibleToUser:true-------
07-05 23:10:09.029 D/til@system( 2026): til_get_system_param option:1000007 int:-1936522112, bool:128, ret:0
07-05 23:10:09.034 D/til@system( 2026): til_get_system_param option:1000009 int:-1815633792, bool:128, ret:0
07-05 23:10:09.040 D/til@system( 2026): til_get_system_param option:1000008 int:-1936523008, bool:0, ret:0
07-05 23:10:09.041 D/HiSDKLogReport(21660): getOperationDetail-productName : LED50MU8600UC
07-05 23:10:09.041 D/HiSDKLogReport(21660): getOperationDetail-plmNumber : 88888
07-05 23:10:09.041 D/HiSDKLogReport(21660): getOperationDetail-swVersion : V0000.00.01A
07-05 23:10:09.041 D/HiSDKLogReport(21660): getOperationDetail-operationDetail : LED50MU8600UC0000888
07-05 23:10:09.041 D/HiSDKLogReport(21660): businessLogReport-log : {eventType=232, APPVersionName=3.0.0.9.00, devid=86100300900000500000060a4818fca8, rowid=-1, uuid=13287129, APIversion=501, eventcode=232000, logversion=2.0, columnid=-1, devType=0, eventPos=000, groupid=-1, ChannelId=0, version=00.002.003, subscriberId=13287129, PFAPPCode=652, tabid=0, softwareVersion=LED50MU8600UC0000888, srceventcode=201000, mac=a8:a6:48:18:fc:a8, accessToken=72DF6038D2AEAB8A76DFBBBBCC428A4A_001741252980577, srctabid=0, APPPackage=com.hisense.hicloud.edca, sessionid=38fd5570207e4ca781c383e347a48687, requesttime=1499267409041, customerId=7195320, model_id=0, requestid=99776d2794bc4270b3ab39a726622ee1, tv_distribute_id=00, APIVersion=600, issysrepo=0}
07-05 23:10:09.041 D/BaseContentFragment(21660): initChildFocus firstlineview===>:com.hisense.tvui.newhome.view.SpecialFirstView{1c2db185 V.E..... ........ 10,185-1748,691}
07-05 23:10:09.042 D/setHistoryRequestFocus(21660): ===>false
07-05 23:10:09.042 I/FirstlineLayoutManager(21660): left=0,width=1738,scroll Distance=-1488
07-05 23:10:09.046 I/BaseContentFragment(21660): setRowViewSelectedViewHolder{2ef72cd2 position=0 id=-1, oldPos=-1, pLpos:-1},isSelectedfalse
07-05 23:10:09.046 I/BaseContentFragment(21660): setRowViewSelectedViewHolder{24b3c1c9 position=1 id=-1, oldPos=-1, pLpos:-1},isSelectedtrue
07-05 23:10:09.046 I/RoleContentFragment(21660): onChildSelected:1,lastPos=0
07-05 23:10:09.054 W/System.err(21660): java.net.ConnectException: failed to connect to /10.18.210.112 (port 8900) after 6000ms: isConnected failed: ECONNREFUSED (Connection refused)
07-05 23:10:09.054 W/System.err(21660): 	at libcore.io.IoBridge.isConnected(IoBridge.java:238)
07-05 23:10:09.054 W/System.err(21660): 	at libcore.io.IoBridge.connectErrno(IoBridge.java:171)
07-05 23:10:09.054 W/System.err(21660): 	at libcore.io.IoBridge.connect(IoBridge.java:122)
07-05 23:10:09.054 W/System.err(21660): 	at java.net.PlainSocketImpl.connect(PlainSocketImpl.java:183)
07-05 23:10:09.054 W/System.err(21660): 	at java.net.PlainSocketImpl.connect(PlainSocketImpl.java:456)
07-05 23:10:09.054 W/System.err(21660): 	at java.net.Socket.connect(Socket.java:882)
07-05 23:10:09.054 W/System.err(21660): 	at com.android.okhttp.internal.Platform.connectSocket(Platform.java:174)
07-05 23:10:09.054 W/System.err(21660): 	at com.android.okhttp.Connection.connect(Connection.java:152)
07-05 23:10:09.054 W/System.err(21660): 	at com.android.okhttp.internal.http.HttpEngine.connect(HttpEngine.java:276)
07-05 23:10:09.054 W/System.err(21660): 	at com.android.okhttp.internal.http.HttpEngine.sendRequest(HttpEngine.java:211)
07-05 23:10:09.054 W/System.err(21660): 	at com.android.okhttp.internal.http.HttpURLConnectionImpl.execute(HttpURLConnectionImpl.java:382)
07-05 23:10:09.054 W/System.err(21660): 	at com.android.okhttp.internal.http.HttpURLConnectionImpl.connect(HttpURLConnectionImpl.java:106)
07-05 23:10:09.054 W/System.err(21660): 	at com.hisense.hitv.hicloud.util.ExceptionReport.a(ExceptionReport.java:337)
07-05 23:10:09.054 W/System.err(21660): 	at com.hisense.hitv.hicloud.util.ExceptionReport.a(ExceptionReport.java:39)
07-05 23:10:09.054 W/System.err(21660): 	at com.hisense.hitv.hicloud.util.ExceptionReport$1.run(ExceptionReport.java:83)
07-05 23:10:09.054 W/System.err(21660): 	at java.lang.Thread.run(Thread.java:818)
07-05 23:10:09.054 W/System.err(21660): Caused by: android.system.ErrnoException: isConnected failed: ECONNREFUSED (Connection refused)
07-05 23:10:09.055 W/System.err(21660): 	at libcore.io.IoBridge.isConnected(IoBridge.java:223)
07-05 23:10:09.055 W/System.err(21660): 	... 15 more
07-05 23:10:09.058 I/TabView (21660): onfocuschange:false
07-05 23:10:09.059 D/TabView (21660): icon---:2
07-05 23:10:09.059 E/TabView (21660): 
07-05 23:10:09.072 D/CommonHeader(21660): onTabStatusChanged tabstatus===>:40000
07-05 23:10:09.095 D/GlobalInputEventMonitoringService( 1733): interceptKeyBeforeQueueing(), event:22, mNeedMonitorKeyEvent:true, mWaitForKeyUpEvent:false
07-05 23:10:09.095 D/GlobalInputEventMonitoringService( 1733): processKeyEvent(), processKeyEvent event:22
07-05 23:10:09.096 D/WindowManager( 1733): interceptKeyTq keycode=22 interactive=true keyguardActive=false policyFlags=2b000000 isCancled= false
07-05 23:10:09.096 D/WindowManager( 1733): interceptKeyTi keyCode=22 down=false repeatCount=0 keyguardOn=false mHomePressed=false canceled=false
07-05 23:10:09.096 D/WindowManager( 1733): Hisense systemkey event: 22
07-05 23:10:09.096 D/HisenseGlobalKeyManager( 1733): handleGlobalKey() : Global event = KeyEvent { action=ACTION_UP, keyCode=KEYCODE_DPAD_RIGHT, scanCode=0, metaState=0, flags=0x0, repeatCount=0, eventTime=16250508, downTime=16250508, deviceId=-1, source=0x101 }
07-05 23:10:09.099 I/TVMW@devctrl( 1234): wdt
07-05 23:10:09.099 I/MyFragmentStateAdapter(21660): getCount
07-05 23:10:09.122 D/HttpHandler(21660): VerifySignInterCeptor-->request.url()=http://picture.edu.hismarttv.com/images/20170628121925625089.png
07-05 23:10:09.122 D/HttpHandler(21660): VerifySignInterCeptor-->hostname=picture.edu.hismarttv.com
07-05 23:10:09.124 D/OkHttp  (21660): --> GET http://picture.edu.hismarttv.com/images/20170628121925625089.png http/1.1
07-05 23:10:09.124 D/OkHttp  (21660): Host: picture.edu.hismarttv.com
07-05 23:10:09.124 D/OkHttp  (21660): Connection: Keep-Alive
07-05 23:10:09.124 D/OkHttp  (21660): Accept-Encoding: gzip
07-05 23:10:09.124 D/OkHttp  (21660): User-Agent: okhttp/3.6.0
07-05 23:10:09.124 D/OkHttp  (21660): --> END GET
07-05 23:10:09.136 D/TabView (21660): 
07-05 23:10:09.137 D/TabView (21660): 
07-05 23:10:09.137 D/TabView (21660): 
07-05 23:10:09.145 D/TabView (21660): 
07-05 23:10:09.146 D/TabView (21660): 
07-05 23:10:09.146 D/TabView (21660): 
07-05 23:10:09.147 D/TabView (21660): 
07-05 23:10:09.151 D/OkHttp  (21660): <-- 200 OK http://picture.edu.hismarttv.com/images/20170628121925625089.png (26ms)
07-05 23:10:09.151 D/OkHttp  (21660): Date: Wed, 05 Jul 2017 14:00:55 GMT
07-05 23:10:09.151 D/OkHttp  (21660): Server: nginx
07-05 23:10:09.151 D/OkHttp  (21660): Content-Type: image/png
07-05 23:10:09.151 D/OkHttp  (21660): Content-Length: 3689
07-05 23:10:09.151 D/OkHttp  (21660): Last-Modified: Wed, 28 Jun 2017 12:19:25 GMT
07-05 23:10:09.151 D/OkHttp  (21660): ETag: "59539ecd-e69"
07-05 23:10:09.151 D/OkHttp  (21660): Accept-Ranges: bytes
07-05 23:10:09.151 D/OkHttp  (21660): Age: 4153
07-05 23:10:09.151 D/OkHttp  (21660): Via: 1.1 jnwt241:0 (Cdn Cache Server V2.0)[65 200 0], 1.1 luwangtong27:0 (Cdn Cache Server V2.0)[0 200 0]
07-05 23:10:09.151 D/OkHttp  (21660): Connection: keep-alive
07-05 23:10:09.151 D/OkHttp  (21660): <-- END HTTP
07-05 23:10:09.173 D/HttpHandler(21660): RetryIntercepter-->retryNum=0
07-05 23:10:09.173 D/HttpHandler(21660): RetryIntercepter-->backoffmutiplier=0
07-05 23:10:09.188 I/TVMW@HsTvSetting( 1234): Trace cmd, data = 0x1058
07-05 23:10:09.189 D/TabView (21660): 
07-05 23:10:09.190 D/TabView (21660): 
07-05 23:10:09.191 D/til@system( 2026): til_get_system_param option:100002F int:0, bool:0, ret:0
07-05 23:10:09.191 I/TVMW@HsTvSetting( 1234): Trace cmd, data = 0x101f
07-05 23:10:09.191 D/til@system( 2026): til_get_system_param option:100001D int:3, bool:3, ret:0
07-05 23:10:09.192 E/til     ( 2026): [til_get_current_input_source, 101] 
07-05 23:10:09.192 I/TVMW@HsTvSetting( 1234): Trace cmd, data = 0x7007
07-05 23:10:09.192 I/tilwrapper@sm( 2026): HS2TIL_SourceType *hs=0xd, *til=0x900
07-05 23:10:09.192 D/til     ( 2026): get current source 2304
07-05 23:10:09.192 D/SourceRemoteServiceHandler( 2026): getCurrentInputSource.from.til.result is 0, value is 2304
07-05 23:10:09.192 D/SourceRemoteServiceHandler( 2026): getInputSourceType source: 0x900, type=2304
07-05 23:10:09.192 D/til     ( 2026): ###### func:til_get_picture_param option:0x3000006 ######  
07-05 23:10:09.192 I/TVMW@HsTvSetting( 1234): Trace cmd, data = 0x1003
07-05 23:10:09.198 I/TVMW@HsTvSetting( 1234): Trace cmd, data = 0x8032
07-05 23:10:09.198 I/hstvos  ( 1216): [0m[1;33m[HSHAL][HS_VIDEO][HS_HAL_Video_SetOsdDetect_v2][2389]u16Threshold = 20
07-05 23:10:09.201 E/TVMW@videoctrl( 1234):  getOsd is 1
07-05 23:10:09.202 D/til@system( 2026): til_get_system_param option:1000027 int:1, bool:1, ret:0
07-05 23:10:09.202 D/TabView (21660): 
07-05 23:10:09.203 D/til     ( 2026): ###### func:til_get_picture_param option:0x3000045 ######  
07-05 23:10:09.203 I/TVMW@HsTvSetting( 1234): Trace cmd, data = 0x300c
07-05 23:10:09.203 I/TVMW@HsTvSetting( 1234): Trace 3d, data = 0x300c
07-05 23:10:09.203 I/TVMW@3d ( 1234): Hs_debug3d_trace: func:get3dStatus, line:109
07-05 23:10:09.207 D/TabView (21660): 
07-05 23:10:09.209 D/TabView (21660): 
07-05 23:10:09.210 D/TabView (21660): 
07-05 23:10:09.211 D/TabView (21660): 
07-05 23:10:09.212 D/TabView (21660): 
07-05 23:10:09.213 D/TabView (21660): 
07-05 23:10:09.223 I/MyFragmentStateAdapter(21660): getCount
07-05 23:10:09.223 I/MyFragmentStateAdapter(21660): getCount
07-05 23:10:09.229 D/TabView (21660): 
07-05 23:10:09.231 D/TabView (21660): 
07-05 23:10:09.232 D/TabView (21660): 
07-05 23:10:09.234 D/TabView (21660): 
07-05 23:10:09.237 I/NetflixMonitorService( 1733): current fgapk : com.hisense.hicloud.edca
07-05 23:10:09.237 I/NetflixMonitorService( 1733): Netflix status unchanged
07-05 23:10:09.238 D/TabView (21660): 
07-05 23:10:09.239 D/TabView (21660): 
07-05 23:10:09.240 D/TabView (21660): 
07-05 23:10:09.241 D/TabView (21660): 
07-05 23:10:09.248 D/TabView (21660): 
07-05 23:10:09.257 D/TabView (21660): 
07-05 23:10:09.258 D/TabView (21660): 
07-05 23:10:09.259 D/TabView (21660): 
07-05 23:10:09.269 I/MiSysSrv( 1214): [37m[INFO] Change to Voltage: 117 mv (0x32)[m
07-05 23:10:09.272 D/TabView (21660): 
07-05 23:10:09.273 D/TabView (21660): 
07-05 23:10:09.283 D/TabView (21660): 
07-05 23:10:09.285 D/TabView (21660): 
07-05 23:10:09.291 I/MyFragmentStateAdapter(21660): getCount
07-05 23:10:09.291 I/MyFragmentStateAdapter(21660): getCount
07-05 23:10:09.305 I/TabView (21660): onScroll:,firstItem=0,visibleCount=6,totalCount=10
07-05 23:10:09.306 I/art     (21660): Background partial concurrent mark sweep GC freed 48779(1890KB) AllocSpace objects, 0(0B) LOS objects, 13% free, 26MB/30MB, paused 3.105ms total 144.914ms
07-05 23:10:09.307 D/Carousel-CarouselView(21660): ============>onScrollChanged hashCode:558015189
07-05 23:10:09.307 D/HttpHandler(21660): VerifySignInterCeptor-->request.url()=http://picture.edu.hismarttv.com/images/20170628111818312641.png
07-05 23:10:09.307 D/HttpHandler(21660): VerifySignInterCeptor-->hostname=picture.edu.hismarttv.com
07-05 23:10:09.307 D/Carousel-CarouselDisplayPlayerLayout(21660): isFullScreen:false
07-05 23:10:09.308 I/MainHomeView(21660): onPanelSlide0.06870229---left161
07-05 23:10:09.308 D/OkHttp  (21660): --> GET http://picture.edu.hismarttv.com/images/20170628111818312641.png http/1.1
07-05 23:10:09.308 D/OkHttp  (21660): Host: picture.edu.hismarttv.com
07-05 23:10:09.309 D/OkHttp  (21660): Connection: Keep-Alive
07-05 23:10:09.309 D/OkHttp  (21660): Accept-Encoding: gzip
07-05 23:10:09.309 D/OkHttp  (21660): User-Agent: okhttp/3.6.0
07-05 23:10:09.309 D/OkHttp  (21660): --> END GET
07-05 23:10:09.310 D/OkHttp  (21660): <-- HTTP FAILED: java.io.InterruptedIOException: thread interrupted
07-05 23:10:09.311 I/CurrentCarouselView(21660): onCarouseControlCarouselControlBean{mShoudScroll=true, mActivityHasResume=false, mActivityHasStop=false, mHasTurnGone=false, mHasTurnVisible=false, mChannelId=-1, mSlideOffset=0.06870229, mShouldSelectCenter=false, mTabOpen=false, mHoriPosStatus=None, mVerPosStatus=None, mLevelStatus=None},isPlayingtrue,channelId=0
07-05 23:10:09.311 I/CurrentCarouselView(21660): is not the current page
07-05 23:10:09.311 I/CurrentCarouselView(21660): do scroll
07-05 23:10:09.311 D/Carousel-CarouselView(21660): smoothScroll.
07-05 23:10:09.311 D/Carousel-CarouselDisplayPlayerLayout(21660): isFullScreen:false
07-05 23:10:09.312 D/TabView (21660): onReceiveSlidingOffset ===>:0.06870229
07-05 23:10:09.313 D/HttpHandler(21660): RetryIntercepter-->retryNum=0
07-05 23:10:09.314 D/HttpHandler(21660): RetryIntercepter-->backoffmutiplier=0
07-05 23:10:09.314 I/MyFragmentStateAdapter(21660): getCount
07-05 23:10:09.330 D/Carousel-CarouselDisplayPlayerLayout(21660): HasFocus:false,keyCode:22
07-05 23:10:09.330 D/Carousel-CarouselDisplayPlayerLayout(21660): isFullScreen:false
07-05 23:10:09.330 I/HomeMainActivity(21660): carousel handle key:false
07-05 23:10:09.351 V/InputMethodService( 2203): startInput(): editor=android.view.inputmethod.EditorInfo@38f56d66
07-05 23:10:09.351 V/InputMethodService( 2203): CALL: onFinishInput
07-05 23:10:09.353 I/MainHomeView(21660): onPanelSlide0.030534351---left156
07-05 23:10:09.353 I/CurrentCarouselView(21660): onCarouseControlCarouselControlBean{mShoudScroll=true, mActivityHasResume=false, mActivityHasStop=false, mHasTurnGone=false, mHasTurnVisible=false, mChannelId=-1, mSlideOffset=0.030534351, mShouldSelectCenter=false, mTabOpen=false, mHoriPosStatus=None, mVerPosStatus=None, mLevelStatus=None},isPlayingtrue,channelId=0
07-05 23:10:09.353 I/CurrentCarouselView(21660): is not the current page
07-05 23:10:09.353 I/CurrentCarouselView(21660): do scroll
07-05 23:10:09.354 D/Carousel-CarouselView(21660): smoothScroll.
07-05 23:10:09.354 D/Carousel-CarouselDisplayPlayerLayout(21660): isFullScreen:false
07-05 23:10:09.354 D/TabView (21660): onReceiveSlidingOffset ===>:0.030534351
07-05 23:10:09.355 E/SOGOUIME_JNI( 2203): reset
07-05 23:10:09.355 E/SOGOUIME_JNI( 2203): getCandidates
07-05 23:10:09.355 E/SOGOUIME_JNI( 2203): ime_get_uncommitted_length
07-05 23:10:09.356 E/SOGOUIME_JNI( 2203): getCandidates
07-05 23:10:09.356 D/SogouIME API( 2203): ==============num:32
07-05 23:10:09.356 E/SOGOUIME_JNI( 2203): ime_get_uncommitted_length
07-05 23:10:09.356 D/SogouIME( 2203): mFocusedComponent:30   isHkbEnable:false
07-05 23:10:09.356 E/SOGOUIME_JNI( 2203): ime_get_uncommitted_length
07-05 23:10:09.356 E/SOGOUIME_JNI( 2203): ime_get_committed_length
07-05 23:10:09.356 E/SOGOUIME_JNI( 2203): getComposingInfo
07-05 23:10:09.356 E/SOGOUIME_JNI( 2203): getComposingInfo
07-05 23:10:09.356 E/SOGOUIME_JNI( 2203): getCorrectInfo
07-05 23:10:09.356 E/SOGOUIME_JNI( 2203): getComposingInfo
07-05 23:10:09.363 V/InputMethodService( 2203): CALL: onStartInput
07-05 23:10:09.363 E/SOGOUIME_JNI( 2203): invalidateCommitWordPinyinNative
07-05 23:10:09.364 D/SogouIME( 2203): =====configKeyboard=======:false     false
07-05 23:10:09.364 E/SOGOUIME_JNI( 2203): ime_set_hard_kb_enable
07-05 23:10:09.371 I/HLSP2P  (16183): ## 2017-07-05 23:10:09.371 [16183,16481,:0] INFO ## [HLSP2P][DownloadManager.cpp:35][INFO][TryExtendCacheSize]system memory total size : 1912M, free size : 347M, cache add to 30MB
07-05 23:10:09.381 D/Carousel-CarouselDisplayPlayerLayout(21660): x=384, y=167,w=892,h=536, hashCode=432228362
07-05 23:10:09.381 D/Carousel-CarouselDisplayPlayerLayout(21660): mX=511, mY=167,mWitdh=892,mHeight=536, hashCode=432228362
07-05 23:10:09.381 D/Carousel-CarouselDisplayPlayerLayout(21660): changed=true, hashCode=432228362
07-05 23:10:09.386 D/Carousel-Utils(21660): x=384,y=167, width=892,height=536
07-05 23:10:09.386 D/Carousel-CarouselDisplayPlayerLayout(21660): isFullScreen:false
07-05 23:10:09.386 D/Carousel-CarouselView(21660): ===========>onScrollStart
07-05 23:10:09.388 D/Carousel-Utils(21660): displayImage view=android.widget.ImageView{1cb6b478 I.ED.... ......ID 0,0-816,460 #7f0d0029 app:id/imageView1}
07-05 23:10:09.388 D/Carousel-Utils(21660): displayImage url=http://picture.edu.hismarttv.com/images/20170629010146422927.jpg
07-05 23:10:09.408 D/Carousel-Utils(21660): onResourceReady.
07-05 23:10:09.422 D/Carousel-Utils(21660): displayImage view=android.widget.ImageView{576555f I.ED.... ........ 0,0-816,460 #7f0d0029 app:id/imageView1}
07-05 23:10:09.422 D/Carousel-Utils(21660): displayImage url=http://picture.edu.hismarttv.com/images/20170629010146422927.jpg
07-05 23:10:09.422 D/Carousel-Utils(21660): onResourceReady.
07-05 23:10:09.423 D/Carousel-CarouselDisplayPlayerLayout(21660): x=384, y=167,w=892,h=536, hashCode=432228362
07-05 23:10:09.423 D/Carousel-CarouselDisplayPlayerLayout(21660): mX=384, mY=167,mWitdh=892,mHeight=536, hashCode=432228362
07-05 23:10:09.423 D/Carousel-CarouselDisplayPlayerLayout(21660): changed=false, hashCode=432228362
07-05 23:10:09.423 D/Carousel-CarouselDisplayPlayerLayout(21660): extraTryCount=0
07-05 23:10:09.426 I/MyFragmentStateAdapter(21660): getCount
07-05 23:10:09.426 I/MyFragmentStateAdapter(21660): getCount
07-05 23:10:09.426 I/MyFragmentStateAdapter(21660): getCount
07-05 23:10:09.426 I/MyFragmentStateAdapter(21660): getCount
07-05 23:10:09.426 I/Carousel-UrlVideoView(21660): onMeasure(MeasureSpec: EXACTLY 816, MeasureSpec: EXACTLY 460)
07-05 23:10:09.426 D/Carousel-UrlVideoView(21660): widthSpecMode=1073741824
07-05 23:10:09.426 D/Carousel-UrlVideoView(21660): heightSpecMode=1073741824
07-05 23:10:09.431 D/Carousel-UrlVideoView(21660): widthSpecSize=816
07-05 23:10:09.431 D/Carousel-UrlVideoView(21660): heightSpecSize=460
07-05 23:10:09.431 I/Carousel-UrlVideoView(21660): onMeasure(MeasureSpec: EXACTLY 816, MeasureSpec: EXACTLY 460)
07-05 23:10:09.431 D/Carousel-UrlVideoView(21660): widthSpecMode=1073741824
07-05 23:10:09.431 D/Carousel-UrlVideoView(21660): heightSpecMode=1073741824
07-05 23:10:09.431 D/Carousel-UrlVideoView(21660): widthSpecSize=816
07-05 23:10:09.431 D/Carousel-UrlVideoView(21660): heightSpecSize=460
07-05 23:10:09.440 D/Surface ( 1733): onStatusChange() : mNativeObject = 547819115520 mUseImageHwRender = false
07-05 23:10:09.440 V/Surface ( 1733): nativeSetHardwareRender() : status = 0
07-05 23:10:09.441 V/Surface ( 1733): nativeSetHardwareRender() : end
07-05 23:10:09.443 D/PowerManagerService( 1733): releaseWakeLockInternal: lock=487931605 [WindowManager], flags=0x0
07-05 23:10:09.443 D/PowerManagerNotifier( 1733): onWakeLockReleased: flags=536870922, tag="WindowManager", packageName=android, ownerUid=1000, ownerPid=1733, workSource=WorkSource{10010}
07-05 23:10:09.443 D/PowerManagerService( 1733): userActivityNoUpdateLocked: eventTime=16251014, event=0, flags=0x1, uid=1000
07-05 23:10:09.443 D/PowerManagerService( 1733): setScreenBrightnessOverrideFromWindowManagerInternal done
07-05 23:10:09.447 D/Surface ( 1733): onStatusChange() : mNativeObject = 0 mUseImageHwRender = false
07-05 23:10:09.450 I/FirstLineAdapter(21660): canShowTrailer,isOffline=false
07-05 23:10:09.450 I/FirstLineAdapter(21660): canShowTrailer,isOffline=false
07-05 23:10:09.451 I/FirstLineAdapter(21660): canShowTrailer,isOffline=false
07-05 23:10:09.451 I/FirstLineAdapter(21660): canShowTrailer,isOffline=false
07-05 23:10:09.451 I/FirstLineAdapter(21660): canShowTrailer,isOffline=false
07-05 23:10:09.451 I/FirstLineAdapter(21660): canShowTrailer,isOffline=false
07-05 23:10:09.451 I/FirstLineAdapter(21660): canShowTrailer,isOffline=false
07-05 23:10:09.452 I/FirstLineAdapter(21660): canShowTrailer,isOffline=false
07-05 23:10:09.452 I/FirstLineAdapter(21660): canShowTrailer,isOffline=false
07-05 23:10:09.453 I/SurfaceView(21660): Changes: creating=false format=false size=false visible=false left=true top=false
07-05 23:10:09.453 I/SurfaceView(21660): Cur surface: Surface(name=null)/@0x3b58f661
07-05 23:10:09.453 D/Surface ( 1733): onStatusChange() : mNativeObject = 547819094016 mUseImageHwRender = false
07-05 23:10:09.454 V/Surface ( 1733): nativeSetHardwareRender() : status = 0
07-05 23:10:09.454 V/Surface ( 1733): nativeSetHardwareRender() : end
07-05 23:10:09.455 D/MSTAR_VDEC_DBG( 1206): Stream ID: 0, Rate : 23 (E:0,D:0,S:0,F:96) 
07-05 23:10:09.457 D/PowerManagerService( 1733): setScreenBrightnessOverrideFromWindowManagerInternal done
07-05 23:10:09.466 D/Surface ( 1733): onStatusChange() : mNativeObject = 0 mUseImageHwRender = false
07-05 23:10:09.467 D/Surface (21660): onStatusChange() : mNativeObject = -530200320 mUseImageHwRender = false
07-05 23:10:09.467 V/Surface (21660): nativeSetHardwareRender() : status = 0
07-05 23:10:09.467 V/Surface (21660): nativeSetHardwareRender() : end
07-05 23:10:09.467 I/SurfaceView(21660): New surface: Surface(name=null)/@0xff8a586, vis=true, frame=Rect(422, 205 - 1238, 665)
07-05 23:10:09.467 D/Surface (21660): onStatusChange() : mNativeObject = 0 mUseImageHwRender = false
07-05 23:10:09.467 D/Surface (21660): onStatusChange() : mNativeObject = -530200320 mUseImageHwRender = false
07-05 23:10:09.467 V/Surface (21660): nativeSetHardwareRender() : status = 0
07-05 23:10:09.467 V/Surface (21660): nativeSetHardwareRender() : end
07-05 23:10:09.469 V/SurfaceView(21660): Layout: x=422 y=205 w=816 h=460, frame=Rect(0, 0 - 816, 460)
07-05 23:10:09.473 E/hwcomposer( 1204): Overlay 0 size changeed src {1920 1080} -> {1920, 1080} crop{0.000000 0.000000 1920.000000 1080.000000}->{0.000000 0.000000 1920.000000 1080.000000} dst{549 205 1365 665}->{422 205 1238 665}
07-05 23:10:09.476 I/MainHomeView(21660): onPanelSlide0.0---left152
07-05 23:10:09.477 I/CurrentCarouselView(21660): onCarouseControlCarouselControlBean{mShoudScroll=true, mActivityHasResume=false, mActivityHasStop=false, mHasTurnGone=false, mHasTurnVisible=false, mChannelId=-1, mSlideOffset=0.0, mShouldSelectCenter=false, mTabOpen=false, mHoriPosStatus=None, mVerPosStatus=None, mLevelStatus=None},isPlayingtrue,channelId=0
07-05 23:10:09.477 I/CurrentCarouselView(21660): is not the current page
07-05 23:10:09.477 I/CurrentCarouselView(21660): do scroll
07-05 23:10:09.477 D/Carousel-CarouselView(21660): smoothScroll.
07-05 23:10:09.477 D/Carousel-CarouselDisplayPlayerLayout(21660): isFullScreen:false
07-05 23:10:09.477 D/TabView (21660): onReceiveSlidingOffset ===>:0.0
07-05 23:10:09.483 I/MyFragmentStateAdapter(21660): getCount
07-05 23:10:09.502 D/Carousel-CarouselDisplayPlayerLayout(21660): x=380, y=167,w=892,h=536, hashCode=432228362
07-05 23:10:09.502 D/Carousel-CarouselDisplayPlayerLayout(21660): mX=384, mY=167,mWitdh=892,mHeight=536, hashCode=432228362
07-05 23:10:09.502 D/Carousel-CarouselDisplayPlayerLayout(21660): changed=true, hashCode=432228362
07-05 23:10:09.502 D/Carousel-Utils(21660): x=380,y=167, width=892,height=536
07-05 23:10:09.504 D/Carousel-CarouselDisplayPlayerLayout(21660): x=380, y=167,w=892,h=536, hashCode=432228362
07-05 23:10:09.504 D/Carousel-CarouselDisplayPlayerLayout(21660): mX=380, mY=167,mWitdh=892,mHeight=536, hashCode=432228362
07-05 23:10:09.505 D/Carousel-CarouselDisplayPlayerLayout(21660): changed=false, hashCode=432228362
07-05 23:10:09.505 D/Carousel-CarouselDisplayPlayerLayout(21660): extraTryCount=0
07-05 23:10:09.507 D/hwcomposer( 1204): Overlay [0] do size change!
07-05 23:10:09.507 D/vsyncbridge( 1204): [0] handle_thread thread got msg 0x2, mState = 3
07-05 23:10:09.507 D/vsyncbridge( 1204): Overlay 0 Resize, mState = 0x3, 0, disp[422 205 816 460] osd[1920 1080]
07-05 23:10:09.507 D/vsyncbridge( 1204): [update_ds_table,  594] DispW:1632 DispH:920 
07-05 23:10:09.507 D/vsyncbridge( 1204): [update_ds_table,  598] Cap.x:1105 Cap.y:30 CapW:1920 CapH:1080 
07-05 23:10:09.507 D/vsyncbridge( 1204): [update_ds_table,  599] enInputSourceType:34 
07-05 23:10:09.508 D/vsyncbridge( 1204): [update_ds_table,  601] u16InputVTotal:2205  u16InputVFreq:240 
07-05 23:10:09.508 D/vsyncbridge( 1204): [update_ds_table,  603] bInterlace:0  u16DefaultHtotal:0 
07-05 23:10:09.508 D/vsyncbridge( 1204): [update_ds_table,  606] bPreHCusScaling:1  bPreVCusScaling:1 
07-05 23:10:09.508 D/vsyncbridge( 1204): [update_ds_table,  608] u16PreHCusScalingSrc:1920  u16PreHCusScalingDst:1920 
07-05 23:10:09.508 D/vsyncbridge( 1204): [update_ds_table,  610] u16PreVCusScalingSrc:1080  u16PreVCusScalingSrc:1080 
07-05 23:10:09.508 D/vsyncbridge( 1204): [update_ds_table,  613] bHCusScaling:0  bVCusScaling:0 
07-05 23:10:09.508 D/vsyncbridge( 1204): [update_ds_table,  615] u16HCusScalingSrc:1920  u16HCusScalingDst:1632 
07-05 23:10:09.508 D/vsyncbridge( 1204): [update_ds_table,  617] u16VCusScalingSrc:1080  u16VCusScalingDst:920 
07-05 23:10:09.508 D/vsyncbridge( 1204): vsync_bridge_CalAspectRatio type = 0
07-05 23:10:09.508 D/vsyncbridge( 1204): panel [3840 2160] osd [1920 1080] ratio [2.000000 2.000000]
07-05 23:10:09.508 D/vsyncbridge( 1204): apply ratio, x=844, y=410, width=1632, height=920
07-05 23:10:09.508 D/vsyncbridge( 1204): disp_old[844 410 2476 1330], disp_new[844 410 2476 1330], crop[0 0 1920 1080]
07-05 23:10:09.508 D/vsyncbridge( 1204): [update_ds_table,  798] SW DS !!! 
07-05 23:10:09.508 D/vsyncbridge( 1204): [update_ds_table,  800] stXC_SetWin_Info.stCapWin.width1920  stXC_SetWin_Info.stCapWin.height:1080
07-05 23:10:09.508 D/vsyncbridge( 1204): [update_ds_table,  802] stXC_SetWin_Info.stCropWin.width1920  stXC_SetWin_Info.stCropWin.height:1080
07-05 23:10:09.508 D/vsyncbridge( 1204): [update_ds_table,  803] MApi_XC_GetDynamicScalingStatus():1 
07-05 23:10:09.508 D/        ( 1204): Alert: cannot get frameCount from IOCTL, eWindow=0! Fall back to original frame mode
07-05 23:10:09.508 D/        ( 1204): MVOP is 1P mode
07-05 23:10:09.508 D/        ( 1204): [_MDrv_SC_check_2p_mode][9405]u16Width=3840,u16Height=2160,u32Vfreqx10=240
07-05 23:10:09.509 D/vsyncbridge( 1204): vsync_bridge_render_frame pts = 3250000, DS_Idx=0x1, overlayID=0
07-05 23:10:09.509 D/vsyncbridge( 1204):  W 6, R 5, Cur 6
07-05 23:10:09.509 D/vsyncbridge( 1204): vsync_bridge_CalAspectRatio type = 0
07-05 23:10:09.509 D/vsyncbridge( 1204): panel [3840 2160] osd [1920 1080] ratio [2.000000 2.000000]
07-05 23:10:09.509 D/vsyncbridge( 1204): apply ratio, x=844, y=410, width=1632, height=920
07-05 23:10:09.511 D/Carousel-CarouselDisplayPlayerLayout(21660): x=380, y=167,w=892,h=536, hashCode=432228362
07-05 23:10:09.511 D/Carousel-CarouselDisplayPlayerLayout(21660): mX=380, mY=167,mWitdh=892,mHeight=536, hashCode=432228362
07-05 23:10:09.511 D/Carousel-CarouselDisplayPlayerLayout(21660): changed=false, hashCode=432228362
07-05 23:10:09.511 D/Carousel-CarouselDisplayPlayerLayout(21660): extraTryCount=1
