07-06 00:46:44.927 I/VideoCapabilities(11309): Unsupported profile 8 for video/mp4v-es
07-06 00:46:44.927 I/VideoCapabilities(11309): Unsupported profile 8 for video/mp4v-es
07-06 00:46:44.927 I/VideoCapabilities(11309): Unsupported profile 8 for video/mp4v-es
07-06 00:46:44.927 I/VideoCapabilities(11309): Unsupported profile 8 for video/mp4v-es
07-06 00:46:44.927 I/VideoCapabilities(11309): Unsupported profile 8 for video/mp4v-es
07-06 00:46:44.927 I/VideoCapabilities(11309): Unsupported profile 1024 for video/mp4v-es
07-06 00:46:44.927 I/VideoCapabilities(11309): Unsupported profile 1024 for video/mp4v-es
07-06 00:46:44.927 I/VideoCapabilities(11309): Unsupported profile 1024 for video/mp4v-es
07-06 00:46:44.927 I/VideoCapabilities(11309): Unsupported profile 1024 for video/mp4v-es
07-06 00:46:44.927 I/VideoCapabilities(11309): Unsupported profile 1024 for video/mp4v-es
07-06 00:46:44.927 I/VideoCapabilities(11309): Unsupported profile 1024 for video/mp4v-es
07-06 00:46:44.927 I/VideoCapabilities(11309): Unsupported profile 1024 for video/mp4v-es
07-06 00:46:44.927 I/VideoCapabilities(11309): Unsupported profile 1024 for video/mp4v-es
07-06 00:46:44.927 W/VideoCapabilities(11309): Unrecognized profile/level 32768/2 for video/mp4v-es
07-06 00:46:44.931 D/vsyncbridge( 1204): int Wrapper_Video_setMode(MS_VideoInfo*, int) @ line: 914: Enter Start ds.
07-06 00:46:44.934 D/vsyncbridge( 1204): vsync_bridge_CalAspectRatio type = 0
07-06 00:46:44.934 D/vsyncbridge( 1204): panel [3840 2160] osd [1920 1080] ratio [2.000000 2.000000]
07-06 00:46:44.934 D/vsyncbridge( 1204): apply ratio, x=1098, y=410, width=1632, height=920
07-06 00:46:44.934 D/vsyncbridge( 1204): disp_old[1098 410 2730 1330], disp_new[1098 410 2730 1330], crop[0 0 1920 1080]
07-06 00:46:44.934 D/vsyncbridge( 1204): Wrapper_Video_setXCWin IN.
07-06 00:46:44.934 D/vsyncbridge( 1204): Wrapper_Video_setXCWin 0
07-06 00:46:44.934 I/MiSysSrv( 1214): [leon.luo]EnableVideoMute = 1,enColor = 5
07-06 00:46:44.935 V/MediaPlayer-JNI(11309): getVideoWidth: 1920
07-06 00:46:44.935 V/MediaPlayer-JNI(11309): getVideoHeight: 1080
07-06 00:46:44.941 I/Carousel-UrlVideoView(11309): onMeasure(MeasureSpec: EXACTLY 816, MeasureSpec: EXACTLY 460)
07-06 00:46:44.941 D/Carousel-UrlVideoView(11309): widthSpecMode=1073741824
07-06 00:46:44.941 D/Carousel-UrlVideoView(11309): heightSpecMode=1073741824
07-06 00:46:44.941 D/Carousel-UrlVideoView(11309): widthSpecSize=816
07-06 00:46:44.941 D/Carousel-UrlVideoView(11309): heightSpecSize=460
07-06 00:46:44.941 I/Carousel-UrlVideoView(11309): onMeasure(MeasureSpec: EXACTLY 816, MeasureSpec: EXACTLY 460)
07-06 00:46:44.941 D/Carousel-UrlVideoView(11309): widthSpecMode=1073741824
07-06 00:46:44.941 D/Carousel-UrlVideoView(11309): heightSpecMode=1073741824
07-06 00:46:44.941 D/Carousel-UrlVideoView(11309): widthSpecSize=816
07-06 00:46:44.941 D/Carousel-UrlVideoView(11309): heightSpecSize=460
07-06 00:46:44.948 I/HLSP2P  ( 4523): ## 2017-07-06 00:46:44.947 [4523,4698,:0] INFO ## [HLSP2P][TaskManager.cpp:838][INFO][UpdateGlobalInfo]totalDataSize: 0, totalMemorySize: 0, totalCacheSize: 0, PlayTaskAllFinish: 0
07-06 00:46:44.950 I/HLSP2P  ( 4523): ## 2017-07-06 00:46:44.949 [4523,4698,:0] INFO ## [HLSP2P][TaskManager.cpp:1348][INFO][TryAdjustMemorySize]system memory total size: 1912M, free size: 461MB, cache add to 100MB, AppState: 14, IsLowMemory: 0
07-06 00:46:44.955 V/MediaPlayer-JNI(11309): getCurrentPosition: 100 (msec)
07-06 00:46:44.958 I/MiSysSrv( 1214): [1;31m<<<_MI_DISPLAY_CheckPointToPoint[4883] checkPointToPointCondition: not support. 
07-06 00:46:44.962 V/MediaPlayer-JNI(11309): isPlaying: 1
07-06 00:46:44.967 I/MiSysSrv( 1214): [0m[1;31m<<<_MI_DISPLAY_CheckPointToPoint[4883] checkPointToPointCondition: not support. 
07-06 00:46:44.968 I/MiSysSrv( 1214): [0m[mapi_video_base@Line 1557] Lock window enabled @ x,y,w,h=1098,410,1632,920
07-06 00:46:44.968 D/vsyncbridge( 1204): DisplayWindow (1098 410) 1632 X 920.
07-06 00:46:44.969 I/hstvos  ( 1216): [0m[1;36m[mif][VIDEO_FW][_Mif_Video_Window_Callback][460]_Mif_Video_Window_Callback u32EventFlags: 65536, width: 1632, height: 920
07-06 00:46:44.970 W/        ( 1204): no callback function match handle 0x4b60700,
07-06 00:46:44.970 E/MiDisplay( 1204): ERROR pstCallbackParams.
07-06 00:46:44.978 I/MiSysSrv( 1214): Obtain XC engine fail
07-06 00:46:44.978 D/DtvSourcePlugin-DVBC( 4289): Setting the EPG Updater state to: WAIT
07-06 00:46:44.987 I/MiSysSrv( 1214): [mapi_video_base@Line 2043] CropWin assigned: x,y,w,h=0,0,1920,1080
07-06 00:46:44.987 I/MiSysSrv( 1214): [leon.luo]m_bHdmiTxType = 0,m_bHdmiTxEnable =0
07-06 00:46:44.987 I/MiSysSrv( 1214): [mapi_video_base@Line 2096] DstWin Locked: x,y,w,h=1098,410,1632,920
07-06 00:46:44.987 I/MiSysSrv( 1214): [mapi_video_base@Line 2198] SrcWin1[Win=0]: x,y,w,h=1105,30,3840,2152
07-06 00:46:44.987 I/MiSysSrv( 1214): [mapi_video_base@Line 2199] CropWin1: x,y,w,h=0,0,1920,1080
07-06 00:46:44.987 I/MiSysSrv( 1214): [mapi_video_base@Line 2200] DispWin1: x,y,w,h=1098,410,1632,920
07-06 00:46:44.995 I/MiSysSrv( 1214): [mapi_video_base@Line 2279] CropWin1.1: x,y,w,h=0,0,1920,1080
07-06 00:46:44.995 I/MiSysSrv( 1214): === open 3D OverScan ===
07-06 00:46:44.995 I/MiSysSrv( 1214): [mapi_video_base@Line 2281] CropWin1.2: x,y,w,h=0,0,1920,1080
07-06 00:46:44.995 I/MiSysSrv( 1214): [mapi_video_base@Line 2285] SrcWin2: x,y,w,h=1105,30,3840,2152
07-06 00:46:44.995 I/MiSysSrv( 1214): [mapi_video_base@Line 2286] CropWin2: x,y,w,h=0,0,1920,1080
07-06 00:46:44.995 I/MiSysSrv( 1214): [mapi_video_base@Line 2287] DispWin2: x,y,w,h=1098,410,1632,920
07-06 00:46:44.999 I/MiSysSrv( 1214): [mapi_video_base@Line 2384] SrcWin3: x,y,w,h=1105,30,3840,2152
07-06 00:46:44.999 I/MiSysSrv( 1214): [mapi_video_base@Line 2385] CropWin3: x,y,w,h=0,0,1920,1080
07-06 00:46:45.000 I/MiSysSrv( 1214): [mapi_video_base@Line 2386] DispWin3: x,y,w,h=1098,410,1632,920
07-06 00:46:45.001 I/MiSysSrv( 1214): [leon.luo]m_bHdmiTxType = 0,m_bHdmiTxEnable =0
07-06 00:46:45.001 I/MiSysSrv( 1214): [mapi_video_base@Line 2575] SrcWin5[Win=0]: x,y,w,h=1105,30,3840,2152
07-06 00:46:45.001 I/MiSysSrv( 1214): [mapi_video_base@Line 2576] CropWin5: x,y,w,h=0,0,1920,1080
07-06 00:46:45.001 I/MiSysSrv( 1214): [mapi_video_base@Line 2577] DispWin5: x,y,w,h=1098,410,1632,920
07-06 00:46:45.003 I/MiSysSrv( 1214): [mapi_video_base@Line 2609][MOVEWINDOW] m_stCurWinInfo={34, {1105,30,3840,2152},
07-06 00:46:45.004 I/MiSysSrv( 1214):         {1098,410,1632,920}, {0,0,1920,1080},    0,0,240,2205,0,0,
07-06 00:46:45.005 I/MiSysSrv( 1214):         0,0,0,0,0,0,    0,   1,3840,3840,1,2160,2160,0}
07-06 00:46:45.005 I/MiSysSrv( 1214): [mapi_video_base@Line 2620][MOVEWINDOW] m_stPrevXCSetWinInfo={0, {0,0,0,0},
07-06 00:46:45.006 I/MiSysSrv( 1214):         {0,0,0,0}, {0,0,0,0},    0,0,0,0,0,0,
07-06 00:46:45.007 I/MiSysSrv( 1214):         0,0,0,0,0,0,    0,   0,0,0,0,0,0,0}
07-06 00:46:45.008 I/MiSysSrv( 1214): [mapi_video_base@Line 2625][MOVEWINDOW] SetXcWindow input Source  change
07-06 00:46:45.009 I/MiSysSrv( 1214): [mapi_video_base@Line 2633][MOVEWINDOW] SetXcWindow Capture Window  change
07-06 00:46:45.010 I/MiSysSrv( 1214): [mapi_video_base@Line 2642][MOVEWINDOW] SetXCWindow Crop Window  change
07-06 00:46:45.011 I/MiSysSrv( 1214): [mapi_video_base@Line 2649][MOVEWINDOW] SetXCWindow Display Size Window  change
07-06 00:46:45.011 I/MiSysSrv( 1214): [mapi_video_base@Line 2671][MOVEWINDOW] SetXCWindow Scaling Timing change
07-06 00:46:45.012 I/MiSysSrv( 1214): [mapi_video_base@Line 2696][MOVEWINDOW] SetXCWindow Post CusScaling change
07-06 00:46:45.013 I/MiSysSrv( 1214): [XC,LPLL][MApi_SC_ForceFreerun_U2, 1511] MApi_SC_ForceFreerun = 0
07-06 00:46:45.013 I/MiSysSrv( 1214): [mapi_video_base@Line 2776][MOVEWINDOW] SetXCWindow  Reset
07-06 00:46:45.013 I/MiSysSrv( 1214): [mapi_video_base@Line 8253] Window is main, overscan is false, aspect ratio isn't DotByDot, input source is storage.
07-06 00:46:45.013 I/MiSysSrv( 1214): [mapi_video_base@Line 8259] P2P or MM: Pixel shift direction is none.
07-06 00:46:45.013 I/MiSysSrv( 1214): [XC,SetWindow][_MApi_XC_SetWindow, 3948] ============= SetWindow Start (Window : 0, src: 34) =============
07-06 00:46:45.013 I/MiSysSrv( 1214): [XC,SetWindow][_MApi_XC_SetWindow, 3949] CapWin  x: 1105  y:   30  w: 3840  h: 2152 
07-06 00:46:45.013 I/MiSysSrv( 1214): [XC,SetWindow][_MApi_XC_SetWindow, 3950] CropWin x:    0  y:    0  w: 1920  h: 1080 
07-06 00:46:45.013 I/MiSysSrv( 1214): [XC,SetWindow][_MApi_XC_SetWindow, 3951] DispWin x: 1208  y:  410  w: 1632  h:  920 
07-06 00:46:45.013 I/MiSysSrv( 1214): [XC,SetWindow][_MApi_XC_SetWindow, 3956] Panel   x:  110  y:    0  w: 3840  h: 2160 
07-06 00:46:45.013 I/MiSysSrv( 1214): [XC,SetWindow][_MApi_XC_SetWindow, 3957] Mirror/Interlace/Hdup = 0/0/0
07-06 00:46:45.014 I/MiSysSrv( 1214): [XC,SetWindow][_MApi_XC_SetWindow, 3958] H/V total = (0, 2205), VFreq = 240
07-06 00:46:45.015 I/MiSysSrv( 1214): [XC,SetWindow][_MApi_XC_SetWindow, 3959] Pre  H cus scaling 1 (3840 -> 3840)
07-06 00:46:45.017 I/MyFragmentStateAdapter(11309): getCount
07-06 00:46:45.019 I/MiSysSrv( 1214): [XC,SetWindow][_MApi_XC_SetWindow, 3960] Pre  V cus scaling 1 (2160 -> 2160)
07-06 00:46:45.020 I/MiSysSrv( 1214): [XC,SetWindow][_MApi_XC_SetWindow, 3961] Post H cus scaling 0 (0 -> 0)
07-06 00:46:45.021 I/MiSysSrv( 1214): [XC,SetWindow][_MApi_XC_SetWindow, 3962] Post V cus scaling 0 (0 -> 0)
07-06 00:46:45.022 I/MiSysSrv( 1214): [XC,SetWindow][_MApi_XC_SetWindow, 4003] [_MApi_XC_SetWindow, 4003][CMA], bIsGetCMA[self]=1 bIsGetCMA[cobuff]=0 
07-06 00:46:45.023 I/MiSysSrv( 1214): [XC,SetWindow][_MApi_XC_SetWindow, 4004] [_MApi_XC_SetWindow, 4004][CMA], au32CMAMemSCMSize[self]=0 au32CMAMemSCMSize[cobuff]=0 u32DualMiuMemSize=0
07-06 00:46:45.024 I/MiSysSrv( 1214): [XC,SetWindow][_MApi_XC_SetWindow, 4005] [_MApi_XC_SetWindow, 4005][CMA], u32PreCMAMemSCMSize[self]=0 u32PreCMAMemSCMSize[cobuff]=0 
07-06 00:46:45.025 I/MiSysSrv( 1214): [XC,SetWindow][_MApi_XC_SetWindow, 4006] [_MApi_XC_SetWindow, 4006][CMA], u32PreCMAMemFRCMSize[self]=0 u32PreCMAMemFRCMSize[cobuff]=0 
07-06 00:46:45.027 I/MiSysSrv( 1214): [XC,SetWindow][_MApi_XC_SetWindow, 4007] [_MApi_XC_SetWindow, 4007][CMA], u32PreCMAMemDualSCMSize=0 
07-06 00:46:45.032 W/VideoCapabilities(11309): Unsupported mime video/mvc
07-06 00:46:45.037 W/VideoCapabilities(11309): Unsupported mime video/mpeg2
07-06 00:46:45.068 W/VideoCapabilities(11309): Unsupported mime video/divx3
07-06 00:46:45.085 W/VideoCapabilities(11309): Unsupported mime video/divx4
07-06 00:46:45.090 D/Carousel-SimpleVideoView(11309): speedKB=2438
07-06 00:46:45.090 D/Carousel-SimpleVideoView(11309): msg.arg1=1
07-06 00:46:45.101 W/VideoCapabilities(11309): Unsupported mime video/flv
07-06 00:46:45.121 W/VideoCapabilities(11309): Unsupported mime video/VC1
07-06 00:46:45.123 W/VideoCapabilities(11309): Unsupported mime video/wvc1
07-06 00:46:45.138 W/VideoCapabilities(11309): Unsupported mime video/wmv3
07-06 00:46:45.141 I/MyFragmentStateAdapter(11309): getCount
07-06 00:46:45.141 W/VideoCapabilities(11309): Unsupported mime video/mjpeg
07-06 00:46:45.158 W/VideoCapabilities(11309): Unsupported mime video/avs
07-06 00:46:45.167 W/VideoCapabilities(11309): Unsupported mime video/realvideo
07-06 00:46:45.186 W/AudioCapabilities(11309): Unsupported mime audio/mpeg-L1
07-06 00:46:45.197 W/AudioCapabilities(11309): Unsupported mime audio/mpeg-L2
07-06 00:46:45.190 I/MyFragmentStateAdapter(11309): getCount
07-06 00:46:45.210 W/AudioCapabilities(11309): Unsupported mime audio/adpcm
07-06 00:46:45.220 W/AudioCapabilities(11309): Unsupported mime audio/lpcm
07-06 00:46:45.224 D/HDMI    ( 1733): [P]:AllocatedAddress=[]
07-06 00:46:45.231 W/AudioCapabilities(11309): Unsupported mime audio/cook
07-06 00:46:45.242 W/AudioCapabilities(11309): Unsupported mime audio/x-ms-wma
07-06 00:46:45.246 W/AudioCapabilities(11309): Unsupported mime audio/ac3
07-06 00:46:45.248 W/AudioCapabilities(11309): Unsupported mime audio/ac3p
07-06 00:46:45.248 I/TVMW@devctrl( 1234): wdt
07-06 00:46:45.251 I/MyFragmentStateAdapter(11309): getCount
07-06 00:46:45.255 D/MediaHTTPConnection(11309): [Connection@777666572] getSize mTotalSize = 218840697
07-06 00:46:45.258 W/AudioCapabilities(11309): Unsupported mime audio/eac3
07-06 00:46:45.261 W/AudioCapabilities(11309): Unsupported mime audio/dts
07-06 00:46:45.262 W/AudioCapabilities(11309): Unsupported mime audio/dts-hd
07-06 00:46:45.262 W/AudioCapabilities(11309): Unsupported mime audio/dts-lbr
07-06 00:46:45.265 W/AudioCapabilities(11309): Unsupported mime audio/dra
07-06 00:46:45.294 I/NetflixMonitorService( 1733): current fgapk : com.hisense.hicloud.edca
07-06 00:46:45.295 I/NetflixMonitorService( 1733): Netflix status unchanged
07-06 00:46:45.300 I/MyFragmentStateAdapter(11309): getCount
07-06 00:46:45.343 W/AudioCapabilities(11309): Unsupported mime audio/x-ape
07-06 00:46:45.356 W/AudioCapabilities(11309): Unsupported mime audio/ffmpeg
07-06 00:46:45.367 W/AudioCapabilities(11309): Unsupported mime audio/ac3
07-06 00:46:45.375 W/AudioCapabilities(11309): Unsupported mime audio/mpeg-L2
07-06 00:46:45.420 I/TVMW@HsTvSetting( 1234): Trace cmd, data = 0x1058
07-06 00:46:45.420 D/til@system( 2026): til_get_system_param option:100002F int:0, bool:0, ret:0
07-06 00:46:45.421 I/TVMW@HsTvSetting( 1234): Trace cmd, data = 0x101f
07-06 00:46:45.421 D/til@system( 2026): til_get_system_param option:100001D int:3, bool:3, ret:0
07-06 00:46:45.421 E/til     ( 2026): [til_get_current_input_source, 101] 
07-06 00:46:45.422 I/TVMW@HsTvSetting( 1234): Trace cmd, data = 0x7007
07-06 00:46:45.423 I/tilwrapper@sm( 2026): HS2TIL_SourceType *hs=0xd, *til=0x900
07-06 00:46:45.423 D/til     ( 2026): get current source 2304
07-06 00:46:45.423 D/SourceRemoteServiceHandler( 2026): getCurrentInputSource.from.til.result is 0, value is 2304
07-06 00:46:45.423 D/SourceRemoteServiceHandler( 2026): getInputSourceType source: 0x900, type=2304
07-06 00:46:45.423 D/til     ( 2026): ###### func:til_get_picture_param option:0x3000006 ######  
07-06 00:46:45.424 I/TVMW@HsTvSetting( 1234): Trace cmd, data = 0x1003
07-06 00:46:45.425 I/TVMW@HsTvSetting( 1234): Trace cmd, data = 0x8032
07-06 00:46:45.426 I/hstvos  ( 1216): [0m[1;33m[HSHAL][HS_VIDEO][HS_HAL_Video_SetOsdDetect_v2][2389]u16Threshold = 20
07-06 00:46:45.446 I/MyFragmentStateAdapter(11309): getCount
07-06 00:46:45.472 I/VideoCapabilities(11309): Unsupported profile 4 for video/mp4v-es
07-06 00:46:45.483 D/Player/Lib/Utils/SysUtils(11309): [TID 11340] [Check dolby]  Codec name=OMX.MS.M4V.Decoder
07-06 00:46:45.483 D/Player/Lib/Utils/SysUtils(11309): [TID 11340] [Check dolby]  Supported type=video/mp4v-es
07-06 00:46:45.483 D/Player/Lib/Utils/SysUtils(11309): [TID 11340] [Check dolby]  Codec name=OMX.MS.H263.Decoder
07-06 00:46:45.483 D/Player/Lib/Utils/SysUtils(11309): [TID 11340] [Check dolby]  Supported type=video/3gpp
07-06 00:46:45.483 D/Player/Lib/Utils/SysUtils(11309): [TID 11340] [Check dolby]  Codec name=OMX.MS.AVC.Decoder
07-06 00:46:45.483 D/Player/Lib/Utils/SysUtils(11309): [TID 11340] [Check dolby]  Supported type=video/avc
07-06 00:46:45.483 D/Player/Lib/Utils/SysUtils(11309): [TID 11340] [Check dolby]  Codec name=OMX.MS.HEVC.Decoder
07-06 00:46:45.483 D/Player/Lib/Utils/SysUtils(11309): [TID 11340] [Check dolby]  Supported type=video/hevc
07-06 00:46:45.483 D/Player/Lib/Utils/SysUtils(11309): [TID 11340] [Check H265] FOUND, current type = video/hevc
07-06 00:46:45.483 D/Player/Lib/Utils/SysUtils(11309): [TID 11340] [Check dolby]  Codec name=OMX.MS.MVC.Decoder
07-06 00:46:45.483 D/Player/Lib/Utils/SysUtils(11309): [TID 11340] [Check dolby]  Supported type=video/mvc
07-06 00:46:45.483 D/Player/Lib/Utils/SysUtils(11309): [TID 11340] [Check dolby]  Codec name=OMX.MS.MPEG2.Decoder
07-06 00:46:45.483 D/Player/Lib/Utils/SysUtils(11309): [TID 11340] [Check dolby]  Supported type=video/mpeg2
07-06 00:46:45.483 D/Player/Lib/Utils/SysUtils(11309): [TID 11340] [Check dolby]  Codec name=OMX.MS.VP8.Decoder
07-06 00:46:45.483 D/Player/Lib/Utils/SysUtils(11309): [TID 11340] [Check dolby]  Supported type=video/x-vnd.on2.vp8
07-06 00:46:45.484 D/Player/Lib/Utils/SysUtils(11309): [TID 11340] [Check dolby]  Codec name=OMX.MS.DIVX311.Decoder
07-06 00:46:45.484 D/Player/Lib/Utils/SysUtils(11309): [TID 11340] [Check dolby]  Supported type=video/divx3
07-06 00:46:45.484 D/Player/Lib/Utils/SysUtils(11309): [TID 11340] [Check dolby]  Codec name=OMX.MS.DIVX412.Decoder
07-06 00:46:45.491 D/Player/Lib/Utils/SysUtils(11309): [TID 11340] [Check dolby]  Supported type=video/divx4
07-06 00:46:45.491 D/Player/Lib/Utils/SysUtils(11309): [TID 11340] [Check dolby]  Codec name=OMX.MS.FLV.Decoder
07-06 00:46:45.491 D/Player/Lib/Utils/SysUtils(11309): [TID 11340] [Check dolby]  Supported type=video/flv
07-06 00:46:45.491 D/Player/Lib/Utils/SysUtils(11309): [TID 11340] [Check dolby]  Codec name=OMX.MS.VC1.Decoder
07-06 00:46:45.491 D/Player/Lib/Utils/SysUtils(11309): [TID 11340] [Check dolby]  Supported type=video/VC1
07-06 00:46:45.491 D/Player/Lib/Utils/SysUtils(11309): [TID 11340] [Check dolby]  Supported type=video/wvc1
07-06 00:46:45.492 D/Player/Lib/Utils/SysUtils(11309): [TID 11340] [Check dolby]  Codec name=OMX.MS.WMV3.Decoder
07-06 00:46:45.492 D/Player/Lib/Utils/SysUtils(11309): [TID 11340] [Check dolby]  Supported type=video/wmv3
07-06 00:46:45.492 D/Player/Lib/Utils/SysUtils(11309): [TID 11340] [Check dolby]  Codec name=OMX.MS.MJPG.Decoder
07-06 00:46:45.492 D/Player/Lib/Utils/SysUtils(11309): [TID 11340] [Check dolby]  Supported type=video/mjpeg
07-06 00:46:45.492 D/Player/Lib/Utils/SysUtils(11309): [TID 11340] [Check dolby]  Codec name=OMX.MS.AVS.Decoder
07-06 00:46:45.492 D/Player/Lib/Utils/SysUtils(11309): [TID 11340] [Check dolby]  Supported type=video/avs
07-06 00:46:45.492 D/Player/Lib/Utils/SysUtils(11309): [TID 11340] [Check dolby]  Codec name=OMX.MS.RV.Decoder
07-06 00:46:45.492 D/Player/Lib/Utils/SysUtils(11309): [TID 11340] [Check dolby]  Supported type=video/realvideo
07-06 00:46:45.492 I/MiSysSrv( 1214): [35mFunction = MApi_CMA_Pool_GetMem, Line = 336, alloc_param->virt_addr is 0xE0B00000[m
07-06 00:46:45.492 D/Player/Lib/Utils/SysUtils(11309): [TID 11340] [Check dolby]  Codec name=OMX.google.aac.decoder
07-06 00:46:45.492 D/Player/Lib/Utils/SysUtils(11309): [TID 11340] [Check dolby]  Supported type=audio/mp4a-latm
07-06 00:46:45.492 I/MiSysSrv( 1214): [XC,SetWindow][_MApi_XC_SetWindow, 4023] [_MApi_XC_SetWindow, 4023][CMA], u32CMAAddr[CMA_XC_SELF_MEM]=16800000 
07-06 00:46:45.492 D/Player/Lib/Utils/SysUtils(11309): [TID 11340] [Check dolby]  Codec name=OMX.google.mp3.decoder
07-06 00:46:45.492 I/MiSysSrv( 1214): [XC,SetWindow][_MApi_XC_SetWindow, 4056] [_MApi_XC_SetWindow, 4056][CMA], Release cobuff buff!
07-06 00:46:45.492 D/Player/Lib/Utils/SysUtils(11309): [TID 11340] [Check dolby]  Supported type=audio/mpeg
07-06 00:46:45.492 D/Player/Lib/Utils/SysUtils(11309): [TID 11340] [Check dolby]  Codec name=OMX.MS.MP3.Decoder
07-06 00:46:45.492 I/MiSysSrv( 1214): [XC,SetWindow][Hal_SC_set_write_limit,  650] eWindow=0, MHal_XC_GetDNRBufAddress=b40000, MHal_XC_GetDNRBufSize=300000
07-06 00:46:45.492 D/Player/Lib/Utils/SysUtils(11309): [TID 11340] [Check dolby]  Supported type=audio/mpeg
07-06 00:46:45.492 D/Player/Lib/Utils/SysUtils(11309): [TID 11340] [Check dolby]  Supported type=audio/mpeg-L1
07-06 00:46:45.492 I/MiSysSrv( 1214): [XC,SetWindow][Hal_SC_set_write_limit,  651] eWindow=0, u32MinLimitAddress=b40000, u32MaxLimitAddress=e3ffff
07-06 00:46:45.492 D/Player/Lib/Utils/SysUtils(11309): [TID 11340] [Check dolby]  Supported type=audio/mpeg-L2
07-06 00:46:45.492 I/MiSysSrv( 1214): [XC,SetWindow][MDrv_XC_SetFRCMFrameBufferAddress, 1259] Change Main_FB_Start_Addr=16800000, Size=6000000
07-06 00:46:45.492 D/Player/Lib/Utils/SysUtils(11309): [TID 11340] [Check dolby]  Codec name=OMX.MS.AAC.Decoder
07-06 00:46:45.492 D/Player/Lib/Utils/SysUtils(11309): [TID 11340] [Check dolby]  Supported type=audio/mp4a-latm
07-06 00:46:45.492 I/MiSysSrv( 1214): [XC,SetWindow][Hal_SC_set_write_limit,  650] eWindow=0, MHal_XC_GetDNRBufAddress=b40000, MHal_XC_GetDNRBufSize=300000
07-06 00:46:45.492 D/Player/Lib/Utils/SysUtils(11309): [TID 11340] [Check dolby]  Codec name=OMX.google.opus.decoder
07-06 00:46:45.492 D/Player/Lib/Utils/SysUtils(11309): [TID 11340] [Check dolby]  Supported type=audio/opus
07-06 00:46:45.492 I/MiSysSrv( 1214): [XC,SetWindow][Hal_SC_set_write_limit,  651] eWindow=0, u32MinLimitAddress=b40000, u32MaxLimitAddress=e3ffff
07-06 00:46:45.492 D/Player/Lib/Utils/SysUtils(11309): [TID 11340] [Check dolby]  Codec name=OMX.google.vorbis.decoder
07-06 00:46:45.492 D/Player/Lib/Utils/SysUtils(11309): [TID 11340] [Check dolby]  Supported type=audio/vorbis
07-06 00:46:45.492 I/MiSysSrv( 1214): [XC,SetWindow][MDrv_XC_SetFrameBufferAddress, 1026] Change Main_FB_Start_Addr=16800000, Size=6000000
07-06 00:46:45.492 D/Player/Lib/Utils/SysUtils(11309): [TID 11340] [Check dolby]  Codec name=OMX.MS.VORBIS.Decoder
07-06 00:46:45.492 D/Player/Lib/Utils/SysUtils(11309): [TID 11340] [Check dolby]  Supported type=audio/vorbis
07-06 00:46:45.492 I/MiSysSrv( 1214): [XC,SetWindow][Hal_SC_set_write_limit,  650] eWindow=0, MHal_XC_GetDNRBufAddress=b40000, MHal_XC_GetDNRBufSize=300000
07-06 00:46:45.492 I/MiSysSrv( 1214): [XC,SetWindow][Hal_SC_set_write_limit,  651] eWindow=0, u32MinLimitAddress=b40000, u32MaxLimitAddress=e3ffff
07-06 00:46:45.493 I/MiSysSrv( 1214): [XC,SetWindow][_MApi_XC_SetWindow, 4143] [_MApi_XC_SetWindow, 4143] [DS] u16VBox_Htotal:3840 u16VBox_Vtotal:2160  
07-06 00:46:45.493 I/MiSysSrv( 1214): [XC,SetWindow][_MApi_XC_SetWindow, 4176] [_MApi_XC_SetWindow, 4176] [DS] [PQSrcData] width:3840 height:2160  
07-06 00:46:45.493 I/MiSysSrv( 1214): [XC,SetWindow][MApi_XC_Set_PQ_SourceData, 2949] PQSetSource:Input src=34, win=0,
07-06 00:46:45.493 I/MiSysSrv( 1214): [XC,SetWindow][MApi_XC_Set_PQ_SourceData, 2950] PQSetSource:   PQ src=9, win=0
07-06 00:46:45.493 I/MiSysSrv( 1214): [XC,SetWindow][msAPI_Scaler_SetMode, 2602] E_MS_XC_MEM_FMT_AUTO
07-06 00:46:45.493 I/MiSysSrv( 1214): [XC,SetWindow][msAPI_Scaler_SetMode, 2624] MemFmt422=1
07-06 00:46:45.493 I/MiSysSrv( 1214): [XC,SetWindow][msAPI_Scaler_SetMode, 2679] bMemYUVFmt=1, RGBin=0
07-06 00:46:45.493 I/MiSysSrv( 1214): [XC,LPLL][MDrv_SC_IsForceFreerun, 1547] MDrv_SC_IsForceFreerun = 0
07-06 00:46:45.494 I/MiSysSrv( 1214): [XC,SetWindow][msAPI_Scaler_Field_Detect, 2051] DTV [XC,SetWindow][msAPI_Scaler_Field_Detect, 2064] -> Progressive
07-06 00:46:45.494 I/MiSysSrv( 1214): [XC,SetWindow][_MApi_XC_SetWindow, 4250] UCNR enabled: NO 
07-06 00:46:45.495 I/MiSysSrv( 1214): [XC,SetWindow][MDrv_SC_set_prescaling_ratio, 2287] [PRE]eWindow[0] VSrc=2160, VDst=2160, bBilinear=0
07-06 00:46:45.495 I/MiSysSrv( 1214): [XC,SetWindow][MDrv_SC_set_prescaling_ratio, 2446] [MDrv_SC_set_prescaling_ratio, 2446] [DS] u16V_Length:2160 
07-06 00:46:45.495 I/MiSysSrv( 1214): [XC,SetWindow][MDrv_SC_set_prescaling_ratio, 2609] stHSDSamplingInfo.u32ratio=0,bHSDRet=1
07-06 00:46:45.495 I/MiSysSrv( 1214): [XC,SetWindow][MDrv_SC_set_prescaling_ratio, 2662] PQ HSD_SAMPLING: eWindow[0] HSrc=3840, HDst=3840
07-06 00:46:45.495 I/MiSysSrv( 1214): [XC,SetWindow][MDrv_SC_set_prescaling_ratio, 2774] [PRE]Force Prescaling Down : 0  _bPQSetPreScalingrate : 0 
07-06 00:46:45.495 I/MiSysSrv( 1214): [XC,SetWindow][MDrv_SC_3D_Adjust_PreHorDstSize,  913] PreHorDstSize(Mainwindow): 3840
07-06 00:46:45.495 I/MiSysSrv( 1214): [XC,SetWindow][MDrv_SC_set_prescaling_ratio, 2919] eWindow[0] HSrc=3840, HDst=3840
07-06 00:46:45.508 I/MiSysSrv( 1214): [XC,SetWindow][MDrv_SC_set_prescaling_ratio, 3007] [PRE]eWindow[0] HSrc=3840, HDst=3840, bAdvMode=3
07-06 00:46:45.508 I/MiSysSrv( 1214): [XC,SetWindow][MDrv_SC_set_prescaling_ratio, 3114] [PRE]HRatio=0xc0100000, VRatio=0x0, u16V_Length = 2160
07-06 00:46:45.508 I/MiSysSrv( 1214): [XC,SetWindow][_MApi_XC_SetWindow, 4263] CapWin  x: 1105  y:   30  w: 3840  h: 2152 
07-06 00:46:45.508 I/MiSysSrv( 1214): [XC,SetWindow][_MApi_XC_SetWindow, 4264] CropWin x:    0  y:    0  w: 1920  h: 1080 
07-06 00:46:45.508 I/MiSysSrv( 1214): [XC,SetWindow][MDrv_SC_set_crop_window, 1509] W=3840, W PSD=3840
07-06 00:46:45.508 I/MiSysSrv( 1214): [XC,SetWindow][MDrv_SC_set_crop_window, 1510] Scaled crop[1] x,y,w,h=0,0,1920,1084
07-06 00:46:45.508 I/MiSysSrv( 1214): [XC,SetWindow][MDrv_SC_set_crop_window, 1536] Scaled crop[2] x,y,w,h=0,0,1920,1084
07-06 00:46:45.508 I/MiSysSrv( 1214): [XC,SetWindow][MDrv_SC_set_crop_window, 1626] Scaled crop[3] x,y,w,h=0,0,1920,1084
07-06 00:46:45.508 I/MiSysSrv( 1214): [XC,SetWindow][MDrv_SC_set_crop_window, 1630] Scaled crop[4] x,y,w,h=0,0,1920,1084
07-06 00:46:45.508 I/MiSysSrv( 1214): [XC,SetWindow][_MApi_XC_SetWindow, 4285] CapWin  x: 1105  y:   30  w: 3840  h: 2152 
07-06 00:46:45.508 I/MiSysSrv( 1214): [XC,SetWindow][_MApi_XC_SetWindow, 4286] CropWin x:    0  y:    0  w: 1920  h: 1080 
07-06 00:46:45.508 I/MiSysSrv( 1214): [XC,SetWindow][_MApi_XC_SetWindow, 4287] DispWin x: 1208  y:  410  w: 1632  h:  920 
07-06 00:46:45.508 I/MiSysSrv( 1214): [XC,SetWindow][MDrv_SC_3D_Adjust_PostHorSrcSize, 1504] PostHorSrcSize(Mainwindow): 3840
07-06 00:46:45.508 I/MiSysSrv( 1214): [XC,SetWindow][MDrv_SC_3D_Adjust_PostHorDstSize, 1595] PostHorDstSize(Mainwindow): 3840
07-06 00:46:45.508 I/MiSysSrv( 1214): [XC,SetWindow][MDrv_SC_set_postscaling_ratio, 3200] [PST]HSrc=1920, HDst=1632
07-06 00:46:45.508 I/MiSysSrv( 1214): [XC,SetWindow][MDrv_SC_set_postscaling_ratio, 3262] [PST]VCusScaling=FALSE
07-06 00:46:45.508 I/MiSysSrv( 1214): [XC,SetWindow][MDrv_SC_set_postscaling_ratio, 3270] [PST]VSrc=1084, VDst=920, eDeInterlaceMode=1, bFBL=0, bInterlace=0
07-06 00:46:45.508 I/MiSysSrv( 1214): [XC,SetWindow][MDrv_SC_set_postscaling_ratio, 3313] [PST]VSrc=1084, VDst=920, eDeInterlaceMode=1, bFBL=0, bInterlace=0
07-06 00:46:45.508 I/MiSysSrv( 1214): [XC,SetWindow][MDrv_SC_set_postscaling_ratio, 3506] [PST]HRatio=0x112d2d3, VRatio=0x112daf3, u16V_Length=1084
07-06 00:46:45.508 I/MiSysSrv( 1214): [XC,Cropping][MDrv_SC_set_ipmsetting, 4847] ===================================================
07-06 00:46:45.508 I/MiSysSrv( 1214): [XC,Cropping][MDrv_SC_set_ipmsetting, 4848] => u16DNRFetch=3840 
07-06 00:46:45.508 I/MiSysSrv( 1214): [XC,Cropping][MDrv_SC_set_ipmsetting, 4853]  3840 
07-06 00:46:45.508 I/MiSysSrv( 1214): [XC,Cropping][MDrv_SC_set_dnrsetting, 4943] u16DNROffset=3840
07-06 00:46:45.508 I/MiSysSrv( 1214): [XC,Cropping][MDrv_SC_set_dnrsetting, 4944]  3840
07-06 00:46:45.508 I/MiSysSrv( 1214): [XC,Cropping][MDrv_SC_set_dnrsetting, 5032] align width = 0
07-06 00:46:45.508 I/MiSysSrv( 1214): [XC,Cropping][MDrv_SC_set_dnrsetting, 5080] =>Framesize(24883200)= VSizeAfterPreSD(2160) * DNROffset(3840) * BytesPer2Pixel(6)/2
07-06 00:46:45.508 I/MiSysSrv( 1214): unknown IOCTL 20
07-06 00:46:45.508 I/MiSysSrv( 1214): [XC,SetWindow][MDrv_XC_GetPQSuggestedFRCMFrameNum, 4344] Alert: cannot get frameCount from IOCTL, eWindow=0! Fall back to original method
07-06 00:46:45.508 I/MiSysSrv( 1214): [XC,SetWindow][MDrv_XC_GetPQSuggestedFRCMFrameNum, 4390] MDrv_XC_GetPQSuggestedFrameNum(0) get 4 frame count
07-06 00:46:45.508 I/MiSysSrv( 1214): [XC,SetWindow][_Mdrv_XC_Refine_FRCMFrameNum, 3947] [_Mdrv_XC_Refine_FRCMFrameNum, 3947] u32Dynamic_scale_size:24883200 enPQSuggestedFrameNum:102 
07-06 00:46:45.508 I/MiSysSrv( 1214): [XC,SetWindow][_Mdrv_XC_Refine_FRCMFrameNum, 3998] if it's not 3 frame mode, linear mode should also be closed
07-06 00:46:45.508 I/MiSysSrv( 1214): [XC,Cropping][_Mdrv_XC_Refine_FRCMFrameNum, 4002] pFRCMFrameStoreNumber: 102 , corresponding factor is: 4
07-06 00:46:45.508 I/MiSysSrv( 1214): [XC,SetWindow][_MDrv_XC_Set_FrameNum, 4406] bIsFRCMBuff(0) enFBType = 102 
07-06 00:46:45.508 I/MiSysSrv( 1214): [XC,SetWindow][_MDrv_XC_Set_FrameNum, 4406] bIsFRCMBuff(1) enFBType = 102 
07-06 00:46:45.508 I/MiSysSrv( 1214): [XC,Cropping][MDrv_SC_set_dnrsetting, 5153] gSrcInfo[eWindow].bLinearMode 0 
07-06 00:46:45.508 I/MiSysSrv( 1214): [XC,Cropping][MDrv_SC_set_dnrsetting, 5154] FrameMode 102 
07-06 00:46:45.508 I/MiSysSrv( 1214): [XC,Cropping][MDrv_SC_set_dnrsetting, 5282] u32Offset :50331648, DNRBufSize=100663296
07-06 00:46:45.508 I/MiSysSrv( 1214): [XC,Cropping][MDrv_SC_set_dnrsetting, 5301] =>MAIN DNRBase1[cc0000]= MS_IPM_BASE0[0]=(b40000) + ((u32Offset[3000000]/32 + 0x01) & ~0x01L)
07-06 00:46:45.508 I/MiSysSrv( 1214): [XC,Cropping][MDrv_SC_set_dnrsetting, 5316] =>DNRBase2[b40000])
07-06 00:46:45.508 I/MiSysSrv( 1214): [XC,Cropping][MDrv_SC_set_dnrsetting, 5351] =>u32OPMBase0[b40000]= MS_IPM_BASE0[0][b40000] => [XC,Cropping][MDrv_SC_set_dnrsetting, 5352] u32OPMBase1[cc0000]= u32IPMBase1[cc0000] 
07-06 00:46:45.508 I/MiSysSrv( 1214): [XC,Cropping][MDrv_SC_set_dnrsetting, 5353] u32OPMBase2[b40000] 
07-06 00:46:45.508 I/MiSysSrv( 1214): [XC,Cropping][MDrv_SC_set_dnrsetting, 5366] => u16V_Writelimit:2152 
07-06 00:46:45.508 I/MiSysSrv( 1214): [XC,Cropping][MDrv_SC_set_dnrsetting, 5369] => i=0, u16V_Writelimit[2152]= (u16V_Writelimit+1) / 2
07-06 00:46:45.508 I/MiSysSrv( 1214): [XC,Cropping][MDrv_SC_set_dnrsetting, 5373] preview =>WritelimitBase[0][0] = (MS_IPM_BASE0[0]=b40000) + (((u32Offset[3000000] + 0xF) & ~0xFL) * 3 / BYTE_PER_WORD)
07-06 00:46:45.508 I/MiSysSrv( 1214): [XC,Cropping][MDrv_SC_set_dnrsetting, 5380] =>WritelimitBase[e40000] = (MS_IPM_BASE0[0]=b40000) + (((u32Offset[3000000] + 0xF) & ~0xFL) * 2 / BYTE_PER_WORD)
07-06 00:46:45.508 I/MiSysSrv( 1214): [XC,Cropping][MDrv_SC_set_dnrsetting, 5382] => u32WritelimitBase[80e3ffff] = (u32WritelimitBase - 1) | 0x2000000
07-06 00:46:45.508 I/MiSysSrv( 1214): [XC,Cropping][MDrv_SC_set_dnrsetting, 5583] Final DNR Offset/Fetch=0xf00, 0xf00, OPM Offset=0xf00, V_Length=0x43c
07-06 00:46:45.508 I/MiSysSrv( 1214): [XC,Cropping][MDrv_SC_set_dnrsetting, 5595] Final u32DNRBase0/1/2=0xb40000, 0xcc0000, 0xb40000
07-06 00:46:45.508 I/MiSysSrv( 1214): [XC,Cropping][MDrv_SC_set_dnrsetting, 5600]  Final u16FRCM_ROffset = 0xf00   u16FRCM_WOffset = 0xf00
07-06 00:46:45.508 I/MiSysSrv( 1214): [XC,Cropping][MDrv_SC_set_dnrsetting, 5602] ---------------------------------------------------
07-06 00:46:45.508 I/MiSysSrv( 1214): [XC,Cropping][MDrv_SC_set_frcmrsetting, 6493] Crop info: (x,y)=(0,0),(width,height)=(1920,1084), FRCM always progressive
07-06 00:46:45.508 I/MiSysSrv( 1214): [XC,Cropping][MDrv_SC_set_frcmrsetting, 6573] Crop total offset pixel counts 0
07-06 00:46:45.508 I/MiSysSrv( 1214): [XC,Cropping][MDrv_SC_set_frcmrsetting, 6579] Crop info: (x,y)=(0,0),(width,height)=(1920,1084)
07-06 00:46:45.508 I/MiSysSrv( 1214): [XC,Cropping][MDrv_SC_set_frcmrsetting, 6586] LB offset 0, Pixel offset 0 Alighment: 64 bytes 
07-06 00:46:45.508 I/MiSysSrv( 1214): [XC,Cropping][MDrv_SC_set_frcmrsetting, 6589] eFRCMFrameStoreNumber 102
07-06 00:46:45.508 I/MiSysSrv( 1214): [XC,Cropping][MDrv_SC_set_frcmrsetting, 6598] bLinearMode = FALSE
07-06 00:46:45.508 I/MiSysSrv( 1214): [XC,Cropping][MDrv_SC_set_frcmrsetting, 6602] Crop total offset pixel counts for field/frame 0 (eFRCMFrameStoreNumber: 102)
07-06 00:46:45.508 I/MiSysSrv( 1214): [XC,Cropping][MDrv_SC_set_frcmrsetting, 6623] f.LineBuf offset 0, u32FRCM_RCropOffset 0x0
07-06 00:46:45.508 I/MiSysSrv( 1214): [XC,Cropping][MDrv_SC_set_frcmrsetting, 6634] u16FRCM_RFetch:1920 
07-06 00:46:45.508 I/MiSysSrv( 1214): [XC,Cropping][MDrv_SC_set_frcmrsetting, 6758] f1. u16FRCM_RFetch after alignment 1984, lboffset 0 
07-06 00:46:45.508 I/MiSysSrv( 1214): [XC,Cropping][MDrv_SC_set_frcmrsetting, 6777] h.=> u32FRCM_RBase0,1=b40000,cc0000 -> +u32FRCM_RCropOffset[0] =[XC,Cropping][MDrv_SC_set_frcmrsetting, 6779] 0:b40000 
07-06 00:46:45.508 I/MiSysSrv( 1214): [XC,Cropping][MDrv_SC_set_frcmrsetting, 6781] 1:cc0000 
07-06 00:46:45.508 I/MiSysSrv( 1214): [XC,Cropping][MDrv_SC_set_frcmrsetting, 6783] 2:b40000 
07-06 00:46:45.508 I/MiSysSrv( 1214): [XC,Cropping][MDrv_SC_set_frcmrsetting, 6839] Final FRCM_R Fetch=0x7c0, u32FRCM_RBase0/1/2=0xb40000, 0xcc0000, 0xb40000
07-06 00:46:45.508 I/MiSysSrv( 1214): [XC,Cropping][MDrv_SC_set_frcmrsetting, 6841] ---------------------------------------------------
07-06 00:46:45.508 I/MiSysSrv( 1214): [XC,SetWindow][_MApi_XC_SetWindow, 4377] Physical DispWin HStart: 1208  HEnd: 2839  Vstart:  410  VEnd: 1329 
07-06 00:46:45.508 I/MiSysSrv( 1214): MVOP is 1P mode
07-06 00:46:45.512 I/MiSysSrv( 1214): [_MDrv_SC_check_2p_mode][9405]u16Width=3840,u16Height=2152,u32Vfreqx10=240
07-06 00:46:45.512 I/MiSysSrv( 1214): [XC,SetWindow][Hal_SC_sw_db, 1221] [Hal_SC_sw_db, 1221] [DS] bDynamicScalingEnable1  
07-06 00:46:45.512 I/MiSysSrv( 1214): [XC,SetWindow][MDrv_XC_3D_LoadReg,15556] Windows[0] eInputMode=16, eOutputMode=0, b3Dstate=0
07-06 00:46:45.512 I/MiSysSrv( 1214): [XC,LPLL][MDrv_SC_IsForceFreerun, 1547] MDrv_SC_IsForceFreerun = 0
07-06 00:46:45.521 I/MiSysSrv( 1214): [XC,SetWindow][MApi_XC_SetWindow_U2, 4758] ============= SetWindow Done (Window : 0, src: 34) =============
07-06 00:46:45.522 D/Player/Lib/Utils/SysUtils(11309): [TID 11340] [Check dolby]  Codec name=OMX.MS.ADPCM.Decoder
07-06 00:46:45.522 D/Player/Lib/Utils/SysUtils(11309): [TID 11340] [Check dolby]  Supported type=audio/adpcm
07-06 00:46:45.522 D/Player/Lib/Utils/SysUtils(11309): [TID 11340] [Check dolby]  Codec name=OMX.MS.LPCM.Decoder
07-06 00:46:45.522 D/Player/Lib/Utils/SysUtils(11309): [TID 11340] [Check dolby]  Supported type=audio/lpcm
07-06 00:46:45.522 D/Player/Lib/Utils/SysUtils(11309): [TID 11340] [Check dolby]  Codec name=OMX.MS.RA.Decoder
07-06 00:46:45.522 D/Player/Lib/Utils/SysUtils(11309): [TID 11340] [Check dolby]  Supported type=audio/cook
07-06 00:46:45.522 D/Player/Lib/Utils/SysUtils(11309): [TID 11340] [Check dolby]  Codec name=OMX.MS.WMA.Decoder
07-06 00:46:45.522 D/Player/Lib/Utils/SysUtils(11309): [TID 11340] [Check dolby]  Supported type=audio/x-ms-wma
07-06 00:46:45.522 I/MiSysSrv( 1214): [XC,LPLL][MDrv_SC_set_fpll,  976] MDrv_SC_set_fpll(0,0)
07-06 00:46:45.522 D/Player/Lib/Utils/SysUtils(11309): [TID 11340] [Check dolby]  Codec name=OMX.MS.AC3.Decoder
07-06 00:46:45.522 D/Player/Lib/Utils/SysUtils(11309): [TID 11340] [Check dolby]  Supported type=audio/ac3
07-06 00:46:45.522 I/MiSysSrv( 1214): [XC,LPLL][MDrv_SC_set_fpll,  977] u32OrigLPLL = 1745d1
07-06 00:46:45.522 I/MiSysSrv( 1214): [XC,LPLL][MDrv_SC_set_fpll, 1002] u32OrigLPLL = 1745d1, L_BK_LPLL(0x0F) = 1745d1
07-06 00:46:45.522 I/MiSysSrv( 1214): [XC,LPLL][_MApi_XC_FPLL_EnableLcokFreqOnly, 3150] [_MApi_XC_FPLL_EnableLcokFreqOnly][3150]feature is 0
07-06 00:46:45.522 I/MiSysSrv( 1214): [XC,LPLL][MDrv_Scaler_SetPhaseLimit, 2688] user forces Phase Limit = 0x600
07-06 00:46:45.522 I/MiSysSrv( 1214): [XC,LPLL][MDrv_Scaler_SetPhaseLimit, 2690] Phase Limit = 0x600
07-06 00:46:45.522 I/MiSysSrv( 1214): [XC,SetWindow][MDrv_SC_3D_IsOutputVfreq48hz,  376] @@ gSrcInfo[eWindow].stCapWin.height=2152, Input Vfreq=240
07-06 00:46:45.522 D/Player/Lib/Utils/SysUtils(11309): [TID 11340] [Check dolby] FOUND, current type = audio/ac3
07-06 00:46:45.522 I/MiSysSrv( 1214): [XC,LPLL][MDrv_SC_Cal_FRC_Output_Vfreq,  628] u16DefaultVFreq = 600, u16InputVFreq =240
07-06 00:46:45.522 I/MiSysSrv( 1214): [XC,SetWindow][MDrv_SC_3D_IsOutputVfreq48hz,  376] @@ gSrcInfo[eWindow].stCapWin.height=2152, Input Vfreq=240
07-06 00:46:45.522 I/MiSysSrv( 1214): [XC,LPLL][MDrv_SC_Handle_Special_FRCTbl,  442] @@@ bIsOutput48hz = FALSE
07-06 00:46:45.522 I/MiSysSrv( 1214): [XC,LPLL][MDrv_SC_Handle_Special_FRCTbl,  479] u16DefaultVFreq=600, u8Ratio = 1
07-06 00:46:45.522 I/MiSysSrv( 1214): [XC,LPLL][MDrv_SC_Cal_FRC_Output_Vfreq,  642] InputV = 240, Tbl[0] = (0, 160)(1, 4)
07-06 00:46:45.522 I/MiSysSrv( 1214): [XC,LPLL][MDrv_SC_Cal_FRC_Output_Vfreq,  642] InputV = 240, Tbl[1] = (160, 245)(2, 5)
07-06 00:46:45.522 I/MiSysSrv( 1214): [XC,LPLL][MDrv_SC_Cal_FRC_Output_Vfreq,  685] u16DefaultVFreq=600,u8FrcOut = 5, u16OutputVFreq = 600
07-06 00:46:45.522 I/MiSysSrv( 1214): [XC,LPLL][MDrv_SC_Cal_FRC_Output_Vfreq,  711] u16DefaultVFreq=600,u8FrcOut = 5, u16OutputVFreq = 600
07-06 00:46:45.522 I/MiSysSrv( 1214): [XC,LPLL][MDrv_SC_Cal_FRC_Output_Vfreq,  850] u16DefaultVFreq=600,Final u8FrcOut = 5, u16OutputVFreq = 600
07-06 00:46:45.522 I/MiSysSrv( 1214): [XC,LPLL][MDrv_SC_Cal_FRC_Output_Vfreq,  922] Frame Lock = True
07-06 00:46:45.522 I/MiSysSrv( 1214): [XC,LPLL][MApi_XC_SetPanelTiming_FSM, 3965] FSM: _u16OutputVFreqAfterFRC = 600
07-06 00:46:45.522 I/MiSysSrv( 1214): [XC,LPLL][MApi_XC_SetPanelTiming_FSM, 3994] u32HighAccurateInputVFreq = 60000
07-06 00:46:45.522 I/MiSysSrv( 1214): [XC,LPLL][MDrv_SC_set_Htt_Vtt, 2019] Default SyncWidth/back porch: H=30,80,V=8,30, Old Htt/Vtt=4400,2250
07-06 00:46:45.522 I/MiSysSrv( 1214): [XC,LPLL][_MDrv_XC_GetExPanelInfo, 1665] u16VFreq=600
07-06 00:46:45.522 I/MiSysSrv( 1214): [XC,LPLL][MDrv_SC_set_Htt_Vtt, 2044] PanelInfoEx: NO, org htt=4400, vtt=2250, vfreq=600; HighAccurateVFreq=600; Output Vfreq=60000, Mode=2
07-06 00:46:45.522 I/MiSysSrv( 1214): [XC,LPLL][MDrv_SC_adjust_output_htt_vtt, 1064] default Htt=4400, Vtt=2250, VFreq=600, dclk=594000000
07-06 00:46:45.522 I/MiSysSrv( 1214): [XC,LPLL][MDrv_SC_adjust_output_htt_vtt, 1071] 1.Htt=4400, Vtt=2250, VFreq=600, dclk=164503270
07-06 00:46:45.522 I/MiSysSrv( 1214): [XC,LPLL][MDrv_SC_adjust_output_htt_vtt, 1092] 2.Adjusted Htt=4400, Vtt=2250, VFreq=600, dclk=164503270
07-06 00:46:45.522 I/MiSysSrv( 1214): [XC,LPLL][MDrv_SC_set_Htt_Vtt, 2165] new htt=4400, vtt=2250, vfreq=600
07-06 00:46:45.522 W/AudioCapabilities(11309): Unsupported mime audio/ac3
07-06 00:46:45.522 D/Player/Lib/Utils/SysUtils(11309): [TID 11340] [Check dolby]  ProfileLevels size:0
07-06 00:46:45.522 D/Player/Lib/Utils/SysUtils(11309): [TID 11340] DEVICE_SUPPORT_DOLBY=true, DEVICE_SUPPORT_H265=true
07-06 00:46:45.534 I/art     (11272): Background concurrent mark sweep GC freed 16821(893KB) AllocSpace objects, 0(0B) LOS objects, 61% free, 638KB/1662KB, paused 11.416ms total 26.227ms
07-06 00:46:45.536 D/WifiService( 1733): New client listening to asynchronous messages
07-06 00:46:45.540 I/MiSysSrv( 1214): [XC,LPLL][MDrv_SC_set_Htt_Vtt, 2292] Htt_out, Vtt_out= 4400 , 2250
07-06 00:46:45.540 I/MiSysSrv( 1214): [XC,LPLL][MDrv_SC_Set_LockFreeze_Point, 2623] LockPoint= 0x872 (2162)
07-06 00:46:45.540 I/MiSysSrv( 1214): [XC,LPLL][MDrv_SC_set_output_dclk, 5072] **** SetOutputDclk u16VFreq=600 ***
07-06 00:46:45.540 I/MiSysSrv( 1214): [XC,LPLL][MDrv_SC_set_output_dclk, 5073] **** SetOutputDclk u32AdjHighAccurateVFreq=60000 ***
07-06 00:46:45.540 I/MiSysSrv( 1214): [XC,LPLL][MDrv_SC_set_output_dclk, 5076] DefaultPanelInfo: MinSET = 0x1715d1, MaxSET = 0x1775d1
07-06 00:46:45.540 I/MiSysSrv( 1214): [XC,LPLL][MDrv_SC_set_output_dclk, 5096] g_XC_InitData.stPanelInfo.eLPLL_Type.eLPLL_Type=51, g_XC_InitData.stPanelInfo.eLPLL_Type.eLPLL_Mode=1
07-06 00:46:45.540 I/MiSysSrv( 1214): [XC,LPLL][_MDrv_XC_GetExPanelInfo, 1665] u16VFreq=600
07-06 00:46:45.540 I/MiSysSrv( 1214): @@11=11
07-06 00:46:45.540 I/MiSysSrv( 1214): @@11=11
07-06 00:46:45.540 I/MiSysSrv( 1214): @@11=11
07-06 00:46:45.540 I/MiSysSrv( 1214): @@11=11
07-06 00:46:45.540 I/MiSysSrv( 1214): [XC,LPLL][MDrv_SC_set_output_dclk, 5148] u32PllSet = 0x1745d1, u32UpBound = 0x1775d1, u32LowBound = 0x1715d1
07-06 00:46:45.540 I/MiSysSrv( 1214): [XC,LPLL][MDrv_SC_set_output_dclk, 5149] u32HighAccuratePllSet = 0x1745d1, u32UpBound = 0x1775d1, u32LowBound = 0x1715d1
07-06 00:46:45.540 I/MiSysSrv( 1214): [XC,LPLL][MDrv_SC_set_output_dclk, 5152] User forces Enable=1, LPLL limit=0x1600
07-06 00:46:45.540 I/MiSysSrv( 1214): [XC,LPLL][MDrv_SC_Set_Output_Dclk_Slowly, 2790] SetDCLK: Steps=10, DelayMs=0
07-06 00:46:45.567 I/MyFragmentStateAdapter(11309): getCount
07-06 00:46:45.567 D/Player/Lib/Utils/SysUtils(11309): [TID 11340] isDeviceSupportDolby=true
07-06 00:46:45.568 D/Player/Lib/Utils/SysUtils(11309): [TID 11340] isDeviceSupportH265=true
07-06 00:46:45.570 D/PlayerSdkUtils(11309): [TID 11340] static init: IS_DEVICE_CODEC_SUPPORT_DOLBY=true
07-06 00:46:45.570 D/PlayerSdkUtils(11309): [TID 11340] static init: IS_DEVICE_CODEC_SUPPORT_H265=true
07-06 00:46:45.583 D/PlayerSDK/data/FetchUuidJob(11309): [TID 11340] >>>fetchKeyInfo, sIsFetched=false
07-06 00:46:45.583 D/PlayerSDK/data/FetchUuidJob(11309): [TID 11340] fetchKeyInfo: deviceInfo=vidaa3
07-06 00:46:45.584 I/System.out(11309): D/(load-playerplugin, syncCall): cpu: 4
07-06 00:46:45.592 I/MiSysSrv( 1214): [XC,LPLL][MDrv_SC_Set_Output_Dclk_Slowly, 2825] Direct set to 0x1745d1
07-06 00:46:45.592 I/MiSysSrv( 1214): [XC,LPLL][MDrv_SC_set_output_dclk, 5175] **** SetOutputDclk-Normal CLK=5940000000, Set=0x1745D1***
07-06 00:46:45.592 I/MiSysSrv( 1214): @@11=11
07-06 00:46:45.592 I/MiSysSrv( 1214): @@11=11
07-06 00:46:45.592 I/MiSysSrv( 1214): [XC,LPLL][MHal_XC_Calc_IGainPGain, 5078] MM=36,u8LGain1=2,Htt=4400,Vtt=2250,Ovs=5,Vco=1,i_gain=0,REGIg=5,u32XTAL_Clock=24000000
07-06 00:46:45.592 I/MiSysSrv( 1214): [XC,LPLL][MHal_XC_Calc_IGainPGain, 5084] new i_gain=0
07-06 00:46:45.592 I/MiSysSrv( 1214): [XC,LPLL][MHal_XC_Calc_IGainPGain, 5095] ==>LG1=2,iGain=0,I=2,P=3
07-06 00:46:45.592 I/MiSysSrv( 1214): [XC,LPLL][_MDrv_Scaler_SetIGainPGain, 1853] user forces REG_IGain= 0x4 (4)
07-06 00:46:45.592 I/MiSysSrv( 1214): [XC,LPLL][_MDrv_Scaler_SetIGainPGain, 1858] user forces REG_PGain= 0x5 (5)
07-06 00:46:45.592 I/MiSysSrv( 1214): [XC,LPLL][_MDrv_Scaler_SetIGainPGain, 1866] REG_IGain= 0x4 (4)
07-06 00:46:45.592 I/MiSysSrv( 1214): [XC,LPLL][_MDrv_Scaler_SetIGainPGain, 1867] REG_PGain= 0x5 (5)
07-06 00:46:45.592 I/MiSysSrv( 1214): [XC,LPLL][MDrv_SC_set_fpll,  976] MDrv_SC_set_fpll(0,0)
07-06 00:46:45.592 I/MiSysSrv( 1214): [XC,LPLL][MDrv_SC_set_fpll,  977] u32OrigLPLL = 1745d1
07-06 00:46:45.593 I/MiSysSrv( 1214): [XC,LPLL][MDrv_SC_set_fpll, 1002] u32OrigLPLL = 1745d1, L_BK_LPLL(0x0F) = 1745d1
07-06 00:46:45.593 I/MiSysSrv( 1214): [XC,LPLL][_MApi_XC_FPLL_EnableLcokFreqOnly, 3150] [_MApi_XC_FPLL_EnableLcokFreqOnly][3150]feature is 0
07-06 00:46:45.606 I/System.out(11309): <TVAPI> DEBUG(isUpdateData): isUpdateData=manInfo-true
07-06 00:46:45.607 I/System.out(11309): <TVAPI> DEBUG(TVApiProperty): read passport-device-id=null
07-06 00:46:45.613 D/Carousel-SimpleVideoView(11309): speedKB=2366
07-06 00:46:45.613 D/Carousel-SimpleVideoView(11309): msg.arg1=1
07-06 00:46:45.618 I/System.out(11309): <TVAPI> DEBUG(TVApiProperty): passport-device-id-system=tv_69b1ef544cadbb86e8f28950ece1c76a_1167652938875
07-06 00:46:45.620 I/System.out(11309): <TVAPI> DEBUG(id=1, manInfo): url = http://data2.itv.ptqy.gitv.tv/itv/manInfo/vidaa3?s=0
07-06 00:46:45.631 I/System.out(11309): <TVAPI> DEBUG(id=1, manInfo): header = qyid:tv_69b1ef544cadbb86e8f28950ece1c76a_1167652938875
07-06 00:46:45.631 I/System.out(11309): <TVAPI> DEBUG(id=1, manInfo): header = ov:5.1.1
07-06 00:46:45.631 I/System.out(11309): <TVAPI> DEBUG(id=1, manInfo): header = apkVer:
07-06 00:46:45.631 I/System.out(11309): <TVAPI> DEBUG(id=1, manInfo): header = apiKey:APIKEY
07-06 00:46:45.649 D/PowerManagerService( 1733): acquireWakeLockInternal: lock=113832109, flags=0x1, tag="NetworkStats", ws=null, uid=1000, pid=1733
07-06 00:46:45.649 D/PowerManagerNotifier( 1733): onWakeLockAcquired: flags=1, tag="NetworkStats", packageName=android, ownerUid=1000, ownerPid=1733, workSource=null
07-06 00:46:45.649 D/NtpTrustedTime( 1733): currentTimeMillis() cache hit
07-06 00:46:45.661 D/NtpTrustedTime( 1733): currentTimeMillis() cache hit
07-06 00:46:45.663 D/NtpTrustedTime( 1733): currentTimeMillis() cache hit
07-06 00:46:45.663 D/NtpTrustedTime( 1733): currentTimeMillis() cache hit
07-06 00:46:45.663 D/PowerManagerService( 1733): releaseWakeLockInternal: lock=113832109 [NetworkStats], flags=0x0
07-06 00:46:45.663 D/PowerManagerNotifier( 1733): onWakeLockReleased: flags=1, tag="NetworkStats", packageName=android, ownerUid=1000, ownerPid=1733, workSource=null
07-06 00:46:45.683 I/MyFragmentStateAdapter(11309): getCount
07-06 00:46:45.692 I/MiSysSrv( 1214): bColorRange0_255 is 1
07-06 00:46:45.692 I/MiSysSrv( 1214): BW Window:0, PQSource:9, Hsize:3840, Vsize: 2160, interlace:0, Vfreq=240
07-06 00:46:45.694 I/MiSysSrv( 1214): (_MDrv_PQ_SetGRuleStatus, 5671)GRuleType(10) is bigger than STD PQ's(9), so consider it as CUSTOMER PQ's GRule Type
07-06 00:46:45.697 I/MiSysSrv( 1214): [XC,SetWindow][MApi_XC_SetDynamicScaling_U2,  342] It's dynamic scaling case(1,0,1)
07-06 00:46:45.697 I/MiSysSrv( 1214): [XC,SetWindow][MHAL_SC_Set_DynamicScaling,  522] [MHAL_SC_Set_DynamicScaling,  522] [DS] u8MIU_Select:0  
07-06 00:46:45.697 I/MiSysSrv( 1214): [XC,SetWindow][MHAL_SC_Set_DynamicScaling,  523] [MHAL_SC_Set_DynamicScaling,  523] [DS] bOP_On:1  bIPS_On:0 bIPM_On:1  
07-06 00:46:45.704 I/MiSysSrv( 1214): [XC,SetWindow][MHAL_SC_Set_DynamicScaling,  557] [MHAL_SC_Set_DynamicScaling,  557] [DS] u32DynamicScalingBaseAddr:15e91000  u8DynamicScalingIndexDepth:32 u32DynamicScalingBufSize:6144   
07-06 00:46:45.704 I/MiSysSrv( 1214): [XC,SetWindow][MHAL_SC_Set_DynamicScaling,  570] [MHAL_SC_Set_DynamicScaling,  570] [DS] u8IdxDepth:32 DS_MAX_INDEX:6 BYTE_PER_WORD:32  
07-06 00:46:45.725 I/MyFragmentStateAdapter(11309): getCount
07-06 00:46:45.745 I/TVMW@HsSourceManager( 1234): resourceMediaInfoFunction srcid=13
07-06 00:46:45.745 D/TVMW@pqctrl( 1234): [setNR:166] ENTER OK
07-06 00:46:45.745 I/hstvos  ( 1216): [0m[1;36m[mif][VIDEO_FW][_Mif_Video_Window_Callback][466]_Mif_Video_Window_Callback u32EventFlags: 32768, u8DisplayIndex: 0, u8WindowIndex: 0
07-06 00:46:45.745 I/hstvos  ( 1216): [0m[1;36m[HSHAL][HS_PQ][HS_HAL_PQ_SetNR][369] Entry.time[22047317] OK
07-06 00:46:45.745 I/hstvos  ( 1216): [0m[1;32m[HSHAL][HS_PQ][HS_HAL_PQ_SetNR][370]nrLevel 2 
07-06 00:46:45.749 E/TVMW@videoctrl( 1234):  getOsd is 1
07-06 00:46:45.749 D/til@system( 2026): til_get_system_param option:1000027 int:1, bool:1, ret:0
07-06 00:46:45.749 D/til     ( 2026): ###### func:til_get_picture_param option:0x3000045 ######  
07-06 00:46:45.749 I/TVMW@HsTvSetting( 1234): Trace cmd, data = 0x300c
07-06 00:46:45.749 I/TVMW@HsTvSetting( 1234): Trace 3d, data = 0x300c
07-06 00:46:45.749 I/TVMW@3d ( 1234): Hs_debug3d_trace: func:get3dStatus, line:109
07-06 00:46:45.751 D/TVMW@factoryData( 1234): Non source= 13,b4Kx2K = 0,b4Kx2KForWB = 1
07-06 00:46:45.751 D/TVMW@factoryData( 1234): Non 0 ,12 , 22, 45, 63(audio not diff 4K)
07-06 00:46:45.751 D/TVMW@Hsmwhal( 1234): +_+pic: ***sharpness:22[setSharpness:230]
07-06 00:46:45.751 D/TVMW@pqctrl( 1234): [setSharpness:203] ENTER OK
07-06 00:46:45.752 I/hstvos  ( 1216):  [0m[1;36m[HSHAL][HS_PQ][HS_HAL_PQ_SetSharpness][413] Entry.time[22047323] OK
07-06 00:46:45.752 I/hstvos  ( 1216): [0m[1;32m[HSHAL][HS_PQ][HS_HAL_PQ_SetSharpness][414]u32Sharpness 22 
07-06 00:46:45.755 I/TVMW@HsSourceManager( 1234): resourceMediaInfoFunction nrData=2
07-06 00:46:45.755 I/TVMW@HsSourceManager( 1234): resourceMediaInfoFunction sharpness=50
07-06 00:46:45.755 I/TVMW@HsSourceManager( 1234): >>>>resourceMediaInfoFunction
07-06 00:46:45.755 I/hstvos  ( 1216):  [0m[1;36m[HSHAL][HS_PQ][HS_HAL_PQ_SetSharpness][419] Exit OK[22047326] OK
07-06 00:46:45.756 W/        ( 1204): no callback function match handle 0x4b60700,
07-06 00:46:45.756 E/MiDisplay( 1204): ERROR pstCallbackParams.
07-06 00:46:45.761 I/MiSysSrv( 1214): [mapi_video_base@Line 1135] [u32PqDelayTime=126,u32UsedTime=65,u16VideoUnMuteTime=0,u32RealyDelayTime=61]
07-06 00:46:45.761 I/MiSysSrv( 1214): [leon.luo]EnableVideoMute = 0,enColor = 5
07-06 00:46:45.769 I/MyFragmentStateAdapter(11309): getCount
07-06 00:46:45.782 I/System.out(11309): <TVAPI> DEBUG(id=1, manInfo, response_time = 121ms): data = {"code":"N000000","json":{},"uuid":"MjAxNTEyMjgxNjU2MTk1NzJNa0NISmZXYjExMjA5"}
07-06 00:46:45.783 D/PlayerSDK/data/FetchUuidJob(11309): [TID 11340] mManInfoCallback onSuccess: maininfo=com.qiyi.tvapi.tv2.result.ApiResultManInfo@576a715
07-06 00:46:45.783 D/PlayerSDK/data/FetchUuidJob(11309): [TID 11340] mManInfoCallback result: u=MjAxNTEyMjgxNjU2MTk1NzJNa0NISmZXYjExMjA5, json={}
07-06 00:46:45.783 D/PlayerSDK/data/FetchUuidJob(11309): [TID 11340] mManInfoCallback result: eU=MjAxNTEyMjgxNjU2MTk1NzJNa0NISmZXYjExMjA5
07-06 00:46:45.783 D/PlayerSDK/data/FetchUuidJob(11309): [TID 11340] mManInfoCallback: fectch id success, use it.
07-06 00:46:45.791 D/PlayerSDK/data/FetchUuidJob(11309): [TID 11340] mManInfoCallback result: parterId=null
07-06 00:46:45.791 D/PlayerSDK/data/FetchUuidJob@1d795ee6(11309): [TID 11340] notifyJobSuccess() Job[PlayerSDK/data/FetchUuidJob@1d795ee6](mState=0, mData=Object162249258, mError=null)
07-06 00:46:45.791 D/PlayerSDK/data/FetchUuidJob(11309): [TID 11340] <<<fetchKeyInfo
07-06 00:46:45.791 D/PlayerSDK/data/FetchUuidJob@1d795ee6(11309): [TID 11340] notifyJobSuccess() Job[PlayerSDK/data/FetchUuidJob@1d795ee6](mState=2, mData=Object162249258, mError=null)
07-06 00:46:45.791 D/PlayerSdk/PlayerSdkProject(11309): [TID 11340] createRegisterKeyForTvapi(context=com.hisense.hicloud.edca.BaseApplication@2adbac5c)
07-06 00:46:45.791 D/Player/Lib/Utils/SysUtils(11309): [TID 11340] getMacAddr() returnsa8:a6:48:18:fc:a8
07-06 00:46:45.792 I/System.out(11309): <TVAPI> ERROR(Check MacAddress): mac address is 
07-06 00:46:45.793 D/PlayerSdk/PlayerSdkProject(11309): [TID 11340] initTVApi platformType:HAIXIN, defaultUserId:tv_69b1ef544cadbb86e8f28950ece1c76a, domainName:ptqy.gitv.tv
07-06 00:46:45.793 D/PlayerSdk/PlayerSdkProject(11309): [TID 11340] << beginInitialize: consume 1052 ms
07-06 00:46:45.793 D/Player/PluginProvider@ff936a(11309): [TID 11340] << setupSdkFeature: mSdkFeature=com.qiyi.video.plugin.j@1753401b
