07-05 21:30:45.950 D/Carousel-log_video-(31381): =Stop play previous channel log.
07-05 21:30:45.950 D/Carousel-log_video-(31381): submitPlayStopLog mLogPlayState:5
07-05 21:30:45.950 D/Carousel-log_video-(31381): Invalid log info.
07-05 21:30:45.950 D/Carousel-log_video-(31381): ==Start play log:start,other,duration:0
07-05 21:30:45.950 D/Carousel-log_(31381): ===(Main-Video-278001)-{srccolumnid=3, eventType=278, srcgroupid=10001, appversionname=2.0.0.6, srctabid=0, license=hisense, eventcode=278001, deviceid=86100300900000500000060a4818fca8, mediaid=351, eventPos=001, sessionid=bd1bb241f3ac475ba53409d3b6e35141, srcpackagename=com.hisense.hicloud.edca, subscriberid=13287129, playactionuuid=aff0e0f6-dafc-4216-bb2d-1be3de5b761e, version=2.1, devicemsg=LED50MU8600UC0000888, isall=0, customerid=7195320, srcrowid=0, srceventcode=280000}
07-05 21:30:45.951 D/Carousel-CarouselVideoViewImpl(31381): getPosition()=0
07-05 21:30:45.951 I/Carousel-UrlVideoView(31381): onMeasure(MeasureSpec: EXACTLY 816, MeasureSpec: EXACTLY 460)
07-05 21:30:45.951 I/Carousel-UrlVideoView(31381): onMeasure(MeasureSpec: EXACTLY 816, MeasureSpec: EXACTLY 460)
07-05 21:30:45.955 D/MediaHTTPConnection(31381): connect: uri=http://jhxvideo-ws.video-tx.com/rendition/201705/205989353451683841/205989353451684353/bb/243216185158536196/243216215223308548/r243216215223308548-3200k-1920x1080.mp4?wsSecret=17d4b4174976d8fc753b505daf3e6493&wsTime=595cea04, headers=User-Agent: stagefright/1.2 (Linux;Android 5.1.1)
07-05 21:30:45.958 D/MediaHTTPConnection(31381): seekTo 0
07-05 21:30:45.962 D/MediaHTTPConnection(31381): hitting http://jhxvideo-ws.video-tx.com/rendition/201705/205989353451683841/205989353451684353/bb/243216185158536196/243216215223308548/r243216215223308548-3200k-1920x1080.mp4?wsSecret=17d4b4174976d8fc753b505daf3e6493&wsTime=595cea04
07-05 21:30:45.969 I/MiSysSrv( 1214): [37m[INFO] Change to Voltage: 117 mv (0x32)[m
07-05 21:30:45.972 D/Carousel-SimpleVideoView(31381): speedKB=0
07-05 21:30:45.972 D/Carousel-SimpleVideoView(31381): msg.arg1=0
07-05 21:30:45.987 I/MyFragmentStateAdapter(31381): getCount
07-05 21:30:46.025 W/System.err(31381): java.net.ConnectException: failed to connect to /10.18.210.112 (port 8900) after 6000ms: isConnected failed: ECONNREFUSED (Connection refused)
07-05 21:30:46.025 W/System.err(31381): 	at libcore.io.IoBridge.isConnected(IoBridge.java:238)
07-05 21:30:46.025 W/System.err(31381): 	at libcore.io.IoBridge.connectErrno(IoBridge.java:171)
07-05 21:30:46.025 W/System.err(31381): 	at libcore.io.IoBridge.connect(IoBridge.java:122)
07-05 21:30:46.025 W/System.err(31381): 	at java.net.PlainSocketImpl.connect(PlainSocketImpl.java:183)
07-05 21:30:46.025 W/System.err(31381): 	at java.net.PlainSocketImpl.connect(PlainSocketImpl.java:456)
07-05 21:30:46.025 W/System.err(31381): 	at java.net.Socket.connect(Socket.java:882)
07-05 21:30:46.025 W/System.err(31381): 	at com.android.okhttp.internal.Platform.connectSocket(Platform.java:174)
07-05 21:30:46.025 W/System.err(31381): 	at com.android.okhttp.Connection.connect(Connection.java:152)
07-05 21:30:46.025 W/System.err(31381): 	at com.android.okhttp.internal.http.HttpEngine.connect(HttpEngine.java:276)
07-05 21:30:46.025 W/System.err(31381): 	at com.android.okhttp.internal.http.HttpEngine.sendRequest(HttpEngine.java:211)
07-05 21:30:46.025 W/System.err(31381): 	at com.android.okhttp.internal.http.HttpURLConnectionImpl.execute(HttpURLConnectionImpl.java:382)
07-05 21:30:46.025 W/System.err(31381): 	at com.android.okhttp.internal.http.HttpURLConnectionImpl.connect(HttpURLConnectionImpl.java:106)
07-05 21:30:46.025 W/System.err(31381): 	at com.hisense.hitv.hicloud.util.ExceptionReport.a(ExceptionReport.java:337)
07-05 21:30:46.025 W/System.err(31381): 	at com.hisense.hitv.hicloud.util.ExceptionReport.a(ExceptionReport.java:39)
07-05 21:30:46.025 W/System.err(31381): 	at com.hisense.hitv.hicloud.util.ExceptionReport$1.run(ExceptionReport.java:83)
07-05 21:30:46.025 W/System.err(31381): 	at java.lang.Thread.run(Thread.java:818)
07-05 21:30:46.026 W/System.err(31381): Caused by: android.system.ErrnoException: isConnected failed: ECONNREFUSED (Connection refused)
07-05 21:30:46.026 W/System.err(31381): 	at libcore.io.IoBridge.isConnected(IoBridge.java:223)
07-05 21:30:46.026 W/System.err(31381): 	... 15 more
07-05 21:30:46.050 I/MyFragmentStateAdapter(31381): getCount
07-05 21:30:46.058 D/NativeDecimalFormat(31381): NativeDecimalFormat_close print addr=3997610496
07-05 21:30:46.058 D/NativeDecimalFormat(31381): NativeDecimalFormat_close print g_addr=3997592064
07-05 21:30:46.070 I/MiSysSrv( 1214): [37m[INFO] Change to Voltage: 117 mv (0x32)[m
07-05 21:30:46.077 W/account ( 2411): ResignonThread==>mHandler.sendEmptyMessageDelayed(0, CYCLE_TIME);
07-05 21:30:46.083 D/Carousel-SimpleVideoView(31381): speedKB=27
07-05 21:30:46.083 D/Carousel-SimpleVideoView(31381): msg.arg1=1
07-05 21:30:46.103 I/MyFragmentStateAdapter(31381): getCount
07-05 21:30:46.145 I/MyFragmentStateAdapter(31381): getCount
07-05 21:30:46.153 D/MediaHTTPConnection(31381): [Connection@920651249] response.heeader.null = HTTP/1.1 206 Partial Content
07-05 21:30:46.153 D/MediaHTTPConnection(31381): [Connection@920651249] response.heeader.Accept-Ranges = bytes
07-05 21:30:46.153 D/MediaHTTPConnection(31381): [Connection@920651249] response.heeader.Age = 2164815
07-05 21:30:46.153 D/MediaHTTPConnection(31381): [Connection@920651249] response.heeader.Cache-Control = max-age=5184000
07-05 21:30:46.153 D/MediaHTTPConnection(31381): [Connection@920651249] response.heeader.Connection = keep-alive
07-05 21:30:46.153 D/MediaHTTPConnection(31381): [Connection@920651249] response.heeader.Content-Length = 218840697
07-05 21:30:46.153 D/MediaHTTPConnection(31381): [Connection@920651249] response.heeader.Content-MD5 = b0d2FgZ34VxS2J9TYuIjgA==
07-05 21:30:46.153 D/MediaHTTPConnection(31381): [Connection@920651249] response.heeader.Content-Range = bytes 0-218840696/218840697
07-05 21:30:46.153 D/MediaHTTPConnection(31381): [Connection@920651249] response.heeader.Content-Type = application/octet-stream
07-05 21:30:46.153 D/MediaHTTPConnection(31381): [Connection@920651249] response.heeader.Date = Sat, 10 Jun 2017 12:11:49 GMT
07-05 21:30:46.153 D/MediaHTTPConnection(31381): [Connection@920651249] response.heeader.ETag = "6F4776160677E15C52D89F5362E22380"
07-05 21:30:46.153 D/MediaHTTPConnection(31381): [Connection@920651249] response.heeader.Last-Modified = Mon, 08 May 2017 17:24:17 GMT
07-05 21:30:46.154 D/MediaHTTPConnection(31381): [Connection@920651249] response.heeader.Server = nginx/1.2.4
07-05 21:30:46.154 D/MediaHTTPConnection(31381): [Connection@920651249] response.heeader.Via = 1.1 chshx150:7 (Cdn Cache Server V2.0)[0 200 0], 1.1 sdbz31:0 (Cdn Cache Server V2.0)[26 200 0], 1.1 tongxiazai20:3 (Cdn Cache Server V2.0)[13 200 0]
07-05 21:30:46.154 D/MediaHTTPConnection(31381): [Connection@920651249] response.heeader.X-Android-Received-Millis = 1499261446153
07-05 21:30:46.154 D/MediaHTTPConnection(31381): [Connection@920651249] response.heeader.X-Android-Response-Source = NETWORK 206
07-05 21:30:46.154 D/MediaHTTPConnection(31381): [Connection@920651249] response.heeader.X-Android-Sent-Millis = 1499261446095
07-05 21:30:46.154 D/MediaHTTPConnection(31381): [Connection@920651249] response.heeader.x-oss-hash-crc64ecma = 10858506031335928878
07-05 21:30:46.154 D/MediaHTTPConnection(31381): [Connection@920651249] response.heeader.x-oss-object-type = Normal
07-05 21:30:46.154 D/MediaHTTPConnection(31381): [Connection@920651249] response.heeader.x-oss-request-id = 591D64783FEA2FF75DF4AA6E
07-05 21:30:46.154 D/MediaHTTPConnection(31381): [Connection@920651249] response.heeader.x-oss-server-time = 46
07-05 21:30:46.154 D/MediaHTTPConnection(31381): [Connection@920651249] response.heeader.x-oss-storage-class = Standard
07-05 21:30:46.171 I/MiSysSrv( 1214): [37m[INFO] Change to Voltage: 102 mv (0x23)[m
07-05 21:30:46.192 I/TVMW@HsTvSetting( 1234): Trace cmd, data = 0x1058
07-05 21:30:46.192 D/til@system( 2026): til_get_system_param option:100002F int:0, bool:0, ret:0
07-05 21:30:46.193 I/TVMW@HsTvSetting( 1234): Trace cmd, data = 0x101f
07-05 21:30:46.193 D/til@system( 2026): til_get_system_param option:100001D int:3, bool:3, ret:0
07-05 21:30:46.193 E/til     ( 2026): [til_get_current_input_source, 101] 
07-05 21:30:46.193 I/TVMW@HsTvSetting( 1234): Trace cmd, data = 0x7007
07-05 21:30:46.193 I/tilwrapper@sm( 2026): HS2TIL_SourceType *hs=0xd, *til=0x900
07-05 21:30:46.193 D/til     ( 2026): get current source 2304
07-05 21:30:46.193 D/SourceRemoteServiceHandler( 2026): getCurrentInputSource.from.til.result is 0, value is 2304
07-05 21:30:46.193 D/SourceRemoteServiceHandler( 2026): getInputSourceType source: 0x900, type=2304
07-05 21:30:46.194 D/til     ( 2026): ###### func:til_get_picture_param option:0x3000006 ######  
07-05 21:30:46.194 I/TVMW@HsTvSetting( 1234): Trace cmd, data = 0x1003
07-05 21:30:46.195 I/TVMW@HsTvSetting( 1234): Trace cmd, data = 0x8032
07-05 21:30:46.195 I/hstvos  ( 1216): [0m[1;33m[HSHAL][HS_VIDEO][HS_HAL_Video_SetOsdDetect_v2][2389]u16Threshold = 20
07-05 21:30:46.196 I/MiSysSrv( 1214): Not support now! 42, change to mm_video!!!
07-05 21:30:46.205 E/TVMW@videoctrl( 1234):  getOsd is 1
07-05 21:30:46.205 D/til@system( 2026): til_get_system_param option:1000027 int:1, bool:1, ret:0
07-05 21:30:46.205 D/til     ( 2026): ###### func:til_get_picture_param option:0x3000045 ######  
07-05 21:30:46.206 I/TVMW@HsTvSetting( 1234): Trace cmd, data = 0x300c
07-05 21:30:46.206 I/TVMW@HsTvSetting( 1234): Trace 3d, data = 0x300c
07-05 21:30:46.206 I/TVMW@3d ( 1234): Hs_debug3d_trace: func:get3dStatus, line:109
07-05 21:30:46.210 D/HiCloudSourcePlugin(15961): Delta Updating Task Runnning...
07-05 21:30:46.213 I/MyFragmentStateAdapter(31381): getCount
07-05 21:30:46.229 I/NetflixMonitorService( 1733): current fgapk : com.hisense.hicloud.edca
07-05 21:30:46.229 I/NetflixMonitorService( 1733): Netflix status unchanged
07-05 21:30:46.264 I/MyFragmentStateAdapter(31381): getCount
07-05 21:30:46.271 I/MiSysSrv( 1214): [37m[INFO] Change to Voltage: 102 mv (0x23)[m
07-05 21:30:46.317 I/MyFragmentStateAdapter(31381): getCount
07-05 21:30:46.338 D/PowerManagerService( 1733): releaseWakeLockInternal: lock=681732318 [ActivityManager-Launch], flags=0x0
07-05 21:30:46.338 D/PowerManagerNotifier( 1733): onWakeLockReleased: flags=1, tag="ActivityManager-Launch", packageName=android, ownerUid=1000, ownerPid=1733, workSource=null
07-05 21:30:46.343 D/PowerManagerService( 1733): acquireWakeLockInternal: lock=113832109, flags=0x1, tag="NetworkStats", ws=null, uid=1000, pid=1733
07-05 21:30:46.344 D/PowerManagerNotifier( 1733): onWakeLockAcquired: flags=1, tag="NetworkStats", packageName=android, ownerUid=1000, ownerPid=1733, workSource=null
07-05 21:30:46.344 D/NtpTrustedTime( 1733): currentTimeMillis() cache hit
07-05 21:30:46.350 E/HttpDnsUtils(31381): http callCancel(): mViewTag = EntryActivity
07-05 21:30:46.352 D/NtpTrustedTime( 1733): currentTimeMillis() cache hit
07-05 21:30:46.353 D/NtpTrustedTime( 1733): currentTimeMillis() cache hit
07-05 21:30:46.353 D/NtpTrustedTime( 1733): currentTimeMillis() cache hit
07-05 21:30:46.354 D/PowerManagerService( 1733): releaseWakeLockInternal: lock=113832109 [NetworkStats], flags=0x0
07-05 21:30:46.354 D/PowerManagerNotifier( 1733): onWakeLockReleased: flags=1, tag="NetworkStats", packageName=android, ownerUid=1000, ownerPid=1733, workSource=null
07-05 21:30:46.355 V/DataSource( 1206): sniff
07-05 21:30:46.355 I/FFmpegExtractor( 1206): android-source:0xb8bfe520
07-05 21:30:46.360 I/FFMPEG  ( 1206): [mov,mp4,m4a,3gp,3g2,mj2 @ 0xbb403400] Format mov,mp4,m4a,3gp,3g2,mj2 probed with size=2048 and score=100
07-05 21:30:46.360 D/MediaHTTPConnection(31381): [Connection@920651249] getSize mTotalSize = 218840697
07-05 21:30:46.361 I/FFMPEG  ( 1206): [mov,mp4,m4a,3gp,3g2,mj2 @ 0xbb403400] ISO: File Type Major Brand: isom
07-05 21:30:46.364 D/PowerManagerService( 1733): setScreenBrightnessOverrideFromWindowManagerInternal done
07-05 21:30:46.366 D/OsdMonitorService( 1733): mCurrentWindow = com.hisense.hicloud.edca/com.hisense.tvui.newhome.HomeMainActivity; newWindow = com.hisense.hicloud.edca/com.hisense.tvui.newhome.HomeMainActivity; isSubWindow = false; isInWinList = false; isExitNow = false
07-05 21:30:46.366 D/OsdMonitorService( 1733): windowNotOsd() : name = com.hisense.hicloud.edca/com.hisense.tvui.newhome.HomeMainActivity
07-05 21:30:46.366 I/OsdMonitorService( 1733): setOsdStatus() : status will change from true to true
07-05 21:30:46.380 I/MyFragmentStateAdapter(31381): getCount
07-05 21:30:46.407 I/MyFragmentStateAdapter(31381): getCount
07-05 21:30:46.432 I/MyFragmentStateAdapter(31381): getCount
07-05 21:30:46.454 I/MyFragmentStateAdapter(31381): getCount
07-05 21:30:46.457 D/FFmpegExtractor( 1206): FFmpegExtrator, url: android-source:0xb8bfe520, format_name: mov,mp4,m4a,3gp,3g2,mj2, format_long_name: QuickTime / MOV
07-05 21:30:46.457 D/FFmpegExtractor( 1206): suppoted codec(h264) by official Stagefright
07-05 21:30:46.457 D/FFmpegExtractor( 1206): suppoted codec(aac) by official Stagefright
07-05 21:30:46.459 I/FFMPEG  ( 1206): [AVIOContext @ 0xb8bfe5c0] Statistics: 426780 bytes read, 0 seeks
07-05 21:30:46.459 D/FFmpegExtractor( 1206): ffmpeg detected media content as 'video/mp4' with confidence 0.08
07-05 21:30:46.480 I/MyFragmentStateAdapter(31381): getCount
07-05 21:30:46.501 I/MyFragmentStateAdapter(31381): getCount
07-05 21:30:46.526 I/MyFragmentStateAdapter(31381): getCount
07-05 21:30:46.587 D/Carousel-SimpleVideoView(31381): speedKB=1988
07-05 21:30:46.587 D/Carousel-SimpleVideoView(31381): msg.arg1=1
07-05 21:30:46.594 I/MyFragmentStateAdapter(31381): getCount
07-05 21:30:46.620 I/MyFragmentStateAdapter(31381): getCount
07-05 21:30:46.660 V/MediaExtractor( 1206): MediaExtractor::Create mime:video/mp4 ---- Enter
07-05 21:30:46.660 V/MediaExtractor( 1206): maomao::MediaExtractor::Create mime:isCts is 0
07-05 21:30:46.662 I/FFMPEG  ( 1206): [mov,mp4,m4a,3gp,3g2,mj2 @ 0xbb403400] Format mov,mp4,m4a,3gp,3g2,mj2 probed with size=2048 and score=100
07-05 21:30:46.662 I/FFMPEG  ( 1206): [mov,mp4,m4a,3gp,3g2,mj2 @ 0xbb403400] ISO: File Type Major Brand: isom
07-05 21:30:46.685 I/FFMPEG  ( 1206): [mov,mp4,m4a,3gp,3g2,mj2 @ 0xbb403400] orig_nb_streams(2)
07-05 21:30:46.685 I/FFMPEG  ( 1206): [mov,mp4,m4a,3gp,3g2,mj2 @ 0xbb403400] Before avformat_find_stream_info() pos: 413026 bytes read:426780 seeks:0
07-05 21:30:46.687 I/FFMPEG  ( 1206): [NULL @ 0xf34df400] [Eval @ 0xf1104eec] Undefined constant or missing '(' in ''
07-05 21:30:46.687 I/FFMPEG  ( 1206): [NULL @ 0xf34df400] Unable to parse option value ""
07-05 21:30:46.687 I/FFMPEG  ( 1206): [NULL @ 0xf34df400] Error setting option debug to value .
07-05 21:30:46.687 I/FFMPEG  ( 1206): [mov,mp4,m4a,3gp,3g2,mj2 @ 0xbb403400] Failed to open codec in av_find_stream_info
07-05 21:30:46.687 I/FFMPEG  ( 1206): [NULL @ 0xf34e0000] [Eval @ 0xf1104eec] Undefined constant or missing '(' in ''
07-05 21:30:46.687 I/FFMPEG  ( 1206): [NULL @ 0xf34e0000] Unable to parse option value ""
07-05 21:30:46.687 I/FFMPEG  ( 1206): [NULL @ 0xf34e0000] Error setting option debug to value .
07-05 21:30:46.687 I/FFMPEG  ( 1206): [mov,mp4,m4a,3gp,3g2,mj2 @ 0xbb403400] Failed to open codec in av_find_stream_info
07-05 21:30:46.688 I/FFMPEG  ( 1206): [NULL @ 0xf34df400] try_decode_frame, i= 0, pkt->stream_index = 0
07-05 21:30:46.699 I/FFMPEG  ( 1206): [h264 @ 0xf34df400] no picture 
07-05 21:30:46.707 I/TVMW@HsTvSetting( 1234): Trace cmd, data = 0x1058
07-05 21:30:46.708 D/til@system( 2026): til_get_system_param option:100002F int:0, bool:0, ret:0
07-05 21:30:46.709 I/TVMW@HsTvSetting( 1234): Trace cmd, data = 0x101f
07-05 21:30:46.709 D/til@system( 2026): til_get_system_param option:100001D int:3, bool:3, ret:0
07-05 21:30:46.709 E/til     ( 2026): [til_get_current_input_source, 101] 
07-05 21:30:46.709 I/TVMW@HsTvSetting( 1234): Trace cmd, data = 0x7007
07-05 21:30:46.709 I/tilwrapper@sm( 2026): HS2TIL_SourceType *hs=0xd, *til=0x900
07-05 21:30:46.709 D/til     ( 2026): get current source 2304
07-05 21:30:46.709 D/SourceRemoteServiceHandler( 2026): getCurrentInputSource.from.til.result is 0, value is 2304
07-05 21:30:46.709 D/SourceRemoteServiceHandler( 2026): getInputSourceType source: 0x900, type=2304
07-05 21:30:46.710 D/til     ( 2026): ###### func:til_get_picture_param option:0x3000006 ######  
07-05 21:30:46.710 I/TVMW@HsTvSetting( 1234): Trace cmd, data = 0x1003
07-05 21:30:46.710 I/TVMW@HsTvSetting( 1234): Trace cmd, data = 0x8032
07-05 21:30:46.710 I/hstvos  ( 1216): [0m[1;33m[HSHAL][HS_VIDEO][HS_HAL_Video_SetOsdDetect_v2][2389]u16Threshold = 20
07-05 21:30:46.712 I/MiSysSrv( 1214): Not support now! 42, change to mm_video!!!
07-05 21:30:46.712 E/TVMW@videoctrl( 1234):  getOsd is 1
07-05 21:30:46.712 D/til@system( 2026): til_get_system_param option:1000027 int:1, bool:1, ret:0
07-05 21:30:46.712 D/til     ( 2026): ###### func:til_get_picture_param option:0x3000045 ######  
07-05 21:30:46.713 I/TVMW@HsTvSetting( 1234): Trace cmd, data = 0x300c
07-05 21:30:46.713 I/TVMW@HsTvSetting( 1234): Trace 3d, data = 0x300c
07-05 21:30:46.713 I/TVMW@3d ( 1234): Hs_debug3d_trace: func:get3dStatus, line:109
07-05 21:30:46.720 D/OkHttp  (31381): <-- 200 OK http://picture.edu.hismarttv.com/images/20170629/%E5%AE%A2%E5%8E%85%E7%87%83%E8%84%82%E5%A5%B3%E7%8E%8B20170207081137502012.jpg (2643ms)
07-05 21:30:46.720 D/OkHttp  (31381): Date: Mon, 03 Jul 2017 10:50:27 GMT
07-05 21:30:46.720 D/OkHttp  (31381): Server: nginx
07-05 21:30:46.720 D/OkHttp  (31381): Content-Type: image/jpeg
07-05 21:30:46.720 D/OkHttp  (31381): Content-Length: 107115
07-05 21:30:46.720 D/OkHttp  (31381): Last-Modified: Fri, 09 Jun 2017 14:40:58 GMT
07-05 21:30:46.720 D/OkHttp  (31381): ETag: "593ab37a-1a26b"
07-05 21:30:46.720 D/OkHttp  (31381): Accept-Ranges: bytes
07-05 21:30:46.720 D/OkHttp  (31381): Age: 182419
07-05 21:30:46.720 D/OkHttp  (31381): Via: 1.1 shzh52:3 (Cdn Cache Server V2.0)[44 200 0], 1.1 changwtong71:7 (Cdn Cache Server V2.0)[2623 200 0]
07-05 21:30:46.723 D/OkHttp  (31381): Connection: keep-alive
07-05 21:30:46.724 D/OkHttp  (31381): <-- END HTTP
07-05 21:30:46.724 I/TVMW@devctrl( 1234): wdt
07-05 21:30:46.736 D/HttpHandler(31381): RetryIntercepter-->retryNum=0
07-05 21:30:46.736 D/HttpHandler(31381): RetryIntercepter-->backoffmutiplier=0
07-05 21:30:46.805 I/FFMPEG  ( 1206): [mov,mp4,m4a,3gp,3g2,mj2 @ 0xbb403400] i(1) > pkt->stream_index(0),conitnue
07-05 21:30:46.805 I/FFMPEG  ( 1206): [NULL @ 0xf34e0000] try_decode_frame, i= 1, pkt->stream_index = 1
07-05 21:30:46.812 I/FFMPEG  ( 1206): [aac @ 0xf34e0000] skip whole frame, skip left: 0
07-05 21:30:46.816 I/FFMPEG  ( 1206): [mov,mp4,m4a,3gp,3g2,mj2 @ 0xbb403400] After avformat_find_stream_info() pos: 473274 bytes read:492316 seeks:0 frames:3
07-05 21:30:46.816 I/FFmpegExtractor( 1206): the duration is 00:08:58.08
07-05 21:30:46.816 I/FFmpegExtractor( 1206): streamIndex: 0 ,stream_index 0
07-05 21:30:46.816 D/FFmpegExtractor( 1206): is_codec_supported codec_id is 28
07-05 21:30:46.816 D/FFmpegExtractor( 1206): setVideoFormat avctx->codec_id is 28
07-05 21:30:46.816 V/codec_utils( 1206): AVC
07-05 21:30:46.816 I/FFmpegExtractor( 1206): the time is 00:08:58.08
07-05 21:30:46.816 I/FFmpegExtractor( 1206): streamIndex: 1 ,stream_index 1
07-05 21:30:46.816 D/FFmpegExtractor( 1206): is_codec_supported codec_id is 86018
07-05 21:30:46.816 V/codec_utils( 1206): AAC
07-05 21:30:46.816 V/codec_utils( 1206): aac profile: 1, sf_index: 4, channel: 2
07-05 21:30:46.816 I/FFmpegExtractor( 1206): bit_rate: 55687, sample_rate: 44100, channels: 2, bits_per_coded_sample: 16, block_align:0
07-05 21:30:46.816 I/FFmpegExtractor( 1206): the time is 00:08:58.00
07-05 21:30:46.816 D/FFmpegExtractor( 1206): Reader thread started
07-05 21:30:46.816 D/FFmpegExtractor( 1206): supported mime: video/mp4
07-05 21:30:46.816 W/avc_utils( 1206): [3D detect]It is not SEI Nal
07-05 21:30:46.816 W/avc_utils( 1206): [3D detect]It is not SEI Nal
07-05 21:30:46.817 W/avc_utils( 1206): [3D detect]It is not SEI Nal
07-05 21:30:46.841 I/MyFragmentStateAdapter(31381): getCount
07-05 21:30:46.841 I/MyFragmentStateAdapter(31381): getCount
07-05 21:30:46.841 I/MyFragmentStateAdapter(31381): getCount
07-05 21:30:46.841 I/MyFragmentStateAdapter(31381): getCount
07-05 21:30:46.846 I/MyFragmentStateAdapter(31381): getCount
07-05 21:30:46.883 D/MC_MEMORY(16055): max: 256.261888 Mb, heap: 10.10784 Mb, allocated: 9.9376 Mb, free: 1.1407 Mb, native heap: 12.12276 Mb, native allocated: 8.8355 Mb, native free: 3.3921 Mb
07-05 21:30:46.887 D/DtvSourcePlugin-DVBC(15961): Setting the EPG Updater state to: WAIT
07-05 21:30:46.895 I/NuCachedSource2( 1206): new range: offset= 218840569
07-05 21:30:46.895 I/NuCachedSource2( 1206): seekInternal_l ---- totalSize: 1703936
07-05 21:30:46.896 D/MediaHTTPConnection(31381): offset = 218840569, mCurrentOffset = 1703936
07-05 21:30:46.896 D/MediaHTTPConnection(31381): seekTo 218840569
07-05 21:30:46.896 D/MediaHTTPConnection(31381): teardownConnection
07-05 21:30:46.998 D/MediaHTTPConnection(31381): close inputstream
07-05 21:30:47.000 D/MediaHTTPConnection(31381): hitting http://118.212.138.160/jhxvideo-ws.video-tx.com/rendition/201705/205989353451683841/205989353451684353/bb/243216185158536196/243216215223308548/r243216215223308548-3200k-1920x1080.mp4?wsSecret=17d4b4174976d8fc753b505daf3e6493&wsTime=595cea04&wsiphost=local
07-05 21:30:47.079 D/MediaHTTPConnection(31381): [Connection@266211373] response.heeader.null = HTTP/1.1 206 Partial Content
07-05 21:30:47.079 D/MediaHTTPConnection(31381): [Connection@266211373] response.heeader.Accept-Ranges = bytes
07-05 21:30:47.079 D/MediaHTTPConnection(31381): [Connection@266211373] response.heeader.Age = 2164816
07-05 21:30:47.079 D/MediaHTTPConnection(31381): [Connection@266211373] response.heeader.Cache-Control = max-age=5184000
07-05 21:30:47.079 D/MediaHTTPConnection(31381): [Connection@266211373] response.heeader.Connection = keep-alive
07-05 21:30:47.079 D/MediaHTTPConnection(31381): [Connection@266211373] response.heeader.Content-Length = 128
07-05 21:30:47.079 D/MediaHTTPConnection(31381): [Connection@266211373] response.heeader.Content-MD5 = b0d2FgZ34VxS2J9TYuIjgA==
07-05 21:30:47.079 D/MediaHTTPConnection(31381): [Connection@266211373] response.heeader.Content-Range = bytes 218840569-218840696/218840697
07-05 21:30:47.079 D/MediaHTTPConnection(31381): [Connection@266211373] response.heeader.Content-Type = application/octet-stream
07-05 21:30:47.079 D/MediaHTTPConnection(31381): [Connection@266211373] response.heeader.Date = Sat, 10 Jun 2017 12:11:49 GMT
07-05 21:30:47.079 D/MediaHTTPConnection(31381): [Connection@266211373] response.heeader.ETag = "6F4776160677E15C52D89F5362E22380"
07-05 21:30:47.079 D/MediaHTTPConnection(31381): [Connection@266211373] response.heeader.Last-Modified = Mon, 08 May 2017 17:24:17 GMT
07-05 21:30:47.079 D/MediaHTTPConnection(31381): [Connection@266211373] response.heeader.Server = nginx/1.2.4
07-05 21:30:47.079 D/MediaHTTPConnection(31381): [Connection@266211373] response.heeader.Via = 1.1 chshx150:7 (Cdn Cache Server V2.0)[0 200 0], 1.1 sdbz31:0 (Cdn Cache Server V2.0)[26 200 0], 1.1 tongxiazai20:3 (Cdn Cache Server V2.0)[0 200 0]
07-05 21:30:47.079 D/MediaHTTPConnection(31381): [Connection@266211373] response.heeader.X-Android-Received-Millis = 1499261447078
07-05 21:30:47.079 D/MediaHTTPConnection(31381): [Connection@266211373] response.heeader.X-Android-Response-Source = NETWORK 206
07-05 21:30:47.079 D/MediaHTTPConnection(31381): [Connection@266211373] response.heeader.X-Android-Sent-Millis = 1499261447037
07-05 21:30:47.079 D/MediaHTTPConnection(31381): [Connection@266211373] response.heeader.x-oss-hash-crc64ecma = 10858506031335928878
07-05 21:30:47.080 D/MediaHTTPConnection(31381): [Connection@266211373] response.heeader.x-oss-object-type = Normal
07-05 21:30:47.080 D/MediaHTTPConnection(31381): [Connection@266211373] response.heeader.x-oss-request-id = 591D64783FEA2FF75DF4AA6E
07-05 21:30:47.080 D/MediaHTTPConnection(31381): [Connection@266211373] response.heeader.x-oss-server-time = 46
07-05 21:30:47.080 D/MediaHTTPConnection(31381): [Connection@266211373] response.heeader.x-oss-storage-class = Standard
07-05 21:30:47.094 D/Carousel-SimpleVideoView(31381): speedKB=2269
07-05 21:30:47.094 D/Carousel-SimpleVideoView(31381): msg.arg1=1
07-05 21:30:47.104 I/NuCachedSource2( 1206): caching reached eos.
07-05 21:30:47.104 V/NuPlayer( 1206): Video input format 1920 x 1080
07-05 21:30:47.104 V/NuPlayer( 1206): updateVideoSize::rotationDegrees=0
07-05 21:30:47.104 W/avc_utils( 1206): [3D detect]It is not SEI Nal
07-05 21:30:47.104 E/NuPlayerDriver( 1206): notifyDuration (538083333)
07-05 21:30:47.104 W/avc_utils( 1206): [3D detect]It is not SEI Nal
07-05 21:30:47.104 W/avc_utils( 1206): [3D detect]It is not SEI Nal
07-05 21:30:47.118 I/NuCachedSource2( 1206): new range: offset= 1703936
07-05 21:30:47.118 I/NuCachedSource2( 1206): seekInternal_l ---- totalSize: 1704064
07-05 21:30:47.118 V/MediaPlayer-JNI(31381): getVideoWidth: 1920
07-05 21:30:47.118 V/MediaPlayer-JNI(31381): getVideoHeight: 1080
07-05 21:30:47.120 E/MediaPlayer(31381): Should have subtitle controller already set
07-05 21:30:47.121 V/MediaPlayer-JNI(31381): getVideoWidth: 1920
07-05 21:30:47.121 V/MediaPlayer-JNI(31381): getVideoHeight: 1080
07-05 21:30:47.125 I/Carousel-UrlVideoView(31381): onMeasure(MeasureSpec: EXACTLY 816, MeasureSpec: EXACTLY 460)
07-05 21:30:47.125 D/Carousel-UrlVideoView(31381): widthSpecMode=1073741824
07-05 21:30:47.125 D/Carousel-UrlVideoView(31381): heightSpecMode=1073741824
07-05 21:30:47.125 D/Carousel-UrlVideoView(31381): widthSpecSize=816
07-05 21:30:47.125 D/Carousel-UrlVideoView(31381): heightSpecSize=460
07-05 21:30:47.125 I/Carousel-UrlVideoView(31381): onMeasure(MeasureSpec: EXACTLY 816, MeasureSpec: EXACTLY 460)
07-05 21:30:47.125 D/Carousel-UrlVideoView(31381): widthSpecMode=1073741824
07-05 21:30:47.125 D/Carousel-UrlVideoView(31381): heightSpecMode=1073741824
07-05 21:30:47.125 D/Carousel-UrlVideoView(31381): widthSpecSize=816
07-05 21:30:47.125 D/Carousel-UrlVideoView(31381): heightSpecSize=460
07-05 21:30:47.125 I/SurfaceView(31381): Changes: creating=false format=false size=true visible=false left=false top=false
07-05 21:30:47.125 I/SurfaceView(31381): Cur surface: Surface(name=null)/@0x37309a80
07-05 21:30:47.128 D/Surface ( 1733): onStatusChange() : mNativeObject = 547942767616 mUseImageHwRender = false
07-05 21:30:47.128 V/Surface ( 1733): nativeSetHardwareRender() : status = 0
07-05 21:30:47.128 V/Surface ( 1733): nativeSetHardwareRender() : end
07-05 21:30:47.135 V/SurfaceView(31381): com.hisense.hitv.carouselwidgit.view.videoview.UrlVideoView{2005ef67 V.E..... ......I. 0,0-816,460} got resized: w=816 h=460, cur w=-1 h=-1
07-05 21:30:47.136 D/PowerManagerService( 1733): setScreenBrightnessOverrideFromWindowManagerInternal done
07-05 21:30:47.139 D/PowerManagerService( 1733): setScreenBrightnessOverrideFromWindowManagerInternal done
07-05 21:30:47.143 D/Surface ( 1733): onStatusChange() : mNativeObject = 0 mUseImageHwRender = false
07-05 21:30:47.144 D/Surface (31381): onStatusChange() : mNativeObject = -195839744 mUseImageHwRender = false
07-05 21:30:47.144 V/Surface (31381): nativeSetHardwareRender() : status = 0
07-05 21:30:47.144 V/Surface (31381): nativeSetHardwareRender() : end
07-05 21:30:47.144 I/SurfaceView(31381): New surface: Surface(name=null)/@0xdc4f8b9, vis=true, frame=Rect(549, 205 - 1365, 665)
07-05 21:30:47.144 D/Surface (31381): onStatusChange() : mNativeObject = 0 mUseImageHwRender = false
07-05 21:30:47.144 D/Surface (31381): onStatusChange() : mNativeObject = -195839744 mUseImageHwRender = false
07-05 21:30:47.144 V/Surface (31381): nativeSetHardwareRender() : status = 0
07-05 21:30:47.144 V/Surface (31381): nativeSetHardwareRender() : end
07-05 21:30:47.144 I/SurfaceView(31381): surfaceChanged -- format=4 w=1920 h=1080
07-05 21:30:47.144 D/Carousel-UrlVideoView(31381): surfaceChanged
07-05 21:30:47.144 D/Carousel-UrlVideoView(31381): isValidState:true,hasValidSize:true
07-05 21:30:47.144 D/Carousel-UrlVideoView(31381): mVideoWidth:1920,mVideoHeight:1080,w:1920,h:1080
07-05 21:30:47.145 D/Carousel-UrlVideoView(31381): ===============>surfaceChanged start
07-05 21:30:47.147 V/MediaPlayer-JNI(31381): start
07-05 21:30:47.148 D/NuPlayerDriver( 1206): start(0xf40ac640)
07-05 21:30:47.149 V/NuPlayer( 1206): kWhatStart
07-05 21:30:47.149 V/NuPlayer( 1206): [NuPlayerRequestResourcesAsync-3121]
07-05 21:30:47.149 V/RMClient( 1206): #191:requestResourceAsync
07-05 21:30:47.149 V/NuPlayer( 1206): [NuPlayerWaitResourcesAllocation-3143]
07-05 21:30:47.149 V/RMClient( 1206): #191:onMessageReceived creq
07-05 21:30:47.149 V/RMClient( 1206): #191:kWhatCmdResourceRequest
07-05 21:30:47.149 V/SurfaceView(31381): Layout: x=549 y=205 w=816 h=460, frame=Rect(0, 0 - 816, 460)
07-05 21:30:47.150 V/RMAllocator( 1198): handleRequest
07-05 21:30:47.150 V/RMClient( 1206): #191:Done
07-05 21:30:47.150 V/RMClient( 1206): #190:~RMClient
07-05 21:30:47.150 V/RMAllocator( 1198): handleRequest new ClientInfo, client=2382853504 id=191
07-05 21:30:47.151 V/RMClient( 1206): #190:RMClient::returnAllResourcesAsync
07-05 21:30:47.151 I/RMAllocator( 1198): ClientInfo this=2382671456, mRMClient=2382853504. id=191
07-05 21:30:47.151 I/NuPlayer( 1206): NuPlayerRMClientListener::~NuPlayerRMClientListener
07-05 21:30:47.151 V/RMClientListener( 1206): ~RMClientListener
07-05 21:30:47.151 V/RMAllocator( 1198): handleRequest new ClientInfo=2382671456, client=2382853504 id=191
07-05 21:30:47.152 D/TVEmuRMService_main( 1198): type =10 , pip=0 
07-05 21:30:47.152 D/TVEmuRMService_main( 1198): pip disable path 
07-05 21:30:47.152 D/TVEmuRMService_main( 1198): type =11 , pip=0 
07-05 21:30:47.152 D/TVEmuRMService_main( 1198): pip disable path 
07-05 21:30:47.152 D/TVEmuRMService_main( 1198): type =12 , pip=0 
07-05 21:30:47.152 D/TVEmuRMService_main( 1198): pip disable path 
07-05 21:30:47.152 D/TVEmuRMService_main( 1198): type =13 , pip=0 
07-05 21:30:47.152 D/TVEmuRMService_main( 1198): pip disable path 
07-05 21:30:47.152 V/RMAllocator( 1198): allocateResources
07-05 21:30:47.152 V/RMAllocator( 1198): allocateOneResource
07-05 21:30:47.152 V/RMAllocator( 1198): allocateOneResource
07-05 21:30:47.152 V/RMClient( 1206): #191:handleRequestDone
07-05 21:30:47.155 V/RMClient( 1206): #191:onMessageReceived ldon
07-05 21:30:47.155 V/RMClient( 1206): #191:kWhatRequestDone
07-05 21:30:47.155 I/NuPlayer( 1206): NuPlayerRMClientListener::handleRequestDone
07-05 21:30:47.155 V/NuPlayer( 1206): [handleRequestDone-3157]
07-05 21:30:47.155 I/NuPlayer( 1206): Resource allocation ok
07-05 21:30:47.155 I/GenericSource( 1206): start
07-05 21:30:47.155 V/RMClient( 1206): #191:Done
07-05 21:30:47.155 W/FFmpegExtractor( 1206): drop the packet with negative timestamp(pts:-1024)
07-05 21:30:47.167 V/AudioPolicyManager( 1206): isOffloadSupported: SR=44100, CM=0x3, Format=0x4000000, StreamType=3, BitRate=55687, duration=538007233 us, has_video=1
07-05 21:30:47.167 V/AudioPolicyManager( 1206): isOffloadSupported: has_video == true, returning false
07-05 21:30:47.171 V/NuPlayer( 1206): scanning sources haveAudio=0, haveVideo=0
07-05 21:30:47.172 I/NuPlayerDecoder( 1206): [onConfigure] Need Extra Frame is No
07-05 21:30:47.173 V/AudioPolicyManager( 1206): isOffloadSupported: SR=44100, CM=0x3, Format=0x4000000, StreamType=3, BitRate=55687, duration=538007233 us, has_video=1
07-05 21:30:47.173 V/AudioPolicyManager( 1206): isOffloadSupported: has_video == true, returning false
07-05 21:30:47.173 V/NuPlayer( 1206): [instantiateDecoder] wait video codec excuting!!!
07-05 21:30:47.173 I/NuPlayerDecoder( 1206): [onConfigure] Need Extra Frame is No
07-05 21:30:47.175 V/SoftOMXPlugin( 1206): makeComponentInstance 'OMX.google.aac.decoder'
07-05 21:30:47.177 D/Surface ( 1733): onStatusChange() : mNativeObject = 547942746112 mUseImageHwRender = false
07-05 21:30:47.177 V/Surface ( 1733): nativeSetHardwareRender() : status = 0
07-05 21:30:47.177 V/Surface ( 1733): nativeSetHardwareRender() : end
07-05 21:30:47.179 D/PowerManagerService( 1733): acquireWakeLockInternal: lock=487931605, flags=0x2000000a, tag="WindowManager", ws=WorkSource{10010}, uid=1000, pid=1733
07-05 21:30:47.180 D/PowerManagerNotifier( 1733): onWakeLockAcquired: flags=536870922, tag="WindowManager", packageName=android, ownerUid=1000, ownerPid=1733, workSource=WorkSource{10010}
07-05 21:30:47.180 D/PowerManagerService( 1733): setScreenBrightnessOverrideFromWindowManagerInternal done
07-05 21:30:47.182 D/Surface ( 1733): onStatusChange() : mNativeObject = 0 mUseImageHwRender = false
07-05 21:30:47.190 V/SoftOMXPlugin( 1206): load component libstagefright_soft_aacdec.so for OMX.google.aac.decoder
07-05 21:30:47.192 I/MS_OMX_CORE( 1206): ComponentName : OMX.MS.AVC.Decoder, version -..
07-05 21:30:47.194 E/OMXNodeInstance( 1206): setConfig(13a:MS.AVC.Decoder, ConfigAutoFramerateConversion(0x6f800001)) ERROR: NotImplemented(0x80001006)
07-05 21:30:47.194 I/ACodec  ( 1206): codec does not support requested auto-frc (err -2147483648)
07-05 21:30:47.194 E/OMXNodeInstance( 1206): getExtensionIndex(13a:MS.AVC.Decoder, OMX.google.android.index.storeMetaDataInBuffers) ERROR: BadParameter(0x80001005)
07-05 21:30:47.194 E/ACodec  ( 1206): [OMX.MS.AVC.Decoder] storeMetaDataInBuffers failed w/ err -2147483648
07-05 21:30:47.196 D/NuPlayer( 1206): rrrr audio decoder executing, canreset set true
07-05 21:30:47.196 D/MS_OMX_VDEC( 1206): Allocate pBuffer[0]: 0xba8fc000
07-05 21:30:47.196 D/MS_OMX_VDEC( 1206): Allocate pBuffer[0]: 0xb9c03000
07-05 21:30:47.196 D/MS_OMX_VDEC( 1206): Allocate pBuffer[0]: 0xd7403000
07-05 21:30:47.196 D/MS_OMX_VDEC( 1206): Allocate pBuffer[0]: 0xf1818000
07-05 21:30:47.196 D/MS_OMX_VDEC( 1206): Allocate pBuffer[0]: 0xbb803000
07-05 21:30:47.197 E/OMXNodeInstance( 1206): setParameter(13a:MS.AVC.Decoder, ParamPortDefinition(0x2000001)) ERROR: BadParameter(0x80001005)
07-05 21:30:47.197 W/ACodec  ( 1206): [OMX.MS.AVC.Decoder] setting nBufferCountActual to 6 failed: -2147483648
07-05 21:30:47.197 E/OMXNodeInstance( 1206): setParameter(13a:MS.AVC.Decoder, ParamPortDefinition(0x2000001)) ERROR: BadParameter(0x80001005)
07-05 21:30:47.197 W/ACodec  ( 1206): [OMX.MS.AVC.Decoder] setting nBufferCountActual to 5 failed: -2147483648
07-05 21:30:47.197 I/SoftAAC2( 1206): Reconfiguring decoder: 0->44100 Hz, 0->2 channels
07-05 21:30:47.197 D/gralloc ( 1204): allocate buffer from ION HEAP 0x1
07-05 21:30:47.197 D/gralloc ( 1204): allocate memory from system heap
07-05 21:30:47.200 D/gralloc ( 1204): allocate buffer from ION HEAP 0x1
07-05 21:30:47.200 D/gralloc ( 1204): allocate memory from system heap
07-05 21:30:47.202 D/NuPlayer( 1206): rrrr audio decoder executing, canreset set true
07-05 21:30:47.206 D/gralloc ( 1204): allocate buffer from ION HEAP 0x1
07-05 21:30:47.206 D/gralloc ( 1204): allocate memory from system heap
07-05 21:30:47.206 D/MediaHTTPConnection(31381): connect: uri=http://jhxvideo-ws.video-tx.com/rendition/201705/205989353451683841/205989353451684353/bb/243216185158536196/243216215223308548/r243216215223308548-3200k-1920x1080.mp4?wsSecret=17d4b4174976d8fc753b505daf3e6493&wsTime=595cea04, headers=User-Agent: stagefright/1.2 (Linux;Android 5.1.1)
07-05 21:30:47.206 D/MediaHTTPConnection(31381): teardownConnection
07-05 21:30:47.206 D/MediaHTTPConnection(31381): close inputstream
07-05 21:30:47.211 D/MediaHTTPConnection(31381): offset = 1703936, mCurrentOffset = -1
07-05 21:30:47.211 D/MediaHTTPConnection(31381): seekTo 1703936
07-05 21:30:47.212 D/MediaHTTPConnection(31381): hitting http://jhxvideo-ws.video-tx.com/rendition/201705/205989353451683841/205989353451684353/bb/243216185158536196/243216215223308548/r243216215223308548-3200k-1920x1080.mp4?wsSecret=17d4b4174976d8fc753b505daf3e6493&wsTime=595cea04
07-05 21:30:47.213 D/gralloc ( 1204): allocate buffer from ION HEAP 0x1
07-05 21:30:47.213 D/gralloc ( 1204): allocate memory from system heap
07-05 21:30:47.214 I/TVMW@HsTvSetting( 1234): Trace cmd, data = 0x1058
07-05 21:30:47.215 I/MSTAR_VDEC_API( 1206): Open Stream State: 11 0 0
07-05 21:30:47.215 I/apiMMAP ( 1206): get_info: E_MMAP_ID_VDEC_SUB_FRAMEBUFFER: not fount
07-05 21:30:47.215 W/MS_LOG  ( 1206): mmapInfo == NULL
07-05 21:30:47.215 I/MSTAR_VDEC_API( 1206): Open Stream Type: 0, pid=1206
07-05 21:30:47.215 I/MSTAR_VDEC_API( 1206): MApi_VDEC_EX_GetFreeStream bResult=1
07-05 21:30:47.215 D/til@system( 2026): til_get_system_param option:100002F int:0, bool:0, ret:0
07-05 21:30:47.215 I/MSTAR_VDEC_API( 1206): no stored streamIds
07-05 21:30:47.215 I/MSTAR_VDEC_API( 1206): no stored streamIds
07-05 21:30:47.215 I/MSTAR_VDEC_API( 1206): add StreamId: 0x4040
07-05 21:30:47.216 I/TVMW@HsTvSetting( 1234): Trace cmd, data = 0x101f
07-05 21:30:47.216 D/til@system( 2026): til_get_system_param option:100001D int:3, bool:3, ret:0
07-05 21:30:47.216 E/til     ( 2026): [til_get_current_input_source, 101] 
07-05 21:30:47.216 I/TVMW@HsTvSetting( 1234): Trace cmd, data = 0x7007
07-05 21:30:47.216 I/tilwrapper@sm( 2026): HS2TIL_SourceType *hs=0xd, *til=0x900
07-05 21:30:47.217 D/til     ( 2026): get current source 2304
07-05 21:30:47.217 D/SourceRemoteServiceHandler( 2026): getCurrentInputSource.from.til.result is 0, value is 2304
07-05 21:30:47.217 D/SourceRemoteServiceHandler( 2026): getInputSourceType source: 0x900, type=2304
07-05 21:30:47.217 D/til     ( 2026): ###### func:til_get_picture_param option:0x3000006 ######  
07-05 21:30:47.217 I/TVMW@HsTvSetting( 1234): Trace cmd, data = 0x1003
07-05 21:30:47.217 D/MSTAR_VDEC_API( 1206): pInitParam->SysConfig.u32CodeBufAddr = 80000000
07-05 21:30:47.217 D/MSTAR_VDEC_API( 1206): pInitParam->SysConfig.u32CodeBufSize = 2097152
07-05 21:30:47.217 D/MSTAR_VDEC_API( 1206): pInitParam->SysConfig.u32FrameBufAddr = 82c00000
07-05 21:30:47.217 D/MSTAR_VDEC_API( 1206): pInitParam->SysConfig.u32FrameBufSize = 167772160
07-05 21:30:47.217 D/MSTAR_VDEC_API( 1206): pInitParam->SysConfig.u32BitstreamBufAddr = 80200000
07-05 21:30:47.217 D/MSTAR_VDEC_API( 1206): pInitParam->SysConfig.u32BitstreamBufSize = 25165824
07-05 21:30:47.217 D/MSTAR_VDEC_API( 1206): pInitParam->SysConfig.u32DrvProcBufAddr = 80200000
07-05 21:30:47.217 D/MSTAR_VDEC_API( 1206): pInitParam->SysConfig.u32DrvProcBufSize = 524288
07-05 21:30:47.217 D/MSTAR_VDEC_API( 1206): FrameRate from demuxer: 0 0, 0 0
07-05 21:30:47.217 D/MSTAR_VDEC_API( 1206): pInitParam->VideoInfo.eTimeStampType = 0x3
07-05 21:30:47.217 I/TVMW@HsTvSetting( 1234): Trace cmd, data = 0x8032
07-05 21:30:47.218 I/hstvos  ( 1216): [0m[1;33m[HSHAL][HS_VIDEO][HS_HAL_Video_SetOsdDetect_v2][2389]u16Threshold = 20
07-05 21:30:47.218 I/MiSysSrv( 1214): Not support now! 42, change to mm_video!!!
07-05 21:30:47.219 E/TVMW@videoctrl( 1234):  getOsd is 1
07-05 21:30:47.219 D/til@system( 2026): til_get_system_param option:1000027 int:1, bool:1, ret:0
07-05 21:30:47.219 D/til     ( 2026): ###### func:til_get_picture_param option:0x3000045 ######  
07-05 21:30:47.220 I/TVMW@HsTvSetting( 1234): Trace cmd, data = 0x300c
07-05 21:30:47.220 I/TVMW@HsTvSetting( 1234): Trace 3d, data = 0x300c
07-05 21:30:47.220 I/TVMW@3d ( 1234): Hs_debug3d_trace: func:get3dStatus, line:109
07-05 21:30:47.224 D/        ( 1206): [VDEC][0] MApi_CMA_Pool_Init[0]: pool_handle_id=13, miu=1, offset=1c00000, length=c400000 , FrameBuffer=82c00000, unUseSize=1000000
07-05 21:30:47.229 I/NetflixMonitorService( 1733): current fgapk : com.hisense.hicloud.edca
07-05 21:30:47.229 I/NetflixMonitorService( 1733): Netflix status unchanged
07-05 21:30:47.239 D/        ( 1206): [VDEC][0] MApi_CMA_Pool_Init[1] Failed
07-05 21:30:47.239 D/        ( 1206): [VDEC][0][CMA]u32FrameBufSize is not 0
07-05 21:30:47.353 D/MediaHTTPConnection(31381): [Connection@440977762] response.heeader.null = HTTP/1.1 206 Partial Content
07-05 21:30:47.353 D/MediaHTTPConnection(31381): [Connection@440977762] response.heeader.Accept-Ranges = bytes
07-05 21:30:47.353 D/MediaHTTPConnection(31381): [Connection@440977762] response.heeader.Age = 2164816
07-05 21:30:47.353 D/MediaHTTPConnection(31381): [Connection@440977762] response.heeader.Cache-Control = max-age=5184000
07-05 21:30:47.353 D/MediaHTTPConnection(31381): [Connection@440977762] response.heeader.Connection = keep-alive
07-05 21:30:47.353 D/MediaHTTPConnection(31381): [Connection@440977762] response.heeader.Content-Length = 217136761
07-05 21:30:47.353 D/MediaHTTPConnection(31381): [Connection@440977762] response.heeader.Content-MD5 = b0d2FgZ34VxS2J9TYuIjgA==
07-05 21:30:47.353 D/MediaHTTPConnection(31381): [Connection@440977762] response.heeader.Content-Range = bytes 1703936-218840696/218840697
07-05 21:30:47.353 D/MediaHTTPConnection(31381): [Connection@440977762] response.heeader.Content-Type = application/octet-stream
07-05 21:30:47.353 D/MediaHTTPConnection(31381): [Connection@440977762] response.heeader.Date = Sat, 10 Jun 2017 12:11:49 GMT
07-05 21:30:47.353 D/MediaHTTPConnection(31381): [Connection@440977762] response.heeader.ETag = "6F4776160677E15C52D89F5362E22380"
07-05 21:30:47.353 D/MediaHTTPConnection(31381): [Connection@440977762] response.heeader.Last-Modified = Mon, 08 May 2017 17:24:17 GMT
07-05 21:30:47.353 D/MediaHTTPConnection(31381): [Connection@440977762] response.heeader.Server = nginx/1.2.4
07-05 21:30:47.353 D/MediaHTTPConnection(31381): [Connection@440977762] response.heeader.Via = 1.1 chshx150:7 (Cdn Cache Server V2.0)[0 200 0], 1.1 sdbz31:0 (Cdn Cache Server V2.0)[26 200 0], 1.1 tongxiazai20:3 (Cdn Cache Server V2.0)[1 200 0]
07-05 21:30:47.353 D/MediaHTTPConnection(31381): [Connection@440977762] response.heeader.X-Android-Received-Millis = 1499261447350
07-05 21:30:47.353 D/MediaHTTPConnection(31381): [Connection@440977762] response.heeader.X-Android-Response-Source = NETWORK 206
07-05 21:30:47.353 D/MediaHTTPConnection(31381): [Connection@440977762] response.heeader.X-Android-Sent-Millis = 1499261447299
07-05 21:30:47.353 D/MediaHTTPConnection(31381): [Connection@440977762] response.heeader.x-oss-hash-crc64ecma = 10858506031335928878
07-05 21:30:47.353 D/MediaHTTPConnection(31381): [Connection@440977762] response.heeader.x-oss-object-type = Normal
07-05 21:30:47.353 D/MediaHTTPConnection(31381): [Connection@440977762] response.heeader.x-oss-request-id = 591D64783FEA2FF75DF4AA6E
07-05 21:30:47.353 D/MediaHTTPConnection(31381): [Connection@440977762] response.heeader.x-oss-server-time = 46
07-05 21:30:47.353 D/MediaHTTPConnection(31381): [Connection@440977762] response.heeader.x-oss-storage-class = Standard
07-05 21:30:47.429 I/NuCachedSource2( 1206): retrying a previously failed read succeeded.
07-05 21:30:47.471 I/MiSysSrv( 1214): [37m[INFO] Change to Voltage: 117 mv (0x32)[m
07-05 21:30:47.490 D/PowerManagerService( 1733): acquireWakeLockInternal: lock=113832109, flags=0x1, tag="NetworkStats", ws=null, uid=1000, pid=1733
07-05 21:30:47.490 D/PowerManagerNotifier( 1733): onWakeLockAcquired: flags=1, tag="NetworkStats", packageName=android, ownerUid=1000, ownerPid=1733, workSource=null
07-05 21:30:47.490 D/NtpTrustedTime( 1733): currentTimeMillis() cache hit
07-05 21:30:47.499 D/NtpTrustedTime( 1733): currentTimeMillis() cache hit
07-05 21:30:47.500 D/NtpTrustedTime( 1733): currentTimeMillis() cache hit
07-05 21:30:47.500 D/NtpTrustedTime( 1733): currentTimeMillis() cache hit
07-05 21:30:47.500 D/PowerManagerService( 1733): releaseWakeLockInternal: lock=113832109 [NetworkStats], flags=0x0
07-05 21:30:47.500 D/PowerManagerNotifier( 1733): onWakeLockReleased: flags=1, tag="NetworkStats", packageName=android, ownerUid=1000, ownerPid=1733, workSource=null
07-05 21:30:47.561 D/        ( 1206): [VDEC][0]MApi_CMA_Pool_GetMem0: alloc_param.pool_handle_id=13, alloc_param.flags=4, alloc_param.offset_in_pool=1000000, alloc_param.length=8200000
07-05 21:30:47.561 E/        ( 1206): [HVD][ERR]MDrv_HVD_EX_PreSetVdecFeature:
07-05 21:30:47.561 E/        ( 1206): MDrv_HVD_EX_PreSetVdecFeature 0x0
07-05 21:30:47.568 D/MSTAR_VDEC_API( 1206): Demuxer Frame Rate = 0 0
07-05 21:30:47.569 I/apiMMAP ( 1206): get_info: E_MMAP_ID_VDEC_FRAMEBUFFER_BALANCE_BW: not fount
07-05 21:30:47.569 W/MS_LOG  ( 1206): mmapInfo == NULL
07-05 21:30:47.570 I/MiSysSrv( 1214): [37m[INFO] Change to Voltage: 112 mv (0x2D)[m
07-05 21:30:47.570 D/NuPlayer( 1206): rrrr video decoder executing, canreset set true
07-05 21:30:47.571 D/NuPlayer( 1206): rrrr video decoder executing, canreset set true
07-05 21:30:47.580 D/MSTAR_VDEC_API( 1206): u32SHMAddr = 0x800cfa00, u8DataOnMIU = 0x1
07-05 21:30:47.580 D/MSTAR_VDEC_API( 1206): u8AspectRate = 0x1, u32AspectWidth = 1920, u32AspectHeight = 1080
07-05 21:30:47.580 D/MSTAR_VDEC_API( 1206): phyVsyncBridgeExtAddr = 0x800d0000, u8DataOnMIU = 0x1, W/H [1920/1088] CROP = [0 0 0 8]
07-05 21:30:47.580 D/MSTAR_VDEC_API( 1206): [0] Free Backup Config Data
07-05 21:30:47.596 D/Carousel-SimpleVideoView(31381): speedKB=1051
07-05 21:30:47.596 D/Carousel-SimpleVideoView(31381): msg.arg1=1
07-05 21:30:47.611 D/MSTAR_VDEC_DBG( 1206): Stream ID: 0, Rate : 0 (E:0,D:0,S:0,F:5) 
07-05 21:30:47.612 V/NuPlayer( 1206): [kWhatVideoNotify] nuplayerdecoder return kWhatVideoSizeChanged
07-05 21:30:47.612 V/NuPlayer( 1206): Video output format changed to 1920 x 1088 (crop: 1920 x 1080 @ (0, 0))
07-05 21:30:47.612 V/NuPlayer( 1206): updateVideoSize::rotationDegrees=0
07-05 21:30:47.614 V/NuPlayer( 1206): media rendering started
07-05 21:30:47.614 E/BufferQueueProducer( 1204): fromProcess: /system/bin/mediaserver
07-05 21:30:47.615 D/vsyncbridge( 1204): vsync_bridge_render_frame: [0]switch not on !
07-05 21:30:47.615 D/vsyncbridge( 1204): Display Path INIT BEGIN
07-05 21:30:47.626 D/hwcomposer( 1204): Overlay[0], bInUsed = 1, bIsForceClose = 0
07-05 21:30:47.626 D/vsyncbridge( 1204): [0] handle_thread thread got msg 0x1, mState = 0
07-05 21:30:47.626 D/vsyncbridge( 1204): Overlay 0 state change from 0 to 1
07-05 21:30:47.626 D/vsyncbridge( 1204): Init Overlay 0
07-05 21:30:47.627 V/RMClient( 1204): #106:RMClient
07-05 21:30:47.627 V/RMClient( 1204): #105:~RMClient
07-05 21:30:47.627 V/RMClient( 1204): #105:RMClient::returnAllResourcesAsync
07-05 21:30:47.627 V/RMClientListener( 1204): ~RMClientListener
07-05 21:30:47.630 V/RMClient( 1204): #106:requestResourceAsync
07-05 21:30:47.630 D/vsyncbridge( 1204): Wrapper_connect IN.
07-05 21:30:47.631 V/RMClient( 1204): #106:onMessageReceived creq
07-05 21:30:47.631 V/RMClient( 1204): #106:kWhatCmdResourceRequest
07-05 21:30:47.637 I/TVMW@devctrl( 1234): wdt
07-05 21:30:47.640 D/hwcomposer( 1204): lastVideoPlanes is dirty
07-05 21:30:47.640 D/hwcomposer( 1204): lastHWWindowInfo is dirty
07-05 21:30:47.641 I/MiSysSrv( 1214): none MI_DBG_LVL_L in PROC_CMD_LINE!
07-05 21:30:47.641 I/MiSysSrv( 1214): none MI_DBG_LVL_H in PROC_CMD_LINE!
07-05 21:30:47.641 I/MiSysSrv( 1214): [1;32m[MI INFO]:_MI_HWCAPS_UpdateVideoCaps[574]: [HWCAPS]:Info: video caps has been updated!
07-05 21:30:47.647 V/RMAllocator( 1198): handleRequest
07-05 21:30:47.647 V/RMAllocator( 1198): handleRequest new ClientInfo, client=2378240320 id=106
07-05 21:30:47.647 I/RMAllocator( 1198): ClientInfo this=2382672032, mRMClient=2378240320. id=106
07-05 21:30:47.647 E/MiDispoutService( 1465): MiDispoutGetHandle, 779, IMPL Handle = 1146028032 
07-05 21:30:47.647 V/RMAllocator( 1198): handleRequest new ClientInfo=2382672032, client=2378240320 id=106
07-05 21:30:47.647 D/TVEmuRMService_main( 1198): type =14 , pip=0 
07-05 21:30:47.647 D/TVEmuRMService_main( 1198): pip disable path 
07-05 21:30:47.648 V/RMAllocator( 1198): allocateResources
07-05 21:30:47.648 V/RMAllocator( 1198): allocateOneResource
07-05 21:30:47.648 I/MiSysSrv( 1214): [0m~~~~> _MI_ATOM_DISPOUT_GetDeviceObject(): [IN]u32DeviceType={0},[IN]u32DeviceId={0}
07-05 21:30:47.648 I/MiSysSrv( 1214): ~~~~> _MI_ATOM_DISPOUT_GetDeviceObject(): [IN]_astDispoutObj[0]={0, 0}
07-05 21:30:47.648 V/RMClient( 1204): #106:handleRequestDone
07-05 21:30:47.648 I/MiVideoService( 1465): impl handle 0x86001b22 opened!
07-05 21:30:47.648 I/MiSysSrv( 1214): [mapi_video_base@Line 1270] Initialize:1270 Video Init : Win Change[0->0], Source Change[42->34]
07-05 21:30:47.649 V/RMClient( 1204): #106:Done
07-05 21:30:47.649 V/RMClient( 1204): #106:onMessageReceived ldon
07-05 21:30:47.649 V/RMClient( 1204): #106:kWhatRequestDone
07-05 21:30:47.649 D/vsyncbridge( 1204): handleRequestDone: mOverlayID = 0, mState = 0x1
07-05 21:30:47.649 V/RMClient( 1204): #106:Done
07-05 21:30:47.651 I/MiSysSrv( 1214): [Hal_SC_mux_dispatch][607]src_port=100, dest_port=1
07-05 21:30:47.659 I/MiSysSrv( 1214): ???????? Warning,The MMAP ID(E_MMAP_ID_XC_MAIN_FB) does not existed.
07-05 21:30:47.659 I/MiSysSrv( 1214): ???????? please add in your mmap or ignore this message.
07-05 21:30:47.659 I/MiSysSrv( 1214): [XC,SetWindow][msAPI_Scaler_Field_Detect, 2051] DTV [XC,SetWindow][msAPI_Scaler_Field_Detect, 2064] -> Progressive
07-05 21:30:47.670 I/MiSysSrv( 1214): [37m[INFO] Change to Voltage: 117 mv (0x32)[m
07-05 21:30:47.671 E/vsyncbridge( 1204): MI_V3D_GetHandle().
07-05 21:30:47.671 D/vsyncbridge( 1204): Sucess to MI_V3D_RegisterCallback(). event flags : 2 
07-05 21:30:47.671 E/vsyncbridge( 1204): Sucess to MI_V3D_RegisterCallback(). event flags : 1 
07-05 21:30:47.671 E/vsyncbridge( 1204): MI_V3D_GetHandle().
07-05 21:30:47.672 D/vsyncbridge( 1204): 3D disable, DS should on.
