07-06 00:09:21.674 I/FirstLineAdapter(22420): canShowTrailer,isOffline=false
07-06 00:09:21.674 I/FirstLineAdapter(22420): onCreateViewHolder viewtype=1
07-06 00:09:21.687 I/FirstLineAdapter(22420): onBindViewHolder 1
07-06 00:09:21.687 D/FirstLineAdapter(22420): setVipPoster ===>url :http://picture.edu.hismarttv.com/images/
07-06 00:09:21.701 D/OkHttp  (22420): <-- 200 OK http://118.178.149.42/d?device_id=86100300900000500000060a4818fca8&host=b5d1d96093f9d07d386917b5d3b91cdcb031311b90271792b45951b69dc9c054dc862a7c9178ba82684e325a98b554b4&last= (402ms)
07-06 00:09:21.701 D/OkHttp  (22420): Server: openresty
07-06 00:09:21.701 D/OkHttp  (22420): Date: Wed, 05 Jul 2017 16:09:21 GMT
07-06 00:09:21.701 D/OkHttp  (22420): Content-Type: application/octet-stream
07-06 00:09:21.701 D/OkHttp  (22420): Transfer-Encoding: chunked
07-06 00:09:21.701 D/OkHttp  (22420): Connection: close
07-06 00:09:21.701 D/OkHttp  (22420): <-- END HTTP
07-06 00:09:21.701 I/FirstLineAdapter(22420): canShowTrailer,isOffline=false
07-06 00:09:21.701 I/FirstLineAdapter(22420): onCreateViewHolder viewtype=2
07-06 00:09:21.702 D/HttpHandler(22420): DNSRetryIntercepter-->checkData=dbbf03a0e59a5c14094df6af108b323ca5b6006a936ef79924f013d2c02414f4bd132d27ca2bdd114ad9c8565b3a50ddd4ad7d438673689bd42829b039703fa24594b51072adde6dc7c6e4a2db247986208bec1c4bab8b05522d100b52a01f7c0cb3565bbef1eb6c57f2d164012e240262a3f7db58ad870ee42870874ea3141f1f9e63974ca916a50eb03e05e04d61f7dba1c81fdc5cc513cb5e0ba2eeb2b13d7edf35c6166e32560b4f79406a51eb5dfcaac4e4b6422350f26f9dd85d96cf145e9dab0f78d0fd759704634720dd5c309786784a83731be37d3df2779d5eb75ac3aca5eeb61cf85bff53d85ef2e98bb0de653ccd4cc0fc154adf380eb94cba3a662569cf896ce38040027cd9efec94a2eb65e3624135581f713c313ab6a21d67c130908237e928b3fd807c5fe6259e7e
07-06 00:09:21.703 I/FirstLineAdapter(22420): onBindViewHolder 2
07-06 00:09:21.704 D/OkHttp  (22420): --> GET http://api.edu.hismarttv.com/usercenter/api/individualize_data?devid=86100300900000500000060a4818fca8&customerId=7195320&subscriberId=13287129&ChannelId=0&tags=&version_id=6&region_name=%E6%9D%AD%E5%B7%9E&uuid=13287129&mac=a8:a6:48:18:fc:a8&model_id=0&APPPackage=com.hisense.hicloud.edca&PFAPPCode=652&APPVersionName=3.0.0.9.00&softwareVersion=LED50MU8600UC0000888&tv_distribute_id=00&devType=0&APIVersion=600&accessToken=72DF6038D2AEAB8A76DFBBBBCC428A4A_002110352192117 http/1.1
07-06 00:09:21.704 D/OkHttp  (22420): Data_Type: JSON
07-06 00:09:21.704 D/OkHttp  (22420): RetryTime: 0
07-06 00:09:21.705 D/OkHttp  (22420): Backoffmutiplier: 0
07-06 00:09:21.705 D/OkHttp  (22420): Host: api.edu.hismarttv.com
07-06 00:09:21.705 D/OkHttp  (22420): Connection: Keep-Alive
07-06 00:09:21.705 D/OkHttp  (22420): Accept-Encoding: gzip
07-06 00:09:21.705 D/OkHttp  (22420): User-Agent: okhttp/3.6.0
07-06 00:09:21.705 D/OkHttp  (22420): --> END GET
07-06 00:09:21.734 D/ADLog   ( 7859): DBManager => result = 1
07-06 00:09:21.734 D/ADLog   ( 7859): ADDaoHandler => getADCodeInfo(String adCode = sys_ssv3)
07-06 00:09:21.734 D/ADLog   ( 7859): DBManager => query(String adCode = sys_ssv3)
07-06 00:09:21.796 D/ADLog   ( 7859): DBManager => ADCodeInfo cursor.getCount() = 1
07-06 00:09:21.796 D/ADLog   ( 7859): DBManager => queryPlayPolicy(adCode = ad_sc, packageName = com.jamdeo.tv.tileanimation)
07-06 00:09:21.835 I/MyItemDecoration(22420): getItemOffsets rect=Rect(0, -17 - 0, 0),pos=1
07-06 00:09:21.837 I/MyItemDecoration(22420): getItemOffsets rect=Rect(0, -15 - 0, 0),pos=2
07-06 00:09:21.837 I/FirstLineAdapter(22420): canShowTrailer,isOffline=false
07-06 00:09:21.837 I/FirstLineAdapter(22420): canShowTrailer,isOffline=false
07-06 00:09:21.837 I/FirstLineAdapter(22420): onCreateViewHolder viewtype=3
07-06 00:09:21.857 D/OkHttp  (22420): Date: Wed, 05 Jul 2017 16:09:21 GMT
07-06 00:09:21.857 D/OkHttp  (22420): Content-Type: application/octet-stream
07-06 00:09:21.857 D/OkHttp  (22420): Transfer-Encoding: chunked
07-06 00:09:21.857 D/OkHttp  (22420): Connection: close
07-06 00:09:21.857 D/OkHttp  (22420): <-- END HTTP
07-06 00:09:21.872 D/DtvSourcePlugin-DVBC( 8758): Setting the EPG Updater state to: WAIT
07-06 00:09:21.891 I/CurrentCarouselView(22420): initView
07-06 00:09:21.917 I/art     (22420): Background partial concurrent mark sweep GC freed 38396(2MB) AllocSpace objects, 2(1330KB) LOS objects, 14% free, 24MB/28MB, paused 8.463ms total 335.821ms
07-06 00:09:21.924 D/HttpHandler(22420): DNSRetryIntercepter-->checkData=dbbf03a0e59a5c14094df6af108b323ca5b6006a936ef79924f013d2c02414f4bd132d27ca2bdd114ad9c8565b3a50ddd4ad7d438673689bd42829b039703fa24594b51072adde6dc7c6e4a2db247986208bec1c4bab8b05522d100b52a01f7c0cb3565bbef1eb6c57f2d164012e240262a3f7db58ad870ee42870874ea3141f1f9e63974ca916a50eb03e05e04d61f7dba1c81fdc5cc513cb5e0ba2eeb2b13dbef0b6f6a081386ed667ce3b07f883983dc6e6b013e55a741555cbc6b8186dfdcc5169e93a1bf1ab85d32aaae0fb95a733373d4fb64d276f7f3fe550a26ca354ab3ebf927fe7e35e928c778c1775399e161e9ab0e176b2eb20781c58bcdaeb778313a05e3bd81073b76f30dd606e5274b8391fc4929a40f530dd7edaf95ed52a427cca57638ba6c51a08bf67b433f71f
07-06 00:09:21.925 D/HttpHandler(22420): DNSHelper-->gslbDnsresult={"timestamp":1499270961,"msg":"","data":{"lbgs.hismarttv.com":{"ips":["118.178.149.42","139.217.11.211"],"ttl":3600},"picture.edu.hismarttv.com":{"ips":["153.35.175.120","125.46.22.134","36.33.158.222","218.58.206.58","123.128.14.209","153.35.175.121","220.202.77.124"],"ttl":300}},"retCode":"0"}
07-06 00:09:21.925 I/System.out(22420):  remove duplicate [118.178.149.42, 139.217.11.211]
07-06 00:09:21.928 D/ADLog   ( 7859): DBManager => ADCodeInfo cursor.getCount() = 1
07-06 00:09:21.929 D/ADLog   ( 7859): DBManager => queryPlayPolicy(adCode = sys_ssv3, packageName = com.jamdeo.screensaver)
07-06 00:09:21.936 D/HttpHandler(22420): DNSHelper-->gslbDnsresult={"timestamp":1499270961,"msg":"","data":{"lbgs.hismarttv.com":{"ips":["118.178.149.42","139.217.11.211"],"ttl":3600},"picture.edu.hismarttv.com":{"ips":["153.35.175.121","220.202.77.124","153.35.175.120","125.46.22.134","36.33.158.222","218.58.206.58","123.128.14.209"],"ttl":300}},"retCode":"0"}
07-06 00:09:21.936 I/System.out(22420):  remove duplicate [118.178.149.42, 139.217.11.211]
07-06 00:09:21.939 E/ADLog   ( 7859): DBManager => query count is 0
07-06 00:09:21.943 D/NativeDecimalFormat(22420): NativeDecimalFormat_close print addr=4098422272
07-06 00:09:21.943 D/NativeDecimalFormat(22420): NativeDecimalFormat_close print g_addr=4098423808
07-06 00:09:21.943 D/NativeDecimalFormat(22420): NativeDecimalFormat_close print addr=4098423808
07-06 00:09:21.943 D/NativeDecimalFormat(22420): NativeDecimalFormat_close print g_addr=4098423808
07-06 00:09:21.944 I/System.out( 8415): encoding=gzip
07-06 00:09:21.944 I/System.out( 8415): gzip=UTF-8
07-06 00:09:21.945 E/ADLog   ( 7859): DBManager => query count is 0
07-06 00:09:21.946 D/ADLog   ( 7859): DBManager => ADCodeInfo [id=4, adCode=sys_ssv3, packageNamecom.jamdeo.screensaver, UpdateStatus=2, defaultAdID=1000000001239, defaultAdURL=http://download.hismarttv.com/epgdata/ImageAD/9000019139817.jpg, defaultAdPath=/data/data/com.hisense.service.ad/files/ad/9000019139817.jpg, defaultAdType=5, owner=hitv, lastUpdateTime=1499242102, lock=java.util.concurrent.locks.ReentrantLock@36d0ed87[Unlocked], adInfos=[]]
07-06 00:09:21.946 I/ADLog   ( 7859): ADServiceHandler => to update sys_ssv3 ad strategy.
07-06 00:09:21.946 D/ADLog   ( 7859): ADDaoHandler => update ADCodeInfo
07-06 00:09:21.946 D/ADLog   ( 7859): DBManager => update(String table = ADCodeInfo, Object obj = ADCodeInfo [id=4, adCode=sys_ssv3, packageNamecom.jamdeo.screensaver, UpdateStatus=1, defaultAdID=1000000001239, defaultAdURL=http://download.hismarttv.com/epgdata/ImageAD/9000019139817.jpg, defaultAdPath=/data/data/com.hisense.service.ad/files/ad/9000019139817.jpg, defaultAdType=5, owner=hitv, lastUpdateTime=1499242102, lock=java.util.concurrent.locks.ReentrantLock@36d0ed87[Unlocked], adInfos=[]])
07-06 00:09:21.946 D/ADLog   ( 7859): DBManager => getValues(String tabName = ADCodeInfo, Object object = ADCodeInfo [id=4, adCode=sys_ssv3, packageNamecom.jamdeo.screensaver, UpdateStatus=1, defaultAdID=1000000001239, defaultAdURL=http://download.hismarttv.com/epgdata/ImageAD/9000019139817.jpg, defaultAdPath=/data/data/com.hisense.service.ad/files/ad/9000019139817.jpg, defaultAdType=5, owner=hitv, lastUpdateTime=1499242102, lock=java.util.concurrent.locks.ReentrantLock@36d0ed87[Unlocked], adInfos=[]])
07-06 00:09:21.946 D/ADLog   ( 7859): CommonUtils => getStringFromList:   [{"id":"8","code":"hitvdef","url":"http:\/\/api.hismarttv.com\/adapi\/getlogopic?type=0&ac=${ADCODE}&pid=${ADPOLICY}&aid=${ADID}&did=${DEVICEID}&t=${TIME}&act=${ACTION}&dt=${DISPLAYTIMES}&tz=${TIMEZONE}&mac=${MAC}"}]
07-06 00:09:21.947 D/ADLog   ( 7859): DBManager => ADCodeInfo [id=3, adCode=ad_sc, packageNamecom.jamdeo.tv.tileanimation, UpdateStatus=1, defaultAdID=1000000002492, defaultAdURL=http://download.hismarttv.com/epgdata/ImageAD/9000019146505.jpg, defaultAdPath=/data/data/com.hisense.service.ad/files/ad/9000019146505.jpg, defaultAdType=5, owner=hitv, lastUpdateTime=1499242101, lock=java.util.concurrent.locks.ReentrantLock@3cbe74b4[Unlocked], adInfos=[]]
07-06 00:09:21.948 E/WebcastSDK-(22420): isImageCacheLimitedStat(),  context.getPackageName = com.hisense.hicloud.edca
07-06 00:09:21.948 E/WebcastSDK-(22420): isImageCacheLimitedStat(),  mIsImageLimited = 1
07-06 00:09:21.949 V/PackageManager( 1733): getPackageInfo com.hisense.service.ad: Package{2fa4b490 com.hisense.service.ad}
07-06 00:09:21.967 E/WebcastSDK-HiCloudSourcePlugin(22420): init(), Webcast App Token is NULL.
07-06 00:09:21.967 E/WebcastSDK-HiCloudSourcePlugin(22420): getHiCloudService(), Webcast App Token is NULL.
07-06 00:09:21.968 D/WebcastSDK-HiCloudSourcePlugin(22420): getContext(): com.hisense.hicloud.edca.BaseApplication@2adbac5c mWebcastManager: null
07-06 00:09:21.972 D/WebcastSDK-WebcastManager(22420): Device license:WASU
07-06 00:09:21.986 E/WebcastSDK-HiCloudSourcePlugin(22420): checkHiCloudFetchCondition(), Webcast App Token is NULL. mToken: null
07-06 00:09:21.986 E/WebcastSDK-HiCloudSourcePlugin(22420): FetchSystemParameterTask(), has no fetch condition, return.
07-06 00:09:21.987 E/WebcastSDK-DataReport(22420): init(), Webcast App Token is NULL.
07-06 00:09:21.987 E/WebcastSDK-DataReport(22420): getHiCloudService(), Webcast App Token is NULL.
07-06 00:09:21.997 I/TVMW@HsTvSetting( 1234): Trace cmd, data = 0x1058
07-06 00:09:21.997 D/til@system( 2026): til_get_system_param option:100002F int:0, bool:0, ret:0
07-06 00:09:21.998 I/TVMW@HsTvSetting( 1234): Trace cmd, data = 0x101f
07-06 00:09:21.998 D/til@system( 2026): til_get_system_param option:100001D int:3, bool:3, ret:0
07-06 00:09:21.998 E/til     ( 2026): [til_get_current_input_source, 101] 
07-06 00:09:21.998 I/TVMW@HsTvSetting( 1234): Trace cmd, data = 0x7007
07-06 00:09:21.998 I/tilwrapper@sm( 2026): HS2TIL_SourceType *hs=0xd, *til=0x900
07-06 00:09:21.998 D/til     ( 2026): get current source 2304
07-06 00:09:21.999 D/SourceRemoteServiceHandler( 2026): getCurrentInputSource.from.til.result is 0, value is 2304
07-06 00:09:21.999 D/SourceRemoteServiceHandler( 2026): getInputSourceType source: 0x900, type=2304
07-06 00:09:21.999 D/til     ( 2026): ###### func:til_get_picture_param option:0x3000006 ######  
07-06 00:09:21.999 I/TVMW@HsTvSetting( 1234): Trace cmd, data = 0x1003
07-06 00:09:21.999 I/TVMW@HsTvSetting( 1234): Trace cmd, data = 0x8032
07-06 00:09:22.000 I/hstvos  ( 1216): [0m[1;33m[HSHAL][HS_VIDEO][HS_HAL_Video_SetOsdDetect_v2][2389]u16Threshold = 20
07-06 00:09:22.000 I/MiSysSrv( 1214): Not support now! 42, change to mm_video!!!
07-06 00:09:22.000 E/TVMW@videoctrl( 1234):  getOsd is 1
07-06 00:09:22.000 D/til@system( 2026): til_get_system_param option:1000027 int:1, bool:1, ret:0
07-06 00:09:22.001 D/til     ( 2026): ###### func:til_get_picture_param option:0x3000045 ######  
07-06 00:09:22.001 I/TVMW@HsTvSetting( 1234): Trace cmd, data = 0x300c
07-06 00:09:22.001 I/TVMW@HsTvSetting( 1234): Trace 3d, data = 0x300c
07-06 00:09:22.001 I/TVMW@3d ( 1234): Hs_debug3d_trace: func:get3dStatus, line:109
07-06 00:09:22.014 D/HttpHandler(22420): DNSHelper-->httpDnsParser=["153.35.175.121","220.202.77.124","153.35.175.120","125.46.22.134","36.33.158.222","218.58.206.58","123.128.14.209"]
07-06 00:09:22.014 I/WebcastSDK-ProgramScheduleDataManager(22420): init(), next time to fetch programSchedules in interval = 1440min.
07-06 00:09:22.015 I/WebcastSDK-HistoryDataManager(22420): HistoryDataManager.init
07-06 00:09:22.040 D/HttpHandler(22420): DNSHelper-->httpDnsParser=["153.35.175.120","125.46.22.134","36.33.158.222","218.58.206.58","123.128.14.209","153.35.175.121","220.202.77.124"]
07-06 00:09:22.054 D/OkHttp  (22420): <-- 200 OK http://api.edu.hismarttv.com/usercenter/api/individualize_data?devid=86100300900000500000060a4818fca8&customerId=7195320&subscriberId=13287129&ChannelId=0&tags=&version_id=6&region_name=%E6%9D%AD%E5%B7%9E&uuid=13287129&mac=a8:a6:48:18:fc:a8&model_id=0&APPPackage=com.hisense.hicloud.edca&PFAPPCode=652&APPVersionName=3.0.0.9.00&softwareVersion=LED50MU8600UC0000888&tv_distribute_id=00&devType=0&APIVersion=600&accessToken=72DF6038D2AEAB8A76DFBBBBCC428A4A_002110352192117 (349ms)
07-06 00:09:22.054 D/OkHttp  (22420): Server: nginx
07-06 00:09:22.054 D/OkHttp  (22420): Date: Wed, 05 Jul 2017 16:09:21 GMT
07-06 00:09:22.054 D/OkHttp  (22420): Content-Type: application/json
07-06 00:09:22.054 D/OkHttp  (22420): Content-Length: 17184
07-06 00:09:22.054 D/OkHttp  (22420): Connection: close
07-06 00:09:22.054 D/OkHttp  (22420): <-- END HTTP
07-06 00:09:22.059 V/PackageManager( 1733): getPackageInfo com.hisense.service.ad: Package{2fa4b490 com.hisense.service.ad}
07-06 00:09:22.102 D/OkHttp  (22420): --> GET http://picture.edu.hismarttv.com/images/20170628111759213347.png http/1.1
07-06 00:09:22.102 D/OkHttp  (22420): Host: picture.edu.hismarttv.com
07-06 00:09:22.102 D/OkHttp  (22420): Connection: Keep-Alive
07-06 00:09:22.102 D/OkHttp  (22420): Accept-Encoding: gzip
07-06 00:09:22.102 D/OkHttp  (22420): User-Agent: okhttp/3.6.0
07-06 00:09:22.102 D/OkHttp  (22420): --> END GET
07-06 00:09:22.115 D/OkHttp  (22420): --> GET http://picture.edu.hismarttv.com/images/20170628115302475663.png http/1.1
07-06 00:09:22.115 D/OkHttp  (22420): Host: picture.edu.hismarttv.com
07-06 00:09:22.115 D/OkHttp  (22420): Connection: Keep-Alive
07-06 00:09:22.115 D/OkHttp  (22420): Accept-Encoding: gzip
07-06 00:09:22.115 D/OkHttp  (22420): User-Agent: okhttp/3.6.0
07-06 00:09:22.115 D/OkHttp  (22420): --> END GET
07-06 00:09:22.162 I/TVMW@devctrl( 1234): wdt
07-06 00:09:22.205 D/OkHttp  (22420): <-- 200 OK http://picture.edu.hismarttv.com/images/20170628111759213347.png (103ms)
07-06 00:09:22.205 D/OkHttp  (22420): Date: Mon, 03 Jul 2017 09:54:51 GMT
07-06 00:09:22.205 D/OkHttp  (22420): Server: nginx
07-06 00:09:22.205 D/OkHttp  (22420): Content-Type: image/png
07-06 00:09:22.205 D/OkHttp  (22420): Content-Length: 2518
07-06 00:09:22.205 D/OkHttp  (22420): Last-Modified: Wed, 28 Jun 2017 11:17:59 GMT
07-06 00:09:22.205 D/OkHttp  (22420): ETag: "59539067-9d6"
07-06 00:09:22.205 D/OkHttp  (22420): Accept-Ranges: bytes
07-06 00:09:22.205 D/OkHttp  (22420): Age: 195271
07-06 00:09:22.205 D/OkHttp  (22420): Via: 1.1 pingwangtong47:3 (Cdn Cache Server V2.0)[0 200 0], 1.1 changwangtong79:3 (Cdn Cache Server V2.0)[0 200 0]
07-06 00:09:22.205 D/OkHttp  (22420): Connection: keep-alive
07-06 00:09:22.205 D/OkHttp  (22420): <-- END HTTP
07-06 00:09:22.213 D/OkHttp  (22420): <-- 200 OK http://picture.edu.hismarttv.com/images/20170628115302475663.png (97ms)
07-06 00:09:22.213 D/OkHttp  (22420): Date: Mon, 03 Jul 2017 11:32:15 GMT
07-06 00:09:22.213 D/OkHttp  (22420): Server: nginx
07-06 00:09:22.213 D/OkHttp  (22420): Content-Type: image/png
07-06 00:09:22.213 D/OkHttp  (22420): Content-Length: 2527
07-06 00:09:22.213 D/OkHttp  (22420): Last-Modified: Wed, 28 Jun 2017 11:53:02 GMT
07-06 00:09:22.213 D/OkHttp  (22420): ETag: "5953989e-9df"
07-06 00:09:22.213 D/OkHttp  (22420): Accept-Ranges: bytes
07-06 00:09:22.213 D/OkHttp  (22420): Age: 189426
07-06 00:09:22.213 D/OkHttp  (22420): Via: 1.1 jn241:2 (Cdn Cache Server V2.0)[0 200 0], 1.1 angtong95:3 (Cdn Cache Server V2.0)[0 200 0]
07-06 00:09:22.213 D/OkHttp  (22420): Connection: keep-alive
07-06 00:09:22.213 D/OkHttp  (22420): <-- END HTTP
07-06 00:09:22.216 D/HttpHandler(22420): RetryIntercepter-->retryNum=0
07-06 00:09:22.216 D/HttpHandler(22420): RetryIntercepter-->backoffmutiplier=0
07-06 00:09:22.218 D/HttpHandler(22420): RetryIntercepter-->retryNum=0
07-06 00:09:22.218 D/HttpHandler(22420): RetryIntercepter-->backoffmutiplier=0
07-06 00:09:22.218 D/HttpHandler(22420): RetryIntercepter-->retryNum=0
07-06 00:09:22.219 D/HttpHandler(22420): RetryIntercepter-->backoffmutiplier=0
07-06 00:09:22.222 D/HttpHandler(22420): VerifySignInterCeptor-->request.url()=http://picture.edu.hismarttv.com/images/20170628111836879100.png
07-06 00:09:22.222 D/HttpHandler(22420): VerifySignInterCeptor-->hostname=picture.edu.hismarttv.com
07-06 00:09:22.223 I/DataDBLite(22420): onCreate
07-06 00:09:22.224 D/HttpHandler(22420): VerifySignInterCeptor-->request.url()=http://picture.edu.hismarttv.com/images/20170628121916725281.png
07-06 00:09:22.225 D/HttpHandler(22420): VerifySignInterCeptor-->hostname=picture.edu.hismarttv.com
07-06 00:09:22.225 D/HttpHandler(22420): VerifySignInterCeptor-->dateType=1
07-06 00:09:22.225 D/HttpHandler(22420): VerifySignInterCeptor-->HttpRequestManager.httpClietOption.getVerifyFlag()=1
07-06 00:09:22.225 D/OkHttp  (22420): --> GET http://picture.edu.hismarttv.com/images/20170628121916725281.png http/1.1
07-06 00:09:22.225 D/OkHttp  (22420): Host: picture.edu.hismarttv.com
07-06 00:09:22.225 D/OkHttp  (22420): Connection: Keep-Alive
07-06 00:09:22.225 D/OkHttp  (22420): Accept-Encoding: gzip
07-06 00:09:22.225 D/OkHttp  (22420): User-Agent: okhttp/3.6.0
07-06 00:09:22.225 D/OkHttp  (22420): --> END GET
07-06 00:09:22.227 D/ADLog   ( 7859): DBManager => result = 1, table : ADCodeInfo
07-06 00:09:22.227 I/ADLog   ( 7859): ADServiceHandler => com.jamdeo.screensaver success to register sys_ssv3 ADCode.
07-06 00:09:22.227 D/ADLog   ( 7859): RegisterADService => ******before refresh(info.getAdCode())ad_on_cv4&*****com.jamdeo.tv.advertisementproxy
07-06 00:09:22.228 D/ADLog   ( 7859): RegisterADService => refresh appad, ^^^^app pkg:com.jamdeo.tv.advertisementproxy  &&&app adcode: ad_on_cv4
07-06 00:09:22.228 D/ADLog   ( 7859): ADServiceHandler => registerADCode(String adCode = ad_on_cv4, String packageName = com.jamdeo.tv.advertisementproxy, int codeType = 1)
07-06 00:09:22.228 D/ADLog   ( 7859): ADServiceHandler => @_@  getADPeriod is 60
07-06 00:09:22.228 D/ADLog   ( 7859): DBManager => query(String adCode = ad_on_cv4, String packageName = com.jamdeo.tv.advertisementproxy)
07-06 00:09:22.230 D/OkHttp  (22420): --> GET http://picture.edu.hismarttv.com/images/20170628111836879100.png http/1.1
07-06 00:09:22.230 D/OkHttp  (22420): Host: picture.edu.hismarttv.com
07-06 00:09:22.230 D/OkHttp  (22420): Connection: Keep-Alive
07-06 00:09:22.230 D/OkHttp  (22420): Accept-Encoding: gzip
07-06 00:09:22.230 D/OkHttp  (22420): User-Agent: okhttp/3.6.0
07-06 00:09:22.230 D/OkHttp  (22420): --> END GET
07-06 00:09:22.231 D/ADLog   ( 7859): DBManager => update(String table = AppADCodeInfo, Object obj = com.hisense.service.ad.bean.AppADCodeInfo@12163c52)
07-06 00:09:22.231 D/ADLog   ( 7859): DBManager => update(AppADCodeInfo info = com.hisense.service.ad.bean.AppADCodeInfo@12163c52)
07-06 00:09:22.231 D/ADLog   ( 7859): DBManager => update appcodeinfo---------------------
07-06 00:09:22.231 D/ADLog   ( 7859): DBManager => getValues(String tabName = AppADCodeInfo, Object object = com.hisense.service.ad.bean.AppADCodeInfo@12163c52)
07-06 00:09:22.239 E/WebcastSDK-HiCloudImageCacheManager(22420): HiCloudImageCacheManager(), isImageCacheLimitedStat = true
07-06 00:09:22.239 I/WebcastSDK-WebcastManager(22420): addListener(), add ICarouselListener com.hisense.webcastSDK.data.hicloud.HiCloudSourcePlugin$2@e2e9506
07-06 00:09:22.239 I/WebcastSDK-WebcastManager(22420): adding listener com.hisense.webcastSDK.data.hicloud.HiCloudSourcePlugin$1@3e177c7
07-06 00:09:22.239 I/WebcastSDK-HiCloudSourcePlugin(22420): addListener(), add INetworkDataListener com.hisense.webcastSDK.data.internal.EPGDataManager$1@468d1f4
07-06 00:09:22.239 I/WebcastSDK-WebcastManager(22420): adding listener com.hisense.webcastSDK.utils.DataReport$1@2751ed1d
07-06 00:09:22.239 D/WebcastSDK-WebcastInternalImpl(22420): init all manager.
07-06 00:09:22.246 D/ADLog   ( 7859): DBManager => result = 1
07-06 00:09:22.246 D/ADLog   ( 7859): ADDaoHandler => getADCodeInfo(String adCode = ad_on_cv4)
07-06 00:09:22.246 D/ADLog   ( 7859): DBManager => query(String adCode = ad_on_cv4)
07-06 00:09:22.247 D/ADLog   ( 7859): DBManager => ADCodeInfo cursor.getCount() = 1
07-06 00:09:22.247 D/ADLog   ( 7859): DBManager => queryPlayPolicy(adCode = ad_on_cv4, packageName = com.jamdeo.tv.advertisementproxy)
07-06 00:09:22.249 D/Carousel-Utils(22420): SCREEN_WIDTH:1920,SCREEN_Height:1080,destity:2.0,smallWidth:818,height:460,listItem w:268,h:226,top:38,bottom:38
07-06 00:09:22.249 D/ADLog   ( 7859): CommonUtils => getListFromString:   
07-06 00:09:22.249 D/ADLog   ( 7859): CommonUtils => getListFromString:   
07-06 00:09:22.249 D/ADLog   ( 7859): CommonUtils => getListFromString:   
07-06 00:09:22.249 D/ADLog   ( 7859): DBManager => load JsonExtras
07-06 00:09:22.249 D/ADLog   ( 7859): ADInfo => setJsonExtras(String jsonExtras = {"ad_on_jump":"{\"startupType\":4,\"startupUrl\":[{\"key\":\"startupType\",\"value\":3,\"type\":\"int\"},{\"key\":\"packageName\",\"value\":\"com.hisense.hicloud.edca\",\"type\":\"String\"}]}"})
07-06 00:09:22.250 D/ADLog   ( 7859): DBManager => ADCodeInfo [id=5, adCode=ad_on_cv4, packageNamecom.jamdeo.tv.advertisementproxy, UpdateStatus=2, defaultAdID=1000000006433, defaultAdURL=http://download.hismarttv.com/epgdata/ImageAD/9000019159462.zip, defaultAdPath=/data/data/com.hisense.service.ad/files/ad/9000019159462.zip, defaultAdType=9, owner=hitv, lastUpdateTime=1499242102, lock=java.util.concurrent.locks.ReentrantLock@3344db23[Unlocked], adInfos=[com.hisense.service.ad.bean.ADInfo@2f282820]]
07-06 00:09:22.251 I/ADLog   ( 7859): ADServiceHandler => to update ad_on_cv4 ad strategy.
07-06 00:09:22.251 D/ADLog   ( 7859): ADDaoHandler => update ADCodeInfo
07-06 00:09:22.251 D/ADLog   ( 7859): DBManager => update(String table = ADCodeInfo, Object obj = ADCodeInfo [id=5, adCode=ad_on_cv4, packageNamecom.jamdeo.tv.advertisementproxy, UpdateStatus=1, defaultAdID=1000000006433, defaultAdURL=http://download.hismarttv.com/epgdata/ImageAD/9000019159462.zip, defaultAdPath=/data/data/com.hisense.service.ad/files/ad/9000019159462.zip, defaultAdType=9, owner=hitv, lastUpdateTime=1499242102, lock=java.util.concurrent.locks.ReentrantLock@3344db23[Unlocked], adInfos=[com.hisense.service.ad.bean.ADInfo@2f282820]])
07-06 00:09:22.251 D/ADLog   ( 7859): DBManager => getValues(String tabName = ADCodeInfo, Object object = ADCodeInfo [id=5, adCode=ad_on_cv4, packageNamecom.jamdeo.tv.advertisementproxy, UpdateStatus=1, defaultAdID=1000000006433, defaultAdURL=http://download.hismarttv.com/epgdata/ImageAD/9000019159462.zip, defaultAdPath=/data/data/com.hisense.service.ad/files/ad/9000019159462.zip, defaultAdType=9, owner=hitv, lastUpdateTime=1499242102, lock=java.util.concurrent.locks.ReentrantLock@3344db23[Unlocked], adInfos=[com.hisense.service.ad.bean.ADInfo@2f282820]])
07-06 00:09:22.251 D/ADLog   ( 7859): CommonUtils => getStringFromList:   [{"id":"8","code":"hitvdef","url":"http:\/\/api.hismarttv.com\/adapi\/getlogopic?type=0&ac=${ADCODE}&pid=${ADPOLICY}&aid=${ADID}&did=${DEVICEID}&t=${TIME}&act=${ACTION}&dt=${DISPLAYTIMES}&tz=${TIMEZONE}&mac=${MAC}"}]
07-06 00:09:22.256 D/OkHttp  (22420): <-- 200 OK http://picture.edu.hismarttv.com/images/20170628111836879100.png (24ms)
07-06 00:09:22.256 D/OkHttp  (22420): Date: Mon, 03 Jul 2017 09:54:08 GMT
07-06 00:09:22.256 D/OkHttp  (22420): Server: nginx
07-06 00:09:22.256 D/OkHttp  (22420): Content-Type: image/png
07-06 00:09:22.256 D/OkHttp  (22420): Content-Length: 2420
07-06 00:09:22.256 D/OkHttp  (22420): Last-Modified: Wed, 28 Jun 2017 11:18:36 GMT
07-06 00:09:22.256 D/OkHttp  (22420): ETag: "5953908c-974"
07-06 00:09:22.256 D/OkHttp  (22420): Accept-Ranges: bytes
07-06 00:09:22.256 D/OkHttp  (22420): Age: 195314
07-06 00:09:22.256 D/OkHttp  (22420): Via: 1.1 hewangtong168:6 (Cdn Cache Server V2.0)[17 200 0], 1.1 chwt81:6 (Cdn Cache Server V2.0)[0 200 0]
07-06 00:09:22.256 D/OkHttp  (22420): Connection: keep-alive
07-06 00:09:22.256 D/OkHttp  (22420): <-- END HTTP
07-06 00:09:22.256 D/HttpHandler(22420): RetryIntercepter-->retryNum=0
07-06 00:09:22.256 D/HttpHandler(22420): RetryIntercepter-->backoffmutiplier=0
07-06 00:09:22.260 D/OkHttp  (22420): <-- 200 OK http://picture.edu.hismarttv.com/images/20170628121916725281.png (26ms)
07-06 00:09:22.260 D/OkHttp  (22420): Date: Wed, 05 Jul 2017 14:19:52 GMT
07-06 00:09:22.260 D/OkHttp  (22420): Server: nginx
07-06 00:09:22.260 D/OkHttp  (22420): Content-Type: image/png
07-06 00:09:22.260 D/OkHttp  (22420): Content-Length: 2555
07-06 00:09:22.260 D/OkHttp  (22420): Last-Modified: Wed, 28 Jun 2017 12:19:16 GMT
07-06 00:09:22.260 D/OkHttp  (22420): ETag: "59539ec4-9fb"
07-06 00:09:22.260 D/OkHttp  (22420): Accept-Ranges: bytes
07-06 00:09:22.260 D/OkHttp  (22420): Age: 6570
07-06 00:09:22.260 D/OkHttp  (22420): Via: 1.1 jn239:1 (Cdn Cache Server V2.0)[16 200 0], 1.1 PSahmaswt2en210:7 (Cdn Cache Server V2.0)[0 200 0]
07-06 00:09:22.260 D/OkHttp  (22420): Connection: keep-alive
07-06 00:09:22.260 D/OkHttp  (22420): <-- END HTTP
07-06 00:09:22.260 D/HttpHandler(22420): RetryIntercepter-->retryNum=0
07-06 00:09:22.261 D/HttpHandler(22420): RetryIntercepter-->backoffmutiplier=0
07-06 00:09:22.265 D/ADLog   ( 7859): ADServiceHandler => postExecute
07-06 00:09:22.268 V/PackageManager( 1733): getPackageInfo com.hisense.service.ad: Package{2fa4b490 com.hisense.service.ad}
07-06 00:09:22.280 D/Carousel-CarouselView(22420): setModel,hascCode=832018257
07-06 00:09:22.282 V/PackageManager( 1733): getPackageInfo com.hisense.service.ad: Package{2fa4b490 com.hisense.service.ad}
07-06 00:09:22.283 D/HttpHandler(22420): VerifySignInterCeptor-->content={"masterViews": [{"navigationId": 10002, "tiles": [{"index": 1, "facets": [{"index": 1, "typeCode": 1002, "grade": null, "title": "\u90d1\u591a\u71d5BodyBall Slim\u5927\u7403\u64cd", "backgroundImages": [{"url": "http://picture.edu.hismarttv.com/images/20161212024038700821.jpg", "mobile_image_icon_url": "http://picture.edu.hismarttv.com/images/20161102023035587534.jpg", "url_horizontal": "http://picture.edu.hismarttv.com/images/20170629033643181276.jpg"}], "id": "38036"}], "width_horizontal": null, "width": null}, {"index": 1, "facets": [{"index": 1, "typeCode": 1002, "grade": null, "title": "\u90d1\u591a\u71d5BodyBall ABS\u6709\u6c27\u64cd", "backgroundImages": [{"url": "http://picture.edu.hismarttv.com/images/20161212022722337765.jpg", "mobile_image_icon_url": "http://picture.edu.hismarttv.com/images/20161102033100773911.jpg", "url_horizontal": "http://picture.edu.hismarttv.com/images/20170629032906301152.jpg"}], "id": "38037"}], "width_horizontal": null, "width": null}, {"index": 1, "facets": [{"index": 1, "typeCode": 1002, "grade": "\u5176\u4ed6", "title": "\u98ce\u5c1a\u5065\u8eab-\u52a8\u611f\u8857\u821e", "backgroundImages": [{"url": null, "mobile_image_icon_url": null, "url_horizontal": "http://picture.edu.hismarttv.com/images/20170629/\u98ce\u5c1a\u5065\u8eab-\u52a8\u611f\u8857\u821e.jpg"}], "id": "8852"}], "width_horizontal": null, "width": null}, {"index": 1, "facets": [{"index": 1, "typeCode": 1002, "grade": null, "title": "\u90d1\u591a\u71d5BodyBall Hip&leg\u57ab\u4e0a\u64cd", "backgroundImages": [{"url": "http://picture.edu.hismarttv.com/images/20161212022759387904.jpg", "mobile_image_icon_url": "http://picture.edu.hismarttv.com/images/20161102032541379768.jpg", "url_horizontal": "http://picture.edu.hismarttv.com/images/20170629033606511137.jpg"}], "id": "38039"}], "width_horizontal": null, "width": null}, {"index": 1, "facets": [{"index": 1, "typeCode": 1002, "grade": null, "title": "\u90d1\u591a\u71d5\u5c0f\u7070\u5e3d\u5065\u8eab\u64cd", "backgroundImages": [{"url": "http://picture.edu.hismarttv.com/images/20161212022539029485.jpg", "mobile_image_icon_url": "http://picture.edu.hismarttv.com/images/20161102021604651091.jpg", "url_horizontal": "http://picture.edu.hismarttv.com/images/20170629/\u90d1\u591a\u71d5\u5c0f\u7070\u5e3d\u5065\u8eab\u64cd.jpg"}], "id": "38033"}], "width_horizontal": null, "width": null}, {"index": 1, "facets": [{"index": 1, "typeCode": 1002, "grade": null, "title": "\u90d1\u591a\u71d5FigureDumb\u54d1\u94c3\u64cd", "backgroundImages": [{"url": "http://picture.edu.hismarttv.com/images/20161212035609771233.jpg", "mobile_image_icon_url": "http://picture.edu.hismarttv.com/images/20161102021824917487.jpg", "url_horizontal": "http://picture.edu.hismarttv.com/images/20170629033936455331.jpg"}], "id": "38034"}], "width_horizontal": null, "width": null}, {"index": 1, "facets": [{"index": 1, "typeCode": 1002, "grade": null, "title": "\u90d1\u591a\u71d5FigureMat\u57ab\u4e0a\u64cd", "backgroundImages": [{"url": "http://picture.edu.hismarttv.com/images/20161212022344417148.jpg", "mobile_image_icon_url": null, "url_horizontal": "http://picture.edu.hismarttv.com/images/20170629033520364415.jpg"}], "id": "38035"}], "width_horizontal": null, "width": null}, {"index": 1, "facets": [{"index": 1, "typeCode": 1002, "grade": null, "title": "\u548c\u5973\u795e\u4e00\u8d77\u5b66\u53e3\u8bed\uff08\u7f51\u7edc\u5267\uff09", "backgroundImages": [{"url": "http://picture.edu.hismarttv.com/images/20170316053549297889.jpg", "mobile_image_icon_url": null, "url_horizontal": null}], "id": "35901"}], "width_horizontal": null, "width": null}, {"index": 1, "facets": [{"index": 1, "typeCode": 1002, "grade": null, "title": "\u770b\u5927\u7247\u5b66\u82f1\u6587\uff08\u7f51\u7edc\u5267\uff09", "backgroundImages": [{"url": "http://picture.edu.hismarttv.com/images/20170316053716559350.jpg", "mobile_image_icon_url": null, "url_horizontal": null}], "id": "35891"}], "width_horizontal": null, "width": null}, {"index": 1, "facets": [{"index": 1, "typeCode": 1002, "
07-06 00:09:22.285 W/linker  (22420): libChinaNetSecret.so: unused DT entry: type 0x6ffffffe arg 0xbf8
07-06 00:09:22.286 W/linker  (22420): libChinaNetSecret.so: unused DT entry: type 0x6fffffff arg 0x1
07-06 00:09:22.286 I/CurrentCarouselView(22420): security: ChinaNetCenterWskeyForJuHaoKan
07-06 00:09:22.286 I/CurrentCarouselView(22420): BaseApplication.sSignStr=3082023B308201A4A00302010202045051BD19300D06092A864886F70D01010505003062310B30090603550406130238363111300F060355040813085368616E646F6E673110300E0603550407130751696E6764616F311F301D060355040A1316486973656E7365206D65646961206E6574776F726B73310D300B0603550403130448695456301E170D3132303931333131303134355A170D3432303930363131303134355A3062310B30090603550406130238363111300F060355040813085368616E646F6E673110300E0603550407130751696E6764616F311F301D060355040A1316486973656E7365206D65646961206E6574776F726B73310D300B060355040313044869545630819F300D06092A864886F70D010101050003818D0030818902818100841C2D9F5F1E0BBB4DF77826A11FEFFB557C22B07892114637C945272821CF6A4CD023F45FC0B0E825EA8839470BE63B95CD5E4B64FF7ECC8A910DB20DBE2A9E8504EC39E7C0E8E74435F745F47D821124744FBF91A2C70CA85DC07D24C53322D8CC33C9EE542E872E44AF0E9E203328A106B31DC3BEC523600DDDA2204C665D0203010001300D06092A864886F70D0101050500038181003AA40C684E7AB45294882A0766EABD8C4BB7C0DFC4DE9ED13E192ECA9370C6B493257129F8DC248335D86877EAB36FBE9A8867E3F034BFD035CEC363073B558AAA6F42838FE0B1BEC3BC90B3E6FEE5D1D78C5CEC7966696D86FC071ED59063FD8E08DECAC8EBD0FB39443415B6725C00B0BACE4A06EF97D76158BF37D36720BB
07-06 00:09:22.286 I/CurrentCarouselView(22420): serverTime=1499270960000
07-06 00:09:22.288 E/WebcastSDK-WebcastManager(22420): setToken(), new Token = 72DF6038D2AEAB8A76DFBBBBCC428A4A_002110352192117
07-06 00:09:22.288 I/WebcastSDK-HiCloudSourcePlugin(22420): notifyAppTokenChanged(), token = 72DF6038D2AEAB8A76DFBBBBCC428A4A_002110352192117
07-06 00:09:22.289 V/PackageManager( 1733): getPackageInfo com.hisense.hicloud.edca: Package{3fb3f3a1 com.hisense.hicloud.edca}
07-06 00:09:22.289 I/WebcastSDK-(22420): getAppVersionCode(), versionCode = 652
07-06 00:09:22.293 I/WebcastSDK-DataReport(22420): notifyAppTokenChanged(), token = 72DF6038D2AEAB8A76DFBBBBCC428A4A_002110352192117
07-06 00:09:22.293 D/ADLog   ( 7859): DBManager => result = 1, table : ADCodeInfo
07-06 00:09:22.293 I/ADLog   ( 7859): ADServiceHandler => com.jamdeo.tv.advertisementproxy success to register ad_on_cv4 ADCode.
07-06 00:09:22.293 D/ADLog   ( 7859): RegisterADService => ******before refresh(info.getAdCode())ad_vm_av3&*****com.jamdeo.tv.resources
07-06 00:09:22.293 D/ADLog   ( 7859): RegisterADService => refresh appad, ^^^^app pkg:com.jamdeo.tv.resources  &&&app adcode: ad_vm_av3
07-06 00:09:22.293 D/ADLog   ( 7859): ADServiceHandler => registerADCode(String adCode = ad_vm_av3, String packageName = com.jamdeo.tv.resources, int codeType = 1)
07-06 00:09:22.294 V/PackageManager( 1733): getPackageInfo com.hisense.hicloud.edca: Package{3fb3f3a1 com.hisense.hicloud.edca}
07-06 00:09:22.294 D/ADLog   ( 7859): ADServiceHandler => @_@  getADPeriod is 60
07-06 00:09:22.294 I/WebcastSDK-(22420): getAppVersionCode(), versionCode = 652
07-06 00:09:22.294 D/ADLog   ( 7859): DBManager => query(String adCode = ad_vm_av3, String packageName = com.jamdeo.tv.resources)
07-06 00:09:22.295 D/Carousel-(22420): setSignonInfo subscriberId:13287129,customerId:7195320
07-06 00:09:22.296 E/WebcastSDK-WebcastManager(22420): setAppServiceDomainList.
07-06 00:09:22.297 V/PackageManager( 1733): getPackageInfo com.hisense.hicloud.edca: Package{3fb3f3a1 com.hisense.hicloud.edca}
07-06 00:09:22.298 I/WebcastSDK-(22420): getAppVersionCode(), versionCode = 652
07-06 00:09:22.300 D/til@system( 2026): til_get_system_param option:1000007 int:-1815632896, bool:0, ret:0
07-06 00:09:22.301 D/til@system( 2026): til_get_system_param option:1000009 int:-1936523008, bool:0, ret:0
07-06 00:09:22.302 D/til@system( 2026): til_get_system_param option:1000008 int:-1936525184, bool:128, ret:0
07-06 00:09:22.302 D/HttpDnsUtils(22420): CEXX-getOperationDetail-productName : LED50MU8600UC
07-06 00:09:22.302 D/HttpDnsUtils(22420): CEXX-getOperationDetail-plmNumber : 88888
07-06 00:09:22.302 D/HttpDnsUtils(22420): CEXX-getOperationDetail-swVersion : V0000.00.01A
07-06 00:09:22.302 D/HttpDnsUtils(22420): CEXX-getOperationDetail-operationDetail : LED50MU8600UC0000888
07-06 00:09:22.303 I/FirstLineAdapter(22420): onBindViewHolder 3
07-06 00:09:22.305 D/HttpHandler(22420): VerifySignInterCeptor-->request.url()=http://picture.edu.hismarttv.com/images/20170628111857828826.png
07-06 00:09:22.305 D/HttpHandler(22420): VerifySignInterCeptor-->hostname=picture.edu.hismarttv.com
07-06 00:09:22.305 D/til@system( 2026): til_get_system_param option:1000007 int:-1936522368, bool:128, ret:0
07-06 00:09:22.306 D/til@system( 2026): til_get_system_param option:1000009 int:-1815633792, bool:128, ret:0
07-06 00:09:22.310 D/til@system( 2026): til_get_system_param option:1000008 int:-1936522112, bool:128, ret:0
07-06 00:09:22.311 D/HttpDnsUtils(22420): CEXX-getOperationDetail-productName : LED50MU8600UC
07-06 00:09:22.311 D/HttpDnsUtils(22420): CEXX-getOperationDetail-plmNumber : 88888
07-06 00:09:22.311 D/HttpDnsUtils(22420): CEXX-getOperationDetail-swVersion : V0000.00.01A
07-06 00:09:22.311 D/HttpDnsUtils(22420): CEXX-getOperationDetail-operationDetail : LED50MU8600UC0000888
07-06 00:09:22.311 I/CurrentCarouselView(22420): setTrailData
07-06 00:09:22.311 I/Util    (22420): memory : total=1912,limit=1024
07-06 00:09:22.311 D/ADLog   ( 7859): DBManager => update(String table = AppADCodeInfo, Object obj = com.hisense.service.ad.bean.AppADCodeInfo@391305d9)
07-06 00:09:22.311 D/ADLog   ( 7859): DBManager => update(AppADCodeInfo info = com.hisense.service.ad.bean.AppADCodeInfo@391305d9)
07-06 00:09:22.311 D/ADLog   ( 7859): DBManager => update appcodeinfo---------------------
07-06 00:09:22.311 D/ADLog   ( 7859): DBManager => getValues(String tabName = AppADCodeInfo, Object object = com.hisense.service.ad.bean.AppADCodeInfo@391305d9)
07-06 00:09:22.312 D/Carousel-CarouselPicVideoListInfo(22420): carouselList: 3
07-06 00:09:22.312 D/Carousel-CarouselView(22420): setData! info=com.hisense.hitv.carouselwidgit.bean.CarouselPicVideoListInfo@3f51e0b7, hascCode=832018257
07-06 00:09:22.312 D/Carousel-CarouselView(22420): showInitPoster.
07-06 00:09:22.312 D/Carousel-CarouselDisplayPlayerLayout(22420): isFullScreen:false
07-06 00:09:22.312 D/Carousel-CarouselView(22420): ACTION_CLEAR_POSTER_AND_PLAY isFullScreen:false
07-06 00:09:22.313 D/Carousel-CarouselView(22420): InitPosterUrl:http://picture.edu.hismarttv.com/images/20170629010146422927.jpg
07-06 00:09:22.313 D/Carousel-Utils(22420): displayImage view=android.widget.ImageView{2cdea024 V.ED.... ......I. 0,0-0,0 #7f0d0029 app:id/imageView1}
07-06 00:09:22.313 D/Carousel-Utils(22420): displayImage url=http://picture.edu.hismarttv.com/images/20170629010146422927.jpg
07-06 00:09:22.318 I/CurrentCarouselView(22420): startPlay
07-06 00:09:22.318 I/CurrentCarouselView(22420): CurrentCarouselView.sHasShopDialog=false
07-06 00:09:22.318 I/CurrentCarouselView(22420): onAttachedToWindow
07-06 00:09:22.319 D/Carousel-CarouselView(22420): onAttachedToWindow.
07-06 00:09:22.319 I/MyItemDecoration(22420): getItemOffsets rect=Rect(-32, -16 - 0, 0),pos=3
07-06 00:09:22.319 D/ADLog   ( 7859): ADDaoHandler => update ADCodeInfo
07-06 00:09:22.320 D/ADLog   ( 7859): DBManager => update(String table = ADCodeInfo, Object obj = ADCodeInfo [id=3, adCode=ad_sc, packageNamecom.jamdeo.tv.tileanimation, UpdateStatus=1, defaultAdID=1000000002492, defaultAdURL=http://download.hismarttv.com/epgdata/ImageAD/9000019146505.jpg, defaultAdPath=/data/data/com.hisense.service.ad/files/ad/9000019146505.jpg, defaultAdType=5, owner=hitv, lastUpdateTime=1499242101, lock=java.util.concurrent.locks.ReentrantLock@3cbe74b4[Locked by thread pool-1-thread-1], adInfos=[]])
07-06 00:09:22.320 D/ADLog   ( 7859): DBManager => getValues(String tabName = ADCodeInfo, Object object = ADCodeInfo [id=3, adCode=ad_sc, packageNamecom.jamdeo.tv.tileanimation, UpdateStatus=1, defaultAdID=1000000002492, defaultAdURL=http://download.hismarttv.com/epgdata/ImageAD/9000019146505.jpg, defaultAdPath=/data/data/com.hisense.service.ad/files/ad/9000019146505.jpg, defaultAdType=5, owner=hitv, lastUpdateTime=1499242101, lock=java.util.concurrent.locks.ReentrantLock@3cbe74b4[Locked by thread pool-1-thread-1], adInfos=[]])
07-06 00:09:22.320 D/ADLog   ( 7859): CommonUtils => getStringFromList:   [{"id":"8","code":"hitvdef","url":"http:\/\/api.hismarttv.com\/adapi\/getlogopic?type=0&ac=${ADCODE}&pid=${ADPOLICY}&aid=${ADID}&did=${DEVICEID}&t=${TIME}&act=${ACTION}&dt=${DISPLAYTIMES}&tz=${TIMEZONE}&mac=${MAC}"}]
07-06 00:09:22.321 D/OkHttp  (22420): --> GET http://picture.edu.hismarttv.com/images/20170628111857828826.png http/1.1
07-06 00:09:22.321 D/OkHttp  (22420): Host: picture.edu.hismarttv.com
07-06 00:09:22.321 D/OkHttp  (22420): Connection: Keep-Alive
07-06 00:09:22.321 D/OkHttp  (22420): Accept-Encoding: gzip
07-06 00:09:22.321 D/OkHttp  (22420): User-Agent: okhttp/3.6.0
07-06 00:09:22.321 D/OkHttp  (22420): --> END GET
07-06 00:09:22.332 D/ADLog   ( 7859): DBManager => result = 1
07-06 00:09:22.332 D/ADLog   ( 7859): ADDaoHandler => getADCodeInfo(String adCode = ad_vm_av3)
07-06 00:09:22.332 D/ADLog   ( 7859): DBManager => query(String adCode = ad_vm_av3)
07-06 00:09:22.334 D/Carousel-CarouselChannelItemView(22420): Listitem imageUrl:http://picture.edu.hismarttv.com/images/20170628102959016598.jpg
07-06 00:09:22.336 D/Carousel-CarouselChannelItemView(22420): Listitem imageUrl:http://picture.edu.hismarttv.com/images/20170628103002814396.jpg
07-06 00:09:22.337 D/Carousel-CarouselChannelItemView(22420): Listitem imageUrl:http://picture.edu.hismarttv.com/images/20170628103009181182.jpg
07-06 00:09:22.339 D/Carousel-CarouselChannelItemView(22420): Listitem imageUrl:http://picture.edu.hismarttv.com/images/20170628102959016598.jpg
07-06 00:09:22.340 D/Carousel-CarouselChannelItemView(22420): Listitem imageUrl:http://picture.edu.hismarttv.com/images/20170628103002814396.jpg
07-06 00:09:22.341 D/Carousel-CarouselChannelItemView(22420): Listitem imageUrl:http://picture.edu.hismarttv.com/images/20170628103009181182.jpg
07-06 00:09:22.342 D/HttpHandler(22420): VerifySignInterCeptor-->request.url()=http://picture.edu.hismarttv.com/images/
07-06 00:09:22.342 D/HttpHandler(22420): VerifySignInterCeptor-->hostname=picture.edu.hismarttv.com
07-06 00:09:22.343 D/Carousel-CarouselChannelItemView(22420): Listitem imageUrl:http://picture.edu.hismarttv.com/images/20170628103002814396.jpg
07-06 00:09:22.343 D/OkHttp  (22420): --> GET http://picture.edu.hismarttv.com/images/ http/1.1
07-06 00:09:22.343 D/OkHttp  (22420): Host: picture.edu.hismarttv.com
07-06 00:09:22.343 D/OkHttp  (22420): Connection: Keep-Alive
07-06 00:09:22.343 D/OkHttp  (22420): Accept-Encoding: gzip
07-06 00:09:22.343 D/OkHttp  (22420): User-Agent: okhttp/3.6.0
07-06 00:09:22.343 D/OkHttp  (22420): --> END GET
07-06 00:09:22.346 D/HttpHandler(22420): VerifySignInterCeptor-->request.url()=http://picture.edu.hismarttv.com/images/20170629010146422927.jpg
07-06 00:09:22.346 D/HttpHandler(22420): VerifySignInterCeptor-->hostname=picture.edu.hismarttv.com
07-06 00:09:22.346 D/Carousel-CarouselChannelItemView(22420): Listitem imageUrl:http://picture.edu.hismarttv.com/images/20170628102959016598.jpg
07-06 00:09:22.347 D/HttpHandler(22420): VerifySignInterCeptor-->request.url()=http://picture.edu.hismarttv.com/images/20170628103002814396.jpg
07-06 00:09:22.347 D/HttpHandler(22420): VerifySignInterCeptor-->hostname=picture.edu.hismarttv.com
07-06 00:09:22.348 D/OkHttp  (22420): --> GET http://picture.edu.hismarttv.com/images/20170629010146422927.jpg http/1.1
07-06 00:09:22.348 D/OkHttp  (22420): Host: picture.edu.hismarttv.com
07-06 00:09:22.348 D/OkHttp  (22420): Connection: Keep-Alive
07-06 00:09:22.348 D/OkHttp  (22420): Accept-Encoding: gzip
07-06 00:09:22.348 D/OkHttp  (22420): User-Agent: okhttp/3.6.0
07-06 00:09:22.348 D/OkHttp  (22420): --> END GET
07-06 00:09:22.348 D/OkHttp  (22420): --> GET http://picture.edu.hismarttv.com/images/20170628103002814396.jpg http/1.1
07-06 00:09:22.348 D/OkHttp  (22420): Host: picture.edu.hismarttv.com
07-06 00:09:22.348 D/OkHttp  (22420): Connection: Keep-Alive
07-06 00:09:22.348 D/OkHttp  (22420): Accept-Encoding: gzip
07-06 00:09:22.348 D/OkHttp  (22420): User-Agent: okhttp/3.6.0
07-06 00:09:22.348 D/OkHttp  (22420): --> END GET
07-06 00:09:22.350 D/Carousel-CarouselChannelItemView(22420): Listitem imageUrl:http://picture.edu.hismarttv.com/images/20170628103009181182.jpg
07-06 00:09:22.351 D/OkHttp  (22420): <-- 200 OK http://picture.edu.hismarttv.com/images/20170628111857828826.png (30ms)
07-06 00:09:22.351 D/OkHttp  (22420): Date: Wed, 05 Jul 2017 14:11:52 GMT
07-06 00:09:22.351 D/OkHttp  (22420): Server: nginx
07-06 00:09:22.351 D/OkHttp  (22420): Content-Type: image/png
07-06 00:09:22.351 D/OkHttp  (22420): Content-Length: 2318
07-06 00:09:22.351 D/OkHttp  (22420): Last-Modified: Wed, 28 Jun 2017 11:18:57 GMT
07-06 00:09:22.351 D/OkHttp  (22420): ETag: "595390a1-90e"
07-06 00:09:22.351 D/OkHttp  (22420): Accept-Ranges: bytes
07-06 00:09:22.352 I/FirstLineAdapter(22420): canShowTrailer,isOffline=false
07-06 00:09:22.352 I/FirstLineAdapter(22420): onCreateViewHolder viewtype=4
07-06 00:09:22.353 D/OkHttp  (22420): Age: 7050
07-06 00:09:22.353 D/OkHttp  (22420): Via: 1.1 pingwangtong52:8 (Cdn Cache Server V2.0)[0 200 0], 1.1 PSahmaswt2vv209:9 (Cdn Cache Server V2.0)[0 200 0]
07-06 00:09:22.353 D/OkHttp  (22420): Connection: keep-alive
07-06 00:09:22.353 D/OkHttp  (22420): <-- END HTTP
07-06 00:09:22.354 D/HttpHandler(22420): RetryIntercepter-->retryNum=0
07-06 00:09:22.354 D/HttpHandler(22420): RetryIntercepter-->backoffmutiplier=0
07-06 00:09:22.362 I/FirstLineAdapter(22420): onBindViewHolder 4
07-06 00:09:22.362 I/FirstLineAdapter(22420): canShowTrailer,isOffline=false
07-06 00:09:22.362 I/FirstLineAdapter(22420): canShowTrailer modify
07-06 00:09:22.362 I/FirstLineAdapter(22420): setMasterData4
07-06 00:09:22.362 I/FirstLineAdapter(22420): set current pos = 0
07-06 00:09:22.362 D/sloven  (22420): 1002---true
07-06 00:09:22.362 D/HttpHandler(22420): VerifySignInterCeptor-->request.url()=http://picture.edu.hismarttv.com/images/20170628102959016598.jpg
07-06 00:09:22.362 I/FirstLineAdapter(22420): canShowTrailer,isOffline=false
07-06 00:09:22.362 D/HttpHandler(22420): VerifySignInterCeptor-->hostname=picture.edu.hismarttv.com
07-06 00:09:22.365 D/OkHttp  (22420): --> GET http://picture.edu.hismarttv.com/images/20170628102959016598.jpg http/1.1
07-06 00:09:22.365 D/OkHttp  (22420): Host: picture.edu.hismarttv.com
07-06 00:09:22.365 D/OkHttp  (22420): Connection: Keep-Alive
07-06 00:09:22.365 D/OkHttp  (22420): Accept-Encoding: gzip
07-06 00:09:22.365 D/OkHttp  (22420): User-Agent: okhttp/3.6.0
07-06 00:09:22.365 D/OkHttp  (22420): --> END GET
07-06 00:09:22.365 I/FirstLineAdapter(22420): canShowTrailer,isOffline=false
07-06 00:09:22.365 I/FirstLineAdapter(22420): onCreateViewHolder viewtype=4
07-06 00:09:22.369 I/FirstLineAdapter(22420): onBindViewHolder 5
07-06 00:09:22.369 I/FirstLineAdapter(22420): canShowTrailer,isOffline=false
07-06 00:09:22.369 I/FirstLineAdapter(22420): canShowTrailer modify
07-06 00:09:22.369 I/FirstLineAdapter(22420): setMasterData5
07-06 00:09:22.369 I/FirstLineAdapter(22420): set current pos = 1
07-06 00:09:22.369 D/sloven  (22420): 2005---false
07-06 00:09:22.369 D/sloven  (22420): 2005
07-06 00:09:22.369 D/OkHttp  (22420): <-- 200 OK http://picture.edu.hismarttv.com/images/20170628103002814396.jpg (20ms)
07-06 00:09:22.370 D/OkHttp  (22420): Date: Mon, 03 Jul 2017 11:02:37 GMT
07-06 00:09:22.370 D/OkHttp  (22420): Server: nginx
07-06 00:09:22.370 D/OkHttp  (22420): Content-Type: image/jpeg
07-06 00:09:22.370 D/OkHttp  (22420): Content-Length: 54264
07-06 00:09:22.370 D/OkHttp  (22420): Last-Modified: Wed, 28 Jun 2017 10:30:02 GMT
07-06 00:09:22.370 D/OkHttp  (22420): ETag: "5953852a-d3f8"
07-06 00:09:22.370 D/OkHttp  (22420): Accept-Ranges: bytes
07-06 00:09:22.370 D/OkHttp  (22420): Age: 191205
07-06 00:09:22.370 D/OkHttp  (22420): Via: 1.1 chzhwt171:8 (Cdn Cache Server V2.0)[0 200 0], 1.1 t93:5 (Cdn Cache Server V2.0)[0 200 0]
07-06 00:09:22.370 D/OkHttp  (22420): Connection: keep-alive
07-06 00:09:22.370 D/OkHttp  (22420): <-- END HTTP
07-06 00:09:22.373 V/PackageManager( 1733): getPackageInfo com.hisense.hicloud.edca: Package{3fb3f3a1 com.hisense.hicloud.edca}
07-06 00:09:22.376 I/FirstLineAdapter(22420): canShowTrailer,isOffline=false
07-06 00:09:22.376 D/HttpHandler(22420): RetryIntercepter-->retryNum=0
07-06 00:09:22.376 D/HttpHandler(22420): RetryIntercepter-->backoffmutiplier=0
07-06 00:09:22.376 I/MyItemDecoration(22420): getItemOffsets rect=Rect(-32, 0 - 0, 0),pos=4
07-06 00:09:22.377 D/OkHttp  (22420): <-- 200 OK http://picture.edu.hismarttv.com/images/20170629010146422927.jpg (28ms)
07-06 00:09:22.377 D/OkHttp  (22420): Date: Mon, 03 Jul 2017 09:54:51 GMT
07-06 00:09:22.377 D/OkHttp  (22420): Server: nginx
07-06 00:09:22.377 D/OkHttp  (22420): Content-Type: image/jpeg
07-06 00:09:22.377 D/OkHttp  (22420): Content-Length: 145373
07-06 00:09:22.377 D/OkHttp  (22420): Last-Modified: Thu, 29 Jun 2017 01:01:46 GMT
07-06 00:09:22.377 D/OkHttp  (22420): ETag: "5954517a-237dd"
07-06 00:09:22.377 D/OkHttp  (22420): Accept-Ranges: bytes
07-06 00:09:22.377 D/OkHttp  (22420): Age: 195271
07-06 00:09:22.378 D/OkHttp  (22420): Via: 1.1 shzh54:1 (Cdn Cache Server V2.0)[12 200 0], 1.1 chwt81:8 (Cdn Cache Server V2.0)[0 200 0]
07-06 00:09:22.378 D/OkHttp  (22420): Connection: keep-alive
07-06 00:09:22.378 D/OkHttp  (22420): <-- END HTTP
07-06 00:09:22.378 D/HttpHandler(22420): RetryIntercepter-->retryNum=0
07-06 00:09:22.378 D/HttpHandler(22420): RetryIntercepter-->backoffmutiplier=0
07-06 00:09:22.379 I/MyItemDecoration(22420): getItemOffsets rect=Rect(-32, -5 - 0, 0),pos=5
07-06 00:09:22.380 D/Carousel-CarouselView(22420): smoothScroll.
07-06 00:09:22.380 D/Carousel-CarouselDisplayPlayerLayout(22420): isFullScreen:false
07-06 00:09:22.380 D/Carousel-CarouselView(22420): smoothScroll isOtherInstance return.
07-06 00:09:22.380 I/ContentBridgeAdapterListener(22420): onAddPresenter 2
07-06 00:09:22.390 D/OkHttp  (22420): <-- 200 OK http://picture.edu.hismarttv.com/images/20170628102959016598.jpg (25ms)
07-06 00:09:22.390 D/OkHttp  (22420): Date: Wed, 05 Jul 2017 14:31:56 GMT
07-06 00:09:22.390 D/OkHttp  (22420): Server: nginx
07-06 00:09:22.390 D/OkHttp  (22420): Content-Type: image/jpeg
07-06 00:09:22.390 D/OkHttp  (22420): Content-Length: 40292
07-06 00:09:22.390 D/OkHttp  (22420): Last-Modified: Wed, 28 Jun 2017 10:29:59 GMT
07-06 00:09:22.390 D/OkHttp  (22420): ETag: "59538527-9d64"
07-06 00:09:22.390 D/OkHttp  (22420): Accept-Ranges: bytes
07-06 00:09:22.390 D/OkHttp  (22420): Age: 5846
07-06 00:09:22.390 D/OkHttp  (22420): Via: 1.1 chzhwt171:6 (Cdn Cache Server V2.0)[0 200 0], 1.1 PSahmaswt2ak213:8 (Cdn Cache Server V2.0)[0 200 0]
07-06 00:09:22.390 D/OkHttp  (22420): Connection: keep-alive
07-06 00:09:22.390 D/OkHttp  (22420): <-- END HTTP
