07-05 21:47:44.950 D/Carousel-CarouselView( 8797): ============>onScrollChanged hashCode:1062330551
07-05 21:47:44.954 D/OkHttp  ( 8797): <-- 200 OK http://api.edu.hismarttv.com/payment/api/query/user_type/dialog_info?orderType=0&uuid=13287129&mac=a8:a6:48:18:fc:a8&devid=86100300900000500000060a4818fca8&version=00.002.003&subscriberId=13287129&customerId=7195320&model_id=0&APPPackage=com.hisense.hicloud.edca&PFAPPCode=652&APPVersionName=3.0.0.9.00&ChannelId=0&softwareVersion=LED50MU8600UC0000888&tv_distribute_id=00&devType=0&APIVersion=600&accessToken=72DF6038D2AEAB8A76DFBBBBCC428A4A_002202626749392 (67ms)
07-05 21:47:44.954 D/OkHttp  ( 8797): Server: nginx
07-05 21:47:44.954 D/OkHttp  ( 8797): Date: Wed, 05 Jul 2017 13:47:44 GMT
07-05 21:47:44.954 D/OkHttp  ( 8797): Content-Type: application/json
07-05 21:47:44.954 D/OkHttp  ( 8797): Content-Length: 221
07-05 21:47:44.954 D/OkHttp  ( 8797): Connection: close
07-05 21:47:44.954 D/OkHttp  ( 8797): <-- END HTTP
07-05 21:47:44.957 I/MyFragmentStateAdapter( 8797): getCount
07-05 21:47:44.958 D/gralloc ( 1204): allocate buffer from ION HEAP 0x1
07-05 21:47:44.958 D/gralloc ( 1204): allocate memory from system heap
07-05 21:47:44.967 D/CommonHeader( 8797): app logo :refreshTimer: isRotatetrue
07-05 21:47:44.980 I/art     ( 8797): Background partial concurrent mark sweep GC freed 29520(1961KB) AllocSpace objects, 4(160KB) LOS objects, 13% free, 26MB/30MB, paused 5.205ms total 118.793ms
07-05 21:47:44.981 D/NativeDecimalFormat( 8797): NativeDecimalFormat_close print addr=3997587456
07-05 21:47:44.981 D/NativeDecimalFormat( 8797): NativeDecimalFormat_close print g_addr=3997588224
07-05 21:47:44.981 D/NativeDecimalFormat( 8797): NativeDecimalFormat_close print addr=3997588224
07-05 21:47:44.981 D/NativeDecimalFormat( 8797): NativeDecimalFormat_close print g_addr=3997588224
07-05 21:47:45.001 D/HttpHandler( 8797): VerifySignInterCeptor-->request.url()=http://picture.edu.hismarttv.com/images/20170628233232135598.jpg
07-05 21:47:45.003 D/HttpHandler( 8797): VerifySignInterCeptor-->hostname=picture.edu.hismarttv.com
07-05 21:47:45.010 E/TabView ( 8797): tab2
07-05 21:47:45.010 D/TabView ( 8797): SLOVEN mTopmBorderTop===>:0266
07-05 21:47:45.010 D/TabView ( 8797): tab scroll up listview
07-05 21:47:45.010 D/TabFocusBorderView( 8797): SLOVEN justchangeWidth
07-05 21:47:45.010 D/TabFocusBorderView( 8797): SLOVEN widthmWidth===>:220220
07-05 21:47:45.011 D/TabFocusBorderView( 8797): SLOVEN onAnimationStart
07-05 21:47:45.011 D/TabView ( 8797): SLOVEN mTopmBorderTop===>:407266
07-05 21:47:45.011 D/TabView ( 8797): setSelectedTabView
07-05 21:47:45.016 D/HttpHandler( 8797): RetryIntercepter-->retryNum=0
07-05 21:47:45.016 D/HttpHandler( 8797): RetryIntercepter-->backoffmutiplier=0
07-05 21:47:45.017 D/HttpHandler( 8797): VerifySignInterCeptor-->dateType=1
07-05 21:47:45.018 D/HttpHandler( 8797): VerifySignInterCeptor-->HttpRequestManager.httpClietOption.getVerifyFlag()=1
07-05 21:47:45.019 D/HttpHandler( 8797): VerifySignInterCeptor-->content={"memberType": 2, "isActivity": 0}
07-05 21:47:45.022 D/OkHttp  ( 8797): --> GET http://picture.edu.hismarttv.com/images/20170628233232135598.jpg http/1.1
07-05 21:47:45.022 D/OkHttp  ( 8797): Host: picture.edu.hismarttv.com
07-05 21:47:45.022 D/OkHttp  ( 8797): Connection: Keep-Alive
07-05 21:47:45.022 D/OkHttp  ( 8797): Accept-Encoding: gzip
07-05 21:47:45.022 D/OkHttp  ( 8797): User-Agent: okhttp/3.6.0
07-05 21:47:45.022 D/OkHttp  ( 8797): --> END GET
07-05 21:47:45.024 I/TabView ( 8797): onScroll:,firstItem=0,visibleCount=6,totalCount=10
07-05 21:47:45.024 D/Carousel-CarouselView( 8797): ============>onScrollChanged hashCode:1062330551
07-05 21:47:45.031 D/HttpHandler( 8797): VerifySignInterCeptor-->request.url()=http://picture.edu.hismarttv.com/images/20170629075040001252.jpg
07-05 21:47:45.031 D/HttpHandler( 8797): VerifySignInterCeptor-->hostname=picture.edu.hismarttv.com
07-05 21:47:45.035 D/Carousel-Utils( 8797): onResourceReady.
07-05 21:47:45.035 D/HiNetworkImpl( 8797): doHttp_Asyn(): onReqResponse isSuccessful = true, back from thread: main
07-05 21:47:45.041 I/MyFragmentStateAdapter( 8797): getCount
07-05 21:47:45.041 I/MyFragmentStateAdapter( 8797): getCount
07-05 21:47:45.042 I/MyFragmentStateAdapter( 8797): getCount
07-05 21:47:45.042 I/MyFragmentStateAdapter( 8797): getCount
07-05 21:47:45.042 I/TabView ( 8797): onScroll:,firstItem=0,visibleCount=6,totalCount=10
07-05 21:47:45.043 I/FirstLineAdapter( 8797): canShowTrailer,isOffline=false
07-05 21:47:45.043 I/FirstLineAdapter( 8797): canShowTrailer,isOffline=false
07-05 21:47:45.043 I/FirstLineAdapter( 8797): canShowTrailer,isOffline=false
07-05 21:47:45.043 I/FirstLineAdapter( 8797): canShowTrailer,isOffline=false
07-05 21:47:45.043 I/FirstLineAdapter( 8797): canShowTrailer,isOffline=false
07-05 21:47:45.043 I/FirstLineAdapter( 8797): canShowTrailer,isOffline=false
07-05 21:47:45.043 I/FirstLineAdapter( 8797): canShowTrailer,isOffline=false
07-05 21:47:45.043 D/Carousel-CarouselChannelItemView( 8797): Listitem imageUrl:http://picture.edu.hismarttv.com/images/20170628102959016598.jpg
07-05 21:47:45.044 D/Carousel-Utils( 8797): onResourceReady.
07-05 21:47:45.045 D/Carousel-CarouselChannelItemView( 8797): Listitem imageUrl:http://picture.edu.hismarttv.com/images/20170628103002814396.jpg
07-05 21:47:45.046 D/Carousel-CarouselChannelItemView( 8797): Listitem imageUrl:http://picture.edu.hismarttv.com/images/20170628103009181182.jpg
07-05 21:47:45.048 D/Carousel-CarouselChannelItemView( 8797): Listitem imageUrl:http://picture.edu.hismarttv.com/images/20170628102959016598.jpg
07-05 21:47:45.049 I/TVMW@devctrl( 1234): wdt
07-05 21:47:45.050 D/Carousel-Utils( 8797): onResourceReady.
07-05 21:47:45.052 D/Carousel-CarouselChannelItemView( 8797): Listitem imageUrl:http://picture.edu.hismarttv.com/images/20170628103002814396.jpg
07-05 21:47:45.053 D/Carousel-CarouselChannelItemView( 8797): Listitem imageUrl:http://picture.edu.hismarttv.com/images/20170628103009181182.jpg
07-05 21:47:45.056 I/FirstLineAdapter( 8797): canShowTrailer,isOffline=false
07-05 21:47:45.056 I/FirstLineAdapter( 8797): canShowTrailer,isOffline=false
07-05 21:47:45.056 D/Carousel-CarouselView( 8797): ============>onScrollChanged hashCode:1062330551
07-05 21:47:45.060 I/MyFragmentStateAdapter( 8797): getCount
07-05 21:47:45.060 D/OkHttp  ( 8797): <-- 200 OK http://picture.edu.hismarttv.com/images/20170628233232135598.jpg (38ms)
07-05 21:47:45.060 D/OkHttp  ( 8797): Date: Mon, 03 Jul 2017 06:28:41 GMT
07-05 21:47:45.060 D/OkHttp  ( 8797): Server: nginx
07-05 21:47:45.060 D/OkHttp  ( 8797): Content-Type: image/jpeg
07-05 21:47:45.060 D/OkHttp  ( 8797): Content-Length: 50603
07-05 21:47:45.060 D/OkHttp  ( 8797): Last-Modified: Wed, 28 Jun 2017 23:32:32 GMT
07-05 21:47:45.061 D/OkHttp  ( 8797): ETag: "59543c90-c5ab"
07-05 21:47:45.061 D/OkHttp  ( 8797): Accept-Ranges: bytes
07-05 21:47:45.061 D/OkHttp  ( 8797): Age: 199144
07-05 21:47:45.061 D/OkHttp  ( 8797): Via: 1.1 jnwt243:1 (Cdn Cache Server V2.0)[0 200 0], 1.1 dezhou35:4 (Cdn Cache Server V2.0)[0 200 0]
07-05 21:47:45.061 D/OkHttp  ( 8797): Connection: keep-alive
07-05 21:47:45.061 D/OkHttp  ( 8797): <-- END HTTP
07-05 21:47:45.062 D/HttpHandler( 8797): RetryIntercepter-->retryNum=0
07-05 21:47:45.062 D/HttpHandler( 8797): RetryIntercepter-->backoffmutiplier=0
07-05 21:47:45.065 D/OkHttp  ( 8797): --> GET http://picture.edu.hismarttv.com/images/20170629075040001252.jpg http/1.1
07-05 21:47:45.065 D/OkHttp  ( 8797): Host: picture.edu.hismarttv.com
07-05 21:47:45.065 D/OkHttp  ( 8797): Connection: Keep-Alive
07-05 21:47:45.065 D/OkHttp  ( 8797): Accept-Encoding: gzip
07-05 21:47:45.065 D/OkHttp  ( 8797): User-Agent: okhttp/3.6.0
07-05 21:47:45.065 D/OkHttp  ( 8797): --> END GET
07-05 21:47:45.066 D/Carousel-Utils( 8797): onResourceReady.
07-05 21:47:45.067 D/Carousel-Utils( 8797): onResourceReady.
07-05 21:47:45.068 W/QueryController( 8762): AccessibilityNodeInfo returned a null child (0 of 2)
07-05 21:47:45.069 W/QueryController( 8762): parent = android.view.accessibility.AccessibilityNodeInfo@800248b3; boundsInParent: Rect(0, 0 - 430, 279); boundsInScreen: Rect(293, 792 - 723, 1071); packageName: com.hisense.hicloud.edca; className: android.widget.RelativeLayout; text: null; error: null; maxTextLength: -1; contentDescription: null; viewIdResName: null; checkable: false; checked: false; focusable: true; focused: false; selected: false; clickable: true; longClickable: false; enabled: true; password: false; scrollable: false; actions: [AccessibilityAction: ACTION_FOCUS - null, AccessibilityAction: ACTION_SELECT - null, AccessibilityAction: ACTION_CLEAR_SELECTION - null, AccessibilityAction: ACTION_CLICK - null, AccessibilityAction: ACTION_ACCESSIBILITY_FOCUS - null]
07-05 21:47:45.070 I/HiNetworkImpl( 8797): doHttp_Asyn(): onSuccess clazz = class com.hisense.sdk.domain.MemberOrder, back from thread: main
07-05 21:47:45.070 I/HomeMainActivity( 8797): finishHttpTime : 11306641   335
07-05 21:47:45.071 D/til@system( 2026): til_get_system_param option:1000007 int:-1815633792, bool:128, ret:0
07-05 21:47:45.072 D/til@system( 2026): til_get_system_param option:1000009 int:-1936522368, bool:128, ret:0
07-05 21:47:45.073 D/til@system( 2026): til_get_system_param option:1000008 int:-1815632896, bool:0, ret:0
07-05 21:47:45.073 D/HiSDKLogReport( 8797): getOperationDetail-productName : LED50MU8600UC
07-05 21:47:45.073 D/HiSDKLogReport( 8797): getOperationDetail-plmNumber : 88888
07-05 21:47:45.073 D/HiSDKLogReport( 8797): getOperationDetail-swVersion : V0000.00.01A
07-05 21:47:45.073 D/HiSDKLogReport( 8797): getOperationDetail-operationDetail : LED50MU8600UC0000888
07-05 21:47:45.076 D/HiSDKLogReport( 8797): processLogReport-log : {eventType=162, appKey=1182445233, APPVersionName=3.0.0.9.00, devid=86100300900000500000060a4818fca8, mac=a8:a6:48:18:fc:a8, uuid=13287129, accessToken=72DF6038D2AEAB8A76DFBBBBCC428A4A_002202626749392, APIversion=501, logversion=2.0, devType=0, APPPackage=com.hisense.hicloud.edca, eventPos=002, requesttime=1499262465073, customerId=7195320, value2=, eventMessage=HttpConnection, value1=335, model_id=0, ChannelId=0, version=00.002.003, tv_distribute_id=00, subscriberId=13287129, APIVersion=600, PFAPPCode=652, softwareVersion=LED50MU8600UC0000888}
07-05 21:47:45.076 I/HomeMainActivity( 8797): getUserType  response : 2 null
07-05 21:47:45.076 I/HomeMainActivity( 8797): this is LowMemoryConfiguration 
07-05 21:47:45.078 D/HttpHandler( 8797): VerifySignInterCeptor-->request.url()=http://picture.edu.hismarttv.com/images/20170628104504467308.jpg
07-05 21:47:45.078 D/HttpHandler( 8797): VerifySignInterCeptor-->hostname=picture.edu.hismarttv.com
07-05 21:47:45.079 D/OkHttp  ( 8797): --> GET http://picture.edu.hismarttv.com/images/20170628104504467308.jpg http/1.1
07-05 21:47:45.079 D/OkHttp  ( 8797): Host: picture.edu.hismarttv.com
07-05 21:47:45.079 D/OkHttp  ( 8797): Connection: Keep-Alive
07-05 21:47:45.079 D/OkHttp  ( 8797): Accept-Encoding: gzip
07-05 21:47:45.079 D/OkHttp  ( 8797): User-Agent: okhttp/3.6.0
07-05 21:47:45.079 D/OkHttp  ( 8797): --> END GET
07-05 21:47:45.083 W/System.err( 8797): java.net.ConnectException: failed to connect to /10.18.210.112 (port 8900) after 6000ms: isConnected failed: ECONNREFUSED (Connection refused)
07-05 21:47:45.083 W/System.err( 8797): 	at libcore.io.IoBridge.isConnected(IoBridge.java:238)
07-05 21:47:45.083 W/System.err( 8797): 	at libcore.io.IoBridge.connectErrno(IoBridge.java:171)
07-05 21:47:45.083 W/System.err( 8797): 	at libcore.io.IoBridge.connect(IoBridge.java:122)
07-05 21:47:45.083 W/System.err( 8797): 	at java.net.PlainSocketImpl.connect(PlainSocketImpl.java:183)
07-05 21:47:45.084 W/System.err( 8797): 	at java.net.PlainSocketImpl.connect(PlainSocketImpl.java:456)
07-05 21:47:45.084 W/System.err( 8797): 	at java.net.Socket.connect(Socket.java:882)
07-05 21:47:45.084 W/System.err( 8797): 	at com.android.okhttp.internal.Platform.connectSocket(Platform.java:174)
07-05 21:47:45.084 W/System.err( 8797): 	at com.android.okhttp.Connection.connect(Connection.java:152)
07-05 21:47:45.084 W/System.err( 8797): 	at com.android.okhttp.internal.http.HttpEngine.connect(HttpEngine.java:276)
07-05 21:47:45.084 W/System.err( 8797): 	at com.android.okhttp.internal.http.HttpEngine.sendRequest(HttpEngine.java:211)
07-05 21:47:45.084 W/System.err( 8797): 	at com.android.okhttp.internal.http.HttpURLConnectionImpl.execute(HttpURLConnectionImpl.java:382)
07-05 21:47:45.084 W/System.err( 8797): 	at com.android.okhttp.internal.http.HttpURLConnectionImpl.connect(HttpURLConnectionImpl.java:106)
07-05 21:47:45.084 W/System.err( 8797): 	at com.hisense.hitv.hicloud.util.ExceptionReport.a(ExceptionReport.java:337)
07-05 21:47:45.084 W/System.err( 8797): 	at com.hisense.hitv.hicloud.util.ExceptionReport.a(ExceptionReport.java:39)
07-05 21:47:45.084 W/System.err( 8797): 	at com.hisense.hitv.hicloud.util.ExceptionReport$1.run(ExceptionReport.java:83)
07-05 21:47:45.084 W/System.err( 8797): 	at java.lang.Thread.run(Thread.java:818)
07-05 21:47:45.084 W/System.err( 8797): Caused by: android.system.ErrnoException: isConnected failed: ECONNREFUSED (Connection refused)
07-05 21:47:45.084 W/System.err( 8797): 	at libcore.io.IoBridge.isConnected(IoBridge.java:223)
07-05 21:47:45.084 W/System.err( 8797): 	... 15 more
07-05 21:47:45.094 D/OkHttp  ( 8797): <-- 200 OK http://picture.edu.hismarttv.com/images/20170628104504467308.jpg (14ms)
07-05 21:47:45.094 D/OkHttp  ( 8797): Date: Mon, 03 Jul 2017 11:33:23 GMT
07-05 21:47:45.094 D/OkHttp  ( 8797): Server: nginx
07-05 21:47:45.094 D/OkHttp  ( 8797): Content-Type: image/jpeg
07-05 21:47:45.094 D/OkHttp  ( 8797): Content-Length: 376321
07-05 21:47:45.094 D/OkHttp  ( 8797): Last-Modified: Wed, 28 Jun 2017 10:45:04 GMT
07-05 21:47:45.094 D/OkHttp  ( 8797): ETag: "595388b0-5be01"
07-05 21:47:45.094 D/OkHttp  ( 8797): Accept-Ranges: bytes
07-05 21:47:45.094 D/OkHttp  ( 8797): Age: 180861
07-05 21:47:45.094 D/OkHttp  ( 8797): Via: 1.1 hewangtong174:5 (Cdn Cache Server V2.0)[0 200 0], 1.1 dzhwt36:2 (Cdn Cache Server V2.0)[0 200 0]
07-05 21:47:45.094 D/OkHttp  ( 8797): Connection: keep-alive
07-05 21:47:45.094 D/OkHttp  ( 8797): <-- END HTTP
07-05 21:47:45.095 D/HttpHandler( 8797): RetryIntercepter-->retryNum=0
07-05 21:47:45.095 D/HttpHandler( 8797): RetryIntercepter-->backoffmutiplier=0
07-05 21:47:45.101 I/NetflixMonitorService( 1733): current fgapk : com.hisense.hicloud.edca
07-05 21:47:45.101 I/NetflixMonitorService( 1733): Netflix status unchanged
07-05 21:47:45.107 D/HttpHandler( 8797): VerifySignInterCeptor-->request.url()=http://picture.edu.hismarttv.com/images/20170629/%E5%BF%83%E7%AE%97%E5%8F%A3%E8%AF%80%E5%A4%A9%E5%A4%A9%E7%BB%83.jpg
07-05 21:47:45.107 D/HttpHandler( 8797): VerifySignInterCeptor-->hostname=picture.edu.hismarttv.com
07-05 21:47:45.109 D/HttpHandler( 8797): HttpDNS-->hostname=picture.edu.hismarttv.com
07-05 21:47:45.110 D/HttpHandler( 8797): RAMCache-->hostInfo.getClientTimeStamp()=11305077
07-05 21:47:45.110 D/HttpHandler( 8797): RAMCache-->hostInfo.getTtl()=300
07-05 21:47:45.110 D/HttpHandler( 8797): RAMCache-->SystemClock.elapsedRealtime()=11306681
07-05 21:47:45.111 I/TVMW@HsTvSetting( 1234): Trace cmd, data = 0x1058
07-05 21:47:45.112 D/til@system( 2026): til_get_system_param option:100002F int:0, bool:0, ret:0
07-05 21:47:45.112 I/TVMW@HsTvSetting( 1234): Trace cmd, data = 0x101f
07-05 21:47:45.112 D/til@system( 2026): til_get_system_param option:100001D int:3, bool:3, ret:0
07-05 21:47:45.112 E/til     ( 2026): [til_get_current_input_source, 101] 
07-05 21:47:45.112 I/TVMW@HsTvSetting( 1234): Trace cmd, data = 0x7007
07-05 21:47:45.112 I/tilwrapper@sm( 2026): HS2TIL_SourceType *hs=0xd, *til=0x900
07-05 21:47:45.112 D/til     ( 2026): get current source 2304
07-05 21:47:45.112 D/SourceRemoteServiceHandler( 2026): getCurrentInputSource.from.til.result is 0, value is 2304
07-05 21:47:45.112 D/SourceRemoteServiceHandler( 2026): getInputSourceType source: 0x900, type=2304
07-05 21:47:45.112 D/til     ( 2026): ###### func:til_get_picture_param option:0x3000006 ######  
07-05 21:47:45.113 I/TVMW@HsTvSetting( 1234): Trace cmd, data = 0x1003
07-05 21:47:45.113 I/TVMW@HsTvSetting( 1234): Trace cmd, data = 0x8032
07-05 21:47:45.113 I/hstvos  ( 1216): [0m[1;33m[HSHAL][HS_VIDEO][HS_HAL_Video_SetOsdDetect_v2][2389]u16Threshold = 20
07-05 21:47:45.113 D/HttpHandler( 8797): DNSHelper-->gslbDns=["220.202.77.124","153.35.175.120","125.46.22.134","218.58.206.58","220.202.77.116","123.128.14.209","153.35.175.121"]
07-05 21:47:45.114 I/MiSysSrv( 1214): Not support now! 42, change to mm_video!!!
07-05 21:47:45.114 E/TVMW@videoctrl( 1234):  getOsd is 1
07-05 21:47:45.114 E/TVMW@videoctrl( 1234): hs_mw_videoctrl.cpp getOsdShow result is        1
07-05 21:47:45.114 D/til@system( 2026): til_get_system_param option:1000027 int:1, bool:1, ret:0
07-05 21:47:45.114 D/til     ( 2026): ###### func:til_get_picture_param option:0x3000045 ######  
07-05 21:47:45.114 I/TVMW@HsTvSetting( 1234): Trace cmd, data = 0x300c
07-05 21:47:45.114 I/TVMW@HsTvSetting( 1234): Trace 3d, data = 0x300c
07-05 21:47:45.114 I/TVMW@3d ( 1234): Hs_debug3d_trace: func:get3dStatus, line:109
07-05 21:47:45.133 D/OkHttp  ( 8797): --> GET http://picture.edu.hismarttv.com/images/20170629/%E5%BF%83%E7%AE%97%E5%8F%A3%E8%AF%80%E5%A4%A9%E5%A4%A9%E7%BB%83.jpg http/1.1
07-05 21:47:45.133 D/OkHttp  ( 8797): Host: picture.edu.hismarttv.com
07-05 21:47:45.133 D/OkHttp  ( 8797): Connection: Keep-Alive
07-05 21:47:45.133 D/OkHttp  ( 8797): Accept-Encoding: gzip
07-05 21:47:45.133 D/OkHttp  ( 8797): User-Agent: okhttp/3.6.0
07-05 21:47:45.133 D/OkHttp  ( 8797): --> END GET
07-05 21:47:45.137 E/HomeMainActivity( 8797): BaseApplication.mAccountType == 2
07-05 21:47:45.138 I/HomeMainActivity( 8797): mBeginHttpTime : 11306709
07-05 21:47:45.138 I/HttpDnsUtils( 8797): postExperienceVIP(): --url = http://api.edu.hismarttv.com/payment/api/get/experience/member
07-05 21:47:45.138 V/HttpDnsUtils( 8797): getExperienceVIP 86100300900000500000060a4818fca8 7195320 13287129 0 2 0 0 0
07-05 21:47:45.139 E/NetUtils( 8797): encryption --- sign = accessToken=72DF6038D2AEAB8A76DFBBBBCC428A4A_002202626749392&days=0&devid=86100300900000500000060a4818fca8&mac=a8:a6:48:18:fc:a8&memberType=2&orderType=0&BDA9F96C98E9D5130A5AFB3411B5F9E0
07-05 21:47:45.149 D/til@system( 2026): til_get_system_param option:1000007 int:-1936522112, bool:128, ret:0
07-05 21:47:45.150 D/til@system( 2026): til_get_system_param option:1000009 int:-1815634176, bool:0, ret:0
07-05 21:47:45.150 D/til@system( 2026): til_get_system_param option:1000008 int:-1936523008, bool:0, ret:0
07-05 21:47:45.151 D/HttpDnsUtils( 8797): CEXX-getOperationDetail-productName : LED50MU8600UC
07-05 21:47:45.151 D/HttpDnsUtils( 8797): CEXX-getOperationDetail-plmNumber : 88888
07-05 21:47:45.151 D/HttpDnsUtils( 8797): CEXX-getOperationDetail-swVersion : V0000.00.01A
07-05 21:47:45.151 D/HttpDnsUtils( 8797): CEXX-getOperationDetail-operationDetail : LED50MU8600UC0000888
07-05 21:47:45.169 I/MiSysSrv( 1214): [37m[INFO] Change to Voltage: 112 mv (0x2D)[m
07-05 21:47:45.172 V/HttpDnsUtils( 8797): days 0 memberType 2 activityId 0
07-05 21:47:45.172 V/HttpDnsUtils( 8797): postExperienceVIP(): postMap = {customerId=7195320, memberType=2, PFAPPCode=652, accessToken=72DF6038D2AEAB8A76DFBBBBCC428A4A_002202626749392, ChannelId=0, APPVersionName=3.0.0.9.00, model_id=0, orderType=0, mac=a8:a6:48:18:fc:a8, days=0, sign=4ecddf468157f33fcfcea761f834bacf, uuid=13287129, APPPackage=com.hisense.hicloud.edca, devid=86100300900000500000060a4818fca8, phone=18547412365, tv_distribute_id=00, softwareVersion=LED50MU8600UC0000888, subscriberId=13287129, version=00.002.003, customerName=18547412365, devType=0, APIVersion=600, activityId=0}
07-05 21:47:45.173 D/til@system( 2026): til_get_system_param option:1000007 int:-1936525184, bool:128, ret:0
07-05 21:47:45.173 D/til@system( 2026): til_get_system_param option:1000009 int:-1815633792, bool:128, ret:0
07-05 21:47:45.174 D/til@system( 2026): til_get_system_param option:1000008 int:-1936522368, bool:128, ret:0
07-05 21:47:45.174 D/HttpBuilder( 8797): getOperationDetail-productName : LED50MU8600UC
07-05 21:47:45.174 D/HttpBuilder( 8797): getOperationDetail-plmNumber : 88888
07-05 21:47:45.174 D/HttpBuilder( 8797): getOperationDetail-swVersion : V0000.00.01A
07-05 21:47:45.174 D/HttpBuilder( 8797): getOperationDetail-operationDetail : LED50MU8600UC0000888
07-05 21:47:45.197 I/HttpBuilder( 8797): addUrlPublicParams mUrl ==>http://api.edu.hismarttv.com/payment/api/get/experience/member?uuid=13287129&mac=a8:a6:48:18:fc:a8&devid=86100300900000500000060a4818fca8&version=00.002.003&subscriberId=13287129&customerId=7195320&model_id=0&APPPackage=com.hisense.hicloud.edca&PFAPPCode=652&APPVersionName=3.0.0.9.00&ChannelId=0&softwareVersion=LED50MU8600UC0000888&tv_distribute_id=00&devType=0&APIVersion=600&accessToken=72DF6038D2AEAB8A76DFBBBBCC428A4A_002202626749392
07-05 21:47:45.197 D/OkHttp  ( 8797): <-- 200 OK http://picture.edu.hismarttv.com/images/20170629075040001252.jpg (131ms)
07-05 21:47:45.197 D/OkHttp  ( 8797): Date: Mon, 03 Jul 2017 11:11:33 GMT
07-05 21:47:45.197 D/OkHttp  ( 8797): Server: nginx
07-05 21:47:45.197 D/OkHttp  ( 8797): Content-Type: image/jpeg
07-05 21:47:45.197 D/OkHttp  ( 8797): Content-Length: 103036
07-05 21:47:45.197 D/OkHttp  ( 8797): Last-Modified: Thu, 29 Jun 2017 07:50:40 GMT
07-05 21:47:45.197 D/OkHttp  ( 8797): ETag: "5954b150-1927c"
07-05 21:47:45.197 D/OkHttp  ( 8797): Accept-Ranges: bytes
07-05 21:47:45.197 D/OkHttp  ( 8797): Age: 182172
07-05 21:47:45.197 D/OkHttp  ( 8797): Via: 1.1 changzhiwangtong172:9 (Cdn Cache Server V2.0)[0 200 0], 1.1 echwt51:5 (Cdn Cache Server V2.0)[112 200 0]
07-05 21:47:45.198 D/OkHttp  ( 8797): Connection: keep-alive
07-05 21:47:45.198 D/OkHttp  ( 8797): <-- END HTTP
07-05 21:47:45.200 D/TabFocusBorderView( 8797): SLOVEN onAnimationEnd
07-05 21:47:45.200 D/TabView ( 8797): SLOVEN border top===>:296---407
07-05 21:47:45.200 D/HttpHandler( 8797): VerifySignInterCeptor-->request.url()=http://api.edu.hismarttv.com/payment/api/get/experience/member?uuid=13287129&mac=a8:a6:48:18:fc:a8&devid=86100300900000500000060a4818fca8&version=00.002.003&subscriberId=13287129&customerId=7195320&model_id=0&APPPackage=com.hisense.hicloud.edca&PFAPPCode=652&APPVersionName=3.0.0.9.00&ChannelId=0&softwareVersion=LED50MU8600UC0000888&tv_distribute_id=00&devType=0&APIVersion=600&accessToken=72DF6038D2AEAB8A76DFBBBBCC428A4A_002202626749392
07-05 21:47:45.200 D/HttpHandler( 8797): VerifySignInterCeptor-->hostname=api.edu.hismarttv.com
07-05 21:47:45.203 D/HttpHandler( 8797): HttpDNS-->hostname=api.edu.hismarttv.com
07-05 21:47:45.203 D/HttpHandler( 8797): RetryIntercepter-->retryNum=0
07-05 21:47:45.203 D/HttpHandler( 8797): RetryIntercepter-->backoffmutiplier=0
07-05 21:47:45.203 D/HttpHandler( 8797): RAMCache-->hostInfo.getClientTimeStamp()=11301114
07-05 21:47:45.203 D/HttpHandler( 8797): RAMCache-->hostInfo.getTtl()=3600
07-05 21:47:45.203 D/HttpHandler( 8797): RAMCache-->SystemClock.elapsedRealtime()=11306775
07-05 21:47:45.209 I/MyFragmentStateAdapter( 8797): getCount
07-05 21:47:45.209 I/MyFragmentStateAdapter( 8797): getCount
07-05 21:47:45.209 I/MyFragmentStateAdapter( 8797): getCount
07-05 21:47:45.209 I/MyFragmentStateAdapter( 8797): getCount
07-05 21:47:45.210 I/TabView ( 8797): onScroll:,firstItem=0,visibleCount=6,totalCount=10
07-05 21:47:45.210 I/FirstLineAdapter( 8797): canShowTrailer,isOffline=false
07-05 21:47:45.210 I/FirstLineAdapter( 8797): canShowTrailer,isOffline=false
07-05 21:47:45.210 I/FirstLineAdapter( 8797): canShowTrailer,isOffline=false
07-05 21:47:45.210 I/FirstLineAdapter( 8797): canShowTrailer,isOffline=false
07-05 21:47:45.210 I/FirstLineAdapter( 8797): canShowTrailer,isOffline=false
07-05 21:47:45.210 I/FirstLineAdapter( 8797): canShowTrailer,isOffline=false
07-05 21:47:45.210 I/FirstLineAdapter( 8797): canShowTrailer,isOffline=false
07-05 21:47:45.210 D/Carousel-CarouselChannelItemView( 8797): Listitem imageUrl:http://picture.edu.hismarttv.com/images/20170628102959016598.jpg
07-05 21:47:45.214 D/Carousel-Utils( 8797): onResourceReady.
07-05 21:47:45.220 D/Carousel-CarouselChannelItemView( 8797): Listitem imageUrl:http://picture.edu.hismarttv.com/images/20170628103002814396.jpg
07-05 21:47:45.221 D/Carousel-CarouselChannelItemView( 8797): Listitem imageUrl:http://picture.edu.hismarttv.com/images/20170628103009181182.jpg
07-05 21:47:45.222 D/Carousel-Utils( 8797): onResourceReady.
07-05 21:47:45.224 D/Carousel-CarouselChannelItemView( 8797): Listitem imageUrl:http://picture.edu.hismarttv.com/images/20170628102959016598.jpg
07-05 21:47:45.224 D/Carousel-Utils( 8797): onResourceReady.
07-05 21:47:45.225 D/Carousel-CarouselChannelItemView( 8797): Listitem imageUrl:http://picture.edu.hismarttv.com/images/20170628103002814396.jpg
07-05 21:47:45.226 D/Carousel-CarouselChannelItemView( 8797): Listitem imageUrl:http://picture.edu.hismarttv.com/images/20170628103009181182.jpg
07-05 21:47:45.226 D/Carousel-Utils( 8797): onResourceReady.
07-05 21:47:45.229 I/FirstLineAdapter( 8797): canShowTrailer,isOffline=false
07-05 21:47:45.229 I/FirstLineAdapter( 8797): canShowTrailer,isOffline=false
07-05 21:47:45.230 D/Carousel-CarouselView( 8797): ============>onScrollChanged hashCode:1062330551
07-05 21:47:45.232 I/MyFragmentStateAdapter( 8797): getCount
07-05 21:47:45.235 D/HttpHandler( 8797): DNSHelper-->gslbDns=["123.103.91.123"]
07-05 21:47:45.239 D/Carousel-Utils( 8797): onResourceReady.
07-05 21:47:45.241 W/QueryController( 8762): AccessibilityNodeInfo returned a null child (1 of 2)
07-05 21:47:45.269 I/MyFragmentStateAdapter( 8797): getCount
07-05 21:47:45.269 I/MiSysSrv( 1214): [37m[INFO] Change to Voltage: 107 mv (0x28)[m
07-05 21:47:45.269 I/MyFragmentStateAdapter( 8797): getCount
07-05 21:47:45.269 I/MyFragmentStateAdapter( 8797): getCount
07-05 21:47:45.269 I/MyFragmentStateAdapter( 8797): getCount
07-05 21:47:45.270 I/FirstLineAdapter( 8797): canShowTrailer,isOffline=false
07-05 21:47:45.270 I/FirstLineAdapter( 8797): canShowTrailer,isOffline=false
07-05 21:47:45.270 I/FirstLineAdapter( 8797): canShowTrailer,isOffline=false
07-05 21:47:45.270 I/FirstLineAdapter( 8797): canShowTrailer,isOffline=false
07-05 21:47:45.270 I/FirstLineAdapter( 8797): canShowTrailer,isOffline=false
07-05 21:47:45.270 I/FirstLineAdapter( 8797): canShowTrailer,isOffline=false
07-05 21:47:45.270 I/FirstLineAdapter( 8797): canShowTrailer,isOffline=false
07-05 21:47:45.270 I/FirstLineAdapter( 8797): canShowTrailer,isOffline=false
07-05 21:47:45.270 I/FirstLineAdapter( 8797): canShowTrailer,isOffline=false
07-05 21:47:45.274 I/MyFragmentStateAdapter( 8797): getCount
07-05 21:47:45.278 D/OkHttp  ( 8797): --> POST http://api.edu.hismarttv.com/payment/api/get/experience/member?uuid=13287129&mac=a8:a6:48:18:fc:a8&devid=86100300900000500000060a4818fca8&version=00.002.003&subscriberId=13287129&customerId=7195320&model_id=0&APPPackage=com.hisense.hicloud.edca&PFAPPCode=652&APPVersionName=3.0.0.9.00&ChannelId=0&softwareVersion=LED50MU8600UC0000888&tv_distribute_id=00&devType=0&APIVersion=600&accessToken=72DF6038D2AEAB8A76DFBBBBCC428A4A_002202626749392 http/1.1
07-05 21:47:45.279 D/OkHttp  ( 8797): Content-Type: application/x-www-form-urlencoded
07-05 21:47:45.279 D/OkHttp  ( 8797): Content-Length: 512
07-05 21:47:45.279 D/OkHttp  ( 8797): Data_Type: JSON
07-05 21:47:45.279 D/OkHttp  ( 8797): RetryTime: 0
07-05 21:47:45.279 D/OkHttp  ( 8797): Backoffmutiplier: 0
07-05 21:47:45.279 D/OkHttp  ( 8797): Host: api.edu.hismarttv.com
07-05 21:47:45.279 D/OkHttp  ( 8797): Connection: Keep-Alive
07-05 21:47:45.279 D/OkHttp  ( 8797): Accept-Encoding: gzip
07-05 21:47:45.279 D/OkHttp  ( 8797): User-Agent: okhttp/3.6.0
07-05 21:47:45.279 D/OkHttp  ( 8797): --> END POST
07-05 21:47:45.285 W/QueryController( 8762): AccessibilityNodeInfo returned a null child (0 of 2)
07-05 21:47:45.286 W/QueryController( 8762): parent = android.view.accessibility.AccessibilityNodeInfo@80024c74; boundsInParent: Rect(0, 0 - 430, 279); boundsInScreen: Rect(713, 792 - 1143, 1071); packageName: com.hisense.hicloud.edca; className: android.widget.RelativeLayout; text: null; error: null; maxTextLength: -1; contentDescription: null; viewIdResName: null; checkable: false; checked: false; focusable: true; focused: false; selected: false; clickable: true; longClickable: false; enabled: true; password: false; scrollable: false; actions: [AccessibilityAction: ACTION_FOCUS - null, AccessibilityAction: ACTION_SELECT - null, AccessibilityAction: ACTION_CLEAR_SELECTION - null, AccessibilityAction: ACTION_CLICK - null, AccessibilityAction: ACTION_ACCESSIBILITY_FOCUS - null]
07-05 21:47:45.288 I/dex2oat ( 8892): dex2oat took 3.283s (threads: 4) arena alloc=87KB java alloc=10MB native alloc=5MB free=6MB
07-05 21:47:45.311 W/QueryController( 8762): AccessibilityNodeInfo returned a null child (1 of 2)
07-05 21:47:45.322 D/OkHttp  ( 8797): <-- 200 OK http://api.edu.hismarttv.com/payment/api/get/experience/member?uuid=13287129&mac=a8:a6:48:18:fc:a8&devid=86100300900000500000060a4818fca8&version=00.002.003&subscriberId=13287129&customerId=7195320&model_id=0&APPPackage=com.hisense.hicloud.edca&PFAPPCode=652&APPVersionName=3.0.0.9.00&ChannelId=0&softwareVersion=LED50MU8600UC0000888&tv_distribute_id=00&devType=0&APIVersion=600&accessToken=72DF6038D2AEAB8A76DFBBBBCC428A4A_002202626749392 (42ms)
07-05 21:47:45.322 D/OkHttp  ( 8797): Server: nginx
07-05 21:47:45.322 D/OkHttp  ( 8797): Date: Wed, 05 Jul 2017 13:47:45 GMT
07-05 21:47:45.322 D/OkHttp  ( 8797): Content-Type: application/json
07-05 21:47:45.322 D/OkHttp  ( 8797): Content-Length: 289
07-05 21:47:45.322 D/OkHttp  ( 8797): Connection: close
07-05 21:47:45.322 D/OkHttp  ( 8797): <-- END HTTP
07-05 21:47:45.323 D/HttpHandler( 8797): RetryIntercepter-->retryNum=0
07-05 21:47:45.323 D/HttpHandler( 8797): RetryIntercepter-->backoffmutiplier=0
07-05 21:47:45.328 W/PluginProviderBuilder( 8797): createDexClassLoader() return dalvik.system.DexClassLoader[DexPathList[[zip file "/data/data/com.hisense.hicloud.edca/files/plugin/2.1.0.59986/pluginplayer/1.64.0.59984/pluginplayer-release-1.64.0.59984.apk"],nativeLibraryDirectories=[/vendor/lib, /system/lib]]]
07-05 21:47:45.333 W/ContextClassLoaderSwitcher( 8797): ClassLoaderSwitcher doSwitch(com.hisense.hicloud.edca.BaseApplication@2adbac5c, dalvik.system.DexClassLoader[DexPathList[[zip file "/data/data/com.hisense.hicloud.edca/files/plugin/2.1.0.59986/pluginplayer/1.64.0.59984/pluginplayer-release-1.64.0.59984.apk"],nativeLibraryDirectories=[/vendor/lib, /system/lib]]])
07-05 21:47:45.334 W/ObjectMethodHolder( 8797): >> invoke() mMethodName=getBaseContext, mCached=false, mCacheValue=true, mMethod=null
07-05 21:47:45.336 W/QueryController( 8762): AccessibilityNodeInfo returned a null child (0 of 2)
07-05 21:47:45.337 W/QueryController( 8762): parent = android.view.accessibility.AccessibilityNodeInfo@80025035; boundsInParent: Rect(0, 0 - 430, 279); boundsInScreen: Rect(1133, 792 - 1563, 1071); packageName: com.hisense.hicloud.edca; className: android.widget.RelativeLayout; text: null; error: null; maxTextLength: -1; contentDescription: null; viewIdResName: null; checkable: false; checked: false; focusable: true; focused: false; selected: false; clickable: true; longClickable: false; enabled: true; password: false; scrollable: false; actions: [AccessibilityAction: ACTION_FOCUS - null, AccessibilityAction: ACTION_SELECT - null, AccessibilityAction: ACTION_CLEAR_SELECTION - null, AccessibilityAction: ACTION_CLICK - null, AccessibilityAction: ACTION_ACCESSIBILITY_FOCUS - null]
07-05 21:47:45.338 D/QrRecognization( 2232): handleMessage msg=4
07-05 21:47:45.338 D/QrRecognization( 2232): handleMessage msg=1
07-05 21:47:45.338 D/QrRecognization( 2232): start update screenshot
07-05 21:47:45.338 D/QrRecognization( 2232): QR detection is not enabled in tile com.hisense.hicloud.edca
07-05 21:47:45.338 D/QrRecognization( 2232): error in getBitmap from screen
07-05 21:47:45.338 W/ObjectMethodHolder( 8797): << invoke() mMethodName=getBaseContext, mCached=true, mCacheValue=true, mMethod=public android.content.Context android.content.ContextWrapper.getBaseContext() return android.app.ContextImpl{android.app.ContextImpl@4de4075}
07-05 21:47:45.341 W/ObjectMethodHolder( 8797): >> invoke() mMethodName=getClassLoader, mCached=false, mCacheValue=true, mMethod=null
07-05 21:47:45.342 W/ObjectMethodHolder( 8797): << invoke() mMethodName=getClassLoader, mCached=true, mCacheValue=true, mMethod=public java.lang.ClassLoader android.app.LoadedApk.getClassLoader() return dalvik.system.PathClassLoader{dalvik.system.PathClassLoader[DexPathList[[zip file "/data/app/com.hisense.hicloud.edca-2/base.apk"],nativeLibraryDirectories=[/data/app/com.hisense.hicloud.edca-2/lib/arm, /vendor/lib, /system/lib]]]}
07-05 21:47:45.342 W/PluginProviderBuilder( 8797): createPluginContext() return /data/app/com.hisense.hicloud.edca-2/base.apk
07-05 21:47:45.354 W/QueryController( 8762): AccessibilityNodeInfo returned a null child (1 of 2)
07-05 21:47:45.371 D/HttpHandler( 8797): VerifySignInterCeptor-->dateType=1
07-05 21:47:45.371 D/HttpHandler( 8797): VerifySignInterCeptor-->HttpRequestManager.httpClietOption.getVerifyFlag()=1
07-05 21:47:45.372 D/HttpHandler( 8797): VerifySignInterCeptor-->content={"message": "\u6ca1\u6709\u67e5\u8be2\u5230id\u4e3a0\u7684\u5f39\u7a97\u4fe1\u606f", "success": false}
07-05 21:47:45.378 W/QueryController( 8762): AccessibilityNodeInfo returned a null child (0 of 2)
07-05 21:47:45.379 W/QueryController( 8762): parent = android.view.accessibility.AccessibilityNodeInfo@800253f6; boundsInParent: Rect(0, 0 - 430, 279); boundsInScreen: Rect(1553, 792 - 1920, 1071); packageName: com.hisense.hicloud.edca; className: android.widget.RelativeLayout; text: null; error: null; maxTextLength: -1; contentDescription: null; viewIdResName: null; checkable: false; checked: false; focusable: true; focused: false; selected: false; clickable: true; longClickable: false; enabled: true; password: false; scrollable: false; actions: [AccessibilityAction: ACTION_FOCUS - null, AccessibilityAction: ACTION_SELECT - null, AccessibilityAction: ACTION_CLEAR_SELECTION - null, AccessibilityAction: ACTION_CLICK - null, AccessibilityAction: ACTION_ACCESSIBILITY_FOCUS - null]
07-05 21:47:45.383 I/art     ( 8797): Background sticky concurrent mark sweep GC freed 2592(485KB) AllocSpace objects, 0(0B) LOS objects, 1% free, 30MB/30MB, paused 12.764ms total 66.432ms
07-05 21:47:45.386 D/HiNetworkImpl( 8797): doHttp_Asyn(): onReqResponse isSuccessful = true, back from thread: main
07-05 21:47:45.394 D/Player/PluginProvider@19c3480a( 8797): [TID 8827] PluginProvider() new
07-05 21:47:45.394 W/AbsPluginProvider( 8797): initialize<<(hostContext=com.hisense.hicloud.edca.BaseApplication@2adbac5c, context=com.qiyi.sdk.plugin.server.core.ContextProxy@39d4e87b, params={lib_dir=/data/data/com.hisense.hicloud.edca/files/plugin/2.1.0.59986/pluginplayer/1.64.0.59984/pluginplayer-release-1.64.0.59984-libs, file_path=/data/data/com.hisense.hicloud.edca/files/plugin/2.1.0.59986/pluginplayer/1.64.0.59984/pluginplayer-release-1.64.0.59984.apk}, info=AppInfo(hostVersion=2.1.0.59986mHostAllowDebug=false))
07-05 21:47:45.394 D/Player/PluginProvider@19c3480a( 8797): [TID 8827] onInitialize() lib path=/data/data/com.hisense.hicloud.edca/files/plugin/2.1.0.59986/pluginplayer/1.64.0.59984/pluginplayer-release-1.64.0.59984-libs
07-05 21:47:45.395 I/LogUtils( 8797): [TID 8827] log is open
07-05 21:47:45.397 W/QueryController( 8762): AccessibilityNodeInfo returned a null child (1 of 2)
07-05 21:47:45.400 D/Player/PluginProvider@19c3480a( 8797): [TID 8827] setupSdkFeature()
07-05 21:47:45.406 D/DtvSourcePlugin-DVBC(15961): Setting the EPG Updater state to: WAIT
07-05 21:47:45.414 I/HiNetworkImpl( 8797): doHttp_Asyn(): onSuccess clazz = class com.hisense.sdk.domain.ResponseResult, back from thread: main
07-05 21:47:45.414 I/HomeMainActivity( 8797): finishHttpTime : 11306985   276
07-05 21:47:45.416 D/til@system( 2026): til_get_system_param option:1000007 int:-1815632896, bool:0, ret:0
07-05 21:47:45.439 D/HttpHandler( 8797): VerifySignInterCeptor-->request.url()=http://picture.edu.hismarttv.com/images/20170629/%E5%AE%A2%E5%8E%85%E7%87%83%E8%84%82%E5%A5%B3%E7%8E%8B20170207081137502012.jpg
07-05 21:47:45.439 D/HttpHandler( 8797): VerifySignInterCeptor-->hostname=picture.edu.hismarttv.com
07-05 21:47:45.445 D/til@system( 2026): til_get_system_param option:1000009 int:-1936522112, bool:128, ret:0
07-05 21:47:45.446 D/til@system( 2026): til_get_system_param option:1000008 int:-1815634176, bool:0, ret:0
07-05 21:47:45.447 D/HiSDKLogReport( 8797): getOperationDetail-productName : LED50MU8600UC
07-05 21:47:45.447 D/HiSDKLogReport( 8797): getOperationDetail-plmNumber : 88888
07-05 21:47:45.447 D/HiSDKLogReport( 8797): getOperationDetail-swVersion : V0000.00.01A
07-05 21:47:45.447 D/HiSDKLogReport( 8797): getOperationDetail-operationDetail : LED50MU8600UC0000888
07-05 21:47:45.447 D/HiSDKLogReport( 8797): processLogReport-log : {eventType=163, appKey=1182445233, APPVersionName=3.0.0.9.00, devid=86100300900000500000060a4818fca8, mac=a8:a6:48:18:fc:a8, uuid=13287129, accessToken=72DF6038D2AEAB8A76DFBBBBCC428A4A_002202626749392, APIversion=501, logversion=2.0, devType=0, APPPackage=com.hisense.hicloud.edca, eventPos=002, requesttime=1499262465447, customerId=7195320, value2=, eventMessage=HttpConnection, value1=276, model_id=0, ChannelId=0, version=00.002.003, tv_distribute_id=00, subscriberId=13287129, APIVersion=600, PFAPPCode=652, softwareVersion=LED50MU8600UC0000888}
07-05 21:47:45.448 I/HomeMainActivity.java( 8797): VodLog-[onSuccess:1016]postExperienceVIP request fail.Error Message: id0
07-05 21:47:45.458 I/MyFragmentStateAdapter( 8797): getCount
07-05 21:47:45.458 I/MyFragmentStateAdapter( 8797): getCount
07-05 21:47:45.458 I/MyFragmentStateAdapter( 8797): getCount
07-05 21:47:45.458 I/MyFragmentStateAdapter( 8797): getCount
07-05 21:47:45.459 I/FirstLineAdapter( 8797): canShowTrailer,isOffline=false
07-05 21:47:45.459 I/FirstLineAdapter( 8797): canShowTrailer,isOffline=false
07-05 21:47:45.459 I/FirstLineAdapter( 8797): canShowTrailer,isOffline=false
07-05 21:47:45.459 I/FirstLineAdapter( 8797): canShowTrailer,isOffline=false
07-05 21:47:45.459 I/FirstLineAdapter( 8797): canShowTrailer,isOffline=false
07-05 21:47:45.459 I/FirstLineAdapter( 8797): canShowTrailer,isOffline=false
07-05 21:47:45.459 I/FirstLineAdapter( 8797): canShowTrailer,isOffline=false
07-05 21:47:45.459 I/FirstLineAdapter( 8797): canShowTrailer,isOffline=false
07-05 21:47:45.459 I/FirstLineAdapter( 8797): canShowTrailer,isOffline=false
07-05 21:47:45.466 I/MyFragmentStateAdapter( 8797): getCount
07-05 21:47:45.468 D/OkHttp  ( 8797): --> GET http://picture.edu.hismarttv.com/images/20170629/%E5%AE%A2%E5%8E%85%E7%87%83%E8%84%82%E5%A5%B3%E7%8E%8B20170207081137502012.jpg http/1.1
07-05 21:47:45.469 I/MiSysSrv( 1214): [37m[INFO] Change to Voltage: 117 mv (0x32)[m
07-05 21:47:45.470 D/OkHttp  ( 8797): Host: picture.edu.hismarttv.com
07-05 21:47:45.470 D/OkHttp  ( 8797): Connection: Keep-Alive
07-05 21:47:45.470 D/OkHttp  ( 8797): Accept-Encoding: gzip
07-05 21:47:45.470 D/OkHttp  ( 8797): User-Agent: okhttp/3.6.0
07-05 21:47:45.470 D/OkHttp  ( 8797): --> END GET
07-05 21:47:45.471 W/System.err( 8797): java.net.ConnectException: failed to connect to /10.18.210.112 (port 8900) after 6000ms: isConnected failed: ECONNREFUSED (Connection refused)
07-05 21:47:45.471 W/System.err( 8797): 	at libcore.io.IoBridge.isConnected(IoBridge.java:238)
07-05 21:47:45.471 W/System.err( 8797): 	at libcore.io.IoBridge.connectErrno(IoBridge.java:171)
07-05 21:47:45.471 W/System.err( 8797): 	at libcore.io.IoBridge.connect(IoBridge.java:122)
07-05 21:47:45.471 W/System.err( 8797): 	at java.net.PlainSocketImpl.connect(PlainSocketImpl.java:183)
07-05 21:47:45.471 W/System.err( 8797): 	at java.net.PlainSocketImpl.connect(PlainSocketImpl.java:456)
07-05 21:47:45.471 W/System.err( 8797): 	at java.net.Socket.connect(Socket.java:882)
07-05 21:47:45.472 W/System.err( 8797): 	at com.android.okhttp.internal.Platform.connectSocket(Platform.java:174)
07-05 21:47:45.472 W/System.err( 8797): 	at com.android.okhttp.Connection.connect(Connection.java:152)
07-05 21:47:45.472 W/System.err( 8797): 	at com.android.okhttp.internal.http.HttpEngine.connect(HttpEngine.java:276)
07-05 21:47:45.472 W/System.err( 8797): 	at com.android.okhttp.internal.http.HttpEngine.sendRequest(HttpEngine.java:211)
07-05 21:47:45.472 W/System.err( 8797): 	at com.android.okhttp.internal.http.HttpURLConnectionImpl.execute(HttpURLConnectionImpl.java:382)
07-05 21:47:45.472 W/System.err( 8797): 	at com.android.okhttp.internal.http.HttpURLConnectionImpl.connect(HttpURLConnectionImpl.java:106)
07-05 21:47:45.472 W/System.err( 8797): 	at com.hisense.hitv.hicloud.util.ExceptionReport.a(ExceptionReport.java:337)
07-05 21:47:45.472 D/PlayerSdk/PlayerSdkProject( 8797): [TID 8827] >> beginInitialize
07-05 21:47:45.472 W/System.err( 8797): 	at com.hisense.hitv.hicloud.util.ExceptionReport.a(ExceptionReport.java:39)
07-05 21:47:45.472 W/System.err( 8797): 	at com.hisense.hitv.hicloud.util.ExceptionReport$1.run(ExceptionReport.java:83)
07-05 21:47:45.472 W/System.err( 8797): 	at java.lang.Thread.run(Thread.java:818)
07-05 21:47:45.472 W/System.err( 8797): Caused by: android.system.ErrnoException: isConnected failed: ECONNREFUSED (Connection refused)
07-05 21:47:45.472 D/PlayerSdk/SdkConfigManager( 8797): [TID 8827] setupConfig: context=com.qiyi.sdk.plugin.server.core.ContextProxy@39d4e87b
07-05 21:47:45.472 W/ContextProxy( 8797): getAssets() mAssetManager=android.content.res.AssetManager@39c0b29
07-05 21:47:45.472 W/System.err( 8797): 	at libcore.io.IoBridge.isConnected(IoBridge.java:223)
07-05 21:47:45.472 W/System.err( 8797): 	... 15 more
07-05 21:47:45.474 D/PlayerSdk/SdkConfigManager( 8797): [TID 8827] setupConfig: strEncrypted=VVVJRD0yMDE3MDQyNTExMzUzNzkxMmdlVEdXS0REMTE3MDIsQ1VTVE9NRVJfSUQ9NjAsUExBWUVSX0NPTkZJR19UWVBFPTQsUExBVEZPUk1fVFZBUEk9SEFJWElOLElTX1NVUFBPUlRfWUlOSEVfUElOR0JBQ0s9ZmFsc2UsSVNfRU5CQUxFX0gyNjU9ZmFsc2UsSVNfRU5BQkxFX0RPTEJZPWZhbHNlLElTX0VOQkFMRV80Sz0sSVNfRU5CQUxFX0RPTEJZX1ZJU0lPTj0sSVNfRU5CQUxFX0hEUjEwPSxJU19VU0VfVE1UU19MT0NBTF9TSUdOPWZhbHNlLElTX0dFVF9VVUlEX0ZST01fU0VSVkVSPXRydWUsQ0ROX0RJU1BBVENIX1BBUkFNPSxET01BSU5fTkFNRT1wdHF5LmdpdHYudHYsTkFUSVZFX1BMQVlFUl9CUkFORD1IaVNlbnNlLExPR0lOX1RZUEU9U1VCX0FDQ09VTlQsQ1VTVE9NRVJfUEFDS0FHRV9OQU1FPWNvbS5oaXNlbnNlLmhpY2xvdWQuZWRjYSxJU19ERUJVR19WRVJTSU9OPWZhbHNlLE5BVElWRV9QTEFZRVJfQ09ERUNUWVBFPSxQTEFZRVJfUExBVEZPUk09UF9IaXNlbnNlLEVOQUJMRV9TRVRfQklUU1RSRUFNPXRydWUsREVGQVVMVF9DRkdfQklUU1RSRUFNPSw=
07-05 21:47:45.475 I/MyFragmentStateAdapter( 8797): getCount
07-05 21:47:45.476 I/System.out( 8797): decode
07-05 21:47:45.476 W/ContextProxy( 8797): getResources() mResources=android.content.res.Resources@f85544f
07-05 21:47:45.503 I/art     ( 8797): Background partial concurrent mark sweep GC freed 23574(1789KB) AllocSpace objects, 2(1518KB) LOS objects, 12% free, 27MB/31MB, paused 6.285ms total 97.092ms
07-05 21:47:45.569 I/MiSysSrv( 1214): [37m[INFO] Change to Voltage: 112 mv (0x2D)[m
07-05 21:47:45.580 W/ContextProxy( 8797): getResources() mResources=android.content.res.Resources@f85544f
07-05 21:47:45.583 I/System.out( 8797): ok
07-05 21:47:45.585 I/System.out( 8797): UUID=20170425113537912geTGWKDD11702,CUSTOMER_ID=60,PLAYER_CONFIG_TYPE=4,PLATFORM_TVAPI=HAIXIN,IS_SUPPORT_YINHE_PINGBACK=false,IS_ENBALE_H265=false,IS_ENABLE_DOLBY=false,IS_ENBALE_4K=,IS_ENBALE_DOLBY_VISION=,IS_ENBALE_HDR10=,IS_USE_TMTS_LOCAL_SIGN=false,IS_GET_UUID_FROM_SERVER=true,CDN_DISPATCH_PARAM=,DOMAIN_NAME=ptqy.gitv.tv,NATIVE_PLAYER_BRAND=HiSense,LOGIN_TYPE=SUB_ACCOUNT,CUSTOMER_PACKAGE_NAME=com.hisense.hicloud.edca,IS_DEBUG_VERSION=false,NATIVE_PLAYER_CODECTYPE=,PLAYER_PLATFORM=P_Hisense,ENABLE_SET_BITSTREAM=true,DEFAULT_CFG_BITSTREAM=,
07-05 21:47:45.585 I/System.out( 8797): hook :UUID=20170425113537912geTGWKDD11702,CUSTOMER_ID=60,PLAYER_CONFIG_TYPE=4,PLATFORM_TVAPI=HAIXIN,IS_SUPPORT_YINHE_PINGBACK=false,IS_ENBALE_H265=false,IS_ENABLE_DOLBY=false,IS_ENBALE_4K=,IS_ENBALE_DOLBY_VISION=,IS_ENBALE_HDR10=,IS_USE_TMTS_LOCAL_SIGN=false,IS_GET_UUID_FROM_SERVER=true,CDN_DISPATCH_PARAM=,DOMAIN_NAME=ptqy.gitv.tv,NATIVE_PLAYER_BRAND=HiSense,LOGIN_TYPE=SUB_ACCOUNT,CUSTOMER_PACKAGE_NAME=com.hisense.hicloud.edca,IS_DEBUG_VERSION=false,NATIVE_PLAYER_CODECTYPE=,PLAYER_PLATFORM=P_Hisense,ENABLE_SET_BITSTREAM=true,DEFAULT_CFG_BITSTREAM=,
07-05 21:47:45.588 D/PlayerSdk/SdkConfig( 8797): [TID 8827] initialize({PLAYER_PLATFORM=P_Hisense, NATIVE_PLAYER_BRAND=HiSense, CUSTOMER_ID=60, ENABLE_SET_BITSTREAM=true, IS_ENBALE_H265=false, UUID=20170425113537912geTGWKDD11702, IS_GET_UUID_FROM_SERVER=true, IS_DEBUG_VERSION=false, IS_ENABLE_DOLBY=false, CUSTOMER_PACKAGE_NAME=com.hisense.hicloud.edca, IS_USE_TMTS_LOCAL_SIGN=false, PLATFORM_TVAPI=HAIXIN, DOMAIN_NAME=ptqy.gitv.tv, LOGIN_TYPE=SUB_ACCOUNT, IS_SUPPORT_YINHE_PINGBACK=false, PLAYER_CONFIG_TYPE=4})
07-05 21:47:45.594 D/PlayerSdk/SdkConfig( 8797): [TID 8827] initialize(), name=com.hisense.hicloud.edca
07-05 21:47:45.594 D/PlayerSdk/SdkConfig( 8797): [TID 8827] initialize(),mCustomerPackageNames=[com.hisense.hicloud.edca]
07-05 21:47:45.595 D/SdkConfigUtils( 8797): [TID 8827] parsePlatformType(HAIXIN)
07-05 21:47:45.595 D/SdkConfigUtils( 8797): [TID 8827] parseLoginType(SUB_ACCOUNT)
07-05 21:47:45.596 D/SdkConfigUtils( 8797): [TID 8827] parsePlayerPlatform(P_Hisense)
07-05 21:47:45.596 D/PlayerSdk/SdkConfigManager( 8797): [TID 8827] setupConfig: mCurrentConfig=SdkConfig@34c5c7ba{mCustomerCode=60, mPlayerConfigType=4, mPlatformType=HAIXIN, mLoginType=SUB_ACCOUNT, mIsEnableDolby=false, mIsEnableH265=false, mIsEnable4K=true, mIsSupportYinhePingback=false, mShouldDoPlayCheck=true, mshouldGetUuidFromServer=true, mPingbackS1=2, mPingbackS2=simple_sdk, mPingbackP2=3128, mDomainName=ptqy.gitv.tv, mIsDebugVersion=false, mIsDebugVersion=false, mCustomerPackageNames=[com.hisense.hicloud.edca], mEnableSetBitstream=true}
07-05 21:47:45.616 I/TVMW@HsTvSetting( 1234): Trace cmd, data = 0x1058
07-05 21:47:45.617 D/til@system( 2026): til_get_system_param option:100002F int:0, bool:0, ret:0
07-05 21:47:45.617 I/TVMW@HsTvSetting( 1234): Trace cmd, data = 0x101f
07-05 21:47:45.617 D/til@system( 2026): til_get_system_param option:100001D int:3, bool:3, ret:0
07-05 21:47:45.618 E/til     ( 2026): [til_get_current_input_source, 101] 
07-05 21:47:45.618 I/TVMW@HsTvSetting( 1234): Trace cmd, data = 0x7007
07-05 21:47:45.618 I/tilwrapper@sm( 2026): HS2TIL_SourceType *hs=0xd, *til=0x900
07-05 21:47:45.618 D/til     ( 2026): get current source 2304
07-05 21:47:45.618 D/SourceRemoteServiceHandler( 2026): getCurrentInputSource.from.til.result is 0, value is 2304
07-05 21:47:45.618 D/SourceRemoteServiceHandler( 2026): getInputSourceType source: 0x900, type=2304
07-05 21:47:45.618 D/til     ( 2026): ###### func:til_get_picture_param option:0x3000006 ######  
07-05 21:47:45.618 I/TVMW@HsTvSetting( 1234): Trace cmd, data = 0x1003
07-05 21:47:45.620 I/TVMW@HsTvSetting( 1234): Trace cmd, data = 0x8032
07-05 21:47:45.620 I/hstvos  ( 1216): [0m[1;33m[HSHAL][HS_VIDEO][HS_HAL_Video_SetOsdDetect_v2][2389]u16Threshold = 20
07-05 21:47:45.620 I/MiSysSrv( 1214): Not support now! 42, change to mm_video!!!
07-05 21:47:45.630 I/art     ( 8797): Background sticky concurrent mark sweep GC freed 1754(249KB) AllocSpace objects, 1(16KB) LOS objects, 0% free, 31MB/31MB, paused 9.126ms total 58.003ms
07-05 21:47:45.640 E/TVMW@videoctrl( 1234):  getOsd is 1
07-05 21:47:45.649 D/til@system( 2026): til_get_system_param option:1000027 int:1, bool:1, ret:0
07-05 21:47:45.650 D/til     ( 2026): ###### func:til_get_picture_param option:0x3000045 ######  
07-05 21:47:45.650 I/TVMW@HsTvSetting( 1234): Trace cmd, data = 0x300c
07-05 21:47:45.650 I/TVMW@HsTvSetting( 1234): Trace 3d, data = 0x300c
07-05 21:47:45.650 I/TVMW@3d ( 1234): Hs_debug3d_trace: func:get3dStatus, line:109
07-05 21:47:45.661 I/VideoCapabilities( 8797): Unsupported profile 4 for video/mp4v-es
07-05 21:47:45.661 I/VideoCapabilities( 8797): Unsupported profile 4 for video/mp4v-es
07-05 21:47:45.661 I/VideoCapabilities( 8797): Unsupported profile 4 for video/mp4v-es
07-05 21:47:45.661 I/VideoCapabilities( 8797): Unsupported profile 4 for video/mp4v-es
07-05 21:47:45.661 I/VideoCapabilities( 8797): Unsupported profile 4 for video/mp4v-es
07-05 21:47:45.661 I/VideoCapabilities( 8797): Unsupported profile 4 for video/mp4v-es
07-05 21:47:45.661 I/VideoCapabilities( 8797): Unsupported profile 4 for video/mp4v-es
07-05 21:47:45.661 I/VideoCapabilities( 8797): Unsupported profile 4 for video/mp4v-es
07-05 21:47:45.661 I/VideoCapabilities( 8797): Unsupported profile 8 for video/mp4v-es
07-05 21:47:45.661 I/VideoCapabilities( 8797): Unsupported profile 8 for video/mp4v-es
07-05 21:47:45.661 I/VideoCapabilities( 8797): Unsupported profile 8 for video/mp4v-es
07-05 21:47:45.661 I/VideoCapabilities( 8797): Unsupported profile 8 for video/mp4v-es
07-05 21:47:45.661 I/VideoCapabilities( 8797): Unsupported profile 8 for video/mp4v-es
07-05 21:47:45.661 I/VideoCapabilities( 8797): Unsupported profile 8 for video/mp4v-es
07-05 21:47:45.661 I/VideoCapabilities( 8797): Unsupported profile 8 for video/mp4v-es
07-05 21:47:45.661 I/VideoCapabilities( 8797): Unsupported profile 8 for video/mp4v-es
07-05 21:47:45.661 I/VideoCapabilities( 8797): Unsupported profile 1024 for video/mp4v-es
