07-06 01:01:07.801 I/ActivityManager( 1733): TR16) TaskRecord{cd10cea #4980 A=com.jamdeo.launcher U=0 sz=1}
07-06 01:01:07.801 I/ActivityManager( 1733): TR15) TaskRecord{13b8a5ca #5570 A=com.hisense.hicloud.edca U=0 sz=0}
07-06 01:01:07.807 I/UsageStatsService( 1733): resumed component name is ComponentInfo{com.jamdeo.launcher/com.jamdeo.launcher.app.BaseTileActivity}
07-06 01:01:07.807 D/UsageStatsService( 1733): User[0] Got usage event for com.jamdeo.launcher[1499274067808]: MOVE_TO_FOREGROUND
--------- beginning of main
07-06 01:01:36.991 I/HomeMainActivity(19249): this is LowMemoryConfiguration 
07-06 01:01:37.048 I/TVMW@HsTvSetting( 1234): Trace cmd, data = 0x1058
07-06 01:01:37.048 D/til@system( 2026): til_get_system_param option:100002F int:0, bool:0, ret:0
07-06 01:01:37.049 I/TVMW@HsTvSetting( 1234): Trace cmd, data = 0x101f
07-06 01:01:37.049 D/til@system( 2026): til_get_system_param option:100001D int:3, bool:3, ret:0
07-06 01:01:37.049 E/til     ( 2026): [til_get_current_input_source, 101] 
07-06 01:01:37.049 I/TVMW@HsTvSetting( 1234): Trace cmd, data = 0x7007
07-06 01:01:37.049 I/tilwrapper@sm( 2026): HS2TIL_SourceType *hs=0xd, *til=0x900
07-06 01:01:37.049 D/til     ( 2026): get current source 2304
07-06 01:01:37.049 D/SourceRemoteServiceHandler( 2026): getCurrentInputSource.from.til.result is 0, value is 2304
07-06 01:01:37.049 D/SourceRemoteServiceHandler( 2026): getInputSourceType source: 0x900, type=2304
07-06 01:01:37.049 D/til     ( 2026): ###### func:til_get_picture_param option:0x3000006 ######  
07-06 01:01:37.050 I/TVMW@HsTvSetting( 1234): Trace cmd, data = 0x1003
07-06 01:01:37.050 I/TVMW@HsTvSetting( 1234): Trace cmd, data = 0x8032
07-06 01:01:37.641 D/TabView (19249): 
07-06 01:01:37.643 D/TabView (19249): 
07-06 01:01:37.644 D/TabView (19249): 
07-06 01:01:37.645 D/TabView (19249): 
07-06 01:01:37.651 I/MyFragmentStateAdapter(19249): getCount
07-06 01:01:37.651 I/MyFragmentStateAdapter(19249): getCount
07-06 01:01:37.654 D/Surface ( 1733): onStatusChange() : mNativeObject = 547334906368 mUseImageHwRender = false
07-06 01:01:37.654 V/Surface ( 1733): nativeSetHardwareRender() : status = 0
07-06 01:01:37.655 V/Surface ( 1733): nativeSetHardwareRender() : end
07-06 01:01:37.655 D/OsdMonitorService( 1733): mCurrentWindow = com.hisense.hicloud.edca/com.hisense.hicloud.edca.activity.EntryActivity; newWindow = com.hisense.hicloud.edca/com.hisense.tvui.newhome.HomeMainActivity; isSubWindow = false; isInWinList = false; isExitNow = false
07-06 01:01:37.655 D/OsdMonitorService( 1733): windowNotOsd() : name = com.hisense.hicloud.edca/com.hisense.tvui.newhome.HomeMainActivity
07-06 01:01:37.655 I/OsdMonitorService( 1733): setOsdStatus() : status will change from true to true
07-06 01:01:37.672 D/PowerManagerService( 1733): setScreenBrightnessOverrideFromWindowManagerInternal done
07-06 01:01:37.674 D/PowerManagerService( 1733): setScreenBrightnessOverrideFromWindowManagerInternal done
07-06 01:01:37.677 E/btif_config( 2964): [btif_config_get] node is TRUE!
07-06 01:01:37.677 E/btif_config( 2964): [btif_config_get] ret is TRUE!
07-06 01:01:37.684 D/HttpHandler(19249): VerifySignInterCeptor-->dateType=1
07-06 01:01:37.684 D/HttpHandler(19249): VerifySignInterCeptor-->HttpRequestManager.httpClietOption.getVerifyFlag()=1
07-06 01:01:37.686 D/HttpHandler(19249): VerifySignInterCeptor-->content={"message": "\u65e0\u4efb\u4f55\u4f1a\u5458\u8ba2\u5355", "success": false}
07-06 01:01:37.708 D/Surface ( 1733): onStatusChange() : mNativeObject = 0 mUseImageHwRender = false
07-06 01:01:37.709 D/Surface (19249): onStatusChange() : mNativeObject = -195830784 mUseImageHwRender = false
07-06 01:01:37.709 V/Surface (19249): nativeSetHardwareRender() : status = 0
07-06 01:01:37.709 V/Surface (19249): nativeSetHardwareRender() : end
07-06 01:01:37.720 D/DtvSourcePlugin-DVBC( 4289): Setting the EPG Updater state to: WAIT
07-06 01:01:37.723 D/gralloc ( 1204): allocate buffer from ION HEAP 0x1
07-06 01:01:37.723 D/gralloc ( 1204): allocate memory from system heap
07-06 01:01:37.730 D/gralloc ( 1204): allocate buffer from ION HEAP 0x1
07-06 01:01:37.730 D/gralloc ( 1204): allocate memory from system heap
07-06 01:01:37.733 D/gralloc ( 1204): allocate buffer from ION HEAP 0x1
07-06 01:01:37.733 D/gralloc ( 1204): allocate memory from system heap
07-06 01:01:37.737 D/TabView (19249): 
07-06 01:01:37.743 D/TabView (19249): 
07-06 01:01:37.766 D/TabView (19249): 
07-06 01:01:37.783 D/TabView (19249): 
07-06 01:01:37.799 D/TabView (19249): 
07-06 01:01:37.817 D/TabView (19249): 
07-06 01:01:37.831 I/TabView (19249): onScroll:,firstItem=0,visibleCount=6,totalCount=10
07-06 01:01:37.837 E/RecyclerView(19249): No adapter attached; skipping layout
07-06 01:01:37.838 E/RecyclerView(19249): No adapter attached; skipping layout
07-06 01:01:37.838 E/RecyclerView(19249): No adapter attached; skipping layout
07-06 01:01:37.848 I/VerticalPageTransformer(19249): transformPage android.widget.RelativeLayout{18171d29 V.E..... ......ID 0,0-1768,1080}, pos= 0.0
07-06 01:01:37.848 I/VerticalPageTransformer(19249): transformPage android.widget.RelativeLayout{22d3b64f V.E..... ......ID -1768,0-0,1080}, pos= -1.0
07-06 01:01:37.849 I/VerticalPageTransformer(19249): transformPage android.widget.RelativeLayout{345b62e5 V.E..... ......ID 1768,0-3536,1080}, pos= 1.0
07-06 01:01:37.852 I/TabView (19249): onfocuschange:true
07-06 01:01:37.860 E/sloven  (19249): top0w0
07-06 01:01:37.861 I/Choreographer(19249): Skipped 30 frames!  The application may be doing too much work on its main thread.
07-06 01:01:37.883 D/TabView (19249): 
07-06 01:01:37.892 D/TabView (19249): 
07-06 01:01:37.894 D/TabView (19249): 
07-06 01:01:37.905 D/TabView (19249): 
07-06 01:01:37.907 D/TabView (19249): 
07-06 01:01:37.910 D/TabView (19249): 
07-06 01:01:37.912 D/TabView (19249): 
07-06 01:01:37.918 D/TabView (19249): 
07-06 01:01:37.921 D/TabView (19249): 
07-06 01:01:37.924 D/TabView (19249): 
07-06 01:01:37.925 D/TabView (19249): 
07-06 01:01:37.928 D/TabView (19249): 
07-06 01:01:37.930 D/TabView (19249): 
07-06 01:01:37.931 D/TabView (19249): 
07-06 01:01:37.933 D/TabView (19249): 
07-06 01:01:37.935 D/TabView (19249): 
07-06 01:01:37.936 D/TabView (19249): 
07-06 01:01:37.938 D/TabView (19249): 
07-06 01:01:37.940 D/TabView (19249): 
07-06 01:01:37.942 D/TabView (19249): 
07-06 01:01:37.944 D/TabView (19249): 
07-06 01:01:37.946 D/TabView (19249): 
07-06 01:01:37.948 D/TabView (19249): 
07-06 01:01:37.950 D/TabView (19249): 
07-06 01:01:37.957 D/TabView (19249): 
07-06 01:01:37.959 D/TabView (19249): 
07-06 01:01:37.960 I/HLSP2P  ( 3457): ## 2017-07-06 01:01:37.922 [3457,3628,:0] INFO ## [HLSP2P][TaskManager.cpp:855][INFO][UpdateGlobalInfo]totalDataSize: 0, totalMemorySize: 0, totalCacheSize: 0, curUploadSpeedKB: 0
07-06 01:01:37.961 D/TabView (19249): 
07-06 01:01:37.963 D/TabView (19249): 
07-06 01:01:37.967 I/HLSP2P  ( 3457): ## 2017-07-06 01:01:37.966 [3457,3628,:0] INFO ## [HLSP2P][TaskManager.cpp:1325][INFO][TryAdjustMemorySize]system memory total size: 1912M, free size: 588MB, cache add to 30MB, AppState: 14
07-06 01:01:37.969 D/TabView (19249): 
07-06 01:01:37.970 D/TabView (19249): 
07-06 01:01:37.974 D/TabView (19249): 
07-06 01:01:37.976 D/TabView (19249): 
07-06 01:01:37.993 I/TabView (19249): onScroll:,firstItem=0,visibleCount=6,totalCount=10
07-06 01:01:38.008 I/MyFragmentStateAdapter(19249): getCount
07-06 01:01:38.052 D/OsdMonitorService( 1733): mCurrentWindow = com.hisense.hicloud.edca/com.hisense.tvui.newhome.HomeMainActivity; newWindow = com.hisense.hicloud.edca/com.hisense.tvui.newhome.HomeMainActivity; isSubWindow = false; isInWinList = false; isExitNow = false
07-06 01:01:38.052 D/OsdMonitorService( 1733): windowNotOsd() : name = com.hisense.hicloud.edca/com.hisense.tvui.newhome.HomeMainActivity
07-06 01:01:38.052 I/OsdMonitorService( 1733): setOsdStatus() : status will change from true to true
07-06 01:01:38.053 D/PowerManagerService( 1733): setScreenBrightnessOverrideFromWindowManagerInternal done
07-06 01:01:38.056 D/PowerManagerService( 1733): setScreenBrightnessOverrideFromWindowManagerInternal done
07-06 01:01:38.057 I/ActivityManager( 1733): Displayed com.hisense.hicloud.edca/com.hisense.tvui.newhome.HomeMainActivity: +1s333ms
07-06 01:01:38.062 D/HiNetworkImpl(19249): doHttp_Asyn(): onReqResponse isSuccessful = true, back from thread: main
07-06 01:01:38.062 I/HiNetworkImpl(19249): doHttp_Asyn(): onSuccess clazz = class com.hisense.sdk.domain.ResponseResult, back from thread: main
07-06 01:01:38.063 I/BaseApplication(19249): checkAccount --- account available.
07-06 01:01:38.063 I/MyFragmentStateAdapter(19249): getCount
07-06 01:01:38.064 I/TVMW@HsTvSetting( 1234): Trace cmd, data = 0x1058
07-06 01:01:38.064 D/til@system( 2026): til_get_system_param option:100002F int:0, bool:0, ret:0
07-06 01:01:38.064 I/TVMW@HsTvSetting( 1234): Trace cmd, data = 0x101f
07-06 01:01:38.064 D/PowerManagerService( 1733): setScreenBrightnessOverrideFromWindowManagerInternal done
07-06 01:01:38.064 D/til@system( 2026): til_get_system_param option:100001D int:3, bool:3, ret:0
07-06 01:01:38.064 E/til     ( 2026): [til_get_current_input_source, 101] 
07-06 01:01:38.064 D/HiNetworkImpl(19249): doHttp_Asyn(): onReqResponse isSuccessful = true, back from thread: main
07-06 01:01:38.064 I/TVMW@HsTvSetting( 1234): Trace cmd, data = 0x7007
07-06 01:01:38.064 I/HiNetworkImpl(19249): doHttp_Asyn(): onSuccess clazz = class com.hisense.sdk.domain.SearchResult, back from thread: main
07-06 01:01:38.064 I/tilwrapper@sm( 2026): HS2TIL_SourceType *hs=0xd, *til=0x900
07-06 01:01:38.065 D/til     ( 2026): get current source 2304
07-06 01:01:38.065 I/RefreshPaidListUits(19249): -----------------------RefreshPaidListUits  ==0
07-06 01:01:38.065 D/SourceRemoteServiceHandler( 2026): getCurrentInputSource.from.til.result is 0, value is 2304
07-06 01:01:38.065 I/BaseContentFragment(19249): MSG_GET_DATA: handle lazy load
07-06 01:01:38.065 D/SourceRemoteServiceHandler( 2026): getInputSourceType source: 0x900, type=2304
07-06 01:01:38.065 I/BaseContentFragment(19249): showLoadingView
07-06 01:01:38.065 D/til     ( 2026): ###### func:til_get_picture_param option:0x3000006 ######  
07-06 01:01:38.068 I/TVMW@HsTvSetting( 1234): Trace cmd, data = 0x1003
07-06 01:01:38.068 I/TVMW@HsTvSetting( 1234): Trace cmd, data = 0x8032
07-06 01:01:38.069 I/hstvos  ( 1216): [0m[1;33m[HSHAL][HS_VIDEO][HS_HAL_Video_SetOsdDetect_v2][2389]u16Threshold = 20
07-06 01:01:38.069 D/HttpHandler(19249): VerifySignInterCeptor-->request.url()=http://picture.edu.hismarttv.com/images/20170628121916725281.png
07-06 01:01:38.069 D/HttpHandler(19249): VerifySignInterCeptor-->hostname=picture.edu.hismarttv.com
07-06 01:01:38.075 D/SUSLog  (19249): CheckAppUpdateService>>appUpgradeReply reply fail
07-06 01:01:38.075 D/SUSLog  (19249): CheckAppUpdateService>>ErrorCode = 205001 ErrorName = :
07-06 01:01:38.075 D/SUSLog  (19249): CheckAppUpdateService>>checkAppUpgrade i=0
07-06 01:01:38.075 D/SUSLog  (19249): CheckAppUpdateService>>haveUpdate appUpgradeReply = com.hisense.hitv.hicloud.bean.upgrade.AppUpgradeReply@a0458d4
07-06 01:01:38.075 D/SUSLog  (19249): CheckAppUpdateService>>reply = 1
07-06 01:01:38.080 I/MiSysSrv( 1214): Not support now! 42, change to mm_video!!!
07-06 01:01:38.080 I/HomeDataPresenter(19249): getContentData: channelId = 0, sChoiceChannelId = 0 RoleContentFragment596838169,isOffline = false
07-06 01:01:38.080 I/CacheUtil(19249): getFromCache: 0
07-06 01:01:38.080 I/CacheUtil(19249): now time dealy=1,time service=7200
07-06 01:01:38.080 I/HomeDataPresenter(19249): cache item not null
07-06 01:01:38.080 I/RoleContentFragment(19249): setMasterData isRefresh=false
07-06 01:01:38.081 E/TVMW@videoctrl( 1234):  getOsd is 1
07-06 01:01:38.082 D/til@system( 2026): til_get_system_param option:1000027 int:1, bool:1, ret:0
07-06 01:01:38.082 D/til     ( 2026): ###### func:til_get_picture_param option:0x3000045 ######  
07-06 01:01:38.083 I/TVMW@HsTvSetting( 1234): Trace cmd, data = 0x300c
07-06 01:01:38.083 I/TVMW@HsTvSetting( 1234): Trace 3d, data = 0x300c
07-06 01:01:38.083 I/TVMW@3d ( 1234): Hs_debug3d_trace: func:get3dStatus, line:109
07-06 01:01:38.083 D/SUSLog  (19249): CheckAppUpdateService>>targetVersionCode = 0
07-06 01:01:38.083 D/SUSLog  (19249): CheckAppUpdateService>>haveUpdate appUpgradeReply = com.hisense.hitv.hicloud.bean.upgrade.AppUpgradeReply@a0458d4
07-06 01:01:38.083 D/SUSLog  (19249): CheckAppUpdateService>>reply = 1
07-06 01:01:38.090 I/HeaderTokenManager(19249): Weather Data from HiCloud is still validate.
07-06 01:01:38.090 D/ContentValues(19249): getPlaceInfo: 
07-06 01:01:38.128 E/ContentValues(19249): refreshNetStatus: 
07-06 01:01:38.133 D/CommonHeader(19249): setPerson: true
07-06 01:01:38.134 D/ContentValues(19249): getIconDrawable :  icon == null:true
07-06 01:01:38.134 D/CommonHeader(19249): icon == null
07-06 01:01:38.135 D/CommonHeader(19249): WeatherCode: 01
07-06 01:01:38.136 D/HttpHandler(19249): VerifySignInterCeptor-->request.url()=http://picture.edu.hismarttv.com/images/20170628115302475663.png
07-06 01:01:38.136 D/HttpHandler(19249): VerifySignInterCeptor-->hostname=picture.edu.hismarttv.com
07-06 01:01:38.137 D/HttpHandler(19249): HttpDNS-->hostname=picture.edu.hismarttv.com
07-06 01:01:38.137 D/hwcomposer( 1204): lastHWWindowInfo is dirty
07-06 01:01:38.138 D/HttpHandler(19249): HttpDNS-->hostname=picture.edu.hismarttv.com
07-06 01:01:38.140 D/HttpHandler(19249): DNSRetryIntercepter-->http://118.178.149.42/d?device_id=86100300900000500000060a4818fca8&host=b5d1d96093f9d07d386917b5d3b91cdcb031311b90271792b45951b69dc9c054dc862a7c9178ba82684e325a98b554b4&last=
07-06 01:01:38.140 D/HttpHandler(19249): DNSRetryIntercepter-->118.178.149.42
07-06 01:01:38.141 D/HttpHandler(19249): GslbDNS-->hostName=118.178.149.42
07-06 01:01:38.144 D/HttpHandler(19249): DNSRetryIntercepter-->http://118.178.149.42/d?device_id=86100300900000500000060a4818fca8&host=b5d1d96093f9d07d386917b5d3b91cdcb031311b90271792b45951b69dc9c054dc862a7c9178ba82684e325a98b554b4&last=
07-06 01:01:38.145 D/HttpHandler(19249): DNSRetryIntercepter-->118.178.149.42
07-06 01:01:38.146 D/HttpHandler(19249): GslbDNS-->hostName=118.178.149.42
07-06 01:01:38.149 E/ContentValues(19249): refreshNetStatus: 
07-06 01:01:38.158 E/ContentValues(19249): refreshNetStatus: 
07-06 01:01:38.160 E/CommonHeader(19249): setNetStatusIcon: 30002
07-06 01:01:38.160 E/ContentValues(19249): refreshNetStatus: 
07-06 01:01:38.164 D/CommonHeader(19249): SLOVEN setPlaceInfo place---city::---
07-06 01:01:38.165 D/HeaderServiceManager(19249): adding listener com.hisense.tvui.newhome.view.header.view.CommonHeader$HeaderWeatherInfoListener@38fbd8ca
07-06 01:01:38.165 D/BaseContentFragment(19249): header logoone open
07-06 01:01:38.165 D/CommonHeader(19249): onTabStatusChanged tabstatus===>:40001
07-06 01:01:38.166 D/HttpHandler(19249): VerifySignInterCeptor-->request.url()=http://picture.edu.hismarttv.com/images/20170628111759213347.png
07-06 01:01:38.166 D/HttpHandler(19249): VerifySignInterCeptor-->hostname=picture.edu.hismarttv.com
07-06 01:01:38.167 D/HttpHandler(19249): HttpDNS-->hostname=picture.edu.hismarttv.com
07-06 01:01:38.176 D/HttpHandler(19249): DNSRetryIntercepter-->http://118.178.149.42/d?device_id=86100300900000500000060a4818fca8&host=b5d1d96093f9d07d386917b5d3b91cdcb031311b90271792b45951b69dc9c054dc862a7c9178ba82684e325a98b554b4&last=
07-06 01:01:38.176 D/HttpHandler(19249): DNSRetryIntercepter-->118.178.149.42
07-06 01:01:38.177 D/HttpHandler(19249): GslbDNS-->hostName=118.178.149.42
07-06 01:01:38.179 D/HttpHandler(19249): VerifySignInterCeptor-->request.url()=http://picture.edu.hismarttv.com/images/20170628111857828826.png
07-06 01:01:38.179 D/HttpHandler(19249): VerifySignInterCeptor-->hostname=picture.edu.hismarttv.com
07-06 01:01:38.180 D/HttpHandler(19249): HttpDNS-->hostname=picture.edu.hismarttv.com
07-06 01:01:38.182 D/HttpHandler(19249): DNSRetryIntercepter-->http://118.178.149.42/d?device_id=86100300900000500000060a4818fca8&host=b5d1d96093f9d07d386917b5d3b91cdcb031311b90271792b45951b69dc9c054dc862a7c9178ba82684e325a98b554b4&last=
07-06 01:01:38.182 D/HttpHandler(19249): DNSRetryIntercepter-->118.178.149.42
07-06 01:01:38.183 D/HttpHandler(19249): GslbDNS-->hostName=118.178.149.42
07-06 01:01:38.206 I/NetflixMonitorService( 1733): current fgapk : com.hisense.hicloud.edca
07-06 01:01:38.207 I/NetflixMonitorService( 1733): Netflix status unchanged
07-06 01:01:38.228 I/Utils   (19249): getScreenSize() SCREEN_WIDTH = 1920, SCREEN_HEIGHT = 1080, DENSITY = 2.0
07-06 01:01:38.230 D/FirstLineAdapter(19249): tiles6
07-06 01:01:38.231 I/FirstLineAdapter(19249): canShowTrailer,isOffline=false
07-06 01:01:38.231 I/SpecialFirstView(19249): setData ,canshowtrailer:true
07-06 01:01:38.238 I/FirstLineAdapter(19249): onAttachedToRecyclerView 
07-06 01:01:38.239 I/size    (19249): size=10
07-06 01:01:38.243 I/RoleContentFragment(19249): set recyclerview adapter
07-06 01:01:38.243 I/RoleContentFragment(19249): has not get  recommand data
07-06 01:01:38.243 I/HomeDataPresenter(19249): getRecommandData(): channelId = 0RoleContentFragment596838169
07-06 01:01:38.243 I/HttpDnsUtils(19249): get favorite tag 
07-06 01:01:38.244 D/OkHttp  (19249): --> GET http://118.178.149.42/d?device_id=86100300900000500000060a4818fca8&host=b5d1d96093f9d07d386917b5d3b91cdcb031311b90271792b45951b69dc9c054dc862a7c9178ba82684e325a98b554b4&last= http/1.1
07-06 01:01:38.244 D/OkHttp  (19249): Host: lbgs.hismarttv.com
07-06 01:01:38.244 D/OkHttp  (19249): Connection: Keep-Alive
07-06 01:01:38.244 D/OkHttp  (19249): Accept-Encoding: gzip
07-06 01:01:38.244 D/OkHttp  (19249): User-Agent: okhttp/3.6.0
07-06 01:01:38.244 D/OkHttp  (19249): --> END GET
07-06 01:01:38.250 I/HttpDnsUtils(19249): getRecommandData: http://api.edu.hismarttv.com/usercenter/api/individualize_data?devid=86100300900000500000060a4818fca8&customerId=7195320&subscriberId=13287129&ChannelId=0&tags=&version_id=6&region_name=%E6%9D%AD%E5%B7%9E
07-06 01:01:38.252 D/OkHttp  (19249): --> GET http://118.178.149.42/d?device_id=86100300900000500000060a4818fca8&host=b5d1d96093f9d07d386917b5d3b91cdcb031311b90271792b45951b69dc9c054dc862a7c9178ba82684e325a98b554b4&last= http/1.1
07-06 01:01:38.252 D/OkHttp  (19249): Host: lbgs.hismarttv.com
07-06 01:01:38.252 D/OkHttp  (19249): Connection: Keep-Alive
07-06 01:01:38.252 D/OkHttp  (19249): Accept-Encoding: gzip
07-06 01:01:38.252 D/OkHttp  (19249): User-Agent: okhttp/3.6.0
07-06 01:01:38.252 D/OkHttp  (19249): --> END GET
07-06 01:01:38.253 D/OkHttp  (19249): --> GET http://118.178.149.42/d?device_id=86100300900000500000060a4818fca8&host=b5d1d96093f9d07d386917b5d3b91cdcb031311b90271792b45951b69dc9c054dc862a7c9178ba82684e325a98b554b4&last= http/1.1
07-06 01:01:38.253 D/OkHttp  (19249): Host: lbgs.hismarttv.com
07-06 01:01:38.253 D/OkHttp  (19249): Connection: Keep-Alive
07-06 01:01:38.253 D/OkHttp  (19249): Accept-Encoding: gzip
07-06 01:01:38.253 D/OkHttp  (19249): User-Agent: okhttp/3.6.0
07-06 01:01:38.254 D/OkHttp  (19249): --> END GET
07-06 01:01:38.257 D/OkHttp  (19249): --> GET http://118.178.149.42/d?device_id=86100300900000500000060a4818fca8&host=b5d1d96093f9d07d386917b5d3b91cdcb031311b90271792b45951b69dc9c054dc862a7c9178ba82684e325a98b554b4&last= http/1.1
07-06 01:01:38.257 D/OkHttp  (19249): Host: lbgs.hismarttv.com
07-06 01:01:38.257 D/OkHttp  (19249): Connection: Keep-Alive
07-06 01:01:38.257 D/OkHttp  (19249): Accept-Encoding: gzip
07-06 01:01:38.257 D/OkHttp  (19249): User-Agent: okhttp/3.6.0
07-06 01:01:38.257 D/OkHttp  (19249): --> END GET
07-06 01:01:38.267 D/til@system( 2026): til_get_system_param option:1000007 int:-1815634176, bool:0, ret:0
07-06 01:01:38.268 D/til@system( 2026): til_get_system_param option:1000009 int:-1936522112, bool:128, ret:0
07-06 01:01:38.269 D/til@system( 2026): til_get_system_param option:1000008 int:-1936522368, bool:128, ret:0
07-06 01:01:38.271 D/HttpBuilder(19249): getOperationDetail-productName : LED50MU8600UC
07-06 01:01:38.271 D/HttpBuilder(19249): getOperationDetail-plmNumber : 88888
07-06 01:01:38.271 D/HttpBuilder(19249): getOperationDetail-swVersion : V0000.00.01A
07-06 01:01:38.271 D/HttpBuilder(19249): getOperationDetail-operationDetail : LED50MU8600UC0000888
07-06 01:01:38.304 I/HttpBuilder(19249): addUrlPublicParams mUrl ==>http://api.edu.hismarttv.com/usercenter/api/individualize_data?devid=86100300900000500000060a4818fca8&customerId=7195320&subscriberId=13287129&ChannelId=0&tags=&version_id=6&region_name=%E6%9D%AD%E5%B7%9E&uuid=13287129&mac=a8:a6:48:18:fc:a8&model_id=0&APPPackage=com.hisense.hicloud.edca&PFAPPCode=652&APPVersionName=3.0.0.9.00&softwareVersion=LED50MU8600UC0000888&tv_distribute_id=00&devType=0&APIVersion=600&accessToken=72DF6038D2AEAB8A76DFBBBBCC428A4A_002999544530487
07-06 01:01:38.306 I/RoleContentFragment(19249): real get recommand data
07-06 01:01:38.306 I/RoleContentFragment(19249): setBackGround ,isVisible=true,hasload=true
07-06 01:01:38.306 I/Util    (19249): memory : total=1912,limit=1024
07-06 01:01:38.306 I/BaseContentFragment(19249): hideLoadingView
07-06 01:01:38.306 I/RoleContentFragment(19249): getServiceData: 0
07-06 01:01:38.339 D/HiNetworkImpl(19249): doHttp_Asyn(): onReqResponse isSuccessful = true, back from thread: main
07-06 01:01:38.339 I/HiNetworkImpl(19249): doHttp_Asyn(): onSuccess clazz = class com.hisense.sdk.domain.DetailVipInfo, back from thread: main
07-06 01:01:38.341 W/HomeMainActivity(19249): sunliqin  get user has bought vip failed 
07-06 01:01:38.353 V/InputMethodService( 2203): startInput(): editor=android.view.inputmethod.EditorInfo@2ee25a34
07-06 01:01:38.353 V/InputMethodService( 2203): CALL: onFinishInput
07-06 01:01:38.358 D/TabView (19249): SLOVEN top===>:266
07-06 01:01:38.358 D/TabFocusBorderView(19249): SLOVEN runTranslateAnimation
07-06 01:01:38.358 D/TabFocusBorderView(19249): SLOVEN runTranslateAnimation
07-06 01:01:38.358 D/TabFocusBorderView(19249): SLOVEN moveFocusView
07-06 01:01:38.363 D/TabFocusBorderView(19249): SLOVEN onAnimationStart
07-06 01:01:38.366 D/TabView (19249): 
07-06 01:01:38.388 I/TVMW@devctrl( 1234): wdt
07-06 01:01:38.396 D/TabView (19249): 
07-06 01:01:38.399 D/TabView (19249): 
07-06 01:01:38.402 D/TabView (19249): 
07-06 01:01:38.404 E/SOGOUIME_JNI( 2203): reset
07-06 01:01:38.404 E/SOGOUIME_JNI( 2203): getCandidates
07-06 01:01:38.405 D/TabView (19249): 
07-06 01:01:38.408 D/TabView (19249): 
07-06 01:01:38.410 D/TabView (19249): 
07-06 01:01:38.412 D/TabView (19249): 
07-06 01:01:38.414 D/TabView (19249): 
07-06 01:01:38.417 D/TabView (19249): 
07-06 01:01:38.422 D/TabView (19249): 
07-06 01:01:38.424 D/TabView (19249): 
07-06 01:01:38.426 D/TabView (19249): 
07-06 01:01:38.429 D/TabView (19249): 
07-06 01:01:38.434 D/HttpHandler(19249): VerifySignInterCeptor-->request.url()=http://api.edu.hismarttv.com/usercenter/api/individualize_data?devid=86100300900000500000060a4818fca8&customerId=7195320&subscriberId=13287129&ChannelId=0&tags=&version_id=6&region_name=%E6%9D%AD%E5%B7%9E&uuid=13287129&mac=a8:a6:48:18:fc:a8&model_id=0&APPPackage=com.hisense.hicloud.edca&PFAPPCode=652&APPVersionName=3.0.0.9.00&softwareVersion=LED50MU8600UC0000888&tv_distribute_id=00&devType=0&APIVersion=600&accessToken=72DF6038D2AEAB8A76DFBBBBCC428A4A_002999544530487
07-06 01:01:38.434 D/HttpHandler(19249): VerifySignInterCeptor-->hostname=api.edu.hismarttv.com
07-06 01:01:38.435 D/TabView (19249): 
07-06 01:01:38.436 D/HttpHandler(19249): HttpDNS-->hostname=api.edu.hismarttv.com
07-06 01:01:38.442 D/HttpHandler(19249): RAMCache-->hostInfo.getClientTimeStamp()=22936438
07-06 01:01:38.442 D/HttpHandler(19249): RAMCache-->hostInfo.getTtl()=3600
07-06 01:01:38.442 D/HttpHandler(19249): RAMCache-->SystemClock.elapsedRealtime()=22940014
07-06 01:01:38.447 D/HttpHandler(19249): DNSHelper-->gslbDns=["123.103.91.123"]
07-06 01:01:38.450 D/TabView (19249): 
07-06 01:01:38.453 I/MyFragmentStateAdapter(19249): getCount
07-06 01:01:38.453 I/MyFragmentStateAdapter(19249): getCount
07-06 01:01:38.454 D/TabView (19249): 
07-06 01:01:38.457 D/TabView (19249): 
07-06 01:01:38.460 D/TabView (19249): 
07-06 01:01:38.462 D/TabView (19249): 
07-06 01:01:38.474 D/TabView (19249): 
07-06 01:01:38.484 D/TabView (19249): 
07-06 01:01:38.485 E/SOGOUIME_JNI( 2203): ime_get_uncommitted_length
07-06 01:01:38.485 E/SOGOUIME_JNI( 2203): getCandidates
07-06 01:01:38.485 D/SogouIME API( 2203): ==============num:32
07-06 01:01:38.485 E/SOGOUIME_JNI( 2203): ime_get_uncommitted_length
07-06 01:01:38.485 D/SogouIME( 2203): mFocusedComponent:30   isHkbEnable:false
07-06 01:01:38.485 E/SOGOUIME_JNI( 2203): ime_get_uncommitted_length
07-06 01:01:38.485 E/SOGOUIME_JNI( 2203): ime_get_committed_length
07-06 01:01:38.485 E/SOGOUIME_JNI( 2203): getComposingInfo
07-06 01:01:38.485 E/SOGOUIME_JNI( 2203): getComposingInfo
07-06 01:01:38.485 E/SOGOUIME_JNI( 2203): getCorrectInfo
07-06 01:01:38.485 E/SOGOUIME_JNI( 2203): getComposingInfo
07-06 01:01:38.491 D/TabView (19249): 
07-06 01:01:38.494 D/TabView (19249): 
07-06 01:01:38.496 D/TabView (19249): 
07-06 01:01:38.499 D/TabView (19249): 
07-06 01:01:38.500 D/OsdMonitorService( 1733): mCurrentWindow = com.hisense.hicloud.edca/com.hisense.tvui.newhome.HomeMainActivity; newWindow = com.hisense.hicloud.edca/com.hisense.tvui.newhome.HomeMainActivity; isSubWindow = false; isInWinList = false; isExitNow = false
07-06 01:01:38.500 D/OsdMonitorService( 1733): windowNotOsd() : name = com.hisense.hicloud.edca/com.hisense.tvui.newhome.HomeMainActivity
07-06 01:01:38.500 I/OsdMonitorService( 1733): setOsdStatus() : status will change from true to true
07-06 01:01:38.501 D/PowerManagerService( 1733): setScreenBrightnessOverrideFromWindowManagerInternal done
07-06 01:01:38.502 D/TabView (19249): 
07-06 01:01:38.503 D/PowerManagerService( 1733): setScreenBrightnessOverrideFromWindowManagerInternal done
07-06 01:01:38.505 D/TabView (19249): 
07-06 01:01:38.507 D/TabView (19249): 
07-06 01:01:38.507 D/PowerManagerService( 1733): setScreenBrightnessOverrideFromWindowManagerInternal done
07-06 01:01:38.509 D/OkHttp  (19249): <-- 200 OK http://118.178.149.42/d?device_id=86100300900000500000060a4818fca8&host=b5d1d96093f9d07d386917b5d3b91cdcb031311b90271792b45951b69dc9c054dc862a7c9178ba82684e325a98b554b4&last= (256ms)
07-06 01:01:38.509 D/OkHttp  (19249): Server: openresty
07-06 01:01:38.509 D/OkHttp  (19249): Date: Wed, 05 Jul 2017 17:01:38 GMT
07-06 01:01:38.509 D/OkHttp  (19249): Content-Type: application/octet-stream
07-06 01:01:38.509 D/OkHttp  (19249): Transfer-Encoding: chunked
07-06 01:01:38.509 D/OkHttp  (19249): Connection: close
07-06 01:01:38.509 D/OkHttp  (19249): <-- END HTTP
07-06 01:01:38.511 V/InputMethodService( 2203): CALL: onStartInput
07-06 01:01:38.512 E/SOGOUIME_JNI( 2203): invalidateCommitWordPinyinNative
07-06 01:01:38.512 D/SogouIME( 2203): =====configKeyboard=======:false     false
07-06 01:01:38.512 E/SOGOUIME_JNI( 2203): ime_set_hard_kb_enable
07-06 01:01:38.514 D/OkHttp  (19249): --> GET http://api.edu.hismarttv.com/usercenter/api/individualize_data?devid=86100300900000500000060a4818fca8&customerId=7195320&subscriberId=13287129&ChannelId=0&tags=&version_id=6&region_name=%E6%9D%AD%E5%B7%9E&uuid=13287129&mac=a8:a6:48:18:fc:a8&model_id=0&APPPackage=com.hisense.hicloud.edca&PFAPPCode=652&APPVersionName=3.0.0.9.00&softwareVersion=LED50MU8600UC0000888&tv_distribute_id=00&devType=0&APIVersion=600&accessToken=72DF6038D2AEAB8A76DFBBBBCC428A4A_002999544530487 http/1.1
07-06 01:01:38.514 D/OkHttp  (19249): Data_Type: JSON
07-06 01:01:38.514 D/OkHttp  (19249): RetryTime: 0
07-06 01:01:38.514 D/OkHttp  (19249): Backoffmutiplier: 0
07-06 01:01:38.514 D/OkHttp  (19249): Host: api.edu.hismarttv.com
07-06 01:01:38.514 D/OkHttp  (19249): Connection: Keep-Alive
07-06 01:01:38.514 D/OkHttp  (19249): Accept-Encoding: gzip
07-06 01:01:38.514 D/OkHttp  (19249): User-Agent: okhttp/3.6.0
07-06 01:01:38.514 D/OkHttp  (19249): --> END GET
07-06 01:01:38.517 D/TabView (19249): 
07-06 01:01:38.519 D/TabView (19249): 
07-06 01:01:38.522 D/TabView (19249): 
07-06 01:01:38.526 I/MyFragmentStateAdapter(19249): getCount
07-06 01:01:38.526 I/MyFragmentStateAdapter(19249): getCount
07-06 01:01:38.530 D/OkHttp  (19249): <-- 200 OK http://118.178.149.42/d?device_id=86100300900000500000060a4818fca8&host=b5d1d96093f9d07d386917b5d3b91cdcb031311b90271792b45951b69dc9c054dc862a7c9178ba82684e325a98b554b4&last= (275ms)
07-06 01:01:38.530 D/OkHttp  (19249): Server: openresty
07-06 01:01:38.530 D/OkHttp  (19249): Date: Wed, 05 Jul 2017 17:01:38 GMT
07-06 01:01:38.530 D/OkHttp  (19249): Content-Type: application/octet-stream
07-06 01:01:38.530 D/OkHttp  (19249): Transfer-Encoding: chunked
07-06 01:01:38.530 D/OkHttp  (19249): Connection: close
07-06 01:01:38.530 D/OkHttp  (19249): <-- END HTTP
07-06 01:01:38.531 D/HttpHandler(19249): DNSRetryIntercepter-->checkData=dbbf03a0e59a5c14094df6af108b323c851205dcf291c5b5d65d81c5bf24cac9e36411c35943f408f0592fe9180e84e1062e08582756e0ad67a0cd6cac09be062f6913c52002c7c8d3a05814fc167e0daf76149ced316b13a4825d4ad5d6e452975fccbad17eb107a3c31cf854a7cb681171ca5ad9b2e33885e816e68fb6d66a35cf7cd915c260252bb2f128f92f411a3001f763c027469a8a2cdba8bc11bef11faf0496d2c31c5a077ca1007da62f0d7b4293512ed2479767ce722b54c197ea157d44f42653f2c577b3485445dd89cff5d6246229f4054d4ee9d87b99a25940511b678725d5f8086d8034c20573a245f7ecdcd2e18820128b2aeeefa60ea2d3192dc54dba06171f071f7b46deacbf5943ea91bdbc152a37e6bd06f7c83e112d7763fa8934c68d6db462c670db80ef35
07-06 01:01:38.533 D/HttpHandler(19249): DNSHelper-->gslbDnsresult={"timestamp":1499274098,"msg":"","data":{"lbgs.hismarttv.com":{"ips":["118.178.149.42","139.217.11.211"],"ttl":3600},"picture.edu.hismarttv.com":{"ips":["125.46.22.134","36.33.158.222","218.58.206.58","123.128.14.209","153.35.175.121","220.202.77.124","153.35.175.120"],"ttl":300}},"retCode":"0"}
07-06 01:01:38.536 D/hwcomposer( 1204): lastHWWindowInfo is dirty
07-06 01:01:38.529 D/OkHttp  (19249): <-- 200 OK http://118.178.149.42/d?device_id=86100300900000500000060a4818fca8&host=b5d1d96093f9d07d386917b5d3b91cdcb031311b90271792b45951b69dc9c054dc862a7c9178ba82684e325a98b554b4&last= (272ms)
07-06 01:01:38.562 I/TabView (19249): onScroll:,firstItem=0,visibleCount=6,totalCount=10
07-06 01:01:38.568 D/OkHttp  (19249): Server: openresty
07-06 01:01:38.568 D/OkHttp  (19249): Date: Wed, 05 Jul 2017 17:01:38 GMT
07-06 01:01:38.568 D/OkHttp  (19249): Content-Type: application/octet-stream
07-06 01:01:38.568 D/OkHttp  (19249): Transfer-Encoding: chunked
07-06 01:01:38.568 D/OkHttp  (19249): Connection: close
07-06 01:01:38.568 D/OkHttp  (19249): <-- END HTTP
07-06 01:01:38.571 I/ContentBridgeAdapterListener(19249): onAddPresenter 0
07-06 01:01:38.573 I/ContentBridgeAdapterListener(19249): onCreate ViewHolder{24c695cd position=-1 id=-1, oldPos=-1, pLpos:-1 unbound no parent}
07-06 01:01:38.573 I/ContentBridgeAdapterListener(19249): onBind 
07-06 01:01:38.576 D/OkHttp  (19249): <-- 200 OK http://118.178.149.42/d?device_id=86100300900000500000060a4818fca8&host=b5d1d96093f9d07d386917b5d3b91cdcb031311b90271792b45951b69dc9c054dc862a7c9178ba82684e325a98b554b4&last= (331ms)
07-06 01:01:38.576 D/OkHttp  (19249): Server: openresty
07-06 01:01:38.576 D/OkHttp  (19249): Date: Wed, 05 Jul 2017 17:01:38 GMT
07-06 01:01:38.576 D/OkHttp  (19249): Content-Type: application/octet-stream
07-06 01:01:38.576 D/OkHttp  (19249): Transfer-Encoding: chunked
07-06 01:01:38.576 D/OkHttp  (19249): Connection: close
07-06 01:01:38.576 D/OkHttp  (19249): <-- END HTTP
07-06 01:01:38.584 I/TVMW@HsTvSetting( 1234): Trace cmd, data = 0x1058
07-06 01:01:38.584 D/til@system( 2026): til_get_system_param option:100002F int:0, bool:0, ret:0
07-06 01:01:38.584 I/TVMW@HsTvSetting( 1234): Trace cmd, data = 0x101f
07-06 01:01:38.584 D/til@system( 2026): til_get_system_param option:100001D int:3, bool:3, ret:0
07-06 01:01:38.585 E/til     ( 2026): [til_get_current_input_source, 101] 
07-06 01:01:38.585 I/TVMW@HsTvSetting( 1234): Trace cmd, data = 0x7007
07-06 01:01:38.585 I/tilwrapper@sm( 2026): HS2TIL_SourceType *hs=0xd, *til=0x900
07-06 01:01:38.585 D/til     ( 2026): get current source 2304
07-06 01:01:38.585 D/SourceRemoteServiceHandler( 2026): getCurrentInputSource.from.til.result is 0, value is 2304
07-06 01:01:38.585 D/SourceRemoteServiceHandler( 2026): getInputSourceType source: 0x900, type=2304
07-06 01:01:38.585 D/til     ( 2026): ###### func:til_get_picture_param option:0x3000006 ######  
07-06 01:01:38.585 I/TVMW@HsTvSetting( 1234): Trace cmd, data = 0x1003
07-06 01:01:38.586 I/TVMW@HsTvSetting( 1234): Trace cmd, data = 0x8032
07-06 01:01:38.586 E/TVMW@videoctrl( 1234):  getOsd is 1
07-06 01:01:38.586 I/hstvos  ( 1216): [0m[1;33m[HSHAL][HS_VIDEO][HS_HAL_Video_SetOsdDetect_v2][2389]u16Threshold = 20
07-06 01:01:38.586 I/MiSysSrv( 1214): Not support now! 42, change to mm_video!!!
07-06 01:01:38.587 D/til@system( 2026): til_get_system_param option:1000027 int:1, bool:1, ret:0
07-06 01:01:38.587 D/til     ( 2026): ###### func:til_get_picture_param option:0x3000045 ######  
07-06 01:01:38.587 I/TVMW@HsTvSetting( 1234): Trace cmd, data = 0x300c
07-06 01:01:38.587 I/TVMW@HsTvSetting( 1234): Trace 3d, data = 0x300c
07-06 01:01:38.587 I/TVMW@3d ( 1234): Hs_debug3d_trace: func:get3dStatus, line:109
07-06 01:01:38.589 I/ContentBridgeAdapterListener(19249): onAttachedToWindow ViewHolder{24c695cd position=0 id=-1, oldPos=-1, pLpos:-1}
07-06 01:01:38.589 I/BaseContentFragment(19249): setRowViewSelectedViewHolder{24c695cd position=0 id=-1, oldPos=-1, pLpos:-1},isSelectedtrue
07-06 01:01:38.589 I/RoleContentFragment(19249): onChildSelected:0,lastPos=0
07-06 01:01:38.602 I/ContentBridgeAdapterListener(19249): onAddPresenter 1
07-06 01:01:38.602 I/ContentBridgeAdapterListener(19249): onCreate ViewHolder{39e61b00 position=-1 id=-1, oldPos=-1, pLpos:-1 unbound no parent}
07-06 01:01:38.602 I/SpecialFirstRowPresenter(19249): onBindViewHoldercom.hisense.tvui.newhome.presenter.SpecialFirstListRow@2533af39,isUnbind=false
07-06 01:01:38.602 I/ContentBridgeAdapterListener(19249): onBind 
07-06 01:01:38.604 I/ContentBridgeAdapterListener(19249): onAttachedToWindow ViewHolder{39e61b00 position=1 id=-1, oldPos=-1, pLpos:-1}
07-06 01:01:38.605 I/FirstLineAdapter(19249): canShowTrailer,isOffline=false
07-06 01:01:38.605 I/FirstLineAdapter(19249): canShowTrailer,isOffline=false
07-06 01:01:38.609 I/FirstLineAdapter(19249): canShowTrailer,isOffline=false
07-06 01:01:38.609 I/FirstLineAdapter(19249): onCreateViewHolder viewtype=0
07-06 01:01:38.621 D/MyLocalStartService( 5648): currentName is :com.hisense.hicloud.edca
07-06 01:01:38.624 I/art     (19249): Background partial concurrent mark sweep GC freed 44713(2MB) AllocSpace objects, 2(1330KB) LOS objects, 14% free, 23MB/27MB, paused 7.291ms total 333.842ms
07-06 01:01:38.624 D/NativeDecimalFormat(19249): NativeDecimalFormat_close print addr=3997592064
07-06 01:01:38.625 D/NativeDecimalFormat(19249): NativeDecimalFormat_close print g_addr=3997592832
07-06 01:01:38.625 D/NativeDecimalFormat(19249): NativeDecimalFormat_close print addr=3997592832
07-06 01:01:38.625 D/NativeDecimalFormat(19249): NativeDecimalFormat_close print g_addr=3997592832
07-06 01:01:38.637 I/FirstLineAdapter(19249): onBindViewHolder 0
07-06 01:01:38.651 I/FirstLineAdapter(19249): canShowTrailer,isOffline=false
07-06 01:01:38.652 I/FirstLineAdapter(19249): onCreateViewHolder viewtype=1
07-06 01:01:38.669 I/FirstLineAdapter(19249): onBindViewHolder 1
07-06 01:01:38.669 D/FirstLineAdapter(19249): setVipPoster ===>url :http://picture.edu.hismarttv.com/images/
07-06 01:01:38.682 I/FirstLineAdapter(19249): canShowTrailer,isOffline=false
07-06 01:01:38.683 I/FirstLineAdapter(19249): onCreateViewHolder viewtype=2
07-06 01:01:38.684 I/FirstLineAdapter(19249): onBindViewHolder 2
07-06 01:01:38.699 I/MyItemDecoration(19249): getItemOffsets rect=Rect(0, -17 - 0, 0),pos=1
07-06 01:01:38.705 I/MyItemDecoration(19249): getItemOffsets rect=Rect(0, -15 - 0, 0),pos=2
07-06 01:01:38.705 I/FirstLineAdapter(19249): canShowTrailer,isOffline=false
07-06 01:01:38.705 I/FirstLineAdapter(19249): canShowTrailer,isOffline=false
07-06 01:01:38.706 I/FirstLineAdapter(19249): onCreateViewHolder viewtype=3
07-06 01:01:38.706 I/CurrentCarouselView(19249): initView
07-06 01:01:38.720 W/ActivityManager( 1733): Activity destroy timeout for ActivityRecord{23828ad3 u0 com.jamdeo.launcher/.app.BaseTileActivity t5569 f}
07-06 01:01:38.737 E/WebcastSDK-(19249): isImageCacheLimitedStat(),  context.getPackageName = com.hisense.hicloud.edca
07-06 01:01:38.737 E/WebcastSDK-(19249): isImageCacheLimitedStat(),  mIsImageLimited = 1
07-06 01:01:38.761 D/HttpHandler(19249): DNSRetryIntercepter-->checkData=dbbf03a0e59a5c14094df6af108b323c851205dcf291c5b5d65d81c5bf24cac9e36411c35943f408f0592fe9180e84e1062e08582756e0ad67a0cd6cac09be062f6913c52002c7c8d3a05814fc167e0daf76149ced316b13a4825d4ad5d6e452975fccbad17eb107a3c31cf854a7cb681171ca5ad9b2e33885e816e68fb6d66a35cf7cd915c260252bb2f128f92f411a0fe13681b64258b0605dde8923566b0011926edbc8a9a95b4ce8b68d43169deff0036a5b1b765327bbd3827d5ead8c64ac662925ff286f4df0fd88fd703d6a80e6678a54ca9db1419e95947e51809a662935b930ce58d7add340d76eaa97829048fc83c06de309d0eb6c56e26ceb215a7feb025b6ae017fb8d3807def4d7fe6091804d995a9f9a73fe801c4a3e9ad668f458c8ecd7619459508fe0e4b92de24f
07-06 01:01:38.762 D/HttpHandler(19249): DNSHelper-->gslbDnsresult={"timestamp":1499274098,"msg":"","data":{"lbgs.hismarttv.com":{"ips":["118.178.149.42","139.217.11.211"],"ttl":3600},"picture.edu.hismarttv.com":{"ips":["218.58.206.58","123.128.14.209","153.35.175.121","220.202.77.124","153.35.175.120","125.46.22.134","36.33.158.222"],"ttl":300}},"retCode":"0"}
07-06 01:01:38.762 E/WebcastSDK-HiCloudSourcePlugin(19249): init(), Webcast App Token is NULL.
07-06 01:01:38.762 E/WebcastSDK-HiCloudSourcePlugin(19249): getHiCloudService(), Webcast App Token is NULL.
07-06 01:01:38.762 I/System.out(19249):  remove duplicate [118.178.149.42, 139.217.11.211]
07-06 01:01:38.764 D/HttpHandler(19249): DNSRetryIntercepter-->checkData=dbbf03a0e59a5c14094df6af108b323c851205dcf291c5b5d65d81c5bf24cac9e36411c35943f408f0592fe9180e84e1062e08582756e0ad67a0cd6cac09be062f6913c52002c7c8d3a05814fc167e0daf76149ced316b13a4825d4ad5d6e452975fccbad17eb107a3c31cf854a7cb681171ca5ad9b2e33885e816e68fb6d66a35cf7cd915c260252bb2f128f92f411a0fe13681b64258b0605dde8923566b0011926edbc8a9a95b4ce8b68d43169deff0036a5b1b765327bbd3827d5ead8c64ac662925ff286f4df0fd88fd703d6a80e6678a54ca9db1419e95947e51809a662935b930ce58d7add340d76eaa97829048fc83c06de309d0eb6c56e26ceb215a7feb025b6ae017fb8d3807def4d7fe6091804d995a9f9a73fe801c4a3e9ad668f458c8ecd7619459508fe0e4b92de24f
07-06 01:01:38.765 D/WebcastSDK-HiCloudSourcePlugin(19249): getContext(): com.hisense.hicloud.edca.BaseApplication@2adbac5c mWebcastManager: null
07-06 01:01:38.765 D/HttpHandler(19249): DNSHelper-->gslbDnsresult={"timestamp":1499274098,"msg":"","data":{"lbgs.hismarttv.com":{"ips":["118.178.149.42","139.217.11.211"],"ttl":3600},"picture.edu.hismarttv.com":{"ips":["218.58.206.58","123.128.14.209","153.35.175.121","220.202.77.124","153.35.175.120","125.46.22.134","36.33.158.222"],"ttl":300}},"retCode":"0"}
07-06 01:01:38.766 I/System.out(19249):  remove duplicate [118.178.149.42, 139.217.11.211]
07-06 01:01:38.766 D/WebcastSDK-WebcastManager(19249): Device license:WASU
07-06 01:01:38.766 E/WebcastSDK-DataReport(19249): init(), Webcast App Token is NULL.
07-06 01:01:38.766 E/WebcastSDK-DataReport(19249): getHiCloudService(), Webcast App Token is NULL.
07-06 01:01:38.767 E/WebcastSDK-HiCloudSourcePlugin(19249): checkHiCloudFetchCondition(), Webcast App Token is NULL. mToken: null
07-06 01:01:38.767 E/WebcastSDK-HiCloudSourcePlugin(19249): FetchSystemParameterTask(), has no fetch condition, return.
07-06 01:01:38.570 D/HttpHandler(19249): DNSRetryIntercepter-->checkData=dbbf03a0e59a5c14094df6af108b323c851205dcf291c5b5d65d81c5bf24cac9e36411c35943f408f0592fe9180e84e1062e08582756e0ad67a0cd6cac09be062f6913c52002c7c8d3a05814fc167e0daf76149ced316b13a4825d4ad5d6e452975fccbad17eb107a3c31cf854a7cb681171ca5ad9b2e33885e816e68fb6d66a35cf7cd915c260252bb2f128f92f411ace7d13cd75f56e10df55c56b1182daf10e8bd7d68190130b1e6a38ca63101ee394e9befa6b5b34b15d12f3deabd4545569e25d3b107eac9e39847207ba6f82282cd732d1857ce6f633e2d02fce80324777a6bfd84dfd723056ce235566010fcee932d9b39608064783bcce027b10496046ed6b3a3ccad00609c023a98faa6e0d70e3ca02c0e548ee25968b384c9c0f3b55d462ae221c2bda93e1dc65b4420ec6
07-06 01:01:38.772 D/HttpHandler(19249): DNSHelper-->gslbDnsresult={"timestamp":1499274098,"msg":"","data":{"lbgs.hismarttv.com":{"ips":["118.178.149.42","139.217.11.211"],"ttl":3600},"picture.edu.hismarttv.com":{"ips":["218.58.206.58","123.128.14.209","153.35.175.121","220.202.77.124","153.35.175.120","125.46.22.134","36.33.158.222"],"ttl":300}},"retCode":"0"}
07-06 01:01:38.772 I/System.out(19249):  remove duplicate [118.178.149.42, 139.217.11.211]
07-06 01:01:38.782 D/HttpHandler(19249): DNSHelper-->httpDnsParser=["218.58.206.58","123.128.14.209","153.35.175.121","220.202.77.124","153.35.175.120","125.46.22.134","36.33.158.222"]
07-06 01:01:38.784 D/HttpHandler(19249): RetryIntercepter-->retryNum=0
07-06 01:01:38.784 D/HttpHandler(19249): RetryIntercepter-->backoffmutiplier=0
07-06 01:01:38.791 D/HttpHandler(19249): VerifySignInterCeptor-->request.url()=http://picture.edu.hismarttv.com/images/20170628115357740238.png
07-06 01:01:38.791 D/HttpHandler(19249): VerifySignInterCeptor-->hostname=picture.edu.hismarttv.com
07-06 01:01:38.792 D/HttpHandler(19249): HttpDNS-->hostname=picture.edu.hismarttv.com
07-06 01:01:38.793 D/HttpHandler(19249): RAMCache-->hostInfo.getClientTimeStamp()=22940344
07-06 01:01:38.794 D/HttpHandler(19249): RAMCache-->hostInfo.getTtl()=300
07-06 01:01:38.794 D/HttpHandler(19249): RAMCache-->SystemClock.elapsedRealtime()=22940365
07-06 01:01:38.797 D/HttpHandler(19249): DNSHelper-->gslbDns=["218.58.206.58","123.128.14.209","153.35.175.121","220.202.77.124","153.35.175.120","125.46.22.134","36.33.158.222"]
07-06 01:01:38.801 I/WebcastSDK-ProgramScheduleDataManager(19249): init(), next time to fetch programSchedules in interval = 1380min.
07-06 01:01:38.802 I/WebcastSDK-HistoryDataManager(19249): HistoryDataManager.init
07-06 01:01:38.818 I/UsageStatsService( 1733): User[0] Flushing usage stats to disk
07-06 01:01:38.834 D/OkHttp  (19249): --> GET http://picture.edu.hismarttv.com/images/20170628115357740238.png http/1.1
07-06 01:01:38.834 D/OkHttp  (19249): Host: picture.edu.hismarttv.com
07-06 01:01:38.834 D/OkHttp  (19249): Connection: Keep-Alive
07-06 01:01:38.834 D/OkHttp  (19249): Accept-Encoding: gzip
07-06 01:01:38.834 D/OkHttp  (19249): User-Agent: okhttp/3.6.0
07-06 01:01:38.834 D/OkHttp  (19249): --> END GET
07-06 01:01:38.836 D/NativeDecimalFormat( 8333): NativeDecimalFormat_close print addr=547818398976
07-06 01:01:38.836 D/NativeDecimalFormat( 8333): NativeDecimalFormat_close print g_addr=547818400512
07-06 01:01:38.836 D/NativeDecimalFormat( 8333): NativeDecimalFormat_close print addr=547818400512
07-06 01:01:38.836 D/NativeDecimalFormat( 8333): NativeDecimalFormat_close print g_addr=547818400512
07-06 01:01:38.851 I/DataDBLite(19249): onCreate
07-06 01:01:38.869 E/WebcastSDK-HiCloudImageCacheManager(19249): HiCloudImageCacheManager(), isImageCacheLimitedStat = true
07-06 01:01:38.871 I/WebcastSDK-WebcastManager(19249): addListener(), add ICarouselListener com.hisense.webcastSDK.data.hicloud.HiCloudSourcePlugin$2@39286b8c
07-06 01:01:38.871 I/WebcastSDK-WebcastManager(19249): adding listener com.hisense.webcastSDK.data.hicloud.HiCloudSourcePlugin$1@2142a2d5
07-06 01:01:38.871 I/WebcastSDK-HiCloudSourcePlugin(19249): addListener(), add INetworkDataListener com.hisense.webcastSDK.data.internal.EPGDataManager$1@3cba6aea
07-06 01:01:38.871 I/WebcastSDK-WebcastManager(19249): adding listener com.hisense.webcastSDK.utils.DataReport$1@2ef01db
07-06 01:01:38.871 D/WebcastSDK-WebcastInternalImpl(19249): init all manager.
07-06 01:01:38.881 I/System.out(19249):  remove duplicate [118.178.149.42, 139.217.11.211]
07-06 01:01:38.885 D/Carousel-Utils(19249): SCREEN_WIDTH:1920,SCREEN_Height:1080,destity:2.0,smallWidth:818,height:460,listItem w:268,h:226,top:38,bottom:38
07-06 01:01:38.917 D/OkHttp  (19249): <-- 200 OK http://picture.edu.hismarttv.com/images/20170628115357740238.png (82ms)
07-06 01:01:38.917 D/OkHttp  (19249): Date: Mon, 03 Jul 2017 10:50:25 GMT
07-06 01:01:38.917 D/OkHttp  (19249): Server: nginx
07-06 01:01:38.917 D/OkHttp  (19249): Content-Type: image/png
07-06 01:01:38.917 D/OkHttp  (19249): Content-Length: 2204
07-06 01:01:38.917 D/OkHttp  (19249): Last-Modified: Wed, 28 Jun 2017 11:53:57 GMT
07-06 01:01:38.917 D/OkHttp  (19249): ETag: "595398d5-89c"
07-06 01:01:38.917 D/OkHttp  (19249): Accept-Ranges: bytes
07-06 01:01:38.917 D/OkHttp  (19249): Age: 195073
07-06 01:01:38.917 D/OkHttp  (19249): Via: 1.1 pingwangtong52:0 (Cdn Cache Server V2.0)[0 200 0], 1.1 nwangtong95:5 (Cdn Cache Server V2.0)[0 200 0]
07-06 01:01:38.917 D/OkHttp  (19249): Connection: keep-alive
07-06 01:01:38.917 D/OkHttp  (19249): <-- END HTTP
07-06 01:01:38.929 D/HttpHandler(19249): DNSHelper-->httpDnsParser=["125.46.22.134","36.33.158.222","218.58.206.58","123.128.14.209","153.35.175.121","220.202.77.124","153.35.175.120"]
07-06 01:01:38.931 D/Carousel-CarouselView(19249): setModel,hascCode=436542350
07-06 01:01:38.934 W/linker  (19249): libChinaNetSecret.so: unused DT entry: type 0x6ffffffe arg 0xbf8
07-06 01:01:38.934 W/linker  (19249): libChinaNetSecret.so: unused DT entry: type 0x6fffffff arg 0x1
07-06 01:01:38.935 I/CurrentCarouselView(19249): security: ChinaNetCenterWskeyForJuHaoKan
07-06 01:01:38.935 I/CurrentCarouselView(19249): BaseApplication.sSignStr=3082023B308201A4A00302010202045051BD19300D06092A864886F70D01010505003062310B30090603550406130238363111300F060355040813085368616E646F6E673110300E0603550407130751696E6764616F311F301D060355040A1316486973656E7365206D65646961206E6574776F726B73310D300B0603550403130448695456301E170D3132303931333131303134355A170D3432303930363131303134355A3062310B30090603550406130238363111300F060355040813085368616E646F6E673110300E0603550407130751696E6764616F311F301D060355040A1316486973656E7365206D65646961206E6574776F726B73310D300B060355040313044869545630819F300D06092A864886F70D010101050003818D0030818902818100841C2D9F5F1E0BBB4DF77826A11FEFFB557C22B07892114637C945272821CF6A4CD023F45FC0B0E825EA8839470BE63B95CD5E4B64FF7ECC8A910DB20DBE2A9E8504EC39E7C0E8E74435F745F47D821124744FBF91A2C70CA85DC07D24C53322D8CC33C9EE542E872E44AF0E9E203328A106B31DC3BEC523600DDDA2204C665D0203010001300D06092A864886F70D0101050500038181003AA40C684E7AB45294882A0766EABD8C4BB7C0DFC4DE9ED13E192ECA9370C6B493257129F8DC248335D86877EAB36FBE9A8867E3F034BFD035CEC363073B558AAA6F42838FE0B1BEC3BC90B3E6FEE5D1D78C5CEC7966696D86FC071ED59063FD8E08DECAC8EBD0FB39443415B6725C00B0BACE4A06EF97D76158BF37D36720BB
07-06 01:01:38.935 I/CurrentCarouselView(19249): serverTime=1499274097000
07-06 01:01:38.936 E/WebcastSDK-WebcastManager(19249): setToken(), new Token = 72DF6038D2AEAB8A76DFBBBBCC428A4A_002999544530487
07-06 01:01:38.936 I/WebcastSDK-HiCloudSourcePlugin(19249): notifyAppTokenChanged(), token = 72DF6038D2AEAB8A76DFBBBBCC428A4A_002999544530487
07-06 01:01:38.937 V/PackageManager( 1733): getPackageInfo com.hisense.hicloud.edca: Package{3fb3f3a1 com.hisense.hicloud.edca}
07-06 01:01:38.938 I/WebcastSDK-(19249): getAppVersionCode(), versionCode = 652
07-06 01:01:38.941 I/WebcastSDK-DataReport(19249): notifyAppTokenChanged(), token = 72DF6038D2AEAB8A76DFBBBBCC428A4A_002999544530487
07-06 01:01:38.944 V/PackageManager( 1733): getPackageInfo com.hisense.hicloud.edca: Package{3fb3f3a1 com.hisense.hicloud.edca}
07-06 01:01:38.945 I/WebcastSDK-(19249): getAppVersionCode(), versionCode = 652
07-06 01:01:38.946 D/Carousel-(19249): setSignonInfo subscriberId:13287129,customerId:7195320
07-06 01:01:38.947 D/til@system( 2026): til_get_system_param option:1000007 int:-1815633792, bool:128, ret:0
07-06 01:01:38.948 D/til@system( 2026): til_get_system_param option:1000009 int:-1936525184, bool:128, ret:0
07-06 01:01:38.949 E/WebcastSDK-WebcastManager(19249): setAppServiceDomainList.
07-06 01:01:38.949 D/til@system( 2026): til_get_system_param option:1000008 int:-1815632896, bool:0, ret:0
07-06 01:01:38.949 D/HttpDnsUtils(19249): CEXX-getOperationDetail-productName : LED50MU8600UC
07-06 01:01:38.949 D/HttpDnsUtils(19249): CEXX-getOperationDetail-plmNumber : 88888
07-06 01:01:38.949 V/PackageManager( 1733): getPackageInfo com.hisense.hicloud.edca: Package{3fb3f3a1 com.hisense.hicloud.edca}
07-06 01:01:38.949 D/HttpDnsUtils(19249): CEXX-getOperationDetail-swVersion : V0000.00.01A
07-06 01:01:38.949 D/HttpDnsUtils(19249): CEXX-getOperationDetail-operationDetail : LED50MU8600UC0000888
07-06 01:01:38.950 I/FirstLineAdapter(19249): onBindViewHolder 3
07-06 01:01:38.951 D/til@system( 2026): til_get_system_param option:1000007 int:-1936523008, bool:0, ret:0
07-06 01:01:38.952 D/til@system( 2026): til_get_system_param option:1000009 int:-1815634176, bool:0, ret:0
07-06 01:01:38.954 I/WebcastSDK-(19249): getAppVersionCode(), versionCode = 652
07-06 01:01:38.957 D/til@system( 2026): til_get_system_param option:1000008 int:-1936522112, bool:128, ret:0
07-06 01:01:38.961 D/HttpDnsUtils(19249): CEXX-getOperationDetail-productName : LED50MU8600UC
07-06 01:01:38.962 D/HttpDnsUtils(19249): CEXX-getOperationDetail-plmNumber : 88888
07-06 01:01:38.962 D/HttpDnsUtils(19249): CEXX-getOperationDetail-swVersion : V0000.00.01A
