07-05 21:05:02.622 W/StorageStub@193d3924(17574): savePluginInfos<<(pluginId=pluginplayer, list=[PluginInfo(id=pluginplayer, versionName=1.64.0.59984, className=com.qiyi.video.plugin.PluginProvider, path=/data/data/com.hisense.hicloud.edca/files/plugin/2.1.0.59986/pluginplayer/1.64.0.59984/pluginplayer-release-1.64.0.59984.apk, libFolder=/data/data/com.hisense.hicloud.edca/files/plugin/2.1.0.59986/pluginplayer/1.64.0.59984/pluginplayer-release-1.64.0.59984-libs, containSo=true, soFileCount=18, errorCount=0, lastLoadSuccess=true)])
07-05 21:05:02.623 W/PluginInfo(17574): getJsonFromList<<(list=[PluginInfo(id=pluginplayer, versionName=1.64.0.59984, className=com.qiyi.video.plugin.PluginProvider, path=/data/data/com.hisense.hicloud.edca/files/plugin/2.1.0.59986/pluginplayer/1.64.0.59984/pluginplayer-release-1.64.0.59984.apk, libFolder=/data/data/com.hisense.hicloud.edca/files/plugin/2.1.0.59986/pluginplayer/1.64.0.59984/pluginplayer-release-1.64.0.59984-libs, containSo=true, soFileCount=18, errorCount=0, lastLoadSuccess=true)])
07-05 21:05:02.623 W/PluginInfo(17574): toJson>>() return {"plugin_id":"pluginplayer","plugin_versionname":"1.64.0.59984","plugin_class_name":"com.qiyi.video.plugin.PluginProvider","plugin_path":"\/data\/data\/com.hisense.hicloud.edca\/files\/plugin\/2.1.0.59986\/pluginplayer\/1.64.0.59984\/pluginplayer-release-1.64.0.59984.apk","plugin_lib_folder":"\/data\/data\/com.hisense.hicloud.edca\/files\/plugin\/2.1.0.59986\/pluginplayer\/1.64.0.59984\/pluginplayer-release-1.64.0.59984-libs","contain_so":true,"so_count":18,"load_error_count":0,"load_success":true}
07-05 21:05:02.623 W/PluginInfo(17574): getJsonFromList>>() return [{"plugin_id":"pluginplayer","plugin_versionname":"1.64.0.59984","plugin_class_name":"com.qiyi.video.plugin.PluginProvider","plugin_path":"\/data\/data\/com.hisense.hicloud.edca\/files\/plugin\/2.1.0.59986\/pluginplayer\/1.64.0.59984\/pluginplayer-release-1.64.0.59984.apk","plugin_lib_folder":"\/data\/data\/com.hisense.hicloud.edca\/files\/plugin\/2.1.0.59986\/pluginplayer\/1.64.0.59984\/pluginplayer-release-1.64.0.59984-libs","contain_so":true,"so_count":18,"load_error_count":0,"load_success":true}]
07-05 21:05:02.623 W/StorageStub@193d3924(17574): savePluginInfos>>()
07-05 21:05:02.623 W/StorageManager(17574): savePluginInfo>>()
07-05 21:05:02.631 W/PluginHelper(17574): loadAssetsProvider>>() return com.qiyi.video.plugin.PluginProvider@37f3c43c
07-05 21:05:02.632 W/PluginHelper(17574): addProviders<<(provider=com.qiyi.video.plugin.PluginProvider@37f3c43c)
07-05 21:05:02.632 W/PluginHelper(17574): addProviders>>()
07-05 21:05:02.632 W/System.err(17574): java.lang.Exception: load local histroy info null
07-05 21:05:02.636 W/System.err(17574): 	at com.qiyi.sdk.plugin.server.core.PluginHelper.loadLocalProvider(SourceFile:202)
07-05 21:05:02.636 W/System.err(17574): 	at com.qiyi.sdk.plugin.server.core.PluginHelper.loadProvider(SourceFile:151)
07-05 21:05:02.636 W/System.err(17574): 	at com.qiyi.sdk.plugin.server.PluginManager.loadFeature(SourceFile:81)
07-05 21:05:02.636 W/System.err(17574): 	at com.qiyi.sdk.player.a.a(SourceFile:3101)
07-05 21:05:02.636 W/System.err(17574): 	at com.qiyi.sdk.player.a$a.run(SourceFile:132)
07-05 21:05:02.636 W/System.err(17574): 	at android.os.Handler.handleCallback(Handler.java:739)
07-05 21:05:02.636 W/System.err(17574): 	at android.os.Handler.dispatchMessage(Handler.java:95)
07-05 21:05:02.636 W/System.err(17574): 	at android.os.Looper.loop(Looper.java:135)
07-05 21:05:02.636 W/System.err(17574): 	at android.os.HandlerThread.run(HandlerThread.java:61)
07-05 21:05:02.640 W/PluginHelper(17574): loadProvider>>() return Result(code=1, data=com.qiyi.video.plugin.PluginProvider@37f3c43c, exception=[LoadProviderException(type=loadLocal, throwable=java.lang.Exception: load local histroy info null)], period=1)
07-05 21:05:02.641 W/AbsPluginProvider(17574): getFeature<<(featureType=2)
07-05 21:05:02.641 D/Player/PluginProvider@37f3c43c(17574): [TID 17605] getFeatures: mFeatures=[com.qiyi.video.plugin.j@34a60cfc]
07-05 21:05:02.641 W/AbsPluginProvider(17574): getFeature>>() return com.qiyi.video.plugin.j@34a60cfc
07-05 21:05:02.649 W/System.err(17574): java.lang.Exception: load local histroy info null
07-05 21:05:02.649 W/System.err(17574): 	at com.qiyi.sdk.plugin.server.core.PluginHelper.loadLocalProvider(SourceFile:202)
07-05 21:05:02.649 W/System.err(17574): 	at com.qiyi.sdk.plugin.server.core.PluginHelper.loadProvider(SourceFile:151)
07-05 21:05:02.649 W/System.err(17574): 	at com.qiyi.sdk.plugin.server.PluginManager.loadFeature(SourceFile:81)
07-05 21:05:02.649 W/System.err(17574): 	at com.qiyi.sdk.player.a.a(SourceFile:3101)
07-05 21:05:02.649 W/System.err(17574): 	at com.qiyi.sdk.player.a$a.run(SourceFile:132)
07-05 21:05:02.649 W/System.err(17574): 	at android.os.Handler.handleCallback(Handler.java:739)
07-05 21:05:02.649 W/System.err(17574): 	at android.os.Handler.dispatchMessage(Handler.java:95)
07-05 21:05:02.649 W/System.err(17574): 	at android.os.Looper.loop(Looper.java:135)
07-05 21:05:02.649 W/System.err(17574): 	at android.os.HandlerThread.run(HandlerThread.java:61)
07-05 21:05:02.649 W/PluginManager(17574): loadFeature>>() return Result(code=1, data=com.qiyi.video.plugin.j@34a60cfc, exception=[LoadProviderException(type=loadLocal, throwable=java.lang.Exception: load local histroy info null)], period=1)
07-05 21:05:02.653 I/MyFragmentStateAdapter(17574): getCount
07-05 21:05:02.661 D/PlayerSdk/PlayerSdkProject(17574): [TID 17605] initialize(Parameter@1c046c51{mDelayedMilliSec=0, mCustomerAppVersion=3.0.0.9.00, mDeviceId=a8:a6:48:18:fc:a8, mDeviceInfo=vidaa3, mShowAdCountDown=true, mCDNDispathParam=null, mAdsHintNameMap={1001=, 2001=, 3001=}})
07-05 21:05:02.661 D/PlayerSdk/PlayerSdkProject(17574): [TID 17605] >> finishInitialize
07-05 21:05:02.669 I/MiSysSrv( 1214): [37m[INFO] Change to Voltage: 117 mv (0x32)[m
07-05 21:05:02.676 W/PluginHelper(17574): handleMessage<<(msg={ when=-1ms what=1 target=com.qiyi.sdk.plugin.server.core.PluginHelper$TimerHandler })
07-05 21:05:02.676 W/StorageManager(17574): loadLastUpgradeTime<<()
07-05 21:05:02.676 W/StorageStub@193d3924(17574): loadLastUpgradeTime<<()
07-05 21:05:02.677 W/StorageStub@193d3924(17574): loadLastUpgradeTime>>() return 0
07-05 21:05:02.677 W/StorageManager(17574): loadLastUpgradeTime>>()
07-05 21:05:02.677 W/PluginDebugUtils(17574): needDebug<<(key=upgradeIntervalDebug)
07-05 21:05:02.677 W/PluginDebugUtils(17574): needDebug() returns false
07-05 21:05:02.677 W/PluginPropertyConfig(17574): getUpgradeInterval() return 86400000
07-05 21:05:02.677 W/PluginPropertyConfig(17574): autoUpgrade() return true
07-05 21:05:02.677 W/PluginHelper(17574): handleMessage...(realInterval=1499259902677, minInterval=86400000, autoUpgrade=true)
07-05 21:05:02.677 W/PluginHelper(17574): allProvidersCanBeUpgrade<<()
07-05 21:05:02.677 W/PluginHelper(17574): getProvider<<(pluginId=pluginplayer)
07-05 21:05:02.677 W/PluginHelper(17574): getProvider>>() return com.qiyi.video.plugin.PluginProvider@37f3c43c
07-05 21:05:02.677 W/PluginHelper(17574): allProvidersCanBeUpgrade...() provider=com.qiyi.video.plugin.PluginProvider@37f3c43c, canBeUpgrade=true
07-05 21:05:02.677 W/PluginHelper(17574): allProvidersCanBeUpgrade>>() return true
07-05 21:05:02.677 W/PluginHelper(17574): checkAllUpgrade<<()
07-05 21:05:02.677 W/PluginHelper(17574): getProvidersVersionInfo<<()
07-05 21:05:02.677 W/PluginHelper(17574): getProvider<<(pluginId=pluginplayer)
07-05 21:05:02.677 W/PluginHelper(17574): getProvider>>() return com.qiyi.video.plugin.PluginProvider@37f3c43c
07-05 21:05:02.678 D/Version (17574): [TID 17606] getVersionName: 1.64.0.59984
07-05 21:05:02.678 W/PluginHelper(17574): getProvidersVersionInfo>>() return {pluginplayer=1.64.0.59984}
07-05 21:05:02.678 W/UpgradeManager(17574): checkUpgrades<<(requestInfos={pluginplayer=1.64.0.59984})
07-05 21:05:02.678 I/System.out(17574): <TVAPI> DEBUG(isUpdateData): isUpdateData=moduleUpdate-true
07-05 21:05:02.679 I/System.out(17574): <TVAPI> DEBUG(TVApiProperty): read passport-device-id=tv_69b1ef544cadbb86e8f28950ece1c76a_1167652938875
07-05 21:05:02.679 I/System.out(17574): <TVAPI> DEBUG(TVApiProcessor): preprocessor-device-check
07-05 21:05:02.679 I/System.out(17574): <TVAPI> DEBUG(isUpdateData): isUpdateData=devRegister-true
07-05 21:05:02.679 I/System.out(17574): <TVAPI> DEBUG(TVAPI): uuid=20151228165619572MkCHJfWb11209
07-05 21:05:02.679 I/System.out(17574): <TVAPI> DEBUG(TVAPI): version=2.1.0.59986
07-05 21:05:02.679 I/System.out(17574): <TVAPI> DEBUG(TVApiProperty): read passport-device-id=tv_69b1ef544cadbb86e8f28950ece1c76a_1167652938875
07-05 21:05:02.680 I/System.out(17574): <TVAPI> DEBUG(id=4, systemTime): url = http://pdata.video.ptqy.gitv.tv/k
07-05 21:05:02.680 I/System.out(17574): D/(plugin_check_upgrade_thread, CommonApi-systemTime): url=http://pdata.video.ptqy.gitv.tv/k
07-05 21:05:02.682 W/art     ( 3457): Suspending all threads took: 8.411ms
07-05 21:05:02.689 I/System.out(17574): <TVAPI> DEBUG(id=3, devRegister): url = http://data2.itv.ptqy.gitv.tv/itv/devRegister/OGFjZjgxODQ2YThhLzIwMTUxMjI4MTY1NjE5NTcyTWtDSEpmV2IxMTIwOS8yLjEuMC41OTk4Ng/39467112fe7be1432adcf86e152f4899
07-05 21:05:02.690 I/System.out(17574): <TVAPI> DEBUG(id=3, devRegister): header = qyid:tv_69b1ef544cadbb86e8f28950ece1c76a_1167652938875
07-05 21:05:02.690 I/System.out(17574): <TVAPI> DEBUG(id=3, devRegister): header = ov:5.1.1
07-05 21:05:02.690 I/System.out(17574): <TVAPI> DEBUG(id=3, devRegister): header = apkVer:2.1.0.59986
07-05 21:05:02.695 V/LogRecord/LogManager(17574): isLogRegister = false isMultiProcess = false isSecondProcess = false
07-05 21:05:02.696 V/LogRecord/LogManager(17574): setFeedBackComplete = true
07-05 21:05:02.716 I/MiSysSrv( 1214): [35mFunction = MApi_CMA_Pool_GetMem, Line = 336, alloc_param->virt_addr is 0xE0B00000[m
07-05 21:05:02.725 I/MiSysSrv( 1214): [XC,SetWindow][_MApi_XC_SetWindow, 4023] [_MApi_XC_SetWindow, 4023][CMA], u32CMAAddr[CMA_XC_SELF_MEM]=16800000 
07-05 21:05:02.731 I/MyFragmentStateAdapter(17574): getCount
07-05 21:05:02.735 V/LogRecord/LogcatController(17574): logcatQueueType is = CIRCULAR
07-05 21:05:02.735 V/LogRecord/QueueFactory(17574): QueueManage , iqiyilogqueuetype = CIRCULAR
07-05 21:05:02.736 I/MiSysSrv( 1214): [XC,SetWindow][_MApi_XC_SetWindow, 4056] [_MApi_XC_SetWindow, 4056][CMA], Release cobuff buff!
07-05 21:05:02.736 I/MiSysSrv( 1214): [XC,SetWindow][Hal_SC_set_write_limit,  650] eWindow=0, MHal_XC_GetDNRBufAddress=b40000, MHal_XC_GetDNRBufSize=300000
07-05 21:05:02.736 I/MiSysSrv( 1214): [XC,SetWindow][Hal_SC_set_write_limit,  651] eWindow=0, u32MinLimitAddress=b40000, u32MaxLimitAddress=e3ffff
07-05 21:05:02.736 I/MiSysSrv( 1214): [XC,SetWindow][MDrv_XC_SetFRCMFrameBufferAddress, 1259] Change Main_FB_Start_Addr=16800000, Size=6000000
07-05 21:05:02.736 V/LogRecord/LogcatController(17574): LogcatController mQueueExcutor init()
07-05 21:05:02.737 I/MiSysSrv( 1214): [XC,SetWindow][Hal_SC_set_write_limit,  650] eWindow=0, MHal_XC_GetDNRBufAddress=b40000, MHal_XC_GetDNRBufSize=300000
07-05 21:05:02.737 V/LogRecord/CircularQueueExcutor(17574): CircularQueueExcutor init()
07-05 21:05:02.737 V/LogRecord/LogManager(17574): isSecondProcess = false
07-05 21:05:02.737 I/MiSysSrv( 1214): [XC,SetWindow][Hal_SC_set_write_limit,  651] eWindow=0, u32MinLimitAddress=b40000, u32MaxLimitAddress=e3ffff
07-05 21:05:02.737 I/MiSysSrv( 1214): [XC,SetWindow][MDrv_XC_SetFrameBufferAddress, 1026] Change Main_FB_Start_Addr=16800000, Size=6000000
07-05 21:05:02.737 I/MiSysSrv( 1214): [XC,SetWindow][Hal_SC_set_write_limit,  650] eWindow=0, MHal_XC_GetDNRBufAddress=b40000, MHal_XC_GetDNRBufSize=300000
07-05 21:05:02.737 I/MiSysSrv( 1214): [XC,SetWindow][Hal_SC_set_write_limit,  651] eWindow=0, u32MinLimitAddress=b40000, u32MaxLimitAddress=e3ffff
07-05 21:05:02.741 I/MiSysSrv( 1214): [XC,SetWindow][_MApi_XC_SetWindow, 4143] [_MApi_XC_SetWindow, 4143] [DS] u16VBox_Htotal:3840 u16VBox_Vtotal:2160  
07-05 21:05:02.744 V/LogRecord/ServiceHelper(17574): LogcatRecordingService is not running 
07-05 21:05:02.744 V/LogRercord/IqiyiLogController(17574): iqiyiQueueType is = CIRCULAR
07-05 21:05:02.745 V/LogRecord/QueueFactory(17574): QueueManage , iqiyilogqueuetype = CIRCULAR
07-05 21:05:02.745 V/LogRercord/IqiyiLogController(17574): IqiyiLogController mQueueExcutor init()
07-05 21:05:02.745 V/LogRecord/CircularQueueExcutor(17574): CircularQueueExcutor init()
07-05 21:05:02.745 V/LogRecord/FileHelper(17574): clearFileDir
07-05 21:05:02.748 I/MiSysSrv( 1214): [XC,SetWindow][_MApi_XC_SetWindow, 4176] [_MApi_XC_SetWindow, 4176] [DS] [PQSrcData] width:3840 height:2160  
07-05 21:05:02.748 I/MiSysSrv( 1214): [XC,SetWindow][MApi_XC_Set_PQ_SourceData, 2949] PQSetSource:Input src=34, win=0,
07-05 21:05:02.748 I/MiSysSrv( 1214): [XC,SetWindow][MApi_XC_Set_PQ_SourceData, 2950] PQSetSource:   PQ src=9, win=0
07-05 21:05:02.748 I/MiSysSrv( 1214): [XC,SetWindow][msAPI_Scaler_SetMode, 2602] E_MS_XC_MEM_FMT_AUTO
07-05 21:05:02.748 I/MiSysSrv( 1214): [XC,SetWindow][msAPI_Scaler_SetMode, 2624] MemFmt422=1
07-05 21:05:02.749 I/MiSysSrv( 1214): [XC,SetWindow][msAPI_Scaler_SetMode, 2679] bMemYUVFmt=1, RGBin=0
07-05 21:05:02.750 I/MiSysSrv( 1214): [XC,LPLL][MDrv_SC_IsForceFreerun, 1547] MDrv_SC_IsForceFreerun = 0
07-05 21:05:02.750 I/MiSysSrv( 1214): [XC,SetWindow][msAPI_Scaler_Field_Detect, 2051] DTV [XC,SetWindow][msAPI_Scaler_Field_Detect, 2064] -> Progressive
07-05 21:05:02.750 I/MiSysSrv( 1214): [XC,SetWindow][_MApi_XC_SetWindow, 4250] UCNR enabled: NO 
07-05 21:05:02.750 I/MiSysSrv( 1214): [XC,SetWindow][MDrv_SC_set_prescaling_ratio, 2287] [PRE]eWindow[0] VSrc=2160, VDst=2160, bBilinear=0
07-05 21:05:02.751 I/MiSysSrv( 1214): [XC,SetWindow][MDrv_SC_set_prescaling_ratio, 2446] [MDrv_SC_set_prescaling_ratio, 2446] [DS] u16V_Length:2160 
07-05 21:05:02.751 I/MiSysSrv( 1214): [XC,SetWindow][MDrv_SC_set_prescaling_ratio, 2609] stHSDSamplingInfo.u32ratio=0,bHSDRet=1
07-05 21:05:02.751 I/MiSysSrv( 1214): [XC,SetWindow][MDrv_SC_set_prescaling_ratio, 2662] PQ HSD_SAMPLING: eWindow[0] HSrc=3840, HDst=3840
07-05 21:05:02.751 I/MiSysSrv( 1214): [XC,SetWindow][MDrv_SC_set_prescaling_ratio, 2774] [PRE]Force Prescaling Down : 0  _bPQSetPreScalingrate : 0 
07-05 21:05:02.751 I/MiSysSrv( 1214): [XC,SetWindow][MDrv_SC_3D_Adjust_PreHorDstSize,  913] PreHorDstSize(Mainwindow): 3840
07-05 21:05:02.751 I/MiSysSrv( 1214): [XC,SetWindow][MDrv_SC_set_prescaling_ratio, 2919] eWindow[0] HSrc=3840, HDst=3840
07-05 21:05:02.756 I/HLSP2P  ( 3457): ## 2017-07-05 21:05:02.523 [3457,3628,:0] INFO ## [HLSP2P][TaskManager.cpp:855][INFO][UpdateGlobalInfo]totalDataSize: 0, totalMemorySize: 0, totalCacheSize: 0, curUploadSpeedKB: 0
07-05 21:05:02.760 I/MiSysSrv( 1214): [XC,SetWindow][MDrv_SC_set_prescaling_ratio, 3007] [PRE]eWindow[0] HSrc=3840, HDst=3840, bAdvMode=3
07-05 21:05:02.760 I/MiSysSrv( 1214): [XC,SetWindow][MDrv_SC_set_prescaling_ratio, 3114] [PRE]HRatio=0xc0100000, VRatio=0x0, u16V_Length = 2160
07-05 21:05:02.760 I/MiSysSrv( 1214): [XC,SetWindow][_MApi_XC_SetWindow, 4263] CapWin  x: 1105  y:   30  w: 3840  h: 2152 
07-05 21:05:02.760 I/MiSysSrv( 1214): [XC,SetWindow][_MApi_XC_SetWindow, 4264] CropWin x:    0  y:    0  w: 1920  h: 1080 
07-05 21:05:02.760 I/MiSysSrv( 1214): [XC,SetWindow][MDrv_SC_set_crop_window, 1509] W=3840, W PSD=3840
07-05 21:05:02.760 I/MiSysSrv( 1214): [XC,SetWindow][MDrv_SC_set_crop_window, 1510] Scaled crop[1] x,y,w,h=0,0,1920,1084
07-05 21:05:02.760 I/MiSysSrv( 1214): [XC,SetWindow][MDrv_SC_set_crop_window, 1536] Scaled crop[2] x,y,w,h=0,0,1920,1084
07-05 21:05:02.760 I/MiSysSrv( 1214): [XC,SetWindow][MDrv_SC_set_crop_window, 1626] Scaled crop[3] x,y,w,h=0,0,1920,1084
07-05 21:05:02.760 I/MiSysSrv( 1214): [XC,SetWindow][MDrv_SC_set_crop_window, 1630] Scaled crop[4] x,y,w,h=0,0,1920,1084
07-05 21:05:02.760 I/MiSysSrv( 1214): [XC,SetWindow][_MApi_XC_SetWindow, 4285] CapWin  x: 1105  y:   30  w: 3840  h: 2152 
07-05 21:05:02.760 I/MiSysSrv( 1214): [XC,SetWindow][_MApi_XC_SetWindow, 4286] CropWin x:    0  y:    0  w: 1920  h: 1080 
07-05 21:05:02.760 I/MiSysSrv( 1214): [XC,SetWindow][_MApi_XC_SetWindow, 4287] DispWin x: 1208  y:  410  w: 1632  h:  920 
07-05 21:05:02.760 I/MiSysSrv( 1214): [XC,SetWindow][MDrv_SC_3D_Adjust_PostHorSrcSize, 1504] PostHorSrcSize(Mainwindow): 3840
07-05 21:05:02.760 I/MiSysSrv( 1214): [XC,SetWindow][MDrv_SC_3D_Adjust_PostHorDstSize, 1595] PostHorDstSize(Mainwindow): 3840
07-05 21:05:02.760 I/MiSysSrv( 1214): [XC,SetWindow][MDrv_SC_set_postscaling_ratio, 3200] [PST]HSrc=1920, HDst=1632
07-05 21:05:02.760 I/MiSysSrv( 1214): [XC,SetWindow][MDrv_SC_set_postscaling_ratio, 3262] [PST]VCusScaling=FALSE
07-05 21:05:02.760 I/MiSysSrv( 1214): [XC,SetWindow][MDrv_SC_set_postscaling_ratio, 3270] [PST]VSrc=1084, VDst=920, eDeInterlaceMode=1, bFBL=0, bInterlace=0
07-05 21:05:02.760 I/MiSysSrv( 1214): [XC,SetWindow][MDrv_SC_set_postscaling_ratio, 3313] [PST]VSrc=1084, VDst=920, eDeInterlaceMode=1, bFBL=0, bInterlace=0
07-05 21:05:02.760 I/MiSysSrv( 1214): [XC,SetWindow][MDrv_SC_set_postscaling_ratio, 3506] [PST]HRatio=0x112d2d3, VRatio=0x112daf3, u16V_Length=1084
07-05 21:05:02.760 I/MiSysSrv( 1214): [XC,Cropping][MDrv_SC_set_ipmsetting, 4847] ===================================================
07-05 21:05:02.760 I/MiSysSrv( 1214): [XC,Cropping][MDrv_SC_set_ipmsetting, 4848] => u16DNRFetch=3840 
07-05 21:05:02.760 I/MiSysSrv( 1214): [XC,Cropping][MDrv_SC_set_ipmsetting, 4853]  3840 
07-05 21:05:02.760 I/MiSysSrv( 1214): [XC,Cropping][MDrv_SC_set_dnrsetting, 4943] u16DNROffset=3840
07-05 21:05:02.760 I/MiSysSrv( 1214): [XC,Cropping][MDrv_SC_set_dnrsetting, 4944]  3840
07-05 21:05:02.760 I/MiSysSrv( 1214): [XC,Cropping][MDrv_SC_set_dnrsetting, 5032] align width = 0
07-05 21:05:02.760 I/MiSysSrv( 1214): [XC,Cropping][MDrv_SC_set_dnrsetting, 5080] =>Framesize(24883200)= VSizeAfterPreSD(2160) * DNROffset(3840) * BytesPer2Pixel(6)/2
07-05 21:05:02.760 I/MiSysSrv( 1214): unknown IOCTL 20
07-05 21:05:02.760 I/MiSysSrv( 1214): [XC,SetWindow][MDrv_XC_GetPQSuggestedFRCMFrameNum, 4344] Alert: cannot get frameCount from IOCTL, eWindow=0! Fall back to original method
07-05 21:05:02.760 I/MiSysSrv( 1214): [XC,SetWindow][MDrv_XC_GetPQSuggestedFRCMFrameNum, 4390] MDrv_XC_GetPQSuggestedFrameNum(0) get 4 frame count
07-05 21:05:02.760 I/MiSysSrv( 1214): [XC,SetWindow][_Mdrv_XC_Refine_FRCMFrameNum, 3947] [_Mdrv_XC_Refine_FRCMFrameNum, 3947] u32Dynamic_scale_size:24883200 enPQSuggestedFrameNum:102 
07-05 21:05:02.760 I/MiSysSrv( 1214): [XC,SetWindow][_Mdrv_XC_Refine_FRCMFrameNum, 3998] if it's not 3 frame mode, linear mode should also be closed
07-05 21:05:02.760 I/MiSysSrv( 1214): [XC,Cropping][_Mdrv_XC_Refine_FRCMFrameNum, 4002] pFRCMFrameStoreNumber: 102 , corresponding factor is: 4
07-05 21:05:02.760 I/MiSysSrv( 1214): [XC,SetWindow][_MDrv_XC_Set_FrameNum, 4406] bIsFRCMBuff(0) enFBType = 102 
07-05 21:05:02.760 I/MiSysSrv( 1214): [XC,SetWindow][_MDrv_XC_Set_FrameNum, 4406] bIsFRCMBuff(1) enFBType = 102 
07-05 21:05:02.760 I/MiSysSrv( 1214): [XC,Cropping][MDrv_SC_set_dnrsetting, 5153] gSrcInfo[eWindow].bLinearMode 0 
07-05 21:05:02.760 I/MiSysSrv( 1214): [XC,Cropping][MDrv_SC_set_dnrsetting, 5154] FrameMode 102 
07-05 21:05:02.760 I/MiSysSrv( 1214): [XC,Cropping][MDrv_SC_set_dnrsetting, 5282] u32Offset :50331648, DNRBufSize=100663296
07-05 21:05:02.760 I/MiSysSrv( 1214): [XC,Cropping][MDrv_SC_set_dnrsetting, 5301] =>MAIN DNRBase1[cc0000]= MS_IPM_BASE0[0]=(b40000) + ((u32Offset[3000000]/32 + 0x01) & ~0x01L)
07-05 21:05:02.760 I/MiSysSrv( 1214): [XC,Cropping][MDrv_SC_set_dnrsetting, 5316] =>DNRBase2[b40000])
07-05 21:05:02.760 I/MiSysSrv( 1214): [XC,Cropping][MDrv_SC_set_dnrsetting, 5351] =>u32OPMBase0[b40000]= MS_IPM_BASE0[0][b40000] => [XC,Cropping][MDrv_SC_set_dnrsetting, 5352] u32OPMBase1[cc0000]= u32IPMBase1[cc0000] 
07-05 21:05:02.760 I/MiSysSrv( 1214): [XC,Cropping][MDrv_SC_set_dnrsetting, 5353] u32OPMBase2[b40000] 
07-05 21:05:02.760 I/MiSysSrv( 1214): [XC,Cropping][MDrv_SC_set_dnrsetting, 5366] => u16V_Writelimit:2152 
07-05 21:05:02.760 I/MiSysSrv( 1214): [XC,Cropping][MDrv_SC_set_dnrsetting, 5369] => i=0, u16V_Writelimit[2152]= (u16V_Writelimit+1) / 2
07-05 21:05:02.760 I/MiSysSrv( 1214): [XC,Cropping][MDrv_SC_set_dnrsetting, 5373] preview =>WritelimitBase[0][0] = (MS_IPM_BASE0[0]=b40000) + (((u32Offset[3000000] + 0xF) & ~0xFL) * 3 / BYTE_PER_WORD)
07-05 21:05:02.761 I/MiSysSrv( 1214): [XC,Cropping][MDrv_SC_set_dnrsetting, 5380] =>WritelimitBase[e40000] = (MS_IPM_BASE0[0]=b40000) + (((u32Offset[3000000] + 0xF) & ~0xFL) * 2 / BYTE_PER_WORD)
07-05 21:05:02.761 I/MiSysSrv( 1214): [XC,Cropping][MDrv_SC_set_dnrsetting, 5382] => u32WritelimitBase[80e3ffff] = (u32WritelimitBase - 1) | 0x2000000
07-05 21:05:02.761 I/MiSysSrv( 1214): [XC,Cropping][MDrv_SC_set_dnrsetting, 5583] Final DNR Offset/Fetch=0xf00, 0xf00, OPM Offset=0xf00, V_Length=0x43c
07-05 21:05:02.761 I/MiSysSrv( 1214): [XC,Cropping][MDrv_SC_set_dnrsetting, 5595] Final u32DNRBase0/1/2=0xb40000, 0xcc0000, 0xb40000
07-05 21:05:02.761 I/MiSysSrv( 1214): [XC,Cropping][MDrv_SC_set_dnrsetting, 5600]  Final u16FRCM_ROffset = 0xf00   u16FRCM_WOffset = 0xf00
07-05 21:05:02.761 I/MiSysSrv( 1214): [XC,Cropping][MDrv_SC_set_dnrsetting, 5602] ---------------------------------------------------
07-05 21:05:02.761 I/MiSysSrv( 1214): [XC,Cropping][MDrv_SC_set_frcmrsetting, 6493] Crop info: (x,y)=(0,0),(width,height)=(1920,1084), FRCM always progressive
07-05 21:05:02.761 I/MiSysSrv( 1214): [XC,Cropping][MDrv_SC_set_frcmrsetting, 6573] Crop total offset pixel counts 0
07-05 21:05:02.761 I/MiSysSrv( 1214): [XC,Cropping][MDrv_SC_set_frcmrsetting, 6579] Crop info: (x,y)=(0,0),(width,height)=(1920,1084)
07-05 21:05:02.761 I/MiSysSrv( 1214): [XC,Cropping][MDrv_SC_set_frcmrsetting, 6586] LB offset 0, Pixel offset 0 Alighment: 64 bytes 
07-05 21:05:02.761 I/MiSysSrv( 1214): [XC,Cropping][MDrv_SC_set_frcmrsetting, 6589] eFRCMFrameStoreNumber 102
07-05 21:05:02.761 I/MiSysSrv( 1214): [XC,Cropping][MDrv_SC_set_frcmrsetting, 6598] bLinearMode = FALSE
07-05 21:05:02.761 I/MiSysSrv( 1214): [XC,Cropping][MDrv_SC_set_frcmrsetting, 6602] Crop total offset pixel counts for field/frame 0 (eFRCMFrameStoreNumber: 102)
07-05 21:05:02.761 I/MiSysSrv( 1214): [XC,Cropping][MDrv_SC_set_frcmrsetting, 6623] f.LineBuf offset 0, u32FRCM_RCropOffset 0x0
07-05 21:05:02.761 I/MiSysSrv( 1214): [XC,Cropping][MDrv_SC_set_frcmrsetting, 6634] u16FRCM_RFetch:1920 
07-05 21:05:02.761 I/MiSysSrv( 1214): [XC,Cropping][MDrv_SC_set_frcmrsetting, 6758] f1. u16FRCM_RFetch after alignment 1984, lboffset 0 
07-05 21:05:02.761 I/MiSysSrv( 1214): [XC,Cropping][MDrv_SC_set_frcmrsetting, 6777] h.=> u32FRCM_RBase0,1=b40000,cc0000 -> +u32FRCM_RCropOffset[0] =[XC,Cropping][MDrv_SC_set_frcmrsetting, 6779] 0:b40000 
07-05 21:05:02.761 I/MiSysSrv( 1214): [XC,Cropping][MDrv_SC_set_frcmrsetting, 6781] 1:cc0000 
07-05 21:05:02.761 I/MiSysSrv( 1214): [XC,Cropping][MDrv_SC_set_frcmrsetting, 6783] 2:b40000 
07-05 21:05:02.762 I/MiSysSrv( 1214): [XC,Cropping][MDrv_SC_set_frcmrsetting, 6839] Final FRCM_R Fetch=0x7c0, u32FRCM_RBase0/1/2=0xb40000, 0xcc0000, 0xb40000
07-05 21:05:02.762 I/MiSysSrv( 1214): [XC,Cropping][MDrv_SC_set_frcmrsetting, 6841] ---------------------------------------------------
07-05 21:05:02.762 I/MiSysSrv( 1214): [XC,SetWindow][_MApi_XC_SetWindow, 4377] Physical DispWin HStart: 1208  HEnd: 2839  Vstart:  410  VEnd: 1329 
07-05 21:05:02.762 I/MiSysSrv( 1214): MVOP is 1P mode
07-05 21:05:02.762 I/MiSysSrv( 1214): [_MDrv_SC_check_2p_mode][9405]u16Width=3840,u16Height=2152,u32Vfreqx10=240
07-05 21:05:02.762 I/MiSysSrv( 1214): [XC,SetWindow][Hal_SC_sw_db, 1221] [Hal_SC_sw_db, 1221] [DS] bDynamicScalingEnable1  
07-05 21:05:02.762 I/MiSysSrv( 1214): [XC,SetWindow][MDrv_XC_3D_LoadReg,15556] Windows[0] eInputMode=16, eOutputMode=0, b3Dstate=0
07-05 21:05:02.762 I/MiSysSrv( 1214): [XC,LPLL][MDrv_SC_IsForceFreerun, 1547] MDrv_SC_IsForceFreerun = 0
07-05 21:05:02.766 I/System.out(17574): <TVAPI> DEBUG(System Time): 1499259902
07-05 21:05:02.766 I/System.out(17574): <TVAPI> DEBUG(id=4, systemTime, response_time = 86ms): data = {"t":"1499259902","m":"2b12f525a2cdcf55b337b3809f5c4dceee44c50ce708393e","u":"2b12f525a2cdcf55d4215435b416c9b4cd209a1d88b78425","i":"220.181.109.33","k":"2b12f525a2cdcf554f043efb85b8c04e9db42e51cb91c539"}
07-05 21:05:02.775 I/MiSysSrv( 1214): [XC,SetWindow][MApi_XC_SetWindow_U2, 4758] ============= SetWindow Done (Window : 0, src: 34) =============
07-05 21:05:02.776 I/MiSysSrv( 1214): [XC,LPLL][MDrv_SC_set_fpll,  976] MDrv_SC_set_fpll(0,0)
07-05 21:05:02.776 I/MiSysSrv( 1214): [XC,LPLL][MDrv_SC_set_fpll,  977] u32OrigLPLL = 1745d1
07-05 21:05:02.776 I/MiSysSrv( 1214): [XC,LPLL][MDrv_SC_set_fpll, 1002] u32OrigLPLL = 1745d1, L_BK_LPLL(0x0F) = 1745d1
07-05 21:05:02.776 I/MiSysSrv( 1214): [XC,LPLL][_MApi_XC_FPLL_EnableLcokFreqOnly, 3150] [_MApi_XC_FPLL_EnableLcokFreqOnly][3150]feature is 0
07-05 21:05:02.776 I/MiSysSrv( 1214): [XC,LPLL][MDrv_Scaler_SetPhaseLimit, 2688] user forces Phase Limit = 0x600
07-05 21:05:02.776 I/MiSysSrv( 1214): [XC,LPLL][MDrv_Scaler_SetPhaseLimit, 2690] Phase Limit = 0x600
07-05 21:05:02.777 I/MiSysSrv( 1214): [XC,SetWindow][MDrv_SC_3D_IsOutputVfreq48hz,  376] @@ gSrcInfo[eWindow].stCapWin.height=2152, Input Vfreq=240
07-05 21:05:02.777 I/MiSysSrv( 1214): [XC,LPLL][MDrv_SC_Cal_FRC_Output_Vfreq,  628] u16DefaultVFreq = 600, u16InputVFreq =240
07-05 21:05:02.777 I/MiSysSrv( 1214): [XC,SetWindow][MDrv_SC_3D_IsOutputVfreq48hz,  376] @@ gSrcInfo[eWindow].stCapWin.height=2152, Input Vfreq=240
07-05 21:05:02.777 I/MiSysSrv( 1214): [XC,LPLL][MDrv_SC_Handle_Special_FRCTbl,  442] @@@ bIsOutput48hz = FALSE
07-05 21:05:02.777 I/MiSysSrv( 1214): [XC,LPLL][MDrv_SC_Handle_Special_FRCTbl,  479] u16DefaultVFreq=600, u8Ratio = 1
07-05 21:05:02.777 I/MiSysSrv( 1214): [XC,LPLL][MDrv_SC_Cal_FRC_Output_Vfreq,  642] InputV = 240, Tbl[0] = (0, 160)(1, 4)
07-05 21:05:02.777 I/MiSysSrv( 1214): [XC,LPLL][MDrv_SC_Cal_FRC_Output_Vfreq,  642] InputV = 240, Tbl[1] = (160, 245)(2, 5)
07-05 21:05:02.777 I/MiSysSrv( 1214): [XC,LPLL][MDrv_SC_Cal_FRC_Output_Vfreq,  685] u16DefaultVFreq=600,u8FrcOut = 5, u16OutputVFreq = 600
07-05 21:05:02.777 I/MiSysSrv( 1214): [XC,LPLL][MDrv_SC_Cal_FRC_Output_Vfreq,  711] u16DefaultVFreq=600,u8FrcOut = 5, u16OutputVFreq = 600
07-05 21:05:02.777 I/MiSysSrv( 1214): [XC,LPLL][MDrv_SC_Cal_FRC_Output_Vfreq,  850] u16DefaultVFreq=600,Final u8FrcOut = 5, u16OutputVFreq = 600
07-05 21:05:02.777 I/MiSysSrv( 1214): [XC,LPLL][MDrv_SC_Cal_FRC_Output_Vfreq,  922] Frame Lock = True
07-05 21:05:02.777 I/MiSysSrv( 1214): [XC,LPLL][MApi_XC_SetPanelTiming_FSM, 3965] FSM: _u16OutputVFreqAfterFRC = 600
07-05 21:05:02.777 I/MiSysSrv( 1214): [XC,LPLL][MApi_XC_SetPanelTiming_FSM, 3994] u32HighAccurateInputVFreq = 60000
07-05 21:05:02.777 I/MiSysSrv( 1214): [XC,LPLL][MDrv_SC_set_Htt_Vtt, 2019] Default SyncWidth/back porch: H=30,80,V=8,30, Old Htt/Vtt=4400,2250
07-05 21:05:02.777 I/MiSysSrv( 1214): [XC,LPLL][_MDrv_XC_GetExPanelInfo, 1665] u16VFreq=600
07-05 21:05:02.777 I/MiSysSrv( 1214): [XC,LPLL][MDrv_SC_set_Htt_Vtt, 2044] PanelInfoEx: NO, org htt=4400, vtt=2250, vfreq=600; HighAccurateVFreq=600; Output Vfreq=60000, Mode=2
07-05 21:05:02.778 I/MiSysSrv( 1214): [XC,LPLL][MDrv_SC_adjust_output_htt_vtt, 1064] default Htt=4400, Vtt=2250, VFreq=600, dclk=594000000
07-05 21:05:02.778 I/MiSysSrv( 1214): [XC,LPLL][MDrv_SC_adjust_output_htt_vtt, 1071] 1.Htt=4400, Vtt=2250, VFreq=600, dclk=164503270
07-05 21:05:02.778 I/MiSysSrv( 1214): [XC,LPLL][MDrv_SC_adjust_output_htt_vtt, 1092] 2.Adjusted Htt=4400, Vtt=2250, VFreq=600, dclk=164503270
07-05 21:05:02.778 I/MiSysSrv( 1214): [XC,LPLL][MDrv_SC_set_Htt_Vtt, 2165] new htt=4400, vtt=2250, vfreq=600
07-05 21:05:02.779 V/LogRecord/FileHelper(17574): /data/data/com.hisense.hicloud.edca/cache/qylogrecord
07-05 21:05:02.788 D/QrRecognization( 2232): handleMessage msg=4
07-05 21:05:02.788 D/QrRecognization( 2232): handleMessage msg=1
07-05 21:05:02.788 D/QrRecognization( 2232): start update screenshot
07-05 21:05:02.788 D/QrRecognization( 2232): QR detection is not enabled in tile com.hisense.hicloud.edca
07-05 21:05:02.788 D/QrRecognization( 2232): error in getBitmap from screen
07-05 21:05:02.792 I/MiSysSrv( 1214): [XC,LPLL][MDrv_SC_set_Htt_Vtt, 2292] Htt_out, Vtt_out= 4400 , 2250
07-05 21:05:02.792 I/MiSysSrv( 1214): [XC,LPLL][MDrv_SC_Set_LockFreeze_Point, 2623] LockPoint= 0x872 (2162)
07-05 21:05:02.792 I/MiSysSrv( 1214): [XC,LPLL][MDrv_SC_set_output_dclk, 5072] **** SetOutputDclk u16VFreq=600 ***
07-05 21:05:02.792 I/MiSysSrv( 1214): [XC,LPLL][MDrv_SC_set_output_dclk, 5073] **** SetOutputDclk u32AdjHighAccurateVFreq=60000 ***
07-05 21:05:02.792 I/MiSysSrv( 1214): [XC,LPLL][MDrv_SC_set_output_dclk, 5076] DefaultPanelInfo: MinSET = 0x1715d1, MaxSET = 0x1775d1
07-05 21:05:02.792 I/MiSysSrv( 1214): [XC,LPLL][MDrv_SC_set_output_dclk, 5096] g_XC_InitData.stPanelInfo.eLPLL_Type.eLPLL_Type=51, g_XC_InitData.stPanelInfo.eLPLL_Type.eLPLL_Mode=1
07-05 21:05:02.792 I/MiSysSrv( 1214): [XC,LPLL][_MDrv_XC_GetExPanelInfo, 1665] u16VFreq=600
07-05 21:05:02.792 I/MiSysSrv( 1214): @@11=11
07-05 21:05:02.792 I/MiSysSrv( 1214): @@11=11
07-05 21:05:02.792 I/MiSysSrv( 1214): @@11=11
07-05 21:05:02.792 I/MiSysSrv( 1214): @@11=11
07-05 21:05:02.792 I/MiSysSrv( 1214): [XC,LPLL][MDrv_SC_set_output_dclk, 5148] u32PllSet = 0x1745d1, u32UpBound = 0x1775d1, u32LowBound = 0x1715d1
07-05 21:05:02.793 I/MiSysSrv( 1214): [XC,LPLL][MDrv_SC_set_output_dclk, 5149] u32HighAccuratePllSet = 0x1745d1, u32UpBound = 0x1775d1, u32LowBound = 0x1715d1
07-05 21:05:02.794 I/MiSysSrv( 1214): [XC,LPLL][MDrv_SC_set_output_dclk, 5152] User forces Enable=1, LPLL limit=0x1600
07-05 21:05:02.794 I/MiSysSrv( 1214): [XC,LPLL][MDrv_SC_Set_Output_Dclk_Slowly, 2790] SetDCLK: Steps=10, DelayMs=0
07-05 21:05:02.799 D/NetworkManager(17574): [TID 17574] onReceive: intent=Intent { act=android.net.conn.CONNECTIVITY_CHANGE flg=0x10 (has extras) }, extra=Bundle[mParcelledData.dataSize=380]
07-05 21:05:02.799 D/NetworkManager(17574): [TID 17574] action=android.net.conn.CONNECTIVITY_CHANGE
07-05 21:05:02.812 D/NetworkManager(17574): [TID 17574] getRealState: activeNetInfo={[type: Ethernet[], state: CONNECTED/CONNECTED, reason: (unspecified), extra: a8:a6:48:18:fc:a8, roaming: false, failover: false, isAvailable: true, isConnectedToProvisioningNetwork: false]}, isConnected=true
07-05 21:05:02.812 D/NetworkManager(17574): [TID 17574] onNetStateChanged(2)
07-05 21:05:02.814 I/MyFragmentStateAdapter(17574): getCount
07-05 21:05:02.824 I/MiSysSrv( 1214): [XC,LPLL][MDrv_SC_Set_Output_Dclk_Slowly, 2825] Direct set to 0x1745d1
07-05 21:05:02.824 I/MiSysSrv( 1214): [XC,LPLL][MDrv_SC_set_output_dclk, 5175] **** SetOutputDclk-Normal CLK=5940000000, Set=0x1745D1***
07-05 21:05:02.824 I/MiSysSrv( 1214): @@11=11
07-05 21:05:02.824 I/MiSysSrv( 1214): @@11=11
07-05 21:05:02.824 I/MiSysSrv( 1214): [XC,LPLL][MHal_XC_Calc_IGainPGain, 5078] MM=36,u8LGain1=2,Htt=4400,Vtt=2250,Ovs=5,Vco=1,i_gain=0,REGIg=5,u32XTAL_Clock=24000000
07-05 21:05:02.824 I/MiSysSrv( 1214): [XC,LPLL][MHal_XC_Calc_IGainPGain, 5084] new i_gain=0
07-05 21:05:02.824 I/MiSysSrv( 1214): [XC,LPLL][MHal_XC_Calc_IGainPGain, 5095] ==>LG1=2,iGain=0,I=2,P=3
07-05 21:05:02.824 I/MiSysSrv( 1214): [XC,LPLL][_MDrv_Scaler_SetIGainPGain, 1853] user forces REG_IGain= 0x4 (4)
07-05 21:05:02.824 I/MiSysSrv( 1214): [XC,LPLL][_MDrv_Scaler_SetIGainPGain, 1858] user forces REG_PGain= 0x5 (5)
07-05 21:05:02.824 I/MiSysSrv( 1214): [XC,LPLL][_MDrv_Scaler_SetIGainPGain, 1866] REG_IGain= 0x4 (4)
07-05 21:05:02.825 I/MiSysSrv( 1214): [XC,LPLL][_MDrv_Scaler_SetIGainPGain, 1867] REG_PGain= 0x5 (5)
07-05 21:05:02.825 I/MiSysSrv( 1214): [XC,LPLL][MDrv_SC_set_fpll,  976] MDrv_SC_set_fpll(0,0)
07-05 21:05:02.825 I/MiSysSrv( 1214): [XC,LPLL][MDrv_SC_set_fpll,  977] u32OrigLPLL = 1745d1
07-05 21:05:02.825 I/MiSysSrv( 1214): [XC,LPLL][MDrv_SC_set_fpll, 1002] u32OrigLPLL = 1745d1, L_BK_LPLL(0x0F) = 1745d1
07-05 21:05:02.825 I/MiSysSrv( 1214): [XC,LPLL][_MApi_XC_FPLL_EnableLcokFreqOnly, 3150] [_MApi_XC_FPLL_EnableLcokFreqOnly][3150]feature is 0
07-05 21:05:02.829 D/NetworkManager(17574): [TID 17794] >> getRequestTask(http://www.baidu.com)
07-05 21:05:02.830 D/NetworkManager(17574): [TID 17794] getRequestTask(http://www.baidu.com): current pool size=2, queue=[]
07-05 21:05:02.830 D/NetworkManager(17574): [TID 17794] getRequestTask(http://www.baidu.com): submitted task={java.util.concurrent.FutureTask@3560ff94, 8744401}
07-05 21:05:02.830 D/NetworkManager(17574): [TID 17794] << getRequestTask(http://www.baidu.com): returned task=java.util.concurrent.FutureTask@3560ff94
07-05 21:05:02.836 I/art     (17574): Background sticky concurrent mark sweep GC freed 43563(2MB) AllocSpace objects, 11(176KB) LOS objects, 5% free, 35MB/37MB, paused 12.305ms total 205.128ms
07-05 21:05:02.841 I/TVMW@devctrl( 1234): wdt
07-05 21:05:02.845 D/NetworkManager(17574): [TID 17795] >> request(http://www.baidu.com, 8744401)
07-05 21:05:02.847 D/NetworkManager(17574): [TID 17795] request(http://www.baidu.com, 8744401): openConnection
07-05 21:05:02.858 I/System.out(17574): <TVAPI> DEBUG(id=3, devRegister, response_time = 83ms): data = {"msg":"","code":"N000000","data":{"apiKey":"9e14d341281067d05d771f41454858c0","authId":1210,"flag":"","hide":"qiyicom","ip":"27.223.99.130","ipLoc":"1-48-3-6-6002-0-77","ipZh":"-----None-","kv":[{"hcdn":"hCDN"},{"homepageHot":""},{"homepageNew":""},{"ruleCode":"http://static.ptqy.gitv.tv/js/tv/app/getPlayerConfig.js","playerConfig":""},{"isShowExitAppDialog":"apk"}],"loading":"","loginTunnel":0,"resIds":[{"id":201221412,"seq":1},{"id":201713612,"seq":2},{"id":201757412,"seq":3}],"sysTime":1499256334,"tab":[],"tip":"","upgradeType":-1,"url":"","version":""}}
07-05 21:05:02.859 I/System.out(17574): <TVAPI> DEBUG(TVApiProcessor): replace url is http://data2.itv.ptqy.gitv.tv/itv/moduleUpdate/1210/2.1.0.59986?p=%7B%22chipVer%22%3A%22%22%2C%22ip%22%3A%22%22%2C%22mac%22%3A%22a8%3Aa6%3A48%3A18%3Afc%3Aa8%22%2C%22mem%22%3A%22%22%2C%22osVer%22%3A22%2C%22platModel%22%3A%22VIDAA_TV%22%2C%22pluginplayer%22%3A%221.64.0.59984%22%2C%22prodModel%22%3A%22VIDAA_TV%22%7D
07-05 21:05:02.860 I/System.out(17574): <TVAPI> DEBUG(id=2, moduleUpdate): url = http://data2.itv.ptqy.gitv.tv/itv/moduleUpdate/1210/2.1.0.59986?p=%7B%22chipVer%22%3A%22%22%2C%22ip%22%3A%22%22%2C%22mac%22%3A%22a8%3Aa6%3A48%3A18%3Afc%3Aa8%22%2C%22mem%22%3A%22%22%2C%22osVer%22%3A22%2C%22platModel%22%3A%22VIDAA_TV%22%2C%22pluginplayer%22%3A%221.64.0.59984%22%2C%22prodModel%22%3A%22VIDAA_TV%22%7D
07-05 21:05:02.860 I/System.out(17574): <TVAPI> DEBUG(id=2, moduleUpdate): header = qyid:tv_69b1ef544cadbb86e8f28950ece1c76a_1167652938875
07-05 21:05:02.860 I/System.out(17574): <TVAPI> DEBUG(id=2, moduleUpdate): header = ov:5.1.1
07-05 21:05:02.860 I/System.out(17574): <TVAPI> DEBUG(id=2, moduleUpdate): header = apkVer:2.1.0.59986
07-05 21:05:02.860 I/System.out(17574): <TVAPI> DEBUG(id=2, moduleUpdate): header = apiKey:9e14d341281067d05d771f41454858c0
07-05 21:05:02.869 I/MiSysSrv( 1214): [37m[INFO] Change to Voltage: 117 mv (0x32)[m
07-05 21:05:02.893 D/Player/Lib/Utils/PlayerDebugUtils(17574): [TID 17605] initialize, allowDebug: false
07-05 21:05:02.919 D/Player/Player/NativePlayerUtils(17574): [TID 17605] >>checkNativePath
07-05 21:05:02.919 D/Player/Player/NativePlayerUtils(17574): [TID 17605] <<checkNativePath ret=/mnt/sdcard/qcache
07-05 21:05:02.921 D/Player/Player/NativePlayerUtils(17574): [TID 17605] >> loadWhiteListSync()
07-05 21:05:02.922 D/Player/Player/NativePlayerUtils(17574): [TID 17605] isWhiteListLoaded() return false
07-05 21:05:02.923 D/Player/Player/NativePlayerUtils(17574): [TID 17605] loadWhiteListSync(), so Path is /data/data/com.hisense.hicloud.edca/files/plugin/2.1.0.59986/pluginplayer/1.64.0.59984/pluginplayer-release-1.64.0.59984-libs/libiqiyi_media_player_whitelist.so,domian is ptqy.gitv.tv, current tried times is 0
07-05 21:05:02.930 I/MiSysSrv( 1214): bColorRange0_255 is 1
07-05 21:05:02.930 I/MiSysSrv( 1214): BW Window:0, PQSource:9, Hsize:3840, Vsize: 2160, interlace:0, Vfreq=240
07-05 21:05:02.931 I/MiSysSrv( 1214): (_MDrv_PQ_SetGRuleStatus, 5671)GRuleType(10) is bigger than STD PQ's(9), so consider it as CUSTOMER PQ's GRule Type
07-05 21:05:02.931 I/MiSysSrv( 1214): [XC,SetWindow][MApi_XC_SetDynamicScaling_U2,  342] It's dynamic scaling case(1,0,1)
07-05 21:05:02.931 I/MiSysSrv( 1214): [XC,SetWindow][MHAL_SC_Set_DynamicScaling,  522] [MHAL_SC_Set_DynamicScaling,  522] [DS] u8MIU_Select:0  
07-05 21:05:02.931 I/MiSysSrv( 1214): [XC,SetWindow][MHAL_SC_Set_DynamicScaling,  523] [MHAL_SC_Set_DynamicScaling,  523] [DS] bOP_On:1  bIPS_On:0 bIPM_On:1  
07-05 21:05:02.940 I/CLog    (17574): JNI_OnLoad->(cpuinfos) success!!
07-05 21:05:02.941 I/MiSysSrv( 1214): [XC,SetWindow][MHAL_SC_Set_DynamicScaling,  557] [MHAL_SC_Set_DynamicScaling,  557] [DS] u32DynamicScalingBaseAddr:15e91000  u8DynamicScalingIndexDepth:32 u32DynamicScalingBufSize:6144   
07-05 21:05:02.941 D/Player/Player/NativePlayerUtils(17574): [TID 17605] loadWhiteListSync(), wait load finished
07-05 21:05:02.941 I/MiSysSrv( 1214): [XC,SetWindow][MHAL_SC_Set_DynamicScaling,  570] [MHAL_SC_Set_DynamicScaling,  570] [DS] u8IdxDepth:32 DS_MAX_INDEX:6 BYTE_PER_WORD:32  
07-05 21:05:02.944 D/CLog    (17574): cpuinfo_len is (370):
07-05 21:05:02.944 D/CLog    (17574): Processor	: AArch64 Processor rev 3 (aarch64)
07-05 21:05:02.944 D/CLog    (17574): processor	: 0
07-05 21:05:02.944 D/CLog    (17574): processor	: 1
07-05 21:05:02.944 D/CLog    (17574): processor	: 2
07-05 21:05:02.944 D/CLog    (17574): processor	: 3
07-05 21:05:02.944 D/CLog    (17574): Features	: fp asimd aes pmull sha1 sha2 crc32 wp half thumb fastmult vfp edsp neon vfpv3 tlsi vfpv4 idiva idivt 
07-05 21:05:02.944 D/CLog    (17574): CPU implementer	: 0x41
07-05 21:05:02.944 D/CLog    (17574): CPU architecture: 8
07-05 21:05:02.944 D/CLog    (17574): CPU variant	: 0x0
07-05 21:05:02.944 D/CLog    (17574): CPU part	: 0xd03
07-05 21:05:02.944 D/CLog    (17574): CPU revision	: 3
07-05 21:05:02.944 D/CLog    (17574): 
07-05 21:05:02.944 D/CLog    (17574): Hardware	: Muji
07-05 21:05:02.944 D/CLog    (17574): Revision	: 0000
07-05 21:05:02.944 D/CLog    (17574): Serial		: 0000000000000000
07-05 21:05:02.944 D/CLog    (17574): 
07-05 21:05:02.944 D/CLog    (17574): cpuinfo hardware is Muji
07-05 21:05:02.945 D/TVWhiteList(17574): requested URL key = tv-{model-[VIDAA_TV]|cpuinfo-[Muji]}, default = tv-{cpuinfo-[Muji]}, productname-[VIDAA_TV]
07-05 21:05:02.946 D/TVWhiteList(17574): requested URL = http://puma.api.ptqy.gitv.tv/kestrel/fetch?key=tv-%7Bmodel-%5BVIDAA_TV%5D%7Ccpuinfo-%5BMuji%5D%7D&default_key=tv-%7Bcpuinfo-%5BMuji%5D%7D
07-05 21:05:02.947 W/System.err(17574): com.qiyi.video.api.ApiException
07-05 21:05:02.947 W/System.err(17574): 	at com.qiyi.tvapi.tv2.a$3.onSuccess(SourceFile:204)
07-05 21:05:02.947 W/System.err(17574): 	at com.qiyi.video.api.a.d.b(SourceFile:105)
07-05 21:05:02.947 W/System.err(17574): 	at com.qiyi.video.api.a.d.a(SourceFile:129)
07-05 21:05:02.947 W/System.err(17574): 	at com.qiyi.tvapi.tv2.a$1.a(SourceFile:102)
07-05 21:05:02.947 W/System.err(17574): 	at com.qiyi.tvapi.tv2.b.c.a(SourceFile:155)
07-05 21:05:02.947 W/System.err(17574): 	at com.qiyi.tvapi.tv2.a.a(SourceFile:95)
07-05 21:05:02.947 W/System.err(17574): 	at com.qiyi.tvapi.tv2.a.callSync(SourceFile:54)
07-05 21:05:02.947 W/System.err(17574): 	at com.qiyi.sdk.plugin.server.upgrade.UpgradeManager.checkUpgrades(SourceFile:60)
07-05 21:05:02.947 W/System.err(17574): 	at com.qiyi.sdk.plugin.server.core.PluginHelper$TimerHandler.checkAllUpgrade(SourceFile:362)
07-05 21:05:02.947 W/System.err(17574): 	at com.qiyi.sdk.plugin.server.core.PluginHelper$TimerHandler.handleMessage(SourceFile:339)
07-05 21:05:02.947 W/System.err(17574): 	at android.os.Handler.dispatchMessage(Handler.java:102)
07-05 21:05:02.947 W/System.err(17574): 	at android.os.Looper.loop(Looper.java:135)
07-05 21:05:02.947 W/System.err(17574): 	at android.os.HandlerThread.run(HandlerThread.java:61)
07-05 21:05:02.948 W/UpgradeManager(17574): moduleUpdate() onException!! exception=com.qiyi.video.api.ApiException
07-05 21:05:02.948 I/System.out(17574): <TVAPI> ERROR(id=2, moduleUpdate, response_time = 267ms): call error. data = {"msg":"\nE000012","code":"E000012","data":[]}
07-05 21:05:02.948 W/System.err(17574): com.qiyi.video.api.ApiException
07-05 21:05:02.948 W/System.err(17574): 	at com.qiyi.tvapi.tv2.a$3.onSuccess(SourceFile:204)
07-05 21:05:02.948 W/System.err(17574): 	at com.qiyi.video.api.a.d.b(SourceFile:105)
07-05 21:05:02.948 W/System.err(17574): 	at com.qiyi.video.api.a.d.a(SourceFile:129)
07-05 21:05:02.948 W/System.err(17574): 	at com.qiyi.tvapi.tv2.a$1.a(SourceFile:102)
07-05 21:05:02.948 W/System.err(17574): 	at com.qiyi.tvapi.tv2.b.c.a(SourceFile:155)
07-05 21:05:02.948 W/System.err(17574): 	at com.qiyi.tvapi.tv2.a.a(SourceFile:95)
07-05 21:05:02.948 W/System.err(17574): 	at com.qiyi.tvapi.tv2.a.callSync(SourceFile:54)
07-05 21:05:02.948 W/System.err(17574): 	at com.qiyi.sdk.plugin.server.upgrade.UpgradeManager.checkUpgrades(SourceFile:60)
07-05 21:05:02.948 W/System.err(17574): 	at com.qiyi.sdk.plugin.server.core.PluginHelper$TimerHandler.checkAllUpgrade(SourceFile:362)
07-05 21:05:02.948 W/System.err(17574): 	at com.qiyi.sdk.plugin.server.core.PluginHelper$TimerHandler.handleMessage(SourceFile:339)
07-05 21:05:02.948 W/System.err(17574): 	at android.os.Handler.dispatchMessage(Handler.java:102)
07-05 21:05:02.949 W/System.err(17574): 	at android.os.Looper.loop(Looper.java:135)
07-05 21:05:02.949 W/System.err(17574): 	at android.os.HandlerThread.run(HandlerThread.java:61)
07-05 21:05:02.949 W/PluginHelper(17574): checkAllUpgrade>>() return true
07-05 21:05:02.949 W/StorageManager(17574): loadLastUpgradeTime<<(upgradeTime=1499259902677)
07-05 21:05:02.949 W/StorageStub@193d3924(17574): saveLastUpgradeTime<<(upgradeTime=1499259902677)
07-05 21:05:02.952 W/StorageStub@193d3924(17574): saveLastUpgradeTime>>()
07-05 21:05:02.952 W/StorageManager(17574): loadLastUpgradeTime>>()
07-05 21:05:02.954 W/PluginHelper(17574): handleMessage>>()
07-05 21:05:02.959 D/MyLocalStartService(16899): currentName is :com.hisense.hicloud.edca
07-05 21:05:02.961 D/TVWhiteList(17574): WhiteList server IP: 111.206.70.161
07-05 21:05:02.975 I/TVMW@HsSourceManager( 1234): resourceMediaInfoFunction srcid=13
07-05 21:05:02.975 D/TVMW@pqctrl( 1234): [setNR:166] ENTER OK
07-05 21:05:02.976 I/hstvos  ( 1216): [0m[1;36m[mif][VIDEO_FW][_Mif_Video_Window_Callback][466]_Mif_Video_Window_Callback u32EventFlags: 32768, u8DisplayIndex: 0, u8WindowIndex: 0
07-05 21:05:02.976 I/hstvos  ( 1216): [0m[1;36m[HSHAL][HS_PQ][HS_HAL_PQ_SetNR][369] Entry.time[8744547] OK
07-05 21:05:02.976 I/hstvos  ( 1216): [0m[1;32m[HSHAL][HS_PQ][HS_HAL_PQ_SetNR][370]nrLevel 2 
07-05 21:05:02.976 E/TVMW@videoctrl( 1234):  getOsd is 1
07-05 21:05:02.976 D/til@system( 2026): til_get_system_param option:1000027 int:1, bool:1, ret:0
07-05 21:05:02.976 D/til     ( 2026): ###### func:til_get_picture_param option:0x3000045 ######  
07-05 21:05:02.977 I/TVMW@HsTvSetting( 1234): Trace cmd, data = 0x300c
07-05 21:05:02.977 I/TVMW@HsTvSetting( 1234): Trace 3d, data = 0x300c
07-05 21:05:02.977 I/TVMW@3d ( 1234): Hs_debug3d_trace: func:get3dStatus, line:109
07-05 21:05:02.978 D/TVMW@factoryData( 1234): Non source= 13,b4Kx2K = 0,b4Kx2KForWB = 1
07-05 21:05:02.978 D/TVMW@factoryData( 1234): Non 0 ,12 , 22, 45, 63(audio not diff 4K)
07-05 21:05:02.978 D/TVMW@Hsmwhal( 1234): +_+pic: ***sharpness:22[setSharpness:230]
07-05 21:05:02.978 D/TVMW@pqctrl( 1234): [setSharpness:203] ENTER OK
07-05 21:05:02.978 I/hstvos  ( 1216):  [0m[1;36m[HSHAL][HS_PQ][HS_HAL_PQ_SetSharpness][413] Entry.time[8744550] OK
07-05 21:05:02.978 I/hstvos  ( 1216): [0m[1;32m[HSHAL][HS_PQ][HS_HAL_PQ_SetSharpness][414]u32Sharpness 22 
07-05 21:05:02.991 I/TVMW@HsSourceManager( 1234): resourceMediaInfoFunction nrData=2
07-05 21:05:02.991 I/TVMW@HsSourceManager( 1234): resourceMediaInfoFunction sharpness=50
07-05 21:05:02.991 I/TVMW@HsSourceManager( 1234): >>>>resourceMediaInfoFunction
07-05 21:05:02.991 I/hstvos  ( 1216):  [0m[1;36m[HSHAL][HS_PQ][HS_HAL_PQ_SetSharpness][419] Exit OK[8744562] OK
07-05 21:05:02.991 W/        ( 1204): no callback function match handle 0x1420700,
07-05 21:05:02.991 E/MiDisplay( 1204): ERROR pstCallbackParams.
07-05 21:05:02.999 I/MiSysSrv( 1214): [mapi_video_base@Line 1135] [u32PqDelayTime=126,u32UsedTime=67,u16VideoUnMuteTime=0,u32RealyDelayTime=59]
07-05 21:05:02.999 I/MiSysSrv( 1214): [leon.luo]EnableVideoMute = 0,enColor = 5
07-05 21:05:03.014 I/TVWhiteList(17574): strRes = {"code":"A00000","default_key":"tv-{cpuinfo-[Muji]}","default_value":"","key":"tv-{model-[VIDAA_TV]|cpuinfo-[Muji]}","value":"[{\"result\": {\"vod_dolby\": -1,\"vod_h265\": -1,\"vod_h264_4k_plus\": -1,\"vod_h264_jisu_2k\": 1,\"livenet_H264_4k_plus\": -1,\"livenet_H264_jisu_2k\": 1,\"livenet_h265\": -1,\"qixiu\": 0,\"highest_bs\": 19,\"lowest_bs\": 1,\"local_server_config\": \"\", \"other\": \"\"}},{\"version\":3005,\"result\": {\"vod_dolby\": -1,\"vod_h265\": -1,\"vod_h264_4k_plus\": -1,\"vod_h264_jisu_2k\": -1,\"livenet_H264_4k_plus\": -1,\"livenet_H264_jisu_2k\": -1,\"livenet_h265\": -1,\"qixiu\": 0,\"highest_bs\": 19,\"lowest_bs\": 1,\"local_server_config\": \"\", \"other\": \"\"}},{\"version\":3008,\"result\": {\"vod_dolby\": -1,\"vod_h265\": -1,\"vod_h264_4k_plus\": -1,\"vod_h264_jisu_2k\": 1,\"livenet_H264_jisu_2k\": 1,\"qixiu\": 0,\"highest_bs\": 19,\"lowest_bs\": 1,\"local_server_config\": \"{\\\"start_mode\\\": 1}\", \"other\": \"\"}}]"}
07-05 21:05:03.015 I/TVWhiteList(17574): use white list version whitev 3000
07-05 21:05:03.015 I/TVWhiteList(17574): use white list version whitev 3005
07-05 21:05:03.015 I/TVWhiteList(17574): use white list version whitev 3008
07-05 21:05:03.016 D/Player/Player/NativePlayerUtils(17574): [TID 17797] loadWhiteListSync(), white list fetched: {"SupportDolby":false,"SupportH265":false,"Support4K":false,"SupportLive":true}
07-05 21:05:03.016 D/Player/Player/NativePlayerUtils(17574): [TID 17797] parseWhiteListJson(jsonString:{"SupportDolby":false,"SupportH265":false,"Support4K":false,"SupportLive":true})
07-05 21:05:03.017 D/Player/Player/NativePlayerUtils(17574): [TID 17797] parseWhiteListJson, normal:true,h265:false,dolby:false,bs4K:false
07-05 21:05:03.017 D/Player/Player/NativePlayerUtils(17574): [TID 17605] << loadWhiteListSync()
07-05 21:05:03.017 D/Player/Lib/Utils/PlayerDebugUtils(17574): [TID 17605] initialize, allowDebug: false
07-05 21:05:03.017 D/CLog    (17574): cpuinfo_len is (370):
07-05 21:05:03.017 D/CLog    (17574): Processor	: AArch64 Processor rev 3 (aarch64)
07-05 21:05:03.017 D/CLog    (17574): processor	: 0
07-05 21:05:03.017 D/CLog    (17574): processor	: 1
07-05 21:05:03.017 D/CLog    (17574): processor	: 2
07-05 21:05:03.017 D/CLog    (17574): processor	: 3
07-05 21:05:03.017 D/CLog    (17574): Features	: fp asimd aes pmull sha1 sha2 crc32 wp half thumb fastmult vfp edsp neon vfpv3 tlsi vfpv4 idiva idivt 
07-05 21:05:03.017 D/CLog    (17574): CPU implementer	: 0x41
07-05 21:05:03.017 D/CLog    (17574): CPU architecture: 8
07-05 21:05:03.017 D/CLog    (17574): CPU variant	: 0x0
07-05 21:05:03.017 D/CLog    (17574): CPU part	: 0xd03
07-05 21:05:03.017 D/CLog    (17574): CPU revision	: 3
07-05 21:05:03.017 D/CLog    (17574): 
07-05 21:05:03.017 D/CLog    (17574): Hardware	: Muji
07-05 21:05:03.017 D/CLog    (17574): Revision	: 0000
07-05 21:05:03.017 D/CLog    (17574): Serial		: 0000000000000000
07-05 21:05:03.017 D/CLog    (17574): 
07-05 21:05:03.017 D/CLog    (17574): cpuinfo hardware is Muji
07-05 21:05:03.017 I/TVWhiteList(17574): longyUrl = http://msg.71.am/v5/core/bmd?t=pfmc&success=1&tm1=53&bgv=3.0&tv_device=VIDAA_TV-4-Muji-22-Hisense&isadapted=1&krv=3.8.3
07-05 21:05:03.028 D/PlayerSdk/PlayerSdkProject(17574): [TID 17605] initPingback
07-05 21:05:03.066 I/System.out(17574): <TVAPI> DEBUG(TVApiProperty): read passport-device-id=tv_69b1ef544cadbb86e8f28950ece1c76a_1167652938875
07-05 21:05:03.069 I/MiSysSrv( 1214): [37m[INFO] Change to Voltage: 112 mv (0x2D)[m
07-05 21:05:03.076 D/vsyncbridge( 1204): [0] handle_thread thread got msg 0x1, mState = 2
07-05 21:05:03.076 D/vsyncbridge( 1204): Overlay 0 state change from 2 to 3
07-05 21:05:03.076 D/vsyncbridge( 1204): VSYNC_BRIDGE_INIT clear dispQ
07-05 21:05:03.076 D/vsyncbridge( 1204): panelWidth = 3840, panelHeight = 2160, [3840 2160 600]
07-05 21:05:03.077 D/vsyncbridge( 1204): Display Path INIT END: 1
07-05 21:05:03.077 D/MSTAR_VDEC_DBG( 1206): Stream ID: 0, Rate : 1 (E:0,D:0,S:0,F:21) 
07-05 21:05:03.078 I/NuPlayerDecoder( 1206):  VSInitOver is true!!!
07-05 21:05:03.078 D/NuPlayer( 1206): video rendering start
07-05 21:05:03.078 W/MediaPlayer(17574): info/warning (3, 0)
07-05 21:05:03.078 V/AudioPolicyManager( 1206): DeviceVector::getDevice() for type 00008000 address 0 found 0x0
07-05 21:05:03.078 V/AudioPolicyManager( 1206): getOutput() device 2, stream 3, samplingRate 0, format 0, channelMask 3, flags 0
07-05 21:05:03.078 V/AudioPolicyManager( 1206): getOutput() returns output 2
07-05 21:05:03.079 V/AudioPolicyManager( 1206): DeviceVector::getDevice() for type 00008000 address 0 found 0x0
07-05 21:05:03.079 V/AudioPolicyManager( 1206): getOutput() device 2, stream 3, samplingRate 0, format 0, channelMask 3, flags 0
07-05 21:05:03.079 V/AudioPolicyManager( 1206): getOutput() returns output 2
07-05 21:05:03.079 V/AudioPolicyManager( 1206): getOutputForAttr() usage=1, content=2, tag= flags=00000000
