07-05 21:00:35.062 D/HisenseGlobalKeyManager( 1733): handleGlobalKey() : Global event = KeyEvent { action=ACTION_UP, keyCode=KEYCODE_DPAD_RIGHT, scanCode=0, metaState=0, flags=0x0, repeatCount=0, eventTime=8476461, downTime=8476461, deviceId=-1, source=0x101 }
07-05 21:00:35.066 I/MyFragmentStateAdapter(14505): getCount
07-05 21:00:35.079 D/OkHttp  (14505): <-- 200 OK http://picture.edu.hismarttv.com/images/20170628121925625089.png (26ms)
07-05 21:00:35.079 D/OkHttp  (14505): Date: Tue, 04 Jul 2017 02:30:14 GMT
07-05 21:00:35.079 D/OkHttp  (14505): Server: nginx
07-05 21:00:35.079 D/OkHttp  (14505): Content-Type: image/png
07-05 21:00:35.079 D/OkHttp  (14505): Content-Length: 3689
07-05 21:00:35.079 D/OkHttp  (14505): Last-Modified: Wed, 28 Jun 2017 12:19:25 GMT
07-05 21:00:35.079 D/OkHttp  (14505): ETag: "59539ecd-e69"
07-05 21:00:35.079 D/OkHttp  (14505): Accept-Ranges: bytes
07-05 21:00:35.079 D/OkHttp  (14505): Age: 124220
07-05 21:00:35.079 D/OkHttp  (14505): Via: 1.1 jnwt241:0 (Cdn Cache Server V2.0)[13 200 0], 1.1 anwangtong101:2 (Cdn Cache Server V2.0)[0 200 0]
07-05 21:00:35.079 D/OkHttp  (14505): Connection: keep-alive
07-05 21:00:35.079 D/OkHttp  (14505): <-- END HTTP
07-05 21:00:35.081 D/HttpHandler(14505): RetryIntercepter-->retryNum=0
07-05 21:00:35.081 D/HttpHandler(14505): RetryIntercepter-->backoffmutiplier=0
07-05 21:00:35.103 D/TabView (14505): æ— ç„¦ç‚¹è®¾ç½®å›¾æ ‡
07-05 21:00:35.108 D/TabView (14505): æ— ç„¦ç‚¹è®¾ç½®å›¾æ ‡
07-05 21:00:35.109 D/TabView (14505): æ— ç„¦ç‚¹è®¾ç½®å›¾æ ‡
07-05 21:00:35.110 D/TabView (14505): æ— ç„¦ç‚¹è®¾ç½®å›¾æ ‡
07-05 21:00:35.111 D/TabView (14505): æ— ç„¦ç‚¹è®¾ç½®å›¾æ ‡
07-05 21:00:35.112 D/TabView (14505): æ— ç„¦ç‚¹è®¾ç½®å›¾æ ‡
07-05 21:00:35.113 D/TabView (14505): æ— ç„¦ç‚¹è®¾ç½®å›¾æ ‡
07-05 21:00:35.114 D/TabView (14505): æ— ç„¦ç‚¹è®¾ç½®å›¾æ ‡
07-05 21:00:35.118 D/TabView (14505): æ— ç„¦ç‚¹è®¾ç½®å›¾æ ‡
07-05 21:00:35.118 D/HttpHandler(14505): VerifySignInterCeptor-->request.url()=http://picture.edu.hismarttv.com/images/20170628111818312641.png
07-05 21:00:35.118 D/HttpHandler(14505): VerifySignInterCeptor-->hostname=picture.edu.hismarttv.com
07-05 21:00:35.119 D/TabView (14505): æ— ç„¦ç‚¹è®¾ç½®å›¾æ ‡
07-05 21:00:35.121 D/OkHttp  (14505): --> GET http://picture.edu.hismarttv.com/images/20170628111818312641.png http/1.1
07-05 21:00:35.122 D/OkHttp  (14505): Host: picture.edu.hismarttv.com
07-05 21:00:35.122 D/OkHttp  (14505): Connection: Keep-Alive
07-05 21:00:35.122 D/OkHttp  (14505): Accept-Encoding: gzip
07-05 21:00:35.122 D/OkHttp  (14505): User-Agent: okhttp/3.6.0
07-05 21:00:35.122 D/HttpHandler(14505): VerifySignInterCeptor-->request.url()=http://picture.edu.hismarttv.com/images/20170628111917742483.png
07-05 21:00:35.123 D/HttpHandler(14505): VerifySignInterCeptor-->hostname=picture.edu.hismarttv.com
07-05 21:00:35.126 D/OkHttp  (14505): --> END GET
07-05 21:00:35.127 D/OkHttp  (14505): --> GET http://picture.edu.hismarttv.com/images/20170628111917742483.png http/1.1
07-05 21:00:35.127 D/OkHttp  (14505): Host: picture.edu.hismarttv.com
07-05 21:00:35.127 D/OkHttp  (14505): Connection: Keep-Alive
07-05 21:00:35.127 D/OkHttp  (14505): Accept-Encoding: gzip
07-05 21:00:35.127 D/OkHttp  (14505): User-Agent: okhttp/3.6.0
07-05 21:00:35.127 D/OkHttp  (14505): --> END GET
07-05 21:00:35.127 D/TabView (14505): æ— ç„¦ç‚¹è®¾ç½®å›¾æ ‡
07-05 21:00:35.129 D/TabView (14505): æ— ç„¦ç‚¹è®¾ç½®å›¾æ ‡
07-05 21:00:35.129 D/OkHttp  (14505): <-- HTTP FAILED: java.io.InterruptedIOException: thread interrupted
07-05 21:00:35.130 D/TabView (14505): æ— ç„¦ç‚¹è®¾ç½®å›¾æ ‡
07-05 21:00:35.131 D/OkHttp  (14505): <-- HTTP FAILED: java.io.InterruptedIOException: thread interrupted
07-05 21:00:35.131 D/TabView (14505): æ— ç„¦ç‚¹è®¾ç½®å›¾æ ‡
07-05 21:00:35.132 D/HttpHandler(14505): RetryIntercepter-->retryNum=0
07-05 21:00:35.132 D/HttpHandler(14505): RetryIntercepter-->backoffmutiplier=0
07-05 21:00:35.132 D/HttpHandler(14505): RetryIntercepter-->retryNum=0
07-05 21:00:35.133 D/HttpHandler(14505): RetryIntercepter-->backoffmutiplier=0
07-05 21:00:35.133 D/TabView (14505): æ— ç„¦ç‚¹è®¾ç½®å›¾æ ‡
07-05 21:00:35.134 D/TabView (14505): æ— ç„¦ç‚¹è®¾ç½®å›¾æ ‡
07-05 21:00:35.135 I/MyFragmentStateAdapter(14505): getCount
07-05 21:00:35.135 I/MyFragmentStateAdapter(14505): getCount
07-05 21:00:35.135 D/TabView (14505): æ— ç„¦ç‚¹è®¾ç½®å›¾æ ‡
07-05 21:00:35.138 D/TabView (14505): æ— ç„¦ç‚¹è®¾ç½®å›¾æ ‡
07-05 21:00:35.139 D/TabView (14505): æ— ç„¦ç‚¹è®¾ç½®å›¾æ ‡
07-05 21:00:35.141 D/TabView (14505): æ— ç„¦ç‚¹è®¾ç½®å›¾æ ‡
07-05 21:00:35.143 D/TabView (14505): æ— ç„¦ç‚¹è®¾ç½®å›¾æ ‡
07-05 21:00:35.144 D/TabView (14505): æ— ç„¦ç‚¹è®¾ç½®å›¾æ ‡
07-05 21:00:35.149 D/TabView (14505): æ— ç„¦ç‚¹è®¾ç½®å›¾æ ‡
07-05 21:00:35.154 D/TabView (14505): æ— ç„¦ç‚¹è®¾ç½®å›¾æ ‡
07-05 21:00:35.155 D/TabView (14505): æ— ç„¦ç‚¹è®¾ç½®å›¾æ ‡
07-05 21:00:35.156 D/HttpHandler(14505): VerifySignInterCeptor-->request.url()=http://picture.edu.hismarttv.com/images/20170628111818312641.png
07-05 21:00:35.156 D/HttpHandler(14505): VerifySignInterCeptor-->hostname=picture.edu.hismarttv.com
07-05 21:00:35.157 D/OkHttp  (14505): --> GET http://picture.edu.hismarttv.com/images/20170628111818312641.png http/1.1
07-05 21:00:35.157 D/OkHttp  (14505): Host: picture.edu.hismarttv.com
07-05 21:00:35.157 D/OkHttp  (14505): Connection: Keep-Alive
07-05 21:00:35.157 D/OkHttp  (14505): Accept-Encoding: gzip
07-05 21:00:35.157 D/OkHttp  (14505): User-Agent: okhttp/3.6.0
07-05 21:00:35.157 D/OkHttp  (14505): --> END GET
07-05 21:00:35.159 D/OkHttp  (14505): <-- HTTP FAILED: java.net.SocketException: sendto failed: EBADF (Bad file number)
07-05 21:00:35.161 D/TabView (14505): æ— ç„¦ç‚¹è®¾ç½®å›¾æ ‡
07-05 21:00:35.162 D/HttpHandler(14505): RetryIntercepter-->retryNum=0
07-05 21:00:35.162 D/HttpHandler(14505): RetryIntercepter-->backoffmutiplier=0
07-05 21:00:35.162 D/TabView (14505): æ— ç„¦ç‚¹è®¾ç½®å›¾æ ‡
07-05 21:00:35.163 D/TabView (14505): æ— ç„¦ç‚¹è®¾ç½®å›¾æ ‡
07-05 21:00:35.164 D/TabView (14505): æ— ç„¦ç‚¹è®¾ç½®å›¾æ ‡
07-05 21:00:35.165 D/TabView (14505): æ— ç„¦ç‚¹è®¾ç½®å›¾æ ‡
07-05 21:00:35.165 D/TabView (14505): æ— ç„¦ç‚¹è®¾ç½®å›¾æ ‡
07-05 21:00:35.166 D/TabView (14505): æ— ç„¦ç‚¹è®¾ç½®å›¾æ ‡
07-05 21:00:35.167 I/MyFragmentStateAdapter(14505): getCount
07-05 21:00:35.167 I/MyFragmentStateAdapter(14505): getCount
07-05 21:00:35.174 I/TabView (14505): onScroll:,firstItem=0,visibleCount=6,totalCount=10
07-05 21:00:35.180 I/TVMW@devctrl( 1234): wdt
07-05 21:00:35.182 D/Carousel-CarouselView(14505): ============>onScrollChanged hashCode:752787492
07-05 21:00:35.182 D/Carousel-CarouselDisplayPlayerLayout(14505): isFullScreen:false
07-05 21:00:35.183 I/MainHomeView(14505): onPanelSlide0.2519084---leftï¼š185
07-05 21:00:35.204 I/HLSP2P  ( 2548): ## 2017-07-05 21:00:35.204 [2548,2817,:0] INFO ## [HLSP2P][TaskManager.cpp:838][INFO][UpdateGlobalInfo]totalDataSize: 0, totalMemorySize: 0, totalCacheSize: 0, PlayTaskAllFinish: 0
07-05 21:00:35.206 I/HLSP2P  ( 2548): ## 2017-07-05 21:00:35.205 [2548,2817,:0] INFO ## [HLSP2P][TaskManager.cpp:1348][INFO][TryAdjustMemorySize]system memory total size: 1912M, free size: 323MB, cache add to 100MB, AppState: 14, IsLowMemory: 0
07-05 21:00:35.263 I/CurrentCarouselView(14505): onCarouseControlCarouselControlBean{mShoudScroll=true, mActivityHasResume=false, mActivityHasStop=false, mHasTurnGone=false, mHasTurnVisible=false, mChannelId=-1, mSlideOffset=0.2519084, mShouldSelectCenter=false, mTabOpen=false, mHoriPosStatus=None, mVerPosStatus=None, mLevelStatus=None},isPlayingtrue,channelId=0
07-05 21:00:35.263 I/CurrentCarouselView(14505): is not the current page
07-05 21:00:35.263 I/CurrentCarouselView(14505): do scroll
07-05 21:00:35.263 D/Carousel-CarouselView(14505): smoothScroll.
07-05 21:00:35.263 D/Carousel-CarouselDisplayPlayerLayout(14505): isFullScreen:false
07-05 21:00:35.280 I/TVMW@HsTvSetting( 1234): Trace cmd, data = 0x1058
07-05 21:00:35.280 D/til@system( 2026): til_get_system_param option:100002F int:0, bool:0, ret:0
07-05 21:00:35.280 I/TVMW@HsTvSetting( 1234): Trace cmd, data = 0x101f
07-05 21:00:35.281 D/til@system( 2026): til_get_system_param option:100001D int:3, bool:3, ret:0
07-05 21:00:35.281 E/til     ( 2026): [til_get_current_input_source, 101] 
07-05 21:00:35.281 I/TVMW@HsTvSetting( 1234): Trace cmd, data = 0x7007
07-05 21:00:35.281 I/tilwrapper@sm( 2026): HS2TIL_SourceType *hs=0xd, *til=0x900
07-05 21:00:35.281 D/til     ( 2026): get current source 2304
07-05 21:00:35.281 D/SourceRemoteServiceHandler( 2026): getCurrentInputSource.from.til.result is 0, value is 2304
07-05 21:00:35.281 D/SourceRemoteServiceHandler( 2026): getInputSourceType source: 0x900, type=2304
07-05 21:00:35.281 D/til     ( 2026): ###### func:til_get_picture_param option:0x3000006 ######  
07-05 21:00:35.281 I/TVMW@HsTvSetting( 1234): Trace cmd, data = 0x1003
07-05 21:00:35.281 I/TVMW@HsTvSetting( 1234): Trace cmd, data = 0x8032
07-05 21:00:35.282 I/hstvos  ( 1216): [0m[1;33m[HSHAL][HS_VIDEO][HS_HAL_Video_SetOsdDetect_v2][2389]u16Threshold = 20
07-05 21:00:35.282 E/TVMW@videoctrl( 1234):  getOsd is 1
07-05 21:00:35.282 D/til@system( 2026): til_get_system_param option:1000027 int:1, bool:1, ret:0
07-05 21:00:35.282 D/til     ( 2026): ###### func:til_get_picture_param option:0x3000045 ######  
07-05 21:00:35.282 I/TVMW@HsTvSetting( 1234): Trace cmd, data = 0x300c
07-05 21:00:35.282 I/TVMW@HsTvSetting( 1234): Trace 3d, data = 0x300c
07-05 21:00:35.283 I/TVMW@3d ( 1234): Hs_debug3d_trace: func:get3dStatus, line:109
07-05 21:00:35.321 D/DtvSourcePlugin-DVBC( 2628): Setting the EPG Updater state to: WAIT
07-05 21:00:35.329 D/TabView (14505): onReceiveSlidingOffset ===>:0.2519084
07-05 21:00:35.332 I/MyFragmentStateAdapter(14505): getCount
07-05 21:00:35.340 D/Carousel-CarouselDisplayPlayerLayout(14505): HasFocus:false,keyCode:22
07-05 21:00:35.340 D/Carousel-CarouselDisplayPlayerLayout(14505): isFullScreen:false
07-05 21:00:35.340 I/HomeMainActivity(14505): carousel handle key:false
07-05 21:00:35.355 V/InputMethodService( 2203): startInput(): editor=android.view.inputmethod.EditorInfo@2d06c237
07-05 21:00:35.355 V/InputMethodService( 2203): CALL: onFinishInput
07-05 21:00:35.356 E/SOGOUIME_JNI( 2203): reset
07-05 21:00:35.356 E/SOGOUIME_JNI( 2203): getCandidates
07-05 21:00:35.356 E/SOGOUIME_JNI( 2203): ime_get_uncommitted_length
07-05 21:00:35.357 E/SOGOUIME_JNI( 2203): getCandidates
07-05 21:00:35.357 D/SogouIME API( 2203): ==============num:32
07-05 21:00:35.357 E/SOGOUIME_JNI( 2203): ime_get_uncommitted_length
07-05 21:00:35.357 D/SogouIME( 2203): mFocusedComponent:30   isHkbEnable:false
07-05 21:00:35.357 E/SOGOUIME_JNI( 2203): ime_get_uncommitted_length
07-05 21:00:35.357 E/SOGOUIME_JNI( 2203): ime_get_committed_length
07-05 21:00:35.361 E/SOGOUIME_JNI( 2203): getComposingInfo
07-05 21:00:35.361 E/SOGOUIME_JNI( 2203): getComposingInfo
07-05 21:00:35.361 E/SOGOUIME_JNI( 2203): getCorrectInfo
07-05 21:00:35.362 E/SOGOUIME_JNI( 2203): getComposingInfo
07-05 21:00:35.363 V/InputMethodService( 2203): CALL: onStartInput
07-05 21:00:35.363 E/SOGOUIME_JNI( 2203): invalidateCommitWordPinyinNative
07-05 21:00:35.364 D/SogouIME( 2203): =====configKeyboard=======æ˜¯å¦æœ‰ç¡¬ä»¶ç›˜:false     ç¡¬ä»¶ç›˜æ˜¯å¦ä¸å†éšè—ï¼šfalse
07-05 21:00:35.364 E/SOGOUIME_JNI( 2203): ime_set_hard_kb_enable
07-05 21:00:35.364 I/MainHomeView(14505): onPanelSlide0.007633588---leftï¼š153
07-05 21:00:35.365 I/CurrentCarouselView(14505): onCarouseControlCarouselControlBean{mShoudScroll=true, mActivityHasResume=false, mActivityHasStop=false, mHasTurnGone=false, mHasTurnVisible=false, mChannelId=-1, mSlideOffset=0.007633588, mShouldSelectCenter=false, mTabOpen=false, mHoriPosStatus=None, mVerPosStatus=None, mLevelStatus=None},isPlayingtrue,channelId=0
07-05 21:00:35.365 I/CurrentCarouselView(14505): is not the current page
07-05 21:00:35.365 I/CurrentCarouselView(14505): do scroll
07-05 21:00:35.365 D/Carousel-CarouselView(14505): smoothScroll.
07-05 21:00:35.365 D/Carousel-CarouselDisplayPlayerLayout(14505): isFullScreen:false
07-05 21:00:35.365 D/TabView (14505): onReceiveSlidingOffset ===>:0.007633588
07-05 21:00:35.379 D/Carousel-CarouselDisplayPlayerLayout(14505): x=381, y=167,w=892,h=536, hashCode=378899824
07-05 21:00:35.379 D/Carousel-CarouselDisplayPlayerLayout(14505): mX=511, mY=167,mWitdh=892,mHeight=536, hashCode=378899824
07-05 21:00:35.379 D/Carousel-CarouselDisplayPlayerLayout(14505): changed=true, hashCode=378899824
07-05 21:00:35.380 D/Carousel-Utils(14505): x=381,y=167, width=892,height=536
07-05 21:00:35.382 D/Carousel-CarouselDisplayPlayerLayout(14505): isFullScreen:false
07-05 21:00:35.382 D/Carousel-CarouselView(14505): ===========>onScrollStart
07-05 21:00:35.385 D/Carousel-Utils(14505): displayImage view=android.widget.ImageView{f99d153 I.ED.... ......ID 0,0-816,460 #7f0d0029 app:id/imageView1}
07-05 21:00:35.385 D/Carousel-Utils(14505): displayImage url=http://picture.edu.hismarttv.com/images/20170629010146422927.jpg
07-05 21:00:35.387 D/Carousel-Utils(14505): onResourceReady.
07-05 21:00:35.396 D/Carousel-Utils(14505): displayImage view=android.widget.ImageView{5e42aed I.ED.... ........ 0,0-816,460 #7f0d0029 app:id/imageView1}
07-05 21:00:35.396 D/Carousel-Utils(14505): displayImage url=http://picture.edu.hismarttv.com/images/20170629010146422927.jpg
07-05 21:00:35.397 D/Carousel-Utils(14505): onResourceReady.
07-05 21:00:35.433 D/Carousel-CarouselDisplayPlayerLayout(14505): x=381, y=167,w=892,h=536, hashCode=378899824
07-05 21:00:35.433 D/Carousel-CarouselDisplayPlayerLayout(14505): mX=381, mY=167,mWitdh=892,mHeight=536, hashCode=378899824
07-05 21:00:35.433 D/Carousel-CarouselDisplayPlayerLayout(14505): changed=false, hashCode=378899824
07-05 21:00:35.433 D/Carousel-CarouselDisplayPlayerLayout(14505): extraTryCount=0
07-05 21:00:35.435 I/MyFragmentStateAdapter(14505): getCount
07-05 21:00:35.435 I/MyFragmentStateAdapter(14505): getCount
07-05 21:00:35.435 I/MyFragmentStateAdapter(14505): getCount
07-05 21:00:35.435 I/MyFragmentStateAdapter(14505): getCount
07-05 21:00:35.436 I/Carousel-UrlVideoView(14505): onMeasure(MeasureSpec: EXACTLY 816, MeasureSpec: EXACTLY 460)
07-05 21:00:35.436 D/Carousel-UrlVideoView(14505): widthSpecMode=1073741824
07-05 21:00:35.436 D/Carousel-UrlVideoView(14505): heightSpecMode=1073741824
07-05 21:00:35.436 D/Carousel-UrlVideoView(14505): widthSpecSize=816
07-05 21:00:35.436 D/Carousel-UrlVideoView(14505): heightSpecSize=460
07-05 21:00:35.436 I/Carousel-UrlVideoView(14505): onMeasure(MeasureSpec: EXACTLY 816, MeasureSpec: EXACTLY 460)
07-05 21:00:35.436 D/Carousel-UrlVideoView(14505): widthSpecMode=1073741824
07-05 21:00:35.436 D/Carousel-UrlVideoView(14505): heightSpecMode=1073741824
07-05 21:00:35.436 D/Carousel-UrlVideoView(14505): widthSpecSize=816
07-05 21:00:35.436 D/Carousel-UrlVideoView(14505): heightSpecSize=460
07-05 21:00:35.439 D/Surface ( 1733): onStatusChange() : mNativeObject = 547942796288 mUseImageHwRender = false
07-05 21:00:35.440 V/Surface ( 1733): nativeSetHardwareRender() : status = 0
07-05 21:00:35.440 V/Surface ( 1733): nativeSetHardwareRender() : end
07-05 21:00:35.442 D/PowerManagerService( 1733): releaseWakeLockInternal: lock=487931605 [WindowManager], flags=0x0
07-05 21:00:35.442 D/PowerManagerNotifier( 1733): onWakeLockReleased: flags=536870922, tag="WindowManager", packageName=android, ownerUid=1000, ownerPid=1733, workSource=WorkSource{10010}
07-05 21:00:35.442 D/PowerManagerService( 1733): userActivityNoUpdateLocked: eventTime=8477014, event=0, flags=0x1, uid=1000
07-05 21:00:35.442 D/PowerManagerService( 1733): setScreenBrightnessOverrideFromWindowManagerInternal done
07-05 21:00:35.444 D/Surface ( 1733): onStatusChange() : mNativeObject = 0 mUseImageHwRender = false
07-05 21:00:35.476 I/FirstLineAdapter(14505): canShowTrailer,isOffline=false
07-05 21:00:35.476 I/FirstLineAdapter(14505): canShowTrailer,isOffline=false
07-05 21:00:35.476 I/FirstLineAdapter(14505): canShowTrailer,isOffline=false
07-05 21:00:35.476 I/FirstLineAdapter(14505): canShowTrailer,isOffline=false
07-05 21:00:35.476 I/FirstLineAdapter(14505): canShowTrailer,isOffline=false
07-05 21:00:35.482 I/FirstLineAdapter(14505): canShowTrailer,isOffline=false
07-05 21:00:35.482 I/FirstLineAdapter(14505): canShowTrailer,isOffline=false
07-05 21:00:35.482 I/FirstLineAdapter(14505): canShowTrailer,isOffline=false
07-05 21:00:35.483 I/FirstLineAdapter(14505): canShowTrailer,isOffline=false
07-05 21:00:35.483 I/SurfaceView(14505): Changes: creating=false format=false size=false visible=false left=true top=false
07-05 21:00:35.483 I/SurfaceView(14505): Cur surface: Surface(name=null)/@0xa5bc2f7
07-05 21:00:35.485 D/Surface ( 1733): onStatusChange() : mNativeObject = 547942785536 mUseImageHwRender = false
07-05 21:00:35.485 V/Surface ( 1733): nativeSetHardwareRender() : status = 0
07-05 21:00:35.485 V/Surface ( 1733): nativeSetHardwareRender() : end
07-05 21:00:35.489 D/PowerManagerService( 1733): setScreenBrightnessOverrideFromWindowManagerInternal done
07-05 21:00:35.493 D/Surface ( 1733): onStatusChange() : mNativeObject = 0 mUseImageHwRender = false
07-05 21:00:35.493 D/Surface (14505): onStatusChange() : mNativeObject = -195857664 mUseImageHwRender = false
07-05 21:00:35.493 V/Surface (14505): nativeSetHardwareRender() : status = 0
07-05 21:00:35.493 V/Surface (14505): nativeSetHardwareRender() : end
07-05 21:00:35.493 I/SurfaceView(14505): New surface: Surface(name=null)/@0x1515a3cd, vis=true, frame=Rect(419, 205 - 1235, 665)
07-05 21:00:35.493 D/Surface (14505): onStatusChange() : mNativeObject = 0 mUseImageHwRender = false
07-05 21:00:35.493 D/Surface (14505): onStatusChange() : mNativeObject = -195857664 mUseImageHwRender = false
07-05 21:00:35.494 V/Surface (14505): nativeSetHardwareRender() : status = 0
07-05 21:00:35.494 V/Surface (14505): nativeSetHardwareRender() : end
07-05 21:00:35.494 V/SurfaceView(14505): Layout: x=419 y=205 w=816 h=460, frame=Rect(0, 0 - 816, 460)
07-05 21:00:35.506 I/MainHomeView(14505): onPanelSlide0.0---leftï¼š152
07-05 21:00:35.507 I/CurrentCarouselView(14505): onCarouseControlCarouselControlBean{mShoudScroll=true, mActivityHasResume=false, mActivityHasStop=false, mHasTurnGone=false, mHasTurnVisible=false, mChannelId=-1, mSlideOffset=0.0, mShouldSelectCenter=false, mTabOpen=false, mHoriPosStatus=None, mVerPosStatus=None, mLevelStatus=None},isPlayingtrue,channelId=0
07-05 21:00:35.507 I/CurrentCarouselView(14505): is not the current page
07-05 21:00:35.507 I/CurrentCarouselView(14505): do scroll
07-05 21:00:35.507 D/Carousel-CarouselView(14505): smoothScroll.
07-05 21:00:35.508 D/Carousel-CarouselDisplayPlayerLayout(14505): isFullScreen:false
07-05 21:00:35.508 D/TabView (14505): onReceiveSlidingOffset ===>:0.0
07-05 21:00:35.509 E/hwcomposer( 1204): Overlay 0 size changeed src {1920 1080} -> {1920, 1080} crop{0.000000 0.000000 1920.000000 1080.000000}->{0.000000 0.000000 1920.000000 1080.000000} dst{549 205 1365 665}->{419 205 1235 665}
07-05 21:00:35.513 I/MyFragmentStateAdapter(14505): getCount
07-05 21:00:35.518 D/Carousel-CarouselDisplayPlayerLayout(14505): x=380, y=167,w=892,h=536, hashCode=378899824
07-05 21:00:35.518 D/Carousel-CarouselDisplayPlayerLayout(14505): mX=381, mY=167,mWitdh=892,mHeight=536, hashCode=378899824
07-05 21:00:35.518 D/Carousel-CarouselDisplayPlayerLayout(14505): changed=true, hashCode=378899824
07-05 21:00:35.518 D/Carousel-Utils(14505): x=380,y=167, width=892,height=536
07-05 21:00:35.518 D/Carousel-CarouselDisplayPlayerLayout(14505): x=380, y=167,w=892,h=536, hashCode=378899824
07-05 21:00:35.518 D/Carousel-CarouselDisplayPlayerLayout(14505): mX=380, mY=167,mWitdh=892,mHeight=536, hashCode=378899824
07-05 21:00:35.518 D/Carousel-CarouselDisplayPlayerLayout(14505): changed=false, hashCode=378899824
07-05 21:00:35.518 D/Carousel-CarouselDisplayPlayerLayout(14505): extraTryCount=0
07-05 21:00:35.519 D/Carousel-CarouselDisplayPlayerLayout(14505): x=380, y=167,w=892,h=536, hashCode=378899824
07-05 21:00:35.519 D/Carousel-CarouselDisplayPlayerLayout(14505): mX=380, mY=167,mWitdh=892,mHeight=536, hashCode=378899824
07-05 21:00:35.519 D/Carousel-CarouselDisplayPlayerLayout(14505): changed=false, hashCode=378899824
07-05 21:00:35.519 D/Carousel-CarouselDisplayPlayerLayout(14505): extraTryCount=1
07-05 21:00:35.523 I/Carousel-UrlVideoView(14505): onMeasure(MeasureSpec: EXACTLY 816, MeasureSpec: EXACTLY 460)
07-05 21:00:35.523 D/Carousel-UrlVideoView(14505): widthSpecMode=1073741824
07-05 21:00:35.523 D/Carousel-UrlVideoView(14505): heightSpecMode=1073741824
07-05 21:00:35.523 D/Carousel-UrlVideoView(14505): widthSpecSize=816
07-05 21:00:35.523 D/Carousel-UrlVideoView(14505): heightSpecSize=460
07-05 21:00:35.523 I/Carousel-UrlVideoView(14505): onMeasure(MeasureSpec: EXACTLY 816, MeasureSpec: EXACTLY 460)
07-05 21:00:35.523 D/Carousel-UrlVideoView(14505): widthSpecMode=1073741824
07-05 21:00:35.523 D/Carousel-UrlVideoView(14505): heightSpecMode=1073741824
07-05 21:00:35.523 D/Carousel-UrlVideoView(14505): widthSpecSize=816
07-05 21:00:35.523 D/Carousel-UrlVideoView(14505): heightSpecSize=460
07-05 21:00:35.523 I/SurfaceView(14505): Changes: creating=false format=false size=false visible=false left=true top=false
07-05 21:00:35.524 I/SurfaceView(14505): Cur surface: Surface(name=null)/@0xa5bc2f7
07-05 21:00:35.525 D/Surface ( 1733): onStatusChange() : mNativeObject = 547942785536 mUseImageHwRender = false
07-05 21:00:35.525 V/Surface ( 1733): nativeSetHardwareRender() : status = 0
07-05 21:00:35.526 V/Surface ( 1733): nativeSetHardwareRender() : end
07-05 21:00:35.527 D/PowerManagerService( 1733): setScreenBrightnessOverrideFromWindowManagerInternal done
07-05 21:00:35.537 D/Surface ( 1733): onStatusChange() : mNativeObject = 0 mUseImageHwRender = false
07-05 21:00:35.543 D/hwcomposer( 1204): Overlay [0] do size change!
07-05 21:00:35.544 D/vsyncbridge( 1204): [0] handle_thread thread got msg 0x2, mState = 3
07-05 21:00:35.544 D/vsyncbridge( 1204): Overlay 0 Resize, mState = 0x3, 0, disp[419 205 816 460] osd[1920 1080]
07-05 21:00:35.544 D/vsyncbridge( 1204): [update_ds_table,  594] DispW:1632 DispH:920 
07-05 21:00:35.544 D/vsyncbridge( 1204): [update_ds_table,  598] Cap.x:1105 Cap.y:30 CapW:1920 CapH:1080 
07-05 21:00:35.544 D/vsyncbridge( 1204): [update_ds_table,  599] enInputSourceType:34 
07-05 21:00:35.544 D/vsyncbridge( 1204): [update_ds_table,  601] u16InputVTotal:2205  u16InputVFreq:240 
07-05 21:00:35.544 D/vsyncbridge( 1204): [update_ds_table,  603] bInterlace:0  u16DefaultHtotal:0 
07-05 21:00:35.544 D/vsyncbridge( 1204): [update_ds_table,  606] bPreHCusScaling:1  bPreVCusScaling:1 
07-05 21:00:35.544 D/vsyncbridge( 1204): [update_ds_table,  608] u16PreHCusScalingSrc:1920  u16PreHCusScalingDst:1920 
07-05 21:00:35.544 D/vsyncbridge( 1204): [update_ds_table,  610] u16PreVCusScalingSrc:1080  u16PreVCusScalingSrc:1080 
07-05 21:00:35.544 D/vsyncbridge( 1204): [update_ds_table,  613] bHCusScaling:0  bVCusScaling:0 
07-05 21:00:35.544 D/vsyncbridge( 1204): [update_ds_table,  615] u16HCusScalingSrc:1920  u16HCusScalingDst:1632 
07-05 21:00:35.544 D/vsyncbridge( 1204): [update_ds_table,  617] u16VCusScalingSrc:1080  u16VCusScalingDst:920 
07-05 21:00:35.544 D/vsyncbridge( 1204): vsync_bridge_CalAspectRatio type = 0
07-05 21:00:35.544 D/vsyncbridge( 1204): panel [3840 2160] osd [1920 1080] ratio [2.000000 2.000000]
07-05 21:00:35.544 D/vsyncbridge( 1204): apply ratio, x=838, y=410, width=1632, height=920
07-05 21:00:35.545 D/vsyncbridge( 1204): disp_old[838 410 2470 1330], disp_new[838 410 2470 1330], crop[0 0 1920 1080]
07-05 21:00:35.545 D/vsyncbridge( 1204): [update_ds_table,  798] SW DS !!! 
07-05 21:00:35.545 D/vsyncbridge( 1204): [update_ds_table,  800] stXC_SetWin_Info.stCapWin.width1920  stXC_SetWin_Info.stCapWin.height:1080
07-05 21:00:35.545 D/vsyncbridge( 1204): [update_ds_table,  802] stXC_SetWin_Info.stCropWin.width1920  stXC_SetWin_Info.stCropWin.height:1080
07-05 21:00:35.545 D/vsyncbridge( 1204): [update_ds_table,  803] MApi_XC_GetDynamicScalingStatus():1 
07-05 21:00:35.546 D/        ( 1204): Alert: cannot get frameCount from IOCTL, eWindow=0! Fall back to original frame mode
07-05 21:00:35.546 D/        ( 1204): MVOP is 1P mode
07-05 21:00:35.546 D/        ( 1204): [_MDrv_SC_check_2p_mode][9405]u16Width=3840,u16Height=2160,u32Vfreqx10=240
07-05 21:00:35.546 D/vsyncbridge( 1204): vsync_bridge_render_frame pts = 2750000, DS_Idx=0x1, overlayID=0
07-05 21:00:35.546 D/vsyncbridge( 1204):  W 2, R 1, Cur 2
07-05 21:00:35.546 D/vsyncbridge( 1204): vsync_bridge_CalAspectRatio type = 0
07-05 21:00:35.546 D/vsyncbridge( 1204): panel [3840 2160] osd [1920 1080] ratio [2.000000 2.000000]
07-05 21:00:35.546 D/vsyncbridge( 1204): apply ratio, x=838, y=410, width=1632, height=920
07-05 21:00:35.548 D/Surface (14505): onStatusChange() : mNativeObject = -195872000 mUseImageHwRender = false
07-05 21:00:35.548 V/Surface (14505): nativeSetHardwareRender() : status = 0
07-05 21:00:35.548 V/Surface (14505): nativeSetHardwareRender() : end
07-05 21:00:35.548 I/SurfaceView(14505): New surface: Surface(name=null)/@0x1515a3cd, vis=true, frame=Rect(418, 205 - 1234, 665)
07-05 21:00:35.548 D/Surface (14505): onStatusChange() : mNativeObject = 0 mUseImageHwRender = false
07-05 21:00:35.548 D/Surface (14505): onStatusChange() : mNativeObject = -195872000 mUseImageHwRender = false
07-05 21:00:35.548 V/Surface (14505): nativeSetHardwareRender() : status = 0
07-05 21:00:35.548 V/Surface (14505): nativeSetHardwareRender() : end
07-05 21:00:35.551 V/SurfaceView(14505): Layout: x=418 y=205 w=816 h=460, frame=Rect(0, 0 - 816, 460)
07-05 21:00:35.556 D/Carousel-CarouselDisplayPlayerLayout(14505): x=380, y=167,w=892,h=536, hashCode=378899824
07-05 21:00:35.556 D/Carousel-CarouselDisplayPlayerLayout(14505): mX=380, mY=167,mWitdh=892,mHeight=536, hashCode=378899824
07-05 21:00:35.556 D/Carousel-CarouselDisplayPlayerLayout(14505): changed=false, hashCode=378899824
07-05 21:00:35.556 D/Carousel-CarouselDisplayPlayerLayout(14505): extraTryCount=2
07-05 21:00:35.558 E/hwcomposer( 1204): Overlay 0 size changeed src {1920 1080} -> {1920, 1080} crop{0.000000 0.000000 1920.000000 1080.000000}->{0.000000 0.000000 1920.000000 1080.000000} dst{419 205 1235 665}->{418 205 1234 665}
07-05 21:00:35.561 I/MainHomeView(14505): onPanelClosed---leftï¼š152
07-05 21:00:35.565 I/art     (14505): Background sticky concurrent mark sweep GC freed 40099(1462KB) AllocSpace objects, 0(0B) LOS objects, 4% free, 35MB/37MB, paused 16.672ms total 120.049ms
07-05 21:00:35.571 D/Carousel-CarouselDisplayPlayerLayout(14505): x=380, y=167,w=892,h=536, hashCode=378899824
07-05 21:00:35.571 D/Carousel-CarouselDisplayPlayerLayout(14505): mX=380, mY=167,mWitdh=892,mHeight=536, hashCode=378899824
07-05 21:00:35.571 D/Carousel-CarouselDisplayPlayerLayout(14505): changed=false, hashCode=378899824
07-05 21:00:35.572 D/Carousel-CarouselDisplayPlayerLayout(14505): extraTryCount=3
07-05 21:00:35.572 D/Carousel-CarouselDisplayPlayerLayout(14505): x=380, y=167,w=892,h=536, hashCode=378899824
07-05 21:00:35.572 D/Carousel-CarouselDisplayPlayerLayout(14505): mX=380, mY=167,mWitdh=892,mHeight=536, hashCode=378899824
07-05 21:00:35.572 D/Carousel-CarouselDisplayPlayerLayout(14505): changed=false, hashCode=378899824
07-05 21:00:35.572 D/Carousel-CarouselDisplayPlayerLayout(14505): extraTryCount=4
07-05 21:00:35.572 D/Carousel-CarouselDisplayPlayerLayout(14505): x=380, y=167,w=892,h=536, hashCode=378899824
07-05 21:00:35.573 D/Carousel-CarouselDisplayPlayerLayout(14505): mX=380, mY=167,mWitdh=892,mHeight=536, hashCode=378899824
07-05 21:00:35.573 D/Carousel-CarouselDisplayPlayerLayout(14505): changed=false, hashCode=378899824
07-05 21:00:35.573 D/Carousel-CarouselDisplayPlayerLayout(14505): extraTryCount=5
07-05 21:00:35.580 D/Carousel-CarouselDisplayPlayerLayout(14505): x=380, y=167,w=892,h=536, hashCode=378899824
07-05 21:00:35.580 D/Carousel-CarouselDisplayPlayerLayout(14505): mX=380, mY=167,mWitdh=892,mHeight=536, hashCode=378899824
07-05 21:00:35.580 D/Carousel-CarouselDisplayPlayerLayout(14505): changed=false, hashCode=378899824
07-05 21:00:35.580 D/Carousel-CarouselDisplayPlayerLayout(14505): extraTryCount=6
07-05 21:00:35.592 D/hwcomposer( 1204): Overlay [0] do size change!
07-05 21:00:35.592 D/vsyncbridge( 1204): [0] handle_thread thread got msg 0x2, mState = 3
07-05 21:00:35.592 D/vsyncbridge( 1204): Overlay 0 Resize, mState = 0x3, 0, disp[418 205 816 460] osd[1920 1080]
07-05 21:00:35.593 D/Carousel-CarouselDisplayPlayerLayout(14505): x=380, y=167,w=892,h=536, hashCode=378899824
07-05 21:00:35.594 D/Carousel-CarouselDisplayPlayerLayout(14505): mX=380, mY=167,mWitdh=892,mHeight=536, hashCode=378899824
07-05 21:00:35.594 D/Carousel-CarouselDisplayPlayerLayout(14505): changed=false, hashCode=378899824
07-05 21:00:35.594 D/Carousel-CarouselDisplayPlayerLayout(14505): extraTryCount=7
07-05 21:00:35.594 D/Carousel-CarouselDisplayPlayerLayout(14505): x=380, y=167,w=892,h=536, hashCode=378899824
07-05 21:00:35.594 D/Carousel-CarouselDisplayPlayerLayout(14505): mX=380, mY=167,mWitdh=892,mHeight=536, hashCode=378899824
07-05 21:00:35.594 D/Carousel-CarouselDisplayPlayerLayout(14505): changed=false, hashCode=378899824
07-05 21:00:35.599 D/Carousel-CarouselDisplayPlayerLayout(14505): extraTryCount=8
07-05 21:00:35.600 D/Carousel-CarouselDisplayPlayerLayout(14505): x=380, y=167,w=892,h=536, hashCode=378899824
07-05 21:00:35.600 D/Carousel-CarouselDisplayPlayerLayout(14505): mX=380, mY=167,mWitdh=892,mHeight=536, hashCode=378899824
07-05 21:00:35.600 D/Carousel-CarouselDisplayPlayerLayout(14505): changed=false, hashCode=378899824
07-05 21:00:35.600 D/Carousel-CarouselDisplayPlayerLayout(14505): extraTryCount=9
07-05 21:00:35.600 D/Carousel-CarouselDisplayPlayerLayout(14505): x=380, y=167,w=892,h=536, hashCode=378899824
07-05 21:00:35.600 D/Carousel-CarouselDisplayPlayerLayout(14505): mX=380, mY=167,mWitdh=892,mHeight=536, hashCode=378899824
07-05 21:00:35.600 D/Carousel-CarouselDisplayPlayerLayout(14505): changed=false, hashCode=378899824
07-05 21:00:35.600 D/Carousel-CarouselDisplayPlayerLayout(14505): isFullScreen:false
07-05 21:00:35.600 D/Carousel-CarouselView(14505): ===========>mDisplayPlayerLayout.getVisibility()=4
07-05 21:00:35.600 D/Carousel-CarouselView(14505): ===========>onScrollEnd
07-05 21:00:35.601 D/Carousel-Utils(14505): x=380,y=167, width=892,height=536
07-05 21:00:35.601 D/Carousel-CarouselView(14505): isOutScreen:false
07-05 21:00:35.609 I/MyFragmentStateAdapter(14505): getCount
07-05 21:00:35.609 I/MyFragmentStateAdapter(14505): getCount
07-05 21:00:35.609 I/MyFragmentStateAdapter(14505): getCount
07-05 21:00:35.609 I/MyFragmentStateAdapter(14505): getCount
07-05 21:00:35.611 I/NetflixMonitorService( 1733): current fgapk : com.hisense.hicloud.edca
07-05 21:00:35.612 I/NetflixMonitorService( 1733): Netflix status unchanged
07-05 21:00:35.614 D/Surface ( 1733): onStatusChange() : mNativeObject = 547942796288 mUseImageHwRender = false
07-05 21:00:35.614 V/Surface ( 1733): nativeSetHardwareRender() : status = 0
07-05 21:00:35.614 V/Surface ( 1733): nativeSetHardwareRender() : end
07-05 21:00:35.615 D/vsyncbridge( 1204): [update_ds_table,  594] DispW:1632 DispH:920 
07-05 21:00:35.615 D/vsyncbridge( 1204): [update_ds_table,  598] Cap.x:1105 Cap.y:30 CapW:1920 CapH:1080 
07-05 21:00:35.615 D/vsyncbridge( 1204): [update_ds_table,  599] enInputSourceType:34 
07-05 21:00:35.615 D/vsyncbridge( 1204): [update_ds_table,  601] u16InputVTotal:2205  u16InputVFreq:240 
07-05 21:00:35.615 D/vsyncbridge( 1204): [update_ds_table,  603] bInterlace:0  u16DefaultHtotal:0 
07-05 21:00:35.615 D/vsyncbridge( 1204): [update_ds_table,  606] bPreHCusScaling:1  bPreVCusScaling:1 
07-05 21:00:35.615 D/vsyncbridge( 1204): [update_ds_table,  608] u16PreHCusScalingSrc:1920  u16PreHCusScalingDst:1920 
07-05 21:00:35.615 D/vsyncbridge( 1204): [update_ds_table,  610] u16PreVCusScalingSrc:1080  u16PreVCusScalingSrc:1080 
07-05 21:00:35.615 D/vsyncbridge( 1204): [update_ds_table,  613] bHCusScaling:0  bVCusScaling:0 
07-05 21:00:35.615 D/vsyncbridge( 1204): [update_ds_table,  615] u16HCusScalingSrc:1920  u16HCusScalingDst:1632 
07-05 21:00:35.615 D/vsyncbridge( 1204): [update_ds_table,  617] u16VCusScalingSrc:1080  u16VCusScalingDst:920 
07-05 21:00:35.615 D/vsyncbridge( 1204): vsync_bridge_CalAspectRatio type = 0
07-05 21:00:35.615 D/vsyncbridge( 1204): panel [3840 2160] osd [1920 1080] ratio [2.000000 2.000000]
07-05 21:00:35.615 D/vsyncbridge( 1204): apply ratio, x=836, y=410, width=1632, height=920
07-05 21:00:35.615 D/vsyncbridge( 1204): disp_old[836 410 2468 1330], disp_new[836 410 2468 1330], crop[0 0 1920 1080]
07-05 21:00:35.615 D/vsyncbridge( 1204): [update_ds_table,  798] SW DS !!! 
07-05 21:00:35.615 D/vsyncbridge( 1204): [update_ds_table,  800] stXC_SetWin_Info.stCapWin.width1920  stXC_SetWin_Info.stCapWin.height:1080
07-05 21:00:35.615 D/vsyncbridge( 1204): [update_ds_table,  802] stXC_SetWin_Info.stCropWin.width1920  stXC_SetWin_Info.stCropWin.height:1080
07-05 21:00:35.615 D/vsyncbridge( 1204): [update_ds_table,  803] MApi_XC_GetDynamicScalingStatus():1 
07-05 21:00:35.616 D/        ( 1204): Alert: cannot get frameCount from IOCTL, eWindow=0! Fall back to original frame mode
07-05 21:00:35.616 D/PowerManagerService( 1733): acquireWakeLockInternal: lock=487931605, flags=0x2000000a, tag="WindowManager", ws=WorkSource{10010}, uid=1000, pid=1733
07-05 21:00:35.616 D/        ( 1204): MVOP is 1P mode
07-05 21:00:35.616 D/        ( 1204): [_MDrv_SC_check_2p_mode][9405]u16Width=3840,u16Height=2160,u32Vfreqx10=240
07-05 21:00:35.616 D/PowerManagerNotifier( 1733): onWakeLockAcquired: flags=536870922, tag="WindowManager", packageName=android, ownerUid=1000, ownerPid=1733, workSource=WorkSource{10010}
07-05 21:00:35.616 D/PowerManagerService( 1733): setScreenBrightnessOverrideFromWindowManagerInternal done
07-05 21:00:35.617 D/vsyncbridge( 1204): vsync_bridge_render_frame pts = 2791666, DS_Idx=0x2, overlayID=0
07-05 21:00:35.617 D/vsyncbridge( 1204):  W 3, R 3, Cur 3
07-05 21:00:35.617 D/vsyncbridge( 1204): vsync_bridge_CalAspectRatio type = 0
07-05 21:00:35.617 D/vsyncbridge( 1204): panel [3840 2160] osd [1920 1080] ratio [2.000000 2.000000]
07-05 21:00:35.617 D/vsyncbridge( 1204): apply ratio, x=836, y=410, width=1632, height=920
07-05 21:00:35.634 D/Surface ( 1733): onStatusChange() : mNativeObject = 0 mUseImageHwRender = false
07-05 21:00:35.636 I/FirstLineAdapter(14505): canShowTrailer,isOffline=false
07-05 21:00:35.636 I/FirstLineAdapter(14505): canShowTrailer,isOffline=false
07-05 21:00:35.636 I/FirstLineAdapter(14505): canShowTrailer,isOffline=false
07-05 21:00:35.636 I/FirstLineAdapter(14505): canShowTrailer,isOffline=false
07-05 21:00:35.636 I/FirstLineAdapter(14505): canShowTrailer,isOffline=false
07-05 21:00:35.637 I/FirstLineAdapter(14505): canShowTrailer,isOffline=false
07-05 21:00:35.637 I/FirstLineAdapter(14505): canShowTrailer,isOffline=false
07-05 21:00:35.637 I/FirstLineAdapter(14505): canShowTrailer,isOffline=false
07-05 21:00:35.638 I/FirstLineAdapter(14505): canShowTrailer,isOffline=false
07-05 21:00:35.646 I/MyFragmentStateAdapter(14505): getCount
07-05 21:00:35.669 I/MiSysSrv( 1214): [37m[INFO] Change to Voltage: 117 mv (0x32)[m
07-05 21:00:35.693 D/MyLocalStartService( 3890): currentName is :com.hisense.hicloud.edca
07-05 21:00:35.769 I/MiSysSrv( 1214): [37m[INFO] Change to Voltage: 102 mv (0x23)[m
07-05 21:00:35.785 I/TVMW@HsTvSetting( 1234): Trace cmd, data = 0x1058
07-05 21:00:35.786 D/til@system( 2026): til_get_system_param option:100002F int:0, bool:0, ret:0
07-05 21:00:35.787 I/TVMW@HsTvSetting( 1234): Trace cmd, data = 0x101f
07-05 21:00:35.787 D/til@system( 2026): til_get_system_param option:100001D int:3, bool:3, ret:0
07-05 21:00:35.788 E/til     ( 2026): [til_get_current_input_source, 101] 
07-05 21:00:35.788 I/TVMW@HsTvSetting( 1234): Trace cmd, data = 0x7007
07-05 21:00:35.789 I/tilwrapper@sm( 2026): HS2TIL_SourceType *hs=0xd, *til=0x900
07-05 21:00:35.789 D/til     ( 2026): get current source 2304
07-05 21:00:35.789 D/SourceRemoteServiceHandler( 2026): getCurrentInputSource.from.til.result is 0, value is 2304
07-05 21:00:35.790 D/SourceRemoteServiceHandler( 2026): getInputSourceType source: 0x900, type=2304
07-05 21:00:35.790 D/til     ( 2026): ###### func:til_get_picture_param option:0x3000006 ######  
07-05 21:00:35.791 I/TVMW@HsTvSetting( 1234): Trace cmd, data = 0x1003
07-05 21:00:35.791 I/TVMW@HsTvSetting( 1234): Trace cmd, data = 0x8032
07-05 21:00:35.792 I/hstvos  ( 1216): [0m[1;33m[HSHAL][HS_VIDEO][HS_HAL_Video_SetOsdDetect_v2][2389]u16Threshold = 20
07-05 21:00:35.793 E/TVMW@videoctrl( 1234):  getOsd is 1
07-05 21:00:35.793 D/til@system( 2026): til_get_system_param option:1000027 int:1, bool:1, ret:0
07-05 21:00:35.793 D/til     ( 2026): ###### func:til_get_picture_param option:0x3000045 ######  
07-05 21:00:35.793 I/TVMW@HsTvSetting( 1234): Trace cmd, data = 0x300c
07-05 21:00:35.793 I/TVMW@HsTvSetting( 1234): Trace 3d, data = 0x300c
07-05 21:00:35.793 I/TVMW@3d ( 1234): Hs_debug3d_trace: func:get3dStatus, line:109
07-05 21:00:36.033 D/MSTAR_VDEC_DBG( 1206): Stream ID: 0, Rate : 24 (E:0,D:0,S:0,F:97) 
07-05 21:00:36.080 I/TVMW@devctrl( 1234): wdt
07-05 21:00:36.182 I/MyFragmentStateAdapter(14505): getCount
07-05 21:00:36.200 D/CommonHeader(14505): app logo :refreshTimer: isRotatetrue
07-05 21:00:36.294 I/TVMW@HsTvSetting( 1234): Trace cmd, data = 0x1058
07-05 21:00:36.298 D/til@system( 2026): til_get_system_param option:100002F int:0, bool:0, ret:0
07-05 21:00:36.299 I/TVMW@HsTvSetting( 1234): Trace cmd, data = 0x101f
07-05 21:00:36.299 D/til@system( 2026): til_get_system_param option:100001D int:3, bool:3, ret:0
07-05 21:00:36.299 E/til     ( 2026): [til_get_current_input_source, 101] 
07-05 21:00:36.299 I/TVMW@HsTvSetting( 1234): Trace cmd, data = 0x7007
07-05 21:00:36.299 I/tilwrapper@sm( 2026): HS2TIL_SourceType *hs=0xd, *til=0x900
07-05 21:00:36.299 D/til     ( 2026): get current source 2304
07-05 21:00:36.299 D/SourceRemoteServiceHandler( 2026): getCurrentInputSource.from.til.result is 0, value is 2304
07-05 21:00:36.299 D/SourceRemoteServiceHandler( 2026): getInputSourceType source: 0x900, type=2304
07-05 21:00:36.299 D/til     ( 2026): ###### func:til_get_picture_param option:0x3000006 ######  
07-05 21:00:36.300 I/TVMW@HsTvSetting( 1234): Trace cmd, data = 0x1003
07-05 21:00:36.301 I/TVMW@HsTvSetting( 1234): Trace cmd, data = 0x8032
07-05 21:00:36.301 I/hstvos  ( 1216): [0m[1;33m[HSHAL][HS_VIDEO][HS_HAL_Video_SetOsdDetect_v2][2389]u16Threshold = 20
07-05 21:00:36.302 E/TVMW@videoctrl( 1234):  getOsd is 1
07-05 21:00:36.302 D/til@system( 2026): til_get_system_param option:1000027 int:1, bool:1, ret:0
07-05 21:00:36.302 D/til     ( 2026): ###### func:til_get_picture_param option:0x3000045 ######  
07-05 21:00:36.303 I/TVMW@HsTvSetting( 1234): Trace cmd, data = 0x300c
07-05 21:00:36.303 I/TVMW@HsTvSetting( 1234): Trace 3d, data = 0x300c
07-05 21:00:36.303 I/TVMW@3d ( 1234): Hs_debug3d_trace: func:get3dStatus, line:109
07-05 21:00:36.400 D/GlobalInputEventMonitoringService( 1733): interceptKeyBeforeQueueing(), event:22, mNeedMonitorKeyEvent:true, mWaitForKeyUpEvent:false
07-05 21:00:36.400 D/GlobalInputEventMonitoringService( 1733): processKeyEvent(), processKeyEvent event:22
07-05 21:00:36.406 D/WindowManager( 1733): interceptKeyTq keycode=22 interactive=true keyguardActive=false policyFlags=2b000000 isCancled= false
07-05 21:00:36.407 D/PowerManagerService( 1733): userActivityNoUpdateLocked: eventTime=8477971, event=1, flags=0x0, uid=1000
07-05 21:00:36.407 D/WindowManager( 1733): interceptKeyTi keyCode=22 down=true repeatCount=0 keyguardOn=false mHomePressed=false canceled=false
07-05 21:00:36.407 D/WindowManager( 1733): Hisense systemkey event: 22
07-05 21:00:36.407 D/HisenseGlobalKeyManager( 1733): handleGlobalKey() : Global event = KeyEvent { action=ACTION_DOWN, keyCode=KEYCODE_DPAD_RIGHT, scanCode=0, metaState=0, flags=0x0, repeatCount=0, eventTime=8477971, downTime=8477971, deviceId=-1, source=0x101 }
07-05 21:00:36.422 D/SogouIME( 2203): [onKeyDown] keycode = 22 model = VIDAA_TV
07-05 21:00:36.439 I/MyFragmentStateAdapter(14505): getCount
07-05 21:00:36.473 D/Carousel-CarouselDisplayPlayerLayout(14505): HasFocus:false,keyCode:22
07-05 21:00:36.473 D/Carousel-CarouselDisplayPlayerLayout(14505): isFullScreen:false
07-05 21:00:36.473 I/HomeMainActivity(14505): carousel handle key:false
07-05 21:00:36.473 I/MainHomeView(14505): dispatchKeyEvent ACTION_DOWN now 
07-05 21:00:36.473 I/HomeMainActivity(14505): onKeyDown is 22
07-05 21:00:36.478 I/FirstlineLayoutManager(14505): left=218,width=1738,scroll Distance=-846
07-05 21:00:36.490 D/Carousel-CarouselView(14505): ============>onFocusChange=true
07-05 21:00:36.490 D/Carousel-CarouselDisplayPlayerLayout(14505): isFullScreen:false
07-05 21:00:36.490 D/Carousel-CarouselView(14505): isFullScreen:false,hasFocus:true
07-05 21:00:36.490 D/Carousel-CarouselView(14505): ============>offset=-390
07-05 21:00:36.498 D/Carousel-CarouselDisplayPlayerLayout(14505): showPlayerWindowTip showable:true
07-05 21:00:36.508 D/GlobalInputEventMonitoringService( 1733): interceptKeyBeforeQueueing(), event:22, mNeedMonitorKeyEvent:true, mWaitForKeyUpEvent:false
07-05 21:00:36.508 D/GlobalInputEventMonitoringService( 1733): processKeyEvent(), processKeyEvent event:22
07-05 21:00:36.509 D/WindowManager( 1733): interceptKeyTq keycode=22 interactive=true keyguardActive=false policyFlags=2b000000 isCancled= false
07-05 21:00:36.509 D/WindowManager( 1733): interceptKeyTi keyCode=22 down=false repeatCount=0 keyguardOn=false mHomePressed=false canceled=false
07-05 21:00:36.509 D/WindowManager( 1733): Hisense systemkey event: 22
07-05 21:00:36.509 D/HisenseGlobalKeyManager( 1733): handleGlobalKey() : Global event = KeyEvent { action=ACTION_UP, keyCode=KEYCODE_DPAD_RIGHT, scanCode=0, metaState=0, flags=0x0, repeatCount=0, eventTime=8477971, downTime=8477971, deviceId=-1, source=0x101 }
07-05 21:00:36.545 I/MyFragmentStateAdapter(14505): getCount
07-05 21:00:36.569 D/Carousel-CarouselDisplayPlayerLayout(14505): HasFocus:true,keyCode:22
07-05 21:00:36.570 D/Carousel-CarouselDisplayPlayerLayout(14505): isFullScreen:false
07-05 21:00:36.570 D/Carousel-CarouselDisplayPlayerLayout(14505): isFullScreen:false
07-05 21:00:36.570 I/HomeMainActivity(14505): carousel handle key:false
07-05 21:00:36.580 V/InputMethodService( 2203): startInput(): editor=android.view.inputmethod.EditorInfo@2897a3a4
07-05 21:00:36.580 V/InputMethodService( 2203): CALL: onFinishInput
07-05 21:00:36.581 E/SOGOUIME_JNI( 2203): reset
07-05 21:00:36.583 E/SOGOUIME_JNI( 2203): getCandidates
07-05 21:00:36.583 E/SOGOUIME_JNI( 2203): ime_get_uncommitted_length
07-05 21:00:36.583 E/SOGOUIME_JNI( 2203): getCandidates
07-05 21:00:36.584 D/SogouIME API( 2203): ==============num:32
07-05 21:00:36.584 E/SOGOUIME_JNI( 2203): ime_get_uncommitted_length
07-05 21:00:36.584 D/SogouIME( 2203): mFocusedComponent:30   isHkbEnable:false
07-05 21:00:36.584 E/SOGOUIME_JNI( 2203): ime_get_uncommitted_length
07-05 21:00:36.584 E/SOGOUIME_JNI( 2203): ime_get_committed_length
07-05 21:00:36.585 E/SOGOUIME_JNI( 2203): getComposingInfo
07-05 21:00:36.585 E/SOGOUIME_JNI( 2203): getComposingInfo
07-05 21:00:36.585 E/SOGOUIME_JNI( 2203): getCorrectInfo
07-05 21:00:36.585 E/SOGOUIME_JNI( 2203): getComposingInfo
07-05 21:00:36.585 V/InputMethodService( 2203): CALL: onStartInput
07-05 21:00:36.585 E/SOGOUIME_JNI( 2203): invalidateCommitWordPinyinNative
07-05 21:00:36.585 D/SogouIME( 2203): =====configKeyboard=======æ˜¯å¦æœ‰ç¡¬ä»¶ç›˜:false     ç¡¬ä»¶ç›˜æ˜¯å¦ä¸å†éšè—ï¼šfalse
07-05 21:00:36.585 E/SOGOUIME_JNI( 2203): ime_set_hard_kb_enable
07-05 21:00:36.612 I/NetflixMonitorService( 1733): current fgapk : com.hisense.hicloud.edca
07-05 21:00:36.612 I/NetflixMonitorService( 1733): Netflix status unchanged
07-05 21:00:36.803 I/TVMW@HsTvSetting( 1234): Trace cmd, data = 0x1058
07-05 21:00:36.803 D/til@system( 2026): til_get_system_param option:100002F int:0, bool:0, ret:0
07-05 21:00:36.804 I/TVMW@HsTvSetting( 1234): Trace cmd, data = 0x101f
07-05 21:00:36.804 D/til@system( 2026): til_get_system_param option:100001D int:3, bool:3, ret:0
07-05 21:00:36.804 E/til     ( 2026): [til_get_current_input_source, 101] 
07-05 21:00:36.804 I/TVMW@HsTvSetting( 1234): Trace cmd, data = 0x7007
07-05 21:00:36.804 I/tilwrapper@sm( 2026): HS2TIL_SourceType *hs=0xd, *til=0x900
07-05 21:00:36.804 D/til     ( 2026): get current source 2304
07-05 21:00:36.804 D/SourceRemoteServiceHandler( 2026): getCurrentInputSource.from.til.result is 0, value is 2304
07-05 21:00:36.804 D/SourceRemoteServiceHandler( 2026): getInputSourceType source: 0x900, type=2304
07-05 21:00:36.804 D/til     ( 2026): ###### func:til_get_picture_param option:0x3000006 ######  
07-05 21:00:36.804 I/TVMW@HsTvSetting( 1234): Trace cmd, data = 0x1003
07-05 21:00:36.804 I/TVMW@HsTvSetting( 1234): Trace cmd, data = 0x8032
07-05 21:00:36.805 I/hstvos  ( 1216): [0m[1;33m[HSHAL][HS_VIDEO][HS_HAL_Video_SetOsdDetect_v2][2389]u16Threshold = 20
07-05 21:00:36.805 E/TVMW@videoctrl( 1234):  getOsd is 1
07-05 21:00:36.805 D/til@system( 2026): til_get_system_param option:1000027 int:1, bool:1, ret:0
07-05 21:00:36.806 D/til     ( 2026): ###### func:til_get_picture_param option:0x3000045 ######  
07-05 21:00:36.806 I/TVMW@HsTvSetting( 1234): Trace cmd, data = 0x300c
07-05 21:00:36.806 I/TVMW@HsTvSetting( 1234): Trace 3d, data = 0x300c
07-05 21:00:36.806 I/TVMW@3d ( 1234): Hs_debug3d_trace: func:get3dStatus, line:109
07-05 21:00:36.983 I/TVMW@devctrl( 1234): wdt
07-05 21:00:37.034 D/MSTAR_VDEC_DBG( 1206): Stream ID: 0, Rate : 24 (E:0,D:0,S:0,F:121) 
07-05 21:00:37.116 I/MyFragmentStateAdapter(14505): getCount
07-05 21:00:37.165 I/MyFragmentStateAdapter(14505): getCount
07-05 21:00:37.245 I/MyFragmentStateAdapter(14505): getCount
07-05 21:00:37.293 I/MyFragmentStateAdapter(14505): getCount
07-05 21:00:37.307 I/TVMW@HsTvSetting( 1234): Trace cmd, data = 0x1058
07-05 21:00:37.308 D/til@system( 2026): til_get_system_param option:100002F int:0, bool:0, ret:0
07-05 21:00:37.309 I/TVMW@HsTvSetting( 1234): Trace cmd, data = 0x101f
07-05 21:00:37.309 D/til@system( 2026): til_get_system_param option:100001D int:3, bool:3, ret:0
07-05 21:00:37.310 E/til     ( 2026): [til_get_current_input_source, 101] 
07-05 21:00:37.310 I/TVMW@HsTvSetting( 1234): Trace cmd, data = 0x7007
07-05 21:00:37.310 I/tilwrapper@sm( 2026): HS2TIL_SourceType *hs=0xd, *til=0x900
07-05 21:00:37.310 D/til     ( 2026): get current source 2304
07-05 21:00:37.310 D/SourceRemoteServiceHandler( 2026): getCurrentInputSource.from.til.result is 0, value is 2304
07-05 21:00:37.310 D/SourceRemoteServiceHandler( 2026): getInputSourceType source: 0x900, type=2304
07-05 21:00:37.310 D/til     ( 2026): ###### func:til_get_picture_param option:0x3000006 ######  
07-05 21:00:37.310 I/TVMW@HsTvSetting( 1234): Trace cmd, data = 0x1003
07-05 21:00:37.311 I/TVMW@HsTvSetting( 1234): Trace cmd, data = 0x8032
07-05 21:00:37.311 I/hstvos  ( 1216): [0m[1;33m[HSHAL][HS_VIDEO][HS_HAL_Video_SetOsdDetect_v2][2389]u16Threshold = 20
07-05 21:00:37.313 E/TVMW@videoctrl( 1234):  getOsd is 1
07-05 21:00:37.315 D/til@system( 2026): til_get_system_param option:1000027 int:1, bool:1, ret:0
07-05 21:00:37.315 D/til     ( 2026): ###### func:til_get_picture_param option:0x3000045 ######  
07-05 21:00:37.316 I/TVMW@HsTvSetting( 1234): Trace cmd, data = 0x300c
07-05 21:00:37.316 I/TVMW@HsTvSetting( 1234): Trace 3d, data = 0x300c
07-05 21:00:37.316 I/TVMW@3d ( 1234): Hs_debug3d_trace: func:get3dStatus, line:109
07-05 21:00:37.338 I/MyFragmentStateAdapter(14505): getCount
07-05 21:00:37.385 I/MyFragmentStateAdapter(14505): getCount
07-05 21:00:37.434 I/MyFragmentStateAdapter(14505): getCount
07-05 21:00:37.482 I/MyFragmentStateAdapter(14505): getCount
07-05 21:00:37.526 D/ADLog   ( 2945): RegisterADService => query all ADCodeInfo from AppADCodeInfo
07-05 21:00:37.526 D/ADLog   ( 2945): DBManager => query()
07-05 21:00:37.535 D/ADLog   ( 2945): DBManager => com.hisense.service.ad.bean.AppADCodeInfo@8660a51
07-05 21:00:37.536 D/ADLog   ( 2945): DBManager => com.hisense.service.ad.bean.AppADCodeInfo@363d42b6
07-05 21:00:37.537 D/ADLog   ( 2945): DBManager => com.hisense.service.ad.bean.AppADCodeInfo@112d0bb7
07-05 21:00:37.537 D/ADLog   ( 2945): DBManager => com.hisense.service.ad.bean.AppADCodeInfo@1049ef24
07-05 21:00:37.537 D/ADLog   ( 2945): RegisterADService => ******before refresh(info.getAdCode())ad_sc&*****com.jamdeo.tv.tileanimation
07-05 21:00:37.537 D/ADLog   ( 2945): RegisterADService => refresh appad, ^^^^app pkg:com.jamdeo.tv.tileanimation  &&&app adcode: ad_sc
07-05 21:00:37.538 D/ADLog   ( 2945): ADServiceHandler => registerADCode(String adCode = ad_sc, String packageName = com.jamdeo.tv.tileanimation, int codeType = 1)
07-05 21:00:37.538 D/ADLog   ( 2945): ADServiceHandler => @_@  getADPeriod is 60
07-05 21:00:37.538 D/ADLog   ( 2945): DBManager => query(String adCode = ad_sc, String packageName = com.jamdeo.tv.tileanimation)
07-05 21:00:37.543 D/ADLog   ( 2945): DBManager => update(String table = AppADCodeInfo, Object obj = com.hisense.service.ad.bean.AppADCodeInfo@102ffa8d)
07-05 21:00:37.544 D/ADLog   ( 2945): DBManager => update(AppADCodeInfo info = com.hisense.service.ad.bean.AppADCodeInfo@102ffa8d)
07-05 21:00:37.544 D/ADLog   ( 2945): DBManager => update appcodeinfo---------------------
