07-05 20:30:41.237 D/SoftFragmentList(29626): fetchCacheFragment  mFragmentCache.size() = 3
07-05 20:30:41.237 D/SoftFragmentList(29626): fetchCacheFragment mLastIndex = 2, view = 
07-05 20:30:41.237 I/BaseContentFragment(29626): initChildFocustrue,recyclerview=com.hisense.leanback.widget.VerticalGridView{3427f275 VFED.... ........ 0,0-1768,1080 #7f0d02c8 app:id/recyclerview_content}====---mIsVisibleToUser:true-------
07-05 20:30:41.239 D/til@system( 2026): til_get_system_param option:1000007 int:-1815632896, bool:0, ret:0
07-05 20:30:41.240 D/til@system( 2026): til_get_system_param option:1000009 int:-1936523008, bool:0, ret:0
07-05 20:30:41.241 D/til@system( 2026): til_get_system_param option:1000008 int:-1815633792, bool:128, ret:0
07-05 20:30:41.246 D/HiSDKLogReport(29626): getOperationDetail-productName : LED50MU8600UC
07-05 20:30:41.246 D/HiSDKLogReport(29626): getOperationDetail-plmNumber : 88888
07-05 20:30:41.246 D/HiSDKLogReport(29626): getOperationDetail-swVersion : V0000.00.01A
07-05 20:30:41.246 D/HiSDKLogReport(29626): getOperationDetail-operationDetail : LED50MU8600UC0000888
07-05 20:30:41.247 D/HiSDKLogReport(29626): businessLogReport-log : {eventType=232, APPVersionName=3.0.0.9.00, devid=86100300900000500000060a4818fca8, rowid=-1, uuid=13287129, APIversion=501, eventcode=232000, logversion=2.0, columnid=-1, devType=0, eventPos=000, groupid=-1, ChannelId=0, version=00.002.003, subscriberId=13287129, PFAPPCode=652, tabid=0, softwareVersion=LED50MU8600UC0000888, srceventcode=201000, mac=a8:a6:48:18:fc:a8, accessToken=72DF6038D2AEAB8A76DFBBBBCC428A4A_002638834305436, srctabid=0, APPPackage=com.hisense.hicloud.edca, sessionid=3b79e42443a94469b200fe879b2558d9, requesttime=1499257841246, customerId=7195320, model_id=0, requestid=8d8239a220414968bb22f4ee5e799019, tv_distribute_id=00, APIVersion=600, issysrepo=0}
07-05 20:30:41.247 D/BaseContentFragment(29626): initChildFocus firstlineview===>:com.hisense.tvui.newhome.view.SpecialFirstView{3b90c6fc V.E..... ........ 10,185-1748,691}
07-05 20:30:41.247 D/setHistoryRequestFocus(29626): ===>false
07-05 20:30:41.247 I/FirstlineLayoutManager(29626): left=0,width=1738,scroll Distance=-1488
07-05 20:30:41.248 I/BaseContentFragment(29626): setRowViewSelectedViewHolder{1964d134 position=0 id=-1, oldPos=-1, pLpos:-1},isSelectedfalse
07-05 20:30:41.248 I/BaseContentFragment(29626): setRowViewSelectedViewHolder{526d993 position=1 id=-1, oldPos=-1, pLpos:-1},isSelectedtrue
07-05 20:30:41.248 I/RoleContentFragment(29626): onChildSelected:1,lastPos=0
07-05 20:30:41.250 I/TabView (29626): onfocuschange:false
07-05 20:30:41.250 D/TabView (29626): icon---:2
07-05 20:30:41.250 E/TabView (29626): 
07-05 20:30:41.252 I/TENCENT_AD_PingHandler( 2548): ## 2017-07-05 20:30:41.251 [2548,2548,:0] INFO ## [TENCENT_AD_PingHandler]handleMessage: 5
07-05 20:30:41.267 D/CommonHeader(29626): onTabStatusChanged tabstatus===>:40000
07-05 20:30:41.269 D/HttpHandler(29626): VerifySignInterCeptor-->request.url()=http://picture.edu.hismarttv.com/images/20170628121925625089.png
07-05 20:30:41.270 D/HttpHandler(29626): VerifySignInterCeptor-->hostname=picture.edu.hismarttv.com
07-05 20:30:41.271 D/OkHttp  (29626): --> GET http://picture.edu.hismarttv.com/images/20170628121925625089.png http/1.1
07-05 20:30:41.271 D/OkHttp  (29626): Host: picture.edu.hismarttv.com
07-05 20:30:41.271 D/OkHttp  (29626): Connection: Keep-Alive
07-05 20:30:41.271 D/OkHttp  (29626): Accept-Encoding: gzip
07-05 20:30:41.271 D/OkHttp  (29626): User-Agent: okhttp/3.6.0
07-05 20:30:41.271 D/OkHttp  (29626): --> END GET
07-05 20:30:41.276 W/System.err(29626): java.net.ConnectException: failed to connect to /10.18.210.112 (port 8900) after 6000ms: isConnected failed: ECONNREFUSED (Connection refused)
07-05 20:30:41.276 W/System.err(29626): 	at libcore.io.IoBridge.isConnected(IoBridge.java:238)
07-05 20:30:41.276 W/System.err(29626): 	at libcore.io.IoBridge.connectErrno(IoBridge.java:171)
07-05 20:30:41.276 W/System.err(29626): 	at libcore.io.IoBridge.connect(IoBridge.java:122)
07-05 20:30:41.276 W/System.err(29626): 	at java.net.PlainSocketImpl.connect(PlainSocketImpl.java:183)
07-05 20:30:41.277 W/System.err(29626): 	at java.net.PlainSocketImpl.connect(PlainSocketImpl.java:456)
07-05 20:30:41.277 W/System.err(29626): 	at java.net.Socket.connect(Socket.java:882)
07-05 20:30:41.277 W/System.err(29626): 	at com.android.okhttp.internal.Platform.connectSocket(Platform.java:174)
07-05 20:30:41.277 W/System.err(29626): 	at com.android.okhttp.Connection.connect(Connection.java:152)
07-05 20:30:41.277 W/System.err(29626): 	at com.android.okhttp.internal.http.HttpEngine.connect(HttpEngine.java:276)
07-05 20:30:41.277 W/System.err(29626): 	at com.android.okhttp.internal.http.HttpEngine.sendRequest(HttpEngine.java:211)
07-05 20:30:41.277 W/System.err(29626): 	at com.android.okhttp.internal.http.HttpURLConnectionImpl.execute(HttpURLConnectionImpl.java:382)
07-05 20:30:41.277 W/System.err(29626): 	at com.android.okhttp.internal.http.HttpURLConnectionImpl.connect(HttpURLConnectionImpl.java:106)
07-05 20:30:41.277 W/System.err(29626): 	at com.hisense.hitv.hicloud.util.ExceptionReport.a(ExceptionReport.java:337)
07-05 20:30:41.277 W/System.err(29626): 	at com.hisense.hitv.hicloud.util.ExceptionReport.a(ExceptionReport.java:39)
07-05 20:30:41.277 W/System.err(29626): 	at com.hisense.hitv.hicloud.util.ExceptionReport$1.run(ExceptionReport.java:83)
07-05 20:30:41.277 W/System.err(29626): 	at java.lang.Thread.run(Thread.java:818)
07-05 20:30:41.278 W/System.err(29626): Caused by: android.system.ErrnoException: isConnected failed: ECONNREFUSED (Connection refused)
07-05 20:30:41.278 W/System.err(29626): 	at libcore.io.IoBridge.isConnected(IoBridge.java:223)
07-05 20:30:41.278 W/System.err(29626): 	... 15 more
07-05 20:30:41.287 D/GlobalInputEventMonitoringService( 1733): interceptKeyBeforeQueueing(), event:22, mNeedMonitorKeyEvent:true, mWaitForKeyUpEvent:false
07-05 20:30:41.287 D/GlobalInputEventMonitoringService( 1733): processKeyEvent(), processKeyEvent event:22
07-05 20:30:41.287 D/WindowManager( 1733): interceptKeyTq keycode=22 interactive=true keyguardActive=false policyFlags=2b000000 isCancled= false
07-05 20:30:41.287 D/WindowManager( 1733): interceptKeyTi keyCode=22 down=false repeatCount=0 keyguardOn=false mHomePressed=false canceled=false
07-05 20:30:41.287 D/WindowManager( 1733): Hisense systemkey event: 22
07-05 20:30:41.287 D/HisenseGlobalKeyManager( 1733): handleGlobalKey() : Global event = KeyEvent { action=ACTION_UP, keyCode=KEYCODE_DPAD_RIGHT, scanCode=0, metaState=0, flags=0x0, repeatCount=0, eventTime=6682719, downTime=6682719, deviceId=-1, source=0x101 }
07-05 20:30:41.288 D/PowerManagerService( 1733): acquireWakeLockInternal: lock=113832109, flags=0x1, tag="NetworkStats", ws=null, uid=1000, pid=1733
07-05 20:30:41.288 D/PowerManagerNotifier( 1733): onWakeLockAcquired: flags=1, tag="NetworkStats", packageName=android, ownerUid=1000, ownerPid=1733, workSource=null
07-05 20:30:41.288 D/NtpTrustedTime( 1733): currentTimeMillis() cache hit
07-05 20:30:41.290 I/TVMW@HsTvSetting( 1234): Trace cmd, data = 0x1058
07-05 20:30:41.290 D/til@system( 2026): til_get_system_param option:100002F int:0, bool:0, ret:0
07-05 20:30:41.290 I/TVMW@HsTvSetting( 1234): Trace cmd, data = 0x101f
07-05 20:30:41.291 D/til@system( 2026): til_get_system_param option:100001D int:3, bool:3, ret:0
07-05 20:30:41.291 E/til     ( 2026): [til_get_current_input_source, 101] 
07-05 20:30:41.291 I/TVMW@HsTvSetting( 1234): Trace cmd, data = 0x7007
07-05 20:30:41.291 I/tilwrapper@sm( 2026): HS2TIL_SourceType *hs=0xd, *til=0x900
07-05 20:30:41.291 D/til     ( 2026): get current source 2304
07-05 20:30:41.291 D/SourceRemoteServiceHandler( 2026): getCurrentInputSource.from.til.result is 0, value is 2304
07-05 20:30:41.291 D/SourceRemoteServiceHandler( 2026): getInputSourceType source: 0x900, type=2304
07-05 20:30:41.291 D/til     ( 2026): ###### func:til_get_picture_param option:0x3000006 ######  
07-05 20:30:41.291 I/TVMW@HsTvSetting( 1234): Trace cmd, data = 0x1003
07-05 20:30:41.292 D/DtvSourcePlugin-DVBC( 2628): Setting the EPG Updater state to: WAIT
07-05 20:30:41.292 I/TVMW@HsTvSetting( 1234): Trace cmd, data = 0x8032
07-05 20:30:41.292 I/hstvos  ( 1216): [0m[1;33m[HSHAL][HS_VIDEO][HS_HAL_Video_SetOsdDetect_v2][2389]u16Threshold = 20
07-05 20:30:41.292 E/TVMW@videoctrl( 1234):  getOsd is 1
07-05 20:30:41.293 D/til@system( 2026): til_get_system_param option:1000027 int:1, bool:1, ret:0
07-05 20:30:41.293 D/til     ( 2026): ###### func:til_get_picture_param option:0x3000045 ######  
07-05 20:30:41.293 I/TVMW@HsTvSetting( 1234): Trace cmd, data = 0x300c
07-05 20:30:41.293 I/TVMW@HsTvSetting( 1234): Trace 3d, data = 0x300c
07-05 20:30:41.293 I/TVMW@3d ( 1234): Hs_debug3d_trace: func:get3dStatus, line:109
07-05 20:30:41.297 I/MyFragmentStateAdapter(29626): getCount
07-05 20:30:41.303 D/NtpTrustedTime( 1733): currentTimeMillis() cache hit
07-05 20:30:41.321 D/PowerManagerService( 1733): releaseWakeLockInternal: lock=113832109 [NetworkStats], flags=0x0
07-05 20:30:41.321 D/PowerManagerNotifier( 1733): onWakeLockReleased: flags=1, tag="NetworkStats", packageName=android, ownerUid=1000, ownerPid=1733, workSource=null
07-05 20:30:41.321 D/NtpTrustedTime( 1733): currentTimeMillis() cache hit
07-05 20:30:41.321 D/NtpTrustedTime( 1733): currentTimeMillis() cache hit
07-05 20:30:41.344 D/TabView (29626): 
07-05 20:30:41.347 D/TabView (29626): 
07-05 20:30:41.348 D/TabView (29626): 
07-05 20:30:41.350 D/TabView (29626): 
07-05 20:30:41.351 D/TabView (29626): 
07-05 20:30:41.352 D/TabView (29626): 
07-05 20:30:41.353 D/TabView (29626): 
07-05 20:30:41.357 D/TabView (29626): 
07-05 20:30:41.360 D/TabView (29626): 
07-05 20:30:41.361 D/TabView (29626): 
07-05 20:30:41.362 D/TabView (29626): 
07-05 20:30:41.364 D/TabView (29626): 
07-05 20:30:41.366 D/TabView (29626): 
07-05 20:30:41.367 D/TabView (29626): 
07-05 20:30:41.369 I/MiSysSrv( 1214): [37m[INFO] Change to Voltage: 117 mv (0x32)[m
07-05 20:30:41.369 D/TabView (29626): 
07-05 20:30:41.370 D/TabView (29626): 
07-05 20:30:41.371 I/MyFragmentStateAdapter(29626): getCount
07-05 20:30:41.371 I/MyFragmentStateAdapter(29626): getCount
07-05 20:30:41.371 D/TabView (29626): 
07-05 20:30:41.372 D/TabView (29626): 
07-05 20:30:41.372 D/OkHttp  (29626): <-- 200 OK http://picture.edu.hismarttv.com/images/20170628121925625089.png (101ms)
07-05 20:30:41.372 D/OkHttp  (29626): Date: Fri, 30 Jun 2017 07:45:44 GMT
07-05 20:30:41.372 D/OkHttp  (29626): Server: nginx
07-05 20:30:41.372 D/OkHttp  (29626): Content-Type: image/png
07-05 20:30:41.372 D/OkHttp  (29626): Content-Length: 3689
07-05 20:30:41.373 D/OkHttp  (29626): Last-Modified: Wed, 28 Jun 2017 12:19:25 GMT
07-05 20:30:41.373 D/OkHttp  (29626): ETag: "59539ecd-e69"
07-05 20:30:41.373 D/OkHttp  (29626): Accept-Ranges: bytes
07-05 20:30:41.373 D/OkHttp  (29626): Age: 449097
07-05 20:30:41.373 D/OkHttp  (29626): Via: 1.1 jnwt241:0 (Cdn Cache Server V2.0)[39 200 2], 1.1 hangwangtong56:9 (Cdn Cache Server V2.0)[40 200 0]
07-05 20:30:41.373 D/OkHttp  (29626): Connection: keep-alive
07-05 20:30:41.373 D/OkHttp  (29626): <-- END HTTP
07-05 20:30:41.373 D/TabView (29626): 
07-05 20:30:41.377 D/TabView (29626): 
07-05 20:30:41.378 D/TabView (29626): 
07-05 20:30:41.379 D/TabView (29626): 
07-05 20:30:41.381 D/HttpHandler(29626): RetryIntercepter-->retryNum=0
07-05 20:30:41.381 D/HttpHandler(29626): RetryIntercepter-->backoffmutiplier=0
07-05 20:30:41.382 D/TabView (29626): 
07-05 20:30:41.385 D/TabView (29626): 
07-05 20:30:41.387 D/TabView (29626): 
07-05 20:30:41.389 D/TabView (29626): 
07-05 20:30:41.391 D/TabView (29626): 
07-05 20:30:41.393 D/TabView (29626): 
07-05 20:30:41.399 D/TabView (29626): 
07-05 20:30:41.400 D/TabView (29626): 
07-05 20:30:41.401 D/TabView (29626): 
07-05 20:30:41.411 D/TabView (29626): 
07-05 20:30:41.412 I/MyFragmentStateAdapter(29626): getCount
07-05 20:30:41.412 I/MyFragmentStateAdapter(29626): getCount
07-05 20:30:41.417 I/TabView (29626): onScroll:,firstItem=0,visibleCount=6,totalCount=10
07-05 20:30:41.419 D/Carousel-CarouselView(29626): ============>onScrollChanged hashCode:958950284
07-05 20:30:41.419 D/Carousel-CarouselDisplayPlayerLayout(29626): isFullScreen:false
07-05 20:30:41.423 I/MainHomeView(29626): onPanelSlide0.21374045---left180
07-05 20:30:41.429 I/CurrentCarouselView(29626): onCarouseControlCarouselControlBean{mShoudScroll=true, mActivityHasResume=false, mActivityHasStop=false, mHasTurnGone=false, mHasTurnVisible=false, mChannelId=-1, mSlideOffset=0.21374045, mShouldSelectCenter=false, mTabOpen=false, mHoriPosStatus=None, mVerPosStatus=None, mLevelStatus=None},isPlayingtrue,channelId=0
07-05 20:30:41.429 I/CurrentCarouselView(29626): is not the current page
07-05 20:30:41.429 I/CurrentCarouselView(29626): do scroll
07-05 20:30:41.430 D/Carousel-CarouselView(29626): smoothScroll.
07-05 20:30:41.430 D/Carousel-CarouselDisplayPlayerLayout(29626): isFullScreen:false
07-05 20:30:41.431 I/NetflixMonitorService( 1733): current fgapk : com.hisense.hicloud.edca
07-05 20:30:41.431 I/NetflixMonitorService( 1733): Netflix status unchanged
07-05 20:30:41.431 D/TabView (29626): onReceiveSlidingOffset ===>:0.21374045
07-05 20:30:41.433 I/MyFragmentStateAdapter(29626): getCount
07-05 20:30:41.440 D/Carousel-CarouselDisplayPlayerLayout(29626): HasFocus:false,keyCode:22
07-05 20:30:41.440 D/Carousel-CarouselDisplayPlayerLayout(29626): isFullScreen:false
07-05 20:30:41.440 I/HomeMainActivity(29626): carousel handle key:false
07-05 20:30:41.469 V/InputMethodService( 2203): startInput(): editor=android.view.inputmethod.EditorInfo@ec0e119
07-05 20:30:41.469 V/InputMethodService( 2203): CALL: onFinishInput
07-05 20:30:41.480 E/SOGOUIME_JNI( 2203): reset
07-05 20:30:41.480 E/SOGOUIME_JNI( 2203): getCandidates
07-05 20:30:41.480 E/SOGOUIME_JNI( 2203): ime_get_uncommitted_length
07-05 20:30:41.480 E/SOGOUIME_JNI( 2203): getCandidates
07-05 20:30:41.480 D/SogouIME API( 2203): ==============num:32
07-05 20:30:41.480 E/SOGOUIME_JNI( 2203): ime_get_uncommitted_length
07-05 20:30:41.480 D/SogouIME( 2203): mFocusedComponent:30   isHkbEnable:false
07-05 20:30:41.480 E/SOGOUIME_JNI( 2203): ime_get_uncommitted_length
07-05 20:30:41.480 E/SOGOUIME_JNI( 2203): ime_get_committed_length
07-05 20:30:41.480 I/MainHomeView(29626): onPanelSlide0.091603056---left164
07-05 20:30:41.480 E/SOGOUIME_JNI( 2203): getComposingInfo
07-05 20:30:41.480 E/SOGOUIME_JNI( 2203): getComposingInfo
07-05 20:30:41.480 E/SOGOUIME_JNI( 2203): getCorrectInfo
07-05 20:30:41.480 E/SOGOUIME_JNI( 2203): getComposingInfo
07-05 20:30:41.480 I/CurrentCarouselView(29626): onCarouseControlCarouselControlBean{mShoudScroll=true, mActivityHasResume=false, mActivityHasStop=false, mHasTurnGone=false, mHasTurnVisible=false, mChannelId=-1, mSlideOffset=0.091603056, mShouldSelectCenter=false, mTabOpen=false, mHoriPosStatus=None, mVerPosStatus=None, mLevelStatus=None},isPlayingtrue,channelId=0
07-05 20:30:41.480 I/CurrentCarouselView(29626): is not the current page
07-05 20:30:41.480 I/CurrentCarouselView(29626): do scroll
07-05 20:30:41.480 D/Carousel-CarouselView(29626): smoothScroll.
07-05 20:30:41.480 D/Carousel-CarouselDisplayPlayerLayout(29626): isFullScreen:false
07-05 20:30:41.481 D/TabView (29626): onReceiveSlidingOffset ===>:0.091603056
07-05 20:30:41.488 V/InputMethodService( 2203): CALL: onStartInput
07-05 20:30:41.489 E/SOGOUIME_JNI( 2203): invalidateCommitWordPinyinNative
07-05 20:30:41.489 D/SogouIME( 2203): =====configKeyboard=======:false     false
07-05 20:30:41.489 E/SOGOUIME_JNI( 2203): ime_set_hard_kb_enable
07-05 20:30:41.498 I/TVMW@devctrl( 1234): wdt
07-05 20:30:41.500 D/Carousel-CarouselDisplayPlayerLayout(29626): x=392, y=167,w=892,h=536, hashCode=432228362
07-05 20:30:41.500 D/Carousel-CarouselDisplayPlayerLayout(29626): mX=511, mY=167,mWitdh=892,mHeight=536, hashCode=432228362
07-05 20:30:41.500 D/Carousel-CarouselDisplayPlayerLayout(29626): changed=true, hashCode=432228362
07-05 20:30:41.500 D/Carousel-Utils(29626): x=392,y=167, width=892,height=536
07-05 20:30:41.500 D/Carousel-CarouselDisplayPlayerLayout(29626): isFullScreen:false
07-05 20:30:41.500 D/Carousel-CarouselView(29626): ===========>onScrollStart
07-05 20:30:41.501 D/Carousel-Utils(29626): displayImage view=android.widget.ImageView{2ef01db I.ED.... ......ID 0,0-816,460 #7f0d0029 app:id/imageView1}
07-05 20:30:41.501 D/Carousel-Utils(29626): displayImage url=http://picture.edu.hismarttv.com/images/20170629010146422927.jpg
07-05 20:30:41.501 D/Carousel-Utils(29626): onResourceReady.
07-05 20:30:41.511 D/Carousel-Utils(29626): displayImage view=android.widget.ImageView{576555f I.ED.... ........ 0,0-816,460 #7f0d0029 app:id/imageView1}
07-05 20:30:41.511 D/Carousel-Utils(29626): displayImage url=http://picture.edu.hismarttv.com/images/20170629010146422927.jpg
07-05 20:30:41.512 D/Carousel-Utils(29626): onResourceReady.
07-05 20:30:41.512 D/Carousel-CarouselDisplayPlayerLayout(29626): x=392, y=167,w=892,h=536, hashCode=432228362
07-05 20:30:41.512 D/Carousel-CarouselDisplayPlayerLayout(29626): mX=392, mY=167,mWitdh=892,mHeight=536, hashCode=432228362
07-05 20:30:41.512 D/Carousel-CarouselDisplayPlayerLayout(29626): changed=false, hashCode=432228362
07-05 20:30:41.512 D/Carousel-CarouselDisplayPlayerLayout(29626): extraTryCount=0
07-05 20:30:41.542 I/MyFragmentStateAdapter(29626): getCount
07-05 20:30:41.542 I/MyFragmentStateAdapter(29626): getCount
07-05 20:30:41.542 I/MyFragmentStateAdapter(29626): getCount
07-05 20:30:41.542 I/MyFragmentStateAdapter(29626): getCount
07-05 20:30:41.543 I/Carousel-UrlVideoView(29626): onMeasure(MeasureSpec: EXACTLY 816, MeasureSpec: EXACTLY 460)
07-05 20:30:41.543 D/Carousel-UrlVideoView(29626): widthSpecMode=1073741824
07-05 20:30:41.543 D/Carousel-UrlVideoView(29626): heightSpecMode=1073741824
07-05 20:30:41.543 D/Carousel-UrlVideoView(29626): widthSpecSize=816
07-05 20:30:41.543 D/Carousel-UrlVideoView(29626): heightSpecSize=460
07-05 20:30:41.543 I/Carousel-UrlVideoView(29626): onMeasure(MeasureSpec: EXACTLY 816, MeasureSpec: EXACTLY 460)
07-05 20:30:41.543 D/Carousel-UrlVideoView(29626): widthSpecMode=1073741824
07-05 20:30:41.543 D/Carousel-UrlVideoView(29626): heightSpecMode=1073741824
07-05 20:30:41.543 D/Carousel-UrlVideoView(29626): widthSpecSize=816
07-05 20:30:41.543 D/Carousel-UrlVideoView(29626): heightSpecSize=460
07-05 20:30:41.545 D/Surface ( 1733): onStatusChange() : mNativeObject = 547942785536 mUseImageHwRender = false
07-05 20:30:41.545 V/Surface ( 1733): nativeSetHardwareRender() : status = 0
07-05 20:30:41.545 V/Surface ( 1733): nativeSetHardwareRender() : end
07-05 20:30:41.549 D/PowerManagerService( 1733): releaseWakeLockInternal: lock=487931605 [WindowManager], flags=0x0
07-05 20:30:41.549 D/PowerManagerNotifier( 1733): onWakeLockReleased: flags=536870922, tag="WindowManager", packageName=android, ownerUid=1000, ownerPid=1733, workSource=WorkSource{10010}
07-05 20:30:41.549 D/PowerManagerService( 1733): userActivityNoUpdateLocked: eventTime=6683121, event=0, flags=0x1, uid=1000
07-05 20:30:41.549 D/PowerManagerService( 1733): setScreenBrightnessOverrideFromWindowManagerInternal done
07-05 20:30:41.554 D/Surface ( 1733): onStatusChange() : mNativeObject = 0 mUseImageHwRender = false
07-05 20:30:41.555 I/FirstLineAdapter(29626): canShowTrailer,isOffline=false
07-05 20:30:41.555 I/FirstLineAdapter(29626): canShowTrailer,isOffline=false
07-05 20:30:41.555 I/FirstLineAdapter(29626): canShowTrailer,isOffline=false
07-05 20:30:41.555 I/FirstLineAdapter(29626): canShowTrailer,isOffline=false
07-05 20:30:41.555 I/FirstLineAdapter(29626): canShowTrailer,isOffline=false
07-05 20:30:41.555 I/FirstLineAdapter(29626): canShowTrailer,isOffline=false
07-05 20:30:41.556 I/FirstLineAdapter(29626): canShowTrailer,isOffline=false
07-05 20:30:41.556 I/FirstLineAdapter(29626): canShowTrailer,isOffline=false
07-05 20:30:41.556 I/FirstLineAdapter(29626): canShowTrailer,isOffline=false
07-05 20:30:41.556 I/SurfaceView(29626): Changes: creating=false format=false size=false visible=false left=true top=false
07-05 20:30:41.556 I/SurfaceView(29626): Cur surface: Surface(name=null)/@0x3b58f661
07-05 20:30:41.557 D/Surface ( 1733): onStatusChange() : mNativeObject = 547942789120 mUseImageHwRender = false
07-05 20:30:41.557 V/Surface ( 1733): nativeSetHardwareRender() : status = 0
07-05 20:30:41.557 V/Surface ( 1733): nativeSetHardwareRender() : end
07-05 20:30:41.560 D/PowerManagerService( 1733): setScreenBrightnessOverrideFromWindowManagerInternal done
07-05 20:30:41.562 D/Surface ( 1733): onStatusChange() : mNativeObject = 0 mUseImageHwRender = false
07-05 20:30:41.562 D/Surface (29626): onStatusChange() : mNativeObject = -534360832 mUseImageHwRender = false
07-05 20:30:41.562 V/Surface (29626): nativeSetHardwareRender() : status = 0
07-05 20:30:41.562 V/Surface (29626): nativeSetHardwareRender() : end
07-05 20:30:41.563 I/SurfaceView(29626): New surface: Surface(name=null)/@0xff8a586, vis=true, frame=Rect(430, 205 - 1246, 665)
07-05 20:30:41.563 D/Surface (29626): onStatusChange() : mNativeObject = 0 mUseImageHwRender = false
07-05 20:30:41.563 D/Surface (29626): onStatusChange() : mNativeObject = -534360832 mUseImageHwRender = false
07-05 20:30:41.563 V/Surface (29626): nativeSetHardwareRender() : status = 0
07-05 20:30:41.563 V/Surface (29626): nativeSetHardwareRender() : end
07-05 20:30:41.566 V/SurfaceView(29626): Layout: x=430 y=205 w=816 h=460, frame=Rect(0, 0 - 816, 460)
07-05 20:30:41.568 I/MainHomeView(29626): onPanelSlide0.015267176---left154
07-05 20:30:41.569 I/CurrentCarouselView(29626): onCarouseControlCarouselControlBean{mShoudScroll=true, mActivityHasResume=false, mActivityHasStop=false, mHasTurnGone=false, mHasTurnVisible=false, mChannelId=-1, mSlideOffset=0.015267176, mShouldSelectCenter=false, mTabOpen=false, mHoriPosStatus=None, mVerPosStatus=None, mLevelStatus=None},isPlayingtrue,channelId=0
07-05 20:30:41.569 I/CurrentCarouselView(29626): is not the current page
07-05 20:30:41.569 I/CurrentCarouselView(29626): do scroll
07-05 20:30:41.569 D/Carousel-CarouselView(29626): smoothScroll.
07-05 20:30:41.569 D/Carousel-CarouselDisplayPlayerLayout(29626): isFullScreen:false
07-05 20:30:41.569 D/TabView (29626): onReceiveSlidingOffset ===>:0.015267176
07-05 20:30:41.570 I/MyFragmentStateAdapter(29626): getCount
07-05 20:30:41.576 E/hwcomposer( 1204): Overlay 0 size changeed src {1920 1080} -> {1920, 1080} crop{0.000000 0.000000 1920.000000 1080.000000}->{0.000000 0.000000 1920.000000 1080.000000} dst{549 205 1365 665}->{430 205 1246 665}
07-05 20:30:41.577 D/Carousel-CarouselDisplayPlayerLayout(29626): x=382, y=167,w=892,h=536, hashCode=432228362
07-05 20:30:41.577 D/Carousel-CarouselDisplayPlayerLayout(29626): mX=392, mY=167,mWitdh=892,mHeight=536, hashCode=432228362
07-05 20:30:41.577 D/Carousel-CarouselDisplayPlayerLayout(29626): changed=true, hashCode=432228362
07-05 20:30:41.578 D/Carousel-Utils(29626): x=382,y=167, width=892,height=536
07-05 20:30:41.579 D/Carousel-CarouselDisplayPlayerLayout(29626): x=382, y=167,w=892,h=536, hashCode=432228362
07-05 20:30:41.579 D/Carousel-CarouselDisplayPlayerLayout(29626): mX=382, mY=167,mWitdh=892,mHeight=536, hashCode=432228362
07-05 20:30:41.579 D/Carousel-CarouselDisplayPlayerLayout(29626): changed=false, hashCode=432228362
07-05 20:30:41.579 D/Carousel-CarouselDisplayPlayerLayout(29626): extraTryCount=0
07-05 20:30:41.580 D/Carousel-CarouselDisplayPlayerLayout(29626): x=382, y=167,w=892,h=536, hashCode=432228362
07-05 20:30:41.580 D/Carousel-CarouselDisplayPlayerLayout(29626): mX=382, mY=167,mWitdh=892,mHeight=536, hashCode=432228362
07-05 20:30:41.580 D/Carousel-CarouselDisplayPlayerLayout(29626): changed=false, hashCode=432228362
07-05 20:30:41.580 D/Carousel-CarouselDisplayPlayerLayout(29626): extraTryCount=1
07-05 20:30:41.581 I/Carousel-UrlVideoView(29626): onMeasure(MeasureSpec: EXACTLY 816, MeasureSpec: EXACTLY 460)
07-05 20:30:41.581 D/Carousel-UrlVideoView(29626): widthSpecMode=1073741824
07-05 20:30:41.581 D/Carousel-UrlVideoView(29626): heightSpecMode=1073741824
07-05 20:30:41.581 D/Carousel-UrlVideoView(29626): widthSpecSize=816
07-05 20:30:41.581 D/Carousel-UrlVideoView(29626): heightSpecSize=460
07-05 20:30:41.581 I/Carousel-UrlVideoView(29626): onMeasure(MeasureSpec: EXACTLY 816, MeasureSpec: EXACTLY 460)
07-05 20:30:41.581 D/Carousel-UrlVideoView(29626): widthSpecMode=1073741824
07-05 20:30:41.581 D/Carousel-UrlVideoView(29626): heightSpecMode=1073741824
07-05 20:30:41.581 D/Carousel-UrlVideoView(29626): widthSpecSize=816
07-05 20:30:41.581 D/Carousel-UrlVideoView(29626): heightSpecSize=460
07-05 20:30:41.581 I/SurfaceView(29626): Changes: creating=false format=false size=false visible=false left=true top=false
07-05 20:30:41.581 I/SurfaceView(29626): Cur surface: Surface(name=null)/@0x3b58f661
07-05 20:30:41.582 D/Surface ( 1733): onStatusChange() : mNativeObject = 547942789120 mUseImageHwRender = false
07-05 20:30:41.582 V/Surface ( 1733): nativeSetHardwareRender() : status = 0
07-05 20:30:41.582 V/Surface ( 1733): nativeSetHardwareRender() : end
07-05 20:30:41.584 D/PowerManagerService( 1733): setScreenBrightnessOverrideFromWindowManagerInternal done
07-05 20:30:41.586 D/Surface ( 1733): onStatusChange() : mNativeObject = 0 mUseImageHwRender = false
07-05 20:30:41.589 D/Surface (29626): onStatusChange() : mNativeObject = -195841536 mUseImageHwRender = false
07-05 20:30:41.589 V/Surface (29626): nativeSetHardwareRender() : status = 0
07-05 20:30:41.589 V/Surface (29626): nativeSetHardwareRender() : end
07-05 20:30:41.589 I/SurfaceView(29626): New surface: Surface(name=null)/@0xff8a586, vis=true, frame=Rect(420, 205 - 1236, 665)
07-05 20:30:41.589 D/Surface (29626): onStatusChange() : mNativeObject = 0 mUseImageHwRender = false
07-05 20:30:41.589 D/Surface (29626): onStatusChange() : mNativeObject = -195841536 mUseImageHwRender = false
07-05 20:30:41.589 V/Surface (29626): nativeSetHardwareRender() : status = 0
07-05 20:30:41.589 V/Surface (29626): nativeSetHardwareRender() : end
07-05 20:30:41.592 V/SurfaceView(29626): Layout: x=420 y=205 w=816 h=460, frame=Rect(0, 0 - 816, 460)
07-05 20:30:41.599 I/MainHomeView(29626): onPanelSlide0.007633588---left153
07-05 20:30:41.601 I/CurrentCarouselView(29626): onCarouseControlCarouselControlBean{mShoudScroll=true, mActivityHasResume=false, mActivityHasStop=false, mHasTurnGone=false, mHasTurnVisible=false, mChannelId=-1, mSlideOffset=0.007633588, mShouldSelectCenter=false, mTabOpen=false, mHoriPosStatus=None, mVerPosStatus=None, mLevelStatus=None},isPlayingtrue,channelId=0
07-05 20:30:41.601 I/CurrentCarouselView(29626): is not the current page
07-05 20:30:41.601 I/CurrentCarouselView(29626): do scroll
07-05 20:30:41.601 D/Carousel-CarouselView(29626): smoothScroll.
07-05 20:30:41.601 D/Carousel-CarouselDisplayPlayerLayout(29626): isFullScreen:false
07-05 20:30:41.601 D/TabView (29626): onReceiveSlidingOffset ===>:0.007633588
07-05 20:30:41.609 D/Carousel-CarouselDisplayPlayerLayout(29626): x=381, y=167,w=892,h=536, hashCode=432228362
07-05 20:30:41.609 E/hwcomposer( 1204): Overlay 0 size changeed src {1920 1080} -> {1920, 1080} crop{0.000000 0.000000 1920.000000 1080.000000}->{0.000000 0.000000 1920.000000 1080.000000} dst{430 205 1246 665}->{420 205 1236 665}
07-05 20:30:41.609 D/Carousel-CarouselDisplayPlayerLayout(29626): mX=382, mY=167,mWitdh=892,mHeight=536, hashCode=432228362
07-05 20:30:41.609 D/Carousel-CarouselDisplayPlayerLayout(29626): changed=true, hashCode=432228362
07-05 20:30:41.610 D/Carousel-Utils(29626): x=381,y=167, width=892,height=536
07-05 20:30:41.610 D/Carousel-CarouselDisplayPlayerLayout(29626): x=381, y=167,w=892,h=536, hashCode=432228362
07-05 20:30:41.610 D/Carousel-CarouselDisplayPlayerLayout(29626): mX=381, mY=167,mWitdh=892,mHeight=536, hashCode=432228362
07-05 20:30:41.610 D/Carousel-CarouselDisplayPlayerLayout(29626): changed=false, hashCode=432228362
07-05 20:30:41.610 D/Carousel-CarouselDisplayPlayerLayout(29626): extraTryCount=0
07-05 20:30:41.614 D/Carousel-CarouselDisplayPlayerLayout(29626): x=381, y=167,w=892,h=536, hashCode=432228362
07-05 20:30:41.614 D/Carousel-CarouselDisplayPlayerLayout(29626): mX=381, mY=167,mWitdh=892,mHeight=536, hashCode=432228362
07-05 20:30:41.614 D/Carousel-CarouselDisplayPlayerLayout(29626): changed=false, hashCode=432228362
07-05 20:30:41.614 D/Carousel-CarouselDisplayPlayerLayout(29626): extraTryCount=1
07-05 20:30:41.615 D/Carousel-CarouselDisplayPlayerLayout(29626): x=381, y=167,w=892,h=536, hashCode=432228362
07-05 20:30:41.615 D/Carousel-CarouselDisplayPlayerLayout(29626): mX=381, mY=167,mWitdh=892,mHeight=536, hashCode=432228362
07-05 20:30:41.615 D/Carousel-CarouselDisplayPlayerLayout(29626): changed=false, hashCode=432228362
07-05 20:30:41.615 D/Carousel-CarouselDisplayPlayerLayout(29626): extraTryCount=2
07-05 20:30:41.616 I/Carousel-UrlVideoView(29626): onMeasure(MeasureSpec: EXACTLY 816, MeasureSpec: EXACTLY 460)
07-05 20:30:41.616 D/Carousel-UrlVideoView(29626): widthSpecMode=1073741824
07-05 20:30:41.616 D/Carousel-UrlVideoView(29626): heightSpecMode=1073741824
07-05 20:30:41.616 D/Carousel-UrlVideoView(29626): widthSpecSize=816
07-05 20:30:41.619 D/Carousel-UrlVideoView(29626): heightSpecSize=460
07-05 20:30:41.620 I/Carousel-UrlVideoView(29626): onMeasure(MeasureSpec: EXACTLY 816, MeasureSpec: EXACTLY 460)
07-05 20:30:41.620 D/Carousel-UrlVideoView(29626): widthSpecMode=1073741824
07-05 20:30:41.620 D/Carousel-UrlVideoView(29626): heightSpecMode=1073741824
07-05 20:30:41.620 D/Carousel-UrlVideoView(29626): widthSpecSize=816
07-05 20:30:41.620 D/Carousel-UrlVideoView(29626): heightSpecSize=460
07-05 20:30:41.620 I/SurfaceView(29626): Changes: creating=false format=false size=false visible=false left=true top=false
07-05 20:30:41.620 I/SurfaceView(29626): Cur surface: Surface(name=null)/@0x3b58f661
07-05 20:30:41.621 D/Surface ( 1733): onStatusChange() : mNativeObject = 547942789120 mUseImageHwRender = false
07-05 20:30:41.621 V/Surface ( 1733): nativeSetHardwareRender() : status = 0
07-05 20:30:41.621 V/Surface ( 1733): nativeSetHardwareRender() : end
07-05 20:30:41.624 D/PowerManagerService( 1733): setScreenBrightnessOverrideFromWindowManagerInternal done
07-05 20:30:41.628 D/Surface ( 1733): onStatusChange() : mNativeObject = 0 mUseImageHwRender = false
07-05 20:30:41.629 D/Surface (29626): onStatusChange() : mNativeObject = -534360832 mUseImageHwRender = false
07-05 20:30:41.629 V/Surface (29626): nativeSetHardwareRender() : status = 0
07-05 20:30:41.629 V/Surface (29626): nativeSetHardwareRender() : end
07-05 20:30:41.629 I/SurfaceView(29626): New surface: Surface(name=null)/@0xff8a586, vis=true, frame=Rect(419, 205 - 1235, 665)
07-05 20:30:41.629 D/Surface (29626): onStatusChange() : mNativeObject = 0 mUseImageHwRender = false
07-05 20:30:41.630 D/Surface (29626): onStatusChange() : mNativeObject = -534360832 mUseImageHwRender = false
07-05 20:30:41.630 V/Surface (29626): nativeSetHardwareRender() : status = 0
07-05 20:30:41.630 V/Surface (29626): nativeSetHardwareRender() : end
07-05 20:30:41.632 V/SurfaceView(29626): Layout: x=419 y=205 w=816 h=460, frame=Rect(0, 0 - 816, 460)
07-05 20:30:41.636 I/MainHomeView(29626): onPanelSlide0.0---left152
07-05 20:30:41.637 I/CurrentCarouselView(29626): onCarouseControlCarouselControlBean{mShoudScroll=true, mActivityHasResume=false, mActivityHasStop=false, mHasTurnGone=false, mHasTurnVisible=false, mChannelId=-1, mSlideOffset=0.0, mShouldSelectCenter=false, mTabOpen=false, mHoriPosStatus=None, mVerPosStatus=None, mLevelStatus=None},isPlayingtrue,channelId=0
07-05 20:30:41.637 I/CurrentCarouselView(29626): is not the current page
07-05 20:30:41.637 I/CurrentCarouselView(29626): do scroll
07-05 20:30:41.637 D/Carousel-CarouselView(29626): smoothScroll.
07-05 20:30:41.637 D/Carousel-CarouselDisplayPlayerLayout(29626): isFullScreen:false
07-05 20:30:41.641 D/TabView (29626): onReceiveSlidingOffset ===>:0.0
07-05 20:30:41.643 D/hwcomposer( 1204): Overlay [0] do size change!
07-05 20:30:41.644 D/vsyncbridge( 1204): [0] handle_thread thread got msg 0x2, mState = 3
07-05 20:30:41.644 D/vsyncbridge( 1204): Overlay 0 Resize, mState = 0x3, 0, disp[420 205 816 460] osd[1920 1080]
07-05 20:30:41.645 D/vsyncbridge( 1204): [update_ds_table,  594] DispW:1632 DispH:920 
07-05 20:30:41.645 D/vsyncbridge( 1204): [update_ds_table,  598] Cap.x:1105 Cap.y:30 CapW:1920 CapH:1080 
07-05 20:30:41.645 D/vsyncbridge( 1204): [update_ds_table,  599] enInputSourceType:34 
07-05 20:30:41.645 D/vsyncbridge( 1204): [update_ds_table,  601] u16InputVTotal:2205  u16InputVFreq:240 
07-05 20:30:41.645 D/vsyncbridge( 1204): [update_ds_table,  603] bInterlace:0  u16DefaultHtotal:0 
07-05 20:30:41.645 D/vsyncbridge( 1204): [update_ds_table,  606] bPreHCusScaling:1  bPreVCusScaling:1 
07-05 20:30:41.645 D/vsyncbridge( 1204): [update_ds_table,  608] u16PreHCusScalingSrc:1920  u16PreHCusScalingDst:1920 
07-05 20:30:41.645 D/vsyncbridge( 1204): [update_ds_table,  610] u16PreVCusScalingSrc:1080  u16PreVCusScalingSrc:1080 
07-05 20:30:41.645 D/vsyncbridge( 1204): [update_ds_table,  613] bHCusScaling:0  bVCusScaling:0 
07-05 20:30:41.645 D/vsyncbridge( 1204): [update_ds_table,  615] u16HCusScalingSrc:1920  u16HCusScalingDst:1632 
07-05 20:30:41.645 D/vsyncbridge( 1204): [update_ds_table,  617] u16VCusScalingSrc:1080  u16VCusScalingDst:920 
07-05 20:30:41.645 D/vsyncbridge( 1204): vsync_bridge_CalAspectRatio type = 0
07-05 20:30:41.645 D/vsyncbridge( 1204): panel [3840 2160] osd [1920 1080] ratio [2.000000 2.000000]
07-05 20:30:41.645 D/vsyncbridge( 1204): apply ratio, x=840, y=410, width=1632, height=920
07-05 20:30:41.645 D/vsyncbridge( 1204): disp_old[840 410 2472 1330], disp_new[840 410 2472 1330], crop[0 0 1920 1080]
07-05 20:30:41.645 D/vsyncbridge( 1204): [update_ds_table,  798] SW DS !!! 
07-05 20:30:41.645 D/vsyncbridge( 1204): [update_ds_table,  800] stXC_SetWin_Info.stCapWin.width1920  stXC_SetWin_Info.stCapWin.height:1080
07-05 20:30:41.645 D/vsyncbridge( 1204): [update_ds_table,  802] stXC_SetWin_Info.stCropWin.width1920  stXC_SetWin_Info.stCropWin.height:1080
07-05 20:30:41.646 D/vsyncbridge( 1204): [update_ds_table,  803] MApi_XC_GetDynamicScalingStatus():1 
07-05 20:30:41.646 D/        ( 1204): Alert: cannot get frameCount from IOCTL, eWindow=0! Fall back to original frame mode
07-05 20:30:41.646 D/        ( 1204): MVOP is 1P mode
07-05 20:30:41.646 D/        ( 1204): [_MDrv_SC_check_2p_mode][9405]u16Width=3840,u16Height=2160,u32Vfreqx10=240
07-05 20:30:41.646 D/vsyncbridge( 1204): vsync_bridge_render_frame pts = 2791666, DS_Idx=0x1, overlayID=0
07-05 20:30:41.646 D/vsyncbridge( 1204):  W 3, R 1, Cur 3
07-05 20:30:41.646 D/vsyncbridge( 1204): vsync_bridge_CalAspectRatio type = 0
07-05 20:30:41.646 D/vsyncbridge( 1204): panel [3840 2160] osd [1920 1080] ratio [2.000000 2.000000]
07-05 20:30:41.646 D/vsyncbridge( 1204): apply ratio, x=840, y=410, width=1632, height=920
07-05 20:30:41.659 E/hwcomposer( 1204): Overlay 0 size changeed src {1920 1080} -> {1920, 1080} crop{0.000000 0.000000 1920.000000 1080.000000}->{0.000000 0.000000 1920.000000 1080.000000} dst{420 205 1236 665}->{419 205 1235 665}
07-05 20:30:41.687 D/Carousel-CarouselDisplayPlayerLayout(29626): x=380, y=167,w=892,h=536, hashCode=432228362
07-05 20:30:41.687 D/Carousel-CarouselDisplayPlayerLayout(29626): mX=381, mY=167,mWitdh=892,mHeight=536, hashCode=432228362
07-05 20:30:41.687 D/Carousel-CarouselDisplayPlayerLayout(29626): changed=true, hashCode=432228362
07-05 20:30:41.688 D/Carousel-Utils(29626): x=380,y=167, width=892,height=536
07-05 20:30:41.688 D/Carousel-CarouselDisplayPlayerLayout(29626): x=380, y=167,w=892,h=536, hashCode=432228362
07-05 20:30:41.688 D/Carousel-CarouselDisplayPlayerLayout(29626): mX=380, mY=167,mWitdh=892,mHeight=536, hashCode=432228362
07-05 20:30:41.688 D/Carousel-CarouselDisplayPlayerLayout(29626): changed=false, hashCode=432228362
07-05 20:30:41.688 D/Carousel-CarouselDisplayPlayerLayout(29626): extraTryCount=0
07-05 20:30:41.688 D/Carousel-CarouselDisplayPlayerLayout(29626): x=380, y=167,w=892,h=536, hashCode=432228362
07-05 20:30:41.688 D/Carousel-CarouselDisplayPlayerLayout(29626): mX=380, mY=167,mWitdh=892,mHeight=536, hashCode=432228362
07-05 20:30:41.688 D/Carousel-CarouselDisplayPlayerLayout(29626): changed=false, hashCode=432228362
07-05 20:30:41.688 D/Carousel-CarouselDisplayPlayerLayout(29626): extraTryCount=1
07-05 20:30:41.688 D/Carousel-CarouselDisplayPlayerLayout(29626): x=380, y=167,w=892,h=536, hashCode=432228362
07-05 20:30:41.688 D/Carousel-CarouselDisplayPlayerLayout(29626): mX=380, mY=167,mWitdh=892,mHeight=536, hashCode=432228362
07-05 20:30:41.688 D/Carousel-CarouselDisplayPlayerLayout(29626): changed=false, hashCode=432228362
07-05 20:30:41.688 D/Carousel-CarouselDisplayPlayerLayout(29626): extraTryCount=2
07-05 20:30:41.688 D/Carousel-CarouselDisplayPlayerLayout(29626): x=380, y=167,w=892,h=536, hashCode=432228362
07-05 20:30:41.688 D/Carousel-CarouselDisplayPlayerLayout(29626): mX=380, mY=167,mWitdh=892,mHeight=536, hashCode=432228362
07-05 20:30:41.688 D/Carousel-CarouselDisplayPlayerLayout(29626): changed=false, hashCode=432228362
07-05 20:30:41.688 D/Carousel-CarouselDisplayPlayerLayout(29626): extraTryCount=3
07-05 20:30:41.689 I/Carousel-UrlVideoView(29626): onMeasure(MeasureSpec: EXACTLY 816, MeasureSpec: EXACTLY 460)
07-05 20:30:41.689 D/Carousel-UrlVideoView(29626): widthSpecMode=1073741824
07-05 20:30:41.689 D/Carousel-UrlVideoView(29626): heightSpecMode=1073741824
07-05 20:30:41.689 D/Carousel-UrlVideoView(29626): widthSpecSize=816
07-05 20:30:41.689 D/Carousel-UrlVideoView(29626): heightSpecSize=460
07-05 20:30:41.689 I/Carousel-UrlVideoView(29626): onMeasure(MeasureSpec: EXACTLY 816, MeasureSpec: EXACTLY 460)
07-05 20:30:41.689 D/Carousel-UrlVideoView(29626): widthSpecMode=1073741824
07-05 20:30:41.689 D/Carousel-UrlVideoView(29626): heightSpecMode=1073741824
07-05 20:30:41.689 D/Carousel-UrlVideoView(29626): widthSpecSize=816
07-05 20:30:41.689 D/Carousel-UrlVideoView(29626): heightSpecSize=460
07-05 20:30:41.689 I/SurfaceView(29626): Changes: creating=false format=false size=false visible=false left=true top=false
07-05 20:30:41.689 I/SurfaceView(29626): Cur surface: Surface(name=null)/@0x3b58f661
07-05 20:30:41.691 D/Surface ( 1733): onStatusChange() : mNativeObject = 547942789120 mUseImageHwRender = false
07-05 20:30:41.691 V/Surface ( 1733): nativeSetHardwareRender() : status = 0
07-05 20:30:41.691 V/Surface ( 1733): nativeSetHardwareRender() : end
07-05 20:30:41.693 D/PowerManagerService( 1733): setScreenBrightnessOverrideFromWindowManagerInternal done
07-05 20:30:41.693 D/hwcomposer( 1204): Overlay [0] do size change!
07-05 20:30:41.697 D/vsyncbridge( 1204): [0] handle_thread thread got msg 0x2, mState = 3
07-05 20:30:41.697 D/vsyncbridge( 1204): Overlay 0 Resize, mState = 0x3, 0, disp[419 205 816 460] osd[1920 1080]
07-05 20:30:41.697 D/vsyncbridge( 1204): [update_ds_table,  594] DispW:1632 DispH:920 
07-05 20:30:41.697 D/vsyncbridge( 1204): [update_ds_table,  598] Cap.x:1105 Cap.y:30 CapW:1920 CapH:1080 
07-05 20:30:41.697 D/vsyncbridge( 1204): [update_ds_table,  599] enInputSourceType:34 
07-05 20:30:41.697 D/vsyncbridge( 1204): [update_ds_table,  601] u16InputVTotal:2205  u16InputVFreq:240 
07-05 20:30:41.697 D/vsyncbridge( 1204): [update_ds_table,  603] bInterlace:0  u16DefaultHtotal:0 
07-05 20:30:41.697 D/vsyncbridge( 1204): [update_ds_table,  606] bPreHCusScaling:1  bPreVCusScaling:1 
07-05 20:30:41.697 D/vsyncbridge( 1204): [update_ds_table,  608] u16PreHCusScalingSrc:1920  u16PreHCusScalingDst:1920 
07-05 20:30:41.697 D/vsyncbridge( 1204): [update_ds_table,  610] u16PreVCusScalingSrc:1080  u16PreVCusScalingSrc:1080 
07-05 20:30:41.697 D/Surface ( 1733): onStatusChange() : mNativeObject = 0 mUseImageHwRender = false
07-05 20:30:41.697 D/vsyncbridge( 1204): [update_ds_table,  613] bHCusScaling:0  bVCusScaling:0 
07-05 20:30:41.697 D/vsyncbridge( 1204): [update_ds_table,  615] u16HCusScalingSrc:1920  u16HCusScalingDst:1632 
07-05 20:30:41.697 D/vsyncbridge( 1204): [update_ds_table,  617] u16VCusScalingSrc:1080  u16VCusScalingDst:920 
07-05 20:30:41.697 D/vsyncbridge( 1204): vsync_bridge_CalAspectRatio type = 0
07-05 20:30:41.697 D/vsyncbridge( 1204): panel [3840 2160] osd [1920 1080] ratio [2.000000 2.000000]
07-05 20:30:41.697 D/vsyncbridge( 1204): apply ratio, x=838, y=410, width=1632, height=920
07-05 20:30:41.697 D/vsyncbridge( 1204): disp_old[838 410 2470 1330], disp_new[838 410 2470 1330], crop[0 0 1920 1080]
07-05 20:30:41.697 D/vsyncbridge( 1204): [update_ds_table,  798] SW DS !!! 
07-05 20:30:41.697 D/vsyncbridge( 1204): [update_ds_table,  800] stXC_SetWin_Info.stCapWin.width1920  stXC_SetWin_Info.stCapWin.height:1080
07-05 20:30:41.697 D/vsyncbridge( 1204): [update_ds_table,  802] stXC_SetWin_Info.stCropWin.width1920  stXC_SetWin_Info.stCropWin.height:1080
07-05 20:30:41.697 D/vsyncbridge( 1204): [update_ds_table,  803] MApi_XC_GetDynamicScalingStatus():1 
07-05 20:30:41.698 D/        ( 1204): Alert: cannot get frameCount from IOCTL, eWindow=0! Fall back to original frame mode
07-05 20:30:41.698 D/        ( 1204): MVOP is 1P mode
07-05 20:30:41.698 D/        ( 1204): [_MDrv_SC_check_2p_mode][9405]u16Width=3840,u16Height=2160,u32Vfreqx10=240
07-05 20:30:41.698 D/vsyncbridge( 1204): vsync_bridge_render_frame pts = 2833333, DS_Idx=0x2, overlayID=0
07-05 20:30:41.698 D/vsyncbridge( 1204):  W 4, R 2, Cur 4
07-05 20:30:41.698 D/vsyncbridge( 1204): vsync_bridge_CalAspectRatio type = 0
07-05 20:30:41.698 D/vsyncbridge( 1204): panel [3840 2160] osd [1920 1080] ratio [2.000000 2.000000]
07-05 20:30:41.698 D/vsyncbridge( 1204): apply ratio, x=838, y=410, width=1632, height=920
07-05 20:30:41.708 D/Surface (29626): onStatusChange() : mNativeObject = -195841536 mUseImageHwRender = false
07-05 20:30:41.708 V/Surface (29626): nativeSetHardwareRender() : status = 0
07-05 20:30:41.708 V/Surface (29626): nativeSetHardwareRender() : end
07-05 20:30:41.708 I/SurfaceView(29626): New surface: Surface(name=null)/@0xff8a586, vis=true, frame=Rect(418, 205 - 1234, 665)
07-05 20:30:41.708 D/Surface (29626): onStatusChange() : mNativeObject = 0 mUseImageHwRender = false
07-05 20:30:41.708 D/Surface (29626): onStatusChange() : mNativeObject = -195841536 mUseImageHwRender = false
07-05 20:30:41.708 V/Surface (29626): nativeSetHardwareRender() : status = 0
07-05 20:30:41.708 V/Surface (29626): nativeSetHardwareRender() : end
07-05 20:30:41.710 V/SurfaceView(29626): Layout: x=418 y=205 w=816 h=460, frame=Rect(0, 0 - 816, 460)
07-05 20:30:41.725 E/hwcomposer( 1204): Overlay 0 size changeed src {1920 1080} -> {1920, 1080} crop{0.000000 0.000000 1920.000000 1080.000000}->{0.000000 0.000000 1920.000000 1080.000000} dst{419 205 1235 665}->{418 205 1234 665}
07-05 20:30:41.734 D/Carousel-CarouselDisplayPlayerLayout(29626): x=380, y=167,w=892,h=536, hashCode=432228362
07-05 20:30:41.734 D/Carousel-CarouselDisplayPlayerLayout(29626): mX=380, mY=167,mWitdh=892,mHeight=536, hashCode=432228362
07-05 20:30:41.734 D/Carousel-CarouselDisplayPlayerLayout(29626): changed=false, hashCode=432228362
07-05 20:30:41.734 D/Carousel-CarouselDisplayPlayerLayout(29626): extraTryCount=4
07-05 20:30:41.734 I/MainHomeView(29626): onPanelClosed---left152
07-05 20:30:41.740 D/Carousel-CarouselDisplayPlayerLayout(29626): x=380, y=167,w=892,h=536, hashCode=432228362
07-05 20:30:41.740 D/Carousel-CarouselDisplayPlayerLayout(29626): mX=380, mY=167,mWitdh=892,mHeight=536, hashCode=432228362
07-05 20:30:41.740 D/Carousel-CarouselDisplayPlayerLayout(29626): changed=false, hashCode=432228362
07-05 20:30:41.740 D/Carousel-CarouselDisplayPlayerLayout(29626): extraTryCount=5
07-05 20:30:41.740 D/Carousel-CarouselDisplayPlayerLayout(29626): x=380, y=167,w=892,h=536, hashCode=432228362
07-05 20:30:41.740 D/Carousel-CarouselDisplayPlayerLayout(29626): mX=380, mY=167,mWitdh=892,mHeight=536, hashCode=432228362
07-05 20:30:41.740 D/Carousel-CarouselDisplayPlayerLayout(29626): changed=false, hashCode=432228362
07-05 20:30:41.740 D/Carousel-CarouselDisplayPlayerLayout(29626): extraTryCount=6
07-05 20:30:41.740 D/Carousel-CarouselDisplayPlayerLayout(29626): x=380, y=167,w=892,h=536, hashCode=432228362
07-05 20:30:41.740 D/Carousel-CarouselDisplayPlayerLayout(29626): mX=380, mY=167,mWitdh=892,mHeight=536, hashCode=432228362
07-05 20:30:41.740 D/Carousel-CarouselDisplayPlayerLayout(29626): changed=false, hashCode=432228362
07-05 20:30:41.740 D/Carousel-CarouselDisplayPlayerLayout(29626): extraTryCount=7
07-05 20:30:41.740 D/Carousel-CarouselDisplayPlayerLayout(29626): x=380, y=167,w=892,h=536, hashCode=432228362
07-05 20:30:41.740 D/Carousel-CarouselDisplayPlayerLayout(29626): mX=380, mY=167,mWitdh=892,mHeight=536, hashCode=432228362
07-05 20:30:41.740 D/Carousel-CarouselDisplayPlayerLayout(29626): changed=false, hashCode=432228362
07-05 20:30:41.740 D/Carousel-CarouselDisplayPlayerLayout(29626): extraTryCount=8
07-05 20:30:41.740 D/Carousel-CarouselDisplayPlayerLayout(29626): x=380, y=167,w=892,h=536, hashCode=432228362
07-05 20:30:41.740 D/Carousel-CarouselDisplayPlayerLayout(29626): mX=380, mY=167,mWitdh=892,mHeight=536, hashCode=432228362
07-05 20:30:41.740 D/Carousel-CarouselDisplayPlayerLayout(29626): changed=false, hashCode=432228362
07-05 20:30:41.740 D/Carousel-CarouselDisplayPlayerLayout(29626): extraTryCount=9
07-05 20:30:41.752 D/Carousel-CarouselDisplayPlayerLayout(29626): x=380, y=167,w=892,h=536, hashCode=432228362
07-05 20:30:41.752 D/Carousel-CarouselDisplayPlayerLayout(29626): mX=380, mY=167,mWitdh=892,mHeight=536, hashCode=432228362
07-05 20:30:41.753 D/Carousel-CarouselDisplayPlayerLayout(29626): changed=false, hashCode=432228362
07-05 20:30:41.753 D/Carousel-CarouselDisplayPlayerLayout(29626): isFullScreen:false
07-05 20:30:41.753 D/Carousel-CarouselView(29626): ===========>mDisplayPlayerLayout.getVisibility()=4
07-05 20:30:41.753 D/Carousel-CarouselView(29626): ===========>onScrollEnd
07-05 20:30:41.753 D/Carousel-Utils(29626): x=380,y=167, width=892,height=536
07-05 20:30:41.753 D/Carousel-CarouselView(29626): isOutScreen:false
07-05 20:30:41.770 I/MyFragmentStateAdapter(29626): getCount
07-05 20:30:41.771 I/MyFragmentStateAdapter(29626): getCount
07-05 20:30:41.771 I/MiSysSrv( 1214): [37m[INFO] Change to Voltage: 117 mv (0x32)[m
07-05 20:30:41.771 I/MyFragmentStateAdapter(29626): getCount
07-05 20:30:41.771 I/MyFragmentStateAdapter(29626): getCount
07-05 20:30:41.775 D/hwcomposer( 1204): Overlay [0] do size change!
07-05 20:30:41.776 D/vsyncbridge( 1204): [0] handle_thread thread got msg 0x2, mState = 3
07-05 20:30:41.776 D/vsyncbridge( 1204): Overlay 0 Resize, mState = 0x3, 0, disp[418 205 816 460] osd[1920 1080]
07-05 20:30:41.776 D/vsyncbridge( 1204): [update_ds_table,  594] DispW:1632 DispH:920 
07-05 20:30:41.776 D/vsyncbridge( 1204): [update_ds_table,  598] Cap.x:1105 Cap.y:30 CapW:1920 CapH:1080 
07-05 20:30:41.776 D/vsyncbridge( 1204): [update_ds_table,  599] enInputSourceType:34 
07-05 20:30:41.776 D/vsyncbridge( 1204): [update_ds_table,  601] u16InputVTotal:2205  u16InputVFreq:240 
07-05 20:30:41.776 D/vsyncbridge( 1204): [update_ds_table,  603] bInterlace:0  u16DefaultHtotal:0 
07-05 20:30:41.776 D/vsyncbridge( 1204): [update_ds_table,  606] bPreHCusScaling:1  bPreVCusScaling:1 
07-05 20:30:41.776 D/vsyncbridge( 1204): [update_ds_table,  608] u16PreHCusScalingSrc:1920  u16PreHCusScalingDst:1920 
07-05 20:30:41.776 D/vsyncbridge( 1204): [update_ds_table,  610] u16PreVCusScalingSrc:1080  u16PreVCusScalingSrc:1080 
07-05 20:30:41.776 D/vsyncbridge( 1204): [update_ds_table,  613] bHCusScaling:0  bVCusScaling:0 
07-05 20:30:41.776 D/vsyncbridge( 1204): [update_ds_table,  615] u16HCusScalingSrc:1920  u16HCusScalingDst:1632 
07-05 20:30:41.776 D/vsyncbridge( 1204): [update_ds_table,  617] u16VCusScalingSrc:1080  u16VCusScalingDst:920 
07-05 20:30:41.776 D/vsyncbridge( 1204): vsync_bridge_CalAspectRatio type = 0
07-05 20:30:41.776 D/vsyncbridge( 1204): panel [3840 2160] osd [1920 1080] ratio [2.000000 2.000000]
07-05 20:30:41.776 D/vsyncbridge( 1204): apply ratio, x=836, y=410, width=1632, height=920
07-05 20:30:41.776 D/vsyncbridge( 1204): disp_old[836 410 2468 1330], disp_new[836 410 2468 1330], crop[0 0 1920 1080]
07-05 20:30:41.776 D/vsyncbridge( 1204): [update_ds_table,  798] SW DS !!! 
07-05 20:30:41.776 D/vsyncbridge( 1204): [update_ds_table,  800] stXC_SetWin_Info.stCapWin.width1920  stXC_SetWin_Info.stCapWin.height:1080
07-05 20:30:41.776 D/vsyncbridge( 1204): [update_ds_table,  802] stXC_SetWin_Info.stCropWin.width1920  stXC_SetWin_Info.stCropWin.height:1080
07-05 20:30:41.776 D/vsyncbridge( 1204): [update_ds_table,  803] MApi_XC_GetDynamicScalingStatus():1 
07-05 20:30:41.777 D/        ( 1204): Alert: cannot get frameCount from IOCTL, eWindow=0! Fall back to original frame mode
07-05 20:30:41.777 D/        ( 1204): MVOP is 1P mode
07-05 20:30:41.777 D/        ( 1204): [_MDrv_SC_check_2p_mode][9405]u16Width=3840,u16Height=2160,u32Vfreqx10=240
07-05 20:30:41.777 D/vsyncbridge( 1204): vsync_bridge_render_frame pts = 2916666, DS_Idx=0x3, overlayID=0
07-05 20:30:41.777 D/vsyncbridge( 1204):  W 6, R 4, Cur 6
07-05 20:30:41.777 D/vsyncbridge( 1204): vsync_bridge_CalAspectRatio type = 0
07-05 20:30:41.777 D/vsyncbridge( 1204): panel [3840 2160] osd [1920 1080] ratio [2.000000 2.000000]
07-05 20:30:41.777 D/vsyncbridge( 1204): apply ratio, x=836, y=410, width=1632, height=920
