07-05 21:39:48.296 D/PowerManagerService( 1733): acquireWakeLockInternal: lock=113832109, flags=0x1, tag="NetworkStats", ws=null, uid=1000, pid=1733
07-05 21:39:48.296 D/PowerManagerNotifier( 1733): onWakeLockAcquired: flags=1, tag="NetworkStats", packageName=android, ownerUid=1000, ownerPid=1733, workSource=null
07-05 21:39:48.296 D/NtpTrustedTime( 1733): currentTimeMillis() cache hit
07-05 21:39:48.301 V/InputMethodService( 2203): startInput(): editor=android.view.inputmethod.EditorInfo@2f132199
07-05 21:39:48.301 V/InputMethodService( 2203): CALL: onFinishInput
07-05 21:39:48.303 E/SOGOUIME_JNI( 2203): reset
07-05 21:39:48.303 E/SOGOUIME_JNI( 2203): getCandidates
07-05 21:39:48.303 E/SOGOUIME_JNI( 2203): ime_get_uncommitted_length
07-05 21:39:48.303 E/SOGOUIME_JNI( 2203): getCandidates
07-05 21:39:48.303 D/SogouIME API( 2203): ==============num:32
07-05 21:39:48.303 E/SOGOUIME_JNI( 2203): ime_get_uncommitted_length
07-05 21:39:48.303 D/SogouIME( 2203): mFocusedComponent:30   isHkbEnable:false
07-05 21:39:48.303 E/SOGOUIME_JNI( 2203): ime_get_uncommitted_length
07-05 21:39:48.303 E/SOGOUIME_JNI( 2203): ime_get_committed_length
07-05 21:39:48.303 E/SOGOUIME_JNI( 2203): getComposingInfo
07-05 21:39:48.303 E/SOGOUIME_JNI( 2203): getComposingInfo
07-05 21:39:48.304 E/SOGOUIME_JNI( 2203): getCorrectInfo
07-05 21:39:48.304 E/SOGOUIME_JNI( 2203): getComposingInfo
07-05 21:39:48.304 V/InputMethodService( 2203): CALL: onStartInput
07-05 21:39:48.304 E/SOGOUIME_JNI( 2203): invalidateCommitWordPinyinNative
07-05 21:39:48.305 D/SogouIME( 2203): =====configKeyboard=======æ˜¯å¦æœ‰ç¡¬ä»¶ç›˜:false     ç¡¬ä»¶ç›˜æ˜¯å¦ä¸å†éšè—ï¼šfalse
07-05 21:39:48.305 E/SOGOUIME_JNI( 2203): ime_set_hard_kb_enable
07-05 21:39:48.311 D/Carousel-CarouselDisplayPlayerLayout( 4530): HasFocus:true,keyCode:22
07-05 21:39:48.311 D/Carousel-CarouselDisplayPlayerLayout( 4530): isFullScreen:false
07-05 21:39:48.311 D/Carousel-CarouselDisplayPlayerLayout( 4530): isFullScreen:false
07-05 21:39:48.311 I/HomeMainActivity( 4530): carousel handle key:false
07-05 21:39:48.329 D/NtpTrustedTime( 1733): currentTimeMillis() cache hit
07-05 21:39:48.337 D/PowerManagerService( 1733): releaseWakeLockInternal: lock=113832109 [NetworkStats], flags=0x0
07-05 21:39:48.337 D/PowerManagerNotifier( 1733): onWakeLockReleased: flags=1, tag="NetworkStats", packageName=android, ownerUid=1000, ownerPid=1733, workSource=null
07-05 21:39:48.337 D/NtpTrustedTime( 1733): currentTimeMillis() cache hit
07-05 21:39:48.337 D/NtpTrustedTime( 1733): currentTimeMillis() cache hit
07-05 21:39:48.388 I/HeaderTokenManager( 2282): fetchWeatherInfo return HiCloudWeatherInfo:HiCloudWeatherInfo = [æ­å·ž, 47, 25, 01, å¤šäº‘, è¥¿é£Ž, 2, 1]
07-05 21:39:48.397 D/HeaderServiceManager( 2282): notifyWeatherInfoChanged(), weather = HiCloudWeatherInfo = [æ­å·ž, 47, 25, 01, å¤šäº‘, è¥¿é£Ž, 2, 1]
07-05 21:39:48.405 I/HeaderTokenManager( 2282): fetchWeatherForecastInfo
07-05 21:39:48.429 D/HiMarket( 2282): CommonHeader-CommonHeader setWeatherInfo 758 : WeatherCode: 01
07-05 21:39:48.528 I/HeaderTokenManager( 2282): fetchWeatherForecastInfo return HiCloudWeatherForecastInfo:HiCloudWeatherForecastInfo={ mReplyCode = 1,mPublishTime = 201707051800,mCityName = æ­å·ž,mWeatherForecastList = [ Day(null,null,null,null,null,null)Night(25,04,é›·é˜µé›¨,4,å—é£Ž,0)][ Day(34,04,é›·é˜µé›¨,4,å—é£Ž,0)Night(26,01,å¤šäº‘,4,å—é£Ž,0)][ Day(35,01,å¤šäº‘,4,å—é£Ž,0)Night(27,01,å¤šäº‘,4,å—é£Ž,0)][ Day(35,04,é›·é˜µé›¨,4,å—é£Ž,0)Night(27,01,å¤šäº‘,4,å—é£Ž,0)][ Day(34,04,é›·é˜µé›¨,4,å—é£Ž,0)Night(27,01,å¤šäº‘,4,å—é£Ž,0)]}
07-05 21:39:48.535 D/HeaderServiceManager( 2282): notifyWeatherForecastInfoChanged: 0
07-05 21:39:48.563 D/NativeDecimalFormat( 2282): NativeDecimalFormat_close print addr=4000159232
07-05 21:39:48.563 D/NativeDecimalFormat( 2282): NativeDecimalFormat_close print g_addr=4101491712
07-05 21:39:48.567 D/NativeDecimalFormat( 2282): NativeDecimalFormat_close print addr=3997615872
07-05 21:39:48.567 D/NativeDecimalFormat( 2282): NativeDecimalFormat_close print g_addr=4101491712
07-05 21:39:48.569 D/NativeDecimalFormat( 2282): NativeDecimalFormat_close print addr=3764444416
07-05 21:39:48.569 D/NativeDecimalFormat( 2282): NativeDecimalFormat_close print g_addr=4101491712
07-05 21:39:48.749 I/TVMW@HsTvSetting( 1234): Trace cmd, data = 0x1058
07-05 21:39:48.750 D/til@system( 2026): til_get_system_param option:100002F int:0, bool:0, ret:0
07-05 21:39:48.750 I/TVMW@HsTvSetting( 1234): Trace cmd, data = 0x101f
07-05 21:39:48.750 D/til@system( 2026): til_get_system_param option:100001D int:3, bool:3, ret:0
07-05 21:39:48.750 E/til     ( 2026): [til_get_current_input_source, 101] 
07-05 21:39:48.750 I/TVMW@HsTvSetting( 1234): Trace cmd, data = 0x7007
07-05 21:39:48.750 I/tilwrapper@sm( 2026): HS2TIL_SourceType *hs=0xd, *til=0x900
07-05 21:39:48.750 D/til     ( 2026): get current source 2304
07-05 21:39:48.750 D/SourceRemoteServiceHandler( 2026): getCurrentInputSource.from.til.result is 0, value is 2304
07-05 21:39:48.751 D/SourceRemoteServiceHandler( 2026): getInputSourceType source: 0x900, type=2304
07-05 21:39:48.751 D/til     ( 2026): ###### func:til_get_picture_param option:0x3000006 ######  
07-05 21:39:48.751 I/TVMW@HsTvSetting( 1234): Trace cmd, data = 0x1003
07-05 21:39:48.751 I/TVMW@HsTvSetting( 1234): Trace cmd, data = 0x8032
07-05 21:39:48.751 I/hstvos  ( 1216): [0m[1;33m[HSHAL][HS_VIDEO][HS_HAL_Video_SetOsdDetect_v2][2389]u16Threshold = 20
07-05 21:39:48.757 E/TVMW@videoctrl( 1234):  getOsd is 1
07-05 21:39:48.757 D/til@system( 2026): til_get_system_param option:1000027 int:1, bool:1, ret:0
07-05 21:39:48.757 D/til     ( 2026): ###### func:til_get_picture_param option:0x3000045 ######  
07-05 21:39:48.759 I/TVMW@HsTvSetting( 1234): Trace cmd, data = 0x300c
07-05 21:39:48.759 I/TVMW@HsTvSetting( 1234): Trace 3d, data = 0x300c
07-05 21:39:48.759 I/TVMW@3d ( 1234): Hs_debug3d_trace: func:get3dStatus, line:109
07-05 21:39:48.831 I/MyFragmentStateAdapter( 4530): getCount
07-05 21:39:48.903 I/MyFragmentStateAdapter( 4530): getCount
07-05 21:39:48.952 I/MyFragmentStateAdapter( 4530): getCount
07-05 21:39:49.002 I/MyFragmentStateAdapter( 4530): getCount
07-05 21:39:49.033 I/NetflixMonitorService( 1733): current fgapk : com.hisense.hicloud.edca
07-05 21:39:49.034 I/NetflixMonitorService( 1733): Netflix status unchanged
07-05 21:39:49.043 D/MyLocalStartService(16899): currentName is :com.hisense.hicloud.edca
07-05 21:39:49.075 I/MyFragmentStateAdapter( 4530): getCount
07-05 21:39:49.103 D/MSTAR_VDEC_DBG( 1206): Stream ID: 0, Rate : 24 (E:0,D:0,S:0,F:125) 
07-05 21:39:49.127 I/MyFragmentStateAdapter( 4530): getCount
07-05 21:39:49.160 I/TVMW@devctrl( 1234): wdt
07-05 21:39:49.175 D/PowerManagerService( 1733): acquireWakeLockInternal: lock=113832109, flags=0x1, tag="NetworkStats", ws=null, uid=1000, pid=1733
07-05 21:39:49.175 D/PowerManagerNotifier( 1733): onWakeLockAcquired: flags=1, tag="NetworkStats", packageName=android, ownerUid=1000, ownerPid=1733, workSource=null
07-05 21:39:49.175 D/NtpTrustedTime( 1733): currentTimeMillis() cache hit
07-05 21:39:49.185 I/MyFragmentStateAdapter( 4530): getCount
07-05 21:39:49.186 D/NtpTrustedTime( 1733): currentTimeMillis() cache hit
07-05 21:39:49.195 D/PowerManagerService( 1733): releaseWakeLockInternal: lock=113832109 [NetworkStats], flags=0x0
07-05 21:39:49.196 D/PowerManagerNotifier( 1733): onWakeLockReleased: flags=1, tag="NetworkStats", packageName=android, ownerUid=1000, ownerPid=1733, workSource=null
07-05 21:39:49.196 D/NtpTrustedTime( 1733): currentTimeMillis() cache hit
07-05 21:39:49.196 D/NtpTrustedTime( 1733): currentTimeMillis() cache hit
07-05 21:39:49.218 E/btif_config( 2964): [btif_config_get] node is TRUE!
07-05 21:39:49.218 E/btif_config( 2964): [btif_config_get] ret is TRUE!
07-05 21:39:49.252 I/MyFragmentStateAdapter( 4530): getCount
07-05 21:39:49.260 I/TVMW@HsTvSetting( 1234): Trace cmd, data = 0x1058
07-05 21:39:49.262 D/til@system( 2026): til_get_system_param option:100002F int:0, bool:0, ret:0
07-05 21:39:49.263 I/TVMW@HsTvSetting( 1234): Trace cmd, data = 0x101f
07-05 21:39:49.263 D/til@system( 2026): til_get_system_param option:100001D int:3, bool:3, ret:0
07-05 21:39:49.263 E/til     ( 2026): [til_get_current_input_source, 101] 
07-05 21:39:49.263 I/TVMW@HsTvSetting( 1234): Trace cmd, data = 0x7007
07-05 21:39:49.263 I/tilwrapper@sm( 2026): HS2TIL_SourceType *hs=0xd, *til=0x900
07-05 21:39:49.263 D/til     ( 2026): get current source 2304
07-05 21:39:49.263 D/SourceRemoteServiceHandler( 2026): getCurrentInputSource.from.til.result is 0, value is 2304
07-05 21:39:49.263 D/SourceRemoteServiceHandler( 2026): getInputSourceType source: 0x900, type=2304
07-05 21:39:49.264 D/til     ( 2026): ###### func:til_get_picture_param option:0x3000006 ######  
07-05 21:39:49.264 I/TVMW@HsTvSetting( 1234): Trace cmd, data = 0x1003
07-05 21:39:49.264 I/TVMW@HsTvSetting( 1234): Trace cmd, data = 0x8032
07-05 21:39:49.265 I/hstvos  ( 1216): [0m[1;33m[HSHAL][HS_VIDEO][HS_HAL_Video_SetOsdDetect_v2][2389]u16Threshold = 20
07-05 21:39:49.267 E/TVMW@videoctrl( 1234):  getOsd is 1
07-05 21:39:49.267 D/til@system( 2026): til_get_system_param option:1000027 int:1, bool:1, ret:0
07-05 21:39:49.267 D/til     ( 2026): ###### func:til_get_picture_param option:0x3000045 ######  
07-05 21:39:49.268 I/TVMW@HsTvSetting( 1234): Trace cmd, data = 0x300c
07-05 21:39:49.268 I/TVMW@HsTvSetting( 1234): Trace 3d, data = 0x300c
07-05 21:39:49.268 I/TVMW@3d ( 1234): Hs_debug3d_trace: func:get3dStatus, line:109
07-05 21:39:49.322 I/MyFragmentStateAdapter( 4530): getCount
07-05 21:39:49.335 D/GlobalInputEventMonitoringService( 1733): interceptKeyBeforeQueueing(), event:20, mNeedMonitorKeyEvent:true, mWaitForKeyUpEvent:false
07-05 21:39:49.335 D/GlobalInputEventMonitoringService( 1733): processKeyEvent(), processKeyEvent event:20
07-05 21:39:49.335 D/WindowManager( 1733): interceptKeyTq keycode=20 interactive=true keyguardActive=false policyFlags=2b000000 isCancled= false
07-05 21:39:49.336 D/PowerManagerService( 1733): userActivityNoUpdateLocked: eventTime=10830904, event=1, flags=0x0, uid=1000
07-05 21:39:49.336 D/WindowManager( 1733): interceptKeyTi keyCode=20 down=true repeatCount=0 keyguardOn=false mHomePressed=false canceled=false
07-05 21:39:49.336 D/WindowManager( 1733): Hisense systemkey event: 20
07-05 21:39:49.336 D/HisenseGlobalKeyManager( 1733): handleGlobalKey() : Global event = KeyEvent { action=ACTION_DOWN, keyCode=KEYCODE_DPAD_DOWN, scanCode=0, metaState=0, flags=0x0, repeatCount=0, eventTime=10830904, downTime=10830904, deviceId=-1, source=0x101 }
07-05 21:39:49.366 D/SogouIME( 2203): [onKeyDown] keycode = 20 model = VIDAA_TV
07-05 21:39:49.368 D/Carousel-CarouselDisplayPlayerLayout( 4530): HasFocus:true,keyCode:20
07-05 21:39:49.368 D/Carousel-CarouselDisplayPlayerLayout( 4530): isFullScreen:false
07-05 21:39:49.368 D/Carousel-CarouselDisplayPlayerLayout( 4530): isFullScreen:false
07-05 21:39:49.368 I/HomeMainActivity( 4530): carousel handle key:false
07-05 21:39:49.368 I/MainHomeView( 4530): dispatchKeyEvent ACTION_DOWN now 
07-05 21:39:49.369 D/Carousel-CarouselDisplayPicLayout( 4530): keyCode=20
07-05 21:39:49.369 I/FirstLineAdapter( 4530): onCarouselKeyDown: output=true,event=KeyEvent { action=ACTION_DOWN, keyCode=KEYCODE_DPAD_DOWN, scanCode=0, metaState=0, flags=0x0, repeatCount=0, eventTime=10830904, downTime=10830904, deviceId=-1, source=0x101 }
07-05 21:39:49.369 I/HomeMainActivity( 4530): onKeyDown is 20
07-05 21:39:49.369 I/BaseContentFragment( 4530): setRowViewSelectedViewHolder{fa156e8 position=1 id=-1, oldPos=-1, pLpos:-1},isSelectedfalse
07-05 21:39:49.369 I/BaseContentFragment( 4530): setRowViewSelectedViewHolder{1e86cc81 position=2 id=-1, oldPos=-1, pLpos:-1},isSelectedtrue
07-05 21:39:49.372 I/RoleContentFragment( 4530): onChildSelected:2,lastPos=1
07-05 21:39:49.373 I/CurrentCarouselView( 4530): onCarouseControlCarouselControlBean{mShoudScroll=false, mActivityHasResume=false, mActivityHasStop=false, mHasTurnGone=false, mHasTurnVisible=false, mChannelId=0, mSlideOffset=0.0, mShouldSelectCenter=false, mTabOpen=false, mHoriPosStatus=None, mVerPosStatus=Out, mLevelStatus=None},isPlayingtrue,channelId=0
07-05 21:39:49.373 I/CurrentCarouselView( 4530): is the current page
07-05 21:39:49.373 I/CurrentCarouselView( 4530): stopPlay
07-05 21:39:49.378 D/Carousel-CarouselView( 4530): ============>onFocusChange=false
07-05 21:39:49.379 D/Carousel-CarouselDisplayPlayerLayout( 4530): isFullScreen:false
07-05 21:39:49.379 D/Carousel-CarouselView( 4530): isFullScreen:false,hasFocus:false
07-05 21:39:49.379 D/Carousel-CarouselView( 4530): ============>offset=-1518
07-05 21:39:49.379 D/Carousel-CarouselDisplayPlayerLayout( 4530): showPlayerWindowTip showable:false
07-05 21:39:49.387 I/ContentBridgeAdapterListener( 4530): onAddPresenter 3
07-05 21:39:49.389 D/GlobalInputEventMonitoringService( 1733): interceptKeyBeforeQueueing(), event:20, mNeedMonitorKeyEvent:true, mWaitForKeyUpEvent:false
07-05 21:39:49.389 D/GlobalInputEventMonitoringService( 1733): processKeyEvent(), processKeyEvent event:20
07-05 21:39:49.389 D/WindowManager( 1733): interceptKeyTq keycode=20 interactive=true keyguardActive=false policyFlags=2b000000 isCancled= false
07-05 21:39:49.390 D/WindowManager( 1733): interceptKeyTi keyCode=20 down=false repeatCount=0 keyguardOn=false mHomePressed=false canceled=false
07-05 21:39:49.390 D/WindowManager( 1733): Hisense systemkey event: 20
07-05 21:39:49.390 D/HisenseGlobalKeyManager( 1733): handleGlobalKey() : Global event = KeyEvent { action=ACTION_UP, keyCode=KEYCODE_DPAD_DOWN, scanCode=0, metaState=0, flags=0x0, repeatCount=0, eventTime=10830904, downTime=10830904, deviceId=-1, source=0x101 }
07-05 21:39:49.407 I/ContentBridgeAdapterListener( 4530): onCreate ViewHolder{2c90c3a7 position=-1 id=-1, oldPos=-1, pLpos:-1 unbound no parent}
07-05 21:39:49.408 I/BaseContentFragment( 4530): setUpSharedViewPoolViewHolder{2c90c3a7 position=-1 id=-1, oldPos=-1, pLpos:-1 unbound no parent}
07-05 21:39:49.408 I/BaseContentFragment( 4530): share view pool
07-05 21:39:49.408 I/BaseContentFragment( 4530): setRowViewSelectedViewHolder{2c90c3a7 position=-1 id=-1, oldPos=-1, pLpos:-1 unbound no parent},isSelectedfalse
07-05 21:39:49.409 I/head    ( 4530): item=com.hisense.tvui.newhome.presenter.TwoLineListRow@f6a6054
07-05 21:39:49.409 I/ContentBridgeAdapterListener( 4530): onBind 
07-05 21:39:49.409 I/ContentBridgeAdapterListener( 4530): onAttachedToWindow ViewHolder{2c90c3a7 position=3 id=-1, oldPos=-1, pLpos:-1}
07-05 21:39:49.421 I/CardSelectionPresenter( 4530): onCreateViewHoldercom.hisense.leanback.widget.HorizontalGridView{e9ccbfd VFE..... ......I. 0,0-0,0 #7f0d038e app:id/row_content}
07-05 21:39:49.433 I/CardSelectionPresenter( 4530): onBindViewHolder
07-05 21:39:49.433 D/sloven  ( 4530): 1002---true
07-05 21:39:49.434 I/CardSelectionPresenter( 4530): width=390,height=220
07-05 21:39:49.468 D/hailongqiu( 4530): hailongqiu position:0
07-05 21:39:49.470 I/CardSelectionPresenter( 4530): onCreateViewHoldercom.hisense.leanback.widget.HorizontalGridView{e9ccbfd VFE..... ......ID 0,0-1738,588 #7f0d038e app:id/row_content}
07-05 21:39:49.480 I/CardSelectionPresenter( 4530): onBindViewHolder
07-05 21:39:49.480 D/sloven  ( 4530): 1002---true
07-05 21:39:49.480 I/CardSelectionPresenter( 4530): width=390,height=220
07-05 21:39:49.489 I/CardSelectionPresenter( 4530): onCreateViewHoldercom.hisense.leanback.widget.HorizontalGridView{e9ccbfd VFE..... ......ID 0,0-1738,588 #7f0d038e app:id/row_content}
07-05 21:39:49.502 I/CardSelectionPresenter( 4530): onBindViewHolder
07-05 21:39:49.502 D/sloven  ( 4530): 1002---true
07-05 21:39:49.505 I/CardSelectionPresenter( 4530): width=400,height=220
07-05 21:39:49.508 I/CardSelectionPresenter( 4530): onCreateViewHoldercom.hisense.leanback.widget.HorizontalGridView{e9ccbfd VFE..... ......ID 0,0-1738,588 #7f0d038e app:id/row_content}
07-05 21:39:49.514 I/CardSelectionPresenter( 4530): onBindViewHolder
07-05 21:39:49.514 D/sloven  ( 4530): 1002---true
07-05 21:39:49.514 I/CardSelectionPresenter( 4530): width=400,height=220
07-05 21:39:49.517 I/CardSelectionPresenter( 4530): onCreateViewHoldercom.hisense.leanback.widget.HorizontalGridView{e9ccbfd VFE..... ......ID 0,0-1738,588 #7f0d038e app:id/row_content}
07-05 21:39:49.529 I/CardSelectionPresenter( 4530): onBindViewHolder
07-05 21:39:49.529 D/sloven  ( 4530): 1002---true
07-05 21:39:49.529 I/CardSelectionPresenter( 4530): width=400,height=220
07-05 21:39:49.533 I/CardSelectionPresenter( 4530): onCreateViewHoldercom.hisense.leanback.widget.HorizontalGridView{e9ccbfd VFE..... ......ID 0,0-1738,588 #7f0d038e app:id/row_content}
07-05 21:39:49.539 I/CardSelectionPresenter( 4530): onBindViewHolder
07-05 21:39:49.539 D/sloven  ( 4530): 1002---true
07-05 21:39:49.539 I/CardSelectionPresenter( 4530): width=400,height=220
07-05 21:39:49.542 I/CardSelectionPresenter( 4530): onCreateViewHoldercom.hisense.leanback.widget.HorizontalGridView{e9ccbfd VFE..... ......ID 0,0-1738,588 #7f0d038e app:id/row_content}
07-05 21:39:49.548 I/CardSelectionPresenter( 4530): onBindViewHolder
07-05 21:39:49.548 D/sloven  ( 4530): 2005---false
07-05 21:39:49.548 D/sloven  ( 4530): 2005ä¸“é¢˜
07-05 21:39:49.549 I/CardSelectionPresenter( 4530): width=400,height=220
07-05 21:39:49.551 I/CardSelectionPresenter( 4530): onCreateViewHoldercom.hisense.leanback.widget.HorizontalGridView{e9ccbfd VFE..... ......ID 0,0-1738,588 #7f0d038e app:id/row_content}
07-05 21:39:49.557 I/CardSelectionPresenter( 4530): onBindViewHolder
07-05 21:39:49.557 D/sloven  ( 4530): 2005---false
07-05 21:39:49.557 D/sloven  ( 4530): 2005ä¸“é¢˜
07-05 21:39:49.558 I/CardSelectionPresenter( 4530): width=400,height=220
07-05 21:39:49.561 I/CardSelectionPresenter( 4530): onCreateViewHoldercom.hisense.leanback.widget.HorizontalGridView{e9ccbfd VFE..... ......ID 0,0-1738,588 #7f0d038e app:id/row_content}
07-05 21:39:49.571 I/CardSelectionPresenter( 4530): onBindViewHolder
07-05 21:39:49.571 D/sloven  ( 4530): 2005---false
07-05 21:39:49.571 D/sloven  ( 4530): 2005ä¸“é¢˜
07-05 21:39:49.572 I/CardSelectionPresenter( 4530): width=400,height=220
07-05 21:39:49.576 I/CardSelectionPresenter( 4530): onCreateViewHoldercom.hisense.leanback.widget.HorizontalGridView{e9ccbfd VFE..... ......ID 0,0-1738,588 #7f0d038e app:id/row_content}
07-05 21:39:49.582 I/CardSelectionPresenter( 4530): onBindViewHolder
07-05 21:39:49.582 D/sloven  ( 4530): 2005---false
07-05 21:39:49.582 D/sloven  ( 4530): 2005ä¸“é¢˜
07-05 21:39:49.583 I/CardSelectionPresenter( 4530): width=400,height=220
07-05 21:39:49.587 I/MyFragmentStateAdapter( 4530): getCount
07-05 21:39:49.587 I/MyFragmentStateAdapter( 4530): getCount
07-05 21:39:49.587 I/MyFragmentStateAdapter( 4530): getCount
07-05 21:39:49.587 I/MyFragmentStateAdapter( 4530): getCount
07-05 21:39:49.588 I/FirstLineAdapter( 4530): canShowTrailer,isOffline=false
07-05 21:39:49.588 I/FirstLineAdapter( 4530): canShowTrailer,isOffline=false
07-05 21:39:49.588 I/FirstLineAdapter( 4530): canShowTrailer,isOffline=false
07-05 21:39:49.588 I/FirstLineAdapter( 4530): canShowTrailer,isOffline=false
07-05 21:39:49.588 I/FirstLineAdapter( 4530): canShowTrailer,isOffline=false
07-05 21:39:49.588 I/FirstLineAdapter( 4530): canShowTrailer,isOffline=false
07-05 21:39:49.589 I/FirstLineAdapter( 4530): canShowTrailer,isOffline=false
07-05 21:39:49.589 I/FirstLineAdapter( 4530): canShowTrailer,isOffline=false
07-05 21:39:49.589 I/FirstLineAdapter( 4530): canShowTrailer,isOffline=false
07-05 21:39:49.595 D/Carousel-CarouselView( 4530): ============>onScrollChanged hashCode:659311542
07-05 21:39:49.595 D/Carousel-CarouselDisplayPlayerLayout( 4530): isFullScreen:false
07-05 21:39:49.613 W/PluginHelper( 3457): handleMessage<<(msg={ when=-103ms what=1 target=com.qiyi.sdk.plugin.server.core.PluginHelper$TimerHandler })
07-05 21:39:49.618 W/StorageManager( 3457): loadLastUpgradeTime<<()
07-05 21:39:49.618 W/StorageStub@2c98cfde( 3457): loadLastUpgradeTime<<()
07-05 21:39:49.618 W/StorageStub@2c98cfde( 3457): loadLastUpgradeTime>>() return 1499235371127
07-05 21:39:49.618 W/StorageManager( 3457): loadLastUpgradeTime>>()
07-05 21:39:49.619 W/PluginDebugUtils( 3457): needDebug<<(key=upgradeIntervalDebug)
07-05 21:39:49.622 I/MyFragmentStateAdapter( 4530): getCount
07-05 21:39:49.624 W/PluginDebugUtils( 3457): needDebug() returns false
07-05 21:39:49.624 W/PluginPropertyConfig( 3457): getUpgradeInterval() return 86400000
07-05 21:39:49.624 W/PluginPropertyConfig( 3457): autoUpgrade() return true
07-05 21:39:49.625 W/PluginHelper( 3457): handleMessage...(realInterval=26618491, minInterval=86400000, autoUpgrade=true)
07-05 21:39:49.625 W/PluginHelper( 3457): handleMessage>>()
07-05 21:39:49.631 I/MyFragmentStateAdapter( 4530): getCount
07-05 21:39:49.656 D/Carousel-CarouselDisplayPlayerLayout( 4530): HasFocus:false,keyCode:20
07-05 21:39:49.656 D/Carousel-CarouselDisplayPlayerLayout( 4530): isFullScreen:false
07-05 21:39:49.656 I/HomeMainActivity( 4530): carousel handle key:false
07-05 21:39:49.656 D/Carousel-CarouselView( 4530): setPosterAndStopPlay! hashCode=659311542, sWorkingHashCode=659311542
07-05 21:39:49.657 D/Carousel-CarouselDisplayPlayerLayout( 4530): isFullScreen:false
07-05 21:39:49.657 D/Carousel-Utils( 4530): displayImage view=android.widget.ImageView{2f6d578d G.ED.... ........ 0,0-816,460 #7f0d0029 app:id/imageView1}
07-05 21:39:49.657 D/Carousel-Utils( 4530): displayImage url=http://picture.edu.hismarttv.com/images/20170629010146422927.jpg
07-05 21:39:49.657 D/Carousel-Utils( 4530): onResourceReady.
07-05 21:39:49.659 D/Carousel-Utils( 4530): displayImage view=android.widget.ImageView{34ab9368 G.ED.... ........ 0,0-816,460 #7f0d0029 app:id/imageView1}
07-05 21:39:49.659 D/Carousel-Utils( 4530): displayImage url=http://picture.edu.hismarttv.com/images/20170629010146422927.jpg
07-05 21:39:49.660 D/Carousel-Utils( 4530): onResourceReady.
07-05 21:39:49.661 D/Carousel-CarouselDisplayPlayerLayout( 4530): isFullScreen:false
07-05 21:39:49.669 I/ContentBridgeAdapterListener( 4530): onDetachedFromWindow ViewHolder{3a835915 position=0 id=-1, oldPos=-1, pLpos:-1}
07-05 21:39:49.671 I/MyFragmentStateAdapter( 4530): getCount
07-05 21:39:49.671 I/MyFragmentStateAdapter( 4530): getCount
07-05 21:39:49.671 I/MyFragmentStateAdapter( 4530): getCount
07-05 21:39:49.671 I/MyFragmentStateAdapter( 4530): getCount
07-05 21:39:49.671 V/InputMethodService( 2203): startInput(): editor=android.view.inputmethod.EditorInfo@34b81c5e
07-05 21:39:49.671 V/InputMethodService( 2203): CALL: onFinishInput
07-05 21:39:49.674 D/Surface ( 1733): onStatusChange() : mNativeObject = 547819086848 mUseImageHwRender = false
07-05 21:39:49.674 V/Surface ( 1733): nativeSetHardwareRender() : status = 0
07-05 21:39:49.674 V/Surface ( 1733): nativeSetHardwareRender() : end
07-05 21:39:49.675 E/SOGOUIME_JNI( 2203): reset
07-05 21:39:49.675 E/SOGOUIME_JNI( 2203): getCandidates
07-05 21:39:49.675 E/SOGOUIME_JNI( 2203): ime_get_uncommitted_length
07-05 21:39:49.675 E/SOGOUIME_JNI( 2203): getCandidates
07-05 21:39:49.675 D/SogouIME API( 2203): ==============num:32
07-05 21:39:49.675 E/SOGOUIME_JNI( 2203): ime_get_uncommitted_length
07-05 21:39:49.675 D/SogouIME( 2203): mFocusedComponent:30   isHkbEnable:false
07-05 21:39:49.675 E/SOGOUIME_JNI( 2203): ime_get_uncommitted_length
07-05 21:39:49.675 E/SOGOUIME_JNI( 2203): ime_get_committed_length
07-05 21:39:49.675 E/SOGOUIME_JNI( 2203): getComposingInfo
07-05 21:39:49.675 E/SOGOUIME_JNI( 2203): getComposingInfo
07-05 21:39:49.675 E/SOGOUIME_JNI( 2203): getCorrectInfo
07-05 21:39:49.675 E/SOGOUIME_JNI( 2203): getComposingInfo
07-05 21:39:49.676 D/PowerManagerService( 1733): releaseWakeLockInternal: lock=487931605 [WindowManager], flags=0x0
07-05 21:39:49.676 D/PowerManagerNotifier( 1733): onWakeLockReleased: flags=536870922, tag="WindowManager", packageName=android, ownerUid=1000, ownerPid=1733, workSource=WorkSource{10010}
07-05 21:39:49.677 V/InputMethodService( 2203): CALL: onStartInput
07-05 21:39:49.677 D/PowerManagerService( 1733): userActivityNoUpdateLocked: eventTime=10831248, event=0, flags=0x1, uid=1000
07-05 21:39:49.677 D/PowerManagerService( 1733): setScreenBrightnessOverrideFromWindowManagerInternal done
07-05 21:39:49.677 E/SOGOUIME_JNI( 2203): invalidateCommitWordPinyinNative
07-05 21:39:49.677 D/SogouIME( 2203): =====configKeyboard=======æ˜¯å¦æœ‰ç¡¬ä»¶ç›˜:false     ç¡¬ä»¶ç›˜æ˜¯å¦ä¸å†éšè—ï¼šfalse
07-05 21:39:49.677 E/SOGOUIME_JNI( 2203): ime_set_hard_kb_enable
07-05 21:39:49.684 D/Surface ( 1733): onStatusChange() : mNativeObject = 0 mUseImageHwRender = false
07-05 21:39:49.685 I/FirstLineAdapter( 4530): canShowTrailer,isOffline=false
07-05 21:39:49.685 I/FirstLineAdapter( 4530): canShowTrailer,isOffline=false
07-05 21:39:49.685 I/FirstLineAdapter( 4530): canShowTrailer,isOffline=false
07-05 21:39:49.685 I/FirstLineAdapter( 4530): canShowTrailer,isOffline=false
07-05 21:39:49.685 I/FirstLineAdapter( 4530): canShowTrailer,isOffline=false
07-05 21:39:49.685 I/FirstLineAdapter( 4530): canShowTrailer,isOffline=false
07-05 21:39:49.685 I/FirstLineAdapter( 4530): canShowTrailer,isOffline=false
07-05 21:39:49.685 I/FirstLineAdapter( 4530): canShowTrailer,isOffline=false
07-05 21:39:49.685 I/FirstLineAdapter( 4530): canShowTrailer,isOffline=false
07-05 21:39:49.694 D/Carousel-CarouselView( 4530): ============>onScrollChanged hashCode:659311542
07-05 21:39:49.694 D/Carousel-CarouselDisplayPlayerLayout( 4530): isFullScreen:false
07-05 21:39:49.697 I/MyFragmentStateAdapter( 4530): getCount
07-05 21:39:49.701 D/Carousel-CarouselDisplayPlayerLayout( 4530): x=380, y=-185,w=892,h=536, hashCode=509329511
07-05 21:39:49.702 D/Carousel-CarouselDisplayPlayerLayout( 4530): mX=380, mY=167,mWitdh=892,mHeight=536, hashCode=509329511
07-05 21:39:49.702 D/Carousel-CarouselDisplayPlayerLayout( 4530): changed=true, hashCode=509329511
07-05 21:39:49.702 D/Carousel-Utils( 4530): x=380,y=-185, width=892,height=536
07-05 21:39:49.702 D/Carousel-CarouselView( 4530): onWindowOutScreen!
07-05 21:39:49.702 D/Carousel-CarouselView( 4530): OnScrollStart DisplayPlayerLayout isnot shown return.
07-05 21:39:49.768 I/TVMW@HsTvSetting( 1234): Trace cmd, data = 0x1058
07-05 21:39:49.779 D/til@system( 2026): til_get_system_param option:100002F int:0, bool:0, ret:0
07-05 21:39:49.780 I/TVMW@HsTvSetting( 1234): Trace cmd, data = 0x101f
07-05 21:39:49.781 D/til@system( 2026): til_get_system_param option:100001D int:3, bool:3, ret:0
07-05 21:39:49.781 E/til     ( 2026): [til_get_current_input_source, 101] 
07-05 21:39:49.781 I/TVMW@HsTvSetting( 1234): Trace cmd, data = 0x7007
07-05 21:39:49.781 I/tilwrapper@sm( 2026): HS2TIL_SourceType *hs=0xd, *til=0x900
07-05 21:39:49.781 D/til     ( 2026): get current source 2304
07-05 21:39:49.782 D/SourceRemoteServiceHandler( 2026): getCurrentInputSource.from.til.result is 0, value is 2304
07-05 21:39:49.782 D/SourceRemoteServiceHandler( 2026): getInputSourceType source: 0x900, type=2304
07-05 21:39:49.782 D/til     ( 2026): ###### func:til_get_picture_param option:0x3000006 ######  
07-05 21:39:49.782 I/TVMW@HsTvSetting( 1234): Trace cmd, data = 0x1003
07-05 21:39:49.788 I/TVMW@HsTvSetting( 1234): Trace cmd, data = 0x8032
07-05 21:39:49.788 I/hstvos  ( 1216): [0m[1;33m[HSHAL][HS_VIDEO][HS_HAL_Video_SetOsdDetect_v2][2389]u16Threshold = 20
07-05 21:39:49.790 E/TVMW@videoctrl( 1234):  getOsd is 1
07-05 21:39:49.792 D/til@system( 2026): til_get_system_param option:1000027 int:1, bool:1, ret:0
07-05 21:39:49.792 D/til     ( 2026): ###### func:til_get_picture_param option:0x3000045 ######  
07-05 21:39:49.793 I/TVMW@HsTvSetting( 1234): Trace cmd, data = 0x300c
07-05 21:39:49.793 I/TVMW@HsTvSetting( 1234): Trace 3d, data = 0x300c
07-05 21:39:49.793 I/TVMW@3d ( 1234): Hs_debug3d_trace: func:get3dStatus, line:109
07-05 21:39:49.821 D/Carousel-CarouselDisplayPlayerLayout( 4530): x=380, y=-185,w=892,h=536, hashCode=509329511
07-05 21:39:49.821 D/Carousel-CarouselDisplayPlayerLayout( 4530): mX=380, mY=-185,mWitdh=892,mHeight=536, hashCode=509329511
07-05 21:39:49.821 D/Carousel-CarouselDisplayPlayerLayout( 4530): changed=false, hashCode=509329511
07-05 21:39:49.821 D/Carousel-CarouselDisplayPlayerLayout( 4530): extraTryCount=0
07-05 21:39:49.821 D/Carousel-CarouselView( 4530): setPosterAndStopPlay! hashCode=659311542, sWorkingHashCode=659311542
07-05 21:39:49.821 D/Carousel-CarouselDisplayPlayerLayout( 4530): isFullScreen:false
07-05 21:39:49.822 D/Carousel-Utils( 4530): displayImage view=android.widget.ImageView{2f6d578d V.ED.... ........ 0,0-816,460 #7f0d0029 app:id/imageView1}
07-05 21:39:49.822 D/Carousel-Utils( 4530): displayImage url=http://picture.edu.hismarttv.com/images/20170629010146422927.jpg
07-05 21:39:49.822 D/Carousel-Utils( 4530): onResourceReady.
07-05 21:39:49.822 D/Carousel-Utils( 4530): displayImage view=android.widget.ImageView{34ab9368 V.ED.... ......ID 0,0-816,460 #7f0d0029 app:id/imageView1}
07-05 21:39:49.822 D/Carousel-Utils( 4530): displayImage url=http://picture.edu.hismarttv.com/images/20170629010146422927.jpg
07-05 21:39:49.823 D/Carousel-Utils( 4530): onResourceReady.
07-05 21:39:49.823 D/Carousel-CarouselDisplayPlayerLayout( 4530): isFullScreen:false
07-05 21:39:49.823 D/Carousel-CarouselDisplayPlayerLayout( 4530): x=380, y=-185,w=892,h=536, hashCode=509329511
07-05 21:39:49.823 D/Carousel-CarouselDisplayPlayerLayout( 4530): mX=380, mY=-185,mWitdh=892,mHeight=536, hashCode=509329511
07-05 21:39:49.823 D/Carousel-CarouselDisplayPlayerLayout( 4530): changed=false, hashCode=509329511
07-05 21:39:49.823 D/Carousel-CarouselDisplayPlayerLayout( 4530): extraTryCount=1
07-05 21:39:49.846 D/CardItemView( 4530): handleFocus subtile===>:
07-05 21:39:49.849 I/MyFragmentStateAdapter( 4530): getCount
07-05 21:39:49.849 I/MyFragmentStateAdapter( 4530): getCount
07-05 21:39:49.849 I/MyFragmentStateAdapter( 4530): getCount
07-05 21:39:49.849 I/MyFragmentStateAdapter( 4530): getCount
07-05 21:39:49.850 I/FirstLineAdapter( 4530): canShowTrailer,isOffline=false
07-05 21:39:49.850 I/FirstLineAdapter( 4530): canShowTrailer,isOffline=false
07-05 21:39:49.850 I/FirstLineAdapter( 4530): canShowTrailer,isOffline=false
07-05 21:39:49.850 I/FirstLineAdapter( 4530): canShowTrailer,isOffline=false
07-05 21:39:49.850 I/FirstLineAdapter( 4530): canShowTrailer,isOffline=false
07-05 21:39:49.850 I/FirstLineAdapter( 4530): canShowTrailer,isOffline=false
07-05 21:39:49.850 I/FirstLineAdapter( 4530): canShowTrailer,isOffline=false
07-05 21:39:49.851 I/FirstLineAdapter( 4530): canShowTrailer,isOffline=false
07-05 21:39:49.851 I/FirstLineAdapter( 4530): canShowTrailer,isOffline=false
07-05 21:39:49.852 D/HttpHandler( 4530): VerifySignInterCeptor-->request.url()=http://picture.edu.hismarttv.com/images/
07-05 21:39:49.852 D/HttpHandler( 4530): VerifySignInterCeptor-->hostname=picture.edu.hismarttv.com
07-05 21:39:49.858 D/HttpHandler( 4530): VerifySignInterCeptor-->request.url()=http://picture.edu.hismarttv.com/images/20170628233313068112.jpg
07-05 21:39:49.859 D/HttpHandler( 4530): VerifySignInterCeptor-->request.url()=http://picture.edu.hismarttv.com/images/20170629/20161111081033896636.jpg
07-05 21:39:49.859 D/HttpHandler( 4530): VerifySignInterCeptor-->hostname=picture.edu.hismarttv.com
07-05 21:39:49.859 D/HttpHandler( 4530): VerifySignInterCeptor-->request.url()=http://picture.edu.hismarttv.com/images/20170630060711088714.jpg
07-05 21:39:49.859 D/HttpHandler( 4530): VerifySignInterCeptor-->hostname=picture.edu.hismarttv.com
07-05 21:39:49.861 D/OkHttp  ( 4530): --> GET http://picture.edu.hismarttv.com/images/ http/1.1
07-05 21:39:49.861 D/OkHttp  ( 4530): Host: picture.edu.hismarttv.com
07-05 21:39:49.861 D/OkHttp  ( 4530): Connection: Keep-Alive
07-05 21:39:49.861 D/OkHttp  ( 4530): Accept-Encoding: gzip
07-05 21:39:49.861 D/OkHttp  ( 4530): User-Agent: okhttp/3.6.0
07-05 21:39:49.861 D/OkHttp  ( 4530): --> END GET
07-05 21:39:49.862 D/HttpHandler( 4530): VerifySignInterCeptor-->hostname=picture.edu.hismarttv.com
07-05 21:39:49.863 D/OkHttp  ( 4530): --> GET http://picture.edu.hismarttv.com/images/20170628233313068112.jpg http/1.1
07-05 21:39:49.865 D/OkHttp  ( 4530): --> GET http://picture.edu.hismarttv.com/images/20170630060711088714.jpg http/1.1
07-05 21:39:49.865 D/OkHttp  ( 4530): Host: picture.edu.hismarttv.com
07-05 21:39:49.865 D/OkHttp  ( 4530): Connection: Keep-Alive
07-05 21:39:49.865 D/OkHttp  ( 4530): Accept-Encoding: gzip
07-05 21:39:49.864 D/OkHttp  ( 4530): Host: picture.edu.hismarttv.com
07-05 21:39:49.865 D/OkHttp  ( 4530): Connection: Keep-Alive
07-05 21:39:49.865 D/OkHttp  ( 4530): Accept-Encoding: gzip
07-05 21:39:49.865 D/OkHttp  ( 4530): User-Agent: okhttp/3.6.0
07-05 21:39:49.865 D/OkHttp  ( 4530): --> END GET
07-05 21:39:49.871 I/MyFragmentStateAdapter( 4530): getCount
07-05 21:39:49.876 D/HttpHandler( 4530): HttpDNS-->hostname=picture.edu.hismarttv.com
07-05 21:39:49.877 D/Carousel-CarouselDisplayPlayerLayout( 4530): x=380, y=-185,w=892,h=536, hashCode=509329511
07-05 21:39:49.877 D/Carousel-CarouselDisplayPlayerLayout( 4530): mX=380, mY=-185,mWitdh=892,mHeight=536, hashCode=509329511
07-05 21:39:49.877 D/Carousel-CarouselDisplayPlayerLayout( 4530): changed=false, hashCode=509329511
07-05 21:39:49.878 D/Carousel-CarouselDisplayPlayerLayout( 4530): extraTryCount=2
07-05 21:39:49.878 D/Carousel-CarouselDisplayPlayerLayout( 4530): x=380, y=-185,w=892,h=536, hashCode=509329511
07-05 21:39:49.878 D/Carousel-CarouselDisplayPlayerLayout( 4530): mX=380, mY=-185,mWitdh=892,mHeight=536, hashCode=509329511
07-05 21:39:49.878 D/Carousel-CarouselDisplayPlayerLayout( 4530): changed=false, hashCode=509329511
07-05 21:39:49.878 D/Carousel-CarouselDisplayPlayerLayout( 4530): extraTryCount=3
07-05 21:39:49.880 D/OkHttp  ( 4530): User-Agent: okhttp/3.6.0
07-05 21:39:49.880 D/OkHttp  ( 4530): --> END GET
07-05 21:39:49.883 D/HttpHandler( 4530): RAMCache-->hostInfo.getClientTimeStamp()=10821004
07-05 21:39:49.883 D/HttpHandler( 4530): RAMCache-->hostInfo.getTtl()=300
07-05 21:39:49.883 D/HttpHandler( 4530): RAMCache-->SystemClock.elapsedRealtime()=10831454
07-05 21:39:49.894 D/Carousel-CarouselDisplayPlayerLayout( 4530): x=380, y=-185,w=892,h=536, hashCode=509329511
07-05 21:39:49.894 D/Carousel-CarouselDisplayPlayerLayout( 4530): mX=380, mY=-185,mWitdh=892,mHeight=536, hashCode=509329511
07-05 21:39:49.894 D/Carousel-CarouselDisplayPlayerLayout( 4530): changed=false, hashCode=509329511
07-05 21:39:49.894 D/Carousel-CarouselDisplayPlayerLayout( 4530): extraTryCount=4
07-05 21:39:49.894 D/Carousel-CarouselDisplayPlayerLayout( 4530): x=380, y=-185,w=892,h=536, hashCode=509329511
07-05 21:39:49.894 D/Carousel-CarouselDisplayPlayerLayout( 4530): mX=380, mY=-185,mWitdh=892,mHeight=536, hashCode=509329511
07-05 21:39:49.894 D/Carousel-CarouselDisplayPlayerLayout( 4530): changed=false, hashCode=509329511
07-05 21:39:49.894 D/Carousel-CarouselDisplayPlayerLayout( 4530): extraTryCount=5
07-05 21:39:49.909 D/Carousel-CarouselDisplayPlayerLayout( 4530): x=380, y=-185,w=892,h=536, hashCode=509329511
07-05 21:39:49.909 D/Carousel-CarouselDisplayPlayerLayout( 4530): mX=380, mY=-185,mWitdh=892,mHeight=536, hashCode=509329511
07-05 21:39:49.909 D/Carousel-CarouselDisplayPlayerLayout( 4530): changed=false, hashCode=509329511
07-05 21:39:49.909 D/Carousel-CarouselDisplayPlayerLayout( 4530): extraTryCount=6
07-05 21:39:49.909 D/Carousel-CarouselDisplayPlayerLayout( 4530): x=380, y=-185,w=892,h=536, hashCode=509329511
07-05 21:39:49.909 D/Carousel-CarouselDisplayPlayerLayout( 4530): mX=380, mY=-185,mWitdh=892,mHeight=536, hashCode=509329511
07-05 21:39:49.909 D/Carousel-CarouselDisplayPlayerLayout( 4530): changed=false, hashCode=509329511
07-05 21:39:49.909 D/Carousel-CarouselDisplayPlayerLayout( 4530): extraTryCount=7
07-05 21:39:49.914 D/OkHttp  ( 4530): <-- 200 OK http://picture.edu.hismarttv.com/images/20170630060711088714.jpg (33ms)
07-05 21:39:49.914 D/OkHttp  ( 4530): Date: Tue, 04 Jul 2017 13:44:31 GMT
07-05 21:39:49.915 D/OkHttp  ( 4530): Server: nginx
07-05 21:39:49.915 D/OkHttp  ( 4530): Content-Type: image/jpeg
07-05 21:39:49.915 D/OkHttp  ( 4530): Content-Length: 150566
07-05 21:39:49.915 D/OkHttp  ( 4530): Last-Modified: Fri, 30 Jun 2017 06:07:11 GMT
07-05 21:39:49.915 D/OkHttp  ( 4530): ETag: "5955ea8f-24c26"
07-05 21:39:49.915 D/OkHttp  ( 4530): Accept-Ranges: bytes
07-05 21:39:49.918 D/OkHttp  ( 4530): <-- 200 OK http://picture.edu.hismarttv.com/images/20170628233313068112.jpg (52ms)
07-05 21:39:49.918 D/OkHttp  ( 4530): Date: Mon, 03 Jul 2017 11:39:32 GMT
07-05 21:39:49.918 D/OkHttp  ( 4530): Server: nginx
07-05 21:39:49.918 D/OkHttp  ( 4530): Content-Type: image/jpeg
07-05 21:39:49.918 D/OkHttp  ( 4530): Content-Length: 61038
07-05 21:39:49.918 D/OkHttp  ( 4530): Last-Modified: Wed, 28 Jun 2017 23:33:13 GMT
07-05 21:39:49.918 D/OkHttp  ( 4530): ETag: "59543cb9-ee6e"
07-05 21:39:49.919 D/OkHttp  ( 4530): Accept-Ranges: bytes
07-05 21:39:49.919 D/OkHttp  ( 4530): Age: 180017
07-05 21:39:49.919 D/OkHttp  ( 4530): Via: 1.1 jnwt244:1 (Cdn Cache Server V2.0)[26 200 0], 1.1 chwt81:4 (Cdn Cache Server V2.0)[20 200 0]
07-05 21:39:49.919 D/OkHttp  ( 4530): Connection: keep-alive
07-05 21:39:49.919 D/OkHttp  ( 4530): <-- END HTTP
07-05 21:39:49.921 D/Carousel-CarouselDisplayPlayerLayout( 4530): x=380, y=-185,w=892,h=536, hashCode=509329511
07-05 21:39:49.921 D/Carousel-CarouselDisplayPlayerLayout( 4530): mX=380, mY=-185,mWitdh=892,mHeight=536, hashCode=509329511
07-05 21:39:49.921 D/Carousel-CarouselDisplayPlayerLayout( 4530): changed=false, hashCode=509329511
07-05 21:39:49.921 D/Carousel-CarouselDisplayPlayerLayout( 4530): extraTryCount=8
07-05 21:39:49.921 D/Carousel-CarouselDisplayPlayerLayout( 4530): x=380, y=-185,w=892,h=536, hashCode=509329511
07-05 21:39:49.921 D/Carousel-CarouselDisplayPlayerLayout( 4530): mX=380, mY=-185,mWitdh=892,mHeight=536, hashCode=509329511
07-05 21:39:49.921 D/Carousel-CarouselDisplayPlayerLayout( 4530): changed=false, hashCode=509329511
07-05 21:39:49.921 D/Carousel-CarouselDisplayPlayerLayout( 4530): extraTryCount=9
07-05 21:39:49.924 D/OkHttp  ( 4530): Age: 86118
07-05 21:39:49.924 D/OkHttp  ( 4530): Via: 1.1 jn239:0 (Cdn Cache Server V2.0)[49 200 0], 1.1 changwtong65:0 (Cdn Cache Server V2.0)[0 200 0]
07-05 21:39:49.924 D/OkHttp  ( 4530): Connection: keep-alive
07-05 21:39:49.924 D/OkHttp  ( 4530): <-- END HTTP
07-05 21:39:49.929 D/HttpHandler( 4530): RetryIntercepter-->retryNum=0
07-05 21:39:49.929 D/HttpHandler( 4530): RetryIntercepter-->backoffmutiplier=0
07-05 21:39:49.937 D/HttpHandler( 4530): RetryIntercepter-->retryNum=0
07-05 21:39:49.937 D/HttpHandler( 4530): RetryIntercepter-->backoffmutiplier=0
07-05 21:39:49.952 D/PowerManagerService( 1733): acquireWakeLockInternal: lock=113832109, flags=0x1, tag="NetworkStats", ws=null, uid=1000, pid=1733
07-05 21:39:49.952 D/PowerManagerNotifier( 1733): onWakeLockAcquired: flags=1, tag="NetworkStats", packageName=android, ownerUid=1000, ownerPid=1733, workSource=null
07-05 21:39:49.952 D/NtpTrustedTime( 1733): currentTimeMillis() cache hit
07-05 21:39:49.960 D/MC_MEMORY(16055): max: 256.261888 Mb, heap: 10.10784 Mb, allocated: 10.10256 Mb, free: 0.528 Mb, native heap: 12.12276 Mb, native allocated: 8.8354 Mb, native free: 3.3922 Mb
07-05 21:39:49.970 I/MiSysSrv( 1214): [37m[INFO] Change to Voltage: 117 mv (0x32)[m
07-05 21:39:49.972 I/MyFragmentStateAdapter( 4530): getCount
07-05 21:39:49.976 D/NtpTrustedTime( 1733): currentTimeMillis() cache hit
07-05 21:39:49.977 D/NtpTrustedTime( 1733): currentTimeMillis() cache hit
07-05 21:39:49.978 D/NtpTrustedTime( 1733): currentTimeMillis() cache hit
07-05 21:39:49.981 D/PowerManagerService( 1733): releaseWakeLockInternal: lock=113832109 [NetworkStats], flags=0x0
07-05 21:39:49.981 D/PowerManagerNotifier( 1733): onWakeLockReleased: flags=1, tag="NetworkStats", packageName=android, ownerUid=1000, ownerPid=1733, workSource=null
07-05 21:39:49.995 D/OkHttp  ( 4530): <-- 403 Forbidden http://picture.edu.hismarttv.com/images/ (134ms)
07-05 21:39:49.996 D/OkHttp  ( 4530): Date: Wed, 05 Jul 2017 13:39:49 GMT
07-05 21:39:49.996 D/OkHttp  ( 4530): Server: nginx
07-05 21:39:49.996 D/OkHttp  ( 4530): Content-Type: text/html; charset=UTF-8
07-05 21:39:49.996 D/OkHttp  ( 4530): Content-Length: 162
07-05 21:39:49.996 D/OkHttp  ( 4530): Via: 1.1 shuozhou56:0 (Cdn Cache Server V2.0)[37 403 2], 1.1 echwt51:2 (Cdn Cache Server V2.0)[71 403 2]
07-05 21:39:49.996 D/OkHttp  ( 4530): Connection: close
07-05 21:39:49.996 D/OkHttp  ( 4530): <-- END HTTP
07-05 21:39:49.996 D/HttpHandler( 4530): RetryIntercepter-->retryNum=0
07-05 21:39:49.996 D/HttpHandler( 4530): RetryIntercepter-->backoffmutiplier=0
07-05 21:39:49.997 D/HttpHandler( 4530): VerifySignInterCeptor-->request.url()=http://picture.edu.hismarttv.com/images/20170630060938851994.jpg
07-05 21:39:49.997 D/HttpHandler( 4530): VerifySignInterCeptor-->hostname=picture.edu.hismarttv.com
07-05 21:39:50.000 D/OkHttp  ( 4530): --> GET http://picture.edu.hismarttv.com/images/20170630060938851994.jpg http/1.1
07-05 21:39:50.000 D/OkHttp  ( 4530): Host: picture.edu.hismarttv.com
07-05 21:39:50.000 D/OkHttp  ( 4530): Connection: Keep-Alive
07-05 21:39:50.000 D/OkHttp  ( 4530): Accept-Encoding: gzip
07-05 21:39:50.000 D/OkHttp  ( 4530): User-Agent: okhttp/3.6.0
07-05 21:39:50.000 D/OkHttp  ( 4530): --> END GET
07-05 21:39:50.001 D/HttpHandler( 4530): DNSHelper-->gslbDns=["218.58.206.58","220.202.77.116","123.128.14.209","153.35.175.121","220.202.77.124","153.35.175.120","125.46.22.134"]
07-05 21:39:50.028 D/OkHttp  ( 4530): --> GET http://picture.edu.hismarttv.com/images/20170629/20161111081033896636.jpg http/1.1
07-05 21:39:50.028 D/OkHttp  ( 4530): Host: picture.edu.hismarttv.com
07-05 21:39:50.028 D/OkHttp  ( 4530): Connection: Keep-Alive
07-05 21:39:50.028 D/OkHttp  ( 4530): Accept-Encoding: gzip
07-05 21:39:50.028 D/OkHttp  ( 4530): User-Agent: okhttp/3.6.0
07-05 21:39:50.028 D/OkHttp  ( 4530): --> END GET
07-05 21:39:50.030 D/OkHttp  ( 4530): <-- 200 OK http://picture.edu.hismarttv.com/images/20170630060938851994.jpg (29ms)
07-05 21:39:50.030 D/OkHttp  ( 4530): Date: Mon, 03 Jul 2017 11:39:31 GMT
07-05 21:39:50.030 D/OkHttp  ( 4530): Server: nginx
07-05 21:39:50.030 D/OkHttp  ( 4530): Content-Type: image/jpeg
07-05 21:39:50.030 D/OkHttp  ( 4530): Content-Length: 84036
07-05 21:39:50.030 D/OkHttp  ( 4530): Last-Modified: Fri, 30 Jun 2017 06:09:38 GMT
07-05 21:39:50.030 D/OkHttp  ( 4530): ETag: "5955eb22-14844"
07-05 21:39:50.030 D/OkHttp  ( 4530): Accept-Ranges: bytes
07-05 21:39:50.030 D/OkHttp  ( 4530): Age: 180018
07-05 21:39:50.030 D/OkHttp  ( 4530): Via: 1.1 pingwangtong50:6 (Cdn Cache Server V2.0)[49 200 0], 1.1 changwangtong84:8 (Cdn Cache Server V2.0)[0 200 0]
07-05 21:39:50.030 D/OkHttp  ( 4530): Connection: keep-alive
07-05 21:39:50.030 D/OkHttp  ( 4530): <-- END HTTP
07-05 21:39:50.031 D/Carousel-CarouselDisplayPlayerLayout( 4530): x=380, y=-185,w=892,h=536, hashCode=509329511
07-05 21:39:50.031 D/Carousel-CarouselDisplayPlayerLayout( 4530): mX=380, mY=-185,mWitdh=892,mHeight=536, hashCode=509329511
07-05 21:39:50.031 D/Carousel-CarouselDisplayPlayerLayout( 4530): changed=false, hashCode=509329511
07-05 21:39:50.031 D/Carousel-CarouselDisplayPlayerLayout( 4530): isFullScreen:false
07-05 21:39:50.031 D/Carousel-CarouselView( 4530): ===========>mDisplayPlayerLayout.getVisibility()=8
07-05 21:39:50.031 D/Carousel-CarouselView( 4530): OnScrollEnd Visibility is gone return.
07-05 21:39:50.034 I/NetflixMonitorService( 1733): current fgapk : com.hisense.hicloud.edca
07-05 21:39:50.034 I/NetflixMonitorService( 1733): Netflix status unchanged
07-05 21:39:50.053 D/HttpHandler( 4530): RetryIntercepter-->retryNum=0
07-05 21:39:50.053 D/HttpHandler( 4530): RetryIntercepter-->backoffmutiplier=0
07-05 21:39:50.060 I/TVMW@devctrl( 1234): wdt
07-05 21:39:50.079 I/MyFragmentStateAdapter( 4530): getCount
07-05 21:39:50.087 D/HttpHandler( 4530): VerifySignInterCeptor-->request.url()=http://picture.edu.hismarttv.com/images/20170629/30%E5%A4%A9%E5%86%99%E5%87%BA%E4%B8%80%E6%89%8B%E5%A5%BD%E5%AD%9720161129021942268280.jpg
07-05 21:39:50.087 D/HttpHandler( 4530): VerifySignInterCeptor-->hostname=picture.edu.hismarttv.com
07-05 21:39:50.089 D/OkHttp  ( 4530): --> GET http://picture.edu.hismarttv.com/images/20170629/30%E5%A4%A9%E5%86%99%E5%87%BA%E4%B8%80%E6%89%8B%E5%A5%BD%E5%AD%9720161129021942268280.jpg http/1.1
07-05 21:39:50.089 D/OkHttp  ( 4530): Host: picture.edu.hismarttv.com
07-05 21:39:50.089 D/OkHttp  ( 4530): Connection: Keep-Alive
07-05 21:39:50.089 D/OkHttp  ( 4530): Accept-Encoding: gzip
07-05 21:39:50.089 D/OkHttp  ( 4530): User-Agent: okhttp/3.6.0
07-05 21:39:50.089 D/OkHttp  ( 4530): --> END GET
07-05 21:39:50.131 I/MyFragmentStateAdapter( 4530): getCount
07-05 21:39:50.134 D/HttpHandler( 4530): VerifySignInterCeptor-->request.url()=http://picture.edu.hismarttv.com/images/20170630060641226550.jpg
07-05 21:39:50.134 D/HttpHandler( 4530): VerifySignInterCeptor-->hostname=picture.edu.hismarttv.com
07-05 21:39:50.136 D/OkHttp  ( 4530): --> GET http://picture.edu.hismarttv.com/images/20170630060641226550.jpg http/1.1
07-05 21:39:50.136 D/OkHttp  ( 4530): Host: picture.edu.hismarttv.com
07-05 21:39:50.136 D/OkHttp  ( 4530): Connection: Keep-Alive
07-05 21:39:50.136 D/OkHttp  ( 4530): Accept-Encoding: gzip
07-05 21:39:50.136 D/OkHttp  ( 4530): User-Agent: okhttp/3.6.0
07-05 21:39:50.136 D/OkHttp  ( 4530): --> END GET
07-05 21:39:50.145 D/MSTAR_VDEC_DBG( 1206): Stream ID: 0, Rate : 24 (E:0,D:0,S:0,F:150) 
07-05 21:39:50.159 D/HttpHandler( 4530): VerifySignInterCeptor-->request.url()=http://picture.edu.hismarttv.com/images/20170629/%E6%B3%A1%E6%B3%A1%E8%8B%B1%E8%AF%AD.jpg
07-05 21:39:50.159 D/HttpHandler( 4530): VerifySignInterCeptor-->hostname=picture.edu.hismarttv.com
07-05 21:39:50.160 D/HttpHandler( 4530): HttpDNS-->hostname=picture.edu.hismarttv.com
07-05 21:39:50.161 D/HttpHandler( 4530): RAMCache-->hostInfo.getClientTimeStamp()=10821004
07-05 21:39:50.161 D/HttpHandler( 4530): RAMCache-->hostInfo.getTtl()=300
07-05 21:39:50.161 D/HttpHandler( 4530): RAMCache-->SystemClock.elapsedRealtime()=10831733
07-05 21:39:50.167 D/OkHttp  ( 4530): <-- 200 OK http://picture.edu.hismarttv.com/images/20170630060641226550.jpg (31ms)
07-05 21:39:50.167 D/OkHttp  ( 4530): Date: Mon, 03 Jul 2017 11:39:31 GMT
07-05 21:39:50.167 D/OkHttp  ( 4530): Server: nginx
07-05 21:39:50.167 D/OkHttp  ( 4530): Content-Type: image/jpeg
07-05 21:39:50.167 D/OkHttp  ( 4530): Content-Length: 121881
07-05 21:39:50.167 D/OkHttp  ( 4530): Last-Modified: Fri, 30 Jun 2017 06:06:41 GMT
07-05 21:39:50.167 D/OkHttp  ( 4530): ETag: "5955ea71-1dc19"
07-05 21:39:50.167 D/OkHttp  ( 4530): Accept-Ranges: bytes
07-05 21:39:50.167 D/OkHttp  ( 4530): Age: 180019
07-05 21:39:50.167 D/OkHttp  ( 4530): Via: 1.1 wangt170:6 (Cdn Cache Server V2.0)[0 200 0], 1.1 chwt82:5 (Cdn Cache Server V2.0)[0 200 0]
07-05 21:39:50.167 D/OkHttp  ( 4530): Connection: keep-alive
07-05 21:39:50.167 D/OkHttp  ( 4530): <-- END HTTP
07-05 21:39:50.168 D/HttpHandler( 4530): DNSHelper-->gslbDns=["218.58.206.58","220.202.77.116","123.128.14.209","153.35.175.121","220.202.77.124","153.35.175.120","125.46.22.134"]
07-05 21:39:50.168 D/Carousel-CarouselVideoViewImpl( 4530): stopPlay.
07-05 21:39:50.169 V/MediaPlayer-JNI( 4530): isPlaying: 1
07-05 21:39:50.169 D/Carousel-UrlVideoView( 4530): isInPlaybackState=true
07-05 21:39:50.169 D/Carousel-UrlVideoView( 4530): mCurrentState=3
07-05 21:39:50.169 V/MediaPlayer-JNI( 4530): getCurrentPosition: 5495 (msec)
07-05 21:39:50.169 D/Carousel-CarouselVideoViewImpl( 4530): position=5495
07-05 21:39:50.169 V/MediaPlayer-JNI( 4530): stop
07-05 21:39:50.169 D/NuPlayerDriver( 1206): stop(0xd7843100)   mState:5
07-05 21:39:50.170 V/MediaPlayer-JNI( 4530): release
07-05 21:39:50.170 D/NuPlayerDriver( 1206): reset(0xd7843100)  mState:8
07-05 21:39:50.170 V/NuPlayer( 1206): NuPlayer::resetAsync ---- Enter ...
07-05 21:39:50.170 W/FFmpegExtractor( 1206): rv_read_frame ret: [-1011]
07-05 21:39:50.170 D/MediaHTTPConnection( 4530): teardownConnection
07-05 21:39:50.171 D/HttpHandler( 4530): RetryIntercepter-->retryNum=0
07-05 21:39:50.171 D/HttpHandler( 4530): RetryIntercepter-->backoffmutiplier=0
07-05 21:39:50.174 W/MediaHTTPConnection( 4530): readAt 16785540 / 32768 => -1004, java.io.IOException: closed
07-05 21:39:50.174 D/MediaHTTPConnection( 4530): hitting IOException http://118.212.138.160/jhxvideo-ws.video-tx.com/rendition/201705/205989353451683841/205989353451684353/bb/243216185158536196/243216215223308548/r243216215223308548-3200k-1920x1080.mp4?wsSecret=0070dc304b8154705599770bacbdea1d&wsTime=595cec1c&wsiphost=local
07-05 21:39:50.175 W/MediaHTTP( 1206): hitting MediaHTTP readAt n < 0 numBytesRead= 8324
07-05 21:39:50.175 I/NuCachedSource2( 1206): caching reached eos.
07-05 21:39:50.175 W/MediaHTTPConnection( 4530): teardownConnection catch android.os.NetworkOnMainThreadException
07-05 21:39:50.176 V/NuPlayer( 1206): kWhatReset  mCanReset:1
07-05 21:39:50.176 V/NuPlayer( 1206): performDecoderFlush audio=2, video=2
07-05 21:39:50.176 V/NuPlayer( 1206): [audio] flushDecoder needShutdown=1
07-05 21:39:50.176 V/NuPlayer( 1206): [video] flushDecoder needShutdown=1
07-05 21:39:50.176 V/NuPlayer( 1206): postponing action mFlushingAudio=2, mFlushingVideo=2
07-05 21:39:50.176 V/NuPlayer( 1206): renderer audio flush completed.
07-05 21:39:50.176 V/NuPlayer( 1206): renderer video flush completed.
07-05 21:39:50.178 V/NuPlayer( 1206): decoder audio flush completed
