07-06 00:49:48.958 W/QueryController(12871): parent = android.view.accessibility.AccessibilityNodeInfo@800455da; boundsInParent: Rect(0, 0 - 420, 279); boundsInScreen: Rect(162, 819 - 582, 1080); packageName: com.hisense.hicloud.edca; className: android.widget.RelativeLayout; text: null; error: null; maxTextLength: -1; contentDescription: null; viewIdResName: null; checkable: false; checked: false; focusable: true; focused: false; selected: false; clickable: true; longClickable: false; enabled: true; password: false; scrollable: false; actions: [AccessibilityAction: ACTION_FOCUS - null, AccessibilityAction: ACTION_SELECT - null, AccessibilityAction: ACTION_CLEAR_SELECTION - null, AccessibilityAction: ACTION_CLICK - null, AccessibilityAction: ACTION_ACCESSIBILITY_FOCUS - null]
07-06 00:49:48.959 W/QueryController(12871): AccessibilityNodeInfo returned a null child (1 of 2)
07-06 00:49:48.962 W/QueryController(12871): AccessibilityNodeInfo returned a null child (0 of 2)
07-06 00:49:48.963 W/QueryController(12871): parent = android.view.accessibility.AccessibilityNodeInfo@8004599b; boundsInParent: Rect(0, 0 - 430, 279); boundsInScreen: Rect(572, 819 - 1002, 1080); packageName: com.hisense.hicloud.edca; className: android.widget.RelativeLayout; text: null; error: null; maxTextLength: -1; contentDescription: null; viewIdResName: null; checkable: false; checked: false; focusable: true; focused: false; selected: false; clickable: true; longClickable: false; enabled: true; password: false; scrollable: false; actions: [AccessibilityAction: ACTION_FOCUS - null, AccessibilityAction: ACTION_SELECT - null, AccessibilityAction: ACTION_CLEAR_SELECTION - null, AccessibilityAction: ACTION_CLICK - null, AccessibilityAction: ACTION_ACCESSIBILITY_FOCUS - null]
07-06 00:49:48.964 W/QueryController(12871): AccessibilityNodeInfo returned a null child (1 of 2)
07-06 00:49:48.965 W/QueryController(12871): AccessibilityNodeInfo returned a null child (0 of 2)
07-06 00:49:48.965 W/QueryController(12871): parent = android.view.accessibility.AccessibilityNodeInfo@80045d5c; boundsInParent: Rect(0, 0 - 430, 279); boundsInScreen: Rect(992, 819 - 1422, 1080); packageName: com.hisense.hicloud.edca; className: android.widget.RelativeLayout; text: null; error: null; maxTextLength: -1; contentDescription: null; viewIdResName: null; checkable: false; checked: false; focusable: true; focused: false; selected: false; clickable: true; longClickable: false; enabled: true; password: false; scrollable: false; actions: [AccessibilityAction: ACTION_FOCUS - null, AccessibilityAction: ACTION_SELECT - null, AccessibilityAction: ACTION_CLEAR_SELECTION - null, AccessibilityAction: ACTION_CLICK - null, AccessibilityAction: ACTION_ACCESSIBILITY_FOCUS - null]
07-06 00:49:48.969 W/QueryController(12871): AccessibilityNodeInfo returned a null child (1 of 2)
07-06 00:49:48.971 W/QueryController(12871): AccessibilityNodeInfo returned a null child (0 of 2)
07-06 00:49:48.972 W/QueryController(12871): parent = android.view.accessibility.AccessibilityNodeInfo@8004611d; boundsInParent: Rect(0, 0 - 430, 279); boundsInScreen: Rect(1412, 819 - 1842, 1080); packageName: com.hisense.hicloud.edca; className: android.widget.RelativeLayout; text: null; error: null; maxTextLength: -1; contentDescription: null; viewIdResName: null; checkable: false; checked: false; focusable: true; focused: false; selected: false; clickable: true; longClickable: false; enabled: true; password: false; scrollable: false; actions: [AccessibilityAction: ACTION_FOCUS - null, AccessibilityAction: ACTION_SELECT - null, AccessibilityAction: ACTION_CLEAR_SELECTION - null, AccessibilityAction: ACTION_CLICK - null, AccessibilityAction: ACTION_ACCESSIBILITY_FOCUS - null]
07-06 00:49:48.972 W/QueryController(12871): AccessibilityNodeInfo returned a null child (1 of 2)
07-06 00:49:48.973 W/QueryController(12871): AccessibilityNodeInfo returned a null child (0 of 2)
07-06 00:49:48.973 W/QueryController(12871): parent = android.view.accessibility.AccessibilityNodeInfo@800464de; boundsInParent: Rect(0, 0 - 430, 279); boundsInScreen: Rect(1832, 819 - 1900, 1080); packageName: com.hisense.hicloud.edca; className: android.widget.RelativeLayout; text: null; error: null; maxTextLength: -1; contentDescription: null; viewIdResName: null; checkable: false; checked: false; focusable: true; focused: false; selected: false; clickable: true; longClickable: false; enabled: true; password: false; scrollable: false; actions: [AccessibilityAction: ACTION_FOCUS - null, AccessibilityAction: ACTION_SELECT - null, AccessibilityAction: ACTION_CLEAR_SELECTION - null, AccessibilityAction: ACTION_CLICK - null, AccessibilityAction: ACTION_ACCESSIBILITY_FOCUS - null]
07-06 00:49:48.974 W/QueryController(12871): AccessibilityNodeInfo returned a null child (1 of 2)
07-06 00:49:48.981 I/SurfaceFlinger( 1204): the layer SurfaceView is used to close xc and zorder is smallerest! clear region
07-06 00:49:48.981 D/OsdMonitorService( 1733): mCurrentWindow = com.hisense.hicloud.edca/com.hisense.hicloud.edca.mediaplayer.activity.DetailPlayActivity; newWindow = com.hisense.hicloud.edca/com.hisense.hicloud.edca.mediaplayer.activity.DetailPlayActivity; isSubWindow = false; isInWinList = false; isExitNow = false
07-06 00:49:48.981 D/OsdMonitorService( 1733): windowNotOsd() : name = com.hisense.hicloud.edca/com.hisense.hicloud.edca.mediaplayer.activity.DetailPlayActivity
07-06 00:49:48.981 I/OsdMonitorService( 1733): setOsdStatus() : status will change from true to true
07-06 00:49:48.983 D/PowerManagerService( 1733): setScreenBrightnessOverrideFromWindowManagerInternal done
07-06 00:49:48.986 D/Surface (12906): onStatusChange() : mNativeObject = 0 mUseImageHwRender = false
07-06 00:49:48.989 D/PowerManagerService( 1733): releaseWakeLockInternal: lock=681732318 [ActivityManager-Launch], flags=0x0
07-06 00:49:48.989 D/PowerManagerNotifier( 1733): onWakeLockReleased: flags=1, tag="ActivityManager-Launch", packageName=android, ownerUid=1000, ownerPid=1733, workSource=null
07-06 00:49:49.003 I/SurfaceFlinger( 1204): the layer SurfaceView is used to close xc and zorder is smallerest! clear region
07-06 00:49:49.019 I/SurfaceFlinger( 1204): the layer SurfaceView is used to close xc and zorder is smallerest! clear region
07-06 00:49:49.035 I/SurfaceFlinger( 1204): the layer SurfaceView is used to close xc and zorder is smallerest! clear region
07-06 00:49:49.042 I/HiNetworkImpl(12906): doHttp_Asyn(): onSuccess clazz = class com.hisense.sdk.domain.DetailsPage, back from thread: main
07-06 00:49:49.042 I/DetailPlayActivity(12906): mFinishHttpTime : 22230613 ç½‘ç»œè¯·æ±‚ç”¨æ—¶ï¼š506
07-06 00:49:49.043 D/til@system( 2026): til_get_system_param option:1000007 int:-1936522368, bool:128, ret:0
07-06 00:49:49.044 D/til@system( 2026): til_get_system_param option:1000009 int:-1936525184, bool:128, ret:0
07-06 00:49:49.045 D/til@system( 2026): til_get_system_param option:1000008 int:-1936522112, bool:128, ret:0
07-06 00:49:49.045 D/HiSDKLogReport(12906): getOperationDetail-productName : LED50MU8600UC
07-06 00:49:49.045 D/HiSDKLogReport(12906): getOperationDetail-plmNumber : 88888
07-06 00:49:49.045 D/HiSDKLogReport(12906): getOperationDetail-swVersion : V0000.00.01A
07-06 00:49:49.045 D/HiSDKLogReport(12906): getOperationDetail-operationDetail : LED50MU8600UC0000888
07-06 00:49:49.046 D/HiSDKLogReport(12906): processLogReport-log : {eventType=110, appKey=1182445233, APPVersionName=3.0.0.9.00, devid=86100300900000500000060a4818fca8, mac=a8:a6:48:18:fc:a8, uuid=13287129, accessToken=72DF6038D2AEAB8A76DFBBBBCC428A4A_000684289006219, APIversion=501, logversion=2.0, devType=0, APPPackage=com.hisense.hicloud.edca, eventPos=002, requesttime=1499273389045, customerId=7195320, value2=, eventMessage=HttpConnection, value1=506, model_id=0, ChannelId=0, version=00.002.003, tv_distribute_id=00, subscriberId=13287129, APIVersion=600, PFAPPCode=652, softwareVersion=LED50MU8600UC0000888}
07-06 00:49:49.046 D/DetailPlayActivity(12906): detailpage result is:com.hisense.sdk.domain.DetailsPage@15391233
07-06 00:49:49.049 D/til@system( 2026): til_get_system_param option:1000007 int:-1936523008, bool:0, ret:0
07-06 00:49:49.050 D/til@system( 2026): til_get_system_param option:1000009 int:-1815632896, bool:0, ret:0
07-06 00:49:49.051 D/til@system( 2026): til_get_system_param option:1000008 int:-1815633792, bool:128, ret:0
07-06 00:49:49.052 D/HttpDnsUtils(12906): CEXX-getOperationDetail-productName : LED50MU8600UC
07-06 00:49:49.052 D/HttpDnsUtils(12906): CEXX-getOperationDetail-plmNumber : 88888
07-06 00:49:49.052 D/HttpDnsUtils(12906): CEXX-getOperationDetail-swVersion : V0000.00.01A
07-06 00:49:49.052 D/HttpDnsUtils(12906): CEXX-getOperationDetail-operationDetail : LED50MU8600UC0000888
07-06 00:49:49.052 E/NetUtils(12906): encryption --- sign = accessToken=72DF6038D2AEAB8A76DFBBBBCC428A4A_000684289006219&customerId=7195320&devType=0&devid=86100300900000500000060a4818fca8&resourceId=3535&resourceType=0&BDA9F96C98E9D5130A5AFB3411B5F9E0
07-06 00:49:49.052 I/HttpDnsUtils(12906): checkValid-æŸ¥è¯¢è¯¾ç¨‹ç”¨æˆ·ä»˜è´¹è¯¦æƒ…æŽ¥å£ã€æ–°å¢žã€‘ã€å®žçŽ°ã€‘ //æŸ¥è¯¢å•ä¸ªè§†é¢‘æ˜¯å¦è´­ä¹°: --- URL >> http://api.edu.hismarttv.com/payment/api/order/checkValid?resourceId=3535&resourceType=0&devType=0&accessToken=72DF6038D2AEAB8A76DFBBBBCC428A4A_000684289006219&sign=c51fd2314bee7b4aeb086cb7919f4086
07-06 00:49:49.053 I/SurfaceFlinger( 1204): the layer SurfaceView is used to close xc and zorder is smallerest! clear region
07-06 00:49:49.053 D/til@system( 2026): til_get_system_param option:1000007 int:-1815634176, bool:0, ret:0
07-06 00:49:49.055 W/System.err(12906): java.net.ConnectException: failed to connect to /10.18.210.112 (port 8900) after 6000ms: isConnected failed: ECONNREFUSED (Connection refused)
07-06 00:49:49.056 W/System.err(12906): 	at libcore.io.IoBridge.isConnected(IoBridge.java:238)
07-06 00:49:49.056 W/System.err(12906): 	at libcore.io.IoBridge.connectErrno(IoBridge.java:171)
07-06 00:49:49.056 W/System.err(12906): 	at libcore.io.IoBridge.connect(IoBridge.java:122)
07-06 00:49:49.056 W/System.err(12906): 	at java.net.PlainSocketImpl.connect(PlainSocketImpl.java:183)
07-06 00:49:49.056 W/System.err(12906): 	at java.net.PlainSocketImpl.connect(PlainSocketImpl.java:456)
07-06 00:49:49.056 W/System.err(12906): 	at java.net.Socket.connect(Socket.java:882)
07-06 00:49:49.056 W/System.err(12906): 	at com.android.okhttp.internal.Platform.connectSocket(Platform.java:174)
07-06 00:49:49.056 W/System.err(12906): 	at com.android.okhttp.Connection.connect(Connection.java:152)
07-06 00:49:49.056 W/System.err(12906): 	at com.android.okhttp.internal.http.HttpEngine.connect(HttpEngine.java:276)
07-06 00:49:49.056 W/System.err(12906): 	at com.android.okhttp.internal.http.HttpEngine.sendRequest(HttpEngine.java:211)
07-06 00:49:49.056 W/System.err(12906): 	at com.android.okhttp.internal.http.HttpURLConnectionImpl.execute(HttpURLConnectionImpl.java:382)
07-06 00:49:49.056 W/System.err(12906): 	at com.android.okhttp.internal.http.HttpURLConnectionImpl.connect(HttpURLConnectionImpl.java:106)
07-06 00:49:49.056 W/System.err(12906): 	at com.hisense.hitv.hicloud.util.ExceptionReport.a(ExceptionReport.java:337)
07-06 00:49:49.056 W/System.err(12906): 	at com.hisense.hitv.hicloud.util.ExceptionReport.a(ExceptionReport.java:39)
07-06 00:49:49.056 W/System.err(12906): 	at com.hisense.hitv.hicloud.util.ExceptionReport$1.run(ExceptionReport.java:83)
07-06 00:49:49.056 W/System.err(12906): 	at java.lang.Thread.run(Thread.java:818)
07-06 00:49:49.056 W/System.err(12906): Caused by: android.system.ErrnoException: isConnected failed: ECONNREFUSED (Connection refused)
07-06 00:49:49.056 W/System.err(12906): 	at libcore.io.IoBridge.isConnected(IoBridge.java:223)
07-06 00:49:49.056 W/System.err(12906): 	... 15 more
07-06 00:49:49.058 D/til@system( 2026): til_get_system_param option:1000009 int:-1936522368, bool:128, ret:0
07-06 00:49:49.059 D/til@system( 2026): til_get_system_param option:1000008 int:-1936525184, bool:128, ret:0
07-06 00:49:49.060 D/HttpBuilder(12906): getOperationDetail-productName : LED50MU8600UC
07-06 00:49:49.060 D/HttpBuilder(12906): getOperationDetail-plmNumber : 88888
07-06 00:49:49.060 D/HttpBuilder(12906): getOperationDetail-swVersion : V0000.00.01A
07-06 00:49:49.060 D/HttpBuilder(12906): getOperationDetail-operationDetail : LED50MU8600UC0000888
07-06 00:49:49.069 I/SurfaceFlinger( 1204): the layer SurfaceView is used to close xc and zorder is smallerest! clear region
07-06 00:49:49.069 I/MiSysSrv( 1214): [37m[INFO] Change to Voltage: 117 mv (0x32)[m
07-06 00:49:49.083 I/HttpBuilder(12906): addUrlPublicParams mUrl ==>http://api.edu.hismarttv.com/payment/api/order/checkValid?resourceId=3535&resourceType=0&devType=0&accessToken=72DF6038D2AEAB8A76DFBBBBCC428A4A_000684289006219&sign=c51fd2314bee7b4aeb086cb7919f4086&uuid=13287129&mac=a8:a6:48:18:fc:a8&devid=86100300900000500000060a4818fca8&version=00.002.003&subscriberId=13287129&customerId=7195320&model_id=0&APPPackage=com.hisense.hicloud.edca&PFAPPCode=652&APPVersionName=3.0.0.9.00&ChannelId=0&softwareVersion=LED50MU8600UC0000888&tv_distribute_id=00&APIVersion=600
07-06 00:49:49.085 D/HttpHandler(12906): VerifySignInterCeptor-->request.url()=http://api.edu.hismarttv.com/payment/api/order/checkValid?resourceId=3535&resourceType=0&devType=0&accessToken=72DF6038D2AEAB8A76DFBBBBCC428A4A_000684289006219&sign=c51fd2314bee7b4aeb086cb7919f4086&uuid=13287129&mac=a8:a6:48:18:fc:a8&devid=86100300900000500000060a4818fca8&version=00.002.003&subscriberId=13287129&customerId=7195320&model_id=0&APPPackage=com.hisense.hicloud.edca&PFAPPCode=652&APPVersionName=3.0.0.9.00&ChannelId=0&softwareVersion=LED50MU8600UC0000888&tv_distribute_id=00&APIVersion=600
07-06 00:49:49.085 D/HttpHandler(12906): VerifySignInterCeptor-->hostname=api.edu.hismarttv.com
07-06 00:49:49.086 D/HttpHandler(12906): HttpDNS-->hostname=api.edu.hismarttv.com
07-06 00:49:49.087 D/HttpHandler(12906): RAMCache-->hostInfo.getClientTimeStamp()=22213920
07-06 00:49:49.087 D/HttpHandler(12906): RAMCache-->hostInfo.getTtl()=3600
07-06 00:49:49.087 D/HttpHandler(12906): RAMCache-->SystemClock.elapsedRealtime()=22230659
07-06 00:49:49.090 I/SurfaceFlinger( 1204): the layer SurfaceView is used to close xc and zorder is smallerest! clear region
07-06 00:49:49.091 D/HttpHandler(12906): DNSHelper-->gslbDns=["123.103.91.123"]
07-06 00:49:49.105 I/SurfaceFlinger( 1204): the layer SurfaceView is used to close xc and zorder is smallerest! clear region
07-06 00:49:49.107 E/btif_config( 2964): [btif_config_get] node is TRUE!
07-06 00:49:49.107 E/btif_config( 2964): [btif_config_get] ret is TRUE!
07-06 00:49:49.113 D/OkHttp  (12906): --> GET http://api.edu.hismarttv.com/payment/api/order/checkValid?resourceId=3535&resourceType=0&devType=0&accessToken=72DF6038D2AEAB8A76DFBBBBCC428A4A_000684289006219&sign=c51fd2314bee7b4aeb086cb7919f4086&uuid=13287129&mac=a8:a6:48:18:fc:a8&devid=86100300900000500000060a4818fca8&version=00.002.003&subscriberId=13287129&customerId=7195320&model_id=0&APPPackage=com.hisense.hicloud.edca&PFAPPCode=652&APPVersionName=3.0.0.9.00&ChannelId=0&softwareVersion=LED50MU8600UC0000888&tv_distribute_id=00&APIVersion=600 http/1.1
07-06 00:49:49.113 D/OkHttp  (12906): Data_Type: JSON
07-06 00:49:49.113 D/OkHttp  (12906): RetryTime: 0
07-06 00:49:49.113 D/OkHttp  (12906): Backoffmutiplier: 0
07-06 00:49:49.113 D/OkHttp  (12906): Host: api.edu.hismarttv.com
07-06 00:49:49.113 D/OkHttp  (12906): Connection: Keep-Alive
07-06 00:49:49.113 D/OkHttp  (12906): Accept-Encoding: gzip
07-06 00:49:49.113 D/OkHttp  (12906): User-Agent: okhttp/3.6.0
07-06 00:49:49.113 D/OkHttp  (12906): --> END GET
07-06 00:49:49.122 I/SurfaceFlinger( 1204): the layer SurfaceView is used to close xc and zorder is smallerest! clear region
07-06 00:49:49.128 I/TVMW@devctrl( 1234): wdt
07-06 00:49:49.138 I/SurfaceFlinger( 1204): the layer SurfaceView is used to close xc and zorder is smallerest! clear region
07-06 00:49:49.155 I/SurfaceFlinger( 1204): the layer SurfaceView is used to close xc and zorder is smallerest! clear region
07-06 00:49:49.169 I/MiSysSrv( 1214): [37m[INFO] Change to Voltage: 117 mv (0x32)[m
07-06 00:49:49.172 I/SurfaceFlinger( 1204): the layer SurfaceView is used to close xc and zorder is smallerest! clear region
07-06 00:49:49.188 I/SurfaceFlinger( 1204): the layer SurfaceView is used to close xc and zorder is smallerest! clear region
07-06 00:49:49.205 I/SurfaceFlinger( 1204): the layer SurfaceView is used to close xc and zorder is smallerest! clear region
07-06 00:49:49.222 I/SurfaceFlinger( 1204): the layer SurfaceView is used to close xc and zorder is smallerest! clear region
07-06 00:49:49.238 I/SurfaceFlinger( 1204): the layer SurfaceView is used to close xc and zorder is smallerest! clear region
07-06 00:49:49.255 I/SurfaceFlinger( 1204): the layer SurfaceView is used to close xc and zorder is smallerest! clear region
07-06 00:49:49.269 I/MiSysSrv( 1214): [37m[INFO] Change to Voltage: 102 mv (0x23)[m
07-06 00:49:49.272 I/SurfaceFlinger( 1204): the layer SurfaceView is used to close xc and zorder is smallerest! clear region
07-06 00:49:49.288 I/SurfaceFlinger( 1204): the layer SurfaceView is used to close xc and zorder is smallerest! clear region
07-06 00:49:49.290 E/btif_config( 2964): [btif_config_get] node is TRUE!
07-06 00:49:49.290 E/btif_config( 2964): [btif_config_get] ret is TRUE!
07-06 00:49:49.305 I/SurfaceFlinger( 1204): the layer SurfaceView is used to close xc and zorder is smallerest! clear region
07-06 00:49:49.322 I/SurfaceFlinger( 1204): the layer SurfaceView is used to close xc and zorder is smallerest! clear region
07-06 00:49:49.338 D/OsdMonitorService( 1733): mCurrentWindow = com.hisense.hicloud.edca/com.hisense.hicloud.edca.mediaplayer.activity.DetailPlayActivity; newWindow = com.hisense.hicloud.edca/com.hisense.hicloud.edca.mediaplayer.activity.DetailPlayActivity; isSubWindow = false; isInWinList = false; isExitNow = false
07-06 00:49:49.338 D/OsdMonitorService( 1733): windowNotOsd() : name = com.hisense.hicloud.edca/com.hisense.hicloud.edca.mediaplayer.activity.DetailPlayActivity
07-06 00:49:49.338 I/OsdMonitorService( 1733): setOsdStatus() : status will change from true to true
07-06 00:49:49.344 D/PowerManagerService( 1733): setScreenBrightnessOverrideFromWindowManagerInternal done
07-06 00:49:49.350 D/PowerManagerService( 1733): setScreenBrightnessOverrideFromWindowManagerInternal done
07-06 00:49:49.357 D/PowerManagerService( 1733): setScreenBrightnessOverrideFromWindowManagerInternal done
07-06 00:49:49.376 D/gralloc ( 1204): allocate buffer from ION HEAP 0x1
07-06 00:49:49.376 D/gralloc ( 1204): allocate memory from system heap
07-06 00:49:49.387 D/hwcomposer( 1204): lastHWWindowInfo is dirty
07-06 00:49:49.395 D/RECREATE(12906): onSaveInstanceStateè°ƒç”¨äº†
07-06 00:49:49.396 D/Carousel-CarouselView(12906): onActivityStopped, getSimpleName = HomeMainActivity,hashCode=558015189
07-06 00:49:49.396 D/Carousel-CarouselVideoViewImpl(12906): stopPlay.
07-06 00:49:49.396 D/Carousel-log_video-(12906): onStopPlay!
07-06 00:49:49.396 D/Carousel-log_video-(12906): submitPlayStopLog mLogPlayState:5
07-06 00:49:49.396 D/Carousel-log_video-(12906): No need to repeat play stop log.
07-06 00:49:49.397 I/BaseContentFragment(12906): onStop ç²¾é€‰
07-06 00:49:49.398 I/BaseContentFragment(12906): onStop UserCenterFragment
07-06 00:49:49.399 I/BaseContentFragment(12906): onStop 0-2å²
07-06 00:49:49.400 I/BaseContentFragment(12906): activity onStop
07-06 00:49:49.401 D/test    (12906): vidaaVersion=
07-06 00:49:49.408 D/PowerManagerService( 1733): setScreenBrightnessOverrideFromWindowManagerInternal done
07-06 00:49:49.417 D/gralloc ( 1204): allocate buffer from ION HEAP 0x1
07-06 00:49:49.417 D/gralloc ( 1204): allocate memory from system heap
07-06 00:49:49.417 I/TVMW@HsTvSetting( 1234): Trace cmd, data = 0x1058
07-06 00:49:49.417 D/til@system( 2026): til_get_system_param option:100002F int:0, bool:0, ret:0
07-06 00:49:49.418 I/TVMW@HsTvSetting( 1234): Trace cmd, data = 0x101f
07-06 00:49:49.418 D/til@system( 2026): til_get_system_param option:100001D int:3, bool:3, ret:0
07-06 00:49:49.418 E/til     ( 2026): [til_get_current_input_source, 101] 
07-06 00:49:49.418 I/TVMW@HsTvSetting( 1234): Trace cmd, data = 0x7007
07-06 00:49:49.418 I/tilwrapper@sm( 2026): HS2TIL_SourceType *hs=0xd, *til=0x900
07-06 00:49:49.418 D/til     ( 2026): get current source 2304
07-06 00:49:49.418 D/SourceRemoteServiceHandler( 2026): getCurrentInputSource.from.til.result is 0, value is 2304
07-06 00:49:49.418 D/SourceRemoteServiceHandler( 2026): getInputSourceType source: 0x900, type=2304
07-06 00:49:49.418 D/til     ( 2026): ###### func:til_get_picture_param option:0x3000006 ######  
07-06 00:49:49.418 I/TVMW@HsTvSetting( 1234): Trace cmd, data = 0x1003
07-06 00:49:49.419 I/TVMW@HsTvSetting( 1234): Trace cmd, data = 0x8032
07-06 00:49:49.419 I/hstvos  ( 1216): [0m[1;33m[HSHAL][HS_VIDEO][HS_HAL_Video_SetOsdDetect_v2][2389]u16Threshold = 20
07-06 00:49:49.419 I/MiSysSrv( 1214): Not support now! 42, change to mm_video!!!
07-06 00:49:49.419 E/TVMW@videoctrl( 1234):  getOsd is 1
07-06 00:49:49.420 D/til@system( 2026): til_get_system_param option:1000027 int:1, bool:1, ret:0
07-06 00:49:49.420 D/til     ( 2026): ###### func:til_get_picture_param option:0x3000045 ######  
07-06 00:49:49.420 I/TVMW@HsTvSetting( 1234): Trace cmd, data = 0x300c
07-06 00:49:49.420 I/TVMW@HsTvSetting( 1234): Trace 3d, data = 0x300c
07-06 00:49:49.420 I/TVMW@3d ( 1234): Hs_debug3d_trace: func:get3dStatus, line:109
07-06 00:49:49.443 D/GlobalInputEventMonitoringService( 1733): interceptKeyBeforeQueueing(), event:111, mNeedMonitorKeyEvent:true, mWaitForKeyUpEvent:false
07-06 00:49:49.443 D/GlobalInputEventMonitoringService( 1733): processKeyEvent(), processKeyEvent event:111
07-06 00:49:49.443 D/WindowManager( 1733): interceptKeyTq keycode=111 interactive=true keyguardActive=false policyFlags=2b000000 isCancled= false
07-06 00:49:49.444 D/PowerManagerService( 1733): userActivityNoUpdateLocked: eventTime=22231014, event=1, flags=0x0, uid=1000
07-06 00:49:49.444 D/WindowManager( 1733): interceptKeyTi keyCode=111 down=true repeatCount=0 keyguardOn=false mHomePressed=false canceled=false
07-06 00:49:49.444 D/WindowManager( 1733): Hisense systemkey event: 111
07-06 00:49:49.444 D/HisenseGlobalKeyManager( 1733): handleGlobalKey() : Global event = KeyEvent { action=ACTION_DOWN, keyCode=KEYCODE_ESCAPE, scanCode=0, metaState=0, flags=0x0, repeatCount=0, eventTime=22231014, downTime=22231014, deviceId=-1, source=0x101 }
07-06 00:49:49.469 D/SogouIME( 2203): [onKeyDown] keycode = 111 model = VIDAA_TV
07-06 00:49:49.471 E/SOGOUIME_JNI( 2203): reset
07-06 00:49:49.471 E/SOGOUIME_JNI( 2203): getCandidates
07-06 00:49:49.471 E/SOGOUIME_JNI( 2203): ime_get_uncommitted_length
07-06 00:49:49.472 E/SOGOUIME_JNI( 2203): getCandidates
07-06 00:49:49.472 D/SogouIME API( 2203): ==============num:32
07-06 00:49:49.472 E/SOGOUIME_JNI( 2203): ime_get_uncommitted_length
07-06 00:49:49.472 D/SogouIME( 2203): mFocusedComponent:30   isHkbEnable:false
07-06 00:49:49.472 E/SOGOUIME_JNI( 2203): ime_get_uncommitted_length
07-06 00:49:49.472 E/SOGOUIME_JNI( 2203): ime_get_committed_length
07-06 00:49:49.472 E/SOGOUIME_JNI( 2203): getComposingInfo
07-06 00:49:49.472 E/SOGOUIME_JNI( 2203): getComposingInfo
07-06 00:49:49.472 E/SOGOUIME_JNI( 2203): getCorrectInfo
07-06 00:49:49.472 E/SOGOUIME_JNI( 2203): getComposingInfo
07-06 00:49:49.473 E/btif_config( 2964): [btif_config_get] node is TRUE!
07-06 00:49:49.473 E/btif_config( 2964): [btif_config_get] ret is TRUE!
07-06 00:49:49.474 D/gralloc ( 1204): allocate buffer from ION HEAP 0x1
07-06 00:49:49.474 D/gralloc ( 1204): allocate memory from system heap
07-06 00:49:49.479 I/HLSP2P  ( 4523): ## 2017-07-06 00:49:49.478 [4523,4698,:0] INFO ## [HLSP2P][PeerServer.cpp:559][INFO][SendHeartBeatReq][PeerServer] send hearbeat to 123.126.121.155:30013 ok
07-06 00:49:49.492 I/DetailPlayActivity(12906): sunliqin,dispatchKeyEvent:get currnet focus:nullevent kecode111
07-06 00:49:49.493 D/WindowManager( 1733): Unhandled key: win=Window{3686e144 u0 com.hisense.hicloud.edca/com.hisense.hicloud.edca.mediaplayer.activity.DetailPlayActivity}, action=0, flags=0, keyCode=111, scanCode=0, metaState=0, repeatCount=0, policyFlags=1795162112
07-06 00:49:49.493 D/WindowManager( 1733): Fallback: keyCode=4 metaState=0
07-06 00:49:49.493 D/WindowManager( 1733): interceptKeyTq keycode=4 interactive=true keyguardActive=false policyFlags=6b000000 isCancled= false
07-06 00:49:49.493 D/WindowManager( 1733): interceptKeyTi keyCode=4 down=true repeatCount=0 keyguardOn=false mHomePressed=false canceled=false
07-06 00:49:49.493 D/WindowManager( 1733): Hisense systemkey event: 4
07-06 00:49:49.493 D/HisenseGlobalKeyManager( 1733): handleGlobalKey() : Global event = KeyEvent { action=ACTION_DOWN, keyCode=KEYCODE_BACK, scanCode=0, metaState=0, flags=0x400, repeatCount=0, eventTime=22231014, downTime=22231014, deviceId=-1, source=0x101 }
07-06 00:49:49.494 D/WindowManager( 1733): Performing fallback: KeyEvent { action=ACTION_DOWN, keyCode=KEYCODE_BACK, scanCode=0, metaState=0, flags=0x400, repeatCount=0, eventTime=22231014, downTime=22231014, deviceId=-1, source=0x101 }
07-06 00:49:49.500 D/SogouIME( 2203): [onKeyDown] keycode = 4 model = VIDAA_TV
07-06 00:49:49.501 I/HLSP2P  ( 4523): ## 2017-07-06 00:49:49.501 [4523,4702,:0] INFO ## [HLSP2P][PeerServer.cpp:738][INFO][OnHeartBeatRsp][PeerServer] ps heartbeat rsp ok
07-06 00:49:49.501 E/SOGOUIME_JNI( 2203): reset
07-06 00:49:49.501 E/SOGOUIME_JNI( 2203): getCandidates
07-06 00:49:49.502 E/SOGOUIME_JNI( 2203): ime_get_uncommitted_length
07-06 00:49:49.502 E/SOGOUIME_JNI( 2203): getCandidates
07-06 00:49:49.502 D/SogouIME API( 2203): ==============num:32
07-06 00:49:49.502 E/SOGOUIME_JNI( 2203): ime_get_uncommitted_length
07-06 00:49:49.502 D/SogouIME( 2203): mFocusedComponent:30   isHkbEnable:false
07-06 00:49:49.502 E/SOGOUIME_JNI( 2203): ime_get_uncommitted_length
07-06 00:49:49.502 E/SOGOUIME_JNI( 2203): ime_get_committed_length
07-06 00:49:49.502 E/SOGOUIME_JNI( 2203): getComposingInfo
07-06 00:49:49.502 E/SOGOUIME_JNI( 2203): getComposingInfo
07-06 00:49:49.502 E/SOGOUIME_JNI( 2203): getCorrectInfo
07-06 00:49:49.502 E/SOGOUIME_JNI( 2203): getComposingInfo
07-06 00:49:49.513 I/DetailPlayActivity(12906): sunliqin,dispatchKeyEvent:get currnet focus:nullevent kecode4
07-06 00:49:49.515 D/GlobalInputEventMonitoringService( 1733): interceptKeyBeforeQueueing(), event:111, mNeedMonitorKeyEvent:true, mWaitForKeyUpEvent:false
07-06 00:49:49.515 D/GlobalInputEventMonitoringService( 1733): processKeyEvent(), processKeyEvent event:111
07-06 00:49:49.515 D/WindowManager( 1733): interceptKeyTq keycode=111 interactive=true keyguardActive=false policyFlags=2b000000 isCancled= false
07-06 00:49:49.515 D/WindowManager( 1733): interceptKeyTi keyCode=111 down=false repeatCount=0 keyguardOn=false mHomePressed=false canceled=false
07-06 00:49:49.515 D/WindowManager( 1733): Hisense systemkey event: 111
07-06 00:49:49.515 D/HisenseGlobalKeyManager( 1733): handleGlobalKey() : Global event = KeyEvent { action=ACTION_UP, keyCode=KEYCODE_ESCAPE, scanCode=0, metaState=0, flags=0x0, repeatCount=0, eventTime=22231014, downTime=22231014, deviceId=-1, source=0x101 }
07-06 00:49:49.524 I/DetailPlayActivity(12906): sunliqin,dispatchKeyEvent:get currnet focus:nullevent kecode111
07-06 00:49:49.525 D/WindowManager( 1733): Unhandled key: win=Window{3686e144 u0 com.hisense.hicloud.edca/com.hisense.hicloud.edca.mediaplayer.activity.DetailPlayActivity}, action=1, flags=0, keyCode=111, scanCode=0, metaState=0, repeatCount=0, policyFlags=1795162112
07-06 00:49:49.525 D/WindowManager( 1733): Fallback: keyCode=4 metaState=0
07-06 00:49:49.525 D/WindowManager( 1733): interceptKeyTq keycode=4 interactive=true keyguardActive=false policyFlags=6b000000 isCancled= false
07-06 00:49:49.525 D/WindowManager( 1733): interceptKeyTi keyCode=4 down=false repeatCount=0 keyguardOn=false mHomePressed=false canceled=false
07-06 00:49:49.525 D/WindowManager( 1733): Hisense systemkey event: 4
07-06 00:49:49.525 D/HisenseGlobalKeyManager( 1733): handleGlobalKey() : Global event = KeyEvent { action=ACTION_UP, keyCode=KEYCODE_BACK, scanCode=0, metaState=0, flags=0x400, repeatCount=0, eventTime=22231014, downTime=22231014, deviceId=-1, source=0x101 }
07-06 00:49:49.525 D/WindowManager( 1733): Performing fallback: KeyEvent { action=ACTION_UP, keyCode=KEYCODE_BACK, scanCode=0, metaState=0, flags=0x400, repeatCount=0, eventTime=22231014, downTime=22231014, deviceId=-1, source=0x101 }
07-06 00:49:49.532 I/DetailPlayActivity(12906): sunliqin,dispatchKeyEvent:get currnet focus:nullevent kecode4
07-06 00:49:49.535 D/OsdMonitorService( 1733): mCurrentWindow = com.hisense.hicloud.edca/com.hisense.hicloud.edca.mediaplayer.activity.DetailPlayActivity; newWindow = com.hisense.hicloud.edca/com.hisense.hicloud.edca.mediaplayer.activity.DetailPlayActivity; isSubWindow = false; isInWinList = false; isExitNow = false
07-06 00:49:49.535 D/OsdMonitorService( 1733): windowNotOsd() : name = com.hisense.hicloud.edca/com.hisense.hicloud.edca.mediaplayer.activity.DetailPlayActivity
07-06 00:49:49.535 I/OsdMonitorService( 1733): setOsdStatus() : status will change from true to true
07-06 00:49:49.536 I/UsageStatsService( 1733): paused component:com.hisense.hicloud.edca
07-06 00:49:49.536 V/UsageStatsService( 1733): Paused: 22231107   Component: com.hisense.hicloud.edca/com.hisense.hicloud.edca.mediaplayer.activity.DetailPlayActivity   Time: 1499273389536 LastSessionTime: 1158 CumulativeSessionTime: 10237415
07-06 00:49:49.536 D/UsageStatsService( 1733): UsageStats: broadcasting intent
07-06 00:49:49.536 W/ContextImpl( 1733): Calling a method in the system process without a qualified user: android.app.ContextImpl.sendBroadcast:1327 com.android.server.usage.UsageStatsService.insertUsageStats:1104 com.android.server.usage.UsageStatsService$PkgUsageStatsExtended.updatePause:979 com.android.server.usage.UsageStatsService$LocalService.notePauseComponent:808 com.android.server.am.ActivityManagerService.updateUsageStats:3173 
07-06 00:49:49.538 D/PowerManagerService( 1733): acquireWakeLockInternal: lock=681732318, flags=0x1, tag="ActivityManager-Launch", ws=null, uid=1000, pid=1733
07-06 00:49:49.538 D/PowerManagerNotifier( 1733): onWakeLockAcquired: flags=1, tag="ActivityManager-Launch", packageName=android, ownerUid=1000, ownerPid=1733, workSource=null
07-06 00:49:49.540 D/DetailPlayActivity(12906): ---------------------------onpause
07-06 00:49:49.540 D/UsageStatsService( 1733): User[0] Got usage event for com.hisense.hicloud.edca[1499273389536]: MOVE_TO_BACKGROUND
07-06 00:49:49.541 I/ActivityManager( 1733): TR16) TaskRecord{1701f29a #5548 A=com.hisense.hicloud.edca U=0 sz=2}
07-06 00:49:49.541 I/ActivityManager( 1733): TR15) TaskRecord{cd10cea #4980 A=com.jamdeo.launcher U=0 sz=1}
07-06 00:49:49.542 I/ReportService( 3281): Intent received, action = android.intent.action.INSERT
07-06 00:49:49.544 I/ReportService( 3281): modelName is VIDAA_TV
07-06 00:49:49.545 E/til     ( 2026): [til_get_current_input_source, 101] 
07-06 00:49:49.546 I/TVMW@HsTvSetting( 1234): Trace cmd, data = 0x7007
07-06 00:49:49.547 I/tilwrapper@sm( 2026): HS2TIL_SourceType *hs=0xd, *til=0x900
07-06 00:49:49.547 I/UsageStatsService( 1733): resumed component name is ComponentInfo{com.hisense.hicloud.edca/com.hisense.tvui.newhome.HomeMainActivity}
07-06 00:49:49.547 D/til     ( 2026): get current source 2304
07-06 00:49:49.547 I/UsageStatsService( 1733): started component:com.hisense.hicloud.edca
07-06 00:49:49.547 D/SourceRemoteServiceHandler( 2026): getCurrentInputSource.from.til.result is 0, value is 2304
07-06 00:49:49.547 V/PackageManager( 1733): getPackageInfo com.hisense.hicloud.edca: Package{3fb3f3a1 com.hisense.hicloud.edca}
07-06 00:49:49.547 D/SourceRemoteServiceHandler( 2026): getInputSourceType source: 0x900, type=2304
07-06 00:49:49.547 V/UsageStatsService( 1733): Resumed: 22231118   Component: com.hisense.hicloud.edca/com.hisense.tvui.newhome.HomeMainActivity   Time: 1499273389547 VersionCode: 652   LastUpdateTime: 1499256171569
07-06 00:49:49.547 D/UsageStatsService( 1733): UsageStats: broadcasting intent
07-06 00:49:49.547 I/ReportService( 3281): getCurIntputSource2304
07-06 00:49:49.547 E/til     ( 2026): [til_get_current_input_source, 101] 
07-06 00:49:49.548 I/TVMW@HsTvSetting( 1234): Trace cmd, data = 0x7007
07-06 00:49:49.548 D/UsageStatsService( 1733): User[0] Got usage event for com.hisense.hicloud.edca[1499273389547]: MOVE_TO_FOREGROUND
07-06 00:49:49.548 I/tilwrapper@sm( 2026): HS2TIL_SourceType *hs=0xd, *til=0x900
07-06 00:49:49.548 D/til     ( 2026): get current source 2304
07-06 00:49:49.548 D/SourceRemoteServiceHandler( 2026): getCurrentInputSource.from.til.result is 0, value is 2304
07-06 00:49:49.548 D/SourceRemoteServiceHandler( 2026): getInputSourceType source: 0x900, type=2304
07-06 00:49:49.548 W/ContextImpl( 1733): Calling a method in the system process without a qualified user: android.app.ContextImpl.sendBroadcast:1327 com.android.server.usage.UsageStatsService.insertUsageStats:1104 com.android.server.usage.UsageStatsService$PkgUsageStatsExtended.updateResume:962 com.android.server.usage.UsageStatsService$LocalService.noteResumeComponent:759 com.android.server.am.ActivityManagerService.updateUsageStats:3164 
07-06 00:49:49.550 I/ReportService( 3281): siloName isnull
07-06 00:49:49.550 V/PackageManager( 1733): getPackageInfo com.hisense.hicloud.edca: Package{3fb3f3a1 com.hisense.hicloud.edca}
07-06 00:49:49.551 I/ReportService( 3281): HiReport string sent out is:1.5|3|86100300900000500000060a4818fca8|1499273388|1499273389|com.hisense.hicloud.edca|3.0.0.9.00|8
07-06 00:49:49.551 W/ReportService( 3281): enter InsertUserBehaviorDataReportTask  mUri = content://com.hisense.hitv.hicloud.log/loginput mContentValues = lastsessiondurationtime=1158 LOGVALUE=1.5|3|86100300900000500000060a4818fca8|1499273388|1499273389|com.hisense.hicloud.edca|3.0.0.9.00|8 operation=P time=1499273389536 package=com.hisense.hicloud.edca cumulativesessiondurationtime=10237415 versioncode=652 lastupdatetime=1499256171569 _id=null type=APPRUN component=com.hisense.hicloud.edca.mediaplayer.activity.DetailPlayActivity mContext == com.hisense.hireport.ReportService@3a75cda9mType == 95
07-06 00:49:49.552 I/ReportService( 3281): enter doInBackground*****
07-06 00:49:49.555 D/PowerManagerService( 1733): setScreenBrightnessOverrideFromWindowManagerInternal done
07-06 00:49:49.562 I/ReportService( 3281): Intent received, action = android.intent.action.INSERT
07-06 00:49:49.563 I/ReportService( 3281): modelName is VIDAA_TV
07-06 00:49:49.565 E/til     ( 2026): [til_get_current_input_source, 101] 
07-06 00:49:49.565 I/TVMW@HsTvSetting( 1234): Trace cmd, data = 0x7007
07-06 00:49:49.567 I/tilwrapper@sm( 2026): HS2TIL_SourceType *hs=0xd, *til=0x900
07-06 00:49:49.567 D/til     ( 2026): get current source 2304
07-06 00:49:49.567 D/SourceRemoteServiceHandler( 2026): getCurrentInputSource.from.til.result is 0, value is 2304
07-06 00:49:49.567 D/SourceRemoteServiceHandler( 2026): getInputSourceType source: 0x900, type=2304
07-06 00:49:49.567 I/BaseContentFragment(12906): activity onRestart
07-06 00:49:49.567 I/SoftFragmentList(12906): fetchCacheFragment  enter ---- index = 2
07-06 00:49:49.568 D/SoftFragmentList(12906): fetchCacheFragment  mFragmentCache.size() = 3
07-06 00:49:49.568 D/SoftFragmentList(12906): fetchCacheFragment mLastIndex = 2, view = ç²¾é€‰
07-06 00:49:49.568 I/BaseContentFragment(12906): onRestart ç²¾é€‰
07-06 00:49:49.568 I/ReportService( 3281): getCurIntputSource2304
07-06 00:49:49.570 E/til     ( 2026): [til_get_current_input_source, 101] 
07-06 00:49:49.572 I/TVMW@HsTvSetting( 1234): Trace cmd, data = 0x7007
07-06 00:49:49.574 I/tilwrapper@sm( 2026): HS2TIL_SourceType *hs=0xd, *til=0x900
07-06 00:49:49.574 D/til     ( 2026): get current source 2304
07-06 00:49:49.574 D/SourceRemoteServiceHandler( 2026): getCurrentInputSource.from.til.result is 0, value is 2304
07-06 00:49:49.574 D/SourceRemoteServiceHandler( 2026): getInputSourceType source: 0x900, type=2304
07-06 00:49:49.575 I/ReportService( 3281): siloName isnull
07-06 00:49:49.576 V/PackageManager( 1733): getPackageInfo com.hisense.hicloud.edca: Package{3fb3f3a1 com.hisense.hicloud.edca}
07-06 00:49:49.576 D/Carousel-CarouselView(12906): onActivityStarted, getSimpleName = HomeMainActivity,hashCode=558015189
07-06 00:49:49.576 I/BaseContentFragment(12906): onStart ç²¾é€‰
07-06 00:49:49.578 I/ReportService( 3281): HiReport string sent out is:1.5|3|86100300900000500000060a4818fca8|1499273389|0|com.hisense.hicloud.edca|3.0.0.9.00|8
07-06 00:49:49.578 W/ReportService( 3281): enter InsertUserBehaviorDataReportTask  mUri = content://com.hisense.hitv.hicloud.log/loginput mContentValues = lastsessiondurationtime=1158 LOGVALUE=1.5|3|86100300900000500000060a4818fca8|1499273389|0|com.hisense.hicloud.edca|3.0.0.9.00|8 operation=R time=1499273389547 package=com.hisense.hicloud.edca cumulativesessiondurationtime=10237415 versioncode=652 lastupdatetime=1499256171569 _id=null type=APPRUN component=com.hisense.tvui.newhome.HomeMainActivity mContext == com.hisense.hireport.ReportService@3a75cda9mType == 95
07-06 00:49:49.579 D/HttpHandler(12906): VerifySignInterCeptor-->request.url()=http://picture.edu.hismarttv.com/images/
07-06 00:49:49.581 D/HttpHandler(12906): VerifySignInterCeptor-->hostname=picture.edu.hismarttv.com
07-06 00:49:49.582 D/OkHttp  (12906): --> GET http://picture.edu.hismarttv.com/images/ http/1.1
07-06 00:49:49.583 D/OkHttp  (12906): Host: picture.edu.hismarttv.com
07-06 00:49:49.583 D/OkHttp  (12906): Connection: Keep-Alive
07-06 00:49:49.583 D/OkHttp  (12906): Accept-Encoding: gzip
07-06 00:49:49.583 D/OkHttp  (12906): User-Agent: okhttp/3.6.0
07-06 00:49:49.583 D/OkHttp  (12906): --> END GET
07-06 00:49:49.585 I/BaseContentFragment(12906): onStart UserCenterFragment
07-06 00:49:49.591 I/BaseContentFragment(12906): onStart 0-2å²
07-06 00:49:49.600 I/ReportService( 3281): result is content://com.hisense.hitv.hicloud.log/loginput/1
07-06 00:49:49.601 I/BaseContentFragment(12906): activity onStart
07-06 00:49:49.601 D/test    (12906): vidaaVersion=
07-06 00:49:49.602 D/Carousel-CarouselView(12906): onActivityResumed, getSimpleName = HomeMainActivity,hashCode=558015189
07-06 00:49:49.602 W/Activity(12906): changePanelKeyPadStateIfNecessary() : false
07-06 00:49:49.602 V/InputManager(12906): setPanelKeyPadConvertState() : false
07-06 00:49:49.604 I/BaseContentFragment(12906): activity onResume
07-06 00:49:49.604 I/CurrentCarouselView(12906): onCarouseControlCarouselControlBean{mShoudScroll=false, mActivityHasResume=true, mActivityHasStop=false, mHasTurnGone=false, mHasTurnVisible=false, mChannelId=-1, mSlideOffset=0.0, mShouldSelectCenter=false, mTabOpen=false, mHoriPosStatus=None, mVerPosStatus=None, mLevelStatus=None},isPlayingfalse,channelId=0
07-06 00:49:49.604 I/CurrentCarouselView(12906): isCanStartPlay,mIsInPagetrue,isOutHorizontal=false,isOutVer=true,isplaying=false
07-06 00:49:49.604 I/BaseContentFragment(12906): onResume ç²¾é€‰
07-06 00:49:49.605 I/BaseContentFragment(12906): onResume UserCenterFragment
07-06 00:49:49.605 I/BaseContentFragment(12906): onResume 0-2å²
07-06 00:49:49.606 I/ReportService( 3281): enter onPostExecute result is: true
07-06 00:49:49.606 I/ReportService( 3281): enter doInBackground*****
07-06 00:49:49.610 I/SurfaceView(12906): Changes: creating=false format=false size=false visible=true left=false top=false
07-06 00:49:49.610 I/SurfaceView(12906): Cur surface: Surface(name=null)/@0x25e5afc9
07-06 00:49:49.616 D/Surface ( 1733): onStatusChange() : mNativeObject = 547942774784 mUseImageHwRender = false
07-06 00:49:49.616 V/Surface ( 1733): nativeSetHardwareRender() : status = 0
07-06 00:49:49.616 V/Surface ( 1733): nativeSetHardwareRender() : end
07-06 00:49:49.618 D/PowerManagerService( 1733): setScreenBrightnessOverrideFromWindowManagerInternal done
07-06 00:49:49.620 D/Surface ( 1733): onStatusChange() : mNativeObject = 0 mUseImageHwRender = false
07-06 00:49:49.621 D/Surface (12906): onStatusChange() : mNativeObject = -195821824 mUseImageHwRender = false
07-06 00:49:49.621 V/Surface (12906): nativeSetHardwareRender() : status = 0
07-06 00:49:49.621 V/Surface (12906): nativeSetHardwareRender() : end
07-06 00:49:49.621 I/SurfaceView(12906): New surface: Surface(name=null)/@0x1a0219ef, vis=true, frame=Rect(418, 205 - 1234, 665)
07-06 00:49:49.621 D/Surface (12906): onStatusChange() : mNativeObject = 0 mUseImageHwRender = false
07-06 00:49:49.621 D/Surface (12906): onStatusChange() : mNativeObject = -195821824 mUseImageHwRender = false
07-06 00:49:49.621 V/Surface (12906): nativeSetHardwareRender() : status = 0
07-06 00:49:49.621 V/Surface (12906): nativeSetHardwareRender() : end
07-06 00:49:49.621 I/SurfaceView(12906): visibleChanged -- surfaceCreated
07-06 00:49:49.621 D/Carousel-UrlVideoView(12906): surfaceCreated
07-06 00:49:49.626 I/ReportService( 3281): result is content://com.hisense.hitv.hicloud.log/loginput/1
07-06 00:49:49.627 D/Carousel-UrlVideoView(12906): openVideo
07-06 00:49:49.628 I/ReportService( 3281): enter onPostExecute result is: true
07-06 00:49:49.630 V/MediaPlayer-JNI(12906): native_setup
07-06 00:49:49.631 V/AudioFlinger( 1206): acquiring 915 from 12906, for -1
07-06 00:49:49.631 V/AudioFlinger( 1206):  added new entry for 915
07-06 00:49:49.631 V/MediaPlayer-JNI(12906): set_session_id(): 913
07-06 00:49:49.631 V/AudioFlinger( 1206): acquiring 913 from 12906, for -1
07-06 00:49:49.631 V/AudioFlinger( 1206):  added new entry for 913
07-06 00:49:49.632 V/AudioFlinger( 1206): releasing 915 from 12906 for -1
07-06 00:49:49.632 V/AudioFlinger( 1206):  decremented refcount to 0
07-06 00:49:49.632 V/AudioFlinger( 1206): purging stale effects
07-06 00:49:49.632 D/Carousel-Utils(12906): origin url is : http://jhxvideo-ws.video-tx.com/rendition/201705/205989353451683841/205989353451684353/bb/243216185158536196/243216215223308548/r243216215223308548-3200k-1920x1080.mp4
07-06 00:49:49.632 D/Carousel-Utils(12906): time=1499273388
07-06 00:49:49.632 D/Carousel-UrlVideoView(12906): encryptUrlIfNecessary url=http://jhxvideo-ws.video-tx.com/rendition/201705/205989353451683841/205989353451684353/bb/243216185158536196/243216215223308548/r243216215223308548-3200k-1920x1080.mp4?wsSecret=9fd31b4e353bac3455e8b06d28d5cc54&wsTime=595d18ac
07-06 00:49:49.635 D/MediaPlayer(12906): Couldn't open file on client side, trying server side
07-06 00:49:49.635 I/NetflixMonitorService( 1733): current fgapk : com.hisense.hicloud.edca
07-06 00:49:49.636 I/NetflixMonitorService( 1733): Netflix status unchanged
07-06 00:49:49.637 V/MediaPlayer-JNI(12906): setDataSource: path http://jhxvideo-ws.video-tx.com/rendition/201705/205989353451683841/205989353451684353/bb/243216185158536196/243216215223308548/r243216215223308548-3200k-1920x1080.mp4?wsSecret=9fd31b4e353bac3455e8b06d28d5cc54&wsTime=595d18ac
07-06 00:49:49.638 V/NuPlayer( 1206): [NuPlayer-264]
07-06 00:49:49.639 I/NuPlayer( 1206): NuPlayerRMClientListener::NuPlayerRMClientListener
07-06 00:49:49.639 V/RMClient( 1206): #586:RMClient
07-06 00:49:49.639 V/NuPlayer( 1206): kWhatSetAudioSink
07-06 00:49:49.639 V/NuPlayer( 1206): kWhatSetDataSource
07-06 00:49:49.640 V/NuPlayer( 1206): kWhatSetVideoNativeWindow
07-06 00:49:49.640 W/ALooperRoster( 1206): failed to post message. Target handler 0 still registered, but object gone.
07-06 00:49:49.640 V/NuPlayer( 1206): performSetSurface
07-06 00:49:49.640 V/MediaPlayer-JNI(12906): setAudioStreamType: 3
07-06 00:49:49.640 E/MediaPlayer-JNI(12906): android_media_MediaPlayer_prepareAsync call getSubtitleSurface
07-06 00:49:49.640 E/MediaPlayer-JNI(12906): android_media_MediaPlayer_prepareAsync call setSubtitleSurfaceTexture
07-06 00:49:49.640 E/        (12906): setSubtitleSurfaceTexture
07-06 00:49:49.640 I/SurfaceView(12906): surfaceChanged -- format=4 w=1920 h=1080
07-06 00:49:49.640 D/Carousel-UrlVideoView(12906): surfaceChanged
07-06 00:49:49.641 D/Carousel-UrlVideoView(12906): isValidState:false,hasValidSize:true
07-06 00:49:49.641 D/Carousel-UrlVideoView(12906): mVideoWidth:1920,mVideoHeight:1080,w:1920,h:1080
07-06 00:49:49.641 V/SurfaceView(12906): Layout: x=418 y=205 w=816 h=460, frame=Rect(0, 0 - 816, 460)
07-06 00:49:49.645 D/MediaHTTPConnection(12906): connect: uri=http://jhxvideo-ws.video-tx.com/rendition/201705/205989353451683841/205989353451684353/bb/243216185158536196/243216215223308548/r243216215223308548-3200k-1920x1080.mp4?wsSecret=9fd31b4e353bac3455e8b06d28d5cc54&wsTime=595d18ac, headers=User-Agent: stagefright/1.2 (Linux;Android 5.1.1)
07-06 00:49:49.647 D/MediaHTTPConnection(12906): seekTo 0
07-06 00:49:49.648 D/Surface ( 1733): onStatusChange() : mNativeObject = 547942799872 mUseImageHwRender = false
07-06 00:49:49.648 V/Surface ( 1733): nativeSetHardwareRender() : status = 0
07-06 00:49:49.648 V/Surface ( 1733): nativeSetHardwareRender() : end
07-06 00:49:49.649 D/OsdMonitorService( 1733): mCurrentWindow = com.hisense.hicloud.edca/com.hisense.hicloud.edca.mediaplayer.activity.DetailPlayActivity; newWindow = com.hisense.hicloud.edca/com.hisense.tvui.newhome.HomeMainActivity; isSubWindow = false; isInWinList = false; isExitNow = false
07-06 00:49:49.649 D/OsdMonitorService( 1733): windowNotOsd() : name = com.hisense.hicloud.edca/com.hisense.tvui.newhome.HomeMainActivity
07-06 00:49:49.649 I/OsdMonitorService( 1733): setOsdStatus() : status will change from true to true
07-06 00:49:49.650 D/PowerManagerService( 1733): setScreenBrightnessOverrideFromWindowManagerInternal done
07-06 00:49:49.651 D/MediaHTTPConnection(12906): hitting http://jhxvideo-ws.video-tx.com/rendition/201705/205989353451683841/205989353451684353/bb/243216185158536196/243216215223308548/r243216215223308548-3200k-1920x1080.mp4?wsSecret=9fd31b4e353bac3455e8b06d28d5cc54&wsTime=595d18ac
07-06 00:49:49.652 D/Surface ( 1733): onStatusChange() : mNativeObject = 0 mUseImageHwRender = false
07-06 00:49:49.653 D/Surface (12906): onStatusChange() : mNativeObject = -195818240 mUseImageHwRender = false
07-06 00:49:49.653 V/Surface (12906): nativeSetHardwareRender() : status = 0
07-06 00:49:49.653 V/Surface (12906): nativeSetHardwareRender() : end
07-06 00:49:49.657 D/OkHttp  (12906): <-- 200 OK http://api.edu.hismarttv.com/payment/api/order/checkValid?resourceId=3535&resourceType=0&devType=0&accessToken=72DF6038D2AEAB8A76DFBBBBCC428A4A_000684289006219&sign=c51fd2314bee7b4aeb086cb7919f4086&uuid=13287129&mac=a8:a6:48:18:fc:a8&devid=86100300900000500000060a4818fca8&version=00.002.003&subscriberId=13287129&customerId=7195320&model_id=0&APPPackage=com.hisense.hicloud.edca&PFAPPCode=652&APPVersionName=3.0.0.9.00&ChannelId=0&softwareVersion=LED50MU8600UC0000888&tv_distribute_id=00&APIVersion=600 (543ms)
07-06 00:49:49.657 D/OkHttp  (12906): Server: nginx
07-06 00:49:49.657 D/OkHttp  (12906): Date: Wed, 05 Jul 2017 16:49:49 GMT
07-06 00:49:49.657 D/OkHttp  (12906): Content-Type: application/json
07-06 00:49:49.657 D/OkHttp  (12906): Content-Length: 215
07-06 00:49:49.657 D/OkHttp  (12906): Connection: close
07-06 00:49:49.657 D/OkHttp  (12906): <-- END HTTP
07-06 00:49:49.660 D/gralloc ( 1204): allocate buffer from ION HEAP 0x1
07-06 00:49:49.660 D/gralloc ( 1204): allocate memory from system heap
07-06 00:49:49.663 D/HttpHandler(12906): RetryIntercepter-->retryNum=0
07-06 00:49:49.663 D/HttpHandler(12906): RetryIntercepter-->backoffmutiplier=0
07-06 00:49:49.664 D/HttpHandler(12906): VerifySignInterCeptor-->dateType=1
07-06 00:49:49.664 D/HttpHandler(12906): VerifySignInterCeptor-->HttpRequestManager.httpClietOption.getVerifyFlag()=1
07-06 00:49:49.666 D/gralloc ( 1204): allocate buffer from ION HEAP 0x1
07-06 00:49:49.666 D/gralloc ( 1204): allocate memory from system heap
07-06 00:49:49.666 D/HttpHandler(12906): VerifySignInterCeptor-->content={"endTime": 0, "isOrder": 0}
07-06 00:49:49.672 D/gralloc ( 1204): allocate buffer from ION HEAP 0x1
07-06 00:49:49.672 D/gralloc ( 1204): allocate memory from system heap
07-06 00:49:49.676 I/SurfaceView(12906): Changes: creating=false format=false size=false visible=false left=false top=false
07-06 00:49:49.676 I/SurfaceView(12906): Cur surface: Surface(name=null)/@0x25e5afc9
07-06 00:49:49.677 D/Surface ( 1733): onStatusChange() : mNativeObject = 547942774784 mUseImageHwRender = false
07-06 00:49:49.678 V/Surface ( 1733): nativeSetHardwareRender() : status = 0
07-06 00:49:49.678 V/Surface ( 1733): nativeSetHardwareRender() : end
07-06 00:49:49.678 D/OsdMonitorService( 1733): mCurrentWindow = com.hisense.hicloud.edca/com.hisense.tvui.newhome.HomeMainActivity; newWindow = com.hisense.hicloud.edca/com.hisense.tvui.newhome.HomeMainActivity; isSubWindow = false; isInWinList = false; isExitNow = false
07-06 00:49:49.678 D/OsdMonitorService( 1733): windowNotOsd() : name = com.hisense.hicloud.edca/com.hisense.tvui.newhome.HomeMainActivity
07-06 00:49:49.678 I/OsdMonitorService( 1733): setOsdStatus() : status will change from true to true
07-06 00:49:49.681 D/PowerManagerService( 1733): setScreenBrightnessOverrideFromWindowManagerInternal done
07-06 00:49:49.683 D/Surface ( 1733): onStatusChange() : mNativeObject = 0 mUseImageHwRender = false
07-06 00:49:49.684 D/Surface (12906): onStatusChange() : mNativeObject = -536758272 mUseImageHwRender = false
07-06 00:49:49.684 V/Surface (12906): nativeSetHardwareRender() : status = 0
