07-05 23:05:10.290 I/TVMW@3d ( 1234): Hs_debug3d_trace: func:get3dStatus, line:109
07-05 23:05:10.295 D/NtpTrustedTime( 1733): currentTimeMillis() cache hit
07-05 23:05:10.297 D/NtpTrustedTime( 1733): currentTimeMillis() cache hit
07-05 23:05:10.297 D/NtpTrustedTime( 1733): currentTimeMillis() cache hit
07-05 23:05:10.297 D/PowerManagerService( 1733): releaseWakeLockInternal: lock=113832109 [NetworkStats], flags=0x0
07-05 23:05:10.297 D/PowerManagerNotifier( 1733): onWakeLockReleased: flags=1, tag="NetworkStats", packageName=android, ownerUid=1000, ownerPid=1733, workSource=null
07-05 23:05:10.300 I/MyFragmentStateAdapter(19021): getCount
07-05 23:05:10.304 I/art     (19021): Background sticky concurrent mark sweep GC freed 43012(1709KB) AllocSpace objects, 4(64KB) LOS objects, 6% free, 26MB/28MB, paused 12.333ms total 161.896ms
07-05 23:05:10.358 I/MyFragmentStateAdapter(19021): getCount
07-05 23:05:10.392 I/MyFragmentStateAdapter(19021): getCount
07-05 23:05:10.419 I/MyFragmentStateAdapter(19021): getCount
07-05 23:05:10.448 I/MyFragmentStateAdapter(19021): getCount
07-05 23:05:10.469 I/MiSysSrv( 1214): [37m[INFO] Change to Voltage: 102 mv (0x23)[m
07-05 23:05:10.479 I/MyFragmentStateAdapter(19021): getCount
07-05 23:05:10.484 D/MSTAR_VDEC_DBG( 1206): Stream ID: 0, Rate : 24 (E:0,D:0,S:0,F:71) 
07-05 23:05:10.524 I/MyFragmentStateAdapter(19021): getCount
07-05 23:05:10.549 I/MyFragmentStateAdapter(19021): getCount
07-05 23:05:10.570 I/MiSysSrv( 1214): [37m[INFO] Change to Voltage: 117 mv (0x32)[m
07-05 23:05:10.586 I/MyFragmentStateAdapter(19021): getCount
07-05 23:05:10.619 I/MyFragmentStateAdapter(19021): getCount
07-05 23:05:10.641 I/MyFragmentStateAdapter(19021): getCount
07-05 23:05:10.669 I/MiSysSrv( 1214): [37m[INFO] Change to Voltage: 112 mv (0x2D)[m
07-05 23:05:10.673 I/MyFragmentStateAdapter(19021): getCount
07-05 23:05:10.706 I/MyFragmentStateAdapter(19021): getCount
07-05 23:05:10.719 I/TVMW@devctrl( 1234): wdt
07-05 23:05:10.729 V/HotPlugDetectionAction( 1733): Poll all devices.
07-05 23:05:10.729 I/MyFragmentStateAdapter(19021): getCount
07-05 23:05:10.774 I/MyFragmentStateAdapter(19021): getCount
07-05 23:05:10.791 I/TVMW@HsTvSetting( 1234): Trace cmd, data = 0x1058
07-05 23:05:10.794 D/til@system( 2026): til_get_system_param option:100002F int:0, bool:0, ret:0
07-05 23:05:10.795 I/TVMW@HsTvSetting( 1234): Trace cmd, data = 0x101f
07-05 23:05:10.798 D/til@system( 2026): til_get_system_param option:100001D int:3, bool:3, ret:0
07-05 23:05:10.798 E/til     ( 2026): [til_get_current_input_source, 101] 
07-05 23:05:10.801 I/TVMW@HsTvSetting( 1234): Trace cmd, data = 0x7007
07-05 23:05:10.802 I/tilwrapper@sm( 2026): HS2TIL_SourceType *hs=0xd, *til=0x900
07-05 23:05:10.802 D/til     ( 2026): get current source 2304
07-05 23:05:10.802 D/SourceRemoteServiceHandler( 2026): getCurrentInputSource.from.til.result is 0, value is 2304
07-05 23:05:10.802 D/SourceRemoteServiceHandler( 2026): getInputSourceType source: 0x900, type=2304
07-05 23:05:10.802 D/til     ( 2026): ###### func:til_get_picture_param option:0x3000006 ######  
07-05 23:05:10.802 I/TVMW@HsTvSetting( 1234): Trace cmd, data = 0x1003
07-05 23:05:10.803 I/TVMW@HsTvSetting( 1234): Trace cmd, data = 0x8032
07-05 23:05:10.803 I/hstvos  ( 1216): [0m[1;33m[HSHAL][HS_VIDEO][HS_HAL_Video_SetOsdDetect_v2][2389]u16Threshold = 20
07-05 23:05:10.803 E/TVMW@videoctrl( 1234):  getOsd is 1
07-05 23:05:10.803 D/til@system( 2026): til_get_system_param option:1000027 int:1, bool:1, ret:0
07-05 23:05:10.804 D/til     ( 2026): ###### func:til_get_picture_param option:0x3000045 ######  
07-05 23:05:10.804 I/TVMW@HsTvSetting( 1234): Trace cmd, data = 0x300c
07-05 23:05:10.804 I/TVMW@HsTvSetting( 1234): Trace 3d, data = 0x300c
07-05 23:05:10.804 I/TVMW@3d ( 1234): Hs_debug3d_trace: func:get3dStatus, line:109
07-05 23:05:10.812 I/MyFragmentStateAdapter(19021): getCount
07-05 23:05:10.820 E/btif_config( 2964): [btif_config_get] node is TRUE!
07-05 23:05:10.820 E/btif_config( 2964): [btif_config_get] ret is TRUE!
07-05 23:05:10.861 I/MyFragmentStateAdapter(19021): getCount
07-05 23:05:10.870 I/MiSysSrv( 1214): [37m[INFO] Change to Voltage: 107 mv (0x28)[m
07-05 23:05:10.883 D/GlobalInputEventMonitoringService( 1733): interceptKeyBeforeQueueing(), event:22, mNeedMonitorKeyEvent:true, mWaitForKeyUpEvent:false
07-05 23:05:10.883 D/GlobalInputEventMonitoringService( 1733): processKeyEvent(), processKeyEvent event:22
07-05 23:05:10.883 D/WindowManager( 1733): interceptKeyTq keycode=22 interactive=true keyguardActive=false policyFlags=2b000000 isCancled= false
07-05 23:05:10.883 D/PowerManagerService( 1733): userActivityNoUpdateLocked: eventTime=15952450, event=1, flags=0x0, uid=1000
07-05 23:05:10.884 D/WindowManager( 1733): interceptKeyTi keyCode=22 down=true repeatCount=0 keyguardOn=false mHomePressed=false canceled=false
07-05 23:05:10.884 D/WindowManager( 1733): Hisense systemkey event: 22
07-05 23:05:10.884 D/HisenseGlobalKeyManager( 1733): handleGlobalKey() : Global event = KeyEvent { action=ACTION_DOWN, keyCode=KEYCODE_DPAD_RIGHT, scanCode=0, metaState=0, flags=0x0, repeatCount=0, eventTime=15952450, downTime=15952450, deviceId=-1, source=0x101 }
07-05 23:05:10.909 D/SogouIME( 2203): [onKeyDown] keycode = 22 model = VIDAA_TV
07-05 23:05:10.921 I/MyFragmentStateAdapter(19021): getCount
07-05 23:05:10.957 D/Carousel-CarouselDisplayPlayerLayout(19021): HasFocus:false,keyCode:22
07-05 23:05:10.957 D/Carousel-CarouselDisplayPlayerLayout(19021): isFullScreen:false
07-05 23:05:10.957 I/HomeMainActivity(19021): carousel handle key:false
07-05 23:05:10.958 I/MainHomeView(19021): dispatchKeyEvent ACTION_DOWN now 
07-05 23:05:10.964 I/TabView (19021): onKeyListener() ACTION_DOWN keyCode -- 22
07-05 23:05:10.964 I/SoftFragmentList(19021): fetchCacheFragment  enter ---- index = 2
07-05 23:05:10.964 D/SoftFragmentList(19021): fetchCacheFragment  mFragmentCache.size() = 3
07-05 23:05:10.964 D/SoftFragmentList(19021): fetchCacheFragment mLastIndex = 2, view = 
07-05 23:05:10.964 I/BaseContentFragment(19021): initChildFocustrue,recyclerview=com.hisense.leanback.widget.VerticalGridView{1c60120a VFED.... ........ 0,0-1768,1080 #7f0d02c8 app:id/recyclerview_content}====---mIsVisibleToUser:true-------
07-05 23:05:10.969 I/MiSysSrv( 1214): [37m[INFO] Change to Voltage: 107 mv (0x28)[m
07-05 23:05:10.982 D/til@system( 2026): til_get_system_param option:1000007 int:-1815632896, bool:0, ret:0
07-05 23:05:10.987 D/til@system( 2026): til_get_system_param option:1000009 int:-1815634176, bool:0, ret:0
07-05 23:05:10.989 D/til@system( 2026): til_get_system_param option:1000008 int:-1815633792, bool:128, ret:0
07-05 23:05:10.989 D/HiSDKLogReport(19021): getOperationDetail-productName : LED50MU8600UC
07-05 23:05:10.989 D/HiSDKLogReport(19021): getOperationDetail-plmNumber : 88888
07-05 23:05:10.989 D/HiSDKLogReport(19021): getOperationDetail-swVersion : V0000.00.01A
07-05 23:05:10.989 D/HiSDKLogReport(19021): getOperationDetail-operationDetail : LED50MU8600UC0000888
07-05 23:05:10.991 D/HiSDKLogReport(19021): businessLogReport-log : {eventType=232, APPVersionName=3.0.0.9.00, devid=86100300900000500000060a4818fca8, rowid=-1, uuid=13287129, APIversion=501, eventcode=232000, logversion=2.0, columnid=-1, devType=0, eventPos=000, groupid=-1, ChannelId=0, version=00.002.003, subscriberId=13287129, PFAPPCode=652, tabid=0, softwareVersion=LED50MU8600UC0000888, srceventcode=201000, mac=a8:a6:48:18:fc:a8, accessToken=72DF6038D2AEAB8A76DFBBBBCC428A4A_001892248414107, srctabid=0, APPPackage=com.hisense.hicloud.edca, sessionid=bfc41e6f43ca436691f549d3f45801e9, requesttime=1499267110991, customerId=7195320, model_id=0, requestid=4a948c69e54c47df8917dbab1878a562, tv_distribute_id=00, APIVersion=600, issysrepo=0}
07-05 23:05:10.992 D/BaseContentFragment(19021): initChildFocus firstlineview===>:com.hisense.tvui.newhome.view.SpecialFirstView{7758c3d V.E..... ........ 10,185-1748,691}
07-05 23:05:10.992 D/setHistoryRequestFocus(19021): ===>false
07-05 23:05:10.992 I/FirstlineLayoutManager(19021): left=0,width=1738,scroll Distance=-1488
07-05 23:05:11.002 W/System.err(19021): java.net.ConnectException: failed to connect to /10.18.210.112 (port 8900) after 6000ms: isConnected failed: ECONNREFUSED (Connection refused)
07-05 23:05:11.002 W/System.err(19021): 	at libcore.io.IoBridge.isConnected(IoBridge.java:238)
07-05 23:05:11.002 W/System.err(19021): 	at libcore.io.IoBridge.connectErrno(IoBridge.java:171)
07-05 23:05:11.002 W/System.err(19021): 	at libcore.io.IoBridge.connect(IoBridge.java:122)
07-05 23:05:11.002 W/System.err(19021): 	at java.net.PlainSocketImpl.connect(PlainSocketImpl.java:183)
07-05 23:05:11.002 W/System.err(19021): 	at java.net.PlainSocketImpl.connect(PlainSocketImpl.java:456)
07-05 23:05:11.002 W/System.err(19021): 	at java.net.Socket.connect(Socket.java:882)
07-05 23:05:11.002 W/System.err(19021): 	at com.android.okhttp.internal.Platform.connectSocket(Platform.java:174)
07-05 23:05:11.002 W/System.err(19021): 	at com.android.okhttp.Connection.connect(Connection.java:152)
07-05 23:05:11.002 W/System.err(19021): 	at com.android.okhttp.internal.http.HttpEngine.connect(HttpEngine.java:276)
07-05 23:05:11.002 W/System.err(19021): 	at com.android.okhttp.internal.http.HttpEngine.sendRequest(HttpEngine.java:211)
07-05 23:05:11.002 W/System.err(19021): 	at com.android.okhttp.internal.http.HttpURLConnectionImpl.execute(HttpURLConnectionImpl.java:382)
07-05 23:05:11.002 I/BaseContentFragment(19021): setRowViewSelectedViewHolder{3a835915 position=0 id=-1, oldPos=-1, pLpos:-1},isSelectedfalse
07-05 23:05:11.003 W/System.err(19021): 	at com.android.okhttp.internal.http.HttpURLConnectionImpl.connect(HttpURLConnectionImpl.java:106)
07-05 23:05:11.003 W/System.err(19021): 	at com.hisense.hitv.hicloud.util.ExceptionReport.a(ExceptionReport.java:337)
07-05 23:05:11.003 I/BaseContentFragment(19021): setRowViewSelectedViewHolder{2f9ce101 position=1 id=-1, oldPos=-1, pLpos:-1},isSelectedtrue
07-05 23:05:11.003 W/System.err(19021): 	at com.hisense.hitv.hicloud.util.ExceptionReport.a(ExceptionReport.java:39)
07-05 23:05:11.003 I/RoleContentFragment(19021): onChildSelected:1,lastPos=0
07-05 23:05:11.003 W/System.err(19021): 	at com.hisense.hitv.hicloud.util.ExceptionReport$1.run(ExceptionReport.java:83)
07-05 23:05:11.003 W/System.err(19021): 	at java.lang.Thread.run(Thread.java:818)
07-05 23:05:11.003 W/System.err(19021): Caused by: android.system.ErrnoException: isConnected failed: ECONNREFUSED (Connection refused)
07-05 23:05:11.003 W/System.err(19021): 	at libcore.io.IoBridge.isConnected(IoBridge.java:223)
07-05 23:05:11.003 W/System.err(19021): 	... 15 more
07-05 23:05:11.004 E/btif_config( 2964): [btif_config_get] node is TRUE!
07-05 23:05:11.004 E/btif_config( 2964): [btif_config_get] ret is TRUE!
07-05 23:05:11.008 I/NetflixMonitorService( 1733): current fgapk : com.hisense.hicloud.edca
07-05 23:05:11.008 I/NetflixMonitorService( 1733): Netflix status unchanged
07-05 23:05:11.026 I/TabView (19021): onfocuschange:false
07-05 23:05:11.027 D/TabView (19021): icon---:2
07-05 23:05:11.027 E/TabView (19021): 
07-05 23:05:11.057 D/MyLocalStartService(16899): currentName is :com.hisense.hicloud.edca
07-05 23:05:11.059 D/HttpHandler(19021): VerifySignInterCeptor-->request.url()=http://picture.edu.hismarttv.com/images/20170628121925625089.png
07-05 23:05:11.059 D/HttpHandler(19021): VerifySignInterCeptor-->hostname=picture.edu.hismarttv.com
07-05 23:05:11.059 D/CommonHeader(19021): onTabStatusChanged tabstatus===>:40000
07-05 23:05:11.070 D/OkHttp  (19021): --> GET http://picture.edu.hismarttv.com/images/20170628121925625089.png http/1.1
07-05 23:05:11.070 D/OkHttp  (19021): Host: picture.edu.hismarttv.com
07-05 23:05:11.070 D/OkHttp  (19021): Connection: Keep-Alive
07-05 23:05:11.070 D/OkHttp  (19021): Accept-Encoding: gzip
07-05 23:05:11.070 D/OkHttp  (19021): User-Agent: okhttp/3.6.0
07-05 23:05:11.070 D/OkHttp  (19021): --> END GET
07-05 23:05:11.072 I/MiSysSrv( 1214): [37m[INFO] Change to Voltage: 102 mv (0x23)[m
07-05 23:05:11.100 D/GlobalInputEventMonitoringService( 1733): interceptKeyBeforeQueueing(), event:22, mNeedMonitorKeyEvent:true, mWaitForKeyUpEvent:false
07-05 23:05:11.100 D/GlobalInputEventMonitoringService( 1733): processKeyEvent(), processKeyEvent event:22
07-05 23:05:11.100 D/WindowManager( 1733): interceptKeyTq keycode=22 interactive=true keyguardActive=false policyFlags=2b000000 isCancled= false
07-05 23:05:11.100 D/WindowManager( 1733): interceptKeyTi keyCode=22 down=false repeatCount=0 keyguardOn=false mHomePressed=false canceled=false
07-05 23:05:11.100 D/WindowManager( 1733): Hisense systemkey event: 22
07-05 23:05:11.100 D/HisenseGlobalKeyManager( 1733): handleGlobalKey() : Global event = KeyEvent { action=ACTION_UP, keyCode=KEYCODE_DPAD_RIGHT, scanCode=0, metaState=0, flags=0x0, repeatCount=0, eventTime=15952450, downTime=15952450, deviceId=-1, source=0x101 }
07-05 23:05:11.113 I/MyFragmentStateAdapter(19021): getCount
07-05 23:05:11.118 D/OkHttp  (19021): <-- 200 OK http://picture.edu.hismarttv.com/images/20170628121925625089.png (48ms)
07-05 23:05:11.118 D/OkHttp  (19021): Date: Wed, 05 Jul 2017 14:11:59 GMT
07-05 23:05:11.118 D/OkHttp  (19021): Server: nginx
07-05 23:05:11.118 D/OkHttp  (19021): Content-Type: image/png
07-05 23:05:11.118 D/OkHttp  (19021): Content-Length: 3689
07-05 23:05:11.118 D/OkHttp  (19021): Last-Modified: Wed, 28 Jun 2017 12:19:25 GMT
07-05 23:05:11.118 D/OkHttp  (19021): ETag: "59539ecd-e69"
07-05 23:05:11.118 D/OkHttp  (19021): Accept-Ranges: bytes
07-05 23:05:11.118 D/OkHttp  (19021): Age: 3191
07-05 23:05:11.119 D/OkHttp  (19021): Via: 1.1 jnwt241:0 (Cdn Cache Server V2.0)[14 200 0], 1.1 PSahmaswt2en210:1 (Cdn Cache Server V2.0)[0 200 0]
07-05 23:05:11.119 D/OkHttp  (19021): Connection: keep-alive
07-05 23:05:11.119 D/OkHttp  (19021): <-- END HTTP
07-05 23:05:11.123 D/PowerManagerService( 1733): acquireWakeLockInternal: lock=113832109, flags=0x1, tag="NetworkStats", ws=null, uid=1000, pid=1733
07-05 23:05:11.123 D/PowerManagerNotifier( 1733): onWakeLockAcquired: flags=1, tag="NetworkStats", packageName=android, ownerUid=1000, ownerPid=1733, workSource=null
07-05 23:05:11.123 D/NtpTrustedTime( 1733): currentTimeMillis() cache hit
07-05 23:05:11.132 D/NtpTrustedTime( 1733): currentTimeMillis() cache hit
07-05 23:05:11.137 D/HttpHandler(19021): RetryIntercepter-->retryNum=0
07-05 23:05:11.137 D/NtpTrustedTime( 1733): currentTimeMillis() cache hit
07-05 23:05:11.137 D/NtpTrustedTime( 1733): currentTimeMillis() cache hit
07-05 23:05:11.138 D/PowerManagerService( 1733): releaseWakeLockInternal: lock=113832109 [NetworkStats], flags=0x0
07-05 23:05:11.138 D/PowerManagerNotifier( 1733): onWakeLockReleased: flags=1, tag="NetworkStats", packageName=android, ownerUid=1000, ownerPid=1733, workSource=null
07-05 23:05:11.138 D/HttpHandler(19021): RetryIntercepter-->backoffmutiplier=0
07-05 23:05:11.161 E/HDMI_CEC( 1733): Send Message TO[5] 
07-05 23:05:11.161 E/HDMI_CEC( 1733): OP[0], <Feature Abort> 
07-05 23:05:11.161 E/HDMI_CEC( 1733): ========
07-05 23:05:11.170 D/TabView (19021): 
07-05 23:05:11.170 I/MiSysSrv( 1214): [37m[INFO] Change to Voltage: 117 mv (0x32)[m
07-05 23:05:11.173 D/TabView (19021): 
07-05 23:05:11.174 D/TabView (19021): 
07-05 23:05:11.178 D/TabView (19021): 
07-05 23:05:11.181 D/TabView (19021): 
07-05 23:05:11.182 D/TabView (19021): 
07-05 23:05:11.184 D/TabView (19021): 
07-05 23:05:11.187 D/TabView (19021): 
07-05 23:05:11.190 D/TabView (19021): 
07-05 23:05:11.191 D/TabView (19021): 
07-05 23:05:11.192 D/TabView (19021): 
07-05 23:05:11.195 D/TabView (19021): 
07-05 23:05:11.196 D/TabView (19021): 
07-05 23:05:11.197 D/TabView (19021): 
07-05 23:05:11.198 D/TabView (19021): 
07-05 23:05:11.199 D/TabView (19021): 
07-05 23:05:11.200 I/MyFragmentStateAdapter(19021): getCount
07-05 23:05:11.200 I/MyFragmentStateAdapter(19021): getCount
07-05 23:05:11.200 D/TabView (19021): 
07-05 23:05:11.204 D/TabView (19021): 
07-05 23:05:11.206 D/TabView (19021): 
07-05 23:05:11.207 D/TabView (19021): 
07-05 23:05:11.208 D/TabView (19021): 
07-05 23:05:11.209 D/TabView (19021): 
07-05 23:05:11.212 D/TabView (19021): 
07-05 23:05:11.213 D/TabView (19021): 
07-05 23:05:11.214 D/TabView (19021): 
07-05 23:05:11.215 D/HttpHandler(19021): VerifySignInterCeptor-->request.url()=http://picture.edu.hismarttv.com/images/20170628111818312641.png
07-05 23:05:11.215 D/HttpHandler(19021): VerifySignInterCeptor-->hostname=picture.edu.hismarttv.com
07-05 23:05:11.216 D/TabView (19021): 
07-05 23:05:11.216 D/TabView (19021): 
07-05 23:05:11.216 D/OkHttp  (19021): --> GET http://picture.edu.hismarttv.com/images/20170628111818312641.png http/1.1
07-05 23:05:11.216 D/OkHttp  (19021): Host: picture.edu.hismarttv.com
07-05 23:05:11.217 D/OkHttp  (19021): Connection: Keep-Alive
07-05 23:05:11.217 D/OkHttp  (19021): Accept-Encoding: gzip
07-05 23:05:11.217 D/OkHttp  (19021): User-Agent: okhttp/3.6.0
07-05 23:05:11.217 D/OkHttp  (19021): --> END GET
07-05 23:05:11.217 D/TabView (19021): 
07-05 23:05:11.218 D/TabView (19021): 
07-05 23:05:11.219 D/TabView (19021): 
07-05 23:05:11.220 D/TabView (19021): 
07-05 23:05:11.223 D/TabView (19021): 
07-05 23:05:11.224 I/MyFragmentStateAdapter(19021): getCount
07-05 23:05:11.224 I/MyFragmentStateAdapter(19021): getCount
07-05 23:05:11.236 D/OkHttp  (19021): <-- HTTP FAILED: java.io.InterruptedIOException: thread interrupted
07-05 23:05:11.236 I/TabView (19021): onScroll:,firstItem=0,visibleCount=6,totalCount=10
07-05 23:05:11.237 E/HDMI_CEC( 1733): MI_CEC_SendTxPolling, ErrCode[4] 
07-05 23:05:11.242 D/Carousel-CarouselView(19021): ============>onScrollChanged hashCode:795694989
07-05 23:05:11.242 D/Carousel-CarouselDisplayPlayerLayout(19021): isFullScreen:false
07-05 23:05:11.243 I/MainHomeView(19021): onPanelSlide0.1908397---left177
07-05 23:05:11.247 I/CurrentCarouselView(19021): onCarouseControlCarouselControlBean{mShoudScroll=true, mActivityHasResume=false, mActivityHasStop=false, mHasTurnGone=false, mHasTurnVisible=false, mChannelId=-1, mSlideOffset=0.1908397, mShouldSelectCenter=false, mTabOpen=false, mHoriPosStatus=None, mVerPosStatus=None, mLevelStatus=None},isPlayingtrue,channelId=0
07-05 23:05:11.247 I/CurrentCarouselView(19021): is not the current page
07-05 23:05:11.247 I/CurrentCarouselView(19021): do scroll
07-05 23:05:11.247 D/Carousel-CarouselView(19021): smoothScroll.
07-05 23:05:11.247 D/Carousel-CarouselDisplayPlayerLayout(19021): isFullScreen:false
07-05 23:05:11.248 D/TabView (19021): onReceiveSlidingOffset ===>:0.1908397
07-05 23:05:11.249 D/HttpHandler(19021): RetryIntercepter-->retryNum=0
07-05 23:05:11.249 D/HttpHandler(19021): RetryIntercepter-->backoffmutiplier=0
07-05 23:05:11.252 I/MyFragmentStateAdapter(19021): getCount
07-05 23:05:11.269 E/MessageService(15912): MSG_PULL +!MessageServiceApplication.mApp.ismUsingDB()true
07-05 23:05:11.269 D/Carousel-CarouselDisplayPlayerLayout(19021): HasFocus:false,keyCode:22
07-05 23:05:11.269 D/Carousel-CarouselDisplayPlayerLayout(19021): isFullScreen:false
07-05 23:05:11.269 I/HomeMainActivity(19021): carousel handle key:false
07-05 23:05:11.271 E/HDMI_CEC( 1733): Sending message can't be response. 
07-05 23:05:11.305 I/TVMW@HsTvSetting( 1234): Trace cmd, data = 0x1058
07-05 23:05:11.305 D/til@system( 2026): til_get_system_param option:100002F int:0, bool:0, ret:0
07-05 23:05:11.306 I/TVMW@HsTvSetting( 1234): Trace cmd, data = 0x101f
07-05 23:05:11.306 D/til@system( 2026): til_get_system_param option:100001D int:3, bool:3, ret:0
07-05 23:05:11.306 E/til     ( 2026): [til_get_current_input_source, 101] 
07-05 23:05:11.306 I/TVMW@HsTvSetting( 1234): Trace cmd, data = 0x7007
07-05 23:05:11.306 I/tilwrapper@sm( 2026): HS2TIL_SourceType *hs=0xd, *til=0x900
07-05 23:05:11.306 D/til     ( 2026): get current source 2304
07-05 23:05:11.306 D/SourceRemoteServiceHandler( 2026): getCurrentInputSource.from.til.result is 0, value is 2304
07-05 23:05:11.306 D/SourceRemoteServiceHandler( 2026): getInputSourceType source: 0x900, type=2304
07-05 23:05:11.307 D/til     ( 2026): ###### func:til_get_picture_param option:0x3000006 ######  
07-05 23:05:11.307 I/TVMW@HsTvSetting( 1234): Trace cmd, data = 0x1003
07-05 23:05:11.309 I/MainHomeView(19021): onPanelSlide0.06870229---left161
07-05 23:05:11.309 I/CurrentCarouselView(19021): onCarouseControlCarouselControlBean{mShoudScroll=true, mActivityHasResume=false, mActivityHasStop=false, mHasTurnGone=false, mHasTurnVisible=false, mChannelId=-1, mSlideOffset=0.06870229, mShouldSelectCenter=false, mTabOpen=false, mHoriPosStatus=None, mVerPosStatus=None, mLevelStatus=None},isPlayingtrue,channelId=0
07-05 23:05:11.309 I/TVMW@HsTvSetting( 1234): Trace cmd, data = 0x8032
07-05 23:05:11.309 I/CurrentCarouselView(19021): is not the current page
07-05 23:05:11.309 I/CurrentCarouselView(19021): do scroll
07-05 23:05:11.309 D/Carousel-CarouselView(19021): smoothScroll.
07-05 23:05:11.309 D/Carousel-CarouselDisplayPlayerLayout(19021): isFullScreen:false
07-05 23:05:11.309 I/hstvos  ( 1216): [0m[1;33m[HSHAL][HS_VIDEO][HS_HAL_Video_SetOsdDetect_v2][2389]u16Threshold = 20
07-05 23:05:11.310 D/TabView (19021): onReceiveSlidingOffset ===>:0.06870229
07-05 23:05:11.310 E/TVMW@videoctrl( 1234):  getOsd is 1
07-05 23:05:11.310 D/til@system( 2026): til_get_system_param option:1000027 int:1, bool:1, ret:0
07-05 23:05:11.310 D/til     ( 2026): ###### func:til_get_picture_param option:0x3000045 ######  
07-05 23:05:11.310 I/TVMW@HsTvSetting( 1234): Trace cmd, data = 0x300c
07-05 23:05:11.310 I/TVMW@HsTvSetting( 1234): Trace 3d, data = 0x300c
07-05 23:05:11.310 I/TVMW@3d ( 1234): Hs_debug3d_trace: func:get3dStatus, line:109
07-05 23:05:11.327 D/Carousel-CarouselDisplayPlayerLayout(19021): x=389, y=167,w=892,h=536, hashCode=699621453
07-05 23:05:11.327 D/Carousel-CarouselDisplayPlayerLayout(19021): mX=511, mY=167,mWitdh=892,mHeight=536, hashCode=699621453
07-05 23:05:11.327 D/Carousel-CarouselDisplayPlayerLayout(19021): changed=true, hashCode=699621453
07-05 23:05:11.328 D/IntertrustDRMManager(19021): [TID 19203] wasabi runtime initialized success.
07-05 23:05:11.333 V/InputMethodService( 2203): startInput(): editor=android.view.inputmethod.EditorInfo@127c5c01
07-05 23:05:11.333 V/InputMethodService( 2203): CALL: onFinishInput
07-05 23:05:11.334 E/SOGOUIME_JNI( 2203): reset
07-05 23:05:11.335 E/SOGOUIME_JNI( 2203): getCandidates
07-05 23:05:11.335 E/SOGOUIME_JNI( 2203): ime_get_uncommitted_length
07-05 23:05:11.335 E/SOGOUIME_JNI( 2203): getCandidates
07-05 23:05:11.335 D/SogouIME API( 2203): ==============num:32
07-05 23:05:11.335 E/SOGOUIME_JNI( 2203): ime_get_uncommitted_length
07-05 23:05:11.335 D/SogouIME( 2203): mFocusedComponent:30   isHkbEnable:false
07-05 23:05:11.335 E/SOGOUIME_JNI( 2203): ime_get_uncommitted_length
07-05 23:05:11.335 E/SOGOUIME_JNI( 2203): ime_get_committed_length
07-05 23:05:11.335 E/SOGOUIME_JNI( 2203): getComposingInfo
07-05 23:05:11.335 E/SOGOUIME_JNI( 2203): getComposingInfo
07-05 23:05:11.335 E/SOGOUIME_JNI( 2203): getCorrectInfo
07-05 23:05:11.335 E/SOGOUIME_JNI( 2203): getComposingInfo
07-05 23:05:11.336 D/Carousel-Utils(19021): x=389,y=167, width=892,height=536
07-05 23:05:11.336 D/Carousel-CarouselDisplayPlayerLayout(19021): isFullScreen:false
07-05 23:05:11.336 D/Carousel-CarouselView(19021): ===========>onScrollStart
07-05 23:05:11.337 D/Carousel-Utils(19021): displayImage view=android.widget.ImageView{f99d153 I.ED.... ......ID 0,0-816,460 #7f0d0029 app:id/imageView1}
07-05 23:05:11.337 D/Carousel-Utils(19021): displayImage url=http://picture.edu.hismarttv.com/images/20170629010146422927.jpg
07-05 23:05:11.338 D/Carousel-Utils(19021): onResourceReady.
07-05 23:05:11.342 V/InputMethodService( 2203): CALL: onStartInput
07-05 23:05:11.342 E/SOGOUIME_JNI( 2203): invalidateCommitWordPinyinNative
07-05 23:05:11.342 D/SogouIME( 2203): =====configKeyboard=======:false     false
07-05 23:05:11.342 E/SOGOUIME_JNI( 2203): ime_set_hard_kb_enable
07-05 23:05:11.345 D/Carousel-Utils(19021): displayImage view=android.widget.ImageView{25846976 I.ED.... ........ 0,0-816,460 #7f0d0029 app:id/imageView1}
07-05 23:05:11.345 D/Carousel-Utils(19021): displayImage url=http://picture.edu.hismarttv.com/images/20170629010146422927.jpg
07-05 23:05:11.346 D/Carousel-Utils(19021): onResourceReady.
07-05 23:05:11.346 D/Carousel-CarouselDisplayPlayerLayout(19021): x=389, y=167,w=892,h=536, hashCode=699621453
07-05 23:05:11.346 D/Carousel-CarouselDisplayPlayerLayout(19021): mX=389, mY=167,mWitdh=892,mHeight=536, hashCode=699621453
07-05 23:05:11.346 D/Carousel-CarouselDisplayPlayerLayout(19021): changed=false, hashCode=699621453
07-05 23:05:11.347 D/Carousel-CarouselDisplayPlayerLayout(19021): extraTryCount=0
07-05 23:05:11.402 I/MyFragmentStateAdapter(19021): getCount
07-05 23:05:11.402 I/MyFragmentStateAdapter(19021): getCount
07-05 23:05:11.402 I/MyFragmentStateAdapter(19021): getCount
07-05 23:05:11.402 I/MyFragmentStateAdapter(19021): getCount
07-05 23:05:11.404 I/Carousel-UrlVideoView(19021): onMeasure(MeasureSpec: EXACTLY 816, MeasureSpec: EXACTLY 460)
07-05 23:05:11.404 D/Carousel-UrlVideoView(19021): widthSpecMode=1073741824
07-05 23:05:11.404 D/Carousel-UrlVideoView(19021): heightSpecMode=1073741824
07-05 23:05:11.404 D/Carousel-UrlVideoView(19021): widthSpecSize=816
07-05 23:05:11.404 D/Carousel-UrlVideoView(19021): heightSpecSize=460
07-05 23:05:11.404 I/Carousel-UrlVideoView(19021): onMeasure(MeasureSpec: EXACTLY 816, MeasureSpec: EXACTLY 460)
07-05 23:05:11.404 D/Carousel-UrlVideoView(19021): widthSpecMode=1073741824
07-05 23:05:11.404 D/Carousel-UrlVideoView(19021): heightSpecMode=1073741824
07-05 23:05:11.404 D/Carousel-UrlVideoView(19021): widthSpecSize=816
07-05 23:05:11.404 D/Carousel-UrlVideoView(19021): heightSpecSize=460
07-05 23:05:11.409 D/Surface ( 1733): onStatusChange() : mNativeObject = 547819115520 mUseImageHwRender = false
07-05 23:05:11.409 V/Surface ( 1733): nativeSetHardwareRender() : status = 0
07-05 23:05:11.409 V/Surface ( 1733): nativeSetHardwareRender() : end
07-05 23:05:11.411 D/PowerManagerService( 1733): releaseWakeLockInternal: lock=487931605 [WindowManager], flags=0x0
07-05 23:05:11.411 D/PowerManagerNotifier( 1733): onWakeLockReleased: flags=536870922, tag="WindowManager", packageName=android, ownerUid=1000, ownerPid=1733, workSource=WorkSource{10010}
07-05 23:05:11.411 D/PowerManagerService( 1733): userActivityNoUpdateLocked: eventTime=15952983, event=0, flags=0x1, uid=1000
07-05 23:05:11.411 D/PowerManagerService( 1733): setScreenBrightnessOverrideFromWindowManagerInternal done
07-05 23:05:11.413 D/Surface ( 1733): onStatusChange() : mNativeObject = 0 mUseImageHwRender = false
07-05 23:05:11.414 I/FirstLineAdapter(19021): canShowTrailer,isOffline=false
07-05 23:05:11.414 I/FirstLineAdapter(19021): canShowTrailer,isOffline=false
07-05 23:05:11.414 I/FirstLineAdapter(19021): canShowTrailer,isOffline=false
07-05 23:05:11.414 I/FirstLineAdapter(19021): canShowTrailer,isOffline=false
07-05 23:05:11.414 I/FirstLineAdapter(19021): canShowTrailer,isOffline=false
07-05 23:05:11.416 I/FirstLineAdapter(19021): canShowTrailer,isOffline=false
07-05 23:05:11.416 I/FirstLineAdapter(19021): canShowTrailer,isOffline=false
07-05 23:05:11.416 I/FirstLineAdapter(19021): canShowTrailer,isOffline=false
07-05 23:05:11.416 I/FirstLineAdapter(19021): canShowTrailer,isOffline=false
07-05 23:05:11.417 I/SurfaceView(19021): Changes: creating=false format=false size=false visible=false left=true top=false
07-05 23:05:11.417 I/SurfaceView(19021): Cur surface: Surface(name=null)/@0x256b6780
07-05 23:05:11.417 D/Surface ( 1733): onStatusChange() : mNativeObject = 547942796288 mUseImageHwRender = false
07-05 23:05:11.417 V/Surface ( 1733): nativeSetHardwareRender() : status = 0
07-05 23:05:11.418 V/Surface ( 1733): nativeSetHardwareRender() : end
07-05 23:05:11.419 D/PowerManagerService( 1733): setScreenBrightnessOverrideFromWindowManagerInternal done
07-05 23:05:11.420 D/Surface ( 1733): onStatusChange() : mNativeObject = 0 mUseImageHwRender = false
07-05 23:05:11.420 D/Surface (19021): onStatusChange() : mNativeObject = -195850496 mUseImageHwRender = false
07-05 23:05:11.420 V/Surface (19021): nativeSetHardwareRender() : status = 0
07-05 23:05:11.420 V/Surface (19021): nativeSetHardwareRender() : end
07-05 23:05:11.420 I/SurfaceView(19021): New surface: Surface(name=null)/@0x354441b9, vis=true, frame=Rect(427, 205 - 1243, 665)
07-05 23:05:11.420 D/Surface (19021): onStatusChange() : mNativeObject = 0 mUseImageHwRender = false
07-05 23:05:11.421 D/Surface (19021): onStatusChange() : mNativeObject = -195850496 mUseImageHwRender = false
07-05 23:05:11.421 V/Surface (19021): nativeSetHardwareRender() : status = 0
07-05 23:05:11.421 V/Surface (19021): nativeSetHardwareRender() : end
07-05 23:05:11.421 V/SurfaceView(19021): Layout: x=427 y=205 w=816 h=460, frame=Rect(0, 0 - 816, 460)
07-05 23:05:11.424 I/MainHomeView(19021): onPanelSlide0.007633588---left153
07-05 23:05:11.425 I/CurrentCarouselView(19021): onCarouseControlCarouselControlBean{mShoudScroll=true, mActivityHasResume=false, mActivityHasStop=false, mHasTurnGone=false, mHasTurnVisible=false, mChannelId=-1, mSlideOffset=0.007633588, mShouldSelectCenter=false, mTabOpen=false, mHoriPosStatus=None, mVerPosStatus=None, mLevelStatus=None},isPlayingtrue,channelId=0
07-05 23:05:11.425 I/CurrentCarouselView(19021): is not the current page
07-05 23:05:11.425 I/CurrentCarouselView(19021): do scroll
07-05 23:05:11.425 D/Carousel-CarouselView(19021): smoothScroll.
07-05 23:05:11.425 D/Carousel-CarouselDisplayPlayerLayout(19021): isFullScreen:false
07-05 23:05:11.425 D/TabView (19021): onReceiveSlidingOffset ===>:0.007633588
07-05 23:05:11.426 I/MyFragmentStateAdapter(19021): getCount
07-05 23:05:11.429 D/Carousel-CarouselDisplayPlayerLayout(19021): x=381, y=167,w=892,h=536, hashCode=699621453
07-05 23:05:11.429 D/Carousel-CarouselDisplayPlayerLayout(19021): mX=389, mY=167,mWitdh=892,mHeight=536, hashCode=699621453
07-05 23:05:11.429 D/Carousel-CarouselDisplayPlayerLayout(19021): changed=true, hashCode=699621453
07-05 23:05:11.429 D/Carousel-Utils(19021): x=381,y=167, width=892,height=536
07-05 23:05:11.437 D/Carousel-CarouselDisplayPlayerLayout(19021): x=381, y=167,w=892,h=536, hashCode=699621453
07-05 23:05:11.437 D/Carousel-CarouselDisplayPlayerLayout(19021): mX=381, mY=167,mWitdh=892,mHeight=536, hashCode=699621453
07-05 23:05:11.437 D/Carousel-CarouselDisplayPlayerLayout(19021): changed=false, hashCode=699621453
07-05 23:05:11.438 D/Carousel-CarouselDisplayPlayerLayout(19021): extraTryCount=0
07-05 23:05:11.438 D/Carousel-CarouselDisplayPlayerLayout(19021): x=381, y=167,w=892,h=536, hashCode=699621453
07-05 23:05:11.438 D/Carousel-CarouselDisplayPlayerLayout(19021): mX=381, mY=167,mWitdh=892,mHeight=536, hashCode=699621453
07-05 23:05:11.438 D/Carousel-CarouselDisplayPlayerLayout(19021): changed=false, hashCode=699621453
07-05 23:05:11.438 D/Carousel-CarouselDisplayPlayerLayout(19021): extraTryCount=1
07-05 23:05:11.444 E/hwcomposer( 1204): Overlay 0 size changeed src {1920 1080} -> {1920, 1080} crop{0.000000 0.000000 1920.000000 1080.000000}->{0.000000 0.000000 1920.000000 1080.000000} dst{549 205 1365 665}->{427 205 1243 665}
07-05 23:05:11.446 I/Carousel-UrlVideoView(19021): onMeasure(MeasureSpec: EXACTLY 816, MeasureSpec: EXACTLY 460)
07-05 23:05:11.446 D/Carousel-UrlVideoView(19021): widthSpecMode=1073741824
07-05 23:05:11.446 D/Carousel-UrlVideoView(19021): heightSpecMode=1073741824
07-05 23:05:11.446 D/Carousel-UrlVideoView(19021): widthSpecSize=816
07-05 23:05:11.446 D/Carousel-UrlVideoView(19021): heightSpecSize=460
07-05 23:05:11.446 I/Carousel-UrlVideoView(19021): onMeasure(MeasureSpec: EXACTLY 816, MeasureSpec: EXACTLY 460)
07-05 23:05:11.446 D/Carousel-UrlVideoView(19021): widthSpecMode=1073741824
07-05 23:05:11.446 D/Carousel-UrlVideoView(19021): heightSpecMode=1073741824
07-05 23:05:11.446 D/Carousel-UrlVideoView(19021): widthSpecSize=816
07-05 23:05:11.446 D/Carousel-UrlVideoView(19021): heightSpecSize=460
07-05 23:05:11.446 I/SurfaceView(19021): Changes: creating=false format=false size=false visible=false left=true top=false
07-05 23:05:11.447 I/SurfaceView(19021): Cur surface: Surface(name=null)/@0x256b6780
07-05 23:05:11.448 D/Surface ( 1733): onStatusChange() : mNativeObject = 547942796288 mUseImageHwRender = false
07-05 23:05:11.448 V/Surface ( 1733): nativeSetHardwareRender() : status = 0
07-05 23:05:11.448 V/Surface ( 1733): nativeSetHardwareRender() : end
07-05 23:05:11.450 D/PowerManagerService( 1733): setScreenBrightnessOverrideFromWindowManagerInternal done
07-05 23:05:11.452 E/MessageService(15912): MSG_PULL ... getMsg null or error
07-05 23:05:11.452 D/Surface ( 1733): onStatusChange() : mNativeObject = 0 mUseImageHwRender = false
07-05 23:05:11.453 D/Surface (19021): onStatusChange() : mNativeObject = -195837952 mUseImageHwRender = false
07-05 23:05:11.453 V/Surface (19021): nativeSetHardwareRender() : status = 0
07-05 23:05:11.453 V/Surface (19021): nativeSetHardwareRender() : end
07-05 23:05:11.453 I/SurfaceView(19021): New surface: Surface(name=null)/@0x354441b9, vis=true, frame=Rect(419, 205 - 1235, 665)
07-05 23:05:11.453 D/Surface (19021): onStatusChange() : mNativeObject = 0 mUseImageHwRender = false
07-05 23:05:11.454 D/Surface (19021): onStatusChange() : mNativeObject = -195837952 mUseImageHwRender = false
07-05 23:05:11.454 V/Surface (19021): nativeSetHardwareRender() : status = 0
07-05 23:05:11.454 V/Surface (19021): nativeSetHardwareRender() : end
07-05 23:05:11.454 E/MessageService(15912): MSG_PULL +!MessageServiceApplication.mApp.ismUsingDB()true
07-05 23:05:11.454 V/SurfaceView(19021): Layout: x=419 y=205 w=816 h=460, frame=Rect(0, 0 - 816, 460)
07-05 23:05:11.457 I/MainHomeView(19021): onPanelSlide0.0---left152
07-05 23:05:11.457 I/CurrentCarouselView(19021): onCarouseControlCarouselControlBean{mShoudScroll=true, mActivityHasResume=false, mActivityHasStop=false, mHasTurnGone=false, mHasTurnVisible=false, mChannelId=-1, mSlideOffset=0.0, mShouldSelectCenter=false, mTabOpen=false, mHoriPosStatus=None, mVerPosStatus=None, mLevelStatus=None},isPlayingtrue,channelId=0
07-05 23:05:11.457 I/CurrentCarouselView(19021): is not the current page
07-05 23:05:11.457 I/CurrentCarouselView(19021): do scroll
07-05 23:05:11.457 D/Carousel-CarouselView(19021): smoothScroll.
07-05 23:05:11.457 D/Carousel-CarouselDisplayPlayerLayout(19021): isFullScreen:false
07-05 23:05:11.457 D/TabView (19021): onReceiveSlidingOffset ===>:0.0
07-05 23:05:11.459 D/Carousel-CarouselDisplayPlayerLayout(19021): x=380, y=167,w=892,h=536, hashCode=699621453
07-05 23:05:11.459 D/Carousel-CarouselDisplayPlayerLayout(19021): mX=381, mY=167,mWitdh=892,mHeight=536, hashCode=699621453
07-05 23:05:11.459 D/Carousel-CarouselDisplayPlayerLayout(19021): changed=true, hashCode=699621453
07-05 23:05:11.459 D/Carousel-Utils(19021): x=380,y=167, width=892,height=536
07-05 23:05:11.459 D/Carousel-CarouselDisplayPlayerLayout(19021): x=380, y=167,w=892,h=536, hashCode=699621453
07-05 23:05:11.459 D/Carousel-CarouselDisplayPlayerLayout(19021): mX=380, mY=167,mWitdh=892,mHeight=536, hashCode=699621453
07-05 23:05:11.459 D/Carousel-CarouselDisplayPlayerLayout(19021): changed=false, hashCode=699621453
07-05 23:05:11.459 D/Carousel-CarouselDisplayPlayerLayout(19021): extraTryCount=0
07-05 23:05:11.459 D/Carousel-CarouselDisplayPlayerLayout(19021): x=380, y=167,w=892,h=536, hashCode=699621453
07-05 23:05:11.459 D/Carousel-CarouselDisplayPlayerLayout(19021): mX=380, mY=167,mWitdh=892,mHeight=536, hashCode=699621453
07-05 23:05:11.459 D/Carousel-CarouselDisplayPlayerLayout(19021): changed=false, hashCode=699621453
07-05 23:05:11.459 D/Carousel-CarouselDisplayPlayerLayout(19021): extraTryCount=1
07-05 23:05:11.459 D/Carousel-CarouselDisplayPlayerLayout(19021): x=380, y=167,w=892,h=536, hashCode=699621453
07-05 23:05:11.459 D/Carousel-CarouselDisplayPlayerLayout(19021): mX=380, mY=167,mWitdh=892,mHeight=536, hashCode=699621453
07-05 23:05:11.459 D/Carousel-CarouselDisplayPlayerLayout(19021): changed=false, hashCode=699621453
07-05 23:05:11.460 D/Carousel-CarouselDisplayPlayerLayout(19021): extraTryCount=2
07-05 23:05:11.473 I/MiSysSrv( 1214): [37m[INFO] Change to Voltage: 112 mv (0x2D)[m
07-05 23:05:11.475 E/hwcomposer( 1204): Overlay 0 size changeed src {1920 1080} -> {1920, 1080} crop{0.000000 0.000000 1920.000000 1080.000000}->{0.000000 0.000000 1920.000000 1080.000000} dst{427 205 1243 665}->{419 205 1235 665}
07-05 23:05:11.479 I/Carousel-UrlVideoView(19021): onMeasure(MeasureSpec: EXACTLY 816, MeasureSpec: EXACTLY 460)
07-05 23:05:11.479 D/Carousel-UrlVideoView(19021): widthSpecMode=1073741824
07-05 23:05:11.479 D/Carousel-UrlVideoView(19021): heightSpecMode=1073741824
07-05 23:05:11.479 D/Carousel-UrlVideoView(19021): widthSpecSize=816
07-05 23:05:11.479 D/Carousel-UrlVideoView(19021): heightSpecSize=460
07-05 23:05:11.479 I/Carousel-UrlVideoView(19021): onMeasure(MeasureSpec: EXACTLY 816, MeasureSpec: EXACTLY 460)
07-05 23:05:11.479 D/Carousel-UrlVideoView(19021): widthSpecMode=1073741824
07-05 23:05:11.479 D/Carousel-UrlVideoView(19021): heightSpecMode=1073741824
07-05 23:05:11.479 D/Carousel-UrlVideoView(19021): widthSpecSize=816
07-05 23:05:11.479 D/Carousel-UrlVideoView(19021): heightSpecSize=460
07-05 23:05:11.480 I/SurfaceView(19021): Changes: creating=false format=false size=false visible=false left=true top=false
07-05 23:05:11.480 I/SurfaceView(19021): Cur surface: Surface(name=null)/@0x256b6780
07-05 23:05:11.481 D/Surface ( 1733): onStatusChange() : mNativeObject = 547942796288 mUseImageHwRender = false
07-05 23:05:11.481 V/Surface ( 1733): nativeSetHardwareRender() : status = 0
07-05 23:05:11.481 V/Surface ( 1733): nativeSetHardwareRender() : end
07-05 23:05:11.483 D/PowerManagerService( 1733): setScreenBrightnessOverrideFromWindowManagerInternal done
07-05 23:05:11.485 D/Surface ( 1733): onStatusChange() : mNativeObject = 0 mUseImageHwRender = false
07-05 23:05:11.486 D/Surface (19021): onStatusChange() : mNativeObject = -195850496 mUseImageHwRender = false
07-05 23:05:11.486 V/Surface (19021): nativeSetHardwareRender() : status = 0
07-05 23:05:11.486 V/Surface (19021): nativeSetHardwareRender() : end
07-05 23:05:11.486 I/SurfaceView(19021): New surface: Surface(name=null)/@0x354441b9, vis=true, frame=Rect(418, 205 - 1234, 665)
07-05 23:05:11.486 D/Surface (19021): onStatusChange() : mNativeObject = 0 mUseImageHwRender = false
07-05 23:05:11.486 D/Surface (19021): onStatusChange() : mNativeObject = -195850496 mUseImageHwRender = false
07-05 23:05:11.486 V/Surface (19021): nativeSetHardwareRender() : status = 0
07-05 23:05:11.486 V/Surface (19021): nativeSetHardwareRender() : end
07-05 23:05:11.487 V/SurfaceView(19021): Layout: x=418 y=205 w=816 h=460, frame=Rect(0, 0 - 816, 460)
07-05 23:05:11.495 E/hwcomposer( 1204): Overlay 0 size changeed src {1920 1080} -> {1920, 1080} crop{0.000000 0.000000 1920.000000 1080.000000}->{0.000000 0.000000 1920.000000 1080.000000} dst{419 205 1235 665}->{418 205 1234 665}
07-05 23:05:11.496 D/Carousel-CarouselDisplayPlayerLayout(19021): x=380, y=167,w=892,h=536, hashCode=699621453
07-05 23:05:11.496 D/Carousel-CarouselDisplayPlayerLayout(19021): mX=380, mY=167,mWitdh=892,mHeight=536, hashCode=699621453
07-05 23:05:11.496 D/Carousel-CarouselDisplayPlayerLayout(19021): changed=false, hashCode=699621453
07-05 23:05:11.496 D/Carousel-CarouselDisplayPlayerLayout(19021): extraTryCount=3
07-05 23:05:11.496 I/MainHomeView(19021): onPanelClosed---left152
07-05 23:05:11.500 D/Carousel-CarouselDisplayPlayerLayout(19021): x=380, y=167,w=892,h=536, hashCode=699621453
07-05 23:05:11.500 D/Carousel-CarouselDisplayPlayerLayout(19021): mX=380, mY=167,mWitdh=892,mHeight=536, hashCode=699621453
07-05 23:05:11.500 D/Carousel-CarouselDisplayPlayerLayout(19021): changed=false, hashCode=699621453
07-05 23:05:11.500 D/Carousel-CarouselDisplayPlayerLayout(19021): extraTryCount=4
07-05 23:05:11.500 D/Carousel-CarouselDisplayPlayerLayout(19021): x=380, y=167,w=892,h=536, hashCode=699621453
07-05 23:05:11.500 D/Carousel-CarouselDisplayPlayerLayout(19021): mX=380, mY=167,mWitdh=892,mHeight=536, hashCode=699621453
07-05 23:05:11.500 D/Carousel-CarouselDisplayPlayerLayout(19021): changed=false, hashCode=699621453
07-05 23:05:11.500 D/Carousel-CarouselDisplayPlayerLayout(19021): extraTryCount=5
07-05 23:05:11.500 D/Carousel-CarouselDisplayPlayerLayout(19021): x=380, y=167,w=892,h=536, hashCode=699621453
07-05 23:05:11.500 D/Carousel-CarouselDisplayPlayerLayout(19021): mX=380, mY=167,mWitdh=892,mHeight=536, hashCode=699621453
07-05 23:05:11.500 D/Carousel-CarouselDisplayPlayerLayout(19021): changed=false, hashCode=699621453
07-05 23:05:11.500 D/Carousel-CarouselDisplayPlayerLayout(19021): extraTryCount=6
07-05 23:05:11.500 D/Carousel-CarouselDisplayPlayerLayout(19021): x=380, y=167,w=892,h=536, hashCode=699621453
07-05 23:05:11.500 D/Carousel-CarouselDisplayPlayerLayout(19021): mX=380, mY=167,mWitdh=892,mHeight=536, hashCode=699621453
07-05 23:05:11.500 D/Carousel-CarouselDisplayPlayerLayout(19021): changed=false, hashCode=699621453
07-05 23:05:11.500 D/Carousel-CarouselDisplayPlayerLayout(19021): extraTryCount=7
07-05 23:05:11.513 E/MessageService(15912): MSG_PULL ... getMsg null or error
07-05 23:05:11.515 E/MessageService(15912): MSG_PULL +!MessageServiceApplication.mApp.ismUsingDB()true
07-05 23:05:11.519 D/MSTAR_VDEC_DBG( 1206): Stream ID: 0, Rate : 24 (E:0,D:0,S:0,F:96) 
07-05 23:05:11.520 D/Carousel-CarouselDisplayPlayerLayout(19021): x=380, y=167,w=892,h=536, hashCode=699621453
07-05 23:05:11.521 D/Carousel-CarouselDisplayPlayerLayout(19021): mX=380, mY=167,mWitdh=892,mHeight=536, hashCode=699621453
07-05 23:05:11.521 D/Carousel-CarouselDisplayPlayerLayout(19021): changed=false, hashCode=699621453
07-05 23:05:11.521 D/Carousel-CarouselDisplayPlayerLayout(19021): extraTryCount=8
07-05 23:05:11.521 D/Carousel-CarouselDisplayPlayerLayout(19021): x=380, y=167,w=892,h=536, hashCode=699621453
07-05 23:05:11.521 D/Carousel-CarouselDisplayPlayerLayout(19021): mX=380, mY=167,mWitdh=892,mHeight=536, hashCode=699621453
07-05 23:05:11.521 D/Carousel-CarouselDisplayPlayerLayout(19021): changed=false, hashCode=699621453
07-05 23:05:11.521 D/Carousel-CarouselDisplayPlayerLayout(19021): extraTryCount=9
07-05 23:05:11.521 D/Carousel-CarouselDisplayPlayerLayout(19021): x=380, y=167,w=892,h=536, hashCode=699621453
07-05 23:05:11.523 D/Carousel-CarouselDisplayPlayerLayout(19021): mX=380, mY=167,mWitdh=892,mHeight=536, hashCode=699621453
07-05 23:05:11.523 D/Carousel-CarouselDisplayPlayerLayout(19021): changed=false, hashCode=699621453
07-05 23:05:11.524 D/Carousel-CarouselDisplayPlayerLayout(19021): isFullScreen:false
07-05 23:05:11.524 D/Carousel-CarouselView(19021): ===========>mDisplayPlayerLayout.getVisibility()=4
07-05 23:05:11.524 D/Carousel-CarouselView(19021): ===========>onScrollEnd
07-05 23:05:11.525 D/Carousel-Utils(19021): x=380,y=167, width=892,height=536
07-05 23:05:11.526 D/Carousel-CarouselView(19021): isOutScreen:false
07-05 23:05:11.528 D/hwcomposer( 1204): Overlay [0] do size change!
07-05 23:05:11.529 D/vsyncbridge( 1204): [0] handle_thread thread got msg 0x2, mState = 3
07-05 23:05:11.529 D/vsyncbridge( 1204): Overlay 0 Resize, mState = 0x3, 0, disp[418 205 816 460] osd[1920 1080]
07-05 23:05:11.529 D/vsyncbridge( 1204): [update_ds_table,  594] DispW:1632 DispH:920 
07-05 23:05:11.529 D/vsyncbridge( 1204): [update_ds_table,  598] Cap.x:1105 Cap.y:30 CapW:1920 CapH:1080 
07-05 23:05:11.529 D/vsyncbridge( 1204): [update_ds_table,  599] enInputSourceType:34 
07-05 23:05:11.529 D/vsyncbridge( 1204): [update_ds_table,  601] u16InputVTotal:2205  u16InputVFreq:240 
07-05 23:05:11.529 D/vsyncbridge( 1204): [update_ds_table,  603] bInterlace:0  u16DefaultHtotal:0 
07-05 23:05:11.529 D/vsyncbridge( 1204): [update_ds_table,  606] bPreHCusScaling:1  bPreVCusScaling:1 
07-05 23:05:11.529 D/vsyncbridge( 1204): [update_ds_table,  608] u16PreHCusScalingSrc:1920  u16PreHCusScalingDst:1920 
07-05 23:05:11.529 D/vsyncbridge( 1204): [update_ds_table,  610] u16PreVCusScalingSrc:1080  u16PreVCusScalingSrc:1080 
07-05 23:05:11.529 D/vsyncbridge( 1204): [update_ds_table,  613] bHCusScaling:0  bVCusScaling:0 
07-05 23:05:11.529 D/vsyncbridge( 1204): [update_ds_table,  615] u16HCusScalingSrc:1920  u16HCusScalingDst:1632 
07-05 23:05:11.529 D/vsyncbridge( 1204): [update_ds_table,  617] u16VCusScalingSrc:1080  u16VCusScalingDst:920 
07-05 23:05:11.529 D/vsyncbridge( 1204): vsync_bridge_CalAspectRatio type = 0
07-05 23:05:11.529 D/vsyncbridge( 1204): panel [3840 2160] osd [1920 1080] ratio [2.000000 2.000000]
07-05 23:05:11.529 D/vsyncbridge( 1204): apply ratio, x=836, y=410, width=1632, height=920
07-05 23:05:11.529 D/vsyncbridge( 1204): disp_old[836 410 2468 1330], disp_new[836 410 2468 1330], crop[0 0 1920 1080]
07-05 23:05:11.529 D/vsyncbridge( 1204): [update_ds_table,  798] SW DS !!! 
07-05 23:05:11.529 D/vsyncbridge( 1204): [update_ds_table,  800] stXC_SetWin_Info.stCapWin.width1920  stXC_SetWin_Info.stCapWin.height:1080
07-05 23:05:11.529 D/vsyncbridge( 1204): [update_ds_table,  802] stXC_SetWin_Info.stCropWin.width1920  stXC_SetWin_Info.stCropWin.height:1080
07-05 23:05:11.532 I/MyFragmentStateAdapter(19021): getCount
07-05 23:05:11.532 I/MyFragmentStateAdapter(19021): getCount
07-05 23:05:11.533 I/MyFragmentStateAdapter(19021): getCount
07-05 23:05:11.533 I/MyFragmentStateAdapter(19021): getCount
07-05 23:05:11.536 D/Surface ( 1733): onStatusChange() : mNativeObject = 547819115520 mUseImageHwRender = false