07-05 21:30:43.575 D/HttpHandler(31381): RAMCache-->SystemClock.elapsedRealtime()=10285147
07-05 21:30:43.576 I/RoleContentFragment(31381): setBackGroundUrl=http://picture.edu.hismarttv.com/images/20170628104504467308.jpg,view=android.support.v4.widget.SlidingPaneLayout{3a494228 V.ED.... ......ID 0,0-1920,1080 #7f0d00af app:id/slide_layout}
07-05 21:30:43.577 D/Carousel-MyListView(31381): onItemSelected position:1
07-05 21:30:43.577 D/Carousel-CarouselListView(31381): onItemSelected position:1,type:3
07-05 21:30:43.582 D/HttpHandler(31381): DNSHelper-->gslbDns=["123.103.91.123"]
07-05 21:30:43.584 D/HiNetworkImpl(31381): doHttp_Asyn(): onReqResponse isSuccessful = true, back from thread: main
07-05 21:30:43.584 I/FirstLineAdapter(31381): canShowTrailer,isOffline=false
07-05 21:30:43.586 D/MyLocalStartService(16899): currentName is :com.hisense.hicloud.edca
07-05 21:30:43.589 D/TabView (31381): 
07-05 21:30:43.591 E/WebcastSDK-WebcastManager(31381): finally setAppServiceDomainList.
07-05 21:30:43.591 D/TabView (31381): 
07-05 21:30:43.593 D/TabView (31381): 
07-05 21:30:43.595 D/TabView (31381): 
07-05 21:30:43.596 D/TabView (31381): 
07-05 21:30:43.597 D/OkHttp  (31381): <-- 200 OK http://picture.edu.hismarttv.com/images/20170629010146422927.jpg (240ms)
07-05 21:30:43.597 D/OkHttp  (31381): Date: Mon, 03 Jul 2017 10:05:21 GMT
07-05 21:30:43.597 D/OkHttp  (31381): Server: nginx
07-05 21:30:43.597 D/OkHttp  (31381): Content-Type: image/jpeg
07-05 21:30:43.597 D/OkHttp  (31381): Content-Length: 145373
07-05 21:30:43.597 D/OkHttp  (31381): Last-Modified: Thu, 29 Jun 2017 01:01:46 GMT
07-05 21:30:43.597 D/OkHttp  (31381): ETag: "5954517a-237dd"
07-05 21:30:43.597 D/OkHttp  (31381): Accept-Ranges: bytes
07-05 21:30:43.597 D/OkHttp  (31381): Age: 185122
07-05 21:30:43.597 D/OkHttp  (31381): Via: 1.1 shzh54:1 (Cdn Cache Server V2.0)[11 200 0], 1.1 changwtong65:0 (Cdn Cache Server V2.0)[219 200 0]
07-05 21:30:43.597 D/OkHttp  (31381): Connection: keep-alive
07-05 21:30:43.597 D/OkHttp  (31381): <-- END HTTP
07-05 21:30:43.598 D/TabView (31381): 
07-05 21:30:43.599 D/HttpHandler(31381): RetryIntercepter-->retryNum=0
07-05 21:30:43.599 D/HttpHandler(31381): RetryIntercepter-->backoffmutiplier=0
07-05 21:30:43.600 D/TabView (31381): 
07-05 21:30:43.603 D/TabView (31381): 
07-05 21:30:43.605 D/TabView (31381): 
07-05 21:30:43.606 D/TabView (31381): 
07-05 21:30:43.608 D/TabView (31381): 
07-05 21:30:43.609 D/OkHttp  (31381): --> GET http://api.edu.hismarttv.com/payment/api/query/user_type/dialog_info?orderType=0&uuid=13287129&mac=a8:a6:48:18:fc:a8&devid=86100300900000500000060a4818fca8&version=00.002.003&subscriberId=13287129&customerId=7195320&model_id=0&APPPackage=com.hisense.hicloud.edca&PFAPPCode=652&APPVersionName=3.0.0.9.00&ChannelId=0&softwareVersion=LED50MU8600UC0000888&tv_distribute_id=00&devType=0&APIVersion=600&accessToken=72DF6038D2AEAB8A76DFBBBBCC428A4A_003469305914783 http/1.1
07-05 21:30:43.609 D/OkHttp  (31381): Data_Type: JSON
07-05 21:30:43.610 D/OkHttp  (31381): RetryTime: 0
07-05 21:30:43.610 D/OkHttp  (31381): Backoffmutiplier: 0
07-05 21:30:43.610 D/OkHttp  (31381): Host: api.edu.hismarttv.com
07-05 21:30:43.610 D/OkHttp  (31381): Connection: Keep-Alive
07-05 21:30:43.610 D/OkHttp  (31381): Accept-Encoding: gzip
07-05 21:30:43.610 D/OkHttp  (31381): User-Agent: okhttp/3.6.0
07-05 21:30:43.610 D/OkHttp  (31381): --> END GET
07-05 21:30:43.610 D/TabView (31381): 
07-05 21:30:43.611 D/TabView (31381): 
07-05 21:30:43.612 D/TabView (31381): 
07-05 21:30:43.614 D/TabView (31381): 
07-05 21:30:43.616 D/PowerManagerService( 1733): acquireWakeLockInternal: lock=113832109, flags=0x1, tag="NetworkStats", ws=null, uid=1000, pid=1733
07-05 21:30:43.616 D/PowerManagerNotifier( 1733): onWakeLockAcquired: flags=1, tag="NetworkStats", packageName=android, ownerUid=1000, ownerPid=1733, workSource=null
07-05 21:30:43.616 D/NtpTrustedTime( 1733): currentTimeMillis() cache hit
07-05 21:30:43.618 D/TabView (31381): 
07-05 21:30:43.620 I/MyFragmentStateAdapter(31381): getCount
07-05 21:30:43.620 I/MyFragmentStateAdapter(31381): getCount
07-05 21:30:43.620 D/TabView (31381): 
07-05 21:30:43.622 D/NtpTrustedTime( 1733): currentTimeMillis() cache hit
07-05 21:30:43.622 D/TabView (31381): 
07-05 21:30:43.623 D/PowerManagerService( 1733): releaseWakeLockInternal: lock=113832109 [NetworkStats], flags=0x0
07-05 21:30:43.623 D/PowerManagerNotifier( 1733): onWakeLockReleased: flags=1, tag="NetworkStats", packageName=android, ownerUid=1000, ownerPid=1733, workSource=null
07-05 21:30:43.623 D/NtpTrustedTime( 1733): currentTimeMillis() cache hit
07-05 21:30:43.623 D/NtpTrustedTime( 1733): currentTimeMillis() cache hit
07-05 21:30:43.625 D/TabView (31381): 
07-05 21:30:43.626 D/TabView (31381): 
07-05 21:30:43.627 D/TabView (31381): 
07-05 21:30:43.629 D/TabView (31381): 
07-05 21:30:43.631 D/TabView (31381): 
07-05 21:30:43.633 D/TabView (31381): 
07-05 21:30:43.634 D/TabView (31381): 
07-05 21:30:43.636 D/TabView (31381): 
07-05 21:30:43.637 D/TabView (31381): 
07-05 21:30:43.639 D/TabView (31381): 
07-05 21:30:43.641 D/TabView (31381): 
07-05 21:30:43.642 D/TabView (31381): 
07-05 21:30:43.644 D/TabView (31381): 
07-05 21:30:43.646 D/TabView (31381): 
07-05 21:30:43.648 I/MyFragmentStateAdapter(31381): getCount
07-05 21:30:43.648 I/MyFragmentStateAdapter(31381): getCount
07-05 21:30:43.652 D/OkHttp  (31381): <-- 200 OK http://api.edu.hismarttv.com/payment/api/query/user_type/dialog_info?orderType=0&uuid=13287129&mac=a8:a6:48:18:fc:a8&devid=86100300900000500000060a4818fca8&version=00.002.003&subscriberId=13287129&customerId=7195320&model_id=0&APPPackage=com.hisense.hicloud.edca&PFAPPCode=652&APPVersionName=3.0.0.9.00&ChannelId=0&softwareVersion=LED50MU8600UC0000888&tv_distribute_id=00&devType=0&APIVersion=600&accessToken=72DF6038D2AEAB8A76DFBBBBCC428A4A_003469305914783 (42ms)
07-05 21:30:43.652 D/OkHttp  (31381): Server: nginx
07-05 21:30:43.652 D/OkHttp  (31381): Date: Wed, 05 Jul 2017 13:30:43 GMT
07-05 21:30:43.652 D/OkHttp  (31381): Content-Type: application/json
07-05 21:30:43.652 D/OkHttp  (31381): Content-Length: 221
07-05 21:30:43.652 D/OkHttp  (31381): Connection: close
07-05 21:30:43.652 D/OkHttp  (31381): <-- END HTTP
07-05 21:30:43.654 D/HttpHandler(31381): RetryIntercepter-->retryNum=0
07-05 21:30:43.654 D/HttpHandler(31381): RetryIntercepter-->backoffmutiplier=0
07-05 21:30:43.655 I/TVMW@HsTvSetting( 1234): Trace cmd, data = 0x1058
07-05 21:30:43.656 D/til@system( 2026): til_get_system_param option:100002F int:0, bool:0, ret:0
07-05 21:30:43.656 I/TVMW@HsTvSetting( 1234): Trace cmd, data = 0x101f
07-05 21:30:43.656 D/til@system( 2026): til_get_system_param option:100001D int:3, bool:3, ret:0
07-05 21:30:43.656 E/til     ( 2026): [til_get_current_input_source, 101] 
07-05 21:30:43.656 I/TVMW@HsTvSetting( 1234): Trace cmd, data = 0x7007
07-05 21:30:43.659 I/tilwrapper@sm( 2026): HS2TIL_SourceType *hs=0xd, *til=0x900
07-05 21:30:43.659 D/til     ( 2026): get current source 2304
07-05 21:30:43.659 D/SourceRemoteServiceHandler( 2026): getCurrentInputSource.from.til.result is 0, value is 2304
07-05 21:30:43.659 D/SourceRemoteServiceHandler( 2026): getInputSourceType source: 0x900, type=2304
07-05 21:30:43.659 D/til     ( 2026): ###### func:til_get_picture_param option:0x3000006 ######  
07-05 21:30:43.659 I/TVMW@HsTvSetting( 1234): Trace cmd, data = 0x1003
07-05 21:30:43.659 I/TVMW@HsTvSetting( 1234): Trace cmd, data = 0x8032
07-05 21:30:43.660 I/hstvos  ( 1216): [0m[1;33m[HSHAL][HS_VIDEO][HS_HAL_Video_SetOsdDetect_v2][2389]u16Threshold = 20
07-05 21:30:43.660 E/TVMW@videoctrl( 1234):  getOsd is 1
07-05 21:30:43.660 I/MiSysSrv( 1214): Not support now! 42, change to mm_video!!!
07-05 21:30:43.660 I/TabView (31381): onScroll:,firstItem=0,visibleCount=6,totalCount=10
07-05 21:30:43.661 D/til@system( 2026): til_get_system_param option:1000027 int:1, bool:1, ret:0
07-05 21:30:43.661 D/til     ( 2026): ###### func:til_get_picture_param option:0x3000045 ######  
07-05 21:30:43.661 I/FirstLineAdapter(31381): canShowTrailer,isOffline=false
07-05 21:30:43.661 I/FirstLineAdapter(31381): canShowTrailer,isOffline=false
07-05 21:30:43.661 I/FirstLineAdapter(31381): canShowTrailer,isOffline=false
07-05 21:30:43.661 I/FirstLineAdapter(31381): canShowTrailer,isOffline=false
07-05 21:30:43.661 I/TVMW@HsTvSetting( 1234): Trace cmd, data = 0x300c
07-05 21:30:43.661 I/FirstLineAdapter(31381): canShowTrailer,isOffline=false
07-05 21:30:43.661 I/TVMW@HsTvSetting( 1234): Trace 3d, data = 0x300c
07-05 21:30:43.661 I/TVMW@3d ( 1234): Hs_debug3d_trace: func:get3dStatus, line:109
07-05 21:30:43.661 I/FirstLineAdapter(31381): canShowTrailer,isOffline=false
07-05 21:30:43.661 I/FirstLineAdapter(31381): canShowTrailer,isOffline=false
07-05 21:30:43.662 D/HttpHandler(31381): VerifySignInterCeptor-->dateType=1
07-05 21:30:43.662 D/HttpHandler(31381): VerifySignInterCeptor-->HttpRequestManager.httpClietOption.getVerifyFlag()=1
07-05 21:30:43.663 D/HttpHandler(31381): VerifySignInterCeptor-->content={"memberType": 2, "isActivity": 0}
07-05 21:30:43.665 D/Carousel-CarouselChannelItemView(31381): Listitem imageUrl:http://picture.edu.hismarttv.com/images/20170628102959016598.jpg
07-05 21:30:43.666 D/Carousel-CarouselChannelItemView(31381): Listitem imageUrl:http://picture.edu.hismarttv.com/images/20170628103002814396.jpg
07-05 21:30:43.667 D/Carousel-CarouselChannelItemView(31381): Listitem imageUrl:http://picture.edu.hismarttv.com/images/20170628103009181182.jpg
07-05 21:30:43.667 D/Carousel-CarouselChannelItemView(31381): Listitem imageUrl:http://picture.edu.hismarttv.com/images/20170628102959016598.jpg
07-05 21:30:43.668 D/Carousel-CarouselChannelItemView(31381): Listitem imageUrl:http://picture.edu.hismarttv.com/images/20170628103002814396.jpg
07-05 21:30:43.669 I/MiSysSrv( 1214): [37m[INFO] Change to Voltage: 107 mv (0x28)[m
07-05 21:30:43.669 D/Carousel-CarouselChannelItemView(31381): Listitem imageUrl:http://picture.edu.hismarttv.com/images/20170628103009181182.jpg
07-05 21:30:43.673 I/FirstLineAdapter(31381): canShowTrailer,isOffline=false
07-05 21:30:43.673 I/FirstLineAdapter(31381): canShowTrailer,isOffline=false
07-05 21:30:43.674 D/Carousel-CarouselView(31381): ============>onScrollChanged hashCode:70828974
07-05 21:30:43.677 I/MyFragmentStateAdapter(31381): getCount
07-05 21:30:43.687 D/gralloc ( 1204): allocate buffer from ION HEAP 0x1
07-05 21:30:43.687 D/gralloc ( 1204): allocate memory from system heap
07-05 21:30:43.721 D/OsdMonitorService( 1733): mCurrentWindow = com.hisense.hicloud.edca/com.hisense.tvui.newhome.HomeMainActivity; newWindow = com.hisense.hicloud.edca/com.hisense.tvui.newhome.HomeMainActivity; isSubWindow = false; isInWinList = false; isExitNow = false
07-05 21:30:43.721 D/OsdMonitorService( 1733): windowNotOsd() : name = com.hisense.hicloud.edca/com.hisense.tvui.newhome.HomeMainActivity
07-05 21:30:43.721 I/OsdMonitorService( 1733): setOsdStatus() : status will change from true to true
07-05 21:30:43.723 D/PowerManagerService( 1733): setScreenBrightnessOverrideFromWindowManagerInternal done
07-05 21:30:43.725 D/Surface (31381): onStatusChange() : mNativeObject = 0 mUseImageHwRender = false
07-05 21:30:43.725 I/HiNetworkImpl(31381): doHttp_Asyn(): onSuccess clazz = class com.hisense.tvui.newhome.bean.SelectionBean, back from thread: main
07-05 21:30:43.726 I/HomeDataPresenter(31381): getRecommandData() onSuccess: RoleContentFragment945337772
07-05 21:30:43.726 I/RoleContentFragment(31381): recommandlist={10003=0, 10002=8}
07-05 21:30:43.726 I/RoleContentFragment(31381): lineIndex=0,id=10002,pos=8
07-05 21:30:43.726 I/RoleContentFragment(31381): ,addItemSize=25
07-05 21:30:43.726 I/RoleContentFragment(31381): origin pos=8
07-05 21:30:43.726 I/RoleContentFragment(31381): offset pos=2
07-05 21:30:43.727 I/RoleContentFragment(31381): array size=11
07-05 21:30:43.727 I/RoleContentFragment(31381): lineIndex=1,id=10003,pos=0
07-05 21:30:43.727 I/RoleContentFragment(31381): ,addItemSize=24
07-05 21:30:43.727 I/RoleContentFragment(31381): origin pos=0
07-05 21:30:43.727 I/RoleContentFragment(31381): offset pos=2
07-05 21:30:43.727 I/RoleContentFragment(31381): array size=11
07-05 21:30:43.740 D/Carousel-MyListView(31381): setSelectionAndPadding position:1
07-05 21:30:43.742 D/TabFocusBorderView(31381): SLOVEN onAnimationEnd
07-05 21:30:43.742 D/TabView (31381): SLOVEN border top===>:296---407
07-05 21:30:43.743 I/MyFragmentStateAdapter(31381): getCount
07-05 21:30:43.743 I/MyFragmentStateAdapter(31381): getCount
07-05 21:30:43.744 I/MyFragmentStateAdapter(31381): getCount
07-05 21:30:43.744 I/MyFragmentStateAdapter(31381): getCount
07-05 21:30:43.744 I/TabView (31381): onScroll:,firstItem=0,visibleCount=6,totalCount=10
07-05 21:30:43.745 I/FirstLineAdapter(31381): canShowTrailer,isOffline=false
07-05 21:30:43.745 I/FirstLineAdapter(31381): canShowTrailer,isOffline=false
07-05 21:30:43.745 I/FirstLineAdapter(31381): canShowTrailer,isOffline=false
07-05 21:30:43.745 I/FirstLineAdapter(31381): canShowTrailer,isOffline=false
07-05 21:30:43.745 I/FirstLineAdapter(31381): canShowTrailer,isOffline=false
07-05 21:30:43.745 I/FirstLineAdapter(31381): canShowTrailer,isOffline=false
07-05 21:30:43.745 I/FirstLineAdapter(31381): canShowTrailer,isOffline=false
07-05 21:30:43.745 D/Carousel-CarouselChannelItemView(31381): Listitem imageUrl:http://picture.edu.hismarttv.com/images/20170628102959016598.jpg
07-05 21:30:43.748 D/Carousel-CarouselChannelItemView(31381): Listitem imageUrl:http://picture.edu.hismarttv.com/images/20170628103002814396.jpg
07-05 21:30:43.749 D/Carousel-CarouselChannelItemView(31381): Listitem imageUrl:http://picture.edu.hismarttv.com/images/20170628103009181182.jpg
07-05 21:30:43.750 D/Carousel-CarouselChannelItemView(31381): Listitem imageUrl:http://picture.edu.hismarttv.com/images/20170628102959016598.jpg
07-05 21:30:43.751 D/Carousel-CarouselChannelItemView(31381): Listitem imageUrl:http://picture.edu.hismarttv.com/images/20170628103002814396.jpg
07-05 21:30:43.752 D/Carousel-CarouselChannelItemView(31381): Listitem imageUrl:http://picture.edu.hismarttv.com/images/20170628103009181182.jpg
07-05 21:30:43.753 I/FirstLineAdapter(31381): canShowTrailer,isOffline=false
07-05 21:30:43.753 I/FirstLineAdapter(31381): canShowTrailer,isOffline=false
07-05 21:30:43.754 I/head    (31381): item=com.hisense.leanback.widget.ListRow@25846976
07-05 21:30:43.754 I/CardSelectionPresenter(31381): onViewDetachedFromWindow mTitleTx = 
07-05 21:30:43.755 I/CardSelectionPresenter(31381): onViewDetachedFromWindow mTitleTx = 
07-05 21:30:43.755 I/CardSelectionPresenter(31381): onViewDetachedFromWindow mTitleTx = 
07-05 21:30:43.755 I/CardSelectionPresenter(31381): onUnbindViewHolder mTitleTx = 
07-05 21:30:43.769 I/MiSysSrv( 1214): [37m[INFO] Change to Voltage: 107 mv (0x28)[m
07-05 21:30:43.775 D/HttpHandler(31381): VerifySignInterCeptor-->request.url()=http://picture.edu.hismarttv.com/images/20170628103009181182.jpg
07-05 21:30:43.775 D/HttpHandler(31381): VerifySignInterCeptor-->hostname=picture.edu.hismarttv.com
07-05 21:30:43.776 D/OkHttp  (31381): --> GET http://picture.edu.hismarttv.com/images/20170628103009181182.jpg http/1.1
07-05 21:30:43.776 D/OkHttp  (31381): Host: picture.edu.hismarttv.com
07-05 21:30:43.776 D/OkHttp  (31381): Connection: Keep-Alive
07-05 21:30:43.776 D/OkHttp  (31381): Accept-Encoding: gzip
07-05 21:30:43.776 D/OkHttp  (31381): User-Agent: okhttp/3.6.0
07-05 21:30:43.776 D/OkHttp  (31381): --> END GET
07-05 21:30:43.789 D/OkHttp  (31381): <-- 200 OK http://picture.edu.hismarttv.com/images/20170628103009181182.jpg (13ms)
07-05 21:30:43.789 D/OkHttp  (31381): Date: Mon, 03 Jul 2017 11:33:22 GMT
07-05 21:30:43.789 D/OkHttp  (31381): Server: nginx
07-05 21:30:43.789 D/OkHttp  (31381): Content-Type: image/jpeg
07-05 21:30:43.789 D/OkHttp  (31381): Content-Length: 41416
07-05 21:30:43.789 D/OkHttp  (31381): Last-Modified: Wed, 28 Jun 2017 10:30:09 GMT
07-05 21:30:43.790 D/OkHttp  (31381): ETag: "59538531-a1c8"
07-05 21:30:43.790 D/OkHttp  (31381): Accept-Ranges: bytes
07-05 21:30:43.790 D/OkHttp  (31381): Age: 179841
07-05 21:30:43.790 D/OkHttp  (31381): Via: 1.1 pingwangtong49:1 (Cdn Cache Server V2.0)[0 200 0], 1.1 dzhwt36:9 (Cdn Cache Server V2.0)[0 200 0]
07-05 21:30:43.790 D/OkHttp  (31381): Connection: keep-alive
07-05 21:30:43.790 D/OkHttp  (31381): <-- END HTTP
07-05 21:30:43.792 D/HttpHandler(31381): RetryIntercepter-->retryNum=0
07-05 21:30:43.792 D/HttpHandler(31381): RetryIntercepter-->backoffmutiplier=0
07-05 21:30:43.801 D/HttpHandler(31381): VerifySignInterCeptor-->request.url()=http://picture.edu.hismarttv.com/images/20170628233232135598.jpg
07-05 21:30:43.801 D/HttpHandler(31381): VerifySignInterCeptor-->hostname=picture.edu.hismarttv.com
07-05 21:30:43.802 D/OkHttp  (31381): --> GET http://picture.edu.hismarttv.com/images/20170628233232135598.jpg http/1.1
07-05 21:30:43.802 D/OkHttp  (31381): Host: picture.edu.hismarttv.com
07-05 21:30:43.802 D/OkHttp  (31381): Connection: Keep-Alive
07-05 21:30:43.802 D/OkHttp  (31381): Accept-Encoding: gzip
07-05 21:30:43.803 D/OkHttp  (31381): User-Agent: okhttp/3.6.0
07-05 21:30:43.803 D/OkHttp  (31381): --> END GET
07-05 21:30:43.819 D/OkHttp  (31381): <-- 200 OK http://picture.edu.hismarttv.com/images/20170628121916725281.png (702ms)
07-05 21:30:43.820 D/OkHttp  (31381): Date: Tue, 04 Jul 2017 13:44:34 GMT
07-05 21:30:43.820 D/OkHttp  (31381): Server: nginx
07-05 21:30:43.820 D/OkHttp  (31381): Content-Type: image/png
07-05 21:30:43.820 D/OkHttp  (31381): Content-Length: 2555
07-05 21:30:43.820 D/OkHttp  (31381): Last-Modified: Wed, 28 Jun 2017 12:19:16 GMT
07-05 21:30:43.820 D/OkHttp  (31381): ETag: "59539ec4-9fb"
07-05 21:30:43.820 D/OkHttp  (31381): Accept-Ranges: bytes
07-05 21:30:43.820 D/OkHttp  (31381): Age: 85569
07-05 21:30:43.820 D/OkHttp  (31381): Via: 1.1 jn239:1 (Cdn Cache Server V2.0)[16 200 0], 1.1 changwtong67:2 (Cdn Cache Server V2.0)[681 200 0]
07-05 21:30:43.820 D/OkHttp  (31381): Connection: keep-alive
07-05 21:30:43.820 D/OkHttp  (31381): <-- END HTTP
07-05 21:30:43.821 D/HttpHandler(31381): RetryIntercepter-->retryNum=0
07-05 21:30:43.821 D/HttpHandler(31381): RetryIntercepter-->backoffmutiplier=0
07-05 21:30:43.836 D/HttpHandler(31381): VerifySignInterCeptor-->request.url()=http://picture.edu.hismarttv.com/images/20170629075040001252.jpg
07-05 21:30:43.836 D/HttpHandler(31381): VerifySignInterCeptor-->hostname=picture.edu.hismarttv.com
07-05 21:30:43.837 D/OkHttp  (31381): --> GET http://picture.edu.hismarttv.com/images/20170629075040001252.jpg http/1.1
07-05 21:30:43.837 D/OkHttp  (31381): Host: picture.edu.hismarttv.com
07-05 21:30:43.837 D/OkHttp  (31381): Connection: Keep-Alive
07-05 21:30:43.837 D/OkHttp  (31381): Accept-Encoding: gzip
07-05 21:30:43.837 D/OkHttp  (31381): User-Agent: okhttp/3.6.0
07-05 21:30:43.837 D/OkHttp  (31381): --> END GET
07-05 21:30:43.853 D/OkHttp  (31381): <-- 200 OK http://picture.edu.hismarttv.com/images/20170629075040001252.jpg (15ms)
07-05 21:30:43.853 D/OkHttp  (31381): Date: Mon, 03 Jul 2017 08:35:17 GMT
07-05 21:30:43.853 D/OkHttp  (31381): Server: nginx
07-05 21:30:43.853 D/OkHttp  (31381): Content-Type: image/jpeg
07-05 21:30:43.853 D/OkHttp  (31381): Content-Length: 103036
07-05 21:30:43.853 D/OkHttp  (31381): Last-Modified: Thu, 29 Jun 2017 07:50:40 GMT
07-05 21:30:43.853 D/OkHttp  (31381): ETag: "5954b150-1927c"
07-05 21:30:43.853 D/OkHttp  (31381): Accept-Ranges: bytes
07-05 21:30:43.853 D/OkHttp  (31381): Age: 190523
07-05 21:30:43.853 D/OkHttp  (31381): Via: 1.1 changzhiwangtong172:9 (Cdn Cache Server V2.0)[14 200 0], 1.1 dezhou34:0 (Cdn Cache Server V2.0)[0 200 0]
07-05 21:30:43.853 D/OkHttp  (31381): Connection: keep-alive
07-05 21:30:43.853 D/OkHttp  (31381): <-- END HTTP
07-05 21:30:43.855 D/HttpHandler(31381): RetryIntercepter-->retryNum=0
07-05 21:30:43.855 D/HttpHandler(31381): RetryIntercepter-->backoffmutiplier=0
07-05 21:30:43.869 I/MiSysSrv( 1214): [37m[INFO] Change to Voltage: 102 mv (0x23)[m
07-05 21:30:43.882 I/CardSelectionPresenter(31381): onViewDetachedFromWindow mTitleTx = 
07-05 21:30:43.882 I/CardSelectionPresenter(31381): onUnbindViewHolder mTitleTx = 
07-05 21:30:43.882 I/CardSelectionPresenter(31381): onUnbindViewHolder mTitleTx = 
07-05 21:30:43.882 I/CardSelectionPresenter(31381): onUnbindViewHolder mTitleTx = 
07-05 21:30:43.882 I/ContentBridgeAdapterListener(31381): onBind 
07-05 21:30:43.883 I/CardSelectionPresenter(31381): onCreateViewHoldercom.hisense.leanback.widget.HorizontalGridView{252f5cc VFE..... ......ID 0,0-1738,279 #7f0d038e app:id/row_content}
07-05 21:30:43.884 D/DtvSourcePlugin-DVBC(15961): Setting the EPG Updater state to: WAIT
07-05 21:30:43.888 I/CardSelectionPresenter(31381): onBindViewHolder
07-05 21:30:43.888 D/sloven  (31381): 1002---true
07-05 21:30:43.888 I/CardSelectionPresenter(31381): width=400,height=220
07-05 21:30:43.901 I/CardSelectionPresenter(31381): onUnbindViewHolder mTitleTx = 
07-05 21:30:43.902 I/CardSelectionPresenter(31381): onBindViewHolder
07-05 21:30:43.902 D/sloven  (31381): 1002---true
07-05 21:30:43.902 I/CardSelectionPresenter(31381): width=400,height=220
07-05 21:30:43.903 D/hailongqiu(31381): hailongqiu position:0
07-05 21:30:43.904 I/dex2oat (31473): dex2oat took 3.176s (threads: 4) arena alloc=194KB java alloc=10MB native alloc=6MB free=5MB
07-05 21:30:43.906 I/CardSelectionPresenter(31381): onCreateViewHoldercom.hisense.leanback.widget.HorizontalGridView{252f5cc VFE..... ......ID 0,0-1738,279 #7f0d038e app:id/row_content}
07-05 21:30:43.912 I/CardSelectionPresenter(31381): onBindViewHolder
07-05 21:30:43.912 D/sloven  (31381): 1002---true
07-05 21:30:43.913 I/CardSelectionPresenter(31381): width=400,height=220
07-05 21:30:43.925 I/CardSelectionPresenter(31381): onCreateViewHoldercom.hisense.leanback.widget.HorizontalGridView{252f5cc VFE..... ......ID 0,0-1738,279 #7f0d038e app:id/row_content}
07-05 21:30:43.927 D/OkHttp  (31381): <-- 200 OK http://picture.edu.hismarttv.com/images/20170628103002814396.jpg (455ms)
07-05 21:30:43.927 D/OkHttp  (31381): Date: Mon, 03 Jul 2017 10:05:18 GMT
07-05 21:30:43.927 D/OkHttp  (31381): Server: nginx
07-05 21:30:43.927 W/PluginProviderBuilder(31381): createDexClassLoader() return dalvik.system.DexClassLoader[DexPathList[[zip file "/data/data/com.hisense.hicloud.edca/files/plugin/2.1.0.59986/pluginplayer/1.64.0.59984/pluginplayer-release-1.64.0.59984.apk"],nativeLibraryDirectories=[/vendor/lib, /system/lib]]]
07-05 21:30:43.927 D/OkHttp  (31381): Content-Type: image/jpeg
07-05 21:30:43.927 D/OkHttp  (31381): Content-Length: 54264
07-05 21:30:43.927 D/OkHttp  (31381): Last-Modified: Wed, 28 Jun 2017 10:30:02 GMT
07-05 21:30:43.927 D/OkHttp  (31381): ETag: "5953852a-d3f8"
07-05 21:30:43.927 D/OkHttp  (31381): Accept-Ranges: bytes
07-05 21:30:43.927 D/OkHttp  (31381): Age: 185125
07-05 21:30:43.927 D/OkHttp  (31381): Via: 1.1 chzhwt171:8 (Cdn Cache Server V2.0)[0 200 0], 1.1 changwtong68:5 (Cdn Cache Server V2.0)[420 200 0]
07-05 21:30:43.927 D/OkHttp  (31381): Connection: keep-alive
07-05 21:30:43.927 D/OkHttp  (31381): <-- END HTTP
07-05 21:30:43.930 W/ContextClassLoaderSwitcher(31381): ClassLoaderSwitcher doSwitch(com.hisense.hicloud.edca.BaseApplication@2adbac5c, dalvik.system.DexClassLoader[DexPathList[[zip file "/data/data/com.hisense.hicloud.edca/files/plugin/2.1.0.59986/pluginplayer/1.64.0.59984/pluginplayer-release-1.64.0.59984.apk"],nativeLibraryDirectories=[/vendor/lib, /system/lib]]])
07-05 21:30:43.931 W/ObjectMethodHolder(31381): >> invoke() mMethodName=getBaseContext, mCached=false, mCacheValue=true, mMethod=null
07-05 21:30:43.931 I/CardSelectionPresenter(31381): onBindViewHolder
07-05 21:30:43.932 D/sloven  (31381): 1002---true
07-05 21:30:43.932 I/CardSelectionPresenter(31381): width=400,height=220
07-05 21:30:43.933 W/ObjectMethodHolder(31381): << invoke() mMethodName=getBaseContext, mCached=true, mCacheValue=true, mMethod=public android.content.Context android.content.ContextWrapper.getBaseContext() return android.app.ContextImpl{android.app.ContextImpl@1f41ebf3}
07-05 21:30:43.934 W/ObjectMethodHolder(31381): >> invoke() mMethodName=getClassLoader, mCached=false, mCacheValue=true, mMethod=null
07-05 21:30:43.936 W/ObjectMethodHolder(31381): << invoke() mMethodName=getClassLoader, mCached=true, mCacheValue=true, mMethod=public java.lang.ClassLoader android.app.LoadedApk.getClassLoader() return dalvik.system.PathClassLoader{dalvik.system.PathClassLoader[DexPathList[[zip file "/data/app/com.hisense.hicloud.edca-2/base.apk"],nativeLibraryDirectories=[/data/app/com.hisense.hicloud.edca-2/lib/arm, /vendor/lib, /system/lib]]]}
07-05 21:30:43.937 W/PluginProviderBuilder(31381): createPluginContext() return /data/app/com.hisense.hicloud.edca-2/base.apk
07-05 21:30:43.938 D/HttpHandler(31381): RetryIntercepter-->retryNum=0
07-05 21:30:43.938 D/HttpHandler(31381): RetryIntercepter-->backoffmutiplier=0
07-05 21:30:43.941 I/CardSelectionPresenter(31381): onCreateViewHoldercom.hisense.leanback.widget.HorizontalGridView{252f5cc VFE..... ......ID 0,0-1738,279 #7f0d038e app:id/row_content}
07-05 21:30:43.955 I/CardSelectionPresenter(31381): onBindViewHolder
07-05 21:30:43.955 D/sloven  (31381): 1002---true
07-05 21:30:43.955 I/CardSelectionPresenter(31381): width=400,height=220
07-05 21:30:43.960 I/CardSelectionPresenter(31381): onCreateViewHoldercom.hisense.leanback.widget.HorizontalGridView{252f5cc VFE..... ......ID 0,0-1738,279 #7f0d038e app:id/row_content}
07-05 21:30:43.964 I/art     (31381): Background sticky concurrent mark sweep GC freed 22171(2005KB) AllocSpace objects, 1(16KB) LOS objects, 6% free, 27MB/29MB, paused 6.672ms total 49.359ms
07-05 21:30:43.968 I/CardSelectionPresenter(31381): onBindViewHolder
07-05 21:30:43.968 D/sloven  (31381): 1002---true
07-05 21:30:43.968 I/CardSelectionPresenter(31381): width=0,height=220
07-05 21:30:43.976 D/Carousel-CarouselView(31381): ============>onScrollChanged hashCode:70828974
07-05 21:30:43.981 D/Player/PluginProvider@1afd05c5(31381): [TID 31411] PluginProvider() new
07-05 21:30:43.981 D/HttpHandler(31381): VerifySignInterCeptor-->request.url()=http://picture.edu.hismarttv.com/images/20170628104504467308.jpg
07-05 21:30:43.981 D/HttpHandler(31381): VerifySignInterCeptor-->hostname=picture.edu.hismarttv.com
07-05 21:30:43.981 W/AbsPluginProvider(31381): initialize<<(hostContext=com.hisense.hicloud.edca.BaseApplication@2adbac5c, context=com.qiyi.sdk.plugin.server.core.ContextProxy@10dbab1a, params={lib_dir=/data/data/com.hisense.hicloud.edca/files/plugin/2.1.0.59986/pluginplayer/1.64.0.59984/pluginplayer-release-1.64.0.59984-libs, file_path=/data/data/com.hisense.hicloud.edca/files/plugin/2.1.0.59986/pluginplayer/1.64.0.59984/pluginplayer-release-1.64.0.59984.apk}, info=AppInfo(hostVersion=2.1.0.59986mHostAllowDebug=false))
07-05 21:30:43.981 D/Player/PluginProvider@1afd05c5(31381): [TID 31411] onInitialize() lib path=/data/data/com.hisense.hicloud.edca/files/plugin/2.1.0.59986/pluginplayer/1.64.0.59984/pluginplayer-release-1.64.0.59984-libs
07-05 21:30:43.981 I/LogUtils(31381): [TID 31411] log is open
07-05 21:30:43.982 D/OkHttp  (31381): --> GET http://picture.edu.hismarttv.com/images/20170628104504467308.jpg http/1.1
07-05 21:30:43.982 D/OkHttp  (31381): Host: picture.edu.hismarttv.com
07-05 21:30:43.982 D/OkHttp  (31381): Connection: Keep-Alive
07-05 21:30:43.982 D/OkHttp  (31381): Accept-Encoding: gzip
07-05 21:30:43.982 D/OkHttp  (31381): User-Agent: okhttp/3.6.0
07-05 21:30:43.982 D/OkHttp  (31381): --> END GET
07-05 21:30:43.986 I/MyFragmentStateAdapter(31381): getCount
07-05 21:30:43.987 D/Player/PluginProvider@1afd05c5(31381): [TID 31411] setupSdkFeature()
07-05 21:30:43.987 D/gralloc ( 1204): allocate buffer from ION HEAP 0x1
07-05 21:30:43.987 D/gralloc ( 1204): allocate memory from system heap
07-05 21:30:44.001 E/TabView (31381): tab2
07-05 21:30:44.001 D/TabView (31381): SLOVEN mTopmBorderTop===>:0266
07-05 21:30:44.002 D/TabView (31381): tab scroll up listview
07-05 21:30:44.002 D/TabFocusBorderView(31381): SLOVEN justchangeWidth
07-05 21:30:44.002 D/TabFocusBorderView(31381): SLOVEN widthmWidth===>:220220
07-05 21:30:44.002 D/TabFocusBorderView(31381): SLOVEN onAnimationStart
07-05 21:30:44.002 D/TabView (31381): SLOVEN mTopmBorderTop===>:407266
07-05 21:30:44.002 D/TabView (31381): setSelectedTabView
07-05 21:30:44.018 I/TVMW@devctrl( 1234): wdt
07-05 21:30:44.020 D/HiNetworkImpl(31381): doHttp_Asyn(): onReqResponse isSuccessful = true, back from thread: main
07-05 21:30:44.023 D/OkHttp  (31381): <-- 200 OK http://picture.edu.hismarttv.com/images/20170628104504467308.jpg (41ms)
07-05 21:30:44.023 D/OkHttp  (31381): Date: Mon, 03 Jul 2017 11:33:23 GMT
07-05 21:30:44.023 D/OkHttp  (31381): Server: nginx
07-05 21:30:44.023 D/OkHttp  (31381): Content-Type: image/jpeg
07-05 21:30:44.023 I/HiNetworkImpl(31381): doHttp_Asyn(): onSuccess clazz = class com.hisense.sdk.domain.MemberOrder, back from thread: main
07-05 21:30:44.023 D/OkHttp  (31381): Content-Length: 376321
07-05 21:30:44.023 D/OkHttp  (31381): Last-Modified: Wed, 28 Jun 2017 10:45:04 GMT
07-05 21:30:44.023 D/OkHttp  (31381): ETag: "595388b0-5be01"
07-05 21:30:44.023 D/OkHttp  (31381): Accept-Ranges: bytes
07-05 21:30:44.023 D/OkHttp  (31381): Age: 179840
07-05 21:30:44.023 D/OkHttp  (31381): Via: 1.1 hewangtong174:5 (Cdn Cache Server V2.0)[0 200 0], 1.1 dzhwt36:2 (Cdn Cache Server V2.0)[0 200 0]
07-05 21:30:44.023 I/HomeMainActivity(31381): finishHttpTime : 10285595   479
07-05 21:30:44.023 D/OkHttp  (31381): Connection: keep-alive
07-05 21:30:44.023 D/OkHttp  (31381): <-- END HTTP
07-05 21:30:44.026 D/HttpHandler(31381): RetryIntercepter-->retryNum=0
07-05 21:30:44.026 D/HttpHandler(31381): RetryIntercepter-->backoffmutiplier=0
07-05 21:30:44.029 D/til@system( 2026): til_get_system_param option:1000007 int:-1815633792, bool:128, ret:0
07-05 21:30:44.030 D/til@system( 2026): til_get_system_param option:1000009 int:-1936525184, bool:128, ret:0
07-05 21:30:44.031 D/til@system( 2026): til_get_system_param option:1000008 int:-1936522112, bool:128, ret:0
07-05 21:30:44.031 D/HiSDKLogReport(31381): getOperationDetail-productName : LED50MU8600UC
07-05 21:30:44.031 D/HiSDKLogReport(31381): getOperationDetail-plmNumber : 88888
07-05 21:30:44.031 D/HiSDKLogReport(31381): getOperationDetail-swVersion : V0000.00.01A
07-05 21:30:44.031 D/HiSDKLogReport(31381): getOperationDetail-operationDetail : LED50MU8600UC0000888
07-05 21:30:44.032 D/HiSDKLogReport(31381): processLogReport-log : {eventType=162, appKey=1182445233, APPVersionName=3.0.0.9.00, devid=86100300900000500000060a4818fca8, mac=a8:a6:48:18:fc:a8, uuid=13287129, accessToken=72DF6038D2AEAB8A76DFBBBBCC428A4A_003469305914783, APIversion=501, logversion=2.0, devType=0, APPPackage=com.hisense.hicloud.edca, eventPos=002, requesttime=1499261444031, customerId=7195320, value2=, eventMessage=HttpConnection, value1=479, model_id=0, ChannelId=0, version=00.002.003, tv_distribute_id=00, subscriberId=13287129, APIVersion=600, PFAPPCode=652, softwareVersion=LED50MU8600UC0000888}
07-05 21:30:44.032 I/HomeMainActivity(31381): getUserType  response : 2 null
07-05 21:30:44.032 I/HomeMainActivity(31381): this is LowMemoryConfiguration 
07-05 21:30:44.040 W/System.err(31381): java.net.ConnectException: failed to connect to /10.18.210.112 (port 8900) after 6000ms: isConnected failed: ECONNREFUSED (Connection refused)
07-05 21:30:44.040 W/System.err(31381): 	at libcore.io.IoBridge.isConnected(IoBridge.java:238)
07-05 21:30:44.040 W/System.err(31381): 	at libcore.io.IoBridge.connectErrno(IoBridge.java:171)
07-05 21:30:44.040 W/System.err(31381): 	at libcore.io.IoBridge.connect(IoBridge.java:122)
07-05 21:30:44.040 W/System.err(31381): 	at java.net.PlainSocketImpl.connect(PlainSocketImpl.java:183)
07-05 21:30:44.040 W/System.err(31381): 	at java.net.PlainSocketImpl.connect(PlainSocketImpl.java:456)
07-05 21:30:44.040 W/System.err(31381): 	at java.net.Socket.connect(Socket.java:882)
07-05 21:30:44.040 W/System.err(31381): 	at com.android.okhttp.internal.Platform.connectSocket(Platform.java:174)
07-05 21:30:44.040 W/System.err(31381): 	at com.android.okhttp.Connection.connect(Connection.java:152)
07-05 21:30:44.040 W/System.err(31381): 	at com.android.okhttp.internal.http.HttpEngine.connect(HttpEngine.java:276)
07-05 21:30:44.040 W/System.err(31381): 	at com.android.okhttp.internal.http.HttpEngine.sendRequest(HttpEngine.java:211)
07-05 21:30:44.040 W/System.err(31381): 	at com.android.okhttp.internal.http.HttpURLConnectionImpl.execute(HttpURLConnectionImpl.java:382)
07-05 21:30:44.040 W/System.err(31381): 	at com.android.okhttp.internal.http.HttpURLConnectionImpl.connect(HttpURLConnectionImpl.java:106)
07-05 21:30:44.040 W/System.err(31381): 	at com.hisense.hitv.hicloud.util.ExceptionReport.a(ExceptionReport.java:337)
07-05 21:30:44.040 W/System.err(31381): 	at com.hisense.hitv.hicloud.util.ExceptionReport.a(ExceptionReport.java:39)
07-05 21:30:44.040 W/System.err(31381): 	at com.hisense.hitv.hicloud.util.ExceptionReport$1.run(ExceptionReport.java:83)
07-05 21:30:44.041 W/System.err(31381): 	at java.lang.Thread.run(Thread.java:818)
07-05 21:30:44.041 W/System.err(31381): Caused by: android.system.ErrnoException: isConnected failed: ECONNREFUSED (Connection refused)
07-05 21:30:44.041 W/System.err(31381): 	at libcore.io.IoBridge.isConnected(IoBridge.java:223)
07-05 21:30:44.041 W/System.err(31381): 	... 15 more
07-05 21:30:44.045 D/PlayerSdk/PlayerSdkProject(31381): [TID 31411] >> beginInitialize
07-05 21:30:44.046 D/PlayerSdk/SdkConfigManager(31381): [TID 31411] setupConfig: context=com.qiyi.sdk.plugin.server.core.ContextProxy@10dbab1a
07-05 21:30:44.046 W/ContextProxy(31381): getAssets() mAssetManager=android.content.res.AssetManager@1865083b
07-05 21:30:44.047 D/PlayerSdk/SdkConfigManager(31381): [TID 31411] setupConfig: strEncrypted=VVVJRD0yMDE3MDQyNTExMzUzNzkxMmdlVEdXS0REMTE3MDIsQ1VTVE9NRVJfSUQ9NjAsUExBWUVSX0NPTkZJR19UWVBFPTQsUExBVEZPUk1fVFZBUEk9SEFJWElOLElTX1NVUFBPUlRfWUlOSEVfUElOR0JBQ0s9ZmFsc2UsSVNfRU5CQUxFX0gyNjU9ZmFsc2UsSVNfRU5BQkxFX0RPTEJZPWZhbHNlLElTX0VOQkFMRV80Sz0sSVNfRU5CQUxFX0RPTEJZX1ZJU0lPTj0sSVNfRU5CQUxFX0hEUjEwPSxJU19VU0VfVE1UU19MT0NBTF9TSUdOPWZhbHNlLElTX0dFVF9VVUlEX0ZST01fU0VSVkVSPXRydWUsQ0ROX0RJU1BBVENIX1BBUkFNPSxET01BSU5fTkFNRT1wdHF5LmdpdHYudHYsTkFUSVZFX1BMQVlFUl9CUkFORD1IaVNlbnNlLExPR0lOX1RZUEU9U1VCX0FDQ09VTlQsQ1VTVE9NRVJfUEFDS0FHRV9OQU1FPWNvbS5oaXNlbnNlLmhpY2xvdWQuZWRjYSxJU19ERUJVR19WRVJTSU9OPWZhbHNlLE5BVElWRV9QTEFZRVJfQ09ERUNUWVBFPSxQTEFZRVJfUExBVEZPUk09UF9IaXNlbnNlLEVOQUJMRV9TRVRfQklUU1RSRUFNPXRydWUsREVGQVVMVF9DRkdfQklUU1RSRUFNPSw=
07-05 21:30:44.048 I/System.out(31381): decode
07-05 21:30:44.048 W/ContextProxy(31381): getResources() mResources=android.content.res.Resources@795f4b1
07-05 21:30:44.052 D/HttpHandler(31381): VerifySignInterCeptor-->request.url()=http://picture.edu.hismarttv.com/images/20170629/%E5%BF%83%E7%AE%97%E5%8F%A3%E8%AF%80%E5%A4%A9%E5%A4%A9%E7%BB%83.jpg
07-05 21:30:44.053 D/HttpHandler(31381): VerifySignInterCeptor-->hostname=picture.edu.hismarttv.com
07-05 21:30:44.054 D/OkHttp  (31381): --> GET http://picture.edu.hismarttv.com/images/20170629/%E5%BF%83%E7%AE%97%E5%8F%A3%E8%AF%80%E5%A4%A9%E5%A4%A9%E7%BB%83.jpg http/1.1
07-05 21:30:44.054 D/OkHttp  (31381): Host: picture.edu.hismarttv.com
07-05 21:30:44.054 D/OkHttp  (31381): Connection: Keep-Alive
07-05 21:30:44.054 D/OkHttp  (31381): Accept-Encoding: gzip
07-05 21:30:44.054 D/OkHttp  (31381): User-Agent: okhttp/3.6.0
07-05 21:30:44.054 D/OkHttp  (31381): --> END GET
07-05 21:30:44.069 I/MiSysSrv( 1214): [37m[INFO] Change to Voltage: 117 mv (0x32)[m
07-05 21:30:44.075 D/HttpHandler(31381): VerifySignInterCeptor-->request.url()=http://picture.edu.hismarttv.com/images/20170629/%E5%AE%A2%E5%8E%85%E7%87%83%E8%84%82%E5%A5%B3%E7%8E%8B20170207081137502012.jpg
07-05 21:30:44.075 D/HttpHandler(31381): VerifySignInterCeptor-->hostname=picture.edu.hismarttv.com
07-05 21:30:44.076 D/OkHttp  (31381): --> GET http://picture.edu.hismarttv.com/images/20170629/%E5%AE%A2%E5%8E%85%E7%87%83%E8%84%82%E5%A5%B3%E7%8E%8B20170207081137502012.jpg http/1.1
07-05 21:30:44.076 D/OkHttp  (31381): Host: picture.edu.hismarttv.com
07-05 21:30:44.076 D/OkHttp  (31381): Connection: Keep-Alive
07-05 21:30:44.076 D/OkHttp  (31381): Accept-Encoding: gzip
07-05 21:30:44.076 D/OkHttp  (31381): User-Agent: okhttp/3.6.0
07-05 21:30:44.076 D/OkHttp  (31381): --> END GET
07-05 21:30:44.077 W/ContextProxy(31381): getResources() mResources=android.content.res.Resources@795f4b1
07-05 21:30:44.080 I/System.out(31381): ok
07-05 21:30:44.081 I/System.out(31381): UUID=20170425113537912geTGWKDD11702,CUSTOMER_ID=60,PLAYER_CONFIG_TYPE=4,PLATFORM_TVAPI=HAIXIN,IS_SUPPORT_YINHE_PINGBACK=false,IS_ENBALE_H265=false,IS_ENABLE_DOLBY=false,IS_ENBALE_4K=,IS_ENBALE_DOLBY_VISION=,IS_ENBALE_HDR10=,IS_USE_TMTS_LOCAL_SIGN=false,IS_GET_UUID_FROM_SERVER=true,CDN_DISPATCH_PARAM=,DOMAIN_NAME=ptqy.gitv.tv,NATIVE_PLAYER_BRAND=HiSense,LOGIN_TYPE=SUB_ACCOUNT,CUSTOMER_PACKAGE_NAME=com.hisense.hicloud.edca,IS_DEBUG_VERSION=false,NATIVE_PLAYER_CODECTYPE=,PLAYER_PLATFORM=P_Hisense,ENABLE_SET_BITSTREAM=true,DEFAULT_CFG_BITSTREAM=,
07-05 21:30:44.081 I/System.out(31381): hook :UUID=20170425113537912geTGWKDD11702,CUSTOMER_ID=60,PLAYER_CONFIG_TYPE=4,PLATFORM_TVAPI=HAIXIN,IS_SUPPORT_YINHE_PINGBACK=false,IS_ENBALE_H265=false,IS_ENABLE_DOLBY=false,IS_ENBALE_4K=,IS_ENBALE_DOLBY_VISION=,IS_ENBALE_HDR10=,IS_USE_TMTS_LOCAL_SIGN=false,IS_GET_UUID_FROM_SERVER=true,CDN_DISPATCH_PARAM=,DOMAIN_NAME=ptqy.gitv.tv,NATIVE_PLAYER_BRAND=HiSense,LOGIN_TYPE=SUB_ACCOUNT,CUSTOMER_PACKAGE_NAME=com.hisense.hicloud.edca,IS_DEBUG_VERSION=false,NATIVE_PLAYER_CODECTYPE=,PLAYER_PLATFORM=P_Hisense,ENABLE_SET_BITSTREAM=true,DEFAULT_CFG_BITSTREAM=,
07-05 21:30:44.083 D/PlayerSdk/SdkConfig(31381): [TID 31411] initialize({PLAYER_PLATFORM=P_Hisense, NATIVE_PLAYER_BRAND=HiSense, CUSTOMER_ID=60, ENABLE_SET_BITSTREAM=true, IS_ENBALE_H265=false, UUID=20170425113537912geTGWKDD11702, IS_GET_UUID_FROM_SERVER=true, IS_DEBUG_VERSION=false, IS_ENABLE_DOLBY=false, CUSTOMER_PACKAGE_NAME=com.hisense.hicloud.edca, IS_USE_TMTS_LOCAL_SIGN=false, PLATFORM_TVAPI=HAIXIN, DOMAIN_NAME=ptqy.gitv.tv, LOGIN_TYPE=SUB_ACCOUNT, IS_SUPPORT_YINHE_PINGBACK=false, PLAYER_CONFIG_TYPE=4})
07-05 21:30:44.085 D/PlayerSdk/SdkConfig(31381): [TID 31411] initialize(), name=com.hisense.hicloud.edca
07-05 21:30:44.086 D/PlayerSdk/SdkConfig(31381): [TID 31411] initialize(),mCustomerPackageNames=[com.hisense.hicloud.edca]
07-05 21:30:44.086 D/SdkConfigUtils(31381): [TID 31411] parsePlatformType(HAIXIN)
07-05 21:30:44.086 D/SdkConfigUtils(31381): [TID 31411] parseLoginType(SUB_ACCOUNT)
07-05 21:30:44.086 D/SdkConfigUtils(31381): [TID 31411] parsePlayerPlatform(P_Hisense)
07-05 21:30:44.087 D/PlayerSdk/SdkConfigManager(31381): [TID 31411] setupConfig: mCurrentConfig=SdkConfig@5e42aed{mCustomerCode=60, mPlayerConfigType=4, mPlatformType=HAIXIN, mLoginType=SUB_ACCOUNT, mIsEnableDolby=false, mIsEnableH265=false, mIsEnable4K=true, mIsSupportYinhePingback=false, mShouldDoPlayCheck=true, mshouldGetUuidFromServer=true, mPingbackS1=2, mPingbackS2=simple_sdk, mPingbackP2=3128, mDomainName=ptqy.gitv.tv, mIsDebugVersion=false, mIsDebugVersion=false, mCustomerPackageNames=[com.hisense.hicloud.edca], mEnableSetBitstream=true}
07-05 21:30:44.093 I/HLSP2P  (16183): ## 2017-07-05 21:30:44.092 [16183,16481,:0] INFO ## [HLSP2P][DownloadManager.cpp:35][INFO][TryExtendCacheSize]system memory total size : 1912M, free size : 599M, cache add to 30MB
07-05 21:30:44.111 D/OkHttp  (31381): <-- 200 OK http://picture.edu.hismarttv.com/images/20170629/%E5%BF%83%E7%AE%97%E5%8F%A3%E8%AF%80%E5%A4%A9%E5%A4%A9%E7%BB%83.jpg (57ms)
07-05 21:30:44.111 D/OkHttp  (31381): Date: Mon, 03 Jul 2017 10:27:55 GMT
07-05 21:30:44.111 D/OkHttp  (31381): Server: nginx
07-05 21:30:44.111 D/OkHttp  (31381): Content-Type: image/jpeg
07-05 21:30:44.111 D/OkHttp  (31381): Content-Length: 204643
07-05 21:30:44.111 D/OkHttp  (31381): Last-Modified: Fri, 09 Jun 2017 14:51:40 GMT
07-05 21:30:44.111 D/OkHttp  (31381): ETag: "593ab5fc-31f63"
07-05 21:30:44.111 D/OkHttp  (31381): Accept-Ranges: bytes
07-05 21:30:44.111 D/OkHttp  (31381): Age: 183769
07-05 21:30:44.111 D/OkHttp  (31381): Via: 1.1 shuozhou56:1 (Cdn Cache Server V2.0)[29 200 0], 1.1 changwtong68:6 (Cdn Cache Server V2.0)[9 200 0]
07-05 21:30:44.111 D/OkHttp  (31381): Connection: keep-alive
07-05 21:30:44.111 D/OkHttp  (31381): <-- END HTTP
07-05 21:30:44.113 E/HomeMainActivity(31381): BaseApplication.mAccountType == 2
07-05 21:30:44.113 I/HomeMainActivity(31381): mBeginHttpTime : 10285685
07-05 21:30:44.114 D/HttpHandler(31381): RetryIntercepter-->retryNum=0
07-05 21:30:44.114 I/HttpDnsUtils(31381): postExperienceVIP(): --url = http://api.edu.hismarttv.com/payment/api/get/experience/member
07-05 21:30:44.114 D/HttpHandler(31381): RetryIntercepter-->backoffmutiplier=0
07-05 21:30:44.114 V/HttpDnsUtils(31381): getExperienceVIP 86100300900000500000060a4818fca8 7195320 13287129 0 2 0 0 0
07-05 21:30:44.114 I/art     (31381): Background sticky concurrent mark sweep GC freed 5817(773KB) AllocSpace objects, 3(48KB) LOS objects, 0% free, 29MB/29MB, paused 8.028ms total 46.350ms
07-05 21:30:44.114 E/NetUtils(31381): encryption --- sign = accessToken=72DF6038D2AEAB8A76DFBBBBCC428A4A_003469305914783&days=0&devid=86100300900000500000060a4818fca8&mac=a8:a6:48:18:fc:a8&memberType=2&orderType=0&BDA9F96C98E9D5130A5AFB3411B5F9E0
07-05 21:30:44.124 D/til@system( 2026): til_get_system_param option:1000007 int:-1936523008, bool:0, ret:0
07-05 21:30:44.126 D/til@system( 2026): til_get_system_param option:1000009 int:-1815634176, bool:0, ret:0
07-05 21:30:44.127 D/til@system( 2026): til_get_system_param option:1000008 int:-1936522368, bool:128, ret:0
07-05 21:30:44.128 D/HttpDnsUtils(31381): CEXX-getOperationDetail-productName : LED50MU8600UC
07-05 21:30:44.128 D/HttpDnsUtils(31381): CEXX-getOperationDetail-plmNumber : 88888
07-05 21:30:44.128 D/HttpDnsUtils(31381): CEXX-getOperationDetail-swVersion : V0000.00.01A
07-05 21:30:44.128 D/HttpDnsUtils(31381): CEXX-getOperationDetail-operationDetail : LED50MU8600UC0000888
07-05 21:30:44.128 I/VideoCapabilities(31381): Unsupported profile 4 for video/mp4v-es
07-05 21:30:44.128 I/VideoCapabilities(31381): Unsupported profile 4 for video/mp4v-es
07-05 21:30:44.128 I/VideoCapabilities(31381): Unsupported profile 4 for video/mp4v-es
07-05 21:30:44.128 I/VideoCapabilities(31381): Unsupported profile 4 for video/mp4v-es
07-05 21:30:44.128 I/VideoCapabilities(31381): Unsupported profile 4 for video/mp4v-es
07-05 21:30:44.128 I/VideoCapabilities(31381): Unsupported profile 4 for video/mp4v-es
07-05 21:30:44.128 I/VideoCapabilities(31381): Unsupported profile 4 for video/mp4v-es
07-05 21:30:44.128 I/VideoCapabilities(31381): Unsupported profile 4 for video/mp4v-es
07-05 21:30:44.128 I/VideoCapabilities(31381): Unsupported profile 8 for video/mp4v-es
07-05 21:30:44.128 I/VideoCapabilities(31381): Unsupported profile 8 for video/mp4v-es
07-05 21:30:44.128 I/VideoCapabilities(31381): Unsupported profile 8 for video/mp4v-es
07-05 21:30:44.128 I/VideoCapabilities(31381): Unsupported profile 8 for video/mp4v-es
07-05 21:30:44.128 I/VideoCapabilities(31381): Unsupported profile 8 for video/mp4v-es
07-05 21:30:44.128 I/VideoCapabilities(31381): Unsupported profile 8 for video/mp4v-es
07-05 21:30:44.128 I/VideoCapabilities(31381): Unsupported profile 8 for video/mp4v-es
07-05 21:30:44.129 I/VideoCapabilities(31381): Unsupported profile 8 for video/mp4v-es
07-05 21:30:44.129 I/VideoCapabilities(31381): Unsupported profile 1024 for video/mp4v-es
07-05 21:30:44.129 I/VideoCapabilities(31381): Unsupported profile 1024 for video/mp4v-es
07-05 21:30:44.129 I/VideoCapabilities(31381): Unsupported profile 1024 for video/mp4v-es
07-05 21:30:44.129 I/VideoCapabilities(31381): Unsupported profile 1024 for video/mp4v-es
07-05 21:30:44.129 I/VideoCapabilities(31381): Unsupported profile 1024 for video/mp4v-es
07-05 21:30:44.129 I/VideoCapabilities(31381): Unsupported profile 1024 for video/mp4v-es
07-05 21:30:44.129 I/VideoCapabilities(31381): Unsupported profile 1024 for video/mp4v-es
07-05 21:30:44.129 I/VideoCapabilities(31381): Unsupported profile 1024 for video/mp4v-es
07-05 21:30:44.129 W/VideoCapabilities(31381): Unrecognized profile/level 32768/2 for video/mp4v-es
07-05 21:30:44.131 D/OkHttp  (31381): <-- 200 OK http://picture.edu.hismarttv.com/images/20170628233232135598.jpg (328ms)
07-05 21:30:44.131 D/OkHttp  (31381): Date: Mon, 03 Jul 2017 10:27:54 GMT
07-05 21:30:44.131 D/OkHttp  (31381): Server: nginx
07-05 21:30:44.131 D/OkHttp  (31381): Content-Type: image/jpeg
07-05 21:30:44.131 D/OkHttp  (31381): Content-Length: 50603
07-05 21:30:44.131 D/OkHttp  (31381): Last-Modified: Wed, 28 Jun 2017 23:32:32 GMT
07-05 21:30:44.131 D/OkHttp  (31381): ETag: "59543c90-c5ab"
07-05 21:30:44.131 D/OkHttp  (31381): Accept-Ranges: bytes
07-05 21:30:44.131 D/OkHttp  (31381): Age: 183770
07-05 21:30:44.131 D/OkHttp  (31381): Via: 1.1 jnwt243:1 (Cdn Cache Server V2.0)[10 200 0], 1.1 changwtong65:5 (Cdn Cache Server V2.0)[304 200 0]
07-05 21:30:44.131 D/OkHttp  (31381): Connection: keep-alive
07-05 21:30:44.131 D/OkHttp  (31381): <-- END HTTP
07-05 21:30:44.140 D/HttpHandler(31381): RetryIntercepter-->retryNum=0
07-05 21:30:44.140 D/HttpHandler(31381): RetryIntercepter-->backoffmutiplier=0
07-05 21:30:44.148 I/System.out( 3801): encoding=gzip
07-05 21:30:44.154 I/System.out( 3801): gzip=UTF-8
07-05 21:30:44.162 I/TVMW@HsTvSetting( 1234): Trace cmd, data = 0x1058
07-05 21:30:44.163 D/til@system( 2026): til_get_system_param option:100002F int:0, bool:0, ret:0
07-05 21:30:44.164 I/TVMW@HsTvSetting( 1234): Trace cmd, data = 0x101f
07-05 21:30:44.165 D/til@system( 2026): til_get_system_param option:100001D int:3, bool:3, ret:0
07-05 21:30:44.165 E/til     ( 2026): [til_get_current_input_source, 101] 
07-05 21:30:44.165 I/TVMW@HsTvSetting( 1234): Trace cmd, data = 0x7007
07-05 21:30:44.165 I/tilwrapper@sm( 2026): HS2TIL_SourceType *hs=0xd, *til=0x900
07-05 21:30:44.165 D/til     ( 2026): get current source 2304
07-05 21:30:44.165 D/SourceRemoteServiceHandler( 2026): getCurrentInputSource.from.til.result is 0, value is 2304
07-05 21:30:44.165 D/SourceRemoteServiceHandler( 2026): getInputSourceType source: 0x900, type=2304
07-05 21:30:44.165 D/til     ( 2026): ###### func:til_get_picture_param option:0x3000006 ######  
07-05 21:30:44.165 I/TVMW@HsTvSetting( 1234): Trace cmd, data = 0x1003
07-05 21:30:44.166 I/TVMW@HsTvSetting( 1234): Trace cmd, data = 0x8032
07-05 21:30:44.166 I/hstvos  ( 1216): [0m[1;33m[HSHAL][HS_VIDEO][HS_HAL_Video_SetOsdDetect_v2][2389]u16Threshold = 20
07-05 21:30:44.166 I/MiSysSrv( 1214): Not support now! 42, change to mm_video!!!
07-05 21:30:44.167 E/TVMW@videoctrl( 1234):  getOsd is 1
07-05 21:30:44.167 D/til@system( 2026): til_get_system_param option:1000027 int:1, bool:1, ret:0
07-05 21:30:44.167 D/til     ( 2026): ###### func:til_get_picture_param option:0x3000045 ######  
07-05 21:30:44.168 W/VideoCapabilities(31381): Unsupported mime video/mvc
07-05 21:30:44.168 V/HttpDnsUtils(31381): days 0 memberType 2 activityId 0
07-05 21:30:44.168 V/HttpDnsUtils(31381): postExperienceVIP(): postMap = {customerId=7195320, memberType=2, PFAPPCode=652, accessToken=72DF6038D2AEAB8A76DFBBBBCC428A4A_003469305914783, ChannelId=0, APPVersionName=3.0.0.9.00, model_id=0, orderType=0, mac=a8:a6:48:18:fc:a8, days=0, sign=7f7e4e99ed37d58c38ad9055987504d5, uuid=13287129, APPPackage=com.hisense.hicloud.edca, devid=86100300900000500000060a4818fca8, phone=18547412365, tv_distribute_id=00, softwareVersion=LED50MU8600UC0000888, subscriberId=13287129, version=00.002.003, customerName=18547412365, devType=0, APIVersion=600, activityId=0}
07-05 21:30:44.169 I/TVMW@HsTvSetting( 1234): Trace cmd, data = 0x300c
07-05 21:30:44.169 I/TVMW@HsTvSetting( 1234): Trace 3d, data = 0x300c
07-05 21:30:44.169 I/TVMW@3d ( 1234): Hs_debug3d_trace: func:get3dStatus, line:109
07-05 21:30:44.172 D/til@system( 2026): til_get_system_param option:1000007 int:-1815632896, bool:0, ret:0
07-05 21:30:44.173 W/VideoCapabilities(31381): Unsupported mime video/mpeg2
07-05 21:30:44.174 D/til@system( 2026): til_get_system_param option:1000009 int:-1815633792, bool:128, ret:0
07-05 21:30:44.174 D/til@system( 2026): til_get_system_param option:1000008 int:-1936525184, bool:128, ret:0
07-05 21:30:44.175 D/HttpBuilder(31381): getOperationDetail-productName : LED50MU8600UC
07-05 21:30:44.175 D/HttpBuilder(31381): getOperationDetail-plmNumber : 88888
07-05 21:30:44.175 D/HttpBuilder(31381): getOperationDetail-swVersion : V0000.00.01A
07-05 21:30:44.175 D/HttpBuilder(31381): getOperationDetail-operationDetail : LED50MU8600UC0000888
07-05 21:30:44.178 W/VideoCapabilities(31381): Unsupported mime video/divx3
07-05 21:30:44.189 W/VideoCapabilities(31381): Unsupported mime video/divx4
07-05 21:30:44.200 W/VideoCapabilities(31381): Unsupported mime video/flv
07-05 21:30:44.209 W/VideoCapabilities(31381): Unsupported mime video/VC1
07-05 21:30:44.210 W/VideoCapabilities(31381): Unsupported mime video/wvc1
07-05 21:30:44.213 W/VideoCapabilities(31381): Unsupported mime video/wmv3
07-05 21:30:44.215 W/VideoCapabilities(31381): Unsupported mime video/mjpeg
