07-05 22:21:55.092 V/LogRecord/LogManager(27307): isLogRegister = false isMultiProcess = false isSecondProcess = false
07-05 22:21:55.093 V/LogRecord/LogManager(27307): setFeedBackComplete = true
07-05 22:21:55.112 V/LogRecord/LogcatController(27307): logcatQueueType is = CIRCULAR
07-05 22:21:55.112 I/MyFragmentStateAdapter(27307): getCount
07-05 22:21:55.112 V/LogRecord/QueueFactory(27307): QueueManage , iqiyilogqueuetype = CIRCULAR
07-05 22:21:55.113 V/LogRecord/LogcatController(27307): LogcatController mQueueExcutor init()
07-05 22:21:55.113 V/LogRecord/CircularQueueExcutor(27307): CircularQueueExcutor init()
07-05 22:21:55.113 V/LogRecord/LogManager(27307): isSecondProcess = false
07-05 22:21:55.118 V/LogRecord/ServiceHelper(27307): LogcatRecordingService is not running 
07-05 22:21:55.119 V/LogRercord/IqiyiLogController(27307): iqiyiQueueType is = CIRCULAR
07-05 22:21:55.119 V/LogRecord/QueueFactory(27307): QueueManage , iqiyilogqueuetype = CIRCULAR
07-05 22:21:55.119 V/LogRercord/IqiyiLogController(27307): IqiyiLogController mQueueExcutor init()
07-05 22:21:55.119 V/LogRecord/CircularQueueExcutor(27307): CircularQueueExcutor init()
07-05 22:21:55.120 V/LogRecord/FileHelper(27307): clearFileDir
07-05 22:21:55.132 I/System.out(27307): <TVAPI> DEBUG(System Time): 1499264515
07-05 22:21:55.132 I/System.out(27307): <TVAPI> DEBUG(id=4, systemTime, response_time = 50ms): data = {"t":"1499264515","m":"6975c47b07d557a79a3b2a2d30c40f92ee44c50ce708393e","u":"6975c47b07d557a7f3467b9d7e844124cd209a1d88b78425","i":"220.181.109.33","k":"6975c47b07d557a749e264744ec7cc569db42e51cb91c539"}
07-05 22:21:55.137 V/LogRecord/FileHelper(27307): /data/data/com.hisense.hicloud.edca/cache/qylogrecord
07-05 22:21:55.149 D/NetworkManager(27307): [TID 27307] onReceive: intent=Intent { act=android.net.conn.CONNECTIVITY_CHANGE flg=0x10 (has extras) }, extra=Bundle[mParcelledData.dataSize=380]
07-05 22:21:55.149 D/NetworkManager(27307): [TID 27307] action=android.net.conn.CONNECTIVITY_CHANGE
07-05 22:21:55.155 D/NetworkManager(27307): [TID 27451] >> getRequestTask(http://www.baidu.com)
07-05 22:21:55.155 D/NetworkManager(27307): [TID 27307] getRealState: activeNetInfo={[type: Ethernet[], state: CONNECTED/CONNECTED, reason: (unspecified), extra: a8:a6:48:18:fc:a8, roaming: false, failover: false, isAvailable: true, isConnectedToProvisioningNetwork: false]}, isConnected=true
07-05 22:21:55.155 D/NetworkManager(27307): [TID 27307] onNetStateChanged(2)
07-05 22:21:55.158 D/NetworkManager(27307): [TID 27451] getRequestTask(http://www.baidu.com): current pool size=2, queue=[]
07-05 22:21:55.158 D/NetworkManager(27307): [TID 27451] getRequestTask(http://www.baidu.com): submitted task={java.util.concurrent.FutureTask@31aff91f, 13356727}
07-05 22:21:55.158 D/NetworkManager(27307): [TID 27451] << getRequestTask(http://www.baidu.com): returned task=java.util.concurrent.FutureTask@31aff91f
07-05 22:21:55.163 D/NetworkManager(27307): [TID 27452] >> request(http://www.baidu.com, 13356727)
07-05 22:21:55.165 D/NetworkManager(27307): [TID 27452] request(http://www.baidu.com, 13356727): openConnection
07-05 22:21:55.169 I/MiSysSrv( 1214): [37m[INFO] Change to Voltage: 117 mv (0x32)[m
07-05 22:21:55.181 I/MyFragmentStateAdapter(27307): getCount
07-05 22:21:55.184 I/TVMW@devctrl( 1234): wdt
07-05 22:21:55.200 D/Player/Lib/Utils/PlayerDebugUtils(27307): [TID 27338] initialize, allowDebug: false
07-05 22:21:55.209 D/Carousel-CarouselVideoViewImpl(27307): msg start play.
07-05 22:21:55.210 D/Carousel-SimpleVideoView(27307): setVideoPath path:http://jhxvideo-ws.video-tx.com/rendition/201705/205989353451683841/205989353451684353/bb/243216185158536196/243216215223308548/r243216215223308548-3200k-1920x1080.mp4
07-05 22:21:55.211 D/Carousel-UrlVideoView(27307): openVideo
07-05 22:21:55.217 I/System.out(27307): <TVAPI> DEBUG(id=3, devRegister, response_time = 100ms): data = {"msg":"","code":"N000000","data":{"apiKey":"9e14d341281067d05d771f41454858c0","authId":1210,"flag":"","hide":"qiyicom","ip":"219.147.31.2","ipLoc":"1-48-3-6-6001-0-26","ipZh":"亚洲-中国-华东-山东-济南-None-电信","kv":[{"hcdn":"hCDN"},{"homepageHot":"热播"},{"homepageNew":"最新"},{"ruleCode":"http://static.ptqy.gitv.tv/js/tv/app/getPlayerConfig.js","playerConfig":"播放器云端配"},{"isShowExitAppDialog":"退出apk展示推荐数据（默认为开）"}],"loading":"","loginTunnel":0,"resIds":[{"id":201221412,"seq":1},{"id":201713612,"seq":2},{"id":201757412,"seq":3}],"sysTime":1499263070,"tab":[],"tip":"","upgradeType":-1,"url":"","version":""}}
07-05 22:21:55.217 I/System.out(27307): <TVAPI> DEBUG(TVApiProcessor): replace url is http://data2.itv.ptqy.gitv.tv/itv/moduleUpdate/1210/2.1.0.59986?p=%7B%22chipVer%22%3A%22%22%2C%22ip%22%3A%22%22%2C%22mac%22%3A%22a8%3Aa6%3A48%3A18%3Afc%3Aa8%22%2C%22mem%22%3A%22%22%2C%22osVer%22%3A22%2C%22platModel%22%3A%22VIDAA_TV%22%2C%22pluginplayer%22%3A%221.64.0.59984%22%2C%22prodModel%22%3A%22VIDAA_TV%22%7D
07-05 22:21:55.218 I/System.out(27307): <TVAPI> DEBUG(id=2, moduleUpdate): url = http://data2.itv.ptqy.gitv.tv/itv/moduleUpdate/1210/2.1.0.59986?p=%7B%22chipVer%22%3A%22%22%2C%22ip%22%3A%22%22%2C%22mac%22%3A%22a8%3Aa6%3A48%3A18%3Afc%3Aa8%22%2C%22mem%22%3A%22%22%2C%22osVer%22%3A22%2C%22platModel%22%3A%22VIDAA_TV%22%2C%22pluginplayer%22%3A%221.64.0.59984%22%2C%22prodModel%22%3A%22VIDAA_TV%22%7D
07-05 22:21:55.218 I/System.out(27307): <TVAPI> DEBUG(id=2, moduleUpdate): header = qyid:tv_69b1ef544cadbb86e8f28950ece1c76a_1167652938875
07-05 22:21:55.218 I/System.out(27307): <TVAPI> DEBUG(id=2, moduleUpdate): header = ov:5.1.1
07-05 22:21:55.218 I/System.out(27307): <TVAPI> DEBUG(id=2, moduleUpdate): header = apkVer:2.1.0.59986
07-05 22:21:55.218 I/System.out(27307): <TVAPI> DEBUG(id=2, moduleUpdate): header = apiKey:9e14d341281067d05d771f41454858c0
07-05 22:21:55.220 V/MediaPlayer-JNI(27307): native_setup
07-05 22:21:55.225 V/AudioFlinger( 1206): registerClient() client 0xd3e137f0, pid 27307
07-05 22:21:55.226 E/audio_hw_primary( 1206): out_get_latency ret 10ms
07-05 22:21:55.226 E/audio_hw_primary( 1206): out_get_latency ret 10ms
07-05 22:21:55.227 D/PowerManagerService( 1733): acquireWakeLockInternal: lock=341980951, flags=0x1, tag="AudioMix", ws=null, uid=1013, pid=0
07-05 22:21:55.227 D/PowerManagerNotifier( 1733): onWakeLockAcquired: flags=1, tag="AudioMix", packageName=media, ownerUid=1013, ownerPid=0, workSource=null
07-05 22:21:55.227 V/AudioFlinger( 1206): acquiring 474 from 27307, for -1
07-05 22:21:55.227 V/AudioFlinger( 1206):  added new entry for 474
07-05 22:21:55.227 V/MediaPlayer-JNI(27307): get_session_id()
07-05 22:21:55.227 D/Carousel-Utils(27307): origin url is : http://jhxvideo-ws.video-tx.com/rendition/201705/205989353451683841/205989353451684353/bb/243216185158536196/243216215223308548/r243216215223308548-3200k-1920x1080.mp4
07-05 22:21:55.227 D/Carousel-Utils(27307): time=1499264514
07-05 22:21:55.227 D/PowerManagerService( 1733): acquireWakeLockInternal: lock=224700164, flags=0x1, tag="AudioMix", ws=null, uid=1013, pid=0
07-05 22:21:55.228 D/PowerManagerNotifier( 1733): onWakeLockAcquired: flags=1, tag="AudioMix", packageName=media, ownerUid=1013, ownerPid=0, workSource=null
07-05 22:21:55.228 D/Carousel-UrlVideoView(27307): encryptUrlIfNecessary url=http://jhxvideo-ws.video-tx.com/rendition/201705/205989353451683841/205989353451684353/bb/243216185158536196/243216215223308548/r243216215223308548-3200k-1920x1080.mp4?wsSecret=ceaac24b2f3868acf346da74cb09a763&wsTime=595cf602
07-05 22:21:55.228 D/MediaPlayer(27307): Couldn't open file on client side, trying server side
07-05 22:21:55.228 D/PowerManagerService( 1733): updateWakeLockWorkSourceInternal: lock=224700164 [AudioMix], ws=null
07-05 22:21:55.228 D/PowerManagerService( 1733): updateWakeLockWorkSourceInternal: lock=341980951 [AudioMix], ws=null
07-05 22:21:55.229 V/MediaPlayer-JNI(27307): setDataSource: path http://jhxvideo-ws.video-tx.com/rendition/201705/205989353451683841/205989353451684353/bb/243216185158536196/243216215223308548/r243216215223308548-3200k-1920x1080.mp4?wsSecret=ceaac24b2f3868acf346da74cb09a763&wsTime=595cf602
07-05 22:21:55.230 D/Player/Player/NativePlayerUtils(27307): [TID 27338] >>checkNativePath
07-05 22:21:55.232 D/Player/Player/NativePlayerUtils(27307): [TID 27338] <<checkNativePath ret=/mnt/sdcard/qcache
07-05 22:21:55.232 D/Player/Player/NativePlayerUtils(27307): [TID 27338] >> loadWhiteListSync()
07-05 22:21:55.232 V/NuPlayer( 1206): [NuPlayer-264]
07-05 22:21:55.233 I/NuPlayer( 1206): NuPlayerRMClientListener::NuPlayerRMClientListener
07-05 22:21:55.233 V/RMClient( 1206): #293:RMClient
07-05 22:21:55.235 D/Player/Player/NativePlayerUtils(27307): [TID 27338] isWhiteListLoaded() return false
07-05 22:21:55.235 D/Player/Player/NativePlayerUtils(27307): [TID 27338] loadWhiteListSync(), so Path is /data/data/com.hisense.hicloud.edca/files/plugin/2.1.0.59986/pluginplayer/1.64.0.59984/pluginplayer-release-1.64.0.59984-libs/libiqiyi_media_player_whitelist.so,domian is ptqy.gitv.tv, current tried times is 0
07-05 22:21:55.237 V/NuPlayer( 1206): kWhatSetAudioSink
07-05 22:21:55.237 V/NuPlayer( 1206): kWhatSetDataSource
07-05 22:21:55.237 I/CLog    (27307): JNI_OnLoad->(cpuinfos) success!!
07-05 22:21:55.238 V/NuPlayer( 1206): kWhatSetVideoNativeWindow
07-05 22:21:55.238 W/ALooperRoster( 1206): failed to post message. Target handler 0 still registered, but object gone.
07-05 22:21:55.238 V/NuPlayer( 1206): performSetSurface
07-05 22:21:55.238 D/Player/Player/NativePlayerUtils(27307): [TID 27338] loadWhiteListSync(), wait load finished
07-05 22:21:55.238 V/MediaPlayer-JNI(27307): setAudioStreamType: 3
07-05 22:21:55.239 E/MediaPlayer-JNI(27307): android_media_MediaPlayer_prepareAsync call getSubtitleSurface
07-05 22:21:55.239 E/MediaPlayer-JNI(27307): android_media_MediaPlayer_prepareAsync call setSubtitleSurfaceTexture
07-05 22:21:55.239 E/        (27307): setSubtitleSurfaceTexture
07-05 22:21:55.239 D/Carousel-log_video-(27307): onStartPlay!
07-05 22:21:55.239 D/Carousel-log_video-(27307): ==Start play,isReplayState:false
07-05 22:21:55.239 D/Carousel-log_video-(27307): =Stop play previous channel log.
07-05 22:21:55.239 D/Carousel-log_video-(27307): submitPlayStopLog mLogPlayState:5
07-05 22:21:55.239 D/Carousel-log_video-(27307): Invalid log info.
07-05 22:21:55.239 D/Carousel-log_video-(27307): ==Start play log:start,other,duration:0
07-05 22:21:55.240 D/Carousel-log_(27307): ===(Main-Video-278001)-{srccolumnid=3, eventType=278, srcgroupid=10001, appversionname=2.0.0.6, srctabid=0, license=hisense, eventcode=278001, deviceid=86100300900000500000060a4818fca8, mediaid=351, eventPos=001, sessionid=92ec62f06af04765a08656d835317123, srcpackagename=com.hisense.hicloud.edca, subscriberid=13287129, playactionuuid=7281ad35-1993-433e-91c4-4f2acee20525, version=2.1, devicemsg=LED50MU8600UC0000888, isall=0, customerid=7195320, srcrowid=0, srceventcode=280000}
07-05 22:21:55.240 D/CLog    (27307): cpuinfo_len is (370):
07-05 22:21:55.240 D/CLog    (27307): Processor	: AArch64 Processor rev 3 (aarch64)
07-05 22:21:55.240 D/CLog    (27307): processor	: 0
07-05 22:21:55.240 D/CLog    (27307): processor	: 1
07-05 22:21:55.240 D/CLog    (27307): processor	: 2
07-05 22:21:55.240 D/CLog    (27307): processor	: 3
07-05 22:21:55.240 D/CLog    (27307): Features	: fp asimd aes pmull sha1 sha2 crc32 wp half thumb fastmult vfp edsp neon vfpv3 tlsi vfpv4 idiva idivt 
07-05 22:21:55.240 D/CLog    (27307): CPU implementer	: 0x41
07-05 22:21:55.240 D/CLog    (27307): CPU architecture: 8
07-05 22:21:55.240 D/CLog    (27307): CPU variant	: 0x0
07-05 22:21:55.240 D/CLog    (27307): CPU part	: 0xd03
07-05 22:21:55.240 D/CLog    (27307): CPU revision	: 3
07-05 22:21:55.240 D/CLog    (27307): 
07-05 22:21:55.240 D/CLog    (27307): Hardware	: Muji
07-05 22:21:55.240 D/CLog    (27307): Revision	: 0000
07-05 22:21:55.240 D/CLog    (27307): Serial		: 0000000000000000
07-05 22:21:55.240 D/CLog    (27307): 
07-05 22:21:55.240 D/CLog    (27307): cpuinfo hardware is Muji
07-05 22:21:55.241 D/Carousel-CarouselVideoViewImpl(27307): getPosition()=0
07-05 22:21:55.241 D/TVWhiteList(27307): requested URL key = tv-{model-[VIDAA_TV]|cpuinfo-[Muji]}, default = tv-{cpuinfo-[Muji]}, productname-[VIDAA_TV]
07-05 22:21:55.241 D/TVWhiteList(27307): requested URL = http://puma.api.ptqy.gitv.tv/kestrel/fetch?key=tv-%7Bmodel-%5BVIDAA_TV%5D%7Ccpuinfo-%5BMuji%5D%7D&default_key=tv-%7Bcpuinfo-%5BMuji%5D%7D
07-05 22:21:55.243 I/TVMW@HsTvSetting( 1234): Trace cmd, data = 0x1058
07-05 22:21:55.243 I/Carousel-UrlVideoView(27307): onMeasure(MeasureSpec: EXACTLY 816, MeasureSpec: EXACTLY 460)
07-05 22:21:55.243 I/Carousel-UrlVideoView(27307): onMeasure(MeasureSpec: EXACTLY 816, MeasureSpec: EXACTLY 460)
07-05 22:21:55.243 D/til@system( 2026): til_get_system_param option:100002F int:0, bool:0, ret:0
07-05 22:21:55.243 I/TVMW@HsTvSetting( 1234): Trace cmd, data = 0x101f
07-05 22:21:55.243 D/til@system( 2026): til_get_system_param option:100001D int:3, bool:3, ret:0
07-05 22:21:55.243 E/til     ( 2026): [til_get_current_input_source, 101] 
07-05 22:21:55.244 I/TVMW@HsTvSetting( 1234): Trace cmd, data = 0x7007
07-05 22:21:55.244 I/tilwrapper@sm( 2026): HS2TIL_SourceType *hs=0xd, *til=0x900
07-05 22:21:55.244 D/til     ( 2026): get current source 2304
07-05 22:21:55.244 D/SourceRemoteServiceHandler( 2026): getCurrentInputSource.from.til.result is 0, value is 2304
07-05 22:21:55.244 D/SourceRemoteServiceHandler( 2026): getInputSourceType source: 0x900, type=2304
07-05 22:21:55.244 D/til     ( 2026): ###### func:til_get_picture_param option:0x3000006 ######  
07-05 22:21:55.244 I/TVMW@HsTvSetting( 1234): Trace cmd, data = 0x1003
07-05 22:21:55.244 I/TVMW@HsTvSetting( 1234): Trace cmd, data = 0x8032
07-05 22:21:55.245 I/hstvos  ( 1216): [0m[1;33m[HSHAL][HS_VIDEO][HS_HAL_Video_SetOsdDetect_v2][2389]u16Threshold = 20
07-05 22:21:55.245 D/TVWhiteList(27307): WhiteList server IP: 119.188.147.32
07-05 22:21:55.245 I/MiSysSrv( 1214): Not support now! 42, change to mm_video!!!
07-05 22:21:55.245 E/TVMW@videoctrl( 1234):  getOsd is 1
07-05 22:21:55.245 D/til@system( 2026): til_get_system_param option:1000027 int:1, bool:1, ret:0
07-05 22:21:55.246 D/til     ( 2026): ###### func:til_get_picture_param option:0x3000045 ######  
07-05 22:21:55.249 D/MediaHTTPConnection(27307): connect: uri=http://jhxvideo-ws.video-tx.com/rendition/201705/205989353451683841/205989353451684353/bb/243216185158536196/243216215223308548/r243216215223308548-3200k-1920x1080.mp4?wsSecret=ceaac24b2f3868acf346da74cb09a763&wsTime=595cf602, headers=User-Agent: stagefright/1.2 (Linux;Android 5.1.1)
07-05 22:21:55.249 I/TVMW@HsTvSetting( 1234): Trace cmd, data = 0x300c
07-05 22:21:55.249 I/TVMW@HsTvSetting( 1234): Trace 3d, data = 0x300c
07-05 22:21:55.249 I/TVMW@3d ( 1234): Hs_debug3d_trace: func:get3dStatus, line:109
07-05 22:21:55.252 D/MediaHTTPConnection(27307): seekTo 0
07-05 22:21:55.254 D/MediaHTTPConnection(27307): hitting http://jhxvideo-ws.video-tx.com/rendition/201705/205989353451683841/205989353451684353/bb/243216185158536196/243216215223308548/r243216215223308548-3200k-1920x1080.mp4?wsSecret=ceaac24b2f3868acf346da74cb09a763&wsTime=595cf602
07-05 22:21:55.259 E/NetworkManager(27307): [TID 27452] << request(http://www.baidu.com, 13356727): connect internet failed, url=http://www.baidu.com
07-05 22:21:55.260 D/NetworkManager(27307): [TID 27451] tryConnectFirst: result=false, time consumed=105ms
07-05 22:21:55.261 D/NetworkManager(27307): [TID 27451] >> getRequestTask(http://www.qq.com)
07-05 22:21:55.261 D/NetworkManager(27307): [TID 27452] >> request(http://www.qq.com, 13356832)
07-05 22:21:55.262 D/NetworkManager(27307): [TID 27452] request(http://www.qq.com, 13356832): openConnection
07-05 22:21:55.265 D/Carousel-SimpleVideoView(27307): speedKB=0
07-05 22:21:55.265 D/NetworkManager(27307): [TID 27451] getRequestTask(http://www.qq.com): current pool size=2, queue=[]
07-05 22:21:55.265 D/Carousel-SimpleVideoView(27307): msg.arg1=0
07-05 22:21:55.265 D/NetworkManager(27307): [TID 27451] getRequestTask(http://www.qq.com): submitted task={java.util.concurrent.FutureTask@2788ad22, 13356832}
07-05 22:21:55.265 D/NetworkManager(27307): [TID 27451] << getRequestTask(http://www.qq.com): returned task=java.util.concurrent.FutureTask@2788ad22
07-05 22:21:55.265 D/NetworkManager(27307): [TID 27451] >> getRequestTask(http://www.iqiyi.com)
07-05 22:21:55.269 D/NetworkManager(27307): [TID 27451] getRequestTask(http://www.iqiyi.com): current pool size=3, queue=[]
07-05 22:21:55.269 D/NetworkManager(27307): [TID 27451] getRequestTask(http://www.iqiyi.com): submitted task={java.util.concurrent.FutureTask@381e109c, 13356837}
07-05 22:21:55.269 D/NetworkManager(27307): [TID 27451] << getRequestTask(http://www.iqiyi.com): returned task=java.util.concurrent.FutureTask@381e109c
07-05 22:21:55.269 D/NetworkManager(27307): [TID 27451] >> getRequestTask(http://www.163.com)
07-05 22:21:55.271 D/MyLocalStartService(16899): currentName is :com.hisense.hicloud.edca
07-05 22:21:55.275 D/NetworkManager(27307): [TID 27451] getRequestTask(http://www.163.com): current pool size=4, queue=[]
07-05 22:21:55.275 D/NetworkManager(27307): [TID 27451] getRequestTask(http://www.163.com): submitted task={java.util.concurrent.FutureTask@28e6be7a, 13356841}
07-05 22:21:55.275 D/NetworkManager(27307): [TID 27451] << getRequestTask(http://www.163.com): returned task=java.util.concurrent.FutureTask@28e6be7a
07-05 22:21:55.275 D/NetworkManager(27307): [TID 27451] >> getRequestTask(http://www.taobao.com)
07-05 22:21:55.286 I/TVWhiteList(27307): strRes = {"code":"A00000","default_key":"tv-{cpuinfo-[Muji]}","default_value":"","key":"tv-{model-[VIDAA_TV]|cpuinfo-[Muji]}","value":"[{\"result\": {\"vod_dolby\": -1,\"vod_h265\": -1,\"vod_h264_4k_plus\": -1,\"vod_h264_jisu_2k\": 1,\"livenet_H264_4k_plus\": -1,\"livenet_H264_jisu_2k\": 1,\"livenet_h265\": -1,\"qixiu\": 0,\"highest_bs\": 19,\"lowest_bs\": 1,\"local_server_config\": \"\", \"other\": \"\"}},{\"version\":3005,\"result\": {\"vod_dolby\": -1,\"vod_h265\": -1,\"vod_h264_4k_plus\": -1,\"vod_h264_jisu_2k\": -1,\"livenet_H264_4k_plus\": -1,\"livenet_H264_jisu_2k\": -1,\"livenet_h265\": -1,\"qixiu\": 0,\"highest_bs\": 19,\"lowest_bs\": 1,\"local_server_config\": \"\", \"other\": \"\"}},{\"version\":3008,\"result\": {\"vod_dolby\": -1,\"vod_h265\": -1,\"vod_h264_4k_plus\": -1,\"vod_h264_jisu_2k\": 1,\"livenet_H264_jisu_2k\": 1,\"qixiu\": 0,\"highest_bs\": 19,\"lowest_bs\": 1,\"local_server_config\": \"{\\\"start_mode\\\": 1}\", \"other\": \"\"}}]"}
07-05 22:21:55.287 I/TVWhiteList(27307): use white list version whitev 3000
07-05 22:21:55.287 I/TVWhiteList(27307): use white list version whitev 3005
07-05 22:21:55.287 I/TVWhiteList(27307): use white list version whitev 3008
07-05 22:21:55.288 I/MyFragmentStateAdapter(27307): getCount
07-05 22:21:55.289 D/Player/Player/NativePlayerUtils(27307): [TID 27457] loadWhiteListSync(), white list fetched: {"SupportDolby":false,"SupportH265":false,"Support4K":false,"SupportLive":true}
07-05 22:21:55.289 D/Player/Player/NativePlayerUtils(27307): [TID 27457] parseWhiteListJson(jsonString:{"SupportDolby":false,"SupportH265":false,"Support4K":false,"SupportLive":true})
07-05 22:21:55.290 D/Player/Player/NativePlayerUtils(27307): [TID 27457] parseWhiteListJson, normal:true,h265:false,dolby:false,bs4K:false
07-05 22:21:55.290 D/CLog    (27307): cpuinfo_len is (370):
07-05 22:21:55.290 D/CLog    (27307): Processor	: AArch64 Processor rev 3 (aarch64)
07-05 22:21:55.290 D/CLog    (27307): processor	: 0
07-05 22:21:55.290 D/CLog    (27307): processor	: 1
07-05 22:21:55.290 D/CLog    (27307): processor	: 2
07-05 22:21:55.290 D/CLog    (27307): processor	: 3
07-05 22:21:55.290 D/CLog    (27307): Features	: fp asimd aes pmull sha1 sha2 crc32 wp half thumb fastmult vfp edsp neon vfpv3 tlsi vfpv4 idiva idivt 
07-05 22:21:55.290 D/CLog    (27307): CPU implementer	: 0x41
07-05 22:21:55.290 D/CLog    (27307): CPU architecture: 8
07-05 22:21:55.290 D/CLog    (27307): CPU variant	: 0x0
07-05 22:21:55.290 D/CLog    (27307): CPU part	: 0xd03
07-05 22:21:55.290 D/CLog    (27307): CPU revision	: 3
07-05 22:21:55.290 D/CLog    (27307): 
07-05 22:21:55.290 D/CLog    (27307): Hardware	: Muji
07-05 22:21:55.290 D/CLog    (27307): Revision	: 0000
07-05 22:21:55.290 D/CLog    (27307): Serial		: 0000000000000000
07-05 22:21:55.290 D/CLog    (27307): 
07-05 22:21:55.290 D/CLog    (27307): cpuinfo hardware is Muji
07-05 22:21:55.290 I/TVWhiteList(27307): longyUrl = http://msg.71.am/v5/core/bmd?t=pfmc&success=1&tm1=42&bgv=3.0&tv_device=VIDAA_TV-4-Muji-22-Hisense&isadapted=1&krv=3.8.3
07-05 22:21:55.293 D/Player/Player/NativePlayerUtils(27307): [TID 27338] << loadWhiteListSync()
07-05 22:21:55.293 D/Player/Lib/Utils/PlayerDebugUtils(27307): [TID 27338] initialize, allowDebug: false
07-05 22:21:55.296 W/System.err(27307): com.qiyi.video.api.ApiException
07-05 22:21:55.298 D/NetworkManager(27307): [TID 27466] >> request(http://www.iqiyi.com, 13356837)
07-05 22:21:55.299 D/NetworkManager(27307): [TID 27466] request(http://www.iqiyi.com, 13356837): openConnection
07-05 22:21:55.302 W/System.err(27307): 	at com.qiyi.tvapi.tv2.a$3.onSuccess(SourceFile:204)
07-05 22:21:55.302 W/System.err(27307): 	at com.qiyi.video.api.a.d.b(SourceFile:105)
07-05 22:21:55.302 W/System.err(27307): 	at com.qiyi.video.api.a.d.a(SourceFile:129)
07-05 22:21:55.302 W/System.err(27307): 	at com.qiyi.tvapi.tv2.a$1.a(SourceFile:102)
07-05 22:21:55.302 W/System.err(27307): 	at com.qiyi.tvapi.tv2.b.c.a(SourceFile:155)
07-05 22:21:55.302 W/System.err(27307): 	at com.qiyi.tvapi.tv2.a.a(SourceFile:95)
07-05 22:21:55.302 W/System.err(27307): 	at com.qiyi.tvapi.tv2.a.callSync(SourceFile:54)
07-05 22:21:55.302 W/System.err(27307): 	at com.qiyi.sdk.plugin.server.upgrade.UpgradeManager.checkUpgrades(SourceFile:60)
07-05 22:21:55.302 W/System.err(27307): 	at com.qiyi.sdk.plugin.server.core.PluginHelper$TimerHandler.checkAllUpgrade(SourceFile:362)
07-05 22:21:55.302 W/System.err(27307): 	at com.qiyi.sdk.plugin.server.core.PluginHelper$TimerHandler.handleMessage(SourceFile:339)
07-05 22:21:55.302 W/System.err(27307): 	at android.os.Handler.dispatchMessage(Handler.java:102)
07-05 22:21:55.302 W/System.err(27307): 	at android.os.Looper.loop(Looper.java:135)
07-05 22:21:55.302 W/System.err(27307): 	at android.os.HandlerThread.run(HandlerThread.java:61)
07-05 22:21:55.303 W/UpgradeManager(27307): moduleUpdate() onException!! exception=com.qiyi.video.api.ApiException
07-05 22:21:55.303 I/System.out(27307): <TVAPI> ERROR(id=2, moduleUpdate, response_time = 216ms): call error. data = {"msg":"数据出错，请稍后再试\n错误码：E000012","code":"E000012","data":[]}
07-05 22:21:55.303 W/System.err(27307): com.qiyi.video.api.ApiException
07-05 22:21:55.303 W/System.err(27307): 	at com.qiyi.tvapi.tv2.a$3.onSuccess(SourceFile:204)
07-05 22:21:55.303 W/System.err(27307): 	at com.qiyi.video.api.a.d.b(SourceFile:105)
07-05 22:21:55.303 W/System.err(27307): 	at com.qiyi.video.api.a.d.a(SourceFile:129)
07-05 22:21:55.303 W/System.err(27307): 	at com.qiyi.tvapi.tv2.a$1.a(SourceFile:102)
07-05 22:21:55.303 W/System.err(27307): 	at com.qiyi.tvapi.tv2.b.c.a(SourceFile:155)
07-05 22:21:55.303 W/System.err(27307): 	at com.qiyi.tvapi.tv2.a.a(SourceFile:95)
07-05 22:21:55.303 W/System.err(27307): 	at com.qiyi.tvapi.tv2.a.callSync(SourceFile:54)
07-05 22:21:55.303 W/System.err(27307): 	at com.qiyi.sdk.plugin.server.upgrade.UpgradeManager.checkUpgrades(SourceFile:60)
07-05 22:21:55.303 W/System.err(27307): 	at com.qiyi.sdk.plugin.server.core.PluginHelper$TimerHandler.checkAllUpgrade(SourceFile:362)
07-05 22:21:55.303 W/System.err(27307): 	at com.qiyi.sdk.plugin.server.core.PluginHelper$TimerHandler.handleMessage(SourceFile:339)
07-05 22:21:55.303 W/System.err(27307): 	at android.os.Handler.dispatchMessage(Handler.java:102)
07-05 22:21:55.303 W/System.err(27307): 	at android.os.Looper.loop(Looper.java:135)
07-05 22:21:55.303 W/System.err(27307): 	at android.os.HandlerThread.run(HandlerThread.java:61)
07-05 22:21:55.303 W/PluginHelper(27307): checkAllUpgrade>>() return true
07-05 22:21:55.303 W/StorageManager(27307): loadLastUpgradeTime<<(upgradeTime=1499264515078)
07-05 22:21:55.304 W/StorageStub@193d3924(27307): saveLastUpgradeTime<<(upgradeTime=1499264515078)
07-05 22:21:55.304 W/StorageStub@193d3924(27307): saveLastUpgradeTime>>()
07-05 22:21:55.304 W/StorageManager(27307): loadLastUpgradeTime>>()
07-05 22:21:55.304 W/PluginHelper(27307): handleMessage>>()
07-05 22:21:55.320 D/NetworkManager(27307): [TID 27467] >> request(http://www.163.com, 13356841)
07-05 22:21:55.323 D/NetworkManager(27307): [TID 27467] request(http://www.163.com, 13356841): openConnection
07-05 22:21:55.323 D/NetworkManager(27307): [TID 27451] getRequestTask(http://www.taobao.com): current pool size=5, queue=[]
07-05 22:21:55.323 D/NetworkManager(27307): [TID 27451] getRequestTask(http://www.taobao.com): submitted task={java.util.concurrent.FutureTask@29124846, 13356847}
07-05 22:21:55.323 D/NetworkManager(27307): [TID 27451] << getRequestTask(http://www.taobao.com): returned task=java.util.concurrent.FutureTask@29124846
07-05 22:21:55.323 D/NetworkManager(27307): [TID 27451] >> getRequestTask(http://www.sina.com.cn)
07-05 22:21:55.323 D/NetworkManager(27307): [TID 27451] getRequestTask(http://www.sina.com.cn): current pool size=6, queue=[]
07-05 22:21:55.323 D/NetworkManager(27307): [TID 27451] getRequestTask(http://www.sina.com.cn): submitted task={java.util.concurrent.FutureTask@3421d734, 13356895}
07-05 22:21:55.323 D/NetworkManager(27307): [TID 27451] << getRequestTask(http://www.sina.com.cn): returned task=java.util.concurrent.FutureTask@3421d734
07-05 22:21:55.324 D/NetworkManager(27307): [TID 27452] << request(http://www.qq.com, 13356832): connect internet success, url=http://www.qq.com
07-05 22:21:55.324 D/NetworkManager(27307): [TID 27451] retryConnectOthers: result=true, time consumed=64ms
07-05 22:21:55.326 E/HDMI_CEC( 1733): Send Message TO[5] 
07-05 22:21:55.326 E/HDMI_CEC( 1733): OP[0], <Feature Abort> 
07-05 22:21:55.326 E/HDMI_CEC( 1733): ========
07-05 22:21:55.332 D/NetworkManager(27307): [TID 27472] >> request(http://www.sina.com.cn, 13356895)
07-05 22:21:55.333 W/System.err(27307): java.net.ConnectException: failed to connect to /10.18.210.112 (port 8900) after 6000ms: isConnected failed: ECONNREFUSED (Connection refused)
07-05 22:21:55.333 D/NetworkManager(27307): [TID 27472] request(http://www.sina.com.cn, 13356895): openConnection
07-05 22:21:55.334 W/System.err(27307): 	at libcore.io.IoBridge.isConnected(IoBridge.java:238)
07-05 22:21:55.334 W/System.err(27307): 	at libcore.io.IoBridge.connectErrno(IoBridge.java:171)
07-05 22:21:55.334 D/NetworkManager(27307): [TID 27451] getRealState: activeNetInfo={[type: Ethernet[], state: CONNECTED/CONNECTED, reason: (unspecified), extra: a8:a6:48:18:fc:a8, roaming: false, failover: false, isAvailable: true, isConnectedToProvisioningNetwork: false]}, isConnected=true
07-05 22:21:55.334 W/System.err(27307): 	at libcore.io.IoBridge.connect(IoBridge.java:122)
07-05 22:21:55.334 W/System.err(27307): 	at java.net.PlainSocketImpl.connect(PlainSocketImpl.java:183)
07-05 22:21:55.334 W/System.err(27307): 	at java.net.PlainSocketImpl.connect(PlainSocketImpl.java:456)
07-05 22:21:55.334 W/System.err(27307): 	at java.net.Socket.connect(Socket.java:882)
07-05 22:21:55.334 W/System.err(27307): 	at com.android.okhttp.internal.Platform.connectSocket(Platform.java:174)
07-05 22:21:55.334 W/System.err(27307): 	at com.android.okhttp.Connection.connect(Connection.java:152)
07-05 22:21:55.334 W/System.err(27307): 	at com.android.okhttp.internal.http.HttpEngine.connect(HttpEngine.java:276)
07-05 22:21:55.334 W/System.err(27307): 	at com.android.okhttp.internal.http.HttpEngine.sendRequest(HttpEngine.java:211)
07-05 22:21:55.334 W/System.err(27307): 	at com.android.okhttp.internal.http.HttpURLConnectionImpl.execute(HttpURLConnectionImpl.java:382)
07-05 22:21:55.334 W/System.err(27307): 	at com.android.okhttp.internal.http.HttpURLConnectionImpl.connect(HttpURLConnectionImpl.java:106)
07-05 22:21:55.334 W/System.err(27307): 	at com.hisense.hitv.hicloud.util.ExceptionReport.a(ExceptionReport.java:337)
07-05 22:21:55.334 W/System.err(27307): 	at com.hisense.hitv.hicloud.util.ExceptionReport.a(ExceptionReport.java:39)
07-05 22:21:55.334 W/System.err(27307): 	at com.hisense.hitv.hicloud.util.ExceptionReport$1.run(ExceptionReport.java:83)
07-05 22:21:55.334 W/System.err(27307): 	at java.lang.Thread.run(Thread.java:818)
07-05 22:21:55.334 W/System.err(27307): Caused by: android.system.ErrnoException: isConnected failed: ECONNREFUSED (Connection refused)
07-05 22:21:55.334 W/System.err(27307): 	at libcore.io.IoBridge.isConnected(IoBridge.java:223)
07-05 22:21:55.334 W/System.err(27307): 	... 15 more
07-05 22:21:55.342 D/PlayerSdk/PlayerSdkProject(27307): [TID 27338] initPingback
07-05 22:21:55.344 D/NetworkManager(27307): [TID 27471] >> request(http://www.taobao.com, 13356847)
07-05 22:21:55.345 D/NetworkManager(27307): [TID 27471] request(http://www.taobao.com, 13356847): openConnection
07-05 22:21:55.350 D/NetworkManager(27307): [TID 27307] onNetStateChanged(2)
07-05 22:21:55.355 I/TVWhiteList(27307): strRes = 
07-05 22:21:55.368 I/MyFragmentStateAdapter(27307): getCount
07-05 22:21:55.386 E/NetworkManager(27307): [TID 27472] << request(http://www.sina.com.cn, 13356895): connect internet failed, url=http://www.sina.com.cn
07-05 22:21:55.389 D/MediaHTTPConnection(27307): [Connection@674408797] response.heeader.null = HTTP/1.1 206 Partial Content
07-05 22:21:55.389 D/MediaHTTPConnection(27307): [Connection@674408797] response.heeader.Accept-Ranges = bytes
07-05 22:21:55.389 D/MediaHTTPConnection(27307): [Connection@674408797] response.heeader.Age = 3318720
07-05 22:21:55.390 D/MediaHTTPConnection(27307): [Connection@674408797] response.heeader.Cache-Control = max-age=5184000
07-05 22:21:55.390 D/MediaHTTPConnection(27307): [Connection@674408797] response.heeader.Connection = keep-alive
07-05 22:21:55.390 D/MediaHTTPConnection(27307): [Connection@674408797] response.heeader.Content-Length = 218840697
07-05 22:21:55.390 D/MediaHTTPConnection(27307): [Connection@674408797] response.heeader.Content-MD5 = b0d2FgZ34VxS2J9TYuIjgA==
07-05 22:21:55.390 D/MediaHTTPConnection(27307): [Connection@674408797] response.heeader.Content-Range = bytes 0-218840696/218840697
07-05 22:21:55.390 D/MediaHTTPConnection(27307): [Connection@674408797] response.heeader.Content-Type = application/octet-stream
07-05 22:21:55.390 D/MediaHTTPConnection(27307): [Connection@674408797] response.heeader.Date = Sun, 28 May 2017 04:29:55 GMT
07-05 22:21:55.390 D/MediaHTTPConnection(27307): [Connection@674408797] response.heeader.ETag = "6F4776160677E15C52D89F5362E22380"
07-05 22:21:55.390 D/MediaHTTPConnection(27307): [Connection@674408797] response.heeader.Last-Modified = Mon, 08 May 2017 17:24:17 GMT
07-05 22:21:55.390 D/MediaHTTPConnection(27307): [Connection@674408797] response.heeader.Server = nginx/1.2.4
07-05 22:21:55.390 D/MediaHTTPConnection(27307): [Connection@674408797] response.heeader.Via = 1.1 chshx150:7 (Cdn Cache Server V2.0)[95 200 2], 1.1 zhdxxz41:2 (Cdn Cache Server V2.0)[25 200 0], 1.1 daodianxinxiazai144:3 (Cdn Cache Server V2.0)[56 200 0]
07-05 22:21:55.390 D/MediaHTTPConnection(27307): [Connection@674408797] response.heeader.X-Android-Received-Millis = 1499264515382
07-05 22:21:55.390 D/MediaHTTPConnection(27307): [Connection@674408797] response.heeader.X-Android-Response-Source = NETWORK 206
07-05 22:21:55.390 D/MediaHTTPConnection(27307): [Connection@674408797] response.heeader.X-Android-Sent-Millis = 1499264515316
07-05 22:21:55.390 D/MediaHTTPConnection(27307): [Connection@674408797] response.heeader.x-oss-hash-crc64ecma = 10858506031335928878
07-05 22:21:55.390 D/MediaHTTPConnection(27307): [Connection@674408797] response.heeader.x-oss-object-type = Normal
07-05 22:21:55.390 D/MediaHTTPConnection(27307): [Connection@674408797] response.heeader.x-oss-request-id = 591D64783FEA2FF75DF4AA6E
07-05 22:21:55.390 D/MediaHTTPConnection(27307): [Connection@674408797] response.heeader.x-oss-server-time = 46
07-05 22:21:55.390 D/MediaHTTPConnection(27307): [Connection@674408797] response.heeader.x-oss-storage-class = Standard
07-05 22:21:55.396 I/System.out(27307): <TVAPI> DEBUG(TVApiProperty): read passport-device-id=tv_69b1ef544cadbb86e8f28950ece1c76a_1167652938875
07-05 22:21:55.399 E/HDMI_CEC( 1733): MI_CEC_SendTxPolling, ErrCode[4] 
07-05 22:21:55.410 D/pingbacklog/getHardwareInfo(27307): getHardwareInfo: info=muji
07-05 22:21:55.418 D/pingbacklog-set(27307): QiyiPingBack2.setAnonymityId is be used, mAnonymityId = tv_69b1ef544cadbb86e8f28950ece1c76a
07-05 22:21:55.418 D/pingbacklog-set(27307): QiyiPingBack2.setPassportId is be used, UserId = null
07-05 22:21:55.420 I/MemTotal:        1958344 kB(27307): MemTotal:	
07-05 22:21:55.420 I/MemTotal:        1958344 kB(27307): 1958344	
07-05 22:21:55.420 I/MemTotal:        1958344 kB(27307): kB	
07-05 22:21:55.422 D/PlayerSdk/PlayerSdkProject(27307): [TID 27338] initPingback: domainName=ptqy.gitv.tv, ver=2.1.0.59986, uuid=20151228165619572MkCHJfWb11209, userId=null, isNewUser=true, deviceid=tv_69b1ef544cadbb86e8f28950ece1c76a_1167652938875, setAnonymityId=tv_69b1ef544cadbb86e8f28950ece1c76a
07-05 22:21:55.427 D/Carousel-SimpleVideoView(27307): speedKB=907
07-05 22:21:55.427 D/Carousel-SimpleVideoView(27307): msg.arg1=1
07-05 22:21:55.428 E/NetworkManager(27307): [TID 27471] << request(http://www.taobao.com, 13356847): connect internet failed, url=http://www.taobao.com
07-05 22:21:55.431 D/PlayerSdk/CheckPackageNameJob(27307): [TID 27338] SdkConfigManager.instance().getConfig() = SdkConfig@1e5bc067{mCustomerCode=60, mPlayerConfigType=4, mPlatformType=HAIXIN, mLoginType=SUB_ACCOUNT, mIsEnableDolby=false, mIsEnableH265=false, mIsEnable4K=true, mIsSupportYinhePingback=false, mShouldDoPlayCheck=true, mshouldGetUuidFromServer=true, mPingbackS1=2, mPingbackS2=simple_sdk, mPingbackP2=3128, mDomainName=ptqy.gitv.tv, mIsDebugVersion=false, mIsDebugVersion=false, mCustomerPackageNames=[com.hisense.hicloud.edca], mEnableSetBitstream=true}
07-05 22:21:55.433 E/HDMI_CEC( 1733): Sending message can't be response. 
07-05 22:21:55.438 D/PlayerSdk/CheckPackageNameJob@315f7fa3(27307): [TID 27338] isCancelled() Job[PlayerSdk/CheckPackageNameJob@315f7fa3](mState=0, mData=Object301301337, mError=null) return false
07-05 22:21:55.438 D/PlayerSdk/CheckPackageNameJob(27307): [TID 27338] onRun(), mCurrentPackageName=com.hisense.hicloud.edca, mCustomerPackageNames=511068292:[com.hisense.hicloud.edca]
07-05 22:21:55.439 D/PlayerSdk/CheckPackageNameJob@315f7fa3(27307): [TID 27338] notifyJobSuccess() Job[PlayerSdk/CheckPackageNameJob@315f7fa3](mState=1, mData=Object301301337, mError=null)
07-05 22:21:55.439 D/PlayerSdk/DeviceCheckTask@399f32a0(27307): [TID 27338] isCancelled() Job[PlayerSdk/DeviceCheckTask@399f32a0](mState=0, mData=Object64756254, mError=null) return false
07-05 22:21:55.439 D/PlayerSdk/DeviceCheckTask(27307): [TID 27338] execte.onRun: isDevChecked=false, isDeviceCheckPass=false
07-05 22:21:55.439 D/AccessToken(27307): [TID 27338] isAllowedAccess() count=0, now=1499264515439, time=1499264515439, mMaxCount = 5, duration = 600000, mAccessTime = 0, return true
07-05 22:21:55.439 D/AccessToken(27307): [TID 27338] isAllowedAccess() count=0, now=1499264515439, time=1499264515439, mMaxCount = 5, duration = 600000, mAccessTime = 0, return true
07-05 22:21:55.439 D/PlayerSdk/DeviceCheckTask(27307): [TID 27338] deviceCheck
07-05 22:21:55.439 D/PlayerSdk/DeviceCheckTask(27307): [TID 27338] deviceCheck: devCheckTest=-1
07-05 22:21:55.444 I/System.out(27307): <TVAPI> DEBUG(isUpdateData): isUpdateData=devRegister-true
07-05 22:21:55.444 I/System.out(27307): <TVAPI> DEBUG(TVAPI): uuid=20151228165619572MkCHJfWb11209
07-05 22:21:55.444 I/System.out(27307): <TVAPI> DEBUG(TVAPI): version=2.1.0.59986
07-05 22:21:55.444 I/System.out(27307): <TVAPI> DEBUG(TVApiProperty): read passport-device-id=tv_69b1ef544cadbb86e8f28950ece1c76a_1167652938875
07-05 22:21:55.444 I/System.out(27307): <TVAPI> DEBUG(id=6, systemTime): url = http://pdata.video.ptqy.gitv.tv/k
07-05 22:21:55.444 I/System.out(27307): D/(load-playerplugin, CommonApi-systemTime): url=http://pdata.video.ptqy.gitv.tv/k
07-05 22:21:55.445 I/System.out(27307): <TVAPI> DEBUG(id=5, devRegister): url = http://data2.itv.ptqy.gitv.tv/itv/devRegister/OGFjZjgxODQ2YThhLzIwMTUxMjI4MTY1NjE5NTcyTWtDSEpmV2IxMTIwOS8yLjEuMC41OTk4Ng/39467112fe7be1432adcf86e152f4899
07-05 22:21:55.445 I/System.out(27307): <TVAPI> DEBUG(id=5, devRegister): header = qyid:tv_69b1ef544cadbb86e8f28950ece1c76a_1167652938875
07-05 22:21:55.445 I/System.out(27307): <TVAPI> DEBUG(id=5, devRegister): header = ov:5.1.1
07-05 22:21:55.445 I/System.out(27307): <TVAPI> DEBUG(id=5, devRegister): header = apkVer:2.1.0.59986
07-05 22:21:55.455 I/MyFragmentStateAdapter(27307): getCount
07-05 22:21:55.476 I/System.out(27307): <TVAPI> DEBUG(System Time): 1499264515
07-05 22:21:55.477 I/System.out(27307): <TVAPI> DEBUG(id=6, systemTime, response_time = 32ms): data = {"t":"1499264515","m":"6975c47b07d557a79a3b2a2d30c40f92ee44c50ce708393e","u":"6975c47b07d557a7f3467b9d7e844124cd209a1d88b78425","i":"220.181.109.33","k":"6975c47b07d557a749e264744ec7cc569db42e51cb91c539"}
07-05 22:21:55.483 I/RoleContentFragment(27307): onResourceReadycom.bumptech.glide.load.resource.bitmap.GlideBitmapDrawable@576a715
07-05 22:21:55.520 I/System.out(27307): <TVAPI> DEBUG(id=5, devRegister, response_time = 74ms): data = {"msg":"","code":"N000000","data":{"apiKey":"9e14d341281067d05d771f41454858c0","authId":1210,"flag":"","hide":"qiyicom","ip":"219.147.31.2","ipLoc":"1-48-3-6-6001-0-26","ipZh":"亚洲-中国-华东-山东-济南-None-电信","kv":[{"hcdn":"hCDN"},{"homepageHot":"热播"},{"homepageNew":"最新"},{"ruleCode":"http://static.ptqy.gitv.tv/js/tv/app/getPlayerConfig.js","playerConfig":"播放器云端配"},{"isShowExitAppDialog":"退出apk展示推荐数据（默认为开）"}],"loading":"","loginTunnel":0,"resIds":[{"id":201221412,"seq":1},{"id":201713612,"seq":2},{"id":201757412,"seq":3}],"sysTime":1499263070,"tab":[],"tip":"","upgradeType":-1,"url":"","version":""}}
07-05 22:21:55.521 D/AccessToken(27307): [TID 27338] increaseAccessCount() count=1
07-05 22:21:55.521 D/AccessToken(27307): [TID 27338] increaseAccessCount() count=1
07-05 22:21:55.521 D/PlayerSdk/DeviceCheckTask(27307): [TID 27338] deviceCheck.onSuccess: deviceIp: 219.147.31.2
07-05 22:21:55.521 D/PlayerSdk/DeviceCheckTask@399f32a0(27307): [TID 27338] notifyJobSuccess() Job[PlayerSdk/DeviceCheckTask@399f32a0](mState=1, mData=Object64756254, mError=null)
07-05 22:21:55.529 D/PlayerSdk/GrayScaleSwitcherProvider(27307): [TID 27338] execute: handler has no messages, send it.
07-05 22:21:55.529 D/PlayerSdk/GrayScaleSwitcherProvider(27307): [TID 27338] fetchSwitchData
07-05 22:21:55.533 I/System.out(27307): <TVAPI> DEBUG(isUpdateData): isUpdateData=dynamicQ-true
07-05 22:21:55.533 I/System.out(27307): <TVAPI> DEBUG(TVApiProperty): read passport-device-id=tv_69b1ef544cadbb86e8f28950ece1c76a_1167652938875
07-05 22:21:55.534 I/System.out(27307): <TVAPI> DEBUG(id=7, dynamicQ): url = http://data2.itv.ptqy.gitv.tv/itv/dynamicQ/1210/2.1.0.59986/VIDAA_TV/0/0/1/0/0/0/0
07-05 22:21:55.534 I/System.out(27307): <TVAPI> DEBUG(id=7, dynamicQ): header = qyid:tv_69b1ef544cadbb86e8f28950ece1c76a_1167652938875
07-05 22:21:55.534 I/System.out(27307): <TVAPI> DEBUG(id=7, dynamicQ): header = ov:5.1.1
07-05 22:21:55.534 I/System.out(27307): <TVAPI> DEBUG(id=7, dynamicQ): header = apkVer:2.1.0.59986
07-05 22:21:55.534 I/System.out(27307): <TVAPI> DEBUG(id=7, dynamicQ): header = apiKey:9e14d341281067d05d771f41454858c0
07-05 22:21:55.537 D/NetworkManager(27307): [TID 27467] << request(http://www.163.com, 13356841): connect internet success, url=http://www.163.com
07-05 22:21:55.538 I/MyFragmentStateAdapter(27307): getCount
07-05 22:21:55.570 I/MiSysSrv( 1214): [37m[INFO] Change to Voltage: 107 mv (0x28)[m
07-05 22:21:55.591 V/DataSource( 1206): sniff
07-05 22:21:55.592 I/FFmpegExtractor( 1206): android-source:0xb8bfe520
07-05 22:21:55.593 I/FFMPEG  ( 1206): [mov,mp4,m4a,3gp,3g2,mj2 @ 0xd7aa1400] Format mov,mp4,m4a,3gp,3g2,mj2 probed with size=2048 and score=100
07-05 22:21:55.594 D/MediaHTTPConnection(27307): [Connection@674408797] getSize mTotalSize = 218840697
07-05 22:21:55.594 I/FFMPEG  ( 1206): [mov,mp4,m4a,3gp,3g2,mj2 @ 0xd7aa1400] ISO: File Type Major Brand: isom
07-05 22:21:55.598 I/MyFragmentStateAdapter(27307): getCount
07-05 22:21:55.634 I/System.out(27307): <TVAPI> DEBUG(id=7, dynamicQ, response_time = 93ms): data = {"msg":"","code":"N000000","data":{"apiKey":"","authId":-1,"cnf":{},"flag":"","function":[{"playerConfig":"http://static.ptqy.gitv.tv/js/tv/app/getPlayerConfig.js"},{"appCard":"1"},{"msg_dialog_pos":"4"},{"disableHCDNPreDeploy":"false"},{"dailyInforCornerMark":"http://pic0.ptqy.gitv.tv/common/20170113/4ab9430bee234e2b8c8ae4583669b394.png,http://pic6.ptqy.gitv.tv/common/20170113/d45b2b6ae97a4847a73a245d63f5fe87.png"},{"isDisableAdCache":"0"},{"card_sort":"0"},{"alltag_position":"0"},{"enablePlayerLocalServer":"false"},{"ad_skip_frequency":"-1"},{"enablePlayerLocalServerF4v2Hls":"false"},{"enablePlayerLocalServerStream":"false"},{"disableHcdnDaemon":"false"},{"subChannelPlayerConfig":"http://static.ptqy.gitv.tv/js/tv/app/getSubChannelPlayerConfig.js"},{"childapp":"http://cdn.data.video.ptqy.gitv.tv/cdn/tv/20170630/apk/1_1259_4994_1498801304813.json"},{"chinapokerapp":"http://chessgame.ptqy.gitv.tv/game/info/apis/get_game_info.action?id=212202420"}],"hide":"","ichn":[],"ip":"","ipLoc":"","ipZh":"","is3D":1,"kv":[{"hcdn":"hCDN"},{"homepageHot":"热播"},{"homepageNew":"最新"},{"ruleCode":"http://static.ptqy.gitv.tv/js/tv/app/getPlayerConfig.js","playerConfig":"播放器云端配"},{"isShowExitAppDialog":"退出apk展示推荐数据（默认为开）"}],"loading":"","loginTunnel":0,"resIds":[],"support4k":1,"supporth265":1,"sysTime":1499263553,"tab":[],"tip":"","upgradeType":-1,"url":"","verCoupon":"","verMon":"0","verPkg":"","verTvod":"0","version":"","vip":1,"vipCoupon":0,"vipMon":1,"vipPkg":0,"vipTvod":1}}
07-05 22:21:55.634 D/PlayerSdk/GrayScaleSwitcherProvider(27307): [TID 27338] TVApi.dynamicQ: onSuccess
07-05 22:21:55.635 D/PlayerSdk/GrayScaleSwitcherProvider(27307): [TID 27338] TVApi.dynamicQ: data=com.qiyi.tvapi.tv2.model.DeviceCheck@25bd1d39, isOpenHcdn=true, sRetryTimesBeforeStarted=3, sRetryTimesAfterStarted=3, isDisableP2PUpload=false, isOpenDrmRootCheck=false
07-05 22:21:55.635 D/PlayerSdk/PlayerSdkProject(27307): [TID 27338] << finishInitialize: consume 551 ms
07-05 22:21:55.635 D/PlayerSdk/PlayerSdkProject(27307): [TID 27338] isPackageNameCheckPassed=true, isDeviceCheckPass=true
07-05 22:21:55.635 D/FFmpegExtractor( 1206): FFmpegExtrator, url: android-source:0xb8bfe520, format_name: mov,mp4,m4a,3gp,3g2,mj2, format_long_name: QuickTime / MOV
07-05 22:21:55.635 D/FFmpegExtractor( 1206): suppoted codec(h264) by official Stagefright
07-05 22:21:55.635 D/FFmpegExtractor( 1206): suppoted codec(aac) by official Stagefright
07-05 22:21:55.635 D/PlayerSdk/PlayerFeatureProvider(27307): [TID 27338] notifySuccess(looper=Looper (main, tid 1) {382ff7e}, listener=com.hisense.hicloud.edca.mediaplayer.video.qiyi.QiyiInitTool$1$1@1e88fcb6)
07-05 22:21:55.636 D/PlayerSdk/PlayerFeatureProvider(27307): [TID 27338] << loadPluginPlayerFeature: mSdkFeature=com.qiyi.video.plugin.j@35d3287d
07-05 22:21:55.636 I/FFMPEG  ( 1206): [AVIOContext @ 0xb8bfe5c0] Statistics: 426780 bytes read, 0 seeks
07-05 22:21:55.636 D/FFmpegExtractor( 1206): ffmpeg detected media content as 'video/mp4' with confidence 0.08
07-05 22:21:55.651 I/QiyiInitTool(27307): onSuccess
07-05 22:21:55.660 W/linker  (27307): libWasabiJni.so: unused DT entry: type 0x6ffffffe arg 0x5080
07-05 22:21:55.660 W/linker  (27307): libWasabiJni.so: unused DT entry: type 0x6fffffff arg 0x3
07-05 22:21:55.664 D/PlayerSdk/PlayerSdkLibProfile(27307): [TID 27484] isOpenDrmRootCheck=false
07-05 22:21:55.675 I/WASABI  (27307): WASABI version: BUILD DATE: 'Dec 30 2016', BUILD CONFIGURATION: 'Release', VERSION NAME: '1.19.0', VERSION NUMBER: 0x00011300, SHORT DESCRIPTION: 'Wasabi Runtime', LONG DESCRIPTION: '{"wasabi": "1.19.0", "wcscp": "2.22.0", "manufacturer": "intertrust", "os": "Android", "customerid": "c31122", "wcskb": "5.0.0"}', MS520K: 'enforced', VCS CHANGE: 12814
07-05 22:21:55.676 I/art     (27307): Background sticky concurrent mark sweep GC freed 41324(2MB) AllocSpace objects, 21(336KB) LOS objects, 5% free, 35MB/37MB, paused 5.751ms total 84.380ms
07-05 22:21:55.679 D/NativeDecimalFormat(27307): NativeDecimalFormat_close print addr=3997605888
07-05 22:21:55.679 D/NativeDecimalFormat(27307): NativeDecimalFormat_close print g_addr=3755589120
07-05 22:21:55.685 I/MyFragmentStateAdapter(27307): getCount
07-05 22:21:55.693 E/btif_config( 2964): [btif_config_get] node is TRUE!
07-05 22:21:55.693 E/btif_config( 2964): [btif_config_get] ret is TRUE!
07-05 22:21:55.738 D/NetworkManager(27307): [TID 27466] << request(http://www.iqiyi.com, 13356837): connect internet success, url=http://www.iqiyi.com
07-05 22:21:55.751 I/MyFragmentStateAdapter(27307): getCount
07-05 22:21:55.755 I/TVMW@HsTvSetting( 1234): Trace cmd, data = 0x1058
07-05 22:21:55.756 D/til@system( 2026): til_get_system_param option:100002F int:0, bool:0, ret:0
07-05 22:21:55.756 I/TVMW@HsTvSetting( 1234): Trace cmd, data = 0x101f
07-05 22:21:55.761 D/til@system( 2026): til_get_system_param option:100001D int:3, bool:3, ret:0
07-05 22:21:55.761 E/til     ( 2026): [til_get_current_input_source, 101] 
07-05 22:21:55.761 I/TVMW@HsTvSetting( 1234): Trace cmd, data = 0x7007
07-05 22:21:55.762 I/tilwrapper@sm( 2026): HS2TIL_SourceType *hs=0xd, *til=0x900
07-05 22:21:55.762 D/til     ( 2026): get current source 2304
07-05 22:21:55.762 D/SourceRemoteServiceHandler( 2026): getCurrentInputSource.from.til.result is 0, value is 2304
07-05 22:21:55.762 D/SourceRemoteServiceHandler( 2026): getInputSourceType source: 0x900, type=2304
07-05 22:21:55.762 D/til     ( 2026): ###### func:til_get_picture_param option:0x3000006 ######  
07-05 22:21:55.762 I/TVMW@HsTvSetting( 1234): Trace cmd, data = 0x1003
07-05 22:21:55.763 I/TVMW@HsTvSetting( 1234): Trace cmd, data = 0x8032
07-05 22:21:55.763 I/hstvos  ( 1216): [0m[1;33m[HSHAL][HS_VIDEO][HS_HAL_Video_SetOsdDetect_v2][2389]u16Threshold = 20
07-05 22:21:55.764 I/MiSysSrv( 1214): Not support now! 42, change to mm_video!!!
07-05 22:21:55.772 I/MiSysSrv( 1214): [37m[INFO] Change to Voltage: 107 mv (0x28)[m
07-05 22:21:55.777 E/TVMW@videoctrl( 1234):  getOsd is 1
07-05 22:21:55.777 E/TVMW@videoctrl( 1234): hs_mw_videoctrl.cpp getOsdShow result is        1
07-05 22:21:55.780 D/til@system( 2026): til_get_system_param option:1000027 int:1, bool:1, ret:0
07-05 22:21:55.780 D/til     ( 2026): ###### func:til_get_picture_param option:0x3000045 ######  
07-05 22:21:55.781 I/TVMW@HsTvSetting( 1234): Trace cmd, data = 0x300c
07-05 22:21:55.781 I/TVMW@HsTvSetting( 1234): Trace 3d, data = 0x300c
07-05 22:21:55.781 I/TVMW@3d ( 1234): Hs_debug3d_trace: func:get3dStatus, line:109
07-05 22:21:55.831 I/MyFragmentStateAdapter(27307): getCount
07-05 22:21:55.837 V/MediaExtractor( 1206): MediaExtractor::Create mime:video/mp4 ---- Enter
07-05 22:21:55.837 V/MediaExtractor( 1206): maomao::MediaExtractor::Create mime:isCts is 0
07-05 22:21:55.839 I/FFMPEG  ( 1206): [mov,mp4,m4a,3gp,3g2,mj2 @ 0xd7aa1400] Format mov,mp4,m4a,3gp,3g2,mj2 probed with size=2048 and score=100
07-05 22:21:55.840 I/FFMPEG  ( 1206): [mov,mp4,m4a,3gp,3g2,mj2 @ 0xd7aa1400] ISO: File Type Major Brand: isom
07-05 22:21:55.853 I/NetflixMonitorService( 1733): current fgapk : com.hisense.hicloud.edca
07-05 22:21:55.853 I/NetflixMonitorService( 1733): Netflix status unchanged
07-05 22:21:55.869 I/MiSysSrv( 1214): [37m[INFO] Change to Voltage: 117 mv (0x32)[m
07-05 22:21:55.899 I/FFMPEG  ( 1206): [mov,mp4,m4a,3gp,3g2,mj2 @ 0xd7aa1400] orig_nb_streams(2)
07-05 22:21:55.899 I/FFMPEG  ( 1206): [mov,mp4,m4a,3gp,3g2,mj2 @ 0xd7aa1400] Before avformat_find_stream_info() pos: 413026 bytes read:426780 seeks:0
07-05 22:21:55.901 I/FFMPEG  ( 1206): [NULL @ 0xf34df400] [Eval @ 0xf1104eec] Undefined constant or missing '(' in ''
07-05 22:21:55.901 I/FFMPEG  ( 1206): [NULL @ 0xf34df400] Unable to parse option value ""
07-05 22:21:55.901 I/FFMPEG  ( 1206): [NULL @ 0xf34df400] Error setting option debug to value .
07-05 22:21:55.901 I/FFMPEG  ( 1206): [mov,mp4,m4a,3gp,3g2,mj2 @ 0xd7aa1400] Failed to open codec in av_find_stream_info
07-05 22:21:55.901 I/FFMPEG  ( 1206): [NULL @ 0xf34e0000] [Eval @ 0xf1104eec] Undefined constant or missing '(' in ''
07-05 22:21:55.901 I/FFMPEG  ( 1206): [NULL @ 0xf34e0000] Unable to parse option value ""
07-05 22:21:55.901 I/FFMPEG  ( 1206): [NULL @ 0xf34e0000] Error setting option debug to value .
07-05 22:21:55.901 I/FFMPEG  ( 1206): [mov,mp4,m4a,3gp,3g2,mj2 @ 0xd7aa1400] Failed to open codec in av_find_stream_info
07-05 22:21:55.902 I/FFMPEG  ( 1206): [NULL @ 0xf34df400] try_decode_frame, i= 0, pkt->stream_index = 0
07-05 22:21:55.916 I/FFMPEG  ( 1206): [h264 @ 0xf34df400] no picture 
07-05 22:21:55.919 I/MyFragmentStateAdapter(27307): getCount
07-05 22:21:55.941 D/Carousel-SimpleVideoView(27307): speedKB=2450
07-05 22:21:55.941 D/Carousel-SimpleVideoView(27307): msg.arg1=1
07-05 22:21:55.974 I/MyFragmentStateAdapter(27307): getCount
07-05 22:21:56.028 I/MyFragmentStateAdapter(27307): getCount
07-05 22:21:56.084 I/TVMW@devctrl( 1234): wdt
07-05 22:21:56.086 I/FFMPEG  ( 1206): [mov,mp4,m4a,3gp,3g2,mj2 @ 0xd7aa1400] i(1) > pkt->stream_index(0),conitnue
