07-05 20:28:44.280 E/btif_config( 2964): [btif_config_get] ret is TRUE!
07-05 20:28:44.281 I/TVMW@devctrl( 1234): wdt
07-05 20:28:44.285 E/btif_config( 2964): [btif_config_get] node is TRUE!
07-05 20:28:44.285 E/btif_config( 2964): [btif_config_get] ret is TRUE!
07-05 20:28:44.334 I/MyFragmentStateAdapter(28583): getCount
07-05 20:28:44.363 D/Carousel-SimpleVideoView(28583): speedKB=2103
07-05 20:28:44.363 D/Carousel-SimpleVideoView(28583): msg.arg1=1
07-05 20:28:44.375 E/btif_config( 2964): [btif_config_get] node is TRUE!
07-05 20:28:44.375 E/btif_config( 2964): [btif_config_get] ret is TRUE!
07-05 20:28:44.403 I/MyFragmentStateAdapter(28583): getCount
07-05 20:28:44.413 V/MediaExtractor( 1206): MediaExtractor::Create mime:video/mp4 ---- Enter
07-05 20:28:44.413 V/MediaExtractor( 1206): maomao::MediaExtractor::Create mime:isCts is 0
07-05 20:28:44.414 I/FFMPEG  ( 1206): [mov,mp4,m4a,3gp,3g2,mj2 @ 0xf41ab400] Format mov,mp4,m4a,3gp,3g2,mj2 probed with size=2048 and score=100
07-05 20:28:44.415 I/FFMPEG  ( 1206): [mov,mp4,m4a,3gp,3g2,mj2 @ 0xf41ab400] ISO: File Type Major Brand: isom
07-05 20:28:44.437 I/FFMPEG  ( 1206): [mov,mp4,m4a,3gp,3g2,mj2 @ 0xf41ab400] orig_nb_streams(2)
07-05 20:28:44.437 I/FFMPEG  ( 1206): [mov,mp4,m4a,3gp,3g2,mj2 @ 0xf41ab400] Before avformat_find_stream_info() pos: 413026 bytes read:426780 seeks:0
07-05 20:28:44.438 I/FFMPEG  ( 1206): [NULL @ 0xbcb9c800] [Eval @ 0xf1300eec] Undefined constant or missing '(' in ''
07-05 20:28:44.438 I/FFMPEG  ( 1206): [NULL @ 0xbcb9c800] Unable to parse option value ""
07-05 20:28:44.438 I/FFMPEG  ( 1206): [NULL @ 0xbcb9c800] Error setting option debug to value .
07-05 20:28:44.439 I/FFMPEG  ( 1206): [mov,mp4,m4a,3gp,3g2,mj2 @ 0xf41ab400] Failed to open codec in av_find_stream_info
07-05 20:28:44.439 I/FFMPEG  ( 1206): [NULL @ 0xbcb9cc00] [Eval @ 0xf1300eec] Undefined constant or missing '(' in ''
07-05 20:28:44.439 I/FFMPEG  ( 1206): [NULL @ 0xbcb9cc00] Unable to parse option value ""
07-05 20:28:44.439 I/FFMPEG  ( 1206): [NULL @ 0xbcb9cc00] Error setting option debug to value .
07-05 20:28:44.439 I/FFMPEG  ( 1206): [mov,mp4,m4a,3gp,3g2,mj2 @ 0xf41ab400] Failed to open codec in av_find_stream_info
07-05 20:28:44.439 I/FFMPEG  ( 1206): [NULL @ 0xbcb9c800] try_decode_frame, i= 0, pkt->stream_index = 0
07-05 20:28:44.453 I/FFMPEG  ( 1206): [h264 @ 0xbcb9c800] no picture 
07-05 20:28:44.505 I/MyFragmentStateAdapter(28583): getCount
07-05 20:28:44.552 I/FFMPEG  ( 1206): [mov,mp4,m4a,3gp,3g2,mj2 @ 0xf41ab400] i(1) > pkt->stream_index(0),conitnue
07-05 20:28:44.552 I/FFMPEG  ( 1206): [NULL @ 0xbcb9cc00] try_decode_frame, i= 1, pkt->stream_index = 1
07-05 20:28:44.559 I/FFMPEG  ( 1206): [aac @ 0xbcb9cc00] skip whole frame, skip left: 0
07-05 20:28:44.564 I/FFMPEG  ( 1206): [mov,mp4,m4a,3gp,3g2,mj2 @ 0xf41ab400] After avformat_find_stream_info() pos: 473274 bytes read:492316 seeks:0 frames:3
07-05 20:28:44.564 I/FFmpegExtractor( 1206): the duration is 00:08:58.08
07-05 20:28:44.564 I/FFmpegExtractor( 1206): streamIndex: 0 ,stream_index 0
07-05 20:28:44.564 D/FFmpegExtractor( 1206): is_codec_supported codec_id is 28
07-05 20:28:44.564 D/FFmpegExtractor( 1206): setVideoFormat avctx->codec_id is 28
07-05 20:28:44.564 V/codec_utils( 1206): AVC
07-05 20:28:44.564 I/FFmpegExtractor( 1206): the time is 00:08:58.08
07-05 20:28:44.564 I/FFmpegExtractor( 1206): streamIndex: 1 ,stream_index 1
07-05 20:28:44.564 D/FFmpegExtractor( 1206): is_codec_supported codec_id is 86018
07-05 20:28:44.564 V/codec_utils( 1206): AAC
07-05 20:28:44.564 V/codec_utils( 1206): aac profile: 1, sf_index: 4, channel: 2
07-05 20:28:44.564 I/FFmpegExtractor( 1206): bit_rate: 55687, sample_rate: 44100, channels: 2, bits_per_coded_sample: 16, block_align:0
07-05 20:28:44.564 I/FFmpegExtractor( 1206): the time is 00:08:58.00
07-05 20:28:44.564 D/FFmpegExtractor( 1206): Reader thread started
07-05 20:28:44.564 D/FFmpegExtractor( 1206): supported mime: video/mp4
07-05 20:28:44.564 W/avc_utils( 1206): [3D detect]It is not SEI Nal
07-05 20:28:44.564 W/avc_utils( 1206): [3D detect]It is not SEI Nal
07-05 20:28:44.565 W/avc_utils( 1206): [3D detect]It is not SEI Nal
07-05 20:28:44.570 I/MiSysSrv( 1214): [37m[INFO] Change to Voltage: 117 mv (0x32)[m
07-05 20:28:44.588 I/MyFragmentStateAdapter(28583): getCount
07-05 20:28:44.640 I/MyFragmentStateAdapter(28583): getCount
07-05 20:28:44.642 I/TVMW@HsTvSetting( 1234): Trace cmd, data = 0x1058
07-05 20:28:44.642 I/NuCachedSource2( 1206): new range: offset= 218840569
07-05 20:28:44.642 I/NuCachedSource2( 1206): seekInternal_l ---- totalSize: 1703936
07-05 20:28:44.642 D/til@system( 2026): til_get_system_param option:100002F int:0, bool:0, ret:0
07-05 20:28:44.642 I/TVMW@HsTvSetting( 1234): Trace cmd, data = 0x101f
07-05 20:28:44.642 D/til@system( 2026): til_get_system_param option:100001D int:3, bool:3, ret:0
07-05 20:28:44.642 E/til     ( 2026): [til_get_current_input_source, 101] 
07-05 20:28:44.642 I/TVMW@HsTvSetting( 1234): Trace cmd, data = 0x7007
07-05 20:28:44.642 I/tilwrapper@sm( 2026): HS2TIL_SourceType *hs=0xd, *til=0x900
07-05 20:28:44.642 D/til     ( 2026): get current source 2304
07-05 20:28:44.643 D/SourceRemoteServiceHandler( 2026): getCurrentInputSource.from.til.result is 0, value is 2304
07-05 20:28:44.643 D/SourceRemoteServiceHandler( 2026): getInputSourceType source: 0x900, type=2304
07-05 20:28:44.643 D/til     ( 2026): ###### func:til_get_picture_param option:0x3000006 ######  
07-05 20:28:44.643 I/TVMW@HsTvSetting( 1234): Trace cmd, data = 0x1003
07-05 20:28:44.643 I/TVMW@HsTvSetting( 1234): Trace cmd, data = 0x8032
07-05 20:28:44.644 D/MediaHTTPConnection(28583): offset = 218840569, mCurrentOffset = 1703936
07-05 20:28:44.644 D/MediaHTTPConnection(28583): seekTo 218840569
07-05 20:28:44.644 D/MediaHTTPConnection(28583): teardownConnection
07-05 20:28:44.645 I/hstvos  ( 1216): [0m[1;33m[HSHAL][HS_VIDEO][HS_HAL_Video_SetOsdDetect_v2][2389]u16Threshold = 20
07-05 20:28:44.646 I/MiSysSrv( 1214): Not support now! 42, change to mm_video!!!
07-05 20:28:44.646 E/TVMW@videoctrl( 1234):  getOsd is 1
07-05 20:28:44.646 D/til@system( 2026): til_get_system_param option:1000027 int:1, bool:1, ret:0
07-05 20:28:44.650 D/til     ( 2026): ###### func:til_get_picture_param option:0x3000045 ######  
07-05 20:28:44.651 I/TVMW@HsTvSetting( 1234): Trace cmd, data = 0x300c
07-05 20:28:44.651 I/TVMW@HsTvSetting( 1234): Trace 3d, data = 0x300c
07-05 20:28:44.651 I/TVMW@3d ( 1234): Hs_debug3d_trace: func:get3dStatus, line:109
07-05 20:28:44.677 I/MiSysSrv( 1214): [37m[INFO] Change to Voltage: 117 mv (0x32)[m
07-05 20:28:44.690 I/MyFragmentStateAdapter(28583): getCount
07-05 20:28:44.750 I/MyFragmentStateAdapter(28583): getCount
07-05 20:28:44.752 D/MediaHTTPConnection(28583): close inputstream
07-05 20:28:44.756 D/MediaHTTPConnection(28583): hitting http://118.212.138.160/jhxvideo-ws.video-tx.com/rendition/201705/205989353451683841/205989353451684353/bb/243216185158536196/243216215223308548/r243216215223308548-3200k-1920x1080.mp4?wsSecret=dcef114c83f7f39deaf326ab49ff68e6&wsTime=595cdb7a&wsiphost=local
07-05 20:28:44.769 I/MiSysSrv( 1214): [37m[INFO] Change to Voltage: 112 mv (0x2D)[m
07-05 20:28:44.801 I/MyFragmentStateAdapter(28583): getCount
07-05 20:28:44.840 D/MediaHTTPConnection(28583): [Connection@570272793] response.heeader.null = HTTP/1.1 206 Partial Content
07-05 20:28:44.840 D/MediaHTTPConnection(28583): [Connection@570272793] response.heeader.Accept-Ranges = bytes
07-05 20:28:44.840 D/MediaHTTPConnection(28583): [Connection@570272793] response.heeader.Age = 2161094
07-05 20:28:44.840 D/MediaHTTPConnection(28583): [Connection@570272793] response.heeader.Cache-Control = max-age=5184000
07-05 20:28:44.840 D/MediaHTTPConnection(28583): [Connection@570272793] response.heeader.Connection = keep-alive
07-05 20:28:44.840 D/MediaHTTPConnection(28583): [Connection@570272793] response.heeader.Content-Length = 128
07-05 20:28:44.840 D/MediaHTTPConnection(28583): [Connection@570272793] response.heeader.Content-MD5 = b0d2FgZ34VxS2J9TYuIjgA==
07-05 20:28:44.840 D/MediaHTTPConnection(28583): [Connection@570272793] response.heeader.Content-Range = bytes 218840569-218840696/218840697
07-05 20:28:44.840 D/MediaHTTPConnection(28583): [Connection@570272793] response.heeader.Content-Type = application/octet-stream
07-05 20:28:44.840 D/MediaHTTPConnection(28583): [Connection@570272793] response.heeader.Date = Sat, 10 Jun 2017 12:11:49 GMT
07-05 20:28:44.840 D/MediaHTTPConnection(28583): [Connection@570272793] response.heeader.ETag = "6F4776160677E15C52D89F5362E22380"
07-05 20:28:44.840 D/MediaHTTPConnection(28583): [Connection@570272793] response.heeader.Last-Modified = Mon, 08 May 2017 17:24:17 GMT
07-05 20:28:44.840 D/MediaHTTPConnection(28583): [Connection@570272793] response.heeader.Server = nginx/1.2.4
07-05 20:28:44.840 D/MediaHTTPConnection(28583): [Connection@570272793] response.heeader.Via = 1.1 chshx150:7 (Cdn Cache Server V2.0)[0 200 0], 1.1 sdbz31:0 (Cdn Cache Server V2.0)[26 200 0], 1.1 tongxiazai20:3 (Cdn Cache Server V2.0)[0 200 0]
07-05 20:28:44.840 D/MediaHTTPConnection(28583): [Connection@570272793] response.heeader.X-Android-Received-Millis = 1499257724839
07-05 20:28:44.840 D/MediaHTTPConnection(28583): [Connection@570272793] response.heeader.X-Android-Response-Source = NETWORK 206
07-05 20:28:44.840 D/MediaHTTPConnection(28583): [Connection@570272793] response.heeader.X-Android-Sent-Millis = 1499257724793
07-05 20:28:44.840 D/MediaHTTPConnection(28583): [Connection@570272793] response.heeader.x-oss-hash-crc64ecma = 10858506031335928878
07-05 20:28:44.840 D/MediaHTTPConnection(28583): [Connection@570272793] response.heeader.x-oss-object-type = Normal
07-05 20:28:44.840 D/MediaHTTPConnection(28583): [Connection@570272793] response.heeader.x-oss-request-id = 591D64783FEA2FF75DF4AA6E
07-05 20:28:44.840 D/MediaHTTPConnection(28583): [Connection@570272793] response.heeader.x-oss-server-time = 46
07-05 20:28:44.840 D/MediaHTTPConnection(28583): [Connection@570272793] response.heeader.x-oss-storage-class = Standard
07-05 20:28:44.842 I/NuCachedSource2( 1206): caching reached eos.
07-05 20:28:44.842 V/NuPlayer( 1206): Video input format 1920 x 1080
07-05 20:28:44.842 V/NuPlayer( 1206): updateVideoSize::rotationDegrees=0
07-05 20:28:44.842 E/NuPlayerDriver( 1206): notifyDuration (538083333)
07-05 20:28:44.843 W/avc_utils( 1206): [3D detect]It is not SEI Nal
07-05 20:28:44.843 W/avc_utils( 1206): [3D detect]It is not SEI Nal
07-05 20:28:44.843 W/avc_utils( 1206): [3D detect]It is not SEI Nal
07-05 20:28:44.855 I/MyFragmentStateAdapter(28583): getCount
07-05 20:28:44.859 I/NuCachedSource2( 1206): new range: offset= 1703936
07-05 20:28:44.859 I/NuCachedSource2( 1206): seekInternal_l ---- totalSize: 1704064
07-05 20:28:44.877 V/MediaPlayer-JNI(28583): getVideoWidth: 1920
07-05 20:28:44.877 V/MediaPlayer-JNI(28583): getVideoHeight: 1080
07-05 20:28:44.877 I/Carousel-UrlVideoView(28583): onMeasure(MeasureSpec: EXACTLY 816, MeasureSpec: EXACTLY 460)
07-05 20:28:44.877 D/Carousel-UrlVideoView(28583): widthSpecMode=1073741824
07-05 20:28:44.877 D/Carousel-UrlVideoView(28583): heightSpecMode=1073741824
07-05 20:28:44.878 D/Carousel-UrlVideoView(28583): widthSpecSize=816
07-05 20:28:44.878 D/Carousel-UrlVideoView(28583): heightSpecSize=460
07-05 20:28:44.880 I/Carousel-UrlVideoView(28583): onMeasure(MeasureSpec: EXACTLY 816, MeasureSpec: EXACTLY 460)
07-05 20:28:44.880 D/Carousel-UrlVideoView(28583): widthSpecMode=1073741824
07-05 20:28:44.880 D/Carousel-UrlVideoView(28583): heightSpecMode=1073741824
07-05 20:28:44.880 D/Carousel-UrlVideoView(28583): widthSpecSize=816
07-05 20:28:44.880 D/Carousel-UrlVideoView(28583): heightSpecSize=460
07-05 20:28:44.880 I/SurfaceView(28583): Changes: creating=false format=false size=true visible=false left=false top=false
07-05 20:28:44.880 I/SurfaceView(28583): Cur surface: Surface(name=null)/@0x7fb25c2
07-05 20:28:44.881 D/Surface ( 1733): onStatusChange() : mNativeObject = 547819094016 mUseImageHwRender = false
07-05 20:28:44.881 V/Surface ( 1733): nativeSetHardwareRender() : status = 0
07-05 20:28:44.881 V/Surface ( 1733): nativeSetHardwareRender() : end
07-05 20:28:44.893 V/SurfaceView(28583): com.hisense.hitv.carouselwidgit.view.videoview.UrlVideoView{6bb39d1 V.E..... ......I. 0,0-816,460} got resized: w=816 h=460, cur w=-1 h=-1
07-05 20:28:44.893 D/PowerManagerService( 1733): setScreenBrightnessOverrideFromWindowManagerInternal done
07-05 20:28:44.895 D/PowerManagerService( 1733): setScreenBrightnessOverrideFromWindowManagerInternal done
07-05 20:28:44.896 D/Surface ( 1733): onStatusChange() : mNativeObject = 0 mUseImageHwRender = false
07-05 20:28:44.897 D/Surface (28583): onStatusChange() : mNativeObject = -195841536 mUseImageHwRender = false
07-05 20:28:44.897 V/Surface (28583): nativeSetHardwareRender() : status = 0
07-05 20:28:44.897 V/Surface (28583): nativeSetHardwareRender() : end
07-05 20:28:44.897 I/SurfaceView(28583): New surface: Surface(name=null)/@0x217c5fd3, vis=true, frame=Rect(549, 205 - 1365, 665)
07-05 20:28:44.898 D/Surface (28583): onStatusChange() : mNativeObject = 0 mUseImageHwRender = false
07-05 20:28:44.898 D/Surface (28583): onStatusChange() : mNativeObject = -195841536 mUseImageHwRender = false
07-05 20:28:44.898 V/Surface (28583): nativeSetHardwareRender() : status = 0
07-05 20:28:44.898 V/Surface (28583): nativeSetHardwareRender() : end
07-05 20:28:44.898 I/SurfaceView(28583): surfaceChanged -- format=4 w=1920 h=1080
07-05 20:28:44.898 D/Carousel-UrlVideoView(28583): surfaceChanged
07-05 20:28:44.898 D/Carousel-UrlVideoView(28583): isValidState:true,hasValidSize:true
07-05 20:28:44.898 D/Carousel-UrlVideoView(28583): mVideoWidth:1920,mVideoHeight:1080,w:1920,h:1080
07-05 20:28:44.899 D/Carousel-UrlVideoView(28583): ===============>surfaceChanged start
07-05 20:28:44.899 V/SurfaceView(28583): Layout: x=549 y=205 w=816 h=460, frame=Rect(0, 0 - 816, 460)
07-05 20:28:44.907 E/MediaPlayer(28583): Should have subtitle controller already set
07-05 20:28:44.907 V/MediaPlayer-JNI(28583): getVideoWidth: 1920
07-05 20:28:44.907 V/MediaPlayer-JNI(28583): getVideoHeight: 1080
07-05 20:28:44.908 V/MediaPlayer-JNI(28583): start
07-05 20:28:44.909 D/NuPlayerDriver( 1206): start(0xd7843220)
07-05 20:28:44.909 V/NuPlayer( 1206): kWhatStart
07-05 20:28:44.909 V/NuPlayer( 1206): [NuPlayerRequestResourcesAsync-3121]
07-05 20:28:44.909 V/RMClient( 1206): #68:requestResourceAsync
07-05 20:28:44.909 V/NuPlayer( 1206): [NuPlayerWaitResourcesAllocation-3143]
07-05 20:28:44.909 V/RMClient( 1206): #68:onMessageReceived creq
07-05 20:28:44.909 V/RMClient( 1206): #68:kWhatCmdResourceRequest
07-05 20:28:44.911 D/Carousel-SimpleVideoView(28583): speedKB=1849
07-05 20:28:44.911 D/Carousel-SimpleVideoView(28583): msg.arg1=1
07-05 20:28:44.912 V/RMAllocator( 1198): handleRequest
07-05 20:28:44.912 V/RMClient( 1206): #68:Done
07-05 20:28:44.912 V/RMClient( 1206): #67:~RMClient
07-05 20:28:44.912 V/RMClient( 1206): #67:RMClient::returnAllResourcesAsync
07-05 20:28:44.912 V/RMAllocator( 1198): handleRequest new ClientInfo, client=2378240256 id=68
07-05 20:28:44.913 I/RMAllocator( 1198): ClientInfo this=2378256608, mRMClient=2378240256. id=68
07-05 20:28:44.913 V/RMAllocator( 1198): handleRequest new ClientInfo=2378256608, client=2378240256 id=68
07-05 20:28:44.913 D/TVEmuRMService_main( 1198): type =10 , pip=0 
07-05 20:28:44.913 D/TVEmuRMService_main( 1198): pip disable path 
07-05 20:28:44.913 D/TVEmuRMService_main( 1198): type =11 , pip=0 
07-05 20:28:44.913 D/TVEmuRMService_main( 1198): pip disable path 
07-05 20:28:44.913 I/NuPlayer( 1206): NuPlayerRMClientListener::~NuPlayerRMClientListener
07-05 20:28:44.913 D/TVEmuRMService_main( 1198): type =12 , pip=0 
07-05 20:28:44.913 D/TVEmuRMService_main( 1198): pip disable path 
07-05 20:28:44.913 V/RMClientListener( 1206): ~RMClientListener
07-05 20:28:44.913 D/TVEmuRMService_main( 1198): type =13 , pip=0 
07-05 20:28:44.913 D/TVEmuRMService_main( 1198): pip disable path 
07-05 20:28:44.913 V/RMAllocator( 1198): allocateResources
07-05 20:28:44.913 V/RMAllocator( 1198): allocateOneResource
07-05 20:28:44.913 V/RMAllocator( 1198): allocateOneResource
07-05 20:28:44.913 V/RMClient( 1206): #68:handleRequestDone
07-05 20:28:44.915 V/RMClient( 1206): #68:onMessageReceived ldon
07-05 20:28:44.915 V/RMClient( 1206): #68:kWhatRequestDone
07-05 20:28:44.915 I/NuPlayer( 1206): NuPlayerRMClientListener::handleRequestDone
07-05 20:28:44.915 V/NuPlayer( 1206): [handleRequestDone-3157]
07-05 20:28:44.915 I/NuPlayer( 1206): Resource allocation ok
07-05 20:28:44.915 I/GenericSource( 1206): start
07-05 20:28:44.915 V/RMClient( 1206): #68:Done
07-05 20:28:44.915 W/FFmpegExtractor( 1206): drop the packet with negative timestamp(pts:-1024)
07-05 20:28:44.924 V/AudioPolicyManager( 1206): isOffloadSupported: SR=44100, CM=0x3, Format=0x4000000, StreamType=3, BitRate=55687, duration=538007233 us, has_video=1
07-05 20:28:44.924 V/AudioPolicyManager( 1206): isOffloadSupported: has_video == true, returning false
07-05 20:28:44.926 V/NuPlayer( 1206): scanning sources haveAudio=0, haveVideo=0
07-05 20:28:44.927 I/NuPlayerDecoder( 1206): [onConfigure] Need Extra Frame is No
07-05 20:28:44.929 V/AudioPolicyManager( 1206): isOffloadSupported: SR=44100, CM=0x3, Format=0x4000000, StreamType=3, BitRate=55687, duration=538007233 us, has_video=1
07-05 20:28:44.929 V/AudioPolicyManager( 1206): isOffloadSupported: has_video == true, returning false
07-05 20:28:44.930 V/NuPlayer( 1206): [instantiateDecoder] wait video codec excuting!!!
07-05 20:28:44.930 I/NuPlayerDecoder( 1206): [onConfigure] Need Extra Frame is No
07-05 20:28:44.931 V/SoftOMXPlugin( 1206): makeComponentInstance 'OMX.google.aac.decoder'
07-05 20:28:44.935 V/SoftOMXPlugin( 1206): load component libstagefright_soft_aacdec.so for OMX.google.aac.decoder
07-05 20:28:44.936 I/MS_OMX_CORE( 1206): ComponentName : OMX.MS.AVC.Decoder, version -..
07-05 20:28:44.938 E/OMXNodeInstance( 1206): setConfig(be:MS.AVC.Decoder, ConfigAutoFramerateConversion(0x6f800001)) ERROR: NotImplemented(0x80001006)
07-05 20:28:44.938 I/ACodec  ( 1206): codec does not support requested auto-frc (err -2147483648)
07-05 20:28:44.939 E/OMXNodeInstance( 1206): getExtensionIndex(be:MS.AVC.Decoder, OMX.google.android.index.storeMetaDataInBuffers) ERROR: BadParameter(0x80001005)
07-05 20:28:44.939 E/ACodec  ( 1206): [OMX.MS.AVC.Decoder] storeMetaDataInBuffers failed w/ err -2147483648
07-05 20:28:44.941 D/NuPlayer( 1206): rrrr audio decoder executing, canreset set true
07-05 20:28:44.941 D/NuPlayer( 1206): rrrr audio decoder executing, canreset set true
07-05 20:28:44.942 D/MediaHTTPConnection(28583): connect: uri=http://jhxvideo-ws.video-tx.com/rendition/201705/205989353451683841/205989353451684353/bb/243216185158536196/243216215223308548/r243216215223308548-3200k-1920x1080.mp4?wsSecret=dcef114c83f7f39deaf326ab49ff68e6&wsTime=595cdb7a, headers=User-Agent: stagefright/1.2 (Linux;Android 5.1.1)
07-05 20:28:44.942 D/MediaHTTPConnection(28583): teardownConnection
07-05 20:28:44.942 D/MediaHTTPConnection(28583): close inputstream
07-05 20:28:44.943 D/MediaHTTPConnection(28583): offset = 1703936, mCurrentOffset = -1
07-05 20:28:44.943 D/MediaHTTPConnection(28583): seekTo 1703936
07-05 20:28:44.945 I/MyFragmentStateAdapter(28583): getCount
07-05 20:28:44.945 D/MediaHTTPConnection(28583): hitting http://jhxvideo-ws.video-tx.com/rendition/201705/205989353451683841/205989353451684353/bb/243216185158536196/243216215223308548/r243216215223308548-3200k-1920x1080.mp4?wsSecret=dcef114c83f7f39deaf326ab49ff68e6&wsTime=595cdb7a
07-05 20:28:44.945 D/MS_OMX_VDEC( 1206): Allocate pBuffer[0]: 0xb9c35000
07-05 20:28:44.945 D/MS_OMX_VDEC( 1206): Allocate pBuffer[0]: 0xb8c03000
07-05 20:28:44.945 D/MS_OMX_VDEC( 1206): Allocate pBuffer[0]: 0xd7444000
07-05 20:28:44.945 D/MS_OMX_VDEC( 1206): Allocate pBuffer[0]: 0xf1818000
07-05 20:28:44.945 D/MS_OMX_VDEC( 1206): Allocate pBuffer[0]: 0xd3803000
07-05 20:28:44.947 I/SoftAAC2( 1206): Reconfiguring decoder: 0->44100 Hz, 0->2 channels
07-05 20:28:44.947 E/OMXNodeInstance( 1206): setParameter(be:MS.AVC.Decoder, ParamPortDefinition(0x2000001)) ERROR: BadParameter(0x80001005)
07-05 20:28:44.947 W/ACodec  ( 1206): [OMX.MS.AVC.Decoder] setting nBufferCountActual to 6 failed: -2147483648
07-05 20:28:44.947 E/OMXNodeInstance( 1206): setParameter(be:MS.AVC.Decoder, ParamPortDefinition(0x2000001)) ERROR: BadParameter(0x80001005)
07-05 20:28:44.947 W/ACodec  ( 1206): [OMX.MS.AVC.Decoder] setting nBufferCountActual to 5 failed: -2147483648
07-05 20:28:44.948 D/gralloc ( 1204): allocate buffer from ION HEAP 0x1
07-05 20:28:44.948 D/gralloc ( 1204): allocate memory from system heap
07-05 20:28:44.951 D/gralloc ( 1204): allocate buffer from ION HEAP 0x1
07-05 20:28:44.951 D/gralloc ( 1204): allocate memory from system heap
07-05 20:28:44.954 D/gralloc ( 1204): allocate buffer from ION HEAP 0x1
07-05 20:28:44.954 D/gralloc ( 1204): allocate memory from system heap
07-05 20:28:44.956 D/gralloc ( 1204): allocate buffer from ION HEAP 0x1
07-05 20:28:44.956 D/gralloc ( 1204): allocate memory from system heap
07-05 20:28:44.958 I/MSTAR_VDEC_API( 1206): Open Stream State: 11 0 0
07-05 20:28:44.958 I/apiMMAP ( 1206): get_info: E_MMAP_ID_VDEC_SUB_FRAMEBUFFER: not fount
07-05 20:28:44.958 W/MS_LOG  ( 1206): mmapInfo == NULL
07-05 20:28:44.958 I/MSTAR_VDEC_API( 1206): Open Stream Type: 0, pid=1206
07-05 20:28:44.959 I/MSTAR_VDEC_API( 1206): MApi_VDEC_EX_GetFreeStream bResult=1
07-05 20:28:44.959 I/MSTAR_VDEC_API( 1206): no stored streamIds
07-05 20:28:44.959 I/MSTAR_VDEC_API( 1206): no stored streamIds
07-05 20:28:44.959 I/MSTAR_VDEC_API( 1206): add StreamId: 0x4040
07-05 20:28:44.961 D/MSTAR_VDEC_API( 1206): pInitParam->SysConfig.u32CodeBufAddr = 80000000
07-05 20:28:44.961 D/MSTAR_VDEC_API( 1206): pInitParam->SysConfig.u32CodeBufSize = 2097152
07-05 20:28:44.961 D/MSTAR_VDEC_API( 1206): pInitParam->SysConfig.u32FrameBufAddr = 82c00000
07-05 20:28:44.961 D/MSTAR_VDEC_API( 1206): pInitParam->SysConfig.u32FrameBufSize = 167772160
07-05 20:28:44.961 D/MSTAR_VDEC_API( 1206): pInitParam->SysConfig.u32BitstreamBufAddr = 80200000
07-05 20:28:44.961 D/MSTAR_VDEC_API( 1206): pInitParam->SysConfig.u32BitstreamBufSize = 25165824
07-05 20:28:44.961 D/MSTAR_VDEC_API( 1206): pInitParam->SysConfig.u32DrvProcBufAddr = 80200000
07-05 20:28:44.961 D/MSTAR_VDEC_API( 1206): pInitParam->SysConfig.u32DrvProcBufSize = 524288
07-05 20:28:44.961 D/MSTAR_VDEC_API( 1206): FrameRate from demuxer: 0 0, 0 0
07-05 20:28:44.961 D/MSTAR_VDEC_API( 1206): pInitParam->VideoInfo.eTimeStampType = 0x3
07-05 20:28:44.965 D/        ( 1206): [VDEC][0] MApi_CMA_Pool_Init[0]: pool_handle_id=13, miu=1, offset=1c00000, length=c400000 , FrameBuffer=82c00000, unUseSize=1000000
07-05 20:28:44.966 D/Surface ( 1733): onStatusChange() : mNativeObject = 547819076096 mUseImageHwRender = false
07-05 20:28:44.966 V/Surface ( 1733): nativeSetHardwareRender() : status = 0
07-05 20:28:44.966 V/Surface ( 1733): nativeSetHardwareRender() : end
07-05 20:28:44.967 D/PowerManagerService( 1733): acquireWakeLockInternal: lock=487931605, flags=0x2000000a, tag="WindowManager", ws=WorkSource{10010}, uid=1000, pid=1733
07-05 20:28:44.967 D/PowerManagerNotifier( 1733): onWakeLockAcquired: flags=536870922, tag="WindowManager", packageName=android, ownerUid=1000, ownerPid=1733, workSource=WorkSource{10010}
07-05 20:28:44.968 D/PowerManagerService( 1733): setScreenBrightnessOverrideFromWindowManagerInternal done
07-05 20:28:44.969 D/Surface ( 1733): onStatusChange() : mNativeObject = 0 mUseImageHwRender = false
07-05 20:28:44.970 D/NuPlayer( 1206): rrrr audio decoder executing, canreset set true
07-05 20:28:44.979 I/MiSysSrv( 1214): [37m[INFO] Change to Voltage: 117 mv (0x32)[m
07-05 20:28:44.984 I/MyFragmentStateAdapter(28583): getCount
07-05 20:28:44.996 D/PowerManagerService( 1733): releaseWakeLockInternal: lock=681732318 [ActivityManager-Launch], flags=0x0
07-05 20:28:44.996 D/PowerManagerNotifier( 1733): onWakeLockReleased: flags=1, tag="ActivityManager-Launch", packageName=android, ownerUid=1000, ownerPid=1733, workSource=null
07-05 20:28:45.002 I/MyFragmentStateAdapter(28583): getCount
07-05 20:28:45.009 D/        ( 1206): [VDEC][0] MApi_CMA_Pool_Init[1] Failed
07-05 20:28:45.009 D/        ( 1206): [VDEC][0][CMA]u32FrameBufSize is not 0
07-05 20:28:45.017 E/HttpDnsUtils(28583): http callCancel(): mViewTag = EntryActivity
07-05 20:28:45.021 D/PowerManagerService( 1733): setScreenBrightnessOverrideFromWindowManagerInternal done
07-05 20:28:45.023 D/OsdMonitorService( 1733): mCurrentWindow = com.hisense.hicloud.edca/com.hisense.tvui.newhome.HomeMainActivity; newWindow = com.hisense.hicloud.edca/com.hisense.tvui.newhome.HomeMainActivity; isSubWindow = false; isInWinList = false; isExitNow = false
07-05 20:28:45.023 D/OsdMonitorService( 1733): windowNotOsd() : name = com.hisense.hicloud.edca/com.hisense.tvui.newhome.HomeMainActivity
07-05 20:28:45.023 I/OsdMonitorService( 1733): setOsdStatus() : status will change from true to true
07-05 20:28:45.030 I/MyFragmentStateAdapter(28583): getCount
07-05 20:28:45.052 I/MyFragmentStateAdapter(28583): getCount
07-05 20:28:45.081 D/MediaHTTPConnection(28583): [Connection@943765183] response.heeader.null = HTTP/1.1 206 Partial Content
07-05 20:28:45.081 D/MediaHTTPConnection(28583): [Connection@943765183] response.heeader.Accept-Ranges = bytes
07-05 20:28:45.081 D/MediaHTTPConnection(28583): [Connection@943765183] response.heeader.Age = 2161094
07-05 20:28:45.081 D/MediaHTTPConnection(28583): [Connection@943765183] response.heeader.Cache-Control = max-age=5184000
07-05 20:28:45.081 D/MediaHTTPConnection(28583): [Connection@943765183] response.heeader.Connection = keep-alive
07-05 20:28:45.081 D/MediaHTTPConnection(28583): [Connection@943765183] response.heeader.Content-Length = 217136761
07-05 20:28:45.081 D/MediaHTTPConnection(28583): [Connection@943765183] response.heeader.Content-MD5 = b0d2FgZ34VxS2J9TYuIjgA==
07-05 20:28:45.081 D/MediaHTTPConnection(28583): [Connection@943765183] response.heeader.Content-Range = bytes 1703936-218840696/218840697
07-05 20:28:45.081 D/MediaHTTPConnection(28583): [Connection@943765183] response.heeader.Content-Type = application/octet-stream
07-05 20:28:45.081 D/MediaHTTPConnection(28583): [Connection@943765183] response.heeader.Date = Sat, 10 Jun 2017 12:11:49 GMT
07-05 20:28:45.081 D/MediaHTTPConnection(28583): [Connection@943765183] response.heeader.ETag = "6F4776160677E15C52D89F5362E22380"
07-05 20:28:45.081 D/MediaHTTPConnection(28583): [Connection@943765183] response.heeader.Last-Modified = Mon, 08 May 2017 17:24:17 GMT
07-05 20:28:45.081 D/MediaHTTPConnection(28583): [Connection@943765183] response.heeader.Server = nginx/1.2.4
07-05 20:28:45.081 D/MediaHTTPConnection(28583): [Connection@943765183] response.heeader.Via = 1.1 chshx150:7 (Cdn Cache Server V2.0)[0 200 0], 1.1 sdbz31:0 (Cdn Cache Server V2.0)[26 200 0], 1.1 tongxiazai20:3 (Cdn Cache Server V2.0)[0 200 0]
07-05 20:28:45.081 D/MediaHTTPConnection(28583): [Connection@943765183] response.heeader.X-Android-Received-Millis = 1499257725080
07-05 20:28:45.081 D/MediaHTTPConnection(28583): [Connection@943765183] response.heeader.X-Android-Response-Source = NETWORK 206
07-05 20:28:45.081 D/MediaHTTPConnection(28583): [Connection@943765183] response.heeader.X-Android-Sent-Millis = 1499257725035
07-05 20:28:45.081 D/MediaHTTPConnection(28583): [Connection@943765183] response.heeader.x-oss-hash-crc64ecma = 10858506031335928878
07-05 20:28:45.081 D/MediaHTTPConnection(28583): [Connection@943765183] response.heeader.x-oss-object-type = Normal
07-05 20:28:45.081 D/MediaHTTPConnection(28583): [Connection@943765183] response.heeader.x-oss-request-id = 591D64783FEA2FF75DF4AA6E
07-05 20:28:45.081 D/MediaHTTPConnection(28583): [Connection@943765183] response.heeader.x-oss-server-time = 46
07-05 20:28:45.081 D/MediaHTTPConnection(28583): [Connection@943765183] response.heeader.x-oss-storage-class = Standard
07-05 20:28:45.099 I/MyFragmentStateAdapter(28583): getCount
07-05 20:28:45.152 I/TVMW@HsTvSetting( 1234): Trace cmd, data = 0x1058
07-05 20:28:45.153 D/til@system( 2026): til_get_system_param option:100002F int:0, bool:0, ret:0
07-05 20:28:45.153 I/TVMW@HsTvSetting( 1234): Trace cmd, data = 0x101f
07-05 20:28:45.153 D/til@system( 2026): til_get_system_param option:100001D int:3, bool:3, ret:0
07-05 20:28:45.153 E/til     ( 2026): [til_get_current_input_source, 101] 
07-05 20:28:45.153 I/TVMW@HsTvSetting( 1234): Trace cmd, data = 0x7007
07-05 20:28:45.153 I/tilwrapper@sm( 2026): HS2TIL_SourceType *hs=0xd, *til=0x900
07-05 20:28:45.153 D/til     ( 2026): get current source 2304
07-05 20:28:45.153 D/SourceRemoteServiceHandler( 2026): getCurrentInputSource.from.til.result is 0, value is 2304
07-05 20:28:45.153 D/SourceRemoteServiceHandler( 2026): getInputSourceType source: 0x900, type=2304
07-05 20:28:45.154 D/til     ( 2026): ###### func:til_get_picture_param option:0x3000006 ######  
07-05 20:28:45.154 I/TVMW@HsTvSetting( 1234): Trace cmd, data = 0x1003
07-05 20:28:45.154 I/TVMW@HsTvSetting( 1234): Trace cmd, data = 0x8032
07-05 20:28:45.154 I/hstvos  ( 1216): [0m[1;33m[HSHAL][HS_VIDEO][HS_HAL_Video_SetOsdDetect_v2][2389]u16Threshold = 20
07-05 20:28:45.155 I/MiSysSrv( 1214): Not support now! 42, change to mm_video!!!
07-05 20:28:45.155 E/TVMW@videoctrl( 1234):  getOsd is 1
07-05 20:28:45.155 D/til@system( 2026): til_get_system_param option:1000027 int:1, bool:1, ret:0
07-05 20:28:45.155 D/til     ( 2026): ###### func:til_get_picture_param option:0x3000045 ######  
07-05 20:28:45.155 I/TVMW@HsTvSetting( 1234): Trace cmd, data = 0x300c
07-05 20:28:45.155 I/TVMW@HsTvSetting( 1234): Trace 3d, data = 0x300c
07-05 20:28:45.155 I/TVMW@3d ( 1234): Hs_debug3d_trace: func:get3dStatus, line:109
07-05 20:28:45.157 I/NuCachedSource2( 1206): retrying a previously failed read succeeded.
07-05 20:28:45.169 I/MiSysSrv( 1214): [37m[INFO] Change to Voltage: 117 mv (0x32)[m
07-05 20:28:45.180 I/MyFragmentStateAdapter(28583): getCount
07-05 20:28:45.181 I/TVMW@devctrl( 1234): wdt
07-05 20:28:45.219 I/NetflixMonitorService( 1733): current fgapk : com.hisense.hicloud.edca
07-05 20:28:45.219 I/NetflixMonitorService( 1733): Netflix status unchanged
07-05 20:28:45.222 I/MyFragmentStateAdapter(28583): getCount
07-05 20:28:45.269 I/MiSysSrv( 1214): [37m[INFO] Change to Voltage: 117 mv (0x32)[m
07-05 20:28:45.302 I/MyFragmentStateAdapter(28583): getCount
07-05 20:28:45.328 I/MyFragmentStateAdapter(28583): getCount
07-05 20:28:45.353 I/MyFragmentStateAdapter(28583): getCount
07-05 20:28:45.377 I/MyFragmentStateAdapter(28583): getCount
07-05 20:28:45.387 D/        ( 1206): [VDEC][0]MApi_CMA_Pool_GetMem0: alloc_param.pool_handle_id=13, alloc_param.flags=4, alloc_param.offset_in_pool=1000000, alloc_param.length=8200000
07-05 20:28:45.387 E/        ( 1206): [HVD][ERR]MDrv_HVD_EX_PreSetVdecFeature:
07-05 20:28:45.387 E/        ( 1206): MDrv_HVD_EX_PreSetVdecFeature 0x0
07-05 20:28:45.396 D/MSTAR_VDEC_API( 1206): Demuxer Frame Rate = 0 0
07-05 20:28:45.396 I/apiMMAP ( 1206): get_info: E_MMAP_ID_VDEC_FRAMEBUFFER_BALANCE_BW: not fount
07-05 20:28:45.396 W/MS_LOG  ( 1206): mmapInfo == NULL
07-05 20:28:45.397 I/MS_OMX_VDEC( 1206): [OMX.MS.AVC.Decoder]MS_OMX_OutputBufferProcess: in pause state , waiting for resume...
07-05 20:28:45.398 D/PowerManagerService( 1733): acquireWakeLockInternal: lock=113832109, flags=0x1, tag="NetworkStats", ws=null, uid=1000, pid=1733
07-05 20:28:45.398 D/PowerManagerNotifier( 1733): onWakeLockAcquired: flags=1, tag="NetworkStats", packageName=android, ownerUid=1000, ownerPid=1733, workSource=null
07-05 20:28:45.398 D/NtpTrustedTime( 1733): currentTimeMillis() cache hit
07-05 20:28:45.400 I/MS_OMX_VDEC( 1206): [OMX.MS.AVC.Decoder]MS_OMX_OutputBufferProcess: ...resumed
07-05 20:28:45.400 D/NuPlayer( 1206): rrrr video decoder executing, canreset set true
07-05 20:28:45.401 D/NuPlayer( 1206): rrrr video decoder executing, canreset set true
07-05 20:28:45.407 D/NtpTrustedTime( 1733): currentTimeMillis() cache hit
07-05 20:28:45.408 D/PowerManagerService( 1733): releaseWakeLockInternal: lock=113832109 [NetworkStats], flags=0x0
07-05 20:28:45.408 D/PowerManagerNotifier( 1733): onWakeLockReleased: flags=1, tag="NetworkStats", packageName=android, ownerUid=1000, ownerPid=1733, workSource=null
07-05 20:28:45.409 D/NtpTrustedTime( 1733): currentTimeMillis() cache hit
07-05 20:28:45.409 D/NtpTrustedTime( 1733): currentTimeMillis() cache hit
07-05 20:28:45.415 I/MyFragmentStateAdapter(28583): getCount
07-05 20:28:45.418 D/MSTAR_VDEC_API( 1206): u32SHMAddr = 0x800cfa00, u8DataOnMIU = 0x1
07-05 20:28:45.418 D/MSTAR_VDEC_API( 1206): u8AspectRate = 0x1, u32AspectWidth = 1920, u32AspectHeight = 1080
07-05 20:28:45.418 D/MSTAR_VDEC_API( 1206): phyVsyncBridgeExtAddr = 0x800d0000, u8DataOnMIU = 0x1, W/H [1920/1088] CROP = [0 0 0 8]
07-05 20:28:45.419 D/MSTAR_VDEC_API( 1206): [0] Free Backup Config Data
07-05 20:28:45.451 D/Carousel-SimpleVideoView(28583): speedKB=1565
07-05 20:28:45.451 D/Carousel-SimpleVideoView(28583): msg.arg1=1
07-05 20:28:45.451 D/MSTAR_VDEC_DBG( 1206): Stream ID: 0, Rate : 0 (E:0,D:0,S:0,F:5) 
07-05 20:28:45.453 V/NuPlayer( 1206): [kWhatVideoNotify] nuplayerdecoder return kWhatVideoSizeChanged
07-05 20:28:45.454 V/NuPlayer( 1206): Video output format changed to 1920 x 1088 (crop: 1920 x 1080 @ (0, 0))
07-05 20:28:45.454 V/NuPlayer( 1206): updateVideoSize::rotationDegrees=0
07-05 20:28:45.459 V/NuPlayer( 1206): media rendering started
07-05 20:28:45.459 E/BufferQueueProducer( 1204): fromProcess: /system/bin/mediaserver
07-05 20:28:45.460 D/vsyncbridge( 1204): vsync_bridge_render_frame: [0]switch not on !
07-05 20:28:45.460 D/vsyncbridge( 1204): Display Path INIT BEGIN
07-05 20:28:45.468 I/MyFragmentStateAdapter(28583): getCount
07-05 20:28:45.469 I/MiSysSrv( 1214): [37m[INFO] Change to Voltage: 117 mv (0x32)[m
07-05 20:28:45.478 D/hwcomposer( 1204): Overlay[0], bInUsed = 1, bIsForceClose = 0
07-05 20:28:45.478 D/vsyncbridge( 1204): [0] handle_thread thread got msg 0x1, mState = 0
07-05 20:28:45.478 D/vsyncbridge( 1204): Overlay 0 state change from 0 to 1
07-05 20:28:45.478 D/vsyncbridge( 1204): Init Overlay 0
07-05 20:28:45.478 V/RMClient( 1204): #44:RMClient
07-05 20:28:45.479 V/RMClient( 1204): #43:~RMClient
07-05 20:28:45.479 V/RMClient( 1204): #43:RMClient::returnAllResourcesAsync
07-05 20:28:45.481 V/RMClientListener( 1204): ~RMClientListener
07-05 20:28:45.481 V/RMClient( 1204): #44:requestResourceAsync
07-05 20:28:45.481 D/vsyncbridge( 1204): Wrapper_connect IN.
07-05 20:28:45.482 V/RMClient( 1204): #44:onMessageReceived creq
07-05 20:28:45.482 V/RMClient( 1204): #44:kWhatCmdResourceRequest
07-05 20:28:45.491 D/hwcomposer( 1204): lastVideoPlanes is dirty
07-05 20:28:45.491 D/hwcomposer( 1204): lastHWWindowInfo is dirty
07-05 20:28:45.492 V/RMAllocator( 1198): handleRequest
07-05 20:28:45.492 V/RMClient( 1204): #44:Done
07-05 20:28:45.492 V/RMAllocator( 1198): handleRequest new ClientInfo, client=2382853248 id=44
07-05 20:28:45.493 I/RMAllocator( 1198): ClientInfo this=2378256512, mRMClient=2382853248. id=44
07-05 20:28:45.493 V/RMAllocator( 1198): handleRequest new ClientInfo=2378256512, client=2382853248 id=44
07-05 20:28:45.493 D/TVEmuRMService_main( 1198): type =14 , pip=0 
07-05 20:28:45.493 D/TVEmuRMService_main( 1198): pip disable path 
07-05 20:28:45.493 V/RMAllocator( 1198): allocateResources
07-05 20:28:45.493 V/RMAllocator( 1198): allocateOneResource
07-05 20:28:45.493 V/RMClient( 1204): #44:handleRequestDone
07-05 20:28:45.493 V/RMClient( 1204): #44:onMessageReceived ldon
07-05 20:28:45.494 V/RMClient( 1204): #44:kWhatRequestDone
07-05 20:28:45.494 D/vsyncbridge( 1204): handleRequestDone: mOverlayID = 0, mState = 0x1
07-05 20:28:45.494 V/RMClient( 1204): #44:Done
07-05 20:28:45.495 I/MiSysSrv( 1214): none MI_DBG_LVL_L in PROC_CMD_LINE!
07-05 20:28:45.495 I/MiSysSrv( 1214): none MI_DBG_LVL_H in PROC_CMD_LINE!
07-05 20:28:45.495 I/MiSysSrv( 1214): [1;32m[MI INFO]:_MI_HWCAPS_UpdateVideoCaps[574]: [HWCAPS]:Info: video caps has been updated!
07-05 20:28:45.510 E/MiDispoutService( 1465): MiDispoutGetHandle, 779, IMPL Handle = 1146028032 
07-05 20:28:45.510 I/MiSysSrv( 1214): [0m~~~~> _MI_ATOM_DISPOUT_GetDeviceObject(): [IN]u32DeviceType={0},[IN]u32DeviceId={0}
07-05 20:28:45.510 I/MiSysSrv( 1214): ~~~~> _MI_ATOM_DISPOUT_GetDeviceObject(): [IN]_astDispoutObj[0]={0, 0}
07-05 20:28:45.510 I/MiVideoService( 1465): impl handle 0x86001b22 opened!
07-05 20:28:45.512 I/MiSysSrv( 1214): [mapi_video_base@Line 1270] Initialize:1270 Video Init : Win Change[0->0], Source Change[42->34]
07-05 20:28:45.512 I/MiSysSrv( 1214): [Hal_SC_mux_dispatch][607]src_port=100, dest_port=1
07-05 20:28:45.520 I/MiSysSrv( 1214): ???????? Warning,The MMAP ID(E_MMAP_ID_XC_MAIN_FB) does not existed.
07-05 20:28:45.520 I/MiSysSrv( 1214): ???????? please add in your mmap or ignore this message.
07-05 20:28:45.520 I/MiSysSrv( 1214): [XC,SetWindow][msAPI_Scaler_Field_Detect, 2051] DTV [XC,SetWindow][msAPI_Scaler_Field_Detect, 2064] -> Progressive
07-05 20:28:45.537 E/vsyncbridge( 1204): MI_V3D_GetHandle().
07-05 20:28:45.537 D/vsyncbridge( 1204): Sucess to MI_V3D_RegisterCallback(). event flags : 2 
07-05 20:28:45.537 E/vsyncbridge( 1204): Sucess to MI_V3D_RegisterCallback(). event flags : 1 
07-05 20:28:45.537 E/vsyncbridge( 1204): MI_V3D_GetHandle().
07-05 20:28:45.537 D/vsyncbridge( 1204): 3D disable, DS should on.
07-05 20:28:45.549 D/vsyncbridge( 1204): [0] handle_thread thread got msg 0x1, mState = 1
07-05 20:28:45.549 D/vsyncbridge( 1204): Overlay 0 state change from 1 to 2
07-05 20:28:45.550 D/vsyncbridge( 1204): enWin=0, enCodecType=11, miu=1, frameRate=24000, interlace=0, Hsize=1920, Vsize=1088, {0, 0, 0, 8}
07-05 20:28:45.550 D/vsyncbridge( 1204): win.x = 549, win.y = 205, win.width = 816, win.height = 460, [1920, 1080] apptype = 0
07-05 20:28:45.550 E/vsyncbridge( 1204): MI_V3D_GetHandle().
07-05 20:28:45.560 D/vsyncbridge( 1204): 3D disable, DS should on.
07-05 20:28:45.560 D/vsyncbridge( 1204): V3d is Opened.
07-05 20:28:45.560 D/vsyncbridge( 1204): Current 3D format = 0, PIPMode = 0
07-05 20:28:45.564 V/MediaPlayer-JNI(28583): getVideoWidth: 1920
07-05 20:28:45.564 V/MediaPlayer-JNI(28583): getVideoHeight: 1080
07-05 20:28:45.569 I/MiSysSrv( 1214): [37m[INFO] Change to Voltage: 117 mv (0x32)[m
07-05 20:28:45.571 D/vsyncbridge( 1204): Wrapper_Video_setMode 0, DS: 1 , 3D: 0 
07-05 20:28:45.571 I/vsyncbridge( 1204): Skip 4K2K Pannel setting .
07-05 20:28:45.578 I/Carousel-UrlVideoView(28583): onMeasure(MeasureSpec: EXACTLY 816, MeasureSpec: EXACTLY 460)
07-05 20:28:45.578 D/Carousel-UrlVideoView(28583): widthSpecMode=1073741824
07-05 20:28:45.578 D/Carousel-UrlVideoView(28583): heightSpecMode=1073741824
07-05 20:28:45.578 D/Carousel-UrlVideoView(28583): widthSpecSize=816
07-05 20:28:45.578 D/Carousel-UrlVideoView(28583): heightSpecSize=460
07-05 20:28:45.579 I/Carousel-UrlVideoView(28583): onMeasure(MeasureSpec: EXACTLY 816, MeasureSpec: EXACTLY 460)
07-05 20:28:45.579 D/Carousel-UrlVideoView(28583): widthSpecMode=1073741824
07-05 20:28:45.579 D/Carousel-UrlVideoView(28583): heightSpecMode=1073741824
07-05 20:28:45.579 D/Carousel-UrlVideoView(28583): widthSpecSize=816
07-05 20:28:45.579 D/Carousel-UrlVideoView(28583): heightSpecSize=460
07-05 20:28:45.579 E/IMiDisplay( 1466): MI_Display_CtrlType_e:1
07-05 20:28:45.579 I/MiSysSrv( 1214): [1;31m[MI ERR ]: MI_ATOM_DISPLAY_SetMmMode[4724]: MI_ATOM_DISPLAY_SetMmMode CodecType=11, MIU=1, FrameRate=24000, Interlace=0, HSize=3840, VSize=2160, top=0, bot=8, left=0, right=0,pVideo=0xe6d01248
07-05 20:28:45.579 I/MiSysSrv( 1214): [0m[mapi_video_base@Line 3917] m_bSetMode=1 this=0xe6d01248
07-05 20:28:45.579 E/IMiDisplay( 1465): Invalid MI_Display_CtrlType_e:1
07-05 20:28:45.579 E/IMiDisplay( 1465): Invalid MI_Display_CtrlType_e:4
07-05 20:28:45.583 I/MiSysSrv( 1214): [1;31m[MI ERR ]: _MI_VIDEO_SetMmMvopMode[4639]: CodecType=11, MIU=1, FrameRate=24000, Interlace=0, HSize=3840, VSize=2160, top=0, bot=8, left=0, right=0,pVideo=0xe010d4c8
07-05 20:28:45.584 I/MiSysSrv( 1214): [0m->u16FrameRate = 24000
07-05 20:28:45.584 I/MiSysSrv( 1214): ->u8Interlace = 0
07-05 20:28:45.584 I/MiSysSrv( 1214): ->u16HorSize = 3840
07-05 20:28:45.584 I/MiSysSrv( 1214): ->u16VerSize = 2160
07-05 20:28:45.584 I/MiSysSrv( 1214): [Warning] xc support pVOPTiming->u16H_TotalCount >= 4095 after CL 712830
07-05 20:28:45.585 V/MediaPlayer-JNI(28583): getCurrentPosition: 100 (msec)
07-05 20:28:45.585 V/MediaPlayer-JNI(28583): isPlaying: 1
07-05 20:28:45.591 I/MiSysSrv( 1214): SetMmMvopMode,1479
07-05 20:28:45.592 E/IMiDisplay( 1466): MI_Display_CtrlType_e:2
07-05 20:28:45.592 E/IMiDisplay( 1465): Invalid MI_Display_CtrlType_e:2
07-05 20:28:45.593 D/vsyncbridge( 1204): int Wrapper_Video_setMode(MS_VideoInfo*, int) @ line: 914: Enter Start ds.
07-05 20:28:45.594 D/vsyncbridge( 1204): vsync_bridge_CalAspectRatio type = 0
07-05 20:28:45.594 D/vsyncbridge( 1204): panel [3840 2160] osd [1920 1080] ratio [2.000000 2.000000]
07-05 20:28:45.594 D/vsyncbridge( 1204): apply ratio, x=1098, y=410, width=1632, height=920
07-05 20:28:45.595 D/vsyncbridge( 1204): disp_old[1098 410 2730 1330], disp_new[1098 410 2730 1330], crop[0 0 1920 1080]
07-05 20:28:45.595 D/vsyncbridge( 1204): Wrapper_Video_setXCWin IN.
07-05 20:28:45.595 D/vsyncbridge( 1204): Wrapper_Video_setXCWin 0
07-05 20:28:45.595 I/MiSysSrv( 1214): [leon.luo]EnableVideoMute = 1,enColor = 5
07-05 20:28:45.596 I/MyFragmentStateAdapter(28583): getCount
07-05 20:28:45.624 I/MyFragmentStateAdapter(28583): getCount
07-05 20:28:45.631 I/MiSysSrv( 1214): [1;31m<<<_MI_DISPLAY_CheckPointToPoint[4883] checkPointToPointCondition: not support. 
07-05 20:28:45.635 D/vsyncbridge( 1204): DisplayWindow (1098 410) 1632 X 920.
07-05 20:28:45.635 I/MiSysSrv( 1214): [0m[1;31m<<<_MI_DISPLAY_CheckPointToPoint[4883] checkPointToPointCondition: not support. 
07-05 20:28:45.635 I/MiSysSrv( 1214): [0m[mapi_video_base@Line 1557] Lock window enabled @ x,y,w,h=1098,410,1632,920
07-05 20:28:45.635 I/hstvos  ( 1216): [0m[1;36m[mif][VIDEO_FW][_Mif_Video_Window_Callback][460]_Mif_Video_Window_Callback u32EventFlags: 65536, width: 1632, height: 920
07-05 20:28:45.635 W/        ( 1204): no callback function match handle 0xb20700,
07-05 20:28:45.635 E/MiDisplay( 1204): ERROR pstCallbackParams.
07-05 20:28:45.637 I/MiSysSrv( 1214): Obtain XC engine fail
07-05 20:28:45.638 I/MiSysSrv( 1214): [mapi_video_base@Line 2043] CropWin assigned: x,y,w,h=0,0,1920,1080
07-05 20:28:45.638 I/MiSysSrv( 1214): [leon.luo]m_bHdmiTxType = 0,m_bHdmiTxEnable =0
07-05 20:28:45.638 I/MiSysSrv( 1214): [mapi_video_base@Line 2096] DstWin Locked: x,y,w,h=1098,410,1632,920
07-05 20:28:45.638 I/MiSysSrv( 1214): [mapi_video_base@Line 2198] SrcWin1[Win=0]: x,y,w,h=1105,30,3840,2152
07-05 20:28:45.638 I/MiSysSrv( 1214): [mapi_video_base@Line 2199] CropWin1: x,y,w,h=0,0,1920,1080
07-05 20:28:45.638 I/MiSysSrv( 1214): [mapi_video_base@Line 2200] DispWin1: x,y,w,h=1098,410,1632,920
07-05 20:28:45.638 I/MiSysSrv( 1214): [mapi_video_base@Line 2279] CropWin1.1: x,y,w,h=0,0,1920,1080
07-05 20:28:45.638 I/MiSysSrv( 1214): === open 3D OverScan ===
07-05 20:28:45.638 I/MiSysSrv( 1214): [mapi_video_base@Line 2281] CropWin1.2: x,y,w,h=0,0,1920,1080
07-05 20:28:45.638 I/MiSysSrv( 1214): [mapi_video_base@Line 2285] SrcWin2: x,y,w,h=1105,30,3840,2152
07-05 20:28:45.638 I/MiSysSrv( 1214): [mapi_video_base@Line 2286] CropWin2: x,y,w,h=0,0,1920,1080
07-05 20:28:45.638 I/MiSysSrv( 1214): [mapi_video_base@Line 2287] DispWin2: x,y,w,h=1098,410,1632,920
07-05 20:28:45.638 I/MiSysSrv( 1214): [mapi_video_base@Line 2384] SrcWin3: x,y,w,h=1105,30,3840,2152
07-05 20:28:45.638 I/MiSysSrv( 1214): [mapi_video_base@Line 2385] CropWin3: x,y,w,h=0,0,1920,1080
07-05 20:28:45.638 I/MiSysSrv( 1214): [mapi_video_base@Line 2386] DispWin3: x,y,w,h=1098,410,1632,920
07-05 20:28:45.639 I/MiSysSrv( 1214): [leon.luo]m_bHdmiTxType = 0,m_bHdmiTxEnable =0
07-05 20:28:45.639 I/MiSysSrv( 1214): [mapi_video_base@Line 2575] SrcWin5[Win=0]: x,y,w,h=1105,30,3840,2152
07-05 20:28:45.639 I/MiSysSrv( 1214): [mapi_video_base@Line 2576] CropWin5: x,y,w,h=0,0,1920,1080
07-05 20:28:45.639 I/MiSysSrv( 1214): [mapi_video_base@Line 2577] DispWin5: x,y,w,h=1098,410,1632,920
07-05 20:28:45.639 I/MiSysSrv( 1214): [mapi_video_base@Line 2609][MOVEWINDOW] m_stCurWinInfo={34, {1105,30,3840,2152},
07-05 20:28:45.639 I/MiSysSrv( 1214):         {1098,410,1632,920}, {0,0,1920,1080},    0,0,240,2205,0,0,
07-05 20:28:45.639 I/MiSysSrv( 1214):         0,0,0,0,0,0,    0,   1,3840,3840,1,2160,2160,0}
07-05 20:28:45.639 I/MiSysSrv( 1214): [mapi_video_base@Line 2620][MOVEWINDOW] m_stPrevXCSetWinInfo={0, {0,0,0,0},
07-05 20:28:45.639 I/MiSysSrv( 1214):         {0,0,0,0}, {0,0,0,0},    0,0,0,0,0,0,
07-05 20:28:45.639 I/MiSysSrv( 1214):         0,0,0,0,0,0,    0,   0,0,0,0,0,0,0}
07-05 20:28:45.639 I/MiSysSrv( 1214): [mapi_video_base@Line 2625][MOVEWINDOW] SetXcWindow input Source  change
07-05 20:28:45.639 I/MiSysSrv( 1214): [mapi_video_base@Line 2633][MOVEWINDOW] SetXcWindow Capture Window  change
07-05 20:28:45.639 I/MiSysSrv( 1214): [mapi_video_base@Line 2642][MOVEWINDOW] SetXCWindow Crop Window  change
07-05 20:28:45.639 I/MiSysSrv( 1214): [mapi_video_base@Line 2649][MOVEWINDOW] SetXCWindow Display Size Window  change
07-05 20:28:45.639 I/MiSysSrv( 1214): [mapi_video_base@Line 2671][MOVEWINDOW] SetXCWindow Scaling Timing change
07-05 20:28:45.639 I/MiSysSrv( 1214): [mapi_video_base@Line 2696][MOVEWINDOW] SetXCWindow Post CusScaling change
07-05 20:28:45.643 I/MiSysSrv( 1214): [XC,LPLL][MApi_SC_ForceFreerun_U2, 1511] MApi_SC_ForceFreerun = 0
07-05 20:28:45.643 I/MiSysSrv( 1214): [mapi_video_base@Line 2776][MOVEWINDOW] SetXCWindow  Reset
07-05 20:28:45.643 I/MiSysSrv( 1214): [mapi_video_base@Line 8253] Window is main, overscan is false, aspect ratio isn't DotByDot, input source is storage.
07-05 20:28:45.643 I/MiSysSrv( 1214): [mapi_video_base@Line 8259] P2P or MM: Pixel shift direction is none.
07-05 20:28:45.643 I/MiSysSrv( 1214): [XC,SetWindow][_MApi_XC_SetWindow, 3948] ============= SetWindow Start (Window : 0, src: 34) =============
07-05 20:28:45.643 I/MiSysSrv( 1214): [XC,SetWindow][_MApi_XC_SetWindow, 3949] CapWin  x: 1105  y:   30  w: 3840  h: 2152 
07-05 20:28:45.643 I/MiSysSrv( 1214): [XC,SetWindow][_MApi_XC_SetWindow, 3950] CropWin x:    0  y:    0  w: 1920  h: 1080 
07-05 20:28:45.643 I/MiSysSrv( 1214): [XC,SetWindow][_MApi_XC_SetWindow, 3951] DispWin x: 1208  y:  410  w: 1632  h:  920 
07-05 20:28:45.643 I/MiSysSrv( 1214): [XC,SetWindow][_MApi_XC_SetWindow, 3956] Panel   x:  110  y:    0  w: 3840  h: 2160 
07-05 20:28:45.643 I/MiSysSrv( 1214): [XC,SetWindow][_MApi_XC_SetWindow, 3957] Mirror/Interlace/Hdup = 0/0/0
07-05 20:28:45.643 I/MiSysSrv( 1214): [XC,SetWindow][_MApi_XC_SetWindow, 3958] H/V total = (0, 2205), VFreq = 240
07-05 20:28:45.643 I/MiSysSrv( 1214): [XC,SetWindow][_MApi_XC_SetWindow, 3959] Pre  H cus scaling 1 (3840 -> 3840)
07-05 20:28:45.643 I/MiSysSrv( 1214): [XC,SetWindow][_MApi_XC_SetWindow, 3960] Pre  V cus scaling 1 (2160 -> 2160)
07-05 20:28:45.643 I/MiSysSrv( 1214): [XC,SetWindow][_MApi_XC_SetWindow, 3961] Post H cus scaling 0 (0 -> 0)
07-05 20:28:45.643 I/MiSysSrv( 1214): [XC,SetWindow][_MApi_XC_SetWindow, 3962] Post V cus scaling 0 (0 -> 0)
07-05 20:28:45.643 I/MiSysSrv( 1214): [XC,SetWindow][_MApi_XC_SetWindow, 4003] [_MApi_XC_SetWindow, 4003][CMA], bIsGetCMA[self]=1 bIsGetCMA[cobuff]=0 
07-05 20:28:45.643 I/MiSysSrv( 1214): [XC,SetWindow][_MApi_XC_SetWindow, 4004] [_MApi_XC_SetWindow, 4004][CMA], au32CMAMemSCMSize[self]=0 au32CMAMemSCMSize[cobuff]=0 u32DualMiuMemSize=0
07-05 20:28:45.643 I/MiSysSrv( 1214): [XC,SetWindow][_MApi_XC_SetWindow, 4005] [_MApi_XC_SetWindow, 4005][CMA], u32PreCMAMemSCMSize[self]=0 u32PreCMAMemSCMSize[cobuff]=0 
07-05 20:28:45.643 I/MiSysSrv( 1214): [XC,SetWindow][_MApi_XC_SetWindow, 4006] [_MApi_XC_SetWindow, 4006][CMA], u32PreCMAMemFRCMSize[self]=0 u32PreCMAMemFRCMSize[cobuff]=0 
07-05 20:28:45.643 I/MiSysSrv( 1214): [XC,SetWindow][_MApi_XC_SetWindow, 4007] [_MApi_XC_SetWindow, 4007][CMA], u32PreCMAMemDualSCMSize=0 
07-05 20:28:45.656 I/TVMW@HsTvSetting( 1234): Trace cmd, data = 0x1058
07-05 20:28:45.659 I/MyFragmentStateAdapter(28583): getCount
07-05 20:28:45.679 D/til@system( 2026): til_get_system_param option:100002F int:0, bool:0, ret:0
07-05 20:28:45.680 I/TVMW@HsTvSetting( 1234): Trace cmd, data = 0x101f
07-05 20:28:45.694 D/til@system( 2026): til_get_system_param option:100001D int:3, bool:3, ret:0
07-05 20:28:45.694 E/til     ( 2026): [til_get_current_input_source, 101] 
07-05 20:28:45.694 I/TVMW@HsTvSetting( 1234): Trace cmd, data = 0x7007
07-05 20:28:45.695 I/tilwrapper@sm( 2026): HS2TIL_SourceType *hs=0xd, *til=0x900
07-05 20:28:45.695 D/til     ( 2026): get current source 2304
07-05 20:28:45.695 D/SourceRemoteServiceHandler( 2026): getCurrentInputSource.from.til.result is 0, value is 2304
07-05 20:28:45.695 D/SourceRemoteServiceHandler( 2026): getInputSourceType source: 0x900, type=2304
07-05 20:28:45.695 D/til     ( 2026): ###### func:til_get_picture_param option:0x3000006 ######  
07-05 20:28:45.695 I/TVMW@HsTvSetting( 1234): Trace cmd, data = 0x1003
07-05 20:28:45.695 I/TVMW@HsTvSetting( 1234): Trace cmd, data = 0x8032
07-05 20:28:45.695 I/hstvos  ( 1216): [0m[1;33m[HSHAL][HS_VIDEO][HS_HAL_Video_SetOsdDetect_v2][2389]u16Threshold = 20
