07-06 00:53:41.309 D/Player/Lib/Utils/SysUtils(15015): [TID 15046] [Check dolby]  Supported type=audio/mpeg-L2
07-06 00:53:41.309 D/Player/Lib/Utils/SysUtils(15015): [TID 15046] [Check dolby]  Codec name=OMX.MS.AAC.Decoder
07-06 00:53:41.309 D/Player/Lib/Utils/SysUtils(15015): [TID 15046] [Check dolby]  Supported type=audio/mp4a-latm
07-06 00:53:41.309 D/Player/Lib/Utils/SysUtils(15015): [TID 15046] [Check dolby]  Codec name=OMX.google.opus.decoder
07-06 00:53:41.309 D/Player/Lib/Utils/SysUtils(15015): [TID 15046] [Check dolby]  Supported type=audio/opus
07-06 00:53:41.309 D/Player/Lib/Utils/SysUtils(15015): [TID 15046] [Check dolby]  Codec name=OMX.google.vorbis.decoder
07-06 00:53:41.309 D/Player/Lib/Utils/SysUtils(15015): [TID 15046] [Check dolby]  Supported type=audio/vorbis
07-06 00:53:41.309 D/Player/Lib/Utils/SysUtils(15015): [TID 15046] [Check dolby]  Codec name=OMX.MS.VORBIS.Decoder
07-06 00:53:41.309 D/Player/Lib/Utils/SysUtils(15015): [TID 15046] [Check dolby]  Supported type=audio/vorbis
07-06 00:53:41.309 D/Player/Lib/Utils/SysUtils(15015): [TID 15046] [Check dolby]  Codec name=OMX.MS.ADPCM.Decoder
07-06 00:53:41.309 D/Player/Lib/Utils/SysUtils(15015): [TID 15046] [Check dolby]  Supported type=audio/adpcm
07-06 00:53:41.309 D/Player/Lib/Utils/SysUtils(15015): [TID 15046] [Check dolby]  Codec name=OMX.MS.LPCM.Decoder
07-06 00:53:41.309 D/Player/Lib/Utils/SysUtils(15015): [TID 15046] [Check dolby]  Supported type=audio/lpcm
07-06 00:53:41.309 D/Player/Lib/Utils/SysUtils(15015): [TID 15046] [Check dolby]  Codec name=OMX.MS.RA.Decoder
07-06 00:53:41.309 D/Player/Lib/Utils/SysUtils(15015): [TID 15046] [Check dolby]  Supported type=audio/cook
07-06 00:53:41.309 D/Player/Lib/Utils/SysUtils(15015): [TID 15046] [Check dolby]  Codec name=OMX.MS.WMA.Decoder
07-06 00:53:41.309 D/Player/Lib/Utils/SysUtils(15015): [TID 15046] [Check dolby]  Supported type=audio/x-ms-wma
07-06 00:53:41.309 D/Player/Lib/Utils/SysUtils(15015): [TID 15046] [Check dolby]  Codec name=OMX.MS.AC3.Decoder
07-06 00:53:41.309 D/Player/Lib/Utils/SysUtils(15015): [TID 15046] [Check dolby]  Supported type=audio/ac3
07-06 00:53:41.309 D/Player/Lib/Utils/SysUtils(15015): [TID 15046] [Check dolby] FOUND, current type = audio/ac3
07-06 00:53:41.310 W/AudioCapabilities(15015): Unsupported mime audio/ac3
07-06 00:53:41.310 D/Player/Lib/Utils/SysUtils(15015): [TID 15046] [Check dolby]  ProfileLevels size:0
07-06 00:53:41.310 D/Player/Lib/Utils/SysUtils(15015): [TID 15046] DEVICE_SUPPORT_DOLBY=true, DEVICE_SUPPORT_H265=true
07-06 00:53:41.313 W/QueryController(14980): AccessibilityNodeInfo returned a null child (0 of 2)
07-06 00:53:41.313 W/QueryController(14980): parent = android.view.accessibility.AccessibilityNodeInfo@8001eadd; boundsInParent: Rect(0, 0 - 430, 279); boundsInScreen: Rect(1553, 792 - 1920, 1071); packageName: com.hisense.hicloud.edca; className: android.widget.RelativeLayout; text: null; error: null; maxTextLength: -1; contentDescription: null; viewIdResName: null; checkable: false; checked: false; focusable: true; focused: false; selected: false; clickable: true; longClickable: false; enabled: true; password: false; scrollable: false; actions: [AccessibilityAction: ACTION_FOCUS - null, AccessibilityAction: ACTION_SELECT - null, AccessibilityAction: ACTION_CLEAR_SELECTION - null, AccessibilityAction: ACTION_CLICK - null, AccessibilityAction: ACTION_ACCESSIBILITY_FOCUS - null]
07-06 00:53:41.324 W/QueryController(14980): AccessibilityNodeInfo returned a null child (1 of 2)
07-06 00:53:41.331 D/WifiService( 1733): New client listening to asynchronous messages
07-06 00:53:41.350 D/Player/Lib/Utils/SysUtils(15015): [TID 15046] isDeviceSupportDolby=true
07-06 00:53:41.350 D/Player/Lib/Utils/SysUtils(15015): [TID 15046] isDeviceSupportH265=true
07-06 00:53:41.351 D/PlayerSdkUtils(15015): [TID 15046] static init: IS_DEVICE_CODEC_SUPPORT_DOLBY=true
07-06 00:53:41.351 D/PlayerSdkUtils(15015): [TID 15046] static init: IS_DEVICE_CODEC_SUPPORT_H265=true
07-06 00:53:41.359 D/PlayerSDK/data/FetchUuidJob(15015): [TID 15046] >>>fetchKeyInfo, sIsFetched=false
07-06 00:53:41.359 D/PlayerSDK/data/FetchUuidJob(15015): [TID 15046] fetchKeyInfo: deviceInfo=vidaa3
07-06 00:53:41.361 I/System.out(15015): D/(load-playerplugin, syncCall): cpu: 4
07-06 00:53:41.364 I/MyFragmentStateAdapter(15015): getCount
07-06 00:53:41.375 I/System.out(15015): <TVAPI> DEBUG(isUpdateData): isUpdateData=manInfo-true
07-06 00:53:41.376 I/System.out(15015): <TVAPI> DEBUG(TVApiProperty): read passport-device-id=null
07-06 00:53:41.379 I/System.out(15015): <TVAPI> DEBUG(TVApiProperty): passport-device-id-system=tv_69b1ef544cadbb86e8f28950ece1c76a_1167652938875
07-06 00:53:41.379 I/MyFragmentStateAdapter(15015): getCount
07-06 00:53:41.379 I/MyFragmentStateAdapter(15015): getCount
07-06 00:53:41.379 I/System.out(15015): <TVAPI> DEBUG(id=1, manInfo): url = http://data2.itv.ptqy.gitv.tv/itv/manInfo/vidaa3?s=0
07-06 00:53:41.379 I/System.out(15015): <TVAPI> DEBUG(id=1, manInfo): header = qyid:tv_69b1ef544cadbb86e8f28950ece1c76a_1167652938875
07-06 00:53:41.379 I/System.out(15015): <TVAPI> DEBUG(id=1, manInfo): header = ov:5.1.1
07-06 00:53:41.379 I/MyFragmentStateAdapter(15015): getCount
07-06 00:53:41.379 I/System.out(15015): <TVAPI> DEBUG(id=1, manInfo): header = apkVer:
07-06 00:53:41.379 I/MyFragmentStateAdapter(15015): getCount
07-06 00:53:41.380 I/System.out(15015): <TVAPI> DEBUG(id=1, manInfo): header = apiKey:APIKEY
07-06 00:53:41.384 I/MyFragmentStateAdapter(15015): getCount
07-06 00:53:41.405 W/QueryController(14980): AccessibilityNodeInfo returned a null child (0 of 1)
07-06 00:53:41.405 W/QueryController(14980): parent = android.view.accessibility.AccessibilityNodeInfo@800262fd; boundsInParent: Rect(0, 0 - 400, 38); boundsInScreen: Rect(308, 1033 - 708, 1071); packageName: com.hisense.hicloud.edca; className: android.widget.RelativeLayout; text: null; error: null; maxTextLength: -1; contentDescription: null; viewIdResName: null; checkable: false; checked: false; focusable: false; focused: false; selected: false; clickable: false; longClickable: false; enabled: true; password: false; scrollable: false; actions: [AccessibilityAction: ACTION_SELECT - null, AccessibilityAction: ACTION_CLEAR_SELECTION - null, AccessibilityAction: ACTION_ACCESSIBILITY_FOCUS - null]
07-06 00:53:41.420 I/MyFragmentStateAdapter(15015): getCount
07-06 00:53:41.420 I/MyFragmentStateAdapter(15015): getCount
07-06 00:53:41.421 I/MyFragmentStateAdapter(15015): getCount
07-06 00:53:41.421 I/MyFragmentStateAdapter(15015): getCount
07-06 00:53:41.421 I/FirstLineAdapter(15015): canShowTrailer,isOffline=false
07-06 00:53:41.421 I/FirstLineAdapter(15015): canShowTrailer,isOffline=false
07-06 00:53:41.421 I/FirstLineAdapter(15015): canShowTrailer,isOffline=false
07-06 00:53:41.421 I/FirstLineAdapter(15015): canShowTrailer,isOffline=false
07-06 00:53:41.421 I/FirstLineAdapter(15015): canShowTrailer,isOffline=false
07-06 00:53:41.421 I/FirstLineAdapter(15015): canShowTrailer,isOffline=false
07-06 00:53:41.421 I/FirstLineAdapter(15015): canShowTrailer,isOffline=false
07-06 00:53:41.421 I/FirstLineAdapter(15015): canShowTrailer,isOffline=false
07-06 00:53:41.422 I/FirstLineAdapter(15015): canShowTrailer,isOffline=false
07-06 00:53:41.428 I/MyFragmentStateAdapter(15015): getCount
07-06 00:53:41.434 W/QueryController(14980): AccessibilityNodeInfo returned a null child (0 of 2)
07-06 00:53:41.434 W/QueryController(14980): parent = android.view.accessibility.AccessibilityNodeInfo@8001eadd; boundsInParent: Rect(0, 0 - 430, 279); boundsInScreen: Rect(1553, 792 - 1920, 1071); packageName: com.hisense.hicloud.edca; className: android.widget.RelativeLayout; text: null; error: null; maxTextLength: -1; contentDescription: null; viewIdResName: null; checkable: false; checked: false; focusable: true; focused: false; selected: false; clickable: true; longClickable: false; enabled: true; password: false; scrollable: false; actions: [AccessibilityAction: ACTION_FOCUS - null, AccessibilityAction: ACTION_SELECT - null, AccessibilityAction: ACTION_CLEAR_SELECTION - null, AccessibilityAction: ACTION_CLICK - null, AccessibilityAction: ACTION_ACCESSIBILITY_FOCUS - null]
07-06 00:53:41.445 W/QueryController(14980): AccessibilityNodeInfo returned a null child (1 of 2)
07-06 00:53:41.466 I/TVMW@HsTvSetting( 1234): Trace cmd, data = 0x1058
07-06 00:53:41.466 D/til@system( 2026): til_get_system_param option:100002F int:0, bool:0, ret:0
07-06 00:53:41.466 I/TVMW@HsTvSetting( 1234): Trace cmd, data = 0x101f
07-06 00:53:41.466 D/til@system( 2026): til_get_system_param option:100001D int:3, bool:3, ret:0
07-06 00:53:41.466 E/til     ( 2026): [til_get_current_input_source, 101] 
07-06 00:53:41.467 I/TVMW@HsTvSetting( 1234): Trace cmd, data = 0x7007
07-06 00:53:41.467 I/tilwrapper@sm( 2026): HS2TIL_SourceType *hs=0xd, *til=0x900
07-06 00:53:41.467 D/til     ( 2026): get current source 2304
07-06 00:53:41.467 D/SourceRemoteServiceHandler( 2026): getCurrentInputSource.from.til.result is 0, value is 2304
07-06 00:53:41.467 D/SourceRemoteServiceHandler( 2026): getInputSourceType source: 0x900, type=2304
07-06 00:53:41.467 D/til     ( 2026): ###### func:til_get_picture_param option:0x3000006 ######  
07-06 00:53:41.467 I/TVMW@HsTvSetting( 1234): Trace cmd, data = 0x1003
07-06 00:53:41.467 I/TVMW@HsTvSetting( 1234): Trace cmd, data = 0x8032
07-06 00:53:41.467 I/hstvos  ( 1216): [0m[1;33m[HSHAL][HS_VIDEO][HS_HAL_Video_SetOsdDetect_v2][2389]u16Threshold = 20
07-06 00:53:41.468 I/MiSysSrv( 1214): Not support now! 42, change to mm_video!!!
07-06 00:53:41.468 E/TVMW@videoctrl( 1234):  getOsd is 1
07-06 00:53:41.468 D/til@system( 2026): til_get_system_param option:1000027 int:1, bool:1, ret:0
07-06 00:53:41.468 D/til     ( 2026): ###### func:til_get_picture_param option:0x3000045 ######  
07-06 00:53:41.468 I/TVMW@HsTvSetting( 1234): Trace cmd, data = 0x300c
07-06 00:53:41.468 I/TVMW@HsTvSetting( 1234): Trace 3d, data = 0x300c
07-06 00:53:41.468 I/TVMW@3d ( 1234): Hs_debug3d_trace: func:get3dStatus, line:109
07-06 00:53:41.469 I/MiSysSrv( 1214): [37m[INFO] Change to Voltage: 117 mv (0x32)[m
07-06 00:53:41.476 I/MyFragmentStateAdapter(15015): getCount
07-06 00:53:41.481 I/System.out(15015): <TVAPI> DEBUG(id=1, manInfo, response_time = 82ms): data = {"code":"N000000","json":{},"uuid":"MjAxNTEyMjgxNjU2MTk1NzJNa0NISmZXYjExMjA5"}
07-06 00:53:41.485 D/PlayerSDK/data/FetchUuidJob(15015): [TID 15046] mManInfoCallback onSuccess: maininfo=com.qiyi.tvapi.tv2.result.ApiResultManInfo@f89ef3f
07-06 00:53:41.485 D/PlayerSDK/data/FetchUuidJob(15015): [TID 15046] mManInfoCallback result: u=MjAxNTEyMjgxNjU2MTk1NzJNa0NISmZXYjExMjA5, json={}
07-06 00:53:41.485 D/PlayerSDK/data/FetchUuidJob(15015): [TID 15046] mManInfoCallback result: eU=MjAxNTEyMjgxNjU2MTk1NzJNa0NISmZXYjExMjA5
07-06 00:53:41.485 D/PlayerSDK/data/FetchUuidJob(15015): [TID 15046] mManInfoCallback: fectch id success, use it.
07-06 00:53:41.487 D/PlayerSDK/data/FetchUuidJob(15015): [TID 15046] mManInfoCallback result: parterId=null
07-06 00:53:41.488 D/PlayerSDK/data/FetchUuidJob@1e4d145a(15015): [TID 15046] notifyJobSuccess() Job[PlayerSDK/data/FetchUuidJob@1e4d145a](mState=0, mData=Object777666572, mError=null)
07-06 00:53:41.488 D/PlayerSDK/data/FetchUuidJob(15015): [TID 15046] <<<fetchKeyInfo
07-06 00:53:41.488 D/PlayerSDK/data/FetchUuidJob@1e4d145a(15015): [TID 15046] notifyJobSuccess() Job[PlayerSDK/data/FetchUuidJob@1e4d145a](mState=2, mData=Object777666572, mError=null)
07-06 00:53:41.488 D/PlayerSdk/PlayerSdkProject(15015): [TID 15046] createRegisterKeyForTvapi(context=com.hisense.hicloud.edca.BaseApplication@2adbac5c)
07-06 00:53:41.489 D/Player/Lib/Utils/SysUtils(15015): [TID 15046] getMacAddr() returnsa8:a6:48:18:fc:a8
07-06 00:53:41.489 I/System.out(15015): <TVAPI> ERROR(Check MacAddress): mac address is 
07-06 00:53:41.492 D/PlayerSdk/PlayerSdkProject(15015): [TID 15046] initTVApi platformType:HAIXIN, defaultUserId:tv_69b1ef544cadbb86e8f28950ece1c76a, domainName:ptqy.gitv.tv
07-06 00:53:41.492 D/PlayerSdk/PlayerSdkProject(15015): [TID 15046] << beginInitialize: consume 625 ms
07-06 00:53:41.492 D/Player/PluginProvider@32a884fd(15015): [TID 15046] << setupSdkFeature: mSdkFeature=com.qiyi.video.plugin.j@11391d55
07-06 00:53:41.492 W/PluginProviderBuilder(15015): createPluginProviderInstance() return com.qiyi.video.plugin.PluginProvider@32a884fd
07-06 00:53:41.492 W/PluginDebugUtils(15015): needThrowable<<(key=lastFailed)
07-06 00:53:41.492 W/PluginDebugUtils(15015): needThrowable() returns false
07-06 00:53:41.492 W/PluginHelper(15015): loadProvider>>() return com.qiyi.video.plugin.PluginProvider@32a884fd
07-06 00:53:41.492 W/StorageManager(15015): savePluginInfo<<(info=PluginInfo(id=pluginplayer, versionName=1.64.0.59984, className=com.qiyi.video.plugin.PluginProvider, path=/data/data/com.hisense.hicloud.edca/files/plugin/2.1.0.59986/pluginplayer/1.64.0.59984/pluginplayer-release-1.64.0.59984.apk, libFolder=/data/data/com.hisense.hicloud.edca/files/plugin/2.1.0.59986/pluginplayer/1.64.0.59984/pluginplayer-release-1.64.0.59984-libs, containSo=true, soFileCount=18, errorCount=0, lastLoadSuccess=true))
07-06 00:53:41.492 W/StorageManager(15015): isMultiProcessPlugin<<()  pluginplayer
07-06 00:53:41.492 W/StorageManager(15015): isMultiProcessPlugin>>() return false
07-06 00:53:41.492 W/StorageStub@193d3924(15015): loadPluginInfos<<(pluginId=pluginplayer, needRemoveDumy=false)
07-06 00:53:41.492 W/PluginInfo(15015): getListFromJson<<(json=null)
07-06 00:53:41.492 W/StorageStub@193d3924(15015): loadPluginInfos>>() return null
07-06 00:53:41.492 W/StorageManager(15015): findPluginInfo<<(list=[], version=1.64.0.59984)
07-06 00:53:41.492 W/StorageManager(15015): findPluginInfo>>() return null
07-06 00:53:41.493 W/StorageStub@193d3924(15015): savePluginInfos<<(pluginId=pluginplayer, list=[PluginInfo(id=pluginplayer, versionName=1.64.0.59984, className=com.qiyi.video.plugin.PluginProvider, path=/data/data/com.hisense.hicloud.edca/files/plugin/2.1.0.59986/pluginplayer/1.64.0.59984/pluginplayer-release-1.64.0.59984.apk, libFolder=/data/data/com.hisense.hicloud.edca/files/plugin/2.1.0.59986/pluginplayer/1.64.0.59984/pluginplayer-release-1.64.0.59984-libs, containSo=true, soFileCount=18, errorCount=0, lastLoadSuccess=true)])
07-06 00:53:41.493 W/PluginInfo(15015): getJsonFromList<<(list=[PluginInfo(id=pluginplayer, versionName=1.64.0.59984, className=com.qiyi.video.plugin.PluginProvider, path=/data/data/com.hisense.hicloud.edca/files/plugin/2.1.0.59986/pluginplayer/1.64.0.59984/pluginplayer-release-1.64.0.59984.apk, libFolder=/data/data/com.hisense.hicloud.edca/files/plugin/2.1.0.59986/pluginplayer/1.64.0.59984/pluginplayer-release-1.64.0.59984-libs, containSo=true, soFileCount=18, errorCount=0, lastLoadSuccess=true)])
07-06 00:53:41.493 W/PluginInfo(15015): toJson>>() return {"plugin_id":"pluginplayer","plugin_versionname":"1.64.0.59984","plugin_class_name":"com.qiyi.video.plugin.PluginProvider","plugin_path":"\/data\/data\/com.hisense.hicloud.edca\/files\/plugin\/2.1.0.59986\/pluginplayer\/1.64.0.59984\/pluginplayer-release-1.64.0.59984.apk","plugin_lib_folder":"\/data\/data\/com.hisense.hicloud.edca\/files\/plugin\/2.1.0.59986\/pluginplayer\/1.64.0.59984\/pluginplayer-release-1.64.0.59984-libs","contain_so":true,"so_count":18,"load_error_count":0,"load_success":true}
07-06 00:53:41.493 W/PluginInfo(15015): getJsonFromList>>() return [{"plugin_id":"pluginplayer","plugin_versionname":"1.64.0.59984","plugin_class_name":"com.qiyi.video.plugin.PluginProvider","plugin_path":"\/data\/data\/com.hisense.hicloud.edca\/files\/plugin\/2.1.0.59986\/pluginplayer\/1.64.0.59984\/pluginplayer-release-1.64.0.59984.apk","plugin_lib_folder":"\/data\/data\/com.hisense.hicloud.edca\/files\/plugin\/2.1.0.59986\/pluginplayer\/1.64.0.59984\/pluginplayer-release-1.64.0.59984-libs","contain_so":true,"so_count":18,"load_error_count":0,"load_success":true}]
07-06 00:53:41.496 W/StorageStub@193d3924(15015): savePluginInfos>>()
07-06 00:53:41.496 W/StorageManager(15015): savePluginInfo>>()
07-06 00:53:41.496 W/PluginHelper(15015): loadAssetsProvider>>() return com.qiyi.video.plugin.PluginProvider@32a884fd
07-06 00:53:41.497 W/PluginHelper(15015): addProviders<<(provider=com.qiyi.video.plugin.PluginProvider@32a884fd)
07-06 00:53:41.497 W/PluginHelper(15015): addProviders>>()
07-06 00:53:41.509 W/PluginHelper(15015): handleMessage<<(msg={ when=-4ms what=1 target=com.qiyi.sdk.plugin.server.core.PluginHelper$TimerHandler })
07-06 00:53:41.509 W/StorageManager(15015): loadLastUpgradeTime<<()
07-06 00:53:41.509 W/StorageStub@193d3924(15015): loadLastUpgradeTime<<()
07-06 00:53:41.509 W/StorageStub@193d3924(15015): loadLastUpgradeTime>>() return 0
07-06 00:53:41.509 W/StorageManager(15015): loadLastUpgradeTime>>()
07-06 00:53:41.510 W/PluginDebugUtils(15015): needDebug<<(key=upgradeIntervalDebug)
07-06 00:53:41.510 W/PluginDebugUtils(15015): needDebug() returns false
07-06 00:53:41.510 W/PluginPropertyConfig(15015): getUpgradeInterval() return 86400000
07-06 00:53:41.510 W/PluginPropertyConfig(15015): autoUpgrade() return true
07-06 00:53:41.510 W/PluginHelper(15015): handleMessage...(realInterval=1499273621509, minInterval=86400000, autoUpgrade=true)
07-06 00:53:41.510 W/PluginHelper(15015): allProvidersCanBeUpgrade<<()
07-06 00:53:41.510 W/PluginHelper(15015): getProvider<<(pluginId=pluginplayer)
07-06 00:53:41.510 W/PluginHelper(15015): getProvider>>() return com.qiyi.video.plugin.PluginProvider@32a884fd
07-06 00:53:41.510 W/PluginHelper(15015): allProvidersCanBeUpgrade...() provider=com.qiyi.video.plugin.PluginProvider@32a884fd, canBeUpgrade=true
07-06 00:53:41.510 W/PluginHelper(15015): allProvidersCanBeUpgrade>>() return true
07-06 00:53:41.510 W/PluginHelper(15015): checkAllUpgrade<<()
07-06 00:53:41.510 W/PluginHelper(15015): getProvidersVersionInfo<<()
07-06 00:53:41.511 W/PluginHelper(15015): getProvider<<(pluginId=pluginplayer)
07-06 00:53:41.511 W/PluginHelper(15015): getProvider>>() return com.qiyi.video.plugin.PluginProvider@32a884fd
07-06 00:53:41.511 D/Version (15015): [TID 15047] getVersionName: 1.64.0.59984
07-06 00:53:41.511 W/PluginHelper(15015): getProvidersVersionInfo>>() return {pluginplayer=1.64.0.59984}
07-06 00:53:41.511 W/UpgradeManager(15015): checkUpgrades<<(requestInfos={pluginplayer=1.64.0.59984})
07-06 00:53:41.512 I/System.out(15015): <TVAPI> DEBUG(isUpdateData): isUpdateData=moduleUpdate-true
07-06 00:53:41.513 I/System.out(15015): <TVAPI> DEBUG(TVApiProperty): read passport-device-id=tv_69b1ef544cadbb86e8f28950ece1c76a_1167652938875
07-06 00:53:41.513 I/System.out(15015): <TVAPI> DEBUG(TVApiProcessor): preprocessor-device-check
07-06 00:53:41.514 I/System.out(15015): <TVAPI> DEBUG(isUpdateData): isUpdateData=devRegister-true
07-06 00:53:41.514 I/System.out(15015): <TVAPI> DEBUG(TVAPI): uuid=20151228165619572MkCHJfWb11209
07-06 00:53:41.514 I/System.out(15015): <TVAPI> DEBUG(TVAPI): version=2.1.0.59986
07-06 00:53:41.514 I/System.out(15015): <TVAPI> DEBUG(TVApiProperty): read passport-device-id=tv_69b1ef544cadbb86e8f28950ece1c76a_1167652938875
07-06 00:53:41.514 I/System.out(15015): <TVAPI> DEBUG(id=4, systemTime): url = http://pdata.video.ptqy.gitv.tv/k
07-06 00:53:41.515 I/System.out(15015): D/(plugin_check_upgrade_thread, CommonApi-systemTime): url=http://pdata.video.ptqy.gitv.tv/k
07-06 00:53:41.516 W/System.err(15015): java.lang.Exception: load local histroy info null
07-06 00:53:41.516 W/System.err(15015): 	at com.qiyi.sdk.plugin.server.core.PluginHelper.loadLocalProvider(SourceFile:202)
07-06 00:53:41.516 W/System.err(15015): 	at com.qiyi.sdk.plugin.server.core.PluginHelper.loadProvider(SourceFile:151)
07-06 00:53:41.517 W/System.err(15015): 	at com.qiyi.sdk.plugin.server.PluginManager.loadFeature(SourceFile:81)
07-06 00:53:41.517 W/System.err(15015): 	at com.qiyi.sdk.player.a.a(SourceFile:3101)
07-06 00:53:41.517 W/System.err(15015): 	at com.qiyi.sdk.player.a$a.run(SourceFile:132)
07-06 00:53:41.517 W/System.err(15015): 	at android.os.Handler.handleCallback(Handler.java:739)
07-06 00:53:41.517 W/System.err(15015): 	at android.os.Handler.dispatchMessage(Handler.java:95)
07-06 00:53:41.517 W/System.err(15015): 	at android.os.Looper.loop(Looper.java:135)
07-06 00:53:41.517 W/System.err(15015): 	at android.os.HandlerThread.run(HandlerThread.java:61)
07-06 00:53:41.517 W/PluginHelper(15015): loadProvider>>() return Result(code=1, data=com.qiyi.video.plugin.PluginProvider@32a884fd, exception=[LoadProviderException(type=loadLocal, throwable=java.lang.Exception: load local histroy info null)], period=1)
07-06 00:53:41.517 W/AbsPluginProvider(15015): getFeature<<(featureType=2)
07-06 00:53:41.517 D/Player/PluginProvider@32a884fd(15015): [TID 15046] getFeatures: mFeatures=[com.qiyi.video.plugin.j@11391d55]
07-06 00:53:41.517 W/AbsPluginProvider(15015): getFeature>>() return com.qiyi.video.plugin.j@11391d55
07-06 00:53:41.517 W/System.err(15015): java.lang.Exception: load local histroy info null
07-06 00:53:41.517 W/System.err(15015): 	at com.qiyi.sdk.plugin.server.core.PluginHelper.loadLocalProvider(SourceFile:202)
07-06 00:53:41.517 W/System.err(15015): 	at com.qiyi.sdk.plugin.server.core.PluginHelper.loadProvider(SourceFile:151)
07-06 00:53:41.518 W/System.err(15015): 	at com.qiyi.sdk.plugin.server.PluginManager.loadFeature(SourceFile:81)
07-06 00:53:41.518 W/System.err(15015): 	at com.qiyi.sdk.player.a.a(SourceFile:3101)
07-06 00:53:41.518 W/System.err(15015): 	at com.qiyi.sdk.player.a$a.run(SourceFile:132)
07-06 00:53:41.518 W/System.err(15015): 	at android.os.Handler.handleCallback(Handler.java:739)
07-06 00:53:41.518 W/System.err(15015): 	at android.os.Handler.dispatchMessage(Handler.java:95)
07-06 00:53:41.518 W/System.err(15015): 	at android.os.Looper.loop(Looper.java:135)
07-06 00:53:41.518 W/System.err(15015): 	at android.os.HandlerThread.run(HandlerThread.java:61)
07-06 00:53:41.518 W/PluginManager(15015): loadFeature>>() return Result(code=1, data=com.qiyi.video.plugin.j@11391d55, exception=[LoadProviderException(type=loadLocal, throwable=java.lang.Exception: load local histroy info null)], period=1)
07-06 00:53:41.518 D/PlayerSdk/PlayerSdkProject(15015): [TID 15046] initialize(Parameter@1c046c51{mDelayedMilliSec=0, mCustomerAppVersion=3.0.0.9.00, mDeviceId=a8:a6:48:18:fc:a8, mDeviceInfo=vidaa3, mShowAdCountDown=true, mCDNDispathParam=null, mAdsHintNameMap={1001=, 2001=, 3001=}})
07-06 00:53:41.519 D/PlayerSdk/PlayerSdkProject(15015): [TID 15046] >> finishInitialize
07-06 00:53:41.519 I/System.out(15015): <TVAPI> DEBUG(id=3, devRegister): url = http://data2.itv.ptqy.gitv.tv/itv/devRegister/OGFjZjgxODQ2YThhLzIwMTUxMjI4MTY1NjE5NTcyTWtDSEpmV2IxMTIwOS8yLjEuMC41OTk4Ng/39467112fe7be1432adcf86e152f4899
07-06 00:53:41.520 I/System.out(15015): <TVAPI> DEBUG(id=3, devRegister): header = qyid:tv_69b1ef544cadbb86e8f28950ece1c76a_1167652938875
07-06 00:53:41.520 I/System.out(15015): <TVAPI> DEBUG(id=3, devRegister): header = ov:5.1.1
07-06 00:53:41.520 I/System.out(15015): <TVAPI> DEBUG(id=3, devRegister): header = apkVer:2.1.0.59986
07-06 00:53:41.533 V/LogRecord/LogManager(15015): isLogRegister = false isMultiProcess = false isSecondProcess = false
07-06 00:53:41.535 V/LogRecord/LogManager(15015): setFeedBackComplete = true
07-06 00:53:41.536 W/QueryController(14980): AccessibilityNodeInfo returned a null child (0 of 1)
07-06 00:53:41.536 W/QueryController(14980): parent = android.view.accessibility.AccessibilityNodeInfo@800262fd; boundsInParent: Rect(0, 0 - 400, 38); boundsInScreen: Rect(308, 1033 - 708, 1071); packageName: com.hisense.hicloud.edca; className: android.widget.RelativeLayout; text: null; error: null; maxTextLength: -1; contentDescription: null; viewIdResName: null; checkable: false; checked: false; focusable: false; focused: false; selected: false; clickable: false; longClickable: false; enabled: true; password: false; scrollable: false; actions: [AccessibilityAction: ACTION_SELECT - null, AccessibilityAction: ACTION_CLEAR_SELECTION - null, AccessibilityAction: ACTION_ACCESSIBILITY_FOCUS - null]
07-06 00:53:41.541 I/art     (15015): Background sticky concurrent mark sweep GC freed 5252(431KB) AllocSpace objects, 2(32KB) LOS objects, 0% free, 37MB/37MB, paused 9.401ms total 57.883ms
07-06 00:53:41.551 V/LogRecord/LogcatController(15015): logcatQueueType is = CIRCULAR
07-06 00:53:41.552 V/LogRecord/QueueFactory(15015): QueueManage , iqiyilogqueuetype = CIRCULAR
07-06 00:53:41.559 V/LogRecord/LogcatController(15015): LogcatController mQueueExcutor init()
07-06 00:53:41.559 V/LogRecord/CircularQueueExcutor(15015): CircularQueueExcutor init()
07-06 00:53:41.559 V/LogRecord/LogManager(15015): isSecondProcess = false
07-06 00:53:41.566 I/System.out(15015): <TVAPI> DEBUG(System Time): 1499273621
07-06 00:53:41.566 I/System.out(15015): <TVAPI> DEBUG(id=4, systemTime, response_time = 52ms): data = {"t":"1499273621","m":"3d7da9785705f44e04699c07708bda89ee44c50ce708393e","u":"3d7da9785705f44ea8b771c23ef1a611cd209a1d88b78425","i":"220.181.109.33","k":"3d7da9785705f44e0ca308c15107479c9db42e51cb91c539"}
07-06 00:53:41.568 V/LogRecord/ServiceHelper(15015): LogcatRecordingService is not running 
07-06 00:53:41.568 V/LogRercord/IqiyiLogController(15015): iqiyiQueueType is = CIRCULAR
07-06 00:53:41.568 V/LogRecord/QueueFactory(15015): QueueManage , iqiyilogqueuetype = CIRCULAR
07-06 00:53:41.569 V/LogRercord/IqiyiLogController(15015): IqiyiLogController mQueueExcutor init()
07-06 00:53:41.569 V/LogRecord/CircularQueueExcutor(15015): CircularQueueExcutor init()
07-06 00:53:41.569 V/LogRecord/FileHelper(15015): clearFileDir
07-06 00:53:41.580 W/QueryController(14980): AccessibilityNodeInfo returned a null child (0 of 2)
07-06 00:53:41.581 W/QueryController(14980): parent = android.view.accessibility.AccessibilityNodeInfo@8001eadd; boundsInParent: Rect(0, 0 - 430, 279); boundsInScreen: Rect(1553, 792 - 1920, 1071); packageName: com.hisense.hicloud.edca; className: android.widget.RelativeLayout; text: null; error: null; maxTextLength: -1; contentDescription: null; viewIdResName: null; checkable: false; checked: false; focusable: true; focused: false; selected: false; clickable: true; longClickable: false; enabled: true; password: false; scrollable: false; actions: [AccessibilityAction: ACTION_FOCUS - null, AccessibilityAction: ACTION_SELECT - null, AccessibilityAction: ACTION_CLEAR_SELECTION - null, AccessibilityAction: ACTION_CLICK - null, AccessibilityAction: ACTION_ACCESSIBILITY_FOCUS - null]
07-06 00:53:41.587 V/LogRecord/FileHelper(15015): /data/data/com.hisense.hicloud.edca/cache/qylogrecord
07-06 00:53:41.595 D/WebcastSDK-HiCloudSourcePlugin(15015): getContext(): com.hisense.hicloud.edca.BaseApplication@2adbac5c mWebcastManager: com.hisense.webcastSDK.WebcastManager@31fb7c36
07-06 00:53:41.595 D/WebcastSDK-(15015): activity == null.
07-06 00:53:41.609 V/PackageManager( 1733): getPackageInfo com.hisense.hicloud.edca: Package{3fb3f3a1 com.hisense.hicloud.edca}
07-06 00:53:41.619 D/NetworkManager(15015): [TID 15015] onReceive: intent=Intent { act=android.net.conn.CONNECTIVITY_CHANGE flg=0x10 (has extras) }, extra=Bundle[mParcelledData.dataSize=380]
07-06 00:53:41.619 D/NetworkManager(15015): [TID 15015] action=android.net.conn.CONNECTIVITY_CHANGE
07-06 00:53:41.620 I/WebcastSDK-(15015): getAppVersionName(), versionName = 3.0.0.9.00
07-06 00:53:41.621 W/QueryController(14980): AccessibilityNodeInfo returned a null child (1 of 2)
07-06 00:53:41.623 I/TVMW@devctrl( 1234): wdt
07-06 00:53:41.625 I/System.out(15015): <TVAPI> DEBUG(id=3, devRegister, response_time = 77ms): data = {"msg":"","code":"N000000","data":{"apiKey":"9e14d341281067d05d771f41454858c0","authId":1210,"flag":"","hide":"qiyicom","ip":"219.147.31.2","ipLoc":"1-48-3-6-6001-0-26","ipZh":"-----None-","kv":[{"hcdn":"hCDN"},{"homepageHot":""},{"homepageNew":""},{"ruleCode":"http://static.ptqy.gitv.tv/js/tv/app/getPlayerConfig.js","playerConfig":""},{"isShowExitAppDialog":"apk"}],"loading":"","loginTunnel":0,"resIds":[{"id":201221412,"seq":1},{"id":201713612,"seq":2},{"id":201757412,"seq":3}],"sysTime":1499270302,"tab":[],"tip":"","upgradeType":-1,"url":"","version":""}}
07-06 00:53:41.626 I/System.out(15015): <TVAPI> DEBUG(TVApiProcessor): replace url is http://data2.itv.ptqy.gitv.tv/itv/moduleUpdate/1210/2.1.0.59986?p=%7B%22chipVer%22%3A%22%22%2C%22ip%22%3A%22%22%2C%22mac%22%3A%22a8%3Aa6%3A48%3A18%3Afc%3Aa8%22%2C%22mem%22%3A%22%22%2C%22osVer%22%3A22%2C%22platModel%22%3A%22VIDAA_TV%22%2C%22pluginplayer%22%3A%221.64.0.59984%22%2C%22prodModel%22%3A%22VIDAA_TV%22%7D
07-06 00:53:41.626 I/System.out(15015): <TVAPI> DEBUG(id=2, moduleUpdate): url = http://data2.itv.ptqy.gitv.tv/itv/moduleUpdate/1210/2.1.0.59986?p=%7B%22chipVer%22%3A%22%22%2C%22ip%22%3A%22%22%2C%22mac%22%3A%22a8%3Aa6%3A48%3A18%3Afc%3Aa8%22%2C%22mem%22%3A%22%22%2C%22osVer%22%3A22%2C%22platModel%22%3A%22VIDAA_TV%22%2C%22pluginplayer%22%3A%221.64.0.59984%22%2C%22prodModel%22%3A%22VIDAA_TV%22%7D
07-06 00:53:41.626 I/System.out(15015): <TVAPI> DEBUG(id=2, moduleUpdate): header = qyid:tv_69b1ef544cadbb86e8f28950ece1c76a_1167652938875
07-06 00:53:41.626 I/System.out(15015): <TVAPI> DEBUG(id=2, moduleUpdate): header = ov:5.1.1
07-06 00:53:41.626 I/System.out(15015): <TVAPI> DEBUG(id=2, moduleUpdate): header = apkVer:2.1.0.59986
07-06 00:53:41.626 I/System.out(15015): <TVAPI> DEBUG(id=2, moduleUpdate): header = apiKey:9e14d341281067d05d771f41454858c0
07-06 00:53:41.631 D/NetworkManager(15015): [TID 15015] getRealState: activeNetInfo={[type: Ethernet[], state: CONNECTED/CONNECTED, reason: (unspecified), extra: a8:a6:48:18:fc:a8, roaming: false, failover: false, isAvailable: true, isConnectedToProvisioningNetwork: false]}, isConnected=true
07-06 00:53:41.631 D/NetworkManager(15015): [TID 15015] onNetStateChanged(2)
07-06 00:53:41.638 D/NetworkManager(15015): [TID 15151] >> getRequestTask(http://www.baidu.com)
07-06 00:53:41.642 D/Player/Lib/Utils/PlayerDebugUtils(15015): [TID 15046] initialize, allowDebug: false
07-06 00:53:41.657 I/CurrentCarouselView(15015): real play
07-06 00:53:41.661 I/MyFragmentStateAdapter(15015): getCount
07-06 00:53:41.666 I/art     (15015): Background partial concurrent mark sweep GC freed 24314(1675KB) AllocSpace objects, 7(1946KB) LOS objects, 10% free, 34MB/38MB, paused 6.741ms total 119.623ms
07-06 00:53:41.667 D/NetworkManager(15015): [TID 15151] getRequestTask(http://www.baidu.com): current pool size=2, queue=[]
07-06 00:53:41.667 D/NetworkManager(15015): [TID 15151] getRequestTask(http://www.baidu.com): submitted task={java.util.concurrent.FutureTask@1d56e828, 22463209}
07-06 00:53:41.667 D/NetworkManager(15015): [TID 15151] << getRequestTask(http://www.baidu.com): returned task=java.util.concurrent.FutureTask@1d56e828
07-06 00:53:41.669 I/MiSysSrv( 1214): [37m[INFO] Change to Voltage: 117 mv (0x32)[m
07-06 00:53:41.669 D/NetworkManager(15015): [TID 15153] >> request(http://www.baidu.com, 22463209)
07-06 00:53:41.671 D/NetworkManager(15015): [TID 15153] request(http://www.baidu.com, 22463209): openConnection
07-06 00:53:41.672 D/Player/Player/NativePlayerUtils(15015): [TID 15046] >>checkNativePath
07-06 00:53:41.672 D/Player/Player/NativePlayerUtils(15015): [TID 15046] <<checkNativePath ret=/mnt/sdcard/qcache
07-06 00:53:41.673 D/Player/Player/NativePlayerUtils(15015): [TID 15046] >> loadWhiteListSync()
07-06 00:53:41.675 D/Player/Player/NativePlayerUtils(15015): [TID 15046] isWhiteListLoaded() return false
07-06 00:53:41.676 D/Player/Player/NativePlayerUtils(15015): [TID 15046] loadWhiteListSync(), so Path is /data/data/com.hisense.hicloud.edca/files/plugin/2.1.0.59986/pluginplayer/1.64.0.59984/pluginplayer-release-1.64.0.59984-libs/libiqiyi_media_player_whitelist.so,domian is ptqy.gitv.tv, current tried times is 0
07-06 00:53:41.679 D/NativeDecimalFormat(15015): NativeDecimalFormat_close print addr=3752227072
07-06 00:53:41.679 D/NativeDecimalFormat(15015): NativeDecimalFormat_close print g_addr=3752227072
07-06 00:53:41.681 I/CLog    (15015): JNI_OnLoad->(cpuinfos) success!!
07-06 00:53:41.682 D/Player/Player/NativePlayerUtils(15015): [TID 15046] loadWhiteListSync(), wait load finished
07-06 00:53:41.684 D/CLog    (15015): cpuinfo_len is (370):
07-06 00:53:41.684 D/CLog    (15015): Processor	: AArch64 Processor rev 3 (aarch64)
07-06 00:53:41.684 D/CLog    (15015): processor	: 0
07-06 00:53:41.684 D/CLog    (15015): processor	: 1
07-06 00:53:41.684 D/CLog    (15015): processor	: 2
07-06 00:53:41.684 D/CLog    (15015): processor	: 3
07-06 00:53:41.684 D/CLog    (15015): Features	: fp asimd aes pmull sha1 sha2 crc32 wp half thumb fastmult vfp edsp neon vfpv3 tlsi vfpv4 idiva idivt 
07-06 00:53:41.684 D/CLog    (15015): CPU implementer	: 0x41
07-06 00:53:41.684 D/CLog    (15015): CPU architecture: 8
07-06 00:53:41.684 D/CLog    (15015): CPU variant	: 0x0
07-06 00:53:41.684 D/CLog    (15015): CPU part	: 0xd03
07-06 00:53:41.684 D/CLog    (15015): CPU revision	: 3
07-06 00:53:41.684 D/CLog    (15015): 
07-06 00:53:41.684 D/CLog    (15015): Hardware	: Muji
07-06 00:53:41.684 D/CLog    (15015): Revision	: 0000
07-06 00:53:41.684 D/CLog    (15015): Serial		: 0000000000000000
07-06 00:53:41.684 D/CLog    (15015): 
07-06 00:53:41.684 D/CLog    (15015): cpuinfo hardware is Muji
07-06 00:53:41.685 D/TVWhiteList(15015): requested URL key = tv-{model-[VIDAA_TV]|cpuinfo-[Muji]}, default = tv-{cpuinfo-[Muji]}, productname-[VIDAA_TV]
07-06 00:53:41.685 D/TVWhiteList(15015): requested URL = http://puma.api.ptqy.gitv.tv/kestrel/fetch?key=tv-%7Bmodel-%5BVIDAA_TV%5D%7Ccpuinfo-%5BMuji%5D%7D&default_key=tv-%7Bcpuinfo-%5BMuji%5D%7D
07-06 00:53:41.687 D/TVWhiteList(15015): WhiteList server IP: 101.227.32.28
07-06 00:53:41.699 D/Carousel-CarouselView(15015): clearPosterAndPlay! hashCode=261738835, sWorkingHashCode=0
07-06 00:53:41.699 D/Carousel-CarouselView(15015): mListView.getAdapter()=com.hisense.hitv.carouselwidgit.view.adapter.CarouselInfoListAdapter@2fad3941
07-06 00:53:41.699 D/Carousel-CarouselView(15015): Last playing position:-1
07-06 00:53:41.699 D/Carousel-CarouselView(15015): position=1
07-06 00:53:41.699 D/Carousel-CarouselView(15015): Last play position:1,size:3
07-06 00:53:41.703 D/AudioSystem(15015): Setting global gAudioPortCallback On refCnt: 1
07-06 00:53:41.712 D/Carousel-CarouselListView(15015): onItemClick position:1,view:null
07-06 00:53:41.712 D/Carousel-CarouselListView(15015): last play position:1,cur:1
07-06 00:53:41.713 D/Carousel-CarouselView(15015): onListItemClick view=null,position=1
07-06 00:53:41.714 W/System.err(15015): com.qiyi.video.api.ApiException
07-06 00:53:41.715 W/System.err(15015): 	at com.qiyi.tvapi.tv2.a$3.onSuccess(SourceFile:204)
07-06 00:53:41.715 W/System.err(15015): 	at com.qiyi.video.api.a.d.b(SourceFile:105)
07-06 00:53:41.715 W/System.err(15015): 	at com.qiyi.video.api.a.d.a(SourceFile:129)
07-06 00:53:41.715 W/System.err(15015): 	at com.qiyi.tvapi.tv2.a$1.a(SourceFile:102)
07-06 00:53:41.715 W/System.err(15015): 	at com.qiyi.tvapi.tv2.b.c.a(SourceFile:155)
07-06 00:53:41.716 W/System.err(15015): 	at com.qiyi.tvapi.tv2.a.a(SourceFile:95)
07-06 00:53:41.716 W/System.err(15015): 	at com.qiyi.tvapi.tv2.a.callSync(SourceFile:54)
07-06 00:53:41.716 W/System.err(15015): 	at com.qiyi.sdk.plugin.server.upgrade.UpgradeManager.checkUpgrades(SourceFile:60)
07-06 00:53:41.716 W/System.err(15015): 	at com.qiyi.sdk.plugin.server.core.PluginHelper$TimerHandler.checkAllUpgrade(SourceFile:362)
07-06 00:53:41.716 W/System.err(15015): 	at com.qiyi.sdk.plugin.server.core.PluginHelper$TimerHandler.handleMessage(SourceFile:339)
07-06 00:53:41.716 W/System.err(15015): 	at android.os.Handler.dispatchMessage(Handler.java:102)
07-06 00:53:41.716 W/System.err(15015): 	at android.os.Looper.loop(Looper.java:135)
07-06 00:53:41.716 W/System.err(15015): 	at android.os.HandlerThread.run(HandlerThread.java:61)
07-06 00:53:41.716 W/UpgradeManager(15015): moduleUpdate() onException!! exception=com.qiyi.video.api.ApiException
07-06 00:53:41.716 I/System.out(15015): <TVAPI> ERROR(id=2, moduleUpdate, response_time = 201ms): call error. data = {"msg":"\nE000012","code":"E000012","data":[]}
07-06 00:53:41.716 W/System.err(15015): com.qiyi.video.api.ApiException
07-06 00:53:41.716 W/System.err(15015): 	at com.qiyi.tvapi.tv2.a$3.onSuccess(SourceFile:204)
07-06 00:53:41.716 W/System.err(15015): 	at com.qiyi.video.api.a.d.b(SourceFile:105)
07-06 00:53:41.716 W/System.err(15015): 	at com.qiyi.video.api.a.d.a(SourceFile:129)
07-06 00:53:41.716 W/System.err(15015): 	at com.qiyi.tvapi.tv2.a$1.a(SourceFile:102)
07-06 00:53:41.716 W/System.err(15015): 	at com.qiyi.tvapi.tv2.b.c.a(SourceFile:155)
07-06 00:53:41.716 W/System.err(15015): 	at com.qiyi.tvapi.tv2.a.a(SourceFile:95)
07-06 00:53:41.716 W/System.err(15015): 	at com.qiyi.tvapi.tv2.a.callSync(SourceFile:54)
07-06 00:53:41.716 W/System.err(15015): 	at com.qiyi.sdk.plugin.server.upgrade.UpgradeManager.checkUpgrades(SourceFile:60)
07-06 00:53:41.716 W/System.err(15015): 	at com.qiyi.sdk.plugin.server.core.PluginHelper$TimerHandler.checkAllUpgrade(SourceFile:362)
07-06 00:53:41.716 W/System.err(15015): 	at com.qiyi.sdk.plugin.server.core.PluginHelper$TimerHandler.handleMessage(SourceFile:339)
07-06 00:53:41.716 W/System.err(15015): 	at android.os.Handler.dispatchMessage(Handler.java:102)
07-06 00:53:41.716 W/System.err(15015): 	at android.os.Looper.loop(Looper.java:135)
07-06 00:53:41.716 W/System.err(15015): 	at android.os.HandlerThread.run(HandlerThread.java:61)
07-06 00:53:41.717 W/PluginHelper(15015): checkAllUpgrade>>() return true
07-06 00:53:41.717 W/StorageManager(15015): loadLastUpgradeTime<<(upgradeTime=1499273621509)
07-06 00:53:41.717 W/StorageStub@193d3924(15015): saveLastUpgradeTime<<(upgradeTime=1499273621509)
07-06 00:53:41.718 E/WebcastSDK-HiCloudSourcePlugin(15015): FetchSystemParameterTask(), res = {"categoryChannelTimeInterval":239000,"timeSynInterval":366000,"ChannelSwitchdefaultPic":"http://download.hismarttv.com/epgdata/LunBoContentPic/149810099740274506.jpg","TencentPlayRoundId":"1","allowUploadLogFile":1,"NoticeShow":1,"resultCode":0}
07-06 00:53:41.719 W/StorageStub@193d3924(15015): saveLastUpgradeTime>>()
07-06 00:53:41.719 W/StorageManager(15015): loadLastUpgradeTime>>()
07-06 00:53:41.719 W/PluginHelper(15015): handleMessage>>()
07-06 00:53:41.719 E/WebcastSDK-EPGDataManager(15015): notifySystemParametersData(), SystemParameterInfo = [ mCategoryInternal = 239000; mServerTimeInternal = 366000; mTencentPlayId = 1; mUploadLogFlag = 1; mSwitchPic = http://download.hismarttv.com/epgdata/LunBoContentPic/149810099740274506.jpg]
07-06 00:53:41.719 D/WebcastSDK-(15015): activity == null.
07-06 00:53:41.719 I/WebcastSDK-EPGDataManager(15015): handleMessage(), sync Server time in [ 366000 ] ms
07-06 00:53:41.719 D/WebcastSDK-(15015): activity == null.
07-06 00:53:41.720 W/QueryController(14980): AccessibilityNodeInfo returned a null child (0 of 1)
07-06 00:53:41.720 W/QueryController(14980): parent = android.view.accessibility.AccessibilityNodeInfo@800262fd; boundsInParent: Rect(0, 0 - 400, 38); boundsInScreen: Rect(308, 1033 - 708, 1071); packageName: com.hisense.hicloud.edca; className: android.widget.RelativeLayout; text: null; error: null; maxTextLength: -1; contentDescription: null; viewIdResName: null; checkable: false; checked: false; focusable: false; focused: false; selected: false; clickable: false; longClickable: false; enabled: true; password: false; scrollable: false; actions: [AccessibilityAction: ACTION_SELECT - null, AccessibilityAction: ACTION_CLEAR_SELECTION - null, AccessibilityAction: ACTION_ACCESSIBILITY_FOCUS - null]
07-06 00:53:41.728 W/QueryController(14980): AccessibilityNodeInfo returned a null child (0 of 2)
07-06 00:53:41.728 W/QueryController(14980): parent = android.view.accessibility.AccessibilityNodeInfo@8001eadd; boundsInParent: Rect(0, 0 - 430, 279); boundsInScreen: Rect(1553, 792 - 1920, 1071); packageName: com.hisense.hicloud.edca; className: android.widget.RelativeLayout; text: null; error: null; maxTextLength: -1; contentDescription: null; viewIdResName: null; checkable: false; checked: false; focusable: true; focused: false; selected: false; clickable: true; longClickable: false; enabled: true; password: false; scrollable: false; actions: [AccessibilityAction: ACTION_FOCUS - null, AccessibilityAction: ACTION_SELECT - null, AccessibilityAction: ACTION_CLEAR_SELECTION - null, AccessibilityAction: ACTION_CLICK - null, AccessibilityAction: ACTION_ACCESSIBILITY_FOCUS - null]
07-06 00:53:41.731 I/TVWhiteList(15015): strRes = {"code":"A00000","default_key":"tv-{cpuinfo-[Muji]}","default_value":"","key":"tv-{model-[VIDAA_TV]|cpuinfo-[Muji]}","value":"[{\"result\": {\"vod_dolby\": -1,\"vod_h265\": -1,\"vod_h264_4k_plus\": -1,\"vod_h264_jisu_2k\": 1,\"livenet_H264_4k_plus\": -1,\"livenet_H264_jisu_2k\": 1,\"livenet_h265\": -1,\"qixiu\": 0,\"highest_bs\": 19,\"lowest_bs\": 1,\"local_server_config\": \"\", \"other\": \"\"}},{\"version\":3005,\"result\": {\"vod_dolby\": -1,\"vod_h265\": -1,\"vod_h264_4k_plus\": -1,\"vod_h264_jisu_2k\": -1,\"livenet_H264_4k_plus\": -1,\"livenet_H264_jisu_2k\": -1,\"livenet_h265\": -1,\"qixiu\": 0,\"highest_bs\": 19,\"lowest_bs\": 1,\"local_server_config\": \"\", \"other\": \"\"}},{\"version\":3008,\"result\": {\"vod_dolby\": -1,\"vod_h265\": -1,\"vod_h264_4k_plus\": -1,\"vod_h264_jisu_2k\": 1,\"livenet_H264_jisu_2k\": 1,\"qixiu\": 0,\"highest_bs\": 19,\"lowest_bs\": 1,\"local_server_config\": \"{\\\"start_mode\\\": 1}\", \"other\": \"\"}}]"}
07-06 00:53:41.732 I/TVWhiteList(15015): use white list version whitev 3000
07-06 00:53:41.732 I/TVWhiteList(15015): use white list version whitev 3005
07-06 00:53:41.732 I/TVWhiteList(15015): use white list version whitev 3008
07-06 00:53:41.734 D/Player/Player/NativePlayerUtils(15015): [TID 15155] loadWhiteListSync(), white list fetched: {"SupportDolby":false,"SupportH265":false,"Support4K":false,"SupportLive":true}
07-06 00:53:41.734 D/Player/Player/NativePlayerUtils(15015): [TID 15155] parseWhiteListJson(jsonString:{"SupportDolby":false,"SupportH265":false,"Support4K":false,"SupportLive":true})
07-06 00:53:41.734 D/Player/Player/NativePlayerUtils(15015): [TID 15155] parseWhiteListJson, normal:true,h265:false,dolby:false,bs4K:false
07-06 00:53:41.734 D/Player/Player/NativePlayerUtils(15015): [TID 15046] << loadWhiteListSync()
07-06 00:53:41.734 D/Player/Lib/Utils/PlayerDebugUtils(15015): [TID 15046] initialize, allowDebug: false
07-06 00:53:41.735 D/CLog    (15015): cpuinfo_len is (370):
07-06 00:53:41.735 D/CLog    (15015): Processor	: AArch64 Processor rev 3 (aarch64)
07-06 00:53:41.735 D/CLog    (15015): processor	: 0
07-06 00:53:41.735 D/CLog    (15015): processor	: 1
07-06 00:53:41.735 D/CLog    (15015): processor	: 2
07-06 00:53:41.735 D/CLog    (15015): processor	: 3
07-06 00:53:41.735 D/CLog    (15015): Features	: fp asimd aes pmull sha1 sha2 crc32 wp half thumb fastmult vfp edsp neon vfpv3 tlsi vfpv4 idiva idivt 
07-06 00:53:41.735 D/CLog    (15015): CPU implementer	: 0x41
07-06 00:53:41.735 D/CLog    (15015): CPU architecture: 8
07-06 00:53:41.735 D/CLog    (15015): CPU variant	: 0x0
07-06 00:53:41.735 D/CLog    (15015): CPU part	: 0xd03
07-06 00:53:41.735 D/CLog    (15015): CPU revision	: 3
07-06 00:53:41.735 D/CLog    (15015): 
07-06 00:53:41.735 D/CLog    (15015): Hardware	: Muji
07-06 00:53:41.735 D/CLog    (15015): Revision	: 0000
07-06 00:53:41.735 D/CLog    (15015): Serial		: 0000000000000000
07-06 00:53:41.735 D/CLog    (15015): 
07-06 00:53:41.735 D/CLog    (15015): cpuinfo hardware is Muji
07-06 00:53:41.735 I/TVWhiteList(15015): longyUrl = http://msg.71.am/v5/core/bmd?t=pfmc&success=1&tm1=44&bgv=3.0&tv_device=VIDAA_TV-4-Muji-22-Hisense&isadapted=1&krv=3.8.3
07-06 00:53:41.742 D/PlayerSdk/PlayerSdkProject(15015): [TID 15046] initPingback
07-06 00:53:41.743 W/QueryController(14980): AccessibilityNodeInfo returned a null child (1 of 2)
07-06 00:53:41.769 I/MiSysSrv( 1214): [37m[INFO] Change to Voltage: 117 mv (0x32)[m
07-06 00:53:41.775 E/NetworkManager(15015): [TID 15153] << request(http://www.baidu.com, 22463209): connect internet failed, url=http://www.baidu.com
07-06 00:53:41.776 D/NetworkManager(15015): [TID 15151] tryConnectFirst: result=false, time consumed=138ms
07-06 00:53:41.776 D/NetworkManager(15015): [TID 15151] >> getRequestTask(http://www.qq.com)
07-06 00:53:41.776 D/NetworkManager(15015): [TID 15153] >> request(http://www.qq.com, 22463348)
07-06 00:53:41.777 D/NetworkManager(15015): [TID 15153] request(http://www.qq.com, 22463348): openConnection
07-06 00:53:41.783 I/System.out(15015): <TVAPI> DEBUG(TVApiProperty): read passport-device-id=tv_69b1ef544cadbb86e8f28950ece1c76a_1167652938875
07-06 00:53:41.784 I/MyFragmentStateAdapter(15015): getCount
07-06 00:53:41.785 I/TVWhiteList(15015): strRes = 
07-06 00:53:41.788 D/NetworkManager(15015): [TID 15151] getRequestTask(http://www.qq.com): current pool size=2, queue=[]
07-06 00:53:41.789 D/NetworkManager(15015): [TID 15151] getRequestTask(http://www.qq.com): submitted task={java.util.concurrent.FutureTask@7465ed4, 22463348}
07-06 00:53:41.790 D/NetworkManager(15015): [TID 15151] << getRequestTask(http://www.qq.com): returned task=java.util.concurrent.FutureTask@7465ed4
07-06 00:53:41.790 D/NetworkManager(15015): [TID 15151] >> getRequestTask(http://www.iqiyi.com)
07-06 00:53:41.798 D/pingbacklog/getHardwareInfo(15015): getHardwareInfo: info=muji
07-06 00:53:41.799 D/NetworkManager(15015): [TID 15151] getRequestTask(http://www.iqiyi.com): current pool size=3, queue=[]
07-06 00:53:41.799 D/NetworkManager(15015): [TID 15151] getRequestTask(http://www.iqiyi.com): submitted task={java.util.concurrent.FutureTask@eec8372, 22463362}
07-06 00:53:41.799 D/NetworkManager(15015): [TID 15151] << getRequestTask(http://www.iqiyi.com): returned task=java.util.concurrent.FutureTask@eec8372
07-06 00:53:41.799 D/NetworkManager(15015): [TID 15151] >> getRequestTask(http://www.163.com)
07-06 00:53:41.800 D/NetworkManager(15015): [TID 15151] getRequestTask(http://www.163.com): current pool size=4, queue=[]
07-06 00:53:41.800 D/NetworkManager(15015): [TID 15151] getRequestTask(http://www.163.com): submitted task={java.util.concurrent.FutureTask@c149440, 22463371}
07-06 00:53:41.800 D/NetworkManager(15015): [TID 15151] << getRequestTask(http://www.163.com): returned task=java.util.concurrent.FutureTask@c149440
07-06 00:53:41.800 D/NetworkManager(15015): [TID 15151] >> getRequestTask(http://www.taobao.com)
07-06 00:53:41.803 D/pingbacklog-set(15015): QiyiPingBack2.setAnonymityId is be used, mAnonymityId = tv_69b1ef544cadbb86e8f28950ece1c76a
07-06 00:53:41.803 D/pingbacklog-set(15015): QiyiPingBack2.setPassportId is be used, UserId = null
07-06 00:53:41.805 I/MemTotal:        1958344 kB(15015): MemTotal:	
07-06 00:53:41.806 I/MemTotal:        1958344 kB(15015): 1958344	
07-06 00:53:41.806 I/MemTotal:        1958344 kB(15015): kB	
07-06 00:53:41.807 D/PlayerSdk/PlayerSdkProject(15015): [TID 15046] initPingback: domainName=ptqy.gitv.tv, ver=2.1.0.59986, uuid=20151228165619572MkCHJfWb11209, userId=null, isNewUser=true, deviceid=tv_69b1ef544cadbb86e8f28950ece1c76a_1167652938875, setAnonymityId=tv_69b1ef544cadbb86e8f28950ece1c76a
07-06 00:53:41.809 I/HLSP2P  ( 4523): ## 2017-07-06 00:53:41.808 [4523,4698,:0] INFO ## [HLSP2P][TaskManager.cpp:838][INFO][UpdateGlobalInfo]totalDataSize: 0, totalMemorySize: 0, totalCacheSize: 0, PlayTaskAllFinish: 0
07-06 00:53:41.811 D/PlayerSdk/CheckPackageNameJob(15015): [TID 15046] SdkConfigManager.instance().getConfig() = SdkConfig@2328ca50{mCustomerCode=60, mPlayerConfigType=4, mPlatformType=HAIXIN, mLoginType=SUB_ACCOUNT, mIsEnableDolby=false, mIsEnableH265=false, mIsEnable4K=true, mIsSupportYinhePingback=false, mShouldDoPlayCheck=true, mshouldGetUuidFromServer=true, mPingbackS1=2, mPingbackS2=simple_sdk, mPingbackP2=3128, mDomainName=ptqy.gitv.tv, mIsDebugVersion=false, mIsDebugVersion=false, mCustomerPackageNames=[com.hisense.hicloud.edca], mEnableSetBitstream=true}
07-06 00:53:41.812 I/HLSP2P  ( 4523): ## 2017-07-06 00:53:41.812 [4523,4698,:0] INFO ## [HLSP2P][TaskManager.cpp:1348][INFO][TryAdjustMemorySize]system memory total size: 1912M, free size: 585MB, cache add to 100MB, AppState: 14, IsLowMemory: 0
07-06 00:53:41.816 D/PlayerSdk/CheckPackageNameJob@31aff91f(15015): [TID 15046] isCancelled() Job[PlayerSdk/CheckPackageNameJob@31aff91f](mState=0, mData=Object881060405, mError=null) return false
07-06 00:53:41.816 D/PlayerSdk/CheckPackageNameJob(15015): [TID 15046] onRun(), mCurrentPackageName=com.hisense.hicloud.edca, mCustomerPackageNames=511068292:[com.hisense.hicloud.edca]
07-06 00:53:41.816 D/PlayerSdk/CheckPackageNameJob@31aff91f(15015): [TID 15046] notifyJobSuccess() Job[PlayerSdk/CheckPackageNameJob@31aff91f](mState=1, mData=Object881060405, mError=null)
07-06 00:53:41.817 D/PlayerSdk/DeviceCheckTask@12ceb46c(15015): [TID 15046] isCancelled() Job[PlayerSdk/DeviceCheckTask@12ceb46c](mState=0, mData=Object663031498, mError=null) return false
07-06 00:53:41.817 D/NetworkManager(15015): [TID 15151] getRequestTask(http://www.taobao.com): current pool size=5, queue=[]
07-06 00:53:41.817 D/NetworkManager(15015): [TID 15151] getRequestTask(http://www.taobao.com): submitted task={java.util.concurrent.FutureTask@1865083b, 22463371}
07-06 00:53:41.817 D/NetworkManager(15015): [TID 15151] << getRequestTask(http://www.taobao.com): returned task=java.util.concurrent.FutureTask@1865083b
07-06 00:53:41.817 D/NetworkManager(15015): [TID 15151] >> getRequestTask(http://www.sina.com.cn)
