07-05 22:30:19.416 D/til@system( 2026): til_get_system_param option:1000027 int:1, bool:1, ret:0
07-05 22:30:19.416 D/til     ( 2026): ###### func:til_get_picture_param option:0x3000045 ######  
07-05 22:30:19.417 I/TVMW@HsTvSetting( 1234): Trace cmd, data = 0x300c
07-05 22:30:19.417 I/TVMW@HsTvSetting( 1234): Trace 3d, data = 0x300c
07-05 22:30:19.417 I/TVMW@3d ( 1234): Hs_debug3d_trace: func:get3dStatus, line:109
07-05 22:30:19.419 I/MyFragmentStateAdapter(31548): getCount
07-05 22:30:19.441 I/MyFragmentStateAdapter(31548): getCount
07-05 22:30:19.464 I/MyFragmentStateAdapter(31548): getCount
07-05 22:30:19.486 I/MyFragmentStateAdapter(31548): getCount
07-05 22:30:19.517 I/MyFragmentStateAdapter(31548): getCount
07-05 22:30:19.548 I/MyFragmentStateAdapter(31548): getCount
07-05 22:30:19.570 I/MyFragmentStateAdapter(31548): getCount
07-05 22:30:19.592 I/MyFragmentStateAdapter(31548): getCount
07-05 22:30:19.614 I/MyFragmentStateAdapter(31548): getCount
07-05 22:30:19.637 I/MyFragmentStateAdapter(31548): getCount
07-05 22:30:19.658 I/MyFragmentStateAdapter(31548): getCount
07-05 22:30:19.680 I/MyFragmentStateAdapter(31548): getCount
07-05 22:30:19.700 I/MyFragmentStateAdapter(31548): getCount
07-05 22:30:19.726 I/MyFragmentStateAdapter(31548): getCount
07-05 22:30:19.738 V/PackageManager( 1733): getPackageInfo com.hisense.store.tv: Package{3c350a5f com.hisense.store.tv}
07-05 22:30:19.738 I/WebcastSDK-( 2282): getAppVersionName(), versionName = 5.4.0.8.1
07-05 22:30:19.751 I/MyFragmentStateAdapter(31548): getCount
07-05 22:30:19.775 I/MyFragmentStateAdapter(31548): getCount
07-05 22:30:19.790 E/WebcastSDK-HiCloudSourcePlugin( 2282): FetchServerTimeTask(), res = {"systemTime":1499265019629,"resultCode":0}
07-05 22:30:19.790 E/WebcastSDK-EPGDataManager( 2282): notifyServerTimeData(), ServerTimeInfo = [ mServerTime = 1499265019629]
07-05 22:30:19.791 D/WebcastSDK-EPGDataManager( 2282): system clock: 13861363servertime: 1499265019629
07-05 22:30:19.792 I/WebcastSDK-EPGDataManager( 2282): handleMessage(), TimeOffset is changed, [1499251158252] --> [1499251158266]
07-05 22:30:19.792 I/WebcastSDK-EPGDataManager( 2282): handleMessage(), sync Server time in [ 314000 ] ms
07-05 22:30:19.804 I/MyFragmentStateAdapter(31548): getCount
07-05 22:30:19.827 I/TVMW@devctrl( 1234): wdt
07-05 22:30:19.830 I/MyFragmentStateAdapter(31548): getCount
07-05 22:30:19.853 I/MyFragmentStateAdapter(31548): getCount
07-05 22:30:19.877 I/MyFragmentStateAdapter(31548): getCount
07-05 22:30:19.898 I/MyFragmentStateAdapter(31548): getCount
07-05 22:30:19.918 I/TVMW@HsTvSetting( 1234): Trace cmd, data = 0x1058
07-05 22:30:19.918 D/til@system( 2026): til_get_system_param option:100002F int:0, bool:0, ret:0
07-05 22:30:19.918 I/TVMW@HsTvSetting( 1234): Trace cmd, data = 0x101f
07-05 22:30:19.918 D/til@system( 2026): til_get_system_param option:100001D int:3, bool:3, ret:0
07-05 22:30:19.918 E/til     ( 2026): [til_get_current_input_source, 101] 
07-05 22:30:19.918 I/TVMW@HsTvSetting( 1234): Trace cmd, data = 0x7007
07-05 22:30:19.918 I/tilwrapper@sm( 2026): HS2TIL_SourceType *hs=0xd, *til=0x900
07-05 22:30:19.918 D/til     ( 2026): get current source 2304
07-05 22:30:19.919 D/SourceRemoteServiceHandler( 2026): getCurrentInputSource.from.til.result is 0, value is 2304
07-05 22:30:19.919 D/SourceRemoteServiceHandler( 2026): getInputSourceType source: 0x900, type=2304
07-05 22:30:19.919 D/til     ( 2026): ###### func:til_get_picture_param option:0x3000006 ######  
07-05 22:30:19.919 I/TVMW@HsTvSetting( 1234): Trace cmd, data = 0x1003
07-05 22:30:19.919 I/TVMW@HsTvSetting( 1234): Trace cmd, data = 0x8032
07-05 22:30:19.919 I/hstvos  ( 1216): [0m[1;33m[HSHAL][HS_VIDEO][HS_HAL_Video_SetOsdDetect_v2][2389]u16Threshold = 20
07-05 22:30:19.919 I/MiSysSrv( 1214): Not support now! 42, change to mm_video!!!
07-05 22:30:19.920 E/TVMW@videoctrl( 1234):  getOsd is 1
07-05 22:30:19.920 D/til@system( 2026): til_get_system_param option:1000027 int:1, bool:1, ret:0
07-05 22:30:19.920 D/til     ( 2026): ###### func:til_get_picture_param option:0x3000045 ######  
07-05 22:30:19.920 I/TVMW@HsTvSetting( 1234): Trace cmd, data = 0x300c
07-05 22:30:19.920 I/TVMW@HsTvSetting( 1234): Trace 3d, data = 0x300c
07-05 22:30:19.920 I/TVMW@3d ( 1234): Hs_debug3d_trace: func:get3dStatus, line:109
07-05 22:30:19.921 I/MyFragmentStateAdapter(31548): getCount
07-05 22:30:19.946 I/MyFragmentStateAdapter(31548): getCount
07-05 22:30:19.967 I/MyFragmentStateAdapter(31548): getCount
07-05 22:30:19.991 I/MyFragmentStateAdapter(31548): getCount
07-05 22:30:20.010 I/MyFragmentStateAdapter(31548): getCount
07-05 22:30:20.031 I/MyFragmentStateAdapter(31548): getCount
07-05 22:30:20.055 I/MyFragmentStateAdapter(31548): getCount
07-05 22:30:20.080 I/MyFragmentStateAdapter(31548): getCount
07-05 22:30:20.101 I/MyFragmentStateAdapter(31548): getCount
07-05 22:30:20.122 I/MyFragmentStateAdapter(31548): getCount
07-05 22:30:20.145 I/MyFragmentStateAdapter(31548): getCount
07-05 22:30:20.167 I/MyFragmentStateAdapter(31548): getCount
07-05 22:30:20.174 I/NetflixMonitorService( 1733): current fgapk : com.hisense.hicloud.edca
07-05 22:30:20.174 I/NetflixMonitorService( 1733): Netflix status unchanged
07-05 22:30:20.190 I/MyFragmentStateAdapter(31548): getCount
07-05 22:30:20.220 I/MyFragmentStateAdapter(31548): getCount
07-05 22:30:20.245 I/MyFragmentStateAdapter(31548): getCount
07-05 22:30:20.268 I/MyFragmentStateAdapter(31548): getCount
07-05 22:30:20.269 I/HLSP2P  (16183): ## 2017-07-05 22:30:20.269 [16183,16481,:0] INFO ## [HLSP2P][DownloadManager.cpp:35][INFO][TryExtendCacheSize]system memory total size : 1912M, free size : 535M, cache add to 30MB
07-05 22:30:20.295 I/MyFragmentStateAdapter(31548): getCount
07-05 22:30:20.320 I/MyFragmentStateAdapter(31548): getCount
07-05 22:30:20.345 I/MyFragmentStateAdapter(31548): getCount
07-05 22:30:20.368 I/MyFragmentStateAdapter(31548): getCount
07-05 22:30:20.394 I/MyFragmentStateAdapter(31548): getCount
07-05 22:30:20.417 I/MyFragmentStateAdapter(31548): getCount
07-05 22:30:20.422 I/TVMW@HsTvSetting( 1234): Trace cmd, data = 0x1058
07-05 22:30:20.422 D/til@system( 2026): til_get_system_param option:100002F int:0, bool:0, ret:0
07-05 22:30:20.422 I/TVMW@HsTvSetting( 1234): Trace cmd, data = 0x101f
07-05 22:30:20.422 D/til@system( 2026): til_get_system_param option:100001D int:3, bool:3, ret:0
07-05 22:30:20.422 E/til     ( 2026): [til_get_current_input_source, 101] 
07-05 22:30:20.422 I/TVMW@HsTvSetting( 1234): Trace cmd, data = 0x7007
07-05 22:30:20.423 I/tilwrapper@sm( 2026): HS2TIL_SourceType *hs=0xd, *til=0x900
07-05 22:30:20.423 D/til     ( 2026): get current source 2304
07-05 22:30:20.423 D/SourceRemoteServiceHandler( 2026): getCurrentInputSource.from.til.result is 0, value is 2304
07-05 22:30:20.423 D/SourceRemoteServiceHandler( 2026): getInputSourceType source: 0x900, type=2304
07-05 22:30:20.423 D/til     ( 2026): ###### func:til_get_picture_param option:0x3000006 ######  
07-05 22:30:20.423 I/TVMW@HsTvSetting( 1234): Trace cmd, data = 0x1003
07-05 22:30:20.424 I/TVMW@HsTvSetting( 1234): Trace cmd, data = 0x8032
07-05 22:30:20.424 I/hstvos  ( 1216): [0m[1;33m[HSHAL][HS_VIDEO][HS_HAL_Video_SetOsdDetect_v2][2389]u16Threshold = 20
07-05 22:30:20.425 I/MiSysSrv( 1214): Not support now! 42, change to mm_video!!!
07-05 22:30:20.425 E/TVMW@videoctrl( 1234):  getOsd is 1
07-05 22:30:20.425 D/til@system( 2026): til_get_system_param option:1000027 int:1, bool:1, ret:0
07-05 22:30:20.425 D/til     ( 2026): ###### func:til_get_picture_param option:0x3000045 ######  
07-05 22:30:20.427 I/TVMW@HsTvSetting( 1234): Trace cmd, data = 0x300c
07-05 22:30:20.427 I/TVMW@HsTvSetting( 1234): Trace 3d, data = 0x300c
07-05 22:30:20.427 I/TVMW@3d ( 1234): Hs_debug3d_trace: func:get3dStatus, line:109
07-05 22:30:20.442 D/MyLocalStartService(16899): currentName is :com.hisense.hicloud.edca
07-05 22:30:20.462 I/MyFragmentStateAdapter(31548): getCount
07-05 22:30:20.496 I/MyFragmentStateAdapter(31548): getCount
07-05 22:30:20.523 I/MyFragmentStateAdapter(31548): getCount
07-05 22:30:20.551 I/MyFragmentStateAdapter(31548): getCount
07-05 22:30:20.557 I/art     (31514): Background sticky concurrent mark sweep GC freed 15522(825KB) AllocSpace objects, 0(0B) LOS objects, 56% free, 733KB/1666KB, paused 5.415ms total 12.149ms
07-05 22:30:20.558 E/btif_config( 2964): [btif_config_get] node is TRUE!
07-05 22:30:20.558 E/btif_config( 2964): [btif_config_get] ret is TRUE!
07-05 22:30:20.577 I/MyFragmentStateAdapter(31548): getCount
07-05 22:30:20.607 I/MyFragmentStateAdapter(31548): getCount
07-05 22:30:20.632 I/MyFragmentStateAdapter(31548): getCount
07-05 22:30:20.660 I/MyFragmentStateAdapter(31548): getCount
07-05 22:30:20.669 I/MiSysSrv( 1214): [37m[INFO] Change to Voltage: 117 mv (0x32)[m
07-05 22:30:20.686 I/MyFragmentStateAdapter(31548): getCount
07-05 22:30:20.707 I/MyFragmentStateAdapter(31548): getCount
07-05 22:30:20.727 I/TVMW@devctrl( 1234): wdt
07-05 22:30:20.728 I/MyFragmentStateAdapter(31548): getCount
07-05 22:30:20.752 I/MyFragmentStateAdapter(31548): getCount
07-05 22:30:20.769 I/MiSysSrv( 1214): [37m[INFO] Change to Voltage: 117 mv (0x32)[m
07-05 22:30:20.772 I/MyFragmentStateAdapter(31548): getCount
07-05 22:30:20.796 I/MyFragmentStateAdapter(31548): getCount
07-05 22:30:20.818 I/MyFragmentStateAdapter(31548): getCount
07-05 22:30:20.837 I/MyFragmentStateAdapter(31548): getCount
07-05 22:30:20.855 I/MyFragmentStateAdapter(31548): getCount
07-05 22:30:20.869 I/MiSysSrv( 1214): [37m[INFO] Change to Voltage: 102 mv (0x23)[m
07-05 22:30:20.878 I/MyFragmentStateAdapter(31548): getCount
07-05 22:30:20.905 I/MyFragmentStateAdapter(31548): getCount
07-05 22:30:20.928 I/TVMW@HsTvSetting( 1234): Trace cmd, data = 0x1058
07-05 22:30:20.928 D/til@system( 2026): til_get_system_param option:100002F int:0, bool:0, ret:0
07-05 22:30:20.929 I/TVMW@HsTvSetting( 1234): Trace cmd, data = 0x101f
07-05 22:30:20.929 D/til@system( 2026): til_get_system_param option:100001D int:3, bool:3, ret:0
07-05 22:30:20.929 E/til     ( 2026): [til_get_current_input_source, 101] 
07-05 22:30:20.936 I/MyFragmentStateAdapter(31548): getCount
07-05 22:30:20.938 I/TVMW@HsTvSetting( 1234): Trace cmd, data = 0x7007
07-05 22:30:20.939 I/tilwrapper@sm( 2026): HS2TIL_SourceType *hs=0xd, *til=0x900
07-05 22:30:20.939 D/til     ( 2026): get current source 2304
07-05 22:30:20.939 D/SourceRemoteServiceHandler( 2026): getCurrentInputSource.from.til.result is 0, value is 2304
07-05 22:30:20.939 D/SourceRemoteServiceHandler( 2026): getInputSourceType source: 0x900, type=2304
07-05 22:30:20.939 D/til     ( 2026): ###### func:til_get_picture_param option:0x3000006 ######  
07-05 22:30:20.939 I/TVMW@HsTvSetting( 1234): Trace cmd, data = 0x1003
07-05 22:30:20.940 I/TVMW@HsTvSetting( 1234): Trace cmd, data = 0x8032
07-05 22:30:20.940 I/hstvos  ( 1216): [0m[1;33m[HSHAL][HS_VIDEO][HS_HAL_Video_SetOsdDetect_v2][2389]u16Threshold = 20
07-05 22:30:20.940 I/MiSysSrv( 1214): Not support now! 42, change to mm_video!!!
07-05 22:30:20.941 E/TVMW@videoctrl( 1234):  getOsd is 1
07-05 22:30:20.942 D/til@system( 2026): til_get_system_param option:1000027 int:1, bool:1, ret:0
07-05 22:30:20.942 D/til     ( 2026): ###### func:til_get_picture_param option:0x3000045 ######  
07-05 22:30:20.942 I/TVMW@HsTvSetting( 1234): Trace cmd, data = 0x300c
07-05 22:30:20.942 I/TVMW@HsTvSetting( 1234): Trace 3d, data = 0x300c
07-05 22:30:20.942 I/TVMW@3d ( 1234): Hs_debug3d_trace: func:get3dStatus, line:109
07-05 22:30:20.966 I/MyFragmentStateAdapter(31548): getCount
07-05 22:30:20.973 I/MiSysSrv( 1214): [37m[INFO] Change to Voltage: 102 mv (0x23)[m
07-05 22:30:20.998 I/MyFragmentStateAdapter(31548): getCount
07-05 22:30:21.029 I/MyFragmentStateAdapter(31548): getCount
07-05 22:30:21.054 I/MyFragmentStateAdapter(31548): getCount
07-05 22:30:21.077 I/MyFragmentStateAdapter(31548): getCount
07-05 22:30:21.101 I/MyFragmentStateAdapter(31548): getCount
07-05 22:30:21.126 I/MyFragmentStateAdapter(31548): getCount
07-05 22:30:21.127 D/AndroidRuntime(31806): >>>>>> START com.android.internal.os.RuntimeInit uid 2000 <<<<<<
07-05 22:30:21.145 D/AndroidRuntime(31806): CheckJNI is OFF
07-05 22:30:21.152 I/MyFragmentStateAdapter(31548): getCount
07-05 22:30:21.174 I/NetflixMonitorService( 1733): current fgapk : com.hisense.hicloud.edca
07-05 22:30:21.174 I/NetflixMonitorService( 1733): Netflix status unchanged
07-05 22:30:21.183 I/MyFragmentStateAdapter(31548): getCount
07-05 22:30:21.208 I/MyFragmentStateAdapter(31548): getCount
07-05 22:30:21.230 I/MyFragmentStateAdapter(31548): getCount
07-05 22:30:21.252 I/MyFragmentStateAdapter(31548): getCount
07-05 22:30:21.269 I/MiSysSrv( 1214): [37m[INFO] Change to Voltage: 117 mv (0x32)[m
07-05 22:30:21.276 I/MyFragmentStateAdapter(31548): getCount
07-05 22:30:21.288 E/btif_config( 2964): [btif_config_get] node is TRUE!
07-05 22:30:21.288 E/btif_config( 2964): [btif_config_get] ret is TRUE!
07-05 22:30:21.299 I/MyFragmentStateAdapter(31548): getCount
07-05 22:30:21.317 I/MyFragmentStateAdapter(31548): getCount
07-05 22:30:21.338 I/MyFragmentStateAdapter(31548): getCount
07-05 22:30:21.363 I/MyFragmentStateAdapter(31548): getCount
07-05 22:30:21.373 I/MiSysSrv( 1214): [37m[INFO] Change to Voltage: 112 mv (0x2D)[m
07-05 22:30:21.382 I/MyFragmentStateAdapter(31548): getCount
07-05 22:30:21.407 I/MyFragmentStateAdapter(31548): getCount
07-05 22:30:21.427 I/MyFragmentStateAdapter(31548): getCount
07-05 22:30:21.444 I/TVMW@HsTvSetting( 1234): Trace cmd, data = 0x1058
07-05 22:30:21.444 D/til@system( 2026): til_get_system_param option:100002F int:0, bool:0, ret:0
07-05 22:30:21.445 I/TVMW@HsTvSetting( 1234): Trace cmd, data = 0x101f
07-05 22:30:21.445 D/til@system( 2026): til_get_system_param option:100001D int:3, bool:3, ret:0
07-05 22:30:21.445 E/til     ( 2026): [til_get_current_input_source, 101] 
07-05 22:30:21.445 I/TVMW@HsTvSetting( 1234): Trace cmd, data = 0x7007
07-05 22:30:21.445 I/tilwrapper@sm( 2026): HS2TIL_SourceType *hs=0xd, *til=0x900
07-05 22:30:21.445 D/til     ( 2026): get current source 2304
07-05 22:30:21.445 D/SourceRemoteServiceHandler( 2026): getCurrentInputSource.from.til.result is 0, value is 2304
07-05 22:30:21.445 D/SourceRemoteServiceHandler( 2026): getInputSourceType source: 0x900, type=2304
07-05 22:30:21.445 D/til     ( 2026): ###### func:til_get_picture_param option:0x3000006 ######  
07-05 22:30:21.445 I/TVMW@HsTvSetting( 1234): Trace cmd, data = 0x1003
07-05 22:30:21.446 I/TVMW@HsTvSetting( 1234): Trace cmd, data = 0x8032
07-05 22:30:21.446 I/MyFragmentStateAdapter(31548): getCount
07-05 22:30:21.448 I/hstvos  ( 1216): [0m[1;33m[HSHAL][HS_VIDEO][HS_HAL_Video_SetOsdDetect_v2][2389]u16Threshold = 20
07-05 22:30:21.449 I/MiSysSrv( 1214): Not support now! 42, change to mm_video!!!
07-05 22:30:21.449 E/TVMW@videoctrl( 1234):  getOsd is 1
07-05 22:30:21.449 D/til@system( 2026): til_get_system_param option:1000027 int:1, bool:1, ret:0
07-05 22:30:21.450 D/til     ( 2026): ###### func:til_get_picture_param option:0x3000045 ######  
07-05 22:30:21.450 I/TVMW@HsTvSetting( 1234): Trace cmd, data = 0x300c
07-05 22:30:21.450 I/TVMW@HsTvSetting( 1234): Trace 3d, data = 0x300c
07-05 22:30:21.450 I/TVMW@3d ( 1234): Hs_debug3d_trace: func:get3dStatus, line:109
07-05 22:30:21.469 I/MyFragmentStateAdapter(31548): getCount
07-05 22:30:21.471 I/MiSysSrv( 1214): [37m[INFO] Change to Voltage: 102 mv (0x23)[m
07-05 22:30:21.473 E/btif_config( 2964): [btif_config_get] node is TRUE!
07-05 22:30:21.473 E/btif_config( 2964): [btif_config_get] ret is TRUE!
07-05 22:30:21.498 I/MyFragmentStateAdapter(31548): getCount
07-05 22:30:21.520 I/MyFragmentStateAdapter(31548): getCount
07-05 22:30:21.558 I/MyFragmentStateAdapter(31548): getCount
07-05 22:30:21.569 I/MiSysSrv( 1214): [37m[INFO] Change to Voltage: 102 mv (0x23)[m
07-05 22:30:21.588 I/MyFragmentStateAdapter(31548): getCount
07-05 22:30:21.611 I/MyFragmentStateAdapter(31548): getCount
07-05 22:30:21.627 I/TVMW@devctrl( 1234): wdt
07-05 22:30:21.642 I/MyFragmentStateAdapter(31548): getCount
07-05 22:30:21.655 E/btif_config( 2964): [btif_config_get] node is TRUE!
07-05 22:30:21.655 E/btif_config( 2964): [btif_config_get] ret is TRUE!
07-05 22:30:21.668 I/MyFragmentStateAdapter(31548): getCount
07-05 22:30:21.691 I/MyFragmentStateAdapter(31548): getCount
07-05 22:30:21.720 I/MyFragmentStateAdapter(31548): getCount
07-05 22:30:21.747 I/MyFragmentStateAdapter(31548): getCount
07-05 22:30:21.776 V/Surface (31806): register_android_view_Surface() : start
07-05 22:30:21.777 V/Surface (31806): register_android_view_Surface() : end
07-05 22:30:21.777 I/MyFragmentStateAdapter(31548): getCount
07-05 22:30:21.801 I/MyFragmentStateAdapter(31548): getCount
07-05 22:30:21.827 I/MyFragmentStateAdapter(31548): getCount
07-05 22:30:21.837 E/btif_config( 2964): [btif_config_get] node is TRUE!
07-05 22:30:21.837 E/btif_config( 2964): [btif_config_get] ret is TRUE!
07-05 22:30:21.855 I/MyFragmentStateAdapter(31548): getCount
07-05 22:30:21.880 I/MyFragmentStateAdapter(31548): getCount
07-05 22:30:21.908 I/MyFragmentStateAdapter(31548): getCount
07-05 22:30:21.929 I/MyFragmentStateAdapter(31548): getCount
07-05 22:30:21.936 D/DtvSourcePlugin-DVBC(15961): Setting the EPG Updater state to: WAIT
07-05 22:30:21.951 I/TVMW@HsTvSetting( 1234): Trace cmd, data = 0x1058
07-05 22:30:21.952 D/til@system( 2026): til_get_system_param option:100002F int:0, bool:0, ret:0
07-05 22:30:21.952 I/TVMW@HsTvSetting( 1234): Trace cmd, data = 0x101f
07-05 22:30:21.953 D/til@system( 2026): til_get_system_param option:100001D int:3, bool:3, ret:0
07-05 22:30:21.953 E/til     ( 2026): [til_get_current_input_source, 101] 
07-05 22:30:21.953 I/TVMW@HsTvSetting( 1234): Trace cmd, data = 0x7007
07-05 22:30:21.953 I/tilwrapper@sm( 2026): HS2TIL_SourceType *hs=0xd, *til=0x900
07-05 22:30:21.953 D/til     ( 2026): get current source 2304
07-05 22:30:21.953 D/SourceRemoteServiceHandler( 2026): getCurrentInputSource.from.til.result is 0, value is 2304
07-05 22:30:21.953 D/SourceRemoteServiceHandler( 2026): getInputSourceType source: 0x900, type=2304
07-05 22:30:21.953 D/til     ( 2026): ###### func:til_get_picture_param option:0x3000006 ######  
07-05 22:30:21.954 I/TVMW@HsTvSetting( 1234): Trace cmd, data = 0x1003
07-05 22:30:21.954 I/TVMW@HsTvSetting( 1234): Trace cmd, data = 0x8032
07-05 22:30:21.955 I/hstvos  ( 1216): [0m[1;33m[HSHAL][HS_VIDEO][HS_HAL_Video_SetOsdDetect_v2][2389]u16Threshold = 20
07-05 22:30:21.955 I/MiSysSrv( 1214): Not support now! 42, change to mm_video!!!
07-05 22:30:21.955 E/TVMW@videoctrl( 1234):  getOsd is 1
07-05 22:30:21.955 D/til@system( 2026): til_get_system_param option:1000027 int:1, bool:1, ret:0
07-05 22:30:21.956 D/til     ( 2026): ###### func:til_get_picture_param option:0x3000045 ######  
07-05 22:30:21.956 I/TVMW@HsTvSetting( 1234): Trace cmd, data = 0x300c
07-05 22:30:21.956 I/TVMW@HsTvSetting( 1234): Trace 3d, data = 0x300c
07-05 22:30:21.956 I/TVMW@3d ( 1234): Hs_debug3d_trace: func:get3dStatus, line:109
07-05 22:30:21.958 I/MyFragmentStateAdapter(31548): getCount
07-05 22:30:21.984 D/AndroidRuntime(31806): Calling main entry com.android.commands.am.Am
07-05 22:30:21.992 I/ActivityManager( 1733): Force stopping com.hisense.hicloud.edca appid=10010 user=0: from pid 31806
07-05 22:30:21.992 I/ActivityManager( 1733): Killing 31548:com.hisense.hicloud.edca/u0a10 (adj 0): stop com.hisense.hicloud.edca
07-05 22:30:22.035 E/IMediaHTTPConnection( 1206): remote readAt failed
07-05 22:30:22.035 W/MediaHTTP( 1206): hitting MediaHTTP readAt n < 0 numBytesRead= 129840
07-05 22:30:22.035 E/WifiService( 1733): Multicaster binderDied
07-05 22:30:22.035 V/AudioFlinger( 1206): 31548 died, releasing its sessions
07-05 22:30:22.035 V/AudioFlinger( 1206):  pid 31548 @ 0
07-05 22:30:22.035 V/AudioFlinger( 1206):  removing entry for pid 31548 session 498
07-05 22:30:22.035 V/AudioFlinger( 1206): purging stale effects
07-05 22:30:22.035 E/IMediaHTTPConnection( 1206): remote readAt failed
07-05 22:30:22.035 W/MediaHTTP( 1206): hitting MediaHTTP readAt n < 0 numBytesRead= 0
07-05 22:30:22.035 E/NuCachedSource2( 1206): source returned error -2147483648, 10 retries left
07-05 22:30:22.035 I/WindowState( 1733): WIN DEATH: Window{d2fcdb2 u0 SurfaceView}
07-05 22:30:22.035 D/NuPlayerDriver( 1206): reset(0xf40ac520)  mState:4
07-05 22:30:22.035 V/NuPlayer( 1206): NuPlayer::resetAsync ---- Enter ...
07-05 22:30:22.035 V/NuPlayer( 1206): kWhatReset  mCanReset:1
07-05 22:30:22.035 V/NuPlayer( 1206): performDecoderFlush audio=2, video=2
07-05 22:30:22.035 V/NuPlayer( 1206): performReset start pthread_id:f40a3d80
07-05 22:30:22.035 V/RMClient( 1206): #310:RMClient::returnAllResourcesAsync
07-05 22:30:22.036 I/GenericSource( 1206): stop
07-05 22:30:22.036 I/FFmpegExtractor( 1206): reader thread goto end...
07-05 22:30:22.036 I/FFmpegExtractor( 1206): stream_component_close ---- streamIndex: 0
07-05 22:30:22.036 D/WifiService( 1733): Client connection lost with reason: 4
07-05 22:30:22.036 V/RMClient( 1206): #310:onMessageReceived cret
07-05 22:30:22.036 V/RMClient( 1206): #310:kWhatCmdReturnAllResources
07-05 22:30:22.037 W/RMAllocator( 1198): owner does not exist while trying to disown resources.
07-05 22:30:22.037 W/RMAllocator( 1198): returnAllResourcesFor: not registered, nothing to do
07-05 22:30:22.037 V/RMClient( 1206): #310:Done
07-05 22:30:22.038 V/RMClient( 1206): #310:handleEvent lret
07-05 22:30:22.038 V/RMClient( 1206): #310:onMessageReceived lret
07-05 22:30:22.038 V/RMClient( 1206): #310:kWhatAllResourcesReturned
07-05 22:30:22.038 I/NuPlayer( 1206): NuPlayerRMClientListener::handleAllResourcesReturned
07-05 22:30:22.038 V/NuPlayer( 1206): [handleAllResourcesReturned-3223]
07-05 22:30:22.038 V/RMClient( 1206): #310:Done
07-05 22:30:22.039 D/PowerManagerService( 1733): setScreenBrightnessOverrideFromWindowManagerInternal done
07-05 22:30:22.042 D/OsdMonitorService( 1733): mCurrentWindow = com.hisense.hicloud.edca/com.hisense.tvui.newhome.HomeMainActivity; newWindow = com.hisense.hicloud.edca/com.hisense.tvui.newhome.HomeMainActivity; isSubWindow = false; isInWinList = false; isExitNow = false
07-05 22:30:22.042 W/InputDispatcher( 1733): channel '239bab50 com.hisense.hicloud.edca/com.hisense.tvui.newhome.HomeMainActivity (server)' ~ Consumer closed input channel or an error occurred.  events=0x9
07-05 22:30:22.042 D/OsdMonitorService( 1733): windowNotOsd() : name = com.hisense.hicloud.edca/com.hisense.tvui.newhome.HomeMainActivity
07-05 22:30:22.042 I/OsdMonitorService( 1733): setOsdStatus() : status will change from true to true
07-05 22:30:22.042 E/InputDispatcher( 1733): channel '239bab50 com.hisense.hicloud.edca/com.hisense.tvui.newhome.HomeMainActivity (server)' ~ Channel is unrecoverably broken and will be disposed!
07-05 22:30:22.042 I/WindowState( 1733): WIN DEATH: Window{239bab50 u0 com.hisense.hicloud.edca/com.hisense.tvui.newhome.HomeMainActivity}
07-05 22:30:22.042 W/InputDispatcher( 1733): Attempted to unregister already unregistered input channel '239bab50 com.hisense.hicloud.edca/com.hisense.tvui.newhome.HomeMainActivity (server)'
07-05 22:30:22.044 D/PowerManagerService( 1733): setScreenBrightnessOverrideFromWindowManagerInternal done
07-05 22:30:22.065 D/        ( 1204): [GOPIoctl] ERROR on cmd:0x501
07-05 22:30:22.069 I/MiSysSrv( 1214): [37m[INFO] Change to Voltage: 117 mv (0x32)[m
07-05 22:30:22.073 D/hwcomposer( 1204): lastHWWindowInfo is dirty
07-05 22:30:22.078 I/FFmpegExtractor( 1206): stream_component_close ---- streamIndex: 1
07-05 22:30:22.090 I/FFmpegExtractor( 1206): stream_component_close ---- streamIndex: -1
07-05 22:30:22.091 I/FFMPEG  ( 1206): [AVIOContext @ 0xf406e100] Statistics: 31193530 bytes read, 0 seeks
07-05 22:30:22.093 D/FFmpegExtractor( 1206): Reader thread stopped
07-05 22:30:22.096 D/FFmpegExtractor( 1206): Reader thread have been stopped
07-05 22:30:22.098 W/ActivityManager( 1733): Scheduling restart of crashed service com.hisense.hicloud.edca/.service.connection.MutilScreenService in 1000ms
07-05 22:30:22.099 W/ActivityManager( 1733): Force removing ActivityRecord{31726d9e u0 com.hisense.hicloud.edca/com.hisense.tvui.newhome.HomeMainActivity t5270}: app died, no saved state
07-05 22:30:22.099 I/UsageStatsService( 1733): paused component:com.hisense.hicloud.edca
07-05 22:30:22.099 V/UsageStatsService( 1733): Paused: 13863670   Component: com.hisense.hicloud.edca/com.hisense.tvui.newhome.HomeMainActivity   Time: 1499265022099 LastSessionTime: 13770 CumulativeSessionTime: 5312556
07-05 22:30:22.099 D/UsageStatsService( 1733): UsageStats: broadcasting intent
07-05 22:30:22.099 D/UsageStatsService( 1733): User[0] Got usage event for com.hisense.hicloud.edca[1499265022099]: MOVE_TO_BACKGROUND
07-05 22:30:22.100 W/ContextImpl( 1733): Calling a method in the system process without a qualified user: android.app.ContextImpl.sendBroadcast:1327 com.android.server.usage.UsageStatsService.insertUsageStats:1104 com.android.server.usage.UsageStatsService$PkgUsageStatsExtended.updatePause:979 com.android.server.usage.UsageStatsService$LocalService.notePauseComponent:808 com.android.server.am.ActivityManagerService.updateUsageStats:3173 
07-05 22:30:22.102 I/ActivityManager( 1733):   Force stopping service ServiceRecord{1bc7208 u0 com.hisense.hicloud.edca/.service.connection.MutilScreenService}
07-05 22:30:22.104 I/ActivityManager( 1733): TR16) TaskRecord{2a5c2c6a #5269 A=com.jamdeo.launcher U=0 sz=1}
07-05 22:30:22.104 I/ActivityManager( 1733): TR15) TaskRecord{488def2 #5270 A=com.hisense.hicloud.edca U=0 sz=0}
07-05 22:30:22.108 D/NuPlayerDriver( 1206): notifyResetComplete(0xf40ac520) mState:7
07-05 22:30:22.108 V/NuPlayer( 1206): performReset end pthread_id:f40a3d80
07-05 22:30:22.123 D/PowerManagerService( 1733): setScreenBrightnessOverrideFromWindowManagerInternal done
07-05 22:30:22.169 I/MiSysSrv( 1214): [37m[INFO] Change to Voltage: 107 mv (0x28)[m
07-05 22:30:22.187 I/ActivityManager( 1733): TR16) TaskRecord{2a5c2c6a #5269 A=com.jamdeo.launcher U=0 sz=1}
07-05 22:30:22.187 I/ActivityManager( 1733): TR15) TaskRecord{488def2 #5270 A=com.hisense.hicloud.edca U=0 sz=0}
07-05 22:30:22.191 I/UsageStatsService( 1733): resumed component name is ComponentInfo{com.jamdeo.launcher/com.jamdeo.launcher.app.BaseTileActivity}
07-05 22:30:22.191 I/UsageStatsService( 1733): started component:com.jamdeo.launcher
07-05 22:30:22.191 V/PackageManager( 1733): getPackageInfo com.jamdeo.launcher: Package{33bd5cbf com.jamdeo.launcher}
07-05 22:30:22.191 V/UsageStatsService( 1733): Resumed: 13863762   Component: com.jamdeo.launcher/com.jamdeo.launcher.app.BaseTileActivity   Time: 1499265022191 VersionCode: 100010000   LastUpdateTime: 1167653135000
07-05 22:30:22.191 D/UsageStatsService( 1733): UsageStats: broadcasting intent
07-05 22:30:22.192 W/ContextImpl( 1733): Calling a method in the system process without a qualified user: android.app.ContextImpl.sendBroadcast:1327 com.android.server.usage.UsageStatsService.insertUsageStats:1104 com.android.server.usage.UsageStatsService$PkgUsageStatsExtended.updateResume:962 com.android.server.usage.UsageStatsService$LocalService.noteResumeComponent:759 com.android.server.am.ActivityManagerService.updateUsageStats:3164 
07-05 22:30:22.196 I/BaseTileActivity( 2232): onRestart - mStackId: 151, mTileType:7, mRestored:false, mTileName:com.hisense.hicloud.edca entry:17175af4
07-05 22:30:22.197 D/PowerManagerService( 1733): setScreenBrightnessOverrideFromWindowManagerInternal done
07-05 22:30:22.199 W/ActivityManager( 1733): Spurious death for ProcessRecord{2be2d116 31548:com.hisense.hicloud.edca/u0a10}, curProc for 31548: null
07-05 22:30:22.201 I/ReportService( 3281): Intent received, action = android.intent.action.INSERT
07-05 22:30:22.202 I/ReportService( 3281): modelName is VIDAA_TV
07-05 22:30:22.202 I/BaseTileActivity( 2232): onStart - mStackId: 151, mTileType:7, mRestored:false, mTileName:com.hisense.hicloud.edca 17175af4
07-05 22:30:22.202 I/LauncherSwitcher( 2232): addBaseActivity: activity 17175af4
07-05 22:30:22.202 I/BaseTileActivity( 2232): onResume - mStackId: 151, mTileType:7, mRestored:false, mCreateTime:13827968, mTileName:com.hisense.hicloud.edca, currentTime:13863774 17175af4
07-05 22:30:22.202 I/LauncherSwitcher( 2232): addBaseActivity: activity 17175af4
07-05 22:30:22.202 I/NetflixMonitorService( 1733): current fgapk : com.jamdeo.launcher
07-05 22:30:22.202 I/NetflixMonitorService( 1733): Netflix status unchanged
07-05 22:30:22.203 E/til     ( 2026): [til_get_current_input_source, 101] 
07-05 22:30:22.203 I/TVMW@HsTvSetting( 1234): Trace cmd, data = 0x7007
07-05 22:30:22.203 D/AndroidRuntime(31806): Shutting down VM
07-05 22:30:22.204 I/tilwrapper@sm( 2026): HS2TIL_SourceType *hs=0xd, *til=0x900
07-05 22:30:22.204 D/til     ( 2026): get current source 2304
07-05 22:30:22.204 D/SourceRemoteServiceHandler( 2026): getCurrentInputSource.from.til.result is 0, value is 2304
07-05 22:30:22.204 D/SourceRemoteServiceHandler( 2026): getInputSourceType source: 0x900, type=2304
07-05 22:30:22.204 I/ReportService( 3281): getCurIntputSource2304
07-05 22:30:22.204 E/til     ( 2026): [til_get_current_input_source, 101] 
07-05 22:30:22.205 I/TVMW@HsTvSetting( 1234): Trace cmd, data = 0x7007
07-05 22:30:22.205 W/Activity( 2232): changePanelKeyPadStateIfNecessary() : false
07-05 22:30:22.205 V/InputManager( 2232): setPanelKeyPadConvertState() : false
07-05 22:30:22.205 I/tilwrapper@sm( 2026): HS2TIL_SourceType *hs=0xd, *til=0x900
07-05 22:30:22.205 D/til     ( 2026): get current source 2304
07-05 22:30:22.205 D/SourceRemoteServiceHandler( 2026): getCurrentInputSource.from.til.result is 0, value is 2304
07-05 22:30:22.205 D/SourceRemoteServiceHandler( 2026): getInputSourceType source: 0x900, type=2304
07-05 22:30:22.205 I/ReportService( 3281): siloName isnull
07-05 22:30:22.206 D/ShutdownManager( 2096): Intent received, action=launcher_at_bottom
07-05 22:30:22.206 V/PackageManager( 1733): getPackageInfo com.hisense.hicloud.edca: Package{3fb3f3a1 com.hisense.hicloud.edca}
07-05 22:30:22.207 I/ReportService( 3281): HiReport string sent out is:1.5|3|86100300900000500000060a4818fca8|1499265008|1499265022|com.hisense.hicloud.edca|3.0.0.9.00|8
07-05 22:30:22.207 D/ShutdownManager( 2096): stopMonitoringInputEvent for token=com.jamdeo.ShutdownManager.Inactivity.ScreenSaver
07-05 22:30:22.208 W/ReportService( 3281): enter InsertUserBehaviorDataReportTask  mUri = content://com.hisense.hitv.hicloud.log/loginput mContentValues = lastsessiondurationtime=13770 LOGVALUE=1.5|3|86100300900000500000060a4818fca8|1499265008|1499265022|com.hisense.hicloud.edca|3.0.0.9.00|8 operation=P time=1499265022099 package=com.hisense.hicloud.edca cumulativesessiondurationtime=5312556 versioncode=652 lastupdatetime=1499256171569 _id=null type=APPRUN component=com.hisense.tvui.newhome.HomeMainActivity mContext == com.hisense.hireport.ReportService@3a75cda9mType == 95
07-05 22:30:22.208 I/ReportService( 3281): Intent received, action = android.intent.action.INSERT
07-05 22:30:22.209 D/TvInputManagerService( 1733): call enableMotionEventNotifier:false
07-05 22:30:22.209 D/ShutdownManager( 2096): enableScreensaver: return. MARKET mode on
07-05 22:30:22.209 D/ShutdownManager( 2096): STOP_SCREENSAVER mDreamState=PREPARESTOP
07-05 22:30:22.209 D/ShutdownManager( 2096): broadcast com.jamdeo.intent.STOP_SCREENSAVER
07-05 22:30:22.209 I/ReportService( 3281): modelName is VIDAA_TV
07-05 22:30:22.210 E/til     ( 2026): [til_get_current_input_source, 101] 
07-05 22:30:22.210 I/TVMW@HsTvSetting( 1234): Trace cmd, data = 0x7007
07-05 22:30:22.211 I/tilwrapper@sm( 2026): HS2TIL_SourceType *hs=0xd, *til=0x900
07-05 22:30:22.211 D/til     ( 2026): get current source 2304
07-05 22:30:22.211 D/SourceRemoteServiceHandler( 2026): getCurrentInputSource.from.til.result is 0, value is 2304
07-05 22:30:22.211 D/SourceRemoteServiceHandler( 2026): getInputSourceType source: 0x900, type=2304
07-05 22:30:22.211 I/ReportService( 3281): getCurIntputSource2304
07-05 22:30:22.211 E/til     ( 2026): [til_get_current_input_source, 101] 
07-05 22:30:22.211 I/TVMW@HsTvSetting( 1234): Trace cmd, data = 0x7007
07-05 22:30:22.211 I/tilwrapper@sm( 2026): HS2TIL_SourceType *hs=0xd, *til=0x900
07-05 22:30:22.211 D/til     ( 2026): get current source 2304
07-05 22:30:22.211 D/SourceRemoteServiceHandler( 2026): getCurrentInputSource.from.til.result is 0, value is 2304
07-05 22:30:22.212 D/SourceRemoteServiceHandler( 2026): getInputSourceType source: 0x900, type=2304
07-05 22:30:22.212 I/ReportService( 3281): siloName isnull
07-05 22:30:22.212 V/PackageManager( 1733): getPackageInfo com.jamdeo.launcher: Package{33bd5cbf com.jamdeo.launcher}
07-05 22:30:22.213 D/PowerManagerService( 1733): wakeUp: eventTime=13863785
07-05 22:30:22.213 D/PowerManagerService( 1733): wakeUpInternal: eventTime=13863785, uid=1000
07-05 22:30:22.213 D/PowerManagerService( 1733): wakeUpNoUpdateLocked: eventTime=13863785, uid=1000
07-05 22:30:22.213 V/NuPlayer( 1206): NuPlayer::~NuPlayer ---- Enter ...
07-05 22:30:22.215 I/ReportService( 3281): HiReport string sent out is:1.5|3|86100300900000500000060a4818fca8|1499265022|0|com.jamdeo.launcher|1.1.0|8
07-05 22:30:22.215 I/ReportService( 3281): enter doInBackground*****
07-05 22:30:22.215 W/ReportService( 3281): enter InsertUserBehaviorDataReportTask  mUri = content://com.hisense.hitv.hicloud.log/loginput mContentValues = lastsessiondurationtime=20660 LOGVALUE=1.5|3|86100300900000500000060a4818fca8|1499265022|0|com.jamdeo.launcher|1.1.0|8 operation=R time=1499265022191 package=com.jamdeo.launcher cumulativesessiondurationtime=4061507 versioncode=100010000 lastupdatetime=1167653135000 _id=null type=APPRUN component=com.jamdeo.launcher.app.BaseTileActivity mContext == com.hisense.hireport.ReportService@3a75cda9mType == 95
07-05 22:30:22.219 D/Surface ( 1733): onStatusChange() : mNativeObject = 547819094016 mUseImageHwRender = false
07-05 22:30:22.219 V/Surface ( 1733): nativeSetHardwareRender() : status = 0
07-05 22:30:22.219 V/Surface ( 1733): nativeSetHardwareRender() : end
07-05 22:30:22.219 D/OsdMonitorService( 1733): mCurrentWindow = com.hisense.hicloud.edca/com.hisense.tvui.newhome.HomeMainActivity; newWindow = com.jamdeo.launcher/com.jamdeo.launcher.app.BaseTileActivity; isSubWindow = false; isInWinList = false; isExitNow = false
07-05 22:30:22.219 D/OsdMonitorService( 1733): windowNotOsd() : name = com.jamdeo.launcher/com.jamdeo.launcher.app.BaseTileActivity
07-05 22:30:22.219 I/OsdMonitorService( 1733): setOsdStatus() : status will change from true to true
07-05 22:30:22.221 D/PowerManagerService( 1733): setScreenBrightnessOverrideFromWindowManagerInternal done
07-05 22:30:22.224 D/Surface ( 1733): onStatusChange() : mNativeObject = 0 mUseImageHwRender = false
07-05 22:30:22.228 D/Surface ( 2232): onStatusChange() : mNativeObject = 547534994432 mUseImageHwRender = false
07-05 22:30:22.228 V/Surface ( 2232): nativeSetHardwareRender() : status = 0
07-05 22:30:22.228 V/Surface ( 2232): nativeSetHardwareRender() : end
07-05 22:30:22.230 D/gralloc ( 1204): allocate buffer from ION HEAP 0x1
07-05 22:30:22.230 D/gralloc ( 1204): allocate memory from system heap
07-05 22:30:22.236 I/ReportService( 3281): result is content://com.hisense.hitv.hicloud.log/loginput/1
07-05 22:30:22.236 I/ReportService( 3281): enter onPostExecute result is: true
07-05 22:30:22.236 I/ReportService( 3281): enter doInBackground*****
07-05 22:30:22.239 D/gralloc ( 1204): allocate buffer from ION HEAP 0x1
07-05 22:30:22.239 D/gralloc ( 1204): allocate memory from system heap
07-05 22:30:22.242 D/gralloc ( 1204): allocate buffer from ION HEAP 0x1
07-05 22:30:22.242 D/gralloc ( 1204): allocate memory from system heap
07-05 22:30:22.246 I/RecentDataManager( 2232): mPkgReceiver: action android.intent.action.PACKAGE_RESTARTED
07-05 22:30:22.246 I/RecentDataManager( 2232): package com.hisense.hicloud.edca removed
07-05 22:30:22.246 I/RecentDataManager( 2232): remove item data of com.hisense.hicloud.edca, position: 0
07-05 22:30:22.248 W/InputMethodManagerService( 1733): Got RemoteException sending setActive(false) notification to pid 31548 uid 10010
07-05 22:30:22.249 V/InputMethodService( 2203): unbindInput(): binding=InputBinding{android.os.BinderProxy@48754b6 / uid 10010 / pid 31548} ic=com.android.internal.view.InputConnectionWrapper@2432b5b7
07-05 22:30:22.249 I/MiSysSrv( 1214): [37m[INFO] Change to Voltage: 117 mv (0x32)[m
07-05 22:30:22.251 V/InputMethodService( 2203): bindInput(): binding=InputBinding{android.os.BinderProxy@260c5c33 / uid 10005 / pid 2232} ic=com.android.internal.view.InputConnectionWrapper@3beca4af
07-05 22:30:22.251 V/InputMethodService( 2203): startInput(): editor=android.view.inputmethod.EditorInfo@2c49a0bc
07-05 22:30:22.251 V/InputMethodService( 2203): CALL: onFinishInput
07-05 22:30:22.251 E/SOGOUIME_JNI( 2203): reset
07-05 22:30:22.251 E/SOGOUIME_JNI( 2203): getCandidates
07-05 22:30:22.251 E/SOGOUIME_JNI( 2203): ime_get_uncommitted_length
07-05 22:30:22.252 E/SOGOUIME_JNI( 2203): getCandidates
07-05 22:30:22.252 D/SogouIME API( 2203): ==============num:32
07-05 22:30:22.252 E/SOGOUIME_JNI( 2203): ime_get_uncommitted_length
07-05 22:30:22.252 D/SogouIME( 2203): mFocusedComponent:30   isHkbEnable:false
07-05 22:30:22.252 E/SOGOUIME_JNI( 2203): ime_get_uncommitted_length
07-05 22:30:22.252 E/SOGOUIME_JNI( 2203): ime_get_committed_length
07-05 22:30:22.252 E/SOGOUIME_JNI( 2203): getComposingInfo
07-05 22:30:22.252 E/SOGOUIME_JNI( 2203): getComposingInfo
07-05 22:30:22.252 E/SOGOUIME_JNI( 2203): getCorrectInfo
07-05 22:30:22.252 E/SOGOUIME_JNI( 2203): getComposingInfo
07-05 22:30:22.252 V/InputMethodService( 2203): CALL: onStartInput
07-05 22:30:22.249 D/MC_MEMORY(16055): max: 256.261888 Mb, heap: 10.10778 Mb, allocated: 9.9441 Mb, free: 1.1337 Mb, native heap: 12.12276 Mb, native allocated: 8.8372 Mb, native free: 3.3904 Mb
07-05 22:30:22.252 E/SOGOUIME_JNI( 2203): ime_setClinetPackageName
07-05 22:30:22.253 E/SOGOUIME_JNI( 2203): invalidateCommitWordPinyinNative
07-05 22:30:22.253 D/SogouIME( 2203): =====configKeyboard=======æ˜¯å¦æœ‰ç¡¬ä»¶ç›˜:false     ç¡¬ä»¶ç›˜æ˜¯å¦ä¸å†éšè—ï¼šfalse
07-05 22:30:22.253 E/SOGOUIME_JNI( 2203): ime_set_hard_kb_enable
07-05 22:30:22.255 I/ReportService( 3281): result is content://com.hisense.hitv.hicloud.log/loginput/1
07-05 22:30:22.261 I/ReportService( 3281): enter onPostExecute result is: true
07-05 22:30:22.269 I/BaseTileActivity( 2232): mHandleBackTask run - mStackId: 151, mTileType:7, mRestored:false, mTileName:com.hisense.hicloud.edca, topApp:null, mCheckTopAppFlag:false entry:17175af4
07-05 22:30:22.269 I/BaseTileActivity( 2232): handleTileBack - mStackId: 151, mTileType:7
07-05 22:30:22.269 I/BaseTileActivity( 2232): , prevStackId:6, mTileName:com.hisense.hicloud.edca
07-05 22:30:22.269 D/ActivityStackUtils( 1733): moveStack - stackId: 6, toFront: true
07-05 22:30:22.271 D/OsdMonitorService( 1733): mCurrentWindow = com.jamdeo.launcher/com.jamdeo.launcher.app.BaseTileActivity; newWindow = com.jamdeo.launcher/com.jamdeo.launcher.app.BaseTileActivity; isSubWindow = false; isInWinList = false; isExitNow = false
07-05 22:30:22.271 D/OsdMonitorService( 1733): windowNotOsd() : name = com.jamdeo.launcher/com.jamdeo.launcher.app.BaseTileActivity
07-05 22:30:22.271 I/OsdMonitorService( 1733): setOsdStatus() : status will change from true to true
07-05 22:30:22.271 D/PowerManagerService( 1733): setScreenBrightnessOverrideFromWindowManagerInternal done
07-05 22:30:22.273 D/PowerManagerService( 1733): setScreenBrightnessOverrideFromWindowManagerInternal done
07-05 22:30:22.280 D/SurfaceFlinger( 1204): captureScreen: maxLayerZ = 21045
07-05 22:30:22.281 D/gralloc ( 1204): allocate buffer from ION HEAP 0x1
07-05 22:30:22.281 D/gralloc ( 1204): allocate memory from system heap
07-05 22:30:22.289 I/UsageStatsService( 1733): paused component:com.jamdeo.launcher
07-05 22:30:22.289 V/UsageStatsService( 1733): Paused: 13863861   Component: com.jamdeo.launcher/com.jamdeo.launcher.app.BaseTileActivity   Time: 1499265022289 LastSessionTime: 99 CumulativeSessionTime: 4061606
07-05 22:30:22.290 D/UsageStatsService( 1733): UsageStats: broadcasting intent
07-05 22:30:22.290 W/ContextImpl( 1733): Calling a method in the system process without a qualified user: android.app.ContextImpl.sendBroadcast:1327 com.android.server.usage.UsageStatsService.insertUsageStats:1104 com.android.server.usage.UsageStatsService$PkgUsageStatsExtended.updatePause:979 com.android.server.usage.UsageStatsService$LocalService.notePauseComponent:808 com.android.server.am.ActivityManagerService.updateUsageStats:3173 
07-05 22:30:22.291 D/PowerManagerService( 1733): acquireWakeLockInternal: lock=681732318, flags=0x1, tag="ActivityManager-Launch", ws=null, uid=1000, pid=1733
07-05 22:30:22.291 D/PowerManagerNotifier( 1733): onWakeLockAcquired: flags=1, tag="ActivityManager-Launch", packageName=android, ownerUid=1000, ownerPid=1733, workSource=null
07-05 22:30:22.294 I/ActivityManager( 1733): TR16) TaskRecord{cd10cea #4980 A=com.jamdeo.launcher U=0 sz=1}
07-05 22:30:22.294 I/ActivityManager( 1733): TR15) TaskRecord{488def2 #5270 A=com.hisense.hicloud.edca U=0 sz=0}
07-05 22:30:22.298 I/UsageStatsService( 1733): resumed component name is ComponentInfo{com.jamdeo.launcher/com.jamdeo.launcher.app.BaseTileActivity}
07-05 22:30:22.298 I/UsageStatsService( 1733): started component:com.jamdeo.launcher
07-05 22:30:22.298 V/PackageManager( 1733): getPackageInfo com.jamdeo.launcher: Package{33bd5cbf com.jamdeo.launcher}
07-05 22:30:22.298 V/UsageStatsService( 1733): Resumed: 13863869   Component: com.jamdeo.launcher/com.jamdeo.launcher.app.BaseTileActivity   Time: 1499265022298 VersionCode: 100010000   LastUpdateTime: 1167653135000
07-05 22:30:22.298 D/UsageStatsService( 1733): UsageStats: broadcasting intent
07-05 22:30:22.299 W/ContextImpl( 1733): Calling a method in the system process without a qualified user: android.app.ContextImpl.sendBroadcast:1327 com.android.server.usage.UsageStatsService.insertUsageStats:1104 com.android.server.usage.UsageStatsService$PkgUsageStatsExtended.updateResume:962 com.android.server.usage.UsageStatsService$LocalService.noteResumeComponent:759 com.android.server.am.ActivityManagerService.updateUsageStats:3164 
07-05 22:30:22.303 D/PowerManagerService( 1733): setScreenBrightnessOverrideFromWindowManagerInternal done
07-05 22:30:22.307 D/PowerManagerService( 1733): setScreenBrightnessOverrideFromWindowManagerInternal done
07-05 22:30:22.312 I/TileManager( 2232): moveActivityStack stackId=151, prevStackId:6, front:true, result=false
07-05 22:30:22.313 I/BaseTileActivity( 2232): onPause - mStackId: 151, mTileType:7, mRestored:false, mTileName:com.hisense.hicloud.edca entry:17175af4
07-05 22:30:22.313 I/ReportService( 3281): Intent received, action = android.intent.action.INSERT
07-05 22:30:22.313 D/TileManager( 2232): handleMessage msg={ when=-1ms what=17 obj=DummyApp target=com.jamdeo.launcher.internal.tile.TileManager$MessageHandler }
07-05 22:30:22.313 I/BaseTileActivity( 2232): onRestart - mStackId: 6, mTileType:7, mRestored:false, mTileName:DummyApp entry:ebd962e
07-05 22:30:22.314 E/til     ( 2026): [til_get_current_input_source, 101] 
07-05 22:30:22.314 I/TVMW@HsTvSetting( 1234): Trace cmd, data = 0x7007
07-05 22:30:22.314 I/tilwrapper@sm( 2026): HS2TIL_SourceType *hs=0xd, *til=0x900
07-05 22:30:22.314 D/til     ( 2026): get current source 2304
07-05 22:30:22.314 D/SourceRemoteServiceHandler( 2026): getCurrentInputSource.from.til.result is 0, value is 2304
07-05 22:30:22.314 D/SourceRemoteServiceHandler( 2026): getInputSourceType source: 0x900, type=2304
07-05 22:30:22.314 I/ReportService( 3281): modelName is VIDAA_TV
07-05 22:30:22.314 E/til     ( 2026): [til_get_current_input_source, 101] 
07-05 22:30:22.315 I/BaseTileActivity( 2232): onStart - mStackId: 6, mTileType:7, mRestored:false, mTileName:DummyApp ebd962e
07-05 22:30:22.315 I/LauncherSwitcher( 2232): addBaseActivity: activity ebd962e
07-05 22:30:22.315 I/BaseTileActivity( 2232): onResume - mStackId: 6, mTileType:7, mRestored:false, mCreateTime:4643187, mTileName:DummyApp, currentTime:13863886 ebd962e
07-05 22:30:22.315 I/LauncherSwitcher( 2232): addBaseActivity: activity ebd962e
07-05 22:30:22.315 I/TVMW@HsTvSetting( 1234): Trace cmd, data = 0x7007
07-05 22:30:22.315 D/TileManager( 2232): getInputSourceIdFromTile for tile: Name=DummyApp, Type=APP, InputSourceId=2562, ComponentName=null, mSupportTileTransition=true, mPosition=-1, mMovable=false, mDeletable=false, mPriority=1, mRunTimes=0, CurrentParams={}, PendingParams={}
07-05 22:30:22.315 I/TileManager( 2232): tileAppOpened set source from 2304 to 2562
07-05 22:30:22.316 D/SourceRemoteServiceHandler( 2026): setCurrentInputSource..PID: 2232
07-05 22:30:22.316 D/SourceRemoteServiceHandler( 2026): getInputSourceType source: 0xa02, type=2560
07-05 22:30:22.316 I/tilwrapper@sm( 2026): HS2TIL_SourceType *hs=0xd, *til=0x900
07-05 22:30:22.316 D/til     ( 2026): get current source 2304
07-05 22:30:22.316 E/til     ( 2026): [til_get_current_input_source, 101] 
07-05 22:30:22.316 D/SourceRemoteServiceHandler( 2026): getCurrentInputSource.from.til.result is 0, value is 2304
07-05 22:30:22.316 D/SourceRemoteServiceHandler( 2026): getInputSourceType source: 0x900, type=2304
07-05 22:30:22.316 D/ShutdownManager( 2096): Intent received, action=launcher_at_bottom
07-05 22:30:22.316 W/Activity( 2232): changePanelKeyPadStateIfNecessary() : false
07-05 22:30:22.316 I/TVMW@HsTvSetting( 1234): Trace cmd, data = 0x7007
07-05 22:30:22.316 V/InputManager( 2232): setPanelKeyPadConvertState() : false
07-05 22:30:22.316 D/ShutdownManager( 2096): stopMonitoringInputEvent for token=com.jamdeo.ShutdownManager.Inactivity.ScreenSaver
07-05 22:30:22.316 I/tilwrapper@sm( 2026): HS2TIL_SourceType *hs=0xd, *til=0x900
07-05 22:30:22.316 D/til     ( 2026): get current source 2304
07-05 22:30:22.317 D/PowerManagerService( 1733): setScreenBrightnessOverrideFromWindowManagerInternal done
07-05 22:30:22.317 D/TvInputManagerService( 1733): call enableMotionEventNotifier:false
07-05 22:30:22.317 D/ShutdownManager( 2096): enableScreensaver: return. MARKET mode on
07-05 22:30:22.317 D/ShutdownManager( 2096): STOP_SCREENSAVER mDreamState=PREPARESTOP
07-05 22:30:22.317 D/ShutdownManager( 2096): broadcast com.jamdeo.intent.STOP_SCREENSAVER
07-05 22:30:22.320 D/PowerManagerService( 1733): wakeUp: eventTime=13863891
07-05 22:30:22.320 D/PowerManagerService( 1733): wakeUpInternal: eventTime=13863891, uid=1000
07-05 22:30:22.320 D/PowerManagerService( 1733): wakeUpNoUpdateLocked: eventTime=13863891, uid=1000
07-05 22:30:22.323 D/SourceRemoteServiceHandler( 2026): getInputSourceType source: 0x900, type=2304
07-05 22:30:22.323 D/SourceRemoteServiceHandler( 2026): setCurrentInputSource:real...no...set
07-05 22:30:22.323 I/ReportService( 3281): getCurIntputSource2304
07-05 22:30:22.325 E/til     ( 2026): [til_get_current_input_source, 101] 
07-05 22:30:22.325 I/TVMW@HsTvSetting( 1234): Trace cmd, data = 0x7007
07-05 22:30:22.326 D/SourceManager(15961): get notify onInputSourceChanged: source: 2562
07-05 22:30:22.327 D/SourceManager( 2232): get notify onInputSourceChanged: source: 2562
07-05 22:30:22.326 D/SourceManager( 2026): get notify onInputSourceChanged: source: 2562
07-05 22:30:22.327 W/TvStateManager(15961): mSourceListener.onCurrentInputSourceChanged(currentSource=2562)    source=2560
07-05 22:30:22.327 D/SourceManager( 2232): get notify onInputSourceChanged: source: 2562
07-05 22:30:22.327 D/TvStateManager(15961): write LoginHomeMask true
07-05 22:30:22.327 D/TvStateManager(15961): write LoginHomeMask not null
07-05 22:30:22.327 I/TileManager( 2232): SourceManager onCurrentInputSourceChanged currentSource=2562
07-05 22:30:22.327 D/SourceRemoteServiceHandler( 2026): get startup input source : 2304
07-05 22:30:22.327 D/SourceManager(16541): get notify onInputSourceChanged: source: 2562
07-05 22:30:22.327 D/SourceManager(15961): get notify onInputSourceStatusChanged: source: 2562, status: 1
07-05 22:30:22.327 D/SourceManager( 2232): get notify onInputSourceStatusChanged: source: 2562, status: 1
07-05 22:30:22.327 I/InputSourceDetectionManager( 2232): onCurrentInputSourceStatusChanged() currentSource =2562, status = 1
07-05 22:30:22.327 D/SourceManager( 2026): get notify onInputSourceStatusChanged: source: 2562, status: 1
07-05 22:30:22.327 D/SourceManager(15961): get notify onInputSourceChanged: source: 2562
07-05 22:30:22.327 D/SourceManager(17080): get notify onInputSourceChanged: source: 2562
07-05 22:30:22.327 D/SourceManager( 2232): get notify onInputSourceStatusChanged: source: 2562, status: 1
07-05 22:30:22.327 D/SourceManager(15961): get notify onInputSourceStatusChanged: source: 2562, status: 1
07-05 22:30:22.327 I/TileManager( 2232): SourceManager onCurrentInputSourceStatusChanged currentSource=2562, status=1
07-05 22:30:22.327 D/SourceManager(17080): get notify onInputSourceStatusChanged: source: 2562, status: 1
07-05 22:30:22.327 D/SourceManager(15961): get notify onInputSourceDetected: source: 2562, isConnected: true
07-05 22:30:22.327 D/SourceManager(15961): get notify onInputSourceDetected: source: 2562, isConnected: true
07-05 22:30:22.327 D/SourceManager( 2026): get notify onInputSourceDetected: source: 2562, isConnected: true
07-05 22:30:22.328 D/SourceRemoteServiceHandler( 2026): setCurrentInputSource: 0xa02
