07-05 21:34:51.514 E/SOGOUIME_JNI( 2203): reset
07-05 21:34:51.514 E/SOGOUIME_JNI( 2203): getCandidates
07-05 21:34:51.514 E/SOGOUIME_JNI( 2203): ime_get_uncommitted_length
07-05 21:34:51.514 E/SOGOUIME_JNI( 2203): getCandidates
07-05 21:34:51.514 D/SogouIME API( 2203): ==============num:32
07-05 21:34:51.516 E/SOGOUIME_JNI( 2203): ime_get_uncommitted_length
07-05 21:34:51.517 D/SogouIME( 2203): mFocusedComponent:30   isHkbEnable:false
07-05 21:34:51.517 E/SOGOUIME_JNI( 2203): ime_get_uncommitted_length
07-05 21:34:51.517 E/SOGOUIME_JNI( 2203): ime_get_committed_length
07-05 21:34:51.517 E/SOGOUIME_JNI( 2203): getComposingInfo
07-05 21:34:51.517 E/SOGOUIME_JNI( 2203): getComposingInfo
07-05 21:34:51.517 E/SOGOUIME_JNI( 2203): getCorrectInfo
07-05 21:34:51.517 E/SOGOUIME_JNI( 2203): getComposingInfo
07-05 21:34:51.517 V/InputMethodService( 2203): CALL: onStartInput
07-05 21:34:51.517 E/SOGOUIME_JNI( 2203): invalidateCommitWordPinyinNative
07-05 21:34:51.517 D/SogouIME( 2203): =====configKeyboard=======:false     false
07-05 21:34:51.517 E/SOGOUIME_JNI( 2203): ime_set_hard_kb_enable
07-05 21:34:51.548 I/TVMW@HsTvSetting( 1234): Trace cmd, data = 0x1058
07-05 21:34:51.549 D/til@system( 2026): til_get_system_param option:100002F int:0, bool:0, ret:0
07-05 21:34:51.549 I/TVMW@HsTvSetting( 1234): Trace cmd, data = 0x101f
07-05 21:34:51.551 D/til@system( 2026): til_get_system_param option:100001D int:3, bool:3, ret:0
07-05 21:34:51.551 E/til     ( 2026): [til_get_current_input_source, 101] 
07-05 21:34:51.552 I/TVMW@HsTvSetting( 1234): Trace cmd, data = 0x7007
07-05 21:34:51.552 I/tilwrapper@sm( 2026): HS2TIL_SourceType *hs=0xd, *til=0x900
07-05 21:34:51.553 D/til     ( 2026): get current source 2304
07-05 21:34:51.553 D/SourceRemoteServiceHandler( 2026): getCurrentInputSource.from.til.result is 0, value is 2304
07-05 21:34:51.553 D/SourceRemoteServiceHandler( 2026): getInputSourceType source: 0x900, type=2304
07-05 21:34:51.553 D/til     ( 2026): ###### func:til_get_picture_param option:0x3000006 ######  
07-05 21:34:51.553 I/TVMW@HsTvSetting( 1234): Trace cmd, data = 0x1003
07-05 21:34:51.554 I/TVMW@HsTvSetting( 1234): Trace cmd, data = 0x8032
07-05 21:34:51.554 I/hstvos  ( 1216): [0m[1;33m[HSHAL][HS_VIDEO][HS_HAL_Video_SetOsdDetect_v2][2389]u16Threshold = 20
07-05 21:34:51.556 E/TVMW@videoctrl( 1234):  getOsd is 1
07-05 21:34:51.557 D/til@system( 2026): til_get_system_param option:1000027 int:1, bool:1, ret:0
07-05 21:34:51.557 D/til     ( 2026): ###### func:til_get_picture_param option:0x3000045 ######  
07-05 21:34:51.558 I/TVMW@HsTvSetting( 1234): Trace cmd, data = 0x300c
07-05 21:34:51.558 I/TVMW@HsTvSetting( 1234): Trace 3d, data = 0x300c
07-05 21:34:51.558 I/TVMW@3d ( 1234): Hs_debug3d_trace: func:get3dStatus, line:109
07-05 21:34:51.576 I/NetflixMonitorService( 1733): current fgapk : com.hisense.hicloud.edca
07-05 21:34:51.576 I/NetflixMonitorService( 1733): Netflix status unchanged
07-05 21:34:51.652 D/MSTAR_VDEC_DBG( 1206): Stream ID: 0, Rate : 23 (E:0,D:0,S:0,F:117) 
07-05 21:34:51.810 I/TVMW@devctrl( 1234): wdt
07-05 21:34:51.829 D/PowerManagerService( 1733): acquireWakeLockInternal: lock=113832109, flags=0x1, tag="NetworkStats", ws=null, uid=1000, pid=1733
07-05 21:34:51.829 D/PowerManagerNotifier( 1733): onWakeLockAcquired: flags=1, tag="NetworkStats", packageName=android, ownerUid=1000, ownerPid=1733, workSource=null
07-05 21:34:51.829 D/NtpTrustedTime( 1733): currentTimeMillis() cache hit
07-05 21:34:51.839 D/NtpTrustedTime( 1733): currentTimeMillis() cache hit
07-05 21:34:51.841 D/NtpTrustedTime( 1733): currentTimeMillis() cache hit
07-05 21:34:51.841 D/NtpTrustedTime( 1733): currentTimeMillis() cache hit
07-05 21:34:51.841 D/PowerManagerService( 1733): releaseWakeLockInternal: lock=113832109 [NetworkStats], flags=0x0
07-05 21:34:51.841 D/PowerManagerNotifier( 1733): onWakeLockReleased: flags=1, tag="NetworkStats", packageName=android, ownerUid=1000, ownerPid=1733, workSource=null
07-05 21:34:52.031 I/MyFragmentStateAdapter( 1049): getCount
07-05 21:34:52.059 I/TVMW@HsTvSetting( 1234): Trace cmd, data = 0x1058
07-05 21:34:52.060 D/til@system( 2026): til_get_system_param option:100002F int:0, bool:0, ret:0
07-05 21:34:52.060 I/TVMW@HsTvSetting( 1234): Trace cmd, data = 0x101f
07-05 21:34:52.061 D/til@system( 2026): til_get_system_param option:100001D int:3, bool:3, ret:0
07-05 21:34:52.061 E/til     ( 2026): [til_get_current_input_source, 101] 
07-05 21:34:52.061 I/TVMW@HsTvSetting( 1234): Trace cmd, data = 0x7007
07-05 21:34:52.061 I/tilwrapper@sm( 2026): HS2TIL_SourceType *hs=0xd, *til=0x900
07-05 21:34:52.061 D/til     ( 2026): get current source 2304
07-05 21:34:52.061 D/SourceRemoteServiceHandler( 2026): getCurrentInputSource.from.til.result is 0, value is 2304
07-05 21:34:52.061 D/SourceRemoteServiceHandler( 2026): getInputSourceType source: 0x900, type=2304
07-05 21:34:52.061 D/til     ( 2026): ###### func:til_get_picture_param option:0x3000006 ######  
07-05 21:34:52.061 I/TVMW@HsTvSetting( 1234): Trace cmd, data = 0x1003
07-05 21:34:52.062 I/TVMW@HsTvSetting( 1234): Trace cmd, data = 0x8032
07-05 21:34:52.062 I/hstvos  ( 1216): [0m[1;33m[HSHAL][HS_VIDEO][HS_HAL_Video_SetOsdDetect_v2][2389]u16Threshold = 20
07-05 21:34:52.063 E/TVMW@videoctrl( 1234):  getOsd is 1
07-05 21:34:52.063 D/til@system( 2026): til_get_system_param option:1000027 int:1, bool:1, ret:0
07-05 21:34:52.064 D/til     ( 2026): ###### func:til_get_picture_param option:0x3000045 ######  
07-05 21:34:52.064 I/TVMW@HsTvSetting( 1234): Trace cmd, data = 0x300c
07-05 21:34:52.064 I/TVMW@HsTvSetting( 1234): Trace 3d, data = 0x300c
07-05 21:34:52.064 I/TVMW@3d ( 1234): Hs_debug3d_trace: func:get3dStatus, line:109
07-05 21:34:52.085 I/MyFragmentStateAdapter( 1049): getCount
07-05 21:34:52.162 I/MyFragmentStateAdapter( 1049): getCount
07-05 21:34:52.217 I/MyFragmentStateAdapter( 1049): getCount
07-05 21:34:52.263 I/MyFragmentStateAdapter( 1049): getCount
07-05 21:34:52.313 I/MyFragmentStateAdapter( 1049): getCount
07-05 21:34:52.363 I/MyFragmentStateAdapter( 1049): getCount
07-05 21:34:52.421 I/MyFragmentStateAdapter( 1049): getCount
07-05 21:34:52.469 I/MyFragmentStateAdapter( 1049): getCount
07-05 21:34:52.521 D/GlobalInputEventMonitoringService( 1733): interceptKeyBeforeQueueing(), event:20, mNeedMonitorKeyEvent:true, mWaitForKeyUpEvent:false
07-05 21:34:52.521 D/GlobalInputEventMonitoringService( 1733): processKeyEvent(), processKeyEvent event:20
07-05 21:34:52.522 D/WindowManager( 1733): interceptKeyTq keycode=20 interactive=true keyguardActive=false policyFlags=2b000000 isCancled= false
07-05 21:34:52.522 D/PowerManagerService( 1733): userActivityNoUpdateLocked: eventTime=10534091, event=1, flags=0x0, uid=1000
07-05 21:34:52.522 D/WindowManager( 1733): interceptKeyTi keyCode=20 down=true repeatCount=0 keyguardOn=false mHomePressed=false canceled=false
07-05 21:34:52.523 D/WindowManager( 1733): Hisense systemkey event: 20
07-05 21:34:52.523 D/HisenseGlobalKeyManager( 1733): handleGlobalKey() : Global event = KeyEvent { action=ACTION_DOWN, keyCode=KEYCODE_DPAD_DOWN, scanCode=0, metaState=0, flags=0x0, repeatCount=0, eventTime=10534091, downTime=10534091, deviceId=-1, source=0x101 }
07-05 21:34:52.527 D/SogouIME( 2203): [onKeyDown] keycode = 20 model = VIDAA_TV
07-05 21:34:52.532 D/Carousel-CarouselDisplayPlayerLayout( 1049): HasFocus:true,keyCode:20
07-05 21:34:52.533 D/Carousel-CarouselDisplayPlayerLayout( 1049): isFullScreen:false
07-05 21:34:52.533 D/Carousel-CarouselDisplayPlayerLayout( 1049): isFullScreen:false
07-05 21:34:52.533 I/HomeMainActivity( 1049): carousel handle key:false
07-05 21:34:52.533 I/MainHomeView( 1049): dispatchKeyEvent ACTION_DOWN now 
07-05 21:34:52.533 D/Carousel-CarouselDisplayPicLayout( 1049): keyCode=20
07-05 21:34:52.533 I/FirstLineAdapter( 1049): onCarouselKeyDown: output=true,event=KeyEvent { action=ACTION_DOWN, keyCode=KEYCODE_DPAD_DOWN, scanCode=0, metaState=0, flags=0x0, repeatCount=0, eventTime=10534091, downTime=10534091, deviceId=-1, source=0x101 }
07-05 21:34:52.533 I/HomeMainActivity( 1049): onKeyDown is 20
07-05 21:34:52.534 I/BaseContentFragment( 1049): setRowViewSelectedViewHolder{3d694bda position=1 id=-1, oldPos=-1, pLpos:-1},isSelectedfalse
07-05 21:34:52.534 I/BaseContentFragment( 1049): setRowViewSelectedViewHolder{3e8078b position=2 id=-1, oldPos=-1, pLpos:-1},isSelectedtrue
07-05 21:34:52.538 I/RoleContentFragment( 1049): onChildSelected:2,lastPos=1
07-05 21:34:52.539 I/CurrentCarouselView( 1049): onCarouseControlCarouselControlBean{mShoudScroll=false, mActivityHasResume=false, mActivityHasStop=false, mHasTurnGone=false, mHasTurnVisible=false, mChannelId=0, mSlideOffset=0.0, mShouldSelectCenter=false, mTabOpen=false, mHoriPosStatus=None, mVerPosStatus=Out, mLevelStatus=None},isPlayingtrue,channelId=0
07-05 21:34:52.539 I/CurrentCarouselView( 1049): is the current page
07-05 21:34:52.539 I/CurrentCarouselView( 1049): stopPlay
07-05 21:34:52.548 D/Carousel-CarouselView( 1049): ============>onFocusChange=false
07-05 21:34:52.548 D/Carousel-CarouselDisplayPlayerLayout( 1049): isFullScreen:false
07-05 21:34:52.549 D/Carousel-CarouselView( 1049): isFullScreen:false,hasFocus:false
07-05 21:34:52.549 D/Carousel-CarouselView( 1049): ============>offset=-1526
07-05 21:34:52.549 D/Carousel-CarouselDisplayPlayerLayout( 1049): showPlayerWindowTip showable:false
07-05 21:34:52.559 D/GlobalInputEventMonitoringService( 1733): interceptKeyBeforeQueueing(), event:20, mNeedMonitorKeyEvent:true, mWaitForKeyUpEvent:false
07-05 21:34:52.559 D/GlobalInputEventMonitoringService( 1733): processKeyEvent(), processKeyEvent event:20
07-05 21:34:52.559 D/WindowManager( 1733): interceptKeyTq keycode=20 interactive=true keyguardActive=false policyFlags=2b000000 isCancled= false
07-05 21:34:52.560 D/WindowManager( 1733): interceptKeyTi keyCode=20 down=false repeatCount=0 keyguardOn=false mHomePressed=false canceled=false
07-05 21:34:52.560 D/WindowManager( 1733): Hisense systemkey event: 20
07-05 21:34:52.560 D/HisenseGlobalKeyManager( 1733): handleGlobalKey() : Global event = KeyEvent { action=ACTION_UP, keyCode=KEYCODE_DPAD_DOWN, scanCode=0, metaState=0, flags=0x0, repeatCount=0, eventTime=10534091, downTime=10534091, deviceId=-1, source=0x101 }
07-05 21:34:52.565 I/MyFragmentStateAdapter( 1049): getCount
07-05 21:34:52.569 I/TVMW@HsTvSetting( 1234): Trace cmd, data = 0x1058
07-05 21:34:52.570 D/til@system( 2026): til_get_system_param option:100002F int:0, bool:0, ret:0
07-05 21:34:52.571 I/TVMW@HsTvSetting( 1234): Trace cmd, data = 0x101f
07-05 21:34:52.571 D/til@system( 2026): til_get_system_param option:100001D int:3, bool:3, ret:0
07-05 21:34:52.571 E/til     ( 2026): [til_get_current_input_source, 101] 
07-05 21:34:52.571 I/TVMW@HsTvSetting( 1234): Trace cmd, data = 0x7007
07-05 21:34:52.573 I/tilwrapper@sm( 2026): HS2TIL_SourceType *hs=0xd, *til=0x900
07-05 21:34:52.573 D/til     ( 2026): get current source 2304
07-05 21:34:52.573 D/SourceRemoteServiceHandler( 2026): getCurrentInputSource.from.til.result is 0, value is 2304
07-05 21:34:52.573 D/SourceRemoteServiceHandler( 2026): getInputSourceType source: 0x900, type=2304
07-05 21:34:52.573 D/til     ( 2026): ###### func:til_get_picture_param option:0x3000006 ######  
07-05 21:34:52.574 I/TVMW@HsTvSetting( 1234): Trace cmd, data = 0x1003
07-05 21:34:52.577 I/NetflixMonitorService( 1733): current fgapk : com.hisense.hicloud.edca
07-05 21:34:52.578 I/NetflixMonitorService( 1733): Netflix status unchanged
07-05 21:34:52.578 I/TVMW@HsTvSetting( 1234): Trace cmd, data = 0x8032
07-05 21:34:52.578 I/hstvos  ( 1216): [0m[1;33m[HSHAL][HS_VIDEO][HS_HAL_Video_SetOsdDetect_v2][2389]u16Threshold = 20
07-05 21:34:52.579 E/TVMW@videoctrl( 1234):  getOsd is 1
07-05 21:34:52.579 D/til@system( 2026): til_get_system_param option:1000027 int:1, bool:1, ret:0
07-05 21:34:52.580 D/til     ( 2026): ###### func:til_get_picture_param option:0x3000045 ######  
07-05 21:34:52.580 I/TVMW@HsTvSetting( 1234): Trace cmd, data = 0x300c
07-05 21:34:52.580 I/TVMW@HsTvSetting( 1234): Trace 3d, data = 0x300c
07-05 21:34:52.580 I/TVMW@3d ( 1234): Hs_debug3d_trace: func:get3dStatus, line:109
07-05 21:34:52.600 I/ContentBridgeAdapterListener( 1049): onAddPresenter 3
07-05 21:34:52.621 I/ContentBridgeAdapterListener( 1049): onCreate ViewHolder{19820f2 position=-1 id=-1, oldPos=-1, pLpos:-1 unbound no parent}
07-05 21:34:52.621 I/BaseContentFragment( 1049): setUpSharedViewPoolViewHolder{19820f2 position=-1 id=-1, oldPos=-1, pLpos:-1 unbound no parent}
07-05 21:34:52.621 I/BaseContentFragment( 1049): share view pool
07-05 21:34:52.621 I/BaseContentFragment( 1049): setRowViewSelectedViewHolder{19820f2 position=-1 id=-1, oldPos=-1, pLpos:-1 unbound no parent},isSelectedfalse
07-05 21:34:52.621 I/head    ( 1049): item=com.hisense.tvui.newhome.presenter.TwoLineListRow@34fbf343
07-05 21:34:52.621 I/ContentBridgeAdapterListener( 1049): onBind 
07-05 21:34:52.622 I/ContentBridgeAdapterListener( 1049): onAttachedToWindow ViewHolder{19820f2 position=3 id=-1, oldPos=-1, pLpos:-1}
07-05 21:34:52.629 I/CardSelectionPresenter( 1049): onCreateViewHoldercom.hisense.leanback.widget.HorizontalGridView{3c372dc0 VFE..... ......I. 0,0-0,0 #7f0d038e app:id/row_content}
07-05 21:34:52.640 I/CardSelectionPresenter( 1049): onBindViewHolder
07-05 21:34:52.640 D/sloven  ( 1049): 1002---true
07-05 21:34:52.641 I/CardSelectionPresenter( 1049): width=390,height=220
07-05 21:34:52.680 D/PowerManagerService( 1733): acquireWakeLockInternal: lock=113832109, flags=0x1, tag="NetworkStats", ws=null, uid=1000, pid=1733
07-05 21:34:52.680 D/PowerManagerNotifier( 1733): onWakeLockAcquired: flags=1, tag="NetworkStats", packageName=android, ownerUid=1000, ownerPid=1733, workSource=null
07-05 21:34:52.680 D/NtpTrustedTime( 1733): currentTimeMillis() cache hit
07-05 21:34:52.683 D/MSTAR_VDEC_DBG( 1206): Stream ID: 0, Rate : 24 (E:0,D:0,S:0,F:142) 
07-05 21:34:52.692 D/NtpTrustedTime( 1733): currentTimeMillis() cache hit
07-05 21:34:52.694 D/NtpTrustedTime( 1733): currentTimeMillis() cache hit
07-05 21:34:52.694 D/NtpTrustedTime( 1733): currentTimeMillis() cache hit
07-05 21:34:52.695 D/PowerManagerService( 1733): releaseWakeLockInternal: lock=113832109 [NetworkStats], flags=0x0
07-05 21:34:52.695 D/PowerManagerNotifier( 1733): onWakeLockReleased: flags=1, tag="NetworkStats", packageName=android, ownerUid=1000, ownerPid=1733, workSource=null
07-05 21:34:52.702 D/hailongqiu( 1049): hailongqiu position:0
07-05 21:34:52.705 I/CardSelectionPresenter( 1049): onCreateViewHoldercom.hisense.leanback.widget.HorizontalGridView{3c372dc0 VFE..... ......ID 0,0-1738,588 #7f0d038e app:id/row_content}
07-05 21:34:52.711 I/TVMW@devctrl( 1234): wdt
07-05 21:34:52.722 I/CardSelectionPresenter( 1049): onBindViewHolder
07-05 21:34:52.722 D/sloven  ( 1049): 1002---true
07-05 21:34:52.724 I/CardSelectionPresenter( 1049): width=390,height=220
07-05 21:34:52.727 I/art     ( 1049): Background sticky concurrent mark sweep GC freed 45756(1621KB) AllocSpace objects, 0(0B) LOS objects, 5% free, 27MB/28MB, paused 9.363ms total 82.380ms
07-05 21:34:52.731 I/CardSelectionPresenter( 1049): onCreateViewHoldercom.hisense.leanback.widget.HorizontalGridView{3c372dc0 VFE..... ......ID 0,0-1738,588 #7f0d038e app:id/row_content}
07-05 21:34:52.741 I/CardSelectionPresenter( 1049): onBindViewHolder
07-05 21:34:52.741 D/sloven  ( 1049): 1002---true
07-05 21:34:52.741 I/CardSelectionPresenter( 1049): width=400,height=220
07-05 21:34:52.747 I/CardSelectionPresenter( 1049): onCreateViewHoldercom.hisense.leanback.widget.HorizontalGridView{3c372dc0 VFE..... ......ID 0,0-1738,588 #7f0d038e app:id/row_content}
07-05 21:34:52.752 I/CardSelectionPresenter( 1049): onBindViewHolder
07-05 21:34:52.752 D/sloven  ( 1049): 1002---true
07-05 21:34:52.752 I/CardSelectionPresenter( 1049): width=400,height=220
07-05 21:34:52.756 I/CardSelectionPresenter( 1049): onCreateViewHoldercom.hisense.leanback.widget.HorizontalGridView{3c372dc0 VFE..... ......ID 0,0-1738,588 #7f0d038e app:id/row_content}
07-05 21:34:52.764 I/CardSelectionPresenter( 1049): onBindViewHolder
07-05 21:34:52.765 D/sloven  ( 1049): 1002---true
07-05 21:34:52.765 I/CardSelectionPresenter( 1049): width=400,height=220
07-05 21:34:52.778 I/CardSelectionPresenter( 1049): onCreateViewHoldercom.hisense.leanback.widget.HorizontalGridView{3c372dc0 VFE..... ......ID 0,0-1738,588 #7f0d038e app:id/row_content}
07-05 21:34:52.787 I/CardSelectionPresenter( 1049): onBindViewHolder
07-05 21:34:52.787 D/sloven  ( 1049): 1002---true
07-05 21:34:52.787 I/CardSelectionPresenter( 1049): width=400,height=220
07-05 21:34:52.792 I/CardSelectionPresenter( 1049): onCreateViewHoldercom.hisense.leanback.widget.HorizontalGridView{3c372dc0 VFE..... ......ID 0,0-1738,588 #7f0d038e app:id/row_content}
07-05 21:34:52.798 I/CardSelectionPresenter( 1049): onBindViewHolder
07-05 21:34:52.798 D/sloven  ( 1049): 2005---false
07-05 21:34:52.798 D/sloven  ( 1049): 2005
07-05 21:34:52.799 I/CardSelectionPresenter( 1049): width=400,height=220
07-05 21:34:52.803 I/CardSelectionPresenter( 1049): onCreateViewHoldercom.hisense.leanback.widget.HorizontalGridView{3c372dc0 VFE..... ......ID 0,0-1738,588 #7f0d038e app:id/row_content}
07-05 21:34:52.809 I/CardSelectionPresenter( 1049): onBindViewHolder
07-05 21:34:52.809 D/sloven  ( 1049): 2005---false
07-05 21:34:52.809 D/sloven  ( 1049): 2005
07-05 21:34:52.810 I/CardSelectionPresenter( 1049): width=400,height=220
07-05 21:34:52.812 I/CardSelectionPresenter( 1049): onCreateViewHoldercom.hisense.leanback.widget.HorizontalGridView{3c372dc0 VFE..... ......ID 0,0-1738,588 #7f0d038e app:id/row_content}
07-05 21:34:52.822 I/CardSelectionPresenter( 1049): onBindViewHolder
07-05 21:34:52.822 D/sloven  ( 1049): 2005---false
07-05 21:34:52.822 D/sloven  ( 1049): 2005
07-05 21:34:52.823 I/CardSelectionPresenter( 1049): width=400,height=220
07-05 21:34:52.830 I/CardSelectionPresenter( 1049): onCreateViewHoldercom.hisense.leanback.widget.HorizontalGridView{3c372dc0 VFE..... ......ID 0,0-1738,588 #7f0d038e app:id/row_content}
07-05 21:34:52.838 I/CardSelectionPresenter( 1049): onBindViewHolder
07-05 21:34:52.839 D/sloven  ( 1049): 2005---false
07-05 21:34:52.839 D/sloven  ( 1049): 2005
07-05 21:34:52.839 I/CardSelectionPresenter( 1049): width=400,height=220
07-05 21:34:52.843 I/ContentBridgeAdapterListener( 1049): onDetachedFromWindow ViewHolder{393d54ff position=0 id=-1, oldPos=-1, pLpos:-1}
07-05 21:34:52.845 I/MyFragmentStateAdapter( 1049): getCount
07-05 21:34:52.845 I/MyFragmentStateAdapter( 1049): getCount
07-05 21:34:52.845 I/MyFragmentStateAdapter( 1049): getCount
07-05 21:34:52.845 I/MyFragmentStateAdapter( 1049): getCount
07-05 21:34:52.846 I/FirstLineAdapter( 1049): canShowTrailer,isOffline=false
07-05 21:34:52.846 I/FirstLineAdapter( 1049): canShowTrailer,isOffline=false
07-05 21:34:52.847 I/FirstLineAdapter( 1049): canShowTrailer,isOffline=false
07-05 21:34:52.847 I/FirstLineAdapter( 1049): canShowTrailer,isOffline=false
07-05 21:34:52.847 I/FirstLineAdapter( 1049): canShowTrailer,isOffline=false
07-05 21:34:52.847 I/FirstLineAdapter( 1049): canShowTrailer,isOffline=false
07-05 21:34:52.847 I/FirstLineAdapter( 1049): canShowTrailer,isOffline=false
07-05 21:34:52.847 I/FirstLineAdapter( 1049): canShowTrailer,isOffline=false
07-05 21:34:52.847 I/FirstLineAdapter( 1049): canShowTrailer,isOffline=false
07-05 21:34:52.848 I/ContentBridgeAdapterListener( 1049): onAttachedToWindow ViewHolder{393d54ff position=0 id=-1, oldPos=-1, pLpos:-1}
07-05 21:34:52.855 I/ContentBridgeAdapterListener( 1049): onDetachedFromWindow ViewHolder{393d54ff position=0 id=-1, oldPos=-1, pLpos:-1 scrap [attachedScrap] not recyclable(1) no parent}
07-05 21:34:52.860 D/Carousel-CarouselView( 1049): ============>onScrollChanged hashCode:481735800
07-05 21:34:52.860 D/Carousel-CarouselDisplayPlayerLayout( 1049): isFullScreen:false
07-05 21:34:52.871 I/MyFragmentStateAdapter( 1049): getCount
07-05 21:34:52.877 D/Carousel-CarouselDisplayPlayerLayout( 1049): HasFocus:false,keyCode:20
07-05 21:34:52.877 D/Carousel-CarouselDisplayPlayerLayout( 1049): isFullScreen:false
07-05 21:34:52.877 I/HomeMainActivity( 1049): carousel handle key:false
07-05 21:34:52.878 D/Carousel-CarouselView( 1049): setPosterAndStopPlay! hashCode=481735800, sWorkingHashCode=481735800
07-05 21:34:52.878 D/Carousel-CarouselDisplayPlayerLayout( 1049): isFullScreen:false
07-05 21:34:52.878 D/Carousel-Utils( 1049): displayImage view=android.widget.ImageView{3f51e0b7 G.ED.... ........ 0,0-816,460 #7f0d0029 app:id/imageView1}
07-05 21:34:52.878 D/Carousel-Utils( 1049): displayImage url=http://picture.edu.hismarttv.com/images/20170629010146422927.jpg
07-05 21:34:52.879 D/Carousel-Utils( 1049): onResourceReady.
07-05 21:34:52.881 D/Carousel-Utils( 1049): displayImage view=android.widget.ImageView{869f6bd G.ED.... ........ 0,0-816,460 #7f0d0029 app:id/imageView1}
07-05 21:34:52.881 D/Carousel-Utils( 1049): displayImage url=http://picture.edu.hismarttv.com/images/20170629010146422927.jpg
07-05 21:34:52.881 D/Carousel-Utils( 1049): onResourceReady.
07-05 21:34:52.886 D/Carousel-CarouselDisplayPlayerLayout( 1049): isFullScreen:false
07-05 21:34:52.894 V/InputMethodService( 2203): startInput(): editor=android.view.inputmethod.EditorInfo@1f5973d9
07-05 21:34:52.894 V/InputMethodService( 2203): CALL: onFinishInput
07-05 21:34:52.895 E/SOGOUIME_JNI( 2203): reset
07-05 21:34:52.896 E/SOGOUIME_JNI( 2203): getCandidates
07-05 21:34:52.896 E/SOGOUIME_JNI( 2203): ime_get_uncommitted_length
07-05 21:34:52.896 E/SOGOUIME_JNI( 2203): getCandidates
07-05 21:34:52.896 D/SogouIME API( 2203): ==============num:32
07-05 21:34:52.896 E/SOGOUIME_JNI( 2203): ime_get_uncommitted_length
07-05 21:34:52.896 D/SogouIME( 2203): mFocusedComponent:30   isHkbEnable:false
07-05 21:34:52.897 E/SOGOUIME_JNI( 2203): ime_get_uncommitted_length
07-05 21:34:52.897 E/SOGOUIME_JNI( 2203): ime_get_committed_length
07-05 21:34:52.897 E/SOGOUIME_JNI( 2203): getComposingInfo
07-05 21:34:52.897 E/SOGOUIME_JNI( 2203): getComposingInfo
07-05 21:34:52.897 E/SOGOUIME_JNI( 2203): getCorrectInfo
07-05 21:34:52.897 E/SOGOUIME_JNI( 2203): getComposingInfo
07-05 21:34:52.899 I/MyFragmentStateAdapter( 1049): getCount
07-05 21:34:52.900 I/MyFragmentStateAdapter( 1049): getCount
07-05 21:34:52.901 I/MyFragmentStateAdapter( 1049): getCount
07-05 21:34:52.901 I/MyFragmentStateAdapter( 1049): getCount
07-05 21:34:52.903 V/InputMethodService( 2203): CALL: onStartInput
07-05 21:34:52.903 E/SOGOUIME_JNI( 2203): invalidateCommitWordPinyinNative
07-05 21:34:52.903 D/SogouIME( 2203): =====configKeyboard=======:false     false
07-05 21:34:52.903 E/SOGOUIME_JNI( 2203): ime_set_hard_kb_enable
07-05 21:34:52.903 D/Surface ( 1733): onStatusChange() : mNativeObject = 547819129856 mUseImageHwRender = false
07-05 21:34:52.903 V/Surface ( 1733): nativeSetHardwareRender() : status = 0
07-05 21:34:52.903 V/Surface ( 1733): nativeSetHardwareRender() : end
07-05 21:34:52.909 D/PowerManagerService( 1733): releaseWakeLockInternal: lock=487931605 [WindowManager], flags=0x0
07-05 21:34:52.909 D/PowerManagerNotifier( 1733): onWakeLockReleased: flags=536870922, tag="WindowManager", packageName=android, ownerUid=1000, ownerPid=1733, workSource=WorkSource{10010}
07-05 21:34:52.909 D/PowerManagerService( 1733): userActivityNoUpdateLocked: eventTime=10534480, event=0, flags=0x1, uid=1000
07-05 21:34:52.909 D/PowerManagerService( 1733): setScreenBrightnessOverrideFromWindowManagerInternal done
07-05 21:34:52.911 D/Surface ( 1733): onStatusChange() : mNativeObject = 0 mUseImageHwRender = false
07-05 21:34:52.912 I/FirstLineAdapter( 1049): canShowTrailer,isOffline=false
07-05 21:34:52.912 I/FirstLineAdapter( 1049): canShowTrailer,isOffline=false
07-05 21:34:52.912 I/FirstLineAdapter( 1049): canShowTrailer,isOffline=false
07-05 21:34:52.912 I/FirstLineAdapter( 1049): canShowTrailer,isOffline=false
07-05 21:34:52.912 I/FirstLineAdapter( 1049): canShowTrailer,isOffline=false
07-05 21:34:52.912 I/FirstLineAdapter( 1049): canShowTrailer,isOffline=false
07-05 21:34:52.912 I/FirstLineAdapter( 1049): canShowTrailer,isOffline=false
07-05 21:34:52.913 I/FirstLineAdapter( 1049): canShowTrailer,isOffline=false
07-05 21:34:52.913 I/FirstLineAdapter( 1049): canShowTrailer,isOffline=false
07-05 21:34:52.917 D/Carousel-CarouselView( 1049): ============>onScrollChanged hashCode:481735800
07-05 21:34:52.917 D/Carousel-CarouselDisplayPlayerLayout( 1049): isFullScreen:false
07-05 21:34:52.921 I/MyFragmentStateAdapter( 1049): getCount
07-05 21:34:52.927 D/Carousel-CarouselDisplayPlayerLayout( 1049): x=380, y=-185,w=892,h=536, hashCode=627795840
07-05 21:34:52.927 D/Carousel-CarouselDisplayPlayerLayout( 1049): mX=380, mY=167,mWitdh=892,mHeight=536, hashCode=627795840
07-05 21:34:52.927 D/Carousel-CarouselDisplayPlayerLayout( 1049): changed=true, hashCode=627795840
07-05 21:34:52.928 D/Carousel-Utils( 1049): x=380,y=-185, width=892,height=536
07-05 21:34:52.928 D/Carousel-CarouselView( 1049): onWindowOutScreen!
07-05 21:34:52.928 D/Carousel-CarouselView( 1049): OnScrollStart DisplayPlayerLayout isnot shown return.
07-05 21:34:52.946 D/Carousel-CarouselDisplayPlayerLayout( 1049): x=380, y=-185,w=892,h=536, hashCode=627795840
07-05 21:34:52.946 D/Carousel-CarouselDisplayPlayerLayout( 1049): mX=380, mY=-185,mWitdh=892,mHeight=536, hashCode=627795840
07-05 21:34:52.946 D/Carousel-CarouselDisplayPlayerLayout( 1049): changed=false, hashCode=627795840
07-05 21:34:52.946 D/Carousel-CarouselDisplayPlayerLayout( 1049): extraTryCount=0
07-05 21:34:52.948 D/Carousel-CarouselView( 1049): setPosterAndStopPlay! hashCode=481735800, sWorkingHashCode=481735800
07-05 21:34:52.949 D/Carousel-CarouselDisplayPlayerLayout( 1049): isFullScreen:false
07-05 21:34:52.949 D/Carousel-Utils( 1049): displayImage view=android.widget.ImageView{3f51e0b7 V.ED.... ........ 0,0-816,460 #7f0d0029 app:id/imageView1}
07-05 21:34:52.949 D/Carousel-Utils( 1049): displayImage url=http://picture.edu.hismarttv.com/images/20170629010146422927.jpg
07-05 21:34:52.950 D/Carousel-Utils( 1049): onResourceReady.
07-05 21:34:52.950 D/Carousel-Utils( 1049): displayImage view=android.widget.ImageView{869f6bd V.ED.... ......ID 0,0-816,460 #7f0d0029 app:id/imageView1}
07-05 21:34:52.950 D/Carousel-Utils( 1049): displayImage url=http://picture.edu.hismarttv.com/images/20170629010146422927.jpg
07-05 21:34:52.951 D/Carousel-Utils( 1049): onResourceReady.
07-05 21:34:52.951 D/Carousel-CarouselDisplayPlayerLayout( 1049): isFullScreen:false
07-05 21:34:52.951 D/Carousel-CarouselDisplayPlayerLayout( 1049): x=380, y=-185,w=892,h=536, hashCode=627795840
07-05 21:34:52.951 D/Carousel-CarouselDisplayPlayerLayout( 1049): mX=380, mY=-185,mWitdh=892,mHeight=536, hashCode=627795840
07-05 21:34:52.951 D/Carousel-CarouselDisplayPlayerLayout( 1049): changed=false, hashCode=627795840
07-05 21:34:52.951 D/Carousel-CarouselDisplayPlayerLayout( 1049): extraTryCount=1
07-05 21:34:52.972 D/HttpHandler( 1049): VerifySignInterCeptor-->request.url()=http://picture.edu.hismarttv.com/images/20170628233246121281.jpg
07-05 21:34:52.973 D/HttpHandler( 1049): VerifySignInterCeptor-->hostname=picture.edu.hismarttv.com
07-05 21:34:52.974 D/CardItemView( 1049): handleFocus subtile===>:
07-05 21:34:52.983 D/OkHttp  ( 1049): --> GET http://picture.edu.hismarttv.com/images/20170628233246121281.jpg http/1.1
07-05 21:34:52.983 D/OkHttp  ( 1049): Host: picture.edu.hismarttv.com
07-05 21:34:52.983 D/OkHttp  ( 1049): Connection: Keep-Alive
07-05 21:34:52.983 I/MyFragmentStateAdapter( 1049): getCount
07-05 21:34:52.983 D/OkHttp  ( 1049): Accept-Encoding: gzip
07-05 21:34:52.983 D/OkHttp  ( 1049): User-Agent: okhttp/3.6.0
07-05 21:34:52.983 I/MyFragmentStateAdapter( 1049): getCount
07-05 21:34:52.983 D/OkHttp  ( 1049): --> END GET
07-05 21:34:52.983 I/MyFragmentStateAdapter( 1049): getCount
07-05 21:34:52.983 I/MyFragmentStateAdapter( 1049): getCount
07-05 21:34:52.984 I/FirstLineAdapter( 1049): canShowTrailer,isOffline=false
07-05 21:34:52.984 I/FirstLineAdapter( 1049): canShowTrailer,isOffline=false
07-05 21:34:52.984 I/FirstLineAdapter( 1049): canShowTrailer,isOffline=false
07-05 21:34:52.984 I/FirstLineAdapter( 1049): canShowTrailer,isOffline=false
07-05 21:34:52.984 I/FirstLineAdapter( 1049): canShowTrailer,isOffline=false
07-05 21:34:52.985 I/FirstLineAdapter( 1049): canShowTrailer,isOffline=false
07-05 21:34:52.985 I/FirstLineAdapter( 1049): canShowTrailer,isOffline=false
07-05 21:34:52.985 I/FirstLineAdapter( 1049): canShowTrailer,isOffline=false
07-05 21:34:52.985 I/FirstLineAdapter( 1049): canShowTrailer,isOffline=false
07-05 21:34:52.987 D/HttpHandler( 1049): VerifySignInterCeptor-->request.url()=http://picture.edu.hismarttv.com/images/
07-05 21:34:52.987 D/HttpHandler( 1049): VerifySignInterCeptor-->hostname=picture.edu.hismarttv.com
07-05 21:34:52.989 D/HttpHandler( 1049): VerifySignInterCeptor-->request.url()=http://picture.edu.hismarttv.com/images/20170630060938851994.jpg
07-05 21:34:52.989 D/HttpHandler( 1049): VerifySignInterCeptor-->hostname=picture.edu.hismarttv.com
07-05 21:34:52.994 D/HttpHandler( 1049): VerifySignInterCeptor-->request.url()=http://picture.edu.hismarttv.com/images/20170629/%E6%B3%A1%E6%B3%A1%E8%8B%B1%E8%AF%AD.jpg
07-05 21:34:52.994 D/HttpHandler( 1049): VerifySignInterCeptor-->hostname=picture.edu.hismarttv.com
07-05 21:34:52.995 D/OkHttp  ( 1049): <-- 200 OK http://picture.edu.hismarttv.com/images/20170628233246121281.jpg (11ms)
07-05 21:34:52.995 D/OkHttp  ( 1049): Date: Mon, 03 Jul 2017 11:52:43 GMT
07-05 21:34:52.995 D/OkHttp  ( 1049): Server: nginx
07-05 21:34:52.995 D/OkHttp  ( 1049): Content-Type: image/jpeg
07-05 21:34:52.995 D/OkHttp  ( 1049): Content-Length: 50603
07-05 21:34:52.995 D/OkHttp  ( 1049): Last-Modified: Wed, 28 Jun 2017 23:32:46 GMT
07-05 21:34:52.995 D/OkHttp  ( 1049): ETag: "59543c9e-c5ab"
07-05 21:34:52.995 D/OkHttp  ( 1049): Accept-Ranges: bytes
07-05 21:34:52.995 D/OkHttp  ( 1049): Age: 178929
07-05 21:34:52.995 D/OkHttp  ( 1049): Via: 1.1 zhiwtong176:0 (Cdn Cache Server V2.0)[39 200 0], 1.1 nwangtong98:2 (Cdn Cache Server V2.0)[0 200 0]
07-05 21:34:52.995 D/OkHttp  ( 1049): Connection: keep-alive
07-05 21:34:52.995 D/OkHttp  ( 1049): <-- END HTTP
07-05 21:34:52.996 D/HttpHandler( 1049): RetryIntercepter-->retryNum=0
07-05 21:34:52.996 D/HttpHandler( 1049): RetryIntercepter-->backoffmutiplier=0
07-05 21:34:52.997 I/MyFragmentStateAdapter( 1049): getCount
07-05 21:34:53.001 D/OkHttp  ( 1049): --> GET http://picture.edu.hismarttv.com/images/20170630060938851994.jpg http/1.1
07-05 21:34:53.001 D/OkHttp  ( 1049): Host: picture.edu.hismarttv.com
07-05 21:34:53.001 D/OkHttp  ( 1049): Connection: Keep-Alive
07-05 21:34:53.001 D/OkHttp  ( 1049): Accept-Encoding: gzip
07-05 21:34:53.001 D/OkHttp  ( 1049): User-Agent: okhttp/3.6.0
07-05 21:34:53.001 D/OkHttp  ( 1049): --> END GET
07-05 21:34:53.001 D/OkHttp  ( 1049): --> GET http://picture.edu.hismarttv.com/images/ http/1.1
07-05 21:34:53.001 D/OkHttp  ( 1049): Host: picture.edu.hismarttv.com
07-05 21:34:53.001 D/OkHttp  ( 1049): Connection: Keep-Alive
07-05 21:34:53.001 D/OkHttp  ( 1049): Accept-Encoding: gzip
07-05 21:34:53.001 D/OkHttp  ( 1049): User-Agent: okhttp/3.6.0
07-05 21:34:53.001 D/OkHttp  ( 1049): --> END GET
07-05 21:34:53.011 D/HttpHandler( 1049): HttpDNS-->hostname=picture.edu.hismarttv.com
07-05 21:34:53.022 D/OkHttp  ( 1049): <-- 200 OK http://picture.edu.hismarttv.com/images/20170630060938851994.jpg (21ms)
07-05 21:34:53.022 D/OkHttp  ( 1049): Date: Mon, 03 Jul 2017 11:52:43 GMT
07-05 21:34:53.022 D/OkHttp  ( 1049): Server: nginx
07-05 21:34:53.022 D/OkHttp  ( 1049): Content-Type: image/jpeg
07-05 21:34:53.022 D/OkHttp  ( 1049): Content-Length: 84036
07-05 21:34:53.022 D/OkHttp  ( 1049): Last-Modified: Fri, 30 Jun 2017 06:09:38 GMT
07-05 21:34:53.022 D/OkHttp  ( 1049): ETag: "5955eb22-14844"
07-05 21:34:53.022 D/OkHttp  ( 1049): Accept-Ranges: bytes
07-05 21:34:53.022 D/OkHttp  ( 1049): Age: 178929
07-05 21:34:53.022 D/OkHttp  ( 1049): Via: 1.1 pingwangtong50:6 (Cdn Cache Server V2.0)[0 200 0], 1.1 anwangtong99:0 (Cdn Cache Server V2.0)[0 200 0]
07-05 21:34:53.023 D/OkHttp  ( 1049): Connection: keep-alive
07-05 21:34:53.023 D/OkHttp  ( 1049): <-- END HTTP
07-05 21:34:53.034 D/HttpHandler( 1049): RetryIntercepter-->retryNum=0
07-05 21:34:53.035 D/HttpHandler( 1049): RetryIntercepter-->backoffmutiplier=0
07-05 21:34:53.040 D/HttpHandler( 1049): RAMCache-->hostInfo.getClientTimeStamp()=10523400
07-05 21:34:53.040 D/HttpHandler( 1049): RAMCache-->hostInfo.getTtl()=300
07-05 21:34:53.040 D/HttpHandler( 1049): RAMCache-->SystemClock.elapsedRealtime()=10534611
07-05 21:34:53.070 I/MiSysSrv( 1214): [37m[INFO] Change to Voltage: 117 mv (0x32)[m
07-05 21:34:53.082 I/TVMW@HsTvSetting( 1234): Trace cmd, data = 0x1058
07-05 21:34:53.082 D/til@system( 2026): til_get_system_param option:100002F int:0, bool:0, ret:0
07-05 21:34:53.082 I/TVMW@HsTvSetting( 1234): Trace cmd, data = 0x101f
07-05 21:34:53.082 D/til@system( 2026): til_get_system_param option:100001D int:3, bool:3, ret:0
07-05 21:34:53.082 E/til     ( 2026): [til_get_current_input_source, 101] 
07-05 21:34:53.083 I/TVMW@HsTvSetting( 1234): Trace cmd, data = 0x7007
07-05 21:34:53.083 I/tilwrapper@sm( 2026): HS2TIL_SourceType *hs=0xd, *til=0x900
07-05 21:34:53.083 D/til     ( 2026): get current source 2304
07-05 21:34:53.083 D/SourceRemoteServiceHandler( 2026): getCurrentInputSource.from.til.result is 0, value is 2304
07-05 21:34:53.083 D/SourceRemoteServiceHandler( 2026): getInputSourceType source: 0x900, type=2304
07-05 21:34:53.083 D/til     ( 2026): ###### func:til_get_picture_param option:0x3000006 ######  
07-05 21:34:53.084 I/TVMW@HsTvSetting( 1234): Trace cmd, data = 0x1003
07-05 21:34:53.085 I/TVMW@HsTvSetting( 1234): Trace cmd, data = 0x8032
07-05 21:34:53.086 I/hstvos  ( 1216): [0m[1;33m[HSHAL][HS_VIDEO][HS_HAL_Video_SetOsdDetect_v2][2389]u16Threshold = 20
07-05 21:34:53.087 E/TVMW@videoctrl( 1234):  getOsd is 1
07-05 21:34:53.087 D/til@system( 2026): til_get_system_param option:1000027 int:1, bool:1, ret:0
07-05 21:34:53.087 D/til     ( 2026): ###### func:til_get_picture_param option:0x3000045 ######  
07-05 21:34:53.088 I/TVMW@HsTvSetting( 1234): Trace cmd, data = 0x300c
07-05 21:34:53.088 I/TVMW@HsTvSetting( 1234): Trace 3d, data = 0x300c
07-05 21:34:53.088 I/TVMW@3d ( 1234): Hs_debug3d_trace: func:get3dStatus, line:109
07-05 21:34:53.092 D/OkHttp  ( 1049): <-- 403 Forbidden http://picture.edu.hismarttv.com/images/ (90ms)
07-05 21:34:53.092 D/OkHttp  ( 1049): Date: Wed, 05 Jul 2017 13:34:52 GMT
07-05 21:34:53.092 D/OkHttp  ( 1049): Server: nginx
07-05 21:34:53.092 D/OkHttp  ( 1049): Content-Type: text/html; charset=UTF-8
07-05 21:34:53.092 D/OkHttp  ( 1049): Content-Length: 162
07-05 21:34:53.092 D/OkHttp  ( 1049): Via: 1.1 shuozhou56:0 (Cdn Cache Server V2.0)[44 403 2], 1.1 anwangtong96:0 (Cdn Cache Server V2.0)[78 403 2]
07-05 21:34:53.092 D/OkHttp  ( 1049): Connection: close
07-05 21:34:53.093 D/OkHttp  ( 1049): <-- END HTTP
07-05 21:34:53.093 D/HttpHandler( 1049): RetryIntercepter-->retryNum=0
07-05 21:34:53.093 D/HttpHandler( 1049): RetryIntercepter-->backoffmutiplier=0
07-05 21:34:53.104 D/Carousel-CarouselDisplayPlayerLayout( 1049): x=380, y=-185,w=892,h=536, hashCode=627795840
07-05 21:34:53.104 D/Carousel-CarouselDisplayPlayerLayout( 1049): mX=380, mY=-185,mWitdh=892,mHeight=536, hashCode=627795840
07-05 21:34:53.104 D/Carousel-CarouselDisplayPlayerLayout( 1049): changed=false, hashCode=627795840
07-05 21:34:53.104 D/Carousel-CarouselDisplayPlayerLayout( 1049): extraTryCount=2
07-05 21:34:53.105 D/Carousel-CarouselDisplayPlayerLayout( 1049): x=380, y=-185,w=892,h=536, hashCode=627795840
07-05 21:34:53.105 D/Carousel-CarouselDisplayPlayerLayout( 1049): mX=380, mY=-185,mWitdh=892,mHeight=536, hashCode=627795840
07-05 21:34:53.105 D/Carousel-CarouselDisplayPlayerLayout( 1049): changed=false, hashCode=627795840
07-05 21:34:53.105 D/Carousel-CarouselDisplayPlayerLayout( 1049): extraTryCount=3
07-05 21:34:53.117 D/HttpHandler( 1049): VerifySignInterCeptor-->request.url()=http://picture.edu.hismarttv.com/images/20170630060641226550.jpg
07-05 21:34:53.117 D/HttpHandler( 1049): VerifySignInterCeptor-->hostname=picture.edu.hismarttv.com
07-05 21:34:53.120 D/OkHttp  ( 1049): --> GET http://picture.edu.hismarttv.com/images/20170630060641226550.jpg http/1.1
07-05 21:34:53.120 D/OkHttp  ( 1049): Host: picture.edu.hismarttv.com
07-05 21:34:53.120 D/OkHttp  ( 1049): Connection: Keep-Alive
07-05 21:34:53.120 D/OkHttp  ( 1049): Accept-Encoding: gzip
07-05 21:34:53.120 D/OkHttp  ( 1049): User-Agent: okhttp/3.6.0
07-05 21:34:53.120 D/OkHttp  ( 1049): --> END GET
07-05 21:34:53.122 I/MyFragmentStateAdapter( 1049): getCount
07-05 21:34:53.122 D/HttpHandler( 1049): DNSHelper-->gslbDns=["123.128.14.209","153.35.175.121","220.202.77.124","153.35.175.120","125.46.22.134","218.58.206.58","220.202.77.116"]
07-05 21:34:53.135 D/OkHttp  ( 1049): <-- 200 OK http://picture.edu.hismarttv.com/images/20170630060641226550.jpg (15ms)
07-05 21:34:53.135 D/OkHttp  ( 1049): Date: Mon, 03 Jul 2017 11:52:43 GMT
07-05 21:34:53.135 D/OkHttp  ( 1049): Server: nginx
07-05 21:34:53.135 D/OkHttp  ( 1049): Content-Type: image/jpeg
07-05 21:34:53.135 D/OkHttp  ( 1049): Content-Length: 121881
07-05 21:34:53.135 D/OkHttp  ( 1049): Last-Modified: Fri, 30 Jun 2017 06:06:41 GMT
07-05 21:34:53.136 D/OkHttp  ( 1049): ETag: "5955ea71-1dc19"
07-05 21:34:53.136 D/OkHttp  ( 1049): Accept-Ranges: bytes
07-05 21:34:53.136 D/OkHttp  ( 1049): Age: 178929
07-05 21:34:53.136 D/OkHttp  ( 1049): Via: 1.1 wangt170:6 (Cdn Cache Server V2.0)[0 200 0], 1.1 anwangtong96:1 (Cdn Cache Server V2.0)[0 200 0]
07-05 21:34:53.136 D/OkHttp  ( 1049): Connection: keep-alive
07-05 21:34:53.136 D/OkHttp  ( 1049): <-- END HTTP
07-05 21:34:53.136 D/HttpHandler( 1049): RetryIntercepter-->retryNum=0
07-05 21:34:53.137 D/HttpHandler( 1049): RetryIntercepter-->backoffmutiplier=0
07-05 21:34:53.149 D/Carousel-CarouselDisplayPlayerLayout( 1049): x=380, y=-185,w=892,h=536, hashCode=627795840
07-05 21:34:53.149 D/Carousel-CarouselDisplayPlayerLayout( 1049): mX=380, mY=-185,mWitdh=892,mHeight=536, hashCode=627795840
07-05 21:34:53.149 D/Carousel-CarouselDisplayPlayerLayout( 1049): changed=false, hashCode=627795840
07-05 21:34:53.149 D/Carousel-CarouselDisplayPlayerLayout( 1049): extraTryCount=4
07-05 21:34:53.149 D/Carousel-CarouselDisplayPlayerLayout( 1049): x=380, y=-185,w=892,h=536, hashCode=627795840
07-05 21:34:53.149 D/Carousel-CarouselDisplayPlayerLayout( 1049): mX=380, mY=-185,mWitdh=892,mHeight=536, hashCode=627795840
07-05 21:34:53.149 D/Carousel-CarouselDisplayPlayerLayout( 1049): changed=false, hashCode=627795840
07-05 21:34:53.149 D/Carousel-CarouselDisplayPlayerLayout( 1049): extraTryCount=5
07-05 21:34:53.166 D/Carousel-CarouselDisplayPlayerLayout( 1049): x=380, y=-185,w=892,h=536, hashCode=627795840
07-05 21:34:53.166 D/Carousel-CarouselDisplayPlayerLayout( 1049): mX=380, mY=-185,mWitdh=892,mHeight=536, hashCode=627795840
07-05 21:34:53.166 D/Carousel-CarouselDisplayPlayerLayout( 1049): changed=false, hashCode=627795840
07-05 21:34:53.166 D/Carousel-CarouselDisplayPlayerLayout( 1049): extraTryCount=6
07-05 21:34:53.166 D/Carousel-CarouselDisplayPlayerLayout( 1049): x=380, y=-185,w=892,h=536, hashCode=627795840
07-05 21:34:53.166 D/Carousel-CarouselDisplayPlayerLayout( 1049): mX=380, mY=-185,mWitdh=892,mHeight=536, hashCode=627795840
07-05 21:34:53.167 D/Carousel-CarouselDisplayPlayerLayout( 1049): changed=false, hashCode=627795840
07-05 21:34:53.167 D/Carousel-CarouselDisplayPlayerLayout( 1049): extraTryCount=7
07-05 21:34:53.182 D/OkHttp  ( 1049): --> GET http://picture.edu.hismarttv.com/images/20170629/%E6%B3%A1%E6%B3%A1%E8%8B%B1%E8%AF%AD.jpg http/1.1
07-05 21:34:53.182 D/OkHttp  ( 1049): Host: picture.edu.hismarttv.com
07-05 21:34:53.182 D/OkHttp  ( 1049): Connection: Keep-Alive
07-05 21:34:53.182 D/OkHttp  ( 1049): Accept-Encoding: gzip
07-05 21:34:53.182 D/OkHttp  ( 1049): User-Agent: okhttp/3.6.0
07-05 21:34:53.182 D/OkHttp  ( 1049): --> END GET
07-05 21:34:53.191 D/Carousel-CarouselDisplayPlayerLayout( 1049): x=380, y=-185,w=892,h=536, hashCode=627795840
07-05 21:34:53.191 D/Carousel-CarouselDisplayPlayerLayout( 1049): mX=380, mY=-185,mWitdh=892,mHeight=536, hashCode=627795840
07-05 21:34:53.191 D/Carousel-CarouselDisplayPlayerLayout( 1049): changed=false, hashCode=627795840
07-05 21:34:53.191 D/Carousel-CarouselDisplayPlayerLayout( 1049): extraTryCount=8
07-05 21:34:53.192 D/Carousel-CarouselDisplayPlayerLayout( 1049): x=380, y=-185,w=892,h=536, hashCode=627795840
07-05 21:34:53.194 D/Carousel-CarouselDisplayPlayerLayout( 1049): mX=380, mY=-185,mWitdh=892,mHeight=536, hashCode=627795840
07-05 21:34:53.194 D/Carousel-CarouselDisplayPlayerLayout( 1049): changed=false, hashCode=627795840
07-05 21:34:53.194 D/Carousel-CarouselDisplayPlayerLayout( 1049): extraTryCount=9
07-05 21:34:53.201 D/OkHttp  ( 1049): <-- 200 OK http://picture.edu.hismarttv.com/images/20170629/%E6%B3%A1%E6%B3%A1%E8%8B%B1%E8%AF%AD.jpg (17ms)
07-05 21:34:53.201 D/OkHttp  ( 1049): Date: Mon, 03 Jul 2017 11:52:43 GMT
07-05 21:34:53.201 D/OkHttp  ( 1049): Server: nginx
07-05 21:34:53.201 D/OkHttp  ( 1049): Content-Type: image/jpeg
07-05 21:34:53.201 D/OkHttp  ( 1049): Content-Length: 121122
07-05 21:34:53.201 D/OkHttp  ( 1049): Last-Modified: Fri, 09 Jun 2017 14:51:42 GMT
07-05 21:34:53.201 D/OkHttp  ( 1049): ETag: "593ab5fe-1d922"
07-05 21:34:53.201 D/OkHttp  ( 1049): Accept-Ranges: bytes
07-05 21:34:53.201 D/OkHttp  ( 1049): Age: 178930
07-05 21:34:53.201 D/OkHttp  ( 1049): Via: 1.1 pingwangtong47:0 (Cdn Cache Server V2.0)[0 200 0], 1.1 nwangtong98:8 (Cdn Cache Server V2.0)[0 200 0]
07-05 21:34:53.201 D/OkHttp  ( 1049): Connection: keep-alive
07-05 21:34:53.201 D/OkHttp  ( 1049): <-- END HTTP
07-05 21:34:53.202 D/HttpHandler( 1049): RetryIntercepter-->retryNum=0
07-05 21:34:53.218 D/HttpHandler( 1049): RetryIntercepter-->backoffmutiplier=0
07-05 21:34:53.231 D/DtvSourcePlugin-DVBC(15961): Setting the EPG Updater state to: WAIT
07-05 21:34:53.237 D/Carousel-CarouselDisplayPlayerLayout( 1049): x=380, y=-185,w=892,h=536, hashCode=627795840
07-05 21:34:53.237 D/Carousel-CarouselDisplayPlayerLayout( 1049): mX=380, mY=-185,mWitdh=892,mHeight=536, hashCode=627795840
07-05 21:34:53.237 D/Carousel-CarouselDisplayPlayerLayout( 1049): changed=false, hashCode=627795840
07-05 21:34:53.237 D/Carousel-CarouselDisplayPlayerLayout( 1049): isFullScreen:false
07-05 21:34:53.237 D/Carousel-CarouselView( 1049): ===========>mDisplayPlayerLayout.getVisibility()=8
07-05 21:34:53.237 D/Carousel-CarouselView( 1049): OnScrollEnd Visibility is gone return.
07-05 21:34:53.260 D/Carousel-CarouselVideoViewImpl( 1049): stopPlay.
07-05 21:34:53.263 V/MediaPlayer-JNI( 1049): isPlaying: 1
07-05 21:34:53.263 D/Carousel-UrlVideoView( 1049): isInPlaybackState=true
07-05 21:34:53.263 D/Carousel-UrlVideoView( 1049): mCurrentState=3
07-05 21:34:53.264 V/MediaPlayer-JNI( 1049): getCurrentPosition: 5657 (msec)
07-05 21:34:53.264 D/Carousel-CarouselVideoViewImpl( 1049): position=5657
07-05 21:34:53.264 V/MediaPlayer-JNI( 1049): stop
07-05 21:34:53.264 D/NuPlayerDriver( 1206): stop(0xd78434c0)   mState:5
07-05 21:34:53.266 D/HttpHandler( 1049): VerifySignInterCeptor-->request.url()=http://picture.edu.hismarttv.com/images/20170630060711088714.jpg
07-05 21:34:53.266 D/HttpHandler( 1049): VerifySignInterCeptor-->hostname=picture.edu.hismarttv.com
07-05 21:34:53.267 V/MediaPlayer-JNI( 1049): release
07-05 21:34:53.267 D/NuPlayerDriver( 1206): reset(0xd78434c0)  mState:8
07-05 21:34:53.267 V/NuPlayer( 1206): NuPlayer::resetAsync ---- Enter ...
07-05 21:34:53.268 W/FFmpegExtractor( 1206): rv_read_frame ret: [-1011]
07-05 21:34:53.268 D/OkHttp  ( 1049): --> GET http://picture.edu.hismarttv.com/images/20170630060711088714.jpg http/1.1
07-05 21:34:53.269 D/MediaHTTPConnection( 1049): teardownConnection
07-05 21:34:53.269 D/OkHttp  ( 1049): Host: picture.edu.hismarttv.com
07-05 21:34:53.269 D/OkHttp  ( 1049): Connection: Keep-Alive
07-05 21:34:53.269 D/OkHttp  ( 1049): Accept-Encoding: gzip
07-05 21:34:53.269 D/OkHttp  ( 1049): User-Agent: okhttp/3.6.0
07-05 21:34:53.269 D/OkHttp  ( 1049): --> END GET
07-05 21:34:53.271 W/MediaHTTPConnection( 1049): readAt 18504152 / 32768 => -1004, java.io.IOException: BufferedInputStream is closed
07-05 21:34:53.271 D/MediaHTTPConnection( 1049): hitting IOException http://112.240.58.51/jhxvideo-ws.video-tx.com/rendition/201705/205989353451683841/205989353451684353/bb/243216185158536196/243216215223308548/r243216215223308548-3200k-1920x1080.mp4?wsSecret=d39c24aea25c815bad08c72adde3334f&wsTime=595ceaf3&wsiphost=local
07-05 21:34:53.271 W/MediaHTTP( 1206): hitting MediaHTTP readAt n < 0 numBytesRead= 23000
07-05 21:34:53.271 I/NuCachedSource2( 1206): caching reached eos.
07-05 21:34:53.276 W/MediaHTTPConnection( 1049): teardownConnection catch android.os.NetworkOnMainThreadException
07-05 21:34:53.277 V/NuPlayer( 1206): kWhatReset  mCanReset:1
07-05 21:34:53.277 V/NuPlayer( 1206): performDecoderFlush audio=2, video=2
07-05 21:34:53.277 V/NuPlayer( 1206): [audio] flushDecoder needShutdown=1
07-05 21:34:53.277 V/NuPlayer( 1206): [video] flushDecoder needShutdown=1
07-05 21:34:53.277 V/NuPlayer( 1206): postponing action mFlushingAudio=2, mFlushingVideo=2
07-05 21:34:53.277 V/NuPlayer( 1206): renderer audio flush completed.
07-05 21:34:53.277 V/NuPlayer( 1206): renderer video flush completed.
07-05 21:34:53.278 I/MS_OMX_BASEPORT( 1206): [OMX.MS.AVC.Decoder]MS_OMX_FlushPort: 0
07-05 21:34:53.278