07-05 23:37:07.414 W/System.err( 4312): 	at java.net.PlainSocketImpl.connect(PlainSocketImpl.java:456)
07-05 23:37:07.414 W/System.err( 4312): 	at java.net.Socket.connect(Socket.java:882)
07-05 23:37:07.414 W/System.err( 4312): 	at com.android.okhttp.internal.Platform.connectSocket(Platform.java:174)
07-05 23:37:07.414 W/System.err( 4312): 	at com.android.okhttp.Connection.connect(Connection.java:152)
07-05 23:37:07.414 W/System.err( 4312): 	at com.android.okhttp.internal.http.HttpEngine.connect(HttpEngine.java:276)
07-05 23:37:07.414 W/System.err( 4312): 	at com.android.okhttp.internal.http.HttpEngine.sendRequest(HttpEngine.java:211)
07-05 23:37:07.414 W/System.err( 4312): 	at com.android.okhttp.internal.http.HttpURLConnectionImpl.execute(HttpURLConnectionImpl.java:382)
07-05 23:37:07.414 W/System.err( 4312): 	at com.android.okhttp.internal.http.HttpURLConnectionImpl.connect(HttpURLConnectionImpl.java:106)
07-05 23:37:07.414 W/System.err( 4312): 	at com.hisense.hitv.hicloud.util.ExceptionReport.a(ExceptionReport.java:337)
07-05 23:37:07.414 W/System.err( 4312): 	at com.hisense.hitv.hicloud.util.ExceptionReport.a(ExceptionReport.java:39)
07-05 23:37:07.414 W/System.err( 4312): 	at com.hisense.hitv.hicloud.util.ExceptionReport$1.run(ExceptionReport.java:83)
07-05 23:37:07.414 W/System.err( 4312): 	at java.lang.Thread.run(Thread.java:818)
07-05 23:37:07.414 W/System.err( 4312): Caused by: android.system.ErrnoException: isConnected failed: ECONNREFUSED (Connection refused)
07-05 23:37:07.414 W/System.err( 4312): 	at libcore.io.IoBridge.isConnected(IoBridge.java:223)
07-05 23:37:07.414 W/System.err( 4312): 	... 15 more
07-05 23:37:07.439 I/TVMW@devctrl( 1234): wdt
07-05 23:37:07.519 D/WebcastSDK-HiCloudSourcePlugin( 4312): getContext(): com.hisense.hicloud.edca.BaseApplication@2adbac5c mWebcastManager: com.hisense.webcastSDK.WebcastManager@2bdfc2c6
07-05 23:37:07.520 D/WebcastSDK-( 4312): activity == null.
07-05 23:37:07.536 V/PackageManager( 1733): getPackageInfo com.hisense.hicloud.edca: Package{3fb3f3a1 com.hisense.hicloud.edca}
07-05 23:37:07.537 I/WebcastSDK-( 4312): getAppVersionName(), versionName = 3.0.0.9.00
07-05 23:37:07.566 I/CurrentCarouselView( 4312): real play
07-05 23:37:07.575 D/Carousel-CarouselView( 4312): clearPosterAndPlay! hashCode=832018257, sWorkingHashCode=0
07-05 23:37:07.576 D/Carousel-CarouselView( 4312): mListView.getAdapter()=com.hisense.hitv.carouselwidgit.view.adapter.CarouselInfoListAdapter@19f045dd
07-05 23:37:07.576 D/Carousel-CarouselView( 4312): Last playing position:-1
07-05 23:37:07.576 D/Carousel-CarouselView( 4312): position=1
07-05 23:37:07.576 D/Carousel-CarouselView( 4312): Last play position:1,size:3
07-05 23:37:07.577 D/AudioSystem( 4312): Setting global gAudioPortCallback On refCnt: 1
07-05 23:37:07.585 I/NetflixMonitorService( 1733): current fgapk : com.hisense.hicloud.edca
07-05 23:37:07.585 I/NetflixMonitorService( 1733): Netflix status unchanged
07-05 23:37:07.586 D/Carousel-CarouselListView( 4312): onItemClick position:1,view:null
07-05 23:37:07.587 D/Carousel-CarouselListView( 4312): last play position:1,cur:1
07-05 23:37:07.589 D/Carousel-CarouselView( 4312): onListItemClick view=null,position=1
07-05 23:37:07.658 I/MyFragmentStateAdapter( 4312): getCount
07-05 23:37:07.694 D/Carousel-CarouselView( 4312): start to play! hashCode=832018257
07-05 23:37:07.695 D/Carousel-Utils( 4312): x=511,y=167, width=892,height=536
07-05 23:37:07.696 D/Carousel-CarouselView( 4312): type=1
07-05 23:37:07.696 D/Carousel-CarouselDisplayPlayerLayout( 4312): isFullScreen:false
07-05 23:37:07.696 D/Carousel-Utils( 4312): displayImage view=android.widget.ImageView{26854552 V.ED.... ......I. 0,0-0,0 #7f0d0029 app:id/imageView1}
07-05 23:37:07.696 D/Carousel-Utils( 4312): displayImage url=http://picture.edu.hismarttv.com/images/20170629010146422927.jpg
07-05 23:37:07.696 D/Carousel-Utils( 4312): onResourceReady.
07-05 23:37:07.697 D/Carousel-CarouselDisplayPlayerLayout( 4312): isFullScreen:false
07-05 23:37:07.697 D/Carousel-log_( 4312): isFullScreen:false
07-05 23:37:07.697 D/Carousel-CarouselDisplayPlayerLayout( 4312): replacePlayer carouselType:3
07-05 23:37:07.697 D/Carousel-CarouselDisplayPlayerLayout( 4312): x=511, y=167,w=892,h=536, hashCode=456155865
07-05 23:37:07.697 D/Carousel-CarouselDisplayPlayerLayout( 4312): mX=0, mY=0,mWitdh=0,mHeight=0, hashCode=456155865
07-05 23:37:07.697 D/Carousel-CarouselDisplayPlayerLayout( 4312): changed=true, hashCode=456155865
07-05 23:37:07.766 D/Carousel-CarouselVideoViewImpl( 4312): onAttachedToWindow.
07-05 23:37:07.772 D/Carousel-CarouselVideoViewImpl( 4312): startPlay!
07-05 23:37:07.773 D/Carousel-CarouselDisplayPlayerLayout( 4312): isFullScreen:false
07-05 23:37:07.774 I/Carousel-UrlVideoView( 4312): onMeasure(MeasureSpec: EXACTLY 816, MeasureSpec: EXACTLY 460)
07-05 23:37:07.774 I/Carousel-UrlVideoView( 4312): onMeasure(MeasureSpec: EXACTLY 816, MeasureSpec: EXACTLY 460)
07-05 23:37:07.774 E/WebcastSDK-HiCloudSourcePlugin( 4312): FetchSystemParameterTask(), res = {"categoryChannelTimeInterval":209000,"timeSynInterval":361000,"ChannelSwitchdefaultPic":"http://download.hismarttv.com/epgdata/LunBoContentPic/149810099740274506.jpg","TencentPlayRoundId":"1","allowUploadLogFile":1,"NoticeShow":1,"resultCode":0}
07-05 23:37:07.775 E/WebcastSDK-EPGDataManager( 4312): notifySystemParametersData(), SystemParameterInfo = [ mCategoryInternal = 209000; mServerTimeInternal = 361000; mTencentPlayId = 1; mUploadLogFlag = 1; mSwitchPic = http://download.hismarttv.com/epgdata/LunBoContentPic/149810099740274506.jpg]
07-05 23:37:07.775 D/WebcastSDK-( 4312): activity == null.
07-05 23:37:07.775 I/WebcastSDK-EPGDataManager( 4312): handleMessage(), sync Server time in [ 361000 ] ms
07-05 23:37:07.775 D/WebcastSDK-( 4312): activity == null.
07-05 23:37:07.776 D/Surface ( 1733): onStatusChange() : mNativeObject = 547942746112 mUseImageHwRender = false
07-05 23:37:07.776 V/Surface ( 1733): nativeSetHardwareRender() : status = 0
07-05 23:37:07.776 V/Surface ( 1733): nativeSetHardwareRender() : end
07-05 23:37:07.778 D/PowerManagerService( 1733): setScreenBrightnessOverrideFromWindowManagerInternal done
07-05 23:37:07.779 D/Surface ( 1733): onStatusChange() : mNativeObject = 0 mUseImageHwRender = false
07-05 23:37:07.781 I/SurfaceView( 4312): Changes: creating=true format=true size=true visible=true left=true top=true
07-05 23:37:07.788 V/WindowManager( 1733): Adding window Window{db237da u0 SurfaceView} at 10 of 19 (before Window{27645bb8 u0 com.hisense.hicloud.edca/com.hisense.tvui.newhome.HomeMainActivity})
07-05 23:37:07.789 I/SurfaceView( 4312): Cur surface: Surface(name=null)/@0x6583b7c
07-05 23:37:07.792 D/Surface ( 1733): onStatusChange() : mNativeObject = 547942853632 mUseImageHwRender = false
07-05 23:37:07.793 V/Surface ( 1733): nativeSetHardwareRender() : status = 0
07-05 23:37:07.793 V/Surface ( 1733): nativeSetHardwareRender() : end
07-05 23:37:07.793 D/OsdMonitorService( 1733): mCurrentWindow = com.hisense.hicloud.edca/com.hisense.tvui.newhome.HomeMainActivity; newWindow = com.hisense.hicloud.edca/com.hisense.tvui.newhome.HomeMainActivity; isSubWindow = false; isInWinList = false; isExitNow = false
07-05 23:37:07.793 D/OsdMonitorService( 1733): windowNotOsd() : name = com.hisense.hicloud.edca/com.hisense.tvui.newhome.HomeMainActivity
07-05 23:37:07.793 I/OsdMonitorService( 1733): setOsdStatus() : status will change from true to true
07-05 23:37:07.794 V/SurfaceView( 4312): com.hisense.hitv.carouselwidgit.view.videoview.UrlVideoView{2116e813 V.E..... ......ID 0,0-816,460} got resized: w=816 h=460, cur w=-1 h=-1
07-05 23:37:07.795 D/PowerManagerService( 1733): setScreenBrightnessOverrideFromWindowManagerInternal done
07-05 23:37:07.796 D/Surface ( 1733): onStatusChange() : mNativeObject = 0 mUseImageHwRender = false
07-05 23:37:07.796 D/Surface ( 4312): onStatusChange() : mNativeObject = -195873792 mUseImageHwRender = false
07-05 23:37:07.797 V/Surface ( 4312): nativeSetHardwareRender() : status = 0
07-05 23:37:07.797 V/Surface ( 4312): nativeSetHardwareRender() : end
07-05 23:37:07.797 I/SurfaceView( 4312): New surface: Surface(name=null)/@0x13994c05, vis=true, frame=Rect(549, 205 - 1365, 665)
07-05 23:37:07.797 D/Surface ( 4312): onStatusChange() : mNativeObject = 0 mUseImageHwRender = false
07-05 23:37:07.797 D/Surface ( 4312): onStatusChange() : mNativeObject = -195873792 mUseImageHwRender = false
07-05 23:37:07.797 V/Surface ( 4312): nativeSetHardwareRender() : status = 0
07-05 23:37:07.797 V/Surface ( 4312): nativeSetHardwareRender() : end
07-05 23:37:07.797 I/SurfaceView( 4312): visibleChanged -- surfaceCreated
07-05 23:37:07.798 D/Carousel-UrlVideoView( 4312): surfaceCreated
07-05 23:37:07.801 I/SurfaceView( 4312): surfaceChanged -- format=4 w=816 h=460
07-05 23:37:07.801 D/Carousel-UrlVideoView( 4312): surfaceChanged
07-05 23:37:07.801 D/Carousel-UrlVideoView( 4312): isValidState:false,hasValidSize:false
07-05 23:37:07.801 D/Carousel-UrlVideoView( 4312): mVideoWidth:0,mVideoHeight:0,w:816,h:460
07-05 23:37:07.801 I/SurfaceView( 4312): surfaceRedrawNeeded
07-05 23:37:07.801 I/SurfaceView( 4312): finishedDrawing
07-05 23:37:07.805 D/PowerManagerService( 1733): setScreenBrightnessOverrideFromWindowManagerInternal done
07-05 23:37:07.807 D/PowerManagerService( 1733): setScreenBrightnessOverrideFromWindowManagerInternal done
07-05 23:37:07.811 V/SurfaceView( 4312): Layout: x=549 y=205 w=816 h=460, frame=Rect(0, 0 - 816, 460)
07-05 23:37:07.813 D/PowerManagerService( 1733): setScreenBrightnessOverrideFromWindowManagerInternal done
07-05 23:37:07.819 D/Carousel-SimpleVideoView( 4312): onReceive net connected.
07-05 23:37:07.820 I/SurfaceView( 4312): Changes: creating=false format=false size=false visible=false left=false top=false
07-05 23:37:07.820 I/SurfaceView( 4312): Cur surface: Surface(name=null)/@0x6583b7c
07-05 23:37:07.821 D/Surface ( 1733): onStatusChange() : mNativeObject = 547942853632 mUseImageHwRender = false
07-05 23:37:07.821 V/Surface ( 1733): nativeSetHardwareRender() : status = 0
07-05 23:37:07.821 V/Surface ( 1733): nativeSetHardwareRender() : end
07-05 23:37:07.823 D/PowerManagerService( 1733): setScreenBrightnessOverrideFromWindowManagerInternal done
07-05 23:37:07.825 D/Surface ( 1733): onStatusChange() : mNativeObject = 0 mUseImageHwRender = false
07-05 23:37:07.826 D/Surface ( 4312): onStatusChange() : mNativeObject = -195857664 mUseImageHwRender = false
07-05 23:37:07.826 V/Surface ( 4312): nativeSetHardwareRender() : status = 0
07-05 23:37:07.826 V/Surface ( 4312): nativeSetHardwareRender() : end
07-05 23:37:07.826 I/SurfaceView( 4312): New surface: Surface(name=null)/@0x13994c05, vis=true, frame=Rect(549, 205 - 1365, 665)
07-05 23:37:07.826 D/Surface ( 4312): onStatusChange() : mNativeObject = 0 mUseImageHwRender = false
07-05 23:37:07.826 D/Surface ( 4312): onStatusChange() : mNativeObject = -195857664 mUseImageHwRender = false
07-05 23:37:07.826 V/Surface ( 4312): nativeSetHardwareRender() : status = 0
07-05 23:37:07.826 V/Surface ( 4312): nativeSetHardwareRender() : end
07-05 23:37:07.826 I/SurfaceView( 4312): surfaceRedrawNeeded
07-05 23:37:07.826 I/SurfaceView( 4312): finishedDrawing
07-05 23:37:07.827 V/SurfaceView( 4312): Layout: x=549 y=205 w=816 h=460, frame=Rect(0, 0 - 816, 460)
07-05 23:37:07.835 D/HttpHandler( 4312): VerifySignInterCeptor-->request.url()=http://picture.edu.hismarttv.com/images/20170629/%E5%93%88%E5%88%A9%E8%AE%B2%E6%95%85%E4%BA%8B%EF%BC%88%E4%B8%80%EF%BC%89.jpg
07-05 23:37:07.835 D/HttpHandler( 4312): VerifySignInterCeptor-->hostname=picture.edu.hismarttv.com
07-05 23:37:07.836 D/OkHttp  ( 4312): --> GET http://picture.edu.hismarttv.com/images/20170629/%E5%93%88%E5%88%A9%E8%AE%B2%E6%95%85%E4%BA%8B%EF%BC%88%E4%B8%80%EF%BC%89.jpg http/1.1
07-05 23:37:07.836 D/OkHttp  ( 4312): Host: picture.edu.hismarttv.com
07-05 23:37:07.836 D/OkHttp  ( 4312): Connection: Keep-Alive
07-05 23:37:07.836 D/OkHttp  ( 4312): Accept-Encoding: gzip
07-05 23:37:07.836 D/OkHttp  ( 4312): User-Agent: okhttp/3.6.0
07-05 23:37:07.836 D/OkHttp  ( 4312): --> END GET
07-05 23:37:07.840 I/MyFragmentStateAdapter( 4312): getCount
07-05 23:37:07.840 I/MyFragmentStateAdapter( 4312): getCount
07-05 23:37:07.840 I/MyFragmentStateAdapter( 4312): getCount
07-05 23:37:07.840 I/MyFragmentStateAdapter( 4312): getCount
07-05 23:37:07.844 I/MyFragmentStateAdapter( 4312): getCount
07-05 23:37:07.876 D/OkHttp  ( 4312): <-- 200 OK http://picture.edu.hismarttv.com/images/20170629/%E5%93%88%E5%88%A9%E8%AE%B2%E6%95%85%E4%BA%8B%EF%BC%88%E4%B8%80%EF%BC%89.jpg (39ms)
07-05 23:37:07.876 D/OkHttp  ( 4312): Date: Tue, 04 Jul 2017 02:31:47 GMT
07-05 23:37:07.876 D/OkHttp  ( 4312): Server: nginx
07-05 23:37:07.876 D/OkHttp  ( 4312): Content-Type: image/jpeg
07-05 23:37:07.876 D/OkHttp  ( 4312): Content-Length: 135983
07-05 23:37:07.876 D/OkHttp  ( 4312): Last-Modified: Fri, 09 Jun 2017 14:51:44 GMT
07-05 23:37:07.876 D/OkHttp  ( 4312): ETag: "593ab600-2132f"
07-05 23:37:07.876 D/OkHttp  ( 4312): Accept-Ranges: bytes
07-05 23:37:07.876 D/OkHttp  ( 4312): Age: 133520
07-05 23:37:07.876 D/OkHttp  ( 4312): Via: 1.1 chzhwt170:9 (Cdn Cache Server V2.0)[0 200 0], 1.1 t85:7 (Cdn Cache Server V2.0)[0 200 0]
07-05 23:37:07.876 D/OkHttp  ( 4312): Connection: keep-alive
07-05 23:37:07.876 D/OkHttp  ( 4312): <-- END HTTP
07-05 23:37:07.877 D/HttpHandler( 4312): RetryIntercepter-->retryNum=0
07-05 23:37:07.877 D/HttpHandler( 4312): RetryIntercepter-->backoffmutiplier=0
07-05 23:37:07.899 I/TVMW@HsTvSetting( 1234): Trace cmd, data = 0x1058
07-05 23:37:07.899 D/til@system( 2026): til_get_system_param option:100002F int:0, bool:0, ret:0
07-05 23:37:07.899 I/TVMW@HsTvSetting( 1234): Trace cmd, data = 0x101f
07-05 23:37:07.899 D/til@system( 2026): til_get_system_param option:100001D int:3, bool:3, ret:0
07-05 23:37:07.900 E/til     ( 2026): [til_get_current_input_source, 101] 
07-05 23:37:07.900 I/TVMW@HsTvSetting( 1234): Trace cmd, data = 0x7007
07-05 23:37:07.900 I/tilwrapper@sm( 2026): HS2TIL_SourceType *hs=0xd, *til=0x900
07-05 23:37:07.900 D/til     ( 2026): get current source 2304
07-05 23:37:07.900 D/SourceRemoteServiceHandler( 2026): getCurrentInputSource.from.til.result is 0, value is 2304
07-05 23:37:07.900 D/SourceRemoteServiceHandler( 2026): getInputSourceType source: 0x900, type=2304
07-05 23:37:07.900 D/til     ( 2026): ###### func:til_get_picture_param option:0x3000006 ######  
07-05 23:37:07.901 I/TVMW@HsTvSetting( 1234): Trace cmd, data = 0x1003
07-05 23:37:07.902 I/TVMW@HsTvSetting( 1234): Trace cmd, data = 0x8032
07-05 23:37:07.902 I/hstvos  ( 1216): [0m[1;33m[HSHAL][HS_VIDEO][HS_HAL_Video_SetOsdDetect_v2][2389]u16Threshold = 20
07-05 23:37:07.902 I/MiSysSrv( 1214): Not support now! 42, change to mm_video!!!
07-05 23:37:07.903 E/TVMW@videoctrl( 1234):  getOsd is 1
07-05 23:37:07.903 D/til@system( 2026): til_get_system_param option:1000027 int:1, bool:1, ret:0
07-05 23:37:07.903 D/HttpHandler( 4312): VerifySignInterCeptor-->request.url()=http://picture.edu.hismarttv.com/images/20170629/30%E5%A4%A9%E5%86%99%E5%87%BA%E4%B8%80%E6%89%8B%E5%A5%BD%E5%AD%9720161129021942268280.jpg
07-05 23:37:07.903 D/HttpHandler( 4312): VerifySignInterCeptor-->hostname=picture.edu.hismarttv.com
07-05 23:37:07.903 D/til     ( 2026): ###### func:til_get_picture_param option:0x3000045 ######  
07-05 23:37:07.904 I/TVMW@HsTvSetting( 1234): Trace cmd, data = 0x300c
07-05 23:37:07.904 I/TVMW@HsTvSetting( 1234): Trace 3d, data = 0x300c
07-05 23:37:07.904 I/TVMW@3d ( 1234): Hs_debug3d_trace: func:get3dStatus, line:109
07-05 23:37:07.904 D/OkHttp  ( 4312): --> GET http://picture.edu.hismarttv.com/images/20170629/30%E5%A4%A9%E5%86%99%E5%87%BA%E4%B8%80%E6%89%8B%E5%A5%BD%E5%AD%9720161129021942268280.jpg http/1.1
07-05 23:37:07.904 D/OkHttp  ( 4312): Host: picture.edu.hismarttv.com
07-05 23:37:07.904 D/OkHttp  ( 4312): Connection: Keep-Alive
07-05 23:37:07.904 D/OkHttp  ( 4312): Accept-Encoding: gzip
07-05 23:37:07.904 D/OkHttp  ( 4312): User-Agent: okhttp/3.6.0
07-05 23:37:07.904 D/OkHttp  ( 4312): --> END GET
07-05 23:37:07.923 I/MyFragmentStateAdapter( 4312): getCount
07-05 23:37:07.923 I/MyFragmentStateAdapter( 4312): getCount
07-05 23:37:07.923 I/MyFragmentStateAdapter( 4312): getCount
07-05 23:37:07.923 I/MyFragmentStateAdapter( 4312): getCount
07-05 23:37:07.929 I/MyFragmentStateAdapter( 4312): getCount
07-05 23:37:07.939 I/MyFragmentStateAdapter( 4312): getCount
07-05 23:37:07.940 I/MyFragmentStateAdapter( 4312): getCount
07-05 23:37:07.940 I/MyFragmentStateAdapter( 4312): getCount
07-05 23:37:07.940 I/MyFragmentStateAdapter( 4312): getCount
07-05 23:37:07.950 I/MyFragmentStateAdapter( 4312): getCount
07-05 23:37:07.954 D/OkHttp  ( 4312): <-- 200 OK http://picture.edu.hismarttv.com/images/20170629/30%E5%A4%A9%E5%86%99%E5%87%BA%E4%B8%80%E6%89%8B%E5%A5%BD%E5%AD%9720161129021942268280.jpg (49ms)
07-05 23:37:07.954 D/OkHttp  ( 4312): Date: Mon, 03 Jul 2017 10:51:31 GMT
07-05 23:37:07.954 D/OkHttp  ( 4312): Server: nginx
07-05 23:37:07.954 D/OkHttp  ( 4312): Content-Type: image/jpeg
07-05 23:37:07.954 D/OkHttp  ( 4312): Content-Length: 137170
07-05 23:37:07.954 D/OkHttp  ( 4312): Last-Modified: Fri, 09 Jun 2017 14:48:12 GMT
07-05 23:37:07.954 D/OkHttp  ( 4312): ETag: "593ab52c-217d2"
07-05 23:37:07.954 D/OkHttp  ( 4312): Accept-Ranges: bytes
07-05 23:37:07.954 D/OkHttp  ( 4312): Age: 189936
07-05 23:37:07.954 D/OkHttp  ( 4312): Via: 1.1 changzhiwangtong169:2 (Cdn Cache Server V2.0)[0 200 0], 1.1 dzhwt36:3 (Cdn Cache Server V2.0)[0 200 0]
07-05 23:37:07.954 D/OkHttp  ( 4312): Connection: keep-alive
07-05 23:37:07.954 D/OkHttp  ( 4312): <-- END HTTP
07-05 23:37:07.985 D/HttpHandler( 4312): RetryIntercepter-->retryNum=0
07-05 23:37:07.985 D/HttpHandler( 4312): RetryIntercepter-->backoffmutiplier=0
07-05 23:37:08.039 I/MyFragmentStateAdapter( 4312): getCount
07-05 23:37:08.039 I/MyFragmentStateAdapter( 4312): getCount
07-05 23:37:08.039 I/MyFragmentStateAdapter( 4312): getCount
07-05 23:37:08.039 I/MyFragmentStateAdapter( 4312): getCount
07-05 23:37:08.040 I/FirstLineAdapter( 4312): canShowTrailer,isOffline=false
07-05 23:37:08.040 I/FirstLineAdapter( 4312): canShowTrailer,isOffline=false
07-05 23:37:08.040 I/FirstLineAdapter( 4312): canShowTrailer,isOffline=false
07-05 23:37:08.040 I/FirstLineAdapter( 4312): canShowTrailer,isOffline=false
07-05 23:37:08.040 I/FirstLineAdapter( 4312): canShowTrailer,isOffline=false
07-05 23:37:08.040 I/FirstLineAdapter( 4312): canShowTrailer,isOffline=false
07-05 23:37:08.040 I/FirstLineAdapter( 4312): canShowTrailer,isOffline=false
07-05 23:37:08.041 I/FirstLineAdapter( 4312): canShowTrailer,isOffline=false
07-05 23:37:08.041 I/FirstLineAdapter( 4312): canShowTrailer,isOffline=false
07-05 23:37:08.045 I/MyFragmentStateAdapter( 4312): getCount
07-05 23:37:08.073 D/NativeDecimalFormat( 4312): NativeDecimalFormat_close print addr=3750404608
07-05 23:37:08.074 D/NativeDecimalFormat( 4312): NativeDecimalFormat_close print g_addr=4098416896
07-05 23:37:08.122 I/MyFragmentStateAdapter( 4312): getCount
07-05 23:37:08.122 I/MyFragmentStateAdapter( 4312): getCount
07-05 23:37:08.122 I/MyFragmentStateAdapter( 4312): getCount
07-05 23:37:08.122 I/MyFragmentStateAdapter( 4312): getCount
07-05 23:37:08.129 I/MyFragmentStateAdapter( 4312): getCount
07-05 23:37:08.143 I/HLSP2P  ( 3457): ## 2017-07-05 23:37:08.141 [3457,3628,:0] INFO ## [HLSP2P][TaskManager.cpp:855][INFO][UpdateGlobalInfo]totalDataSize: 0, totalMemorySize: 0, totalCacheSize: 0, curUploadSpeedKB: 0
07-05 23:37:08.144 I/HLSP2P  ( 3457): ## 2017-07-05 23:37:08.142 [3457,3628,:0] INFO ## [HLSP2P][TaskManager.cpp:1325][INFO][TryAdjustMemorySize]system memory total size: 1912M, free size: 561MB, cache add to 30MB, AppState: 14
07-05 23:37:08.169 I/MiSysSrv( 1214): [37m[INFO] Change to Voltage: 112 mv (0x2D)[m
07-05 23:37:08.269 I/MiSysSrv( 1214): [37m[INFO] Change to Voltage: 102 mv (0x23)[m
07-05 23:37:08.339 I/TVMW@devctrl( 1234): wdt
07-05 23:37:08.353 I/HLSP2P  (16224): ## 2017-07-05 23:37:08.353 [16224,16378,:0] INFO ## [HLSP2P][PeerServer.cpp:559][INFO][SendHeartBeatReq][PeerServer] send hearbeat to 123.126.121.155:30013 ok
07-05 23:37:08.376 I/HLSP2P  (16224): ## 2017-07-05 23:37:08.376 [16224,16380,:0] INFO ## [HLSP2P][PeerServer.cpp:738][INFO][OnHeartBeatRsp][PeerServer] ps heartbeat rsp ok
07-05 23:37:08.405 I/TVMW@HsTvSetting( 1234): Trace cmd, data = 0x1058
07-05 23:37:08.405 D/til@system( 2026): til_get_system_param option:100002F int:0, bool:0, ret:0
07-05 23:37:08.405 I/TVMW@HsTvSetting( 1234): Trace cmd, data = 0x101f
07-05 23:37:08.405 D/til@system( 2026): til_get_system_param option:100001D int:3, bool:3, ret:0
07-05 23:37:08.405 E/til     ( 2026): [til_get_current_input_source, 101] 
07-05 23:37:08.405 I/TVMW@HsTvSetting( 1234): Trace cmd, data = 0x7007
07-05 23:37:08.405 I/tilwrapper@sm( 2026): HS2TIL_SourceType *hs=0xd, *til=0x900
07-05 23:37:08.405 D/til     ( 2026): get current source 2304
07-05 23:37:08.406 D/SourceRemoteServiceHandler( 2026): getCurrentInputSource.from.til.result is 0, value is 2304
07-05 23:37:08.406 D/SourceRemoteServiceHandler( 2026): getInputSourceType source: 0x900, type=2304
07-05 23:37:08.406 D/til     ( 2026): ###### func:til_get_picture_param option:0x3000006 ######  
07-05 23:37:08.406 I/TVMW@HsTvSetting( 1234): Trace cmd, data = 0x1003
07-05 23:37:08.406 I/TVMW@HsTvSetting( 1234): Trace cmd, data = 0x8032
07-05 23:37:08.406 I/hstvos  ( 1216): [0m[1;33m[HSHAL][HS_VIDEO][HS_HAL_Video_SetOsdDetect_v2][2389]u16Threshold = 20
07-05 23:37:08.406 I/MiSysSrv( 1214): Not support now! 42, change to mm_video!!!
07-05 23:37:08.407 E/TVMW@videoctrl( 1234):  getOsd is 1
07-05 23:37:08.407 D/til@system( 2026): til_get_system_param option:1000027 int:1, bool:1, ret:0
07-05 23:37:08.407 D/til     ( 2026): ###### func:til_get_picture_param option:0x3000045 ######  
07-05 23:37:08.407 I/TVMW@HsTvSetting( 1234): Trace cmd, data = 0x300c
07-05 23:37:08.407 I/TVMW@HsTvSetting( 1234): Trace 3d, data = 0x300c
07-05 23:37:08.407 I/TVMW@3d ( 1234): Hs_debug3d_trace: func:get3dStatus, line:109
07-05 23:37:08.448 I/dex2oat ( 4421): dex2oat took 3.832s (threads: 4) arena alloc=354KB java alloc=10MB native alloc=6MB free=9MB
07-05 23:37:08.453 D/Carousel-CarouselVideoViewImpl( 4312): msg start play.
07-05 23:37:08.454 D/Carousel-SimpleVideoView( 4312): setVideoPath path:http://jhxvideo-ws.video-tx.com/rendition/201705/205989353451683841/205989353451684353/bb/243216185158536196/243216215223308548/r243216215223308548-3200k-1920x1080.mp4
07-05 23:37:08.456 D/Carousel-UrlVideoView( 4312): openVideo
07-05 23:37:08.467 D/NativeDecimalFormat( 4312): NativeDecimalFormat_close print addr=4098416896
07-05 23:37:08.467 D/NativeDecimalFormat( 4312): NativeDecimalFormat_close print g_addr=4098416896
07-05 23:37:08.467 D/NativeDecimalFormat( 4312): NativeDecimalFormat_close print addr=4098416128
07-05 23:37:08.467 D/NativeDecimalFormat( 4312): NativeDecimalFormat_close print g_addr=4098416896
07-05 23:37:08.467 I/art     ( 4312): Background partial concurrent mark sweep GC freed 2657(233KB) AllocSpace objects, 1(7MB) LOS objects, 13% free, 25MB/29MB, paused 9.253ms total 367.685ms
07-05 23:37:08.479 V/MediaPlayer-JNI( 4312): native_setup
07-05 23:37:08.485 V/AudioFlinger( 1206): registerClient() client 0xd3e130b8, pid 4312
07-05 23:37:08.486 E/audio_hw_primary( 1206): out_get_latency ret 10ms
07-05 23:37:08.486 D/PowerManagerService( 1733): acquireWakeLockInternal: lock=780297227, flags=0x1, tag="AudioMix", ws=null, uid=1013, pid=0
07-05 23:37:08.487 E/audio_hw_primary( 1206): out_get_latency ret 10ms
07-05 23:37:08.487 D/PowerManagerNotifier( 1733): onWakeLockAcquired: flags=1, tag="AudioMix", packageName=media, ownerUid=1013, ownerPid=0, workSource=null
07-05 23:37:08.487 V/AudioFlinger( 1206): acquiring 699 from 4312, for -1
07-05 23:37:08.487 V/AudioFlinger( 1206):  added new entry for 699
07-05 23:37:08.487 D/PowerManagerService( 1733): updateWakeLockWorkSourceInternal: lock=780297227 [AudioMix], ws=null
07-05 23:37:08.488 V/MediaPlayer-JNI( 4312): get_session_id()
07-05 23:37:08.488 D/Carousel-Utils( 4312): origin url is : http://jhxvideo-ws.video-tx.com/rendition/201705/205989353451683841/205989353451684353/bb/243216185158536196/243216215223308548/r243216215223308548-3200k-1920x1080.mp4
07-05 23:37:08.488 D/Carousel-Utils( 4312): time=1499269026
07-05 23:37:08.488 D/PowerManagerService( 1733): acquireWakeLockInternal: lock=864166632, flags=0x1, tag="AudioMix", ws=null, uid=1013, pid=0
07-05 23:37:08.488 D/PowerManagerNotifier( 1733): onWakeLockAcquired: flags=1, tag="AudioMix", packageName=media, ownerUid=1013, ownerPid=0, workSource=null
07-05 23:37:08.489 D/Carousel-UrlVideoView( 4312): encryptUrlIfNecessary url=http://jhxvideo-ws.video-tx.com/rendition/201705/205989353451683841/205989353451684353/bb/243216185158536196/243216215223308548/r243216215223308548-3200k-1920x1080.mp4?wsSecret=b41d576d9305502c180f42154eabb23a&wsTime=595d07a2
07-05 23:37:08.489 D/PowerManagerService( 1733): updateWakeLockWorkSourceInternal: lock=864166632 [AudioMix], ws=null
07-05 23:37:08.489 D/MediaPlayer( 4312): Couldn't open file on client side, trying server side
07-05 23:37:08.491 W/PluginProviderBuilder( 4312): createDexClassLoader() return dalvik.system.DexClassLoader[DexPathList[[zip file "/data/data/com.hisense.hicloud.edca/files/plugin/2.1.0.59986/pluginplayer/1.64.0.59984/pluginplayer-release-1.64.0.59984.apk"],nativeLibraryDirectories=[/vendor/lib, /system/lib]]]
07-05 23:37:08.492 V/MediaPlayer-JNI( 4312): setDataSource: path http://jhxvideo-ws.video-tx.com/rendition/201705/205989353451683841/205989353451684353/bb/243216185158536196/243216215223308548/r243216215223308548-3200k-1920x1080.mp4?wsSecret=b41d576d9305502c180f42154eabb23a&wsTime=595d07a2
07-05 23:37:08.494 V/NuPlayer( 1206): [NuPlayer-264]
07-05 23:37:08.494 I/NuPlayer( 1206): NuPlayerRMClientListener::NuPlayerRMClientListener
07-05 23:37:08.494 V/RMClient( 1206): #443:RMClient
07-05 23:37:08.495 V/NuPlayer( 1206): kWhatSetAudioSink
07-05 23:37:08.495 W/ContextClassLoaderSwitcher( 4312): ClassLoaderSwitcher doSwitch(com.hisense.hicloud.edca.BaseApplication@2adbac5c, dalvik.system.DexClassLoader[DexPathList[[zip file "/data/data/com.hisense.hicloud.edca/files/plugin/2.1.0.59986/pluginplayer/1.64.0.59984/pluginplayer-release-1.64.0.59984.apk"],nativeLibraryDirectories=[/vendor/lib, /system/lib]]])
07-05 23:37:08.495 V/NuPlayer( 1206): kWhatSetDataSource
07-05 23:37:08.495 W/ObjectMethodHolder( 4312): >> invoke() mMethodName=getBaseContext, mCached=false, mCacheValue=true, mMethod=null
07-05 23:37:08.496 V/NuPlayer( 1206): kWhatSetVideoNativeWindow
07-05 23:37:08.496 W/ALooperRoster( 1206): failed to post message. Target handler 0 still registered, but object gone.
07-05 23:37:08.496 V/NuPlayer( 1206): performSetSurface
07-05 23:37:08.496 V/MediaPlayer-JNI( 4312): setAudioStreamType: 3
07-05 23:37:08.496 E/MediaPlayer-JNI( 4312): android_media_MediaPlayer_prepareAsync call getSubtitleSurface
07-05 23:37:08.496 E/MediaPlayer-JNI( 4312): android_media_MediaPlayer_prepareAsync call setSubtitleSurfaceTexture
07-05 23:37:08.496 E/        ( 4312): setSubtitleSurfaceTexture
07-05 23:37:08.497 D/Carousel-log_video-( 4312): onStartPlay!
07-05 23:37:08.498 D/Carousel-log_video-( 4312): ==Start play,isReplayState:false
07-05 23:37:08.498 D/Carousel-log_video-( 4312): =Stop play previous channel log.
07-05 23:37:08.498 D/Carousel-log_video-( 4312): submitPlayStopLog mLogPlayState:5
07-05 23:37:08.498 D/Carousel-log_video-( 4312): Invalid log info.
07-05 23:37:08.498 D/Carousel-log_video-( 4312): ==Start play log:start,other,duration:0
07-05 23:37:08.498 D/Carousel-log_( 4312): ===(Main-Video-278001)-{srccolumnid=3, eventType=278, srcgroupid=10001, appversionname=2.0.0.6, srctabid=0, license=hisense, eventcode=278001, deviceid=86100300900000500000060a4818fca8, mediaid=351, eventPos=001, sessionid=1874a4ccf27b455a9b3baa4568af5eee, srcpackagename=com.hisense.hicloud.edca, subscriberid=13287129, playactionuuid=693551cd-e0c1-48f6-8854-ce08b3c09af8, version=2.1, devicemsg=LED50MU8600UC0000888, isall=0, customerid=7195320, srcrowid=0, srceventcode=280000}
07-05 23:37:08.499 D/Carousel-CarouselVideoViewImpl( 4312): getPosition()=0
07-05 23:37:08.499 W/ObjectMethodHolder( 4312): << invoke() mMethodName=getBaseContext, mCached=true, mCacheValue=true, mMethod=public android.content.Context android.content.ContextWrapper.getBaseContext() return android.app.ContextImpl{android.app.ContextImpl@256b6780}
07-05 23:37:08.500 W/ObjectMethodHolder( 4312): >> invoke() mMethodName=getClassLoader, mCached=false, mCacheValue=true, mMethod=null
07-05 23:37:08.500 W/ObjectMethodHolder( 4312): << invoke() mMethodName=getClassLoader, mCached=true, mCacheValue=true, mMethod=public java.lang.ClassLoader android.app.LoadedApk.getClassLoader() return dalvik.system.PathClassLoader{dalvik.system.PathClassLoader[DexPathList[[zip file "/data/app/com.hisense.hicloud.edca-2/base.apk"],nativeLibraryDirectories=[/data/app/com.hisense.hicloud.edca-2/lib/arm, /vendor/lib, /system/lib]]]}
07-05 23:37:08.501 W/PluginProviderBuilder( 4312): createPluginContext() return /data/app/com.hisense.hicloud.edca-2/base.apk
07-05 23:37:08.504 D/MediaHTTPConnection( 4312): connect: uri=http://jhxvideo-ws.video-tx.com/rendition/201705/205989353451683841/205989353451684353/bb/243216185158536196/243216215223308548/r243216215223308548-3200k-1920x1080.mp4?wsSecret=b41d576d9305502c180f42154eabb23a&wsTime=595d07a2, headers=User-Agent: stagefright/1.2 (Linux;Android 5.1.1)
07-05 23:37:08.510 D/MediaHTTPConnection( 4312): seekTo 0
07-05 23:37:08.514 I/MyFragmentStateAdapter( 4312): getCount
07-05 23:37:08.519 D/MediaHTTPConnection( 4312): hitting http://jhxvideo-ws.video-tx.com/rendition/201705/205989353451683841/205989353451684353/bb/243216185158536196/243216215223308548/r243216215223308548-3200k-1920x1080.mp4?wsSecret=b41d576d9305502c180f42154eabb23a&wsTime=595d07a2
07-05 23:37:08.526 D/Player/PluginProvider@82c89fe( 4312): [TID 4347] PluginProvider() new
07-05 23:37:08.526 W/AbsPluginProvider( 4312): initialize<<(hostContext=com.hisense.hicloud.edca.BaseApplication@2adbac5c, context=com.qiyi.sdk.plugin.server.core.ContextProxy@576555f, params={lib_dir=/data/data/com.hisense.hicloud.edca/files/plugin/2.1.0.59986/pluginplayer/1.64.0.59984/pluginplayer-release-1.64.0.59984-libs, file_path=/data/data/com.hisense.hicloud.edca/files/plugin/2.1.0.59986/pluginplayer/1.64.0.59984/pluginplayer-release-1.64.0.59984.apk}, info=AppInfo(hostVersion=2.1.0.59986mHostAllowDebug=false))
07-05 23:37:08.526 D/Player/PluginProvider@82c89fe( 4312): [TID 4347] onInitialize() lib path=/data/data/com.hisense.hicloud.edca/files/plugin/2.1.0.59986/pluginplayer/1.64.0.59984/pluginplayer-release-1.64.0.59984-libs
07-05 23:37:08.526 I/LogUtils( 4312): [TID 4347] log is open
07-05 23:37:08.528 D/CommonHeader( 4312): app logo :refreshTimer: isRotatetrue
07-05 23:37:08.528 I/Carousel-UrlVideoView( 4312): onMeasure(MeasureSpec: EXACTLY 816, MeasureSpec: EXACTLY 460)
07-05 23:37:08.528 I/Carousel-UrlVideoView( 4312): onMeasure(MeasureSpec: EXACTLY 816, MeasureSpec: EXACTLY 460)
07-05 23:37:08.533 D/Player/PluginProvider@82c89fe( 4312): [TID 4347] setupSdkFeature()
07-05 23:37:08.540 D/Carousel-SimpleVideoView( 4312): speedKB=0
07-05 23:37:08.540 D/Carousel-SimpleVideoView( 4312): msg.arg1=0
07-05 23:37:08.570 I/MiSysSrv( 1214): [37m[INFO] Change to Voltage: 117 mv (0x32)[m
07-05 23:37:08.583 D/MediaHTTPConnection( 4312): [Connection@524413939] response.heeader.null = HTTP/1.0 206 Partial Content
07-05 23:37:08.583 D/MediaHTTPConnection( 4312): [Connection@524413939] response.heeader.Accept-Ranges = bytes
07-05 23:37:08.583 D/MediaHTTPConnection( 4312): [Connection@524413939] response.heeader.Age = 4061281
07-05 23:37:08.583 D/MediaHTTPConnection( 4312): [Connection@524413939] response.heeader.Cache-Control = max-age=5184000
07-05 23:37:08.583 D/MediaHTTPConnection( 4312): [Connection@524413939] response.heeader.Connection = keep-alive
07-05 23:37:08.583 D/MediaHTTPConnection( 4312): [Connection@524413939] response.heeader.Content-Length = 218840697
07-05 23:37:08.583 D/MediaHTTPConnection( 4312): [Connection@524413939] response.heeader.Content-MD5 = b0d2FgZ34VxS2J9TYuIjgA==
07-05 23:37:08.583 D/MediaHTTPConnection( 4312): [Connection@524413939] response.heeader.Content-Range = bytes 0-218840696/218840697
07-05 23:37:08.583 D/PlayerSdk/PlayerSdkProject( 4312): [TID 4347] >> beginInitialize
07-05 23:37:08.583 D/MediaHTTPConnection( 4312): [Connection@524413939] response.heeader.Content-Type = application/octet-stream
07-05 23:37:08.583 D/MediaHTTPConnection( 4312): [Connection@524413939] response.heeader.Date = Fri, 19 May 2017 15:29:07 GMT
07-05 23:37:08.583 D/MediaHTTPConnection( 4312): [Connection@524413939] response.heeader.ETag = "6F4776160677E15C52D89F5362E22380"
07-05 23:37:08.583 D/MediaHTTPConnection( 4312): [Connection@524413939] response.heeader.Last-Modified = Mon, 08 May 2017 17:24:17 GMT
07-05 23:37:08.583 D/MediaHTTPConnection( 4312): [Connection@524413939] response.heeader.Server = nginx/1.2.4
07-05 23:37:08.583 D/MediaHTTPConnection( 4312): [Connection@524413939] response.heeader.Via = 1.1 chshx150:7 (Cdn Cache Server V2.0)[95 200 2], 1.1 zhdxxz41:2 (Cdn Cache Server V2.0)[41 200 0], 1.0 ddxxz140:3 (Cdn Cache Server V2.0)[0 200 0]
07-05 23:37:08.583 D/MediaHTTPConnection( 4312): [Connection@524413939] response.heeader.X-Android-Received-Millis = 1499269028582
07-05 23:37:08.583 D/MediaHTTPConnection( 4312): [Connection@524413939] response.heeader.X-Android-Response-Source = NETWORK 206
07-05 23:37:08.583 D/MediaHTTPConnection( 4312): [Connection@524413939] response.heeader.X-Android-Sent-Millis = 1499269028567
07-05 23:37:08.583 D/MediaHTTPConnection( 4312): [Connection@524413939] response.heeader.x-oss-hash-crc64ecma = 10858506031335928878
07-05 23:37:08.583 D/MediaHTTPConnection( 4312): [Connection@524413939] response.heeader.x-oss-object-type = Normal
07-05 23:37:08.583 D/MediaHTTPConnection( 4312): [Connection@524413939] response.heeader.x-oss-request-id = 591D64783FEA2FF75DF4AA6E
07-05 23:37:08.583 D/MediaHTTPConnection( 4312): [Connection@524413939] response.heeader.x-oss-server-time = 46
07-05 23:37:08.583 D/MediaHTTPConnection( 4312): [Connection@524413939] response.heeader.x-oss-storage-class = Standard
07-05 23:37:08.586 I/NetflixMonitorService( 1733): current fgapk : com.hisense.hicloud.edca
07-05 23:37:08.586 I/NetflixMonitorService( 1733): Netflix status unchanged
07-05 23:37:08.588 D/PlayerSdk/SdkConfigManager( 4312): [TID 4347] setupConfig: context=com.qiyi.sdk.plugin.server.core.ContextProxy@576555f
07-05 23:37:08.588 W/ContextProxy( 4312): getAssets() mAssetManager=android.content.res.AssetManager@15e7b0b0
07-05 23:37:08.590 D/PowerManagerService( 1733): acquireWakeLockInternal: lock=113832109, flags=0x1, tag="NetworkStats", ws=null, uid=1000, pid=1733
07-05 23:37:08.590 D/PowerManagerNotifier( 1733): onWakeLockAcquired: flags=1, tag="NetworkStats", packageName=android, ownerUid=1000, ownerPid=1733, workSource=null
07-05 23:37:08.590 D/NtpTrustedTime( 1733): currentTimeMillis() cache hit
07-05 23:37:08.590 D/PlayerSdk/SdkConfigManager( 4312): [TID 4347] setupConfig: strEncrypted=VVVJRD0yMDE3MDQyNTExMzUzNzkxMmdlVEdXS0REMTE3MDIsQ1VTVE9NRVJfSUQ9NjAsUExBWUVSX0NPTkZJR19UWVBFPTQsUExBVEZPUk1fVFZBUEk9SEFJWElOLElTX1NVUFBPUlRfWUlOSEVfUElOR0JBQ0s9ZmFsc2UsSVNfRU5CQUxFX0gyNjU9ZmFsc2UsSVNfRU5BQkxFX0RPTEJZPWZhbHNlLElTX0VOQkFMRV80Sz0sSVNfRU5CQUxFX0RPTEJZX1ZJU0lPTj0sSVNfRU5CQUxFX0hEUjEwPSxJU19VU0VfVE1UU19MT0NBTF9TSUdOPWZhbHNlLElTX0dFVF9VVUlEX0ZST01fU0VSVkVSPXRydWUsQ0ROX0RJU1BBVENIX1BBUkFNPSxET01BSU5fTkFNRT1wdHF5LmdpdHYudHYsTkFUSVZFX1BMQVlFUl9CUkFORD1IaVNlbnNlLExPR0lOX1RZUEU9U1VCX0FDQ09VTlQsQ1VTVE9NRVJfUEFDS0FHRV9OQU1FPWNvbS5oaXNlbnNlLmhpY2xvdWQuZWRjYSxJU19ERUJVR19WRVJTSU9OPWZhbHNlLE5BVElWRV9QTEFZRVJfQ09ERUNUWVBFPSxQTEFZRVJfUExBVEZPUk09UF9IaXNlbnNlLEVOQUJMRV9TRVRfQklUU1RSRUFNPXRydWUsREVGQVVMVF9DRkdfQklUU1RSRUFNPSw=
07-05 23:37:08.593 I/System.out( 4312): decode
07-05 23:37:08.593 W/ContextProxy( 4312): getResources() mResources=android.content.res.Resources@1f8d6eae
07-05 23:37:08.601 W/System.err( 4312): java.net.ConnectException: failed to connect to /10.18.210.112 (port 8900) after 6000ms: isConnected failed: ECONNREFUSED (Connection refused)
07-05 23:37:08.601 W/System.err( 4312): 	at libcore.io.IoBridge.isConnected(IoBridge.java:238)
07-05 23:37:08.601 W/System.err( 4312): 	at libcore.io.IoBridge.connectErrno(IoBridge.java:171)
07-05 23:37:08.601 W/System.err( 4312): 	at libcore.io.IoBridge.connect(IoBridge.java:122)
07-05 23:37:08.601 W/System.err( 4312): 	at java.net.PlainSocketImpl.connect(PlainSocketImpl.java:183)
07-05 23:37:08.601 W/System.err( 4312): 	at java.net.PlainSocketImpl.connect(PlainSocketImpl.java:456)
07-05 23:37:08.601 W/System.err( 4312): 	at java.net.Socket.connect(Socket.java:882)
07-05 23:37:08.601 W/System.err( 4312): 	at com.android.okhttp.internal.Platform.connectSocket(Platform.java:174)
07-05 23:37:08.601 W/System.err( 4312): 	at com.android.okhttp.Connection.connect(Connection.java:152)
07-05 23:37:08.602 W/System.err( 4312): 	at com.android.okhttp.internal.http.HttpEngine.connect(HttpEngine.java:276)
07-05 23:37:08.602 W/System.err( 4312): 	at com.android.okhttp.internal.http.HttpEngine.sendRequest(HttpEngine.java:211)
07-05 23:37:08.602 W/System.err( 4312): 	at com.android.okhttp.internal.http.HttpURLConnectionImpl.execute(HttpURLConnectionImpl.java:382)
07-05 23:37:08.602 W/System.err( 4312): 	at com.android.okhttp.internal.http.HttpURLConnectionImpl.connect(HttpURLConnectionImpl.java:106)
07-05 23:37:08.602 W/System.err( 4312): 	at com.hisense.hitv.hicloud.util.ExceptionReport.a(ExceptionReport.java:337)
07-05 23:37:08.602 W/System.err( 4312): 	at com.hisense.hitv.hicloud.util.ExceptionReport.a(ExceptionReport.java:39)
07-05 23:37:08.602 W/System.err( 4312): 	at com.hisense.hitv.hicloud.util.ExceptionReport$1.run(ExceptionReport.java:83)
07-05 23:37:08.602 W/System.err( 4312): 	at java.lang.Thread.run(Thread.java:818)
07-05 23:37:08.602 W/System.err( 4312): Caused by: android.system.ErrnoException: isConnected failed: ECONNREFUSED (Connection refused)
07-05 23:37:08.602 W/System.err( 4312): 	at libcore.io.IoBridge.isConnected(IoBridge.java:223)
07-05 23:37:08.602 W/System.err( 4312): 	... 15 more
07-05 23:37:08.615 D/NtpTrustedTime( 1733): currentTimeMillis() cache hit
07-05 23:37:08.616 D/PowerManagerService( 1733): releaseWakeLockInternal: lock=113832109 [NetworkStats], flags=0x0
07-05 23:37:08.616 D/PowerManagerNotifier( 1733): onWakeLockReleased: flags=1, tag="NetworkStats", packageName=android, ownerUid=1000, ownerPid=1733, workSource=null
07-05 23:37:08.616 D/NtpTrustedTime( 1733): currentTimeMillis() cache hit
07-05 23:37:08.616 D/NtpTrustedTime( 1733): currentTimeMillis() cache hit
07-05 23:37:08.618 W/ContextProxy( 4312): getResources() mResources=android.content.res.Resources@1f8d6eae
07-05 23:37:08.626 I/System.out( 4312): ok
07-05 23:37:08.627 I/System.out( 4312): UUID=20170425113537912geTGWKDD11702,CUSTOMER_ID=60,PLAYER_CONFIG_TYPE=4,PLATFORM_TVAPI=HAIXIN,IS_SUPPORT_YINHE_PINGBACK=false,IS_ENBALE_H265=false,IS_ENABLE_DOLBY=false,IS_ENBALE_4K=,IS_ENBALE_DOLBY_VISION=,IS_ENBALE_HDR10=,IS_USE_TMTS_LOCAL_SIGN=false,IS_GET_UUID_FROM_SERVER=true,CDN_DISPATCH_PARAM=,DOMAIN_NAME=ptqy.gitv.tv,NATIVE_PLAYER_BRAND=HiSense,LOGIN_TYPE=SUB_ACCOUNT,CUSTOMER_PACKAGE_NAME=com.hisense.hicloud.edca,IS_DEBUG_VERSION=false,NATIVE_PLAYER_CODECTYPE=,PLAYER_PLATFORM=P_Hisense,ENABLE_SET_BITSTREAM=true,DEFAULT_CFG_BITSTREAM=,
07-05 23:37:08.627 I/System.out( 4312): hook :UUID=20170425113537912geTGWKDD11702,CUSTOMER_ID=60,PLAYER_CONFIG_TYPE=4,PLATFORM_TVAPI=HAIXIN,IS_SUPPORT_YINHE_PINGBACK=false,IS_ENBALE_H265=false,IS_ENABLE_DOLBY=false,IS_ENBALE_4K=,IS_ENBALE_DOLBY_VISION=,IS_ENBALE_HDR10=,IS_USE_TMTS_LOCAL_SIGN=false,IS_GET_UUID_FROM_SERVER=true,CDN_DISPATCH_PARAM=,DOMAIN_NAME=ptqy.gitv.tv,NATIVE_PLAYER_BRAND=HiSense,LOGIN_TYPE=SUB_ACCOUNT,CUSTOMER_PACKAGE_NAME=com.hisense.hicloud.edca,IS_DEBUG_VERSION=false,NATIVE_PLAYER_CODECTYPE=,PLAYER_PLATFORM=P_Hisense,ENABLE_SET_BITSTREAM=true,DEFAULT_CFG_BITSTREAM=,
07-05 23:37:08.639 D/PlayerSdk/SdkConfig( 4312): [TID 4347] initialize({PLAYER_PLATFORM=P_Hisense, NATIVE_PLAYER_BRAND=HiSense, CUSTOMER_ID=60, ENABLE_SET_BITSTREAM=true, IS_ENBALE_H265=false, UUID=20170425113537912geTGWKDD11702, IS_GET_UUID_FROM_SERVER=true, IS_DEBUG_VERSION=false, IS_ENABLE_DOLBY=false, CUSTOMER_PACKAGE_NAME=com.hisense.hicloud.edca, IS_USE_TMTS_LOCAL_SIGN=false, PLATFORM_TVAPI=HAIXIN, DOMAIN_NAME=ptqy.gitv.tv, LOGIN_TYPE=SUB_ACCOUNT, IS_SUPPORT_YINHE_PINGBACK=false, PLAYER_CONFIG_TYPE=4})
07-05 23:37:08.643 D/PlayerSdk/SdkConfig( 4312): [TID 4347] initialize(), name=com.hisense.hicloud.edca
07-05 23:37:08.644 D/PlayerSdk/SdkConfig( 4312): [TID 4347] initialize(),mCustomerPackageNames=[com.hisense.hicloud.edca]
07-05 23:37:08.645 D/SdkConfigUtils( 4312): [TID 4347] parsePlatformType(HAIXIN)
07-05 23:37:08.647 D/SdkConfigUtils( 4312): [TID 4347] parseLoginType(SUB_ACCOUNT)
07-05 23:37:08.648 D/SdkConfigUtils( 4312): [TID 4347] parsePlayerPlatform(P_Hisense)
07-05 23:37:08.649 D/PlayerSdk/SdkConfigManager( 4312): [TID 4347] setupConfig: mCurrentConfig=SdkConfig@1e4130e5{mCustomerCode=60, mPlayerConfigType=4, mPlatformType=HAIXIN, mLoginType=SUB_ACCOUNT, mIsEnableDolby=false, mIsEnableH265=false, mIsEnable4K=true, mIsSupportYinhePingback=false, mShouldDoPlayCheck=true, mshouldGetUuidFromServer=true, mPingbackS1=2, mPingbackS2=simple_sdk, mPingbackP2=3128, mDomainName=ptqy.gitv.tv, mIsDebugVersion=false, mIsDebugVersion=false, mCustomerPackageNames=[com.hisense.hicloud.edca], mEnableSetBitstream=true}
07-05 23:37:08.656 D/Carousel-SimpleVideoView( 4312): speedKB=1803
07-05 23:37:08.656 D/Carousel-SimpleVideoView( 4312): msg.arg1=1
07-05 23:37:08.684 I/VideoCapabilities( 4312): Unsupported profile 4 for video/mp4v-es
07-05 23:37:08.686 I/VideoCapabilities( 4312): Unsupported profile 4 for video/mp4v-es
07-05 23:37:08.686 I/VideoCapabilities( 4312): Unsupported profile 4 for video/mp4v-es
07-05 23:37:08.686 I/VideoCapabilities( 4312): Unsupported profile 4 for video/mp4v-es
07-05 23:37:08.686 I/VideoCapabilities( 4312): Unsupported profile 4 for video/mp4v-es
07-05 23:37:08.686 I/VideoCapabilities( 4312): Unsupported profile 4 for video/mp4v-es
07-05 23:37:08.687 I/VideoCapabilities( 4312): Unsupported profile 4 for video/mp4v-es
07-05 23:37:08.687 I/VideoCapabilities( 4312): Unsupported profile 4 for video/mp4v-es
07-05 23:37:08.687 I/VideoCapabilities( 4312): Unsupported profile 8 for video/mp4v-es
07-05 23:37:08.687 I/VideoCapabilities( 4312): Unsupported profile 8 for video/mp4v-es
07-05 23:37:08.687 I/VideoCapabilities( 4312): Unsupported profile 8 for video/mp4v-es
07-05 23:37:08.687 I/VideoCapabilities( 4312): Unsupported profile 8 for video/mp4v-es
07-05 23:37:08.687 I/VideoCapabilities( 4312): Unsupported profile 8 for video/mp4v-es
07-05 23:37:08.687 I/VideoCapabilities( 4312): Unsupported profile 8 for video/mp4v-es
07-05 23:37:08.687 I/VideoCapabilities( 4312): Unsupported profile 8 for video/mp4v-es
07-05 23:37:08.687 I/VideoCapabilities( 4312): Unsupported profile 8 for video/mp4v-es
07-05 23:37:08.687 I/VideoCapabilities( 4312): Unsupported profile 1024 for video/mp4v-es
07-05 23:37:08.687 I/VideoCapabilities( 4312): Unsupported profile 1024 for video/mp4v-es
07-05 23:37:08.687 I/VideoCapabilities( 4312): Unsupported profile 1024 for video/mp4v-es
07-05 23:37:08.687 I/VideoCapabilities( 4312): Unsupported profile 1024 for video/mp4v-es
07-05 23:37:08.687 I/VideoCapabilities( 4312): Unsupported profile 1024 for video/mp4v-es
07-05 23:37:08.687 I/VideoCapabilities( 4312): Unsupported profile 1024 for video/mp4v-es
07-05 23:37:08.687 I/VideoCapabilities( 4312): Unsupported profile 1024 for video/mp4v-es
07-05 23:37:08.687 I/VideoCapabilities( 4312): Unsupported profile 1024 for video/mp4v-es
07-05 23:37:08.687 W/VideoCapabilities( 4312): Unrecognized profile/level 32768/2 for video/mp4v-es
07-05 23:37:08.728 W/VideoCapabilities( 4312): Unsupported mime video/mvc
07-05 23:37:08.731 W/VideoCapabilities( 4312): Unsupported mime video/mpeg2
07-05 23:37:08.737 W/VideoCapabilities( 4312): Unsupported mime video/divx3
07-05 23:37:08.743 W/VideoCapabilities( 4312): Unsupported mime video/divx4
07-05 23:37:08.746 W/VideoCapabilities( 4312): Unsupported mime video/flv
07-05 23:37:08.749 W/VideoCapabilities( 4312): Unsupported mime video/VC1
07-05 23:37:08.752 W/VideoCapabilities( 4312): Unsupported mime video/wvc1
07-05 23:37:08.756 W/VideoCapabilities( 4312): Unsupported mime video/wmv3
07-05 23:37:08.767 W/VideoCapabilities( 4312): Unsupported mime video/mjpeg
07-05 23:37:08.774 W/VideoCapabilities( 4312): Unsupported mime video/avs
07-05 23:37:08.780 W/VideoCapabilities( 4312): Unsupported mime video/realvideo
07-05 23:37:08.784 V/DataSource( 1206): sniff
07-05 23:37:08.784 I/FFmpegExtractor( 1206): android-source:0xb8bfe020
07-05 23:37:08.786 I/FFMPEG  ( 1206): [mov,mp4,m4a,3gp,3g2,mj2 @ 0xb8845400] Format mov,mp4,m4a,3gp,3g2,mj2 probed with size=2048 and score=100
07-05 23:37:08.787 D/MediaHTTPConnection( 4312): [Connection@524413939] getSize mTotalSize = 218840697
07-05 23:37:08.788 I/FFMPEG  ( 1206): [mov,mp4,m4a,3gp,3g2,mj2 @ 0xb8845400] ISO: File Type Major Brand: isom
07-05 23:37:08.793 W/AudioCapabilities( 4312): Unsupported mime audio/mpeg-L1
07-05 23:37:08.798 W/AudioCapabilities( 4312): Unsupported mime audio/mpeg-L2
07-05 23:37:08.819 W/AudioCapabilities( 4312): Unsupported mime audio/adpcm
07-05 23:37:08.821 D/FFmpegExtractor( 1206): FFmpegExtrator, url: android-source:0xb8bfe020, format_name: mov,mp4,m4a,3gp,3g2,mj2, format_long_name: QuickTime / MOV
07-05 23:37:08.821 D/FFmpegExtractor( 1206): suppoted codec(h264) by official Stagefright
07-05 23:37:08.821 D/FFmpegExtractor( 1206): suppoted codec(aac) by official Stagefright
07-05 23:37:08.822 I/FFMPEG  ( 1206): [AVIOContext @ 0xb8bfe520] Statistics: 426780 bytes read, 0 seeks
07-05 23:37:08.822 D/FFmpegExtractor( 1206): ffmpeg detected media content as 'video/mp4' with confidence 0.08
07-05 23:37:08.823 W/AudioCapabilities( 4312): Unsupported mime audio/lpcm
07-05 23:37:08.830 W/AudioCapabilities( 4312): Unsupported mime audio/cook
07-05 23:37:08.833 W/AudioCapabilities( 4312): Unsupported mime audio/x-ms-wma
07-05 23:37:08.842 W/AudioCapabilities( 4312): Unsupported mime audio/ac3
07-05 23:37:08.844 W/AudioCapabilities( 4312): Unsupported mime audio/ac3p
07-05 23:37:08.847 W/AudioCapabilities( 4312): Unsupported mime audio/eac3
07-05 23:37:08.851 W/AudioCapabilities( 4312): Unsupported mime audio/dts
07-05 23:37:08.852 W/AudioCapabilities( 4312): Unsupported mime audio/dts-hd
07-05 23:37:08.853 W/AudioCapabilities( 4312): Unsupported mime audio/dts-lbr
07-05 23:37:08.855 W/AudioCapabilities( 4312): Unsupported mime audio/dra
07-05 23:37:08.884 W/AudioCapabilities( 4312): Unsupported mime audio/x-ape
07-05 23:37:08.891 W/AudioCapabilities( 4312): Unsupported mime audio/ffmpeg
07-05 23:37:08.893 W/AudioCapabilities( 4312): Unsupported mime audio/ac3
07-05 23:37:08.897 W/AudioCapabilities( 4312): Unsupported mime audio/mpeg-L2
07-05 23:37:08.909 I/TVMW@HsTvSetting( 1234): Trace cmd, data = 0x1058
07-05 23:37:08.910 D/til@system( 2026): til_get_system_param option:100002F int:0, bool:0, ret:0
07-05 23:37:08.910 I/TVMW@HsTvSetting( 1234): Trace cmd, data = 0x101f
07-05 23:37:08.910 D/til@system( 2026): til_get_system_param option:100001D int:3, bool:3, ret:0
07-05 23:37:08.911 E/til     ( 2026): [til_get_current_input_source, 101] 
07-05 23:37:08.911 I/TVMW@HsTvSetting( 1234): Trace cmd, data = 0x7007
07-05 23:37:08.911 I/tilwrapper@sm( 2026): HS2TIL_SourceType *hs=0xd, *til=0x900
07-05 23:37:08.911 D/til     ( 2026): get current source 2304
07-05 23:37:08.911 D/SourceRemoteServiceHandler( 2026): getCurrentInputSource.from.til.result is 0, value is 2304
07-05 23:37:08.911 D/SourceRemoteServiceHandler( 2026): getInputSourceType source: 0x900, type=2304
07-05 23:37:08.911 D/til     ( 2026): ###### func:til_get_picture_param option:0x3000006 ######  
07-05 23:37:08.912 I/TVMW@HsTvSetting( 1234): Trace cmd, data = 0x1003
07-05 23:37:08.913 I/TVMW@HsTvSetting( 1234): Trace cmd, data = 0x8032
07-05 23:37:08.913 I/hstvos  ( 1216): [0m[1;33m[HSHAL][HS_VIDEO][HS_HAL_Video_SetOsdDetect_v2][2389]u16Threshold = 20
07-05 23:37:08.913 I/MiSysSrv( 1214): Not support now! 42, change to mm_video!!!
07-05 23:37:08.915 E/TVMW@videoctrl( 1234):  getOsd is 1
07-05 23:37:08.915 D/til@system( 2026): til_get_system_param option:1000027 int:1, bool:1, ret:0
07-05 23:37:08.916 D/til     ( 2026): ###### func:til_get_picture_param option:0x3000045 ######  
07-05 23:37:08.916 I/TVMW@HsTvSetting( 1234): Trace cmd, data = 0x300c
07-05 23:37:08.916 I/TVMW@HsTvSetting( 1234): Trace 3d, data = 0x300c
07-05 23:37:08.916 I/TVMW@3d ( 1234): Hs_debug3d_trace: func:get3dStatus, line:109
07-05 23:37:08.917 D/MC_MEMORY(16055): max: 256.261888 Mb, heap: 10.10779 Mb, allocated: 10.10260 Mb, free: 0.519 Mb, native heap: 12.12276 Mb, native allocated: 8.8401 Mb, native free: 3.3875 Mb
07-05 23:37:08.969 I/VideoCapabilities( 4312): Unsupported profile 4 for video/mp4v-es
07-05 23:37:08.976 D/Player/Lib/Utils/SysUtils( 4312): [TID 4347] [Check dolby]  Codec name=OMX.MS.M4V.Decoder
07-05 23:37:08.976 D/Player/Lib/Utils/SysUtils( 4312): [TID 4347] [Check dolby]  Supported type=video/mp4v-es
