07-06 00:54:49.274 I/TVMW@HsTvSetting( 1234): Trace cmd, data = 0x1058
07-06 00:54:49.274 D/til@system( 2026): til_get_system_param option:100002F int:0, bool:0, ret:0
07-06 00:54:49.275 I/TVMW@HsTvSetting( 1234): Trace cmd, data = 0x101f
07-06 00:54:49.275 D/til@system( 2026): til_get_system_param option:100001D int:3, bool:3, ret:0
07-06 00:54:49.275 E/til     ( 2026): [til_get_current_input_source, 101] 
07-06 00:54:49.296 I/TVMW@HsTvSetting( 1234): Trace cmd, data = 0x7007
07-06 00:54:49.296 I/tilwrapper@sm( 2026): HS2TIL_SourceType *hs=0xd, *til=0x900
07-06 00:54:49.296 D/til     ( 2026): get current source 2304
07-06 00:54:49.297 D/SourceRemoteServiceHandler( 2026): getCurrentInputSource.from.til.result is 0, value is 2304
07-06 00:54:49.297 D/SourceRemoteServiceHandler( 2026): getInputSourceType source: 0x900, type=2304
07-06 00:54:49.297 D/til     ( 2026): ###### func:til_get_picture_param option:0x3000006 ######  
07-06 00:54:49.297 I/TVMW@HsTvSetting( 1234): Trace cmd, data = 0x1003
07-06 00:54:49.298 I/TVMW@HsTvSetting( 1234): Trace cmd, data = 0x8032
07-06 00:54:49.298 I/hstvos  ( 1216): [0m[1;33m[HSHAL][HS_VIDEO][HS_HAL_Video_SetOsdDetect_v2][2389]u16Threshold = 20
07-06 00:54:49.299 E/TVMW@videoctrl( 1234):  getOsd is 1
07-06 00:54:49.299 D/til@system( 2026): til_get_system_param option:1000027 int:1, bool:1, ret:0
07-06 00:54:49.299 D/til     ( 2026): ###### func:til_get_picture_param option:0x3000045 ######  
07-06 00:54:49.299 I/TVMW@HsTvSetting( 1234): Trace cmd, data = 0x300c
07-06 00:54:49.299 I/TVMW@HsTvSetting( 1234): Trace 3d, data = 0x300c
07-06 00:54:49.299 I/TVMW@3d ( 1234): Hs_debug3d_trace: func:get3dStatus, line:109
07-06 00:54:49.310 I/HISENSETERMINALAGENCY( 2263): received msg =801
07-06 00:54:49.316 I/HISENSETERMINALAGENCY( 2263): app auth, deviceId =86100300900000500000060a4818fca8
07-06 00:54:49.343 I/HISENSETERMINALAGENCY( 2263): app auth, has sso, auth success!
07-06 00:54:49.370 I/HISENSETERMINALAGENCY( 2263): no need update CachePolicyStrategy!
07-06 00:54:49.370 I/HISENSETERMINALAGENCY( 2263): get cache policy check time interval = 60
07-06 00:54:49.381 I/NetflixMonitorService( 1733): current fgapk : com.hisense.hicloud.edca
07-06 00:54:49.381 I/NetflixMonitorService( 1733): Netflix status unchanged
07-06 00:54:49.693 D/MC_MEMORY( 4735): max: 256.261888 Mb, heap: 10.10798 Mb, allocated: 10.10611 Mb, free: 0.186 Mb, native heap: 12.12276 Mb, native allocated: 8.8350 Mb, native free: 3.3926 Mb
07-06 00:54:49.730 D/MSTAR_VDEC_DBG( 1206): Stream ID: 0, Rate : 24 (E:0,D:0,S:0,F:101) 
07-06 00:54:49.733 I/MyFragmentStateAdapter(15548): getCount
07-06 00:54:49.801 I/TVMW@HsTvSetting( 1234): Trace cmd, data = 0x1058
07-06 00:54:49.801 D/til@system( 2026): til_get_system_param option:100002F int:0, bool:0, ret:0
07-06 00:54:49.802 I/TVMW@HsTvSetting( 1234): Trace cmd, data = 0x101f
07-06 00:54:49.805 D/til@system( 2026): til_get_system_param option:100001D int:3, bool:3, ret:0
07-06 00:54:49.805 E/til     ( 2026): [til_get_current_input_source, 101] 
07-06 00:54:49.805 I/TVMW@HsTvSetting( 1234): Trace cmd, data = 0x7007
07-06 00:54:49.806 I/tilwrapper@sm( 2026): HS2TIL_SourceType *hs=0xd, *til=0x900
07-06 00:54:49.806 D/til     ( 2026): get current source 2304
07-06 00:54:49.806 D/SourceRemoteServiceHandler( 2026): getCurrentInputSource.from.til.result is 0, value is 2304
07-06 00:54:49.806 D/SourceRemoteServiceHandler( 2026): getInputSourceType source: 0x900, type=2304
07-06 00:54:49.806 D/til     ( 2026): ###### func:til_get_picture_param option:0x3000006 ######  
07-06 00:54:49.806 I/TVMW@HsTvSetting( 1234): Trace cmd, data = 0x1003
07-06 00:54:49.810 I/TVMW@HsTvSetting( 1234): Trace cmd, data = 0x8032
07-06 00:54:49.811 I/hstvos  ( 1216): [0m[1;33m[HSHAL][HS_VIDEO][HS_HAL_Video_SetOsdDetect_v2][2389]u16Threshold = 20
07-06 00:54:49.811 E/TVMW@videoctrl( 1234):  getOsd is 1
07-06 00:54:49.811 D/til@system( 2026): til_get_system_param option:1000027 int:1, bool:1, ret:0
07-06 00:54:49.811 D/til     ( 2026): ###### func:til_get_picture_param option:0x3000045 ######  
07-06 00:54:49.812 I/TVMW@HsTvSetting( 1234): Trace cmd, data = 0x300c
07-06 00:54:49.812 I/TVMW@HsTvSetting( 1234): Trace 3d, data = 0x300c
07-06 00:54:49.812 I/TVMW@3d ( 1234): Hs_debug3d_trace: func:get3dStatus, line:109
07-06 00:54:49.918 D/GlobalInputEventMonitoringService( 1733): interceptKeyBeforeQueueing(), event:22, mNeedMonitorKeyEvent:true, mWaitForKeyUpEvent:false
07-06 00:54:49.918 D/GlobalInputEventMonitoringService( 1733): processKeyEvent(), processKeyEvent event:22
07-06 00:54:49.918 D/WindowManager( 1733): interceptKeyTq keycode=22 interactive=true keyguardActive=false policyFlags=2b000000 isCancled= false
07-06 00:54:49.919 D/PowerManagerService( 1733): userActivityNoUpdateLocked: eventTime=22531488, event=1, flags=0x0, uid=1000
07-06 00:54:49.919 D/WindowManager( 1733): interceptKeyTi keyCode=22 down=true repeatCount=0 keyguardOn=false mHomePressed=false canceled=false
07-06 00:54:49.919 D/WindowManager( 1733): Hisense systemkey event: 22
07-06 00:54:49.919 D/HisenseGlobalKeyManager( 1733): handleGlobalKey() : Global event = KeyEvent { action=ACTION_DOWN, keyCode=KEYCODE_DPAD_RIGHT, scanCode=0, metaState=0, flags=0x0, repeatCount=0, eventTime=22531488, downTime=22531488, deviceId=-1, source=0x101 }
07-06 00:54:49.920 D/SogouIME( 2203): [onKeyDown] keycode = 22 model = VIDAA_TV
07-06 00:54:49.923 D/Carousel-CarouselDisplayPlayerLayout(15548): HasFocus:false,keyCode:22
07-06 00:54:49.923 D/Carousel-CarouselDisplayPlayerLayout(15548): isFullScreen:false
07-06 00:54:49.923 I/HomeMainActivity(15548): carousel handle key:false
07-06 00:54:49.923 I/MainHomeView(15548): dispatchKeyEvent ACTION_DOWN now 
07-06 00:54:49.923 I/HomeMainActivity(15548): onKeyDown is 22
07-06 00:54:49.924 I/FirstlineLayoutManager(15548): left=218,width=1738,scroll Distance=-846
07-06 00:54:49.930 D/Carousel-CarouselView(15548): ============>onFocusChange=true
07-06 00:54:49.930 D/Carousel-CarouselDisplayPlayerLayout(15548): isFullScreen:false
07-06 00:54:49.931 D/Carousel-CarouselView(15548): isFullScreen:false,hasFocus:true
07-06 00:54:49.931 D/Carousel-CarouselView(15548): ============>offset=-257
07-06 00:54:49.943 D/Carousel-CarouselDisplayPlayerLayout(15548): showPlayerWindowTip showable:true
07-06 00:54:49.970 D/GlobalInputEventMonitoringService( 1733): interceptKeyBeforeQueueing(), event:22, mNeedMonitorKeyEvent:true, mWaitForKeyUpEvent:false
07-06 00:54:49.970 D/GlobalInputEventMonitoringService( 1733): processKeyEvent(), processKeyEvent event:22
07-06 00:54:49.970 D/WindowManager( 1733): interceptKeyTq keycode=22 interactive=true keyguardActive=false policyFlags=2b000000 isCancled= false
07-06 00:54:49.971 D/WindowManager( 1733): interceptKeyTi keyCode=22 down=false repeatCount=0 keyguardOn=false mHomePressed=false canceled=false
07-06 00:54:49.971 D/WindowManager( 1733): Hisense systemkey event: 22
07-06 00:54:49.971 D/HisenseGlobalKeyManager( 1733): handleGlobalKey() : Global event = KeyEvent { action=ACTION_UP, keyCode=KEYCODE_DPAD_RIGHT, scanCode=0, metaState=0, flags=0x0, repeatCount=0, eventTime=22531488, downTime=22531488, deviceId=-1, source=0x101 }
07-06 00:54:50.024 D/Carousel-CarouselDisplayPlayerLayout(15548): HasFocus:true,keyCode:22
07-06 00:54:50.024 D/Carousel-CarouselDisplayPlayerLayout(15548): isFullScreen:false
07-06 00:54:50.024 D/Carousel-CarouselDisplayPlayerLayout(15548): isFullScreen:false
07-06 00:54:50.024 I/HomeMainActivity(15548): carousel handle key:false
07-06 00:54:50.029 V/InputMethodService( 2203): startInput(): editor=android.view.inputmethod.EditorInfo@37309a80
07-06 00:54:50.029 V/InputMethodService( 2203): CALL: onFinishInput
07-06 00:54:50.033 E/SOGOUIME_JNI( 2203): reset
07-06 00:54:50.033 E/SOGOUIME_JNI( 2203): getCandidates
07-06 00:54:50.033 E/SOGOUIME_JNI( 2203): ime_get_uncommitted_length
07-06 00:54:50.034 E/SOGOUIME_JNI( 2203): getCandidates
07-06 00:54:50.034 D/SogouIME API( 2203): ==============num:32
07-06 00:54:50.034 E/SOGOUIME_JNI( 2203): ime_get_uncommitted_length
07-06 00:54:50.034 D/SogouIME( 2203): mFocusedComponent:30   isHkbEnable:false
07-06 00:54:50.034 E/SOGOUIME_JNI( 2203): ime_get_uncommitted_length
07-06 00:54:50.034 E/SOGOUIME_JNI( 2203): ime_get_committed_length
07-06 00:54:50.034 E/SOGOUIME_JNI( 2203): getComposingInfo
07-06 00:54:50.034 E/SOGOUIME_JNI( 2203): getComposingInfo
07-06 00:54:50.034 E/SOGOUIME_JNI( 2203): getCorrectInfo
07-06 00:54:50.034 E/SOGOUIME_JNI( 2203): getComposingInfo
07-06 00:54:50.035 V/InputMethodService( 2203): CALL: onStartInput
07-06 00:54:50.035 E/SOGOUIME_JNI( 2203): invalidateCommitWordPinyinNative
07-06 00:54:50.035 D/SogouIME( 2203): =====configKeyboard=======:false     false
07-06 00:54:50.035 E/SOGOUIME_JNI( 2203): ime_set_hard_kb_enable
07-06 00:54:50.138 I/TVMW@devctrl( 1234): wdt
07-06 00:54:50.290 I/HLSP2P  ( 3457): ## 2017-07-06 00:54:50.290 [3457,3628,:0] INFO ## [HLSP2P][TaskManager.cpp:855][INFO][UpdateGlobalInfo]totalDataSize: 0, totalMemorySize: 0, totalCacheSize: 0, curUploadSpeedKB: 0
07-06 00:54:50.291 I/HLSP2P  ( 3457): ## 2017-07-06 00:54:50.291 [3457,3628,:0] INFO ## [HLSP2P][TaskManager.cpp:1325][INFO][TryAdjustMemorySize]system memory total size: 1912M, free size: 334MB, cache add to 30MB, AppState: 14
07-06 00:54:50.313 I/TVMW@HsTvSetting( 1234): Trace cmd, data = 0x1058
07-06 00:54:50.314 D/til@system( 2026): til_get_system_param option:100002F int:0, bool:0, ret:0
07-06 00:54:50.314 I/TVMW@HsTvSetting( 1234): Trace cmd, data = 0x101f
07-06 00:54:50.314 D/til@system( 2026): til_get_system_param option:100001D int:3, bool:3, ret:0
07-06 00:54:50.314 E/til     ( 2026): [til_get_current_input_source, 101] 
07-06 00:54:50.315 I/TVMW@HsTvSetting( 1234): Trace cmd, data = 0x7007
07-06 00:54:50.315 I/tilwrapper@sm( 2026): HS2TIL_SourceType *hs=0xd, *til=0x900
07-06 00:54:50.315 D/til     ( 2026): get current source 2304
07-06 00:54:50.315 D/SourceRemoteServiceHandler( 2026): getCurrentInputSource.from.til.result is 0, value is 2304
07-06 00:54:50.315 D/SourceRemoteServiceHandler( 2026): getInputSourceType source: 0x900, type=2304
07-06 00:54:50.315 D/til     ( 2026): ###### func:til_get_picture_param option:0x3000006 ######  
07-06 00:54:50.315 I/TVMW@HsTvSetting( 1234): Trace cmd, data = 0x1003
07-06 00:54:50.315 I/TVMW@HsTvSetting( 1234): Trace cmd, data = 0x8032
07-06 00:54:50.316 I/hstvos  ( 1216): [0m[1;33m[HSHAL][HS_VIDEO][HS_HAL_Video_SetOsdDetect_v2][2389]u16Threshold = 20
07-06 00:54:50.316 E/TVMW@videoctrl( 1234):  getOsd is 1
07-06 00:54:50.316 D/til@system( 2026): til_get_system_param option:1000027 int:1, bool:1, ret:0
07-06 00:54:50.317 D/til     ( 2026): ###### func:til_get_picture_param option:0x3000045 ######  
07-06 00:54:50.317 I/TVMW@HsTvSetting( 1234): Trace cmd, data = 0x300c
07-06 00:54:50.317 I/TVMW@HsTvSetting( 1234): Trace 3d, data = 0x300c
07-06 00:54:50.317 I/TVMW@3d ( 1234): Hs_debug3d_trace: func:get3dStatus, line:109
07-06 00:54:50.381 I/NetflixMonitorService( 1733): current fgapk : com.hisense.hicloud.edca
07-06 00:54:50.381 I/NetflixMonitorService( 1733): Netflix status unchanged
07-06 00:54:50.568 I/MyFragmentStateAdapter(15548): getCount
07-06 00:54:50.590 I/MyFragmentStateAdapter(15548): getCount
07-06 00:54:50.620 I/MyFragmentStateAdapter(15548): getCount
07-06 00:54:50.645 I/MyFragmentStateAdapter(15548): getCount
07-06 00:54:50.673 I/MyFragmentStateAdapter(15548): getCount
07-06 00:54:50.694 I/MyFragmentStateAdapter(15548): getCount
07-06 00:54:50.724 I/MyFragmentStateAdapter(15548): getCount
07-06 00:54:50.750 I/MyFragmentStateAdapter(15548): getCount
07-06 00:54:50.773 I/MyFragmentStateAdapter(15548): getCount
07-06 00:54:50.779 D/MSTAR_VDEC_DBG( 1206): Stream ID: 0, Rate : 23 (E:0,D:0,S:0,F:126) 
07-06 00:54:50.804 I/MyFragmentStateAdapter(15548): getCount
07-06 00:54:50.818 I/TVMW@HsTvSetting( 1234): Trace cmd, data = 0x1058
07-06 00:54:50.819 D/til@system( 2026): til_get_system_param option:100002F int:0, bool:0, ret:0
07-06 00:54:50.819 I/TVMW@HsTvSetting( 1234): Trace cmd, data = 0x101f
07-06 00:54:50.819 D/til@system( 2026): til_get_system_param option:100001D int:3, bool:3, ret:0
07-06 00:54:50.819 E/til     ( 2026): [til_get_current_input_source, 101] 
07-06 00:54:50.819 I/TVMW@HsTvSetting( 1234): Trace cmd, data = 0x7007
07-06 00:54:50.819 I/tilwrapper@sm( 2026): HS2TIL_SourceType *hs=0xd, *til=0x900
07-06 00:54:50.819 D/til     ( 2026): get current source 2304
07-06 00:54:50.819 D/SourceRemoteServiceHandler( 2026): getCurrentInputSource.from.til.result is 0, value is 2304
07-06 00:54:50.819 D/SourceRemoteServiceHandler( 2026): getInputSourceType source: 0x900, type=2304
07-06 00:54:50.819 D/til     ( 2026): ###### func:til_get_picture_param option:0x3000006 ######  
07-06 00:54:50.819 I/TVMW@HsTvSetting( 1234): Trace cmd, data = 0x1003
07-06 00:54:50.820 I/TVMW@HsTvSetting( 1234): Trace cmd, data = 0x8032
07-06 00:54:50.820 I/hstvos  ( 1216): [0m[1;33m[HSHAL][HS_VIDEO][HS_HAL_Video_SetOsdDetect_v2][2389]u16Threshold = 20
07-06 00:54:50.821 E/TVMW@videoctrl( 1234):  getOsd is 1
07-06 00:54:50.822 D/til@system( 2026): til_get_system_param option:1000027 int:1, bool:1, ret:0
07-06 00:54:50.822 D/til     ( 2026): ###### func:til_get_picture_param option:0x3000045 ######  
07-06 00:54:50.822 I/TVMW@HsTvSetting( 1234): Trace cmd, data = 0x300c
07-06 00:54:50.823 I/TVMW@HsTvSetting( 1234): Trace 3d, data = 0x300c
07-06 00:54:50.823 I/TVMW@3d ( 1234): Hs_debug3d_trace: func:get3dStatus, line:109
07-06 00:54:50.833 I/MyFragmentStateAdapter(15548): getCount
07-06 00:54:50.840 I/HLSP2P  ( 4483): ## 2017-07-06 00:54:50.840 [4483,4840,:0] INFO ## [HLSP2P][DownloadManager.cpp:35][INFO][TryExtendCacheSize]system memory total size : 1912M, free size : 331M, cache add to 30MB
07-06 00:54:50.861 I/MyFragmentStateAdapter(15548): getCount
07-06 00:54:50.891 I/MyFragmentStateAdapter(15548): getCount
07-06 00:54:50.926 I/MyFragmentStateAdapter(15548): getCount
07-06 00:54:50.956 I/MyFragmentStateAdapter(15548): getCount
07-06 00:54:50.985 I/MyFragmentStateAdapter(15548): getCount
07-06 00:54:51.017 I/MyFragmentStateAdapter(15548): getCount
07-06 00:54:51.038 I/TVMW@devctrl( 1234): wdt
07-06 00:54:51.044 D/GlobalInputEventMonitoringService( 1733): interceptKeyBeforeQueueing(), event:20, mNeedMonitorKeyEvent:true, mWaitForKeyUpEvent:false
07-06 00:54:51.044 D/GlobalInputEventMonitoringService( 1733): processKeyEvent(), processKeyEvent event:20
07-06 00:54:51.044 D/WindowManager( 1733): interceptKeyTq keycode=20 interactive=true keyguardActive=false policyFlags=2b000000 isCancled= false
07-06 00:54:51.044 D/PowerManagerService( 1733): userActivityNoUpdateLocked: eventTime=22532615, event=1, flags=0x0, uid=1000
07-06 00:54:51.045 D/WindowManager( 1733): interceptKeyTi keyCode=20 down=true repeatCount=0 keyguardOn=false mHomePressed=false canceled=false
07-06 00:54:51.045 D/WindowManager( 1733): Hisense systemkey event: 20
07-06 00:54:51.045 D/HisenseGlobalKeyManager( 1733): handleGlobalKey() : Global event = KeyEvent { action=ACTION_DOWN, keyCode=KEYCODE_DPAD_DOWN, scanCode=0, metaState=0, flags=0x0, repeatCount=0, eventTime=22532615, downTime=22532615, deviceId=-1, source=0x101 }
07-06 00:54:51.047 D/SogouIME( 2203): [onKeyDown] keycode = 20 model = VIDAA_TV
07-06 00:54:51.050 D/Carousel-CarouselDisplayPlayerLayout(15548): HasFocus:true,keyCode:20
07-06 00:54:51.050 D/Carousel-CarouselDisplayPlayerLayout(15548): isFullScreen:false
07-06 00:54:51.050 D/Carousel-CarouselDisplayPlayerLayout(15548): isFullScreen:false
07-06 00:54:51.050 I/HomeMainActivity(15548): carousel handle key:false
07-06 00:54:51.050 I/MainHomeView(15548): dispatchKeyEvent ACTION_DOWN now 
07-06 00:54:51.050 D/Carousel-CarouselDisplayPicLayout(15548): keyCode=20
07-06 00:54:51.050 I/FirstLineAdapter(15548): onCarouselKeyDown: output=true,event=KeyEvent { action=ACTION_DOWN, keyCode=KEYCODE_DPAD_DOWN, scanCode=0, metaState=0, flags=0x0, repeatCount=0, eventTime=22532615, downTime=22532615, deviceId=-1, source=0x101 }
07-06 00:54:51.050 I/HomeMainActivity(15548): onKeyDown is 20
07-06 00:54:51.051 I/BaseContentFragment(15548): setRowViewSelectedViewHolder{1d32bd9 position=1 id=-1, oldPos=-1, pLpos:-1},isSelectedfalse
07-06 00:54:51.051 I/BaseContentFragment(15548): setRowViewSelectedViewHolder{173953f7 position=2 id=-1, oldPos=-1, pLpos:-1},isSelectedtrue
07-06 00:54:51.054 I/RoleContentFragment(15548): onChildSelected:2,lastPos=1
07-06 00:54:51.054 I/CurrentCarouselView(15548): onCarouseControlCarouselControlBean{mShoudScroll=false, mActivityHasResume=false, mActivityHasStop=false, mHasTurnGone=false, mHasTurnVisible=false, mChannelId=0, mSlideOffset=0.0, mShouldSelectCenter=false, mTabOpen=false, mHoriPosStatus=None, mVerPosStatus=Out, mLevelStatus=None},isPlayingtrue,channelId=0
07-06 00:54:51.054 I/CurrentCarouselView(15548): is the current page
07-06 00:54:51.054 I/CurrentCarouselView(15548): stopPlay
07-06 00:54:51.058 D/Carousel-CarouselView(15548): ============>onFocusChange=false
07-06 00:54:51.058 D/Carousel-CarouselDisplayPlayerLayout(15548): isFullScreen:false
07-06 00:54:51.058 D/Carousel-CarouselView(15548): isFullScreen:false,hasFocus:false
07-06 00:54:51.058 D/Carousel-CarouselView(15548): ============>offset=-1384
07-06 00:54:51.058 D/Carousel-CarouselDisplayPlayerLayout(15548): showPlayerWindowTip showable:false
07-06 00:54:51.068 D/GlobalInputEventMonitoringService( 1733): interceptKeyBeforeQueueing(), event:20, mNeedMonitorKeyEvent:true, mWaitForKeyUpEvent:false
07-06 00:54:51.069 D/GlobalInputEventMonitoringService( 1733): processKeyEvent(), processKeyEvent event:20
07-06 00:54:51.069 D/WindowManager( 1733): interceptKeyTq keycode=20 interactive=true keyguardActive=false policyFlags=2b000000 isCancled= false
07-06 00:54:51.069 D/WindowManager( 1733): interceptKeyTi keyCode=20 down=false repeatCount=0 keyguardOn=false mHomePressed=false canceled=false
07-06 00:54:51.069 D/WindowManager( 1733): Hisense systemkey event: 20
07-06 00:54:51.069 D/HisenseGlobalKeyManager( 1733): handleGlobalKey() : Global event = KeyEvent { action=ACTION_UP, keyCode=KEYCODE_DPAD_DOWN, scanCode=0, metaState=0, flags=0x0, repeatCount=0, eventTime=22532615, downTime=22532615, deviceId=-1, source=0x101 }
07-06 00:54:51.073 I/MyFragmentStateAdapter(15548): getCount
07-06 00:54:51.091 I/ContentBridgeAdapterListener(15548): onAddPresenter 3
07-06 00:54:51.098 I/TENCENT_AD_PingHandler( 3457): ## 2017-07-06 00:54:51.098 [3457,3457,:0] INFO ## [TENCENT_AD_PingHandler]handleMessage: 3
07-06 00:54:51.113 I/ContentBridgeAdapterListener(15548): onCreate ViewHolder{27564031 position=-1 id=-1, oldPos=-1, pLpos:-1 unbound no parent}
07-06 00:54:51.114 I/BaseContentFragment(15548): setUpSharedViewPoolViewHolder{27564031 position=-1 id=-1, oldPos=-1, pLpos:-1 unbound no parent}
07-06 00:54:51.114 I/BaseContentFragment(15548): share view pool
07-06 00:54:51.114 I/BaseContentFragment(15548): setRowViewSelectedViewHolder{27564031 position=-1 id=-1, oldPos=-1, pLpos:-1 unbound no parent},isSelectedfalse
07-06 00:54:51.114 I/head    (15548): item=com.hisense.tvui.newhome.presenter.TwoLineListRow@1e2e7316
07-06 00:54:51.114 I/ContentBridgeAdapterListener(15548): onBind 
07-06 00:54:51.117 I/ContentBridgeAdapterListener(15548): onAttachedToWindow ViewHolder{27564031 position=3 id=-1, oldPos=-1, pLpos:-1}
07-06 00:54:51.126 I/CardSelectionPresenter(15548): onCreateViewHoldercom.hisense.leanback.widget.HorizontalGridView{19dbe497 VFE..... ......I. 0,0-0,0 #7f0d038e app:id/row_content}
07-06 00:54:51.137 I/CardSelectionPresenter(15548): onBindViewHolder
07-06 00:54:51.137 D/sloven  (15548): 1002---true
07-06 00:54:51.137 I/CardSelectionPresenter(15548): width=390,height=220
07-06 00:54:51.168 D/hailongqiu(15548): hailongqiu position:0
07-06 00:54:51.172 I/CardSelectionPresenter(15548): onCreateViewHoldercom.hisense.leanback.widget.HorizontalGridView{19dbe497 VFE..... ......ID 0,0-1738,588 #7f0d038e app:id/row_content}
07-06 00:54:51.178 I/CardSelectionPresenter(15548): onBindViewHolder
07-06 00:54:51.178 D/sloven  (15548): 1002---true
07-06 00:54:51.179 I/CardSelectionPresenter(15548): width=390,height=220
07-06 00:54:51.183 I/CardSelectionPresenter(15548): onCreateViewHoldercom.hisense.leanback.widget.HorizontalGridView{19dbe497 VFE..... ......ID 0,0-1738,588 #7f0d038e app:id/row_content}
07-06 00:54:51.190 I/CardSelectionPresenter(15548): onBindViewHolder
07-06 00:54:51.190 D/sloven  (15548): 1002---true
07-06 00:54:51.190 I/CardSelectionPresenter(15548): width=400,height=220
07-06 00:54:51.194 I/CardSelectionPresenter(15548): onCreateViewHoldercom.hisense.leanback.widget.HorizontalGridView{19dbe497 VFE..... ......ID 0,0-1738,588 #7f0d038e app:id/row_content}
07-06 00:54:51.202 I/CardSelectionPresenter(15548): onBindViewHolder
07-06 00:54:51.202 D/sloven  (15548): 1002---true
07-06 00:54:51.202 I/CardSelectionPresenter(15548): width=400,height=220
07-06 00:54:51.206 I/CardSelectionPresenter(15548): onCreateViewHoldercom.hisense.leanback.widget.HorizontalGridView{19dbe497 VFE..... ......ID 0,0-1738,588 #7f0d038e app:id/row_content}
07-06 00:54:51.213 I/CardSelectionPresenter(15548): onBindViewHolder
07-06 00:54:51.213 D/sloven  (15548): 1002---true
07-06 00:54:51.213 I/CardSelectionPresenter(15548): width=400,height=220
07-06 00:54:51.220 I/CardSelectionPresenter(15548): onCreateViewHoldercom.hisense.leanback.widget.HorizontalGridView{19dbe497 VFE..... ......ID 0,0-1738,588 #7f0d038e app:id/row_content}
07-06 00:54:51.226 I/CardSelectionPresenter(15548): onBindViewHolder
07-06 00:54:51.226 D/sloven  (15548): 1002---true
07-06 00:54:51.226 I/CardSelectionPresenter(15548): width=400,height=220
07-06 00:54:51.230 I/CardSelectionPresenter(15548): onCreateViewHoldercom.hisense.leanback.widget.HorizontalGridView{19dbe497 VFE..... ......ID 0,0-1738,588 #7f0d038e app:id/row_content}
07-06 00:54:51.239 I/CardSelectionPresenter(15548): onBindViewHolder
07-06 00:54:51.239 D/sloven  (15548): 2005---false
07-06 00:54:51.239 D/sloven  (15548): 2005
07-06 00:54:51.242 I/CardSelectionPresenter(15548): width=400,height=220
07-06 00:54:51.245 I/CardSelectionPresenter(15548): onCreateViewHoldercom.hisense.leanback.widget.HorizontalGridView{19dbe497 VFE..... ......ID 0,0-1738,588 #7f0d038e app:id/row_content}
07-06 00:54:51.252 I/CardSelectionPresenter(15548): onBindViewHolder
07-06 00:54:51.252 D/sloven  (15548): 2005---false
07-06 00:54:51.252 D/sloven  (15548): 2005
07-06 00:54:51.254 I/CardSelectionPresenter(15548): width=400,height=220
07-06 00:54:51.257 I/CardSelectionPresenter(15548): onCreateViewHoldercom.hisense.leanback.widget.HorizontalGridView{19dbe497 VFE..... ......ID 0,0-1738,588 #7f0d038e app:id/row_content}
07-06 00:54:51.263 I/CardSelectionPresenter(15548): onBindViewHolder
07-06 00:54:51.263 D/sloven  (15548): 2005---false
07-06 00:54:51.263 D/sloven  (15548): 2005
07-06 00:54:51.264 I/CardSelectionPresenter(15548): width=400,height=220
07-06 00:54:51.267 I/CardSelectionPresenter(15548): onCreateViewHoldercom.hisense.leanback.widget.HorizontalGridView{19dbe497 VFE..... ......ID 0,0-1738,588 #7f0d038e app:id/row_content}
07-06 00:54:51.274 I/CardSelectionPresenter(15548): onBindViewHolder
07-06 00:54:51.274 D/sloven  (15548): 2005---false
07-06 00:54:51.274 D/sloven  (15548): 2005
07-06 00:54:51.275 I/CardSelectionPresenter(15548): width=400,height=220
07-06 00:54:51.300 I/MyFragmentStateAdapter(15548): getCount
07-06 00:54:51.300 I/MyFragmentStateAdapter(15548): getCount
07-06 00:54:51.301 I/MyFragmentStateAdapter(15548): getCount
07-06 00:54:51.301 I/MyFragmentStateAdapter(15548): getCount
07-06 00:54:51.302 I/FirstLineAdapter(15548): canShowTrailer,isOffline=false
07-06 00:54:51.302 I/FirstLineAdapter(15548): canShowTrailer,isOffline=false
07-06 00:54:51.302 I/FirstLineAdapter(15548): canShowTrailer,isOffline=false
07-06 00:54:51.302 I/FirstLineAdapter(15548): canShowTrailer,isOffline=false
07-06 00:54:51.302 I/FirstLineAdapter(15548): canShowTrailer,isOffline=false
07-06 00:54:51.302 I/FirstLineAdapter(15548): canShowTrailer,isOffline=false
07-06 00:54:51.302 I/FirstLineAdapter(15548): canShowTrailer,isOffline=false
07-06 00:54:51.303 I/FirstLineAdapter(15548): canShowTrailer,isOffline=false
07-06 00:54:51.303 I/FirstLineAdapter(15548): canShowTrailer,isOffline=false
07-06 00:54:51.310 D/Carousel-CarouselView(15548): ============>onScrollChanged hashCode:738644125
07-06 00:54:51.310 D/Carousel-CarouselDisplayPlayerLayout(15548): isFullScreen:false
07-06 00:54:51.331 I/TVMW@HsTvSetting( 1234): Trace cmd, data = 0x1058
07-06 00:54:51.331 D/til@system( 2026): til_get_system_param option:100002F int:0, bool:0, ret:0
07-06 00:54:51.331 I/TVMW@HsTvSetting( 1234): Trace cmd, data = 0x101f
07-06 00:54:51.331 I/MyFragmentStateAdapter(15548): getCount
07-06 00:54:51.332 D/til@system( 2026): til_get_system_param option:100001D int:3, bool:3, ret:0
07-06 00:54:51.332 E/til     ( 2026): [til_get_current_input_source, 101] 
07-06 00:54:51.332 I/TVMW@HsTvSetting( 1234): Trace cmd, data = 0x7007
07-06 00:54:51.332 I/tilwrapper@sm( 2026): HS2TIL_SourceType *hs=0xd, *til=0x900
07-06 00:54:51.332 D/til     ( 2026): get current source 2304
07-06 00:54:51.332 D/SourceRemoteServiceHandler( 2026): getCurrentInputSource.from.til.result is 0, value is 2304
07-06 00:54:51.332 D/SourceRemoteServiceHandler( 2026): getInputSourceType source: 0x900, type=2304
07-06 00:54:51.333 D/til     ( 2026): ###### func:til_get_picture_param option:0x3000006 ######  
07-06 00:54:51.333 I/TVMW@HsTvSetting( 1234): Trace cmd, data = 0x1003
07-06 00:54:51.333 I/TVMW@HsTvSetting( 1234): Trace cmd, data = 0x8032
07-06 00:54:51.334 I/hstvos  ( 1216): [0m[1;33m[HSHAL][HS_VIDEO][HS_HAL_Video_SetOsdDetect_v2][2389]u16Threshold = 20
07-06 00:54:51.334 E/TVMW@videoctrl( 1234):  getOsd is 1
07-06 00:54:51.334 D/til@system( 2026): til_get_system_param option:1000027 int:1, bool:1, ret:0
07-06 00:54:51.334 D/til     ( 2026): ###### func:til_get_picture_param option:0x3000045 ######  
07-06 00:54:51.335 I/TVMW@HsTvSetting( 1234): Trace cmd, data = 0x300c
07-06 00:54:51.335 I/TVMW@HsTvSetting( 1234): Trace 3d, data = 0x300c
07-06 00:54:51.335 I/TVMW@3d ( 1234): Hs_debug3d_trace: func:get3dStatus, line:109
07-06 00:54:51.344 D/Carousel-CarouselDisplayPlayerLayout(15548): HasFocus:false,keyCode:20
07-06 00:54:51.344 D/Carousel-CarouselDisplayPlayerLayout(15548): isFullScreen:false
07-06 00:54:51.345 I/HomeMainActivity(15548): carousel handle key:false
07-06 00:54:51.348 D/Carousel-CarouselView(15548): setPosterAndStopPlay! hashCode=738644125, sWorkingHashCode=738644125
07-06 00:54:51.348 D/Carousel-CarouselDisplayPlayerLayout(15548): isFullScreen:false
07-06 00:54:51.348 D/Carousel-Utils(15548): displayImage view=android.widget.ImageView{25b1f2e0 G.ED.... ........ 0,0-816,460 #7f0d0029 app:id/imageView1}
07-06 00:54:51.348 D/Carousel-Utils(15548): displayImage url=http://picture.edu.hismarttv.com/images/20170629010146422927.jpg
07-06 00:54:51.350 D/Carousel-Utils(15548): onResourceReady.
07-06 00:54:51.369 D/Carousel-Utils(15548): displayImage view=android.widget.ImageView{29b61a6 G.ED.... ........ 0,0-816,460 #7f0d0029 app:id/imageView1}
07-06 00:54:51.369 D/Carousel-Utils(15548): displayImage url=http://picture.edu.hismarttv.com/images/20170629010146422927.jpg
07-06 00:54:51.370 D/Carousel-Utils(15548): onResourceReady.
07-06 00:54:51.372 D/Carousel-CarouselDisplayPlayerLayout(15548): isFullScreen:false
07-06 00:54:51.377 I/ContentBridgeAdapterListener(15548): onDetachedFromWindow ViewHolder{390b4a2 position=0 id=-1, oldPos=-1, pLpos:-1}
07-06 00:54:51.379 I/MyFragmentStateAdapter(15548): getCount
07-06 00:54:51.379 I/MyFragmentStateAdapter(15548): getCount
07-06 00:54:51.379 I/MyFragmentStateAdapter(15548): getCount
07-06 00:54:51.380 I/MyFragmentStateAdapter(15548): getCount
07-06 00:54:51.381 V/InputMethodService( 2203): startInput(): editor=android.view.inputmethod.EditorInfo@dc4f8b9
07-06 00:54:51.381 V/InputMethodService( 2203): CALL: onFinishInput
07-06 00:54:51.381 D/Surface ( 1733): onStatusChange() : mNativeObject = 547819111936 mUseImageHwRender = false
07-06 00:54:51.381 V/Surface ( 1733): nativeSetHardwareRender() : status = 0
07-06 00:54:51.381 V/Surface ( 1733): nativeSetHardwareRender() : end
07-06 00:54:51.382 I/NetflixMonitorService( 1733): current fgapk : com.hisense.hicloud.edca
07-06 00:54:51.382 I/NetflixMonitorService( 1733): Netflix status unchanged
07-06 00:54:51.385 E/SOGOUIME_JNI( 2203): reset
07-06 00:54:51.385 E/SOGOUIME_JNI( 2203): getCandidates
07-06 00:54:51.386 E/SOGOUIME_JNI( 2203): ime_get_uncommitted_length
07-06 00:54:51.386 E/SOGOUIME_JNI( 2203): getCandidates
07-06 00:54:51.386 D/SogouIME API( 2203): ==============num:32
07-06 00:54:51.386 E/SOGOUIME_JNI( 2203): ime_get_uncommitted_length
07-06 00:54:51.386 D/SogouIME( 2203): mFocusedComponent:30   isHkbEnable:false
07-06 00:54:51.386 E/SOGOUIME_JNI( 2203): ime_get_uncommitted_length
07-06 00:54:51.386 E/SOGOUIME_JNI( 2203): ime_get_committed_length
07-06 00:54:51.386 E/SOGOUIME_JNI( 2203): getComposingInfo
07-06 00:54:51.386 E/SOGOUIME_JNI( 2203): getComposingInfo
07-06 00:54:51.386 E/SOGOUIME_JNI( 2203): getCorrectInfo
07-06 00:54:51.386 E/SOGOUIME_JNI( 2203): getComposingInfo
07-06 00:54:51.386 V/InputMethodService( 2203): CALL: onStartInput
07-06 00:54:51.386 E/SOGOUIME_JNI( 2203): invalidateCommitWordPinyinNative
07-06 00:54:51.387 D/PowerManagerService( 1733): releaseWakeLockInternal: lock=487931605 [WindowManager], flags=0x0
07-06 00:54:51.387 D/PowerManagerNotifier( 1733): onWakeLockReleased: flags=536870922, tag="WindowManager", packageName=android, ownerUid=1000, ownerPid=1733, workSource=WorkSource{10010}
07-06 00:54:51.387 D/PowerManagerService( 1733): userActivityNoUpdateLocked: eventTime=22532959, event=0, flags=0x1, uid=1000
07-06 00:54:51.387 D/PowerManagerService( 1733): setScreenBrightnessOverrideFromWindowManagerInternal done
07-06 00:54:51.390 D/Surface ( 1733): onStatusChange() : mNativeObject = 0 mUseImageHwRender = false
07-06 00:54:51.392 I/FirstLineAdapter(15548): canShowTrailer,isOffline=false
07-06 00:54:51.392 I/FirstLineAdapter(15548): canShowTrailer,isOffline=false
07-06 00:54:51.392 I/FirstLineAdapter(15548): canShowTrailer,isOffline=false
07-06 00:54:51.392 I/FirstLineAdapter(15548): canShowTrailer,isOffline=false
07-06 00:54:51.393 I/FirstLineAdapter(15548): canShowTrailer,isOffline=false
07-06 00:54:51.393 I/FirstLineAdapter(15548): canShowTrailer,isOffline=false
07-06 00:54:51.393 I/FirstLineAdapter(15548): canShowTrailer,isOffline=false
07-06 00:54:51.393 I/FirstLineAdapter(15548): canShowTrailer,isOffline=false
07-06 00:54:51.393 I/FirstLineAdapter(15548): canShowTrailer,isOffline=false
07-06 00:54:51.397 D/Carousel-CarouselView(15548): ============>onScrollChanged hashCode:738644125
07-06 00:54:51.397 D/Carousel-CarouselDisplayPlayerLayout(15548): isFullScreen:false
07-06 00:54:51.405 I/MyFragmentStateAdapter(15548): getCount
07-06 00:54:51.410 D/Carousel-CarouselDisplayPlayerLayout(15548): x=380, y=-185,w=892,h=536, hashCode=144972349
07-06 00:54:51.410 D/Carousel-CarouselDisplayPlayerLayout(15548): mX=380, mY=167,mWitdh=892,mHeight=536, hashCode=144972349
07-06 00:54:51.410 D/Carousel-CarouselDisplayPlayerLayout(15548): changed=true, hashCode=144972349
07-06 00:54:51.411 D/Carousel-Utils(15548): x=380,y=-185, width=892,height=536
07-06 00:54:51.411 D/Carousel-CarouselView(15548): onWindowOutScreen!
07-06 00:54:51.411 D/Carousel-CarouselView(15548): OnScrollStart DisplayPlayerLayout isnot shown return.
07-06 00:54:51.395 D/SogouIME( 2203): =====configKeyboard=======:false     false
07-06 00:54:51.418 E/SOGOUIME_JNI( 2203): ime_set_hard_kb_enable
07-06 00:54:51.418 I/art     (15548): Background sticky concurrent mark sweep GC freed 80284(3MB) AllocSpace objects, 5(80KB) LOS objects, 5% free, 36MB/38MB, paused 16.267ms total 140.429ms
07-06 00:54:51.445 D/Carousel-CarouselDisplayPlayerLayout(15548): x=380, y=-185,w=892,h=536, hashCode=144972349
07-06 00:54:51.445 D/Carousel-CarouselDisplayPlayerLayout(15548): mX=380, mY=-185,mWitdh=892,mHeight=536, hashCode=144972349
07-06 00:54:51.445 D/Carousel-CarouselDisplayPlayerLayout(15548): changed=false, hashCode=144972349
07-06 00:54:51.446 D/Carousel-CarouselDisplayPlayerLayout(15548): extraTryCount=0
07-06 00:54:51.471 I/MiSysSrv( 1214): [37m[INFO] Change to Voltage: 117 mv (0x32)[m
07-06 00:54:51.516 D/Carousel-CarouselView(15548): setPosterAndStopPlay! hashCode=738644125, sWorkingHashCode=738644125
07-06 00:54:51.516 D/Carousel-CarouselDisplayPlayerLayout(15548): isFullScreen:false
07-06 00:54:51.516 D/Carousel-Utils(15548): displayImage view=android.widget.ImageView{25b1f2e0 V.ED.... ........ 0,0-816,460 #7f0d0029 app:id/imageView1}
07-06 00:54:51.516 D/Carousel-Utils(15548): displayImage url=http://picture.edu.hismarttv.com/images/20170629010146422927.jpg
07-06 00:54:51.517 D/Carousel-Utils(15548): onResourceReady.
07-06 00:54:51.517 D/Carousel-Utils(15548): displayImage view=android.widget.ImageView{29b61a6 V.ED.... ......ID 0,0-816,460 #7f0d0029 app:id/imageView1}
07-06 00:54:51.517 D/Carousel-Utils(15548): displayImage url=http://picture.edu.hismarttv.com/images/20170629010146422927.jpg
07-06 00:54:51.517 D/Carousel-Utils(15548): onResourceReady.
07-06 00:54:51.517 D/Carousel-CarouselDisplayPlayerLayout(15548): isFullScreen:false
07-06 00:54:51.517 D/Carousel-CarouselDisplayPlayerLayout(15548): x=380, y=-185,w=892,h=536, hashCode=144972349
07-06 00:54:51.518 D/Carousel-CarouselDisplayPlayerLayout(15548): mX=380, mY=-185,mWitdh=892,mHeight=536, hashCode=144972349
07-06 00:54:51.518 D/Carousel-CarouselDisplayPlayerLayout(15548): changed=false, hashCode=144972349
07-06 00:54:51.518 D/Carousel-CarouselDisplayPlayerLayout(15548): extraTryCount=1
07-06 00:54:51.524 D/CardItemView(15548): handleFocus subtile===>:
07-06 00:54:51.527 D/HttpHandler(15548): VerifySignInterCeptor-->request.url()=http://picture.edu.hismarttv.com/images/20170630060938851994.jpg
07-06 00:54:51.527 D/HttpHandler(15548): VerifySignInterCeptor-->hostname=picture.edu.hismarttv.com
07-06 00:54:51.528 I/MyFragmentStateAdapter(15548): getCount
07-06 00:54:51.528 I/MyFragmentStateAdapter(15548): getCount
07-06 00:54:51.528 I/MyFragmentStateAdapter(15548): getCount
07-06 00:54:51.528 I/MyFragmentStateAdapter(15548): getCount
07-06 00:54:51.529 I/FirstLineAdapter(15548): canShowTrailer,isOffline=false
07-06 00:54:51.529 I/FirstLineAdapter(15548): canShowTrailer,isOffline=false
07-06 00:54:51.529 I/FirstLineAdapter(15548): canShowTrailer,isOffline=false
07-06 00:54:51.529 I/FirstLineAdapter(15548): canShowTrailer,isOffline=false
07-06 00:54:51.529 I/FirstLineAdapter(15548): canShowTrailer,isOffline=false
07-06 00:54:51.529 I/FirstLineAdapter(15548): canShowTrailer,isOffline=false
07-06 00:54:51.529 I/FirstLineAdapter(15548): canShowTrailer,isOffline=false
07-06 00:54:51.529 I/FirstLineAdapter(15548): canShowTrailer,isOffline=false
07-06 00:54:51.529 I/FirstLineAdapter(15548): canShowTrailer,isOffline=false
07-06 00:54:51.531 D/OkHttp  (15548): --> GET http://picture.edu.hismarttv.com/images/20170630060938851994.jpg http/1.1
07-06 00:54:51.531 D/OkHttp  (15548): Host: picture.edu.hismarttv.com
07-06 00:54:51.531 D/OkHttp  (15548): Connection: Keep-Alive
07-06 00:54:51.531 D/OkHttp  (15548): Accept-Encoding: gzip
07-06 00:54:51.531 D/OkHttp  (15548): User-Agent: okhttp/3.6.0
07-06 00:54:51.531 D/OkHttp  (15548): --> END GET
07-06 00:54:51.539 I/MyFragmentStateAdapter(15548): getCount
07-06 00:54:51.539 D/HttpHandler(15548): VerifySignInterCeptor-->request.url()=http://picture.edu.hismarttv.com/images/20170629/%E5%A4%9A%E7%91%9E%E5%84%BF%E6%AD%8C.jpg
07-06 00:54:51.539 D/HttpHandler(15548): VerifySignInterCeptor-->hostname=picture.edu.hismarttv.com
07-06 00:54:51.540 D/OkHttp  (15548): --> GET http://picture.edu.hismarttv.com/images/20170629/%E5%A4%9A%E7%91%9E%E5%84%BF%E6%AD%8C.jpg http/1.1
07-06 00:54:51.540 D/OkHttp  (15548): Host: picture.edu.hismarttv.com
07-06 00:54:51.540 D/OkHttp  (15548): Connection: Keep-Alive
07-06 00:54:51.540 D/OkHttp  (15548): Accept-Encoding: gzip
07-06 00:54:51.540 D/OkHttp  (15548): User-Agent: okhttp/3.6.0
07-06 00:54:51.540 D/OkHttp  (15548): --> END GET
07-06 00:54:51.542 D/Carousel-CarouselDisplayPlayerLayout(15548): x=380, y=-185,w=892,h=536, hashCode=144972349
07-06 00:54:51.542 D/Carousel-CarouselDisplayPlayerLayout(15548): mX=380, mY=-185,mWitdh=892,mHeight=536, hashCode=144972349
07-06 00:54:51.542 D/Carousel-CarouselDisplayPlayerLayout(15548): changed=false, hashCode=144972349
07-06 00:54:51.542 D/Carousel-CarouselDisplayPlayerLayout(15548): extraTryCount=2
07-06 00:54:51.545 D/Carousel-CarouselDisplayPlayerLayout(15548): x=380, y=-185,w=892,h=536, hashCode=144972349
07-06 00:54:51.545 D/Carousel-CarouselDisplayPlayerLayout(15548): mX=380, mY=-185,mWitdh=892,mHeight=536, hashCode=144972349
07-06 00:54:51.545 D/Carousel-CarouselDisplayPlayerLayout(15548): changed=false, hashCode=144972349
07-06 00:54:51.545 D/Carousel-CarouselDisplayPlayerLayout(15548): extraTryCount=3
07-06 00:54:51.548 D/HttpHandler(15548): VerifySignInterCeptor-->request.url()=http://picture.edu.hismarttv.com/images/20170628233246121281.jpg
07-06 00:54:51.548 D/HttpHandler(15548): VerifySignInterCeptor-->hostname=picture.edu.hismarttv.com
07-06 00:54:51.553 D/OkHttp  (15548): <-- 200 OK http://picture.edu.hismarttv.com/images/20170630060938851994.jpg (21ms)
07-06 00:54:51.555 D/OkHttp  (15548): Date: Tue, 04 Jul 2017 05:26:21 GMT
07-06 00:54:51.555 D/OkHttp  (15548): Server: nginx
07-06 00:54:51.555 D/OkHttp  (15548): Content-Type: image/jpeg
07-06 00:54:51.555 D/OkHttp  (15548): Content-Length: 84036
07-06 00:54:51.555 D/OkHttp  (15548): Last-Modified: Fri, 30 Jun 2017 06:09:38 GMT
07-06 00:54:51.555 D/OkHttp  (15548): ETag: "5955eb22-14844"
07-06 00:54:51.555 D/OkHttp  (15548): Accept-Ranges: bytes
07-06 00:54:51.555 D/OkHttp  (15548): Age: 127710
07-06 00:54:51.555 D/OkHttp  (15548): Via: 1.1 pingwangtong50:6 (Cdn Cache Server V2.0)[8 200 0], 1.1 t85:3 (Cdn Cache Server V2.0)[1 200 0]
07-06 00:54:51.555 D/OkHttp  (15548): Connection: keep-alive
07-06 00:54:51.555 D/OkHttp  (15548): <-- END HTTP
07-06 00:54:51.558 D/Carousel-CarouselDisplayPlayerLayout(15548): x=380, y=-185,w=892,h=536, hashCode=144972349
07-06 00:54:51.558 D/Carousel-CarouselDisplayPlayerLayout(15548): mX=380, mY=-185,mWitdh=892,mHeight=536, hashCode=144972349
07-06 00:54:51.558 D/Carousel-CarouselDisplayPlayerLayout(15548): changed=false, hashCode=144972349
07-06 00:54:51.558 D/Carousel-CarouselDisplayPlayerLayout(15548): extraTryCount=4
07-06 00:54:51.567 D/Carousel-CarouselDisplayPlayerLayout(15548): x=380, y=-185,w=892,h=536, hashCode=144972349
07-06 00:54:51.567 D/Carousel-CarouselDisplayPlayerLayout(15548): mX=380, mY=-185,mWitdh=892,mHeight=536, hashCode=144972349
07-06 00:54:51.567 D/Carousel-CarouselDisplayPlayerLayout(15548): changed=false, hashCode=144972349
07-06 00:54:51.567 D/Carousel-CarouselDisplayPlayerLayout(15548): extraTryCount=5
07-06 00:54:51.567 D/Carousel-CarouselDisplayPlayerLayout(15548): x=380, y=-185,w=892,h=536, hashCode=144972349
07-06 00:54:51.567 D/Carousel-CarouselDisplayPlayerLayout(15548): mX=380, mY=-185,mWitdh=892,mHeight=536, hashCode=144972349
07-06 00:54:51.567 D/Carousel-CarouselDisplayPlayerLayout(15548): changed=false, hashCode=144972349
07-06 00:54:51.567 D/Carousel-CarouselDisplayPlayerLayout(15548): extraTryCount=6
07-06 00:54:51.569 D/OkHttp  (15548): <-- 200 OK http://picture.edu.hismarttv.com/images/20170629/%E5%A4%9A%E7%91%9E%E5%84%BF%E6%AD%8C.jpg (28ms)
07-06 00:54:51.569 D/OkHttp  (15548): Date: Tue, 04 Jul 2017 00:56:47 GMT
07-06 00:54:51.569 D/OkHttp  (15548): Server: nginx
07-06 00:54:51.569 D/OkHttp  (15548): Content-Type: image/jpeg
07-06 00:54:51.569 D/OkHttp  (15548): Content-Length: 197050
07-06 00:54:51.569 D/OkHttp  (15548): Last-Modified: Fri, 09 Jun 2017 14:50:58 GMT
07-06 00:54:51.569 D/OkHttp  (15548): ETag: "593ab5d2-301ba"
07-06 00:54:51.569 D/OkHttp  (15548): Accept-Ranges: bytes
07-06 00:54:51.569 D/OkHttp  (15548): Age: 143884
07-06 00:54:51.569 D/OkHttp  (15548): Via: 1.1 wangt170:7 (Cdn Cache Server V2.0)[22 200 0], 1.1 t86:0 (Cdn Cache Server V2.0)[0 200 0]
07-06 00:54:51.569 D/OkHttp  (15548): Connection: keep-alive
07-06 00:54:51.569 D/OkHttp  (15548): <-- END HTTP
07-06 00:54:51.575 D/HttpHandler(15548): VerifySignInterCeptor-->request.url()=http://picture.edu.hismarttv.com/images/20170630035014817721.jpg
07-06 00:54:51.575 D/HttpHandler(15548): VerifySignInterCeptor-->hostname=picture.edu.hismarttv.com
07-06 00:54:51.576 D/HttpHandler(15548): RetryIntercepter-->retryNum=0
07-06 00:54:51.576 D/HttpHandler(15548): RetryIntercepter-->backoffmutiplier=0
07-06 00:54:51.582 D/OkHttp  (15548): --> GET http://picture.edu.hismarttv.com/images/20170628233246121281.jpg http/1.1
07-06 00:54:51.582 D/OkHttp  (15548): Host: picture.edu.hismarttv.com
07-06 00:54:51.582 D/OkHttp  (15548): Connection: Keep-Alive
07-06 00:54:51.582 D/OkHttp  (15548): Accept-Encoding: gzip
07-06 00:54:51.582 D/OkHttp  (15548): User-Agent: okhttp/3.6.0
07-06 00:54:51.582 D/OkHttp  (15548): --> END GET
07-06 00:54:51.584 I/MiSysSrv( 1214): [37m[INFO] Change to Voltage: 112 mv (0x2D)[m
07-06 00:54:51.585 D/Carousel-CarouselDisplayPlayerLayout(15548): x=380, y=-185,w=892,h=536, hashCode=144972349
07-06 00:54:51.585 D/Carousel-CarouselDisplayPlayerLayout(15548): mX=380, mY=-185,mWitdh=892,mHeight=536, hashCode=144972349
07-06 00:54:51.585 D/Carousel-CarouselDisplayPlayerLayout(15548): changed=false, hashCode=144972349
07-06 00:54:51.585 D/Carousel-CarouselDisplayPlayerLayout(15548): extraTryCount=7
07-06 00:54:51.585 D/Carousel-CarouselDisplayPlayerLayout(15548): x=380, y=-185,w=892,h=536, hashCode=144972349
07-06 00:54:51.585 D/Carousel-CarouselDisplayPlayerLayout(15548): mX=380, mY=-185,mWitdh=892,mHeight=536, hashCode=144972349
07-06 00:54:51.586 D/Carousel-CarouselDisplayPlayerLayout(15548): changed=false, hashCode=144972349
07-06 00:54:51.586 D/Carousel-CarouselDisplayPlayerLayout(15548): extraTryCount=8
07-06 00:54:51.596 D/Carousel-CarouselDisplayPlayerLayout(15548): x=380, y=-185,w=892,h=536, hashCode=144972349
07-06 00:54:51.596 D/Carousel-CarouselDisplayPlayerLayout(15548): mX=380, mY=-185,mWitdh=892,mHeight=536, hashCode=144972349
07-06 00:54:51.597 D/Carousel-CarouselDisplayPlayerLayout(15548): changed=false, hashCode=144972349
07-06 00:54:51.597 D/Carousel-CarouselDisplayPlayerLayout(15548): extraTryCount=9
07-06 00:54:51.597 D/Carousel-CarouselDisplayPlayerLayout(15548): x=380, y=-185,w=892,h=536, hashCode=144972349
07-06 00:54:51.597 D/Carousel-CarouselDisplayPlayerLayout(15548): mX=380, mY=-185,mWitdh=892,mHeight=536, hashCode=144972349
07-06 00:54:51.597 D/Carousel-CarouselDisplayPlayerLayout(15548): changed=false, hashCode=144972349
07-06 00:54:51.597 D/Carousel-CarouselDisplayPlayerLayout(15548): isFullScreen:false
07-06 00:54:51.597 D/Carousel-CarouselView(15548): ===========>mDisplayPlayerLayout.getVisibility()=8
07-06 00:54:51.597 D/Carousel-CarouselView(15548): OnScrollEnd Visibility is gone return.
07-06 00:54:51.602 D/DtvSourcePlugin-DVBC( 4289): Setting the EPG Updater state to: WAIT
07-06 00:54:51.604 D/OkHttp  (15548): --> GET http://picture.edu.hismarttv.com/images/20170630035014817721.jpg http/1.1
07-06 00:54:51.604 D/OkHttp  (15548): Host: picture.edu.hismarttv.com
07-06 00:54:51.604 D/OkHttp  (15548): Connection: Keep-Alive
07-06 00:54:51.604 D/OkHttp  (15548): Accept-Encoding: gzip
07-06 00:54:51.604 D/OkHttp  (15548): User-Agent: okhttp/3.6.0
07-06 00:54:51.604 D/OkHttp  (15548): --> END GET
07-06 00:54:51.610 D/HttpHandler(15548): RetryIntercepter-->retryNum=0
07-06 00:54:51.610 D/HttpHandler(15548): RetryIntercepter-->backoffmutiplier=0
07-06 00:54:51.633 D/OkHttp  (15548): <-- 200 OK http://picture.edu.hismarttv.com/images/20170628233246121281.jpg (51ms)
07-06 00:54:51.633 D/OkHttp  (15548): Date: Tue, 04 Jul 2017 05:48:32 GMT
07-06 00:54:51.633 D/OkHttp  (15548): Server: nginx
07-06 00:54:51.633 D/OkHttp  (15548): Content-Type: image/jpeg
07-06 00:54:51.633 D/OkHttp  (15548): Content-Length: 50603
07-06 00:54:51.633 D/OkHttp  (15548): Last-Modified: Wed, 28 Jun 2017 23:32:46 GMT
07-06 00:54:51.633 D/OkHttp  (15548): ETag: "59543c9e-c5ab"
07-06 00:54:51.633 D/OkHttp  (15548): Accept-Ranges: bytes
07-06 00:54:51.633 D/OkHttp  (15548): Age: 126379
07-06 00:54:51.633 D/OkHttp  (15548): Via: 1.1 zhiwtong176:0 (Cdn Cache Server V2.0)[0 200 0], 1.1 angtong92:5 (Cdn Cache Server V2.0)[0 200 0]
07-06 00:54:51.634 D/OkHttp  (15548): Connection: keep-alive
07-06 00:54:51.634 D/OkHttp  (15548): <-- END HTTP
07-06 00:54:51.635 D/OkHttp  (15548): <-- 200 OK http://picture.edu.hismarttv.com/images/20170630035014817721.jpg (30ms)
07-06 00:54:51.635 D/OkHttp  (15548): Date: Tue, 04 Jul 2017 00:56:48 GMT
07-06 00:54:51.635 D/OkHttp  (15548): Server: nginx
07-06 00:54:51.635 D/OkHttp  (15548): Content-Type: image/jpeg
07-06 00:54:51.635 D/OkHttp  (15548): Content-Length: 108221
07-06 00:54:51.635 D/OkHttp  (15548): Last-Modified: Fri, 30 Jun 2017 03:50:14 GMT
07-06 00:54:51.635 D/OkHttp  (15548): ETag: "5955ca76-1a6bd"
07-06 00:54:51.635 D/OkHttp  (15548): Accept-Ranges: bytes
07-06 00:54:51.635 D/OkHttp  (15548): Age: 143883
07-06 00:54:51.635 D/OkHttp  (15548): Via: 1.1 hewangtong169:9 (Cdn Cache Server V2.0)[35 200 0], 1.1 t85:7 (Cdn Cache Server V2.0)[0 200 0]
07-06 00:54:51.635 D/OkHttp  (15548): Connection: keep-alive
07-06 00:54:51.635 D/OkHttp  (15548): <-- END HTTP
07-06 00:54:51.671 I/MiSysSrv( 1214): [37m[INFO] Change to Voltage: 117 mv (0x32)[m
07-06 00:54:51.674 D/HttpHandler(15548): RetryIntercepter-->retryNum=0
07-06 00:54:51.674 D/HttpHandler(15548): RetryIntercepter-->backoffmutiplier=0
07-06 00:54:51.680 D/HttpHandler(15548): RetryIntercepter-->retryNum=0
07-06 00:54:51.680 D/HttpHandler(15548): RetryIntercepter-->backoffmutiplier=0
07-06 00:54:51.721 I/MyFragmentStateAdapter(15548): getCount
07-06 00:54:51.721 I/MyFragmentStateAdapter(15548): getCount
07-06 00:54:51.721 I/MyFragmentStateAdapter(15548): getCount
07-06 00:54:51.721 I/MyFragmentStateAdapter(15548): getCount
07-06 00:54:51.734 I/MyFragmentStateAdapter(15548): getCount
07-06 00:54:51.756 D/HttpHandler(15548): VerifySignInterCeptor-->request.url()=http://picture.edu.hismarttv.com/images/20170628233313068112.jpg
07-06 00:54:51.756 D/HttpHandler(15548): VerifySignInterCeptor-->hostname=picture.edu.hismarttv.com
07-06 00:54:51.760 D/OkHttp  (15548): --> GET http://picture.edu.hismarttv.com/images/20170628233313068112.jpg http/1.1
07-06 00:54:51.760 D/OkHttp  (15548): Host: picture.edu.hismarttv.com
07-06 00:54:51.760 D/OkHttp  (15548): Connection: Keep-Alive
07-06 00:54:51.760 D/OkHttp  (15548): Accept-Encoding: gzip
07-06 00:54:51.760 D/OkHttp  (15548): User-Agent: okhttp/3.6.0
07-06 00:54:51.760 D/OkHttp  (15548): --> END GET
07-06 00:54:51.781 D/MSTAR_VDEC_DBG( 1206): Stream ID: 0, Rate : 23 (E:0,D:0,S:0,F:150) 
07-06 00:54:51.784 D/HttpHandler(15548): VerifySignInterCeptor-->request.url()=http://picture.edu.hismarttv.com/images/20170629/20161111081033896636.jpg
07-06 00:54:51.784 D/HttpHandler(15548): VerifySignInterCeptor-->hostname=picture.edu.hismarttv.com
07-06 00:54:51.794 E/btif_config( 2964): [btif_config_get] node is TRUE!
07-06 00:54:51.794 E/btif_config( 2964): [btif_config_get] ret is TRUE!
07-06 00:54:51.786 D/OkHttp  (15548): --> GET http://picture.edu.hismarttv.com/images/20170629/20161111081033896636.jpg http/1.1
07-06 00:54:51.797 D/OkHttp  (15548): Host: picture.edu.hismarttv.com
07-06 00:54:51.797 D/OkHttp  (15548): Connection: Keep-Alive
07-06 00:54:51.797 D/OkHttp  (15548): Accept-Encoding: gzip
07-06 00:54:51.797 D/OkHttp  (15548): User-Agent: okhttp/3.6.0
07-06 00:54:51.797 D/OkHttp  (15548): --> END GET
07-06 00:54:51.797 D/OkHttp  (15548): <-- 200 OK http://picture.edu.hismarttv.com/images/20170628233313068112.jpg (36ms)
07-06 00:54:51.797 D/OkHttp  (15548): Date: Tue, 04 Jul 2017 05:33:34 GMT
07-06 00:54:51.797 D/OkHttp  (15548): Server: nginx
07-06 00:54:51.797 D/OkHttp  (15548): Content-Type: image/jpeg
07-06 00:54:51.797 D/OkHttp  (15548): Content-Length: 61038
07-06 00:54:51.797 D/OkHttp  (15548): Last-Modified: Wed, 28 Jun 2017 23:33:13 GMT
07-06 00:54:51.797 D/OkHttp  (15548): ETag: "59543cb9-ee6e"
07-06 00:54:51.797 D/OkHttp  (15548): Accept-Ranges: bytes
07-06 00:54:51.797 D/OkHttp  (15548): Age: 127277
07-06 00:54:51.797 D/OkHttp  (15548): Via: 1.1 jnwt244:1 (Cdn Cache Server V2.0)[15 200 0], 1.1 t86:3 (Cdn Cache Server V2.0)[9 200 0]
07-06 00:54:51.797 D/OkHttp  (15548): Connection: keep-alive
07-06 00:54:51.797 D/OkHttp  (15548): <-- END HTTP
07-06 00:54:51.800 D/HttpHandler(15548): RetryIntercepter-->retryNum=0
07-06 00:54:51.800 D/HttpHandler(15548): RetryIntercepter-->backoffmutiplier=0
07-06 00:54:51.804 I/MyFragmentStateAdapter(15548): getCount
07-06 00:54:51.804 I/MyFragmentStateAdapter(15548): getCount
07-06 00:54:51.804 I/MyFragmentStateAdapter(15548): getCount
07-06 00:54:51.804 I/MyFragmentStateAdapter(15548): getCount
07-06 00:54:51.814 I/MyFragmentStateAdapter(15548): getCount
07-06 00:54:51.836 I/TVMW@HsTvSetting( 1234): Trace cmd, data = 0x1058
07-06 00:54:51.836 D/til@system( 2026): til_get_system_param option:100002F int:0, bool:0, ret:0
07-06 00:54:51.837 I/TVMW@HsTvSetting( 1234): Trace cmd, data = 0x101f
