07-06 00:37:03.772 D/Carousel-CarouselView( 5831): onListItemClick view=null,position=1
07-06 00:37:03.778 D/OkHttp  ( 5831): <-- 200 OK http://picture.edu.hismarttv.com/images/20170629/%E5%AE%A2%E5%8E%85%E7%87%83%E8%84%82%E5%A5%B3%E7%8E%8B20170207081137502012.jpg (26ms)
07-06 00:37:03.778 D/OkHttp  ( 5831): Date: Mon, 03 Jul 2017 11:02:37 GMT
07-06 00:37:03.778 D/OkHttp  ( 5831): Server: nginx
07-06 00:37:03.778 D/OkHttp  ( 5831): Content-Type: image/jpeg
07-06 00:37:03.778 D/OkHttp  ( 5831): Content-Length: 107115
07-06 00:37:03.778 D/OkHttp  ( 5831): Last-Modified: Fri, 09 Jun 2017 14:40:58 GMT
07-06 00:37:03.778 D/OkHttp  ( 5831): ETag: "593ab37a-1a26b"
07-06 00:37:03.778 D/OkHttp  ( 5831): Accept-Ranges: bytes
07-06 00:37:03.778 D/OkHttp  ( 5831): Age: 192866
07-06 00:37:03.778 D/OkHttp  ( 5831): Via: 1.1 shzh52:3 (Cdn Cache Server V2.0)[23 200 0], 1.1 t93:4 (Cdn Cache Server V2.0)[0 200 0]
07-06 00:37:03.778 D/OkHttp  ( 5831): Connection: keep-alive
07-06 00:37:03.778 D/OkHttp  ( 5831): <-- END HTTP
07-06 00:37:03.781 D/HttpHandler( 5831): RetryIntercepter-->retryNum=0
07-06 00:37:03.781 D/HttpHandler( 5831): RetryIntercepter-->backoffmutiplier=0
07-06 00:37:03.795 I/MyFragmentStateAdapter( 5831): getCount
07-06 00:37:03.795 I/MyFragmentStateAdapter( 5831): getCount
07-06 00:37:03.795 I/MyFragmentStateAdapter( 5831): getCount
07-06 00:37:03.795 I/MyFragmentStateAdapter( 5831): getCount
07-06 00:37:03.796 I/FirstLineAdapter( 5831): canShowTrailer,isOffline=false
07-06 00:37:03.796 I/FirstLineAdapter( 5831): canShowTrailer,isOffline=false
07-06 00:37:03.796 I/FirstLineAdapter( 5831): canShowTrailer,isOffline=false
07-06 00:37:03.796 I/FirstLineAdapter( 5831): canShowTrailer,isOffline=false
07-06 00:37:03.796 I/FirstLineAdapter( 5831): canShowTrailer,isOffline=false
07-06 00:37:03.796 I/FirstLineAdapter( 5831): canShowTrailer,isOffline=false
07-06 00:37:03.796 I/FirstLineAdapter( 5831): canShowTrailer,isOffline=false
07-06 00:37:03.796 I/FirstLineAdapter( 5831): canShowTrailer,isOffline=false
07-06 00:37:03.796 I/FirstLineAdapter( 5831): canShowTrailer,isOffline=false
07-06 00:37:03.799 E/WebcastSDK-HiCloudSourcePlugin( 5831): FetchSystemParameterTask(), res = {"categoryChannelTimeInterval":275000,"timeSynInterval":360000,"ChannelSwitchdefaultPic":"http://download.hismarttv.com/epgdata/LunBoContentPic/149810099740274506.jpg","TencentPlayRoundId":"1","allowUploadLogFile":1,"NoticeShow":1,"resultCode":0}
07-06 00:37:03.804 E/WebcastSDK-EPGDataManager( 5831): notifySystemParametersData(), SystemParameterInfo = [ mCategoryInternal = 275000; mServerTimeInternal = 360000; mTencentPlayId = 1; mUploadLogFlag = 1; mSwitchPic = http://download.hismarttv.com/epgdata/LunBoContentPic/149810099740274506.jpg]
07-06 00:37:03.804 D/WebcastSDK-( 5831): activity == null.
07-06 00:37:03.804 I/WebcastSDK-EPGDataManager( 5831): handleMessage(), sync Server time in [ 360000 ] ms
07-06 00:37:03.804 D/WebcastSDK-( 5831): activity == null.
07-06 00:37:03.805 I/MyFragmentStateAdapter( 5831): getCount
07-06 00:37:03.820 D/MC_MEMORY( 4735): max: 256.261888 Mb, heap: 10.10798 Mb, allocated: 8.8869 Mb, free: 1.1930 Mb, native heap: 12.12276 Mb, native allocated: 8.8330 Mb, native free: 3.3946 Mb
07-06 00:37:03.823 I/TVMW@HsTvSetting( 1234): Trace cmd, data = 0x1058
07-06 00:37:03.828 D/til@system( 2026): til_get_system_param option:100002F int:0, bool:0, ret:0
07-06 00:37:03.829 I/TVMW@HsTvSetting( 1234): Trace cmd, data = 0x101f
07-06 00:37:03.829 D/til@system( 2026): til_get_system_param option:100001D int:3, bool:3, ret:0
07-06 00:37:03.829 E/til     ( 2026): [til_get_current_input_source, 101] 
07-06 00:37:03.829 I/TVMW@HsTvSetting( 1234): Trace cmd, data = 0x7007
07-06 00:37:03.830 I/tilwrapper@sm( 2026): HS2TIL_SourceType *hs=0xd, *til=0x900
07-06 00:37:03.830 D/til     ( 2026): get current source 2304
07-06 00:37:03.830 D/SourceRemoteServiceHandler( 2026): getCurrentInputSource.from.til.result is 0, value is 2304
07-06 00:37:03.830 D/SourceRemoteServiceHandler( 2026): getInputSourceType source: 0x900, type=2304
07-06 00:37:03.830 D/til     ( 2026): ###### func:til_get_picture_param option:0x3000006 ######  
07-06 00:37:03.830 I/TVMW@HsTvSetting( 1234): Trace cmd, data = 0x1003
07-06 00:37:03.831 I/TVMW@HsTvSetting( 1234): Trace cmd, data = 0x8032
07-06 00:37:03.831 I/hstvos  ( 1216): [0m[1;33m[HSHAL][HS_VIDEO][HS_HAL_Video_SetOsdDetect_v2][2389]u16Threshold = 20
07-06 00:37:03.834 I/MiSysSrv( 1214): Not support now! 42, change to mm_video!!!
07-06 00:37:03.835 E/TVMW@videoctrl( 1234):  getOsd is 1
07-06 00:37:03.835 D/til@system( 2026): til_get_system_param option:1000027 int:1, bool:1, ret:0
07-06 00:37:03.835 D/til     ( 2026): ###### func:til_get_picture_param option:0x3000045 ######  
07-06 00:37:03.836 I/TVMW@HsTvSetting( 1234): Trace cmd, data = 0x300c
07-06 00:37:03.836 I/TVMW@HsTvSetting( 1234): Trace 3d, data = 0x300c
07-06 00:37:03.836 I/TVMW@3d ( 1234): Hs_debug3d_trace: func:get3dStatus, line:109
07-06 00:37:03.894 D/Carousel-CarouselView( 5831): start to play! hashCode=261738835
07-06 00:37:03.895 D/Carousel-Utils( 5831): x=511,y=167, width=892,height=536
07-06 00:37:03.914 D/Carousel-CarouselView( 5831): type=1
07-06 00:37:03.915 D/Carousel-CarouselDisplayPlayerLayout( 5831): isFullScreen:false
07-06 00:37:03.915 D/Carousel-Utils( 5831): displayImage view=android.widget.ImageView{2bdfc2c6 V.ED.... ......I. 0,0-0,0 #7f0d0029 app:id/imageView1}
07-06 00:37:03.915 D/Carousel-Utils( 5831): displayImage url=http://picture.edu.hismarttv.com/images/20170629010146422927.jpg
07-06 00:37:03.915 D/Carousel-Utils( 5831): onResourceReady.
07-06 00:37:03.916 D/Carousel-CarouselDisplayPlayerLayout( 5831): isFullScreen:false
07-06 00:37:03.916 D/Carousel-log_( 5831): isFullScreen:false
07-06 00:37:03.916 D/Carousel-CarouselDisplayPlayerLayout( 5831): replacePlayer carouselType:3
07-06 00:37:03.916 D/Carousel-CarouselDisplayPlayerLayout( 5831): x=511, y=167,w=892,h=536, hashCode=435176925
07-06 00:37:03.916 D/Carousel-CarouselDisplayPlayerLayout( 5831): mX=0, mY=0,mWitdh=0,mHeight=0, hashCode=435176925
07-06 00:37:03.916 D/Carousel-CarouselDisplayPlayerLayout( 5831): changed=true, hashCode=435176925
07-06 00:37:03.966 D/HttpHandler( 5831): VerifySignInterCeptor-->request.url()=http://picture.edu.hismarttv.com/images/20170629/%E8%8B%B1%E8%AF%AD%E5%90%AF%E8%92%99.jpg
07-06 00:37:03.966 D/HttpHandler( 5831): VerifySignInterCeptor-->hostname=picture.edu.hismarttv.com
07-06 00:37:03.967 D/OkHttp  ( 5831): --> GET http://picture.edu.hismarttv.com/images/20170629/%E8%8B%B1%E8%AF%AD%E5%90%AF%E8%92%99.jpg http/1.1
07-06 00:37:03.982 I/TVMW@devctrl( 1234): wdt
07-06 00:37:03.982 D/OkHttp  ( 5831): Host: picture.edu.hismarttv.com
07-06 00:37:03.982 D/OkHttp  ( 5831): Connection: Keep-Alive
07-06 00:37:03.982 D/OkHttp  ( 5831): Accept-Encoding: gzip
07-06 00:37:03.982 D/OkHttp  ( 5831): User-Agent: okhttp/3.6.0
07-06 00:37:03.982 D/OkHttp  ( 5831): --> END GET
07-06 00:37:03.994 D/Carousel-CarouselVideoViewImpl( 5831): onAttachedToWindow.
07-06 00:37:04.009 D/Carousel-CarouselVideoViewImpl( 5831): startPlay!
07-06 00:37:04.009 D/Carousel-CarouselDisplayPlayerLayout( 5831): isFullScreen:false
07-06 00:37:04.010 I/Carousel-UrlVideoView( 5831): onMeasure(MeasureSpec: EXACTLY 816, MeasureSpec: EXACTLY 460)
07-06 00:37:04.010 I/Carousel-UrlVideoView( 5831): onMeasure(MeasureSpec: EXACTLY 816, MeasureSpec: EXACTLY 460)
07-06 00:37:04.011 I/art     ( 5831): Background partial concurrent mark sweep GC freed 32401(2MB) AllocSpace objects, 2(1518KB) LOS objects, 12% free, 28MB/32MB, paused 7.271ms total 82.141ms
07-06 00:37:04.012 D/Surface ( 1733): onStatusChange() : mNativeObject = 547819111936 mUseImageHwRender = false
07-06 00:37:04.012 V/Surface ( 1733): nativeSetHardwareRender() : status = 0
07-06 00:37:04.012 V/Surface ( 1733): nativeSetHardwareRender() : end
07-06 00:37:04.014 D/NativeDecimalFormat( 5831): NativeDecimalFormat_close print addr=4098416128
07-06 00:37:04.014 D/NativeDecimalFormat( 5831): NativeDecimalFormat_close print g_addr=4098416128
07-06 00:37:04.014 D/NativeDecimalFormat( 5831): NativeDecimalFormat_close print addr=4098415360
07-06 00:37:04.014 D/NativeDecimalFormat( 5831): NativeDecimalFormat_close print g_addr=4098416128
07-06 00:37:04.015 D/NativeDecimalFormat( 5831): NativeDecimalFormat_close print addr=3997592064
07-06 00:37:04.015 D/NativeDecimalFormat( 5831): NativeDecimalFormat_close print g_addr=4098416128
07-06 00:37:04.021 D/PowerManagerService( 1733): setScreenBrightnessOverrideFromWindowManagerInternal done
07-06 00:37:04.022 D/Surface ( 1733): onStatusChange() : mNativeObject = 0 mUseImageHwRender = false
07-06 00:37:04.024 I/SurfaceView( 5831): Changes: creating=true format=true size=true visible=true left=true top=true
07-06 00:37:04.030 V/WindowManager( 1733): Adding window Window{32635a04 u0 SurfaceView} at 10 of 19 (before Window{2b150072 u0 com.hisense.hicloud.edca/com.hisense.tvui.newhome.HomeMainActivity})
07-06 00:37:04.031 I/SurfaceView( 5831): Cur surface: Surface(name=null)/@0x2328ca50
07-06 00:37:04.037 D/Surface ( 1733): onStatusChange() : mNativeObject = 547819108352 mUseImageHwRender = false
07-06 00:37:04.037 V/Surface ( 1733): nativeSetHardwareRender() : status = 0
07-06 00:37:04.037 V/Surface ( 1733): nativeSetHardwareRender() : end
07-06 00:37:04.037 D/OsdMonitorService( 1733): mCurrentWindow = com.hisense.hicloud.edca/com.hisense.tvui.newhome.HomeMainActivity; newWindow = com.hisense.hicloud.edca/com.hisense.tvui.newhome.HomeMainActivity; isSubWindow = false; isInWinList = false; isExitNow = false
07-06 00:37:04.037 D/OsdMonitorService( 1733): windowNotOsd() : name = com.hisense.hicloud.edca/com.hisense.tvui.newhome.HomeMainActivity
07-06 00:37:04.037 I/OsdMonitorService( 1733): setOsdStatus() : status will change from true to true
07-06 00:37:04.040 I/NetflixMonitorService( 1733): current fgapk : com.hisense.hicloud.edca
07-06 00:37:04.040 I/NetflixMonitorService( 1733): Netflix status unchanged
07-06 00:37:04.041 V/SurfaceView( 5831): com.hisense.hitv.carouselwidgit.view.videoview.UrlVideoView{18c70b77 V.E..... ......ID 0,0-816,460} got resized: w=816 h=460, cur w=-1 h=-1
07-06 00:37:04.042 D/PowerManagerService( 1733): setScreenBrightnessOverrideFromWindowManagerInternal done
07-06 00:37:04.043 D/Surface ( 1733): onStatusChange() : mNativeObject = 0 mUseImageHwRender = false
07-06 00:37:04.044 D/Surface ( 5831): onStatusChange() : mNativeObject = -195827200 mUseImageHwRender = false
07-06 00:37:04.044 V/Surface ( 5831): nativeSetHardwareRender() : status = 0
07-06 00:37:04.044 V/Surface ( 5831): nativeSetHardwareRender() : end
07-06 00:37:04.044 I/SurfaceView( 5831): New surface: Surface(name=null)/@0x2fe2b449, vis=true, frame=Rect(549, 205 - 1365, 665)
07-06 00:37:04.044 D/Surface ( 5831): onStatusChange() : mNativeObject = 0 mUseImageHwRender = false
07-06 00:37:04.044 D/Surface ( 5831): onStatusChange() : mNativeObject = -195827200 mUseImageHwRender = false
07-06 00:37:04.044 V/Surface ( 5831): nativeSetHardwareRender() : status = 0
07-06 00:37:04.044 V/Surface ( 5831): nativeSetHardwareRender() : end
07-06 00:37:04.044 I/SurfaceView( 5831): visibleChanged -- surfaceCreated
07-06 00:37:04.063 D/HttpHandler( 5831): VerifySignInterCeptor-->request.url()=http://picture.edu.hismarttv.com/images/20170629/%E5%93%88%E5%88%A9%E8%AE%B2%E6%95%85%E4%BA%8B%EF%BC%88%E4%B8%80%EF%BC%89.jpg
07-06 00:37:04.063 D/HttpHandler( 5831): VerifySignInterCeptor-->hostname=picture.edu.hismarttv.com
07-06 00:37:04.066 D/OkHttp  ( 5831): --> GET http://picture.edu.hismarttv.com/images/20170629/%E5%93%88%E5%88%A9%E8%AE%B2%E6%95%85%E4%BA%8B%EF%BC%88%E4%B8%80%EF%BC%89.jpg http/1.1
07-06 00:37:04.066 D/OkHttp  ( 5831): Host: picture.edu.hismarttv.com
07-06 00:37:04.066 D/OkHttp  ( 5831): Connection: Keep-Alive
07-06 00:37:04.066 D/OkHttp  ( 5831): Accept-Encoding: gzip
07-06 00:37:04.066 D/OkHttp  ( 5831): User-Agent: okhttp/3.6.0
07-06 00:37:04.066 D/OkHttp  ( 5831): --> END GET
07-06 00:37:04.067 D/HttpHandler( 5831): VerifySignInterCeptor-->request.url()=http://picture.edu.hismarttv.com/images/20170629/30%E5%A4%A9%E5%86%99%E5%87%BA%E4%B8%80%E6%89%8B%E5%A5%BD%E5%AD%9720161129021942268280.jpg
07-06 00:37:04.067 D/HttpHandler( 5831): VerifySignInterCeptor-->hostname=picture.edu.hismarttv.com
07-06 00:37:04.068 D/OkHttp  ( 5831): --> GET http://picture.edu.hismarttv.com/images/20170629/30%E5%A4%A9%E5%86%99%E5%87%BA%E4%B8%80%E6%89%8B%E5%A5%BD%E5%AD%9720161129021942268280.jpg http/1.1
07-06 00:37:04.068 D/OkHttp  ( 5831): Host: picture.edu.hismarttv.com
07-06 00:37:04.068 D/OkHttp  ( 5831): Connection: Keep-Alive
07-06 00:37:04.068 D/OkHttp  ( 5831): Accept-Encoding: gzip
07-06 00:37:04.068 D/OkHttp  ( 5831): User-Agent: okhttp/3.6.0
07-06 00:37:04.068 D/OkHttp  ( 5831): --> END GET
07-06 00:37:04.087 D/OkHttp  ( 5831): <-- 200 OK http://picture.edu.hismarttv.com/images/20170629/%E5%93%88%E5%88%A9%E8%AE%B2%E6%95%85%E4%BA%8B%EF%BC%88%E4%B8%80%EF%BC%89.jpg (21ms)
07-06 00:37:04.087 D/OkHttp  ( 5831): Date: Mon, 03 Jul 2017 11:02:37 GMT
07-06 00:37:04.088 D/OkHttp  ( 5831): Server: nginx
07-06 00:37:04.088 D/OkHttp  ( 5831): Content-Type: image/jpeg
07-06 00:37:04.088 D/OkHttp  ( 5831): Content-Length: 135983
07-06 00:37:04.088 D/OkHttp  ( 5831): Last-Modified: Fri, 09 Jun 2017 14:51:44 GMT
07-06 00:37:04.088 D/OkHttp  ( 5831): ETag: "593ab600-2132f"
07-06 00:37:04.088 D/OkHttp  ( 5831): Accept-Ranges: bytes
07-06 00:37:04.088 D/OkHttp  ( 5831): Age: 192866
07-06 00:37:04.088 D/OkHttp  ( 5831): Via: 1.1 chzhwt170:9 (Cdn Cache Server V2.0)[0 200 0], 1.1 t93:2 (Cdn Cache Server V2.0)[0 200 0]
07-06 00:37:04.088 D/OkHttp  ( 5831): Connection: keep-alive
07-06 00:37:04.088 D/OkHttp  ( 5831): <-- END HTTP
07-06 00:37:04.090 D/HttpHandler( 5831): RetryIntercepter-->retryNum=0
07-06 00:37:04.090 D/HttpHandler( 5831): RetryIntercepter-->backoffmutiplier=0
07-06 00:37:04.157 D/OkHttp  ( 5831): <-- 200 OK http://picture.edu.hismarttv.com/images/20170629/%E8%8B%B1%E8%AF%AD%E5%90%AF%E8%92%99.jpg (174ms)
07-06 00:37:04.157 D/OkHttp  ( 5831): Date: Fri, 30 Jun 2017 07:45:35 GMT
07-06 00:37:04.157 D/OkHttp  ( 5831): Server: nginx
07-06 00:37:04.157 D/OkHttp  ( 5831): Content-Type: image/jpeg
07-06 00:37:04.158 D/OkHttp  ( 5831): Content-Length: 57011
07-06 00:37:04.158 D/OkHttp  ( 5831): Last-Modified: Fri, 09 Jun 2017 14:49:58 GMT
07-06 00:37:04.158 D/OkHttp  ( 5831): ETag: "593ab596-deb3"
07-06 00:37:04.158 D/OkHttp  ( 5831): Accept-Ranges: bytes
07-06 00:37:04.158 D/OkHttp  ( 5831): Age: 463888
07-06 00:37:04.158 D/OkHttp  ( 5831): Via: 1.1 txz42:1 (Cdn Cache Server V2.0)[19 200 0], 1.1 hangwangtong56:5 (Cdn Cache Server V2.0)[153 200 0]
07-06 00:37:04.158 D/OkHttp  ( 5831): Connection: keep-alive
07-06 00:37:04.158 D/OkHttp  ( 5831): <-- END HTTP
07-06 00:37:04.158 D/Carousel-UrlVideoView( 5831): surfaceCreated
07-06 00:37:04.163 D/HttpHandler( 5831): RetryIntercepter-->retryNum=0
07-06 00:37:04.163 D/HttpHandler( 5831): RetryIntercepter-->backoffmutiplier=0
07-06 00:37:04.168 I/dex2oat ( 5935): dex2oat took 3.476s (threads: 4) arena alloc=219KB java alloc=10MB native alloc=6MB free=9MB
07-06 00:37:04.174 I/MiSysSrv( 1214): [37m[INFO] Change to Voltage: 102 mv (0x23)[m
07-06 00:37:04.180 I/SurfaceView( 5831): surfaceChanged -- format=4 w=816 h=460
07-06 00:37:04.180 D/Carousel-UrlVideoView( 5831): surfaceChanged
07-06 00:37:04.180 D/Carousel-UrlVideoView( 5831): isValidState:false,hasValidSize:false
07-06 00:37:04.180 D/Carousel-UrlVideoView( 5831): mVideoWidth:0,mVideoHeight:0,w:816,h:460
07-06 00:37:04.181 I/SurfaceView( 5831): surfaceRedrawNeeded
07-06 00:37:04.181 I/SurfaceView( 5831): finishedDrawing
07-06 00:37:04.183 V/SurfaceView( 5831): Layout: x=549 y=205 w=816 h=460, frame=Rect(0, 0 - 816, 460)
07-06 00:37:04.185 D/PowerManagerService( 1733): setScreenBrightnessOverrideFromWindowManagerInternal done
07-06 00:37:04.188 D/PowerManagerService( 1733): setScreenBrightnessOverrideFromWindowManagerInternal done
07-06 00:37:04.193 D/PowerManagerService( 1733): setScreenBrightnessOverrideFromWindowManagerInternal done
07-06 00:37:04.203 I/HiNetworkImpl( 5831): doHttp_Asyn(): onSuccess clazz = class com.hisense.sdk.domain.ResponseResult, back from thread: main
07-06 00:37:04.203 I/HomeMainActivity( 5831): finishHttpTime : 21465775   1959
07-06 00:37:04.203 I/art     ( 5831): Background sticky concurrent mark sweep GC freed 1086(533KB) AllocSpace objects, 0(0B) LOS objects, 0% free, 33MB/33MB, paused 10.947ms total 117.538ms
07-06 00:37:04.207 W/PluginProviderBuilder( 5831): createDexClassLoader() return dalvik.system.DexClassLoader[DexPathList[[zip file "/data/data/com.hisense.hicloud.edca/files/plugin/2.1.0.59986/pluginplayer/1.64.0.59984/pluginplayer-release-1.64.0.59984.apk"],nativeLibraryDirectories=[/vendor/lib, /system/lib]]]
07-06 00:37:04.208 D/til@system( 2026): til_get_system_param option:1000007 int:-1936523008, bool:0, ret:0
07-06 00:37:04.210 D/til@system( 2026): til_get_system_param option:1000009 int:-1815633792, bool:128, ret:0
07-06 00:37:04.211 D/til@system( 2026): til_get_system_param option:1000008 int:-1936525184, bool:128, ret:0
07-06 00:37:04.211 D/HiSDKLogReport( 5831): getOperationDetail-productName : LED50MU8600UC
07-06 00:37:04.211 D/HiSDKLogReport( 5831): getOperationDetail-plmNumber : 88888
07-06 00:37:04.211 D/HiSDKLogReport( 5831): getOperationDetail-swVersion : V0000.00.01A
07-06 00:37:04.212 D/HiSDKLogReport( 5831): getOperationDetail-operationDetail : LED50MU8600UC0000888
07-06 00:37:04.212 D/HiSDKLogReport( 5831): processLogReport-log : {eventType=163, appKey=1182445233, APPVersionName=3.0.0.9.00, devid=86100300900000500000060a4818fca8, mac=a8:a6:48:18:fc:a8, uuid=13287129, accessToken=72DF6038D2AEAB8A76DFBBBBCC428A4A_001984522603606, APIversion=501, logversion=2.0, devType=0, APPPackage=com.hisense.hicloud.edca, eventPos=002, requesttime=1499272624212, customerId=7195320, value2=, eventMessage=HttpConnection, value1=1959, model_id=0, ChannelId=0, version=00.002.003, tv_distribute_id=00, subscriberId=13287129, APIVersion=600, PFAPPCode=652, softwareVersion=LED50MU8600UC0000888}
07-06 00:37:04.220 W/System.err( 5831): java.net.ConnectException: failed to connect to /10.18.210.112 (port 8900) after 6000ms: isConnected failed: ECONNREFUSED (Connection refused)
07-06 00:37:04.220 I/HomeMainActivity.java( 5831): VodLog-[onSuccess:1016]postExperienceVIP request fail.Error Message: id0
07-06 00:37:04.221 W/System.err( 5831): 	at libcore.io.IoBridge.isConnected(IoBridge.java:238)
07-06 00:37:04.221 W/System.err( 5831): 	at libcore.io.IoBridge.connectErrno(IoBridge.java:171)
07-06 00:37:04.221 W/System.err( 5831): 	at libcore.io.IoBridge.connect(IoBridge.java:122)
07-06 00:37:04.221 W/System.err( 5831): 	at java.net.PlainSocketImpl.connect(PlainSocketImpl.java:183)
07-06 00:37:04.221 W/System.err( 5831): 	at java.net.PlainSocketImpl.connect(PlainSocketImpl.java:456)
07-06 00:37:04.221 W/System.err( 5831): 	at java.net.Socket.connect(Socket.java:882)
07-06 00:37:04.221 W/System.err( 5831): 	at com.android.okhttp.internal.Platform.connectSocket(Platform.java:174)
07-06 00:37:04.221 W/System.err( 5831): 	at com.android.okhttp.Connection.connect(Connection.java:152)
07-06 00:37:04.221 W/System.err( 5831): 	at com.android.okhttp.internal.http.HttpEngine.connect(HttpEngine.java:276)
07-06 00:37:04.221 W/System.err( 5831): 	at com.android.okhttp.internal.http.HttpEngine.sendRequest(HttpEngine.java:211)
07-06 00:37:04.221 W/System.err( 5831): 	at com.android.okhttp.internal.http.HttpURLConnectionImpl.execute(HttpURLConnectionImpl.java:382)
07-06 00:37:04.221 W/System.err( 5831): 	at com.android.okhttp.internal.http.HttpURLConnectionImpl.connect(HttpURLConnectionImpl.java:106)
07-06 00:37:04.221 W/System.err( 5831): 	at com.hisense.hitv.hicloud.util.ExceptionReport.a(ExceptionReport.java:337)
07-06 00:37:04.221 W/System.err( 5831): 	at com.hisense.hitv.hicloud.util.ExceptionReport.a(ExceptionReport.java:39)
07-06 00:37:04.221 W/System.err( 5831): 	at com.hisense.hitv.hicloud.util.ExceptionReport$1.run(ExceptionReport.java:83)
07-06 00:37:04.221 W/System.err( 5831): 	at java.lang.Thread.run(Thread.java:818)
07-06 00:37:04.221 W/System.err( 5831): Caused by: android.system.ErrnoException: isConnected failed: ECONNREFUSED (Connection refused)
07-06 00:37:04.221 W/System.err( 5831): 	at libcore.io.IoBridge.isConnected(IoBridge.java:223)
07-06 00:37:04.221 W/System.err( 5831): 	... 15 more
07-06 00:37:04.224 D/Carousel-SimpleVideoView( 5831): onReceive net connected.
07-06 00:37:04.225 I/SurfaceView( 5831): Changes: creating=false format=false size=false visible=false left=false top=false
07-06 00:37:04.225 I/SurfaceView( 5831): Cur surface: Surface(name=null)/@0x2328ca50
07-06 00:37:04.226 D/Surface ( 1733): onStatusChange() : mNativeObject = 547819108352 mUseImageHwRender = false
07-06 00:37:04.226 V/Surface ( 1733): nativeSetHardwareRender() : status = 0
07-06 00:37:04.226 V/Surface ( 1733): nativeSetHardwareRender() : end
07-06 00:37:04.227 D/PowerManagerService( 1733): setScreenBrightnessOverrideFromWindowManagerInternal done
07-06 00:37:04.233 D/Surface ( 1733): onStatusChange() : mNativeObject = 0 mUseImageHwRender = false
07-06 00:37:04.234 W/ContextClassLoaderSwitcher( 5831): ClassLoaderSwitcher doSwitch(com.hisense.hicloud.edca.BaseApplication@2adbac5c, dalvik.system.DexClassLoader[DexPathList[[zip file "/data/data/com.hisense.hicloud.edca/files/plugin/2.1.0.59986/pluginplayer/1.64.0.59984/pluginplayer-release-1.64.0.59984.apk"],nativeLibraryDirectories=[/vendor/lib, /system/lib]]])
07-06 00:37:04.234 W/ObjectMethodHolder( 5831): >> invoke() mMethodName=getBaseContext, mCached=false, mCacheValue=true, mMethod=null
07-06 00:37:04.235 D/Surface ( 5831): onStatusChange() : mNativeObject = -195857664 mUseImageHwRender = false
07-06 00:37:04.235 V/Surface ( 5831): nativeSetHardwareRender() : status = 0
07-06 00:37:04.235 V/Surface ( 5831): nativeSetHardwareRender() : end
07-06 00:37:04.235 I/SurfaceView( 5831): New surface: Surface(name=null)/@0x2fe2b449, vis=true, frame=Rect(549, 205 - 1365, 665)
07-06 00:37:04.235 D/Surface ( 5831): onStatusChange() : mNativeObject = 0 mUseImageHwRender = false
07-06 00:37:04.235 D/Surface ( 5831): onStatusChange() : mNativeObject = -195857664 mUseImageHwRender = false
07-06 00:37:04.235 V/Surface ( 5831): nativeSetHardwareRender() : status = 0
07-06 00:37:04.235 V/Surface ( 5831): nativeSetHardwareRender() : end
07-06 00:37:04.235 I/SurfaceView( 5831): surfaceRedrawNeeded
07-06 00:37:04.235 I/SurfaceView( 5831): finishedDrawing
07-06 00:37:04.236 V/SurfaceView( 5831): Layout: x=549 y=205 w=816 h=460, frame=Rect(0, 0 - 816, 460)
07-06 00:37:04.237 I/MyFragmentStateAdapter( 5831): getCount
07-06 00:37:04.237 I/MyFragmentStateAdapter( 5831): getCount
07-06 00:37:04.237 I/MyFragmentStateAdapter( 5831): getCount
07-06 00:37:04.238 I/MyFragmentStateAdapter( 5831): getCount
07-06 00:37:04.239 I/FirstLineAdapter( 5831): canShowTrailer,isOffline=false
07-06 00:37:04.239 I/FirstLineAdapter( 5831): canShowTrailer,isOffline=false
07-06 00:37:04.239 I/FirstLineAdapter( 5831): canShowTrailer,isOffline=false
07-06 00:37:04.239 I/FirstLineAdapter( 5831): canShowTrailer,isOffline=false
07-06 00:37:04.239 I/FirstLineAdapter( 5831): canShowTrailer,isOffline=false
07-06 00:37:04.239 I/FirstLineAdapter( 5831): canShowTrailer,isOffline=false
07-06 00:37:04.239 I/FirstLineAdapter( 5831): canShowTrailer,isOffline=false
07-06 00:37:04.239 I/FirstLineAdapter( 5831): canShowTrailer,isOffline=false
07-06 00:37:04.239 I/FirstLineAdapter( 5831): canShowTrailer,isOffline=false
07-06 00:37:04.240 W/ObjectMethodHolder( 5831): << invoke() mMethodName=getBaseContext, mCached=true, mCacheValue=true, mMethod=public android.content.Context android.content.ContextWrapper.getBaseContext() return android.app.ContextImpl{android.app.ContextImpl@2feb314e}
07-06 00:37:04.241 W/ObjectMethodHolder( 5831): >> invoke() mMethodName=getClassLoader, mCached=false, mCacheValue=true, mMethod=null
07-06 00:37:04.241 W/ObjectMethodHolder( 5831): << invoke() mMethodName=getClassLoader, mCached=true, mCacheValue=true, mMethod=public java.lang.ClassLoader android.app.LoadedApk.getClassLoader() return dalvik.system.PathClassLoader{dalvik.system.PathClassLoader[DexPathList[[zip file "/data/app/com.hisense.hicloud.edca-2/base.apk"],nativeLibraryDirectories=[/data/app/com.hisense.hicloud.edca-2/lib/arm, /vendor/lib, /system/lib]]]}
07-06 00:37:04.242 W/PluginProviderBuilder( 5831): createPluginContext() return /data/app/com.hisense.hicloud.edca-2/base.apk
07-06 00:37:04.250 I/MyFragmentStateAdapter( 5831): getCount
07-06 00:37:04.264 I/MyFragmentStateAdapter( 5831): getCount
07-06 00:37:04.269 I/MiSysSrv( 1214): [37m[INFO] Change to Voltage: 117 mv (0x32)[m
07-06 00:37:04.277 D/Player/PluginProvider@1e67a381( 5831): [TID 5862] PluginProvider() new
07-06 00:37:04.277 W/AbsPluginProvider( 5831): initialize<<(hostContext=com.hisense.hicloud.edca.BaseApplication@2adbac5c, context=com.qiyi.sdk.plugin.server.core.ContextProxy@3cb81c26, params={lib_dir=/data/data/com.hisense.hicloud.edca/files/plugin/2.1.0.59986/pluginplayer/1.64.0.59984/pluginplayer-release-1.64.0.59984-libs, file_path=/data/data/com.hisense.hicloud.edca/files/plugin/2.1.0.59986/pluginplayer/1.64.0.59984/pluginplayer-release-1.64.0.59984.apk}, info=AppInfo(hostVersion=2.1.0.59986mHostAllowDebug=false))
07-06 00:37:04.277 D/Player/PluginProvider@1e67a381( 5831): [TID 5862] onInitialize() lib path=/data/data/com.hisense.hicloud.edca/files/plugin/2.1.0.59986/pluginplayer/1.64.0.59984/pluginplayer-release-1.64.0.59984-libs
07-06 00:37:04.277 I/LogUtils( 5831): [TID 5862] log is open
07-06 00:37:04.291 D/Player/PluginProvider@1e67a381( 5831): [TID 5862] setupSdkFeature()
07-06 00:37:04.309 I/art     ( 5831): Background partial concurrent mark sweep GC freed 6155(541KB) AllocSpace objects, 2(7MB) LOS objects, 13% free, 25MB/29MB, paused 7.589ms total 104.700ms
07-06 00:37:04.337 I/TVMW@HsTvSetting( 1234): Trace cmd, data = 0x1058
07-06 00:37:04.340 D/til@system( 2026): til_get_system_param option:100002F int:0, bool:0, ret:0
07-06 00:37:04.341 I/TVMW@HsTvSetting( 1234): Trace cmd, data = 0x101f
07-06 00:37:04.341 D/til@system( 2026): til_get_system_param option:100001D int:3, bool:3, ret:0
07-06 00:37:04.341 E/til     ( 2026): [til_get_current_input_source, 101] 
07-06 00:37:04.341 I/TVMW@HsTvSetting( 1234): Trace cmd, data = 0x7007
07-06 00:37:04.341 I/tilwrapper@sm( 2026): HS2TIL_SourceType *hs=0xd, *til=0x900
07-06 00:37:04.341 D/til     ( 2026): get current source 2304
07-06 00:37:04.341 D/SourceRemoteServiceHandler( 2026): getCurrentInputSource.from.til.result is 0, value is 2304
07-06 00:37:04.341 D/SourceRemoteServiceHandler( 2026): getInputSourceType source: 0x900, type=2304
07-06 00:37:04.341 D/til     ( 2026): ###### func:til_get_picture_param option:0x3000006 ######  
07-06 00:37:04.342 I/TVMW@HsTvSetting( 1234): Trace cmd, data = 0x1003
07-06 00:37:04.342 I/TVMW@HsTvSetting( 1234): Trace cmd, data = 0x8032
07-06 00:37:04.342 I/hstvos  ( 1216): [0m[1;33m[HSHAL][HS_VIDEO][HS_HAL_Video_SetOsdDetect_v2][2389]u16Threshold = 20
07-06 00:37:04.343 I/MiSysSrv( 1214): Not support now! 42, change to mm_video!!!
07-06 00:37:04.343 E/TVMW@videoctrl( 1234):  getOsd is 1
07-06 00:37:04.343 D/til@system( 2026): til_get_system_param option:1000027 int:1, bool:1, ret:0
07-06 00:37:04.344 D/til     ( 2026): ###### func:til_get_picture_param option:0x3000045 ######  
07-06 00:37:04.346 D/PlayerSdk/PlayerSdkProject( 5831): [TID 5862] >> beginInitialize
07-06 00:37:04.346 D/PlayerSdk/SdkConfigManager( 5831): [TID 5862] setupConfig: context=com.qiyi.sdk.plugin.server.core.ContextProxy@3cb81c26
07-06 00:37:04.346 W/ContextProxy( 5831): getAssets() mAssetManager=android.content.res.AssetManager@82c89fe
07-06 00:37:04.347 I/TVMW@HsTvSetting( 1234): Trace cmd, data = 0x300c
07-06 00:37:04.348 I/TVMW@HsTvSetting( 1234): Trace 3d, data = 0x300c
07-06 00:37:04.348 I/TVMW@3d ( 1234): Hs_debug3d_trace: func:get3dStatus, line:109
07-06 00:37:04.350 D/PlayerSdk/SdkConfigManager( 5831): [TID 5862] setupConfig: strEncrypted=VVVJRD0yMDE3MDQyNTExMzUzNzkxMmdlVEdXS0REMTE3MDIsQ1VTVE9NRVJfSUQ9NjAsUExBWUVSX0NPTkZJR19UWVBFPTQsUExBVEZPUk1fVFZBUEk9SEFJWElOLElTX1NVUFBPUlRfWUlOSEVfUElOR0JBQ0s9ZmFsc2UsSVNfRU5CQUxFX0gyNjU9ZmFsc2UsSVNfRU5BQkxFX0RPTEJZPWZhbHNlLElTX0VOQkFMRV80Sz0sSVNfRU5CQUxFX0RPTEJZX1ZJU0lPTj0sSVNfRU5CQUxFX0hEUjEwPSxJU19VU0VfVE1UU19MT0NBTF9TSUdOPWZhbHNlLElTX0dFVF9VVUlEX0ZST01fU0VSVkVSPXRydWUsQ0ROX0RJU1BBVENIX1BBUkFNPSxET01BSU5fTkFNRT1wdHF5LmdpdHYudHYsTkFUSVZFX1BMQVlFUl9CUkFORD1IaVNlbnNlLExPR0lOX1RZUEU9U1VCX0FDQ09VTlQsQ1VTVE9NRVJfUEFDS0FHRV9OQU1FPWNvbS5oaXNlbnNlLmhpY2xvdWQuZWRjYSxJU19ERUJVR19WRVJTSU9OPWZhbHNlLE5BVElWRV9QTEFZRVJfQ09ERUNUWVBFPSxQTEFZRVJfUExBVEZPUk09UF9IaXNlbnNlLEVOQUJMRV9TRVRfQklUU1RSRUFNPXRydWUsREVGQVVMVF9DRkdfQklUU1RSRUFNPSw=
07-06 00:37:04.350 I/System.out( 5831): decode
07-06 00:37:04.351 W/ContextProxy( 5831): getResources() mResources=android.content.res.Resources@7df7bac
07-06 00:37:04.354 I/MyFragmentStateAdapter( 5831): getCount
07-06 00:37:04.354 I/MyFragmentStateAdapter( 5831): getCount
07-06 00:37:04.354 I/MyFragmentStateAdapter( 5831): getCount
07-06 00:37:04.354 I/MyFragmentStateAdapter( 5831): getCount
07-06 00:37:04.360 I/MyFragmentStateAdapter( 5831): getCount
07-06 00:37:04.371 I/MyFragmentStateAdapter( 5831): getCount
07-06 00:37:04.371 I/MyFragmentStateAdapter( 5831): getCount
07-06 00:37:04.371 I/MyFragmentStateAdapter( 5831): getCount
07-06 00:37:04.372 I/MyFragmentStateAdapter( 5831): getCount
07-06 00:37:04.376 W/ContextProxy( 5831): getResources() mResources=android.content.res.Resources@7df7bac
07-06 00:37:04.380 I/MyFragmentStateAdapter( 5831): getCount
07-06 00:37:04.384 I/System.out( 5831): ok
07-06 00:37:04.385 I/System.out( 5831): UUID=20170425113537912geTGWKDD11702,CUSTOMER_ID=60,PLAYER_CONFIG_TYPE=4,PLATFORM_TVAPI=HAIXIN,IS_SUPPORT_YINHE_PINGBACK=false,IS_ENBALE_H265=false,IS_ENABLE_DOLBY=false,IS_ENBALE_4K=,IS_ENBALE_DOLBY_VISION=,IS_ENBALE_HDR10=,IS_USE_TMTS_LOCAL_SIGN=false,IS_GET_UUID_FROM_SERVER=true,CDN_DISPATCH_PARAM=,DOMAIN_NAME=ptqy.gitv.tv,NATIVE_PLAYER_BRAND=HiSense,LOGIN_TYPE=SUB_ACCOUNT,CUSTOMER_PACKAGE_NAME=com.hisense.hicloud.edca,IS_DEBUG_VERSION=false,NATIVE_PLAYER_CODECTYPE=,PLAYER_PLATFORM=P_Hisense,ENABLE_SET_BITSTREAM=true,DEFAULT_CFG_BITSTREAM=,
07-06 00:37:04.385 I/System.out( 5831): hook :UUID=20170425113537912geTGWKDD11702,CUSTOMER_ID=60,PLAYER_CONFIG_TYPE=4,PLATFORM_TVAPI=HAIXIN,IS_SUPPORT_YINHE_PINGBACK=false,IS_ENBALE_H265=false,IS_ENABLE_DOLBY=false,IS_ENBALE_4K=,IS_ENBALE_DOLBY_VISION=,IS_ENBALE_HDR10=,IS_USE_TMTS_LOCAL_SIGN=false,IS_GET_UUID_FROM_SERVER=true,CDN_DISPATCH_PARAM=,DOMAIN_NAME=ptqy.gitv.tv,NATIVE_PLAYER_BRAND=HiSense,LOGIN_TYPE=SUB_ACCOUNT,CUSTOMER_PACKAGE_NAME=com.hisense.hicloud.edca,IS_DEBUG_VERSION=false,NATIVE_PLAYER_CODECTYPE=,PLAYER_PLATFORM=P_Hisense,ENABLE_SET_BITSTREAM=true,DEFAULT_CFG_BITSTREAM=,
07-06 00:37:04.391 D/PlayerSdk/SdkConfig( 5831): [TID 5862] initialize({PLAYER_PLATFORM=P_Hisense, NATIVE_PLAYER_BRAND=HiSense, CUSTOMER_ID=60, ENABLE_SET_BITSTREAM=true, IS_ENBALE_H265=false, UUID=20170425113537912geTGWKDD11702, IS_GET_UUID_FROM_SERVER=true, IS_DEBUG_VERSION=false, IS_ENABLE_DOLBY=false, CUSTOMER_PACKAGE_NAME=com.hisense.hicloud.edca, IS_USE_TMTS_LOCAL_SIGN=false, PLATFORM_TVAPI=HAIXIN, DOMAIN_NAME=ptqy.gitv.tv, LOGIN_TYPE=SUB_ACCOUNT, IS_SUPPORT_YINHE_PINGBACK=false, PLAYER_CONFIG_TYPE=4})
07-06 00:37:04.399 D/PlayerSdk/SdkConfig( 5831): [TID 5862] initialize(), name=com.hisense.hicloud.edca
07-06 00:37:04.399 D/PlayerSdk/SdkConfig( 5831): [TID 5862] initialize(),mCustomerPackageNames=[com.hisense.hicloud.edca]
07-06 00:37:04.400 D/SdkConfigUtils( 5831): [TID 5862] parsePlatformType(HAIXIN)
07-06 00:37:04.402 D/SdkConfigUtils( 5831): [TID 5862] parseLoginType(SUB_ACCOUNT)
07-06 00:37:04.407 D/SdkConfigUtils( 5831): [TID 5862] parsePlayerPlatform(P_Hisense)
07-06 00:37:04.407 D/PlayerSdk/SdkConfigManager( 5831): [TID 5862] setupConfig: mCurrentConfig=SdkConfig@19bf9157{mCustomerCode=60, mPlayerConfigType=4, mPlatformType=HAIXIN, mLoginType=SUB_ACCOUNT, mIsEnableDolby=false, mIsEnableH265=false, mIsEnable4K=true, mIsSupportYinhePingback=false, mShouldDoPlayCheck=true, mshouldGetUuidFromServer=true, mPingbackS1=2, mPingbackS2=simple_sdk, mPingbackP2=3128, mDomainName=ptqy.gitv.tv, mIsDebugVersion=false, mIsDebugVersion=false, mCustomerPackageNames=[com.hisense.hicloud.edca], mEnableSetBitstream=true}
07-06 00:37:04.436 I/VideoCapabilities( 5831): Unsupported profile 4 for video/mp4v-es
07-06 00:37:04.437 I/VideoCapabilities( 5831): Unsupported profile 4 for video/mp4v-es
07-06 00:37:04.437 I/VideoCapabilities( 5831): Unsupported profile 4 for video/mp4v-es
07-06 00:37:04.437 I/VideoCapabilities( 5831): Unsupported profile 4 for video/mp4v-es
07-06 00:37:04.437 I/VideoCapabilities( 5831): Unsupported profile 4 for video/mp4v-es
07-06 00:37:04.437 I/VideoCapabilities( 5831): Unsupported profile 4 for video/mp4v-es
07-06 00:37:04.437 I/VideoCapabilities( 5831): Unsupported profile 4 for video/mp4v-es
07-06 00:37:04.437 I/VideoCapabilities( 5831): Unsupported profile 4 for video/mp4v-es
07-06 00:37:04.437 I/VideoCapabilities( 5831): Unsupported profile 8 for video/mp4v-es
07-06 00:37:04.437 I/VideoCapabilities( 5831): Unsupported profile 8 for video/mp4v-es
07-06 00:37:04.437 I/VideoCapabilities( 5831): Unsupported profile 8 for video/mp4v-es
07-06 00:37:04.437 I/VideoCapabilities( 5831): Unsupported profile 8 for video/mp4v-es
07-06 00:37:04.437 I/VideoCapabilities( 5831): Unsupported profile 8 for video/mp4v-es
07-06 00:37:04.437 I/VideoCapabilities( 5831): Unsupported profile 8 for video/mp4v-es
07-06 00:37:04.437 I/VideoCapabilities( 5831): Unsupported profile 8 for video/mp4v-es
07-06 00:37:04.437 I/VideoCapabilities( 5831): Unsupported profile 8 for video/mp4v-es
07-06 00:37:04.437 I/VideoCapabilities( 5831): Unsupported profile 1024 for video/mp4v-es
07-06 00:37:04.437 I/VideoCapabilities( 5831): Unsupported profile 1024 for video/mp4v-es
07-06 00:37:04.437 I/VideoCapabilities( 5831): Unsupported profile 1024 for video/mp4v-es
07-06 00:37:04.437 I/VideoCapabilities( 5831): Unsupported profile 1024 for video/mp4v-es
07-06 00:37:04.437 I/VideoCapabilities( 5831): Unsupported profile 1024 for video/mp4v-es
07-06 00:37:04.437 I/VideoCapabilities( 5831): Unsupported profile 1024 for video/mp4v-es
07-06 00:37:04.437 I/VideoCapabilities( 5831): Unsupported profile 1024 for video/mp4v-es
07-06 00:37:04.437 I/VideoCapabilities( 5831): Unsupported profile 1024 for video/mp4v-es
07-06 00:37:04.437 W/VideoCapabilities( 5831): Unrecognized profile/level 32768/2 for video/mp4v-es
07-06 00:37:04.469 I/MiSysSrv( 1214): [37m[INFO] Change to Voltage: 117 mv (0x32)[m
07-06 00:37:04.472 W/VideoCapabilities( 5831): Unsupported mime video/mvc
07-06 00:37:04.475 W/VideoCapabilities( 5831): Unsupported mime video/mpeg2
07-06 00:37:04.483 W/VideoCapabilities( 5831): Unsupported mime video/divx3
07-06 00:37:04.486 W/VideoCapabilities( 5831): Unsupported mime video/divx4
07-06 00:37:04.489 W/VideoCapabilities( 5831): Unsupported mime video/flv
07-06 00:37:04.492 W/VideoCapabilities( 5831): Unsupported mime video/VC1
07-06 00:37:04.494 W/VideoCapabilities( 5831): Unsupported mime video/wvc1
07-06 00:37:04.497 W/VideoCapabilities( 5831): Unsupported mime video/wmv3
07-06 00:37:04.501 W/VideoCapabilities( 5831): Unsupported mime video/mjpeg
07-06 00:37:04.508 W/VideoCapabilities( 5831): Unsupported mime video/avs
07-06 00:37:04.516 W/VideoCapabilities( 5831): Unsupported mime video/realvideo
07-06 00:37:04.525 D/Carousel-CarouselVideoViewImpl( 5831): msg start play.
07-06 00:37:04.525 D/Carousel-SimpleVideoView( 5831): setVideoPath path:http://jhxvideo-ws.video-tx.com/rendition/201705/205989353451683841/205989353451684353/bb/243216185158536196/243216215223308548/r243216215223308548-3200k-1920x1080.mp4
07-06 00:37:04.528 D/Carousel-UrlVideoView( 5831): openVideo
07-06 00:37:04.531 W/AudioCapabilities( 5831): Unsupported mime audio/mpeg-L1
07-06 00:37:04.532 W/AudioCapabilities( 5831): Unsupported mime audio/mpeg-L2
07-06 00:37:04.543 V/MediaPlayer-JNI( 5831): native_setup
07-06 00:37:04.546 W/AudioCapabilities( 5831): Unsupported mime audio/adpcm
07-06 00:37:04.547 V/AudioFlinger( 1206): registerClient() client 0xb89304f0, pid 5831
07-06 00:37:04.547 E/audio_hw_primary( 1206): out_get_latency ret 10ms
07-06 00:37:04.548 D/PowerManagerService( 1733): acquireWakeLockInternal: lock=483572717, flags=0x1, tag="AudioMix", ws=null, uid=1013, pid=0
07-06 00:37:04.548 E/audio_hw_primary( 1206): out_get_latency ret 10ms
07-06 00:37:04.548 D/PowerManagerNotifier( 1733): onWakeLockAcquired: flags=1, tag="AudioMix", packageName=media, ownerUid=1013, ownerPid=0, workSource=null
07-06 00:37:04.549 D/PowerManagerService( 1733): updateWakeLockWorkSourceInternal: lock=483572717 [AudioMix], ws=null
07-06 00:37:04.549 V/AudioFlinger( 1206): acquiring 874 from 5831, for -1
07-06 00:37:04.549 V/AudioFlinger( 1206):  added new entry for 874
07-06 00:37:04.549 D/PowerManagerService( 1733): acquireWakeLockInternal: lock=21654050, flags=0x1, tag="AudioMix", ws=null, uid=1013, pid=0
07-06 00:37:04.549 V/MediaPlayer-JNI( 5831): get_session_id()
07-06 00:37:04.549 D/PowerManagerNotifier( 1733): onWakeLockAcquired: flags=1, tag="AudioMix", packageName=media, ownerUid=1013, ownerPid=0, workSource=null
07-06 00:37:04.549 D/Carousel-Utils( 5831): origin url is : http://jhxvideo-ws.video-tx.com/rendition/201705/205989353451683841/205989353451684353/bb/243216185158536196/243216215223308548/r243216215223308548-3200k-1920x1080.mp4
07-06 00:37:04.549 D/Carousel-Utils( 5831): time=1499272622
07-06 00:37:04.549 D/PowerManagerService( 1733): updateWakeLockWorkSourceInternal: lock=21654050 [AudioMix], ws=null
07-06 00:37:04.549 D/Carousel-UrlVideoView( 5831): encryptUrlIfNecessary url=http://jhxvideo-ws.video-tx.com/rendition/201705/205989353451683841/205989353451684353/bb/243216185158536196/243216215223308548/r243216215223308548-3200k-1920x1080.mp4?wsSecret=a5079c9a09c5464aa2b3c68137bddf70&wsTime=595d15ae
07-06 00:37:04.550 D/MediaPlayer( 5831): Couldn't open file on client side, trying server side
07-06 00:37:04.550 V/MediaPlayer-JNI( 5831): setDataSource: path http://jhxvideo-ws.video-tx.com/rendition/201705/205989353451683841/205989353451684353/bb/243216185158536196/243216215223308548/r243216215223308548-3200k-1920x1080.mp4?wsSecret=a5079c9a09c5464aa2b3c68137bddf70&wsTime=595d15ae
07-06 00:37:04.552 W/AudioCapabilities( 5831): Unsupported mime audio/lpcm
07-06 00:37:04.552 V/NuPlayer( 1206): [NuPlayer-264]
07-06 00:37:04.552 I/NuPlayer( 1206): NuPlayerRMClientListener::NuPlayerRMClientListener
07-06 00:37:04.552 V/RMClient( 1206): #559:RMClient
07-06 00:37:04.553 V/NuPlayer( 1206): kWhatSetAudioSink
07-06 00:37:04.553 V/NuPlayer( 1206): kWhatSetDataSource
07-06 00:37:04.553 W/AudioCapabilities( 5831): Unsupported mime audio/cook
07-06 00:37:04.554 V/NuPlayer( 1206): kWhatSetVideoNativeWindow
07-06 00:37:04.554 W/ALooperRoster( 1206): failed to post message. Target handler 0 still registered, but object gone.
07-06 00:37:04.554 V/NuPlayer( 1206): performSetSurface
07-06 00:37:04.555 V/MediaPlayer-JNI( 5831): setAudioStreamType: 3
07-06 00:37:04.555 E/MediaPlayer-JNI( 5831): android_media_MediaPlayer_prepareAsync call getSubtitleSurface
07-06 00:37:04.555 E/MediaPlayer-JNI( 5831): android_media_MediaPlayer_prepareAsync call setSubtitleSurfaceTexture
07-06 00:37:04.555 E/        ( 5831): setSubtitleSurfaceTexture
07-06 00:37:04.555 D/Carousel-log_video-( 5831): onStartPlay!
07-06 00:37:04.556 D/Carousel-log_video-( 5831): ==Start play,isReplayState:false
07-06 00:37:04.556 D/Carousel-log_video-( 5831): =Stop play previous channel log.
07-06 00:37:04.556 D/Carousel-log_video-( 5831): submitPlayStopLog mLogPlayState:5
07-06 00:37:04.556 D/Carousel-log_video-( 5831): Invalid log info.
07-06 00:37:04.556 D/Carousel-log_video-( 5831): ==Start play log:start,other,duration:0
07-06 00:37:04.558 D/Carousel-log_( 5831): ===(Main-Video-278001)-{srccolumnid=3, eventType=278, srcgroupid=10001, appversionname=2.0.0.6, srctabid=0, license=hisense, eventcode=278001, deviceid=86100300900000500000060a4818fca8, mediaid=351, eventPos=001, sessionid=1242b4aa8aa34df7853b43997d0502c3, srcpackagename=com.hisense.hicloud.edca, subscriberid=13287129, playactionuuid=6d5705a4-2b21-4a35-b37c-a8d9b59d5a5b, version=2.1, devicemsg=LED50MU8600UC0000888, isall=0, customerid=7195320, srcrowid=0, srceventcode=280000}
07-06 00:37:04.558 D/MediaHTTPConnection( 5831): connect: uri=http://jhxvideo-ws.video-tx.com/rendition/201705/205989353451683841/205989353451684353/bb/243216185158536196/243216215223308548/r243216215223308548-3200k-1920x1080.mp4?wsSecret=a5079c9a09c5464aa2b3c68137bddf70&wsTime=595d15ae, headers=User-Agent: stagefright/1.2 (Linux;Android 5.1.1)
07-06 00:37:04.559 D/MediaHTTPConnection( 5831): seekTo 0
07-06 00:37:04.559 D/Carousel-CarouselVideoViewImpl( 5831): getPosition()=0
07-06 00:37:04.560 I/Carousel-UrlVideoView( 5831): onMeasure(MeasureSpec: EXACTLY 816, MeasureSpec: EXACTLY 460)
07-06 00:37:04.560 I/Carousel-UrlVideoView( 5831): onMeasure(MeasureSpec: EXACTLY 816, MeasureSpec: EXACTLY 460)
07-06 00:37:04.562 W/AudioCapabilities( 5831): Unsupported mime audio/x-ms-wma
07-06 00:37:04.567 W/AudioCapabilities( 5831): Unsupported mime audio/ac3
07-06 00:37:04.569 W/AudioCapabilities( 5831): Unsupported mime audio/ac3p
07-06 00:37:04.569 W/AudioCapabilities( 5831): Unsupported mime audio/eac3
07-06 00:37:04.570 D/MediaHTTPConnection( 5831): hitting http://jhxvideo-ws.video-tx.com/rendition/201705/205989353451683841/205989353451684353/bb/243216185158536196/243216215223308548/r243216215223308548-3200k-1920x1080.mp4?wsSecret=a5079c9a09c5464aa2b3c68137bddf70&wsTime=595d15ae
07-06 00:37:04.572 I/MiSysSrv( 1214): [37m[INFO] Change to Voltage: 117 mv (0x32)[m
07-06 00:37:04.575 D/Carousel-SimpleVideoView( 5831): speedKB=0
07-06 00:37:04.575 D/Carousel-SimpleVideoView( 5831): msg.arg1=0
07-06 00:37:04.581 W/AudioCapabilities( 5831): Unsupported mime audio/dts
07-06 00:37:04.582 W/AudioCapabilities( 5831): Unsupported mime audio/dts-hd
07-06 00:37:04.583 W/AudioCapabilities( 5831): Unsupported mime audio/dts-lbr
07-06 00:37:04.597 W/AudioCapabilities( 5831): Unsupported mime audio/dra
07-06 00:37:04.615 D/MediaHTTPConnection( 5831): [Connection@367505584] response.heeader.null = HTTP/1.1 206 Partial Content
07-06 00:37:04.615 D/MediaHTTPConnection( 5831): [Connection@367505584] response.heeader.Accept-Ranges = bytes
07-06 00:37:04.615 D/MediaHTTPConnection( 5831): [Connection@367505584] response.heeader.Age = 3326829
07-06 00:37:04.615 D/MediaHTTPConnection( 5831): [Connection@367505584] response.heeader.Cache-Control = max-age=5184000
07-06 00:37:04.615 D/MediaHTTPConnection( 5831): [Connection@367505584] response.heeader.Connection = keep-alive
07-06 00:37:04.615 D/MediaHTTPConnection( 5831): [Connection@367505584] response.heeader.Content-Length = 218840697
07-06 00:37:04.616 D/MediaHTTPConnection( 5831): [Connection@367505584] response.heeader.Content-MD5 = b0d2FgZ34VxS2J9TYuIjgA==
07-06 00:37:04.616 D/MediaHTTPConnection( 5831): [Connection@367505584] response.heeader.Content-Range = bytes 0-218840696/218840697
07-06 00:37:04.616 D/MediaHTTPConnection( 5831): [Connection@367505584] response.heeader.Content-Type = application/octet-stream
07-06 00:37:04.616 D/MediaHTTPConnection( 5831): [Connection@367505584] response.heeader.Date = Sun, 28 May 2017 04:29:55 GMT
07-06 00:37:04.616 D/MediaHTTPConnection( 5831): [Connection@367505584] response.heeader.ETag = "6F4776160677E15C52D89F5362E22380"
07-06 00:37:04.616 D/MediaHTTPConnection( 5831): [Connection@367505584] response.heeader.Last-Modified = Mon, 08 May 2017 17:24:17 GMT
07-06 00:37:04.616 D/MediaHTTPConnection( 5831): [Connection@367505584] response.heeader.Server = nginx/1.2.4
07-06 00:37:04.616 D/MediaHTTPConnection( 5831): [Connection@367505584] response.heeader.Via = 1.1 chshx150:7 (Cdn Cache Server V2.0)[95 200 2], 1.1 zhdxxz41:2 (Cdn Cache Server V2.0)[25 200 0], 1.1 daodianxinxiazai144:3 (Cdn Cache Server V2.0)[0 200 0]
07-06 00:37:04.616 D/MediaHTTPConnection( 5831): [Connection@367505584] response.heeader.X-Android-Received-Millis = 1499272624612
07-06 00:37:04.616 D/MediaHTTPConnection( 5831): [Connection@367505584] response.heeader.X-Android-Response-Source = NETWORK 206
07-06 00:37:04.616 D/MediaHTTPConnection( 5831): [Connection@367505584] response.heeader.X-Android-Sent-Millis = 1499272624597
07-06 00:37:04.616 D/MediaHTTPConnection( 5831): [Connection@367505584] response.heeader.x-oss-hash-crc64ecma = 10858506031335928878
07-06 00:37:04.616 D/MediaHTTPConnection( 5831): [Connection@367505584] response.heeader.x-oss-object-type = Normal
07-06 00:37:04.616 D/MediaHTTPConnection( 5831): [Connection@367505584] response.heeader.x-oss-request-id = 591D64783FEA2FF75DF4AA6E
07-06 00:37:04.616 D/MediaHTTPConnection( 5831): [Connection@367505584] response.heeader.x-oss-server-time = 46
07-06 00:37:04.616 D/MediaHTTPConnection( 5831): [Connection@367505584] response.heeader.x-oss-storage-class = Standard
07-06 00:37:04.616 W/AudioCapabilities( 5831): Unsupported mime audio/x-ape
07-06 00:37:04.626 W/AudioCapabilities( 5831): Unsupported mime audio/ffmpeg
07-06 00:37:04.627 W/AudioCapabilities( 5831): Unsupported mime audio/ac3
07-06 00:37:04.636 W/AudioCapabilities( 5831): Unsupported mime audio/mpeg-L2
07-06 00:37:04.659 W/System.err( 5831): java.net.ConnectException: failed to connect to /10.18.210.112 (port 8900) after 6000ms: isConnected failed: ECONNREFUSED (Connection refused)
07-06 00:37:04.659 W/System.err( 5831): 	at libcore.io.IoBridge.isConnected(IoBridge.java:238)
07-06 00:37:04.659 W/System.err( 5831): 	at libcore.io.IoBridge.connectErrno(IoBridge.java:171)
07-06 00:37:04.659 W/System.err( 5831): 	at libcore.io.IoBridge.connect(IoBridge.java:122)
07-06 00:37:04.659 W/System.err( 5831): 	at java.net.PlainSocketImpl.connect(PlainSocketImpl.java:183)
07-06 00:37:04.659 W/System.err( 5831): 	at java.net.PlainSocketImpl.connect(PlainSocketImpl.java:456)
07-06 00:37:04.659 W/System.err( 5831): 	at java.net.Socket.connect(Socket.java:882)
07-06 00:37:04.659 W/System.err( 5831): 	at com.android.okhttp.internal.Platform.connectSocket(Platform.java:174)
07-06 00:37:04.659 W/System.err( 5831): 	at com.android.okhttp.Connection.connect(Connection.java:152)
07-06 00:37:04.659 W/System.err( 5831): 	at com.android.okhttp.internal.http.HttpEngine.connect(HttpEngine.java:276)
07-06 00:37:04.659 W/System.err( 5831): 	at com.android.okhttp.internal.http.HttpEngine.sendRequest(HttpEngine.java:211)
07-06 00:37:04.659 W/System.err( 5831): 	at com.android.okhttp.internal.http.HttpURLConnectionImpl.execute(HttpURLConnectionImpl.java:382)
07-06 00:37:04.659 W/System.err( 5831): 	at com.android.okhttp.internal.http.HttpURLConnectionImpl.connect(HttpURLConnectionImpl.java:106)
07-06 00:37:04.659 W/System.err( 5831): 	at com.hisense.hitv.hicloud.util.ExceptionReport.a(ExceptionReport.java:337)
07-06 00:37:04.659 W/System.err( 5831): 	at com.hisense.hitv.hicloud.util.ExceptionReport.a(ExceptionReport.java:39)
07-06 00:37:04.660 W/System.err( 5831): 	at com.hisense.hitv.hicloud.util.ExceptionReport$1.run(ExceptionReport.java:83)
07-06 00:37:04.660 W/System.err( 5831): 	at java.lang.Thread.run(Thread.java:818)
07-06 00:37:04.660 W/System.err( 5831): Caused by: android.system.ErrnoException: isConnected failed: ECONNREFUSED (Connection refused)
07-06 00:37:04.660 W/System.err( 5831): 	at libcore.io.IoBridge.isConnected(IoBridge.java:223)
07-06 00:37:04.660 W/System.err( 5831): 	... 15 more
07-06 00:37:04.699 D/Carousel-SimpleVideoView( 5831): speedKB=6112
07-06 00:37:04.699 D/Carousel-SimpleVideoView( 5831): msg.arg1=1
07-06 00:37:04.733 I/VideoCapabilities( 5831): Unsupported profile 4 for video/mp4v-es
07-06 00:37:04.741 I/RoleContentFragment( 5831): onResourceReadycom.bumptech.glide.load.resource.bitmap.GlideBitmapDrawable@1f8d6eae
07-06 00:37:04.745 D/Player/Lib/Utils/SysUtils( 5831): [TID 5862] [Check dolby]  Codec name=OMX.MS.M4V.Decoder
07-06 00:37:04.746 D/Player/Lib/Utils/SysUtils( 5831): [TID 5862] [Check dolby]  Supported type=video/mp4v-es
07-06 00:37:04.746 D/Player/Lib/Utils/SysUtils( 5831): [TID 5862] [Check dolby]  Codec name=OMX.MS.H263.Decoder
07-06 00:37:04.746 D/Player/Lib/Utils/SysUtils( 5831): [TID 5862] [Check dolby]  Supported type=video/3gpp
07-06 00:37:04.746 D/Player/Lib/Utils/SysUtils( 5831): [TID 5862] [Check dolby]  Codec name=OMX.MS.AVC.Decoder
07-06 00:37:04.746 D/Player/Lib/Utils/SysUtils( 5831): [TID 5862] [Check dolby]  Supported type=video/avc
07-06 00:37:04.746 D/Player/Lib/Utils/SysUtils( 5831): [TID 5862] [Check dolby]  Codec name=OMX.MS.HEVC.Decoder
07-06 00:37:04.746 D/Player/Lib/Utils/SysUtils( 5831): [TID 5862] [Check dolby]  Supported type=video/hevc
07-06 00:37:04.746 D/Player/Lib/Utils/SysUtils( 5831): [TID 5862] [Check H265] FOUND, current type = video/hevc
07-06 00:37:04.746 D/Player/Lib/Utils/SysUtils( 5831): [TID 5862] [Check dolby]  Codec name=OMX.MS.MVC.Decoder
07-06 00:37:04.746 D/Player/Lib/Utils/SysUtils( 5831): [TID 5862] [Check dolby]  Supported type=video/mvc
07-06 00:37:04.746 D/Player/Lib/Utils/SysUtils( 5831): [TID 5862] [Check dolby]  Codec name=OMX.MS.MPEG2.Decoder
