07-05 21:13:39.792 D/Carousel-CarouselChannelItemView(22413): Listitem imageUrl:http://picture.edu.hismarttv.com/images/20170628103002814396.jpg
07-05 21:13:39.793 D/Carousel-CarouselChannelItemView(22413): Listitem imageUrl:http://picture.edu.hismarttv.com/images/20170628103009181182.jpg
07-05 21:13:39.794 D/Carousel-Utils(22413): onResourceReady.
07-05 21:13:39.795 I/FirstLineAdapter(22413): canShowTrailer,isOffline=false
07-05 21:13:39.795 I/FirstLineAdapter(22413): canShowTrailer,isOffline=false
07-05 21:13:39.795 W/System.err(22413): java.net.ConnectException: failed to connect to /10.18.210.112 (port 8900) after 6000ms: isConnected failed: ECONNREFUSED (Connection refused)
07-05 21:13:39.795 W/System.err(22413): 	at libcore.io.IoBridge.isConnected(IoBridge.java:238)
07-05 21:13:39.795 W/System.err(22413): 	at libcore.io.IoBridge.connectErrno(IoBridge.java:171)
07-05 21:13:39.795 W/System.err(22413): 	at libcore.io.IoBridge.connect(IoBridge.java:122)
07-05 21:13:39.795 W/System.err(22413): 	at java.net.PlainSocketImpl.connect(PlainSocketImpl.java:183)
07-05 21:13:39.795 W/System.err(22413): 	at java.net.PlainSocketImpl.connect(PlainSocketImpl.java:456)
07-05 21:13:39.795 D/Carousel-CarouselView(22413): ============>onScrollChanged hashCode:558015189
07-05 21:13:39.795 W/System.err(22413): 	at java.net.Socket.connect(Socket.java:882)
07-05 21:13:39.795 W/System.err(22413): 	at com.android.okhttp.internal.Platform.connectSocket(Platform.java:174)
07-05 21:13:39.795 W/System.err(22413): 	at com.android.okhttp.Connection.connect(Connection.java:152)
07-05 21:13:39.795 W/System.err(22413): 	at com.android.okhttp.internal.http.HttpEngine.connect(HttpEngine.java:276)
07-05 21:13:39.795 W/System.err(22413): 	at com.android.okhttp.internal.http.HttpEngine.sendRequest(HttpEngine.java:211)
07-05 21:13:39.795 W/System.err(22413): 	at com.android.okhttp.internal.http.HttpURLConnectionImpl.execute(HttpURLConnectionImpl.java:382)
07-05 21:13:39.795 W/System.err(22413): 	at com.android.okhttp.internal.http.HttpURLConnectionImpl.connect(HttpURLConnectionImpl.java:106)
07-05 21:13:39.795 W/System.err(22413): 	at com.hisense.hitv.hicloud.util.ExceptionReport.a(ExceptionReport.java:337)
07-05 21:13:39.795 W/System.err(22413): 	at com.hisense.hitv.hicloud.util.ExceptionReport.a(ExceptionReport.java:39)
07-05 21:13:39.795 W/System.err(22413): 	at com.hisense.hitv.hicloud.util.ExceptionReport$1.run(ExceptionReport.java:83)
07-05 21:13:39.795 W/System.err(22413): 	at java.lang.Thread.run(Thread.java:818)
07-05 21:13:39.795 W/System.err(22413): Caused by: android.system.ErrnoException: isConnected failed: ECONNREFUSED (Connection refused)
07-05 21:13:39.796 W/System.err(22413): 	at libcore.io.IoBridge.isConnected(IoBridge.java:223)
07-05 21:13:39.796 W/System.err(22413): 	... 15 more
07-05 21:13:39.800 I/MyFragmentStateAdapter(22413): getCount
07-05 21:13:39.827 I/HLSP2P  (16224): ## 2017-07-05 21:13:39.796 [16224,16378,:0] INFO ## [HLSP2P][TaskManager.cpp:838][INFO][UpdateGlobalInfo]totalDataSize: 0, totalMemorySize: 0, totalCacheSize: 0, PlayTaskAllFinish: 0
07-05 21:13:39.827 I/HLSP2P  (16224): ## 2017-07-05 21:13:39.798 [16224,16378,:0] INFO ## [HLSP2P][TaskManager.cpp:1348][INFO][TryAdjustMemorySize]system memory total size: 1912M, free size: 572MB, cache add to 100MB, AppState: 14, IsLowMemory: 0
07-05 21:13:39.839 E/btif_config( 2964): [btif_config_get] node is TRUE!
07-05 21:13:39.839 E/btif_config( 2964): [btif_config_get] ret is TRUE!
07-05 21:13:39.868 D/HttpHandler(22413): VerifySignInterCeptor-->request.url()=http://picture.edu.hismarttv.com/images/20170628104504467308.jpg
07-05 21:13:39.868 D/HttpHandler(22413): VerifySignInterCeptor-->hostname=picture.edu.hismarttv.com
07-05 21:13:39.869 D/OkHttp  (22413): --> GET http://picture.edu.hismarttv.com/images/20170628104504467308.jpg http/1.1
07-05 21:13:39.870 D/OkHttp  (22413): Host: picture.edu.hismarttv.com
07-05 21:13:39.870 D/OkHttp  (22413): Connection: Keep-Alive
07-05 21:13:39.870 D/OkHttp  (22413): Accept-Encoding: gzip
07-05 21:13:39.870 D/OkHttp  (22413): User-Agent: okhttp/3.6.0
07-05 21:13:39.870 D/OkHttp  (22413): --> END GET
07-05 21:13:39.892 I/MyFragmentStateAdapter(22413): getCount
07-05 21:13:39.892 I/MyFragmentStateAdapter(22413): getCount
07-05 21:13:39.893 I/MyFragmentStateAdapter(22413): getCount
07-05 21:13:39.893 I/MyFragmentStateAdapter(22413): getCount
07-05 21:13:39.894 I/FirstLineAdapter(22413): canShowTrailer,isOffline=false
07-05 21:13:39.894 I/FirstLineAdapter(22413): canShowTrailer,isOffline=false
07-05 21:13:39.894 I/FirstLineAdapter(22413): canShowTrailer,isOffline=false
07-05 21:13:39.894 I/FirstLineAdapter(22413): canShowTrailer,isOffline=false
07-05 21:13:39.894 I/FirstLineAdapter(22413): canShowTrailer,isOffline=false
07-05 21:13:39.895 I/FirstLineAdapter(22413): canShowTrailer,isOffline=false
07-05 21:13:39.895 I/FirstLineAdapter(22413): canShowTrailer,isOffline=false
07-05 21:13:39.895 I/FirstLineAdapter(22413): canShowTrailer,isOffline=false
07-05 21:13:39.895 I/FirstLineAdapter(22413): canShowTrailer,isOffline=false
07-05 21:13:39.907 I/MyFragmentStateAdapter(22413): getCount
07-05 21:13:39.925 I/art     (22413): Background partial concurrent mark sweep GC freed 14571(1072KB) AllocSpace objects, 1(1502KB) LOS objects, 13% free, 26MB/30MB, paused 10.120ms total 155.944ms
07-05 21:13:39.943 D/OkHttp  (22413): <-- 200 OK http://picture.edu.hismarttv.com/images/20170628104504467308.jpg (73ms)
07-05 21:13:39.943 D/OkHttp  (22413): Date: Fri, 30 Jun 2017 10:32:46 GMT
07-05 21:13:39.943 D/OkHttp  (22413): Server: nginx
07-05 21:13:39.943 D/OkHttp  (22413): Content-Type: image/jpeg
07-05 21:13:39.943 D/OkHttp  (22413): Content-Length: 376321
07-05 21:13:39.943 D/OkHttp  (22413): Last-Modified: Wed, 28 Jun 2017 10:45:04 GMT
07-05 21:13:39.943 D/OkHttp  (22413): ETag: "595388b0-5be01"
07-05 21:13:39.943 D/OkHttp  (22413): Accept-Ranges: bytes
07-05 21:13:39.943 D/OkHttp  (22413): Age: 441653
07-05 21:13:39.943 D/OkHttp  (22413): Via: 1.1 hewangtong174:5 (Cdn Cache Server V2.0)[9 200 0], 1.1 chwt83:2 (Cdn Cache Server V2.0)[16 200 0]
07-05 21:13:39.943 D/OkHttp  (22413): Connection: keep-alive
07-05 21:13:39.943 D/OkHttp  (22413): <-- END HTTP
07-05 21:13:39.967 D/HttpHandler(22413): RetryIntercepter-->retryNum=0
07-05 21:13:39.967 D/HttpHandler(22413): RetryIntercepter-->backoffmutiplier=0
07-05 21:13:40.019 E/btif_config( 2964): [btif_config_get] node is TRUE!
07-05 21:13:40.019 E/btif_config( 2964): [btif_config_get] ret is TRUE!
07-05 21:13:40.032 I/MyFragmentStateAdapter(22413): getCount
07-05 21:13:40.081 I/MyFragmentStateAdapter(22413): getCount
07-05 21:13:40.084 I/TVMW@devctrl( 1234): wdt
07-05 21:13:40.148 I/TVMW@HsTvSetting( 1234): Trace cmd, data = 0x1058
07-05 21:13:40.149 D/til@system( 2026): til_get_system_param option:100002F int:0, bool:0, ret:0
07-05 21:13:40.150 I/TVMW@HsTvSetting( 1234): Trace cmd, data = 0x101f
07-05 21:13:40.150 D/til@system( 2026): til_get_system_param option:100001D int:3, bool:3, ret:0
07-05 21:13:40.150 E/til     ( 2026): [til_get_current_input_source, 101] 
07-05 21:13:40.150 I/TVMW@HsTvSetting( 1234): Trace cmd, data = 0x7007
07-05 21:13:40.150 I/tilwrapper@sm( 2026): HS2TIL_SourceType *hs=0xd, *til=0x900
07-05 21:13:40.150 D/til     ( 2026): get current source 2304
07-05 21:13:40.150 D/SourceRemoteServiceHandler( 2026): getCurrentInputSource.from.til.result is 0, value is 2304
07-05 21:13:40.150 D/SourceRemoteServiceHandler( 2026): getInputSourceType source: 0x900, type=2304
07-05 21:13:40.150 D/til     ( 2026): ###### func:til_get_picture_param option:0x3000006 ######  
07-05 21:13:40.151 I/TVMW@HsTvSetting( 1234): Trace cmd, data = 0x1003
07-05 21:13:40.151 I/TVMW@HsTvSetting( 1234): Trace cmd, data = 0x8032
07-05 21:13:40.151 I/hstvos  ( 1216): [0m[1;33m[HSHAL][HS_VIDEO][HS_HAL_Video_SetOsdDetect_v2][2389]u16Threshold = 20
07-05 21:13:40.151 I/MiSysSrv( 1214): Not support now! 42, change to mm_video!!!
07-05 21:13:40.152 E/TVMW@videoctrl( 1234):  getOsd is 1
07-05 21:13:40.152 D/til@system( 2026): til_get_system_param option:1000027 int:1, bool:1, ret:0
07-05 21:13:40.152 D/til     ( 2026): ###### func:til_get_picture_param option:0x3000045 ######  
07-05 21:13:40.152 I/TVMW@HsTvSetting( 1234): Trace cmd, data = 0x300c
07-05 21:13:40.152 I/TVMW@HsTvSetting( 1234): Trace 3d, data = 0x300c
07-05 21:13:40.152 I/TVMW@3d ( 1234): Hs_debug3d_trace: func:get3dStatus, line:109
07-05 21:13:40.160 I/MyFragmentStateAdapter(22413): getCount
07-05 21:13:40.191 D/HDMI    ( 1733): [P]:AllocatedAddress=[]
07-05 21:13:40.202 E/btif_config( 2964): [btif_config_get] node is TRUE!
07-05 21:13:40.202 E/btif_config( 2964): [btif_config_get] ret is TRUE!
07-05 21:13:40.220 I/MyFragmentStateAdapter(22413): getCount
07-05 21:13:40.241 I/HLSP2P  (16183): ## 2017-07-05 21:13:40.234 [16183,16481,:0] INFO ## [HLSP2P][DownloadManager.cpp:35][INFO][TryExtendCacheSize]system memory total size : 1912M, free size : 566M, cache add to 30MB
07-05 21:13:40.256 D/PowerManagerService( 1733): releaseWakeLockInternal: lock=681732318 [ActivityManager-Launch], flags=0x0
07-05 21:13:40.257 D/PowerManagerNotifier( 1733): onWakeLockReleased: flags=1, tag="ActivityManager-Launch", packageName=android, ownerUid=1000, ownerPid=1733, workSource=null
07-05 21:13:40.261 E/HttpDnsUtils(22413): http callCancel(): mViewTag = EntryActivity
07-05 21:13:40.273 D/PowerManagerService( 1733): setScreenBrightnessOverrideFromWindowManagerInternal done
07-05 21:13:40.275 D/OsdMonitorService( 1733): mCurrentWindow = com.hisense.hicloud.edca/com.hisense.tvui.newhome.HomeMainActivity; newWindow = com.hisense.hicloud.edca/com.hisense.tvui.newhome.HomeMainActivity; isSubWindow = false; isInWinList = false; isExitNow = false
07-05 21:13:40.275 D/OsdMonitorService( 1733): windowNotOsd() : name = com.hisense.hicloud.edca/com.hisense.tvui.newhome.HomeMainActivity
07-05 21:13:40.275 I/OsdMonitorService( 1733): setOsdStatus() : status will change from true to true
07-05 21:13:40.278 I/MyFragmentStateAdapter(22413): getCount
07-05 21:13:40.287 D/HttpHandler(22413): VerifySignInterCeptor-->request.url()=http://picture.edu.hismarttv.com/images/20170629/%E5%BF%83%E7%AE%97%E5%8F%A3%E8%AF%80%E5%A4%A9%E5%A4%A9%E7%BB%83.jpg
07-05 21:13:40.287 D/HttpHandler(22413): VerifySignInterCeptor-->hostname=picture.edu.hismarttv.com
07-05 21:13:40.288 D/OkHttp  (22413): --> GET http://picture.edu.hismarttv.com/images/20170629/%E5%BF%83%E7%AE%97%E5%8F%A3%E8%AF%80%E5%A4%A9%E5%A4%A9%E7%BB%83.jpg http/1.1
07-05 21:13:40.288 D/OkHttp  (22413): Host: picture.edu.hismarttv.com
07-05 21:13:40.288 D/OkHttp  (22413): Connection: Keep-Alive
07-05 21:13:40.288 D/OkHttp  (22413): Accept-Encoding: gzip
07-05 21:13:40.288 D/OkHttp  (22413): User-Agent: okhttp/3.6.0
07-05 21:13:40.288 D/OkHttp  (22413): --> END GET
07-05 21:13:40.295 D/NativeDecimalFormat( 2411): NativeDecimalFormat_close print addr=547820638976
07-05 21:13:40.295 D/NativeDecimalFormat( 2411): NativeDecimalFormat_close print g_addr=547820641280
07-05 21:13:40.295 D/NativeDecimalFormat( 2411): NativeDecimalFormat_close print addr=547820641280
07-05 21:13:40.295 D/NativeDecimalFormat( 2411): NativeDecimalFormat_close print g_addr=547820641280
07-05 21:13:40.308 I/MyFragmentStateAdapter(22413): getCount
07-05 21:13:40.308 I/MyFragmentStateAdapter(22413): getCount
07-05 21:13:40.308 I/MyFragmentStateAdapter(22413): getCount
07-05 21:13:40.308 I/MyFragmentStateAdapter(22413): getCount
07-05 21:13:40.309 I/FirstLineAdapter(22413): canShowTrailer,isOffline=false
07-05 21:13:40.309 I/FirstLineAdapter(22413): canShowTrailer,isOffline=false
07-05 21:13:40.309 I/FirstLineAdapter(22413): canShowTrailer,isOffline=false
07-05 21:13:40.309 I/FirstLineAdapter(22413): canShowTrailer,isOffline=false
07-05 21:13:40.309 I/FirstLineAdapter(22413): canShowTrailer,isOffline=false
07-05 21:13:40.309 I/FirstLineAdapter(22413): canShowTrailer,isOffline=false
07-05 21:13:40.309 I/FirstLineAdapter(22413): canShowTrailer,isOffline=false
07-05 21:13:40.309 I/FirstLineAdapter(22413): canShowTrailer,isOffline=false
07-05 21:13:40.309 I/FirstLineAdapter(22413): canShowTrailer,isOffline=false
07-05 21:13:40.314 I/MyFragmentStateAdapter(22413): getCount
07-05 21:13:40.328 I/MyFragmentStateAdapter(22413): getCount
07-05 21:13:40.341 D/WebcastSDK-HiCloudSourcePlugin(22413): getContext(): com.hisense.hicloud.edca.BaseApplication@2adbac5c mWebcastManager: com.hisense.webcastSDK.WebcastManager@256b6780
07-05 21:13:40.355 D/WebcastSDK-(22413): activity == null.
07-05 21:13:40.366 I/CurrentCarouselView(22413): real play
07-05 21:13:40.370 I/MyFragmentStateAdapter(22413): getCount
07-05 21:13:40.382 V/PackageManager( 1733): getPackageInfo com.hisense.hicloud.edca: Package{3fb3f3a1 com.hisense.hicloud.edca}
07-05 21:13:40.383 I/WebcastSDK-(22413): getAppVersionName(), versionName = 3.0.0.9.00
07-05 21:13:40.386 E/btif_config( 2964): [btif_config_get] node is TRUE!
07-05 21:13:40.386 E/btif_config( 2964): [btif_config_get] ret is TRUE!
07-05 21:13:40.401 D/OkHttp  (22413): <-- 200 OK http://picture.edu.hismarttv.com/images/20170629/%E5%BF%83%E7%AE%97%E5%8F%A3%E8%AF%80%E5%A4%A9%E5%A4%A9%E7%BB%83.jpg (113ms)
07-05 21:13:40.402 D/OkHttp  (22413): Date: Tue, 04 Jul 2017 01:16:46 GMT
07-05 21:13:40.402 D/OkHttp  (22413): Server: nginx
07-05 21:13:40.402 D/OkHttp  (22413): Content-Type: image/jpeg
07-05 21:13:40.402 D/OkHttp  (22413): Content-Length: 204643
07-05 21:13:40.402 D/OkHttp  (22413): Last-Modified: Fri, 09 Jun 2017 14:51:40 GMT
07-05 21:13:40.402 D/OkHttp  (22413): ETag: "593ab5fc-31f63"
07-05 21:13:40.402 D/OkHttp  (22413): Accept-Ranges: bytes
07-05 21:13:40.402 D/OkHttp  (22413): Age: 129414
07-05 21:13:40.402 D/OkHttp  (22413): Via: 1.1 shuozhou56:1 (Cdn Cache Server V2.0)[30 200 0], 1.1 changwtong52:1 (Cdn Cache Server V2.0)[84 200 0]
07-05 21:13:40.402 D/OkHttp  (22413): Connection: keep-alive
07-05 21:13:40.402 D/OkHttp  (22413): <-- END HTTP
07-05 21:13:40.415 D/Carousel-CarouselView(22413): clearPosterAndPlay! hashCode=558015189, sWorkingHashCode=0
07-05 21:13:40.416 D/Carousel-CarouselView(22413): mListView.getAdapter()=com.hisense.hitv.carouselwidgit.view.adapter.CarouselInfoListAdapter@576555f
07-05 21:13:40.416 D/Carousel-CarouselView(22413): Last playing position:-1
07-05 21:13:40.416 D/Carousel-CarouselView(22413): position=1
07-05 21:13:40.416 D/Carousel-CarouselView(22413): Last play position:1,size:3
07-05 21:13:40.417 D/AudioSystem(22413): Setting global gAudioPortCallback On refCnt: 1
07-05 21:13:40.419 D/Carousel-CarouselListView(22413): onItemClick position:1,view:null
07-05 21:13:40.419 D/Carousel-CarouselListView(22413): last play position:1,cur:1
07-05 21:13:40.419 D/Carousel-CarouselView(22413): onListItemClick view=null,position=1
07-05 21:13:40.420 D/TabView (22413): SLOVEN mIsTabScrollingisAnimating===>:falsefalse
07-05 21:13:40.420 I/MainHomeView(22413): OnTabSelected() tabPosition = 2,lastpos=-1, subPosition = 0
07-05 21:13:40.420 I/SoftFragmentList(22413): fetchCacheFragment  enter ---- index = 2
07-05 21:13:40.420 D/SoftFragmentList(22413): fetchCacheFragment  mFragmentCache.size() = 3
07-05 21:13:40.420 D/SoftFragmentList(22413): fetchCacheFragment mLastIndex = 2, view = 
07-05 21:13:40.420 D/MainHomeView(22413): onTabSelected ===>:Current channelId0
07-05 21:13:40.424 I/MyFragmentStateAdapter(22413): getCount
07-05 21:13:40.486 I/NetflixMonitorService( 1733): current fgapk : com.hisense.hicloud.edca
07-05 21:13:40.486 I/NetflixMonitorService( 1733): Netflix status unchanged
07-05 21:13:40.519 I/MyFragmentStateAdapter(22413): getCount
07-05 21:13:40.543 D/HttpHandler(22413): RetryIntercepter-->retryNum=0
07-05 21:13:40.543 D/HttpHandler(22413): RetryIntercepter-->backoffmutiplier=0
07-05 21:13:40.587 I/HLSP2P  (16183): ## 2017-07-05 21:13:40.587 [16183,16483,:0] INFO ## [HLSP2P][DownloadManager.cpp:35][INFO][OnHeartbeatRsp]punch heartbeat rsp ok
07-05 21:13:40.603 D/Carousel-CarouselView(22413): start to play! hashCode=558015189
07-05 21:13:40.603 D/Carousel-Utils(22413): x=511,y=167, width=892,height=536
07-05 21:13:40.604 D/Carousel-CarouselView(22413): type=1
07-05 21:13:40.604 D/Carousel-CarouselDisplayPlayerLayout(22413): isFullScreen:false
07-05 21:13:40.604 D/Carousel-Utils(22413): displayImage view=android.widget.ImageView{7df7bac V.ED.... ......I. 0,0-0,0 #7f0d0029 app:id/imageView1}
07-05 21:13:40.605 D/Carousel-Utils(22413): displayImage url=http://picture.edu.hismarttv.com/images/20170629010146422927.jpg
07-05 21:13:40.605 D/Carousel-Utils(22413): onResourceReady.
07-05 21:13:40.606 D/Carousel-CarouselDisplayPlayerLayout(22413): isFullScreen:false
07-05 21:13:40.606 D/Carousel-log_(22413): isFullScreen:false
07-05 21:13:40.606 D/Carousel-CarouselDisplayPlayerLayout(22413): replacePlayer carouselType:3
07-05 21:13:40.606 D/Carousel-CarouselDisplayPlayerLayout(22413): x=511, y=167,w=892,h=536, hashCode=970254459
07-05 21:13:40.606 D/Carousel-CarouselDisplayPlayerLayout(22413): mX=0, mY=0,mWitdh=0,mHeight=0, hashCode=970254459
07-05 21:13:40.606 D/Carousel-CarouselDisplayPlayerLayout(22413): changed=true, hashCode=970254459
07-05 21:13:40.618 I/HLSP2P  (16183): ## 2017-07-05 21:13:40.614 [16183,16481,:0] INFO ## [HLSP2P][DownloadManager.cpp:35][INFO][SendHeartBeatMsg]send heartbeat to punch server ok
07-05 21:13:40.622 W/ActivityManager( 1733): Activity destroy timeout for ActivityRecord{79c6705 u0 com.jamdeo.launcher/.app.BaseTileActivity t5115 f}
07-05 21:13:40.650 D/Carousel-CarouselVideoViewImpl(22413): onAttachedToWindow.
07-05 21:13:40.652 D/Carousel-CarouselVideoViewImpl(22413): startPlay!
07-05 21:13:40.652 D/Carousel-CarouselDisplayPlayerLayout(22413): isFullScreen:false
07-05 21:13:40.653 I/Carousel-UrlVideoView(22413): onMeasure(MeasureSpec: EXACTLY 816, MeasureSpec: EXACTLY 460)
07-05 21:13:40.653 I/Carousel-UrlVideoView(22413): onMeasure(MeasureSpec: EXACTLY 816, MeasureSpec: EXACTLY 460)
07-05 21:13:40.654 I/TVMW@HsTvSetting( 1234): Trace cmd, data = 0x1058
07-05 21:13:40.654 D/til@system( 2026): til_get_system_param option:100002F int:0, bool:0, ret:0
07-05 21:13:40.655 I/TVMW@HsTvSetting( 1234): Trace cmd, data = 0x101f
07-05 21:13:40.655 D/til@system( 2026): til_get_system_param option:100001D int:3, bool:3, ret:0
07-05 21:13:40.655 E/til     ( 2026): [til_get_current_input_source, 101] 
07-05 21:13:40.655 I/TVMW@HsTvSetting( 1234): Trace cmd, data = 0x7007
07-05 21:13:40.655 I/tilwrapper@sm( 2026): HS2TIL_SourceType *hs=0xd, *til=0x900
07-05 21:13:40.655 D/til     ( 2026): get current source 2304
07-05 21:13:40.656 D/SourceRemoteServiceHandler( 2026): getCurrentInputSource.from.til.result is 0, value is 2304
07-05 21:13:40.656 D/SourceRemoteServiceHandler( 2026): getInputSourceType source: 0x900, type=2304
07-05 21:13:40.656 D/til     ( 2026): ###### func:til_get_picture_param option:0x3000006 ######  
07-05 21:13:40.656 I/TVMW@HsTvSetting( 1234): Trace cmd, data = 0x1003
07-05 21:13:40.656 D/Surface ( 1733): onStatusChange() : mNativeObject = 547942774784 mUseImageHwRender = false
07-05 21:13:40.656 V/Surface ( 1733): nativeSetHardwareRender() : status = 0
07-05 21:13:40.656 V/Surface ( 1733): nativeSetHardwareRender() : end
07-05 21:13:40.657 I/TVMW@HsTvSetting( 1234): Trace cmd, data = 0x8032
07-05 21:13:40.657 I/hstvos  ( 1216): [0m[1;33m[HSHAL][HS_VIDEO][HS_HAL_Video_SetOsdDetect_v2][2389]u16Threshold = 20
07-05 21:13:40.657 I/MiSysSrv( 1214): Not support now! 42, change to mm_video!!!
07-05 21:13:40.658 D/PowerManagerService( 1733): setScreenBrightnessOverrideFromWindowManagerInternal done
07-05 21:13:40.659 E/TVMW@videoctrl( 1234):  getOsd is 1
07-05 21:13:40.660 D/Surface ( 1733): onStatusChange() : mNativeObject = 0 mUseImageHwRender = false
07-05 21:13:40.661 D/til@system( 2026): til_get_system_param option:1000027 int:1, bool:1, ret:0
07-05 21:13:40.661 D/til     ( 2026): ###### func:til_get_picture_param option:0x3000045 ######  
07-05 21:13:40.661 I/TVMW@HsTvSetting( 1234): Trace cmd, data = 0x300c
07-05 21:13:40.661 I/TVMW@HsTvSetting( 1234): Trace 3d, data = 0x300c
07-05 21:13:40.661 I/TVMW@3d ( 1234): Hs_debug3d_trace: func:get3dStatus, line:109
07-05 21:13:40.664 I/SurfaceView(22413): Changes: creating=true format=true size=true visible=true left=true top=true
07-05 21:13:40.666 V/WindowManager( 1733): Adding window Window{25ad06aa u0 SurfaceView} at 10 of 19 (before Window{60d925 u0 com.hisense.hicloud.edca/com.hisense.tvui.newhome.HomeMainActivity})
07-05 21:13:40.668 I/SurfaceView(22413): Cur surface: Surface(name=null)/@0xff8a586
07-05 21:13:40.671 D/Surface ( 1733): onStatusChange() : mNativeObject = 547942789120 mUseImageHwRender = false
07-05 21:13:40.671 V/Surface ( 1733): nativeSetHardwareRender() : status = 0
07-05 21:13:40.671 V/Surface ( 1733): nativeSetHardwareRender() : end
07-05 21:13:40.671 D/OsdMonitorService( 1733): mCurrentWindow = com.hisense.hicloud.edca/com.hisense.tvui.newhome.HomeMainActivity; newWindow = com.hisense.hicloud.edca/com.hisense.tvui.newhome.HomeMainActivity; isSubWindow = false; isInWinList = false; isExitNow = false
07-05 21:13:40.671 D/OsdMonitorService( 1733): windowNotOsd() : name = com.hisense.hicloud.edca/com.hisense.tvui.newhome.HomeMainActivity
07-05 21:13:40.671 I/OsdMonitorService( 1733): setOsdStatus() : status will change from true to true
07-05 21:13:40.673 D/PowerManagerService( 1733): setScreenBrightnessOverrideFromWindowManagerInternal done
07-05 21:13:40.674 V/SurfaceView(22413): com.hisense.hitv.carouselwidgit.view.videoview.UrlVideoView{1e4130e5 V.E..... ......ID 0,0-816,460} got resized: w=816 h=460, cur w=-1 h=-1
07-05 21:13:40.676 D/Surface ( 1733): onStatusChange() : mNativeObject = 0 mUseImageHwRender = false
07-05 21:13:40.676 D/Surface (22413): onStatusChange() : mNativeObject = -195834368 mUseImageHwRender = false
07-05 21:13:40.676 V/Surface (22413): nativeSetHardwareRender() : status = 0
07-05 21:13:40.676 V/Surface (22413): nativeSetHardwareRender() : end
07-05 21:13:40.677 I/SurfaceView(22413): New surface: Surface(name=null)/@0x1af17e47, vis=true, frame=Rect(549, 205 - 1365, 665)
07-05 21:13:40.677 D/Surface (22413): onStatusChange() : mNativeObject = 0 mUseImageHwRender = false
07-05 21:13:40.677 D/Surface (22413): onStatusChange() : mNativeObject = -195834368 mUseImageHwRender = false
07-05 21:13:40.677 V/Surface (22413): nativeSetHardwareRender() : status = 0
07-05 21:13:40.677 V/Surface (22413): nativeSetHardwareRender() : end
07-05 21:13:40.677 I/SurfaceView(22413): visibleChanged -- surfaceCreated
07-05 21:13:40.677 D/Carousel-UrlVideoView(22413): surfaceCreated
07-05 21:13:40.679 I/SurfaceView(22413): surfaceChanged -- format=4 w=816 h=460
07-05 21:13:40.679 D/Carousel-UrlVideoView(22413): surfaceChanged
07-05 21:13:40.679 D/Carousel-UrlVideoView(22413): isValidState:false,hasValidSize:false
07-05 21:13:40.679 D/Carousel-UrlVideoView(22413): mVideoWidth:0,mVideoHeight:0,w:816,h:460
07-05 21:13:40.679 I/SurfaceView(22413): surfaceRedrawNeeded
07-05 21:13:40.679 I/SurfaceView(22413): finishedDrawing
07-05 21:13:40.681 D/PowerManagerService( 1733): setScreenBrightnessOverrideFromWindowManagerInternal done
07-05 21:13:40.683 D/PowerManagerService( 1733): setScreenBrightnessOverrideFromWindowManagerInternal done
07-05 21:13:40.684 V/SurfaceView(22413): Layout: x=549 y=205 w=816 h=460, frame=Rect(0, 0 - 816, 460)
07-05 21:13:40.700 D/PowerManagerService( 1733): setScreenBrightnessOverrideFromWindowManagerInternal done
07-05 21:13:40.707 I/MyFragmentStateAdapter(22413): getCount
07-05 21:13:40.736 D/Carousel-SimpleVideoView(22413): onReceive net connected.
07-05 21:13:40.738 I/SurfaceView(22413): Changes: creating=false format=false size=false visible=false left=false top=false
07-05 21:13:40.738 I/SurfaceView(22413): Cur surface: Surface(name=null)/@0xff8a586
07-05 21:13:40.739 D/Surface ( 1733): onStatusChange() : mNativeObject = 547942789120 mUseImageHwRender = false
07-05 21:13:40.739 V/Surface ( 1733): nativeSetHardwareRender() : status = 0
07-05 21:13:40.739 V/Surface ( 1733): nativeSetHardwareRender() : end
07-05 21:13:40.740 D/PowerManagerService( 1733): setScreenBrightnessOverrideFromWindowManagerInternal done
07-05 21:13:40.743 D/Surface ( 1733): onStatusChange() : mNativeObject = 0 mUseImageHwRender = false
07-05 21:13:40.744 D/Surface (22413): onStatusChange() : mNativeObject = -195857664 mUseImageHwRender = false
07-05 21:13:40.744 V/Surface (22413): nativeSetHardwareRender() : status = 0
07-05 21:13:40.744 V/Surface (22413): nativeSetHardwareRender() : end
07-05 21:13:40.744 I/SurfaceView(22413): New surface: Surface(name=null)/@0x1af17e47, vis=true, frame=Rect(549, 205 - 1365, 665)
07-05 21:13:40.744 D/Surface (22413): onStatusChange() : mNativeObject = 0 mUseImageHwRender = false
07-05 21:13:40.744 D/Surface (22413): onStatusChange() : mNativeObject = -195857664 mUseImageHwRender = false
07-05 21:13:40.744 V/Surface (22413): nativeSetHardwareRender() : status = 0
07-05 21:13:40.744 V/Surface (22413): nativeSetHardwareRender() : end
07-05 21:13:40.744 I/SurfaceView(22413): surfaceRedrawNeeded
07-05 21:13:40.744 I/SurfaceView(22413): finishedDrawing
07-05 21:13:40.745 I/UsageStatsService( 1733): User[0] Flushing usage stats to disk
07-05 21:13:40.745 V/SurfaceView(22413): Layout: x=549 y=205 w=816 h=460, frame=Rect(0, 0 - 816, 460)
07-05 21:13:40.751 I/MyFragmentStateAdapter(22413): getCount
07-05 21:13:40.775 E/WebcastSDK-HiCloudSourcePlugin(22413): FetchSystemParameterTask(), res = {"categoryChannelTimeInterval":279000,"timeSynInterval":311000,"ChannelSwitchdefaultPic":"http://download.hismarttv.com/epgdata/LunBoContentPic/149810099740274506.jpg","TencentPlayRoundId":"1","allowUploadLogFile":1,"NoticeShow":1,"resultCode":0}
07-05 21:13:40.776 E/WebcastSDK-EPGDataManager(22413): notifySystemParametersData(), SystemParameterInfo = [ mCategoryInternal = 279000; mServerTimeInternal = 311000; mTencentPlayId = 1; mUploadLogFlag = 1; mSwitchPic = http://download.hismarttv.com/epgdata/LunBoContentPic/149810099740274506.jpg]
07-05 21:13:40.776 D/WebcastSDK-(22413): activity == null.
07-05 21:13:40.795 I/WebcastSDK-EPGDataManager(22413): handleMessage(), sync Server time in [ 311000 ] ms
07-05 21:13:40.795 D/WebcastSDK-(22413): activity == null.
07-05 21:13:40.795 I/MyFragmentStateAdapter(22413): getCount
07-05 21:13:40.834 I/MyFragmentStateAdapter(22413): getCount
07-05 21:13:40.863 I/MyFragmentStateAdapter(22413): getCount
07-05 21:13:40.893 I/MyFragmentStateAdapter(22413): getCount
07-05 21:13:40.925 I/MyFragmentStateAdapter(22413): getCount
07-05 21:13:40.962 I/MyFragmentStateAdapter(22413): getCount
07-05 21:13:40.979 I/HLSP2P  (16224): ## 2017-07-05 21:13:40.972 [16224,16378,:0] INFO ## [HLSP2P][PeerServer.cpp:559][INFO][SendHeartBeatReq][PeerServer] send hearbeat to 123.126.121.155:30013 ok
07-05 21:13:40.979 I/HLSP2P  (16224): ## 2017-07-05 21:13:40.973 [16224,16378,:0] INFO ## [HLSP2P][PunchHelper.cpp:289][INFO][SendHeartBeatMsg][PunchHelper] send heartbeat to punch server(124.160.168.204:8001) ok
07-05 21:13:40.990 I/TVMW@devctrl( 1234): wdt
07-05 21:13:41.026 I/HLSP2P  (16224): ## 2017-07-05 21:13:41.022 [16224,16380,:0] INFO ## [HLSP2P][PeerServer.cpp:738][INFO][OnHeartBeatRsp][PeerServer] ps heartbeat rsp ok
07-05 21:13:41.036 I/MyFragmentStateAdapter(22413): getCount
07-05 21:13:41.043 I/HLSP2P  (16224): ## 2017-07-05 21:13:41.022 [16224,16380,:0] INFO ## [HLSP2P][PunchHelper.cpp:434][INFO][OnHeartbeatRsp][PunchHelper] punch heartbeat rsp ok
07-05 21:13:41.071 I/HLSP2P  ( 3457): ## 2017-07-05 21:13:41.071 [3457,3628,:0] INFO ## [HLSP2P][PunchHelper.cpp:286][INFO][SendHeartBeatMsg][PunchHelper] send heartbeat to punch server(111.161.53.222:8002) ok
07-05 21:13:41.083 I/MyFragmentStateAdapter(22413): getCount
07-05 21:13:41.099 I/HLSP2P  ( 3457): ## 2017-07-05 21:13:41.098 [3457,3630,:0] INFO ## [HLSP2P][PunchHelper.cpp:431][INFO][OnHeartbeatRsp][PunchHelper] punch heartbeat rsp ok
07-05 21:13:41.125 I/MyFragmentStateAdapter(22413): getCount
07-05 21:13:41.150 I/MyFragmentStateAdapter(22413): getCount
07-05 21:13:41.153 D/HttpHandler(22413): VerifySignInterCeptor-->request.url()=http://picture.edu.hismarttv.com/images/20170629/%E5%AE%A2%E5%8E%85%E7%87%83%E8%84%82%E5%A5%B3%E7%8E%8B20170207081137502012.jpg
07-05 21:13:41.153 D/HttpHandler(22413): VerifySignInterCeptor-->hostname=picture.edu.hismarttv.com
07-05 21:13:41.162 I/TVMW@HsTvSetting( 1234): Trace cmd, data = 0x1058
07-05 21:13:41.163 D/til@system( 2026): til_get_system_param option:100002F int:0, bool:0, ret:0
07-05 21:13:41.168 D/Carousel-CarouselVideoViewImpl(22413): msg start play.
07-05 21:13:41.168 D/Carousel-SimpleVideoView(22413): setVideoPath path:http://jhxvideo-ws.video-tx.com/rendition/201705/205989353451683841/205989353451684353/bb/243216185158536196/243216215223308548/r243216215223308548-3200k-1920x1080.mp4
07-05 21:13:41.170 D/OkHttp  (22413): --> GET http://picture.edu.hismarttv.com/images/20170629/%E5%AE%A2%E5%8E%85%E7%87%83%E8%84%82%E5%A5%B3%E7%8E%8B20170207081137502012.jpg http/1.1
07-05 21:13:41.170 D/OkHttp  (22413): Host: picture.edu.hismarttv.com
07-05 21:13:41.170 D/OkHttp  (22413): Connection: Keep-Alive
07-05 21:13:41.170 D/OkHttp  (22413): Accept-Encoding: gzip
07-05 21:13:41.170 D/OkHttp  (22413): User-Agent: okhttp/3.6.0
07-05 21:13:41.170 D/OkHttp  (22413): --> END GET
07-05 21:13:41.178 I/TVMW@HsTvSetting( 1234): Trace cmd, data = 0x101f
07-05 21:13:41.179 D/til@system( 2026): til_get_system_param option:100001D int:3, bool:3, ret:0
07-05 21:13:41.179 E/til     ( 2026): [til_get_current_input_source, 101] 
07-05 21:13:41.179 I/TVMW@HsTvSetting( 1234): Trace cmd, data = 0x7007
07-05 21:13:41.180 I/tilwrapper@sm( 2026): HS2TIL_SourceType *hs=0xd, *til=0x900
07-05 21:13:41.180 D/til     ( 2026): get current source 2304
07-05 21:13:41.180 D/SourceRemoteServiceHandler( 2026): getCurrentInputSource.from.til.result is 0, value is 2304
07-05 21:13:41.180 D/SourceRemoteServiceHandler( 2026): getInputSourceType source: 0x900, type=2304
07-05 21:13:41.180 D/til     ( 2026): ###### func:til_get_picture_param option:0x3000006 ######  
07-05 21:13:41.180 I/TVMW@HsTvSetting( 1234): Trace cmd, data = 0x1003
07-05 21:13:41.180 I/TVMW@HsTvSetting( 1234): Trace cmd, data = 0x8032
07-05 21:13:41.181 I/hstvos  ( 1216): [0m[1;33m[HSHAL][HS_VIDEO][HS_HAL_Video_SetOsdDetect_v2][2389]u16Threshold = 20
07-05 21:13:41.181 I/MiSysSrv( 1214): Not support now! 42, change to mm_video!!!
07-05 21:13:41.182 D/Carousel-UrlVideoView(22413): openVideo
07-05 21:13:41.184 E/TVMW@videoctrl( 1234):  getOsd is 1
07-05 21:13:41.185 D/til@system( 2026): til_get_system_param option:1000027 int:1, bool:1, ret:0
07-05 21:13:41.185 D/til     ( 2026): ###### func:til_get_picture_param option:0x3000045 ######  
07-05 21:13:41.185 I/TVMW@HsTvSetting( 1234): Trace cmd, data = 0x300c
07-05 21:13:41.185 I/TVMW@HsTvSetting( 1234): Trace 3d, data = 0x300c
07-05 21:13:41.185 I/TVMW@3d ( 1234): Hs_debug3d_trace: func:get3dStatus, line:109
07-05 21:13:41.184 V/MediaPlayer-JNI(22413): native_setup
07-05 21:13:41.186 V/AudioFlinger( 1206): registerClient() client 0xb8930088, pid 22413
07-05 21:13:41.192 E/audio_hw_primary( 1206): out_get_latency ret 10ms
07-05 21:13:41.192 D/PowerManagerService( 1733): acquireWakeLockInternal: lock=338678427, flags=0x1, tag="AudioMix", ws=null, uid=1013, pid=0
07-05 21:13:41.192 D/PowerManagerNotifier( 1733): onWakeLockAcquired: flags=1, tag="AudioMix", packageName=media, ownerUid=1013, ownerPid=0, workSource=null
07-05 21:13:41.193 D/PowerManagerService( 1733): updateWakeLockWorkSourceInternal: lock=338678427 [AudioMix], ws=null
07-05 21:13:41.194 E/audio_hw_primary( 1206): out_get_latency ret 10ms
07-05 21:13:41.194 D/PowerManagerService( 1733): acquireWakeLockInternal: lock=694818360, flags=0x1, tag="AudioMix", ws=null, uid=1013, pid=0
07-05 21:13:41.194 D/PowerManagerNotifier( 1733): onWakeLockAcquired: flags=1, tag="AudioMix", packageName=media, ownerUid=1013, ownerPid=0, workSource=null
07-05 21:13:41.195 D/PowerManagerService( 1733): updateWakeLockWorkSourceInternal: lock=694818360 [AudioMix], ws=null
07-05 21:13:41.196 V/AudioFlinger( 1206): acquiring 270 from 22413, for -1
07-05 21:13:41.196 V/AudioFlinger( 1206):  added new entry for 270
07-05 21:13:41.196 V/MediaPlayer-JNI(22413): get_session_id()
07-05 21:13:41.197 D/Carousel-Utils(22413): origin url is : http://jhxvideo-ws.video-tx.com/rendition/201705/205989353451683841/205989353451684353/bb/243216185158536196/243216215223308548/r243216215223308548-3200k-1920x1080.mp4
07-05 21:13:41.197 D/Carousel-Utils(22413): time=1499260419
07-05 21:13:41.197 D/Carousel-UrlVideoView(22413): encryptUrlIfNecessary url=http://jhxvideo-ws.video-tx.com/rendition/201705/205989353451683841/205989353451684353/bb/243216185158536196/243216215223308548/r243216215223308548-3200k-1920x1080.mp4?wsSecret=485b01aed22bfbb2dc797fba8485e35b&wsTime=595ce603
07-05 21:13:41.197 D/MediaPlayer(22413): Couldn't open file on client side, trying server side
07-05 21:13:41.198 V/MediaPlayer-JNI(22413): setDataSource: path http://jhxvideo-ws.video-tx.com/rendition/201705/205989353451683841/205989353451684353/bb/243216185158536196/243216215223308548/r243216215223308548-3200k-1920x1080.mp4?wsSecret=485b01aed22bfbb2dc797fba8485e35b&wsTime=595ce603
07-05 21:13:41.200 V/NuPlayer( 1206): [NuPlayer-264]
07-05 21:13:41.200 I/NuPlayer( 1206): NuPlayerRMClientListener::NuPlayerRMClientListener
07-05 21:13:41.200 V/RMClient( 1206): #157:RMClient
07-05 21:13:41.201 D/MC_MEMORY(16055): max: 256.261888 Mb, heap: 10.10797 Mb, allocated: 9.9633 Mb, free: 1.1164 Mb, native heap: 12.12276 Mb, native allocated: 8.8316 Mb, native free: 3.3960 Mb
07-05 21:13:41.209 V/NuPlayer( 1206): kWhatSetAudioSink
07-05 21:13:41.209 V/NuPlayer( 1206): kWhatSetDataSource
07-05 21:13:41.214 V/NuPlayer( 1206): kWhatSetVideoNativeWindow
07-05 21:13:41.215 W/ALooperRoster( 1206): failed to post message. Target handler 0 still registered, but object gone.
07-05 21:13:41.215 V/NuPlayer( 1206): performSetSurface
07-05 21:13:41.215 V/MediaPlayer-JNI(22413): setAudioStreamType: 3
07-05 21:13:41.215 E/MediaPlayer-JNI(22413): android_media_MediaPlayer_prepareAsync call getSubtitleSurface
07-05 21:13:41.215 E/MediaPlayer-JNI(22413): android_media_MediaPlayer_prepareAsync call setSubtitleSurfaceTexture
07-05 21:13:41.215 E/        (22413): setSubtitleSurfaceTexture
07-05 21:13:41.216 D/Carousel-log_video-(22413): onStartPlay!
07-05 21:13:41.216 D/Carousel-log_video-(22413): ==Start play,isReplayState:false
07-05 21:13:41.216 D/Carousel-log_video-(22413): =Stop play previous channel log.
07-05 21:13:41.216 D/Carousel-log_video-(22413): submitPlayStopLog mLogPlayState:5
07-05 21:13:41.216 D/Carousel-log_video-(22413): Invalid log info.
07-05 21:13:41.216 D/Carousel-log_video-(22413): ==Start play log:start,other,duration:0
07-05 21:13:41.216 D/Carousel-log_(22413): ===(Main-Video-278001)-{srccolumnid=3, eventType=278, srcgroupid=10001, appversionname=2.0.0.6, srctabid=0, license=hisense, eventcode=278001, deviceid=86100300900000500000060a4818fca8, mediaid=351, eventPos=001, sessionid=641944ff4cdb4bdda5a80faeb3804a2d, srcpackagename=com.hisense.hicloud.edca, subscriberid=13287129, playactionuuid=6a6ffd89-5c23-4093-ad70-2866fdae27be, version=2.1, devicemsg=LED50MU8600UC0000888, isall=0, customerid=7195320, srcrowid=0, srceventcode=280000}
07-05 21:13:41.217 D/Carousel-CarouselVideoViewImpl(22413): getPosition()=0
07-05 21:13:41.220 I/MyFragmentStateAdapter(22413): getCount
07-05 21:13:41.220 I/MyFragmentStateAdapter(22413): getCount
07-05 21:13:41.220 I/MyFragmentStateAdapter(22413): getCount
07-05 21:13:41.220 I/MyFragmentStateAdapter(22413): getCount
07-05 21:13:41.220 I/Carousel-UrlVideoView(22413): onMeasure(MeasureSpec: EXACTLY 816, MeasureSpec: EXACTLY 460)
07-05 21:13:41.220 I/Carousel-UrlVideoView(22413): onMeasure(MeasureSpec: EXACTLY 816, MeasureSpec: EXACTLY 460)
07-05 21:13:41.239 D/MediaHTTPConnection(22413): connect: uri=http://jhxvideo-ws.video-tx.com/rendition/201705/205989353451683841/205989353451684353/bb/243216185158536196/243216215223308548/r243216215223308548-3200k-1920x1080.mp4?wsSecret=485b01aed22bfbb2dc797fba8485e35b&wsTime=595ce603, headers=User-Agent: stagefright/1.2 (Linux;Android 5.1.1)
07-05 21:13:41.240 I/MyFragmentStateAdapter(22413): getCount
07-05 21:13:41.241 D/MediaHTTPConnection(22413): seekTo 0
07-05 21:13:41.242 D/MediaHTTPConnection(22413): hitting http://jhxvideo-ws.video-tx.com/rendition/201705/205989353451683841/205989353451684353/bb/243216185158536196/243216215223308548/r243216215223308548-3200k-1920x1080.mp4?wsSecret=485b01aed22bfbb2dc797fba8485e35b&wsTime=595ce603
07-05 21:13:41.263 D/Carousel-SimpleVideoView(22413): speedKB=0
07-05 21:13:41.263 D/Carousel-SimpleVideoView(22413): msg.arg1=0
07-05 21:13:41.277 I/MyFragmentStateAdapter(22413): getCount
07-05 21:13:41.299 D/CommonHeader(22413): app logo :refreshTimer: isRotatetrue
07-05 21:13:41.321 W/System.err(22413): java.net.ConnectException: failed to connect to /10.18.210.112 (port 8900) after 6000ms: isConnected failed: ECONNREFUSED (Connection refused)
07-05 21:13:41.321 W/System.err(22413): 	at libcore.io.IoBridge.isConnected(IoBridge.java:238)
07-05 21:13:41.321 W/System.err(22413): 	at libcore.io.IoBridge.connectErrno(IoBridge.java:171)
07-05 21:13:41.321 W/System.err(22413): 	at libcore.io.IoBridge.connect(IoBridge.java:122)
07-05 21:13:41.321 W/System.err(22413): 	at java.net.PlainSocketImpl.connect(PlainSocketImpl.java:183)
07-05 21:13:41.321 W/System.err(22413): 	at java.net.PlainSocketImpl.connect(PlainSocketImpl.java:456)
07-05 21:13:41.321 W/System.err(22413): 	at java.net.Socket.connect(Socket.java:882)
07-05 21:13:41.321 W/System.err(22413): 	at com.android.okhttp.internal.Platform.connectSocket(Platform.java:174)
07-05 21:13:41.321 W/System.err(22413): 	at com.android.okhttp.Connection.connect(Connection.java:152)
07-05 21:13:41.321 W/System.err(22413): 	at com.android.okhttp.internal.http.HttpEngine.connect(HttpEngine.java:276)
07-05 21:13:41.321 W/System.err(22413): 	at com.android.okhttp.internal.http.HttpEngine.sendRequest(HttpEngine.java:211)
07-05 21:13:41.321 W/System.err(22413): 	at com.android.okhttp.internal.http.HttpURLConnectionImpl.execute(HttpURLConnectionImpl.java:382)
07-05 21:13:41.321 W/System.err(22413): 	at com.android.okhttp.internal.http.HttpURLConnectionImpl.connect(HttpURLConnectionImpl.java:106)
07-05 21:13:41.321 W/System.err(22413): 	at com.hisense.hitv.hicloud.util.ExceptionReport.a(ExceptionReport.java:337)
07-05 21:13:41.321 W/System.err(22413): 	at com.hisense.hitv.hicloud.util.ExceptionReport.a(ExceptionReport.java:39)
07-05 21:13:41.321 W/System.err(22413): 	at com.hisense.hitv.hicloud.util.ExceptionReport$1.run(ExceptionReport.java:83)
07-05 21:13:41.321 W/System.err(22413): 	at java.lang.Thread.run(Thread.java:818)
07-05 21:13:41.321 W/System.err(22413): Caused by: android.system.ErrnoException: isConnected failed: ECONNREFUSED (Connection refused)
07-05 21:13:41.322 W/System.err(22413): 	at libcore.io.IoBridge.isConnected(IoBridge.java:223)
07-05 21:13:41.322 W/System.err(22413): 	... 15 more
07-05 21:13:41.324 D/MediaHTTPConnection(22413): [Connection@856219486] response.heeader.null = HTTP/1.1 206 Partial Content
07-05 21:13:41.324 D/MediaHTTPConnection(22413): [Connection@856219486] response.heeader.Accept-Ranges = bytes
07-05 21:13:41.324 D/MediaHTTPConnection(22413): [Connection@856219486] response.heeader.Age = 3314626
07-05 21:13:41.324 D/MediaHTTPConnection(22413): [Connection@856219486] response.heeader.Cache-Control = max-age=5184000
07-05 21:13:41.324 D/MediaHTTPConnection(22413): [Connection@856219486] response.heeader.Connection = keep-alive
07-05 21:13:41.324 D/MediaHTTPConnection(22413): [Connection@856219486] response.heeader.Content-Length = 218840697
07-05 21:13:41.324 D/MediaHTTPConnection(22413): [Connection@856219486] response.heeader.Content-MD5 = b0d2FgZ34VxS2J9TYuIjgA==
07-05 21:13:41.324 D/MediaHTTPConnection(22413): [Connection@856219486] response.heeader.Content-Range = bytes 0-218840696/218840697
07-05 21:13:41.324 D/MediaHTTPConnection(22413): [Connection@856219486] response.heeader.Content-Type = application/octet-stream
07-05 21:13:41.325 D/MediaHTTPConnection(22413): [Connection@856219486] response.heeader.Date = Sun, 28 May 2017 04:29:55 GMT
07-05 21:13:41.325 D/MediaHTTPConnection(22413): [Connection@856219486] response.heeader.ETag = "6F4776160677E15C52D89F5362E22380"
07-05 21:13:41.325 D/MediaHTTPConnection(22413): [Connection@856219486] response.heeader.Last-Modified = Mon, 08 May 2017 17:24:17 GMT
07-05 21:13:41.325 D/MediaHTTPConnection(22413): [Connection@856219486] response.heeader.Server = nginx/1.2.4
07-05 21:13:41.325 D/MediaHTTPConnection(22413): [Connection@856219486] response.heeader.Via = 1.1 chshx150:7 (Cdn Cache Server V2.0)[95 200 2], 1.1 zhdxxz41:2 (Cdn Cache Server V2.0)[25 200 0], 1.1 daodianxinxiazai144:3 (Cdn Cache Server V2.0)[24 200 0]
07-05 21:13:41.325 D/MediaHTTPConnection(22413): [Connection@856219486] response.heeader.X-Android-Received-Millis = 1499260421324
07-05 21:13:41.325 D/MediaHTTPConnection(22413): [Connection@856219486] response.heeader.X-Android-Response-Source = NETWORK 206
07-05 21:13:41.325 D/MediaHTTPConnection(22413): [Connection@856219486] response.heeader.X-Android-Sent-Millis = 1499260421290
07-05 21:13:41.325 D/MediaHTTPConnection(22413): [Connection@856219486] response.heeader.x-oss-hash-crc64ecma = 10858506031335928878
07-05 21:13:41.325 D/MediaHTTPConnection(22413): [Connection@856219486] response.heeader.x-oss-object-type = Normal
07-05 21:13:41.325 D/MediaHTTPConnection(22413): [Connection@856219486] response.heeader.x-oss-request-id = 591D64783FEA2FF75DF4AA6E
07-05 21:13:41.325 D/MediaHTTPConnection(22413): [Connection@856219486] response.heeader.x-oss-server-time = 46
07-05 21:13:41.325 D/MediaHTTPConnection(22413): [Connection@856219486] response.heeader.x-oss-storage-class = Standard
07-05 21:13:41.349 I/MyFragmentStateAdapter(22413): getCount
07-05 21:13:41.381 D/Carousel-SimpleVideoView(22413): speedKB=2944
07-05 21:13:41.381 D/Carousel-SimpleVideoView(22413): msg.arg1=1
07-05 21:13:41.433 I/MyFragmentStateAdapter(22413): getCount
07-05 21:13:41.486 I/NetflixMonitorService( 1733): current fgapk : com.hisense.hicloud.edca
07-05 21:13:41.486 I/NetflixMonitorService( 1733): Netflix status unchanged
07-05 21:13:41.497 I/MyFragmentStateAdapter(22413): getCount
07-05 21:13:41.525 V/DataSource( 1206): sniff
07-05 21:13:41.526 I/FFmpegExtractor( 1206): android-source:0xb8bfe2a0
07-05 21:13:41.527 I/FFMPEG  ( 1206): [mov,mp4,m4a,3gp,3g2,mj2 @ 0xb8ba3400] Format mov,mp4,m4a,3gp,3g2,mj2 probed with size=2048 and score=100
07-05 21:13:41.528 D/MediaHTTPConnection(22413): [Connection@856219486] getSize mTotalSize = 218840697
07-05 21:13:41.528 I/FFMPEG  ( 1206): [mov,mp4,m4a,3gp,3g2,mj2 @ 0xb8ba3400] ISO: File Type Major Brand: isom
07-05 21:13:41.554 I/art     (22375): Background concurrent mark sweep GC freed 16911(898KB) AllocSpace objects, 0(0B) LOS objects, 60% free, 674KB/1698KB, paused 22.722ms total 32.195ms
07-05 21:13:41.563 I/MyFragmentStateAdapter(22413): getCount
07-05 21:13:41.579 D/FFmpegExtractor( 1206): FFmpegExtrator, url: android-source:0xb8bfe2a0, format_name: mov,mp4,m4a,3gp,3g2,mj2, format_long_name: QuickTime / MOV
07-05 21:13:41.579 D/FFmpegExtractor( 1206): suppoted codec(h264) by official Stagefright
07-05 21:13:41.579 D/FFmpegExtractor( 1206): suppoted codec(aac) by official Stagefright
07-05 21:13:41.585 I/FFMPEG  ( 1206): [AVIOContext @ 0xb8bfe340] Statistics: 426780 bytes read, 0 seeks
07-05 21:13:41.585 D/FFmpegExtractor( 1206): ffmpeg detected media content as 'video/mp4' with confidence 0.08
07-05 21:13:41.615 I/MyFragmentStateAdapter(22413): getCount
07-05 21:13:41.678 I/MyFragmentStateAdapter(22413): getCount
07-05 21:13:41.687 D/NativeDecimalFormat(22413): NativeDecimalFormat_close print addr=4098416128
07-05 21:13:41.687 D/NativeDecimalFormat(22413): NativeDecimalFormat_close print g_addr=4098413056
07-05 21:13:41.688 I/TVMW@HsTvSetting( 1234): Trace cmd, data = 0x1058
07-05 21:13:41.688 D/til@system( 2026): til_get_system_param option:100002F int:0, bool:0, ret:0
07-05 21:13:41.689 I/TVMW@HsTvSetting( 1234): Trace cmd, data = 0x101f
07-05 21:13:41.689 D/til@system( 2026): til_get_system_param option:100001D int:3, bool:3, ret:0
07-05 21:13:41.689 E/til     ( 2026): [til_get_current_input_source, 101] 
07-05 21:13:41.689 I/TVMW@HsTvSetting( 1234): Trace cmd, data = 0x7007
07-05 21:13:41.689 I/tilwrapper@sm( 2026): HS2TIL_SourceType *hs=0xd, *til=0x900
07-05 21:13:41.689 D/til     ( 2026): get current source 2304
07-05 21:13:41.689 D/SourceRemoteServiceHandler( 2026): getCurrentInputSource.from.til.result is 0, value is 2304
07-05 21:13:41.689 D/SourceRemoteServiceHandler( 2026): getInputSourceType source: 0x900, type=2304
07-05 21:13:41.689 D/til     ( 2026): ###### func:til_get_picture_param option:0x3000006 ######  
07-05 21:13:41.690 I/TVMW@HsTvSetting( 1234): Trace cmd, data = 0x1003
07-05 21:13:41.690 I/TVMW@HsTvSetting( 1234): Trace cmd, data = 0x8032
07-05 21:13:41.691 I/hstvos  ( 1216): [0m[1;33m[HSHAL][HS_VIDEO][HS_HAL_Video_SetOsdDetect_v2][2389]u16Threshold = 20
07-05 21:13:41.691 I/MiSysSrv( 1214): Not support now! 42, change to mm_video!!!
07-05 21:13:41.693 E/TVMW@videoctrl( 1234):  getOsd is 1
07-05 21:13:41.693 D/til@system( 2026): til_get_system_param option:1000027 int:1, bool:1, ret:0
07-05 21:13:41.693 D/til     ( 2026): ###### func:til_get_picture_param option:0x3000045 ######  
07-05 21:13:41.693 I/TVMW@HsTvSetting( 1234): Trace cmd, data = 0x300c
07-05 21:13:41.693 I/TVMW@HsTvSetting( 1234): Trace 3d, data = 0x300c
07-05 21:13:41.693 I/TVMW@3d ( 1234): Hs_debug3d_trace: func:get3dStatus, line:109
07-05 21:13:41.784 I/dex2oat (22527): dex2oat took 3.436s (threads: 4) arena alloc=386KB java alloc=10MB native alloc=6MB free=9MB
07-05 21:13:41.786 V/MediaExtractor( 1206): MediaExtractor::Create mime:video/mp4 ---- Enter
07-05 21:13:41.786 V/MediaExtractor( 1206): maomao::MediaExtractor::Create mime:isCts is 0
07-05 21:13:41.788 I/FFMPEG  ( 1206): [mov,mp4,m4a,3gp,3g2,mj2 @ 0xb8ba3400] Format mov,mp4,m4a,3gp,3g2,mj2 probed with size=2048 and score=100
07-05 21:13:41.788 I/FFMPEG  ( 1206): [mov,mp4,m4a,3gp,3g2,mj2 @ 0xb8ba3400] ISO: File Type Major Brand: isom
07-05 21:13:41.845 I/art     (22413): Background partial concurrent mark sweep GC freed 11293(667KB) AllocSpace objects, 0(0B) LOS objects, 11% free, 31MB/35MB, paused 3.432ms total 161.590ms
07-05 21:13:41.865 D/NativeDecimalFormat(22413): NativeDecimalFormat_close print addr=4098413056
07-05 21:13:41.865 D/NativeDecimalFormat(22413): NativeDecimalFormat_close print g_addr=4098413056
07-05 21:13:41.865 D/NativeDecimalFormat(22413): NativeDecimalFormat_close print addr=4098412288
07-05 21:13:41.865 D/NativeDecimalFormat(22413): NativeDecimalFormat_close print g_addr=4098413056
07-05 21:13:41.866 I/MyFragmentStateAdapter(22413): getCount
07-05 21:13:41.877 I/FFMPEG  ( 1206): [mov,mp4,m4a,3gp,3g2,mj2 @ 0xb8ba3400] orig_nb_streams(2)
07-05 21:13:41.877 I/FFMPEG  ( 1206): [mov,mp4,m4a,3gp,3g2,mj2 @ 0xb8ba3400] Before avformat_find_stream_info() pos: 413026 bytes read:426780 seeks:0
07-05 21:13:41.879 I/FFMPEG  ( 1206): [NULL @ 0xf34df400] [Eval @ 0xf1104eec] Undefined constant or missing '(' in ''
07-05 21:13:41.879 I/FFMPEG  ( 1206): [NULL @ 0xf34df400] Unable to parse option value ""
07-05 21:13:41.879 I/FFMPEG  ( 1206): [NULL @ 0xf34df400] Error setting option debug to value .
07-05 21:13:41.879 I/FFMPEG  ( 1206): [mov,mp4,m4a,3gp,3g2,mj2 @ 0xb8ba3400] Failed to open codec in av_find_stream_info
07-05 21:13:41.880 I/FFMPEG  ( 1206): [NULL @ 0xf34e0000] [Eval @ 0xf1104eec] Undefined constant or missing '(' in ''
07-05 21:13:41.880 I/FFMPEG  ( 1206): [NULL @ 0xf34e0000] Unable to parse option value ""
07-05 21:13:41.880 I/FFMPEG  ( 1206): [NULL @ 0xf34e0000] Error setting option debug to value .
07-05 21:13:41.880 I/FFMPEG  ( 1206): [mov,mp4,m4a,3gp,3g2,mj2 @ 0xb8ba3400] Failed to open codec in av_find_stream_info
07-05 21:13:41.880 I/FFMPEG  ( 1206): [NULL @ 0xf34df400] try_decode_frame, i= 0, pkt->stream_index = 0
07-05 21:13:41.884 W/PluginProviderBuilder(22413): createDexClassLoader() return dalvik.system.DexClassLoader[DexPathList[[zip file "/data/data/com.hisense.hicloud.edca/files/plugin/2.1.0.59986/pluginplayer/1.64.0.59984/pluginplayer-release-1.64.0.59984.apk"],nativeLibraryDirectories=[/vendor/lib, /system/lib]]]
07-05 21:13:41.888 W/ContextClassLoaderSwitcher(22413): ClassLoaderSwitcher doSwitch(com.hisense.hicloud.edca.BaseApplication@2adbac5c, dalvik.system.DexClassLoader[DexPathList[[zip file "/data/data/com.hisense.hicloud.edca/files/plugin/2.1.0.59986/pluginplayer/1.64.0.59984/pluginplayer-release-1.64.0.59984.apk"],nativeLibraryDirectories=[/vendor/lib, /system/lib]]])
07-05 21:13:41.889 W/ObjectMethodHolder(22413): >> invoke() mMethodName=getBaseContext, mCached=false, mCacheValue=true, mMethod=null
07-05 21:13:41.895 I/TVMW@devctrl( 1234): wdt
07-05 21:13:41.896 W/ObjectMethodHolder(22413): << invoke() mMethodName=getBaseContext, mCached=true, mCacheValue=true, mMethod=public android.content.Context android.content.ContextWrapper.getBaseContext() return android.app.ContextImpl{android.app.ContextImpl@2e5a400c}
07-05 21:13:41.896 W/ObjectMethodHolder(22413): >> invoke() mMethodName=getClassLoader, mCached=false, mCacheValue=true, mMethod=null
