07-05 21:07:44.212 D/ActivityStackUtils( 1733): startActivityOnNewStack - intent: null
07-05 21:07:44.220 E/WindowState( 1733): getStack: Window{34586c39 u0 com.jamdeo.launcher/com.jamdeo.launcher.app.BaseTileActivity} couldn't find taskId=5103 Callers=com.android.server.wm.WindowManagerService.assignLayersLocked:8873 com.android.server.wm.WindowManagerService.moveStackWindowsLocked:5212 com.android.server.wm.WindowManagerService.attachStack:5294 com.android.server.am.ActivityStackSupervisor$ActivityContainer.attachToDisplayLocked:3846 
07-05 21:07:44.221 E/WindowState( 1733): getStack: Window{34586c39 u0 com.jamdeo.launcher/com.jamdeo.launcher.app.BaseTileActivity} couldn't find taskId=5103 Callers=com.android.server.wm.WindowManagerService.performLayoutAndPlaceSurfacesLockedInner:9918 com.android.server.wm.WindowManagerService.performLayoutAndPlaceSurfacesLockedLoop:8957 com.android.server.wm.WindowManagerService.performLayoutAndPlaceSurfacesLocked:8899 com.android.server.wm.WindowManagerService.moveStackWindowsLocked:5216 
07-05 21:07:44.222 E/WindowState( 1733): getStack: Window{34586c39 u0 com.jamdeo.launcher/com.jamdeo.launcher.app.BaseTileActivity} couldn't find taskId=5103 Callers=com.android.server.wm.WindowState.getDisplayContent:819 com.android.server.wm.WindowState.getDisplayId:824 com.android.server.wm.InputMonitor.updateInputWindowsLw:294 com.android.server.wm.WindowManagerService.performLayoutAndPlaceSurfacesLockedInner:10257 
07-05 21:07:44.224 E/WindowState( 1733): getStack: Window{34586c39 u0 com.jamdeo.launcher/com.jamdeo.launcher.app.BaseTileActivity} couldn't find taskId=5103 Callers=com.android.server.wm.WindowState.getStackBounds:849 com.android.server.wm.InputMonitor.addInputWindowHandleLw:180 com.android.server.wm.InputMonitor.updateInputWindowsLw:313 com.android.server.wm.WindowManagerService.performLayoutAndPlaceSurfacesLockedInner:10257 
07-05 21:07:44.225 D/PowerManagerService( 1733): setScreenBrightnessOverrideFromWindowManagerInternal done
07-05 21:07:44.226 E/WindowState( 1733): getStack: Window{34586c39 u0 com.jamdeo.launcher/com.jamdeo.launcher.app.BaseTileActivity} couldn't find taskId=5103 Callers=com.android.server.wm.DisplayContent.setTouchExcludeRegion:239 com.android.server.wm.WindowManagerService.setFocusedStackFrame:4124 com.android.server.wm.WindowManagerService.performLayoutAndPlaceSurfacesLockedInner:10333 com.android.server.wm.WindowManagerService.performLayoutAndPlaceSurfacesLockedLoop:8957 
07-05 21:07:44.235 I/ActivityStackUtils( 1733): New stack created with id = 69
07-05 21:07:44.235 D/ActivityStackUtils( 1733): startActivityOnStack - intent: Intent { act=com.jamdeo.launcher.BASE_TILE flg=0x100 (has extras) }, on stackId: 69
07-05 21:07:44.235 I/ActivityManager( 1733): START u0 {act=com.jamdeo.launcher.BASE_TILE flg=0x18010000 cmp=com.jamdeo.launcher/.app.BaseTileActivity (has extras)} from uid 1000 on display 0
07-05 21:07:44.236 V/WindowManager( 1733): addAppToken: AppWindowToken{1d62a675 token=Token{33bdb9ac ActivityRecord{250ecb5f u0 com.jamdeo.launcher/.app.BaseTileActivity t5105}}} to stack=69 task=5105 at 0
07-05 21:07:44.268 V/WindowManager( 1733): Adding window Window{239228d6 u0 Starting com.jamdeo.launcher} at 10 of 19 (after Window{3f8ba850 u0 GlobalPanel})
07-05 21:07:44.270 E/WindowState( 1733): getStack: Window{34586c39 u0 com.jamdeo.launcher/com.jamdeo.launcher.app.BaseTileActivity} couldn't find taskId=5103 Callers=com.android.server.wm.WindowManagerService.assignLayersLocked:8873 com.android.server.wm.WindowManagerService.addWindow:2651 com.android.server.wm.Session.addToDisplay:168 android.view.ViewRootImpl.setView:527 
07-05 21:07:44.270 I/UsageStatsService( 1733): paused component:com.jamdeo.launcher
07-05 21:07:44.270 V/UsageStatsService( 1733): Paused: 8905842   Component: com.jamdeo.launcher/com.jamdeo.launcher.app.BaseTileActivity   Time: 1499260064270 LastSessionTime: 20482 CumulativeSessionTime: 2077722
07-05 21:07:44.270 D/UsageStatsService( 1733): UsageStats: broadcasting intent
07-05 21:07:44.270 E/WindowState( 1733): getStack: Window{34586c39 u0 com.jamdeo.launcher/com.jamdeo.launcher.app.BaseTileActivity} couldn't find taskId=5103 Callers=com.android.server.wm.WindowState.getDisplayContent:819 com.android.server.wm.WindowState.getDisplayId:824 com.android.server.wm.InputMonitor.updateInputWindowsLw:294 com.android.server.wm.WindowManagerService.addWindow:2658 
07-05 21:07:44.271 E/WindowState( 1733): getStack: Window{34586c39 u0 com.jamdeo.launcher/com.jamdeo.launcher.app.BaseTileActivity} couldn't find taskId=5103 Callers=com.android.server.wm.WindowState.getStackBounds:849 com.android.server.wm.InputMonitor.addInputWindowHandleLw:180 com.android.server.wm.InputMonitor.updateInputWindowsLw:313 com.android.server.wm.WindowManagerService.addWindow:2658 
07-05 21:07:44.271 W/ContextImpl( 1733): Calling a method in the system process without a qualified user: android.app.ContextImpl.sendBroadcast:1327 com.android.server.usage.UsageStatsService.insertUsageStats:1104 com.android.server.usage.UsageStatsService$PkgUsageStatsExtended.updatePause:979 com.android.server.usage.UsageStatsService$LocalService.notePauseComponent:808 com.android.server.am.ActivityManagerService.updateUsageStats:3173 
07-05 21:07:44.272 E/WindowState( 1733): getStack: Window{34586c39 u0 com.jamdeo.launcher/com.jamdeo.launcher.app.BaseTileActivity} couldn't find taskId=5103 Callers=com.android.server.wm.WindowState.getDisplayContent:819 com.android.server.wm.WindowState.getWindowList:1397 com.android.server.wm.WindowManagerService.removeWindowInnerLocked:2895 com.android.server.wm.WindowManagerService.removeWindowLocked:2796 
07-05 21:07:44.273 E/WindowState( 1733): getStack: Window{34586c39 u0 com.jamdeo.launcher/com.jamdeo.launcher.app.BaseTileActivity} couldn't find taskId=5103 Callers=com.android.server.wm.WindowState.getDisplayContent:819 com.android.server.wm.WindowManagerService.removeWindowInnerLocked:2900 com.android.server.wm.WindowManagerService.removeWindowLocked:2796 com.android.server.wm.WindowManagerService.removeWindow:2718 
07-05 21:07:44.273 D/UsageStatsService( 1733): User[0] Got usage event for com.jamdeo.launcher[1499260064270]: MOVE_TO_BACKGROUND
07-05 21:07:44.273 D/PowerManagerService( 1733): acquireWakeLockInternal: lock=681732318, flags=0x1, tag="ActivityManager-Launch", ws=null, uid=1000, pid=1733
07-05 21:07:44.273 D/PowerManagerNotifier( 1733): onWakeLockAcquired: flags=1, tag="ActivityManager-Launch", packageName=android, ownerUid=1000, ownerPid=1733, workSource=null
07-05 21:07:44.274 D/PowerManagerService( 1733): setScreenBrightnessOverrideFromWindowManagerInternal done
07-05 21:07:44.280 D/ActivityStackUtils( 1733): moveStack - stackId: 69, toFront: true
07-05 21:07:44.288 D/PowerManagerService( 1733): setScreenBrightnessOverrideFromWindowManagerInternal done
07-05 21:07:44.301 D/PowerManagerService( 1733): setScreenBrightnessOverrideFromWindowManagerInternal done
07-05 21:07:44.312 D/TileTransitionManager( 1733): getActivityContainer, create an empty stack: 69for: com.hisense.hicloud.edca
07-05 21:07:44.317 D/TileTransitionManager( 1733): getActivityContainer notify the top tile app changed.
07-05 21:07:44.318 D/TileTransitionManager( 1733): preProcess tasks with top removed:false
07-05 21:07:44.319 D/ActivityStackUtils( 1733): getActivityContainer - on stackId: 69
07-05 21:07:44.319 D/JamdeoActivityStackSupervisor( 1733): get currentSiloName
07-05 21:07:44.319 I/ActivityManager( 1733): START u0 {act=android.intent.action.MAIN cat=[android.intent.category.LAUNCHER] flg=0x10200000 cmp=com.hisense.hicloud.edca/.activity.EntryActivity} from uid 2000 on display 0
07-05 21:07:44.322 D/PowerManagerService( 1733): setScreenBrightnessOverrideFromWindowManagerInternal done
07-05 21:07:44.325 V/WindowManager( 1733): addAppToken: AppWindowToken{1a139129 token=Token{1118eb0 ActivityRecord{39081f3 u0 com.hisense.hicloud.edca/.activity.EntryActivity t5106}}} to stack=69 task=5106 at 0
07-05 21:07:44.374 I/ActivityManager( 1733): Start proc 19291:com.hisense.hicloud.edca/u0a10 for activity com.hisense.hicloud.edca/.activity.EntryActivity
07-05 21:07:44.423 I/UsageStatsService( 1733): resumed component name is ComponentInfo{com.hisense.hicloud.edca/com.hisense.hicloud.edca.activity.EntryActivity}
07-05 21:07:44.423 I/UsageStatsService( 1733): started component:com.hisense.hicloud.edca
07-05 21:07:44.423 V/UsageStatsService( 1733): Resumed: 8905995   Component: com.hisense.hicloud.edca/com.hisense.hicloud.edca.activity.EntryActivity   Time: 1499260064423 VersionCode: 652   LastUpdateTime: 1499256171569
07-05 21:07:44.423 D/UsageStatsService( 1733): UsageStats: broadcasting intent
07-05 21:07:44.424 W/ContextImpl( 1733): Calling a method in the system process without a qualified user: android.app.ContextImpl.sendBroadcast:1327 com.android.server.usage.UsageStatsService.insertUsageStats:1104 com.android.server.usage.UsageStatsService$PkgUsageStatsExtended.updateResume:962 com.android.server.usage.UsageStatsService$LocalService.noteResumeComponent:759 com.android.server.am.ActivityManagerService.updateUsageStats:3164 
07-05 21:07:44.430 D/UsageStatsService( 1733): User[0] Got usage event for com.hisense.hicloud.edca[1499260064424]: MOVE_TO_FOREGROUND
07-05 21:07:44.433 D/PowerManagerService( 1733): setScreenBrightnessOverrideFromWindowManagerInternal done
07-05 21:07:44.435 I/ActivityManager( 1733): TR16) TaskRecord{32f0b5ba #5106 A=com.hisense.hicloud.edca U=0 sz=1}
07-05 21:07:44.435 I/ActivityManager( 1733): TR15) TaskRecord{cd10cea #4980 A=com.jamdeo.launcher U=0 sz=1}
07-05 21:07:44.526 I/ActivityManager( 1733): TR16) TaskRecord{32f0b5ba #5106 A=com.hisense.hicloud.edca U=0 sz=1}
07-05 21:07:44.526 I/ActivityManager( 1733): TR15) TaskRecord{cd10cea #4980 A=com.jamdeo.launcher U=0 sz=1}
07-05 21:07:44.528 V/ActivityManager( 1733): set mstar.EnterOpaqueUI false
07-05 21:07:44.535 D/TvInputManagerService( 1733): call enableMotionEventNotifier:false
07-05 21:07:44.540 V/WindowManager( 1733): Adding window Window{399c83c8 u0 com.jamdeo.launcher/com.jamdeo.launcher.app.BaseTileActivity} at 10 of 19 (before Window{239228d6 u0 Starting com.jamdeo.launcher})
07-05 21:07:44.544 D/PowerManagerService( 1733): wakeUp: eventTime=8906115
07-05 21:07:44.544 D/PowerManagerService( 1733): wakeUpInternal: eventTime=8906115, uid=1000
07-05 21:07:44.544 D/PowerManagerService( 1733): wakeUpNoUpdateLocked: eventTime=8906115, uid=1000
07-05 21:07:44.596 D/TvInputManagerService( 1733): call enableMotionEventNotifier:false
07-05 21:07:44.597 D/TvInputManagerService( 1733): call enableMotionEventNotifier:false
07-05 21:07:44.600 D/PowerManagerService( 1733): wakeUp: eventTime=8906172
07-05 21:07:44.600 D/PowerManagerService( 1733): wakeUpInternal: eventTime=8906172, uid=1000
07-05 21:07:44.600 D/PowerManagerService( 1733): wakeUpNoUpdateLocked: eventTime=8906172, uid=1000
07-05 21:07:44.650 I/NetflixMonitorService( 1733): current fgapk : com.hisense.hicloud.edca
07-05 21:07:44.650 I/NetflixMonitorService( 1733): Netflix status unchanged
07-05 21:07:44.690 W/ActivityManager( 1733): Unable to start service Intent { act=com.jamdeo.tilelibrary.VidaaTileService pkg=com.jamdeo.launcher } U=0: not found
07-05 21:07:44.769 D/PowerManagerService( 1733): setScreenBrightnessOverrideFromWindowManagerInternal done
07-05 21:07:44.774 D/PowerManagerService( 1733): setScreenBrightnessOverrideFromWindowManagerInternal done
07-05 21:07:44.836 D/PowerManagerService( 1733): setScreenBrightnessOverrideFromWindowManagerInternal done
07-05 21:07:44.868 W/ResourcesManager( 2232): Asset path '/system/framework/com.jamdeo.flow.jar' does not exist or contains no resources.
07-05 21:07:44.887 D/PowerManagerService( 1733): setScreenBrightnessOverrideFromWindowManagerInternal done
07-05 21:07:44.892 V/WindowManager( 1733): Adding window Window{15da1474 u0 Starting com.hisense.hicloud.edca} at 12 of 20 (after Window{239228d6 u0 Starting com.jamdeo.launcher})
07-05 21:07:44.926 D/PowerManagerService( 1733): setScreenBrightnessOverrideFromWindowManagerInternal done
07-05 21:07:44.930 D/PowerManagerService( 1733): setScreenBrightnessOverrideFromWindowManagerInternal done
07-05 21:07:44.980 D/PowerManagerService( 1733): setScreenBrightnessOverrideFromWindowManagerInternal done
07-05 21:07:44.982 D/PowerManagerService( 1733): setScreenBrightnessOverrideFromWindowManagerInternal done
07-05 21:07:44.986 D/PowerManagerService( 1733): setScreenBrightnessOverrideFromWindowManagerInternal done
07-05 21:07:44.994 D/PowerManagerService( 1733): setScreenBrightnessOverrideFromWindowManagerInternal done
07-05 21:07:44.996 D/PowerManagerService( 1733): setScreenBrightnessOverrideFromWindowManagerInternal done
07-05 21:07:45.019 D/PowerManagerService( 1733): setScreenBrightnessOverrideFromWindowManagerInternal done
07-05 21:07:45.461 D/PowerManagerService( 1733): setScreenBrightnessOverrideFromWindowManagerInternal done
07-05 21:07:45.463 D/PowerManagerService( 1733): setScreenBrightnessOverrideFromWindowManagerInternal done
07-05 21:07:45.651 I/NetflixMonitorService( 1733): current fgapk : com.hisense.hicloud.edca
07-05 21:07:45.651 I/NetflixMonitorService( 1733): Netflix status unchanged
07-05 21:07:46.651 I/NetflixMonitorService( 1733): current fgapk : com.hisense.hicloud.edca
07-05 21:07:46.651 I/NetflixMonitorService( 1733): Netflix status unchanged
07-05 21:07:47.356 V/WindowManager( 1733): Adding window Window{315991a u0 com.hisense.hicloud.edca/com.hisense.hicloud.edca.activity.EntryActivity} at 10 of 19 (before Window{15da1474 u0 Starting com.hisense.hicloud.edca})
07-05 21:07:47.475 D/PowerManagerService( 1733): setScreenBrightnessOverrideFromWindowManagerInternal done
07-05 21:07:47.479 D/PowerManagerService( 1733): setScreenBrightnessOverrideFromWindowManagerInternal done
07-05 21:07:47.652 I/NetflixMonitorService( 1733): current fgapk : com.hisense.hicloud.edca
07-05 21:07:47.652 I/NetflixMonitorService( 1733): Netflix status unchanged
07-05 21:07:47.759 D/PowerManagerService( 1733): setScreenBrightnessOverrideFromWindowManagerInternal done
07-05 21:07:47.763 D/PowerManagerService( 1733): setScreenBrightnessOverrideFromWindowManagerInternal done
07-05 21:07:47.780 D/PowerManagerService( 1733): setScreenBrightnessOverrideFromWindowManagerInternal done
07-05 21:07:47.781 D/PowerManagerService( 1733): releaseWakeLockInternal: lock=681732318 [ActivityManager-Launch], flags=0x0
07-05 21:07:47.781 D/PowerManagerNotifier( 1733): onWakeLockReleased: flags=1, tag="ActivityManager-Launch", packageName=android, ownerUid=1000, ownerPid=1733, workSource=null
07-05 21:07:47.785 D/PowerManagerService( 1733): setScreenBrightnessOverrideFromWindowManagerInternal done
07-05 21:07:47.964 D/PowerManagerService( 1733): setScreenBrightnessOverrideFromWindowManagerInternal done
07-05 21:07:47.966 D/PowerManagerService( 1733): setScreenBrightnessOverrideFromWindowManagerInternal done
07-05 21:07:48.652 I/NetflixMonitorService( 1733): current fgapk : com.hisense.hicloud.edca
07-05 21:07:48.652 I/NetflixMonitorService( 1733): Netflix status unchanged
07-05 21:07:49.403 D/TileTransitionManager( 1733): getActivityContainer not enter cts mode
07-05 21:07:49.403 D/JamdeoActivityStackSupervisor( 1733): get currentSiloName
07-05 21:07:49.404 I/ActivityManager( 1733): START u0 {cmp=com.hisense.hicloud.edca/com.hisense.tvui.newhome.HomeMainActivity} from uid 10010 on display 0
07-05 21:07:49.406 D/PowerManagerService( 1733): setScreenBrightnessOverrideFromWindowManagerInternal done
07-05 21:07:49.409 D/PowerManagerService( 1733): setScreenBrightnessOverrideFromWindowManagerInternal done
07-05 21:07:49.412 V/WindowManager( 1733): addAppToken: AppWindowToken{34b63172 token=Token{3f1ece7d ActivityRecord{1980dcd4 u0 com.hisense.hicloud.edca/com.hisense.tvui.newhome.HomeMainActivity t5106}}} to stack=69 task=5106 at 1
07-05 21:07:49.412 I/UsageStatsService( 1733): paused component:com.hisense.hicloud.edca
07-05 21:07:49.412 V/UsageStatsService( 1733): Paused: 8910983   Component: com.hisense.hicloud.edca/com.hisense.hicloud.edca.activity.EntryActivity   Time: 1499260069412 LastSessionTime: 4988 CumulativeSessionTime: 2391762
07-05 21:07:49.412 D/UsageStatsService( 1733): UsageStats: broadcasting intent
07-05 21:07:49.413 W/ContextImpl( 1733): Calling a method in the system process without a qualified user: android.app.ContextImpl.sendBroadcast:1327 com.android.server.usage.UsageStatsService.insertUsageStats:1104 com.android.server.usage.UsageStatsService$PkgUsageStatsExtended.updatePause:979 com.android.server.usage.UsageStatsService$LocalService.notePauseComponent:808 com.android.server.am.ActivityManagerService.updateUsageStats:3173 
07-05 21:07:49.413 D/UsageStatsService( 1733): User[0] Got usage event for com.hisense.hicloud.edca[1499260069412]: MOVE_TO_BACKGROUND
07-05 21:07:49.414 D/PowerManagerService( 1733): acquireWakeLockInternal: lock=681732318, flags=0x1, tag="ActivityManager-Launch", ws=null, uid=1000, pid=1733
07-05 21:07:49.414 D/PowerManagerNotifier( 1733): onWakeLockAcquired: flags=1, tag="ActivityManager-Launch", packageName=android, ownerUid=1000, ownerPid=1733, workSource=null
07-05 21:07:49.423 I/UsageStatsService( 1733): resumed component name is ComponentInfo{com.hisense.hicloud.edca/com.hisense.tvui.newhome.HomeMainActivity}
07-05 21:07:49.423 D/UsageStatsService( 1733): User[0] Got usage event for com.hisense.hicloud.edca[1499260069423]: MOVE_TO_FOREGROUND
07-05 21:07:49.423 I/UsageStatsService( 1733): started component:com.hisense.hicloud.edca
07-05 21:07:49.423 V/UsageStatsService( 1733): Resumed: 8910994   Component: com.hisense.hicloud.edca/com.hisense.tvui.newhome.HomeMainActivity   Time: 1499260069423 VersionCode: 652   LastUpdateTime: 1499256171569
07-05 21:07:49.423 D/UsageStatsService( 1733): UsageStats: broadcasting intent
07-05 21:07:49.424 W/ContextImpl( 1733): Calling a method in the system process without a qualified user: android.app.ContextImpl.sendBroadcast:1327 com.android.server.usage.UsageStatsService.insertUsageStats:1104 com.android.server.usage.UsageStatsService$PkgUsageStatsExtended.updateResume:962 com.android.server.usage.UsageStatsService$LocalService.noteResumeComponent:759 com.android.server.am.ActivityManagerService.updateUsageStats:3164 
07-05 21:07:49.429 D/PowerManagerService( 1733): setScreenBrightnessOverrideFromWindowManagerInternal done
07-05 21:07:49.430 I/ActivityManager( 1733): TR16) TaskRecord{32f0b5ba #5106 A=com.hisense.hicloud.edca U=0 sz=2}
07-05 21:07:49.431 I/ActivityManager( 1733): TR15) TaskRecord{cd10cea #4980 A=com.jamdeo.launcher U=0 sz=1}
07-05 21:07:49.431 V/ActivityManager( 1733): set mstar.EnterOpaqueUI false
07-05 21:07:49.652 I/NetflixMonitorService( 1733): current fgapk : com.hisense.hicloud.edca
07-05 21:07:49.652 I/NetflixMonitorService( 1733): Netflix status unchanged
07-05 21:07:50.653 I/NetflixMonitorService( 1733): current fgapk : com.hisense.hicloud.edca
07-05 21:07:50.653 I/NetflixMonitorService( 1733): Netflix status unchanged
07-05 21:07:50.694 V/WindowManager( 1733): Adding window Window{13879b96 u0 com.hisense.hicloud.edca/com.hisense.tvui.newhome.HomeMainActivity} at 11 of 19 (after Window{315991a u0 com.hisense.hicloud.edca/com.hisense.hicloud.edca.activity.EntryActivity})
07-05 21:07:50.859 D/PowerManagerService( 1733): setScreenBrightnessOverrideFromWindowManagerInternal done
07-05 21:07:50.862 D/PowerManagerService( 1733): setScreenBrightnessOverrideFromWindowManagerInternal done
07-05 21:07:51.042 D/PowerManagerService( 1733): setScreenBrightnessOverrideFromWindowManagerInternal done
07-05 21:07:51.046 D/PowerManagerService( 1733): setScreenBrightnessOverrideFromWindowManagerInternal done
07-05 21:07:51.050 D/PowerManagerService( 1733): setScreenBrightnessOverrideFromWindowManagerInternal done
07-05 21:07:51.477 D/PowerManagerService( 1733): setScreenBrightnessOverrideFromWindowManagerInternal done
07-05 21:07:51.479 D/PowerManagerService( 1733): setScreenBrightnessOverrideFromWindowManagerInternal done
07-05 21:07:51.493 D/PowerManagerService( 1733): setScreenBrightnessOverrideFromWindowManagerInternal done
07-05 21:07:51.653 I/NetflixMonitorService( 1733): current fgapk : com.hisense.hicloud.edca
07-05 21:07:51.653 I/NetflixMonitorService( 1733): Netflix status unchanged
07-05 21:07:52.655 I/NetflixMonitorService( 1733): current fgapk : com.hisense.hicloud.edca
07-05 21:07:52.655 I/NetflixMonitorService( 1733): Netflix status unchanged
07-05 21:07:52.922 D/PowerManagerService( 1733): setScreenBrightnessOverrideFromWindowManagerInternal done
07-05 21:07:53.408 V/HotPlugDetectionAction( 1733): Poll all devices.
07-05 21:07:53.655 I/NetflixMonitorService( 1733): current fgapk : com.hisense.hicloud.edca
07-05 21:07:53.655 I/NetflixMonitorService( 1733): Netflix status unchanged
07-05 21:07:53.790 D/PowerManagerService( 1733): releaseWakeLockInternal: lock=681732318 [ActivityManager-Launch], flags=0x0
07-05 21:07:53.790 D/PowerManagerNotifier( 1733): onWakeLockReleased: flags=1, tag="ActivityManager-Launch", packageName=android, ownerUid=1000, ownerPid=1733, workSource=null
07-05 21:07:53.811 D/PowerManagerService( 1733): setScreenBrightnessOverrideFromWindowManagerInternal done
07-05 21:07:53.881 E/HDMI_CEC( 1733): Send Message TO[5] 
07-05 21:07:53.881 E/HDMI_CEC( 1733): OP[0], <Feature Abort> 
07-05 21:07:53.881 E/HDMI_CEC( 1733): ========
07-05 21:07:53.953 E/HDMI_CEC( 1733): MI_CEC_SendTxPolling, ErrCode[4] 
07-05 21:07:53.986 E/HDMI_CEC( 1733): Sending message can't be response. 
07-05 21:07:54.208 W/ActivityManager( 1733): Activity destroy timeout for ActivityRecord{1ee442cd u0 com.jamdeo.launcher/.app.BaseTileActivity t5103 f}
07-05 21:07:54.303 I/UsageStatsService( 1733): User[0] Flushing usage stats to disk
07-05 21:07:54.620 D/PowerManagerService( 1733): setScreenBrightnessOverrideFromWindowManagerInternal done
07-05 21:07:54.628 V/WindowManager( 1733): Adding window Window{34df3888 u0 SurfaceView} at 10 of 19 (before Window{13879b96 u0 com.hisense.hicloud.edca/com.hisense.tvui.newhome.HomeMainActivity})
07-05 21:07:54.635 D/PowerManagerService( 1733): setScreenBrightnessOverrideFromWindowManagerInternal done
07-05 21:07:54.647 D/PowerManagerService( 1733): setScreenBrightnessOverrideFromWindowManagerInternal done
07-05 21:07:54.653 D/PowerManagerService( 1733): setScreenBrightnessOverrideFromWindowManagerInternal done
07-05 21:07:54.656 I/NetflixMonitorService( 1733): current fgapk : com.hisense.hicloud.edca
07-05 21:07:54.656 I/NetflixMonitorService( 1733): Netflix status unchanged
07-05 21:07:54.664 D/PowerManagerService( 1733): setScreenBrightnessOverrideFromWindowManagerInternal done
07-05 21:07:54.686 D/PowerManagerService( 1733): setScreenBrightnessOverrideFromWindowManagerInternal done
07-05 21:07:54.836 W/ActivityManager( 1733): getTasks: caller 10002 is using old GET_TASKS but privileged; allowing
07-05 21:07:55.021 D/HDMI    ( 1733): [P]:AllocatedAddress=[]
07-05 21:07:55.156 D/PowerManagerService( 1733): acquireWakeLockInternal: lock=125088289, flags=0x1, tag="AudioMix", ws=null, uid=1013, pid=0
07-05 21:07:55.156 D/PowerManagerNotifier( 1733): onWakeLockAcquired: flags=1, tag="AudioMix", packageName=media, ownerUid=1013, ownerPid=0, workSource=null
07-05 21:07:55.157 D/PowerManagerService( 1733): acquireWakeLockInternal: lock=561780294, flags=0x1, tag="AudioMix", ws=null, uid=1013, pid=0
07-05 21:07:55.157 D/PowerManagerNotifier( 1733): onWakeLockAcquired: flags=1, tag="AudioMix", packageName=media, ownerUid=1013, ownerPid=0, workSource=null
07-05 21:07:55.157 D/PowerManagerService( 1733): updateWakeLockWorkSourceInternal: lock=125088289 [AudioMix], ws=null
07-05 21:07:55.157 D/PowerManagerService( 1733): updateWakeLockWorkSourceInternal: lock=561780294 [AudioMix], ws=null
07-05 21:07:55.656 I/NetflixMonitorService( 1733): current fgapk : com.hisense.hicloud.edca
07-05 21:07:55.656 I/NetflixMonitorService( 1733): Netflix status unchanged
07-05 21:07:56.192 D/WifiService( 1733): New client listening to asynchronous messages
07-05 21:07:56.203 D/PowerManagerService( 1733): setScreenBrightnessOverrideFromWindowManagerInternal done
07-05 21:07:56.205 D/PowerManagerService( 1733): setScreenBrightnessOverrideFromWindowManagerInternal done
07-05 21:07:56.231 D/PowerManagerService( 1733): acquireWakeLockInternal: lock=487931605, flags=0x2000000a, tag="WindowManager", ws=WorkSource{10010}, uid=1000, pid=1733
07-05 21:07:56.231 D/PowerManagerNotifier( 1733): onWakeLockAcquired: flags=536870922, tag="WindowManager", packageName=android, ownerUid=1000, ownerPid=1733, workSource=WorkSource{10010}
07-05 21:07:56.232 D/PowerManagerService( 1733): setScreenBrightnessOverrideFromWindowManagerInternal done
07-05 21:07:56.657 I/NetflixMonitorService( 1733): current fgapk : com.hisense.hicloud.edca
07-05 21:07:56.657 I/NetflixMonitorService( 1733): Netflix status unchanged
07-05 21:07:57.608 D/PowerManagerService( 1733): updateWakeLockWorkSourceInternal: lock=561780294 [AudioMix], ws=WorkSource{10010}
07-05 21:07:57.608 D/PowerManagerNotifier( 1733): onWakeLockReleased: flags=1, tag="AudioMix", packageName=media, ownerUid=1013, ownerPid=0, workSource=null
07-05 21:07:57.608 D/PowerManagerNotifier( 1733): onWakeLockAcquired: flags=1, tag="AudioMix", packageName=media, ownerUid=1013, ownerPid=0, workSource=WorkSource{10010}
07-05 21:07:57.657 I/NetflixMonitorService( 1733): current fgapk : com.hisense.hicloud.edca
07-05 21:07:57.657 I/NetflixMonitorService( 1733): Netflix status unchanged
07-05 21:07:57.675 W/ActivityManager( 1733): getTasks: caller 10002 is using old GET_TASKS but privileged; allowing
--------- beginning of main
07-05 21:07:58.095 I/MyFragmentStateAdapter(19291): getCount
07-05 21:07:58.126 I/MyFragmentStateAdapter(19291): getCount
07-05 21:07:58.157 D/PowerManagerService( 1733): releaseWakeLockInternal: lock=125088289 [AudioMix], flags=0x0
07-05 21:07:58.158 D/PowerManagerNotifier( 1733): onWakeLockReleased: flags=1, tag="AudioMix", packageName=media, ownerUid=1013, ownerPid=0, workSource=null
07-05 21:07:58.176 I/MyFragmentStateAdapter(19291): getCount
07-05 21:07:58.195 I/MyFragmentStateAdapter(19291): getCount
07-05 21:07:58.217 I/MyFragmentStateAdapter(19291): getCount
07-05 21:07:58.237 I/MyFragmentStateAdapter(19291): getCount
07-05 21:07:58.263 I/MyFragmentStateAdapter(19291): getCount
07-05 21:07:58.270 I/MiSysSrv( 1214): [37m[INFO] Change to Voltage: 102 mv (0x23)[m
07-05 21:07:58.293 I/MyFragmentStateAdapter(19291): getCount
07-05 21:07:58.323 I/MyFragmentStateAdapter(19291): getCount
07-05 21:07:58.347 I/MyFragmentStateAdapter(19291): getCount
07-05 21:07:58.371 I/MiSysSrv( 1214): [37m[INFO] Change to Voltage: 102 mv (0x23)[m
07-05 21:07:58.372 I/MyFragmentStateAdapter(19291): getCount
07-05 21:07:58.403 I/MyFragmentStateAdapter(19291): getCount
07-05 21:07:58.433 I/MyFragmentStateAdapter(19291): getCount
07-05 21:07:58.457 I/MyFragmentStateAdapter(19291): getCount
07-05 21:07:58.483 I/MyFragmentStateAdapter(19291): getCount
07-05 21:07:58.487 I/TVMW@HsTvSetting( 1234): Trace cmd, data = 0x1058
07-05 21:07:58.489 D/til@system( 2026): til_get_system_param option:100002F int:0, bool:0, ret:0
07-05 21:07:58.489 I/TVMW@HsTvSetting( 1234): Trace cmd, data = 0x101f
07-05 21:07:58.490 D/til@system( 2026): til_get_system_param option:100001D int:3, bool:3, ret:0
07-05 21:07:58.490 E/til     ( 2026): [til_get_current_input_source, 101] 
07-05 21:07:58.490 I/TVMW@HsTvSetting( 1234): Trace cmd, data = 0x7007
07-05 21:07:58.490 I/tilwrapper@sm( 2026): HS2TIL_SourceType *hs=0xd, *til=0x900
07-05 21:07:58.490 D/til     ( 2026): get current source 2304
07-05 21:07:58.490 D/SourceRemoteServiceHandler( 2026): getCurrentInputSource.from.til.result is 0, value is 2304
07-05 21:07:58.490 D/SourceRemoteServiceHandler( 2026): getInputSourceType source: 0x900, type=2304
07-05 21:07:58.491 D/til     ( 2026): ###### func:til_get_picture_param option:0x3000006 ######  
07-05 21:07:58.491 I/TVMW@HsTvSetting( 1234): Trace cmd, data = 0x1003
07-05 21:07:58.491 I/TVMW@HsTvSetting( 1234): Trace cmd, data = 0x8032
07-05 21:07:58.492 I/hstvos  ( 1216): [0m[1;33m[HSHAL][HS_VIDEO][HS_HAL_Video_SetOsdDetect_v2][2389]u16Threshold = 20
07-05 21:07:58.492 E/TVMW@videoctrl( 1234):  getOsd is 1
07-05 21:07:58.493 D/til@system( 2026): til_get_system_param option:1000027 int:1, bool:1, ret:0
07-05 21:07:58.493 D/til     ( 2026): ###### func:til_get_picture_param option:0x3000045 ######  
07-05 21:07:58.494 I/TVMW@HsTvSetting( 1234): Trace cmd, data = 0x300c
07-05 21:07:58.494 I/TVMW@HsTvSetting( 1234): Trace 3d, data = 0x300c
07-05 21:07:58.494 I/TVMW@3d ( 1234): Hs_debug3d_trace: func:get3dStatus, line:109
07-05 21:07:58.515 I/MyFragmentStateAdapter(19291): getCount
07-05 21:07:58.544 I/MyFragmentStateAdapter(19291): getCount
07-05 21:07:58.556 I/TVMW@devctrl( 1234): wdt
07-05 21:07:58.566 I/MyFragmentStateAdapter(19291): getCount
07-05 21:07:58.598 I/MyFragmentStateAdapter(19291): getCount
07-05 21:07:58.621 I/MyFragmentStateAdapter(19291): getCount
07-05 21:07:58.656 I/MyFragmentStateAdapter(19291): getCount
07-05 21:07:58.659 I/NetflixMonitorService( 1733): current fgapk : com.hisense.hicloud.edca
07-05 21:07:58.659 I/NetflixMonitorService( 1733): Netflix status unchanged
07-05 21:07:58.695 I/MyFragmentStateAdapter(19291): getCount
07-05 21:07:58.724 I/MyFragmentStateAdapter(19291): getCount
07-05 21:07:58.749 I/MyFragmentStateAdapter(19291): getCount
07-05 21:07:58.771 I/MiSysSrv( 1214): [37m[INFO] Change to Voltage: 117 mv (0x32)[m
07-05 21:07:58.778 I/MyFragmentStateAdapter(19291): getCount
07-05 21:07:58.808 I/MyFragmentStateAdapter(19291): getCount
07-05 21:07:58.834 I/MyFragmentStateAdapter(19291): getCount
07-05 21:07:58.855 I/MyFragmentStateAdapter(19291): getCount
07-05 21:07:58.871 I/MiSysSrv( 1214): [37m[INFO] Change to Voltage: 117 mv (0x32)[m
07-05 21:07:58.882 I/MyFragmentStateAdapter(19291): getCount
07-05 21:07:58.910 D/MSTAR_VDEC_DBG( 1206): Stream ID: 0, Rate : 23 (E:0,D:0,S:0,F:51) 
07-05 21:07:58.915 I/MyFragmentStateAdapter(19291): getCount
07-05 21:07:58.962 I/MyFragmentStateAdapter(19291): getCount
07-05 21:07:58.970 I/MiSysSrv( 1214): [37m[INFO] Change to Voltage: 112 mv (0x2D)[m
07-05 21:07:58.994 I/MyFragmentStateAdapter(19291): getCount
07-05 21:07:58.996 I/TVMW@HsTvSetting( 1234): Trace cmd, data = 0x1058
07-05 21:07:58.996 D/til@system( 2026): til_get_system_param option:100002F int:0, bool:0, ret:0
07-05 21:07:58.996 I/TVMW@HsTvSetting( 1234): Trace cmd, data = 0x101f
07-05 21:07:58.997 D/til@system( 2026): til_get_system_param option:100001D int:3, bool:3, ret:0
07-05 21:07:58.997 E/til     ( 2026): [til_get_current_input_source, 101] 
07-05 21:07:58.997 I/TVMW@HsTvSetting( 1234): Trace cmd, data = 0x7007
07-05 21:07:58.997 I/tilwrapper@sm( 2026): HS2TIL_SourceType *hs=0xd, *til=0x900
07-05 21:07:58.997 D/til     ( 2026): get current source 2304
07-05 21:07:58.997 D/SourceRemoteServiceHandler( 2026): getCurrentInputSource.from.til.result is 0, value is 2304
07-05 21:07:58.997 D/SourceRemoteServiceHandler( 2026): getInputSourceType source: 0x900, type=2304
07-05 21:07:58.998 D/til     ( 2026): ###### func:til_get_picture_param option:0x3000006 ######  
07-05 21:07:58.998 I/TVMW@HsTvSetting( 1234): Trace cmd, data = 0x1003
07-05 21:07:58.998 I/TVMW@HsTvSetting( 1234): Trace cmd, data = 0x8032
07-05 21:07:58.999 I/hstvos  ( 1216): [0m[1;33m[HSHAL][HS_VIDEO][HS_HAL_Video_SetOsdDetect_v2][2389]u16Threshold = 20
07-05 21:07:58.999 E/TVMW@videoctrl( 1234):  getOsd is 1
07-05 21:07:58.999 D/til@system( 2026): til_get_system_param option:1000027 int:1, bool:1, ret:0
07-05 21:07:58.999 D/til     ( 2026): ###### func:til_get_picture_param option:0x3000045 ######  
07-05 21:07:59.000 I/TVMW@HsTvSetting( 1234): Trace cmd, data = 0x300c
07-05 21:07:59.000 I/TVMW@HsTvSetting( 1234): Trace 3d, data = 0x300c
07-05 21:07:59.000 I/TVMW@3d ( 1234): Hs_debug3d_trace: func:get3dStatus, line:109
07-05 21:07:59.027 I/MyFragmentStateAdapter(19291): getCount
07-05 21:07:59.062 I/MyFragmentStateAdapter(19291): getCount
07-05 21:07:59.092 I/MyFragmentStateAdapter(19291): getCount
07-05 21:07:59.111 I/MyFragmentStateAdapter(19291): getCount
07-05 21:07:59.146 I/MyFragmentStateAdapter(19291): getCount
07-05 21:07:59.171 I/MiSysSrv( 1214): [37m[INFO] Change to Voltage: 112 mv (0x2D)[m
07-05 21:07:59.180 I/MyFragmentStateAdapter(19291): getCount
07-05 21:07:59.215 I/MyFragmentStateAdapter(19291): getCount
07-05 21:07:59.243 I/MyFragmentStateAdapter(19291): getCount
07-05 21:07:59.273 I/MyFragmentStateAdapter(19291): getCount
07-05 21:07:59.301 I/MyFragmentStateAdapter(19291): getCount
07-05 21:07:59.326 I/MyFragmentStateAdapter(19291): getCount
07-05 21:07:59.354 I/MyFragmentStateAdapter(19291): getCount
07-05 21:07:59.382 I/MyFragmentStateAdapter(19291): getCount
07-05 21:07:59.417 I/MyFragmentStateAdapter(19291): getCount
07-05 21:07:59.440 D/MC_MEMORY(16055): max: 256.261888 Mb, heap: 10.10797 Mb, allocated: 8.9064 Mb, free: 1.1734 Mb, native heap: 12.12276 Mb, native allocated: 8.8302 Mb, native free: 3.3974 Mb
07-05 21:07:59.448 I/MyFragmentStateAdapter(19291): getCount
07-05 21:07:59.456 I/TVMW@devctrl( 1234): wdt
07-05 21:07:59.471 I/MiSysSrv( 1214): [37m[INFO] Change to Voltage: 107 mv (0x28)[m
07-05 21:07:59.488 I/MyFragmentStateAdapter(19291): getCount
07-05 21:07:59.501 I/TVMW@HsTvSetting( 1234): Trace cmd, data = 0x1058
07-05 21:07:59.501 D/til@system( 2026): til_get_system_param option:100002F int:0, bool:0, ret:0
07-05 21:07:59.501 I/TVMW@HsTvSetting( 1234): Trace cmd, data = 0x101f
07-05 21:07:59.501 D/til@system( 2026): til_get_system_param option:100001D int:3, bool:3, ret:0
07-05 21:07:59.501 E/til     ( 2026): [til_get_current_input_source, 101] 
07-05 21:07:59.502 I/TVMW@HsTvSetting( 1234): Trace cmd, data = 0x7007
07-05 21:07:59.502 I/tilwrapper@sm( 2026): HS2TIL_SourceType *hs=0xd, *til=0x900
07-05 21:07:59.502 D/til     ( 2026): get current source 2304
07-05 21:07:59.502 D/SourceRemoteServiceHandler( 2026): getCurrentInputSource.from.til.result is 0, value is 2304
07-05 21:07:59.502 D/SourceRemoteServiceHandler( 2026): getInputSourceType source: 0x900, type=2304
07-05 21:07:59.502 D/til     ( 2026): ###### func:til_get_picture_param option:0x3000006 ######  
07-05 21:07:59.502 I/TVMW@HsTvSetting( 1234): Trace cmd, data = 0x1003
07-05 21:07:59.503 I/TVMW@HsTvSetting( 1234): Trace cmd, data = 0x8032
07-05 21:07:59.503 I/hstvos  ( 1216): [0m[1;33m[HSHAL][HS_VIDEO][HS_HAL_Video_SetOsdDetect_v2][2389]u16Threshold = 20
07-05 21:07:59.504 E/TVMW@videoctrl( 1234):  getOsd is 1
07-05 21:07:59.504 D/til@system( 2026): til_get_system_param option:1000027 int:1, bool:1, ret:0
07-05 21:07:59.504 D/til     ( 2026): ###### func:til_get_picture_param option:0x3000045 ######  
07-05 21:07:59.507 I/TVMW@HsTvSetting( 1234): Trace cmd, data = 0x300c
07-05 21:07:59.507 I/TVMW@HsTvSetting( 1234): Trace 3d, data = 0x300c
07-05 21:07:59.507 I/TVMW@3d ( 1234): Hs_debug3d_trace: func:get3dStatus, line:109
07-05 21:07:59.521 I/MyFragmentStateAdapter(19291): getCount
07-05 21:07:59.563 I/MyFragmentStateAdapter(19291): getCount
07-05 21:07:59.574 I/MiSysSrv( 1214): [37m[INFO] Change to Voltage: 107 mv (0x28)[m
07-05 21:07:59.593 I/MyFragmentStateAdapter(19291): getCount
07-05 21:07:59.614 I/MyFragmentStateAdapter(19291): getCount
07-05 21:07:59.647 I/MyFragmentStateAdapter(19291): getCount
07-05 21:07:59.660 I/NetflixMonitorService( 1733): current fgapk : com.hisense.hicloud.edca
07-05 21:07:59.660 I/NetflixMonitorService( 1733): Netflix status unchanged
07-05 21:07:59.671 I/MiSysSrv( 1214): [37m[INFO] Change to Voltage: 102 mv (0x23)[m
07-05 21:07:59.685 I/MyFragmentStateAdapter(19291): getCount
07-05 21:07:59.721 I/MyFragmentStateAdapter(19291): getCount
07-05 21:07:59.756 I/MyFragmentStateAdapter(19291): getCount
07-05 21:07:59.794 I/MyFragmentStateAdapter(19291): getCount
07-05 21:07:59.833 I/MyFragmentStateAdapter(19291): getCount
07-05 21:07:59.852 D/DtvSourcePlugin-DVBC(15961): Setting the EPG Updater state to: WAIT
07-05 21:07:59.860 I/MyFragmentStateAdapter(19291): getCount
07-05 21:07:59.871 I/MiSysSrv( 1214): [37m[INFO] Change to Voltage: 102 mv (0x23)[m
07-05 21:07:59.893 I/MyFragmentStateAdapter(19291): getCount
07-05 21:07:59.921 I/MyFragmentStateAdapter(19291): getCount
07-05 21:07:59.950 D/MSTAR_VDEC_DBG( 1206): Stream ID: 0, Rate : 24 (E:0,D:0,S:0,F:76) 
07-05 21:07:59.957 I/MyFragmentStateAdapter(19291): getCount
07-05 21:07:59.970 I/MiSysSrv( 1214): [37m[INFO] Change to Voltage: 102 mv (0x23)[m
07-05 21:08:00.001 D/PowerManagerService( 1733): acquireWakeLockInternal: lock=1013057410, flags=0x40000001, tag="*alarm*", ws=WorkSource{1000}, uid=1000, pid=1733
07-05 21:08:00.001 D/PowerManagerNotifier( 1733): onWakeLockAcquired: flags=1073741825, tag="*alarm*", packageName=android, ownerUid=1000, ownerPid=1733, workSource=WorkSource{1000}
07-05 21:08:00.003 I/MyFragmentStateAdapter(19291): getCount
07-05 21:08:00.008 I/StatusBar( 2232): time status chg:android.intent.action.TIME_TICK
07-05 21:08:00.008 I/StatusBar( 2232): update status bar with index: 1
07-05 21:08:00.008 I/StatusBar( 2232): on update status bar, index: 1
07-05 21:08:00.008 I/StatusBarDataProvider( 2232): update status bar 1
07-05 21:08:00.008 I/TVMW@HsTvSetting( 1234): Trace cmd, data = 0x1058
07-05 21:08:00.009 D/til@system( 2026): til_get_system_param option:100002F int:0, bool:0, ret:0
07-05 21:08:00.010 I/TVMW@HsTvSetting( 1234): Trace cmd, data = 0x101f
07-05 21:08:00.010 D/til@system( 2026): til_get_system_param option:100001D int:3, bool:3, ret:0
07-05 21:08:00.010 E/til     ( 2026): [til_get_current_input_source, 101] 
07-05 21:08:00.010 I/TVMW@HsTvSetting( 1234): Trace cmd, data = 0x7007
07-05 21:08:00.010 I/tilwrapper@sm( 2026): HS2TIL_SourceType *hs=0xd, *til=0x900
07-05 21:08:00.010 D/til     ( 2026): get current source 2304
07-05 21:08:00.010 D/SourceRemoteServiceHandler( 2026): getCurrentInputSource.from.til.result is 0, value is 2304
07-05 21:08:00.010 D/SourceRemoteServiceHandler( 2026): getInputSourceType source: 0x900, type=2304
07-05 21:08:00.011 D/til     ( 2026): ###### func:til_get_picture_param option:0x3000006 ######  
07-05 21:08:00.011 I/TVMW@HsTvSetting( 1234): Trace cmd, data = 0x1003
07-05 21:08:00.012 I/TVMW@HsTvSetting( 1234): Trace cmd, data = 0x8032
07-05 21:08:00.012 I/StatusBar( 2232): Data received with tag:1 false
07-05 21:08:00.012 I/hstvos  ( 1216): [0m[1;33m[HSHAL][HS_VIDEO][HS_HAL_Video_SetOsdDetect_v2][2389]u16Threshold = 20
07-05 21:08:00.013 E/TVMW@videoctrl( 1234):  getOsd is 1
07-05 21:08:00.013 D/til@system( 2026): til_get_system_param option:1000027 int:1, bool:1, ret:0
07-05 21:08:00.013 D/til     ( 2026): ###### func:til_get_picture_param option:0x3000045 ######  
07-05 21:08:00.013 I/TVMW@HsTvSetting( 1234): Trace cmd, data = 0x300c
07-05 21:08:00.013 I/TVMW@HsTvSetting( 1234): Trace 3d, data = 0x300c
07-05 21:08:00.013 I/TVMW@3d ( 1234): Hs_debug3d_trace: func:get3dStatus, line:109
07-05 21:08:00.022 E/MyDataReported(17144): ***action=android.intent.action.TIME_TICK
07-05 21:08:00.025 E/Daemon  (17144): iQRTIME=4
07-05 21:08:00.029 D/PowerManagerService( 1733): releaseWakeLockInternal: lock=1013057410 [*alarm*], flags=0x0
07-05 21:08:00.030 D/PowerManagerNotifier( 1733): onWakeLockReleased: flags=1073741825, tag="*alarm*", packageName=android, ownerUid=1000, ownerPid=1733, workSource=WorkSource{1000}
07-05 21:08:00.044 I/MyFragmentStateAdapter(19291): getCount
07-05 21:08:00.070 I/MiSysSrv( 1214): [37m[INFO] Change to Voltage: 117 mv (0x32)[m
07-05 21:08:00.085 I/MyFragmentStateAdapter(19291): getCount
07-05 21:08:00.117 I/MyFragmentStateAdapter(19291): getCount
07-05 21:08:00.122 D/GlobalInputEventMonitoringService( 1733): interceptKeyBeforeQueueing(), event:22, mNeedMonitorKeyEvent:true, mWaitForKeyUpEvent:false
07-05 21:08:00.122 D/GlobalInputEventMonitoringService( 1733): processKeyEvent(), processKeyEvent event:22
07-05 21:08:00.123 D/WindowManager( 1733): interceptKeyTq keycode=22 interactive=true keyguardActive=false policyFlags=2b000000 isCancled= false
07-05 21:08:00.123 D/PowerManagerService( 1733): userActivityNoUpdateLocked: eventTime=8921691, event=1, flags=0x0, uid=1000
07-05 21:08:00.123 D/WindowManager( 1733): interceptKeyTi keyCode=22 down=true repeatCount=0 keyguardOn=false mHomePressed=false canceled=false
07-05 21:08:00.123 D/WindowManager( 1733): Hisense systemkey event: 22
07-05 21:08:00.123 D/HisenseGlobalKeyManager( 1733): handleGlobalKey() : Global event = KeyEvent { action=ACTION_DOWN, keyCode=KEYCODE_DPAD_RIGHT, scanCode=0, metaState=0, flags=0x0, repeatCount=0, eventTime=8921691, downTime=8921691, deviceId=-1, source=0x101 }
07-05 21:08:00.154 D/SogouIME( 2203): [onKeyDown] keycode = 22 model = VIDAA_TV
07-05 21:08:00.157 I/MyFragmentStateAdapter(19291): getCount
07-05 21:08:00.183 D/Carousel-CarouselDisplayPlayerLayout(19291): HasFocus:false,keyCode:22
07-05 21:08:00.183 D/Carousel-CarouselDisplayPlayerLayout(19291): isFullScreen:false
07-05 21:08:00.183 I/HomeMainActivity(19291): carousel handle key:false
07-05 21:08:00.183 I/MainHomeView(19291): dispatchKeyEvent ACTION_DOWN now 
07-05 21:08:00.183 I/TabView (19291): onKeyListener() ACTION_DOWN keyCode -- 22
07-05 21:08:00.183 I/SoftFragmentList(19291): fetchCacheFragment  enter ---- index = 2
07-05 21:08:00.183 D/SoftFragmentList(19291): fetchCacheFragment  mFragmentCache.size() = 3
07-05 21:08:00.183 D/SoftFragmentList(19291): fetchCacheFragment mLastIndex = 2, view = 
07-05 21:08:00.183 I/BaseContentFragment(19291): initChildFocustrue,recyclerview=com.hisense.leanback.widget.VerticalGridView{1788375f VFED.... ........ 0,0-1768,1080 #7f0d02c8 app:id/recyclerview_content}====---mIsVisibleToUser:true-------
07-05 21:08:00.196 D/til@system( 2026): til_get_system_param option:1000007 int:-1936522368, bool:128, ret:0
07-05 21:08:00.197 D/til@system( 2026): til_get_system_param option:1000009 int:-1936525184, bool:128, ret:0
07-05 21:08:00.199 D/til@system( 2026): til_get_system_param option:1000008 int:-1936522112, bool:128, ret:0
07-05 21:08:00.200 D/HiSDKLogReport(19291): getOperationDetail-productName : LED50MU8600UC
07-05 21:08:00.200 D/HiSDKLogReport(19291): getOperationDetail-plmNumber : 88888
07-05 21:08:00.200 D/HiSDKLogReport(19291): getOperationDetail-swVersion : V0000.00.01A
07-05 21:08:00.200 D/HiSDKLogReport(19291): getOperationDetail-operationDetail : LED50MU8600UC0000888
07-05 21:08:00.201 D/HiSDKLogReport(19291): businessLogReport-log : {eventType=232, APPVersionName=3.0.0.9.00, devid=86100300900000500000060a4818fca8, rowid=-1, uuid=13287129, APIversion=501, eventcode=232000, logversion=2.0, columnid=-1, devType=0, eventPos=000, groupid=-1, ChannelId=0, version=00.002.003, subscriberId=13287129, PFAPPCode=652, tabid=0, softwareVersion=LED50MU8600UC0000888, srceventcode=201000, mac=a8:a6:48:18:fc:a8, accessToken=72DF6038D2AEAB8A76DFBBBBCC428A4A_000902392784229, srctabid=0, APPPackage=com.hisense.hicloud.edca, sessionid=5768da169563423ab2e9c0cc89f39d3f, requesttime=1499260080200, customerId=7195320, model_id=0, requestid=566f1c78f6a24ce19eac6e25f5007cb2, tv_distribute_id=00, APIVersion=600, issysrepo=0}
07-05 21:08:00.202 D/BaseContentFragment(19291): initChildFocus firstlineview===>:com.hisense.tvui.newhome.view.SpecialFirstView{1c2db185 V.E..... ........ 10,185-1748,691}
07-05 21:08:00.202 D/setHistoryRequestFocus(19291): ===>false
07-05 21:08:00.202 I/FirstlineLayoutManager(19291): left=0,width=1738,scroll Distance=-1488
07-05 21:08:00.203 I/BaseContentFragment(19291): setRowViewSelectedViewHolder{2ef72cd2 position=0 id=-1, oldPos=-1, pLpos:-1},isSelectedfalse
07-05 21:08:00.203 I/BaseContentFragment(19291): setRowViewSelectedViewHolder{24b3c1c9 position=1 id=-1, oldPos=-1, pLpos:-1},isSelectedtrue
07-05 21:08:00.203 I/RoleContentFragment(19291): onChildSelected:1,lastPos=0
07-05 21:08:00.206 I/TabView (19291): onfocuschange:false
07-05 21:08:00.206 D/TabView (19291): icon---:2
07-05 21:08:00.206 E/TabView (19291): 
07-05 21:08:00.213 D/CommonHeader(19291): onTabStatusChanged tabstatus===>:40000
07-05 21:08:00.220 D/GlobalInputEventMonitoringService( 1733): interceptKeyBeforeQueueing(), event:22, mNeedMonitorKeyEvent:true, mWaitForKeyUpEvent:false
07-05 21:08:00.220 D/GlobalInputEventMonitoringService( 1733): processKeyEvent(), processKeyEvent event:22
07-05 21:08:00.220 D/WindowManager( 1733): interceptKeyTq keycode=22 interactive=true keyguardActive=false policyFlags=2b000000 isCancled= false
07-05 21:08:00.221 D/WindowManager( 1733): interceptKeyTi keyCode=22 down=false repeatCount=0 keyguardOn=false mHomePressed=false canceled=false
07-05 21:08:00.221 D/WindowManager( 1733): Hisense systemkey event: 22
07-05 21:08:00.221 D/HisenseGlobalKeyManager( 1733): handleGlobalKey() : Global event = KeyEvent { action=ACTION_UP, keyCode=KEYCODE_DPAD_RIGHT, scanCode=0, metaState=0, flags=0x0, repeatCount=0, eventTime=8921691, downTime=8921691, deviceId=-1, source=0x101 }
07-05 21:08:00.226 W/System.err(19291): java.net.ConnectException: failed to connect to /10.18.210.112 (port 8900) after 6000ms: isConnected failed: ECONNREFUSED (Connection refused)
07-05 21:08:00.227 W/System.err(19291): 	at libcore.io.IoBridge.isConnected(IoBridge.java:238)
07-05 21:08:00.227 W/System.err(19291): 	at libcore.io.IoBridge.connectErrno(IoBridge.java:171)
07-05 21:08:00.227 W/System.err(19291): 	at libcore.io.IoBridge.connect(IoBridge.java:122)
07-05 21:08:00.227 W/System.err(19291): 	at java.net.PlainSocketImpl.connect(PlainSocketImpl.java:183)
07-05 21:08:00.227 W/System.err(19291): 	at java.net.PlainSocketImpl.connect(PlainSocketImpl.java:456)
07-05 21:08:00.227 W/System.err(19291): 	at java.net.Socket.connect(Socket.java:882)
07-05 21:08:00.227 W/System.err(19291): 	at com.android.okhttp.internal.Platform.connectSocket(Platform.java:174)
07-05 21:08:00.227 W/System.err(19291): 	at com.android.okhttp.Connection.connect(Connection.java:152)
07-05 21:08:00.227 W/System.err(19291): 	at com.android.okhttp.internal.http.HttpEngine.connect(HttpEngine.java:276)
07-05 21:08:00.227 W/System.err(19291): 	at com.android.okhttp.internal.http.HttpEngine.sendRequest(HttpEngine.java:211)
07-05 21:08:00.227 W/System.err(19291): 	at com.android.okhttp.internal.http.HttpURLConnectionImpl.execute(HttpURLConnectionImpl.java:382)
07-05 21:08:00.227 W/System.err(19291): 	at com.android.okhttp.internal.http.HttpURLConnectionImpl.connect(HttpURLConnectionImpl.java:106)
07-05 21:08:00.227 W/System.err(19291): 	at com.hisense.hitv.hicloud.util.ExceptionReport.a(ExceptionReport.java:337)
07-05 21:08:00.227 W/System.err(19291): 	at com.hisense.hitv.hicloud.util.ExceptionReport.a(ExceptionReport.java:39)
07-05 21:08:00.227 W/System.err(19291): 	at com.hisense.hitv.hicloud.util.ExceptionReport$1.run(ExceptionReport.java:83)
07-05 21:08:00.227 W/System.err(19291): 	at java.lang.Thread.run(Thread.java:818)
07-05 21:08:00.227 W/System.err(19291): Caused by: android.system.ErrnoException: isConnected failed: ECONNREFUSED (Connection refused)
07-05 21:08:00.227 W/System.err(19291): 	at libcore.io.IoBridge.isConnected(IoBridge.java:223)
07-05 21:08:00.227 W/System.err(19291): 	... 15 more
07-05 21:08:00.231 D/HttpHandler(19291): VerifySignInterCeptor-->request.url()=http://picture.edu.hismarttv.com/images/20170628121925625089.png
07-05 21:08:00.231 D/HttpHandler(19291): VerifySignInterCeptor-->hostname=picture.edu.hismarttv.com
07-05 21:08:00.233 D/OkHttp  (19291): --> GET http://picture.edu.hismarttv.com/images/20170628121925625089.png http/1.1
07-05 21:08:00.233 D/OkHttp  (19291): Host: picture.edu.hismarttv.com
07-05 21:08:00.233 D/OkHttp  (19291): Connection: Keep-Alive
07-05 21:08:00.233 D/OkHttp  (19291): Accept-Encoding: gzip
07-05 21:08:00.233 D/OkHttp  (19291): User-Agent: okhttp/3.6.0
07-05 21:08:00.233 D/OkHttp  (19291): --> END GET
07-05 21:08:00.235 I/MyFragmentStateAdapter(19291): getCount
07-05 21:08:00.255 D/OkHttp  (19291): <-- 200 OK http://picture.edu.hismarttv.com/images/20170628121925625089.png (21ms)
07-05 21:08:00.255 D/OkHttp  (19291): Date: Tue, 04 Jul 2017 02:31:48 GMT
07-05 21:08:00.255 D/OkHttp  (19291): Server: nginx
07-05 21:08:00.255 D/OkHttp  (19291): Content-Type: image/png
07-05 21:08:00.255 D/OkHttp  (19291): Content-Length: 3689
07-05 21:08:00.255 D/OkHttp  (19291): Last-Modified: Wed, 28 Jun 2017 12:19:25 GMT
07-05 21:08:00.255 D/OkHttp  (19291): ETag: "59539ecd-e69"
07-05 21:08:00.255 D/OkHttp  (19291): Accept-Ranges: bytes
07-05 21:08:00.255 D/OkHttp  (19291): Age: 124572
07-05 21:08:00.255 D/OkHttp  (19291): Via: 1.1 jnwt241:0 (Cdn Cache Server V2.0)[0 200 0], 1.1 t86:5 (Cdn Cache Server V2.0)[0 200 0]
07-05 21:08:00.255 D/OkHttp  (19291): Connection: keep-alive
07-05 21:08:00.255 D/OkHttp  (19291): <-- END HTTP
07-05 21:08:00.264 D/TabView (19291): 
07-05 21:08:00.265 D/TabView (19291): 
07-05 21:08:00.267 D/HttpHandler(19291): RetryIntercepter-->retryNum=0
07-05 21:08:00.267 D/HttpHandler(19291): RetryIntercepter-->backoffmutiplier=0
07-05 21:08:00.276 D/TabView (19291): 
07-05 21:08:00.277 D/TabView (19291): 
07-05 21:08:00.284 D/TabView (19291): 
07-05 21:08:00.285 D/TabView (19291): 
07-05 21:08:00.286 D/TabView (19291): 
07-05 21:08:00.287 D/TabView (19291): 
07-05 21:08:00.288 D/TabView (19291): 
07-05 21:08:00.289 D/TabView (19291): 
07-05 21:08:00.290 D/TabView (19291): 
07-05 21:08:00.291 D/TabView (19291): 
07-05 21:08:00.292 D/TabView (19291): 
