07-06 01:19:15.851 I/NetflixMonitorService( 1733): Netflix status unchanged
07-06 01:19:15.892 D/HDMI    ( 1733): [P]:AllocatedAddress=[]
07-06 01:19:16.851 I/NetflixMonitorService( 1733): current fgapk : com.jamdeo.launcher
07-06 01:19:16.851 I/NetflixMonitorService( 1733): Netflix status unchanged
07-06 01:19:17.852 I/NetflixMonitorService( 1733): current fgapk : com.jamdeo.launcher
07-06 01:19:17.852 I/NetflixMonitorService( 1733): Netflix status unchanged
07-06 01:19:18.853 I/NetflixMonitorService( 1733): current fgapk : com.jamdeo.launcher
07-06 01:19:18.853 I/NetflixMonitorService( 1733): Netflix status unchanged
07-06 01:19:19.151 D/DefContainer( 4965): Copying /data/local/tmp/unlock_apk-debug.apk to base.apk
07-06 01:19:19.199 D/PackageManager( 1733): Renaming /data/app/vmdl1213750940.tmp to /data/app/io.appium.unlock-2
07-06 01:19:19.200 W/PackageManager( 1733): Attempt to re-install io.appium.unlock without first uninstalling.
07-06 01:19:19.855 I/NetflixMonitorService( 1733): current fgapk : com.jamdeo.launcher
07-06 01:19:19.855 I/NetflixMonitorService( 1733): Netflix status unchanged
07-06 01:19:20.856 I/NetflixMonitorService( 1733): current fgapk : com.jamdeo.launcher
07-06 01:19:20.856 I/NetflixMonitorService( 1733): Netflix status unchanged
07-06 01:19:21.856 I/NetflixMonitorService( 1733): current fgapk : com.jamdeo.launcher
07-06 01:19:21.857 I/NetflixMonitorService( 1733): Netflix status unchanged
07-06 01:19:22.511 I/ActivityManager( 1733): Force stopping com.hisense.hicloud.edca appid=10010 user=0: from pid 28592
07-06 01:19:22.857 I/NetflixMonitorService( 1733): current fgapk : com.jamdeo.launcher
07-06 01:19:22.857 I/NetflixMonitorService( 1733): Netflix status unchanged
07-06 01:19:23.616 I/ActivityManager( 1733): Force stopping com.hisense.hicloud.edca appid=10010 user=0: clear data
07-06 01:19:23.628 D/TaskPersister( 1733): removeObsoleteFile: deleting file=5606_task.xml
07-06 01:19:23.858 I/NetflixMonitorService( 1733): current fgapk : com.jamdeo.launcher
07-06 01:19:23.858 I/NetflixMonitorService( 1733): Netflix status unchanged
07-06 01:19:24.859 I/NetflixMonitorService( 1733): current fgapk : com.jamdeo.launcher
07-06 01:19:24.859 I/NetflixMonitorService( 1733): Netflix status unchanged
07-06 01:19:25.860 I/NetflixMonitorService( 1733): current fgapk : com.jamdeo.launcher
07-06 01:19:25.860 I/NetflixMonitorService( 1733): Netflix status unchanged
07-06 01:19:26.422 I/ActivityManager( 1733): Force stopping com.hisense.hicloud.edca appid=10010 user=0: from pid 28644
07-06 01:19:26.681 D/TileTransitionManager( 1733): getActivityContainer not enter cts mode
07-06 01:19:26.684 D/TileTransitionManager( 1733): getActivityContainer, screen shot current tile:DummyApp, minLayer:21045, maxLayer:21050
07-06 01:19:26.776 D/TileTransitionManager( 1733): getActivityContainer, find existing stack, stackId:319, topComponent:ComponentInfo{com.jamdeo.launcher/com.jamdeo.launcher.app.BaseTileActivity}
07-06 01:19:26.777 D/ActivityStackUtils( 1733): deleteStack - stackId: 319
07-06 01:19:26.783 I/TileTransitionManager( 1733): deleteActivityStack stackId:319
07-06 01:19:26.783 D/TileTransitionManager( 1733): getActivityContainer, remove stackId: 319
07-06 01:19:26.783 D/ActivityStackUtils( 1733): startActivityOnNewStack - intent: null
07-06 01:19:26.796 E/WindowState( 1733): getStack: Window{1e66ec38 u0 com.jamdeo.launcher/com.jamdeo.launcher.app.BaseTileActivity} couldn't find taskId=5605 Callers=com.android.server.wm.WindowManagerService.assignLayersLocked:8873 com.android.server.wm.WindowManagerService.moveStackWindowsLocked:5212 com.android.server.wm.WindowManagerService.attachStack:5294 com.android.server.am.ActivityStackSupervisor$ActivityContainer.attachToDisplayLocked:3846 
07-06 01:19:26.797 E/WindowState( 1733): getStack: Window{1e66ec38 u0 com.jamdeo.launcher/com.jamdeo.launcher.app.BaseTileActivity} couldn't find taskId=5605 Callers=com.android.server.wm.WindowManagerService.performLayoutAndPlaceSurfacesLockedInner:9918 com.android.server.wm.WindowManagerService.performLayoutAndPlaceSurfacesLockedLoop:8957 com.android.server.wm.WindowManagerService.performLayoutAndPlaceSurfacesLocked:8899 com.android.server.wm.WindowManagerService.moveStackWindowsLocked:5216 
07-06 01:19:26.799 E/WindowState( 1733): getStack: Window{1e66ec38 u0 com.jamdeo.launcher/com.jamdeo.launcher.app.BaseTileActivity} couldn't find taskId=5605 Callers=com.android.server.wm.WindowState.getDisplayContent:819 com.android.server.wm.WindowState.getDisplayId:824 com.android.server.wm.InputMonitor.updateInputWindowsLw:294 com.android.server.wm.WindowManagerService.performLayoutAndPlaceSurfacesLockedInner:10257 
07-06 01:19:26.799 E/WindowState( 1733): getStack: Window{1e66ec38 u0 com.jamdeo.launcher/com.jamdeo.launcher.app.BaseTileActivity} couldn't find taskId=5605 Callers=com.android.server.wm.WindowState.getStackBounds:849 com.android.server.wm.InputMonitor.addInputWindowHandleLw:180 com.android.server.wm.InputMonitor.updateInputWindowsLw:313 com.android.server.wm.WindowManagerService.performLayoutAndPlaceSurfacesLockedInner:10257 
07-06 01:19:26.801 D/PowerManagerService( 1733): setScreenBrightnessOverrideFromWindowManagerInternal done
07-06 01:19:26.801 E/WindowState( 1733): getStack: Window{1e66ec38 u0 com.jamdeo.launcher/com.jamdeo.launcher.app.BaseTileActivity} couldn't find taskId=5605 Callers=com.android.server.wm.DisplayContent.setTouchExcludeRegion:239 com.android.server.wm.WindowManagerService.setFocusedStackFrame:4124 com.android.server.wm.WindowManagerService.performLayoutAndPlaceSurfacesLockedInner:10333 com.android.server.wm.WindowManagerService.performLayoutAndPlaceSurfacesLockedLoop:8957 
07-06 01:19:26.808 I/ActivityStackUtils( 1733): New stack created with id = 320
07-06 01:19:26.808 D/ActivityStackUtils( 1733): startActivityOnStack - intent: Intent { act=com.jamdeo.launcher.BASE_TILE flg=0x100 (has extras) }, on stackId: 320
07-06 01:19:26.809 I/ActivityManager( 1733): START u0 {act=com.jamdeo.launcher.BASE_TILE flg=0x18010000 cmp=com.jamdeo.launcher/.app.BaseTileActivity (has extras)} from uid 1000 on display 0
07-06 01:19:26.812 E/WindowState( 1733): getStack: Window{1e66ec38 u0 com.jamdeo.launcher/com.jamdeo.launcher.app.BaseTileActivity} couldn't find taskId=5605 Callers=com.android.server.wm.WindowState.getDisplayContent:819 com.android.server.wm.WindowState.getWindowList:1397 com.android.server.wm.WindowManagerService.removeWindowInnerLocked:2895 com.android.server.wm.WindowManagerService.removeWindowLocked:2796 
07-06 01:19:26.812 E/WindowState( 1733): getStack: Window{1e66ec38 u0 com.jamdeo.launcher/com.jamdeo.launcher.app.BaseTileActivity} couldn't find taskId=5605 Callers=com.android.server.wm.WindowState.getDisplayContent:819 com.android.server.wm.WindowManagerService.removeWindowInnerLocked:2900 com.android.server.wm.WindowManagerService.removeWindowLocked:2796 com.android.server.wm.WindowManagerService.removeWindow:2718 
07-06 01:19:26.814 D/PowerManagerService( 1733): setScreenBrightnessOverrideFromWindowManagerInternal done
07-06 01:19:26.820 V/WindowManager( 1733): addAppToken: AppWindowToken{eaf02f7 token=Token{35bb8ef6 ActivityRecord{1f78df91 u0 com.jamdeo.launcher/.app.BaseTileActivity t5607}}} to stack=320 task=5607 at 0
07-06 01:19:26.864 V/WindowManager( 1733): Adding window Window{208ac3d0 u0 Starting com.jamdeo.launcher} at 10 of 18 (after Window{1aeafe7a u0 GlobalPanel})
07-06 01:19:26.873 I/UsageStatsService( 1733): paused component:com.jamdeo.launcher
07-06 01:19:26.873 D/UsageStatsService( 1733): User[0] Got usage event for com.jamdeo.launcher[1499275166874]: MOVE_TO_BACKGROUND
07-06 01:19:26.873 V/UsageStatsService( 1733): Paused: 24008445   Component: com.jamdeo.launcher/com.jamdeo.launcher.app.BaseTileActivity   Time: 1499275166873 LastSessionTime: 21047 CumulativeSessionTime: 8135308
07-06 01:19:26.874 D/UsageStatsService( 1733): UsageStats: broadcasting intent
07-06 01:19:26.875 W/ContextImpl( 1733): Calling a method in the system process without a qualified user: android.app.ContextImpl.sendBroadcast:1327 com.android.server.usage.UsageStatsService.insertUsageStats:1104 com.android.server.usage.UsageStatsService$PkgUsageStatsExtended.updatePause:979 com.android.server.usage.UsageStatsService$LocalService.notePauseComponent:808 com.android.server.am.ActivityManagerService.updateUsageStats:3173 
07-06 01:19:26.876 D/PowerManagerService( 1733): acquireWakeLockInternal: lock=681732318, flags=0x1, tag="ActivityManager-Launch", ws=null, uid=1000, pid=1733
07-06 01:19:26.876 D/PowerManagerNotifier( 1733): onWakeLockAcquired: flags=1, tag="ActivityManager-Launch", packageName=android, ownerUid=1000, ownerPid=1733, workSource=null
07-06 01:19:26.891 D/PowerManagerService( 1733): setScreenBrightnessOverrideFromWindowManagerInternal done
07-06 01:19:26.894 D/PowerManagerService( 1733): setScreenBrightnessOverrideFromWindowManagerInternal done
07-06 01:19:26.901 D/ActivityStackUtils( 1733): moveStack - stackId: 320, toFront: true
07-06 01:19:26.902 I/NetflixMonitorService( 1733): current fgapk : com.jamdeo.launcher
07-06 01:19:26.902 I/NetflixMonitorService( 1733): Netflix status unchanged
07-06 01:19:26.912 D/PowerManagerService( 1733): setScreenBrightnessOverrideFromWindowManagerInternal done
07-06 01:19:26.915 D/TileTransitionManager( 1733): getActivityContainer, create an empty stack: 320for: com.hisense.hicloud.edca
07-06 01:19:26.916 I/ActivityManager( 1733): TR15) TaskRecord{2b9dbf85 #5607 A=com.jamdeo.launcher U=0 sz=1}
07-06 01:19:26.916 I/ActivityManager( 1733): TR14) TaskRecord{5533968 #4974 A=com.jamdeo.tv.vod U=0 sz=3}
07-06 01:19:26.928 I/UsageStatsService( 1733): resumed component name is ComponentInfo{com.jamdeo.launcher/com.jamdeo.launcher.app.BaseTileActivity}
07-06 01:19:26.928 I/UsageStatsService( 1733): started component:com.jamdeo.launcher
07-06 01:19:56.938 I/NetflixMonitorService( 1733): current fgapk : com.hisense.hicloud.edca
07-06 01:19:56.938 I/NetflixMonitorService( 1733): Netflix status unchanged
07-06 01:19:57.076 I/UsageStatsService( 1733): User[0] Flushing usage stats to disk
07-06 01:19:57.939 I/NetflixMonitorService( 1733): current fgapk : com.hisense.hicloud.edca
07-06 01:19:57.939 I/NetflixMonitorService( 1733): Netflix status unchanged
07-06 01:19:58.941 I/NetflixMonitorService( 1733): current fgapk : com.hisense.hicloud.edca
07-06 01:19:58.941 I/NetflixMonitorService( 1733): Netflix status unchanged
07-06 01:19:59.432 V/HotPlugDetectionAction( 1733): Poll all devices.
07-06 01:20:25.528 D/PowerManagerService( 1733): wakeUpInternal: eventTime=24067099, uid=1000
07-06 01:20:25.528 D/PowerManagerService( 1733): wakeUpNoUpdateLocked: eventTime=24067099, uid=1000
07-06 01:20:25.587 I/UsageStatsService( 1733): resumed component name is ComponentInfo{com.hisense.hicloud.edca/com.hisense.hicloud.edca.activity.EntryActivity}
07-06 01:20:25.587 I/UsageStatsService( 1733): started component:com.hisense.hicloud.edca
07-06 01:20:25.587 V/UsageStatsService( 1733): Resumed: 24067158   Component: com.hisense.hicloud.edca/com.hisense.hicloud.edca.activity.EntryActivity   Time: 1499275225587 VersionCode: 652   LastUpdateTime: 1499256171569
07-06 01:20:25.587 D/UsageStatsService( 1733): UsageStats: broadcasting intent
--------- beginning of main
07-06 01:20:31.827 D/OkHttp  (29183): Backoffmutiplier: 0
07-06 01:20:31.827 D/OkHttp  (29183): Host: api.edu.hismarttv.com
07-06 01:20:31.906 D/HttpHandler(29183): RetryIntercepter-->backoffmutiplier=0
07-06 01:20:31.908 I/FirstLineAdapter(29183): onBindViewHolder 0
07-06 01:20:31.916 I/FirstLineAdapter(29183): canShowTrailer,isOffline=false
07-06 01:20:31.916 I/FirstLineAdapter(29183): onCreateViewHolder viewtype=1
07-06 01:20:31.937 D/OkHttp  (29183): --> GET http://picture.edu.hismarttv.com/images/20170628111759213347.png http/1.1
07-06 01:20:31.937 D/OkHttp  (29183): Host: picture.edu.hismarttv.com
07-06 01:20:31.937 D/OkHttp  (29183): Connection: Keep-Alive
07-06 01:20:31.937 D/OkHttp  (29183): Accept-Encoding: gzip
07-06 01:20:31.937 D/OkHttp  (29183): User-Agent: okhttp/3.6.0
07-06 01:20:31.937 D/OkHttp  (29183): --> END GET
07-06 01:20:31.938 I/FirstLineAdapter(29183): onBindViewHolder 1
07-06 01:20:31.939 D/FirstLineAdapter(29183): setVipPoster ===>url :http://picture.edu.hismarttv.com/images/
07-06 01:20:31.941 D/HttpHandler(29183): VerifySignInterCeptor-->dateType=1
07-06 01:20:31.942 D/HttpHandler(29183): VerifySignInterCeptor-->HttpRequestManager.httpClietOption.getVerifyFlag()=1
07-06 01:20:31.944 I/FirstLineAdapter(29183): canShowTrailer,isOffline=false
07-06 01:20:31.944 I/FirstLineAdapter(29183): onCreateViewHolder viewtype=2
07-06 01:20:31.946 I/FirstLineAdapter(29183): onBindViewHolder 2
07-06 01:20:31.954 I/MyItemDecoration(29183): getItemOffsets rect=Rect(0, -17 - 0, 0),pos=1
07-06 01:20:31.955 I/MyItemDecoration(29183): getItemOffsets rect=Rect(0, -15 - 0, 0),pos=2
07-06 01:20:31.956 I/FirstLineAdapter(29183): canShowTrailer,isOffline=false
07-06 01:20:31.956 I/FirstLineAdapter(29183): canShowTrailer,isOffline=false
07-06 01:20:31.956 I/FirstLineAdapter(29183): onCreateViewHolder viewtype=3
07-06 01:20:31.956 I/CurrentCarouselView(29183): initView
07-06 01:20:31.970 I/MiSysSrv( 1214): [37m[INFO] Change to Voltage: 117 mv (0x32)[m
07-06 01:20:31.984 D/OkHttp  (29183): <-- 200 OK http://picture.edu.hismarttv.com/images/20170628121916725281.png (91ms)
07-06 01:20:31.984 D/OkHttp  (29183): Date: Tue, 04 Jul 2017 02:31:42 GMT
07-06 01:20:31.984 D/OkHttp  (29183): Server: nginx
07-06 01:20:31.984 D/OkHttp  (29183): Content-Type: image/png
07-06 01:20:31.984 D/OkHttp  (29183): Content-Length: 2555
07-06 01:20:31.984 D/OkHttp  (29183): Last-Modified: Wed, 28 Jun 2017 12:19:16 GMT
07-06 01:20:31.990 D/OkHttp  (29183): ETag: "59539ec4-9fb"
07-06 01:20:31.990 D/OkHttp  (29183): Accept-Ranges: bytes
07-06 01:20:31.990 D/OkHttp  (29183): Age: 139729
07-06 01:20:31.990 D/OkHttp  (29183): Via: 1.1 jn239:1 (Cdn Cache Server V2.0)[14 200 0], 1.1 t86:5 (Cdn Cache Server V2.0)[0 200 0]
07-06 01:20:31.990 D/OkHttp  (29183): Connection: keep-alive
07-06 01:20:31.990 D/OkHttp  (29183): <-- END HTTP
07-06 01:20:31.991 D/HttpHandler(29183): RetryIntercepter-->retryNum=0
07-06 01:20:31.991 D/HttpHandler(29183): RetryIntercepter-->backoffmutiplier=0
07-06 01:20:31.991 E/WebcastSDK-(29183): isImageCacheLimitedStat(),  context.getPackageName = com.hisense.hicloud.edca
07-06 01:20:31.991 E/WebcastSDK-(29183): isImageCacheLimitedStat(),  mIsImageLimited = 1
07-06 01:20:31.991 D/HttpHandler(29183): VerifySignInterCeptor-->request.url()=http://picture.edu.hismarttv.com/images/20170628115302475663.png
07-06 01:20:31.998 D/HttpHandler(29183): VerifySignInterCeptor-->hostname=picture.edu.hismarttv.com
07-06 01:20:31.999 D/OkHttp  (29183): --> GET http://picture.edu.hismarttv.com/images/20170628115302475663.png http/1.1
07-06 01:20:32.000 D/OkHttp  (29183): Host: picture.edu.hismarttv.com
07-06 01:20:32.000 D/OkHttp  (29183): Connection: Keep-Alive
07-06 01:20:32.000 D/OkHttp  (29183): Accept-Encoding: gzip
07-06 01:20:32.000 D/OkHttp  (29183): User-Agent: okhttp/3.6.0
07-06 01:20:32.000 D/OkHttp  (29183): --> END GET
07-06 01:20:32.001 D/HttpHandler(29183): VerifySignInterCeptor-->request.url()=http://picture.edu.hismarttv.com/images/20170628111836879100.png
07-06 01:20:32.001 D/HttpHandler(29183): VerifySignInterCeptor-->hostname=picture.edu.hismarttv.com
07-06 01:20:32.006 D/OkHttp  (29183): --> GET http://picture.edu.hismarttv.com/images/20170628111836879100.png http/1.1
07-06 01:20:32.006 D/OkHttp  (29183): Host: picture.edu.hismarttv.com
07-06 01:20:32.006 D/OkHttp  (29183): Connection: Keep-Alive
07-06 01:20:32.006 D/OkHttp  (29183): Accept-Encoding: gzip
07-06 01:20:32.006 D/OkHttp  (29183): User-Agent: okhttp/3.6.0
07-06 01:20:32.006 D/OkHttp  (29183): --> END GET
07-06 01:20:32.016 E/WebcastSDK-HiCloudSourcePlugin(29183): init(), Webcast App Token is NULL.
07-06 01:20:32.016 E/WebcastSDK-HiCloudSourcePlugin(29183): getHiCloudService(), Webcast App Token is NULL.
07-06 01:20:32.025 D/WebcastSDK-HiCloudSourcePlugin(29183): getContext(): com.hisense.hicloud.edca.BaseApplication@2adbac5c mWebcastManager: null
07-06 01:20:32.025 D/OsdMonitorService( 1733): mCurrentWindow = com.hisense.hicloud.edca/com.hisense.tvui.newhome.HomeMainActivity; newWindow = com.hisense.hicloud.edca/com.hisense.tvui.newhome.HomeMainActivity; isSubWindow = false; isInWinList = false; isExitNow = false
07-06 01:20:32.025 D/OsdMonitorService( 1733): windowNotOsd() : name = com.hisense.hicloud.edca/com.hisense.tvui.newhome.HomeMainActivity
07-06 01:20:32.025 I/OsdMonitorService( 1733): setOsdStatus() : status will change from true to true
07-06 01:20:32.026 D/PowerManagerService( 1733): setScreenBrightnessOverrideFromWindowManagerInternal done
07-06 01:20:32.028 E/WebcastSDK-DataReport(29183): init(), Webcast App Token is NULL.
07-06 01:20:32.028 E/WebcastSDK-DataReport(29183): getHiCloudService(), Webcast App Token is NULL.
07-06 01:20:32.029 D/PowerManagerService( 1733): setScreenBrightnessOverrideFromWindowManagerInternal done
07-06 01:20:32.030 E/WebcastSDK-HiCloudSourcePlugin(29183): checkHiCloudFetchCondition(), Webcast App Token is NULL. mToken: null
07-06 01:20:32.030 E/WebcastSDK-HiCloudSourcePlugin(29183): FetchSystemParameterTask(), has no fetch condition, return.
07-06 01:20:32.043 D/OkHttp  (29183): <-- 200 OK http://picture.edu.hismarttv.com/images/20170628115302475663.png (43ms)
07-06 01:20:32.043 D/OkHttp  (29183): Date: Mon, 03 Jul 2017 09:54:08 GMT
07-06 01:20:32.043 D/OkHttp  (29183): Server: nginx
07-06 01:20:32.043 D/OkHttp  (29183): Content-Type: image/png
07-06 01:20:32.043 D/OkHttp  (29183): <-- 200 OK http://picture.edu.hismarttv.com/images/20170628111836879100.png (37ms)
07-06 01:20:32.043 D/OkHttp  (29183): Content-Length: 2527
07-06 01:20:32.043 D/OkHttp  (29183): Date: Mon, 03 Jul 2017 10:50:26 GMT
07-06 01:20:32.043 D/OkHttp  (29183): Last-Modified: Wed, 28 Jun 2017 11:53:02 GMT
07-06 01:20:32.043 D/OkHttp  (29183): Server: nginx
07-06 01:20:32.043 D/OkHttp  (29183): ETag: "5953989e-9df"
07-06 01:20:32.043 D/OkHttp  (29183): Accept-Ranges: bytes
07-06 01:20:32.043 D/OkHttp  (29183): Age: 199583
07-06 01:20:32.043 D/OkHttp  (29183): Content-Type: image/png
07-06 01:20:32.043 D/OkHttp  (29183): Content-Length: 2420
07-06 01:20:32.043 D/OkHttp  (29183): Via: 1.1 jn241:2 (Cdn Cache Server V2.0)[0 200 0], 1.1 chwt81:9 (Cdn Cache Server V2.0)[0 200 0]
07-06 01:20:32.043 D/OkHttp  (29183): Last-Modified: Wed, 28 Jun 2017 11:18:36 GMT
07-06 01:20:32.043 D/OkHttp  (29183): Connection: keep-alive
07-06 01:20:32.043 D/OkHttp  (29183): ETag: "5953908c-974"
07-06 01:20:32.043 D/OkHttp  (29183): <-- END HTTP
07-06 01:20:32.043 D/OkHttp  (29183): Accept-Ranges: bytes
07-06 01:20:32.043 D/OkHttp  (29183): Age: 196205
07-06 01:20:32.043 D/OkHttp  (29183): Via: 1.1 hewangtong168:6 (Cdn Cache Server V2.0)[0 200 0], 1.1 anwangtong96:0 (Cdn Cache Server V2.0)[0 200 0]
07-06 01:20:32.043 D/OkHttp  (29183): Connection: keep-alive
07-06 01:20:32.043 D/OkHttp  (29183): <-- END HTTP
07-06 01:20:32.047 D/HttpHandler(29183): VerifySignInterCeptor-->content={"masterViews": [{"navigationId": 10002, "tiles": [{"index": 1, "facets": [{"index": 1, "typeCode": 1002, "grade": null, "title": "\u90d1\u591a\u71d5BodyBall Slim\u5927\u7403\u64cd", "backgroundImages": [{"url": "http://picture.edu.hismarttv.com/images/20161212024038700821.jpg", "mobile_image_icon_url": "http://picture.edu.hismarttv.com/images/20161102023035587534.jpg", "url_horizontal": "http://picture.edu.hismarttv.com/images/20170629033643181276.jpg"}], "id": "38036"}], "width_horizontal": null, "width": null}, {"index": 1, "facets": [{"index": 1, "typeCode": 1002, "grade": null, "title": "\u90d1\u591a\u71d5BodyBall ABS\u6709\u6c27\u64cd", "backgroundImages": [{"url": "http://picture.edu.hismarttv.com/images/20161212022722337765.jpg", "mobile_image_icon_url": "http://picture.edu.hismarttv.com/images/20161102033100773911.jpg", "url_horizontal": "http://picture.edu.hismarttv.com/images/20170629032906301152.jpg"}], "id": "38037"}], "width_horizontal": null, "width": null}, {"index": 1, "facets": [{"index": 1, "typeCode": 1002, "grade": "\u5176\u4ed6", "title": "\u98ce\u5c1a\u5065\u8eab-\u52a8\u611f\u8857\u821e", "backgroundImages": [{"url": null, "mobile_image_icon_url": null, "url_horizontal": "http://picture.edu.hismarttv.com/images/20170629/\u98ce\u5c1a\u5065\u8eab-\u52a8\u611f\u8857\u821e.jpg"}], "id": "8852"}], "width_horizontal": null, "width": null}, {"index": 1, "facets": [{"index": 1, "typeCode": 1002, "grade": null, "title": "\u90d1\u591a\u71d5BodyBall Hip&leg\u57ab\u4e0a\u64cd", "backgroundImages": [{"url": "http://picture.edu.hismarttv.com/images/20161212022759387904.jpg", "mobile_image_icon_url": "http://picture.edu.hismarttv.com/images/20161102032541379768.jpg", "url_horizontal": "http://picture.edu.hismarttv.com/images/20170629033606511137.jpg"}], "id": "38039"}], "width_horizontal": null, "width": null}, {"index": 1, "facets": [{"index": 1, "typeCode": 1002, "grade": null, "title": "\u90d1\u591a\u71d5\u5c0f\u7070\u5e3d\u5065\u8eab\u64cd", "backgroundImages": [{"url": "http://picture.edu.hismarttv.com/images/20161212022539029485.jpg", "mobile_image_icon_url": "http://picture.edu.hismarttv.com/images/20161102021604651091.jpg", "url_horizontal": "http://picture.edu.hismarttv.com/images/20170629/\u90d1\u591a\u71d5\u5c0f\u7070\u5e3d\u5065\u8eab\u64cd.jpg"}], "id": "38033"}], "width_horizontal": null, "width": null}, {"index": 1, "facets": [{"index": 1, "typeCode": 1002, "grade": null, "title": "\u90d1\u591a\u71d5FigureDumb\u54d1\u94c3\u64cd", "backgroundImages": [{"url": "http://picture.edu.hismarttv.com/images/20161212035609771233.jpg", "mobile_image_icon_url": "http://picture.edu.hismarttv.com/images/20161102021824917487.jpg", "url_horizontal": "http://picture.edu.hismarttv.com/images/20170629033936455331.jpg"}], "id": "38034"}], "width_horizontal": null, "width": null}, {"index": 1, "facets": [{"index": 1, "typeCode": 1002, "grade": null, "title": "\u90d1\u591a\u71d5FigureMat\u57ab\u4e0a\u64cd", "backgroundImages": [{"url": "http://picture.edu.hismarttv.com/images/20161212022344417148.jpg", "mobile_image_icon_url": null, "url_horizontal": "http://picture.edu.hismarttv.com/images/20170629033520364415.jpg"}], "id": "38035"}], "width_horizontal": null, "width": null}, {"index": 1, "facets": [{"index": 1, "typeCode": 1002, "grade": null, "title": "\u548c\u5973\u795e\u4e00\u8d77\u5b66\u53e3\u8bed\uff08\u7f51\u7edc\u5267\uff09", "backgroundImages": [{"url": "http://picture.edu.hismarttv.com/images/20170316053549297889.jpg", "mobile_image_icon_url": null, "url_horizontal": null}], "id": "35901"}], "width_horizontal": null, "width": null}, {"index": 1, "facets": [{"index": 1, "typeCode": 1002, "grade": null, "title": "\u770b\u5927\u7247\u5b66\u82f1\u6587\uff08\u7f51\u7edc\u5267\uff09", "backgroundImages": [{"url": "http://picture.edu.hismarttv.com/images/20170316053716559350.jpg", "mobile_image_icon_url": null, "url_horizontal": null}], "id": "35891"}], "width_horizontal": null, "width": null}, {"index": 1, "facets": [{"index": 1, "typeCode": 1002, "
07-06 01:20:32.049 D/PowerManagerService( 1733): setScreenBrightnessOverrideFromWindowManagerInternal done
07-06 01:20:32.054 D/HttpHandler(29183): RetryIntercepter-->retryNum=0
07-06 01:20:32.054 D/HttpHandler(29183): RetryIntercepter-->backoffmutiplier=0
07-06 01:20:32.062 D/HttpHandler(29183): RetryIntercepter-->retryNum=0
07-06 01:20:32.062 D/HttpHandler(29183): RetryIntercepter-->backoffmutiplier=0
07-06 01:20:32.069 I/MiSysSrv( 1214): [37m[INFO] Change to Voltage: 117 mv (0x32)[m
07-06 01:20:32.070 D/hwcomposer( 1204): lastHWWindowInfo is dirty
07-06 01:20:32.071 D/WebcastSDK-WebcastManager(29183): Device license:WASU
07-06 01:20:32.075 I/WebcastSDK-ProgramScheduleDataManager(29183): init(), next time to fetch programSchedules in interval = 1380min.
07-06 01:20:32.076 I/WebcastSDK-HistoryDataManager(29183): HistoryDataManager.init
07-06 01:20:32.077 I/art     (29183): Background partial concurrent mark sweep GC freed 30137(1898KB) AllocSpace objects, 5(1387KB) LOS objects, 13% free, 24MB/28MB, paused 8.030ms total 127.056ms
07-06 01:20:32.077 D/NativeDecimalFormat(29183): NativeDecimalFormat_close print addr=3997595136
07-06 01:20:32.077 D/NativeDecimalFormat(29183): NativeDecimalFormat_close print g_addr=3997595904
07-06 01:20:32.077 D/NativeDecimalFormat(29183): NativeDecimalFormat_close print addr=3997595904
07-06 01:20:32.077 D/NativeDecimalFormat(29183): NativeDecimalFormat_close print g_addr=3997595904
07-06 01:20:32.083 I/TVMW@devctrl( 1234): wdt
07-06 01:20:32.085 I/NetflixMonitorService( 1733): current fgapk : com.hisense.hicloud.edca
07-06 01:20:32.085 I/NetflixMonitorService( 1733): Netflix status unchanged
07-06 01:20:32.102 D/HttpHandler(29183): VerifySignInterCeptor-->request.url()=http://picture.edu.hismarttv.com/images/20170628111857828826.png
07-06 01:20:32.102 D/HttpHandler(29183): VerifySignInterCeptor-->hostname=picture.edu.hismarttv.com
07-06 01:20:32.110 D/OkHttp  (29183): --> GET http://picture.edu.hismarttv.com/images/20170628111857828826.png http/1.1
07-06 01:20:32.110 D/OkHttp  (29183): Host: picture.edu.hismarttv.com
07-06 01:20:32.110 D/OkHttp  (29183): Connection: Keep-Alive
07-06 01:20:32.110 D/OkHttp  (29183): Accept-Encoding: gzip
07-06 01:20:32.110 D/OkHttp  (29183): User-Agent: okhttp/3.6.0
07-06 01:20:32.110 D/OkHttp  (29183): --> END GET
07-06 01:20:32.123 I/DataDBLite(29183): onCreate
07-06 01:20:32.126 D/HttpHandler(29183): VerifySignInterCeptor-->request.url()=http://picture.edu.hismarttv.com/images/
07-06 01:20:32.126 D/HttpHandler(29183): VerifySignInterCeptor-->hostname=picture.edu.hismarttv.com
07-06 01:20:32.128 D/OkHttp  (29183): --> GET http://picture.edu.hismarttv.com/images/ http/1.1
07-06 01:20:32.128 D/OkHttp  (29183): Host: picture.edu.hismarttv.com
07-06 01:20:32.128 D/OkHttp  (29183): Connection: Keep-Alive
07-06 01:20:32.128 D/OkHttp  (29183): Accept-Encoding: gzip
07-06 01:20:32.128 D/OkHttp  (29183): User-Agent: okhttp/3.6.0
07-06 01:20:32.128 D/OkHttp  (29183): --> END GET
07-06 01:20:32.133 D/OkHttp  (29183): <-- 200 OK http://picture.edu.hismarttv.com/images/20170628111759213347.png (196ms)
07-06 01:20:32.133 D/OkHttp  (29183): Date: Mon, 03 Jul 2017 11:11:32 GMT
07-06 01:20:32.133 D/OkHttp  (29183): Server: nginx
07-06 01:20:32.133 D/OkHttp  (29183): Content-Type: image/png
07-06 01:20:32.133 D/OkHttp  (29183): Content-Length: 2518
07-06 01:20:32.133 D/OkHttp  (29183): Last-Modified: Wed, 28 Jun 2017 11:17:59 GMT
07-06 01:20:32.133 D/OkHttp  (29183): ETag: "59539067-9d6"
07-06 01:20:32.133 D/OkHttp  (29183): Accept-Ranges: bytes
07-06 01:20:32.133 D/OkHttp  (29183): Age: 194939
07-06 01:20:32.133 D/OkHttp  (29183): Via: 1.1 pingwangtong47:3 (Cdn Cache Server V2.0)[0 200 0], 1.1 t86:3 (Cdn Cache Server V2.0)[175 200 0]
07-06 01:20:32.133 D/OkHttp  (29183): Connection: keep-alive
07-06 01:20:32.133 D/OkHttp  (29183): <-- END HTTP
07-06 01:20:32.134 D/HttpHandler(29183): RetryIntercepter-->retryNum=0
07-06 01:20:32.134 D/HttpHandler(29183): RetryIntercepter-->backoffmutiplier=0
07-06 01:20:32.137 D/OkHttp  (29183): <-- 200 OK http://picture.edu.hismarttv.com/images/20170628111857828826.png (27ms)
07-06 01:20:32.137 D/OkHttp  (29183): Date: Mon, 03 Jul 2017 09:54:52 GMT
07-06 01:20:32.137 D/OkHttp  (29183): Server: nginx
07-06 01:20:32.137 D/OkHttp  (29183): Content-Type: image/png
07-06 01:20:32.137 D/OkHttp  (29183): Content-Length: 2318
07-06 01:20:32.137 D/OkHttp  (29183): Last-Modified: Wed, 28 Jun 2017 11:18:57 GMT
07-06 01:20:32.137 D/OkHttp  (29183): ETag: "595390a1-90e"
07-06 01:20:32.137 D/OkHttp  (29183): Accept-Ranges: bytes
07-06 01:20:32.137 D/OkHttp  (29183): Age: 199540
07-06 01:20:32.137 D/OkHttp  (29183): Via: 1.1 pingwangtong52:8 (Cdn Cache Server V2.0)[29 200 0], 1.1 chwt83:8 (Cdn Cache Server V2.0)[0 200 0]
07-06 01:20:32.137 D/OkHttp  (29183): Connection: keep-alive
07-06 01:20:32.137 D/OkHttp  (29183): <-- END HTTP
07-06 01:20:32.138 E/WebcastSDK-HiCloudImageCacheManager(29183): HiCloudImageCacheManager(), isImageCacheLimitedStat = true
07-06 01:20:32.138 D/HttpHandler(29183): RetryIntercepter-->retryNum=0
07-06 01:20:32.138 D/HttpHandler(29183): RetryIntercepter-->backoffmutiplier=0
07-06 01:20:32.142 I/WebcastSDK-WebcastManager(29183): addListener(), add ICarouselListener com.hisense.webcastSDK.data.hicloud.HiCloudSourcePlugin$2@2bc847eb
07-06 01:20:32.142 I/WebcastSDK-WebcastManager(29183): adding listener com.hisense.webcastSDK.data.hicloud.HiCloudSourcePlugin$1@34f26948
07-06 01:20:32.142 I/WebcastSDK-HiCloudSourcePlugin(29183): addListener(), add INetworkDataListener com.hisense.webcastSDK.data.internal.EPGDataManager$1@1cfaf3e1
07-06 01:20:32.142 I/WebcastSDK-WebcastManager(29183): adding listener com.hisense.webcastSDK.utils.DataReport$1@e2e9506
07-06 01:20:32.142 D/WebcastSDK-WebcastInternalImpl(29183): init all manager.
07-06 01:20:32.151 D/Carousel-Utils(29183): SCREEN_WIDTH:1920,SCREEN_Height:1080,destity:2.0,smallWidth:818,height:460,listItem w:268,h:226,top:38,bottom:38
07-06 01:20:32.181 E/btif_config( 2964): [btif_config_get] node is TRUE!
07-06 01:20:32.181 E/btif_config( 2964): [btif_config_get] ret is TRUE!
07-06 01:20:32.192 D/Carousel-CarouselView(29183): setModel,hascCode=1018850026
07-06 01:20:32.193 W/linker  (29183): libChinaNetSecret.so: unused DT entry: type 0x6ffffffe arg 0xbf8
07-06 01:20:32.193 W/linker  (29183): libChinaNetSecret.so: unused DT entry: type 0x6fffffff arg 0x1
07-06 01:20:32.194 I/CurrentCarouselView(29183): security: ChinaNetCenterWskeyForJuHaoKan
07-06 01:20:32.194 I/CurrentCarouselView(29183): BaseApplication.sSignStr=3082023B308201A4A00302010202045051BD19300D06092A864886F70D01010505003062310B30090603550406130238363111300F060355040813085368616E646F6E673110300E0603550407130751696E6764616F311F301D060355040A1316486973656E7365206D65646961206E6574776F726B73310D300B0603550403130448695456301E170D3132303931333131303134355A170D3432303930363131303134355A3062310B30090603550406130238363111300F060355040813085368616E646F6E673110300E0603550407130751696E6764616F311F301D060355040A1316486973656E7365206D65646961206E6574776F726B73310D300B060355040313044869545630819F300D06092A864886F70D010101050003818D0030818902818100841C2D9F5F1E0BBB4DF77826A11FEFFB557C22B07892114637C945272821CF6A4CD023F45FC0B0E825EA8839470BE63B95CD5E4B64FF7ECC8A910DB20DBE2A9E8504EC39E7C0E8E74435F745F47D821124744FBF91A2C70CA85DC07D24C53322D8CC33C9EE542E872E44AF0E9E203328A106B31DC3BEC523600DDDA2204C665D0203010001300D06092A864886F70D0101050500038181003AA40C684E7AB45294882A0766EABD8C4BB7C0DFC4DE9ED13E192ECA9370C6B493257129F8DC248335D86877EAB36FBE9A8867E3F034BFD035CEC363073B558AAA6F42838FE0B1BEC3BC90B3E6FEE5D1D78C5CEC7966696D86FC071ED59063FD8E08DECAC8EBD0FB39443415B6725C00B0BACE4A06EF97D76158BF37D36720BB
07-06 01:20:32.194 I/CurrentCarouselView(29183): serverTime=1499275231000
07-06 01:20:32.195 E/WebcastSDK-WebcastManager(29183): setToken(), new Token = 72DF6038D2AEAB8A76DFBBBBCC428A4A_000927558101736
07-06 01:20:32.195 I/WebcastSDK-HiCloudSourcePlugin(29183): notifyAppTokenChanged(), token = 72DF6038D2AEAB8A76DFBBBBCC428A4A_000927558101736
07-06 01:20:32.196 V/PackageManager( 1733): getPackageInfo com.hisense.hicloud.edca: Package{3fb3f3a1 com.hisense.hicloud.edca}
07-06 01:20:32.197 I/WebcastSDK-(29183): getAppVersionCode(), versionCode = 652
07-06 01:20:32.202 I/WebcastSDK-DataReport(29183): notifyAppTokenChanged(), token = 72DF6038D2AEAB8A76DFBBBBCC428A4A_000927558101736
07-06 01:20:32.203 V/PackageManager( 1733): getPackageInfo com.hisense.hicloud.edca: Package{3fb3f3a1 com.hisense.hicloud.edca}
07-06 01:20:32.203 I/WebcastSDK-(29183): getAppVersionCode(), versionCode = 652
07-06 01:20:32.205 D/Carousel-(29183): setSignonInfo subscriberId:13287129,customerId:7195320
07-06 01:20:32.207 D/til@system( 2026): til_get_system_param option:1000007 int:-1815632896, bool:0, ret:0
07-06 01:20:32.208 E/WebcastSDK-WebcastManager(29183): setAppServiceDomainList.
07-06 01:20:32.209 V/PackageManager( 1733): getPackageInfo com.hisense.hicloud.edca: Package{3fb3f3a1 com.hisense.hicloud.edca}
07-06 01:20:32.209 I/WebcastSDK-(29183): getAppVersionCode(), versionCode = 652
07-06 01:20:32.209 D/til@system( 2026): til_get_system_param option:1000009 int:-1815633792, bool:128, ret:0
07-06 01:20:32.211 D/til@system( 2026): til_get_system_param option:1000008 int:-1936522368, bool:128, ret:0
07-06 01:20:32.211 D/HttpDnsUtils(29183): CEXX-getOperationDetail-productName : LED50MU8600UC
07-06 01:20:32.211 D/HttpDnsUtils(29183): CEXX-getOperationDetail-plmNumber : 88888
07-06 01:20:32.211 D/HttpDnsUtils(29183): CEXX-getOperationDetail-swVersion : V0000.00.01A
07-06 01:20:32.211 D/HttpDnsUtils(29183): CEXX-getOperationDetail-operationDetail : LED50MU8600UC0000888
07-06 01:20:32.212 I/FirstLineAdapter(29183): onBindViewHolder 3
07-06 01:20:32.213 D/til@system( 2026): til_get_system_param option:1000007 int:-1936522112, bool:128, ret:0
07-06 01:20:32.214 D/til@system( 2026): til_get_system_param option:1000009 int:-1936523008, bool:0, ret:0
07-06 01:20:32.215 D/til@system( 2026): til_get_system_param option:1000008 int:-1815634176, bool:0, ret:0
07-06 01:20:32.215 D/HttpDnsUtils(29183): CEXX-getOperationDetail-productName : LED50MU8600UC
07-06 01:20:32.215 D/HttpDnsUtils(29183): CEXX-getOperationDetail-plmNumber : 88888
07-06 01:20:32.215 D/HttpDnsUtils(29183): CEXX-getOperationDetail-swVersion : V0000.00.01A
07-06 01:20:32.215 D/HttpDnsUtils(29183): CEXX-getOperationDetail-operationDetail : LED50MU8600UC0000888
07-06 01:20:32.215 I/CurrentCarouselView(29183): setTrailData
07-06 01:20:32.215 I/Util    (29183): memory : total=1912,limit=1024
07-06 01:20:32.216 D/OkHttp  (29183): <-- 403 Forbidden http://picture.edu.hismarttv.com/images/ (87ms)
07-06 01:20:32.216 D/OkHttp  (29183): Date: Wed, 05 Jul 2017 17:20:32 GMT
07-06 01:20:32.216 D/OkHttp  (29183): Server: nginx
07-06 01:20:32.216 D/OkHttp  (29183): Content-Type: text/html; charset=UTF-8
07-06 01:20:32.216 D/OkHttp  (29183): Content-Length: 162
07-06 01:20:32.216 D/OkHttp  (29183): Via: 1.1 shuozhou56:0 (Cdn Cache Server V2.0)[42 403 2], 1.1 anwangtong96:0 (Cdn Cache Server V2.0)[75 403 2]
07-06 01:20:32.216 D/OkHttp  (29183): Connection: close
07-06 01:20:32.216 D/OkHttp  (29183): <-- END HTTP
07-06 01:20:32.216 D/HttpHandler(29183): RetryIntercepter-->retryNum=0
07-06 01:20:32.216 D/HttpHandler(29183): RetryIntercepter-->backoffmutiplier=0
07-06 01:20:32.216 D/Carousel-CarouselPicVideoListInfo(29183): carouselList: 3
07-06 01:20:32.216 D/Carousel-CarouselView(29183): setData! info=com.hisense.hitv.carouselwidgit.bean.CarouselPicVideoListInfo@1cb6b478, hascCode=1018850026
07-06 01:20:32.216 D/Carousel-CarouselView(29183): showInitPoster.
07-06 01:20:32.216 D/Carousel-CarouselDisplayPlayerLayout(29183): isFullScreen:false
07-06 01:20:32.216 D/Carousel-CarouselView(29183): ACTION_CLEAR_POSTER_AND_PLAY isFullScreen:false
07-06 01:20:32.217 D/Carousel-CarouselView(29183): InitPosterUrl:http://picture.edu.hismarttv.com/images/20170629010146422927.jpg
07-06 01:20:32.217 D/Carousel-Utils(29183): displayImage view=android.widget.ImageView{31979751 V.ED.... ......I. 0,0-0,0 #7f0d0029 app:id/imageView1}
07-06 01:20:32.217 D/Carousel-Utils(29183): displayImage url=http://picture.edu.hismarttv.com/images/20170629010146422927.jpg
07-06 01:20:32.220 I/CurrentCarouselView(29183): startPlay
07-06 01:20:32.220 I/CurrentCarouselView(29183): CurrentCarouselView.sHasShopDialog=false
07-06 01:20:32.220 I/CurrentCarouselView(29183): onAttachedToWindow
07-06 01:20:32.223 D/Carousel-CarouselView(29183): onAttachedToWindow.
07-06 01:20:32.225 I/MyItemDecoration(29183): getItemOffsets rect=Rect(-32, -16 - 0, 0),pos=3
07-06 01:20:32.227 D/HttpHandler(29183): VerifySignInterCeptor-->request.url()=http://picture.edu.hismarttv.com/images/20170629010146422927.jpg
07-06 01:20:32.227 D/HttpHandler(29183): VerifySignInterCeptor-->hostname=picture.edu.hismarttv.com
07-06 01:20:32.228 D/OkHttp  (29183): --> GET http://picture.edu.hismarttv.com/images/20170629010146422927.jpg http/1.1
07-06 01:20:32.228 D/OkHttp  (29183): Host: picture.edu.hismarttv.com
07-06 01:20:32.228 D/OkHttp  (29183): Connection: Keep-Alive
07-06 01:20:32.228 D/OkHttp  (29183): Accept-Encoding: gzip
07-06 01:20:32.228 D/OkHttp  (29183): User-Agent: okhttp/3.6.0
07-06 01:20:32.228 D/OkHttp  (29183): --> END GET
07-06 01:20:32.243 D/Carousel-CarouselChannelItemView(29183): Listitem imageUrl:http://picture.edu.hismarttv.com/images/20170628102959016598.jpg
07-06 01:20:32.245 D/Carousel-CarouselChannelItemView(29183): Listitem imageUrl:http://picture.edu.hismarttv.com/images/20170628103002814396.jpg
07-06 01:20:32.246 D/Carousel-CarouselChannelItemView(29183): Listitem imageUrl:http://picture.edu.hismarttv.com/images/20170628103009181182.jpg
07-06 01:20:32.247 D/Carousel-CarouselChannelItemView(29183): Listitem imageUrl:http://picture.edu.hismarttv.com/images/20170628102959016598.jpg
07-06 01:20:32.248 D/Carousel-CarouselChannelItemView(29183): Listitem imageUrl:http://picture.edu.hismarttv.com/images/20170628103002814396.jpg
07-06 01:20:32.249 D/Carousel-CarouselChannelItemView(29183): Listitem imageUrl:http://picture.edu.hismarttv.com/images/20170628103009181182.jpg
07-06 01:20:32.251 D/Carousel-CarouselChannelItemView(29183): Listitem imageUrl:http://picture.edu.hismarttv.com/images/20170628103002814396.jpg
07-06 01:20:32.257 D/Carousel-CarouselChannelItemView(29183): Listitem imageUrl:http://picture.edu.hismarttv.com/images/20170628102959016598.jpg
07-06 01:20:32.261 D/Carousel-CarouselChannelItemView(29183): Listitem imageUrl:http://picture.edu.hismarttv.com/images/20170628103009181182.jpg
07-06 01:20:32.263 I/FirstLineAdapter(29183): canShowTrailer,isOffline=false
07-06 01:20:32.263 I/FirstLineAdapter(29183): onCreateViewHolder viewtype=4
07-06 01:20:32.272 I/TVMW@HsTvSetting( 1234): Trace cmd, data = 0x1058
07-06 01:20:32.273 D/til@system( 2026): til_get_system_param option:100002F int:0, bool:0, ret:0
07-06 01:20:32.273 I/TVMW@HsTvSetting( 1234): Trace cmd, data = 0x101f
07-06 01:20:32.273 D/til@system( 2026): til_get_system_param option:100001D int:3, bool:3, ret:0
07-06 01:20:32.273 E/til     ( 2026): [til_get_current_input_source, 101] 
07-06 01:20:32.273 I/TVMW@HsTvSetting( 1234): Trace cmd, data = 0x7007
07-06 01:20:32.273 I/tilwrapper@sm( 2026): HS2TIL_SourceType *hs=0xd, *til=0x900
07-06 01:20:32.274 D/til     ( 2026): get current source 2304
07-06 01:20:32.274 D/SourceRemoteServiceHandler( 2026): getCurrentInputSource.from.til.result is 0, value is 2304
07-06 01:20:32.274 D/SourceRemoteServiceHandler( 2026): getInputSourceType source: 0x900, type=2304
07-06 01:20:32.274 D/til     ( 2026): ###### func:til_get_picture_param option:0x3000006 ######  
07-06 01:20:32.274 I/TVMW@HsTvSetting( 1234): Trace cmd, data = 0x1003
07-06 01:20:32.274 I/TVMW@HsTvSetting( 1234): Trace cmd, data = 0x8032
07-06 01:20:32.274 I/hstvos  ( 1216): [0m[1;33m[HSHAL][HS_VIDEO][HS_HAL_Video_SetOsdDetect_v2][2389]u16Threshold = 20
07-06 01:20:32.275 I/MiSysSrv( 1214): Not support now! 42, change to mm_video!!!
07-06 01:20:32.275 E/TVMW@videoctrl( 1234):  getOsd is 1
07-06 01:20:32.275 D/til@system( 2026): til_get_system_param option:1000027 int:1, bool:1, ret:0
07-06 01:20:32.275 D/til     ( 2026): ###### func:til_get_picture_param option:0x3000045 ######  
07-06 01:20:32.275 I/TVMW@HsTvSetting( 1234): Trace cmd, data = 0x300c
07-06 01:20:32.275 I/TVMW@HsTvSetting( 1234): Trace 3d, data = 0x300c
07-06 01:20:32.275 I/TVMW@3d ( 1234): Hs_debug3d_trace: func:get3dStatus, line:109
07-06 01:20:32.281 I/FirstLineAdapter(29183): onBindViewHolder 4
07-06 01:20:32.281 I/FirstLineAdapter(29183): canShowTrailer,isOffline=false
07-06 01:20:32.281 I/FirstLineAdapter(29183): canShowTrailer modify
07-06 01:20:32.281 I/FirstLineAdapter(29183): setMasterData4
07-06 01:20:32.281 I/FirstLineAdapter(29183): set current pos = 0
07-06 01:20:32.281 D/sloven  (29183): 1002---true
07-06 01:20:32.281 I/FirstLineAdapter(29183): canShowTrailer,isOffline=false
07-06 01:20:32.284 I/FirstLineAdapter(29183): canShowTrailer,isOffline=false
07-06 01:20:32.284 I/FirstLineAdapter(29183): onCreateViewHolder viewtype=4
07-06 01:20:32.291 D/HttpHandler(29183): VerifySignInterCeptor-->request.url()=http://picture.edu.hismarttv.com/images/20170628103002814396.jpg
07-06 01:20:32.291 D/HttpHandler(29183): VerifySignInterCeptor-->hostname=picture.edu.hismarttv.com
07-06 01:20:32.292 D/OkHttp  (29183): --> GET http://picture.edu.hismarttv.com/images/20170628103002814396.jpg http/1.1
07-06 01:20:32.292 D/OkHttp  (29183): Host: picture.edu.hismarttv.com
07-06 01:20:32.292 D/OkHttp  (29183): Connection: Keep-Alive
07-06 01:20:32.292 D/OkHttp  (29183): Accept-Encoding: gzip
07-06 01:20:32.292 D/OkHttp  (29183): User-Agent: okhttp/3.6.0
07-06 01:20:32.292 D/OkHttp  (29183): --> END GET
07-06 01:20:32.293 I/FirstLineAdapter(29183): onBindViewHolder 5
07-06 01:20:32.293 I/FirstLineAdapter(29183): canShowTrailer,isOffline=false
07-06 01:20:32.293 I/FirstLineAdapter(29183): canShowTrailer modify
07-06 01:20:32.293 I/FirstLineAdapter(29183): setMasterData5
07-06 01:20:32.293 I/FirstLineAdapter(29183): set current pos = 1
07-06 01:20:32.293 D/sloven  (29183): 2005---false
07-06 01:20:32.293 D/sloven  (29183): 2005
07-06 01:20:32.294 V/PackageManager( 1733): getPackageInfo com.hisense.hicloud.edca: Package{3fb3f3a1 com.hisense.hicloud.edca}
07-06 01:20:32.302 I/FirstLineAdapter(29183): canShowTrailer,isOffline=false
07-06 01:20:32.309 I/MyItemDecoration(29183): getItemOffsets rect=Rect(-32, 0 - 0, 0),pos=4
07-06 01:20:32.314 I/MyItemDecoration(29183): getItemOffsets rect=Rect(-32, -5 - 0, 0),pos=5
07-06 01:20:32.315 D/Carousel-CarouselView(29183): smoothScroll.
07-06 01:20:32.315 D/Carousel-CarouselDisplayPlayerLayout(29183): isFullScreen:false
07-06 01:20:32.315 D/Carousel-CarouselView(29183): smoothScroll isOtherInstance return.
07-06 01:20:32.315 I/ContentBridgeAdapterListener(29183): onAddPresenter 2
07-06 01:20:32.326 D/OkHttp  (29183): <-- 200 OK http://picture.edu.hismarttv.com/images/20170629010146422927.jpg (97ms)
07-06 01:20:32.326 D/OkHttp  (29183): Date: Mon, 03 Jul 2017 09:54:51 GMT
07-06 01:20:32.326 D/OkHttp  (29183): Server: nginx
07-06 01:20:32.326 D/OkHttp  (29183): Content-Type: image/jpeg
07-06 01:20:32.326 D/OkHttp  (29183): Content-Length: 145373
07-06 01:20:32.326 D/OkHttp  (29183): Last-Modified: Thu, 29 Jun 2017 01:01:46 GMT
07-06 01:20:32.326 D/OkHttp  (29183): ETag: "5954517a-237dd"
07-06 01:20:32.326 D/OkHttp  (29183): Accept-Ranges: bytes
07-06 01:20:32.326 D/OkHttp  (29183): Age: 199541
07-06 01:20:32.326 D/OkHttp  (29183): Via: 1.1 shzh54:1 (Cdn Cache Server V2.0)[12 200 0], 1.1 chwt81:8 (Cdn Cache Server V2.0)[0 200 0]
07-06 01:20:32.326 D/OkHttp  (29183): Connection: keep-alive
07-06 01:20:32.326 D/OkHttp  (29183): <-- END HTTP
07-06 01:20:32.363 D/OkHttp  (29183): <-- 200 OK http://picture.edu.hismarttv.com/images/20170628103002814396.jpg (70ms)
07-06 01:20:32.363 D/OkHttp  (29183): Date: Mon, 03 Jul 2017 10:17:08 GMT
07-06 01:20:32.363 D/OkHttp  (29183): Server: nginx
07-06 01:20:32.363 D/OkHttp  (29183): Content-Type: image/jpeg
07-06 01:20:32.363 D/OkHttp  (29183): Content-Length: 54264
07-06 01:20:32.363 D/OkHttp  (29183): Last-Modified: Wed, 28 Jun 2017 10:30:02 GMT
07-06 01:20:32.363 D/OkHttp  (29183): ETag: "5953852a-d3f8"
07-06 01:20:32.363 D/OkHttp  (29183): Accept-Ranges: bytes
07-06 01:20:32.363 D/OkHttp  (29183): Age: 198204
07-06 01:20:32.363 D/OkHttp  (29183): Via: 1.1 chzhwt171:8 (Cdn Cache Server V2.0)[0 200 0], 1.1 t86:5 (Cdn Cache Server V2.0)[1 200 0]
07-06 01:20:32.363 D/OkHttp  (29183): Connection: keep-alive
07-06 01:20:32.363 D/OkHttp  (29183): <-- END HTTP
07-06 01:20:32.378 D/HttpHandler(29183): RetryIntercepter-->retryNum=0
07-06 01:20:32.378 D/HttpHandler(29183): RetryIntercepter-->backoffmutiplier=0
07-06 01:20:32.412 E/MessageService( 4361): MSG_PULL +!MessageServiceApplication.mApp.ismUsingDB()true
07-06 01:20:32.425 D/HttpHandler(29183): VerifySignInterCeptor-->request.url()=http://picture.edu.hismarttv.com/images/20170628102959016598.jpg
07-06 01:20:32.425 D/HttpHandler(29183): VerifySignInterCeptor-->hostname=picture.edu.hismarttv.com
07-06 01:20:32.430 D/HttpHandler(29183): VerifySignInterCeptor-->request.url()=http://picture.edu.hismarttv.com/images/20170628103009181182.jpg
07-06 01:20:32.430 D/HttpHandler(29183): VerifySignInterCeptor-->hostname=picture.edu.hismarttv.com
07-06 01:20:32.431 D/OkHttp  (29183): --> GET http://picture.edu.hismarttv.com/images/20170628102959016598.jpg http/1.1
07-06 01:20:32.431 D/OkHttp  (29183): Host: picture.edu.hismarttv.com
07-06 01:20:32.431 D/OkHttp  (29183): Connection: Keep-Alive
07-06 01:20:32.431 D/OkHttp  (29183): Accept-Encoding: gzip
07-06 01:20:32.431 D/OkHttp  (29183): User-Agent: okhttp/3.6.0
07-06 01:20:32.431 D/OkHttp  (29183): --> END GET
07-06 01:20:32.432 D/HttpHandler(29183): HttpDNS-->hostname=picture.edu.hismarttv.com
07-06 01:20:32.433 D/HttpHandler(29183): RAMCache-->hostInfo.getClientTimeStamp()=24073446
07-06 01:20:32.433 D/HttpHandler(29183): RAMCache-->hostInfo.getTtl()=300
07-06 01:20:32.433 D/HttpHandler(29183): RAMCache-->SystemClock.elapsedRealtime()=24074005
07-06 01:20:32.437 D/HttpHandler(29183): DNSHelper-->gslbDns=["153.35.175.120","125.46.22.134","36.33.158.222","218.58.206.58","123.128.14.209","153.35.175.121","220.202.77.124"]
07-06 01:20:32.449 D/HttpHandler(29183): RetryIntercepter-->retryNum=0
07-06 01:20:32.449 D/HttpHandler(29183): RetryIntercepter-->backoffmutiplier=0
07-06 01:20:32.461 D/OkHttp  (29183): <-- 200 OK http://picture.edu.hismarttv.com/images/20170628102959016598.jpg (29ms)
07-06 01:20:32.461 D/OkHttp  (29183): Date: Mon, 03 Jul 2017 10:52:37 GMT
07-06 01:20:32.461 D/OkHttp  (29183): Server: nginx
07-06 01:20:32.461 D/OkHttp  (29183): Content-Type: image/jpeg
07-06 01:20:32.461 D/OkHttp  (29183): Content-Length: 40292
07-06 01:20:32.461 D/OkHttp  (29183): Last-Modified: Wed, 28 Jun 2017 10:29:59 GMT
07-06 01:20:32.461 D/OkHttp  (29183): ETag: "59538527-9d64"
07-06 01:20:32.461 D/OkHttp  (29183): Accept-Ranges: bytes
07-06 01:20:32.461 D/OkHttp  (29183): Age: 196075
07-06 01:20:32.461 D/OkHttp  (29183): Via: 1.1 chzhwt171:6 (Cdn Cache Server V2.0)[0 200 0], 1.1 t85:6 (Cdn Cache Server V2.0)[10 200 0]
07-06 01:20:32.461 D/OkHttp  (29183): Connection: keep-alive
07-06 01:20:32.461 D/OkHttp  (29183): <-- END HTTP
07-06 01:20:32.462 D/HttpHandler(29183): RetryIntercepter-->retryNum=0
07-06 01:20:32.462 D/HttpHandler(29183): RetryIntercepter-->backoffmutiplier=0
07-06 01:20:32.473 D/OkHttp  (29183): --> GET http://picture.edu.hismarttv.com/images/20170628103009181182.jpg http/1.1
07-06 01:20:32.473 D/OkHttp  (29183): Host: picture.edu.hismarttv.com
07-06 01:20:32.473 D/OkHttp  (29183): Connection: Keep-Alive
07-06 01:20:32.473 D/OkHttp  (29183): Accept-Encoding: gzip
07-06 01:20:32.473 D/OkHttp  (29183): User-Agent: okhttp/3.6.0
07-06 01:20:32.473 D/OkHttp  (29183): --> END GET
07-06 01:20:32.502 D/OkHttp  (29183): <-- 200 OK http://picture.edu.hismarttv.com/images/20170628103009181182.jpg (28ms)
07-06 01:20:32.502 D/OkHttp  (29183): Date: Mon, 03 Jul 2017 10:52:37 GMT
07-06 01:20:32.502 D/OkHttp  (29183): Server: nginx
07-06 01:20:32.502 D/OkHttp  (29183): Content-Type: image/jpeg
07-06 01:20:32.502 D/OkHttp  (29183): Content-Length: 41416
07-06 01:20:32.502 D/OkHttp  (29183): Last-Modified: Wed, 28 Jun 2017 10:30:09 GMT
07-06 01:20:32.502 D/OkHttp  (29183): ETag: "59538531-a1c8"
07-06 01:20:32.502 D/OkHttp  (29183): Accept-Ranges: bytes
07-06 01:20:32.502 D/OkHttp  (29183): Age: 196075
07-06 01:20:32.502 D/OkHttp  (29183): Via: 1.1 pingwangtong49:1 (Cdn Cache Server V2.0)[0 200 0], 1.1 t86:6 (Cdn Cache Server V2.0)[0 200 0]
07-06 01:20:32.502 D/OkHttp  (29183): Connection: keep-alive
07-06 01:20:32.502 D/OkHttp  (29183): <-- END HTTP
07-06 01:20:32.520 D/HttpHandler(29183): RetryIntercepter-->retryNum=0
07-06 01:20:32.520 D/HttpHandler(29183): RetryIntercepter-->backoffmutiplier=0
07-06 01:20:32.549 E/btif_config( 2964): [btif_config_get] node is TRUE!
07-06 01:20:32.549 E/btif_config( 2964): [btif_config_get] ret is TRUE!
07-06 01:20:32.569 I/MiSysSrv( 1214): [37m[INFO] Change to Voltage: 117 mv (0x32)[m
07-06 01:20:32.669 I/MiSysSrv( 1214): [37m[INFO] Change to Voltage: 102 mv (0x23)[m
07-06 01:20:32.699 W/dex2oat (29319): Verification of void com.qiyi.video.player.lib.player.qiyi.be.run() took 143.937ms
07-06 01:20:32.703 W/dex2oat (29319): Verification of void com.qiyi.video.player.lib.app.k.b() took 340.401ms
07-06 01:20:32.727 W/ActivityManager( 1733): getTasks: caller 10070 does not hold REAL_GET_TASKS; limiting output
07-06 01:20:32.732 W/ActivityManager( 1733): getTasks: caller 10070 does not hold REAL_GET_TASKS; limiting output
07-06 01:20:32.737 W/ActivityManager( 1733): getTasks: caller 10070 does not hold REAL_GET_TASKS; limiting output
07-06 01:20:32.743 D/MtaReportMng( 4483): ## 2017-07-06 01:20:32.743 [4483,29338,:0] DEBUG ## [MtaReportMng]reportMtaData, eventId: get_app_run_list
07-06 01:20:32.746 I/MtaReportMng( 4483): ## 2017-07-06 01:20:32.744 [4483,29338,:0] INFO ## [MtaReportMng]parseKV, pr: VIDEO
