07-05 20:51:38.040 D/ADLog   ( 2945): ResourceDownloadManager => success to send broadcast!!!!!sys_ssv3
07-05 20:51:38.041 D/SogouIME( 2203): [onKeyDown] keycode = 22 model = VIDAA_TV
07-05 20:51:38.045 D/Carousel-CarouselDisplayPlayerLayout( 9716): HasFocus:false,keyCode:22
07-05 20:51:38.045 D/Carousel-CarouselDisplayPlayerLayout( 9716): isFullScreen:false
07-05 20:51:38.045 I/HomeMainActivity( 9716): carousel handle key:false
07-05 20:51:38.045 I/MainHomeView( 9716): dispatchKeyEvent ACTION_DOWN now 
07-05 20:51:38.045 I/HomeMainActivity( 9716): onKeyDown is 22
07-05 20:51:38.046 I/FirstlineLayoutManager( 9716): left=218,width=1738,scroll Distance=-846
07-05 20:51:38.052 D/Carousel-CarouselView( 9716): ============>onFocusChange=true
07-05 20:51:38.052 D/Carousel-CarouselDisplayPlayerLayout( 9716): isFullScreen:false
07-05 20:51:38.052 D/Carousel-CarouselView( 9716): isFullScreen:false,hasFocus:true
07-05 20:51:38.052 D/Carousel-CarouselView( 9716): ============>offset=-237
07-05 20:51:38.055 D/AdvertisementManager( 4390): getAdvertisementContentInfo(sys_ssv3) called
07-05 20:51:38.056 D/ADLog   ( 2945): ADServiceAIDL => getADPlayContent adCode = sys_ssv3 packageName = com.jamdeo.screensaver
07-05 20:51:38.056 D/ADLog   ( 2945): ADServiceHandler => ADContentInfo getAD(String adCode = sys_ssv3, String packageName = com.jamdeo.screensaver)
07-05 20:51:38.056 D/ADLog   ( 2945): ADServiceHandler => getADInfo(String adCode = sys_ssv3, String packageName = com.jamdeo.screensaver)
07-05 20:51:38.057 D/ADLog   ( 2945): DBManager => query(String adCode = sys_ssv3, String packageName = com.jamdeo.screensaver)
07-05 20:51:38.061 D/ADLog   ( 2945): ADDaoHandler => getADCodeInfo(String adCode = sys_ssv3)
07-05 20:51:38.061 D/ADLog   ( 2945): DBManager => query(String adCode = sys_ssv3)
07-05 20:51:38.061 D/Carousel-CarouselDisplayPlayerLayout( 9716): showPlayerWindowTip showable:true
07-05 20:51:38.063 D/ADLog   ( 2945): DBManager => ADCodeInfo cursor.getCount() = 1
07-05 20:51:38.063 D/ADLog   ( 2945): DBManager => queryPlayPolicy(adCode = sys_ssv3, packageName = com.jamdeo.screensaver)
07-05 20:51:38.064 E/ADLog   ( 2945): DBManager => query count is 0
07-05 20:51:38.065 D/ADLog   ( 2945): DBManager => ADCodeInfo [id=4, adCode=sys_ssv3, packageNamecom.jamdeo.screensaver, UpdateStatus=2, defaultAdID=1000000001239, defaultAdURL=http://download.hismarttv.com/epgdata/ImageAD/9000019139817.jpg, defaultAdPath=/data/data/com.hisense.service.ad/files/ad/9000019139817.jpg, defaultAdType=5, owner=hitv, lastUpdateTime=1499230297, lock=java.util.concurrent.locks.ReentrantLock@2fa9f265[Unlocked], adInfos=[]]
07-05 20:51:38.065 D/ADLog   ( 2945): ADServiceHandler => current time:1499230298, lastUpdate time: 1499230297
07-05 20:51:38.065 D/ADLog   ( 2945): ADServiceHandler => app.getLastUsedAdId() is 1000000015547
07-05 20:51:38.065 D/ADLog   ( 2945): ADServiceHandler => lastShowAdID is 1000000015547
07-05 20:51:38.065 D/ADLog   ( 2945): ADServiceHandler => to find last used ad.
07-05 20:51:38.065 D/ADLog   ( 2945): DBManager => update(String table = AppADCodeInfo, Object obj = com.hisense.service.ad.bean.AppADCodeInfo@32552b3a)
07-05 20:51:38.065 D/ADLog   ( 2945): DBManager => update(AppADCodeInfo info = com.hisense.service.ad.bean.AppADCodeInfo@32552b3a)
07-05 20:51:38.065 D/ADLog   ( 2945): DBManager => update appcodeinfo---------------------
07-05 20:51:38.065 D/ADLog   ( 2945): DBManager => getValues(String tabName = AppADCodeInfo, Object object = com.hisense.service.ad.bean.AppADCodeInfo@32552b3a)
07-05 20:51:38.073 D/ADLog   ( 2945): ADInfo => addJsonExtra(String key = ad_on_jump, String value = {"startupType":4,"startupUrl":[{"key":"startupType","value":3,"type":"int"},{"key":"packageName","value":"com.hisense.hicloud.edca","type":"String"}]})
07-05 20:51:38.074 D/ADLog   ( 2945): ADInfo => mJsonExtras = {"ad_on_jump":"{\"startupType\":4,\"startupUrl\":[{\"key\":\"startupType\",\"value\":3,\"type\":\"int\"},{\"key\":\"packageName\",\"value\":\"com.hisense.hicloud.edca\",\"type\":\"String\"}]}"}
07-05 20:51:38.074 D/ADLog   ( 2945): ADServiceHandler => postExecute
07-05 20:51:38.082 V/PackageManager( 1733): getPackageInfo com.hisense.service.ad: Package{2fa4b490 com.hisense.service.ad}
07-05 20:51:38.084 I/TVMW@devctrl( 1234): wdt
07-05 20:51:38.103 D/ADLog   ( 2945): ADDaoHandler => update ADCodeInfo
07-05 20:51:38.103 D/ADLog   ( 2945): DBManager => update(String table = ADCodeInfo, Object obj = ADCodeInfo [id=5, adCode=ad_on_cv4, packageNamecom.jamdeo.tv.advertisementproxy, UpdateStatus=2, defaultAdID=1000000006433, defaultAdURL=http://download.hismarttv.com/epgdata/ImageAD/9000019159462.zip, defaultAdPath=/data/data/com.hisense.service.ad/files/ad/9000019159462.zip, defaultAdType=9, owner=hitv, lastUpdateTime=1499230298, lock=java.util.concurrent.locks.ReentrantLock@3059a2e[Locked by thread pool-1-thread-1], adInfos=[com.hisense.service.ad.bean.ADInfo@2bf0d9cf]])
07-05 20:51:38.103 D/ADLog   ( 2945): DBManager => getValues(String tabName = ADCodeInfo, Object object = ADCodeInfo [id=5, adCode=ad_on_cv4, packageNamecom.jamdeo.tv.advertisementproxy, UpdateStatus=2, defaultAdID=1000000006433, defaultAdURL=http://download.hismarttv.com/epgdata/ImageAD/9000019159462.zip, defaultAdPath=/data/data/com.hisense.service.ad/files/ad/9000019159462.zip, defaultAdType=9, owner=hitv, lastUpdateTime=1499230298, lock=java.util.concurrent.locks.ReentrantLock@3059a2e[Locked by thread pool-1-thread-1], adInfos=[com.hisense.service.ad.bean.ADInfo@2bf0d9cf]])
07-05 20:51:38.104 D/ADLog   ( 2945): CommonUtils => getStringFromList:   [{"id":"8","code":"hitvdef","url":"http:\/\/api.hismarttv.com\/adapi\/getlogopic?type=0&ac=${ADCODE}&pid=${ADPOLICY}&aid=${ADID}&did=${DEVICEID}&t=${TIME}&act=${ACTION}&dt=${DISPLAYTIMES}&tz=${TIMEZONE}&mac=${MAC}"}]
07-05 20:51:38.109 D/ADLog   ( 2945): DBManager => result = 1
07-05 20:51:38.112 V/PackageManager( 1733): getPackageInfo com.hisense.service.ad: Package{2fa4b490 com.hisense.service.ad}
07-05 20:51:38.118 D/ADLog   ( 2945): ADServiceHandler => return default ad for sys_ssv3
07-05 20:51:38.119 D/GlobalInputEventMonitoringService( 1733): interceptKeyBeforeQueueing(), event:22, mNeedMonitorKeyEvent:true, mWaitForKeyUpEvent:false
07-05 20:51:38.119 D/GlobalInputEventMonitoringService( 1733): processKeyEvent(), processKeyEvent event:22
07-05 20:51:38.120 D/WindowManager( 1733): interceptKeyTq keycode=22 interactive=true keyguardActive=false policyFlags=2b000000 isCancled= false
07-05 20:51:38.120 D/WindowManager( 1733): interceptKeyTi keyCode=22 down=false repeatCount=0 keyguardOn=false mHomePressed=false canceled=false
07-05 20:51:38.120 D/WindowManager( 1733): Hisense systemkey event: 22
07-05 20:51:38.120 D/HisenseGlobalKeyManager( 1733): handleGlobalKey() : Global event = KeyEvent { action=ACTION_UP, keyCode=KEYCODE_DPAD_RIGHT, scanCode=0, metaState=0, flags=0x0, repeatCount=0, eventTime=7939607, downTime=7939607, deviceId=-1, source=0x101 }
07-05 20:51:38.124 I/AdvertisementManager( 4390): advertisement(type 8) show type=5
07-05 20:51:38.124 I/AdvertisementManager( 4390): resource path: /data/data/com.hisense.service.ad/files/ad/9000019139817.jpg
07-05 20:51:38.125 D/AdvertisementManager( 4390): onReceive(): notify advertisement content update, type:8
07-05 20:51:38.129 I/TransitionImageHelper( 2927): Transition AD images had been changed.
07-05 20:51:38.140 D/ADLog   ( 2945): DBManager => result = 1, table : ADCodeInfo
07-05 20:51:38.143 V/PackageManager( 1733): getPackageInfo com.hisense.service.ad: Package{2fa4b490 com.hisense.service.ad}
07-05 20:51:38.146 D/ADLog   ( 2945): ADDaoHandler => getADCodeInfo(String adCode = ad_vm_av3)
07-05 20:51:38.146 D/ADLog   ( 2945): DBManager => query(String adCode = ad_vm_av3)
07-05 20:51:38.154 D/ADLog   ( 2945): DBManager => ADCodeInfo cursor.getCount() = 1
07-05 20:51:38.155 D/ADLog   ( 2945): DBManager => queryPlayPolicy(adCode = ad_vm_av3, packageName = com.jamdeo.tv.resources)
07-05 20:51:38.156 E/ADLog   ( 2945): DBManager => query count is 0
07-05 20:51:38.157 D/ADLog   ( 2945): DBManager => ADCodeInfo [id=6, adCode=ad_vm_av3, packageNamecom.jamdeo.tv.resources, UpdateStatus=1, defaultAdID=1000000005878, defaultAdURL=http://download.hismarttv.com/epgdata/ImageAD/9000019142662.jpg, defaultAdPath=/data/data/com.hisense.service.ad/files/ad/9000019142662.jpg, defaultAdType=5, owner=hitv, lastUpdateTime=1499230238, lock=java.util.concurrent.locks.ReentrantLock@a4b43eb[Unlocked], adInfos=[]]
07-05 20:51:38.159 V/PackageManager( 1733): getPackageInfo com.hisense.service.ad: Package{2fa4b490 com.hisense.service.ad}
07-05 20:51:38.173 V/PackageManager( 1733): getPackageInfo com.hisense.service.ad: Package{2fa4b490 com.hisense.service.ad}
07-05 20:51:38.190 D/AdvertisementManager( 4390): getAdvertisementContentInfo(16) called
07-05 20:51:38.190 D/AdvertisementManager( 4390): getAdvertisementContentInfo(ad_sc) called
07-05 20:51:38.191 D/ADLog   ( 2945): ADServiceAIDL => getADPlayContent adCode = ad_sc packageName = com.jamdeo.tv.tileanimation
07-05 20:51:38.191 D/ADLog   ( 2945): ADServiceHandler => ADContentInfo getAD(String adCode = ad_sc, String packageName = com.jamdeo.tv.tileanimation)
07-05 20:51:38.191 D/ADLog   ( 2945): ADServiceHandler => getADInfo(String adCode = ad_sc, String packageName = com.jamdeo.tv.tileanimation)
07-05 20:51:38.191 D/ADLog   ( 2945): DBManager => query(String adCode = ad_sc, String packageName = com.jamdeo.tv.tileanimation)
07-05 20:51:38.204 D/Carousel-CarouselDisplayPlayerLayout( 9716): HasFocus:true,keyCode:22
07-05 20:51:38.204 D/Carousel-CarouselDisplayPlayerLayout( 9716): isFullScreen:false
07-05 20:51:38.204 D/Carousel-CarouselDisplayPlayerLayout( 9716): isFullScreen:false
07-05 20:51:38.204 I/HomeMainActivity( 9716): carousel handle key:false
07-05 20:51:38.229 V/InputMethodService( 2203): startInput(): editor=android.view.inputmethod.EditorInfo@15bb71bc
07-05 20:51:38.230 V/InputMethodService( 2203): CALL: onFinishInput
07-05 20:51:38.271 E/SOGOUIME_JNI( 2203): reset
07-05 20:51:38.271 E/SOGOUIME_JNI( 2203): getCandidates
07-05 20:51:38.271 E/SOGOUIME_JNI( 2203): ime_get_uncommitted_length
07-05 20:51:38.272 E/SOGOUIME_JNI( 2203): getCandidates
07-05 20:51:38.272 D/SogouIME API( 2203): ==============num:32
07-05 20:51:38.272 E/SOGOUIME_JNI( 2203): ime_get_uncommitted_length
07-05 20:51:38.272 D/SogouIME( 2203): mFocusedComponent:30   isHkbEnable:false
07-05 20:51:38.272 E/SOGOUIME_JNI( 2203): ime_get_uncommitted_length
07-05 20:51:38.272 E/SOGOUIME_JNI( 2203): ime_get_committed_length
07-05 20:51:38.272 E/SOGOUIME_JNI( 2203): getComposingInfo
07-05 20:51:38.272 E/SOGOUIME_JNI( 2203): getComposingInfo
07-05 20:51:38.272 E/SOGOUIME_JNI( 2203): getCorrectInfo
07-05 20:51:38.272 E/SOGOUIME_JNI( 2203): getComposingInfo
07-05 20:51:38.275 V/InputMethodService( 2203): CALL: onStartInput
07-05 20:51:38.275 E/SOGOUIME_JNI( 2203): invalidateCommitWordPinyinNative
07-05 20:51:38.282 D/PowerManagerService( 1733): acquireWakeLockInternal: lock=113832109, flags=0x1, tag="NetworkStats", ws=null, uid=1000, pid=1733
07-05 20:51:38.282 D/PowerManagerNotifier( 1733): onWakeLockAcquired: flags=1, tag="NetworkStats", packageName=android, ownerUid=1000, ownerPid=1733, workSource=null
07-05 20:51:38.282 D/NtpTrustedTime( 1733): currentTimeMillis() cache hit
07-05 20:51:38.283 D/SogouIME( 2203): =====configKeyboard=======:false     false
07-05 20:51:38.283 E/SOGOUIME_JNI( 2203): ime_set_hard_kb_enable
07-05 20:51:38.298 D/NtpTrustedTime( 1733): currentTimeMillis() cache hit
07-05 20:51:38.299 D/PowerManagerService( 1733): releaseWakeLockInternal: lock=113832109 [NetworkStats], flags=0x0
07-05 20:51:38.299 D/PowerManagerNotifier( 1733): onWakeLockReleased: flags=1, tag="NetworkStats", packageName=android, ownerUid=1000, ownerPid=1733, workSource=null
07-05 20:51:38.299 D/NtpTrustedTime( 1733): currentTimeMillis() cache hit
07-05 20:51:38.299 D/NtpTrustedTime( 1733): currentTimeMillis() cache hit
07-05 20:51:38.333 D/NativeDecimalFormat( 2945): NativeDecimalFormat_close print addr=3690888960
07-05 20:51:38.333 D/NativeDecimalFormat( 2945): NativeDecimalFormat_close print g_addr=3685668608
07-05 20:51:38.333 D/NativeDecimalFormat( 2945): NativeDecimalFormat_close print addr=3690892032
07-05 20:51:38.333 D/NativeDecimalFormat( 2945): NativeDecimalFormat_close print g_addr=3685668608
07-05 20:51:38.333 D/NativeDecimalFormat( 2945): NativeDecimalFormat_close print addr=3678660864
07-05 20:51:38.333 D/NativeDecimalFormat( 2945): NativeDecimalFormat_close print g_addr=3685668608
07-05 20:51:38.333 D/NativeDecimalFormat( 2945): NativeDecimalFormat_close print addr=3678661632
07-05 20:51:38.333 D/NativeDecimalFormat( 2945): NativeDecimalFormat_close print g_addr=3685668608
07-05 20:51:38.335 D/NativeDecimalFormat( 2945): NativeDecimalFormat_close print addr=3685667840
07-05 20:51:38.335 D/NativeDecimalFormat( 2945): NativeDecimalFormat_close print g_addr=3685668608
07-05 20:51:38.336 D/NativeDecimalFormat( 2945): NativeDecimalFormat_close print addr=3685668608
07-05 20:51:38.336 D/NativeDecimalFormat( 2945): NativeDecimalFormat_close print g_addr=3685668608
07-05 20:51:38.337 I/art     ( 2945): Background partial concurrent mark sweep GC freed 12798(1590KB) AllocSpace objects, 19(304KB) LOS objects, 33% free, 8MB/12MB, paused 9.459ms total 112.866ms
07-05 20:51:38.338 D/ADLog   ( 2945): ADDaoHandler => getADCodeInfo(String adCode = ad_sc)
07-05 20:51:38.338 D/ADLog   ( 2945): DBManager => query(String adCode = ad_sc)
07-05 20:51:38.344 D/ADLog   ( 2945): DBManager => ADCodeInfo cursor.getCount() = 1
07-05 20:51:38.368 D/ADLog   ( 2945): DBManager => queryPlayPolicy(adCode = ad_sc, packageName = com.jamdeo.tv.tileanimation)
07-05 20:51:38.372 E/ADLog   ( 2945): DBManager => query count is 0
07-05 20:51:38.372 D/ADLog   ( 2945): DBManager => ADCodeInfo [id=3, adCode=ad_sc, packageNamecom.jamdeo.tv.tileanimation, UpdateStatus=2, defaultAdID=1000000002492, defaultAdURL=http://download.hismarttv.com/epgdata/ImageAD/9000019146505.jpg, defaultAdPath=/data/data/com.hisense.service.ad/files/ad/9000019146505.jpg, defaultAdType=5, owner=hitv, lastUpdateTime=1499230297, lock=java.util.concurrent.locks.ReentrantLock@244c4fe1[Unlocked], adInfos=[]]
07-05 20:51:38.372 D/ADLog   ( 2945): ADServiceHandler => current time:1499230298, lastUpdate time: 1499230297
07-05 20:51:38.372 D/ADLog   ( 2945): ADServiceHandler => app.getLastUsedAdId() is 0
07-05 20:51:38.372 D/ADLog   ( 2945): ADServiceHandler => lastShowAdID is 0
07-05 20:51:38.372 D/ADLog   ( 2945): ADServiceHandler => to find last used ad.
07-05 20:51:38.373 D/ADLog   ( 2945): DBManager => update(String table = AppADCodeInfo, Object obj = com.hisense.service.ad.bean.AppADCodeInfo@1ddac106)
07-05 20:51:38.373 D/ADLog   ( 2945): DBManager => update(AppADCodeInfo info = com.hisense.service.ad.bean.AppADCodeInfo@1ddac106)
07-05 20:51:38.373 D/ADLog   ( 2945): DBManager => update appcodeinfo---------------------
07-05 20:51:38.373 D/ADLog   ( 2945): DBManager => getValues(String tabName = AppADCodeInfo, Object object = com.hisense.service.ad.bean.AppADCodeInfo@1ddac106)
07-05 20:51:38.392 D/ADLog   ( 2945): ADServiceHandler => postExecute
07-05 20:51:38.396 V/PackageManager( 1733): getPackageInfo com.hisense.service.ad: Package{2fa4b490 com.hisense.service.ad}
07-05 20:51:38.401 D/ADLog   ( 2945): ADDaoHandler => update ADCodeInfo
07-05 20:51:38.401 D/ADLog   ( 2945): DBManager => update(String table = ADCodeInfo, Object obj = ADCodeInfo [id=6, adCode=ad_vm_av3, packageNamecom.jamdeo.tv.resources, UpdateStatus=2, defaultAdID=1000000005878, defaultAdURL=http://download.hismarttv.com/epgdata/ImageAD/9000019142662.jpg, defaultAdPath=/data/data/com.hisense.service.ad/files/ad/9000019142662.jpg, defaultAdType=5, owner=hitv, lastUpdateTime=1499230298, lock=java.util.concurrent.locks.ReentrantLock@a4b43eb[Locked by thread pool-1-thread-1], adInfos=[]])
07-05 20:51:38.401 D/ADLog   ( 2945): DBManager => getValues(String tabName = ADCodeInfo, Object object = ADCodeInfo [id=6, adCode=ad_vm_av3, packageNamecom.jamdeo.tv.resources, UpdateStatus=2, defaultAdID=1000000005878, defaultAdURL=http://download.hismarttv.com/epgdata/ImageAD/9000019142662.jpg, defaultAdPath=/data/data/com.hisense.service.ad/files/ad/9000019142662.jpg, defaultAdType=5, owner=hitv, lastUpdateTime=1499230298, lock=java.util.concurrent.locks.ReentrantLock@a4b43eb[Locked by thread pool-1-thread-1], adInfos=[]])
07-05 20:51:38.401 D/ADLog   ( 2945): CommonUtils => getStringFromList:   [{"id":"8","code":"hitvdef","url":"http:\/\/api.hismarttv.com\/adapi\/getlogopic?type=0&ac=${ADCODE}&pid=${ADPOLICY}&aid=${ADID}&did=${DEVICEID}&t=${TIME}&act=${ACTION}&dt=${DISPLAYTIMES}&tz=${TIMEZONE}&mac=${MAC}"}]
07-05 20:51:38.414 D/ADLog   ( 2945): DBManager => result = 1
07-05 20:51:38.432 D/ADLog   ( 2945): DBManager => result = 1, table : ADCodeInfo
07-05 20:51:38.439 V/PackageManager( 1733): getPackageInfo com.hisense.service.ad: Package{2fa4b490 com.hisense.service.ad}
07-05 20:51:38.440 I/TVMW@HsTvSetting( 1234): Trace cmd, data = 0x1058
07-05 20:51:38.440 D/til@system( 2026): til_get_system_param option:100002F int:0, bool:0, ret:0
07-05 20:51:38.441 I/TVMW@HsTvSetting( 1234): Trace cmd, data = 0x101f
07-05 20:51:38.441 D/til@system( 2026): til_get_system_param option:100001D int:3, bool:3, ret:0
07-05 20:51:38.441 E/til     ( 2026): [til_get_current_input_source, 101] 
07-05 20:51:38.441 I/TVMW@HsTvSetting( 1234): Trace cmd, data = 0x7007
07-05 20:51:38.441 I/tilwrapper@sm( 2026): HS2TIL_SourceType *hs=0xd, *til=0x900
07-05 20:51:38.441 D/til     ( 2026): get current source 2304
07-05 20:51:38.441 D/SourceRemoteServiceHandler( 2026): getCurrentInputSource.from.til.result is 0, value is 2304
07-05 20:51:38.441 D/SourceRemoteServiceHandler( 2026): getInputSourceType source: 0x900, type=2304
07-05 20:51:38.441 D/til     ( 2026): ###### func:til_get_picture_param option:0x3000006 ######  
07-05 20:51:38.442 I/TVMW@HsTvSetting( 1234): Trace cmd, data = 0x1003
07-05 20:51:38.442 I/TVMW@HsTvSetting( 1234): Trace cmd, data = 0x8032
07-05 20:51:38.443 I/hstvos  ( 1216): [0m[1;33m[HSHAL][HS_VIDEO][HS_HAL_Video_SetOsdDetect_v2][2389]u16Threshold = 20
07-05 20:51:38.449 E/HDMI_CEC( 1733): Send Message TO[5] 
07-05 20:51:38.449 E/HDMI_CEC( 1733): OP[0], <Feature Abort> 
07-05 20:51:38.449 E/HDMI_CEC( 1733): ========
07-05 20:51:38.450 E/TVMW@videoctrl( 1234):  getOsd is 1
07-05 20:51:38.451 D/til@system( 2026): til_get_system_param option:1000027 int:1, bool:1, ret:0
07-05 20:51:38.452 D/til     ( 2026): ###### func:til_get_picture_param option:0x3000045 ######  
07-05 20:51:38.452 I/TVMW@HsTvSetting( 1234): Trace cmd, data = 0x300c
07-05 20:51:38.452 I/TVMW@HsTvSetting( 1234): Trace 3d, data = 0x300c
07-05 20:51:38.452 I/TVMW@3d ( 1234): Hs_debug3d_trace: func:get3dStatus, line:109
07-05 20:51:38.476 V/PackageManager( 1733): getPackageInfo com.hisense.service.ad: Package{2fa4b490 com.hisense.service.ad}
07-05 20:51:38.498 D/ADLog   ( 2945): ADServiceHandler => return default ad for ad_sc
07-05 20:51:38.499 I/AdvertisementManager( 4390): advertisement(type 16) show type=5
07-05 20:51:38.499 I/AdvertisementManager( 4390): resource path: /data/data/com.hisense.service.ad/files/ad/9000019146505.jpg
07-05 20:51:38.511 I/NetflixMonitorService( 1733): current fgapk : com.hisense.hicloud.edca
07-05 20:51:38.511 I/NetflixMonitorService( 1733): Netflix status unchanged
07-05 20:51:38.524 E/HDMI_CEC( 1733): MI_CEC_SendTxPolling, ErrCode[4] 
07-05 20:51:38.534 I/TransitionImageHelper( 2927): getTransitionBgPicFromHiCloud(), path = [/data/data/com.hisense.service.ad/files/ad/9000019146505.jpg]
07-05 20:51:38.556 I/TransitionImageHelper( 2927): decoding with inSampleSize 1
07-05 20:51:38.560 E/HDMI_CEC( 1733): Sending message can't be response. 
07-05 20:51:38.568 D/MSTAR_VDEC_DBG( 1206): Stream ID: 0, Rate : 24 (E:0,D:0,S:0,F:69) 
07-05 20:51:38.670 I/MiSysSrv( 1214): [37m[INFO] Change to Voltage: 117 mv (0x32)[m
07-05 20:51:38.720 I/MyFragmentStateAdapter( 9716): getCount
07-05 20:51:38.761 I/MyFragmentStateAdapter( 9716): getCount
07-05 20:51:38.809 I/MyFragmentStateAdapter( 9716): getCount
07-05 20:51:38.858 I/MyFragmentStateAdapter( 9716): getCount
07-05 20:51:38.893 I/TransitionImageHelper( 2927): load: bitmap 1920, 1080
07-05 20:51:38.902 I/TransitionImageHelper( 2927): PhotoLoadTask: a new image is set as background with size = 8294400
07-05 20:51:38.913 I/MyFragmentStateAdapter( 9716): getCount
07-05 20:51:38.954 I/TVMW@HsTvSetting( 1234): Trace cmd, data = 0x1058
07-05 20:51:38.955 D/til@system( 2026): til_get_system_param option:100002F int:0, bool:0, ret:0
07-05 20:51:38.955 I/TVMW@HsTvSetting( 1234): Trace cmd, data = 0x101f
07-05 20:51:38.955 D/til@system( 2026): til_get_system_param option:100001D int:3, bool:3, ret:0
07-05 20:51:38.955 I/MyFragmentStateAdapter( 9716): getCount
07-05 20:51:38.955 E/til     ( 2026): [til_get_current_input_source, 101] 
07-05 20:51:38.956 I/TVMW@HsTvSetting( 1234): Trace cmd, data = 0x7007
07-05 20:51:38.956 I/tilwrapper@sm( 2026): HS2TIL_SourceType *hs=0xd, *til=0x900
07-05 20:51:38.956 D/til     ( 2026): get current source 2304
07-05 20:51:38.956 D/SourceRemoteServiceHandler( 2026): getCurrentInputSource.from.til.result is 0, value is 2304
07-05 20:51:38.956 D/SourceRemoteServiceHandler( 2026): getInputSourceType source: 0x900, type=2304
07-05 20:51:38.960 D/til     ( 2026): ###### func:til_get_picture_param option:0x3000006 ######  
07-05 20:51:38.961 I/TVMW@HsTvSetting( 1234): Trace cmd, data = 0x1003
07-05 20:51:38.962 I/TVMW@HsTvSetting( 1234): Trace cmd, data = 0x8032
07-05 20:51:38.962 I/hstvos  ( 1216): [0m[1;33m[HSHAL][HS_VIDEO][HS_HAL_Video_SetOsdDetect_v2][2389]u16Threshold = 20
07-05 20:51:38.963 E/TVMW@videoctrl( 1234):  getOsd is 1
07-05 20:51:38.963 D/til@system( 2026): til_get_system_param option:1000027 int:1, bool:1, ret:0
07-05 20:51:38.964 D/til     ( 2026): ###### func:til_get_picture_param option:0x3000045 ######  
07-05 20:51:38.964 I/TVMW@HsTvSetting( 1234): Trace cmd, data = 0x300c
07-05 20:51:38.964 I/TVMW@HsTvSetting( 1234): Trace 3d, data = 0x300c
07-05 20:51:38.964 I/TVMW@3d ( 1234): Hs_debug3d_trace: func:get3dStatus, line:109
07-05 20:51:38.970 I/MiSysSrv( 1214): [37m[INFO] Change to Voltage: 112 mv (0x2D)[m
07-05 20:51:38.988 I/TVMW@devctrl( 1234): wdt
07-05 20:51:39.015 D/PowerManagerService( 1733): acquireWakeLockInternal: lock=113832109, flags=0x1, tag="NetworkStats", ws=null, uid=1000, pid=1733
07-05 20:51:39.015 D/PowerManagerNotifier( 1733): onWakeLockAcquired: flags=1, tag="NetworkStats", packageName=android, ownerUid=1000, ownerPid=1733, workSource=null
07-05 20:51:39.015 D/NtpTrustedTime( 1733): currentTimeMillis() cache hit
07-05 20:51:39.023 D/NtpTrustedTime( 1733): currentTimeMillis() cache hit
07-05 20:51:39.028 D/NtpTrustedTime( 1733): currentTimeMillis() cache hit
07-05 20:51:39.028 D/NtpTrustedTime( 1733): currentTimeMillis() cache hit
07-05 20:51:39.028 D/PowerManagerService( 1733): releaseWakeLockInternal: lock=113832109 [NetworkStats], flags=0x0
07-05 20:51:39.028 D/PowerManagerNotifier( 1733): onWakeLockReleased: flags=1, tag="NetworkStats", packageName=android, ownerUid=1000, ownerPid=1733, workSource=null
07-05 20:51:39.032 I/MyFragmentStateAdapter( 9716): getCount
07-05 20:51:39.078 I/MyFragmentStateAdapter( 9716): getCount
07-05 20:51:39.085 I/MiSysSrv( 1214): [37m[INFO] Change to Voltage: 112 mv (0x2D)[m
07-05 20:51:39.126 I/MyFragmentStateAdapter( 9716): getCount
07-05 20:51:39.149 E/btif_config( 2964): [btif_config_get] node is TRUE!
07-05 20:51:39.149 E/btif_config( 2964): [btif_config_get] ret is TRUE!
07-05 20:51:39.170 I/MyFragmentStateAdapter( 9716): getCount
07-05 20:51:39.170 I/MiSysSrv( 1214): [37m[INFO] Change to Voltage: 107 mv (0x28)[m
07-05 20:51:39.210 I/MyFragmentStateAdapter( 9716): getCount
07-05 20:51:39.221 D/GlobalInputEventMonitoringService( 1733): interceptKeyBeforeQueueing(), event:20, mNeedMonitorKeyEvent:true, mWaitForKeyUpEvent:false
07-05 20:51:39.221 D/GlobalInputEventMonitoringService( 1733): processKeyEvent(), processKeyEvent event:20
07-05 20:51:39.222 D/WindowManager( 1733): interceptKeyTq keycode=20 interactive=true keyguardActive=false policyFlags=2b000000 isCancled= false
07-05 20:51:39.222 D/PowerManagerService( 1733): userActivityNoUpdateLocked: eventTime=7940792, event=1, flags=0x0, uid=1000
07-05 20:51:39.222 D/WindowManager( 1733): interceptKeyTi keyCode=20 down=true repeatCount=0 keyguardOn=false mHomePressed=false canceled=false
07-05 20:51:39.222 D/WindowManager( 1733): Hisense systemkey event: 20
07-05 20:51:39.222 D/HisenseGlobalKeyManager( 1733): handleGlobalKey() : Global event = KeyEvent { action=ACTION_DOWN, keyCode=KEYCODE_DPAD_DOWN, scanCode=0, metaState=0, flags=0x0, repeatCount=0, eventTime=7940792, downTime=7940792, deviceId=-1, source=0x101 }
07-05 20:51:39.225 D/SogouIME( 2203): [onKeyDown] keycode = 20 model = VIDAA_TV
07-05 20:51:39.232 D/Carousel-CarouselDisplayPlayerLayout( 9716): HasFocus:true,keyCode:20
07-05 20:51:39.232 D/Carousel-CarouselDisplayPlayerLayout( 9716): isFullScreen:false
07-05 20:51:39.232 D/Carousel-CarouselDisplayPlayerLayout( 9716): isFullScreen:false
07-05 20:51:39.232 I/HomeMainActivity( 9716): carousel handle key:false
07-05 20:51:39.232 I/MainHomeView( 9716): dispatchKeyEvent ACTION_DOWN now 
07-05 20:51:39.233 D/Carousel-CarouselDisplayPicLayout( 9716): keyCode=20
07-05 20:51:39.233 I/FirstLineAdapter( 9716): onCarouselKeyDown: output=true,event=KeyEvent { action=ACTION_DOWN, keyCode=KEYCODE_DPAD_DOWN, scanCode=0, metaState=0, flags=0x0, repeatCount=0, eventTime=7940792, downTime=7940792, deviceId=-1, source=0x101 }
07-05 20:51:39.233 I/HomeMainActivity( 9716): onKeyDown is 20
07-05 20:51:39.233 I/BaseContentFragment( 9716): setRowViewSelectedViewHolder{31f57c32 position=1 id=-1, oldPos=-1, pLpos:-1},isSelectedfalse
07-05 20:51:39.234 I/BaseContentFragment( 9716): setRowViewSelectedViewHolder{3d523480 position=2 id=-1, oldPos=-1, pLpos:-1},isSelectedtrue
07-05 20:51:39.242 I/RoleContentFragment( 9716): onChildSelected:2,lastPos=1
07-05 20:51:39.243 I/CurrentCarouselView( 9716): onCarouseControlCarouselControlBean{mShoudScroll=false, mActivityHasResume=false, mActivityHasStop=false, mHasTurnGone=false, mHasTurnVisible=false, mChannelId=0, mSlideOffset=0.0, mShouldSelectCenter=false, mTabOpen=false, mHoriPosStatus=None, mVerPosStatus=Out, mLevelStatus=None},isPlayingtrue,channelId=0
07-05 20:51:39.243 I/CurrentCarouselView( 9716): is the current page
07-05 20:51:39.243 I/CurrentCarouselView( 9716): stopPlay
07-05 20:51:39.247 D/Carousel-CarouselView( 9716): ============>onFocusChange=false
07-05 20:51:39.247 D/Carousel-CarouselDisplayPlayerLayout( 9716): isFullScreen:false
07-05 20:51:39.247 D/Carousel-CarouselView( 9716): isFullScreen:false,hasFocus:false
07-05 20:51:39.247 D/Carousel-CarouselView( 9716): ============>offset=-1432
07-05 20:51:39.248 D/Carousel-CarouselDisplayPlayerLayout( 9716): showPlayerWindowTip showable:false
07-05 20:51:39.261 I/ContentBridgeAdapterListener( 9716): onAddPresenter 3
07-05 20:51:39.262 D/GlobalInputEventMonitoringService( 1733): interceptKeyBeforeQueueing(), event:20, mNeedMonitorKeyEvent:true, mWaitForKeyUpEvent:false
07-05 20:51:39.262 D/GlobalInputEventMonitoringService( 1733): processKeyEvent(), processKeyEvent event:20
07-05 20:51:39.262 D/WindowManager( 1733): interceptKeyTq keycode=20 interactive=true keyguardActive=false policyFlags=2b000000 isCancled= false
07-05 20:51:39.262 D/WindowManager( 1733): interceptKeyTi keyCode=20 down=false repeatCount=0 keyguardOn=false mHomePressed=false canceled=false
07-05 20:51:39.262 D/WindowManager( 1733): Hisense systemkey event: 20
07-05 20:51:39.263 D/HisenseGlobalKeyManager( 1733): handleGlobalKey() : Global event = KeyEvent { action=ACTION_UP, keyCode=KEYCODE_DPAD_DOWN, scanCode=0, metaState=0, flags=0x0, repeatCount=0, eventTime=7940792, downTime=7940792, deviceId=-1, source=0x101 }
07-05 20:51:39.289 I/ContentBridgeAdapterListener( 9716): onCreate ViewHolder{31fa8090 position=-1 id=-1, oldPos=-1, pLpos:-1 unbound no parent}
07-05 20:51:39.289 I/BaseContentFragment( 9716): setUpSharedViewPoolViewHolder{31fa8090 position=-1 id=-1, oldPos=-1, pLpos:-1 unbound no parent}
07-05 20:51:39.289 I/BaseContentFragment( 9716): share view pool
07-05 20:51:39.289 I/BaseContentFragment( 9716): setRowViewSelectedViewHolder{31fa8090 position=-1 id=-1, oldPos=-1, pLpos:-1 unbound no parent},isSelectedfalse
07-05 20:51:39.289 I/head    ( 9716): item=com.hisense.tvui.newhome.presenter.TwoLineListRow@1a34cd89
07-05 20:51:39.290 I/ContentBridgeAdapterListener( 9716): onBind 
07-05 20:51:39.295 I/ContentBridgeAdapterListener( 9716): onAttachedToWindow ViewHolder{31fa8090 position=3 id=-1, oldPos=-1, pLpos:-1}
07-05 20:51:39.299 I/CardSelectionPresenter( 9716): onCreateViewHoldercom.hisense.leanback.widget.HorizontalGridView{11718e VFE..... ......I. 0,0-0,0 #7f0d038e app:id/row_content}
07-05 20:51:39.315 I/CardSelectionPresenter( 9716): onBindViewHolder
07-05 20:51:39.315 D/sloven  ( 9716): 1002---true
07-05 20:51:39.315 I/CardSelectionPresenter( 9716): width=390,height=220
07-05 20:51:39.368 D/hailongqiu( 9716): hailongqiu position:0
07-05 20:51:39.371 I/CardSelectionPresenter( 9716): onCreateViewHoldercom.hisense.leanback.widget.HorizontalGridView{11718e VFE..... ......ID 0,0-1738,588 #7f0d038e app:id/row_content}
07-05 20:51:39.384 I/CardSelectionPresenter( 9716): onBindViewHolder
07-05 20:51:39.384 D/sloven  ( 9716): 1002---true
07-05 20:51:39.384 I/CardSelectionPresenter( 9716): width=390,height=220
07-05 20:51:39.392 I/CardSelectionPresenter( 9716): onCreateViewHoldercom.hisense.leanback.widget.HorizontalGridView{11718e VFE..... ......ID 0,0-1738,588 #7f0d038e app:id/row_content}
07-05 20:51:39.400 I/CardSelectionPresenter( 9716): onBindViewHolder
07-05 20:51:39.400 D/sloven  ( 9716): 1002---true
07-05 20:51:39.401 I/CardSelectionPresenter( 9716): width=400,height=220
07-05 20:51:39.408 I/CardSelectionPresenter( 9716): onCreateViewHoldercom.hisense.leanback.widget.HorizontalGridView{11718e VFE..... ......ID 0,0-1738,588 #7f0d038e app:id/row_content}
07-05 20:51:39.415 I/CardSelectionPresenter( 9716): onBindViewHolder
07-05 20:51:39.416 D/sloven  ( 9716): 1002---true
07-05 20:51:39.416 I/CardSelectionPresenter( 9716): width=400,height=220
07-05 20:51:39.422 I/CardSelectionPresenter( 9716): onCreateViewHoldercom.hisense.leanback.widget.HorizontalGridView{11718e VFE..... ......ID 0,0-1738,588 #7f0d038e app:id/row_content}
07-05 20:51:39.433 I/CardSelectionPresenter( 9716): onBindViewHolder
07-05 20:51:39.433 D/sloven  ( 9716): 1002---true
07-05 20:51:39.433 I/CardSelectionPresenter( 9716): width=400,height=220
07-05 20:51:39.440 I/CardSelectionPresenter( 9716): onCreateViewHoldercom.hisense.leanback.widget.HorizontalGridView{11718e VFE..... ......ID 0,0-1738,588 #7f0d038e app:id/row_content}
07-05 20:51:39.455 I/CardSelectionPresenter( 9716): onBindViewHolder
07-05 20:51:39.455 D/sloven  ( 9716): 1002---true
07-05 20:51:39.455 I/CardSelectionPresenter( 9716): width=400,height=220
07-05 20:51:39.462 I/CardSelectionPresenter( 9716): onCreateViewHoldercom.hisense.leanback.widget.HorizontalGridView{11718e VFE..... ......ID 0,0-1738,588 #7f0d038e app:id/row_content}
07-05 20:51:39.466 I/TVMW@HsTvSetting( 1234): Trace cmd, data = 0x1058
07-05 20:51:39.466 D/til@system( 2026): til_get_system_param option:100002F int:0, bool:0, ret:0
07-05 20:51:39.466 I/TVMW@HsTvSetting( 1234): Trace cmd, data = 0x101f
07-05 20:51:39.466 D/til@system( 2026): til_get_system_param option:100001D int:3, bool:3, ret:0
07-05 20:51:39.467 E/til     ( 2026): [til_get_current_input_source, 101] 
07-05 20:51:39.467 I/TVMW@HsTvSetting( 1234): Trace cmd, data = 0x7007
07-05 20:51:39.467 I/tilwrapper@sm( 2026): HS2TIL_SourceType *hs=0xd, *til=0x900
07-05 20:51:39.467 D/til     ( 2026): get current source 2304
07-05 20:51:39.467 D/SourceRemoteServiceHandler( 2026): getCurrentInputSource.from.til.result is 0, value is 2304
07-05 20:51:39.467 D/SourceRemoteServiceHandler( 2026): getInputSourceType source: 0x900, type=2304
07-05 20:51:39.467 D/til     ( 2026): ###### func:til_get_picture_param option:0x3000006 ######  
07-05 20:51:39.467 I/TVMW@HsTvSetting( 1234): Trace cmd, data = 0x1003
07-05 20:51:39.468 I/TVMW@HsTvSetting( 1234): Trace cmd, data = 0x8032
07-05 20:51:39.468 I/hstvos  ( 1216): [0m[1;33m[HSHAL][HS_VIDEO][HS_HAL_Video_SetOsdDetect_v2][2389]u16Threshold = 20
07-05 20:51:39.469 I/MiSysSrv( 1214): [37m[INFO] Change to Voltage: 117 mv (0x32)[m
07-05 20:51:39.470 E/TVMW@videoctrl( 1234):  getOsd is 1
07-05 20:51:39.470 D/til@system( 2026): til_get_system_param option:1000027 int:1, bool:1, ret:0
07-05 20:51:39.470 D/til     ( 2026): ###### func:til_get_picture_param option:0x3000045 ######  
07-05 20:51:39.471 I/TVMW@HsTvSetting( 1234): Trace cmd, data = 0x300c
07-05 20:51:39.471 I/TVMW@HsTvSetting( 1234): Trace 3d, data = 0x300c
07-05 20:51:39.471 I/TVMW@3d ( 1234): Hs_debug3d_trace: func:get3dStatus, line:109
07-05 20:51:39.474 I/CardSelectionPresenter( 9716): onBindViewHolder
07-05 20:51:39.474 D/sloven  ( 9716): 2005---false
07-05 20:51:39.474 D/sloven  ( 9716): 2005
07-05 20:51:39.475 I/CardSelectionPresenter( 9716): width=400,height=220
07-05 20:51:39.480 I/CardSelectionPresenter( 9716): onCreateViewHoldercom.hisense.leanback.widget.HorizontalGridView{11718e VFE..... ......ID 0,0-1738,588 #7f0d038e app:id/row_content}
07-05 20:51:39.489 I/CardSelectionPresenter( 9716): onBindViewHolder
07-05 20:51:39.490 D/sloven  ( 9716): 2005---false
07-05 20:51:39.490 D/sloven  ( 9716): 2005
07-05 20:51:39.491 I/CardSelectionPresenter( 9716): width=400,height=220
07-05 20:51:39.497 I/CardSelectionPresenter( 9716): onCreateViewHoldercom.hisense.leanback.widget.HorizontalGridView{11718e VFE..... ......ID 0,0-1738,588 #7f0d038e app:id/row_content}
07-05 20:51:39.505 I/CardSelectionPresenter( 9716): onBindViewHolder
07-05 20:51:39.505 D/sloven  ( 9716): 2005---false
07-05 20:51:39.505 D/sloven  ( 9716): 2005
07-05 20:51:39.506 I/CardSelectionPresenter( 9716): width=400,height=220
07-05 20:51:39.509 I/CardSelectionPresenter( 9716): onCreateViewHoldercom.hisense.leanback.widget.HorizontalGridView{11718e VFE..... ......ID 0,0-1738,588 #7f0d038e app:id/row_content}
07-05 20:51:39.512 I/NetflixMonitorService( 1733): current fgapk : com.hisense.hicloud.edca
07-05 20:51:39.512 I/NetflixMonitorService( 1733): Netflix status unchanged
07-05 20:51:39.517 I/CardSelectionPresenter( 9716): onBindViewHolder
07-05 20:51:39.517 D/sloven  ( 9716): 2005---false
07-05 20:51:39.518 D/sloven  ( 9716): 2005
07-05 20:51:39.518 I/CardSelectionPresenter( 9716): width=400,height=220
07-05 20:51:39.522 I/MyFragmentStateAdapter( 9716): getCount
07-05 20:51:39.522 I/MyFragmentStateAdapter( 9716): getCount
07-05 20:51:39.522 I/MyFragmentStateAdapter( 9716): getCount
07-05 20:51:39.522 I/MyFragmentStateAdapter( 9716): getCount
07-05 20:51:39.523 I/FirstLineAdapter( 9716): canShowTrailer,isOffline=false
07-05 20:51:39.523 I/FirstLineAdapter( 9716): canShowTrailer,isOffline=false
07-05 20:51:39.524 I/FirstLineAdapter( 9716): canShowTrailer,isOffline=false
07-05 20:51:39.524 I/FirstLineAdapter( 9716): canShowTrailer,isOffline=false
07-05 20:51:39.524 I/FirstLineAdapter( 9716): canShowTrailer,isOffline=false
07-05 20:51:39.524 I/FirstLineAdapter( 9716): canShowTrailer,isOffline=false
07-05 20:51:39.524 I/FirstLineAdapter( 9716): canShowTrailer,isOffline=false
07-05 20:51:39.524 I/FirstLineAdapter( 9716): canShowTrailer,isOffline=false
07-05 20:51:39.524 I/FirstLineAdapter( 9716): canShowTrailer,isOffline=false
07-05 20:51:39.530 D/Carousel-CarouselView( 9716): ============>onScrollChanged hashCode:997694096
07-05 20:51:39.530 D/Carousel-CarouselDisplayPlayerLayout( 9716): isFullScreen:false
07-05 20:51:39.546 D/PowerManagerService( 1733): acquireWakeLockInternal: lock=113832109, flags=0x1, tag="NetworkStats", ws=null, uid=1000, pid=1733
07-05 20:51:39.546 D/PowerManagerNotifier( 1733): onWakeLockAcquired: flags=1, tag="NetworkStats", packageName=android, ownerUid=1000, ownerPid=1733, workSource=null
07-05 20:51:39.546 D/NtpTrustedTime( 1733): currentTimeMillis() cache hit
07-05 20:51:39.546 I/MyFragmentStateAdapter( 9716): getCount
07-05 20:51:39.549 I/HLSP2P  ( 3912): ## 2017-07-05 20:51:39.548 [3912,4030,:0] INFO ## [HLSP2P][DownloadManager.cpp:35][WARN][OnTimer]heart beat timeout !!! ip: 123.126.121.155, port: 30013
07-05 20:51:39.549 I/HLSP2P  ( 3912): ## 2017-07-05 20:51:39.548 [3912,4030,:0] INFO ## [HLSP2P][DownloadManager.cpp:35][INFO][SendHeartBeatReq]send hearbeat to 123.126.121.155:30013 ok
07-05 20:51:39.554 D/HDMI    ( 1733): [P]:AllocatedAddress=[]
07-05 20:51:39.555 D/NtpTrustedTime( 1733): currentTimeMillis() cache hit
07-05 20:51:39.556 D/NtpTrustedTime( 1733): currentTimeMillis() cache hit
07-05 20:51:39.556 D/NtpTrustedTime( 1733): currentTimeMillis() cache hit
07-05 20:51:39.556 D/PowerManagerService( 1733): releaseWakeLockInternal: lock=113832109 [NetworkStats], flags=0x0
07-05 20:51:39.556 D/PowerManagerNotifier( 1733): onWakeLockReleased: flags=1, tag="NetworkStats", packageName=android, ownerUid=1000, ownerPid=1733, workSource=null
07-05 20:51:39.560 I/MyFragmentStateAdapter( 9716): getCount
07-05 20:51:39.567 D/MSTAR_VDEC_DBG( 1206): Stream ID: 0, Rate : 24 (E:0,D:0,S:0,F:93) 
07-05 20:51:39.569 I/MiSysSrv( 1214): [37m[INFO] Change to Voltage: 107 mv (0x28)[m
07-05 20:51:39.571 I/HLSP2P  ( 3912): ## 2017-07-05 20:51:39.571 [3912,4032,:0] INFO ## [HLSP2P][DownloadManager.cpp:35][INFO][OnHeartBeatRsp]ps heartbeat rsp ok
07-05 20:51:39.586 D/Carousel-CarouselDisplayPlayerLayout( 9716): HasFocus:false,keyCode:20
07-05 20:51:39.586 D/Carousel-CarouselDisplayPlayerLayout( 9716): isFullScreen:false
07-05 20:51:39.586 I/HomeMainActivity( 9716): carousel handle key:false
07-05 20:51:39.587 D/Carousel-CarouselView( 9716): setPosterAndStopPlay! hashCode=997694096, sWorkingHashCode=997694096
07-05 20:51:39.587 D/Carousel-CarouselDisplayPlayerLayout( 9716): isFullScreen:false
07-05 20:51:39.588 D/Carousel-Utils( 9716): displayImage view=android.widget.ImageView{1e63cfbc G.ED.... ........ 0,0-816,460 #7f0d0029 app:id/imageView1}
07-05 20:51:39.588 D/Carousel-Utils( 9716): displayImage url=http://picture.edu.hismarttv.com/images/20170629010146422927.jpg
07-05 20:51:39.588 D/Carousel-Utils( 9716): onResourceReady.
07-05 20:51:39.591 D/Carousel-Utils( 9716): displayImage view=android.widget.ImageView{315f7fa3 G.ED.... ........ 0,0-816,460 #7f0d0029 app:id/imageView1}
07-05 20:51:39.591 D/Carousel-Utils( 9716): displayImage url=http://picture.edu.hismarttv.com/images/20170629010146422927.jpg
07-05 20:51:39.591 D/Carousel-Utils( 9716): onResourceReady.
07-05 20:51:39.595 D/Carousel-CarouselDisplayPlayerLayout( 9716): isFullScreen:false
07-05 20:51:39.597 V/InputMethodService( 2203): startInput(): editor=android.view.inputmethod.EditorInfo@10dee545
07-05 20:51:39.598 V/InputMethodService( 2203): CALL: onFinishInput
07-05 20:51:39.599 E/SOGOUIME_JNI( 2203): reset
07-05 20:51:39.599 E/SOGOUIME_JNI( 2203): getCandidates
07-05 20:51:39.599 E/SOGOUIME_JNI( 2203): ime_get_uncommitted_length
07-05 20:51:39.599 E/SOGOUIME_JNI( 2203): getCandidates
07-05 20:51:39.599 D/SogouIME API( 2203): ==============num:32
07-05 20:51:39.599 E/SOGOUIME_JNI( 2203): ime_get_uncommitted_length
07-05 20:51:39.599 D/SogouIME( 2203): mFocusedComponent:30   isHkbEnable:false
07-05 20:51:39.599 E/SOGOUIME_JNI( 2203): ime_get_uncommitted_length
07-05 20:51:39.599 E/SOGOUIME_JNI( 2203): ime_get_committed_length
07-05 20:51:39.599 E/SOGOUIME_JNI( 2203): getComposingInfo
07-05 20:51:39.599 E/SOGOUIME_JNI( 2203): getComposingInfo
07-05 20:51:39.600 E/SOGOUIME_JNI( 2203): getCorrectInfo
07-05 20:51:39.600 E/SOGOUIME_JNI( 2203): getComposingInfo
07-05 20:51:39.600 I/ContentBridgeAdapterListener( 9716): onDetachedFromWindow ViewHolder{2c32e4f7 position=0 id=-1, oldPos=-1, pLpos:-1}
07-05 20:51:39.601 V/InputMethodService( 2203): CALL: onStartInput
07-05 20:51:39.601 E/SOGOUIME_JNI( 2203): invalidateCommitWordPinyinNative
07-05 20:51:39.601 D/SogouIME( 2203): =====configKeyboard=======:false     false
07-05 20:51:39.601 E/SOGOUIME_JNI( 2203): ime_set_hard_kb_enable
07-05 20:51:39.601 I/MyFragmentStateAdapter( 9716): getCount
07-05 20:51:39.601 I/MyFragmentStateAdapter( 9716): getCount
07-05 20:51:39.602 I/MyFragmentStateAdapter( 9716): getCount
07-05 20:51:39.602 I/MyFragmentStateAdapter( 9716): getCount
07-05 20:51:39.603 D/Surface ( 1733): onStatusChange() : mNativeObject = 547819108352 mUseImageHwRender = false
07-05 20:51:39.603 V/Surface ( 1733): nativeSetHardwareRender() : status = 0
07-05 20:51:39.603 V/Surface ( 1733): nativeSetHardwareRender() : end
07-05 20:51:39.605 D/PowerManagerService( 1733): releaseWakeLockInternal: lock=487931605 [WindowManager], flags=0x0
07-05 20:51:39.605 D/PowerManagerNotifier( 1733): onWakeLockReleased: flags=536870922, tag="WindowManager", packageName=android, ownerUid=1000, ownerPid=1733, workSource=WorkSource{10010}
07-05 20:51:39.606 D/PowerManagerService( 1733): userActivityNoUpdateLocked: eventTime=7941178, event=0, flags=0x1, uid=1000
07-05 20:51:39.606 D/PowerManagerService( 1733): setScreenBrightnessOverrideFromWindowManagerInternal done
07-05 20:51:39.615 D/Surface ( 1733): onStatusChange() : mNativeObject = 0 mUseImageHwRender = false
07-05 20:51:39.616 I/FirstLineAdapter( 9716): canShowTrailer,isOffline=false
07-05 20:51:39.616 I/FirstLineAdapter( 9716): canShowTrailer,isOffline=false
07-05 20:51:39.616 I/FirstLineAdapter( 9716): canShowTrailer,isOffline=false
07-05 20:51:39.616 I/FirstLineAdapter( 9716): canShowTrailer,isOffline=false
07-05 20:51:39.616 I/FirstLineAdapter( 9716): canShowTrailer,isOffline=false
07-05 20:51:39.616 I/FirstLineAdapter( 9716): canShowTrailer,isOffline=false
07-05 20:51:39.616 I/FirstLineAdapter( 9716): canShowTrailer,isOffline=false
07-05 20:51:39.617 I/FirstLineAdapter( 9716): canShowTrailer,isOffline=false
07-05 20:51:39.617 I/FirstLineAdapter( 9716): canShowTrailer,isOffline=false
07-05 20:51:39.620 D/Carousel-CarouselView( 9716): ============>onScrollChanged hashCode:997694096
07-05 20:51:39.620 D/Carousel-CarouselDisplayPlayerLayout( 9716): isFullScreen:false
07-05 20:51:39.622 I/MyFragmentStateAdapter( 9716): getCount
07-05 20:51:39.627 D/Carousel-CarouselDisplayPlayerLayout( 9716): x=380, y=-185,w=892,h=536, hashCode=64756254
07-05 20:51:39.627 D/Carousel-CarouselDisplayPlayerLayout( 9716): mX=380, mY=167,mWitdh=892,mHeight=536, hashCode=64756254
07-05 20:51:39.627 D/Carousel-CarouselDisplayPlayerLayout( 9716): changed=true, hashCode=64756254
07-05 20:51:39.632 D/Carousel-Utils( 9716): x=380,y=-185, width=892,height=536
07-05 20:51:39.632 D/Carousel-CarouselView( 9716): onWindowOutScreen!
07-05 20:51:39.632 D/Carousel-CarouselView( 9716): OnScrollStart DisplayPlayerLayout isnot shown return.
07-05 20:51:39.652 D/HttpHandler( 9716): VerifySignInterCeptor-->request.url()=http://picture.edu.hismarttv.com/images/
07-05 20:51:39.652 D/HttpHandler( 9716): VerifySignInterCeptor-->hostname=picture.edu.hismarttv.com
07-05 20:51:39.655 D/CardItemView( 9716): handleFocus subtile===>:
07-05 20:51:39.659 D/OkHttp  ( 9716): --> GET http://picture.edu.hismarttv.com/images/ http/1.1
07-05 20:51:39.659 D/OkHttp  ( 9716): Host: picture.edu.hismarttv.com
07-05 20:51:39.659 D/OkHttp  ( 9716): Connection: Keep-Alive
07-05 20:51:39.659 D/OkHttp  ( 9716): Accept-Encoding: gzip
07-05 20:51:39.659 D/OkHttp  ( 9716): User-Agent: okhttp/3.6.0
07-05 20:51:39.659 D/OkHttp  ( 9716): --> END GET
07-05 20:51:39.660 I/MyFragmentStateAdapter( 9716): getCount
07-05 20:51:39.660 I/MyFragmentStateAdapter( 9716): getCount
07-05 20:51:39.660 I/MyFragmentStateAdapter( 9716): getCount
07-05 20:51:39.660 I/MyFragmentStateAdapter( 9716): getCount
07-05 20:51:39.663 D/HttpHandler( 9716): VerifySignInterCeptor-->request.url()=http://picture.edu.hismarttv.com/images/20170630060641226550.jpg
07-05 20:51:39.663 D/HttpHandler( 9716): VerifySignInterCeptor-->request.url()=http://picture.edu.hismarttv.com/images/20170628233246121281.jpg
07-05 20:51:39.663 D/HttpHandler( 9716): VerifySignInterCeptor-->hostname=picture.edu.hismarttv.com
07-05 20:51:39.664 D/HttpHandler( 9716): VerifySignInterCeptor-->hostname=picture.edu.hismarttv.com
07-05 20:51:39.665 D/HttpHandler( 9716): HttpDNS-->hostname=picture.edu.hismarttv.com
07-05 20:51:39.665 I/MyFragmentStateAdapter( 9716): getCount
07-05 20:51:39.665 D/HttpHandler( 9716): VerifySignInterCeptor-->request.url()=http://picture.edu.hismarttv.com/images/20170629/%E5%A4%9A%E7%91%9E%E5%84%BF%E6%AD%8C.jpg
07-05 20:51:39.665 D/HttpHandler( 9716): VerifySignInterCeptor-->hostname=picture.edu.hismarttv.com
07-05 20:51:39.667 D/HttpHandler( 9716): HttpDNS-->hostname=picture.edu.hismarttv.com
07-05 20:51:39.670 I/MiSysSrv( 1214): [37m[INFO] Change to Voltage: 107 mv (0x28)[m
07-05 20:51:39.671 D/HttpHandler( 9716): RAMCache-->hostInfo.getClientTimeStamp()=7932040
07-05 20:51:39.673 D/HttpHandler( 9716): RAMCache-->hostInfo.getTtl()=300
07-05 20:51:39.674 D/HttpHandler( 9716): RAMCache-->SystemClock.elapsedRealtime()=7941244
07-05 20:51:39.674 D/OkHttp  ( 9716): --> GET http://picture.edu.hismarttv.com/images/20170628233246121281.jpg http/1.1
07-05 20:51:39.674 D/OkHttp  ( 9716): Host: picture.edu.hismarttv.com
07-05 20:51:39.674 D/OkHttp  ( 9716): Connection: Keep-Alive
07-05 20:51:39.674 D/OkHttp  ( 9716): Accept-Encoding: gzip
07-05 20:51:39.674 D/OkHttp  ( 9716): User-Agent: okhttp/3.6.0
07-05 20:51:39.674 D/OkHttp  ( 9716): --> END GET
07-05 20:51:39.689 D/HttpHandler( 9716): RAMCache-->hostInfo.getClientTimeStamp()=7932040
07-05 20:51:39.689 D/HttpHandler( 9716): RAMCache-->hostInfo.getTtl()=300
07-05 20:51:39.689 D/HttpHandler( 9716): RAMCache-->SystemClock.elapsedRealtime()=7941261
07-05 20:51:39.694 D/Carousel-CarouselDisplayPlayerLayout( 9716): x=380, y=-185,w=892,h=536, hashCode=64756254
07-05 20:51:39.694 D/Carousel-CarouselDisplayPlayerLayout( 9716): mX=380, mY=-185,mWitdh=892,mHeight=536, hashCode=64756254
07-05 20:51:39.694 D/Carousel-CarouselDisplayPlayerLayout( 9716): changed=false, hashCode=64756254
07-05 20:51:39.694 D/Carousel-CarouselDisplayPlayerLayout( 9716): extraTryCount=0
07-05 20:51:39.708 D/OkHttp  ( 9716): <-- 200 OK http://picture.edu.hismarttv.com/images/20170628233246121281.jpg (33ms)
07-05 20:51:39.709 D/OkHttp  ( 9716): Date: Tue, 04 Jul 2017 05:33:34 GMT
07-05 20:51:39.709 D/OkHttp  ( 9716): Server: nginx
07-05 20:51:39.709 D/OkHttp  ( 9716): Content-Type: image/jpeg
07-05 20:51:39.709 D/OkHttp  ( 9716): Content-Length: 50603
07-05 20:51:39.709 D/OkHttp  ( 9716): Last-Modified: Wed, 28 Jun 2017 23:32:46 GMT
07-05 20:51:39.709 D/OkHttp  ( 9716): ETag: "59543c9e-c5ab"
07-05 20:51:39.709 D/OkHttp  ( 9716): Accept-Ranges: bytes
07-05 20:51:39.709 D/OkHttp  ( 9716): Age: 112685
07-05 20:51:39.709 D/OkHttp  ( 9716): Via: 1.1 zhiwtong176:0 (Cdn Cache Server V2.0)[13 200 0], 1.1 t87:0 (Cdn Cache Server V2.0)[0 200 0]
07-05 20:51:39.709 D/OkHttp  ( 9716): Connection: keep-alive
07-05 20:51:39.709 D/OkHttp  ( 9716): <-- END HTTP
07-05 20:51:39.713 D/HttpHandler( 9716): RetryIntercepter-->retryNum=0
07-05 20:51:39.713 D/HttpHandler( 9716): RetryIntercepter-->backoffmutiplier=0
07-05 20:51:39.718 D/HttpHandler( 9716): DNSHelper-->gslbDns=["153.35.175.120","125.46.22.134","218.58.206.58","220.202.77.116","123.128.14.209","153.35.175.121","220.202.77.124"]
07-05 20:51:39.720 D/HttpHandler( 9716): DNSHelper-->gslbDns=["153.35.175.120","125.46.22.134","218.58.206.58","220.202.77.116","123.128.14.209","153.35.175.121","220.202.77.124"]
07-05 20:51:39.747 D/OkHttp  ( 9716): --> GET http://picture.edu.hismarttv.com/images/20170629/%E5%A4%9A%E7%91%9E%E5%84%BF%E6%AD%8C.jpg http/1.1
07-05 20:51:39.747 D/OkHttp  ( 9716): Host: picture.edu.hismarttv.com
07-05 20:51:39.751 D/OkHttp  ( 9716): --> GET http://picture.edu.hismarttv.com/images/20170630060641226550.jpg http/1.1
07-05 20:51:39.751 D/OkHttp  ( 9716): Host: picture.edu.hismarttv.com
07-05 20:51:39.751 D/OkHttp  ( 9716): Connection: Keep-Alive
07-05 20:51:39.751 D/OkHttp  ( 9716): Accept-Encoding: gzip
07-05 20:51:39.751 D/OkHttp  ( 9716): User-Agent: okhttp/3.6.0
07-05 20:51:39.751 D/OkHttp  ( 9716): --> END GET
07-05 20:51:39.747 D/OkHttp  ( 9716): Connection: Keep-Alive
07-05 20:51:39.752 D/OkHttp  ( 9716): Accept-Encoding: gzip
07-05 20:51:39.752 D/OkHttp  ( 9716): User-Agent: okhttp/3.6.0
07-05 20:51:39.752 D/OkHttp  ( 9716): --> END GET
07-05 20:51:39.762 D/Carousel-CarouselView( 9716): setPosterAndStopPlay! hashCode=997694096, sWorkingHashCode=997694096
07-05 20:51:39.762 D/Carousel-CarouselDisplayPlayerLayout( 9716): isFullScreen:false
07-05 20:51:39.762 D/Carousel-Utils( 9716): displayImage view=android.widget.ImageView{1e63cfbc V.ED.... ........ 0,0-816,460 #7f0d0029 app:id/imageView1}
07-05 20:51:39.762 D/Carousel-Utils( 9716): displayImage url=http://picture.edu.hismarttv.com/images/20170629010146422927.jpg
07-05 20:51:39.763 D/Carousel-Utils( 9716): onResourceReady.
07-05 20:51:39.763 D/Carousel-Utils( 9716): displayImage view=android.widget.ImageView{315f7fa3 V.ED.... ......ID 0,0-816,460 #7f0d0029 app:id/imageView1}
07-05 20:51:39.763 D/Carousel-Utils( 9716): displayImage url=http://picture.edu.hismarttv.com/images/20170629010146422927.jpg
07-05 20:51:39.763 D/Carousel-Utils( 9716): onResourceReady.
