07-06 00:24:32.601 D/Carousel-CarouselDisplayPlayerLayout(30359): x=380, y=-185,w=892,h=536, hashCode=332716236
07-06 00:24:32.601 D/Carousel-CarouselDisplayPlayerLayout(30359): mX=380, mY=-185,mWitdh=892,mHeight=536, hashCode=332716236
07-06 00:24:32.601 D/Carousel-CarouselDisplayPlayerLayout(30359): changed=false, hashCode=332716236
07-06 00:24:32.601 D/Carousel-CarouselDisplayPlayerLayout(30359): extraTryCount=0
07-06 00:24:32.601 D/Carousel-CarouselDisplayPlayerLayout(30359): x=380, y=-185,w=892,h=536, hashCode=332716236
07-06 00:24:32.601 D/Carousel-CarouselDisplayPlayerLayout(30359): mX=380, mY=-185,mWitdh=892,mHeight=536, hashCode=332716236
07-06 00:24:32.601 D/Carousel-CarouselDisplayPlayerLayout(30359): changed=false, hashCode=332716236
07-06 00:24:32.601 D/Carousel-CarouselDisplayPlayerLayout(30359): extraTryCount=1
07-06 00:24:32.602 I/MyFragmentStateAdapter(30359): getCount
07-06 00:24:32.602 I/MyFragmentStateAdapter(30359): getCount
07-06 00:24:32.603 I/MyFragmentStateAdapter(30359): getCount
07-06 00:24:32.603 I/MyFragmentStateAdapter(30359): getCount
07-06 00:24:32.603 I/FirstLineAdapter(30359): canShowTrailer,isOffline=false
07-06 00:24:32.604 I/FirstLineAdapter(30359): canShowTrailer,isOffline=false
07-06 00:24:32.604 I/FirstLineAdapter(30359): canShowTrailer,isOffline=false
07-06 00:24:32.604 I/FirstLineAdapter(30359): canShowTrailer,isOffline=false
07-06 00:24:32.604 I/FirstLineAdapter(30359): canShowTrailer,isOffline=false
07-06 00:24:32.604 I/FirstLineAdapter(30359): canShowTrailer,isOffline=false
07-06 00:24:32.604 I/FirstLineAdapter(30359): canShowTrailer,isOffline=false
07-06 00:24:32.604 I/FirstLineAdapter(30359): canShowTrailer,isOffline=false
07-06 00:24:32.604 I/FirstLineAdapter(30359): canShowTrailer,isOffline=false
07-06 00:24:32.609 I/MyFragmentStateAdapter(30359): getCount
07-06 00:24:32.614 D/HttpHandler(30359): VerifySignInterCeptor-->request.url()=http://picture.edu.hismarttv.com/images/20170630035014817721.jpg
07-06 00:24:32.614 D/HttpHandler(30359): VerifySignInterCeptor-->hostname=picture.edu.hismarttv.com
07-06 00:24:32.620 D/HttpHandler(30359): VerifySignInterCeptor-->request.url()=http://picture.edu.hismarttv.com/images/20170629/%E5%A4%9A%E7%91%9E%E5%84%BF%E6%AD%8C.jpg
07-06 00:24:32.621 D/HttpHandler(30359): VerifySignInterCeptor-->hostname=picture.edu.hismarttv.com
07-06 00:24:32.624 D/Carousel-CarouselDisplayPlayerLayout(30359): x=380, y=-185,w=892,h=536, hashCode=332716236
07-06 00:24:32.624 D/Carousel-CarouselDisplayPlayerLayout(30359): mX=380, mY=-185,mWitdh=892,mHeight=536, hashCode=332716236
07-06 00:24:32.624 D/Carousel-CarouselDisplayPlayerLayout(30359): changed=false, hashCode=332716236
07-06 00:24:32.624 D/Carousel-CarouselDisplayPlayerLayout(30359): extraTryCount=2
07-06 00:24:32.624 D/HttpHandler(30359): VerifySignInterCeptor-->request.url()=http://picture.edu.hismarttv.com/images/20170628233246121281.jpg
07-06 00:24:32.624 D/HttpHandler(30359): VerifySignInterCeptor-->hostname=picture.edu.hismarttv.com
07-06 00:24:32.632 D/Carousel-CarouselDisplayPlayerLayout(30359): x=380, y=-185,w=892,h=536, hashCode=332716236
07-06 00:24:32.632 D/Carousel-CarouselDisplayPlayerLayout(30359): mX=380, mY=-185,mWitdh=892,mHeight=536, hashCode=332716236
07-06 00:24:32.632 D/Carousel-CarouselDisplayPlayerLayout(30359): changed=false, hashCode=332716236
07-06 00:24:32.632 D/Carousel-CarouselDisplayPlayerLayout(30359): extraTryCount=3
07-06 00:24:32.634 D/Carousel-CarouselDisplayPlayerLayout(30359): x=380, y=-185,w=892,h=536, hashCode=332716236
07-06 00:24:32.634 D/Carousel-CarouselDisplayPlayerLayout(30359): mX=380, mY=-185,mWitdh=892,mHeight=536, hashCode=332716236
07-06 00:24:32.634 D/Carousel-CarouselDisplayPlayerLayout(30359): changed=false, hashCode=332716236
07-06 00:24:32.634 D/Carousel-CarouselDisplayPlayerLayout(30359): extraTryCount=4
07-06 00:24:32.635 D/Carousel-CarouselDisplayPlayerLayout(30359): x=380, y=-185,w=892,h=536, hashCode=332716236
07-06 00:24:32.635 D/Carousel-CarouselDisplayPlayerLayout(30359): mX=380, mY=-185,mWitdh=892,mHeight=536, hashCode=332716236
07-06 00:24:32.635 D/Carousel-CarouselDisplayPlayerLayout(30359): changed=false, hashCode=332716236
07-06 00:24:32.635 D/Carousel-CarouselDisplayPlayerLayout(30359): extraTryCount=5
07-06 00:24:32.637 D/OkHttp  (30359): <-- 200 OK http://picture.edu.hismarttv.com/images/20170630060641226550.jpg (41ms)
07-06 00:24:32.637 D/OkHttp  (30359): Date: Mon, 03 Jul 2017 06:46:59 GMT
07-06 00:24:32.637 D/OkHttp  (30359): Server: nginx
07-06 00:24:32.637 D/OkHttp  (30359): Content-Type: image/jpeg
07-06 00:24:32.637 D/OkHttp  (30359): Content-Length: 121881
07-06 00:24:32.641 D/Carousel-CarouselDisplayPlayerLayout(30359): x=380, y=-185,w=892,h=536, hashCode=332716236
07-06 00:24:32.641 D/Carousel-CarouselDisplayPlayerLayout(30359): mX=380, mY=-185,mWitdh=892,mHeight=536, hashCode=332716236
07-06 00:24:32.641 D/Carousel-CarouselDisplayPlayerLayout(30359): changed=false, hashCode=332716236
07-06 00:24:32.641 D/Carousel-CarouselDisplayPlayerLayout(30359): extraTryCount=6
07-06 00:24:32.645 D/OkHttp  (30359): --> GET http://picture.edu.hismarttv.com/images/20170628233246121281.jpg http/1.1
07-06 00:24:32.645 D/OkHttp  (30359): Host: picture.edu.hismarttv.com
07-06 00:24:32.645 D/OkHttp  (30359): Connection: Keep-Alive
07-06 00:24:32.645 D/OkHttp  (30359): Accept-Encoding: gzip
07-06 00:24:32.645 D/OkHttp  (30359): User-Agent: okhttp/3.6.0
07-06 00:24:32.645 D/OkHttp  (30359): --> END GET
07-06 00:24:32.646 D/OkHttp  (30359): --> GET http://picture.edu.hismarttv.com/images/20170629/%E5%A4%9A%E7%91%9E%E5%84%BF%E6%AD%8C.jpg http/1.1
07-06 00:24:32.646 D/OkHttp  (30359): Host: picture.edu.hismarttv.com
07-06 00:24:32.646 D/OkHttp  (30359): Connection: Keep-Alive
07-06 00:24:32.646 D/OkHttp  (30359): Accept-Encoding: gzip
07-06 00:24:32.646 D/OkHttp  (30359): User-Agent: okhttp/3.6.0
07-06 00:24:32.646 D/OkHttp  (30359): --> END GET
07-06 00:24:32.647 D/Carousel-CarouselDisplayPlayerLayout(30359): x=380, y=-185,w=892,h=536, hashCode=332716236
07-06 00:24:32.648 D/Carousel-CarouselDisplayPlayerLayout(30359): mX=380, mY=-185,mWitdh=892,mHeight=536, hashCode=332716236
07-06 00:24:32.648 D/Carousel-CarouselDisplayPlayerLayout(30359): changed=false, hashCode=332716236
07-06 00:24:32.648 D/Carousel-CarouselDisplayPlayerLayout(30359): extraTryCount=7
07-06 00:24:32.648 D/Carousel-CarouselDisplayPlayerLayout(30359): x=380, y=-185,w=892,h=536, hashCode=332716236
07-06 00:24:32.648 D/Carousel-CarouselDisplayPlayerLayout(30359): mX=380, mY=-185,mWitdh=892,mHeight=536, hashCode=332716236
07-06 00:24:32.648 D/Carousel-CarouselDisplayPlayerLayout(30359): changed=false, hashCode=332716236
07-06 00:24:32.649 D/Carousel-CarouselDisplayPlayerLayout(30359): extraTryCount=8
07-06 00:24:32.640 D/OkHttp  (30359): Last-Modified: Fri, 30 Jun 2017 06:06:41 GMT
07-06 00:24:32.649 D/OkHttp  (30359): --> GET http://picture.edu.hismarttv.com/images/20170630035014817721.jpg http/1.1
07-06 00:24:32.649 D/OkHttp  (30359): ETag: "5955ea71-1dc19"
07-06 00:24:32.649 D/OkHttp  (30359): Accept-Ranges: bytes
07-06 00:24:32.649 D/OkHttp  (30359): Host: picture.edu.hismarttv.com
07-06 00:24:32.649 D/OkHttp  (30359): Age: 207449
07-06 00:24:32.649 D/OkHttp  (30359): Connection: Keep-Alive
07-06 00:24:32.649 D/OkHttp  (30359): Accept-Encoding: gzip
07-06 00:24:32.649 D/OkHttp  (30359): User-Agent: okhttp/3.6.0
07-06 00:24:32.649 D/OkHttp  (30359): --> END GET
07-06 00:24:32.649 D/OkHttp  (30359): Via: 1.1 wangt170:6 (Cdn Cache Server V2.0)[20 200 0], 1.1 dezhou34:0 (Cdn Cache Server V2.0)[0 200 0]
07-06 00:24:32.649 D/OkHttp  (30359): Connection: keep-alive
07-06 00:24:32.649 D/OkHttp  (30359): <-- END HTTP
07-06 00:24:32.652 D/HttpHandler(30359): RetryIntercepter-->retryNum=0
07-06 00:24:32.652 D/HttpHandler(30359): RetryIntercepter-->backoffmutiplier=0
07-06 00:24:32.654 D/Carousel-CarouselDisplayPlayerLayout(30359): x=380, y=-185,w=892,h=536, hashCode=332716236
07-06 00:24:32.654 D/Carousel-CarouselDisplayPlayerLayout(30359): mX=380, mY=-185,mWitdh=892,mHeight=536, hashCode=332716236
07-06 00:24:32.654 D/Carousel-CarouselDisplayPlayerLayout(30359): changed=false, hashCode=332716236
07-06 00:24:32.654 D/Carousel-CarouselDisplayPlayerLayout(30359): extraTryCount=9
07-06 00:24:32.666 D/Carousel-CarouselDisplayPlayerLayout(30359): x=380, y=-185,w=892,h=536, hashCode=332716236
07-06 00:24:32.666 D/Carousel-CarouselDisplayPlayerLayout(30359): mX=380, mY=-185,mWitdh=892,mHeight=536, hashCode=332716236
07-06 00:24:32.666 D/Carousel-CarouselDisplayPlayerLayout(30359): changed=false, hashCode=332716236
07-06 00:24:32.666 D/Carousel-CarouselDisplayPlayerLayout(30359): isFullScreen:false
07-06 00:24:32.666 D/Carousel-CarouselView(30359): ===========>mDisplayPlayerLayout.getVisibility()=8
07-06 00:24:32.666 D/Carousel-CarouselView(30359): OnScrollEnd Visibility is gone return.
07-06 00:24:32.672 D/OkHttp  (30359): <-- 200 OK http://picture.edu.hismarttv.com/images/20170628233246121281.jpg (26ms)
07-06 00:24:32.672 D/OkHttp  (30359): Date: Mon, 03 Jul 2017 06:47:00 GMT
07-06 00:24:32.672 D/OkHttp  (30359): Server: nginx
07-06 00:24:32.672 D/OkHttp  (30359): Content-Type: image/jpeg
07-06 00:24:32.672 D/OkHttp  (30359): Content-Length: 50603
07-06 00:24:32.672 D/OkHttp  (30359): Last-Modified: Wed, 28 Jun 2017 23:32:46 GMT
07-06 00:24:32.672 D/OkHttp  (30359): ETag: "59543c9e-c5ab"
07-06 00:24:32.672 D/OkHttp  (30359): Accept-Ranges: bytes
07-06 00:24:32.672 D/OkHttp  (30359): Age: 207452
07-06 00:24:32.672 D/OkHttp  (30359): Via: 1.1 zhiwtong176:0 (Cdn Cache Server V2.0)[71 200 0], 1.1 dezhou35:2 (Cdn Cache Server V2.0)[0 200 0]
07-06 00:24:32.672 D/OkHttp  (30359): Connection: keep-alive
07-06 00:24:32.672 D/OkHttp  (30359): <-- END HTTP
07-06 00:24:32.675 I/MiSysSrv( 1214): [37m[INFO] Change to Voltage: 117 mv (0x32)[m
07-06 00:24:32.681 D/HttpHandler(30359): RetryIntercepter-->retryNum=0
07-06 00:24:32.681 D/HttpHandler(30359): RetryIntercepter-->backoffmutiplier=0
07-06 00:24:32.689 D/OkHttp  (30359): <-- 200 OK http://picture.edu.hismarttv.com/images/20170630035014817721.jpg (39ms)
07-06 00:24:32.689 D/OkHttp  (30359): Date: Mon, 03 Jul 2017 06:47:00 GMT
07-06 00:24:32.689 D/OkHttp  (30359): Server: nginx
07-06 00:24:32.689 D/OkHttp  (30359): Content-Type: image/jpeg
07-06 00:24:32.689 D/OkHttp  (30359): Content-Length: 108221
07-06 00:24:32.689 D/OkHttp  (30359): Last-Modified: Fri, 30 Jun 2017 03:50:14 GMT
07-06 00:24:32.689 D/OkHttp  (30359): ETag: "5955ca76-1a6bd"
07-06 00:24:32.689 D/OkHttp  (30359): Accept-Ranges: bytes
07-06 00:24:32.689 D/OkHttp  (30359): Age: 207452
07-06 00:24:32.689 D/OkHttp  (30359): Via: 1.1 hewangtong169:9 (Cdn Cache Server V2.0)[23 200 0], 1.1 dezhou37:1 (Cdn Cache Server V2.0)[0 200 0]
07-06 00:24:32.689 D/OkHttp  (30359): Connection: keep-alive
07-06 00:24:32.689 D/OkHttp  (30359): <-- END HTTP
07-06 00:24:32.691 D/OkHttp  (30359): <-- 200 OK http://picture.edu.hismarttv.com/images/20170629/%E5%A4%9A%E7%91%9E%E5%84%BF%E6%AD%8C.jpg (43ms)
07-06 00:24:32.692 D/OkHttp  (30359): Date: Mon, 03 Jul 2017 06:47:00 GMT
07-06 00:24:32.692 D/OkHttp  (30359): Server: nginx
07-06 00:24:32.692 D/OkHttp  (30359): Content-Type: image/jpeg
07-06 00:24:32.692 D/OkHttp  (30359): Content-Length: 197050
07-06 00:24:32.692 D/OkHttp  (30359): Last-Modified: Fri, 09 Jun 2017 14:50:58 GMT
07-06 00:24:32.692 D/OkHttp  (30359): ETag: "593ab5d2-301ba"
07-06 00:24:32.692 D/OkHttp  (30359): Accept-Ranges: bytes
07-06 00:24:32.692 D/OkHttp  (30359): Age: 207452
07-06 00:24:32.692 D/OkHttp  (30359): Via: 1.1 wangt170:7 (Cdn Cache Server V2.0)[19 200 0], 1.1 dezhou37:4 (Cdn Cache Server V2.0)[0 200 0]
07-06 00:24:32.692 D/OkHttp  (30359): Connection: keep-alive
07-06 00:24:32.692 D/OkHttp  (30359): <-- END HTTP
07-06 00:24:32.693 D/HttpHandler(30359): RetryIntercepter-->retryNum=0
07-06 00:24:32.693 D/HttpHandler(30359): RetryIntercepter-->backoffmutiplier=0
07-06 00:24:32.699 D/HttpHandler(30359): RetryIntercepter-->retryNum=0
07-06 00:24:32.699 D/HttpHandler(30359): RetryIntercepter-->backoffmutiplier=0
07-06 00:24:32.831 D/HttpHandler(30359): VerifySignInterCeptor-->request.url()=http://picture.edu.hismarttv.com/images/20170629/%E6%B3%A1%E6%B3%A1%E8%8B%B1%E8%AF%AD.jpg
07-06 00:24:32.832 D/HttpHandler(30359): VerifySignInterCeptor-->hostname=picture.edu.hismarttv.com
07-06 00:24:32.834 D/OkHttp  (30359): --> GET http://picture.edu.hismarttv.com/images/20170629/%E6%B3%A1%E6%B3%A1%E8%8B%B1%E8%AF%AD.jpg http/1.1
07-06 00:24:32.834 D/OkHttp  (30359): Host: picture.edu.hismarttv.com
07-06 00:24:32.834 D/OkHttp  (30359): Connection: Keep-Alive
07-06 00:24:32.834 D/OkHttp  (30359): Accept-Encoding: gzip
07-06 00:24:32.834 D/OkHttp  (30359): User-Agent: okhttp/3.6.0
07-06 00:24:32.834 D/OkHttp  (30359): --> END GET
07-06 00:24:32.838 I/MyFragmentStateAdapter(30359): getCount
07-06 00:24:32.838 I/MyFragmentStateAdapter(30359): getCount
07-06 00:24:32.839 I/MyFragmentStateAdapter(30359): getCount
07-06 00:24:32.839 I/MyFragmentStateAdapter(30359): getCount
07-06 00:24:32.853 D/OkHttp  (30359): <-- 200 OK http://picture.edu.hismarttv.com/images/20170629/%E6%B3%A1%E6%B3%A1%E8%8B%B1%E8%AF%AD.jpg (18ms)
07-06 00:24:32.853 D/OkHttp  (30359): Date: Mon, 03 Jul 2017 08:55:20 GMT
07-06 00:24:32.853 D/OkHttp  (30359): Server: nginx
07-06 00:24:32.853 D/OkHttp  (30359): Content-Type: image/jpeg
07-06 00:24:32.853 D/OkHttp  (30359): Content-Length: 121122
07-06 00:24:32.853 D/OkHttp  (30359): Last-Modified: Fri, 09 Jun 2017 14:51:42 GMT
07-06 00:24:32.853 D/OkHttp  (30359): ETag: "593ab5fe-1d922"
07-06 00:24:32.853 D/OkHttp  (30359): Accept-Ranges: bytes
07-06 00:24:32.853 D/OkHttp  (30359): Age: 199752
07-06 00:24:32.853 D/OkHttp  (30359): Via: 1.1 pingwangtong47:0 (Cdn Cache Server V2.0)[24 200 0], 1.1 dzhwt36:1 (Cdn Cache Server V2.0)[0 200 0]
07-06 00:24:32.853 D/OkHttp  (30359): Connection: keep-alive
07-06 00:24:32.853 D/OkHttp  (30359): <-- END HTTP
07-06 00:24:32.855 I/MyFragmentStateAdapter(30359): getCount
07-06 00:24:32.857 D/HttpHandler(30359): VerifySignInterCeptor-->request.url()=http://picture.edu.hismarttv.com/images/20170630060711088714.jpg
07-06 00:24:32.857 D/HttpHandler(30359): VerifySignInterCeptor-->hostname=picture.edu.hismarttv.com
07-06 00:24:32.859 D/OkHttp  (30359): --> GET http://picture.edu.hismarttv.com/images/20170630060711088714.jpg http/1.1
07-06 00:24:32.859 D/OkHttp  (30359): Host: picture.edu.hismarttv.com
07-06 00:24:32.859 D/OkHttp  (30359): Connection: Keep-Alive
07-06 00:24:32.859 D/OkHttp  (30359): Accept-Encoding: gzip
07-06 00:24:32.859 D/OkHttp  (30359): User-Agent: okhttp/3.6.0
07-06 00:24:32.859 D/OkHttp  (30359): --> END GET
07-06 00:24:32.861 D/HttpHandler(30359): RetryIntercepter-->retryNum=0
07-06 00:24:32.861 D/HttpHandler(30359): RetryIntercepter-->backoffmutiplier=0
07-06 00:24:32.863 D/HttpHandler(30359): VerifySignInterCeptor-->request.url()=http://picture.edu.hismarttv.com/images/20170629/20161111081033896636.jpg
07-06 00:24:32.863 D/HttpHandler(30359): VerifySignInterCeptor-->hostname=picture.edu.hismarttv.com
07-06 00:24:32.864 D/OkHttp  (30359): --> GET http://picture.edu.hismarttv.com/images/20170629/20161111081033896636.jpg http/1.1
07-06 00:24:32.864 D/OkHttp  (30359): Host: picture.edu.hismarttv.com
07-06 00:24:32.865 D/OkHttp  (30359): Connection: Keep-Alive
07-06 00:24:32.865 D/OkHttp  (30359): Accept-Encoding: gzip
07-06 00:24:32.865 D/OkHttp  (30359): User-Agent: okhttp/3.6.0
07-06 00:24:32.865 D/OkHttp  (30359): --> END GET
07-06 00:24:32.872 D/HttpHandler(30359): VerifySignInterCeptor-->request.url()=http://picture.edu.hismarttv.com/images/
07-06 00:24:32.873 D/HttpHandler(30359): VerifySignInterCeptor-->hostname=picture.edu.hismarttv.com
07-06 00:24:32.875 D/OkHttp  (30359): --> GET http://picture.edu.hismarttv.com/images/ http/1.1
07-06 00:24:32.875 D/OkHttp  (30359): Host: picture.edu.hismarttv.com
07-06 00:24:32.875 D/OkHttp  (30359): Connection: Keep-Alive
07-06 00:24:32.875 D/OkHttp  (30359): Accept-Encoding: gzip
07-06 00:24:32.875 D/OkHttp  (30359): User-Agent: okhttp/3.6.0
07-06 00:24:32.875 D/OkHttp  (30359): --> END GET
07-06 00:24:32.878 D/OkHttp  (30359): <-- 200 OK http://picture.edu.hismarttv.com/images/20170630060711088714.jpg (19ms)
07-06 00:24:32.879 D/OkHttp  (30359): Date: Mon, 03 Jul 2017 06:47:00 GMT
07-06 00:24:32.879 D/OkHttp  (30359): Server: nginx
07-06 00:24:32.879 D/OkHttp  (30359): Content-Type: image/jpeg
07-06 00:24:32.879 D/OkHttp  (30359): Content-Length: 150566
07-06 00:24:32.879 D/OkHttp  (30359): Last-Modified: Fri, 30 Jun 2017 06:07:11 GMT
07-06 00:24:32.879 D/OkHttp  (30359): ETag: "5955ea8f-24c26"
07-06 00:24:32.879 D/OkHttp  (30359): Accept-Ranges: bytes
07-06 00:24:32.879 D/OkHttp  (30359): Age: 207452
07-06 00:24:32.879 D/OkHttp  (30359): Via: 1.1 jn239:0 (Cdn Cache Server V2.0)[45 200 0], 1.1 dezhou35:0 (Cdn Cache Server V2.0)[0 200 0]
07-06 00:24:32.879 D/OkHttp  (30359): Connection: keep-alive
07-06 00:24:32.879 D/OkHttp  (30359): <-- END HTTP
07-06 00:24:32.884 D/OkHttp  (30359): <-- 200 OK http://picture.edu.hismarttv.com/images/20170629/20161111081033896636.jpg (18ms)
07-06 00:24:32.884 D/OkHttp  (30359): Date: Mon, 03 Jul 2017 03:17:35 GMT
07-06 00:24:32.884 D/OkHttp  (30359): Server: nginx
07-06 00:24:32.884 D/OkHttp  (30359): Content-Type: image/jpeg
07-06 00:24:32.884 D/OkHttp  (30359): Content-Length: 94994
07-06 00:24:32.884 D/OkHttp  (30359): Last-Modified: Fri, 09 Jun 2017 14:48:34 GMT
07-06 00:24:32.884 D/OkHttp  (30359): ETag: "593ab542-17312"
07-06 00:24:32.884 D/OkHttp  (30359): Accept-Ranges: bytes
07-06 00:24:32.884 D/OkHttp  (30359): Age: 220017
07-06 00:24:32.884 D/OkHttp  (30359): Via: 1.1 shzh54:2 (Cdn Cache Server V2.0)[0 200 0], 1.1 dezhou37:1 (Cdn Cache Server V2.0)[0 200 0]
07-06 00:24:32.884 D/OkHttp  (30359): Connection: keep-alive
07-06 00:24:32.884 D/OkHttp  (30359): <-- END HTTP
07-06 00:24:32.890 I/MyFragmentStateAdapter(30359): getCount
07-06 00:24:32.890 I/MyFragmentStateAdapter(30359): getCount
07-06 00:24:32.890 I/MyFragmentStateAdapter(30359): getCount
07-06 00:24:32.890 I/MyFragmentStateAdapter(30359): getCount
07-06 00:24:32.904 D/HttpHandler(30359): RetryIntercepter-->retryNum=0
07-06 00:24:32.904 D/HttpHandler(30359): RetryIntercepter-->backoffmutiplier=0
07-06 00:24:32.904 D/HttpHandler(30359): RetryIntercepter-->retryNum=0
07-06 00:24:32.904 D/HttpHandler(30359): RetryIntercepter-->backoffmutiplier=0
07-06 00:24:32.917 I/MyFragmentStateAdapter(30359): getCount
07-06 00:24:32.927 D/Carousel-CarouselVideoViewImpl(30359): stopPlay.
07-06 00:24:32.928 V/MediaPlayer-JNI(30359): isPlaying: 1
07-06 00:24:32.928 D/Carousel-UrlVideoView(30359): isInPlaybackState=true
07-06 00:24:32.928 D/Carousel-UrlVideoView(30359): mCurrentState=3
07-06 00:24:32.929 V/MediaPlayer-JNI(30359): getCurrentPosition: 5870 (msec)
07-06 00:24:32.929 D/Carousel-CarouselVideoViewImpl(30359): position=5870
07-06 00:24:32.929 V/MediaPlayer-JNI(30359): stop
07-06 00:24:32.929 D/NuPlayerDriver( 1206): stop(0xf40ac220)   mState:5
07-06 00:24:32.929 V/MediaPlayer-JNI(30359): release
07-06 00:24:32.929 D/NuPlayerDriver( 1206): reset(0xf40ac220)  mState:8
07-06 00:24:32.929 V/NuPlayer( 1206): NuPlayer::resetAsync ---- Enter ...
07-06 00:24:32.930 I/FFMPEG  ( 1206): [mov,mp4,m4a,3gp,3g2,mj2 @ 0xf371c400] stream 1, offset 0x115ff43: partial file
07-06 00:24:32.930 W/FFmpegExtractor( 1206): rv_read_frame ret: [-1094995529]
07-06 00:24:32.930 D/MediaHTTPConnection(30359): teardownConnection
07-06 00:24:32.930 W/MediaHTTPConnection(30359): readAt 18270744 / 32768 => -1004, java.io.IOException: BufferedInputStream is closed
07-06 00:24:32.930 D/MediaHTTPConnection(30359): hitting IOException http://150.138.169.140/jhxvideo-ws.video-tx.com/rendition/201705/205989353451683841/205989353451684353/bb/243216185158536196/243216215223308548/r243216215223308548-3200k-1920x1080.mp4?wsSecret=e6e487d281c3fc536903b412ff22a688&wsTime=595d12b6&wsiphost=local
07-06 00:24:32.930 W/MediaHTTP( 1206): hitting MediaHTTP readAt n < 0 numBytesRead= 51736
07-06 00:24:32.930 I/NuCachedSource2( 1206): caching reached eos.
07-06 00:24:32.950 W/MediaHTTPConnection(30359): teardownConnection catch android.os.NetworkOnMainThreadException
07-06 00:24:32.956 V/NuPlayer( 1206): kWhatReset  mCanReset:1
07-06 00:24:32.957 V/NuPlayer( 1206): performDecoderFlush audio=2, video=2
07-06 00:24:32.957 V/NuPlayer( 1206): [audio] flushDecoder needShutdown=1
07-06 00:24:32.957 V/NuPlayer( 1206): [video] flushDecoder needShutdown=1
07-06 00:24:32.957 V/NuPlayer( 1206): postponing action mFlushingAudio=2, mFlushingVideo=2
07-06 00:24:32.958 E/audio_hw_primary( 1206): out_get_latency ret 10ms
07-06 00:24:32.958 V/NuPlayer( 1206): renderer video flush completed.
07-06 00:24:32.958 V/NuPlayer( 1206): renderer audio flush completed.
07-06 00:24:32.959 V/NuPlayer( 1206): decoder audio flush completed
07-06 00:24:32.959 V/NuPlayer( 1206): initiating audio decoder shutdown
07-06 00:24:32.959 D/NuPlayer( 1206): rrrr audio decoder executing, canreset set true
07-06 00:24:32.960 I/MS_OMX_BASEPORT( 1206): [OMX.MS.AVC.Decoder]MS_OMX_FlushPort: 0
07-06 00:24:32.960 D/MSTAR_VDEC_API( 1206): [0] Flush: Begin (0)
07-06 00:24:32.962 D/MSTAR_VDEC_API( 1206): [0] Flush: OK
07-06 00:24:32.962 I/MS_OMX_BASEPORT( 1206): [OMX.MS.AVC.Decoder]MS_OMX_FlushPort: 1
07-06 00:24:32.969 E/audio_hw_primary( 1206): out_get_latency ret 10ms
07-06 00:24:32.969 D/MediaCodec( 1206): MediaCodec::~MediaCodec ---- Enter  mState:0
07-06 00:24:32.969 V/NuPlayer( 1206): audio shutdown completed
07-06 00:24:32.970 D/PowerManagerService( 1733): updateWakeLockWorkSourceInternal: lock=290244153 [AudioMix], ws=null
07-06 00:24:32.970 D/PowerManagerNotifier( 1733): onWakeLockReleased: flags=1, tag="AudioMix", packageName=media, ownerUid=1013, ownerPid=0, workSource=WorkSource{10010}
07-06 00:24:32.970 D/PowerManagerNotifier( 1733): onWakeLockAcquired: flags=1, tag="AudioMix", packageName=media, ownerUid=1013, ownerPid=0, workSource=null
07-06 00:24:32.980 V/AudioPolicyManager( 1206): stopOutput() output 2, stream 3, session 839
07-06 00:24:32.980 V/AudioPolicyManager( 1206): setBeaconMute(1) mBeaconMuteRefCount=0 mBeaconPlayingRefCount=0
07-06 00:24:32.980 V/AudioPolicyManager( 1206): changeRefCount() stream 3, count 0
07-06 00:24:32.980 V/AudioPolicyManager( 1206): getNewOutputDevice() selected device 0
07-06 00:24:32.980 V/AudioPolicyManager( 1206): setOutputDevice() output 2 device 0000 delayMs 20
07-06 00:24:32.980 V/AudioPolicyManager( 1206): setOutputDevice() prevDevice 0002
07-06 00:24:32.980 V/AudioPolicyManager( 1206): DeviceVector::getDevice() for type 00008000 address 0 found 0x0
07-06 00:24:32.980 V/AudioPolicyManager( 1206): DeviceVector::getDevice() for type 00008000 address 0 found 0x0
07-06 00:24:32.980 V/AudioPolicyManager( 1206): DeviceVector::getDevice() for type 00008000 address 0 found 0x0
07-06 00:24:32.980 V/AudioPolicyManager( 1206): DeviceVector::getDevice() for type 00008000 address 0 found 0x0
07-06 00:24:32.980 V/AudioPolicyManager( 1206): DeviceVector::getDevice() for type 00008000 address 0 found 0x0
07-06 00:24:32.980 V/AudioPolicyManager( 1206): DeviceVector::getDevice() for type 00008000 address 0 found 0x0
07-06 00:24:32.980 V/AudioPolicyManager( 1206): DeviceVector::getDevice() for type 00008000 address 0 found 0x0
07-06 00:24:32.980 V/AudioPolicyManager( 1206): setOutputDevice() setting same device 0000 or null device for output 2
07-06 00:24:32.980 V/AudioPolicyManager( 1206): DeviceVector::getDevice() for type 00008000 address 0 found 0x0
07-06 00:24:32.980 V/AudioPolicyManager( 1206): DeviceVector::getDevice() for type 00008000 address 0 found 0x0
07-06 00:24:32.980 V/AudioPolicyManager( 1206): DeviceVector::getDevice() for type 00008000 address 0 found 0x0
07-06 00:24:32.980 V/AudioPolicyManager( 1206): DeviceVector::getDevice() for type 00008000 address 0 found 0x0
07-06 00:24:32.980 V/AudioPolicyManager( 1206): DeviceVector::getDevice() for type 00008000 address 0 found 0x0
07-06 00:24:32.980 V/AudioPolicyManager( 1206): DeviceVector::getDevice() for type 00008000 address 0 found 0x0
07-06 00:24:32.980 V/AudioPolicyManager( 1206): DeviceVector::getDevice() for type 00008000 address 0 found 0x0
07-06 00:24:32.980 V/AudioPolicyManager( 1206): DeviceVector::getDevice() for type 00008000 address 0 found 0x0
07-06 00:24:32.982 D/OkHttp  (30359): <-- 403 Forbidden http://picture.edu.hismarttv.com/images/ (106ms)
07-06 00:24:32.982 D/OkHttp  (30359): Date: Wed, 05 Jul 2017 16:24:32 GMT
07-06 00:24:32.982 D/OkHttp  (30359): Server: nginx
07-06 00:24:32.982 D/OkHttp  (30359): Content-Type: text/html; charset=UTF-8
07-06 00:24:32.982 D/OkHttp  (30359): Content-Length: 162
07-06 00:24:32.982 D/OkHttp  (30359): Via: 1.1 shuozhou56:0 (Cdn Cache Server V2.0)[33 403 2], 1.1 dzhwt36:1 (Cdn Cache Server V2.0)[90 403 2]
07-06 00:24:32.982 D/OkHttp  (30359): Connection: close
07-06 00:24:32.982 D/OkHttp  (30359): <-- END HTTP
07-06 00:24:32.982 D/HttpHandler(30359): RetryIntercepter-->retryNum=0
07-06 00:24:32.982 D/HttpHandler(30359): RetryIntercepter-->backoffmutiplier=0
07-06 00:24:32.986 D/HttpHandler(30359): VerifySignInterCeptor-->request.url()=http://picture.edu.hismarttv.com/images/20170630060938851994.jpg
07-06 00:24:32.986 D/HttpHandler(30359): VerifySignInterCeptor-->hostname=picture.edu.hismarttv.com
07-06 00:24:32.989 D/OkHttp  (30359): --> GET http://picture.edu.hismarttv.com/images/20170630060938851994.jpg http/1.1
07-06 00:24:32.989 D/OkHttp  (30359): Host: picture.edu.hismarttv.com
07-06 00:24:32.989 D/OkHttp  (30359): Connection: Keep-Alive
07-06 00:24:32.989 D/OkHttp  (30359): Accept-Encoding: gzip
07-06 00:24:32.989 D/OkHttp  (30359): User-Agent: okhttp/3.6.0
07-06 00:24:32.989 D/OkHttp  (30359): --> END GET
07-06 00:24:32.995 V/NuPlayer( 1206): decoder video flush completed
07-06 00:24:32.995 V/NuPlayer( 1206): initiating video decoder shutdown
07-06 00:24:32.999 I/MS_OMX_VDEC( 1206): [OMX.MS.AVC.Decoder]MS_OMX_OutputBufferProcess: in pause state , waiting for resume...
07-06 00:24:32.999 I/MS_OMX_VDEC( 1206): [OMX.MS.AVC.Decoder]MS_OMX_OutputBufferProcess: ...resumed
07-06 00:24:33.000 I/MS_OMX_VDEC( 1206): [OMX.MS.AVC.Decoder]MS_OMX_OutputBufferProcess: in pause state , waiting for resume...
07-06 00:24:33.000 I/MS_OMX_BASEPORT( 1206): [OMX.MS.AVC.Decoder]MS_OMX_FlushPort: 0
07-06 00:24:33.000 D/MSTAR_VDEC_API( 1206): [0] Flush: Begin (0)
07-06 00:24:33.000 I/MS_OMX_VDEC( 1206): [OMX.MS.AVC.Decoder]MS_OMX_OutputBufferProcess: ...resumed
07-06 00:24:33.001 D/MSTAR_VDEC_API( 1206): [0] Flush: OK
07-06 00:24:33.001 I/MS_OMX_BASEPORT( 1206): [OMX.MS.AVC.Decoder]MS_OMX_FlushPort: 1
07-06 00:24:33.001 I/MS_OMX_VDEC( 1206): [OMX.MS.AVC.Decoder]MS_OMX_OutputBufferProcess: in pause state , waiting for resume...
07-06 00:24:33.001 I/MS_OMX_VDEC( 1206): [OMX.MS.AVC.Decoder]MS_OMX_OutputBufferProcess: ...resumed
07-06 00:24:33.002 I/MS_OMX_VDEC( 1206): [OMX.MS.AVC.Decoder]MS_OMX_OutputBufferProcess: in pause state , waiting for resume...
07-06 00:24:33.002 D/MS_OMX_VDEC( 1206): Free pBuffer[0]: 0xd2c03000
07-06 00:24:33.002 I/MS_OMX_VDEC( 1206): [OMX.MS.AVC.Decoder]MS_OMX_OutputBufferProcess: ...resumed
07-06 00:24:33.002 D/MS_OMX_VDEC( 1206): Free pBuffer[0]: 0xf1818000
07-06 00:24:33.002 D/MSTAR_VDEC_API( 1206): [0] Flush: Begin (0)
07-06 00:24:33.002 D/MS_OMX_VDEC( 1206): Free pBuffer[0]: 0xd7403000
07-06 00:24:33.003 D/MS_OMX_VDEC( 1206): Free pBuffer[0]: 0xb9c03000
07-06 00:24:33.003 D/MS_OMX_VDEC( 1206): Free pBuffer[0]: 0xba8fc000
07-06 00:24:33.003 D/MSTAR_VDEC_API( 1206): [0] Flush: OK
07-06 00:24:33.005 D/OkHttp  (30359): <-- 200 OK http://picture.edu.hismarttv.com/images/20170630060938851994.jpg (15ms)
07-06 00:24:33.005 D/OkHttp  (30359): Date: Mon, 03 Jul 2017 03:17:37 GMT
07-06 00:24:33.005 D/OkHttp  (30359): Server: nginx
07-06 00:24:33.005 D/OkHttp  (30359): Content-Type: image/jpeg
07-06 00:24:33.005 D/OkHttp  (30359): Content-Length: 84036
07-06 00:24:33.005 D/OkHttp  (30359): Last-Modified: Fri, 30 Jun 2017 06:09:38 GMT
07-06 00:24:33.005 D/OkHttp  (30359): ETag: "5955eb22-14844"
07-06 00:24:33.005 D/OkHttp  (30359): Accept-Ranges: bytes
07-06 00:24:33.005 D/OkHttp  (30359): Age: 220015
07-06 00:24:33.005 D/OkHttp  (30359): Via: 1.1 pingwangtong50:6 (Cdn Cache Server V2.0)[21 200 0], 1.1 dezhou37:3 (Cdn Cache Server V2.0)[0 200 0]
07-06 00:24:33.005 D/OkHttp  (30359): Connection: keep-alive
07-06 00:24:33.005 D/OkHttp  (30359): <-- END HTTP
07-06 00:24:33.006 D/HttpHandler(30359): RetryIntercepter-->retryNum=0
07-06 00:24:33.006 D/HttpHandler(30359): RetryIntercepter-->backoffmutiplier=0
07-06 00:24:33.018 D/gralloc ( 1204): allocate buffer from ION HEAP 0x1
07-06 00:24:33.018 D/gralloc ( 1204): allocate memory from system heap
07-06 00:24:33.038 D/gralloc ( 1204): allocate buffer from ION HEAP 0x1
07-06 00:24:33.038 D/gralloc ( 1204): allocate memory from system heap
07-06 00:24:33.046 D/        ( 1206): [VDEC][0]MApi_CMA_Pool_PutMem0 in vdec: cmaFreeParam.pool_handle_id=13, cmaFreeParam.offset_in_pool=1000000, cmaFreeParam.length=8200000
07-06 00:24:33.046 I/MSTAR_VDEC_API( 1206): stored streamId: 0:4040
07-06 00:24:33.046 I/MSTAR_VDEC_API( 1206): remove StreamId: 0x4040
07-06 00:24:33.048 D/MSTAR_VDEC_API( 1206): [0] MsVdecClose OK
07-06 00:24:33.048 D/HttpHandler(30359): VerifySignInterCeptor-->request.url()=http://picture.edu.hismarttv.com/images/20170628233313068112.jpg
07-06 00:24:33.048 D/HttpHandler(30359): VerifySignInterCeptor-->hostname=picture.edu.hismarttv.com
07-06 00:24:33.049 D/OkHttp  (30359): --> GET http://picture.edu.hismarttv.com/images/20170628233313068112.jpg http/1.1
07-06 00:24:33.049 D/OkHttp  (30359): Host: picture.edu.hismarttv.com
07-06 00:24:33.049 D/OkHttp  (30359): Connection: Keep-Alive
07-06 00:24:33.049 D/OkHttp  (30359): Accept-Encoding: gzip
07-06 00:24:33.049 D/OkHttp  (30359): User-Agent: okhttp/3.6.0
07-06 00:24:33.049 D/OkHttp  (30359): --> END GET
07-06 00:24:33.056 I/TVMW@HsTvSetting( 1234): Trace cmd, data = 0x1058
07-06 00:24:33.060 D/til@system( 2026): til_get_system_param option:100002F int:0, bool:0, ret:0
07-06 00:24:33.060 D/hwcomposer( 1204): Overlay[0], bInUsed = 0, bIsForceClose = 0
07-06 00:24:33.060 D/vsyncbridge( 1204): [0] handle_thread thread got msg 0x1, mState = 3
07-06 00:24:33.060 D/vsyncbridge( 1204): Overlay 0 state change from 3 to 0
07-06 00:24:33.060 D/vsyncbridge( 1204): Remove Overlay 0
07-06 00:24:33.060 I/SurfaceFlinger( 1204): the layer SurfaceView is used to close xc and zorder is smallerest! clear region
07-06 00:24:33.063 D/OkHttp  (30359): <-- 200 OK http://picture.edu.hismarttv.com/images/20170628233313068112.jpg (13ms)
07-06 00:24:33.063 D/OkHttp  (30359): Date: Mon, 03 Jul 2017 06:47:00 GMT
07-06 00:24:33.063 D/OkHttp  (30359): Server: nginx
07-06 00:24:33.063 D/OkHttp  (30359): Content-Type: image/jpeg
07-06 00:24:33.064 D/OkHttp  (30359): Content-Length: 61038
07-06 00:24:33.064 D/OkHttp  (30359): Last-Modified: Wed, 28 Jun 2017 23:33:13 GMT
07-06 00:24:33.064 D/OkHttp  (30359): ETag: "59543cb9-ee6e"
07-06 00:24:33.064 D/OkHttp  (30359): Accept-Ranges: bytes
07-06 00:24:33.064 D/OkHttp  (30359): Age: 207452
07-06 00:24:33.064 D/OkHttp  (30359): Via: 1.1 jnwt244:1 (Cdn Cache Server V2.0)[17 200 0], 1.1 dezhou35:8 (Cdn Cache Server V2.0)[0 200 0]
07-06 00:24:33.064 D/OkHttp  (30359): Connection: keep-alive
07-06 00:24:33.064 D/OkHttp  (30359): <-- END HTTP
07-06 00:24:33.065 I/TVMW@HsTvSetting( 1234): Trace cmd, data = 0x101f
07-06 00:24:33.066 D/til@system( 2026): til_get_system_param option:100001D int:3, bool:3, ret:0
07-06 00:24:33.066 E/til     ( 2026): [til_get_current_input_source, 101] 
07-06 00:24:33.066 D/MediaCodec( 1206): MediaCodec::~MediaCodec ---- Enter  mState:0
07-06 00:24:33.067 D/NativeDecimalFormat(30359): NativeDecimalFormat_close print addr=4098417664
07-06 00:24:33.067 D/NativeDecimalFormat(30359): NativeDecimalFormat_close print g_addr=4098418432
07-06 00:24:33.067 D/NativeDecimalFormat(30359): NativeDecimalFormat_close print addr=4098418432
07-06 00:24:33.067 D/NativeDecimalFormat(30359): NativeDecimalFormat_close print g_addr=4098418432
07-06 00:24:33.067 D/HttpHandler(30359): RetryIntercepter-->retryNum=0
07-06 00:24:33.067 D/HttpHandler(30359): RetryIntercepter-->backoffmutiplier=0
07-06 00:24:33.068 V/NuPlayer( 1206): video shutdown completed
07-06 00:24:33.068 I/TVMW@HsTvSetting( 1234): Trace cmd, data = 0x7007
07-06 00:24:33.068 I/tilwrapper@sm( 2026): HS2TIL_SourceType *hs=0xd, *til=0x900
07-06 00:24:33.069 D/til     ( 2026): get current source 2304
07-06 00:24:33.069 D/SourceRemoteServiceHandler( 2026): getCurrentInputSource.from.til.result is 0, value is 2304
07-06 00:24:33.069 D/SourceRemoteServiceHandler( 2026): getInputSourceType source: 0x900, type=2304
07-06 00:24:33.069 D/til     ( 2026): ###### func:til_get_picture_param option:0x3000006 ######  
07-06 00:24:33.069 I/TVMW@HsTvSetting( 1234): Trace cmd, data = 0x1003
07-06 00:24:33.070 I/TVMW@HsTvSetting( 1234): Trace cmd, data = 0x8032
07-06 00:24:33.070 I/hstvos  ( 1216): [0m[1;33m[HSHAL][HS_VIDEO][HS_HAL_Video_SetOsdDetect_v2][2389]u16Threshold = 20
07-06 00:24:33.071 I/MiSysSrv( 1214): [leon.luo]EnableVideoMute = 1,enColor = 5
07-06 00:24:33.071 V/NuPlayer( 1206): both audio and video are flushed now.
07-06 00:24:33.072 V/NuPlayer( 1206): performReset start pthread_id:d783a580
07-06 00:24:33.072 V/RMClient( 1206): #536:RMClient::returnAllResourcesAsync
07-06 00:24:33.072 V/RMClient( 1206): #536:onMessageReceived cret
07-06 00:24:33.072 V/RMClient( 1206): #536:kWhatCmdReturnAllResources
07-06 00:24:33.073 V/RMAllocator( 1198): Deallocating resources for #536
07-06 00:24:33.073 V/RMClient( 1206): #536:Done
07-06 00:24:33.073 V/RMAllocator( 1198): ~ClientInfo
07-06 00:24:33.073 I/RMAllocator( 1198): ~ClientInfo this=2382671552,mRMClient=2382853184. id=536
07-06 00:24:33.073 W/RMAllocator( 1198): returnAllResourcesFor: not registered, nothing to do
07-06 00:24:33.073 V/RMClient( 1206): #536:handleEvent lret
07-06 00:24:33.073 V/RMClient( 1206): #536:onMessageReceived lret
07-06 00:24:33.073 V/RMClient( 1206): #536:kWhatAllResourcesReturned
07-06 00:24:33.073 I/NuPlayer( 1206): NuPlayerRMClientListener::handleAllResourcesReturned
07-06 00:24:33.073 V/NuPlayer( 1206): [handleAllResourcesReturned-3223]
07-06 00:24:33.073 V/RMClient( 1206): #536:Done
07-06 00:24:33.073 I/GenericSource( 1206): stop
07-06 00:24:33.083 I/FFmpegExtractor( 1206): reader thread goto end...
07-06 00:24:33.083 I/FFmpegExtractor( 1206): stream_component_close ---- streamIndex: 0
07-06 00:24:33.087 D/hwcomposer( 1204): lastVideoPlanes is dirty
07-06 00:24:33.089 I/SurfaceFlinger( 1204): the layer SurfaceView is used to close xc and zorder is smallerest! clear region
07-06 00:24:33.098 I/FFmpegExtractor( 1206): stream_component_close ---- streamIndex: 1
07-06 00:24:33.103 I/FFmpegExtractor( 1206): stream_component_close ---- streamIndex: -1
07-06 00:24:33.103 I/FFMPEG  ( 1206): [AVIOContext @ 0xb8bfe7a0] Statistics: 18218495 bytes read, 0 seeks
07-06 00:24:33.105 E/TVMW@videoctrl( 1234):  getOsd is 1
07-06 00:24:33.105 I/MiSysSrv( 1214): Not support now! 42, change to mm_video!!!
07-06 00:24:33.105 D/til@system( 2026): til_get_system_param option:1000027 int:1, bool:1, ret:0
07-06 00:24:33.105 I/MiSysSrv( 1214): [XC,SetWindow][MApi_XC_SetDynamicScaling_U2,  342] It's dynamic scaling case(0,0,0)
07-06 00:24:33.105 I/MiSysSrv( 1214): [XC,SetWindow][MHAL_SC_Set_DynamicScaling,  522] [MHAL_SC_Set_DynamicScaling,  522] [DS] u8MIU_Select:0  
07-06 00:24:33.105 I/MiSysSrv( 1214): [XC,SetWindow][MHAL_SC_Set_DynamicScaling,  523] [MHAL_SC_Set_DynamicScaling,  523] [DS] bOP_On:0  bIPS_On:0 bIPM_On:0  
07-06 00:24:33.105 D/til     ( 2026): ###### func:til_get_picture_param option:0x3000045 ######  
07-06 00:24:33.106 I/TVMW@HsTvSetting( 1234): Trace cmd, data = 0x300c
07-06 00:24:33.106 I/TVMW@HsTvSetting( 1234): Trace 3d, data = 0x300c
07-06 00:24:33.106 I/TVMW@3d ( 1234): Hs_debug3d_trace: func:get3dStatus, line:109
07-06 00:24:33.107 D/FFmpegExtractor( 1206): Reader thread stopped
07-06 00:24:33.109 D/FFmpegExtractor( 1206): Reader thread have been stopped
07-06 00:24:33.117 D/NuPlayerDriver( 1206): notifyResetComplete(0xf40ac220) mState:7
07-06 00:24:33.117 V/NuPlayer( 1206): performReset end pthread_id:d783a580
07-06 00:24:33.121 I/MiSysSrv( 1214): [XC,SetWindow][MHAL_SC_Set_DynamicScaling,  557] [MHAL_SC_Set_DynamicScaling,  557] [DS] u32DynamicScalingBaseAddr:0  u8DynamicScalingIndexDepth:0 u32DynamicScalingBufSize:0   
07-06 00:24:33.154 I/MiSysSrv( 1214): Obtain XC engine fail
07-06 00:24:33.154 D/vsyncbridge( 1204): void Wrapper_disconnect(int) @ line: 776: Enter Stop ds.
07-06 00:24:33.154 D/vsyncbridge( 1204): [0] is to deinit
07-06 00:24:33.157 I/MiSysSrv( 1214): [mapi_video_base@Line 1385] Finalize:1385 Video Finalize : Win[0], Source[34]
07-06 00:24:33.157 I/MiSysSrv( 1214): [XC,LPLL][MDrv_XC_SetFreeRunTiming, 4950] SetFreeRunTiming: Disable FPLL and Clear FSM to Idle state
07-06 00:24:33.157 I/MiSysSrv( 1214): [XC,LPLL][MDrv_SC_set_fpll,  976] MDrv_SC_set_fpll(0,0)
07-06 00:24:33.157 I/MiSysSrv( 1214): [XC,LPLL][MDrv_SC_set_fpll,  977] u32OrigLPLL = 1745d1
07-06 00:24:33.157 I/MiSysSrv( 1214): [XC,LPLL][MDrv_SC_set_fpll, 1002] u32OrigLPLL = 1745d1, L_BK_LPLL(0x0F) = 1745d1
07-06 00:24:33.157 I/MiSysSrv( 1214): [XC,LPLL][_MApi_XC_FPLL_EnableLcokFreqOnly, 3150] [_MApi_XC_FPLL_EnableLcokFreqOnly][3150]feature is 0
07-06 00:24:33.169 I/MiSysSrv( 1214): [37m[INFO] Change to Voltage: 102 mv (0x23)[m
07-06 00:24:33.187 I/MiSysSrv( 1214): Unknow Input Type 
07-06 00:24:33.191 D/vsyncbridge( 1204): hVdecHandle[enWin] = 54795042
07-06 00:24:33.191 I/MiVideoService( 1465): impl handle 0x86001b22 closed!
07-06 00:24:33.191 D/vsyncbridge( 1204): all deinit!!!
07-06 00:24:33.192 E/MiDispoutService( 1465): MiDispoutClose, 352, RES Handle = 18415616 
07-06 00:24:33.196 V/RMClient( 1204): #279:RMClient::returnAllResourcesAsync
07-06 00:24:33.196 V/RMClient( 1204): #279:onMessageReceived cret
07-06 00:24:33.196 V/RMClient( 1204): #279:kWhatCmdReturnAllResources
07-06 00:24:33.196 V/RMClient( 1204): #279:Done
07-06 00:24:33.197 V/RMAllocator( 1198): Deallocating resources for #279
07-06 00:24:33.197 V/RMAllocator( 1198): ~ClientInfo
07-06 00:24:33.197 I/RMAllocator( 1198): ~ClientInfo this=2382671456,mRMClient=2378240128. id=279
07-06 00:24:33.197 W/RMAllocator( 1198): returnAllResourcesFor: not registered, nothing to do
07-06 00:24:33.198 V/RMClient( 1204): #279:handleEvent lret
07-06 00:24:33.198 V/RMClient( 1204): #279:onMessageReceived lret
07-06 00:24:33.198 V/RMClient( 1204): #279:kWhatAllResourcesReturned
07-06 00:24:33.198 D/vsyncbridge( 1204): handleAllResourcesReturned mOverlayID=0
07-06 00:24:33.198 V/RMClient( 1204): #279:Done
07-06 00:24:33.218 E/BufferQueueProducer( 1204): [SurfaceView] disconnect(P): connected to another API (cur=0 req=3)
07-06 00:24:33.218 W/MediaPlayerService( 1206): native_window_api_disconnect returned an error: Invalid argument (-22)
07-06 00:24:33.218 V/NuPlayer( 1206): NuPlayer::~NuPlayer ---- Enter ...
07-06 00:24:33.218 V/RMClient( 1206): #536:~RMClient
07-06 00:24:33.218 V/RMClient( 1206): #536:RMClient::returnAllResourcesAsync
07-06 00:24:33.218 I/NuPlayer( 1206): NuPlayerRMClientListener::~NuPlayerRMClientListener
07-06 00:24:33.218 V/RMClientListener( 1206): ~RMClientListener
07-06 00:24:33.219 V/AudioFlinger( 1206): releasing 839 from 30359 for -1
07-06 00:24:33.219 V/AudioFlinger( 1206):  decremented refcount to 1
07-06 00:24:33.219 V/AudioFlinger( 1206): removeClient_l() pid 1206, calling pid 1206
07-06 00:24:33.219 V/AudioPolicyManager( 1206): releaseOutput() 2
07-06 00:24:33.219 V/AudioFlinger( 1206): releasing 839 from 1206 for 30359
07-06 00:24:33.219 V/AudioFlinger( 1206):  decremented refcount to 0
07-06 00:24:33.219 V/AudioFlinger( 1206): purging stale effects
07-06 00:24:33.221 D/Carousel-log_video-(30359): onStopPlay!
07-06 00:24:33.221 D/Carousel-log_video-(30359): submitPlayStopLog mLogPlayState:2
07-06 00:24:33.221 D/Carousel-log_video-(30359): reportCarouselPlayLog play stop.
07-06 00:24:33.221 D/Carousel-log_video-(30359): ==Play stoped log from bufferend:stop,normal,duration:8305
07-06 00:24:33.221 D/Carousel-log_(30359): ===(Main-Video-278002)-{srccolumnid=3, eventType=278, srcgroupid=10001, appversionname=2.0.0.6, srctabid=0, duration=8305, license=hisense, eventcode=278002, deviceid=86100300900000500000060a4818fca8, mediaid=351, eventPos=002, sessionid=615146c6634e45baa029e96c8a142b61, srcpackagename=com.hisense.hicloud.edca, subscriberid=13287129, playactionuuid=d43212cb-c06a-4f02-b70d-3e20c535c793, version=2.1, devicemsg=LED50MU8600UC0000888, isall=0, customerid=7195320, srcrowid=0, srceventcode=280000}
07-06 00:24:33.222 W/MediaPlayer(30359): mediaplayer went away with unhandled events
07-06 00:24:33.234 I/MyFragmentStateAdapter(30359): getCount
07-06 00:24:33.234 W/System.err(30359): java.net.ConnectException: failed to connect to /10.18.210.112 (port 8900) after 6000ms: isConnected failed: ECONNREFUSED (Connection refused)
07-06 00:24:33.235 W/System.err(30359): 	at libcore.io.IoBridge.isConnected(IoBridge.java:238)
07-06 00:24:33.235 W/System.err(30359): 	at libcore.io.IoBridge.connectErrno(IoBridge.java:171)
07-06 00:24:33.235 W/System.err(30359): 	at libcore.io.IoBridge.connect(IoBridge.java:122)
07-06 00:24:33.235 W/System.err(30359): 	at java.net.PlainSocketImpl.connect(PlainSocketImpl.java:183)
07-06 00:24:33.235 W/System.err(30359): 	at java.net.PlainSocketImpl.connect(PlainSocketImpl.java:456)
07-06 00:24:33.235 W/System.err(30359): 	at java.net.Socket.connect(Socket.java:882)
07-06 00:24:33.235 W/System.err(30359): 	at com.android.okhttp.internal.Platform.connectSocket(Platform.java:174)
07-06 00:24:33.235 W/System.err(30359): 	at com.android.okhttp.Connection.connect(Connection.java:152)
07-06 00:24:33.235 W/System.err(30359): 	at com.android.okhttp.internal.http.HttpEngine.connect(HttpEngine.java:276)
07-06 00:24:33.235 W/System.err(30359): 	at com.android.okhttp.internal.http.HttpEngine.sendRequest(HttpEngine.java:211)
07-06 00:24:33.235 W/System.err(30359): 	at com.android.okhttp.internal.http.HttpURLConnectionImpl.execute(HttpURLConnectionImpl.java:382)
07-06 00:24:33.235 W/System.err(30359): 	at com.android.okhttp.internal.http.HttpURLConnectionImpl.connect(HttpURLConnectionImpl.java:106)
07-06 00:24:33.236 W/System.err(30359): 	at com.hisense.hitv.hicloud.util.ExceptionReport.a(ExceptionReport.java:337)
07-06 00:24:33.236 W/System.err(30359): 	at com.hisense.hitv.hicloud.util.ExceptionReport.a(ExceptionReport.java:39)
07-06 00:24:33.236 W/System.err(30359): 	at com.hisense.hitv.hicloud.util.ExceptionReport$1.run(ExceptionReport.java:83)
07-06 00:24:33.236 W/System.err(30359): 	at java.lang.Thread.run(Thread.java:818)
07-06 00:24:33.236 W/System.err(30359): Caused by: android.system.ErrnoException: isConnected failed: ECONNREFUSED (Connection refused)
07-06 00:24:33.236 W/System.err(30359): 	at libcore.io.IoBridge.isConnected(IoBridge.java:223)
07-06 00:24:33.236 W/System.err(30359): 	... 15 more
07-06 00:24:33.239 I/SurfaceFlinger( 1204): the layer SurfaceView is used to close xc and zorder is smallerest! clear region
07-06 00:24:33.250 I/MyFragmentStateAdapter(30359): getCount
07-06 00:24:33.250 I/MyFragmentStateAdapter(30359): getCount
07-06 00:24:33.250 I/MyFragmentStateAdapter(30359): getCount
07-06 00:24:33.250 I/MyFragmentStateAdapter(30359): getCount
07-06 00:24:33.262 I/MyFragmentStateAdapter(30359): getCount
07-06 00:24:33.273 I/SurfaceFlinger( 1204): the layer SurfaceView is used to close xc and zorder is smallerest! clear region
07-06 00:24:33.286 I/TVMW@devctrl( 1234): wdt
07-06 00:24:33.292 I/NetflixMonitorService( 1733): current fgapk : com.hisense.hicloud.edca
07-06 00:24:33.292 I/NetflixMonitorService( 1733): Netflix status unchanged
07-06 00:24:33.307 I/SurfaceFlinger( 1204): the layer SurfaceView is used to close xc and zorder is smallerest! clear region
07-06 00:24:33.322 I/SurfaceFlinger( 1204): the layer SurfaceView is used to close xc and zorder is smallerest! clear region
07-06 00:24:33.339 I/SurfaceFlinger( 1204): the layer SurfaceView is used to close xc and zorder is smallerest! clear region
07-06 00:24:33.356 I/SurfaceFlinger( 1204): the layer SurfaceView is used to close xc and zorder is smallerest! clear region
07-06 00:24:33.372 I/SurfaceFlinger( 1204): the layer SurfaceView is used to close xc and zorder is smallerest! clear region
07-06 00:24:33.389 I/SurfaceFlinger( 1204): the layer SurfaceView is used to close xc and zorder is smallerest! clear region
07-06 00:24:33.416 I/SurfaceFlinger( 1204): the layer SurfaceView is used to close xc and zorder is smallerest! clear region
07-06 00:24:33.421 D/GlobalInputEventMonitoringService( 1733): interceptKeyBeforeQueueing(), event:23, mNeedMonitorKeyEvent:true, mWaitForKeyUpEvent:false
07-06 00:24:33.421 D/GlobalInputEventMonitoringService( 1733): processKeyEvent(), processKeyEvent event:23
07-06 00:24:33.421 D/WindowManager( 1733): interceptKeyTq keycode=23 interactive=true keyguardActive=false policyFlags=2b000000 isCancled= false
07-06 00:24:33.421 D/PowerManagerService( 1733): userActivityNoUpdateLocked: eventTime=20714991, event=1, flags=0x0, uid=1000
07-06 00:24:33.421 D/WindowManager( 1733): interceptKeyTi keyCode=23 down=true repeatCount=0 keyguardOn=false mHomePressed=false canceled=false
07-06 00:24:33.421 D/WindowManager( 1733): Hisense systemkey event: 23
07-06 00:24:33.422 D/HisenseGlobalKeyManager( 1733): handleGlobalKey() : Global event = KeyEvent { action=ACTION_DOWN, keyCode=KEYCODE_DPAD_CENTER, scanCode=0, metaState=0, flags=0x0, rep