07-05 22:55:17.386 I/tilwrapper@sm( 2026): HS2TIL_SourceType *hs=0xd, *til=0x900
07-05 22:55:17.386 D/til     ( 2026): get current source 2304
07-05 22:55:17.386 D/SourceRemoteServiceHandler( 2026): getCurrentInputSource.from.til.result is 0, value is 2304
07-05 22:55:17.386 D/SourceRemoteServiceHandler( 2026): getInputSourceType source: 0x900, type=2304
07-05 22:55:17.386 D/til     ( 2026): ###### func:til_get_picture_param option:0x3000006 ######  
07-05 22:55:17.386 I/TVMW@HsTvSetting( 1234): Trace cmd, data = 0x1003
07-05 22:55:17.387 I/TVMW@HsTvSetting( 1234): Trace cmd, data = 0x8032
07-05 22:55:17.387 I/hstvos  ( 1216): [0m[1;33m[HSHAL][HS_VIDEO][HS_HAL_Video_SetOsdDetect_v2][2389]u16Threshold = 20
07-05 22:55:17.387 I/MiSysSrv( 1214): Not support now! 42, change to mm_video!!!
07-05 22:55:17.388 E/TVMW@videoctrl( 1234):  getOsd is 1
07-05 22:55:17.388 D/til@system( 2026): til_get_system_param option:1000027 int:1, bool:1, ret:0
07-05 22:55:17.390 D/til     ( 2026): ###### func:til_get_picture_param option:0x3000045 ######  
07-05 22:55:17.391 I/TVMW@HsTvSetting( 1234): Trace cmd, data = 0x300c
07-05 22:55:17.391 I/TVMW@HsTvSetting( 1234): Trace 3d, data = 0x300c
07-05 22:55:17.391 I/TVMW@3d ( 1234): Hs_debug3d_trace: func:get3dStatus, line:109
07-05 22:55:17.402 I/MyFragmentStateAdapter(13153): getCount
07-05 22:55:17.429 I/MyFragmentStateAdapter(13153): getCount
07-05 22:55:17.450 I/MyFragmentStateAdapter(13153): getCount
07-05 22:55:17.474 I/MyFragmentStateAdapter(13153): getCount
07-05 22:55:17.499 I/MyFragmentStateAdapter(13153): getCount
07-05 22:55:17.520 I/MyFragmentStateAdapter(13153): getCount
07-05 22:55:17.543 I/MyFragmentStateAdapter(13153): getCount
07-05 22:55:17.563 I/MyFragmentStateAdapter(13153): getCount
07-05 22:55:17.585 I/MyFragmentStateAdapter(13153): getCount
07-05 22:55:17.597 D/PowerManagerService( 1733): acquireWakeLockInternal: lock=113832109, flags=0x1, tag="NetworkStats", ws=null, uid=1000, pid=1733
07-05 22:55:17.597 D/PowerManagerNotifier( 1733): onWakeLockAcquired: flags=1, tag="NetworkStats", packageName=android, ownerUid=1000, ownerPid=1733, workSource=null
07-05 22:55:17.597 D/NtpTrustedTime( 1733): currentTimeMillis() cache hit
07-05 22:55:17.609 I/MyFragmentStateAdapter(13153): getCount
07-05 22:55:17.613 D/NtpTrustedTime( 1733): currentTimeMillis() cache hit
07-05 22:55:17.614 D/PowerManagerService( 1733): releaseWakeLockInternal: lock=113832109 [NetworkStats], flags=0x0
07-05 22:55:17.615 D/NtpTrustedTime( 1733): currentTimeMillis() cache hit
07-05 22:55:17.615 D/PowerManagerNotifier( 1733): onWakeLockReleased: flags=1, tag="NetworkStats", packageName=android, ownerUid=1000, ownerPid=1733, workSource=null
07-05 22:55:17.615 D/NtpTrustedTime( 1733): currentTimeMillis() cache hit
07-05 22:55:17.634 I/MyFragmentStateAdapter(13153): getCount
07-05 22:55:17.658 I/MyFragmentStateAdapter(13153): getCount
07-05 22:55:17.687 I/MyFragmentStateAdapter(13153): getCount
07-05 22:55:17.707 I/TVMW@devctrl( 1234): wdt
07-05 22:55:17.720 I/MyFragmentStateAdapter(13153): getCount
07-05 22:55:17.745 I/MyFragmentStateAdapter(13153): getCount
07-05 22:55:17.772 I/MyFragmentStateAdapter(13153): getCount
07-05 22:55:17.808 I/MyFragmentStateAdapter(13153): getCount
07-05 22:55:17.825 I/NetflixMonitorService( 1733): current fgapk : com.hisense.hicloud.edca
07-05 22:55:17.825 I/NetflixMonitorService( 1733): Netflix status unchanged
07-05 22:55:17.836 I/MyFragmentStateAdapter(13153): getCount
07-05 22:55:17.859 I/MyFragmentStateAdapter(13153): getCount
07-05 22:55:17.887 I/MyFragmentStateAdapter(13153): getCount
07-05 22:55:17.892 I/TVMW@HsTvSetting( 1234): Trace cmd, data = 0x1058
07-05 22:55:17.892 D/til@system( 2026): til_get_system_param option:100002F int:0, bool:0, ret:0
07-05 22:55:17.892 I/TVMW@HsTvSetting( 1234): Trace cmd, data = 0x101f
07-05 22:55:17.894 D/til@system( 2026): til_get_system_param option:100001D int:3, bool:3, ret:0
07-05 22:55:17.894 E/til     ( 2026): [til_get_current_input_source, 101] 
07-05 22:55:17.894 I/TVMW@HsTvSetting( 1234): Trace cmd, data = 0x7007
07-05 22:55:17.895 I/tilwrapper@sm( 2026): HS2TIL_SourceType *hs=0xd, *til=0x900
07-05 22:55:17.895 D/til     ( 2026): get current source 2304
07-05 22:55:17.895 D/SourceRemoteServiceHandler( 2026): getCurrentInputSource.from.til.result is 0, value is 2304
07-05 22:55:17.895 D/SourceRemoteServiceHandler( 2026): getInputSourceType source: 0x900, type=2304
07-05 22:55:17.895 D/til     ( 2026): ###### func:til_get_picture_param option:0x3000006 ######  
07-05 22:55:17.895 I/TVMW@HsTvSetting( 1234): Trace cmd, data = 0x1003
07-05 22:55:17.895 I/TVMW@HsTvSetting( 1234): Trace cmd, data = 0x8032
07-05 22:55:17.896 I/hstvos  ( 1216): [0m[1;33m[HSHAL][HS_VIDEO][HS_HAL_Video_SetOsdDetect_v2][2389]u16Threshold = 20
07-05 22:55:17.896 I/MiSysSrv( 1214): Not support now! 42, change to mm_video!!!
07-05 22:55:17.896 E/TVMW@videoctrl( 1234):  getOsd is 1
07-05 22:55:17.897 D/til@system( 2026): til_get_system_param option:1000027 int:1, bool:1, ret:0
07-05 22:55:17.897 D/til     ( 2026): ###### func:til_get_picture_param option:0x3000045 ######  
07-05 22:55:17.898 I/TVMW@HsTvSetting( 1234): Trace cmd, data = 0x300c
07-05 22:55:17.898 I/TVMW@HsTvSetting( 1234): Trace 3d, data = 0x300c
07-05 22:55:17.898 I/TVMW@3d ( 1234): Hs_debug3d_trace: func:get3dStatus, line:109
07-05 22:55:17.901 D/DtvSourcePlugin-DVBC(15961): Setting the EPG Updater state to: WAIT
07-05 22:55:17.925 I/MyFragmentStateAdapter(13153): getCount
07-05 22:55:17.952 I/MyFragmentStateAdapter(13153): getCount
07-05 22:55:17.975 I/MyFragmentStateAdapter(13153): getCount
07-05 22:55:17.996 I/MyFragmentStateAdapter(13153): getCount
07-05 22:55:18.021 I/MyFragmentStateAdapter(13153): getCount
07-05 22:55:18.046 I/MyFragmentStateAdapter(13153): getCount
07-05 22:55:18.071 I/MyFragmentStateAdapter(13153): getCount
07-05 22:55:18.094 I/MyFragmentStateAdapter(13153): getCount
07-05 22:55:18.120 I/MyFragmentStateAdapter(13153): getCount
07-05 22:55:18.143 I/MyFragmentStateAdapter(13153): getCount
07-05 22:55:18.171 I/MyFragmentStateAdapter(13153): getCount
07-05 22:55:18.193 I/MyFragmentStateAdapter(13153): getCount
07-05 22:55:18.217 I/MyFragmentStateAdapter(13153): getCount
07-05 22:55:18.247 I/MyFragmentStateAdapter(13153): getCount
07-05 22:55:18.261 I/art     (13119): Background concurrent mark sweep GC freed 17806(928KB) AllocSpace objects, 0(0B) LOS objects, 62% free, 623KB/1647KB, paused 5.954ms total 18.348ms
07-05 22:55:18.278 I/MyFragmentStateAdapter(13153): getCount
07-05 22:55:18.301 I/MyFragmentStateAdapter(13153): getCount
07-05 22:55:18.324 I/MyFragmentStateAdapter(13153): getCount
07-05 22:55:18.345 I/MyFragmentStateAdapter(13153): getCount
07-05 22:55:18.367 I/MyFragmentStateAdapter(13153): getCount
07-05 22:55:18.369 I/MiSysSrv( 1214): [37m[INFO] Change to Voltage: 117 mv (0x32)[m
07-05 22:55:18.386 I/MyFragmentStateAdapter(13153): getCount
07-05 22:55:18.399 I/TVMW@HsTvSetting( 1234): Trace cmd, data = 0x1058
07-05 22:55:18.399 D/til@system( 2026): til_get_system_param option:100002F int:0, bool:0, ret:0
07-05 22:55:18.399 I/TVMW@HsTvSetting( 1234): Trace cmd, data = 0x101f
07-05 22:55:18.400 D/til@system( 2026): til_get_system_param option:100001D int:3, bool:3, ret:0
07-05 22:55:18.400 E/til     ( 2026): [til_get_current_input_source, 101] 
07-05 22:55:18.400 I/TVMW@HsTvSetting( 1234): Trace cmd, data = 0x7007
07-05 22:55:18.400 I/tilwrapper@sm( 2026): HS2TIL_SourceType *hs=0xd, *til=0x900
07-05 22:55:18.400 D/til     ( 2026): get current source 2304
07-05 22:55:18.400 D/SourceRemoteServiceHandler( 2026): getCurrentInputSource.from.til.result is 0, value is 2304
07-05 22:55:18.400 D/SourceRemoteServiceHandler( 2026): getInputSourceType source: 0x900, type=2304
07-05 22:55:18.400 D/til     ( 2026): ###### func:til_get_picture_param option:0x3000006 ######  
07-05 22:55:18.400 I/TVMW@HsTvSetting( 1234): Trace cmd, data = 0x1003
07-05 22:55:18.401 I/TVMW@HsTvSetting( 1234): Trace cmd, data = 0x8032
07-05 22:55:18.402 I/hstvos  ( 1216): [0m[1;33m[HSHAL][HS_VIDEO][HS_HAL_Video_SetOsdDetect_v2][2389]u16Threshold = 20
07-05 22:55:18.402 I/MiSysSrv( 1214): Not support now! 42, change to mm_video!!!
07-05 22:55:18.402 E/TVMW@videoctrl( 1234):  getOsd is 1
07-05 22:55:18.402 D/til@system( 2026): til_get_system_param option:1000027 int:1, bool:1, ret:0
07-05 22:55:18.402 D/til     ( 2026): ###### func:til_get_picture_param option:0x3000045 ######  
07-05 22:55:18.402 I/TVMW@HsTvSetting( 1234): Trace cmd, data = 0x300c
07-05 22:55:18.403 I/TVMW@HsTvSetting( 1234): Trace 3d, data = 0x300c
07-05 22:55:18.403 I/TVMW@3d ( 1234): Hs_debug3d_trace: func:get3dStatus, line:109
07-05 22:55:18.404 I/MyFragmentStateAdapter(13153): getCount
07-05 22:55:18.426 I/MyFragmentStateAdapter(13153): getCount
07-05 22:55:18.445 D/PowerManagerService( 1733): acquireWakeLockInternal: lock=113832109, flags=0x1, tag="NetworkStats", ws=null, uid=1000, pid=1733
07-05 22:55:18.445 D/PowerManagerNotifier( 1733): onWakeLockAcquired: flags=1, tag="NetworkStats", packageName=android, ownerUid=1000, ownerPid=1733, workSource=null
07-05 22:55:18.445 D/NtpTrustedTime( 1733): currentTimeMillis() cache hit
07-05 22:55:18.451 D/NtpTrustedTime( 1733): currentTimeMillis() cache hit
07-05 22:55:18.452 D/NtpTrustedTime( 1733): currentTimeMillis() cache hit
07-05 22:55:18.452 D/NtpTrustedTime( 1733): currentTimeMillis() cache hit
07-05 22:55:18.453 D/PowerManagerService( 1733): releaseWakeLockInternal: lock=113832109 [NetworkStats], flags=0x0
07-05 22:55:18.453 D/PowerManagerNotifier( 1733): onWakeLockReleased: flags=1, tag="NetworkStats", packageName=android, ownerUid=1000, ownerPid=1733, workSource=null
07-05 22:55:18.454 I/MyFragmentStateAdapter(13153): getCount
07-05 22:55:18.469 I/MiSysSrv( 1214): [37m[INFO] Change to Voltage: 117 mv (0x32)[m
07-05 22:55:18.472 I/MyFragmentStateAdapter(13153): getCount
07-05 22:55:18.498 I/MyFragmentStateAdapter(13153): getCount
07-05 22:55:18.517 I/MyFragmentStateAdapter(13153): getCount
07-05 22:55:18.537 I/MyFragmentStateAdapter(13153): getCount
07-05 22:55:18.559 I/MyFragmentStateAdapter(13153): getCount
07-05 22:55:18.572 I/MiSysSrv( 1214): [37m[INFO] Change to Voltage: 102 mv (0x23)[m
07-05 22:55:18.577 I/MyFragmentStateAdapter(13153): getCount
07-05 22:55:18.597 I/MyFragmentStateAdapter(13153): getCount
07-05 22:55:18.607 I/TVMW@devctrl( 1234): wdt
07-05 22:55:18.622 I/MyFragmentStateAdapter(13153): getCount
07-05 22:55:18.634 I/HLSP2P  (16183): ## 2017-07-05 22:55:18.629 [16183,16481,:0] INFO ## [HLSP2P][DownloadManager.cpp:35][INFO][TryExtendCacheSize]system memory total size : 1912M, free size : 558M, cache add to 30MB
07-05 22:55:18.651 I/MyFragmentStateAdapter(13153): getCount
07-05 22:55:18.675 I/MyFragmentStateAdapter(13153): getCount
07-05 22:55:18.696 I/MyFragmentStateAdapter(13153): getCount
07-05 22:55:18.717 I/MyFragmentStateAdapter(13153): getCount
07-05 22:55:18.750 I/MyFragmentStateAdapter(13153): getCount
07-05 22:55:18.779 I/MyFragmentStateAdapter(13153): getCount
07-05 22:55:18.808 I/MyFragmentStateAdapter(13153): getCount
07-05 22:55:18.826 I/NetflixMonitorService( 1733): current fgapk : com.hisense.hicloud.edca
07-05 22:55:18.826 I/NetflixMonitorService( 1733): Netflix status unchanged
07-05 22:55:18.840 I/MyFragmentStateAdapter(13153): getCount
07-05 22:55:18.862 I/MyFragmentStateAdapter(13153): getCount
07-05 22:55:18.886 I/MyFragmentStateAdapter(13153): getCount
07-05 22:55:18.904 I/TVMW@HsTvSetting( 1234): Trace cmd, data = 0x1058
07-05 22:55:18.904 D/til@system( 2026): til_get_system_param option:100002F int:0, bool:0, ret:0
07-05 22:55:18.905 I/TVMW@HsTvSetting( 1234): Trace cmd, data = 0x101f
07-05 22:55:18.905 D/til@system( 2026): til_get_system_param option:100001D int:3, bool:3, ret:0
07-05 22:55:18.905 E/til     ( 2026): [til_get_current_input_source, 101] 
07-05 22:55:18.905 I/TVMW@HsTvSetting( 1234): Trace cmd, data = 0x7007
07-05 22:55:18.905 I/tilwrapper@sm( 2026): HS2TIL_SourceType *hs=0xd, *til=0x900
07-05 22:55:18.906 D/til     ( 2026): get current source 2304
07-05 22:55:18.906 D/SourceRemoteServiceHandler( 2026): getCurrentInputSource.from.til.result is 0, value is 2304
07-05 22:55:18.906 D/SourceRemoteServiceHandler( 2026): getInputSourceType source: 0x900, type=2304
07-05 22:55:18.906 D/til     ( 2026): ###### func:til_get_picture_param option:0x3000006 ######  
07-05 22:55:18.906 I/TVMW@HsTvSetting( 1234): Trace cmd, data = 0x1003
07-05 22:55:18.907 I/TVMW@HsTvSetting( 1234): Trace cmd, data = 0x8032
07-05 22:55:18.908 I/MiSysSrv( 1214): Not support now! 42, change to mm_video!!!
07-05 22:55:18.909 E/TVMW@videoctrl( 1234):  getOsd is 1
07-05 22:55:18.909 D/til@system( 2026): til_get_system_param option:1000027 int:1, bool:1, ret:0
07-05 22:55:18.909 D/til     ( 2026): ###### func:til_get_picture_param option:0x3000045 ######  
07-05 22:55:18.909 I/hstvos  ( 1216): [0m[1;33m[HSHAL][HS_VIDEO][HS_HAL_Video_SetOsdDetect_v2][2389]u16Threshold = 20
07-05 22:55:18.910 I/TVMW@HsTvSetting( 1234): Trace cmd, data = 0x300c
07-05 22:55:18.910 I/TVMW@HsTvSetting( 1234): Trace 3d, data = 0x300c
07-05 22:55:18.910 I/TVMW@3d ( 1234): Hs_debug3d_trace: func:get3dStatus, line:109
07-05 22:55:18.911 I/MyFragmentStateAdapter(13153): getCount
07-05 22:55:18.940 I/MyFragmentStateAdapter(13153): getCount
07-05 22:55:18.962 I/MyFragmentStateAdapter(13153): getCount
07-05 22:55:18.982 I/MyFragmentStateAdapter(13153): getCount
07-05 22:55:19.003 I/MyFragmentStateAdapter(13153): getCount
07-05 22:55:19.029 I/MyFragmentStateAdapter(13153): getCount
07-05 22:55:19.052 I/MyFragmentStateAdapter(13153): getCount
07-05 22:55:19.074 I/MyFragmentStateAdapter(13153): getCount
07-05 22:55:19.098 I/MyFragmentStateAdapter(13153): getCount
07-05 22:55:19.120 I/MyFragmentStateAdapter(13153): getCount
07-05 22:55:19.143 I/MyFragmentStateAdapter(13153): getCount
07-05 22:55:19.170 I/MyFragmentStateAdapter(13153): getCount
07-05 22:55:19.200 I/MyFragmentStateAdapter(13153): getCount
07-05 22:55:19.227 I/MyFragmentStateAdapter(13153): getCount
07-05 22:55:19.250 I/MyFragmentStateAdapter(13153): getCount
07-05 22:55:19.273 I/MyFragmentStateAdapter(13153): getCount
07-05 22:55:19.286 D/PowerManagerService( 1733): acquireWakeLockInternal: lock=113832109, flags=0x1, tag="NetworkStats", ws=null, uid=1000, pid=1733
07-05 22:55:19.286 D/PowerManagerNotifier( 1733): onWakeLockAcquired: flags=1, tag="NetworkStats", packageName=android, ownerUid=1000, ownerPid=1733, workSource=null
07-05 22:55:19.286 D/NtpTrustedTime( 1733): currentTimeMillis() cache hit
07-05 22:55:19.293 D/NtpTrustedTime( 1733): currentTimeMillis() cache hit
07-05 22:55:19.294 D/PowerManagerService( 1733): releaseWakeLockInternal: lock=113832109 [NetworkStats], flags=0x0
07-05 22:55:19.294 D/PowerManagerNotifier( 1733): onWakeLockReleased: flags=1, tag="NetworkStats", packageName=android, ownerUid=1000, ownerPid=1733, workSource=null
07-05 22:55:19.295 D/NtpTrustedTime( 1733): currentTimeMillis() cache hit
07-05 22:55:19.295 D/NtpTrustedTime( 1733): currentTimeMillis() cache hit
07-05 22:55:19.301 I/MyFragmentStateAdapter(13153): getCount
07-05 22:55:19.326 I/MyFragmentStateAdapter(13153): getCount
07-05 22:55:19.349 I/MyFragmentStateAdapter(13153): getCount
07-05 22:55:19.368 D/QrRecognization( 2232): handleMessage msg=4
07-05 22:55:19.368 D/QrRecognization( 2232): handleMessage msg=1
07-05 22:55:19.368 D/QrRecognization( 2232): start update screenshot
07-05 22:55:19.368 D/QrRecognization( 2232): QR detection is not enabled in tile com.hisense.hicloud.edca
07-05 22:55:19.368 D/QrRecognization( 2232): error in getBitmap from screen
07-05 22:55:19.370 I/MyFragmentStateAdapter(13153): getCount
07-05 22:55:19.390 I/MyFragmentStateAdapter(13153): getCount
07-05 22:55:19.411 I/MyFragmentStateAdapter(13153): getCount
07-05 22:55:19.411 I/TVMW@HsTvSetting( 1234): Trace cmd, data = 0x1058
07-05 22:55:19.411 D/til@system( 2026): til_get_system_param option:100002F int:0, bool:0, ret:0
07-05 22:55:19.411 I/TVMW@HsTvSetting( 1234): Trace cmd, data = 0x101f
07-05 22:55:19.411 D/til@system( 2026): til_get_system_param option:100001D int:3, bool:3, ret:0
07-05 22:55:19.411 E/til     ( 2026): [til_get_current_input_source, 101] 
07-05 22:55:19.411 I/TVMW@HsTvSetting( 1234): Trace cmd, data = 0x7007
07-05 22:55:19.412 I/tilwrapper@sm( 2026): HS2TIL_SourceType *hs=0xd, *til=0x900
07-05 22:55:19.412 D/til     ( 2026): get current source 2304
07-05 22:55:19.412 D/SourceRemoteServiceHandler( 2026): getCurrentInputSource.from.til.result is 0, value is 2304
07-05 22:55:19.412 D/SourceRemoteServiceHandler( 2026): getInputSourceType source: 0x900, type=2304
07-05 22:55:19.412 D/til     ( 2026): ###### func:til_get_picture_param option:0x3000006 ######  
07-05 22:55:19.412 I/TVMW@HsTvSetting( 1234): Trace cmd, data = 0x1003
07-05 22:55:19.412 I/TVMW@HsTvSetting( 1234): Trace cmd, data = 0x8032
07-05 22:55:19.412 I/hstvos  ( 1216): [0m[1;33m[HSHAL][HS_VIDEO][HS_HAL_Video_SetOsdDetect_v2][2389]u16Threshold = 20
07-05 22:55:19.413 I/MiSysSrv( 1214): Not support now! 42, change to mm_video!!!
07-05 22:55:19.413 E/TVMW@videoctrl( 1234):  getOsd is 1
07-05 22:55:19.413 D/til@system( 2026): til_get_system_param option:1000027 int:1, bool:1, ret:0
07-05 22:55:19.413 D/til     ( 2026): ###### func:til_get_picture_param option:0x3000045 ######  
07-05 22:55:19.413 I/TVMW@HsTvSetting( 1234): Trace cmd, data = 0x300c
07-05 22:55:19.413 I/TVMW@HsTvSetting( 1234): Trace 3d, data = 0x300c
07-05 22:55:19.414 I/TVMW@3d ( 1234): Hs_debug3d_trace: func:get3dStatus, line:109
07-05 22:55:19.440 I/MyFragmentStateAdapter(13153): getCount
07-05 22:55:19.462 I/MyFragmentStateAdapter(13153): getCount
07-05 22:55:19.491 I/MyFragmentStateAdapter(13153): getCount
07-05 22:55:19.508 I/TVMW@devctrl( 1234): wdt
07-05 22:55:19.513 I/MyFragmentStateAdapter(13153): getCount
07-05 22:55:19.535 I/MyFragmentStateAdapter(13153): getCount
07-05 22:55:19.556 I/MyFragmentStateAdapter(13153): getCount
07-05 22:55:19.578 I/MyFragmentStateAdapter(13153): getCount
07-05 22:55:19.604 I/MyFragmentStateAdapter(13153): getCount
07-05 22:55:19.625 I/MyFragmentStateAdapter(13153): getCount
07-05 22:55:19.646 I/MyFragmentStateAdapter(13153): getCount
07-05 22:55:19.668 I/MyFragmentStateAdapter(13153): getCount
07-05 22:55:19.694 I/MyFragmentStateAdapter(13153): getCount
07-05 22:55:19.720 I/MyFragmentStateAdapter(13153): getCount
07-05 22:55:19.742 I/MyFragmentStateAdapter(13153): getCount
07-05 22:55:19.763 I/MyFragmentStateAdapter(13153): getCount
07-05 22:55:19.787 I/MyFragmentStateAdapter(13153): getCount
07-05 22:55:19.814 I/MyFragmentStateAdapter(13153): getCount
07-05 22:55:19.826 I/NetflixMonitorService( 1733): current fgapk : com.hisense.hicloud.edca
07-05 22:55:19.826 I/NetflixMonitorService( 1733): Netflix status unchanged
07-05 22:55:19.840 I/MyFragmentStateAdapter(13153): getCount
07-05 22:55:19.865 I/MyFragmentStateAdapter(13153): getCount
07-05 22:55:19.892 I/MyFragmentStateAdapter(13153): getCount
07-05 22:55:19.913 I/MyFragmentStateAdapter(13153): getCount
07-05 22:55:19.916 I/TVMW@HsTvSetting( 1234): Trace cmd, data = 0x1058
07-05 22:55:19.918 D/til@system( 2026): til_get_system_param option:100002F int:0, bool:0, ret:0
07-05 22:55:19.918 I/TVMW@HsTvSetting( 1234): Trace cmd, data = 0x101f
07-05 22:55:19.922 D/til@system( 2026): til_get_system_param option:100001D int:3, bool:3, ret:0
07-05 22:55:19.922 E/til     ( 2026): [til_get_current_input_source, 101] 
07-05 22:55:19.929 I/TVMW@HsTvSetting( 1234): Trace cmd, data = 0x7007
07-05 22:55:19.930 I/tilwrapper@sm( 2026): HS2TIL_SourceType *hs=0xd, *til=0x900
07-05 22:55:19.930 D/til     ( 2026): get current source 2304
07-05 22:55:19.930 D/SourceRemoteServiceHandler( 2026): getCurrentInputSource.from.til.result is 0, value is 2304
07-05 22:55:19.930 D/SourceRemoteServiceHandler( 2026): getInputSourceType source: 0x900, type=2304
07-05 22:55:19.930 D/til     ( 2026): ###### func:til_get_picture_param option:0x3000006 ######  
07-05 22:55:19.931 I/TVMW@HsTvSetting( 1234): Trace cmd, data = 0x1003
07-05 22:55:19.932 I/TVMW@HsTvSetting( 1234): Trace cmd, data = 0x8032
07-05 22:55:19.932 I/hstvos  ( 1216): [0m[1;33m[HSHAL][HS_VIDEO][HS_HAL_Video_SetOsdDetect_v2][2389]u16Threshold = 20
07-05 22:55:19.933 I/MiSysSrv( 1214): Not support now! 42, change to mm_video!!!
07-05 22:55:19.933 E/TVMW@videoctrl( 1234):  getOsd is 1
07-05 22:55:19.933 D/til@system( 2026): til_get_system_param option:1000027 int:1, bool:1, ret:0
07-05 22:55:19.933 D/til     ( 2026): ###### func:til_get_picture_param option:0x3000045 ######  
07-05 22:55:19.934 I/TVMW@HsTvSetting( 1234): Trace cmd, data = 0x300c
07-05 22:55:19.934 I/TVMW@HsTvSetting( 1234): Trace 3d, data = 0x300c
07-05 22:55:19.934 I/TVMW@3d ( 1234): Hs_debug3d_trace: func:get3dStatus, line:109
07-05 22:55:19.949 I/MyFragmentStateAdapter(13153): getCount
07-05 22:55:19.963 I/HLSP2P  (16224): ## 2017-07-05 22:55:19.960 [16224,16378,:0] INFO ## [HLSP2P][TaskManager.cpp:838][INFO][UpdateGlobalInfo]totalDataSize: 0, totalMemorySize: 0, totalCacheSize: 0, PlayTaskAllFinish: 0
07-05 22:55:19.964 I/HLSP2P  (16224): ## 2017-07-05 22:55:19.961 [16224,16378,:0] INFO ## [HLSP2P][TaskManager.cpp:1348][INFO][TryAdjustMemorySize]system memory total size: 1912M, free size: 550MB, cache add to 100MB, AppState: 14, IsLowMemory: 0
07-05 22:55:19.974 I/MyFragmentStateAdapter(13153): getCount
07-05 22:55:19.983 D/DLNAService(16055): sync DLNA devices
07-05 22:55:19.983 D/MediaBrowser(16055): updateMediaSources type=2
07-05 22:55:19.988 D/MediaSourceManager(16055): updateMediaSources type=2
07-05 22:55:20.002 I/MyFragmentStateAdapter(13153): getCount
07-05 22:55:20.029 I/MyFragmentStateAdapter(13153): getCount
07-05 22:55:20.050 I/MyFragmentStateAdapter(13153): getCount
07-05 22:55:20.072 I/MyFragmentStateAdapter(13153): getCount
07-05 22:55:20.093 I/MyFragmentStateAdapter(13153): getCount
07-05 22:55:20.116 I/MyFragmentStateAdapter(13153): getCount
07-05 22:55:20.126 D/PowerManagerService( 1733): acquireWakeLockInternal: lock=113832109, flags=0x1, tag="NetworkStats", ws=null, uid=1000, pid=1733
07-05 22:55:20.126 D/PowerManagerNotifier( 1733): onWakeLockAcquired: flags=1, tag="NetworkStats", packageName=android, ownerUid=1000, ownerPid=1733, workSource=null
07-05 22:55:20.126 D/NtpTrustedTime( 1733): currentTimeMillis() cache hit
07-05 22:55:20.143 D/NtpTrustedTime( 1733): currentTimeMillis() cache hit
07-05 22:55:20.145 D/NtpTrustedTime( 1733): currentTimeMillis() cache hit
07-05 22:55:20.145 D/NtpTrustedTime( 1733): currentTimeMillis() cache hit
07-05 22:55:20.145 D/PowerManagerService( 1733): releaseWakeLockInternal: lock=113832109 [NetworkStats], flags=0x0
07-05 22:55:20.145 D/PowerManagerNotifier( 1733): onWakeLockReleased: flags=1, tag="NetworkStats", packageName=android, ownerUid=1000, ownerPid=1733, workSource=null
07-05 22:55:20.152 I/MyFragmentStateAdapter(13153): getCount
07-05 22:55:20.178 I/MyFragmentStateAdapter(13153): getCount
07-05 22:55:20.206 I/MyFragmentStateAdapter(13153): getCount
07-05 22:55:20.229 I/MyFragmentStateAdapter(13153): getCount
07-05 22:55:20.251 I/MyFragmentStateAdapter(13153): getCount
07-05 22:55:20.273 I/MyFragmentStateAdapter(13153): getCount
07-05 22:55:20.295 I/MyFragmentStateAdapter(13153): getCount
07-05 22:55:20.319 I/MyFragmentStateAdapter(13153): getCount
07-05 22:55:20.344 I/MyFragmentStateAdapter(13153): getCount
07-05 22:55:20.368 I/MyFragmentStateAdapter(13153): getCount
07-05 22:55:20.383 D/MC_MEMORY(16055): max: 256.261888 Mb, heap: 10.10778 Mb, allocated: 9.9977 Mb, free: 0.802 Mb, native heap: 12.12276 Mb, native allocated: 8.8386 Mb, native free: 3.3890 Mb
07-05 22:55:20.392 I/MyFragmentStateAdapter(13153): getCount
07-05 22:55:20.408 I/TVMW@devctrl( 1234): wdt
07-05 22:55:20.417 I/MyFragmentStateAdapter(13153): getCount
07-05 22:55:20.436 I/TVMW@HsTvSetting( 1234): Trace cmd, data = 0x1058
07-05 22:55:20.436 D/til@system( 2026): til_get_system_param option:100002F int:0, bool:0, ret:0
07-05 22:55:20.436 I/TVMW@HsTvSetting( 1234): Trace cmd, data = 0x101f
07-05 22:55:20.437 D/til@system( 2026): til_get_system_param option:100001D int:3, bool:3, ret:0
07-05 22:55:20.437 E/til     ( 2026): [til_get_current_input_source, 101] 
07-05 22:55:20.437 I/TVMW@HsTvSetting( 1234): Trace cmd, data = 0x7007
07-05 22:55:20.437 I/tilwrapper@sm( 2026): HS2TIL_SourceType *hs=0xd, *til=0x900
07-05 22:55:20.437 D/til     ( 2026): get current source 2304
07-05 22:55:20.437 D/SourceRemoteServiceHandler( 2026): getCurrentInputSource.from.til.result is 0, value is 2304
07-05 22:55:20.437 D/SourceRemoteServiceHandler( 2026): getInputSourceType source: 0x900, type=2304
07-05 22:55:20.438 D/til     ( 2026): ###### func:til_get_picture_param option:0x3000006 ######  
07-05 22:55:20.438 I/TVMW@HsTvSetting( 1234): Trace cmd, data = 0x1003
07-05 22:55:20.439 I/TVMW@HsTvSetting( 1234): Trace cmd, data = 0x8032
07-05 22:55:20.439 I/hstvos  ( 1216): [0m[1;33m[HSHAL][HS_VIDEO][HS_HAL_Video_SetOsdDetect_v2][2389]u16Threshold = 20
07-05 22:55:20.439 I/MiSysSrv( 1214): Not support now! 42, change to mm_video!!!
07-05 22:55:20.440 E/TVMW@videoctrl( 1234):  getOsd is 1
07-05 22:55:20.440 D/til@system( 2026): til_get_system_param option:1000027 int:1, bool:1, ret:0
07-05 22:55:20.440 D/til     ( 2026): ###### func:til_get_picture_param option:0x3000045 ######  
07-05 22:55:20.440 I/TVMW@HsTvSetting( 1234): Trace cmd, data = 0x300c
07-05 22:55:20.440 I/TVMW@HsTvSetting( 1234): Trace 3d, data = 0x300c
07-05 22:55:20.440 I/TVMW@3d ( 1234): Hs_debug3d_trace: func:get3dStatus, line:109
07-05 22:55:20.455 I/MyFragmentStateAdapter(13153): getCount
07-05 22:55:20.485 I/MyFragmentStateAdapter(13153): getCount
07-05 22:55:20.511 I/MyFragmentStateAdapter(13153): getCount
07-05 22:55:20.531 I/MyFragmentStateAdapter(13153): getCount
07-05 22:55:20.538 I/UsageStatsService( 1733): User[0] Flushing usage stats to disk
07-05 22:55:20.558 I/MyFragmentStateAdapter(13153): getCount
07-05 22:55:20.592 I/MyFragmentStateAdapter(13153): getCount
07-05 22:55:20.607 I/art     ( 1733): Background sticky concurrent mark sweep GC freed 61942(3MB) AllocSpace objects, 12(240KB) LOS objects, 7% free, 25MB/27MB, paused 5.062ms total 55.052ms
07-05 22:55:20.627 I/MyFragmentStateAdapter(13153): getCount
07-05 22:55:20.658 I/MyFragmentStateAdapter(13153): getCount
07-05 22:55:20.686 I/MyFragmentStateAdapter(13153): getCount
07-05 22:55:20.710 I/MyFragmentStateAdapter(13153): getCount
07-05 22:55:20.732 I/MyFragmentStateAdapter(13153): getCount
07-05 22:55:20.757 I/MyFragmentStateAdapter(13153): getCount
07-05 22:55:20.787 I/MyFragmentStateAdapter(13153): getCount
07-05 22:55:20.816 I/MyFragmentStateAdapter(13153): getCount
07-05 22:55:20.827 I/NetflixMonitorService( 1733): current fgapk : com.hisense.hicloud.edca
07-05 22:55:20.827 I/NetflixMonitorService( 1733): Netflix status unchanged
07-05 22:55:20.844 I/MyFragmentStateAdapter(13153): getCount
07-05 22:55:20.869 I/MyFragmentStateAdapter(13153): getCount
07-05 22:55:20.891 I/MyFragmentStateAdapter(13153): getCount
07-05 22:55:20.904 D/DtvSourcePlugin-DVBC(15961): Setting the EPG Updater state to: WAIT
07-05 22:55:20.923 D/MyLocalStartService(16899): currentName is :com.hisense.hicloud.edca
07-05 22:55:20.926 I/MyFragmentStateAdapter(13153): getCount
07-05 22:55:20.941 I/TVMW@HsTvSetting( 1234): Trace cmd, data = 0x1058
07-05 22:55:20.941 D/til@system( 2026): til_get_system_param option:100002F int:0, bool:0, ret:0
07-05 22:55:20.941 I/TVMW@HsTvSetting( 1234): Trace cmd, data = 0x101f
07-05 22:55:20.941 D/til@system( 2026): til_get_system_param option:100001D int:3, bool:3, ret:0
07-05 22:55:20.942 E/til     ( 2026): [til_get_current_input_source, 101] 
07-05 22:55:20.942 I/TVMW@HsTvSetting( 1234): Trace cmd, data = 0x7007
07-05 22:55:20.942 I/tilwrapper@sm( 2026): HS2TIL_SourceType *hs=0xd, *til=0x900
07-05 22:55:20.942 D/til     ( 2026): get current source 2304
07-05 22:55:20.942 D/SourceRemoteServiceHandler( 2026): getCurrentInputSource.from.til.result is 0, value is 2304
07-05 22:55:20.942 D/SourceRemoteServiceHandler( 2026): getInputSourceType source: 0x900, type=2304
07-05 22:55:20.942 D/til     ( 2026): ###### func:til_get_picture_param option:0x3000006 ######  
07-05 22:55:20.942 I/TVMW@HsTvSetting( 1234): Trace cmd, data = 0x1003
07-05 22:55:20.945 I/TVMW@HsTvSetting( 1234): Trace cmd, data = 0x8032
07-05 22:55:20.945 I/hstvos  ( 1216): [0m[1;33m[HSHAL][HS_VIDEO][HS_HAL_Video_SetOsdDetect_v2][2389]u16Threshold = 20
07-05 22:55:20.945 I/MiSysSrv( 1214): Not support now! 42, change to mm_video!!!
07-05 22:55:20.946 E/TVMW@videoctrl( 1234):  getOsd is 1
07-05 22:55:20.946 D/til@system( 2026): til_get_system_param option:1000027 int:1, bool:1, ret:0
07-05 22:55:20.946 D/til     ( 2026): ###### func:til_get_picture_param option:0x3000045 ######  
07-05 22:55:20.946 I/TVMW@HsTvSetting( 1234): Trace cmd, data = 0x300c
07-05 22:55:20.946 I/TVMW@HsTvSetting( 1234): Trace 3d, data = 0x300c
07-05 22:55:20.946 I/TVMW@3d ( 1234): Hs_debug3d_trace: func:get3dStatus, line:109
07-05 22:55:20.961 I/MyFragmentStateAdapter(13153): getCount
07-05 22:55:20.978 D/PowerManagerService( 1733): acquireWakeLockInternal: lock=113832109, flags=0x1, tag="NetworkStats", ws=null, uid=1000, pid=1733
07-05 22:55:20.978 D/PowerManagerNotifier( 1733): onWakeLockAcquired: flags=1, tag="NetworkStats", packageName=android, ownerUid=1000, ownerPid=1733, workSource=null
07-05 22:55:20.978 D/NtpTrustedTime( 1733): currentTimeMillis() cache hit
07-05 22:55:20.984 D/NtpTrustedTime( 1733): currentTimeMillis() cache hit
07-05 22:55:20.985 D/PowerManagerService( 1733): releaseWakeLockInternal: lock=113832109 [NetworkStats], flags=0x0
07-05 22:55:20.985 D/PowerManagerNotifier( 1733): onWakeLockReleased: flags=1, tag="NetworkStats", packageName=android, ownerUid=1000, ownerPid=1733, workSource=null
07-05 22:55:20.986 D/NtpTrustedTime( 1733): currentTimeMillis() cache hit
07-05 22:55:20.986 D/NtpTrustedTime( 1733): currentTimeMillis() cache hit
07-05 22:55:20.991 I/MyFragmentStateAdapter(13153): getCount
07-05 22:55:21.017 I/MyFragmentStateAdapter(13153): getCount
07-05 22:55:21.040 I/MyFragmentStateAdapter(13153): getCount
07-05 22:55:21.062 I/MyFragmentStateAdapter(13153): getCount
07-05 22:55:21.069 I/MiSysSrv( 1214): [37m[INFO] Change to Voltage: 117 mv (0x32)[m
07-05 22:55:21.076 I/HLSP2P  (16183): ## 2017-07-05 22:55:21.073 [16183,16481,:0] INFO ## [HLSP2P][DownloadManager.cpp:35][INFO][SendHeartBeatMsg]send heartbeat to punch server ok
07-05 22:55:21.084 I/MyFragmentStateAdapter(13153): getCount
07-05 22:55:21.094 I/HLSP2P  (16183): ## 2017-07-05 22:55:21.092 [16183,16483,:0] INFO ## [HLSP2P][DownloadManager.cpp:35][INFO][OnHeartbeatRsp]punch heartbeat rsp ok
07-05 22:55:21.106 I/MyFragmentStateAdapter(13153): getCount
07-05 22:55:21.125 I/MyFragmentStateAdapter(13153): getCount
07-05 22:55:21.158 I/MyFragmentStateAdapter(13153): getCount
07-05 22:55:21.169 I/MiSysSrv( 1214): [37m[INFO] Change to Voltage: 117 mv (0x32)[m
07-05 22:55:21.174 D/CommonHeader(13153): app logo :refreshTimer: isRotatetrue
07-05 22:55:21.182 I/MyFragmentStateAdapter(13153): getCount
07-05 22:55:21.205 I/MyFragmentStateAdapter(13153): getCount
07-05 22:55:21.226 I/MyFragmentStateAdapter(13153): getCount
07-05 22:55:21.244 I/MyFragmentStateAdapter(13153): getCount
07-05 22:55:21.263 I/MyFragmentStateAdapter(13153): getCount
07-05 22:55:21.270 I/MiSysSrv( 1214): [37m[INFO] Change to Voltage: 107 mv (0x28)[m
07-05 22:55:21.287 I/MyFragmentStateAdapter(13153): getCount
07-05 22:55:21.309 I/TVMW@devctrl( 1234): wdt
07-05 22:55:21.315 I/MyFragmentStateAdapter(13153): getCount
07-05 22:55:21.337 I/MyFragmentStateAdapter(13153): getCount
07-05 22:55:21.359 I/MyFragmentStateAdapter(13153): getCount
07-05 22:55:21.379 I/MiSysSrv( 1214): [37m[INFO] Change to Voltage: 102 mv (0x23)[m
07-05 22:55:21.381 I/MyFragmentStateAdapter(13153): getCount
07-05 22:55:21.412 I/MyFragmentStateAdapter(13153): getCount
07-05 22:55:21.436 I/MyFragmentStateAdapter(13153): getCount
07-05 22:55:21.447 I/TVMW@HsTvSetting( 1234): Trace cmd, data = 0x1058
07-05 22:55:21.448 D/til@system( 2026): til_get_system_param option:100002F int:0, bool:0, ret:0
07-05 22:55:21.448 I/TVMW@HsTvSetting( 1234): Trace cmd, data = 0x101f
07-05 22:55:21.448 D/til@system( 2026): til_get_system_param option:100001D int:3, bool:3, ret:0
07-05 22:55:21.448 E/til     ( 2026): [til_get_current_input_source, 101] 
07-05 22:55:21.448 I/TVMW@HsTvSetting( 1234): Trace cmd, data = 0x7007
07-05 22:55:21.449 I/tilwrapper@sm( 2026): HS2TIL_SourceType *hs=0xd, *til=0x900
07-05 22:55:21.449 D/til     ( 2026): get current source 2304
07-05 22:55:21.449 D/SourceRemoteServiceHandler( 2026): getCurrentInputSource.from.til.result is 0, value is 2304
07-05 22:55:21.449 D/SourceRemoteServiceHandler( 2026): getInputSourceType source: 0x900, type=2304
07-05 22:55:21.449 D/til     ( 2026): ###### func:til_get_picture_param option:0x3000006 ######  
07-05 22:55:21.449 I/TVMW@HsTvSetting( 1234): Trace cmd, data = 0x1003
07-05 22:55:21.449 I/TVMW@HsTvSetting( 1234): Trace cmd, data = 0x8032
07-05 22:55:21.449 I/hstvos  ( 1216): [0m[1;33m[HSHAL][HS_VIDEO][HS_HAL_Video_SetOsdDetect_v2][2389]u16Threshold = 20
07-05 22:55:21.450 I/MiSysSrv( 1214): Not support now! 42, change to mm_video!!!
07-05 22:55:21.451 E/TVMW@videoctrl( 1234):  getOsd is 1
07-05 22:55:21.451 D/til@system( 2026): til_get_system_param option:1000027 int:1, bool:1, ret:0
07-05 22:55:21.451 D/til     ( 2026): ###### func:til_get_picture_param option:0x3000045 ######  
07-05 22:55:21.452 I/TVMW@HsTvSetting( 1234): Trace cmd, data = 0x300c
07-05 22:55:21.452 I/TVMW@HsTvSetting( 1234): Trace 3d, data = 0x300c
07-05 22:55:21.452 I/TVMW@3d ( 1234): Hs_debug3d_trace: func:get3dStatus, line:109
07-05 22:55:21.471 I/MyFragmentStateAdapter(13153): getCount
07-05 22:55:21.501 I/MyFragmentStateAdapter(13153): getCount
07-05 22:55:21.522 I/MyFragmentStateAdapter(13153): getCount
07-05 22:55:21.546 I/MyFragmentStateAdapter(13153): getCount
07-05 22:55:21.572 I/MyFragmentStateAdapter(13153): getCount
07-05 22:55:21.595 I/MyFragmentStateAdapter(13153): getCount
07-05 22:55:21.619 E/btif_config( 2964): [btif_config_get] node is TRUE!
07-05 22:55:21.619 E/btif_config( 2964): [btif_config_get] ret is TRUE!
07-05 22:55:21.632 I/MyFragmentStateAdapter(13153): getCount
07-05 22:55:21.657 I/MyFragmentStateAdapter(13153): getCount
07-05 22:55:21.679 I/MyFragmentStateAdapter(13153): getCount
07-05 22:55:21.707 I/MyFragmentStateAdapter(13153): getCount
07-05 22:55:21.730 I/MyFragmentStateAdapter(13153): getCount
07-05 22:55:21.753 I/MyFragmentStateAdapter(13153): getCount
07-05 22:55:21.782 I/MyFragmentStateAdapter(13153): getCount
07-05 22:55:21.802 E/btif_config( 2964): [btif_config_get] node is TRUE!
07-05 22:55:21.802 E/btif_config( 2964): [btif_config_get] ret is TRUE!
07-05 22:55:21.810 I/MyFragmentStateAdapter(13153): getCount
07-05 22:55:21.815 D/PowerManagerService( 1733): acquireWakeLockInternal: lock=113832109, flags=0x1, tag="NetworkStats", ws=null, uid=1000, pid=1733
07-05 22:55:21.815 D/PowerManagerNotifier( 1733): onWakeLockAcquired: flags=1, tag="NetworkStats", packageName=android, ownerUid=1000, ownerPid=1733, workSource=null
07-05 22:55:21.815 D/NtpTrustedTime( 1733): currentTimeMillis() cache hit
07-05 22:55:21.821 D/NtpTrustedTime( 1733): currentTimeMillis() cache hit
07-05 22:55:21.822 D/PowerManagerService( 1733): releaseWakeLockInternal: lock=113832109 [NetworkStats], flags=0x0
07-05 22:55:21.822 D/PowerManagerNotifier( 1733): onWakeLockReleased: flags=1, tag="NetworkStats", packageName=android, ownerUid=1000, ownerPid=1733, workSource=null
07-05 22:55:21.822 D/NtpTrustedTime( 1733): currentTimeMillis() cache hit
07-05 22:55:21.822 D/NtpTrustedTime( 1733): currentTimeMillis() cache hit
07-05 22:55:21.827 I/NetflixMonitorService( 1733): current fgapk : com.hisense.hicloud.edca
07-05 22:55:21.827 I/NetflixMonitorService( 1733): Netflix status unchanged
07-05 22:55:21.843 I/MyFragmentStateAdapter(13153): getCount
07-05 22:55:21.879 I/MyFragmentStateAdapter(13153): getCount
07-05 22:55:21.904 I/MyFragmentStateAdapter(13153): getCount
07-05 22:55:21.929 I/MyFragmentStateAdapter(13153): getCount
07-05 22:55:21.951 I/MyFragmentStateAdapter(13153): getCount
07-05 22:55:21.953 I/TVMW@HsTvSetting( 1234): Trace cmd, data = 0x1058
07-05 22:55:21.953 D/til@system( 2026): til_get_system_param option:100002F int:0, bool:0, ret:0
07-05 22:55:21.953 I/TVMW@HsTvSetting( 1234): Trace cmd, data = 0x101f
07-05 22:55:21.953 D/til@system( 2026): til_get_system_param option:100001D int:3, bool:3, ret:0
07-05 22:55:21.954 E/til     ( 2026): [til_get_current_input_source, 101] 
07-05 22:55:21.954 I/TVMW@HsTvSetting( 1234): Trace cmd, data = 0x7007
07-05 22:55:21.954 I/tilwrapper@sm( 2026): HS2TIL_SourceType *hs=0xd, *til=0x900
07-05 22:55:21.954 D/til     ( 2026): get current source 2304
07-05 22:55:21.954 D/SourceRemoteServiceHandler( 2026): getCurrentInputSource.from.til.result is 0, value is 2304
07-05 22:55:21.954 D/SourceRemoteServiceHandler( 2026): getInputSourceType source: 0x900, type=2304
07-05 22:55:21.954 D/til     ( 2026): ###### func:til_get_picture_param option:0x3000006 ######  
07-05 22:55:21.954 I/TVMW@HsTvSetting( 1234): Trace cmd, data = 0x1003
07-05 22:55:21.955 I/TVMW@HsTvSetting( 1234): Trace cmd, data = 0x8032
07-05 22:55:21.955 I/hstvos  ( 1216): [0m[1;33m[HSHAL][HS_VIDEO][HS_HAL_Video_SetOsdDetect_v2][2389]u16Threshold = 20
07-05 22:55:21.955 I/MiSysSrv( 1214): Not support now! 42, change to mm_video!!!
07-05 22:55:21.955 E/TVMW@videoctrl( 1234):  getOsd is 1
07-05 22:55:21.956 D/til@system( 2026): til_get_system_param option:1000027 int:1, bool:1, ret:0
07-05 22:55:21.956 D/til     ( 2026): ###### func:til_get_picture_param option:0x3000045 ######  
07-05 22:55:21.956 I/TVMW@HsTvSetting( 1234): Trace cmd, data = 0x300c
07-05 22:55:21.956 I/TVMW@HsTvSetting( 1234): Trace 3d, data = 0x300c
07-05 22:55:21.956 I/TVMW@3d ( 1234): Hs_debug3d_trace: func:get3dStatus, line:109
07-05 22:55:21.978 I/MyFragmentStateAdapter(13153): getCount
07-05 22:55:22.000 I/MyFragmentStateAdapter(13153): getCount
07-05 22:55:22.031 I/MyFragmentStateAdapter(13153): getCount
07-05 22:55:22.056 I/MyFragmentStateAdapter(13153): getCount
07-05 22:55:22.079 I/MyFragmentStateAdapter(13153): getCount
07-05 22:55:22.100 I/MyFragmentStateAdapter(13153): getCount
07-05 22:55:22.120 I/MyFragmentStateAdapter(13153): getCount
07-05 22:55:22.141 I/MyFragmentStateAdapter(13153): getCount
07-05 22:55:22.162 I/MyFragmentStateAdapter(13153): getCount
07-05 22:55:22.184 I/MyFragmentStateAdapter(13153): getCount
07-05 22:55:22.207 I/MyFragmentStateAdapter(13153): getCount
07-05 22:55:22.209 I/TVMW@devctrl( 1234): wdt
07-05 22:55:22.229 I/MyFragmentStateAdapter(13153): getCount
07-05 22:55:22.250 I/MyFragmentStateAdapter(13153): getCount
07-05 22:55:22.269 D/PowerManagerService( 1733): acquireWakeLockInternal: lock=113832109, flags=0x1, tag="NetworkStats", ws=null, uid=1000, pid=1733
07-05 22:55:22.269 D/PowerManagerNotifier( 1733): onWakeLockAcquired: flags=1, tag="NetworkStats", packageName=android, ownerUid=1000, ownerPid=1733, workSource=null
07-05 22:55:22.270 D/NtpTrustedTime( 1733): currentTimeMillis() cache hit
07-05 22:55:22.272 I/MyFragmentStateAdapter(13153): getCount
07-05 22:55:22.279 D/NtpTrustedTime( 1733): currentTimeMillis() cache hit
07-05 22:55:22.279 D/PowerManagerService( 1733): releaseWakeLockInternal: lock=113832109 [NetworkStats], flags=0x0
07-05 22:55:22.279 D/PowerManagerNotifier( 1733): onWakeLockReleased: flags=1, tag="NetworkStats", packageName=android, ownerUid=1000, ownerPid=1733, workSource=null
07-05 22:55:22.279 D/NtpTrustedTime( 1733): currentTimeMillis() cache hit
07-05 22:55:22.280 D/NtpTrustedTime( 1733): currentTimeMillis() cache hit
07-05 22:55:22.296 I/MyFragmentStateAdapter(13153): getCount
07-05 22:55:22.320 I/MyFragmentStateAdapter(13153): getCount
07-05 22:55:22.345 I/MyFragmentStateAdapter(13153): getCount
07-05 22:55:22.370 I/MyFragmentStateAdapter(13153): getCount
07-05 22:55:22.399 I/MyFragmentStateAdapter(13153): getCount
07-05 22:55:22.422 I/MyFragmentStateAdapter(13153): getCount
07-05 22:55:22.448 I/MyFragmentStateAdapter(13153): getCount
07-05 22:55:22.457 I/TVMW@HsTvSetting( 1234): Trace cmd, data = 0x1058
07-05 22:55:22.457 D/til@system( 2026): til_get_system_param option:100002F int:0, bool:0, ret:0
07-05 22:55:22.458 I/TVMW@HsTvSetting( 1234): Trace cmd, data = 0x101f
07-05 22:55:22.459 D/til@system( 2026): til_get_system_param option:100001D int:3, bool:3, ret:0
07-05 22:55:22.460 E/til     ( 2026): [til_get_current_input_source, 101] 
07-05 22:55:22.460 I/TVMW@HsTvSetting( 1234): Trace cmd, data = 0x7007
07-05 22:55:22.460 I/tilwrapper@sm( 2026): HS2TIL_SourceType *hs=0xd, *til=0x900
07-05 22:55:22.460 D/til     ( 2026): get current source 2304
07-05 22:55:22.460 D/SourceRemoteServiceHandler( 2026): getCurrentInputSource.from.til.result is 0, value is 2304
07-05 22:55:22.461 D/SourceRemoteServiceHandler( 2026): getInputSourceType source: 0x900, type=2304
07-05 22:55:22.461 D/til     ( 2026): ###### func:til_get_picture_param option:0x3000006 ######  
07-05 22:55:22.462 I/TVMW@HsTvSetting( 1234): Trace cmd, data = 0x1003
07-05 22:55:22.462 I/TVMW@HsTvSetting( 1234): Trace cmd, data = 0x8032
07-05 22:55:22.463 I/hstvos  ( 1216): [0m[1;33m[HSHAL][HS_VIDEO][HS_HAL_Video_SetOsdDetect_v2][2389]u16Threshold = 20
07-05 22:55:22.464 I/MiSysSrv( 1214): Not support now! 42, change to mm_video!!!
07-05 22:55:22.464 E/TVMW@videoctrl( 1234):  getOsd is 1
07-05 22:55:22.464 D/til@system( 2026): til_get_system_param option:1000027 int:1, bool:1, ret:0
07-05 22:55:22.464 D/til     ( 2026): ###### func:til_get_picture_param option:0x3000045 ######  
07-05 22:55:22.465 I/TVMW@HsTvSetting( 1234): Trace cmd, data = 0x300c
07-05 22:55:22.465 I/TVMW@HsTvSetting( 1234): Trace 3d, data = 0x300c
07-05 22:55:22.465 I/TVMW@3d ( 1234): Hs_debug3d_trace: func:get3dStatus, line:109
07-05 22:55:22.474 I/MyFragmentStateAdapter(13153): getCount
07-05 22:55:22.495 I/MyFragmentStateAdapter(13153): getCount
07-05 22:55:22.517 I/MyFragmentStateAdapter(13153): getCount
07-05 22:55:22.542 I/MyFragmentStateAdapter(13153): getCount
07-05 22:55:22.564 I/MyFragmentStateAdapter(13153): getCount
07-05 22:55:22.589 I/MyFragmentStateAdapter(13153): getCount
07-05 22:55:22.612 I/MyFragmentStateAdapter(13153): getCount
07-05 22:55:22.632 I/MyFragmentStateAdapter(13153): getCount
07-05 22:55:22.653 I/MyFragmentStateAdapter(13153): getCount
07-05 22:55:22.676 I/MyFragmentStateAdapter(13153): getCount
07-05 22:55:22.697 I/MyFragmentStateAdapter(13153): getCount
07-05 22:55:22.716 D/PowerManagerService( 1733): acquireWakeLockInternal: lock=113832109, flags=0x1, tag="NetworkStats", ws=null, uid=1000, pid=1733
07-05 22:55:22.716 D/PowerManagerNotifier( 1733): onWakeLockAcquired: flags=1, tag="NetworkStats", packageName=android, ownerUid=1000, ownerPid=1733, workSource=null
07-05 22:55:22.716 D/NtpTrustedTime( 1733): currentTimeMillis() cache hit
07-05 22:55:22.722 D/NtpTrustedTime( 1733): currentTimeMillis() cache hit
07-05 22:55:22.723 D/PowerManagerService( 1733): releaseWakeLockInternal: lock=113832109 [NetworkStats], flags=0x0
07-05 22:55:22.723 D/PowerManagerNotifier( 1733): onWakeLockReleased: flags=1, tag="NetworkStats", packageName=android, ownerUid=1000, ownerPid=1733, workSource=null
07-05 22:55:22.724 D/NtpTrustedTime( 1733): currentTimeMillis() cache hit
07-05 22:55:22.724 D/NtpTrustedTime( 1733): currentTimeMillis() cache hit
07-05 22:55:22.726 I/MyFragmentStateAdapter(13153): getCount
07-05 22:55:22.751 I/MyFragmentStateAdapter(13153): getCount
07-05 22:55:22.772 I/MyFragmentStateAdapter(13153): getCount
07-05 22:55:22.794 I/MyFragmentStateAdapter(13153): getCount
07-05 22:55:22.820 I/MyFragmentStateAdapter(13153): getCount
07-05 22:55:22.828 I/NetflixMonitorService( 1733): current fgapk : com.hisense.hicloud.edca
07-05 22:55:22.828 I/NetflixMonitorService( 1733): Netflix status unchanged
07-05 22:55:22.848 I/MyFragmentStateAdapter(13153): getCount
07-05 22:55:22.870 I/MyFragmentStateAdapter(13153): getCount
07-05 22:55:22.894 I/MyFragmentStateAdapter(13153): getCount
07-05 22:55:22.900 E/btif_config( 2964): [btif_config_get] node is TRUE!
07-05 22:55:22.900 E/btif_config( 2964): [btif_config_get] ret is TRUE!
07-05 22:55:22.916 I/MyFragmentStateAdapter(13153): getCount
07-05 22:55:22.939 I/MyFragmentStateAdapter(13153): getCount
07-05 22:55:22.961 I/MyFragmentStateAdapter(13153): getCount
07-05 22:55:22.966 I/TVMW@HsTvSetting( 1234): Trace cmd, data = 0x1058
07-05 22:55:22.966 D/til@system( 2026): til_get_system_param option:100002F int:0, bool:0, ret:0
07-05 22:55:22.967 I/TVMW@HsTvSetting( 1234): Trace cmd, data = 0x101f
07-05 22:55:22.967 D/til@system( 2026): til_get_system_param option:100001D int:3, bool:3, ret:0
07-05 22:55:22.967 E/til     ( 2026): [til_get_current_input_source, 101] 
07-05 22:55:22.967 I/TVMW@HsTvSetting( 1234): Trace cmd, data = 0x7007
07-05 22:55:22.967 I/tilwrapper@sm( 2026): HS2TIL_SourceType *hs=0xd, *til=0x900
07-05 22:55:22.967 D/til     ( 2026): get current source 2304
07-05 22:55:22.967 D/SourceRemoteServiceHandler( 2026): getCurrentInputSource.from.til.result is 0, value is 2304
07-05 22:55:22.968 D/SourceRemoteServiceHandler( 2026): getInputSourceType source: 0x900, type=2304
07-05 22:55:22.968 D/til     ( 2026): ###### func:til_get_picture_param option:0x3000006 ######  
07-05 22:55:22.968 I/TVMW@HsTvSetting( 1234): Trace cmd, data = 0x1003
07-05 22:55:22.968 I/TVMW@HsTvSetting( 1234): Trace cmd, data = 0x8032
07-05 22:55:22.968 I/hstvos  ( 1216): [0m[1;33m[HSHAL][HS_VIDEO][HS_HAL_Video_SetOsdDetect_v2][2389]u16Threshold = 20
07-05 22:55:22.969 I/MiSysSrv( 1214): Not support now! 42, change to mm_video!!!
07-05 22:55:22.969 E/TVMW@videoctrl( 1234):  getOsd is 1
07-05 22:55:22.969 D/til@system( 2026): til_get_system_param option:1000027 int:1, bool:1, ret:0
07-05 22:55:22.969 D/til     ( 2026): ###### func:til_get_picture_param option:0x3000045 ######  
07-05 22:55:22.969 I/TVMW@HsTvSetting( 1234): Trace cmd, data = 0x300c
07-05 22:55:22.969 I/TVMW@HsTvSetting( 1234): Trace 3d, data = 0x300c
07-05 22:55:22.969 I/TVMW@3d ( 1234): Hs_debug3d_trace: func:get3dStatus, line:109
07-05 22:55:22.987 I/MyFragmentStateAdapter(13153): getCount
07-05 22:55:23.009 I/MyFragmentStateAdapter(13153): getCount
07-05 22:55:23.029 I/MyFragmentStateAdapter(13153): getCount
07-05 22:55:23.039 I/HLSP2P  ( 3457): ## 2017-07-05 22:55:23.031 [3457,3628,:0] INFO ## [HLSP2P][TaskManager.cpp:855][INFO][UpdateGlobalInfo]totalDataSize: 0, totalMemorySize: 0, totalCacheSize: 0, curUploadSpeedKB: 0
07-05 22:55:23.039 I/HLSP2P  ( 3457): ## 2017-07-05 22:55:23.032 [3457,3628,:0] INFO ## [HLSP2P][TaskManager.cpp:1325][INFO][TryAdjustMemorySize]system memory total size: 1912M, free size: 547MB, cache add to 30MB, AppState: 14
07-05 22:55:23.056 I/MyFragmentStateAdapter(13153): getCount
07-05 22:55:23.077 I/MyFragmentStateAdapter(13153): getCount
07-05 22:55:23.086 E/btif_config( 2964): [btif_config_get] node is TRUE!
07-05 22:55:23.086 E/btif_config( 2964): [btif_config_get] ret is TRUE!
07-05 22:55:23.100 I/MyFragmentStateAdapter(13153): getCount
07-05 22:55:23.110 I/TVMW@devctrl( 1234): wdt
07-05 22:55:23.121 I/MyFragmentStateAdapter(13153): getCount
07-05 22:55:23.142 I/MyFragmentStateAdapter(13153): getCount
07-05 22:55:23.161 I/MyFragmentStateAdapter(13153): getCount
07-05 22:55:23.181 I/MyFragmentStateAdapter(13153): getCount
07-05 22:55:23.202 I/MyFragmentStateAdapter(13153): getCount
07-05 22:55:23.221 I/MyFragmentStateAdapter(13153): getCount
07-05 22:55:23.242 I/MyFragmentStateAdapter(13153): getCount
07-05 22:55:23.262 I/MyFragmentStateAdapter(13153): getCount
07-05 22:55:23.282 I/MyFragmentStateAdapter(13153): getCount
07-05 22:55:23.309 I/MyFragmentStateAdapter(13153): getCount
07-05 22:55:23.342 I/MyFragmentStateAdapter(13153): getCount
07-05 22:55:23.355 D/PowerManagerService( 1733): acquireWakeLockInternal: lock=113832109, flags=0x1, tag="NetworkStats", ws=null, uid=1000, pid=1733
07-05 22:55:23.355 D/PowerManagerNotifier( 1733): onWakeLockAcquired: flags=1, tag="NetworkStats", packageName=android, ownerUid=1000, ownerPid=1733, workSource=null
07-05 22:55:23.355 D/NtpTrustedTime( 1733): currentTimeMillis() cache hit
07-05 22:55:23.361 D/NtpTrustedTime( 1733): currentTimeMillis() cache hit
07-05 22:55:23.362 D/PowerManagerService( 1733): releaseWakeLockInternal: lock=113832109 [NetworkStats], flags=0x0
07-05 22:55:23.362 D/PowerManagerNotifier( 1733): onWakeLockReleased: flags=1, tag="NetworkStats", packageName=android, ownerUid=1000, ownerPid=1733, workSource=null
07-05 22:55:23.365 D/NtpTrustedTime( 1733): currentTimeMillis() cache hit
07-05 22:55:23.365 D/NtpTrustedTime( 1733): currentTimeMillis() cache hit
07-05 22:55:23.365 I/MyFragmentStateAdapter(13153): getCount
07-05 22:55:23.387 I/MyFragmentStateAdapter(13153): getCount
07-05 22:55:23.409 I/MyFragmentStateAdapter(13153): getCount
07-05 22:55:23.429 I/MyFragmentStateAdapter(13153): getCount
07-05 22:55:23.451 I/MyFragmentStateAdapter(13153): getCount
07-05 22:55:23.471 I/TVMW@HsTvSetting( 1234): Trace cmd, data = 0x1058
