07-05 22:31:06.454 D/HttpHandler(32069): DNSHelper-->gslbDns=["112.65.220.40","218.58.206.58","123.128.14.209","153.35.175.121","220.202.77.124","153.35.175.120","36.33.158.222"]
07-05 22:31:06.473 I/MiSysSrv( 1214): [37m[INFO] Change to Voltage: 117 mv (0x32)[m
07-05 22:31:06.481 D/HttpHandler(32069): DNSHelper-->gslbDns=["112.65.220.40","218.58.206.58","123.128.14.209","153.35.175.121","220.202.77.124","153.35.175.120","36.33.158.222"]
07-05 22:31:06.482 I/art     (32069): Background sticky concurrent mark sweep GC freed 23198(991KB) AllocSpace objects, 0(0B) LOS objects, 1% free, 35MB/36MB, paused 11.392ms total 87.538ms
07-05 22:31:06.500 D/MSTAR_VDEC_DBG( 1206): Stream ID: 0, Rate : 24 (E:0,D:0,S:0,F:123) 
07-05 22:31:06.510 D/OkHttp  (32069): --> GET http://picture.edu.hismarttv.com/images/20170628233313068112.jpg http/1.1
07-05 22:31:06.510 D/OkHttp  (32069): Host: picture.edu.hismarttv.com
07-05 22:31:06.527 I/MyFragmentStateAdapter(32069): getCount
07-05 22:31:06.536 D/OkHttp  (32069): --> GET http://picture.edu.hismarttv.com/images/20170628233246121281.jpg http/1.1
07-05 22:31:06.557 D/OkHttp  (32069): Connection: Keep-Alive
07-05 22:31:06.557 D/OkHttp  (32069): Accept-Encoding: gzip
07-05 22:31:06.557 D/OkHttp  (32069): User-Agent: okhttp/3.6.0
07-05 22:31:06.557 D/OkHttp  (32069): --> END GET
07-05 22:31:06.536 D/OkHttp  (32069): Host: picture.edu.hismarttv.com
07-05 22:31:06.568 I/art     (32069): Background sticky concurrent mark sweep GC freed 2013(324KB) AllocSpace objects, 0(0B) LOS objects, 0% free, 35MB/36MB, paused 7.293ms total 30.768ms
07-05 22:31:06.598 D/OkHttp  (32069): Connection: Keep-Alive
07-05 22:31:06.598 D/OkHttp  (32069): Accept-Encoding: gzip
07-05 22:31:06.599 D/OkHttp  (32069): User-Agent: okhttp/3.6.0
07-05 22:31:06.599 D/OkHttp  (32069): --> END GET
07-05 22:31:06.600 D/OkHttp  (32069): <-- 200 OK http://picture.edu.hismarttv.com/images/20170628233313068112.jpg (42ms)
07-05 22:31:06.600 D/OkHttp  (32069): Date: Mon, 03 Jul 2017 06:47:00 GMT
07-05 22:31:06.600 D/OkHttp  (32069): Server: nginx
07-05 22:31:06.600 D/OkHttp  (32069): Content-Type: image/jpeg
07-05 22:31:06.608 I/MyFragmentStateAdapter(32069): getCount
07-05 22:31:06.613 D/OkHttp  (32069): Content-Length: 61038
07-05 22:31:06.613 D/OkHttp  (32069): Last-Modified: Wed, 28 Jun 2017 23:33:13 GMT
07-05 22:31:06.613 D/OkHttp  (32069): ETag: "59543cb9-ee6e"
07-05 22:31:06.613 D/OkHttp  (32069): Accept-Ranges: bytes
07-05 22:31:06.613 D/OkHttp  (32069): Age: 200646
07-05 22:31:06.613 D/OkHttp  (32069): Via: 1.1 jnwt244:1 (Cdn Cache Server V2.0)[17 200 0], 1.1 dezhou35:8 (Cdn Cache Server V2.0)[0 200 0]
07-05 22:31:06.613 D/OkHttp  (32069): Connection: keep-alive
07-05 22:31:06.613 D/OkHttp  (32069): <-- END HTTP
07-05 22:31:06.617 D/OkHttp  (32069): <-- 200 OK http://picture.edu.hismarttv.com/images/20170628233246121281.jpg (18ms)
07-05 22:31:06.617 D/OkHttp  (32069): Date: Mon, 03 Jul 2017 06:47:00 GMT
07-05 22:31:06.617 D/OkHttp  (32069): Server: nginx
07-05 22:31:06.617 D/OkHttp  (32069): Content-Type: image/jpeg
07-05 22:31:06.617 D/OkHttp  (32069): Content-Length: 50603
07-05 22:31:06.617 D/OkHttp  (32069): Last-Modified: Wed, 28 Jun 2017 23:32:46 GMT
07-05 22:31:06.617 D/OkHttp  (32069): ETag: "59543c9e-c5ab"
07-05 22:31:06.617 D/OkHttp  (32069): Accept-Ranges: bytes
07-05 22:31:06.617 D/OkHttp  (32069): Age: 200646
07-05 22:31:06.617 D/OkHttp  (32069): Via: 1.1 zhiwtong176:0 (Cdn Cache Server V2.0)[71 200 0], 1.1 dezhou35:2 (Cdn Cache Server V2.0)[0 200 0]
07-05 22:31:06.617 D/OkHttp  (32069): Connection: keep-alive
07-05 22:31:06.617 D/OkHttp  (32069): <-- END HTTP
07-05 22:31:06.620 D/HttpHandler(32069): RetryIntercepter-->retryNum=0
07-05 22:31:06.620 D/HttpHandler(32069): RetryIntercepter-->backoffmutiplier=0
07-05 22:31:06.644 D/HttpHandler(32069): RetryIntercepter-->retryNum=0
07-05 22:31:06.644 D/HttpHandler(32069): RetryIntercepter-->backoffmutiplier=0
07-05 22:31:06.648 D/Carousel-CarouselVideoViewImpl(32069): stopPlay.
07-05 22:31:06.649 V/MediaPlayer-JNI(32069): isPlaying: 1
07-05 22:31:06.649 D/Carousel-UrlVideoView(32069): isInPlaybackState=true
07-05 22:31:06.649 D/Carousel-UrlVideoView(32069): mCurrentState=3
07-05 22:31:06.649 V/MediaPlayer-JNI(32069): getCurrentPosition: 4441 (msec)
07-05 22:31:06.649 D/Carousel-CarouselVideoViewImpl(32069): position=4441
07-05 22:31:06.651 V/MediaPlayer-JNI(32069): stop
07-05 22:31:06.651 D/NuPlayerDriver( 1206): stop(0xd7843460)   mState:5
07-05 22:31:06.651 V/MediaPlayer-JNI(32069): release
07-05 22:31:06.652 D/NuPlayerDriver( 1206): reset(0xd7843460)  mState:8
07-05 22:31:06.652 V/NuPlayer( 1206): NuPlayer::resetAsync ---- Enter ...
07-05 22:31:06.652 D/MediaHTTPConnection(32069): teardownConnection
07-05 22:31:06.653 W/FFmpegExtractor( 1206): rv_read_frame ret: [-1011]
07-05 22:31:06.655 W/MediaHTTPConnection(32069): readAt 14947136 / 32768 => -1004, java.io.IOException: BufferedInputStream is closed
07-05 22:31:06.657 W/MediaHTTPConnection(32069): teardownConnection catch android.os.NetworkOnMainThreadException
07-05 22:31:06.657 V/NuPlayer( 1206): kWhatReset  mCanReset:1
07-05 22:31:06.657 V/NuPlayer( 1206): performDecoderFlush audio=2, video=2
07-05 22:31:06.657 V/NuPlayer( 1206): [audio] flushDecoder needShutdown=1
07-05 22:31:06.657 V/NuPlayer( 1206): [video] flushDecoder needShutdown=1
07-05 22:31:06.658 V/NuPlayer( 1206): postponing action mFlushingAudio=2, mFlushingVideo=2
07-05 22:31:06.658 V/NuPlayer( 1206): renderer video flush completed.
07-05 22:31:06.658 V/NuPlayer( 1206): renderer audio flush completed.
07-05 22:31:06.660 D/MediaHTTPConnection(32069): hitting IOException null
07-05 22:31:06.660 W/MediaHTTP( 1206): hitting MediaHTTP readAt n < 0 numBytesRead= 4928
07-05 22:31:06.660 I/NuCachedSource2( 1206): caching reached eos.
07-05 22:31:06.661 I/MS_OMX_BASEPORT( 1206): [OMX.MS.AVC.Decoder]MS_OMX_FlushPort: 0
07-05 22:31:06.662 D/MSTAR_VDEC_API( 1206): [0] Flush: Begin (0)
07-05 22:31:06.662 V/NuPlayer( 1206): decoder audio flush completed
07-05 22:31:06.662 V/NuPlayer( 1206): initiating audio decoder shutdown
07-05 22:31:06.662 D/NuPlayer( 1206): rrrr audio decoder executing, canreset set true
07-05 22:31:06.664 D/MSTAR_VDEC_API( 1206): [0] Flush: OK
07-05 22:31:06.665 I/MS_OMX_BASEPORT( 1206): [OMX.MS.AVC.Decoder]MS_OMX_FlushPort: 1
07-05 22:31:06.665 D/MediaCodec( 1206): MediaCodec::~MediaCodec ---- Enter  mState:0
07-05 22:31:06.665 V/NuPlayer( 1206): audio shutdown completed
07-05 22:31:06.666 V/NuPlayer( 1206): decoder video flush completed
07-05 22:31:06.666 V/NuPlayer( 1206): initiating video decoder shutdown
07-05 22:31:06.666 I/TVMW@devctrl( 1234): wdt
07-05 22:31:06.666 I/MS_OMX_BASEPORT( 1206): [OMX.MS.AVC.Decoder]MS_OMX_FlushPort: 0
07-05 22:31:06.666 D/MSTAR_VDEC_API( 1206): [0] Flush: Begin (0)
07-05 22:31:06.667 D/MSTAR_VDEC_API( 1206): [0] Flush: OK
07-05 22:31:06.668 I/MS_OMX_BASEPORT( 1206): [OMX.MS.AVC.Decoder]MS_OMX_FlushPort: 1
07-05 22:31:06.668 I/MS_OMX_VDEC( 1206): [OMX.MS.AVC.Decoder]MS_OMX_OutputBufferProcess: in pause state , waiting for resume...
07-05 22:31:06.668 I/MS_OMX_VDEC( 1206): [OMX.MS.AVC.Decoder]MS_OMX_OutputBufferProcess: ...resumed
07-05 22:31:06.668 D/MS_OMX_VDEC( 1206): Free pBuffer[0]: 0xbb003000
07-05 22:31:06.668 D/MSTAR_VDEC_API( 1206): [0] Flush: Begin (0)
07-05 22:31:06.668 D/MS_OMX_VDEC( 1206): Free pBuffer[0]: 0xf1818000
07-05 22:31:06.669 D/MS_OMX_VDEC( 1206): Free pBuffer[0]: 0xd7403000
07-05 22:31:06.669 D/MS_OMX_VDEC( 1206): Free pBuffer[0]: 0xb9c03000
07-05 22:31:06.669 D/MS_OMX_VDEC( 1206): Free pBuffer[0]: 0xba8fc000
07-05 22:31:06.669 D/MSTAR_VDEC_API( 1206): [0] Flush: OK
07-05 22:31:06.675 I/TVMW@HsTvSetting( 1234): Trace cmd, data = 0x1058
07-05 22:31:06.675 D/til@system( 2026): til_get_system_param option:100002F int:0, bool:0, ret:0
07-05 22:31:06.676 I/TVMW@HsTvSetting( 1234): Trace cmd, data = 0x101f
07-05 22:31:06.676 D/til@system( 2026): til_get_system_param option:100001D int:3, bool:3, ret:0
07-05 22:31:06.676 E/til     ( 2026): [til_get_current_input_source, 101] 
07-05 22:31:06.676 I/TVMW@HsTvSetting( 1234): Trace cmd, data = 0x7007
07-05 22:31:06.676 I/tilwrapper@sm( 2026): HS2TIL_SourceType *hs=0xd, *til=0x900
07-05 22:31:06.676 D/til     ( 2026): get current source 2304
07-05 22:31:06.676 D/SourceRemoteServiceHandler( 2026): getCurrentInputSource.from.til.result is 0, value is 2304
07-05 22:31:06.676 D/SourceRemoteServiceHandler( 2026): getInputSourceType source: 0x900, type=2304
07-05 22:31:06.676 D/til     ( 2026): ###### func:til_get_picture_param option:0x3000006 ######  
07-05 22:31:06.676 I/TVMW@HsTvSetting( 1234): Trace cmd, data = 0x1003
07-05 22:31:06.677 I/TVMW@HsTvSetting( 1234): Trace cmd, data = 0x8032
07-05 22:31:06.678 D/gralloc ( 1204): allocate buffer from ION HEAP 0x1
07-05 22:31:06.678 D/gralloc ( 1204): allocate memory from system heap
07-05 22:31:06.679 D/gralloc ( 1204): allocate buffer from ION HEAP 0x1
07-05 22:31:06.679 D/gralloc ( 1204): allocate memory from system heap
07-05 22:31:06.681 E/TVMW@videoctrl( 1234):  getOsd is 1
07-05 22:31:06.681 D/til@system( 2026): til_get_system_param option:1000027 int:1, bool:1, ret:0
07-05 22:31:06.681 D/til     ( 2026): ###### func:til_get_picture_param option:0x3000045 ######  
07-05 22:31:06.681 E/audio_hw_primary( 1206): out_get_latency ret 10ms
07-05 22:31:06.681 I/hstvos  ( 1216): [0m[1;33m[HSHAL][HS_VIDEO][HS_HAL_Video_SetOsdDetect_v2][2389]u16Threshold = 20
07-05 22:31:06.682 I/TVMW@HsTvSetting( 1234): Trace cmd, data = 0x300c
07-05 22:31:06.682 I/TVMW@HsTvSetting( 1234): Trace 3d, data = 0x300c
07-05 22:31:06.682 I/TVMW@3d ( 1234): Hs_debug3d_trace: func:get3dStatus, line:109
07-05 22:31:06.687 D/HttpHandler(32069): VerifySignInterCeptor-->request.url()=http://picture.edu.hismarttv.com/images/20170630060938851994.jpg
07-05 22:31:06.687 D/HttpHandler(32069): VerifySignInterCeptor-->hostname=picture.edu.hismarttv.com
07-05 22:31:06.691 D/OkHttp  (32069): --> GET http://picture.edu.hismarttv.com/images/20170630060938851994.jpg http/1.1
07-05 22:31:06.691 D/OkHttp  (32069): Host: picture.edu.hismarttv.com
07-05 22:31:06.692 E/audio_hw_primary( 1206): out_get_latency ret 10ms
07-05 22:31:06.692 E/audio_hw_primary( 1206): out_get_latency ret 10ms
07-05 22:31:06.693 D/PowerManagerService( 1733): updateWakeLockWorkSourceInternal: lock=160796744 [AudioMix], ws=null
07-05 22:31:06.693 D/PowerManagerNotifier( 1733): onWakeLockReleased: flags=1, tag="AudioMix", packageName=media, ownerUid=1013, ownerPid=0, workSource=WorkSource{10010}
07-05 22:31:06.693 D/hwcomposer( 1204): Overlay[0], bInUsed = 0, bIsForceClose = 0
07-05 22:31:06.693 D/PowerManagerNotifier( 1733): onWakeLockAcquired: flags=1, tag="AudioMix", packageName=media, ownerUid=1013, ownerPid=0, workSource=null
07-05 22:31:06.693 D/vsyncbridge( 1204): [0] handle_thread thread got msg 0x1, mState = 3
07-05 22:31:06.693 D/vsyncbridge( 1204): Overlay 0 state change from 3 to 0
07-05 22:31:06.693 D/vsyncbridge( 1204): Remove Overlay 0
07-05 22:31:06.693 I/SurfaceFlinger( 1204): the layer SurfaceView is used to close xc and zorder is smallerest! clear region
07-05 22:31:06.694 D/OkHttp  (32069): Connection: Keep-Alive
07-05 22:31:06.695 D/OkHttp  (32069): Accept-Encoding: gzip
07-05 22:31:06.695 D/OkHttp  (32069): User-Agent: okhttp/3.6.0
07-05 22:31:06.695 D/OkHttp  (32069): --> END GET
07-05 22:31:06.703 V/AudioPolicyManager( 1206): stopOutput() output 2, stream 3, session 501
07-05 22:31:06.703 V/AudioPolicyManager( 1206): setBeaconMute(1) mBeaconMuteRefCount=0 mBeaconPlayingRefCount=0
07-05 22:31:06.703 V/AudioPolicyManager( 1206): changeRefCount() stream 3, count 0
07-05 22:31:06.703 V/AudioPolicyManager( 1206): getNewOutputDevice() selected device 0
07-05 22:31:06.703 V/AudioPolicyManager( 1206): setOutputDevice() output 2 device 0000 delayMs 20
07-05 22:31:06.703 V/AudioPolicyManager( 1206): setOutputDevice() prevDevice 0002
07-05 22:31:06.703 V/AudioPolicyManager( 1206): DeviceVector::getDevice() for type 00008000 address 0 found 0x0
07-05 22:31:06.703 V/AudioPolicyManager( 1206): DeviceVector::getDevice() for type 00008000 address 0 found 0x0
07-05 22:31:06.703 V/AudioPolicyManager( 1206): DeviceVector::getDevice() for type 00008000 address 0 found 0x0
07-05 22:31:06.703 V/AudioPolicyManager( 1206): DeviceVector::getDevice() for type 00008000 address 0 found 0x0
07-05 22:31:06.703 V/AudioPolicyManager( 1206): DeviceVector::getDevice() for type 00008000 address 0 found 0x0
07-05 22:31:06.703 V/AudioPolicyManager( 1206): DeviceVector::getDevice() for type 00008000 address 0 found 0x0
07-05 22:31:06.703 V/AudioPolicyManager( 1206): DeviceVector::getDevice() for type 00008000 address 0 found 0x0
07-05 22:31:06.703 V/AudioPolicyManager( 1206): setOutputDevice() setting same device 0000 or null device for output 2
07-05 22:31:06.703 V/AudioPolicyManager( 1206): DeviceVector::getDevice() for type 00008000 address 0 found 0x0
07-05 22:31:06.703 V/AudioPolicyManager( 1206): DeviceVector::getDevice() for type 00008000 address 0 found 0x0
07-05 22:31:06.703 V/AudioPolicyManager( 1206): DeviceVector::getDevice() for type 00008000 address 0 found 0x0
07-05 22:31:06.703 V/AudioPolicyManager( 1206): DeviceVector::getDevice() for type 00008000 address 0 found 0x0
07-05 22:31:06.703 V/AudioPolicyManager( 1206): DeviceVector::getDevice() for type 00008000 address 0 found 0x0
07-05 22:31:06.704 V/AudioPolicyManager( 1206): DeviceVector::getDevice() for type 00008000 address 0 found 0x0
07-05 22:31:06.704 V/AudioPolicyManager( 1206): DeviceVector::getDevice() for type 00008000 address 0 found 0x0
07-05 22:31:06.704 V/AudioPolicyManager( 1206): DeviceVector::getDevice() for type 00008000 address 0 found 0x0
07-05 22:31:06.709 D/        ( 1206): [VDEC][0]MApi_CMA_Pool_PutMem0 in vdec: cmaFreeParam.pool_handle_id=13, cmaFreeParam.offset_in_pool=1000000, cmaFreeParam.length=8200000
07-05 22:31:06.709 I/MSTAR_VDEC_API( 1206): stored streamId: 0:4040
07-05 22:31:06.709 I/MSTAR_VDEC_API( 1206): remove StreamId: 0x4040
07-05 22:31:06.710 D/OkHttp  (32069): <-- 200 OK http://picture.edu.hismarttv.com/images/20170630060938851994.jpg (15ms)
07-05 22:31:06.710 D/OkHttp  (32069): Date: Mon, 03 Jul 2017 03:17:37 GMT
07-05 22:31:06.710 D/OkHttp  (32069): Server: nginx
07-05 22:31:06.710 D/OkHttp  (32069): Content-Type: image/jpeg
07-05 22:31:06.710 D/OkHttp  (32069): Content-Length: 84036
07-05 22:31:06.710 D/OkHttp  (32069): Last-Modified: Fri, 30 Jun 2017 06:09:38 GMT
07-05 22:31:06.710 D/OkHttp  (32069): ETag: "5955eb22-14844"
07-05 22:31:06.710 D/OkHttp  (32069): Accept-Ranges: bytes
07-05 22:31:06.710 D/OkHttp  (32069): Age: 213209
07-05 22:31:06.710 D/OkHttp  (32069): Via: 1.1 pingwangtong50:6 (Cdn Cache Server V2.0)[21 200 0], 1.1 dezhou37:3 (Cdn Cache Server V2.0)[0 200 0]
07-05 22:31:06.710 D/OkHttp  (32069): Connection: keep-alive
07-05 22:31:06.710 D/OkHttp  (32069): <-- END HTTP
07-05 22:31:06.710 D/MSTAR_VDEC_API( 1206): [0] MsVdecClose OK
07-05 22:31:06.710 I/MiSysSrv( 1214): [leon.luo]EnableVideoMute = 1,enColor = 5
07-05 22:31:06.713 D/HttpHandler(32069): RetryIntercepter-->retryNum=0
07-05 22:31:06.713 D/HttpHandler(32069): RetryIntercepter-->backoffmutiplier=0
07-05 22:31:06.715 D/MediaCodec( 1206): MediaCodec::~MediaCodec ---- Enter  mState:0
07-05 22:31:06.715 V/NuPlayer( 1206): video shutdown completed
07-05 22:31:06.716 V/NuPlayer( 1206): both audio and video are flushed now.
07-05 22:31:06.716 V/NuPlayer( 1206): performReset start pthread_id:f40a2e80
07-05 22:31:06.716 V/RMClient( 1206): #311:RMClient::returnAllResourcesAsync
07-05 22:31:06.716 V/RMClient( 1206): #311:onMessageReceived cret
07-05 22:31:06.716 V/RMClient( 1206): #311:kWhatCmdReturnAllResources
07-05 22:31:06.717 V/RMClient( 1206): #311:Done
07-05 22:31:06.718 V/RMAllocator( 1198): Deallocating resources for #311
07-05 22:31:06.718 V/RMAllocator( 1198): ~ClientInfo
07-05 22:31:06.718 I/RMAllocator( 1198): ~ClientInfo this=2382671936,mRMClient=2382853568. id=311
07-05 22:31:06.718 W/RMAllocator( 1198): returnAllResourcesFor: not registered, nothing to do
07-05 22:31:06.718 V/RMClient( 1206): #311:handleEvent lret
07-05 22:31:06.718 V/RMClient( 1206): #311:onMessageReceived lret
07-05 22:31:06.718 V/RMClient( 1206): #311:kWhatAllResourcesReturned
07-05 22:31:06.719 I/NuPlayer( 1206): NuPlayerRMClientListener::handleAllResourcesReturned
07-05 22:31:06.719 V/NuPlayer( 1206): [handleAllResourcesReturned-3223]
07-05 22:31:06.719 V/RMClient( 1206): #311:Done
07-05 22:31:06.719 I/GenericSource( 1206): stop
07-05 22:31:06.723 D/hwcomposer( 1204): lastVideoPlanes is dirty
07-05 22:31:06.723 I/SurfaceFlinger( 1204): the layer SurfaceView is used to close xc and zorder is smallerest! clear region
07-05 22:31:06.729 D/HttpHandler(32069): VerifySignInterCeptor-->request.url()=http://picture.edu.hismarttv.com/images/
07-05 22:31:06.729 D/HttpHandler(32069): VerifySignInterCeptor-->hostname=picture.edu.hismarttv.com
07-05 22:31:06.733 D/OkHttp  (32069): --> GET http://picture.edu.hismarttv.com/images/ http/1.1
07-05 22:31:06.734 D/OkHttp  (32069): Host: picture.edu.hismarttv.com
07-05 22:31:06.734 D/OkHttp  (32069): Connection: Keep-Alive
07-05 22:31:06.734 D/OkHttp  (32069): Accept-Encoding: gzip
07-05 22:31:06.734 D/OkHttp  (32069): User-Agent: okhttp/3.6.0
07-05 22:31:06.735 D/OkHttp  (32069): --> END GET
07-05 22:31:06.743 I/MiSysSrv( 1214): Not support now! 42, change to mm_video!!!
07-05 22:31:06.743 I/MiSysSrv( 1214): [XC,SetWindow][MApi_XC_SetDynamicScaling_U2,  342] It's dynamic scaling case(0,0,0)
07-05 22:31:06.743 I/MiSysSrv( 1214): [XC,SetWindow][MHAL_SC_Set_DynamicScaling,  522] [MHAL_SC_Set_DynamicScaling,  522] [DS] u8MIU_Select:0  
07-05 22:31:06.743 I/MiSysSrv( 1214): [XC,SetWindow][MHAL_SC_Set_DynamicScaling,  523] [MHAL_SC_Set_DynamicScaling,  523] [DS] bOP_On:0  bIPS_On:0 bIPM_On:0  
07-05 22:31:06.746 D/HttpHandler(32069): VerifySignInterCeptor-->request.url()=http://picture.edu.hismarttv.com/images/20170630060711088714.jpg
07-05 22:31:06.746 D/HttpHandler(32069): VerifySignInterCeptor-->hostname=picture.edu.hismarttv.com
07-05 22:31:06.750 D/OkHttp  (32069): --> GET http://picture.edu.hismarttv.com/images/20170630060711088714.jpg http/1.1
07-05 22:31:06.750 D/OkHttp  (32069): Host: picture.edu.hismarttv.com
07-05 22:31:06.750 D/OkHttp  (32069): Connection: Keep-Alive
07-05 22:31:06.750 D/OkHttp  (32069): Accept-Encoding: gzip
07-05 22:31:06.750 D/OkHttp  (32069): User-Agent: okhttp/3.6.0
07-05 22:31:06.750 D/OkHttp  (32069): --> END GET
07-05 22:31:06.753 I/FFmpegExtractor( 1206): reader thread goto end...
07-05 22:31:06.753 I/FFmpegExtractor( 1206): stream_component_close ---- streamIndex: 0
07-05 22:31:06.758 I/MiSysSrv( 1214): [XC,SetWindow][MHAL_SC_Set_DynamicScaling,  557] [MHAL_SC_Set_DynamicScaling,  557] [DS] u32DynamicScalingBaseAddr:0  u8DynamicScalingIndexDepth:0 u32DynamicScalingBufSize:0   
07-05 22:31:06.764 I/FFmpegExtractor( 1206): stream_component_close ---- streamIndex: 1
07-05 22:31:06.766 I/art     (32069): Background partial concurrent mark sweep GC freed 3486(485KB) AllocSpace objects, 2(135KB) LOS objects, 9% free, 36MB/40MB, paused 5.523ms total 82.334ms
07-05 22:31:06.769 D/NativeDecimalFormat(32069): NativeDecimalFormat_close print addr=3997588224
07-05 22:31:06.769 D/NativeDecimalFormat(32069): NativeDecimalFormat_close print g_addr=3997588992
07-05 22:31:06.769 D/NativeDecimalFormat(32069): NativeDecimalFormat_close print addr=3997588992
07-05 22:31:06.769 D/NativeDecimalFormat(32069): NativeDecimalFormat_close print g_addr=3997588992
07-05 22:31:06.770 D/HttpHandler(32069): VerifySignInterCeptor-->request.url()=http://picture.edu.hismarttv.com/images/20170629/%E6%B3%A1%E6%B3%A1%E8%8B%B1%E8%AF%AD.jpg
07-05 22:31:06.770 D/HttpHandler(32069): VerifySignInterCeptor-->hostname=picture.edu.hismarttv.com
07-05 22:31:06.770 I/FFmpegExtractor( 1206): stream_component_close ---- streamIndex: -1
07-05 22:31:06.771 D/OkHttp  (32069): --> GET http://picture.edu.hismarttv.com/images/20170629/%E6%B3%A1%E6%B3%A1%E8%8B%B1%E8%AF%AD.jpg http/1.1
07-05 22:31:06.771 D/OkHttp  (32069): Host: picture.edu.hismarttv.com
07-05 22:31:06.771 D/OkHttp  (32069): Connection: Keep-Alive
07-05 22:31:06.771 D/OkHttp  (32069): Accept-Encoding: gzip
07-05 22:31:06.771 D/OkHttp  (32069): User-Agent: okhttp/3.6.0
07-05 22:31:06.771 D/OkHttp  (32069): --> END GET
07-05 22:31:06.771 I/FFMPEG  ( 1206): [AVIOContext @ 0xb8bfe7a0] Statistics: 14749415 bytes read, 1 seeks
07-05 22:31:06.775 D/FFmpegExtractor( 1206): Reader thread stopped
07-05 22:31:06.775 D/FFmpegExtractor( 1206): Reader thread have been stopped
07-05 22:31:06.781 D/OkHttp  (32069): <-- 200 OK http://picture.edu.hismarttv.com/images/20170630060711088714.jpg (30ms)
07-05 22:31:06.781 D/OkHttp  (32069): Date: Mon, 03 Jul 2017 06:47:00 GMT
07-05 22:31:06.781 D/OkHttp  (32069): Server: nginx
07-05 22:31:06.781 D/OkHttp  (32069): Content-Type: image/jpeg
07-05 22:31:06.781 D/OkHttp  (32069): Content-Length: 150566
07-05 22:31:06.781 D/OkHttp  (32069): Last-Modified: Fri, 30 Jun 2017 06:07:11 GMT
07-05 22:31:06.781 D/OkHttp  (32069): ETag: "5955ea8f-24c26"
07-05 22:31:06.781 D/OkHttp  (32069): Accept-Ranges: bytes
07-05 22:31:06.781 D/OkHttp  (32069): Age: 200646
07-05 22:31:06.781 D/OkHttp  (32069): Via: 1.1 jn239:0 (Cdn Cache Server V2.0)[45 200 0], 1.1 dezhou35:0 (Cdn Cache Server V2.0)[0 200 0]
07-05 22:31:06.781 D/OkHttp  (32069): Connection: keep-alive
07-05 22:31:06.781 D/OkHttp  (32069): <-- END HTTP
07-05 22:31:06.783 D/NuPlayerDriver( 1206): notifyResetComplete(0xd7843460) mState:7
07-05 22:31:06.783 V/NuPlayer( 1206): performReset end pthread_id:f40a2e80
07-05 22:31:06.783 V/NuPlayer( 1206): +++Reset end,not response msg
07-05 22:31:06.783 D/HttpHandler(32069): RetryIntercepter-->retryNum=0
07-05 22:31:06.783 D/HttpHandler(32069): RetryIntercepter-->backoffmutiplier=0
07-05 22:31:06.784 D/OkHttp  (32069): <-- 200 OK http://picture.edu.hismarttv.com/images/20170629/%E6%B3%A1%E6%B3%A1%E8%8B%B1%E8%AF%AD.jpg (13ms)
07-05 22:31:06.784 D/OkHttp  (32069): Date: Mon, 03 Jul 2017 08:55:20 GMT
07-05 22:31:06.784 D/OkHttp  (32069): Server: nginx
07-05 22:31:06.784 D/OkHttp  (32069): Content-Type: image/jpeg
07-05 22:31:06.784 D/OkHttp  (32069): Content-Length: 121122
07-05 22:31:06.784 D/OkHttp  (32069): Last-Modified: Fri, 09 Jun 2017 14:51:42 GMT
07-05 22:31:06.784 D/OkHttp  (32069): ETag: "593ab5fe-1d922"
07-05 22:31:06.784 D/OkHttp  (32069): Accept-Ranges: bytes
07-05 22:31:06.784 D/OkHttp  (32069): Age: 192946
07-05 22:31:06.784 D/OkHttp  (32069): Via: 1.1 pingwangtong47:0 (Cdn Cache Server V2.0)[24 200 0], 1.1 dzhwt36:1 (Cdn Cache Server V2.0)[0 200 0]
07-05 22:31:06.784 D/OkHttp  (32069): Connection: keep-alive
07-05 22:31:06.785 D/OkHttp  (32069): <-- END HTTP
07-05 22:31:06.788 D/HttpHandler(32069): RetryIntercepter-->retryNum=0
07-05 22:31:06.789 D/HttpHandler(32069): RetryIntercepter-->backoffmutiplier=0
07-05 22:31:06.789 I/MiSysSrv( 1214): Obtain XC engine fail
07-05 22:31:06.789 D/vsyncbridge( 1204): void Wrapper_disconnect(int) @ line: 776: Enter Stop ds.
07-05 22:31:06.789 D/vsyncbridge( 1204): [0] is to deinit
07-05 22:31:06.790 I/MiSysSrv( 1214): [mapi_video_base@Line 1385] Finalize:1385 Video Finalize : Win[0], Source[34]
07-05 22:31:06.790 I/MiSysSrv( 1214): [XC,LPLL][MDrv_XC_SetFreeRunTiming, 4950] SetFreeRunTiming: Disable FPLL and Clear FSM to Idle state
07-05 22:31:06.790 I/MiSysSrv( 1214): [XC,LPLL][MDrv_SC_set_fpll,  976] MDrv_SC_set_fpll(0,0)
07-05 22:31:06.790 I/MiSysSrv( 1214): [XC,LPLL][MDrv_SC_set_fpll,  977] u32OrigLPLL = 1745d1
07-05 22:31:06.790 I/MiSysSrv( 1214): [XC,LPLL][MDrv_SC_set_fpll, 1002] u32OrigLPLL = 1745d1, L_BK_LPLL(0x0F) = 1745d1
07-05 22:31:06.790 I/MiSysSrv( 1214): [XC,LPLL][_MApi_XC_FPLL_EnableLcokFreqOnly, 3150] [_MApi_XC_FPLL_EnableLcokFreqOnly][3150]feature is 0
07-05 22:31:06.791 D/HttpHandler(32069): VerifySignInterCeptor-->request.url()=http://picture.edu.hismarttv.com/images/20170629/20161111081033896636.jpg
07-05 22:31:06.791 D/HttpHandler(32069): VerifySignInterCeptor-->hostname=picture.edu.hismarttv.com
07-05 22:31:06.791 D/OkHttp  (32069): --> GET http://picture.edu.hismarttv.com/images/20170629/20161111081033896636.jpg http/1.1
07-05 22:31:06.791 D/OkHttp  (32069): Host: picture.edu.hismarttv.com
07-05 22:31:06.791 D/OkHttp  (32069): Connection: Keep-Alive
07-05 22:31:06.791 D/OkHttp  (32069): Accept-Encoding: gzip
07-05 22:31:06.791 D/OkHttp  (32069): User-Agent: okhttp/3.6.0
07-05 22:31:06.791 D/OkHttp  (32069): --> END GET
07-05 22:31:06.803 D/OkHttp  (32069): <-- 200 OK http://picture.edu.hismarttv.com/images/20170629/20161111081033896636.jpg (11ms)
07-05 22:31:06.803 D/OkHttp  (32069): Date: Mon, 03 Jul 2017 03:17:35 GMT
07-05 22:31:06.803 D/OkHttp  (32069): Server: nginx
07-05 22:31:06.803 D/OkHttp  (32069): Content-Type: image/jpeg
07-05 22:31:06.803 D/OkHttp  (32069): Content-Length: 94994
07-05 22:31:06.803 D/OkHttp  (32069): Last-Modified: Fri, 09 Jun 2017 14:48:34 GMT
07-05 22:31:06.803 D/OkHttp  (32069): ETag: "593ab542-17312"
07-05 22:31:06.803 D/OkHttp  (32069): Accept-Ranges: bytes
07-05 22:31:06.803 D/OkHttp  (32069): Age: 213211
07-05 22:31:06.803 D/OkHttp  (32069): Via: 1.1 shzh54:2 (Cdn Cache Server V2.0)[0 200 0], 1.1 dezhou37:1 (Cdn Cache Server V2.0)[0 200 0]
07-05 22:31:06.803 D/OkHttp  (32069): Connection: keep-alive
07-05 22:31:06.803 D/OkHttp  (32069): <-- END HTTP
07-05 22:31:06.805 D/HttpHandler(32069): RetryIntercepter-->retryNum=0
07-05 22:31:06.805 D/HttpHandler(32069): RetryIntercepter-->backoffmutiplier=0
07-05 22:31:06.823 I/MiSysSrv( 1214): Unknow Input Type 
07-05 22:31:06.825 D/vsyncbridge( 1204): hVdecHandle[enWin] = 32578338
07-05 22:31:06.825 I/MiVideoService( 1465): impl handle 0x86001b22 closed!
07-05 22:31:06.825 D/vsyncbridge( 1204): all deinit!!!
07-05 22:31:06.826 E/MiDispoutService( 1465): MiDispoutClose, 352, RES Handle = 11010048 
07-05 22:31:06.837 V/RMClient( 1204): #166:RMClient::returnAllResourcesAsync
07-05 22:31:06.838 V/RMClient( 1204): #166:onMessageReceived cret
07-05 22:31:06.838 V/RMClient( 1204): #166:kWhatCmdReturnAllResources
07-05 22:31:06.838 V/RMClient( 1204): #166:Done
07-05 22:31:06.838 V/RMAllocator( 1198): Deallocating resources for #166
07-05 22:31:06.838 V/RMAllocator( 1198): ~ClientInfo
07-05 22:31:06.838 I/RMAllocator( 1198): ~ClientInfo this=2382671840,mRMClient=2378240128. id=166
07-05 22:31:06.838 W/RMAllocator( 1198): returnAllResourcesFor: not registered, nothing to do
07-05 22:31:06.839 V/RMClient( 1204): #166:handleEvent lret
07-05 22:31:06.839 V/RMClient( 1204): #166:onMessageReceived lret
07-05 22:31:06.839 V/RMClient( 1204): #166:kWhatAllResourcesReturned
07-05 22:31:06.839 D/vsyncbridge( 1204): handleAllResourcesReturned mOverlayID=0
07-05 22:31:06.839 V/RMClient( 1204): #166:Done
07-05 22:31:06.840 D/OkHttp  (32069): <-- 403 Forbidden http://picture.edu.hismarttv.com/images/ (104ms)
07-05 22:31:06.840 D/OkHttp  (32069): Date: Wed, 05 Jul 2017 14:31:06 GMT
07-05 22:31:06.840 D/OkHttp  (32069): Server: nginx
07-05 22:31:06.840 D/OkHttp  (32069): Content-Type: text/html; charset=UTF-8
07-05 22:31:06.840 D/OkHttp  (32069): Content-Length: 162
07-05 22:31:06.840 D/OkHttp  (32069): Via: 1.1 shuozhou56:0 (Cdn Cache Server V2.0)[37 403 2], 1.1 dzhwt36:1 (Cdn Cache Server V2.0)[92 403 2]
07-05 22:31:06.840 D/OkHttp  (32069): Connection: close
07-05 22:31:06.840 D/OkHttp  (32069): <-- END HTTP
07-05 22:31:06.840 D/HttpHandler(32069): RetryIntercepter-->retryNum=0
07-05 22:31:06.840 D/HttpHandler(32069): RetryIntercepter-->backoffmutiplier=0
07-05 22:31:06.845 D/HttpHandler(32069): VerifySignInterCeptor-->request.url()=http://picture.edu.hismarttv.com/images/20170630060641226550.jpg
07-05 22:31:06.845 D/HttpHandler(32069): VerifySignInterCeptor-->hostname=picture.edu.hismarttv.com
07-05 22:31:06.846 D/OkHttp  (32069): --> GET http://picture.edu.hismarttv.com/images/20170630060641226550.jpg http/1.1
07-05 22:31:06.846 D/OkHttp  (32069): Host: picture.edu.hismarttv.com
07-05 22:31:06.846 D/OkHttp  (32069): Connection: Keep-Alive
07-05 22:31:06.846 D/OkHttp  (32069): Accept-Encoding: gzip
07-05 22:31:06.846 D/OkHttp  (32069): User-Agent: okhttp/3.6.0
07-05 22:31:06.846 D/OkHttp  (32069): --> END GET
07-05 22:31:06.861 D/OkHttp  (32069): <-- 200 OK http://picture.edu.hismarttv.com/images/20170630060641226550.jpg (14ms)
07-05 22:31:06.861 D/OkHttp  (32069): Date: Mon, 03 Jul 2017 06:46:59 GMT
07-05 22:31:06.861 D/OkHttp  (32069): Server: nginx
07-05 22:31:06.861 D/OkHttp  (32069): Content-Type: image/jpeg
07-05 22:31:06.861 D/OkHttp  (32069): Content-Length: 121881
07-05 22:31:06.862 D/OkHttp  (32069): Last-Modified: Fri, 30 Jun 2017 06:06:41 GMT
07-05 22:31:06.862 D/OkHttp  (32069): ETag: "5955ea71-1dc19"
07-05 22:31:06.862 D/OkHttp  (32069): Accept-Ranges: bytes
07-05 22:31:06.862 D/OkHttp  (32069): Age: 200644
07-05 22:31:06.862 D/OkHttp  (32069): Via: 1.1 wangt170:6 (Cdn Cache Server V2.0)[20 200 0], 1.1 dezhou34:0 (Cdn Cache Server V2.0)[0 200 0]
07-05 22:31:06.862 D/OkHttp  (32069): Connection: keep-alive
07-05 22:31:06.862 D/OkHttp  (32069): <-- END HTTP
07-05 22:31:06.874 D/HttpHandler(32069): RetryIntercepter-->retryNum=0
07-05 22:31:06.874 D/HttpHandler(32069): RetryIntercepter-->backoffmutiplier=0
07-05 22:31:06.883 E/BufferQueueProducer( 1204): [SurfaceView] disconnect(P): connected to another API (cur=0 req=3)
07-05 22:31:06.883 W/MediaPlayerService( 1206): native_window_api_disconnect returned an error: Invalid argument (-22)
07-05 22:31:06.884 V/NuPlayer( 1206): NuPlayer::~NuPlayer ---- Enter ...
07-05 22:31:06.884 V/RMClient( 1206): #311:~RMClient
07-05 22:31:06.884 V/RMClient( 1206): #311:RMClient::returnAllResourcesAsync
07-05 22:31:06.884 I/NuPlayer( 1206): NuPlayerRMClientListener::~NuPlayerRMClientListener
07-05 22:31:06.884 V/RMClientListener( 1206): ~RMClientListener
07-05 22:31:06.887 V/AudioFlinger( 1206): releasing 501 from 32069 for -1
07-05 22:31:06.887 V/AudioFlinger( 1206):  decremented refcount to 1
07-05 22:31:06.887 V/AudioPolicyManager( 1206): releaseOutput() 2
07-05 22:31:06.887 V/AudioFlinger( 1206): removeClient_l() pid 1206, calling pid 1206
07-05 22:31:06.887 V/AudioFlinger( 1206): releasing 501 from 1206 for 32069
07-05 22:31:06.887 V/AudioFlinger( 1206):  decremented refcount to 0
07-05 22:31:06.887 V/AudioFlinger( 1206): purging stale effects
07-05 22:31:06.897 D/Carousel-log_video-(32069): onStopPlay!
07-05 22:31:06.897 D/Carousel-log_video-(32069): submitPlayStopLog mLogPlayState:2
07-05 22:31:06.897 D/Carousel-log_video-(32069): reportCarouselPlayLog play stop.
07-05 22:31:06.897 D/Carousel-log_video-(32069): ==Play stoped log from bufferend:stop,normal,duration:7294
07-05 22:31:06.897 D/Carousel-log_(32069): ===(Main-Video-278002)-{srccolumnid=3, eventType=278, srcgroupid=10001, appversionname=2.0.0.6, srctabid=0, duration=7294, license=hisense, eventcode=278002, deviceid=86100300900000500000060a4818fca8, mediaid=351, eventPos=002, sessionid=9c45a5c1b12c42d98cd2aed3caed7855, srcpackagename=com.hisense.hicloud.edca, subscriberid=13287129, playactionuuid=7d5f2ab6-80b6-4b9b-81f6-7b8ac6551081, version=2.1, devicemsg=LED50MU8600UC0000888, isall=0, customerid=7195320, srcrowid=0, srceventcode=280000}
07-05 22:31:06.899 W/MediaPlayer(32069): mediaplayer went away with unhandled events
07-05 22:31:06.903 I/MyFragmentStateAdapter(32069): getCount
07-05 22:31:06.905 W/System.err(32069): java.net.ConnectException: failed to connect to /10.18.210.112 (port 8900) after 6000ms: isConnected failed: ECONNREFUSED (Connection refused)
07-05 22:31:06.905 W/System.err(32069): 	at libcore.io.IoBridge.isConnected(IoBridge.java:238)
07-05 22:31:06.905 W/System.err(32069): 	at libcore.io.IoBridge.connectErrno(IoBridge.java:171)
07-05 22:31:06.905 W/System.err(32069): 	at libcore.io.IoBridge.connect(IoBridge.java:122)
07-05 22:31:06.905 W/System.err(32069): 	at java.net.PlainSocketImpl.connect(PlainSocketImpl.java:183)
07-05 22:31:06.905 W/System.err(32069): 	at java.net.PlainSocketImpl.connect(PlainSocketImpl.java:456)
07-05 22:31:06.905 W/System.err(32069): 	at java.net.Socket.connect(Socket.java:882)
07-05 22:31:06.905 W/System.err(32069): 	at com.android.okhttp.internal.Platform.connectSocket(Platform.java:174)
07-05 22:31:06.905 W/System.err(32069): 	at com.android.okhttp.Connection.connect(Connection.java:152)
07-05 22:31:06.905 W/System.err(32069): 	at com.android.okhttp.internal.http.HttpEngine.connect(HttpEngine.java:276)
07-05 22:31:06.905 W/System.err(32069): 	at com.android.okhttp.internal.http.HttpEngine.sendRequest(HttpEngine.java:211)
07-05 22:31:06.905 W/System.err(32069): 	at com.android.okhttp.internal.http.HttpURLConnectionImpl.execute(HttpURLConnectionImpl.java:382)
07-05 22:31:06.905 W/System.err(32069): 	at com.android.okhttp.internal.http.HttpURLConnectionImpl.connect(HttpURLConnectionImpl.java:106)
07-05 22:31:06.905 W/System.err(32069): 	at com.hisense.hitv.hicloud.util.ExceptionReport.a(ExceptionReport.java:337)
07-05 22:31:06.905 W/System.err(32069): 	at com.hisense.hitv.hicloud.util.ExceptionReport.a(ExceptionReport.java:39)
07-05 22:31:06.905 W/System.err(32069): 	at com.hisense.hitv.hicloud.util.ExceptionReport$1.run(ExceptionReport.java:83)
07-05 22:31:06.905 W/System.err(32069): 	at java.lang.Thread.run(Thread.java:818)
07-05 22:31:06.905 W/System.err(32069): Caused by: android.system.ErrnoException: isConnected failed: ECONNREFUSED (Connection refused)
07-05 22:31:06.906 W/System.err(32069): 	at libcore.io.IoBridge.isConnected(IoBridge.java:223)
07-05 22:31:06.906 W/System.err(32069): 	... 15 more
07-05 22:31:06.917 I/MyFragmentStateAdapter(32069): getCount
07-05 22:31:06.917 I/MyFragmentStateAdapter(32069): getCount
07-05 22:31:06.917 I/MyFragmentStateAdapter(32069): getCount
07-05 22:31:06.917 I/MyFragmentStateAdapter(32069): getCount
07-05 22:31:06.926 I/MyFragmentStateAdapter(32069): getCount
07-05 22:31:06.940 I/SurfaceFlinger( 1204): the layer SurfaceView is used to close xc and zorder is smallerest! clear region
07-05 22:31:06.951 I/MyFragmentStateAdapter(32069): getCount
07-05 22:31:06.951 I/MyFragmentStateAdapter(32069): getCount
07-05 22:31:06.951 I/MyFragmentStateAdapter(32069): getCount
07-05 22:31:06.951 I/MyFragmentStateAdapter(32069): getCount
07-05 22:31:06.959 I/MyFragmentStateAdapter(32069): getCount
07-05 22:31:06.973 I/MyFragmentStateAdapter(32069): getCount
07-05 22:31:06.973 I/MyFragmentStateAdapter(32069): getCount
07-05 22:31:06.973 I/MyFragmentStateAdapter(32069): getCount
07-05 22:31:06.973 I/MyFragmentStateAdapter(32069): getCount
07-05 22:31:06.979 I/MyFragmentStateAdapter(32069): getCount
07-05 22:31:06.990 I/SurfaceFlinger( 1204): the layer SurfaceView is used to close xc and zorder is smallerest! clear region
07-05 22:31:07.004 D/DtvSourcePlugin-DVBC(15961): Setting the EPG Updater state to: WAIT
07-05 22:31:07.007 I/SurfaceFlinger( 1204): the layer SurfaceView is used to close xc and zorder is smallerest! clear region
07-05 22:31:07.024 I/SurfaceFlinger( 1204): the layer SurfaceView is used to close xc and zorder is smallerest! clear region
07-05 22:31:07.040 I/SurfaceFlinger( 1204): the layer SurfaceView is used to close xc and zorder is smallerest! clear region
07-05 22:31:07.057 I/SurfaceFlinger( 1204): the layer SurfaceView is used to close xc and zorder is smallerest! clear region
07-05 22:31:07.069 I/MiSysSrv( 1214): [37m[INFO] Change to Voltage: 102 mv (0x23)[m
07-05 22:31:07.083 I/SurfaceFlinger( 1204): the layer SurfaceView is used to close xc and zorder is smallerest! clear region
07-05 22:31:07.101 I/SurfaceFlinger( 1204): the layer SurfaceView is used to close xc and zorder is smallerest! clear region
07-05 22:31:07.120 I/SurfaceFlinger( 1204): the layer SurfaceView is used to close xc and zorder is smallerest! clear region
07-05 22:31:07.139 I/SurfaceFlinger( 1204): the layer SurfaceView is used to close xc and zorder is smallerest! clear region
07-05 22:31:07.157 I/SurfaceFlinger( 1204): the layer SurfaceView is used to close xc and zorder is smallerest! clear region
07-05 22:31:07.169 D/GlobalInputEventMonitoringService( 1733): interceptKeyBeforeQueueing(), event:23, mNeedMonitorKeyEvent:true, mWaitForKeyUpEvent:false
07-05 22:31:07.169 D/GlobalInputEventMonitoringService( 1733): processKeyEvent(), processKeyEvent event:23
07-05 22:31:07.169 D/WindowManager( 1733): interceptKeyTq keycode=23 interactive=true keyguardActive=false policyFlags=2b000000 isCancled= false
07-05 22:31:07.169 D/PowerManagerService( 1733): userActivityNoUpdateLocked: eventTime=13908739, event=1, flags=0x0, uid=1000
07-05 22:31:07.169 D/WindowManager( 1733): interceptKeyTi keyCode=23 down=true repeatCount=0 keyguardOn=false mHomePressed=false canceled=false
07-05 22:31:07.169 D/WindowManager( 1733): Hisense systemkey event: 23
07-05 22:31:07.169 D/HisenseGlobalKeyManager( 1733): handleGlobalKey() : Global event = KeyEvent { action=ACTION_DOWN, keyCode=KEYCODE_DPAD_CENTER, scanCode=0, metaState=0, flags=0x0, repeatCount=0, eventTime=13908739, downTime=13908739, deviceId=-1, source=0x101 }
07-05 22:31:07.169 V/HisenseGlobalKeyManager( 1733): processKeypadCenterDown()
07-05 22:31:07.169 I/HisenseGlobalKeyManager( 1733): isOriginalKeypadCenter() : false
07-05 22:31:07.169 V/HisenseGlobalKeyManager( 1733): fromKeypad() : false
07-05 22:31:07.169 V/HisenseGlobalKeyManager( 1733): isModifiedKeypadCenter() : false
07-05 22:31:07.169 W/HisenseGlobalKeyManager( 1733): processKeypadCenterDown() : unknown D_PAD_CENTER
07-05 22:31:07.169 V/HisenseGlobalKeyManager( 1733): processKeypadCenterDown() : result = false
07-05 22:31:07.170 D/SogouIME( 2203): [onKeyDown] keycode = 23 model = VIDAA_TV
07-05 22:31:07.171 D/Carousel-CarouselDisplayPlayerLayout(32069): HasFocus:false,keyCode:23
07-05 22:31:07.171 D/Carousel-CarouselDisplayPlayerLayout(32069): isFullScreen:false
07-05 22:31:07.171 I/HomeMainActivity(32069): carousel handle key:false
07-05 22:31:07.171 I/MainHomeView(32069): dispatchKeyEvent ACTION_DOWN now 
07-05 22:31:07.172 D/GlobalInputEventMonitoringService( 1733): interceptKeyBeforeQueueing(), event:23, mNeedMonitorKeyEvent:true, mWaitForKeyUpEvent:false
07-05 22:31:07.173 D/GlobalInputEventMonitoringService( 1733): processKeyEvent(), processKeyEvent event:23
07-05 22:31:07.173 D/WindowManager( 1733): interceptKeyTq keycode=23 interactive=true keyguardActive=false policyFlags=2b000000 isCancled= false
07-05 22:31:07.173 D/WindowManager( 1733): interceptKeyTi keyCode=23 down=false repeatCount=0 keyguardOn=false mHomePressed=false canceled=false
07-05 22:31:07.173 D/WindowManager( 1733): Hisense systemkey event: 23
07-05 22:31:07.173 D/HisenseGlobalKeyManager( 1733): handleGlobalKey() : Global event = KeyEvent { action=ACTION_UP, keyCode=KEYCODE_DPAD_CENTER, scanCode=0, metaState=0, flags=0x0, repeatCount=0, eventTime=13908739, downTime=13908739, deviceId=-1, source=0x101 }
07-05 22:31:07.173 V/HisenseGlobalKeyManager( 1733): processKeypadCenterUp()
07-05 22:31:07.173 I/HisenseGlobalKeyManager( 1733): isOriginalKeypadCenter() : false
07-05 22:31:07.173 V/HisenseGlobalKeyManager( 1733): fromKeypad() : false
07-05 22:31:07.173 V/HisenseGlobalKeyManager( 1733): isModifiedKeypadCenter() : false
07-05 22:31:07.173 V/HisenseGlobalKeyManager( 1733): processKeypadCenterUp() : result = false
07-05 22:31:07.180 D/Carousel-CarouselDisplayPlayerLayout(32069): HasFocus:false,keyCode:23
07-05 22:31:07.180 D/Carousel-CarouselDisplayPlayerLayout(32069): isFullScreen:false
07-05 22:31:07.180 I/HomeMainActivity(32069): carousel handle key:false
07-05 22:31:07.181 V/PackageManager( 1733): getPackageInfo com.hisense.hicloud.edca: Package{3fb3f3a1 com.hisense.hicloud.edca}
07-05 22:31:07.183 I/TVMW@HsTvSetting( 1234): Trace cmd, data = 0x1058
07-05 22:31:07.183 D/til@system( 2026): til_get_system_param option:100002F int:0, bool:0, ret:0
07-05 22:31:07.183 I/TVMW@HsTvSetting( 1234): Trace cmd, data = 0x101f
07-05 22:31:07.183 D/til@system( 2026): til_get_system_param option:100001D int:3, bool:3, ret:0
07-05 22:31:07.183 E/til     ( 2026): [til_get_current_input_source, 101] 
07-05 22:31:07.183 I/TVMW@HsTvSetting( 1234): Trace cmd, data = 0x7007
07-05 22:31:07.183 I/tilwrapper@sm( 2026): HS2TIL_SourceType *hs=0xd, *til=0x900
07-05 22:31:07.184 D/til     ( 2026): get current source 2304
07-05 22:31:07.184 D/SourceRemoteServiceHandler( 2026): getCurrentInputSource.from.til.result is 0, value is 2304
07-05 22:31:07.184 D/SourceRemoteServiceHandler( 2026): getInputSourceType source: 0x900, type=2304
07-05 22:31:07.184 D/til     ( 2026): ###### func:til_get_picture_param option:0x3000006 ######  
07-05 22:31:07.184 I/TVMW@HsTvSetting( 1234): Trace cmd, data = 0x1003
07-05 22:31:07.184 I/SurfaceFlinger( 1204): the layer SurfaceView is used to close xc and zorder is smallerest! clear region
07-05 22:31:07.184 I/TVMW@HsTvSetting( 1234): Trace cmd, data = 0x8032
07-05 22:31:07.185 I/hstvos  ( 1216): [0m[1;33m[HSHAL][HS_VIDEO][HS_HAL_Video_SetOsdDetect_v2][2389]u16Threshold = 20
07-05 22:31:07.186 I/MiSysSrv( 1214): Not support now! 42, change to mm_video!!!
07-05 22:31:07.186 E/TVMW@videoctrl( 1234):  getOsd is 1
07-05 22:31:07.186 D/til@system( 2026): til_get_system_param option:1000027 int:1, bool:1, ret:0
07-05 22:31:07.186 D/til     ( 2026): ###### func:til_get_picture_param option:0x3000045 ######  
07-05 22:31:07.187 I/TVMW@HsTvSetting( 1234): Trace cmd, data = 0x300c
07-05 22:31:07.187 I/TVMW@HsTvSetting( 1234): Trace 3d, data = 0x300c
07-05 22:31:07.187 I/TVMW@3d ( 1234): Hs_debug3d_trace: func:get3dStatus, line:109
07-05 22:31:07.198 D/GetInItDataUtil(32069): turn to detail ,if is trailer.position is : 0
07-05 22:31:07.203 I/SurfaceFlinger( 1204): the layer SurfaceView is used to close xc and zorder is smallerest! clear region
07-05 22:31:07.205 D/TileTransitionManager( 1733): getActivityContainer not enter cts mode
07-05 22:31:07.207 D/JamdeoActivityStackSupervisor( 1733): get currentSiloName
07-05 22:31:07.207 I/ActivityManager( 1733): START u0 {flg=0x14000000 cmp=com.hisense.hicloud.edca/.mediaplayer.activity.DetailPlayActivity (has extras)} from uid 10010 on display 0
07-05 22:31:07.207 D/OsdMonitorService( 1733): mCurrentWindow = com.hisense.hicloud.edca/com.hisense.tvui.newhome.HomeMainActivity; newWindow = com.hisense.hicloud.edca/com.hisense.tvui.newhome.HomeMainActivity; isSubWindow = false; isInWinList = false; isExitNow = false
07-05 22:31:07.208 D/OsdMonitorService( 1733): windowNotOsd() : name = com.hisense.hicloud.edca/com.hisense.tvui.newhome.HomeMainActivity
07-05 22:31:07.208 I/OsdMonitorService( 1733): setOsdStatus() : status will change from true to true
07-05 22:31:07.211 D/PowerManagerService( 1733): setScreenBrightnessOverrideFromWindowManagerInternal done
07-05 22:31:07.213 D/OsdMonitorService( 1733): mCurrentWindow = com.hisense.hicloud.edca/com.hisense.tvui.newhome.HomeMainActivity; newWindow = com.hisense.hicloud.edca/com.hisense.tvui.newhome.HomeMainActivity; isSubWindow = false; isInWinList = false; isExitNow = false
07-05 22:31:07.213 D/OsdMonitorService( 1733): windowNotOsd() : name = com.hisense.hicloud.edca/com.hisense.tvui.newhome.HomeMainActivity
07-05 22:31:07.213 I/OsdMonitorService( 1733): setOsdStatus() : status will change from true to true
07-05 22:31:07.215 D/PowerManagerService( 1733): setScreenBrightnessOverrideFromWindowManagerInternal done
07-05 22:31:07.217 V/WindowManager( 1733): addAppToken: AppWindowToken{36e00ac7 token=Token{188f9406 ActivityRecord{6548ee1 u0 com.hisense.hicloud.edca/.mediaplayer.activity.DetailPlayActivity t5272}}} to stack=152 task=5272 at 1
07-05 22:31:07.218 I/UsageStatsService( 1733): paused component:com.hisense.hicloud.edca
07-05 22:31:07.218 D/UsageStatsService( 1733): User[0] Got usage event for com.hisense.hicloud.edca[1499265067218]: MOVE_TO_BACKGROUND
07-05 22:31:07.218 V/UsageStatsService( 1733): Paused: 13908789   Component: com.hisense.hicloud.edca/com.hisense.tvui.newhome.HomeMainActivity   Time: 1499265067218 LastSessionTime: 13323 CumulativeSessionTime: 5333308
07-05 22:31:07.218 D/UsageStatsService( 1733): UsageStats: broadcasting intent
07-05 22:31:07.218 W/ContextImpl( 1733): Calling a method in the system process without a qualified user: android.app.ContextImpl.sendBroadcast:1327 com.android.server.usage.UsageStatsService.insertUsageStats:1104 com.android.server.usage.UsageStatsService$PkgUsageStatsExtended.updatePause:979 com.android.server.usage.UsageStatsService$LocalService.notePauseComponent:808 com.android.server.am.ActivityManagerService.updateUsageStats:3173 
07-05 22:31:07.219 D/PowerManagerService( 1733): acquireWakeLockInternal: lock=681732318, flags=0x1, tag="ActivityManager-Launch", ws=null, uid=1000, pid=1733
07-05 22:31:07.219 D/PowerManagerNotifier( 1733): onWakeLockAcquired: flags=1, tag="ActivityManager-Launch", packageName=android, ownerUid=1000, ownerPid=1733, workSource=null
07-05 22:31:07.222 I/SurfaceFlinger( 1204): the layer SurfaceView is used to close xc and zorder is smallerest! clear region
07-05 22:31:07.223 I/ReportService( 3281): Intent received, action = android.intent.action.INSERT
07-05 22:31:07.224 I/ReportService( 3281): modelName is VIDAA_TV
07-05 22:31:07.225 E/til     ( 2026): [til_get_current_input_source, 101] 
07-05 22:31:07.225 I/TVMW@HsTvSetting( 1234): Trace cmd, data = 0x7007
07-05 22:31:07.225 I/tilwrapper@sm( 2026): HS2TIL_SourceType *hs=0xd, *til=0x900
07-05 22:31:07.225 D/til     ( 2026): get current source 2304
07-05 22:31:07.226 D/SourceRemoteServiceHandler( 2026): getCurrentInputSource.from.til.result is 0, value is 2304
07-05 22:31:07.226 D/SourceRemoteServiceHandler( 2026): getInputSourceType source: 0x900, type=2304
07-05 22:31:07.226 I/ReportService( 3281): getCurIntputSource2304
07-05 22:31:07.226 E/til     ( 2026): [til_get_current_input_source, 101] 
07-05 22:31:07.226 I/TVMW@HsTvSetting( 1234): Trace cmd, data = 0x7007
07-05 22:31:07.226 I/tilwrapper@sm( 2026): HS2TIL_SourceType *hs=0xd, *til=0x900
07-05 22:31:07.227 D/til     ( 2026): get current source 2304
07-05 22:31:07.227 D/SourceRemoteServiceHandler( 2026): getCurrentInputSource.from.til.result is 0, value is 2304
07-05 22:31:07.227 D/SourceRemoteServiceHandler( 2026): getInputSourceType source: 0x900, type=2304
07-05 22:31:07.228 I/ReportService( 3281): siloName isnull
07-05 22:31:07.229 V/PackageManager( 1733): getPackageInfo com.hisense.hicloud.edca: Package{3fb3f3a1 com.hisense.hicloud.edca}
07-05 22:31:07.230 I/ReportService( 3281): HiReport string sent out is:1.5|3|86100300900000500000060a4818fca8|1499265053|1499265067|com.hisense.hicloud.edca|3.0.0.9.00|8
07-05 22:31:07.230 W/ReportService( 3281): enter InsertUserBehaviorDataReportTask  mUri = content://com.hisense.hitv.hicloud.log/loginput mContentValues = lastsessiondurationtime=13323 LOGVALUE=1.5|3|86100300900000500000060a4818fca8|1499265053|1499265067|com.hisense.hicloud.edca|3.0.0.9.00|8 operation=P time=1499265067218 package=com.hisense.hicloud.edca cumulativesessiondurationtime=5333308 versioncode=652 lastupdatetime=1499256171569 _id=null type=APPRUN component=com.hisense.tvui.newhome.HomeMainActivity mContext == com.hisense.hireport.ReportService@3a75cda9mType == 95
07-05 22:31:07.231 I/ReportService( 3281): enter doInBackground*****
07-05 22:31:07.241 I/ReportService( 3281): result is content://com.hisense.hitv.hicloud.log/loginput/1
07-05 22:31:07.242 I/SurfaceFlinger( 1204): the layer SurfaceView is used to close xc and zorder is smallerest! clear region
07-05 22:31:07.244 I/ReportService( 3281): enter onPostExecute result is: true
07-05 22:31:07.241 D/Carousel-CarouselView(32069): onActivityPaused, getSimpleName = HomeMainActivity,hashCode=509857724
07-05 22:31:07.245 I/BaseContentFragment(32069): onPause 精选
07-05 22:31:07.246 I/BaseContentFragment(32069): onPause UserCenterFragment
07-05 22:31:07.246 I/BaseContentFragment(32069): onPause 0-2岁
07-05 22:31:07.246 I/BaseContentFragment(32069): activity pause
07-05 22:31:07.246 I/CurrentCarouselView(32069): onCarouseControlCarouselControlBean{mShoudScroll=false, mActivityHasResume=false, mActivityHasStop=true, mHasTurnGone=false, mHasTurnVisible=false, mChannelId=-1, mSlideOffset=0.0, mShouldSelectCenter=false, mTabOpen=false, mHoriPosStatus=None, mVerPosStatus=None, mLevelStatus=None},isPlayingfalse,channelId=0
07-05 22:31:07.246 I/CurrentCarouselView(32069): stopPlay
07-05 22:31:07.254 I/UsageStatsService( 1733): resumed component name is ComponentInfo{com.hisense.hicloud.edca/com.hisense.hicloud.edca.mediaplayer.activity.DetailPlayActivity}
07-05 22:31:07.254 D/UsageStatsService( 1733): User[0] Got usage event for com.hisense.hicloud.edca[1499265067254]: MOVE_TO_FOREGROUND
07-05 22:31:07.254 I/UsageStatsService( 1733): started component:com.hisense.hicloud.edca
07-05 22:31:07.254 V/PackageManager( 1733): getPackageInfo com.hisense.hicloud.edca: Package{3fb3f3a1 com.hisense.hicloud.edca}
07-05 22:31:07.254 V/UsageStatsService( 1733): Resumed: 13908825   Component: com.hisense.hicloud.edca/com.hisense.hicloud.edca.mediaplayer.activity.DetailPlayActivity   Time: 1499265067254 VersionCode: 652   LastUpdateTime: 1499256171569
07-05 22:31:07.254 D/UsageStatsService( 1733): UsageStats: broadcasting intent
