07-05 23:09:00.880 D/HttpHandler(21136): VerifySignInterCeptor-->request.url()=http://api.edu.hismarttv.com/usercenter/api/individualize_data?devid=86100300900000500000060a4818fca8&customerId=7195320&subscriberId=13287129&ChannelId=0&tags=&version_id=6&region_name=%E6%9D%AD%E5%B7%9E&uuid=13287129&mac=a8:a6:48:18:fc:a8&model_id=0&APPPackage=com.hisense.hicloud.edca&PFAPPCode=652&APPVersionName=3.0.0.9.00&softwareVersion=LED50MU8600UC0000888&tv_distribute_id=00&devType=0&APIVersion=600&accessToken=72DF6038D2AEAB8A76DFBBBBCC428A4A_000264858532145
07-05 23:09:00.880 D/HttpHandler(21136): VerifySignInterCeptor-->hostname=api.edu.hismarttv.com
07-05 23:09:00.880 V/InputMethodService( 2203): startInput(): editor=android.view.inputmethod.EditorInfo@1047d724
07-05 23:09:00.880 V/InputMethodService( 2203): CALL: onFinishInput
07-05 23:09:00.881 E/SOGOUIME_JNI( 2203): reset
07-05 23:09:00.881 E/SOGOUIME_JNI( 2203): getCandidates
07-05 23:09:00.881 E/SOGOUIME_JNI( 2203): ime_get_uncommitted_length
07-05 23:09:00.882 E/SOGOUIME_JNI( 2203): getCandidates
07-05 23:09:00.882 D/SogouIME API( 2203): ==============num:32
07-05 23:09:00.882 E/SOGOUIME_JNI( 2203): ime_get_uncommitted_length
07-05 23:09:00.882 D/SogouIME( 2203): mFocusedComponent:30   isHkbEnable:false
07-05 23:09:00.882 E/SOGOUIME_JNI( 2203): ime_get_uncommitted_length
07-05 23:09:00.882 E/SOGOUIME_JNI( 2203): ime_get_committed_length
07-05 23:09:00.882 E/SOGOUIME_JNI( 2203): getComposingInfo
07-05 23:09:00.882 E/SOGOUIME_JNI( 2203): getComposingInfo
07-05 23:09:00.882 E/SOGOUIME_JNI( 2203): getCorrectInfo
07-05 23:09:00.882 E/SOGOUIME_JNI( 2203): getComposingInfo
07-05 23:09:00.882 D/HttpHandler(21136): HttpDNS-->hostname=api.edu.hismarttv.com
07-05 23:09:00.884 I/Choreographer(21136): Skipped 38 frames!  The application may be doing too much work on its main thread.
07-05 23:09:00.884 V/InputMethodService( 2203): CALL: onStartInput
07-05 23:09:00.884 E/SOGOUIME_JNI( 2203): invalidateCommitWordPinyinNative
07-05 23:09:00.884 D/SogouIME( 2203): =====configKeyboard=======:false     false
07-05 23:09:00.884 E/SOGOUIME_JNI( 2203): ime_set_hard_kb_enable
07-05 23:09:00.886 D/TabView (21136): 
07-05 23:09:00.886 D/HttpHandler(21136): VerifySignInterCeptor-->request.url()=http://picture.edu.hismarttv.com/images/20170628111857828826.png
07-05 23:09:00.886 D/HttpHandler(21136): VerifySignInterCeptor-->hostname=picture.edu.hismarttv.com
07-05 23:09:00.886 D/HttpHandler(21136): RetryIntercepter-->retryNum=0
07-05 23:09:00.886 D/HttpHandler(21136): RetryIntercepter-->backoffmutiplier=0
07-05 23:09:00.889 D/TabView (21136): 
07-05 23:09:00.889 D/HttpHandler(21136): DNSHelper-->httpDnsParser=["36.33.158.222","112.65.220.40","218.58.206.58","123.128.14.209","153.35.175.121","220.202.77.124","153.35.175.120"]
07-05 23:09:00.891 D/TabView (21136): 
07-05 23:09:00.892 D/TabView (21136): 
07-05 23:09:00.894 D/TabView (21136): 
07-05 23:09:00.895 D/HttpHandler(21136): VerifySignInterCeptor-->request.url()=http://picture.edu.hismarttv.com/images/20170628111759213347.png
07-05 23:09:00.895 D/HttpHandler(21136): VerifySignInterCeptor-->hostname=picture.edu.hismarttv.com
07-05 23:09:00.897 D/TabView (21136): 
07-05 23:09:00.898 D/HttpHandler(21136): RAMCache-->hostInfo.getClientTimeStamp()=16179226
07-05 23:09:00.898 D/HttpHandler(21136): RAMCache-->hostInfo.getTtl()=3600
07-05 23:09:00.898 D/HttpHandler(21136): RAMCache-->SystemClock.elapsedRealtime()=16182470
07-05 23:09:00.902 D/TabView (21136): 
07-05 23:09:00.904 D/HttpHandler(21136): DNSHelper-->gslbDns=["123.103.91.123"]
07-05 23:09:00.906 D/hwcomposer( 1204): lastHWWindowInfo is dirty
07-05 23:09:00.907 D/TabView (21136): 
07-05 23:09:00.909 D/TabView (21136): 
07-05 23:09:00.910 D/TabView (21136): 
07-05 23:09:00.912 D/TabView (21136): 
07-05 23:09:00.917 D/TabView (21136): 
07-05 23:09:00.919 D/TabView (21136): 
07-05 23:09:00.920 D/OkHttp  (21136): --> GET http://picture.edu.hismarttv.com/images/20170628115357740238.png http/1.1
07-05 23:09:00.921 D/TabView (21136): 
07-05 23:09:00.923 D/TabView (21136): 
07-05 23:09:00.924 D/TabView (21136): 
07-05 23:09:00.927 I/MyFragmentStateAdapter(21136): getCount
07-05 23:09:00.927 I/MyFragmentStateAdapter(21136): getCount
07-05 23:09:00.927 D/TabView (21136): 
07-05 23:09:00.933 D/TabView (21136): 
07-05 23:09:00.934 D/TabView (21136): 
07-05 23:09:00.940 D/TabView (21136): 
07-05 23:09:00.941 D/OkHttp  (21136): --> GET http://api.edu.hismarttv.com/usercenter/api/individualize_data?devid=86100300900000500000060a4818fca8&customerId=7195320&subscriberId=13287129&ChannelId=0&tags=&version_id=6&region_name=%E6%9D%AD%E5%B7%9E&uuid=13287129&mac=a8:a6:48:18:fc:a8&model_id=0&APPPackage=com.hisense.hicloud.edca&PFAPPCode=652&APPVersionName=3.0.0.9.00&softwareVersion=LED50MU8600UC0000888&tv_distribute_id=00&devType=0&APIVersion=600&accessToken=72DF6038D2AEAB8A76DFBBBBCC428A4A_000264858532145 http/1.1
07-05 23:09:00.941 D/OkHttp  (21136): Data_Type: JSON
07-05 23:09:00.941 D/OkHttp  (21136): RetryTime: 0
07-05 23:09:00.941 D/OkHttp  (21136): Backoffmutiplier: 0
07-05 23:09:00.941 D/OkHttp  (21136): Host: api.edu.hismarttv.com
07-05 23:09:00.941 D/OkHttp  (21136): Connection: Keep-Alive
07-05 23:09:00.941 D/OkHttp  (21136): Accept-Encoding: gzip
07-05 23:09:00.941 D/OkHttp  (21136): User-Agent: okhttp/3.6.0
07-05 23:09:00.941 D/OkHttp  (21136): --> END GET
07-05 23:09:00.941 D/TabView (21136): 
07-05 23:09:00.943 D/TabView (21136): 
07-05 23:09:00.944 D/TabView (21136): 
07-05 23:09:00.946 D/HttpHandler(21136): VerifySignInterCeptor-->request.url()=http://picture.edu.hismarttv.com/images/20170628111729989045.png
07-05 23:09:00.946 D/HttpHandler(21136): VerifySignInterCeptor-->hostname=picture.edu.hismarttv.com
07-05 23:09:00.947 D/HttpHandler(21136): HttpDNS-->hostname=picture.edu.hismarttv.com
07-05 23:09:00.948 D/HttpHandler(21136): RAMCache-->hostInfo.getClientTimeStamp()=16182447
07-05 23:09:00.948 D/HttpHandler(21136): RAMCache-->hostInfo.getTtl()=300
07-05 23:09:00.948 D/HttpHandler(21136): RAMCache-->SystemClock.elapsedRealtime()=16182520
07-05 23:09:00.950 D/TabView (21136): 
07-05 23:09:00.952 D/DtvSourcePlugin-DVBC(15961): Setting the EPG Updater state to: WAIT
07-05 23:09:00.952 D/TabView (21136): 
07-05 23:09:00.954 D/TabView (21136): 
07-05 23:09:00.956 D/TabView (21136): 
07-05 23:09:00.960 D/HttpHandler(21136): DNSHelper-->gslbDns=["36.33.158.222","112.65.220.40","218.58.206.58","123.128.14.209","153.35.175.121","220.202.77.124","153.35.175.120"]
07-05 23:09:00.962 D/TabView (21136): 
07-05 23:09:00.964 D/TabView (21136): 
07-05 23:09:00.966 D/TabView (21136): 
07-05 23:09:00.968 D/TabView (21136): 
07-05 23:09:00.970 D/TabView (21136): 
07-05 23:09:00.971 I/MyFragmentStateAdapter(21136): getCount
07-05 23:09:00.971 I/MyFragmentStateAdapter(21136): getCount
07-05 23:09:00.973 I/TabView (21136): onScroll:,firstItem=0,visibleCount=6,totalCount=10
07-05 23:09:00.978 I/ContentBridgeAdapterListener(21136): onAddPresenter 0
07-05 23:09:00.983 D/HttpHandler(21136): VerifySignInterCeptor-->request.url()=http://picture.edu.hismarttv.com/images/20170628115302475663.png
07-05 23:09:00.984 D/HttpHandler(21136): VerifySignInterCeptor-->hostname=picture.edu.hismarttv.com
07-05 23:09:00.984 D/HttpHandler(21136): HttpDNS-->hostname=picture.edu.hismarttv.com
07-05 23:09:00.985 D/HttpHandler(21136): RAMCache-->hostInfo.getClientTimeStamp()=16182447
07-05 23:09:00.985 D/HttpHandler(21136): RAMCache-->hostInfo.getTtl()=300
07-05 23:09:00.985 D/HttpHandler(21136): RAMCache-->SystemClock.elapsedRealtime()=16182557
07-05 23:09:00.987 I/ContentBridgeAdapterListener(21136): onCreate ViewHolder{b5241a3 position=-1 id=-1, oldPos=-1, pLpos:-1 unbound no parent}
07-05 23:09:00.987 I/ContentBridgeAdapterListener(21136): onBind 
07-05 23:09:00.990 I/ContentBridgeAdapterListener(21136): onAttachedToWindow ViewHolder{b5241a3 position=0 id=-1, oldPos=-1, pLpos:-1}
07-05 23:09:00.991 I/BaseContentFragment(21136): setRowViewSelectedViewHolder{b5241a3 position=0 id=-1, oldPos=-1, pLpos:-1},isSelectedtrue
07-05 23:09:00.991 I/RoleContentFragment(21136): onChildSelected:0,lastPos=0
07-05 23:09:00.998 D/HttpHandler(21136): HttpDNS-->hostname=picture.edu.hismarttv.com
07-05 23:09:00.999 D/HttpHandler(21136): RAMCache-->hostInfo.getClientTimeStamp()=16182447
07-05 23:09:00.999 D/HttpHandler(21136): RAMCache-->hostInfo.getTtl()=300
07-05 23:09:00.999 D/HttpHandler(21136): RAMCache-->SystemClock.elapsedRealtime()=16182571
07-05 23:09:01.009 I/ContentBridgeAdapterListener(21136): onAddPresenter 1
07-05 23:09:01.010 I/ContentBridgeAdapterListener(21136): onCreate ViewHolder{100af0ce position=-1 id=-1, oldPos=-1, pLpos:-1 unbound no parent}
07-05 23:09:01.010 I/SpecialFirstRowPresenter(21136): onBindViewHoldercom.hisense.tvui.newhome.presenter.SpecialFirstListRow@375b7bef,isUnbind=false
07-05 23:09:01.010 I/ContentBridgeAdapterListener(21136): onBind 
07-05 23:09:01.012 I/ContentBridgeAdapterListener(21136): onAttachedToWindow ViewHolder{100af0ce position=1 id=-1, oldPos=-1, pLpos:-1}
07-05 23:09:01.013 I/FirstLineAdapter(21136): canShowTrailer,isOffline=false
07-05 23:09:01.013 I/FirstLineAdapter(21136): canShowTrailer,isOffline=false
07-05 23:09:01.013 I/FirstLineAdapter(21136): canShowTrailer,isOffline=false
07-05 23:09:01.013 I/FirstLineAdapter(21136): onCreateViewHolder viewtype=0
07-05 23:09:01.019 D/OkHttp  (21136): --> GET http://picture.edu.hismarttv.com/images/20170628111729989045.png http/1.1
07-05 23:09:01.019 D/OkHttp  (21136): Host: picture.edu.hismarttv.com
07-05 23:09:01.019 D/OkHttp  (21136): Connection: Keep-Alive
07-05 23:09:01.019 D/OkHttp  (21136): Accept-Encoding: gzip
07-05 23:09:01.019 D/OkHttp  (21136): User-Agent: okhttp/3.6.0
07-05 23:09:01.019 D/OkHttp  (21136): --> END GET
07-05 23:09:01.052 I/FirstLineAdapter(21136): onBindViewHolder 0
07-05 23:09:01.054 D/HttpHandler(21136): DNSHelper-->gslbDns=["36.33.158.222","112.65.220.40","218.58.206.58","123.128.14.209","153.35.175.121","220.202.77.124","153.35.175.120"]
07-05 23:09:01.066 I/FirstLineAdapter(21136): canShowTrailer,isOffline=false
07-05 23:09:01.066 I/FirstLineAdapter(21136): onCreateViewHolder viewtype=1
07-05 23:09:01.081 I/FirstLineAdapter(21136): onBindViewHolder 1
07-05 23:09:01.082 D/FirstLineAdapter(21136): setVipPoster ===>url :http://picture.edu.hismarttv.com/images/
07-05 23:09:01.094 I/FirstLineAdapter(21136): canShowTrailer,isOffline=false
07-05 23:09:01.094 I/FirstLineAdapter(21136): onCreateViewHolder viewtype=2
07-05 23:09:01.096 I/FirstLineAdapter(21136): onBindViewHolder 2
07-05 23:09:01.108 I/MyItemDecoration(21136): getItemOffsets rect=Rect(0, -17 - 0, 0),pos=1
07-05 23:09:01.109 I/MyItemDecoration(21136): getItemOffsets rect=Rect(0, -15 - 0, 0),pos=2
07-05 23:09:01.114 I/FirstLineAdapter(21136): canShowTrailer,isOffline=false
07-05 23:09:01.114 I/FirstLineAdapter(21136): canShowTrailer,isOffline=false
07-05 23:09:01.114 I/FirstLineAdapter(21136): onCreateViewHolder viewtype=3
07-05 23:09:01.115 I/CurrentCarouselView(21136): initView
07-05 23:09:01.131 D/MyLocalStartService(16899): currentName is :com.hisense.hicloud.edca
07-05 23:09:01.138 E/WebcastSDK-(21136): isImageCacheLimitedStat(),  context.getPackageName = com.hisense.hicloud.edca
07-05 23:09:01.138 E/WebcastSDK-(21136): isImageCacheLimitedStat(),  mIsImageLimited = 1
07-05 23:09:01.155 E/WebcastSDK-HiCloudSourcePlugin(21136): init(), Webcast App Token is NULL.
07-05 23:09:01.155 E/WebcastSDK-HiCloudSourcePlugin(21136): getHiCloudService(), Webcast App Token is NULL.
07-05 23:09:01.156 D/WebcastSDK-HiCloudSourcePlugin(21136): getContext(): com.hisense.hicloud.edca.BaseApplication@2adbac5c mWebcastManager: null
07-05 23:09:01.147 D/OkHttp  (21136): Host: picture.edu.hismarttv.com
07-05 23:09:01.179 I/NetflixMonitorService( 1733): current fgapk : com.hisense.hicloud.edca
07-05 23:09:01.179 I/NetflixMonitorService( 1733): Netflix status unchanged
07-05 23:09:01.182 D/OkHttp  (21136): <-- 200 OK http://api.edu.hismarttv.com/usercenter/api/individualize_data?devid=86100300900000500000060a4818fca8&customerId=7195320&subscriberId=13287129&ChannelId=0&tags=&version_id=6&region_name=%E6%9D%AD%E5%B7%9E&uuid=13287129&mac=a8:a6:48:18:fc:a8&model_id=0&APPPackage=com.hisense.hicloud.edca&PFAPPCode=652&APPVersionName=3.0.0.9.00&softwareVersion=LED50MU8600UC0000888&tv_distribute_id=00&devType=0&APIVersion=600&accessToken=72DF6038D2AEAB8A76DFBBBBCC428A4A_000264858532145 (240ms)
07-05 23:09:01.182 D/OkHttp  (21136): Server: nginx
07-05 23:09:01.182 D/OkHttp  (21136): Date: Wed, 05 Jul 2017 15:09:00 GMT
07-05 23:09:01.182 D/OkHttp  (21136): Content-Type: application/json
07-05 23:09:01.182 D/OkHttp  (21136): Content-Length: 17184
07-05 23:09:01.182 D/OkHttp  (21136): Connection: close
07-05 23:09:01.182 D/OkHttp  (21136): <-- END HTTP
07-05 23:09:01.184 D/HttpHandler(21136): RetryIntercepter-->retryNum=0
07-05 23:09:01.184 D/HttpHandler(21136): RetryIntercepter-->backoffmutiplier=0
07-05 23:09:01.187 D/OkHttp  (21136): --> GET http://picture.edu.hismarttv.com/images/20170628115302475663.png http/1.1
07-05 23:09:01.187 D/OkHttp  (21136): Host: picture.edu.hismarttv.com
07-05 23:09:01.187 D/OkHttp  (21136): Connection: Keep-Alive
07-05 23:09:01.187 D/OkHttp  (21136): Accept-Encoding: gzip
07-05 23:09:01.187 D/OkHttp  (21136): User-Agent: okhttp/3.6.0
07-05 23:09:01.187 D/OkHttp  (21136): --> END GET
07-05 23:09:01.194 E/WebcastSDK-HiCloudSourcePlugin(21136): checkHiCloudFetchCondition(), Webcast App Token is NULL. mToken: null
07-05 23:09:01.194 E/WebcastSDK-HiCloudSourcePlugin(21136): FetchSystemParameterTask(), has no fetch condition, return.
07-05 23:09:01.196 D/OkHttp  (21136): Connection: Keep-Alive
07-05 23:09:01.196 D/OkHttp  (21136): Accept-Encoding: gzip
07-05 23:09:01.196 D/OkHttp  (21136): User-Agent: okhttp/3.6.0
07-05 23:09:01.196 D/OkHttp  (21136): --> END GET
07-05 23:09:01.196 E/WebcastSDK-DataReport(21136): init(), Webcast App Token is NULL.
07-05 23:09:01.196 E/WebcastSDK-DataReport(21136): getHiCloudService(), Webcast App Token is NULL.
07-05 23:09:01.197 I/art     (21136): Background partial concurrent mark sweep GC freed 34454(2038KB) AllocSpace objects, 1(1314KB) LOS objects, 14% free, 24MB/28MB, paused 13.786ms total 217.361ms
07-05 23:09:01.201 D/NativeDecimalFormat(21136): NativeDecimalFormat_close print addr=4098427648
07-05 23:09:01.201 D/NativeDecimalFormat(21136): NativeDecimalFormat_close print g_addr=4098428416
07-05 23:09:01.201 D/NativeDecimalFormat(21136): NativeDecimalFormat_close print addr=4098428416
07-05 23:09:01.201 D/NativeDecimalFormat(21136): NativeDecimalFormat_close print g_addr=4098428416
07-05 23:09:01.208 D/HttpHandler(21136): VerifySignInterCeptor-->dateType=1
07-05 23:09:01.213 D/WebcastSDK-WebcastManager(21136): Device license:WASU
07-05 23:09:01.214 I/WebcastSDK-ProgramScheduleDataManager(21136): init(), next time to fetch programSchedules in interval = 60min.
07-05 23:09:01.214 D/HttpHandler(21136): VerifySignInterCeptor-->HttpRequestManager.httpClietOption.getVerifyFlag()=1
07-05 23:09:01.215 I/WebcastSDK-HistoryDataManager(21136): HistoryDataManager.init
07-05 23:09:01.218 D/OkHttp  (21136): <-- 200 OK http://picture.edu.hismarttv.com/images/20170628115302475663.png (31ms)
07-05 23:09:01.219 D/OkHttp  (21136): Date: Wed, 05 Jul 2017 14:14:49 GMT
07-05 23:09:01.219 D/OkHttp  (21136): Server: nginx
07-05 23:09:01.219 D/OkHttp  (21136): Content-Type: image/png
07-05 23:09:01.219 D/OkHttp  (21136): Content-Length: 2527
07-05 23:09:01.219 D/OkHttp  (21136): Last-Modified: Wed, 28 Jun 2017 11:53:02 GMT
07-05 23:09:01.219 D/OkHttp  (21136): ETag: "5953989e-9df"
07-05 23:09:01.219 D/OkHttp  (21136): Accept-Ranges: bytes
07-05 23:09:01.219 D/OkHttp  (21136): Age: 3251
07-05 23:09:01.219 D/OkHttp  (21136): Via: 1.1 jn241:2 (Cdn Cache Server V2.0)[0 200 0], 1.1 PSahmaswt2yw211:4 (Cdn Cache Server V2.0)[0 200 0]
07-05 23:09:01.219 D/OkHttp  (21136): Connection: keep-alive
07-05 23:09:01.219 D/OkHttp  (21136): <-- END HTTP
07-05 23:09:01.220 D/HttpHandler(21136): RetryIntercepter-->retryNum=0
07-05 23:09:01.220 D/HttpHandler(21136): RetryIntercepter-->backoffmutiplier=0
07-05 23:09:01.227 D/HttpHandler(21136): VerifySignInterCeptor-->content={"masterViews": [{"navigationId": 10002, "tiles": [{"index": 1, "facets": [{"index": 1, "typeCode": 1002, "grade": null, "title": "\u90d1\u591a\u71d5BodyBall Slim\u5927\u7403\u64cd", "backgroundImages": [{"url": "http://picture.edu.hismarttv.com/images/20161212024038700821.jpg", "mobile_image_icon_url": "http://picture.edu.hismarttv.com/images/20161102023035587534.jpg", "url_horizontal": "http://picture.edu.hismarttv.com/images/20170629033643181276.jpg"}], "id": "38036"}], "width_horizontal": null, "width": null}, {"index": 1, "facets": [{"index": 1, "typeCode": 1002, "grade": null, "title": "\u90d1\u591a\u71d5BodyBall ABS\u6709\u6c27\u64cd", "backgroundImages": [{"url": "http://picture.edu.hismarttv.com/images/20161212022722337765.jpg", "mobile_image_icon_url": "http://picture.edu.hismarttv.com/images/20161102033100773911.jpg", "url_horizontal": "http://picture.edu.hismarttv.com/images/20170629032906301152.jpg"}], "id": "38037"}], "width_horizontal": null, "width": null}, {"index": 1, "facets": [{"index": 1, "typeCode": 1002, "grade": "\u5176\u4ed6", "title": "\u98ce\u5c1a\u5065\u8eab-\u52a8\u611f\u8857\u821e", "backgroundImages": [{"url": null, "mobile_image_icon_url": null, "url_horizontal": "http://picture.edu.hismarttv.com/images/20170629/\u98ce\u5c1a\u5065\u8eab-\u52a8\u611f\u8857\u821e.jpg"}], "id": "8852"}], "width_horizontal": null, "width": null}, {"index": 1, "facets": [{"index": 1, "typeCode": 1002, "grade": null, "title": "\u90d1\u591a\u71d5BodyBall Hip&leg\u57ab\u4e0a\u64cd", "backgroundImages": [{"url": "http://picture.edu.hismarttv.com/images/20161212022759387904.jpg", "mobile_image_icon_url": "http://picture.edu.hismarttv.com/images/20161102032541379768.jpg", "url_horizontal": "http://picture.edu.hismarttv.com/images/20170629033606511137.jpg"}], "id": "38039"}], "width_horizontal": null, "width": null}, {"index": 1, "facets": [{"index": 1, "typeCode": 1002, "grade": null, "title": "\u90d1\u591a\u71d5\u5c0f\u7070\u5e3d\u5065\u8eab\u64cd", "backgroundImages": [{"url": "http://picture.edu.hismarttv.com/images/20161212022539029485.jpg", "mobile_image_icon_url": "http://picture.edu.hismarttv.com/images/20161102021604651091.jpg", "url_horizontal": "http://picture.edu.hismarttv.com/images/20170629/\u90d1\u591a\u71d5\u5c0f\u7070\u5e3d\u5065\u8eab\u64cd.jpg"}], "id": "38033"}], "width_horizontal": null, "width": null}, {"index": 1, "facets": [{"index": 1, "typeCode": 1002, "grade": null, "title": "\u90d1\u591a\u71d5FigureDumb\u54d1\u94c3\u64cd", "backgroundImages": [{"url": "http://picture.edu.hismarttv.com/images/20161212035609771233.jpg", "mobile_image_icon_url": "http://picture.edu.hismarttv.com/images/20161102021824917487.jpg", "url_horizontal": "http://picture.edu.hismarttv.com/images/20170629033936455331.jpg"}], "id": "38034"}], "width_horizontal": null, "width": null}, {"index": 1, "facets": [{"index": 1, "typeCode": 1002, "grade": null, "title": "\u90d1\u591a\u71d5FigureMat\u57ab\u4e0a\u64cd", "backgroundImages": [{"url": "http://picture.edu.hismarttv.com/images/20161212022344417148.jpg", "mobile_image_icon_url": null, "url_horizontal": "http://picture.edu.hismarttv.com/images/20170629033520364415.jpg"}], "id": "38035"}], "width_horizontal": null, "width": null}, {"index": 1, "facets": [{"index": 1, "typeCode": 1002, "grade": null, "title": "\u548c\u5973\u795e\u4e00\u8d77\u5b66\u53e3\u8bed\uff08\u7f51\u7edc\u5267\uff09", "backgroundImages": [{"url": "http://picture.edu.hismarttv.com/images/20170316053549297889.jpg", "mobile_image_icon_url": null, "url_horizontal": null}], "id": "35901"}], "width_horizontal": null, "width": null}, {"index": 1, "facets": [{"index": 1, "typeCode": 1002, "grade": null, "title": "\u770b\u5927\u7247\u5b66\u82f1\u6587\uff08\u7f51\u7edc\u5267\uff09", "backgroundImages": [{"url": "http://picture.edu.hismarttv.com/images/20170316053716559350.jpg", "mobile_image_icon_url": null, "url_horizontal": null}], "id": "35891"}], "width_horizontal": null, "width": null}, {"index": 1, "facets": [{"index": 1, "typeCode": 1002, "
07-05 23:09:01.231 D/OkHttp  (21136): <-- 200 OK http://picture.edu.hismarttv.com/images/20170628115357740238.png (34ms)
07-05 23:09:01.231 D/OkHttp  (21136): Date: Wed, 05 Jul 2017 14:20:52 GMT
07-05 23:09:01.231 D/OkHttp  (21136): Server: nginx
07-05 23:09:01.231 D/OkHttp  (21136): Content-Type: image/png
07-05 23:09:01.231 D/OkHttp  (21136): Content-Length: 2204
07-05 23:09:01.231 D/OkHttp  (21136): Last-Modified: Wed, 28 Jun 2017 11:53:57 GMT
07-05 23:09:01.231 D/OkHttp  (21136): ETag: "595398d5-89c"
07-05 23:09:01.231 D/OkHttp  (21136): Accept-Ranges: bytes
07-05 23:09:01.231 D/OkHttp  (21136): Age: 2889
07-05 23:09:01.231 D/OkHttp  (21136): Via: 1.1 pingwangtong52:0 (Cdn Cache Server V2.0)[0 200 0], 1.1 PSahmaswt2ua207:5 (Cdn Cache Server V2.0)[0 200 0]
07-05 23:09:01.231 D/OkHttp  (21136): Connection: keep-alive
07-05 23:09:01.231 D/OkHttp  (21136): <-- END HTTP
07-05 23:09:01.233 D/HttpHandler(21136): DNSHelper-->gslbDns=["36.33.158.222","112.65.220.40","218.58.206.58","123.128.14.209","153.35.175.121","220.202.77.124","153.35.175.120"]
07-05 23:09:01.244 D/HttpHandler(21136): RetryIntercepter-->retryNum=0
07-05 23:09:01.244 D/HttpHandler(21136): RetryIntercepter-->backoffmutiplier=0
07-05 23:09:01.256 I/TVMW@HsTvSetting( 1234): Trace cmd, data = 0x1058
07-05 23:09:01.258 D/til@system( 2026): til_get_system_param option:100002F int:0, bool:0, ret:0
07-05 23:09:01.259 I/TVMW@HsTvSetting( 1234): Trace cmd, data = 0x101f
07-05 23:09:01.259 D/til@system( 2026): til_get_system_param option:100001D int:3, bool:3, ret:0
07-05 23:09:01.259 E/til     ( 2026): [til_get_current_input_source, 101] 
07-05 23:09:01.259 I/TVMW@HsTvSetting( 1234): Trace cmd, data = 0x7007
07-05 23:09:01.259 I/tilwrapper@sm( 2026): HS2TIL_SourceType *hs=0xd, *til=0x900
07-05 23:09:01.259 D/til     ( 2026): get current source 2304
07-05 23:09:01.259 D/SourceRemoteServiceHandler( 2026): getCurrentInputSource.from.til.result is 0, value is 2304
07-05 23:09:01.259 D/SourceRemoteServiceHandler( 2026): getInputSourceType source: 0x900, type=2304
07-05 23:09:01.259 D/til     ( 2026): ###### func:til_get_picture_param option:0x3000006 ######  
07-05 23:09:01.260 I/TVMW@HsTvSetting( 1234): Trace cmd, data = 0x1003
07-05 23:09:01.260 I/TVMW@HsTvSetting( 1234): Trace cmd, data = 0x8032
07-05 23:09:01.260 I/hstvos  ( 1216): [0m[1;33m[HSHAL][HS_VIDEO][HS_HAL_Video_SetOsdDetect_v2][2389]u16Threshold = 20
07-05 23:09:01.261 I/MiSysSrv( 1214): Not support now! 42, change to mm_video!!!
07-05 23:09:01.261 E/TVMW@videoctrl( 1234):  getOsd is 1
07-05 23:09:01.261 D/til@system( 2026): til_get_system_param option:1000027 int:1, bool:1, ret:0
07-05 23:09:01.262 D/til     ( 2026): ###### func:til_get_picture_param option:0x3000045 ######  
07-05 23:09:01.262 I/TVMW@HsTvSetting( 1234): Trace cmd, data = 0x300c
07-05 23:09:01.262 I/TVMW@HsTvSetting( 1234): Trace 3d, data = 0x300c
07-05 23:09:01.262 I/TVMW@3d ( 1234): Hs_debug3d_trace: func:get3dStatus, line:109
07-05 23:09:01.265 I/DataDBLite(21136): onCreate
07-05 23:09:01.281 E/WebcastSDK-HiCloudImageCacheManager(21136): HiCloudImageCacheManager(), isImageCacheLimitedStat = true
07-05 23:09:01.282 I/WebcastSDK-WebcastManager(21136): addListener(), add ICarouselListener com.hisense.webcastSDK.data.hicloud.HiCloudSourcePlugin$2@34f26948
07-05 23:09:01.282 I/WebcastSDK-WebcastManager(21136): adding listener com.hisense.webcastSDK.data.hicloud.HiCloudSourcePlugin$1@1cfaf3e1
07-05 23:09:01.282 I/WebcastSDK-HiCloudSourcePlugin(21136): addListener(), add INetworkDataListener com.hisense.webcastSDK.data.internal.EPGDataManager$1@e2e9506
07-05 23:09:01.282 I/WebcastSDK-WebcastManager(21136): adding listener com.hisense.webcastSDK.utils.DataReport$1@3e177c7
07-05 23:09:01.282 D/WebcastSDK-WebcastInternalImpl(21136): init all manager.
07-05 23:09:01.301 D/Carousel-Utils(21136): SCREEN_WIDTH:1920,SCREEN_Height:1080,destity:2.0,smallWidth:818,height:460,listItem w:268,h:226,top:38,bottom:38
07-05 23:09:01.315 D/OkHttp  (21136): --> GET http://picture.edu.hismarttv.com/images/20170628111759213347.png http/1.1
07-05 23:09:01.315 D/OkHttp  (21136): Host: picture.edu.hismarttv.com
07-05 23:09:01.315 D/OkHttp  (21136): Connection: Keep-Alive
07-05 23:09:01.315 D/OkHttp  (21136): Accept-Encoding: gzip
07-05 23:09:01.315 D/OkHttp  (21136): User-Agent: okhttp/3.6.0
07-05 23:09:01.315 D/OkHttp  (21136): --> END GET
07-05 23:09:01.327 D/OkHttp  (21136): <-- 200 OK http://picture.edu.hismarttv.com/images/20170628111729989045.png (307ms)
07-05 23:09:01.327 D/OkHttp  (21136): Date: Wed, 05 Jul 2017 14:11:51 GMT
07-05 23:09:01.327 D/OkHttp  (21136): Server: nginx
07-05 23:09:01.327 D/OkHttp  (21136): Content-Type: image/png
07-05 23:09:01.327 D/OkHttp  (21136): Content-Length: 2752
07-05 23:09:01.327 D/OkHttp  (21136): Last-Modified: Wed, 28 Jun 2017 11:17:29 GMT
07-05 23:09:01.327 D/OkHttp  (21136): ETag: "59539049-ac0"
07-05 23:09:01.327 D/OkHttp  (21136): Accept-Ranges: bytes
07-05 23:09:01.327 D/OkHttp  (21136): Age: 3429
07-05 23:09:01.327 D/OkHttp  (21136): Via: 1.1 zhiwangtong173:3 (Cdn Cache Server V2.0)[0 200 0], 1.1 PSahmaswt2yw211:7 (Cdn Cache Server V2.0)[0 200 0]
07-05 23:09:01.327 D/OkHttp  (21136): Connection: keep-alive
07-05 23:09:01.327 D/OkHttp  (21136): <-- END HTTP
07-05 23:09:01.341 D/HttpHandler(21136): VerifySignInterCeptor-->request.url()=http://picture.edu.hismarttv.com/images/20170628111836879100.png
07-05 23:09:01.342 D/HttpHandler(21136): VerifySignInterCeptor-->hostname=picture.edu.hismarttv.com
07-05 23:09:01.365 D/OkHttp  (21136): <-- 200 OK http://picture.edu.hismarttv.com/images/20170628111759213347.png (50ms)
07-05 23:09:01.365 D/OkHttp  (21136): Date: Wed, 05 Jul 2017 14:23:53 GMT
07-05 23:09:01.365 D/OkHttp  (21136): Server: nginx
07-05 23:09:01.365 D/OkHttp  (21136): Content-Type: image/png
07-05 23:09:01.365 D/OkHttp  (21136): Content-Length: 2518
07-05 23:09:01.366 D/OkHttp  (21136): Last-Modified: Wed, 28 Jun 2017 11:17:59 GMT
07-05 23:09:01.366 D/OkHttp  (21136): ETag: "59539067-9d6"
07-05 23:09:01.366 D/OkHttp  (21136): Accept-Ranges: bytes
07-05 23:09:01.366 D/OkHttp  (21136): Age: 2708
07-05 23:09:01.366 D/OkHttp  (21136): Via: 1.1 pingwangtong47:3 (Cdn Cache Server V2.0)[0 200 0], 1.1 PSahmaswt2yw211:1 (Cdn Cache Server V2.0)[0 200 0]
07-05 23:09:01.366 D/OkHttp  (21136): Connection: keep-alive
07-05 23:09:01.366 D/OkHttp  (21136): <-- END HTTP
07-05 23:09:01.444 D/Carousel-CarouselView(21136): setModel,hascCode=49218011
07-05 23:09:01.445 D/HttpHandler(21136): RetryIntercepter-->retryNum=0
07-05 23:09:01.445 D/HttpHandler(21136): RetryIntercepter-->backoffmutiplier=0
07-05 23:09:01.446 W/linker  (21136): libChinaNetSecret.so: unused DT entry: type 0x6ffffffe arg 0xbf8
07-05 23:09:01.446 W/linker  (21136): libChinaNetSecret.so: unused DT entry: type 0x6fffffff arg 0x1
07-05 23:09:01.447 I/CurrentCarouselView(21136): security: ChinaNetCenterWskeyForJuHaoKan
07-05 23:09:01.447 I/CurrentCarouselView(21136): BaseApplication.sSignStr=3082023B308201A4A00302010202045051BD19300D06092A864886F70D01010505003062310B30090603550406130238363111300F060355040813085368616E646F6E673110300E0603550407130751696E6764616F311F301D060355040A1316486973656E7365206D65646961206E6574776F726B73310D300B0603550403130448695456301E170D3132303931333131303134355A170D3432303930363131303134355A3062310B30090603550406130238363111300F060355040813085368616E646F6E673110300E0603550407130751696E6764616F311F301D060355040A1316486973656E7365206D65646961206E6574776F726B73310D300B060355040313044869545630819F300D06092A864886F70D010101050003818D0030818902818100841C2D9F5F1E0BBB4DF77826A11FEFFB557C22B07892114637C945272821CF6A4CD023F45FC0B0E825EA8839470BE63B95CD5E4B64FF7ECC8A910DB20DBE2A9E8504EC39E7C0E8E74435F745F47D821124744FBF91A2C70CA85DC07D24C53322D8CC33C9EE542E872E44AF0E9E203328A106B31DC3BEC523600DDDA2204C665D0203010001300D06092A864886F70D0101050500038181003AA40C684E7AB45294882A0766EABD8C4BB7C0DFC4DE9ED13E192ECA9370C6B493257129F8DC248335D86877EAB36FBE9A8867E3F034BFD035CEC363073B558AAA6F42838FE0B1BEC3BC90B3E6FEE5D1D78C5CEC7966696D86FC071ED59063FD8E08DECAC8EBD0FB39443415B6725C00B0BACE4A06EF97D76158BF37D36720BB
07-05 23:09:01.447 I/CurrentCarouselView(21136): serverTime=1499267340000
07-05 23:09:01.448 E/WebcastSDK-WebcastManager(21136): setToken(), new Token = 72DF6038D2AEAB8A76DFBBBBCC428A4A_000264858532145
07-05 23:09:01.448 I/WebcastSDK-HiCloudSourcePlugin(21136): notifyAppTokenChanged(), token = 72DF6038D2AEAB8A76DFBBBBCC428A4A_000264858532145
07-05 23:09:01.449 V/PackageManager( 1733): getPackageInfo com.hisense.hicloud.edca: Package{3fb3f3a1 com.hisense.hicloud.edca}
07-05 23:09:01.451 I/WebcastSDK-(21136): getAppVersionCode(), versionCode = 652
07-05 23:09:01.453 I/WebcastSDK-DataReport(21136): notifyAppTokenChanged(), token = 72DF6038D2AEAB8A76DFBBBBCC428A4A_000264858532145
07-05 23:09:01.454 V/PackageManager( 1733): getPackageInfo com.hisense.hicloud.edca: Package{3fb3f3a1 com.hisense.hicloud.edca}
07-05 23:09:01.455 I/WebcastSDK-(21136): getAppVersionCode(), versionCode = 652
07-05 23:09:01.456 D/Carousel-(21136): setSignonInfo subscriberId:13287129,customerId:7195320
07-05 23:09:01.462 E/WebcastSDK-WebcastManager(21136): setAppServiceDomainList.
07-05 23:09:01.462 V/PackageManager( 1733): getPackageInfo com.hisense.hicloud.edca: Package{3fb3f3a1 com.hisense.hicloud.edca}
07-05 23:09:01.464 D/til@system( 2026): til_get_system_param option:1000007 int:-1936522368, bool:128, ret:0
07-05 23:09:01.468 I/WebcastSDK-(21136): getAppVersionCode(), versionCode = 652
07-05 23:09:01.476 D/til@system( 2026): til_get_system_param option:1000009 int:-1815632896, bool:0, ret:0
07-05 23:09:01.477 D/til@system( 2026): til_get_system_param option:1000008 int:-1936523008, bool:0, ret:0
07-05 23:09:01.477 D/HttpDnsUtils(21136): CEXX-getOperationDetail-productName : LED50MU8600UC
07-05 23:09:01.477 D/HttpDnsUtils(21136): CEXX-getOperationDetail-plmNumber : 88888
07-05 23:09:01.477 D/HttpDnsUtils(21136): CEXX-getOperationDetail-swVersion : V0000.00.01A
07-05 23:09:01.477 D/HttpDnsUtils(21136): CEXX-getOperationDetail-operationDetail : LED50MU8600UC0000888
07-05 23:09:01.478 I/FirstLineAdapter(21136): onBindViewHolder 3
07-05 23:09:01.487 D/til@system( 2026): til_get_system_param option:1000007 int:-1815633792, bool:128, ret:0
07-05 23:09:01.488 D/til@system( 2026): til_get_system_param option:1000009 int:-1936525184, bool:128, ret:0
07-05 23:09:01.489 D/til@system( 2026): til_get_system_param option:1000008 int:-1936522112, bool:128, ret:0
07-05 23:09:01.490 D/HttpDnsUtils(21136): CEXX-getOperationDetail-productName : LED50MU8600UC
07-05 23:09:01.490 D/HttpDnsUtils(21136): CEXX-getOperationDetail-plmNumber : 88888
07-05 23:09:01.490 D/HttpDnsUtils(21136): CEXX-getOperationDetail-swVersion : V0000.00.01A
07-05 23:09:01.490 D/HttpDnsUtils(21136): CEXX-getOperationDetail-operationDetail : LED50MU8600UC0000888
07-05 23:09:01.490 I/CurrentCarouselView(21136): setTrailData
07-05 23:09:01.490 I/Util    (21136): memory : total=1912,limit=1024
07-05 23:09:01.491 D/Carousel-CarouselPicVideoListInfo(21136): carouselList: 3
07-05 23:09:01.491 D/Carousel-CarouselView(21136): setData! info=com.hisense.hitv.carouselwidgit.bean.CarouselPicVideoListInfo@31979751, hascCode=49218011
07-05 23:09:01.491 D/Carousel-CarouselView(21136): showInitPoster.
07-05 23:09:01.491 D/Carousel-CarouselDisplayPlayerLayout(21136): isFullScreen:false
07-05 23:09:01.491 D/Carousel-CarouselView(21136): ACTION_CLEAR_POSTER_AND_PLAY isFullScreen:false
07-05 23:09:01.491 I/TVMW@devctrl( 1234): wdt
07-05 23:09:01.491 D/Carousel-CarouselView(21136): InitPosterUrl:http://picture.edu.hismarttv.com/images/20170629010146422927.jpg
07-05 23:09:01.492 D/Carousel-Utils(21136): displayImage view=android.widget.ImageView{274c4bb6 V.ED.... ......I. 0,0-0,0 #7f0d0029 app:id/imageView1}
07-05 23:09:01.492 D/Carousel-Utils(21136): displayImage url=http://picture.edu.hismarttv.com/images/20170629010146422927.jpg
07-05 23:09:01.500 I/CurrentCarouselView(21136): startPlay
07-05 23:09:01.500 I/CurrentCarouselView(21136): CurrentCarouselView.sHasShopDialog=false
07-05 23:09:01.500 I/CurrentCarouselView(21136): onAttachedToWindow
07-05 23:09:01.501 D/Carousel-CarouselView(21136): onAttachedToWindow.
07-05 23:09:01.502 I/MyItemDecoration(21136): getItemOffsets rect=Rect(-32, -16 - 0, 0),pos=3
07-05 23:09:01.518 D/Carousel-CarouselChannelItemView(21136): Listitem imageUrl:http://picture.edu.hismarttv.com/images/20170628102959016598.jpg
07-05 23:09:01.528 D/Carousel-CarouselChannelItemView(21136): Listitem imageUrl:http://picture.edu.hismarttv.com/images/20170628103002814396.jpg
07-05 23:09:01.533 D/Carousel-CarouselChannelItemView(21136): Listitem imageUrl:http://picture.edu.hismarttv.com/images/20170628103009181182.jpg
07-05 23:09:01.534 D/Carousel-CarouselChannelItemView(21136): Listitem imageUrl:http://picture.edu.hismarttv.com/images/20170628102959016598.jpg
07-05 23:09:01.540 D/HttpHandler(21136): VerifySignInterCeptor-->request.url()=http://picture.edu.hismarttv.com/images/20170628121916725281.png
07-05 23:09:01.540 D/HttpHandler(21136): VerifySignInterCeptor-->hostname=picture.edu.hismarttv.com
07-05 23:09:01.541 D/OkHttp  (21136): --> GET http://picture.edu.hismarttv.com/images/20170628121916725281.png http/1.1
07-05 23:09:01.541 D/OkHttp  (21136): Host: picture.edu.hismarttv.com
07-05 23:09:01.541 D/OkHttp  (21136): Connection: Keep-Alive
07-05 23:09:01.541 D/OkHttp  (21136): Accept-Encoding: gzip
07-05 23:09:01.541 D/OkHttp  (21136): User-Agent: okhttp/3.6.0
07-05 23:09:01.541 D/OkHttp  (21136): --> END GET
07-05 23:09:01.536 D/Carousel-CarouselChannelItemView(21136): Listitem imageUrl:http://picture.edu.hismarttv.com/images/20170628103002814396.jpg
07-05 23:09:01.545 D/Carousel-CarouselChannelItemView(21136): Listitem imageUrl:http://picture.edu.hismarttv.com/images/20170628103009181182.jpg
07-05 23:09:01.547 D/Carousel-CarouselChannelItemView(21136): Listitem imageUrl:http://picture.edu.hismarttv.com/images/20170628103002814396.jpg
07-05 23:09:01.552 D/Carousel-CarouselChannelItemView(21136): Listitem imageUrl:http://picture.edu.hismarttv.com/images/20170628102959016598.jpg
07-05 23:09:01.557 D/Carousel-CarouselChannelItemView(21136): Listitem imageUrl:http://picture.edu.hismarttv.com/images/20170628103009181182.jpg
07-05 23:09:01.559 I/FirstLineAdapter(21136): canShowTrailer,isOffline=false
07-05 23:09:01.559 I/FirstLineAdapter(21136): onCreateViewHolder viewtype=4
07-05 23:09:01.571 D/OkHttp  (21136): --> GET http://picture.edu.hismarttv.com/images/20170628111836879100.png http/1.1
07-05 23:09:01.571 D/OkHttp  (21136): Host: picture.edu.hismarttv.com
07-05 23:09:01.571 D/OkHttp  (21136): Connection: Keep-Alive
07-05 23:09:01.571 D/OkHttp  (21136): Accept-Encoding: gzip
07-05 23:09:01.571 D/OkHttp  (21136): User-Agent: okhttp/3.6.0
07-05 23:09:01.571 D/OkHttp  (21136): --> END GET
07-05 23:09:01.574 D/HttpHandler(21136): RetryIntercepter-->retryNum=0
07-05 23:09:01.574 D/HttpHandler(21136): RetryIntercepter-->backoffmutiplier=0
07-05 23:09:01.578 I/FirstLineAdapter(21136): onBindViewHolder 4
07-05 23:09:01.578 I/FirstLineAdapter(21136): canShowTrailer,isOffline=false
07-05 23:09:01.578 I/FirstLineAdapter(21136): canShowTrailer modify
07-05 23:09:01.578 I/FirstLineAdapter(21136): setMasterData4
07-05 23:09:01.578 I/FirstLineAdapter(21136): set current pos = 0
07-05 23:09:01.578 D/sloven  (21136): 1002---true
07-05 23:09:01.579 I/FirstLineAdapter(21136): canShowTrailer,isOffline=false
07-05 23:09:01.582 I/FirstLineAdapter(21136): canShowTrailer,isOffline=false
07-05 23:09:01.582 I/FirstLineAdapter(21136): onCreateViewHolder viewtype=4
07-05 23:09:01.593 D/HttpHandler(21136): VerifySignInterCeptor-->request.url()=http://picture.edu.hismarttv.com/images/20170628111857828826.png
07-05 23:09:01.593 D/HttpHandler(21136): VerifySignInterCeptor-->hostname=picture.edu.hismarttv.com
07-05 23:09:01.594 D/OkHttp  (21136): --> GET http://picture.edu.hismarttv.com/images/20170628111857828826.png http/1.1
07-05 23:09:01.594 D/OkHttp  (21136): Host: picture.edu.hismarttv.com
07-05 23:09:01.594 D/OkHttp  (21136): Connection: Keep-Alive
07-05 23:09:01.594 D/OkHttp  (21136): Accept-Encoding: gzip
07-05 23:09:01.594 D/OkHttp  (21136): User-Agent: okhttp/3.6.0
07-05 23:09:01.594 D/OkHttp  (21136): --> END GET
07-05 23:09:01.597 D/OkHttp  (21136): <-- 200 OK http://picture.edu.hismarttv.com/images/20170628111836879100.png (26ms)
07-05 23:09:01.597 D/OkHttp  (21136): Date: Wed, 05 Jul 2017 14:20:53 GMT
07-05 23:09:01.598 D/OkHttp  (21136): Server: nginx
07-05 23:09:01.598 D/OkHttp  (21136): Content-Type: image/png
07-05 23:09:01.598 D/OkHttp  (21136): Content-Length: 2420
07-05 23:09:01.598 D/OkHttp  (21136): Last-Modified: Wed, 28 Jun 2017 11:18:36 GMT
07-05 23:09:01.598 D/OkHttp  (21136): ETag: "5953908c-974"
07-05 23:09:01.598 D/OkHttp  (21136): Accept-Ranges: bytes
07-05 23:09:01.598 D/OkHttp  (21136): Age: 2888
07-05 23:09:01.598 D/OkHttp  (21136): Via: 1.1 hewangtong168:6 (Cdn Cache Server V2.0)[0 200 0], 1.1 PSahmaswt2ak213:6 (Cdn Cache Server V2.0)[0 200 0]
07-05 23:09:01.598 D/OkHttp  (21136): Connection: keep-alive
07-05 23:09:01.598 D/OkHttp  (21136): <-- END HTTP
07-05 23:09:01.602 I/FirstLineAdapter(21136): onBindViewHolder 5
07-05 23:09:01.602 I/FirstLineAdapter(21136): canShowTrailer,isOffline=false
07-05 23:09:01.602 I/FirstLineAdapter(21136): canShowTrailer modify
07-05 23:09:01.602 I/FirstLineAdapter(21136): setMasterData5
07-05 23:09:01.602 I/FirstLineAdapter(21136): set current pos = 1
07-05 23:09:01.602 D/sloven  (21136): 2005---false
07-05 23:09:01.602 D/sloven  (21136): 2005
07-05 23:09:01.605 V/PackageManager( 1733): getPackageInfo com.hisense.hicloud.edca: Package{3fb3f3a1 com.hisense.hicloud.edca}
07-05 23:09:01.614 I/FirstLineAdapter(21136): canShowTrailer,isOffline=false
07-05 23:09:01.615 I/MyItemDecoration(21136): getItemOffsets rect=Rect(-32, 0 - 0, 0),pos=4
07-05 23:09:01.618 I/MyItemDecoration(21136): getItemOffsets rect=Rect(-32, -5 - 0, 0),pos=5
07-05 23:09:01.619 D/Carousel-CarouselView(21136): smoothScroll.
07-05 23:09:01.619 D/Carousel-CarouselDisplayPlayerLayout(21136): isFullScreen:false
07-05 23:09:01.619 D/Carousel-CarouselView(21136): smoothScroll isOtherInstance return.
07-05 23:09:01.620 I/ContentBridgeAdapterListener(21136): onAddPresenter 2
07-05 23:09:01.621 D/OkHttp  (21136): <-- 200 OK http://picture.edu.hismarttv.com/images/20170628121916725281.png (79ms)
07-05 23:09:01.621 D/OkHttp  (21136): Date: Wed, 05 Jul 2017 14:19:52 GMT
07-05 23:09:01.621 D/OkHttp  (21136): Server: nginx
07-05 23:09:01.621 D/OkHttp  (21136): Content-Type: image/png
07-05 23:09:01.621 D/OkHttp  (21136): Content-Length: 2555
07-05 23:09:01.621 D/OkHttp  (21136): Last-Modified: Wed, 28 Jun 2017 12:19:16 GMT
07-05 23:09:01.621 D/OkHttp  (21136): ETag: "59539ec4-9fb"
07-05 23:09:01.621 D/OkHttp  (21136): Accept-Ranges: bytes
07-05 23:09:01.621 D/OkHttp  (21136): Age: 2949
07-05 23:09:01.621 D/OkHttp  (21136): Via: 1.1 jn239:1 (Cdn Cache Server V2.0)[16 200 0], 1.1 PSahmaswt2en210:7 (Cdn Cache Server V2.0)[0 200 0]
07-05 23:09:01.621 D/OkHttp  (21136): Connection: keep-alive
07-05 23:09:01.621 D/OkHttp  (21136): <-- END HTTP
07-05 23:09:01.623 D/HttpHandler(21136): RetryIntercepter-->retryNum=0
07-05 23:09:01.623 D/HttpHandler(21136): RetryIntercepter-->backoffmutiplier=0
07-05 23:09:01.642 D/HttpHandler(21136): RetryIntercepter-->retryNum=0
07-05 23:09:01.642 D/HttpHandler(21136): RetryIntercepter-->backoffmutiplier=0
07-05 23:09:01.648 I/ContentBridgeAdapterListener(21136): onCreate ViewHolder{3362395a position=-1 id=-1, oldPos=-1, pLpos:-1 unbound no parent}
07-05 23:09:01.648 I/BaseContentFragment(21136): setUpSharedViewPoolViewHolder{3362395a position=-1 id=-1, oldPos=-1, pLpos:-1 unbound no parent}
07-05 23:09:01.648 I/BaseContentFragment(21136): create view pool
07-05 23:09:01.648 I/BaseContentFragment(21136): setRowViewSelectedViewHolder{3362395a position=-1 id=-1, oldPos=-1, pLpos:-1 unbound no parent},isSelectedfalse
07-05 23:09:01.648 I/head    (21136): item=com.hisense.leanback.widget.ListRow@3e8078b
07-05 23:09:01.648 I/ContentBridgeAdapterListener(21136): onBind 
07-05 23:09:01.649 I/ContentBridgeAdapterListener(21136): onAttachedToWindow ViewHolder{3362395a position=2 id=-1, oldPos=-1, pLpos:-1}
07-05 23:09:01.651 I/CardSelectionPresenter(21136): onCreateViewHoldercom.hisense.leanback.widget.HorizontalGridView{1e86cc81 VFE..... ......I. 0,0-0,0 #7f0d038e app:id/row_content}
07-05 23:09:01.660 D/HttpHandler(21136): VerifySignInterCeptor-->request.url()=http://picture.edu.hismarttv.com/images/
07-05 23:09:01.660 D/HttpHandler(21136): VerifySignInterCeptor-->hostname=picture.edu.hismarttv.com
07-05 23:09:01.661 D/OkHttp  (21136): --> GET http://picture.edu.hismarttv.com/images/ http/1.1
07-05 23:09:01.661 D/OkHttp  (21136): Host: picture.edu.hismarttv.com
07-05 23:09:01.661 D/OkHttp  (21136): Connection: Keep-Alive
07-05 23:09:01.661 D/OkHttp  (21136): Accept-Encoding: gzip
07-05 23:09:01.661 D/OkHttp  (21136): User-Agent: okhttp/3.6.0
07-05 23:09:01.661 D/OkHttp  (21136): --> END GET
07-05 23:09:01.667 I/CardSelectionPresenter(21136): onBindViewHolder
07-05 23:09:01.667 D/sloven  (21136): 1002---false
07-05 23:09:01.668 I/CardSelectionPresenter(21136): width=400,height=220
07-05 23:09:01.687 D/HttpHandler(21136): VerifySignInterCeptor-->request.url()=http://picture.edu.hismarttv.com/images/20170629010146422927.jpg
07-05 23:09:01.687 D/HttpHandler(21136): VerifySignInterCeptor-->hostname=picture.edu.hismarttv.com
07-05 23:09:01.688 D/OkHttp  (21136): --> GET http://picture.edu.hismarttv.com/images/20170629010146422927.jpg http/1.1
07-05 23:09:01.688 D/OkHttp  (21136): Host: picture.edu.hismarttv.com
07-05 23:09:01.688 D/OkHttp  (21136): Connection: Keep-Alive
07-05 23:09:01.688 D/OkHttp  (21136): Accept-Encoding: gzip
07-05 23:09:01.688 D/OkHttp  (21136): User-Agent: okhttp/3.6.0
07-05 23:09:01.688 D/OkHttp  (21136): --> END GET
07-05 23:09:01.691 D/HttpHandler(21136): VerifySignInterCeptor-->request.url()=http://picture.edu.hismarttv.com/images/20170628103002814396.jpg
07-05 23:09:01.691 D/HttpHandler(21136): VerifySignInterCeptor-->hostname=picture.edu.hismarttv.com
07-05 23:09:01.692 D/OkHttp  (21136): --> GET http://picture.edu.hismarttv.com/images/20170628103002814396.jpg http/1.1
07-05 23:09:01.692 D/OkHttp  (21136): Host: picture.edu.hismarttv.com
07-05 23:09:01.692 D/OkHttp  (21136): Connection: Keep-Alive
07-05 23:09:01.692 D/OkHttp  (21136): Accept-Encoding: gzip
07-05 23:09:01.692 D/OkHttp  (21136): User-Agent: okhttp/3.6.0
07-05 23:09:01.692 D/OkHttp  (21136): --> END GET
07-05 23:09:01.697 D/hailongqiu(21136): hailongqiu position:0
07-05 23:09:01.700 I/CardSelectionPresenter(21136): onCreateViewHoldercom.hisense.leanback.widget.HorizontalGridView{1e86cc81 VFE..... ......ID 0,0-1738,279 #7f0d038e app:id/row_content}
07-05 23:09:01.705 I/CardSelectionPresenter(21136): onBindViewHolder
07-05 23:09:01.706 D/sloven  (21136): 1002---false
07-05 23:09:01.713 D/OkHttp  (21136): <-- 200 OK http://picture.edu.hismarttv.com/images/20170628111857828826.png (118ms)
07-05 23:09:01.713 D/OkHttp  (21136): Date: Wed, 05 Jul 2017 14:11:52 GMT
07-05 23:09:01.713 D/OkHttp  (21136): Server: nginx
07-05 23:09:01.713 D/OkHttp  (21136): Content-Type: image/png
07-05 23:09:01.713 D/OkHttp  (21136): Content-Length: 2318
07-05 23:09:01.713 D/OkHttp  (21136): Last-Modified: Wed, 28 Jun 2017 11:18:57 GMT
07-05 23:09:01.713 D/OkHttp  (21136): ETag: "595390a1-90e"
07-05 23:09:01.713 D/OkHttp  (21136): Accept-Ranges: bytes
07-05 23:09:01.713 D/OkHttp  (21136): Age: 3429
07-05 23:09:01.713 D/OkHttp  (21136): Via: 1.1 pingwangtong52:8 (Cdn Cache Server V2.0)[0 200 0], 1.1 PSahmaswt2vv209:9 (Cdn Cache Server V2.0)[0 200 0]
07-05 23:09:01.713 D/OkHttp  (21136): Connection: keep-alive
07-05 23:09:01.713 D/OkHttp  (21136): <-- END HTTP
07-05 23:09:01.713 I/CardSelectionPresenter(21136): width=400,height=220
07-05 23:09:01.714 D/HttpHandler(21136): RetryIntercepter-->retryNum=0
07-05 23:09:01.714 D/HttpHandler(21136): RetryIntercepter-->backoffmutiplier=0
07-05 23:09:01.731 I/CardSelectionPresenter(21136): onCreateViewHoldercom.hisense.leanback.widget.HorizontalGridView{1e86cc81 VFE..... ......ID 0,0-1738,279 #7f0d038e app:id/row_content}
07-05 23:09:01.741 I/CardSelectionPresenter(21136): onBindViewHolder
07-05 23:09:01.741 D/sloven  (21136): 1002---false
07-05 23:09:01.742 I/CardSelectionPresenter(21136): width=400,height=220
07-05 23:09:01.744 D/HttpHandler(21136): VerifySignInterCeptor-->request.url()=http://picture.edu.hismarttv.com/images/20170628102959016598.jpg
07-05 23:09:01.744 D/HttpHandler(21136): VerifySignInterCeptor-->hostname=picture.edu.hismarttv.com
07-05 23:09:01.745 D/OkHttp  (21136): --> GET http://picture.edu.hismarttv.com/images/20170628102959016598.jpg http/1.1
07-05 23:09:01.745 D/OkHttp  (21136): Host: picture.edu.hismarttv.com
07-05 23:09:01.745 D/OkHttp  (21136): Connection: Keep-Alive
07-05 23:09:01.745 D/OkHttp  (21136): Accept-Encoding: gzip
07-05 23:09:01.745 D/OkHttp  (21136): User-Agent: okhttp/3.6.0
07-05 23:09:01.745 D/OkHttp  (21136): --> END GET
07-05 23:09:01.750 I/CardSelectionPresenter(21136): onCreateViewHoldercom.hisense.leanback.widget.HorizontalGridView{1e86cc81 VFE..... ......ID 0,0-1738,279 #7f0d038e app:id/row_content}
07-05 23:09:01.756 I/CardSelectionPresenter(21136): onBindViewHolder
07-05 23:09:01.756 D/sloven  (21136): 1002---false
07-05 23:09:01.757 I/CardSelectionPresenter(21136): width=400,height=220
07-05 23:09:01.763 E/RecyclerView(21136): No adapter attached; skipping layout
07-05 23:09:01.763 E/RecyclerView(21136): No adapter attached; skipping layout
07-05 23:09:01.763 I/TVMW@HsTvSetting( 1234): Trace cmd, data = 0x1058
07-05 23:09:01.763 D/til@system( 2026): til_get_system_param option:100002F int:0, bool:0, ret:0
07-05 23:09:01.763 D/Carousel-CarouselView(21136): ============>onScrollChanged hashCode:49218011
07-05 23:09:01.764 I/TVMW@HsTvSetting( 1234): Trace cmd, data = 0x101f
07-05 23:09:01.764 D/til@system( 2026): til_get_system_param option:100001D int:3, bool:3, ret:0
07-05 23:09:01.764 E/til     ( 2026): [til_get_current_input_source, 101] 
07-05 23:09:01.764 I/TVMW@HsTvSetting( 1234): Trace cmd, data = 0x7007
07-05 23:09:01.764 I/tilwrapper@sm( 2026): HS2TIL_SourceType *hs=0xd, *til=0x900
07-05 23:09:01.764 D/til     ( 2026): get current source 2304
07-05 23:09:01.764 D/SourceRemoteServiceHandler( 2026): getCurrentInputSource.from.til.result is 0, value is 2304
07-05 23:09:01.764 D/SourceRemoteServiceHandler( 2026): getInputSourceType source: 0x900, type=2304
07-05 23:09:01.764 D/til     ( 2026): ###### func:til_get_picture_param option:0x3000006 ######  
07-05 23:09:01.764 I/TVMW@HsTvSetting( 1234): Trace cmd, data = 0x1003
07-05 23:09:01.765 I/TVMW@HsTvSetting( 1234): Trace cmd, data = 0x8032
07-05 23:09:01.765 I/hstvos  ( 1216): [0m[1;33m[HSHAL][HS_VIDEO][HS_HAL_Video_SetOsdDetect_v2][2389]u16Threshold = 20
07-05 23:09:01.766 E/TVMW@videoctrl( 1234):  getOsd is 1
07-05 23:09:01.766 D/til@system( 2026): til_get_system_param option:1000027 int:1, bool:1, ret:0
07-05 23:09:01.766 I/MiSysSrv( 1214): Not support now! 42, change to mm_video!!!
07-05 23:09:01.766 D/til     ( 2026): ###### func:til_get_picture_param option:0x3000045 ######  
07-05 23:09:01.766 I/TVMW@HsTvSetting( 1234): Trace cmd, data = 0x300c
07-05 23:09:01.766 I/TVMW@HsTvSetting( 1234): Trace 3d, data = 0x300c
07-05 23:09:01.766 I/TVMW@3d ( 1234): Hs_debug3d_trace: func:get3dStatus, line:109
07-05 23:09:01.784 D/OkHttp  (21136): <-- 200 OK http://picture.edu.hismarttv.com/images/20170629010146422927.jpg (95ms)
07-05 23:09:01.784 D/OkHttp  (21136): Date: Wed, 05 Jul 2017 14:11:52 GMT
07-05 23:09:01.784 D/OkHttp  (21136): Server: nginx
07-05 23:09:01.784 D/OkHttp  (21136): Content-Type: image/jpeg
07-05 23:09:01.794 I/MyFragmentStateAdapter(21136): getCount
07-05 23:09:01.809 D/gralloc ( 1204): allocate buffer from ION HEAP 0x1
07-05 23:09:01.809 D/gralloc ( 1204): allocate memory from system heap
07-05 23:09:01.823 D/OkHttp  (21136): <-- 200 OK http://picture.edu.hismarttv.com/images/20170628103002814396.jpg (131ms)
07-05 23:09:01.823 D/OkHttp  (21136): Date: Wed, 05 Jul 2017 14:24:56 GMT
07-05 23:09:01.823 D/OkHttp  (21136): Server: nginx
07-05 23:09:01.823 D/OkHttp  (21136): Content-Type: image/jpeg
07-05 23:09:01.823 D/OkHttp  (21136): Content-Length: 54264
07-05 23:09:01.823 D/OkHttp  (21136): Last-Modified: Wed, 28 Jun 2017 10:30:02 GMT
07-05 23:09:01.823 D/OkHttp  (21136): ETag: "5953852a-d3f8"
07-05 23:09:01.823 D/OkHttp  (21136): Accept-Ranges: bytes
07-05 23:09:01.823 D/OkHttp  (21136): Age: 2645
07-05 23:09:01.823 D/OkHttp  (21136): Via: 1.1 chzhwt171:8 (Cdn Cache Server V2.0)[0 200 0], 1.1 PSahmaswt2vv209:0 (Cdn Cache Server V2.0)[0 200 0]
07-05 23:09:01.823 D/OkHttp  (21136): Connection: keep-alive
07-05 23:09:01.823 D/OkHttp  (21136): <-- END HTTP
07-05 23:09:01.828 D/OkHttp  (21136): <-- 200 OK http://picture.edu.hismarttv.com/images/20170628102959016598.jpg (82ms)
07-05 23:09:01.784 D/OkHttp  (21136): Content-Length: 145373
07-05 23:09:01.828 D/OkHttp  (21136): Last-Modified: Thu, 29 Jun 2017 01:01:46 GMT
