07-05 23:19:04.277 E/TVMW@videoctrl( 1234):  getOsd is 1
07-05 23:19:04.277 D/til@system( 2026): til_get_system_param option:1000027 int:1, bool:1, ret:0
07-05 23:19:04.277 D/til     ( 2026): ###### func:til_get_picture_param option:0x3000045 ######  
07-05 23:19:04.277 I/TVMW@HsTvSetting( 1234): Trace cmd, data = 0x300c
07-05 23:19:04.278 I/TVMW@HsTvSetting( 1234): Trace 3d, data = 0x300c
07-05 23:19:04.278 I/TVMW@3d ( 1234): Hs_debug3d_trace: func:get3dStatus, line:109
07-05 23:19:04.283 I/MyFragmentStateAdapter(26429): getCount
07-05 23:19:04.286 E/btif_config( 2964): [btif_config_get] node is TRUE!
07-05 23:19:04.286 E/btif_config( 2964): [btif_config_get] ret is TRUE!
07-05 23:19:04.330 I/MyFragmentStateAdapter(26429): getCount
07-05 23:19:04.358 I/MyFragmentStateAdapter(26429): getCount
07-05 23:19:04.362 I/TVMW@devctrl( 1234): wdt
07-05 23:19:04.371 I/MiSysSrv( 1214): [37m[INFO] Change to Voltage: 107 mv (0x28)[m
07-05 23:19:04.388 I/MyFragmentStateAdapter(26429): getCount
07-05 23:19:04.415 I/MyFragmentStateAdapter(26429): getCount
07-05 23:19:04.430 I/NetflixMonitorService( 1733): current fgapk : com.hisense.hicloud.edca
07-05 23:19:04.430 I/NetflixMonitorService( 1733): Netflix status unchanged
07-05 23:19:04.451 I/MyFragmentStateAdapter(26429): getCount
07-05 23:19:04.469 I/MiSysSrv( 1214): [37m[INFO] Change to Voltage: 117 mv (0x32)[m
07-05 23:19:04.486 D/PowerManagerService( 1733): acquireWakeLockInternal: lock=113832109, flags=0x1, tag="NetworkStats", ws=null, uid=1000, pid=1733
07-05 23:19:04.487 D/PowerManagerNotifier( 1733): onWakeLockAcquired: flags=1, tag="NetworkStats", packageName=android, ownerUid=1000, ownerPid=1733, workSource=null
07-05 23:19:04.487 D/NtpTrustedTime( 1733): currentTimeMillis() cache hit
07-05 23:19:04.493 D/NtpTrustedTime( 1733): currentTimeMillis() cache hit
07-05 23:19:04.495 I/MyFragmentStateAdapter(26429): getCount
07-05 23:19:04.497 D/NtpTrustedTime( 1733): currentTimeMillis() cache hit
07-05 23:19:04.497 D/NtpTrustedTime( 1733): currentTimeMillis() cache hit
07-05 23:19:04.498 D/PowerManagerService( 1733): releaseWakeLockInternal: lock=113832109 [NetworkStats], flags=0x0
07-05 23:19:04.498 D/PowerManagerNotifier( 1733): onWakeLockReleased: flags=1, tag="NetworkStats", packageName=android, ownerUid=1000, ownerPid=1733, workSource=null
07-05 23:19:04.529 I/MyFragmentStateAdapter(26429): getCount
07-05 23:19:04.564 I/MyFragmentStateAdapter(26429): getCount
07-05 23:19:04.586 I/MyFragmentStateAdapter(26429): getCount
07-05 23:19:04.597 D/MSTAR_VDEC_DBG( 1206): Stream ID: 0, Rate : 24 (E:0,D:0,S:0,F:74) 
07-05 23:19:04.621 I/MyFragmentStateAdapter(26429): getCount
07-05 23:19:04.653 E/btif_config( 2964): [btif_config_get] node is TRUE!
07-05 23:19:04.653 E/btif_config( 2964): [btif_config_get] ret is TRUE!
07-05 23:19:04.655 I/MyFragmentStateAdapter(26429): getCount
07-05 23:19:04.671 I/MiSysSrv( 1214): [37m[INFO] Change to Voltage: 117 mv (0x32)[m
07-05 23:19:04.692 I/MyFragmentStateAdapter(26429): getCount
07-05 23:19:04.710 D/ReminderManager(15961): Checking reminders in 60000 ms
07-05 23:19:04.715 D/IntertrustDRMManager(26429): [TID 26603] wasabi runtime initialized success.
07-05 23:19:04.723 I/MyFragmentStateAdapter(26429): getCount
07-05 23:19:04.744 I/MyFragmentStateAdapter(26429): getCount
07-05 23:19:04.752 D/DtvSourcePlugin-DVBC(15961): Setting the EPG Updater state to: WAIT
07-05 23:19:04.761 I/MyFragmentStateAdapter(26429): getCount
07-05 23:19:04.769 I/MiSysSrv( 1214): [37m[INFO] Change to Voltage: 112 mv (0x2D)[m
07-05 23:19:04.779 I/TVMW@HsTvSetting( 1234): Trace cmd, data = 0x1058
07-05 23:19:04.779 D/til@system( 2026): til_get_system_param option:100002F int:0, bool:0, ret:0
07-05 23:19:04.780 I/TVMW@HsTvSetting( 1234): Trace cmd, data = 0x101f
07-05 23:19:04.780 D/til@system( 2026): til_get_system_param option:100001D int:3, bool:3, ret:0
07-05 23:19:04.780 E/til     ( 2026): [til_get_current_input_source, 101] 
07-05 23:19:04.781 I/TVMW@HsTvSetting( 1234): Trace cmd, data = 0x7007
07-05 23:19:04.781 I/tilwrapper@sm( 2026): HS2TIL_SourceType *hs=0xd, *til=0x900
07-05 23:19:04.781 D/til     ( 2026): get current source 2304
07-05 23:19:04.781 D/SourceRemoteServiceHandler( 2026): getCurrentInputSource.from.til.result is 0, value is 2304
07-05 23:19:04.781 D/SourceRemoteServiceHandler( 2026): getInputSourceType source: 0x900, type=2304
07-05 23:19:04.781 D/til     ( 2026): ###### func:til_get_picture_param option:0x3000006 ######  
07-05 23:19:04.781 I/TVMW@HsTvSetting( 1234): Trace cmd, data = 0x1003
07-05 23:19:04.782 I/TVMW@HsTvSetting( 1234): Trace cmd, data = 0x8032
07-05 23:19:04.782 I/hstvos  ( 1216): [0m[1;33m[HSHAL][HS_VIDEO][HS_HAL_Video_SetOsdDetect_v2][2389]u16Threshold = 20
07-05 23:19:04.782 E/TVMW@videoctrl( 1234):  getOsd is 1
07-05 23:19:04.782 D/til@system( 2026): til_get_system_param option:1000027 int:1, bool:1, ret:0
07-05 23:19:04.783 D/til     ( 2026): ###### func:til_get_picture_param option:0x3000045 ######  
07-05 23:19:04.783 I/TVMW@HsTvSetting( 1234): Trace cmd, data = 0x300c
07-05 23:19:04.783 I/TVMW@HsTvSetting( 1234): Trace 3d, data = 0x300c
07-05 23:19:04.783 I/TVMW@3d ( 1234): Hs_debug3d_trace: func:get3dStatus, line:109
07-05 23:19:04.790 I/MyFragmentStateAdapter(26429): getCount
07-05 23:19:04.820 I/MyFragmentStateAdapter(26429): getCount
07-05 23:19:04.851 I/MyFragmentStateAdapter(26429): getCount
07-05 23:19:04.869 I/MiSysSrv( 1214): [37m[INFO] Change to Voltage: 107 mv (0x28)[m
07-05 23:19:04.872 I/MyFragmentStateAdapter(26429): getCount
07-05 23:19:04.901 I/MyFragmentStateAdapter(26429): getCount
07-05 23:19:04.933 I/MyFragmentStateAdapter(26429): getCount
07-05 23:19:04.961 I/MyFragmentStateAdapter(26429): getCount
07-05 23:19:04.972 I/MiSysSrv( 1214): [37m[INFO] Change to Voltage: 102 mv (0x23)[m
07-05 23:19:04.991 I/MyFragmentStateAdapter(26429): getCount
07-05 23:19:05.012 I/MyFragmentStateAdapter(26429): getCount
07-05 23:19:05.033 I/MyFragmentStateAdapter(26429): getCount
07-05 23:19:05.054 I/MyFragmentStateAdapter(26429): getCount
07-05 23:19:05.089 I/MyFragmentStateAdapter(26429): getCount
07-05 23:19:05.115 I/MyFragmentStateAdapter(26429): getCount
07-05 23:19:05.137 I/MyFragmentStateAdapter(26429): getCount
07-05 23:19:05.167 I/MyFragmentStateAdapter(26429): getCount
07-05 23:19:05.196 I/MyFragmentStateAdapter(26429): getCount
07-05 23:19:05.225 I/MyFragmentStateAdapter(26429): getCount
07-05 23:19:05.247 I/MyFragmentStateAdapter(26429): getCount
07-05 23:19:05.262 I/TVMW@devctrl( 1234): wdt
07-05 23:19:05.274 I/MyFragmentStateAdapter(26429): getCount
07-05 23:19:05.284 I/TVMW@HsTvSetting( 1234): Trace cmd, data = 0x1058
07-05 23:19:05.285 D/til@system( 2026): til_get_system_param option:100002F int:0, bool:0, ret:0
07-05 23:19:05.285 I/TVMW@HsTvSetting( 1234): Trace cmd, data = 0x101f
07-05 23:19:05.285 D/til@system( 2026): til_get_system_param option:100001D int:3, bool:3, ret:0
07-05 23:19:05.286 E/til     ( 2026): [til_get_current_input_source, 101] 
07-05 23:19:05.286 I/TVMW@HsTvSetting( 1234): Trace cmd, data = 0x7007
07-05 23:19:05.286 I/tilwrapper@sm( 2026): HS2TIL_SourceType *hs=0xd, *til=0x900
07-05 23:19:05.286 D/til     ( 2026): get current source 2304
07-05 23:19:05.287 D/SourceRemoteServiceHandler( 2026): getCurrentInputSource.from.til.result is 0, value is 2304
07-05 23:19:05.287 D/SourceRemoteServiceHandler( 2026): getInputSourceType source: 0x900, type=2304
07-05 23:19:05.287 D/til     ( 2026): ###### func:til_get_picture_param option:0x3000006 ######  
07-05 23:19:05.287 I/TVMW@HsTvSetting( 1234): Trace cmd, data = 0x1003
07-05 23:19:05.288 I/TVMW@HsTvSetting( 1234): Trace cmd, data = 0x8032
07-05 23:19:05.288 I/hstvos  ( 1216): [0m[1;33m[HSHAL][HS_VIDEO][HS_HAL_Video_SetOsdDetect_v2][2389]u16Threshold = 20
07-05 23:19:05.289 E/TVMW@videoctrl( 1234):  getOsd is 1
07-05 23:19:05.289 D/til@system( 2026): til_get_system_param option:1000027 int:1, bool:1, ret:0
07-05 23:19:05.289 D/til     ( 2026): ###### func:til_get_picture_param option:0x3000045 ######  
07-05 23:19:05.289 I/TVMW@HsTvSetting( 1234): Trace cmd, data = 0x300c
07-05 23:19:05.289 I/TVMW@HsTvSetting( 1234): Trace 3d, data = 0x300c
07-05 23:19:05.289 I/TVMW@3d ( 1234): Hs_debug3d_trace: func:get3dStatus, line:109
07-05 23:19:05.296 I/MyFragmentStateAdapter(26429): getCount
07-05 23:19:05.321 I/MyFragmentStateAdapter(26429): getCount
07-05 23:19:05.335 D/PowerManagerService( 1733): acquireWakeLockInternal: lock=113832109, flags=0x1, tag="NetworkStats", ws=null, uid=1000, pid=1733
07-05 23:19:05.335 D/PowerManagerNotifier( 1733): onWakeLockAcquired: flags=1, tag="NetworkStats", packageName=android, ownerUid=1000, ownerPid=1733, workSource=null
07-05 23:19:05.335 D/NtpTrustedTime( 1733): currentTimeMillis() cache hit
07-05 23:19:05.342 D/NtpTrustedTime( 1733): currentTimeMillis() cache hit
07-05 23:19:05.343 D/NtpTrustedTime( 1733): currentTimeMillis() cache hit
07-05 23:19:05.343 D/NtpTrustedTime( 1733): currentTimeMillis() cache hit
07-05 23:19:05.344 D/PowerManagerService( 1733): releaseWakeLockInternal: lock=113832109 [NetworkStats], flags=0x0
07-05 23:19:05.344 D/PowerManagerNotifier( 1733): onWakeLockReleased: flags=1, tag="NetworkStats", packageName=android, ownerUid=1000, ownerPid=1733, workSource=null
07-05 23:19:05.348 I/MyFragmentStateAdapter(26429): getCount
07-05 23:19:05.377 I/MyFragmentStateAdapter(26429): getCount
07-05 23:19:05.411 I/MyFragmentStateAdapter(26429): getCount
07-05 23:19:05.431 I/NetflixMonitorService( 1733): current fgapk : com.hisense.hicloud.edca
07-05 23:19:05.431 I/NetflixMonitorService( 1733): Netflix status unchanged
07-05 23:19:05.446 I/MyFragmentStateAdapter(26429): getCount
07-05 23:19:05.483 I/MyFragmentStateAdapter(26429): getCount
07-05 23:19:05.503 I/MyFragmentStateAdapter(26429): getCount
07-05 23:19:05.531 I/MyFragmentStateAdapter(26429): getCount
07-05 23:19:05.551 I/MyFragmentStateAdapter(26429): getCount
07-05 23:19:05.577 I/MyFragmentStateAdapter(26429): getCount
07-05 23:19:05.602 I/MyFragmentStateAdapter(26429): getCount
07-05 23:19:05.632 I/MyFragmentStateAdapter(26429): getCount
07-05 23:19:05.638 D/MSTAR_VDEC_DBG( 1206): Stream ID: 0, Rate : 24 (E:0,D:0,S:0,F:99) 
07-05 23:19:05.656 I/MyFragmentStateAdapter(26429): getCount
07-05 23:19:05.687 I/MyFragmentStateAdapter(26429): getCount
07-05 23:19:05.713 I/MyFragmentStateAdapter(26429): getCount
07-05 23:19:05.738 I/MyFragmentStateAdapter(26429): getCount
07-05 23:19:05.761 I/MyFragmentStateAdapter(26429): getCount
07-05 23:19:05.786 I/MyFragmentStateAdapter(26429): getCount
07-05 23:19:05.792 I/TVMW@HsTvSetting( 1234): Trace cmd, data = 0x1058
07-05 23:19:05.794 D/til@system( 2026): til_get_system_param option:100002F int:0, bool:0, ret:0
07-05 23:19:05.794 I/TVMW@HsTvSetting( 1234): Trace cmd, data = 0x101f
07-05 23:19:05.794 D/til@system( 2026): til_get_system_param option:100001D int:3, bool:3, ret:0
07-05 23:19:05.794 E/til     ( 2026): [til_get_current_input_source, 101] 
07-05 23:19:05.794 I/TVMW@HsTvSetting( 1234): Trace cmd, data = 0x7007
07-05 23:19:05.794 I/tilwrapper@sm( 2026): HS2TIL_SourceType *hs=0xd, *til=0x900
07-05 23:19:05.794 D/til     ( 2026): get current source 2304
07-05 23:19:05.795 D/SourceRemoteServiceHandler( 2026): getCurrentInputSource.from.til.result is 0, value is 2304
07-05 23:19:05.795 D/SourceRemoteServiceHandler( 2026): getInputSourceType source: 0x900, type=2304
07-05 23:19:05.795 D/til     ( 2026): ###### func:til_get_picture_param option:0x3000006 ######  
07-05 23:19:05.795 I/TVMW@HsTvSetting( 1234): Trace cmd, data = 0x1003
07-05 23:19:05.795 I/TVMW@HsTvSetting( 1234): Trace cmd, data = 0x8032
07-05 23:19:05.795 I/hstvos  ( 1216): [0m[1;33m[HSHAL][HS_VIDEO][HS_HAL_Video_SetOsdDetect_v2][2389]u16Threshold = 20
07-05 23:19:05.796 E/TVMW@videoctrl( 1234):  getOsd is 1
07-05 23:19:05.796 D/til@system( 2026): til_get_system_param option:1000027 int:1, bool:1, ret:0
07-05 23:19:05.796 D/til     ( 2026): ###### func:til_get_picture_param option:0x3000045 ######  
07-05 23:19:05.797 I/TVMW@HsTvSetting( 1234): Trace cmd, data = 0x300c
07-05 23:19:05.797 I/TVMW@HsTvSetting( 1234): Trace 3d, data = 0x300c
07-05 23:19:05.797 I/TVMW@3d ( 1234): Hs_debug3d_trace: func:get3dStatus, line:109
07-05 23:19:05.825 I/MyFragmentStateAdapter(26429): getCount
07-05 23:19:05.845 I/MyFragmentStateAdapter(26429): getCount
07-05 23:19:05.872 I/MyFragmentStateAdapter(26429): getCount
07-05 23:19:05.896 I/MyFragmentStateAdapter(26429): getCount
07-05 23:19:05.917 I/MyFragmentStateAdapter(26429): getCount
07-05 23:19:05.941 I/MyFragmentStateAdapter(26429): getCount
07-05 23:19:05.963 I/MyFragmentStateAdapter(26429): getCount
07-05 23:19:05.989 I/MyFragmentStateAdapter(26429): getCount
07-05 23:19:06.009 D/GlobalInputEventMonitoringService( 1733): interceptKeyBeforeQueueing(), event:22, mNeedMonitorKeyEvent:true, mWaitForKeyUpEvent:false
07-05 23:19:06.009 D/GlobalInputEventMonitoringService( 1733): processKeyEvent(), processKeyEvent event:22
07-05 23:19:06.009 D/WindowManager( 1733): interceptKeyTq keycode=22 interactive=true keyguardActive=false policyFlags=2b000000 isCancled= false
07-05 23:19:06.009 D/PowerManagerService( 1733): userActivityNoUpdateLocked: eventTime=16787569, event=1, flags=0x0, uid=1000
07-05 23:19:06.009 D/WindowManager( 1733): interceptKeyTi keyCode=22 down=true repeatCount=0 keyguardOn=false mHomePressed=false canceled=false
07-05 23:19:06.010 D/WindowManager( 1733): Hisense systemkey event: 22
07-05 23:19:06.010 D/HisenseGlobalKeyManager( 1733): handleGlobalKey() : Global event = KeyEvent { action=ACTION_DOWN, keyCode=KEYCODE_DPAD_RIGHT, scanCode=0, metaState=0, flags=0x0, repeatCount=0, eventTime=16787569, downTime=16787569, deviceId=-1, source=0x101 }
07-05 23:19:06.019 I/art     (26394): Background sticky concurrent mark sweep GC freed 56694(2MB) AllocSpace objects, 0(0B) LOS objects, 54% free, 740KB/1617KB, paused 5.367ms total 581.982ms
07-05 23:19:06.047 D/SogouIME( 2203): [onKeyDown] keycode = 22 model = VIDAA_TV
07-05 23:19:06.051 I/MyFragmentStateAdapter(26429): getCount
07-05 23:19:06.076 D/Carousel-CarouselDisplayPlayerLayout(26429): HasFocus:false,keyCode:22
07-05 23:19:06.076 D/Carousel-CarouselDisplayPlayerLayout(26429): isFullScreen:false
07-05 23:19:06.076 I/HomeMainActivity(26429): carousel handle key:false
07-05 23:19:06.076 I/MainHomeView(26429): dispatchKeyEvent ACTION_DOWN now 
07-05 23:19:06.079 I/TabView (26429): onKeyListener() ACTION_DOWN keyCode -- 22
07-05 23:19:06.079 I/SoftFragmentList(26429): fetchCacheFragment  enter ---- index = 2
07-05 23:19:06.079 D/SoftFragmentList(26429): fetchCacheFragment  mFragmentCache.size() = 3
07-05 23:19:06.079 D/SoftFragmentList(26429): fetchCacheFragment mLastIndex = 2, view = 
07-05 23:19:06.079 I/BaseContentFragment(26429): initChildFocustrue,recyclerview=com.hisense.leanback.widget.VerticalGridView{25fbcab0 VFED.... ........ 0,0-1768,1080 #7f0d02c8 app:id/recyclerview_content}====---mIsVisibleToUser:true-------
07-05 23:19:06.087 D/til@system( 2026): til_get_system_param option:1000007 int:-1936525184, bool:128, ret:0
07-05 23:19:06.089 D/til@system( 2026): til_get_system_param option:1000009 int:-1936523008, bool:0, ret:0
07-05 23:19:06.090 D/til@system( 2026): til_get_system_param option:1000008 int:-1936522368, bool:128, ret:0
07-05 23:19:06.091 D/HiSDKLogReport(26429): getOperationDetail-productName : LED50MU8600UC
07-05 23:19:06.091 D/HiSDKLogReport(26429): getOperationDetail-plmNumber : 88888
07-05 23:19:06.091 D/HiSDKLogReport(26429): getOperationDetail-swVersion : V0000.00.01A
07-05 23:19:06.091 D/HiSDKLogReport(26429): getOperationDetail-operationDetail : LED50MU8600UC0000888
07-05 23:19:06.091 D/HiSDKLogReport(26429): businessLogReport-log : {eventType=232, APPVersionName=3.0.0.9.00, devid=86100300900000500000060a4818fca8, rowid=-1, uuid=13287129, APIversion=501, eventcode=232000, logversion=2.0, columnid=-1, devType=0, eventPos=000, groupid=-1, ChannelId=0, version=00.002.003, subscriberId=13287129, PFAPPCode=652, tabid=0, softwareVersion=LED50MU8600UC0000888, srceventcode=201000, mac=a8:a6:48:18:fc:a8, accessToken=72DF6038D2AEAB8A76DFBBBBCC428A4A_002261346378895, srctabid=0, APPPackage=com.hisense.hicloud.edca, sessionid=75bac8d1c73b405b96e49b06280df776, requesttime=1499267946091, customerId=7195320, model_id=0, requestid=386b2af14a1e414da15df921f26e76d5, tv_distribute_id=00, APIVersion=600, issysrepo=0}
07-05 23:19:06.091 D/BaseContentFragment(26429): initChildFocus firstlineview===>:com.hisense.tvui.newhome.view.SpecialFirstView{1893edf V.E..... ........ 10,185-1748,691}
07-05 23:19:06.092 D/setHistoryRequestFocus(26429): ===>false
07-05 23:19:06.094 I/FirstlineLayoutManager(26429): left=0,width=1738,scroll Distance=-1488
07-05 23:19:06.101 I/BaseContentFragment(26429): setRowViewSelectedViewHolder{2178ef64 position=0 id=-1, oldPos=-1, pLpos:-1},isSelectedfalse
07-05 23:19:06.102 I/BaseContentFragment(26429): setRowViewSelectedViewHolder{12094d83 position=1 id=-1, oldPos=-1, pLpos:-1},isSelectedtrue
07-05 23:19:06.102 I/RoleContentFragment(26429): onChildSelected:1,lastPos=0
07-05 23:19:06.103 W/System.err(26429): java.net.ConnectException: failed to connect to /10.18.210.112 (port 8900) after 6000ms: isConnected failed: ECONNREFUSED (Connection refused)
07-05 23:19:06.103 W/System.err(26429): 	at libcore.io.IoBridge.isConnected(IoBridge.java:238)
07-05 23:19:06.103 W/System.err(26429): 	at libcore.io.IoBridge.connectErrno(IoBridge.java:171)
07-05 23:19:06.103 W/System.err(26429): 	at libcore.io.IoBridge.connect(IoBridge.java:122)
07-05 23:19:06.103 W/System.err(26429): 	at java.net.PlainSocketImpl.connect(PlainSocketImpl.java:183)
07-05 23:19:06.103 W/System.err(26429): 	at java.net.PlainSocketImpl.connect(PlainSocketImpl.java:456)
07-05 23:19:06.103 W/System.err(26429): 	at java.net.Socket.connect(Socket.java:882)
07-05 23:19:06.103 W/System.err(26429): 	at com.android.okhttp.internal.Platform.connectSocket(Platform.java:174)
07-05 23:19:06.103 W/System.err(26429): 	at com.android.okhttp.Connection.connect(Connection.java:152)
07-05 23:19:06.103 W/System.err(26429): 	at com.android.okhttp.internal.http.HttpEngine.connect(HttpEngine.java:276)
07-05 23:19:06.103 W/System.err(26429): 	at com.android.okhttp.internal.http.HttpEngine.sendRequest(HttpEngine.java:211)
07-05 23:19:06.103 W/System.err(26429): 	at com.android.okhttp.internal.http.HttpURLConnectionImpl.execute(HttpURLConnectionImpl.java:382)
07-05 23:19:06.103 W/System.err(26429): 	at com.android.okhttp.internal.http.HttpURLConnectionImpl.connect(HttpURLConnectionImpl.java:106)
07-05 23:19:06.104 W/System.err(26429): 	at com.hisense.hitv.hicloud.util.ExceptionReport.a(ExceptionReport.java:337)
07-05 23:19:06.104 W/System.err(26429): 	at com.hisense.hitv.hicloud.util.ExceptionReport.a(ExceptionReport.java:39)
07-05 23:19:06.107 W/System.err(26429): 	at com.hisense.hitv.hicloud.util.ExceptionReport$1.run(ExceptionReport.java:83)
07-05 23:19:06.107 W/System.err(26429): 	at java.lang.Thread.run(Thread.java:818)
07-05 23:19:06.107 W/System.err(26429): Caused by: android.system.ErrnoException: isConnected failed: ECONNREFUSED (Connection refused)
07-05 23:19:06.107 W/System.err(26429): 	at libcore.io.IoBridge.isConnected(IoBridge.java:223)
07-05 23:19:06.107 W/System.err(26429): 	... 15 more
07-05 23:19:06.110 I/TabView (26429): onfocuschange:false
07-05 23:19:06.110 D/TabView (26429): icon---:2
07-05 23:19:06.110 E/TabView (26429): 
07-05 23:19:06.134 D/CommonHeader(26429): onTabStatusChanged tabstatus===>:40000
07-05 23:19:06.140 D/HttpHandler(26429): VerifySignInterCeptor-->request.url()=http://picture.edu.hismarttv.com/images/20170628121925625089.png
07-05 23:19:06.142 D/HttpHandler(26429): VerifySignInterCeptor-->hostname=picture.edu.hismarttv.com
07-05 23:19:06.145 D/OkHttp  (26429): --> GET http://picture.edu.hismarttv.com/images/20170628121925625089.png http/1.1
07-05 23:19:06.145 D/OkHttp  (26429): Host: picture.edu.hismarttv.com
07-05 23:19:06.145 D/OkHttp  (26429): Connection: Keep-Alive
07-05 23:19:06.145 D/OkHttp  (26429): Accept-Encoding: gzip
07-05 23:19:06.145 D/OkHttp  (26429): User-Agent: okhttp/3.6.0
07-05 23:19:06.145 D/OkHttp  (26429): --> END GET
07-05 23:19:06.161 D/GlobalInputEventMonitoringService( 1733): interceptKeyBeforeQueueing(), event:22, mNeedMonitorKeyEvent:true, mWaitForKeyUpEvent:false
07-05 23:19:06.161 D/GlobalInputEventMonitoringService( 1733): processKeyEvent(), processKeyEvent event:22
07-05 23:19:06.162 D/WindowManager( 1733): interceptKeyTq keycode=22 interactive=true keyguardActive=false policyFlags=2b000000 isCancled= false
07-05 23:19:06.162 D/WindowManager( 1733): interceptKeyTi keyCode=22 down=false repeatCount=0 keyguardOn=false mHomePressed=false canceled=false
07-05 23:19:06.162 D/WindowManager( 1733): Hisense systemkey event: 22
07-05 23:19:06.162 D/HisenseGlobalKeyManager( 1733): handleGlobalKey() : Global event = KeyEvent { action=ACTION_UP, keyCode=KEYCODE_DPAD_RIGHT, scanCode=0, metaState=0, flags=0x0, repeatCount=0, eventTime=16787569, downTime=16787569, deviceId=-1, source=0x101 }
07-05 23:19:06.162 I/TVMW@devctrl( 1234): wdt
07-05 23:19:06.169 D/OkHttp  (26429): <-- 200 OK http://picture.edu.hismarttv.com/images/20170628121925625089.png (23ms)
07-05 23:19:06.169 D/OkHttp  (26429): Date: Wed, 05 Jul 2017 14:00:55 GMT
07-05 23:19:06.169 D/OkHttp  (26429): Server: nginx
07-05 23:19:06.169 D/OkHttp  (26429): Content-Type: image/png
07-05 23:19:06.169 D/OkHttp  (26429): Content-Length: 3689
07-05 23:19:06.169 D/OkHttp  (26429): Last-Modified: Wed, 28 Jun 2017 12:19:25 GMT
07-05 23:19:06.169 D/OkHttp  (26429): ETag: "59539ecd-e69"
07-05 23:19:06.169 D/OkHttp  (26429): Accept-Ranges: bytes
07-05 23:19:06.169 D/OkHttp  (26429): Age: 4691
07-05 23:19:06.169 D/OkHttp  (26429): Via: 1.1 jnwt241:0 (Cdn Cache Server V2.0)[65 200 0], 1.1 luwangtong27:0 (Cdn Cache Server V2.0)[0 200 0]
07-05 23:19:06.169 D/OkHttp  (26429): Connection: keep-alive
07-05 23:19:06.169 D/OkHttp  (26429): <-- END HTTP
07-05 23:19:06.177 I/MyFragmentStateAdapter(26429): getCount
07-05 23:19:06.179 D/PowerManagerService( 1733): acquireWakeLockInternal: lock=113832109, flags=0x1, tag="NetworkStats", ws=null, uid=1000, pid=1733
07-05 23:19:06.179 D/PowerManagerNotifier( 1733): onWakeLockAcquired: flags=1, tag="NetworkStats", packageName=android, ownerUid=1000, ownerPid=1733, workSource=null
07-05 23:19:06.179 D/NtpTrustedTime( 1733): currentTimeMillis() cache hit
07-05 23:19:06.196 D/NtpTrustedTime( 1733): currentTimeMillis() cache hit
07-05 23:19:06.198 D/NtpTrustedTime( 1733): currentTimeMillis() cache hit
07-05 23:19:06.198 D/NtpTrustedTime( 1733): currentTimeMillis() cache hit
07-05 23:19:06.198 D/PowerManagerService( 1733): releaseWakeLockInternal: lock=113832109 [NetworkStats], flags=0x0
07-05 23:19:06.199 D/PowerManagerNotifier( 1733): onWakeLockReleased: flags=1, tag="NetworkStats", packageName=android, ownerUid=1000, ownerPid=1733, workSource=null
07-05 23:19:06.251 D/TabView (26429): 
07-05 23:19:06.252 D/HttpHandler(26429): RetryIntercepter-->retryNum=0
07-05 23:19:06.252 D/HttpHandler(26429): RetryIntercepter-->backoffmutiplier=0
07-05 23:19:06.259 D/TabView (26429): 
07-05 23:19:06.260 D/TabView (26429): 
07-05 23:19:06.261 D/TabView (26429): 
07-05 23:19:06.262 D/TabView (26429): 
07-05 23:19:06.263 D/TabView (26429): 
07-05 23:19:06.264 D/TabView (26429): 
07-05 23:19:06.264 I/art     (26429): Background sticky concurrent mark sweep GC freed 53417(1834KB) AllocSpace objects, 0(0B) LOS objects, 6% free, 27MB/29MB, paused 16.897ms total 94.665ms
07-05 23:19:06.266 D/TabView (26429): 
07-05 23:19:06.270 D/TabView (26429): 
07-05 23:19:06.273 D/TabView (26429): 
07-05 23:19:06.274 D/TabView (26429): 
07-05 23:19:06.275 D/TabView (26429): 
07-05 23:19:06.276 D/TabView (26429): 
07-05 23:19:06.277 D/TabView (26429): 
07-05 23:19:06.278 D/TabView (26429): 
07-05 23:19:06.279 D/TabView (26429): 
07-05 23:19:06.280 I/MyFragmentStateAdapter(26429): getCount
07-05 23:19:06.280 I/MyFragmentStateAdapter(26429): getCount
07-05 23:19:06.280 D/TabView (26429): 
07-05 23:19:06.281 D/TabView (26429): 
07-05 23:19:06.282 D/TabView (26429): 
07-05 23:19:06.282 D/TabView (26429): 
07-05 23:19:06.283 D/TabView (26429): 
07-05 23:19:06.284 D/TabView (26429): 
07-05 23:19:06.284 D/TabView (26429): 
07-05 23:19:06.285 D/TabView (26429): 
07-05 23:19:06.287 D/TabView (26429): 
07-05 23:19:06.288 D/TabView (26429): 
07-05 23:19:06.290 D/TabView (26429): 
07-05 23:19:06.291 D/TabView (26429): 
07-05 23:19:06.292 D/TabView (26429): 
07-05 23:19:06.292 D/TabView (26429): 
07-05 23:19:06.293 D/TabView (26429): 
07-05 23:19:06.294 D/TabView (26429): 
07-05 23:19:06.294 I/MyFragmentStateAdapter(26429): getCount
07-05 23:19:06.294 I/MyFragmentStateAdapter(26429): getCount
07-05 23:19:06.298 I/TVMW@HsTvSetting( 1234): Trace cmd, data = 0x1058
07-05 23:19:06.298 D/til@system( 2026): til_get_system_param option:100002F int:0, bool:0, ret:0
07-05 23:19:06.298 I/TVMW@HsTvSetting( 1234): Trace cmd, data = 0x101f
07-05 23:19:06.299 D/til@system( 2026): til_get_system_param option:100001D int:3, bool:3, ret:0
07-05 23:19:06.299 E/til     ( 2026): [til_get_current_input_source, 101] 
07-05 23:19:06.299 I/TVMW@HsTvSetting( 1234): Trace cmd, data = 0x7007
07-05 23:19:06.299 I/tilwrapper@sm( 2026): HS2TIL_SourceType *hs=0xd, *til=0x900
07-05 23:19:06.299 D/til     ( 2026): get current source 2304
07-05 23:19:06.299 D/SourceRemoteServiceHandler( 2026): getCurrentInputSource.from.til.result is 0, value is 2304
07-05 23:19:06.299 D/SourceRemoteServiceHandler( 2026): getInputSourceType source: 0x900, type=2304
07-05 23:19:06.299 D/til     ( 2026): ###### func:til_get_picture_param option:0x3000006 ######  
07-05 23:19:06.300 I/TVMW@HsTvSetting( 1234): Trace cmd, data = 0x1003
07-05 23:19:06.300 I/TVMW@HsTvSetting( 1234): Trace cmd, data = 0x8032
07-05 23:19:06.300 I/hstvos  ( 1216): [0m[1;33m[HSHAL][HS_VIDEO][HS_HAL_Video_SetOsdDetect_v2][2389]u16Threshold = 20
07-05 23:19:06.300 I/TabView (26429): onScroll:,firstItem=0,visibleCount=6,totalCount=10
07-05 23:19:06.302 E/TVMW@videoctrl( 1234):  getOsd is 1
07-05 23:19:06.302 D/til@system( 2026): til_get_system_param option:1000027 int:1, bool:1, ret:0
07-05 23:19:06.302 D/til     ( 2026): ###### func:til_get_picture_param option:0x3000045 ######  
07-05 23:19:06.302 I/TVMW@HsTvSetting( 1234): Trace cmd, data = 0x300c
07-05 23:19:06.302 I/TVMW@HsTvSetting( 1234): Trace 3d, data = 0x300c
07-05 23:19:06.303 I/TVMW@3d ( 1234): Hs_debug3d_trace: func:get3dStatus, line:109
07-05 23:19:06.304 D/Carousel-CarouselView(26429): ============>onScrollChanged hashCode:436542350
07-05 23:19:06.304 D/Carousel-CarouselDisplayPlayerLayout(26429): isFullScreen:false
07-05 23:19:06.305 I/MainHomeView(26429): onPanelSlide0.1908397---left177
07-05 23:19:06.312 I/CurrentCarouselView(26429): onCarouseControlCarouselControlBean{mShoudScroll=true, mActivityHasResume=false, mActivityHasStop=false, mHasTurnGone=false, mHasTurnVisible=false, mChannelId=-1, mSlideOffset=0.1908397, mShouldSelectCenter=false, mTabOpen=false, mHoriPosStatus=None, mVerPosStatus=None, mLevelStatus=None},isPlayingtrue,channelId=0
07-05 23:19:06.312 I/CurrentCarouselView(26429): is not the current page
07-05 23:19:06.312 I/CurrentCarouselView(26429): do scroll
07-05 23:19:06.312 D/Carousel-CarouselView(26429): smoothScroll.
07-05 23:19:06.312 D/Carousel-CarouselDisplayPlayerLayout(26429): isFullScreen:false
07-05 23:19:06.312 D/TabView (26429): onReceiveSlidingOffset ===>:0.1908397
07-05 23:19:06.314 I/MyFragmentStateAdapter(26429): getCount
07-05 23:19:06.330 D/Carousel-CarouselDisplayPlayerLayout(26429): HasFocus:false,keyCode:22
07-05 23:19:06.331 D/Carousel-CarouselDisplayPlayerLayout(26429): isFullScreen:false
07-05 23:19:06.331 I/HomeMainActivity(26429): carousel handle key:false
07-05 23:19:06.347 I/MainHomeView(26429): onPanelSlide0.10687023---left166
07-05 23:19:06.347 V/InputMethodService( 2203): startInput(): editor=android.view.inputmethod.EditorInfo@316e3d3
07-05 23:19:06.347 V/InputMethodService( 2203): CALL: onFinishInput
07-05 23:19:06.348 I/CurrentCarouselView(26429): onCarouseControlCarouselControlBean{mShoudScroll=true, mActivityHasResume=false, mActivityHasStop=false, mHasTurnGone=false, mHasTurnVisible=false, mChannelId=-1, mSlideOffset=0.10687023, mShouldSelectCenter=false, mTabOpen=false, mHoriPosStatus=None, mVerPosStatus=None, mLevelStatus=None},isPlayingtrue,channelId=0
07-05 23:19:06.348 I/CurrentCarouselView(26429): is not the current page
07-05 23:19:06.348 I/CurrentCarouselView(26429): do scroll
07-05 23:19:06.348 D/Carousel-CarouselView(26429): smoothScroll.
07-05 23:19:06.349 D/Carousel-CarouselDisplayPlayerLayout(26429): isFullScreen:false
07-05 23:19:06.349 D/TabView (26429): onReceiveSlidingOffset ===>:0.10687023
07-05 23:19:06.349 E/SOGOUIME_JNI( 2203): reset
07-05 23:19:06.350 E/SOGOUIME_JNI( 2203): getCandidates
07-05 23:19:06.350 E/SOGOUIME_JNI( 2203): ime_get_uncommitted_length
07-05 23:19:06.350 E/SOGOUIME_JNI( 2203): getCandidates
07-05 23:19:06.350 D/SogouIME API( 2203): ==============num:32
07-05 23:19:06.351 E/SOGOUIME_JNI( 2203): ime_get_uncommitted_length
07-05 23:19:06.351 D/SogouIME( 2203): mFocusedComponent:30   isHkbEnable:false
07-05 23:19:06.351 E/SOGOUIME_JNI( 2203): ime_get_uncommitted_length
07-05 23:19:06.351 E/SOGOUIME_JNI( 2203): ime_get_committed_length
07-05 23:19:06.351 E/SOGOUIME_JNI( 2203): getComposingInfo
07-05 23:19:06.351 E/SOGOUIME_JNI( 2203): getComposingInfo
07-05 23:19:06.351 E/SOGOUIME_JNI( 2203): getCorrectInfo
07-05 23:19:06.351 E/SOGOUIME_JNI( 2203): getComposingInfo
07-05 23:19:06.352 V/InputMethodService( 2203): CALL: onStartInput
07-05 23:19:06.352 E/SOGOUIME_JNI( 2203): invalidateCommitWordPinyinNative
07-05 23:19:06.352 D/SogouIME( 2203): =====configKeyboard=======:false     false
07-05 23:19:06.352 E/SOGOUIME_JNI( 2203): ime_set_hard_kb_enable
07-05 23:19:06.359 D/MyLocalStartService(16899): currentName is :com.hisense.hicloud.edca
07-05 23:19:06.363 D/Carousel-CarouselDisplayPlayerLayout(26429): x=394, y=167,w=892,h=536, hashCode=870280945
07-05 23:19:06.364 D/Carousel-CarouselDisplayPlayerLayout(26429): mX=511, mY=167,mWitdh=892,mHeight=536, hashCode=870280945
07-05 23:19:06.364 D/Carousel-CarouselDisplayPlayerLayout(26429): changed=true, hashCode=870280945
07-05 23:19:06.369 D/Carousel-Utils(26429): x=394,y=167, width=892,height=536
07-05 23:19:06.369 D/Carousel-CarouselDisplayPlayerLayout(26429): isFullScreen:false
07-05 23:19:06.369 D/Carousel-CarouselView(26429): ===========>onScrollStart
07-05 23:19:06.370 D/Carousel-Utils(26429): displayImage view=android.widget.ImageView{132eb45 I.ED.... ......ID 0,0-816,460 #7f0d0029 app:id/imageView1}
07-05 23:19:06.370 D/Carousel-Utils(26429): displayImage url=http://picture.edu.hismarttv.com/images/20170629010146422927.jpg
07-05 23:19:06.370 D/Carousel-Utils(26429): onResourceReady.
07-05 23:19:06.377 D/Carousel-Utils(26429): displayImage view=android.widget.ImageView{4de4075 I.ED.... ........ 0,0-816,460 #7f0d0029 app:id/imageView1}
07-05 23:19:06.377 D/Carousel-Utils(26429): displayImage url=http://picture.edu.hismarttv.com/images/20170629010146422927.jpg
07-05 23:19:06.377 D/Carousel-Utils(26429): onResourceReady.
07-05 23:19:06.380 D/CommonHeader(26429): app logo :refreshTimer: isRotatetrue
07-05 23:19:06.381 D/Carousel-CarouselDisplayPlayerLayout(26429): x=394, y=167,w=892,h=536, hashCode=870280945
07-05 23:19:06.381 D/Carousel-CarouselDisplayPlayerLayout(26429): mX=394, mY=167,mWitdh=892,mHeight=536, hashCode=870280945
07-05 23:19:06.381 D/Carousel-CarouselDisplayPlayerLayout(26429): changed=false, hashCode=870280945
07-05 23:19:06.381 D/Carousel-CarouselDisplayPlayerLayout(26429): extraTryCount=0
07-05 23:19:06.385 I/MyFragmentStateAdapter(26429): getCount
07-05 23:19:06.385 I/MyFragmentStateAdapter(26429): getCount
07-05 23:19:06.386 I/MyFragmentStateAdapter(26429): getCount
07-05 23:19:06.386 I/MyFragmentStateAdapter(26429): getCount
07-05 23:19:06.387 I/Carousel-UrlVideoView(26429): onMeasure(MeasureSpec: EXACTLY 816, MeasureSpec: EXACTLY 460)
07-05 23:19:06.387 D/Carousel-UrlVideoView(26429): widthSpecMode=1073741824
07-05 23:19:06.387 D/Carousel-UrlVideoView(26429): heightSpecMode=1073741824
07-05 23:19:06.387 D/Carousel-UrlVideoView(26429): widthSpecSize=816
07-05 23:19:06.387 D/Carousel-UrlVideoView(26429): heightSpecSize=460
07-05 23:19:06.387 I/Carousel-UrlVideoView(26429): onMeasure(MeasureSpec: EXACTLY 816, MeasureSpec: EXACTLY 460)
07-05 23:19:06.395 D/Carousel-UrlVideoView(26429): widthSpecMode=1073741824
07-05 23:19:06.395 D/Carousel-UrlVideoView(26429): heightSpecMode=1073741824
07-05 23:19:06.395 D/Carousel-UrlVideoView(26429): widthSpecSize=816
07-05 23:19:06.395 D/Carousel-UrlVideoView(26429): heightSpecSize=460
07-05 23:19:06.400 D/Surface ( 1733): onStatusChange() : mNativeObject = 547942774784 mUseImageHwRender = false
07-05 23:19:06.400 V/Surface ( 1733): nativeSetHardwareRender() : status = 0
07-05 23:19:06.400 V/Surface ( 1733): nativeSetHardwareRender() : end
07-05 23:19:06.402 D/PowerManagerService( 1733): releaseWakeLockInternal: lock=487931605 [WindowManager], flags=0x0
07-05 23:19:06.402 D/PowerManagerNotifier( 1733): onWakeLockReleased: flags=536870922, tag="WindowManager", packageName=android, ownerUid=1000, ownerPid=1733, workSource=WorkSource{10010}
07-05 23:19:06.402 D/PowerManagerService( 1733): userActivityNoUpdateLocked: eventTime=16787974, event=0, flags=0x1, uid=1000
07-05 23:19:06.402 D/PowerManagerService( 1733): setScreenBrightnessOverrideFromWindowManagerInternal done
07-05 23:19:06.406 D/Surface ( 1733): onStatusChange() : mNativeObject = 0 mUseImageHwRender = false
07-05 23:19:06.407 I/FirstLineAdapter(26429): canShowTrailer,isOffline=false
07-05 23:19:06.408 I/FirstLineAdapter(26429): canShowTrailer,isOffline=false
07-05 23:19:06.408 I/FirstLineAdapter(26429): canShowTrailer,isOffline=false
07-05 23:19:06.408 I/FirstLineAdapter(26429): canShowTrailer,isOffline=false
07-05 23:19:06.408 I/FirstLineAdapter(26429): canShowTrailer,isOffline=false
07-05 23:19:06.410 I/FirstLineAdapter(26429): canShowTrailer,isOffline=false
07-05 23:19:06.410 I/FirstLineAdapter(26429): canShowTrailer,isOffline=false
07-05 23:19:06.410 I/FirstLineAdapter(26429): canShowTrailer,isOffline=false
07-05 23:19:06.410 I/FirstLineAdapter(26429): canShowTrailer,isOffline=false
07-05 23:19:06.411 I/SurfaceView(26429): Changes: creating=false format=false size=false visible=false left=true top=false
07-05 23:19:06.411 I/SurfaceView(26429): Cur surface: Surface(name=null)/@0x1dcd979d
07-05 23:19:06.416 D/Surface ( 1733): onStatusChange() : mNativeObject = 547819090432 mUseImageHwRender = false
07-05 23:19:06.416 V/Surface ( 1733): nativeSetHardwareRender() : status = 0
07-05 23:19:06.416 V/Surface ( 1733): nativeSetHardwareRender() : end
07-05 23:19:06.418 D/PowerManagerService( 1733): setScreenBrightnessOverrideFromWindowManagerInternal done
07-05 23:19:06.420 D/Surface ( 1733): onStatusChange() : mNativeObject = 0 mUseImageHwRender = false
07-05 23:19:06.421 D/Surface (26429): onStatusChange() : mNativeObject = -531200000 mUseImageHwRender = false
07-05 23:19:06.421 V/Surface (26429): nativeSetHardwareRender() : status = 0
07-05 23:19:06.421 V/Surface (26429): nativeSetHardwareRender() : end
07-05 23:19:06.422 I/SurfaceView(26429): New surface: Surface(name=null)/@0x35299412, vis=true, frame=Rect(432, 205 - 1248, 665)
07-05 23:19:06.422 D/Surface (26429): onStatusChange() : mNativeObject = 0 mUseImageHwRender = false
07-05 23:19:06.422 D/Surface (26429): onStatusChange() : mNativeObject = -531200000 mUseImageHwRender = false
07-05 23:19:06.422 V/Surface (26429): nativeSetHardwareRender() : status = 0
07-05 23:19:06.422 V/Surface (26429): nativeSetHardwareRender() : end
07-05 23:19:06.424 V/SurfaceView(26429): Layout: x=432 y=205 w=816 h=460, frame=Rect(0, 0 - 816, 460)
07-05 23:19:06.427 I/MainHomeView(26429): onPanelSlide0.022900764---left155
07-05 23:19:06.427 I/CurrentCarouselView(26429): onCarouseControlCarouselControlBean{mShoudScroll=true, mActivityHasResume=false, mActivityHasStop=false, mHasTurnGone=false, mHasTurnVisible=false, mChannelId=-1, mSlideOffset=0.022900764, mShouldSelectCenter=false, mTabOpen=false, mHoriPosStatus=None, mVerPosStatus=None, mLevelStatus=None},isPlayingtrue,channelId=0
07-05 23:19:06.427 I/CurrentCarouselView(26429): is not the current page
07-05 23:19:06.427 I/CurrentCarouselView(26429): do scroll
07-05 23:19:06.427 D/Carousel-CarouselView(26429): smoothScroll.
07-05 23:19:06.427 D/Carousel-CarouselDisplayPlayerLayout(26429): isFullScreen:false
07-05 23:19:06.427 D/TabView (26429): onReceiveSlidingOffset ===>:0.022900764
07-05 23:19:06.433 I/NetflixMonitorService( 1733): current fgapk : com.hisense.hicloud.edca
07-05 23:19:06.433 I/NetflixMonitorService( 1733): Netflix status unchanged
07-05 23:19:06.434 I/MyFragmentStateAdapter(26429): getCount
07-05 23:19:06.439 D/Carousel-CarouselDisplayPlayerLayout(26429): x=383, y=167,w=892,h=536, hashCode=870280945
07-05 23:19:06.439 D/Carousel-CarouselDisplayPlayerLayout(26429): mX=394, mY=167,mWitdh=892,mHeight=536, hashCode=870280945
07-05 23:19:06.439 D/Carousel-CarouselDisplayPlayerLayout(26429): changed=true, hashCode=870280945
07-05 23:19:06.439 D/Carousel-Utils(26429): x=383,y=167, width=892,height=536
07-05 23:19:06.441 E/hwcomposer( 1204): Overlay 0 size changeed src {1920 1080} -> {1920, 1080} crop{0.000000 0.000000 1920.000000 1080.000000}->{0.000000 0.000000 1920.000000 1080.000000} dst{549 205 1365 665}->{432 205 1248 665}
07-05 23:19:06.473 D/hwcomposer( 1204): Overlay [0] do size change!
07-05 23:19:06.473 D/vsyncbridge( 1204): [0] handle_thread thread got msg 0x2, mState = 3
07-05 23:19:06.473 D/vsyncbridge( 1204): Overlay 0 Resize, mState = 0x3, 0, disp[432 205 816 460] osd[1920 1080]
07-05 23:19:06.473 D/vsyncbridge( 1204): [update_ds_table,  594] DispW:1632 DispH:920 
07-05 23:19:06.473 D/vsyncbridge( 1204): [update_ds_table,  598] Cap.x:1105 Cap.y:30 CapW:1920 CapH:1080 
07-05 23:19:06.473 D/vsyncbridge( 1204): [update_ds_table,  599] enInputSourceType:34 
07-05 23:19:06.473 D/vsyncbridge( 1204): [update_ds_table,  601] u16InputVTotal:2205  u16InputVFreq:240 
07-05 23:19:06.473 D/vsyncbridge( 1204): [update_ds_table,  603] bInterlace:0  u16DefaultHtotal:0 
07-05 23:19:06.473 D/vsyncbridge( 1204): [update_ds_table,  606] bPreHCusScaling:1  bPreVCusScaling:1 
07-05 23:19:06.473 D/vsyncbridge( 1204): [update_ds_table,  608] u16PreHCusScalingSrc:1920  u16PreHCusScalingDst:1920 
07-05 23:19:06.473 D/vsyncbridge( 1204): [update_ds_table,  610] u16PreVCusScalingSrc:1080  u16PreVCusScalingSrc:1080 
07-05 23:19:06.473 D/vsyncbridge( 1204): [update_ds_table,  613] bHCusScaling:0  bVCusScaling:0 
07-05 23:19:06.473 D/vsyncbridge( 1204): [update_ds_table,  615] u16HCusScalingSrc:1920  u16HCusScalingDst:1632 
07-05 23:19:06.473 D/vsyncbridge( 1204): [update_ds_table,  617] u16VCusScalingSrc:1080  u16VCusScalingDst:920 
07-05 23:19:06.473 D/vsyncbridge( 1204): vsync_bridge_CalAspectRatio type = 0
07-05 23:19:06.473 D/vsyncbridge( 1204): panel [3840 2160] osd [1920 1080] ratio [2.000000 2.000000]
07-05 23:19:06.473 D/vsyncbridge( 1204): apply ratio, x=864, y=410, width=1632, height=920
07-05 23:19:06.473 D/vsyncbridge( 1204): disp_old[864 410 2496 1330], disp_new[864 410 2496 1330], crop[0 0 1920 1080]
07-05 23:19:06.474 D/vsyncbridge( 1204): [update_ds_table,  798] SW DS !!! 
07-05 23:19:06.474 D/vsyncbridge( 1204): [update_ds_table,  800] stXC_SetWin_Info.stCapWin.width1920  stXC_SetWin_Info.stCapWin.height:1080
07-05 23:19:06.474 D/vsyncbridge( 1204): [update_ds_table,  802] stXC_SetWin_Info.stCropWin.width1920  stXC_SetWin_Info.stCropWin.height:1080
07-05 23:19:06.474 D/vsyncbridge( 1204): [update_ds_table,  803] MApi_XC_GetDynamicScalingStatus():1 
07-05 23:19:06.474 D/        ( 1204): Alert: cannot get frameCount from IOCTL, eWindow=0! Fall back to original frame mode
07-05 23:19:06.474 D/        ( 1204): MVOP is 1P mode
07-05 23:19:06.474 D/        ( 1204): [_MDrv_SC_check_2p_mode][9405]u16Width=3840,u16Height=2160,u32Vfreqx10=240
07-05 23:19:06.475 D/vsyncbridge( 1204): vsync_bridge_render_frame pts = 4166666, DS_Idx=0x1, overlayID=0
07-05 23:19:06.475 D/vsyncbridge( 1204):  W 4, R 3, Cur 4
07-05 23:19:06.475 D/vsyncbridge( 1204): vsync_bridge_CalAspectRatio type = 0
07-05 23:19:06.475 D/vsyncbridge( 1204): panel [3840 2160] osd [1920 1080] ratio [2.000000 2.000000]
07-05 23:19:06.475 D/vsyncbridge( 1204): apply ratio, x=864, y=410, width=1632, height=920
07-05 23:19:06.496 D/Carousel-CarouselDisplayPlayerLayout(26429): x=383, y=167,w=892,h=536, hashCode=870280945
07-05 23:19:06.496 D/Carousel-CarouselDisplayPlayerLayout(26429): mX=383, mY=167,mWitdh=892,mHeight=536, hashCode=870280945
07-05 23:19:06.496 D/Carousel-CarouselDisplayPlayerLayout(26429): changed=false, hashCode=870280945
07-05 23:19:06.496 D/Carousel-CarouselDisplayPlayerLayout(26429): extraTryCount=0
07-05 23:19:06.497 I/Carousel-UrlVideoView(26429): onMeasure(MeasureSpec: EXACTLY 816, MeasureSpec: EXACTLY 460)
07-05 23:19:06.497 D/Carousel-UrlVideoView(26429): widthSpecMode=1073741824
07-05 23:19:06.497 D/Carousel-UrlVideoView(26429): heightSpecMode=1073741824
07-05 23:19:06.497 D/Carousel-UrlVideoView(26429): widthSpecSize=816
07-05 23:19:06.497 D/Carousel-UrlVideoView(26429): heightSpecSize=460
07-05 23:19:06.497 I/Carousel-UrlVideoView(26429): onMeasure(MeasureSpec: EXACTLY 816, MeasureSpec: EXACTLY 460)
07-05 23:19:06.497 D/Carousel-UrlVideoView(26429): widthSpecMode=1073741824
07-05 23:19:06.497 D/Carousel-UrlVideoView(26429): heightSpecMode=1073741824
07-05 23:19:06.497 D/Carousel-UrlVideoView(26429): widthSpecSize=816
07-05 23:19:06.497 D/Carousel-UrlVideoView(26429): heightSpecSize=460
07-05 23:19:06.497 I/SurfaceView(26429): Changes: creating=false format=false size=false visible=false left=true top=false
07-05 23:19:06.497 I/SurfaceView(26429): Cur surface: Surface(name=null)/@0x1dcd979d
07-05 23:19:06.498 D/Surface ( 1733): onStatusChange() : mNativeObject = 547819090432 mUseImageHwRender = false
07-05 23:19:06.498 V/Surface ( 1733): nativeSetHardwareRender() : status = 0
07-05 23:19:06.498 V/Surface ( 1733): nativeSetHardwareRender() : end
07-05 23:19:06.500 D/PowerManagerService( 1733): setScreenBrightnessOverrideFromWindowManagerInternal done
07-05 23:19:06.502 D/Surface ( 1733): onStatusChange() : mNativeObject = 0 mUseImageHwRender = false
07-05 23:19:06.502 D/Surface (26429): onStatusChange() : mNativeObject = -195827200 mUseImageHwRender = false
07-05 23:19:06.502 V/Surface (26429): nativeSetHardwareRender() : status = 0
07-05 23:19:06.502 V/Surface (26429): nativeSetHardwareRender() : end
07-05 23:19:06.502 I/SurfaceView(26429): New surface: Surface(name=null)/@0x35299412, vis=true, frame=Rect(421, 205 - 1237, 665)
07-05 23:19:06.503 D/Surface (26429): onStatusChange() : mNativeObject = 0 mUseImageHwRender = false
07-05 23:19:06.503 D/Surface (26429): onStatusChange() : mNativeObject = -195827200 mUseImageHwRender = false
07-05 23:19:06.503 V/Surface (26429): nativeSetHardwareRender() : status = 0
07-05 23:19:06.503 V/Surface (26429): nativeSetHardwareRender() : end
07-05 23:19:06.503 V/SurfaceView(26429): Layout: x=421 y=205 w=816 h=460, frame=Rect(0, 0 - 816, 460)
07-05 23:19:06.507 I/HLSP2P  (16183): ## 2017-07-05 23:19:06.506 [16183,16481,:0] INFO ## [HLSP2P][DownloadManager.cpp:35][INFO][TryExtendCacheSize]system memory total size : 1912M, free size : 342M, cache add to 30MB
07-05 23:19:06.507 I/MainHomeView(26429): onPanelSlide0.0---left152
07-05 23:19:06.508 I/CurrentCarouselView(26429): onCarouseControlCarouselControlBean{mShoudScroll=true, mActivityHasResume=false, mActivityHasStop=false, mHasTurnGone=false, mHasTurnVisible=false, mChannelId=-1, mSlideOffset=0.0, mShouldSelectCenter=false, mTabOpen=false, mHoriPosStatus=None, mVerPosStatus=None, mLevelStatus=None},isPlayingtrue,channelId=0
07-05 23:19:06.508 I/CurrentCarouselView(26429): is not the current page
07-05 23:19:06.508 I/CurrentCarouselView(26429): do scroll
07-05 23:19:06.508 D/Carousel-CarouselView(26429): smoothScroll.
07-05 23:19:06.508 D/Carousel-CarouselDisplayPlayerLayout(26429): isFullScreen:false
07-05 23:19:06.509 D/TabView (26429): onReceiveSlidingOffset ===>:0.0
07-05 23:19:06.514 D/Carousel-CarouselDisplayPlayerLayout(26429): x=380, y=167,w=892,h=536, hashCode=870280945
07-05 23:19:06.514 D/Carousel-CarouselDisplayPlayerLayout(26429): mX=383, mY=167,mWitdh=892,mHeight=536, hashCode=870280945
07-05 23:19:06.514 D/Carousel-CarouselDisplayPlayerLayout(26429): changed=true, hashCode=870280945
07-05 23:19:06.514 D/Carousel-Utils(26429): x=380,y=167, width=892,height=536
07-05 23:19:06.516 D/Carousel-CarouselDisplayPlayerLayout(26429): x=380, y=167,w=892,h=536, hashCode=870280945
07-05 23:19:06.516 D/Carousel-CarouselDisplayPlayerLayout(26429): mX=380, mY=167,mWitdh=892,mHeight=536, hashCode=870280945
07-05 23:19:06.516 D/Carousel-CarouselDisplayPlayerLayout(26429): changed=false, hashCode=870280945
07-05 23:19:06.517 D/Carousel-CarouselDisplayPlayerLayout(26429): extraTryCount=0
07-05 23:19:06.519 D/Carousel-CarouselDisplayPlayerLayout(26429): x=380, y=167,w=892,h=536, hashCode=870280945
07-05 23:19:06.519 D/Carousel-CarouselDisplayPlayerLayout(26429): mX=380, mY=167,mWitdh=892,mHeight=536, hashCode=870280945
07-05 23:19:06.519 D/Carousel-CarouselDisplayPlayerLayout(26429): changed=false, hashCode=870280945
07-05 23:19:06.519 D/Carousel-CarouselDisplayPlayerLayout(26429): extraTryCount=1
07-05 23:19:06.524 D/Carousel-CarouselDisplayPlayerLayout(26429): x=380, y=167,w=892,h=536, hashCode=870280945
07-05 23:19:06.524 D/Carousel-CarouselDisplayPlayerLayout(26429): mX=380, mY=167,mWitdh=892,mHeight=536, hashCode=870280945
07-05 23:19:06.524 D/Carousel-CarouselDisplayPlayerLayout(26429): changed=false, hashCode=870280945
07-05 23:19:06.524 D/Carousel-CarouselDisplayPlayerLayout(26429): extraTryCount=2
07-05 23:19:06.524 I/Carousel-UrlVideoView(26429): onMeasure(MeasureSpec: EXACTLY 816, MeasureSpec: EXACTLY 460)
07-05 23:19:06.524 D/Carousel-UrlVideoView(26429): widthSpecMode=1073741824
07-05 23:19:06.524 D/Carousel-UrlVideoView(26429): heightSpecMode=1073741824
07-05 23:19:06.524 D/Carousel-UrlVideoView(26429): widthSpecSize=816
07-05 23:19:06.525 E/hwcomposer( 1204): Overlay 0 size changeed src {1920 1080} -> {1920, 1080} crop{0.000000 0.000000 1920.000000 1080.000000}->{0.000000 0.000000 1920.000000 1080.000000} dst{432 205 1248 665}->{421 205 1237 665}
07-05 23:19:06.526 D/Carousel-UrlVideoView(26429): heightSpecSize=460
07-05 23:19:06.526 I/Carousel-UrlVideoView(26429): onMeasure(MeasureSpec: EXACTLY 816, MeasureSpec: EXACTLY 460)
07-05 23:19:06.526 D/Carousel-UrlVideoView(26429): widthSpecMode=1073741824
07-05 23:19:06.526 D/Carousel-UrlVideoView(26429): heightSpecMode=1073741824
07-05 23:19:06.526 D/Carousel-UrlVideoView(26429): widthSpecSize=816
07-05 23:19:06.526 D/Carousel-UrlVideoView(26429): heightSpecSize=460
07-05 23:19:06.526 I/SurfaceView(26429): Changes: creating=false format=false size=false visible=false left=true top=false
07-05 23:19:06.526 I/SurfaceView(26429): Cur surface: Surface(name=null)/@0x1dcd979d
07-05 23:19:06.530 D/Surface ( 1733): onStatusChange() : mNativeObject = 547819090432 mUseImageHwRender = false
07-05 23:19:06.530 V/Surface ( 1733): nativeSetHardwareRender() : status = 0
07-05 23:19:06.530 V/Surface ( 1733): nativeSetHardwareRender() : end
07-05 23:19:06.532 D/PowerManagerService( 1733): setScreenBrightnessOverrideFromWindowManagerInternal done
07-05 23:19:06.534 D/Surface ( 1733): onStatusChange() : mNativeObject = 0 mUseImageHwRender = false
07-05 23:19:06.534 D/Surface (26429): onStatusChange() : mNativeObject = -531200000 mUseImageHwRender = false
07-05 23:19:06.534 V/Surface (26429): nativeSetHardwareRender() : status = 0
07-05 23:19:06.534 V/Surface (26429): nativeSetHardwareRender() : end
07-05 23:19:06.534 I/SurfaceView(26429): New surface: Surface(name=null)/@0x35299412, vis=true, frame=Rect(418, 205 - 1234, 665)
07-05 23:19:06.534 D/Surface (26429): onStatusChange() : mNativeObject = 0 mUseImageHwRender = false
07-05 23:19:06.535 D/Surface (26429): onStatusChange() : mNativeObject = -531200000 mUseImageHwRender = false
07-05 23:19:06.535 V/Surface (26429): nativeSetHardwareRender() : status = 0
07-05 23:19:06.535 V/Surface (26429): nativeSetHardwareRender() : end
07-05 23:19:06.535 V/SurfaceView(26429): Layout: x=418 y=205 w=816 h=460, frame=Rect(0, 0 - 816, 460)
07-05 23:19:06.543 D/Carousel-CarouselDisplayPlayerLayout(26429): x=380, y=167,w=892,h=536, hashCode=870280945
07-05 23:19:06.543 D/Carousel-CarouselDisplayPlayerLayout(26429): mX=380, mY=167,mWitdh=892,mHeight=536, hashCode=870280945
07-05 23:19:06.544 D/Carousel-CarouselDisplayPlayerLayout(26429): changed=false, hashCode=870280945
07-05 23:19:06.544 D/Carousel-CarouselDisplayPlayerLayout(26429): extraTryCount=3
07-05 23:19:06.544 I/MainHomeView(26429): onPanelClosed---left152
07-05 23:19:06.549 D/Carousel-CarouselDisplayPlayerLayout(26429): x=380, y=167,w=892,h=536, hashCode=870280945
07-05 23:19:06.549 D/Carousel-CarouselDisplayPlayerLayout(26429): mX=380, mY=167,mWitdh=892,mHeight=536, hashCode=870280945
07-05 23:19:06.549 D/Carousel-CarouselDisplayPlayerLayout(26429): changed=false, hashCode=870280945
