07-06 01:02:52.015 D/OkHttp  (19779): RetryTime: 0
07-06 01:02:52.015 D/OkHttp  (19779): Backoffmutiplier: 0
07-06 01:02:52.015 D/OkHttp  (19779): Host: api.edu.hismarttv.com
07-06 01:02:52.015 D/OkHttp  (19779): Connection: Keep-Alive
07-06 01:02:52.015 D/OkHttp  (19779): Accept-Encoding: gzip
07-06 01:02:52.015 D/OkHttp  (19779): User-Agent: okhttp/3.6.0
07-06 01:02:52.015 D/OkHttp  (19779): --> END GET
07-06 01:02:52.058 D/OkHttp  (19779): <-- 200 OK http://api.edu.hismarttv.com/usercenter/api/media_individualize_data?media_id=3535&uuid=13287129&mac=a8:a6:48:18:fc:a8&devid=86100300900000500000060a4818fca8&version=00.002.003&subscriberId=13287129&customerId=7195320&model_id=0&APPPackage=com.hisense.hicloud.edca&PFAPPCode=652&APPVersionName=3.0.0.9.00&ChannelId=0&softwareVersion=LED50MU8600UC0000888&tv_distribute_id=00&devType=0&APIVersion=600&accessToken=72DF6038D2AEAB8A76DFBBBBCC428A4A_003108596425508 (43ms)
07-06 01:02:52.059 D/OkHttp  (19779): Server: nginx
07-06 01:02:52.059 D/OkHttp  (19779): Date: Wed, 05 Jul 2017 17:02:51 GMT
07-06 01:02:52.059 D/OkHttp  (19779): Content-Type: application/json
07-06 01:02:52.059 D/OkHttp  (19779): Content-Length: 210
07-06 01:02:52.059 D/OkHttp  (19779): Connection: close
07-06 01:02:52.059 D/OkHttp  (19779): <-- END HTTP
07-06 01:02:52.061 D/HttpHandler(19779): RetryIntercepter-->retryNum=0
07-06 01:02:52.061 D/HttpHandler(19779): RetryIntercepter-->backoffmutiplier=0
07-06 01:02:52.064 D/HttpHandler(19779): VerifySignInterCeptor-->dateType=1
07-06 01:02:52.064 D/HttpHandler(19779): VerifySignInterCeptor-->HttpRequestManager.httpClietOption.getVerifyFlag()=1
07-06 01:02:52.065 D/HttpHandler(19779): VerifySignInterCeptor-->content={"user_collect": false}
07-06 01:02:52.071 I/MiSysSrv( 1214): [37m[INFO] Change to Voltage: 107 mv (0x28)[m
07-06 01:02:52.112 V/DataSource( 1206): sniff
07-06 01:02:52.112 I/FFmpegExtractor( 1206): android-source:0xf406dd40
07-06 01:02:52.114 I/FFMPEG  ( 1206): [mov,mp4,m4a,3gp,3g2,mj2 @ 0xf1803400] Format mov,mp4,m4a,3gp,3g2,mj2 probed with size=2048 and score=100
07-06 01:02:52.114 D/MediaHTTPConnection(19779): [Connection@314055027] getSize mTotalSize = 218840697
07-06 01:02:52.115 I/FFMPEG  ( 1206): [mov,mp4,m4a,3gp,3g2,mj2 @ 0xf1803400] ISO: File Type Major Brand: isom
07-06 01:02:52.160 D/DetailPlayActivity(19779): etFullScreenPlay(boolean fullscreen),not full screen played
07-06 01:02:52.161 D/DetailVideoPlayerContainer(19779): setmIsFullScreen,want to set screen is full?false  mIsAutoFlag:false  .getStatus():UNKOWN
07-06 01:02:52.162 D/DetailVideoPlayerContainer(19779): sunliqin,disMissCourseView===============
07-06 01:02:52.162 D/DetailCourseSelectorView(19779): scrollRecylerView,POSITION:  0
07-06 01:02:52.162 D/DetailCourseSelectorView(19779): 11befor scroll,mindex is : 0
07-06 01:02:52.162 D/DetailCourseSelectorView(19779): sunliqin,setLastPlayViewIconGone,mindex is invalid
07-06 01:02:52.162 D/DetailCourseSelectorView(19779): sunliqin,setLastPlayViewIconGone,find view is null
07-06 01:02:52.163 D/DetailVideoPlayerContainer(19779): setLoadingLayoutParams,isFullScreen:false
07-06 01:02:52.164 I/art     (19779): Background sticky concurrent mark sweep GC freed 37179(1964KB) AllocSpace objects, 1(16KB) LOS objects, 5% free, 35MB/37MB, paused 15.597ms total 100.787ms
07-06 01:02:52.165 D/FFmpegExtractor( 1206): FFmpegExtrator, url: android-source:0xf406dd40, format_name: mov,mp4,m4a,3gp,3g2,mj2, format_long_name: QuickTime / MOV
07-06 01:02:52.165 D/FFmpegExtractor( 1206): suppoted codec(h264) by official Stagefright
07-06 01:02:52.165 D/FFmpegExtractor( 1206): suppoted codec(aac) by official Stagefright
07-06 01:02:52.165 I/FFMPEG  ( 1206): [AVIOContext @ 0xf406dde0] Statistics: 426780 bytes read, 0 seeks
07-06 01:02:52.165 D/FFmpegExtractor( 1206): ffmpeg detected media content as 'video/mp4' with confidence 0.08
07-06 01:02:52.167 I/DetailVideoPlayerContainer(19779):  showPlayLimitView called. mPlayLimitTime = 0   mIsBought:false
07-06 01:02:52.175 I/MiSysSrv( 1214): [37m[INFO] Change to Voltage: 117 mv (0x32)[m
07-06 01:02:52.176 D/DetailPlayActivity(19779):  play  video ,mid:3535
07-06 01:02:52.179 D/MC_MEMORY( 4735): max: 256.261888 Mb, heap: 10.10782 Mb, allocated: 9.9458 Mb, free: 1.1324 Mb, native heap: 12.12276 Mb, native allocated: 8.8377 Mb, native free: 3.3899 Mb
07-06 01:02:52.179 D/DetailPlayActivity(19779): sunliqin playMoreVideos,index:0
07-06 01:02:52.179 D/DetailPlayActivity(19779): mIsSoldOut:false  mIsOrder:false
07-06 01:02:52.179 D/DetailVideoPlayerContainer(19779): sunliqin ，playercontainer ,set data,sourcetag is:DetailPlayActivity3535
07-06 01:02:52.179 D/DetailVideoPlayerContainer(19779): setData,BaseApplication.sTrailerEnable:1
07-06 01:02:52.179 D/DetailVideoPlayerContainer(19779): sunliqin,setData,mIsBought: false   trailerPts:0
07-06 01:02:52.181 D/DetailVideoPlayerContainer(19779): sunliqin,setData,index:0   trailer url is:null
07-06 01:02:52.182 D/DetailVideoPlayerContainer(19779): sunliqin,no histroy,no trailer ,so first play video 0
07-06 01:02:52.182 D/DetailVideoPlayerContainer(19779): sunliqin initVideoInfo(DetailsPage detail,int index),index:0   istrailer:false  mTotal lesson:48
07-06 01:02:52.182 D/DetailVideoPlayerContainer(19779): initVideoInfo, the index is :0videos size:48
07-06 01:02:52.182 D/EduVideoUtils(19779): sunliqin getVideoInfo
07-06 01:02:52.188 D/EduVideoUtils(19779): sunliqin param:{"subTitle": "", "title": "1\u3001\u65b0\u6765\u7684\u90bb\u5c45\uff08\u4e0a\u7bc7\uff09", "url": "http://jhxvideo-ws.video-tx.com/renditionf/201608/212213056611024897/212213056611025409/9b/219104966755748100/219104978030035716/r219104978030035716-2000k-1280x720.mp4", "program_id": "3535", "episode_id": "28416", "isCollect": "${isCollect}", "position": "${history}", "resolution": 11}
07-06 01:02:52.189 D/EduVideoUtils(19779): mTitle:null
07-06 01:02:52.189 D/EduVideoUtils(19779):  mProgramId3535
07-06 01:02:52.189 D/EduVideoUtils(19779):  mEpisodeId:35351
07-06 01:02:52.189 D/EduVideoUtils(19779): mClassId:
07-06 01:02:52.189 D/EduVideoUtils(19779): mTopicTitle:
07-06 01:02:52.190 D/EduVideoUtils(19779): sunliqin,quality url ,21:http://jhxvideo-ws.video-tx.com/renditionf/201608/212213056611024897/212213056611025409/9b/219104966755748100/219104978030035716/r219104978030035716-2000k-1280x720.mp4
07-06 01:02:52.192 D/VideoInfo(19779): sunliqin videoinfo,vendor is :URL
07-06 01:02:52.193 I/edu     (19779): ------- ==>mTypeCode = 1002
07-06 01:02:52.205 I/CommonUtils(19779):  object to json {"21":"http://jhxvideo-ws.video-tx.com/renditionf/201608/212213056611024897/212213056611025409/9b/219104966755748100/219104978030035716/r219104978030035716-2000k-1280x720.mp4"}
07-06 01:02:52.206 D/UrlPlayInfo(19779): sunliqin,url list:{"21":"http://jhxvideo-ws.video-tx.com/renditionf/201608/212213056611024897/212213056611025409/9b/219104966755748100/219104978030035716/r219104978030035716-2000k-1280x720.mp4"}
07-06 01:02:52.206 I/UrlPlayInfo(19779):  sunliqin UrlPlayInfo constructor called, urls is {21=http://jhxvideo-ws.video-tx.com/renditionf/201608/212213056611024897/212213056611025409/9b/219104966755748100/219104978030035716/r219104978030035716-2000k-1280x720.mp4}
07-06 01:02:52.218 I/CommonUtils(19779):  object to json {"21":"http://jhxvideo-ws.video-tx.com/renditionf/201608/212213056611024897/212213056611025409/9b/219104966755748100/219104978030035716/r219104978030035716-2000k-1280x720.mp4"}
07-06 01:02:52.218 D/VideoInfo(19779): sunliqin, ============quality url list=============== {"21":"http://jhxvideo-ws.video-tx.com/renditionf/201608/212213056611024897/212213056611025409/9b/219104966755748100/219104978030035716/r219104978030035716-2000k-1280x720.mp4"}
07-06 01:02:52.219 D/EduVideoUtils(19779): sunliqin,Init videoinfo,info.sPlayLimitTime:-1  total:48  sindex:0  sPosterUrl:http://picture.edu.hismarttv.com/images/20170629/心算口诀天天练.jpg    venderid: 1040  sResolution:11
07-06 01:02:52.222 D/DetailVideoPlayerContainer(19779): sunliqin,getVideoLastPlayPosition,position:0
07-06 01:02:52.222 D/VideoInfo(19779): setmPosition,mPosition:0
07-06 01:02:52.223 D/DetailCourseSelectorView(19779): scrollRecylerView,POSITION:  0
07-06 01:02:52.223 D/DetailCourseSelectorView(19779): 11befor scroll,mindex is : 0
07-06 01:02:52.223 D/DetailCourseSelectorView(19779): sunliqin,setLastPlayViewIconGone,set last video flag is false
07-06 01:02:52.223 D/DetailCourseSelectorView(19779): sunliqin,setLastPlayViewIconGone,find view is null
07-06 01:02:52.223 D/DetailVideoPlayerContainer(19779): initPlayer==========,to delay 500ms
07-06 01:02:52.223 I/DetailVideoPlayerContainer(19779):  show laoding View called 
07-06 01:02:52.227 D/DetailVideoPlayerContainer(19779): Handler send msg MSG_INIT_PLAYER,delay 500ms 
07-06 01:02:52.227 D/DetailVideoPlayerContainer(19779): reportVideoPrepareStartLog!!!!!current videos id is : 35351
07-06 01:02:52.229 D/til@system( 2026): til_get_system_param option:1000007 int:-1936522112, bool:128, ret:0
07-06 01:02:52.230 D/til@system( 2026): til_get_system_param option:1000009 int:-1815632896, bool:0, ret:0
07-06 01:02:52.231 D/til@system( 2026): til_get_system_param option:1000008 int:-1936522368, bool:128, ret:0
07-06 01:02:52.232 D/HiSDKLogReport(19779): getOperationDetail-productName : LED50MU8600UC
07-06 01:02:52.232 D/HiSDKLogReport(19779): getOperationDetail-plmNumber : 88888
07-06 01:02:52.232 D/HiSDKLogReport(19779): getOperationDetail-swVersion : V0000.00.01A
07-06 01:02:52.232 D/HiSDKLogReport(19779): getOperationDetail-operationDetail : LED50MU8600UC0000888
07-06 01:02:52.232 D/HiSDKLogReport(19779): businessLogReport-log : {autoplay=1, eventType=229, APPVersionName=3.0.0.9.00, devid=86100300900000500000060a4818fca8, uuid=13287129, APIversion=501, eventcode=229001, logversion=2.0, devType=0, eventPos=001, ChannelId=0, version=00.002.003, subscriberId=13287129, PFAPPCode=652, softwareVersion=LED50MU8600UC0000888, srceventcode=207000, videoid=35351, srcmediaid=, mac=a8:a6:48:18:fc:a8, accessToken=72DF6038D2AEAB8A76DFBBBBCC428A4A_003108596425508, srcoriginal=1, APPPackage=com.hisense.hicloud.edca, mediaid=3535, sessionid=e594159881ee4f13aa59ee96b0f75b25, requesttime=1499274172232, customerId=7195320, model_id=0, requestid=653566c4be17486aabbf3ef76f4e91f0, tv_distribute_id=00, APIVersion=600, issysrepo=0}
07-06 01:02:52.233 D/DetailPlayActivity(19779): scrollCourseView,POS:0
07-06 01:02:52.233 D/DetailCourseSelectorView(19779): scrollRecylerView,POSITION:  0
07-06 01:02:52.233 D/DetailCourseSelectorView(19779): 11befor scroll,mindex is : 0
07-06 01:02:52.233 D/DetailCourseSelectorView(19779): sunliqin,setLastPlayViewIconGone,set last video flag is false
07-06 01:02:52.233 D/DetailCourseSelectorView(19779): sunliqin,setLastPlayViewIconGone,find view is null
07-06 01:02:52.233 I/DetailPlayActivity(19779): loadDataTime : 23013805 加载数据用时：  998
07-06 01:02:52.234 D/til@system( 2026): til_get_system_param option:1000007 int:-1815633792, bool:128, ret:0
07-06 01:02:52.236 D/til@system( 2026): til_get_system_param option:1000009 int:-1815634176, bool:0, ret:0
07-06 01:02:52.237 D/til@system( 2026): til_get_system_param option:1000008 int:-1936523008, bool:0, ret:0
07-06 01:02:52.239 D/HiSDKLogReport(19779): getOperationDetail-productName : LED50MU8600UC
07-06 01:02:52.239 D/HiSDKLogReport(19779): getOperationDetail-plmNumber : 88888
07-06 01:02:52.239 D/HiSDKLogReport(19779): getOperationDetail-swVersion : V0000.00.01A
07-06 01:02:52.239 D/HiSDKLogReport(19779): getOperationDetail-operationDetail : LED50MU8600UC0000888
07-06 01:02:52.239 D/HiSDKLogReport(19779): processLogReport-log : {eventType=110, appKey=1182445233, APPVersionName=3.0.0.9.00, devid=86100300900000500000060a4818fca8, mac=a8:a6:48:18:fc:a8, uuid=13287129, accessToken=72DF6038D2AEAB8A76DFBBBBCC428A4A_003108596425508, APIversion=501, logversion=2.0, devType=0, APPPackage=com.hisense.hicloud.edca, eventPos=003, requesttime=1499274172239, customerId=7195320, value2=, eventMessage=InitDataAfterConnection, value1=998, model_id=0, ChannelId=0, version=00.002.003, tv_distribute_id=00, subscriberId=13287129, APIVersion=600, PFAPPCode=652, softwareVersion=LED50MU8600UC0000888}
07-06 01:02:52.242 W/System.err(19779): java.net.ConnectException: failed to connect to /10.18.210.112 (port 8900) after 6000ms: isConnected failed: ECONNREFUSED (Connection refused)
07-06 01:02:52.242 W/System.err(19779): 	at libcore.io.IoBridge.isConnected(IoBridge.java:238)
07-06 01:02:52.243 W/System.err(19779): 	at libcore.io.IoBridge.connectErrno(IoBridge.java:171)
07-06 01:02:52.243 W/System.err(19779): 	at libcore.io.IoBridge.connect(IoBridge.java:122)
07-06 01:02:52.243 W/System.err(19779): 	at java.net.PlainSocketImpl.connect(PlainSocketImpl.java:183)
07-06 01:02:52.243 W/System.err(19779): 	at java.net.PlainSocketImpl.connect(PlainSocketImpl.java:456)
07-06 01:02:52.243 W/System.err(19779): 	at java.net.Socket.connect(Socket.java:882)
07-06 01:02:52.243 W/System.err(19779): 	at com.android.okhttp.internal.Platform.connectSocket(Platform.java:174)
07-06 01:02:52.243 W/System.err(19779): 	at com.android.okhttp.Connection.connect(Connection.java:152)
07-06 01:02:52.243 W/System.err(19779): 	at com.android.okhttp.internal.http.HttpEngine.connect(HttpEngine.java:276)
07-06 01:02:52.243 W/System.err(19779): 	at com.android.okhttp.internal.http.HttpEngine.sendRequest(HttpEngine.java:211)
07-06 01:02:52.243 W/System.err(19779): 	at com.android.okhttp.internal.http.HttpURLConnectionImpl.execute(HttpURLConnectionImpl.java:382)
07-06 01:02:52.243 W/System.err(19779): 	at com.android.okhttp.internal.http.HttpURLConnectionImpl.connect(HttpURLConnectionImpl.java:106)
07-06 01:02:52.243 W/System.err(19779): 	at com.hisense.hitv.hicloud.util.ExceptionReport.a(ExceptionReport.java:337)
07-06 01:02:52.243 W/System.err(19779): 	at com.hisense.hitv.hicloud.util.ExceptionReport.a(ExceptionReport.java:39)
07-06 01:02:52.243 W/System.err(19779): 	at com.hisense.hitv.hicloud.util.ExceptionReport$1.run(ExceptionReport.java:83)
07-06 01:02:52.243 W/System.err(19779): 	at java.lang.Thread.run(Thread.java:818)
07-06 01:02:52.243 W/System.err(19779): Caused by: android.system.ErrnoException: isConnected failed: ECONNREFUSED (Connection refused)
07-06 01:02:52.247 W/System.err(19779): 	at libcore.io.IoBridge.isConnected(IoBridge.java:223)
07-06 01:02:52.247 W/System.err(19779): 	... 15 more
07-06 01:02:52.252 I/TVMW@HsTvSetting( 1234): Trace cmd, data = 0x1058
07-06 01:02:52.252 D/til@system( 2026): til_get_system_param option:100002F int:0, bool:0, ret:0
07-06 01:02:52.253 I/TVMW@HsTvSetting( 1234): Trace cmd, data = 0x101f
07-06 01:02:52.258 D/til@system( 2026): til_get_system_param option:100001D int:3, bool:3, ret:0
07-06 01:02:52.258 E/til     ( 2026): [til_get_current_input_source, 101] 
07-06 01:02:52.259 I/TVMW@HsTvSetting( 1234): Trace cmd, data = 0x7007
07-06 01:02:52.260 I/tilwrapper@sm( 2026): HS2TIL_SourceType *hs=0xd, *til=0x900
07-06 01:02:52.260 D/til     ( 2026): get current source 2304
07-06 01:02:52.260 D/SourceRemoteServiceHandler( 2026): getCurrentInputSource.from.til.result is 0, value is 2304
07-06 01:02:52.260 D/SourceRemoteServiceHandler( 2026): getInputSourceType source: 0x900, type=2304
07-06 01:02:52.260 D/til     ( 2026): ###### func:til_get_picture_param option:0x3000006 ######  
07-06 01:02:52.261 I/TVMW@HsTvSetting( 1234): Trace cmd, data = 0x1003
07-06 01:02:52.261 I/TVMW@HsTvSetting( 1234): Trace cmd, data = 0x8032
07-06 01:02:52.262 I/hstvos  ( 1216): [0m[1;33m[HSHAL][HS_VIDEO][HS_HAL_Video_SetOsdDetect_v2][2389]u16Threshold = 20
07-06 01:02:52.263 E/TVMW@videoctrl( 1234):  getOsd is 1
07-06 01:02:52.263 D/til@system( 2026): til_get_system_param option:1000027 int:1, bool:1, ret:0
07-06 01:02:52.263 D/til     ( 2026): ###### func:til_get_picture_param option:0x3000045 ######  
07-06 01:02:52.263 I/TVMW@HsTvSetting( 1234): Trace cmd, data = 0x300c
07-06 01:02:52.264 I/TVMW@HsTvSetting( 1234): Trace 3d, data = 0x300c
07-06 01:02:52.264 I/TVMW@3d ( 1234): Hs_debug3d_trace: func:get3dStatus, line:109
07-06 01:02:52.262 I/MiSysSrv( 1214): Not support now! 42, change to mm_video!!!
07-06 01:02:52.267 I/TVMW@devctrl( 1234): wdt
07-06 01:02:52.278 D/OsdMonitorService( 1733): mCurrentWindow = com.hisense.hicloud.edca/com.hisense.tvui.newhome.HomeMainActivity; newWindow = com.hisense.hicloud.edca/com.hisense.tvui.newhome.HomeMainActivity; isSubWindow = false; isInWinList = false; isExitNow = false
07-06 01:02:52.278 D/OsdMonitorService( 1733): windowNotOsd() : name = com.hisense.hicloud.edca/com.hisense.tvui.newhome.HomeMainActivity
07-06 01:02:52.278 I/OsdMonitorService( 1733): setOsdStatus() : status will change from true to true
07-06 01:02:52.280 D/PowerManagerService( 1733): setScreenBrightnessOverrideFromWindowManagerInternal done
07-06 01:02:52.280 I/NetflixMonitorService( 1733): current fgapk : com.hisense.hicloud.edca
07-06 01:02:52.280 I/NetflixMonitorService( 1733): Netflix status unchanged
07-06 01:02:52.282 D/PowerManagerService( 1733): setScreenBrightnessOverrideFromWindowManagerInternal done
07-06 01:02:52.289 W/SurfaceFlinger( 1204): couldn't log to binary event log: overflow.
07-06 01:02:52.294 D/PowerManagerService( 1733): setScreenBrightnessOverrideFromWindowManagerInternal done
07-06 01:02:52.304 D/hwcomposer( 1204): lastHWWindowInfo is dirty
07-06 01:02:52.366 V/MediaExtractor( 1206): MediaExtractor::Create mime:video/mp4 ---- Enter
07-06 01:02:52.366 V/MediaExtractor( 1206): maomao::MediaExtractor::Create mime:isCts is 0
07-06 01:02:52.367 I/FFMPEG  ( 1206): [mov,mp4,m4a,3gp,3g2,mj2 @ 0xf1803400] Format mov,mp4,m4a,3gp,3g2,mj2 probed with size=2048 and score=100
07-06 01:02:52.367 I/FFMPEG  ( 1206): [mov,mp4,m4a,3gp,3g2,mj2 @ 0xf1803400] ISO: File Type Major Brand: isom
07-06 01:02:52.395 I/FFMPEG  ( 1206): [mov,mp4,m4a,3gp,3g2,mj2 @ 0xf1803400] orig_nb_streams(2)
07-06 01:02:52.395 I/FFMPEG  ( 1206): [mov,mp4,m4a,3gp,3g2,mj2 @ 0xf1803400] Before avformat_find_stream_info() pos: 413026 bytes read:426780 seeks:0
07-06 01:02:52.400 I/FFMPEG  ( 1206): [NULL @ 0xbcb9c800] [Eval @ 0xf1300eec] Undefined constant or missing '(' in ''
07-06 01:02:52.400 I/FFMPEG  ( 1206): [NULL @ 0xbcb9c800] Unable to parse option value ""
07-06 01:02:52.400 I/FFMPEG  ( 1206): [NULL @ 0xbcb9c800] Error setting option debug to value .
07-06 01:02:52.400 I/FFMPEG  ( 1206): [mov,mp4,m4a,3gp,3g2,mj2 @ 0xf1803400] Failed to open codec in av_find_stream_info
07-06 01:02:52.401 I/FFMPEG  ( 1206): [NULL @ 0xbcb9cc00] [Eval @ 0xf1300eec] Undefined constant or missing '(' in ''
07-06 01:02:52.401 I/FFMPEG  ( 1206): [NULL @ 0xbcb9cc00] Unable to parse option value ""
07-06 01:02:52.401 I/FFMPEG  ( 1206): [NULL @ 0xbcb9cc00] Error setting option debug to value .
07-06 01:02:52.401 I/FFMPEG  ( 1206): [mov,mp4,m4a,3gp,3g2,mj2 @ 0xf1803400] Failed to open codec in av_find_stream_info
07-06 01:02:52.401 I/FFMPEG  ( 1206): [NULL @ 0xbcb9c800] try_decode_frame, i= 0, pkt->stream_index = 0
07-06 01:02:52.428 I/FFMPEG  ( 1206): [h264 @ 0xbcb9c800] no picture 
07-06 01:02:52.471 D/PowerManagerService( 1733): setScreenBrightnessOverrideFromWindowManagerInternal done
07-06 01:02:52.483 I/        (19779): W = 90, H = 90
07-06 01:02:52.489 D/HiNetworkImpl(19779): doHttp_Asyn(): onReqResponse isSuccessful = true, back from thread: main
07-06 01:02:52.489 I/HiNetworkImpl(19779): doHttp_Asyn(): onSuccess clazz = class com.hisense.sdk.domain.DetailCollectionStatus, back from thread: main
07-06 01:02:52.489 D/DetailPlayActivity(19779): getDetailCollectionStatus,onSuccess
07-06 01:02:52.491 D/DetailVideoPlayerContainer(19779): receive,CONNECTIVITY_ACTION,mDetailListener:com.hisense.hicloud.edca.mediaplayer.activity.DetailPlayActivity@7d238c4
07-06 01:02:52.491 D/DetailVideoPlayerContainer(19779): receive,CONNECTIVITY_ACTION,mDetailListener.isActivityResume():false
07-06 01:02:52.491 D/DetailCourseSelectorView(19779): sunliqin,setPlayIcon,set last video flag is true
07-06 01:02:52.491 D/DetailCourseSelectorView(19779): sunliqin,setPlayIcon,findposition view is not null
07-06 01:02:52.491 D/DetailCourseSelectorView(19779): GGGGGGGGGGGGGGGGGGGGGGGGGG,mPosition: 0
07-06 01:02:52.491 D/DetailCourseSelectorView(19779): sunliqin,no focus, set course play icon is selected
07-06 01:02:52.492 D/DetailCourseSelectorView(19779): 22after scroll,mindex is : 0
07-06 01:02:52.492 D/DetailVideoPlayerContainer(19779): receive,CONNECTIVITY_ACTION,mDetailListener:com.hisense.hicloud.edca.mediaplayer.activity.DetailPlayActivity@7d238c4
07-06 01:02:52.492 D/DetailVideoPlayerContainer(19779): receive,CONNECTIVITY_ACTION,mDetailListener.isActivityResume():false
07-06 01:02:52.492 D/DetailCourseSelectorView(19779): sunliqin,setPlayIcon,set last video flag is true
07-06 01:02:52.492 D/DetailCourseSelectorView(19779): sunliqin,setPlayIcon,findposition view is not null
07-06 01:02:52.492 D/DetailCourseSelectorView(19779): GGGGGGGGGGGGGGGGGGGGGGGGGG,mPosition: 0
07-06 01:02:52.492 D/DetailCourseSelectorView(19779): sunliqin,no focus, set course play icon is selected
07-06 01:02:52.492 D/DetailCourseSelectorView(19779): 22after scroll,mindex is : 0
07-06 01:02:52.492 D/DetailCourseSelectorView(19779): sunliqin,setPlayIcon,set last video flag is true
07-06 01:02:52.492 D/DetailCourseSelectorView(19779): sunliqin,setPlayIcon,findposition view is not null
07-06 01:02:52.492 D/DetailCourseSelectorView(19779): GGGGGGGGGGGGGGGGGGGGGGGGGG,mPosition: 0
07-06 01:02:52.493 D/DetailCourseSelectorView(19779): sunliqin,no focus, set course play icon is selected
07-06 01:02:52.493 D/DetailCourseSelectorView(19779): 22after scroll,mindex is : 0
07-06 01:02:52.497 I/NotificationService( 1733): cancelToast pkg=com.hisense.hicloud.edca callback=android.app.ITransientNotification$Stub$Proxy@1b697825
07-06 01:02:52.498 W/NotificationService( 1733): Toast already cancelled. pkg=com.hisense.hicloud.edca callback=android.app.ITransientNotification$Stub$Proxy@1b697825
07-06 01:02:52.498 D/DetailPlayActivity(19779): ---------------------------onstop,release player!!!
07-06 01:02:52.498 D/DetailVideoPlayerContainer(19779): releasePlayer,mIsAutoFlag:true
07-06 01:02:52.498 D/DetailVideoPlayerContainer(19779): sunliqin,releasePlayer(),mPosition:0 mPlayLimitTime:0
07-06 01:02:52.498 D/DetailVideoPlayerContainer(19779): autoRecordPlayHistroy，mPosition:0     mDuration:0 mPlayLimitTime:0  mIsAutoFlag:true
07-06 01:02:52.498 D/DetailVideoPlayerContainer(19779): releasePlayer(,histroy,mDuration:0  total:48  mIndex + 11
07-06 01:02:52.498 D/VideoInfo(19779): reportVideoExit,position:0
07-06 01:02:52.503 I/edu     (19779): ---------- ==>1002
07-06 01:02:52.506 D/EduSourcePlayerHelper(19779): journalVideoExit(): content://com.hisense.data.edu/external_player_action?action=logging&source=EDU&event=video_exit&programSeriesId=3535&episodeId=35351&resolution=11&ts=1499274172&position=0&error_code=null&typeCode=1002&classId=&topicTitle=
07-06 01:02:52.510 D/DetailPlayActivity(19779): ---------------------------onstop,isReleased:true
07-06 01:02:52.511 D/DetailPlayActivity(19779): ---------------------------ondestroy
07-06 01:02:52.512 I/FirstLineAdapter(19779): canShowTrailer,isOffline=false
07-06 01:02:52.512 D/DetailVideoPlayerContainer(19779): reportVideoEndLog!!!!!current videos id is : 35351
07-06 01:02:52.513 D/til@system( 2026): til_get_system_param option:1000007 int:-1936525184, bool:128, ret:0
07-06 01:02:52.514 D/til@system( 2026): til_get_system_param option:1000009 int:-1936522112, bool:128, ret:0
07-06 01:02:52.515 D/til@system( 2026): til_get_system_param option:1000008 int:-1815632896, bool:0, ret:0
07-06 01:02:52.515 D/HiSDKLogReport(19779): getOperationDetail-productName : LED50MU8600UC
07-06 01:02:52.515 D/HiSDKLogReport(19779): getOperationDetail-plmNumber : 88888
07-06 01:02:52.515 D/HiSDKLogReport(19779): getOperationDetail-swVersion : V0000.00.01A
07-06 01:02:52.515 D/HiSDKLogReport(19779): getOperationDetail-operationDetail : LED50MU8600UC0000888
07-06 01:02:52.516 D/HiSDKLogReport(19779): businessLogReport-log : {eventType=229, APPVersionName=3.0.0.9.00, devid=86100300900000500000060a4818fca8, uuid=13287129, APIversion=501, duration=0, eventcode=229009, logversion=2.0, devType=0, eventPos=009, ChannelId=0, version=00.002.003, subscriberId=13287129, PFAPPCode=652, softwareVersion=LED50MU8600UC0000888, srceventcode=207000, videoid=35351, srcmediaid=, mac=a8:a6:48:18:fc:a8, accessToken=72DF6038D2AEAB8A76DFBBBBCC428A4A_003108596425508, srcoriginal=1, APPPackage=com.hisense.hicloud.edca, mediaid=3535, sessionid=e594159881ee4f13aa59ee96b0f75b25, requesttime=1499274172515, customerId=7195320, model_id=0, requestid=f1d6356d78084490b82bae020e9e8ddd, tv_distribute_id=00, APIVersion=600, issysrepo=0}
07-06 01:02:52.516 D/DetailVideoPlayerContainer(19779): onDestroy() --
07-06 01:02:52.522 W/System.err(19779): java.net.ConnectException: failed to connect to /10.18.210.112 (port 8900) after 6000ms: isConnected failed: ECONNREFUSED (Connection refused)
07-06 01:02:52.522 W/System.err(19779): 	at libcore.io.IoBridge.isConnected(IoBridge.java:238)
07-06 01:02:52.522 W/System.err(19779): 	at libcore.io.IoBridge.connectErrno(IoBridge.java:171)
07-06 01:02:52.522 W/System.err(19779): 	at libcore.io.IoBridge.connect(IoBridge.java:122)
07-06 01:02:52.522 W/System.err(19779): 	at java.net.PlainSocketImpl.connect(PlainSocketImpl.java:183)
07-06 01:02:52.522 W/System.err(19779): 	at java.net.PlainSocketImpl.connect(PlainSocketImpl.java:456)
07-06 01:02:52.522 W/System.err(19779): 	at java.net.Socket.connect(Socket.java:882)
07-06 01:02:52.522 W/System.err(19779): 	at com.android.okhttp.internal.Platform.connectSocket(Platform.java:174)
07-06 01:02:52.522 W/System.err(19779): 	at com.android.okhttp.Connection.connect(Connection.java:152)
07-06 01:02:52.522 W/System.err(19779): 	at com.android.okhttp.internal.http.HttpEngine.connect(HttpEngine.java:276)
07-06 01:02:52.522 W/System.err(19779): 	at com.android.okhttp.internal.http.HttpEngine.sendRequest(HttpEngine.java:211)
07-06 01:02:52.522 W/System.err(19779): 	at com.android.okhttp.internal.http.HttpURLConnectionImpl.execute(HttpURLConnectionImpl.java:382)
07-06 01:02:52.522 W/System.err(19779): 	at com.android.okhttp.internal.http.HttpURLConnectionImpl.connect(HttpURLConnectionImpl.java:106)
07-06 01:02:52.522 W/System.err(19779): 	at com.hisense.hitv.hicloud.util.ExceptionReport.a(ExceptionReport.java:337)
07-06 01:02:52.522 W/System.err(19779): 	at com.hisense.hitv.hicloud.util.ExceptionReport.a(ExceptionReport.java:39)
07-06 01:02:52.522 W/System.err(19779): 	at com.hisense.hitv.hicloud.util.ExceptionReport$1.run(ExceptionReport.java:83)
07-06 01:02:52.523 W/System.err(19779): 	at java.lang.Thread.run(Thread.java:818)
07-06 01:02:52.523 W/System.err(19779): Caused by: android.system.ErrnoException: isConnected failed: ECONNREFUSED (Connection refused)
07-06 01:02:52.523 W/System.err(19779): 	at libcore.io.IoBridge.isConnected(IoBridge.java:223)
07-06 01:02:52.523 W/System.err(19779): 	... 15 more
07-06 01:02:52.527 D/PowerManagerService( 1733): setScreenBrightnessOverrideFromWindowManagerInternal done
07-06 01:02:52.528 D/OsdMonitorService( 1733): mCurrentWindow = com.hisense.hicloud.edca/com.hisense.tvui.newhome.HomeMainActivity; newWindow = com.hisense.hicloud.edca/com.hisense.tvui.newhome.HomeMainActivity; isSubWindow = false; isInWinList = false; isExitNow = false
07-06 01:02:52.529 D/OsdMonitorService( 1733): windowNotOsd() : name = com.hisense.hicloud.edca/com.hisense.tvui.newhome.HomeMainActivity
07-06 01:02:52.529 I/OsdMonitorService( 1733): setOsdStatus() : status will change from true to true
07-06 01:02:52.540 I/MyFragmentStateAdapter(19779): getCount
07-06 01:02:52.551 I/FFMPEG  ( 1206): [mov,mp4,m4a,3gp,3g2,mj2 @ 0xf1803400] i(1) > pkt->stream_index(0),conitnue
07-06 01:02:52.551 I/FFMPEG  ( 1206): [NULL @ 0xbcb9cc00] try_decode_frame, i= 1, pkt->stream_index = 1
07-06 01:02:52.556 I/FFMPEG  ( 1206): [aac @ 0xbcb9cc00] skip whole frame, skip left: 0
07-06 01:02:52.558 I/FFMPEG  ( 1206): [mov,mp4,m4a,3gp,3g2,mj2 @ 0xf1803400] After avformat_find_stream_info() pos: 473274 bytes read:492316 seeks:0 frames:3
07-06 01:02:52.558 I/FFmpegExtractor( 1206): the duration is 00:08:58.08
07-06 01:02:52.558 I/FFmpegExtractor( 1206): streamIndex: 0 ,stream_index 0
07-06 01:02:52.558 D/FFmpegExtractor( 1206): is_codec_supported codec_id is 28
07-06 01:02:52.558 D/FFmpegExtractor( 1206): setVideoFormat avctx->codec_id is 28
07-06 01:02:52.558 V/codec_utils( 1206): AVC
07-06 01:02:52.559 I/FFmpegExtractor( 1206): the time is 00:08:58.08
07-06 01:02:52.559 I/FFmpegExtractor( 1206): streamIndex: 1 ,stream_index 1
07-06 01:02:52.559 D/FFmpegExtractor( 1206): is_codec_supported codec_id is 86018
07-06 01:02:52.559 V/codec_utils( 1206): AAC
07-06 01:02:52.559 V/codec_utils( 1206): aac profile: 1, sf_index: 4, channel: 2
07-06 01:02:52.559 I/FFmpegExtractor( 1206): bit_rate: 55687, sample_rate: 44100, channels: 2, bits_per_coded_sample: 16, block_align:0
07-06 01:02:52.559 I/FFmpegExtractor( 1206): the time is 00:08:58.00
07-06 01:02:52.559 D/FFmpegExtractor( 1206): Reader thread started
07-06 01:02:52.559 D/FFmpegExtractor( 1206): supported mime: video/mp4
07-06 01:02:52.559 W/avc_utils( 1206): [3D detect]It is not SEI Nal
07-06 01:02:52.559 W/avc_utils( 1206): [3D detect]It is not SEI Nal
07-06 01:02:52.559 W/avc_utils( 1206): [3D detect]It is not SEI Nal
07-06 01:02:52.562 D/EduSourcePlayerHelper(19779): opening cursor content://com.hisense.data.edu/external_player_action?action=logging&source=EDU&event=video_exit&programSeriesId=3535&episodeId=35351&resolution=11&ts=1499274172&position=0&error_code=null&typeCode=1002&classId=&topicTitle=
07-06 01:02:52.562 I/ContentProvider(19779): --EduProvider--query--insert db--
07-06 01:02:52.564 E/btif_config( 2964): [btif_config_get] node is TRUE!
07-06 01:02:52.564 E/btif_config( 2964): [btif_config_get] ret is TRUE!
07-06 01:02:52.580 I/FirstLineAdapter(19779): canShowTrailer,isOffline=false
07-06 01:02:52.581 I/FirstLineAdapter(19779): canShowTrailer,isOffline=false
07-06 01:02:52.581 I/FirstLineAdapter(19779): canShowTrailer,isOffline=false
07-06 01:02:52.581 I/FirstLineAdapter(19779): canShowTrailer,isOffline=false
07-06 01:02:52.581 I/FirstLineAdapter(19779): canShowTrailer,isOffline=false
07-06 01:02:52.581 I/FirstLineAdapter(19779): canShowTrailer,isOffline=false
07-06 01:02:52.581 I/FirstLineAdapter(19779): canShowTrailer,isOffline=false
07-06 01:02:52.581 I/FirstLineAdapter(19779): onCreateViewHolder viewtype=4
07-06 01:02:52.591 I/FirstLineAdapter(19779): onBindViewHolder 6
07-06 01:02:52.591 I/FirstLineAdapter(19779): canShowTrailer,isOffline=false
07-06 01:02:52.591 I/FirstLineAdapter(19779): canShowTrailer modify
07-06 01:02:52.591 I/FirstLineAdapter(19779): setMasterData6
07-06 01:02:52.591 I/FirstLineAdapter(19779): set current pos = 2
07-06 01:02:52.591 D/sloven  (19779): 2005---false
07-06 01:02:52.591 D/sloven  (19779): 2005专题
07-06 01:02:52.592 I/FirstLineAdapter(19779): canShowTrailer,isOffline=false
07-06 01:02:52.593 I/FirstLineAdapter(19779): canShowTrailer,isOffline=false
07-06 01:02:52.593 I/FirstLineAdapter(19779): onCreateViewHolder viewtype=4
07-06 01:02:52.598 I/FirstLineAdapter(19779): onBindViewHolder 7
07-06 01:02:52.598 I/FirstLineAdapter(19779): canShowTrailer,isOffline=false
07-06 01:02:52.598 I/FirstLineAdapter(19779): canShowTrailer modify
07-06 01:02:52.598 I/FirstLineAdapter(19779): setMasterData7
07-06 01:02:52.598 I/FirstLineAdapter(19779): set current pos = 3
07-06 01:02:52.598 D/sloven  (19779): 2005---false
07-06 01:02:52.598 D/sloven  (19779): 2005专题
07-06 01:02:52.599 I/FirstLineAdapter(19779): canShowTrailer,isOffline=false
07-06 01:02:52.601 D/HttpHandler(19779): VerifySignInterCeptor-->request.url()=http://picture.edu.hismarttv.com/images/20170628114649773760.jpg
07-06 01:02:52.601 D/HttpHandler(19779): VerifySignInterCeptor-->hostname=picture.edu.hismarttv.com
07-06 01:02:52.602 D/OkHttp  (19779): --> GET http://picture.edu.hismarttv.com/images/20170628114649773760.jpg http/1.1
07-06 01:02:52.602 D/OkHttp  (19779): Host: picture.edu.hismarttv.com
07-06 01:02:52.602 D/OkHttp  (19779): Connection: Keep-Alive
07-06 01:02:52.602 D/OkHttp  (19779): Accept-Encoding: gzip
07-06 01:02:52.602 D/OkHttp  (19779): User-Agent: okhttp/3.6.0
07-06 01:02:52.602 D/OkHttp  (19779): --> END GET
07-06 01:02:52.603 I/MyItemDecoration(19779): getItemOffsets rect=Rect(-6, 0 - 0, 0),pos=6
07-06 01:02:52.604 I/MyItemDecoration(19779): getItemOffsets rect=Rect(-6, -5 - 0, 0),pos=7
07-06 01:02:52.605 I/FirstLineAdapter(19779): canShowTrailer,isOffline=false
07-06 01:02:52.606 I/FirstLineAdapter(19779): canShowTrailer,isOffline=false
07-06 01:02:52.606 I/FirstLineAdapter(19779): onCreateViewHolder viewtype=0
07-06 01:02:52.606 D/HttpHandler(19779): VerifySignInterCeptor-->request.url()=http://picture.edu.hismarttv.com/images/20170628114944634008.jpg
07-06 01:02:52.606 D/HttpHandler(19779): VerifySignInterCeptor-->hostname=picture.edu.hismarttv.com
07-06 01:02:52.608 D/OkHttp  (19779): --> GET http://picture.edu.hismarttv.com/images/20170628114944634008.jpg http/1.1
07-06 01:02:52.608 D/OkHttp  (19779): Host: picture.edu.hismarttv.com
07-06 01:02:52.608 D/OkHttp  (19779): Connection: Keep-Alive
07-06 01:02:52.608 D/OkHttp  (19779): Accept-Encoding: gzip
07-06 01:02:52.608 D/OkHttp  (19779): User-Agent: okhttp/3.6.0
07-06 01:02:52.608 D/OkHttp  (19779): --> END GET
07-06 01:02:52.614 D/OkHttp  (19779): <-- 200 OK http://picture.edu.hismarttv.com/images/20170628114649773760.jpg (12ms)
07-06 01:02:52.614 D/OkHttp  (19779): Date: Mon, 03 Jul 2017 11:52:48 GMT
07-06 01:02:52.614 D/OkHttp  (19779): Server: nginx
07-06 01:02:52.614 D/OkHttp  (19779): Content-Type: image/jpeg
07-06 01:02:52.614 D/OkHttp  (19779): Content-Length: 39955
07-06 01:02:52.614 D/OkHttp  (19779): Last-Modified: Wed, 28 Jun 2017 11:46:49 GMT
07-06 01:02:52.615 D/OkHttp  (19779): ETag: "59539729-9c13"
07-06 01:02:52.615 D/OkHttp  (19779): Accept-Ranges: bytes
07-06 01:02:52.615 D/OkHttp  (19779): Age: 191404
07-06 01:02:52.615 D/OkHttp  (19779): Via: 1.1 jnwt245:1 (Cdn Cache Server V2.0)[6 200 0], 1.1 awt102:9 (Cdn Cache Server V2.0)[0 200 0]
07-06 01:02:52.615 D/OkHttp  (19779): Connection: keep-alive
07-06 01:02:52.615 D/OkHttp  (19779): <-- END HTTP
07-06 01:02:52.621 I/FirstLineAdapter(19779): onBindViewHolder 0
07-06 01:02:52.621 D/OkHttp  (19779): <-- 200 OK http://picture.edu.hismarttv.com/images/20170628114944634008.jpg (13ms)
07-06 01:02:52.621 D/OkHttp  (19779): Date: Mon, 03 Jul 2017 11:52:48 GMT
07-06 01:02:52.621 D/OkHttp  (19779): Server: nginx
07-06 01:02:52.621 D/OkHttp  (19779): Content-Type: image/jpeg
07-06 01:02:52.621 D/OkHttp  (19779): Content-Length: 23077
07-06 01:02:52.621 D/OkHttp  (19779): Last-Modified: Wed, 28 Jun 2017 11:49:44 GMT
07-06 01:02:52.621 D/OkHttp  (19779): ETag: "595397d8-5a25"
07-06 01:02:52.621 D/OkHttp  (19779): Accept-Ranges: bytes
07-06 01:02:52.621 D/OkHttp  (19779): Age: 191404
07-06 01:02:52.621 D/OkHttp  (19779): Via: 1.1 pwt48:3 (Cdn Cache Server V2.0)[16 200 0], 1.1 nwangtong98:3 (Cdn Cache Server V2.0)[0 200 0]
07-06 01:02:52.621 D/OkHttp  (19779): Connection: keep-alive
07-06 01:02:52.621 D/OkHttp  (19779): <-- END HTTP
07-06 01:02:52.624 D/HttpHandler(19779): RetryIntercepter-->retryNum=0
07-06 01:02:52.624 D/HttpHandler(19779): RetryIntercepter-->backoffmutiplier=0
07-06 01:02:52.625 D/HttpHandler(19779): RetryIntercepter-->retryNum=0
07-06 01:02:52.625 D/HttpHandler(19779): RetryIntercepter-->backoffmutiplier=0
07-06 01:02:52.628 I/FirstLineAdapter(19779): canShowTrailer,isOffline=false
07-06 01:02:52.628 I/FirstLineAdapter(19779): canShowTrailer,isOffline=false
07-06 01:02:52.630 I/FirstLineAdapter(19779): canShowTrailer,isOffline=false
07-06 01:02:52.630 I/FirstLineAdapter(19779): canShowTrailer,isOffline=false
07-06 01:02:52.630 I/FirstLineAdapter(19779): canShowTrailer,isOffline=false
07-06 01:02:52.630 I/FirstLineAdapter(19779): canShowTrailer,isOffline=false
07-06 01:02:52.633 I/FirstLineAdapter(19779): onViewDetachedFromWindow 
07-06 01:02:52.633 I/FirstLineAdapter(19779): onViewRecycledViewHolder{1196225c position=6 id=-1, oldPos=-1, pLpos:-1}
07-06 01:02:52.633 I/FirstLineAdapter(19779): release NormalViewHolder
07-06 01:02:52.634 I/FirstLineAdapter(19779): onViewDetachedFromWindow 
07-06 01:02:52.634 I/FirstLineAdapter(19779): onViewRecycledViewHolder{7f6a6e1 position=7 id=-1, oldPos=-1, pLpos:-1}
07-06 01:02:52.634 I/FirstLineAdapter(19779): release NormalViewHolder
07-06 01:02:52.634 I/FirstLineAdapter(19779): canShowTrailer,isOffline=false
07-06 01:02:52.636 I/NuCachedSource2( 1206): new range: offset= 218840569
07-06 01:02:52.636 I/NuCachedSource2( 1206): seekInternal_l ---- totalSize: 1703936
07-06 01:02:52.636 D/MediaHTTPConnection(19779): offset = 218840569, mCurrentOffset = 1703936
07-06 01:02:52.636 D/MediaHTTPConnection(19779): seekTo 218840569
07-06 01:02:52.636 D/MediaHTTPConnection(19779): teardownConnection
07-06 01:02:52.642 I/edu     (19779): 000000000 ==>mTypeCode = 1002
07-06 01:02:52.642 D/ContentProvider(19779): zhangxiaokai,getmImageIconUrl():http://picture.edu.hismarttv.com/images/20170629/心算口诀天天练.jpg
07-06 01:02:52.642 D/ContentProvider(19779): zhangxiaokai,getTitle()心算口诀天天练
07-06 01:02:52.642 D/ContentProvider(19779): zhangxiaokai,getTotalTime():0
07-06 01:02:52.642 D/ContentProvider(19779): zhangxiaokai getIs_fee():1
07-06 01:02:52.646 D/gralloc ( 1204): allocate buffer from ION HEAP 0x1
07-06 01:02:52.646 D/gralloc ( 1204): allocate memory from system heap
07-06 01:02:52.672 D/gralloc ( 1204): allocate buffer from ION HEAP 0x1
07-06 01:02:52.672 D/gralloc ( 1204): allocate memory from system heap
07-06 01:02:52.701 D/gralloc ( 1204): allocate buffer from ION HEAP 0x1
07-06 01:02:52.701 D/gralloc ( 1204): allocate memory from system heap
07-06 01:02:52.704 I/FirstLineAdapter(19779): canShowTrailer,isOffline=false
07-06 01:02:52.745 E/btif_config( 2964): [btif_config_get] node is TRUE!
07-06 01:02:52.745 E/btif_config( 2964): [btif_config_get] ret is TRUE!
07-06 01:02:52.745 D/MediaHTTPConnection(19779): close inputstream
07-06 01:02:52.746 D/MediaHTTPConnection(19779): hitting http://118.212.138.160/jhxvideo-ws.video-tx.com/rendition/201705/205989353451683841/205989353451684353/bb/243216185158536196/243216215223308548/r243216215223308548-3200k-1920x1080.mp4?wsSecret=2ece07132a33e7e9d279ac8c0b11e13d&wsTime=595d1bba&wsiphost=local
07-06 01:02:52.765 I/TVMW@HsTvSetting( 1234): Trace cmd, data = 0x1058
07-06 01:02:52.765 D/til@system( 2026): til_get_system_param option:100002F int:0, bool:0, ret:0
07-06 01:02:52.765 I/TVMW@HsTvSetting( 1234): Trace cmd, data = 0x101f
07-06 01:02:52.765 D/til@system( 2026): til_get_system_param option:100001D int:3, bool:3, ret:0
07-06 01:02:52.765 E/til     ( 2026): [til_get_current_input_source, 101] 
07-06 01:02:52.766 I/TVMW@HsTvSetting( 1234): Trace cmd, data = 0x7007
07-06 01:02:52.766 I/tilwrapper@sm( 2026): HS2TIL_SourceType *hs=0xd, *til=0x900
07-06 01:02:52.766 D/til     ( 2026): get current source 2304
07-06 01:02:52.766 D/SourceRemoteServiceHandler( 2026): getCurrentInputSource.from.til.result is 0, value is 2304
07-06 01:02:52.766 D/SourceRemoteServiceHandler( 2026): getInputSourceType source: 0x900, type=2304
07-06 01:02:52.766 D/til     ( 2026): ###### func:til_get_picture_param option:0x3000006 ######  
07-06 01:02:52.766 I/TVMW@HsTvSetting( 1234): Trace cmd, data = 0x1003
07-06 01:02:52.766 I/TVMW@HsTvSetting( 1234): Trace cmd, data = 0x8032
07-06 01:02:52.767 I/hstvos  ( 1216): [0m[1;33m[HSHAL][HS_VIDEO][HS_HAL_Video_SetOsdDetect_v2][2389]u16Threshold = 20
07-06 01:02:52.767 I/MiSysSrv( 1214): Not support now! 42, change to mm_video!!!
07-06 01:02:52.768 E/TVMW@videoctrl( 1234):  getOsd is 1
07-06 01:02:52.768 D/til@system( 2026): til_get_system_param option:1000027 int:1, bool:1, ret:0
07-06 01:02:52.768 D/til     ( 2026): ###### func:til_get_picture_param option:0x3000045 ######  
07-06 01:02:52.773 I/TVMW@HsTvSetting( 1234): Trace cmd, data = 0x300c
07-06 01:02:52.773 I/TVMW@HsTvSetting( 1234): Trace 3d, data = 0x300c
07-06 01:02:52.773 I/TVMW@3d ( 1234): Hs_debug3d_trace: func:get3dStatus, line:109
07-06 01:02:52.780 I/art     (19779): Background partial concurrent mark sweep GC freed 34401(2039KB) AllocSpace objects, 3(1669KB) LOS objects, 10% free, 33MB/37MB, paused 3.506ms total 107.282ms
07-06 01:02:52.784 D/EduSourcePlayerHelper(19779): opening cursor success <-- content://com.hisense.data.edu/external_player_action?action=logging&source=EDU&event=video_exit&programSeriesId=3535&episodeId=35351&resolution=11&ts=1499274172&position=0&error_code=null&typeCode=1002&classId=&topicTitle=
07-06 01:02:52.824 D/MediaHTTPConnection(19779): [Connection@691925646] response.heeader.null = HTTP/1.1 206 Partial Content
07-06 01:02:52.824 D/MediaHTTPConnection(19779): [Connection@691925646] response.heeader.Accept-Ranges = bytes
07-06 01:02:52.824 D/MediaHTTPConnection(19779): [Connection@691925646] response.heeader.Age = 2177542
07-06 01:02:52.824 D/MediaHTTPConnection(19779): [Connection@691925646] response.heeader.Cache-Control = max-age=5184000
07-06 01:02:52.824 D/MediaHTTPConnection(19779): [Connection@691925646] response.heeader.Connection = keep-alive
07-06 01:02:52.824 D/MediaHTTPConnection(19779): [Connection@691925646] response.heeader.Content-Length = 128
07-06 01:02:52.824 D/MediaHTTPConnection(19779): [Connection@691925646] response.heeader.Content-MD5 = b0d2FgZ34VxS2J9TYuIjgA==
07-06 01:02:52.824 D/MediaHTTPConnection(19779): [Connection@691925646] response.heeader.Content-Range = bytes 218840569-218840696/218840697
07-06 01:02:52.824 D/MediaHTTPConnection(19779): [Connection@691925646] response.heeader.Content-Type = application/octet-stream
07-06 01:02:52.824 D/MediaHTTPConnection(19779): [Connection@691925646] response.heeader.Date = Sat, 10 Jun 2017 12:11:49 GMT
07-06 01:02:52.824 D/MediaHTTPConnection(19779): [Connection@691925646] response.heeader.ETag = "6F4776160677E15C52D89F5362E22380"
07-06 01:02:52.824 D/MediaHTTPConnection(19779): [Connection@691925646] response.heeader.Last-Modified = Mon, 08 May 2017 17:24:17 GMT
07-06 01:02:52.824 D/MediaHTTPConnection(19779): [Connection@691925646] response.heeader.Server = nginx/1.2.4
07-06 01:02:52.824 D/MediaHTTPConnection(19779): [Connection@691925646] response.heeader.Via = 1.1 chshx150:7 (Cdn Cache Server V2.0)[0 200 0], 1.1 sdbz31:0 (Cdn Cache Server V2.0)[26 200 0], 1.1 tongxiazai20:3 (Cdn Cache Server V2.0)[0 200 0]
07-06 01:02:52.824 D/MediaHTTPConnection(19779): [Connection@691925646] response.heeader.X-Android-Received-Millis = 1499274172824
07-06 01:02:52.824 D/MediaHTTPConnection(19779): [Connection@691925646] response.heeader.X-Android-Response-Source = NETWORK 206
07-06 01:02:52.824 D/MediaHTTPConnection(19779): [Connection@691925646] response.heeader.X-Android-Sent-Millis = 1499274172783
07-06 01:02:52.824 D/MediaHTTPConnection(19779): [Connection@691925646] response.heeader.x-oss-hash-crc64ecma = 10858506031335928878
07-06 01:02:52.824 D/MediaHTTPConnection(19779): [Connection@691925646] response.heeader.x-oss-object-type = Normal
07-06 01:02:52.825 D/MediaHTTPConnection(19779): [Connection@691925646] response.heeader.x-oss-request-id = 591D64783FEA2FF75DF4AA6E
07-06 01:02:52.825 D/MediaHTTPConnection(19779): [Connection@691925646] response.heeader.x-oss-server-time = 46
07-06 01:02:52.825 D/MediaHTTPConnection(19779): [Connection@691925646] response.heeader.x-oss-storage-class = Standard
07-06 01:02:52.826 I/NuCachedSource2( 1206): caching reached eos.
07-06 01:02:52.828 W/avc_utils( 1206): [3D detect]It is not SEI Nal
07-06 01:02:52.828 V/NuPlayer( 1206): Video input format 1920 x 1080
07-06 01:02:52.828 V/NuPlayer( 1206): updateVideoSize::rotationDegrees=0
07-06 01:02:52.828 W/avc_utils( 1206): [3D detect]It is not SEI Nal
07-06 01:02:52.828 W/avc_utils( 1206): [3D detect]It is not SEI Nal
07-06 01:02:52.829 E/NuPlayerDriver( 1206): notifyDuration (538083333)
07-06 01:02:52.834 I/NuCachedSource2( 1206): new range: offset= 1703936
07-06 01:02:52.834 I/NuCachedSource2( 1206): seekInternal_l ---- totalSize: 1704064
07-06 01:02:52.835 D/DtvSourcePlugin-DVBC( 4289): Setting the EPG Updater state to: WAIT
07-06 01:02:52.849 E/audio_hw_primary( 1206): out_standby
07-06 01:02:52.850 D/PowerManagerService( 1733): releaseWakeLockInternal: lock=408744773 [AudioMix], flags=0x0
07-06 01:02:52.850 D/PowerManagerNotifier( 1733): onWakeLockReleased: flags=1, tag="AudioMix", packageName=media, ownerUid=1013, ownerPid=0, workSource=null
07-06 01:02:52.861 V/MediaPlayer-JNI(19779): getVideoWidth: 1920
07-06 01:02:52.861 V/MediaPlayer-JNI(19779): getVideoHeight: 1080
07-06 01:02:52.866 E/MediaPlayer(19779): Should have subtitle controller already set
07-06 01:02:52.867 V/MediaPlayer-JNI(19779): getVideoWidth: 1920
07-06 01:02:52.867 V/MediaPlayer-JNI(19779): getVideoHeight: 1080
07-06 01:02:52.867 V/MediaPlayer-JNI(19779): isPlaying: 0
07-06 01:02:52.867 D/Carousel-UrlVideoView(19779): isInPlaybackState=true
07-06 01:02:52.867 D/Carousel-UrlVideoView(19779): mCurrentState=2
07-06 01:02:52.868 V/MediaPlayer-JNI(19779): getCurrentPosition: 0 (msec)
07-06 01:02:52.869 I/MiSysSrv( 1214): [37m[INFO] Change to Voltage: 112 mv (0x2D)[m
07-06 01:02:52.927 D/MediaHTTPConnection(19779): connect: uri=http://jhxvideo-ws.video-tx.com/rendition/201705/205989353451683841/205989353451684353/bb/243216185158536196/243216215223308548/r243216215223308548-3200k-1920x1080.mp4?wsSecret=2ece07132a33e7e9d279ac8c0b11e13d&wsTime=595d1bba, headers=User-Agent: stagefright/1.2 (Linux;Android 5.1.1)
07-06 01:02:52.927 D/MediaHTTPConnection(19779): teardownConnection
07-06 01:02:52.927 D/MediaHTTPConnection(19779): close inputstream
07-06 01:02:52.928 D/MediaHTTPConnection(19779): offset = 1703936, mCurrentOffset = -1
07-06 01:02:52.928 D/MediaHTTPConnection(19779): seekTo 1703936
07-06 01:02:52.929 D/MediaHTTPConnection(19779): hitting http://jhxvideo-ws.video-tx.com/rendition/201705/205989353451683841/205989353451684353/bb/243216185158536196/243216215223308548/r243216215223308548-3200k-1920x1080.mp4?wsSecret=2ece07132a33e7e9d279ac8c0b11e13d&wsTime=595d1bba
07-06 01:02:52.931 E/btif_config( 2964): [btif_config_get] node is TRUE!
07-06 01:02:52.931 E/btif_config( 2964): [btif_config_get] ret is TRUE!
07-06 01:02:52.960 I/FirstLineAdapter(19779): onViewDetachedFromWindow 
07-06 01:02:52.960 I/FirstLineAdapter(19779): onViewRecycledViewHolder{3811e72c position=0 id=-1, oldPos=-1, pLpos:-1 update}
07-06 01:02:52.961 I/FirstLineAdapter(19779): onViewRecycledViewHolder{3811e72c position=0 id=-1, oldPos=-1, pLpos:-1 update no parent}
07-06 01:02:52.969 I/MiSysSrv( 1214): [37m[INFO] Change to Voltage: 102 mv (0x23)[m
07-06 01:02:53.051 D/MediaHTTPConnection(19779): [Connection@387693231] response.heeader.null = HTTP/1.1 206 Partial Content
07-06 01:02:53.051 D/MediaHTTPConnection(19779): [Connection@387693231] response.heeader.Accept-Ranges = bytes
07-06 01:02:53.051 D/MediaHTTPConnection(19779): [Connection@387693231] response.heeader.Age = 2177542
07-06 01:02:53.051 D/MediaHTTPConnection(19779): [Connection@387693231] response.heeader.Cache-Control = max-age=5184000
07-06 01:02:53.051 D/MediaHTTPConnection(19779): [Connection@387693231] response.heeader.Connection = keep-alive
07-06 01:02:53.051 D/MediaHTTPConnection(19779): [Connection@387693231] response.heeader.Content-Length = 217136761
07-06 01:02:53.051 D/MediaHTTPConnection(19779): [Connection@387693231] response.heeader.Content-MD5 = b0d2FgZ34VxS2J9TYuIjgA==
07-06 01:02:53.051 D/MediaHTTPConnection(19779): [Connection@387693231] response.heeader.Content-Range = bytes 1703936-218840696/218840697
07-06 01:02:53.051 D/MediaHTTPConnection(19779): [Connection@387693231] response.heeader.Content-Type = application/octet-stream
07-06 01:02:53.051 D/MediaHTTPConnection(19779): [Connection@387693231] response.heeader.Date = Sat, 10 Jun 2017 12:11:49 GMT
07-06 01:02:53.051 D/MediaHTTPConnection(19779): [Connection@387693231] response.heeader.ETag = "6F4776160677E15C52D89F5362E22380"
07-06 01:02:53.051 D/MediaHTTPConnection(19779): [Connection@387693231] response.heeader.Last-Modified = Mon, 08 May 2017 17:24:17 GMT
07-06 01:02:53.051 D/MediaHTTPConnection(19779): [Connection@387693231] response.heeader.Server = nginx/1.2.4
07-06 01:02:53.051 D/MediaHTTPConnection(19779): [Connection@387693231] response.heeader.Via = 1.1 chshx150:7 (Cdn Cache Server V2.0)[0 200 0], 1.1 sdbz31:0 (Cdn Cache Server V2.0)[26 200 0], 1.1 tongxiazai20:3 (Cdn Cache Server V2.0)[0 200 0]
07-06 01:02:53.051 D/MediaHTTPConnection(19779): [Connection@387693231] response.heeader.X-Android-Received-Millis = 1499274173049
07-06 01:02:53.051 D/MediaHTTPConnection(19779): [Connection@387693231] response.heeader.X-Android-Response-Source = NETWORK 206
07-06 01:02:53.051 D/MediaHTTPConnection(19779): [Connection@387693231] response.heeader.X-Android-Sent-Millis = 1499274173007
07-06 01:02:53.051 D/MediaHTTPConnection(19779): [Connection@387693231] response.heeader.x-oss-hash-crc64ecma = 10858506031335928878
07-06 01:02:53.051 D/MediaHTTPConnection(19779): [Connection@387693231] response.heeader.x-oss-object-type = Normal
07-06 01:02:53.051 D/MediaHTTPConnection(19779): [Connection@387693231] response.heeader.x-oss-request-id = 591D64783FEA2FF75DF4AA6E
07-06 01:02:53.051 D/MediaHTTPConnection(19779): [Connection@387693231] response.heeader.x-oss-server-time = 46
