07-06 00:25:26.309 V/LogRercord/IqiyiLogController(30890): IqiyiLogController mQueueExcutor init()
07-06 00:25:26.309 V/LogRecord/CircularQueueExcutor(30890): CircularQueueExcutor init()
07-06 00:25:26.309 V/LogRecord/FileHelper(30890): clearFileDir
07-06 00:25:26.322 I/System.out(30890): <TVAPI> DEBUG(System Time): 1499271926
07-06 00:25:26.330 I/System.out(30890): <TVAPI> DEBUG(id=4, systemTime, response_time = 68ms): data = {"t":"1499271926","m":"63812953d092a14c7985611e5e400899ee44c50ce708393e","u":"63812953d092a14c440e1ecaf3384c64cd209a1d88b78425","i":"220.181.109.33","k":"63812953d092a14cb6834abfe2d49caa9db42e51cb91c539"}
07-06 00:25:26.333 V/LogRecord/FileHelper(30890): /data/data/com.hisense.hicloud.edca/cache/qylogrecord
07-06 00:25:26.334 I/NetflixMonitorService( 1733): current fgapk : com.hisense.hicloud.edca
07-06 00:25:26.334 I/NetflixMonitorService( 1733): Netflix status unchanged
07-06 00:25:26.358 I/MyFragmentStateAdapter(30890): getCount
07-06 00:25:26.369 D/DtvSourcePlugin-DVBC( 8758): Setting the EPG Updater state to: WAIT
07-06 00:25:26.370 I/MiSysSrv( 1214): [37m[INFO] Change to Voltage: 117 mv (0x32)[m
07-06 00:25:26.370 D/MSTAR_VDEC_DBG( 1206): Stream ID: 0, Rate : 8 (E:0,D:0,S:0,F:26) 
07-06 00:25:26.386 D/NetworkManager(30890): [TID 30890] onReceive: intent=Intent { act=android.net.conn.CONNECTIVITY_CHANGE flg=0x10 (has extras) }, extra=Bundle[mParcelledData.dataSize=380]
07-06 00:25:26.386 D/NetworkManager(30890): [TID 30890] action=android.net.conn.CONNECTIVITY_CHANGE
07-06 00:25:26.393 I/System.out(30890): <TVAPI> DEBUG(id=3, devRegister, response_time = 61ms): data = {"msg":"","code":"N000000","data":{"apiKey":"9e14d341281067d05d771f41454858c0","authId":1210,"flag":"","hide":"qiyicom","ip":"27.223.99.130","ipLoc":"1-48-3-6-6002-0-77","ipZh":"äºšæ´²-ä¸­å›½-åŽä¸œ-å±±ä¸œ-é’å²›-None-è”é€š","kv":[{"hcdn":"hCDN"},{"homepageHot":"çƒ­æ’­"},{"homepageNew":"æœ€æ–°"},{"ruleCode":"http://static.ptqy.gitv.tv/js/tv/app/getPlayerConfig.js","playerConfig":"æ’­æ”¾å™¨äº‘ç«¯é…"},{"isShowExitAppDialog":"é€€å‡ºapkå±•ç¤ºæŽ¨èæ•°æ®ï¼ˆé»˜è®¤ä¸ºå¼€ï¼‰"}],"loading":"","loginTunnel":0,"resIds":[{"id":201221412,"seq":1},{"id":201713612,"seq":2},{"id":201757412,"seq":3}],"sysTime":1499269541,"tab":[],"tip":"","upgradeType":-1,"url":"","version":""}}
07-06 00:25:26.393 I/System.out(30890): <TVAPI> DEBUG(TVApiProcessor): replace url is http://data2.itv.ptqy.gitv.tv/itv/moduleUpdate/1210/2.1.0.59986?p=%7B%22chipVer%22%3A%22%22%2C%22ip%22%3A%22%22%2C%22mac%22%3A%22a8%3Aa6%3A48%3A18%3Afc%3Aa8%22%2C%22mem%22%3A%22%22%2C%22osVer%22%3A22%2C%22platModel%22%3A%22VIDAA_TV%22%2C%22pluginplayer%22%3A%221.64.0.59984%22%2C%22prodModel%22%3A%22VIDAA_TV%22%7D
07-06 00:25:26.393 I/System.out(30890): <TVAPI> DEBUG(id=2, moduleUpdate): url = http://data2.itv.ptqy.gitv.tv/itv/moduleUpdate/1210/2.1.0.59986?p=%7B%22chipVer%22%3A%22%22%2C%22ip%22%3A%22%22%2C%22mac%22%3A%22a8%3Aa6%3A48%3A18%3Afc%3Aa8%22%2C%22mem%22%3A%22%22%2C%22osVer%22%3A22%2C%22platModel%22%3A%22VIDAA_TV%22%2C%22pluginplayer%22%3A%221.64.0.59984%22%2C%22prodModel%22%3A%22VIDAA_TV%22%7D
07-06 00:25:26.393 I/System.out(30890): <TVAPI> DEBUG(id=2, moduleUpdate): header = qyid:tv_69b1ef544cadbb86e8f28950ece1c76a_1167652938875
07-06 00:25:26.393 I/System.out(30890): <TVAPI> DEBUG(id=2, moduleUpdate): header = ov:5.1.1
07-06 00:25:26.393 I/System.out(30890): <TVAPI> DEBUG(id=2, moduleUpdate): header = apkVer:2.1.0.59986
07-06 00:25:26.393 I/System.out(30890): <TVAPI> DEBUG(id=2, moduleUpdate): header = apiKey:9e14d341281067d05d771f41454858c0
07-06 00:25:26.397 D/NetworkManager(30890): [TID 30890] getRealState: activeNetInfo={[type: Ethernet[], state: CONNECTED/CONNECTED, reason: (unspecified), extra: a8:a6:48:18:fc:a8, roaming: false, failover: false, isAvailable: true, isConnectedToProvisioningNetwork: false]}, isConnected=true
07-06 00:25:26.397 D/NetworkManager(30890): [TID 30890] onNetStateChanged(2)
07-06 00:25:26.402 D/NetworkManager(30890): [TID 31093] >> getRequestTask(http://www.baidu.com)
07-06 00:25:26.403 D/NetworkManager(30890): [TID 31093] getRequestTask(http://www.baidu.com): current pool size=2, queue=[]
07-06 00:25:26.403 D/NetworkManager(30890): [TID 31093] getRequestTask(http://www.baidu.com): submitted task={java.util.concurrent.FutureTask@26499a88, 20767973}
07-06 00:25:26.403 D/NetworkManager(30890): [TID 31093] << getRequestTask(http://www.baidu.com): returned task=java.util.concurrent.FutureTask@26499a88
07-06 00:25:26.406 D/NetworkManager(30890): [TID 31094] >> request(http://www.baidu.com, 20767973)
07-06 00:25:26.409 I/MyFragmentStateAdapter(30890): getCount
07-06 00:25:26.409 D/NetworkManager(30890): [TID 31094] request(http://www.baidu.com, 20767973): openConnection
07-06 00:25:26.424 D/Player/Lib/Utils/PlayerDebugUtils(30890): [TID 30921] initialize, allowDebug: false
07-06 00:25:26.438 I/MyFragmentStateAdapter(30890): getCount
07-06 00:25:26.456 D/Player/Player/NativePlayerUtils(30890): [TID 30921] >>checkNativePath
07-06 00:25:26.456 D/Player/Player/NativePlayerUtils(30890): [TID 30921] <<checkNativePath ret=/mnt/sdcard/qcache
07-06 00:25:26.457 D/Player/Player/NativePlayerUtils(30890): [TID 30921] >> loadWhiteListSync()
07-06 00:25:26.459 D/Player/Player/NativePlayerUtils(30890): [TID 30921] isWhiteListLoaded() return false
07-06 00:25:26.459 D/Player/Player/NativePlayerUtils(30890): [TID 30921] loadWhiteListSync(), so Path is /data/data/com.hisense.hicloud.edca/files/plugin/2.1.0.59986/pluginplayer/1.64.0.59984/pluginplayer-release-1.64.0.59984-libs/libiqiyi_media_player_whitelist.so,domian is ptqy.gitv.tv, current tried times is 0
07-06 00:25:26.461 I/TVMW@devctrl( 1234): wdt
07-06 00:25:26.465 I/MyFragmentStateAdapter(30890): getCount
07-06 00:25:26.469 W/System.err(30890): com.qiyi.video.api.ApiException
07-06 00:25:26.471 D/PowerManagerService( 1733): releaseWakeLockInternal: lock=8827983 [AudioMix], flags=0x0
07-06 00:25:26.471 D/PowerManagerNotifier( 1733): onWakeLockReleased: flags=1, tag="AudioMix", packageName=media, ownerUid=1013, ownerPid=0, workSource=null
07-06 00:25:26.485 I/CLog    (30890): JNI_OnLoad->(cpuinfos) success!!
07-06 00:25:26.486 W/System.err(30890): 	at com.qiyi.tvapi.tv2.a$3.onSuccess(SourceFile:204)
07-06 00:25:26.486 W/System.err(30890): 	at com.qiyi.video.api.a.d.b(SourceFile:105)
07-06 00:25:26.486 W/System.err(30890): 	at com.qiyi.video.api.a.d.a(SourceFile:129)
07-06 00:25:26.487 W/System.err(30890): 	at com.qiyi.tvapi.tv2.a$1.a(SourceFile:102)
07-06 00:25:26.487 W/System.err(30890): 	at com.qiyi.tvapi.tv2.b.c.a(SourceFile:155)
07-06 00:25:26.487 W/System.err(30890): 	at com.qiyi.tvapi.tv2.a.a(SourceFile:95)
07-06 00:25:26.487 W/System.err(30890): 	at com.qiyi.tvapi.tv2.a.callSync(SourceFile:54)
07-06 00:25:26.487 W/System.err(30890): 	at com.qiyi.sdk.plugin.server.upgrade.UpgradeManager.checkUpgrades(SourceFile:60)
07-06 00:25:26.487 W/System.err(30890): 	at com.qiyi.sdk.plugin.server.core.PluginHelper$TimerHandler.checkAllUpgrade(SourceFile:362)
07-06 00:25:26.487 W/System.err(30890): 	at com.qiyi.sdk.plugin.server.core.PluginHelper$TimerHandler.handleMessage(SourceFile:339)
07-06 00:25:26.487 D/Player/Player/NativePlayerUtils(30890): [TID 30921] loadWhiteListSync(), wait load finished
07-06 00:25:26.489 W/System.err(30890): 	at android.os.Handler.dispatchMessage(Handler.java:102)
07-06 00:25:26.489 W/System.err(30890): 	at android.os.Looper.loop(Looper.java:135)
07-06 00:25:26.489 W/System.err(30890): 	at android.os.HandlerThread.run(HandlerThread.java:61)
07-06 00:25:26.489 W/UpgradeManager(30890): moduleUpdate() onException!! exception=com.qiyi.video.api.ApiException
07-06 00:25:26.490 I/System.out(30890): <TVAPI> ERROR(id=2, moduleUpdate, response_time = 208ms): call error. data = {"msg":"æ•°æ®å‡ºé”™ï¼Œè¯·ç¨åŽå†è¯•\né”™è¯¯ç ï¼šE000012","code":"E000012","data":[]}
07-06 00:25:26.490 W/System.err(30890): com.qiyi.video.api.ApiException
07-06 00:25:26.490 W/System.err(30890): 	at com.qiyi.tvapi.tv2.a$3.onSuccess(SourceFile:204)
07-06 00:25:26.490 W/System.err(30890): 	at com.qiyi.video.api.a.d.b(SourceFile:105)
07-06 00:25:26.490 W/System.err(30890): 	at com.qiyi.video.api.a.d.a(SourceFile:129)
07-06 00:25:26.490 W/System.err(30890): 	at com.qiyi.tvapi.tv2.a$1.a(SourceFile:102)
07-06 00:25:26.490 W/System.err(30890): 	at com.qiyi.tvapi.tv2.b.c.a(SourceFile:155)
07-06 00:25:26.490 W/System.err(30890): 	at com.qiyi.tvapi.tv2.a.a(SourceFile:95)
07-06 00:25:26.490 W/System.err(30890): 	at com.qiyi.tvapi.tv2.a.callSync(SourceFile:54)
07-06 00:25:26.490 W/System.err(30890): 	at com.qiyi.sdk.plugin.server.upgrade.UpgradeManager.checkUpgrades(SourceFile:60)
07-06 00:25:26.490 W/System.err(30890): 	at com.qiyi.sdk.plugin.server.core.PluginHelper$TimerHandler.checkAllUpgrade(SourceFile:362)
07-06 00:25:26.490 W/System.err(30890): 	at com.qiyi.sdk.plugin.server.core.PluginHelper$TimerHandler.handleMessage(SourceFile:339)
07-06 00:25:26.490 W/System.err(30890): 	at android.os.Handler.dispatchMessage(Handler.java:102)
07-06 00:25:26.490 W/System.err(30890): 	at android.os.Looper.loop(Looper.java:135)
07-06 00:25:26.490 W/System.err(30890): 	at android.os.HandlerThread.run(HandlerThread.java:61)
07-06 00:25:26.490 W/PluginHelper(30890): checkAllUpgrade>>() return true
07-06 00:25:26.490 W/StorageManager(30890): loadLastUpgradeTime<<(upgradeTime=1499271926254)
07-06 00:25:26.490 W/StorageStub@193d3924(30890): saveLastUpgradeTime<<(upgradeTime=1499271926254)
07-06 00:25:26.491 D/CLog    (30890): cpuinfo_len is (370):
07-06 00:25:26.491 D/CLog    (30890): Processor	: AArch64 Processor rev 3 (aarch64)
07-06 00:25:26.491 D/CLog    (30890): processor	: 0
07-06 00:25:26.491 D/CLog    (30890): processor	: 1
07-06 00:25:26.491 D/CLog    (30890): processor	: 2
07-06 00:25:26.491 D/CLog    (30890): processor	: 3
07-06 00:25:26.491 D/CLog    (30890): Features	: fp asimd aes pmull sha1 sha2 crc32 wp half thumb fastmult vfp edsp neon vfpv3 tlsi vfpv4 idiva idivt 
07-06 00:25:26.491 D/CLog    (30890): CPU implementer	: 0x41
07-06 00:25:26.491 D/CLog    (30890): CPU architecture: 8
07-06 00:25:26.491 D/CLog    (30890): CPU variant	: 0x0
07-06 00:25:26.491 D/CLog    (30890): CPU part	: 0xd03
07-06 00:25:26.491 D/CLog    (30890): CPU revision	: 3
07-06 00:25:26.491 D/CLog    (30890): 
07-06 00:25:26.491 D/CLog    (30890): Hardware	: Muji
07-06 00:25:26.491 D/CLog    (30890): Revision	: 0000
07-06 00:25:26.491 D/CLog    (30890): Serial		: 0000000000000000
07-06 00:25:26.491 D/CLog    (30890): 
07-06 00:25:26.491 D/CLog    (30890): cpuinfo hardware is Muji
07-06 00:25:26.492 D/TVWhiteList(30890): requested URL key = tv-{model-[VIDAA_TV]|cpuinfo-[Muji]}, default = tv-{cpuinfo-[Muji]}, productname-[VIDAA_TV]
07-06 00:25:26.492 D/TVWhiteList(30890): requested URL = http://puma.api.ptqy.gitv.tv/kestrel/fetch?key=tv-%7Bmodel-%5BVIDAA_TV%5D%7Ccpuinfo-%5BMuji%5D%7D&default_key=tv-%7Bcpuinfo-%5BMuji%5D%7D
07-06 00:25:26.492 W/StorageStub@193d3924(30890): saveLastUpgradeTime>>()
07-06 00:25:26.492 W/StorageManager(30890): loadLastUpgradeTime>>()
07-06 00:25:26.492 W/PluginHelper(30890): handleMessage>>()
07-06 00:25:26.496 I/TVMW@HsTvSetting( 1234): Trace cmd, data = 0x1058
07-06 00:25:26.496 D/til@system( 2026): til_get_system_param option:100002F int:0, bool:0, ret:0
07-06 00:25:26.496 I/TVMW@HsTvSetting( 1234): Trace cmd, data = 0x101f
07-06 00:25:26.496 D/til@system( 2026): til_get_system_param option:100001D int:3, bool:3, ret:0
07-06 00:25:26.496 E/til     ( 2026): [til_get_current_input_source, 101] 
07-06 00:25:26.496 I/TVMW@HsTvSetting( 1234): Trace cmd, data = 0x7007
07-06 00:25:26.496 I/tilwrapper@sm( 2026): HS2TIL_SourceType *hs=0xd, *til=0x900
07-06 00:25:26.497 D/til     ( 2026): get current source 2304
07-06 00:25:26.497 D/SourceRemoteServiceHandler( 2026): getCurrentInputSource.from.til.result is 0, value is 2304
07-06 00:25:26.497 D/SourceRemoteServiceHandler( 2026): getInputSourceType source: 0x900, type=2304
07-06 00:25:26.497 D/til     ( 2026): ###### func:til_get_picture_param option:0x3000006 ######  
07-06 00:25:26.497 D/TVWhiteList(30890): WhiteList server IP: 119.188.147.32
07-06 00:25:26.497 I/TVMW@HsTvSetting( 1234): Trace cmd, data = 0x1003
07-06 00:25:26.498 I/TVMW@HsTvSetting( 1234): Trace cmd, data = 0x8032
07-06 00:25:26.498 I/hstvos  ( 1216): [0m[1;33m[HSHAL][HS_VIDEO][HS_HAL_Video_SetOsdDetect_v2][2389]u16Threshold = 20
07-06 00:25:26.498 E/TVMW@videoctrl( 1234):  getOsd is 1
07-06 00:25:26.499 D/til@system( 2026): til_get_system_param option:1000027 int:1, bool:1, ret:0
07-06 00:25:26.499 D/til     ( 2026): ###### func:til_get_picture_param option:0x3000045 ######  
07-06 00:25:26.499 I/TVMW@HsTvSetting( 1234): Trace cmd, data = 0x300c
07-06 00:25:26.499 I/TVMW@HsTvSetting( 1234): Trace 3d, data = 0x300c
07-06 00:25:26.499 I/TVMW@3d ( 1234): Hs_debug3d_trace: func:get3dStatus, line:109
07-06 00:25:26.524 I/MyFragmentStateAdapter(30890): getCount
07-06 00:25:26.551 I/TVWhiteList(30890): strRes = {"code":"A00000","default_key":"tv-{cpuinfo-[Muji]}","default_value":"","key":"tv-{model-[VIDAA_TV]|cpuinfo-[Muji]}","value":"[{\"result\": {\"vod_dolby\": -1,\"vod_h265\": -1,\"vod_h264_4k_plus\": -1,\"vod_h264_jisu_2k\": 1,\"livenet_H264_4k_plus\": -1,\"livenet_H264_jisu_2k\": 1,\"livenet_h265\": -1,\"qixiu\": 0,\"highest_bs\": 19,\"lowest_bs\": 1,\"local_server_config\": \"\", \"other\": \"\"}},{\"version\":3005,\"result\": {\"vod_dolby\": -1,\"vod_h265\": -1,\"vod_h264_4k_plus\": -1,\"vod_h264_jisu_2k\": -1,\"livenet_H264_4k_plus\": -1,\"livenet_H264_jisu_2k\": -1,\"livenet_h265\": -1,\"qixiu\": 0,\"highest_bs\": 19,\"lowest_bs\": 1,\"local_server_config\": \"\", \"other\": \"\"}},{\"version\":3008,\"result\": {\"vod_dolby\": -1,\"vod_h265\": -1,\"vod_h264_4k_plus\": -1,\"vod_h264_jisu_2k\": 1,\"livenet_H264_jisu_2k\": 1,\"qixiu\": 0,\"highest_bs\": 19,\"lowest_bs\": 1,\"local_server_config\": \"{\\\"start_mode\\\": 1}\", \"other\": \"\"}}]"}
07-06 00:25:26.551 I/TVWhiteList(30890): use white list version whitev 3000
07-06 00:25:26.552 I/TVWhiteList(30890): use white list version whitev 3005
07-06 00:25:26.552 I/TVWhiteList(30890): use white list version whitev 3008
07-06 00:25:26.559 D/Player/Player/NativePlayerUtils(30890): [TID 31097] loadWhiteListSync(), white list fetched: {"SupportDolby":false,"SupportH265":false,"Support4K":false,"SupportLive":true}
07-06 00:25:26.560 D/Player/Player/NativePlayerUtils(30890): [TID 31097] parseWhiteListJson(jsonString:{"SupportDolby":false,"SupportH265":false,"Support4K":false,"SupportLive":true})
07-06 00:25:26.560 D/Player/Player/NativePlayerUtils(30890): [TID 31097] parseWhiteListJson, normal:true,h265:false,dolby:false,bs4K:false
07-06 00:25:26.560 D/Player/Player/NativePlayerUtils(30890): [TID 30921] << loadWhiteListSync()
07-06 00:25:26.560 D/Player/Lib/Utils/PlayerDebugUtils(30890): [TID 30921] initialize, allowDebug: false
07-06 00:25:26.560 D/CLog    (30890): cpuinfo_len is (370):
07-06 00:25:26.560 D/CLog    (30890): Processor	: AArch64 Processor rev 3 (aarch64)
07-06 00:25:26.560 D/CLog    (30890): processor	: 0
07-06 00:25:26.560 D/CLog    (30890): processor	: 1
07-06 00:25:26.560 D/CLog    (30890): processor	: 2
07-06 00:25:26.560 D/CLog    (30890): processor	: 3
07-06 00:25:26.560 D/CLog    (30890): Features	: fp asimd aes pmull sha1 sha2 crc32 wp half thumb fastmult vfp edsp neon vfpv3 tlsi vfpv4 idiva idivt 
07-06 00:25:26.560 D/CLog    (30890): CPU implementer	: 0x41
07-06 00:25:26.560 D/CLog    (30890): CPU architecture: 8
07-06 00:25:26.560 D/CLog    (30890): CPU variant	: 0x0
07-06 00:25:26.560 D/CLog    (30890): CPU part	: 0xd03
07-06 00:25:26.560 D/CLog    (30890): CPU revision	: 3
07-06 00:25:26.560 D/CLog    (30890): 
07-06 00:25:26.560 D/CLog    (30890): Hardware	: Muji
07-06 00:25:26.560 D/CLog    (30890): Revision	: 0000
07-06 00:25:26.560 D/CLog    (30890): Serial		: 0000000000000000
07-06 00:25:26.560 D/CLog    (30890): 
07-06 00:25:26.561 D/CLog    (30890): cpuinfo hardware is Muji
07-06 00:25:26.561 I/TVWhiteList(30890): longyUrl = http://msg.71.am/v5/core/bmd?t=pfmc&success=1&tm1=54&bgv=3.0&tv_device=VIDAA_TV-4-Muji-22-Hisense&isadapted=1&krv=3.8.3
07-06 00:25:26.563 D/PlayerSdk/PlayerSdkProject(30890): [TID 30921] initPingback
07-06 00:25:26.577 I/MyFragmentStateAdapter(30890): getCount
07-06 00:25:26.580 E/NetworkManager(30890): [TID 31094] << request(http://www.baidu.com, 20767973): connect internet failed, url=http://www.baidu.com
07-06 00:25:26.581 D/NetworkManager(30890): [TID 31093] tryConnectFirst: result=false, time consumed=179ms
07-06 00:25:26.581 D/NetworkManager(30890): [TID 31093] >> getRequestTask(http://www.qq.com)
07-06 00:25:26.592 D/NetworkManager(30890): [TID 31094] >> request(http://www.qq.com, 20768152)
07-06 00:25:26.593 D/NetworkManager(30890): [TID 31094] request(http://www.qq.com, 20768152): openConnection
07-06 00:25:26.596 D/NetworkManager(30890): [TID 31093] getRequestTask(http://www.qq.com): current pool size=2, queue=[]
07-06 00:25:26.596 D/NetworkManager(30890): [TID 31093] getRequestTask(http://www.qq.com): submitted task={java.util.concurrent.FutureTask@3421d734, 20768152}
07-06 00:25:26.596 D/NetworkManager(30890): [TID 31093] << getRequestTask(http://www.qq.com): returned task=java.util.concurrent.FutureTask@3421d734
07-06 00:25:26.597 D/NetworkManager(30890): [TID 31093] >> getRequestTask(http://www.iqiyi.com)
07-06 00:25:26.597 D/NetworkManager(30890): [TID 31093] getRequestTask(http://www.iqiyi.com): current pool size=3, queue=[]
07-06 00:25:26.613 D/NetworkManager(30890): [TID 31093] getRequestTask(http://www.iqiyi.com): submitted task={java.util.concurrent.FutureTask@281aa2d2, 20768168}
07-06 00:25:26.613 D/NetworkManager(30890): [TID 31093] << getRequestTask(http://www.iqiyi.com): returned task=java.util.concurrent.FutureTask@281aa2d2
07-06 00:25:26.613 D/NetworkManager(30890): [TID 31093] >> getRequestTask(http://www.163.com)
07-06 00:25:26.613 D/NetworkManager(30890): [TID 31093] getRequestTask(http://www.163.com): current pool size=4, queue=[]
07-06 00:25:26.613 D/NetworkManager(30890): [TID 31093] getRequestTask(http://www.163.com): submitted task={java.util.concurrent.FutureTask@399f32a0, 20768184}
07-06 00:25:26.613 D/NetworkManager(30890): [TID 31093] << getRequestTask(http://www.163.com): returned task=java.util.concurrent.FutureTask@399f32a0
07-06 00:25:26.613 D/NetworkManager(30890): [TID 31093] >> getRequestTask(http://www.taobao.com)
07-06 00:25:26.613 D/NetworkManager(30890): [TID 31093] getRequestTask(http://www.taobao.com): current pool size=5, queue=[]
07-06 00:25:26.613 D/NetworkManager(30890): [TID 31093] getRequestTask(http://www.taobao.com): submitted task={java.util.concurrent.FutureTask@3dc1a1e, 20768185}
07-06 00:25:26.613 D/NetworkManager(30890): [TID 31093] << getRequestTask(http://www.taobao.com): returned task=java.util.concurrent.FutureTask@3dc1a1e
07-06 00:25:26.613 D/NetworkManager(30890): [TID 31093] >> getRequestTask(http://www.sina.com.cn)
07-06 00:25:26.619 I/MyFragmentStateAdapter(30890): getCount
07-06 00:25:26.627 D/NetworkManager(30890): [TID 31104] >> request(http://www.163.com, 20768184)
07-06 00:25:26.630 I/System.out(30890): <TVAPI> DEBUG(TVApiProperty): read passport-device-id=tv_69b1ef544cadbb86e8f28950ece1c76a_1167652938875
07-06 00:25:26.632 D/NetworkManager(30890): [TID 31104] request(http://www.163.com, 20768184): openConnection
07-06 00:25:26.633 D/NetworkManager(30890): [TID 31093] getRequestTask(http://www.sina.com.cn): current pool size=6, queue=[]
07-06 00:25:26.633 D/NetworkManager(30890): [TID 31093] getRequestTask(http://www.sina.com.cn): submitted task={java.util.concurrent.FutureTask@13d4d8cc, 20768185}
07-06 00:25:26.634 D/NetworkManager(30890): [TID 31093] << getRequestTask(http://www.sina.com.cn): returned task=java.util.concurrent.FutureTask@13d4d8cc
07-06 00:25:26.654 D/NetworkManager(30890): [TID 31105] >> request(http://www.taobao.com, 20768185)
07-06 00:25:26.660 D/pingbacklog/getHardwareInfo(30890): getHardwareInfo: info=muji
07-06 00:25:26.662 D/NetworkManager(30890): [TID 31107] >> request(http://www.sina.com.cn, 20768185)
07-06 00:25:26.665 D/pingbacklog-set(30890): QiyiPingBack2.setAnonymityId is be used, mAnonymityId = tv_69b1ef544cadbb86e8f28950ece1c76a
07-06 00:25:26.665 D/NetworkManager(30890): [TID 31107] request(http://www.sina.com.cn, 20768185): openConnection
07-06 00:25:26.665 D/pingbacklog-set(30890): QiyiPingBack2.setPassportId is be used, UserId = null
07-06 00:25:26.667 I/MemTotal:        1958344 kB(30890): MemTotal:	
07-06 00:25:26.667 I/MemTotal:        1958344 kB(30890): 1958344	
07-06 00:25:26.667 I/MemTotal:        1958344 kB(30890): kB	
07-06 00:25:26.677 D/PlayerSdk/PlayerSdkProject(30890): [TID 30921] initPingback: domainName=ptqy.gitv.tv, ver=2.1.0.59986, uuid=20151228165619572MkCHJfWb11209, userId=null, isNewUser=true, deviceid=tv_69b1ef544cadbb86e8f28950ece1c76a_1167652938875, setAnonymityId=tv_69b1ef544cadbb86e8f28950ece1c76a
07-06 00:25:26.688 D/NetworkManager(30890): [TID 31105] request(http://www.taobao.com, 20768185): openConnection
07-06 00:25:26.690 D/PlayerSdk/CheckPackageNameJob(30890): [TID 30921] SdkConfigManager.instance().getConfig() = SdkConfig@3f8f27dc{mCustomerCode=60, mPlayerConfigType=4, mPlatformType=HAIXIN, mLoginType=SUB_ACCOUNT, mIsEnableDolby=false, mIsEnableH265=false, mIsEnable4K=true, mIsSupportYinhePingback=false, mShouldDoPlayCheck=true, mshouldGetUuidFromServer=true, mPingbackS1=2, mPingbackS2=simple_sdk, mPingbackP2=3128, mDomainName=ptqy.gitv.tv, mIsDebugVersion=false, mIsDebugVersion=false, mCustomerPackageNames=[com.hisense.hicloud.edca], mEnableSetBitstream=true}
07-06 00:25:26.693 D/NetworkManager(30890): [TID 31094] << request(http://www.qq.com, 20768152): connect internet success, url=http://www.qq.com
07-06 00:25:26.694 D/NetworkManager(30890): [TID 31093] retryConnectOthers: result=true, time consumed=114ms
07-06 00:25:26.698 I/MyFragmentStateAdapter(30890): getCount
07-06 00:25:26.700 D/PlayerSdk/CheckPackageNameJob@9abba2a(30890): [TID 30921] isCancelled() Job[PlayerSdk/CheckPackageNameJob@9abba2a](mState=0, mData=Object1004320184, mError=null) return false
07-06 00:25:26.700 D/PlayerSdk/CheckPackageNameJob(30890): [TID 30921] onRun(), mCurrentPackageName=com.hisense.hicloud.edca, mCustomerPackageNames=511068292:[com.hisense.hicloud.edca]
07-06 00:25:26.701 D/PlayerSdk/CheckPackageNameJob@9abba2a(30890): [TID 30921] notifyJobSuccess() Job[PlayerSdk/CheckPackageNameJob@9abba2a](mState=1, mData=Object1004320184, mError=null)
07-06 00:25:26.701 D/PlayerSdk/DeviceCheckTask@1753401b(30890): [TID 30921] isCancelled() Job[PlayerSdk/DeviceCheckTask@1753401b](mState=0, mData=Object10985361, mError=null) return false
07-06 00:25:26.701 D/PlayerSdk/DeviceCheckTask(30890): [TID 30921] execte.onRun: isDevChecked=false, isDeviceCheckPass=false
07-06 00:25:26.701 D/AccessToken(30890): [TID 30921] isAllowedAccess() count=0, now=1499271926701, time=1499271926701, mMaxCount = 5, duration = 600000, mAccessTime = 0, return true
07-06 00:25:26.701 D/AccessToken(30890): [TID 30921] isAllowedAccess() count=0, now=1499271926701, time=1499271926701, mMaxCount = 5, duration = 600000, mAccessTime = 0, return true
07-06 00:25:26.701 D/PlayerSdk/DeviceCheckTask(30890): [TID 30921] deviceCheck
07-06 00:25:26.701 D/PlayerSdk/DeviceCheckTask(30890): [TID 30921] deviceCheck: devCheckTest=-1
07-06 00:25:26.702 I/System.out(30890): <TVAPI> DEBUG(isUpdateData): isUpdateData=devRegister-true
07-06 00:25:26.702 I/System.out(30890): <TVAPI> DEBUG(TVAPI): uuid=20151228165619572MkCHJfWb11209
07-06 00:25:26.702 I/System.out(30890): <TVAPI> DEBUG(TVAPI): version=2.1.0.59986
07-06 00:25:26.702 I/System.out(30890): <TVAPI> DEBUG(TVApiProperty): read passport-device-id=tv_69b1ef544cadbb86e8f28950ece1c76a_1167652938875
07-06 00:25:26.702 I/System.out(30890): <TVAPI> DEBUG(id=6, systemTime): url = http://pdata.video.ptqy.gitv.tv/k
07-06 00:25:26.702 I/System.out(30890): D/(load-playerplugin, CommonApi-systemTime): url=http://pdata.video.ptqy.gitv.tv/k
07-06 00:25:26.703 I/System.out(30890): <TVAPI> DEBUG(id=5, devRegister): url = http://data2.itv.ptqy.gitv.tv/itv/devRegister/OGFjZjgxODQ2YThhLzIwMTUxMjI4MTY1NjE5NTcyTWtDSEpmV2IxMTIwOS8yLjEuMC41OTk4Ng/39467112fe7be1432adcf86e152f4899
07-06 00:25:26.703 I/System.out(30890): <TVAPI> DEBUG(id=5, devRegister): header = qyid:tv_69b1ef544cadbb86e8f28950ece1c76a_1167652938875
07-06 00:25:26.703 I/System.out(30890): <TVAPI> DEBUG(id=5, devRegister): header = ov:5.1.1
07-06 00:25:26.703 I/System.out(30890): <TVAPI> DEBUG(id=5, devRegister): header = apkVer:2.1.0.59986
07-06 00:25:26.721 I/TVWhiteList(30890): strRes = 
07-06 00:25:26.726 D/NetworkManager(30890): [TID 31103] >> request(http://www.iqiyi.com, 20768168)
07-06 00:25:26.740 E/NetworkManager(30890): [TID 31107] << request(http://www.sina.com.cn, 20768185): connect internet failed, url=http://www.sina.com.cn
07-06 00:25:26.740 D/NetworkManager(30890): [TID 31103] request(http://www.iqiyi.com, 20768168): openConnection
07-06 00:25:26.744 I/MyFragmentStateAdapter(30890): getCount
07-06 00:25:26.761 I/System.out(30890): <TVAPI> DEBUG(id=5, devRegister, response_time = 57ms): data = {"msg":"","code":"N000000","data":{"apiKey":"9e14d341281067d05d771f41454858c0","authId":1210,"flag":"","hide":"qiyicom","ip":"27.223.99.130","ipLoc":"1-48-3-6-6002-0-77","ipZh":"äºšæ´²-ä¸­å›½-åŽä¸œ-å±±ä¸œ-é’å²›-None-è”é€š","kv":[{"hcdn":"hCDN"},{"homepageHot":"çƒ­æ’­"},{"homepageNew":"æœ€æ–°"},{"ruleCode":"http://static.ptqy.gitv.tv/js/tv/app/getPlayerConfig.js","playerConfig":"æ’­æ”¾å™¨äº‘ç«¯é…"},{"isShowExitAppDialog":"é€€å‡ºapkå±•ç¤ºæŽ¨èæ•°æ®ï¼ˆé»˜è®¤ä¸ºå¼€ï¼‰"}],"loading":"","loginTunnel":0,"resIds":[{"id":201221412,"seq":1},{"id":201713612,"seq":2},{"id":201757412,"seq":3}],"sysTime":1499269541,"tab":[],"tip":"","upgradeType":-1,"url":"","version":""}}
07-06 00:25:26.761 D/AccessToken(30890): [TID 30921] increaseAccessCount() count=1
07-06 00:25:26.761 D/AccessToken(30890): [TID 30921] increaseAccessCount() count=1
07-06 00:25:26.761 D/PlayerSdk/DeviceCheckTask(30890): [TID 30921] deviceCheck.onSuccess: deviceIp: 27.223.99.130
07-06 00:25:26.762 D/PlayerSdk/DeviceCheckTask@1753401b(30890): [TID 30921] notifyJobSuccess() Job[PlayerSdk/DeviceCheckTask@1753401b](mState=1, mData=Object10985361, mError=null)
07-06 00:25:26.764 D/PlayerSdk/GrayScaleSwitcherProvider(30890): [TID 30921] execute: handler has no messages, send it.
07-06 00:25:26.764 D/PlayerSdk/GrayScaleSwitcherProvider(30890): [TID 30921] fetchSwitchData
07-06 00:25:26.765 I/System.out(30890): <TVAPI> DEBUG(isUpdateData): isUpdateData=dynamicQ-true
07-06 00:25:26.765 I/System.out(30890): <TVAPI> DEBUG(TVApiProperty): read passport-device-id=tv_69b1ef544cadbb86e8f28950ece1c76a_1167652938875
07-06 00:25:26.765 I/System.out(30890): <TVAPI> DEBUG(id=7, dynamicQ): url = http://data2.itv.ptqy.gitv.tv/itv/dynamicQ/1210/2.1.0.59986/VIDAA_TV/0/0/1/0/0/0/0
07-06 00:25:26.765 I/System.out(30890): <TVAPI> DEBUG(id=7, dynamicQ): header = qyid:tv_69b1ef544cadbb86e8f28950ece1c76a_1167652938875
07-06 00:25:26.765 I/System.out(30890): <TVAPI> DEBUG(id=7, dynamicQ): header = ov:5.1.1
07-06 00:25:26.765 I/System.out(30890): <TVAPI> DEBUG(id=7, dynamicQ): header = apkVer:2.1.0.59986
07-06 00:25:26.765 I/System.out(30890): <TVAPI> DEBUG(id=7, dynamicQ): header = apiKey:9e14d341281067d05d771f41454858c0
07-06 00:25:26.769 I/System.out(30890): <TVAPI> DEBUG(System Time): 1499271926
07-06 00:25:26.770 I/System.out(30890): <TVAPI> DEBUG(id=6, systemTime, response_time = 67ms): data = {"t":"1499271926","m":"63812953d092a14c7985611e5e400899ee44c50ce708393e","u":"63812953d092a14c440e1ecaf3384c64cd209a1d88b78425","i":"220.181.109.33","k":"63812953d092a14cb6834abfe2d49caa9db42e51cb91c539"}
07-06 00:25:26.789 I/MyFragmentStateAdapter(30890): getCount
07-06 00:25:26.805 D/NetworkManager(30890): [TID 31093] getRealState: activeNetInfo={[type: Ethernet[], state: CONNECTED/CONNECTED, reason: (unspecified), extra: a8:a6:48:18:fc:a8, roaming: false, failover: false, isAvailable: true, isConnectedToProvisioningNetwork: false]}, isConnected=true
07-06 00:25:26.817 D/NetworkManager(30890): [TID 30890] onNetStateChanged(2)
07-06 00:25:26.831 I/MyFragmentStateAdapter(30890): getCount
07-06 00:25:26.831 I/System.out(30890): <TVAPI> DEBUG(id=7, dynamicQ, response_time = 56ms): data = {"msg":"","code":"N000000","data":{"apiKey":"","authId":-1,"cnf":{},"flag":"","function":[{"playerConfig":"http://static.ptqy.gitv.tv/js/tv/app/getPlayerConfig.js"},{"appCard":"1"},{"msg_dialog_pos":"4"},{"disableHCDNPreDeploy":"false"},{"dailyInforCornerMark":"http://pic0.ptqy.gitv.tv/common/20170113/4ab9430bee234e2b8c8ae4583669b394.png,http://pic6.ptqy.gitv.tv/common/20170113/d45b2b6ae97a4847a73a245d63f5fe87.png"},{"isDisableAdCache":"0"},{"card_sort":"0"},{"alltag_position":"0"},{"enablePlayerLocalServer":"false"},{"ad_skip_frequency":"-1"},{"enablePlayerLocalServerF4v2Hls":"false"},{"enablePlayerLocalServerStream":"false"},{"disableHcdnDaemon":"false"},{"subChannelPlayerConfig":"http://static.ptqy.gitv.tv/js/tv/app/getSubChannelPlayerConfig.js"},{"childapp":"http://cdn.data.video.ptqy.gitv.tv/cdn/tv/20170630/apk/1_1259_4994_1498801304813.json"},{"chinapokerapp":"http://chessgame.ptqy.gitv.tv/game/info/apis/get_game_info.action?id=212202420"}],"hide":"","ichn":[],"ip":"","ipLoc":"","ipZh":"","is3D":1,"kv":[{"hcdn":"hCDN"},{"homepageHot":"çƒ­æ’­"},{"homepageNew":"æœ€æ–°"},{"ruleCode":"http://static.ptqy.gitv.tv/js/tv/app/getPlayerConfig.js","playerConfig":"æ’­æ”¾å™¨äº‘ç«¯é…"},{"isShowExitAppDialog":"é€€å‡ºapkå±•ç¤ºæŽ¨èæ•°æ®ï¼ˆé»˜è®¤ä¸ºå¼€ï¼‰"}],"loading":"","loginTunnel":0,"resIds":[],"support4k":1,"supporth265":1,"sysTime":1499270783,"tab":[],"tip":"","upgradeType":-1,"url":"","verCoupon":"","verMon":"0","verPkg":"","verTvod":"0","version":"","vip":1,"vipCoupon":0,"vipMon":1,"vipPkg":0,"vipTvod":1}}
07-06 00:25:26.831 D/PlayerSdk/GrayScaleSwitcherProvider(30890): [TID 30921] TVApi.dynamicQ: onSuccess
07-06 00:25:26.832 D/PlayerSdk/GrayScaleSwitcherProvider(30890): [TID 30921] TVApi.dynamicQ: data=com.qiyi.tvapi.tv2.model.DeviceCheck@2fcb958a, isOpenHcdn=true, sRetryTimesBeforeStarted=3, sRetryTimesAfterStarted=3, isDisableP2PUpload=false, isOpenDrmRootCheck=false
07-06 00:25:26.832 D/PlayerSdk/PlayerSdkProject(30890): [TID 30921] << finishInitialize: consume 566 ms
07-06 00:25:26.833 D/PlayerSdk/PlayerSdkProject(30890): [TID 30921] isPackageNameCheckPassed=true, isDeviceCheckPass=true
07-06 00:25:26.833 D/PlayerSdk/PlayerFeatureProvider(30890): [TID 30921] notifySuccess(looper=Looper (main, tid 1) {13fae7fb}, listener=com.hisense.hicloud.edca.mediaplayer.video.qiyi.QiyiInitTool$1$1@1e88fcb6)
07-06 00:25:26.834 D/PlayerSdk/PlayerFeatureProvider(30890): [TID 30921] << loadPluginPlayerFeature: mSdkFeature=com.qiyi.video.plugin.j@795f4b1
07-06 00:25:26.840 I/art     (30890): Background partial concurrent mark sweep GC freed 28748(1720KB) AllocSpace objects, 15(271KB) LOS objects, 13% free, 26MB/30MB, paused 5.877ms total 183.268ms
07-06 00:25:26.840 D/MutilScreenService(30890): Mutilscreen,mFoundSelf---false
07-06 00:25:26.841 D/NativeDecimalFormat(30890): NativeDecimalFormat_close print addr=3764310784
07-06 00:25:26.841 D/NativeDecimalFormat(30890): NativeDecimalFormat_close print g_addr=3764310784
07-06 00:25:26.858 W/linker  (30890): libWasabiJni.so: unused DT entry: type 0x6ffffffe arg 0x5080
07-06 00:25:26.858 W/linker  (30890): libWasabiJni.so: unused DT entry: type 0x6fffffff arg 0x3
07-06 00:25:26.859 E/WifiStateMachine( 1733): handleMessage: E msg.what=131157
07-06 00:25:26.859 E/WifiStateMachine( 1733): processMsg: InitialState
07-06 00:25:26.860 E/WifiStateMachine( 1733): processMsg: DefaultState
07-06 00:25:26.860 E/WifiStateMachine( 1733): Error! unhandled message{ when=-1ms what=131157 target=com.android.internal.util.StateMachine$SmHandler }
07-06 00:25:26.860 E/WifiStateMachine( 1733): handleMessage: X
07-06 00:25:26.862 D/PlayerSdk/PlayerSdkLibProfile(30890): [TID 31117] isOpenDrmRootCheck=false
07-06 00:25:26.862 I/QiyiInitTool(30890): onSuccess
07-06 00:25:26.866 D/MutilScreenService.java(30890): VodLog-[onHandleIntent:79]Start_Server
07-06 00:25:26.870 I/WASABI  (30890): WASABI version: BUILD DATE: 'Dec 30 2016', BUILD CONFIGURATION: 'Release', VERSION NAME: '1.19.0', VERSION NUMBER: 0x00011300, SHORT DESCRIPTION: 'Wasabi Runtime', LONG DESCRIPTION: '{"wasabi": "1.19.0", "wcscp": "2.22.0", "manufacturer": "intertrust", "os": "Android", "customerid": "c31122", "wcskb": "5.0.0"}', MS520K: 'enforced', VCS CHANGE: 12814
07-06 00:25:26.874 I/MyFragmentStateAdapter(30890): getCount
07-06 00:25:26.884 D/MutilScreenService(30890): Started,ServerSocket:/::----51706
07-06 00:25:26.888 E/NetworkManager(30890): [TID 31105] << request(http://www.taobao.com, 20768185): connect internet failed, url=http://www.taobao.com
07-06 00:25:26.916 I/MyFragmentStateAdapter(30890): getCount
07-06 00:25:26.939 D/NetworkManager(30890): [TID 31104] << request(http://www.163.com, 20768184): connect internet success, url=http://www.163.com
07-06 00:25:26.946 I/MyFragmentStateAdapter(30890): getCount
07-06 00:25:26.970 I/MiSysSrv( 1214): [37m[INFO] Change to Voltage: 112 mv (0x2D)[m
07-06 00:25:26.984 D/NetworkManager(30890): [TID 31103] << request(http://www.iqiyi.com, 20768168): connect internet success, url=http://www.iqiyi.com
07-06 00:25:26.998 I/MyFragmentStateAdapter(30890): getCount
07-06 00:25:27.000 I/TVMW@HsTvSetting( 1234): Trace cmd, data = 0x1058
07-06 00:25:27.001 D/til@system( 2026): til_get_system_param option:100002F int:0, bool:0, ret:0
07-06 00:25:27.001 I/TVMW@HsTvSetting( 1234): Trace cmd, data = 0x101f
07-06 00:25:27.002 D/til@system( 2026): til_get_system_param option:100001D int:3, bool:3, ret:0
07-06 00:25:27.002 E/til     ( 2026): [til_get_current_input_source, 101] 
07-06 00:25:27.002 I/TVMW@HsTvSetting( 1234): Trace cmd, data = 0x7007
07-06 00:25:27.002 I/tilwrapper@sm( 2026): HS2TIL_SourceType *hs=0xd, *til=0x900
07-06 00:25:27.002 D/til     ( 2026): get current source 2304
07-06 00:25:27.002 D/SourceRemoteServiceHandler( 2026): getCurrentInputSource.from.til.result is 0, value is 2304
07-06 00:25:27.002 D/SourceRemoteServiceHandler( 2026): getInputSourceType source: 0x900, type=2304
07-06 00:25:27.003 D/til     ( 2026): ###### func:til_get_picture_param option:0x3000006 ######  
07-06 00:25:27.003 I/TVMW@HsTvSetting( 1234): Trace cmd, data = 0x1003
07-06 00:25:27.003 I/TVMW@HsTvSetting( 1234): Trace cmd, data = 0x8032
07-06 00:25:27.004 I/hstvos  ( 1216): [0m[1;33m[HSHAL][HS_VIDEO][HS_HAL_Video_SetOsdDetect_v2][2389]u16Threshold = 20
07-06 00:25:27.013 E/TVMW@videoctrl( 1234):  getOsd is 1
07-06 00:25:27.013 D/til@system( 2026): til_get_system_param option:1000027 int:1, bool:1, ret:0
07-06 00:25:27.013 D/til     ( 2026): ###### func:til_get_picture_param option:0x3000045 ######  
07-06 00:25:27.013 I/TVMW@HsTvSetting( 1234): Trace cmd, data = 0x300c
07-06 00:25:27.013 I/TVMW@HsTvSetting( 1234): Trace 3d, data = 0x300c
07-06 00:25:27.013 I/TVMW@3d ( 1234): Hs_debug3d_trace: func:get3dStatus, line:109
07-06 00:25:27.040 I/MyFragmentStateAdapter(30890): getCount
07-06 00:25:27.065 I/MyFragmentStateAdapter(30890): getCount
07-06 00:25:27.094 I/MyFragmentStateAdapter(30890): getCount
07-06 00:25:27.123 I/MyFragmentStateAdapter(30890): getCount
07-06 00:25:27.145 I/MyFragmentStateAdapter(30890): getCount
07-06 00:25:27.170 I/MiSysSrv( 1214): [37m[INFO] Change to Voltage: 107 mv (0x28)[m
07-06 00:25:27.170 I/MyFragmentStateAdapter(30890): getCount
07-06 00:25:27.193 I/MyFragmentStateAdapter(30890): getCount
07-06 00:25:27.222 I/MyFragmentStateAdapter(30890): getCount
07-06 00:25:27.262 I/MyFragmentStateAdapter(30890): getCount
07-06 00:25:27.263 V/HotPlugDetectionAction( 1733): Poll all devices.
07-06 00:25:27.269 I/MiSysSrv( 1214): [37m[INFO] Change to Voltage: 107 mv (0x28)[m
07-06 00:25:27.300 I/MyFragmentStateAdapter(30890): getCount
07-06 00:25:27.335 I/NetflixMonitorService( 1733): current fgapk : com.hisense.hicloud.edca
07-06 00:25:27.335 I/NetflixMonitorService( 1733): Netflix status unchanged
07-06 00:25:27.343 I/MyFragmentStateAdapter(30890): getCount
07-06 00:25:27.362 I/TVMW@devctrl( 1234): wdt
07-06 00:25:27.370 I/MiSysSrv( 1214): [37m[INFO] Change to Voltage: 107 mv (0x28)[m
07-06 00:25:27.390 I/MyFragmentStateAdapter(30890): getCount
07-06 00:25:27.396 D/MSTAR_VDEC_DBG( 1206): Stream ID: 0, Rate : 24 (E:0,D:0,S:0,F:51) 
07-06 00:25:27.434 I/MyFragmentStateAdapter(30890): getCount
07-06 00:25:27.470 I/MiSysSrv( 1214): [37m[INFO] Change to Voltage: 102 mv (0x23)[m
07-06 00:25:27.473 I/MyFragmentStateAdapter(30890): getCount
07-06 00:25:27.506 I/MyFragmentStateAdapter(30890): getCount
07-06 00:25:27.515 I/TVMW@HsTvSetting( 1234): Trace cmd, data = 0x1058
07-06 00:25:27.515 D/til@system( 2026): til_get_system_param option:100002F int:0, bool:0, ret:0
07-06 00:25:27.515 I/TVMW@HsTvSetting( 1234): Trace cmd, data = 0x101f
07-06 00:25:27.516 D/til@system( 2026): til_get_system_param option:100001D int:3, bool:3, ret:0
07-06 00:25:27.516 E/til     ( 2026): [til_get_current_input_source, 101] 
07-06 00:25:27.516 I/TVMW@HsTvSetting( 1234): Trace cmd, data = 0x7007
07-06 00:25:27.516 I/tilwrapper@sm( 2026): HS2TIL_SourceType *hs=0xd, *til=0x900
07-06 00:25:27.516 D/til     ( 2026): get current source 2304
07-06 00:25:27.516 D/SourceRemoteServiceHandler( 2026): getCurrentInputSource.from.til.result is 0, value is 2304
07-06 00:25:27.516 D/SourceRemoteServiceHandler( 2026): getInputSourceType source: 0x900, type=2304
07-06 00:25:27.516 D/til     ( 2026): ###### func:til_get_picture_param option:0x3000006 ######  
07-06 00:25:27.517 I/TVMW@HsTvSetting( 1234): Trace cmd, data = 0x1003
07-06 00:25:27.520 I/TVMW@HsTvSetting( 1234): Trace cmd, data = 0x8032
07-06 00:25:27.520 I/hstvos  ( 1216): [0m[1;33m[HSHAL][HS_VIDEO][HS_HAL_Video_SetOsdDetect_v2][2389]u16Threshold = 20
07-06 00:25:27.521 E/TVMW@videoctrl( 1234):  getOsd is 1
07-06 00:25:27.521 D/til@system( 2026): til_get_system_param option:1000027 int:1, bool:1, ret:0
07-06 00:25:27.521 D/til     ( 2026): ###### func:til_get_picture_param option:0x3000045 ######  
07-06 00:25:27.522 I/TVMW@HsTvSetting( 1234): Trace cmd, data = 0x300c
07-06 00:25:27.522 I/TVMW@HsTvSetting( 1234): Trace 3d, data = 0x300c
07-06 00:25:27.522 I/TVMW@3d ( 1234): Hs_debug3d_trace: func:get3dStatus, line:109
07-06 00:25:27.536 I/MyFragmentStateAdapter(30890): getCount
07-06 00:25:27.570 I/MiSysSrv( 1214): [37m[INFO] Change to Voltage: 102 mv (0x23)[m
07-06 00:25:27.576 I/MyFragmentStateAdapter(30890): getCount
07-06 00:25:27.612 I/MyFragmentStateAdapter(30890): getCount
07-06 00:25:27.642 I/MyFragmentStateAdapter(30890): getCount
07-06 00:25:27.667 I/MyFragmentStateAdapter(30890): getCount
07-06 00:25:27.670 I/MiSysSrv( 1214): [37m[INFO] Change to Voltage: 102 mv (0x23)[m
07-06 00:25:27.698 I/MyFragmentStateAdapter(30890): getCount
07-06 00:25:27.705 E/HDMI_CEC( 1733): Send Message TO[5] 
07-06 00:25:27.705 E/HDMI_CEC( 1733): OP[0], <Feature Abort> 
07-06 00:25:27.705 E/HDMI_CEC( 1733): ========
07-06 00:25:27.730 I/MyFragmentStateAdapter(30890): getCount
07-06 00:25:27.767 I/MyFragmentStateAdapter(30890): getCount
07-06 00:25:27.771 E/HDMI_CEC( 1733): MI_CEC_SendTxPolling, ErrCode[4] 
07-06 00:25:27.805 E/HDMI_CEC( 1733): Sending message can't be response. 
07-06 00:25:27.813 I/MyFragmentStateAdapter(30890): getCount
07-06 00:25:27.846 I/MyFragmentStateAdapter(30890): getCount
07-06 00:25:27.883 I/MyFragmentStateAdapter(30890): getCount
07-06 00:25:27.910 I/MyFragmentStateAdapter(30890): getCount
07-06 00:25:27.932 I/HLSP2P  ( 8504): ## 2017-07-06 00:25:27.929 [8504,8698,:0] INFO ## [HLSP2P][TaskManager.cpp:838][INFO][UpdateGlobalInfo]totalDataSize: 0, totalMemorySize: 0, totalCacheSize: 0, PlayTaskAllFinish: 0
07-06 00:25:27.935 I/HLSP2P  ( 8504): ## 2017-07-06 00:25:27.934 [8504,8698,:0] INFO ## [HLSP2P][TaskManager.cpp:1348][INFO][TryAdjustMemorySize]system memory total size: 1912M, free size: 359MB, cache add to 100MB, AppState: 14, IsLowMemory: 0
07-06 00:25:27.942 I/MyFragmentStateAdapter(30890): getCount
07-06 00:25:27.973 I/MyFragmentStateAdapter(30890): getCount
07-06 00:25:28.006 I/MyFragmentStateAdapter(30890): getCount
07-06 00:25:28.023 I/TVMW@HsTvSetting( 1234): Trace cmd, data = 0x1058
07-06 00:25:28.023 D/til@system( 2026): til_get_system_param option:100002F int:0, bool:0, ret:0
07-06 00:25:28.023 I/TVMW@HsTvSetting( 1234): Trace cmd, data = 0x101f
07-06 00:25:28.025 D/til@system( 2026): til_get_system_param option:100001D int:3, bool:3, ret:0
07-06 00:25:28.025 E/til     ( 2026): [til_get_current_input_source, 101] 
07-06 00:25:28.025 I/TVMW@HsTvSetting( 1234): Trace cmd, data = 0x7007
07-06 00:25:28.025 I/tilwrapper@sm( 2026): HS2TIL_SourceType *hs=0xd, *til=0x900
07-06 00:25:28.025 D/til     ( 2026): get current source 2304
07-06 00:25:28.025 D/SourceRemoteServiceHandler( 2026): getCurrentInputSource.from.til.result is 0, value is 2304
07-06 00:25:28.025 D/SourceRemoteServiceHandler( 2026): getInputSourceType source: 0x900, type=2304
07-06 00:25:28.025 D/til     ( 2026): ###### func:til_get_picture_param option:0x3000006 ######  
07-06 00:25:28.026 I/TVMW@HsTvSetting( 1234): Trace cmd, data = 0x1003
07-06 00:25:28.026 I/TVMW@HsTvSetting( 1234): Trace cmd, data = 0x8032
07-06 00:25:28.027 I/hstvos  ( 1216): [0m[1;33m[HSHAL][HS_VIDEO][HS_HAL_Video_SetOsdDetect_v2][2389]u16Threshold = 20
07-06 00:25:28.030 E/TVMW@videoctrl( 1234):  getOsd is 1
07-06 00:25:28.030 D/til@system( 2026): til_get_system_param option:1000027 int:1, bool:1, ret:0
07-06 00:25:28.031 D/til     ( 2026): ###### func:til_get_picture_param option:0x3000045 ######  
07-06 00:25:28.032 I/TVMW@HsTvSetting( 1234): Trace cmd, data = 0x300c
07-06 00:25:28.032 I/TVMW@HsTvSetting( 1234): Trace 3d, data = 0x300c
07-06 00:25:28.032 I/TVMW@3d ( 1234): Hs_debug3d_trace: func:get3dStatus, line:109
07-06 00:25:28.042 I/MyFragmentStateAdapter(30890): getCount
07-06 00:25:28.123 I/MyFragmentStateAdapter(30890): getCount
07-06 00:25:28.153 I/MyFragmentStateAdapter(30890): getCount
07-06 00:25:28.186 I/MyFragmentStateAdapter(30890): getCount
07-06 00:25:28.215 I/MyFragmentStateAdapter(30890): getCount
07-06 00:25:28.248 I/MyFragmentStateAdapter(30890): getCount
07-06 00:25:28.262 I/TVMW@devctrl( 1234): wdt
07-06 00:25:28.276 I/MyFragmentStateAdapter(30890): getCount
07-06 00:25:28.306 I/MyFragmentStateAdapter(30890): getCount
07-06 00:25:28.336 I/NetflixMonitorService( 1733): current fgapk : com.hisense.hicloud.edca
07-06 00:25:28.336 I/NetflixMonitorService( 1733): Netflix status unchanged
07-06 00:25:28.345 I/MyFragmentStateAdapter(30890): getCount
07-06 00:25:28.375 I/MyFragmentStateAdapter(30890): getCount
07-06 00:25:28.397 D/MSTAR_VDEC_DBG( 1206): Stream ID: 0, Rate : 24 (E:0,D:0,S:0,F:75) 
07-06 00:25:28.493 I/MyFragmentStateAdapter(30890): getCount
07-06 00:25:28.517 I/MyFragmentStateAdapter(30890): getCount
07-06 00:25:28.533 I/TVMW@HsTvSetting( 1234): Trace cmd, data = 0x1058
07-06 00:25:28.534 D/til@system( 2026): til_get_system_param option:100002F int:0, bool:0, ret:0
07-06 00:25:28.535 I/TVMW@HsTvSetting( 1234): Trace cmd, data = 0x101f
07-06 00:25:28.537 D/til@system( 2026): til_get_system_param option:100001D int:3, bool:3, ret:0
07-06 00:25:28.537 E/til     ( 2026): [til_get_current_input_source, 101] 
07-06 00:25:28.538 I/TVMW@HsTvSetting( 1234): Trace cmd, data = 0x7007
07-06 00:25:28.540 I/tilwrapper@sm( 2026): HS2TIL_SourceType *hs=0xd, *til=0x900
07-06 00:25:28.540 D/til     ( 2026): get current source 2304
07-06 00:25:28.540 D/SourceRemoteServiceHandler( 2026): getCurrentInputSource.from.til.result is 0, value is 2304
07-06 00:25:28.540 D/SourceRemoteServiceHandler( 2026): getInputSourceType source: 0x900, type=2304
07-06 00:25:28.541 D/til     ( 2026): ###### func:til_get_picture_param option:0x3000006 ######  
07-06 00:25:28.541 I/TVMW@HsTvSetting( 1234): Trace cmd, data = 0x1003
07-06 00:25:28.543 I/TVMW@HsTvSetting( 1234): Trace cmd, data = 0x8032
07-06 00:25:28.543 I/hstvos  ( 1216): [0m[1;33m[HSHAL][HS_VIDEO][HS_HAL_Video_SetOsdDetect_v2][2389]u16Threshold = 20
07-06 00:25:28.545 E/TVMW@videoctrl( 1234):  getOsd is 1
07-06 00:25:28.546 D/til@system( 2026): til_get_system_param option:1000027 int:1, bool:1, ret:0
07-06 00:25:28.546 D/til     ( 2026): ###### func:til_get_picture_param option:0x3000045 ######  
07-06 00:25:28.546 I/TVMW@HsTvSetting( 1234): Trace cmd, data = 0x300c
07-06 00:25:28.546 I/TVMW@HsTvSetting( 1234): Trace 3d, data = 0x300c
07-06 00:25:28.546 I/TVMW@3d ( 1234): Hs_debug3d_trace: func:get3dStatus, line:109
07-06 00:25:28.553 I/MyFragmentStateAdapter(30890): getCount
07-06 00:25:28.597 I/MyFragmentStateAdapter(30890): getCount
07-06 00:25:28.623 I/MyFragmentStateAdapter(30890): getCount
07-06 00:25:28.646 I/MyFragmentStateAdapter(30890): getCount
07-06 00:25:28.688 I/MyFragmentStateAdapter(30890): getCount
07-06 00:25:28.715 I/MyFragmentStateAdapter(30890): getCount
07-06 00:25:28.742 I/MyFragmentStateAdapter(30890): getCount
07-06 00:25:28.765 D/HDMI    ( 1733): [P]:AllocatedAddress=[]
07-06 00:25:28.777 I/MyFragmentStateAdapter(30890): getCount
07-06 00:25:28.812 I/MyFragmentStateAdapter(30890): getCount
07-06 00:25:28.848 I/MyFragmentStateAdapter(30890): getCount
07-06 00:25:28.885 I/MyFragmentStateAdapter(30890): getCount
07-06 00:25:28.918 I/MyFragmentStateAdapter(30890): getCount
07-06 00:25:28.947 I/MyFragmentStateAdapter(30890): getCount
07-06 00:25:28.987 I/MyFragmentStateAdapter(30890): getCount
07-06 00:25:29.022 I/MyFragmentStateAdapter(30890): getCount
07-06 00:25:29.047 I/TVMW@HsTvSetting( 1234): Trace cmd, data = 0x1058
07-06 00:25:29.053 D/til@system( 2026): til_get_system_param option:100002F int:0, bool:0, ret:0
07-06 00:25:29.054 I/TVMW@HsTvSetting( 1234): Trace cmd, data = 0x101f
07-06 00:25:29.054 D/til@system( 2026): til_get_system_param option:100001D int:3, bool:3, ret:0
07-06 00:25:29.054 E/til     ( 2026): [til_get_current_input_source, 101] 
07-06 00:25:29.055 I/TVMW@HsTvSetting( 1234): Trace cmd, data = 0x7007
07-06 00:25:29.058 I/tilwrapper@sm( 2026): HS2TIL_SourceType *hs=0xd, *til=0x900
07-06 00:25:29.058 D/til     ( 2026): get current source 2304
07-06 00:25:29.058 D/SourceRemoteServiceHandler( 2026): getCurrentInputSource.from.til.result is 0, value is 2304
07-06 00:25:29.058 D/SourceRemoteServiceHandler( 2026): getInputSourceType source: 0x900, type=2304
07-06 00:25:29.058 D/til     ( 2026): ###### func:til_get_picture_param option:0x3000006 ######  
07-06 00:25:29.058 I/TVMW@HsTvSetting( 1234): Trace cmd, data = 0x1003
07-06 00:25:29.059 I/TVMW@HsTvSetting( 1234): Trace cmd, data = 0x8032
07-06 00:25:29.059 I/hstvos  ( 1216): [0m[1;33m[HSHAL][HS_VIDEO][HS_HAL_Video_SetOsdDetect_v2][2389]u16Threshold = 20
07-06 00:25:29.060 I/MyFragmentStateAdapter(30890): getCount
07-06 00:25:29.061 E/TVMW@videoctrl( 1234):  getOsd is 1
07-06 00:25:29.061 D/til@system( 2026): til_get_system_param option:1000027 int:1, bool:1, ret:0
07-06 00:25:29.061 D/til     ( 2026): ###### func:til_get_picture_param option:0x3000045 ######  
07-06 00:25:29.061 I/TVMW@HsTvSetting( 1234): Trace cmd, data = 0x300c
07-06 00:25:29.061 I/TVMW@HsTvSetting( 1234): Trace 3d, data = 0x300c
07-06 00:25:29.061 I/TVMW@3d ( 1234): Hs_debug3d_trace: func:get3dStatus, line:109
07-06 00:25:29.107 I/MyFragmentStateAdapter(30890): getCount
07-06 00:25:29.146 I/MyFragmentStateAdapter(30890): getCount
07-06 00:25:29.163 I/TVMW@devctrl( 1234): wdt
07-06 00:25:29.165 I/HLSP2P  ( 8504): ## 2017-07-06 00:25:29.165 [8504,8698,:0] INFO ## [HLSP2P][PeerServer.cpp:559][INFO][SendHeartBeatReq][PeerServer] send hearbeat to 123.126.121.155:30013 ok
07-06 00:25:29.186 I/MyFragmentStateAdapter(30890): getCount
07-06 00:25:29.189 I/HLSP2P  ( 8504): ## 2017-07-06 00:25:29.189 [8504,8700,:0] INFO ## [HLSP2P][PeerServer.cpp:738][INFO][OnHeartBeatRsp][PeerServer] ps heartbeat rsp ok
07-06 00:25:29.222 I/MyFragmentStateAdapter(30890): getCount
07-06 00:25:29.270 I/MiSysSrv( 1214): [37m[INFO] Change to Voltage: 117 mv (0x32)[m
07-06 00:25:29.292 D/NativeDecimalFormat( 7859): NativeDecimalFormat_close print addr=3687261952
07-06 00:25:29.292 D/NativeDecimalFormat( 7859): NativeDecimalFormat_close print g_addr=3692761344
07-06 00:25:29.292 D/NativeDecimalFormat( 7859): NativeDecimalFormat_close print addr=3687262720
07-06 00:25:29.292 D/NativeDecimalFormat( 7859): NativeDecimalFormat_close print g_addr=3692761344
07-06 00:25:29.292 D/NativeDecimalFormat( 7859): NativeDecimalFormat_close print addr=4000258816
07-06 00:25:29.292 D/NativeDecimalFormat( 7859): NativeDecimalFormat_close print g_addr=3692761344
07-06 00:25:29.292 D/NativeDecimalFormat( 7859): NativeDecimalFormat_close print addr=3688207104
07-06 00:25:29.292 D/NativeDecimalFormat( 7859): NativeDecimalFormat_close print g_addr=3692761344
07-06 00:25:29.294 D/NativeDecimalFormat( 7859): NativeDecimalFormat_close print addr=3688209408
07-06 00:25:29.294 D/NativeDecimalFormat( 7859): NativeDecimalFormat_close print g_addr=3692761344
07-06 00:25:29.294 D/NativeDecimalFormat( 7859): NativeDecimalFormat_close print addr=3688210176
07-06 00:25:29.294 D/NativeDecimalFormat( 7859): NativeDecimalFormat_close print g_addr=3692761344
07-06 00:25:29.295 D/NativeDecimalFormat( 7859): NativeDecimalFormat_close print addr=3692760576
07-06 00:25:29.295 D/NativeDecimalFormat( 7859): NativeDecimalFormat_close print g_addr=3692761344
