07-06 00:37:57.969 D/OkHttp  ( 6362): Accept-Encoding: gzip
07-06 00:37:57.969 D/OkHttp  ( 6362): User-Agent: okhttp/3.6.0
07-06 00:37:57.969 D/OkHttp  ( 6362): --> END GET
07-06 00:37:57.969 I/CardSelectionPresenter( 6362): onBindViewHolder
07-06 00:37:57.969 D/sloven  ( 6362): 1002---false
07-06 00:37:57.971 I/CardSelectionPresenter( 6362): width=400,height=220
07-06 00:37:57.973 I/MiSysSrv( 1214): [37m[INFO] Change to Voltage: 117 mv (0x32)[m
07-06 00:37:57.975 D/HttpHandler( 6362): VerifySignInterCeptor-->request.url()=http://picture.edu.hismarttv.com/images/20170629075040001252.jpg
07-06 00:37:57.975 D/HttpHandler( 6362): VerifySignInterCeptor-->hostname=picture.edu.hismarttv.com
07-06 00:37:57.975 I/CardSelectionPresenter( 6362): onCreateViewHoldercom.hisense.leanback.widget.HorizontalGridView{2f3b9429 VFE..... ......ID 0,0-1738,279 #7f0d038e app:id/row_content}
07-06 00:37:57.976 D/OkHttp  ( 6362): --> GET http://picture.edu.hismarttv.com/images/20170629075040001252.jpg http/1.1
07-06 00:37:57.976 D/OkHttp  ( 6362): Host: picture.edu.hismarttv.com
07-06 00:37:57.976 D/OkHttp  ( 6362): Connection: Keep-Alive
07-06 00:37:57.976 D/OkHttp  ( 6362): Accept-Encoding: gzip
07-06 00:37:57.976 D/OkHttp  ( 6362): User-Agent: okhttp/3.6.0
07-06 00:37:57.976 D/OkHttp  ( 6362): --> END GET
07-06 00:37:57.979 D/HttpHandler( 6362): RetryIntercepter-->backoffmutiplier=0
07-06 00:37:57.980 I/CardSelectionPresenter( 6362): onBindViewHolder
07-06 00:37:57.980 D/sloven  ( 6362): 1002---false
07-06 00:37:57.981 I/CardSelectionPresenter( 6362): width=400,height=220
07-06 00:37:57.982 D/OkHttp  ( 6362): <-- 200 OK http://picture.edu.hismarttv.com/images/20170628233232135598.jpg (12ms)
07-06 00:37:57.982 D/OkHttp  ( 6362): Date: Mon, 03 Jul 2017 10:50:27 GMT
07-06 00:37:57.982 D/OkHttp  ( 6362): Server: nginx
07-06 00:37:57.982 D/OkHttp  ( 6362): Content-Type: image/jpeg
07-06 00:37:57.982 D/OkHttp  ( 6362): Content-Length: 50603
07-06 00:37:57.982 D/OkHttp  ( 6362): Last-Modified: Wed, 28 Jun 2017 23:32:32 GMT
07-06 00:37:57.982 D/OkHttp  ( 6362): ETag: "59543c90-c5ab"
07-06 00:37:57.982 D/OkHttp  ( 6362): Accept-Ranges: bytes
07-06 00:37:57.982 D/OkHttp  ( 6362): Age: 193651
07-06 00:37:57.982 D/OkHttp  ( 6362): Via: 1.1 jnwt243:1 (Cdn Cache Server V2.0)[7 200 0], 1.1 nwangtong98:5 (Cdn Cache Server V2.0)[0 200 0]
07-06 00:37:57.982 D/OkHttp  ( 6362): Connection: keep-alive
07-06 00:37:57.982 D/OkHttp  ( 6362): <-- END HTTP
07-06 00:37:57.987 E/RecyclerView( 6362): No adapter attached; skipping layout
07-06 00:37:57.987 E/RecyclerView( 6362): No adapter attached; skipping layout
07-06 00:37:57.987 D/Carousel-CarouselView( 6362): ============>onScrollChanged hashCode:119253746
07-06 00:37:57.988 D/HttpHandler( 6362): RetryIntercepter-->retryNum=0
07-06 00:37:57.988 D/HttpHandler( 6362): RetryIntercepter-->backoffmutiplier=0
07-06 00:37:57.999 D/OkHttp  ( 6362): <-- 200 OK http://picture.edu.hismarttv.com/images/20170629075040001252.jpg (22ms)
07-06 00:37:57.999 D/OkHttp  ( 6362): Date: Tue, 04 Jul 2017 01:16:46 GMT
07-06 00:37:57.999 D/OkHttp  ( 6362): Server: nginx
07-06 00:37:57.999 D/OkHttp  ( 6362): Content-Type: image/jpeg
07-06 00:37:57.999 D/OkHttp  ( 6362): Content-Length: 103036
07-06 00:37:57.999 D/OkHttp  ( 6362): Last-Modified: Thu, 29 Jun 2017 07:50:40 GMT
07-06 00:37:57.999 D/OkHttp  ( 6362): ETag: "5954b150-1927c"
07-06 00:37:57.999 D/OkHttp  ( 6362): Accept-Ranges: bytes
07-06 00:37:57.999 D/OkHttp  ( 6362): Age: 141672
07-06 00:37:57.999 D/OkHttp  ( 6362): Via: 1.1 changzhiwangtong172:9 (Cdn Cache Server V2.0)[0 200 0], 1.1 nwangtong98:4 (Cdn Cache Server V2.0)[0 200 0]
07-06 00:37:57.999 D/OkHttp  ( 6362): Connection: keep-alive
07-06 00:37:57.999 D/OkHttp  ( 6362): <-- END HTTP
07-06 00:37:58.009 I/MyFragmentStateAdapter( 6362): getCount
07-06 00:37:58.023 D/gralloc ( 1204): allocate buffer from ION HEAP 0x1
07-06 00:37:58.024 D/gralloc ( 1204): allocate memory from system heap
07-06 00:37:58.038 E/HDMI_CEC( 1733): MI_CEC_SendTxPolling, ErrCode[4] 
07-06 00:37:58.049 I/TVMW@devctrl( 1234): wdt
07-06 00:37:58.053 I/TVMW@HsTvSetting( 1234): Trace cmd, data = 0x1058
07-06 00:37:58.053 D/til@system( 2026): til_get_system_param option:100002F int:0, bool:0, ret:0
07-06 00:37:58.054 I/TVMW@HsTvSetting( 1234): Trace cmd, data = 0x101f
07-06 00:37:58.055 D/til@system( 2026): til_get_system_param option:100001D int:3, bool:3, ret:0
07-06 00:37:58.055 E/til     ( 2026): [til_get_current_input_source, 101] 
07-06 00:37:58.055 I/TVMW@HsTvSetting( 1234): Trace cmd, data = 0x7007
07-06 00:37:58.055 I/tilwrapper@sm( 2026): HS2TIL_SourceType *hs=0xd, *til=0x900
07-06 00:37:58.055 D/til     ( 2026): get current source 2304
07-06 00:37:58.055 D/SourceRemoteServiceHandler( 2026): getCurrentInputSource.from.til.result is 0, value is 2304
07-06 00:37:58.055 D/SourceRemoteServiceHandler( 2026): getInputSourceType source: 0x900, type=2304
07-06 00:37:58.055 D/til     ( 2026): ###### func:til_get_picture_param option:0x3000006 ######  
07-06 00:37:58.056 I/TVMW@HsTvSetting( 1234): Trace cmd, data = 0x1003
07-06 00:37:58.056 I/TVMW@HsTvSetting( 1234): Trace cmd, data = 0x8032
07-06 00:37:58.056 I/hstvos  ( 1216): [0m[1;33m[HSHAL][HS_VIDEO][HS_HAL_Video_SetOsdDetect_v2][2389]u16Threshold = 20
07-06 00:37:58.057 I/MiSysSrv( 1214): Not support now! 42, change to mm_video!!!
07-06 00:37:58.057 E/TVMW@videoctrl( 1234):  getOsd is 1
07-06 00:37:58.058 D/til@system( 2026): til_get_system_param option:1000027 int:1, bool:1, ret:0
07-06 00:37:58.058 D/til     ( 2026): ###### func:til_get_picture_param option:0x3000045 ######  
07-06 00:37:58.058 I/TVMW@HsTvSetting( 1234): Trace cmd, data = 0x300c
07-06 00:37:58.058 I/TVMW@HsTvSetting( 1234): Trace 3d, data = 0x300c
07-06 00:37:58.058 I/TVMW@3d ( 1234): Hs_debug3d_trace: func:get3dStatus, line:109
07-06 00:37:58.072 E/HDMI_CEC( 1733): Sending message can't be response. 
07-06 00:37:58.092 D/HttpHandler( 6362): RetryIntercepter-->retryNum=0
07-06 00:37:58.093 D/HttpHandler( 6362): RetryIntercepter-->backoffmutiplier=0
07-06 00:37:58.100 I/CheckUpdateReceiver( 6362): latest version == null
07-06 00:37:58.101 D/SUSLog  ( 6362): CheckAppUpdateService>>onDestroy
07-06 00:37:58.106 D/CommonHeader( 6362): app logo isRotate: true
07-06 00:37:58.106 D/TabView ( 6362): SLOVEN top===>:266
07-06 00:37:58.106 D/TabFocusBorderView( 6362): SLOVEN runTranslateAnimation
07-06 00:37:58.106 D/TabFocusBorderView( 6362): SLOVEN runTranslateAnimation
07-06 00:37:58.106 D/TabFocusBorderView( 6362): SLOVEN moveFocusView
07-06 00:37:58.113 D/TabFocusBorderView( 6362): SLOVEN onAnimationStart
07-06 00:37:58.133 I/art     ( 6362): Background partial concurrent mark sweep GC freed 14178(1259KB) AllocSpace objects, 6(1494KB) LOS objects, 13% free, 25MB/29MB, paused 4.481ms total 112.707ms
07-06 00:37:58.135 D/NativeDecimalFormat( 6362): NativeDecimalFormat_close print addr=3997594368
07-06 00:37:58.135 D/NativeDecimalFormat( 6362): NativeDecimalFormat_close print g_addr=3997595136
07-06 00:37:58.135 D/NativeDecimalFormat( 6362): NativeDecimalFormat_close print addr=3997595136
07-06 00:37:58.135 D/NativeDecimalFormat( 6362): NativeDecimalFormat_close print g_addr=3997595136
07-06 00:37:58.136 I/NetflixMonitorService( 1733): current fgapk : com.hisense.hicloud.edca
07-06 00:37:58.136 I/NetflixMonitorService( 1733): Netflix status unchanged
07-06 00:37:58.137 I/FirstLineAdapter( 6362): canShowTrailer,isOffline=false
07-06 00:37:58.146 D/HiNetworkImpl( 6362): doHttp_Asyn(): onReqResponse isSuccessful = true, back from thread: main
07-06 00:37:58.146 I/HiNetworkImpl( 6362): doHttp_Asyn(): onSuccess clazz = class com.hisense.tvui.newhome.bean.SelectionBean, back from thread: main
07-06 00:37:58.146 I/HomeDataPresenter( 6362): getRecommandData() onSuccess: RoleContentFragment368019354
07-06 00:37:58.147 I/RoleContentFragment( 6362): recommandlist={10003=0, 10002=8}
07-06 00:37:58.147 I/RoleContentFragment( 6362): lineIndex=0,id=10002,pos=8
07-06 00:37:58.147 I/RoleContentFragment( 6362): ,addItemSize=25
07-06 00:37:58.147 I/RoleContentFragment( 6362): origin pos=8
07-06 00:37:58.147 I/RoleContentFragment( 6362): offset pos=2
07-06 00:37:58.147 I/RoleContentFragment( 6362): array size=11
07-06 00:37:58.147 I/RoleContentFragment( 6362): lineIndex=1,id=10003,pos=0
07-06 00:37:58.147 I/RoleContentFragment( 6362): ,addItemSize=24
07-06 00:37:58.147 I/RoleContentFragment( 6362): origin pos=0
07-06 00:37:58.147 I/RoleContentFragment( 6362): offset pos=2
07-06 00:37:58.147 I/RoleContentFragment( 6362): array size=11
07-06 00:37:58.148 I/RoleContentFragment( 6362): setBackGroundUrl=http://picture.edu.hismarttv.com/images/20170628104504467308.jpg,view=android.support.v4.widget.SlidingPaneLayout{d358e9e V.ED.... ......ID 0,0-1920,1080 #7f0d00af app:id/slide_layout}
07-06 00:37:58.171 E/WebcastSDK-WebcastManager( 6362): finally setAppServiceDomainList.
07-06 00:37:58.175 D/HttpHandler( 6362): VerifySignInterCeptor-->request.url()=http://picture.edu.hismarttv.com/images/20170629/%E5%BF%83%E7%AE%97%E5%8F%A3%E8%AF%80%E5%A4%A9%E5%A4%A9%E7%BB%83.jpg
07-06 00:37:58.175 D/HttpHandler( 6362): VerifySignInterCeptor-->hostname=picture.edu.hismarttv.com
07-06 00:37:58.176 D/OkHttp  ( 6362): --> GET http://picture.edu.hismarttv.com/images/20170629/%E5%BF%83%E7%AE%97%E5%8F%A3%E8%AF%80%E5%A4%A9%E5%A4%A9%E7%BB%83.jpg http/1.1
07-06 00:37:58.176 D/OkHttp  ( 6362): Host: picture.edu.hismarttv.com
07-06 00:37:58.176 D/OkHttp  ( 6362): Connection: Keep-Alive
07-06 00:37:58.176 D/OkHttp  ( 6362): Accept-Encoding: gzip
07-06 00:37:58.176 D/OkHttp  ( 6362): User-Agent: okhttp/3.6.0
07-06 00:37:58.176 D/OkHttp  ( 6362): --> END GET
07-06 00:37:58.178 D/Carousel-MyListView( 6362): onItemSelected position:1
07-06 00:37:58.178 D/Carousel-CarouselListView( 6362): onItemSelected position:1,type:3
07-06 00:37:58.196 D/Carousel-Utils( 6362): onResourceReady.
07-06 00:37:58.197 D/Carousel-Utils( 6362): onResourceReady.
07-06 00:37:58.202 D/HttpHandler( 6362): VerifySignInterCeptor-->request.url()=http://picture.edu.hismarttv.com/images/20170629/%E5%AE%A2%E5%8E%85%E7%87%83%E8%84%82%E5%A5%B3%E7%8E%8B20170207081137502012.jpg
07-06 00:37:58.202 D/HttpHandler( 6362): VerifySignInterCeptor-->hostname=picture.edu.hismarttv.com
07-06 00:37:58.203 D/OkHttp  ( 6362): --> GET http://picture.edu.hismarttv.com/images/20170629/%E5%AE%A2%E5%8E%85%E7%87%83%E8%84%82%E5%A5%B3%E7%8E%8B20170207081137502012.jpg http/1.1
07-06 00:37:58.203 D/OkHttp  ( 6362): Host: picture.edu.hismarttv.com
07-06 00:37:58.203 D/OkHttp  ( 6362): Connection: Keep-Alive
07-06 00:37:58.203 D/OkHttp  ( 6362): Accept-Encoding: gzip
07-06 00:37:58.203 D/OkHttp  ( 6362): User-Agent: okhttp/3.6.0
07-06 00:37:58.203 D/OkHttp  ( 6362): --> END GET
07-06 00:37:58.210 D/OsdMonitorService( 1733): mCurrentWindow = com.hisense.hicloud.edca/com.hisense.tvui.newhome.HomeMainActivity; newWindow = com.hisense.hicloud.edca/com.hisense.tvui.newhome.HomeMainActivity; isSubWindow = false; isInWinList = false; isExitNow = false
07-06 00:37:58.210 D/OsdMonitorService( 1733): windowNotOsd() : name = com.hisense.hicloud.edca/com.hisense.tvui.newhome.HomeMainActivity
07-06 00:37:58.210 I/OsdMonitorService( 1733): setOsdStatus() : status will change from true to true
07-06 00:37:58.211 D/PowerManagerService( 1733): setScreenBrightnessOverrideFromWindowManagerInternal done
07-06 00:37:58.213 D/Surface ( 6362): onStatusChange() : mNativeObject = 0 mUseImageHwRender = false
07-06 00:37:58.213 D/TabView ( 6362): 
07-06 00:37:58.215 D/TabView ( 6362): 
07-06 00:37:58.216 D/TabView ( 6362): 
07-06 00:37:58.218 D/TabView ( 6362): 
07-06 00:37:58.220 D/TabView ( 6362): 
07-06 00:37:58.227 D/TabView ( 6362): 
07-06 00:37:58.229 D/TabView ( 6362): 
07-06 00:37:58.231 D/TabView ( 6362): 
07-06 00:37:58.232 D/TabView ( 6362): 
07-06 00:37:58.234 D/TabView ( 6362): 
07-06 00:37:58.235 D/TabView ( 6362): 
07-06 00:37:58.236 D/TabView ( 6362): 
07-06 00:37:58.242 D/TabView ( 6362): 
07-06 00:37:58.244 D/TabView ( 6362): 
07-06 00:37:58.248 D/OkHttp  ( 6362): <-- 200 OK http://picture.edu.hismarttv.com/images/20170629/%E5%BF%83%E7%AE%97%E5%8F%A3%E8%AF%80%E5%A4%A9%E5%A4%A9%E7%BB%83.jpg (71ms)
07-06 00:37:58.248 D/OkHttp  ( 6362): Date: Mon, 03 Jul 2017 10:05:19 GMT
07-06 00:37:58.248 D/OkHttp  ( 6362): Server: nginx
07-06 00:37:58.248 D/OkHttp  ( 6362): Content-Type: image/jpeg
07-06 00:37:58.248 D/OkHttp  ( 6362): Content-Length: 204643
07-06 00:37:58.248 D/OkHttp  ( 6362): Last-Modified: Fri, 09 Jun 2017 14:51:40 GMT
07-06 00:37:58.248 D/OkHttp  ( 6362): ETag: "593ab5fc-31f63"
07-06 00:37:58.248 D/OkHttp  ( 6362): Accept-Ranges: bytes
07-06 00:37:58.248 D/OkHttp  ( 6362): Age: 196359
07-06 00:37:58.248 D/OkHttp  ( 6362): Via: 1.1 shuozhou56:1 (Cdn Cache Server V2.0)[21 200 0], 1.1 nwangtong95:0 (Cdn Cache Server V2.0)[0 200 0]
07-06 00:37:58.248 D/OkHttp  ( 6362): Connection: keep-alive
07-06 00:37:58.248 D/OkHttp  ( 6362): <-- END HTTP
07-06 00:37:58.251 D/OkHttp  ( 6362): <-- 200 OK http://picture.edu.hismarttv.com/images/20170629/%E5%AE%A2%E5%8E%85%E7%87%83%E8%84%82%E5%A5%B3%E7%8E%8B20170207081137502012.jpg (47ms)
07-06 00:37:58.251 D/OkHttp  ( 6362): Date: Tue, 04 Jul 2017 01:16:46 GMT
07-06 00:37:58.251 D/OkHttp  ( 6362): Server: nginx
07-06 00:37:58.251 D/OkHttp  ( 6362): Content-Type: image/jpeg
07-06 00:37:58.251 D/OkHttp  ( 6362): Content-Length: 107115
07-06 00:37:58.251 D/OkHttp  ( 6362): Last-Modified: Fri, 09 Jun 2017 14:40:58 GMT
07-06 00:37:58.251 D/OkHttp  ( 6362): ETag: "593ab37a-1a26b"
07-06 00:37:58.251 D/OkHttp  ( 6362): Accept-Ranges: bytes
07-06 00:37:58.251 D/OkHttp  ( 6362): Age: 141672
07-06 00:37:58.251 D/OkHttp  ( 6362): Via: 1.1 shzh52:3 (Cdn Cache Server V2.0)[8 200 0], 1.1 awt102:3 (Cdn Cache Server V2.0)[0 200 0]
07-06 00:37:58.251 D/OkHttp  ( 6362): Connection: keep-alive
07-06 00:37:58.251 D/OkHttp  ( 6362): <-- END HTTP
07-06 00:37:58.254 D/TabView ( 6362): 
07-06 00:37:58.255 D/TabView ( 6362): 
07-06 00:37:58.257 I/MyFragmentStateAdapter( 6362): getCount
07-06 00:37:58.257 I/MyFragmentStateAdapter( 6362): getCount
07-06 00:37:58.258 D/TabView ( 6362): 
07-06 00:37:58.259 D/TabView ( 6362): 
07-06 00:37:58.261 D/TabView ( 6362): 
07-06 00:37:58.262 D/TabView ( 6362): 
07-06 00:37:58.264 D/TabView ( 6362): 
07-06 00:37:58.265 D/TabView ( 6362): 
07-06 00:37:58.266 D/TabView ( 6362): 
07-06 00:37:58.274 D/TabView ( 6362): 
07-06 00:37:58.276 D/TabView ( 6362): 
07-06 00:37:58.278 D/TabView ( 6362): 
07-06 00:37:58.280 D/TabView ( 6362): 
07-06 00:37:58.281 D/TabView ( 6362): 
07-06 00:37:58.283 D/TabView ( 6362): 
07-06 00:37:58.289 D/TabView ( 6362): 
07-06 00:37:58.290 D/TabView ( 6362): 
07-06 00:37:58.292 D/TabView ( 6362): 
07-06 00:37:58.293 I/MyFragmentStateAdapter( 6362): getCount
07-06 00:37:58.293 I/MyFragmentStateAdapter( 6362): getCount
07-06 00:37:58.311 I/TabView ( 6362): onScroll:,firstItem=0,visibleCount=6,totalCount=10
07-06 00:37:58.312 I/FirstLineAdapter( 6362): canShowTrailer,isOffline=false
07-06 00:37:58.312 I/FirstLineAdapter( 6362): canShowTrailer,isOffline=false
07-06 00:37:58.312 I/FirstLineAdapter( 6362): canShowTrailer,isOffline=false
07-06 00:37:58.312 I/FirstLineAdapter( 6362): canShowTrailer,isOffline=false
07-06 00:37:58.312 I/FirstLineAdapter( 6362): canShowTrailer,isOffline=false
07-06 00:37:58.313 I/FirstLineAdapter( 6362): canShowTrailer,isOffline=false
07-06 00:37:58.313 I/FirstLineAdapter( 6362): canShowTrailer,isOffline=false
07-06 00:37:58.316 D/Carousel-CarouselChannelItemView( 6362): Listitem imageUrl:http://picture.edu.hismarttv.com/images/20170628102959016598.jpg
07-06 00:37:58.323 D/Carousel-CarouselChannelItemView( 6362): Listitem imageUrl:http://picture.edu.hismarttv.com/images/20170628103002814396.jpg
07-06 00:37:58.323 D/Carousel-Utils( 6362): onResourceReady.
07-06 00:37:58.324 D/Carousel-CarouselChannelItemView( 6362): Listitem imageUrl:http://picture.edu.hismarttv.com/images/20170628103009181182.jpg
07-06 00:37:58.324 D/Carousel-Utils( 6362): onResourceReady.
07-06 00:37:58.325 D/Carousel-CarouselChannelItemView( 6362): Listitem imageUrl:http://picture.edu.hismarttv.com/images/20170628102959016598.jpg
07-06 00:37:58.326 D/Carousel-CarouselChannelItemView( 6362): Listitem imageUrl:http://picture.edu.hismarttv.com/images/20170628103002814396.jpg
07-06 00:37:58.326 D/Carousel-Utils( 6362): onResourceReady.
07-06 00:37:58.327 D/Carousel-CarouselChannelItemView( 6362): Listitem imageUrl:http://picture.edu.hismarttv.com/images/20170628103009181182.jpg
07-06 00:37:58.328 D/Carousel-Utils( 6362): onResourceReady.
07-06 00:37:58.335 I/FirstLineAdapter( 6362): canShowTrailer,isOffline=false
07-06 00:37:58.335 I/FirstLineAdapter( 6362): canShowTrailer,isOffline=false
07-06 00:37:58.336 I/head    ( 6362): item=com.hisense.leanback.widget.ListRow@160b50e2
07-06 00:37:58.336 I/CardSelectionPresenter( 6362): onViewDetachedFromWindow mTitleTx = 
07-06 00:37:58.340 I/CardSelectionPresenter( 6362): onViewDetachedFromWindow mTitleTx = 
07-06 00:37:58.341 I/CardSelectionPresenter( 6362): onViewDetachedFromWindow mTitleTx = 
07-06 00:37:58.341 I/CardSelectionPresenter( 6362): onUnbindViewHolder mTitleTx = 
07-06 00:37:58.342 I/CardSelectionPresenter( 6362): onViewDetachedFromWindow mTitleTx = 
07-06 00:37:58.342 I/CardSelectionPresenter( 6362): onUnbindViewHolder mTitleTx = 
07-06 00:37:58.342 I/CardSelectionPresenter( 6362): onUnbindViewHolder mTitleTx = 
07-06 00:37:58.343 I/CardSelectionPresenter( 6362): onUnbindViewHolder mTitleTx = 
07-06 00:37:58.343 I/ContentBridgeAdapterListener( 6362): onBind 
07-06 00:37:58.344 I/CardSelectionPresenter( 6362): onCreateViewHoldercom.hisense.leanback.widget.HorizontalGridView{2f3b9429 VFE..... ......ID 0,0-1738,279 #7f0d038e app:id/row_content}
07-06 00:37:58.353 D/HttpHandler( 6362): RetryIntercepter-->retryNum=0
07-06 00:37:58.355 I/CardSelectionPresenter( 6362): onBindViewHolder
07-06 00:37:58.355 D/sloven  ( 6362): 1002---true
07-06 00:37:58.355 I/CardSelectionPresenter( 6362): width=400,height=220
07-06 00:37:58.361 D/HttpHandler( 6362): RetryIntercepter-->backoffmutiplier=0
07-06 00:37:58.367 D/HttpHandler( 6362): VerifySignInterCeptor-->request.url()=http://picture.edu.hismarttv.com/images/20170628104504467308.jpg
07-06 00:37:58.372 D/HttpHandler( 6362): VerifySignInterCeptor-->hostname=picture.edu.hismarttv.com
07-06 00:37:58.373 D/OkHttp  ( 6362): --> GET http://picture.edu.hismarttv.com/images/20170628104504467308.jpg http/1.1
07-06 00:37:58.373 D/OkHttp  ( 6362): Host: picture.edu.hismarttv.com
07-06 00:37:58.373 D/OkHttp  ( 6362): Connection: Keep-Alive
07-06 00:37:58.373 D/OkHttp  ( 6362): Accept-Encoding: gzip
07-06 00:37:58.373 D/OkHttp  ( 6362): User-Agent: okhttp/3.6.0
07-06 00:37:58.373 D/OkHttp  ( 6362): --> END GET
07-06 00:37:58.383 I/CardSelectionPresenter( 6362): onUnbindViewHolder mTitleTx = 
07-06 00:37:58.383 I/CardSelectionPresenter( 6362): onBindViewHolder
07-06 00:37:58.383 D/sloven  ( 6362): 1002---true
07-06 00:37:58.384 I/CardSelectionPresenter( 6362): width=400,height=220
07-06 00:37:58.384 D/hailongqiu( 6362): hailongqiu position:0
07-06 00:37:58.387 I/CardSelectionPresenter( 6362): onCreateViewHoldercom.hisense.leanback.widget.HorizontalGridView{2f3b9429 VFE..... ......ID 0,0-1738,279 #7f0d038e app:id/row_content}
07-06 00:37:58.392 D/OkHttp  ( 6362): <-- 200 OK http://picture.edu.hismarttv.com/images/20170628104504467308.jpg (18ms)
07-06 00:37:58.393 D/OkHttp  ( 6362): Date: Mon, 03 Jul 2017 10:50:27 GMT
07-06 00:37:58.393 D/OkHttp  ( 6362): Server: nginx
07-06 00:37:58.393 D/OkHttp  ( 6362): Content-Type: image/jpeg
07-06 00:37:58.393 D/OkHttp  ( 6362): Content-Length: 376321
07-06 00:37:58.393 D/OkHttp  ( 6362): Last-Modified: Wed, 28 Jun 2017 10:45:04 GMT
07-06 00:37:58.393 D/OkHttp  ( 6362): ETag: "595388b0-5be01"
07-06 00:37:58.393 D/OkHttp  ( 6362): Accept-Ranges: bytes
07-06 00:37:58.393 D/OkHttp  ( 6362): Age: 193651
07-06 00:37:58.393 D/OkHttp  ( 6362): Via: 1.1 hewangtong174:5 (Cdn Cache Server V2.0)[0 200 0], 1.1 anwangtong96:6 (Cdn Cache Server V2.0)[0 200 0]
07-06 00:37:58.393 D/OkHttp  ( 6362): Connection: keep-alive
07-06 00:37:58.393 D/OkHttp  ( 6362): <-- END HTTP
07-06 00:37:58.401 D/HttpHandler( 6362): RetryIntercepter-->retryNum=0
07-06 00:37:58.401 D/HttpHandler( 6362): RetryIntercepter-->backoffmutiplier=0
07-06 00:37:58.403 I/CardSelectionPresenter( 6362): onBindViewHolder
07-06 00:37:58.403 D/sloven  ( 6362): 1002---true
07-06 00:37:58.403 I/CardSelectionPresenter( 6362): width=400,height=220
07-06 00:37:58.416 I/CardSelectionPresenter( 6362): onCreateViewHoldercom.hisense.leanback.widget.HorizontalGridView{2f3b9429 VFE..... ......ID 0,0-1738,279 #7f0d038e app:id/row_content}
07-06 00:37:58.422 I/CardSelectionPresenter( 6362): onBindViewHolder
07-06 00:37:58.428 D/sloven  ( 6362): 1002---true
07-06 00:37:58.428 I/CardSelectionPresenter( 6362): width=400,height=220
07-06 00:37:58.432 I/CardSelectionPresenter( 6362): onCreateViewHoldercom.hisense.leanback.widget.HorizontalGridView{2f3b9429 VFE..... ......ID 0,0-1738,279 #7f0d038e app:id/row_content}
07-06 00:37:58.437 I/CardSelectionPresenter( 6362): onBindViewHolder
07-06 00:37:58.437 D/sloven  ( 6362): 1002---true
07-06 00:37:58.437 I/CardSelectionPresenter( 6362): width=400,height=220
07-06 00:37:58.447 D/HttpHandler( 6362): VerifySignInterCeptor-->request.url()=http://picture.edu.hismarttv.com/images/20170629/%E5%BF%83%E7%AE%97%E5%8F%A3%E8%AF%80%E5%A4%A9%E5%A4%A9%E7%BB%83.jpg
07-06 00:37:58.447 D/HttpHandler( 6362): VerifySignInterCeptor-->hostname=picture.edu.hismarttv.com
07-06 00:37:58.450 I/CardSelectionPresenter( 6362): onCreateViewHoldercom.hisense.leanback.widget.HorizontalGridView{2f3b9429 VFE..... ......ID 0,0-1738,279 #7f0d038e app:id/row_content}
07-06 00:37:58.459 D/HttpHandler( 6362): HttpDNS-->hostname=picture.edu.hismarttv.com
07-06 00:37:58.459 I/CardSelectionPresenter( 6362): onBindViewHolder
07-06 00:37:58.459 D/sloven  ( 6362): 1002---true
07-06 00:37:58.460 I/CardSelectionPresenter( 6362): width=0,height=220
07-06 00:37:58.462 D/HttpHandler( 6362): RAMCache-->hostInfo.getClientTimeStamp()=21518401
07-06 00:37:58.462 D/HttpHandler( 6362): RAMCache-->hostInfo.getTtl()=300
07-06 00:37:58.462 D/HttpHandler( 6362): RAMCache-->SystemClock.elapsedRealtime()=21520033
07-06 00:37:58.471 D/Carousel-CarouselView( 6362): ============>onScrollChanged hashCode:119253746
07-06 00:37:58.473 D/HttpHandler( 6362): RetryIntercepter-->retryNum=0
07-06 00:37:58.473 D/HttpHandler( 6362): RetryIntercepter-->backoffmutiplier=0
07-06 00:37:58.475 D/HttpHandler( 6362): VerifySignInterCeptor-->request.url()=http://picture.edu.hismarttv.com/images/20170629/%E5%AE%A2%E5%8E%85%E7%87%83%E8%84%82%E5%A5%B3%E7%8E%8B20170207081137502012.jpg
07-06 00:37:58.475 D/HttpHandler( 6362): VerifySignInterCeptor-->hostname=picture.edu.hismarttv.com
07-06 00:37:58.475 D/HttpHandler( 6362): HttpDNS-->hostname=picture.edu.hismarttv.com
07-06 00:37:58.476 D/HttpHandler( 6362): RAMCache-->hostInfo.getClientTimeStamp()=21518401
07-06 00:37:58.476 D/HttpHandler( 6362): RAMCache-->hostInfo.getTtl()=300
07-06 00:37:58.476 D/HttpHandler( 6362): RAMCache-->SystemClock.elapsedRealtime()=21520048
07-06 00:37:58.490 D/HttpHandler( 6362): DNSHelper-->gslbDns=["123.128.14.209","153.35.175.121","220.202.77.124","153.35.175.120","125.46.22.134","36.33.158.222","218.58.206.58"]
07-06 00:37:58.497 I/MyFragmentStateAdapter( 6362): getCount
07-06 00:37:58.502 D/gralloc ( 1204): allocate buffer from ION HEAP 0x1
07-06 00:37:58.503 D/gralloc ( 1204): allocate memory from system heap
07-06 00:37:58.516 D/HomeMainActivity( 6362): local vipDialogStr id list is : 
07-06 00:37:58.516 I/HomeMainActivity( 6362): mBeginHttpTime : 21520087
07-06 00:37:58.516 V/HttpDnsUtils( 6362): getUserType(): --url = http://api.edu.hismarttv.com/payment/api/query/user_type/dialog_info
07-06 00:37:58.525 I/HttpBuilder( 6362): addUrlPublicParams mUrl ==>http://api.edu.hismarttv.com/payment/api/query/user_type/dialog_info?orderType=0
07-06 00:37:58.529 D/til@system( 2026): til_get_system_param option:1000007 int:-1936522112, bool:128, ret:0
07-06 00:37:58.530 D/til@system( 2026): til_get_system_param option:1000009 int:-1815634176, bool:0, ret:0
07-06 00:37:58.531 D/til@system( 2026): til_get_system_param option:1000008 int:-1936522368, bool:128, ret:0
07-06 00:37:58.531 D/HttpBuilder( 6362): getOperationDetail-productName : LED50MU8600UC
07-06 00:37:58.531 D/HttpBuilder( 6362): getOperationDetail-plmNumber : 88888
07-06 00:37:58.531 D/HttpBuilder( 6362): getOperationDetail-swVersion : V0000.00.01A
07-06 00:37:58.531 D/HttpBuilder( 6362): getOperationDetail-operationDetail : LED50MU8600UC0000888
07-06 00:37:58.559 I/TVMW@HsTvSetting( 1234): Trace cmd, data = 0x1058
07-06 00:37:58.559 D/til@system( 2026): til_get_system_param option:100002F int:0, bool:0, ret:0
07-06 00:37:58.560 I/TVMW@HsTvSetting( 1234): Trace cmd, data = 0x101f
07-06 00:37:58.560 D/til@system( 2026): til_get_system_param option:100001D int:3, bool:3, ret:0
07-06 00:37:58.560 E/til     ( 2026): [til_get_current_input_source, 101] 
07-06 00:37:58.560 I/TVMW@HsTvSetting( 1234): Trace cmd, data = 0x7007
07-06 00:37:58.560 I/tilwrapper@sm( 2026): HS2TIL_SourceType *hs=0xd, *til=0x900
07-06 00:37:58.560 D/til     ( 2026): get current source 2304
07-06 00:37:58.560 D/SourceRemoteServiceHandler( 2026): getCurrentInputSource.from.til.result is 0, value is 2304
07-06 00:37:58.560 D/SourceRemoteServiceHandler( 2026): getInputSourceType source: 0x900, type=2304
07-06 00:37:58.560 D/til     ( 2026): ###### func:til_get_picture_param option:0x3000006 ######  
07-06 00:37:58.560 I/TVMW@HsTvSetting( 1234): Trace cmd, data = 0x1003
07-06 00:37:58.561 I/TVMW@HsTvSetting( 1234): Trace cmd, data = 0x8032
07-06 00:37:58.561 E/TVMW@videoctrl( 1234):  getOsd is 1
07-06 00:37:58.561 I/hstvos  ( 1216): [0m[1;33m[HSHAL][HS_VIDEO][HS_HAL_Video_SetOsdDetect_v2][2389]u16Threshold = 20
07-06 00:37:58.561 D/til@system( 2026): til_get_system_param option:1000027 int:1, bool:1, ret:0
07-06 00:37:58.562 D/til     ( 2026): ###### func:til_get_picture_param option:0x3000045 ######  
07-06 00:37:58.562 I/TVMW@HsTvSetting( 1234): Trace cmd, data = 0x300c
07-06 00:37:58.562 I/TVMW@HsTvSetting( 1234): Trace 3d, data = 0x300c
07-06 00:37:58.562 I/TVMW@3d ( 1234): Hs_debug3d_trace: func:get3dStatus, line:109
07-06 00:37:58.563 I/MiSysSrv( 1214): Not support now! 42, change to mm_video!!!
07-06 00:37:58.573 I/HttpBuilder( 6362): addUrlPublicParams mUrl ==>http://api.edu.hismarttv.com/payment/api/query/user_type/dialog_info?orderType=0&uuid=13287129&mac=a8:a6:48:18:fc:a8&devid=86100300900000500000060a4818fca8&version=00.002.003&subscriberId=13287129&customerId=7195320&model_id=0&APPPackage=com.hisense.hicloud.edca&PFAPPCode=652&APPVersionName=3.0.0.9.00&ChannelId=0&softwareVersion=LED50MU8600UC0000888&tv_distribute_id=00&devType=0&APIVersion=600&accessToken=72DF6038D2AEAB8A76DFBBBBCC428A4A_000222914977660
07-06 00:37:58.575 I/FirstLineAdapter( 6362): canShowTrailer,isOffline=false
07-06 00:37:58.593 I/MyFragmentStateAdapter( 6362): getCount
07-06 00:37:58.619 D/Carousel-Utils( 6362): onResourceReady.
07-06 00:37:58.621 D/Carousel-MyListView( 6362): setSelectionAndPadding position:1
07-06 00:37:58.623 D/TabFocusBorderView( 6362): SLOVEN onAnimationEnd
07-06 00:37:58.623 D/TabView ( 6362): SLOVEN border top===>:296---407
07-06 00:37:58.633 I/MyFragmentStateAdapter( 6362): getCount
07-06 00:37:58.633 I/MyFragmentStateAdapter( 6362): getCount
07-06 00:37:58.633 I/MyFragmentStateAdapter( 6362): getCount
07-06 00:37:58.633 I/MyFragmentStateAdapter( 6362): getCount
07-06 00:37:58.634 I/FirstLineAdapter( 6362): canShowTrailer,isOffline=false
07-06 00:37:58.634 I/FirstLineAdapter( 6362): canShowTrailer,isOffline=false
07-06 00:37:58.634 I/FirstLineAdapter( 6362): canShowTrailer,isOffline=false
07-06 00:37:58.634 I/FirstLineAdapter( 6362): canShowTrailer,isOffline=false
07-06 00:37:58.634 I/FirstLineAdapter( 6362): canShowTrailer,isOffline=false
07-06 00:37:58.634 I/FirstLineAdapter( 6362): canShowTrailer,isOffline=false
07-06 00:37:58.634 I/FirstLineAdapter( 6362): canShowTrailer,isOffline=false
07-06 00:37:58.635 D/Carousel-CarouselChannelItemView( 6362): Listitem imageUrl:http://picture.edu.hismarttv.com/images/20170628102959016598.jpg
07-06 00:37:58.635 D/Carousel-Utils( 6362): onResourceReady.
07-06 00:37:58.645 D/HttpHandler( 6362): VerifySignInterCeptor-->request.url()=http://api.edu.hismarttv.com/payment/api/query/user_type/dialog_info?orderType=0&uuid=13287129&mac=a8:a6:48:18:fc:a8&devid=86100300900000500000060a4818fca8&version=00.002.003&subscriberId=13287129&customerId=7195320&model_id=0&APPPackage=com.hisense.hicloud.edca&PFAPPCode=652&APPVersionName=3.0.0.9.00&ChannelId=0&softwareVersion=LED50MU8600UC0000888&tv_distribute_id=00&devType=0&APIVersion=600&accessToken=72DF6038D2AEAB8A76DFBBBBCC428A4A_000222914977660
07-06 00:37:58.645 D/HttpHandler( 6362): VerifySignInterCeptor-->hostname=api.edu.hismarttv.com
07-06 00:37:58.659 D/Carousel-CarouselChannelItemView( 6362): Listitem imageUrl:http://picture.edu.hismarttv.com/images/20170628103002814396.jpg
07-06 00:37:58.659 D/Carousel-Utils( 6362): onResourceReady.
07-06 00:37:58.660 D/Carousel-CarouselChannelItemView( 6362): Listitem imageUrl:http://picture.edu.hismarttv.com/images/20170628103009181182.jpg
07-06 00:37:58.660 D/Carousel-Utils( 6362): onResourceReady.
07-06 00:37:58.661 D/Carousel-CarouselChannelItemView( 6362): Listitem imageUrl:http://picture.edu.hismarttv.com/images/20170628102959016598.jpg
07-06 00:37:58.661 D/Carousel-Utils( 6362): onResourceReady.
07-06 00:37:58.662 D/Carousel-CarouselChannelItemView( 6362): Listitem imageUrl:http://picture.edu.hismarttv.com/images/20170628103002814396.jpg
07-06 00:37:58.662 D/Carousel-Utils( 6362): onResourceReady.
07-06 00:37:58.663 D/Carousel-CarouselChannelItemView( 6362): Listitem imageUrl:http://picture.edu.hismarttv.com/images/20170628103009181182.jpg
07-06 00:37:58.663 D/Carousel-Utils( 6362): onResourceReady.
07-06 00:37:58.676 I/FirstLineAdapter( 6362): canShowTrailer,isOffline=false
07-06 00:37:58.676 I/FirstLineAdapter( 6362): canShowTrailer,isOffline=false
07-06 00:37:58.677 D/Carousel-CarouselView( 6362): ============>onScrollChanged hashCode:119253746
07-06 00:37:58.691 I/MyFragmentStateAdapter( 6362): getCount
07-06 00:37:58.707 D/gralloc ( 1204): allocate buffer from ION HEAP 0x1
07-06 00:37:58.707 D/gralloc ( 1204): allocate memory from system heap
07-06 00:37:58.755 D/HttpHandler( 6362): HttpDNS-->hostname=api.edu.hismarttv.com
07-06 00:37:58.771 E/TabView ( 6362): tab2
07-06 00:37:58.772 D/TabView ( 6362): SLOVEN mTopmBorderTop===>:0266
07-06 00:37:58.772 D/TabView ( 6362): tab scroll up listview
07-06 00:37:58.772 D/TabFocusBorderView( 6362): SLOVEN justchangeWidth
07-06 00:37:58.772 D/TabFocusBorderView( 6362): SLOVEN widthmWidth===>:220220
07-06 00:37:58.772 D/TabFocusBorderView( 6362): SLOVEN onAnimationStart
07-06 00:37:58.772 D/TabView ( 6362): SLOVEN mTopmBorderTop===>:407266
07-06 00:37:58.772 D/TabView ( 6362): setSelectedTabView
07-06 00:37:58.776 D/OkHttp  ( 6362): --> GET http://picture.edu.hismarttv.com/images/20170629/%E5%BF%83%E7%AE%97%E5%8F%A3%E8%AF%80%E5%A4%A9%E5%A4%A9%E7%BB%83.jpg http/1.1
07-06 00:37:58.776 D/OkHttp  ( 6362): Host: picture.edu.hismarttv.com
07-06 00:37:58.776 D/OkHttp  ( 6362): Connection: Keep-Alive
07-06 00:37:58.776 D/OkHttp  ( 6362): Accept-Encoding: gzip
07-06 00:37:58.776 D/OkHttp  ( 6362): User-Agent: okhttp/3.6.0
07-06 00:37:58.776 D/OkHttp  ( 6362): --> END GET
07-06 00:37:58.779 D/HttpHandler( 6362): DNSHelper-->gslbDns=["123.128.14.209","153.35.175.121","220.202.77.124","153.35.175.120","125.46.22.134","36.33.158.222","218.58.206.58"]
07-06 00:37:58.793 D/OkHttp  ( 6362): --> GET http://picture.edu.hismarttv.com/images/20170629/%E5%AE%A2%E5%8E%85%E7%87%83%E8%84%82%E5%A5%B3%E7%8E%8B20170207081137502012.jpg http/1.1
07-06 00:37:58.793 D/OkHttp  ( 6362): Host: picture.edu.hismarttv.com
07-06 00:37:58.793 D/OkHttp  ( 6362): Connection: Keep-Alive
07-06 00:37:58.793 D/OkHttp  ( 6362): Accept-Encoding: gzip
07-06 00:37:58.793 D/OkHttp  ( 6362): User-Agent: okhttp/3.6.0
07-06 00:37:58.793 D/OkHttp  ( 6362): --> END GET
07-06 00:37:58.804 D/HttpHandler( 6362): RAMCache-->hostInfo.getClientTimeStamp()=21516278
07-06 00:37:58.812 D/HttpHandler( 6362): RAMCache-->hostInfo.getTtl()=3600
07-06 00:37:58.812 D/HttpHandler( 6362): RAMCache-->SystemClock.elapsedRealtime()=21520383
07-06 00:37:58.835 D/OkHttp  ( 6362): <-- 200 OK http://picture.edu.hismarttv.com/images/20170629/%E5%BF%83%E7%AE%97%E5%8F%A3%E8%AF%80%E5%A4%A9%E5%A4%A9%E7%BB%83.jpg (52ms)
07-06 00:37:58.835 D/OkHttp  ( 6362): Date: Mon, 03 Jul 2017 10:05:19 GMT
07-06 00:37:58.835 D/OkHttp  ( 6362): Server: nginx
07-06 00:37:58.835 D/OkHttp  ( 6362): Content-Type: image/jpeg
07-06 00:37:58.835 D/OkHttp  ( 6362): Content-Length: 204643
07-06 00:37:58.835 D/OkHttp  ( 6362): Last-Modified: Fri, 09 Jun 2017 14:51:40 GMT
07-06 00:37:58.835 D/OkHttp  ( 6362): ETag: "593ab5fc-31f63"
07-06 00:37:58.835 D/OkHttp  ( 6362): Accept-Ranges: bytes
07-06 00:37:58.835 D/OkHttp  ( 6362): Age: 196359
07-06 00:37:58.835 D/OkHttp  ( 6362): Via: 1.1 shuozhou56:1 (Cdn Cache Server V2.0)[21 200 0], 1.1 nwangtong95:0 (Cdn Cache Server V2.0)[0 200 0]
07-06 00:37:58.835 D/OkHttp  ( 6362): Connection: keep-alive
07-06 00:37:58.835 D/OkHttp  ( 6362): <-- END HTTP
07-06 00:37:58.835 D/OkHttp  ( 6362): <-- 200 OK http://picture.edu.hismarttv.com/images/20170629/%E5%AE%A2%E5%8E%85%E7%87%83%E8%84%82%E5%A5%B3%E7%8E%8B20170207081137502012.jpg (41ms)
07-06 00:37:58.835 D/OkHttp  ( 6362): Date: Tue, 04 Jul 2017 01:16:46 GMT
07-06 00:37:58.835 D/OkHttp  ( 6362): Server: nginx
07-06 00:37:58.835 D/OkHttp  ( 6362): Content-Type: image/jpeg
07-06 00:37:58.835 D/OkHttp  ( 6362): Content-Length: 107115
07-06 00:37:58.835 D/OkHttp  ( 6362): Last-Modified: Fri, 09 Jun 2017 14:40:58 GMT
07-06 00:37:58.835 D/OkHttp  ( 6362): ETag: "593ab37a-1a26b"
07-06 00:37:58.835 D/OkHttp  ( 6362): Accept-Ranges: bytes
07-06 00:37:58.835 D/OkHttp  ( 6362): Age: 141672
07-06 00:37:58.835 D/OkHttp  ( 6362): Via: 1.1 shzh52:3 (Cdn Cache Server V2.0)[8 200 0], 1.1 awt102:3 (Cdn Cache Server V2.0)[0 200 0]
07-06 00:37:58.835 D/OkHttp  ( 6362): Connection: keep-alive
07-06 00:37:58.835 D/OkHttp  ( 6362): <-- END HTTP
07-06 00:37:58.836 D/HttpHandler( 6362): DNSHelper-->gslbDns=["123.103.91.123"]
07-06 00:37:58.837 I/MyFragmentStateAdapter( 6362): getCount
07-06 00:37:58.837 I/MyFragmentStateAdapter( 6362): getCount
07-06 00:37:58.838 I/MyFragmentStateAdapter( 6362): getCount
07-06 00:37:58.838 I/MyFragmentStateAdapter( 6362): getCount
07-06 00:37:58.838 I/TabView ( 6362): onScroll:,firstItem=0,visibleCount=6,totalCount=10
07-06 00:37:58.839 I/FirstLineAdapter( 6362): canShowTrailer,isOffline=false
07-06 00:37:58.839 I/FirstLineAdapter( 6362): canShowTrailer,isOffline=false
07-06 00:37:58.840 I/FirstLineAdapter( 6362): canShowTrailer,isOffline=false
07-06 00:37:58.840 I/FirstLineAdapter( 6362): canShowTrailer,isOffline=false
07-06 00:37:58.840 I/FirstLineAdapter( 6362): canShowTrailer,isOffline=false
07-06 00:37:58.840 I/FirstLineAdapter( 6362): canShowTrailer,isOffline=false
07-06 00:37:58.840 I/FirstLineAdapter( 6362): canShowTrailer,isOffline=false
07-06 00:37:58.840 I/FirstLineAdapter( 6362): canShowTrailer,isOffline=false
07-06 00:37:58.840 I/FirstLineAdapter( 6362): canShowTrailer,isOffline=false
07-06 00:37:58.840 D/Carousel-CarouselView( 6362): ============>onScrollChanged hashCode:119253746
07-06 00:37:58.848 I/MyFragmentStateAdapter( 6362): getCount
07-06 00:37:58.849 D/HttpHandler( 6362): RetryIntercepter-->retryNum=0
07-06 00:37:58.849 D/HttpHandler( 6362): RetryIntercepter-->backoffmutiplier=0
07-06 00:37:58.841 D/HttpHandler( 6362): RetryIntercepter-->retryNum=0
07-06 00:37:58.850 D/HttpHandler( 6362): RetryIntercepter-->backoffmutiplier=0
07-06 00:37:58.922 D/TabFocusBorderView( 6362): SLOVEN onAnimationEnd
07-06 00:37:58.922 D/TabView ( 6362): SLOVEN border top===>:296---407
07-06 00:37:58.925 I/TabView ( 6362): onScroll:,firstItem=0,visibleCount=6,totalCount=10
07-06 00:37:58.928 D/Carousel-CarouselView( 6362): ============>onScrollChanged hashCode:119253746
07-06 00:37:58.943 E/btif_config( 2964): [btif_config_get] node is TRUE!
07-06 00:37:58.943 E/btif_config( 2964): [btif_config_get] ret is TRUE!
07-06 00:37:58.951 I/TVMW@devctrl( 1234): wdt
07-06 00:37:59.026 D/HDMI    ( 1733): [P]:AllocatedAddress=[]
07-06 00:37:59.071 I/TVMW@HsTvSetting( 1234): Trace cmd, data = 0x1058
07-06 00:37:59.072 D/til@system( 2026): til_get_system_param option:100002F int:0, bool:0, ret:0
07-06 00:37:59.072 I/TVMW@HsTvSetting( 1234): Trace cmd, data = 0x101f
07-06 00:37:59.072 D/til@system( 2026): til_get_system_param option:100001D int:3, bool:3, ret:0
07-06 00:37:59.072 E/til     ( 2026): [til_get_current_input_source, 101] 
07-06 00:37:59.074 I/TVMW@HsTvSetting( 1234): Trace cmd, data = 0x7007
07-06 00:37:59.074 I/tilwrapper@sm( 2026): HS2TIL_SourceType *hs=0xd, *til=0x900
07-06 00:37:59.074 D/til     ( 2026): get current source 2304
07-06 00:37:59.074 D/SourceRemoteServiceHandler( 2026): getCurrentInputSource.from.til.result is 0, value is 2304
07-06 00:37:59.074 D/SourceRemoteServiceHandler( 2026): getInputSourceType source: 0x900, type=2304
07-06 00:37:59.074 D/til     ( 2026): ###### func:til_get_picture_param option:0x3000006 ######  
07-06 00:37:59.075 I/TVMW@HsTvSetting( 1234): Trace cmd, data = 0x1003
07-06 00:37:59.075 I/TVMW@HsTvSetting( 1234): Trace cmd, data = 0x8032
07-06 00:37:59.076 I/hstvos  ( 1216): [0m[1;33m[HSHAL][HS_VIDEO][HS_HAL_Video_SetOsdDetect_v2][2389]u16Threshold = 20
07-06 00:37:59.077 I/MiSysSrv( 1214): Not support now! 42, change to mm_video!!!
07-06 00:37:59.078 E/TVMW@videoctrl( 1234):  getOsd is 1
07-06 00:37:59.079 D/til@system( 2026): til_get_system_param option:1000027 int:1, bool:1, ret:0
07-06 00:37:59.079 D/til     ( 2026): ###### func:til_get_picture_param option:0x3000045 ######  
07-06 00:37:59.079 I/TVMW@HsTvSetting( 1234): Trace cmd, data = 0x300c
07-06 00:37:59.079 I/TVMW@HsTvSetting( 1234): Trace 3d, data = 0x300c
07-06 00:37:59.079 I/TVMW@3d ( 1234): Hs_debug3d_trace: func:get3dStatus, line:109
07-06 00:37:59.093 I/MyFragmentStateAdapter( 6362): getCount
07-06 00:37:59.129 E/btif_config( 2964): [btif_config_get] node is TRUE!
07-06 00:37:59.129 E/btif_config( 2964): [btif_config_get] ret is TRUE!
07-06 00:37:59.137 I/NetflixMonitorService( 1733): current fgapk : com.hisense.hicloud.edca
07-06 00:37:59.137 I/NetflixMonitorService( 1733): Netflix status unchanged
07-06 00:37:59.170 D/PowerManagerService( 1733): releaseWakeLockInternal: lock=681732318 [ActivityManager-Launch], flags=0x0
07-06 00:37:59.171 D/PowerManagerNotifier( 1733): onWakeLockReleased: flags=1, tag="ActivityManager-Launch", packageName=android, ownerUid=1000, ownerPid=1733, workSource=null
07-06 00:37:59.201 E/HttpDnsUtils( 6362): http callCancel(): mViewTag = EntryActivity
07-06 00:37:59.207 D/PowerManagerService( 1733): setScreenBrightnessOverrideFromWindowManagerInternal done
07-06 00:37:59.209 D/OsdMonitorService( 1733): mCurrentWindow = com.hisense.hicloud.edca/com.hisense.tvui.newhome.HomeMainActivity; newWindow = com.hisense.hicloud.edca/com.hisense.tvui.newhome.HomeMainActivity; isSubWindow = false; isInWinList = false; isExitNow = false
07-06 00:37:59.209 D/OsdMonitorService( 1733): windowNotOsd() : name = com.hisense.hicloud.edca/com.hisense.tvui.newhome.HomeMainActivity
07-06 00:37:59.209 I/OsdMonitorService( 1733): setOsdStatus() : status will change from true to true
07-06 00:37:59.214 D/NativeDecimalFormat( 8333): NativeDecimalFormat_close print addr=547821083648
07-06 00:37:59.214 D/NativeDecimalFormat( 8333): NativeDecimalFormat_close print g_addr=547821085952
07-06 00:37:59.214 D/NativeDecimalFormat( 8333): NativeDecimalFormat_close print addr=547821085952
07-06 00:37:59.214 D/NativeDecimalFormat( 8333): NativeDecimalFormat_close print g_addr=547821085952
07-06 00:37:59.216 D/OkHttp  ( 6362): --> GET http://api.edu.hismarttv.com/payment/api/query/user_type/dialog_info?orderType=0&uuid=13287129&mac=a8:a6:48:18:fc:a8&devid=86100300900000500000060a4818fca8&version=00.002.003&subscriberId=13287129&customerId=7195320&model_id=0&APPPackage=com.hisense.hicloud.edca&PFAPPCode=652&APPVersionName=3.0.0.9.00&ChannelId=0&softwareVersion=LED50MU8600UC0000888&tv_distribute_id=00&devType=0&APIVersion=600&accessToken=72DF6038D2AEAB8A76DFBBBBCC428A4A_000222914977660 http/1.1
07-06 00:37:59.216 D/OkHttp  ( 6362): Data_Type: JSON
07-06 00:37:59.216 D/OkHttp  ( 6362): RetryTime: 0
07-06 00:37:59.216 D/OkHttp  ( 6362): Backoffmutiplier: 0
07-06 00:37:59.216 D/OkHttp  ( 6362): Host: api.edu.hismarttv.com
07-06 00:37:59.216 D/OkHttp  ( 6362): Connection: Keep-Alive
07-06 00:37:59.216 D/OkHttp  ( 6362): Accept-Encoding: gzip
07-06 00:37:59.216 D/OkHttp  ( 6362): User-Agent: okhttp/3.6.0
07-06 00:37:59.216 D/OkHttp  ( 6362): --> END GET
07-06 00:37:59.235 D/MC_MEMORY( 4735): max: 256.261888 Mb, heap: 10.10798 Mb, allocated: 8.8962 Mb, free: 1.1836 Mb, native heap: 12.12276 Mb, native allocated: 8.8331 Mb, native free: 3.3945 Mb
07-06 00:37:59.253 I/HLSP2P  ( 3457): ## 2017-07-06 00:37:59.188 [3457,3628,:0] INFO ## [HLSP2P][TaskManager.cpp:855][INFO][UpdateGlobalInfo]totalDataSize: 0, totalMemorySize: 0, totalCacheSize: 0, curUploadSpeedKB: 0
07-06 00:37:59.253 I/HLSP2P  ( 3457): ## 2017-07-06 00:37:59.247 [3457,3628,:0] INFO ## [HLSP2P][TaskManager.cpp:1325][INFO][TryAdjustMemorySize]system memory total size: 1912M, free size: 578MB, cache add to 30MB, AppState: 14
07-06 00:37:59.264 I/MyFragmentStateAdapter( 6362): getCount
07-06 00:37:59.270 D/OkHttp  ( 6362): <-- 200 OK http://api.edu.hismarttv.com/payment/api/query/user_type/dialog_info?orderType=0&uuid=13287129&mac=a8:a6:48:18:fc:a8&devid=86100300900000500000060a4818fca8&version=00.002.003&subscriberId=13287129&customerId=7195320&model_id=0&APPPackage=com.hisense.hicloud.edca&PFAPPCode=652&APPVersionName=3.0.0.9.00&ChannelId=0&softwareVersion=LED50MU8600UC0000888&tv_distribute_id=00&devType=0&APIVersion=600&accessToken=72DF6038D2AEAB8A76DFBBBBCC428A4A_000222914977660 (53ms)
07-06 00:37:59.270 D/OkHttp  ( 6362): Server: nginx
07-06 00:37:59.270 D/OkHttp  ( 6362): Date: Wed, 05 Jul 2017 16:37:59 GMT
07-06 00:37:59.270 D/OkHttp  ( 6362): Content-Type: application/json
07-06 00:37:59.270 D/OkHttp  ( 6362): Content-Length: 221
07-06 00:37:59.278 D/OkHttp  ( 6362): Connection: close
07-06 00:37:59.278 D/OkHttp  ( 6362): <-- END HTTP
07-06 00:37:59.280 D/HttpHandler( 6362): RetryIntercepter-->retryNum=0
07-06 00:37:59.280 D/HttpHandler( 6362): RetryIntercepter-->backoffmutiplier=0
07-06 00:37:59.281 D/HttpHandler( 6362): VerifySignInterCeptor-->dateType=1
07-06 00:37:59.281 D/HttpHandler( 6362): VerifySignInterCeptor-->HttpRequestManager.httpClietOption.getVerifyFlag()=1
07-06 00:37:59.282 D/HttpHandler( 6362): VerifySignInterCeptor-->content={"memberType": 2, "isActivity": 0}
07-06 00:37:59.283 D/HiNetworkImpl( 6362): doHttp_Asyn(): onReqResponse isSuccessful = true, back from thread: main
07-06 00:37:59.291 I/MyFragmentStateAdapter( 6362): getCount
07-06 00:37:59.304 I/art     ( 6327): Background sticky concurrent mark sweep GC freed 14578(758KB) AllocSpace objects, 0(0B) LOS objects, 56% free, 664KB/1526KB, paused 10.628ms total 20.524ms
07-06 00:37:59.319 I/MyFragmentStateAdapter( 6362): getCount
07-06 00:37:59.327 D/DtvSourcePlugin-DVBC( 4289): Setting the EPG Updater state to: WAIT
07-06 00:37:59.344 I/MyFragmentStateAdapter( 6362): getCount
07-06 00:37:59.370 I/HiNetworkImpl( 6362): doHttp_Asyn(): onSuccess clazz = class com.hisense.sdk.domain.MemberOrder, back from thread: main
07-06 00:37:59.371 I/HomeMainActivity( 6362): finishHttpTime : 21520942   855
07-06 00:37:59.373 D/til@system( 2026): til_get_system_param option:1000007 int:-1815632896, bool:0, ret:0
07-06 00:37:59.374 D/til@system( 2026): til_get_system_param option:1000009 int:-1936525184, bool:128, ret:0
07-06 00:37:59.380 D/til@system( 2026): til_get_system_param option:1000008 int:-1815633792, bool:128, ret:0
07-06 00:37:59.380 D/HiSDKLogReport( 6362): getOperationDetail-productName : LED50MU8600UC
07-06 00:37:59.380 D/HiSDKLogReport( 6362): getOperationDetail-plmNumber : 88888
07-06 00:37:59.380 D/HiSDKLogReport( 6362): getOperationDetail-swVersion : V0000.00.01A
07-06 00:37:59.380 D/HiSDKLogReport( 6362): getOperationDetail-operationDetail : LED50MU8600UC0000888
07-06 00:37:59.381 D/HiSDKLogReport( 6362): processLogReport-log : {eventType=162, appKey=1182445233, APPVersionName=3.0.0.9.00, devid=86100300900000500000060a4818fca8, mac=a8:a6:48:18:fc:a8, uuid=13287129, accessToken=72DF6038D2AEAB8A76DFBBBBCC428A4A_000222914977660, APIversion=501, logversion=2.0, devType=0, APPPackage=com.hisense.hicloud.edca, eventPos=002, requesttime=1499272679380, customerId=7195320, value2=, eventMessage=HttpConnection, value1=855, model_id=0, ChannelId=0, version=00.002.003, tv_distribute_id=00, subscriberId=13287129, APIVersion=600, PFAPPCode=652, softwareVersion=LED50MU8600UC0000888}
07-06 00:37:59.381 I/HomeMainActivity( 6362): getUserType  response : 2 null
07-06 00:37:59.381 I/HomeMainActivity( 6362): this is LowMemoryConfiguration 
07-06 00:37:59.398 W/System.err( 6362): java.net.ConnectException: failed to connect to /10.18.210.112 (port 8900) after 6000ms: isConnected failed: ECONNREFUSED (Connection refused)
07-06 00:37:59.398 W/System.err( 6362): 	at libcore.io.IoBridge.isConnected(IoBridge.java:238)
07-06 00:37:59.398 W/System.err( 6362): 	at libcore.io.IoBridge.connectErrno(IoBridge.java:171)
07-06 00:37:59.398 W/System.err( 6362): 	at libcore.io.IoBridge.connect(IoBridge.java:122)
07-06 00:37:59.398 W/System.err( 6362): 	at java.net.PlainSocketImpl.connect(PlainSocketImpl.java:183)
07-06 00:37:59.398 W/System.err( 6362): 	at java.net.PlainSocketImpl.connect(PlainSocketImpl.java:456)
07-06 00:37:59.399 W/System.err( 6362): 	at java.net.Socket.connect(Socket.java:882)
07-06 00:37:59.399 W/System.err( 6362): 	at com.android.okhttp.internal.Platform.connectSocket(Platform.java:174)
07-06 00:37:59.399 W/System.err( 6362): 	at com.android.okhttp.Connection.connect(Connection.java:152)
07-06 00:37:59.399 W/System.err( 6362): 	at com.android.okhttp.internal.http.HttpEngine.connect(HttpEngine.java:276)
07-06 00:37:59.399 W/System.err( 6362): 	at com.android.okhttp.internal.http.HttpEngine.sendRequest(HttpEngine.java:211)
07-06 00:37:59.399 W/System.err( 6362): 	at com.android.okhttp.internal.http.HttpURLConnectionImpl.execute(HttpURLConnectionImpl.java:382)
07-06 00:37:59.399 W/System.err( 6362): 	at com.android.okhttp.internal.http.HttpURLConnectionImpl.connect(HttpURLConnectionImpl.java:106)
07-06 00:37:59.399 W/System.err( 6362): 	at com.hisense.hitv.hicloud.util.ExceptionReport.a(ExceptionReport.java:337)
07-06 00:37:59.399 W/System.err( 6362): 	at com.hisense.hitv.hicloud.util.ExceptionReport.a(ExceptionReport.java:39)
07-06 00:37:59.399 W/System.err( 6362): 	at com.hisense.hitv.hicloud.util.ExceptionReport$1.run(ExceptionReport.java:83)
07-06 00:37:59.399 W/System.err( 6362): 	at java.lang.Thread.run(Thread.java:818)
07-06 00:37:59.399 W/System.err( 6362): Caused by: android.system.ErrnoException: isConnected failed: ECONNREFUSED (Connection refused)
07-06 00:37:59.399 W/System.err( 6362): 	at libcore.io.IoBridge.isConnected(IoBridge.java:223)
07-06 00:37:59.399 W/System.err( 6362): 	... 15 more
07-06 00:37:59.488 E/HomeMainActivity( 6362): BaseApplication.mAccountType == 2
07-06 00:37:59.488 I/HomeMainActivity( 6362): mBeginHttpTime : 21521060
07-06 00:37:59.489 I/HttpDnsUtils( 6362): postExperienceVIP(): --url = http://api.edu.hismarttv.com/payment/api/get/experience/member
07-06 00:37:59.489 V/HttpDnsUtils( 6362): getExperienceVIP 86100300900000500000060a4818fca8 7195320 13287129 0 2 0 0 0
07-06 00:37:59.489 E/NetUtils( 6362): encryption --- sign = accessToken=72DF6038D2AEAB8A76DFBBBBCC428A4A_000222914977660&days=0&devid=86100300900000500000060a4818fca8&mac=a8:a6:48:18:fc:a8&memberType=2&orderType=0&BDA9F96C98E9D5130A5AFB3411B5F9E0
07-06 00:37:59.495 E/btif_config( 2964): [btif_config_get] node is TRUE!
07-06 00:37:59.495 E/btif_config( 2964): [btif_config_get] ret is TRUE!
07-06 00:37:59.584 I/TVMW@HsTvSetting( 1234): Trace cmd, data = 0x1058
07-06 00:37:59.592 D/til@system( 2026): til_get_system_param option:100002F int:0, bool:0, ret:0
07-06 00:37:59.592 I/TVMW@HsTvSetting( 1234): Trace cmd, data = 0x101f
07-06 00:37:59.593 D/til@system( 2026): til_get_system_param option:100001D int:3, bool:3, ret:0
07-06 00:37:59.593 E/til     ( 2026): [til_get_current_input_source, 101] 
07-06 00:37:59.593 I/TVMW@HsTvSetting( 1234): Trace cmd, data = 0x7007
07-06 00:37:59.593 I/tilwrapper@sm( 2026): HS2TIL_SourceType *hs=0xd, *til=0x900
07-06 00:37:59.593 D/til     ( 2026): get current source 2304
07-06 00:37:59.593 D/SourceRemoteServiceHandler( 2026): getCurrentInputSource.from.til.result is 0, value is 2304
07-06 00:37:59.594 D/SourceRemoteServiceHandler( 2026): getInputSourceType source: 0x900, type=2304
07-06 00:37:59.594 D/til     ( 2026): ###### func:til_get_picture_param option:0x3000006 ######  
07-06 00:37:59.594 I/TVMW@HsTvSetting( 1234): Trace cmd, data = 0x1003
07-06 00:37:59.594 I/TVMW@HsTvSetting( 1234): Trace cmd, data = 0x8032
