07-06 00:47:37.952 I/Util    (11831): memory : total=1912,limit=1024
07-06 00:47:37.952 D/HttpHandler(11831): VerifySignInterCeptor-->request.url()=http://api.edu.hismarttv.com/usercenter/api/individualize_data?devid=86100300900000500000060a4818fca8&customerId=7195320&subscriberId=13287129&ChannelId=0&tags=&version_id=6&region_name=%E6%9D%AD%E5%B7%9E&uuid=13287129&mac=a8:a6:48:18:fc:a8&model_id=0&APPPackage=com.hisense.hicloud.edca&PFAPPCode=652&APPVersionName=3.0.0.9.00&softwareVersion=LED50MU8600UC0000888&tv_distribute_id=00&devType=0&APIVersion=600&accessToken=72DF6038D2AEAB8A76DFBBBBCC428A4A_000491350913180
07-06 00:47:37.952 D/HttpHandler(11831): VerifySignInterCeptor-->hostname=api.edu.hismarttv.com
07-06 00:47:37.952 I/BaseContentFragment(11831): hideLoadingView
07-06 00:47:37.953 I/RoleContentFragment(11831): getServiceData: 0
07-06 00:47:37.953 D/HttpHandler(11831): HttpDNS-->hostname=api.edu.hismarttv.com
07-06 00:47:37.954 D/HttpHandler(11831): RAMCache-->hostInfo.getClientTimeStamp()=22095817
07-06 00:47:37.954 D/HttpHandler(11831): RAMCache-->hostInfo.getTtl()=3600
07-06 00:47:37.954 D/HttpHandler(11831): RAMCache-->SystemClock.elapsedRealtime()=22099526
07-06 00:47:37.958 D/HttpHandler(11831): DNSHelper-->gslbDns=["123.103.91.123"]
07-06 00:47:37.963 V/InputMethodService( 2203): startInput(): editor=android.view.inputmethod.EditorInfo@3840b6bf
07-06 00:47:37.963 V/InputMethodService( 2203): CALL: onFinishInput
07-06 00:47:37.963 E/SOGOUIME_JNI( 2203): reset
07-06 00:47:37.964 E/SOGOUIME_JNI( 2203): getCandidates
07-06 00:47:37.964 E/SOGOUIME_JNI( 2203): ime_get_uncommitted_length
07-06 00:47:37.964 E/SOGOUIME_JNI( 2203): getCandidates
07-06 00:47:37.965 D/SogouIME API( 2203): ==============num:32
07-06 00:47:37.965 E/SOGOUIME_JNI( 2203): ime_get_uncommitted_length
07-06 00:47:37.965 D/SogouIME( 2203): mFocusedComponent:30   isHkbEnable:false
07-06 00:47:37.966 E/SOGOUIME_JNI( 2203): ime_get_uncommitted_length
07-06 00:47:37.966 E/SOGOUIME_JNI( 2203): ime_get_committed_length
07-06 00:47:37.966 E/SOGOUIME_JNI( 2203): getComposingInfo
07-06 00:47:37.966 E/SOGOUIME_JNI( 2203): getComposingInfo
07-06 00:47:37.966 E/SOGOUIME_JNI( 2203): getCorrectInfo
07-06 00:47:37.967 E/SOGOUIME_JNI( 2203): getComposingInfo
07-06 00:47:37.969 V/InputMethodService( 2203): CALL: onStartInput
07-06 00:47:37.969 E/SOGOUIME_JNI( 2203): invalidateCommitWordPinyinNative
07-06 00:47:37.969 I/Choreographer(11831): Skipped 93 frames!  The application may be doing too much work on its main thread.
07-06 00:47:37.969 D/SogouIME( 2203): =====configKeyboard=======:false     false
07-06 00:47:37.969 E/SOGOUIME_JNI( 2203): ime_set_hard_kb_enable
07-06 00:47:37.971 D/TabView (11831): 
07-06 00:47:37.978 D/TabView (11831): 
07-06 00:47:37.980 D/TabView (11831): 
07-06 00:47:37.982 D/OkHttp  (11831): --> GET http://api.edu.hismarttv.com/usercenter/api/individualize_data?devid=86100300900000500000060a4818fca8&customerId=7195320&subscriberId=13287129&ChannelId=0&tags=&version_id=6&region_name=%E6%9D%AD%E5%B7%9E&uuid=13287129&mac=a8:a6:48:18:fc:a8&model_id=0&APPPackage=com.hisense.hicloud.edca&PFAPPCode=652&APPVersionName=3.0.0.9.00&softwareVersion=LED50MU8600UC0000888&tv_distribute_id=00&devType=0&APIVersion=600&accessToken=72DF6038D2AEAB8A76DFBBBBCC428A4A_000491350913180 http/1.1
07-06 00:47:37.982 D/OkHttp  (11831): Data_Type: JSON
07-06 00:47:37.982 D/OkHttp  (11831): RetryTime: 0
07-06 00:47:37.982 D/OkHttp  (11831): Backoffmutiplier: 0
07-06 00:47:37.982 D/OkHttp  (11831): Host: api.edu.hismarttv.com
07-06 00:47:37.982 D/OkHttp  (11831): Connection: Keep-Alive
07-06 00:47:37.982 D/OkHttp  (11831): Accept-Encoding: gzip
07-06 00:47:37.982 D/OkHttp  (11831): User-Agent: okhttp/3.6.0
07-06 00:47:37.982 D/OkHttp  (11831): --> END GET
07-06 00:47:37.986 D/TabView (11831): 
07-06 00:47:37.989 D/TabView (11831): 
07-06 00:47:37.991 D/TabView (11831): 
07-06 00:47:37.998 D/TabView (11831): 
07-06 00:47:38.000 D/TabView (11831): 
07-06 00:47:38.001 D/TabView (11831): 
07-06 00:47:38.004 D/TabView (11831): 
07-06 00:47:38.005 D/TabView (11831): 
07-06 00:47:38.007 D/TabView (11831): 
07-06 00:47:38.008 D/NativeDecimalFormat(11831): NativeDecimalFormat_close print addr=3997602048
07-06 00:47:38.009 D/NativeDecimalFormat(11831): NativeDecimalFormat_close print g_addr=3997602816
07-06 00:47:38.009 D/NativeDecimalFormat(11831): NativeDecimalFormat_close print addr=3997602816
07-06 00:47:38.009 D/NativeDecimalFormat(11831): NativeDecimalFormat_close print g_addr=3997602816
07-06 00:47:38.009 D/TabView (11831): 
07-06 00:47:38.010 D/TabView (11831): 
07-06 00:47:38.012 D/TabView (11831): 
07-06 00:47:38.014 D/TabView (11831): 
07-06 00:47:38.015 I/MyFragmentStateAdapter(11831): getCount
07-06 00:47:38.015 I/MyFragmentStateAdapter(11831): getCount
07-06 00:47:38.016 D/TabView (11831): 
07-06 00:47:38.017 D/TabView (11831): 
07-06 00:47:38.019 D/TabView (11831): 
07-06 00:47:38.021 D/TabView (11831): 
07-06 00:47:38.023 D/TabView (11831): 
07-06 00:47:38.024 D/TabView (11831): 
07-06 00:47:38.025 D/OkHttp  (11831): <-- 200 OK http://api.edu.hismarttv.com/usercenter/api/individualize_data?devid=86100300900000500000060a4818fca8&customerId=7195320&subscriberId=13287129&ChannelId=0&tags=&version_id=6&region_name=%E6%9D%AD%E5%B7%9E&uuid=13287129&mac=a8:a6:48:18:fc:a8&model_id=0&APPPackage=com.hisense.hicloud.edca&PFAPPCode=652&APPVersionName=3.0.0.9.00&softwareVersion=LED50MU8600UC0000888&tv_distribute_id=00&devType=0&APIVersion=600&accessToken=72DF6038D2AEAB8A76DFBBBBCC428A4A_000491350913180 (42ms)
07-06 00:47:38.026 D/OkHttp  (11831): Server: nginx
07-06 00:47:38.026 D/OkHttp  (11831): Date: Wed, 05 Jul 2017 16:47:37 GMT
07-06 00:47:38.026 D/OkHttp  (11831): Content-Type: application/json
07-06 00:47:38.026 D/OkHttp  (11831): Content-Length: 17184
07-06 00:47:38.026 D/OkHttp  (11831): Connection: close
07-06 00:47:38.026 D/OkHttp  (11831): <-- END HTTP
07-06 00:47:38.027 D/TabView (11831): 
07-06 00:47:38.027 D/HttpHandler(11831): RetryIntercepter-->retryNum=0
07-06 00:47:38.027 D/HttpHandler(11831): RetryIntercepter-->backoffmutiplier=0
07-06 00:47:38.029 D/TabView (11831): 
07-06 00:47:38.031 D/TabView (11831): 
07-06 00:47:38.033 D/TabView (11831): 
07-06 00:47:38.034 I/TVMW@HsTvSetting( 1234): Trace cmd, data = 0x1058
07-06 00:47:38.034 D/til@system( 2026): til_get_system_param option:100002F int:0, bool:0, ret:0
07-06 00:47:38.035 I/TVMW@HsTvSetting( 1234): Trace cmd, data = 0x101f
07-06 00:47:38.035 D/til@system( 2026): til_get_system_param option:100001D int:3, bool:3, ret:0
07-06 00:47:38.035 E/til     ( 2026): [til_get_current_input_source, 101] 
07-06 00:47:38.035 I/TVMW@HsTvSetting( 1234): Trace cmd, data = 0x7007
07-06 00:47:38.035 I/tilwrapper@sm( 2026): HS2TIL_SourceType *hs=0xd, *til=0x900
07-06 00:47:38.035 D/til     ( 2026): get current source 2304
07-06 00:47:38.035 D/SourceRemoteServiceHandler( 2026): getCurrentInputSource.from.til.result is 0, value is 2304
07-06 00:47:38.035 D/TabView (11831): 
07-06 00:47:38.035 D/SourceRemoteServiceHandler( 2026): getInputSourceType source: 0x900, type=2304
07-06 00:47:38.035 D/til     ( 2026): ###### func:til_get_picture_param option:0x3000006 ######  
07-06 00:47:38.035 I/TVMW@HsTvSetting( 1234): Trace cmd, data = 0x1003
07-06 00:47:38.036 I/TVMW@HsTvSetting( 1234): Trace cmd, data = 0x8032
07-06 00:47:38.036 I/hstvos  ( 1216): [0m[1;33m[HSHAL][HS_VIDEO][HS_HAL_Video_SetOsdDetect_v2][2389]u16Threshold = 20
07-06 00:47:38.036 I/MiSysSrv( 1214): Not support now! 42, change to mm_video!!!
07-06 00:47:38.036 E/TVMW@videoctrl( 1234):  getOsd is 1
07-06 00:47:38.036 D/til@system( 2026): til_get_system_param option:1000027 int:1, bool:1, ret:0
07-06 00:47:38.037 D/til     ( 2026): ###### func:til_get_picture_param option:0x3000045 ######  
07-06 00:47:38.037 I/TVMW@HsTvSetting( 1234): Trace cmd, data = 0x300c
07-06 00:47:38.037 I/TVMW@HsTvSetting( 1234): Trace 3d, data = 0x300c
07-06 00:47:38.037 I/TVMW@3d ( 1234): Hs_debug3d_trace: func:get3dStatus, line:109
07-06 00:47:38.038 D/TabView (11831): 
07-06 00:47:38.038 D/HttpHandler(11831): VerifySignInterCeptor-->request.url()=http://picture.edu.hismarttv.com/images/20170628111917742483.png
07-06 00:47:38.038 D/HttpHandler(11831): VerifySignInterCeptor-->hostname=picture.edu.hismarttv.com
07-06 00:47:38.039 D/TabView (11831): 
07-06 00:47:38.039 D/OkHttp  (11831): --> GET http://picture.edu.hismarttv.com/images/20170628111917742483.png http/1.1
07-06 00:47:38.039 D/OkHttp  (11831): Host: picture.edu.hismarttv.com
07-06 00:47:38.039 D/OkHttp  (11831): Connection: Keep-Alive
07-06 00:47:38.039 D/OkHttp  (11831): Accept-Encoding: gzip
07-06 00:47:38.039 D/OkHttp  (11831): User-Agent: okhttp/3.6.0
07-06 00:47:38.039 D/OkHttp  (11831): --> END GET
07-06 00:47:38.041 D/OkHttp  (11831): <-- HTTP FAILED: java.io.InterruptedIOException: thread interrupted
07-06 00:47:38.041 D/TabView (11831): 
07-06 00:47:38.042 D/HttpHandler(11831): RetryIntercepter-->retryNum=0
07-06 00:47:38.042 D/HttpHandler(11831): RetryIntercepter-->backoffmutiplier=0
07-06 00:47:38.043 D/TabView (11831): 
07-06 00:47:38.046 D/HttpHandler(11831): VerifySignInterCeptor-->dateType=1
07-06 00:47:38.046 D/HttpHandler(11831): VerifySignInterCeptor-->HttpRequestManager.httpClietOption.getVerifyFlag()=1
07-06 00:47:38.052 D/TabView (11831): 
07-06 00:47:38.055 I/MyFragmentStateAdapter(11831): getCount
07-06 00:47:38.055 I/MyFragmentStateAdapter(11831): getCount
07-06 00:47:38.056 I/TabView (11831): onScroll:,firstItem=0,visibleCount=6,totalCount=10
07-06 00:47:38.057 D/HttpHandler(11831): VerifySignInterCeptor-->content={"masterViews": [{"navigationId": 10002, "tiles": [{"index": 1, "facets": [{"index": 1, "typeCode": 1002, "grade": null, "title": "\u90d1\u591a\u71d5BodyBall Slim\u5927\u7403\u64cd", "backgroundImages": [{"url": "http://picture.edu.hismarttv.com/images/20161212024038700821.jpg", "mobile_image_icon_url": "http://picture.edu.hismarttv.com/images/20161102023035587534.jpg", "url_horizontal": "http://picture.edu.hismarttv.com/images/20170629033643181276.jpg"}], "id": "38036"}], "width_horizontal": null, "width": null}, {"index": 1, "facets": [{"index": 1, "typeCode": 1002, "grade": null, "title": "\u90d1\u591a\u71d5BodyBall ABS\u6709\u6c27\u64cd", "backgroundImages": [{"url": "http://picture.edu.hismarttv.com/images/20161212022722337765.jpg", "mobile_image_icon_url": "http://picture.edu.hismarttv.com/images/20161102033100773911.jpg", "url_horizontal": "http://picture.edu.hismarttv.com/images/20170629032906301152.jpg"}], "id": "38037"}], "width_horizontal": null, "width": null}, {"index": 1, "facets": [{"index": 1, "typeCode": 1002, "grade": "\u5176\u4ed6", "title": "\u98ce\u5c1a\u5065\u8eab-\u52a8\u611f\u8857\u821e", "backgroundImages": [{"url": null, "mobile_image_icon_url": null, "url_horizontal": "http://picture.edu.hismarttv.com/images/20170629/\u98ce\u5c1a\u5065\u8eab-\u52a8\u611f\u8857\u821e.jpg"}], "id": "8852"}], "width_horizontal": null, "width": null}, {"index": 1, "facets": [{"index": 1, "typeCode": 1002, "grade": null, "title": "\u90d1\u591a\u71d5BodyBall Hip&leg\u57ab\u4e0a\u64cd", "backgroundImages": [{"url": "http://picture.edu.hismarttv.com/images/20161212022759387904.jpg", "mobile_image_icon_url": "http://picture.edu.hismarttv.com/images/20161102032541379768.jpg", "url_horizontal": "http://picture.edu.hismarttv.com/images/20170629033606511137.jpg"}], "id": "38039"}], "width_horizontal": null, "width": null}, {"index": 1, "facets": [{"index": 1, "typeCode": 1002, "grade": null, "title": "\u90d1\u591a\u71d5\u5c0f\u7070\u5e3d\u5065\u8eab\u64cd", "backgroundImages": [{"url": "http://picture.edu.hismarttv.com/images/20161212022539029485.jpg", "mobile_image_icon_url": "http://picture.edu.hismarttv.com/images/20161102021604651091.jpg", "url_horizontal": "http://picture.edu.hismarttv.com/images/20170629/\u90d1\u591a\u71d5\u5c0f\u7070\u5e3d\u5065\u8eab\u64cd.jpg"}], "id": "38033"}], "width_horizontal": null, "width": null}, {"index": 1, "facets": [{"index": 1, "typeCode": 1002, "grade": null, "title": "\u90d1\u591a\u71d5FigureDumb\u54d1\u94c3\u64cd", "backgroundImages": [{"url": "http://picture.edu.hismarttv.com/images/20161212035609771233.jpg", "mobile_image_icon_url": "http://picture.edu.hismarttv.com/images/20161102021824917487.jpg", "url_horizontal": "http://picture.edu.hismarttv.com/images/20170629033936455331.jpg"}], "id": "38034"}], "width_horizontal": null, "width": null}, {"index": 1, "facets": [{"index": 1, "typeCode": 1002, "grade": null, "title": "\u90d1\u591a\u71d5FigureMat\u57ab\u4e0a\u64cd", "backgroundImages": [{"url": "http://picture.edu.hismarttv.com/images/20161212022344417148.jpg", "mobile_image_icon_url": null, "url_horizontal": "http://picture.edu.hismarttv.com/images/20170629033520364415.jpg"}], "id": "38035"}], "width_horizontal": null, "width": null}, {"index": 1, "facets": [{"index": 1, "typeCode": 1002, "grade": null, "title": "\u548c\u5973\u795e\u4e00\u8d77\u5b66\u53e3\u8bed\uff08\u7f51\u7edc\u5267\uff09", "backgroundImages": [{"url": "http://picture.edu.hismarttv.com/images/20170316053549297889.jpg", "mobile_image_icon_url": null, "url_horizontal": null}], "id": "35901"}], "width_horizontal": null, "width": null}, {"index": 1, "facets": [{"index": 1, "typeCode": 1002, "grade": null, "title": "\u770b\u5927\u7247\u5b66\u82f1\u6587\uff08\u7f51\u7edc\u5267\uff09", "backgroundImages": [{"url": "http://picture.edu.hismarttv.com/images/20170316053716559350.jpg", "mobile_image_icon_url": null, "url_horizontal": null}], "id": "35891"}], "width_horizontal": null, "width": null}, {"index": 1, "facets": [{"index": 1, "typeCode": 1002, "
07-06 00:47:38.059 I/ContentBridgeAdapterListener(11831): onAddPresenter 0
07-06 00:47:38.061 I/ContentBridgeAdapterListener(11831): onCreate ViewHolder{917cca0 position=-1 id=-1, oldPos=-1, pLpos:-1 unbound no parent}
07-06 00:47:38.061 I/ContentBridgeAdapterListener(11831): onBind 
07-06 00:47:38.065 I/ContentBridgeAdapterListener(11831): onAttachedToWindow ViewHolder{917cca0 position=0 id=-1, oldPos=-1, pLpos:-1}
07-06 00:47:38.065 I/BaseContentFragment(11831): setRowViewSelectedViewHolder{917cca0 position=0 id=-1, oldPos=-1, pLpos:-1},isSelectedtrue
07-06 00:47:38.065 I/RoleContentFragment(11831): onChildSelected:0,lastPos=0
07-06 00:47:38.069 I/MiSysSrv( 1214): [37m[INFO] Change to Voltage: 117 mv (0x32)[m
07-06 00:47:38.074 I/ContentBridgeAdapterListener(11831): onAddPresenter 1
07-06 00:47:38.075 I/ContentBridgeAdapterListener(11831): onCreate ViewHolder{375b7bef position=-1 id=-1, oldPos=-1, pLpos:-1 unbound no parent}
07-06 00:47:38.075 I/SpecialFirstRowPresenter(11831): onBindViewHoldercom.hisense.tvui.newhome.presenter.SpecialFirstListRow@3b90c6fc,isUnbind=false
07-06 00:47:38.075 I/ContentBridgeAdapterListener(11831): onBind 
07-06 00:47:38.076 I/ContentBridgeAdapterListener(11831): onAttachedToWindow ViewHolder{375b7bef position=1 id=-1, oldPos=-1, pLpos:-1}
07-06 00:47:38.077 I/FirstLineAdapter(11831): canShowTrailer,isOffline=false
07-06 00:47:38.078 I/FirstLineAdapter(11831): canShowTrailer,isOffline=false
07-06 00:47:38.078 I/FirstLineAdapter(11831): canShowTrailer,isOffline=false
07-06 00:47:38.078 I/FirstLineAdapter(11831): onCreateViewHolder viewtype=0
07-06 00:47:38.091 I/FirstLineAdapter(11831): onBindViewHolder 0
07-06 00:47:38.097 I/FirstLineAdapter(11831): canShowTrailer,isOffline=false
07-06 00:47:38.097 I/FirstLineAdapter(11831): onCreateViewHolder viewtype=1
07-06 00:47:38.101 D/OkHttp  (11831): <-- 200 OK http://picture.edu.hismarttv.com/images/20170628121916725281.png (267ms)
07-06 00:47:38.101 D/OkHttp  (11831): Date: Wed, 05 Jul 2017 07:50:19 GMT
07-06 00:47:38.101 D/OkHttp  (11831): Server: nginx
07-06 00:47:38.101 D/OkHttp  (11831): Content-Type: image/png
07-06 00:47:38.101 D/OkHttp  (11831): Content-Length: 2555
07-06 00:47:38.101 D/OkHttp  (11831): Last-Modified: Wed, 28 Jun 2017 12:19:16 GMT
07-06 00:47:38.101 D/OkHttp  (11831): ETag: "59539ec4-9fb"
07-06 00:47:38.101 D/OkHttp  (11831): Accept-Ranges: bytes
07-06 00:47:38.101 D/OkHttp  (11831): Age: 32239
07-06 00:47:38.101 D/OkHttp  (11831): Via: 1.1 jn239:1 (Cdn Cache Server V2.0)[32 200 0], 1.1 changwtong52:7 (Cdn Cache Server V2.0)[241 200 0]
07-06 00:47:38.101 D/OkHttp  (11831): Connection: keep-alive
07-06 00:47:38.101 D/OkHttp  (11831): <-- END HTTP
07-06 00:47:38.105 D/HttpHandler(11831): RetryIntercepter-->retryNum=0
07-06 00:47:38.105 D/HttpHandler(11831): RetryIntercepter-->backoffmutiplier=0
07-06 00:47:38.105 I/FirstLineAdapter(11831): onBindViewHolder 1
07-06 00:47:38.105 D/FirstLineAdapter(11831): setVipPoster ===>url :http://picture.edu.hismarttv.com/images/
07-06 00:47:38.109 D/HttpHandler(11831): VerifySignInterCeptor-->request.url()=http://picture.edu.hismarttv.com/images/
07-06 00:47:38.109 D/HttpHandler(11831): VerifySignInterCeptor-->hostname=picture.edu.hismarttv.com
07-06 00:47:38.110 I/FirstLineAdapter(11831): canShowTrailer,isOffline=false
07-06 00:47:38.110 I/FirstLineAdapter(11831): onCreateViewHolder viewtype=2
07-06 00:47:38.112 I/FirstLineAdapter(11831): onBindViewHolder 2
07-06 00:47:38.112 D/OkHttp  (11831): --> GET http://picture.edu.hismarttv.com/images/ http/1.1
07-06 00:47:38.112 D/OkHttp  (11831): Host: picture.edu.hismarttv.com
07-06 00:47:38.112 D/OkHttp  (11831): Connection: Keep-Alive
07-06 00:47:38.112 D/OkHttp  (11831): Accept-Encoding: gzip
07-06 00:47:38.112 D/OkHttp  (11831): User-Agent: okhttp/3.6.0
07-06 00:47:38.112 D/OkHttp  (11831): --> END GET
07-06 00:47:38.117 I/MyItemDecoration(11831): getItemOffsets rect=Rect(0, -17 - 0, 0),pos=1
07-06 00:47:38.118 I/MyItemDecoration(11831): getItemOffsets rect=Rect(0, -15 - 0, 0),pos=2
07-06 00:47:38.119 I/FirstLineAdapter(11831): canShowTrailer,isOffline=false
07-06 00:47:38.119 I/FirstLineAdapter(11831): canShowTrailer,isOffline=false
07-06 00:47:38.119 I/FirstLineAdapter(11831): onCreateViewHolder viewtype=3
07-06 00:47:38.119 I/CurrentCarouselView(11831): initView
07-06 00:47:38.125 E/WebcastSDK-(11831): isImageCacheLimitedStat(),  context.getPackageName = com.hisense.hicloud.edca
07-06 00:47:38.125 E/WebcastSDK-(11831): isImageCacheLimitedStat(),  mIsImageLimited = 1
07-06 00:47:38.131 E/WebcastSDK-HiCloudSourcePlugin(11831): init(), Webcast App Token is NULL.
07-06 00:47:38.131 E/WebcastSDK-HiCloudSourcePlugin(11831): getHiCloudService(), Webcast App Token is NULL.
07-06 00:47:38.132 D/WebcastSDK-HiCloudSourcePlugin(11831): getContext(): com.hisense.hicloud.edca.BaseApplication@2adbac5c mWebcastManager: null
07-06 00:47:38.135 E/WebcastSDK-HiCloudSourcePlugin(11831): checkHiCloudFetchCondition(), Webcast App Token is NULL. mToken: null
07-06 00:47:38.135 E/WebcastSDK-HiCloudSourcePlugin(11831): FetchSystemParameterTask(), has no fetch condition, return.
07-06 00:47:38.136 E/WebcastSDK-DataReport(11831): init(), Webcast App Token is NULL.
07-06 00:47:38.136 E/WebcastSDK-DataReport(11831): getHiCloudService(), Webcast App Token is NULL.
07-06 00:47:38.144 I/WebcastSDK-ProgramScheduleDataManager(11831): init(), next time to fetch programSchedules in interval = 1440min.
07-06 00:47:38.145 I/WebcastSDK-HistoryDataManager(11831): HistoryDataManager.init
07-06 00:47:38.158 D/WebcastSDK-WebcastManager(11831): Device license:WASU
07-06 00:47:38.169 I/MiSysSrv( 1214): [37m[INFO] Change to Voltage: 107 mv (0x28)[m
07-06 00:47:38.210 I/DataDBLite(11831): onCreate
07-06 00:47:38.222 E/WebcastSDK-HiCloudImageCacheManager(11831): HiCloudImageCacheManager(), isImageCacheLimitedStat = true
07-06 00:47:38.223 I/WebcastSDK-WebcastManager(11831): addListener(), add ICarouselListener com.hisense.webcastSDK.data.hicloud.HiCloudSourcePlugin$2@34f26948
07-06 00:47:38.223 I/WebcastSDK-WebcastManager(11831): adding listener com.hisense.webcastSDK.data.hicloud.HiCloudSourcePlugin$1@1cfaf3e1
07-06 00:47:38.223 I/WebcastSDK-HiCloudSourcePlugin(11831): addListener(), add INetworkDataListener com.hisense.webcastSDK.data.internal.EPGDataManager$1@e2e9506
07-06 00:47:38.223 I/WebcastSDK-WebcastManager(11831): adding listener com.hisense.webcastSDK.utils.DataReport$1@3e177c7
07-06 00:47:38.223 D/WebcastSDK-WebcastInternalImpl(11831): init all manager.
07-06 00:47:38.232 D/Carousel-Utils(11831): SCREEN_WIDTH:1920,SCREEN_Height:1080,destity:2.0,smallWidth:818,height:460,listItem w:268,h:226,top:38,bottom:38
07-06 00:47:38.265 D/Carousel-CarouselView(11831): setModel,hascCode=1018850026
07-06 00:47:38.267 W/linker  (11831): libChinaNetSecret.so: unused DT entry: type 0x6ffffffe arg 0xbf8
07-06 00:47:38.267 W/linker  (11831): libChinaNetSecret.so: unused DT entry: type 0x6fffffff arg 0x1
07-06 00:47:38.268 I/CurrentCarouselView(11831): security: ChinaNetCenterWskeyForJuHaoKan
07-06 00:47:38.268 I/CurrentCarouselView(11831): BaseApplication.sSignStr=3082023B308201A4A00302010202045051BD19300D06092A864886F70D01010505003062310B30090603550406130238363111300F060355040813085368616E646F6E673110300E0603550407130751696E6764616F311F301D060355040A1316486973656E7365206D65646961206E6574776F726B73310D300B0603550403130448695456301E170D3132303931333131303134355A170D3432303930363131303134355A3062310B30090603550406130238363111300F060355040813085368616E646F6E673110300E0603550407130751696E6764616F311F301D060355040A1316486973656E7365206D65646961206E6574776F726B73310D300B060355040313044869545630819F300D06092A864886F70D010101050003818D0030818902818100841C2D9F5F1E0BBB4DF77826A11FEFFB557C22B07892114637C945272821CF6A4CD023F45FC0B0E825EA8839470BE63B95CD5E4B64FF7ECC8A910DB20DBE2A9E8504EC39E7C0E8E74435F745F47D821124744FBF91A2C70CA85DC07D24C53322D8CC33C9EE542E872E44AF0E9E203328A106B31DC3BEC523600DDDA2204C665D0203010001300D06092A864886F70D0101050500038181003AA40C684E7AB45294882A0766EABD8C4BB7C0DFC4DE9ED13E192ECA9370C6B493257129F8DC248335D86877EAB36FBE9A8867E3F034BFD035CEC363073B558AAA6F42838FE0B1BEC3BC90B3E6FEE5D1D78C5CEC7966696D86FC071ED59063FD8E08DECAC8EBD0FB39443415B6725C00B0BACE4A06EF97D76158BF37D36720BB
07-06 00:47:38.268 I/CurrentCarouselView(11831): serverTime=1499273257000
07-06 00:47:38.269 I/MiSysSrv( 1214): [37m[INFO] Change to Voltage: 102 mv (0x23)[m
07-06 00:47:38.271 E/WebcastSDK-WebcastManager(11831): setToken(), new Token = 72DF6038D2AEAB8A76DFBBBBCC428A4A_000491350913180
07-06 00:47:38.271 I/WebcastSDK-HiCloudSourcePlugin(11831): notifyAppTokenChanged(), token = 72DF6038D2AEAB8A76DFBBBBCC428A4A_000491350913180
07-06 00:47:38.271 V/PackageManager( 1733): getPackageInfo com.hisense.hicloud.edca: Package{3fb3f3a1 com.hisense.hicloud.edca}
07-06 00:47:38.272 I/WebcastSDK-(11831): getAppVersionCode(), versionCode = 652
07-06 00:47:38.273 I/WebcastSDK-DataReport(11831): notifyAppTokenChanged(), token = 72DF6038D2AEAB8A76DFBBBBCC428A4A_000491350913180
07-06 00:47:38.274 V/PackageManager( 1733): getPackageInfo com.hisense.hicloud.edca: Package{3fb3f3a1 com.hisense.hicloud.edca}
07-06 00:47:38.274 I/WebcastSDK-(11831): getAppVersionCode(), versionCode = 652
07-06 00:47:38.275 D/Carousel-(11831): setSignonInfo subscriberId:13287129,customerId:7195320
07-06 00:47:38.277 D/til@system( 2026): til_get_system_param option:1000007 int:-1936523008, bool:0, ret:0
07-06 00:47:38.279 D/til@system( 2026): til_get_system_param option:1000009 int:-1815633792, bool:128, ret:0
07-06 00:47:38.281 D/til@system( 2026): til_get_system_param option:1000008 int:-1936522112, bool:128, ret:0
07-06 00:47:38.281 D/HttpDnsUtils(11831): CEXX-getOperationDetail-productName : LED50MU8600UC
07-06 00:47:38.281 D/HttpDnsUtils(11831): CEXX-getOperationDetail-plmNumber : 88888
07-06 00:47:38.281 D/HttpDnsUtils(11831): CEXX-getOperationDetail-swVersion : V0000.00.01A
07-06 00:47:38.281 D/HttpDnsUtils(11831): CEXX-getOperationDetail-operationDetail : LED50MU8600UC0000888
07-06 00:47:38.284 E/WebcastSDK-WebcastManager(11831): setAppServiceDomainList.
07-06 00:47:38.285 I/FirstLineAdapter(11831): onBindViewHolder 3
07-06 00:47:38.285 V/PackageManager( 1733): getPackageInfo com.hisense.hicloud.edca: Package{3fb3f3a1 com.hisense.hicloud.edca}
07-06 00:47:38.287 D/til@system( 2026): til_get_system_param option:1000007 int:-1815634176, bool:0, ret:0
07-06 00:47:38.289 D/til@system( 2026): til_get_system_param option:1000009 int:-1936522368, bool:128, ret:0
07-06 00:47:38.290 D/til@system( 2026): til_get_system_param option:1000008 int:-1936525184, bool:128, ret:0
07-06 00:47:38.294 D/HttpDnsUtils(11831): CEXX-getOperationDetail-productName : LED50MU8600UC
07-06 00:47:38.294 D/HttpDnsUtils(11831): CEXX-getOperationDetail-plmNumber : 88888
07-06 00:47:38.294 D/HttpDnsUtils(11831): CEXX-getOperationDetail-swVersion : V0000.00.01A
07-06 00:47:38.294 D/HttpDnsUtils(11831): CEXX-getOperationDetail-operationDetail : LED50MU8600UC0000888
07-06 00:47:38.294 I/CurrentCarouselView(11831): setTrailData
07-06 00:47:38.294 I/Util    (11831): memory : total=1912,limit=1024
07-06 00:47:38.295 D/Carousel-CarouselPicVideoListInfo(11831): carouselList: 3
07-06 00:47:38.296 D/Carousel-CarouselView(11831): setData! info=com.hisense.hitv.carouselwidgit.bean.CarouselPicVideoListInfo@2ef01db, hascCode=1018850026
07-06 00:47:38.296 D/Carousel-CarouselView(11831): showInitPoster.
07-06 00:47:38.296 D/Carousel-CarouselDisplayPlayerLayout(11831): isFullScreen:false
07-06 00:47:38.296 D/Carousel-CarouselView(11831): ACTION_CLEAR_POSTER_AND_PLAY isFullScreen:false
07-06 00:47:38.297 D/Carousel-CarouselView(11831): InitPosterUrl:http://picture.edu.hismarttv.com/images/20170629010146422927.jpg
07-06 00:47:38.297 D/Carousel-Utils(11831): displayImage view=android.widget.ImageView{1cb6b478 V.ED.... ......I. 0,0-0,0 #7f0d0029 app:id/imageView1}
07-06 00:47:38.297 D/Carousel-Utils(11831): displayImage url=http://picture.edu.hismarttv.com/images/20170629010146422927.jpg
07-06 00:47:38.298 I/WebcastSDK-(11831): getAppVersionCode(), versionCode = 652
07-06 00:47:38.301 I/CurrentCarouselView(11831): startPlay
07-06 00:47:38.301 I/CurrentCarouselView(11831): CurrentCarouselView.sHasShopDialog=false
07-06 00:47:38.302 I/CurrentCarouselView(11831): onAttachedToWindow
07-06 00:47:38.306 D/Carousel-CarouselView(11831): onAttachedToWindow.
07-06 00:47:38.306 I/MyItemDecoration(11831): getItemOffsets rect=Rect(-32, -16 - 0, 0),pos=3
07-06 00:47:38.319 D/HttpHandler(11831): VerifySignInterCeptor-->request.url()=http://picture.edu.hismarttv.com/images/20170629010146422927.jpg
07-06 00:47:38.319 D/HttpHandler(11831): VerifySignInterCeptor-->hostname=picture.edu.hismarttv.com
07-06 00:47:38.329 D/Carousel-CarouselChannelItemView(11831): Listitem imageUrl:http://picture.edu.hismarttv.com/images/20170628102959016598.jpg
07-06 00:47:38.330 D/HttpHandler(11831): VerifySignInterCeptor-->request.url()=http://picture.edu.hismarttv.com/images/20170628102959016598.jpg
07-06 00:47:38.330 D/HttpHandler(11831): VerifySignInterCeptor-->hostname=picture.edu.hismarttv.com
07-06 00:47:38.331 D/Carousel-CarouselChannelItemView(11831): Listitem imageUrl:http://picture.edu.hismarttv.com/images/20170628103002814396.jpg
07-06 00:47:38.331 D/HttpHandler(11831): RetryIntercepter-->retryNum=0
07-06 00:47:38.331 D/HttpHandler(11831): RetryIntercepter-->backoffmutiplier=0
07-06 00:47:38.320 D/OkHttp  (11831): --> GET http://picture.edu.hismarttv.com/images/20170629010146422927.jpg http/1.1
07-06 00:47:38.332 D/OkHttp  (11831): Host: picture.edu.hismarttv.com
07-06 00:47:38.332 D/OkHttp  (11831): Connection: Keep-Alive
07-06 00:47:38.332 D/OkHttp  (11831): Accept-Encoding: gzip
07-06 00:47:38.332 D/OkHttp  (11831): User-Agent: okhttp/3.6.0
07-06 00:47:38.332 D/OkHttp  (11831): --> END GET
07-06 00:47:38.333 D/HttpHandler(11831): VerifySignInterCeptor-->request.url()=http://picture.edu.hismarttv.com/images/20170628103002814396.jpg
07-06 00:47:38.333 D/HttpHandler(11831): VerifySignInterCeptor-->hostname=picture.edu.hismarttv.com
07-06 00:47:38.333 D/Carousel-CarouselChannelItemView(11831): Listitem imageUrl:http://picture.edu.hismarttv.com/images/20170628103009181182.jpg
07-06 00:47:38.334 D/HttpHandler(11831): RetryIntercepter-->retryNum=0
07-06 00:47:38.334 D/HttpHandler(11831): RetryIntercepter-->backoffmutiplier=0
07-06 00:47:38.335 D/Carousel-CarouselChannelItemView(11831): Listitem imageUrl:http://picture.edu.hismarttv.com/images/20170628102959016598.jpg
07-06 00:47:38.336 D/HttpHandler(11831): VerifySignInterCeptor-->request.url()=http://picture.edu.hismarttv.com/images/20170628103009181182.jpg
07-06 00:47:38.336 D/HttpHandler(11831): VerifySignInterCeptor-->hostname=picture.edu.hismarttv.com
07-06 00:47:38.338 D/OkHttp  (11831): --> GET http://picture.edu.hismarttv.com/images/20170628103009181182.jpg http/1.1
07-06 00:47:38.338 D/OkHttp  (11831): Host: picture.edu.hismarttv.com
07-06 00:47:38.338 D/OkHttp  (11831): Connection: Keep-Alive
07-06 00:47:38.338 D/OkHttp  (11831): Accept-Encoding: gzip
07-06 00:47:38.338 D/OkHttp  (11831): User-Agent: okhttp/3.6.0
07-06 00:47:38.338 D/OkHttp  (11831): --> END GET
07-06 00:47:38.338 D/Carousel-CarouselChannelItemView(11831): Listitem imageUrl:http://picture.edu.hismarttv.com/images/20170628103002814396.jpg
07-06 00:47:38.340 D/Carousel-CarouselChannelItemView(11831): Listitem imageUrl:http://picture.edu.hismarttv.com/images/20170628103009181182.jpg
07-06 00:47:38.342 D/Carousel-CarouselChannelItemView(11831): Listitem imageUrl:http://picture.edu.hismarttv.com/images/20170628103002814396.jpg
07-06 00:47:38.342 D/OkHttp  (11831): <-- HTTP FAILED: java.io.InterruptedIOException: thread interrupted
07-06 00:47:38.342 D/HttpHandler(11831): RetryIntercepter-->retryNum=0
07-06 00:47:38.342 D/HttpHandler(11831): RetryIntercepter-->backoffmutiplier=0
07-06 00:47:38.346 D/Carousel-CarouselChannelItemView(11831): Listitem imageUrl:http://picture.edu.hismarttv.com/images/20170628102959016598.jpg
07-06 00:47:38.350 D/Carousel-CarouselChannelItemView(11831): Listitem imageUrl:http://picture.edu.hismarttv.com/images/20170628103009181182.jpg
07-06 00:47:38.352 I/FirstLineAdapter(11831): canShowTrailer,isOffline=false
07-06 00:47:38.352 I/FirstLineAdapter(11831): onCreateViewHolder viewtype=4
07-06 00:47:38.359 D/HttpHandler(11831): VerifySignInterCeptor-->request.url()=http://picture.edu.hismarttv.com/images/20170628103002814396.jpg
07-06 00:47:38.359 D/HttpHandler(11831): VerifySignInterCeptor-->hostname=picture.edu.hismarttv.com
07-06 00:47:38.359 D/HttpHandler(11831): HttpDNS-->hostname=picture.edu.hismarttv.com
07-06 00:47:38.360 D/HttpHandler(11831): RAMCache-->hostInfo.getClientTimeStamp()=22099087
07-06 00:47:38.360 D/HttpHandler(11831): RAMCache-->hostInfo.getTtl()=300
07-06 00:47:38.360 D/HttpHandler(11831): RAMCache-->SystemClock.elapsedRealtime()=22099932
07-06 00:47:38.362 D/HttpHandler(11831): VerifySignInterCeptor-->request.url()=http://picture.edu.hismarttv.com/images/20170628102959016598.jpg
07-06 00:47:38.362 D/HttpHandler(11831): VerifySignInterCeptor-->hostname=picture.edu.hismarttv.com
07-06 00:47:38.363 D/HttpHandler(11831): HttpDNS-->hostname=picture.edu.hismarttv.com
07-06 00:47:38.364 D/HttpHandler(11831): RAMCache-->hostInfo.getClientTimeStamp()=22099087
07-06 00:47:38.364 D/HttpHandler(11831): RAMCache-->hostInfo.getTtl()=300
07-06 00:47:38.364 D/HttpHandler(11831): RAMCache-->SystemClock.elapsedRealtime()=22099936
07-06 00:47:38.369 I/MiSysSrv( 1214): [37m[INFO] Change to Voltage: 117 mv (0x32)[m
07-06 00:47:38.376 I/FirstLineAdapter(11831): onBindViewHolder 4
07-06 00:47:38.376 I/FirstLineAdapter(11831): canShowTrailer,isOffline=false
07-06 00:47:38.376 I/FirstLineAdapter(11831): canShowTrailer modify
07-06 00:47:38.376 I/FirstLineAdapter(11831): setMasterData4
07-06 00:47:38.376 I/FirstLineAdapter(11831): set current pos = 0
07-06 00:47:38.376 D/sloven  (11831): 1002---true
07-06 00:47:38.376 I/FirstLineAdapter(11831): canShowTrailer,isOffline=false
07-06 00:47:38.380 I/NetflixMonitorService( 1733): current fgapk : com.hisense.hicloud.edca
07-06 00:47:38.380 I/NetflixMonitorService( 1733): Netflix status unchanged
07-06 00:47:38.381 I/FirstLineAdapter(11831): canShowTrailer,isOffline=false
07-06 00:47:38.381 D/HttpHandler(11831): DNSHelper-->gslbDns=["36.33.158.222","218.58.206.58","123.128.14.209","153.35.175.121","220.202.77.124","153.35.175.120","125.46.22.134"]
07-06 00:47:38.381 I/FirstLineAdapter(11831): onCreateViewHolder viewtype=4
07-06 00:47:38.383 D/HttpHandler(11831): DNSHelper-->gslbDns=["36.33.158.222","218.58.206.58","123.128.14.209","153.35.175.121","220.202.77.124","153.35.175.120","125.46.22.134"]
07-06 00:47:38.386 I/FirstLineAdapter(11831): onBindViewHolder 5
07-06 00:47:38.386 I/FirstLineAdapter(11831): canShowTrailer,isOffline=false
07-06 00:47:38.386 I/FirstLineAdapter(11831): canShowTrailer modify
07-06 00:47:38.386 I/FirstLineAdapter(11831): setMasterData5
07-06 00:47:38.386 I/FirstLineAdapter(11831): set current pos = 1
07-06 00:47:38.386 D/sloven  (11831): 2005---false
07-06 00:47:38.386 D/sloven  (11831): 2005
07-06 00:47:38.393 V/PackageManager( 1733): getPackageInfo com.hisense.hicloud.edca: Package{3fb3f3a1 com.hisense.hicloud.edca}
07-06 00:47:38.397 I/FirstLineAdapter(11831): canShowTrailer,isOffline=false
07-06 00:47:38.400 I/MyItemDecoration(11831): getItemOffsets rect=Rect(-32, 0 - 0, 0),pos=4
07-06 00:47:38.403 I/MyItemDecoration(11831): getItemOffsets rect=Rect(-32, -5 - 0, 0),pos=5
07-06 00:47:38.404 D/Carousel-CarouselView(11831): smoothScroll.
07-06 00:47:38.405 D/Carousel-CarouselDisplayPlayerLayout(11831): isFullScreen:false
07-06 00:47:38.405 D/Carousel-CarouselView(11831): smoothScroll isOtherInstance return.
07-06 00:47:38.405 I/ContentBridgeAdapterListener(11831): onAddPresenter 2
07-06 00:47:38.416 D/OkHttp  (11831): --> GET http://picture.edu.hismarttv.com/images/20170628103002814396.jpg http/1.1
07-06 00:47:38.416 D/OkHttp  (11831): Host: picture.edu.hismarttv.com
07-06 00:47:38.416 D/OkHttp  (11831): Connection: Keep-Alive
07-06 00:47:38.417 D/OkHttp  (11831): Accept-Encoding: gzip
07-06 00:47:38.417 D/OkHttp  (11831): User-Agent: okhttp/3.6.0
07-06 00:47:38.417 D/OkHttp  (11831): --> END GET
07-06 00:47:38.429 I/ContentBridgeAdapterListener(11831): onCreate ViewHolder{ae7e505 position=-1 id=-1, oldPos=-1, pLpos:-1 unbound no parent}
07-06 00:47:38.429 I/BaseContentFragment(11831): setUpSharedViewPoolViewHolder{ae7e505 position=-1 id=-1, oldPos=-1, pLpos:-1 unbound no parent}
07-06 00:47:38.429 I/BaseContentFragment(11831): create view pool
07-06 00:47:38.429 I/BaseContentFragment(11831): setRowViewSelectedViewHolder{ae7e505 position=-1 id=-1, oldPos=-1, pLpos:-1 unbound no parent},isSelectedfalse
07-06 00:47:38.429 I/head    (11831): item=com.hisense.leanback.widget.ListRow@3362395a
07-06 00:47:38.429 I/ContentBridgeAdapterListener(11831): onBind 
07-06 00:47:38.430 I/ContentBridgeAdapterListener(11831): onAttachedToWindow ViewHolder{ae7e505 position=2 id=-1, oldPos=-1, pLpos:-1}
07-06 00:47:38.432 D/OkHttp  (11831): --> GET http://picture.edu.hismarttv.com/images/20170628102959016598.jpg http/1.1
07-06 00:47:38.432 D/OkHttp  (11831): Host: picture.edu.hismarttv.com
07-06 00:47:38.432 D/OkHttp  (11831): Connection: Keep-Alive
07-06 00:47:38.432 D/OkHttp  (11831): Accept-Encoding: gzip
07-06 00:47:38.432 D/OkHttp  (11831): User-Agent: okhttp/3.6.0
07-06 00:47:38.432 D/OkHttp  (11831): --> END GET
07-06 00:47:38.434 I/CardSelectionPresenter(11831): onCreateViewHoldercom.hisense.leanback.widget.HorizontalGridView{3c99c068 VFE..... ......I. 0,0-0,0 #7f0d038e app:id/row_content}
07-06 00:47:38.443 I/CardSelectionPresenter(11831): onBindViewHolder
07-06 00:47:38.444 D/sloven  (11831): 1002---false
07-06 00:47:38.445 I/TVMW@devctrl( 1234): wdt
07-06 00:47:38.449 I/CardSelectionPresenter(11831): width=400,height=220
07-06 00:47:38.457 D/OkHttp  (11831): <-- 200 OK http://picture.edu.hismarttv.com/images/20170628103002814396.jpg (40ms)
07-06 00:47:38.457 D/OkHttp  (11831): Date: Wed, 05 Jul 2017 14:24:56 GMT
07-06 00:47:38.457 D/OkHttp  (11831): Server: nginx
07-06 00:47:38.457 D/OkHttp  (11831): Content-Type: image/jpeg
07-06 00:47:38.457 D/OkHttp  (11831): Content-Length: 54264
07-06 00:47:38.457 D/OkHttp  (11831): Last-Modified: Wed, 28 Jun 2017 10:30:02 GMT
07-06 00:47:38.457 D/OkHttp  (11831): ETag: "5953852a-d3f8"
07-06 00:47:38.457 D/OkHttp  (11831): Accept-Ranges: bytes
07-06 00:47:38.457 D/OkHttp  (11831): Age: 8562
07-06 00:47:38.457 D/OkHttp  (11831): Via: 1.1 chzhwt171:8 (Cdn Cache Server V2.0)[0 200 0], 1.1 PSahmaswt2vv209:0 (Cdn Cache Server V2.0)[0 200 0]
07-06 00:47:38.457 D/OkHttp  (11831): Connection: keep-alive
07-06 00:47:38.457 D/OkHttp  (11831): <-- END HTTP
07-06 00:47:38.466 D/HttpHandler(11831): RetryIntercepter-->retryNum=0
07-06 00:47:38.466 D/hailongqiu(11831): hailongqiu position:0
07-06 00:47:38.466 D/HttpHandler(11831): RetryIntercepter-->backoffmutiplier=0
07-06 00:47:38.469 I/CardSelectionPresenter(11831): onCreateViewHoldercom.hisense.leanback.widget.HorizontalGridView{3c99c068 VFE..... ......ID 0,0-1738,279 #7f0d038e app:id/row_content}
07-06 00:47:38.477 I/CardSelectionPresenter(11831): onBindViewHolder
07-06 00:47:38.477 D/sloven  (11831): 1002---false
07-06 00:47:38.478 I/CardSelectionPresenter(11831): width=400,height=220
07-06 00:47:38.483 I/CardSelectionPresenter(11831): onCreateViewHoldercom.hisense.leanback.widget.HorizontalGridView{3c99c068 VFE..... ......ID 0,0-1738,279 #7f0d038e app:id/row_content}
07-06 00:47:38.492 I/CardSelectionPresenter(11831): onBindViewHolder
07-06 00:47:38.492 D/sloven  (11831): 1002---false
07-06 00:47:38.493 I/CardSelectionPresenter(11831): width=400,height=220
07-06 00:47:38.496 I/CardSelectionPresenter(11831): onCreateViewHoldercom.hisense.leanback.widget.HorizontalGridView{3c99c068 VFE..... ......ID 0,0-1738,279 #7f0d038e app:id/row_content}
07-06 00:47:38.503 I/CardSelectionPresenter(11831): onBindViewHolder
07-06 00:47:38.503 D/sloven  (11831): 1002---false
07-06 00:47:38.503 I/CardSelectionPresenter(11831): width=400,height=220
07-06 00:47:38.508 D/OkHttp  (11831): <-- 200 OK http://picture.edu.hismarttv.com/images/20170628102959016598.jpg (76ms)
07-06 00:47:38.509 D/OkHttp  (11831): Date: Wed, 05 Jul 2017 14:31:56 GMT
07-06 00:47:38.509 D/OkHttp  (11831): Server: nginx
07-06 00:47:38.509 D/OkHttp  (11831): Content-Type: image/jpeg
07-06 00:47:38.509 D/OkHttp  (11831): Content-Length: 40292
07-06 00:47:38.509 D/OkHttp  (11831): Last-Modified: Wed, 28 Jun 2017 10:29:59 GMT
07-06 00:47:38.509 D/OkHttp  (11831): ETag: "59538527-9d64"
07-06 00:47:38.509 D/OkHttp  (11831): Accept-Ranges: bytes
07-06 00:47:38.509 D/OkHttp  (11831): Age: 8142
07-06 00:47:38.509 D/OkHttp  (11831): Via: 1.1 chzhwt171:6 (Cdn Cache Server V2.0)[0 200 0], 1.1 PSahmaswt2ak213:8 (Cdn Cache Server V2.0)[0 200 0]
07-06 00:47:38.509 D/OkHttp  (11831): Connection: keep-alive
07-06 00:47:38.509 D/OkHttp  (11831): <-- END HTTP
07-06 00:47:38.519 E/RecyclerView(11831): No adapter attached; skipping layout
07-06 00:47:38.519 E/RecyclerView(11831): No adapter attached; skipping layout
07-06 00:47:38.519 D/Carousel-CarouselView(11831): ============>onScrollChanged hashCode:1018850026
07-06 00:47:38.538 I/TVMW@HsTvSetting( 1234): Trace cmd, data = 0x1058
07-06 00:47:38.538 D/til@system( 2026): til_get_system_param option:100002F int:0, bool:0, ret:0
07-06 00:47:38.539 I/TVMW@HsTvSetting( 1234): Trace cmd, data = 0x101f
07-06 00:47:38.539 D/til@system( 2026): til_get_system_param option:100001D int:3, bool:3, ret:0
07-06 00:47:38.539 E/til     ( 2026): [til_get_current_input_source, 101] 
07-06 00:47:38.539 I/TVMW@HsTvSetting( 1234): Trace cmd, data = 0x7007
07-06 00:47:38.539 I/tilwrapper@sm( 2026): HS2TIL_SourceType *hs=0xd, *til=0x900
07-06 00:47:38.539 D/til     ( 2026): get current source 2304
07-06 00:47:38.539 D/SourceRemoteServiceHandler( 2026): getCurrentInputSource.from.til.result is 0, value is 2304
07-06 00:47:38.539 D/SourceRemoteServiceHandler( 2026): getInputSourceType source: 0x900, type=2304
07-06 00:47:38.539 D/til     ( 2026): ###### func:til_get_picture_param option:0x3000006 ######  
07-06 00:47:38.539 I/TVMW@HsTvSetting( 1234): Trace cmd, data = 0x1003
07-06 00:47:38.540 I/TVMW@HsTvSetting( 1234): Trace cmd, data = 0x8032
07-06 00:47:38.540 I/hstvos  ( 1216): [0m[1;33m[HSHAL][HS_VIDEO][HS_HAL_Video_SetOsdDetect_v2][2389]u16Threshold = 20
07-06 00:47:38.540 I/MiSysSrv( 1214): Not support now! 42, change to mm_video!!!
07-06 00:47:38.540 E/TVMW@videoctrl( 1234):  getOsd is 1
07-06 00:47:38.541 D/til@system( 2026): til_get_system_param option:1000027 int:1, bool:1, ret:0
07-06 00:47:38.541 D/til     ( 2026): ###### func:til_get_picture_param option:0x3000045 ######  
07-06 00:47:38.541 I/TVMW@HsTvSetting( 1234): Trace cmd, data = 0x300c
07-06 00:47:38.541 I/TVMW@HsTvSetting( 1234): Trace 3d, data = 0x300c
07-06 00:47:38.541 I/TVMW@3d ( 1234): Hs_debug3d_trace: func:get3dStatus, line:109
07-06 00:47:38.552 I/MyFragmentStateAdapter(11831): getCount
07-06 00:47:38.556 D/HttpHandler(11831): RetryIntercepter-->retryNum=0
07-06 00:47:38.556 D/HttpHandler(11831): RetryIntercepter-->backoffmutiplier=0
07-06 00:47:38.568 D/gralloc ( 1204): allocate buffer from ION HEAP 0x1
07-06 00:47:38.568 D/gralloc ( 1204): allocate memory from system heap
07-06 00:47:38.650 I/CheckUpdateReceiver(11831): latest version == null
07-06 00:47:38.660 D/SUSLog  (11831): CheckAppUpdateService>>onDestroy
07-06 00:47:38.661 D/TabView (11831): SLOVEN top===>:266
07-06 00:47:38.661 D/TabFocusBorderView(11831): SLOVEN runTranslateAnimation
07-06 00:47:38.661 D/TabFocusBorderView(11831): SLOVEN runTranslateAnimation
07-06 00:47:38.661 D/TabFocusBorderView(11831): SLOVEN moveFocusView
07-06 00:47:38.671 D/TabFocusBorderView(11831): SLOVEN onAnimationStart
07-06 00:47:38.678 D/CommonHeader(11831): app logo isRotate: true
07-06 00:47:38.680 D/HomeMainActivity(11831): local vipDialogStr id list is : 
07-06 00:47:38.680 I/HomeMainActivity(11831): mBeginHttpTime : 22100252
07-06 00:47:38.680 V/HttpDnsUtils(11831): getUserType(): --url = http://api.edu.hismarttv.com/payment/api/query/user_type/dialog_info
07-06 00:47:38.681 I/HttpBuilder(11831): addUrlPublicParams mUrl ==>http://api.edu.hismarttv.com/payment/api/query/user_type/dialog_info?orderType=0
07-06 00:47:38.690 D/til@system( 2026): til_get_system_param option:1000007 int:-1815632896, bool:0, ret:0
07-06 00:47:38.691 D/til@system( 2026): til_get_system_param option:1000009 int:-1936523008, bool:0, ret:0
07-06 00:47:38.692 D/til@system( 2026): til_get_system_param option:1000008 int:-1815633792, bool:128, ret:0
07-06 00:47:38.692 D/HttpBuilder(11831): getOperationDetail-productName : LED50MU8600UC
07-06 00:47:38.692 D/HttpBuilder(11831): getOperationDetail-plmNumber : 88888
07-06 00:47:38.692 D/HttpBuilder(11831): getOperationDetail-swVersion : V0000.00.01A
07-06 00:47:38.692 D/HttpBuilder(11831): getOperationDetail-operationDetail : LED50MU8600UC0000888
07-06 00:47:38.725 I/HttpBuilder(11831): addUrlPublicParams mUrl ==>http://api.edu.hismarttv.com/payment/api/query/user_type/dialog_info?orderType=0&uuid=13287129&mac=a8:a6:48:18:fc:a8&devid=86100300900000500000060a4818fca8&version=00.002.003&subscriberId=13287129&customerId=7195320&model_id=0&APPPackage=com.hisense.hicloud.edca&PFAPPCode=652&APPVersionName=3.0.0.9.00&ChannelId=0&softwareVersion=LED50MU8600UC0000888&tv_distribute_id=00&devType=0&APIVersion=600&accessToken=72DF6038D2AEAB8A76DFBBBBCC428A4A_000491350913180
07-06 00:47:38.733 D/HttpHandler(11831): VerifySignInterCeptor-->request.url()=http://api.edu.hismarttv.com/payment/api/query/user_type/dialog_info?orderType=0&uuid=13287129&mac=a8:a6:48:18:fc:a8&devid=86100300900000500000060a4818fca8&version=00.002.003&subscriberId=13287129&customerId=7195320&model_id=0&APPPackage=com.hisense.hicloud.edca&PFAPPCode=652&APPVersionName=3.0.0.9.00&ChannelId=0&softwareVersion=LED50MU8600UC0000888&tv_distribute_id=00&devType=0&APIVersion=600&accessToken=72DF6038D2AEAB8A76DFBBBBCC428A4A_000491350913180
07-06 00:47:38.733 D/HttpHandler(11831): VerifySignInterCeptor-->hostname=api.edu.hismarttv.com
07-06 00:47:38.734 D/HttpHandler(11831): HttpDNS-->hostname=api.edu.hismarttv.com
07-06 00:47:38.735 D/HttpHandler(11831): RAMCache-->hostInfo.getClientTimeStamp()=22095817
07-06 00:47:38.735 D/HttpHandler(11831): RAMCache-->hostInfo.getTtl()=3600
07-06 00:47:38.735 D/HttpHandler(11831): RAMCache-->SystemClock.elapsedRealtime()=22100306
07-06 00:47:38.738 D/HttpHandler(11831): DNSHelper-->gslbDns=["123.103.91.123"]
07-06 00:47:38.762 D/HiNetworkImpl(11831): doHttp_Asyn(): onReqResponse isSuccessful = true, back from thread: main
07-06 00:47:38.762 I/FirstLineAdapter(11831): canShowTrailer,isOffline=false
07-06 00:47:38.764 D/OkHttp  (11831): --> GET http://api.edu.hismarttv.com/payment/api/query/user_type/dialog_info?orderType=0&uuid=13287129&mac=a8:a6:48:18:fc:a8&devid=86100300900000500000060a4818fca8&version=00.002.003&subscriberId=13287129&customerId=7195320&model_id=0&APPPackage=com.hisense.hicloud.edca&PFAPPCode=652&APPVersionName=3.0.0.9.00&ChannelId=0&softwareVersion=LED50MU8600UC0000888&tv_distribute_id=00&devType=0&APIVersion=600&accessToken=72DF6038D2AEAB8A76DFBBBBCC428A4A_000491350913180 http/1.1
07-06 00:47:38.764 D/OkHttp  (11831): Data_Type: JSON
07-06 00:47:38.764 D/OkHttp  (11831): RetryTime: 0
07-06 00:47:38.764 D/OkHttp  (11831): Backoffmutiplier: 0
07-06 00:47:38.764 D/OkHttp  (11831): Host: api.edu.hismarttv.com
07-06 00:47:38.764 D/OkHttp  (11831): Connection: Keep-Alive
07-06 00:47:38.764 D/OkHttp  (11831): Accept-Encoding: gzip
07-06 00:47:38.764 D/OkHttp  (11831): User-Agent: okhttp/3.6.0
07-06 00:47:38.764 D/OkHttp  (11831): --> END GET
07-06 00:47:38.797 D/OkHttp  (11831): <-- 200 OK http://api.edu.hismarttv.com/payment/api/query/user_type/dialog_info?orderType=0&uuid=13287129&mac=a8:a6:48:18:fc:a8&devid=86100300900000500000060a4818fca8&version=00.002.003&subscriberId=13287129&customerId=7195320&model_id=0&APPPackage=com.hisense.hicloud.edca&PFAPPCode=652&APPVersionName=3.0.0.9.00&ChannelId=0&softwareVersion=LED50MU8600UC0000888&tv_distribute_id=00&devType=0&APIVersion=600&accessToken=72DF6038D2AEAB8A76DFBBBBCC428A4A_000491350913180 (32ms)
07-06 00:47:38.797 D/OkHttp  (11831): Server: nginx
07-06 00:47:38.797 D/OkHttp  (11831): Date: Wed, 05 Jul 2017 16:47:38 GMT
07-06 00:47:38.797 D/OkHttp  (11831): Content-Type: application/json
07-06 00:47:38.797 D/OkHttp  (11831): Content-Length: 221
07-06 00:47:38.797 D/OkHttp  (11831): Connection: close
07-06 00:47:38.797 D/OkHttp  (11831): <-- END HTTP
07-06 00:47:38.798 D/HttpHandler(11831): RetryIntercepter-->retryNum=0
07-06 00:47:38.798 D/HttpHandler(11831): RetryIntercepter-->backoffmutiplier=0
07-06 00:47:38.800 D/HttpHandler(11831): VerifySignInterCeptor-->dateType=1
07-06 00:47:38.800 D/HttpHandler(11831): VerifySignInterCeptor-->HttpRequestManager.httpClietOption.getVerifyFlag()=1
07-06 00:47:38.801 D/HttpHandler(11831): VerifySignInterCeptor-->content={"memberType": 2, "isActivity": 0}
07-06 00:47:38.809 D/HttpHandler(11831): VerifySignInterCeptor-->request.url()=http://picture.edu.hismarttv.com/images/20170628103009181182.jpg
07-06 00:47:38.811 I/HiNetworkImpl(11831): doHttp_Asyn(): onSuccess clazz = class com.hisense.tvui.newhome.bean.SelectionBean, back from thread: main
07-06 00:47:38.811 I/HomeDataPresenter(11831): getRecommandData() onSuccess: RoleContentFragment645677202
07-06 00:47:38.811 I/RoleContentFragment(11831): recommandlist={10003=0, 10002=8}
07-06 00:47:38.811 I/RoleContentFragment(11831): lineIndex=0,id=10002,pos=8
07-06 00:47:38.812 I/RoleContentFragment(11831): ,addItemSize=25
07-06 00:47:38.816 I/RoleContentFragment(11831): origin pos=8
07-06 00:47:38.816 I/RoleContentFragment(11831): offset pos=2
07-06 00:47:38.816 I/RoleContentFragment(11831): array size=11
07-06 00:47:38.817 I/RoleContentFragment(11831): lineIndex=1,id=10003,pos=0
07-06 00:47:38.817 I/RoleContentFragment(11831): ,addItemSize=24
07-06 00:47:38.817 I/RoleContentFragment(11831): origin pos=0
07-06 00:47:38.817 I/RoleContentFragment(11831): offset pos=2
07-06 00:47:38.817 I/RoleContentFragment(11831): array size=11
07-06 00:47:38.818 D/HttpHandler(11831): VerifySignInterCeptor-->hostname=picture.edu.hismarttv.com
07-06 00:47:38.819 D/OkHttp  (11831): --> GET http://picture.edu.hismarttv.com/images/20170628103009181182.jpg http/1.1
07-06 00:47:38.819 D/OkHttp  (11831): Host: picture.edu.hismarttv.com
07-06 00:47:38.820 D/OkHttp  (11831): Connection: Keep-Alive
07-06 00:47:38.820 D/OkHttp  (11831): Accept-Encoding: gzip
07-06 00:47:38.820 D/OkHttp  (11831): User-Agent: okhttp/3.6.0
07-06 00:47:38.820 D/OkHttp  (11831): --> END GET
07-06 00:47:38.832 E/WebcastSDK-WebcastManager(11831): finally setAppServiceDomainList.
07-06 00:47:38.841 D/Carousel-MyListView(11831): onItemSelected position:1
07-06 00:47:38.841 D/Carousel-CarouselListView(11831): onItemSelected position:1,type:3
07-06 00:47:38.861 I/MyFragmentStateAdapter(11831): getCount
07-06 00:47:38.900 I/FirstLineAdapter(11831): canShowTrailer,isOffline=false
07-06 00:47:38.915 D/DLNAService( 4735): sync DLNA devices
07-06 00:47:38.915 D/MediaBrowser( 4735): updateMediaSources type=2
07-06 00:47:38.916 D/MediaSourceManager( 4735): updateMediaSources type=2
07-06 00:47:38.919 D/OsdMonitorService( 1733): mCurrentWindow = com.hisense.hicloud.edca/com.hisense.tvui.newhome.HomeMainActivity; newWindow = com.hisense.hicloud.edca/com.hisense.tvui.newhome.HomeMainActivity; isSubWindow = false; isInWinList = false; isExitNow = false
07-06 00:47:38.919 D/OsdMonitorService( 1733): windowNotOsd() : name = com.hisense.hicloud.edca/com.hisense.tvui.newhome.HomeMainActivity
