07-05 21:36:48.658 I/MyFragmentStateAdapter( 2571): getCount
07-05 21:36:48.658 I/MyFragmentStateAdapter( 2571): getCount
07-05 21:36:48.658 I/MyFragmentStateAdapter( 2571): getCount
07-05 21:36:48.658 I/MyFragmentStateAdapter( 2571): getCount
07-05 21:36:48.660 E/hwcomposer( 1204): Overlay 0 size changeed src {1920 1080} -> {1920, 1080} crop{0.000000 0.000000 1920.000000 1080.000000}->{0.000000 0.000000 1920.000000 1080.000000} dst{419 205 1235 665}->{418 205 1234 665}
07-05 21:36:48.661 D/Surface ( 1733): onStatusChange() : mNativeObject = 547819076096 mUseImageHwRender = false
07-05 21:36:48.661 V/Surface ( 1733): nativeSetHardwareRender() : status = 0
07-05 21:36:48.661 V/Surface ( 1733): nativeSetHardwareRender() : end
07-05 21:36:48.663 D/PowerManagerService( 1733): acquireWakeLockInternal: lock=487931605, flags=0x2000000a, tag="WindowManager", ws=WorkSource{10010}, uid=1000, pid=1733
07-05 21:36:48.663 D/PowerManagerNotifier( 1733): onWakeLockAcquired: flags=536870922, tag="WindowManager", packageName=android, ownerUid=1000, ownerPid=1733, workSource=WorkSource{10010}
07-05 21:36:48.663 D/PowerManagerService( 1733): setScreenBrightnessOverrideFromWindowManagerInternal done
07-05 21:36:48.666 D/Surface ( 1733): onStatusChange() : mNativeObject = 0 mUseImageHwRender = false
07-05 21:36:48.670 I/FirstLineAdapter( 2571): canShowTrailer,isOffline=false
07-05 21:36:48.671 I/FirstLineAdapter( 2571): canShowTrailer,isOffline=false
07-05 21:36:48.673 I/FirstLineAdapter( 2571): canShowTrailer,isOffline=false
07-05 21:36:48.673 I/FirstLineAdapter( 2571): canShowTrailer,isOffline=false
07-05 21:36:48.673 I/FirstLineAdapter( 2571): canShowTrailer,isOffline=false
07-05 21:36:48.674 I/FirstLineAdapter( 2571): canShowTrailer,isOffline=false
07-05 21:36:48.674 I/FirstLineAdapter( 2571): canShowTrailer,isOffline=false
07-05 21:36:48.674 I/FirstLineAdapter( 2571): canShowTrailer,isOffline=false
07-05 21:36:48.674 I/FirstLineAdapter( 2571): canShowTrailer,isOffline=false
07-05 21:36:48.678 I/MyFragmentStateAdapter( 2571): getCount
07-05 21:36:48.689 I/NetflixMonitorService( 1733): current fgapk : com.hisense.hicloud.edca
07-05 21:36:48.689 I/NetflixMonitorService( 1733): Netflix status unchanged
07-05 21:36:48.691 D/hwcomposer( 1204): Overlay [0] do size change!
07-05 21:36:48.692 D/vsyncbridge( 1204): [0] handle_thread thread got msg 0x2, mState = 3
07-05 21:36:48.692 D/vsyncbridge( 1204): Overlay 0 Resize, mState = 0x3, 0, disp[418 205 816 460] osd[1920 1080]
07-05 21:36:48.692 D/vsyncbridge( 1204): [update_ds_table,  594] DispW:1632 DispH:920 
07-05 21:36:48.692 D/vsyncbridge( 1204): [update_ds_table,  598] Cap.x:1105 Cap.y:30 CapW:1920 CapH:1080 
07-05 21:36:48.692 D/vsyncbridge( 1204): [update_ds_table,  599] enInputSourceType:34 
07-05 21:36:48.692 D/vsyncbridge( 1204): [update_ds_table,  601] u16InputVTotal:2205  u16InputVFreq:240 
07-05 21:36:48.692 D/vsyncbridge( 1204): [update_ds_table,  603] bInterlace:0  u16DefaultHtotal:0 
07-05 21:36:48.692 D/vsyncbridge( 1204): [update_ds_table,  606] bPreHCusScaling:1  bPreVCusScaling:1 
07-05 21:36:48.692 D/vsyncbridge( 1204): [update_ds_table,  608] u16PreHCusScalingSrc:1920  u16PreHCusScalingDst:1920 
07-05 21:36:48.692 D/vsyncbridge( 1204): [update_ds_table,  610] u16PreVCusScalingSrc:1080  u16PreVCusScalingSrc:1080 
07-05 21:36:48.692 D/vsyncbridge( 1204): [update_ds_table,  613] bHCusScaling:0  bVCusScaling:0 
07-05 21:36:48.692 D/vsyncbridge( 1204): [update_ds_table,  615] u16HCusScalingSrc:1920  u16HCusScalingDst:1632 
07-05 21:36:48.692 D/vsyncbridge( 1204): [update_ds_table,  617] u16VCusScalingSrc:1080  u16VCusScalingDst:920 
07-05 21:36:48.692 D/vsyncbridge( 1204): vsync_bridge_CalAspectRatio type = 0
07-05 21:36:48.692 D/vsyncbridge( 1204): panel [3840 2160] osd [1920 1080] ratio [2.000000 2.000000]
07-05 21:36:48.692 D/vsyncbridge( 1204): apply ratio, x=836, y=410, width=1632, height=920
07-05 21:36:48.692 D/vsyncbridge( 1204): disp_old[836 410 2468 1330], disp_new[836 410 2468 1330], crop[0 0 1920 1080]
07-05 21:36:48.693 D/vsyncbridge( 1204): [update_ds_table,  798] SW DS !!! 
07-05 21:36:48.693 D/vsyncbridge( 1204): [update_ds_table,  800] stXC_SetWin_Info.stCapWin.width1920  stXC_SetWin_Info.stCapWin.height:1080
07-05 21:36:48.693 D/vsyncbridge( 1204): [update_ds_table,  802] stXC_SetWin_Info.stCropWin.width1920  stXC_SetWin_Info.stCropWin.height:1080
07-05 21:36:48.693 D/vsyncbridge( 1204): [update_ds_table,  803] MApi_XC_GetDynamicScalingStatus():1 
07-05 21:36:48.693 D/        ( 1204): Alert: cannot get frameCount from IOCTL, eWindow=0! Fall back to original frame mode
07-05 21:36:48.693 D/        ( 1204): MVOP is 1P mode
07-05 21:36:48.693 D/        ( 1204): [_MDrv_SC_check_2p_mode][9405]u16Width=3840,u16Height=2160,u32Vfreqx10=240
07-05 21:36:48.693 D/vsyncbridge( 1204): vsync_bridge_render_frame pts = 3000000, DS_Idx=0x2, overlayID=0
07-05 21:36:48.693 D/vsyncbridge( 1204):  W 0, R 6, Cur 0
07-05 21:36:48.693 D/vsyncbridge( 1204): vsync_bridge_CalAspectRatio type = 0
07-05 21:36:48.693 D/vsyncbridge( 1204): panel [3840 2160] osd [1920 1080] ratio [2.000000 2.000000]
07-05 21:36:48.693 D/vsyncbridge( 1204): apply ratio, x=836, y=410, width=1632, height=920
07-05 21:36:48.699 I/HLSP2P  ( 3457): ## 2017-07-05 21:36:48.698 [3457,3628,:0] INFO ## [HLSP2P][TaskManager.cpp:855][INFO][UpdateGlobalInfo]totalDataSize: 0, totalMemorySize: 0, totalCacheSize: 0, curUploadSpeedKB: 0
07-05 21:36:48.702 I/HLSP2P  ( 3457): ## 2017-07-05 21:36:48.701 [3457,3628,:0] INFO ## [HLSP2P][TaskManager.cpp:1325][INFO][TryAdjustMemorySize]system memory total size: 1912M, free size: 348MB, cache add to 30MB, AppState: 14
07-05 21:36:48.719 I/TVMW@HsTvSetting( 1234): Trace cmd, data = 0x1058
07-05 21:36:48.719 D/til@system( 2026): til_get_system_param option:100002F int:0, bool:0, ret:0
07-05 21:36:48.721 I/TVMW@HsTvSetting( 1234): Trace cmd, data = 0x101f
07-05 21:36:48.721 D/til@system( 2026): til_get_system_param option:100001D int:3, bool:3, ret:0
07-05 21:36:48.721 E/til     ( 2026): [til_get_current_input_source, 101] 
07-05 21:36:48.722 I/TVMW@HsTvSetting( 1234): Trace cmd, data = 0x7007
07-05 21:36:48.722 I/tilwrapper@sm( 2026): HS2TIL_SourceType *hs=0xd, *til=0x900
07-05 21:36:48.722 D/til     ( 2026): get current source 2304
07-05 21:36:48.722 D/SourceRemoteServiceHandler( 2026): getCurrentInputSource.from.til.result is 0, value is 2304
07-05 21:36:48.722 D/SourceRemoteServiceHandler( 2026): getInputSourceType source: 0x900, type=2304
07-05 21:36:48.722 D/til     ( 2026): ###### func:til_get_picture_param option:0x3000006 ######  
07-05 21:36:48.723 I/TVMW@HsTvSetting( 1234): Trace cmd, data = 0x1003
07-05 21:36:48.727 I/TVMW@HsTvSetting( 1234): Trace cmd, data = 0x8032
07-05 21:36:48.727 I/hstvos  ( 1216): [0m[1;33m[HSHAL][HS_VIDEO][HS_HAL_Video_SetOsdDetect_v2][2389]u16Threshold = 20
07-05 21:36:48.728 E/TVMW@videoctrl( 1234):  getOsd is 1
07-05 21:36:48.729 D/til@system( 2026): til_get_system_param option:1000027 int:1, bool:1, ret:0
07-05 21:36:48.729 D/til     ( 2026): ###### func:til_get_picture_param option:0x3000045 ######  
07-05 21:36:48.730 I/TVMW@HsTvSetting( 1234): Trace cmd, data = 0x300c
07-05 21:36:48.730 I/TVMW@HsTvSetting( 1234): Trace 3d, data = 0x300c
07-05 21:36:48.730 I/TVMW@3d ( 1234): Hs_debug3d_trace: func:get3dStatus, line:109
07-05 21:36:48.745 D/MyLocalStartService(16899): currentName is :com.hisense.hicloud.edca
07-05 21:36:48.791 D/MSTAR_VDEC_DBG( 1206): Stream ID: 0, Rate : 24 (E:0,D:0,S:0,F:93) 
07-05 21:36:48.835 I/HLSP2P  (16183): ## 2017-07-05 21:36:48.835 [16183,16481,:0] INFO ## [HLSP2P][DownloadManager.cpp:35][INFO][TryExtendCacheSize]system memory total size : 1912M, free size : 347M, cache add to 30MB
07-05 21:36:48.921 I/TVMW@devctrl( 1234): wdt
07-05 21:36:48.922 D/MC_MEMORY(16055): max: 256.261888 Mb, heap: 10.10784 Mb, allocated: 9.9963 Mb, free: 0.821 Mb, native heap: 12.12276 Mb, native allocated: 8.8354 Mb, native free: 3.3922 Mb
07-05 21:36:48.932 D/CommonHeader( 2571): app logo :refreshTimer: isRotatetrue
07-05 21:36:48.950 D/PowerManagerService( 1733): acquireWakeLockInternal: lock=113832109, flags=0x1, tag="NetworkStats", ws=null, uid=1000, pid=1733
07-05 21:36:48.951 D/PowerManagerNotifier( 1733): onWakeLockAcquired: flags=1, tag="NetworkStats", packageName=android, ownerUid=1000, ownerPid=1733, workSource=null
07-05 21:36:48.951 D/NtpTrustedTime( 1733): currentTimeMillis() cache hit
07-05 21:36:48.961 D/NtpTrustedTime( 1733): currentTimeMillis() cache hit
07-05 21:36:48.963 D/NtpTrustedTime( 1733): currentTimeMillis() cache hit
07-05 21:36:48.963 D/NtpTrustedTime( 1733): currentTimeMillis() cache hit
07-05 21:36:48.964 D/PowerManagerService( 1733): releaseWakeLockInternal: lock=113832109 [NetworkStats], flags=0x0
07-05 21:36:48.964 D/PowerManagerNotifier( 1733): onWakeLockReleased: flags=1, tag="NetworkStats", packageName=android, ownerUid=1000, ownerPid=1733, workSource=null
07-05 21:36:49.196 I/MyFragmentStateAdapter( 2571): getCount
07-05 21:36:49.233 I/TVMW@HsTvSetting( 1234): Trace cmd, data = 0x1058
07-05 21:36:49.233 D/til@system( 2026): til_get_system_param option:100002F int:0, bool:0, ret:0
07-05 21:36:49.234 I/TVMW@HsTvSetting( 1234): Trace cmd, data = 0x101f
07-05 21:36:49.234 D/til@system( 2026): til_get_system_param option:100001D int:3, bool:3, ret:0
07-05 21:36:49.234 E/til     ( 2026): [til_get_current_input_source, 101] 
07-05 21:36:49.234 I/TVMW@HsTvSetting( 1234): Trace cmd, data = 0x7007
07-05 21:36:49.235 I/tilwrapper@sm( 2026): HS2TIL_SourceType *hs=0xd, *til=0x900
07-05 21:36:49.235 D/til     ( 2026): get current source 2304
07-05 21:36:49.235 D/SourceRemoteServiceHandler( 2026): getCurrentInputSource.from.til.result is 0, value is 2304
07-05 21:36:49.235 D/SourceRemoteServiceHandler( 2026): getInputSourceType source: 0x900, type=2304
07-05 21:36:49.235 D/til     ( 2026): ###### func:til_get_picture_param option:0x3000006 ######  
07-05 21:36:49.238 I/TVMW@HsTvSetting( 1234): Trace cmd, data = 0x1003
07-05 21:36:49.239 I/TVMW@HsTvSetting( 1234): Trace cmd, data = 0x8032
07-05 21:36:49.239 I/hstvos  ( 1216): [0m[1;33m[HSHAL][HS_VIDEO][HS_HAL_Video_SetOsdDetect_v2][2389]u16Threshold = 20
07-05 21:36:49.240 E/TVMW@videoctrl( 1234):  getOsd is 1
07-05 21:36:49.240 D/til@system( 2026): til_get_system_param option:1000027 int:1, bool:1, ret:0
07-05 21:36:49.241 D/til     ( 2026): ###### func:til_get_picture_param option:0x3000045 ######  
07-05 21:36:49.241 I/TVMW@HsTvSetting( 1234): Trace cmd, data = 0x300c
07-05 21:36:49.241 I/TVMW@HsTvSetting( 1234): Trace 3d, data = 0x300c
07-05 21:36:49.241 I/TVMW@3d ( 1234): Hs_debug3d_trace: func:get3dStatus, line:109
07-05 21:36:49.457 D/GlobalInputEventMonitoringService( 1733): interceptKeyBeforeQueueing(), event:22, mNeedMonitorKeyEvent:true, mWaitForKeyUpEvent:false
07-05 21:36:49.457 D/GlobalInputEventMonitoringService( 1733): processKeyEvent(), processKeyEvent event:22
07-05 21:36:49.461 D/WindowManager( 1733): interceptKeyTq keycode=22 interactive=true keyguardActive=false policyFlags=2b000000 isCancled= false
07-05 21:36:49.463 D/PowerManagerService( 1733): userActivityNoUpdateLocked: eventTime=10651028, event=1, flags=0x0, uid=1000
07-05 21:36:49.463 D/WindowManager( 1733): interceptKeyTi keyCode=22 down=true repeatCount=0 keyguardOn=false mHomePressed=false canceled=false
07-05 21:36:49.464 D/WindowManager( 1733): Hisense systemkey event: 22
07-05 21:36:49.464 D/HisenseGlobalKeyManager( 1733): handleGlobalKey() : Global event = KeyEvent { action=ACTION_DOWN, keyCode=KEYCODE_DPAD_RIGHT, scanCode=0, metaState=0, flags=0x0, repeatCount=0, eventTime=10651028, downTime=10651028, deviceId=-1, source=0x101 }
07-05 21:36:49.478 D/SogouIME( 2203): [onKeyDown] keycode = 22 model = VIDAA_TV
07-05 21:36:49.487 D/Carousel-CarouselDisplayPlayerLayout( 2571): HasFocus:false,keyCode:22
07-05 21:36:49.487 D/Carousel-CarouselDisplayPlayerLayout( 2571): isFullScreen:false
07-05 21:36:49.487 I/HomeMainActivity( 2571): carousel handle key:false
07-05 21:36:49.487 I/MainHomeView( 2571): dispatchKeyEvent ACTION_DOWN now 
07-05 21:36:49.487 I/HomeMainActivity( 2571): onKeyDown is 22
07-05 21:36:49.488 I/FirstlineLayoutManager( 2571): left=218,width=1738,scroll Distance=-846
07-05 21:36:49.494 D/Carousel-CarouselView( 2571): ============>onFocusChange=true
07-05 21:36:49.494 D/Carousel-CarouselDisplayPlayerLayout( 2571): isFullScreen:false
07-05 21:36:49.494 D/Carousel-CarouselView( 2571): isFullScreen:false,hasFocus:true
07-05 21:36:49.494 D/Carousel-CarouselView( 2571): ============>offset=-343
07-05 21:36:49.505 D/Carousel-CarouselDisplayPlayerLayout( 2571): showPlayerWindowTip showable:true
07-05 21:36:49.532 D/GlobalInputEventMonitoringService( 1733): interceptKeyBeforeQueueing(), event:22, mNeedMonitorKeyEvent:true, mWaitForKeyUpEvent:false
07-05 21:36:49.532 D/GlobalInputEventMonitoringService( 1733): processKeyEvent(), processKeyEvent event:22
07-05 21:36:49.532 D/WindowManager( 1733): interceptKeyTq keycode=22 interactive=true keyguardActive=false policyFlags=2b000000 isCancled= false
07-05 21:36:49.532 D/WindowManager( 1733): interceptKeyTi keyCode=22 down=false repeatCount=0 keyguardOn=false mHomePressed=false canceled=false
07-05 21:36:49.532 D/WindowManager( 1733): Hisense systemkey event: 22
07-05 21:36:49.532 D/HisenseGlobalKeyManager( 1733): handleGlobalKey() : Global event = KeyEvent { action=ACTION_UP, keyCode=KEYCODE_DPAD_RIGHT, scanCode=0, metaState=0, flags=0x0, repeatCount=0, eventTime=10651028, downTime=10651028, deviceId=-1, source=0x101 }
07-05 21:36:49.591 D/Carousel-CarouselDisplayPlayerLayout( 2571): HasFocus:true,keyCode:22
07-05 21:36:49.591 D/Carousel-CarouselDisplayPlayerLayout( 2571): isFullScreen:false
07-05 21:36:49.591 D/Carousel-CarouselDisplayPlayerLayout( 2571): isFullScreen:false
07-05 21:36:49.591 I/HomeMainActivity( 2571): carousel handle key:false
07-05 21:36:49.594 V/InputMethodService( 2203): startInput(): editor=android.view.inputmethod.EditorInfo@363e3926
07-05 21:36:49.595 V/InputMethodService( 2203): CALL: onFinishInput
07-05 21:36:49.605 E/SOGOUIME_JNI( 2203): reset
07-05 21:36:49.605 E/SOGOUIME_JNI( 2203): getCandidates
07-05 21:36:49.605 E/SOGOUIME_JNI( 2203): ime_get_uncommitted_length
07-05 21:36:49.606 E/SOGOUIME_JNI( 2203): getCandidates
07-05 21:36:49.606 D/SogouIME API( 2203): ==============num:32
07-05 21:36:49.606 E/SOGOUIME_JNI( 2203): ime_get_uncommitted_length
07-05 21:36:49.606 D/SogouIME( 2203): mFocusedComponent:30   isHkbEnable:false
07-05 21:36:49.620 E/SOGOUIME_JNI( 2203): ime_get_uncommitted_length
07-05 21:36:49.621 E/SOGOUIME_JNI( 2203): ime_get_committed_length
07-05 21:36:49.621 E/SOGOUIME_JNI( 2203): getComposingInfo
07-05 21:36:49.621 E/SOGOUIME_JNI( 2203): getComposingInfo
07-05 21:36:49.621 E/SOGOUIME_JNI( 2203): getCorrectInfo
07-05 21:36:49.621 E/SOGOUIME_JNI( 2203): getComposingInfo
07-05 21:36:49.631 V/InputMethodService( 2203): CALL: onStartInput
07-05 21:36:49.632 E/SOGOUIME_JNI( 2203): invalidateCommitWordPinyinNative
07-05 21:36:49.632 D/SogouIME( 2203): =====configKeyboard=======:false     false
07-05 21:36:49.632 E/SOGOUIME_JNI( 2203): ime_set_hard_kb_enable
07-05 21:36:49.689 I/NetflixMonitorService( 1733): current fgapk : com.hisense.hicloud.edca
07-05 21:36:49.689 I/NetflixMonitorService( 1733): Netflix status unchanged
07-05 21:36:49.742 I/TVMW@HsTvSetting( 1234): Trace cmd, data = 0x1058
07-05 21:36:49.743 D/til@system( 2026): til_get_system_param option:100002F int:0, bool:0, ret:0
07-05 21:36:49.743 I/TVMW@HsTvSetting( 1234): Trace cmd, data = 0x101f
07-05 21:36:49.743 D/til@system( 2026): til_get_system_param option:100001D int:3, bool:3, ret:0
07-05 21:36:49.743 E/til     ( 2026): [til_get_current_input_source, 101] 
07-05 21:36:49.745 I/TVMW@HsTvSetting( 1234): Trace cmd, data = 0x7007
07-05 21:36:49.745 I/tilwrapper@sm( 2026): HS2TIL_SourceType *hs=0xd, *til=0x900
07-05 21:36:49.745 D/til     ( 2026): get current source 2304
07-05 21:36:49.746 D/SourceRemoteServiceHandler( 2026): getCurrentInputSource.from.til.result is 0, value is 2304
07-05 21:36:49.746 D/SourceRemoteServiceHandler( 2026): getInputSourceType source: 0x900, type=2304
07-05 21:36:49.746 D/til     ( 2026): ###### func:til_get_picture_param option:0x3000006 ######  
07-05 21:36:49.746 I/TVMW@HsTvSetting( 1234): Trace cmd, data = 0x1003
07-05 21:36:49.747 I/TVMW@HsTvSetting( 1234): Trace cmd, data = 0x8032
07-05 21:36:49.748 I/hstvos  ( 1216): [0m[1;33m[HSHAL][HS_VIDEO][HS_HAL_Video_SetOsdDetect_v2][2389]u16Threshold = 20
07-05 21:36:49.754 E/TVMW@videoctrl( 1234):  getOsd is 1
07-05 21:36:49.755 D/til@system( 2026): til_get_system_param option:1000027 int:1, bool:1, ret:0
07-05 21:36:49.755 D/til     ( 2026): ###### func:til_get_picture_param option:0x3000045 ######  
07-05 21:36:49.756 I/TVMW@HsTvSetting( 1234): Trace cmd, data = 0x300c
07-05 21:36:49.756 I/TVMW@HsTvSetting( 1234): Trace 3d, data = 0x300c
07-05 21:36:49.756 I/TVMW@3d ( 1234): Hs_debug3d_trace: func:get3dStatus, line:109
07-05 21:36:49.791 D/MSTAR_VDEC_DBG( 1206): Stream ID: 0, Rate : 24 (E:0,D:0,S:0,F:117) 
07-05 21:36:49.805 D/PowerManagerService( 1733): acquireWakeLockInternal: lock=113832109, flags=0x1, tag="NetworkStats", ws=null, uid=1000, pid=1733
07-05 21:36:49.805 D/PowerManagerNotifier( 1733): onWakeLockAcquired: flags=1, tag="NetworkStats", packageName=android, ownerUid=1000, ownerPid=1733, workSource=null
07-05 21:36:49.805 D/NtpTrustedTime( 1733): currentTimeMillis() cache hit
07-05 21:36:49.821 D/NtpTrustedTime( 1733): currentTimeMillis() cache hit
07-05 21:36:49.822 I/TVMW@devctrl( 1234): wdt
07-05 21:36:49.822 D/NtpTrustedTime( 1733): currentTimeMillis() cache hit
07-05 21:36:49.823 D/NtpTrustedTime( 1733): currentTimeMillis() cache hit
07-05 21:36:49.823 D/PowerManagerService( 1733): releaseWakeLockInternal: lock=113832109 [NetworkStats], flags=0x0
07-05 21:36:49.823 D/PowerManagerNotifier( 1733): onWakeLockReleased: flags=1, tag="NetworkStats", packageName=android, ownerUid=1000, ownerPid=1733, workSource=null
07-05 21:36:50.134 I/MyFragmentStateAdapter( 2571): getCount
07-05 21:36:50.202 I/MyFragmentStateAdapter( 2571): getCount
07-05 21:36:50.244 I/MyFragmentStateAdapter( 2571): getCount
07-05 21:36:50.259 I/TVMW@HsTvSetting( 1234): Trace cmd, data = 0x1058
07-05 21:36:50.259 D/til@system( 2026): til_get_system_param option:100002F int:0, bool:0, ret:0
07-05 21:36:50.260 I/TVMW@HsTvSetting( 1234): Trace cmd, data = 0x101f
07-05 21:36:50.261 D/til@system( 2026): til_get_system_param option:100001D int:3, bool:3, ret:0
07-05 21:36:50.261 E/til     ( 2026): [til_get_current_input_source, 101] 
07-05 21:36:50.261 I/TVMW@HsTvSetting( 1234): Trace cmd, data = 0x7007
07-05 21:36:50.261 I/tilwrapper@sm( 2026): HS2TIL_SourceType *hs=0xd, *til=0x900
07-05 21:36:50.261 D/til     ( 2026): get current source 2304
07-05 21:36:50.262 D/SourceRemoteServiceHandler( 2026): getCurrentInputSource.from.til.result is 0, value is 2304
07-05 21:36:50.262 D/SourceRemoteServiceHandler( 2026): getInputSourceType source: 0x900, type=2304
07-05 21:36:50.262 D/til     ( 2026): ###### func:til_get_picture_param option:0x3000006 ######  
07-05 21:36:50.262 I/TVMW@HsTvSetting( 1234): Trace cmd, data = 0x1003
07-05 21:36:50.263 I/TVMW@HsTvSetting( 1234): Trace cmd, data = 0x8032
07-05 21:36:50.263 I/hstvos  ( 1216): [0m[1;33m[HSHAL][HS_VIDEO][HS_HAL_Video_SetOsdDetect_v2][2389]u16Threshold = 20
07-05 21:36:50.264 E/TVMW@videoctrl( 1234):  getOsd is 1
07-05 21:36:50.264 D/til@system( 2026): til_get_system_param option:1000027 int:1, bool:1, ret:0
07-05 21:36:50.265 D/til     ( 2026): ###### func:til_get_picture_param option:0x3000045 ######  
07-05 21:36:50.265 I/TVMW@HsTvSetting( 1234): Trace cmd, data = 0x300c
07-05 21:36:50.265 I/TVMW@HsTvSetting( 1234): Trace 3d, data = 0x300c
07-05 21:36:50.265 I/TVMW@3d ( 1234): Hs_debug3d_trace: func:get3dStatus, line:109
07-05 21:36:50.305 I/MyFragmentStateAdapter( 2571): getCount
07-05 21:36:50.366 I/MyFragmentStateAdapter( 2571): getCount
07-05 21:36:50.435 I/MyFragmentStateAdapter( 2571): getCount
07-05 21:36:50.502 D/DtvSourcePlugin-DVBC(15961): Setting the EPG Updater state to: WAIT
07-05 21:36:50.506 I/art     ( 2571): Background partial concurrent mark sweep GC freed 47981(1836KB) AllocSpace objects, 2(7MB) LOS objects, 13% free, 26MB/30MB, paused 2.638ms total 121.875ms
07-05 21:36:50.529 I/MyFragmentStateAdapter( 2571): getCount
07-05 21:36:50.581 I/MyFragmentStateAdapter( 2571): getCount
07-05 21:36:50.606 D/GlobalInputEventMonitoringService( 1733): interceptKeyBeforeQueueing(), event:20, mNeedMonitorKeyEvent:true, mWaitForKeyUpEvent:false
07-05 21:36:50.606 D/GlobalInputEventMonitoringService( 1733): processKeyEvent(), processKeyEvent event:20
07-05 21:36:50.606 D/WindowManager( 1733): interceptKeyTq keycode=20 interactive=true keyguardActive=false policyFlags=2b000000 isCancled= false
07-05 21:36:50.606 D/PowerManagerService( 1733): userActivityNoUpdateLocked: eventTime=10652177, event=1, flags=0x0, uid=1000
07-05 21:36:50.606 D/WindowManager( 1733): interceptKeyTi keyCode=20 down=true repeatCount=0 keyguardOn=false mHomePressed=false canceled=false
07-05 21:36:50.607 D/WindowManager( 1733): Hisense systemkey event: 20
07-05 21:36:50.607 D/HisenseGlobalKeyManager( 1733): handleGlobalKey() : Global event = KeyEvent { action=ACTION_DOWN, keyCode=KEYCODE_DPAD_DOWN, scanCode=0, metaState=0, flags=0x0, repeatCount=0, eventTime=10652177, downTime=10652177, deviceId=-1, source=0x101 }
07-05 21:36:50.633 D/SogouIME( 2203): [onKeyDown] keycode = 20 model = VIDAA_TV
07-05 21:36:50.636 D/Carousel-CarouselDisplayPlayerLayout( 2571): HasFocus:true,keyCode:20
07-05 21:36:50.636 D/Carousel-CarouselDisplayPlayerLayout( 2571): isFullScreen:false
07-05 21:36:50.636 D/Carousel-CarouselDisplayPlayerLayout( 2571): isFullScreen:false
07-05 21:36:50.636 I/HomeMainActivity( 2571): carousel handle key:false
07-05 21:36:50.636 I/MainHomeView( 2571): dispatchKeyEvent ACTION_DOWN now 
07-05 21:36:50.637 D/Carousel-CarouselDisplayPicLayout( 2571): keyCode=20
07-05 21:36:50.637 I/FirstLineAdapter( 2571): onCarouselKeyDown: output=true,event=KeyEvent { action=ACTION_DOWN, keyCode=KEYCODE_DPAD_DOWN, scanCode=0, metaState=0, flags=0x0, repeatCount=0, eventTime=10652177, downTime=10652177, deviceId=-1, source=0x101 }
07-05 21:36:50.637 I/HomeMainActivity( 2571): onKeyDown is 20
07-05 21:36:50.641 I/BaseContentFragment( 2571): setRowViewSelectedViewHolder{2f9ce101 position=1 id=-1, oldPos=-1, pLpos:-1},isSelectedfalse
07-05 21:36:50.641 I/BaseContentFragment( 2571): setRowViewSelectedViewHolder{3e7a9126 position=2 id=-1, oldPos=-1, pLpos:-1},isSelectedtrue
07-05 21:36:50.644 I/TENCENT_AD_PingHandler( 3457): ## 2017-07-05 21:36:50.644 [3457,3457,:0] INFO ## [TENCENT_AD_PingHandler]handleMessage: 5
07-05 21:36:50.645 I/RoleContentFragment( 2571): onChildSelected:2,lastPos=1
07-05 21:36:50.645 I/CurrentCarouselView( 2571): onCarouseControlCarouselControlBean{mShoudScroll=false, mActivityHasResume=false, mActivityHasStop=false, mHasTurnGone=false, mHasTurnVisible=false, mChannelId=0, mSlideOffset=0.0, mShouldSelectCenter=false, mTabOpen=false, mHoriPosStatus=None, mVerPosStatus=Out, mLevelStatus=None},isPlayingtrue,channelId=0
07-05 21:36:50.645 I/CurrentCarouselView( 2571): is the current page
07-05 21:36:50.647 I/CurrentCarouselView( 2571): stopPlay
07-05 21:36:50.650 D/Carousel-CarouselView( 2571): ============>onFocusChange=false
07-05 21:36:50.651 D/Carousel-CarouselDisplayPlayerLayout( 2571): isFullScreen:false
07-05 21:36:50.651 D/Carousel-CarouselView( 2571): isFullScreen:false,hasFocus:false
07-05 21:36:50.651 D/Carousel-CarouselView( 2571): ============>offset=-1500
07-05 21:36:50.651 D/Carousel-CarouselDisplayPlayerLayout( 2571): showPlayerWindowTip showable:false
07-05 21:36:50.652 D/PowerManagerService( 1733): acquireWakeLockInternal: lock=113832109, flags=0x1, tag="NetworkStats", ws=null, uid=1000, pid=1733
07-05 21:36:50.652 D/PowerManagerNotifier( 1733): onWakeLockAcquired: flags=1, tag="NetworkStats", packageName=android, ownerUid=1000, ownerPid=1733, workSource=null
07-05 21:36:50.652 D/NtpTrustedTime( 1733): currentTimeMillis() cache hit
07-05 21:36:50.657 I/ContentBridgeAdapterListener( 2571): onAddPresenter 3
07-05 21:36:50.658 D/GlobalInputEventMonitoringService( 1733): interceptKeyBeforeQueueing(), event:20, mNeedMonitorKeyEvent:true, mWaitForKeyUpEvent:false
07-05 21:36:50.659 D/GlobalInputEventMonitoringService( 1733): processKeyEvent(), processKeyEvent event:20
07-05 21:36:50.659 D/WindowManager( 1733): interceptKeyTq keycode=20 interactive=true keyguardActive=false policyFlags=2b000000 isCancled= false
07-05 21:36:50.659 D/WindowManager( 1733): interceptKeyTi keyCode=20 down=false repeatCount=0 keyguardOn=false mHomePressed=false canceled=false
07-05 21:36:50.659 D/WindowManager( 1733): Hisense systemkey event: 20
07-05 21:36:50.659 D/HisenseGlobalKeyManager( 1733): handleGlobalKey() : Global event = KeyEvent { action=ACTION_UP, keyCode=KEYCODE_DPAD_DOWN, scanCode=0, metaState=0, flags=0x0, repeatCount=0, eventTime=10652177, downTime=10652177, deviceId=-1, source=0x101 }
07-05 21:36:50.662 D/NtpTrustedTime( 1733): currentTimeMillis() cache hit
07-05 21:36:50.665 D/PowerManagerService( 1733): releaseWakeLockInternal: lock=113832109 [NetworkStats], flags=0x0
07-05 21:36:50.665 D/PowerManagerNotifier( 1733): onWakeLockReleased: flags=1, tag="NetworkStats", packageName=android, ownerUid=1000, ownerPid=1733, workSource=null
07-05 21:36:50.665 D/NtpTrustedTime( 1733): currentTimeMillis() cache hit
07-05 21:36:50.665 D/NtpTrustedTime( 1733): currentTimeMillis() cache hit
07-05 21:36:50.681 I/ContentBridgeAdapterListener( 2571): onCreate ViewHolder{2c37189a position=-1 id=-1, oldPos=-1, pLpos:-1 unbound no parent}
07-05 21:36:50.681 I/BaseContentFragment( 2571): setUpSharedViewPoolViewHolder{2c37189a position=-1 id=-1, oldPos=-1, pLpos:-1 unbound no parent}
07-05 21:36:50.681 I/BaseContentFragment( 2571): share view pool
07-05 21:36:50.681 I/BaseContentFragment( 2571): setRowViewSelectedViewHolder{2c37189a position=-1 id=-1, oldPos=-1, pLpos:-1 unbound no parent},isSelectedfalse
07-05 21:36:50.681 I/head    ( 2571): item=com.hisense.tvui.newhome.presenter.TwoLineListRow@3e1095cb
07-05 21:36:50.682 I/ContentBridgeAdapterListener( 2571): onBind 
07-05 21:36:50.682 I/ContentBridgeAdapterListener( 2571): onAttachedToWindow ViewHolder{2c37189a position=3 id=-1, oldPos=-1, pLpos:-1}
07-05 21:36:50.687 I/CardSelectionPresenter( 2571): onCreateViewHoldercom.hisense.leanback.widget.HorizontalGridView{20b5d1a8 VFE..... ......I. 0,0-0,0 #7f0d038e app:id/row_content}
07-05 21:36:50.690 I/NetflixMonitorService( 1733): current fgapk : com.hisense.hicloud.edca
07-05 21:36:50.690 I/NetflixMonitorService( 1733): Netflix status unchanged
07-05 21:36:50.700 I/CardSelectionPresenter( 2571): onBindViewHolder
07-05 21:36:50.701 D/sloven  ( 2571): 1002---true
07-05 21:36:50.701 I/CardSelectionPresenter( 2571): width=390,height=220
07-05 21:36:50.722 I/TVMW@devctrl( 1234): wdt
07-05 21:36:50.742 D/hailongqiu( 2571): hailongqiu position:0
07-05 21:36:50.744 I/CardSelectionPresenter( 2571): onCreateViewHoldercom.hisense.leanback.widget.HorizontalGridView{20b5d1a8 VFE..... ......ID 0,0-1738,588 #7f0d038e app:id/row_content}
07-05 21:36:50.754 I/CardSelectionPresenter( 2571): onBindViewHolder
07-05 21:36:50.754 D/sloven  ( 2571): 1002---true
07-05 21:36:50.754 I/CardSelectionPresenter( 2571): width=390,height=220
07-05 21:36:50.760 I/CardSelectionPresenter( 2571): onCreateViewHoldercom.hisense.leanback.widget.HorizontalGridView{20b5d1a8 VFE..... ......ID 0,0-1738,588 #7f0d038e app:id/row_content}
07-05 21:36:50.766 I/TVMW@HsTvSetting( 1234): Trace cmd, data = 0x1058
07-05 21:36:50.767 D/til@system( 2026): til_get_system_param option:100002F int:0, bool:0, ret:0
07-05 21:36:50.767 I/TVMW@HsTvSetting( 1234): Trace cmd, data = 0x101f
07-05 21:36:50.767 D/til@system( 2026): til_get_system_param option:100001D int:3, bool:3, ret:0
07-05 21:36:50.767 E/til     ( 2026): [til_get_current_input_source, 101] 
07-05 21:36:50.767 I/TVMW@HsTvSetting( 1234): Trace cmd, data = 0x7007
07-05 21:36:50.767 I/CardSelectionPresenter( 2571): onBindViewHolder
07-05 21:36:50.767 I/tilwrapper@sm( 2026): HS2TIL_SourceType *hs=0xd, *til=0x900
07-05 21:36:50.767 D/til     ( 2026): get current source 2304
07-05 21:36:50.767 D/sloven  ( 2571): 1002---true
07-05 21:36:50.767 D/SourceRemoteServiceHandler( 2026): getCurrentInputSource.from.til.result is 0, value is 2304
07-05 21:36:50.767 D/SourceRemoteServiceHandler( 2026): getInputSourceType source: 0x900, type=2304
07-05 21:36:50.767 I/CardSelectionPresenter( 2571): width=400,height=220
07-05 21:36:50.768 D/til     ( 2026): ###### func:til_get_picture_param option:0x3000006 ######  
07-05 21:36:50.768 I/TVMW@HsTvSetting( 1234): Trace cmd, data = 0x1003
07-05 21:36:50.768 I/TVMW@HsTvSetting( 1234): Trace cmd, data = 0x8032
07-05 21:36:50.769 I/hstvos  ( 1216): [0m[1;33m[HSHAL][HS_VIDEO][HS_HAL_Video_SetOsdDetect_v2][2389]u16Threshold = 20
07-05 21:36:50.769 E/TVMW@videoctrl( 1234):  getOsd is 1
07-05 21:36:50.770 D/til@system( 2026): til_get_system_param option:1000027 int:1, bool:1, ret:0
07-05 21:36:50.770 D/til     ( 2026): ###### func:til_get_picture_param option:0x3000045 ######  
07-05 21:36:50.770 I/TVMW@HsTvSetting( 1234): Trace cmd, data = 0x300c
07-05 21:36:50.771 I/TVMW@HsTvSetting( 1234): Trace 3d, data = 0x300c
07-05 21:36:50.771 I/TVMW@3d ( 1234): Hs_debug3d_trace: func:get3dStatus, line:109
07-05 21:36:50.772 I/CardSelectionPresenter( 2571): onCreateViewHoldercom.hisense.leanback.widget.HorizontalGridView{20b5d1a8 VFE..... ......ID 0,0-1738,588 #7f0d038e app:id/row_content}
07-05 21:36:50.778 I/CardSelectionPresenter( 2571): onBindViewHolder
07-05 21:36:50.778 D/sloven  ( 2571): 1002---true
07-05 21:36:50.779 I/CardSelectionPresenter( 2571): width=400,height=220
07-05 21:36:50.782 I/CardSelectionPresenter( 2571): onCreateViewHoldercom.hisense.leanback.widget.HorizontalGridView{20b5d1a8 VFE..... ......ID 0,0-1738,588 #7f0d038e app:id/row_content}
07-05 21:36:50.788 I/CardSelectionPresenter( 2571): onBindViewHolder
07-05 21:36:50.788 D/sloven  ( 2571): 1002---true
07-05 21:36:50.788 I/CardSelectionPresenter( 2571): width=400,height=220
07-05 21:36:50.795 I/CardSelectionPresenter( 2571): onCreateViewHoldercom.hisense.leanback.widget.HorizontalGridView{20b5d1a8 VFE..... ......ID 0,0-1738,588 #7f0d038e app:id/row_content}
07-05 21:36:50.803 I/CardSelectionPresenter( 2571): onBindViewHolder
07-05 21:36:50.803 D/sloven  ( 2571): 1002---true
07-05 21:36:50.803 I/CardSelectionPresenter( 2571): width=400,height=220
07-05 21:36:50.806 I/CardSelectionPresenter( 2571): onCreateViewHoldercom.hisense.leanback.widget.HorizontalGridView{20b5d1a8 VFE..... ......ID 0,0-1738,588 #7f0d038e app:id/row_content}
07-05 21:36:50.813 I/CardSelectionPresenter( 2571): onBindViewHolder
07-05 21:36:50.814 D/sloven  ( 2571): 2005---false
07-05 21:36:50.814 D/sloven  ( 2571): 2005
07-05 21:36:50.814 I/CardSelectionPresenter( 2571): width=400,height=220
07-05 21:36:50.817 I/CardSelectionPresenter( 2571): onCreateViewHoldercom.hisense.leanback.widget.HorizontalGridView{20b5d1a8 VFE..... ......ID 0,0-1738,588 #7f0d038e app:id/row_content}
07-05 21:36:50.827 I/CardSelectionPresenter( 2571): onBindViewHolder
07-05 21:36:50.828 D/sloven  ( 2571): 2005---false
07-05 21:36:50.828 D/sloven  ( 2571): 2005
07-05 21:36:50.828 I/CardSelectionPresenter( 2571): width=400,height=220
07-05 21:36:50.833 D/MSTAR_VDEC_DBG( 1206): Stream ID: 0, Rate : 24 (E:0,D:0,S:0,F:142) 
07-05 21:36:50.835 I/CardSelectionPresenter( 2571): onCreateViewHoldercom.hisense.leanback.widget.HorizontalGridView{20b5d1a8 VFE..... ......ID 0,0-1738,588 #7f0d038e app:id/row_content}
07-05 21:36:50.843 I/CardSelectionPresenter( 2571): onBindViewHolder
07-05 21:36:50.843 D/sloven  ( 2571): 2005---false
07-05 21:36:50.843 D/sloven  ( 2571): 2005
07-05 21:36:50.844 I/CardSelectionPresenter( 2571): width=400,height=220
07-05 21:36:50.847 I/CardSelectionPresenter( 2571): onCreateViewHoldercom.hisense.leanback.widget.HorizontalGridView{20b5d1a8 VFE..... ......ID 0,0-1738,588 #7f0d038e app:id/row_content}
07-05 21:36:50.854 I/CardSelectionPresenter( 2571): onBindViewHolder
07-05 21:36:50.854 D/sloven  ( 2571): 2005---false
07-05 21:36:50.854 D/sloven  ( 2571): 2005
07-05 21:36:50.854 I/CardSelectionPresenter( 2571): width=400,height=220
07-05 21:36:50.859 I/MyFragmentStateAdapter( 2571): getCount
07-05 21:36:50.859 I/MyFragmentStateAdapter( 2571): getCount
07-05 21:36:50.859 I/MyFragmentStateAdapter( 2571): getCount
07-05 21:36:50.859 I/MyFragmentStateAdapter( 2571): getCount
07-05 21:36:50.860 I/FirstLineAdapter( 2571): canShowTrailer,isOffline=false
07-05 21:36:50.860 I/FirstLineAdapter( 2571): canShowTrailer,isOffline=false
07-05 21:36:50.860 I/FirstLineAdapter( 2571): canShowTrailer,isOffline=false
07-05 21:36:50.860 I/FirstLineAdapter( 2571): canShowTrailer,isOffline=false
07-05 21:36:50.860 I/FirstLineAdapter( 2571): canShowTrailer,isOffline=false
07-05 21:36:50.860 I/FirstLineAdapter( 2571): canShowTrailer,isOffline=false
07-05 21:36:50.860 I/FirstLineAdapter( 2571): canShowTrailer,isOffline=false
07-05 21:36:50.861 I/FirstLineAdapter( 2571): canShowTrailer,isOffline=false
07-05 21:36:50.861 I/FirstLineAdapter( 2571): canShowTrailer,isOffline=false
07-05 21:36:50.864 D/Carousel-CarouselView( 2571): ============>onScrollChanged hashCode:1062330551
07-05 21:36:50.864 D/Carousel-CarouselDisplayPlayerLayout( 2571): isFullScreen:false
07-05 21:36:50.881 I/MyFragmentStateAdapter( 2571): getCount
07-05 21:36:50.900 I/MyFragmentStateAdapter( 2571): getCount
07-05 21:36:50.934 D/Carousel-CarouselDisplayPlayerLayout( 2571): HasFocus:false,keyCode:20
07-05 21:36:50.934 D/Carousel-CarouselDisplayPlayerLayout( 2571): isFullScreen:false
07-05 21:36:50.934 I/HomeMainActivity( 2571): carousel handle key:false
07-05 21:36:50.934 D/Carousel-CarouselView( 2571): setPosterAndStopPlay! hashCode=1062330551, sWorkingHashCode=1062330551
07-05 21:36:50.935 D/Carousel-CarouselDisplayPlayerLayout( 2571): isFullScreen:false
07-05 21:36:50.935 D/Carousel-Utils( 2571): displayImage view=android.widget.ImageView{6496d42 G.ED.... ........ 0,0-816,460 #7f0d0029 app:id/imageView1}
07-05 21:36:50.935 D/Carousel-Utils( 2571): displayImage url=http://picture.edu.hismarttv.com/images/20170629010146422927.jpg
07-05 21:36:50.935 D/Carousel-Utils( 2571): onResourceReady.
07-05 21:36:50.937 D/Carousel-Utils( 2571): displayImage view=android.widget.ImageView{869f6bd G.ED.... ........ 0,0-816,460 #7f0d0029 app:id/imageView1}
07-05 21:36:50.937 D/Carousel-Utils( 2571): displayImage url=http://picture.edu.hismarttv.com/images/20170629010146422927.jpg
07-05 21:36:50.937 D/Carousel-Utils( 2571): onResourceReady.
07-05 21:36:50.940 D/Carousel-CarouselDisplayPlayerLayout( 2571): isFullScreen:false
07-05 21:36:50.948 V/InputMethodService( 2203): startInput(): editor=android.view.inputmethod.EditorInfo@274c1967
07-05 21:36:50.948 V/InputMethodService( 2203): CALL: onFinishInput
07-05 21:36:50.949 E/SOGOUIME_JNI( 2203): reset
07-05 21:36:50.949 E/SOGOUIME_JNI( 2203): getCandidates
07-05 21:36:50.949 E/SOGOUIME_JNI( 2203): ime_get_uncommitted_length
07-05 21:36:50.952 D/Carousel-CarouselDisplayPlayerLayout( 2571): x=380, y=129,w=892,h=536, hashCode=627795840
07-05 21:36:50.952 D/Carousel-CarouselDisplayPlayerLayout( 2571): mX=380, mY=167,mWitdh=892,mHeight=536, hashCode=627795840
07-05 21:36:50.952 D/Carousel-CarouselDisplayPlayerLayout( 2571): changed=true, hashCode=627795840
07-05 21:36:50.952 D/Carousel-Utils( 2571): x=380,y=129, width=892,height=536
07-05 21:36:50.952 D/Carousel-CarouselView( 2571): OnScrollStart DisplayPlayerLayout isnot shown return.
07-05 21:36:50.953 I/ContentBridgeAdapterListener( 2571): onDetachedFromWindow ViewHolder{2a4f842a position=0 id=-1, oldPos=-1, pLpos:-1}
07-05 21:36:50.953 E/SOGOUIME_JNI( 2203): getCandidates
07-05 21:36:50.953 D/SogouIME API( 2203): ==============num:32
07-05 21:36:50.953 E/SOGOUIME_JNI( 2203): ime_get_uncommitted_length
07-05 21:36:50.953 D/SogouIME( 2203): mFocusedComponent:30   isHkbEnable:false
07-05 21:36:50.953 E/SOGOUIME_JNI( 2203): ime_get_uncommitted_length
07-05 21:36:50.953 E/SOGOUIME_JNI( 2203): ime_get_committed_length
07-05 21:36:50.953 E/SOGOUIME_JNI( 2203): getComposingInfo
07-05 21:36:50.953 E/SOGOUIME_JNI( 2203): getComposingInfo
07-05 21:36:50.954 E/SOGOUIME_JNI( 2203): getCorrectInfo
07-05 21:36:50.954 E/SOGOUIME_JNI( 2203): getComposingInfo
07-05 21:36:50.954 V/InputMethodService( 2203): CALL: onStartInput
07-05 21:36:50.954 E/SOGOUIME_JNI( 2203): invalidateCommitWordPinyinNative
07-05 21:36:50.955 D/SogouIME( 2203): =====configKeyboard=======:false     false
07-05 21:36:50.955 E/SOGOUIME_JNI( 2203): ime_set_hard_kb_enable
07-05 21:36:50.959 I/MyFragmentStateAdapter( 2571): getCount
07-05 21:36:50.959 I/MyFragmentStateAdapter( 2571): getCount
07-05 21:36:50.960 I/MyFragmentStateAdapter( 2571): getCount
07-05 21:36:50.960 I/MyFragmentStateAdapter( 2571): getCount
07-05 21:36:50.964 D/Surface ( 1733): onStatusChange() : mNativeObject = 547819076096 mUseImageHwRender = false
07-05 21:36:50.964 V/Surface ( 1733): nativeSetHardwareRender() : status = 0
07-05 21:36:50.964 V/Surface ( 1733): nativeSetHardwareRender() : end
07-05 21:36:50.965 D/PowerManagerService( 1733): releaseWakeLockInternal: lock=487931605 [WindowManager], flags=0x0
07-05 21:36:50.966 D/PowerManagerNotifier( 1733): onWakeLockReleased: flags=536870922, tag="WindowManager", packageName=android, ownerUid=1000, ownerPid=1733, workSource=WorkSource{10010}
07-05 21:36:50.966 D/PowerManagerService( 1733): userActivityNoUpdateLocked: eventTime=10652537, event=0, flags=0x1, uid=1000
07-05 21:36:50.966 D/PowerManagerService( 1733): setScreenBrightnessOverrideFromWindowManagerInternal done
07-05 21:36:50.968 D/Surface ( 1733): onStatusChange() : mNativeObject = 0 mUseImageHwRender = false
07-05 21:36:50.969 I/FirstLineAdapter( 2571): canShowTrailer,isOffline=false
07-05 21:36:50.969 I/FirstLineAdapter( 2571): canShowTrailer,isOffline=false
07-05 21:36:50.969 I/FirstLineAdapter( 2571): canShowTrailer,isOffline=false
07-05 21:36:50.969 I/FirstLineAdapter( 2571): canShowTrailer,isOffline=false
07-05 21:36:50.969 I/FirstLineAdapter( 2571): canShowTrailer,isOffline=false
07-05 21:36:50.969 I/FirstLineAdapter( 2571): canShowTrailer,isOffline=false
07-05 21:36:50.970 I/FirstLineAdapter( 2571): canShowTrailer,isOffline=false
07-05 21:36:50.970 I/FirstLineAdapter( 2571): canShowTrailer,isOffline=false
07-05 21:36:50.970 I/FirstLineAdapter( 2571): canShowTrailer,isOffline=false
07-05 21:36:50.975 D/Carousel-CarouselView( 2571): ============>onScrollChanged hashCode:1062330551
07-05 21:36:50.975 D/Carousel-CarouselDisplayPlayerLayout( 2571): isFullScreen:false
07-05 21:36:50.979 I/MyFragmentStateAdapter( 2571): getCount
07-05 21:36:50.992 D/Carousel-CarouselDisplayPlayerLayout( 2571): x=380, y=-185,w=892,h=536, hashCode=627795840
07-05 21:36:50.992 D/Carousel-CarouselDisplayPlayerLayout( 2571): mX=380, mY=129,mWitdh=892,mHeight=536, hashCode=627795840
07-05 21:36:50.992 D/Carousel-CarouselDisplayPlayerLayout( 2571): changed=true, hashCode=627795840
07-05 21:36:50.993 D/Carousel-Utils( 2571): x=380,y=-185, width=892,height=536
07-05 21:36:50.993 D/Carousel-CarouselView( 2571): onWindowOutScreen!
07-05 21:36:51.078 D/Carousel-CarouselDisplayPlayerLayout( 2571): x=380, y=-185,w=892,h=536, hashCode=627795840
07-05 21:36:51.078 D/Carousel-CarouselDisplayPlayerLayout( 2571): mX=380, mY=-185,mWitdh=892,mHeight=536, hashCode=627795840
07-05 21:36:51.078 D/Carousel-CarouselDisplayPlayerLayout( 2571): changed=false, hashCode=627795840
07-05 21:36:51.078 D/Carousel-CarouselDisplayPlayerLayout( 2571): extraTryCount=0
07-05 21:36:51.107 D/Carousel-CarouselView( 2571): setPosterAndStopPlay! hashCode=1062330551, sWorkingHashCode=1062330551
07-05 21:36:51.107 D/Carousel-CarouselDisplayPlayerLayout( 2571): isFullScreen:false
07-05 21:36:51.107 D/Carousel-Utils( 2571): displayImage view=android.widget.ImageView{6496d42 V.ED.... ........ 0,0-816,460 #7f0d0029 app:id/imageView1}
07-05 21:36:51.107 D/Carousel-Utils( 2571): displayImage url=http://picture.edu.hismarttv.com/images/20170629010146422927.jpg
07-05 21:36:51.108 D/Carousel-Utils( 2571): onResourceReady.
07-05 21:36:51.109 D/Carousel-Utils( 2571): displayImage view=android.widget.ImageView{869f6bd V.ED.... ......ID 0,0-816,460 #7f0d0029 app:id/imageView1}
07-05 21:36:51.109 D/Carousel-Utils( 2571): displayImage url=http://picture.edu.hismarttv.com/images/20170629010146422927.jpg
07-05 21:36:51.109 D/Carousel-Utils( 2571): onResourceReady.
07-05 21:36:51.109 D/Carousel-CarouselDisplayPlayerLayout( 2571): isFullScreen:false
07-05 21:36:51.109 D/Carousel-CarouselDisplayPlayerLayout( 2571): x=380, y=-185,w=892,h=536, hashCode=627795840
07-05 21:36:51.109 D/Carousel-CarouselDisplayPlayerLayout( 2571): mX=380, mY=-185,mWitdh=892,mHeight=536, hashCode=627795840
07-05 21:36:51.109 D/Carousel-CarouselDisplayPlayerLayout( 2571): changed=false, hashCode=627795840
07-05 21:36:51.109 D/Carousel-CarouselDisplayPlayerLayout( 2571): extraTryCount=1
07-05 21:36:51.114 D/HttpHandler( 2571): VerifySignInterCeptor-->request.url()=http://picture.edu.hismarttv.com/images/20170630060641226550.jpg
07-05 21:36:51.114 D/HttpHandler( 2571): VerifySignInterCeptor-->hostname=picture.edu.hismarttv.com
07-05 21:36:51.116 D/OkHttp  ( 2571): --> GET http://picture.edu.hismarttv.com/images/20170630060641226550.jpg http/1.1
07-05 21:36:51.116 D/OkHttp  ( 2571): Host: picture.edu.hismarttv.com
07-05 21:36:51.116 D/OkHttp  ( 2571): Connection: Keep-Alive
07-05 21:36:51.116 D/OkHttp  ( 2571): Accept-Encoding: gzip
07-05 21:36:51.116 D/OkHttp  ( 2571): User-Agent: okhttp/3.6.0
07-05 21:36:51.116 D/OkHttp  ( 2571): --> END GET
07-05 21:36:51.117 D/CardItemView( 2571): handleFocus subtile===>:
07-05 21:36:51.124 I/MyFragmentStateAdapter( 2571): getCount
07-05 21:36:51.124 I/MyFragmentStateAdapter( 2571): getCount
07-05 21:36:51.124 I/MyFragmentStateAdapter( 2571): getCount
07-05 21:36:51.124 I/MyFragmentStateAdapter( 2571): getCount
07-05 21:36:51.125 I/FirstLineAdapter( 2571): canShowTrailer,isOffline=false
07-05 21:36:51.125 I/FirstLineAdapter( 2571): canShowTrailer,isOffline=false
07-05 21:36:51.126 I/FirstLineAdapter( 2571): canShowTrailer,isOffline=false
07-05 21:36:51.126 I/FirstLineAdapter( 2571): canShowTrailer,isOffline=false
07-05 21:36:51.126 I/FirstLineAdapter( 2571): canShowTrailer,isOffline=false
07-05 21:36:51.126 I/FirstLineAdapter( 2571): canShowTrailer,isOffline=false
07-05 21:36:51.126 I/FirstLineAdapter( 2571): canShowTrailer,isOffline=false
07-05 21:36:51.126 I/FirstLineAdapter( 2571): canShowTrailer,isOffline=false
07-05 21:36:51.126 I/FirstLineAdapter( 2571): canShowTrailer,isOffline=false
07-05 21:36:51.128 D/HttpHandler( 2571): VerifySignInterCeptor-->request.url()=http://picture.edu.hismarttv.com/images/20170628233313068112.jpg
07-05 21:36:51.128 D/HttpHandler( 2571): VerifySignInterCeptor-->hostname=picture.edu.hismarttv.com
07-05 21:36:51.129 D/HttpHandler( 2571): VerifySignInterCeptor-->request.url()=http://picture.edu.hismarttv.com/images/20170629/%E6%B3%A1%E6%B3%A1%E8%8B%B1%E8%AF%AD.jpg
07-05 21:36:51.129 D/HttpHandler( 2571): VerifySignInterCeptor-->hostname=picture.edu.hismarttv.com
07-05 21:36:51.133 D/OkHttp  ( 2571): --> GET http://picture.edu.hismarttv.com/images/20170629/%E6%B3%A1%E6%B3%A1%E8%8B%B1%E8%AF%AD.jpg http/1.1
07-05 21:36:51.133 D/OkHttp  ( 2571): Host: picture.edu.hismarttv.com
07-05 21:36:51.133 D/OkHttp  ( 2571): Connection: Keep-Alive
07-05 21:36:51.133 D/OkHttp  ( 2571): Accept-Encoding: gzip
07-05 21:36:51.133 D/OkHttp  ( 2571): User-Agent: okhttp/3.6.0
07-05 21:36:51.133 D/OkHttp  ( 2571): --> END GET
07-05 21:36:51.134 D/OkHttp  ( 2571): --> GET http://picture.edu.hismarttv.com/images/20170628233313068112.jpg http/1.1
07-05 21:36:51.134 D/OkHttp  ( 2571): Host: picture.edu.hismarttv.com
07-05 21:36:51.134 D/OkHttp  ( 2571): Connection: Keep-Alive
07-05 21:36:51.134 D/OkHttp  ( 2571): Accept-Encoding: gzip
07-05 21:36:51.134 D/OkHttp  ( 2571): User-Agent: okhttp/3.6.0
07-05 21:36:51.134 D/OkHttp  ( 2571): --> END GET
07-05 21:36:51.134 I/MyFragmentStateAdapter( 2571): getCount
07-05 21:36:51.135 D/HttpHandler( 2571): VerifySignInterCeptor-->request.url()=http://picture.edu.hismarttv.com/images/20170629/%E5%A4%9A%E7%91%9E%E5%84%BF%E6%AD%8C.jpg
07-05 21:36:51.135 D/HttpHandler( 2571): VerifySignInterCeptor-->hostname=picture.edu.hismarttv.com
07-05 21:36:51.136 D/HttpHandler( 2571): HttpDNS-->hostname=picture.edu.hismarttv.com
07-05 21:36:51.137 D/HttpHandler( 2571): RAMCache-->hostInfo.getClientTimeStamp()=10640622
07-05 21:36:51.137 D/HttpHandler( 2571): RAMCache-->hostInfo.getTtl()=300
07-05 21:36:51.137 D/HttpHandler( 2571): RAMCache-->SystemClock.elapsedRealtime()=10652709
07-05 21:36:51.140 D/Carousel-CarouselDisplayPlayerLayout( 2571): x=380, y=-185,w=892,h=536, hashCode=627795840
07-05 21:36:51.140 D/Carousel-CarouselDisplayPlayerLayout( 2571): mX=380, mY=-185,mWitdh=892,mHeight=536, hashCode=627795840
07-05 21:36:51.141 D/Carousel-CarouselDisplayPlayerLayout( 2571): changed=false, hashCode=627795840
07-05 21:36:51.141 D/Carousel-CarouselDisplayPlayerLayout( 2571): extraTryCount=2
07-05 21:36:51.146 D/OkHttp  ( 2571): <-- 200 OK http://picture.edu.hismarttv.com/images/20170630060641226550.jpg (29ms)
07-05 21:36:51.146 D/OkHttp  ( 2571): Date: Mon, 03 Jul 2017 11:39:31 GMT
07-05 21:36:51.146 D/OkHttp  ( 2571): Server: nginx
07-05 21:36:51.146 D/OkHttp  ( 2571): Content-Type: image/jpeg
07-05 21:36:51.147 D/OkHttp  ( 2571): Content-Length: 121881
07-05 21:36:51.147 D/OkHttp  ( 2571): Last-Modified: Fri, 30 Jun 2017 06:06:41 GMT
07-05 21:36:51.147 D/OkHttp  ( 2571): ETag: "5955ea71-1dc19"
07-05 21:36:51.147 D/OkHttp  ( 2571): Accept-Ranges: bytes
07-05 21:36:51.147 D/OkHttp  ( 2571): Age: 179840
07-05 21:36:51.147 D/OkHttp  ( 2571): Via: 1.1 wangt170:6 (Cdn Cache Server V2.0)[0 200 0], 1.1 chwt82:5 (Cdn Cache Server V2.0)[0 200 0]
07-05 21:36:51.147 D/OkHttp  ( 2571): Connection: keep-alive
07-05 21:36:51.147 D/OkHttp  ( 2571): <-- END HTTP
07-05 21:36:51.148 D/Carousel-CarouselDisplayPlayerLayout( 2571): x=380, y=-185,w=892,h=536, hashCode=627795840
07-05 21:36:51.148 D/Carousel-CarouselDisplayPlayerLayout( 2571): mX=380, mY=-185,mWitdh=892,mHeight=536, hashCode=627795840
07-05 21:36:51.149 D/Carousel-CarouselDisplayPlayerLayout( 2571): changed=false, hashCode=627795840
07-05 21:36:51.149 D/Carousel-CarouselDisplayPlayerLayout( 2571): extraTryCount=3
07-05 21:36:51.153 D/HttpHandler( 2571): RetryIntercepter-->retryNum=0
07-05 21:36:51.153 D/HttpHandler( 2571): RetryIntercepter-->backoffmutiplier=0
07-05 21:36:51.159 D/Carousel-CarouselDisplayPlayerLayout( 2571): x=380, y=-185,w=892,h=536, hashCode=627795840
07-05 21:36:51.160 D/Carousel-CarouselDisplayPlayerLayout( 2571): mX=380, mY=-185,mWitdh=892,mHeight=536, hashCode=627795840
07-05 21:36:51.160 D/Carousel-CarouselDisplayPlayerLayout( 2571): changed=false, hashCode=627795840
07-05 21:36:51.160 D/Carousel-CarouselDisplayPlayerLayout( 2571): extraTryCount=4
07-05 21:36:51.162 D/OkHttp  ( 2571): <-- 200 OK http://picture.edu.hismarttv.com/images/20170628233313068112.jpg (28ms)
07-05 21:36:51.162 D/OkHttp  ( 2571): Date: Tue, 04 Jul 2017 01:17:06 GMT
07-05 21:36:51.163 D/OkHttp  ( 2571): Server: nginx
07-05 21:36:51.163 D/OkHttp  ( 2571): Content-Type: image/jpeg
07-05 21:36:51.163 D/OkHttp  ( 2571): Content-Length: 61038
07-05 21:36:51.164 D/Carousel-CarouselDisplayPlayerLayout( 2571): x=380, y=-185,w=892,h=536, hashCode=627795840
07-05 21:36:51.164 D/Carousel-CarouselDisplayPlayerLayout( 2571): mX=380, mY=-185,mWitdh=892,mHeight=536, hashCode=627795840
07-05 21:36:51.164 D/Carousel-CarouselDisplayPlayerLayout( 2571): changed=false, hashCode=627795840
07-05 21:36:51.164 D/Carousel-CarouselDisplayPlayerLayout( 2571): extraTryCount=5
07-05 21:36:51.170 D/Carousel-CarouselDisplayPlayerLayout( 2571): x=380, y=-185,w=892,h=536, hashCode=627795840
07-05 21:36:51.170 D/Carousel-CarouselDisplayPlayerLayout( 2571): mX=380, mY=-185,mWitdh=892,mHeight=536, hashCode=627795840
07-05 21:36:51.170 D/Carousel-CarouselDisplayPlayerLayout( 2571): changed=false, hashCode=627795840
07-05 21:36:51.170 D/Carousel-CarouselDisplayPlayerLayout( 2571): extraTryCount=6
07-05 21:36:51.172 D/OkHttp  ( 2571): Last-Modified: Wed, 28 Jun 2017 23:33:13 GMT
07-05 21:36:51.172 D/OkHttp  ( 2571): ETag: "59543cb9-ee6e"
07-05 21:36:51.172 D/OkHttp  ( 2571): Accept-Ranges: bytes
07-05 21:36:51.172 D/OkHttp  ( 2571): Age: 130785
07-05 21:36:51.172 D/OkHttp  ( 2571): Via: 1.1 jnwt244:1 (Cdn Cache Server V2.0)[23 200 0], 1.1 t93:2 (Cdn Cache Server V2.0)[0 200 0]
07-05 21:36:51.172 D/OkHttp  ( 2571): Connection: keep-alive
07-05 21:36:51.172 D/OkHttp  ( 2571): <-- END HTTP
07-05 21:36:51.178 D/HttpHandler( 2571): RetryIntercepter-->retryNum=0
07-05 21:36:51.178 D/HttpHandler( 2571): RetryIntercepter-->backoffmutiplier=0
07-05 21:36:51.187 D/Carousel-CarouselDisplayPlayerLayout( 2571): x=380, y=-185,w=892,h=536, hashCode=627795840
07-05 21:36:51.187 D/Carousel-CarouselDisplayPlayerLayout( 2571): mX=380, mY=-185,mWitdh=892,mHeight=536, hashCode=627795840
