07-05 21:59:06.658 D/til@system( 2026): til_get_system_param option:100002F int:0, bool:0, ret:0
07-05 21:59:06.659 I/TVMW@HsTvSetting( 1234): Trace cmd, data = 0x101f
07-05 21:59:06.659 D/til@system( 2026): til_get_system_param option:100001D int:3, bool:3, ret:0
07-05 21:59:06.659 E/til     ( 2026): [til_get_current_input_source, 101] 
07-05 21:59:06.659 I/TVMW@HsTvSetting( 1234): Trace cmd, data = 0x7007
07-05 21:59:06.659 I/tilwrapper@sm( 2026): HS2TIL_SourceType *hs=0xd, *til=0x900
07-05 21:59:06.659 D/til     ( 2026): get current source 2304
07-05 21:59:06.659 D/SourceRemoteServiceHandler( 2026): getCurrentInputSource.from.til.result is 0, value is 2304
07-05 21:59:06.659 D/SourceRemoteServiceHandler( 2026): getInputSourceType source: 0x900, type=2304
07-05 21:59:06.659 D/til     ( 2026): ###### func:til_get_picture_param option:0x3000006 ######  
07-05 21:59:06.659 I/TVMW@HsTvSetting( 1234): Trace cmd, data = 0x1003
07-05 21:59:06.660 I/TVMW@HsTvSetting( 1234): Trace cmd, data = 0x8032
07-05 21:59:06.660 I/hstvos  ( 1216): [0m[1;33m[HSHAL][HS_VIDEO][HS_HAL_Video_SetOsdDetect_v2][2389]u16Threshold = 20
07-05 21:59:06.660 I/MiSysSrv( 1214): Not support now! 42, change to mm_video!!!
07-05 21:59:06.660 E/TVMW@videoctrl( 1234):  getOsd is 1
07-05 21:59:06.660 D/til@system( 2026): til_get_system_param option:1000027 int:1, bool:1, ret:0
07-05 21:59:06.661 D/til     ( 2026): ###### func:til_get_picture_param option:0x3000045 ######  
07-05 21:59:06.661 I/TVMW@HsTvSetting( 1234): Trace cmd, data = 0x300c
07-05 21:59:06.661 I/TVMW@HsTvSetting( 1234): Trace 3d, data = 0x300c
07-05 21:59:06.661 I/TVMW@3d ( 1234): Hs_debug3d_trace: func:get3dStatus, line:109
07-05 21:59:06.684 I/MyFragmentStateAdapter(14624): getCount
07-05 21:59:06.712 I/MyFragmentStateAdapter(14624): getCount
07-05 21:59:06.745 I/MyFragmentStateAdapter(14624): getCount
07-05 21:59:06.772 I/MyFragmentStateAdapter(14624): getCount
07-05 21:59:06.801 I/MyFragmentStateAdapter(14624): getCount
07-05 21:59:06.826 I/MyFragmentStateAdapter(14624): getCount
07-05 21:59:06.853 I/MyFragmentStateAdapter(14624): getCount
07-05 21:59:06.877 I/MyFragmentStateAdapter(14624): getCount
07-05 21:59:06.905 I/MyFragmentStateAdapter(14624): getCount
07-05 21:59:06.932 I/MyFragmentStateAdapter(14624): getCount
07-05 21:59:06.959 I/MyFragmentStateAdapter(14624): getCount
07-05 21:59:06.983 I/MyFragmentStateAdapter(14624): getCount
07-05 21:59:07.015 I/MyFragmentStateAdapter(14624): getCount
07-05 21:59:07.038 D/PowerManagerService( 1733): acquireWakeLockInternal: lock=113832109, flags=0x1, tag="NetworkStats", ws=null, uid=1000, pid=1733
07-05 21:59:07.038 D/PowerManagerNotifier( 1733): onWakeLockAcquired: flags=1, tag="NetworkStats", packageName=android, ownerUid=1000, ownerPid=1733, workSource=null
07-05 21:59:07.038 D/NtpTrustedTime( 1733): currentTimeMillis() cache hit
07-05 21:59:07.044 D/NtpTrustedTime( 1733): currentTimeMillis() cache hit
07-05 21:59:07.045 D/NtpTrustedTime( 1733): currentTimeMillis() cache hit
07-05 21:59:07.045 D/NtpTrustedTime( 1733): currentTimeMillis() cache hit
07-05 21:59:07.045 D/PowerManagerService( 1733): releaseWakeLockInternal: lock=113832109 [NetworkStats], flags=0x0
07-05 21:59:07.045 D/PowerManagerNotifier( 1733): onWakeLockReleased: flags=1, tag="NetworkStats", packageName=android, ownerUid=1000, ownerPid=1733, workSource=null
07-05 21:59:07.050 I/HLSP2P  ( 3457): ## 2017-07-05 21:59:07.049 [3457,3628,:0] INFO ## [HLSP2P][PunchHelper.cpp:286][INFO][SendHeartBeatMsg][PunchHelper] send heartbeat to punch server(111.161.53.222:8002) ok
07-05 21:59:07.063 I/MyFragmentStateAdapter(14624): getCount
07-05 21:59:07.064 I/HLSP2P  ( 3457): ## 2017-07-05 21:59:07.064 [3457,3630,:0] INFO ## [HLSP2P][PunchHelper.cpp:431][INFO][OnHeartbeatRsp][PunchHelper] punch heartbeat rsp ok
07-05 21:59:07.069 D/MC_MEMORY(16055): max: 256.261888 Mb, heap: 10.10780 Mb, allocated: 9.10215 Mb, free: 0.565 Mb, native heap: 12.12276 Mb, native allocated: 8.8368 Mb, native free: 3.3908 Mb
07-05 21:59:07.095 I/MyFragmentStateAdapter(14624): getCount
07-05 21:59:07.111 I/HLSP2P  (16183): ## 2017-07-05 21:59:07.103 [16183,16481,:0] INFO ## [HLSP2P][DownloadManager.cpp:35][INFO][TryExtendCacheSize]system memory total size : 1912M, free size : 563M, cache add to 30MB
07-05 21:59:07.125 I/MyFragmentStateAdapter(14624): getCount
07-05 21:59:07.152 I/MyFragmentStateAdapter(14624): getCount
07-05 21:59:07.162 I/TVMW@HsTvSetting( 1234): Trace cmd, data = 0x1058
07-05 21:59:07.162 D/til@system( 2026): til_get_system_param option:100002F int:0, bool:0, ret:0
07-05 21:59:07.162 I/TVMW@HsTvSetting( 1234): Trace cmd, data = 0x101f
07-05 21:59:07.162 D/til@system( 2026): til_get_system_param option:100001D int:3, bool:3, ret:0
07-05 21:59:07.162 E/til     ( 2026): [til_get_current_input_source, 101] 
07-05 21:59:07.163 I/TVMW@HsTvSetting( 1234): Trace cmd, data = 0x7007
07-05 21:59:07.163 I/tilwrapper@sm( 2026): HS2TIL_SourceType *hs=0xd, *til=0x900
07-05 21:59:07.163 D/til     ( 2026): get current source 2304
07-05 21:59:07.163 D/SourceRemoteServiceHandler( 2026): getCurrentInputSource.from.til.result is 0, value is 2304
07-05 21:59:07.163 D/SourceRemoteServiceHandler( 2026): getInputSourceType source: 0x900, type=2304
07-05 21:59:07.163 D/til     ( 2026): ###### func:til_get_picture_param option:0x3000006 ######  
07-05 21:59:07.163 I/TVMW@HsTvSetting( 1234): Trace cmd, data = 0x1003
07-05 21:59:07.164 I/TVMW@HsTvSetting( 1234): Trace cmd, data = 0x8032
07-05 21:59:07.164 I/MiSysSrv( 1214): Not support now! 42, change to mm_video!!!
07-05 21:59:07.165 E/TVMW@videoctrl( 1234):  getOsd is 1
07-05 21:59:07.165 D/til@system( 2026): til_get_system_param option:1000027 int:1, bool:1, ret:0
07-05 21:59:07.165 D/til     ( 2026): ###### func:til_get_picture_param option:0x3000045 ######  
07-05 21:59:07.166 I/TVMW@HsTvSetting( 1234): Trace cmd, data = 0x300c
07-05 21:59:07.166 I/TVMW@HsTvSetting( 1234): Trace 3d, data = 0x300c
07-05 21:59:07.166 I/TVMW@3d ( 1234): Hs_debug3d_trace: func:get3dStatus, line:109
07-05 21:59:07.169 I/hstvos  ( 1216): [0m[1;33m[HSHAL][HS_VIDEO][HS_HAL_Video_SetOsdDetect_v2][2389]u16Threshold = 20
07-05 21:59:07.185 I/MyFragmentStateAdapter(14624): getCount
07-05 21:59:07.206 I/NetflixMonitorService( 1733): current fgapk : com.hisense.hicloud.edca
07-05 21:59:07.206 I/NetflixMonitorService( 1733): Netflix status unchanged
07-05 21:59:07.213 I/MyFragmentStateAdapter(14624): getCount
07-05 21:59:07.231 I/TVMW@devctrl( 1234): wdt
07-05 21:59:07.246 I/MyFragmentStateAdapter(14624): getCount
07-05 21:59:07.273 I/MyFragmentStateAdapter(14624): getCount
07-05 21:59:07.303 I/MyFragmentStateAdapter(14624): getCount
07-05 21:59:07.314 D/DtvSourcePlugin-DVBC(15961): Setting the EPG Updater state to: WAIT
07-05 21:59:07.330 I/MyFragmentStateAdapter(14624): getCount
07-05 21:59:07.347 E/btif_config( 2964): [btif_config_get] node is TRUE!
07-05 21:59:07.347 E/btif_config( 2964): [btif_config_get] ret is TRUE!
07-05 21:59:07.358 I/MyFragmentStateAdapter(14624): getCount
07-05 21:59:07.383 I/MyFragmentStateAdapter(14624): getCount
07-05 21:59:07.412 I/MyFragmentStateAdapter(14624): getCount
07-05 21:59:07.437 I/MyFragmentStateAdapter(14624): getCount
07-05 21:59:07.464 I/MyFragmentStateAdapter(14624): getCount
07-05 21:59:07.493 I/MyFragmentStateAdapter(14624): getCount
07-05 21:59:07.522 I/MyFragmentStateAdapter(14624): getCount
07-05 21:59:07.546 I/MyFragmentStateAdapter(14624): getCount
07-05 21:59:07.575 I/MyFragmentStateAdapter(14624): getCount
07-05 21:59:07.601 I/MyFragmentStateAdapter(14624): getCount
07-05 21:59:07.626 I/MyFragmentStateAdapter(14624): getCount
07-05 21:59:07.652 I/MyFragmentStateAdapter(14624): getCount
07-05 21:59:07.667 I/TVMW@HsTvSetting( 1234): Trace cmd, data = 0x1058
07-05 21:59:07.667 D/til@system( 2026): til_get_system_param option:100002F int:0, bool:0, ret:0
07-05 21:59:07.667 I/TVMW@HsTvSetting( 1234): Trace cmd, data = 0x101f
07-05 21:59:07.667 D/til@system( 2026): til_get_system_param option:100001D int:3, bool:3, ret:0
07-05 21:59:07.667 E/til     ( 2026): [til_get_current_input_source, 101] 
07-05 21:59:07.667 I/TVMW@HsTvSetting( 1234): Trace cmd, data = 0x7007
07-05 21:59:07.667 I/tilwrapper@sm( 2026): HS2TIL_SourceType *hs=0xd, *til=0x900
07-05 21:59:07.668 D/til     ( 2026): get current source 2304
07-05 21:59:07.668 D/SourceRemoteServiceHandler( 2026): getCurrentInputSource.from.til.result is 0, value is 2304
07-05 21:59:07.668 D/SourceRemoteServiceHandler( 2026): getInputSourceType source: 0x900, type=2304
07-05 21:59:07.668 D/til     ( 2026): ###### func:til_get_picture_param option:0x3000006 ######  
07-05 21:59:07.668 I/TVMW@HsTvSetting( 1234): Trace cmd, data = 0x1003
07-05 21:59:07.669 I/TVMW@HsTvSetting( 1234): Trace cmd, data = 0x8032
07-05 21:59:07.672 I/hstvos  ( 1216): [0m[1;33m[HSHAL][HS_VIDEO][HS_HAL_Video_SetOsdDetect_v2][2389]u16Threshold = 20
07-05 21:59:07.672 I/MiSysSrv( 1214): Not support now! 42, change to mm_video!!!
07-05 21:59:07.678 E/TVMW@videoctrl( 1234):  getOsd is 1
07-05 21:59:07.678 D/til@system( 2026): til_get_system_param option:1000027 int:1, bool:1, ret:0
07-05 21:59:07.678 D/til     ( 2026): ###### func:til_get_picture_param option:0x3000045 ######  
07-05 21:59:07.681 I/TVMW@HsTvSetting( 1234): Trace cmd, data = 0x300c
07-05 21:59:07.681 I/TVMW@HsTvSetting( 1234): Trace 3d, data = 0x300c
07-05 21:59:07.681 I/TVMW@3d ( 1234): Hs_debug3d_trace: func:get3dStatus, line:109
07-05 21:59:07.688 I/MyFragmentStateAdapter(14624): getCount
07-05 21:59:07.704 I/art     (14589): Background sticky concurrent mark sweep GC freed 13650(723KB) AllocSpace objects, 0(0B) LOS objects, 50% free, 799KB/1618KB, paused 6.526ms total 20.748ms
07-05 21:59:07.713 E/btif_config( 2964): [btif_config_get] node is TRUE!
07-05 21:59:07.713 E/btif_config( 2964): [btif_config_get] ret is TRUE!
07-05 21:59:07.722 I/MyFragmentStateAdapter(14624): getCount
07-05 21:59:07.755 I/MyFragmentStateAdapter(14624): getCount
07-05 21:59:07.782 I/MyFragmentStateAdapter(14624): getCount
07-05 21:59:07.810 I/MyFragmentStateAdapter(14624): getCount
07-05 21:59:07.847 I/MyFragmentStateAdapter(14624): getCount
07-05 21:59:07.874 I/MyFragmentStateAdapter(14624): getCount
07-05 21:59:07.879 D/PowerManagerService( 1733): acquireWakeLockInternal: lock=113832109, flags=0x1, tag="NetworkStats", ws=null, uid=1000, pid=1733
07-05 21:59:07.879 D/PowerManagerNotifier( 1733): onWakeLockAcquired: flags=1, tag="NetworkStats", packageName=android, ownerUid=1000, ownerPid=1733, workSource=null
07-05 21:59:07.879 D/NtpTrustedTime( 1733): currentTimeMillis() cache hit
07-05 21:59:07.886 D/NtpTrustedTime( 1733): currentTimeMillis() cache hit
07-05 21:59:07.889 D/NtpTrustedTime( 1733): currentTimeMillis() cache hit
07-05 21:59:07.889 D/NtpTrustedTime( 1733): currentTimeMillis() cache hit
07-05 21:59:07.892 D/PowerManagerService( 1733): releaseWakeLockInternal: lock=113832109 [NetworkStats], flags=0x0
07-05 21:59:07.892 D/PowerManagerNotifier( 1733): onWakeLockReleased: flags=1, tag="NetworkStats", packageName=android, ownerUid=1000, ownerPid=1733, workSource=null
07-05 21:59:07.897 E/btif_config( 2964): [btif_config_get] node is TRUE!
07-05 21:59:07.897 E/btif_config( 2964): [btif_config_get] ret is TRUE!
07-05 21:59:07.901 E/btif_config( 2964): [btif_config_get] node is TRUE!
07-05 21:59:07.901 E/btif_config( 2964): [btif_config_get] ret is TRUE!
07-05 21:59:07.917 I/MyFragmentStateAdapter(14624): getCount
07-05 21:59:07.946 I/MyFragmentStateAdapter(14624): getCount
07-05 21:59:07.974 I/MyFragmentStateAdapter(14624): getCount
07-05 21:59:08.001 I/MyFragmentStateAdapter(14624): getCount
07-05 21:59:08.027 I/MyFragmentStateAdapter(14624): getCount
07-05 21:59:08.054 I/MyFragmentStateAdapter(14624): getCount
07-05 21:59:08.081 E/btif_config( 2964): [btif_config_get] node is TRUE!
07-05 21:59:08.081 E/btif_config( 2964): [btif_config_get] ret is TRUE!
07-05 21:59:08.082 I/MyFragmentStateAdapter(14624): getCount
07-05 21:59:08.113 I/MyFragmentStateAdapter(14624): getCount
07-05 21:59:08.132 I/TVMW@devctrl( 1234): wdt
07-05 21:59:08.142 I/MyFragmentStateAdapter(14624): getCount
07-05 21:59:08.173 I/MyFragmentStateAdapter(14624): getCount
07-05 21:59:08.182 I/TVMW@HsTvSetting( 1234): Trace cmd, data = 0x1058
07-05 21:59:08.182 D/til@system( 2026): til_get_system_param option:100002F int:0, bool:0, ret:0
07-05 21:59:08.182 I/TVMW@HsTvSetting( 1234): Trace cmd, data = 0x101f
07-05 21:59:08.182 D/til@system( 2026): til_get_system_param option:100001D int:3, bool:3, ret:0
07-05 21:59:08.183 E/til     ( 2026): [til_get_current_input_source, 101] 
07-05 21:59:08.183 I/TVMW@HsTvSetting( 1234): Trace cmd, data = 0x7007
07-05 21:59:08.183 I/tilwrapper@sm( 2026): HS2TIL_SourceType *hs=0xd, *til=0x900
07-05 21:59:08.183 D/til     ( 2026): get current source 2304
07-05 21:59:08.183 D/SourceRemoteServiceHandler( 2026): getCurrentInputSource.from.til.result is 0, value is 2304
07-05 21:59:08.183 D/SourceRemoteServiceHandler( 2026): getInputSourceType source: 0x900, type=2304
07-05 21:59:08.183 D/til     ( 2026): ###### func:til_get_picture_param option:0x3000006 ######  
07-05 21:59:08.183 I/TVMW@HsTvSetting( 1234): Trace cmd, data = 0x1003
07-05 21:59:08.184 I/TVMW@HsTvSetting( 1234): Trace cmd, data = 0x8032
07-05 21:59:08.184 I/hstvos  ( 1216): [0m[1;33m[HSHAL][HS_VIDEO][HS_HAL_Video_SetOsdDetect_v2][2389]u16Threshold = 20
07-05 21:59:08.185 E/TVMW@videoctrl( 1234):  getOsd is 1
07-05 21:59:08.185 D/til@system( 2026): til_get_system_param option:1000027 int:1, bool:1, ret:0
07-05 21:59:08.185 I/MiSysSrv( 1214): Not support now! 42, change to mm_video!!!
07-05 21:59:08.185 D/til     ( 2026): ###### func:til_get_picture_param option:0x3000045 ######  
07-05 21:59:08.185 I/TVMW@HsTvSetting( 1234): Trace cmd, data = 0x300c
07-05 21:59:08.185 I/TVMW@HsTvSetting( 1234): Trace 3d, data = 0x300c
07-05 21:59:08.185 I/TVMW@3d ( 1234): Hs_debug3d_trace: func:get3dStatus, line:109
07-05 21:59:08.207 I/NetflixMonitorService( 1733): current fgapk : com.hisense.hicloud.edca
07-05 21:59:08.207 I/NetflixMonitorService( 1733): Netflix status unchanged
07-05 21:59:08.214 I/MyFragmentStateAdapter(14624): getCount
07-05 21:59:08.241 I/MyFragmentStateAdapter(14624): getCount
07-05 21:59:08.267 E/btif_config( 2964): [btif_config_get] node is TRUE!
07-05 21:59:08.267 E/btif_config( 2964): [btif_config_get] ret is TRUE!
07-05 21:59:08.275 I/MyFragmentStateAdapter(14624): getCount
07-05 21:59:08.320 I/MyFragmentStateAdapter(14624): getCount
07-05 21:59:08.369 I/MiSysSrv( 1214): [37m[INFO] Change to Voltage: 117 mv (0x32)[m
07-05 21:59:08.388 I/MyFragmentStateAdapter(14624): getCount
07-05 21:59:08.425 I/MyFragmentStateAdapter(14624): getCount
07-05 21:59:08.475 I/MyFragmentStateAdapter(14624): getCount
07-05 21:59:08.521 I/MyFragmentStateAdapter(14624): getCount
07-05 21:59:08.552 I/MyFragmentStateAdapter(14624): getCount
07-05 21:59:08.559 D/PowerManagerService( 1733): acquireWakeLockInternal: lock=113832109, flags=0x1, tag="NetworkStats", ws=null, uid=1000, pid=1733
07-05 21:59:08.559 D/PowerManagerNotifier( 1733): onWakeLockAcquired: flags=1, tag="NetworkStats", packageName=android, ownerUid=1000, ownerPid=1733, workSource=null
07-05 21:59:08.559 D/NtpTrustedTime( 1733): currentTimeMillis() cache hit
07-05 21:59:08.569 D/NtpTrustedTime( 1733): currentTimeMillis() cache hit
07-05 21:59:08.570 D/NtpTrustedTime( 1733): currentTimeMillis() cache hit
07-05 21:59:08.570 D/NtpTrustedTime( 1733): currentTimeMillis() cache hit
07-05 21:59:08.570 D/PowerManagerService( 1733): releaseWakeLockInternal: lock=113832109 [NetworkStats], flags=0x0
07-05 21:59:08.570 D/PowerManagerNotifier( 1733): onWakeLockReleased: flags=1, tag="NetworkStats", packageName=android, ownerUid=1000, ownerPid=1733, workSource=null
07-05 21:59:08.580 I/MyFragmentStateAdapter(14624): getCount
07-05 21:59:08.611 I/MyFragmentStateAdapter(14624): getCount
07-05 21:59:08.632 E/btif_config( 2964): [btif_config_get] node is TRUE!
07-05 21:59:08.632 E/btif_config( 2964): [btif_config_get] ret is TRUE!
07-05 21:59:08.632 I/MyFragmentStateAdapter(14624): getCount
07-05 21:59:08.660 I/MyFragmentStateAdapter(14624): getCount
07-05 21:59:08.670 I/MiSysSrv( 1214): [37m[INFO] Change to Voltage: 112 mv (0x2D)[m
07-05 21:59:08.685 I/MyFragmentStateAdapter(14624): getCount
07-05 21:59:08.688 I/TVMW@HsTvSetting( 1234): Trace cmd, data = 0x1058
07-05 21:59:08.688 D/til@system( 2026): til_get_system_param option:100002F int:0, bool:0, ret:0
07-05 21:59:08.688 I/TVMW@HsTvSetting( 1234): Trace cmd, data = 0x101f
07-05 21:59:08.689 D/til@system( 2026): til_get_system_param option:100001D int:3, bool:3, ret:0
07-05 21:59:08.689 E/til     ( 2026): [til_get_current_input_source, 101] 
07-05 21:59:08.689 I/TVMW@HsTvSetting( 1234): Trace cmd, data = 0x7007
07-05 21:59:08.689 I/tilwrapper@sm( 2026): HS2TIL_SourceType *hs=0xd, *til=0x900
07-05 21:59:08.689 D/til     ( 2026): get current source 2304
07-05 21:59:08.689 D/SourceRemoteServiceHandler( 2026): getCurrentInputSource.from.til.result is 0, value is 2304
07-05 21:59:08.689 D/SourceRemoteServiceHandler( 2026): getInputSourceType source: 0x900, type=2304
07-05 21:59:08.689 D/til     ( 2026): ###### func:til_get_picture_param option:0x3000006 ######  
07-05 21:59:08.689 I/TVMW@HsTvSetting( 1234): Trace cmd, data = 0x1003
07-05 21:59:08.690 I/TVMW@HsTvSetting( 1234): Trace cmd, data = 0x8032
07-05 21:59:08.690 I/hstvos  ( 1216): [0m[1;33m[HSHAL][HS_VIDEO][HS_HAL_Video_SetOsdDetect_v2][2389]u16Threshold = 20
07-05 21:59:08.691 I/MiSysSrv( 1214): Not support now! 42, change to mm_video!!!
07-05 21:59:08.691 E/TVMW@videoctrl( 1234):  getOsd is 1
07-05 21:59:08.695 D/til@system( 2026): til_get_system_param option:1000027 int:1, bool:1, ret:0
07-05 21:59:08.695 D/til     ( 2026): ###### func:til_get_picture_param option:0x3000045 ######  
07-05 21:59:08.695 I/TVMW@HsTvSetting( 1234): Trace cmd, data = 0x300c
07-05 21:59:08.695 I/TVMW@HsTvSetting( 1234): Trace 3d, data = 0x300c
07-05 21:59:08.695 I/TVMW@3d ( 1234): Hs_debug3d_trace: func:get3dStatus, line:109
07-05 21:59:08.714 I/MyFragmentStateAdapter(14624): getCount
07-05 21:59:08.737 I/MyFragmentStateAdapter(14624): getCount
07-05 21:59:08.764 I/MyFragmentStateAdapter(14624): getCount
07-05 21:59:08.770 I/MiSysSrv( 1214): [37m[INFO] Change to Voltage: 102 mv (0x23)[m
07-05 21:59:08.800 I/MyFragmentStateAdapter(14624): getCount
07-05 21:59:08.815 E/btif_config( 2964): [btif_config_get] node is TRUE!
07-05 21:59:08.815 E/btif_config( 2964): [btif_config_get] ret is TRUE!
07-05 21:59:08.835 I/MyFragmentStateAdapter(14624): getCount
07-05 21:59:08.863 I/MyFragmentStateAdapter(14624): getCount
07-05 21:59:08.869 I/MiSysSrv( 1214): [37m[INFO] Change to Voltage: 102 mv (0x23)[m
07-05 21:59:08.896 I/MyFragmentStateAdapter(14624): getCount
07-05 21:59:08.925 I/MyFragmentStateAdapter(14624): getCount
07-05 21:59:08.953 I/MyFragmentStateAdapter(14624): getCount
07-05 21:59:08.979 I/MyFragmentStateAdapter(14624): getCount
07-05 21:59:09.008 I/MyFragmentStateAdapter(14624): getCount
07-05 21:59:09.032 I/TVMW@devctrl( 1234): wdt
07-05 21:59:09.041 I/MyFragmentStateAdapter(14624): getCount
07-05 21:59:09.068 I/MyFragmentStateAdapter(14624): getCount
07-05 21:59:09.099 I/MyFragmentStateAdapter(14624): getCount
07-05 21:59:09.127 I/MyFragmentStateAdapter(14624): getCount
07-05 21:59:09.155 I/MyFragmentStateAdapter(14624): getCount
07-05 21:59:09.184 I/MyFragmentStateAdapter(14624): getCount
07-05 21:59:09.199 I/TVMW@HsTvSetting( 1234): Trace cmd, data = 0x1058
07-05 21:59:09.202 D/til@system( 2026): til_get_system_param option:100002F int:0, bool:0, ret:0
07-05 21:59:09.202 I/TVMW@HsTvSetting( 1234): Trace cmd, data = 0x101f
07-05 21:59:09.202 D/til@system( 2026): til_get_system_param option:100001D int:3, bool:3, ret:0
07-05 21:59:09.202 E/til     ( 2026): [til_get_current_input_source, 101] 
07-05 21:59:09.204 I/TVMW@HsTvSetting( 1234): Trace cmd, data = 0x7007
07-05 21:59:09.204 I/tilwrapper@sm( 2026): HS2TIL_SourceType *hs=0xd, *til=0x900
07-05 21:59:09.204 D/til     ( 2026): get current source 2304
07-05 21:59:09.204 D/SourceRemoteServiceHandler( 2026): getCurrentInputSource.from.til.result is 0, value is 2304
07-05 21:59:09.204 D/SourceRemoteServiceHandler( 2026): getInputSourceType source: 0x900, type=2304
07-05 21:59:09.204 D/til     ( 2026): ###### func:til_get_picture_param option:0x3000006 ######  
07-05 21:59:09.204 I/TVMW@HsTvSetting( 1234): Trace cmd, data = 0x1003
07-05 21:59:09.205 I/TVMW@HsTvSetting( 1234): Trace cmd, data = 0x8032
07-05 21:59:09.205 I/hstvos  ( 1216): [0m[1;33m[HSHAL][HS_VIDEO][HS_HAL_Video_SetOsdDetect_v2][2389]u16Threshold = 20
07-05 21:59:09.206 I/MiSysSrv( 1214): Not support now! 42, change to mm_video!!!
07-05 21:59:09.207 I/NetflixMonitorService( 1733): current fgapk : com.hisense.hicloud.edca
07-05 21:59:09.207 I/NetflixMonitorService( 1733): Netflix status unchanged
07-05 21:59:09.208 E/TVMW@videoctrl( 1234):  getOsd is 1
07-05 21:59:09.208 D/til@system( 2026): til_get_system_param option:1000027 int:1, bool:1, ret:0
07-05 21:59:09.208 D/til     ( 2026): ###### func:til_get_picture_param option:0x3000045 ######  
07-05 21:59:09.209 I/TVMW@HsTvSetting( 1234): Trace cmd, data = 0x300c
07-05 21:59:09.209 I/TVMW@HsTvSetting( 1234): Trace 3d, data = 0x300c
07-05 21:59:09.209 I/TVMW@3d ( 1234): Hs_debug3d_trace: func:get3dStatus, line:109
07-05 21:59:09.217 I/MyFragmentStateAdapter(14624): getCount
07-05 21:59:09.255 I/MyFragmentStateAdapter(14624): getCount
07-05 21:59:09.287 I/MyFragmentStateAdapter(14624): getCount
07-05 21:59:09.317 I/MyFragmentStateAdapter(14624): getCount
07-05 21:59:09.347 I/MyFragmentStateAdapter(14624): getCount
07-05 21:59:09.375 I/MyFragmentStateAdapter(14624): getCount
07-05 21:59:09.389 D/PowerManagerService( 1733): acquireWakeLockInternal: lock=113832109, flags=0x1, tag="NetworkStats", ws=null, uid=1000, pid=1733
07-05 21:59:09.389 D/PowerManagerNotifier( 1733): onWakeLockAcquired: flags=1, tag="NetworkStats", packageName=android, ownerUid=1000, ownerPid=1733, workSource=null
07-05 21:59:09.389 D/NtpTrustedTime( 1733): currentTimeMillis() cache hit
07-05 21:59:09.395 D/NtpTrustedTime( 1733): currentTimeMillis() cache hit
07-05 21:59:09.396 D/PowerManagerService( 1733): releaseWakeLockInternal: lock=113832109 [NetworkStats], flags=0x0
07-05 21:59:09.396 D/PowerManagerNotifier( 1733): onWakeLockReleased: flags=1, tag="NetworkStats", packageName=android, ownerUid=1000, ownerPid=1733, workSource=null
07-05 21:59:09.396 D/NtpTrustedTime( 1733): currentTimeMillis() cache hit
07-05 21:59:09.396 D/NtpTrustedTime( 1733): currentTimeMillis() cache hit
07-05 21:59:09.415 I/MyFragmentStateAdapter(14624): getCount
07-05 21:59:09.447 I/MyFragmentStateAdapter(14624): getCount
07-05 21:59:09.474 I/MyFragmentStateAdapter(14624): getCount
07-05 21:59:09.491 V/HotPlugDetectionAction( 1733): Poll all devices.
07-05 21:59:09.504 I/MyFragmentStateAdapter(14624): getCount
07-05 21:59:09.532 I/MyFragmentStateAdapter(14624): getCount
07-05 21:59:09.556 I/MyFragmentStateAdapter(14624): getCount
07-05 21:59:09.582 I/MyFragmentStateAdapter(14624): getCount
07-05 21:59:09.593 D/MyLocalStartService(16899): currentName is :com.hisense.hicloud.edca
07-05 21:59:09.619 I/MyFragmentStateAdapter(14624): getCount
07-05 21:59:09.650 I/MyFragmentStateAdapter(14624): getCount
07-05 21:59:09.677 I/MyFragmentStateAdapter(14624): getCount
07-05 21:59:09.705 I/MyFragmentStateAdapter(14624): getCount
07-05 21:59:09.710 I/TVMW@HsTvSetting( 1234): Trace cmd, data = 0x1058
07-05 21:59:09.711 D/til@system( 2026): til_get_system_param option:100002F int:0, bool:0, ret:0
07-05 21:59:09.711 I/TVMW@HsTvSetting( 1234): Trace cmd, data = 0x101f
07-05 21:59:09.711 D/til@system( 2026): til_get_system_param option:100001D int:3, bool:3, ret:0
07-05 21:59:09.711 E/til     ( 2026): [til_get_current_input_source, 101] 
07-05 21:59:09.711 I/TVMW@HsTvSetting( 1234): Trace cmd, data = 0x7007
07-05 21:59:09.711 I/tilwrapper@sm( 2026): HS2TIL_SourceType *hs=0xd, *til=0x900
07-05 21:59:09.711 D/til     ( 2026): get current source 2304
07-05 21:59:09.712 D/SourceRemoteServiceHandler( 2026): getCurrentInputSource.from.til.result is 0, value is 2304
07-05 21:59:09.712 D/SourceRemoteServiceHandler( 2026): getInputSourceType source: 0x900, type=2304
07-05 21:59:09.712 D/til     ( 2026): ###### func:til_get_picture_param option:0x3000006 ######  
07-05 21:59:09.712 I/TVMW@HsTvSetting( 1234): Trace cmd, data = 0x1003
07-05 21:59:09.712 I/TVMW@HsTvSetting( 1234): Trace cmd, data = 0x8032
07-05 21:59:09.713 I/MiSysSrv( 1214): Not support now! 42, change to mm_video!!!
07-05 21:59:09.713 I/hstvos  ( 1216): [0m[1;33m[HSHAL][HS_VIDEO][HS_HAL_Video_SetOsdDetect_v2][2389]u16Threshold = 20
07-05 21:59:09.713 E/TVMW@videoctrl( 1234):  getOsd is 1
07-05 21:59:09.713 D/til@system( 2026): til_get_system_param option:1000027 int:1, bool:1, ret:0
07-05 21:59:09.713 D/til     ( 2026): ###### func:til_get_picture_param option:0x3000045 ######  
07-05 21:59:09.714 I/TVMW@HsTvSetting( 1234): Trace cmd, data = 0x300c
07-05 21:59:09.714 I/TVMW@HsTvSetting( 1234): Trace 3d, data = 0x300c
07-05 21:59:09.714 I/TVMW@3d ( 1234): Hs_debug3d_trace: func:get3dStatus, line:109
07-05 21:59:09.742 I/MyFragmentStateAdapter(14624): getCount
07-05 21:59:09.770 I/MyFragmentStateAdapter(14624): getCount
07-05 21:59:09.795 I/MyFragmentStateAdapter(14624): getCount
07-05 21:59:09.820 I/MyFragmentStateAdapter(14624): getCount
07-05 21:59:09.844 I/MyFragmentStateAdapter(14624): getCount
07-05 21:59:09.873 I/MyFragmentStateAdapter(14624): getCount
07-05 21:59:09.900 I/MyFragmentStateAdapter(14624): getCount
07-05 21:59:09.925 I/MyFragmentStateAdapter(14624): getCount
07-05 21:59:09.925 E/HDMI_CEC( 1733): Send Message TO[5] 
07-05 21:59:09.925 E/HDMI_CEC( 1733): OP[0], <Feature Abort> 
07-05 21:59:09.925 E/HDMI_CEC( 1733): ========
07-05 21:59:09.933 I/TVMW@devctrl( 1234): wdt
07-05 21:59:09.952 I/MyFragmentStateAdapter(14624): getCount
07-05 21:59:09.969 I/MiSysSrv( 1214): [37m[INFO] Change to Voltage: 117 mv (0x32)[m
07-05 21:59:09.980 I/MyFragmentStateAdapter(14624): getCount
07-05 21:59:09.991 E/HDMI_CEC( 1733): MI_CEC_SendTxPolling, ErrCode[4] 
07-05 21:59:10.012 I/MyFragmentStateAdapter(14624): getCount
07-05 21:59:10.025 E/HDMI_CEC( 1733): Sending message can't be response. 
07-05 21:59:10.036 I/MyFragmentStateAdapter(14624): getCount
07-05 21:59:10.062 I/MyFragmentStateAdapter(14624): getCount
07-05 21:59:10.071 I/MiSysSrv( 1214): [37m[INFO] Change to Voltage: 117 mv (0x32)[m
07-05 21:59:10.089 I/MyFragmentStateAdapter(14624): getCount
07-05 21:59:10.113 I/MyFragmentStateAdapter(14624): getCount
07-05 21:59:10.135 I/MyFragmentStateAdapter(14624): getCount
07-05 21:59:10.159 I/MyFragmentStateAdapter(14624): getCount
07-05 21:59:10.171 I/MiSysSrv( 1214): [37m[INFO] Change to Voltage: 102 mv (0x23)[m
07-05 21:59:10.185 I/MyFragmentStateAdapter(14624): getCount
07-05 21:59:10.198 I/UsageStatsService( 1733): User[0] Flushing usage stats to disk
07-05 21:59:10.208 I/NetflixMonitorService( 1733): current fgapk : com.hisense.hicloud.edca
07-05 21:59:10.208 I/NetflixMonitorService( 1733): Netflix status unchanged
07-05 21:59:10.214 I/MyFragmentStateAdapter(14624): getCount
07-05 21:59:10.218 I/TVMW@HsTvSetting( 1234): Trace cmd, data = 0x1058
07-05 21:59:10.218 D/til@system( 2026): til_get_system_param option:100002F int:0, bool:0, ret:0
07-05 21:59:10.218 I/TVMW@HsTvSetting( 1234): Trace cmd, data = 0x101f
07-05 21:59:10.218 D/til@system( 2026): til_get_system_param option:100001D int:3, bool:3, ret:0
07-05 21:59:10.218 E/til     ( 2026): [til_get_current_input_source, 101] 
07-05 21:59:10.219 I/TVMW@HsTvSetting( 1234): Trace cmd, data = 0x7007
07-05 21:59:10.219 I/tilwrapper@sm( 2026): HS2TIL_SourceType *hs=0xd, *til=0x900
07-05 21:59:10.219 D/til     ( 2026): get current source 2304
07-05 21:59:10.219 D/SourceRemoteServiceHandler( 2026): getCurrentInputSource.from.til.result is 0, value is 2304
07-05 21:59:10.219 D/SourceRemoteServiceHandler( 2026): getInputSourceType source: 0x900, type=2304
07-05 21:59:10.219 D/til     ( 2026): ###### func:til_get_picture_param option:0x3000006 ######  
07-05 21:59:10.219 I/TVMW@HsTvSetting( 1234): Trace cmd, data = 0x1003
07-05 21:59:10.219 I/TVMW@HsTvSetting( 1234): Trace cmd, data = 0x8032
07-05 21:59:10.220 E/TVMW@videoctrl( 1234):  getOsd is 1
07-05 21:59:10.220 I/MiSysSrv( 1214): Not support now! 42, change to mm_video!!!
07-05 21:59:10.220 I/hstvos  ( 1216): [0m[1;33m[HSHAL][HS_VIDEO][HS_HAL_Video_SetOsdDetect_v2][2389]u16Threshold = 20
07-05 21:59:10.220 D/til@system( 2026): til_get_system_param option:1000027 int:1, bool:1, ret:0
07-05 21:59:10.221 D/til     ( 2026): ###### func:til_get_picture_param option:0x3000045 ######  
07-05 21:59:10.221 I/TVMW@HsTvSetting( 1234): Trace cmd, data = 0x300c
07-05 21:59:10.221 I/TVMW@HsTvSetting( 1234): Trace 3d, data = 0x300c
07-05 21:59:10.221 I/TVMW@3d ( 1234): Hs_debug3d_trace: func:get3dStatus, line:109
07-05 21:59:10.234 D/PowerManagerService( 1733): acquireWakeLockInternal: lock=113832109, flags=0x1, tag="NetworkStats", ws=null, uid=1000, pid=1733
07-05 21:59:10.234 D/PowerManagerNotifier( 1733): onWakeLockAcquired: flags=1, tag="NetworkStats", packageName=android, ownerUid=1000, ownerPid=1733, workSource=null
07-05 21:59:10.234 D/NtpTrustedTime( 1733): currentTimeMillis() cache hit
07-05 21:59:10.241 D/NtpTrustedTime( 1733): currentTimeMillis() cache hit
07-05 21:59:10.242 D/PowerManagerService( 1733): releaseWakeLockInternal: lock=113832109 [NetworkStats], flags=0x0
07-05 21:59:10.242 D/PowerManagerNotifier( 1733): onWakeLockReleased: flags=1, tag="NetworkStats", packageName=android, ownerUid=1000, ownerPid=1733, workSource=null
07-05 21:59:10.242 D/NtpTrustedTime( 1733): currentTimeMillis() cache hit
07-05 21:59:10.242 D/NtpTrustedTime( 1733): currentTimeMillis() cache hit
07-05 21:59:10.250 I/MyFragmentStateAdapter(14624): getCount
07-05 21:59:10.270 I/MiSysSrv( 1214): [37m[INFO] Change to Voltage: 102 mv (0x23)[m
07-05 21:59:10.294 I/MyFragmentStateAdapter(14624): getCount
07-05 21:59:10.317 D/DtvSourcePlugin-DVBC(15961): Setting the EPG Updater state to: WAIT
07-05 21:59:10.334 I/MyFragmentStateAdapter(14624): getCount
07-05 21:59:10.368 I/MyFragmentStateAdapter(14624): getCount
07-05 21:59:10.369 I/MiSysSrv( 1214): [37m[INFO] Change to Voltage: 102 mv (0x23)[m
07-05 21:59:10.396 I/MyFragmentStateAdapter(14624): getCount
07-05 21:59:10.430 I/MyFragmentStateAdapter(14624): getCount
07-05 21:59:10.471 I/MyFragmentStateAdapter(14624): getCount
07-05 21:59:10.504 I/MyFragmentStateAdapter(14624): getCount
07-05 21:59:10.531 I/MyFragmentStateAdapter(14624): getCount
07-05 21:59:10.563 I/MyFragmentStateAdapter(14624): getCount
07-05 21:59:10.596 I/MyFragmentStateAdapter(14624): getCount
07-05 21:59:10.628 I/MyFragmentStateAdapter(14624): getCount
07-05 21:59:10.654 I/MyFragmentStateAdapter(14624): getCount
07-05 21:59:10.680 I/MyFragmentStateAdapter(14624): getCount
07-05 21:59:10.710 I/MyFragmentStateAdapter(14624): getCount
07-05 21:59:10.722 I/TVMW@HsTvSetting( 1234): Trace cmd, data = 0x1058
07-05 21:59:10.722 D/til@system( 2026): til_get_system_param option:100002F int:0, bool:0, ret:0
07-05 21:59:10.723 I/TVMW@HsTvSetting( 1234): Trace cmd, data = 0x101f
07-05 21:59:10.723 D/til@system( 2026): til_get_system_param option:100001D int:3, bool:3, ret:0
07-05 21:59:10.723 E/til     ( 2026): [til_get_current_input_source, 101] 
07-05 21:59:10.723 I/TVMW@HsTvSetting( 1234): Trace cmd, data = 0x7007
07-05 21:59:10.723 I/tilwrapper@sm( 2026): HS2TIL_SourceType *hs=0xd, *til=0x900
07-05 21:59:10.723 D/til     ( 2026): get current source 2304
07-05 21:59:10.723 D/SourceRemoteServiceHandler( 2026): getCurrentInputSource.from.til.result is 0, value is 2304
07-05 21:59:10.723 D/SourceRemoteServiceHandler( 2026): getInputSourceType source: 0x900, type=2304
07-05 21:59:10.724 D/til     ( 2026): ###### func:til_get_picture_param option:0x3000006 ######  
07-05 21:59:10.724 I/TVMW@HsTvSetting( 1234): Trace cmd, data = 0x1003
07-05 21:59:10.724 I/TVMW@HsTvSetting( 1234): Trace cmd, data = 0x8032
07-05 21:59:10.724 I/hstvos  ( 1216): [0m[1;33m[HSHAL][HS_VIDEO][HS_HAL_Video_SetOsdDetect_v2][2389]u16Threshold = 20
07-05 21:59:10.725 I/MiSysSrv( 1214): Not support now! 42, change to mm_video!!!
07-05 21:59:10.725 E/TVMW@videoctrl( 1234):  getOsd is 1
07-05 21:59:10.725 D/til@system( 2026): til_get_system_param option:1000027 int:1, bool:1, ret:0
07-05 21:59:10.725 D/til     ( 2026): ###### func:til_get_picture_param option:0x3000045 ######  
07-05 21:59:10.726 I/TVMW@HsTvSetting( 1234): Trace cmd, data = 0x300c
07-05 21:59:10.726 I/TVMW@HsTvSetting( 1234): Trace 3d, data = 0x300c
07-05 21:59:10.726 I/TVMW@3d ( 1234): Hs_debug3d_trace: func:get3dStatus, line:109
07-05 21:59:10.753 I/MyFragmentStateAdapter(14624): getCount
07-05 21:59:10.782 I/MyFragmentStateAdapter(14624): getCount
07-05 21:59:10.810 I/MyFragmentStateAdapter(14624): getCount
07-05 21:59:10.834 I/TVMW@devctrl( 1234): wdt
07-05 21:59:10.837 I/MyFragmentStateAdapter(14624): getCount
07-05 21:59:10.837 E/btif_config( 2964): [btif_config_get] node is TRUE!
07-05 21:59:10.837 E/btif_config( 2964): [btif_config_get] ret is TRUE!
07-05 21:59:10.865 I/MyFragmentStateAdapter(14624): getCount
07-05 21:59:10.895 I/MyFragmentStateAdapter(14624): getCount
07-05 21:59:10.925 I/MyFragmentStateAdapter(14624): getCount
07-05 21:59:10.953 I/MyFragmentStateAdapter(14624): getCount
07-05 21:59:10.981 I/MyFragmentStateAdapter(14624): getCount
07-05 21:59:10.987 D/HDMI    ( 1733): [P]:AllocatedAddress=[]
07-05 21:59:11.011 D/CommonHeader(14624): app logo :refreshTimer: isRotatetrue
07-05 21:59:11.019 I/MyFragmentStateAdapter(14624): getCount
07-05 21:59:11.050 I/MyFragmentStateAdapter(14624): getCount
07-05 21:59:11.069 D/PowerManagerService( 1733): acquireWakeLockInternal: lock=113832109, flags=0x1, tag="NetworkStats", ws=null, uid=1000, pid=1733
07-05 21:59:11.070 D/PowerManagerNotifier( 1733): onWakeLockAcquired: flags=1, tag="NetworkStats", packageName=android, ownerUid=1000, ownerPid=1733, workSource=null
07-05 21:59:11.070 D/NtpTrustedTime( 1733): currentTimeMillis() cache hit
07-05 21:59:11.076 D/NtpTrustedTime( 1733): currentTimeMillis() cache hit
07-05 21:59:11.077 D/NtpTrustedTime( 1733): currentTimeMillis() cache hit
07-05 21:59:11.077 D/NtpTrustedTime( 1733): currentTimeMillis() cache hit
07-05 21:59:11.077 D/PowerManagerService( 1733): releaseWakeLockInternal: lock=113832109 [NetworkStats], flags=0x0
07-05 21:59:11.078 D/PowerManagerNotifier( 1733): onWakeLockReleased: flags=1, tag="NetworkStats", packageName=android, ownerUid=1000, ownerPid=1733, workSource=null
07-05 21:59:11.094 I/MyFragmentStateAdapter(14624): getCount
07-05 21:59:11.123 I/MyFragmentStateAdapter(14624): getCount
07-05 21:59:11.149 I/MyFragmentStateAdapter(14624): getCount
07-05 21:59:11.176 I/MyFragmentStateAdapter(14624): getCount
07-05 21:59:11.202 E/btif_config( 2964): [btif_config_get] node is TRUE!
07-05 21:59:11.202 E/btif_config( 2964): [btif_config_get] ret is TRUE!
07-05 21:59:11.203 I/MyFragmentStateAdapter(14624): getCount
07-05 21:59:11.208 I/NetflixMonitorService( 1733): current fgapk : com.hisense.hicloud.edca
07-05 21:59:11.208 I/NetflixMonitorService( 1733): Netflix status unchanged
07-05 21:59:11.226 I/TVMW@HsTvSetting( 1234): Trace cmd, data = 0x1058
07-05 21:59:11.226 D/til@system( 2026): til_get_system_param option:100002F int:0, bool:0, ret:0
07-05 21:59:11.226 I/TVMW@HsTvSetting( 1234): Trace cmd, data = 0x101f
07-05 21:59:11.227 D/til@system( 2026): til_get_system_param option:100001D int:3, bool:3, ret:0
07-05 21:59:11.227 E/til     ( 2026): [til_get_current_input_source, 101] 
07-05 21:59:11.227 I/TVMW@HsTvSetting( 1234): Trace cmd, data = 0x7007
07-05 21:59:11.227 I/tilwrapper@sm( 2026): HS2TIL_SourceType *hs=0xd, *til=0x900
07-05 21:59:11.227 D/til     ( 2026): get current source 2304
07-05 21:59:11.227 D/SourceRemoteServiceHandler( 2026): getCurrentInputSource.from.til.result is 0, value is 2304
07-05 21:59:11.227 D/SourceRemoteServiceHandler( 2026): getInputSourceType source: 0x900, type=2304
07-05 21:59:11.227 D/til     ( 2026): ###### func:til_get_picture_param option:0x3000006 ######  
07-05 21:59:11.227 I/TVMW@HsTvSetting( 1234): Trace cmd, data = 0x1003
07-05 21:59:11.228 I/TVMW@HsTvSetting( 1234): Trace cmd, data = 0x8032
07-05 21:59:11.228 I/hstvos  ( 1216): [0m[1;33m[HSHAL][HS_VIDEO][HS_HAL_Video_SetOsdDetect_v2][2389]u16Threshold = 20
07-05 21:59:11.228 E/TVMW@videoctrl( 1234):  getOsd is 1
07-05 21:59:11.228 D/til@system( 2026): til_get_system_param option:1000027 int:1, bool:1, ret:0
07-05 21:59:11.229 D/til     ( 2026): ###### func:til_get_picture_param option:0x3000045 ######  
07-05 21:59:11.229 I/MiSysSrv( 1214): Not support now! 42, change to mm_video!!!
07-05 21:59:11.229 I/TVMW@HsTvSetting( 1234): Trace cmd, data = 0x300c
07-05 21:59:11.229 I/TVMW@HsTvSetting( 1234): Trace 3d, data = 0x300c
07-05 21:59:11.229 I/TVMW@3d ( 1234): Hs_debug3d_trace: func:get3dStatus, line:109
07-05 21:59:11.237 I/MyFragmentStateAdapter(14624): getCount
07-05 21:59:11.265 I/MyFragmentStateAdapter(14624): getCount
07-05 21:59:11.296 I/MyFragmentStateAdapter(14624): getCount
07-05 21:59:11.323 I/MyFragmentStateAdapter(14624): getCount
07-05 21:59:11.351 I/MyFragmentStateAdapter(14624): getCount
07-05 21:59:11.382 I/MyFragmentStateAdapter(14624): getCount
07-05 21:59:11.414 I/MyFragmentStateAdapter(14624): getCount
07-05 21:59:11.446 I/MyFragmentStateAdapter(14624): getCount
07-05 21:59:11.471 I/MyFragmentStateAdapter(14624): getCount
07-05 21:59:11.498 I/MyFragmentStateAdapter(14624): getCount
07-05 21:59:11.527 I/MyFragmentStateAdapter(14624): getCount
07-05 21:59:11.559 I/MyFragmentStateAdapter(14624): getCount
07-05 21:59:11.568 E/btif_config( 2964): [btif_config_get] node is TRUE!
07-05 21:59:11.568 E/btif_config( 2964): [btif_config_get] ret is TRUE!
07-05 21:59:11.594 I/MyFragmentStateAdapter(14624): getCount
07-05 21:59:11.626 I/MyFragmentStateAdapter(14624): getCount
07-05 21:59:11.654 I/MyFragmentStateAdapter(14624): getCount
07-05 21:59:11.681 I/MyFragmentStateAdapter(14624): getCount
07-05 21:59:11.710 I/MyFragmentStateAdapter(14624): getCount
07-05 21:59:11.712 D/PowerManagerService( 1733): acquireWakeLockInternal: lock=113832109, flags=0x1, tag="NetworkStats", ws=null, uid=1000, pid=1733
07-05 21:59:11.712 D/PowerManagerNotifier( 1733): onWakeLockAcquired: flags=1, tag="NetworkStats", packageName=android, ownerUid=1000, ownerPid=1733, workSource=null
07-05 21:59:11.712 D/NtpTrustedTime( 1733): currentTimeMillis() cache hit
07-05 21:59:11.719 D/NtpTrustedTime( 1733): currentTimeMillis() cache hit
07-05 21:59:11.719 D/PowerManagerService( 1733): releaseWakeLockInternal: lock=113832109 [NetworkStats], flags=0x0
07-05 21:59:11.720 D/PowerManagerNotifier( 1733): onWakeLockReleased: flags=1, tag="NetworkStats", packageName=android, ownerUid=1000, ownerPid=1733, workSource=null
07-05 21:59:11.720 D/NtpTrustedTime( 1733): currentTimeMillis() cache hit
07-05 21:59:11.720 D/NtpTrustedTime( 1733): currentTimeMillis() cache hit
07-05 21:59:11.730 I/TVMW@HsTvSetting( 1234): Trace cmd, data = 0x1058
07-05 21:59:11.730 D/til@system( 2026): til_get_system_param option:100002F int:0, bool:0, ret:0
07-05 21:59:11.730 I/TVMW@HsTvSetting( 1234): Trace cmd, data = 0x101f
07-05 21:59:11.730 D/til@system( 2026): til_get_system_param option:100001D int:3, bool:3, ret:0
07-05 21:59:11.731 E/til     ( 2026): [til_get_current_input_source, 101] 
07-05 21:59:11.731 I/TVMW@HsTvSetting( 1234): Trace cmd, data = 0x7007
07-05 21:59:11.731 I/tilwrapper@sm( 2026): HS2TIL_SourceType *hs=0xd, *til=0x900
07-05 21:59:11.731 D/til     ( 2026): get current source 2304
07-05 21:59:11.731 D/SourceRemoteServiceHandler( 2026): getCurrentInputSource.from.til.result is 0, value is 2304
07-05 21:59:11.731 D/SourceRemoteServiceHandler( 2026): getInputSourceType source: 0x900, type=2304
07-05 21:59:11.731 D/til     ( 2026): ###### func:til_get_picture_param option:0x3000006 ######  
07-05 21:59:11.731 I/TVMW@HsTvSetting( 1234): Trace cmd, data = 0x1003
07-05 21:59:11.732 I/TVMW@HsTvSetting( 1234): Trace cmd, data = 0x8032
07-05 21:59:11.732 I/hstvos  ( 1216): [0m[1;33m[HSHAL][HS_VIDEO][HS_HAL_Video_SetOsdDetect_v2][2389]u16Threshold = 20
07-05 21:59:11.733 I/MiSysSrv( 1214): Not support now! 42, change to mm_video!!!
07-05 21:59:11.733 E/TVMW@videoctrl( 1234):  getOsd is 1
07-05 21:59:11.733 D/til@system( 2026): til_get_system_param option:1000027 int:1, bool:1, ret:0
07-05 21:59:11.733 D/til     ( 2026): ###### func:til_get_picture_param option:0x3000045 ######  
07-05 21:59:11.734 I/TVMW@HsTvSetting( 1234): Trace cmd, data = 0x300c
07-05 21:59:11.734 I/TVMW@devctrl( 1234): wdt
07-05 21:59:11.734 I/TVMW@HsTvSetting( 1234): Trace 3d, data = 0x300c
07-05 21:59:11.734 I/TVMW@3d ( 1234): Hs_debug3d_trace: func:get3dStatus, line:109
07-05 21:59:11.746 I/MyFragmentStateAdapter(14624): getCount
07-05 21:59:11.749 E/btif_config( 2964): [btif_config_get] node is TRUE!
07-05 21:59:11.749 E/btif_config( 2964): [btif_config_get] ret is TRUE!
07-05 21:59:11.765 I/HLSP2P  (16224): ## 2017-07-05 21:59:11.765 [16224,16378,:0] INFO ## [HLSP2P][TaskManager.cpp:838][INFO][UpdateGlobalInfo]totalDataSize: 0, totalMemorySize: 0, totalCacheSize: 0, PlayTaskAllFinish: 0
07-05 21:59:11.770 I/HLSP2P  (16224): ## 2017-07-05 21:59:11.767 [16224,16378,:0] INFO ## [HLSP2P][TaskManager.cpp:1348][INFO][TryAdjustMemorySize]system memory total size: 1912M, free size: 548MB, cache add to 100MB, AppState: 14, IsLowMemory: 0
07-05 21:59:11.791 I/MyFragmentStateAdapter(14624): getCount
07-05 21:59:11.820 I/MyFragmentStateAdapter(14624): getCount
07-05 21:59:11.846 I/MyFragmentStateAdapter(14624): getCount
07-05 21:59:11.874 I/MyFragmentStateAdapter(14624): getCount
07-05 21:59:11.905 I/MyFragmentStateAdapter(14624): getCount
07-05 21:59:11.935 I/MyFragmentStateAdapter(14624): getCount
07-05 21:59:11.967 I/MyFragmentStateAdapter(14624): getCount
07-05 21:59:11.995 I/MyFragmentStateAdapter(14624): getCount
07-05 21:59:12.026 I/MyFragmentStateAdapter(14624): getCount
07-05 21:59:12.048 W/art     (14624): Suspending all threads took: 7.114ms
07-05 21:59:12.069 I/MyFragmentStateAdapter(14624): getCount
07-05 21:59:12.095 D/MC_MEMORY(16055): max: 256.261888 Mb, heap: 10.10780 Mb, allocated: 9.10220 Mb, free: 0.561 Mb, native heap: 12.12276 Mb, native allocated: 8.8368 Mb, native free: 3.3908 Mb
07-05 21:59:12.095 I/art     (14624): Background sticky concurrent mark sweep GC freed 124699(3MB) AllocSpace objects, 0(0B) LOS objects, 5% free, 34MB/36MB, paused 10.882ms total 83.255ms
07-05 21:59:12.106 I/MyFragmentStateAdapter(14624): getCount
07-05 21:59:12.136 I/MyFragmentStateAdapter(14624): getCount
07-05 21:59:12.159 D/PowerManagerService( 1733): acquireWakeLockInternal: lock=113832109, flags=0x1, tag="NetworkStats", ws=null, uid=1000, pid=1733
07-05 21:59:12.159 D/PowerManagerNotifier( 1733): onWakeLockAcquired: flags=1, tag="NetworkStats", packageName=android, ownerUid=1000, ownerPid=1733, workSource=null
07-05 21:59:12.159 D/NtpTrustedTime( 1733): currentTimeMillis() cache hit
07-05 21:59:12.166 D/NtpTrustedTime( 1733): currentTimeMillis() cache hit
07-05 21:59:12.167 D/NtpTrustedTime( 1733): currentTimeMillis() cache hit
07-05 21:59:12.167 D/NtpTrustedTime( 1733): currentTimeMillis() cache hit
07-05 21:59:12.167 D/PowerManagerService( 1733): releaseWakeLockInternal: lock=113832109 [NetworkStats], flags=0x0
07-05 21:59:12.167 D/PowerManagerNotifier( 1733): onWakeLockReleased: flags=1, tag="NetworkStats", packageName=android, ownerUid=1000, ownerPid=1733, workSource=null
07-05 21:59:12.172 I/MyFragmentStateAdapter(14624): getCount
07-05 21:59:12.202 I/MyFragmentStateAdapter(14624): getCount
07-05 21:59:12.209 I/NetflixMonitorService( 1733): current fgapk : com.hisense.hicloud.edca
07-05 21:59:12.209 I/NetflixMonitorService( 1733): Netflix status unchanged
07-05 21:59:12.235 I/TVMW@HsTvSetting( 1234): Trace cmd, data = 0x1058
07-05 21:59:12.235 D/til@system( 2026): til_get_system_param option:100002F int:0, bool:0, ret:0
07-05 21:59:12.236 I/TVMW@HsTvSetting( 1234): Trace cmd, data = 0x101f
07-05 21:59:12.236 D/til@system( 2026): til_get_system_param option:100001D int:3, bool:3, ret:0
07-05 21:59:12.236 E/til     ( 2026): [til_get_current_input_source, 101] 
07-05 21:59:12.236 I/TVMW@HsTvSetting( 1234): Trace cmd, data = 0x7007
07-05 21:59:12.236 I/tilwrapper@sm( 2026): HS2TIL_SourceType *hs=0xd, *til=0x900
07-05 21:59:12.236 D/til     ( 2026): get current source 2304
07-05 21:59:12.236 D/SourceRemoteServiceHandler( 2026): getCurrentInputSource.from.til.result is 0, value is 2304
07-05 21:59:12.237 D/SourceRemoteServiceHandler( 2026): getInputSourceType source: 0x900, type=2304
07-05 21:59:12.237 D/til     ( 2026): ###### func:til_get_picture_param option:0x3000006 ######  
07-05 21:59:12.237 I/TVMW@HsTvSetting( 1234): Trace cmd, data = 0x1003
07-05 21:59:12.237 I/TVMW@HsTvSetting( 1234): Trace cmd, data = 0x8032
07-05 21:59:12.238 I/hstvos  ( 1216): [0m[1;33m[HSHAL][HS_VIDEO][HS_HAL_Video_SetOsdDetect_v2][2389]u16Threshold = 20
07-05 21:59:12.238 I/MiSysSrv( 1214): Not support now! 42, change to mm_video!!!
07-05 21:59:12.239 E/TVMW@videoctrl( 1234):  getOsd is 1
07-05 21:59:12.239 D/til@system( 2026): til_get_system_param option:1000027 int:1, bool:1, ret:0
07-05 21:59:12.239 D/til     ( 2026): ###### func:til_get_picture_param option:0x3000045 ######  
07-05 21:59:12.239 I/TVMW@HsT