07-05 22:55:09.960 V/AudioPolicyManager( 1206): DeviceVector::getDevice() for type 00008000 address 0 found 0x0
07-05 22:55:09.960 V/AudioPolicyManager( 1206): DeviceVector::getDevice() for type 00008000 address 0 found 0x0
07-05 22:55:09.960 V/AudioPolicyManager( 1206): DeviceVector::getDevice() for type 00008000 address 0 found 0x0
07-05 22:55:09.960 V/AudioPolicyManager( 1206): DeviceVector::getDevice() for type 00008000 address 0 found 0x0
07-05 22:55:09.961 V/NuPlayer( 1206): decoder video flush completed
07-05 22:55:09.961 V/NuPlayer( 1206): initiating video decoder shutdown
07-05 22:55:09.961 D/NuPlayer( 1206): rrrr video decoder executing, canreset set true
07-05 22:55:09.961 I/MS_OMX_BASEPORT( 1206): [OMX.MS.AVC.Decoder]MS_OMX_FlushPort: 0
07-05 22:55:09.961 D/MSTAR_VDEC_API( 1206): [0] Flush: Begin (0)
07-05 22:55:09.962 D/OkHttp  (13153): <-- 200 OK http://picture.edu.hismarttv.com/images/20170629/20161111081033896636.jpg (20ms)
07-05 22:55:09.962 D/OkHttp  (13153): Date: Tue, 04 Jul 2017 05:33:37 GMT
07-05 22:55:09.962 D/OkHttp  (13153): Server: nginx
07-05 22:55:09.962 D/OkHttp  (13153): Content-Type: image/jpeg
07-05 22:55:09.962 D/OkHttp  (13153): Content-Length: 94994
07-05 22:55:09.962 D/OkHttp  (13153): Last-Modified: Fri, 09 Jun 2017 14:48:34 GMT
07-05 22:55:09.962 D/OkHttp  (13153): ETag: "593ab542-17312"
07-05 22:55:09.962 D/OkHttp  (13153): Accept-Ranges: bytes
07-05 22:55:09.962 D/OkHttp  (13153): Age: 120092
07-05 22:55:09.962 D/OkHttp  (13153): Via: 1.1 shzh54:2 (Cdn Cache Server V2.0)[18 200 0], 1.1 angtong95:2 (Cdn Cache Server V2.0)[0 200 0]
07-05 22:55:09.962 D/OkHttp  (13153): Connection: keep-alive
07-05 22:55:09.962 D/OkHttp  (13153): <-- END HTTP
07-05 22:55:09.962 D/MSTAR_VDEC_API( 1206): [0] Flush: OK
07-05 22:55:09.963 D/OkHttp  (13153): <-- 200 OK http://picture.edu.hismarttv.com/images/20170630035014817721.jpg (24ms)
07-05 22:55:09.963 I/MS_OMX_BASEPORT( 1206): [OMX.MS.AVC.Decoder]MS_OMX_FlushPort: 1
07-05 22:55:09.963 D/OkHttp  (13153): Date: Tue, 04 Jul 2017 01:17:04 GMT
07-05 22:55:09.963 D/OkHttp  (13153): Server: nginx
07-05 22:55:09.963 D/OkHttp  (13153): Content-Type: image/jpeg
07-05 22:55:09.963 D/OkHttp  (13153): Content-Length: 108221
07-05 22:55:09.963 D/OkHttp  (13153): Last-Modified: Fri, 30 Jun 2017 03:50:14 GMT
07-05 22:55:09.963 D/OkHttp  (13153): ETag: "5955ca76-1a6bd"
07-05 22:55:09.963 D/OkHttp  (13153): Accept-Ranges: bytes
07-05 22:55:09.963 D/OkHttp  (13153): Age: 135485
07-05 22:55:09.963 D/OkHttp  (13153): Via: 1.1 hewangtong169:9 (Cdn Cache Server V2.0)[0 200 0], 1.1 angtong95:6 (Cdn Cache Server V2.0)[0 200 0]
07-05 22:55:09.963 D/OkHttp  (13153): Connection: keep-alive
07-05 22:55:09.963 D/OkHttp  (13153): <-- END HTTP
07-05 22:55:09.964 D/MS_OMX_VDEC( 1206): Free pBuffer[0]: 0xba003000
07-05 22:55:09.964 D/MS_OMX_VDEC( 1206): Free pBuffer[0]: 0xf1818000
07-05 22:55:09.965 D/MS_OMX_VDEC( 1206): Free pBuffer[0]: 0xd7403000
07-05 22:55:09.965 D/MS_OMX_VDEC( 1206): Free pBuffer[0]: 0xb9c03000
07-05 22:55:09.966 D/MS_OMX_VDEC( 1206): Free pBuffer[0]: 0xba8fc000
07-05 22:55:09.968 D/MSTAR_VDEC_API( 1206): [0] Flush: Begin (0)
07-05 22:55:09.969 D/HttpHandler(13153): RetryIntercepter-->retryNum=0
07-05 22:55:09.969 D/HttpHandler(13153): RetryIntercepter-->backoffmutiplier=0
07-05 22:55:09.969 D/MSTAR_VDEC_API( 1206): [0] Flush: OK
07-05 22:55:09.970 D/HttpHandler(13153): RetryIntercepter-->retryNum=0
07-05 22:55:09.970 D/HttpHandler(13153): RetryIntercepter-->backoffmutiplier=0
07-05 22:55:09.987 D/gralloc ( 1204): allocate buffer from ION HEAP 0x1
07-05 22:55:09.987 D/gralloc ( 1204): allocate memory from system heap
07-05 22:55:09.989 D/gralloc ( 1204): allocate buffer from ION HEAP 0x1
07-05 22:55:09.989 D/gralloc ( 1204): allocate memory from system heap
07-05 22:55:09.993 D/hwcomposer( 1204): Overlay[0], bInUsed = 0, bIsForceClose = 0
07-05 22:55:09.993 D/vsyncbridge( 1204): [0] handle_thread thread got msg 0x1, mState = 3
07-05 22:55:09.993 D/vsyncbridge( 1204): Overlay 0 state change from 3 to 0
07-05 22:55:09.993 D/vsyncbridge( 1204): Remove Overlay 0
07-05 22:55:09.993 I/SurfaceFlinger( 1204): the layer SurfaceView is used to close xc and zorder is smallerest! clear region
07-05 22:55:10.008 I/MiSysSrv( 1214): [leon.luo]EnableVideoMute = 1,enColor = 5
07-05 22:55:10.011 I/SurfaceFlinger( 1204): the layer SurfaceView is used to close xc and zorder is smallerest! clear region
07-05 22:55:10.019 D/        ( 1206): [VDEC][0]MApi_CMA_Pool_PutMem0 in vdec: cmaFreeParam.pool_handle_id=13, cmaFreeParam.offset_in_pool=1000000, cmaFreeParam.length=8200000
07-05 22:55:10.020 I/MSTAR_VDEC_API( 1206): stored streamId: 0:4040
07-05 22:55:10.020 I/MSTAR_VDEC_API( 1206): remove StreamId: 0x4040
07-05 22:55:10.021 D/MSTAR_VDEC_API( 1206): [0] MsVdecClose OK
07-05 22:55:10.022 D/MediaCodec( 1206): MediaCodec::~MediaCodec ---- Enter  mState:0
07-05 22:55:10.023 V/NuPlayer( 1206): video shutdown completed
07-05 22:55:10.023 D/hwcomposer( 1204): lastVideoPlanes is dirty
07-05 22:55:10.024 V/NuPlayer( 1206): both audio and video are flushed now.
07-05 22:55:10.024 V/NuPlayer( 1206): performReset start pthread_id:d783a300
07-05 22:55:10.024 V/RMClient( 1206): #359:RMClient::returnAllResourcesAsync
07-05 22:55:10.025 V/RMClient( 1206): #359:onMessageReceived cret
07-05 22:55:10.025 V/RMClient( 1206): #359:kWhatCmdReturnAllResources
07-05 22:55:10.025 V/RMAllocator( 1198): Deallocating resources for #359
07-05 22:55:10.026 V/RMAllocator( 1198): ~ClientInfo
07-05 22:55:10.026 I/RMAllocator( 1198): ~ClientInfo this=2382671552,mRMClient=2382853568. id=359
07-05 22:55:10.026 W/RMAllocator( 1198): returnAllResourcesFor: not registered, nothing to do
07-05 22:55:10.026 V/RMClient( 1206): #359:handleEvent lret
07-05 22:55:10.026 V/RMClient( 1206): #359:Done
07-05 22:55:10.026 V/RMClient( 1206): #359:onMessageReceived lret
07-05 22:55:10.026 V/RMClient( 1206): #359:kWhatAllResourcesReturned
07-05 22:55:10.026 I/NuPlayer( 1206): NuPlayerRMClientListener::handleAllResourcesReturned
07-05 22:55:10.026 V/NuPlayer( 1206): [handleAllResourcesReturned-3223]
07-05 22:55:10.026 I/GenericSource( 1206): stop
07-05 22:55:10.026 V/RMClient( 1206): #359:Done
07-05 22:55:10.028 I/FFmpegExtractor( 1206): reader thread goto end...
07-05 22:55:10.029 I/FFmpegExtractor( 1206): stream_component_close ---- streamIndex: 0
07-05 22:55:10.034 E/MessageService(15912): MSG_PULL ... getMsg null or error
07-05 22:55:10.040 I/MiSysSrv( 1214): Not support now! 42, change to mm_video!!!
07-05 22:55:10.040 I/MiSysSrv( 1214): [XC,SetWindow][MApi_XC_SetDynamicScaling_U2,  342] It's dynamic scaling case(0,0,0)
07-05 22:55:10.040 I/MiSysSrv( 1214): [XC,SetWindow][MHAL_SC_Set_DynamicScaling,  522] [MHAL_SC_Set_DynamicScaling,  522] [DS] u8MIU_Select:0  
07-05 22:55:10.040 I/MiSysSrv( 1214): [XC,SetWindow][MHAL_SC_Set_DynamicScaling,  523] [MHAL_SC_Set_DynamicScaling,  523] [DS] bOP_On:0  bIPS_On:0 bIPM_On:0  
07-05 22:55:10.043 I/FFmpegExtractor( 1206): stream_component_close ---- streamIndex: 1
07-05 22:55:10.048 I/FFmpegExtractor( 1206): stream_component_close ---- streamIndex: -1
07-05 22:55:10.049 I/FFMPEG  ( 1206): [AVIOContext @ 0xb8bfe0c0] Statistics: 17188782 bytes read, 1 seeks
07-05 22:55:10.052 D/FFmpegExtractor( 1206): Reader thread stopped
07-05 22:55:10.053 D/FFmpegExtractor( 1206): Reader thread have been stopped
07-05 22:55:10.054 D/NuPlayerDriver( 1206): notifyResetComplete(0xd7843460) mState:7
07-05 22:55:10.054 V/NuPlayer( 1206): performReset end pthread_id:d783a300
07-05 22:55:10.056 I/MiSysSrv( 1214): [XC,SetWindow][MHAL_SC_Set_DynamicScaling,  557] [MHAL_SC_Set_DynamicScaling,  557] [DS] u32DynamicScalingBaseAddr:0  u8DynamicScalingIndexDepth:0 u32DynamicScalingBufSize:0   
07-05 22:55:10.065 D/OkHttp  (13153): <-- 403 Forbidden http://picture.edu.hismarttv.com/images/ (122ms)
07-05 22:55:10.065 D/OkHttp  (13153): Date: Wed, 05 Jul 2017 14:55:09 GMT
07-05 22:55:10.065 D/OkHttp  (13153): Server: nginx
07-05 22:55:10.065 D/OkHttp  (13153): Content-Type: text/html; charset=UTF-8
07-05 22:55:10.065 D/OkHttp  (13153): Content-Length: 162
07-05 22:55:10.065 D/OkHttp  (13153): Via: 1.1 shuozhou56:0 (Cdn Cache Server V2.0)[37 403 2], 1.1 t94:4 (Cdn Cache Server V2.0)[105 403 2]
07-05 22:55:10.065 D/OkHttp  (13153): Connection: close
07-05 22:55:10.065 D/OkHttp  (13153): <-- END HTTP
07-05 22:55:10.065 D/HttpHandler(13153): RetryIntercepter-->retryNum=0
07-05 22:55:10.065 D/HttpHandler(13153): RetryIntercepter-->backoffmutiplier=0
07-05 22:55:10.066 D/HttpHandler(13153): VerifySignInterCeptor-->request.url()=http://picture.edu.hismarttv.com/images/20170629/%E5%A4%9A%E7%91%9E%E5%84%BF%E6%AD%8C.jpg
07-05 22:55:10.066 D/HttpHandler(13153): VerifySignInterCeptor-->hostname=picture.edu.hismarttv.com
07-05 22:55:10.068 D/OkHttp  (13153): --> GET http://picture.edu.hismarttv.com/images/20170629/%E5%A4%9A%E7%91%9E%E5%84%BF%E6%AD%8C.jpg http/1.1
07-05 22:55:10.068 D/OkHttp  (13153): Host: picture.edu.hismarttv.com
07-05 22:55:10.068 D/OkHttp  (13153): Connection: Keep-Alive
07-05 22:55:10.068 D/OkHttp  (13153): Accept-Encoding: gzip
07-05 22:55:10.068 D/OkHttp  (13153): User-Agent: okhttp/3.6.0
07-05 22:55:10.068 D/OkHttp  (13153): --> END GET
07-05 22:55:10.078 D/HttpHandler(13153): VerifySignInterCeptor-->request.url()=http://picture.edu.hismarttv.com/images/20170628233246121281.jpg
07-05 22:55:10.078 D/HttpHandler(13153): VerifySignInterCeptor-->hostname=picture.edu.hismarttv.com
07-05 22:55:10.079 D/OkHttp  (13153): --> GET http://picture.edu.hismarttv.com/images/20170628233246121281.jpg http/1.1
07-05 22:55:10.079 D/OkHttp  (13153): Host: picture.edu.hismarttv.com
07-05 22:55:10.079 D/OkHttp  (13153): Connection: Keep-Alive
07-05 22:55:10.079 D/OkHttp  (13153): Accept-Encoding: gzip
07-05 22:55:10.079 D/OkHttp  (13153): User-Agent: okhttp/3.6.0
07-05 22:55:10.079 D/OkHttp  (13153): --> END GET
07-05 22:55:10.089 D/OkHttp  (13153): <-- 200 OK http://picture.edu.hismarttv.com/images/20170629/%E5%A4%9A%E7%91%9E%E5%84%BF%E6%AD%8C.jpg (20ms)
07-05 22:55:10.089 D/OkHttp  (13153): Date: Tue, 04 Jul 2017 01:17:06 GMT
07-05 22:55:10.089 D/OkHttp  (13153): Server: nginx
07-05 22:55:10.089 D/OkHttp  (13153): Content-Type: image/jpeg
07-05 22:55:10.089 D/OkHttp  (13153): Content-Length: 197050
07-05 22:55:10.089 D/OkHttp  (13153): Last-Modified: Fri, 09 Jun 2017 14:50:58 GMT
07-05 22:55:10.089 D/OkHttp  (13153): ETag: "593ab5d2-301ba"
07-05 22:55:10.089 D/OkHttp  (13153): Accept-Ranges: bytes
07-05 22:55:10.089 I/MiSysSrv( 1214): Obtain XC engine fail
07-05 22:55:10.089 D/vsyncbridge( 1204): void Wrapper_disconnect(int) @ line: 776: Enter Stop ds.
07-05 22:55:10.089 D/vsyncbridge( 1204): [0] is to deinit
07-05 22:55:10.089 D/OkHttp  (13153): Age: 135483
07-05 22:55:10.090 I/MiSysSrv( 1214): [mapi_video_base@Line 1385] Finalize:1385 Video Finalize : Win[0], Source[34]
07-05 22:55:10.090 I/MiSysSrv( 1214): [XC,LPLL][MDrv_XC_SetFreeRunTiming, 4950] SetFreeRunTiming: Disable FPLL and Clear FSM to Idle state
07-05 22:55:10.090 I/MiSysSrv( 1214): [XC,LPLL][MDrv_SC_set_fpll,  976] MDrv_SC_set_fpll(0,0)
07-05 22:55:10.090 I/MiSysSrv( 1214): [XC,LPLL][MDrv_SC_set_fpll,  977] u32OrigLPLL = 1745d1
07-05 22:55:10.090 I/MiSysSrv( 1214): [XC,LPLL][MDrv_SC_set_fpll, 1002] u32OrigLPLL = 1745d1, L_BK_LPLL(0x0F) = 1745d1
07-05 22:55:10.090 I/MiSysSrv( 1214): [XC,LPLL][_MApi_XC_FPLL_EnableLcokFreqOnly, 3150] [_MApi_XC_FPLL_EnableLcokFreqOnly][3150]feature is 0
07-05 22:55:10.090 D/OkHttp  (13153): Via: 1.1 wangt170:7 (Cdn Cache Server V2.0)[0 200 0], 1.1 t94:0 (Cdn Cache Server V2.0)[0 200 0]
07-05 22:55:10.090 D/OkHttp  (13153): Connection: keep-alive
07-05 22:55:10.090 D/OkHttp  (13153): <-- END HTTP
07-05 22:55:10.092 D/HttpHandler(13153): RetryIntercepter-->retryNum=0
07-05 22:55:10.092 D/HttpHandler(13153): RetryIntercepter-->backoffmutiplier=0
07-05 22:55:10.099 D/OkHttp  (13153): <-- 200 OK http://picture.edu.hismarttv.com/images/20170628233246121281.jpg (19ms)
07-05 22:55:10.099 D/OkHttp  (13153): Date: Tue, 04 Jul 2017 05:48:32 GMT
07-05 22:55:10.099 D/OkHttp  (13153): Server: nginx
07-05 22:55:10.099 D/OkHttp  (13153): Content-Type: image/jpeg
07-05 22:55:10.099 D/OkHttp  (13153): Content-Length: 50603
07-05 22:55:10.099 D/OkHttp  (13153): Last-Modified: Wed, 28 Jun 2017 23:32:46 GMT
07-05 22:55:10.099 D/OkHttp  (13153): ETag: "59543c9e-c5ab"
07-05 22:55:10.099 D/OkHttp  (13153): Accept-Ranges: bytes
07-05 22:55:10.099 D/OkHttp  (13153): Age: 119197
07-05 22:55:10.099 D/OkHttp  (13153): Via: 1.1 zhiwtong176:0 (Cdn Cache Server V2.0)[0 200 0], 1.1 angtong92:5 (Cdn Cache Server V2.0)[0 200 0]
07-05 22:55:10.099 D/OkHttp  (13153): Connection: keep-alive
07-05 22:55:10.099 D/OkHttp  (13153): <-- END HTTP
07-05 22:55:10.100 D/HttpHandler(13153): RetryIntercepter-->retryNum=0
07-05 22:55:10.100 D/HttpHandler(13153): RetryIntercepter-->backoffmutiplier=0
07-05 22:55:10.123 I/MiSysSrv( 1214): Unknow Input Type 
07-05 22:55:10.128 D/vsyncbridge( 1204): hVdecHandle[enWin] = 37296930
07-05 22:55:10.128 I/MiVideoService( 1465): impl handle 0x86001b22 closed!
07-05 22:55:10.129 D/vsyncbridge( 1204): all deinit!!!
07-05 22:55:10.130 E/MiDispoutService( 1465): MiDispoutClose, 352, RES Handle = 12582912 
07-05 22:55:10.134 V/RMClient( 1204): #190:RMClient::returnAllResourcesAsync
07-05 22:55:10.134 V/RMClient( 1204): #190:onMessageReceived cret
07-05 22:55:10.134 V/RMClient( 1204): #190:kWhatCmdReturnAllResources
07-05 22:55:10.134 V/RMClient( 1204): #190:Done
07-05 22:55:10.136 V/RMAllocator( 1198): Deallocating resources for #190
07-05 22:55:10.136 V/RMAllocator( 1198): ~ClientInfo
07-05 22:55:10.136 I/RMAllocator( 1198): ~ClientInfo this=2382671456,mRMClient=2378240384. id=190
07-05 22:55:10.136 W/RMAllocator( 1198): returnAllResourcesFor: not registered, nothing to do
07-05 22:55:10.136 V/RMClient( 1204): #190:handleEvent lret
07-05 22:55:10.136 V/RMClient( 1204): #190:onMessageReceived lret
07-05 22:55:10.136 V/RMClient( 1204): #190:kWhatAllResourcesReturned
07-05 22:55:10.136 D/vsyncbridge( 1204): handleAllResourcesReturned mOverlayID=0
07-05 22:55:10.136 V/RMClient( 1204): #190:Done
07-05 22:55:10.146 I/art     (13153): WaitForGcToComplete blocked for 11.375ms for cause HeapTrim
07-05 22:55:10.156 E/BufferQueueProducer( 1204): [SurfaceView] disconnect(P): connected to another API (cur=0 req=3)
07-05 22:55:10.156 W/MediaPlayerService( 1206): native_window_api_disconnect returned an error: Invalid argument (-22)
07-05 22:55:10.156 V/NuPlayer( 1206): NuPlayer::~NuPlayer ---- Enter ...
07-05 22:55:10.156 V/RMClient( 1206): #359:~RMClient
07-05 22:55:10.156 V/RMClient( 1206): #359:RMClient::returnAllResourcesAsync
07-05 22:55:10.156 I/NuPlayer( 1206): NuPlayerRMClientListener::~NuPlayerRMClientListener
07-05 22:55:10.156 V/RMClientListener( 1206): ~RMClientListener
07-05 22:55:10.157 V/AudioFlinger( 1206): releasing 573 from 13153 for -1
07-05 22:55:10.157 V/AudioFlinger( 1206):  decremented refcount to 1
07-05 22:55:10.157 V/AudioFlinger( 1206): removeClient_l() pid 1206, calling pid 1206
07-05 22:55:10.157 V/AudioPolicyManager( 1206): releaseOutput() 2
07-05 22:55:10.157 V/AudioFlinger( 1206): releasing 573 from 1206 for 13153
07-05 22:55:10.157 V/AudioFlinger( 1206):  decremented refcount to 0
07-05 22:55:10.157 V/AudioFlinger( 1206): purging stale effects
07-05 22:55:10.157 D/Carousel-log_video-(13153): onStopPlay!
07-05 22:55:10.157 D/Carousel-log_video-(13153): submitPlayStopLog mLogPlayState:2
07-05 22:55:10.157 D/Carousel-log_video-(13153): reportCarouselPlayLog play stop.
07-05 22:55:10.157 D/Carousel-log_video-(13153): ==Play stoped log from bufferend:stop,normal,duration:8372
07-05 22:55:10.158 D/Carousel-log_(13153): ===(Main-Video-278002)-{srccolumnid=3, eventType=278, srcgroupid=10001, appversionname=2.0.0.6, srctabid=0, duration=8372, license=hisense, eventcode=278002, deviceid=86100300900000500000060a4818fca8, mediaid=351, eventPos=002, sessionid=e4010369d38d4fec8021f7bc0fc6fa26, srcpackagename=com.hisense.hicloud.edca, subscriberid=13287129, playactionuuid=fdbf7c42-4503-4178-a954-5d2ee08a36fc, version=2.1, devicemsg=LED50MU8600UC0000888, isall=0, customerid=7195320, srcrowid=0, srceventcode=280000}
07-05 22:55:10.160 W/MediaPlayer(13153): mediaplayer went away with unhandled events
07-05 22:55:10.164 I/MyFragmentStateAdapter(13153): getCount
07-05 22:55:10.166 W/System.err(13153): java.net.ConnectException: failed to connect to /10.18.210.112 (port 8900) after 6000ms: isConnected failed: ECONNREFUSED (Connection refused)
07-05 22:55:10.166 W/System.err(13153): 	at libcore.io.IoBridge.isConnected(IoBridge.java:238)
07-05 22:55:10.166 W/System.err(13153): 	at libcore.io.IoBridge.connectErrno(IoBridge.java:171)
07-05 22:55:10.166 W/System.err(13153): 	at libcore.io.IoBridge.connect(IoBridge.java:122)
07-05 22:55:10.166 W/System.err(13153): 	at java.net.PlainSocketImpl.connect(PlainSocketImpl.java:183)
07-05 22:55:10.166 W/System.err(13153): 	at java.net.PlainSocketImpl.connect(PlainSocketImpl.java:456)
07-05 22:55:10.166 W/System.err(13153): 	at java.net.Socket.connect(Socket.java:882)
07-05 22:55:10.166 W/System.err(13153): 	at com.android.okhttp.internal.Platform.connectSocket(Platform.java:174)
07-05 22:55:10.166 W/System.err(13153): 	at com.android.okhttp.Connection.connect(Connection.java:152)
07-05 22:55:10.166 W/System.err(13153): 	at com.android.okhttp.internal.http.HttpEngine.connect(HttpEngine.java:276)
07-05 22:55:10.166 W/System.err(13153): 	at com.android.okhttp.internal.http.HttpEngine.sendRequest(HttpEngine.java:211)
07-05 22:55:10.166 W/System.err(13153): 	at com.android.okhttp.internal.http.HttpURLConnectionImpl.execute(HttpURLConnectionImpl.java:382)
07-05 22:55:10.167 W/System.err(13153): 	at com.android.okhttp.internal.http.HttpURLConnectionImpl.connect(HttpURLConnectionImpl.java:106)
07-05 22:55:10.167 W/System.err(13153): 	at com.hisense.hitv.hicloud.util.ExceptionReport.a(ExceptionReport.java:337)
07-05 22:55:10.167 W/System.err(13153): 	at com.hisense.hitv.hicloud.util.ExceptionReport.a(ExceptionReport.java:39)
07-05 22:55:10.167 W/System.err(13153): 	at com.hisense.hitv.hicloud.util.ExceptionReport$1.run(ExceptionReport.java:83)
07-05 22:55:10.167 W/System.err(13153): 	at java.lang.Thread.run(Thread.java:818)
07-05 22:55:10.167 W/System.err(13153): Caused by: android.system.ErrnoException: isConnected failed: ECONNREFUSED (Connection refused)
07-05 22:55:10.167 W/System.err(13153): 	at libcore.io.IoBridge.isConnected(IoBridge.java:223)
07-05 22:55:10.167 W/System.err(13153): 	... 15 more
07-05 22:55:10.171 I/MiSysSrv( 1214): [37m[INFO] Change to Voltage: 112 mv (0x2D)[m
07-05 22:55:10.173 I/SurfaceFlinger( 1204): the layer SurfaceView is used to close xc and zorder is smallerest! clear region
07-05 22:55:10.180 I/MyFragmentStateAdapter(13153): getCount
07-05 22:55:10.180 I/MyFragmentStateAdapter(13153): getCount
07-05 22:55:10.180 I/MyFragmentStateAdapter(13153): getCount
07-05 22:55:10.180 I/MyFragmentStateAdapter(13153): getCount
07-05 22:55:10.189 I/MyFragmentStateAdapter(13153): getCount
07-05 22:55:10.206 I/SurfaceFlinger( 1204): the layer SurfaceView is used to close xc and zorder is smallerest! clear region
07-05 22:55:10.223 I/SurfaceFlinger( 1204): the layer SurfaceView is used to close xc and zorder is smallerest! clear region
07-05 22:55:10.238 I/MyFragmentStateAdapter(13153): getCount
07-05 22:55:10.239 I/MyFragmentStateAdapter(13153): getCount
07-05 22:55:10.239 I/MyFragmentStateAdapter(13153): getCount
07-05 22:55:10.239 I/MyFragmentStateAdapter(13153): getCount
07-05 22:55:10.240 I/SurfaceFlinger( 1204): the layer SurfaceView is used to close xc and zorder is smallerest! clear region
07-05 22:55:10.245 I/MyFragmentStateAdapter(13153): getCount
07-05 22:55:10.257 I/MyFragmentStateAdapter(13153): getCount
07-05 22:55:10.257 I/MyFragmentStateAdapter(13153): getCount
07-05 22:55:10.257 I/MyFragmentStateAdapter(13153): getCount
07-05 22:55:10.257 I/MyFragmentStateAdapter(13153): getCount
07-05 22:55:10.258 I/SurfaceFlinger( 1204): the layer SurfaceView is used to close xc and zorder is smallerest! clear region
07-05 22:55:10.260 I/TVMW@HsTvSetting( 1234): Trace cmd, data = 0x1058
07-05 22:55:10.260 D/til@system( 2026): til_get_system_param option:100002F int:0, bool:0, ret:0
07-05 22:55:10.261 I/TVMW@HsTvSetting( 1234): Trace cmd, data = 0x101f
07-05 22:55:10.261 D/til@system( 2026): til_get_system_param option:100001D int:3, bool:3, ret:0
07-05 22:55:10.261 E/til     ( 2026): [til_get_current_input_source, 101] 
07-05 22:55:10.261 I/TVMW@HsTvSetting( 1234): Trace cmd, data = 0x7007
07-05 22:55:10.261 I/tilwrapper@sm( 2026): HS2TIL_SourceType *hs=0xd, *til=0x900
07-05 22:55:10.261 D/til     ( 2026): get current source 2304
07-05 22:55:10.261 D/SourceRemoteServiceHandler( 2026): getCurrentInputSource.from.til.result is 0, value is 2304
07-05 22:55:10.261 D/SourceRemoteServiceHandler( 2026): getInputSourceType source: 0x900, type=2304
07-05 22:55:10.261 D/til     ( 2026): ###### func:til_get_picture_param option:0x3000006 ######  
07-05 22:55:10.262 I/TVMW@HsTvSetting( 1234): Trace cmd, data = 0x1003
07-05 22:55:10.263 I/TVMW@HsTvSetting( 1234): Trace cmd, data = 0x8032
07-05 22:55:10.263 I/hstvos  ( 1216): [0m[1;33m[HSHAL][HS_VIDEO][HS_HAL_Video_SetOsdDetect_v2][2389]u16Threshold = 20
07-05 22:55:10.264 I/MyFragmentStateAdapter(13153): getCount
07-05 22:55:10.264 I/MiSysSrv( 1214): Not support now! 42, change to mm_video!!!
07-05 22:55:10.264 E/TVMW@videoctrl( 1234):  getOsd is 1
07-05 22:55:10.265 D/til@system( 2026): til_get_system_param option:1000027 int:1, bool:1, ret:0
07-05 22:55:10.265 D/til     ( 2026): ###### func:til_get_picture_param option:0x3000045 ######  
07-05 22:55:10.265 I/TVMW@HsTvSetting( 1234): Trace cmd, data = 0x300c
07-05 22:55:10.265 I/TVMW@HsTvSetting( 1234): Trace 3d, data = 0x300c
07-05 22:55:10.265 I/TVMW@3d ( 1234): Hs_debug3d_trace: func:get3dStatus, line:109
07-05 22:55:10.271 I/MiSysSrv( 1214): [37m[INFO] Change to Voltage: 102 mv (0x23)[m
07-05 22:55:10.290 I/SurfaceFlinger( 1204): the layer SurfaceView is used to close xc and zorder is smallerest! clear region
07-05 22:55:10.307 I/SurfaceFlinger( 1204): the layer SurfaceView is used to close xc and zorder is smallerest! clear region
07-05 22:55:10.323 I/SurfaceFlinger( 1204): the layer SurfaceView is used to close xc and zorder is smallerest! clear region
07-05 22:55:10.336 D/MC_MEMORY(16055): max: 256.261888 Mb, heap: 10.10778 Mb, allocated: 9.9967 Mb, free: 0.812 Mb, native heap: 12.12276 Mb, native allocated: 8.8389 Mb, native free: 3.3887 Mb
07-05 22:55:10.341 I/SurfaceFlinger( 1204): the layer SurfaceView is used to close xc and zorder is smallerest! clear region
07-05 22:55:10.368 I/SurfaceFlinger( 1204): the layer SurfaceView is used to close xc and zorder is smallerest! clear region
07-05 22:55:10.369 I/MiSysSrv( 1214): [37m[INFO] Change to Voltage: 102 mv (0x23)[m
07-05 22:55:10.387 I/SurfaceFlinger( 1204): the layer SurfaceView is used to close xc and zorder is smallerest! clear region
07-05 22:55:10.406 I/SurfaceFlinger( 1204): the layer SurfaceView is used to close xc and zorder is smallerest! clear region
07-05 22:55:10.425 I/SurfaceFlinger( 1204): the layer SurfaceView is used to close xc and zorder is smallerest! clear region
07-05 22:55:10.447 D/GlobalInputEventMonitoringService( 1733): interceptKeyBeforeQueueing(), event:23, mNeedMonitorKeyEvent:true, mWaitForKeyUpEvent:false
07-05 22:55:10.447 D/GlobalInputEventMonitoringService( 1733): processKeyEvent(), processKeyEvent event:23
07-05 22:55:10.447 D/WindowManager( 1733): interceptKeyTq keycode=23 interactive=true keyguardActive=false policyFlags=2b000000 isCancled= false
07-05 22:55:10.447 D/PowerManagerService( 1733): userActivityNoUpdateLocked: eventTime=15352018, event=1, flags=0x0, uid=1000
07-05 22:55:10.447 D/WindowManager( 1733): interceptKeyTi keyCode=23 down=true repeatCount=0 keyguardOn=false mHomePressed=false canceled=false
07-05 22:55:10.447 D/WindowManager( 1733): Hisense systemkey event: 23
07-05 22:55:10.448 D/HisenseGlobalKeyManager( 1733): handleGlobalKey() : Global event = KeyEvent { action=ACTION_DOWN, keyCode=KEYCODE_DPAD_CENTER, scanCode=0, metaState=0, flags=0x0, repeatCount=0, eventTime=15352018, downTime=15352018, deviceId=-1, source=0x101 }
07-05 22:55:10.448 V/HisenseGlobalKeyManager( 1733): processKeypadCenterDown()
07-05 22:55:10.448 I/HisenseGlobalKeyManager( 1733): isOriginalKeypadCenter() : false
07-05 22:55:10.448 V/HisenseGlobalKeyManager( 1733): fromKeypad() : false
07-05 22:55:10.448 V/HisenseGlobalKeyManager( 1733): isModifiedKeypadCenter() : false
07-05 22:55:10.448 W/HisenseGlobalKeyManager( 1733): processKeypadCenterDown() : unknown D_PAD_CENTER
07-05 22:55:10.448 V/HisenseGlobalKeyManager( 1733): processKeypadCenterDown() : result = false
07-05 22:55:10.450 I/SurfaceFlinger( 1204): the layer SurfaceView is used to close xc and zorder is smallerest! clear region
07-05 22:55:10.451 D/SogouIME( 2203): [onKeyDown] keycode = 23 model = VIDAA_TV
07-05 22:55:10.453 D/Carousel-CarouselDisplayPlayerLayout(13153): HasFocus:false,keyCode:23
07-05 22:55:10.453 D/Carousel-CarouselDisplayPlayerLayout(13153): isFullScreen:false
07-05 22:55:10.453 I/HomeMainActivity(13153): carousel handle key:false
07-05 22:55:10.453 I/MainHomeView(13153): dispatchKeyEvent ACTION_DOWN now 
07-05 22:55:10.454 D/GlobalInputEventMonitoringService( 1733): interceptKeyBeforeQueueing(), event:23, mNeedMonitorKeyEvent:true, mWaitForKeyUpEvent:false
07-05 22:55:10.454 D/GlobalInputEventMonitoringService( 1733): processKeyEvent(), processKeyEvent event:23
07-05 22:55:10.454 D/WindowManager( 1733): interceptKeyTq keycode=23 interactive=true keyguardActive=false policyFlags=2b000000 isCancled= false
07-05 22:55:10.455 D/WindowManager( 1733): interceptKeyTi keyCode=23 down=false repeatCount=0 keyguardOn=false mHomePressed=false canceled=false
07-05 22:55:10.455 D/WindowManager( 1733): Hisense systemkey event: 23
07-05 22:55:10.456 D/HisenseGlobalKeyManager( 1733): handleGlobalKey() : Global event = KeyEvent { action=ACTION_UP, keyCode=KEYCODE_DPAD_CENTER, scanCode=0, metaState=0, flags=0x0, repeatCount=0, eventTime=15352018, downTime=15352018, deviceId=-1, source=0x101 }
07-05 22:55:10.456 V/HisenseGlobalKeyManager( 1733): processKeypadCenterUp()
07-05 22:55:10.456 I/HisenseGlobalKeyManager( 1733): isOriginalKeypadCenter() : false
07-05 22:55:10.456 V/HisenseGlobalKeyManager( 1733): fromKeypad() : false
07-05 22:55:10.456 V/HisenseGlobalKeyManager( 1733): isModifiedKeypadCenter() : false
07-05 22:55:10.456 V/HisenseGlobalKeyManager( 1733): processKeypadCenterUp() : result = false
07-05 22:55:10.463 D/Carousel-CarouselDisplayPlayerLayout(13153): HasFocus:false,keyCode:23
07-05 22:55:10.463 D/Carousel-CarouselDisplayPlayerLayout(13153): isFullScreen:false
07-05 22:55:10.464 I/HomeMainActivity(13153): carousel handle key:false
07-05 22:55:10.466 V/PackageManager( 1733): getPackageInfo com.hisense.hicloud.edca: Package{3fb3f3a1 com.hisense.hicloud.edca}
07-05 22:55:10.468 I/SurfaceFlinger( 1204): the layer SurfaceView is used to close xc and zorder is smallerest! clear region
07-05 22:55:10.478 D/GetInItDataUtil(13153): turn to detail ,if is trailer.position is : 0
07-05 22:55:10.483 D/TileTransitionManager( 1733): getActivityContainer not enter cts mode
07-05 22:55:10.484 D/JamdeoActivityStackSupervisor( 1733): get currentSiloName
07-05 22:55:10.484 I/ActivityManager( 1733): START u0 {flg=0x14000000 cmp=com.hisense.hicloud.edca/.mediaplayer.activity.DetailPlayActivity (has extras)} from uid 10010 on display 0
07-05 22:55:10.485 D/OsdMonitorService( 1733): mCurrentWindow = com.hisense.hicloud.edca/com.hisense.tvui.newhome.HomeMainActivity; newWindow = com.hisense.hicloud.edca/com.hisense.tvui.newhome.HomeMainActivity; isSubWindow = false; isInWinList = false; isExitNow = false
07-05 22:55:10.485 D/OsdMonitorService( 1733): windowNotOsd() : name = com.hisense.hicloud.edca/com.hisense.tvui.newhome.HomeMainActivity
07-05 22:55:10.485 I/OsdMonitorService( 1733): setOsdStatus() : status will change from true to true
07-05 22:55:10.487 D/PowerManagerService( 1733): setScreenBrightnessOverrideFromWindowManagerInternal done
07-05 22:55:10.488 D/OsdMonitorService( 1733): mCurrentWindow = com.hisense.hicloud.edca/com.hisense.tvui.newhome.HomeMainActivity; newWindow = com.hisense.hicloud.edca/com.hisense.tvui.newhome.HomeMainActivity; isSubWindow = false; isInWinList = false; isExitNow = false
07-05 22:55:10.488 D/OsdMonitorService( 1733): windowNotOsd() : name = com.hisense.hicloud.edca/com.hisense.tvui.newhome.HomeMainActivity
07-05 22:55:10.488 I/OsdMonitorService( 1733): setOsdStatus() : status will change from true to true
07-05 22:55:10.490 I/SurfaceFlinger( 1204): the layer SurfaceView is used to close xc and zorder is smallerest! clear region
07-05 22:55:10.490 D/PowerManagerService( 1733): setScreenBrightnessOverrideFromWindowManagerInternal done
07-05 22:55:10.493 V/WindowManager( 1733): addAppToken: AppWindowToken{222c8653 token=Token{1351d642 ActivityRecord{2d21c48d u0 com.hisense.hicloud.edca/.mediaplayer.activity.DetailPlayActivity t5320}}} to stack=176 task=5320 at 1
07-05 22:55:10.493 I/UsageStatsService( 1733): paused component:com.hisense.hicloud.edca
07-05 22:55:10.493 V/UsageStatsService( 1733): Paused: 15352065   Component: com.hisense.hicloud.edca/com.hisense.tvui.newhome.HomeMainActivity   Time: 1499266510493 LastSessionTime: 14867 CumulativeSessionTime: 6180972
07-05 22:55:10.493 D/UsageStatsService( 1733): User[0] Got usage event for com.hisense.hicloud.edca[1499266510494]: MOVE_TO_BACKGROUND
07-05 22:55:10.493 D/UsageStatsService( 1733): UsageStats: broadcasting intent
07-05 22:55:10.494 W/ContextImpl( 1733): Calling a method in the system process without a qualified user: android.app.ContextImpl.sendBroadcast:1327 com.android.server.usage.UsageStatsService.insertUsageStats:1104 com.android.server.usage.UsageStatsService$PkgUsageStatsExtended.updatePause:979 com.android.server.usage.UsageStatsService$LocalService.notePauseComponent:808 com.android.server.am.ActivityManagerService.updateUsageStats:3173 
07-05 22:55:10.495 D/PowerManagerService( 1733): acquireWakeLockInternal: lock=681732318, flags=0x1, tag="ActivityManager-Launch", ws=null, uid=1000, pid=1733
07-05 22:55:10.495 D/PowerManagerNotifier( 1733): onWakeLockAcquired: flags=1, tag="ActivityManager-Launch", packageName=android, ownerUid=1000, ownerPid=1733, workSource=null
07-05 22:55:10.499 I/ReportService( 3281): Intent received, action = android.intent.action.INSERT
07-05 22:55:10.501 I/ReportService( 3281): modelName is VIDAA_TV
07-05 22:55:10.501 E/til     ( 2026): [til_get_current_input_source, 101] 
07-05 22:55:10.502 I/TVMW@HsTvSetting( 1234): Trace cmd, data = 0x7007
07-05 22:55:10.502 I/TVMW@devctrl( 1234): wdt
07-05 22:55:10.503 I/tilwrapper@sm( 2026): HS2TIL_SourceType *hs=0xd, *til=0x900
07-05 22:55:10.503 D/til     ( 2026): get current source 2304
07-05 22:55:10.503 D/SourceRemoteServiceHandler( 2026): getCurrentInputSource.from.til.result is 0, value is 2304
07-05 22:55:10.503 D/SourceRemoteServiceHandler( 2026): getInputSourceType source: 0x900, type=2304
07-05 22:55:10.503 I/ReportService( 3281): getCurIntputSource2304
07-05 22:55:10.504 E/til     ( 2026): [til_get_current_input_source, 101] 
07-05 22:55:10.504 I/TVMW@HsTvSetting( 1234): Trace cmd, data = 0x7007
07-05 22:55:10.504 I/tilwrapper@sm( 2026): HS2TIL_SourceType *hs=0xd, *til=0x900
07-05 22:55:10.504 D/til     ( 2026): get current source 2304
07-05 22:55:10.504 D/SourceRemoteServiceHandler( 2026): getCurrentInputSource.from.til.result is 0, value is 2304
07-05 22:55:10.504 D/SourceRemoteServiceHandler( 2026): getInputSourceType source: 0x900, type=2304
07-05 22:55:10.505 I/ReportService( 3281): siloName isnull
07-05 22:55:10.506 V/PackageManager( 1733): getPackageInfo com.hisense.hicloud.edca: Package{3fb3f3a1 com.hisense.hicloud.edca}
07-05 22:55:10.507 I/ReportService( 3281): HiReport string sent out is:1.5|3|86100300900000500000060a4818fca8|1499266495|1499266510|com.hisense.hicloud.edca|3.0.0.9.00|8
07-05 22:55:10.507 W/ReportService( 3281): enter InsertUserBehaviorDataReportTask  mUri = content://com.hisense.hitv.hicloud.log/loginput mContentValues = lastsessiondurationtime=14867 LOGVALUE=1.5|3|86100300900000500000060a4818fca8|1499266495|1499266510|com.hisense.hicloud.edca|3.0.0.9.00|8 operation=P time=1499266510493 package=com.hisense.hicloud.edca cumulativesessiondurationtime=6180972 versioncode=652 lastupdatetime=1499256171569 _id=null type=APPRUN component=com.hisense.tvui.newhome.HomeMainActivity mContext == com.hisense.hireport.ReportService@3a75cda9mType == 95
07-05 22:55:10.508 I/ReportService( 3281): enter doInBackground*****
07-05 22:55:10.513 I/MyFragmentStateAdapter(13153): getCount
07-05 22:55:10.518 I/ReportService( 3281): result is content://com.hisense.hitv.hicloud.log/loginput/1
07-05 22:55:10.520 I/ReportService( 3281): enter onPostExecute result is: true
07-05 22:55:10.539 V/HotPlugDetectionAction( 1733): Poll all devices.
07-05 22:55:10.540 D/Carousel-CarouselView(13153): onActivityPaused, getSimpleName = HomeMainActivity,hashCode=958950284
07-05 22:55:10.540 I/SurfaceFlinger( 1204): the layer SurfaceView is used to close xc and zorder is smallerest! clear region
07-05 22:55:10.541 I/BaseContentFragment(13153): onPause 精选
07-05 22:55:10.541 I/BaseContentFragment(13153): onPause UserCenterFragment
07-05 22:55:10.541 I/BaseContentFragment(13153): onPause 0-2岁
07-05 22:55:10.541 I/BaseContentFragment(13153): activity pause
07-05 22:55:10.542 I/CurrentCarouselView(13153): onCarouseControlCarouselControlBean{mShoudScroll=false, mActivityHasResume=false, mActivityHasStop=true, mHasTurnGone=false, mHasTurnVisible=false, mChannelId=-1, mSlideOffset=0.0, mShouldSelectCenter=false, mTabOpen=false, mHoriPosStatus=None, mVerPosStatus=None, mLevelStatus=None},isPlayingfalse,channelId=0
07-05 22:55:10.542 I/CurrentCarouselView(13153): stopPlay
07-05 22:55:10.547 I/UsageStatsService( 1733): resumed component name is ComponentInfo{com.hisense.hicloud.edca/com.hisense.hicloud.edca.mediaplayer.activity.DetailPlayActivity}
07-05 22:55:10.547 D/UsageStatsService( 1733): User[0] Got usage event for com.hisense.hicloud.edca[1499266510547]: MOVE_TO_FOREGROUND
07-05 22:55:10.547 I/UsageStatsService( 1733): started component:com.hisense.hicloud.edca
07-05 22:55:10.547 V/PackageManager( 1733): getPackageInfo com.hisense.hicloud.edca: Package{3fb3f3a1 com.hisense.hicloud.edca}
07-05 22:55:10.547 V/UsageStatsService( 1733): Resumed: 15352118   Component: com.hisense.hicloud.edca/com.hisense.hicloud.edca.mediaplayer.activity.DetailPlayActivity   Time: 1499266510547 VersionCode: 652   LastUpdateTime: 1499256171569
07-05 22:55:10.547 D/UsageStatsService( 1733): UsageStats: broadcasting intent
07-05 22:55:10.548 W/ContextImpl( 1733): Calling a method in the system process without a qualified user: android.app.ContextImpl.sendBroadcast:1327 com.android.server.usage.UsageStatsService.insertUsageStats:1104 com.android.server.usage.UsageStatsService$PkgUsageStatsExtended.updateResume:962 com.android.server.usage.UsageStatsService$LocalService.noteResumeComponent:759 com.android.server.am.ActivityManagerService.updateUsageStats:3164 
07-05 22:55:10.553 D/PowerManagerService( 1733): setScreenBrightnessOverrideFromWindowManagerInternal done
07-05 22:55:10.555 I/ActivityManager( 1733): TR16) TaskRecord{3fa4571b #5320 A=com.hisense.hicloud.edca U=0 sz=2}
07-05 22:55:10.555 I/ActivityManager( 1733): TR15) TaskRecord{cd10cea #4980 A=com.jamdeo.launcher U=0 sz=1}
07-05 22:55:10.556 V/ActivityManager( 1733): set mstar.EnterOpaqueUI false
07-05 22:55:10.562 D/Carousel-CarouselView(13153): setPosterAndStopPlay! hashCode=958950284, sWorkingHashCode=958950284
07-05 22:55:10.562 D/Carousel-CarouselDisplayPlayerLayout(13153): isFullScreen:false
07-05 22:55:10.562 D/Carousel-Utils(13153): displayImage view=android.widget.ImageView{2ef01db V.ED.... ........ 0,0-816,460 #7f0d0029 app:id/imageView1}
07-05 22:55:10.562 D/Carousel-Utils(13153): displayImage url=http://picture.edu.hismarttv.com/images/20170629010146422927.jpg
07-05 22:55:10.563 D/Carousel-Utils(13153): onResourceReady.
07-05 22:55:10.563 D/Carousel-Utils(13153): displayImage view=android.widget.ImageView{13d4d8cc V.ED.... ......ID 0,0-816,460 #7f0d0029 app:id/imageView1}
07-05 22:55:10.563 D/Carousel-Utils(13153): displayImage url=http://picture.edu.hismarttv.com/images/20170629010146422927.jpg
07-05 22:55:10.564 D/Carousel-Utils(13153): onResourceReady.
07-05 22:55:10.564 D/Carousel-CarouselDisplayPlayerLayout(13153): isFullScreen:false
07-05 22:55:10.564 I/ReportService( 3281): Intent received, action = android.intent.action.INSERT
07-05 22:55:10.566 I/ReportService( 3281): modelName is VIDAA_TV
07-05 22:55:10.567 E/til     ( 2026): [til_get_current_input_source, 101] 
07-05 22:55:10.567 I/TVMW@HsTvSetting( 1234): Trace cmd, data = 0x7007
07-05 22:55:10.568 I/tilwrapper@sm( 2026): HS2TIL_SourceType *hs=0xd, *til=0x900
07-05 22:55:10.568 D/til     ( 2026): get current source 2304
07-05 22:55:10.568 D/SourceRemoteServiceHandler( 2026): getCurrentInputSource.from.til.result is 0, value is 2304
07-05 22:55:10.568 D/SourceRemoteServiceHandler( 2026): getInputSourceType source: 0x900, type=2304
07-05 22:55:10.569 I/ReportService( 3281): getCurIntputSource2304
07-05 22:55:10.569 E/til     ( 2026): [til_get_current_input_source, 101] 
07-05 22:55:10.569 I/TVMW@HsTvSetting( 1234): Trace cmd, data = 0x7007
07-05 22:55:10.569 I/tilwrapper@sm( 2026): HS2TIL_SourceType *hs=0xd, *til=0x900
07-05 22:55:10.569 D/til     ( 2026): get current source 2304
07-05 22:55:10.569 D/SourceRemoteServiceHandler( 2026): getCurrentInputSource.from.til.result is 0, value is 2304
07-05 22:55:10.569 D/SourceRemoteServiceHandler( 2026): getInputSourceType source: 0x900, type=2304
07-05 22:55:10.571 I/ReportService( 3281): siloName isnull
07-05 22:55:10.572 V/PackageManager( 1733): getPackageInfo com.hisense.hicloud.edca: Package{3fb3f3a1 com.hisense.hicloud.edca}
07-05 22:55:10.574 I/SurfaceFlinger( 1204): the layer SurfaceView is used to close xc and zorder is smallerest! clear region
07-05 22:55:10.574 I/ReportService( 3281): HiReport string sent out is:1.5|3|86100300900000500000060a4818fca8|1499266510|0|com.hisense.hicloud.edca|3.0.0.9.00|8
07-05 22:55:10.574 W/ReportService( 3281): enter InsertUserBehaviorDataReportTask  mUri = content://com.hisense.hitv.hicloud.log/loginput mContentValues = lastsessiondurationtime=14867 LOGVALUE=1.5|3|86100300900000500000060a4818fca8|1499266510|0|com.hisense.hicloud.edca|3.0.0.9.00|8 operation=R time=1499266510547 package=com.hisense.hicloud.edca cumulativesessiondurationtime=6180972 versioncode=652 lastupdatetime=1499256171569 _id=null type=APPRUN component=com.hisense.hicloud.edca.mediaplayer.activity.DetailPlayActivity mContext == com.hisense.hireport.ReportService@3a75cda9mType == 95
07-05 22:55:10.575 I/ReportService( 3281): enter doInBackground*****
07-05 22:55:10.625 I/ReportService( 3281): result is content://com.hisense.hitv.hicloud.log/loginput/1
07-05 22:55:10.628 I/ReportService( 3281): enter onPostExecute result is: true
07-05 22:55:10.634 E/BaseActivity(13153): isUpdateCheckedtrue
07-05 22:55:10.635 D/DetailPlayActivity(13153): ---------------------------oncreate
07-05 22:55:10.708 D/DetailPlayActivity(13153): isMU8600:true
07-05 22:55:10.723 D/DetailPlayActivity(13153): ---------------------------oncreate,VideoInfo.sResolution:11
07-05 22:55:10.723 D/DetailPlayActivity(13153): media id is: 3535  trailerPts:0
07-05 22:55:10.723 D/DetailPlayActivity(13153): sourcetag  is: DetailPlayActivity3535
07-05 22:55:10.724 D/DetailPlayActivity(13153): sunliqin  oncreate mFromChannelId================0   mSelectedClassFromPhone:-1   mSelectedClassPosFromPhone:0
07-05 22:55:10.724 D/DetailPlayActivity(13153): managerLogMap~~~~~~~~~~~~~~~~~~~~~~~~~~~
07-05 22:55:10.725 D/DetailPlayActivity(13153): original: 1    srcoriginal: null   srcmediaid: null   srceventcode:232000   srcsubjectid:null
07-05 22:55:10.725 D/DetailPlayActivity(13153): srctopicid:null    srccategoryid:null     srccolumnid:0  srcchannelcategoryid:null
07-05 22:55:10.725 D/DetailPlayActivity(13153): srcpackagename:null   srcgroupid:10003   srcrowid:1   eventcode:null
07-05 22:55:10.725 I/DetailPlayActivity(13153): httphttp://api.edu.hismarttv.com/medias/api/media
07-05 22:55:10.725 I/DetailPlayActivity(13153): vendor1=0
07-05 22:55:10.725 I/DetailPlayActivity(13153): vendor2=0resolutionpolicy=2
07-05 22:55:10.725 I/DetailPlayActivity(13153): mBeginHttpTime : 15352297 从进入页面到开始网络请求用时： 90
07-05 22:55:10.726 D/til@system( 2026): til_get_system_param option:1000007 int:-1815632896, bool:0, ret:0
07-05 22:55:10.727 D/til@system( 2026): til_get_system_param option:1000009 int:-1936525184, bool:128, ret:0
07-05 22:55:10.727 D/til@system( 2026): til_get_system_param option:1000008 int:-1936523008, bool:0, ret:0
07-05 22:55:10.727 D/HiSDKLogReport(13153): getOperationDetail-productName : LED50MU8600UC
07-05 22:55:10.727 D/HiSDKLogReport(13153): getOperationDetail-plmNumber : 88888
07-05 22:55:10.728 D/HiSDKLogReport(13153): getOperationDetail-swVersion : V0000.00.01A
07-05 22:55:10.728 D/HiSDKLogReport(13153): getOperationDetail-operationDetail : LED50MU8600UC0000888
07-05 22:55:10.728 D/HiSDKLogReport(13153): processLogReport-log : {eventType=110, appKey=1182445233, APPVersionName=3.0.0.9.00, devid=86100300900000500000060a4818fca8, mac=a8:a6:48:18:fc:a8, uuid=13287129, accessToken=72DF6038D2AEAB8A76DFBBBBCC428A4A_001464428821544, APIversion=501, logversion=2.0, devType=0, APPPackage=com.hisense.hicloud.edca, eventPos=001, requesttime=1499266510728, customerId=7195320, value2=, eventMessage=GetReadyToStartConnection, value1=90, model_id=0, ChannelId=0, version=00.002.003, tv_distribute_id=00, subscriberId=13287129, APIVersion=600, PFAPPCode=652, softwareVersion=LED50MU8600UC0000888}
07-05 22:55:10.737 W/System.err(13153): java.net.ConnectException: failed to connect to /10.18.210.112 (port 8900) after 6000ms: isConnected failed: ECONNREFUSED (Connection refused)
07-05 22:55:10.737 W/System.err(13153): 	at libcore.io.IoBridge.isConnected(IoBridge.java:238)
07-05 22:55:10.737 W/System.err(13153): 	at libcore.io.IoBridge.connectErrno(IoBridge.java:171)
07-05 22:55:10.737 W/System.err(13153): 	at libcore.io.IoBridge.connect(IoBridge.java:122)
07-05 22:55:10.737 W/System.err(13153): 	at java.net.PlainSocketImpl.connect(PlainSocketImpl.java:183)
07-05 22:55:10.737 W/System.err(13153): 	at java.net.PlainSocketImpl.connect(PlainSocketImpl.java:456)
07-05 22:55:10.737 W/System.err(13153): 	at java.net.Socket.connect(Socket.java:882)
07-05 22:55:10.737 W/System.err(13153): 	at com.android.okhttp.internal.Platform.connectSocket(Platform.java:174)
07-05 22:55:10.737 W/System.err(13153): 	at com.android.okhttp.Connection.connect(Connection.java:152)
07-05 22:55:10.737 W/System.err(13153): 	at com.android.okhttp.internal.http.HttpEngine.connect(HttpEngine.java:276)
07-05 22:55:10.738 W/System.err(13153): 	at com.android.okhttp.internal.http.HttpEngine.sendRequest(HttpEngine.java:211)
07-05 22:55:10.738 W/System.err(13153): 	at com.android.okhttp.internal.http.HttpURLConnectionImpl.execute(HttpURLConnectionImpl.java:382)
07-05 22:55:10.738 W/System.err(13153): 	at com.android.okhttp.internal.http.HttpURLConnectionImpl.connect(HttpURLConnectionImpl.java:106)
07-05 22:55:10.738 W/System.err(13153): 	at com.hisense.hitv.hicloud.util.ExceptionReport.a(ExceptionReport.java:337)
07-05 22:55:10.738 W/System.err(13153): 	at com.hisense.hitv.hicloud.util.ExceptionReport.a(ExceptionReport.java:39)
07-05 22:55:10.738 W/System.err(13153): 	at com.hisense.hitv.hicloud.util.ExceptionReport$1.run(ExceptionReport.java:83)
07-05 22:55:10.738 W/System.err(13153): 	at java.lang.Thread.run(Thread.java:818)
07-05 22:55:10.738 W/System.err(13153): Caused by: android.system.ErrnoException: isConnected failed: ECONNREFUSED (Connection refused)
07-05 22:55:10.738 W/System.err(13153): 	at libcore.io.IoBridge.isConnected(IoBridge.java:223)
07-05 22:55:10.738 W/System.err(13153): 	... 15 more
07-05 22:55:10.746 I/CommonUtils(13153):  object to json {"srccolumnid":"0","srcgroupid":"10003","original":"1","srctabid":"0","eventcode":"207000","srceventcode":"232000","srcrowid":"1","mediaid":"3535"}
07-05 22:55:10.746 D/DetailPlayActivity(13153): map===1111111111111====={"srccolumnid":"0","srcgroupid":"10003","original":"1","srctabid":"0","eventcode":"207000","srceventcode":"232000","srcrowid":"1","mediaid":"3535"}
07-05 22:55:10.747 D/til@system( 2026): til_get_system_param option:1000007 int:-1936522368, bool:128, ret:0
07-05 22:55:10.747 D/til@system( 2026): til_get_system_param option:1000009 int:-1815634176, bool:0, ret:0
07-05 22:55:10.748 D/til@system( 2026): til_get_system_param option:1000008 int:-1936522112, bool:128, ret:0
07-05 22:55:10.748 D/HiSDKLogReport(13153): getOperationDetail-productName : LED50MU8600UC
07-05 22:55:10.748 D/HiSDKLogReport(13153): getOperationDetail-plmNumber : 88888
07-05 22:55:10.748 D/HiSDKLogReport(13153): getOperationDetail-swVersion : V0000.00.01A
07-05 22:55:10.748 D/HiSDKLogReport(13153): getOperationDetail-operationDetail : LED50MU8600UC0000888
07-05 22:55:10.753 I/CommonUtils(13153):  object to json {"eventType":"207","srccolumnid":"0","srcgroupid":"10003","APPVersionName":"3.0.0.9.00","original":"1","devid":"86100300900000500000060a4818fca8","uuid":"13287129","APIversion":"501","logversion":"2.0","eventcode":"207000","devType":"0","eventPos":"000","version":"00.002.003","ChannelId":"0","subscriberId":"13287129","PFAPPCode":"652","softwareVersion":"LED50MU8600UC0000888","srcrowid":"1","srceventcode":"232000","mac":"a8:a6:48:18:fc:a8","accessToken":"72DF6038D2AEAB8A76DFBBBBCC428A4A_001464428821544","srctabid":"0","APPPackage":"com.hisense.hicloud.edca","mediaid":"3535","sessionid":"e4010369d38d4fec8021f7bc0fc6fa26","requesttime":"1499266510749","customerId":"7195320","model_id":"0","requestid":"aa316008614b4558807246974b392928","tv_distribute_id":"00","APIVersion":"600","issysrepo":"1"}
07-05 22:55:10.753 D/DetailPlayActivity(13153): map=====22222222222======{"eventType":"207","srccolumnid":"0","srcgroupid":"10003","APPVersionName":"3.0.0.9.00","original":"1","devid":"86100300900000500000060a4818fca8","uuid":"13287129","APIversion":"501","logversion":"2.0","eventcode":"207000","devType":"0","eventPos":"000","version":"00.002.003","ChannelId":"0","subscriberId":"13287129","PFAPPCode":"652","softwareVersion":"LED50MU8600UC0000888","srcrowid":"1","srceventcode":"232000","mac":"a8:a6:48:18:fc:a8","accessToken":"72DF6038D2AEAB8A76DFBBBBCC428A4A_001464428821544","srctabid":"0","APPPackage":"com.hisense.hicloud.edca","mediaid":"3535","sessionid":"e4010369d38d4fec8021f7bc0fc6fa26","requesttime":"1499266510749","customerId":"7195320","model_id":"0","requestid":"aa316008614b4558807246974b392928","tv_distribute_id":"00","APIVersion":"600","issysrepo":"1"}
07-05 22:55:10.754 I/HttpDnsUtils(13153): detailsPage(): url = http://api.edu.hismarttv.com/medias/api/media/3535?codeType=1002&vender=0&resolutionpolicy=2
07-05 22:55:10.755 D/til@system( 2026): til_get_system_param option:1000007 int:-1815633792, bool:128, ret:0
07-05 22:55:10.757 D/til@system( 2026): til_get_system_param option:1000009 int:-1815632896, bool:0, ret:0
07-05 22:55:10.758 D/til@system( 2026): til_get_system_param option:1000008 int:-1936525184, bool:128, ret:0
07-05 22:55:10.758 D/HttpBuilder(13153): getOperationDetail-productName : LED50MU8600UC
07-05 22:55:10.758 D/HttpBuilder(13153): getOperationDetail-plmNumber : 88888
07-05 22:55:10.758 D/HttpBuilder(13153): getOperationDetail-swVersion : V0000.00.01A
07-05 22:55:10.758 D/HttpBuilder(13153): getOperationDetail-operationDetail : LED50MU8600UC0000888
07-05 22:55:10.766 I/TVMW@HsTvSetting( 1234): Trace cmd, data = 0x1058
07-05 22:55:10.767 D/til@system( 2026): til_get_system_param option:100002F int:0, bool:0, ret:0
07-05 22:55:10.767 I/TVMW@HsTvSetting( 1234): Trace cmd, data = 0x101f
07-05 22:55:10.767 D/til@system( 2026): til_get_system_param option:100001D int:3, bool:3, ret:0
07-05 22:55:10.767 E/til     ( 2026): [til_get_current_input_source, 101] 
07-05 22:55:10.767 I/TVMW@HsTvSetting( 1234): Trace cmd, data = 0x7007
07-05 22:55:10.767 I/tilwrapper@sm( 2026): HS2TIL_SourceType *hs=0xd, *til=0x900
07-05 22:55:10.767 D/til     ( 2026): get current source 2304
07-05 22:55:10.767 D/SourceRemoteServiceHandler( 2026): getCurrentInputSource.from.til.result is 0, value is 2304
07-05 22:55:10.767 D/SourceRemoteServiceHandler( 2026): getInputSourceType source: 0x900, type=2304
07-05 22:55:10.767 D/til     ( 2026): ###### func:til_get_picture_param option:0x3000006 ######  
07-05 22:55:10.768 I/TVMW@HsTvSetting( 1234): Trace cmd, data = 0x1003
07-05 22:55:10.768 I/TVMW@HsTvSetting( 1234): Trace cmd, data = 0x8032
07-05 22:55:10.768 I/hstvos  ( 1216): [0m[1;33m[HSHAL][HS_VIDEO][HS_HAL_Video_SetOsdDetect_v2][2389]u16Threshold = 20
07-05 22:55:10.769 I/MiSysSrv( 1214): Not support now! 42, change to mm_video!!!
07-05 22:55:10.770 E/TVMW@videoctrl( 1234):  getOsd is 1
07-05 22:55:10.770 D/til@system( 2026): til_get_system_param option:1000027 int:1, bool:1, ret:0
07-05 22:55:10.770 D/til     ( 2026): ###### func:til_get_picture_param option:0x3000045 ######  
07-05 22:55:10.771 I/TVMW@HsTvSetting( 1234): Trace cmd, data = 0x300c
