07-06 00:11:36.120 D/OsdMonitorService( 1733): windowNotOsd() : name = com.hisense.hicloud.edca/com.hisense.tvui.newhome.HomeMainActivity
07-06 00:11:36.120 I/OsdMonitorService( 1733): setOsdStatus() : status will change from true to true
07-06 00:11:36.122 D/PowerManagerService( 1733): setScreenBrightnessOverrideFromWindowManagerInternal done
07-06 00:11:36.124 D/Surface (23506): onStatusChange() : mNativeObject = 0 mUseImageHwRender = false
07-06 00:11:36.124 D/HiNetworkImpl(23506): doHttp_Asyn(): onReqResponse isSuccessful = true, back from thread: main
07-06 00:11:36.124 I/HiNetworkImpl(23506): doHttp_Asyn(): onSuccess clazz = class com.hisense.sdk.domain.OrderCheckedBean, back from thread: main
07-06 00:11:36.125 I/DetailPlayActivity(23506): checkOrderTime : 19937696  检查课程是否已购用时：  730
07-06 00:11:36.126 D/til@system( 2026): til_get_system_param option:1000007 int:-1815634176, bool:0, ret:0
07-06 00:11:36.127 D/til@system( 2026): til_get_system_param option:1000009 int:-1815633792, bool:128, ret:0
07-06 00:11:36.129 D/til@system( 2026): til_get_system_param option:1000008 int:-1936522368, bool:128, ret:0
07-06 00:11:36.130 D/HiSDKLogReport(23506): getOperationDetail-productName : LED50MU8600UC
07-06 00:11:36.130 D/HiSDKLogReport(23506): getOperationDetail-plmNumber : 88888
07-06 00:11:36.130 D/HiSDKLogReport(23506): getOperationDetail-swVersion : V0000.00.01A
07-06 00:11:36.130 D/HiSDKLogReport(23506): getOperationDetail-operationDetail : LED50MU8600UC0000888
07-06 00:11:36.130 D/HiSDKLogReport(23506): processLogReport-log : {eventType=110, appKey=1182445233, APPVersionName=3.0.0.9.00, devid=86100300900000500000060a4818fca8, mac=a8:a6:48:18:fc:a8, uuid=13287129, accessToken=72DF6038D2AEAB8A76DFBBBBCC428A4A_002370398369916, APIversion=501, logversion=2.0, devType=0, APPPackage=com.hisense.hicloud.edca, eventPos=072, requesttime=1499271096130, customerId=7195320, value2=, eventMessage=HttpDetailCheckOrder, value1=730, model_id=0, ChannelId=0, version=00.002.003, tv_distribute_id=00, subscriberId=13287129, APIVersion=600, PFAPPCode=652, softwareVersion=LED50MU8600UC0000888}
07-06 00:11:36.131 D/DetailPlayActivity(23506): mSourceType:1002    getIntent().getIntExtra(Constants.PLAYFLAG, 0):0
07-06 00:11:36.134 D/DetailPlayActivity(23506): sunliqin,sIsConfigQuestionDisplay: falsesIsQuestionDisplay:false  detail display:false
07-06 00:11:36.134 D/DetailPlayActivity(23506): mIsSoldOut:false
07-06 00:11:36.136 D/DetailPlayActivity(23506): mIsFree:false     lesson is bought:false
07-06 00:11:36.140 D/DetailPlayActivity(23506): managerBoughtVipdata,ID :-1
07-06 00:11:36.147 I/CommonUtils(23506):  object to json [6,14]
07-06 00:11:36.147 D/DetailPlayActivity(23506): detail belongs list is =============[6,14]
07-06 00:11:36.148 I/CommonUtils(23506):  object to json null
07-06 00:11:36.148 D/DetailPlayActivity(23506): the user bought vip list is  =============null
07-06 00:11:36.148 D/DetailPlayActivity(23506): user bought vip list is null
07-06 00:11:36.148 D/DetailPlayActivity(23506): user overtime bought vip list is null
07-06 00:11:36.148 D/DetailPlayActivity(23506): managerBoughtStatus----------------------------------
07-06 00:11:36.149 D/DetailPlayActivity(23506): this detail belongs to a bought vip ,true or false:false
07-06 00:11:36.149 D/DetailPlayActivity(23506): sunliqin,mIsFree:false  RefreshPaidListUits.isPaid(mDetailsResult.getId(), mDetailsResult.getVip_id()):false  mIsBoughtVipfalse  mIsOrderfalse
07-06 00:11:36.149 D/DetailPlayActivity(23506): sunliqin:mIsBought  ====  false msoldout :false
07-06 00:11:36.151 D/DetailPlayActivity(23506): url--http://picture.edu.hismarttv.com/images/20170629/心算口诀天天练.jpg
07-06 00:11:36.167 D/DetailPlayActivity(23506): managerCollectionBtnDrawable---------------
07-06 00:11:36.167 D/HttpDnsUtils(23506): getDetailCollectionStatus,http:http://api.edu.hismarttv.com/usercenter/api/media_individualize_data
07-06 00:11:36.169 D/til@system( 2026): til_get_system_param option:1000007 int:-1936525184, bool:128, ret:0
07-06 00:11:36.170 D/til@system( 2026): til_get_system_param option:1000009 int:-1815632896, bool:0, ret:0
07-06 00:11:36.173 D/til@system( 2026): til_get_system_param option:1000008 int:-1936522112, bool:128, ret:0
07-06 00:11:36.174 D/HttpBuilder(23506): getOperationDetail-productName : LED50MU8600UC
07-06 00:11:36.174 D/HttpBuilder(23506): getOperationDetail-plmNumber : 88888
07-06 00:11:36.174 D/HttpBuilder(23506): getOperationDetail-swVersion : V0000.00.01A
07-06 00:11:36.174 D/HttpBuilder(23506): getOperationDetail-operationDetail : LED50MU8600UC0000888
07-06 00:11:36.206 I/HttpBuilder(23506): addUrlPublicParams mUrl ==>http://api.edu.hismarttv.com/usercenter/api/media_individualize_data?media_id=3535&uuid=13287129&mac=a8:a6:48:18:fc:a8&devid=86100300900000500000060a4818fca8&version=00.002.003&subscriberId=13287129&customerId=7195320&model_id=0&APPPackage=com.hisense.hicloud.edca&PFAPPCode=652&APPVersionName=3.0.0.9.00&ChannelId=0&softwareVersion=LED50MU8600UC0000888&tv_distribute_id=00&devType=0&APIVersion=600&accessToken=72DF6038D2AEAB8A76DFBBBBCC428A4A_002370398369916
07-06 00:11:36.211 D/HttpHandler(23506): VerifySignInterCeptor-->request.url()=http://api.edu.hismarttv.com/usercenter/api/media_individualize_data?media_id=3535&uuid=13287129&mac=a8:a6:48:18:fc:a8&devid=86100300900000500000060a4818fca8&version=00.002.003&subscriberId=13287129&customerId=7195320&model_id=0&APPPackage=com.hisense.hicloud.edca&PFAPPCode=652&APPVersionName=3.0.0.9.00&ChannelId=0&softwareVersion=LED50MU8600UC0000888&tv_distribute_id=00&devType=0&APIVersion=600&accessToken=72DF6038D2AEAB8A76DFBBBBCC428A4A_002370398369916
07-06 00:11:36.211 D/HttpHandler(23506): VerifySignInterCeptor-->hostname=api.edu.hismarttv.com
07-06 00:11:36.223 V/DataSource( 1206): sniff
07-06 00:11:36.223 I/FFmpegExtractor( 1206): android-source:0xf406dd40
07-06 00:11:36.228 I/FFMPEG  ( 1206): [mov,mp4,m4a,3gp,3g2,mj2 @ 0xf1803400] Format mov,mp4,m4a,3gp,3g2,mj2 probed with size=2048 and score=100
07-06 00:11:36.229 D/MediaHTTPConnection(23506): [Connection@608980961] getSize mTotalSize = 218840697
07-06 00:11:36.230 D/HttpHandler(23506): HttpDNS-->hostname=api.edu.hismarttv.com
07-06 00:11:36.231 I/FFMPEG  ( 1206): [mov,mp4,m4a,3gp,3g2,mj2 @ 0xf1803400] ISO: File Type Major Brand: isom
07-06 00:11:36.231 D/DetailPlayActivity(23506): sunliqin initCourseViewVisible
07-06 00:11:36.231 D/DetailCourseSelectorView(23506): sunliqin DetailCourseSelectorView!!!!
07-06 00:11:36.239 D/HttpHandler(23506): RAMCache-->hostInfo.getClientTimeStamp()=19920208
07-06 00:11:36.239 D/HttpHandler(23506): RAMCache-->hostInfo.getTtl()=3600
07-06 00:11:36.239 D/HttpHandler(23506): RAMCache-->SystemClock.elapsedRealtime()=19937810
07-06 00:11:36.247 I/DetailVideoPlayerContainer(23506):  sunliqin initUI()
07-06 00:11:36.278 D/FFmpegExtractor( 1206): FFmpegExtrator, url: android-source:0xf406dd40, format_name: mov,mp4,m4a,3gp,3g2,mj2, format_long_name: QuickTime / MOV
07-06 00:11:36.278 D/FFmpegExtractor( 1206): suppoted codec(h264) by official Stagefright
07-06 00:11:36.278 D/FFmpegExtractor( 1206): suppoted codec(aac) by official Stagefright
07-06 00:11:36.279 I/FFMPEG  ( 1206): [AVIOContext @ 0xf406dde0] Statistics: 426780 bytes read, 0 seeks
07-06 00:11:36.279 D/FFmpegExtractor( 1206): ffmpeg detected media content as 'video/mp4' with confidence 0.08
07-06 00:11:36.282 D/HttpHandler(23506): DNSHelper-->gslbDns=["123.103.91.123"]
07-06 00:11:36.315 D/OkHttp  (23506): --> GET http://api.edu.hismarttv.com/usercenter/api/media_individualize_data?media_id=3535&uuid=13287129&mac=a8:a6:48:18:fc:a8&devid=86100300900000500000060a4818fca8&version=00.002.003&subscriberId=13287129&customerId=7195320&model_id=0&APPPackage=com.hisense.hicloud.edca&PFAPPCode=652&APPVersionName=3.0.0.9.00&ChannelId=0&softwareVersion=LED50MU8600UC0000888&tv_distribute_id=00&devType=0&APIVersion=600&accessToken=72DF6038D2AEAB8A76DFBBBBCC428A4A_002370398369916 http/1.1
07-06 00:11:36.315 D/OkHttp  (23506): Data_Type: JSON
07-06 00:11:36.315 D/OkHttp  (23506): RetryTime: 0
07-06 00:11:36.315 D/OkHttp  (23506): Backoffmutiplier: 0
07-06 00:11:36.315 D/OkHttp  (23506): Host: api.edu.hismarttv.com
07-06 00:11:36.315 D/OkHttp  (23506): Connection: Keep-Alive
07-06 00:11:36.315 D/OkHttp  (23506): Accept-Encoding: gzip
07-06 00:11:36.315 D/OkHttp  (23506): User-Agent: okhttp/3.6.0
07-06 00:11:36.315 D/OkHttp  (23506): --> END GET
07-06 00:11:36.353 D/OkHttp  (23506): <-- 200 OK http://api.edu.hismarttv.com/usercenter/api/media_individualize_data?media_id=3535&uuid=13287129&mac=a8:a6:48:18:fc:a8&devid=86100300900000500000060a4818fca8&version=00.002.003&subscriberId=13287129&customerId=7195320&model_id=0&APPPackage=com.hisense.hicloud.edca&PFAPPCode=652&APPVersionName=3.0.0.9.00&ChannelId=0&softwareVersion=LED50MU8600UC0000888&tv_distribute_id=00&devType=0&APIVersion=600&accessToken=72DF6038D2AEAB8A76DFBBBBCC428A4A_002370398369916 (37ms)
07-06 00:11:36.353 D/OkHttp  (23506): Server: nginx
07-06 00:11:36.353 D/OkHttp  (23506): Date: Wed, 05 Jul 2017 16:11:36 GMT
07-06 00:11:36.353 D/OkHttp  (23506): Content-Type: application/json
07-06 00:11:36.353 D/OkHttp  (23506): Content-Length: 210
07-06 00:11:36.353 D/OkHttp  (23506): Connection: close
07-06 00:11:36.353 D/OkHttp  (23506): <-- END HTTP
07-06 00:11:36.363 D/DetailPlayActivity(23506): etFullScreenPlay(boolean fullscreen),not full screen played
07-06 00:11:36.363 D/HttpHandler(23506): RetryIntercepter-->retryNum=0
07-06 00:11:36.363 D/HttpHandler(23506): RetryIntercepter-->backoffmutiplier=0
07-06 00:11:36.365 D/DetailVideoPlayerContainer(23506): setmIsFullScreen,want to set screen is full?false  mIsAutoFlag:false  .getStatus():UNKOWN
07-06 00:11:36.365 D/DetailVideoPlayerContainer(23506): sunliqin,disMissCourseView===============
07-06 00:11:36.365 D/DetailCourseSelectorView(23506): scrollRecylerView,POSITION:  0
07-06 00:11:36.365 D/DetailCourseSelectorView(23506): 11befor scroll,mindex is : 0
07-06 00:11:36.365 D/DetailCourseSelectorView(23506): sunliqin,setLastPlayViewIconGone,mindex is invalid
07-06 00:11:36.365 D/DetailCourseSelectorView(23506): sunliqin,setLastPlayViewIconGone,find view is null
07-06 00:11:36.366 D/DetailVideoPlayerContainer(23506): setLoadingLayoutParams,isFullScreen:false
07-06 00:11:36.368 I/DetailVideoPlayerContainer(23506):  showPlayLimitView called. mPlayLimitTime = 0   mIsBought:false
07-06 00:11:36.371 D/HttpHandler(23506): VerifySignInterCeptor-->dateType=1
07-06 00:11:36.371 D/HttpHandler(23506): VerifySignInterCeptor-->HttpRequestManager.httpClietOption.getVerifyFlag()=1
07-06 00:11:36.372 D/HttpHandler(23506): VerifySignInterCeptor-->content={"user_collect": false}
07-06 00:11:36.379 D/DetailPlayActivity(23506):  play  video ,mid:3535
07-06 00:11:36.381 D/DetailPlayActivity(23506): sunliqin playMoreVideos,index:0
07-06 00:11:36.381 D/DetailPlayActivity(23506): mIsSoldOut:false  mIsOrder:false
07-06 00:11:36.381 D/DetailVideoPlayerContainer(23506): sunliqin ，playercontainer ,set data,sourcetag is:DetailPlayActivity3535
07-06 00:11:36.381 D/DetailVideoPlayerContainer(23506): setData,BaseApplication.sTrailerEnable:1
07-06 00:11:36.381 D/DetailVideoPlayerContainer(23506): sunliqin,setData,mIsBought: false   trailerPts:0
07-06 00:11:36.383 D/DetailVideoPlayerContainer(23506): sunliqin,setData,index:0   trailer url is:null
07-06 00:11:36.383 D/DetailVideoPlayerContainer(23506): sunliqin,no histroy,no trailer ,so first play video 0
07-06 00:11:36.384 D/DetailVideoPlayerContainer(23506): sunliqin initVideoInfo(DetailsPage detail,int index),index:0   istrailer:false  mTotal lesson:48
07-06 00:11:36.384 D/DetailVideoPlayerContainer(23506): initVideoInfo, the index is :0videos size:48
07-06 00:11:36.384 D/EduVideoUtils(23506): sunliqin getVideoInfo
07-06 00:11:36.391 D/EduVideoUtils(23506): sunliqin param:{"subTitle": "", "title": "1\u3001\u65b0\u6765\u7684\u90bb\u5c45\uff08\u4e0a\u7bc7\uff09", "url": "http://jhxvideo-ws.video-tx.com/renditionf/201608/212213056611024897/212213056611025409/9b/219104966755748100/219104978030035716/r219104978030035716-2000k-1280x720.mp4", "program_id": "3535", "episode_id": "28416", "isCollect": "${isCollect}", "position": "${history}", "resolution": 11}
07-06 00:11:36.392 D/EduVideoUtils(23506): mTitle:null
07-06 00:11:36.392 D/EduVideoUtils(23506):  mProgramId3535
07-06 00:11:36.392 D/EduVideoUtils(23506):  mEpisodeId:35351
07-06 00:11:36.392 D/EduVideoUtils(23506): mClassId:
07-06 00:11:36.392 D/EduVideoUtils(23506): mTopicTitle:
07-06 00:11:36.392 D/EduVideoUtils(23506): sunliqin,quality url ,21:http://jhxvideo-ws.video-tx.com/renditionf/201608/212213056611024897/212213056611025409/9b/219104966755748100/219104978030035716/r219104978030035716-2000k-1280x720.mp4
07-06 00:11:36.392 D/VideoInfo(23506): sunliqin videoinfo,vendor is :URL
07-06 00:11:36.393 I/edu     (23506): ------- ==>mTypeCode = 1002
07-06 00:11:36.400 I/CommonUtils(23506):  object to json {"21":"http://jhxvideo-ws.video-tx.com/renditionf/201608/212213056611024897/212213056611025409/9b/219104966755748100/219104978030035716/r219104978030035716-2000k-1280x720.mp4"}
07-06 00:11:36.400 D/UrlPlayInfo(23506): sunliqin,url list:{"21":"http://jhxvideo-ws.video-tx.com/renditionf/201608/212213056611024897/212213056611025409/9b/219104966755748100/219104978030035716/r219104978030035716-2000k-1280x720.mp4"}
07-06 00:11:36.400 I/UrlPlayInfo(23506):  sunliqin UrlPlayInfo constructor called, urls is {21=http://jhxvideo-ws.video-tx.com/renditionf/201608/212213056611024897/212213056611025409/9b/219104966755748100/219104978030035716/r219104978030035716-2000k-1280x720.mp4}
07-06 00:11:36.415 I/CommonUtils(23506):  object to json {"21":"http://jhxvideo-ws.video-tx.com/renditionf/201608/212213056611024897/212213056611025409/9b/219104966755748100/219104978030035716/r219104978030035716-2000k-1280x720.mp4"}
07-06 00:11:36.415 D/VideoInfo(23506): sunliqin, ============quality url list=============== {"21":"http://jhxvideo-ws.video-tx.com/renditionf/201608/212213056611024897/212213056611025409/9b/219104966755748100/219104978030035716/r219104978030035716-2000k-1280x720.mp4"}
07-06 00:11:36.417 D/EduVideoUtils(23506): sunliqin,Init videoinfo,info.sPlayLimitTime:-1  total:48  sindex:0  sPosterUrl:http://picture.edu.hismarttv.com/images/20170629/心算口诀天天练.jpg    venderid: 1040  sResolution:11
07-06 00:11:36.420 D/DetailVideoPlayerContainer(23506): sunliqin,getVideoLastPlayPosition,position:0
07-06 00:11:36.420 D/VideoInfo(23506): setmPosition,mPosition:0
07-06 00:11:36.421 D/DetailCourseSelectorView(23506): scrollRecylerView,POSITION:  0
07-06 00:11:36.421 D/DetailCourseSelectorView(23506): 11befor scroll,mindex is : 0
07-06 00:11:36.421 D/DetailCourseSelectorView(23506): sunliqin,setLastPlayViewIconGone,set last video flag is false
07-06 00:11:36.421 D/DetailCourseSelectorView(23506): sunliqin,setLastPlayViewIconGone,find view is null
07-06 00:11:36.421 D/DetailVideoPlayerContainer(23506): initPlayer==========,to delay 500ms
07-06 00:11:36.421 I/DetailVideoPlayerContainer(23506):  show laoding View called 
07-06 00:11:36.443 D/DetailVideoPlayerContainer(23506): Handler send msg MSG_INIT_PLAYER,delay 500ms 
07-06 00:11:36.443 D/DetailVideoPlayerContainer(23506): reportVideoPrepareStartLog!!!!!current videos id is : 35351
07-06 00:11:36.447 D/til@system( 2026): til_get_system_param option:1000007 int:-1936523008, bool:0, ret:0
07-06 00:11:36.449 D/til@system( 2026): til_get_system_param option:1000009 int:-1815634176, bool:0, ret:0
07-06 00:11:36.451 D/til@system( 2026): til_get_system_param option:1000008 int:-1815633792, bool:128, ret:0
07-06 00:11:36.451 D/HiSDKLogReport(23506): getOperationDetail-productName : LED50MU8600UC
07-06 00:11:36.451 D/HiSDKLogReport(23506): getOperationDetail-plmNumber : 88888
07-06 00:11:36.451 D/HiSDKLogReport(23506): getOperationDetail-swVersion : V0000.00.01A
07-06 00:11:36.451 D/HiSDKLogReport(23506): getOperationDetail-operationDetail : LED50MU8600UC0000888
07-06 00:11:36.452 D/HiSDKLogReport(23506): businessLogReport-log : {autoplay=1, eventType=229, APPVersionName=3.0.0.9.00, devid=86100300900000500000060a4818fca8, uuid=13287129, APIversion=501, eventcode=229001, logversion=2.0, devType=0, eventPos=001, ChannelId=0, version=00.002.003, subscriberId=13287129, PFAPPCode=652, softwareVersion=LED50MU8600UC0000888, srceventcode=207000, videoid=35351, srcmediaid=, mac=a8:a6:48:18:fc:a8, accessToken=72DF6038D2AEAB8A76DFBBBBCC428A4A_002370398369916, srcoriginal=1, APPPackage=com.hisense.hicloud.edca, mediaid=3535, sessionid=669f5b453c3b4069afc4f1f4ebc90abf, requesttime=1499271096451, customerId=7195320, model_id=0, requestid=fe957baa348a4b28a2832737c87573f7, tv_distribute_id=00, APIVersion=600, issysrepo=0}
07-06 00:11:36.452 D/DetailPlayActivity(23506): scrollCourseView,POS:0
07-06 00:11:36.453 D/DetailCourseSelectorView(23506): scrollRecylerView,POSITION:  0
07-06 00:11:36.453 D/DetailCourseSelectorView(23506): 11befor scroll,mindex is : 0
07-06 00:11:36.453 D/DetailCourseSelectorView(23506): sunliqin,setLastPlayViewIconGone,set last video flag is false
07-06 00:11:36.453 D/DetailCourseSelectorView(23506): sunliqin,setLastPlayViewIconGone,find view is null
07-06 00:11:36.453 I/DetailPlayActivity(23506): loadDataTime : 19938024 加载数据用时：  1067
07-06 00:11:36.461 I/TVMW@HsTvSetting( 1234): Trace cmd, data = 0x1058
07-06 00:11:36.461 D/til@system( 2026): til_get_system_param option:100002F int:0, bool:0, ret:0
07-06 00:11:36.461 I/TVMW@HsTvSetting( 1234): Trace cmd, data = 0x101f
07-06 00:11:36.461 D/til@system( 2026): til_get_system_param option:100001D int:3, bool:3, ret:0
07-06 00:11:36.461 E/til     ( 2026): [til_get_current_input_source, 101] 
07-06 00:11:36.462 I/TVMW@HsTvSetting( 1234): Trace cmd, data = 0x7007
07-06 00:11:36.462 I/tilwrapper@sm( 2026): HS2TIL_SourceType *hs=0xd, *til=0x900
07-06 00:11:36.462 D/til     ( 2026): get current source 2304
07-06 00:11:36.462 D/SourceRemoteServiceHandler( 2026): getCurrentInputSource.from.til.result is 0, value is 2304
07-06 00:11:36.462 D/SourceRemoteServiceHandler( 2026): getInputSourceType source: 0x900, type=2304
07-06 00:11:36.462 D/til     ( 2026): ###### func:til_get_picture_param option:0x3000006 ######  
07-06 00:11:36.463 I/TVMW@HsTvSetting( 1234): Trace cmd, data = 0x1003
07-06 00:11:36.464 I/TVMW@HsTvSetting( 1234): Trace cmd, data = 0x8032
07-06 00:11:36.464 I/hstvos  ( 1216): [0m[1;33m[HSHAL][HS_VIDEO][HS_HAL_Video_SetOsdDetect_v2][2389]u16Threshold = 20
07-06 00:11:36.467 W/System.err(23506): java.net.ConnectException: failed to connect to /10.18.210.112 (port 8900) after 6000ms: isConnected failed: ECONNREFUSED (Connection refused)
07-06 00:11:36.467 I/MiSysSrv( 1214): Not support now! 42, change to mm_video!!!
07-06 00:11:36.467 W/System.err(23506): 	at libcore.io.IoBridge.isConnected(IoBridge.java:238)
07-06 00:11:36.467 W/System.err(23506): 	at libcore.io.IoBridge.connectErrno(IoBridge.java:171)
07-06 00:11:36.467 W/System.err(23506): 	at libcore.io.IoBridge.connect(IoBridge.java:122)
07-06 00:11:36.467 W/System.err(23506): 	at java.net.PlainSocketImpl.connect(PlainSocketImpl.java:183)
07-06 00:11:36.467 W/System.err(23506): 	at java.net.PlainSocketImpl.connect(PlainSocketImpl.java:456)
07-06 00:11:36.467 W/System.err(23506): 	at java.net.Socket.connect(Socket.java:882)
07-06 00:11:36.467 W/System.err(23506): 	at com.android.okhttp.internal.Platform.connectSocket(Platform.java:174)
07-06 00:11:36.467 W/System.err(23506): 	at com.android.okhttp.Connection.connect(Connection.java:152)
07-06 00:11:36.467 W/System.err(23506): 	at com.android.okhttp.internal.http.HttpEngine.connect(HttpEngine.java:276)
07-06 00:11:36.467 W/System.err(23506): 	at com.android.okhttp.internal.http.HttpEngine.sendRequest(HttpEngine.java:211)
07-06 00:11:36.467 W/System.err(23506): 	at com.android.okhttp.internal.http.HttpURLConnectionImpl.execute(HttpURLConnectionImpl.java:382)
07-06 00:11:36.467 W/System.err(23506): 	at com.android.okhttp.internal.http.HttpURLConnectionImpl.connect(HttpURLConnectionImpl.java:106)
07-06 00:11:36.467 W/System.err(23506): 	at com.hisense.hitv.hicloud.util.ExceptionReport.a(ExceptionReport.java:337)
07-06 00:11:36.467 W/System.err(23506): 	at com.hisense.hitv.hicloud.util.ExceptionReport.a(ExceptionReport.java:39)
07-06 00:11:36.467 W/System.err(23506): 	at com.hisense.hitv.hicloud.util.ExceptionReport$1.run(ExceptionReport.java:83)
07-06 00:11:36.467 W/System.err(23506): 	at java.lang.Thread.run(Thread.java:818)
07-06 00:11:36.468 W/System.err(23506): Caused by: android.system.ErrnoException: isConnected failed: ECONNREFUSED (Connection refused)
07-06 00:11:36.468 E/TVMW@videoctrl( 1234):  getOsd is 1
07-06 00:11:36.468 D/til@system( 2026): til_get_system_param option:1000027 int:1, bool:1, ret:0
07-06 00:11:36.468 D/til@system( 2026): til_get_system_param option:1000007 int:-1936523008, bool:0, ret:0
07-06 00:11:36.468 W/System.err(23506): 	at libcore.io.IoBridge.isConnected(IoBridge.java:223)
07-06 00:11:36.469 W/System.err(23506): 	... 15 more
07-06 00:11:36.469 D/til     ( 2026): ###### func:til_get_picture_param option:0x3000045 ######  
07-06 00:11:36.469 I/TVMW@HsTvSetting( 1234): Trace cmd, data = 0x300c
07-06 00:11:36.469 I/TVMW@HsTvSetting( 1234): Trace 3d, data = 0x300c
07-06 00:11:36.469 I/TVMW@3d ( 1234): Hs_debug3d_trace: func:get3dStatus, line:109
07-06 00:11:36.470 D/til@system( 2026): til_get_system_param option:1000009 int:-1815634176, bool:0, ret:0
07-06 00:11:36.474 D/til@system( 2026): til_get_system_param option:1000008 int:-1815633792, bool:128, ret:0
07-06 00:11:36.474 D/HiSDKLogReport(23506): getOperationDetail-productName : LED50MU8600UC
07-06 00:11:36.474 D/HiSDKLogReport(23506): getOperationDetail-plmNumber : 88888
07-06 00:11:36.474 D/HiSDKLogReport(23506): getOperationDetail-swVersion : V0000.00.01A
07-06 00:11:36.474 D/HiSDKLogReport(23506): getOperationDetail-operationDetail : LED50MU8600UC0000888
07-06 00:11:36.475 D/HiSDKLogReport(23506): processLogReport-log : {eventType=110, appKey=1182445233, APPVersionName=3.0.0.9.00, devid=86100300900000500000060a4818fca8, mac=a8:a6:48:18:fc:a8, uuid=13287129, accessToken=72DF6038D2AEAB8A76DFBBBBCC428A4A_002370398369916, APIversion=501, logversion=2.0, devType=0, APPPackage=com.hisense.hicloud.edca, eventPos=003, requesttime=1499271096474, customerId=7195320, value2=, eventMessage=InitDataAfterConnection, value1=1067, model_id=0, ChannelId=0, version=00.002.003, tv_distribute_id=00, subscriberId=13287129, APIVersion=600, PFAPPCode=652, softwareVersion=LED50MU8600UC0000888}
07-06 00:11:36.479 V/MediaExtractor( 1206): MediaExtractor::Create mime:video/mp4 ---- Enter
07-06 00:11:36.479 V/MediaExtractor( 1206): maomao::MediaExtractor::Create mime:isCts is 0
07-06 00:11:36.481 I/FFMPEG  ( 1206): [mov,mp4,m4a,3gp,3g2,mj2 @ 0xf1803400] Format mov,mp4,m4a,3gp,3g2,mj2 probed with size=2048 and score=100
07-06 00:11:36.481 I/FFMPEG  ( 1206): [mov,mp4,m4a,3gp,3g2,mj2 @ 0xf1803400] ISO: File Type Major Brand: isom
07-06 00:11:36.491 D/OsdMonitorService( 1733): mCurrentWindow = com.hisense.hicloud.edca/com.hisense.tvui.newhome.HomeMainActivity; newWindow = com.hisense.hicloud.edca/com.hisense.tvui.newhome.HomeMainActivity; isSubWindow = false; isInWinList = false; isExitNow = false
07-06 00:11:36.491 D/OsdMonitorService( 1733): windowNotOsd() : name = com.hisense.hicloud.edca/com.hisense.tvui.newhome.HomeMainActivity
07-06 00:11:36.491 I/OsdMonitorService( 1733): setOsdStatus() : status will change from true to true
07-06 00:11:36.492 D/PowerManagerService( 1733): setScreenBrightnessOverrideFromWindowManagerInternal done
07-06 00:11:36.497 D/PowerManagerService( 1733): setScreenBrightnessOverrideFromWindowManagerInternal done
07-06 00:11:36.504 W/SurfaceFlinger( 1204): couldn't log to binary event log: overflow.
07-06 00:11:36.507 D/PowerManagerService( 1733): setScreenBrightnessOverrideFromWindowManagerInternal done
07-06 00:11:36.521 D/hwcomposer( 1204): lastHWWindowInfo is dirty
07-06 00:11:36.527 I/TVMW@devctrl( 1234): wdt
07-06 00:11:36.537 I/FFMPEG  ( 1206): [mov,mp4,m4a,3gp,3g2,mj2 @ 0xf1803400] orig_nb_streams(2)
07-06 00:11:36.537 I/FFMPEG  ( 1206): [mov,mp4,m4a,3gp,3g2,mj2 @ 0xf1803400] Before avformat_find_stream_info() pos: 413026 bytes read:426780 seeks:0
07-06 00:11:36.539 I/FFMPEG  ( 1206): [NULL @ 0xbcb9c800] [Eval @ 0xf1300eec] Undefined constant or missing '(' in ''
07-06 00:11:36.539 I/FFMPEG  ( 1206): [NULL @ 0xbcb9c800] Unable to parse option value ""
07-06 00:11:36.539 I/FFMPEG  ( 1206): [NULL @ 0xbcb9c800] Error setting option debug to value .
07-06 00:11:36.540 I/FFMPEG  ( 1206): [mov,mp4,m4a,3gp,3g2,mj2 @ 0xf1803400] Failed to open codec in av_find_stream_info
07-06 00:11:36.540 I/FFMPEG  ( 1206): [NULL @ 0xbcb9cc00] [Eval @ 0xf1300eec] Undefined constant or missing '(' in ''
07-06 00:11:36.540 I/FFMPEG  ( 1206): [NULL @ 0xbcb9cc00] Unable to parse option value ""
07-06 00:11:36.540 I/FFMPEG  ( 1206): [NULL @ 0xbcb9cc00] Error setting option debug to value .
07-06 00:11:36.540 I/FFMPEG  ( 1206): [mov,mp4,m4a,3gp,3g2,mj2 @ 0xf1803400] Failed to open codec in av_find_stream_info
07-06 00:11:36.540 I/FFMPEG  ( 1206): [NULL @ 0xbcb9c800] try_decode_frame, i= 0, pkt->stream_index = 0
07-06 00:11:36.553 I/FFMPEG  ( 1206): [h264 @ 0xbcb9c800] no picture 
07-06 00:11:36.661 I/FFMPEG  ( 1206): [mov,mp4,m4a,3gp,3g2,mj2 @ 0xf1803400] i(1) > pkt->stream_index(0),conitnue
07-06 00:11:36.661 I/FFMPEG  ( 1206): [NULL @ 0xbcb9cc00] try_decode_frame, i= 1, pkt->stream_index = 1
07-06 00:11:36.666 I/FFMPEG  ( 1206): [aac @ 0xbcb9cc00] skip whole frame, skip left: 0
07-06 00:11:36.668 I/FFMPEG  ( 1206): [mov,mp4,m4a,3gp,3g2,mj2 @ 0xf1803400] After avformat_find_stream_info() pos: 473274 bytes read:492316 seeks:0 frames:3
07-06 00:11:36.668 I/FFmpegExtractor( 1206): the duration is 00:08:58.08
07-06 00:11:36.668 I/FFmpegExtractor( 1206): streamIndex: 0 ,stream_index 0
07-06 00:11:36.668 D/FFmpegExtractor( 1206): is_codec_supported codec_id is 28
07-06 00:11:36.668 D/FFmpegExtractor( 1206): setVideoFormat avctx->codec_id is 28
07-06 00:11:36.668 V/codec_utils( 1206): AVC
07-06 00:11:36.668 I/FFmpegExtractor( 1206): the time is 00:08:58.08
07-06 00:11:36.668 I/FFmpegExtractor( 1206): streamIndex: 1 ,stream_index 1
07-06 00:11:36.668 D/FFmpegExtractor( 1206): is_codec_supported codec_id is 86018
07-06 00:11:36.668 V/codec_utils( 1206): AAC
07-06 00:11:36.668 V/codec_utils( 1206): aac profile: 1, sf_index: 4, channel: 2
07-06 00:11:36.668 I/FFmpegExtractor( 1206): bit_rate: 55687, sample_rate: 44100, channels: 2, bits_per_coded_sample: 16, block_align:0
07-06 00:11:36.668 I/FFmpegExtractor( 1206): the time is 00:08:58.00
07-06 00:11:36.668 D/FFmpegExtractor( 1206): Reader thread started
07-06 00:11:36.668 D/FFmpegExtractor( 1206): supported mime: video/mp4
07-06 00:11:36.668 W/avc_utils( 1206): [3D detect]It is not SEI Nal
07-06 00:11:36.669 W/avc_utils( 1206): [3D detect]It is not SEI Nal
07-06 00:11:36.669 W/avc_utils( 1206): [3D detect]It is not SEI Nal
07-06 00:11:36.669 I/MiSysSrv( 1214): [37m[INFO] Change to Voltage: 107 mv (0x28)[m
07-06 00:11:36.714 D/PowerManagerService( 1733): setScreenBrightnessOverrideFromWindowManagerInternal done
07-06 00:11:36.720 I/        (23506): W = 90, H = 90
07-06 00:11:36.726 D/PowerManagerService( 1733): acquireWakeLockInternal: lock=113832109, flags=0x1, tag="NetworkStats", ws=null, uid=1000, pid=1733
07-06 00:11:36.726 D/PowerManagerNotifier( 1733): onWakeLockAcquired: flags=1, tag="NetworkStats", packageName=android, ownerUid=1000, ownerPid=1733, workSource=null
07-06 00:11:36.726 D/NtpTrustedTime( 1733): currentTimeMillis() cache hit
07-06 00:11:36.727 D/DetailVideoPlayerContainer(23506): receive,CONNECTIVITY_ACTION,mDetailListener:com.hisense.hicloud.edca.mediaplayer.activity.DetailPlayActivity@29a6248
07-06 00:11:36.727 D/DetailVideoPlayerContainer(23506): receive,CONNECTIVITY_ACTION,mDetailListener.isActivityResume():false
07-06 00:11:36.727 D/DetailCourseSelectorView(23506): sunliqin,setPlayIcon,set last video flag is true
07-06 00:11:36.727 D/DetailCourseSelectorView(23506): sunliqin,setPlayIcon,findposition view is not null
07-06 00:11:36.727 D/DetailCourseSelectorView(23506): GGGGGGGGGGGGGGGGGGGGGGGGGG,mPosition: 0
07-06 00:11:36.727 I/NuCachedSource2( 1206): new range: offset= 218840569
07-06 00:11:36.727 I/NuCachedSource2( 1206): seekInternal_l ---- totalSize: 1703936
07-06 00:11:36.727 D/MediaHTTPConnection(23506): offset = 218840569, mCurrentOffset = 1703936
07-06 00:11:36.727 D/MediaHTTPConnection(23506): seekTo 218840569
07-06 00:11:36.727 D/MediaHTTPConnection(23506): teardownConnection
07-06 00:11:36.728 D/DetailCourseSelectorView(23506): sunliqin,no focus, set course play icon is selected
07-06 00:11:36.728 D/DetailCourseSelectorView(23506): 22after scroll,mindex is : 0
07-06 00:11:36.728 D/HiNetworkImpl(23506): doHttp_Asyn(): onReqResponse isSuccessful = true, back from thread: main
07-06 00:11:36.729 D/DetailVideoPlayerContainer(23506): receive,CONNECTIVITY_ACTION,mDetailListener:com.hisense.hicloud.edca.mediaplayer.activity.DetailPlayActivity@29a6248
07-06 00:11:36.729 D/DetailVideoPlayerContainer(23506): receive,CONNECTIVITY_ACTION,mDetailListener.isActivityResume():false
07-06 00:11:36.729 I/HiNetworkImpl(23506): doHttp_Asyn(): onSuccess clazz = class com.hisense.sdk.domain.DetailCollectionStatus, back from thread: main
07-06 00:11:36.729 D/DetailPlayActivity(23506): getDetailCollectionStatus,onSuccess
07-06 00:11:36.730 D/DetailCourseSelectorView(23506): sunliqin,setPlayIcon,set last video flag is true
07-06 00:11:36.731 D/DetailCourseSelectorView(23506): sunliqin,setPlayIcon,findposition view is not null
07-06 00:11:36.731 D/DetailCourseSelectorView(23506): GGGGGGGGGGGGGGGGGGGGGGGGGG,mPosition: 0
07-06 00:11:36.731 D/DetailCourseSelectorView(23506): sunliqin,no focus, set course play icon is selected
07-06 00:11:36.731 D/DetailCourseSelectorView(23506): 22after scroll,mindex is : 0
07-06 00:11:36.731 D/DetailCourseSelectorView(23506): sunliqin,setPlayIcon,set last video flag is true
07-06 00:11:36.731 D/DetailCourseSelectorView(23506): sunliqin,setPlayIcon,findposition view is not null
07-06 00:11:36.731 D/DetailCourseSelectorView(23506): GGGGGGGGGGGGGGGGGGGGGGGGGG,mPosition: 0
07-06 00:11:36.732 D/DetailCourseSelectorView(23506): sunliqin,no focus, set course play icon is selected
07-06 00:11:36.732 D/NtpTrustedTime( 1733): currentTimeMillis() cache hit
07-06 00:11:36.732 D/DetailCourseSelectorView(23506): 22after scroll,mindex is : 0
07-06 00:11:36.733 D/PowerManagerService( 1733): releaseWakeLockInternal: lock=113832109 [NetworkStats], flags=0x0
07-06 00:11:36.733 D/PowerManagerNotifier( 1733): onWakeLockReleased: flags=1, tag="NetworkStats", packageName=android, ownerUid=1000, ownerPid=1733, workSource=null
07-06 00:11:36.733 D/NtpTrustedTime( 1733): currentTimeMillis() cache hit
07-06 00:11:36.733 D/NtpTrustedTime( 1733): currentTimeMillis() cache hit
07-06 00:11:36.739 I/MyFragmentStateAdapter(23506): getCount
07-06 00:11:36.769 I/MiSysSrv( 1214): [37m[INFO] Change to Voltage: 102 mv (0x23)[m
07-06 00:11:36.769 D/gralloc ( 1204): allocate buffer from ION HEAP 0x1
07-06 00:11:36.769 D/gralloc ( 1204): allocate memory from system heap
07-06 00:11:36.792 D/PowerManagerService( 1733): releaseWakeLockInternal: lock=681732318 [ActivityManager-Launch], flags=0x0
07-06 00:11:36.792 D/PowerManagerNotifier( 1733): onWakeLockReleased: flags=1, tag="ActivityManager-Launch", packageName=android, ownerUid=1000, ownerPid=1733, workSource=null
07-06 00:11:36.816 I/NotificationService( 1733): cancelToast pkg=com.hisense.hicloud.edca callback=android.app.ITransientNotification$Stub$Proxy@36a262d6
07-06 00:11:36.816 W/NotificationService( 1733): Toast already cancelled. pkg=com.hisense.hicloud.edca callback=android.app.ITransientNotification$Stub$Proxy@36a262d6
07-06 00:11:36.817 D/DetailPlayActivity(23506): ---------------------------onstop,release player!!!
07-06 00:11:36.817 D/DetailVideoPlayerContainer(23506): releasePlayer,mIsAutoFlag:true
07-06 00:11:36.817 D/DetailVideoPlayerContainer(23506): sunliqin,releasePlayer(),mPosition:0 mPlayLimitTime:0
07-06 00:11:36.817 D/DetailVideoPlayerContainer(23506): autoRecordPlayHistroy，mPosition:0     mDuration:0 mPlayLimitTime:0  mIsAutoFlag:true
07-06 00:11:36.817 D/DetailVideoPlayerContainer(23506): releasePlayer(,histroy,mDuration:0  total:48  mIndex + 11
07-06 00:11:36.817 D/VideoInfo(23506): reportVideoExit,position:0
07-06 00:11:36.822 I/edu     (23506): ---------- ==>1002
07-06 00:11:36.825 D/EduSourcePlayerHelper(23506): journalVideoExit(): content://com.hisense.data.edu/external_player_action?action=logging&source=EDU&event=video_exit&programSeriesId=3535&episodeId=35351&resolution=11&ts=1499271096&position=0&error_code=null&typeCode=1002&classId=&topicTitle=
07-06 00:11:36.833 D/DetailPlayActivity(23506): ---------------------------onstop,isReleased:true
07-06 00:11:36.833 D/MediaHTTPConnection(23506): close inputstream
07-06 00:11:36.835 D/DetailPlayActivity(23506): ---------------------------ondestroy
07-06 00:11:36.836 I/FirstLineAdapter(23506): canShowTrailer,isOffline=false
07-06 00:11:36.836 D/EduSourcePlayerHelper(23506): opening cursor content://com.hisense.data.edu/external_player_action?action=logging&source=EDU&event=video_exit&programSeriesId=3535&episodeId=35351&resolution=11&ts=1499271096&position=0&error_code=null&typeCode=1002&classId=&topicTitle=
07-06 00:11:36.836 D/DetailVideoPlayerContainer(23506): reportVideoEndLog!!!!!current videos id is : 35351
07-06 00:11:36.836 I/ContentProvider(23506): --EduProvider--query--insert db--
07-06 00:11:36.837 D/til@system( 2026): til_get_system_param option:1000007 int:-1936522368, bool:128, ret:0
07-06 00:11:36.837 D/MediaHTTPConnection(23506): hitting http://112.240.58.51/jhxvideo-ws.video-tx.com/rendition/201705/205989353451683841/205989353451684353/bb/243216185158536196/243216215223308548/r243216215223308548-3200k-1920x1080.mp4?wsSecret=8e5bf2f72605e1ee252f262804612cd3&wsTime=595d0fb6&wsiphost=local
07-06 00:11:36.839 D/til@system( 2026): til_get_system_param option:1000009 int:-1936525184, bool:128, ret:0
07-06 00:11:36.840 D/til@system( 2026): til_get_system_param option:1000008 int:-1815632896, bool:0, ret:0
07-06 00:11:36.843 D/HiSDKLogReport(23506): getOperationDetail-productName : LED50MU8600UC
07-06 00:11:36.843 D/HiSDKLogReport(23506): getOperationDetail-plmNumber : 88888
07-06 00:11:36.843 D/HiSDKLogReport(23506): getOperationDetail-swVersion : V0000.00.01A
07-06 00:11:36.843 D/HiSDKLogReport(23506): getOperationDetail-operationDetail : LED50MU8600UC0000888
07-06 00:11:36.843 D/HiSDKLogReport(23506): businessLogReport-log : {eventType=229, APPVersionName=3.0.0.9.00, devid=86100300900000500000060a4818fca8, uuid=13287129, APIversion=501, duration=0, eventcode=229009, logversion=2.0, devType=0, eventPos=009, ChannelId=0, version=00.002.003, subscriberId=13287129, PFAPPCode=652, softwareVersion=LED50MU8600UC0000888, srceventcode=207000, videoid=35351, srcmediaid=, mac=a8:a6:48:18:fc:a8, accessToken=72DF6038D2AEAB8A76DFBBBBCC428A4A_002370398369916, srcoriginal=1, APPPackage=com.hisense.hicloud.edca, mediaid=3535, sessionid=669f5b453c3b4069afc4f1f4ebc90abf, requesttime=1499271096843, customerId=7195320, model_id=0, requestid=802104e8d95d4d42835c737387bff18c, tv_distribute_id=00, APIVersion=600, issysrepo=0}
07-06 00:11:36.843 D/DetailVideoPlayerContainer(23506): onDestroy() --
07-06 00:11:36.852 D/PowerManagerService( 1733): setScreenBrightnessOverrideFromWindowManagerInternal done
07-06 00:11:36.854 W/System.err(23506): java.net.ConnectException: failed to connect to /10.18.210.112 (port 8900) after 6000ms: isConnected failed: ECONNREFUSED (Connection refused)
07-06 00:11:36.855 D/OsdMonitorService( 1733): mCurrentWindow = com.hisense.hicloud.edca/com.hisense.tvui.newhome.HomeMainActivity; newWindow = com.hisense.hicloud.edca/com.hisense.tvui.newhome.HomeMainActivity; isSubWindow = false; isInWinList = false; isExitNow = false
07-06 00:11:36.855 D/OsdMonitorService( 1733): windowNotOsd() : name = com.hisense.hicloud.edca/com.hisense.tvui.newhome.HomeMainActivity
07-06 00:11:36.855 I/OsdMonitorService( 1733): setOsdStatus() : status will change from true to true
07-06 00:11:36.855 W/System.err(23506): 	at libcore.io.IoBridge.isConnected(IoBridge.java:238)
07-06 00:11:36.855 W/System.err(23506): 	at libcore.io.IoBridge.connectErrno(IoBridge.java:171)
07-06 00:11:36.855 W/System.err(23506): 	at libcore.io.IoBridge.connect(IoBridge.java:122)
07-06 00:11:36.855 W/System.err(23506): 	at java.net.PlainSocketImpl.connect(PlainSocketImpl.java:183)
07-06 00:11:36.855 W/System.err(23506): 	at java.net.PlainSocketImpl.connect(PlainSocketImpl.java:456)
07-06 00:11:36.855 W/System.err(23506): 	at java.net.Socket.connect(Socket.java:882)
07-06 00:11:36.855 W/System.err(23506): 	at com.android.okhttp.internal.Platform.connectSocket(Platform.java:174)
07-06 00:11:36.855 W/System.err(23506): 	at com.android.okhttp.Connection.connect(Connection.java:152)
07-06 00:11:36.855 W/System.err(23506): 	at com.android.okhttp.internal.http.HttpEngine.connect(HttpEngine.java:276)
07-06 00:11:36.855 W/System.err(23506): 	at com.android.okhttp.internal.http.HttpEngine.sendRequest(HttpEngine.java:211)
07-06 00:11:36.855 W/System.err(23506): 	at com.android.okhttp.internal.http.HttpURLConnectionImpl.execute(HttpURLConnectionImpl.java:382)
07-06 00:11:36.855 W/System.err(23506): 	at com.android.okhttp.internal.http.HttpURLConnectionImpl.connect(HttpURLConnectionImpl.java:106)
07-06 00:11:36.855 W/System.err(23506): 	at com.hisense.hitv.hicloud.util.ExceptionReport.a(ExceptionReport.java:337)
07-06 00:11:36.855 W/System.err(23506): 	at com.hisense.hitv.hicloud.util.ExceptionReport.a(ExceptionReport.java:39)
07-06 00:11:36.855 W/System.err(23506): 	at com.hisense.hitv.hicloud.util.ExceptionReport$1.run(ExceptionReport.java:83)
07-06 00:11:36.855 W/System.err(23506): 	at java.lang.Thread.run(Thread.java:818)
07-06 00:11:36.855 W/System.err(23506): Caused by: android.system.ErrnoException: isConnected failed: ECONNREFUSED (Connection refused)
07-06 00:11:36.856 W/System.err(23506): 	at libcore.io.IoBridge.isConnected(IoBridge.java:223)
07-06 00:11:36.856 W/System.err(23506): 	... 15 more
07-06 00:11:36.859 I/FirstLineAdapter(23506): canShowTrailer,isOffline=false
07-06 00:11:36.860 I/FirstLineAdapter(23506): canShowTrailer,isOffline=false
07-06 00:11:36.860 I/FirstLineAdapter(23506): canShowTrailer,isOffline=false
07-06 00:11:36.860 I/FirstLineAdapter(23506): canShowTrailer,isOffline=false
07-06 00:11:36.860 I/FirstLineAdapter(23506): canShowTrailer,isOffline=false
07-06 00:11:36.860 I/FirstLineAdapter(23506): canShowTrailer,isOffline=false
07-06 00:11:36.860 I/FirstLineAdapter(23506): canShowTrailer,isOffline=false
07-06 00:11:36.860 I/FirstLineAdapter(23506): onCreateViewHolder viewtype=4
07-06 00:11:36.866 I/FirstLineAdapter(23506): onBindViewHolder 6
07-06 00:11:36.866 I/FirstLineAdapter(23506): canShowTrailer,isOffline=false
07-06 00:11:36.866 I/FirstLineAdapter(23506): canShowTrailer modify
07-06 00:11:36.866 I/FirstLineAdapter(23506): setMasterData6
07-06 00:11:36.866 I/FirstLineAdapter(23506): set current pos = 2
07-06 00:11:36.866 D/sloven  (23506): 2005---false
07-06 00:11:36.866 D/sloven  (23506): 2005专题
07-06 00:11:36.867 I/FirstLineAdapter(23506): canShowTrailer,isOffline=false
07-06 00:11:36.868 I/FirstLineAdapter(23506): canShowTrailer,isOffline=false
07-06 00:11:36.868 I/FirstLineAdapter(23506): onCreateViewHolder viewtype=4
07-06 00:11:36.869 D/MediaHTTPConnection(23506): [Connection@780423449] response.heeader.null = HTTP/1.0 206 Partial Content
07-06 00:11:36.869 D/MediaHTTPConnection(23506): [Connection@780423449] response.heeader.Accept-Ranges = bytes
07-06 00:11:36.869 D/MediaHTTPConnection(23506): [Connection@780423449] response.heeader.Age = 372471
07-06 00:11:36.869 D/MediaHTTPConnection(23506): [Connection@780423449] response.heeader.Cache-Control = max-age=5184000
07-06 00:11:36.869 D/MediaHTTPConnection(23506): [Connection@780423449] response.heeader.Connection = keep-alive
07-06 00:11:36.869 D/MediaHTTPConnection(23506): [Connection@780423449] response.heeader.Content-Length = 128
07-06 00:11:36.870 D/MediaHTTPConnection(23506): [Connection@780423449] response.heeader.Content-MD5 = b0d2FgZ34VxS2J9TYuIjgA==
07-06 00:11:36.870 D/MediaHTTPConnection(23506): [Connection@780423449] response.heeader.Content-Range = bytes 218840569-218840696/218840697
07-06 00:11:36.870 D/MediaHTTPConnection(23506): [Connection@780423449] response.heeader.Content-Type = application/octet-stream
07-06 00:11:36.870 D/MediaHTTPConnection(23506): [Connection@780423449] response.heeader.Date = Sat, 01 Jul 2017 08:43:45 GMT
07-06 00:11:36.870 D/MediaHTTPConnection(23506): [Connection@780423449] response.heeader.ETag = "6F4776160677E15C52D89F5362E22380"
07-06 00:11:36.870 D/MediaHTTPConnection(23506): [Connection@780423449] response.heeader.Last-Modified = Mon, 08 May 2017 17:24:17 GMT
07-06 00:11:36.870 D/MediaHTTPConnection(23506): [Connection@780423449] response.heeader.Server = nginx/1.2.4
07-06 00:11:36.870 D/MediaHTTPConnection(23506): [Connection@780423449] response.heeader.Via = 1.1 chshx150:7 (Cdn Cache Server V2.0)[0 200 0], 1.1 sdbz31:0 (Cdn Cache Server V2.0)[35 200 0], 1.0 PSsdzbwt5go51:3 (Cdn Cache Server V2.0)[0 200 0]
07-06 00:11:36.870 D/MediaHTTPConnection(23506): [Connection@780423449] response.heeader.X-Android-Received-Millis = 1499271096869
07-06 00:11:36.870 D/MediaHTTPConnection(23506): [Connection@780423449] response.heeader.X-Android-Response-Source = NETWORK 206
07-06 00:11:36.870 D/MediaHTTPConnection(23506): [Connection@780423449] response.heeader.X-Android-Sent-Millis = 1499271096853
07-06 00:11:36.870 D/MediaHTTPConnection(23506): [Connection@780423449] response.heeader.x-oss-hash-crc64ecma = 10858506031335928878
07-06 00:11:36.870 D/MediaHTTPConnection(23506): [Connection@780423449] response.heeader.x-oss-object-type = Normal
07-06 00:11:36.871 D/MediaHTTPConnection(23506): [Connection@780423449] response.heeader.x-oss-request-id = 591D64783FEA2FF75DF4AA6E
07-06 00:11:36.871 D/MediaHTTPConnection(23506): [Connection@780423449] response.heeader.x-oss-server-time = 46
07-06 00:11:36.871 D/MediaHTTPConnection(23506): [Connection@780423449] response.heeader.x-oss-storage-class = Standard
07-06 00:11:36.872 I/NuCachedSource2( 1206): caching reached eos.
07-06 00:11:36.872 W/avc_utils( 1206): [3D detect]It is not SEI Nal
07-06 00:11:36.872 W/avc_utils( 1206): [3D detect]It is not SEI Nal
07-06 00:11:36.873 W/avc_utils( 1206): [3D detect]It is not SEI Nal
07-06 00:11:36.874 D/HttpHandler(23506): VerifySignInterCeptor-->request.url()=http://picture.edu.hismarttv.com/images/20170628114649773760.jpg
07-06 00:11:36.874 D/HttpHandler(23506): VerifySignInterCeptor-->hostname=picture.edu.hismarttv.com
07-06 00:11:36.875 I/edu     (23506): 000000000 ==>mTypeCode = 1002
07-06 00:11:36.875 D/ContentProvider(23506): zhangxiaokai,getmImageIconUrl():http://picture.edu.hismarttv.com/images/20170629/心算口诀天天练.jpg
07-06 00:11:36.875 D/ContentProvider(23506): zhangxiaokai,getTitle()心算口诀天天练
07-06 00:11:36.875 D/ContentProvider(23506): zhangxiaokai,getTotalTime():0
07-06 00:11:36.875 D/ContentProvider(23506): zhangxiaokai getIs_fee():1
07-06 00:11:36.877 D/OkHttp  (23506): --> GET http://picture.edu.hismarttv.com/images/20170628114649773760.jpg http/1.1
07-06 00:11:36.877 D/OkHttp  (23506): Host: picture.edu.hismarttv.com
07-06 00:11:36.878 D/OkHttp  (23506): Connection: Keep-Alive
07-06 00:11:36.878 D/OkHttp  (23506): Accept-Encoding: gzip
07-06 00:11:36.878 D/OkHttp  (23506): User-Agent: okhttp/3.6.0
07-06 00:11:36.878 D/OkHttp  (23506): --> END GET
07-06 00:11:36.878 V/NuPlayer( 1206): Video input format 1920 x 1080
07-06 00:11:36.878 V/NuPlayer( 1206): updateVideoSize::rotationDegrees=0
07-06 00:11:36.878 E/NuPlayerDriver( 1206): notifyDuration (538083333)
07-06 00:11:36.883 I/FirstLineAdapter(23506): onBindViewHolder 7
07-06 00:11:36.883 I/FirstLineAdapter(23506): canShowTrailer,isOffline=false
07-06 00:11:36.883 I/FirstLineAdapter(23506): canShowTrailer modify
07-06 00:11:36.883 I/FirstLineAdapter(23506): setMasterData7
07-06 00:11:36.883 I/FirstLineAdapter(23506): set current pos = 3
07-06 00:11:36.883 D/sloven  (23506): 2005---false
07-06 00:11:36.883 D/sloven  (23506): 2005专题
07-06 00:11:36.884 I/FirstLineAdapter(23506): canShowTrailer,isOffline=false
07-06 00:11:36.885 I/MyItemDecoration(23506): getItemOffsets rect=Rect(-6, 0 - 0, 0),pos=6
07-06 00:11:36.885 I/NuCachedSource2( 1206): new range: offset= 1703936
07-06 00:11:36.885 I/NuCachedSource2( 1206): seekInternal_l ---- totalSize: 1704064
07-06 00:11:36.886 I/MyItemDecoration(23506): getItemOffsets rect=Rect(-6, -5 - 0, 0),pos=7
07-06 00:11:36.887 D/HttpHandler(23506): VerifySignInterCeptor-->request.url()=http://picture.edu.hismarttv.com/images/20170628114944634008.jpg
07-06 00:11:36.887 D/HttpHandler(23506): VerifySignInterCeptor-->hostname=picture.edu.hismarttv.com
07-06 00:11:36.888 I/FirstLineAdapter(23506): canShowTrailer,isOffline=false
07-06 00:11:36.888 I/FirstLineAdapter(23506): canShowTrailer,isOffline=false
07-06 00:11:36.888 I/FirstLineAdapter(23506): onCreateViewHolder viewtype=0
07-06 00:11:36.892 I/FirstLineAdapter(23506): onBindViewHolder 0
07-06 00:11:36.893 D/OkHttp  (23506): --> GET http://picture.edu.hismarttv.com/images/20170628114944634008.jpg http/1.1
07-06 00:11:36.893 D/OkHttp  (23506): Host: picture.edu.hismarttv.com
07-06 00:11:36.893 D/OkHttp  (23506): Connection: Keep-Alive
07-06 00:11:36.893 D/OkHttp  (23506): Accept-Encoding: gzip
07-06 00:11:36.893 D/OkHttp  (23506): User-Agent: okhttp/3.6.0
07-06 00:11:36.893 D/OkHttp  (23506): --> END GET
07-06 00:11:36.904 D/OkHttp  (23506): <-- 200 OK http://picture.edu.hismarttv.com/images/20170628114649773760.jpg (26ms)
07-06 00:11:36.904 D/OkHttp  (23506): Date: Tue, 04 Jul 2017 07:48:46 GMT
07-06 00:11:36.904 D/OkHttp  (23506): Server: nginx
07-06 00:11:36.904 D/OkHttp  (23506): Content-Type: image/jpeg
07-06 00:11:36.904 D/OkHttp  (23506): Content-Length: 39955
07-06 00:11:36.904 D/OkHttp  (23506): Last-Modified: Wed, 28 Jun 2017 11:46:49 GMT
07-06 00:11:36.904 D/OkHttp  (23506): ETag: "59539729-9c13"
07-06 00:11:36.904 D/OkHttp  (23506): Accept-Ranges: bytes
07-06 00:11:36.904 D/OkHttp  (23506): Age: 116570
07-06 00:11:36.904 D/OkHttp  (23506): Via: 1.1 jnwt245:1 (Cdn Cache Server V2.0)[8 200 0], 1.1 changwangtong80:2 (Cdn Cache Server V2.0)[0 200 0]
07-06 00:11:36.904 D/OkHttp  (23506): Connection: keep-alive
07-06 00:11:36.904 D/OkHttp  (23506): <-- END HTTP
07-06 00:11:36.917 D/OkHttp  (23506): <-- 200 OK http://picture.edu.hismarttv.com/images/20170628114944634008.jpg (23ms)
07-06 00:11:36.917 D/OkHttp  (23506): Date: Tue, 04 Jul 2017 06:18:13 GMT
07-06 00:11:36.917 D/OkHttp  (23506): Server: nginx
07-06 00:11:36.917 D/OkHttp  (23506): Content-Type: image/jpeg
07-06 00:11:36.917 D/OkHttp  (23506): Content-Length: 23077
07-06 00:11:36.917 D/OkHttp  (23506): Last-Modified: Wed, 28 Jun 2017 11:49:44 GMT
07-06 00:11:36.917 D/OkHttp  (23506): ETag: "595397d8-5a25"
07-06 00:11:36.917 D/OkHttp  (23506): Accept-Ranges: bytes
07-06 00:11:36.917 D/OkHttp  (23506): Age: 122003
07-06 00:11:36.917 D/OkHttp  (23506): Via: 1.1 pwt48:3 (Cdn Cache Server V2.0)[0 200 0], 1.1 changwangtong84:0 (Cdn Cache Server V2.0)[0 200 0]
07-06 00:11:36.917 D/OkHttp  (23506): Connection: keep-alive
07-06 00:11:36.917 D/OkHttp  (23506): <-- END HTTP
07-06 00:11:36.934 D/HttpHandler(23506): RetryIntercepter-->retryNum=0
07-06 00:11:36.934 D/HttpHandler(23506): RetryIntercepter-->backoffmutiplier=0
07-06 00:11:36.935 D/HttpHandler(23506): RetryIntercepter-->retryNum=0
07-06 00:11:36.935 D/HttpHandler(23506): RetryIntercepter-->backoffmutiplier=0
07-06 00:11:36.942 I/FirstLineAdapter(23506): canShowTrailer,isOffline=false
07-06 00:11:36.942 I/FirstLineAdapter(23506): canShowTrailer,isOffline=false
07-06 00:11:36.945 I/FirstLineAdapter(23506): canShowTrailer,isOffline=false
07-06 00:11:36.945 I/FirstLineAdapter(23506): canShowTrailer,isOffline=false
07-06 00:11:36.945 I/FirstLineAdapter(23506): canShowTrailer,isOffline=false
07-06 00:11:36.945 I/FirstLineAdapter(23506): canShowTrailer,isOffline=false
07-06 00:11:36.947 I/FirstLineAdapter(23506): onViewDetachedFromWindow 
07-06 00:11:36.947 I/FirstLineAdapter(23506): onViewRecycledViewHolder{112d0bb7 position=7 id=-1, oldPos=-1, pLpos:-1}
07-06 00:11:36.947 I/FirstLineAdapter(23506): release NormalViewHolder
07-06 00:11:36.947 I/FirstLineAdapter(23506): onViewDetachedFromWindow 
07-06 00:11:36.947 I/FirstLineAdapter(23506): onViewRecycledViewHolder{db9f1ea position=6 id=-1, oldPos=-1, pLpos:-1}
07-06 00:11:36.947 I/FirstLineAdapter(23506): release NormalViewHolder
07-06 00:11:36.947 I/NetflixMonitorService( 1733): current fgapk : com.hisense.hicloud.edca
07-06 00:11:36.948 I/NetflixMonitorService( 1733): Netflix status unchanged
07-06 00:11:36.948 I/FirstLineAdapter(23506): canShowTrailer,isOffline=false
07-06 00:11:36.951 D/Carousel-CarouselView(23506): ============>onScrollChanged hashCode:558015189
07-06 00:11:36.951 D/Carousel-CarouselDisplayPlayerLayout(23506): isFullScreen:false
07-06 00:11:36.961 D/gralloc ( 1204): allocate buffer from ION HEAP 0x1
07-06 00:11:36.961 D/gralloc ( 1204): allocate memory from system heap
07-06 00:11:36.971 I/TVMW@HsTvSetting( 1234): Trace cmd, data = 0x1058
