07-05 20:56:53.288 I/NetflixMonitorService( 1733): current fgapk : com.hisense.hicloud.edca
07-05 20:56:53.288 I/NetflixMonitorService( 1733): Netflix status unchanged
07-05 20:56:53.298 I/TVMW@HsTvSetting( 1234): Trace cmd, data = 0x1058
07-05 20:56:53.298 D/til@system( 2026): til_get_system_param option:100002F int:0, bool:0, ret:0
07-05 20:56:53.298 I/TVMW@HsTvSetting( 1234): Trace cmd, data = 0x101f
07-05 20:56:53.299 D/til@system( 2026): til_get_system_param option:100001D int:3, bool:3, ret:0
07-05 20:56:53.299 E/til     ( 2026): [til_get_current_input_source, 101] 
07-05 20:56:53.299 I/TVMW@HsTvSetting( 1234): Trace cmd, data = 0x7007
07-05 20:56:53.299 I/tilwrapper@sm( 2026): HS2TIL_SourceType *hs=0xd, *til=0x900
07-05 20:56:53.299 D/til     ( 2026): get current source 2304
07-05 20:56:53.299 D/SourceRemoteServiceHandler( 2026): getCurrentInputSource.from.til.result is 0, value is 2304
07-05 20:56:53.299 D/SourceRemoteServiceHandler( 2026): getInputSourceType source: 0x900, type=2304
07-05 20:56:53.300 D/til     ( 2026): ###### func:til_get_picture_param option:0x3000006 ######  
07-05 20:56:53.300 I/TVMW@HsTvSetting( 1234): Trace cmd, data = 0x1003
07-05 20:56:53.300 I/TVMW@HsTvSetting( 1234): Trace cmd, data = 0x8032
07-05 20:56:53.301 I/hstvos  ( 1216): [0m[1;33m[HSHAL][HS_VIDEO][HS_HAL_Video_SetOsdDetect_v2][2389]u16Threshold = 20
07-05 20:56:53.301 I/MiSysSrv( 1214): Not support now! 42, change to mm_video!!!
07-05 20:56:53.301 E/TVMW@videoctrl( 1234):  getOsd is 1
07-05 20:56:53.304 D/til@system( 2026): til_get_system_param option:1000027 int:1, bool:1, ret:0
07-05 20:56:53.304 D/til     ( 2026): ###### func:til_get_picture_param option:0x3000045 ######  
07-05 20:56:53.304 I/TVMW@HsTvSetting( 1234): Trace cmd, data = 0x300c
07-05 20:56:53.304 I/TVMW@HsTvSetting( 1234): Trace 3d, data = 0x300c
07-05 20:56:53.304 I/TVMW@3d ( 1234): Hs_debug3d_trace: func:get3dStatus, line:109
07-05 20:56:53.319 I/MyFragmentStateAdapter(12421): getCount
07-05 20:56:53.347 I/MyFragmentStateAdapter(12421): getCount
07-05 20:56:53.376 I/MyFragmentStateAdapter(12421): getCount
07-05 20:56:53.424 I/MyFragmentStateAdapter(12421): getCount
07-05 20:56:53.451 I/MyFragmentStateAdapter(12421): getCount
07-05 20:56:53.478 I/MyFragmentStateAdapter(12421): getCount
07-05 20:56:53.510 I/MyFragmentStateAdapter(12421): getCount
07-05 20:56:53.537 I/MyFragmentStateAdapter(12421): getCount
07-05 20:56:53.547 I/TVMW@devctrl( 1234): wdt
07-05 20:56:53.568 I/MyFragmentStateAdapter(12421): getCount
07-05 20:56:53.571 E/HDMI_CEC( 1733): Send Message TO[5] 
07-05 20:56:53.571 E/HDMI_CEC( 1733): OP[0], <Feature Abort> 
07-05 20:56:53.571 E/HDMI_CEC( 1733): ========
07-05 20:56:53.602 I/MyFragmentStateAdapter(12421): getCount
07-05 20:56:53.630 I/MyFragmentStateAdapter(12421): getCount
07-05 20:56:53.645 E/HDMI_CEC( 1733): MI_CEC_SendTxPolling, ErrCode[4] 
07-05 20:56:53.659 I/MyFragmentStateAdapter(12421): getCount
07-05 20:56:53.679 E/HDMI_CEC( 1733): Sending message can't be response. 
07-05 20:56:53.689 I/MyFragmentStateAdapter(12421): getCount
07-05 20:56:53.716 I/MyFragmentStateAdapter(12421): getCount
07-05 20:56:53.745 I/MyFragmentStateAdapter(12421): getCount
07-05 20:56:53.777 I/MyFragmentStateAdapter(12421): getCount
07-05 20:56:53.805 I/TVMW@HsTvSetting( 1234): Trace cmd, data = 0x1058
07-05 20:56:53.805 D/til@system( 2026): til_get_system_param option:100002F int:0, bool:0, ret:0
07-05 20:56:53.806 I/TVMW@HsTvSetting( 1234): Trace cmd, data = 0x101f
07-05 20:56:53.806 D/til@system( 2026): til_get_system_param option:100001D int:3, bool:3, ret:0
07-05 20:56:53.806 E/til     ( 2026): [til_get_current_input_source, 101] 
07-05 20:56:53.806 I/TVMW@HsTvSetting( 1234): Trace cmd, data = 0x7007
07-05 20:56:53.806 I/tilwrapper@sm( 2026): HS2TIL_SourceType *hs=0xd, *til=0x900
07-05 20:56:53.806 D/til     ( 2026): get current source 2304
07-05 20:56:53.806 D/SourceRemoteServiceHandler( 2026): getCurrentInputSource.from.til.result is 0, value is 2304
07-05 20:56:53.806 D/SourceRemoteServiceHandler( 2026): getInputSourceType source: 0x900, type=2304
07-05 20:56:53.806 D/til     ( 2026): ###### func:til_get_picture_param option:0x3000006 ######  
07-05 20:56:53.807 I/TVMW@HsTvSetting( 1234): Trace cmd, data = 0x1003
07-05 20:56:53.807 I/TVMW@HsTvSetting( 1234): Trace cmd, data = 0x8032
07-05 20:56:53.807 I/hstvos  ( 1216): [0m[1;33m[HSHAL][HS_VIDEO][HS_HAL_Video_SetOsdDetect_v2][2389]u16Threshold = 20
07-05 20:56:53.808 I/MiSysSrv( 1214): Not support now! 42, change to mm_video!!!
07-05 20:56:53.808 E/TVMW@videoctrl( 1234):  getOsd is 1
07-05 20:56:53.809 D/til@system( 2026): til_get_system_param option:1000027 int:1, bool:1, ret:0
07-05 20:56:53.809 D/til     ( 2026): ###### func:til_get_picture_param option:0x3000045 ######  
07-05 20:56:53.809 I/TVMW@HsTvSetting( 1234): Trace cmd, data = 0x300c
07-05 20:56:53.809 I/TVMW@HsTvSetting( 1234): Trace 3d, data = 0x300c
07-05 20:56:53.809 I/TVMW@3d ( 1234): Hs_debug3d_trace: func:get3dStatus, line:109
07-05 20:56:53.823 I/MyFragmentStateAdapter(12421): getCount
07-05 20:56:53.852 I/MyFragmentStateAdapter(12421): getCount
07-05 20:56:53.879 I/MyFragmentStateAdapter(12421): getCount
07-05 20:56:53.910 I/MyFragmentStateAdapter(12421): getCount
07-05 20:56:53.938 I/MyFragmentStateAdapter(12421): getCount
07-05 20:56:53.971 I/MyFragmentStateAdapter(12421): getCount
07-05 20:56:54.002 I/MyFragmentStateAdapter(12421): getCount
07-05 20:56:54.031 I/MyFragmentStateAdapter(12421): getCount
07-05 20:56:54.060 I/MyFragmentStateAdapter(12421): getCount
07-05 20:56:54.087 I/MyFragmentStateAdapter(12421): getCount
07-05 20:56:54.116 I/MyFragmentStateAdapter(12421): getCount
07-05 20:56:54.145 I/MyFragmentStateAdapter(12421): getCount
07-05 20:56:54.171 I/MyFragmentStateAdapter(12421): getCount
07-05 20:56:54.197 I/MyFragmentStateAdapter(12421): getCount
07-05 20:56:54.230 I/MyFragmentStateAdapter(12421): getCount
07-05 20:56:54.254 I/MyFragmentStateAdapter(12421): getCount
07-05 20:56:54.283 I/MyFragmentStateAdapter(12421): getCount
07-05 20:56:54.288 I/NetflixMonitorService( 1733): current fgapk : com.hisense.hicloud.edca
07-05 20:56:54.288 I/NetflixMonitorService( 1733): Netflix status unchanged
07-05 20:56:54.310 I/TVMW@HsTvSetting( 1234): Trace cmd, data = 0x1058
07-05 20:56:54.310 D/til@system( 2026): til_get_system_param option:100002F int:0, bool:0, ret:0
07-05 20:56:54.311 I/TVMW@HsTvSetting( 1234): Trace cmd, data = 0x101f
07-05 20:56:54.311 D/til@system( 2026): til_get_system_param option:100001D int:3, bool:3, ret:0
07-05 20:56:54.311 E/til     ( 2026): [til_get_current_input_source, 101] 
07-05 20:56:54.311 I/TVMW@HsTvSetting( 1234): Trace cmd, data = 0x7007
07-05 20:56:54.311 I/tilwrapper@sm( 2026): HS2TIL_SourceType *hs=0xd, *til=0x900
07-05 20:56:54.311 D/til     ( 2026): get current source 2304
07-05 20:56:54.311 D/SourceRemoteServiceHandler( 2026): getCurrentInputSource.from.til.result is 0, value is 2304
07-05 20:56:54.311 D/SourceRemoteServiceHandler( 2026): getInputSourceType source: 0x900, type=2304
07-05 20:56:54.312 D/til     ( 2026): ###### func:til_get_picture_param option:0x3000006 ######  
07-05 20:56:54.312 I/TVMW@HsTvSetting( 1234): Trace cmd, data = 0x1003
07-05 20:56:54.312 I/TVMW@HsTvSetting( 1234): Trace cmd, data = 0x8032
07-05 20:56:54.313 I/MiSysSrv( 1214): Not support now! 42, change to mm_video!!!
07-05 20:56:54.313 I/hstvos  ( 1216): [0m[1;33m[HSHAL][HS_VIDEO][HS_HAL_Video_SetOsdDetect_v2][2389]u16Threshold = 20
07-05 20:56:54.317 E/TVMW@videoctrl( 1234):  getOsd is 1
07-05 20:56:54.317 D/til@system( 2026): til_get_system_param option:1000027 int:1, bool:1, ret:0
07-05 20:56:54.318 D/til     ( 2026): ###### func:til_get_picture_param option:0x3000045 ######  
07-05 20:56:54.318 I/TVMW@HsTvSetting( 1234): Trace cmd, data = 0x300c
07-05 20:56:54.318 I/TVMW@HsTvSetting( 1234): Trace 3d, data = 0x300c
07-05 20:56:54.318 I/TVMW@3d ( 1234): Hs_debug3d_trace: func:get3dStatus, line:109
07-05 20:56:54.319 I/MyFragmentStateAdapter(12421): getCount
07-05 20:56:54.345 I/MyFragmentStateAdapter(12421): getCount
07-05 20:56:54.370 I/MyFragmentStateAdapter(12421): getCount
07-05 20:56:54.397 I/MyFragmentStateAdapter(12421): getCount
07-05 20:56:54.420 I/MyFragmentStateAdapter(12421): getCount
07-05 20:56:54.447 I/MyFragmentStateAdapter(12421): getCount
07-05 20:56:54.447 I/TVMW@devctrl( 1234): wdt
07-05 20:56:54.479 I/MyFragmentStateAdapter(12421): getCount
07-05 20:56:54.498 I/HLSP2P  ( 3457): ## 2017-07-05 20:56:54.497 [3457,3628,:0] INFO ## [HLSP2P][TaskManager.cpp:855][INFO][UpdateGlobalInfo]totalDataSize: 0, totalMemorySize: 0, totalCacheSize: 0, curUploadSpeedKB: 0
07-05 20:56:54.499 I/HLSP2P  ( 3457): ## 2017-07-05 20:56:54.498 [3457,3628,:0] INFO ## [HLSP2P][TaskManager.cpp:1325][INFO][TryAdjustMemorySize]system memory total size: 1912M, free size: 538MB, cache add to 30MB, AppState: 14
07-05 20:56:54.509 I/MyFragmentStateAdapter(12421): getCount
07-05 20:56:54.534 I/MyFragmentStateAdapter(12421): getCount
07-05 20:56:54.559 I/MyFragmentStateAdapter(12421): getCount
07-05 20:56:54.585 I/MyFragmentStateAdapter(12421): getCount
07-05 20:56:54.617 I/MyFragmentStateAdapter(12421): getCount
07-05 20:56:54.632 D/HDMI    ( 1733): [P]:AllocatedAddress=[]
07-05 20:56:54.644 I/MyFragmentStateAdapter(12421): getCount
07-05 20:56:54.667 I/MyFragmentStateAdapter(12421): getCount
07-05 20:56:54.694 I/MyFragmentStateAdapter(12421): getCount
07-05 20:56:54.718 I/MyFragmentStateAdapter(12421): getCount
07-05 20:56:54.744 I/MyFragmentStateAdapter(12421): getCount
07-05 20:56:54.767 I/MyFragmentStateAdapter(12421): getCount
07-05 20:56:54.803 I/MyFragmentStateAdapter(12421): getCount
07-05 20:56:54.819 I/TVMW@HsTvSetting( 1234): Trace cmd, data = 0x1058
07-05 20:56:54.819 D/til@system( 2026): til_get_system_param option:100002F int:0, bool:0, ret:0
07-05 20:56:54.819 I/TVMW@HsTvSetting( 1234): Trace cmd, data = 0x101f
07-05 20:56:54.819 D/til@system( 2026): til_get_system_param option:100001D int:3, bool:3, ret:0
07-05 20:56:54.819 E/til     ( 2026): [til_get_current_input_source, 101] 
07-05 20:56:54.820 I/TVMW@HsTvSetting( 1234): Trace cmd, data = 0x7007
07-05 20:56:54.820 I/tilwrapper@sm( 2026): HS2TIL_SourceType *hs=0xd, *til=0x900
07-05 20:56:54.820 D/til     ( 2026): get current source 2304
07-05 20:56:54.820 D/SourceRemoteServiceHandler( 2026): getCurrentInputSource.from.til.result is 0, value is 2304
07-05 20:56:54.820 D/SourceRemoteServiceHandler( 2026): getInputSourceType source: 0x900, type=2304
07-05 20:56:54.820 D/til     ( 2026): ###### func:til_get_picture_param option:0x3000006 ######  
07-05 20:56:54.820 I/TVMW@HsTvSetting( 1234): Trace cmd, data = 0x1003
07-05 20:56:54.820 I/TVMW@HsTvSetting( 1234): Trace cmd, data = 0x8032
07-05 20:56:54.821 I/hstvos  ( 1216): [0m[1;33m[HSHAL][HS_VIDEO][HS_HAL_Video_SetOsdDetect_v2][2389]u16Threshold = 20
07-05 20:56:54.821 I/MiSysSrv( 1214): Not support now! 42, change to mm_video!!!
07-05 20:56:54.821 E/TVMW@videoctrl( 1234):  getOsd is 1
07-05 20:56:54.821 D/til@system( 2026): til_get_system_param option:1000027 int:1, bool:1, ret:0
07-05 20:56:54.822 D/til     ( 2026): ###### func:til_get_picture_param option:0x3000045 ######  
07-05 20:56:54.822 I/TVMW@HsTvSetting( 1234): Trace cmd, data = 0x300c
07-05 20:56:54.822 I/TVMW@HsTvSetting( 1234): Trace 3d, data = 0x300c
07-05 20:56:54.822 I/TVMW@3d ( 1234): Hs_debug3d_trace: func:get3dStatus, line:109
07-05 20:56:54.836 I/MyFragmentStateAdapter(12421): getCount
07-05 20:56:54.862 I/MyFragmentStateAdapter(12421): getCount
07-05 20:56:54.887 I/MyFragmentStateAdapter(12421): getCount
07-05 20:56:54.910 I/MyFragmentStateAdapter(12421): getCount
07-05 20:56:54.936 I/MyFragmentStateAdapter(12421): getCount
07-05 20:56:54.959 I/MyFragmentStateAdapter(12421): getCount
07-05 20:56:54.986 I/MyFragmentStateAdapter(12421): getCount
07-05 20:56:55.011 I/MyFragmentStateAdapter(12421): getCount
07-05 20:56:55.036 I/MyFragmentStateAdapter(12421): getCount
07-05 20:56:55.060 I/MyFragmentStateAdapter(12421): getCount
07-05 20:56:55.087 I/MyFragmentStateAdapter(12421): getCount
07-05 20:56:55.116 I/MyFragmentStateAdapter(12421): getCount
07-05 20:56:55.149 I/MyFragmentStateAdapter(12421): getCount
07-05 20:56:55.180 I/MyFragmentStateAdapter(12421): getCount
07-05 20:56:55.208 I/MyFragmentStateAdapter(12421): getCount
07-05 20:56:55.234 I/MyFragmentStateAdapter(12421): getCount
07-05 20:56:55.260 I/MyFragmentStateAdapter(12421): getCount
07-05 20:56:55.289 I/NetflixMonitorService( 1733): current fgapk : com.hisense.hicloud.edca
07-05 20:56:55.289 I/NetflixMonitorService( 1733): Netflix status unchanged
07-05 20:56:55.295 I/MyFragmentStateAdapter(12421): getCount
07-05 20:56:55.323 I/TVMW@HsTvSetting( 1234): Trace cmd, data = 0x1058
07-05 20:56:55.324 D/til@system( 2026): til_get_system_param option:100002F int:0, bool:0, ret:0
07-05 20:56:55.325 I/TVMW@HsTvSetting( 1234): Trace cmd, data = 0x101f
07-05 20:56:55.331 I/MyFragmentStateAdapter(12421): getCount
07-05 20:56:55.333 D/til@system( 2026): til_get_system_param option:100001D int:3, bool:3, ret:0
07-05 20:56:55.333 E/til     ( 2026): [til_get_current_input_source, 101] 
07-05 20:56:55.333 I/TVMW@HsTvSetting( 1234): Trace cmd, data = 0x7007
07-05 20:56:55.333 I/tilwrapper@sm( 2026): HS2TIL_SourceType *hs=0xd, *til=0x900
07-05 20:56:55.333 D/til     ( 2026): get current source 2304
07-05 20:56:55.333 D/SourceRemoteServiceHandler( 2026): getCurrentInputSource.from.til.result is 0, value is 2304
07-05 20:56:55.334 D/SourceRemoteServiceHandler( 2026): getInputSourceType source: 0x900, type=2304
07-05 20:56:55.334 D/til     ( 2026): ###### func:til_get_picture_param option:0x3000006 ######  
07-05 20:56:55.334 I/TVMW@HsTvSetting( 1234): Trace cmd, data = 0x1003
07-05 20:56:55.335 I/TVMW@HsTvSetting( 1234): Trace cmd, data = 0x8032
07-05 20:56:55.335 I/hstvos  ( 1216): [0m[1;33m[HSHAL][HS_VIDEO][HS_HAL_Video_SetOsdDetect_v2][2389]u16Threshold = 20
07-05 20:56:55.335 I/MiSysSrv( 1214): Not support now! 42, change to mm_video!!!
07-05 20:56:55.335 E/TVMW@videoctrl( 1234):  getOsd is 1
07-05 20:56:55.336 D/til@system( 2026): til_get_system_param option:1000027 int:1, bool:1, ret:0
07-05 20:56:55.336 D/til     ( 2026): ###### func:til_get_picture_param option:0x3000045 ######  
07-05 20:56:55.336 I/TVMW@HsTvSetting( 1234): Trace cmd, data = 0x300c
07-05 20:56:55.336 I/TVMW@HsTvSetting( 1234): Trace 3d, data = 0x300c
07-05 20:56:55.336 I/TVMW@3d ( 1234): Hs_debug3d_trace: func:get3dStatus, line:109
07-05 20:56:55.349 I/TVMW@devctrl( 1234): wdt
07-05 20:56:55.366 I/MyFragmentStateAdapter(12421): getCount
07-05 20:56:55.397 I/MyFragmentStateAdapter(12421): getCount
07-05 20:56:55.426 I/MyFragmentStateAdapter(12421): getCount
07-05 20:56:55.462 I/MyFragmentStateAdapter(12421): getCount
07-05 20:56:55.499 I/MyFragmentStateAdapter(12421): getCount
07-05 20:56:55.538 I/MyFragmentStateAdapter(12421): getCount
07-05 20:56:55.560 D/MyLocalStartService( 3890): currentName is :com.hisense.hicloud.edca
07-05 20:56:55.568 I/MyFragmentStateAdapter(12421): getCount
07-05 20:56:55.595 I/MyFragmentStateAdapter(12421): getCount
07-05 20:56:55.619 I/MyFragmentStateAdapter(12421): getCount
07-05 20:56:55.647 I/MyFragmentStateAdapter(12421): getCount
07-05 20:56:55.675 I/MyFragmentStateAdapter(12421): getCount
07-05 20:56:55.703 D/AndroidRuntime(12719): >>>>>> START com.android.internal.os.RuntimeInit uid 2000 <<<<<<
07-05 20:56:55.708 I/MyFragmentStateAdapter(12421): getCount
07-05 20:56:55.726 D/AndroidRuntime(12719): CheckJNI is OFF
07-05 20:56:55.741 I/MyFragmentStateAdapter(12421): getCount
07-05 20:56:55.767 I/MyFragmentStateAdapter(12421): getCount
07-05 20:56:55.793 I/MyFragmentStateAdapter(12421): getCount
07-05 20:56:55.822 I/MyFragmentStateAdapter(12421): getCount
07-05 20:56:55.837 I/TVMW@HsTvSetting( 1234): Trace cmd, data = 0x1058
07-05 20:56:55.837 D/til@system( 2026): til_get_system_param option:100002F int:0, bool:0, ret:0
07-05 20:56:55.837 I/TVMW@HsTvSetting( 1234): Trace cmd, data = 0x101f
07-05 20:56:55.837 D/til@system( 2026): til_get_system_param option:100001D int:3, bool:3, ret:0
07-05 20:56:55.837 E/til     ( 2026): [til_get_current_input_source, 101] 
07-05 20:56:55.837 I/TVMW@HsTvSetting( 1234): Trace cmd, data = 0x7007
07-05 20:56:55.838 I/tilwrapper@sm( 2026): HS2TIL_SourceType *hs=0xd, *til=0x900
07-05 20:56:55.838 D/til     ( 2026): get current source 2304
07-05 20:56:55.838 D/SourceRemoteServiceHandler( 2026): getCurrentInputSource.from.til.result is 0, value is 2304
07-05 20:56:55.838 D/SourceRemoteServiceHandler( 2026): getInputSourceType source: 0x900, type=2304
07-05 20:56:55.838 D/til     ( 2026): ###### func:til_get_picture_param option:0x3000006 ######  
07-05 20:56:55.838 I/TVMW@HsTvSetting( 1234): Trace cmd, data = 0x1003
07-05 20:56:55.838 I/TVMW@HsTvSetting( 1234): Trace cmd, data = 0x8032
07-05 20:56:55.838 I/hstvos  ( 1216): [0m[1;33m[HSHAL][HS_VIDEO][HS_HAL_Video_SetOsdDetect_v2][2389]u16Threshold = 20
07-05 20:56:55.839 I/MiSysSrv( 1214): Not support now! 42, change to mm_video!!!
07-05 20:56:55.839 E/TVMW@videoctrl( 1234):  getOsd is 1
07-05 20:56:55.839 D/til@system( 2026): til_get_system_param option:1000027 int:1, bool:1, ret:0
07-05 20:56:55.840 D/til     ( 2026): ###### func:til_get_picture_param option:0x3000045 ######  
07-05 20:56:55.840 I/TVMW@HsTvSetting( 1234): Trace cmd, data = 0x300c
07-05 20:56:55.840 I/TVMW@HsTvSetting( 1234): Trace 3d, data = 0x300c
07-05 20:56:55.840 I/TVMW@3d ( 1234): Hs_debug3d_trace: func:get3dStatus, line:109
07-05 20:56:55.859 I/MyFragmentStateAdapter(12421): getCount
07-05 20:56:55.886 I/MyFragmentStateAdapter(12421): getCount
07-05 20:56:55.915 I/MyFragmentStateAdapter(12421): getCount
07-05 20:56:55.923 D/DtvSourcePlugin-DVBC( 2628): Setting the EPG Updater state to: WAIT
07-05 20:56:55.941 I/MyFragmentStateAdapter(12421): getCount
07-05 20:56:55.969 I/MyFragmentStateAdapter(12421): getCount
07-05 20:56:56.003 I/MyFragmentStateAdapter(12421): getCount
07-05 20:56:56.028 I/MyFragmentStateAdapter(12421): getCount
07-05 20:56:56.054 I/MyFragmentStateAdapter(12421): getCount
07-05 20:56:56.081 I/MyFragmentStateAdapter(12421): getCount
07-05 20:56:56.112 I/MyFragmentStateAdapter(12421): getCount
07-05 20:56:56.146 I/MyFragmentStateAdapter(12421): getCount
07-05 20:56:56.175 I/MyFragmentStateAdapter(12421): getCount
07-05 20:56:56.201 I/MyFragmentStateAdapter(12421): getCount
07-05 20:56:56.229 I/MyFragmentStateAdapter(12421): getCount
07-05 20:56:56.252 I/TVMW@devctrl( 1234): wdt
07-05 20:56:56.261 I/MyFragmentStateAdapter(12421): getCount
07-05 20:56:56.287 I/MyFragmentStateAdapter(12421): getCount
07-05 20:56:56.289 I/NetflixMonitorService( 1733): current fgapk : com.hisense.hicloud.edca
07-05 20:56:56.290 I/NetflixMonitorService( 1733): Netflix status unchanged
07-05 20:56:56.316 I/MyFragmentStateAdapter(12421): getCount
07-05 20:56:56.332 V/Surface (12719): register_android_view_Surface() : start
07-05 20:56:56.333 V/Surface (12719): register_android_view_Surface() : end
07-05 20:56:56.343 I/TVMW@HsTvSetting( 1234): Trace cmd, data = 0x1058
07-05 20:56:56.343 D/til@system( 2026): til_get_system_param option:100002F int:0, bool:0, ret:0
07-05 20:56:56.343 I/TVMW@HsTvSetting( 1234): Trace cmd, data = 0x101f
07-05 20:56:56.343 D/til@system( 2026): til_get_system_param option:100001D int:3, bool:3, ret:0
07-05 20:56:56.343 E/til     ( 2026): [til_get_current_input_source, 101] 
07-05 20:56:56.343 I/TVMW@HsTvSetting( 1234): Trace cmd, data = 0x7007
07-05 20:56:56.344 I/tilwrapper@sm( 2026): HS2TIL_SourceType *hs=0xd, *til=0x900
07-05 20:56:56.344 D/til     ( 2026): get current source 2304
07-05 20:56:56.344 D/SourceRemoteServiceHandler( 2026): getCurrentInputSource.from.til.result is 0, value is 2304
07-05 20:56:56.344 D/SourceRemoteServiceHandler( 2026): getInputSourceType source: 0x900, type=2304
07-05 20:56:56.344 D/til     ( 2026): ###### func:til_get_picture_param option:0x3000006 ######  
07-05 20:56:56.344 I/TVMW@HsTvSetting( 1234): Trace cmd, data = 0x1003
07-05 20:56:56.344 I/TVMW@HsTvSetting( 1234): Trace cmd, data = 0x8032
07-05 20:56:56.345 I/hstvos  ( 1216): [0m[1;33m[HSHAL][HS_VIDEO][HS_HAL_Video_SetOsdDetect_v2][2389]u16Threshold = 20
07-05 20:56:56.345 I/MiSysSrv( 1214): Not support now! 42, change to mm_video!!!
07-05 20:56:56.346 E/TVMW@videoctrl( 1234):  getOsd is 1
07-05 20:56:56.346 D/til@system( 2026): til_get_system_param option:1000027 int:1, bool:1, ret:0
07-05 20:56:56.346 D/til     ( 2026): ###### func:til_get_picture_param option:0x3000045 ######  
07-05 20:56:56.347 I/TVMW@HsTvSetting( 1234): Trace cmd, data = 0x300c
07-05 20:56:56.347 I/TVMW@HsTvSetting( 1234): Trace 3d, data = 0x300c
07-05 20:56:56.347 I/TVMW@3d ( 1234): Hs_debug3d_trace: func:get3dStatus, line:109
07-05 20:56:56.350 I/MyFragmentStateAdapter(12421): getCount
07-05 20:56:56.382 I/MyFragmentStateAdapter(12421): getCount
07-05 20:56:56.411 I/MyFragmentStateAdapter(12421): getCount
07-05 20:56:56.442 I/MyFragmentStateAdapter(12421): getCount
07-05 20:56:56.473 I/MyFragmentStateAdapter(12421): getCount
07-05 20:56:56.500 I/MyFragmentStateAdapter(12421): getCount
07-05 20:56:56.529 I/MyFragmentStateAdapter(12421): getCount
07-05 20:56:56.560 I/MyFragmentStateAdapter(12421): getCount
07-05 20:56:56.562 D/AndroidRuntime(12719): Calling main entry com.android.commands.am.Am
07-05 20:56:56.579 I/ActivityManager( 1733): Force stopping com.hisense.hicloud.edca appid=10010 user=0: from pid 12719
07-05 20:56:56.580 I/ActivityManager( 1733): Killing 12421:com.hisense.hicloud.edca/u0a10 (adj 0): stop com.hisense.hicloud.edca
07-05 20:56:56.621 E/IMediaHTTPConnection( 1206): remote readAt failed
07-05 20:56:56.621 W/MediaHTTP( 1206): hitting MediaHTTP readAt n < 0 numBytesRead= 32232
07-05 20:56:56.621 I/WindowState( 1733): WIN DEATH: Window{10dfc9d0 u0 com.hisense.hicloud.edca/com.hisense.tvui.newhome.HomeMainActivity}
07-05 20:56:56.621 E/IMediaHTTPConnection( 1206): remote readAt failed
07-05 20:56:56.621 W/MediaHTTP( 1206): hitting MediaHTTP readAt n < 0 numBytesRead= 0
07-05 20:56:56.621 E/NuCachedSource2( 1206): source returned error -2147483648, 10 retries left
07-05 20:56:56.621 E/WifiService( 1733): Multicaster binderDied
07-05 20:56:56.621 I/NuCachedSource2( 1206): The attempt to reconnect failed, 9 retries remaining
07-05 20:56:56.621 V/AudioFlinger( 1206): 12421 died, releasing its sessions
07-05 20:56:56.621 V/AudioFlinger( 1206):  pid 12421 @ 0
07-05 20:56:56.622 V/AudioFlinger( 1206):  removing entry for pid 12421 session 220
07-05 20:56:56.622 V/AudioFlinger( 1206): purging stale effects
07-05 20:56:56.622 D/NuPlayerDriver( 1206): reset(0xd7843160)  mState:4
07-05 20:56:56.622 V/NuPlayer( 1206): NuPlayer::resetAsync ---- Enter ...
07-05 20:56:56.622 V/NuPlayer( 1206): kWhatReset  mCanReset:1
07-05 20:56:56.622 V/NuPlayer( 1206): performDecoderFlush audio=2, video=2
07-05 20:56:56.622 V/NuPlayer( 1206): performReset start pthread_id:f40a3880
07-05 20:56:56.622 V/RMClient( 1206): #125:RMClient::returnAllResourcesAsync
07-05 20:56:56.622 I/GenericSource( 1206): stop
07-05 20:56:56.622 D/WifiService( 1733): Client connection lost with reason: 4
07-05 20:56:56.622 I/FFmpegExtractor( 1206): reader thread goto end...
07-05 20:56:56.622 I/FFmpegExtractor( 1206): stream_component_close ---- streamIndex: 0
07-05 20:56:56.622 W/WindowManager( 1733): Force-removing child win Window{364d6b39 u0 SurfaceView} from container Window{10dfc9d0 u0 com.hisense.hicloud.edca/com.hisense.tvui.newhome.HomeMainActivity}
07-05 20:56:56.622 V/RMClient( 1206): #125:onMessageReceived cret
07-05 20:56:56.622 V/RMClient( 1206): #125:kWhatCmdReturnAllResources
07-05 20:56:56.623 W/RMAllocator( 1198): owner does not exist while trying to disown resources.
07-05 20:56:56.623 W/RMAllocator( 1198): returnAllResourcesFor: not registered, nothing to do
07-05 20:56:56.623 V/RMClient( 1206): #125:Done
07-05 20:56:56.624 V/RMClient( 1206): #125:handleEvent lret
07-05 20:56:56.624 V/RMClient( 1206): #125:onMessageReceived lret
07-05 20:56:56.624 V/RMClient( 1206): #125:kWhatAllResourcesReturned
07-05 20:56:56.624 I/NuPlayer( 1206): NuPlayerRMClientListener::handleAllResourcesReturned
07-05 20:56:56.624 V/NuPlayer( 1206): [handleAllResourcesReturned-3223]
07-05 20:56:56.624 V/RMClient( 1206): #125:Done
07-05 20:56:56.624 D/PowerManagerService( 1733): setScreenBrightnessOverrideFromWindowManagerInternal done
07-05 20:56:56.629 D/PowerManagerService( 1733): setScreenBrightnessOverrideFromWindowManagerInternal done
07-05 20:56:56.645 W/WindowManager( 1733): Failed looking up window
07-05 20:56:56.645 W/WindowManager( 1733): java.lang.IllegalArgumentException: Requested window android.os.BinderProxy@34a14700 does not exist
07-05 20:56:56.645 W/WindowManager( 1733): 	at com.android.server.wm.WindowManagerService.windowForClientLocked(WindowManagerService.java:8700)
07-05 20:56:56.645 W/WindowManager( 1733): 	at com.android.server.wm.WindowManagerService.windowForClientLocked(WindowManagerService.java:8691)
07-05 20:56:56.645 W/WindowManager( 1733): 	at com.android.server.wm.WindowState$DeathRecipient.binderDied(WindowState.java:1185)
07-05 20:56:56.645 W/WindowManager( 1733): 	at android.os.BinderProxy.sendDeathNotice(Binder.java:551)
07-05 20:56:56.645 I/WindowState( 1733): WIN DEATH: null
07-05 20:56:56.650 D/        ( 1204): [GOPIoctl] ERROR on cmd:0x501
07-05 20:56:56.658 D/hwcomposer( 1204): lastHWWindowInfo is dirty
07-05 20:56:56.659 I/FFmpegExtractor( 1206): stream_component_close ---- streamIndex: 1
07-05 20:56:56.673 I/FFmpegExtractor( 1206): stream_component_close ---- streamIndex: -1
07-05 20:56:56.673 I/FFMPEG  ( 1206): [AVIOContext @ 0xf406e100] Statistics: 28414744 bytes read, 0 seeks
07-05 20:56:56.676 D/FFmpegExtractor( 1206): Reader thread stopped
07-05 20:56:56.680 D/FFmpegExtractor( 1206): Reader thread have been stopped
07-05 20:56:56.686 W/ActivityManager( 1733): Scheduling restart of crashed service com.hisense.hicloud.edca/.service.connection.MutilScreenService in 1000ms
07-05 20:56:56.687 W/ActivityManager( 1733): Force removing ActivityRecord{bbe501e u0 com.hisense.hicloud.edca/com.hisense.tvui.newhome.HomeMainActivity t5084}: app died, no saved state
07-05 20:56:56.687 I/UsageStatsService( 1733): paused component:com.hisense.hicloud.edca
07-05 20:56:56.687 V/UsageStatsService( 1733): Paused: 8258258   Component: com.hisense.hicloud.edca/com.hisense.tvui.newhome.HomeMainActivity   Time: 1499259416687 LastSessionTime: 13255 CumulativeSessionTime: 2010515
07-05 20:56:56.687 D/UsageStatsService( 1733): UsageStats: broadcasting intent
07-05 20:56:56.688 D/UsageStatsService( 1733): User[0] Got usage event for com.hisense.hicloud.edca[1499259416687]: MOVE_TO_BACKGROUND
07-05 20:56:56.691 W/ContextImpl( 1733): Calling a method in the system process without a qualified user: android.app.ContextImpl.sendBroadcast:1327 com.android.server.usage.UsageStatsService.insertUsageStats:1104 com.android.server.usage.UsageStatsService$PkgUsageStatsExtended.updatePause:979 com.android.server.usage.UsageStatsService$LocalService.notePauseComponent:808 com.android.server.am.ActivityManagerService.updateUsageStats:3173 
07-05 20:56:56.693 I/ActivityManager( 1733):   Force stopping service ServiceRecord{13dca088 u0 com.hisense.hicloud.edca/.service.connection.MutilScreenService}
07-05 20:56:56.694 D/NuPlayerDriver( 1206): notifyResetComplete(0xd7843160) mState:7
07-05 20:56:56.694 V/NuPlayer( 1206): performReset end pthread_id:f40a3880
07-05 20:56:56.695 I/ActivityManager( 1733): TR16) TaskRecord{209eb3c5 #5083 A=com.jamdeo.launcher U=0 sz=1}
07-05 20:56:56.695 I/ActivityManager( 1733): TR15) TaskRecord{306402b1 #5084 A=com.hisense.hicloud.edca U=0 sz=0}
07-05 20:56:56.715 D/PowerManagerService( 1733): setScreenBrightnessOverrideFromWindowManagerInternal done
07-05 20:56:56.788 I/ActivityManager( 1733): TR16) TaskRecord{209eb3c5 #5083 A=com.jamdeo.launcher U=0 sz=1}
07-05 20:56:56.788 I/ActivityManager( 1733): TR15) TaskRecord{306402b1 #5084 A=com.hisense.hicloud.edca U=0 sz=0}
07-05 20:56:56.791 I/UsageStatsService( 1733): resumed component name is ComponentInfo{com.jamdeo.launcher/com.jamdeo.launcher.app.BaseTileActivity}
07-05 20:56:56.791 I/UsageStatsService( 1733): started component:com.jamdeo.launcher
07-05 20:56:56.791 V/PackageManager( 1733): getPackageInfo com.jamdeo.launcher: Package{33bd5cbf com.jamdeo.launcher}
07-05 20:56:56.791 V/UsageStatsService( 1733): Resumed: 8258362   Component: com.jamdeo.launcher/com.jamdeo.launcher.app.BaseTileActivity   Time: 1499259416791 VersionCode: 100010000   LastUpdateTime: 1167653135000
07-05 20:56:56.791 D/UsageStatsService( 1733): UsageStats: broadcasting intent
07-05 20:56:56.792 I/BaseTileActivity( 2232): onRestart - mStackId: 58, mTileType:7, mRestored:false, mTileName:com.hisense.hicloud.edca entry:28b3050e
07-05 20:56:56.792 W/ContextImpl( 1733): Calling a method in the system process without a qualified user: android.app.ContextImpl.sendBroadcast:1327 com.android.server.usage.UsageStatsService.insertUsageStats:1104 com.android.server.usage.UsageStatsService$PkgUsageStatsExtended.updateResume:962 com.android.server.usage.UsageStatsService$LocalService.noteResumeComponent:759 com.android.server.am.ActivityManagerService.updateUsageStats:3164 
07-05 20:56:56.795 D/PowerManagerService( 1733): setScreenBrightnessOverrideFromWindowManagerInternal done
07-05 20:56:56.797 V/NuPlayer( 1206): NuPlayer::~NuPlayer ---- Enter ...
07-05 20:56:56.799 W/ActivityManager( 1733): Spurious death for ProcessRecord{194d4396 12421:com.hisense.hicloud.edca/u0a10}, curProc for 12421: null
07-05 20:56:56.799 D/AndroidRuntime(12719): Shutting down VM
07-05 20:56:56.801 I/ReportService( 3281): Intent received, action = android.intent.action.INSERT
07-05 20:56:56.802 I/ReportService( 3281): modelName is VIDAA_TV
07-05 20:56:56.803 I/BaseTileActivity( 2232): onStart - mStackId: 58, mTileType:7, mRestored:false, mTileName:com.hisense.hicloud.edca 28b3050e
07-05 20:56:56.803 I/LauncherSwitcher( 2232): addBaseActivity: activity 28b3050e
07-05 20:56:56.803 I/BaseTileActivity( 2232): onResume - mStackId: 58, mTileType:7, mRestored:false, mCreateTime:8222228, mTileName:com.hisense.hicloud.edca, currentTime:8258374 28b3050e
07-05 20:56:56.803 I/LauncherSwitcher( 2232): addBaseActivity: activity 28b3050e
07-05 20:56:56.803 E/til     ( 2026): [til_get_current_input_source, 101] 
07-05 20:56:56.803 I/TVMW@HsTvSetting( 1234): Trace cmd, data = 0x7007
07-05 20:56:56.803 I/tilwrapper@sm( 2026): HS2TIL_SourceType *hs=0xd, *til=0x900
07-05 20:56:56.804 D/til     ( 2026): get current source 2304
07-05 20:56:56.804 D/SourceRemoteServiceHandler( 2026): getCurrentInputSource.from.til.result is 0, value is 2304
07-05 20:56:56.804 D/SourceRemoteServiceHandler( 2026): getInputSourceType source: 0x900, type=2304
07-05 20:56:56.804 W/Activity( 2232): changePanelKeyPadStateIfNecessary() : false
07-05 20:56:56.804 V/InputManager( 2232): setPanelKeyPadConvertState() : false
07-05 20:56:56.804 I/ReportService( 3281): getCurIntputSource2304
07-05 20:56:56.805 E/til     ( 2026): [til_get_current_input_source, 101] 
07-05 20:56:56.805 D/ShutdownManager( 2096): Intent received, action=launcher_at_bottom
07-05 20:56:56.805 I/TVMW@HsTvSetting( 1234): Trace cmd, data = 0x7007
07-05 20:56:56.805 I/tilwrapper@sm( 2026): HS2TIL_SourceType *hs=0xd, *til=0x900
07-05 20:56:56.805 D/til     ( 2026): get current source 2304
07-05 20:56:56.805 D/SourceRemoteServiceHandler( 2026): getCurrentInputSource.from.til.result is 0, value is 2304
07-05 20:56:56.805 D/SourceRemoteServiceHandler( 2026): getInputSourceType source: 0x900, type=2304
07-05 20:56:56.806 D/ShutdownManager( 2096): stopMonitoringInputEvent for token=com.jamdeo.ShutdownManager.Inactivity.ScreenSaver
07-05 20:56:56.806 I/ReportService( 3281): siloName isnull
07-05 20:56:56.807 V/PackageManager( 1733): getPackageInfo com.hisense.hicloud.edca: Package{3fb3f3a1 com.hisense.hicloud.edca}
07-05 20:56:56.807 I/ReportService( 3281): HiReport string sent out is:1.5|3|86100300900000500000060a4818fca8|1499259403|1499259416|com.hisense.hicloud.edca|3.0.0.9.00|8
07-05 20:56:56.808 W/ReportService( 3281): enter InsertUserBehaviorDataReportTask  mUri = content://com.hisense.hitv.hicloud.log/loginput mContentValues = lastsessiondurationtime=13255 LOGVALUE=1.5|3|86100300900000500000060a4818fca8|1499259403|1499259416|com.hisense.hicloud.edca|3.0.0.9.00|8 operation=P time=1499259416687 package=com.hisense.hicloud.edca cumulativesessiondurationtime=2010515 versioncode=652 lastupdatetime=1499256171569 _id=null type=APPRUN component=com.hisense.tvui.newhome.HomeMainActivity mContext == com.hisense.hireport.ReportService@3a75cda9mType == 95
07-05 20:56:56.808 I/ReportService( 3281): Intent received, action = android.intent.action.INSERT
07-05 20:56:56.808 D/TvInputManagerService( 1733): call enableMotionEventNotifier:false
07-05 20:56:56.809 D/ShutdownManager( 2096): enableScreensaver: return. MARKET mode on
07-05 20:56:56.809 D/ShutdownManager( 2096): STOP_SCREENSAVER mDreamState=PREPARESTOP
07-05 20:56:56.809 D/ShutdownManager( 2096): broadcast com.jamdeo.intent.STOP_SCREENSAVER
07-05 20:56:56.809 I/ReportService( 3281): modelName is VIDAA_TV
07-05 20:56:56.809 E/til     ( 2026): [til_get_current_input_source, 101] 
07-05 20:56:56.810 I/ReportService( 3281): enter doInBackground*****
07-05 20:56:56.810 I/TVMW@HsTvSetting( 1234): Trace cmd, data = 0x7007
07-05 20:56:56.810 I/tilwrapper@sm( 2026): HS2TIL_SourceType *hs=0xd, *til=0x900
07-05 20:56:56.810 D/til     ( 2026): get current source 2304
07-05 20:56:56.810 D/SourceRemoteServiceHandler( 2026): getCurrentInputSource.from.til.result is 0, value is 2304
07-05 20:56:56.810 D/SourceRemoteServiceHandler( 2026): getInputSourceType source: 0x900, type=2304
07-05 20:56:56.811 I/ReportService( 3281): getCurIntputSource2304
07-05 20:56:56.811 E/til     ( 2026): [til_get_current_input_source, 101] 
07-05 20:56:56.811 I/TVMW@HsTvSetting( 1234): Trace cmd, data = 0x7007
07-05 20:56:56.811 I/tilwrapper@sm( 2026): HS2TIL_SourceType *hs=0xd, *til=0x900
07-05 20:56:56.811 D/til     ( 2026): get current source 2304
07-05 20:56:56.811 D/SourceRemoteServiceHandler( 2026): getCurrentInputSource.from.til.result is 0, value is 2304
07-05 20:56:56.811 D/SourceRemoteServiceHandler( 2026): getInputSourceType source: 0x900, type=2304
07-05 20:56:56.815 D/PowerManagerService( 1733): wakeUp: eventTime=8258386
07-05 20:56:56.815 D/PowerManagerService( 1733): wakeUpInternal: eventTime=8258386, uid=1000
07-05 20:56:56.815 D/PowerManagerService( 1733): wakeUpNoUpdateLocked: eventTime=8258386, uid=1000
07-05 20:56:56.816 I/ReportService( 3281): siloName isnull
07-05 20:56:56.816 D/Surface ( 1733): onStatusChange() : mNativeObject = 547942778368 mUseImageHwRender = false
07-05 20:56:56.816 V/Surface ( 1733): nativeSetHardwareRender() : status = 0
07-05 20:56:56.816 V/Surface ( 1733): nativeSetHardwareRender() : end
07-05 20:56:56.816 D/OsdMonitorService( 1733): mCurrentWindow = com.hisense.hicloud.edca/com.hisense.tvui.newhome.HomeMainActivity; newWindow = com.jamdeo.launcher/com.jamdeo.launcher.app.BaseTileActivity; isSubWindow = false; isInWinList = false; isExitNow = false
07-05 20:56:56.816 D/OsdMonitorService( 1733): windowNotOsd() : name = com.jamdeo.launcher/com.jamdeo.launcher.app.BaseTileActivity
07-05 20:56:56.816 I/OsdMonitorService( 1733): setOsdStatus() : status will change from true to true
07-05 20:56:56.816 V/PackageManager( 1733): getPackageInfo com.jamdeo.launcher: Package{33bd5cbf com.jamdeo.launcher}
07-05 20:56:56.818 I/ReportService( 3281): HiReport string sent out is:1.5|3|86100300900000500000060a4818fca8|1499259416|0|com.jamdeo.launcher|1.1.0|8
07-05 20:56:56.818 W/ReportService( 3281): enter InsertUserBehaviorDataReportTask  mUri = content://com.hisense.hitv.hicloud.log/loginput mContentValues = lastsessiondurationtime=341 LOGVALUE=1.5|3|86100300900000500000060a4818fca8|1499259416|0|com.jamdeo.launcher|1.1.0|8 operation=R time=1499259416791 package=com.jamdeo.launcher cumulativesessiondurationtime=1813589 versioncode=100010000 lastupdatetime=1167653135000 _id=null type=APPRUN component=com.jamdeo.launcher.app.BaseTileActivity mContext == com.hisense.hireport.ReportService@3a75cda9mType == 95
07-05 20:56:56.821 D/PowerManagerService( 1733): setScreenBrightnessOverrideFromWindowManagerInternal done
07-05 20:56:56.823 D/Surface ( 1733): onStatusChange() : mNativeObject = 0 mUseImageHwRender = false
07-05 20:56:56.824 D/Surface ( 2232): onStatusChange() : mNativeObject = 547535012352 mUseImageHwRender = false
07-05 20:56:56.824 V/Surface ( 2232): nativeSetHardwareRender() : status = 0
07-05 20:56:56.824 V/Surface ( 2232): nativeSetHardwareRender() : end
07-05 20:56:56.832 D/gralloc ( 1204): allocate buffer from ION HEAP 0x1
07-05 20:56:56.832 D/gralloc ( 1204): allocate memory from system heap
07-05 20:56:56.835 I/ReportService( 3281): result is content://com.hisense.hitv.hicloud.log/loginput/1
07-05 20:56:56.837 I/ReportService( 3281): enter onPostExecute result is: true
07-05 20:56:56.837 I/ReportService( 3281): enter doInBackground*****
07-05 20:56:56.841 D/gralloc ( 1204): allocate buffer from ION HEAP 0x1
07-05 20:56:56.841 D/gralloc ( 1204): allocate memory from system heap
07-05 20:56:56.844 D/gralloc ( 1204): allocate buffer from ION HEAP 0x1
07-05 20:56:56.844 D/gralloc ( 1204): allocate memory from system heap
07-05 20:56:56.851 I/TVMW@HsTvSetting( 1234): Trace cmd, data = 0x1058
07-05 20:56:56.851 D/til@system( 2026): til_get_system_param option:100002F int:0, bool:0, ret:0
07-05 20:56:56.851 I/TVMW@HsTvSetting( 1234): Trace cmd, data = 0x101f
07-05 20:56:56.851 D/til@system( 2026): til_get_system_param option:100001D int:3, bool:3, ret:0
07-05 20:56:56.851 E/til     ( 2026): [til_get_current_input_source, 101] 
07-05 20:56:56.852 I/TVMW@HsTvSetting( 1234): Trace cmd, data = 0x7007
07-05 20:56:56.852 I/tilwrapper@sm( 2026): HS2TIL_SourceType *hs=0xd, *til=0x900
07-05 20:56:56.852 D/til     ( 2026): get current source 2304
07-05 20:56:56.852 D/SourceRemoteServiceHandler( 2026): getCurrentInputSource.from.til.result is 0, value is 2304
07-05 20:56:56.852 D/SourceRemoteServiceHandler( 2026): getInputSourceType source: 0x900, type=2304
07-05 20:56:56.852 D/til     ( 2026): ###### func:til_get_picture_param option:0x3000006 ######  
07-05 20:56:56.852 I/TVMW@HsTvSetting( 1234): Trace cmd, data = 0x1003
07-05 20:56:56.852 I/TVMW@HsTvSetting( 1234): Trace cmd, data = 0x8032
07-05 20:56:56.853 I/hstvos  ( 1216): [0m[1;33m[HSHAL][HS_VIDEO][HS_HAL_Video_SetOsdDetect_v2][2389]u16Threshold = 20
07-05 20:56:56.854 I/MiSysSrv( 1214): Not support now! 42, change to mm_video!!!
07-05 20:56:56.855 E/TVMW@videoctrl( 1234):  getOsd is 0
07-05 20:56:56.855 E/TVMW@videoctrl( 1234): hs_mw_videoctrl.cpp getOsdShow result is        0
07-05 20:56:56.855 D/til@system( 2026): til_get_system_param option:1000027 int:0, bool:0, ret:0
07-05 20:56:56.855 D/til     ( 2026): ###### func:til_get_picture_param option:0x3000045 ######  
07-05 20:56:56.855 I/TVMW@HsTvSetting( 1234): Trace cmd, data = 0x300c
07-05 20:56:56.855 I/TVMW@HsTvSetting( 1234): Trace 3d, data = 0x300c
07-05 20:56:56.855 I/TVMW@3d ( 1234): Hs_debug3d_trace: func:get3dStatus, line:109
07-05 20:56:56.856 I/RecentDataManager( 2232): mPkgReceiver: action android.intent.action.PACKAGE_RESTARTED
07-05 20:56:56.856 I/RecentDataManager( 2232): package com.hisense.hicloud.edca removed
07-05 20:56:56.856 I/RecentDataManager( 2232): remove item data of com.hisense.hicloud.edca, position: 0
07-05 20:56:56.856 I/TVMW@HsTvSetting( 1234): Trace cmd, data = 0x1057
07-05 20:56:56.859 W/InputMethodManagerService( 1733): Got RemoteException sending setActive(false) notification to pid 12421 uid 10010
07-05 20:56:56.860 I/ReportService( 3281): result is content://com.hisense.hitv.hicloud.log/loginput/1
07-05 20:56:56.861 V/InputMethodService( 2203): unbindInput(): binding=InputBinding{android.os.BinderProxy@5bc584e / uid 10010 / pid 12421} ic=com.android.internal.view.InputConnectionWrapper@2e6d8d6f
07-05 20:56:56.862 V/InputMethodService( 2203): bindInput(): binding=InputBinding{android.os.BinderProxy@37abeda8 / uid 10005 / pid 2232} ic=com.android.internal.view.InputConnectionWrapper@1143bb67
07-05 20:56:56.862 V/InputMethodService( 2203): startInput(): editor=android.view.inputmethod.EditorInfo@159a5d14
07-05 20:56:56.862 V/InputMethodService( 2203): CALL: onFinishInput
07-05 20:56:56.864 E/SOGOUIME_JNI( 2203): reset
07-05 20:56:56.864 I/BaseTileActivity( 2232): mHandleBackTask run - mStackId: 58, mTileType:7, mRestored:false, mTileName:com.hisense.hicloud.edca, topApp:null, mCheckTopAppFlag:false entry:28b3050e
07-05 20:56:56.864 I/BaseTileActivity( 2232): handleTileBack - mStackId: 58, mTileType:7
07-05 20:56:56.864 I/BaseTileActivity( 2232): , prevStackId:6, mTileName:com.hisense.hicloud.edca
07-05 20:56:56.864 E/SOGOUIME_JNI( 2203): getCandidates
07-05 20:56:56.864 E/SOGOUIME_JNI( 2203): ime_get_uncommitted_length
07-05 20:56:56.865 E/SOGOUIME_JNI( 2203): getCandidates
07-05 20:56:56.865 D/SogouIME API( 2203): ==============num:32
07-05 20:56:56.865 I/ReportService( 3281): enter onPostExecute result is: true
07-05 20:56:56.865 D/ActivityStackUtils( 1733): moveStack - stackId: 6, toFront: true
07-05 20:56:56.866 I/TVMW@Hsmwhal( 1234): 
07-05 20:56:56.866 I/TVMW@Hsmwhal( 1234):  Hisense FRCType = 2 MemcLevel = 2
07-05 20:56:56.866 D/TVMW@videoctrl( 1234): [setMemcLevel:1456] ENTER OK
07-05 20:56:56.866 D/TVMW@devctrl( 1234): [write,592] ENTER OK address 34
07-05 20:56:56.867 I/hstvos  ( 1216): [0m[1;36m[HSHAL][HS_DEV][HS_HAL_I2C_Write][514] Entry.time[8258438] OK  34 
07-05 20:56:56.867 I/hstvos  ( 1216): [0m[1;36m[HSHAL][HS_DEV][HS_HAL_I2C_Write][537]
07-05 20:56:56.867 I/hstvos  ( 1216): +_+memc: HS_MEMC_WRITE_ADDR
07-05 20:56:56.867 I/hstvos  ( 1216): [0m[1;36m[HSHAL][HS_DEV][HS_HAL_I2C_Write][539]HsIC is 462976
07-05 20:56:56.867 E/SOGOUIME_JNI( 2203): ime_get_uncommitted_length
07-05 20:56:56.867 D/SogouIME( 2203): mFocusedComponent:30   isHkbEnable:false
07-05 20:56:56.867 E/SOGOUIME_JNI( 2203): ime_get_uncommitted_length
07-05 20:56:56.867 E/SOGOUIME_JNI( 2203): ime_get_committed_length
07-05 20:56:56.867 E/SOGOUIME_JNI( 2203): getComposingInfo
07-05 20:56:56.867 E/SOGOUIME_JNI( 2203): getComposingInfo
07-05 20:56:56.867 E/SOGOUIME_JNI( 2203): getCorrectInfo
07-05 20:56:56.868 E/SOGOUIME_JNI( 2203): getComposingInfo
07-05 20:56:56.869 I/MiSysSrv( 1214): [37m[INFO] Change to Voltage: 117 mv (0x32)[m
07-05 20:56:56.870 V/InputMethodService( 2203): CALL: onStartInput
07-05 20:56:56.870 E/SOGOUIME_JNI( 2203): ime_setClinetPackageName
07-05 20:56:56.870 E/SOGOUIME_JNI( 2203): invalidateCommitWordPinyinNative
07-05 20:56:56.871 D/SogouIME( 2203): =====configKeyboard=======æ˜¯å¦æœ‰ç¡¬ä»¶ç›˜:false     ç¡¬ä»¶ç›˜æ˜¯å¦ä¸å†éšè—ï¼šfalse
07-05 20:56:56.871 E/SOGOUIME_JNI( 2203): ime_set_hard_kb_enable
07-05 20:56:56.874 D/TVMW@videoctrl( 1234): ret is 0
07-05 20:56:56.874 D/TVMW@videoctrl( 1234): [setMemcLevel,1484] EXIT OK
07-05 20:56:56.874 I/hstvos  ( 1216): [0m[1;36m[HSHAL][HS_DEV][HS_HAL_I2C_Write][647] Exit OK[8258446] OK!
07-05 20:56:56.938 E/btif_config( 2964): [btif_config_get] node is TRUE!
07-05 20:56:56.938 E/btif_config( 2964): [btif_config_get] ret is TRUE!
07-05 20:56:57.009 D/MC_MEMORY(17185): max: 256.261888 Mb, heap: 10.10783 Mb, allocated: 9.9695 Mb, free: 1.1087 Mb, native heap: 12.12276 Mb, native allocated: 8.8402 Mb, native free: 3.3874 Mb
07-05 20:56:57.152 I/TVMW@devctrl( 1234): wdt
07-05 20:56:57.166 I/WindowManager( 1733): Screenshot max retries 4 of Token{10487236 ActivityRecord{26ea47d1 u0 com.jamdeo.launcher/.app.BaseTileActivity t5083}} appWin=Window{3d545972 u0 com.jamdeo.launcher/com.jamdeo.launcher.app.BaseTileActivity} drawState=1
07-05 20:56:57.166 I/UsageStatsService( 1733): paused component:com.jamdeo.launcher
07-05 20:56:57.166 V/UsageStatsService( 1733): Paused: 8258738   Component: com.jamdeo.launcher/com.jamdeo.launcher.app.BaseTileActivity   Time: 1499259417166 LastSessionTime: 376 CumulativeSessionTime: 1813965
07-05 20:56:57.167 D/UsageStatsService( 1733): UsageStats: broadcasting intent
07-05 20:56:57.167 W/ContextImpl( 1733): Calling a method in the system process without a qualified user: android.app.ContextImpl.sendBroadcast:1327 com.android.server.usage.UsageStatsService.insertUsageStats:1104 com.android.server.usage.UsageStatsService$PkgUsageStatsExtended.updatePause:979 com.android.server.usage.UsageStatsService$LocalService.notePauseComponent:808 com.android.server.am.ActivityManagerService.updateUsageStats:3173 
07-05 20:56:57.168 D/PowerManagerService( 1733): acquireWakeLockInternal: lock=681732318, flags=0x1, tag="ActivityManager-Launch", ws=null, uid=1000, pid=1733
07-05 20:56