07-05 22:45:02.374 W/ContextProxy( 7924): getResources() mResources=android.content.res.Resources@25cdcdc1
07-05 22:45:02.377 I/System.out( 7924): ok
07-05 22:45:02.378 D/HttpHandler( 7924): RetryIntercepter-->retryNum=0
07-05 22:45:02.378 D/HttpHandler( 7924): RetryIntercepter-->backoffmutiplier=0
07-05 22:45:02.378 I/System.out( 7924): UUID=20170425113537912geTGWKDD11702,CUSTOMER_ID=60,PLAYER_CONFIG_TYPE=4,PLATFORM_TVAPI=HAIXIN,IS_SUPPORT_YINHE_PINGBACK=false,IS_ENBALE_H265=false,IS_ENABLE_DOLBY=false,IS_ENBALE_4K=,IS_ENBALE_DOLBY_VISION=,IS_ENBALE_HDR10=,IS_USE_TMTS_LOCAL_SIGN=false,IS_GET_UUID_FROM_SERVER=true,CDN_DISPATCH_PARAM=,DOMAIN_NAME=ptqy.gitv.tv,NATIVE_PLAYER_BRAND=HiSense,LOGIN_TYPE=SUB_ACCOUNT,CUSTOMER_PACKAGE_NAME=com.hisense.hicloud.edca,IS_DEBUG_VERSION=false,NATIVE_PLAYER_CODECTYPE=,PLAYER_PLATFORM=P_Hisense,ENABLE_SET_BITSTREAM=true,DEFAULT_CFG_BITSTREAM=,
07-05 22:45:02.378 I/System.out( 7924): hook :UUID=20170425113537912geTGWKDD11702,CUSTOMER_ID=60,PLAYER_CONFIG_TYPE=4,PLATFORM_TVAPI=HAIXIN,IS_SUPPORT_YINHE_PINGBACK=false,IS_ENBALE_H265=false,IS_ENABLE_DOLBY=false,IS_ENBALE_4K=,IS_ENBALE_DOLBY_VISION=,IS_ENBALE_HDR10=,IS_USE_TMTS_LOCAL_SIGN=false,IS_GET_UUID_FROM_SERVER=true,CDN_DISPATCH_PARAM=,DOMAIN_NAME=ptqy.gitv.tv,NATIVE_PLAYER_BRAND=HiSense,LOGIN_TYPE=SUB_ACCOUNT,CUSTOMER_PACKAGE_NAME=com.hisense.hicloud.edca,IS_DEBUG_VERSION=false,NATIVE_PLAYER_CODECTYPE=,PLAYER_PLATFORM=P_Hisense,ENABLE_SET_BITSTREAM=true,DEFAULT_CFG_BITSTREAM=,
07-05 22:45:02.380 D/PlayerSdk/SdkConfig( 7924): [TID 7955] initialize({PLAYER_PLATFORM=P_Hisense, NATIVE_PLAYER_BRAND=HiSense, CUSTOMER_ID=60, ENABLE_SET_BITSTREAM=true, IS_ENBALE_H265=false, UUID=20170425113537912geTGWKDD11702, IS_GET_UUID_FROM_SERVER=true, IS_DEBUG_VERSION=false, IS_ENABLE_DOLBY=false, CUSTOMER_PACKAGE_NAME=com.hisense.hicloud.edca, IS_USE_TMTS_LOCAL_SIGN=false, PLATFORM_TVAPI=HAIXIN, DOMAIN_NAME=ptqy.gitv.tv, LOGIN_TYPE=SUB_ACCOUNT, IS_SUPPORT_YINHE_PINGBACK=false, PLAYER_CONFIG_TYPE=4})
07-05 22:45:02.384 D/PlayerSdk/SdkConfig( 7924): [TID 7955] initialize(), name=com.hisense.hicloud.edca
07-05 22:45:02.384 D/PlayerSdk/SdkConfig( 7924): [TID 7955] initialize(),mCustomerPackageNames=[com.hisense.hicloud.edca]
07-05 22:45:02.384 D/SdkConfigUtils( 7924): [TID 7955] parsePlatformType(HAIXIN)
07-05 22:45:02.384 D/SdkConfigUtils( 7924): [TID 7955] parseLoginType(SUB_ACCOUNT)
07-05 22:45:02.385 D/SdkConfigUtils( 7924): [TID 7955] parsePlayerPlatform(P_Hisense)
07-05 22:45:02.385 D/PlayerSdk/SdkConfigManager( 7924): [TID 7955] setupConfig: mCurrentConfig=SdkConfig@3bdd5d54{mCustomerCode=60, mPlayerConfigType=4, mPlatformType=HAIXIN, mLoginType=SUB_ACCOUNT, mIsEnableDolby=false, mIsEnableH265=false, mIsEnable4K=true, mIsSupportYinhePingback=false, mShouldDoPlayCheck=true, mshouldGetUuidFromServer=true, mPingbackS1=2, mPingbackS2=simple_sdk, mPingbackP2=3128, mDomainName=ptqy.gitv.tv, mIsDebugVersion=false, mIsDebugVersion=false, mCustomerPackageNames=[com.hisense.hicloud.edca], mEnableSetBitstream=true}
07-05 22:45:02.395 I/HttpBuilder( 7924): addUrlPublicParams mUrl ==>http://api.edu.hismarttv.com/payment/api/get/experience/member?uuid=13287129&mac=a8:a6:48:18:fc:a8&devid=86100300900000500000060a4818fca8&version=00.002.003&subscriberId=13287129&customerId=7195320&model_id=0&APPPackage=com.hisense.hicloud.edca&PFAPPCode=652&APPVersionName=3.0.0.9.00&ChannelId=0&softwareVersion=LED50MU8600UC0000888&tv_distribute_id=00&devType=0&APIVersion=600&accessToken=72DF6038D2AEAB8A76DFBBBBCC428A4A_002856937699982
07-05 22:45:02.398 D/HttpHandler( 7924): VerifySignInterCeptor-->request.url()=http://api.edu.hismarttv.com/payment/api/get/experience/member?uuid=13287129&mac=a8:a6:48:18:fc:a8&devid=86100300900000500000060a4818fca8&version=00.002.003&subscriberId=13287129&customerId=7195320&model_id=0&APPPackage=com.hisense.hicloud.edca&PFAPPCode=652&APPVersionName=3.0.0.9.00&ChannelId=0&softwareVersion=LED50MU8600UC0000888&tv_distribute_id=00&devType=0&APIVersion=600&accessToken=72DF6038D2AEAB8A76DFBBBBCC428A4A_002856937699982
07-05 22:45:02.399 D/HttpHandler( 7924): RetryIntercepter-->retryNum=0
07-05 22:45:02.399 D/HttpHandler( 7924): RetryIntercepter-->backoffmutiplier=0
07-05 22:45:02.400 D/HttpHandler( 7924): VerifySignInterCeptor-->hostname=api.edu.hismarttv.com
07-05 22:45:02.404 D/HttpHandler( 7924): HttpDNS-->hostname=api.edu.hismarttv.com
07-05 22:45:02.415 D/Carousel-Utils( 7924): onResourceReady.
07-05 22:45:02.415 D/HttpHandler( 7924): RAMCache-->hostInfo.getClientTimeStamp()=14737549
07-05 22:45:02.415 D/HttpHandler( 7924): RAMCache-->hostInfo.getTtl()=3600
07-05 22:45:02.415 D/HttpHandler( 7924): RAMCache-->SystemClock.elapsedRealtime()=14743987
07-05 22:45:02.415 D/Carousel-Utils( 7924): onResourceReady.
07-05 22:45:02.416 I/HiNetworkImpl( 7924): doHttp_Asyn(): onSuccess clazz = class com.hisense.tvui.newhome.bean.SelectionBean, back from thread: main
07-05 22:45:02.416 I/HomeDataPresenter( 7924): getRecommandData() onSuccess: RoleContentFragment959349606
07-05 22:45:02.416 I/RoleContentFragment( 7924): recommandlist={10003=0, 10002=8}
07-05 22:45:02.416 I/RoleContentFragment( 7924): lineIndex=0,id=10002,pos=8
07-05 22:45:02.416 I/RoleContentFragment( 7924): ,addItemSize=25
07-05 22:45:02.416 I/RoleContentFragment( 7924): origin pos=8
07-05 22:45:02.416 I/RoleContentFragment( 7924): offset pos=2
07-05 22:45:02.416 I/RoleContentFragment( 7924): array size=11
07-05 22:45:02.417 I/RoleContentFragment( 7924): lineIndex=1,id=10003,pos=0
07-05 22:45:02.417 I/RoleContentFragment( 7924): ,addItemSize=24
07-05 22:45:02.417 I/RoleContentFragment( 7924): origin pos=0
07-05 22:45:02.417 I/RoleContentFragment( 7924): offset pos=2
07-05 22:45:02.417 I/RoleContentFragment( 7924): array size=11
07-05 22:45:02.418 I/MyFragmentStateAdapter( 7924): getCount
07-05 22:45:02.418 I/MyFragmentStateAdapter( 7924): getCount
07-05 22:45:02.418 I/MyFragmentStateAdapter( 7924): getCount
07-05 22:45:02.418 I/MyFragmentStateAdapter( 7924): getCount
07-05 22:45:02.419 I/FirstLineAdapter( 7924): canShowTrailer,isOffline=false
07-05 22:45:02.419 I/FirstLineAdapter( 7924): canShowTrailer,isOffline=false
07-05 22:45:02.419 I/FirstLineAdapter( 7924): canShowTrailer,isOffline=false
07-05 22:45:02.419 I/FirstLineAdapter( 7924): canShowTrailer,isOffline=false
07-05 22:45:02.419 I/FirstLineAdapter( 7924): canShowTrailer,isOffline=false
07-05 22:45:02.419 I/FirstLineAdapter( 7924): canShowTrailer,isOffline=false
07-05 22:45:02.419 I/FirstLineAdapter( 7924): canShowTrailer,isOffline=false
07-05 22:45:02.420 D/Carousel-CarouselChannelItemView( 7924): Listitem imageUrl:http://picture.edu.hismarttv.com/images/20170628102959016598.jpg
07-05 22:45:02.421 D/Carousel-CarouselChannelItemView( 7924): Listitem imageUrl:http://picture.edu.hismarttv.com/images/20170628103002814396.jpg
07-05 22:45:02.422 D/Carousel-Utils( 7924): onResourceReady.
07-05 22:45:02.422 D/Carousel-CarouselChannelItemView( 7924): Listitem imageUrl:http://picture.edu.hismarttv.com/images/20170628103009181182.jpg
07-05 22:45:02.427 D/HttpHandler( 7924): DNSHelper-->gslbDns=["123.103.91.123"]
07-05 22:45:02.429 D/Carousel-Utils( 7924): onResourceReady.
07-05 22:45:02.430 D/Carousel-CarouselChannelItemView( 7924): Listitem imageUrl:http://picture.edu.hismarttv.com/images/20170628102959016598.jpg
07-05 22:45:02.431 D/Carousel-CarouselChannelItemView( 7924): Listitem imageUrl:http://picture.edu.hismarttv.com/images/20170628103002814396.jpg
07-05 22:45:02.432 D/Carousel-Utils( 7924): onResourceReady.
07-05 22:45:02.433 D/Carousel-CarouselChannelItemView( 7924): Listitem imageUrl:http://picture.edu.hismarttv.com/images/20170628103009181182.jpg
07-05 22:45:02.433 D/Carousel-Utils( 7924): onResourceReady.
07-05 22:45:02.434 I/FirstLineAdapter( 7924): canShowTrailer,isOffline=false
07-05 22:45:02.434 I/FirstLineAdapter( 7924): canShowTrailer,isOffline=false
07-05 22:45:02.436 I/head    ( 7924): item=com.hisense.leanback.widget.ListRow@21856b5
07-05 22:45:02.436 I/CardSelectionPresenter( 7924): onViewDetachedFromWindow mTitleTx = 
07-05 22:45:02.436 I/CardSelectionPresenter( 7924): onViewDetachedFromWindow mTitleTx = 
07-05 22:45:02.436 I/CardSelectionPresenter( 7924): onViewDetachedFromWindow mTitleTx = 
07-05 22:45:02.436 I/CardSelectionPresenter( 7924): onUnbindViewHolder mTitleTx = 
07-05 22:45:02.437 I/CardSelectionPresenter( 7924): onViewDetachedFromWindow mTitleTx = 
07-05 22:45:02.437 I/CardSelectionPresenter( 7924): onUnbindViewHolder mTitleTx = 
07-05 22:45:02.437 I/CardSelectionPresenter( 7924): onUnbindViewHolder mTitleTx = 
07-05 22:45:02.437 I/VideoCapabilities( 7924): Unsupported profile 4 for video/mp4v-es
07-05 22:45:02.437 I/VideoCapabilities( 7924): Unsupported profile 4 for video/mp4v-es
07-05 22:45:02.437 I/VideoCapabilities( 7924): Unsupported profile 4 for video/mp4v-es
07-05 22:45:02.437 I/VideoCapabilities( 7924): Unsupported profile 4 for video/mp4v-es
07-05 22:45:02.437 I/VideoCapabilities( 7924): Unsupported profile 4 for video/mp4v-es
07-05 22:45:02.437 I/VideoCapabilities( 7924): Unsupported profile 4 for video/mp4v-es
07-05 22:45:02.437 I/VideoCapabilities( 7924): Unsupported profile 4 for video/mp4v-es
07-05 22:45:02.438 I/VideoCapabilities( 7924): Unsupported profile 4 for video/mp4v-es
07-05 22:45:02.438 I/VideoCapabilities( 7924): Unsupported profile 8 for video/mp4v-es
07-05 22:45:02.438 I/VideoCapabilities( 7924): Unsupported profile 8 for video/mp4v-es
07-05 22:45:02.438 I/VideoCapabilities( 7924): Unsupported profile 8 for video/mp4v-es
07-05 22:45:02.438 I/VideoCapabilities( 7924): Unsupported profile 8 for video/mp4v-es
07-05 22:45:02.438 I/VideoCapabilities( 7924): Unsupported profile 8 for video/mp4v-es
07-05 22:45:02.438 I/VideoCapabilities( 7924): Unsupported profile 8 for video/mp4v-es
07-05 22:45:02.438 I/VideoCapabilities( 7924): Unsupported profile 8 for video/mp4v-es
07-05 22:45:02.438 I/VideoCapabilities( 7924): Unsupported profile 8 for video/mp4v-es
07-05 22:45:02.438 I/VideoCapabilities( 7924): Unsupported profile 1024 for video/mp4v-es
07-05 22:45:02.438 I/VideoCapabilities( 7924): Unsupported profile 1024 for video/mp4v-es
07-05 22:45:02.438 I/VideoCapabilities( 7924): Unsupported profile 1024 for video/mp4v-es
07-05 22:45:02.438 I/VideoCapabilities( 7924): Unsupported profile 1024 for video/mp4v-es
07-05 22:45:02.438 I/VideoCapabilities( 7924): Unsupported profile 1024 for video/mp4v-es
07-05 22:45:02.438 I/VideoCapabilities( 7924): Unsupported profile 1024 for video/mp4v-es
07-05 22:45:02.438 I/VideoCapabilities( 7924): Unsupported profile 1024 for video/mp4v-es
07-05 22:45:02.438 I/VideoCapabilities( 7924): Unsupported profile 1024 for video/mp4v-es
07-05 22:45:02.438 W/VideoCapabilities( 7924): Unrecognized profile/level 32768/2 for video/mp4v-es
07-05 22:45:02.438 I/CardSelectionPresenter( 7924): onUnbindViewHolder mTitleTx = 
07-05 22:45:02.438 I/ContentBridgeAdapterListener( 7924): onBind 
07-05 22:45:02.440 I/CardSelectionPresenter( 7924): onCreateViewHoldercom.hisense.leanback.widget.HorizontalGridView{2c06d09d VFE..... ......ID 0,0-1738,279 #7f0d038e app:id/row_content}
07-05 22:45:02.451 D/OkHttp  ( 7924): --> POST http://api.edu.hismarttv.com/payment/api/get/experience/member?uuid=13287129&mac=a8:a6:48:18:fc:a8&devid=86100300900000500000060a4818fca8&version=00.002.003&subscriberId=13287129&customerId=7195320&model_id=0&APPPackage=com.hisense.hicloud.edca&PFAPPCode=652&APPVersionName=3.0.0.9.00&ChannelId=0&softwareVersion=LED50MU8600UC0000888&tv_distribute_id=00&devType=0&APIVersion=600&accessToken=72DF6038D2AEAB8A76DFBBBBCC428A4A_002856937699982 http/1.1
07-05 22:45:02.454 I/CardSelectionPresenter( 7924): onBindViewHolder
07-05 22:45:02.454 D/sloven  ( 7924): 1002---true
07-05 22:45:02.454 I/CardSelectionPresenter( 7924): width=400,height=220
07-05 22:45:02.463 D/OkHttp  ( 7924): Content-Type: application/x-www-form-urlencoded
07-05 22:45:02.464 D/OkHttp  ( 7924): Content-Length: 512
07-05 22:45:02.464 D/OkHttp  ( 7924): Data_Type: JSON
07-05 22:45:02.464 D/OkHttp  ( 7924): RetryTime: 0
07-05 22:45:02.464 D/OkHttp  ( 7924): Backoffmutiplier: 0
07-05 22:45:02.464 D/OkHttp  ( 7924): Host: api.edu.hismarttv.com
07-05 22:45:02.464 D/OkHttp  ( 7924): Connection: Keep-Alive
07-05 22:45:02.464 D/OkHttp  ( 7924): Accept-Encoding: gzip
07-05 22:45:02.464 D/OkHttp  ( 7924): User-Agent: okhttp/3.6.0
07-05 22:45:02.464 D/OkHttp  ( 7924): --> END POST
07-05 22:45:02.470 I/art     ( 7924): Background partial concurrent mark sweep GC freed 29034(2044KB) AllocSpace objects, 5(8MB) LOS objects, 15% free, 21MB/25MB, paused 6.412ms total 102.337ms
07-05 22:45:02.474 I/CardSelectionPresenter( 7924): onUnbindViewHolder mTitleTx = 
07-05 22:45:02.474 I/CardSelectionPresenter( 7924): onBindViewHolder
07-05 22:45:02.474 D/sloven  ( 7924): 1002---true
07-05 22:45:02.474 I/CardSelectionPresenter( 7924): width=400,height=220
07-05 22:45:02.475 D/hailongqiu( 7924): hailongqiu position:0
07-05 22:45:02.475 D/HttpHandler( 7924): VerifySignInterCeptor-->request.url()=http://picture.edu.hismarttv.com/images/20170628104504467308.jpg
07-05 22:45:02.475 D/HttpHandler( 7924): VerifySignInterCeptor-->hostname=picture.edu.hismarttv.com
07-05 22:45:02.477 D/OkHttp  ( 7924): --> GET http://picture.edu.hismarttv.com/images/20170628104504467308.jpg http/1.1
07-05 22:45:02.477 D/OkHttp  ( 7924): Host: picture.edu.hismarttv.com
07-05 22:45:02.477 D/OkHttp  ( 7924): Connection: Keep-Alive
07-05 22:45:02.477 D/OkHttp  ( 7924): Accept-Encoding: gzip
07-05 22:45:02.477 D/OkHttp  ( 7924): User-Agent: okhttp/3.6.0
07-05 22:45:02.477 D/OkHttp  ( 7924): --> END GET
07-05 22:45:02.479 W/VideoCapabilities( 7924): Unsupported mime video/mvc
07-05 22:45:02.480 I/CardSelectionPresenter( 7924): onCreateViewHoldercom.hisense.leanback.widget.HorizontalGridView{2c06d09d VFE..... ......ID 0,0-1738,279 #7f0d038e app:id/row_content}
07-05 22:45:02.483 W/VideoCapabilities( 7924): Unsupported mime video/mpeg2
07-05 22:45:02.487 D/skia    ( 7924): --- decoder->decode returned false
07-05 22:45:02.488 I/CardSelectionPresenter( 7924): onBindViewHolder
07-05 22:45:02.488 D/sloven  ( 7924): 1002---true
07-05 22:45:02.489 I/CardSelectionPresenter( 7924): width=400,height=220
07-05 22:45:02.491 W/VideoCapabilities( 7924): Unsupported mime video/divx3
07-05 22:45:02.491 D/HttpHandler( 7924): VerifySignInterCeptor-->request.url()=http://picture.edu.hismarttv.com/images/20170629/%E5%BF%83%E7%AE%97%E5%8F%A3%E8%AF%80%E5%A4%A9%E5%A4%A9%E7%BB%83.jpg
07-05 22:45:02.491 D/HttpHandler( 7924): VerifySignInterCeptor-->hostname=picture.edu.hismarttv.com
07-05 22:45:02.492 D/OkHttp  ( 7924): --> GET http://picture.edu.hismarttv.com/images/20170629/%E5%BF%83%E7%AE%97%E5%8F%A3%E8%AF%80%E5%A4%A9%E5%A4%A9%E7%BB%83.jpg http/1.1
07-05 22:45:02.492 D/OkHttp  ( 7924): Host: picture.edu.hismarttv.com
07-05 22:45:02.492 D/OkHttp  ( 7924): Connection: Keep-Alive
07-05 22:45:02.492 D/OkHttp  ( 7924): Accept-Encoding: gzip
07-05 22:45:02.492 D/OkHttp  ( 7924): User-Agent: okhttp/3.6.0
07-05 22:45:02.492 D/OkHttp  ( 7924): --> END GET
07-05 22:45:02.493 I/CardSelectionPresenter( 7924): onCreateViewHoldercom.hisense.leanback.widget.HorizontalGridView{2c06d09d VFE..... ......ID 0,0-1738,279 #7f0d038e app:id/row_content}
07-05 22:45:02.493 D/OkHttp  ( 7924): <-- 200 OK http://api.edu.hismarttv.com/payment/api/get/experience/member?uuid=13287129&mac=a8:a6:48:18:fc:a8&devid=86100300900000500000060a4818fca8&version=00.002.003&subscriberId=13287129&customerId=7195320&model_id=0&APPPackage=com.hisense.hicloud.edca&PFAPPCode=652&APPVersionName=3.0.0.9.00&ChannelId=0&softwareVersion=LED50MU8600UC0000888&tv_distribute_id=00&devType=0&APIVersion=600&accessToken=72DF6038D2AEAB8A76DFBBBBCC428A4A_002856937699982 (29ms)
07-05 22:45:02.494 D/OkHttp  ( 7924): Server: nginx
07-05 22:45:02.494 D/OkHttp  ( 7924): Date: Wed, 05 Jul 2017 14:45:02 GMT
07-05 22:45:02.494 D/OkHttp  ( 7924): Content-Type: application/json
07-05 22:45:02.494 D/OkHttp  ( 7924): Content-Length: 289
07-05 22:45:02.494 D/OkHttp  ( 7924): Connection: close
07-05 22:45:02.494 D/OkHttp  ( 7924): <-- END HTTP
07-05 22:45:02.494 D/HttpHandler( 7924): RetryIntercepter-->retryNum=0
07-05 22:45:02.494 D/HttpHandler( 7924): RetryIntercepter-->backoffmutiplier=0
07-05 22:45:02.494 D/HttpHandler( 7924): VerifySignInterCeptor-->dateType=1
07-05 22:45:02.495 D/HttpHandler( 7924): VerifySignInterCeptor-->HttpRequestManager.httpClietOption.getVerifyFlag()=1
07-05 22:45:02.495 W/VideoCapabilities( 7924): Unsupported mime video/divx4
07-05 22:45:02.496 D/HttpHandler( 7924): VerifySignInterCeptor-->content={"message": "\u6ca1\u6709\u67e5\u8be2\u5230id\u4e3a0\u7684\u5f39\u7a97\u4fe1\u606f", "success": false}
07-05 22:45:02.498 W/VideoCapabilities( 7924): Unsupported mime video/flv
07-05 22:45:02.498 I/CardSelectionPresenter( 7924): onBindViewHolder
07-05 22:45:02.498 D/sloven  ( 7924): 1002---true
07-05 22:45:02.498 I/CardSelectionPresenter( 7924): width=400,height=220
07-05 22:45:02.501 W/VideoCapabilities( 7924): Unsupported mime video/VC1
07-05 22:45:02.501 I/CardSelectionPresenter( 7924): onCreateViewHoldercom.hisense.leanback.widget.HorizontalGridView{2c06d09d VFE..... ......ID 0,0-1738,279 #7f0d038e app:id/row_content}
07-05 22:45:02.502 W/VideoCapabilities( 7924): Unsupported mime video/wvc1
07-05 22:45:02.505 D/OkHttp  ( 7924): <-- 200 OK http://picture.edu.hismarttv.com/images/20170629/%E5%BF%83%E7%AE%97%E5%8F%A3%E8%AF%80%E5%A4%A9%E5%A4%A9%E7%BB%83.jpg (12ms)
07-05 22:45:02.505 D/OkHttp  ( 7924): Date: Mon, 03 Jul 2017 10:05:19 GMT
07-05 22:45:02.505 D/OkHttp  ( 7924): Server: nginx
07-05 22:45:02.505 D/OkHttp  ( 7924): Content-Type: image/jpeg
07-05 22:45:02.505 D/OkHttp  ( 7924): Content-Length: 204643
07-05 22:45:02.505 D/OkHttp  ( 7924): Last-Modified: Fri, 09 Jun 2017 14:51:40 GMT
07-05 22:45:02.505 D/OkHttp  ( 7924): ETag: "593ab5fc-31f63"
07-05 22:45:02.505 D/OkHttp  ( 7924): Accept-Ranges: bytes
07-05 22:45:02.505 D/OkHttp  ( 7924): Age: 189583
07-05 22:45:02.505 D/OkHttp  ( 7924): Via: 1.1 shuozhou56:1 (Cdn Cache Server V2.0)[21 200 0], 1.1 nwangtong95:0 (Cdn Cache Server V2.0)[0 200 0]
07-05 22:45:02.505 D/OkHttp  ( 7924): Connection: keep-alive
07-05 22:45:02.505 D/OkHttp  ( 7924): <-- END HTTP
07-05 22:45:02.505 W/VideoCapabilities( 7924): Unsupported mime video/wmv3
07-05 22:45:02.509 W/VideoCapabilities( 7924): Unsupported mime video/mjpeg
07-05 22:45:02.511 D/HttpHandler( 7924): RetryIntercepter-->retryNum=0
07-05 22:45:02.511 D/HttpHandler( 7924): RetryIntercepter-->backoffmutiplier=0
07-05 22:45:02.511 I/CardSelectionPresenter( 7924): onBindViewHolder
07-05 22:45:02.511 D/sloven  ( 7924): 1002---true
07-05 22:45:02.512 I/CardSelectionPresenter( 7924): width=400,height=220
07-05 22:45:02.512 W/VideoCapabilities( 7924): Unsupported mime video/avs
07-05 22:45:02.515 W/VideoCapabilities( 7924): Unsupported mime video/realvideo
07-05 22:45:02.517 I/CardSelectionPresenter( 7924): onCreateViewHoldercom.hisense.leanback.widget.HorizontalGridView{2c06d09d VFE..... ......ID 0,0-1738,279 #7f0d038e app:id/row_content}
07-05 22:45:02.524 W/AudioCapabilities( 7924): Unsupported mime audio/mpeg-L1
07-05 22:45:02.525 W/AudioCapabilities( 7924): Unsupported mime audio/mpeg-L2
07-05 22:45:02.528 I/CardSelectionPresenter( 7924): onBindViewHolder
07-05 22:45:02.528 D/sloven  ( 7924): 1002---true
07-05 22:45:02.529 I/CardSelectionPresenter( 7924): width=0,height=220
07-05 22:45:02.533 D/HttpHandler( 7924): VerifySignInterCeptor-->request.url()=http://picture.edu.hismarttv.com/images/20170629/%E5%AE%A2%E5%8E%85%E7%87%83%E8%84%82%E5%A5%B3%E7%8E%8B20170207081137502012.jpg
07-05 22:45:02.533 D/HttpHandler( 7924): VerifySignInterCeptor-->hostname=picture.edu.hismarttv.com
07-05 22:45:02.533 W/AudioCapabilities( 7924): Unsupported mime audio/adpcm
07-05 22:45:02.533 D/HttpHandler( 7924): HttpDNS-->hostname=picture.edu.hismarttv.com
07-05 22:45:02.534 D/HttpHandler( 7924): RAMCache-->hostInfo.getClientTimeStamp()=14742737
07-05 22:45:02.534 D/HttpHandler( 7924): RAMCache-->hostInfo.getTtl()=300
07-05 22:45:02.534 D/HttpHandler( 7924): RAMCache-->SystemClock.elapsedRealtime()=14744106
07-05 22:45:02.534 D/Carousel-CarouselView( 7924): ============>onScrollChanged hashCode:803079831
07-05 22:45:02.535 W/AudioCapabilities( 7924): Unsupported mime audio/lpcm
07-05 22:45:02.537 W/AudioCapabilities( 7924): Unsupported mime audio/cook
07-05 22:45:02.538 D/HttpHandler( 7924): DNSHelper-->gslbDns=["220.202.77.124","153.35.175.120","36.33.158.222","112.65.220.40","218.58.206.58","123.128.14.209","153.35.175.121"]
07-05 22:45:02.539 W/AudioCapabilities( 7924): Unsupported mime audio/x-ms-wma
07-05 22:45:02.541 W/AudioCapabilities( 7924): Unsupported mime audio/ac3
07-05 22:45:02.543 W/AudioCapabilities( 7924): Unsupported mime audio/ac3p
07-05 22:45:02.543 W/AudioCapabilities( 7924): Unsupported mime audio/eac3
07-05 22:45:02.544 I/MyFragmentStateAdapter( 7924): getCount
07-05 22:45:02.546 W/AudioCapabilities( 7924): Unsupported mime audio/dts
07-05 22:45:02.547 W/AudioCapabilities( 7924): Unsupported mime audio/dts-hd
07-05 22:45:02.548 W/AudioCapabilities( 7924): Unsupported mime audio/dts-lbr
07-05 22:45:02.549 D/TabView ( 7924): SLOVEN mIsTabScrollingisAnimating===>:falsefalse
07-05 22:45:02.549 I/MainHomeView( 7924): OnTabSelected() tabPosition = 2,lastpos=-1, subPosition = 0
07-05 22:45:02.549 I/SoftFragmentList( 7924): fetchCacheFragment  enter ---- index = 2
07-05 22:45:02.549 D/SoftFragmentList( 7924): fetchCacheFragment  mFragmentCache.size() = 3
07-05 22:45:02.549 D/SoftFragmentList( 7924): fetchCacheFragment mLastIndex = 2, view = 
07-05 22:45:02.549 D/MainHomeView( 7924): onTabSelected ===>:Current channelId0
07-05 22:45:02.550 D/Carousel-Utils( 7924): onResourceReady.
07-05 22:45:02.550 D/HiNetworkImpl( 7924): doHttp_Asyn(): onReqResponse isSuccessful = true, back from thread: main
07-05 22:45:02.550 I/HiNetworkImpl( 7924): doHttp_Asyn(): onSuccess clazz = class com.hisense.sdk.domain.ResponseResult, back from thread: main
07-05 22:45:02.550 I/HomeMainActivity( 7924): finishHttpTime : 14744122   246
07-05 22:45:02.551 D/til@system( 2026): til_get_system_param option:1000007 int:-1936523008, bool:0, ret:0
07-05 22:45:02.552 D/til@system( 2026): til_get_system_param option:1000009 int:-1815634176, bool:0, ret:0
07-05 22:45:02.552 W/AudioCapabilities( 7924): Unsupported mime audio/dra
07-05 22:45:02.553 D/til@system( 2026): til_get_system_param option:1000008 int:-1936525184, bool:128, ret:0
07-05 22:45:02.553 D/HiSDKLogReport( 7924): getOperationDetail-productName : LED50MU8600UC
07-05 22:45:02.553 D/HiSDKLogReport( 7924): getOperationDetail-plmNumber : 88888
07-05 22:45:02.553 D/HiSDKLogReport( 7924): getOperationDetail-swVersion : V0000.00.01A
07-05 22:45:02.553 D/HiSDKLogReport( 7924): getOperationDetail-operationDetail : LED50MU8600UC0000888
07-05 22:45:02.553 D/HiSDKLogReport( 7924): processLogReport-log : {eventType=163, appKey=1182445233, APPVersionName=3.0.0.9.00, devid=86100300900000500000060a4818fca8, mac=a8:a6:48:18:fc:a8, uuid=13287129, accessToken=72DF6038D2AEAB8A76DFBBBBCC428A4A_002856937699982, APIversion=501, logversion=2.0, devType=0, APPPackage=com.hisense.hicloud.edca, eventPos=002, requesttime=1499265902553, customerId=7195320, value2=, eventMessage=HttpConnection, value1=246, model_id=0, ChannelId=0, version=00.002.003, tv_distribute_id=00, subscriberId=13287129, APIVersion=600, PFAPPCode=652, softwareVersion=LED50MU8600UC0000888}
07-05 22:45:02.555 I/HomeMainActivity.java( 7924): VodLog-[onSuccess:1016]postExperienceVIP request fail.Error Message: id0
07-05 22:45:02.565 W/System.err( 7924): java.net.ConnectException: failed to connect to /10.18.210.112 (port 8900) after 6000ms: isConnected failed: ECONNREFUSED (Connection refused)
07-05 22:45:02.565 W/System.err( 7924): 	at libcore.io.IoBridge.isConnected(IoBridge.java:238)
07-05 22:45:02.565 W/System.err( 7924): 	at libcore.io.IoBridge.connectErrno(IoBridge.java:171)
07-05 22:45:02.565 W/System.err( 7924): 	at libcore.io.IoBridge.connect(IoBridge.java:122)
07-05 22:45:02.565 W/System.err( 7924): 	at java.net.PlainSocketImpl.connect(PlainSocketImpl.java:183)
07-05 22:45:02.565 W/System.err( 7924): 	at java.net.PlainSocketImpl.connect(PlainSocketImpl.java:456)
07-05 22:45:02.565 W/System.err( 7924): 	at java.net.Socket.connect(Socket.java:882)
07-05 22:45:02.565 W/System.err( 7924): 	at com.android.okhttp.internal.Platform.connectSocket(Platform.java:174)
07-05 22:45:02.565 W/System.err( 7924): 	at com.android.okhttp.Connection.connect(Connection.java:152)
07-05 22:45:02.565 W/System.err( 7924): 	at com.android.okhttp.internal.http.HttpEngine.connect(HttpEngine.java:276)
07-05 22:45:02.565 W/System.err( 7924): 	at com.android.okhttp.internal.http.HttpEngine.sendRequest(HttpEngine.java:211)
07-05 22:45:02.565 W/System.err( 7924): 	at com.android.okhttp.internal.http.HttpURLConnectionImpl.execute(HttpURLConnectionImpl.java:382)
07-05 22:45:02.565 W/System.err( 7924): 	at com.android.okhttp.internal.http.HttpURLConnectionImpl.connect(HttpURLConnectionImpl.java:106)
07-05 22:45:02.565 W/System.err( 7924): 	at com.hisense.hitv.hicloud.util.ExceptionReport.a(ExceptionReport.java:337)
07-05 22:45:02.566 W/System.err( 7924): 	at com.hisense.hitv.hicloud.util.ExceptionReport.a(ExceptionReport.java:39)
07-05 22:45:02.566 W/System.err( 7924): 	at com.hisense.hitv.hicloud.util.ExceptionReport$1.run(ExceptionReport.java:83)
07-05 22:45:02.566 W/System.err( 7924): 	at java.lang.Thread.run(Thread.java:818)
07-05 22:45:02.566 W/System.err( 7924): Caused by: android.system.ErrnoException: isConnected failed: ECONNREFUSED (Connection refused)
07-05 22:45:02.566 W/System.err( 7924): 	at libcore.io.IoBridge.isConnected(IoBridge.java:223)
07-05 22:45:02.566 W/System.err( 7924): 	... 15 more
07-05 22:45:02.567 W/AudioCapabilities( 7924): Unsupported mime audio/x-ape
07-05 22:45:02.568 I/MyFragmentStateAdapter( 7924): getCount
07-05 22:45:02.568 I/MyFragmentStateAdapter( 7924): getCount
07-05 22:45:02.568 I/MyFragmentStateAdapter( 7924): getCount
07-05 22:45:02.568 I/MyFragmentStateAdapter( 7924): getCount
07-05 22:45:02.568 D/OkHttp  ( 7924): --> GET http://picture.edu.hismarttv.com/images/20170629/%E5%AE%A2%E5%8E%85%E7%87%83%E8%84%82%E5%A5%B3%E7%8E%8B20170207081137502012.jpg http/1.1
07-05 22:45:02.568 D/OkHttp  ( 7924): Host: picture.edu.hismarttv.com
07-05 22:45:02.568 D/OkHttp  ( 7924): Connection: Keep-Alive
07-05 22:45:02.568 D/OkHttp  ( 7924): Accept-Encoding: gzip
07-05 22:45:02.568 D/OkHttp  ( 7924): User-Agent: okhttp/3.6.0
07-05 22:45:02.568 D/OkHttp  ( 7924): --> END GET
07-05 22:45:02.568 W/AudioCapabilities( 7924): Unsupported mime audio/ffmpeg
07-05 22:45:02.569 I/FirstLineAdapter( 7924): canShowTrailer,isOffline=false
07-05 22:45:02.569 I/FirstLineAdapter( 7924): canShowTrailer,isOffline=false
07-05 22:45:02.569 I/FirstLineAdapter( 7924): canShowTrailer,isOffline=false
07-05 22:45:02.569 I/FirstLineAdapter( 7924): canShowTrailer,isOffline=false
07-05 22:45:02.569 I/FirstLineAdapter( 7924): canShowTrailer,isOffline=false
07-05 22:45:02.569 I/FirstLineAdapter( 7924): canShowTrailer,isOffline=false
07-05 22:45:02.569 I/FirstLineAdapter( 7924): canShowTrailer,isOffline=false
07-05 22:45:02.570 I/FirstLineAdapter( 7924): canShowTrailer,isOffline=false
07-05 22:45:02.570 I/FirstLineAdapter( 7924): canShowTrailer,isOffline=false
07-05 22:45:02.570 W/AudioCapabilities( 7924): Unsupported mime audio/ac3
07-05 22:45:02.571 W/AudioCapabilities( 7924): Unsupported mime audio/mpeg-L2
07-05 22:45:02.575 I/MyFragmentStateAdapter( 7924): getCount
07-05 22:45:02.637 D/OkHttp  ( 7924): <-- 200 OK http://picture.edu.hismarttv.com/images/20170629/%E5%AE%A2%E5%8E%85%E7%87%83%E8%84%82%E5%A5%B3%E7%8E%8B20170207081137502012.jpg (68ms)
07-05 22:45:02.637 D/OkHttp  ( 7924): Date: Fri, 30 Jun 2017 07:45:34 GMT
07-05 22:45:02.637 D/OkHttp  ( 7924): Server: nginx
07-05 22:45:02.637 D/OkHttp  ( 7924): Content-Type: image/jpeg
07-05 22:45:02.637 D/OkHttp  ( 7924): Content-Length: 107115
07-05 22:45:02.637 D/OkHttp  ( 7924): Last-Modified: Fri, 09 Jun 2017 14:40:58 GMT
07-05 22:45:02.637 D/OkHttp  ( 7924): ETag: "593ab37a-1a26b"
07-05 22:45:02.637 D/OkHttp  ( 7924): Accept-Ranges: bytes
07-05 22:45:02.637 D/OkHttp  ( 7924): Age: 457168
07-05 22:45:02.637 D/OkHttp  ( 7924): Via: 1.1 shzh52:3 (Cdn Cache Server V2.0)[12 200 0], 1.1 echwt51:7 (Cdn Cache Server V2.0)[47 200 0]
07-05 22:45:02.637 D/OkHttp  ( 7924): Connection: keep-alive
07-05 22:45:02.637 D/OkHttp  ( 7924): <-- END HTTP
07-05 22:45:02.644 I/VideoCapabilities( 7924): Unsupported profile 4 for video/mp4v-es
07-05 22:45:02.650 D/HttpHandler( 7924): RetryIntercepter-->retryNum=0
07-05 22:45:02.650 D/HttpHandler( 7924): RetryIntercepter-->backoffmutiplier=0
07-05 22:45:02.651 D/Player/Lib/Utils/SysUtils( 7924): [TID 7955] [Check dolby]  Codec name=OMX.MS.M4V.Decoder
07-05 22:45:02.651 D/Player/Lib/Utils/SysUtils( 7924): [TID 7955] [Check dolby]  Supported type=video/mp4v-es
07-05 22:45:02.651 D/Player/Lib/Utils/SysUtils( 7924): [TID 7955] [Check dolby]  Codec name=OMX.MS.H263.Decoder
07-05 22:45:02.651 D/Player/Lib/Utils/SysUtils( 7924): [TID 7955] [Check dolby]  Supported type=video/3gpp
07-05 22:45:02.651 D/Player/Lib/Utils/SysUtils( 7924): [TID 7955] [Check dolby]  Codec name=OMX.MS.AVC.Decoder
07-05 22:45:02.651 D/Player/Lib/Utils/SysUtils( 7924): [TID 7955] [Check dolby]  Supported type=video/avc
07-05 22:45:02.651 D/Player/Lib/Utils/SysUtils( 7924): [TID 7955] [Check dolby]  Codec name=OMX.MS.HEVC.Decoder
07-05 22:45:02.651 D/Player/Lib/Utils/SysUtils( 7924): [TID 7955] [Check dolby]  Supported type=video/hevc
07-05 22:45:02.651 D/Player/Lib/Utils/SysUtils( 7924): [TID 7955] [Check H265] FOUND, current type = video/hevc
07-05 22:45:02.651 D/Player/Lib/Utils/SysUtils( 7924): [TID 7955] [Check dolby]  Codec name=OMX.MS.MVC.Decoder
07-05 22:45:02.651 D/Player/Lib/Utils/SysUtils( 7924): [TID 7955] [Check dolby]  Supported type=video/mvc
07-05 22:45:02.651 D/Player/Lib/Utils/SysUtils( 7924): [TID 7955] [Check dolby]  Codec name=OMX.MS.MPEG2.Decoder
07-05 22:45:02.651 D/Player/Lib/Utils/SysUtils( 7924): [TID 7955] [Check dolby]  Supported type=video/mpeg2
07-05 22:45:02.651 D/Player/Lib/Utils/SysUtils( 7924): [TID 7955] [Check dolby]  Codec name=OMX.MS.VP8.Decoder
07-05 22:45:02.651 D/Player/Lib/Utils/SysUtils( 7924): [TID 7955] [Check dolby]  Supported type=video/x-vnd.on2.vp8
07-05 22:45:02.651 D/Player/Lib/Utils/SysUtils( 7924): [TID 7955] [Check dolby]  Codec name=OMX.MS.DIVX311.Decoder
07-05 22:45:02.651 D/Player/Lib/Utils/SysUtils( 7924): [TID 7955] [Check dolby]  Supported type=video/divx3
07-05 22:45:02.652 D/Player/Lib/Utils/SysUtils( 7924): [TID 7955] [Check dolby]  Codec name=OMX.MS.DIVX412.Decoder
07-05 22:45:02.652 D/Player/Lib/Utils/SysUtils( 7924): [TID 7955] [Check dolby]  Supported type=video/divx4
07-05 22:45:02.652 D/Player/Lib/Utils/SysUtils( 7924): [TID 7955] [Check dolby]  Codec name=OMX.MS.FLV.Decoder
07-05 22:45:02.652 D/Player/Lib/Utils/SysUtils( 7924): [TID 7955] [Check dolby]  Supported type=video/flv
07-05 22:45:02.659 D/Player/Lib/Utils/SysUtils( 7924): [TID 7955] [Check dolby]  Codec name=OMX.MS.VC1.Decoder
07-05 22:45:02.659 D/Player/Lib/Utils/SysUtils( 7924): [TID 7955] [Check dolby]  Supported type=video/VC1
07-05 22:45:02.662 D/Player/Lib/Utils/SysUtils( 7924): [TID 7955] [Check dolby]  Supported type=video/wvc1
07-05 22:45:02.662 D/Player/Lib/Utils/SysUtils( 7924): [TID 7955] [Check dolby]  Codec name=OMX.MS.WMV3.Decoder
07-05 22:45:02.662 D/Player/Lib/Utils/SysUtils( 7924): [TID 7955] [Check dolby]  Supported type=video/wmv3
07-05 22:45:02.663 D/Player/Lib/Utils/SysUtils( 7924): [TID 7955] [Check dolby]  Codec name=OMX.MS.MJPG.Decoder
07-05 22:45:02.665 D/Player/Lib/Utils/SysUtils( 7924): [TID 7955] [Check dolby]  Supported type=video/mjpeg
07-05 22:45:02.665 D/Player/Lib/Utils/SysUtils( 7924): [TID 7955] [Check dolby]  Codec name=OMX.MS.AVS.Decoder
07-05 22:45:02.665 D/Player/Lib/Utils/SysUtils( 7924): [TID 7955] [Check dolby]  Supported type=video/avs
07-05 22:45:02.665 D/Player/Lib/Utils/SysUtils( 7924): [TID 7955] [Check dolby]  Codec name=OMX.MS.RV.Decoder
07-05 22:45:02.665 D/Player/Lib/Utils/SysUtils( 7924): [TID 7955] [Check dolby]  Supported type=video/realvideo
07-05 22:45:02.665 D/Player/Lib/Utils/SysUtils( 7924): [TID 7955] [Check dolby]  Codec name=OMX.google.aac.decoder
07-05 22:45:02.665 D/Player/Lib/Utils/SysUtils( 7924): [TID 7955] [Check dolby]  Supported type=audio/mp4a-latm
07-05 22:45:02.665 D/Player/Lib/Utils/SysUtils( 7924): [TID 7955] [Check dolby]  Codec name=OMX.google.mp3.decoder
07-05 22:45:02.665 D/Player/Lib/Utils/SysUtils( 7924): [TID 7955] [Check dolby]  Supported type=audio/mpeg
07-05 22:45:02.665 D/Player/Lib/Utils/SysUtils( 7924): [TID 7955] [Check dolby]  Codec name=OMX.MS.MP3.Decoder
07-05 22:45:02.665 D/Player/Lib/Utils/SysUtils( 7924): [TID 7955] [Check dolby]  Supported type=audio/mpeg
07-05 22:45:02.665 D/Player/Lib/Utils/SysUtils( 7924): [TID 7955] [Check dolby]  Supported type=audio/mpeg-L1
07-05 22:45:02.665 D/Player/Lib/Utils/SysUtils( 7924): [TID 7955] [Check dolby]  Supported type=audio/mpeg-L2
07-05 22:45:02.665 D/Player/Lib/Utils/SysUtils( 7924): [TID 7955] [Check dolby]  Codec name=OMX.MS.AAC.Decoder
07-05 22:45:02.665 D/Player/Lib/Utils/SysUtils( 7924): [TID 7955] [Check dolby]  Supported type=audio/mp4a-latm
07-05 22:45:02.666 D/Player/Lib/Utils/SysUtils( 7924): [TID 7955] [Check dolby]  Codec name=OMX.google.opus.decoder
07-05 22:45:02.666 D/Player/Lib/Utils/SysUtils( 7924): [TID 7955] [Check dolby]  Supported type=audio/opus
07-05 22:45:02.666 D/Player/Lib/Utils/SysUtils( 7924): [TID 7955] [Check dolby]  Codec name=OMX.google.vorbis.decoder
07-05 22:45:02.666 D/Player/Lib/Utils/SysUtils( 7924): [TID 7955] [Check dolby]  Supported type=audio/vorbis
07-05 22:45:02.666 D/Player/Lib/Utils/SysUtils( 7924): [TID 7955] [Check dolby]  Codec name=OMX.MS.VORBIS.Decoder
07-05 22:45:02.666 D/Player/Lib/Utils/SysUtils( 7924): [TID 7955] [Check dolby]  Supported type=audio/vorbis
07-05 22:45:02.666 D/Player/Lib/Utils/SysUtils( 7924): [TID 7955] [Check dolby]  Codec name=OMX.MS.ADPCM.Decoder
07-05 22:45:02.666 D/Player/Lib/Utils/SysUtils( 7924): [TID 7955] [Check dolby]  Supported type=audio/adpcm
07-05 22:45:02.666 D/Player/Lib/Utils/SysUtils( 7924): [TID 7955] [Check dolby]  Codec name=OMX.MS.LPCM.Decoder
07-05 22:45:02.666 D/Player/Lib/Utils/SysUtils( 7924): [TID 7955] [Check dolby]  Supported type=audio/lpcm
07-05 22:45:02.666 D/Player/Lib/Utils/SysUtils( 7924): [TID 7955] [Check dolby]  Codec name=OMX.MS.RA.Decoder
07-05 22:45:02.666 D/Player/Lib/Utils/SysUtils( 7924): [TID 7955] [Check dolby]  Supported type=audio/cook
07-05 22:45:02.666 D/Player/Lib/Utils/SysUtils( 7924): [TID 7955] [Check dolby]  Codec name=OMX.MS.WMA.Decoder
07-05 22:45:02.666 D/Player/Lib/Utils/SysUtils( 7924): [TID 7955] [Check dolby]  Supported type=audio/x-ms-wma
07-05 22:45:02.666 D/Player/Lib/Utils/SysUtils( 7924): [TID 7955] [Check dolby]  Codec name=OMX.MS.AC3.Decoder
07-05 22:45:02.666 D/Player/Lib/Utils/SysUtils( 7924): [TID 7955] [Check dolby]  Supported type=audio/ac3
07-05 22:45:02.666 D/Player/Lib/Utils/SysUtils( 7924): [TID 7955] [Check dolby] FOUND, current type = audio/ac3
07-05 22:45:02.666 W/AudioCapabilities( 7924): Unsupported mime audio/ac3
07-05 22:45:02.666 D/Player/Lib/Utils/SysUtils( 7924): [TID 7955] [Check dolby]  ProfileLevels size:0
07-05 22:45:02.667 D/Player/Lib/Utils/SysUtils( 7924): [TID 7955] DEVICE_SUPPORT_DOLBY=true, DEVICE_SUPPORT_H265=true
07-05 22:45:02.674 D/WifiService( 1733): New client listening to asynchronous messages
07-05 22:45:02.683 D/Player/Lib/Utils/SysUtils( 7924): [TID 7955] isDeviceSupportDolby=true
07-05 22:45:02.684 D/Player/Lib/Utils/SysUtils( 7924): [TID 7955] isDeviceSupportH265=true
07-05 22:45:02.685 D/PlayerSdkUtils( 7924): [TID 7955] static init: IS_DEVICE_CODEC_SUPPORT_DOLBY=true
07-05 22:45:02.685 D/PlayerSdkUtils( 7924): [TID 7955] static init: IS_DEVICE_CODEC_SUPPORT_H265=true
07-05 22:45:02.691 D/PlayerSDK/data/FetchUuidJob( 7924): [TID 7955] >>>fetchKeyInfo, sIsFetched=false
07-05 22:45:02.691 D/PlayerSDK/data/FetchUuidJob( 7924): [TID 7955] fetchKeyInfo: deviceInfo=vidaa3
07-05 22:45:02.694 I/System.out( 7924): D/(load-playerplugin, syncCall): cpu: 4
07-05 22:45:02.713 I/System.out( 7924): <TVAPI> DEBUG(isUpdateData): isUpdateData=manInfo-true
07-05 22:45:02.714 I/System.out( 7924): <TVAPI> DEBUG(TVApiProperty): read passport-device-id=null
07-05 22:45:02.715 I/System.out( 7924): <TVAPI> DEBUG(TVApiProperty): passport-device-id-system=tv_69b1ef544cadbb86e8f28950ece1c76a_1167652938875
07-05 22:45:02.716 I/System.out( 7924): <TVAPI> DEBUG(id=1, manInfo): url = http://data2.itv.ptqy.gitv.tv/itv/manInfo/vidaa3?s=0
07-05 22:45:02.717 I/System.out( 7924): <TVAPI> DEBUG(id=1, manInfo): header = qyid:tv_69b1ef544cadbb86e8f28950ece1c76a_1167652938875
07-05 22:45:02.717 I/System.out( 7924): <TVAPI> DEBUG(id=1, manInfo): header = ov:5.1.1
07-05 22:45:02.717 I/System.out( 7924): <TVAPI> DEBUG(id=1, manInfo): header = apkVer:
07-05 22:45:02.717 I/System.out( 7924): <TVAPI> DEBUG(id=1, manInfo): header = apiKey:APIKEY
07-05 22:45:02.725 I/MyFragmentStateAdapter( 7924): getCount
07-05 22:45:02.730 D/HttpHandler( 7924): VerifySignInterCeptor-->request.url()=http://picture.edu.hismarttv.com/images/20170629/%E8%8B%B1%E8%AF%AD%E5%90%AF%E8%92%99.jpg
07-05 22:45:02.730 D/HttpHandler( 7924): VerifySignInterCeptor-->hostname=picture.edu.hismarttv.com
07-05 22:45:02.732 D/OkHttp  ( 7924): --> GET http://picture.edu.hismarttv.com/images/20170629/%E8%8B%B1%E8%AF%AD%E5%90%AF%E8%92%99.jpg http/1.1
07-05 22:45:02.732 D/OkHttp  ( 7924): Host: picture.edu.hismarttv.com
07-05 22:45:02.732 D/OkHttp  ( 7924): Connection: Keep-Alive
07-05 22:45:02.732 D/OkHttp  ( 7924): Accept-Encoding: gzip
07-05 22:45:02.732 D/OkHttp  ( 7924): User-Agent: okhttp/3.6.0
07-05 22:45:02.732 D/OkHttp  ( 7924): --> END GET
07-05 22:45:02.732 I/TVMW@HsTvSetting( 1234): Trace cmd, data = 0x1058
07-05 22:45:02.733 D/til@system( 2026): til_get_system_param option:100002F int:0, bool:0, ret:0
07-05 22:45:02.733 I/TVMW@HsTvSetting( 1234): Trace cmd, data = 0x101f
07-05 22:45:02.733 D/til@system( 2026): til_get_system_param option:100001D int:3, bool:3, ret:0
07-05 22:45:02.733 E/til     ( 2026): [til_get_current_input_source, 101] 
07-05 22:45:02.733 I/TVMW@HsTvSetting( 1234): Trace cmd, data = 0x7007
07-05 22:45:02.734 I/tilwrapper@sm( 2026): HS2TIL_SourceType *hs=0xd, *til=0x900
07-05 22:45:02.734 D/til     ( 2026): get current source 2304
07-05 22:45:02.734 D/SourceRemoteServiceHandler( 2026): getCurrentInputSource.from.til.result is 0, value is 2304
07-05 22:45:02.734 D/SourceRemoteServiceHandler( 2026): getInputSourceType source: 0x900, type=2304
07-05 22:45:02.734 D/til     ( 2026): ###### func:til_get_picture_param option:0x3000006 ######  
07-05 22:45:02.734 I/TVMW@HsTvSetting( 1234): Trace cmd, data = 0x1003
07-05 22:45:02.734 I/TVMW@HsTvSetting( 1234): Trace cmd, data = 0x8032
07-05 22:45:02.735 I/hstvos  ( 1216): [0m[1;33m[HSHAL][HS_VIDEO][HS_HAL_Video_SetOsdDetect_v2][2389]u16Threshold = 20
07-05 22:45:02.735 I/MiSysSrv( 1214): Not support now! 42, change to mm_video!!!
07-05 22:45:02.736 E/TVMW@videoctrl( 1234):  getOsd is 1
07-05 22:45:02.736 D/til@system( 2026): til_get_system_param option:1000027 int:1, bool:1, ret:0
07-05 22:45:02.737 D/til     ( 2026): ###### func:til_get_picture_param option:0x3000045 ######  
07-05 22:45:02.737 I/TVMW@HsTvSetting( 1234): Trace cmd, data = 0x300c
07-05 22:45:02.737 I/TVMW@HsTvSetting( 1234): Trace 3d, data = 0x300c
07-05 22:45:02.737 I/TVMW@3d ( 1234): Hs_debug3d_trace: func:get3dStatus, line:109
07-05 22:45:02.748 D/OkHttp  ( 7924): <-- 200 OK http://picture.edu.hismarttv.com/images/20170629/%E8%8B%B1%E8%AF%AD%E5%90%AF%E8%92%99.jpg (16ms)
07-05 22:45:02.748 D/OkHttp  ( 7924): Date: Mon, 03 Jul 2017 10:50:27 GMT
07-05 22:45:02.748 D/OkHttp  ( 7924): Server: nginx
07-05 22:45:02.748 D/OkHttp  ( 7924): Content-Type: image/jpeg
07-05 22:45:02.748 D/OkHttp  ( 7924): Content-Length: 57011
07-05 22:45:02.748 D/OkHttp  ( 7924): Last-Modified: Fri, 09 Jun 2017 14:49:58 GMT
07-05 22:45:02.748 D/OkHttp  ( 7924): ETag: "593ab596-deb3"
07-05 22:45:02.748 D/OkHttp  ( 7924): Accept-Ranges: bytes
07-05 22:45:02.748 D/OkHttp  ( 7924): Age: 186875
07-05 22:45:02.748 D/OkHttp  ( 7924): Via: 1.1 jnwt244:0 (Cdn Cache Server V2.0)[15 200 0], 1.1 anwangtong101:7 (Cdn Cache Server V2.0)[0 200 0]
07-05 22:45:02.748 D/OkHttp  ( 7924): Connection: keep-alive
07-05 22:45:02.748 D/OkHttp  ( 7924): <-- END HTTP
07-05 22:45:02.752 D/HttpHandler( 7924): RetryIntercepter-->retryNum=0
07-05 22:45:02.752 D/HttpHandler( 7924): RetryIntercepter-->backoffmutiplier=0
07-05 22:45:02.756 I/MyFragmentStateAdapter( 7924): getCount
07-05 22:45:02.756 I/MyFragmentStateAdapter( 7924): getCount
07-05 22:45:02.757 I/MyFragmentStateAdapter( 7924): getCount
07-05 22:45:02.757 I/MyFragmentStateAdapter( 7924): getCount
07-05 22:45:02.763 I/MyFragmentStateAdapter( 7924): getCount
07-05 22:45:02.772 D/HttpHandler( 7924): VerifySignInterCeptor-->request.url()=http://picture.edu.hismarttv.com/images/20170629/%E5%93%88%E5%88%A9%E8%AE%B2%E6%95%85%E4%BA%8B%EF%BC%88%E4%B8%80%EF%BC%89.jpg
07-05 22:45:02.772 D/HttpHandler( 7924): VerifySignInterCeptor-->hostname=picture.edu.hismarttv.com
07-05 22:45:02.774 D/OkHttp  ( 7924): --> GET http://picture.edu.hismarttv.com/images/20170629/%E5%93%88%E5%88%A9%E8%AE%B2%E6%95%85%E4%BA%8B%EF%BC%88%E4%B8%80%EF%BC%89.jpg http/1.1
07-05 22:45:02.774 D/OkHttp  ( 7924): Host: picture.edu.hismarttv.com
07-05 22:45:02.774 D/OkHttp  ( 7924): Connection: Keep-Alive
07-05 22:45:02.774 D/OkHttp  ( 7924): Accept-Encoding: gzip
07-05 22:45:02.774 D/OkHttp  ( 7924): User-Agent: okhttp/3.6.0
07-05 22:45:02.774 D/OkHttp  ( 7924): --> END GET
07-05 22:45:02.782 I/MyFragmentStateAdapter( 7924): getCount
07-05 22:45:02.792 D/OkHttp  ( 7924): <-- 200 OK http://picture.edu.hismarttv.com/images/20170629/%E5%93%88%E5%88%A9%E8%AE%B2%E6%95%85%E4%BA%8B%EF%BC%88%E4%B8%80%EF%BC%89.jpg (17ms)
07-05 22:45:02.792 D/OkHttp  ( 7924): Date: Mon, 03 Jul 2017 10:50:28 GMT
07-05 22:45:02.792 D/OkHttp  ( 7924): Server: nginx
07-05 22:45:02.792 D/OkHttp  ( 7924): Content-Type: image/jpeg
07-05 22:45:02.792 D/OkHttp  ( 7924): Content-Length: 135983
07-05 22:45:02.792 D/OkHttp  ( 7924): Last-Modified: Fri, 09 Jun 2017 14:51:44 GMT
07-05 22:45:02.792 D/OkHttp  ( 7924): ETag: "593ab600-2132f"
07-05 22:45:02.792 D/OkHttp  ( 7924): Accept-Ranges: bytes
07-05 22:45:02.792 D/OkHttp  ( 7924): Age: 186874
07-05 22:45:02.792 D/OkHttp  ( 7924): Via: 1.1 chzhwt170:9 (Cdn Cache Server V2.0)[0 200 0], 1.1 nwangtong95:7 (Cdn Cache Server V2.0)[0 200 0]
07-05 22:45:02.792 D/OkHttp  ( 7924): Connection: keep-alive
07-05 22:45:02.792 D/OkHttp  ( 7924): <-- END HTTP
07-05 22:45:02.795 D/HttpHandler( 7924): RetryIntercepter-->retryNum=0
07-05 22:45:02.795 D/HttpHandler( 7924): RetryIntercepter-->backoffmutiplier=0
07-05 22:45:02.800 I/MyFragmentStateAdapter( 7924): getCount
07-05 22:45:02.800 I/MyFragmentStateAdapter( 7924): getCount
07-05 22:45:02.800 I/MyFragmentStateAdapter( 7924): getCount
07-05 22:45:02.800 I/MyFragmentStateAdapter( 7924): getCount
07-05 22:45:02.808 I/MyFragmentStateAdapter( 7924): getCount
07-05 22:45:02.829 I/System.out( 7924): <TVAPI> DEBUG(id=1, manInfo, response_time = 85ms): data = {"code":"N000000","json":{},"uuid":"MjAxNTEyMjgxNjU2MTk1NzJNa0NISmZXYjExMjA5"}
07-05 22:45:02.829 D/PlayerSDK/data/FetchUuidJob( 7924): [TID 7955] mManInfoCallback onSuccess: maininfo=com.qiyi.tvapi.tv2.result.ApiResultManInfo@35d3287d
07-05 22:45:02.829 D/PlayerSDK/data/FetchUuidJob( 7924): [TID 7955] mManInfoCallback result: u=MjAxNTEyMjgxNjU2MTk1NzJNa0NISmZXYjExMjA5, json={}
07-05 22:45:02.829 D/PlayerSDK/data/FetchUuidJob( 7924): [TID 7955] mManInfoCallback result: eU=MjAxNTEyMjgxNjU2MTk1NzJNa0NISmZXYjExMjA5
07-05 22:45:02.829 D/PlayerSDK/data/FetchUuidJob( 7924): [TID 7955] mManInfoCallback: fectch id success, use it.
07-05 22:45:02.829 D/PlayerSDK/data/FetchUuidJob( 7924): [TID 7955] mManInfoCallback result: parterId=null
07-05 22:45:02.830 D/PlayerSDK/data/FetchUuidJob@f85544f( 7924): [TID 7955] notifyJobSuccess() Job[PlayerSDK/data/FetchUuidJob@f85544f](mState=0, mData=Object250381170, mError=null)
07-05 22:45:02.830 D/PlayerSDK/data/FetchUuidJob( 7924): [TID 7955] <<<fetchKeyInfo
07-05 22:45:02.830 D/PlayerSDK/data/FetchUuidJob@f85544f( 7924): [TID 7955] notifyJobSuccess() Job[PlayerSDK/data/FetchUuidJob@f85544f](mState=2, mData=Object250381170, mError=null)
07-05 22:45:02.831 I/MyFragmentStateAdapter( 7924): getCount
07-05 22:45:02.833 D/PlayerSdk/PlayerSdkProject( 7924): [TID 7955] createRegisterKeyForTvapi(context=com.hisense.hicloud.edca.BaseApplication@2adbac5c)
07-05 22:45:02.834 D/Player/Lib/Utils/SysUtils( 7924): [TID 7955] getMacAddr() returnsa8:a6:48:18:fc:a8
07-05 22:45:02.834 I/System.out( 7924): <TVAPI> ERROR(Check MacAddress): mac address is 
07-05 22:45:02.836 D/PlayerSdk/PlayerSdkProject( 7924): [TID 7955] initTVApi platformType:HAIXIN, defaultUserId:tv_69b1ef544cadbb86e8f28950ece1c76a, domainName:ptqy.gitv.tv
07-05 22:45:02.836 D/PlayerSdk/PlayerSdkProject( 7924): [TID 7955] << beginInitialize: consume 500 ms
07-05 22:45:02.836 D/Player/PluginProvider@ac44fa9( 7924): [TID 7955] << setupSdkFeature: mSdkFeature=com.qiyi.video.plugin.j@6ece3c3
07-05 22:45:02.836 D/HttpHandler( 7924): VerifySignInterCeptor-->request.url()=http://picture.edu.hismarttv.com/images/20170629/30%E5%A4%A9%E5%86%99%E5%87%BA%E4%B8%80%E6%89%8B%E5%A5%BD%E5%AD%9720161129021942268280.jpg
07-05 22:45:02.836 W/PluginProviderBuilder( 7924): createPluginProviderInstance() return com.qiyi.video.plugin.PluginProvider@ac44fa9
07-05 22:45:02.836 D/HttpHandler( 7924): VerifySignInterCeptor-->hostname=picture.edu.hismarttv.com
07-05 22:45:02.836 W/PluginDebugUtils( 7924): needThrowable<<(key=lastFailed)
07-05 22:45:02.836 W/PluginDebugUtils( 7924): needThrowable() returns false
07-05 22:45:02.836 W/PluginHelper( 7924): loadProvider>>() return com.qiyi.video.plugin.PluginProvider@ac44fa9
07-05 22:45:02.836 W/StorageManager( 7924): savePluginInfo<<(info=PluginInfo(id=pluginplayer, versionName=1.64.0.59984, className=com.qiyi.video.plugin.PluginProvider, path=/data/data/com.hisense.hicloud.edca/files/plugin/2.1.0.59986/pluginplayer/1.64.0.59984/pluginplayer-release-1.64.0.59984.apk, libFolder=/data/data/com.hisense.hicloud.edca/files/plugin/2.1.0.59986/pluginplayer/1.64.0.59984/pluginplayer-release-1.64.0.59984-libs, containSo=true, soFileCount=18, errorCount=0, lastLoadSuccess=true))
07-05 22:45:02.836 W/StorageManager( 7924): isMultiProcessPlugin<<()  pluginplayer
07-05 22:45:02.837 W/StorageManager( 7924): isMultiProcessPlugin>>() return false
07-05 22:45:02.837 W/StorageStub@193d3924( 7924): loadPluginInfos<<(pluginId=pluginplayer, needRemoveDumy=false)
07-05 22:45:02.837 W/PluginInfo( 7924): getListFromJson<<(json=null)
07-05 22:45:02.837 W/StorageStub@193d3924( 7924): loadPluginInfos>>() return null
07-05 22:45:02.837 W/StorageManager( 7924): findPluginInfo<<(list=[], version=1.64.0.59984)
07-05 22:45:02.837 W/StorageManager( 7924): findPluginInfo>>() return null
07-05 22:45:02.837 W/StorageStub@193d3924( 7924): savePluginInfos<<(pluginId=pluginplayer, list=[PluginInfo(id=pluginplayer, versionName=1.64.0.59984, className=com.qiyi.video.plugin.PluginProvider, path=/data/data/com.hisense.hicloud.edca/files/plugin/2.1.0.59986/pluginplayer/1.64.0.59984/pluginplayer-release-1.64.0.59984.apk, libFolder=/data/data/com.hisense.hicloud.edca/files/plugin/2.1.0.59986/pluginplayer/1.64.0.59984/pluginplayer-release-1.64.0.59984-libs, containSo=true, soFileCount=18, errorCount=0, lastLoadSuccess=true)])
07-05 22:45:02.837 W/PluginInfo( 7924): getJsonFromList<<(list=[PluginInfo(id=pluginplayer, versionName=1.64.0.59984, className=com.qiyi.video.plugin.PluginProvider, path=/data/data/com.hisense.hicloud.edca/files/plugin/2.1.0.59986/pluginplayer/1.64.0.59984/pluginplayer-release-1.64.0.59984.apk, libFolder=/data/data/com.hisense.hicloud.edca/files/plugin/2.1.0.59986/pluginplayer/1.64.0.59984/pluginplayer-release-1.64.0.59984-libs, containSo=true, soFileCount=18, errorCount=0, lastLoadSuccess=true)])
07-05 22:45:02.837 D/OkHttp  ( 7924): --> GET http://picture.edu.hismarttv.com/images/20170629/30%E5%A4%A9%E5%86%99%E5%87%BA%E4%B8%80%E6%89%8B%E5%A5%BD%E5%AD%9720161129021942268280.jpg http/1.1
07-05 22:45:02.837 D/OkHttp  ( 7924): Host: picture.edu.hismarttv.com
07-05 22:45:02.837 D/OkHttp  ( 7924): Connection: Keep-Alive
07-05 22:45:02.837 D/OkHttp  ( 7924): Accept-Encoding: gzip
07-05 22:45:02.837 D/OkHttp  ( 7924): User-Agent: okhttp/3.6.0
07-05 22:45:02.837 D/OkHttp  ( 7924): --> END GET
07-05 22:45:02.838 W/PluginInfo( 7924): toJson>>() return {"plugin_id":"pluginplayer","plugin_versionname":"1.64.0.59984","plugin_class_name":"com.qiyi.video.plugin.PluginProvider","plugin_path":"\/data\/data\/com.hisense.hicloud.edca\/files\/plugin\/2.1.0.59986\/pluginplayer\/1.64.0.59984\/pluginplayer-release-1.64.0.59984.apk","plugin_lib_folder":"\/data\/data\/com.hisense.hicloud.edca\/files\/plugin\/2.1.0.59986\/pluginplayer\/1.64.0.59984\/pluginplayer-release-1.64.0.59984-libs","contain_so":true,"so_count":18,"load_error_count":0,"load_success":true}
