07-05 21:50:57.566 I/tilwrapper@sm( 2026): HS2TIL_SourceType *hs=0xd, *til=0x900
07-05 21:50:57.566 D/til     ( 2026): get current source 2304
07-05 21:50:57.566 D/SourceRemoteServiceHandler( 2026): getCurrentInputSource.from.til.result is 0, value is 2304
07-05 21:50:57.566 D/SourceRemoteServiceHandler( 2026): getInputSourceType source: 0x900, type=2304
07-05 21:50:57.566 I/ReportService( 3281): getCurIntputSource2304
07-05 21:50:57.566 E/til     ( 2026): [til_get_current_input_source, 101] 
07-05 21:50:57.566 I/TVMW@HsTvSetting( 1234): Trace cmd, data = 0x7007
07-05 21:50:57.567 I/tilwrapper@sm( 2026): HS2TIL_SourceType *hs=0xd, *til=0x900
07-05 21:50:57.567 D/til     ( 2026): get current source 2304
07-05 21:50:57.567 D/SourceRemoteServiceHandler( 2026): getCurrentInputSource.from.til.result is 0, value is 2304
07-05 21:50:57.567 D/SourceRemoteServiceHandler( 2026): getInputSourceType source: 0x900, type=2304
07-05 21:50:57.568 I/ReportService( 3281): siloName isnull
07-05 21:50:57.568 V/PackageManager( 1733): getPackageInfo com.hisense.hicloud.edca: Package{3fb3f3a1 com.hisense.hicloud.edca}
07-05 21:50:57.568 I/HiNetworkImpl(10395): doHttp_Asyn(): onSuccess clazz = class com.hisense.sdk.domain.OrderCheckedBean, back from thread: main
07-05 21:50:57.569 I/DetailPlayActivity(10395): checkOrderTime : 11499140    667
07-05 21:50:57.569 I/ReportService( 3281): HiReport string sent out is:1.5|3|86100300900000500000060a4818fca8|1499262657|0|com.hisense.hicloud.edca|3.0.0.9.00|8
07-05 21:50:57.569 W/ReportService( 3281): enter InsertUserBehaviorDataReportTask  mUri = content://com.hisense.hitv.hicloud.log/loginput mContentValues = lastsessiondurationtime=1210 LOGVALUE=1.5|3|86100300900000500000060a4818fca8|1499262657|0|com.hisense.hicloud.edca|3.0.0.9.00|8 operation=R time=1499262657551 package=com.hisense.hicloud.edca cumulativesessiondurationtime=3915155 versioncode=652 lastupdatetime=1499256171569 _id=null type=APPRUN component=com.hisense.tvui.newhome.HomeMainActivity mContext == com.hisense.hireport.ReportService@3a75cda9mType == 95
07-05 21:50:57.569 I/MiSysSrv( 1214): [37m[INFO] Change to Voltage: 117 mv (0x32)[m
07-05 21:50:57.570 D/til@system( 2026): til_get_system_param option:1000007 int:-1815632896, bool:0, ret:0
07-05 21:50:57.571 D/til@system( 2026): til_get_system_param option:1000009 int:-1936523008, bool:0, ret:0
07-05 21:50:57.572 D/til@system( 2026): til_get_system_param option:1000008 int:-1936522368, bool:128, ret:0
07-05 21:50:57.572 D/HiSDKLogReport(10395): getOperationDetail-productName : LED50MU8600UC
07-05 21:50:57.572 D/HiSDKLogReport(10395): getOperationDetail-plmNumber : 88888
07-05 21:50:57.572 D/HiSDKLogReport(10395): getOperationDetail-swVersion : V0000.00.01A
07-05 21:50:57.572 D/HiSDKLogReport(10395): getOperationDetail-operationDetail : LED50MU8600UC0000888
07-05 21:50:57.573 D/HiSDKLogReport(10395): processLogReport-log : {eventType=110, appKey=1182445233, APPVersionName=3.0.0.9.00, devid=86100300900000500000060a4818fca8, mac=a8:a6:48:18:fc:a8, uuid=13287129, accessToken=72DF6038D2AEAB8A76DFBBBBCC428A4A_000063531964137, APIversion=501, logversion=2.0, devType=0, APPPackage=com.hisense.hicloud.edca, eventPos=072, requesttime=1499262657573, customerId=7195320, value2=, eventMessage=HttpDetailCheckOrder, value1=667, model_id=0, ChannelId=0, version=00.002.003, tv_distribute_id=00, subscriberId=13287129, APIVersion=600, PFAPPCode=652, softwareVersion=LED50MU8600UC0000888}
07-05 21:50:57.574 D/DetailPlayActivity(10395): mSourceType:1002    getIntent().getIntExtra(Constants.PLAYFLAG, 0):0
07-05 21:50:57.574 D/DetailPlayActivity(10395): sunliqin,sIsConfigQuestionDisplay: falsesIsQuestionDisplay:false  detail display:false
07-05 21:50:57.574 D/DetailPlayActivity(10395): mIsSoldOut:false
07-05 21:50:57.574 D/DetailPlayActivity(10395): mIsFree:false     lesson is bought:false
07-05 21:50:57.574 D/DetailPlayActivity(10395): managerBoughtVipdata,ID :-1
07-05 21:50:57.579 I/CommonUtils(10395):  object to json [14,6]
07-05 21:50:57.580 D/DetailPlayActivity(10395): detail belongs list is =============[14,6]
07-05 21:50:57.580 I/CommonUtils(10395):  object to json null
07-05 21:50:57.580 D/DetailPlayActivity(10395): the user bought vip list is  =============null
07-05 21:50:57.580 D/DetailPlayActivity(10395): user bought vip list is null
07-05 21:50:57.580 D/DetailPlayActivity(10395): user overtime bought vip list is null
07-05 21:50:57.580 D/DetailPlayActivity(10395): managerBoughtStatus----------------------------------
07-05 21:50:57.580 D/DetailPlayActivity(10395): this detail belongs to a bought vip ,true or false:false
07-05 21:50:57.580 D/DetailPlayActivity(10395): sunliqin,mIsFree:false  RefreshPaidListUits.isPaid(mDetailsResult.getId(), mDetailsResult.getVip_id()):false  mIsBoughtVipfalse  mIsOrderfalse
07-05 21:50:57.581 D/DetailPlayActivity(10395): sunliqin:mIsBought  ====  false msoldout :false
07-05 21:50:57.582 D/DetailPlayActivity(10395): url--http://picture.edu.hismarttv.com/images/20170629/.jpg
07-05 21:50:57.593 I/ReportService( 3281): result is content://com.hisense.hitv.hicloud.log/loginput/1
07-05 21:50:57.594 I/ReportService( 3281): enter doInBackground*****
07-05 21:50:57.597 I/ReportService( 3281): enter onPostExecute result is: true
07-05 21:50:57.601 D/DetailPlayActivity(10395): managerCollectionBtnDrawable---------------
07-05 21:50:57.601 D/HttpDnsUtils(10395): getDetailCollectionStatus,http:http://api.edu.hismarttv.com/usercenter/api/media_individualize_data
07-05 21:50:57.601 I/ReportService( 3281): result is content://com.hisense.hitv.hicloud.log/loginput/1
07-05 21:50:57.602 D/til@system( 2026): til_get_system_param option:1000007 int:-1936525184, bool:128, ret:0
07-05 21:50:57.603 I/ReportService( 3281): enter onPostExecute result is: true
07-05 21:50:57.604 D/til@system( 2026): til_get_system_param option:1000009 int:-1815634176, bool:0, ret:0
07-05 21:50:57.604 D/til@system( 2026): til_get_system_param option:1000008 int:-1936522112, bool:128, ret:0
07-05 21:50:57.605 D/HttpBuilder(10395): getOperationDetail-productName : LED50MU8600UC
07-05 21:50:57.605 D/HttpBuilder(10395): getOperationDetail-plmNumber : 88888
07-05 21:50:57.605 D/HttpBuilder(10395): getOperationDetail-swVersion : V0000.00.01A
07-05 21:50:57.605 D/HttpBuilder(10395): getOperationDetail-operationDetail : LED50MU8600UC0000888
07-05 21:50:57.607 I/NetflixMonitorService( 1733): current fgapk : com.hisense.hicloud.edca
07-05 21:50:57.607 I/NetflixMonitorService( 1733): Netflix status unchanged
07-05 21:50:57.631 I/HttpBuilder(10395): addUrlPublicParams mUrl ==>http://api.edu.hismarttv.com/usercenter/api/media_individualize_data?media_id=3535&uuid=13287129&mac=a8:a6:48:18:fc:a8&devid=86100300900000500000060a4818fca8&version=00.002.003&subscriberId=13287129&customerId=7195320&model_id=0&APPPackage=com.hisense.hicloud.edca&PFAPPCode=652&APPVersionName=3.0.0.9.00&ChannelId=0&softwareVersion=LED50MU8600UC0000888&tv_distribute_id=00&devType=0&APIVersion=600&accessToken=72DF6038D2AEAB8A76DFBBBBCC428A4A_000063531964137
07-05 21:50:57.632 D/HttpHandler(10395): VerifySignInterCeptor-->request.url()=http://api.edu.hismarttv.com/usercenter/api/media_individualize_data?media_id=3535&uuid=13287129&mac=a8:a6:48:18:fc:a8&devid=86100300900000500000060a4818fca8&version=00.002.003&subscriberId=13287129&customerId=7195320&model_id=0&APPPackage=com.hisense.hicloud.edca&PFAPPCode=652&APPVersionName=3.0.0.9.00&ChannelId=0&softwareVersion=LED50MU8600UC0000888&tv_distribute_id=00&devType=0&APIVersion=600&accessToken=72DF6038D2AEAB8A76DFBBBBCC428A4A_000063531964137
07-05 21:50:57.632 D/HttpHandler(10395): VerifySignInterCeptor-->hostname=api.edu.hismarttv.com
07-05 21:50:57.633 D/HttpHandler(10395): HttpDNS-->hostname=api.edu.hismarttv.com
07-05 21:50:57.634 D/HttpHandler(10395): RAMCache-->hostInfo.getClientTimeStamp()=11481539
07-05 21:50:57.634 D/HttpHandler(10395): RAMCache-->hostInfo.getTtl()=3600
07-05 21:50:57.634 D/HttpHandler(10395): RAMCache-->SystemClock.elapsedRealtime()=11499206
07-05 21:50:57.637 D/HttpHandler(10395): DNSHelper-->gslbDns=["123.103.91.123"]
07-05 21:50:57.644 D/DetailPlayActivity(10395): sunliqin initCourseViewVisible
07-05 21:50:57.644 D/DetailCourseSelectorView(10395): sunliqin DetailCourseSelectorView!!!!
07-05 21:50:57.653 I/DetailVideoPlayerContainer(10395):  sunliqin initUI()
07-05 21:50:57.660 D/OkHttp  (10395): --> GET http://api.edu.hismarttv.com/usercenter/api/media_individualize_data?media_id=3535&uuid=13287129&mac=a8:a6:48:18:fc:a8&devid=86100300900000500000060a4818fca8&version=00.002.003&subscriberId=13287129&customerId=7195320&model_id=0&APPPackage=com.hisense.hicloud.edca&PFAPPCode=652&APPVersionName=3.0.0.9.00&ChannelId=0&softwareVersion=LED50MU8600UC0000888&tv_distribute_id=00&devType=0&APIVersion=600&accessToken=72DF6038D2AEAB8A76DFBBBBCC428A4A_000063531964137 http/1.1
07-05 21:50:57.660 D/OkHttp  (10395): Data_Type: JSON
07-05 21:50:57.660 D/OkHttp  (10395): RetryTime: 0
07-05 21:50:57.660 D/OkHttp  (10395): Backoffmutiplier: 0
07-05 21:50:57.660 D/OkHttp  (10395): Host: api.edu.hismarttv.com
07-05 21:50:57.660 D/OkHttp  (10395): Connection: Keep-Alive
07-05 21:50:57.660 D/OkHttp  (10395): Accept-Encoding: gzip
07-05 21:50:57.660 D/OkHttp  (10395): User-Agent: okhttp/3.6.0
07-05 21:50:57.660 D/OkHttp  (10395): --> END GET
07-05 21:50:57.665 D/DtvSourcePlugin-DVBC(15961): Setting the EPG Updater state to: WAIT
07-05 21:50:57.691 D/OkHttp  (10395): <-- 200 OK http://api.edu.hismarttv.com/usercenter/api/media_individualize_data?media_id=3535&uuid=13287129&mac=a8:a6:48:18:fc:a8&devid=86100300900000500000060a4818fca8&version=00.002.003&subscriberId=13287129&customerId=7195320&model_id=0&APPPackage=com.hisense.hicloud.edca&PFAPPCode=652&APPVersionName=3.0.0.9.00&ChannelId=0&softwareVersion=LED50MU8600UC0000888&tv_distribute_id=00&devType=0&APIVersion=600&accessToken=72DF6038D2AEAB8A76DFBBBBCC428A4A_000063531964137 (30ms)
07-05 21:50:57.691 D/OkHttp  (10395): Server: nginx
07-05 21:50:57.691 D/OkHttp  (10395): Date: Wed, 05 Jul 2017 13:50:57 GMT
07-05 21:50:57.691 D/OkHttp  (10395): Content-Type: application/json
07-05 21:50:57.691 D/OkHttp  (10395): Content-Length: 210
07-05 21:50:57.691 D/OkHttp  (10395): Connection: close
07-05 21:50:57.691 D/OkHttp  (10395): <-- END HTTP
07-05 21:50:57.693 D/HttpHandler(10395): RetryIntercepter-->retryNum=0
07-05 21:50:57.693 D/HttpHandler(10395): RetryIntercepter-->backoffmutiplier=0
07-05 21:50:57.694 D/HttpHandler(10395): VerifySignInterCeptor-->dateType=1
07-05 21:50:57.694 D/HttpHandler(10395): VerifySignInterCeptor-->HttpRequestManager.httpClietOption.getVerifyFlag()=1
07-05 21:50:57.695 D/HttpHandler(10395): VerifySignInterCeptor-->content={"user_collect": false}
07-05 21:50:57.769 I/MiSysSrv( 1214): [37m[INFO] Change to Voltage: 107 mv (0x28)[m
07-05 21:50:57.777 I/art     (10395): Background partial concurrent mark sweep GC freed 21911(1382KB) AllocSpace objects, 6(1871KB) LOS objects, 10% free, 32MB/36MB, paused 4.319ms total 104.762ms
07-05 21:50:57.813 D/DetailPlayActivity(10395): etFullScreenPlay(boolean fullscreen),not full screen played
07-05 21:50:57.813 D/DetailVideoPlayerContainer(10395): setmIsFullScreen,want to set screen is full?false  mIsAutoFlag:false  .getStatus():UNKOWN
07-05 21:50:57.814 D/DetailVideoPlayerContainer(10395): sunliqin,disMissCourseView===============
07-05 21:50:57.814 D/DetailCourseSelectorView(10395): scrollRecylerView,POSITION:  0
07-05 21:50:57.814 D/DetailCourseSelectorView(10395): 11befor scroll,mindex is : 0
07-05 21:50:57.814 D/DetailCourseSelectorView(10395): sunliqin,setLastPlayViewIconGone,mindex is invalid
07-05 21:50:57.814 D/DetailCourseSelectorView(10395): sunliqin,setLastPlayViewIconGone,find view is null
07-05 21:50:57.814 D/DetailVideoPlayerContainer(10395): setLoadingLayoutParams,isFullScreen:false
07-05 21:50:57.816 I/DetailVideoPlayerContainer(10395):  showPlayLimitView called. mPlayLimitTime = 0   mIsBought:false
07-05 21:50:57.820 D/DetailPlayActivity(10395):  play  video ,mid:3535
07-05 21:50:57.821 D/DetailPlayActivity(10395): sunliqin playMoreVideos,index:0
07-05 21:50:57.821 D/DetailPlayActivity(10395): mIsSoldOut:false  mIsOrder:false
07-05 21:50:57.821 D/DetailVideoPlayerContainer(10395): sunliqin playercontainer ,set data,sourcetag is:DetailPlayActivity3535
07-05 21:50:57.821 D/DetailVideoPlayerContainer(10395): setData,BaseApplication.sTrailerEnable:1
07-05 21:50:57.822 D/DetailVideoPlayerContainer(10395): sunliqin,setData,mIsBought: false   trailerPts:0
07-05 21:50:57.825 D/DetailVideoPlayerContainer(10395): sunliqin,setData,index:0   trailer url is:null
07-05 21:50:57.825 D/DetailVideoPlayerContainer(10395): sunliqin,no histroy,no trailer ,so first play video 0
07-05 21:50:57.825 D/DetailVideoPlayerContainer(10395): sunliqin initVideoInfo(DetailsPage detail,int index),index:0   istrailer:false  mTotal lesson:48
07-05 21:50:57.825 D/DetailVideoPlayerContainer(10395): initVideoInfo, the index is :0videos size:48
07-05 21:50:57.825 D/EduVideoUtils(10395): sunliqin getVideoInfo
07-05 21:50:57.829 D/EduVideoUtils(10395): sunliqin param:{"subTitle": "", "title": "1\u3001\u65b0\u6765\u7684\u90bb\u5c45\uff08\u4e0a\u7bc7\uff09", "url": "http://jhxvideo-ws.video-tx.com/renditionf/201608/212213056611024897/212213056611025409/9b/219104966755748100/219104978030035716/r219104978030035716-2000k-1280x720.mp4", "program_id": "3535", "episode_id": "28416", "isCollect": "${isCollect}", "position": "${history}", "resolution": 11}
07-05 21:50:57.829 D/EduVideoUtils(10395): mTitle:null
07-05 21:50:57.829 D/EduVideoUtils(10395):  mProgramId3535
07-05 21:50:57.829 D/EduVideoUtils(10395):  mEpisodeId:35351
07-05 21:50:57.829 D/EduVideoUtils(10395): mClassId:
07-05 21:50:57.829 D/EduVideoUtils(10395): mTopicTitle:
07-05 21:50:57.829 D/EduVideoUtils(10395): sunliqin,quality url ,21:http://jhxvideo-ws.video-tx.com/renditionf/201608/212213056611024897/212213056611025409/9b/219104966755748100/219104978030035716/r219104978030035716-2000k-1280x720.mp4
07-05 21:50:57.830 D/VideoInfo(10395): sunliqin videoinfo,vendor is :URL
07-05 21:50:57.830 I/edu     (10395): ------- ==>mTypeCode = 1002
07-05 21:50:57.834 I/CommonUtils(10395):  object to json {"21":"http://jhxvideo-ws.video-tx.com/renditionf/201608/212213056611024897/212213056611025409/9b/219104966755748100/219104978030035716/r219104978030035716-2000k-1280x720.mp4"}
07-05 21:50:57.834 D/UrlPlayInfo(10395): sunliqin,url list:{"21":"http://jhxvideo-ws.video-tx.com/renditionf/201608/212213056611024897/212213056611025409/9b/219104966755748100/219104978030035716/r219104978030035716-2000k-1280x720.mp4"}
07-05 21:50:57.834 I/UrlPlayInfo(10395):  sunliqin UrlPlayInfo constructor called, urls is {21=http://jhxvideo-ws.video-tx.com/renditionf/201608/212213056611024897/212213056611025409/9b/219104966755748100/219104978030035716/r219104978030035716-2000k-1280x720.mp4}
07-05 21:50:57.839 I/CommonUtils(10395):  object to json {"21":"http://jhxvideo-ws.video-tx.com/renditionf/201608/212213056611024897/212213056611025409/9b/219104966755748100/219104978030035716/r219104978030035716-2000k-1280x720.mp4"}
07-05 21:50:57.839 D/VideoInfo(10395): sunliqin, ============quality url list=============== {"21":"http://jhxvideo-ws.video-tx.com/renditionf/201608/212213056611024897/212213056611025409/9b/219104966755748100/219104978030035716/r219104978030035716-2000k-1280x720.mp4"}
07-05 21:50:57.841 D/EduVideoUtils(10395): sunliqin,Init videoinfo,info.sPlayLimitTime:-1  total:48  sindex:0  sPosterUrl:http://picture.edu.hismarttv.com/images/20170629/.jpg    venderid: 1040  sResolution:11
07-05 21:50:57.843 D/DetailVideoPlayerContainer(10395): sunliqin,getVideoLastPlayPosition,position:0
07-05 21:50:57.843 D/VideoInfo(10395): setmPosition,mPosition:0
07-05 21:50:57.843 D/DetailCourseSelectorView(10395): scrollRecylerView,POSITION:  0
07-05 21:50:57.843 D/DetailCourseSelectorView(10395): 11befor scroll,mindex is : 0
07-05 21:50:57.843 D/DetailCourseSelectorView(10395): sunliqin,setLastPlayViewIconGone,set last video flag is false
07-05 21:50:57.843 D/DetailCourseSelectorView(10395): sunliqin,setLastPlayViewIconGone,find view is null
07-05 21:50:57.844 D/DetailVideoPlayerContainer(10395): initPlayer==========,to delay 500ms
07-05 21:50:57.844 I/DetailVideoPlayerContainer(10395):  show laoding View called 
07-05 21:50:57.845 D/DetailVideoPlayerContainer(10395): Handler send msg MSG_INIT_PLAYER,delay 500ms 
07-05 21:50:57.846 D/DetailVideoPlayerContainer(10395): reportVideoPrepareStartLog!!!!!current videos id is : 35351
07-05 21:50:57.847 D/til@system( 2026): til_get_system_param option:1000007 int:-1815633792, bool:128, ret:0
07-05 21:50:57.848 D/til@system( 2026): til_get_system_param option:1000009 int:-1815632896, bool:0, ret:0
07-05 21:50:57.848 D/til@system( 2026): til_get_system_param option:1000008 int:-1936523008, bool:0, ret:0
07-05 21:50:57.849 D/HiSDKLogReport(10395): getOperationDetail-productName : LED50MU8600UC
07-05 21:50:57.849 D/HiSDKLogReport(10395): getOperationDetail-plmNumber : 88888
07-05 21:50:57.849 D/HiSDKLogReport(10395): getOperationDetail-swVersion : V0000.00.01A
07-05 21:50:57.849 D/HiSDKLogReport(10395): getOperationDetail-operationDetail : LED50MU8600UC0000888
07-05 21:50:57.849 D/HiSDKLogReport(10395): businessLogReport-log : {autoplay=1, eventType=229, APPVersionName=3.0.0.9.00, devid=86100300900000500000060a4818fca8, uuid=13287129, APIversion=501, eventcode=229001, logversion=2.0, devType=0, eventPos=001, ChannelId=0, version=00.002.003, subscriberId=13287129, PFAPPCode=652, softwareVersion=LED50MU8600UC0000888, srceventcode=207000, videoid=35351, srcmediaid=, mac=a8:a6:48:18:fc:a8, accessToken=72DF6038D2AEAB8A76DFBBBBCC428A4A_000063531964137, srcoriginal=1, APPPackage=com.hisense.hicloud.edca, mediaid=3535, sessionid=529ad33eb75c4637afdd809447393ab7, requesttime=1499262657849, customerId=7195320, model_id=0, requestid=b34bcbbb713747a1b26a5cb2f4fd82f4, tv_distribute_id=00, APIVersion=600, issysrepo=0}
07-05 21:50:57.849 D/DetailPlayActivity(10395): scrollCourseView,POS:0
07-05 21:50:57.849 D/DetailCourseSelectorView(10395): scrollRecylerView,POSITION:  0
07-05 21:50:57.849 D/DetailCourseSelectorView(10395): 11befor scroll,mindex is : 0
07-05 21:50:57.849 D/DetailCourseSelectorView(10395): sunliqin,setLastPlayViewIconGone,set last video flag is false
07-05 21:50:57.849 D/DetailCourseSelectorView(10395): sunliqin,setLastPlayViewIconGone,find view is null
07-05 21:50:57.850 I/DetailPlayActivity(10395): loadDataTime : 11499421   954
07-05 21:50:57.851 D/til@system( 2026): til_get_system_param option:1000007 int:-1936522368, bool:128, ret:0
07-05 21:50:57.851 D/til@system( 2026): til_get_system_param option:1000009 int:-1936525184, bool:128, ret:0
07-05 21:50:57.852 D/til@system( 2026): til_get_system_param option:1000008 int:-1815634176, bool:0, ret:0
07-05 21:50:57.852 D/HiSDKLogReport(10395): getOperationDetail-productName : LED50MU8600UC
07-05 21:50:57.852 D/HiSDKLogReport(10395): getOperationDetail-plmNumber : 88888
07-05 21:50:57.852 D/HiSDKLogReport(10395): getOperationDetail-swVersion : V0000.00.01A
07-05 21:50:57.852 D/HiSDKLogReport(10395): getOperationDetail-operationDetail : LED50MU8600UC0000888
07-05 21:50:57.853 D/HiSDKLogReport(10395): processLogReport-log : {eventType=110, appKey=1182445233, APPVersionName=3.0.0.9.00, devid=86100300900000500000060a4818fca8, mac=a8:a6:48:18:fc:a8, uuid=13287129, accessToken=72DF6038D2AEAB8A76DFBBBBCC428A4A_000063531964137, APIversion=501, logversion=2.0, devType=0, APPPackage=com.hisense.hicloud.edca, eventPos=003, requesttime=1499262657852, customerId=7195320, value2=, eventMessage=InitDataAfterConnection, value1=954, model_id=0, ChannelId=0, version=00.002.003, tv_distribute_id=00, subscriberId=13287129, APIVersion=600, PFAPPCode=652, softwareVersion=LED50MU8600UC0000888}
07-05 21:50:57.861 W/System.err(10395): java.net.ConnectException: failed to connect to /10.18.210.112 (port 8900) after 6000ms: isConnected failed: ECONNREFUSED (Connection refused)
07-05 21:50:57.862 W/System.err(10395): 	at libcore.io.IoBridge.isConnected(IoBridge.java:238)
07-05 21:50:57.862 W/System.err(10395): 	at libcore.io.IoBridge.connectErrno(IoBridge.java:171)
07-05 21:50:57.862 W/System.err(10395): 	at libcore.io.IoBridge.connect(IoBridge.java:122)
07-05 21:50:57.862 W/System.err(10395): 	at java.net.PlainSocketImpl.connect(PlainSocketImpl.java:183)
07-05 21:50:57.862 W/System.err(10395): 	at java.net.PlainSocketImpl.connect(PlainSocketImpl.java:456)
07-05 21:50:57.862 W/System.err(10395): 	at java.net.Socket.connect(Socket.java:882)
07-05 21:50:57.862 W/System.err(10395): 	at com.android.okhttp.internal.Platform.connectSocket(Platform.java:174)
07-05 21:50:57.862 W/System.err(10395): 	at com.android.okhttp.Connection.connect(Connection.java:152)
07-05 21:50:57.862 W/System.err(10395): 	at com.android.okhttp.internal.http.HttpEngine.connect(HttpEngine.java:276)
07-05 21:50:57.862 W/System.err(10395): 	at com.android.okhttp.internal.http.HttpEngine.sendRequest(HttpEngine.java:211)
07-05 21:50:57.862 W/System.err(10395): 	at com.android.okhttp.internal.http.HttpURLConnectionImpl.execute(HttpURLConnectionImpl.java:382)
07-05 21:50:57.862 W/System.err(10395): 	at com.android.okhttp.internal.http.HttpURLConnectionImpl.connect(HttpURLConnectionImpl.java:106)
07-05 21:50:57.862 W/System.err(10395): 	at com.hisense.hitv.hicloud.util.ExceptionReport.a(ExceptionReport.java:337)
07-05 21:50:57.862 W/System.err(10395): 	at com.hisense.hitv.hicloud.util.ExceptionReport.a(ExceptionReport.java:39)
07-05 21:50:57.862 W/System.err(10395): 	at com.hisense.hitv.hicloud.util.ExceptionReport$1.run(ExceptionReport.java:83)
07-05 21:50:57.862 W/System.err(10395): 	at java.lang.Thread.run(Thread.java:818)
07-05 21:50:57.862 W/System.err(10395): Caused by: android.system.ErrnoException: isConnected failed: ECONNREFUSED (Connection refused)
07-05 21:50:57.862 W/System.err(10395): 	at libcore.io.IoBridge.isConnected(IoBridge.java:223)
07-05 21:50:57.862 W/System.err(10395): 	... 15 more
07-05 21:50:57.865 I/BaseContentFragment(10395): activity onRestart
07-05 21:50:57.865 I/SoftFragmentList(10395): fetchCacheFragment  enter ---- index = 2
07-05 21:50:57.865 D/SoftFragmentList(10395): fetchCacheFragment  mFragmentCache.size() = 3
07-05 21:50:57.865 D/SoftFragmentList(10395): fetchCacheFragment mLastIndex = 2, view = 
07-05 21:50:57.865 I/BaseContentFragment(10395): onRestart 
07-05 21:50:57.866 D/Carousel-CarouselView(10395): onActivityStarted, getSimpleName = HomeMainActivity,hashCode=503952707
07-05 21:50:57.866 I/BaseContentFragment(10395): onStart 
07-05 21:50:57.869 I/MiSysSrv( 1214): [37m[INFO] Change to Voltage: 102 mv (0x23)[m
07-05 21:50:57.869 I/BaseContentFragment(10395): onStart UserCenterFragment
07-05 21:50:57.870 I/BaseContentFragment(10395): onStart 0-2
07-05 21:50:57.870 I/BaseContentFragment(10395): activity onStart
07-05 21:50:57.870 D/test    (10395): vidaaVersion=
07-05 21:50:57.871 D/Carousel-CarouselView(10395): onActivityResumed, getSimpleName = HomeMainActivity,hashCode=503952707
07-05 21:50:57.871 W/Activity(10395): changePanelKeyPadStateIfNecessary() : false
07-05 21:50:57.871 V/InputManager(10395): setPanelKeyPadConvertState() : false
07-05 21:50:57.872 I/BaseContentFragment(10395): activity onResume
07-05 21:50:57.872 I/CurrentCarouselView(10395): onCarouseControlCarouselControlBean{mShoudScroll=false, mActivityHasResume=true, mActivityHasStop=false, mHasTurnGone=false, mHasTurnVisible=false, mChannelId=-1, mSlideOffset=0.0, mShouldSelectCenter=false, mTabOpen=false, mHoriPosStatus=None, mVerPosStatus=None, mLevelStatus=None},isPlayingfalse,channelId=0
07-05 21:50:57.872 I/CurrentCarouselView(10395): isCanStartPlay,mIsInPagetrue,isOutHorizontal=false,isOutVer=true,isplaying=false
07-05 21:50:57.872 I/BaseContentFragment(10395): onResume 
07-05 21:50:57.873 I/BaseContentFragment(10395): onResume UserCenterFragment
07-05 21:50:57.873 I/BaseContentFragment(10395): onResume 0-2
07-05 21:50:57.875 D/HttpHandler(10395): VerifySignInterCeptor-->request.url()=http://picture.edu.hismarttv.com/images/
07-05 21:50:57.875 D/HttpHandler(10395): VerifySignInterCeptor-->hostname=picture.edu.hismarttv.com
07-05 21:50:57.878 D/OkHttp  (10395): --> GET http://picture.edu.hismarttv.com/images/ http/1.1
07-05 21:50:57.878 D/OkHttp  (10395): Host: picture.edu.hismarttv.com
07-05 21:50:57.878 D/OkHttp  (10395): Connection: Keep-Alive
07-05 21:50:57.878 D/OkHttp  (10395): Accept-Encoding: gzip
07-05 21:50:57.878 D/OkHttp  (10395): User-Agent: okhttp/3.6.0
07-05 21:50:57.878 D/OkHttp  (10395): --> END GET
07-05 21:50:57.937 I/TVMW@devctrl( 1234): wdt
07-05 21:50:57.976 D/OkHttp  (10395): <-- 403 Forbidden http://picture.edu.hismarttv.com/images/ (97ms)
07-05 21:50:57.976 D/OkHttp  (10395): Date: Wed, 05 Jul 2017 13:50:57 GMT
07-05 21:50:57.976 D/OkHttp  (10395): Server: nginx
07-05 21:50:57.976 D/OkHttp  (10395): Content-Type: text/html; charset=UTF-8
07-05 21:50:57.976 D/OkHttp  (10395): Content-Length: 162
07-05 21:50:57.976 D/OkHttp  (10395): Via: 1.1 shuozhou56:0 (Cdn Cache Server V2.0)[42 403 2], 1.1 echwt51:2 (Cdn Cache Server V2.0)[77 403 2]
07-05 21:50:57.976 D/OkHttp  (10395): Connection: close
07-05 21:50:57.976 D/OkHttp  (10395): <-- END HTTP
07-05 21:50:57.977 D/HttpHandler(10395): RetryIntercepter-->retryNum=0
07-05 21:50:57.977 D/HttpHandler(10395): RetryIntercepter-->backoffmutiplier=0
07-05 21:50:58.006 I/TVMW@HsTvSetting( 1234): Trace cmd, data = 0x1058
07-05 21:50:58.006 D/til@system( 2026): til_get_system_param option:100002F int:0, bool:0, ret:0
07-05 21:50:58.008 I/TVMW@HsTvSetting( 1234): Trace cmd, data = 0x101f
07-05 21:50:58.008 D/til@system( 2026): til_get_system_param option:100001D int:3, bool:3, ret:0
07-05 21:50:58.009 E/til     ( 2026): [til_get_current_input_source, 101] 
07-05 21:50:58.009 I/TVMW@HsTvSetting( 1234): Trace cmd, data = 0x7007
07-05 21:50:58.009 I/tilwrapper@sm( 2026): HS2TIL_SourceType *hs=0xd, *til=0x900
07-05 21:50:58.009 D/til     ( 2026): get current source 2304
07-05 21:50:58.009 D/SourceRemoteServiceHandler( 2026): getCurrentInputSource.from.til.result is 0, value is 2304
07-05 21:50:58.009 D/SourceRemoteServiceHandler( 2026): getInputSourceType source: 0x900, type=2304
07-05 21:50:58.009 D/til     ( 2026): ###### func:til_get_picture_param option:0x3000006 ######  
07-05 21:50:58.009 I/TVMW@HsTvSetting( 1234): Trace cmd, data = 0x1003
07-05 21:50:58.011 I/TVMW@HsTvSetting( 1234): Trace cmd, data = 0x8032
07-05 21:50:58.011 I/hstvos  ( 1216): [0m[1;33m[HSHAL][HS_VIDEO][HS_HAL_Video_SetOsdDetect_v2][2389]u16Threshold = 20
07-05 21:50:58.011 E/TVMW@videoctrl( 1234):  getOsd is 1
07-05 21:50:58.012 D/til@system( 2026): til_get_system_param option:1000027 int:1, bool:1, ret:0
07-05 21:50:58.012 D/til     ( 2026): ###### func:til_get_picture_param option:0x3000045 ######  
07-05 21:50:58.012 I/TVMW@HsTvSetting( 1234): Trace cmd, data = 0x300c
07-05 21:50:58.012 I/TVMW@HsTvSetting( 1234): Trace 3d, data = 0x300c
07-05 21:50:58.012 I/TVMW@3d ( 1234): Hs_debug3d_trace: func:get3dStatus, line:109
07-05 21:50:58.012 I/MiSysSrv( 1214): Not support now! 42, change to mm_video!!!
07-05 21:50:58.028 E/MessageService(15912): MSG_PULL +!MessageServiceApplication.mApp.ismUsingDB()true
07-05 21:50:58.072 D/Surface ( 1733): onStatusChange() : mNativeObject = 547942814208 mUseImageHwRender = false
07-05 21:50:58.072 V/Surface ( 1733): nativeSetHardwareRender() : status = 0
07-05 21:50:58.072 V/Surface ( 1733): nativeSetHardwareRender() : end
07-05 21:50:58.073 E/MessageService(15912): MSG_PULL ... getMsg null or error
07-05 21:50:58.074 D/PowerManagerService( 1733): setScreenBrightnessOverrideFromWindowManagerInternal done
07-05 21:50:58.075 E/MessageService(15912): MSG_PULL +!MessageServiceApplication.mApp.ismUsingDB()true
07-05 21:50:58.076 D/Surface ( 1733): onStatusChange() : mNativeObject = 0 mUseImageHwRender = false
07-05 21:50:58.080 I/        (10395): W = 90, H = 90
07-05 21:50:58.119 E/MessageService(15912): MSG_PULL ... getMsg null or error
07-05 21:50:58.120 E/MessageService(15912): MSG_PULL +!MessageServiceApplication.mApp.ismUsingDB()true
07-05 21:50:58.123 I/SurfaceView(10395): Changes: creating=false format=false size=false visible=true left=false top=false
07-05 21:50:58.123 I/SurfaceView(10395): Cur surface: Surface(name=null)/@0x6bb39d1
07-05 21:50:58.130 D/Surface ( 1733): onStatusChange() : mNativeObject = 547819101184 mUseImageHwRender = false
07-05 21:50:58.130 V/Surface ( 1733): nativeSetHardwareRender() : status = 0
07-05 21:50:58.130 V/Surface ( 1733): nativeSetHardwareRender() : end
07-05 21:50:58.133 D/PowerManagerService( 1733): setScreenBrightnessOverrideFromWindowManagerInternal done
07-05 21:50:58.134 D/Surface ( 1733): onStatusChange() : mNativeObject = 0 mUseImageHwRender = false
07-05 21:50:58.135 D/Surface (10395): onStatusChange() : mNativeObject = -539387136 mUseImageHwRender = false
07-05 21:50:58.135 V/Surface (10395): nativeSetHardwareRender() : status = 0
07-05 21:50:58.135 V/Surface (10395): nativeSetHardwareRender() : end
07-05 21:50:58.135 I/SurfaceView(10395): New surface: Surface(name=null)/@0x31fb7c36, vis=true, frame=Rect(418, 205 - 1234, 665)
07-05 21:50:58.135 D/Surface (10395): onStatusChange() : mNativeObject = 0 mUseImageHwRender = false
07-05 21:50:58.135 D/Surface (10395): onStatusChange() : mNativeObject = -539387136 mUseImageHwRender = false
07-05 21:50:58.135 V/Surface (10395): nativeSetHardwareRender() : status = 0
07-05 21:50:58.135 V/Surface (10395): nativeSetHardwareRender() : end
07-05 21:50:58.135 I/SurfaceView(10395): visibleChanged -- surfaceCreated
07-05 21:50:58.135 D/Carousel-UrlVideoView(10395): surfaceCreated
07-05 21:50:58.143 D/Carousel-UrlVideoView(10395): openVideo
07-05 21:50:58.143 V/MediaPlayer-JNI(10395): native_setup
07-05 21:50:58.144 V/AudioFlinger( 1206): acquiring 383 from 10395, for -1
07-05 21:50:58.144 V/AudioFlinger( 1206):  added new entry for 383
07-05 21:50:58.144 V/MediaPlayer-JNI(10395): set_session_id(): 381
07-05 21:50:58.144 V/AudioFlinger( 1206): acquiring 381 from 10395, for -1
07-05 21:50:58.144 V/AudioFlinger( 1206):  added new entry for 381
07-05 21:50:58.144 V/AudioFlinger( 1206): releasing 383 from 10395 for -1
07-05 21:50:58.144 V/AudioFlinger( 1206):  decremented refcount to 0
07-05 21:50:58.144 V/AudioFlinger( 1206): purging stale effects
07-05 21:50:58.144 D/Carousel-Utils(10395): origin url is : http://jhxvideo-ws.video-tx.com/rendition/201705/205989353451683841/205989353451684353/bb/243216185158536196/243216215223308548/r243216215223308548-3200k-1920x1080.mp4
07-05 21:50:58.144 D/Carousel-Utils(10395): time=1499262656
07-05 21:50:58.145 D/Carousel-UrlVideoView(10395): encryptUrlIfNecessary url=http://jhxvideo-ws.video-tx.com/rendition/201705/205989353451683841/205989353451684353/bb/243216185158536196/243216215223308548/r243216215223308548-3200k-1920x1080.mp4?wsSecret=12770a7683002a5f2866d69ce11126ad&wsTime=595ceec0
07-05 21:50:58.145 D/MediaPlayer(10395): Couldn't open file on client side, trying server side
07-05 21:50:58.145 V/MediaPlayer-JNI(10395): setDataSource: path http://jhxvideo-ws.video-tx.com/rendition/201705/205989353451683841/205989353451684353/bb/243216185158536196/243216215223308548/r243216215223308548-3200k-1920x1080.mp4?wsSecret=12770a7683002a5f2866d69ce11126ad&wsTime=595ceec0
07-05 21:50:58.146 V/NuPlayer( 1206): [NuPlayer-264]
07-05 21:50:58.146 I/NuPlayer( 1206): NuPlayerRMClientListener::NuPlayerRMClientListener
07-05 21:50:58.146 V/RMClient( 1206): #232:RMClient
07-05 21:50:58.146 V/NuPlayer( 1206): kWhatSetAudioSink
07-05 21:50:58.147 V/NuPlayer( 1206): kWhatSetDataSource
07-05 21:50:58.147 V/NuPlayer( 1206): kWhatSetVideoNativeWindow
07-05 21:50:58.147 W/ALooperRoster( 1206): failed to post message. Target handler 0 still registered, but object gone.
07-05 21:50:58.147 V/NuPlayer( 1206): performSetSurface
07-05 21:50:58.148 V/MediaPlayer-JNI(10395): setAudioStreamType: 3
07-05 21:50:58.148 E/MediaPlayer-JNI(10395): android_media_MediaPlayer_prepareAsync call getSubtitleSurface
07-05 21:50:58.148 E/MediaPlayer-JNI(10395): android_media_MediaPlayer_prepareAsync call setSubtitleSurfaceTexture
07-05 21:50:58.148 E/        (10395): setSubtitleSurfaceTexture
07-05 21:50:58.148 I/SurfaceView(10395): surfaceChanged -- format=4 w=1920 h=1080
07-05 21:50:58.148 D/Carousel-UrlVideoView(10395): surfaceChanged
07-05 21:50:58.149 D/Carousel-UrlVideoView(10395): isValidState:false,hasValidSize:true
07-05 21:50:58.149 D/Carousel-UrlVideoView(10395): mVideoWidth:1920,mVideoHeight:1080,w:1920,h:1080
07-05 21:50:58.150 V/SurfaceView(10395): Layout: x=418 y=205 w=816 h=460, frame=Rect(0, 0 - 816, 460)
07-05 21:50:58.150 D/MediaHTTPConnection(10395): connect: uri=http://jhxvideo-ws.video-tx.com/rendition/201705/205989353451683841/205989353451684353/bb/243216185158536196/243216215223308548/r243216215223308548-3200k-1920x1080.mp4?wsSecret=12770a7683002a5f2866d69ce11126ad&wsTime=595ceec0, headers=User-Agent: stagefright/1.2 (Linux;Android 5.1.1)
07-05 21:50:58.151 D/MediaHTTPConnection(10395): seekTo 0
07-05 21:50:58.154 D/MediaHTTPConnection(10395): hitting http://jhxvideo-ws.video-tx.com/rendition/201705/205989353451683841/205989353451684353/bb/243216185158536196/243216215223308548/r243216215223308548-3200k-1920x1080.mp4?wsSecret=12770a7683002a5f2866d69ce11126ad&wsTime=595ceec0
07-05 21:50:58.155 D/Surface ( 1733): onStatusChange() : mNativeObject = 547819122688 mUseImageHwRender = false
07-05 21:50:58.155 V/Surface ( 1733): nativeSetHardwareRender() : status = 0
07-05 21:50:58.155 V/Surface ( 1733): nativeSetHardwareRender() : end
07-05 21:50:58.155 D/OsdMonitorService( 1733): mCurrentWindow = com.hisense.hicloud.edca/com.hisense.hicloud.edca.mediaplayer.activity.DetailPlayActivity; newWindow = com.hisense.hicloud.edca/com.hisense.tvui.newhome.HomeMainActivity; isSubWindow = false; isInWinList = false; isExitNow = false
07-05 21:50:58.155 D/OsdMonitorService( 1733): windowNotOsd() : name = com.hisense.hicloud.edca/com.hisense.tvui.newhome.HomeMainActivity
07-05 21:50:58.155 I/OsdMonitorService( 1733): setOsdStatus() : status will change from true to true
07-05 21:50:58.157 D/PowerManagerService( 1733): setScreenBrightnessOverrideFromWindowManagerInternal done
07-05 21:50:58.160 D/Surface ( 1733): onStatusChange() : mNativeObject = 0 mUseImageHwRender = false
07-05 21:50:58.161 D/Surface (10395): onStatusChange() : mNativeObject = -539363840 mUseImageHwRender = false
07-05 21:50:58.161 V/Surface (10395): nativeSetHardwareRender() : status = 0
07-05 21:50:58.161 V/Surface (10395): nativeSetHardwareRender() : end
07-05 21:50:58.163 D/gralloc ( 1204): allocate buffer from ION HEAP 0x1
07-05 21:50:58.163 D/gralloc ( 1204): allocate memory from system heap
07-05 21:50:58.169 D/gralloc ( 1204): allocate buffer from ION HEAP 0x1
07-05 21:50:58.169 D/gralloc ( 1204): allocate memory from system heap
07-05 21:50:58.172 D/gralloc ( 1204): allocate buffer from ION HEAP 0x1
07-05 21:50:58.172 D/gralloc ( 1204): allocate memory from system heap
07-05 21:50:58.176 I/SurfaceView(10395): Changes: creating=false format=false size=false visible=false left=false top=false
07-05 21:50:58.176 I/SurfaceView(10395): Cur surface: Surface(name=null)/@0x6bb39d1
07-05 21:50:58.177 D/Surface ( 1733): onStatusChange() : mNativeObject = 547819101184 mUseImageHwRender = false
07-05 21:50:58.177 V/Surface ( 1733): nativeSetHardwareRender() : status = 0
07-05 21:50:58.177 V/Surface ( 1733): nativeSetHardwareRender() : end
07-05 21:50:58.177 D/OsdMonitorService( 1733): mCurrentWindow = com.hisense.hicloud.edca/com.hisense.tvui.newhome.HomeMainActivity; newWindow = com.hisense.hicloud.edca/com.hisense.tvui.newhome.HomeMainActivity; isSubWindow = false; isInWinList = false; isExitNow = false
07-05 21:50:58.177 D/OsdMonitorService( 1733): windowNotOsd() : name = com.hisense.hicloud.edca/com.hisense.tvui.newhome.HomeMainActivity
07-05 21:50:58.177 I/OsdMonitorService( 1733): setOsdStatus() : status will change from true to true
07-05 21:50:58.179 D/PowerManagerService( 1733): setScreenBrightnessOverrideFromWindowManagerInternal done
07-05 21:50:58.181 E/MessageService(15912): MSG_PULL ... getMsg null or error
07-05 21:50:58.183 D/Surface ( 1733): onStatusChange() : mNativeObject = 0 mUseImageHwRender = false
07-05 21:50:58.183 D/Surface (10395): onStatusChange() : mNativeObject = -539362048 mUseImageHwRender = false
07-05 21:50:58.183 V/Surface (10395): nativeSetHardwareRender() : status = 0
07-05 21:50:58.184 V/Surface (10395): nativeSetHardwareRender() : end
07-05 21:50:58.184 I/SurfaceView(10395): New surface: Surface(name=null)/@0x31fb7c36, vis=true, frame=Rect(418, 205 - 1234, 665)
07-05 21:50:58.184 D/Surface (10395): onStatusChange() : mNativeObject = 0 mUseImageHwRender = false
07-05 21:50:58.184 D/Surface (10395): onStatusChange() : mNativeObject = -539362048 mUseImageHwRender = false
07-05 21:50:58.184 V/Surface (10395): nativeSetHardwareRender() : status = 0
07-05 21:50:58.184 V/Surface (10395): nativeSetHardwareRender() : end
07-05 21:50:58.184 I/SurfaceView(10395): surfaceRedrawNeeded
07-05 21:50:58.184 I/SurfaceView(10395): finishedDrawing
07-05 21:50:58.186 D/PowerManagerService( 1733): setScreenBrightnessOverrideFromWindowManagerInternal done
07-05 21:50:58.187 V/SurfaceView(10395): Layout: x=418 y=205 w=816 h=460, frame=Rect(0, 0 - 816, 460)
07-05 21:50:58.188 D/HiNetworkImpl(10395): doHttp_Asyn(): onReqResponse isSuccessful = true, back from thread: main
07-05 21:50:58.188 I/HiNetworkImpl(10395): doHttp_Asyn(): onSuccess clazz = class com.hisense.sdk.domain.DetailCollectionStatus, back from thread: main
07-05 21:50:58.189 D/DetailPlayActivity(10395): getDetailCollectionStatus,onSuccess
07-05 21:50:58.199 D/DetailVideoPlayerContainer(10395): receive,CONNECTIVITY_ACTION,mDetailListener:com.hisense.hicloud.edca.mediaplayer.activity.DetailPlayActivity@f43e319
07-05 21:50:58.199 D/DetailVideoPlayerContainer(10395): receive,CONNECTIVITY_ACTION,mDetailListener.isActivityResume():false
07-05 21:50:58.199 D/DetailCourseSelectorView(10395): sunliqin,setPlayIcon,set last video flag is true
07-05 21:50:58.199 D/DetailCourseSelectorView(10395): sunliqin,setPlayIcon,findposition view is not null
07-05 21:50:58.199 D/DetailCourseSelectorView(10395): GGGGGGGGGGGGGGGGGGGGGGGGGG,mPosition: 0
07-05 21:50:58.199 D/DetailCourseSelectorView(10395): sunliqin,no focus, set course play icon is selected
07-05 21:50:58.199 D/DetailCourseSelectorView(10395): 22after scroll,mindex is : 0
07-05 21:50:58.201 V/InputMethodService( 2203): startInput(): editor=android.view.inputmethod.EditorInfo@350006af
07-05 21:50:58.201 V/InputMethodService( 2203): CALL: onFinishInput
07-05 21:50:58.201 D/DetailVideoPlayerContainer(10395): receive,CONNECTIVITY_ACTION,mDetailListener:com.hisense.hicloud.edca.mediaplayer.activity.DetailPlayActivity@f43e319
07-05 21:50:58.201 D/DetailVideoPlayerContainer(10395): receive,CONNECTIVITY_ACTION,mDetailListener.isActivityResume():false
07-05 21:50:58.201 D/DetailCourseSelectorView(10395): sunliqin,setPlayIcon,set last video flag is true
07-05 21:50:58.201 D/DetailCourseSelectorView(10395): sunliqin,setPlayIcon,findposition view is not null
07-05 21:50:58.201 D/DetailCourseSelectorView(10395): GGGGGGGGGGGGGGGGGGGGGGGGGG,mPosition: 0
07-05 21:50:58.201 D/DetailCourseSelectorView(10395): sunliqin,no focus, set course play icon is selected
07-05 21:50:58.202 D/DetailCourseSelectorView(10395): 22after scroll,mindex is : 0
07-05 21:50:58.202 D/DetailCourseSelectorView(10395): sunliqin,setPlayIcon,set last video flag is true
07-05 21:50:58.202 D/DetailCourseSelectorView(10395): sunliqin,setPlayIcon,findposition view is not null
07-05 21:50:58.202 D/DetailCourseSelectorView(10395): GGGGGGGGGGGGGGGGGGGGGGGGGG,mPosition: 0
07-05 21:50:58.202 E/SOGOUIME_JNI( 2203): reset
07-05 21:50:58.202 E/SOGOUIME_JNI( 2203): getCandidates
07-05 21:50:58.202 E/SOGOUIME_JNI( 2203): ime_get_uncommitted_length
07-05 21:50:58.203 E/SOGOUIME_JNI( 2203): getCandidates
07-05 21:50:58.203 D/SogouIME API( 2203): ==============num:32
07-05 21:50:58.203 E/SOGOUIME_JNI( 2203): ime_get_uncommitted_length
07-05 21:50:58.203 D/SogouIME( 2203): mFocusedComponent:30   isHkbEnable:false
07-05 21:50:58.204 E/SOGOUIME_JNI( 2203): ime_get_uncommitted_length
07-05 21:50:58.204 E/SOGOUIME_JNI( 2203): ime_get_committed_length
07-05 21:50:58.204 E/SOGOUIME_JNI( 2203): getComposingInfo
07-05 21:50:58.204 E/SOGOUIME_JNI( 2203): getComposingInfo
07-05 21:50:58.204 E/SOGOUIME_JNI( 2203): getCorrectInfo
07-05 21:50:58.204 E/SOGOUIME_JNI( 2203): getComposingInfo
07-05 21:50:58.204 D/DetailCourseSelectorView(10395): sunliqin,no focus, set course play icon is selected
07-05 21:50:58.204 D/DetailCourseSelectorView(10395): 22after scroll,mindex is : 0
07-05 21:50:58.205 V/InputMethodService( 2203): CALL: onStartInput
07-05 21:50:58.205 E/SOGOUIME_JNI( 2203): invalidateCommitWordPinyinNative
07-05 21:50:58.205 D/SogouIME( 2203): =====configKeyboard=======:false     false
07-05 21:50:58.205 E/SOGOUIME_JNI( 2203): ime_set_hard_kb_enable
07-05 21:50:58.214 V/InputMethodService( 2203): startInput(): editor=android.view.inputmethod.EditorInfo@2d665abc
07-05 21:50:58.214 V/InputMethodService( 2203): CALL: onFinishInput
07-05 21:50:58.215 E/SOGOUIME_JNI( 2203): reset
07-05 21:50:58.215 E/SOGOUIME_JNI( 2203): getCandidates
07-05 21:50:58.216 E/SOGOUIME_JNI( 2203): ime_get_uncommitted_length
07-05 21:50:58.216 E/SOGOUIME_JNI( 2203): getCandidates
07-05 21:50:58.216 D/SogouIME API( 2203): ==============num:32
07-05 21:50:58.216 E/SOGOUIME_JNI( 2203): ime_get_uncommitted_length
07-05 21:50:58.216 D/SogouIME( 2203): mFocusedComponent:30   isHkbEnable:false
07-05 21:50:58.216 E/SOGOUIME_JNI( 2203): ime_get_uncommitted_length
07-05 21:50:58.216 E/SOGOUIME_JNI( 2203): ime_get_committed_length
07-05 21:50:58.216 E/SOGOUIME_JNI( 2203): getComposingInfo
07-05 21:50:58.216 E/SOGOUIME_JNI( 2203): getComposingInfo
07-05 21:50:58.216 E/SOGOUIME_JNI( 2203): getCorrectInfo
07-05 21:50:58.216 E/SOGOUIME_JNI( 2203): getComposingInfo
07-05 21:50:58.216 V/InputMethodService( 2203): CALL: onStartInput
07-05 21:50:58.217 E/SOGOUIME_JNI( 2203): invalidateCommitWordPinyinNative
07-05 21:50:58.217 D/SogouIME( 2203): =====configKeyboard=======:false     false
07-05 21:50:58.217 E/SOGOUIME_JNI( 2203): ime_set_hard_kb_enable
07-05 21:50:58.217 I/SurfaceView(10395): Changes: creating=false format=false size=false visible=false left=false top=false
07-05 21:50:58.217 I/SurfaceView(10395): Cur surface: Surface(name=null)/@0x6bb39d1
07-05 21:50:58.218 D/Surface ( 1733): onStatusChange() : mNativeObject = 547819101184 mUseImageHwRender = false
07-05 21:50:58.218 V/Surface ( 1733): nativeSetHardwareRender() : status = 0
07-05 21:50:58.218 V/Surface ( 1733): nativeSetHardwareRender() : end
07-05 21:50:58.218 D/OsdMonitorService( 1733): mCurrentWindow = com.hisense.hicloud.edca/com.hisense.tvui.newhome.HomeMainActivity; newWindow = com.hisense.hicloud.edca/com.hisense.tvui.newhome.HomeMainActivity; isSubWindow = false; isInWinList = false; isExitNow = false
07-05 21:50:58.218 D/OsdMonitorService( 1733): windowNotOsd() : name = com.hisense.hicloud.edca/com.hisense.tvui.newhome.HomeMainActivity
07-05 21:50:58.218 I/OsdMonitorService( 1733): setOsdStatus() : status will change from true to true
07-05 21:50:58.220 D/PowerManagerService( 1733): setScreenBrightnessOverrideFromWindowManagerInternal done
07-05 21:50:58.223 D/Surface ( 1733): onStatusChange() : mNativeObject = 0 mUseImageHwRender = false
07-05 21:50:58.224 D/Surface (10395): onStatusChange() : mNativeObject = -539387136 mUseImageHwRender = false
07-05 21:50:58.224 V/Surface (10395): nativeSetHardwareRender() : status = 0
07-05 21:50:58.224 V/Surface (10395): nativeSetHardwareRender() : end
07-05 21:50:58.224 I/SurfaceView(10395): New surface: Surface(name=null)/@0x31fb7c36, vis=true, frame=Rect(418, 205 - 1234, 665)
07-05 21:50:58.224 D/Surface (10395): onStatusChange() : mNativeObject = 0 mUseImageHwRender = false
07-05 21:50:58.225 D/Surface (10395): onStatusChange() : mNativeObject = -539387136 mUseImageHwRender = false
07-05 21:50:58.225 V/Surface (10395): nativeSetHardwareRender() : status = 0
07-05 21:50:58.225 V/Surface (10395): nativeSetHardwareRender() : end
07-05 21:50:58.225 I/SurfaceView(10395): surfaceRedrawNeeded
07-05 21:50:58.225 I/SurfaceView(10395): finishedDrawing
07-05 21:50:58.227 V/SurfaceView(10395): Layout: x=418 y=205 w=816 h=460, frame=Rect(0, 0 - 816, 460)
07-05 21:50:58.247 I/MyFragmentStateAdapter(10395): getCount
07-05 21:50:58.262 D/OsdMonitorService( 1733): mCurrentWindow = com.hisense.hicloud.edca/com.hisense.tvui.newhome.HomeMainActivity; newWindow = com.hisense.hicloud.edca/com.hisense.tvui.newhome.HomeMainActivity; isSubWindow = false; isInWinList = false; isExitNow = false
07-05 21:50:58.262 D/OsdMonitorService( 1733): windowNotOsd() : name = com.hisense.hicloud.edca/com.hisense.tvui.newhome.HomeMainActivity
07-05 21:50:58.262 I/OsdMonitorService( 1733): setOsdStatus() : status will change from true to true
07-05 21:50:58.263 D/PowerManagerService( 1733): setScreenBrightnessOverrideFromWindowManagerInternal done
07-05 21:50:58.265 D/PowerManagerService( 1733): setScreenBrightnessOverrideFromWindowManagerInternal done
07-05 21:50:58.269 D/PowerManagerService( 1733): setScreenBrightnessOverrideFromWindowManagerInternal done
07-05 21:50:58.289 W/QueryController(10361): AccessibilityNodeInfo returned a null child (0 of 3)
07-05 21:50:58.289 W/QueryController(10361): parent = android.view.accessibility.AccessibilityNodeInfo@8006731e; boundsInParent: Rect(0, 0 - 464, 294); boundsInScreen: Rect(50, 981 - 514, 1080); packageName: com.hisense.hicloud.edca; className: android.widget.FrameLayout; text: null; error: null; maxTextLength: -1; contentDescription: null; viewIdResName: null; checkable: false; checked: false; focusable: true; focused: false; selected: false; clickable: true; longClickable: false; enabled: true; password: false; scrollable: false; actions: [AccessibilityAction: ACTION_FOCUS - null, AccessibilityAction: ACTION_SELECT - null, AccessibilityAction: ACTION_CLEAR_SELECTION - null, AccessibilityAction: ACTION_CLICK - null, AccessibilityAction: ACTION_ACCESSIBILITY_FOCUS - null]
07-05 21:50:58.290 D/hwcomposer( 1204): lastHWWindowInfo is dirty
07-05 21:50:58.293 W/QueryController(10361): AccessibilityNodeInfo returned a null child (1 of 3)
07-05 21:50:58.294 W/QueryController(10361): AccessibilityNodeInfo returned a null child (2 of 3)
07-05 21:50:58.295 W/QueryController(10361): AccessibilityNodeInfo returned a null child (1 of 10)
07-05 21:50:58.295 W/QueryController(10361): parent = android.view.accessibility.AccessibilityNodeInfo@80065516; boundsInParent: Rect(0, 0 - 1920, 612); boundsInScreen: Rect(0, 981 - 1920, 1080); packageName: com.hisense.hicloud.edca; className: android.support.v7.widget.RecyclerView; text: null; error: null; maxTextLength: -1; contentDescription: null; viewIdResName: com.hisense.hicloud.edca:id/relative_recyler_view; checkable: false; checked: false; focusable: true; focused: false; selected: false; clickable: false; longClickable: false; enabled: true; password: false; scrollable: true; actions: [AccessibilityAction: ACTION_FOCUS - null, AccessibilityAction: ACTION_SELECT - null, AccessibilityAction: ACTION_CLEAR_SELECTION - null, AccessibilityAction: ACTION_ACCESSIBILITY_FOCUS - null, AccessibilityAction: ACTION_SCROLL_FORWARD - null]
07-05 21:50:58.296 W/QueryController(10361): AccessibilityNodeInfo returned a null child (2 of 10)
07-05 21:50:58.296 W/QueryController(10361): AccessibilityNodeInfo returned a null child (3 of 10)
07-05 21:50:58.297 W/QueryController(10361): AccessibilityNodeInfo returned a null child (4 of 10)
07-05 21:50:58.297 W/QueryController(10361): AccessibilityNodeInfo returned a null child (5 of 10)
07-05 21:50:58.297 W/QueryController(10361): AccessibilityNodeInfo returned a null child (6 of 10)
07-05 21:50:58.298 W/QueryController(10361): AccessibilityNodeInfo returned a null child (7 of 10)
07-05 21:50:58.298 W/QueryController(10361): AccessibilityNodeInfo returned a null child (8 of 10)
07-05 21:50:58.300 W/QueryController(10361): AccessibilityNodeInfo returned a null child (9 of 10)
07-05 21:50:58.330 I/MyFragmentStateAdapter(10395): getCount
07-05 21:50:58.364 D/OsdMonitorService( 1733): mCurrentWindow = com.hisense.hicloud.edca/com.hisense.tvui.newhome.HomeMainActivity; newWindow = com.hisense.hicloud.edca/com.hisense.tvui.newhome.HomeMainActivity; isSubWindow = false; isInWinList = false; isExitNow = false
07-05 21:50:58.364 D/OsdMonitorService( 1733): windowNotOsd() : name = com.hisense.hicloud.edca/com.hisense.tvui.newhome.HomeMainActivity
07-05 21:50:58.364 I/OsdMonitorService( 1733): setOsdStatus() : status will change from true to true
07-05 21:50:58.366 D/PowerManagerService( 1733): setScreenBrightnessOverrideFromWindowManagerInternal done
07-05 21:50:58.367 D/Surface (10395): onStatusChange() : mNativeObject = 0 mUseImageHwRender = false
07-05 21:50:58.368 D/DetailVideoPlayerContainer(10395): initPlayer===info is not null=======
07-05 21:50:58.372 I/CommonUtils(10395):  object to json {"21":"http://jhxvideo-ws.video-tx.com/renditionf/201608/212213056611024897/212213056611025409/9b/219104966755748100/219104978030035716/r219104978030035716-2000k-1280x720.mp4"}
