07-05 21:36:51.187 D/Carousel-CarouselDisplayPlayerLayout( 2571): changed=false, hashCode=627795840
07-05 21:36:51.187 D/Carousel-CarouselDisplayPlayerLayout( 2571): extraTryCount=7
07-05 21:36:51.188 D/Carousel-CarouselDisplayPlayerLayout( 2571): x=380, y=-185,w=892,h=536, hashCode=627795840
07-05 21:36:51.188 D/Carousel-CarouselDisplayPlayerLayout( 2571): mX=380, mY=-185,mWitdh=892,mHeight=536, hashCode=627795840
07-05 21:36:51.188 D/Carousel-CarouselDisplayPlayerLayout( 2571): changed=false, hashCode=627795840
07-05 21:36:51.188 D/Carousel-CarouselDisplayPlayerLayout( 2571): extraTryCount=8
07-05 21:36:51.201 D/Carousel-CarouselDisplayPlayerLayout( 2571): x=380, y=-185,w=892,h=536, hashCode=627795840
07-05 21:36:51.201 D/Carousel-CarouselDisplayPlayerLayout( 2571): mX=380, mY=-185,mWitdh=892,mHeight=536, hashCode=627795840
07-05 21:36:51.201 D/Carousel-CarouselDisplayPlayerLayout( 2571): changed=false, hashCode=627795840
07-05 21:36:51.201 D/Carousel-CarouselDisplayPlayerLayout( 2571): extraTryCount=9
07-05 21:36:51.203 D/Carousel-CarouselDisplayPlayerLayout( 2571): x=380, y=-185,w=892,h=536, hashCode=627795840
07-05 21:36:51.203 D/Carousel-CarouselDisplayPlayerLayout( 2571): mX=380, mY=-185,mWitdh=892,mHeight=536, hashCode=627795840
07-05 21:36:51.203 D/Carousel-CarouselDisplayPlayerLayout( 2571): changed=false, hashCode=627795840
07-05 21:36:51.203 D/Carousel-CarouselDisplayPlayerLayout( 2571): isFullScreen:false
07-05 21:36:51.203 D/Carousel-CarouselView( 2571): ===========>mDisplayPlayerLayout.getVisibility()=8
07-05 21:36:51.204 D/Carousel-CarouselView( 2571): OnScrollEnd Visibility is gone return.
07-05 21:36:51.237 D/OkHttp  ( 2571): <-- 200 OK http://picture.edu.hismarttv.com/images/20170629/%E6%B3%A1%E6%B3%A1%E8%8B%B1%E8%AF%AD.jpg (100ms)
07-05 21:36:51.237 D/OkHttp  ( 2571): Date: Mon, 03 Jul 2017 08:55:20 GMT
07-05 21:36:51.237 D/OkHttp  ( 2571): Server: nginx
07-05 21:36:51.237 D/OkHttp  ( 2571): Content-Type: image/jpeg
07-05 21:36:51.237 D/OkHttp  ( 2571): Content-Length: 121122
07-05 21:36:51.237 D/OkHttp  ( 2571): Last-Modified: Fri, 09 Jun 2017 14:51:42 GMT
07-05 21:36:51.237 D/OkHttp  ( 2571): ETag: "593ab5fe-1d922"
07-05 21:36:51.237 D/OkHttp  ( 2571): Accept-Ranges: bytes
07-05 21:36:51.237 D/OkHttp  ( 2571): Age: 189690
07-05 21:36:51.238 D/OkHttp  ( 2571): Via: 1.1 pingwangtong47:0 (Cdn Cache Server V2.0)[24 200 0], 1.1 dzhwt36:1 (Cdn Cache Server V2.0)[17 200 0]
07-05 21:36:51.238 D/OkHttp  ( 2571): Connection: keep-alive
07-05 21:36:51.238 D/OkHttp  ( 2571): <-- END HTTP
07-05 21:36:51.240 D/HttpHandler( 2571): DNSHelper-->gslbDns=["123.128.14.209","153.35.175.121","220.202.77.124","153.35.175.120","125.46.22.134","218.58.206.58","220.202.77.116"]
07-05 21:36:51.241 I/MyFragmentStateAdapter( 2571): getCount
07-05 21:36:51.252 D/HttpHandler( 2571): RetryIntercepter-->retryNum=0
07-05 21:36:51.252 D/HttpHandler( 2571): RetryIntercepter-->backoffmutiplier=0
07-05 21:36:51.271 I/MiSysSrv( 1214): [37m[INFO] Change to Voltage: 117 mv (0x32)[m
07-05 21:36:51.272 I/TVMW@HsTvSetting( 1234): Trace cmd, data = 0x1058
07-05 21:36:51.272 D/til@system( 2026): til_get_system_param option:100002F int:0, bool:0, ret:0
07-05 21:36:51.272 I/TVMW@HsTvSetting( 1234): Trace cmd, data = 0x101f
07-05 21:36:51.272 D/til@system( 2026): til_get_system_param option:100001D int:3, bool:3, ret:0
07-05 21:36:51.273 E/til     ( 2026): [til_get_current_input_source, 101] 
07-05 21:36:51.273 I/TVMW@HsTvSetting( 1234): Trace cmd, data = 0x7007
07-05 21:36:51.273 I/tilwrapper@sm( 2026): HS2TIL_SourceType *hs=0xd, *til=0x900
07-05 21:36:51.273 D/til     ( 2026): get current source 2304
07-05 21:36:51.273 D/SourceRemoteServiceHandler( 2026): getCurrentInputSource.from.til.result is 0, value is 2304
07-05 21:36:51.273 D/SourceRemoteServiceHandler( 2026): getInputSourceType source: 0x900, type=2304
07-05 21:36:51.274 D/til     ( 2026): ###### func:til_get_picture_param option:0x3000006 ######  
07-05 21:36:51.274 I/TVMW@HsTvSetting( 1234): Trace cmd, data = 0x1003
07-05 21:36:51.274 I/TVMW@HsTvSetting( 1234): Trace cmd, data = 0x8032
07-05 21:36:51.275 I/hstvos  ( 1216): [0m[1;33m[HSHAL][HS_VIDEO][HS_HAL_Video_SetOsdDetect_v2][2389]u16Threshold = 20
07-05 21:36:51.277 E/TVMW@videoctrl( 1234):  getOsd is 1
07-05 21:36:51.277 D/til@system( 2026): til_get_system_param option:1000027 int:1, bool:1, ret:0
07-05 21:36:51.277 D/til     ( 2026): ###### func:til_get_picture_param option:0x3000045 ######  
07-05 21:36:51.278 I/TVMW@HsTvSetting( 1234): Trace cmd, data = 0x300c
07-05 21:36:51.278 I/TVMW@HsTvSetting( 1234): Trace 3d, data = 0x300c
07-05 21:36:51.278 I/TVMW@3d ( 1234): Hs_debug3d_trace: func:get3dStatus, line:109
07-05 21:36:51.312 D/OkHttp  ( 2571): --> GET http://picture.edu.hismarttv.com/images/20170629/%E5%A4%9A%E7%91%9E%E5%84%BF%E6%AD%8C.jpg http/1.1
07-05 21:36:51.313 D/OkHttp  ( 2571): Host: picture.edu.hismarttv.com
07-05 21:36:51.314 D/OkHttp  ( 2571): Connection: Keep-Alive
07-05 21:36:51.315 D/OkHttp  ( 2571): Accept-Encoding: gzip
07-05 21:36:51.315 D/OkHttp  ( 2571): User-Agent: okhttp/3.6.0
07-05 21:36:51.315 D/OkHttp  ( 2571): --> END GET
07-05 21:36:51.324 I/HLSP2P  (16224): ## 2017-07-05 21:36:51.320 [16224,16378,:0] INFO ## [HLSP2P][TaskManager.cpp:838][INFO][UpdateGlobalInfo]totalDataSize: 0, totalMemorySize: 0, totalCacheSize: 0, PlayTaskAllFinish: 0
07-05 21:36:51.327 I/HLSP2P  (16224): ## 2017-07-05 21:36:51.326 [16224,16378,:0] INFO ## [HLSP2P][TaskManager.cpp:1348][INFO][TryAdjustMemorySize]system memory total size: 1912M, free size: 342MB, cache add to 100MB, AppState: 14, IsLowMemory: 0
07-05 21:36:51.333 E/btif_config( 2964): [btif_config_get] node is TRUE!
07-05 21:36:51.333 E/btif_config( 2964): [btif_config_get] ret is TRUE!
07-05 21:36:51.337 I/MyFragmentStateAdapter( 2571): getCount
07-05 21:36:51.352 D/PowerManagerService( 1733): acquireWakeLockInternal: lock=113832109, flags=0x1, tag="NetworkStats", ws=null, uid=1000, pid=1733
07-05 21:36:51.352 D/PowerManagerNotifier( 1733): onWakeLockAcquired: flags=1, tag="NetworkStats", packageName=android, ownerUid=1000, ownerPid=1733, workSource=null
07-05 21:36:51.352 D/NtpTrustedTime( 1733): currentTimeMillis() cache hit
07-05 21:36:51.361 D/NtpTrustedTime( 1733): currentTimeMillis() cache hit
07-05 21:36:51.362 D/PowerManagerService( 1733): releaseWakeLockInternal: lock=113832109 [NetworkStats], flags=0x0
07-05 21:36:51.362 D/PowerManagerNotifier( 1733): onWakeLockReleased: flags=1, tag="NetworkStats", packageName=android, ownerUid=1000, ownerPid=1733, workSource=null
07-05 21:36:51.362 D/NtpTrustedTime( 1733): currentTimeMillis() cache hit
07-05 21:36:51.362 D/NtpTrustedTime( 1733): currentTimeMillis() cache hit
07-05 21:36:51.366 D/HttpHandler( 2571): VerifySignInterCeptor-->request.url()=http://picture.edu.hismarttv.com/images/20170629/%E5%AE%A2%E5%8E%85%E7%87%83%E8%84%82%E5%A5%B3%E7%8E%8B20170207081137502012.jpg
07-05 21:36:51.366 D/HttpHandler( 2571): VerifySignInterCeptor-->hostname=picture.edu.hismarttv.com
07-05 21:36:51.367 D/OkHttp  ( 2571): --> GET http://picture.edu.hismarttv.com/images/20170629/%E5%AE%A2%E5%8E%85%E7%87%83%E8%84%82%E5%A5%B3%E7%8E%8B20170207081137502012.jpg http/1.1
07-05 21:36:51.367 D/OkHttp  ( 2571): Host: picture.edu.hismarttv.com
07-05 21:36:51.367 D/OkHttp  ( 2571): Connection: Keep-Alive
07-05 21:36:51.367 D/OkHttp  ( 2571): Accept-Encoding: gzip
07-05 21:36:51.367 D/OkHttp  ( 2571): User-Agent: okhttp/3.6.0
07-05 21:36:51.367 D/OkHttp  ( 2571): --> END GET
07-05 21:36:51.370 D/OkHttp  ( 2571): <-- 200 OK http://picture.edu.hismarttv.com/images/20170629/%E5%A4%9A%E7%91%9E%E5%84%BF%E6%AD%8C.jpg (54ms)
07-05 21:36:51.370 D/OkHttp  ( 2571): Date: Tue, 04 Jul 2017 01:17:06 GMT
07-05 21:36:51.370 D/OkHttp  ( 2571): Server: nginx
07-05 21:36:51.370 D/OkHttp  ( 2571): Content-Type: image/jpeg
07-05 21:36:51.370 D/OkHttp  ( 2571): Content-Length: 197050
07-05 21:36:51.370 D/OkHttp  ( 2571): Last-Modified: Fri, 09 Jun 2017 14:50:58 GMT
07-05 21:36:51.370 D/OkHttp  ( 2571): ETag: "593ab5d2-301ba"
07-05 21:36:51.370 D/OkHttp  ( 2571): Accept-Ranges: bytes
07-05 21:36:51.370 D/OkHttp  ( 2571): Age: 130785
07-05 21:36:51.370 D/OkHttp  ( 2571): Via: 1.1 wangt170:7 (Cdn Cache Server V2.0)[0 200 0], 1.1 t94:0 (Cdn Cache Server V2.0)[8 200 0]
07-05 21:36:51.370 D/OkHttp  ( 2571): Connection: keep-alive
07-05 21:36:51.370 D/OkHttp  ( 2571): <-- END HTTP
07-05 21:36:51.381 D/HttpHandler( 2571): RetryIntercepter-->retryNum=0
07-05 21:36:51.382 D/HttpHandler( 2571): RetryIntercepter-->backoffmutiplier=0
07-05 21:36:51.390 I/MyFragmentStateAdapter( 2571): getCount
07-05 21:36:51.396 D/OkHttp  ( 2571): <-- 200 OK http://picture.edu.hismarttv.com/images/20170629/%E5%AE%A2%E5%8E%85%E7%87%83%E8%84%82%E5%A5%B3%E7%8E%8B20170207081137502012.jpg (28ms)
07-05 21:36:51.396 D/OkHttp  ( 2571): Date: Mon, 03 Jul 2017 09:54:51 GMT
07-05 21:36:51.396 D/OkHttp  ( 2571): Server: nginx
07-05 21:36:51.396 D/OkHttp  ( 2571): Content-Type: image/jpeg
07-05 21:36:51.396 D/OkHttp  ( 2571): Content-Length: 107115
07-05 21:36:51.396 D/OkHttp  ( 2571): Last-Modified: Fri, 09 Jun 2017 14:40:58 GMT
07-05 21:36:51.396 D/OkHttp  ( 2571): ETag: "593ab37a-1a26b"
07-05 21:36:51.396 D/OkHttp  ( 2571): Accept-Ranges: bytes
07-05 21:36:51.396 D/OkHttp  ( 2571): Age: 186120
07-05 21:36:51.396 D/OkHttp  ( 2571): Via: 1.1 shzh52:3 (Cdn Cache Server V2.0)[146 200 0], 1.1 chwt82:8 (Cdn Cache Server V2.0)[0 200 0]
07-05 21:36:51.396 D/OkHttp  ( 2571): Connection: keep-alive
07-05 21:36:51.396 D/OkHttp  ( 2571): <-- END HTTP
07-05 21:36:51.410 I/MyFragmentStateAdapter( 2571): getCount
07-05 21:36:51.410 I/MyFragmentStateAdapter( 2571): getCount
07-05 21:36:51.410 D/HttpHandler( 2571): RetryIntercepter-->retryNum=0
07-05 21:36:51.410 D/HttpHandler( 2571): RetryIntercepter-->backoffmutiplier=0
07-05 21:36:51.410 I/MyFragmentStateAdapter( 2571): getCount
07-05 21:36:51.410 I/MyFragmentStateAdapter( 2571): getCount
07-05 21:36:51.415 I/MyFragmentStateAdapter( 2571): getCount
07-05 21:36:51.421 D/Carousel-CarouselVideoViewImpl( 2571): stopPlay.
07-05 21:36:51.423 V/MediaPlayer-JNI( 2571): isPlaying: 1
07-05 21:36:51.423 D/Carousel-UrlVideoView( 2571): isInPlaybackState=true
07-05 21:36:51.423 D/Carousel-UrlVideoView( 2571): mCurrentState=3
07-05 21:36:51.423 V/MediaPlayer-JNI( 2571): getCurrentPosition: 5723 (msec)
07-05 21:36:51.423 D/Carousel-CarouselVideoViewImpl( 2571): position=5723
07-05 21:36:51.423 V/MediaPlayer-JNI( 2571): stop
07-05 21:36:51.423 D/NuPlayerDriver( 1206): stop(0xd78430a0)   mState:5
07-05 21:36:51.424 V/MediaPlayer-JNI( 2571): release
07-05 21:36:51.424 D/NuPlayerDriver( 1206): reset(0xd78430a0)  mState:8
07-05 21:36:51.424 V/NuPlayer( 1206): NuPlayer::resetAsync ---- Enter ...
07-05 21:36:51.424 D/MediaHTTPConnection( 2571): teardownConnection
07-05 21:36:51.425 W/MediaHTTPConnection( 2571): readAt 20054016 / 32768 => -1004, java.io.IOException: closed
07-05 21:36:51.425 D/MediaHTTPConnection( 2571): hitting IOException http://jhxvideo-ws.video-tx.com/rendition/201705/205989353451683841/205989353451684353/bb/243216185158536196/243216215223308548/r243216215223308548-3200k-1920x1080.mp4?wsSecret=e041d08f85444186be7453ba032c49dd&wsTime=595ceb68
07-05 21:36:51.425 I/FFMPEG  ( 1206): [mov,mp4,m4a,3gp,3g2,mj2 @ 0xd7b0d400] stream 0, offset 0x12f9866: partial file
07-05 21:36:51.425 W/FFmpegExtractor( 1206): rv_read_frame ret: [-1094995529]
07-05 21:36:51.425 W/MediaHTTP( 1206): hitting MediaHTTP readAt n < 0 numBytesRead= 0
07-05 21:36:51.425 I/NuCachedSource2( 1206): caching reached eos.
07-05 21:36:51.427 W/MediaHTTPConnection( 2571): teardownConnection catch java.lang.ArrayIndexOutOfBoundsException
07-05 21:36:51.429 V/NuPlayer( 1206): kWhatReset  mCanReset:1
07-05 21:36:51.429 V/NuPlayer( 1206): performDecoderFlush audio=2, video=2
07-05 21:36:51.429 V/NuPlayer( 1206): [audio] flushDecoder needShutdown=1
07-05 21:36:51.429 V/NuPlayer( 1206): [video] flushDecoder needShutdown=1
07-05 21:36:51.429 V/NuPlayer( 1206): postponing action mFlushingAudio=2, mFlushingVideo=2
07-05 21:36:51.431 V/NuPlayer( 1206): renderer audio flush completed.
07-05 21:36:51.432 V/NuPlayer( 1206): renderer video flush completed.
07-05 21:36:51.432 V/NuPlayer( 1206): decoder audio flush completed
07-05 21:36:51.433 V/NuPlayer( 1206): initiating audio decoder shutdown
07-05 21:36:51.433 D/NuPlayer( 1206): rrrr audio decoder executing, canreset set true
07-05 21:36:51.438 D/MediaCodec( 1206): MediaCodec::~MediaCodec ---- Enter  mState:0
07-05 21:36:51.438 V/NuPlayer( 1206): audio shutdown completed
07-05 21:36:51.451 D/HttpHandler( 2571): VerifySignInterCeptor-->request.url()=http://picture.edu.hismarttv.com/images/20170630060711088714.jpg
07-05 21:36:51.451 D/HttpHandler( 2571): VerifySignInterCeptor-->hostname=picture.edu.hismarttv.com
07-05 21:36:51.452 D/OkHttp  ( 2571): --> GET http://picture.edu.hismarttv.com/images/20170630060711088714.jpg http/1.1
07-05 21:36:51.452 D/OkHttp  ( 2571): Host: picture.edu.hismarttv.com
07-05 21:36:51.452 D/OkHttp  ( 2571): Connection: Keep-Alive
07-05 21:36:51.452 D/OkHttp  ( 2571): Accept-Encoding: gzip
07-05 21:36:51.452 D/OkHttp  ( 2571): User-Agent: okhttp/3.6.0
07-05 21:36:51.452 D/OkHttp  ( 2571): --> END GET
07-05 21:36:51.458 I/MS_OMX_BASEPORT( 1206): [OMX.MS.AVC.Decoder]MS_OMX_FlushPort: 0
07-05 21:36:51.458 D/MSTAR_VDEC_API( 1206): [0] Flush: Begin (0)
07-05 21:36:51.468 D/MSTAR_VDEC_API( 1206): [0] Flush: OK
07-05 21:36:51.468 I/MS_OMX_BASEPORT( 1206): [OMX.MS.AVC.Decoder]MS_OMX_FlushPort: 1
07-05 21:36:51.478 E/audio_hw_primary( 1206): out_get_latency ret 10ms
07-05 21:36:51.479 D/OkHttp  ( 2571): <-- 200 OK http://picture.edu.hismarttv.com/images/20170630060711088714.jpg (26ms)
07-05 21:36:51.479 D/OkHttp  ( 2571): Date: Mon, 03 Jul 2017 06:47:00 GMT
07-05 21:36:51.479 D/OkHttp  ( 2571): Server: nginx
07-05 21:36:51.479 D/OkHttp  ( 2571): Content-Type: image/jpeg
07-05 21:36:51.479 D/OkHttp  ( 2571): Content-Length: 150566
07-05 21:36:51.479 D/OkHttp  ( 2571): Last-Modified: Fri, 30 Jun 2017 06:07:11 GMT
07-05 21:36:51.479 D/OkHttp  ( 2571): ETag: "5955ea8f-24c26"
07-05 21:36:51.479 D/OkHttp  ( 2571): Accept-Ranges: bytes
07-05 21:36:51.479 D/OkHttp  ( 2571): Age: 197391
07-05 21:36:51.479 D/OkHttp  ( 2571): Via: 1.1 jn239:0 (Cdn Cache Server V2.0)[45 200 0], 1.1 dezhou35:0 (Cdn Cache Server V2.0)[12 200 0]
07-05 21:36:51.479 D/OkHttp  ( 2571): Connection: keep-alive
07-05 21:36:51.479 D/OkHttp  ( 2571): <-- END HTTP
07-05 21:36:51.481 D/HttpHandler( 2571): RetryIntercepter-->retryNum=0
07-05 21:36:51.481 D/HttpHandler( 2571): RetryIntercepter-->backoffmutiplier=0
07-05 21:36:51.489 E/audio_hw_primary( 1206): out_get_latency ret 10ms
07-05 21:36:51.489 E/audio_hw_primary( 1206): out_get_latency ret 10ms
07-05 21:36:51.490 D/PowerManagerService( 1733): updateWakeLockWorkSourceInternal: lock=263874244 [AudioMix], ws=null
07-05 21:36:51.490 D/PowerManagerNotifier( 1733): onWakeLockReleased: flags=1, tag="AudioMix", packageName=media, ownerUid=1013, ownerPid=0, workSource=WorkSource{10010}
07-05 21:36:51.490 D/PowerManagerNotifier( 1733): onWakeLockAcquired: flags=1, tag="AudioMix", packageName=media, ownerUid=1013, ownerPid=0, workSource=null
07-05 21:36:51.498 V/NuPlayer( 1206): decoder video flush completed
07-05 21:36:51.498 V/NuPlayer( 1206): initiating video decoder shutdown
07-05 21:36:51.499 I/MS_OMX_BASEPORT( 1206): [OMX.MS.AVC.Decoder]MS_OMX_FlushPort: 0
07-05 21:36:51.499 D/MSTAR_VDEC_API( 1206): [0] Flush: Begin (0)
07-05 21:36:51.500 D/MSTAR_VDEC_API( 1206): [0] Flush: OK
07-05 21:36:51.500 I/MS_OMX_BASEPORT( 1206): [OMX.MS.AVC.Decoder]MS_OMX_FlushPort: 1
07-05 21:36:51.500 V/AudioPolicyManager( 1206): stopOutput() output 2, stream 3, session 339
07-05 21:36:51.500 V/AudioPolicyManager( 1206): setBeaconMute(1) mBeaconMuteRefCount=0 mBeaconPlayingRefCount=0
07-05 21:36:51.500 V/AudioPolicyManager( 1206): changeRefCount() stream 3, count 0
07-05 21:36:51.500 V/AudioPolicyManager( 1206): getNewOutputDevice() selected device 0
07-05 21:36:51.500 V/AudioPolicyManager( 1206): setOutputDevice() output 2 device 0000 delayMs 20
07-05 21:36:51.500 V/AudioPolicyManager( 1206): setOutputDevice() prevDevice 0002
07-05 21:36:51.500 I/MS_OMX_VDEC( 1206): [OMX.MS.AVC.Decoder]MS_OMX_OutputBufferProcess: in pause state , waiting for resume...
07-05 21:36:51.500 I/MS_OMX_VDEC( 1206): [OMX.MS.AVC.Decoder]MS_OMX_OutputBufferProcess: ...resumed
07-05 21:36:51.500 V/AudioPolicyManager( 1206): DeviceVector::getDevice() for type 00008000 address 0 found 0x0
07-05 21:36:51.500 D/MS_OMX_VDEC( 1206): Free pBuffer[0]: 0xbb803000
07-05 21:36:51.500 V/AudioPolicyManager( 1206): DeviceVector::getDevice() for type 00008000 address 0 found 0x0
07-05 21:36:51.500 V/AudioPolicyManager( 1206): DeviceVector::getDevice() for type 00008000 address 0 found 0x0
07-05 21:36:51.500 V/AudioPolicyManager( 1206): DeviceVector::getDevice() for type 00008000 address 0 found 0x0
07-05 21:36:51.500 V/AudioPolicyManager( 1206): DeviceVector::getDevice() for type 00008000 address 0 found 0x0
07-05 21:36:51.500 V/AudioPolicyManager( 1206): DeviceVector::getDevice() for type 00008000 address 0 found 0x0
07-05 21:36:51.500 V/AudioPolicyManager( 1206): DeviceVector::getDevice() for type 00008000 address 0 found 0x0
07-05 21:36:51.500 V/AudioPolicyManager( 1206): setOutputDevice() setting same device 0000 or null device for output 2
07-05 21:36:51.500 V/AudioPolicyManager( 1206): DeviceVector::getDevice() for type 00008000 address 0 found 0x0
07-05 21:36:51.500 V/AudioPolicyManager( 1206): DeviceVector::getDevice() for type 00008000 address 0 found 0x0
07-05 21:36:51.500 V/AudioPolicyManager( 1206): DeviceVector::getDevice() for type 00008000 address 0 found 0x0
07-05 21:36:51.500 V/AudioPolicyManager( 1206): DeviceVector::getDevice() for type 00008000 address 0 found 0x0
07-05 21:36:51.500 V/AudioPolicyManager( 1206): DeviceVector::getDevice() for type 00008000 address 0 found 0x0
07-05 21:36:51.500 V/AudioPolicyManager( 1206): DeviceVector::getDevice() for type 00008000 address 0 found 0x0
07-05 21:36:51.500 V/AudioPolicyManager( 1206): DeviceVector::getDevice() for type 00008000 address 0 found 0x0
07-05 21:36:51.500 V/AudioPolicyManager( 1206): DeviceVector::getDevice() for type 00008000 address 0 found 0x0
07-05 21:36:51.500 D/MS_OMX_VDEC( 1206): Free pBuffer[0]: 0xf1818000
07-05 21:36:51.501 D/MSTAR_VDEC_API( 1206): [0] Flush: Begin (0)
07-05 21:36:51.501 D/MS_OMX_VDEC( 1206): Free pBuffer[0]: 0xd7403000
07-05 21:36:51.501 D/MS_OMX_VDEC( 1206): Free pBuffer[0]: 0xb9c03000
07-05 21:36:51.501 D/MS_OMX_VDEC( 1206): Free pBuffer[0]: 0xba8fc000
07-05 21:36:51.502 D/MSTAR_VDEC_API( 1206): [0] Flush: OK
07-05 21:36:51.506 D/HttpHandler( 2571): VerifySignInterCeptor-->request.url()=http://picture.edu.hismarttv.com/images/20170629/20161111081033896636.jpg
07-05 21:36:51.506 D/HttpHandler( 2571): VerifySignInterCeptor-->hostname=picture.edu.hismarttv.com
07-05 21:36:51.506 D/OkHttp  ( 2571): --> GET http://picture.edu.hismarttv.com/images/20170629/20161111081033896636.jpg http/1.1
07-05 21:36:51.506 D/OkHttp  ( 2571): Host: picture.edu.hismarttv.com
07-05 21:36:51.506 D/OkHttp  ( 2571): Connection: Keep-Alive
07-05 21:36:51.507 D/OkHttp  ( 2571): Accept-Encoding: gzip
07-05 21:36:51.507 D/OkHttp  ( 2571): User-Agent: okhttp/3.6.0
07-05 21:36:51.508 D/OkHttp  ( 2571): --> END GET
07-05 21:36:51.509 D/gralloc ( 1204): allocate buffer from ION HEAP 0x1
07-05 21:36:51.510 D/gralloc ( 1204): allocate memory from system heap
07-05 21:36:51.514 D/HttpHandler( 2571): VerifySignInterCeptor-->request.url()=http://picture.edu.hismarttv.com/images/20170630035014817721.jpg
07-05 21:36:51.514 D/HttpHandler( 2571): VerifySignInterCeptor-->hostname=picture.edu.hismarttv.com
07-05 21:36:51.515 D/gralloc ( 1204): allocate buffer from ION HEAP 0x1
07-05 21:36:51.515 D/gralloc ( 1204): allocate memory from system heap
07-05 21:36:51.515 E/btif_config( 2964): [btif_config_get] node is TRUE!
07-05 21:36:51.515 E/btif_config( 2964): [btif_config_get] ret is TRUE!
07-05 21:36:51.522 D/OkHttp  ( 2571): --> GET http://picture.edu.hismarttv.com/images/20170630035014817721.jpg http/1.1
07-05 21:36:51.522 D/OkHttp  ( 2571): Host: picture.edu.hismarttv.com
07-05 21:36:51.522 D/OkHttp  ( 2571): Connection: Keep-Alive
07-05 21:36:51.522 D/OkHttp  ( 2571): Accept-Encoding: gzip
07-05 21:36:51.522 D/OkHttp  ( 2571): User-Agent: okhttp/3.6.0
07-05 21:36:51.522 D/OkHttp  ( 2571): --> END GET
07-05 21:36:51.531 D/HttpHandler( 2571): VerifySignInterCeptor-->request.url()=http://picture.edu.hismarttv.com/images/
07-05 21:36:51.531 D/HttpHandler( 2571): VerifySignInterCeptor-->hostname=picture.edu.hismarttv.com
07-05 21:36:51.532 D/OkHttp  ( 2571): --> GET http://picture.edu.hismarttv.com/images/ http/1.1
07-05 21:36:51.532 D/OkHttp  ( 2571): Host: picture.edu.hismarttv.com
07-05 21:36:51.532 D/OkHttp  ( 2571): Connection: Keep-Alive
07-05 21:36:51.532 D/OkHttp  ( 2571): Accept-Encoding: gzip
07-05 21:36:51.532 D/OkHttp  ( 2571): User-Agent: okhttp/3.6.0
07-05 21:36:51.532 D/OkHttp  ( 2571): --> END GET
07-05 21:36:51.532 D/hwcomposer( 1204): Overlay[0], bInUsed = 0, bIsForceClose = 0
07-05 21:36:51.532 D/vsyncbridge( 1204): [0] handle_thread thread got msg 0x1, mState = 3
07-05 21:36:51.532 D/vsyncbridge( 1204): Overlay 0 state change from 3 to 0
07-05 21:36:51.532 D/vsyncbridge( 1204): Remove Overlay 0
07-05 21:36:51.533 I/SurfaceFlinger( 1204): the layer SurfaceView is used to close xc and zorder is smallerest! clear region
07-05 21:36:51.542 I/MiSysSrv( 1214): [leon.luo]EnableVideoMute = 1,enColor = 5
07-05 21:36:51.543 D/OkHttp  ( 2571): <-- 200 OK http://picture.edu.hismarttv.com/images/20170630035014817721.jpg (20ms)
07-05 21:36:51.543 D/OkHttp  ( 2571): Date: Tue, 04 Jul 2017 01:17:04 GMT
07-05 21:36:51.543 D/OkHttp  ( 2571): Server: nginx
07-05 21:36:51.543 D/OkHttp  ( 2571): Content-Type: image/jpeg
07-05 21:36:51.543 D/OkHttp  ( 2571): Content-Length: 108221
07-05 21:36:51.543 D/OkHttp  ( 2571): Last-Modified: Fri, 30 Jun 2017 03:50:14 GMT
07-05 21:36:51.543 D/OkHttp  ( 2571): ETag: "5955ca76-1a6bd"
07-05 21:36:51.543 D/OkHttp  ( 2571): Accept-Ranges: bytes
07-05 21:36:51.543 D/OkHttp  ( 2571): Age: 130787
07-05 21:36:51.543 D/OkHttp  ( 2571): Via: 1.1 hewangtong169:9 (Cdn Cache Server V2.0)[0 200 0], 1.1 angtong95:6 (Cdn Cache Server V2.0)[0 200 0]
07-05 21:36:51.543 D/OkHttp  ( 2571): Connection: keep-alive
07-05 21:36:51.543 D/OkHttp  ( 2571): <-- END HTTP
07-05 21:36:51.545 D/HttpHandler( 2571): RetryIntercepter-->retryNum=0
07-05 21:36:51.545 D/HttpHandler( 2571): RetryIntercepter-->backoffmutiplier=0
07-05 21:36:51.547 D/        ( 1206): [VDEC][0]MApi_CMA_Pool_PutMem0 in vdec: cmaFreeParam.pool_handle_id=13, cmaFreeParam.offset_in_pool=1000000, cmaFreeParam.length=8200000
07-05 21:36:51.547 I/MSTAR_VDEC_API( 1206): stored streamId: 0:4040
07-05 21:36:51.547 I/MSTAR_VDEC_API( 1206): remove StreamId: 0x4040
07-05 21:36:51.548 D/MSTAR_VDEC_API( 1206): [0] MsVdecClose OK
07-05 21:36:51.550 D/OkHttp  ( 2571): <-- 200 OK http://picture.edu.hismarttv.com/images/20170629/20161111081033896636.jpg (41ms)
07-05 21:36:51.550 D/OkHttp  ( 2571): Date: Mon, 03 Jul 2017 09:56:30 GMT
07-05 21:36:51.550 D/OkHttp  ( 2571): Server: nginx
07-05 21:36:51.550 D/OkHttp  ( 2571): Content-Type: image/jpeg
07-05 21:36:51.550 D/OkHttp  ( 2571): Content-Length: 94994
07-05 21:36:51.550 D/OkHttp  ( 2571): Last-Modified: Fri, 09 Jun 2017 14:48:34 GMT
07-05 21:36:51.550 D/OkHttp  ( 2571): ETag: "593ab542-17312"
07-05 21:36:51.550 D/OkHttp  ( 2571): Accept-Ranges: bytes
07-05 21:36:51.550 D/OkHttp  ( 2571): Age: 186021
07-05 21:36:51.550 D/OkHttp  ( 2571): Via: 1.1 shzh54:2 (Cdn Cache Server V2.0)[19 200 0], 1.1 changwangtong80:9 (Cdn Cache Server V2.0)[16 200 0]
07-05 21:36:51.550 D/OkHttp  ( 2571): Connection: keep-alive
07-05 21:36:51.550 D/OkHttp  ( 2571): <-- END HTTP
07-05 21:36:51.551 D/MediaCodec( 1206): MediaCodec::~MediaCodec ---- Enter  mState:0
07-05 21:36:51.551 V/NuPlayer( 1206): video shutdown completed
07-05 21:36:51.552 V/NuPlayer( 1206): both audio and video are flushed now.
07-05 21:36:51.552 V/NuPlayer( 1206): performReset start pthread_id:d783cd80
07-05 21:36:51.552 D/HttpHandler( 2571): RetryIntercepter-->retryNum=0
07-05 21:36:51.552 D/HttpHandler( 2571): RetryIntercepter-->backoffmutiplier=0
07-05 21:36:51.552 V/RMClient( 1206): #203:RMClient::returnAllResourcesAsync
07-05 21:36:51.552 V/RMClient( 1206): #203:onMessageReceived cret
07-05 21:36:51.552 V/RMClient( 1206): #203:kWhatCmdReturnAllResources
07-05 21:36:51.553 V/RMAllocator( 1198): Deallocating resources for #203
07-05 21:36:51.553 V/RMClient( 1206): #203:Done
07-05 21:36:51.553 V/RMAllocator( 1198): ~ClientInfo
07-05 21:36:51.553 I/RMAllocator( 1198): ~ClientInfo this=2382671744,mRMClient=2382853312. id=203
07-05 21:36:51.553 W/RMAllocator( 1198): returnAllResourcesFor: not registered, nothing to do
07-05 21:36:51.553 V/RMClient( 1206): #203:handleEvent lret
07-05 21:36:51.553 V/RMClient( 1206): #203:onMessageReceived lret
07-05 21:36:51.553 V/RMClient( 1206): #203:kWhatAllResourcesReturned
07-05 21:36:51.553 I/NuPlayer( 1206): NuPlayerRMClientListener::handleAllResourcesReturned
07-05 21:36:51.553 V/NuPlayer( 1206): [handleAllResourcesReturned-3223]
07-05 21:36:51.553 I/GenericSource( 1206): stop
07-05 21:36:51.554 V/RMClient( 1206): #203:Done
07-05 21:36:51.556 I/FFmpegExtractor( 1206): reader thread goto end...
07-05 21:36:51.556 I/FFmpegExtractor( 1206): stream_component_close ---- streamIndex: 0
07-05 21:36:51.557 D/hwcomposer( 1204): lastVideoPlanes is dirty
07-05 21:36:51.558 I/SurfaceFlinger( 1204): the layer SurfaceView is used to close xc and zorder is smallerest! clear region
07-05 21:36:51.575 I/MiSysSrv( 1214): Not support now! 42, change to mm_video!!!
07-05 21:36:51.576 I/MiSysSrv( 1214): [XC,SetWindow][MApi_XC_SetDynamicScaling_U2,  342] It's dynamic scaling case(0,0,0)
07-05 21:36:51.576 I/MiSysSrv( 1214): [XC,SetWindow][MHAL_SC_Set_DynamicScaling,  522] [MHAL_SC_Set_DynamicScaling,  522] [DS] u8MIU_Select:0  
07-05 21:36:51.576 I/MiSysSrv( 1214): [XC,SetWindow][MHAL_SC_Set_DynamicScaling,  523] [MHAL_SC_Set_DynamicScaling,  523] [DS] bOP_On:0  bIPS_On:0 bIPM_On:0  
07-05 21:36:51.583 I/FFmpegExtractor( 1206): stream_component_close ---- streamIndex: 1
07-05 21:36:51.590 I/MiSysSrv( 1214): [XC,SetWindow][MHAL_SC_Set_DynamicScaling,  557] [MHAL_SC_Set_DynamicScaling,  557] [DS] u32DynamicScalingBaseAddr:0  u8DynamicScalingIndexDepth:0 u32DynamicScalingBufSize:0   
07-05 21:36:51.593 I/FFmpegExtractor( 1206): stream_component_close ---- streamIndex: -1
07-05 21:36:51.594 I/FFMPEG  ( 1206): [AVIOContext @ 0xb8bfe520] Statistics: 19896297 bytes read, 0 seeks
07-05 21:36:51.598 D/FFmpegExtractor( 1206): Reader thread stopped
07-05 21:36:51.599 D/FFmpegExtractor( 1206): Reader thread have been stopped
07-05 21:36:51.610 D/NuPlayerDriver( 1206): notifyResetComplete(0xd78430a0) mState:7
07-05 21:36:51.610 V/NuPlayer( 1206): performReset end pthread_id:d783cd80
07-05 21:36:51.610 V/NuPlayer( 1206): +++Reset end,not response msg
07-05 21:36:51.623 I/TVMW@devctrl( 1234): wdt
07-05 21:36:51.636 I/MiSysSrv( 1214): Obtain XC engine fail
07-05 21:36:51.636 D/vsyncbridge( 1204): void Wrapper_disconnect(int) @ line: 776: Enter Stop ds.
07-05 21:36:51.636 D/vsyncbridge( 1204): [0] is to deinit
07-05 21:36:51.637 I/MiSysSrv( 1214): [mapi_video_base@Line 1385] Finalize:1385 Video Finalize : Win[0], Source[34]
07-05 21:36:51.637 I/MiSysSrv( 1214): [XC,LPLL][MDrv_XC_SetFreeRunTiming, 4950] SetFreeRunTiming: Disable FPLL and Clear FSM to Idle state
07-05 21:36:51.637 I/MiSysSrv( 1214): [XC,LPLL][MDrv_SC_set_fpll,  976] MDrv_SC_set_fpll(0,0)
07-05 21:36:51.637 I/MiSysSrv( 1214): [XC,LPLL][MDrv_SC_set_fpll,  977] u32OrigLPLL = 1745d1
07-05 21:36:51.637 I/MiSysSrv( 1214): [XC,LPLL][MDrv_SC_set_fpll, 1002] u32OrigLPLL = 1745d1, L_BK_LPLL(0x0F) = 1745d1
07-05 21:36:51.637 I/MiSysSrv( 1214): [XC,LPLL][_MApi_XC_FPLL_EnableLcokFreqOnly, 3150] [_MApi_XC_FPLL_EnableLcokFreqOnly][3150]feature is 0
07-05 21:36:51.638 D/HttpHandler( 2571): VerifySignInterCeptor-->request.url()=http://picture.edu.hismarttv.com/images/20170630060938851994.jpg
07-05 21:36:51.638 D/HttpHandler( 2571): VerifySignInterCeptor-->hostname=picture.edu.hismarttv.com
07-05 21:36:51.640 D/OkHttp  ( 2571): --> GET http://picture.edu.hismarttv.com/images/20170630060938851994.jpg http/1.1
07-05 21:36:51.640 D/OkHttp  ( 2571): Host: picture.edu.hismarttv.com
07-05 21:36:51.640 D/OkHttp  ( 2571): Connection: Keep-Alive
07-05 21:36:51.640 D/OkHttp  ( 2571): Accept-Encoding: gzip
07-05 21:36:51.640 D/OkHttp  ( 2571): User-Agent: okhttp/3.6.0
07-05 21:36:51.640 D/OkHttp  ( 2571): --> END GET
07-05 21:36:51.646 D/HttpHandler( 2571): VerifySignInterCeptor-->request.url()=http://picture.edu.hismarttv.com/images/20170628233246121281.jpg
07-05 21:36:51.647 D/HttpHandler( 2571): VerifySignInterCeptor-->hostname=picture.edu.hismarttv.com
07-05 21:36:51.647 D/OkHttp  ( 2571): --> GET http://picture.edu.hismarttv.com/images/20170628233246121281.jpg http/1.1
07-05 21:36:51.647 D/OkHttp  ( 2571): Host: picture.edu.hismarttv.com
07-05 21:36:51.647 D/OkHttp  ( 2571): Connection: Keep-Alive
07-05 21:36:51.647 D/OkHttp  ( 2571): Accept-Encoding: gzip
07-05 21:36:51.647 D/OkHttp  ( 2571): User-Agent: okhttp/3.6.0
07-05 21:36:51.647 D/OkHttp  ( 2571): --> END GET
07-05 21:36:51.657 I/MiSysSrv( 1214): Unknow Input Type 
07-05 21:36:51.659 D/vsyncbridge( 1204): hVdecHandle[enWin] = 21961506
07-05 21:36:51.660 I/MiVideoService( 1465): impl handle 0x86001b22 closed!
07-05 21:36:51.660 D/vsyncbridge( 1204): all deinit!!!
07-05 21:36:51.661 E/MiDispoutService( 1465): MiDispoutClose, 352, RES Handle = 7471104 
07-05 21:36:51.665 D/OkHttp  ( 2571): <-- 200 OK http://picture.edu.hismarttv.com/images/20170630060938851994.jpg (24ms)
07-05 21:36:51.665 D/OkHttp  ( 2571): Date: Mon, 03 Jul 2017 11:39:31 GMT
07-05 21:36:51.665 D/OkHttp  ( 2571): Server: nginx
07-05 21:36:51.665 D/OkHttp  ( 2571): Content-Type: image/jpeg
07-05 21:36:51.665 D/OkHttp  ( 2571): Content-Length: 84036
07-05 21:36:51.665 D/OkHttp  ( 2571): Last-Modified: Fri, 30 Jun 2017 06:09:38 GMT
07-05 21:36:51.665 D/OkHttp  ( 2571): ETag: "5955eb22-14844"
07-05 21:36:51.665 D/OkHttp  ( 2571): Accept-Ranges: bytes
07-05 21:36:51.665 D/OkHttp  ( 2571): Age: 179840
07-05 21:36:51.665 D/OkHttp  ( 2571): Via: 1.1 pingwangtong50:6 (Cdn Cache Server V2.0)[49 200 0], 1.1 changwangtong84:8 (Cdn Cache Server V2.0)[0 200 0]
07-05 21:36:51.665 D/OkHttp  ( 2571): Connection: keep-alive
07-05 21:36:51.665 D/OkHttp  ( 2571): <-- END HTTP
07-05 21:36:51.669 D/OkHttp  ( 2571): <-- 200 OK http://picture.edu.hismarttv.com/images/20170628233246121281.jpg (21ms)
07-05 21:36:51.669 D/OkHttp  ( 2571): Date: Mon, 03 Jul 2017 06:47:00 GMT
07-05 21:36:51.669 D/OkHttp  ( 2571): Server: nginx
07-05 21:36:51.669 D/OkHttp  ( 2571): Content-Type: image/jpeg
07-05 21:36:51.669 D/OkHttp  ( 2571): Content-Length: 50603
07-05 21:36:51.669 D/OkHttp  ( 2571): Last-Modified: Wed, 28 Jun 2017 23:32:46 GMT
07-05 21:36:51.669 D/OkHttp  ( 2571): ETag: "59543c9e-c5ab"
07-05 21:36:51.669 D/OkHttp  ( 2571): Accept-Ranges: bytes
07-05 21:36:51.669 D/OkHttp  ( 2571): Age: 197391
07-05 21:36:51.669 D/OkHttp  ( 2571): Via: 1.1 zhiwtong176:0 (Cdn Cache Server V2.0)[71 200 0], 1.1 dezhou35:2 (Cdn Cache Server V2.0)[6 200 0]
07-05 21:36:51.669 D/OkHttp  ( 2571): Connection: keep-alive
07-05 21:36:51.669 D/OkHttp  ( 2571): <-- END HTTP
07-05 21:36:51.670 I/MiSysSrv( 1214): [37m[INFO] Change to Voltage: 117 mv (0x32)[m
07-05 21:36:51.671 D/OkHttp  ( 2571): <-- 403 Forbidden http://picture.edu.hismarttv.com/images/ (138ms)
07-05 21:36:51.671 D/OkHttp  ( 2571): Date: Wed, 05 Jul 2017 13:36:51 GMT
07-05 21:36:51.671 D/OkHttp  ( 2571): Server: nginx
07-05 21:36:51.671 D/OkHttp  ( 2571): Content-Type: text/html; charset=UTF-8
07-05 21:36:51.671 D/OkHttp  ( 2571): Content-Length: 162
07-05 21:36:51.671 D/OkHttp  ( 2571): Via: 1.1 shuozhou56:0 (Cdn Cache Server V2.0)[43 403 2], 1.1 t94:4 (Cdn Cache Server V2.0)[114 403 2]
07-05 21:36:51.671 D/OkHttp  ( 2571): Connection: close
07-05 21:36:51.671 D/OkHttp  ( 2571): <-- END HTTP
07-05 21:36:51.671 D/HttpHandler( 2571): RetryIntercepter-->retryNum=0
07-05 21:36:51.671 D/HttpHandler( 2571): RetryIntercepter-->backoffmutiplier=0
07-05 21:36:51.671 D/HttpHandler( 2571): RetryIntercepter-->retryNum=0
07-05 21:36:51.671 D/HttpHandler( 2571): RetryIntercepter-->backoffmutiplier=0
07-05 21:36:51.672 D/HttpHandler( 2571): RetryIntercepter-->retryNum=0
07-05 21:36:51.672 D/HttpHandler( 2571): RetryIntercepter-->backoffmutiplier=0
07-05 21:36:51.677 V/RMClient( 1204): #112:RMClient::returnAllResourcesAsync
07-05 21:36:51.677 V/RMClient( 1204): #112:onMessageReceived cret
07-05 21:36:51.677 V/RMClient( 1204): #112:kWhatCmdReturnAllResources
07-05 21:36:51.677 V/RMAllocator( 1198): Deallocating resources for #112
07-05 21:36:51.677 V/RMClient( 1204): #112:Done
07-05 21:36:51.677 V/RMAllocator( 1198): ~ClientInfo
07-05 21:36:51.677 I/RMAllocator( 1198): ~ClientInfo this=2382671648,mRMClient=2378240192. id=112
07-05 21:36:51.677 W/RMAllocator( 1198): returnAllResourcesFor: not registered, nothing to do
07-05 21:36:51.678 V/RMClient( 1204): #112:handleEvent lret
07-05 21:36:51.678 V/RMClient( 1204): #112:onMessageReceived lret
07-05 21:36:51.678 V/RMClient( 1204): #112:kWhatAllResourcesReturned
07-05 21:36:51.678 D/vsyncbridge( 1204): handleAllResourcesReturned mOverlayID=0
07-05 21:36:51.678 V/RMClient( 1204): #112:Done
07-05 21:36:51.691 I/NetflixMonitorService( 1733): current fgapk : com.hisense.hicloud.edca
07-05 21:36:51.691 I/NetflixMonitorService( 1733): Netflix status unchanged
07-05 21:36:51.700 E/btif_config( 2964): [btif_config_get] node is TRUE!
07-05 21:36:51.700 E/btif_config( 2964): [btif_config_get] ret is TRUE!
07-05 21:36:51.710 E/BufferQueueProducer( 1204): [SurfaceView] disconnect(P): connected to another API (cur=0 req=3)
07-05 21:36:51.710 W/MediaPlayerService( 1206): native_window_api_disconnect returned an error: Invalid argument (-22)
07-05 21:36:51.710 V/NuPlayer( 1206): NuPlayer::~NuPlayer ---- Enter ...
07-05 21:36:51.710 V/RMClient( 1206): #203:~RMClient
07-05 21:36:51.710 V/RMClient( 1206): #203:RMClient::returnAllResourcesAsync
07-05 21:36:51.710 I/NuPlayer( 1206): NuPlayerRMClientListener::~NuPlayerRMClientListener
07-05 21:36:51.710 V/RMClientListener( 1206): ~RMClientListener
07-05 21:36:51.711 V/AudioFlinger( 1206): releasing 339 from 2571 for -1
07-05 21:36:51.711 V/AudioFlinger( 1206):  decremented refcount to 1
07-05 21:36:51.712 V/AudioFlinger( 1206): removeClient_l() pid 1206, calling pid 1206
07-05 21:36:51.712 D/Carousel-log_video-( 2571): onStopPlay!
07-05 21:36:51.712 V/AudioPolicyManager( 1206): releaseOutput() 2
07-05 21:36:51.712 D/Carousel-log_video-( 2571): submitPlayStopLog mLogPlayState:2
07-05 21:36:51.712 D/Carousel-log_video-( 2571): reportCarouselPlayLog play stop.
07-05 21:36:51.712 D/Carousel-log_video-( 2571): ==Play stoped log from bufferend:stop,normal,duration:9364
07-05 21:36:51.712 V/AudioFlinger( 1206): releasing 339 from 1206 for 2571
07-05 21:36:51.712 V/AudioFlinger( 1206):  decremented refcount to 0
07-05 21:36:51.712 V/AudioFlinger( 1206): purging stale effects
07-05 21:36:51.712 D/Carousel-log_( 2571): ===(Main-Video-278002)-{srccolumnid=3, eventType=278, srcgroupid=10001, appversionname=2.0.0.6, srctabid=0, duration=9364, license=hisense, eventcode=278002, deviceid=86100300900000500000060a4818fca8, mediaid=351, eventPos=002, sessionid=ebd67b7fc17d478986af59c70caf2724, srcpackagename=com.hisense.hicloud.edca, subscriberid=13287129, playactionuuid=c5d3358a-c364-4556-b4f6-686fad5d6138, version=2.1, devicemsg=LED50MU8600UC0000888, isall=0, customerid=7195320, srcrowid=0, srceventcode=280000}
07-05 21:36:51.718 W/System.err( 2571): java.net.ConnectException: failed to connect to /10.18.210.112 (port 8900) after 6000ms: isConnected failed: ECONNREFUSED (Connection refused)
07-05 21:36:51.719 W/System.err( 2571): 	at libcore.io.IoBridge.isConnected(IoBridge.java:238)
07-05 21:36:51.719 W/System.err( 2571): 	at libcore.io.IoBridge.connectErrno(IoBridge.java:171)
07-05 21:36:51.719 W/System.err( 2571): 	at libcore.io.IoBridge.connect(IoBridge.java:122)
07-05 21:36:51.719 W/System.err( 2571): 	at java.net.PlainSocketImpl.connect(PlainSocketImpl.java:183)
07-05 21:36:51.719 W/System.err( 2571): 	at java.net.PlainSocketImpl.connect(PlainSocketImpl.java:456)
07-05 21:36:51.719 W/System.err( 2571): 	at java.net.Socket.connect(Socket.java:882)
07-05 21:36:51.719 W/System.err( 2571): 	at com.android.okhttp.internal.Platform.connectSocket(Platform.java:174)
07-05 21:36:51.719 W/System.err( 2571): 	at com.android.okhttp.Connection.connect(Connection.java:152)
07-05 21:36:51.719 W/System.err( 2571): 	at com.android.okhttp.internal.http.HttpEngine.connect(HttpEngine.java:276)
07-05 21:36:51.719 W/System.err( 2571): 	at com.android.okhttp.internal.http.HttpEngine.sendRequest(HttpEngine.java:211)
07-05 21:36:51.719 W/System.err( 2571): 	at com.android.okhttp.internal.http.HttpURLConnectionImpl.execute(HttpURLConnectionImpl.java:382)
07-05 21:36:51.719 W/System.err( 2571): 	at com.android.okhttp.internal.http.HttpURLConnectionImpl.connect(HttpURLConnectionImpl.java:106)
07-05 21:36:51.719 W/System.err( 2571): 	at com.hisense.hitv.hicloud.util.ExceptionReport.a(ExceptionReport.java:337)
07-05 21:36:51.719 W/System.err( 2571): 	at com.hisense.hitv.hicloud.util.ExceptionReport.a(ExceptionReport.java:39)
07-05 21:36:51.719 W/System.err( 2571): 	at com.hisense.hitv.hicloud.util.ExceptionReport$1.run(ExceptionReport.java:83)
07-05 21:36:51.719 W/System.err( 2571): 	at java.lang.Thread.run(Thread.java:818)
07-05 21:36:51.719 W/System.err( 2571): Caused by: android.system.ErrnoException: isConnected failed: ECONNREFUSED (Connection refused)
07-05 21:36:51.719 W/System.err( 2571): 	at libcore.io.IoBridge.isConnected(IoBridge.java:223)
07-05 21:36:51.719 W/System.err( 2571): 	... 15 more
07-05 21:36:51.724 I/MyFragmentStateAdapter( 2571): getCount
07-05 21:36:51.724 I/SurfaceFlinger( 1204): the layer SurfaceView is used to close xc and zorder is smallerest! clear region
07-05 21:36:51.738 I/MyFragmentStateAdapter( 2571): getCount
07-05 21:36:51.738 I/MyFragmentStateAdapter( 2571): getCount
07-05 21:36:51.739 I/MyFragmentStateAdapter( 2571): getCount
07-05 21:36:51.739 I/MyFragmentStateAdapter( 2571): getCount
07-05 21:36:51.749 I/MyFragmentStateAdapter( 2571): getCount
07-05 21:36:51.760 I/MyFragmentStateAdapter( 2571): getCount
07-05 21:36:51.760 I/MyFragmentStateAdapter( 2571): getCount
07-05 21:36:51.760 I/MyFragmentStateAdapter( 2571): getCount
07-05 21:36:51.760 I/MyFragmentStateAdapter( 2571): getCount
07-05 21:36:51.769 I/MiSysSrv( 1214): [37m[INFO] Change to Voltage: 112 mv (0x2D)[m
07-05 21:36:51.770 I/MyFragmentStateAdapter( 2571): getCount
07-05 21:36:51.774 I/SurfaceFlinger( 1204): the layer SurfaceView is used to close xc and zorder is smallerest! clear region
07-05 21:36:51.779 I/TVMW@HsTvSetting( 1234): Trace cmd, data = 0x1058
07-05 21:36:51.779 D/til@system( 2026): til_get_system_param option:100002F int:0, bool:0, ret:0
07-05 21:36:51.779 I/TVMW@HsTvSetting( 1234): Trace cmd, data = 0x101f
07-05 21:36:51.779 D/til@system( 2026): til_get_system_param option:100001D int:3, bool:3, ret:0
07-05 21:36:51.779 E/til     ( 2026): [til_get_current_input_source, 101] 
07-05 21:36:51.779 I/TVMW@HsTvSetting( 1234): Trace cmd, data = 0x7007
07-05 21:36:51.779 I/tilwrapper@sm( 2026): HS2TIL_SourceType *hs=0xd, *til=0x900
07-05 21:36:51.779 D/til     ( 2026): get current source 2304
07-05 21:36:51.779 D/SourceRemoteServiceHandler( 2026): getCurrentInputSource.from.til.result is 0, value is 2304
07-05 21:36:51.779 D/SourceRemoteServiceHandler( 2026): getInputSourceType source: 0x900, type=2304
07-05 21:36:51.779 D/til     ( 2026): ###### func:til_get_picture_param option:0x3000006 ######  
07-05 21:36:51.780 I/TVMW@HsTvSetting( 1234): Trace cmd, data = 0x1003
07-05 21:36:51.780 I/TVMW@HsTvSetting( 1234): Trace cmd, data = 0x8032
07-05 21:36:51.780 I/hstvos  ( 1216): [0m[1;33m[HSHAL][HS_VIDEO][HS_HAL_Video_SetOsdDetect_v2][2389]u16Threshold = 20
07-05 21:36:51.780 I/MiSysSrv( 1214): Not support now! 42, change to mm_video!!!
07-05 21:36:51.780 E/TVMW@videoctrl( 1234):  getOsd is 1
07-05 21:36:51.780 D/til@system( 2026): til_get_system_param option:1000027 int:1, bool:1, ret:0
07-05 21:36:51.781 D/til     ( 2026): ###### func:til_get_picture_param option:0x3000045 ######  
07-05 21:36:51.781 I/TVMW@HsTvSetting( 1234): Trace cmd, data = 0x300c
07-05 21:36:51.781 I/TVMW@HsTvSetting( 1234): Trace 3d, data = 0x300c
07-05 21:36:51.781 I/TVMW@3d ( 1234): Hs_debug3d_trace: func:get3dStatus, line:109
07-05 21:36:51.791 I/SurfaceFlinger( 1204): the layer SurfaceView is used to close xc and zorder is smallerest! clear region
07-05 21:36:51.808 I/SurfaceFlinger( 1204): the layer SurfaceView is used to close xc and zorder is smallerest! clear region
07-05 21:36:51.841 I/SurfaceFlinger( 1204): the layer SurfaceView is used to close xc and zorder is smallerest! clear region
07-05 21:36:51.858 I/SurfaceFlinger( 1204): the layer SurfaceView is used to close xc and zorder is smallerest! clear region
07-05 21:36:51.869 I/MiSysSrv( 1214): [37m[INFO] Change to Voltage: 102 mv (0x23)[m
07-05 21:36:51.875 I/SurfaceFlinger( 1204): the layer SurfaceView is used to close xc and zorder is smallerest! clear region
07-05 21:36:51.882 E/btif_config( 2964): [btif_config_get] node is TRUE!
07-05 21:36:51.882 E/btif_config( 2964): [btif_config_get] ret is TRUE!
07-05 21:36:51.892 I/SurfaceFlinger( 1204): the layer SurfaceView is used to close xc and zorder is smallerest! clear region
07-05 21:36:51.909 I/SurfaceFlinger( 1204): the layer SurfaceView is used to close xc and zorder is smallerest! clear region
07-05 21:36:51.934 I/SurfaceFlinger( 1204): the layer SurfaceView is used to close xc and zorder is smallerest! clear region
07-05 21:36:51.951 I/SurfaceFlinger( 1204): the layer SurfaceView is used to close xc and zorder is smallerest! clear region
07-05 21:36:51.971 I/SurfaceFlinger( 1204): the layer SurfaceView is used to close xc and zorder is smallerest! clear region
07-05 21:36:51.982 D/GlobalInputEventMonitoringService( 1733): interceptKeyBeforeQueueing(), event:23, mNeedMonitorKeyEvent:true, mWaitForKeyUpEvent:false
07-05 21:36:51.982 D/GlobalInputEventMonitoringService( 1733): processKeyEvent(), processKeyEvent event:23
07-05 21:36:51.982 D/WindowManager( 1733): interceptKeyTq keycode=23 interactive=true keyguardActive=false policyFlags=2b000000 isCancled= false
07-05 21:36:51.982 D/PowerManagerService( 1733): userActivityNoUpdateLocked: eventTime=10653553, event=1, flags=0x0, uid=1000
07-05 21:36:51.983 D/WindowManager( 1733): interceptKeyTi keyCode=23 down=true repeatCount=0 keyguardOn=false mHomePressed=false canceled=false
07-05 21:36:51.983 D/WindowManager( 1733): Hisense systemkey event: 23
07-05 21:36:51.983 D/HisenseGlobalKeyManager( 1733): handleGlobalKey() : Global event = KeyEvent { action=ACTION_DOWN, keyCode=KEYCODE_DPAD_CENTER, scanCode=0, metaState=0, flags=0x0, repeatCount=0, eventTime=10653553, downTime=10653553, deviceId=-1, source=0x101 }
07-05 21:36:51.983 V/HisenseGlobalKeyManager( 1733): processKeypadCenterDown()
07-05 21:36:51.983 I/HisenseGlobalKeyManager( 1733): isOriginalKeypadCenter() : false
07-05 21:36:51.983 V/HisenseGlobalKeyManager( 1733): fromKeypad() : false
07-05 21:36:51.983 V/HisenseGlobalKeyManager( 1733): isModifiedKeypadCenter() : false
07-05 21:36:51.983 W/HisenseGlobalKeyManager( 1733): processKeypadCenterDown() : unknown D_PAD_CENTER
07-05 21:36:51.983 V/HisenseGlobalKeyManager( 1733): processKeypadCenterDown() : result = false
07-05 21:36:51.984 D/SogouIME( 2203): [onKeyDown] keycode = 23 model = VIDAA_TV
07-05 21:36:51.986 D/Carousel-CarouselDisplayPlayerLayout( 2571): HasFocus:false,keyCode:23
07-05 21:36:51.986 D/Carousel-CarouselDisplayPlayerLayout( 2571): isFullScreen:false
07-05 21:36:51.986 I/HomeMainActivity( 2571): carousel handle key:false
07-05 21:36:51.986 I/MainHomeView( 2571): dispatchKeyEvent ACTION_DOWN now 
07-05 21:36:51.987 D/GlobalInputEventMonitoringService( 1733): interceptKeyBeforeQueueing(), event:23, mNeedMonitorKeyEvent:true, mWaitForKeyUpEvent:false
07-05 21:36:51.987 D/GlobalInputEventMonitoringService( 1733): processKeyEvent(), processKeyEvent event:23
07-05 21:36:51.987 D/WindowManager( 1733): interceptKeyTq keycode=23 interactive=true keyguardActive=false policyFlags=2b000000 isCancled= false
07-05 21:36:51.988 D/WindowManager( 1733): interceptKeyTi keyCode=23 down=false repeatCount=0 keyguardOn=false mHomePressed=false canceled=false
07-05 21:36:51.988 D/WindowManager( 1733): Hisense systemkey event: 23
07-05 21:36:51.988 D/HisenseGlobalKeyManager( 1733): handleGlobalKey() : Global event = KeyEvent { action=ACTION_UP, keyCode=KEYCODE_DPAD_CENTER, scanCode=0, metaState=0, flags=0x0, repeatCount=0, eventTime=10653553, downTime=10653553, deviceId=-1, source=0x101 }
07-05 21:36:51.988 V/HisenseGlobalKeyManager( 1733): processKeypadCenterUp()
07-05 21:36:51.988 I/HisenseGlobalKeyManager( 1733): isOriginalKeypadCenter() : false
07-05 21:36:51.988 V/HisenseGlobalKeyManager( 1733): fromKeypad() : false
07-05 21:36:51.988 V/HisenseGlobalKeyManager( 1733): isModifiedKeypadCenter() : false
07-05 21:36:51.988 V/HisenseGlobalKeyManager( 1733): processKeypadCenterUp() : result = false
07-05 21:36:51.990 I/SurfaceFlinger( 1204): the layer SurfaceView is used to close xc and zorder is smallerest! clear region
07-05 21:36:51.995 D/Carousel-CarouselDisplayPlayerLayout( 2571): HasFocus:false,keyCode:23
07-05 21:36:51.995 D/Carousel-CarouselDisplayPlayerLayout( 2571): isFullScreen:false
07-05 21:36:51.995 I/HomeMainActivity( 2571): carousel handle key:false
07-05 21:36:51.996 V/PackageManager( 1733): getPackageInfo com.hisense.hicloud.edca: Package{3fb3f3a1 com.hisense.hicloud.edca}
07-05 21:36:52.007 D/GetInItDataUtil( 2571): turn to detail ,if is trailer.position is : 0
07-05 21:36:52.010 D/TileTransitionManager( 1733): getActivityContainer not enter cts mode
07-05 21:36:52.010 I/SurfaceFlinger( 1204): the layer SurfaceView is used to close xc and zorder is smallerest! clear region
07-05 21:36:52.011 D/JamdeoActivityStackSupervisor( 1733): get currentSiloName
07-05 21:36:52.011 I/ActivityManager( 1733): START u0 {flg=0x14000000 cmp=com.hisense.hicloud.edca/.mediaplayer.activity.DetailPlayActivity (has extras)} from uid 10010 on display 0
07-05 21:36:52.012 D/OsdMonitorService( 1733): mCurrentWindow = com.hisense.hicloud.edca/com.hisense.tvui.newhome.HomeMainActivity; newWindow = com.hisense.hicloud.edca/com.hisense.tvui.newhome.HomeMainActivity; isSubWindow = false; isInWinList = false; isExitNow = false
07-05 21:36:52.012 D/OsdMonitorService( 1733): windowNotOsd() : name = com.hisense.hicloud.edca/com.hisense.tvui.newhome.HomeMainActivity
07-05 21:36:52.012 I/OsdMonitorService( 1733): setOsdStatus() : status will change from true to true
07-05 21:36:52.014 D/PowerManagerService( 1733): setScreenBrightnessOverrideFromWindowManagerInternal done
07-05 21:36:52.015 D/OsdMonitorService( 1733): mCurrentWindow = com.hisense.hicloud.edca/com.hisense.tvui.newhome.HomeMainActivity; newWindow = com.hisense.hicloud.edca/com.hisense.tvui.newhome.HomeMainActivity; isSubWindow = false; isInWinList = false; isExitNow = false
07-05 21:36:52.015 D/OsdMonitorService( 1733): windowNotOsd() : name = com.hisense.hicloud.edca/com.hisense.tvui.newhome.HomeMainActivity
07-05 21:36:52.015 I/OsdMonitorService( 1733): setOsdStatus() : status will change from true to true
07-05 21:36:52.018 D/PowerManagerService( 1733): setScreenBrightnessOverrideFromWindowManagerInternal done
07-05 21:36:52.019 V/WindowManager( 1733): addAppToken: AppWindowToken{16fac073 token=Token{392a24e2 ActivityRecord{3d45a9ad u0 com.hisense.hicloud.edca/.mediaplayer.activity.DetailPlayActivity t5164}}} to stack=98 task=5164 at 1
07-05 21:36:52.019 I/UsageStatsService( 1733): paused component:com.hisense.hicloud.edca
07-05 21:36:52.019 D/UsageStatsService( 1733): User[0] Got usage event for com.hisense.hicloud.edca[1499261812020]: MOVE_TO_BACKGROUND
07-05 21:36:52.019 V/UsageStatsService( 1733): Paused: 10653591   Component: com.hisense.hicloud.edca/com.hisense.tvui.newhome.HomeMainActivity   Time: 1499261812019 LastSessionTime: 14941 CumulativeSessionTime: 3419381
07-05 21:36:52.019 D/UsageStatsService( 1733): UsageStats: broadcasting intent
07-05 21:36:52.020 W/ContextImpl( 1733): Calling a method in the system process without a qualified user: android.app.ContextImpl.sendBroadcast:1327 com.android.server.usage.UsageStatsService.insertUsageStats:1104 com.android.server.usage.UsageStatsService$PkgUsageStatsExtended.updatePause:979 com.android.server.usage.UsageStatsService$LocalService.notePauseComponent:808 com.android.server.am.ActivityManagerService.updateUsageStats:3173 
07-05 21:36:52.021 D/PowerManagerService( 1733): acquireWakeLockInternal: lock=681732318, flags=0x1, tag="ActivityManager-Launch", ws=null, uid=1000, pid=1733
07-05 21:36:52.021 D/PowerManagerNotifier( 1733): onWakeLockAcquired: flags=1, tag="ActivityManager-Launch", packageName=android, ownerUid=1000, ownerPid=1733, workSource=null
