07-06 00:54:54.834 D/MediaHTTPConnection(15548): hitting http://jhxvideo-ws.video-tx.com/rendition/201705/205989353451683841/205989353451684353/bb/243216185158536196/243216215223308548/r243216215223308548-3200k-1920x1080.mp4?wsSecret=a51f704d3607e7a6bb90a1d67c85871c&wsTime=595d19dc
07-06 00:54:54.869 I/MiSysSrv( 1214): [37m[INFO] Change to Voltage: 102 mv (0x23)[m
07-06 00:54:54.877 I/TVMW@HsTvSetting( 1234): Trace cmd, data = 0x1058
07-06 00:54:54.877 D/til@system( 2026): til_get_system_param option:100002F int:0, bool:0, ret:0
07-06 00:54:54.877 I/TVMW@HsTvSetting( 1234): Trace cmd, data = 0x101f
07-06 00:54:54.877 D/til@system( 2026): til_get_system_param option:100001D int:3, bool:3, ret:0
07-06 00:54:54.877 E/til     ( 2026): [til_get_current_input_source, 101] 
07-06 00:54:54.877 I/TVMW@HsTvSetting( 1234): Trace cmd, data = 0x7007
07-06 00:54:54.878 I/tilwrapper@sm( 2026): HS2TIL_SourceType *hs=0xd, *til=0x900
07-06 00:54:54.878 D/til     ( 2026): get current source 2304
07-06 00:54:54.878 D/SourceRemoteServiceHandler( 2026): getCurrentInputSource.from.til.result is 0, value is 2304
07-06 00:54:54.878 D/SourceRemoteServiceHandler( 2026): getInputSourceType source: 0x900, type=2304
07-06 00:54:54.878 D/til     ( 2026): ###### func:til_get_picture_param option:0x3000006 ######  
07-06 00:54:54.878 I/TVMW@HsTvSetting( 1234): Trace cmd, data = 0x1003
07-06 00:54:54.878 I/TVMW@HsTvSetting( 1234): Trace cmd, data = 0x8032
07-06 00:54:54.878 I/hstvos  ( 1216): [0m[1;33m[HSHAL][HS_VIDEO][HS_HAL_Video_SetOsdDetect_v2][2389]u16Threshold = 20
07-06 00:54:54.879 I/MiSysSrv( 1214): Not support now! 42, change to mm_video!!!
07-06 00:54:54.879 E/TVMW@videoctrl( 1234):  getOsd is 1
07-06 00:54:54.879 D/til@system( 2026): til_get_system_param option:1000027 int:1, bool:1, ret:0
07-06 00:54:54.879 D/til     ( 2026): ###### func:til_get_picture_param option:0x3000045 ######  
07-06 00:54:54.879 E/audio_hw_primary( 1206): out_standby
07-06 00:54:54.880 I/TVMW@HsTvSetting( 1234): Trace cmd, data = 0x300c
07-06 00:54:54.880 I/TVMW@HsTvSetting( 1234): Trace 3d, data = 0x300c
07-06 00:54:54.880 I/TVMW@3d ( 1234): Hs_debug3d_trace: func:get3dStatus, line:109
07-06 00:54:54.880 D/PowerManagerService( 1733): releaseWakeLockInternal: lock=837770869 [AudioMix], flags=0x0
07-06 00:54:54.880 D/PowerManagerNotifier( 1733): onWakeLockReleased: flags=1, tag="AudioMix", packageName=media, ownerUid=1013, ownerPid=0, workSource=null
07-06 00:54:54.887 D/Carousel-CarouselDisplayPlayerLayout(15548): x=380, y=-185,w=892,h=536, hashCode=144972349
07-06 00:54:54.887 D/Carousel-CarouselDisplayPlayerLayout(15548): mX=380, mY=-185,mWitdh=892,mHeight=536, hashCode=144972349
07-06 00:54:54.887 D/Carousel-CarouselDisplayPlayerLayout(15548): changed=false, hashCode=144972349
07-06 00:54:54.887 D/Carousel-CarouselDisplayPlayerLayout(15548): extraTryCount=8
07-06 00:54:54.890 I/FirstLineAdapter(15548): onViewDetachedFromWindow 
07-06 00:54:54.890 I/FirstLineAdapter(15548): onViewRecycledViewHolder{157e7b14 position=0 id=-1, oldPos=-1, pLpos:-1 update}
07-06 00:54:54.890 I/FirstLineAdapter(15548): onViewRecycledViewHolder{157e7b14 position=0 id=-1, oldPos=-1, pLpos:-1 update no parent}
07-06 00:54:54.931 D/Carousel-CarouselDisplayPlayerLayout(15548): x=380, y=-185,w=892,h=536, hashCode=144972349
07-06 00:54:54.931 D/Carousel-CarouselDisplayPlayerLayout(15548): mX=380, mY=-185,mWitdh=892,mHeight=536, hashCode=144972349
07-06 00:54:54.931 D/Carousel-CarouselDisplayPlayerLayout(15548): changed=false, hashCode=144972349
07-06 00:54:54.932 D/Carousel-CarouselDisplayPlayerLayout(15548): extraTryCount=9
07-06 00:54:54.960 D/Carousel-CarouselDisplayPlayerLayout(15548): x=380, y=-185,w=892,h=536, hashCode=144972349
07-06 00:54:54.960 D/Carousel-CarouselDisplayPlayerLayout(15548): mX=380, mY=-185,mWitdh=892,mHeight=536, hashCode=144972349
07-06 00:54:54.960 D/Carousel-CarouselDisplayPlayerLayout(15548): changed=false, hashCode=144972349
07-06 00:54:54.970 I/MiSysSrv( 1214): [37m[INFO] Change to Voltage: 102 mv (0x23)[m
07-06 00:54:54.978 D/MediaHTTPConnection(15548): [Connection@36350362] response.heeader.null = HTTP/1.1 206 Partial Content
07-06 00:54:54.978 D/MediaHTTPConnection(15548): [Connection@36350362] response.heeader.Accept-Ranges = bytes
07-06 00:54:54.978 D/MediaHTTPConnection(15548): [Connection@36350362] response.heeader.Age = 375069
07-06 00:54:54.978 D/MediaHTTPConnection(15548): [Connection@36350362] response.heeader.Cache-Control = max-age=5184000
07-06 00:54:54.979 D/MediaHTTPConnection(15548): [Connection@36350362] response.heeader.Connection = keep-alive
07-06 00:54:54.979 D/MediaHTTPConnection(15548): [Connection@36350362] response.heeader.Content-Length = 217136761
07-06 00:54:54.979 D/MediaHTTPConnection(15548): [Connection@36350362] response.heeader.Content-MD5 = b0d2FgZ34VxS2J9TYuIjgA==
07-06 00:54:54.979 D/MediaHTTPConnection(15548): [Connection@36350362] response.heeader.Content-Range = bytes 1703936-218840696/218840697
07-06 00:54:54.979 D/MediaHTTPConnection(15548): [Connection@36350362] response.heeader.Content-Type = application/octet-stream
07-06 00:54:54.979 D/MediaHTTPConnection(15548): [Connection@36350362] response.heeader.Date = Sat, 01 Jul 2017 08:43:45 GMT
07-06 00:54:54.979 D/MediaHTTPConnection(15548): [Connection@36350362] response.heeader.ETag = "6F4776160677E15C52D89F5362E22380"
07-06 00:54:54.979 D/MediaHTTPConnection(15548): [Connection@36350362] response.heeader.Last-Modified = Mon, 08 May 2017 17:24:17 GMT
07-06 00:54:54.979 D/MediaHTTPConnection(15548): [Connection@36350362] response.heeader.Server = nginx/1.2.4
07-06 00:54:54.979 D/MediaHTTPConnection(15548): [Connection@36350362] response.heeader.Via = 1.1 chshx150:7 (Cdn Cache Server V2.0)[0 200 0], 1.1 sdbz31:0 (Cdn Cache Server V2.0)[35 200 0], 1.1 PSsdzbwt5go51:3 (Cdn Cache Server V2.0)[0 200 0]
07-06 00:54:54.979 D/MediaHTTPConnection(15548): [Connection@36350362] response.heeader.X-Android-Received-Millis = 1499273694976
07-06 00:54:54.979 D/MediaHTTPConnection(15548): [Connection@36350362] response.heeader.X-Android-Response-Source = NETWORK 206
07-06 00:54:54.979 D/MediaHTTPConnection(15548): [Connection@36350362] response.heeader.X-Android-Sent-Millis = 1499273694960
07-06 00:54:54.979 D/MediaHTTPConnection(15548): [Connection@36350362] response.heeader.x-oss-hash-crc64ecma = 10858506031335928878
07-06 00:54:54.979 D/MediaHTTPConnection(15548): [Connection@36350362] response.heeader.x-oss-object-type = Normal
07-06 00:54:54.979 D/MediaHTTPConnection(15548): [Connection@36350362] response.heeader.x-oss-request-id = 591D64783FEA2FF75DF4AA6E
07-06 00:54:54.979 D/MediaHTTPConnection(15548): [Connection@36350362] response.heeader.x-oss-server-time = 46
07-06 00:54:54.979 D/MediaHTTPConnection(15548): [Connection@36350362] response.heeader.x-oss-storage-class = Standard
07-06 00:54:55.009 I/FirstLineAdapter(15548): canShowTrailer,isOffline=false
07-06 00:54:55.021 I/NuCachedSource2( 1206): retrying a previously failed read succeeded.
07-06 00:54:55.381 I/TVMW@HsTvSetting( 1234): Trace cmd, data = 0x1058
07-06 00:54:55.384 D/til@system( 2026): til_get_system_param option:100002F int:0, bool:0, ret:0
07-06 00:54:55.384 I/TVMW@HsTvSetting( 1234): Trace cmd, data = 0x101f
07-06 00:54:55.384 D/til@system( 2026): til_get_system_param option:100001D int:3, bool:3, ret:0
07-06 00:54:55.384 E/til     ( 2026): [til_get_current_input_source, 101] 
07-06 00:54:55.384 I/TVMW@HsTvSetting( 1234): Trace cmd, data = 0x7007
07-06 00:54:55.385 I/NetflixMonitorService( 1733): current fgapk : com.hisense.hicloud.edca
07-06 00:54:55.385 I/NetflixMonitorService( 1733): Netflix status unchanged
07-06 00:54:55.385 I/tilwrapper@sm( 2026): HS2TIL_SourceType *hs=0xd, *til=0x900
07-06 00:54:55.385 D/til     ( 2026): get current source 2304
07-06 00:54:55.385 D/SourceRemoteServiceHandler( 2026): getCurrentInputSource.from.til.result is 0, value is 2304
07-06 00:54:55.385 D/SourceRemoteServiceHandler( 2026): getInputSourceType source: 0x900, type=2304
07-06 00:54:55.385 D/til     ( 2026): ###### func:til_get_picture_param option:0x3000006 ######  
07-06 00:54:55.385 I/TVMW@HsTvSetting( 1234): Trace cmd, data = 0x1003
07-06 00:54:55.385 I/TVMW@HsTvSetting( 1234): Trace cmd, data = 0x8032
07-06 00:54:55.386 I/hstvos  ( 1216): [0m[1;33m[HSHAL][HS_VIDEO][HS_HAL_Video_SetOsdDetect_v2][2389]u16Threshold = 20
07-06 00:54:55.386 I/MiSysSrv( 1214): Not support now! 42, change to mm_video!!!
07-06 00:54:55.386 E/TVMW@videoctrl( 1234):  getOsd is 1
07-06 00:54:55.386 D/til@system( 2026): til_get_system_param option:1000027 int:1, bool:1, ret:0
07-06 00:54:55.386 D/til     ( 2026): ###### func:til_get_picture_param option:0x3000045 ######  
07-06 00:54:55.387 I/TVMW@HsTvSetting( 1234): Trace cmd, data = 0x300c
07-06 00:54:55.387 I/TVMW@HsTvSetting( 1234): Trace 3d, data = 0x300c
07-06 00:54:55.387 I/TVMW@3d ( 1234): Hs_debug3d_trace: func:get3dStatus, line:109
07-06 00:54:55.514 I/MyFragmentStateAdapter(15548): getCount
07-06 00:54:55.543 I/TVMW@devctrl( 1234): wdt
07-06 00:54:55.554 I/MyFragmentStateAdapter(15548): getCount
07-06 00:54:55.583 I/MyFragmentStateAdapter(15548): getCount
07-06 00:54:55.614 I/MyFragmentStateAdapter(15548): getCount
07-06 00:54:55.638 I/MyFragmentStateAdapter(15548): getCount
07-06 00:54:55.665 I/MyFragmentStateAdapter(15548): getCount
07-06 00:54:55.683 E/btif_config( 2964): [btif_config_get] node is TRUE!
07-06 00:54:55.683 E/btif_config( 2964): [btif_config_get] ret is TRUE!
07-06 00:54:55.691 I/MyFragmentStateAdapter(15548): getCount
07-06 00:54:55.714 I/MyFragmentStateAdapter(15548): getCount
07-06 00:54:55.732 D/MediaHTTPConnection(15548): [Connection@36350362] getSize mTotalSize = 218840697
07-06 00:54:55.736 W/FFmpegExtractor( 1206): drop the packet with negative timestamp(pts:-1024)
07-06 00:54:55.739 I/MyFragmentStateAdapter(15548): getCount
07-06 00:54:55.764 I/MyFragmentStateAdapter(15548): getCount
07-06 00:54:55.788 I/MyFragmentStateAdapter(15548): getCount
07-06 00:54:55.811 I/MyFragmentStateAdapter(15548): getCount
07-06 00:54:55.835 I/MyFragmentStateAdapter(15548): getCount
07-06 00:54:55.858 I/MyFragmentStateAdapter(15548): getCount
07-06 00:54:55.883 I/MyFragmentStateAdapter(15548): getCount
07-06 00:54:55.888 I/TVMW@HsTvSetting( 1234): Trace cmd, data = 0x1058
07-06 00:54:55.888 D/til@system( 2026): til_get_system_param option:100002F int:0, bool:0, ret:0
07-06 00:54:55.888 I/TVMW@HsTvSetting( 1234): Trace cmd, data = 0x101f
07-06 00:54:55.889 D/til@system( 2026): til_get_system_param option:100001D int:3, bool:3, ret:0
07-06 00:54:55.889 E/til     ( 2026): [til_get_current_input_source, 101] 
07-06 00:54:55.889 I/TVMW@HsTvSetting( 1234): Trace cmd, data = 0x7007
07-06 00:54:55.889 I/tilwrapper@sm( 2026): HS2TIL_SourceType *hs=0xd, *til=0x900
07-06 00:54:55.889 D/til     ( 2026): get current source 2304
07-06 00:54:55.890 D/SourceRemoteServiceHandler( 2026): getCurrentInputSource.from.til.result is 0, value is 2304
07-06 00:54:55.890 D/SourceRemoteServiceHandler( 2026): getInputSourceType source: 0x900, type=2304
07-06 00:54:55.890 D/til     ( 2026): ###### func:til_get_picture_param option:0x3000006 ######  
07-06 00:54:55.890 I/TVMW@HsTvSetting( 1234): Trace cmd, data = 0x1003
07-06 00:54:55.890 I/TVMW@HsTvSetting( 1234): Trace cmd, data = 0x8032
07-06 00:54:55.891 I/hstvos  ( 1216): [0m[1;33m[HSHAL][HS_VIDEO][HS_HAL_Video_SetOsdDetect_v2][2389]u16Threshold = 20
07-06 00:54:55.891 I/MiSysSrv( 1214): Not support now! 42, change to mm_video!!!
07-06 00:54:55.891 E/TVMW@videoctrl( 1234):  getOsd is 1
07-06 00:54:55.892 D/til@system( 2026): til_get_system_param option:1000027 int:1, bool:1, ret:0
07-06 00:54:55.892 D/til     ( 2026): ###### func:til_get_picture_param option:0x3000045 ######  
07-06 00:54:55.892 I/TVMW@HsTvSetting( 1234): Trace cmd, data = 0x300c
07-06 00:54:55.892 I/TVMW@HsTvSetting( 1234): Trace 3d, data = 0x300c
07-06 00:54:55.892 I/TVMW@3d ( 1234): Hs_debug3d_trace: func:get3dStatus, line:109
07-06 00:54:55.906 I/MyFragmentStateAdapter(15548): getCount
07-06 00:54:55.928 I/MyFragmentStateAdapter(15548): getCount
07-06 00:54:55.956 I/MyFragmentStateAdapter(15548): getCount
07-06 00:54:55.983 I/MyFragmentStateAdapter(15548): getCount
07-06 00:54:56.008 I/MyFragmentStateAdapter(15548): getCount
07-06 00:54:56.036 I/MyFragmentStateAdapter(15548): getCount
07-06 00:54:56.062 I/MyFragmentStateAdapter(15548): getCount
07-06 00:54:56.088 I/MyFragmentStateAdapter(15548): getCount
07-06 00:54:56.109 I/MyFragmentStateAdapter(15548): getCount
07-06 00:54:56.133 I/MyFragmentStateAdapter(15548): getCount
07-06 00:54:56.156 I/MyFragmentStateAdapter(15548): getCount
07-06 00:54:56.180 I/MyFragmentStateAdapter(15548): getCount
07-06 00:54:56.188 D/HiCloudSourcePlugin( 4289): Delta Updating Task Runnning...
07-06 00:54:56.209 I/MyFragmentStateAdapter(15548): getCount
07-06 00:54:56.231 I/MyFragmentStateAdapter(15548): getCount
07-06 00:54:56.254 I/MyFragmentStateAdapter(15548): getCount
07-06 00:54:56.278 I/MyFragmentStateAdapter(15548): getCount
07-06 00:54:56.305 I/MyFragmentStateAdapter(15548): getCount
07-06 00:54:56.330 I/art     (15548): Background sticky concurrent mark sweep GC freed 24123(1306KB) AllocSpace objects, 0(0B) LOS objects, 3% free, 35MB/36MB, paused 5.540ms total 39.569ms
07-06 00:54:56.345 I/MyFragmentStateAdapter(15548): getCount
07-06 00:54:56.374 I/MyFragmentStateAdapter(15548): getCount
07-06 00:54:56.385 I/NetflixMonitorService( 1733): current fgapk : com.hisense.hicloud.edca
07-06 00:54:56.385 I/NetflixMonitorService( 1733): Netflix status unchanged
07-06 00:54:56.393 I/TVMW@HsTvSetting( 1234): Trace cmd, data = 0x1058
07-06 00:54:56.394 D/til@system( 2026): til_get_system_param option:100002F int:0, bool:0, ret:0
07-06 00:54:56.394 I/TVMW@HsTvSetting( 1234): Trace cmd, data = 0x101f
07-06 00:54:56.394 D/til@system( 2026): til_get_system_param option:100001D int:3, bool:3, ret:0
07-06 00:54:56.394 E/til     ( 2026): [til_get_current_input_source, 101] 
07-06 00:54:56.394 I/TVMW@HsTvSetting( 1234): Trace cmd, data = 0x7007
07-06 00:54:56.394 I/tilwrapper@sm( 2026): HS2TIL_SourceType *hs=0xd, *til=0x900
07-06 00:54:56.394 D/til     ( 2026): get current source 2304
07-06 00:54:56.394 D/SourceRemoteServiceHandler( 2026): getCurrentInputSource.from.til.result is 0, value is 2304
07-06 00:54:56.394 D/SourceRemoteServiceHandler( 2026): getInputSourceType source: 0x900, type=2304
07-06 00:54:56.394 D/til     ( 2026): ###### func:til_get_picture_param option:0x3000006 ######  
07-06 00:54:56.394 I/TVMW@HsTvSetting( 1234): Trace cmd, data = 0x1003
07-06 00:54:56.395 I/TVMW@HsTvSetting( 1234): Trace cmd, data = 0x8032
07-06 00:54:56.395 I/hstvos  ( 1216): [0m[1;33m[HSHAL][HS_VIDEO][HS_HAL_Video_SetOsdDetect_v2][2389]u16Threshold = 20
07-06 00:54:56.395 I/MiSysSrv( 1214): Not support now! 42, change to mm_video!!!
07-06 00:54:56.395 E/TVMW@videoctrl( 1234):  getOsd is 1
07-06 00:54:56.395 D/til@system( 2026): til_get_system_param option:1000027 int:1, bool:1, ret:0
07-06 00:54:56.396 D/til     ( 2026): ###### func:til_get_picture_param option:0x3000045 ######  
07-06 00:54:56.396 I/TVMW@HsTvSetting( 1234): Trace cmd, data = 0x300c
07-06 00:54:56.396 I/TVMW@HsTvSetting( 1234): Trace 3d, data = 0x300c
07-06 00:54:56.396 I/TVMW@3d ( 1234): Hs_debug3d_trace: func:get3dStatus, line:109
07-06 00:54:56.412 I/MyFragmentStateAdapter(15548): getCount
07-06 00:54:56.443 I/TVMW@devctrl( 1234): wdt
07-06 00:54:56.444 I/MyFragmentStateAdapter(15548): getCount
07-06 00:54:56.475 I/MyFragmentStateAdapter(15548): getCount
07-06 00:54:56.504 I/MyFragmentStateAdapter(15548): getCount
07-06 00:54:56.528 D/QrRecognization( 2232): handleMessage msg=4
07-06 00:54:56.528 D/QrRecognization( 2232): handleMessage msg=1
07-06 00:54:56.528 D/QrRecognization( 2232): start update screenshot
07-06 00:54:56.528 D/QrRecognization( 2232): QR detection is not enabled in tile com.hisense.hicloud.edca
07-06 00:54:56.528 D/QrRecognization( 2232): error in getBitmap from screen
07-06 00:54:56.533 I/MyFragmentStateAdapter(15548): getCount
07-06 00:54:56.564 I/MyFragmentStateAdapter(15548): getCount
07-06 00:54:56.592 I/MyFragmentStateAdapter(15548): getCount
07-06 00:54:56.617 I/MyFragmentStateAdapter(15548): getCount
07-06 00:54:56.644 I/MyFragmentStateAdapter(15548): getCount
07-06 00:54:56.671 I/MyFragmentStateAdapter(15548): getCount
07-06 00:54:56.694 I/MyFragmentStateAdapter(15548): getCount
07-06 00:54:56.719 I/MyFragmentStateAdapter(15548): getCount
07-06 00:54:56.743 I/MyFragmentStateAdapter(15548): getCount
07-06 00:54:56.767 I/MyFragmentStateAdapter(15548): getCount
07-06 00:54:56.790 I/MyFragmentStateAdapter(15548): getCount
07-06 00:54:56.814 I/MyFragmentStateAdapter(15548): getCount
07-06 00:54:56.837 I/MyFragmentStateAdapter(15548): getCount
07-06 00:54:56.899 I/TVMW@HsTvSetting( 1234): Trace cmd, data = 0x1058
07-06 00:54:56.901 D/til@system( 2026): til_get_system_param option:100002F int:0, bool:0, ret:0
07-06 00:54:56.901 I/TVMW@HsTvSetting( 1234): Trace cmd, data = 0x101f
07-06 00:54:56.902 D/til@system( 2026): til_get_system_param option:100001D int:3, bool:3, ret:0
07-06 00:54:56.902 E/til     ( 2026): [til_get_current_input_source, 101] 
07-06 00:54:56.902 I/TVMW@HsTvSetting( 1234): Trace cmd, data = 0x7007
07-06 00:54:56.903 I/tilwrapper@sm( 2026): HS2TIL_SourceType *hs=0xd, *til=0x900
07-06 00:54:56.903 D/til     ( 2026): get current source 2304
07-06 00:54:56.903 D/SourceRemoteServiceHandler( 2026): getCurrentInputSource.from.til.result is 0, value is 2304
07-06 00:54:56.904 D/SourceRemoteServiceHandler( 2026): getInputSourceType source: 0x900, type=2304
07-06 00:54:56.904 D/til     ( 2026): ###### func:til_get_picture_param option:0x3000006 ######  
07-06 00:54:56.904 I/TVMW@HsTvSetting( 1234): Trace cmd, data = 0x1003
07-06 00:54:56.905 I/TVMW@HsTvSetting( 1234): Trace cmd, data = 0x8032
07-06 00:54:56.905 I/hstvos  ( 1216): [0m[1;33m[HSHAL][HS_VIDEO][HS_HAL_Video_SetOsdDetect_v2][2389]u16Threshold = 20
07-06 00:54:56.905 I/MiSysSrv( 1214): Not support now! 42, change to mm_video!!!
07-06 00:54:56.905 E/TVMW@videoctrl( 1234):  getOsd is 1
07-06 00:54:56.906 D/til@system( 2026): til_get_system_param option:1000027 int:1, bool:1, ret:0
07-06 00:54:56.906 D/til     ( 2026): ###### func:til_get_picture_param option:0x3000045 ######  
07-06 00:54:56.906 I/TVMW@HsTvSetting( 1234): Trace cmd, data = 0x300c
07-06 00:54:56.906 I/TVMW@HsTvSetting( 1234): Trace 3d, data = 0x300c
07-06 00:54:56.906 I/TVMW@3d ( 1234): Hs_debug3d_trace: func:get3dStatus, line:109
07-06 00:54:56.996 I/MyFragmentStateAdapter(15548): getCount
07-06 00:54:56.998 I/art     (15514): Background sticky concurrent mark sweep GC freed 15427(820KB) AllocSpace objects, 0(0B) LOS objects, 56% free, 713KB/1642KB, paused 974us total 140.460ms
07-06 00:54:57.026 I/MyFragmentStateAdapter(15548): getCount
07-06 00:54:57.056 I/MyFragmentStateAdapter(15548): getCount
07-06 00:54:57.084 I/MyFragmentStateAdapter(15548): getCount
07-06 00:54:57.104 D/WebcastSDK-AllChannelsDataManager( 2282): 1===============getData all channels fetch.
07-06 00:54:57.104 W/ActivityManager( 1733): getTasks: caller 10002 is using old GET_TASKS but privileged; allowing
07-06 00:54:57.105 I/WebcastSDK-( 2282): isWebcastVisibleForUser(), topActivity = com.hisense.tvui.newhome.HomeMainActivity
07-06 00:54:57.113 I/WebcastSDK-AllChannelsDataManager( 2282): handleMessage(), update AllChannels data in [296000] ms.
07-06 00:54:57.114 I/MyFragmentStateAdapter(15548): getCount
07-06 00:54:57.138 I/MyFragmentStateAdapter(15548): getCount
07-06 00:54:57.162 I/MyFragmentStateAdapter(15548): getCount
07-06 00:54:57.185 I/MyFragmentStateAdapter(15548): getCount
07-06 00:54:57.207 I/MyFragmentStateAdapter(15548): getCount
07-06 00:54:57.228 I/MyFragmentStateAdapter(15548): getCount
07-06 00:54:57.251 I/MyFragmentStateAdapter(15548): getCount
07-06 00:54:57.275 I/MyFragmentStateAdapter(15548): getCount
07-06 00:54:57.304 I/MyFragmentStateAdapter(15548): getCount
07-06 00:54:57.329 I/MyFragmentStateAdapter(15548): getCount
07-06 00:54:57.344 I/TVMW@devctrl( 1234): wdt
07-06 00:54:57.356 I/MyFragmentStateAdapter(15548): getCount
07-06 00:54:57.379 I/MyFragmentStateAdapter(15548): getCount
07-06 00:54:57.386 I/NetflixMonitorService( 1733): current fgapk : com.hisense.hicloud.edca
07-06 00:54:57.386 I/NetflixMonitorService( 1733): Netflix status unchanged
07-06 00:54:57.407 I/TVMW@HsTvSetting( 1234): Trace cmd, data = 0x1058
07-06 00:54:57.407 D/til@system( 2026): til_get_system_param option:100002F int:0, bool:0, ret:0
07-06 00:54:57.408 I/TVMW@HsTvSetting( 1234): Trace cmd, data = 0x101f
07-06 00:54:57.408 D/til@system( 2026): til_get_system_param option:100001D int:3, bool:3, ret:0
07-06 00:54:57.408 E/til     ( 2026): [til_get_current_input_source, 101] 
07-06 00:54:57.408 I/TVMW@HsTvSetting( 1234): Trace cmd, data = 0x7007
07-06 00:54:57.408 I/tilwrapper@sm( 2026): HS2TIL_SourceType *hs=0xd, *til=0x900
07-06 00:54:57.408 D/til     ( 2026): get current source 2304
07-06 00:54:57.408 I/MyFragmentStateAdapter(15548): getCount
07-06 00:54:57.408 D/SourceRemoteServiceHandler( 2026): getCurrentInputSource.from.til.result is 0, value is 2304
07-06 00:54:57.408 D/SourceRemoteServiceHandler( 2026): getInputSourceType source: 0x900, type=2304
07-06 00:54:57.408 D/til     ( 2026): ###### func:til_get_picture_param option:0x3000006 ######  
07-06 00:54:57.409 I/TVMW@HsTvSetting( 1234): Trace cmd, data = 0x1003
07-06 00:54:57.409 I/TVMW@HsTvSetting( 1234): Trace cmd, data = 0x8032
07-06 00:54:57.409 I/hstvos  ( 1216): [0m[1;33m[HSHAL][HS_VIDEO][HS_HAL_Video_SetOsdDetect_v2][2389]u16Threshold = 20
07-06 00:54:57.410 I/MiSysSrv( 1214): Not support now! 42, change to mm_video!!!
07-06 00:54:57.410 E/TVMW@videoctrl( 1234):  getOsd is 1
07-06 00:54:57.410 D/til@system( 2026): til_get_system_param option:1000027 int:1, bool:1, ret:0
07-06 00:54:57.410 D/til     ( 2026): ###### func:til_get_picture_param option:0x3000045 ######  
07-06 00:54:57.410 I/TVMW@HsTvSetting( 1234): Trace cmd, data = 0x300c
07-06 00:54:57.410 I/TVMW@HsTvSetting( 1234): Trace 3d, data = 0x300c
07-06 00:54:57.410 I/TVMW@3d ( 1234): Hs_debug3d_trace: func:get3dStatus, line:109
07-06 00:54:57.434 I/MyFragmentStateAdapter(15548): getCount
07-06 00:54:57.457 I/MyFragmentStateAdapter(15548): getCount
07-06 00:54:57.482 I/MyFragmentStateAdapter(15548): getCount
07-06 00:54:57.506 I/MyFragmentStateAdapter(15548): getCount
07-06 00:54:57.527 I/MyFragmentStateAdapter(15548): getCount
07-06 00:54:57.556 I/MyFragmentStateAdapter(15548): getCount
07-06 00:54:57.581 I/MyFragmentStateAdapter(15548): getCount
07-06 00:54:57.604 I/MyFragmentStateAdapter(15548): getCount
07-06 00:54:57.605 D/DtvSourcePlugin-DVBC( 4289): Setting the EPG Updater state to: WAIT
07-06 00:54:57.629 I/MyFragmentStateAdapter(15548): getCount
07-06 00:54:57.658 I/MyFragmentStateAdapter(15548): getCount
07-06 00:54:57.696 I/MyFragmentStateAdapter(15548): getCount
07-06 00:54:57.722 I/MyFragmentStateAdapter(15548): getCount
07-06 00:54:57.748 I/MyFragmentStateAdapter(15548): getCount
07-06 00:54:57.776 I/MyFragmentStateAdapter(15548): getCount
07-06 00:54:57.805 I/MyFragmentStateAdapter(15548): getCount
07-06 00:54:57.827 I/MyFragmentStateAdapter(15548): getCount
07-06 00:54:57.854 I/MyFragmentStateAdapter(15548): getCount
07-06 00:54:57.879 I/MyFragmentStateAdapter(15548): getCount
07-06 00:54:57.906 I/MyFragmentStateAdapter(15548): getCount
07-06 00:54:57.911 I/TVMW@HsTvSetting( 1234): Trace cmd, data = 0x1058
07-06 00:54:57.912 D/til@system( 2026): til_get_system_param option:100002F int:0, bool:0, ret:0
07-06 00:54:57.912 I/TVMW@HsTvSetting( 1234): Trace cmd, data = 0x101f
07-06 00:54:57.912 D/til@system( 2026): til_get_system_param option:100001D int:3, bool:3, ret:0
07-06 00:54:57.912 E/til     ( 2026): [til_get_current_input_source, 101] 
07-06 00:54:57.912 I/TVMW@HsTvSetting( 1234): Trace cmd, data = 0x7007
07-06 00:54:57.913 I/tilwrapper@sm( 2026): HS2TIL_SourceType *hs=0xd, *til=0x900
07-06 00:54:57.913 D/til     ( 2026): get current source 2304
07-06 00:54:57.913 D/SourceRemoteServiceHandler( 2026): getCurrentInputSource.from.til.result is 0, value is 2304
07-06 00:54:57.913 D/SourceRemoteServiceHandler( 2026): getInputSourceType source: 0x900, type=2304
07-06 00:54:57.913 D/til     ( 2026): ###### func:til_get_picture_param option:0x3000006 ######  
07-06 00:54:57.913 I/TVMW@HsTvSetting( 1234): Trace cmd, data = 0x1003
07-06 00:54:57.914 I/TVMW@HsTvSetting( 1234): Trace cmd, data = 0x8032
07-06 00:54:57.914 I/hstvos  ( 1216): [0m[1;33m[HSHAL][HS_VIDEO][HS_HAL_Video_SetOsdDetect_v2][2389]u16Threshold = 20
07-06 00:54:57.915 I/MiSysSrv( 1214): Not support now! 42, change to mm_video!!!
07-06 00:54:57.916 E/TVMW@videoctrl( 1234):  getOsd is 1
07-06 00:54:57.916 D/til@system( 2026): til_get_system_param option:1000027 int:1, bool:1, ret:0
07-06 00:54:57.916 D/til     ( 2026): ###### func:til_get_picture_param option:0x3000045 ######  
07-06 00:54:57.916 I/TVMW@HsTvSetting( 1234): Trace cmd, data = 0x300c
07-06 00:54:57.916 I/TVMW@HsTvSetting( 1234): Trace 3d, data = 0x300c
07-06 00:54:57.916 I/TVMW@3d ( 1234): Hs_debug3d_trace: func:get3dStatus, line:109
07-06 00:54:57.934 I/MyFragmentStateAdapter(15548): getCount
07-06 00:54:57.963 D/SurfaceFlinger( 1204): captureScreen: maxLayerZ = -1
07-06 00:54:57.963 D/hwcomposer( 1204): [capture screen]:startCapture ctx->captureScreenAddr = 7f73e89000,capture width = 1920,height = 1080
07-06 00:54:57.963 D/hwcomposer( 1204): [capture screen]:Start_Capture 
07-06 00:54:57.963 D/hwcomposer( 1204): [capture screen]:u32MemoryPhyAddress 14100000 u32MemorySize 7e9000
07-06 00:54:57.963 D/        ( 1204): DIP already Opened
07-06 00:54:57.963 D/        ( 1204): DIP already Opened
07-06 00:54:57.963 D/        ( 1204): MDrv_CMD_DIP_GET_RESOURCE[0]   start
07-06 00:54:57.963 D/        ( 1204): MDrv_CMD_DIP_GET_RESOURCE[0]   end
07-06 00:54:57.963 D/hwcomposer( 1204): [capture screen]:dip win = 0
07-06 00:54:57.963 D/        ( 1204): DIP already Opened
07-06 00:54:57.963 I/MyFragmentStateAdapter(15548): getCount
07-06 00:54:57.963 D/hwcomposer( 1204): [capture screen]: ---enInputSourceType=1
07-06 00:54:57.963 D/hwcomposer( 1204): [capture screen]: ---SetDIPWin x,y,w,h=0,0,3840,2160
07-06 00:54:57.964 D/hwcomposer( 1204): [capture screen]: ---stDispWin x,y,w,h=0,0,0,0
07-06 00:54:57.964 D/hwcomposer( 1204): [capture screen]: ---stCropWin x,y,w,h=0,0,0,0
07-06 00:54:57.964 D/hwcomposer( 1204): [capture screen]: ---bInterlace, bHDuplicate, u16InputVFreq,u16InputVTotal, u16DefaultHtotal, u8DefaultPhase=0,0,0,0,0,0
07-06 00:54:57.964 D/hwcomposer( 1204): [capture screen]: ---bHCusScaling[0] src,dst =0,0
07-06 00:54:57.964 D/hwcomposer( 1204): [capture screen]: ---bVCusScaling[0] src,dst =0,0
07-06 00:54:57.964 D/hwcomposer( 1204): [capture screen]: ---bDisplayNineLattice=0
07-06 00:54:57.964 D/hwcomposer( 1204): [capture screen]: ---PreScalingH[1] src,dst =3840,1920
07-06 00:54:57.964 D/hwcomposer( 1204): [capture screen]: ---PreScalingV[1] src,dst =2160,1080
07-06 00:54:57.964 D/hwcomposer( 1204): [capture screen]: ---u16DefaultPhase=0
07-06 00:54:57.964 D/hwcomposer( 1204): [capture screen]: ---DIP bufcount=1, output w,h=1920,1080, u32BufStart, u32BufEnd = 0x14100000,0x148e9000, enSource= 6
07-06 00:54:57.964 D/hwcomposer( 1204): [captureScreen]:sucess!!!
07-06 00:54:57.964 D/hwcomposer( 1204): [capture screen]: CaptureDone u16IntStatus 0 
07-06 00:54:57.980 D/hwcomposer( 1204): [capture screen]: delay 16 ms, CaptureDone u16IntStatus 0 
07-06 00:54:57.987 I/MyFragmentStateAdapter(15548): getCount
07-06 00:54:57.996 D/hwcomposer( 1204): [capture screen]: delay 32 ms, CaptureDone u16IntStatus 1 
07-06 00:54:57.996 D/        ( 1204): DIP already Opened
07-06 00:54:57.996 D/        ( 1204): MDrv_CMD_DIP_RELEASE_RESOURCE[0]   start
07-06 00:54:57.996 D/        ( 1204): MDrv_CMD_DIP_RELEASE_RESOURCE[0]   end
07-06 00:54:57.996 D/SurfaceFlinger( 1204): captureScreen:mCaptureDataAddr = 7f73e89000,supportWidth = 1920,supportHeight = 1080
07-06 00:54:57.997 D/gralloc ( 1204): allocate buffer from ION HEAP 0x1
07-06 00:54:57.997 D/gralloc ( 1204): allocate memory from system heap
07-06 00:54:58.016 I/MyFragmentStateAdapter(15548): getCount
07-06 00:54:58.021 I/art     (15514): Background sticky concurrent mark sweep GC freed 15582(829KB) AllocSpace objects, 0(0B) LOS objects, 56% free, 713KB/1641KB, paused 6.651ms total 13.613ms
07-06 00:54:58.046 I/MyFragmentStateAdapter(15548): getCount
07-06 00:54:58.067 I/MyFragmentStateAdapter(15548): getCount
07-06 00:54:58.094 I/MyFragmentStateAdapter(15548): getCount
07-06 00:54:58.123 I/MyFragmentStateAdapter(15548): getCount
07-06 00:54:58.148 I/MyFragmentStateAdapter(15548): getCount
07-06 00:54:58.149 W/GLConsumer( 1204): [com.hisense.hicloud.edca/com.hisense.tvui.newhome.HomeMainActivity] bindTextureImage: clearing GL error: 0x500
07-06 00:54:58.150 D/hwcomposer( 1204): [capture screen]: DIP_releaseCaptureScreenMemory!!!!
07-06 00:54:58.177 I/MyFragmentStateAdapter(15548): getCount
07-06 00:54:58.205 I/MyFragmentStateAdapter(15548): getCount
07-06 00:54:58.233 I/MyFragmentStateAdapter(15548): getCount
07-06 00:54:58.249 I/art     (15514): Background concurrent mark sweep GC freed 18208(968KB) AllocSpace objects, 0(0B) LOS objects, 62% free, 603KB/1627KB, paused 5.555ms total 20.752ms
07-06 00:54:58.252 I/TVMW@devctrl( 1234): wdt
07-06 00:54:58.263 I/MyFragmentStateAdapter(15548): getCount
07-06 00:54:58.283 D/MyLocalStartService( 5648): currentName is :com.hisense.hicloud.edca
07-06 00:54:58.289 I/MyFragmentStateAdapter(15548): getCount
07-06 00:54:58.314 I/MyFragmentStateAdapter(15548): getCount
07-06 00:54:58.343 I/MyFragmentStateAdapter(15548): getCount
07-06 00:54:58.367 I/MyFragmentStateAdapter(15548): getCount
07-06 00:54:58.386 I/NetflixMonitorService( 1733): current fgapk : com.hisense.hicloud.edca
07-06 00:54:58.387 I/NetflixMonitorService( 1733): Netflix status unchanged
07-06 00:54:58.395 I/MyFragmentStateAdapter(15548): getCount
07-06 00:54:58.418 I/TVMW@HsTvSetting( 1234): Trace cmd, data = 0x1058
07-06 00:54:58.418 D/til@system( 2026): til_get_system_param option:100002F int:0, bool:0, ret:0
07-06 00:54:58.419 I/TVMW@HsTvSetting( 1234): Trace cmd, data = 0x101f
07-06 00:54:58.419 D/til@system( 2026): til_get_system_param option:100001D int:3, bool:3, ret:0
07-06 00:54:58.419 E/til     ( 2026): [til_get_current_input_source, 101] 
07-06 00:54:58.420 I/TVMW@HsTvSetting( 1234): Trace cmd, data = 0x7007
07-06 00:54:58.421 I/tilwrapper@sm( 2026): HS2TIL_SourceType *hs=0xd, *til=0x900
07-06 00:54:58.421 D/til     ( 2026): get current source 2304
07-06 00:54:58.421 D/SourceRemoteServiceHandler( 2026): getCurrentInputSource.from.til.result is 0, value is 2304
07-06 00:54:58.421 D/SourceRemoteServiceHandler( 2026): getInputSourceType source: 0x900, type=2304
07-06 00:54:58.421 D/til     ( 2026): ###### func:til_get_picture_param option:0x3000006 ######  
07-06 00:54:58.421 I/TVMW@HsTvSetting( 1234): Trace cmd, data = 0x1003
07-06 00:54:58.421 I/TVMW@HsTvSetting( 1234): Trace cmd, data = 0x8032
07-06 00:54:58.422 I/hstvos  ( 1216): [0m[1;33m[HSHAL][HS_VIDEO][HS_HAL_Video_SetOsdDetect_v2][2389]u16Threshold = 20
07-06 00:54:58.422 I/MiSysSrv( 1214): Not support now! 42, change to mm_video!!!
07-06 00:54:58.423 E/TVMW@videoctrl( 1234):  getOsd is 1
07-06 00:54:58.423 D/til@system( 2026): til_get_system_param option:1000027 int:1, bool:1, ret:0
07-06 00:54:58.423 D/til     ( 2026): ###### func:til_get_picture_param option:0x3000045 ######  
07-06 00:54:58.424 I/TVMW@HsTvSetting( 1234): Trace cmd, data = 0x300c
07-06 00:54:58.424 I/TVMW@HsTvSetting( 1234): Trace 3d, data = 0x300c
07-06 00:54:58.424 I/TVMW@3d ( 1234): Hs_debug3d_trace: func:get3dStatus, line:109
07-06 00:54:58.432 I/MyFragmentStateAdapter(15548): getCount
07-06 00:54:58.465 I/MyFragmentStateAdapter(15548): getCount
07-06 00:54:58.500 I/MyFragmentStateAdapter(15548): getCount
07-06 00:54:58.530 I/MyFragmentStateAdapter(15548): getCount
07-06 00:54:58.557 I/MyFragmentStateAdapter(15548): getCount
07-06 00:54:58.586 I/MyFragmentStateAdapter(15548): getCount
07-06 00:54:58.611 I/MyFragmentStateAdapter(15548): getCount
07-06 00:54:58.636 I/MyFragmentStateAdapter(15548): getCount
07-06 00:54:58.648 I/WebcastSDK-HistoryDataManager( 2282): getData. mCategory != null.return mCategory
07-06 00:54:58.649 W/ActivityManager( 1733): getTasks: caller 10002 is using old GET_TASKS but privileged; allowing
07-06 00:54:58.662 I/MyFragmentStateAdapter(15548): getCount
07-06 00:54:58.664 I/WebcastSDK-( 2282): isWebcastVisibleForUser(), topActivity = com.hisense.tvui.newhome.HomeMainActivity
07-06 00:54:58.664 D/WebcastSDK-ProgramScheduleDataManager( 2282): MSG_PERIODIC_FETCH_PROGRAM_SCHEDULES_DATA mUpdateInterval=296000
07-06 00:54:58.690 I/MyFragmentStateAdapter(15548): getCount
07-06 00:54:58.722 I/MyFragmentStateAdapter(15548): getCount
07-06 00:54:58.756 I/MyFragmentStateAdapter(15548): getCount
07-06 00:54:58.788 I/MyFragmentStateAdapter(15548): getCount
07-06 00:54:58.830 I/MyFragmentStateAdapter(15548): getCount
07-06 00:54:58.869 I/MyFragmentStateAdapter(15548): getCount
07-06 00:54:58.878 V/HotPlugDetectionAction( 1733): Poll all devices.
07-06 00:54:58.906 I/MyFragmentStateAdapter(15548): getCount
07-06 00:54:58.925 I/TVMW@HsTvSetting( 1234): Trace cmd, data = 0x1058
07-06 00:54:58.925 D/til@system( 2026): til_get_system_param option:100002F int:0, bool:0, ret:0
07-06 00:54:58.925 I/TVMW@HsTvSetting( 1234): Trace cmd, data = 0x101f
07-06 00:54:58.925 D/til@system( 2026): til_get_system_param option:100001D int:3, bool:3, ret:0
07-06 00:54:58.925 E/til     ( 2026): [til_get_current_input_source, 101] 
07-06 00:54:58.925 I/TVMW@HsTvSetting( 1234): Trace cmd, data = 0x7007
07-06 00:54:58.926 I/tilwrapper@sm( 2026): HS2TIL_SourceType *hs=0xd, *til=0x900
07-06 00:54:58.926 D/til     ( 2026): get current source 2304
07-06 00:54:58.926 D/SourceRemoteServiceHandler( 2026): getCurrentInputSource.from.til.result is 0, value is 2304
07-06 00:54:58.926 D/SourceRemoteServiceHandler( 2026): getInputSourceType source: 0x900, type=2304
07-06 00:54:58.926 D/til     ( 2026): ###### func:til_get_picture_param option:0x3000006 ######  
07-06 00:54:58.926 I/TVMW@HsTvSetting( 1234): Trace cmd, data = 0x1003
07-06 00:54:58.926 I/TVMW@HsTvSetting( 1234): Trace cmd, data = 0x8032
07-06 00:54:58.926 I/hstvos  ( 1216): [0m[1;33m[HSHAL][HS_VIDEO][HS_HAL_Video_SetOsdDetect_v2][2389]u16Threshold = 20
07-06 00:54:58.927 I/MiSysSrv( 1214): Not support now! 42, change to mm_video!!!
07-06 00:54:58.927 E/TVMW@videoctrl( 1234):  getOsd is 1
07-06 00:54:58.927 D/til@system( 2026): til_get_system_param option:1000027 int:1, bool:1, ret:0
07-06 00:54:58.927 D/til     ( 2026): ###### func:til_get_picture_param option:0x3000045 ######  
07-06 00:54:58.927 I/TVMW@HsTvSetting( 1234): Trace cmd, data = 0x300c
07-06 00:54:58.927 I/TVMW@HsTvSetting( 1234): Trace 3d, data = 0x300c
07-06 00:54:58.927 I/TVMW@3d ( 1234): Hs_debug3d_trace: func:get3dStatus, line:109
07-06 00:54:58.948 I/MyFragmentStateAdapter(15548): getCount
07-06 00:54:58.974 I/MyFragmentStateAdapter(15548): getCount
07-06 00:54:59.007 I/MyFragmentStateAdapter(15548): getCount
07-06 00:54:59.034 I/MyFragmentStateAdapter(15548): getCount
07-06 00:54:59.065 I/MyFragmentStateAdapter(15548): getCount
07-06 00:54:59.096 I/MyFragmentStateAdapter(15548): getCount
07-06 00:54:59.122 I/MyFragmentStateAdapter(15548): getCount
07-06 00:54:59.150 I/MyFragmentStateAdapter(15548): getCount
07-06 00:54:59.154 I/TVMW@devctrl( 1234): wdt
07-06 00:54:59.179 I/MyFragmentStateAdapter(15548): getCount
07-06 00:54:59.205 I/MyFragmentStateAdapter(15548): getCount
07-06 00:54:59.229 I/MyFragmentStateAdapter(15548): getCount
07-06 00:54:59.257 I/MyFragmentStateAdapter(15548): getCount
07-06 00:54:59.287 I/MyFragmentStateAdapter(15548): getCount
07-06 00:54:59.303 E/HDMI_CEC( 1733): Send Message TO[5] 
07-06 00:54:59.303 E/HDMI_CEC( 1733): OP[0], <Feature Abort> 
07-06 00:54:59.303 E/HDMI_CEC( 1733): ========
07-06 00:54:59.316 I/MyFragmentStateAdapter(15548): getCount
07-06 00:54:59.343 I/MyFragmentStateAdapter(15548): getCount
07-06 00:54:59.367 I/MyFragmentStateAdapter(15548): getCount
07-06 00:54:59.377 E/HDMI_CEC( 1733): MI_CEC_SendTxPolling, ErrCode[4] 
07-06 00:54:59.387 I/NetflixMonitorService( 1733): current fgapk : com.hisense.hicloud.edca
07-06 00:54:59.387 I/NetflixMonitorService( 1733): Netflix status unchanged
07-06 00:54:59.393 I/MyFragmentStateAdapter(15548): getCount
07-06 00:54:59.411 E/HDMI_CEC( 1733): Sending message can't be response. 
07-06 00:54:59.419 I/MyFragmentStateAdapter(15548): getCount
07-06 00:54:59.428 I/TVMW@HsTvSetting( 1234): Trace cmd, data = 0x1058
07-06 00:54:59.428 D/til@system( 2026): til_get_system_param option:100002F int:0, bool:0, ret:0
07-06 00:54:59.429 I/TVMW@HsTvSetting( 1234): Trace cmd, data = 0x101f
07-06 00:54:59.429 D/til@system( 2026): til_get_system_param option:100001D int:3, bool:3, ret:0
07-06 00:54:59.429 E/til     ( 2026): [til_get_current_input_source, 101] 
07-06 00:54:59.429 I/TVMW@HsTvSetting( 1234): Trace cmd, data = 0x7007
07-06 00:54:59.429 I/tilwrapper@sm( 2026): HS2TIL_SourceType *hs=0xd, *til=0x900
07-06 00:54:59.429 D/til     ( 2026): get current source 2304
07-06 00:54:59.429 D/SourceRemoteServiceHandler( 2026): getCurrentInputSource.from.til.result is 0, value is 2304
07-06 00:54:59.430 D/SourceRemoteServiceHandler( 2026): getInputSourceType source: 0x900, type=2304
07-06 00:54:59.430 D/til     ( 2026): ###### func:til_get_picture_param option:0x3000006 ######  
07-06 00:54:59.430 I/TVMW@HsTvSetting( 1234): Trace cmd, data = 0x1003
07-06 00:54:59.430 I/TVMW@HsTvSetting( 1234): Trace cmd, data = 0x8032
07-06 00:54:59.430 I/hstvos  ( 1216): [0m[1;33m[HSHAL][HS_VIDEO][HS_HAL_Video_SetOsdDetect_v2][2389]u16Threshold = 20
07-06 00:54:59.431 I/MiSysSrv( 1214): Not support now! 42, change to mm_video!!!
07-06 00:54:59.431 E/TVMW@videoctrl( 1234):  getOsd is 1
07-06 00:54:59.431 E/TVMW@videoctrl( 1234): hs_mw_videoctrl.cpp getOsdShow result is        1
07-06 00:54:59.431 D/til@system( 2026): til_get_system_param option:1000027 int:1, bool:1, ret:0
07-06 00:54:59.432 D/til     ( 2026): ###### func:til_get_picture_param option:0x3000045 ######  
07-06 00:54:59.432 I/TVMW@HsTvSetting( 1234): Trace cmd, data = 0x300c
07-06 00:54:59.432 I/TVMW@HsTvSetting( 1234): Trace 3d, data = 0x300c
07-06 00:54:59.432 I/TVMW@3d ( 1234): Hs_debug3d_trace: func:get3dStatus, line:109
07-06 00:54:59.447 I/MyFragmentStateAdapter(15548): getCount
07-06 00:54:59.470 I/MiSysSrv( 1214): [37m[INFO] Change to Voltage: 117 mv (0x32)[m
07-06 00:54:59.473 I/MyFragmentStateAdapter(15548): getCount
07-06 00:54:59.496 I/MyFragmentStateAdapter(15548): getCount
07-06 00:54:59.515 I/MyFragmentStateAdapter(15548): getCount
07-06 00:54:59.541 I/MyFragmentStateAdapter(15548): getCount
07-06 00:54:59.563 I/MyFragmentStateAdapter(15548): getCount
07-06 00:54:59.572 I/MiSysSrv( 1214): [37m[INFO] Change to Voltage: 112 mv (0x2D)[m
07-06 00:54:59.591 I/MyFragmentStateAdapter(15548): getCount
07-06 00:54:59.614 I/MyFragmentStateAdapter(15548): getCount
07-06 00:54:59.638 I/MyFragmentStateAdapter(15548): getCount
07-06 00:54:59.663 I/MyFragmentStateAdapter(15548): getCount
07-06 00:54:59.672 I/MiSysSrv( 1214): [37m[INFO] Change to Voltage: 102 mv (0x23)[m
07-06 00:54:59.694 I/MyFragmentStateAdapter(15548): getCount
07-06 00:54:59.726 I/MyFragmentStateAdapter(15548): getCount
07-06 00:54:59.740 D/MC_MEMORY( 4735): max: 256.261888 Mb, heap: 10.10798 Mb, allocated: 10.10620 Mb, free: 0.178 Mb, native heap: 12.12276 Mb, native allocated: 8.8350 Mb, native free: 3.3926 Mb
07-06 00:54:59.752 I/MyFragmentStateAdapter(15548): getCount
07-06 00:54:59.777 I/MyFragmentStateAdapter(15548): getCount
07-06 00:54:59.808 I/MyFragmentStateAdapter(15548): getCount
07-06 00:54:59.833 I/MyFragmentStateAdapter(15548): getCount
07-06 00:54:59.858 I/MyFragmentStateAdapter(15548): getCount
07-06 00:54:59.892 I/MyFragmentStateAdapter(15548): getCount
07-06 00:54:59.927 I/MyFragmentStateAdapter(15548): getCount
07-06 00:54:59.932 I/TVMW@HsTvSetting( 1234): Trace cmd, data = 0x1058
07-06 00:54:59.933 D/til@system( 2026): til_get_system_param option:100002F int:0, bool:0, ret:0
07-06 00:54:59.933 I/TVMW@HsTvSetting( 1234): Trace cmd, data = 0x101f
07-06 00:54:59.933 D/til@system( 2026): til_get_system_param option:100001D int:3, bool:3, ret:0
07-06 00:54:59.933 E/til     ( 2026): [til_get_current_input_source, 101] 
07-06 00:54:59.933 I/TVMW@HsTvSetting( 1234): Trace cmd, data = 0x7007
07-06 00:54:59.934 I/tilwrapper@sm( 2026): HS2TIL_SourceType *hs=0xd, *til=0x900
07-06 00:54:59.934 D/til     ( 2026): get current source 2304
07-06 00:54:59.934 D/SourceRemoteServiceHandler( 2026): getCurrentInputSource.from.til.result is 0, value is 2304
07-06 00:54:59.934 D/SourceRemoteServiceHandler( 2026): getInputSourceType source: 0x900, type=2304
07-06 00:54:59.934 D/til     ( 2026): ###### func:til_get_picture_param option:0x3000006 ######  
07-06 00:54:59.934 I/TVMW@HsTvSetting( 1234): Trace cmd, data = 0x1003
07-06 00:54:59.934 I/TVMW@HsTvSetting( 1234): Trace cmd, data = 0x8032
07-06 00:54:59.935 I/hstvos  ( 1216): [0m[1;33m[HSHAL][HS_VIDEO][HS_HAL_Video_SetOsdDetect_v2][2389]u16Threshold = 20
07-06 00:54:59.936 E/TVMW@videoctrl( 1234):  getOsd is 1
07-06 00:54:59.936 D/til@system( 2026): til_get_system_param option:1000027 int:1, bool:1, ret:0
07-06 00:54:59.936 D/til     ( 2026): ###### func:til_get_picture_param option:0x3000045 ######  
07-06 00:54:59.936 I/TVMW@HsTvSetting( 1234): Trace cmd, data = 0x300c
07-06 00:54:59.936 I/TVMW@HsTvSetting( 1234): Trace 3d, data = 0x300c
07-06 00:54:59.936 I/TVMW@3d ( 1234): Hs_debug3d_trace: func:get3dStatus, line:109
07-06 00:54:59.936 I/MiSysSrv( 1214): Not support now! 42, change to mm_video!!!
07-06 00:54:59.962 I/MyFragmentStateAdapter(15548): getCount
07-06 00:54:59.987 I/MyFragmentStateAdapter(15548): getCount
07-06 00:55:00.000 D/PowerManagerService( 1733): acquireWakeLockInternal: lock=1013057410, flags=0x40000001, tag="*alarm*", ws=WorkSource{1000}, uid=1000, pid=1733
07-06 00:55:00.000 D/PowerManagerNotifier( 1733): onWakeLockAcquired: flags=1073741825, tag="*alarm*", packageName=android, ownerUid=1000, ownerPid=1733, workSource=WorkSource{1000}
07-06 00:55:00.004 I/StatusBar( 2232): time status chg:android.intent.action.TIME_TICK
07-06 00:55:00.004 I/StatusBar( 2232): update status bar with index: 1
07-06 00:55:00.005 I/StatusBar( 2232): on update status bar, index: 1
07-06 00:55:00.005 I/StatusBarDataProvider( 2232): update status bar 1
07-06 00:55:00.008 I/StatusBar( 2232): Data received with tag:1 false
07-06 00:55:00.010 E/MyDataReported( 8091): ***action=android.intent.action.TIME_TICK
07-06 00:55:00.011 E/Daemon  ( 8091): iQRTIME=72
07-06 00:55:00.012 D/PowerManagerService( 1733): releaseWakeLockInternal: lock=1013057410 [*alarm*], flags=0x0
07-06 00:55:00.012 D/PowerManagerNotifier( 1733): onWakeLockReleased: flags=1073741825, tag="*alarm*", packageName=android, ownerUid=1000, ownerPid=1733, workSource=WorkSource{1000}
07-06 00:55:00.023 I/MyFragmentStateAdapter(15548): getCount
07-06 00:55:00.055 I/TVMW@devctrl( 1234): wdt
07-06 00:55:00.056 I/MyFragmentStateAdapter(15548): getCount
07-06 00:55:00.084 I/MyFragmentStateAdapter(15548): getCount
07-06 00:55:00.113 I/MyFragmentStateAdapter(15548): getCount
07-06 00:55:00.141 I/MyFragmentStateAdapter(15548): getCount
07-06 00:55:00.176 I/MyFragmentStateAdapter(15548): getCount
07-06 00:55:00.206 I/MyFragmentStateAdapter(15548): getCount
07-06 00:55:00.232 I/MyFragmentStateAdapter(15548): getCount
07-06 00:55:00.258 I/MyFragmentStateAdapter(15548): getCount
07-06 00:55:00.283 I/MyFragmentStateAdapter(15548): getCount
07-06 00:55:00.310 I/MyFragmentStateAdapter(15548): getCount
07-06 00:55:00.335 I/MyFragmentStateAdapter(15548): getCount
07-06 00:55:00.361 I/MyFragmentStateAdapter(15548): getCount
07-06 00:55:00.363 D/HDMI    ( 1733): [P]:AllocatedAddress=[]
07-06 00:55:00.388 I/NetflixMonitorService( 1733): current fgapk : com.hisense.hicloud.edca
07-06 00:55:00.388 I/NetflixMonitorService( 1733): Netflix status unchanged
07-06 00:55:00.393 I/MyFragmentStateAdapter(15548): getCount
07-06 00:55:00.401 I/HLSP2P  ( 3457): ## 2017-07-06 00:55:00.398 [3457,3628,:0] INFO ## [HLSP2P][TaskManager.cpp:855][INFO][UpdateGlobalInfo]totalDataSize: 0, totalMemorySize: 0, totalCacheSize: 0, curUploadSpeedKB: 0
07-06 00:55:00.406 I/HLSP2P  ( 3457): ## 2017-07-06 00:55:00.405 [3457,3628,:0] INFO ## [HLSP2P][TaskManager.cpp:1325][INFO][TryAdjustMemorySize]system memory total size: 1912M, free size: 550MB, cache add to 30MB, AppState: 14
07-06 00:55:00.425 I/MyFragmentStateAdapter(15548): getCount
07-06 00:55:00.438 I/TVMW@HsTvSetting( 1234): Trace cmd, data = 0x1058
07-06 00:55:00.438 D/til@system( 2026): til_get_system_param option:100002F int:0, bool:0, ret:0
07-06 00:55:00.439 I/TVMW@HsTvSetting( 1234): Trace cmd, data = 0x101f
07-06 00:55:00.439 D/til@system( 2026): til_get_system_param option:100001D int:3, bool:3, ret:0
07-06 00:55:00.439 E/til     ( 2026): [til_get_current_input_source, 101] 
07-06 00:55:00.439 I/TVMW@HsTvSetting( 1234): Trace cmd, data = 0x7007
07-06 00:55:00.439 I/tilwrapper@sm( 2026): HS2TIL_SourceType *hs=0xd, *til=0x900
07-06 00:55:00.439 D/til     ( 2026): get current source 2304
07-06 00:55:00.439 D/SourceRemoteServiceHandler( 2026): getCurrentInputSource.from.til.result is 0, value is 2304
07-06 00:55:00.439 D/SourceRemoteServiceHandler( 2026): getInputSourceType source: 0x900, type=2304
07-06 00:55:00.439 D/til     ( 2026): ###### func:til_get_picture_param option:0x3000006 ######  
07-06 00:55:00.440 I/TVMW@HsTvSetting( 1234): Trace cmd, data = 0x1003
07-06 00:55:00.440 I/TVMW@HsTvSetting( 1234): Trace cmd, data = 0x8032
07-06 00:55:00.440 I/hstvos  ( 1216): [0m[1;33m[HSHAL][HS_VIDEO][HS_HAL_Video_SetOsdDetect_v2][2389]u16Threshold = 20
07-06 00:55:00.441 E/TVMW@videoctrl( 1234):  getOsd is 1
07-06 00:55:00.441 I/MiSysSrv( 1214): Not support now! 42, change to mm_video!!!
07-06 00:55:00.441 D/til@system( 2026): til_get_system_param option:1000027 int:1, bool:1, ret:0
07-06 00:55:00.441 D/til     ( 2026): ###### func:til_get_picture_param option:0x3000045 ######  
07-06 00:55:00.441 I/TVMW@HsTvSetting( 1234): Trace cmd, data = 0x300c
07-06 00:55:00.441 I/TVMW@HsTvSetting( 1234): Trace 3d, data = 0x300c
07-06 00:55:00.441 I/TVMW@3d ( 1234): Hs_debug3d_trace: func:get3dStatus, line:109
07-06 00:55:00.457 I/MyFragmentStateAdapter(15548): getCount
07-06 00:55:00.483 I/MyFragmentStateAdapter(15548): getCount
07-06 00:55:00.509 I/MyFragmentStateAdapter(15548): getCount
07-06 00:55:00.542 I/MyFragmentStateAdapter(15548): getCount
07-06 00:55:00.574 I/MyFragmentStateAdapter(15548): getCount
07-06 00:55:00.608 I/MyFragmentStateAdapter(15548): getCount
07-06 00:55:00.609 D/DtvSourcePlugin-DVBC( 4289): Setting the EPG Updater state to: WAIT
07-06 00:55:00.636 I/MyFragmentStateAdapter(15548): getCount
07-06 00:55:00.673 I/MyFragmentStateAdapter(15548): getCount
07-06 00:55:00.704 I/MyFragmentStateAdapter(15548): getCount
07-06 00:55:00.742 I/MyFragmentStateAdapter(15548): getCount
07-06 00:55:00.775 I/MyFragmentStateAdapter(15548): getCount
07-06 00:55:00.804 I/MyFragmentStateAdapter(15548): getCount
07-06 00:55:00.835 I/MyFragmentStateAdapter(15548): getCount
07-06 00:55:00.863 I/MyFragmentStateAdapter(15548): getCount
07-06 00:55:00.897 I/MyFragmentStateAdapter(15548): getCount
07-06 00:55:00.925 I/MyFragmentStateAdapter(15548): getCount
07-06 00:55:00.942 I/TVMW@HsTvSetting( 1234): Trace cmd, data = 0x1058
07-06 00:55:00.943 D/til@system( 2026): til_get_system_param option:100002F int:0, bool:0, ret:0
07-06 00:55:00.943 I/TVMW@HsTvSetting( 1234): Trace cmd, data = 0x101f
07-06 00:55:00.943 D/til@system( 2026): til_get_system_param option:100001D int:3, bool:3, ret:0
07-06 00:55:00.943 E/til     ( 2026): [til_get_current_input_source, 101] 
07-06 00:55:00.943 I/TVMW@HsTvSetting( 1234): Trace cmd, data = 0x7007
07-06 00:55:00.943 I/tilwrapper@sm( 2026): HS2TIL_SourceType *hs=0xd, *til=0x900
07-06 00:55:00.943 D/til     ( 2026): get current source 2304
07-06 00:55:00.943 D/SourceRemoteServiceHandler( 2026): getCurrentInputSource.from.til.result is 0, value is 2304
07-06 00:55:00.943 D/SourceRemoteServiceHandler( 2026): getInputSourceType source: 0x900, type=2304
07-06 00:55:00.944 D/til     ( 2026): ###### func:til_get_picture_param option:0x3000006 ######  
07-06 00:55:00.944 I/TVMW@HsTvSetting( 1234): Trace cmd, data = 0x1003
07-06 00:55:00.944 I/TVMW@HsTvSetting( 1234): Trace cmd, data = 0x8032
07-06 00:55:00.944 I/hstvos  ( 1216): [0m[1;33m[HSHAL][HS_VIDEO][HS_HAL_Video_SetOsdDetect_v2][2389]u16Threshold = 20
07-06 00:55:00.945 I/MiSysSrv( 1214): Not support now! 42, change to mm_video!!!
07-06 00:55:00.945 E/TVMW@videoctrl( 1234):  getOsd is 1
07-06 00:55:00.945 D/til@system( 2026): til_get_system_param option:1000027 int:1, bool:1, ret:0
07-06 00:55:00.945 D/til     ( 2026): ###### func:til_get_picture_param option:0x3000045 ######  
07-06 00:55:00.945 I/TVMW@HsTvSetting( 1234): Trace cmd, data = 0x300c
07-06 00:55:00.945 I/TVMW@HsTvSetting( 1234): Trace 3d, data = 0x300c
