07-05 23:36:15.624 I/hstvos  ( 1216): [0m[1;33m[HSHAL][HS_VIDEO][HS_HAL_Video_SetOsdDetect_v2][2389]u16Threshold = 20
07-05 23:36:15.628 E/TVMW@videoctrl( 1234):  getOsd is 1
07-05 23:36:15.628 D/til@system( 2026): til_get_system_param option:1000027 int:1, bool:1, ret:0
07-05 23:36:15.628 D/til     ( 2026): ###### func:til_get_picture_param option:0x3000045 ######  
07-05 23:36:15.629 I/TVMW@HsTvSetting( 1234): Trace cmd, data = 0x300c
07-05 23:36:15.629 I/TVMW@HsTvSetting( 1234): Trace 3d, data = 0x300c
07-05 23:36:15.629 I/TVMW@3d ( 1234): Hs_debug3d_trace: func:get3dStatus, line:109
07-05 23:36:15.766 D/PowerManagerService( 1733): acquireWakeLockInternal: lock=113832109, flags=0x1, tag="NetworkStats", ws=null, uid=1000, pid=1733
07-05 23:36:15.766 D/PowerManagerNotifier( 1733): onWakeLockAcquired: flags=1, tag="NetworkStats", packageName=android, ownerUid=1000, ownerPid=1733, workSource=null
07-05 23:36:15.767 D/NtpTrustedTime( 1733): currentTimeMillis() cache hit
07-05 23:36:15.772 D/NtpTrustedTime( 1733): currentTimeMillis() cache hit
07-05 23:36:15.775 D/PowerManagerService( 1733): releaseWakeLockInternal: lock=113832109 [NetworkStats], flags=0x0
07-05 23:36:15.775 D/PowerManagerNotifier( 1733): onWakeLockReleased: flags=1, tag="NetworkStats", packageName=android, ownerUid=1000, ownerPid=1733, workSource=null
07-05 23:36:15.776 D/NtpTrustedTime( 1733): currentTimeMillis() cache hit
07-05 23:36:15.776 D/NtpTrustedTime( 1733): currentTimeMillis() cache hit
07-05 23:36:15.931 I/MyFragmentStateAdapter( 3698): getCount
07-05 23:36:15.970 E/MessageService(15912): MSG_PULL +!MessageServiceApplication.mApp.ismUsingDB()true
07-05 23:36:15.984 I/MyFragmentStateAdapter( 3698): getCount
07-05 23:36:16.054 I/MyFragmentStateAdapter( 3698): getCount
07-05 23:36:16.072 E/MessageService(15912): MSG_PULL ... getMsg null or error
07-05 23:36:16.075 E/MessageService(15912): MSG_PULL +!MessageServiceApplication.mApp.ismUsingDB()true
07-05 23:36:16.084 I/TVMW@devctrl( 1234): wdt
07-05 23:36:16.129 I/MyFragmentStateAdapter( 3698): getCount
07-05 23:36:16.131 I/TVMW@HsTvSetting( 1234): Trace cmd, data = 0x1058
07-05 23:36:16.132 D/til@system( 2026): til_get_system_param option:100002F int:0, bool:0, ret:0
07-05 23:36:16.132 I/TVMW@HsTvSetting( 1234): Trace cmd, data = 0x101f
07-05 23:36:16.132 D/til@system( 2026): til_get_system_param option:100001D int:3, bool:3, ret:0
07-05 23:36:16.132 E/til     ( 2026): [til_get_current_input_source, 101] 
07-05 23:36:16.133 I/TVMW@HsTvSetting( 1234): Trace cmd, data = 0x7007
07-05 23:36:16.133 I/tilwrapper@sm( 2026): HS2TIL_SourceType *hs=0xd, *til=0x900
07-05 23:36:16.133 D/til     ( 2026): get current source 2304
07-05 23:36:16.133 D/SourceRemoteServiceHandler( 2026): getCurrentInputSource.from.til.result is 0, value is 2304
07-05 23:36:16.133 D/SourceRemoteServiceHandler( 2026): getInputSourceType source: 0x900, type=2304
07-05 23:36:16.133 D/til     ( 2026): ###### func:til_get_picture_param option:0x3000006 ######  
07-05 23:36:16.134 I/TVMW@HsTvSetting( 1234): Trace cmd, data = 0x1003
07-05 23:36:16.135 E/MessageService(15912): MSG_PULL ... getMsg null or error
07-05 23:36:16.136 I/TVMW@HsTvSetting( 1234): Trace cmd, data = 0x8032
07-05 23:36:16.136 I/hstvos  ( 1216): [0m[1;33m[HSHAL][HS_VIDEO][HS_HAL_Video_SetOsdDetect_v2][2389]u16Threshold = 20
07-05 23:36:16.137 E/TVMW@videoctrl( 1234):  getOsd is 1
07-05 23:36:16.137 D/til@system( 2026): til_get_system_param option:1000027 int:1, bool:1, ret:0
07-05 23:36:16.137 D/til     ( 2026): ###### func:til_get_picture_param option:0x3000045 ######  
07-05 23:36:16.138 I/TVMW@HsTvSetting( 1234): Trace cmd, data = 0x300c
07-05 23:36:16.138 I/TVMW@HsTvSetting( 1234): Trace 3d, data = 0x300c
07-05 23:36:16.138 I/TVMW@3d ( 1234): Hs_debug3d_trace: func:get3dStatus, line:109
07-05 23:36:16.139 E/MessageService(15912): MSG_PULL +!MessageServiceApplication.mApp.ismUsingDB()true
07-05 23:36:16.169 I/MiSysSrv( 1214): [37m[INFO] Change to Voltage: 117 mv (0x32)[m
07-05 23:36:16.191 I/MyFragmentStateAdapter( 3698): getCount
07-05 23:36:16.234 I/MyFragmentStateAdapter( 3698): getCount
07-05 23:36:16.237 E/MessageService(15912): MSG_PULL ... getMsg null or error
07-05 23:36:16.277 I/MyFragmentStateAdapter( 3698): getCount
07-05 23:36:16.293 D/MSTAR_VDEC_DBG( 1206): Stream ID: 0, Rate : 23 (E:0,D:0,S:0,F:119) 
07-05 23:36:16.319 I/MyFragmentStateAdapter( 3698): getCount
07-05 23:36:16.370 I/MiSysSrv( 1214): [37m[INFO] Change to Voltage: 112 mv (0x2D)[m
07-05 23:36:16.370 I/MyFragmentStateAdapter( 3698): getCount
07-05 23:36:16.413 I/MyFragmentStateAdapter( 3698): getCount
07-05 23:36:16.433 I/HLSP2P  (16183): ## 2017-07-05 23:36:16.429 [16183,16481,:0] INFO ## [HLSP2P][DownloadManager.cpp:35][INFO][SendHeartBeatMsg]send heartbeat to punch server ok
07-05 23:36:16.433 D/GlobalInputEventMonitoringService( 1733): interceptKeyBeforeQueueing(), event:20, mNeedMonitorKeyEvent:true, mWaitForKeyUpEvent:false
07-05 23:36:16.433 D/GlobalInputEventMonitoringService( 1733): processKeyEvent(), processKeyEvent event:20
07-05 23:36:16.433 D/WindowManager( 1733): interceptKeyTq keycode=20 interactive=true keyguardActive=false policyFlags=2b000000 isCancled= false
07-05 23:36:16.434 D/PowerManagerService( 1733): userActivityNoUpdateLocked: eventTime=17818004, event=1, flags=0x0, uid=1000
07-05 23:36:16.434 D/WindowManager( 1733): interceptKeyTi keyCode=20 down=true repeatCount=0 keyguardOn=false mHomePressed=false canceled=false
07-05 23:36:16.434 D/WindowManager( 1733): Hisense systemkey event: 20
07-05 23:36:16.434 D/HisenseGlobalKeyManager( 1733): handleGlobalKey() : Global event = KeyEvent { action=ACTION_DOWN, keyCode=KEYCODE_DPAD_DOWN, scanCode=0, metaState=0, flags=0x0, repeatCount=0, eventTime=17818004, downTime=17818004, deviceId=-1, source=0x101 }
07-05 23:36:16.442 D/SogouIME( 2203): [onKeyDown] keycode = 20 model = VIDAA_TV
07-05 23:36:16.449 D/Carousel-CarouselDisplayPlayerLayout( 3698): HasFocus:true,keyCode:20
07-05 23:36:16.449 D/Carousel-CarouselDisplayPlayerLayout( 3698): isFullScreen:false
07-05 23:36:16.449 D/Carousel-CarouselDisplayPlayerLayout( 3698): isFullScreen:false
07-05 23:36:16.449 I/HomeMainActivity( 3698): carousel handle key:false
07-05 23:36:16.457 I/HLSP2P  (16183): ## 2017-07-05 23:36:16.456 [16183,16483,:0] INFO ## [HLSP2P][DownloadManager.cpp:35][INFO][OnHeartbeatRsp]punch heartbeat rsp ok
07-05 23:36:16.457 I/MainHomeView( 3698): dispatchKeyEvent ACTION_DOWN now 
07-05 23:36:16.457 D/Carousel-CarouselDisplayPicLayout( 3698): keyCode=20
07-05 23:36:16.457 I/FirstLineAdapter( 3698): onCarouselKeyDown: output=true,event=KeyEvent { action=ACTION_DOWN, keyCode=KEYCODE_DPAD_DOWN, scanCode=0, metaState=0, flags=0x0, repeatCount=0, eventTime=17818004, downTime=17818004, deviceId=-1, source=0x101 }
07-05 23:36:16.457 I/HomeMainActivity( 3698): onKeyDown is 20
07-05 23:36:16.458 I/BaseContentFragment( 3698): setRowViewSelectedViewHolder{fa156e8 position=1 id=-1, oldPos=-1, pLpos:-1},isSelectedfalse
07-05 23:36:16.458 I/BaseContentFragment( 3698): setRowViewSelectedViewHolder{1bcd9167 position=2 id=-1, oldPos=-1, pLpos:-1},isSelectedtrue
07-05 23:36:16.461 I/RoleContentFragment( 3698): onChildSelected:2,lastPos=1
07-05 23:36:16.462 I/CurrentCarouselView( 3698): onCarouseControlCarouselControlBean{mShoudScroll=false, mActivityHasResume=false, mActivityHasStop=false, mHasTurnGone=false, mHasTurnVisible=false, mChannelId=0, mSlideOffset=0.0, mShouldSelectCenter=false, mTabOpen=false, mHoriPosStatus=None, mVerPosStatus=Out, mLevelStatus=None},isPlayingtrue,channelId=0
07-05 23:36:16.462 I/CurrentCarouselView( 3698): is the current page
07-05 23:36:16.462 I/CurrentCarouselView( 3698): stopPlay
07-05 23:36:16.465 D/Carousel-CarouselView( 3698): ============>onFocusChange=false
07-05 23:36:16.467 D/Carousel-CarouselDisplayPlayerLayout( 3698): isFullScreen:false
07-05 23:36:16.467 D/Carousel-CarouselView( 3698): isFullScreen:false,hasFocus:false
07-05 23:36:16.467 D/Carousel-CarouselView( 3698): ============>offset=-1497
07-05 23:36:16.467 D/Carousel-CarouselDisplayPlayerLayout( 3698): showPlayerWindowTip showable:false
07-05 23:36:16.469 I/MiSysSrv( 1214): [37m[INFO] Change to Voltage: 107 mv (0x28)[m
07-05 23:36:16.474 I/ContentBridgeAdapterListener( 3698): onAddPresenter 3
07-05 23:36:16.475 D/GlobalInputEventMonitoringService( 1733): interceptKeyBeforeQueueing(), event:20, mNeedMonitorKeyEvent:true, mWaitForKeyUpEvent:false
07-05 23:36:16.475 D/GlobalInputEventMonitoringService( 1733): processKeyEvent(), processKeyEvent event:20
07-05 23:36:16.475 D/WindowManager( 1733): interceptKeyTq keycode=20 interactive=true keyguardActive=false policyFlags=2b000000 isCancled= false
07-05 23:36:16.476 D/WindowManager( 1733): interceptKeyTi keyCode=20 down=false repeatCount=0 keyguardOn=false mHomePressed=false canceled=false
07-05 23:36:16.476 D/WindowManager( 1733): Hisense systemkey event: 20
07-05 23:36:16.476 D/HisenseGlobalKeyManager( 1733): handleGlobalKey() : Global event = KeyEvent { action=ACTION_UP, keyCode=KEYCODE_DPAD_DOWN, scanCode=0, metaState=0, flags=0x0, repeatCount=0, eventTime=17818004, downTime=17818004, deviceId=-1, source=0x101 }
07-05 23:36:16.490 I/NetflixMonitorService( 1733): current fgapk : com.hisense.hicloud.edca
07-05 23:36:16.490 I/NetflixMonitorService( 1733): Netflix status unchanged
07-05 23:36:16.498 I/ContentBridgeAdapterListener( 3698): onCreate ViewHolder{19820f2 position=-1 id=-1, oldPos=-1, pLpos:-1 unbound no parent}
07-05 23:36:16.499 I/BaseContentFragment( 3698): setUpSharedViewPoolViewHolder{19820f2 position=-1 id=-1, oldPos=-1, pLpos:-1 unbound no parent}
07-05 23:36:16.499 I/BaseContentFragment( 3698): share view pool
07-05 23:36:16.499 I/BaseContentFragment( 3698): setRowViewSelectedViewHolder{19820f2 position=-1 id=-1, oldPos=-1, pLpos:-1 unbound no parent},isSelectedfalse
07-05 23:36:16.499 I/head    ( 3698): item=com.hisense.tvui.newhome.presenter.TwoLineListRow@34fbf343
07-05 23:36:16.499 I/ContentBridgeAdapterListener( 3698): onBind 
07-05 23:36:16.500 I/ContentBridgeAdapterListener( 3698): onAttachedToWindow ViewHolder{19820f2 position=3 id=-1, oldPos=-1, pLpos:-1}
07-05 23:36:16.512 I/CardSelectionPresenter( 3698): onCreateViewHoldercom.hisense.leanback.widget.HorizontalGridView{3c372dc0 VFE..... ......I. 0,0-0,0 #7f0d038e app:id/row_content}
07-05 23:36:16.523 I/CardSelectionPresenter( 3698): onBindViewHolder
07-05 23:36:16.523 D/sloven  ( 3698): 1002---true
07-05 23:36:16.523 I/CardSelectionPresenter( 3698): width=390,height=220
07-05 23:36:16.566 D/hailongqiu( 3698): hailongqiu position:0
07-05 23:36:16.569 I/CardSelectionPresenter( 3698): onCreateViewHoldercom.hisense.leanback.widget.HorizontalGridView{3c372dc0 VFE..... ......ID 0,0-1738,588 #7f0d038e app:id/row_content}
07-05 23:36:16.577 I/CardSelectionPresenter( 3698): onBindViewHolder
07-05 23:36:16.577 D/sloven  ( 3698): 1002---true
07-05 23:36:16.577 I/CardSelectionPresenter( 3698): width=390,height=220
07-05 23:36:16.589 I/CardSelectionPresenter( 3698): onCreateViewHoldercom.hisense.leanback.widget.HorizontalGridView{3c372dc0 VFE..... ......ID 0,0-1738,588 #7f0d038e app:id/row_content}
07-05 23:36:16.597 I/CardSelectionPresenter( 3698): onBindViewHolder
07-05 23:36:16.597 D/sloven  ( 3698): 1002---true
07-05 23:36:16.597 I/CardSelectionPresenter( 3698): width=400,height=220
07-05 23:36:16.601 I/CardSelectionPresenter( 3698): onCreateViewHoldercom.hisense.leanback.widget.HorizontalGridView{3c372dc0 VFE..... ......ID 0,0-1738,588 #7f0d038e app:id/row_content}
07-05 23:36:16.605 I/CardSelectionPresenter( 3698): onBindViewHolder
07-05 23:36:16.605 D/sloven  ( 3698): 1002---true
07-05 23:36:16.605 I/CardSelectionPresenter( 3698): width=400,height=220
07-05 23:36:16.606 D/PowerManagerService( 1733): acquireWakeLockInternal: lock=113832109, flags=0x1, tag="NetworkStats", ws=null, uid=1000, pid=1733
07-05 23:36:16.606 D/PowerManagerNotifier( 1733): onWakeLockAcquired: flags=1, tag="NetworkStats", packageName=android, ownerUid=1000, ownerPid=1733, workSource=null
07-05 23:36:16.606 D/NtpTrustedTime( 1733): currentTimeMillis() cache hit
07-05 23:36:16.612 D/NtpTrustedTime( 1733): currentTimeMillis() cache hit
07-05 23:36:16.612 D/PowerManagerService( 1733): releaseWakeLockInternal: lock=113832109 [NetworkStats], flags=0x0
07-05 23:36:16.612 D/PowerManagerNotifier( 1733): onWakeLockReleased: flags=1, tag="NetworkStats", packageName=android, ownerUid=1000, ownerPid=1733, workSource=null
07-05 23:36:16.612 D/NtpTrustedTime( 1733): currentTimeMillis() cache hit
07-05 23:36:16.612 D/NtpTrustedTime( 1733): currentTimeMillis() cache hit
07-05 23:36:16.618 I/CardSelectionPresenter( 3698): onCreateViewHoldercom.hisense.leanback.widget.HorizontalGridView{3c372dc0 VFE..... ......ID 0,0-1738,588 #7f0d038e app:id/row_content}
07-05 23:36:16.625 I/CardSelectionPresenter( 3698): onBindViewHolder
07-05 23:36:16.626 D/sloven  ( 3698): 1002---true
07-05 23:36:16.626 I/CardSelectionPresenter( 3698): width=400,height=220
07-05 23:36:16.630 I/CardSelectionPresenter( 3698): onCreateViewHoldercom.hisense.leanback.widget.HorizontalGridView{3c372dc0 VFE..... ......ID 0,0-1738,588 #7f0d038e app:id/row_content}
07-05 23:36:16.635 I/CardSelectionPresenter( 3698): onBindViewHolder
07-05 23:36:16.635 D/sloven  ( 3698): 1002---true
07-05 23:36:16.635 I/CardSelectionPresenter( 3698): width=400,height=220
07-05 23:36:16.637 I/TVMW@HsTvSetting( 1234): Trace cmd, data = 0x1058
07-05 23:36:16.638 D/til@system( 2026): til_get_system_param option:100002F int:0, bool:0, ret:0
07-05 23:36:16.638 I/TVMW@HsTvSetting( 1234): Trace cmd, data = 0x101f
07-05 23:36:16.638 D/til@system( 2026): til_get_system_param option:100001D int:3, bool:3, ret:0
07-05 23:36:16.638 E/til     ( 2026): [til_get_current_input_source, 101] 
07-05 23:36:16.638 I/TVMW@HsTvSetting( 1234): Trace cmd, data = 0x7007
07-05 23:36:16.638 I/tilwrapper@sm( 2026): HS2TIL_SourceType *hs=0xd, *til=0x900
07-05 23:36:16.638 D/til     ( 2026): get current source 2304
07-05 23:36:16.639 D/SourceRemoteServiceHandler( 2026): getCurrentInputSource.from.til.result is 0, value is 2304
07-05 23:36:16.639 D/SourceRemoteServiceHandler( 2026): getInputSourceType source: 0x900, type=2304
07-05 23:36:16.639 D/til     ( 2026): ###### func:til_get_picture_param option:0x3000006 ######  
07-05 23:36:16.639 I/TVMW@HsTvSetting( 1234): Trace cmd, data = 0x1003
07-05 23:36:16.639 I/TVMW@HsTvSetting( 1234): Trace cmd, data = 0x8032
07-05 23:36:16.640 I/hstvos  ( 1216): [0m[1;33m[HSHAL][HS_VIDEO][HS_HAL_Video_SetOsdDetect_v2][2389]u16Threshold = 20
07-05 23:36:16.640 E/TVMW@videoctrl( 1234):  getOsd is 1
07-05 23:36:16.641 D/til@system( 2026): til_get_system_param option:1000027 int:1, bool:1, ret:0
07-05 23:36:16.641 D/til     ( 2026): ###### func:til_get_picture_param option:0x3000045 ######  
07-05 23:36:16.641 I/TVMW@HsTvSetting( 1234): Trace cmd, data = 0x300c
07-05 23:36:16.641 I/TVMW@HsTvSetting( 1234): Trace 3d, data = 0x300c
07-05 23:36:16.641 I/TVMW@3d ( 1234): Hs_debug3d_trace: func:get3dStatus, line:109
07-05 23:36:16.642 I/HLSP2P  (16224): ## 2017-07-05 23:36:16.641 [16224,16378,:0] INFO ## [HLSP2P][TaskManager.cpp:838][INFO][UpdateGlobalInfo]totalDataSize: 0, totalMemorySize: 0, totalCacheSize: 0, PlayTaskAllFinish: 0
07-05 23:36:16.643 I/CardSelectionPresenter( 3698): onCreateViewHoldercom.hisense.leanback.widget.HorizontalGridView{3c372dc0 VFE..... ......ID 0,0-1738,588 #7f0d038e app:id/row_content}
07-05 23:36:16.647 I/HLSP2P  (16224): ## 2017-07-05 23:36:16.647 [16224,16378,:0] INFO ## [HLSP2P][TaskManager.cpp:1348][INFO][TryAdjustMemorySize]system memory total size: 1912M, free size: 347MB, cache add to 100MB, AppState: 14, IsLowMemory: 0
07-05 23:36:16.649 I/CardSelectionPresenter( 3698): onBindViewHolder
07-05 23:36:16.650 D/sloven  ( 3698): 2005---false
07-05 23:36:16.650 D/sloven  ( 3698): 2005
07-05 23:36:16.650 I/CardSelectionPresenter( 3698): width=400,height=220
07-05 23:36:16.653 I/CardSelectionPresenter( 3698): onCreateViewHoldercom.hisense.leanback.widget.HorizontalGridView{3c372dc0 VFE..... ......ID 0,0-1738,588 #7f0d038e app:id/row_content}
07-05 23:36:16.659 I/CardSelectionPresenter( 3698): onBindViewHolder
07-05 23:36:16.659 D/sloven  ( 3698): 2005---false
07-05 23:36:16.659 D/sloven  ( 3698): 2005
07-05 23:36:16.660 I/CardSelectionPresenter( 3698): width=400,height=220
07-05 23:36:16.662 I/CardSelectionPresenter( 3698): onCreateViewHoldercom.hisense.leanback.widget.HorizontalGridView{3c372dc0 VFE..... ......ID 0,0-1738,588 #7f0d038e app:id/row_content}
07-05 23:36:16.669 I/MiSysSrv( 1214): [37m[INFO] Change to Voltage: 102 mv (0x23)[m
07-05 23:36:16.675 I/CardSelectionPresenter( 3698): onBindViewHolder
07-05 23:36:16.675 D/sloven  ( 3698): 2005---false
07-05 23:36:16.675 D/sloven  ( 3698): 2005
07-05 23:36:16.676 I/CardSelectionPresenter( 3698): width=400,height=220
07-05 23:36:16.679 I/CardSelectionPresenter( 3698): onCreateViewHoldercom.hisense.leanback.widget.HorizontalGridView{3c372dc0 VFE..... ......ID 0,0-1738,588 #7f0d038e app:id/row_content}
07-05 23:36:16.685 I/CardSelectionPresenter( 3698): onBindViewHolder
07-05 23:36:16.685 D/sloven  ( 3698): 2005---false
07-05 23:36:16.685 D/sloven  ( 3698): 2005
07-05 23:36:16.686 I/CardSelectionPresenter( 3698): width=400,height=220
07-05 23:36:16.690 I/MyFragmentStateAdapter( 3698): getCount
07-05 23:36:16.690 I/MyFragmentStateAdapter( 3698): getCount
07-05 23:36:16.691 I/MyFragmentStateAdapter( 3698): getCount
07-05 23:36:16.691 I/MyFragmentStateAdapter( 3698): getCount
07-05 23:36:16.691 I/FirstLineAdapter( 3698): canShowTrailer,isOffline=false
07-05 23:36:16.691 I/FirstLineAdapter( 3698): canShowTrailer,isOffline=false
07-05 23:36:16.692 I/FirstLineAdapter( 3698): canShowTrailer,isOffline=false
07-05 23:36:16.692 I/FirstLineAdapter( 3698): canShowTrailer,isOffline=false
07-05 23:36:16.692 I/FirstLineAdapter( 3698): canShowTrailer,isOffline=false
07-05 23:36:16.692 I/FirstLineAdapter( 3698): canShowTrailer,isOffline=false
07-05 23:36:16.692 I/FirstLineAdapter( 3698): canShowTrailer,isOffline=false
07-05 23:36:16.692 I/FirstLineAdapter( 3698): canShowTrailer,isOffline=false
07-05 23:36:16.692 I/FirstLineAdapter( 3698): canShowTrailer,isOffline=false
07-05 23:36:16.696 D/Carousel-CarouselView( 3698): ============>onScrollChanged hashCode:752787492
07-05 23:36:16.696 D/Carousel-CarouselDisplayPlayerLayout( 3698): isFullScreen:false
07-05 23:36:16.719 I/MyFragmentStateAdapter( 3698): getCount
07-05 23:36:16.734 I/MyFragmentStateAdapter( 3698): getCount
07-05 23:36:16.768 D/Carousel-CarouselDisplayPlayerLayout( 3698): HasFocus:false,keyCode:20
07-05 23:36:16.768 D/Carousel-CarouselDisplayPlayerLayout( 3698): isFullScreen:false
07-05 23:36:16.768 I/HomeMainActivity( 3698): carousel handle key:false
07-05 23:36:16.769 D/Carousel-CarouselView( 3698): setPosterAndStopPlay! hashCode=752787492, sWorkingHashCode=752787492
07-05 23:36:16.769 D/Carousel-CarouselDisplayPlayerLayout( 3698): isFullScreen:false
07-05 23:36:16.769 D/Carousel-Utils( 3698): displayImage view=android.widget.ImageView{6496d42 G.ED.... ........ 0,0-816,460 #7f0d0029 app:id/imageView1}
07-05 23:36:16.769 D/Carousel-Utils( 3698): displayImage url=http://picture.edu.hismarttv.com/images/20170629010146422927.jpg
07-05 23:36:16.769 D/Carousel-Utils( 3698): onResourceReady.
07-05 23:36:16.771 D/Carousel-Utils( 3698): displayImage view=android.widget.ImageView{354441b9 G.ED.... ........ 0,0-816,460 #7f0d0029 app:id/imageView1}
07-05 23:36:16.771 D/Carousel-Utils( 3698): displayImage url=http://picture.edu.hismarttv.com/images/20170629010146422927.jpg
07-05 23:36:16.772 D/Carousel-Utils( 3698): onResourceReady.
07-05 23:36:16.775 D/Carousel-CarouselDisplayPlayerLayout( 3698): isFullScreen:false
07-05 23:36:16.778 V/InputMethodService( 2203): startInput(): editor=android.view.inputmethod.EditorInfo@dbe4ef3
07-05 23:36:16.778 V/InputMethodService( 2203): CALL: onFinishInput
07-05 23:36:16.778 E/SOGOUIME_JNI( 2203): reset
07-05 23:36:16.778 E/SOGOUIME_JNI( 2203): getCandidates
07-05 23:36:16.778 E/SOGOUIME_JNI( 2203): ime_get_uncommitted_length
07-05 23:36:16.779 E/SOGOUIME_JNI( 2203): getCandidates
07-05 23:36:16.779 D/SogouIME API( 2203): ==============num:32
07-05 23:36:16.779 E/SOGOUIME_JNI( 2203): ime_get_uncommitted_length
07-05 23:36:16.779 D/SogouIME( 2203): mFocusedComponent:30   isHkbEnable:false
07-05 23:36:16.779 E/SOGOUIME_JNI( 2203): ime_get_uncommitted_length
07-05 23:36:16.779 E/SOGOUIME_JNI( 2203): ime_get_committed_length
07-05 23:36:16.779 D/Carousel-CarouselDisplayPlayerLayout( 3698): x=380, y=121,w=892,h=536, hashCode=132086700
07-05 23:36:16.779 E/SOGOUIME_JNI( 2203): getComposingInfo
07-05 23:36:16.779 E/SOGOUIME_JNI( 2203): getComposingInfo
07-05 23:36:16.779 D/Carousel-CarouselDisplayPlayerLayout( 3698): mX=380, mY=167,mWitdh=892,mHeight=536, hashCode=132086700
07-05 23:36:16.779 E/SOGOUIME_JNI( 2203): getCorrectInfo
07-05 23:36:16.779 D/Carousel-CarouselDisplayPlayerLayout( 3698): changed=true, hashCode=132086700
07-05 23:36:16.779 E/SOGOUIME_JNI( 2203): getComposingInfo
07-05 23:36:16.779 D/Carousel-Utils( 3698): x=380,y=121, width=892,height=536
07-05 23:36:16.779 D/Carousel-CarouselView( 3698): OnScrollStart DisplayPlayerLayout isnot shown return.
07-05 23:36:16.780 V/InputMethodService( 2203): CALL: onStartInput
07-05 23:36:16.781 I/ContentBridgeAdapterListener( 3698): onDetachedFromWindow ViewHolder{3a835915 position=0 id=-1, oldPos=-1, pLpos:-1}
07-05 23:36:16.782 E/SOGOUIME_JNI( 2203): invalidateCommitWordPinyinNative
07-05 23:36:16.782 D/SogouIME( 2203): =====configKeyboard=======:false     false
07-05 23:36:16.782 E/SOGOUIME_JNI( 2203): ime_set_hard_kb_enable
07-05 23:36:16.787 I/MyFragmentStateAdapter( 3698): getCount
07-05 23:36:16.787 I/MyFragmentStateAdapter( 3698): getCount
07-05 23:36:16.787 I/MyFragmentStateAdapter( 3698): getCount
07-05 23:36:16.787 I/MyFragmentStateAdapter( 3698): getCount
07-05 23:36:16.790 D/Surface ( 1733): onStatusChange() : mNativeObject = 547942785536 mUseImageHwRender = false
07-05 23:36:16.790 V/Surface ( 1733): nativeSetHardwareRender() : status = 0
07-05 23:36:16.790 V/Surface ( 1733): nativeSetHardwareRender() : end
07-05 23:36:16.792 D/PowerManagerService( 1733): releaseWakeLockInternal: lock=487931605 [WindowManager], flags=0x0
07-05 23:36:16.792 D/PowerManagerNotifier( 1733): onWakeLockReleased: flags=536870922, tag="WindowManager", packageName=android, ownerUid=1000, ownerPid=1733, workSource=WorkSource{10010}
07-05 23:36:16.792 D/PowerManagerService( 1733): userActivityNoUpdateLocked: eventTime=17818364, event=0, flags=0x1, uid=1000
07-05 23:36:16.792 D/PowerManagerService( 1733): setScreenBrightnessOverrideFromWindowManagerInternal done
07-05 23:36:16.796 D/Surface ( 1733): onStatusChange() : mNativeObject = 0 mUseImageHwRender = false
07-05 23:36:16.797 I/FirstLineAdapter( 3698): canShowTrailer,isOffline=false
07-05 23:36:16.797 I/FirstLineAdapter( 3698): canShowTrailer,isOffline=false
07-05 23:36:16.797 I/FirstLineAdapter( 3698): canShowTrailer,isOffline=false
07-05 23:36:16.797 I/FirstLineAdapter( 3698): canShowTrailer,isOffline=false
07-05 23:36:16.797 I/FirstLineAdapter( 3698): canShowTrailer,isOffline=false
07-05 23:36:16.797 I/FirstLineAdapter( 3698): canShowTrailer,isOffline=false
07-05 23:36:16.797 I/FirstLineAdapter( 3698): canShowTrailer,isOffline=false
07-05 23:36:16.798 I/FirstLineAdapter( 3698): canShowTrailer,isOffline=false
07-05 23:36:16.798 I/FirstLineAdapter( 3698): canShowTrailer,isOffline=false
07-05 23:36:16.801 D/Carousel-CarouselView( 3698): ============>onScrollChanged hashCode:752787492
07-05 23:36:16.801 D/Carousel-CarouselDisplayPlayerLayout( 3698): isFullScreen:false
07-05 23:36:16.806 I/MyFragmentStateAdapter( 3698): getCount
07-05 23:36:16.815 D/Carousel-CarouselDisplayPlayerLayout( 3698): x=380, y=-185,w=892,h=536, hashCode=132086700
07-05 23:36:16.815 D/Carousel-CarouselDisplayPlayerLayout( 3698): mX=380, mY=121,mWitdh=892,mHeight=536, hashCode=132086700
07-05 23:36:16.815 D/Carousel-CarouselDisplayPlayerLayout( 3698): changed=true, hashCode=132086700
07-05 23:36:16.815 D/Carousel-Utils( 3698): x=380,y=-185, width=892,height=536
07-05 23:36:16.815 D/Carousel-CarouselView( 3698): onWindowOutScreen!
07-05 23:36:16.876 D/MyLocalStartService(16899): currentName is :com.hisense.hicloud.edca
07-05 23:36:16.912 D/Carousel-CarouselDisplayPlayerLayout( 3698): x=380, y=-185,w=892,h=536, hashCode=132086700
07-05 23:36:16.912 D/Carousel-CarouselDisplayPlayerLayout( 3698): mX=380, mY=-185,mWitdh=892,mHeight=536, hashCode=132086700
07-05 23:36:16.912 D/Carousel-CarouselDisplayPlayerLayout( 3698): changed=false, hashCode=132086700
07-05 23:36:16.912 D/Carousel-CarouselDisplayPlayerLayout( 3698): extraTryCount=0
07-05 23:36:16.912 D/Carousel-CarouselView( 3698): setPosterAndStopPlay! hashCode=752787492, sWorkingHashCode=752787492
07-05 23:36:16.912 D/Carousel-CarouselDisplayPlayerLayout( 3698): isFullScreen:false
07-05 23:36:16.912 D/Carousel-Utils( 3698): displayImage view=android.widget.ImageView{6496d42 V.ED.... ........ 0,0-816,460 #7f0d0029 app:id/imageView1}
07-05 23:36:16.912 D/Carousel-Utils( 3698): displayImage url=http://picture.edu.hismarttv.com/images/20170629010146422927.jpg
07-05 23:36:16.915 D/Carousel-Utils( 3698): onResourceReady.
07-05 23:36:16.916 D/Carousel-Utils( 3698): displayImage view=android.widget.ImageView{354441b9 V.ED.... ......ID 0,0-816,460 #7f0d0029 app:id/imageView1}
07-05 23:36:16.916 D/Carousel-Utils( 3698): displayImage url=http://picture.edu.hismarttv.com/images/20170629010146422927.jpg
07-05 23:36:16.917 D/Carousel-Utils( 3698): onResourceReady.
07-05 23:36:16.917 D/Carousel-CarouselDisplayPlayerLayout( 3698): isFullScreen:false
07-05 23:36:16.917 D/Carousel-CarouselDisplayPlayerLayout( 3698): x=380, y=-185,w=892,h=536, hashCode=132086700
07-05 23:36:16.918 D/Carousel-CarouselDisplayPlayerLayout( 3698): mX=380, mY=-185,mWitdh=892,mHeight=536, hashCode=132086700
07-05 23:36:16.918 D/Carousel-CarouselDisplayPlayerLayout( 3698): changed=false, hashCode=132086700
07-05 23:36:16.918 D/Carousel-CarouselDisplayPlayerLayout( 3698): extraTryCount=1
07-05 23:36:16.948 D/HttpHandler( 3698): VerifySignInterCeptor-->request.url()=http://picture.edu.hismarttv.com/images/20170628233246121281.jpg
07-05 23:36:16.948 D/HttpHandler( 3698): VerifySignInterCeptor-->hostname=picture.edu.hismarttv.com
07-05 23:36:16.950 D/HttpHandler( 3698): VerifySignInterCeptor-->request.url()=http://picture.edu.hismarttv.com/images/
07-05 23:36:16.950 D/HttpHandler( 3698): VerifySignInterCeptor-->hostname=picture.edu.hismarttv.com
07-05 23:36:16.951 D/HttpHandler( 3698): VerifySignInterCeptor-->request.url()=http://picture.edu.hismarttv.com/images/20170630060938851994.jpg
07-05 23:36:16.951 D/HttpHandler( 3698): VerifySignInterCeptor-->hostname=picture.edu.hismarttv.com
07-05 23:36:16.951 D/CardItemView( 3698): handleFocus subtile===>:
07-05 23:36:16.952 I/MyFragmentStateAdapter( 3698): getCount
07-05 23:36:16.952 I/MyFragmentStateAdapter( 3698): getCount
07-05 23:36:16.953 I/MyFragmentStateAdapter( 3698): getCount
07-05 23:36:16.953 I/MyFragmentStateAdapter( 3698): getCount
07-05 23:36:16.953 I/FirstLineAdapter( 3698): canShowTrailer,isOffline=false
07-05 23:36:16.953 I/FirstLineAdapter( 3698): canShowTrailer,isOffline=false
07-05 23:36:16.954 I/FirstLineAdapter( 3698): canShowTrailer,isOffline=false
07-05 23:36:16.954 I/FirstLineAdapter( 3698): canShowTrailer,isOffline=false
07-05 23:36:16.954 I/FirstLineAdapter( 3698): canShowTrailer,isOffline=false
07-05 23:36:16.954 I/FirstLineAdapter( 3698): canShowTrailer,isOffline=false
07-05 23:36:16.954 I/FirstLineAdapter( 3698): canShowTrailer,isOffline=false
07-05 23:36:16.955 I/FirstLineAdapter( 3698): canShowTrailer,isOffline=false
07-05 23:36:16.955 I/FirstLineAdapter( 3698): canShowTrailer,isOffline=false
07-05 23:36:16.958 D/OkHttp  ( 3698): --> GET http://picture.edu.hismarttv.com/images/20170628233246121281.jpg http/1.1
07-05 23:36:16.959 D/OkHttp  ( 3698): Host: picture.edu.hismarttv.com
07-05 23:36:16.959 D/OkHttp  ( 3698): Connection: Keep-Alive
07-05 23:36:16.959 D/OkHttp  ( 3698): Accept-Encoding: gzip
07-05 23:36:16.959 D/OkHttp  ( 3698): User-Agent: okhttp/3.6.0
07-05 23:36:16.959 D/OkHttp  ( 3698): --> END GET
07-05 23:36:16.963 I/MyFragmentStateAdapter( 3698): getCount
07-05 23:36:16.963 D/OkHttp  ( 3698): --> GET http://picture.edu.hismarttv.com/images/20170630060938851994.jpg http/1.1
07-05 23:36:16.963 D/OkHttp  ( 3698): Host: picture.edu.hismarttv.com
07-05 23:36:16.963 D/OkHttp  ( 3698): Connection: Keep-Alive
07-05 23:36:16.963 D/OkHttp  ( 3698): Accept-Encoding: gzip
07-05 23:36:16.963 D/OkHttp  ( 3698): User-Agent: okhttp/3.6.0
07-05 23:36:16.963 D/OkHttp  ( 3698): --> END GET
07-05 23:36:16.966 D/HttpHandler( 3698): VerifySignInterCeptor-->request.url()=http://picture.edu.hismarttv.com/images/20170629/%E6%B3%A1%E6%B3%A1%E8%8B%B1%E8%AF%AD.jpg
07-05 23:36:16.966 D/HttpHandler( 3698): VerifySignInterCeptor-->hostname=picture.edu.hismarttv.com
07-05 23:36:16.966 D/OkHttp  ( 3698): --> GET http://picture.edu.hismarttv.com/images/ http/1.1
07-05 23:36:16.966 D/OkHttp  ( 3698): Host: picture.edu.hismarttv.com
07-05 23:36:16.967 D/OkHttp  ( 3698): Connection: Keep-Alive
07-05 23:36:16.967 D/HttpHandler( 3698): HttpDNS-->hostname=picture.edu.hismarttv.com
07-05 23:36:16.968 D/OkHttp  ( 3698): Accept-Encoding: gzip
07-05 23:36:16.969 D/HttpHandler( 3698): RAMCache-->hostInfo.getClientTimeStamp()=17808344
07-05 23:36:16.969 D/OkHttp  ( 3698): User-Agent: okhttp/3.6.0
07-05 23:36:16.969 D/OkHttp  ( 3698): --> END GET
07-05 23:36:16.969 D/HttpHandler( 3698): RAMCache-->hostInfo.getTtl()=300
07-05 23:36:16.969 D/HttpHandler( 3698): RAMCache-->SystemClock.elapsedRealtime()=17818540
07-05 23:36:16.971 D/Carousel-CarouselDisplayPlayerLayout( 3698): x=380, y=-185,w=892,h=536, hashCode=132086700
07-05 23:36:16.971 D/Carousel-CarouselDisplayPlayerLayout( 3698): mX=380, mY=-185,mWitdh=892,mHeight=536, hashCode=132086700
07-05 23:36:16.971 D/Carousel-CarouselDisplayPlayerLayout( 3698): changed=false, hashCode=132086700
07-05 23:36:16.971 D/Carousel-CarouselDisplayPlayerLayout( 3698): extraTryCount=2
07-05 23:36:16.971 D/Carousel-CarouselDisplayPlayerLayout( 3698): x=380, y=-185,w=892,h=536, hashCode=132086700
07-05 23:36:16.972 D/Carousel-CarouselDisplayPlayerLayout( 3698): mX=380, mY=-185,mWitdh=892,mHeight=536, hashCode=132086700
07-05 23:36:16.972 D/Carousel-CarouselDisplayPlayerLayout( 3698): changed=false, hashCode=132086700
07-05 23:36:16.972 D/Carousel-CarouselDisplayPlayerLayout( 3698): extraTryCount=3
07-05 23:36:16.984 D/Carousel-CarouselDisplayPlayerLayout( 3698): x=380, y=-185,w=892,h=536, hashCode=132086700
07-05 23:36:16.984 D/Carousel-CarouselDisplayPlayerLayout( 3698): mX=380, mY=-185,mWitdh=892,mHeight=536, hashCode=132086700
07-05 23:36:16.984 D/Carousel-CarouselDisplayPlayerLayout( 3698): changed=false, hashCode=132086700
07-05 23:36:16.984 D/Carousel-CarouselDisplayPlayerLayout( 3698): extraTryCount=4
07-05 23:36:16.984 D/Carousel-CarouselDisplayPlayerLayout( 3698): x=380, y=-185,w=892,h=536, hashCode=132086700
07-05 23:36:16.984 D/Carousel-CarouselDisplayPlayerLayout( 3698): mX=380, mY=-185,mWitdh=892,mHeight=536, hashCode=132086700
07-05 23:36:16.984 D/Carousel-CarouselDisplayPlayerLayout( 3698): changed=false, hashCode=132086700
07-05 23:36:16.984 D/Carousel-CarouselDisplayPlayerLayout( 3698): extraTryCount=5
07-05 23:36:16.985 I/TVMW@devctrl( 1234): wdt
07-05 23:36:16.993 D/OkHttp  ( 3698): <-- 200 OK http://picture.edu.hismarttv.com/images/20170630060938851994.jpg (30ms)
07-05 23:36:17.001 D/OkHttp  ( 3698): <-- 200 OK http://picture.edu.hismarttv.com/images/20170628233246121281.jpg (41ms)
07-05 23:36:17.001 D/OkHttp  ( 3698): Date: Tue, 04 Jul 2017 05:48:32 GMT
07-05 23:36:17.001 D/OkHttp  ( 3698): Server: nginx
07-05 23:36:17.001 D/OkHttp  ( 3698): Content-Type: image/jpeg
07-05 23:36:17.001 D/OkHttp  ( 3698): Content-Length: 50603
07-05 23:36:17.001 D/OkHttp  ( 3698): Last-Modified: Wed, 28 Jun 2017 23:32:46 GMT
07-05 23:36:17.001 D/OkHttp  ( 3698): ETag: "59543c9e-c5ab"
07-05 23:36:17.001 D/OkHttp  ( 3698): Accept-Ranges: bytes
07-05 23:36:17.001 D/OkHttp  ( 3698): Age: 121664
07-05 23:36:17.001 D/OkHttp  ( 3698): Via: 1.1 zhiwtong176:0 (Cdn Cache Server V2.0)[0 200 0], 1.1 angtong92:5 (Cdn Cache Server V2.0)[0 200 0]
07-05 23:36:17.001 D/OkHttp  ( 3698): Connection: keep-alive
07-05 23:36:17.001 D/OkHttp  ( 3698): <-- END HTTP
07-05 23:36:17.003 D/Carousel-CarouselDisplayPlayerLayout( 3698): x=380, y=-185,w=892,h=536, hashCode=132086700
07-05 23:36:17.003 D/Carousel-CarouselDisplayPlayerLayout( 3698): mX=380, mY=-185,mWitdh=892,mHeight=536, hashCode=132086700
07-05 23:36:17.003 D/Carousel-CarouselDisplayPlayerLayout( 3698): changed=false, hashCode=132086700
07-05 23:36:17.003 D/Carousel-CarouselDisplayPlayerLayout( 3698): extraTryCount=6
07-05 23:36:17.003 D/Carousel-CarouselDisplayPlayerLayout( 3698): x=380, y=-185,w=892,h=536, hashCode=132086700
07-05 23:36:17.003 D/Carousel-CarouselDisplayPlayerLayout( 3698): mX=380, mY=-185,mWitdh=892,mHeight=536, hashCode=132086700
07-05 23:36:17.003 D/Carousel-CarouselDisplayPlayerLayout( 3698): changed=false, hashCode=132086700
07-05 23:36:17.003 D/Carousel-CarouselDisplayPlayerLayout( 3698): extraTryCount=7
07-05 23:36:17.024 D/OkHttp  ( 3698): Date: Wed, 05 Jul 2017 12:11:51 GMT
07-05 23:36:17.024 D/OkHttp  ( 3698): Server: nginx
07-05 23:36:17.024 D/OkHttp  ( 3698): Content-Type: image/jpeg
07-05 23:36:17.025 D/OkHttp  ( 3698): Content-Length: 84036
07-05 23:36:17.025 D/OkHttp  ( 3698): Last-Modified: Fri, 30 Jun 2017 06:09:38 GMT
07-05 23:36:17.025 D/OkHttp  ( 3698): ETag: "5955eb22-14844"
07-05 23:36:17.025 D/OkHttp  ( 3698): Accept-Ranges: bytes
07-05 23:36:17.026 D/OkHttp  ( 3698): Age: 12265
07-05 23:36:17.026 D/OkHttp  ( 3698): Via: 1.1 pingwangtong50:6 (Cdn Cache Server V2.0)[14 200 0], 1.1 changwtong52:6 (Cdn Cache Server V2.0)[0 200 0]
07-05 23:36:17.026 D/OkHttp  ( 3698): Connection: keep-alive
07-05 23:36:17.026 D/OkHttp  ( 3698): <-- END HTTP
07-05 23:36:17.031 I/MyFragmentStateAdapter( 3698): getCount
07-05 23:36:17.036 D/HttpHandler( 3698): RetryIntercepter-->retryNum=0
07-05 23:36:17.036 D/HttpHandler( 3698): RetryIntercepter-->backoffmutiplier=0
07-05 23:36:17.037 D/HttpHandler( 3698): RetryIntercepter-->retryNum=0
07-05 23:36:17.037 D/HttpHandler( 3698): RetryIntercepter-->backoffmutiplier=0
07-05 23:36:17.037 D/HttpHandler( 3698): DNSHelper-->gslbDns=["220.202.77.124","153.35.175.120","125.46.22.134","36.33.158.222","218.58.206.58","123.128.14.209","153.35.175.121"]
07-05 23:36:17.069 I/MiSysSrv( 1214): [37m[INFO] Change to Voltage: 117 mv (0x32)[m
07-05 23:36:17.080 D/OkHttp  ( 3698): <-- 403 Forbidden http://picture.edu.hismarttv.com/images/ (108ms)
07-05 23:36:17.080 D/OkHttp  ( 3698): Date: Wed, 05 Jul 2017 15:36:16 GMT
07-05 23:36:17.080 D/OkHttp  ( 3698): Server: nginx
07-05 23:36:17.080 D/OkHttp  ( 3698): Content-Type: text/html; charset=UTF-8
07-05 23:36:17.080 D/OkHttp  ( 3698): Content-Length: 162
07-05 23:36:17.080 D/OkHttp  ( 3698): Via: 1.1 shuozhou56:0 (Cdn Cache Server V2.0)[45 403 2], 1.1 echwt51:2 (Cdn Cache Server V2.0)[78 403 2]
07-05 23:36:17.080 D/OkHttp  ( 3698): Connection: close
07-05 23:36:17.080 D/OkHttp  ( 3698): <-- END HTTP
07-05 23:36:17.080 D/HttpHandler( 3698): RetryIntercepter-->retryNum=0
07-05 23:36:17.080 D/HttpHandler( 3698): RetryIntercepter-->backoffmutiplier=0
07-05 23:36:17.084 D/OkHttp  ( 3698): --> GET http://picture.edu.hismarttv.com/images/20170629/%E6%B3%A1%E6%B3%A1%E8%8B%B1%E8%AF%AD.jpg http/1.1
07-05 23:36:17.085 D/OkHttp  ( 3698): Host: picture.edu.hismarttv.com
07-05 23:36:17.085 D/OkHttp  ( 3698): Connection: Keep-Alive
07-05 23:36:17.085 D/OkHttp  ( 3698): Accept-Encoding: gzip
07-05 23:36:17.085 D/OkHttp  ( 3698): User-Agent: okhttp/3.6.0
07-05 23:36:17.085 D/OkHttp  ( 3698): --> END GET
07-05 23:36:17.097 D/HttpHandler( 3698): VerifySignInterCeptor-->request.url()=http://picture.edu.hismarttv.com/images/20170630060641226550.jpg
07-05 23:36:17.097 D/HttpHandler( 3698): VerifySignInterCeptor-->hostname=picture.edu.hismarttv.com
07-05 23:36:17.098 D/Carousel-CarouselDisplayPlayerLayout( 3698): x=380, y=-185,w=892,h=536, hashCode=132086700
07-05 23:36:17.098 D/Carousel-CarouselDisplayPlayerLayout( 3698): mX=380, mY=-185,mWitdh=892,mHeight=536, hashCode=132086700
07-05 23:36:17.098 D/Carousel-CarouselDisplayPlayerLayout( 3698): changed=false, hashCode=132086700
07-05 23:36:17.098 D/Carousel-CarouselDisplayPlayerLayout( 3698): extraTryCount=8
07-05 23:36:17.098 D/Carousel-CarouselDisplayPlayerLayout( 3698): x=380, y=-185,w=892,h=536, hashCode=132086700
07-05 23:36:17.098 D/Carousel-CarouselDisplayPlayerLayout( 3698): mX=380, mY=-185,mWitdh=892,mHeight=536, hashCode=132086700
07-05 23:36:17.098 D/Carousel-CarouselDisplayPlayerLayout( 3698): changed=false, hashCode=132086700
07-05 23:36:17.098 D/Carousel-CarouselDisplayPlayerLayout( 3698): extraTryCount=9
07-05 23:36:17.100 D/OkHttp  ( 3698): --> GET http://picture.edu.hismarttv.com/images/20170630060641226550.jpg http/1.1
07-05 23:36:17.100 D/OkHttp  ( 3698): Host: picture.edu.hismarttv.com
07-05 23:36:17.100 D/OkHttp  ( 3698): Connection: Keep-Alive
07-05 23:36:17.100 D/OkHttp  ( 3698): Accept-Encoding: gzip
07-05 23:36:17.100 D/OkHttp  ( 3698): User-Agent: okhttp/3.6.0
07-05 23:36:17.100 D/OkHttp  ( 3698): --> END GET
07-05 23:36:17.110 D/Carousel-CarouselDisplayPlayerLayout( 3698): x=380, y=-185,w=892,h=536, hashCode=132086700
07-05 23:36:17.110 D/Carousel-CarouselDisplayPlayerLayout( 3698): mX=380, mY=-185,mWitdh=892,mHeight=536, hashCode=132086700
07-05 23:36:17.110 D/Carousel-CarouselDisplayPlayerLayout( 3698): changed=false, hashCode=132086700
07-05 23:36:17.110 D/Carousel-CarouselDisplayPlayerLayout( 3698): isFullScreen:false
07-05 23:36:17.110 D/Carousel-CarouselView( 3698): ===========>mDisplayPlayerLayout.getVisibility()=8
07-05 23:36:17.110 D/Carousel-CarouselView( 3698): OnScrollEnd Visibility is gone return.
07-05 23:36:17.125 I/MyFragmentStateAdapter( 3698): getCount
07-05 23:36:17.131 D/OkHttp  ( 3698): <-- 200 OK http://picture.edu.hismarttv.com/images/20170629/%E6%B3%A1%E6%B3%A1%E8%8B%B1%E8%AF%AD.jpg (46ms)
07-05 23:36:17.131 D/OkHttp  ( 3698): Date: Mon, 03 Jul 2017 11:39:29 GMT
07-05 23:36:17.131 D/OkHttp  ( 3698): Server: nginx
07-05 23:36:17.131 D/OkHttp  ( 3698): Content-Type: image/jpeg
07-05 23:36:17.131 D/OkHttp  ( 3698): Content-Length: 121122
07-05 23:36:17.132 D/OkHttp  ( 3698): Last-Modified: Fri, 09 Jun 2017 14:51:42 GMT
07-05 23:36:17.132 D/OkHttp  ( 3698): ETag: "593ab5fe-1d922"
07-05 23:36:17.132 D/OkHttp  ( 3698): Accept-Ranges: bytes
07-05 23:36:17.132 D/OkHttp  ( 3698): Age: 187008
07-05 23:36:17.132 D/OkHttp  ( 3698): Via: 1.1 pingwangtong47:0 (Cdn Cache Server V2.0)[26 200 0], 1.1 hangwangtong56:4 (Cdn Cache Server V2.0)[0 200 0]
07-05 23:36:17.132 D/OkHttp  ( 3698): Connection: keep-alive
07-05 23:36:17.132 D/OkHttp  ( 3698): <-- END HTTP
07-05 23:36:17.135 D/HttpHandler( 3698): RetryIntercepter-->retryNum=0
07-05 23:36:17.135 D/HttpHandler( 3698): RetryIntercepter-->backoffmutiplier=0
07-05 23:36:17.138 D/OkHttp  ( 3698): <-- 200 OK http://picture.edu.hismarttv.com/images/20170630060641226550.jpg (38ms)
07-05 23:36:17.139 D/OkHttp  ( 3698): Date: Tue, 04 Jul 2017 01:17:05 GMT
07-05 23:36:17.139 D/OkHttp  ( 3698): Server: nginx
07-05 23:36:17.139 D/OkHttp  ( 3698): Content-Type: image/jpeg
07-05 23:36:17.139 D/OkHttp  ( 3698): Content-Length: 121881
07-05 23:36:17.139 D/OkHttp  ( 3698): Last-Modified: Fri, 30 Jun 2017 06:06:41 GMT
07-05 23:36:17.139 D/OkHttp  ( 3698): ETag: "5955ea71-1dc19"
07-05 23:36:17.139 D/OkHttp  ( 3698): Accept-Ranges: bytes
07-05 23:36:17.139 D/OkHttp  ( 3698): Age: 137952
07-05 23:36:17.139 D/OkHttp  ( 3698): Via: 1.1 wangt170:6 (Cdn Cache Server V2.0)[32 200 0], 1.1 t93:5 (Cdn Cache Server V2.0)[0 200 0]
07-05 23:36:17.139 D/OkHttp  ( 3698): Connection: keep-alive
07-05 23:36:17.139 D/OkHttp  ( 3698): <-- END HTTP
07-05 23:36:17.143 D/HttpHandler( 3698): RetryIntercepter-->retryNum=0
07-05 23:36:17.144 D/HttpHandler( 3698): RetryIntercepter-->backoffmutiplier=0
07-05 23:36:17.150 D/HttpHandler( 3698): VerifySignInterCeptor-->request.url()=http://picture.edu.hismarttv.com/images/20170630060711088714.jpg
07-05 23:36:17.151 D/HttpHandler( 3698): VerifySignInterCeptor-->hostname=picture.edu.hismarttv.com
07-05 23:36:17.151 I/TVMW@HsTvSetting( 1234): Trace cmd, data = 0x1058
07-05 23:36:17.151 D/til@system( 2026): til_get_system_param option:100002F int:0, bool:0, ret:0
07-05 23:36:17.151 I/TVMW@HsTvSetting( 1234): Trace cmd, data = 0x101f
07-05 23:36:17.152 D/til@system( 2026): til_get_system_param option:100001D int:3, bool:3, ret:0
07-05 23:36:17.152 E/til     ( 2026): [til_get_current_input_source, 101] 
07-05 23:36:17.152 I/TVMW@HsTvSetting( 1234): Trace cmd, data = 0x7007
07-05 23:36:17.152 I/tilwrapper@sm( 2026): HS2TIL_SourceType *hs=0xd, *til=0x900
07-05 23:36:17.152 D/til     ( 2026): get current source 2304
07-05 23:36:17.152 D/SourceRemoteServiceHandler( 2026): getCurrentInputSource.from.til.result is 0, value is 2304
07-05 23:36:17.152 D/SourceRemoteServiceHandler( 2026): getInputSourceType source: 0x900, type=2304
07-05 23:36:17.152 D/til     ( 2026): ###### func:til_get_picture_param option:0x3000006 ######  
07-05 23:36:17.152 I/TVMW@HsTvSetting( 1234): Trace cmd, data = 0x1003
07-05 23:36:17.153 I/TVMW@HsTvSetting( 1234): Trace cmd, data = 0x8032
07-05 23:36:17.153 I/hstvos  ( 1216): [0m[1;33m[HSHAL][HS_VIDEO][HS_HAL_Video_SetOsdDetect_v2][2389]u16Threshold = 20
07-05 23:36:17.159 E/TVMW@videoctrl( 1234):  getOsd is 1
07-05 23:36:17.160 D/til@system( 2026): til_get_system_param option:1000027 int:1, bool:1, ret:0
07-05 23:36:17.160 D/til     ( 2026): ###### func:til_get_picture_param option:0x3000045 ######  
07-05 23:36:17.160 I/TVMW@HsTvSetting( 1234): Trace cmd, data = 0x300c
07-05 23:36:17.160 I/TVMW@HsTvSetting( 1234): Trace 3d, data = 0x300c
07-05 23:36:17.160 I/TVMW@3d ( 1234): Hs_debug3d_trace: func:get3dStatus, line:109
07-05 23:36:17.189 I/MyFragmentStateAdapter( 3698): getCount
07-05 23:36:17.190 I/MyFragmentStateAdapter( 3698): getCount
07-05 23:36:17.190 I/MyFragmentStateAdapter( 3698): getCount
07-05 23:36:17.190 I/MyFragmentStateAdapter( 3698): getCount
07-05 23:36:17.200 I/MyFragmentStateAdapter( 3698): getCount
07-05 23:36:17.201 I/art     ( 3698): Background partial concurrent mark sweep GC freed 30102(1505KB) AllocSpace objects, 1(47KB) LOS objects, 12% free, 27MB/31MB, paused 2.666ms total 125.146ms
07-05 23:36:17.210 D/OkHttp  ( 3698): --> GET http://picture.edu.hismarttv.com/images/20170630060711088714.jpg http/1.1
07-05 23:36:17.210 D/OkHttp  ( 3698): Host: picture.edu.hismarttv.com
07-05 23:36:17.210 D/OkHttp  ( 3698): Connection: Keep-Alive
07-05 23:36:17.210 D/OkHttp  ( 3698): Accept-Encoding: gzip
07-05 23:36:17.210 D/OkHttp  ( 3698): User-Agent: okhttp/3.6.0
07-05 23:36:17.210 D/OkHttp  ( 3698): --> END GET
07-05 23:36:17.213 I/MyFragmentStateAdapter( 3698): getCount
07-05 23:36:17.221 D/HttpHandler( 3698): VerifySignInterCeptor-->request.url()=http://picture.edu.hismarttv.com/images/20170629/%E5%A4%9A%E7%91%9E%E5%84%BF%E6%AD%8C.jpg
07-05 23:36:17.221 D/HttpHandler( 3698): VerifySignInterCeptor-->hostname=picture.edu.hismarttv.com
07-05 23:36:17.224 D/HttpHandler( 3698): HttpDNS-->hostname=picture.edu.hismarttv.com
07-05 23:36:17.225 D/HttpHandler( 3698): RAMCache-->hostInfo.getClientTimeStamp()=17808344
07-05 23:36:17.225 D/HttpHandler( 3698): RAMCache-->hostInfo.getTtl()=300
07-05 23:36:17.225 D/HttpHandler( 3698): RAMCache-->SystemClock.elapsedRealtime()=17818797
07-05 23:36:17.234 D/HttpHandler( 3698): DNSHelper-->gslbDns=["220.202.77.124","153.35.175.120","125.46.22.134","36.33.158.222","218.58.206.58","123.128.14.209","153.35.175.121"]
07-05 23:36:17.250 D/OkHttp  ( 3698): <-- 200 OK http://picture.edu.hismarttv.com/images/20170630060711088714.jpg (39ms)
07-05 23:36:17.252 D/Carousel-CarouselVideoViewImpl( 3698): stopPlay.
07-05 23:36:17.252 V/MediaPlayer-JNI( 3698): isPlaying: 1
07-05 23:36:17.252 D/Carousel-UrlVideoView( 3698): isInPlaybackState=true
07-05 23:36:17.253 D/Carousel-UrlVideoView( 3698): mCurrentState=3
07-05 23:36:17.254 V/MediaPlayer-JNI( 3698): getCurrentPosition: 5095 (msec)
07-05 23:36:17.254 D/Carousel-CarouselVideoViewImpl( 3698): position=5095
07-05 23:36:17.254 V/MediaPlayer-JNI( 3698): stop
07-05 23:36:17.254 D/NuPlayerDriver( 1206): stop(0xd7843520)   mState:5
07-05 23:36:17.256 V/MediaPlayer-JNI( 3698): release
07-05 23:36:17.256 D/NuPlayerDriver( 1206): reset(0xd7843520)  mState:8
07-05 23:36:17.256 V/NuPlayer( 1206): NuPlayer::resetAsync ---- Enter ...
07-05 23:36:17.257 W/FFmpegExtractor( 1206): rv_read_frame ret: [-1011]
07-05 23:36:17.257 D/MediaHTTPConnection( 3698): teardownConnection
07-05 23:36:17.258 D/OkHttp  ( 3698): --> GET http://picture.edu.hismarttv.com/images/20170629/%E5%A4%9A%E7%91%9E%E5%84%BF%E6%AD%8C.jpg http/1.1
07-05 23:36:17.258 D/OkHttp  ( 3698): Host: picture.edu.hismarttv.com
07-05 23:36:17.258 W/MediaHTTPConnection( 3698): readAt 17636180 / 32768 => -1004, java.io.IOException: BufferedInputStream is closed
07-05 23:36:17.258 D/OkHttp  ( 3698): Connection: Keep-Alive
07-05 23:36:17.258 D/OkHttp  ( 3698): Accept-Encoding: gzip
07-05 23:36:17.258 D/OkHttp  ( 3698): User-Agent: okhttp/3.6.0
07-05 23:36:17.258 D/OkHttp  ( 3698): --> END GET
07-05 23:36:17.259 D/OkHttp  ( 3698): Date: Mon, 03 Jul 2017 11:39:29 GMT
07-05 23:36:17.259 D/OkHttp  ( 3698): Server: nginx
07-05 23:36:17.259 D/OkHttp  ( 3698): Content-Type: image/jpeg
07-05 23:36:17.259 D/OkHttp  ( 3698): Content-Length: 150566
07-05 23:36:17.259 D/OkHttp  ( 3698): Last-Modified: Fri, 30 Jun 2017 06:07:11 GMT
07-05 23:36:17.259 D/OkHttp  ( 3698): ETag: "5955ea8f-24c26"
07-05 23:36:17.259 D/OkHttp  ( 3698): Accept-Ranges: bytes
07-05 23:36:17.259 D/OkHttp  ( 3698): Age: 187008
07-05 23:36:17.259 D/OkHttp  ( 3698): Via: 1.1 jn239:0 (Cdn Cache Server V2.0)[27 200 0], 1.1 hangwangtong56:6 (Cdn Cache Server V2.0)[0 200 0]
07-05 23:36:17.259 D/OkHttp  ( 3698): Connection: keep-alive
07-05 23:36:17.259 D/OkHttp  ( 3698): <-- END HTTP
07-05 23:36:17.260 D/MediaHTTPConnection( 3698): hitting IOException http://112.240.58.51/jhxvideo-ws.video-tx.com/rendition/201705/205989353451683841/205989353451684353/bb/243216185158536196/243216215223308548/r243216215223308548-3200k-1920x1080.mp4?wsSecret=a8dbd81322bfd118a699660aae69bdbf&wsTime=595d0767&wsiphost=local
07-05 23:36:17.261 W/MediaHTTP( 1206): hitting MediaHTTP readAt n < 0 numBytesRead= 72532
07-05 23:36:17.261 I/NuCachedSource2( 1206): caching reached eos.
07-05 23:36:17.261 W/MediaHTTPConnection( 3698): teardownConnection catch android.os.NetworkOnMainThreadException
07-05 23:36:17.263 V/NuPlayer( 1206): kWhatReset  mCanReset:1
07-05 23:36:17.263 V/NuPlayer( 1206): performDecoderFlush audio=2, video=2
07-05 23:36:17.263 V/NuPlayer( 1206): [audio] flushDecoder needShutdown=1
07-05 23:36:17.263 V/NuPlayer( 1206): [video] flushDecoder needShutdown=1
07-05 23:36:17.263 V/NuPlayer( 1206): postponing action mFlushingAudio=2, mFlushingVideo=2
07-05 23:36:17.266 V/NuPlayer( 1206): renderer audio flush completed.
07-05 23:36:17.266 V/NuPlayer( 1206): renderer video flush completed.
07-05 23:36:17.267 V/NuPlayer( 1206): decoder audio flush completed
07-05 23:36:17.267 V/NuPlayer( 1206): initiating audio decoder shutdown
07-05 23:36:17.267 I/MS_OMX_BASEPORT( 1206): [OMX.MS.AVC.Decoder]MS_OMX_FlushPort: 0
07-05 23:36:17.267 D/MSTAR_VDEC_API( 1206): [0] Flush: Begin (0)
07-05 23:36:17.268 E/AudioTrackShared( 1206): mFlush 0 -> 0x4bb9, front 0x37959, rear 0x38bb9, mask 0x3fff, newFront 0x34bb9, filled 16384=0x4000
07-05 23:36:17.270 D/MediaCodec( 1206): MediaCodec::~MediaCodec ---- Enter  mState:0
07-05 23:36:17.270 V/NuPlayer( 1206): audio shutdown completed
07-05 23:36:17.270 D/MSTAR_VDEC_API( 1206): [0] Flush: OK
07-05 23:36:17.270 V/NuPlayer( 1206): got message from old audio decoder, generation(1:2)
07-05 23:36:17.270 I/MS_OMX_BASEPORT( 1206): [OMX.MS.AVC.Decoder]MS_OMX_FlushPort: 1
07-05 23:36:17.272 D/PowerManagerService( 1733): acquireWakeLockInternal: lock=113832109, flags=0x1, tag="NetworkStats", ws=null, uid=1000, pid=1733
07-05 23:36:17.272 D/PowerManagerNotifier( 1733): onWakeLockAcquired: flags=1, tag="NetworkStats", packageName=android, ownerUid=1000, ownerPid=1733, workSource=null
07-05 23:36:17.273 D/NtpTrustedTime( 1733): currentTimeMillis() cache hit
07-05 23:36:17.275 D/HttpHandler( 3698): RetryIntercepter-->retryNum=0
07-05 23:36:17.275 D/HttpHandler( 3698): RetryIntercepter-->backoffmutiplier=0
07-05 23:36:17.277 V/NuPlayer( 1206): decoder video flush completed
07-05 23:36:17.277 V/NuPlayer( 1206): initiating video decoder shutdown
07-05 23:36:17.277 D/NuPlayer( 1206): rrrr video decoder executing, canreset set true
07-05 23:36:17.277 I/MS_OMX_BASEPORT( 1206): [OMX.MS.AVC.Decoder]MS_OMX_FlushPort: 0
07-05 23:36:17.277 D/MSTAR_VDEC_API( 1206): [0] Flush: Begin (0)
07-05 23:36:17.280 D/MSTAR_VDEC_API( 1206): [0] Flush: OK
07-05 23:36:17.280 I/MS_OMX_BASEPORT( 1206): [OMX.MS.AVC.Decoder]MS_OMX_FlushPort: 1
07-05 23:36:17.281 D/MS_OMX_VDEC( 1206): Free pBuffer[0]: 0xbb003000
07-05 23:36:17.282 D/MS_OMX_VDEC( 1206): Free pBuffer[0]: 0xf1818000
