07-05 23:26:08.990 I/TVMW@HsTvSetting( 1234): Trace cmd, data = 0x7007
07-05 23:26:08.990 I/tilwrapper@sm( 2026): HS2TIL_SourceType *hs=0xd, *til=0x900
07-05 23:26:08.990 D/til     ( 2026): get current source 2304
07-05 23:26:08.990 D/SourceRemoteServiceHandler( 2026): getCurrentInputSource.from.til.result is 0, value is 2304
07-05 23:26:08.991 D/SourceRemoteServiceHandler( 2026): getInputSourceType source: 0x900, type=2304
07-05 23:26:08.991 D/til     ( 2026): ###### func:til_get_picture_param option:0x3000006 ######  
07-05 23:26:08.991 I/TVMW@HsTvSetting( 1234): Trace cmd, data = 0x1003
07-05 23:26:08.991 I/TVMW@HsTvSetting( 1234): Trace cmd, data = 0x8032
07-05 23:26:08.991 I/hstvos  ( 1216): [0m[1;33m[HSHAL][HS_VIDEO][HS_HAL_Video_SetOsdDetect_v2][2389]u16Threshold = 20
07-05 23:26:09.003 E/TVMW@videoctrl( 1234):  getOsd is 1
07-05 23:26:09.004 D/til@system( 2026): til_get_system_param option:1000027 int:1, bool:1, ret:0
07-05 23:26:09.004 D/til     ( 2026): ###### func:til_get_picture_param option:0x3000045 ######  
07-05 23:26:09.005 I/TVMW@HsTvSetting( 1234): Trace cmd, data = 0x300c
07-05 23:26:09.005 I/TVMW@HsTvSetting( 1234): Trace 3d, data = 0x300c
07-05 23:26:09.005 I/TVMW@3d ( 1234): Hs_debug3d_trace: func:get3dStatus, line:109
07-05 23:26:09.009 I/MyFragmentStateAdapter(30098): getCount
07-05 23:26:09.036 I/MyFragmentStateAdapter(30098): getCount
07-05 23:26:09.060 I/MyFragmentStateAdapter(30098): getCount
07-05 23:26:09.084 I/MyFragmentStateAdapter(30098): getCount
07-05 23:26:09.112 I/MyFragmentStateAdapter(30098): getCount
07-05 23:26:09.138 I/MyFragmentStateAdapter(30098): getCount
07-05 23:26:09.158 I/MyFragmentStateAdapter(30098): getCount
07-05 23:26:09.184 I/MyFragmentStateAdapter(30098): getCount
07-05 23:26:09.204 I/MyFragmentStateAdapter(30098): getCount
07-05 23:26:09.228 I/MyFragmentStateAdapter(30098): getCount
07-05 23:26:09.251 I/MyFragmentStateAdapter(30098): getCount
07-05 23:26:09.277 I/NetflixMonitorService( 1733): current fgapk : com.hisense.hicloud.edca
07-05 23:26:09.277 I/NetflixMonitorService( 1733): Netflix status unchanged
07-05 23:26:09.281 I/MyFragmentStateAdapter(30098): getCount
07-05 23:26:09.305 I/MyFragmentStateAdapter(30098): getCount
07-05 23:26:09.324 I/HLSP2P  (16183): ## 2017-07-05 23:26:09.323 [16183,16481,:0] INFO ## [HLSP2P][DownloadManager.cpp:35][INFO][SendHeartBeatMsg]send heartbeat to punch server ok
07-05 23:26:09.326 I/MyFragmentStateAdapter(30098): getCount
07-05 23:26:09.347 I/HLSP2P  (16183): ## 2017-07-05 23:26:09.347 [16183,16483,:0] INFO ## [HLSP2P][DownloadManager.cpp:35][INFO][OnHeartbeatRsp]punch heartbeat rsp ok
07-05 23:26:09.354 I/MyFragmentStateAdapter(30098): getCount
07-05 23:26:09.375 I/MyFragmentStateAdapter(30098): getCount
07-05 23:26:09.402 I/MyFragmentStateAdapter(30098): getCount
07-05 23:26:09.426 I/MyFragmentStateAdapter(30098): getCount
07-05 23:26:09.455 I/MyFragmentStateAdapter(30098): getCount
07-05 23:26:09.485 I/MyFragmentStateAdapter(30098): getCount
07-05 23:26:09.506 I/TVMW@HsTvSetting( 1234): Trace cmd, data = 0x1058
07-05 23:26:09.506 D/til@system( 2026): til_get_system_param option:100002F int:0, bool:0, ret:0
07-05 23:26:09.506 I/TVMW@HsTvSetting( 1234): Trace cmd, data = 0x101f
07-05 23:26:09.507 D/til@system( 2026): til_get_system_param option:100001D int:3, bool:3, ret:0
07-05 23:26:09.507 E/til     ( 2026): [til_get_current_input_source, 101] 
07-05 23:26:09.507 I/TVMW@HsTvSetting( 1234): Trace cmd, data = 0x7007
07-05 23:26:09.507 I/tilwrapper@sm( 2026): HS2TIL_SourceType *hs=0xd, *til=0x900
07-05 23:26:09.507 D/til     ( 2026): get current source 2304
07-05 23:26:09.507 D/SourceRemoteServiceHandler( 2026): getCurrentInputSource.from.til.result is 0, value is 2304
07-05 23:26:09.507 D/SourceRemoteServiceHandler( 2026): getInputSourceType source: 0x900, type=2304
07-05 23:26:09.507 D/til     ( 2026): ###### func:til_get_picture_param option:0x3000006 ######  
07-05 23:26:09.508 I/TVMW@HsTvSetting( 1234): Trace cmd, data = 0x1003
07-05 23:26:09.509 I/TVMW@HsTvSetting( 1234): Trace cmd, data = 0x8032
07-05 23:26:09.509 I/hstvos  ( 1216): [0m[1;33m[HSHAL][HS_VIDEO][HS_HAL_Video_SetOsdDetect_v2][2389]u16Threshold = 20
07-05 23:26:09.509 E/TVMW@videoctrl( 1234):  getOsd is 1
07-05 23:26:09.510 D/til@system( 2026): til_get_system_param option:1000027 int:1, bool:1, ret:0
07-05 23:26:09.510 D/til     ( 2026): ###### func:til_get_picture_param option:0x3000045 ######  
07-05 23:26:09.510 I/TVMW@HsTvSetting( 1234): Trace cmd, data = 0x300c
07-05 23:26:09.510 I/TVMW@HsTvSetting( 1234): Trace 3d, data = 0x300c
07-05 23:26:09.510 I/TVMW@3d ( 1234): Hs_debug3d_trace: func:get3dStatus, line:109
07-05 23:26:09.520 D/PowerManagerService( 1733): acquireWakeLockInternal: lock=113832109, flags=0x1, tag="NetworkStats", ws=null, uid=1000, pid=1733
07-05 23:26:09.521 D/PowerManagerNotifier( 1733): onWakeLockAcquired: flags=1, tag="NetworkStats", packageName=android, ownerUid=1000, ownerPid=1733, workSource=null
07-05 23:26:09.521 D/NtpTrustedTime( 1733): currentTimeMillis() cache hit
07-05 23:26:09.526 I/MyFragmentStateAdapter(30098): getCount
07-05 23:26:09.531 D/NtpTrustedTime( 1733): currentTimeMillis() cache hit
07-05 23:26:09.532 D/PowerManagerService( 1733): releaseWakeLockInternal: lock=113832109 [NetworkStats], flags=0x0
07-05 23:26:09.532 D/PowerManagerNotifier( 1733): onWakeLockReleased: flags=1, tag="NetworkStats", packageName=android, ownerUid=1000, ownerPid=1733, workSource=null
07-05 23:26:09.532 D/NtpTrustedTime( 1733): currentTimeMillis() cache hit
07-05 23:26:09.532 D/NtpTrustedTime( 1733): currentTimeMillis() cache hit
07-05 23:26:09.554 I/MyFragmentStateAdapter(30098): getCount
07-05 23:26:09.579 I/MyFragmentStateAdapter(30098): getCount
07-05 23:26:09.602 E/btif_config( 2964): [btif_config_get] node is TRUE!
07-05 23:26:09.602 E/btif_config( 2964): [btif_config_get] ret is TRUE!
07-05 23:26:09.615 I/MyFragmentStateAdapter(30098): getCount
07-05 23:26:09.644 I/MyFragmentStateAdapter(30098): getCount
07-05 23:26:09.665 D/MSTAR_VDEC_DBG( 1206): Stream ID: 0, Rate : 24 (E:0,D:0,S:0,F:70) 
07-05 23:26:09.679 I/MyFragmentStateAdapter(30098): getCount
07-05 23:26:09.707 I/MyFragmentStateAdapter(30098): getCount
07-05 23:26:09.727 I/TVMW@devctrl( 1234): wdt
07-05 23:26:09.753 W/art     (30062): Suspending all threads took: 26.895ms
07-05 23:26:09.764 I/art     (30062): Background concurrent mark sweep GC freed 33380(1761KB) AllocSpace objects, 0(0B) LOS objects, 57% free, 749KB/1773KB, paused 28.317ms total 316.364ms
07-05 23:26:09.767 I/MyFragmentStateAdapter(30098): getCount
07-05 23:26:09.784 D/GlobalInputEventMonitoringService( 1733): interceptKeyBeforeQueueing(), event:22, mNeedMonitorKeyEvent:true, mWaitForKeyUpEvent:false
07-05 23:26:09.784 D/GlobalInputEventMonitoringService( 1733): processKeyEvent(), processKeyEvent event:22
07-05 23:26:09.784 D/WindowManager( 1733): interceptKeyTq keycode=22 interactive=true keyguardActive=false policyFlags=2b000000 isCancled= false
07-05 23:26:09.785 D/PowerManagerService( 1733): userActivityNoUpdateLocked: eventTime=17211345, event=1, flags=0x0, uid=1000
07-05 23:26:09.785 D/WindowManager( 1733): interceptKeyTi keyCode=22 down=true repeatCount=0 keyguardOn=false mHomePressed=false canceled=false
07-05 23:26:09.785 D/WindowManager( 1733): Hisense systemkey event: 22
07-05 23:26:09.785 D/HisenseGlobalKeyManager( 1733): handleGlobalKey() : Global event = KeyEvent { action=ACTION_DOWN, keyCode=KEYCODE_DPAD_RIGHT, scanCode=0, metaState=0, flags=0x0, repeatCount=0, eventTime=17211345, downTime=17211345, deviceId=-1, source=0x101 }
07-05 23:26:09.787 E/btif_config( 2964): [btif_config_get] node is TRUE!
07-05 23:26:09.787 E/btif_config( 2964): [btif_config_get] ret is TRUE!
07-05 23:26:09.807 D/SogouIME( 2203): [onKeyDown] keycode = 22 model = VIDAA_TV
07-05 23:26:09.813 I/MyFragmentStateAdapter(30098): getCount
07-05 23:26:09.839 D/Carousel-CarouselDisplayPlayerLayout(30098): HasFocus:false,keyCode:22
07-05 23:26:09.839 D/Carousel-CarouselDisplayPlayerLayout(30098): isFullScreen:false
07-05 23:26:09.839 I/HomeMainActivity(30098): carousel handle key:false
07-05 23:26:09.839 I/MainHomeView(30098): dispatchKeyEvent ACTION_DOWN now 
07-05 23:26:09.843 I/TabView (30098): onKeyListener() ACTION_DOWN keyCode -- 22
07-05 23:26:09.844 I/SoftFragmentList(30098): fetchCacheFragment  enter ---- index = 2
07-05 23:26:09.844 D/SoftFragmentList(30098): fetchCacheFragment  mFragmentCache.size() = 3
07-05 23:26:09.844 D/SoftFragmentList(30098): fetchCacheFragment mLastIndex = 2, view = 
07-05 23:26:09.844 I/BaseContentFragment(30098): initChildFocustrue,recyclerview=com.hisense.leanback.widget.VerticalGridView{1822ea7b VFED.... ........ 0,0-1768,1080 #7f0d02c8 app:id/recyclerview_content}====---mIsVisibleToUser:true-------
07-05 23:26:09.857 D/til@system( 2026): til_get_system_param option:1000007 int:-1815634176, bool:0, ret:0
07-05 23:26:09.859 D/til@system( 2026): til_get_system_param option:1000009 int:-1815632896, bool:0, ret:0
07-05 23:26:09.861 D/til@system( 2026): til_get_system_param option:1000008 int:-1936525184, bool:128, ret:0
07-05 23:26:09.863 D/HiSDKLogReport(30098): getOperationDetail-productName : LED50MU8600UC
07-05 23:26:09.863 D/HiSDKLogReport(30098): getOperationDetail-plmNumber : 88888
07-05 23:26:09.863 D/HiSDKLogReport(30098): getOperationDetail-swVersion : V0000.00.01A
07-05 23:26:09.863 D/HiSDKLogReport(30098): getOperationDetail-operationDetail : LED50MU8600UC0000888
07-05 23:26:09.863 D/HiSDKLogReport(30098): businessLogReport-log : {eventType=232, APPVersionName=3.0.0.9.00, devid=86100300900000500000060a4818fca8, rowid=-1, uuid=13287129, APIversion=501, eventcode=232000, logversion=2.0, columnid=-1, devType=0, eventPos=000, groupid=-1, ChannelId=0, version=00.002.003, subscriberId=13287129, PFAPPCode=652, tabid=0, softwareVersion=LED50MU8600UC0000888, srceventcode=201000, mac=a8:a6:48:18:fc:a8, accessToken=72DF6038D2AEAB8A76DFBBBBCC428A4A_002588502659438, srctabid=0, APPPackage=com.hisense.hicloud.edca, sessionid=86542c5c20d343ff956b86b320c4f2ae, requesttime=1499268369863, customerId=7195320, model_id=0, requestid=33fa28042c424ea1b874acabf5e7d9e0, tv_distribute_id=00, APIVersion=600, issysrepo=0}
07-05 23:26:09.865 D/BaseContentFragment(30098): initChildFocus firstlineview===>:com.hisense.tvui.newhome.view.SpecialFirstView{3d694bda V.E..... ........ 10,185-1748,691}
07-05 23:26:09.865 D/setHistoryRequestFocus(30098): ===>false
07-05 23:26:09.866 I/FirstlineLayoutManager(30098): left=0,width=1738,scroll Distance=-1488
07-05 23:26:09.871 I/BaseContentFragment(30098): setRowViewSelectedViewHolder{b5241a3 position=0 id=-1, oldPos=-1, pLpos:-1},isSelectedfalse
07-05 23:26:09.871 I/BaseContentFragment(30098): setRowViewSelectedViewHolder{100af0ce position=1 id=-1, oldPos=-1, pLpos:-1},isSelectedtrue
07-05 23:26:09.871 I/RoleContentFragment(30098): onChildSelected:1,lastPos=0
07-05 23:26:09.872 W/System.err(30098): java.net.ConnectException: failed to connect to /10.18.210.112 (port 8900) after 6000ms: isConnected failed: ECONNREFUSED (Connection refused)
07-05 23:26:09.873 W/System.err(30098): 	at libcore.io.IoBridge.isConnected(IoBridge.java:238)
07-05 23:26:09.873 W/System.err(30098): 	at libcore.io.IoBridge.connectErrno(IoBridge.java:171)
07-05 23:26:09.873 W/System.err(30098): 	at libcore.io.IoBridge.connect(IoBridge.java:122)
07-05 23:26:09.873 W/System.err(30098): 	at java.net.PlainSocketImpl.connect(PlainSocketImpl.java:183)
07-05 23:26:09.873 W/System.err(30098): 	at java.net.PlainSocketImpl.connect(PlainSocketImpl.java:456)
07-05 23:26:09.873 W/System.err(30098): 	at java.net.Socket.connect(Socket.java:882)
07-05 23:26:09.873 W/System.err(30098): 	at com.android.okhttp.internal.Platform.connectSocket(Platform.java:174)
07-05 23:26:09.873 W/System.err(30098): 	at com.android.okhttp.Connection.connect(Connection.java:152)
07-05 23:26:09.873 W/System.err(30098): 	at com.android.okhttp.internal.http.HttpEngine.connect(HttpEngine.java:276)
07-05 23:26:09.873 W/System.err(30098): 	at com.android.okhttp.internal.http.HttpEngine.sendRequest(HttpEngine.java:211)
07-05 23:26:09.873 W/System.err(30098): 	at com.android.okhttp.internal.http.HttpURLConnectionImpl.execute(HttpURLConnectionImpl.java:382)
07-05 23:26:09.873 W/System.err(30098): 	at com.android.okhttp.internal.http.HttpURLConnectionImpl.connect(HttpURLConnectionImpl.java:106)
07-05 23:26:09.873 W/System.err(30098): 	at com.hisense.hitv.hicloud.util.ExceptionReport.a(ExceptionReport.java:337)
07-05 23:26:09.873 W/System.err(30098): 	at com.hisense.hitv.hicloud.util.ExceptionReport.a(ExceptionReport.java:39)
07-05 23:26:09.873 W/System.err(30098): 	at com.hisense.hitv.hicloud.util.ExceptionReport$1.run(ExceptionReport.java:83)
07-05 23:26:09.873 W/System.err(30098): 	at java.lang.Thread.run(Thread.java:818)
07-05 23:26:09.873 W/System.err(30098): Caused by: android.system.ErrnoException: isConnected failed: ECONNREFUSED (Connection refused)
07-05 23:26:09.874 W/System.err(30098): 	at libcore.io.IoBridge.isConnected(IoBridge.java:223)
07-05 23:26:09.874 W/System.err(30098): 	... 15 more
07-05 23:26:09.877 I/TabView (30098): onfocuschange:false
07-05 23:26:09.877 D/TabView (30098): icon---:2
07-05 23:26:09.877 E/TabView (30098): 
07-05 23:26:09.904 D/CommonHeader(30098): onTabStatusChanged tabstatus===>:40000
07-05 23:26:09.907 D/HttpHandler(30098): VerifySignInterCeptor-->request.url()=http://picture.edu.hismarttv.com/images/20170628121925625089.png
07-05 23:26:09.907 D/HttpHandler(30098): VerifySignInterCeptor-->hostname=picture.edu.hismarttv.com
07-05 23:26:09.910 D/OkHttp  (30098): --> GET http://picture.edu.hismarttv.com/images/20170628121925625089.png http/1.1
07-05 23:26:09.912 D/OkHttp  (30098): Host: picture.edu.hismarttv.com
07-05 23:26:09.912 D/OkHttp  (30098): Connection: Keep-Alive
07-05 23:26:09.912 D/OkHttp  (30098): Accept-Encoding: gzip
07-05 23:26:09.912 D/OkHttp  (30098): User-Agent: okhttp/3.6.0
07-05 23:26:09.912 D/OkHttp  (30098): --> END GET
07-05 23:26:09.931 D/GlobalInputEventMonitoringService( 1733): interceptKeyBeforeQueueing(), event:22, mNeedMonitorKeyEvent:true, mWaitForKeyUpEvent:false
07-05 23:26:09.931 D/GlobalInputEventMonitoringService( 1733): processKeyEvent(), processKeyEvent event:22
07-05 23:26:09.932 D/WindowManager( 1733): interceptKeyTq keycode=22 interactive=true keyguardActive=false policyFlags=2b000000 isCancled= false
07-05 23:26:09.932 D/WindowManager( 1733): interceptKeyTi keyCode=22 down=false repeatCount=0 keyguardOn=false mHomePressed=false canceled=false
07-05 23:26:09.932 D/WindowManager( 1733): Hisense systemkey event: 22
07-05 23:26:09.932 D/HisenseGlobalKeyManager( 1733): handleGlobalKey() : Global event = KeyEvent { action=ACTION_UP, keyCode=KEYCODE_DPAD_RIGHT, scanCode=0, metaState=0, flags=0x0, repeatCount=0, eventTime=17211345, downTime=17211345, deviceId=-1, source=0x101 }
07-05 23:26:09.935 I/MyFragmentStateAdapter(30098): getCount
07-05 23:26:09.954 D/OkHttp  (30098): <-- 200 OK http://picture.edu.hismarttv.com/images/20170628121925625089.png (42ms)
07-05 23:26:09.956 D/OkHttp  (30098): Date: Mon, 03 Jul 2017 10:40:22 GMT
07-05 23:26:09.956 D/OkHttp  (30098): Server: nginx
07-05 23:26:09.956 D/OkHttp  (30098): Content-Type: image/png
07-05 23:26:09.956 D/OkHttp  (30098): Content-Length: 3689
07-05 23:26:09.956 D/OkHttp  (30098): Last-Modified: Wed, 28 Jun 2017 12:19:25 GMT
07-05 23:26:09.956 D/OkHttp  (30098): ETag: "59539ecd-e69"
07-05 23:26:09.956 D/OkHttp  (30098): Accept-Ranges: bytes
07-05 23:26:09.956 D/OkHttp  (30098): Age: 189947
07-05 23:26:09.956 D/OkHttp  (30098): Via: 1.1 jnwt241:0 (Cdn Cache Server V2.0)[14 200 0], 1.1 chwt81:0 (Cdn Cache Server V2.0)[17 200 0]
07-05 23:26:09.956 D/OkHttp  (30098): Connection: keep-alive
07-05 23:26:09.956 D/OkHttp  (30098): <-- END HTTP
07-05 23:26:09.962 D/HttpHandler(30098): RetryIntercepter-->retryNum=0
07-05 23:26:09.962 D/HttpHandler(30098): RetryIntercepter-->backoffmutiplier=0
07-05 23:26:09.972 D/TabView (30098): 
07-05 23:26:09.973 D/TabView (30098): 
07-05 23:26:09.974 D/TabView (30098): 
07-05 23:26:09.975 D/TabView (30098): 
07-05 23:26:09.977 D/TabView (30098): 
07-05 23:26:09.978 D/TabView (30098): 
07-05 23:26:09.979 D/TabView (30098): 
07-05 23:26:09.980 D/TabView (30098): 
07-05 23:26:09.982 D/TabView (30098): 
07-05 23:26:09.983 D/HttpHandler(30098): VerifySignInterCeptor-->request.url()=http://picture.edu.hismarttv.com/images/20170628111818312641.png
07-05 23:26:09.983 D/HttpHandler(30098): VerifySignInterCeptor-->hostname=picture.edu.hismarttv.com
07-05 23:26:09.983 D/TabView (30098): 
07-05 23:26:09.984 D/OkHttp  (30098): --> GET http://picture.edu.hismarttv.com/images/20170628111818312641.png http/1.1
07-05 23:26:09.984 D/OkHttp  (30098): Host: picture.edu.hismarttv.com
07-05 23:26:09.984 D/OkHttp  (30098): Connection: Keep-Alive
07-05 23:26:09.984 D/OkHttp  (30098): Accept-Encoding: gzip
07-05 23:26:09.984 D/OkHttp  (30098): User-Agent: okhttp/3.6.0
07-05 23:26:09.984 D/OkHttp  (30098): --> END GET
07-05 23:26:09.984 D/TabView (30098): 
07-05 23:26:09.985 D/TabView (30098): 
07-05 23:26:09.985 D/TabView (30098): 
07-05 23:26:09.987 D/TabView (30098): 
07-05 23:26:09.991 D/TabView (30098): 
07-05 23:26:09.992 D/OkHttp  (30098): <-- HTTP FAILED: java.io.InterruptedIOException: thread interrupted
07-05 23:26:09.993 D/TabView (30098): 
07-05 23:26:09.993 D/HttpHandler(30098): RetryIntercepter-->retryNum=0
07-05 23:26:09.993 D/HttpHandler(30098): RetryIntercepter-->backoffmutiplier=0
07-05 23:26:09.994 I/MyFragmentStateAdapter(30098): getCount
07-05 23:26:09.994 I/MyFragmentStateAdapter(30098): getCount
07-05 23:26:09.994 D/TabView (30098): 
07-05 23:26:09.995 D/TabView (30098): 
07-05 23:26:09.995 D/TabView (30098): 
07-05 23:26:09.999 D/TabView (30098): 
07-05 23:26:10.001 D/TabView (30098): 
07-05 23:26:10.003 D/TabView (30098): 
07-05 23:26:10.005 D/TabView (30098): 
07-05 23:26:10.008 D/TabView (30098): 
07-05 23:26:10.010 D/HttpHandler(30098): VerifySignInterCeptor-->request.url()=http://picture.edu.hismarttv.com/images/20170628111818312641.png
07-05 23:26:10.010 D/HttpHandler(30098): VerifySignInterCeptor-->hostname=picture.edu.hismarttv.com
07-05 23:26:10.010 D/TabView (30098): 
07-05 23:26:10.012 D/TabView (30098): 
07-05 23:26:10.012 D/HttpHandler(30098): VerifySignInterCeptor-->request.url()=http://picture.edu.hismarttv.com/images/20170628111917742483.png
07-05 23:26:10.012 I/TVMW@HsTvSetting( 1234): Trace cmd, data = 0x1058
07-05 23:26:10.012 D/HttpHandler(30098): VerifySignInterCeptor-->hostname=picture.edu.hismarttv.com
07-05 23:26:10.013 D/til@system( 2026): til_get_system_param option:100002F int:0, bool:0, ret:0
07-05 23:26:10.013 D/HttpHandler(30098): RetryIntercepter-->retryNum=0
07-05 23:26:10.013 D/HttpHandler(30098): RetryIntercepter-->backoffmutiplier=0
07-05 23:26:10.013 D/TabView (30098): 
07-05 23:26:10.013 I/TVMW@HsTvSetting( 1234): Trace cmd, data = 0x101f
07-05 23:26:10.013 D/HttpHandler(30098): RetryIntercepter-->retryNum=0
07-05 23:26:10.013 D/HttpHandler(30098): RetryIntercepter-->backoffmutiplier=0
07-05 23:26:10.014 D/TabView (30098): 
07-05 23:26:10.016 D/TabView (30098): 
07-05 23:26:10.017 D/til@system( 2026): til_get_system_param option:100001D int:3, bool:3, ret:0
07-05 23:26:10.017 E/til     ( 2026): [til_get_current_input_source, 101] 
07-05 23:26:10.017 I/TVMW@HsTvSetting( 1234): Trace cmd, data = 0x7007
07-05 23:26:10.017 I/tilwrapper@sm( 2026): HS2TIL_SourceType *hs=0xd, *til=0x900
07-05 23:26:10.017 D/til     ( 2026): get current source 2304
07-05 23:26:10.017 D/SourceRemoteServiceHandler( 2026): getCurrentInputSource.from.til.result is 0, value is 2304
07-05 23:26:10.017 D/SourceRemoteServiceHandler( 2026): getInputSourceType source: 0x900, type=2304
07-05 23:26:10.017 D/til     ( 2026): ###### func:til_get_picture_param option:0x3000006 ######  
07-05 23:26:10.018 I/TVMW@HsTvSetting( 1234): Trace cmd, data = 0x1003
07-05 23:26:10.019 D/TabView (30098): 
07-05 23:26:10.019 I/TVMW@HsTvSetting( 1234): Trace cmd, data = 0x8032
07-05 23:26:10.019 I/hstvos  ( 1216): [0m[1;33m[HSHAL][HS_VIDEO][HS_HAL_Video_SetOsdDetect_v2][2389]u16Threshold = 20
07-05 23:26:10.019 E/TVMW@videoctrl( 1234):  getOsd is 1
07-05 23:26:10.020 D/til@system( 2026): til_get_system_param option:1000027 int:1, bool:1, ret:0
07-05 23:26:10.020 D/til     ( 2026): ###### func:til_get_picture_param option:0x3000045 ######  
07-05 23:26:10.020 I/TVMW@HsTvSetting( 1234): Trace cmd, data = 0x300c
07-05 23:26:10.020 I/TVMW@HsTvSetting( 1234): Trace 3d, data = 0x300c
07-05 23:26:10.020 I/TVMW@3d ( 1234): Hs_debug3d_trace: func:get3dStatus, line:109
07-05 23:26:10.020 D/TabView (30098): 
07-05 23:26:10.022 D/TabView (30098): 
07-05 23:26:10.029 I/MyFragmentStateAdapter(30098): getCount
07-05 23:26:10.029 I/MyFragmentStateAdapter(30098): getCount
07-05 23:26:10.035 I/TabView (30098): onScroll:,firstItem=0,visibleCount=6,totalCount=10
07-05 23:26:10.039 D/Carousel-CarouselView(30098): ============>onScrollChanged hashCode:1018850026
07-05 23:26:10.039 D/Carousel-CarouselDisplayPlayerLayout(30098): isFullScreen:false
07-05 23:26:10.041 I/MainHomeView(30098): onPanelSlide0.2977099---left191
07-05 23:26:10.046 I/CurrentCarouselView(30098): onCarouseControlCarouselControlBean{mShoudScroll=true, mActivityHasResume=false, mActivityHasStop=false, mHasTurnGone=false, mHasTurnVisible=false, mChannelId=-1, mSlideOffset=0.2977099, mShouldSelectCenter=false, mTabOpen=false, mHoriPosStatus=None, mVerPosStatus=None, mLevelStatus=None},isPlayingtrue,channelId=0
07-05 23:26:10.047 I/CurrentCarouselView(30098): is not the current page
07-05 23:26:10.047 I/CurrentCarouselView(30098): do scroll
07-05 23:26:10.047 D/Carousel-CarouselView(30098): smoothScroll.
07-05 23:26:10.048 D/Carousel-CarouselDisplayPlayerLayout(30098): isFullScreen:false
07-05 23:26:10.049 D/TabView (30098): onReceiveSlidingOffset ===>:0.2977099
07-05 23:26:10.054 I/MyFragmentStateAdapter(30098): getCount
07-05 23:26:10.070 D/Carousel-CarouselDisplayPlayerLayout(30098): HasFocus:false,keyCode:22
07-05 23:26:10.070 D/Carousel-CarouselDisplayPlayerLayout(30098): isFullScreen:false
07-05 23:26:10.070 I/HomeMainActivity(30098): carousel handle key:false
07-05 23:26:10.095 V/InputMethodService( 2203): startInput(): editor=android.view.inputmethod.EditorInfo@35964cd7
07-05 23:26:10.095 V/InputMethodService( 2203): CALL: onFinishInput
07-05 23:26:10.100 I/MainHomeView(30098): onPanelSlide0.13740458---left170
07-05 23:26:10.100 I/CurrentCarouselView(30098): onCarouseControlCarouselControlBean{mShoudScroll=true, mActivityHasResume=false, mActivityHasStop=false, mHasTurnGone=false, mHasTurnVisible=false, mChannelId=-1, mSlideOffset=0.13740458, mShouldSelectCenter=false, mTabOpen=false, mHoriPosStatus=None, mVerPosStatus=None, mLevelStatus=None},isPlayingtrue,channelId=0
07-05 23:26:10.100 I/CurrentCarouselView(30098): is not the current page
07-05 23:26:10.100 I/CurrentCarouselView(30098): do scroll
07-05 23:26:10.100 D/Carousel-CarouselView(30098): smoothScroll.
07-05 23:26:10.100 D/Carousel-CarouselDisplayPlayerLayout(30098): isFullScreen:false
07-05 23:26:10.100 D/TabView (30098): onReceiveSlidingOffset ===>:0.13740458
07-05 23:26:10.105 D/Carousel-CarouselDisplayPlayerLayout(30098): x=398, y=167,w=892,h=536, hashCode=906752562
07-05 23:26:10.105 D/Carousel-CarouselDisplayPlayerLayout(30098): mX=511, mY=167,mWitdh=892,mHeight=536, hashCode=906752562
07-05 23:26:10.105 D/Carousel-CarouselDisplayPlayerLayout(30098): changed=true, hashCode=906752562
07-05 23:26:10.109 E/SOGOUIME_JNI( 2203): reset
07-05 23:26:10.114 E/SOGOUIME_JNI( 2203): getCandidates
07-05 23:26:10.114 E/SOGOUIME_JNI( 2203): ime_get_uncommitted_length
07-05 23:26:10.115 E/SOGOUIME_JNI( 2203): getCandidates
07-05 23:26:10.115 D/SogouIME API( 2203): ==============num:32
07-05 23:26:10.115 E/SOGOUIME_JNI( 2203): ime_get_uncommitted_length
07-05 23:26:10.115 D/SogouIME( 2203): mFocusedComponent:30   isHkbEnable:false
07-05 23:26:10.115 E/SOGOUIME_JNI( 2203): ime_get_uncommitted_length
07-05 23:26:10.115 E/SOGOUIME_JNI( 2203): ime_get_committed_length
07-05 23:26:10.115 E/SOGOUIME_JNI( 2203): getComposingInfo
07-05 23:26:10.115 E/SOGOUIME_JNI( 2203): getComposingInfo
07-05 23:26:10.115 E/SOGOUIME_JNI( 2203): getCorrectInfo
07-05 23:26:10.115 E/SOGOUIME_JNI( 2203): getComposingInfo
07-05 23:26:10.116 V/InputMethodService( 2203): CALL: onStartInput
07-05 23:26:10.116 E/SOGOUIME_JNI( 2203): invalidateCommitWordPinyinNative
07-05 23:26:10.116 D/SogouIME( 2203): =====configKeyboard=======:false     false
07-05 23:26:10.116 E/SOGOUIME_JNI( 2203): ime_set_hard_kb_enable
07-05 23:26:10.118 D/Carousel-Utils(30098): x=398,y=167, width=892,height=536
07-05 23:26:10.118 D/Carousel-CarouselDisplayPlayerLayout(30098): isFullScreen:false
07-05 23:26:10.118 D/Carousel-CarouselView(30098): ===========>onScrollStart
07-05 23:26:10.119 D/Carousel-Utils(30098): displayImage view=android.widget.ImageView{1cb6b478 I.ED.... ......ID 0,0-816,460 #7f0d0029 app:id/imageView1}
07-05 23:26:10.119 D/Carousel-Utils(30098): displayImage url=http://picture.edu.hismarttv.com/images/20170629010146422927.jpg
07-05 23:26:10.119 D/Carousel-Utils(30098): onResourceReady.
07-05 23:26:10.125 D/Carousel-Utils(30098): displayImage view=android.widget.ImageView{204d57e7 I.ED.... ........ 0,0-816,460 #7f0d0029 app:id/imageView1}
07-05 23:26:10.125 D/Carousel-Utils(30098): displayImage url=http://picture.edu.hismarttv.com/images/20170629010146422927.jpg
07-05 23:26:10.125 D/Carousel-Utils(30098): onResourceReady.
07-05 23:26:10.140 D/Carousel-CarouselDisplayPlayerLayout(30098): x=398, y=167,w=892,h=536, hashCode=906752562
07-05 23:26:10.140 D/Carousel-CarouselDisplayPlayerLayout(30098): mX=398, mY=167,mWitdh=892,mHeight=536, hashCode=906752562
07-05 23:26:10.140 D/Carousel-CarouselDisplayPlayerLayout(30098): changed=false, hashCode=906752562
07-05 23:26:10.140 D/Carousel-CarouselDisplayPlayerLayout(30098): extraTryCount=0
07-05 23:26:10.165 I/MyFragmentStateAdapter(30098): getCount
07-05 23:26:10.165 I/MyFragmentStateAdapter(30098): getCount
07-05 23:26:10.165 I/MyFragmentStateAdapter(30098): getCount
07-05 23:26:10.165 I/MyFragmentStateAdapter(30098): getCount
07-05 23:26:10.166 I/Carousel-UrlVideoView(30098): onMeasure(MeasureSpec: EXACTLY 816, MeasureSpec: EXACTLY 460)
07-05 23:26:10.166 D/Carousel-UrlVideoView(30098): widthSpecMode=1073741824
07-05 23:26:10.166 D/Carousel-UrlVideoView(30098): heightSpecMode=1073741824
07-05 23:26:10.166 D/Carousel-UrlVideoView(30098): widthSpecSize=816
07-05 23:26:10.166 D/Carousel-UrlVideoView(30098): heightSpecSize=460
07-05 23:26:10.166 I/Carousel-UrlVideoView(30098): onMeasure(MeasureSpec: EXACTLY 816, MeasureSpec: EXACTLY 460)
07-05 23:26:10.166 D/Carousel-UrlVideoView(30098): widthSpecMode=1073741824
07-05 23:26:10.166 D/Carousel-UrlVideoView(30098): heightSpecMode=1073741824
07-05 23:26:10.166 D/Carousel-UrlVideoView(30098): widthSpecSize=816
07-05 23:26:10.166 D/Carousel-UrlVideoView(30098): heightSpecSize=460
07-05 23:26:10.175 D/Surface ( 1733): onStatusChange() : mNativeObject = 547819115520 mUseImageHwRender = false
07-05 23:26:10.176 V/Surface ( 1733): nativeSetHardwareRender() : status = 0
07-05 23:26:10.176 V/Surface ( 1733): nativeSetHardwareRender() : end
07-05 23:26:10.177 D/PowerManagerService( 1733): releaseWakeLockInternal: lock=487931605 [WindowManager], flags=0x0
07-05 23:26:10.178 D/PowerManagerNotifier( 1733): onWakeLockReleased: flags=536870922, tag="WindowManager", packageName=android, ownerUid=1000, ownerPid=1733, workSource=WorkSource{10010}
07-05 23:26:10.178 D/PowerManagerService( 1733): userActivityNoUpdateLocked: eventTime=17211749, event=0, flags=0x1, uid=1000
07-05 23:26:10.178 D/PowerManagerService( 1733): setScreenBrightnessOverrideFromWindowManagerInternal done
07-05 23:26:10.182 D/Surface ( 1733): onStatusChange() : mNativeObject = 0 mUseImageHwRender = false
07-05 23:26:10.183 I/FirstLineAdapter(30098): canShowTrailer,isOffline=false
07-05 23:26:10.183 I/FirstLineAdapter(30098): canShowTrailer,isOffline=false
07-05 23:26:10.183 I/FirstLineAdapter(30098): canShowTrailer,isOffline=false
07-05 23:26:10.183 I/FirstLineAdapter(30098): canShowTrailer,isOffline=false
07-05 23:26:10.183 I/FirstLineAdapter(30098): canShowTrailer,isOffline=false
07-05 23:26:10.183 I/FirstLineAdapter(30098): canShowTrailer,isOffline=false
07-05 23:26:10.184 I/FirstLineAdapter(30098): canShowTrailer,isOffline=false
07-05 23:26:10.184 I/FirstLineAdapter(30098): canShowTrailer,isOffline=false
07-05 23:26:10.184 I/FirstLineAdapter(30098): canShowTrailer,isOffline=false
07-05 23:26:10.184 I/SurfaceView(30098): Changes: creating=false format=false size=false visible=false left=true top=false
07-05 23:26:10.185 I/SurfaceView(30098): Cur surface: Surface(name=null)/@0x27c2c6a9
07-05 23:26:10.186 D/Surface ( 1733): onStatusChange() : mNativeObject = 547819086848 mUseImageHwRender = false
07-05 23:26:10.186 V/Surface ( 1733): nativeSetHardwareRender() : status = 0
07-05 23:26:10.186 V/Surface ( 1733): nativeSetHardwareRender() : end
07-05 23:26:10.187 D/PowerManagerService( 1733): setScreenBrightnessOverrideFromWindowManagerInternal done
07-05 23:26:10.194 D/Surface ( 1733): onStatusChange() : mNativeObject = 0 mUseImageHwRender = false
07-05 23:26:10.194 D/Surface (30098): onStatusChange() : mNativeObject = -544950272 mUseImageHwRender = false
07-05 23:26:10.194 V/Surface (30098): nativeSetHardwareRender() : status = 0
07-05 23:26:10.194 V/Surface (30098): nativeSetHardwareRender() : end
07-05 23:26:10.194 I/SurfaceView(30098): New surface: Surface(name=null)/@0x162c442e, vis=true, frame=Rect(436, 205 - 1252, 665)
07-05 23:26:10.194 D/Surface (30098): onStatusChange() : mNativeObject = 0 mUseImageHwRender = false
07-05 23:26:10.194 D/Surface (30098): onStatusChange() : mNativeObject = -544950272 mUseImageHwRender = false
07-05 23:26:10.194 V/Surface (30098): nativeSetHardwareRender() : status = 0
07-05 23:26:10.194 V/Surface (30098): nativeSetHardwareRender() : end
07-05 23:26:10.195 V/SurfaceView(30098): Layout: x=436 y=205 w=816 h=460, frame=Rect(0, 0 - 816, 460)
07-05 23:26:10.198 I/MainHomeView(30098): onPanelSlide0.022900764---left155
07-05 23:26:10.198 I/CurrentCarouselView(30098): onCarouseControlCarouselControlBean{mShoudScroll=true, mActivityHasResume=false, mActivityHasStop=false, mHasTurnGone=false, mHasTurnVisible=false, mChannelId=-1, mSlideOffset=0.022900764, mShouldSelectCenter=false, mTabOpen=false, mHoriPosStatus=None, mVerPosStatus=None, mLevelStatus=None},isPlayingtrue,channelId=0
07-05 23:26:10.198 I/CurrentCarouselView(30098): is not the current page
07-05 23:26:10.198 I/CurrentCarouselView(30098): do scroll
07-05 23:26:10.198 D/Carousel-CarouselView(30098): smoothScroll.
07-05 23:26:10.198 D/Carousel-CarouselDisplayPlayerLayout(30098): isFullScreen:false
07-05 23:26:10.198 D/TabView (30098): onReceiveSlidingOffset ===>:0.022900764
07-05 23:26:10.200 I/MyFragmentStateAdapter(30098): getCount
07-05 23:26:10.203 D/Carousel-CarouselDisplayPlayerLayout(30098): x=383, y=167,w=892,h=536, hashCode=906752562
07-05 23:26:10.203 D/Carousel-CarouselDisplayPlayerLayout(30098): mX=398, mY=167,mWitdh=892,mHeight=536, hashCode=906752562
07-05 23:26:10.203 D/Carousel-CarouselDisplayPlayerLayout(30098): changed=true, hashCode=906752562
07-05 23:26:10.203 D/Carousel-Utils(30098): x=383,y=167, width=892,height=536
07-05 23:26:10.205 D/CommonHeader(30098): app logo :refreshTimer: isRotatetrue
07-05 23:26:10.206 E/hwcomposer( 1204): Overlay 0 size changeed src {1920 1080} -> {1920, 1080} crop{0.000000 0.000000 1920.000000 1080.000000}->{0.000000 0.000000 1920.000000 1080.000000} dst{549 205 1365 665}->{436 205 1252 665}
07-05 23:26:10.209 D/Carousel-CarouselDisplayPlayerLayout(30098): x=383, y=167,w=892,h=536, hashCode=906752562
07-05 23:26:10.209 D/Carousel-CarouselDisplayPlayerLayout(30098): mX=383, mY=167,mWitdh=892,mHeight=536, hashCode=906752562
07-05 23:26:10.209 D/Carousel-CarouselDisplayPlayerLayout(30098): changed=false, hashCode=906752562
07-05 23:26:10.209 D/Carousel-CarouselDisplayPlayerLayout(30098): extraTryCount=0
07-05 23:26:10.209 D/Carousel-CarouselDisplayPlayerLayout(30098): x=383, y=167,w=892,h=536, hashCode=906752562
07-05 23:26:10.209 D/Carousel-CarouselDisplayPlayerLayout(30098): mX=383, mY=167,mWitdh=892,mHeight=536, hashCode=906752562
07-05 23:26:10.209 D/Carousel-CarouselDisplayPlayerLayout(30098): changed=false, hashCode=906752562
07-05 23:26:10.209 D/Carousel-CarouselDisplayPlayerLayout(30098): extraTryCount=1
07-05 23:26:10.210 I/Carousel-UrlVideoView(30098): onMeasure(MeasureSpec: EXACTLY 816, MeasureSpec: EXACTLY 460)
07-05 23:26:10.210 D/Carousel-UrlVideoView(30098): widthSpecMode=1073741824
07-05 23:26:10.210 D/Carousel-UrlVideoView(30098): heightSpecMode=1073741824
07-05 23:26:10.210 D/Carousel-UrlVideoView(30098): widthSpecSize=816
07-05 23:26:10.210 D/Carousel-UrlVideoView(30098): heightSpecSize=460
07-05 23:26:10.210 I/Carousel-UrlVideoView(30098): onMeasure(MeasureSpec: EXACTLY 816, MeasureSpec: EXACTLY 460)
07-05 23:26:10.210 D/Carousel-UrlVideoView(30098): widthSpecMode=1073741824
07-05 23:26:10.210 D/Carousel-UrlVideoView(30098): heightSpecMode=1073741824
07-05 23:26:10.210 D/Carousel-UrlVideoView(30098): widthSpecSize=816
07-05 23:26:10.210 D/Carousel-UrlVideoView(30098): heightSpecSize=460
07-05 23:26:10.210 I/SurfaceView(30098): Changes: creating=false format=false size=false visible=false left=true top=false
07-05 23:26:10.211 I/SurfaceView(30098): Cur surface: Surface(name=null)/@0x27c2c6a9
07-05 23:26:10.216 D/Surface ( 1733): onStatusChange() : mNativeObject = 547819086848 mUseImageHwRender = false
07-05 23:26:10.216 V/Surface ( 1733): nativeSetHardwareRender() : status = 0
07-05 23:26:10.216 V/Surface ( 1733): nativeSetHardwareRender() : end
07-05 23:26:10.221 D/PowerManagerService( 1733): setScreenBrightnessOverrideFromWindowManagerInternal done
07-05 23:26:10.224 D/Surface ( 1733): onStatusChange() : mNativeObject = 0 mUseImageHwRender = false
07-05 23:26:10.225 D/Surface (30098): onStatusChange() : mNativeObject = -195834368 mUseImageHwRender = false
07-05 23:26:10.225 V/Surface (30098): nativeSetHardwareRender() : status = 0
07-05 23:26:10.225 V/Surface (30098): nativeSetHardwareRender() : end
07-05 23:26:10.225 I/SurfaceView(30098): New surface: Surface(name=null)/@0x162c442e, vis=true, frame=Rect(421, 205 - 1237, 665)
07-05 23:26:10.225 D/Surface (30098): onStatusChange() : mNativeObject = 0 mUseImageHwRender = false
07-05 23:26:10.225 D/Surface (30098): onStatusChange() : mNativeObject = -195834368 mUseImageHwRender = false
07-05 23:26:10.225 V/Surface (30098): nativeSetHardwareRender() : status = 0
07-05 23:26:10.225 V/Surface (30098): nativeSetHardwareRender() : end
07-05 23:26:10.227 V/SurfaceView(30098): Layout: x=421 y=205 w=816 h=460, frame=Rect(0, 0 - 816, 460)
07-05 23:26:10.229 I/MainHomeView(30098): onPanelSlide0.015267176---left154
07-05 23:26:10.229 I/CurrentCarouselView(30098): onCarouseControlCarouselControlBean{mShoudScroll=true, mActivityHasResume=false, mActivityHasStop=false, mHasTurnGone=false, mHasTurnVisible=false, mChannelId=-1, mSlideOffset=0.015267176, mShouldSelectCenter=false, mTabOpen=false, mHoriPosStatus=None, mVerPosStatus=None, mLevelStatus=None},isPlayingtrue,channelId=0
07-05 23:26:10.229 I/CurrentCarouselView(30098): is not the current page
07-05 23:26:10.229 I/CurrentCarouselView(30098): do scroll
07-05 23:26:10.229 D/Carousel-CarouselView(30098): smoothScroll.
07-05 23:26:10.229 D/Carousel-CarouselDisplayPlayerLayout(30098): isFullScreen:false
07-05 23:26:10.229 D/TabView (30098): onReceiveSlidingOffset ===>:0.015267176
07-05 23:26:10.232 D/Carousel-CarouselDisplayPlayerLayout(30098): x=382, y=167,w=892,h=536, hashCode=906752562
07-05 23:26:10.233 D/Carousel-CarouselDisplayPlayerLayout(30098): mX=383, mY=167,mWitdh=892,mHeight=536, hashCode=906752562
07-05 23:26:10.233 D/Carousel-CarouselDisplayPlayerLayout(30098): changed=true, hashCode=906752562
07-05 23:26:10.233 D/Carousel-Utils(30098): x=382,y=167, width=892,height=536
07-05 23:26:10.236 D/Carousel-CarouselDisplayPlayerLayout(30098): x=382, y=167,w=892,h=536, hashCode=906752562
07-05 23:26:10.236 D/Carousel-CarouselDisplayPlayerLayout(30098): mX=382, mY=167,mWitdh=892,mHeight=536, hashCode=906752562
07-05 23:26:10.236 D/Carousel-CarouselDisplayPlayerLayout(30098): changed=false, hashCode=906752562
07-05 23:26:10.236 D/Carousel-CarouselDisplayPlayerLayout(30098): extraTryCount=0
07-05 23:26:10.236 D/Carousel-CarouselDisplayPlayerLayout(30098): x=382, y=167,w=892,h=536, hashCode=906752562
07-05 23:26:10.236 D/Carousel-CarouselDisplayPlayerLayout(30098): mX=382, mY=167,mWitdh=892,mHeight=536, hashCode=906752562
07-05 23:26:10.236 D/Carousel-CarouselDisplayPlayerLayout(30098): changed=false, hashCode=906752562
07-05 23:26:10.237 D/Carousel-CarouselDisplayPlayerLayout(30098): extraTryCount=1
07-05 23:26:10.237 D/Carousel-CarouselDisplayPlayerLayout(30098): x=382, y=167,w=892,h=536, hashCode=906752562
07-05 23:26:10.237 D/Carousel-CarouselDisplayPlayerLayout(30098): mX=382, mY=167,mWitdh=892,mHeight=536, hashCode=906752562
07-05 23:26:10.237 D/Carousel-CarouselDisplayPlayerLayout(30098): changed=false, hashCode=906752562
07-05 23:26:10.237 D/Carousel-CarouselDisplayPlayerLayout(30098): extraTryCount=2
07-05 23:26:10.239 D/hwcomposer( 1204): Overlay [0] do size change!
07-05 23:26:10.239 D/vsyncbridge( 1204): [0] handle_thread thread got msg 0x2, mState = 3
07-05 23:26:10.239 D/vsyncbridge( 1204): Overlay 0 Resize, mState = 0x3, 0, disp[436 205 816 460] osd[1920 1080]
07-05 23:26:10.239 D/vsyncbridge( 1204): [update_ds_table,  594] DispW:1632 DispH:920 
07-05 23:26:10.239 D/vsyncbridge( 1204): [update_ds_table,  598] Cap.x:1105 Cap.y:30 CapW:1920 CapH:1080 
07-05 23:26:10.239 D/vsyncbridge( 1204): [update_ds_table,  599] enInputSourceType:34 
07-05 23:26:10.239 D/vsyncbridge( 1204): [update_ds_table,  601] u16InputVTotal:2205  u16InputVFreq:240 
07-05 23:26:10.239 D/vsyncbridge( 1204): [update_ds_table,  603] bInterlace:0  u16DefaultHtotal:0 
07-05 23:26:10.239 D/vsyncbridge( 1204): [update_ds_table,  606] bPreHCusScaling:1  bPreVCusScaling:1 
07-05 23:26:10.239 D/vsyncbridge( 1204): [update_ds_table,  608] u16PreHCusScalingSrc:1920  u16PreHCusScalingDst:1920 
07-05 23:26:10.239 D/vsyncbridge( 1204): [update_ds_table,  610] u16PreVCusScalingSrc:1080  u16PreVCusScalingSrc:1080 
07-05 23:26:10.239 D/vsyncbridge( 1204): [update_ds_table,  613] bHCusScaling:0  bVCusScaling:0 
07-05 23:26:10.239 D/vsyncbridge( 1204): [update_ds_table,  615] u16HCusScalingSrc:1920  u16HCusScalingDst:1632 
07-05 23:26:10.239 D/vsyncbridge( 1204): [update_ds_table,  617] u16VCusScalingSrc:1080  u16VCusScalingDst:920 
07-05 23:26:10.239 D/vsyncbridge( 1204): vsync_bridge_CalAspectRatio type = 0
07-05 23:26:10.240 D/vsyncbridge( 1204): panel [3840 2160] osd [1920 1080] ratio [2.000000 2.000000]
07-05 23:26:10.240 D/vsyncbridge( 1204): apply ratio, x=872, y=410, width=1632, height=920
07-05 23:26:10.240 D/vsyncbridge( 1204): disp_old[872 410 2504 1330], disp_new[872 410 2504 1330], crop[0 0 1920 1080]
07-05 23:26:10.240 D/vsyncbridge( 1204): [update_ds_table,  798] SW DS !!! 
07-05 23:26:10.240 D/vsyncbridge( 1204): [update_ds_table,  800] stXC_SetWin_Info.stCapWin.width1920  stXC_SetWin_Info.stCapWin.height:1080
07-05 23:26:10.240 D/vsyncbridge( 1204): [update_ds_table,  802] stXC_SetWin_Info.stCropWin.width1920  stXC_SetWin_Info.stCropWin.height:1080
07-05 23:26:10.240 D/vsyncbridge( 1204): [update_ds_table,  803] MApi_XC_GetDynamicScalingStatus():1 
07-05 23:26:10.240 D/        ( 1204): Alert: cannot get frameCount from IOCTL, eWindow=0! Fall back to original frame mode
07-05 23:26:10.240 D/        ( 1204): MVOP is 1P mode
07-05 23:26:10.240 D/        ( 1204): [_MDrv_SC_check_2p_mode][9405]u16Width=3840,u16Height=2160,u32Vfreqx10=240
07-05 23:26:10.240 I/Carousel-UrlVideoView(30098): onMeasure(MeasureSpec: EXACTLY 816, MeasureSpec: EXACTLY 460)
07-05 23:26:10.241 D/vsyncbridge( 1204): vsync_bridge_render_frame pts = 2666666, DS_Idx=0x1, overlayID=0
07-05 23:26:10.241 D/vsyncbridge( 1204):  W 0, R 7, Cur 0
07-05 23:26:10.241 D/Carousel-UrlVideoView(30098): widthSpecMode=1073741824
07-05 23:26:10.241 D/vsyncbridge( 1204): vsync_bridge_CalAspectRatio type = 0
07-05 23:26:10.241 D/Carousel-UrlVideoView(30098): heightSpecMode=1073741824
07-05 23:26:10.241 D/Carousel-UrlVideoView(30098): widthSpecSize=816
07-05 23:26:10.241 D/vsyncbridge( 1204): panel [3840 2160] osd [1920 1080] ratio [2.000000 2.000000]
07-05 23:26:10.241 D/Carousel-UrlVideoView(30098): heightSpecSize=460
07-05 23:26:10.241 D/vsyncbridge( 1204): apply ratio, x=872, y=410, width=1632, height=920
07-05 23:26:10.241 I/Carousel-UrlVideoView(30098): onMeasure(MeasureSpec: EXACTLY 816, MeasureSpec: EXACTLY 460)
07-05 23:26:10.241 D/Carousel-UrlVideoView(30098): widthSpecMode=1073741824
07-05 23:26:10.241 D/Carousel-UrlVideoView(30098): heightSpecMode=1073741824
07-05 23:26:10.241 D/Carousel-UrlVideoView(30098): widthSpecSize=816
07-05 23:26:10.241 D/Carousel-UrlVideoView(30098): heightSpecSize=460
07-05 23:26:10.241 I/SurfaceView(30098): Changes: creating=false format=false size=false visible=false left=true top=false
07-05 23:26:10.241 I/SurfaceView(30098): Cur surface: Surface(name=null)/@0x27c2c6a9
07-05 23:26:10.249 D/Surface ( 1733): onStatusChange() : mNativeObject = 547819086848 mUseImageHwRender = false
07-05 23:26:10.249 V/Surface ( 1733): nativeSetHardwareRender() : status = 0
07-05 23:26:10.249 V/Surface ( 1733): nativeSetHardwareRender() : end
07-05 23:26:10.252 D/PowerManagerService( 1733): setScreenBrightnessOverrideFromWindowManagerInternal done
07-05 23:26:10.255 D/Surface ( 1733): onStatusChange() : mNativeObject = 0 mUseImageHwRender = false
07-05 23:26:10.256 D/Surface (30098): onStatusChange() : mNativeObject = -544950272 mUseImageHwRender = false
07-05 23:26:10.256 V/Surface (30098): nativeSetHardwareRender() : status = 0
07-05 23:26:10.256 V/Surface (30098): nativeSetHardwareRender() : end
07-05 23:26:10.256 I/SurfaceView(30098): New surface: Surface(name=null)/@0x162c442e, vis=true, frame=Rect(420, 205 - 1236, 665)
07-05 23:26:10.256 D/Surface (30098): onStatusChange() : mNativeObject = 0 mUseImageHwRender = false
07-05 23:26:10.256 D/Surface (30098): onStatusChange() : mNativeObject = -544950272 mUseImageHwRender = false
07-05 23:26:10.256 V/Surface (30098): nativeSetHardwareRender() : status = 0
07-05 23:26:10.256 V/Surface (30098): nativeSetHardwareRender() : end
07-05 23:26:10.257 V/SurfaceView(30098): Layout: x=420 y=205 w=816 h=460, frame=Rect(0, 0 - 816, 460)
07-05 23:26:10.259 E/hwcomposer( 1204): Overlay 0 size changeed src {1920 1080} -> {1920, 1080} crop{0.000000 0.000000 1920.000000 1080.000000}->{0.000000 0.000000 1920.000000 1080.000000} dst{436 205 1252 665}->{421 205 1237 665}
07-05 23:26:10.262 I/MainHomeView(30098): onPanelSlide0.007633588---left153
07-05 23:26:10.262 I/CurrentCarouselView(30098): onCarouseControlCarouselControlBean{mShoudScroll=true, mActivityHasResume=false, mActivityHasStop=false, mHasTurnGone=false, mHasTurnVisible=false, mChannelId=-1, mSlideOffset=0.007633588, mShouldSelectCenter=false, mTabOpen=false, mHoriPosStatus=None, mVerPosStatus=None, mLevelStatus=None},isPlayingtrue,channelId=0
07-05 23:26:10.262 I/CurrentCarouselView(30098): is not the current page
07-05 23:26:10.262 I/CurrentCarouselView(30098): do scroll
07-05 23:26:10.262 D/Carousel-CarouselView(30098): smoothScroll.
07-05 23:26:10.262 D/Carousel-CarouselDisplayPlayerLayout(30098): isFullScreen:false
07-05 23:26:10.262 D/TabView (30098): onReceiveSlidingOffset ===>:0.007633588
07-05 23:26:10.265 D/Carousel-CarouselDisplayPlayerLayout(30098): x=381, y=167,w=892,h=536, hashCode=906752562
07-05 23:26:10.265 D/Carousel-CarouselDisplayPlayerLayout(30098): mX=382, mY=167,mWitdh=892,mHeight=536, hashCode=906752562
07-05 23:26:10.265 D/Carousel-CarouselDisplayPlayerLayout(30098): changed=true, hashCode=906752562
07-05 23:26:10.265 D/Carousel-Utils(30098): x=381,y=167, width=892,height=536
07-05 23:26:10.265 D/Carousel-CarouselDisplayPlayerLayout(30098): x=381, y=167,w=892,h=536, hashCode=906752562
07-05 23:26:10.265 D/Carousel-CarouselDisplayPlayerLayout(30098): mX=381, mY=167,mWitdh=892,mHeight=536, hashCode=906752562
07-05 23:26:10.265 D/Carousel-CarouselDisplayPlayerLayout(30098): changed=false, hashCode=906752562
07-05 23:26:10.265 D/Carousel-CarouselDisplayPlayerLayout(30098): extraTryCount=0
07-05 23:26:10.265 D/Carousel-CarouselDisplayPlayerLayout(30098): x=381, y=167,w=892,h=536, hashCode=906752562
07-05 23:26:10.265 D/Carousel-CarouselDisplayPlayerLayout(30098): mX=381, mY=167,mWitdh=892,mHeight=536, hashCode=906752562
07-05 23:26:10.265 D/Carousel-CarouselDisplayPlayerLayout(30098): changed=false, hashCode=906752562
07-05 23:26:10.265 D/Carousel-CarouselDisplayPlayerLayout(30098): extraTryCount=1
07-05 23:26:10.265 D/Carousel-CarouselDisplayPlayerLayout(30098): x=381, y=167,w=892,h=536, hashCode=906752562
07-05 23:26:10.265 D/Carousel-CarouselDisplayPlayerLayout(30098): mX=381, mY=167,mWitdh=892,mHeight=536, hashCode=906752562
07-05 23:26:10.265 D/Carousel-CarouselDisplayPlayerLayout(30098): changed=false, hashCode=906752562
07-05 23:26:10.265 D/Carousel-CarouselDisplayPlayerLayout(30098): extraTryCount=2
07-05 23:26:10.265 D/Carousel-CarouselDisplayPlayerLayout(30098): x=381, y=167,w=892,h=536, hashCode=906752562
07-05 23:26:10.265 D/Carousel-CarouselDisplayPlayerLayout(30098): mX=381, mY=167,mWitdh=892,mHeight=536, hashCode=906752562
07-05 23:26:10.265 D/Carousel-CarouselDisplayPlayerLayout(30098): changed=false, hashCode=906752562
07-05 23:26:10.265 D/Carousel-CarouselDisplayPlayerLayout(30098): extraTryCount=3
07-05 23:26:10.272 I/Carousel-UrlVideoView(30098): onMeasure(MeasureSpec: EXACTLY 816, MeasureSpec: EXACTLY 460)
07-05 23:26:10.273 D/Carousel-UrlVideoView(30098): widthSpecMode=1073741824
07-05 23:26:10.273 D/Carousel-UrlVideoView(30098): heightSpecMode=1073741824
07-05 23:26:10.273 D/Carousel-UrlVideoView(30098): widthSpecSize=816
07-05 23:26:10.273 D/Carousel-UrlVideoView(30098): heightSpecSize=460
07-05 23:26:10.273 I/Carousel-UrlVideoView(30098): onMeasure(MeasureSpec: EXACTLY 816, MeasureSpec: EXACTLY 460)
07-05 23:26:10.273 D/Carousel-UrlVideoView(30098): widthSpecMode=1073741824
07-05 23:26:10.273 D/Carousel-UrlVideoView(30098): heightSpecMode=1073741824
07-05 23:26:10.273 D/Carousel-UrlVideoView(30098): widthSpecSize=816
07-05 23:26:10.273 D/Carousel-UrlVideoView(30098): heightSpecSize=460
07-05 23:26:10.273 I/SurfaceView(30098): Changes: creating=false format=false size=false visible=false left=true top=false
07-05 23:26:10.273 E/hwcomposer( 1204): Overlay 0 size changeed src {1920 1080} -> {1920, 1080} crop{0.000000 0.000000 1920.000000 1080.000000}->{0.000000 0.000000 1920.000000 1080.000000} dst{421 205 1237 665}->{420 205 1236 665}
07-05 23:26:10.274 I/SurfaceView(30098): Cur surface: Surface(name=null)/@0x27c2c6a9
07-05 23:26:10.275 D/Surface ( 1733): onStatusChange() : mNativeObject = 547819086848 mUseImageHwRender = false
07-05 23:26:10.275 V/Surface ( 1733): nativeSetHardwareRender() : status = 0
07-05 23:26:10.275 V/Surface ( 1733): nativeSetHardwareRender() : end
07-05 23:26:10.277 D/PowerManagerService( 1733): setScreenBrightnessOverrideFromWindowManagerInternal done
07-05 23:26:10.278 I/NetflixMonitorService( 1733): current fgapk : com.hisense.hicloud.edca
07-05 23:26:10.278 I/NetflixMonitorService( 1733): Netflix status unchanged
07-05 23:26:10.280 D/Surface ( 1733): onStatusChange() : mNativeObject = 0 mUseImageHwRender = false
07-05 23:26:10.280 D/Surface (30098): onStatusChange() : mNativeObject = -195834368 mUseImageHwRender = false
07-05 23:26:10.280 V/Surface (30098): nativeSetHardwareRender() : status = 0
07-05 23:26:10.281 V/Surface (30098): nativeSetHardwareRender() : end
07-05 23:26:10.281 I/SurfaceView(30098): New surface: Surface(name=null)/@0x162c442e, vis=true, frame=Rect(419, 205 - 1235, 665)
07-05 23:26:10.281 D/Surface (30098): onStatusChange() : mNativeObject = 0 mUseImageHwRender = false
07-05 23:26:10.281 D/Surface (30098): onStatusChange() : mNativeObject = -195834368 mUseImageHwRender = false
07-05 23:26:10.281 V/Surface (30098): nativeSetHardwareRender() : status = 0
07-05 23:26:10.281 V/Surface (30098): nativeSetHardwareRender() : end
07-05 23:26:10.281 V/SurfaceView(30098): Layout: x=419 y=205 w=816 h=460, frame=Rect(0, 0 - 816, 460)
07-05 23:26:10.284 I/MainHomeView(30098): onPanelSlide0.0---left152
07-05 23:26:10.284 I/CurrentCarouselView(30098): onCarouseControlCarouselControlBean{mShoudScroll=true, mActivityHasResume=false, mActivityHasStop=false, mHasTurnGone=false, mHasTurnVisible=false, mChannelId=-1, mSlideOffset=0.0, mShouldSelectCenter=false, mTabOpen=false, mHoriPosStatus=None, mVerPosStatus=None, mLevelStatus=None},isPlayingtrue,channelId=0
07-05 23:26:10.284 I/CurrentCarouselView(30098): is not the current page
07-05 23:26:10.284 I/CurrentCarouselView(30098): do scroll
07-05 23:26:10.284 D/Carousel-CarouselView(30098): smoothScroll.
07-05 23:26:10.284 D/Carousel-CarouselDisplayPlayerLayout(30098): isFullScreen:false
07-05 23:26:10.284 D/TabView (30098): onReceiveSlidingOffset ===>:0.0
07-05 23:26:10.287 D/Carousel-CarouselDisplayPlayerLayout(30098): x=380, y=167,w=892,h=536, hashCode=906752562
