07-05 21:48:09.821 D/PowerManagerService( 1733): releaseWakeLockInternal: lock=113832109 [NetworkStats], flags=0x0
07-05 21:48:09.821 D/PowerManagerNotifier( 1733): onWakeLockReleased: flags=1, tag="NetworkStats", packageName=android, ownerUid=1000, ownerPid=1733, workSource=null
07-05 21:48:09.842 D/PowerManagerService( 1733): setScreenBrightnessOverrideFromWindowManagerInternal done
07-05 21:48:09.862 D/PowerManagerService( 1733): setScreenBrightnessOverrideFromWindowManagerInternal done
07-05 21:48:09.865 D/PowerManagerService( 1733): setScreenBrightnessOverrideFromWindowManagerInternal done
07-05 21:48:09.879 D/PowerManagerService( 1733): setScreenBrightnessOverrideFromWindowManagerInternal done
07-05 21:48:09.882 V/WindowManager( 1733): not Base app: Adding window Window{1d1f8b17 u0 GlobalPanel} at 10 of 18
07-05 21:48:09.899 D/PowerManagerService( 1733): setScreenBrightnessOverrideFromWindowManagerInternal done
07-05 21:48:09.958 D/PowerManagerService( 1733): setScreenBrightnessOverrideFromWindowManagerInternal done
07-05 21:48:09.960 D/PowerManagerService( 1733): setScreenBrightnessOverrideFromWindowManagerInternal done
07-05 21:48:10.015 D/UsageStatsService( 1733): User[0] Got usage event for com.jamdeo.launcher[1499262489631]: MOVE_TO_FOREGROUND
07-05 21:48:10.016 D/UsageStatsService( 1733): User[0] Got usage event for com.jamdeo.launcher[1499262489725]: MOVE_TO_BACKGROUND
07-05 21:48:10.016 D/UsageStatsService( 1733): User[0] Got usage event for com.jamdeo.launcher[1499262489735]: MOVE_TO_FOREGROUND
07-05 21:48:10.121 I/NetflixMonitorService( 1733): current fgapk : com.jamdeo.launcher
07-05 21:48:10.122 I/NetflixMonitorService( 1733): Netflix status unchanged
07-05 21:48:10.195 D/PowerManagerService( 1733): setScreenBrightnessOverrideFromWindowManagerInternal done
07-05 21:48:10.222 D/PowerManagerService( 1733): setScreenBrightnessOverrideFromWindowManagerInternal done
07-05 21:48:10.400 D/PowerManagerService( 1733): setScreenBrightnessOverrideFromWindowManagerInternal done
07-05 21:48:10.402 D/PowerManagerService( 1733): setScreenBrightnessOverrideFromWindowManagerInternal done
07-05 21:48:10.406 D/PowerManagerService( 1733): setScreenBrightnessOverrideFromWindowManagerInternal done
07-05 21:48:10.421 D/PowerManagerService( 1733): releaseWakeLockInternal: lock=681732318 [ActivityManager-Launch], flags=0x0
07-05 21:48:10.421 D/PowerManagerNotifier( 1733): onWakeLockReleased: flags=1, tag="ActivityManager-Launch", packageName=android, ownerUid=1000, ownerPid=1733, workSource=null
07-05 21:48:10.538 D/PowerManagerService( 1733): setScreenBrightnessOverrideFromWindowManagerInternal done
07-05 21:48:10.540 D/PowerManagerService( 1733): setScreenBrightnessOverrideFromWindowManagerInternal done
07-05 21:48:10.631 D/GlobalInputEventMonitoringService( 1733): interceptKeyBeforeQueueing(), event:3, mNeedMonitorKeyEvent:true, mWaitForKeyUpEvent:false
07-05 21:48:10.631 D/GlobalInputEventMonitoringService( 1733): processKeyEvent(), processKeyEvent event:3
07-05 21:48:10.632 D/PowerManagerService( 1733): userActivityNoUpdateLocked: eventTime=11332192, event=1, flags=0x0, uid=1000
07-05 21:48:10.634 D/GlobalInputEventMonitoringService( 1733): interceptKeyBeforeQueueing(), event:3, mNeedMonitorKeyEvent:true, mWaitForKeyUpEvent:false
07-05 21:48:10.634 D/GlobalInputEventMonitoringService( 1733): processKeyEvent(), processKeyEvent event:3
07-05 21:48:10.637 D/PowerManagerService( 1733): userActivityNoUpdateLocked: eventTime=11332208, event=0, flags=0x0, uid=1000
07-05 21:48:10.638 D/TileTransitionManager( 1733): getActivityContainer not enter cts mode
07-05 21:48:10.638 D/JamdeoActivityStackSupervisor( 1733): get currentSiloName
07-05 21:48:10.639 I/ActivityManager( 1733): START u0 {act=android.intent.action.MAIN cat=[android.intent.category.HOME] flg=0x10200000 cmp=com.jamdeo.launcher/.app.DefaultHomeActivity} from uid 1000 on display 0
07-05 21:48:10.642 D/PowerManagerService( 1733): setScreenBrightnessOverrideFromWindowManagerInternal done
07-05 21:48:10.647 D/PowerManagerService( 1733): setScreenBrightnessOverrideFromWindowManagerInternal done
07-05 21:48:10.770 I/UsageStatsService( 1733): paused component:com.jamdeo.launcher
07-05 21:48:10.770 V/UsageStatsService( 1733): Paused: 11332342   Component: com.jamdeo.launcher/com.jamdeo.launcher.app.BaseTileActivity   Time: 1499262490770 LastSessionTime: 1036 CumulativeSessionTime: 3045628
07-05 21:48:10.770 D/HDMI    ( 1733): [P]:AllocatedAddress=[]
07-05 21:48:10.772 D/UsageStatsService( 1733): UsageStats: broadcasting intent
07-05 21:48:10.773 W/ContextImpl( 1733): Calling a method in the system process without a qualified user: android.app.ContextImpl.sendBroadcast:1327 com.android.server.usage.UsageStatsService.insertUsageStats:1104 com.android.server.usage.UsageStatsService$PkgUsageStatsExtended.updatePause:979 com.android.server.usage.UsageStatsService$LocalService.notePauseComponent:808 com.android.server.am.ActivityManagerService.updateUsageStats:3173 
07-05 21:48:10.774 D/PowerManagerService( 1733): acquireWakeLockInternal: lock=681732318, flags=0x1, tag="ActivityManager-Launch", ws=null, uid=1000, pid=1733
07-05 21:48:10.774 D/PowerManagerNotifier( 1733): onWakeLockAcquired: flags=1, tag="ActivityManager-Launch", packageName=android, ownerUid=1000, ownerPid=1733, workSource=null
07-05 21:48:10.779 D/UsageStatsService( 1733): User[0] Got usage event for com.jamdeo.launcher[1499262490771]: MOVE_TO_BACKGROUND
07-05 21:48:10.784 I/ActivityManager( 1733): TR16) TaskRecord{253006d5 #4970 A=com.jamdeo.launcher U=0 sz=1}
07-05 21:48:10.784 I/ActivityManager( 1733): TR15) TaskRecord{71706fa #5186 A=com.hisense.hicloud.edca U=0 sz=0}
07-05 21:48:10.786 I/UsageStatsService( 1733): resumed component name is ComponentInfo{com.jamdeo.launcher/com.jamdeo.launcher.app.DefaultHomeActivity}
07-05 21:48:10.786 I/UsageStatsService( 1733): started component:com.jamdeo.launcher
07-05 21:48:10.786 V/UsageStatsService( 1733): Resumed: 11332358   Component: com.jamdeo.launcher/com.jamdeo.launcher.app.DefaultHomeActivity   Time: 1499262490786 VersionCode: 100010000   LastUpdateTime: 1167653135000
07-05 21:48:10.786 D/UsageStatsService( 1733): UsageStats: broadcasting intent
07-05 21:48:10.787 D/UsageStatsService( 1733): User[0] Got usage event for com.jamdeo.launcher[1499262490787]: MOVE_TO_FOREGROUND
07-05 21:48:10.794 W/ContextImpl( 1733): Calling a method in the system process without a qualified user: android.app.ContextImpl.sendBroadcast:1327 com.android.server.usage.UsageStatsService.insertUsageStats:1104 com.android.server.usage.UsageStatsService$PkgUsageStatsExtended.updateResume:962 com.android.server.usage.UsageStatsService$LocalService.noteResumeComponent:759 com.android.server.am.ActivityManagerService.updateUsageStats:3164 
07-05 21:48:10.799 D/PowerManagerService( 1733): setScreenBrightnessOverrideFromWindowManagerInternal done
07-05 21:48:10.850 D/PowerManagerService( 1733): setScreenBrightnessOverrideFromWindowManagerInternal done
07-05 21:48:10.891 D/PowerManagerService( 1733): setScreenBrightnessOverrideFromWindowManagerInternal done
07-05 21:48:10.895 D/PowerManagerService( 1733): setScreenBrightnessOverrideFromWindowManagerInternal done
07-05 21:48:10.902 D/PowerManagerService( 1733): setScreenBrightnessOverrideFromWindowManagerInternal done
07-05 21:48:10.934 D/PowerManagerService( 1733): releaseWakeLockInternal: lock=681732318 [ActivityManager-Launch], flags=0x0
07-05 21:48:10.934 D/PowerManagerNotifier( 1733): onWakeLockReleased: flags=1, tag="ActivityManager-Launch", packageName=android, ownerUid=1000, ownerPid=1733, workSource=null
07-05 21:48:11.016 W/WindowManager( 1733): Attempted to remove non-existing token: android.os.Binder@206d243
07-05 21:48:11.122 I/NetflixMonitorService( 1733): current fgapk : com.jamdeo.launcher
07-05 21:48:11.122 I/NetflixMonitorService( 1733): Netflix status unchanged
07-05 21:48:11.326 D/PowerManagerService( 1733): setScreenBrightnessOverrideFromWindowManagerInternal done
07-05 21:48:11.327 D/PowerManagerService( 1733): setScreenBrightnessOverrideFromWindowManagerInternal done
07-05 21:48:11.342 D/PowerManagerService( 1733): setScreenBrightnessOverrideFromWindowManagerInternal done
07-05 21:48:11.659 I/ActivityManager( 1733): Force stopping io.appium.unlock appid=10077 user=0: from pid 9091
07-05 21:48:12.122 I/NetflixMonitorService( 1733): current fgapk : com.jamdeo.launcher
07-05 21:48:12.122 I/NetflixMonitorService( 1733): Netflix status unchanged
07-05 21:48:12.827 D/TileTransitionEngine( 1733): launchTile mInTransition=false, tile=Tile name=DummyApp, type=APP, baseComp=null
07-05 21:48:12.827 W/ActivityManager( 1733): getRecentTasks: caller 10005 is using old GET_TASKS but privileged; allowing
07-05 21:48:12.828 W/ActivityManager( 1733): getTasks: caller 10005 is using old GET_TASKS but privileged; allowing
07-05 21:48:12.828 D/TileTransitionManager( 1733): bringTileToFront tile=Tile name=DummyApp, type=APP, baseComp=null, startInfo=null, intentSender=null, pendingIntent=null, clearTargetStack:false
07-05 21:48:12.828 W/ActivityManager( 1733): getRecentTasks: caller 10005 is using old GET_TASKS but privileged; allowing
07-05 21:48:12.828 W/ActivityManager( 1733): getTasks: caller 10005 is using old GET_TASKS but privileged; allowing
07-05 21:48:12.829 D/TileTransitionManager( 1733): bringTileToFront, find existing stack, stackId:6, topComponent:ComponentInfo{com.jamdeo.launcher/com.jamdeo.launcher.app.BaseTileActivity}
07-05 21:48:12.829 D/TileTransitionManager( 1733): no upgrade info for tile:Tile name=DummyApp, type=APP, baseComp=null
07-05 21:48:12.829 D/ActivityStackUtils( 1733): openComponent component:null, stackId:6
07-05 21:48:12.829 D/ActivityStackUtils( 1733): moveStack - stackId: 6, toFront: true
07-05 21:48:12.829 I/UsageStatsService( 1733): paused component:com.jamdeo.launcher
07-05 21:48:12.829 V/UsageStatsService( 1733): Paused: 11334401   Component: com.jamdeo.launcher/com.jamdeo.launcher.app.DefaultHomeActivity   Time: 1499262492829 LastSessionTime: 2043 CumulativeSessionTime: 3047671
07-05 21:48:12.829 D/UsageStatsService( 1733): UsageStats: broadcasting intent
07-05 21:48:12.829 D/UsageStatsService( 1733): User[0] Got usage event for com.jamdeo.launcher[1499262492830]: MOVE_TO_BACKGROUND
07-05 21:48:12.830 W/ContextImpl( 1733): Calling a method in the system process without a qualified user: android.app.ContextImpl.sendBroadcast:1327 com.android.server.usage.UsageStatsService.insertUsageStats:1104 com.android.server.usage.UsageStatsService$PkgUsageStatsExtended.updatePause:979 com.android.server.usage.UsageStatsService$LocalService.notePauseComponent:808 com.android.server.am.ActivityManagerService.updateUsageStats:3173 
07-05 21:48:12.830 D/PowerManagerService( 1733): acquireWakeLockInternal: lock=681732318, flags=0x1, tag="ActivityManager-Launch", ws=null, uid=1000, pid=1733
07-05 21:48:12.830 D/PowerManagerNotifier( 1733): onWakeLockAcquired: flags=1, tag="ActivityManager-Launch", packageName=android, ownerUid=1000, ownerPid=1733, workSource=null
07-05 21:48:12.832 I/ActivityManager( 1733): TR16) TaskRecord{cd10cea #4980 A=com.jamdeo.launcher U=0 sz=1}
07-05 21:48:12.832 I/ActivityManager( 1733): TR15) TaskRecord{71706fa #5186 A=com.hisense.hicloud.edca U=0 sz=0}
07-05 21:48:12.835 I/UsageStatsService( 1733): resumed component name is ComponentInfo{com.jamdeo.launcher/com.jamdeo.launcher.app.BaseTileActivity}
07-05 21:48:12.835 I/UsageStatsService( 1733): started component:com.jamdeo.launcher
07-05 21:48:12.835 D/UsageStatsService( 1733): User[0] Got usage event for com.jamdeo.launcher[1499262492835]: MOVE_TO_FOREGROUND
07-05 21:48:12.835 V/UsageStatsService( 1733): Resumed: 11334406   Component: com.jamdeo.launcher/com.jamdeo.launcher.app.BaseTileActivity   Time: 1499262492835 VersionCode: 100010000   LastUpdateTime: 1167653135000
07-05 21:48:12.835 D/UsageStatsService( 1733): UsageStats: broadcasting intent
07-05 21:48:12.835 W/ContextImpl( 1733): Calling a method in the system process without a qualified user: android.app.ContextImpl.sendBroadcast:1327 com.android.server.usage.UsageStatsService.insertUsageStats:1104 com.android.server.usage.UsageStatsService$PkgUsageStatsExtended.updateResume:962 com.android.server.usage.UsageStatsService$LocalService.noteResumeComponent:759 com.android.server.am.ActivityManagerService.updateUsageStats:3164 
07-05 21:48:12.841 D/PowerManagerService( 1733): setScreenBrightnessOverrideFromWindowManagerInternal done
07-05 21:48:12.843 D/PowerManagerService( 1733): setScreenBrightnessOverrideFromWindowManagerInternal done
07-05 21:48:12.845 D/PowerManagerService( 1733): setScreenBrightnessOverrideFromWindowManagerInternal done
07-05 21:48:12.847 D/TileTransitionManager( 1733): bringTileToFront lastLaunched is:ComponentInfo{com.jamdeo.launcher/com.jamdeo.launcher.app.BaseTileActivity}
07-05 21:48:12.847 D/TileTransitionEngine( 1733): launchTile result=true
07-05 21:48:12.856 D/TvInputManagerService( 1733): call enableMotionEventNotifier:false
07-05 21:48:12.860 D/PowerManagerService( 1733): setScreenBrightnessOverrideFromWindowManagerInternal done
07-05 21:48:12.869 D/TvInputManagerService( 1733): call enableMotionEventNotifier:false
07-05 21:48:12.870 D/TvInputManagerService( 1733): call enableMotionEventNotifier:false
07-05 21:48:12.873 D/PowerManagerService( 1733): wakeUp: eventTime=11334444
07-05 21:48:12.873 D/PowerManagerService( 1733): wakeUpInternal: eventTime=11334444, uid=1000
07-05 21:48:12.873 D/PowerManagerService( 1733): wakeUpNoUpdateLocked: eventTime=11334444, uid=1000
07-05 21:48:12.876 D/PowerManagerService( 1733): wakeUp: eventTime=11334447
07-05 21:48:12.876 D/PowerManagerService( 1733): wakeUpInternal: eventTime=11334447, uid=1000
07-05 21:48:12.876 D/PowerManagerService( 1733): wakeUpNoUpdateLocked: eventTime=11334447, uid=1000
07-05 21:48:12.877 D/PowerManagerService( 1733): setScreenBrightnessOverrideFromWindowManagerInternal done
07-05 21:48:12.900 D/PowerManagerService( 1733): releaseWakeLockInternal: lock=681732318 [ActivityManager-Launch], flags=0x0
07-05 21:48:12.900 D/PowerManagerNotifier( 1733): onWakeLockReleased: flags=1, tag="ActivityManager-Launch", packageName=android, ownerUid=1000, ownerPid=1733, workSource=null
07-05 21:48:13.123 I/NetflixMonitorService( 1733): current fgapk : com.jamdeo.launcher
07-05 21:48:13.123 I/NetflixMonitorService( 1733): Netflix status unchanged
07-05 21:48:13.277 D/PowerManagerService( 1733): setScreenBrightnessOverrideFromWindowManagerInternal done
07-05 21:48:14.123 I/NetflixMonitorService( 1733): current fgapk : com.jamdeo.launcher
07-05 21:48:14.123 I/NetflixMonitorService( 1733): Netflix status unchanged
--------- beginning of main
07-05 21:48:39.600 I/ReportService( 3281): siloName isnull
07-05 21:48:39.600 V/PackageManager( 1733): getPackageInfo com.hisense.hicloud.edca: Package{3fb3f3a1 com.hisense.hicloud.edca}
07-05 21:48:39.601 I/ReportService( 3281): HiReport string sent out is:1.5|3|86100300900000500000060a4818fca8|1499262514|1499262519|com.hisense.hicloud.edca|3.0.0.9.00|8
07-05 21:48:39.601 W/ReportService( 3281): enter InsertUserBehaviorDataReportTask  mUri = content://com.hisense.hitv.hicloud.log/loginput mContentValues = lastsessiondurationtime=5536 LOGVALUE=1.5|3|86100300900000500000060a4818fca8|1499262514|1499262519|com.hisense.hicloud.edca|3.0.0.9.00|8 operation=P time=1499262519587 package=com.hisense.hicloud.edca cumulativesessiondurationtime=3827215 versioncode=652 lastupdatetime=1499256171569 _id=null type=APPRUN component=com.hisense.hicloud.edca.activity.EntryActivity mContext == com.hisense.hireport.ReportService@3a75cda9mType == 95
07-05 21:48:39.602 I/UsageStatsService( 1733): resumed component name is ComponentInfo{com.hisense.hicloud.edca/com.hisense.tvui.newhome.HomeMainActivity}
07-05 21:48:39.602 I/UsageStatsService( 1733): started component:com.hisense.hicloud.edca
07-05 21:48:39.602 V/PackageManager( 1733): getPackageInfo com.hisense.hicloud.edca: Package{3fb3f3a1 com.hisense.hicloud.edca}
07-05 21:48:39.602 V/UsageStatsService( 1733): Resumed: 11361174   Component: com.hisense.hicloud.edca/com.hisense.tvui.newhome.HomeMainActivity   Time: 1499262519602 VersionCode: 652   LastUpdateTime: 1499256171569
07-05 21:48:39.602 D/UsageStatsService( 1733): UsageStats: broadcasting intent
07-05 21:48:39.603 W/ContextImpl( 1733): Calling a method in the system process without a qualified user: android.app.ContextImpl.sendBroadcast:1327 com.android.server.usage.UsageStatsService.insertUsageStats:1104 com.android.server.usage.UsageStatsService$PkgUsageStatsExtended.updateResume:962 com.android.server.usage.UsageStatsService$LocalService.noteResumeComponent:759 com.android.server.am.ActivityManagerService.updateUsageStats:3164 
07-05 21:48:39.606 D/PowerManagerService( 1733): setScreenBrightnessOverrideFromWindowManagerInternal done
07-05 21:48:39.606 I/ReportService( 3281): enter doInBackground*****
07-05 21:48:39.608 I/ActivityManager( 1733): TR16) TaskRecord{24ec77ef #5188 A=com.hisense.hicloud.edca U=0 sz=2}
07-05 21:48:39.608 I/ActivityManager( 1733): TR15) TaskRecord{cd10cea #4980 A=com.jamdeo.launcher U=0 sz=1}
07-05 21:48:39.611 D/UsageStatsService( 1733): User[0] Got usage event for com.hisense.hicloud.edca[1499262519587]: MOVE_TO_BACKGROUND
07-05 21:48:39.613 V/ActivityManager( 1733): set mstar.EnterOpaqueUI false
07-05 21:48:39.618 I/ReportService( 3281): Intent received, action = android.intent.action.INSERT
07-05 21:48:39.619 I/ReportService( 3281): modelName is VIDAA_TV
07-05 21:48:39.619 E/til     ( 2026): [til_get_current_input_source, 101] 
07-05 21:48:39.620 I/TVMW@HsTvSetting( 1234): Trace cmd, data = 0x7007
07-05 21:48:39.620 I/tilwrapper@sm( 2026): HS2TIL_SourceType *hs=0xd, *til=0x900
07-05 21:48:39.620 D/til     ( 2026): get current source 2304
07-05 21:48:39.620 D/SourceRemoteServiceHandler( 2026): getCurrentInputSource.from.til.result is 0, value is 2304
07-05 21:48:39.620 D/SourceRemoteServiceHandler( 2026): getInputSourceType source: 0x900, type=2304
07-05 21:48:39.624 I/ReportService( 3281): getCurIntputSource2304
07-05 21:48:39.625 E/til     ( 2026): [til_get_current_input_source, 101] 
07-05 21:48:39.625 I/TVMW@HsTvSetting( 1234): Trace cmd, data = 0x7007
07-05 21:48:39.625 I/tilwrapper@sm( 2026): HS2TIL_SourceType *hs=0xd, *til=0x900
07-05 21:48:39.625 D/til     ( 2026): get current source 2304
07-05 21:48:39.625 D/SourceRemoteServiceHandler( 2026): getCurrentInputSource.from.til.result is 0, value is 2304
07-05 21:48:39.625 D/SourceRemoteServiceHandler( 2026): getInputSourceType source: 0x900, type=2304
07-05 21:48:39.626 I/ReportService( 3281): siloName isnull
07-05 21:48:39.626 V/PackageManager( 1733): getPackageInfo com.hisense.hicloud.edca: Package{3fb3f3a1 com.hisense.hicloud.edca}
07-05 21:48:39.628 D/UsageStatsService( 1733): User[0] Got usage event for com.hisense.hicloud.edca[1499262519602]: MOVE_TO_FOREGROUND
07-05 21:48:39.628 I/ReportService( 3281): HiReport string sent out is:1.5|3|86100300900000500000060a4818fca8|1499262519|0|com.hisense.hicloud.edca|3.0.0.9.00|8
07-05 21:48:39.628 W/ReportService( 3281): enter InsertUserBehaviorDataReportTask  mUri = content://com.hisense.hitv.hicloud.log/loginput mContentValues = lastsessiondurationtime=5536 LOGVALUE=1.5|3|86100300900000500000060a4818fca8|1499262519|0|com.hisense.hicloud.edca|3.0.0.9.00|8 operation=R time=1499262519602 package=com.hisense.hicloud.edca cumulativesessiondurationtime=3827215 versioncode=652 lastupdatetime=1499256171569 _id=null type=APPRUN component=com.hisense.tvui.newhome.HomeMainActivity mContext == com.hisense.hireport.ReportService@3a75cda9mType == 95
07-05 21:48:39.642 E/BaseFragmentActivity( 9322): isUpdateCheckedfalse
07-05 21:48:39.642 I/RECREATE( 9322): HomeMainActivity is onCreate
07-05 21:48:39.649 W/SoLibHelper( 9322): copySoLibToHost copy(libWasabiJni.so) true
07-05 21:48:39.649 W/SoLibHelper( 9322): copySoLibToHost scan(entry=lib/armeabi/libqyclient_common.so, isDirectory=false)
07-05 21:48:39.649 W/SoLibHelper( 9322): copySoLibToHost scan(soName=libqyclient_common.so)
07-05 21:48:39.649 W/FileUtils( 9322): createNewFile(), path=/data/data/com.hisense.hicloud.edca/files/plugin/2.1.0.59986/pluginplayer/1.64.0.59984/pluginplayer-release-1.64.0.59984-libs/libqyclient_common.so
07-05 21:48:39.650 W/FileUtils( 9322): createNewFile(), path is not empty!
07-05 21:48:39.650 W/FileUtils( 9322): createNewFile(), path is file!
07-05 21:48:39.650 I/ReportService( 3281): result is content://com.hisense.hitv.hicloud.log/loginput/1
07-05 21:48:39.650 W/FileUtils( 9322): createNewFile(), path createNewFile true
07-05 21:48:39.650 I/ReportService( 3281): enter onPostExecute result is: true
07-05 21:48:39.650 W/FileUtils( 9322): createNewFile(), return=true
07-05 21:48:39.650 I/ReportService( 3281): enter doInBackground*****
07-05 21:48:39.660 I/ReportService( 3281): result is content://com.hisense.hitv.hicloud.log/loginput/1
07-05 21:48:39.661 I/ReportService( 3281): enter onPostExecute result is: true
07-05 21:48:39.662 I/HomeMainActivity( 9322): initView is offlinefalse
07-05 21:48:39.666 I/EntryLogic( 9322): saveResultNew
07-05 21:48:39.671 E/HDMI_CEC( 1733): Send Message TO[5] 
07-05 21:48:39.671 E/HDMI_CEC( 1733): OP[0], <Feature Abort> 
07-05 21:48:39.671 E/HDMI_CEC( 1733): ========
07-05 21:48:39.697 W/SoLibHelper( 9322): copySoLibToHost copy(libqyclient_common.so) true
07-05 21:48:39.697 W/SoLibHelper( 9322): copySoLibToHost scan(entry=lib/armeabi/librtmp.so, isDirectory=false)
07-05 21:48:39.697 W/SoLibHelper( 9322): copySoLibToHost scan(soName=librtmp.so)
07-05 21:48:39.697 W/FileUtils( 9322): createNewFile(), path=/data/data/com.hisense.hicloud.edca/files/plugin/2.1.0.59986/pluginplayer/1.64.0.59984/pluginplayer-release-1.64.0.59984-libs/librtmp.so
07-05 21:48:39.697 W/FileUtils( 9322): createNewFile(), path is not empty!
07-05 21:48:39.697 W/FileUtils( 9322): createNewFile(), path is file!
07-05 21:48:39.697 W/FileUtils( 9322): createNewFile(), path createNewFile true
07-05 21:48:39.697 W/FileUtils( 9322): createNewFile(), return=true
07-05 21:48:39.702 W/SoLibHelper( 9322): copySoLibToHost copy(librtmp.so) true
07-05 21:48:39.702 W/SoLibHelper( 9322): copySoLibToHost scan(entry=lib/armeabi/libmbedtls.so, isDirectory=false)
07-05 21:48:39.702 W/SoLibHelper( 9322): copySoLibToHost scan(soName=libmbedtls.so)
07-05 21:48:39.702 W/FileUtils( 9322): createNewFile(), path=/data/data/com.hisense.hicloud.edca/files/plugin/2.1.0.59986/pluginplayer/1.64.0.59984/pluginplayer-release-1.64.0.59984-libs/libmbedtls.so
07-05 21:48:39.702 W/FileUtils( 9322): createNewFile(), path is not empty!
07-05 21:48:39.702 W/FileUtils( 9322): createNewFile(), path is file!
07-05 21:48:39.703 W/FileUtils( 9322): createNewFile(), path createNewFile true
07-05 21:48:39.703 W/FileUtils( 9322): createNewFile(), return=true
07-05 21:48:39.726 W/SoLibHelper( 9322): copySoLibToHost copy(libmbedtls.so) true
07-05 21:48:39.726 W/SoLibHelper( 9322): copySoLibToHost scan(entry=lib/armeabi/libhttpdns.so, isDirectory=false)
07-05 21:48:39.726 W/SoLibHelper( 9322): copySoLibToHost scan(soName=libhttpdns.so)
07-05 21:48:39.726 W/FileUtils( 9322): createNewFile(), path=/data/data/com.hisense.hicloud.edca/files/plugin/2.1.0.59986/pluginplayer/1.64.0.59984/pluginplayer-release-1.64.0.59984-libs/libhttpdns.so
07-05 21:48:39.726 W/FileUtils( 9322): createNewFile(), path is not empty!
07-05 21:48:39.726 W/FileUtils( 9322): createNewFile(), path is file!
07-05 21:48:39.727 W/FileUtils( 9322): createNewFile(), path createNewFile true
07-05 21:48:39.727 W/FileUtils( 9322): createNewFile(), return=true
07-05 21:48:39.742 E/HDMI_CEC( 1733): MI_CEC_SendTxPolling, ErrCode[4] 
07-05 21:48:39.769 I/MiSysSrv( 1214): [37m[INFO] Change to Voltage: 102 mv (0x23)[m
07-05 21:48:39.776 E/HDMI_CEC( 1733): Sending message can't be response. 
07-05 21:48:39.798 W/SoLibHelper( 9322): copySoLibToHost copy(libhttpdns.so) true
07-05 21:48:39.798 W/SoLibHelper( 9322): copySoLibToHost scan(entry=META-INF/MANIFEST.MF, isDirectory=false)
07-05 21:48:39.798 W/SoLibHelper( 9322): copySoLibToHost scan(soName=MANIFEST.MF)
07-05 21:48:39.799 W/SoLibHelper( 9322): copySoLibToHost scan(entry=META-INF/CERT.SF, isDirectory=false)
07-05 21:48:39.799 W/SoLibHelper( 9322): copySoLibToHost scan(soName=CERT.SF)
07-05 21:48:39.799 W/SoLibHelper( 9322): copySoLibToHost scan(entry=META-INF/CERT.RSA, isDirectory=false)
07-05 21:48:39.799 W/SoLibHelper( 9322): copySoLibToHost scan(soName=CERT.RSA)
07-05 21:48:39.799 W/SoLibHelper( 9322): copySoLibToHost (containSo=true)
07-05 21:48:40.017 I/TVMW@devctrl( 1234): wdt
07-05 21:48:40.051 I/TVMW@HsTvSetting( 1234): Trace cmd, data = 0x1058
07-05 21:48:40.051 D/til@system( 2026): til_get_system_param option:100002F int:0, bool:0, ret:0
07-05 21:48:40.052 I/TVMW@HsTvSetting( 1234): Trace cmd, data = 0x101f
07-05 21:48:40.052 D/til@system( 2026): til_get_system_param option:100001D int:3, bool:3, ret:0
07-05 21:48:40.052 E/til     ( 2026): [til_get_current_input_source, 101] 
07-05 21:48:40.052 I/TVMW@HsTvSetting( 1234): Trace cmd, data = 0x7007
07-05 21:48:40.052 I/tilwrapper@sm( 2026): HS2TIL_SourceType *hs=0xd, *til=0x900
07-05 21:48:40.052 D/til     ( 2026): get current source 2304
07-05 21:48:40.052 D/SourceRemoteServiceHandler( 2026): getCurrentInputSource.from.til.result is 0, value is 2304
07-05 21:48:40.052 D/SourceRemoteServiceHandler( 2026): getInputSourceType source: 0x900, type=2304
07-05 21:48:40.052 D/til     ( 2026): ###### func:til_get_picture_param option:0x3000006 ######  
07-05 21:48:40.052 I/TVMW@HsTvSetting( 1234): Trace cmd, data = 0x1003
07-05 21:48:40.052 I/TVMW@HsTvSetting( 1234): Trace cmd, data = 0x8032
07-05 21:48:40.053 I/hstvos  ( 1216): [0m[1;33m[HSHAL][HS_VIDEO][HS_HAL_Video_SetOsdDetect_v2][2389]u16Threshold = 20
07-05 21:48:40.053 I/MiSysSrv( 1214): Not support now! 42, change to mm_video!!!
07-05 21:48:40.053 E/TVMW@videoctrl( 1234):  getOsd is 1
07-05 21:48:40.053 D/til@system( 2026): til_get_system_param option:1000027 int:1, bool:1, ret:0
07-05 21:48:40.053 D/til     ( 2026): ###### func:til_get_picture_param option:0x3000045 ######  
07-05 21:48:40.053 I/TVMW@HsTvSetting( 1234): Trace cmd, data = 0x300c
07-05 21:48:40.053 I/TVMW@HsTvSetting( 1234): Trace 3d, data = 0x300c
07-05 21:48:40.053 I/TVMW@3d ( 1234): Hs_debug3d_trace: func:get3dStatus, line:109
07-05 21:48:40.218 I/NetflixMonitorService( 1733): current fgapk : com.hisense.hicloud.edca
07-05 21:48:40.218 I/NetflixMonitorService( 1733): Netflix status unchanged
07-05 21:48:40.507 E/btif_config( 2964): [btif_config_get] node is TRUE!
07-05 21:48:40.507 E/btif_config( 2964): [btif_config_get] ret is TRUE!
07-05 21:48:40.554 I/TVMW@HsTvSetting( 1234): Trace cmd, data = 0x1058
07-05 21:48:40.554 D/til@system( 2026): til_get_system_param option:100002F int:0, bool:0, ret:0
07-05 21:48:40.554 I/TVMW@HsTvSetting( 1234): Trace cmd, data = 0x101f
07-05 21:48:40.555 D/til@system( 2026): til_get_system_param option:100001D int:3, bool:3, ret:0
07-05 21:48:40.555 E/til     ( 2026): [til_get_current_input_source, 101] 
07-05 21:48:40.555 I/TVMW@HsTvSetting( 1234): Trace cmd, data = 0x7007
07-05 21:48:40.555 I/tilwrapper@sm( 2026): HS2TIL_SourceType *hs=0xd, *til=0x900
07-05 21:48:40.555 D/til     ( 2026): get current source 2304
07-05 21:48:40.555 D/SourceRemoteServiceHandler( 2026): getCurrentInputSource.from.til.result is 0, value is 2304
07-05 21:48:40.555 D/SourceRemoteServiceHandler( 2026): getInputSourceType source: 0x900, type=2304
07-05 21:48:40.555 D/til     ( 2026): ###### func:til_get_picture_param option:0x3000006 ######  
07-05 21:48:40.555 I/TVMW@HsTvSetting( 1234): Trace cmd, data = 0x1003
07-05 21:48:40.555 I/TVMW@HsTvSetting( 1234): Trace cmd, data = 0x8032
07-05 21:48:40.555 I/hstvos  ( 1216): [0m[1;33m[HSHAL][HS_VIDEO][HS_HAL_Video_SetOsdDetect_v2][2389]u16Threshold = 20
07-05 21:48:40.556 I/MiSysSrv( 1214): Not support now! 42, change to mm_video!!!
07-05 21:48:40.556 E/TVMW@videoctrl( 1234):  getOsd is 1
07-05 21:48:40.556 D/til@system( 2026): til_get_system_param option:1000027 int:1, bool:1, ret:0
07-05 21:48:40.556 D/til     ( 2026): ###### func:til_get_picture_param option:0x3000045 ######  
07-05 21:48:40.556 I/TVMW@HsTvSetting( 1234): Trace cmd, data = 0x300c
07-05 21:48:40.556 I/TVMW@HsTvSetting( 1234): Trace 3d, data = 0x300c
07-05 21:48:40.556 I/TVMW@3d ( 1234): Hs_debug3d_trace: func:get3dStatus, line:109
07-05 21:48:40.610 W/SoLibHelper( 9322): unzipLibs() return true
07-05 21:48:40.610 W/StorageStub@193d3924( 9322): copySoLibToHost>>() return true
07-05 21:48:40.610 W/StorageManager( 9322): loadPluginInfoFromAssets>>() return PluginInfo(id=pluginplayer, versionName=1.64.0.59984, className=com.qiyi.video.plugin.PluginProvider, path=/data/data/com.hisense.hicloud.edca/files/plugin/2.1.0.59986/pluginplayer/1.64.0.59984/pluginplayer-release-1.64.0.59984.apk, libFolder=/data/data/com.hisense.hicloud.edca/files/plugin/2.1.0.59986/pluginplayer/1.64.0.59984/pluginplayer-release-1.64.0.59984-libs, containSo=true, soFileCount=18, errorCount=0, lastLoadSuccess=true)
07-05 21:48:40.610 W/PluginHelper( 9322): loadProvider<<(info=PluginInfo(id=pluginplayer, versionName=1.64.0.59984, className=com.qiyi.video.plugin.PluginProvider, path=/data/data/com.hisense.hicloud.edca/files/plugin/2.1.0.59986/pluginplayer/1.64.0.59984/pluginplayer-release-1.64.0.59984.apk, libFolder=/data/data/com.hisense.hicloud.edca/files/plugin/2.1.0.59986/pluginplayer/1.64.0.59984/pluginplayer-release-1.64.0.59984-libs, containSo=true, soFileCount=18, errorCount=0, lastLoadSuccess=true))
07-05 21:48:40.610 W/PluginProviderBuilder( 9322): createPluginProviderInstance() begin.
07-05 21:48:40.610 W/PluginDebugUtils( 9322): needThrowable<<(key=loadClassFailed)
07-05 21:48:40.610 W/PluginDebugUtils( 9322): needThrowable() returns false
07-05 21:48:40.610 W/PluginDebugUtils( 9322): needThrowable<<(key=constructorInvisible)
07-05 21:48:40.610 W/PluginDebugUtils( 9322): needThrowable() returns false
07-05 21:48:40.610 W/PluginDebugUtils( 9322): needThrowable<<(key=instanceFailed)
07-05 21:48:40.610 W/PluginDebugUtils( 9322): needThrowable() returns false
07-05 21:48:40.610 W/PluginProviderBuilder( 9322): createPluginContext() return com.hisense.hicloud.edca.BaseApplication@2adbac5c/data/data/com.hisense.hicloud.edca/files/plugin/2.1.0.59986/pluginplayer/1.64.0.59984/pluginplayer-release-1.64.0.59984.apk
07-05 21:48:40.610 W/PluginProviderBuilder( 9322): createDexClassLoader() begin.
07-05 21:48:40.611 D/SUSLog  ( 9322): AppUpdateApiImplTag>>sPkgName = com.hisense.hicloud.edca
07-05 21:48:40.611 D/SUSLog  ( 9322): AppUpdateApiImplTag>>update token = 72DF6038D2AEAB8A76DFBBBBCC428A4A_003955845740345 domainName = 
07-05 21:48:40.612 D/SUSLog  ( 9322): CheckAppUpdateService>>token=72DF6038D2AEAB8A76DFBBBBCC428A4A_003955845740345domainName=api.hismarttv.cominstallMethod0
07-05 21:48:40.612 D/SUSLog  ( 9322): CheckAppUpdateService>>token=72DF6038D2AEAB8A76DFBBBBCC428A4A_003955845740345domainName=api.hismarttv.com
07-05 21:48:40.624 D/SUSLog  ( 9322): CheckAppUpdateService>>startService end
07-05 21:48:40.624 E/BaseFragmentActivity( 9322): 
07-05 21:48:40.693 E/btif_config( 2964): [btif_config_get] node is TRUE!
07-05 21:48:40.693 E/btif_config( 2964): [btif_config_get] ret is TRUE!
07-05 21:48:40.718 D/HDMI    ( 1733): [P]:AllocatedAddress=[]
07-05 21:48:40.875 E/btif_config( 2964): [btif_config_get] node is TRUE!
07-05 21:48:40.875 E/btif_config( 2964): [btif_config_get] ret is TRUE!
07-05 21:48:40.917 I/TVMW@devctrl( 1234): wdt
07-05 21:48:41.057 I/TVMW@HsTvSetting( 1234): Trace cmd, data = 0x1058
07-05 21:48:41.057 D/til@system( 2026): til_get_system_param option:100002F int:0, bool:0, ret:0
07-05 21:48:41.058 I/TVMW@HsTvSetting( 1234): Trace cmd, data = 0x101f
07-05 21:48:41.058 D/til@system( 2026): til_get_system_param option:100001D int:3, bool:3, ret:0
07-05 21:48:41.058 E/til     ( 2026): [til_get_current_input_source, 101] 
07-05 21:48:41.058 I/TVMW@HsTvSetting( 1234): Trace cmd, data = 0x7007
07-05 21:48:41.058 I/tilwrapper@sm( 2026): HS2TIL_SourceType *hs=0xd, *til=0x900
07-05 21:48:41.058 D/til     ( 2026): get current source 2304
07-05 21:48:41.058 D/SourceRemoteServiceHandler( 2026): getCurrentInputSource.from.til.result is 0, value is 2304
07-05 21:48:41.058 D/SourceRemoteServiceHandler( 2026): getInputSourceType source: 0x900, type=2304
07-05 21:48:41.058 D/til     ( 2026): ###### func:til_get_picture_param option:0x3000006 ######  
07-05 21:48:41.058 I/TVMW@HsTvSetting( 1234): Trace cmd, data = 0x1003
07-05 21:48:41.059 I/TVMW@HsTvSetting( 1234): Trace cmd, data = 0x8032
07-05 21:48:41.059 I/hstvos  ( 1216): [0m[1;33m[HSHAL][HS_VIDEO][HS_HAL_Video_SetOsdDetect_v2][2389]u16Threshold = 20
07-05 21:48:41.059 I/MiSysSrv( 1214): Not support now! 42, change to mm_video!!!
07-05 21:48:41.059 E/TVMW@videoctrl( 1234):  getOsd is 1
07-05 21:48:41.059 D/til@system( 2026): til_get_system_param option:1000027 int:1, bool:1, ret:0
07-05 21:48:41.059 D/til     ( 2026): ###### func:til_get_picture_param option:0x3000045 ######  
07-05 21:48:41.060 I/TVMW@HsTvSetting( 1234): Trace cmd, data = 0x300c
07-05 21:48:41.060 I/TVMW@HsTvSetting( 1234): Trace 3d, data = 0x300c
07-05 21:48:41.060 I/TVMW@3d ( 1234): Hs_debug3d_trace: func:get3dStatus, line:109
07-05 21:48:41.063 E/btif_config( 2964): [btif_config_get] node is TRUE!
07-05 21:48:41.063 E/btif_config( 2964): [btif_config_get] ret is TRUE!
07-05 21:48:41.218 I/NetflixMonitorService( 1733): current fgapk : com.hisense.hicloud.edca
07-05 21:48:41.218 I/NetflixMonitorService( 1733): Netflix status unchanged
07-05 21:48:41.361 I/TabView ( 9322): onScroll:,firstItem=0,visibleCount=0,totalCount=0
07-05 21:48:41.405 I/dex2oat ( 9418): /system/bin/dex2oat --runtime-arg -classpath --runtime-arg  --instruction-set=arm --instruction-set-features=default --runtime-arg -Xrelocate --boot-image=/system/framework/boot.art --dex-file=/data/data/com.hisense.hicloud.edca/files/plugin/2.1.0.59986/pluginplayer/1.64.0.59984/pluginplayer-release-1.64.0.59984.apk --oat-fd=36 --oat-location=/data/data/com.hisense.hicloud.edca/app_dex/pluginplayer-release-1.64.0.59984.dex --runtime-arg -Xms64m --runtime-arg -Xmx512m
07-05 21:48:41.418 I/MainHomeView( 9322): initData
07-05 21:48:41.435 I/MainHomeView( 9322): initFiguresByVipInfo() --> vip Figure
07-05 21:48:41.435 D/MainHomeView( 9322): listFigures ===>:[com.hisense.sdk.domain.VipInfo$FigureVipInfo@172f2fb1, com.hisense.sdk.domain.VipInfo$FigureVipInfo@8e92017, com.hisense.sdk.domain.VipInfo$FigureVipInfo@355615ed, com.hisense.sdk.domain.VipInfo$FigureVipInfo@3755a6b3, com.hisense.sdk.domain.VipInfo$FigureVipInfo@2f8b23e9, com.hisense.sdk.domain.VipInfo$FigureVipInfo@12f9fb0f, com.hisense.sdk.domain.VipInfo$FigureVipInfo@3ae915a5, com.hisense.sdk.domain.VipInfo$FigureVipInfo@30e5392b]
07-05 21:48:41.435 D/MainHomeView( 9322): for (VipInfo.FigureVipInfo) figureVip ID = 1
07-05 21:48:41.435 D/MainHomeView( 9322): for (VipInfo.ChannelVipInfo) ChannelId = 6
07-05 21:48:41.435 D/MainHomeView( 9322): for (VipInfo.ChannelVipInfo) ChannelId = 14
07-05 21:48:41.435 D/MainHomeView( 9322): for (VipInfo.FigureVipInfo) figureVip ID = 2
07-05 21:48:41.435 D/MainHomeView( 9322): for (VipInfo.ChannelVipInfo) ChannelId = 22
07-05 21:48:41.435 D/MainHomeView( 9322): for (VipInfo.ChannelVipInfo) ChannelId = 23
07-05 21:48:41.435 D/MainHomeView( 9322): for (VipInfo.ChannelVipInfo) ChannelId = 24
07-05 21:48:41.435 D/MainHomeView( 9322): for (VipInfo.FigureVipInfo) figureVip ID = 3
07-05 21:48:41.435 D/MainHomeView( 9322): for (VipInfo.ChannelVipInfo) ChannelId = 28
07-05 21:48:41.435 D/MainHomeView( 9322): for (VipInfo.FigureVipInfo) figureVip ID = 4
07-05 21:48:41.435 D/MainHomeView( 9322): for (VipInfo.ChannelVipInfo) ChannelId = 16
07-05 21:48:41.435 D/MainHomeView( 9322): for (VipInfo.ChannelVipInfo) ChannelId = 17
07-05 21:48:41.435 D/MainHomeView( 9322): for (VipInfo.ChannelVipInfo) ChannelId = 18
07-05 21:48:41.435 D/MainHomeView( 9322): for (VipInfo.ChannelVipInfo) ChannelId = 19
07-05 21:48:41.435 D/MainHomeView( 9322): for (VipInfo.ChannelVipInfo) ChannelId = 20
07-05 21:48:41.435 D/MainHomeView( 9322): for (VipInfo.ChannelVipInfo) ChannelId = 21
07-05 21:48:41.435 D/MainHomeView( 9322): for (VipInfo.FigureVipInfo) figureVip ID = 5
07-05 21:48:41.435 D/MainHomeView( 9322): for (VipInfo.ChannelVipInfo) ChannelId = 25
07-05 21:48:41.435 D/MainHomeView( 9322): for (VipInfo.ChannelVipInfo) ChannelId = 26
07-05 21:48:41.435 D/MainHomeView( 9322): for (VipInfo.ChannelVipInfo) ChannelId = 27
07-05 21:48:41.435 D/MainHomeView( 9322): for (VipInfo.FigureVipInfo) figureVip ID = 6
07-05 21:48:41.435 D/MainHomeView( 9322): for (VipInfo.ChannelVipInfo) ChannelId = 15
07-05 21:48:41.435 D/MainHomeView( 9322): for (VipInfo.FigureVipInfo) figureVip ID = 7
07-05 21:48:41.435 D/MainHomeView( 9322): for (VipInfo.ChannelVipInfo) ChannelId = 29
07-05 21:48:41.435 D/MainHomeView( 9322): for (VipInfo.FigureVipInfo) figureVip ID = 9
07-05 21:48:41.435 I/MainHomeView( 9322): initFiguresByVipInfo() <-- vip Figure done
07-05 21:48:41.436 D/TabView ( 9322): setFigureList 
07-05 21:48:41.439 I/MyFragmentStateAdapter( 9322): create --
07-05 21:48:41.441 D/SoftFragmentList( 9322): clearCacheFragment --
07-05 21:48:41.441 I/MyFragmentStateAdapter( 9322): getCount
07-05 21:48:41.442 I/MyFragmentStateAdapter( 9322): getCount
07-05 21:48:41.442 I/MyFragmentStateAdapter( 9322): getCount
07-05 21:48:41.448 V/HomeMainActivity( 9322): getDayOfMonth(mLastShowDialogTime) ==  01  mLastShowDialogTime ==  0
07-05 21:48:41.448 V/HomeMainActivity( 9322): getDayOfMonth(System.currentTimeMillis()) ==  65
07-05 21:48:41.468 I/HomeMainActivity( 9322): this is LowMemoryConfiguration 
07-05 21:48:41.561 I/TVMW@HsTvSetting( 1234): Trace cmd, data = 0x1058
07-05 21:48:41.561 D/til@system( 2026): til_get_system_param option:100002F int:0, bool:0, ret:0
07-05 21:48:41.561 I/TVMW@HsTvSetting( 1234): Trace cmd, data = 0x101f
07-05 21:48:41.561 D/til@system( 2026): til_get_system_param option:100001D int:3, bool:3, ret:0
07-05 21:48:41.562 E/til     ( 2026): [til_get_current_input_source, 101] 
07-05 21:48:41.562 I/TVMW@HsTvSetting( 1234): Trace cmd, data = 0x7007
07-05 21:48:41.562 I/tilwrapper@sm( 2026): HS2TIL_SourceType *hs=0xd, *til=0x900
07-05 21:48:41.562 D/til     ( 2026): get current source 2304
07-05 21:48:41.562 D/SourceRemoteServiceHandler( 2026): getCurrentInputSource.from.til.result is 0, value is 2304
07-05 21:48:41.562 D/SourceRemoteServiceHandler( 2026): getInputSourceType source: 0x900, type=2304
07-05 21:48:41.562 D/til     ( 2026): ###### func:til_get_picture_param option:0x3000006 ######  
07-05 21:48:41.562 I/TVMW@HsTvSetting( 1234): Trace cmd, data = 0x1003
07-05 21:48:41.562 I/TVMW@HsTvSetting( 1234): Trace cmd, data = 0x8032
07-05 21:48:41.563 I/hstvos  ( 1216): [0m[1;33m[HSHAL][HS_VIDEO][HS_HAL_Video_SetOsdDetect_v2][2389]u16Threshold = 20
07-05 21:48:41.568 I/MiSysSrv( 1214): Not support now! 42, change to mm_video!!!
07-05 21:48:41.568 E/TVMW@videoctrl( 1234):  getOsd is 1
07-05 21:48:41.568 D/til@system( 2026): til_get_system_param option:1000027 int:1, bool:1, ret:0
07-05 21:48:41.568 D/til     ( 2026): ###### func:til_get_picture_param option:0x3000045 ######  
07-05 21:48:41.569 I/TVMW@HsTvSetting( 1234): Trace cmd, data = 0x300c
07-05 21:48:41.569 I/TVMW@HsTvSetting( 1234): Trace 3d, data = 0x300c
07-05 21:48:41.569 I/TVMW@3d ( 1234): Hs_debug3d_trace: func:get3dStatus, line:109
07-05 21:48:41.569 I/MiSysSrv( 1214): [37m[INFO] Change to Voltage: 117 mv (0x32)[m
07-05 21:48:41.580 V/HomeMainActivity( 9322): isFirstChooseChannel= true
07-05 21:48:41.581 D/HomeMainActivity( 9322): getUserAboutBoughtVipAndLesson!!!!!
07-05 21:48:41.581 E/BaseApplication( 9322): mSignonInfo.getSignonFlag() == 0mSignonInfo.getName() == null
07-05 21:48:41.581 V/PackageManager( 1733): getPackageInfo com.hisense.hitv.hicloud.account: Package{f28cbb com.hisense.hitv.hicloud.account}
07-05 21:48:41.582 I/FileInstallUntils( 9322): checkAccountApp----packageName==com.hisense.hitv.hicloud.account-versionName==4.00.3.6.0-versionCode==1030
07-05 21:48:41.587 I/HttpDnsUtils( 9322): getUserVipInfo URL: http://api.edu.hismarttv.com/payment/api/query/all/member/order
07-05 21:48:41.588 D/til@system( 2026): til_get_system_param option:1000007 int:-1936522112, bool:128, ret:0
07-05 21:48:41.589 D/til@system( 2026): til_get_system_param option:1000009 int:-1936525184, bool:128, ret:0
07-05 21:48:41.589 D/til@system( 2026): til_get_system_param option:1000008 int:-1815633792, bool:128, ret:0
07-05 21:48:41.590 D/HttpBuilder( 9322): getOperationDetail-productName : LED50MU8600UC
07-05 21:48:41.590 D/HttpBuilder( 9322): getOperationDetail-plmNumber : 88888
07-05 21:48:41.590 D/HttpBuilder( 9322): getOperationDetail-swVersion : V0000.00.01A
07-05 21:48:41.590 D/HttpBuilder( 9322): getOperationDetail-operationDetail : LED50MU8600UC0000888
07-05 21:48:41.600 I/HLSP2P  (16224): ## 2017-07-05 21:48:41.599 [16224,16378,:0] INFO ## [HLSP2P][TaskManager.cpp:838][INFO][UpdateGlobalInfo]totalDataSize: 0, totalMemorySize: 0, totalCacheSize: 0, PlayTaskAllFinish: 0
07-05 21:48:41.600 I/HLSP2P  (16224): ## 2017-07-05 21:48:41.600 [16224,16378,:0] INFO ## [HLSP2P][TaskManager.cpp:1348][INFO][TryAdjustMemorySize]system memory total size: 1912M, free size: 580MB, cache add to 100MB, AppState: 14, IsLowMemory: 0
07-05 21:48:41.615 I/HttpBuilder( 9322): addUrlPublicParams mUrl ==>http://api.edu.hismarttv.com/payment/api/query/all/member/order?uuid=13287129&mac=a8:a6:48:18:fc:a8&devid=86100300900000500000060a4818fca8&version=00.002.003&subscriberId=13287129&customerId=7195320&model_id=0&APPPackage=com.hisense.hicloud.edca&PFAPPCode=652&APPVersionName=3.0.0.9.00&ChannelId=0&softwareVersion=LED50MU8600UC0000888&tv_distribute_id=00&devType=0&APIVersion=600&accessToken=72DF6038D2AEAB8A76DFBBBBCC428A4A_003955845740345
07-05 21:48:41.616 D/HttpHandler( 9322): VerifySignInterCeptor-->request.url()=http://api.edu.hismarttv.com/payment/api/query/all/member/order?uuid=13287129&mac=a8:a6:48:18:fc:a8&devid=86100300900000500000060a4818fca8&version=00.002.003&subscriberId=13287129&customerId=7195320&model_id=0&APPPackage=com.hisense.hicloud.edca&PFAPPCode=652&APPVersionName=3.0.0.9.00&ChannelId=0&softwareVersion=LED50MU8600UC0000888&tv_distribute_id=00&devType=0&APIVersion=600&accessToken=72DF6038D2AEAB8A76DFBBBBCC428A4A_003955845740345
07-05 21:48:41.617 D/HttpHandler( 9322): VerifySignInterCeptor-->hostname=api.edu.hismarttv.com
07-05 21:48:41.618 I/HttpDnsUtils( 9322): --getPaidList--url==http://api.edu.hismarttv.com/payment/api/order/getValidOrders?start=0&rows=1000&accessToken=72DF6038D2AEAB8A76DFBBBBCC428A4A_003955845740345&customerId=7195320&devType=0&devid=86100300900000500000060a4818fca8&valid=1&sign=6d51b6dfe340bef7f26d8228dd3a3fc1
07-05 21:48:41.618 D/HttpHandler( 9322): HttpDNS-->hostname=api.edu.hismarttv.com
07-05 21:48:41.619 D/til@system( 2026): til_get_system_param option:1000007 int:-1936523008, bool:0, ret:0
07-05 21:48:41.619 D/til@system( 2026): til_get_system_param option:1000009 int:-1815632896, bool:0, ret:0
07-05 21:48:41.620 D/HttpHandler( 9322): RAMCache-->hostInfo.getClientTimeStamp()=11359500
07-05 21:48:41.620 D/HttpHandler( 9322): RAMCache-->hostInfo.getTtl()=3600
07-05 21:48:41.620 D/HttpHandler( 9322): RAMCache-->SystemClock.elapsedRealtime()=11363192
07-05 21:48:41.620 D/til@system( 2026): til_get_system_param option:1000008 int:-1936522368, bool:128, ret:0
07-05 21:48:41.621 D/HttpBuilder( 9322): getOperationDetail-productName : LED50MU8600UC
07-05 21:48:41.621 D/HttpBuilder( 9322): getOperationDetail-plmNumber : 88888
07-05 21:48:41.621 D/HttpBuilder( 9322): getOperationDetail-swVersion : V0000.00.01A
07-05 21:48:41.621 D/HttpBuilder( 9322): getOperationDetail-operationDetail : LED50MU8600UC0000888
07-05 21:48:41.630 D/HttpHandler( 9322): DNSHelper-->gslbDns=["123.103.91.123"]
07-05 21:48:41.649 I/HttpBuilder( 9322): addUrlPublicParams mUrl ==>http://api.edu.hismarttv.com/payment/api/order/getValidOrders?start=0&rows=1000&accessToken=72DF6038D2AEAB8A76DFBBBBCC428A4A_003955845740345&customerId=7195320&devType=0&devid=86100300900000500000060a4818fca8&valid=1&sign=6d51b6dfe340bef7f26d8228dd3a3fc1&uuid=13287129&mac=a8:a6:48:18:fc:a8&version=00.002.003&subscriberId=13287129&model_id=0&APPPackage=com.hisense.hicloud.edca&PFAPPCode=652&APPVersionName=3.0.0.9.00&ChannelId=0&softwareVersion=LED50MU8600UC0000888&tv_distribute_id=00&APIVersion=600
07-05 21:48:41.650 D/RECREATE( 9322): onCreate ===>---isRecreate:false
07-05 21:48:41.650 D/HttpHandler( 9322): VerifySignInterCeptor-->request.url()=http://api.edu.hismarttv.com/payment/api/order/getValidOrders?start=0&rows=1000&accessToken=72DF6038D2AEAB8A76DFBBBBCC428A4A_003955845740345&customerId=7195320&devType=0&devid=86100300900000500000060a4818fca8&valid=1&sign=6d51b6dfe340bef7f26d8228dd3a3fc1&uuid=13287129&mac=a8:a6:48:18:fc:a8&version=00.002.003&subscriberId=13287129&model_id=0&APPPackage=com.hisense.hicloud.edca&PFAPPCode=652&APPVersionName=3.0.0.9.00&ChannelId=0&softwareVersion=LED50MU8600UC0000888&tv_distribute_id=00&APIVersion=600
07-05 21:48:41.650 D/HttpHandler( 9322): VerifySignInterCeptor-->hostname=api.edu.hismarttv.com
07-05 21:48:41.651 D/HttpHandler( 9322): HttpDNS-->hostname=api.edu.hismarttv.com
07-05 21:48:41.651 D/HttpHandler( 9322): RAMCache-->hostInfo.getClientTimeStamp()=11359500
07-05 21:48:41.652 D/HttpHandler( 9322): RAMCache-->hostInfo.getTtl()=3600
07-05 21:48:41.652 D/HttpHandler( 9322): RAMCache-->SystemClock.elapsedRealtime()=11363223
07-05 21:48:41.653 I/BaseContentFragment( 9322): activity onStart
07-05 21:48:41.654 D/test    ( 9322): vidaaVersion=
07-05 21:48:41.654 W/Activity( 9322): changePanelKeyPadStateIfNecessary() : false
07-05 21:48:41.654 V/InputManager( 9322): setPanelKeyPadConvertState() : false
07-05 21:48:41.659 D/HttpHandler( 9322): DNSHelper-->gslbDns=["123.103.91.123"]
07-05 21:48:41.673 D/OkHttp  ( 9322): --> GET http://api.edu.hismarttv.com/payment/api/query/all/member/order?uuid=13287129&mac=a8:a6:48:18:fc:a8&devid=86100300900000500000060a4818fca8&version=00.002.003&subscriberId=13287129&customerId=7195320&model_id=0&APPPackage=com.hisense.hicloud.edca&PFAPPCode=652&APPVersionName=3.0.0.9.00&ChannelId=0&softwareVersion=LED50MU8600UC0000888&tv_distribute_id=00&devType=0&APIVersion=600&accessToken=72DF6038D2AEAB8A76DFBBBBCC428A4A_003955845740345 http/1.1
07-05 21:48:41.673 D/OkHttp  ( 9322): Data_Type: JSON
07-05 21:48:41.673 D/OkHttp  ( 9322): RetryTime: 0
07-05 21:48:41.673 D/OkHttp  ( 9322): Backoffmutiplier: 0
07-05 21:48:41.674 D/OkHttp  ( 9322): Host: api.edu.hismarttv.com
07-05 21:48:41.674 D/OkHttp  ( 9322): Connection: Keep-Alive
07-05 21:48:41.674 D/OkHttp  ( 9322): Accept-Encoding: gzip
07-05 21:48:41.674 D/OkHttp  ( 9322): User-Agent: okhttp/3.6.0
07-05 21:48:41.674 D/OkHttp  ( 9322): --> END GET
07-05 21:48:41.682 I/FileInstallUntils( 9322): filePath = /data/data/com.hisense.hicloud.edca/files/AccountManager4_4.00.3.3.0.apk
07-05 21:48:41.686 D/OkHttp  ( 9322): --> GET http://api.edu.hismarttv.com/payment/api/order/getValidOrders?start=0&rows=1000&accessToken=72DF6038D2AEAB8A76DFBBBBCC428A4A_003955845740345&customerId=7195320&devType=0&devid=86100300900000500000060a4818fca8&valid=1&sign=6d51b6dfe340bef7f26d8228dd3a3fc1&uuid=13287129&mac=a8:a6:48:18:fc:a8&version=00.002.003&subscriberId=13287129&model_id=0&APPPackage=com.hisense.hicloud.edca&PFAPPCode=652&APPVersionName=3.0.0.9.00&ChannelId=0&softwareVersion=LED50MU8600UC0000888&tv_distribute_id=00&APIVersion=600 http/1.1
07-05 21:48:41.686 D/OkHttp  ( 9322): Data_Type: JSON
07-05 21:48:41.686 D/OkHttp  ( 9322): RetryTime: 0
07-05 21:48:41.686 D/OkHttp  ( 9322): Backoffmutiplier: 0
07-05 21:48:41.686 D/OkHttp  ( 9322): Host: api.edu.hismarttv.com
07-05 21:48:41.686 D/OkHttp  ( 9322): Connection: Keep-Alive
07-05 21:48:41.686 D/OkHttp  ( 9322): Accept-Encoding: gzip
07-05 21:48:41.686 D/OkHttp  ( 9322): User-Agent: okhttp/3.6.0
07-05 21:48:41.686 D/OkHttp  ( 9322): --> END GET
07-05 21:48:41.691 V/PackageManager( 1733): getPackageInfo com.hisense.hitv.hicloud.account: Package{f28cbb com.hisense.hitv.hicloud.account}
07-05 21:48:41.692 I/FileInstallUntils( 9322): --compareVersionName--upgradeVersion==4.00.3.3.0--localVersion==4.00.3.6.0
07-05 21:48:41.692 I/FileInstallUntils( 9322): checkAppVersion-- exitnot update----packageName==com.hisense.hitv.hicloud.account
07-05 21:48:41.692 I/BaseApplication( 9322): checkAccount start
07-05 21:48:41.693 I/HttpDnsUtils( 9322): checkAccount--url==http://api.edu.hismarttv.com/usercenter/api/checkAccount
07-05 21:48:41.694 D/til@system( 2026): til_get_system_param option:1000007 int:-1815634176, bool:0, ret:0
07-05 21:48:41.694 D/til@system( 2026): til_get_system_param option:1000009 int:-1936522112, bool:128, ret:0
07-05 21:48:41.695 D/til@system( 2026): til_get_system_param option:1000008 int:-1936525184, bool:128, ret:0
07-05 21:48:41.700 D/HttpBuilder( 9322): getOperationDetail-productName : LED50MU8600UC
07-05 21:48:41.700 D/HttpBuilder( 9322): getOperationDetail-plmNumber : 88888
07-05 21:48:41.700 D/HttpBuilder( 9322): getOperationDetail-swVersion : V0000.00.01A
07-05 21:48:41.700 D/HttpBuilder( 9322): getOperationDetail-operationDetail : LED50MU8600UC0000888
