07-05 22:41:59.579 D/HttpHandler( 6329): RetryIntercepter-->backoffmutiplier=0
07-05 22:41:59.580 D/HttpHandler( 6329): VerifySignInterCeptor-->request.url()=http://picture.edu.hismarttv.com/images/20170629075040001252.jpg
07-05 22:41:59.580 D/HttpHandler( 6329): VerifySignInterCeptor-->hostname=picture.edu.hismarttv.com
07-05 22:41:59.580 D/OkHttp  ( 6329): <-- 200 OK http://picture.edu.hismarttv.com/images/20170628233232135598.jpg (37ms)
07-05 22:41:59.581 D/OkHttp  ( 6329): Date: Mon, 03 Jul 2017 11:02:37 GMT
07-05 22:41:59.581 D/OkHttp  ( 6329): Server: nginx
07-05 22:41:59.581 D/OkHttp  ( 6329): Content-Type: image/jpeg
07-05 22:41:59.581 D/OkHttp  ( 6329): Content-Length: 50603
07-05 22:41:59.581 D/OkHttp  ( 6329): Last-Modified: Wed, 28 Jun 2017 23:32:32 GMT
07-05 22:41:59.581 D/OkHttp  ( 6329): ETag: "59543c90-c5ab"
07-05 22:41:59.581 D/OkHttp  ( 6329): Accept-Ranges: bytes
07-05 22:41:59.581 D/OkHttp  ( 6329): Age: 185962
07-05 22:41:59.581 D/OkHttp  ( 6329): Via: 1.1 jnwt243:1 (Cdn Cache Server V2.0)[27 200 0], 1.1 angtong92:6 (Cdn Cache Server V2.0)[0 200 0]
07-05 22:41:59.581 D/OkHttp  ( 6329): Connection: keep-alive
07-05 22:41:59.581 D/OkHttp  ( 6329): <-- END HTTP
07-05 22:41:59.581 D/OkHttp  ( 6329): --> GET http://picture.edu.hismarttv.com/images/20170629075040001252.jpg http/1.1
07-05 22:41:59.581 D/OkHttp  ( 6329): Host: picture.edu.hismarttv.com
07-05 22:41:59.581 D/OkHttp  ( 6329): Connection: Keep-Alive
07-05 22:41:59.581 D/OkHttp  ( 6329): Accept-Encoding: gzip
07-05 22:41:59.581 D/OkHttp  ( 6329): User-Agent: okhttp/3.6.0
07-05 22:41:59.581 D/OkHttp  ( 6329): --> END GET
07-05 22:41:59.581 D/HttpHandler( 6329): RetryIntercepter-->retryNum=0
07-05 22:41:59.581 D/HttpHandler( 6329): RetryIntercepter-->backoffmutiplier=0
07-05 22:41:59.582 D/OkHttp  ( 6329): <-- 200 OK http://picture.edu.hismarttv.com/images/20170628103009181182.jpg (37ms)
07-05 22:41:59.582 D/OkHttp  ( 6329): Date: Mon, 03 Jul 2017 10:50:26 GMT
07-05 22:41:59.582 D/OkHttp  ( 6329): Server: nginx
07-05 22:41:59.583 D/OkHttp  ( 6329): Content-Type: image/jpeg
07-05 22:41:59.583 D/OkHttp  ( 6329): Content-Length: 41416
07-05 22:41:59.583 D/OkHttp  ( 6329): Last-Modified: Wed, 28 Jun 2017 10:30:09 GMT
07-05 22:41:59.583 D/OkHttp  ( 6329): ETag: "59538531-a1c8"
07-05 22:41:59.583 D/OkHttp  ( 6329): Accept-Ranges: bytes
07-05 22:41:59.583 D/OkHttp  ( 6329): Age: 186693
07-05 22:41:59.583 D/OkHttp  ( 6329): Via: 1.1 pingwangtong49:1 (Cdn Cache Server V2.0)[0 200 0], 1.1 awt102:7 (Cdn Cache Server V2.0)[0 200 0]
07-05 22:41:59.583 D/OkHttp  ( 6329): Connection: keep-alive
07-05 22:41:59.583 D/OkHttp  ( 6329): <-- END HTTP
07-05 22:41:59.584 D/HttpHandler( 6329): RetryIntercepter-->retryNum=0
07-05 22:41:59.584 D/HttpHandler( 6329): RetryIntercepter-->backoffmutiplier=0
07-05 22:41:59.584 D/Carousel-MyListView( 6329): setSelectionAndPadding position:1
07-05 22:41:59.588 E/WebcastSDK-WebcastManager( 6329): finally setAppServiceDomainList.
07-05 22:41:59.589 D/HiNetworkImpl( 6329): doHttp_Asyn(): onReqResponse isSuccessful = true, back from thread: main
07-05 22:41:59.590 D/TabFocusBorderView( 6329): SLOVEN onAnimationEnd
07-05 22:41:59.590 D/TabView ( 6329): SLOVEN border top===>:296---407
07-05 22:41:59.591 I/MyFragmentStateAdapter( 6329): getCount
07-05 22:41:59.591 I/MyFragmentStateAdapter( 6329): getCount
07-05 22:41:59.591 I/MyFragmentStateAdapter( 6329): getCount
07-05 22:41:59.591 I/MyFragmentStateAdapter( 6329): getCount
07-05 22:41:59.591 I/FirstLineAdapter( 6329): canShowTrailer,isOffline=false
07-05 22:41:59.591 I/FirstLineAdapter( 6329): canShowTrailer,isOffline=false
07-05 22:41:59.591 I/FirstLineAdapter( 6329): canShowTrailer,isOffline=false
07-05 22:41:59.591 I/FirstLineAdapter( 6329): canShowTrailer,isOffline=false
07-05 22:41:59.591 I/FirstLineAdapter( 6329): canShowTrailer,isOffline=false
07-05 22:41:59.592 I/FirstLineAdapter( 6329): canShowTrailer,isOffline=false
07-05 22:41:59.592 I/FirstLineAdapter( 6329): canShowTrailer,isOffline=false
07-05 22:41:59.592 D/Carousel-CarouselChannelItemView( 6329): Listitem imageUrl:http://picture.edu.hismarttv.com/images/20170628102959016598.jpg
07-05 22:41:59.593 D/Carousel-CarouselChannelItemView( 6329): Listitem imageUrl:http://picture.edu.hismarttv.com/images/20170628103002814396.jpg
07-05 22:41:59.594 D/Carousel-CarouselChannelItemView( 6329): Listitem imageUrl:http://picture.edu.hismarttv.com/images/20170628103009181182.jpg
07-05 22:41:59.595 D/Carousel-CarouselChannelItemView( 6329): Listitem imageUrl:http://picture.edu.hismarttv.com/images/20170628102959016598.jpg
07-05 22:41:59.595 D/Carousel-CarouselChannelItemView( 6329): Listitem imageUrl:http://picture.edu.hismarttv.com/images/20170628103002814396.jpg
07-05 22:41:59.596 D/Carousel-CarouselChannelItemView( 6329): Listitem imageUrl:http://picture.edu.hismarttv.com/images/20170628103009181182.jpg
07-05 22:41:59.597 I/FirstLineAdapter( 6329): canShowTrailer,isOffline=false
07-05 22:41:59.597 I/FirstLineAdapter( 6329): canShowTrailer,isOffline=false
07-05 22:41:59.598 D/Carousel-CarouselView( 6329): ============>onScrollChanged hashCode:149317031
07-05 22:41:59.600 I/MyFragmentStateAdapter( 6329): getCount
07-05 22:41:59.601 D/OkHttp  ( 6329): <-- 200 OK http://picture.edu.hismarttv.com/images/20170629075040001252.jpg (20ms)
07-05 22:41:59.601 D/OkHttp  ( 6329): Date: Wed, 05 Jul 2017 14:00:48 GMT
07-05 22:41:59.601 D/OkHttp  ( 6329): Server: nginx
07-05 22:41:59.601 D/OkHttp  ( 6329): Content-Type: image/jpeg
07-05 22:41:59.601 D/OkHttp  ( 6329): Content-Length: 103036
07-05 22:41:59.601 D/OkHttp  ( 6329): Last-Modified: Thu, 29 Jun 2017 07:50:40 GMT
07-05 22:41:59.601 D/OkHttp  ( 6329): ETag: "5954b150-1927c"
07-05 22:41:59.601 D/OkHttp  ( 6329): Accept-Ranges: bytes
07-05 22:41:59.601 D/OkHttp  ( 6329): Age: 2471
07-05 22:41:59.601 D/OkHttp  ( 6329): Via: 1.1 changzhiwangtong172:9 (Cdn Cache Server V2.0)[27 200 0], 1.1 jcl26:1 (Cdn Cache Server V2.0)[0 200 0]
07-05 22:41:59.601 D/OkHttp  ( 6329): Connection: keep-alive
07-05 22:41:59.601 D/OkHttp  ( 6329): <-- END HTTP
07-05 22:41:59.601 D/gralloc ( 1204): allocate buffer from ION HEAP 0x1
07-05 22:41:59.601 D/gralloc ( 1204): allocate memory from system heap
07-05 22:41:59.602 D/HttpHandler( 6329): RetryIntercepter-->retryNum=0
07-05 22:41:59.602 D/HttpHandler( 6329): RetryIntercepter-->backoffmutiplier=0
07-05 22:41:59.638 D/HttpHandler( 6329): VerifySignInterCeptor-->request.url()=http://picture.edu.hismarttv.com/images/20170629/%E5%BF%83%E7%AE%97%E5%8F%A3%E8%AF%80%E5%A4%A9%E5%A4%A9%E7%BB%83.jpg
07-05 22:41:59.638 D/HttpHandler( 6329): VerifySignInterCeptor-->hostname=picture.edu.hismarttv.com
07-05 22:41:59.650 I/art     ( 6329): Background sticky concurrent mark sweep GC freed 7840(425KB) AllocSpace objects, 1(16KB) LOS objects, 1% free, 29MB/29MB, paused 7.392ms total 46.963ms
07-05 22:41:59.664 D/OkHttp  ( 6329): --> GET http://picture.edu.hismarttv.com/images/20170629/%E5%BF%83%E7%AE%97%E5%8F%A3%E8%AF%80%E5%A4%A9%E5%A4%A9%E7%BB%83.jpg http/1.1
07-05 22:41:59.664 D/OkHttp  ( 6329): Host: picture.edu.hismarttv.com
07-05 22:41:59.664 D/OkHttp  ( 6329): Connection: Keep-Alive
07-05 22:41:59.664 D/OkHttp  ( 6329): Accept-Encoding: gzip
07-05 22:41:59.664 D/OkHttp  ( 6329): User-Agent: okhttp/3.6.0
07-05 22:41:59.664 D/OkHttp  ( 6329): --> END GET
07-05 22:41:59.686 D/HttpHandler( 6329): VerifySignInterCeptor-->request.url()=http://picture.edu.hismarttv.com/images/20170629/%E5%AE%A2%E5%8E%85%E7%87%83%E8%84%82%E5%A5%B3%E7%8E%8B20170207081137502012.jpg
07-05 22:41:59.686 D/HttpHandler( 6329): VerifySignInterCeptor-->hostname=picture.edu.hismarttv.com
07-05 22:41:59.689 D/OkHttp  ( 6329): <-- 200 OK http://picture.edu.hismarttv.com/images/20170629/%E5%BF%83%E7%AE%97%E5%8F%A3%E8%AF%80%E5%A4%A9%E5%A4%A9%E7%BB%83.jpg (25ms)
07-05 22:41:59.689 D/OkHttp  ( 6329): Date: Mon, 03 Jul 2017 11:02:37 GMT
07-05 22:41:59.689 D/OkHttp  ( 6329): Server: nginx
07-05 22:41:59.689 D/OkHttp  ( 6329): Content-Type: image/jpeg
07-05 22:41:59.689 D/OkHttp  ( 6329): Content-Length: 204643
07-05 22:41:59.690 D/OkHttp  ( 6329): Last-Modified: Fri, 09 Jun 2017 14:51:40 GMT
07-05 22:41:59.690 D/OkHttp  ( 6329): ETag: "593ab5fc-31f63"
07-05 22:41:59.690 D/OkHttp  ( 6329): Accept-Ranges: bytes
07-05 22:41:59.690 D/OkHttp  ( 6329): Age: 185962
07-05 22:41:59.690 D/OkHttp  ( 6329): Via: 1.1 shuozhou56:1 (Cdn Cache Server V2.0)[20 200 0], 1.1 angtong95:4 (Cdn Cache Server V2.0)[0 200 0]
07-05 22:41:59.690 D/OkHttp  ( 6329): Connection: keep-alive
07-05 22:41:59.690 D/OkHttp  ( 6329): <-- END HTTP
07-05 22:41:59.695 D/HttpHandler( 6329): RetryIntercepter-->retryNum=0
07-05 22:41:59.695 D/HttpHandler( 6329): RetryIntercepter-->backoffmutiplier=0
07-05 22:41:59.696 D/OkHttp  ( 6329): --> GET http://picture.edu.hismarttv.com/images/20170629/%E5%AE%A2%E5%8E%85%E7%87%83%E8%84%82%E5%A5%B3%E7%8E%8B20170207081137502012.jpg http/1.1
07-05 22:41:59.696 D/OkHttp  ( 6329): Host: picture.edu.hismarttv.com
07-05 22:41:59.696 D/OkHttp  ( 6329): Connection: Keep-Alive
07-05 22:41:59.696 D/OkHttp  ( 6329): Accept-Encoding: gzip
07-05 22:41:59.696 D/OkHttp  ( 6329): User-Agent: okhttp/3.6.0
07-05 22:41:59.696 D/OkHttp  ( 6329): --> END GET
07-05 22:41:59.709 E/TabView ( 6329): tab2
07-05 22:41:59.709 D/TabView ( 6329): SLOVEN mTopmBorderTop===>:0266
07-05 22:41:59.709 D/TabView ( 6329): tab scroll up listview
07-05 22:41:59.710 D/TabFocusBorderView( 6329): SLOVEN justchangeWidth
07-05 22:41:59.710 D/TabFocusBorderView( 6329): SLOVEN widthmWidth===>:220220
07-05 22:41:59.710 D/OkHttp  ( 6329): <-- 200 OK http://picture.edu.hismarttv.com/images/20170629/%E5%AE%A2%E5%8E%85%E7%87%83%E8%84%82%E5%A5%B3%E7%8E%8B20170207081137502012.jpg (13ms)
07-05 22:41:59.710 D/OkHttp  ( 6329): Date: Tue, 04 Jul 2017 01:16:46 GMT
07-05 22:41:59.710 D/OkHttp  ( 6329): Server: nginx
07-05 22:41:59.710 D/OkHttp  ( 6329): Content-Type: image/jpeg
07-05 22:41:59.710 D/OkHttp  ( 6329): Content-Length: 107115
07-05 22:41:59.710 D/OkHttp  ( 6329): Last-Modified: Fri, 09 Jun 2017 14:40:58 GMT
07-05 22:41:59.710 D/OkHttp  ( 6329): ETag: "593ab37a-1a26b"
07-05 22:41:59.710 D/OkHttp  ( 6329): Accept-Ranges: bytes
07-05 22:41:59.710 D/TabFocusBorderView( 6329): SLOVEN onAnimationStart
07-05 22:41:59.710 D/OkHttp  ( 6329): Age: 134713
07-05 22:41:59.710 D/OkHttp  ( 6329): Via: 1.1 shzh52:3 (Cdn Cache Server V2.0)[8 200 0], 1.1 awt102:3 (Cdn Cache Server V2.0)[0 200 0]
07-05 22:41:59.710 D/OkHttp  ( 6329): Connection: keep-alive
07-05 22:41:59.710 D/OkHttp  ( 6329): <-- END HTTP
07-05 22:41:59.710 D/TabView ( 6329): SLOVEN mTopmBorderTop===>:407266
07-05 22:41:59.710 D/TabView ( 6329): setSelectedTabView
07-05 22:41:59.713 I/HiNetworkImpl( 6329): doHttp_Asyn(): onSuccess clazz = class com.hisense.tvui.newhome.bean.SelectionBean, back from thread: main
07-05 22:41:59.713 I/HomeDataPresenter( 6329): getRecommandData() onSuccess: RoleContentFragment234910291
07-05 22:41:59.713 D/HttpHandler( 6329): RetryIntercepter-->retryNum=0
07-05 22:41:59.713 D/HttpHandler( 6329): RetryIntercepter-->backoffmutiplier=0
07-05 22:41:59.714 I/RoleContentFragment( 6329): recommandlist={10003=0, 10002=8}
07-05 22:41:59.714 I/RoleContentFragment( 6329): lineIndex=0,id=10002,pos=8
07-05 22:41:59.714 I/RoleContentFragment( 6329): ,addItemSize=25
07-05 22:41:59.714 I/RoleContentFragment( 6329): origin pos=8
07-05 22:41:59.714 I/RoleContentFragment( 6329): offset pos=2
07-05 22:41:59.714 I/RoleContentFragment( 6329): array size=11
07-05 22:41:59.714 I/RoleContentFragment( 6329): lineIndex=1,id=10003,pos=0
07-05 22:41:59.714 I/RoleContentFragment( 6329): ,addItemSize=24
07-05 22:41:59.714 I/RoleContentFragment( 6329): origin pos=0
07-05 22:41:59.714 I/RoleContentFragment( 6329): offset pos=2
07-05 22:41:59.714 I/RoleContentFragment( 6329): array size=11
07-05 22:41:59.714 D/HiNetworkImpl( 6329): doHttp_Asyn(): onReqResponse isSuccessful = true, back from thread: main
07-05 22:41:59.714 I/HiNetworkImpl( 6329): doHttp_Asyn(): onSuccess clazz = class com.hisense.sdk.domain.MemberOrder, back from thread: main
07-05 22:41:59.715 I/HomeMainActivity( 6329): finishHttpTime : 14561286   378
07-05 22:41:59.716 D/til@system( 2026): til_get_system_param option:1000007 int:-1936525184, bool:128, ret:0
07-05 22:41:59.717 D/til@system( 2026): til_get_system_param option:1000009 int:-1936523008, bool:0, ret:0
07-05 22:41:59.718 D/til@system( 2026): til_get_system_param option:1000008 int:-1936522368, bool:128, ret:0
07-05 22:41:59.719 D/HiSDKLogReport( 6329): getOperationDetail-productName : LED50MU8600UC
07-05 22:41:59.719 D/HiSDKLogReport( 6329): getOperationDetail-plmNumber : 88888
07-05 22:41:59.719 D/HiSDKLogReport( 6329): getOperationDetail-swVersion : V0000.00.01A
07-05 22:41:59.719 D/HiSDKLogReport( 6329): getOperationDetail-operationDetail : LED50MU8600UC0000888
07-05 22:41:59.719 D/HiSDKLogReport( 6329): processLogReport-log : {eventType=162, appKey=1182445233, APPVersionName=3.0.0.9.00, devid=86100300900000500000060a4818fca8, mac=a8:a6:48:18:fc:a8, uuid=13287129, accessToken=72DF6038D2AEAB8A76DFBBBBCC428A4A_003880348277320, APIversion=501, logversion=2.0, devType=0, APPPackage=com.hisense.hicloud.edca, eventPos=002, requesttime=1499265719719, customerId=7195320, value2=, eventMessage=HttpConnection, value1=378, model_id=0, ChannelId=0, version=00.002.003, tv_distribute_id=00, subscriberId=13287129, APIVersion=600, PFAPPCode=652, softwareVersion=LED50MU8600UC0000888}
07-05 22:41:59.721 I/HomeMainActivity( 6329): getUserType  response : 2 null
07-05 22:41:59.722 I/HomeMainActivity( 6329): this is LowMemoryConfiguration 
07-05 22:41:59.734 W/System.err( 6329): java.net.ConnectException: failed to connect to /10.18.210.112 (port 8900) after 6000ms: isConnected failed: ECONNREFUSED (Connection refused)
07-05 22:41:59.735 W/System.err( 6329): 	at libcore.io.IoBridge.isConnected(IoBridge.java:238)
07-05 22:41:59.735 W/System.err( 6329): 	at libcore.io.IoBridge.connectErrno(IoBridge.java:171)
07-05 22:41:59.735 W/System.err( 6329): 	at libcore.io.IoBridge.connect(IoBridge.java:122)
07-05 22:41:59.735 W/System.err( 6329): 	at java.net.PlainSocketImpl.connect(PlainSocketImpl.java:183)
07-05 22:41:59.735 W/System.err( 6329): 	at java.net.PlainSocketImpl.connect(PlainSocketImpl.java:456)
07-05 22:41:59.735 W/System.err( 6329): 	at java.net.Socket.connect(Socket.java:882)
07-05 22:41:59.735 W/System.err( 6329): 	at com.android.okhttp.internal.Platform.connectSocket(Platform.java:174)
07-05 22:41:59.735 W/System.err( 6329): 	at com.android.okhttp.Connection.connect(Connection.java:152)
07-05 22:41:59.735 W/System.err( 6329): 	at com.android.okhttp.internal.http.HttpEngine.connect(HttpEngine.java:276)
07-05 22:41:59.735 W/System.err( 6329): 	at com.android.okhttp.internal.http.HttpEngine.sendRequest(HttpEngine.java:211)
07-05 22:41:59.735 W/System.err( 6329): 	at com.android.okhttp.internal.http.HttpURLConnectionImpl.execute(HttpURLConnectionImpl.java:382)
07-05 22:41:59.735 W/System.err( 6329): 	at com.android.okhttp.internal.http.HttpURLConnectionImpl.connect(HttpURLConnectionImpl.java:106)
07-05 22:41:59.735 W/System.err( 6329): 	at com.hisense.hitv.hicloud.util.ExceptionReport.a(ExceptionReport.java:337)
07-05 22:41:59.735 W/System.err( 6329): 	at com.hisense.hitv.hicloud.util.ExceptionReport.a(ExceptionReport.java:39)
07-05 22:41:59.735 W/System.err( 6329): 	at com.hisense.hitv.hicloud.util.ExceptionReport$1.run(ExceptionReport.java:83)
07-05 22:41:59.735 W/System.err( 6329): 	at java.lang.Thread.run(Thread.java:818)
07-05 22:41:59.735 W/System.err( 6329): Caused by: android.system.ErrnoException: isConnected failed: ECONNREFUSED (Connection refused)
07-05 22:41:59.736 W/System.err( 6329): 	at libcore.io.IoBridge.isConnected(IoBridge.java:223)
07-05 22:41:59.736 W/System.err( 6329): 	... 15 more
07-05 22:41:59.749 D/NativeDecimalFormat( 6329): NativeDecimalFormat_close print addr=4098415360
07-05 22:41:59.749 D/NativeDecimalFormat( 6329): NativeDecimalFormat_close print g_addr=4098416128
07-05 22:41:59.749 D/NativeDecimalFormat( 6329): NativeDecimalFormat_close print addr=4098416128
07-05 22:41:59.749 D/NativeDecimalFormat( 6329): NativeDecimalFormat_close print g_addr=4098416128
07-05 22:41:59.758 D/HttpHandler( 6329): VerifySignInterCeptor-->request.url()=http://picture.edu.hismarttv.com/images/20170629/%E8%8B%B1%E8%AF%AD%E5%90%AF%E8%92%99.jpg
07-05 22:41:59.758 D/HttpHandler( 6329): VerifySignInterCeptor-->hostname=picture.edu.hismarttv.com
07-05 22:41:59.759 D/HttpHandler( 6329): VerifySignInterCeptor-->request.url()=http://picture.edu.hismarttv.com/images/20170629/%E5%93%88%E5%88%A9%E8%AE%B2%E6%95%85%E4%BA%8B%EF%BC%88%E4%B8%80%EF%BC%89.jpg
07-05 22:41:59.759 D/HttpHandler( 6329): VerifySignInterCeptor-->hostname=picture.edu.hismarttv.com
07-05 22:41:59.760 D/OkHttp  ( 6329): --> GET http://picture.edu.hismarttv.com/images/20170629/%E5%93%88%E5%88%A9%E8%AE%B2%E6%95%85%E4%BA%8B%EF%BC%88%E4%B8%80%EF%BC%89.jpg http/1.1
07-05 22:41:59.760 D/OkHttp  ( 6329): Host: picture.edu.hismarttv.com
07-05 22:41:59.760 D/OkHttp  ( 6329): Connection: Keep-Alive
07-05 22:41:59.760 D/OkHttp  ( 6329): Accept-Encoding: gzip
07-05 22:41:59.760 D/OkHttp  ( 6329): User-Agent: okhttp/3.6.0
07-05 22:41:59.760 D/OkHttp  ( 6329): --> END GET
07-05 22:41:59.762 D/HttpHandler( 6329): HttpDNS-->hostname=picture.edu.hismarttv.com
07-05 22:41:59.762 D/HttpHandler( 6329): RAMCache-->hostInfo.getClientTimeStamp()=14560193
07-05 22:41:59.762 D/HttpHandler( 6329): RAMCache-->hostInfo.getTtl()=300
07-05 22:41:59.763 D/HttpHandler( 6329): RAMCache-->SystemClock.elapsedRealtime()=14561334
07-05 22:41:59.766 D/HttpHandler( 6329): DNSHelper-->gslbDns=["112.65.220.40","218.58.206.58","123.128.14.209","153.35.175.121","220.202.77.124","153.35.175.120","36.33.158.222"]
07-05 22:41:59.788 D/OkHttp  ( 6329): --> GET http://picture.edu.hismarttv.com/images/20170629/%E8%8B%B1%E8%AF%AD%E5%90%AF%E8%92%99.jpg http/1.1
07-05 22:41:59.788 D/OkHttp  ( 6329): Host: picture.edu.hismarttv.com
07-05 22:41:59.788 D/OkHttp  ( 6329): Connection: Keep-Alive
07-05 22:41:59.788 D/OkHttp  ( 6329): Accept-Encoding: gzip
07-05 22:41:59.788 D/OkHttp  ( 6329): User-Agent: okhttp/3.6.0
07-05 22:41:59.788 D/OkHttp  ( 6329): --> END GET
07-05 22:41:59.792 E/HomeMainActivity( 6329): BaseApplication.mAccountType == 2
07-05 22:41:59.793 I/HomeMainActivity( 6329): mBeginHttpTime : 14561364
07-05 22:41:59.793 I/HttpDnsUtils( 6329): postExperienceVIP(): --url = http://api.edu.hismarttv.com/payment/api/get/experience/member
07-05 22:41:59.793 V/HttpDnsUtils( 6329): getExperienceVIP 86100300900000500000060a4818fca8 7195320 13287129 0 2 0 0 0
07-05 22:41:59.793 E/NetUtils( 6329): encryption --- sign = accessToken=72DF6038D2AEAB8A76DFBBBBCC428A4A_003880348277320&days=0&devid=86100300900000500000060a4818fca8&mac=a8:a6:48:18:fc:a8&memberType=2&orderType=0&BDA9F96C98E9D5130A5AFB3411B5F9E0
07-05 22:41:59.795 D/til@system( 2026): til_get_system_param option:1000007 int:-1815633792, bool:128, ret:0
07-05 22:41:59.795 D/OkHttp  ( 6329): <-- 200 OK http://picture.edu.hismarttv.com/images/20170629/%E5%93%88%E5%88%A9%E8%AE%B2%E6%95%85%E4%BA%8B%EF%BC%88%E4%B8%80%EF%BC%89.jpg (34ms)
07-05 22:41:59.796 D/OkHttp  ( 6329): Date: Wed, 05 Jul 2017 14:00:49 GMT
07-05 22:41:59.796 D/OkHttp  ( 6329): Server: nginx
07-05 22:41:59.796 D/OkHttp  ( 6329): Content-Type: image/jpeg
07-05 22:41:59.796 D/OkHttp  ( 6329): Content-Length: 135983
07-05 22:41:59.796 D/OkHttp  ( 6329): Last-Modified: Fri, 09 Jun 2017 14:51:44 GMT
07-05 22:41:59.796 D/OkHttp  ( 6329): ETag: "593ab600-2132f"
07-05 22:41:59.796 D/OkHttp  ( 6329): Accept-Ranges: bytes
07-05 22:41:59.797 D/til@system( 2026): til_get_system_param option:1000009 int:-1815632896, bool:0, ret:0
07-05 22:41:59.797 D/til@system( 2026): til_get_system_param option:1000008 int:-1815634176, bool:0, ret:0
07-05 22:41:59.797 D/OkHttp  ( 6329): Age: 2470
07-05 22:41:59.797 D/HttpDnsUtils( 6329): CEXX-getOperationDetail-productName : LED50MU8600UC
07-05 22:41:59.797 D/HttpDnsUtils( 6329): CEXX-getOperationDetail-plmNumber : 88888
07-05 22:41:59.797 D/HttpDnsUtils( 6329): CEXX-getOperationDetail-swVersion : V0000.00.01A
07-05 22:41:59.797 D/HttpDnsUtils( 6329): CEXX-getOperationDetail-operationDetail : LED50MU8600UC0000888
07-05 22:41:59.801 D/OkHttp  ( 6329): Via: 1.1 chzhwt170:9 (Cdn Cache Server V2.0)[18 200 0], 1.1 luwangtong27:2 (Cdn Cache Server V2.0)[4 200 0]
07-05 22:41:59.801 D/OkHttp  ( 6329): Connection: keep-alive
07-05 22:41:59.801 D/OkHttp  ( 6329): <-- END HTTP
07-05 22:41:59.801 D/HttpHandler( 6329): RetryIntercepter-->retryNum=0
07-05 22:41:59.801 D/HttpHandler( 6329): RetryIntercepter-->backoffmutiplier=0
07-05 22:41:59.812 D/HttpHandler( 6329): VerifySignInterCeptor-->request.url()=http://picture.edu.hismarttv.com/images/20170628104504467308.jpg
07-05 22:41:59.812 D/HttpHandler( 6329): VerifySignInterCeptor-->hostname=picture.edu.hismarttv.com
07-05 22:41:59.813 D/OkHttp  ( 6329): <-- 200 OK http://picture.edu.hismarttv.com/images/20170629/%E8%8B%B1%E8%AF%AD%E5%90%AF%E8%92%99.jpg (24ms)
07-05 22:41:59.813 D/OkHttp  ( 6329): Date: Wed, 05 Jul 2017 14:10:55 GMT
07-05 22:41:59.813 D/OkHttp  ( 6329): Server: nginx
07-05 22:41:59.813 D/OkHttp  ( 6329): --> GET http://picture.edu.hismarttv.com/images/20170628104504467308.jpg http/1.1
07-05 22:41:59.813 D/OkHttp  ( 6329): Host: picture.edu.hismarttv.com
07-05 22:41:59.813 D/OkHttp  ( 6329): Content-Type: image/jpeg
07-05 22:41:59.813 D/OkHttp  ( 6329): Content-Length: 57011
07-05 22:41:59.813 D/OkHttp  ( 6329): Last-Modified: Fri, 09 Jun 2017 14:49:58 GMT
07-05 22:41:59.813 D/OkHttp  ( 6329): ETag: "593ab596-deb3"
07-05 22:41:59.813 D/OkHttp  ( 6329): Accept-Ranges: bytes
07-05 22:41:59.813 D/OkHttp  ( 6329): Age: 1864
07-05 22:41:59.813 D/OkHttp  ( 6329): Via: 1.1 jnwt244:0 (Cdn Cache Server V2.0)[19 200 0], 1.1 luwangtong27:3 (Cdn Cache Server V2.0)[0 200 0]
07-05 22:41:59.813 D/OkHttp  ( 6329): Connection: keep-alive
07-05 22:41:59.813 D/OkHttp  ( 6329): <-- END HTTP
07-05 22:41:59.814 D/HttpHandler( 6329): RetryIntercepter-->retryNum=0
07-05 22:41:59.814 D/HttpHandler( 6329): RetryIntercepter-->backoffmutiplier=0
07-05 22:41:59.822 D/OkHttp  ( 6329): Connection: Keep-Alive
07-05 22:41:59.822 D/OkHttp  ( 6329): Accept-Encoding: gzip
07-05 22:41:59.822 D/OkHttp  ( 6329): User-Agent: okhttp/3.6.0
07-05 22:41:59.822 D/OkHttp  ( 6329): --> END GET
07-05 22:41:59.828 V/HttpDnsUtils( 6329): days 0 memberType 2 activityId 0
07-05 22:41:59.828 V/HttpDnsUtils( 6329): postExperienceVIP(): postMap = {customerId=7195320, memberType=2, PFAPPCode=652, accessToken=72DF6038D2AEAB8A76DFBBBBCC428A4A_003880348277320, ChannelId=0, APPVersionName=3.0.0.9.00, model_id=0, orderType=0, mac=a8:a6:48:18:fc:a8, days=0, sign=d745ea0dd0fadc9de6facb8a28f38471, uuid=13287129, APPPackage=com.hisense.hicloud.edca, devid=86100300900000500000060a4818fca8, phone=18547412365, tv_distribute_id=00, softwareVersion=LED50MU8600UC0000888, subscriberId=13287129, version=00.002.003, customerName=18547412365, devType=0, APIVersion=600, activityId=0}
07-05 22:41:59.830 D/til@system( 2026): til_get_system_param option:1000007 int:-1936522112, bool:128, ret:0
07-05 22:41:59.831 D/til@system( 2026): til_get_system_param option:1000009 int:-1936525184, bool:128, ret:0
07-05 22:41:59.831 D/til@system( 2026): til_get_system_param option:1000008 int:-1936523008, bool:0, ret:0
07-05 22:41:59.832 D/HttpBuilder( 6329): getOperationDetail-productName : LED50MU8600UC
07-05 22:41:59.832 D/HttpBuilder( 6329): getOperationDetail-plmNumber : 88888
07-05 22:41:59.832 D/HttpBuilder( 6329): getOperationDetail-swVersion : V0000.00.01A
07-05 22:41:59.832 D/HttpBuilder( 6329): getOperationDetail-operationDetail : LED50MU8600UC0000888
07-05 22:41:59.839 I/NetflixMonitorService( 1733): current fgapk : com.hisense.hicloud.edca
07-05 22:41:59.839 I/NetflixMonitorService( 1733): Netflix status unchanged
07-05 22:41:59.844 D/OkHttp  ( 6329): <-- 200 OK http://picture.edu.hismarttv.com/images/20170628104504467308.jpg (22ms)
07-05 22:41:59.844 D/OkHttp  ( 6329): Date: Mon, 03 Jul 2017 11:02:38 GMT
07-05 22:41:59.844 D/OkHttp  ( 6329): Server: nginx
07-05 22:41:59.844 D/OkHttp  ( 6329): Content-Type: image/jpeg
07-05 22:41:59.844 D/OkHttp  ( 6329): Content-Length: 376321
07-05 22:41:59.844 D/OkHttp  ( 6329): Last-Modified: Wed, 28 Jun 2017 10:45:04 GMT
07-05 22:41:59.844 D/OkHttp  ( 6329): ETag: "595388b0-5be01"
07-05 22:41:59.844 D/OkHttp  ( 6329): Accept-Ranges: bytes
07-05 22:41:59.844 D/OkHttp  ( 6329): Age: 185961
07-05 22:41:59.844 D/OkHttp  ( 6329): Via: 1.1 hewangtong174:5 (Cdn Cache Server V2.0)[0 200 0], 1.1 t94:5 (Cdn Cache Server V2.0)[0 200 0]
07-05 22:41:59.844 D/OkHttp  ( 6329): Connection: keep-alive
07-05 22:41:59.844 D/OkHttp  ( 6329): <-- END HTTP
07-05 22:41:59.845 D/HttpHandler( 6329): RetryIntercepter-->retryNum=0
07-05 22:41:59.848 D/HttpHandler( 6329): RetryIntercepter-->backoffmutiplier=0
07-05 22:41:59.867 I/HttpBuilder( 6329): addUrlPublicParams mUrl ==>http://api.edu.hismarttv.com/payment/api/get/experience/member?uuid=13287129&mac=a8:a6:48:18:fc:a8&devid=86100300900000500000060a4818fca8&version=00.002.003&subscriberId=13287129&customerId=7195320&model_id=0&APPPackage=com.hisense.hicloud.edca&PFAPPCode=652&APPVersionName=3.0.0.9.00&ChannelId=0&softwareVersion=LED50MU8600UC0000888&tv_distribute_id=00&devType=0&APIVersion=600&accessToken=72DF6038D2AEAB8A76DFBBBBCC428A4A_003880348277320
07-05 22:41:59.871 D/Carousel-Utils( 6329): onResourceReady.
07-05 22:41:59.871 D/Carousel-Utils( 6329): onResourceReady.
07-05 22:41:59.883 D/HttpHandler( 6329): VerifySignInterCeptor-->request.url()=http://api.edu.hismarttv.com/payment/api/get/experience/member?uuid=13287129&mac=a8:a6:48:18:fc:a8&devid=86100300900000500000060a4818fca8&version=00.002.003&subscriberId=13287129&customerId=7195320&model_id=0&APPPackage=com.hisense.hicloud.edca&PFAPPCode=652&APPVersionName=3.0.0.9.00&ChannelId=0&softwareVersion=LED50MU8600UC0000888&tv_distribute_id=00&devType=0&APIVersion=600&accessToken=72DF6038D2AEAB8A76DFBBBBCC428A4A_003880348277320
07-05 22:41:59.883 D/HttpHandler( 6329): VerifySignInterCeptor-->hostname=api.edu.hismarttv.com
07-05 22:41:59.884 D/HttpHandler( 6329): HttpDNS-->hostname=api.edu.hismarttv.com
07-05 22:41:59.893 D/HttpHandler( 6329): RAMCache-->hostInfo.getClientTimeStamp()=14556004
07-05 22:41:59.893 D/HttpHandler( 6329): RAMCache-->hostInfo.getTtl()=3600
07-05 22:41:59.893 D/HttpHandler( 6329): RAMCache-->SystemClock.elapsedRealtime()=14561464
07-05 22:41:59.903 D/HttpHandler( 6329): DNSHelper-->gslbDns=["123.103.91.123"]
07-05 22:41:59.934 D/OkHttp  ( 6329): --> POST http://api.edu.hismarttv.com/payment/api/get/experience/member?uuid=13287129&mac=a8:a6:48:18:fc:a8&devid=86100300900000500000060a4818fca8&version=00.002.003&subscriberId=13287129&customerId=7195320&model_id=0&APPPackage=com.hisense.hicloud.edca&PFAPPCode=652&APPVersionName=3.0.0.9.00&ChannelId=0&softwareVersion=LED50MU8600UC0000888&tv_distribute_id=00&devType=0&APIVersion=600&accessToken=72DF6038D2AEAB8A76DFBBBBCC428A4A_003880348277320 http/1.1
07-05 22:41:59.934 D/OkHttp  ( 6329): Content-Type: application/x-www-form-urlencoded
07-05 22:41:59.934 D/OkHttp  ( 6329): Content-Length: 512
07-05 22:41:59.934 D/OkHttp  ( 6329): Data_Type: JSON
07-05 22:41:59.934 D/OkHttp  ( 6329): RetryTime: 0
07-05 22:41:59.934 D/OkHttp  ( 6329): Backoffmutiplier: 0
07-05 22:41:59.934 D/OkHttp  ( 6329): Host: api.edu.hismarttv.com
07-05 22:41:59.934 D/OkHttp  ( 6329): Connection: Keep-Alive
07-05 22:41:59.934 D/OkHttp  ( 6329): Accept-Encoding: gzip
07-05 22:41:59.934 D/OkHttp  ( 6329): User-Agent: okhttp/3.6.0
07-05 22:41:59.934 D/OkHttp  ( 6329): --> END POST
07-05 22:41:59.947 D/TabFocusBorderView( 6329): SLOVEN onAnimationCancel
07-05 22:41:59.947 D/TabFocusBorderView( 6329): SLOVEN onAnimationEnd
07-05 22:41:59.947 D/TabView ( 6329): SLOVEN border top===>:296---407
07-05 22:41:59.947 I/MyFragmentStateAdapter( 6329): getCount
07-05 22:41:59.947 I/MyFragmentStateAdapter( 6329): getCount
07-05 22:41:59.948 I/MyFragmentStateAdapter( 6329): getCount
07-05 22:41:59.948 I/MyFragmentStateAdapter( 6329): getCount
07-05 22:41:59.948 I/TabView ( 6329): onScroll:,firstItem=0,visibleCount=6,totalCount=10
07-05 22:41:59.949 I/FirstLineAdapter( 6329): canShowTrailer,isOffline=false
07-05 22:41:59.949 I/FirstLineAdapter( 6329): canShowTrailer,isOffline=false
07-05 22:41:59.949 I/FirstLineAdapter( 6329): canShowTrailer,isOffline=false
07-05 22:41:59.949 I/FirstLineAdapter( 6329): canShowTrailer,isOffline=false
07-05 22:41:59.949 I/FirstLineAdapter( 6329): canShowTrailer,isOffline=false
07-05 22:41:59.949 I/FirstLineAdapter( 6329): canShowTrailer,isOffline=false
07-05 22:41:59.949 I/FirstLineAdapter( 6329): canShowTrailer,isOffline=false
07-05 22:41:59.950 D/Carousel-CarouselChannelItemView( 6329): Listitem imageUrl:http://picture.edu.hismarttv.com/images/20170628102959016598.jpg
07-05 22:41:59.950 D/Carousel-Utils( 6329): onResourceReady.
07-05 22:41:59.951 D/Carousel-CarouselChannelItemView( 6329): Listitem imageUrl:http://picture.edu.hismarttv.com/images/20170628103002814396.jpg
07-05 22:41:59.951 D/Carousel-Utils( 6329): onResourceReady.
07-05 22:41:59.951 D/Carousel-CarouselChannelItemView( 6329): Listitem imageUrl:http://picture.edu.hismarttv.com/images/20170628103009181182.jpg
07-05 22:41:59.952 D/Carousel-CarouselChannelItemView( 6329): Listitem imageUrl:http://picture.edu.hismarttv.com/images/20170628102959016598.jpg
07-05 22:41:59.953 D/Carousel-Utils( 6329): onResourceReady.
07-05 22:41:59.953 D/Carousel-CarouselChannelItemView( 6329): Listitem imageUrl:http://picture.edu.hismarttv.com/images/20170628103002814396.jpg
07-05 22:41:59.953 D/Carousel-Utils( 6329): onResourceReady.
07-05 22:41:59.954 D/Carousel-CarouselChannelItemView( 6329): Listitem imageUrl:http://picture.edu.hismarttv.com/images/20170628103009181182.jpg
07-05 22:41:59.956 I/FirstLineAdapter( 6329): canShowTrailer,isOffline=false
07-05 22:41:59.956 I/FirstLineAdapter( 6329): canShowTrailer,isOffline=false
07-05 22:41:59.962 I/dex2oat ( 6425): dex2oat took 3.936s (threads: 4) arena alloc=113KB java alloc=10MB native alloc=5MB free=6MB
07-05 22:41:59.962 I/head    ( 6329): item=com.hisense.leanback.widget.ListRow@217d73f9
07-05 22:41:59.963 I/CardSelectionPresenter( 6329): onViewDetachedFromWindow mTitleTx = 
07-05 22:41:59.963 I/CardSelectionPresenter( 6329): onViewDetachedFromWindow mTitleTx = 
07-05 22:41:59.963 I/CardSelectionPresenter( 6329): onViewDetachedFromWindow mTitleTx = 
07-05 22:41:59.963 I/CardSelectionPresenter( 6329): onUnbindViewHolder mTitleTx = 
07-05 22:41:59.965 I/CardSelectionPresenter( 6329): onViewDetachedFromWindow mTitleTx = 
07-05 22:41:59.966 I/CardSelectionPresenter( 6329): onUnbindViewHolder mTitleTx = 
07-05 22:41:59.966 I/CardSelectionPresenter( 6329): onUnbindViewHolder mTitleTx = 
07-05 22:41:59.966 I/CardSelectionPresenter( 6329): onUnbindViewHolder mTitleTx = 
07-05 22:41:59.966 I/ContentBridgeAdapterListener( 6329): onBind 
07-05 22:41:59.968 I/CardSelectionPresenter( 6329): onCreateViewHoldercom.hisense.leanback.widget.HorizontalGridView{1174022d VFE..... ......ID 0,0-1738,279 #7f0d038e app:id/row_content}
07-05 22:41:59.974 D/OkHttp  ( 6329): <-- 200 OK http://api.edu.hismarttv.com/payment/api/get/experience/member?uuid=13287129&mac=a8:a6:48:18:fc:a8&devid=86100300900000500000060a4818fca8&version=00.002.003&subscriberId=13287129&customerId=7195320&model_id=0&APPPackage=com.hisense.hicloud.edca&PFAPPCode=652&APPVersionName=3.0.0.9.00&ChannelId=0&softwareVersion=LED50MU8600UC0000888&tv_distribute_id=00&devType=0&APIVersion=600&accessToken=72DF6038D2AEAB8A76DFBBBBCC428A4A_003880348277320 (39ms)
07-05 22:41:59.974 D/OkHttp  ( 6329): Server: nginx
07-05 22:41:59.974 D/OkHttp  ( 6329): Date: Wed, 05 Jul 2017 14:41:59 GMT
07-05 22:41:59.974 D/OkHttp  ( 6329): Content-Type: application/json
07-05 22:41:59.974 D/OkHttp  ( 6329): Content-Length: 289
07-05 22:41:59.974 D/OkHttp  ( 6329): Connection: close
07-05 22:41:59.974 D/OkHttp  ( 6329): <-- END HTTP
07-05 22:41:59.975 D/HttpHandler( 6329): RetryIntercepter-->retryNum=0
07-05 22:41:59.975 D/HttpHandler( 6329): RetryIntercepter-->backoffmutiplier=0
07-05 22:41:59.975 D/HttpHandler( 6329): VerifySignInterCeptor-->dateType=1
07-05 22:41:59.975 D/HttpHandler( 6329): VerifySignInterCeptor-->HttpRequestManager.httpClietOption.getVerifyFlag()=1
07-05 22:41:59.983 I/CardSelectionPresenter( 6329): onBindViewHolder
07-05 22:41:59.983 D/sloven  ( 6329): 1002---true
07-05 22:41:59.984 I/CardSelectionPresenter( 6329): width=400,height=220
07-05 22:41:59.984 D/HttpHandler( 6329): VerifySignInterCeptor-->content={"message": "\u6ca1\u6709\u67e5\u8be2\u5230id\u4e3a0\u7684\u5f39\u7a97\u4fe1\u606f", "success": false}
07-05 22:41:59.988 W/PluginProviderBuilder( 6329): createDexClassLoader() return dalvik.system.DexClassLoader[DexPathList[[zip file "/data/data/com.hisense.hicloud.edca/files/plugin/2.1.0.59986/pluginplayer/1.64.0.59984/pluginplayer-release-1.64.0.59984.apk"],nativeLibraryDirectories=[/vendor/lib, /system/lib]]]
07-05 22:41:59.993 W/ContextClassLoaderSwitcher( 6329): ClassLoaderSwitcher doSwitch(com.hisense.hicloud.edca.BaseApplication@2adbac5c, dalvik.system.DexClassLoader[DexPathList[[zip file "/data/data/com.hisense.hicloud.edca/files/plugin/2.1.0.59986/pluginplayer/1.64.0.59984/pluginplayer-release-1.64.0.59984.apk"],nativeLibraryDirectories=[/vendor/lib, /system/lib]]])
07-05 22:41:59.993 W/ObjectMethodHolder( 6329): >> invoke() mMethodName=getBaseContext, mCached=false, mCacheValue=true, mMethod=null
07-05 22:42:00.000 D/PowerManagerService( 1733): acquireWakeLockInternal: lock=1013057410, flags=0x40000001, tag="*alarm*", ws=WorkSource{1000}, uid=1000, pid=1733
07-05 22:42:00.001 D/PowerManagerNotifier( 1733): onWakeLockAcquired: flags=1073741825, tag="*alarm*", packageName=android, ownerUid=1000, ownerPid=1733, workSource=WorkSource{1000}
07-05 22:42:00.005 W/ObjectMethodHolder( 6329): << invoke() mMethodName=getBaseContext, mCached=true, mCacheValue=true, mMethod=public android.content.Context android.content.ContextWrapper.getBaseContext() return android.app.ContextImpl{android.app.ContextImpl@3f6dafa2}
07-05 22:42:00.005 W/ObjectMethodHolder( 6329): >> invoke() mMethodName=getClassLoader, mCached=false, mCacheValue=true, mMethod=null
07-05 22:42:00.005 W/ObjectMethodHolder( 6329): << invoke() mMethodName=getClassLoader, mCached=true, mCacheValue=true, mMethod=public java.lang.ClassLoader android.app.LoadedApk.getClassLoader() return dalvik.system.PathClassLoader{dalvik.system.PathClassLoader[DexPathList[[zip file "/data/app/com.hisense.hicloud.edca-2/base.apk"],nativeLibraryDirectories=[/data/app/com.hisense.hicloud.edca-2/lib/arm, /vendor/lib, /system/lib]]]}
07-05 22:42:00.006 I/StatusBar( 2232): time status chg:android.intent.action.TIME_TICK
07-05 22:42:00.006 I/StatusBar( 2232): update status bar with index: 1
07-05 22:42:00.006 I/StatusBar( 2232): on update status bar, index: 1
07-05 22:42:00.006 I/StatusBarDataProvider( 2232): update status bar 1
07-05 22:42:00.007 W/PluginProviderBuilder( 6329): createPluginContext() return /data/app/com.hisense.hicloud.edca-2/base.apk
07-05 22:42:00.009 E/MyDataReported(17144): ***action=android.intent.action.TIME_TICK
07-05 22:42:00.010 I/StatusBar( 2232): Data received with tag:1 false
07-05 22:42:00.010 E/Daemon  (17144): iQRTIME=98
07-05 22:42:00.013 D/PowerManagerService( 1733): releaseWakeLockInternal: lock=1013057410 [*alarm*], flags=0x0
07-05 22:42:00.013 D/PowerManagerNotifier( 1733): onWakeLockReleased: flags=1073741825, tag="*alarm*", packageName=android, ownerUid=1000, ownerPid=1733, workSource=WorkSource{1000}
07-05 22:42:00.015 I/art     ( 6329): Background partial concurrent mark sweep GC freed 12672(861KB) AllocSpace objects, 1(1502KB) LOS objects, 12% free, 28MB/32MB, paused 6.705ms total 119.796ms
07-05 22:42:00.020 I/CardSelectionPresenter( 6329): onUnbindViewHolder mTitleTx = 
07-05 22:42:00.020 I/CardSelectionPresenter( 6329): onBindViewHolder
07-05 22:42:00.021 D/sloven  ( 6329): 1002---true
07-05 22:42:00.021 I/CardSelectionPresenter( 6329): width=400,height=220
07-05 22:42:00.021 D/hailongqiu( 6329): hailongqiu position:0
07-05 22:42:00.025 I/CardSelectionPresenter( 6329): onCreateViewHoldercom.hisense.leanback.widget.HorizontalGridView{1174022d VFE..... ......ID 0,0-1738,279 #7f0d038e app:id/row_content}
07-05 22:42:00.031 I/CardSelectionPresenter( 6329): onBindViewHolder
07-05 22:42:00.031 D/sloven  ( 6329): 1002---true
07-05 22:42:00.031 I/CardSelectionPresenter( 6329): width=400,height=220
07-05 22:42:00.034 I/CardSelectionPresenter( 6329): onCreateViewHoldercom.hisense.leanback.widget.HorizontalGridView{1174022d VFE..... ......ID 0,0-1738,279 #7f0d038e app:id/row_content}
07-05 22:42:00.038 D/Player/PluginProvider@3343009b( 6329): [TID 6359] PluginProvider() new
07-05 22:42:00.038 W/AbsPluginProvider( 6329): initialize<<(hostContext=com.hisense.hicloud.edca.BaseApplication@2adbac5c, context=com.qiyi.sdk.plugin.server.core.ContextProxy@1098ac38, params={lib_dir=/data/data/com.hisense.hicloud.edca/files/plugin/2.1.0.59986/pluginplayer/1.64.0.59984/pluginplayer-release-1.64.0.59984-libs, file_path=/data/data/com.hisense.hicloud.edca/files/plugin/2.1.0.59986/pluginplayer/1.64.0.59984/pluginplayer-release-1.64.0.59984.apk}, info=AppInfo(hostVersion=2.1.0.59986mHostAllowDebug=false))
07-05 22:42:00.038 D/Player/PluginProvider@3343009b( 6329): [TID 6359] onInitialize() lib path=/data/data/com.hisense.hicloud.edca/files/plugin/2.1.0.59986/pluginplayer/1.64.0.59984/pluginplayer-release-1.64.0.59984-libs
07-05 22:42:00.038 I/LogUtils( 6329): [TID 6359] log is open
07-05 22:42:00.040 I/CardSelectionPresenter( 6329): onBindViewHolder
07-05 22:42:00.040 D/sloven  ( 6329): 1002---true
07-05 22:42:00.040 I/CardSelectionPresenter( 6329): width=400,height=220
07-05 22:42:00.042 D/Player/PluginProvider@3343009b( 6329): [TID 6359] setupSdkFeature()
07-05 22:42:00.044 I/CardSelectionPresenter( 6329): onCreateViewHoldercom.hisense.leanback.widget.HorizontalGridView{1174022d VFE..... ......ID 0,0-1738,279 #7f0d038e app:id/row_content}
07-05 22:42:00.049 I/CardSelectionPresenter( 6329): onBindViewHolder
07-05 22:42:00.049 D/sloven  ( 6329): 1002---true
07-05 22:42:00.049 I/CardSelectionPresenter( 6329): width=400,height=220
07-05 22:42:00.052 I/CardSelectionPresenter( 6329): onCreateViewHoldercom.hisense.leanback.widget.HorizontalGridView{1174022d VFE..... ......ID 0,0-1738,279 #7f0d038e app:id/row_content}
07-05 22:42:00.057 I/TVMW@HsTvSetting( 1234): Trace cmd, data = 0x1058
07-05 22:42:00.057 I/CardSelectionPresenter( 6329): onBindViewHolder
07-05 22:42:00.057 D/til@system( 2026): til_get_system_param option:100002F int:0, bool:0, ret:0
07-05 22:42:00.057 D/sloven  ( 6329): 1002---true
07-05 22:42:00.057 I/CardSelectionPresenter( 6329): width=0,height=220
07-05 22:42:00.057 I/TVMW@HsTvSetting( 1234): Trace cmd, data = 0x101f
07-05 22:42:00.058 D/til@system( 2026): til_get_system_param option:100001D int:3, bool:3, ret:0
07-05 22:42:00.058 E/til     ( 2026): [til_get_current_input_source, 101] 
07-05 22:42:00.058 I/TVMW@HsTvSetting( 1234): Trace cmd, data = 0x7007
07-05 22:42:00.058 I/tilwrapper@sm( 2026): HS2TIL_SourceType *hs=0xd, *til=0x900
07-05 22:42:00.058 D/til     ( 2026): get current source 2304
07-05 22:42:00.058 D/SourceRemoteServiceHandler( 2026): getCurrentInputSource.from.til.result is 0, value is 2304
07-05 22:42:00.058 D/SourceRemoteServiceHandler( 2026): getInputSourceType source: 0x900, type=2304
07-05 22:42:00.058 D/til     ( 2026): ###### func:til_get_picture_param option:0x3000006 ######  
07-05 22:42:00.058 I/TVMW@HsTvSetting( 1234): Trace cmd, data = 0x1003
07-05 22:42:00.058 I/TVMW@HsTvSetting( 1234): Trace cmd, data = 0x8032
07-05 22:42:00.059 I/hstvos  ( 1216): [0m[1;33m[HSHAL][HS_VIDEO][HS_HAL_Video_SetOsdDetect_v2][2389]u16Threshold = 20
07-05 22:42:00.059 I/MiSysSrv( 1214): Not support now! 42, change to mm_video!!!
07-05 22:42:00.059 E/TVMW@videoctrl( 1234):  getOsd is 1
07-05 22:42:00.059 D/til@system( 2026): til_get_system_param option:1000027 int:1, bool:1, ret:0
07-05 22:42:00.059 D/til     ( 2026): ###### func:til_get_picture_param option:0x3000045 ######  
07-05 22:42:00.060 I/TVMW@HsTvSetting( 1234): Trace cmd, data = 0x300c
07-05 22:42:00.060 I/TVMW@HsTvSetting( 1234): Trace 3d, data = 0x300c
07-05 22:42:00.060 I/TVMW@3d ( 1234): Hs_debug3d_trace: func:get3dStatus, line:109
07-05 22:42:00.063 D/Carousel-CarouselView( 6329): ============>onScrollChanged hashCode:149317031
07-05 22:42:00.070 I/MyFragmentStateAdapter( 6329): getCount
07-05 22:42:00.079 D/Carousel-Utils( 6329): onResourceReady.
07-05 22:42:00.079 D/Carousel-Utils( 6329): onResourceReady.
07-05 22:42:00.081 D/PlayerSdk/PlayerSdkProject( 6329): [TID 6359] >> beginInitialize
07-05 22:42:00.081 D/Carousel-Utils( 6329): onResourceReady.
07-05 22:42:00.081 D/PlayerSdk/SdkConfigManager( 6329): [TID 6359] setupConfig: context=com.qiyi.sdk.plugin.server.core.ContextProxy@1098ac38
07-05 22:42:00.081 W/ContextProxy( 6329): getAssets() mAssetManager=android.content.res.AssetManager@3b58f661
07-05 22:42:00.082 D/PlayerSdk/SdkConfigManager( 6329): [TID 6359] setupConfig: strEncrypted=VVVJRD0yMDE3MDQyNTExMzUzNzkxMmdlVEdXS0REMTE3MDIsQ1VTVE9NRVJfSUQ9NjAsUExBWUVSX0NPTkZJR19UWVBFPTQsUExBVEZPUk1fVFZBUEk9SEFJWElOLElTX1NVUFBPUlRfWUlOSEVfUElOR0JBQ0s9ZmFsc2UsSVNfRU5CQUxFX0gyNjU9ZmFsc2UsSVNfRU5BQkxFX0RPTEJZPWZhbHNlLElTX0VOQkFMRV80Sz0sSVNfRU5CQUxFX0RPTEJZX1ZJU0lPTj0sSVNfRU5CQUxFX0hEUjEwPSxJU19VU0VfVE1UU19MT0NBTF9TSUdOPWZhbHNlLElTX0dFVF9VVUlEX0ZST01fU0VSVkVSPXRydWUsQ0ROX0RJU1BBVENIX1BBUkFNPSxET01BSU5fTkFNRT1wdHF5LmdpdHYudHYsTkFUSVZFX1BMQVlFUl9CUkFORD1IaVNlbnNlLExPR0lOX1RZUEU9U1VCX0FDQ09VTlQsQ1VTVE9NRVJfUEFDS0FHRV9OQU1FPWNvbS5oaXNlbnNlLmhpY2xvdWQuZWRjYSxJU19ERUJVR19WRVJTSU9OPWZhbHNlLE5BVElWRV9QTEFZRVJfQ09ERUNUWVBFPSxQTEFZRVJfUExBVEZPUk09UF9IaXNlbnNlLEVOQUJMRV9TRVRfQklUU1RSRUFNPXRydWUsREVGQVVMVF9DRkdfQklUU1RSRUFNPSw=
07-05 22:42:00.083 I/System.out( 6329): decode
07-05 22:42:00.083 W/ContextProxy( 6329): getResources() mResources=android.content.res.Resources@1af17e47
07-05 22:42:00.097 I/MyFragmentStateAdapter( 6329): getCount
07-05 22:42:00.097 I/MyFragmentStateAdapter( 6329): getCount
07-05 22:42:00.098 I/MyFragmentStateAdapter( 6329): getCount
07-05 22:42:00.098 I/MyFragmentStateAdapter( 6329): getCount
07-05 22:42:00.099 I/FirstLineAdapter( 6329): canShowTrailer,isOffline=false
07-05 22:42:00.099 I/FirstLineAdapter( 6329): canShowTrailer,isOffline=false
07-05 22:42:00.099 I/FirstLineAdapter( 6329): canShowTrailer,isOffline=false
07-05 22:42:00.099 I/FirstLineAdapter( 6329): canShowTrailer,isOffline=false
07-05 22:42:00.099 I/FirstLineAdapter( 6329): canShowTrailer,isOffline=false
07-05 22:42:00.099 I/FirstLineAdapter( 6329): canShowTrailer,isOffline=false
07-05 22:42:00.099 I/FirstLineAdapter( 6329): canShowTrailer,isOffline=false
07-05 22:42:00.100 D/Carousel-CarouselChannelItemView( 6329): Listitem imageUrl:http://picture.edu.hismarttv.com/images/20170628102959016598.jpg
07-05 22:42:00.101 D/Carousel-Utils( 6329): onResourceReady.
07-05 22:42:00.103 D/Carousel-CarouselChannelItemView( 6329): Listitem imageUrl:http://picture.edu.hismarttv.com/images/20170628103002814396.jpg
07-05 22:42:00.107 W/ContextProxy( 6329): getResources() mResources=android.content.res.Resources@1af17e47
07-05 22:42:00.108 D/Carousel-Utils( 6329): onResourceReady.
07-05 22:42:00.109 D/Carousel-CarouselChannelItemView( 6329): Listitem imageUrl:http://picture.edu.hismarttv.com/images/20170628103009181182.jpg
07-05 22:42:00.109 D/Carousel-Utils( 6329): onResourceReady.
07-05 22:42:00.110 D/Carousel-CarouselChannelItemView( 6329): Listitem imageUrl:http://picture.edu.hismarttv.com/images/20170628102959016598.jpg
07-05 22:42:00.111 D/Carousel-Utils( 6329): onResourceReady.
07-05 22:42:00.111 I/System.out( 6329): ok
07-05 22:42:00.112 D/Carousel-CarouselChannelItemView( 6329): Listitem imageUrl:http://picture.edu.hismarttv.com/images/20170628103002814396.jpg
07-05 22:42:00.112 I/System.out( 6329): UUID=20170425113537912geTGWKDD11702,CUSTOMER_ID=60,PLAYER_CONFIG_TYPE=4,PLATFORM_TVAPI=HAIXIN,IS_SUPPORT_YINHE_PINGBACK=false,IS_ENBALE_H265=false,IS_ENABLE_DOLBY=false,IS_ENBALE_4K=,IS_ENBALE_DOLBY_VISION=,IS_ENBALE_HDR10=,IS_USE_TMTS_LOCAL_SIGN=false,IS_GET_UUID_FROM_SERVER=true,CDN_DISPATCH_PARAM=,DOMAIN_NAME=ptqy.gitv.tv,NATIVE_PLAYER_BRAND=HiSense,LOGIN_TYPE=SUB_ACCOUNT,CUSTOMER_PACKAGE_NAME=com.hisense.hicloud.edca,IS_DEBUG_VERSION=false,NATIVE_PLAYER_CODECTYPE=,PLAYER_PLATFORM=P_Hisense,ENABLE_SET_BITSTREAM=true,DEFAULT_CFG_BITSTREAM=,
07-05 22:42:00.112 D/Carousel-Utils( 6329): onResourceReady.
07-05 22:42:00.112 I/System.out( 6329): hook :UUID=20170425113537912geTGWKDD11702,CUSTOMER_ID=60,PLAYER_CONFIG_TYPE=4,PLATFORM_TVAPI=HAIXIN,IS_SUPPORT_YINHE_PINGBACK=false,IS_ENBALE_H265=false,IS_ENABLE_DOLBY=false,IS_ENBALE_4K=,IS_ENBALE_DOLBY_VISION=,IS_ENBALE_HDR10=,IS_USE_TMTS_LOCAL_SIGN=false,IS_GET_UUID_FROM_SERVER=true,CDN_DISPATCH_PARAM=,DOMAIN_NAME=ptqy.gitv.tv,NATIVE_PLAYER_BRAND=HiSense,LOGIN_TYPE=SUB_ACCOUNT,CUSTOMER_PACKAGE_NAME=com.hisense.hicloud.edca,IS_DEBUG_VERSION=false,NATIVE_PLAYER_CODECTYPE=,PLAYER_PLATFORM=P_Hisense,ENABLE_SET_BITSTREAM=true,DEFAULT_CFG_BITSTREAM=,
07-05 22:42:00.113 D/Carousel-CarouselChannelItemView( 6329): Listitem imageUrl:http://picture.edu.hismarttv.com/images/20170628103009181182.jpg
07-05 22:42:00.113 D/Carousel-Utils( 6329): onResourceReady.
07-05 22:42:00.114 D/PlayerSdk/SdkConfig( 6329): [TID 6359] initialize({PLAYER_PLATFORM=P_Hisense, NATIVE_PLAYER_BRAND=HiSense, CUSTOMER_ID=60, ENABLE_SET_BITSTREAM=true, IS_ENBALE_H265=false, UUID=20170425113537912geTGWKDD11702, IS_GET_UUID_FROM_SERVER=true, IS_DEBUG_VERSION=false, IS_ENABLE_DOLBY=false, CUSTOMER_PACKAGE_NAME=com.hisense.hicloud.edca, IS_USE_TMTS_LOCAL_SIGN=false, PLATFORM_TVAPI=HAIXIN, DOMAIN_NAME=ptqy.gitv.tv, LOGIN_TYPE=SUB_ACCOUNT, IS_SUPPORT_YINHE_PINGBACK=false, PLAYER_CONFIG_TYPE=4})
07-05 22:42:00.115 I/FirstLineAdapter( 6329): canShowTrailer,isOffline=false
07-05 22:42:00.115 I/FirstLineAdapter( 6329): canShowTrailer,isOffline=false
07-05 22:42:00.116 D/Carousel-CarouselView( 6329): ============>onScrollChanged hashCode:149317031
07-05 22:42:00.118 D/PlayerSdk/SdkConfig( 6329): [TID 6359] initialize(), name=com.hisense.hicloud.edca
07-05 22:42:00.118 D/PlayerSdk/SdkConfig( 6329): [TID 6359] initialize(),mCustomerPackageNames=[com.hisense.hicloud.edca]
07-05 22:42:00.119 D/SdkConfigUtils( 6329): [TID 6359] parsePlatformType(HAIXIN)
07-05 22:42:00.120 I/MyFragmentStateAdapter( 6329): getCount
07-05 22:42:00.120 D/SdkConfigUtils( 6329): [TID 6359] parseLoginType(SUB_ACCOUNT)
07-05 22:42:00.125 D/SdkConfigUtils( 6329): [TID 6359] parsePlayerPlatform(P_Hisense)
07-05 22:42:00.126 D/PlayerSdk/SdkConfigManager( 6329): [TID 6359] setupConfig: mCurrentConfig=SdkConfig@187150f8{mCustomerCode=60, mPlayerConfigType=4, mPlatformType=HAIXIN, mLoginType=SUB_ACCOUNT, mIsEnableDolby=false, mIsEnableH265=false, mIsEnable4K=true, mIsSupportYinhePingback=false, mShouldDoPlayCheck=true, mshouldGetUuidFromServer=true, mPingbackS1=2, mPingbackS2=simple_sdk, mPingbackP2=3128, mDomainName=ptqy.gitv.tv, mIsDebugVersion=false, mIsDebugVersion=false, mCustomerPackageNames=[com.hisense.hicloud.edca], mEnableSetBitstream=true}
07-05 22:42:00.128 D/HiNetworkImpl( 6329): doHttp_Asyn(): onReqResponse isSuccessful = true, back from thread: main
07-05 22:42:00.128 D/CommonHeader( 6329): app logo :refreshTimer: isRotatetrue
07-05 22:42:00.128 I/HiNetworkImpl( 6329): doHttp_Asyn(): onSuccess clazz = class com.hisense.sdk.domain.ResponseResult, back from thread: main
07-05 22:42:00.128 I/HomeMainActivity( 6329): finishHttpTime : 14561700   336
07-05 22:42:00.133 D/til@system( 2026): til_get_system_param option:1000007 int:-1936522368, bool:128, ret:0
07-05 22:42:00.134 D/til@system( 2026): til_get_system_param option:1000009 int:-1815633792, bool:128, ret:0
07-05 22:42:00.134 D/til@system( 2026): til_get_system_param option:1000008 int:-1815632896, bool:0, ret:0
07-05 22:42:00.135 D/HiSDKLogReport( 6329): getOperationDetail-productName : LED50MU8600UC
07-05 22:42:00.135 D/HiSDKLogReport( 6329): getOperationDetail-plmNumber : 88888
07-05 22:42:00.135 D/HiSDKLogReport( 6329): getOperationDetail-swVersion : V0000.00.01A
07-05 22:42:00.135 D/HiSDKLogReport( 6329): getOperationDetail-operationDetail : LED50MU8600UC0000888
07-05 22:42:00.135 D/HiSDKLogReport( 6329): processLogReport-log : {eventType=163, appKey=1182445233, APPVersionName=3.0.0.9.00, devid=86100300900000500000060a4818fca8, mac=a8:a6:48:18:fc:a8, uuid=13287129, accessToken=72DF6038D2AEAB8A76DFBBBBCC428A4A_003880348277320, APIversion=501, logversion=2.0, devType=0, APPPackage=com.hisense.hicloud.edca, eventPos=002, requesttime=1499265720135, customerId=7195320, value2=, eventMessage=HttpConnection, value1=336, model_id=0, ChannelId=0, version=00.002.003, tv_distribute_id=00, subscriberId=13287129, APIVersion=600, PFAPPCode=652, softwareVersion=LED50MU8600UC0000888}
07-05 22:42:00.138 I/HomeMainActivity.java( 6329): VodLog-[onSuccess:1016]postExperienceVIP request fail.Error Message: id0
07-05 22:42:00.149 W/System.err( 6329): java.net.ConnectException: failed to connect to /10.18.210.112 (port 8900) after 6000ms: isConnected failed: ECONNREFUSED (Connection refused)
07-05 22:42:00.150 W/System.err( 6329): 	at libcore.io.IoBridge.isConnected(IoBridge.java:238)
