07-06 01:19:42.630 D/SourceRemoteServiceHandler( 2026): getInputSourceType source: 0x900, type=2304
07-06 01:19:42.630 D/til     ( 2026): ###### func:til_get_picture_param option:0x3000006 ######  
07-06 01:19:42.630 I/TVMW@HsTvSetting( 1234): Trace cmd, data = 0x1003
07-06 01:19:42.630 I/TVMW@HsTvSetting( 1234): Trace cmd, data = 0x8032
07-06 01:19:42.630 I/MyFragmentStateAdapter(28696): getCount
07-06 01:19:42.631 E/TVMW@videoctrl( 1234):  getOsd is 1
07-06 01:19:42.631 I/hstvos  ( 1216): [0m[1;33m[HSHAL][HS_VIDEO][HS_HAL_Video_SetOsdDetect_v2][2389]u16Threshold = 20
07-06 01:19:42.631 D/til@system( 2026): til_get_system_param option:1000027 int:1, bool:1, ret:0
07-06 01:19:42.631 D/til     ( 2026): ###### func:til_get_picture_param option:0x3000045 ######  
07-06 01:19:42.632 I/TVMW@HsTvSetting( 1234): Trace cmd, data = 0x300c
07-06 01:19:42.632 I/TVMW@HsTvSetting( 1234): Trace 3d, data = 0x300c
07-06 01:19:42.632 I/TVMW@3d ( 1234): Hs_debug3d_trace: func:get3dStatus, line:109
07-06 01:19:42.652 I/MyFragmentStateAdapter(28696): getCount
07-06 01:19:42.677 I/MyFragmentStateAdapter(28696): getCount
07-06 01:19:42.698 I/MyFragmentStateAdapter(28696): getCount
07-06 01:19:42.726 I/MyFragmentStateAdapter(28696): getCount
07-06 01:19:42.744 I/MyFragmentStateAdapter(28696): getCount
07-06 01:19:42.770 I/MyFragmentStateAdapter(28696): getCount
07-06 01:19:42.797 I/MyFragmentStateAdapter(28696): getCount
07-06 01:19:42.820 I/MyFragmentStateAdapter(28696): getCount
07-06 01:19:42.850 I/MyFragmentStateAdapter(28696): getCount
07-06 01:19:42.879 I/MyFragmentStateAdapter(28696): getCount
07-06 01:19:42.907 I/MyFragmentStateAdapter(28696): getCount
07-06 01:19:42.925 I/NetflixMonitorService( 1733): current fgapk : com.hisense.hicloud.edca
07-06 01:19:42.926 I/NetflixMonitorService( 1733): Netflix status unchanged
07-06 01:19:42.937 I/MyFragmentStateAdapter(28696): getCount
07-06 01:19:42.968 I/MyFragmentStateAdapter(28696): getCount
07-06 01:19:43.000 I/MyFragmentStateAdapter(28696): getCount
07-06 01:19:43.002 I/art     (28624): Background sticky concurrent mark sweep GC freed 9155(488KB) AllocSpace objects, 0(0B) LOS objects, 35% free, 1059KB/1640KB, paused 5.069ms total 13.639ms
07-06 01:19:43.029 I/MyFragmentStateAdapter(28696): getCount
07-06 01:19:43.055 I/MyFragmentStateAdapter(28696): getCount
07-06 01:19:43.080 I/MyFragmentStateAdapter(28696): getCount
07-06 01:19:43.087 D/GlobalInputEventMonitoringService( 1733): interceptKeyBeforeQueueing(), event:22, mNeedMonitorKeyEvent:true, mWaitForKeyUpEvent:false
07-06 01:19:43.087 D/GlobalInputEventMonitoringService( 1733): processKeyEvent(), processKeyEvent event:22
07-06 01:19:43.088 D/WindowManager( 1733): interceptKeyTq keycode=22 interactive=true keyguardActive=false policyFlags=2b000000 isCancled= false
07-06 01:19:43.088 D/PowerManagerService( 1733): userActivityNoUpdateLocked: eventTime=24024650, event=1, flags=0x0, uid=1000
07-06 01:19:43.088 D/WindowManager( 1733): interceptKeyTi keyCode=22 down=true repeatCount=0 keyguardOn=false mHomePressed=false canceled=false
07-06 01:19:43.088 D/WindowManager( 1733): Hisense systemkey event: 22
07-06 01:19:43.088 D/HisenseGlobalKeyManager( 1733): handleGlobalKey() : Global event = KeyEvent { action=ACTION_DOWN, keyCode=KEYCODE_DPAD_RIGHT, scanCode=0, metaState=0, flags=0x0, repeatCount=0, eventTime=24024650, downTime=24024650, deviceId=-1, source=0x101 }
07-06 01:19:43.110 E/btif_config( 2964): [btif_config_get] node is TRUE!
07-06 01:19:43.110 E/btif_config( 2964): [btif_config_get] ret is TRUE!
07-06 01:19:43.118 D/SogouIME( 2203): [onKeyDown] keycode = 22 model = VIDAA_TV
07-06 01:19:43.133 I/MyFragmentStateAdapter(28696): getCount
07-06 01:19:43.133 I/TVMW@HsTvSetting( 1234): Trace cmd, data = 0x1058
07-06 01:19:43.133 D/til@system( 2026): til_get_system_param option:100002F int:0, bool:0, ret:0
07-06 01:19:43.133 I/TVMW@HsTvSetting( 1234): Trace cmd, data = 0x101f
07-06 01:19:43.134 D/til@system( 2026): til_get_system_param option:100001D int:3, bool:3, ret:0
07-06 01:19:43.134 E/til     ( 2026): [til_get_current_input_source, 101] 
07-06 01:19:43.134 I/TVMW@HsTvSetting( 1234): Trace cmd, data = 0x7007
07-06 01:19:43.135 I/tilwrapper@sm( 2026): HS2TIL_SourceType *hs=0xd, *til=0x900
07-06 01:19:43.135 D/til     ( 2026): get current source 2304
07-06 01:19:43.135 D/SourceRemoteServiceHandler( 2026): getCurrentInputSource.from.til.result is 0, value is 2304
07-06 01:19:43.135 D/SourceRemoteServiceHandler( 2026): getInputSourceType source: 0x900, type=2304
07-06 01:19:43.135 D/til     ( 2026): ###### func:til_get_picture_param option:0x3000006 ######  
07-06 01:19:43.135 I/TVMW@HsTvSetting( 1234): Trace cmd, data = 0x1003
07-06 01:19:43.135 I/TVMW@HsTvSetting( 1234): Trace cmd, data = 0x8032
07-06 01:19:43.136 I/hstvos  ( 1216): [0m[1;33m[HSHAL][HS_VIDEO][HS_HAL_Video_SetOsdDetect_v2][2389]u16Threshold = 20
07-06 01:19:43.136 E/TVMW@videoctrl( 1234):  getOsd is 1
07-06 01:19:43.137 D/til@system( 2026): til_get_system_param option:1000027 int:1, bool:1, ret:0
07-06 01:19:43.137 D/til     ( 2026): ###### func:til_get_picture_param option:0x3000045 ######  
07-06 01:19:43.137 I/TVMW@HsTvSetting( 1234): Trace cmd, data = 0x300c
07-06 01:19:43.137 I/TVMW@HsTvSetting( 1234): Trace 3d, data = 0x300c
07-06 01:19:43.137 I/TVMW@3d ( 1234): Hs_debug3d_trace: func:get3dStatus, line:109
07-06 01:19:43.161 D/Carousel-CarouselDisplayPlayerLayout(28696): HasFocus:false,keyCode:22
07-06 01:19:43.161 D/Carousel-CarouselDisplayPlayerLayout(28696): isFullScreen:false
07-06 01:19:43.161 I/HomeMainActivity(28696): carousel handle key:false
07-06 01:19:43.161 I/MainHomeView(28696): dispatchKeyEvent ACTION_DOWN now 
07-06 01:19:43.176 I/TabView (28696): onKeyListener() ACTION_DOWN keyCode -- 22
07-06 01:19:43.176 I/SoftFragmentList(28696): fetchCacheFragment  enter ---- index = 2
07-06 01:19:43.177 D/SoftFragmentList(28696): fetchCacheFragment  mFragmentCache.size() = 3
07-06 01:19:43.177 D/SoftFragmentList(28696): fetchCacheFragment mLastIndex = 2, view = 
07-06 01:19:43.177 I/BaseContentFragment(28696): initChildFocustrue,recyclerview=com.hisense.leanback.widget.VerticalGridView{1822ea7b VFED.... ........ 0,0-1768,1080 #7f0d02c8 app:id/recyclerview_content}====---mIsVisibleToUser:true-------
07-06 01:19:43.190 D/til@system( 2026): til_get_system_param option:1000007 int:-1936522368, bool:128, ret:0
07-06 01:19:43.193 D/til@system( 2026): til_get_system_param option:1000009 int:-1815634176, bool:0, ret:0
07-06 01:19:43.195 D/til@system( 2026): til_get_system_param option:1000008 int:-1936522112, bool:128, ret:0
07-06 01:19:43.195 D/HiSDKLogReport(28696): getOperationDetail-productName : LED50MU8600UC
07-06 01:19:43.195 D/HiSDKLogReport(28696): getOperationDetail-plmNumber : 88888
07-06 01:19:43.195 D/HiSDKLogReport(28696): getOperationDetail-swVersion : V0000.00.01A
07-06 01:19:43.195 D/HiSDKLogReport(28696): getOperationDetail-operationDetail : LED50MU8600UC0000888
07-06 01:19:43.196 D/HiSDKLogReport(28696): businessLogReport-log : {eventType=232, APPVersionName=3.0.0.9.00, devid=86100300900000500000060a4818fca8, rowid=-1, uuid=13287129, APIversion=501, eventcode=232000, logversion=2.0, columnid=-1, devType=0, eventPos=000, groupid=-1, ChannelId=0, version=00.002.003, subscriberId=13287129, PFAPPCode=652, tabid=0, softwareVersion=LED50MU8600UC0000888, srceventcode=201000, mac=a8:a6:48:18:fc:a8, accessToken=72DF6038D2AEAB8A76DFBBBBCC428A4A_003133762242503, srctabid=0, APPPackage=com.hisense.hicloud.edca, sessionid=50560b05a6d7483781b0b31653384ada, requesttime=1499275183195, customerId=7195320, model_id=0, requestid=0b09d9688d6c4af9906b1e33e3bb3567, tv_distribute_id=00, APIVersion=600, issysrepo=0}
07-06 01:19:43.196 D/BaseContentFragment(28696): initChildFocus firstlineview===>:com.hisense.tvui.newhome.view.SpecialFirstView{12094d83 V.E..... ........ 10,185-1748,691}
07-06 01:19:43.197 D/setHistoryRequestFocus(28696): ===>false
07-06 01:19:43.198 I/FirstlineLayoutManager(28696): left=0,width=1738,scroll Distance=-1488
07-06 01:19:43.201 I/BaseContentFragment(28696): setRowViewSelectedViewHolder{3a8e8fb8 position=0 id=-1, oldPos=-1, pLpos:-1},isSelectedfalse
07-06 01:19:43.201 I/BaseContentFragment(28696): setRowViewSelectedViewHolder{1f30f9e7 position=1 id=-1, oldPos=-1, pLpos:-1},isSelectedtrue
07-06 01:19:43.201 I/RoleContentFragment(28696): onChildSelected:1,lastPos=0
07-06 01:19:43.204 W/System.err(28696): java.net.ConnectException: failed to connect to /10.18.210.112 (port 8900) after 6000ms: isConnected failed: ECONNREFUSED (Connection refused)
07-06 01:19:43.205 W/System.err(28696): 	at libcore.io.IoBridge.isConnected(IoBridge.java:238)
07-06 01:19:43.205 W/System.err(28696): 	at libcore.io.IoBridge.connectErrno(IoBridge.java:171)
07-06 01:19:43.205 W/System.err(28696): 	at libcore.io.IoBridge.connect(IoBridge.java:122)
07-06 01:19:43.205 W/System.err(28696): 	at java.net.PlainSocketImpl.connect(PlainSocketImpl.java:183)
07-06 01:19:43.205 W/System.err(28696): 	at java.net.PlainSocketImpl.connect(PlainSocketImpl.java:456)
07-06 01:19:43.205 W/System.err(28696): 	at java.net.Socket.connect(Socket.java:882)
07-06 01:19:43.205 W/System.err(28696): 	at com.android.okhttp.internal.Platform.connectSocket(Platform.java:174)
07-06 01:19:43.205 W/System.err(28696): 	at com.android.okhttp.Connection.connect(Connection.java:152)
07-06 01:19:43.205 W/System.err(28696): 	at com.android.okhttp.internal.http.HttpEngine.connect(HttpEngine.java:276)
07-06 01:19:43.205 W/System.err(28696): 	at com.android.okhttp.internal.http.HttpEngine.sendRequest(HttpEngine.java:211)
07-06 01:19:43.205 W/System.err(28696): 	at com.android.okhttp.internal.http.HttpURLConnectionImpl.execute(HttpURLConnectionImpl.java:382)
07-06 01:19:43.205 W/System.err(28696): 	at com.android.okhttp.internal.http.HttpURLConnectionImpl.connect(HttpURLConnectionImpl.java:106)
07-06 01:19:43.205 W/System.err(28696): 	at com.hisense.hitv.hicloud.util.ExceptionReport.a(ExceptionReport.java:337)
07-06 01:19:43.205 W/System.err(28696): 	at com.hisense.hitv.hicloud.util.ExceptionReport.a(ExceptionReport.java:39)
07-06 01:19:43.205 W/System.err(28696): 	at com.hisense.hitv.hicloud.util.ExceptionReport$1.run(ExceptionReport.java:83)
07-06 01:19:43.205 W/System.err(28696): 	at java.lang.Thread.run(Thread.java:818)
07-06 01:19:43.205 W/System.err(28696): Caused by: android.system.ErrnoException: isConnected failed: ECONNREFUSED (Connection refused)
07-06 01:19:43.206 W/System.err(28696): 	at libcore.io.IoBridge.isConnected(IoBridge.java:223)
07-06 01:19:43.206 W/System.err(28696): 	... 15 more
07-06 01:19:43.212 I/TabView (28696): onfocuschange:false
07-06 01:19:43.213 D/TabView (28696): icon---:2
07-06 01:19:43.213 E/TabView (28696): 
07-06 01:19:43.240 D/HttpHandler(28696): VerifySignInterCeptor-->request.url()=http://picture.edu.hismarttv.com/images/20170628121925625089.png
07-06 01:19:43.240 D/HttpHandler(28696): VerifySignInterCeptor-->hostname=picture.edu.hismarttv.com
07-06 01:19:43.247 D/CommonHeader(28696): onTabStatusChanged tabstatus===>:40000
07-06 01:19:43.247 D/OkHttp  (28696): --> GET http://picture.edu.hismarttv.com/images/20170628121925625089.png http/1.1
07-06 01:19:43.248 D/OkHttp  (28696): Host: picture.edu.hismarttv.com
07-06 01:19:43.248 D/OkHttp  (28696): Connection: Keep-Alive
07-06 01:19:43.248 D/OkHttp  (28696): Accept-Encoding: gzip
07-06 01:19:43.248 D/OkHttp  (28696): User-Agent: okhttp/3.6.0
07-06 01:19:43.248 D/OkHttp  (28696): --> END GET
07-06 01:19:43.248 D/MSTAR_VDEC_DBG( 1206): Stream ID: 0, Rate : 24 (E:0,D:0,S:0,F:68) 
07-06 01:19:43.273 D/GlobalInputEventMonitoringService( 1733): interceptKeyBeforeQueueing(), event:22, mNeedMonitorKeyEvent:true, mWaitForKeyUpEvent:false
07-06 01:19:43.273 D/GlobalInputEventMonitoringService( 1733): processKeyEvent(), processKeyEvent event:22
07-06 01:19:43.274 D/WindowManager( 1733): interceptKeyTq keycode=22 interactive=true keyguardActive=false policyFlags=2b000000 isCancled= false
07-06 01:19:43.274 D/WindowManager( 1733): interceptKeyTi keyCode=22 down=false repeatCount=0 keyguardOn=false mHomePressed=false canceled=false
07-06 01:19:43.274 D/WindowManager( 1733): Hisense systemkey event: 22
07-06 01:19:43.274 D/HisenseGlobalKeyManager( 1733): handleGlobalKey() : Global event = KeyEvent { action=ACTION_UP, keyCode=KEYCODE_DPAD_RIGHT, scanCode=0, metaState=0, flags=0x0, repeatCount=0, eventTime=24024650, downTime=24024650, deviceId=-1, source=0x101 }
07-06 01:19:43.274 D/OkHttp  (28696): <-- 200 OK http://picture.edu.hismarttv.com/images/20170628121925625089.png (26ms)
07-06 01:19:43.274 D/OkHttp  (28696): Date: Tue, 04 Jul 2017 02:31:48 GMT
07-06 01:19:43.274 D/OkHttp  (28696): Server: nginx
07-06 01:19:43.274 D/OkHttp  (28696): Content-Type: image/png
07-06 01:19:43.274 D/OkHttp  (28696): Content-Length: 3689
07-06 01:19:43.275 D/OkHttp  (28696): Last-Modified: Wed, 28 Jun 2017 12:19:25 GMT
07-06 01:19:43.275 D/OkHttp  (28696): ETag: "59539ecd-e69"
07-06 01:19:43.275 D/OkHttp  (28696): Accept-Ranges: bytes
07-06 01:19:43.275 D/OkHttp  (28696): Age: 139675
07-06 01:19:43.275 D/OkHttp  (28696): Via: 1.1 jnwt241:0 (Cdn Cache Server V2.0)[0 200 0], 1.1 t86:5 (Cdn Cache Server V2.0)[0 200 0]
07-06 01:19:43.275 D/OkHttp  (28696): Connection: keep-alive
07-06 01:19:43.275 D/OkHttp  (28696): <-- END HTTP
07-06 01:19:43.276 D/HttpHandler(28696): RetryIntercepter-->retryNum=0
07-06 01:19:43.276 D/HttpHandler(28696): RetryIntercepter-->backoffmutiplier=0
07-06 01:19:43.282 I/MyFragmentStateAdapter(28696): getCount
07-06 01:19:43.314 D/TabView (28696): 
07-06 01:19:43.315 D/TabView (28696): 
07-06 01:19:43.316 D/TabView (28696): 
07-06 01:19:43.317 D/TabView (28696): 
07-06 01:19:43.318 D/TabView (28696): 
07-06 01:19:43.318 D/TabView (28696): 
07-06 01:19:43.319 D/TabView (28696): 
07-06 01:19:43.320 D/TabView (28696): 
07-06 01:19:43.321 D/TabView (28696): 
07-06 01:19:43.322 D/TabView (28696): 
07-06 01:19:43.323 D/TabView (28696): 
07-06 01:19:43.323 D/TabView (28696): 
07-06 01:19:43.325 D/TabView (28696): 
07-06 01:19:43.326 D/TabView (28696): 
07-06 01:19:43.326 D/TabView (28696): 
07-06 01:19:43.327 D/TabView (28696): 
07-06 01:19:43.328 I/MyFragmentStateAdapter(28696): getCount
07-06 01:19:43.328 I/MyFragmentStateAdapter(28696): getCount
07-06 01:19:43.329 D/TabView (28696): 
07-06 01:19:43.329 D/TabView (28696): 
07-06 01:19:43.330 D/TabView (28696): 
07-06 01:19:43.331 D/TabView (28696): 
07-06 01:19:43.334 D/TabView (28696): 
07-06 01:19:43.336 D/TabView (28696): 
07-06 01:19:43.337 D/TabView (28696): 
07-06 01:19:43.339 D/TabView (28696): 
07-06 01:19:43.340 D/TabView (28696): 
07-06 01:19:43.341 D/HttpHandler(28696): VerifySignInterCeptor-->request.url()=http://picture.edu.hismarttv.com/images/20170628111917742483.png
07-06 01:19:43.341 D/TabView (28696): 
07-06 01:19:43.342 D/HttpHandler(28696): VerifySignInterCeptor-->hostname=picture.edu.hismarttv.com
07-06 01:19:43.342 D/HttpHandler(28696): RetryIntercepter-->retryNum=0
07-06 01:19:43.342 D/HttpHandler(28696): RetryIntercepter-->backoffmutiplier=0
07-06 01:19:43.342 D/TabView (28696): 
07-06 01:19:43.343 D/TabView (28696): 
07-06 01:19:43.344 D/TabView (28696): 
07-06 01:19:43.345 D/TabView (28696): 
07-06 01:19:43.346 D/TabView (28696): 
07-06 01:19:43.347 D/TabView (28696): 
07-06 01:19:43.348 I/MyFragmentStateAdapter(28696): getCount
07-06 01:19:43.348 I/MyFragmentStateAdapter(28696): getCount
07-06 01:19:43.354 I/TabView (28696): onScroll:,firstItem=0,visibleCount=6,totalCount=10
07-06 01:19:43.357 D/Carousel-CarouselView(28696): ============>onScrollChanged hashCode:105475394
07-06 01:19:43.357 D/Carousel-CarouselDisplayPlayerLayout(28696): isFullScreen:false
07-06 01:19:43.358 I/MainHomeView(28696): onPanelSlide0.39694658---left204
07-06 01:19:43.365 I/CurrentCarouselView(28696): onCarouseControlCarouselControlBean{mShoudScroll=true, mActivityHasResume=false, mActivityHasStop=false, mHasTurnGone=false, mHasTurnVisible=false, mChannelId=-1, mSlideOffset=0.39694658, mShouldSelectCenter=false, mTabOpen=false, mHoriPosStatus=None, mVerPosStatus=None, mLevelStatus=None},isPlayingtrue,channelId=0
07-06 01:19:43.365 I/CurrentCarouselView(28696): is not the current page
07-06 01:19:43.365 I/CurrentCarouselView(28696): do scroll
07-06 01:19:43.365 D/Carousel-CarouselView(28696): smoothScroll.
07-06 01:19:43.365 D/Carousel-CarouselDisplayPlayerLayout(28696): isFullScreen:false
07-06 01:19:43.366 D/TabView (28696): onReceiveSlidingOffset ===>:0.39694658
07-06 01:19:43.368 I/MyFragmentStateAdapter(28696): getCount
07-06 01:19:43.387 D/Carousel-CarouselDisplayPlayerLayout(28696): HasFocus:false,keyCode:22
07-06 01:19:43.387 D/Carousel-CarouselDisplayPlayerLayout(28696): isFullScreen:false
07-06 01:19:43.387 I/HomeMainActivity(28696): carousel handle key:false
07-06 01:19:43.392 I/TVMW@devctrl( 1234): wdt
07-06 01:19:43.400 V/InputMethodService( 2203): startInput(): editor=android.view.inputmethod.EditorInfo@d9bd158
07-06 01:19:43.400 V/InputMethodService( 2203): CALL: onFinishInput
07-06 01:19:43.405 E/SOGOUIME_JNI( 2203): reset
07-06 01:19:43.406 E/SOGOUIME_JNI( 2203): getCandidates
07-06 01:19:43.406 E/SOGOUIME_JNI( 2203): ime_get_uncommitted_length
07-06 01:19:43.407 E/SOGOUIME_JNI( 2203): getCandidates
07-06 01:19:43.407 I/MainHomeView(28696): onPanelSlide0.21374045---left180
07-06 01:19:43.407 D/SogouIME API( 2203): ==============num:32
07-06 01:19:43.407 E/SOGOUIME_JNI( 2203): ime_get_uncommitted_length
07-06 01:19:43.407 D/SogouIME( 2203): mFocusedComponent:30   isHkbEnable:false
07-06 01:19:43.407 I/CurrentCarouselView(28696): onCarouseControlCarouselControlBean{mShoudScroll=true, mActivityHasResume=false, mActivityHasStop=false, mHasTurnGone=false, mHasTurnVisible=false, mChannelId=-1, mSlideOffset=0.21374045, mShouldSelectCenter=false, mTabOpen=false, mHoriPosStatus=None, mVerPosStatus=None, mLevelStatus=None},isPlayingtrue,channelId=0
07-06 01:19:43.407 E/SOGOUIME_JNI( 2203): ime_get_uncommitted_length
07-06 01:19:43.407 E/SOGOUIME_JNI( 2203): ime_get_committed_length
07-06 01:19:43.407 I/CurrentCarouselView(28696): is not the current page
07-06 01:19:43.407 I/CurrentCarouselView(28696): do scroll
07-06 01:19:43.407 E/SOGOUIME_JNI( 2203): getComposingInfo
07-06 01:19:43.407 E/SOGOUIME_JNI( 2203): getComposingInfo
07-06 01:19:43.407 D/Carousel-CarouselView(28696): smoothScroll.
07-06 01:19:43.407 E/SOGOUIME_JNI( 2203): getCorrectInfo
07-06 01:19:43.407 D/Carousel-CarouselDisplayPlayerLayout(28696): isFullScreen:false
07-06 01:19:43.407 E/SOGOUIME_JNI( 2203): getComposingInfo
07-06 01:19:43.407 D/TabView (28696): onReceiveSlidingOffset ===>:0.21374045
07-06 01:19:43.409 V/InputMethodService( 2203): CALL: onStartInput
07-06 01:19:43.409 E/SOGOUIME_JNI( 2203): invalidateCommitWordPinyinNative
07-06 01:19:43.409 D/SogouIME( 2203): =====configKeyboard=======:false     false
07-06 01:19:43.409 E/SOGOUIME_JNI( 2203): ime_set_hard_kb_enable
07-06 01:19:43.419 D/Carousel-CarouselDisplayPlayerLayout(28696): x=408, y=167,w=892,h=536, hashCode=64756254
07-06 01:19:43.419 D/Carousel-CarouselDisplayPlayerLayout(28696): mX=511, mY=167,mWitdh=892,mHeight=536, hashCode=64756254
07-06 01:19:43.420 D/Carousel-CarouselDisplayPlayerLayout(28696): changed=true, hashCode=64756254
07-06 01:19:43.422 D/Carousel-Utils(28696): x=408,y=167, width=892,height=536
07-06 01:19:43.422 D/Carousel-CarouselDisplayPlayerLayout(28696): isFullScreen:false
07-06 01:19:43.422 D/Carousel-CarouselView(28696): ===========>onScrollStart
07-06 01:19:43.423 D/Carousel-Utils(28696): displayImage view=android.widget.ImageView{3b779a90 I.ED.... ......ID 0,0-816,460 #7f0d0029 app:id/imageView1}
07-06 01:19:43.423 D/Carousel-Utils(28696): displayImage url=http://picture.edu.hismarttv.com/images/20170629010146422927.jpg
07-06 01:19:43.429 D/Carousel-Utils(28696): onResourceReady.
07-06 01:19:43.439 D/Carousel-Utils(28696): displayImage view=android.widget.ImageView{315f7fa3 I.ED.... ........ 0,0-816,460 #7f0d0029 app:id/imageView1}
07-06 01:19:43.439 D/Carousel-Utils(28696): displayImage url=http://picture.edu.hismarttv.com/images/20170629010146422927.jpg
07-06 01:19:43.440 D/Carousel-Utils(28696): onResourceReady.
07-06 01:19:43.440 D/Carousel-CarouselDisplayPlayerLayout(28696): x=408, y=167,w=892,h=536, hashCode=64756254
07-06 01:19:43.440 D/Carousel-CarouselDisplayPlayerLayout(28696): mX=408, mY=167,mWitdh=892,mHeight=536, hashCode=64756254
07-06 01:19:43.440 D/Carousel-CarouselDisplayPlayerLayout(28696): changed=false, hashCode=64756254
07-06 01:19:43.440 D/Carousel-CarouselDisplayPlayerLayout(28696): extraTryCount=0
07-06 01:19:43.444 I/MyFragmentStateAdapter(28696): getCount
07-06 01:19:43.444 I/MyFragmentStateAdapter(28696): getCount
07-06 01:19:43.444 I/MyFragmentStateAdapter(28696): getCount
07-06 01:19:43.444 I/MyFragmentStateAdapter(28696): getCount
07-06 01:19:43.444 I/Carousel-UrlVideoView(28696): onMeasure(MeasureSpec: EXACTLY 816, MeasureSpec: EXACTLY 460)
07-06 01:19:43.444 D/Carousel-UrlVideoView(28696): widthSpecMode=1073741824
07-06 01:19:43.444 D/Carousel-UrlVideoView(28696): heightSpecMode=1073741824
07-06 01:19:43.444 D/Carousel-UrlVideoView(28696): widthSpecSize=816
07-06 01:19:43.444 D/Carousel-UrlVideoView(28696): heightSpecSize=460
07-06 01:19:43.444 I/Carousel-UrlVideoView(28696): onMeasure(MeasureSpec: EXACTLY 816, MeasureSpec: EXACTLY 460)
07-06 01:19:43.444 D/Carousel-UrlVideoView(28696): widthSpecMode=1073741824
07-06 01:19:43.444 D/Carousel-UrlVideoView(28696): heightSpecMode=1073741824
07-06 01:19:43.444 D/Carousel-UrlVideoView(28696): widthSpecSize=816
07-06 01:19:43.444 D/Carousel-UrlVideoView(28696): heightSpecSize=460
07-06 01:19:43.447 D/Surface ( 1733): onStatusChange() : mNativeObject = 547334892032 mUseImageHwRender = false
07-06 01:19:43.448 V/Surface ( 1733): nativeSetHardwareRender() : status = 0
07-06 01:19:43.448 V/Surface ( 1733): nativeSetHardwareRender() : end
07-06 01:19:43.450 D/PowerManagerService( 1733): releaseWakeLockInternal: lock=487931605 [WindowManager], flags=0x0
07-06 01:19:43.450 D/PowerManagerNotifier( 1733): onWakeLockReleased: flags=536870922, tag="WindowManager", packageName=android, ownerUid=1000, ownerPid=1733, workSource=WorkSource{10010}
07-06 01:19:43.450 D/PowerManagerService( 1733): userActivityNoUpdateLocked: eventTime=24025022, event=0, flags=0x1, uid=1000
07-06 01:19:43.450 D/PowerManagerService( 1733): setScreenBrightnessOverrideFromWindowManagerInternal done
07-06 01:19:43.452 D/Surface ( 1733): onStatusChange() : mNativeObject = 0 mUseImageHwRender = false
07-06 01:19:43.453 I/FirstLineAdapter(28696): canShowTrailer,isOffline=false
07-06 01:19:43.453 I/FirstLineAdapter(28696): canShowTrailer,isOffline=false
07-06 01:19:43.454 I/FirstLineAdapter(28696): canShowTrailer,isOffline=false
07-06 01:19:43.454 I/FirstLineAdapter(28696): canShowTrailer,isOffline=false
07-06 01:19:43.454 I/FirstLineAdapter(28696): canShowTrailer,isOffline=false
07-06 01:19:43.454 I/FirstLineAdapter(28696): canShowTrailer,isOffline=false
07-06 01:19:43.454 I/FirstLineAdapter(28696): canShowTrailer,isOffline=false
07-06 01:19:43.455 I/FirstLineAdapter(28696): canShowTrailer,isOffline=false
07-06 01:19:43.455 I/FirstLineAdapter(28696): canShowTrailer,isOffline=false
07-06 01:19:43.455 I/SurfaceView(28696): Changes: creating=false format=false size=false visible=false left=true top=false
07-06 01:19:43.456 I/SurfaceView(28696): Cur surface: Surface(name=null)/@0x9907f85
07-06 01:19:43.464 D/Surface ( 1733): onStatusChange() : mNativeObject = 547819129856 mUseImageHwRender = false
07-06 01:19:43.464 V/Surface ( 1733): nativeSetHardwareRender() : status = 0
07-06 01:19:43.464 V/Surface ( 1733): nativeSetHardwareRender() : end
07-06 01:19:43.467 D/PowerManagerService( 1733): setScreenBrightnessOverrideFromWindowManagerInternal done
07-06 01:19:43.475 D/Surface ( 1733): onStatusChange() : mNativeObject = 0 mUseImageHwRender = false
07-06 01:19:43.476 D/Surface (28696): onStatusChange() : mNativeObject = -536056832 mUseImageHwRender = false
07-06 01:19:43.476 V/Surface (28696): nativeSetHardwareRender() : status = 0
07-06 01:19:43.476 V/Surface (28696): nativeSetHardwareRender() : end
07-06 01:19:43.476 I/SurfaceView(28696): New surface: Surface(name=null)/@0x3f3f01da, vis=true, frame=Rect(446, 205 - 1262, 665)
07-06 01:19:43.476 D/Surface (28696): onStatusChange() : mNativeObject = 0 mUseImageHwRender = false
07-06 01:19:43.476 D/Surface (28696): onStatusChange() : mNativeObject = -536056832 mUseImageHwRender = false
07-06 01:19:43.476 V/Surface (28696): nativeSetHardwareRender() : status = 0
07-06 01:19:43.476 V/Surface (28696): nativeSetHardwareRender() : end
07-06 01:19:43.477 V/SurfaceView(28696): Layout: x=446 y=205 w=816 h=460, frame=Rect(0, 0 - 816, 460)
07-06 01:19:43.480 I/MainHomeView(28696): onPanelSlide0.07633588---left162
07-06 01:19:43.480 I/CurrentCarouselView(28696): onCarouseControlCarouselControlBean{mShoudScroll=true, mActivityHasResume=false, mActivityHasStop=false, mHasTurnGone=false, mHasTurnVisible=false, mChannelId=-1, mSlideOffset=0.07633588, mShouldSelectCenter=false, mTabOpen=false, mHoriPosStatus=None, mVerPosStatus=None, mLevelStatus=None},isPlayingtrue,channelId=0
07-06 01:19:43.480 I/CurrentCarouselView(28696): is not the current page
07-06 01:19:43.480 I/CurrentCarouselView(28696): do scroll
07-06 01:19:43.480 D/Carousel-CarouselView(28696): smoothScroll.
07-06 01:19:43.480 D/Carousel-CarouselDisplayPlayerLayout(28696): isFullScreen:false
07-06 01:19:43.480 D/TabView (28696): onReceiveSlidingOffset ===>:0.07633588
07-06 01:19:43.482 I/MyFragmentStateAdapter(28696): getCount
07-06 01:19:43.496 D/Carousel-CarouselDisplayPlayerLayout(28696): x=390, y=167,w=892,h=536, hashCode=64756254
07-06 01:19:43.496 D/Carousel-CarouselDisplayPlayerLayout(28696): mX=408, mY=167,mWitdh=892,mHeight=536, hashCode=64756254
07-06 01:19:43.497 D/Carousel-CarouselDisplayPlayerLayout(28696): changed=true, hashCode=64756254
07-06 01:19:43.500 D/Carousel-Utils(28696): x=390,y=167, width=892,height=536
07-06 01:19:43.509 E/hwcomposer( 1204): Overlay 0 size changeed src {1920 1080} -> {1920, 1080} crop{0.000000 0.000000 1920.000000 1080.000000}->{0.000000 0.000000 1920.000000 1080.000000} dst{549 205 1365 665}->{446 205 1262 665}
07-06 01:19:43.545 D/Carousel-CarouselDisplayPlayerLayout(28696): x=390, y=167,w=892,h=536, hashCode=64756254
07-06 01:19:43.545 D/Carousel-CarouselDisplayPlayerLayout(28696): mX=390, mY=167,mWitdh=892,mHeight=536, hashCode=64756254
07-06 01:19:43.545 D/Carousel-CarouselDisplayPlayerLayout(28696): changed=false, hashCode=64756254
07-06 01:19:43.545 D/Carousel-CarouselDisplayPlayerLayout(28696): extraTryCount=0
07-06 01:19:43.545 D/Carousel-CarouselDisplayPlayerLayout(28696): x=390, y=167,w=892,h=536, hashCode=64756254
07-06 01:19:43.545 D/Carousel-CarouselDisplayPlayerLayout(28696): mX=390, mY=167,mWitdh=892,mHeight=536, hashCode=64756254
07-06 01:19:43.545 D/Carousel-CarouselDisplayPlayerLayout(28696): changed=false, hashCode=64756254
07-06 01:19:43.545 D/Carousel-CarouselDisplayPlayerLayout(28696): extraTryCount=1
07-06 01:19:43.546 I/Carousel-UrlVideoView(28696): onMeasure(MeasureSpec: EXACTLY 816, MeasureSpec: EXACTLY 460)
07-06 01:19:43.546 D/Carousel-UrlVideoView(28696): widthSpecMode=1073741824
07-06 01:19:43.546 D/Carousel-UrlVideoView(28696): heightSpecMode=1073741824
07-06 01:19:43.546 D/Carousel-UrlVideoView(28696): widthSpecSize=816
07-06 01:19:43.546 D/Carousel-UrlVideoView(28696): heightSpecSize=460
07-06 01:19:43.546 I/Carousel-UrlVideoView(28696): onMeasure(MeasureSpec: EXACTLY 816, MeasureSpec: EXACTLY 460)
07-06 01:19:43.546 D/Carousel-UrlVideoView(28696): widthSpecMode=1073741824
07-06 01:19:43.546 D/Carousel-UrlVideoView(28696): heightSpecMode=1073741824
07-06 01:19:43.546 D/Carousel-UrlVideoView(28696): widthSpecSize=816
07-06 01:19:43.546 D/Carousel-UrlVideoView(28696): heightSpecSize=460
07-06 01:19:43.546 I/SurfaceView(28696): Changes: creating=false format=false size=false visible=false left=true top=false
07-06 01:19:43.546 I/SurfaceView(28696): Cur surface: Surface(name=null)/@0x9907f85
07-06 01:19:43.548 D/Surface ( 1733): onStatusChange() : mNativeObject = 547819129856 mUseImageHwRender = false
07-06 01:19:43.548 V/Surface ( 1733): nativeSetHardwareRender() : status = 0
07-06 01:19:43.548 V/Surface ( 1733): nativeSetHardwareRender() : end
07-06 01:19:43.549 D/PowerManagerService( 1733): setScreenBrightnessOverrideFromWindowManagerInternal done
07-06 01:19:43.551 D/Surface ( 1733): onStatusChange() : mNativeObject = 0 mUseImageHwRender = false
07-06 01:19:43.552 D/Surface (28696): onStatusChange() : mNativeObject = -195827200 mUseImageHwRender = false
07-06 01:19:43.552 V/Surface (28696): nativeSetHardwareRender() : status = 0
07-06 01:19:43.552 V/Surface (28696): nativeSetHardwareRender() : end
07-06 01:19:43.552 I/SurfaceView(28696): New surface: Surface(name=null)/@0x3f3f01da, vis=true, frame=Rect(428, 205 - 1244, 665)
07-06 01:19:43.552 D/Surface (28696): onStatusChange() : mNativeObject = 0 mUseImageHwRender = false
07-06 01:19:43.552 D/Surface (28696): onStatusChange() : mNativeObject = -195827200 mUseImageHwRender = false
07-06 01:19:43.552 V/Surface (28696): nativeSetHardwareRender() : status = 0
07-06 01:19:43.552 V/Surface (28696): nativeSetHardwareRender() : end
07-06 01:19:43.553 V/SurfaceView(28696): Layout: x=428 y=205 w=816 h=460, frame=Rect(0, 0 - 816, 460)
07-06 01:19:43.557 I/MainHomeView(28696): onPanelSlide0.015267176---left154
07-06 01:19:43.557 I/CurrentCarouselView(28696): onCarouseControlCarouselControlBean{mShoudScroll=true, mActivityHasResume=false, mActivityHasStop=false, mHasTurnGone=false, mHasTurnVisible=false, mChannelId=-1, mSlideOffset=0.015267176, mShouldSelectCenter=false, mTabOpen=false, mHoriPosStatus=None, mVerPosStatus=None, mLevelStatus=None},isPlayingtrue,channelId=0
07-06 01:19:43.557 I/CurrentCarouselView(28696): is not the current page
07-06 01:19:43.557 I/CurrentCarouselView(28696): do scroll
07-06 01:19:43.557 D/Carousel-CarouselView(28696): smoothScroll.
07-06 01:19:43.557 D/Carousel-CarouselDisplayPlayerLayout(28696): isFullScreen:false
07-06 01:19:43.557 D/TabView (28696): onReceiveSlidingOffset ===>:0.015267176
07-06 01:19:43.560 D/Carousel-CarouselDisplayPlayerLayout(28696): x=382, y=167,w=892,h=536, hashCode=64756254
07-06 01:19:43.560 D/Carousel-CarouselDisplayPlayerLayout(28696): mX=390, mY=167,mWitdh=892,mHeight=536, hashCode=64756254
07-06 01:19:43.560 D/Carousel-CarouselDisplayPlayerLayout(28696): changed=true, hashCode=64756254
07-06 01:19:43.560 D/Carousel-Utils(28696): x=382,y=167, width=892,height=536
07-06 01:19:43.561 D/Carousel-CarouselDisplayPlayerLayout(28696): x=382, y=167,w=892,h=536, hashCode=64756254
07-06 01:19:43.561 D/Carousel-CarouselDisplayPlayerLayout(28696): mX=382, mY=167,mWitdh=892,mHeight=536, hashCode=64756254
07-06 01:19:43.561 D/Carousel-CarouselDisplayPlayerLayout(28696): changed=false, hashCode=64756254
07-06 01:19:43.561 D/Carousel-CarouselDisplayPlayerLayout(28696): extraTryCount=0
07-06 01:19:43.569 D/Carousel-CarouselDisplayPlayerLayout(28696): x=382, y=167,w=892,h=536, hashCode=64756254
07-06 01:19:43.569 D/Carousel-CarouselDisplayPlayerLayout(28696): mX=382, mY=167,mWitdh=892,mHeight=536, hashCode=64756254
07-06 01:19:43.569 D/Carousel-CarouselDisplayPlayerLayout(28696): changed=false, hashCode=64756254
07-06 01:19:43.569 D/Carousel-CarouselDisplayPlayerLayout(28696): extraTryCount=1
07-06 01:19:43.569 D/Carousel-CarouselDisplayPlayerLayout(28696): x=382, y=167,w=892,h=536, hashCode=64756254
07-06 01:19:43.569 D/Carousel-CarouselDisplayPlayerLayout(28696): mX=382, mY=167,mWitdh=892,mHeight=536, hashCode=64756254
07-06 01:19:43.569 D/Carousel-CarouselDisplayPlayerLayout(28696): changed=false, hashCode=64756254
07-06 01:19:43.569 D/Carousel-CarouselDisplayPlayerLayout(28696): extraTryCount=2
07-06 01:19:43.570 I/Carousel-UrlVideoView(28696): onMeasure(MeasureSpec: EXACTLY 816, MeasureSpec: EXACTLY 460)
07-06 01:19:43.571 D/Carousel-UrlVideoView(28696): widthSpecMode=1073741824
07-06 01:19:43.571 D/Carousel-UrlVideoView(28696): heightSpecMode=1073741824
07-06 01:19:43.571 D/Carousel-UrlVideoView(28696): widthSpecSize=816
07-06 01:19:43.571 D/Carousel-UrlVideoView(28696): heightSpecSize=460
07-06 01:19:43.571 I/Carousel-UrlVideoView(28696): onMeasure(MeasureSpec: EXACTLY 816, MeasureSpec: EXACTLY 460)
07-06 01:19:43.571 D/Carousel-UrlVideoView(28696): widthSpecMode=1073741824
07-06 01:19:43.571 D/Carousel-UrlVideoView(28696): heightSpecMode=1073741824
07-06 01:19:43.571 D/Carousel-UrlVideoView(28696): widthSpecSize=816
07-06 01:19:43.571 D/Carousel-UrlVideoView(28696): heightSpecSize=460
07-06 01:19:43.574 E/hwcomposer( 1204): Overlay 0 size changeed src {1920 1080} -> {1920, 1080} crop{0.000000 0.000000 1920.000000 1080.000000}->{0.000000 0.000000 1920.000000 1080.000000} dst{446 205 1262 665}->{428 205 1244 665}
07-06 01:19:43.576 I/SurfaceView(28696): Changes: creating=false format=false size=false visible=false left=true top=false
07-06 01:19:43.576 I/SurfaceView(28696): Cur surface: Surface(name=null)/@0x9907f85
07-06 01:19:43.577 D/Surface ( 1733): onStatusChange() : mNativeObject = 547819129856 mUseImageHwRender = false
07-06 01:19:43.577 V/Surface ( 1733): nativeSetHardwareRender() : status = 0
07-06 01:19:43.577 V/Surface ( 1733): nativeSetHardwareRender() : end
07-06 01:19:43.579 D/PowerManagerService( 1733): setScreenBrightnessOverrideFromWindowManagerInternal done
07-06 01:19:43.586 D/Surface ( 1733): onStatusChange() : mNativeObject = 0 mUseImageHwRender = false
07-06 01:19:43.587 D/Surface (28696): onStatusChange() : mNativeObject = -536056832 mUseImageHwRender = false
07-06 01:19:43.589 V/Surface (28696): nativeSetHardwareRender() : status = 0
07-06 01:19:43.589 V/Surface (28696): nativeSetHardwareRender() : end
07-06 01:19:43.589 I/SurfaceView(28696): New surface: Surface(name=null)/@0x3f3f01da, vis=true, frame=Rect(420, 205 - 1236, 665)
07-06 01:19:43.589 D/Surface (28696): onStatusChange() : mNativeObject = 0 mUseImageHwRender = false
07-06 01:19:43.589 D/Surface (28696): onStatusChange() : mNativeObject = -536056832 mUseImageHwRender = false
07-06 01:19:43.589 V/Surface (28696): nativeSetHardwareRender() : status = 0
07-06 01:19:43.589 V/Surface (28696): nativeSetHardwareRender() : end
07-06 01:19:43.590 V/SurfaceView(28696): Layout: x=420 y=205 w=816 h=460, frame=Rect(0, 0 - 816, 460)
07-06 01:19:43.592 I/MainHomeView(28696): onPanelSlide0.007633588---left153
07-06 01:19:43.592 I/CurrentCarouselView(28696): onCarouseControlCarouselControlBean{mShoudScroll=true, mActivityHasResume=false, mActivityHasStop=false, mHasTurnGone=false, mHasTurnVisible=false, mChannelId=-1, mSlideOffset=0.007633588, mShouldSelectCenter=false, mTabOpen=false, mHoriPosStatus=None, mVerPosStatus=None, mLevelStatus=None},isPlayingtrue,channelId=0
07-06 01:19:43.592 I/CurrentCarouselView(28696): is not the current page
07-06 01:19:43.592 I/CurrentCarouselView(28696): do scroll
07-06 01:19:43.592 D/Carousel-CarouselView(28696): smoothScroll.
07-06 01:19:43.592 D/Carousel-CarouselDisplayPlayerLayout(28696): isFullScreen:false
07-06 01:19:43.592 D/TabView (28696): onReceiveSlidingOffset ===>:0.007633588
07-06 01:19:43.598 D/Carousel-CarouselDisplayPlayerLayout(28696): x=381, y=167,w=892,h=536, hashCode=64756254
07-06 01:19:43.598 D/Carousel-CarouselDisplayPlayerLayout(28696): mX=382, mY=167,mWitdh=892,mHeight=536, hashCode=64756254
07-06 01:19:43.598 D/Carousel-CarouselDisplayPlayerLayout(28696): changed=true, hashCode=64756254
07-06 01:19:43.598 D/Carousel-Utils(28696): x=381,y=167, width=892,height=536
07-06 01:19:43.598 D/Carousel-CarouselDisplayPlayerLayout(28696): x=381, y=167,w=892,h=536, hashCode=64756254
07-06 01:19:43.598 D/Carousel-CarouselDisplayPlayerLayout(28696): mX=381, mY=167,mWitdh=892,mHeight=536, hashCode=64756254
07-06 01:19:43.598 D/Carousel-CarouselDisplayPlayerLayout(28696): changed=false, hashCode=64756254
07-06 01:19:43.599 D/Carousel-CarouselDisplayPlayerLayout(28696): extraTryCount=0
07-06 01:19:43.599 D/Carousel-CarouselDisplayPlayerLayout(28696): x=381, y=167,w=892,h=536, hashCode=64756254
07-06 01:19:43.599 D/Carousel-CarouselDisplayPlayerLayout(28696): mX=381, mY=167,mWitdh=892,mHeight=536, hashCode=64756254
07-06 01:19:43.599 D/Carousel-CarouselDisplayPlayerLayout(28696): changed=false, hashCode=64756254
07-06 01:19:43.599 D/Carousel-CarouselDisplayPlayerLayout(28696): extraTryCount=1
07-06 01:19:43.599 D/Carousel-CarouselDisplayPlayerLayout(28696): x=381, y=167,w=892,h=536, hashCode=64756254
07-06 01:19:43.599 D/Carousel-CarouselDisplayPlayerLayout(28696): mX=381, mY=167,mWitdh=892,mHeight=536, hashCode=64756254
07-06 01:19:43.599 D/Carousel-CarouselDisplayPlayerLayout(28696): changed=false, hashCode=64756254
07-06 01:19:43.599 D/Carousel-CarouselDisplayPlayerLayout(28696): extraTryCount=2
07-06 01:19:43.599 D/Carousel-CarouselDisplayPlayerLayout(28696): x=381, y=167,w=892,h=536, hashCode=64756254
07-06 01:19:43.599 D/Carousel-CarouselDisplayPlayerLayout(28696): mX=381, mY=167,mWitdh=892,mHeight=536, hashCode=64756254
07-06 01:19:43.599 D/Carousel-CarouselDisplayPlayerLayout(28696): changed=false, hashCode=64756254
07-06 01:19:43.599 D/Carousel-CarouselDisplayPlayerLayout(28696): extraTryCount=3
07-06 01:19:43.605 E/hwcomposer( 1204): Overlay 0 size changeed src {1920 1080} -> {1920, 1080} crop{0.000000 0.000000 1920.000000 1080.000000}->{0.000000 0.000000 1920.000000 1080.000000} dst{428 205 1244 665}->{420 205 1236 665}
07-06 01:19:43.606 I/Carousel-UrlVideoView(28696): onMeasure(MeasureSpec: EXACTLY 816, MeasureSpec: EXACTLY 460)
07-06 01:19:43.606 D/Carousel-UrlVideoView(28696): widthSpecMode=1073741824
07-06 01:19:43.606 D/Carousel-UrlVideoView(28696): heightSpecMode=1073741824
07-06 01:19:43.606 D/Carousel-UrlVideoView(28696): widthSpecSize=816
07-06 01:19:43.606 D/Carousel-UrlVideoView(28696): heightSpecSize=460
07-06 01:19:43.606 I/Carousel-UrlVideoView(28696): onMeasure(MeasureSpec: EXACTLY 816, MeasureSpec: EXACTLY 460)
07-06 01:19:43.606 D/Carousel-UrlVideoView(28696): widthSpecMode=1073741824
07-06 01:19:43.606 D/Carousel-UrlVideoView(28696): heightSpecMode=1073741824
07-06 01:19:43.606 D/Carousel-UrlVideoView(28696): widthSpecSize=816
07-06 01:19:43.606 D/Carousel-UrlVideoView(28696): heightSpecSize=460
07-06 01:19:43.606 I/SurfaceView(28696): Changes: creating=false format=false size=false visible=false left=true top=false
07-06 01:19:43.606 I/SurfaceView(28696): Cur surface: Surface(name=null)/@0x9907f85
07-06 01:19:43.609 D/Surface ( 1733): onStatusChange() : mNativeObject = 547819129856 mUseImageHwRender = false
07-06 01:19:43.609 V/Surface ( 1733): nativeSetHardwareRender() : status = 0
07-06 01:19:43.609 V/Surface ( 1733): nativeSetHardwareRender() : end
07-06 01:19:43.613 D/PowerManagerService( 1733): setScreenBrightnessOverrideFromWindowManagerInternal done
07-06 01:19:43.616 D/Surface ( 1733): onStatusChange() : mNativeObject = 0 mUseImageHwRender = false
07-06 01:19:43.617 D/Surface (28696): onStatusChange() : mNativeObject = -195827200 mUseImageHwRender = false
07-06 01:19:43.617 V/Surface (28696): nativeSetHardwareRender() : status = 0
07-06 01:19:43.617 V/Surface (28696): nativeSetHardwareRender() : end
07-06 01:19:43.617 I/SurfaceView(28696): New surface: Surface(name=null)/@0x3f3f01da, vis=true, frame=Rect(419, 205 - 1235, 665)
07-06 01:19:43.617 D/Surface (28696): onStatusChange() : mNativeObject = 0 mUseImageHwRender = false
07-06 01:19:43.617 D/Surface (28696): onStatusChange() : mNativeObject = -195827200 mUseImageHwRender = false
07-06 01:19:43.617 V/Surface (28696): nativeSetHardwareRender() : status = 0
07-06 01:19:43.617 V/Surface (28696): nativeSetHardwareRender() : end
07-06 01:19:43.618 V/SurfaceView(28696): Layout: x=419 y=205 w=816 h=460, frame=Rect(0, 0 - 816, 460)
07-06 01:19:43.623 I/MainHomeView(28696): onPanelSlide0.0---left152
07-06 01:19:43.623 I/CurrentCarouselView(28696): onCarouseControlCarouselControlBean{mShoudScroll=true, mActivityHasResume=false, mActivityHasStop=false, mHasTurnGone=false, mHasTurnVisible=false, mChannelId=-1, mSlideOffset=0.0, mShouldSelectCenter=false, mTabOpen=false, mHoriPosStatus=None, mVerPosStatus=None, mLevelStatus=None},isPlayingtrue,channelId=0
07-06 01:19:43.623 I/CurrentCarouselView(28696): is not the current page
07-06 01:19:43.623 I/CurrentCarouselView(28696): do scroll
07-06 01:19:43.623 D/Carousel-CarouselView(28696): smoothScroll.
07-06 01:19:43.623 D/Carousel-CarouselDisplayPlayerLayout(28696): isFullScreen:false
07-06 01:19:43.623 D/TabView (28696): onReceiveSlidingOffset ===>:0.0
07-06 01:19:43.632 D/Carousel-CarouselDisplayPlayerLayout(28696): x=380, y=167,w=892,h=536, hashCode=64756254
07-06 01:19:43.632 D/Carousel-CarouselDisplayPlayerLayout(28696): mX=381, mY=167,mWitdh=892,mHeight=536, hashCode=64756254
07-06 01:19:43.632 D/Carousel-CarouselDisplayPlayerLayout(28696): changed=true, hashCode=64756254
07-06 01:19:43.633 D/Carousel-Utils(28696): x=380,y=167, width=892,height=536
07-06 01:19:43.633 D/Carousel-CarouselDisplayPlayerLayout(28696): x=380, y=167,w=892,h=536, hashCode=64756254
07-06 01:19:43.633 D/Carousel-CarouselDisplayPlayerLayout(28696): mX=380, mY=167,mWitdh=892,mHeight=536, hashCode=64756254
07-06 01:19:43.633 D/Carousel-CarouselDisplayPlayerLayout(28696): changed=false, hashCode=64756254
07-06 01:19:43.633 D/Carousel-CarouselDisplayPlayerLayout(28696): extraTryCount=0
07-06 01:19:43.633 D/Carousel-CarouselDisplayPlayerLayout(28696): x=380, y=167,w=892,h=536, hashCode=64756254
07-06 01:19:43.633 D/Carousel-CarouselDisplayPlayerLayout(28696): mX=380, mY=167,mWitdh=892,mHeight=536, hashCode=64756254
07-06 01:19:43.633 D/Carousel-CarouselDisplayPlayerLayout(28696): changed=false, hashCode=64756254
07-06 01:19:43.633 D/Carousel-CarouselDisplayPlayerLayout(28696): extraTryCount=1
07-06 01:19:43.634 D/Carousel-CarouselDisplayPlayerLayout(28696): x=380, y=167,w=892,h=536, hashCode=64756254
07-06 01:19:43.634 D/Carousel-CarouselDisplayPlayerLayout(28696): mX=380, mY=167,mWitdh=892,mHeight=536, hashCode=64756254
07-06 01:19:43.634 D/Carousel-CarouselDisplayPlayerLayout(28696): changed=false, hashCode=64756254
07-06 01:19:43.634 D/Carousel-CarouselDisplayPlayerLayout(28696): extraTryCount=2
07-06 01:19:43.634 D/Carousel-CarouselDisplayPlayerLayout(28696): x=380, y=167,w=892,h=536, hashCode=64756254
07-06 01:19:43.634 D/Carousel-CarouselDisplayPlayerLayout(28696): mX=380, mY=167,mWitdh=892,mHeight=536, hashCode=64756254
07-06 01:19:43.634 D/Carousel-CarouselDisplayPlayerLayout(28696): changed=false, hashCode=64756254
07-06 01:19:43.634 D/Carousel-CarouselDisplayPlayerLayout(28696): extraTryCount=3
07-06 01:19:43.634 D/Carousel-CarouselDisplayPlayerLayout(28696): x=380, y=167,w=892,h=536, hashCode=64756254
07-06 01:19:43.634 D/Carousel-CarouselDisplayPlayerLayout(28696): mX=380, mY=167,mWitdh=892,mHeight=536, hashCode=64756254
07-06 01:19:43.634 D/Carousel-CarouselDisplayPlayerLayout(28696): changed=false, hashCode=64756254
07-06 01:19:43.634 D/Carousel-CarouselDisplayPlayerLayout(28696): extraTryCount=4
07-06 01:19:43.638 E/hwcomposer( 1204): Overlay 0 size changeed src {1920 1080} -> {1920, 1080} crop{0.000000 0.000000 1920.000000 1080.000000}->{0.000000 0.000000 1920.000000 1080.000000} dst{420 205 1236 665}->{419 205 1235 665}
07-06 01:19:43.639 I/TVMW@HsTvSetting( 1234): Trace cmd, data = 0x1058
07-06 01:19:43.640 I/Carousel-UrlVideoView(28696): onMeasure(MeasureSpec: EXACTLY 816, MeasureSpec: EXACTLY 460)
07-06 01:19:43.640 D/Carousel-UrlVideoView(28696): widthSpecMode=1073741824
07-06 01:19:43.640 D/Carousel-UrlVideoView(28696): heightSpecMode=1073741824
07-06 01:19:43.640 D/Carousel-UrlVideoView(28696): widthSpecSize=816
07-06 01:19:43.640 D/Carousel-UrlVideoView(28696): heightSpecSize=460
07-06 01:19:43.640 I/Carousel-UrlVideoView(28696): onMeasure(MeasureSpec: EXACTLY 816, MeasureSpec: EXACTLY 460)
07-06 01:19:43.640 D/Carousel-UrlVideoView(28696): widthSpecMode=1073741824
07-06 01:19:43.640 D/Carousel-UrlVideoView(28696): heightSpecMode=1073741824
07-06 01:19:43.640 D/Carousel-UrlVideoView(28696): widthSpecSize=816
07-06 01:19:43.640 D/Carousel-UrlVideoView(28696): heightSpecSize=460
07-06 01:19:43.641 D/til@system( 2026): til_get_system_param option:100002F int:0, bool:0, ret:0
07-06 01:19:43.641 I/SurfaceView(28696): Changes: creating=false format=false size=false visible=false left=true top=false
07-06 01:19:43.641 I/SurfaceView(28696): Cur surface: Surface(name=null)/@0x9907f85
07-06 01:19:43.642 D/Surface ( 1733): onStatusChange() : mNativeObject = 547819129856 mUseImageHwRender = false
07-06 01:19:43.643 V/Surface ( 1733): nativeSetHardwareRender() : status = 0
07-06 01:19:43.643 V/Surface ( 1733): nativeSetHardwareRender() : end
07-06 01:19:43.643 I/TVMW@HsTvSetting( 1234): Trace cmd, data = 0x101f
07-06 01:19:43.644 D/til@system( 2026): til_get_system_param option:100001D int:3, bool:3, ret:0
07-06 01:19:43.645 D/PowerManagerService( 1733): setScreenBrightnessOverrideFromWindowManagerInternal done
07-06 01:19:43.645 E/til     ( 2026): [til_get_current_input_source, 101] 
07-06 01:19:43.646 I/TVMW@HsTvSetting( 1234): Trace cmd, data = 0x7007
07-06 01:19:43.647 I/tilwrapper@sm( 2026): HS2TIL_SourceType *hs=0xd, *til=0x900
07-06 01:19:43.647 D/til     ( 2026): get current source 2304
07-06 01:19:43.647 D/SourceRemoteServiceHandler( 2026): getCurrentInputSource.from.til.result is 0, value is 2304
07-06 01:19:43.647 D/SourceRemoteServiceHandler( 2026): getInputSourceType source: 0x900, type=2304
07-06 01:19:43.647 D/til     ( 2026): ###### func:til_get_picture_param option:0x3000006 ######  
07-06 01:19:43.647 I/TVMW@HsTvSetting( 1234): Trace cmd, data = 0x1003
07-06 01:19:43.648 D/Surface ( 1733): onStatusChange() : mNativeObject = 0 mUseImageHwRender = false
07-06 01:19:43.648 D/Surface (28696): onStatusChange() : mNativeObject = -536056832 mUseImageHwRender = false
07-06 01:19:43.648 V/Surface (28696): nativeSetHardwareRender() : status = 0
07-06 01:19:43.648 V/Surface (28696): nativeSetHardwareRender() : end
07-06 01:19:43.649 I/SurfaceView(28696): New surface: Surface(name=null)/@0x3f3f01da, vis=true, frame=Rect(418, 205 - 1234, 665)
07-06 01:19:43.649 D/Surface (28696): onStatusChange() : mNativeObject = 0 mUseImageHwRender = false
07-06 01:19:43.649 D/Surface (28696): onStatusChange() : mNativeObject = -536056832 mUseImageHwRender = false
07-06 01:19:43.649 V/Surface (28696): nativeSetHardwareRender() : status = 0
07-06 01:19:43.649 V/Surface (28696): nativeSetHardwareRender() : end
07-06 01:19:43.650 V/SurfaceView(28696): Layout: x=418 y=205 w=816 h=460, frame=Rect(0, 0 - 816, 460)
07-06 01:19:43.653 I/TVMW@HsTvSetting( 1234): Trace cmd, data = 0x8032
07-06 01:19:43.654 I/hstvos  ( 1216): [0m[1;33m[HSHAL][HS_VIDEO][HS_HAL_Video_SetOsdDetect_v2][2389]u16Threshold = 20
07-06 01:19:43.655 E/TVMW@videoctrl( 1234):  getOsd is 1
07-06 01:19:43.655 D/til@system( 2026): til_get_system_param option:1000027 int:1, bool:1, ret:0
07-06 01:19:43.655 D/til     ( 2026): ###### func:til_get_picture_param option:0x3000045 ######  
07-06 01:19:43.655 I/TVMW@HsTvSetting( 1234): Trace cmd, data = 0x300c
07-06 01:19:43.655 I/TVMW@HsTvSetting( 1234): Trace 3d, data = 0x300c
07-06 01:19:43.655 I/TVMW@3d ( 1234): Hs_debug3d_trace: func:get3dStatus, line:109
07-06 01:19:43.662 D/Carousel-CarouselDisplayPlayerLayout(28696): x=380, y=167,w=892,h=536, hashCode=64756254
07-06 01:19:43.662 D/Carousel-CarouselDisplayPlayerLayout(28696): mX=380, mY=167,mWitdh=892,mHeight=536, hashCode=64756254
07-06 01:19:43.662 D/Carousel-CarouselDisplayPlayerLayout(28696): changed=false, hashCode=64756254
07-06 01:19:43.663 D/Carousel-CarouselDisplayPlayerLayout(28696): extraTryCount=5
07-06 01:19:43.663 I/MainHomeView(28696): onPanelClosed---left152
07-06 01:19:43.674 E/hwcomposer( 1204): Overlay 0 size changeed src {1920 1080} -> {1920, 1080} crop{0.000000 0.000000 1920.000000 1080.000000}->{0.000000 0.000000 1920.000000 1080.000000} dst{419 205 1235 665}->{418 205 1234 665}
07-06 01:19:43.686 D/Carousel-CarouselDisplayPlayerLayout(28696): x=380, y=167,w=892,h=536, hashCode=64756254
07-06 01:19:43.686 D/Carousel-CarouselDisplayPlayerLayout(28696): mX=380, mY=167,mWitdh=892,mHeight=536, hashCode=64756254
07-06 01:19:43.686 D/Carousel-CarouselDisplayPlayerLayout(28696): changed=false, hashCode=64756254
07-06 01:19:43.686 D/Carousel-CarouselDisplayPlayerLayout(28696): extraTryCount=6
07-06 01:19:43.686 D/Carousel-CarouselDisplayPlayerLayout(28696): x=380, y=167,w=892,h=536, hashCode=64756254
07-06 01:19:43.686 D/Carousel-CarouselDisplayPlayerLayout(28696): mX=380, mY=167,mWitdh=892,mHeight=536, hashCode=64756254
07-06 01:19:43.686 D/Carousel-CarouselDisplayPlayerLayout(28696): changed=false, hashCode=64756254
07-06 01:19:43.687 D/Carousel-CarouselDisplayPlayerLayout(28696): extraTryCount=7
07-06 01:19:43.687 D/Carousel-CarouselDisplayPlayerLayout(28696): x=380, y=167,w=892,h=536, hashCode=64756254
07-06 01:19:43.687 D/Carousel-CarouselDisplayPlayerLayout(28696): mX=380, mY=167,mWitdh=892,mHeight=536, hashCode=64756254
07-06 01:19:43.687 D/Carousel-CarouselDisplayPlayerLayout(28696): changed=false, hashCode=64756254
07-06 01:19:43.687 D/Carousel-CarouselDisplayPlayerLayout(28696): extraTryCount=8
07-06 01:19:43.687 D/Carousel-CarouselDisplayPlayerLayout(28696): x=380, y=167,w=892,h=536, hashCode=64756254
