07-05 22:21:00.012 D/PowerManagerNotifier( 1733): onWakeLockReleased: flags=1073741825, tag="*alarm*", packageName=android, ownerUid=1000, ownerPid=1733, workSource=WorkSource{1000}
07-05 22:21:00.015 I/MyFragmentStateAdapter(26786): getCount
07-05 22:21:00.045 D/PowerManagerService( 1733): acquireWakeLockInternal: lock=113832109, flags=0x1, tag="NetworkStats", ws=null, uid=1000, pid=1733
07-05 22:21:00.045 D/PowerManagerNotifier( 1733): onWakeLockAcquired: flags=1, tag="NetworkStats", packageName=android, ownerUid=1000, ownerPid=1733, workSource=null
07-05 22:21:00.045 D/NtpTrustedTime( 1733): currentTimeMillis() cache hit
07-05 22:21:00.050 I/MyFragmentStateAdapter(26786): getCount
07-05 22:21:00.052 D/NtpTrustedTime( 1733): currentTimeMillis() cache hit
07-05 22:21:00.053 D/PowerManagerService( 1733): releaseWakeLockInternal: lock=113832109 [NetworkStats], flags=0x0
07-05 22:21:00.053 D/PowerManagerNotifier( 1733): onWakeLockReleased: flags=1, tag="NetworkStats", packageName=android, ownerUid=1000, ownerPid=1733, workSource=null
07-05 22:21:00.053 D/NtpTrustedTime( 1733): currentTimeMillis() cache hit
07-05 22:21:00.053 D/NtpTrustedTime( 1733): currentTimeMillis() cache hit
07-05 22:21:00.059 D/GlobalInputEventMonitoringService( 1733): interceptKeyBeforeQueueing(), event:22, mNeedMonitorKeyEvent:true, mWaitForKeyUpEvent:false
07-05 22:21:00.059 D/GlobalInputEventMonitoringService( 1733): processKeyEvent(), processKeyEvent event:22
07-05 22:21:00.059 D/WindowManager( 1733): interceptKeyTq keycode=22 interactive=true keyguardActive=false policyFlags=2b000000 isCancled= false
07-05 22:21:00.060 D/PowerManagerService( 1733): userActivityNoUpdateLocked: eventTime=13301623, event=1, flags=0x0, uid=1000
07-05 22:21:00.060 D/WindowManager( 1733): interceptKeyTi keyCode=22 down=true repeatCount=0 keyguardOn=false mHomePressed=false canceled=false
07-05 22:21:00.060 D/WindowManager( 1733): Hisense systemkey event: 22
07-05 22:21:00.060 D/HisenseGlobalKeyManager( 1733): handleGlobalKey() : Global event = KeyEvent { action=ACTION_DOWN, keyCode=KEYCODE_DPAD_RIGHT, scanCode=0, metaState=0, flags=0x0, repeatCount=0, eventTime=13301623, downTime=13301623, deviceId=-1, source=0x101 }
07-05 22:21:00.069 I/MiSysSrv( 1214): [37m[INFO] Change to Voltage: 102 mv (0x23)[m
07-05 22:21:00.091 D/DtvSourcePlugin-DVBC(15961): Setting the EPG Updater state to: WAIT
07-05 22:21:00.103 I/TVMW@HsTvSetting( 1234): Trace cmd, data = 0x1058
07-05 22:21:00.104 I/MyFragmentStateAdapter(26786): getCount
07-05 22:21:00.105 D/til@system( 2026): til_get_system_param option:100002F int:0, bool:0, ret:0
07-05 22:21:00.105 I/TVMW@HsTvSetting( 1234): Trace cmd, data = 0x101f
07-05 22:21:00.105 D/til@system( 2026): til_get_system_param option:100001D int:3, bool:3, ret:0
07-05 22:21:00.106 E/til     ( 2026): [til_get_current_input_source, 101] 
07-05 22:21:00.106 I/TVMW@HsTvSetting( 1234): Trace cmd, data = 0x7007
07-05 22:21:00.106 I/tilwrapper@sm( 2026): HS2TIL_SourceType *hs=0xd, *til=0x900
07-05 22:21:00.106 D/til     ( 2026): get current source 2304
07-05 22:21:00.106 D/SourceRemoteServiceHandler( 2026): getCurrentInputSource.from.til.result is 0, value is 2304
07-05 22:21:00.106 D/SourceRemoteServiceHandler( 2026): getInputSourceType source: 0x900, type=2304
07-05 22:21:00.106 D/til     ( 2026): ###### func:til_get_picture_param option:0x3000006 ######  
07-05 22:21:00.106 I/TVMW@HsTvSetting( 1234): Trace cmd, data = 0x1003
07-05 22:21:00.107 I/TVMW@HsTvSetting( 1234): Trace cmd, data = 0x8032
07-05 22:21:00.107 I/hstvos  ( 1216): [0m[1;33m[HSHAL][HS_VIDEO][HS_HAL_Video_SetOsdDetect_v2][2389]u16Threshold = 20
07-05 22:21:00.108 E/TVMW@videoctrl( 1234):  getOsd is 1
07-05 22:21:00.108 D/til@system( 2026): til_get_system_param option:1000027 int:1, bool:1, ret:0
07-05 22:21:00.108 D/til     ( 2026): ###### func:til_get_picture_param option:0x3000045 ######  
07-05 22:21:00.108 I/TVMW@HsTvSetting( 1234): Trace cmd, data = 0x300c
07-05 22:21:00.108 I/TVMW@HsTvSetting( 1234): Trace 3d, data = 0x300c
07-05 22:21:00.108 I/TVMW@3d ( 1234): Hs_debug3d_trace: func:get3dStatus, line:109
07-05 22:21:00.108 D/SogouIME( 2203): [onKeyDown] keycode = 22 model = VIDAA_TV
07-05 22:21:00.137 D/Carousel-CarouselDisplayPlayerLayout(26786): HasFocus:false,keyCode:22
07-05 22:21:00.137 D/Carousel-CarouselDisplayPlayerLayout(26786): isFullScreen:false
07-05 22:21:00.140 I/HomeMainActivity(26786): carousel handle key:false
07-05 22:21:00.142 I/MainHomeView(26786): dispatchKeyEvent ACTION_DOWN now 
07-05 22:21:00.147 I/TabView (26786): onKeyListener() ACTION_DOWN keyCode -- 22
07-05 22:21:00.148 I/SoftFragmentList(26786): fetchCacheFragment  enter ---- index = 2
07-05 22:21:00.148 D/SoftFragmentList(26786): fetchCacheFragment  mFragmentCache.size() = 3
07-05 22:21:00.148 D/SoftFragmentList(26786): fetchCacheFragment mLastIndex = 2, view = 
07-05 22:21:00.148 I/BaseContentFragment(26786): initChildFocustrue,recyclerview=com.hisense.leanback.widget.VerticalGridView{1c60120a VFED.... ........ 0,0-1768,1080 #7f0d02c8 app:id/recyclerview_content}====---mIsVisibleToUser:true-------
07-05 22:21:00.160 D/til@system( 2026): til_get_system_param option:1000007 int:-1936523008, bool:0, ret:0
07-05 22:21:00.163 D/til@system( 2026): til_get_system_param option:1000009 int:-1936525184, bool:128, ret:0
07-05 22:21:00.163 D/til@system( 2026): til_get_system_param option:1000008 int:-1815633792, bool:128, ret:0
07-05 22:21:00.164 D/HiSDKLogReport(26786): getOperationDetail-productName : LED50MU8600UC
07-05 22:21:00.164 D/HiSDKLogReport(26786): getOperationDetail-plmNumber : 88888
07-05 22:21:00.164 D/HiSDKLogReport(26786): getOperationDetail-swVersion : V0000.00.01A
07-05 22:21:00.164 D/HiSDKLogReport(26786): getOperationDetail-operationDetail : LED50MU8600UC0000888
07-05 22:21:00.164 D/HiSDKLogReport(26786): businessLogReport-log : {eventType=232, APPVersionName=3.0.0.9.00, devid=86100300900000500000060a4818fca8, rowid=-1, uuid=13287129, APIversion=501, eventcode=232000, logversion=2.0, columnid=-1, devType=0, eventPos=000, groupid=-1, ChannelId=0, version=00.002.003, subscriberId=13287129, PFAPPCode=652, tabid=0, softwareVersion=LED50MU8600UC0000888, srceventcode=201000, mac=a8:a6:48:18:fc:a8, accessToken=72DF6038D2AEAB8A76DFBBBBCC428A4A_001984522603606, srctabid=0, APPPackage=com.hisense.hicloud.edca, sessionid=5937dbe76f44474584886584b1959cf4, requesttime=1499264460164, customerId=7195320, model_id=0, requestid=6f1ba6744dbe46a19ab275ec09adce82, tv_distribute_id=00, APIVersion=600, issysrepo=0}
07-05 22:21:00.164 D/BaseContentFragment(26786): initChildFocus firstlineview===>:com.hisense.tvui.newhome.view.SpecialFirstView{7758c3d V.E..... ........ 10,185-1748,691}
07-05 22:21:00.165 D/setHistoryRequestFocus(26786): ===>false
07-05 22:21:00.167 I/FirstlineLayoutManager(26786): left=0,width=1738,scroll Distance=-1488
07-05 22:21:00.169 I/MiSysSrv( 1214): [37m[INFO] Change to Voltage: 102 mv (0x23)[m
07-05 22:21:00.171 I/BaseContentFragment(26786): setRowViewSelectedViewHolder{2a4f842a position=0 id=-1, oldPos=-1, pLpos:-1},isSelectedfalse
07-05 22:21:00.171 I/BaseContentFragment(26786): setRowViewSelectedViewHolder{2f9ce101 position=1 id=-1, oldPos=-1, pLpos:-1},isSelectedtrue
07-05 22:21:00.171 I/RoleContentFragment(26786): onChildSelected:1,lastPos=0
07-05 22:21:00.173 W/System.err(26786): java.net.ConnectException: failed to connect to /10.18.210.112 (port 8900) after 6000ms: isConnected failed: ECONNREFUSED (Connection refused)
07-05 22:21:00.174 W/System.err(26786): 	at libcore.io.IoBridge.isConnected(IoBridge.java:238)
07-05 22:21:00.174 W/System.err(26786): 	at libcore.io.IoBridge.connectErrno(IoBridge.java:171)
07-05 22:21:00.174 W/System.err(26786): 	at libcore.io.IoBridge.connect(IoBridge.java:122)
07-05 22:21:00.174 W/System.err(26786): 	at java.net.PlainSocketImpl.connect(PlainSocketImpl.java:183)
07-05 22:21:00.174 W/System.err(26786): 	at java.net.PlainSocketImpl.connect(PlainSocketImpl.java:456)
07-05 22:21:00.174 W/System.err(26786): 	at java.net.Socket.connect(Socket.java:882)
07-05 22:21:00.174 W/System.err(26786): 	at com.android.okhttp.internal.Platform.connectSocket(Platform.java:174)
07-05 22:21:00.174 W/System.err(26786): 	at com.android.okhttp.Connection.connect(Connection.java:152)
07-05 22:21:00.174 W/System.err(26786): 	at com.android.okhttp.internal.http.HttpEngine.connect(HttpEngine.java:276)
07-05 22:21:00.174 W/System.err(26786): 	at com.android.okhttp.internal.http.HttpEngine.sendRequest(HttpEngine.java:211)
07-05 22:21:00.174 W/System.err(26786): 	at com.android.okhttp.internal.http.HttpURLConnectionImpl.execute(HttpURLConnectionImpl.java:382)
07-05 22:21:00.174 W/System.err(26786): 	at com.android.okhttp.internal.http.HttpURLConnectionImpl.connect(HttpURLConnectionImpl.java:106)
07-05 22:21:00.174 W/System.err(26786): 	at com.hisense.hitv.hicloud.util.ExceptionReport.a(ExceptionReport.java:337)
07-05 22:21:00.174 W/System.err(26786): 	at com.hisense.hitv.hicloud.util.ExceptionReport.a(ExceptionReport.java:39)
07-05 22:21:00.174 W/System.err(26786): 	at com.hisense.hitv.hicloud.util.ExceptionReport$1.run(ExceptionReport.java:83)
07-05 22:21:00.174 W/System.err(26786): 	at java.lang.Thread.run(Thread.java:818)
07-05 22:21:00.174 W/System.err(26786): Caused by: android.system.ErrnoException: isConnected failed: ECONNREFUSED (Connection refused)
07-05 22:21:00.175 W/System.err(26786): 	at libcore.io.IoBridge.isConnected(IoBridge.java:223)
07-05 22:21:00.175 W/System.err(26786): 	... 15 more
07-05 22:21:00.175 I/TabView (26786): onfocuschange:false
07-05 22:21:00.175 D/TabView (26786): icon---:2
07-05 22:21:00.175 E/TabView (26786): 
07-05 22:21:00.183 I/TVMW@devctrl( 1234): wdt
07-05 22:21:00.201 D/HttpHandler(26786): VerifySignInterCeptor-->request.url()=http://picture.edu.hismarttv.com/images/20170628121925625089.png
07-05 22:21:00.201 D/HttpHandler(26786): VerifySignInterCeptor-->hostname=picture.edu.hismarttv.com
07-05 22:21:00.203 D/CommonHeader(26786): onTabStatusChanged tabstatus===>:40000
07-05 22:21:00.208 D/OkHttp  (26786): --> GET http://picture.edu.hismarttv.com/images/20170628121925625089.png http/1.1
07-05 22:21:00.209 D/OkHttp  (26786): Host: picture.edu.hismarttv.com
07-05 22:21:00.209 D/OkHttp  (26786): Connection: Keep-Alive
07-05 22:21:00.209 D/OkHttp  (26786): Accept-Encoding: gzip
07-05 22:21:00.209 D/OkHttp  (26786): User-Agent: okhttp/3.6.0
07-05 22:21:00.209 D/OkHttp  (26786): --> END GET
07-05 22:21:00.240 D/MyLocalStartService(16899): currentName is :com.hisense.hicloud.edca
07-05 22:21:00.242 D/OkHttp  (26786): <-- 200 OK http://picture.edu.hismarttv.com/images/20170628121925625089.png (33ms)
07-05 22:21:00.243 D/OkHttp  (26786): Date: Wed, 05 Jul 2017 14:11:59 GMT
07-05 22:21:00.243 D/OkHttp  (26786): Server: nginx
07-05 22:21:00.243 D/OkHttp  (26786): Content-Type: image/png
07-05 22:21:00.243 D/OkHttp  (26786): Content-Length: 3689
07-05 22:21:00.243 D/OkHttp  (26786): Last-Modified: Wed, 28 Jun 2017 12:19:25 GMT
07-05 22:21:00.243 D/OkHttp  (26786): ETag: "59539ecd-e69"
07-05 22:21:00.243 D/OkHttp  (26786): Accept-Ranges: bytes
07-05 22:21:00.243 D/OkHttp  (26786): Age: 541
07-05 22:21:00.243 D/OkHttp  (26786): Via: 1.1 jnwt241:0 (Cdn Cache Server V2.0)[14 200 0], 1.1 PSahmaswt2en210:1 (Cdn Cache Server V2.0)[0 200 0]
07-05 22:21:00.243 D/OkHttp  (26786): Connection: keep-alive
07-05 22:21:00.243 D/OkHttp  (26786): <-- END HTTP
07-05 22:21:00.244 D/HttpHandler(26786): RetryIntercepter-->retryNum=0
07-05 22:21:00.244 D/HttpHandler(26786): RetryIntercepter-->backoffmutiplier=0
07-05 22:21:00.270 D/GlobalInputEventMonitoringService( 1733): interceptKeyBeforeQueueing(), event:22, mNeedMonitorKeyEvent:true, mWaitForKeyUpEvent:false
07-05 22:21:00.270 D/GlobalInputEventMonitoringService( 1733): processKeyEvent(), processKeyEvent event:22
07-05 22:21:00.270 D/WindowManager( 1733): interceptKeyTq keycode=22 interactive=true keyguardActive=false policyFlags=2b000000 isCancled= false
07-05 22:21:00.270 D/WindowManager( 1733): interceptKeyTi keyCode=22 down=false repeatCount=0 keyguardOn=false mHomePressed=false canceled=false
07-05 22:21:00.271 D/WindowManager( 1733): Hisense systemkey event: 22
07-05 22:21:00.271 D/HisenseGlobalKeyManager( 1733): handleGlobalKey() : Global event = KeyEvent { action=ACTION_UP, keyCode=KEYCODE_DPAD_RIGHT, scanCode=0, metaState=0, flags=0x0, repeatCount=0, eventTime=13301623, downTime=13301623, deviceId=-1, source=0x101 }
07-05 22:21:00.281 I/MyFragmentStateAdapter(26786): getCount
07-05 22:21:00.329 D/TabView (26786): 
07-05 22:21:00.332 D/TabView (26786): 
07-05 22:21:00.333 D/TabView (26786): 
07-05 22:21:00.334 D/TabView (26786): 
07-05 22:21:00.335 D/TabView (26786): 
07-05 22:21:00.336 D/TabView (26786): 
07-05 22:21:00.338 D/TabView (26786): 
07-05 22:21:00.339 D/TabView (26786): 
07-05 22:21:00.340 D/TabView (26786): 
07-05 22:21:00.341 D/HttpHandler(26786): VerifySignInterCeptor-->request.url()=http://picture.edu.hismarttv.com/images/20170628111818312641.png
07-05 22:21:00.341 D/HttpHandler(26786): VerifySignInterCeptor-->hostname=picture.edu.hismarttv.com
07-05 22:21:00.341 D/HttpHandler(26786): RetryIntercepter-->retryNum=0
07-05 22:21:00.341 D/HttpHandler(26786): RetryIntercepter-->backoffmutiplier=0
07-05 22:21:00.342 D/TabView (26786): 
07-05 22:21:00.342 D/TabView (26786): 
07-05 22:21:00.343 D/TabView (26786): 
07-05 22:21:00.344 D/TabView (26786): 
07-05 22:21:00.345 D/TabView (26786): 
07-05 22:21:00.346 D/TabView (26786): 
07-05 22:21:00.347 D/TabView (26786): 
07-05 22:21:00.347 I/MyFragmentStateAdapter(26786): getCount
07-05 22:21:00.347 I/MyFragmentStateAdapter(26786): getCount
07-05 22:21:00.348 D/TabView (26786): 
07-05 22:21:00.349 D/TabView (26786): 
07-05 22:21:00.350 D/TabView (26786): 
07-05 22:21:00.351 D/TabView (26786): 
07-05 22:21:00.352 D/TabView (26786): 
07-05 22:21:00.353 D/TabView (26786): 
07-05 22:21:00.353 D/TabView (26786): 
07-05 22:21:00.354 D/TabView (26786): 
07-05 22:21:00.355 D/TabView (26786): 
07-05 22:21:00.356 D/HttpHandler(26786): VerifySignInterCeptor-->request.url()=http://picture.edu.hismarttv.com/images/20170628111818312641.png
07-05 22:21:00.356 D/HttpHandler(26786): VerifySignInterCeptor-->hostname=picture.edu.hismarttv.com
07-05 22:21:00.357 D/TabView (26786): 
07-05 22:21:00.358 D/TabView (26786): 
07-05 22:21:00.358 D/HttpHandler(26786): RetryIntercepter-->retryNum=0
07-05 22:21:00.358 D/HttpHandler(26786): RetryIntercepter-->backoffmutiplier=0
07-05 22:21:00.359 D/TabView (26786): 
07-05 22:21:00.360 D/TabView (26786): 
07-05 22:21:00.361 D/TabView (26786): 
07-05 22:21:00.362 D/TabView (26786): 
07-05 22:21:00.362 D/TabView (26786): 
07-05 22:21:00.363 I/MyFragmentStateAdapter(26786): getCount
07-05 22:21:00.363 I/MyFragmentStateAdapter(26786): getCount
07-05 22:21:00.372 I/TabView (26786): onScroll:,firstItem=0,visibleCount=6,totalCount=10
07-05 22:21:00.377 D/Carousel-CarouselView(26786): ============>onScrollChanged hashCode:105475394
07-05 22:21:00.377 D/Carousel-CarouselDisplayPlayerLayout(26786): isFullScreen:false
07-05 22:21:00.378 I/MainHomeView(26786): onPanelSlide0.3053435---left192
07-05 22:21:00.383 I/CurrentCarouselView(26786): onCarouseControlCarouselControlBean{mShoudScroll=true, mActivityHasResume=false, mActivityHasStop=false, mHasTurnGone=false, mHasTurnVisible=false, mChannelId=-1, mSlideOffset=0.3053435, mShouldSelectCenter=false, mTabOpen=false, mHoriPosStatus=None, mVerPosStatus=None, mLevelStatus=None},isPlayingtrue,channelId=0
07-05 22:21:00.383 I/CurrentCarouselView(26786): is not the current page
07-05 22:21:00.384 I/CurrentCarouselView(26786): do scroll
07-05 22:21:00.384 D/Carousel-CarouselView(26786): smoothScroll.
07-05 22:21:00.384 D/Carousel-CarouselDisplayPlayerLayout(26786): isFullScreen:false
07-05 22:21:00.385 D/TabView (26786): onReceiveSlidingOffset ===>:0.3053435
07-05 22:21:00.391 I/MyFragmentStateAdapter(26786): getCount
07-05 22:21:00.413 D/Carousel-CarouselDisplayPlayerLayout(26786): HasFocus:false,keyCode:22
07-05 22:21:00.413 D/Carousel-CarouselDisplayPlayerLayout(26786): isFullScreen:false
07-05 22:21:00.413 I/HomeMainActivity(26786): carousel handle key:false
07-05 22:21:00.429 V/InputMethodService( 2203): startInput(): editor=android.view.inputmethod.EditorInfo@37a92328
07-05 22:21:00.429 V/InputMethodService( 2203): CALL: onFinishInput
07-05 22:21:00.430 E/SOGOUIME_JNI( 2203): reset
07-05 22:21:00.430 E/SOGOUIME_JNI( 2203): getCandidates
07-05 22:21:00.430 E/SOGOUIME_JNI( 2203): ime_get_uncommitted_length
07-05 22:21:00.430 E/SOGOUIME_JNI( 2203): getCandidates
07-05 22:21:00.430 D/SogouIME API( 2203): ==============num:32
07-05 22:21:00.430 E/SOGOUIME_JNI( 2203): ime_get_uncommitted_length
07-05 22:21:00.430 D/SogouIME( 2203): mFocusedComponent:30   isHkbEnable:false
07-05 22:21:00.431 E/SOGOUIME_JNI( 2203): ime_get_uncommitted_length
07-05 22:21:00.431 E/SOGOUIME_JNI( 2203): ime_get_committed_length
07-05 22:21:00.431 E/SOGOUIME_JNI( 2203): getComposingInfo
07-05 22:21:00.431 E/SOGOUIME_JNI( 2203): getComposingInfo
07-05 22:21:00.431 E/SOGOUIME_JNI( 2203): getCorrectInfo
07-05 22:21:00.431 E/SOGOUIME_JNI( 2203): getComposingInfo
07-05 22:21:00.432 V/InputMethodService( 2203): CALL: onStartInput
07-05 22:21:00.432 E/SOGOUIME_JNI( 2203): invalidateCommitWordPinyinNative
07-05 22:21:00.432 D/SogouIME( 2203): =====configKeyboard=======:false     false
07-05 22:21:00.432 E/SOGOUIME_JNI( 2203): ime_set_hard_kb_enable
07-05 22:21:00.434 I/MainHomeView(26786): onPanelSlide0.14503817---left171
07-05 22:21:00.435 I/CurrentCarouselView(26786): onCarouseControlCarouselControlBean{mShoudScroll=true, mActivityHasResume=false, mActivityHasStop=false, mHasTurnGone=false, mHasTurnVisible=false, mChannelId=-1, mSlideOffset=0.14503817, mShouldSelectCenter=false, mTabOpen=false, mHoriPosStatus=None, mVerPosStatus=None, mLevelStatus=None},isPlayingtrue,channelId=0
07-05 22:21:00.435 I/CurrentCarouselView(26786): is not the current page
07-05 22:21:00.435 I/CurrentCarouselView(26786): do scroll
07-05 22:21:00.435 D/Carousel-CarouselView(26786): smoothScroll.
07-05 22:21:00.435 D/Carousel-CarouselDisplayPlayerLayout(26786): isFullScreen:false
07-05 22:21:00.435 D/TabView (26786): onReceiveSlidingOffset ===>:0.14503817
07-05 22:21:00.439 D/Carousel-CarouselDisplayPlayerLayout(26786): x=399, y=167,w=892,h=536, hashCode=71189427
07-05 22:21:00.439 D/Carousel-CarouselDisplayPlayerLayout(26786): mX=511, mY=167,mWitdh=892,mHeight=536, hashCode=71189427
07-05 22:21:00.439 D/Carousel-CarouselDisplayPlayerLayout(26786): changed=true, hashCode=71189427
07-05 22:21:00.450 D/MSTAR_VDEC_DBG( 1206): Stream ID: 0, Rate : 23 (E:0,D:0,S:0,F:74) 
07-05 22:21:00.450 D/Carousel-Utils(26786): x=399,y=167, width=892,height=536
07-05 22:21:00.450 D/Carousel-CarouselDisplayPlayerLayout(26786): isFullScreen:false
07-05 22:21:00.450 D/Carousel-CarouselView(26786): ===========>onScrollStart
07-05 22:21:00.458 D/Carousel-Utils(26786): displayImage view=android.widget.ImageView{1e64df89 I.ED.... ......ID 0,0-816,460 #7f0d0029 app:id/imageView1}
07-05 22:21:00.458 D/Carousel-Utils(26786): displayImage url=http://picture.edu.hismarttv.com/images/20170629010146422927.jpg
07-05 22:21:00.459 D/Carousel-Utils(26786): onResourceReady.
07-05 22:21:00.468 D/Carousel-Utils(26786): displayImage view=android.widget.ImageView{1e292504 I.ED.... ........ 0,0-816,460 #7f0d0029 app:id/imageView1}
07-05 22:21:00.468 D/Carousel-Utils(26786): displayImage url=http://picture.edu.hismarttv.com/images/20170629010146422927.jpg
07-05 22:21:00.469 D/Carousel-Utils(26786): onResourceReady.
07-05 22:21:00.469 D/Carousel-CarouselDisplayPlayerLayout(26786): x=399, y=167,w=892,h=536, hashCode=71189427
07-05 22:21:00.469 D/Carousel-CarouselDisplayPlayerLayout(26786): mX=399, mY=167,mWitdh=892,mHeight=536, hashCode=71189427
07-05 22:21:00.470 D/Carousel-CarouselDisplayPlayerLayout(26786): changed=false, hashCode=71189427
07-05 22:21:00.470 D/Carousel-CarouselDisplayPlayerLayout(26786): extraTryCount=0
07-05 22:21:00.470 I/MiSysSrv( 1214): [37m[INFO] Change to Voltage: 117 mv (0x32)[m
07-05 22:21:00.538 I/MyFragmentStateAdapter(26786): getCount
07-05 22:21:00.538 I/MyFragmentStateAdapter(26786): getCount
07-05 22:21:00.538 I/MyFragmentStateAdapter(26786): getCount
07-05 22:21:00.538 I/MyFragmentStateAdapter(26786): getCount
07-05 22:21:00.538 I/Carousel-UrlVideoView(26786): onMeasure(MeasureSpec: EXACTLY 816, MeasureSpec: EXACTLY 460)
07-05 22:21:00.538 D/Carousel-UrlVideoView(26786): widthSpecMode=1073741824
07-05 22:21:00.538 D/Carousel-UrlVideoView(26786): heightSpecMode=1073741824
07-05 22:21:00.538 D/Carousel-UrlVideoView(26786): widthSpecSize=816
07-05 22:21:00.538 D/Carousel-UrlVideoView(26786): heightSpecSize=460
07-05 22:21:00.538 I/Carousel-UrlVideoView(26786): onMeasure(MeasureSpec: EXACTLY 816, MeasureSpec: EXACTLY 460)
07-05 22:21:00.538 D/Carousel-UrlVideoView(26786): widthSpecMode=1073741824
07-05 22:21:00.538 D/Carousel-UrlVideoView(26786): heightSpecMode=1073741824
07-05 22:21:00.538 D/Carousel-UrlVideoView(26786): widthSpecSize=816
07-05 22:21:00.538 D/Carousel-UrlVideoView(26786): heightSpecSize=460
07-05 22:21:00.547 D/Surface ( 1733): onStatusChange() : mNativeObject = 547942835712 mUseImageHwRender = false
07-05 22:21:00.547 V/Surface ( 1733): nativeSetHardwareRender() : status = 0
07-05 22:21:00.547 V/Surface ( 1733): nativeSetHardwareRender() : end
07-05 22:21:00.550 D/PowerManagerService( 1733): releaseWakeLockInternal: lock=487931605 [WindowManager], flags=0x0
07-05 22:21:00.550 D/PowerManagerNotifier( 1733): onWakeLockReleased: flags=536870922, tag="WindowManager", packageName=android, ownerUid=1000, ownerPid=1733, workSource=WorkSource{10010}
07-05 22:21:00.550 D/PowerManagerService( 1733): userActivityNoUpdateLocked: eventTime=13302122, event=0, flags=0x1, uid=1000
07-05 22:21:00.552 D/PowerManagerService( 1733): setScreenBrightnessOverrideFromWindowManagerInternal done
07-05 22:21:00.558 D/Surface ( 1733): onStatusChange() : mNativeObject = 0 mUseImageHwRender = false
07-05 22:21:00.559 I/FirstLineAdapter(26786): canShowTrailer,isOffline=false
07-05 22:21:00.559 I/FirstLineAdapter(26786): canShowTrailer,isOffline=false
07-05 22:21:00.559 I/FirstLineAdapter(26786): canShowTrailer,isOffline=false
07-05 22:21:00.560 I/FirstLineAdapter(26786): canShowTrailer,isOffline=false
07-05 22:21:00.560 I/FirstLineAdapter(26786): canShowTrailer,isOffline=false
07-05 22:21:00.560 I/FirstLineAdapter(26786): canShowTrailer,isOffline=false
07-05 22:21:00.560 I/FirstLineAdapter(26786): canShowTrailer,isOffline=false
07-05 22:21:00.560 I/FirstLineAdapter(26786): canShowTrailer,isOffline=false
07-05 22:21:00.560 I/FirstLineAdapter(26786): canShowTrailer,isOffline=false
07-05 22:21:00.561 I/SurfaceView(26786): Changes: creating=false format=false size=false visible=false left=true top=false
07-05 22:21:00.561 I/SurfaceView(26786): Cur surface: Surface(name=null)/@0x3dc1a1e
07-05 22:21:00.562 D/Surface ( 1733): onStatusChange() : mNativeObject = 547819115520 mUseImageHwRender = false
07-05 22:21:00.562 V/Surface ( 1733): nativeSetHardwareRender() : status = 0
07-05 22:21:00.562 V/Surface ( 1733): nativeSetHardwareRender() : end
07-05 22:21:00.563 D/PowerManagerService( 1733): setScreenBrightnessOverrideFromWindowManagerInternal done
07-05 22:21:00.565 D/Surface ( 1733): onStatusChange() : mNativeObject = 0 mUseImageHwRender = false
07-05 22:21:00.566 D/Surface (26786): onStatusChange() : mNativeObject = -195857664 mUseImageHwRender = false
07-05 22:21:00.566 V/Surface (26786): nativeSetHardwareRender() : status = 0
07-05 22:21:00.566 V/Surface (26786): nativeSetHardwareRender() : end
07-05 22:21:00.566 I/SurfaceView(26786): New surface: Surface(name=null)/@0x13d4d8cc, vis=true, frame=Rect(437, 205 - 1253, 665)
07-05 22:21:00.566 D/Surface (26786): onStatusChange() : mNativeObject = 0 mUseImageHwRender = false
07-05 22:21:00.566 D/Surface (26786): onStatusChange() : mNativeObject = -195857664 mUseImageHwRender = false
07-05 22:21:00.566 V/Surface (26786): nativeSetHardwareRender() : status = 0
07-05 22:21:00.566 V/Surface (26786): nativeSetHardwareRender() : end
07-05 22:21:00.567 V/SurfaceView(26786): Layout: x=437 y=205 w=816 h=460, frame=Rect(0, 0 - 816, 460)
07-05 22:21:00.576 I/MainHomeView(26786): onPanelSlide0.007633588---left153
07-05 22:21:00.576 I/CurrentCarouselView(26786): onCarouseControlCarouselControlBean{mShoudScroll=true, mActivityHasResume=false, mActivityHasStop=false, mHasTurnGone=false, mHasTurnVisible=false, mChannelId=-1, mSlideOffset=0.007633588, mShouldSelectCenter=false, mTabOpen=false, mHoriPosStatus=None, mVerPosStatus=None, mLevelStatus=None},isPlayingtrue,channelId=0
07-05 22:21:00.576 I/CurrentCarouselView(26786): is not the current page
07-05 22:21:00.576 I/CurrentCarouselView(26786): do scroll
07-05 22:21:00.576 D/Carousel-CarouselView(26786): smoothScroll.
07-05 22:21:00.576 D/Carousel-CarouselDisplayPlayerLayout(26786): isFullScreen:false
07-05 22:21:00.577 D/TabView (26786): onReceiveSlidingOffset ===>:0.007633588
07-05 22:21:00.583 I/MyFragmentStateAdapter(26786): getCount
07-05 22:21:00.586 D/Carousel-CarouselDisplayPlayerLayout(26786): x=381, y=167,w=892,h=536, hashCode=71189427
07-05 22:21:00.586 D/Carousel-CarouselDisplayPlayerLayout(26786): mX=399, mY=167,mWitdh=892,mHeight=536, hashCode=71189427
07-05 22:21:00.586 D/Carousel-CarouselDisplayPlayerLayout(26786): changed=true, hashCode=71189427
07-05 22:21:00.586 D/Carousel-Utils(26786): x=381,y=167, width=892,height=536
07-05 22:21:00.586 D/Carousel-CarouselDisplayPlayerLayout(26786): x=381, y=167,w=892,h=536, hashCode=71189427
07-05 22:21:00.586 D/Carousel-CarouselDisplayPlayerLayout(26786): mX=381, mY=167,mWitdh=892,mHeight=536, hashCode=71189427
07-05 22:21:00.586 D/Carousel-CarouselDisplayPlayerLayout(26786): changed=false, hashCode=71189427
07-05 22:21:00.586 D/Carousel-CarouselDisplayPlayerLayout(26786): extraTryCount=0
07-05 22:21:00.586 D/Carousel-CarouselDisplayPlayerLayout(26786): x=381, y=167,w=892,h=536, hashCode=71189427
07-05 22:21:00.589 D/Carousel-CarouselDisplayPlayerLayout(26786): mX=381, mY=167,mWitdh=892,mHeight=536, hashCode=71189427
07-05 22:21:00.589 D/Carousel-CarouselDisplayPlayerLayout(26786): changed=false, hashCode=71189427
07-05 22:21:00.589 D/Carousel-CarouselDisplayPlayerLayout(26786): extraTryCount=1
07-05 22:21:00.590 E/hwcomposer( 1204): Overlay 0 size changeed src {1920 1080} -> {1920, 1080} crop{0.000000 0.000000 1920.000000 1080.000000}->{0.000000 0.000000 1920.000000 1080.000000} dst{549 205 1365 665}->{437 205 1253 665}
07-05 22:21:00.593 I/Carousel-UrlVideoView(26786): onMeasure(MeasureSpec: EXACTLY 816, MeasureSpec: EXACTLY 460)
07-05 22:21:00.593 D/Carousel-UrlVideoView(26786): widthSpecMode=1073741824
07-05 22:21:00.593 D/Carousel-UrlVideoView(26786): heightSpecMode=1073741824
07-05 22:21:00.593 D/Carousel-UrlVideoView(26786): widthSpecSize=816
07-05 22:21:00.593 D/Carousel-UrlVideoView(26786): heightSpecSize=460
07-05 22:21:00.593 I/Carousel-UrlVideoView(26786): onMeasure(MeasureSpec: EXACTLY 816, MeasureSpec: EXACTLY 460)
07-05 22:21:00.593 D/Carousel-UrlVideoView(26786): widthSpecMode=1073741824
07-05 22:21:00.593 D/Carousel-UrlVideoView(26786): heightSpecMode=1073741824
07-05 22:21:00.593 D/Carousel-UrlVideoView(26786): widthSpecSize=816
07-05 22:21:00.593 D/Carousel-UrlVideoView(26786): heightSpecSize=460
07-05 22:21:00.593 I/SurfaceView(26786): Changes: creating=false format=false size=false visible=false left=true top=false
07-05 22:21:00.593 I/SurfaceView(26786): Cur surface: Surface(name=null)/@0x3dc1a1e
07-05 22:21:00.595 D/Surface ( 1733): onStatusChange() : mNativeObject = 547819115520 mUseImageHwRender = false
07-05 22:21:00.596 V/Surface ( 1733): nativeSetHardwareRender() : status = 0
07-05 22:21:00.596 V/Surface ( 1733): nativeSetHardwareRender() : end
07-05 22:21:00.598 D/PowerManagerService( 1733): setScreenBrightnessOverrideFromWindowManagerInternal done
07-05 22:21:00.600 D/Surface ( 1733): onStatusChange() : mNativeObject = 0 mUseImageHwRender = false
07-05 22:21:00.601 D/Surface (26786): onStatusChange() : mNativeObject = -540962048 mUseImageHwRender = false
07-05 22:21:00.601 V/Surface (26786): nativeSetHardwareRender() : status = 0
07-05 22:21:00.601 V/Surface (26786): nativeSetHardwareRender() : end
07-05 22:21:00.601 I/SurfaceView(26786): New surface: Surface(name=null)/@0x13d4d8cc, vis=true, frame=Rect(419, 205 - 1235, 665)
07-05 22:21:00.601 D/Surface (26786): onStatusChange() : mNativeObject = 0 mUseImageHwRender = false
07-05 22:21:00.601 D/Surface (26786): onStatusChange() : mNativeObject = -540962048 mUseImageHwRender = false
07-05 22:21:00.601 V/Surface (26786): nativeSetHardwareRender() : status = 0
07-05 22:21:00.601 V/Surface (26786): nativeSetHardwareRender() : end
07-05 22:21:00.602 V/SurfaceView(26786): Layout: x=419 y=205 w=816 h=460, frame=Rect(0, 0 - 816, 460)
07-05 22:21:00.607 D/Carousel-CarouselDisplayPlayerLayout(26786): x=381, y=167,w=892,h=536, hashCode=71189427
07-05 22:21:00.607 D/Carousel-CarouselDisplayPlayerLayout(26786): mX=381, mY=167,mWitdh=892,mHeight=536, hashCode=71189427
07-05 22:21:00.607 D/Carousel-CarouselDisplayPlayerLayout(26786): changed=false, hashCode=71189427
07-05 22:21:00.607 D/Carousel-CarouselDisplayPlayerLayout(26786): extraTryCount=2
07-05 22:21:00.607 D/Carousel-CarouselDisplayPlayerLayout(26786): x=381, y=167,w=892,h=536, hashCode=71189427
07-05 22:21:00.607 D/Carousel-CarouselDisplayPlayerLayout(26786): mX=381, mY=167,mWitdh=892,mHeight=536, hashCode=71189427
07-05 22:21:00.607 D/Carousel-CarouselDisplayPlayerLayout(26786): changed=false, hashCode=71189427
07-05 22:21:00.607 D/Carousel-CarouselDisplayPlayerLayout(26786): extraTryCount=3
07-05 22:21:00.607 D/Carousel-CarouselDisplayPlayerLayout(26786): x=381, y=167,w=892,h=536, hashCode=71189427
07-05 22:21:00.607 D/Carousel-CarouselDisplayPlayerLayout(26786): mX=381, mY=167,mWitdh=892,mHeight=536, hashCode=71189427
07-05 22:21:00.607 D/Carousel-CarouselDisplayPlayerLayout(26786): changed=false, hashCode=71189427
07-05 22:21:00.608 D/Carousel-CarouselDisplayPlayerLayout(26786): extraTryCount=4
07-05 22:21:00.608 D/Carousel-CarouselDisplayPlayerLayout(26786): x=381, y=167,w=892,h=536, hashCode=71189427
07-05 22:21:00.608 D/Carousel-CarouselDisplayPlayerLayout(26786): mX=381, mY=167,mWitdh=892,mHeight=536, hashCode=71189427
07-05 22:21:00.608 D/Carousel-CarouselDisplayPlayerLayout(26786): changed=false, hashCode=71189427
07-05 22:21:00.608 D/Carousel-CarouselDisplayPlayerLayout(26786): extraTryCount=5
07-05 22:21:00.611 I/TVMW@HsTvSetting( 1234): Trace cmd, data = 0x1058
07-05 22:21:00.611 D/til@system( 2026): til_get_system_param option:100002F int:0, bool:0, ret:0
07-05 22:21:00.611 I/TVMW@HsTvSetting( 1234): Trace cmd, data = 0x101f
07-05 22:21:00.611 D/til@system( 2026): til_get_system_param option:100001D int:3, bool:3, ret:0
07-05 22:21:00.611 E/til     ( 2026): [til_get_current_input_source, 101] 
07-05 22:21:00.611 I/TVMW@HsTvSetting( 1234): Trace cmd, data = 0x7007
07-05 22:21:00.612 I/tilwrapper@sm( 2026): HS2TIL_SourceType *hs=0xd, *til=0x900
07-05 22:21:00.612 D/til     ( 2026): get current source 2304
07-05 22:21:00.612 D/SourceRemoteServiceHandler( 2026): getCurrentInputSource.from.til.result is 0, value is 2304
07-05 22:21:00.612 D/SourceRemoteServiceHandler( 2026): getInputSourceType source: 0x900, type=2304
07-05 22:21:00.612 D/til     ( 2026): ###### func:til_get_picture_param option:0x3000006 ######  
07-05 22:21:00.612 I/TVMW@HsTvSetting( 1234): Trace cmd, data = 0x1003
07-05 22:21:00.614 I/TVMW@HsTvSetting( 1234): Trace cmd, data = 0x8032
07-05 22:21:00.617 I/hstvos  ( 1216): [0m[1;33m[HSHAL][HS_VIDEO][HS_HAL_Video_SetOsdDetect_v2][2389]u16Threshold = 20
07-05 22:21:00.618 E/TVMW@videoctrl( 1234):  getOsd is 1
07-05 22:21:00.622 D/til@system( 2026): til_get_system_param option:1000027 int:1, bool:1, ret:0
07-05 22:21:00.623 D/til     ( 2026): ###### func:til_get_picture_param option:0x3000045 ######  
07-05 22:21:00.626 I/MainHomeView(26786): onPanelSlide0.0---left152
07-05 22:21:00.626 I/CurrentCarouselView(26786): onCarouseControlCarouselControlBean{mShoudScroll=true, mActivityHasResume=false, mActivityHasStop=false, mHasTurnGone=false, mHasTurnVisible=false, mChannelId=-1, mSlideOffset=0.0, mShouldSelectCenter=false, mTabOpen=false, mHoriPosStatus=None, mVerPosStatus=None, mLevelStatus=None},isPlayingtrue,channelId=0
07-05 22:21:00.627 I/CurrentCarouselView(26786): is not the current page
07-05 22:21:00.627 I/CurrentCarouselView(26786): do scroll
07-05 22:21:00.627 D/Carousel-CarouselView(26786): smoothScroll.
07-05 22:21:00.627 D/Carousel-CarouselDisplayPlayerLayout(26786): isFullScreen:false
07-05 22:21:00.627 D/TabView (26786): onReceiveSlidingOffset ===>:0.0
07-05 22:21:00.629 E/hwcomposer( 1204): Overlay 0 size changeed src {1920 1080} -> {1920, 1080} crop{0.000000 0.000000 1920.000000 1080.000000}->{0.000000 0.000000 1920.000000 1080.000000} dst{437 205 1253 665}->{419 205 1235 665}
07-05 22:21:00.630 I/TVMW@HsTvSetting( 1234): Trace cmd, data = 0x300c
07-05 22:21:00.630 I/TVMW@HsTvSetting( 1234): Trace 3d, data = 0x300c
07-05 22:21:00.630 I/TVMW@3d ( 1234): Hs_debug3d_trace: func:get3dStatus, line:109
07-05 22:21:00.632 D/Carousel-CarouselDisplayPlayerLayout(26786): x=380, y=167,w=892,h=536, hashCode=71189427
07-05 22:21:00.632 D/Carousel-CarouselDisplayPlayerLayout(26786): mX=381, mY=167,mWitdh=892,mHeight=536, hashCode=71189427
07-05 22:21:00.632 D/Carousel-CarouselDisplayPlayerLayout(26786): changed=true, hashCode=71189427
07-05 22:21:00.632 D/Carousel-Utils(26786): x=380,y=167, width=892,height=536
07-05 22:21:00.632 D/Carousel-CarouselDisplayPlayerLayout(26786): x=380, y=167,w=892,h=536, hashCode=71189427
07-05 22:21:00.632 D/Carousel-CarouselDisplayPlayerLayout(26786): mX=380, mY=167,mWitdh=892,mHeight=536, hashCode=71189427
07-05 22:21:00.632 D/Carousel-CarouselDisplayPlayerLayout(26786): changed=false, hashCode=71189427
07-05 22:21:00.632 D/Carousel-CarouselDisplayPlayerLayout(26786): extraTryCount=0
07-05 22:21:00.633 D/Carousel-CarouselDisplayPlayerLayout(26786): x=380, y=167,w=892,h=536, hashCode=71189427
07-05 22:21:00.633 D/Carousel-CarouselDisplayPlayerLayout(26786): mX=380, mY=167,mWitdh=892,mHeight=536, hashCode=71189427
07-05 22:21:00.633 D/Carousel-CarouselDisplayPlayerLayout(26786): changed=false, hashCode=71189427
07-05 22:21:00.633 D/Carousel-CarouselDisplayPlayerLayout(26786): extraTryCount=1
07-05 22:21:00.633 D/Carousel-CarouselDisplayPlayerLayout(26786): x=380, y=167,w=892,h=536, hashCode=71189427
07-05 22:21:00.633 D/Carousel-CarouselDisplayPlayerLayout(26786): mX=380, mY=167,mWitdh=892,mHeight=536, hashCode=71189427
07-05 22:21:00.633 D/Carousel-CarouselDisplayPlayerLayout(26786): changed=false, hashCode=71189427
07-05 22:21:00.633 D/Carousel-CarouselDisplayPlayerLayout(26786): extraTryCount=2
07-05 22:21:00.640 I/Carousel-UrlVideoView(26786): onMeasure(MeasureSpec: EXACTLY 816, MeasureSpec: EXACTLY 460)
07-05 22:21:00.640 D/Carousel-UrlVideoView(26786): widthSpecMode=1073741824
07-05 22:21:00.640 D/Carousel-UrlVideoView(26786): heightSpecMode=1073741824
07-05 22:21:00.640 D/Carousel-UrlVideoView(26786): widthSpecSize=816
07-05 22:21:00.640 D/Carousel-UrlVideoView(26786): heightSpecSize=460
07-05 22:21:00.641 I/Carousel-UrlVideoView(26786): onMeasure(MeasureSpec: EXACTLY 816, MeasureSpec: EXACTLY 460)
07-05 22:21:00.641 D/Carousel-UrlVideoView(26786): widthSpecMode=1073741824
07-05 22:21:00.641 D/Carousel-UrlVideoView(26786): heightSpecMode=1073741824
07-05 22:21:00.641 D/Carousel-UrlVideoView(26786): widthSpecSize=816
07-05 22:21:00.641 D/Carousel-UrlVideoView(26786): heightSpecSize=460
07-05 22:21:00.641 I/SurfaceView(26786): Changes: creating=false format=false size=false visible=false left=true top=false
07-05 22:21:00.641 I/SurfaceView(26786): Cur surface: Surface(name=null)/@0x3dc1a1e
07-05 22:21:00.643 D/Surface ( 1733): onStatusChange() : mNativeObject = 547819115520 mUseImageHwRender = false
07-05 22:21:00.643 V/Surface ( 1733): nativeSetHardwareRender() : status = 0
07-05 22:21:00.643 V/Surface ( 1733): nativeSetHardwareRender() : end
07-05 22:21:00.659 D/PowerManagerService( 1733): setScreenBrightnessOverrideFromWindowManagerInternal done
07-05 22:21:00.667 I/HLSP2P  (16224): ## 2017-07-05 22:21:00.666 [16224,16378,:0] INFO ## [HLSP2P][TaskManager.cpp:838][INFO][UpdateGlobalInfo]totalDataSize: 0, totalMemorySize: 0, totalCacheSize: 0, PlayTaskAllFinish: 0
07-05 22:21:00.672 D/Surface ( 1733): onStatusChange() : mNativeObject = 0 mUseImageHwRender = false
07-05 22:21:00.673 D/Surface (26786): onStatusChange() : mNativeObject = -195857664 mUseImageHwRender = false
07-05 22:21:00.673 V/Surface (26786): nativeSetHardwareRender() : status = 0
07-05 22:21:00.673 V/Surface (26786): nativeSetHardwareRender() : end
07-05 22:21:00.673 I/SurfaceView(26786): New surface: Surface(name=null)/@0x13d4d8cc, vis=true, frame=Rect(418, 205 - 1234, 665)
07-05 22:21:00.673 D/Surface (26786): onStatusChange() : mNativeObject = 0 mUseImageHwRender = false
07-05 22:21:00.673 D/Surface (26786): onStatusChange() : mNativeObject = -195857664 mUseImageHwRender = false
07-05 22:21:00.673 V/Surface (26786): nativeSetHardwareRender() : status = 0
07-05 22:21:00.673 V/Surface (26786): nativeSetHardwareRender() : end
07-05 22:21:00.674 V/SurfaceView(26786): Layout: x=418 y=205 w=816 h=460, frame=Rect(0, 0 - 816, 460)
07-05 22:21:00.674 D/hwcomposer( 1204): Overlay [0] do size change!
07-05 22:21:00.677 D/vsyncbridge( 1204): [0] handle_thread thread got msg 0x2, mState = 3
07-05 22:21:00.677 D/vsyncbridge( 1204): Overlay 0 Resize, mState = 0x3, 0, disp[419 205 816 460] osd[1920 1080]
07-05 22:21:00.677 D/vsyncbridge( 1204): [update_ds_table,  594] DispW:1632 DispH:920 
07-05 22:21:00.677 D/vsyncbridge( 1204): [update_ds_table,  598] Cap.x:1105 Cap.y:30 CapW:1920 CapH:1080 
07-05 22:21:00.677 D/vsyncbridge( 1204): [update_ds_table,  599] enInputSourceType:34 
07-05 22:21:00.677 D/vsyncbridge( 1204): [update_ds_table,  601] u16InputVTotal:2205  u16InputVFreq:240 
07-05 22:21:00.677 D/vsyncbridge( 1204): [update_ds_table,  603] bInterlace:0  u16DefaultHtotal:0 
07-05 22:21:00.677 D/vsyncbridge( 1204): [update_ds_table,  606] bPreHCusScaling:1  bPreVCusScaling:1 
07-05 22:21:00.677 D/vsyncbridge( 1204): [update_ds_table,  608] u16PreHCusScalingSrc:1920  u16PreHCusScalingDst:1920 
07-05 22:21:00.677 D/vsyncbridge( 1204): [update_ds_table,  610] u16PreVCusScalingSrc:1080  u16PreVCusScalingSrc:1080 
07-05 22:21:00.677 D/vsyncbridge( 1204): [update_ds_table,  613] bHCusScaling:0  bVCusScaling:0 
07-05 22:21:00.677 D/vsyncbridge( 1204): [update_ds_table,  615] u16HCusScalingSrc:1920  u16HCusScalingDst:1632 
07-05 22:21:00.677 D/vsyncbridge( 1204): [update_ds_table,  617] u16VCusScalingSrc:1080  u16VCusScalingDst:920 
07-05 22:21:00.677 D/vsyncbridge( 1204): vsync_bridge_CalAspectRatio type = 0
07-05 22:21:00.677 D/vsyncbridge( 1204): panel [3840 2160] osd [1920 1080] ratio [2.000000 2.000000]
07-05 22:21:00.677 D/vsyncbridge( 1204): apply ratio, x=838, y=410, width=1632, height=920
07-05 22:21:00.677 D/vsyncbridge( 1204): disp_old[838 410 2470 1330], disp_new[838 410 2470 1330], crop[0 0 1920 1080]
07-05 22:21:00.678 D/vsyncbridge( 1204): [update_ds_table,  798] SW DS !!! 
07-05 22:21:00.678 D/vsyncbridge( 1204): [update_ds_table,  800] stXC_SetWin_Info.stCapWin.width1920  stXC_SetWin_Info.stCapWin.height:1080
07-05 22:21:00.678 D/vsyncbridge( 1204): [update_ds_table,  802] stXC_SetWin_Info.stCropWin.width1920  stXC_SetWin_Info.stCropWin.height:1080
07-05 22:21:00.678 D/vsyncbridge( 1204): [update_ds_table,  803] MApi_XC_GetDynamicScalingStatus():1 
07-05 22:21:00.678 D/        ( 1204): Alert: cannot get frameCount from IOCTL, eWindow=0! Fall back to original frame mode
07-05 22:21:00.678 D/        ( 1204): MVOP is 1P mode
07-05 22:21:00.678 D/        ( 1204): [_MDrv_SC_check_2p_mode][9405]u16Width=3840,u16Height=2160,u32Vfreqx10=240
07-05 22:21:00.678 D/vsyncbridge( 1204): vsync_bridge_render_frame pts = 2500000, DS_Idx=0x1, overlayID=0
07-05 22:21:00.678 D/vsyncbridge( 1204):  W 4, R 3, Cur 4
07-05 22:21:00.678 D/vsyncbridge( 1204): vsync_bridge_CalAspectRatio type = 0
07-05 22:21:00.679 D/vsyncbridge( 1204): panel [3840 2160] osd [1920 1080] ratio [2.000000 2.000000]
07-05 22:21:00.679 D/vsyncbridge( 1204): apply ratio, x=838, y=410, width=1632, height=920
07-05 22:21:00.679 I/HLSP2P  (16224): ## 2017-07-05 22:21:00.670 [16224,16378,:0] INFO ## [HLSP2P][TaskManager.cpp:1348][INFO][TryAdjustMemorySize]system memory total size: 1912M, free size: 333MB, cache add to 100MB, AppState: 14, IsLowMemory: 0
07-05 22:21:00.680 D/Carousel-CarouselDisplayPlayerLayout(26786): x=380, y=167,w=892,h=536, hashCode=71189427
07-05 22:21:00.680 D/Carousel-CarouselDisplayPlayerLayout(26786): mX=380, mY=167,mWitdh=892,mHeight=536, hashCode=71189427
07-05 22:21:00.680 D/Carousel-CarouselDisplayPlayerLayout(26786): changed=false, hashCode=71189427
07-05 22:21:00.680 D/Carousel-CarouselDisplayPlayerLayout(26786): extraTryCount=3
07-05 22:21:00.683 I/MainHomeView(26786): onPanelClosed---left152
07-05 22:21:00.688 D/Carousel-CarouselDisplayPlayerLayout(26786): x=380, y=167,w=892,h=536, hashCode=71189427
07-05 22:21:00.688 D/Carousel-CarouselDisplayPlayerLayout(26786): mX=380, mY=167,mWitdh=892,mHeight=536, hashCode=71189427
07-05 22:21:00.688 D/Carousel-CarouselDisplayPlayerLayout(26786): changed=false, hashCode=71189427
07-05 22:21:00.688 D/Carousel-CarouselDisplayPlayerLayout(26786): extraTryCount=4
07-05 22:21:00.688 D/Carousel-CarouselDisplayPlayerLayout(26786): x=380, y=167,w=892,h=536, hashCode=71189427
07-05 22:21:00.688 D/Carousel-CarouselDisplayPlayerLayout(26786): mX=380, mY=167,mWitdh=892,mHeight=536, hashCode=71189427
07-05 22:21:00.688 D/Carousel-CarouselDisplayPlayerLayout(26786): changed=false, hashCode=71189427
07-05 22:21:00.688 D/Carousel-CarouselDisplayPlayerLayout(26786): extraTryCount=5
07-05 22:21:00.688 D/Carousel-CarouselDisplayPlayerLayout(26786): x=380, y=167,w=892,h=536, hashCode=71189427
07-05 22:21:00.688 D/Carousel-CarouselDisplayPlayerLayout(26786): mX=380, mY=167,mWitdh=892,mHeight=536, hashCode=71189427
07-05 22:21:00.688 D/Carousel-CarouselDisplayPlayerLayout(26786): changed=false, hashCode=71189427
07-05 22:21:00.688 D/Carousel-CarouselDisplayPlayerLayout(26786): extraTryCount=6
07-05 22:21:00.689 D/Carousel-CarouselDisplayPlayerLayout(26786): x=380, y=167,w=892,h=536, hashCode=71189427
07-05 22:21:00.689 D/Carousel-CarouselDisplayPlayerLayout(26786): mX=380, mY=167,mWitdh=892,mHeight=536, hashCode=71189427
07-05 22:21:00.689 D/Carousel-CarouselDisplayPlayerLayout(26786): changed=false, hashCode=71189427
07-05 22:21:00.689 D/Carousel-CarouselDisplayPlayerLayout(26786): extraTryCount=7
07-05 22:21:00.706 D/Carousel-CarouselDisplayPlayerLayout(26786): x=380, y=167,w=892,h=536, hashCode=71189427
07-05 22:21:00.706 D/Carousel-CarouselDisplayPlayerLayout(26786): mX=380, mY=167,mWitdh=892,mHeight=536, hashCode=71189427
07-05 22:21:00.706 D/Carousel-CarouselDisplayPlayerLayout(26786): changed=false, hashCode=71189427
07-05 22:21:00.706 D/Carousel-CarouselDisplayPlayerLayout(26786): extraTryCount=8
07-05 22:21:00.711 E/hwcomposer( 1204): Overlay 0 size changeed src {1920 1080} -> {1920, 1080} crop{0.000000 0.000000 1920.000000 1080.000000}->{0.000000 0.000000 1920.000000 1080.000000} dst{419 205 1235 665}->{418 205 1234 665}
07-05 22:21:00.717 D/Carousel-CarouselDisplayPlayerLayout(26786): x=380, y=167,w=892,h=536, hashCode=71189427
07-05 22:21:00.718 D/Carousel-CarouselDisplayPlayerLayout(26786): mX=380, mY=167,mWitdh=892,mHeight=536, hashCode=71189427
07-05 22:21:00.718 D/Carousel-CarouselDisplayPlayerLayout(26786): changed=false, hashCode=71189427
07-05 22:21:00.718 D/Carousel-CarouselDisplayPlayerLayout(26786): extraTryCount=9
07-05 22:21:00.718 D/Carousel-CarouselDisplayPlayerLayout(26786): x=380, y=167,w=892,h=536, hashCode=71189427
07-05 22:21:00.719 D/Carousel-CarouselDisplayPlayerLayout(26786): mX=380, mY=167,mWitdh=892,mHeight=536, hashCode=71189427
07-05 22:21:00.719 D/Carousel-CarouselDisplayPlayerLayout(26786): changed=false, hashCode=71189427
07-05 22:21:00.719 D/Carousel-CarouselDisplayPlayerLayout(26786): isFullScreen:false
07-05 22:21:00.719 D/Carousel-CarouselView(26786): ===========>mDisplayPlayerLayout.getVisibility()=4
07-05 22:21:00.719 D/Carousel-CarouselView(26786): ===========>onScrollEnd
07-05 22:21:00.719 D/Carousel-Utils(26786): x=380,y=167, width=892,height=536
07-05 22:21:00.719 D/Carousel-CarouselView(26786): isOutScreen:false
07-05 22:21:00.723 I/MyFragmentStateAdapter(26786): getCount
07-05 22:21:00.724 I/MyFragmentStateAdapter(26786): getCount
07-05 22:21:00.724 I/MyFragmentStateAdapter(26786): getCount
07-05 22:21:00.724 I/MyFragmentStateAdapter(26786): getCount
07-05 22:21:00.726 D/Surface ( 1733): onStatusChange() : mNativeObject = 547942835712 mUseImageHwRender = false
07-05 22:21:00.726 V/Surface ( 1733): nativeSetHardwareRender() : status = 0
07-05 22:21:00.726 V/Surface ( 1733): nativeSetHardwareRender() : end
07-05 22:21:00.728 D/PowerManagerService( 1733): acquireWakeLockInternal: lock=487931605, flags=0x2000000a, tag="WindowManager", ws=WorkSource{10010}, uid=1000, pid=1