07-05 22:33:58.520 E/SOGOUIME_JNI( 2203): invalidateCommitWordPinyinNative
07-05 22:33:58.521 D/SogouIME( 2203): =====configKeyboard=======:false     false
07-05 22:33:58.521 E/SOGOUIME_JNI( 2203): ime_set_hard_kb_enable
07-05 22:33:58.526 D/OkHttp  ( 1242): --> GET http://api.edu.hismarttv.com/usercenter/api/individualize_data?devid=86100300900000500000060a4818fca8&customerId=7195320&subscriberId=13287129&ChannelId=0&tags=&version_id=6&region_name=%E6%9D%AD%E5%B7%9E&uuid=13287129&mac=a8:a6:48:18:fc:a8&model_id=0&APPPackage=com.hisense.hicloud.edca&PFAPPCode=652&APPVersionName=3.0.0.9.00&softwareVersion=LED50MU8600UC0000888&tv_distribute_id=00&devType=0&APIVersion=600&accessToken=72DF6038D2AEAB8A76DFBBBBCC428A4A_004274612826367 http/1.1
07-05 22:33:58.526 D/OkHttp  ( 1242): Data_Type: JSON
07-05 22:33:58.526 D/OkHttp  ( 1242): RetryTime: 0
07-05 22:33:58.526 D/OkHttp  ( 1242): Backoffmutiplier: 0
07-05 22:33:58.526 D/OkHttp  ( 1242): Host: api.edu.hismarttv.com
07-05 22:33:58.526 D/OkHttp  ( 1242): Connection: Keep-Alive
07-05 22:33:58.526 D/OkHttp  ( 1242): Accept-Encoding: gzip
07-05 22:33:58.526 D/OkHttp  ( 1242): User-Agent: okhttp/3.6.0
07-05 22:33:58.526 D/OkHttp  ( 1242): --> END GET
07-05 22:33:58.529 D/TabView ( 1242): 
07-05 22:33:58.531 D/TabView ( 1242): 
07-05 22:33:58.533 W/System.err( 1242): java.io.InterruptedIOException: thread interrupted
07-05 22:33:58.534 W/System.err( 1242): 	at okio.Timeout.throwIfReached(Timeout.java:146)
07-05 22:33:58.534 W/System.err( 1242): 	at okio.Okio$1.write(Okio.java:75)
07-05 22:33:58.534 W/System.err( 1242): 	at okio.AsyncTimeout$1.write(AsyncTimeout.java:179)
07-05 22:33:58.534 W/System.err( 1242): 	at okio.RealBufferedSink.flush(RealBufferedSink.java:216)
07-05 22:33:58.534 W/System.err( 1242): 	at okhttp3.internal.http1.Http1Codec.finishRequest(Http1Codec.java:166)
07-05 22:33:58.534 W/System.err( 1242): 	at okhttp3.internal.http.CallServerInterceptor.intercept(CallServerInterceptor.java:64)
07-05 22:33:58.534 W/System.err( 1242): 	at okhttp3.internal.http.RealInterceptorChain.proceed(RealInterceptorChain.java:92)
07-05 22:33:58.534 W/System.err( 1242): 	at okhttp3.internal.http.RealInterceptorChain.proceed(RealInterceptorChain.java:67)
07-05 22:33:58.534 W/System.err( 1242): 	at okhttp3.logging.HttpLoggingInterceptor.intercept(HttpLoggingInterceptor.java:212)
07-05 22:33:58.534 W/System.err( 1242): 	at okhttp3.internal.http.RealInterceptorChain.proceed(RealInterceptorChain.java:92)
07-05 22:33:58.534 W/System.err( 1242): 	at okhttp3.internal.connection.ConnectInterceptor.intercept(ConnectInterceptor.java:45)
07-05 22:33:58.534 W/System.err( 1242): 	at okhttp3.internal.http.RealInterceptorChain.proceed(RealInterceptorChain.java:92)
07-05 22:33:58.534 W/System.err( 1242): 	at okhttp3.internal.http.RealInterceptorChain.proceed(RealInterceptorChain.java:67)
07-05 22:33:58.534 W/System.err( 1242): 	at okhttp3.internal.cache.CacheInterceptor.intercept(CacheInterceptor.java:93)
07-05 22:33:58.534 W/System.err( 1242): 	at okhttp3.internal.http.RealInterceptorChain.proceed(RealInterceptorChain.java:92)
07-05 22:33:58.534 W/System.err( 1242): 	at okhttp3.internal.http.RealInterceptorChain.proceed(RealInterceptorChain.java:67)
07-05 22:33:58.535 W/System.err( 1242): 	at okhttp3.internal.http.BridgeInterceptor.intercept(BridgeInterceptor.java:93)
07-05 22:33:58.535 W/System.err( 1242): 	at okhttp3.internal.http.RealInterceptorChain.proceed(RealInterceptorChain.java:92)
07-05 22:33:58.535 W/System.err( 1242): 	at okhttp3.internal.http.RetryAndFollowUpInterceptor.intercept(RetryAndFollowUpInterceptor.java:120)
07-05 22:33:58.535 W/System.err( 1242): 	at okhttp3.internal.http.RealInterceptorChain.proceed(RealInterceptorChain.java:92)
07-05 22:33:58.535 W/System.err( 1242): 	at okhttp3.internal.http.RealInterceptorChain.proceed(RealInterceptorChain.java:67)
07-05 22:33:58.535 W/System.err( 1242): 	at com.hisense.httpclient.interceptor.DNSRetryIntercepter.intercept(DNSRetryIntercepter.java:44)
07-05 22:33:58.535 W/System.err( 1242): 	at okhttp3.internal.http.RealInterceptorChain.proceed(RealInterceptorChain.java:92)
07-05 22:33:58.535 W/System.err( 1242): 	at okhttp3.internal.http.RealInterceptorChain.proceed(RealInterceptorChain.java:67)
07-05 22:33:58.535 W/System.err( 1242): 	at okhttp3.RealCall.getResponseWithInterceptorChain(RealCall.java:179)
07-05 22:33:58.535 D/TabView ( 1242): 
07-05 22:33:58.535 W/System.err( 1242): 	at okhttp3.RealCall.execute(RealCall.java:63)
07-05 22:33:58.535 W/System.err( 1242): 	at com.hisense.httpclient.dns.DNSHelper.gslbDns(DNSHelper.java:76)
07-05 22:33:58.535 W/System.err( 1242): 	at com.hisense.httpclient.dns.HttpDNS.lookup(HttpDNS.java:30)
07-05 22:33:58.535 W/System.err( 1242): 	at okhttp3.internal.connection.RouteSelector.resetNextInetSocketAddress(RouteSelector.java:170)
07-05 22:33:58.535 W/System.err( 1242): 	at okhttp3.internal.connection.RouteSelector.nextProxy(RouteSelector.java:136)
07-05 22:33:58.535 W/System.err( 1242): 	at okhttp3.internal.connection.RouteSelector.next(RouteSelector.java:81)
07-05 22:33:58.535 W/System.err( 1242): 	at okhttp3.internal.connection.StreamAllocation.findConnection(StreamAllocation.java:171)
07-05 22:33:58.535 W/System.err( 1242): 	at okhttp3.internal.connection.StreamAllocation.findHealthyConnection(StreamAllocation.java:121)
07-05 22:33:58.535 W/System.err( 1242): 	at okhttp3.internal.connection.StreamAllocation.newStream(StreamAllocation.java:100)
07-05 22:33:58.535 W/System.err( 1242): 	at okhttp3.internal.connection.ConnectInterceptor.intercept(ConnectInterceptor.java:42)
07-05 22:33:58.535 W/System.err( 1242): 	at okhttp3.internal.http.RealInterceptorChain.proceed(RealInterceptorChain.java:92)
07-05 22:33:58.535 W/System.err( 1242): 	at okhttp3.internal.http.RealInterceptorChain.proceed(RealInterceptorChain.java:67)
07-05 22:33:58.535 W/System.err( 1242): 	at okhttp3.internal.cache.CacheInterceptor.intercept(CacheInterceptor.java:93)
07-05 22:33:58.535 W/System.err( 1242): 	at okhttp3.internal.http.RealInterceptorChain.proceed(RealInterceptorChain.java:92)
07-05 22:33:58.535 W/System.err( 1242): 	at okhttp3.internal.http.RealInterceptorChain.proceed(RealInterceptorChain.java:67)
07-05 22:33:58.535 W/System.err( 1242): 	at okhttp3.internal.http.BridgeInterceptor.intercept(BridgeInterceptor.java:93)
07-05 22:33:58.535 W/System.err( 1242): 	at okhttp3.internal.http.RealInterceptorChain.proceed(RealInterceptorChain.java:92)
07-05 22:33:58.535 W/System.err( 1242): 	at okhttp3.internal.http.RetryAndFollowUpInterceptor.intercept(RetryAndFollowUpInterceptor.java:120)
07-05 22:33:58.535 W/System.err( 1242): 	at okhttp3.internal.http.RealInterceptorChain.proceed(RealInterceptorChain.java:92)
07-05 22:33:58.535 W/System.err( 1242): 	at okhttp3.internal.http.RealInterceptorChain.proceed(RealInterceptorChain.java:67)
07-05 22:33:58.535 W/System.err( 1242): 	at com.hisense.httpclient.interceptor.RetryIntercepter.intercept(RetryIntercepter.java:27)
07-05 22:33:58.535 W/System.err( 1242): 	at okhttp3.internal.http.RealInterceptorChain.proceed(RealInterceptorChain.java:92)
07-05 22:33:58.535 W/System.err( 1242): 	at okhttp3.internal.http.RealInterceptorChain.proceed(RealInterceptorChain.java:67)
07-05 22:33:58.535 W/System.err( 1242): 	at com.hisense.httpclient.interceptor.VerifySignInterCeptor.intercept(VerifySignInterCeptor.java:39)
07-05 22:33:58.535 W/System.err( 1242): 	at okhttp3.internal.http.RealInterceptorChain.proceed(RealInterceptorChain.java:92)
07-05 22:33:58.535 W/System.err( 1242): 	at okhttp3.internal.http.RealInterceptorChain.proceed(RealInterceptorChain.java:67)
07-05 22:33:58.535 W/System.err( 1242): 	at okhttp3.RealCall.getResponseWithInterceptorChain(RealCall.java:179)
07-05 22:33:58.535 W/System.err( 1242): 	at okhttp3.RealCall.execute(RealCall.java:63)
07-05 22:33:58.535 W/System.err( 1242): 	at com.bumptech.glide.integration.okhttp3.OkHttpStreamFetcher.loadData(OkHttpStreamFetcher.java:43)
07-05 22:33:58.535 W/System.err( 1242): 	at com.bumptech.glide.integration.okhttp3.OkHttpStreamFetcher.loadData(OkHttpStreamFetcher.java:19)
07-05 22:33:58.535 W/System.err( 1242): 	at com.bumptech.glide.load.model.ImageVideoModelLoader$ImageVideoFetcher.loadData(ImageVideoModelLoader.java:70)
07-05 22:33:58.535 W/System.err( 1242): 	at com.bumptech.glide.load.model.ImageVideoModelLoader$ImageVideoFetcher.loadData(ImageVideoModelLoader.java:53)
07-05 22:33:58.535 W/System.err( 1242): 	at com.bumptech.glide.load.engine.DecodeJob.decodeSource(DecodeJob.java:170)
07-05 22:33:58.535 W/System.err( 1242): 	at com.bumptech.glide.load.engine.DecodeJob.decodeFromSource(DecodeJob.java:128)
07-05 22:33:58.535 W/System.err( 1242): 	at com.bumptech.glide.load.engine.EngineRunnable.decodeFromSource(EngineRunnable.java:122)
07-05 22:33:58.535 W/System.err( 1242): 	at com.bumptech.glide.load.engine.EngineRunnable.decode(EngineRunnable.java:101)
07-05 22:33:58.536 W/System.err( 1242): 	at com.bumptech.glide.load.engine.EngineRunnable.run(EngineRunnable.java:58)
07-05 22:33:58.536 W/System.err( 1242): 	at java.util.concurrent.Executors$RunnableAdapter.call(Executors.java:422)
07-05 22:33:58.536 W/System.err( 1242): 	at java.util.concurrent.FutureTask.run(FutureTask.java:237)
07-05 22:33:58.536 W/System.err( 1242): 	at java.util.concurrent.ThreadPoolExecutor.runWorker(ThreadPoolExecutor.java:1112)
07-05 22:33:58.536 W/System.err( 1242): 	at java.util.concurrent.ThreadPoolExecutor$Worker.run(ThreadPoolExecutor.java:587)
07-05 22:33:58.536 W/System.err( 1242): 	at java.lang.Thread.run(Thread.java:818)
07-05 22:33:58.536 W/System.err( 1242): 	at com.bumptech.glide.load.engine.executor.FifoPriorityThreadPoolExecutor$DefaultThreadFactory$1.run(FifoPriorityThreadPoolExecutor.java:118)
07-05 22:33:58.536 D/HttpHandler( 1242): DNSRetryIntercepter-->refryhostName=139.217.11.211
07-05 22:33:58.537 D/TabView ( 1242): 
07-05 22:33:58.537 D/HttpHandler( 1242): GslbDNS-->hostName=139.217.11.211
07-05 22:33:58.540 D/TabView ( 1242): 
07-05 22:33:58.542 D/TabView ( 1242): 
07-05 22:33:58.544 D/TabView ( 1242): 
07-05 22:33:58.550 D/HttpHandler( 1242): VerifySignInterCeptor-->request.url()=http://picture.edu.hismarttv.com/images/20170628115357740238.png
07-05 22:33:58.550 D/HttpHandler( 1242): VerifySignInterCeptor-->hostname=picture.edu.hismarttv.com
07-05 22:33:58.551 D/HttpHandler( 1242): HttpDNS-->hostname=picture.edu.hismarttv.com
07-05 22:33:58.555 I/MyFragmentStateAdapter( 1242): getCount
07-05 22:33:58.555 I/MyFragmentStateAdapter( 1242): getCount
07-05 22:33:58.556 I/TabView ( 1242): onScroll:,firstItem=0,visibleCount=6,totalCount=10
07-05 22:33:58.562 D/HttpHandler( 1242): VerifySignInterCeptor-->request.url()=http://picture.edu.hismarttv.com/images/20170628111759213347.png
07-05 22:33:58.585 E/btif_config( 2964): [btif_config_get] node is TRUE!
07-05 22:33:58.585 E/btif_config( 2964): [btif_config_get] ret is TRUE!
07-05 22:33:58.598 W/art     ( 1242): Suspending all threads took: 37.510ms
07-05 22:33:58.603 D/HttpHandler( 1242): VerifySignInterCeptor-->hostname=picture.edu.hismarttv.com
07-05 22:33:58.605 I/ContentBridgeAdapterListener( 1242): onAddPresenter 0
07-05 22:33:58.608 I/ContentBridgeAdapterListener( 1242): onCreate ViewHolder{2ef72cd2 position=-1 id=-1, oldPos=-1, pLpos:-1 unbound no parent}
07-05 22:33:58.608 I/ContentBridgeAdapterListener( 1242): onBind 
07-05 22:33:58.611 I/ContentBridgeAdapterListener( 1242): onAttachedToWindow ViewHolder{2ef72cd2 position=0 id=-1, oldPos=-1, pLpos:-1}
07-05 22:33:58.611 I/BaseContentFragment( 1242): setRowViewSelectedViewHolder{2ef72cd2 position=0 id=-1, oldPos=-1, pLpos:-1},isSelectedtrue
07-05 22:33:58.611 I/RoleContentFragment( 1242): onChildSelected:0,lastPos=0
07-05 22:33:58.622 D/OkHttp  ( 1242): --> GET http://139.217.11.211/d?device_id=86100300900000500000060a4818fca8&host=b5d1d96093f9d07d386917b5d3b91cdcb031311b90271792b45951b69dc9c054dc862a7c9178ba82684e325a98b554b4&last= http/1.1
07-05 22:33:58.622 D/OkHttp  ( 1242): Host: lbgs.hismarttv.com
07-05 22:33:58.622 D/OkHttp  ( 1242): Connection: Keep-Alive
07-05 22:33:58.627 I/NetflixMonitorService( 1733): current fgapk : com.hisense.hicloud.edca
07-05 22:33:58.627 I/NetflixMonitorService( 1733): Netflix status unchanged
07-05 22:33:58.628 I/art     ( 1242): Background sticky concurrent mark sweep GC freed 42740(2MB) AllocSpace objects, 2(32KB) LOS objects, 6% free, 26MB/27MB, paused 42.114ms total 240.273ms
07-05 22:33:58.637 D/HttpHandler( 1242): VerifySignInterCeptor-->request.url()=http://picture.edu.hismarttv.com/images/20170628111729989045.png
07-05 22:33:58.637 D/HttpHandler( 1242): VerifySignInterCeptor-->hostname=picture.edu.hismarttv.com
07-05 22:33:58.638 D/HttpHandler( 1242): HttpDNS-->hostname=picture.edu.hismarttv.com
07-05 22:33:58.638 D/HttpHandler( 1242): DNSRetryIntercepter-->http://118.178.149.42/d?device_id=86100300900000500000060a4818fca8&host=b5d1d96093f9d07d386917b5d3b91cdcb031311b90271792b45951b69dc9c054dc862a7c9178ba82684e325a98b554b4&last=
07-05 22:33:58.638 D/HttpHandler( 1242): DNSRetryIntercepter-->118.178.149.42
07-05 22:33:58.622 D/OkHttp  ( 1242): Accept-Encoding: gzip
07-05 22:33:58.655 D/OkHttp  ( 1242): User-Agent: okhttp/3.6.0
07-05 22:33:58.655 D/OkHttp  ( 1242): --> END GET
07-05 22:33:58.687 D/OkHttp  ( 1242): <-- 200 OK http://api.edu.hismarttv.com/usercenter/api/individualize_data?devid=86100300900000500000060a4818fca8&customerId=7195320&subscriberId=13287129&ChannelId=0&tags=&version_id=6&region_name=%E6%9D%AD%E5%B7%9E&uuid=13287129&mac=a8:a6:48:18:fc:a8&model_id=0&APPPackage=com.hisense.hicloud.edca&PFAPPCode=652&APPVersionName=3.0.0.9.00&softwareVersion=LED50MU8600UC0000888&tv_distribute_id=00&devType=0&APIVersion=600&accessToken=72DF6038D2AEAB8A76DFBBBBCC428A4A_004274612826367 (160ms)
07-05 22:33:58.687 D/OkHttp  ( 1242): Server: nginx
07-05 22:33:58.687 D/OkHttp  ( 1242): Date: Wed, 05 Jul 2017 14:33:58 GMT
07-05 22:33:58.687 D/OkHttp  ( 1242): Content-Type: application/json
07-05 22:33:58.687 D/OkHttp  ( 1242): Content-Length: 17184
07-05 22:33:58.687 D/OkHttp  ( 1242): Connection: close
07-05 22:33:58.687 D/OkHttp  ( 1242): <-- END HTTP
07-05 22:33:58.689 D/HttpHandler( 1242): DNSRetryIntercepter-->http://118.178.149.42/d?device_id=86100300900000500000060a4818fca8&host=b5d1d96093f9d07d386917b5d3b91cdcb031311b90271792b45951b69dc9c054dc862a7c9178ba82684e325a98b554b4&last=
07-05 22:33:58.689 D/HttpHandler( 1242): DNSRetryIntercepter-->118.178.149.42
07-05 22:33:58.694 D/HttpHandler( 1242): RetryIntercepter-->retryNum=0
07-05 22:33:58.694 D/HttpHandler( 1242): RetryIntercepter-->backoffmutiplier=0
07-05 22:33:58.710 D/OsdMonitorService( 1733): mCurrentWindow = com.hisense.hicloud.edca/com.hisense.tvui.newhome.HomeMainActivity; newWindow = com.hisense.hicloud.edca/com.hisense.tvui.newhome.HomeMainActivity; isSubWindow = false; isInWinList = false; isExitNow = false
07-05 22:33:58.710 D/OsdMonitorService( 1733): windowNotOsd() : name = com.hisense.hicloud.edca/com.hisense.tvui.newhome.HomeMainActivity
07-05 22:33:58.710 I/OsdMonitorService( 1733): setOsdStatus() : status will change from true to true
07-05 22:33:58.711 D/HttpHandler( 1242): HttpDNS-->hostname=picture.edu.hismarttv.com
07-05 22:33:58.711 D/PowerManagerService( 1733): setScreenBrightnessOverrideFromWindowManagerInternal done
07-05 22:33:58.713 D/PowerManagerService( 1733): setScreenBrightnessOverrideFromWindowManagerInternal done
07-05 22:33:58.714 D/HttpHandler( 1242): GslbDNS-->hostName=118.178.149.42
07-05 22:33:58.716 I/ContentBridgeAdapterListener( 1242): onAddPresenter 1
07-05 22:33:58.716 I/ContentBridgeAdapterListener( 1242): onCreate ViewHolder{24b3c1c9 position=-1 id=-1, oldPos=-1, pLpos:-1 unbound no parent}
07-05 22:33:58.716 I/SpecialFirstRowPresenter( 1242): onBindViewHoldercom.hisense.tvui.newhome.presenter.SpecialFirstListRow@100af0ce,isUnbind=false
07-05 22:33:58.716 I/ContentBridgeAdapterListener( 1242): onBind 
07-05 22:33:58.717 I/ContentBridgeAdapterListener( 1242): onAttachedToWindow ViewHolder{24b3c1c9 position=1 id=-1, oldPos=-1, pLpos:-1}
07-05 22:33:58.718 I/FirstLineAdapter( 1242): canShowTrailer,isOffline=false
07-05 22:33:58.718 I/FirstLineAdapter( 1242): canShowTrailer,isOffline=false
07-05 22:33:58.719 I/FirstLineAdapter( 1242): canShowTrailer,isOffline=false
07-05 22:33:58.719 I/FirstLineAdapter( 1242): onCreateViewHolder viewtype=0
07-05 22:33:58.727 D/PowerManagerService( 1733): setScreenBrightnessOverrideFromWindowManagerInternal done
07-05 22:33:58.734 I/FirstLineAdapter( 1242): onBindViewHolder 0
07-05 22:33:58.745 I/FirstLineAdapter( 1242): canShowTrailer,isOffline=false
07-05 22:33:58.745 I/FirstLineAdapter( 1242): onCreateViewHolder viewtype=1
07-05 22:33:58.756 I/FirstLineAdapter( 1242): onBindViewHolder 1
07-05 22:33:58.756 D/FirstLineAdapter( 1242): setVipPoster ===>url :http://picture.edu.hismarttv.com/images/
07-05 22:33:58.761 I/TVMW@devctrl( 1234): wdt
07-05 22:33:58.763 I/FirstLineAdapter( 1242): canShowTrailer,isOffline=false
07-05 22:33:58.763 I/FirstLineAdapter( 1242): onCreateViewHolder viewtype=2
07-05 22:33:58.765 I/FirstLineAdapter( 1242): onBindViewHolder 2
07-05 22:33:58.772 I/MyItemDecoration( 1242): getItemOffsets rect=Rect(0, -17 - 0, 0),pos=1
07-05 22:33:58.772 D/hwcomposer( 1204): lastHWWindowInfo is dirty
07-05 22:33:58.774 I/MyItemDecoration( 1242): getItemOffsets rect=Rect(0, -15 - 0, 0),pos=2
07-05 22:33:58.775 I/FirstLineAdapter( 1242): canShowTrailer,isOffline=false
07-05 22:33:58.775 I/FirstLineAdapter( 1242): canShowTrailer,isOffline=false
07-05 22:33:58.775 I/FirstLineAdapter( 1242): onCreateViewHolder viewtype=3
07-05 22:33:58.775 I/CurrentCarouselView( 1242): initView
07-05 22:33:58.793 D/HttpHandler( 1242): DNSRetryIntercepter-->http://118.178.149.42/d?device_id=86100300900000500000060a4818fca8&host=b5d1d96093f9d07d386917b5d3b91cdcb031311b90271792b45951b69dc9c054dc862a7c9178ba82684e325a98b554b4&last=
07-05 22:33:58.793 D/HttpHandler( 1242): DNSRetryIntercepter-->118.178.149.42
07-05 22:33:58.794 D/HttpHandler( 1242): GslbDNS-->hostName=118.178.149.42
07-05 22:33:58.795 E/WebcastSDK-( 1242): isImageCacheLimitedStat(),  context.getPackageName = com.hisense.hicloud.edca
07-05 22:33:58.795 E/WebcastSDK-( 1242): isImageCacheLimitedStat(),  mIsImageLimited = 1
07-05 22:33:58.809 D/HttpHandler( 1242): GslbDNS-->hostName=118.178.149.42
07-05 22:33:58.815 D/OkHttp  ( 1242): --> GET http://118.178.149.42/d?device_id=86100300900000500000060a4818fca8&host=b5d1d96093f9d07d386917b5d3b91cdcb031311b90271792b45951b69dc9c054dc862a7c9178ba82684e325a98b554b4&last= http/1.1
07-05 22:33:58.815 D/OkHttp  ( 1242): Host: lbgs.hismarttv.com
07-05 22:33:58.815 D/OkHttp  ( 1242): Connection: Keep-Alive
07-05 22:33:58.815 D/OkHttp  ( 1242): Accept-Encoding: gzip
07-05 22:33:58.815 D/OkHttp  ( 1242): User-Agent: okhttp/3.6.0
07-05 22:33:58.815 D/OkHttp  ( 1242): --> END GET
07-05 22:33:58.819 E/WebcastSDK-HiCloudSourcePlugin( 1242): init(), Webcast App Token is NULL.
07-05 22:33:58.819 E/WebcastSDK-HiCloudSourcePlugin( 1242): getHiCloudService(), Webcast App Token is NULL.
07-05 22:33:58.819 D/HttpHandler( 1242): VerifySignInterCeptor-->dateType=1
07-05 22:33:58.819 D/HttpHandler( 1242): VerifySignInterCeptor-->HttpRequestManager.httpClietOption.getVerifyFlag()=1
07-05 22:33:58.821 D/WebcastSDK-HiCloudSourcePlugin( 1242): getContext(): com.hisense.hicloud.edca.BaseApplication@2adbac5c mWebcastManager: null
07-05 22:33:58.833 E/WebcastSDK-DataReport( 1242): init(), Webcast App Token is NULL.
07-05 22:33:58.833 E/WebcastSDK-DataReport( 1242): getHiCloudService(), Webcast App Token is NULL.
07-05 22:33:58.841 E/WebcastSDK-HiCloudSourcePlugin( 1242): checkHiCloudFetchCondition(), Webcast App Token is NULL. mToken: null
07-05 22:33:58.841 E/WebcastSDK-HiCloudSourcePlugin( 1242): FetchSystemParameterTask(), has no fetch condition, return.
07-05 22:33:58.845 D/OkHttp  ( 1242): --> GET http://118.178.149.42/d?device_id=86100300900000500000060a4818fca8&host=b5d1d96093f9d07d386917b5d3b91cdcb031311b90271792b45951b69dc9c054dc862a7c9178ba82684e325a98b554b4&last= http/1.1
07-05 22:33:58.845 D/OkHttp  ( 1242): Host: lbgs.hismarttv.com
07-05 22:33:58.845 D/OkHttp  ( 1242): Connection: Keep-Alive
07-05 22:33:58.845 D/OkHttp  ( 1242): Accept-Encoding: gzip
07-05 22:33:58.845 D/OkHttp  ( 1242): User-Agent: okhttp/3.6.0
07-05 22:33:58.845 D/OkHttp  ( 1242): --> END GET
07-05 22:33:58.847 D/WebcastSDK-WebcastManager( 1242): Device license:WASU
07-05 22:33:58.849 D/OkHttp  ( 1242): <-- 200 OK http://139.217.11.211/d?device_id=86100300900000500000060a4818fca8&host=b5d1d96093f9d07d386917b5d3b91cdcb031311b90271792b45951b69dc9c054dc862a7c9178ba82684e325a98b554b4&last= (194ms)
07-05 22:33:58.849 D/OkHttp  ( 1242): Server: openresty
07-05 22:33:58.850 D/OkHttp  ( 1242): Date: Wed, 05 Jul 2017 14:33:58 GMT
07-05 22:33:58.850 D/OkHttp  ( 1242): Content-Type: application/octet-stream
07-05 22:33:58.850 D/OkHttp  ( 1242): Transfer-Encoding: chunked
07-05 22:33:58.850 D/OkHttp  ( 1242): Connection: close
07-05 22:33:58.850 D/OkHttp  ( 1242): <-- END HTTP
07-05 22:33:58.852 I/TVMW@HsTvSetting( 1234): Trace cmd, data = 0x1058
07-05 22:33:58.852 D/til@system( 2026): til_get_system_param option:100002F int:0, bool:0, ret:0
07-05 22:33:58.853 I/TVMW@HsTvSetting( 1234): Trace cmd, data = 0x101f
07-05 22:33:58.853 D/til@system( 2026): til_get_system_param option:100001D int:3, bool:3, ret:0
07-05 22:33:58.853 E/til     ( 2026): [til_get_current_input_source, 101] 
07-05 22:33:58.853 I/TVMW@HsTvSetting( 1234): Trace cmd, data = 0x7007
07-05 22:33:58.853 I/tilwrapper@sm( 2026): HS2TIL_SourceType *hs=0xd, *til=0x900
07-05 22:33:58.853 D/til     ( 2026): get current source 2304
07-05 22:33:58.853 D/SourceRemoteServiceHandler( 2026): getCurrentInputSource.from.til.result is 0, value is 2304
07-05 22:33:58.854 D/SourceRemoteServiceHandler( 2026): getInputSourceType source: 0x900, type=2304
07-05 22:33:58.854 D/til     ( 2026): ###### func:til_get_picture_param option:0x3000006 ######  
07-05 22:33:58.854 D/HttpHandler( 1242): DNSRetryIntercepter-->checkData=dbbf03a0e59a5c14094df6af108b323c1fd009dd77aef9142db459fef4d526e06298c03be30f744283273817722e49f84b9aac68674ec03821c81362d24a3449c62fdc5674d681a74a560ffe16d45f13a304fddcfc5985c247ef21f777c8f75d7371ce0e1429d26bddc824abd85212017ac9d7d53169e938f7fae6b68c63fa0e7626d3c9bfe00913d6c92b47ff7cba8cf491b753ac1b2f4050d2a7f70de03a51c418eaaf1260310447bca2c2f3ec9fbfcaabad9781dc56706c0162f6d70a951953319f64c6e04b2f72fd880671ea31bf2c42f5764f297322bfd7d8081f2d5623e67abad7bae01180405437da85dfbf0e9d8cf90482a7fe7f11e4ea945cbc71958c1fe35017e658527c3004d6a3e764767f740b8de8eba994b92a712e0cc4a0a4050524e96fe4ba9761e84afaddabb3da
07-05 22:33:58.856 D/HttpHandler( 1242): DNSHelper-->gslbDnsresult={"timestamp":1499265238,"msg":"","data":{"lbgs.hismarttv.com":{"ips":["118.178.149.42","139.217.11.211"],"ttl":3600},"picture.edu.hismarttv.com":{"ips":["123.128.14.209","153.35.175.121","220.202.77.124","153.35.175.120","36.33.158.222","112.65.220.40","218.58.206.58"],"ttl":300}},"retCode":"0"}
07-05 22:33:58.856 I/System.out( 1242):  remove duplicate [118.178.149.42, 139.217.11.211]
07-05 22:33:58.857 I/TVMW@HsTvSetting( 1234): Trace cmd, data = 0x1003
07-05 22:33:58.858 I/TVMW@HsTvSetting( 1234): Trace cmd, data = 0x8032
07-05 22:33:58.858 I/hstvos  ( 1216): [0m[1;33m[HSHAL][HS_VIDEO][HS_HAL_Video_SetOsdDetect_v2][2389]u16Threshold = 20
07-05 22:33:58.858 I/WebcastSDK-ProgramScheduleDataManager( 1242): init(), next time to fetch programSchedules in interval = 120min.
07-05 22:33:58.859 E/TVMW@videoctrl( 1234):  getOsd is 1
07-05 22:33:58.859 D/til@system( 2026): til_get_system_param option:1000027 int:1, bool:1, ret:0
07-05 22:33:58.859 D/til     ( 2026): ###### func:til_get_picture_param option:0x3000045 ######  
07-05 22:33:58.859 I/WebcastSDK-HistoryDataManager( 1242): HistoryDataManager.init
07-05 22:33:58.859 I/TVMW@HsTvSetting( 1234): Trace cmd, data = 0x300c
07-05 22:33:58.859 I/TVMW@HsTvSetting( 1234): Trace 3d, data = 0x300c
07-05 22:33:58.859 I/TVMW@3d ( 1234): Hs_debug3d_trace: func:get3dStatus, line:109
07-05 22:33:58.861 I/MiSysSrv( 1214): Not support now! 42, change to mm_video!!!
07-05 22:33:58.871 D/HttpHandler( 1242): DNSHelper-->httpDnsParser=["123.128.14.209","153.35.175.121","220.202.77.124","153.35.175.120","36.33.158.222","112.65.220.40","218.58.206.58"]
07-05 22:33:58.872 D/HttpHandler( 1242): RetryIntercepter-->retryNum=0
07-05 22:33:58.872 D/HttpHandler( 1242): RetryIntercepter-->backoffmutiplier=0
07-05 22:33:58.873 D/HttpHandler( 1242): VerifySignInterCeptor-->request.url()=http://picture.edu.hismarttv.com/images/20170628115302475663.png
07-05 22:33:58.873 D/HttpHandler( 1242): VerifySignInterCeptor-->hostname=picture.edu.hismarttv.com
07-05 22:33:58.874 D/HttpHandler( 1242): HttpDNS-->hostname=picture.edu.hismarttv.com
07-05 22:33:58.874 D/HttpHandler( 1242): RAMCache-->hostInfo.getClientTimeStamp()=14080429
07-05 22:33:58.875 D/HttpHandler( 1242): RAMCache-->hostInfo.getTtl()=300
07-05 22:33:58.876 D/HttpHandler( 1242): RAMCache-->SystemClock.elapsedRealtime()=14080447
07-05 22:33:58.899 D/OkHttp  ( 1242): <-- 200 OK http://118.178.149.42/d?device_id=86100300900000500000060a4818fca8&host=b5d1d96093f9d07d386917b5d3b91cdcb031311b90271792b45951b69dc9c054dc862a7c9178ba82684e325a98b554b4&last= (83ms)
07-05 22:33:58.901 I/DataDBLite( 1242): onCreate
07-05 22:33:58.913 D/HttpHandler( 1242): DNSHelper-->gslbDns=["123.128.14.209","153.35.175.121","220.202.77.124","153.35.175.120","36.33.158.222","112.65.220.40","218.58.206.58"]
07-05 22:33:58.924 E/WebcastSDK-HiCloudImageCacheManager( 1242): HiCloudImageCacheManager(), isImageCacheLimitedStat = true
07-05 22:33:58.924 I/WebcastSDK-WebcastManager( 1242): addListener(), add ICarouselListener com.hisense.webcastSDK.data.hicloud.HiCloudSourcePlugin$2@f53bf3a
07-05 22:33:58.924 I/WebcastSDK-WebcastManager( 1242): adding listener com.hisense.webcastSDK.data.hicloud.HiCloudSourcePlugin$1@2bc847eb
07-05 22:33:58.924 I/WebcastSDK-HiCloudSourcePlugin( 1242): addListener(), add INetworkDataListener com.hisense.webcastSDK.data.internal.EPGDataManager$1@34f26948
07-05 22:33:58.924 I/WebcastSDK-WebcastManager( 1242): adding listener com.hisense.webcastSDK.utils.DataReport$1@1cfaf3e1
07-05 22:33:58.925 D/WebcastSDK-WebcastInternalImpl( 1242): init all manager.
07-05 22:33:58.926 D/HttpHandler( 1242): VerifySignInterCeptor-->content={"masterViews": [{"navigationId": 10002, "tiles": [{"index": 1, "facets": [{"index": 1, "typeCode": 1002, "grade": null, "title": "\u90d1\u591a\u71d5BodyBall Slim\u5927\u7403\u64cd", "backgroundImages": [{"url": "http://picture.edu.hismarttv.com/images/20161212024038700821.jpg", "mobile_image_icon_url": "http://picture.edu.hismarttv.com/images/20161102023035587534.jpg", "url_horizontal": "http://picture.edu.hismarttv.com/images/20170629033643181276.jpg"}], "id": "38036"}], "width_horizontal": null, "width": null}, {"index": 1, "facets": [{"index": 1, "typeCode": 1002, "grade": null, "title": "\u90d1\u591a\u71d5BodyBall ABS\u6709\u6c27\u64cd", "backgroundImages": [{"url": "http://picture.edu.hismarttv.com/images/20161212022722337765.jpg", "mobile_image_icon_url": "http://picture.edu.hismarttv.com/images/20161102033100773911.jpg", "url_horizontal": "http://picture.edu.hismarttv.com/images/20170629032906301152.jpg"}], "id": "38037"}], "width_horizontal": null, "width": null}, {"index": 1, "facets": [{"index": 1, "typeCode": 1002, "grade": "\u5176\u4ed6", "title": "\u98ce\u5c1a\u5065\u8eab-\u52a8\u611f\u8857\u821e", "backgroundImages": [{"url": null, "mobile_image_icon_url": null, "url_horizontal": "http://picture.edu.hismarttv.com/images/20170629/\u98ce\u5c1a\u5065\u8eab-\u52a8\u611f\u8857\u821e.jpg"}], "id": "8852"}], "width_horizontal": null, "width": null}, {"index": 1, "facets": [{"index": 1, "typeCode": 1002, "grade": null, "title": "\u90d1\u591a\u71d5BodyBall Hip&leg\u57ab\u4e0a\u64cd", "backgroundImages": [{"url": "http://picture.edu.hismarttv.com/images/20161212022759387904.jpg", "mobile_image_icon_url": "http://picture.edu.hismarttv.com/images/20161102032541379768.jpg", "url_horizontal": "http://picture.edu.hismarttv.com/images/20170629033606511137.jpg"}], "id": "38039"}], "width_horizontal": null, "width": null}, {"index": 1, "facets": [{"index": 1, "typeCode": 1002, "grade": null, "title": "\u90d1\u591a\u71d5\u5c0f\u7070\u5e3d\u5065\u8eab\u64cd", "backgroundImages": [{"url": "http://picture.edu.hismarttv.com/images/20161212022539029485.jpg", "mobile_image_icon_url": "http://picture.edu.hismarttv.com/images/20161102021604651091.jpg", "url_horizontal": "http://picture.edu.hismarttv.com/images/20170629/\u90d1\u591a\u71d5\u5c0f\u7070\u5e3d\u5065\u8eab\u64cd.jpg"}], "id": "38033"}], "width_horizontal": null, "width": null}, {"index": 1, "facets": [{"index": 1, "typeCode": 1002, "grade": null, "title": "\u90d1\u591a\u71d5FigureDumb\u54d1\u94c3\u64cd", "backgroundImages": [{"url": "http://picture.edu.hismarttv.com/images/20161212035609771233.jpg", "mobile_image_icon_url": "http://picture.edu.hismarttv.com/images/20161102021824917487.jpg", "url_horizontal": "http://picture.edu.hismarttv.com/images/20170629033936455331.jpg"}], "id": "38034"}], "width_horizontal": null, "width": null}, {"index": 1, "facets": [{"index": 1, "typeCode": 1002, "grade": null, "title": "\u90d1\u591a\u71d5FigureMat\u57ab\u4e0a\u64cd", "backgroundImages": [{"url": "http://picture.edu.hismarttv.com/images/20161212022344417148.jpg", "mobile_image_icon_url": null, "url_horizontal": "http://picture.edu.hismarttv.com/images/20170629033520364415.jpg"}], "id": "38035"}], "width_horizontal": null, "width": null}, {"index": 1, "facets": [{"index": 1, "typeCode": 1002, "grade": null, "title": "\u548c\u5973\u795e\u4e00\u8d77\u5b66\u53e3\u8bed\uff08\u7f51\u7edc\u5267\uff09", "backgroundImages": [{"url": "http://picture.edu.hismarttv.com/images/20170316053549297889.jpg", "mobile_image_icon_url": null, "url_horizontal": null}], "id": "35901"}], "width_horizontal": null, "width": null}, {"index": 1, "facets": [{"index": 1, "typeCode": 1002, "grade": null, "title": "\u770b\u5927\u7247\u5b66\u82f1\u6587\uff08\u7f51\u7edc\u5267\uff09", "backgroundImages": [{"url": "http://picture.edu.hismarttv.com/images/20170316053716559350.jpg", "mobile_image_icon_url": null, "url_horizontal": null}], "id": "35891"}], "width_horizontal": null, "width": null}, {"index": 1, "facets": [{"index": 1, "typeCode": 1002, "
07-05 22:33:58.929 D/OkHttp  ( 1242): Server: openresty
07-05 22:33:58.929 D/OkHttp  ( 1242): Date: Wed, 05 Jul 2017 14:33:58 GMT
07-05 22:33:58.929 D/OkHttp  ( 1242): Content-Type: application/octet-stream
07-05 22:33:58.929 D/OkHttp  ( 1242): Transfer-Encoding: chunked
07-05 22:33:58.929 D/OkHttp  ( 1242): Connection: close
07-05 22:33:58.929 D/OkHttp  ( 1242): <-- END HTTP
07-05 22:33:58.932 D/HttpHandler( 1242): DNSRetryIntercepter-->checkData=dbbf03a0e59a5c14094df6af108b323c1fd009dd77aef9142db459fef4d526e06298c03be30f744283273817722e49f84b9aac68674ec03821c81362d24a3449c62fdc5674d681a74a560ffe16d45f13a304fddcfc5985c247ef21f777c8f75d7371ce0e1429d26bddc824abd85212017ac9d7d53169e938f7fae6b68c63fa0e7626d3c9bfe00913d6c92b47ff7cba8cd87896198697b07e989d3ea77d7250b95023e9df01d51c93cc036b702dc65eee2fd85fcbc5a2932c89c8f3987a87956e9255bada942e843bf77d3f015981baf5831ba6b2d942405659349ce5d3dbd6d2aa3f88850950fa8a3c6bcf0855c85ae4613611108edf267c81d0f83bae7e6e63b010ab82c7a044a4713a91f3c6365adad4cc226c4aac946a866d572e21ebf34d3927f0b07281b19cc9953b14478393ff
07-05 22:33:58.934 D/HttpHandler( 1242): DNSHelper-->gslbDnsresult={"timestamp":1499265238,"msg":"","data":{"lbgs.hismarttv.com":{"ips":["118.178.149.42","139.217.11.211"],"ttl":3600},"picture.edu.hismarttv.com":{"ips":["153.35.175.120","36.33.158.222","112.65.220.40","218.58.206.58","123.128.14.209","153.35.175.121","220.202.77.124"],"ttl":300}},"retCode":"0"}
07-05 22:33:58.934 D/Carousel-Utils( 1242): SCREEN_WIDTH:1920,SCREEN_Height:1080,destity:2.0,smallWidth:818,height:460,listItem w:268,h:226,top:38,bottom:38
07-05 22:33:58.953 W/art     ( 1242): Suspending all threads took: 18.671ms
07-05 22:33:58.960 W/ActivityManager( 1733): Activity destroy timeout for ActivityRecord{131789b8 u0 com.jamdeo.launcher/.app.BaseTileActivity t5275 f}
07-05 22:33:58.966 D/OkHttp  ( 1242): <-- 200 OK http://118.178.149.42/d?device_id=86100300900000500000060a4818fca8&host=b5d1d96093f9d07d386917b5d3b91cdcb031311b90271792b45951b69dc9c054dc862a7c9178ba82684e325a98b554b4&last= (120ms)
07-05 22:33:58.966 D/OkHttp  ( 1242): Server: openresty
07-05 22:33:58.966 D/OkHttp  ( 1242): Date: Wed, 05 Jul 2017 14:33:58 GMT
07-05 22:33:58.966 D/OkHttp  ( 1242): Content-Type: application/octet-stream
07-05 22:33:58.966 D/OkHttp  ( 1242): Transfer-Encoding: chunked
07-05 22:33:58.966 D/OkHttp  ( 1242): Connection: close
07-05 22:33:58.966 D/OkHttp  ( 1242): <-- END HTTP
07-05 22:33:58.969 I/art     ( 1242): Background sticky concurrent mark sweep GC freed 9318(535KB) AllocSpace objects, 5(115KB) LOS objects, 2% free, 27MB/27MB, paused 23.854ms total 84.914ms
07-05 22:33:58.978 D/HttpHandler( 1242): DNSRetryIntercepter-->checkData=dbbf03a0e59a5c14094df6af108b323c1fd009dd77aef9142db459fef4d526e06298c03be30f744283273817722e49f84b9aac68674ec03821c81362d24a3449c62fdc5674d681a74a560ffe16d45f13a304fddcfc5985c247ef21f777c8f75d7371ce0e1429d26bddc824abd85212017ac9d7d53169e938f7fae6b68c63fa0e7626d3c9bfe00913d6c92b47ff7cba8c5717e19b7964e9ebe22c043056d0676a6373077dec4ce27c90e9655451838e471d9370da8f811e4d6f8f43649aabee8f1124dcba1384116b74e1bcdbd8fc8b8f1671633711106f0b350c4811b16abb0621a5249ce197168587e2671188fc48a1bb8c16ffb4d0c07ae0be561172fceb8200ca7d5ab7f6ea97f740c96850b46f87fd7b79c5fa4d8fb3860dbcb10afbd17b8bb8400fa1a906d738df659d252ef274
07-05 22:33:58.981 D/OkHttp  ( 1242): --> GET http://picture.edu.hismarttv.com/images/20170628115302475663.png http/1.1
07-05 22:33:58.982 D/OkHttp  ( 1242): Host: picture.edu.hismarttv.com
07-05 22:33:58.982 D/OkHttp  ( 1242): Connection: Keep-Alive
07-05 22:33:58.982 D/OkHttp  ( 1242): Accept-Encoding: gzip
07-05 22:33:58.982 D/OkHttp  ( 1242): User-Agent: okhttp/3.6.0
07-05 22:33:58.982 D/OkHttp  ( 1242): --> END GET
07-05 22:33:58.986 D/OkHttp  ( 1242): --> GET http://118.178.149.42/d?device_id=86100300900000500000060a4818fca8&host=b5d1d96093f9d07d386917b5d3b91cdcb031311b90271792b45951b69dc9c054dc862a7c9178ba82684e325a98b554b4&last= http/1.1
07-05 22:33:58.986 D/OkHttp  ( 1242): Host: lbgs.hismarttv.com
07-05 22:33:58.986 D/OkHttp  ( 1242): Connection: Keep-Alive
07-05 22:33:58.986 D/OkHttp  ( 1242): Accept-Encoding: gzip
07-05 22:33:58.986 D/OkHttp  ( 1242): User-Agent: okhttp/3.6.0
07-05 22:33:58.986 D/OkHttp  ( 1242): --> END GET
07-05 22:33:58.987 I/System.out( 1242):  remove duplicate [118.178.149.42, 139.217.11.211]
07-05 22:33:59.002 D/HttpHandler( 1242): DNSHelper-->httpDnsParser=["153.35.175.120","36.33.158.222","112.65.220.40","218.58.206.58","123.128.14.209","153.35.175.121","220.202.77.124"]
07-05 22:33:59.023 D/Carousel-CarouselView( 1242): setModel,hascCode=558015189
07-05 22:33:59.027 W/linker  ( 1242): libChinaNetSecret.so: unused DT entry: type 0x6ffffffe arg 0xbf8
07-05 22:33:59.027 W/linker  ( 1242): libChinaNetSecret.so: unused DT entry: type 0x6fffffff arg 0x1
07-05 22:33:59.027 I/CurrentCarouselView( 1242): security: ChinaNetCenterWskeyForJuHaoKan
07-05 22:33:59.027 I/CurrentCarouselView( 1242): BaseApplication.sSignStr=3082023B308201A4A00302010202045051BD19300D06092A864886F70D01010505003062310B30090603550406130238363111300F060355040813085368616E646F6E673110300E0603550407130751696E6764616F311F301D060355040A1316486973656E7365206D65646961206E6574776F726B73310D300B0603550403130448695456301E170D3132303931333131303134355A170D3432303930363131303134355A3062310B30090603550406130238363111300F060355040813085368616E646F6E673110300E0603550407130751696E6764616F311F301D060355040A1316486973656E7365206D65646961206E6574776F726B73310D300B060355040313044869545630819F300D06092A864886F70D010101050003818D0030818902818100841C2D9F5F1E0BBB4DF77826A11FEFFB557C22B07892114637C945272821CF6A4CD023F45FC0B0E825EA8839470BE63B95CD5E4B64FF7ECC8A910DB20DBE2A9E8504EC39E7C0E8E74435F745F47D821124744FBF91A2C70CA85DC07D24C53322D8CC33C9EE542E872E44AF0E9E203328A106B31DC3BEC523600DDDA2204C665D0203010001300D06092A864886F70D0101050500038181003AA40C684E7AB45294882A0766EABD8C4BB7C0DFC4DE9ED13E192ECA9370C6B493257129F8DC248335D86877EAB36FBE9A8867E3F034BFD035CEC363073B558AAA6F42838FE0B1BEC3BC90B3E6FEE5D1D78C5CEC7966696D86FC071ED59063FD8E08DECAC8EBD0FB39443415B6725C00B0BACE4A06EF97D76158BF37D36720BB
07-05 22:33:59.027 I/CurrentCarouselView( 1242): serverTime=1499265238000
07-05 22:33:59.028 E/WebcastSDK-WebcastManager( 1242): setToken(), new Token = 72DF6038D2AEAB8A76DFBBBBCC428A4A_004274612826367
07-05 22:33:59.028 I/WebcastSDK-HiCloudSourcePlugin( 1242): notifyAppTokenChanged(), token = 72DF6038D2AEAB8A76DFBBBBCC428A4A_004274612826367
07-05 22:33:59.029 D/OkHttp  ( 1242): <-- 200 OK http://picture.edu.hismarttv.com/images/20170628115302475663.png (47ms)
07-05 22:33:59.029 D/OkHttp  ( 1242): Date: Mon, 03 Jul 2017 11:32:15 GMT
07-05 22:33:59.029 D/OkHttp  ( 1242): Server: nginx
07-05 22:33:59.029 D/OkHttp  ( 1242): Content-Type: image/png
07-05 22:33:59.029 D/OkHttp  ( 1242): Content-Length: 2527
07-05 22:33:59.029 D/OkHttp  ( 1242): Last-Modified: Wed, 28 Jun 2017 11:53:02 GMT
07-05 22:33:59.029 D/OkHttp  ( 1242): ETag: "5953989e-9df"
07-05 22:33:59.030 D/OkHttp  ( 1242): Accept-Ranges: bytes
07-05 22:33:59.030 D/OkHttp  ( 1242): Age: 183704
07-05 22:33:59.030 D/OkHttp  ( 1242): Via: 1.1 jn241:2 (Cdn Cache Server V2.0)[0 200 0], 1.1 angtong95:3 (Cdn Cache Server V2.0)[0 200 0]
07-05 22:33:59.030 D/OkHttp  ( 1242): Connection: keep-alive
07-05 22:33:59.030 D/OkHttp  ( 1242): <-- END HTTP
07-05 22:33:59.031 D/HttpHandler( 1242): RetryIntercepter-->retryNum=0
07-05 22:33:59.031 D/HttpHandler( 1242): RetryIntercepter-->backoffmutiplier=0
07-05 22:33:59.039 I/UsageStatsService( 1733): User[0] Flushing usage stats to disk
07-05 22:33:59.041 V/PackageManager( 1733): getPackageInfo com.hisense.hicloud.edca: Package{3fb3f3a1 com.hisense.hicloud.edca}
07-05 22:33:59.041 I/WebcastSDK-( 1242): getAppVersionCode(), versionCode = 652
07-05 22:33:59.051 D/OkHttp  ( 1242): --> GET http://picture.edu.hismarttv.com/images/20170628111729989045.png http/1.1
07-05 22:33:59.051 D/OkHttp  ( 1242): Host: picture.edu.hismarttv.com
07-05 22:33:59.051 D/OkHttp  ( 1242): Connection: Keep-Alive
07-05 22:33:59.056 D/OkHttp  ( 1242): Accept-Encoding: gzip
07-05 22:33:59.056 D/OkHttp  ( 1242): User-Agent: okhttp/3.6.0
07-05 22:33:59.056 D/OkHttp  ( 1242): --> END GET
07-05 22:33:59.059 I/WebcastSDK-DataReport( 1242): notifyAppTokenChanged(), token = 72DF6038D2AEAB8A76DFBBBBCC428A4A_004274612826367
07-05 22:33:59.060 V/PackageManager( 1733): getPackageInfo com.hisense.hicloud.edca: Package{3fb3f3a1 com.hisense.hicloud.edca}
07-05 22:33:59.063 I/WebcastSDK-( 1242): getAppVersionCode(), versionCode = 652
07-05 22:33:59.064 D/Carousel-( 1242): setSignonInfo subscriberId:13287129,customerId:7195320
07-05 22:33:59.066 D/til@system( 2026): til_get_system_param option:1000007 int:-1936522112, bool:128, ret:0
07-05 22:33:59.067 D/til@system( 2026): til_get_system_param option:1000009 int:-1815634176, bool:0, ret:0
07-05 22:33:59.073 D/til@system( 2026): til_get_system_param option:1000008 int:-1815632896, bool:0, ret:0
07-05 22:33:59.078 D/HttpDnsUtils( 1242): CEXX-getOperationDetail-productName : LED50MU8600UC
07-05 22:33:59.078 D/HttpDnsUtils( 1242): CEXX-getOperationDetail-plmNumber : 88888
07-05 22:33:59.078 D/HttpDnsUtils( 1242): CEXX-getOperationDetail-swVersion : V0000.00.01A
07-05 22:33:59.078 D/HttpDnsUtils( 1242): CEXX-getOperationDetail-operationDetail : LED50MU8600UC0000888
07-05 22:33:59.089 I/FirstLineAdapter( 1242): onBindViewHolder 3
07-05 22:33:59.090 E/WebcastSDK-WebcastManager( 1242): setAppServiceDomainList.
07-05 22:33:59.090 V/PackageManager( 1733): getPackageInfo com.hisense.hicloud.edca: Package{3fb3f3a1 com.hisense.hicloud.edca}
07-05 22:33:59.090 D/til@system( 2026): til_get_system_param option:1000007 int:-1936525184, bool:128, ret:0
07-05 22:33:59.091 I/WebcastSDK-( 1242): getAppVersionCode(), versionCode = 652
07-05 22:33:59.091 D/til@system( 2026): til_get_system_param option:1000009 int:-1936522368, bool:128, ret:0
07-05 22:33:59.092 D/til@system( 2026): til_get_system_param option:1000008 int:-1936523008, bool:0, ret:0
07-05 22:33:59.093 D/HttpDnsUtils( 1242): CEXX-getOperationDetail-productName : LED50MU8600UC
07-05 22:33:59.093 D/HttpDnsUtils( 1242): CEXX-getOperationDetail-plmNumber : 88888
07-05 22:33:59.093 D/HttpDnsUtils( 1242): CEXX-getOperationDetail-swVersion : V0000.00.01A
07-05 22:33:59.093 D/HttpDnsUtils( 1242): CEXX-getOperationDetail-operationDetail : LED50MU8600UC0000888
07-05 22:33:59.093 I/CurrentCarouselView( 1242): setTrailData
07-05 22:33:59.093 I/Util    ( 1242): memory : total=1912,limit=1024
07-05 22:33:59.094 D/Carousel-CarouselPicVideoListInfo( 1242): carouselList: 3
07-05 22:33:59.094 D/Carousel-CarouselView( 1242): setData! info=com.hisense.hitv.carouselwidgit.bean.CarouselPicVideoListInfo@1cb6b478, hascCode=558015189
07-05 22:33:59.094 D/Carousel-CarouselView( 1242): showInitPoster.
07-05 22:33:59.094 D/Carousel-CarouselDisplayPlayerLayout( 1242): isFullScreen:false
07-05 22:33:59.094 D/Carousel-CarouselView( 1242): ACTION_CLEAR_POSTER_AND_PLAY isFullScreen:false
07-05 22:33:59.095 D/Carousel-CarouselView( 1242): InitPosterUrl:http://picture.edu.hismarttv.com/images/20170629010146422927.jpg
07-05 22:33:59.095 D/Carousel-Utils( 1242): displayImage view=android.widget.ImageView{31979751 V.ED.... ......I. 0,0-0,0 #7f0d0029 app:id/imageView1}
07-05 22:33:59.095 D/Carousel-Utils( 1242): displayImage url=http://picture.edu.hismarttv.com/images/20170629010146422927.jpg
07-05 22:33:59.104 I/CurrentCarouselView( 1242): startPlay
07-05 22:33:59.105 I/CurrentCarouselView( 1242): CurrentCarouselView.sHasShopDialog=false
07-05 22:33:59.105 I/CurrentCarouselView( 1242): onAttachedToWindow
07-05 22:33:59.107 D/Carousel-CarouselView( 1242): onAttachedToWindow.
07-05 22:33:59.107 I/MyItemDecoration( 1242): getItemOffsets rect=Rect(-32, -16 - 0, 0),pos=3
07-05 22:33:59.113 D/OkHttp  ( 1242): <-- 200 OK http://picture.edu.hismarttv.com/images/20170628111729989045.png (57ms)
07-05 22:33:59.114 D/OkHttp  ( 1242): Date: Mon, 03 Jul 2017 10:17:07 GMT
07-05 22:33:59.114 D/OkHttp  ( 1242): Server: nginx
07-05 22:33:59.114 D/OkHttp  ( 1242): Content-Type: image/png
07-05 22:33:59.121 D/OkHttp  ( 1242): Content-Length: 2752
07-05 22:33:59.121 D/OkHttp  ( 1242): Last-Modified: Wed, 28 Jun 2017 11:17:29 GMT
07-05 22:33:59.121 D/OkHttp  ( 1242): ETag: "59539049-ac0"
07-05 22:33:59.121 D/OkHttp  ( 1242): Accept-Ranges: bytes
07-05 22:33:59.121 D/OkHttp  ( 1242): Age: 188212
07-05 22:33:59.121 D/OkHttp  ( 1242): Via: 1.1 zhiwangtong173:3 (Cdn Cache Server V2.0)[0 200 0], 1.1 t85:0 (Cdn Cache Server V2.0)[23 200 0]
07-05 22:33:59.121 D/OkHttp  ( 1242): Connection: keep-alive
07-05 22:33:59.121 D/OkHttp  ( 1242): <-- END HTTP
07-05 22:33:59.136 E/btif_config( 2964): [btif_config_get] node is TRUE!
07-05 22:33:59.136 E/btif_config( 2964): [btif_config_get] ret is TRUE!
07-05 22:33:59.137 D/Carousel-CarouselChannelItemView( 1242): Listitem imageUrl:http://picture.edu.hismarttv.com/images/20170628102959016598.jpg
07-05 22:33:59.148 D/Carousel-CarouselChannelItemView( 1242): Listitem imageUrl:http://picture.edu.hismarttv.com/images/20170628103002814396.jpg
07-05 22:33:59.150 D/Carousel-CarouselChannelItemView( 1242): Listitem imageUrl:http://picture.edu.hismarttv.com/images/20170628103009181182.jpg
07-05 22:33:59.151 D/Carousel-CarouselChannelItemView( 1242): Listitem imageUrl:http://picture.edu.hismarttv.com/images/20170628102959016598.jpg
07-05 22:33:59.152 D/Carousel-CarouselChannelItemView( 1242): Listitem imageUrl:http://picture.edu.hismarttv.com/images/20170628103002814396.jpg
07-05 22:33:59.154 D/Carousel-CarouselChannelItemView( 1242): Listitem imageUrl:http://picture.edu.hismarttv.com/images/20170628103009181182.jpg
07-05 22:33:59.162 D/Carousel-CarouselChannelItemView( 1242): Listitem imageUrl:http://picture.edu.hismarttv.com/images/20170628103002814396.jpg
07-05 22:33:59.167 D/OkHttp  ( 1242): <-- 200 OK http://118.178.149.42/d?device_id=86100300900000500000060a4818fca8&host=b5d1d96093f9d07d386917b5d3b91cdcb031311b90271792b45951b69dc9c054dc862a7c9178ba82684e325a98b554b4&last= (181ms)
07-05 22:33:59.167 D/OkHttp  ( 1242): Server: openresty
07-05 22:33:59.167 D/OkHttp  ( 1242): Date: Wed, 05 Jul 2017 14:33:58 GMT
07-05 22:33:59.167 D/OkHttp  ( 1242): Content-Type: application/octet-stream
07-05 22:33:59.167 D/OkHttp  ( 1242): Transfer-Encoding: chunked
07-05 22:33:59.167 D/OkHttp  ( 1242): Connection: close
07-05 22:33:59.167 D/OkHttp  ( 1242): <-- END HTTP
07-05 22:33:59.179 D/Carousel-CarouselChannelItemView( 1242): Listitem imageUrl:http://picture.edu.hismarttv.com/images/20170628102959016598.jpg
07-05 22:33:59.187 D/Carousel-CarouselChannelItemView( 1242): Listitem imageUrl:http://picture.edu.hismarttv.com/images/20170628103009181182.jpg
07-05 22:33:59.190 I/FirstLineAdapter( 1242): canShowTrailer,isOffline=false
07-05 22:33:59.190 I/FirstLineAdapter( 1242): onCreateViewHolder viewtype=4
07-05 22:33:59.191 D/HttpHandler( 1242): DNSHelper-->gslbDnsresult={"timestamp":1499265238,"msg":"","data":{"lbgs.hismarttv.com":{"ips":["118.178.149.42","139.217.11.211"],"ttl":3600},"picture.edu.hismarttv.com":{"ips":["220.202.77.124","153.35.175.120","36.33.158.222","112.65.220.40","218.58.206.58","123.128.14.209","153.35.175.121"],"ttl":300}},"retCode":"0"}
07-05 22:33:59.192 I/System.out( 1242):  remove duplicate [118.178.149.42, 139.217.11.211]
07-05 22:33:59.205 I/FirstLineAdapter( 1242): onBindViewHolder 4
07-05 22:33:59.205 I/FirstLineAdapter( 1242): canShowTrailer,isOffline=false
07-05 22:33:59.205 I/FirstLineAdapter( 1242): canShowTrailer modify
07-05 22:33:59.205 I/FirstLineAdapter( 1242): setMasterData4
07-05 22:33:59.205 I/FirstLineAdapter( 1242): set current pos = 0
07-05 22:33:59.205 D/sloven  ( 1242): 1002---true
07-05 22:33:59.205 I/FirstLineAdapter( 1242): canShowTrailer,isOffline=false
07-05 22:33:59.213 I/FirstLineAdapter( 1242): canShowTrailer,isOffline=false
07-05 22:33:59.213 I/FirstLineAdapter( 1242): onCreateViewHolder viewtype=4
07-05 22:33:59.224 I/FirstLineAdapter( 1242): onBindViewHolder 5
07-05 22:33:59.224 I/FirstLineAdapter( 1242): canShowTrailer,isOffline=false
07-05 22:33:59.224 I/FirstLineAdapter( 1242): canShowTrailer modify
07-05 22:33:59.224 I/FirstLineAdapter( 1242): setMasterData5
07-05 22:33:59.224 I/FirstLineAdapter( 1242): set current pos = 1
07-05 22:33:59.224 D/sloven  ( 1242): 2005---false
07-05 22:33:59.224 D/sloven  ( 1242): 2005
07-05 22:33:59.232 V/PackageManager( 1733): getPackageInfo com.hisense.hicloud.edca: Package{3fb3f3a1 com.hisense.hicloud.edca}
07-05 22:33:59.259 W/art     ( 1242): Suspending all threads took: 21.570ms
07-05 22:33:59.266 D/NativeDecimalFormat( 2411): NativeDecimalFormat_close print addr=547821564416
07-05 22:33:59.266 D/NativeDecimalFormat( 2411): NativeDecimalFormat_close print g_addr=547821569024
07-05 22:33:59.266 D/NativeDecimalFormat( 2411): NativeDecimalFormat_close print addr=547821569024
07-05 22:33:59.266 D/NativeDecimalFormat( 2411): NativeDecimalFormat_close print g_addr=547821569024
07-05 22:33:59.271 I/FirstLineAdapter( 1242): canShowTrailer,isOffline=false
07-05 22:33:59.274 I/MyItemDecoration( 1242): getItemOffsets rect=Rect(-32, 0 - 0, 0),pos=4
07-05 22:33:59.278 I/MyItemDecoration( 1242): getItemOffsets rect=Rect(-32, -5 - 0, 0),pos=5
07-05 22:33:59.280 D/Carousel-CarouselView( 1242): smoothScroll.
07-05 22:33:59.280 D/Carousel-CarouselDisplayPlayerLayout( 1242): isFullScreen:false
07-05 22:33:59.280 D/Carousel-CarouselView( 1242): smoothScroll isOtherInstance return.
07-05 22:33:59.281 I/ContentBridgeAdapterListener( 1242): onAddPresenter 2
07-05 22:33:59.282 I/art     ( 1242): Background sticky concurrent mark sweep GC freed 8275(438KB) AllocSpace objects, 1(16KB) LOS objects, 0% free, 28MB/28MB, paused 33.508ms total 290.461ms
07-05 22:33:59.350 I/ContentBridgeAdapterListener( 1242): onCreate ViewHolder{ae7e505 position=-1 id=-1, oldPos=-1, pLpos:-1 unbound no parent}
07-05 22:33:59.350 I/BaseContentFragment( 1242): setUpSharedViewPoolViewHolder{ae7e505 position=-1 id=-1, oldPos=-1, pLpos:-1 unbound no parent}
07-05 22:33:59.351 I/BaseContentFragment( 1242): create view pool
07-05 22:33:59.351 I/BaseContentFragment( 1242): setRowViewSelectedViewHolder{ae7e505 position=-1 id=-1, oldPos=-1, pLpos:-1 unbound no parent},isSelectedfalse
07-05 22:33:59.351 I/head    ( 1242): item=com.hisense.leanback.widget.ListRow@3362395a
07-05 22:33:59.351 I/ContentBridgeAdapterListener( 1242): onBind 
07-05 22:33:59.351 I/ContentBridgeAdapterListener( 1242): onAttachedToWindow ViewHolder{ae7e505 position=2 id=-1, oldPos=-1, pLpos:-1}
