07-05 20:51:36.950 I/MyFragmentStateAdapter( 9716): getCount
07-05 20:51:36.950 I/MyFragmentStateAdapter( 9716): getCount
07-05 20:51:36.955 D/HttpHandler( 9716): RetryIntercepter-->retryNum=0
07-05 20:51:36.955 D/HttpHandler( 9716): RetryIntercepter-->backoffmutiplier=0
07-05 20:51:36.958 I/TabView ( 9716): onScroll:,firstItem=0,visibleCount=6,totalCount=10
07-05 20:51:36.960 D/Carousel-CarouselView( 9716): ============>onScrollChanged hashCode:997694096
07-05 20:51:36.961 D/Carousel-CarouselDisplayPlayerLayout( 9716): isFullScreen:false
07-05 20:51:36.961 I/MainHomeView( 9716): onPanelSlide0.38931298---left203
07-05 20:51:36.965 I/CurrentCarouselView( 9716): onCarouseControlCarouselControlBean{mShoudScroll=true, mActivityHasResume=false, mActivityHasStop=false, mHasTurnGone=false, mHasTurnVisible=false, mChannelId=-1, mSlideOffset=0.38931298, mShouldSelectCenter=false, mTabOpen=false, mHoriPosStatus=None, mVerPosStatus=None, mLevelStatus=None},isPlayingtrue,channelId=0
07-05 20:51:36.965 I/CurrentCarouselView( 9716): is not the current page
07-05 20:51:36.965 I/CurrentCarouselView( 9716): do scroll
07-05 20:51:36.965 D/Carousel-CarouselView( 9716): smoothScroll.
07-05 20:51:36.965 D/Carousel-CarouselDisplayPlayerLayout( 9716): isFullScreen:false
07-05 20:51:36.965 D/TabView ( 9716): onReceiveSlidingOffset ===>:0.38931298
07-05 20:51:36.967 D/HttpHandler( 9716): RetryIntercepter-->retryNum=0
07-05 20:51:36.967 D/HttpHandler( 9716): RetryIntercepter-->backoffmutiplier=0
07-05 20:51:36.969 I/MyFragmentStateAdapter( 9716): getCount
07-05 20:51:36.971 D/ADLog   ( 2945): DBManager => com.hisense.service.ad.bean.AppADCodeInfo@32103d01
07-05 20:51:36.974 D/ADLog   ( 2945): DBManager => com.hisense.service.ad.bean.AppADCodeInfo@334677a6
07-05 20:51:36.975 D/Carousel-CarouselDisplayPlayerLayout( 9716): HasFocus:false,keyCode:22
07-05 20:51:36.975 D/Carousel-CarouselDisplayPlayerLayout( 9716): isFullScreen:false
07-05 20:51:36.975 I/HomeMainActivity( 9716): carousel handle key:false
07-05 20:51:36.975 D/ADLog   ( 2945): DBManager => com.hisense.service.ad.bean.AppADCodeInfo@3dd9b5e7
07-05 20:51:36.975 D/ADLog   ( 2945): DBManager => com.hisense.service.ad.bean.AppADCodeInfo@2c90594
07-05 20:51:36.976 D/ADLog   ( 2945): RegisterADService => ******before refresh(info.getAdCode())ad_sc&*****com.jamdeo.tv.tileanimation
07-05 20:51:36.976 D/ADLog   ( 2945): RegisterADService => refresh appad, ^^^^app pkg:com.jamdeo.tv.tileanimation  &&&app adcode: ad_sc
07-05 20:51:36.976 D/ADLog   ( 2945): ADServiceHandler => registerADCode(String adCode = ad_sc, String packageName = com.jamdeo.tv.tileanimation, int codeType = 1)
07-05 20:51:36.976 D/ADLog   ( 2945): ADServiceHandler => @_@  getADPeriod is 60
07-05 20:51:36.976 D/ADLog   ( 2945): DBManager => query(String adCode = ad_sc, String packageName = com.jamdeo.tv.tileanimation)
07-05 20:51:36.986 I/Choreographer( 3457): Skipped 48 frames!  The application may be doing too much work on its main thread.
07-05 20:51:36.988 D/ADLog   ( 2945): DBManager => update(String table = AppADCodeInfo, Object obj = com.hisense.service.ad.bean.AppADCodeInfo@13c2a83d)
07-05 20:51:36.988 D/ADLog   ( 2945): DBManager => update(AppADCodeInfo info = com.hisense.service.ad.bean.AppADCodeInfo@13c2a83d)
07-05 20:51:36.988 D/ADLog   ( 2945): DBManager => update appcodeinfo---------------------
07-05 20:51:36.988 D/ADLog   ( 2945): DBManager => getValues(String tabName = AppADCodeInfo, Object object = com.hisense.service.ad.bean.AppADCodeInfo@13c2a83d)
07-05 20:51:37.025 E/btif_config( 2964): [btif_config_get] node is TRUE!
07-05 20:51:37.025 E/btif_config( 2964): [btif_config_get] ret is TRUE!
07-05 20:51:37.028 D/ADLog   ( 2945): DBManager => result = 1
07-05 20:51:37.028 D/ADLog   ( 2945): ADDaoHandler => getADCodeInfo(String adCode = ad_sc)
07-05 20:51:37.028 D/ADLog   ( 2945): DBManager => query(String adCode = ad_sc)
07-05 20:51:37.029 D/ADLog   ( 2945): DBManager => ADCodeInfo cursor.getCount() = 1
07-05 20:51:37.032 V/InputMethodService( 2203): startInput(): editor=android.view.inputmethod.EditorInfo@19af19af
07-05 20:51:37.032 V/InputMethodService( 2203): CALL: onFinishInput
07-05 20:51:37.032 I/MainHomeView( 9716): onPanelSlide0.15267175---left172
07-05 20:51:37.033 I/CurrentCarouselView( 9716): onCarouseControlCarouselControlBean{mShoudScroll=true, mActivityHasResume=false, mActivityHasStop=false, mHasTurnGone=false, mHasTurnVisible=false, mChannelId=-1, mSlideOffset=0.15267175, mShouldSelectCenter=false, mTabOpen=false, mHoriPosStatus=None, mVerPosStatus=None, mLevelStatus=None},isPlayingtrue,channelId=0
07-05 20:51:37.033 I/CurrentCarouselView( 9716): is not the current page
07-05 20:51:37.033 I/CurrentCarouselView( 9716): do scroll
07-05 20:51:37.033 D/Carousel-CarouselView( 9716): smoothScroll.
07-05 20:51:37.033 D/Carousel-CarouselDisplayPlayerLayout( 9716): isFullScreen:false
07-05 20:51:37.033 D/TabView ( 9716): onReceiveSlidingOffset ===>:0.15267175
07-05 20:51:37.033 E/SOGOUIME_JNI( 2203): reset
07-05 20:51:37.034 E/SOGOUIME_JNI( 2203): getCandidates
07-05 20:51:37.034 E/SOGOUIME_JNI( 2203): ime_get_uncommitted_length
07-05 20:51:37.034 E/SOGOUIME_JNI( 2203): getCandidates
07-05 20:51:37.034 D/Carousel-CarouselDisplayPlayerLayout( 9716): x=400, y=167,w=892,h=536, hashCode=64756254
07-05 20:51:37.034 D/Carousel-CarouselDisplayPlayerLayout( 9716): mX=511, mY=167,mWitdh=892,mHeight=536, hashCode=64756254
07-05 20:51:37.034 D/Carousel-CarouselDisplayPlayerLayout( 9716): changed=true, hashCode=64756254
07-05 20:51:37.034 D/SogouIME API( 2203): ==============num:32
07-05 20:51:37.034 E/SOGOUIME_JNI( 2203): ime_get_uncommitted_length
07-05 20:51:37.034 D/SogouIME( 2203): mFocusedComponent:30   isHkbEnable:false
07-05 20:51:37.035 D/Carousel-Utils( 9716): x=400,y=167, width=892,height=536
07-05 20:51:37.035 E/SOGOUIME_JNI( 2203): ime_get_uncommitted_length
07-05 20:51:37.035 E/SOGOUIME_JNI( 2203): ime_get_committed_length
07-05 20:51:37.035 E/SOGOUIME_JNI( 2203): getComposingInfo
07-05 20:51:37.035 E/SOGOUIME_JNI( 2203): getComposingInfo
07-05 20:51:37.035 D/Carousel-CarouselDisplayPlayerLayout( 9716): isFullScreen:false
07-05 20:51:37.035 E/SOGOUIME_JNI( 2203): getCorrectInfo
07-05 20:51:37.035 D/Carousel-CarouselView( 9716): ===========>onScrollStart
07-05 20:51:37.035 E/SOGOUIME_JNI( 2203): getComposingInfo
07-05 20:51:37.035 D/Carousel-Utils( 9716): displayImage view=android.widget.ImageView{1e63cfbc I.ED.... ......ID 0,0-816,460 #7f0d0029 app:id/imageView1}
07-05 20:51:37.035 V/InputMethodService( 2203): CALL: onStartInput
07-05 20:51:37.035 D/Carousel-Utils( 9716): displayImage url=http://picture.edu.hismarttv.com/images/20170629010146422927.jpg
07-05 20:51:37.035 E/SOGOUIME_JNI( 2203): invalidateCommitWordPinyinNative
07-05 20:51:37.035 D/SogouIME( 2203): =====configKeyboard=======:false     false
07-05 20:51:37.036 E/SOGOUIME_JNI( 2203): ime_set_hard_kb_enable
07-05 20:51:37.036 D/Carousel-Utils( 9716): onResourceReady.
07-05 20:51:37.038 D/Carousel-Utils( 9716): displayImage view=android.widget.ImageView{315f7fa3 I.ED.... ........ 0,0-816,460 #7f0d0029 app:id/imageView1}
07-05 20:51:37.038 D/Carousel-Utils( 9716): displayImage url=http://picture.edu.hismarttv.com/images/20170629010146422927.jpg
07-05 20:51:37.039 D/Carousel-Utils( 9716): onResourceReady.
07-05 20:51:37.039 D/Carousel-CarouselDisplayPlayerLayout( 9716): x=400, y=167,w=892,h=536, hashCode=64756254
07-05 20:51:37.039 D/Carousel-CarouselDisplayPlayerLayout( 9716): mX=400, mY=167,mWitdh=892,mHeight=536, hashCode=64756254
07-05 20:51:37.039 D/Carousel-CarouselDisplayPlayerLayout( 9716): changed=false, hashCode=64756254
07-05 20:51:37.039 D/Carousel-CarouselDisplayPlayerLayout( 9716): extraTryCount=0
07-05 20:51:37.048 W/QueryController( 9681): AccessibilityNodeInfo returned a null child (1 of 2)
07-05 20:51:37.068 W/QueryController( 9681): parent = android.view.accessibility.AccessibilityNodeInfo@800134bc; boundsInParent: Rect(0, 0 - 220, 132); boundsInScreen: Rect(35, 274 - 255, 406); packageName: com.hisense.hicloud.edca; className: android.widget.FrameLayout; text: null; error: null; maxTextLength: -1; contentDescription: null; viewIdResName: null; checkable: false; checked: false; focusable: false; focused: false; selected: false; clickable: true; longClickable: false; enabled: true; password: false; scrollable: false; actions: [AccessibilityAction: ACTION_SELECT - null, AccessibilityAction: ACTION_CLEAR_SELECTION - null, AccessibilityAction: ACTION_CLICK - null, AccessibilityAction: ACTION_ACCESSIBILITY_FOCUS - null]
07-05 20:51:37.070 I/MiSysSrv( 1214): [37m[INFO] Change to Voltage: 112 mv (0x2D)[m
07-05 20:51:37.083 D/ADLog   ( 2945): DBManager => queryPlayPolicy(adCode = ad_sc, packageName = com.jamdeo.tv.tileanimation)
07-05 20:51:37.087 E/ADLog   ( 2945): DBManager => query count is 0
07-05 20:51:37.088 D/ADLog   ( 2945): DBManager => ADCodeInfo [id=3, adCode=ad_sc, packageNamecom.jamdeo.tv.tileanimation, UpdateStatus=2, defaultAdID=1000000002492, defaultAdURL=http://download.hismarttv.com/epgdata/ImageAD/9000019146505.jpg, defaultAdPath=/data/data/com.hisense.service.ad/files/ad/9000019146505.jpg, defaultAdType=5, owner=hitv, lastUpdateTime=1499230237, lock=java.util.concurrent.locks.ReentrantLock@15526832[Unlocked], adInfos=[]]
07-05 20:51:37.089 I/ADLog   ( 2945): ADServiceHandler => to update ad_sc ad strategy.
07-05 20:51:37.089 D/ADLog   ( 2945): ADDaoHandler => update ADCodeInfo
07-05 20:51:37.089 D/ADLog   ( 2945): DBManager => update(String table = ADCodeInfo, Object obj = ADCodeInfo [id=3, adCode=ad_sc, packageNamecom.jamdeo.tv.tileanimation, UpdateStatus=1, defaultAdID=1000000002492, defaultAdURL=http://download.hismarttv.com/epgdata/ImageAD/9000019146505.jpg, defaultAdPath=/data/data/com.hisense.service.ad/files/ad/9000019146505.jpg, defaultAdType=5, owner=hitv, lastUpdateTime=1499230237, lock=java.util.concurrent.locks.ReentrantLock@15526832[Unlocked], adInfos=[]])
07-05 20:51:37.089 D/ADLog   ( 2945): DBManager => getValues(String tabName = ADCodeInfo, Object object = ADCodeInfo [id=3, adCode=ad_sc, packageNamecom.jamdeo.tv.tileanimation, UpdateStatus=1, defaultAdID=1000000002492, defaultAdURL=http://download.hismarttv.com/epgdata/ImageAD/9000019146505.jpg, defaultAdPath=/data/data/com.hisense.service.ad/files/ad/9000019146505.jpg, defaultAdType=5, owner=hitv, lastUpdateTime=1499230237, lock=java.util.concurrent.locks.ReentrantLock@15526832[Unlocked], adInfos=[]])
07-05 20:51:37.089 D/ADLog   ( 2945): CommonUtils => getStringFromList:   [{"id":"8","code":"hitvdef","url":"http:\/\/api.hismarttv.com\/adapi\/getlogopic?type=0&ac=${ADCODE}&pid=${ADPOLICY}&aid=${ADID}&did=${DEVICEID}&t=${TIME}&act=${ACTION}&dt=${DISPLAYTIMES}&tz=${TIMEZONE}&mac=${MAC}"}]
07-05 20:51:37.093 I/MyFragmentStateAdapter( 9716): getCount
07-05 20:51:37.093 I/MyFragmentStateAdapter( 9716): getCount
07-05 20:51:37.093 I/MyFragmentStateAdapter( 9716): getCount
07-05 20:51:37.093 I/MyFragmentStateAdapter( 9716): getCount
07-05 20:51:37.106 I/Carousel-UrlVideoView( 9716): onMeasure(MeasureSpec: EXACTLY 816, MeasureSpec: EXACTLY 460)
07-05 20:51:37.106 D/Carousel-UrlVideoView( 9716): widthSpecMode=1073741824
07-05 20:51:37.107 D/Carousel-UrlVideoView( 9716): heightSpecMode=1073741824
07-05 20:51:37.107 D/Carousel-UrlVideoView( 9716): widthSpecSize=816
07-05 20:51:37.107 D/Carousel-UrlVideoView( 9716): heightSpecSize=460
07-05 20:51:37.107 I/Carousel-UrlVideoView( 9716): onMeasure(MeasureSpec: EXACTLY 816, MeasureSpec: EXACTLY 460)
07-05 20:51:37.107 D/Carousel-UrlVideoView( 9716): widthSpecMode=1073741824
07-05 20:51:37.107 D/Carousel-UrlVideoView( 9716): heightSpecMode=1073741824
07-05 20:51:37.107 D/Carousel-UrlVideoView( 9716): widthSpecSize=816
07-05 20:51:37.107 D/Carousel-UrlVideoView( 9716): heightSpecSize=460
07-05 20:51:37.110 D/ADLog   ( 2945): DBManager => result = 1, table : ADCodeInfo
07-05 20:51:37.110 D/ADLog   ( 2945): ADDaoHandler => getADCodeInfo(String adCode = ad_sc)
07-05 20:51:37.110 D/ADLog   ( 2945): DBManager => query(String adCode = ad_sc)
07-05 20:51:37.111 D/ADLog   ( 2945): DBManager => ADCodeInfo cursor.getCount() = 1
07-05 20:51:37.112 D/ADLog   ( 2945): DBManager => queryPlayPolicy(adCode = ad_sc, packageName = com.jamdeo.tv.tileanimation)
07-05 20:51:37.113 D/Surface ( 1733): onStatusChange() : mNativeObject = 547819108352 mUseImageHwRender = false
07-05 20:51:37.113 V/Surface ( 1733): nativeSetHardwareRender() : status = 0
07-05 20:51:37.113 V/Surface ( 1733): nativeSetHardwareRender() : end
07-05 20:51:37.113 E/ADLog   ( 2945): DBManager => query count is 0
07-05 20:51:37.114 D/ADLog   ( 2945): DBManager => ADCodeInfo [id=3, adCode=ad_sc, packageNamecom.jamdeo.tv.tileanimation, UpdateStatus=1, defaultAdID=1000000002492, defaultAdURL=http://download.hismarttv.com/epgdata/ImageAD/9000019146505.jpg, defaultAdPath=/data/data/com.hisense.service.ad/files/ad/9000019146505.jpg, defaultAdType=5, owner=hitv, lastUpdateTime=1499230237, lock=java.util.concurrent.locks.ReentrantLock@3881c983[Unlocked], adInfos=[]]
07-05 20:51:37.115 D/PowerManagerService( 1733): releaseWakeLockInternal: lock=487931605 [WindowManager], flags=0x0
07-05 20:51:37.115 D/PowerManagerNotifier( 1733): onWakeLockReleased: flags=536870922, tag="WindowManager", packageName=android, ownerUid=1000, ownerPid=1733, workSource=WorkSource{10010}
07-05 20:51:37.116 D/PowerManagerService( 1733): userActivityNoUpdateLocked: eventTime=7938687, event=0, flags=0x1, uid=1000
07-05 20:51:37.116 D/PowerManagerService( 1733): setScreenBrightnessOverrideFromWindowManagerInternal done
07-05 20:51:37.116 I/ADLog   ( 2945): ADServiceHandler => com.jamdeo.tv.tileanimation success to register ad_sc ADCode.
07-05 20:51:37.116 D/ADLog   ( 2945): RegisterADService => ******before refresh(info.getAdCode())sys_ssv3&*****com.jamdeo.screensaver
07-05 20:51:37.117 D/ADLog   ( 2945): RegisterADService => refresh appad, ^^^^app pkg:com.jamdeo.screensaver  &&&app adcode: sys_ssv3
07-05 20:51:37.117 D/ADLog   ( 2945): ADServiceHandler => registerADCode(String adCode = sys_ssv3, String packageName = com.jamdeo.screensaver, int codeType = 1)
07-05 20:51:37.117 D/ADLog   ( 2945): ADServiceHandler => @_@  getADPeriod is 60
07-05 20:51:37.117 D/ADLog   ( 2945): DBManager => query(String adCode = sys_ssv3, String packageName = com.jamdeo.screensaver)
07-05 20:51:37.117 D/Surface ( 1733): onStatusChange() : mNativeObject = 0 mUseImageHwRender = false
07-05 20:51:37.118 V/PackageManager( 1733): getPackageInfo com.hisense.service.ad: Package{2fa4b490 com.hisense.service.ad}
07-05 20:51:37.120 I/FirstLineAdapter( 9716): canShowTrailer,isOffline=false
07-05 20:51:37.120 I/FirstLineAdapter( 9716): canShowTrailer,isOffline=false
07-05 20:51:37.121 I/FirstLineAdapter( 9716): canShowTrailer,isOffline=false
07-05 20:51:37.121 I/FirstLineAdapter( 9716): canShowTrailer,isOffline=false
07-05 20:51:37.121 I/FirstLineAdapter( 9716): canShowTrailer,isOffline=false
07-05 20:51:37.122 I/FirstLineAdapter( 9716): canShowTrailer,isOffline=false
07-05 20:51:37.122 I/FirstLineAdapter( 9716): canShowTrailer,isOffline=false
07-05 20:51:37.123 I/FirstLineAdapter( 9716): canShowTrailer,isOffline=false
07-05 20:51:37.123 I/FirstLineAdapter( 9716): canShowTrailer,isOffline=false
07-05 20:51:37.124 V/PackageManager( 1733): getPackageInfo com.hisense.service.ad: Package{2fa4b490 com.hisense.service.ad}
07-05 20:51:37.127 I/SurfaceView( 9716): Changes: creating=false format=false size=false visible=false left=true top=false
07-05 20:51:37.127 I/SurfaceView( 9716): Cur surface: Surface(name=null)/@0x9907f85
07-05 20:51:37.128 D/Surface ( 1733): onStatusChange() : mNativeObject = 547942778368 mUseImageHwRender = false
07-05 20:51:37.128 V/Surface ( 1733): nativeSetHardwareRender() : status = 0
07-05 20:51:37.128 V/Surface ( 1733): nativeSetHardwareRender() : end
07-05 20:51:37.131 D/PowerManagerService( 1733): setScreenBrightnessOverrideFromWindowManagerInternal done
07-05 20:51:37.132 D/ADLog   ( 2945): DBManager => update(String table = AppADCodeInfo, Object obj = com.hisense.service.ad.bean.AppADCodeInfo@38fae700)
07-05 20:51:37.132 D/ADLog   ( 2945): DBManager => update(AppADCodeInfo info = com.hisense.service.ad.bean.AppADCodeInfo@38fae700)
07-05 20:51:37.132 D/ADLog   ( 2945): DBManager => update appcodeinfo---------------------
07-05 20:51:37.132 D/ADLog   ( 2945): DBManager => getValues(String tabName = AppADCodeInfo, Object object = com.hisense.service.ad.bean.AppADCodeInfo@38fae700)
07-05 20:51:37.133 D/Surface ( 1733): onStatusChange() : mNativeObject = 0 mUseImageHwRender = false
07-05 20:51:37.135 D/Surface ( 9716): onStatusChange() : mNativeObject = -195857664 mUseImageHwRender = false
07-05 20:51:37.135 V/Surface ( 9716): nativeSetHardwareRender() : status = 0
07-05 20:51:37.135 V/Surface ( 9716): nativeSetHardwareRender() : end
07-05 20:51:37.135 I/SurfaceView( 9716): New surface: Surface(name=null)/@0x3f3f01da, vis=true, frame=Rect(438, 205 - 1254, 665)
07-05 20:51:37.135 D/Surface ( 9716): onStatusChange() : mNativeObject = 0 mUseImageHwRender = false
07-05 20:51:37.135 D/Surface ( 9716): onStatusChange() : mNativeObject = -195857664 mUseImageHwRender = false
07-05 20:51:37.135 V/Surface ( 9716): nativeSetHardwareRender() : status = 0
07-05 20:51:37.135 V/Surface ( 9716): nativeSetHardwareRender() : end
07-05 20:51:37.137 V/SurfaceView( 9716): Layout: x=438 y=205 w=816 h=460, frame=Rect(0, 0 - 816, 460)
07-05 20:51:37.147 I/MainHomeView( 9716): onPanelSlide0.022900764---left155
07-05 20:51:37.148 I/CurrentCarouselView( 9716): onCarouseControlCarouselControlBean{mShoudScroll=true, mActivityHasResume=false, mActivityHasStop=false, mHasTurnGone=false, mHasTurnVisible=false, mChannelId=-1, mSlideOffset=0.022900764, mShouldSelectCenter=false, mTabOpen=false, mHoriPosStatus=None, mVerPosStatus=None, mLevelStatus=None},isPlayingtrue,channelId=0
07-05 20:51:37.148 I/CurrentCarouselView( 9716): is not the current page
07-05 20:51:37.148 I/CurrentCarouselView( 9716): do scroll
07-05 20:51:37.148 D/Carousel-CarouselView( 9716): smoothScroll.
07-05 20:51:37.148 D/Carousel-CarouselDisplayPlayerLayout( 9716): isFullScreen:false
07-05 20:51:37.148 D/TabView ( 9716): onReceiveSlidingOffset ===>:0.022900764
07-05 20:51:37.153 I/MyFragmentStateAdapter( 9716): getCount
07-05 20:51:37.155 I/art     ( 9716): Background sticky concurrent mark sweep GC freed 66088(2MB) AllocSpace objects, 7(112KB) LOS objects, 5% free, 34MB/36MB, paused 7.339ms total 172.725ms
07-05 20:51:37.157 D/NativeDecimalFormat( 9716): NativeDecimalFormat_close print addr=3997611264
07-05 20:51:37.157 D/NativeDecimalFormat( 9716): NativeDecimalFormat_close print g_addr=3997588992
07-05 20:51:37.157 I/art     ( 9716): WaitForGcToComplete blocked for 70.037ms for cause HeapTrim
07-05 20:51:37.159 E/hwcomposer( 1204): Overlay 0 size changeed src {1920 1080} -> {1920, 1080} crop{0.000000 0.000000 1920.000000 1080.000000}->{0.000000 0.000000 1920.000000 1080.000000} dst{549 205 1365 665}->{438 205 1254 665}
07-05 20:51:37.160 D/Carousel-CarouselDisplayPlayerLayout( 9716): x=383, y=167,w=892,h=536, hashCode=64756254
07-05 20:51:37.161 D/Carousel-CarouselDisplayPlayerLayout( 9716): mX=400, mY=167,mWitdh=892,mHeight=536, hashCode=64756254
07-05 20:51:37.161 D/Carousel-CarouselDisplayPlayerLayout( 9716): changed=true, hashCode=64756254
07-05 20:51:37.161 D/ADLog   ( 2945): DBManager => result = 1
07-05 20:51:37.161 D/ADLog   ( 2945): ADDaoHandler => getADCodeInfo(String adCode = sys_ssv3)
07-05 20:51:37.161 D/ADLog   ( 2945): DBManager => query(String adCode = sys_ssv3)
07-05 20:51:37.161 D/Carousel-Utils( 9716): x=383,y=167, width=892,height=536
07-05 20:51:37.162 D/Carousel-CarouselDisplayPlayerLayout( 9716): x=383, y=167,w=892,h=536, hashCode=64756254
07-05 20:51:37.162 D/Carousel-CarouselDisplayPlayerLayout( 9716): mX=383, mY=167,mWitdh=892,mHeight=536, hashCode=64756254
07-05 20:51:37.162 D/ADLog   ( 2945): DBManager => ADCodeInfo cursor.getCount() = 1
07-05 20:51:37.162 D/Carousel-CarouselDisplayPlayerLayout( 9716): changed=false, hashCode=64756254
07-05 20:51:37.162 D/Carousel-CarouselDisplayPlayerLayout( 9716): extraTryCount=0
07-05 20:51:37.162 D/Carousel-CarouselDisplayPlayerLayout( 9716): x=383, y=167,w=892,h=536, hashCode=64756254
07-05 20:51:37.162 D/Carousel-CarouselDisplayPlayerLayout( 9716): mX=383, mY=167,mWitdh=892,mHeight=536, hashCode=64756254
07-05 20:51:37.163 D/Carousel-CarouselDisplayPlayerLayout( 9716): changed=false, hashCode=64756254
07-05 20:51:37.163 D/Carousel-CarouselDisplayPlayerLayout( 9716): extraTryCount=1
07-05 20:51:37.163 D/ADLog   ( 2945): DBManager => queryPlayPolicy(adCode = sys_ssv3, packageName = com.jamdeo.screensaver)
07-05 20:51:37.166 I/Carousel-UrlVideoView( 9716): onMeasure(MeasureSpec: EXACTLY 816, MeasureSpec: EXACTLY 460)
07-05 20:51:37.166 D/Carousel-UrlVideoView( 9716): widthSpecMode=1073741824
07-05 20:51:37.166 D/Carousel-UrlVideoView( 9716): heightSpecMode=1073741824
07-05 20:51:37.166 D/Carousel-UrlVideoView( 9716): widthSpecSize=816
07-05 20:51:37.166 D/Carousel-UrlVideoView( 9716): heightSpecSize=460
07-05 20:51:37.169 I/Carousel-UrlVideoView( 9716): onMeasure(MeasureSpec: EXACTLY 816, MeasureSpec: EXACTLY 460)
07-05 20:51:37.169 D/Carousel-UrlVideoView( 9716): widthSpecMode=1073741824
07-05 20:51:37.169 D/Carousel-UrlVideoView( 9716): heightSpecMode=1073741824
07-05 20:51:37.169 D/Carousel-UrlVideoView( 9716): widthSpecSize=816
07-05 20:51:37.169 D/Carousel-UrlVideoView( 9716): heightSpecSize=460
07-05 20:51:37.170 I/SurfaceView( 9716): Changes: creating=false format=false size=false visible=false left=true top=false
07-05 20:51:37.170 I/SurfaceView( 9716): Cur surface: Surface(name=null)/@0x9907f85
07-05 20:51:37.171 D/Surface ( 1733): onStatusChange() : mNativeObject = 547942778368 mUseImageHwRender = false
07-05 20:51:37.171 V/Surface ( 1733): nativeSetHardwareRender() : status = 0
07-05 20:51:37.171 V/Surface ( 1733): nativeSetHardwareRender() : end
07-05 20:51:37.174 D/PowerManagerService( 1733): setScreenBrightnessOverrideFromWindowManagerInternal done
07-05 20:51:37.176 D/Surface ( 1733): onStatusChange() : mNativeObject = 0 mUseImageHwRender = false
07-05 20:51:37.177 D/Surface ( 9716): onStatusChange() : mNativeObject = -195827200 mUseImageHwRender = false
07-05 20:51:37.177 V/Surface ( 9716): nativeSetHardwareRender() : status = 0
07-05 20:51:37.177 V/Surface ( 9716): nativeSetHardwareRender() : end
07-05 20:51:37.177 I/SurfaceView( 9716): New surface: Surface(name=null)/@0x3f3f01da, vis=true, frame=Rect(421, 205 - 1237, 665)
07-05 20:51:37.177 D/Surface ( 9716): onStatusChange() : mNativeObject = 0 mUseImageHwRender = false
07-05 20:51:37.177 D/Surface ( 9716): onStatusChange() : mNativeObject = -195827200 mUseImageHwRender = false
07-05 20:51:37.177 V/Surface ( 9716): nativeSetHardwareRender() : status = 0
07-05 20:51:37.177 V/Surface ( 9716): nativeSetHardwareRender() : end
07-05 20:51:37.178 V/SurfaceView( 9716): Layout: x=421 y=205 w=816 h=460, frame=Rect(0, 0 - 816, 460)
07-05 20:51:37.181 I/MainHomeView( 9716): onPanelSlide0.007633588---left153
07-05 20:51:37.181 I/CurrentCarouselView( 9716): onCarouseControlCarouselControlBean{mShoudScroll=true, mActivityHasResume=false, mActivityHasStop=false, mHasTurnGone=false, mHasTurnVisible=false, mChannelId=-1, mSlideOffset=0.007633588, mShouldSelectCenter=false, mTabOpen=false, mHoriPosStatus=None, mVerPosStatus=None, mLevelStatus=None},isPlayingtrue,channelId=0
07-05 20:51:37.181 I/CurrentCarouselView( 9716): is not the current page
07-05 20:51:37.181 I/CurrentCarouselView( 9716): do scroll
07-05 20:51:37.181 D/Carousel-CarouselView( 9716): smoothScroll.
07-05 20:51:37.181 D/Carousel-CarouselDisplayPlayerLayout( 9716): isFullScreen:false
07-05 20:51:37.182 D/TabView ( 9716): onReceiveSlidingOffset ===>:0.007633588
07-05 20:51:37.182 E/ADLog   ( 2945): DBManager => query count is 0
07-05 20:51:37.182 D/ADLog   ( 2945): DBManager => ADCodeInfo [id=4, adCode=sys_ssv3, packageNamecom.jamdeo.screensaver, UpdateStatus=2, defaultAdID=1000000001239, defaultAdURL=http://download.hismarttv.com/epgdata/ImageAD/9000019139817.jpg, defaultAdPath=/data/data/com.hisense.service.ad/files/ad/9000019139817.jpg, defaultAdType=5, owner=hitv, lastUpdateTime=1499230237, lock=java.util.concurrent.locks.ReentrantLock@fbad57e[Unlocked], adInfos=[]]
07-05 20:51:37.183 I/TVMW@devctrl( 1234): wdt
07-05 20:51:37.192 D/hwcomposer( 1204): Overlay [0] do size change!
07-05 20:51:37.192 D/Carousel-CarouselDisplayPlayerLayout( 9716): x=381, y=167,w=892,h=536, hashCode=64756254
07-05 20:51:37.192 D/Carousel-CarouselDisplayPlayerLayout( 9716): mX=383, mY=167,mWitdh=892,mHeight=536, hashCode=64756254
07-05 20:51:37.192 D/Carousel-CarouselDisplayPlayerLayout( 9716): changed=true, hashCode=64756254
07-05 20:51:37.192 D/Carousel-Utils( 9716): x=381,y=167, width=892,height=536
07-05 20:51:37.193 D/Carousel-CarouselDisplayPlayerLayout( 9716): x=381, y=167,w=892,h=536, hashCode=64756254
07-05 20:51:37.193 D/Carousel-CarouselDisplayPlayerLayout( 9716): mX=381, mY=167,mWitdh=892,mHeight=536, hashCode=64756254
07-05 20:51:37.193 D/Carousel-CarouselDisplayPlayerLayout( 9716): changed=false, hashCode=64756254
07-05 20:51:37.193 D/Carousel-CarouselDisplayPlayerLayout( 9716): extraTryCount=0
07-05 20:51:37.193 D/Carousel-CarouselDisplayPlayerLayout( 9716): x=381, y=167,w=892,h=536, hashCode=64756254
07-05 20:51:37.193 D/Carousel-CarouselDisplayPlayerLayout( 9716): mX=381, mY=167,mWitdh=892,mHeight=536, hashCode=64756254
07-05 20:51:37.193 D/Carousel-CarouselDisplayPlayerLayout( 9716): changed=false, hashCode=64756254
07-05 20:51:37.193 D/vsyncbridge( 1204): [0] handle_thread thread got msg 0x2, mState = 3
07-05 20:51:37.193 D/Carousel-CarouselDisplayPlayerLayout( 9716): extraTryCount=1
07-05 20:51:37.193 D/vsyncbridge( 1204): Overlay 0 Resize, mState = 0x3, 0, disp[438 205 816 460] osd[1920 1080]
07-05 20:51:37.193 D/Carousel-CarouselDisplayPlayerLayout( 9716): x=381, y=167,w=892,h=536, hashCode=64756254
07-05 20:51:37.193 D/Carousel-CarouselDisplayPlayerLayout( 9716): mX=381, mY=167,mWitdh=892,mHeight=536, hashCode=64756254
07-05 20:51:37.193 D/Carousel-CarouselDisplayPlayerLayout( 9716): changed=false, hashCode=64756254
07-05 20:51:37.193 D/Carousel-CarouselDisplayPlayerLayout( 9716): extraTryCount=2
07-05 20:51:37.193 D/vsyncbridge( 1204): [update_ds_table,  594] DispW:1632 DispH:920 
07-05 20:51:37.193 D/vsyncbridge( 1204): [update_ds_table,  598] Cap.x:1105 Cap.y:30 CapW:1920 CapH:1080 
07-05 20:51:37.193 D/vsyncbridge( 1204): [update_ds_table,  599] enInputSourceType:34 
07-05 20:51:37.193 D/vsyncbridge( 1204): [update_ds_table,  601] u16InputVTotal:2205  u16InputVFreq:240 
07-05 20:51:37.193 D/vsyncbridge( 1204): [update_ds_table,  603] bInterlace:0  u16DefaultHtotal:0 
07-05 20:51:37.193 D/vsyncbridge( 1204): [update_ds_table,  606] bPreHCusScaling:1  bPreVCusScaling:1 
07-05 20:51:37.193 D/vsyncbridge( 1204): [update_ds_table,  608] u16PreHCusScalingSrc:1920  u16PreHCusScalingDst:1920 
07-05 20:51:37.193 D/vsyncbridge( 1204): [update_ds_table,  610] u16PreVCusScalingSrc:1080  u16PreVCusScalingSrc:1080 
07-05 20:51:37.193 D/vsyncbridge( 1204): [update_ds_table,  613] bHCusScaling:0  bVCusScaling:0 
07-05 20:51:37.193 D/vsyncbridge( 1204): [update_ds_table,  615] u16HCusScalingSrc:1920  u16HCusScalingDst:1632 
07-05 20:51:37.193 D/vsyncbridge( 1204): [update_ds_table,  617] u16VCusScalingSrc:1080  u16VCusScalingDst:920 
07-05 20:51:37.193 D/vsyncbridge( 1204): vsync_bridge_CalAspectRatio type = 0
07-05 20:51:37.193 D/vsyncbridge( 1204): panel [3840 2160] osd [1920 1080] ratio [2.000000 2.000000]
07-05 20:51:37.193 D/vsyncbridge( 1204): apply ratio, x=876, y=410, width=1632, height=920
07-05 20:51:37.193 D/vsyncbridge( 1204): disp_old[876 410 2508 1330], disp_new[876 410 2508 1330], crop[0 0 1920 1080]
07-05 20:51:37.193 I/Carousel-UrlVideoView( 9716): onMeasure(MeasureSpec: EXACTLY 816, MeasureSpec: EXACTLY 460)
07-05 20:51:37.193 D/vsyncbridge( 1204): [update_ds_table,  798] SW DS !!! 
07-05 20:51:37.194 D/Carousel-UrlVideoView( 9716): widthSpecMode=1073741824
07-05 20:51:37.194 D/vsyncbridge( 1204): [update_ds_table,  800] stXC_SetWin_Info.stCapWin.width1920  stXC_SetWin_Info.stCapWin.height:1080
07-05 20:51:37.194 D/Carousel-UrlVideoView( 9716): heightSpecMode=1073741824
07-05 20:51:37.194 D/vsyncbridge( 1204): [update_ds_table,  802] stXC_SetWin_Info.stCropWin.width1920  stXC_SetWin_Info.stCropWin.height:1080
07-05 20:51:37.194 D/Carousel-UrlVideoView( 9716): widthSpecSize=816
07-05 20:51:37.194 D/vsyncbridge( 1204): [update_ds_table,  803] MApi_XC_GetDynamicScalingStatus():1 
07-05 20:51:37.194 D/Carousel-UrlVideoView( 9716): heightSpecSize=460
07-05 20:51:37.194 I/Carousel-UrlVideoView( 9716): onMeasure(MeasureSpec: EXACTLY 816, MeasureSpec: EXACTLY 460)
07-05 20:51:37.194 D/Carousel-UrlVideoView( 9716): widthSpecMode=1073741824
07-05 20:51:37.194 D/Carousel-UrlVideoView( 9716): heightSpecMode=1073741824
07-05 20:51:37.194 D/Carousel-UrlVideoView( 9716): widthSpecSize=816
07-05 20:51:37.194 D/Carousel-UrlVideoView( 9716): heightSpecSize=460
07-05 20:51:37.194 D/        ( 1204): Alert: cannot get frameCount from IOCTL, eWindow=0! Fall back to original frame mode
07-05 20:51:37.194 I/SurfaceView( 9716): Changes: creating=false format=false size=false visible=false left=true top=false
07-05 20:51:37.194 D/        ( 1204): MVOP is 1P mode
07-05 20:51:37.194 D/        ( 1204): [_MDrv_SC_check_2p_mode][9405]u16Width=3840,u16Height=2160,u32Vfreqx10=240
07-05 20:51:37.194 I/SurfaceView( 9716): Cur surface: Surface(name=null)/@0x9907f85
07-05 20:51:37.194 D/vsyncbridge( 1204): vsync_bridge_render_frame pts = 708333, DS_Idx=0x1, overlayID=0
07-05 20:51:37.194 D/vsyncbridge( 1204):  W 1, R 1, Cur 1
07-05 20:51:37.194 D/vsyncbridge( 1204): vsync_bridge_CalAspectRatio type = 0
07-05 20:51:37.194 D/vsyncbridge( 1204): panel [3840 2160] osd [1920 1080] ratio [2.000000 2.000000]
07-05 20:51:37.194 D/vsyncbridge( 1204): apply ratio, x=876, y=410, width=1632, height=920
07-05 20:51:37.196 W/QueryController( 9681): AccessibilityNodeInfo returned a null child (1 of 2)
07-05 20:51:37.196 D/Surface ( 1733): onStatusChange() : mNativeObject = 547942778368 mUseImageHwRender = false
07-05 20:51:37.196 V/Surface ( 1733): nativeSetHardwareRender() : status = 0
07-05 20:51:37.196 V/Surface ( 1733): nativeSetHardwareRender() : end
07-05 20:51:37.196 W/QueryController( 9681): parent = android.view.accessibility.AccessibilityNodeInfo@80013fff; boundsInParent: Rect(0, 0 - 220, 132); boundsInScreen: Rect(35, 806 - 255, 938); packageName: com.hisense.hicloud.edca; className: android.widget.FrameLayout; text: null; error: null; maxTextLength: -1; contentDescription: null; viewIdResName: null; checkable: false; checked: false; focusable: false; focused: false; selected: false; clickable: true; longClickable: false; enabled: true; password: false; scrollable: false; actions: [AccessibilityAction: ACTION_SELECT - null, AccessibilityAction: ACTION_CLEAR_SELECTION - null, AccessibilityAction: ACTION_CLICK - null, AccessibilityAction: ACTION_ACCESSIBILITY_FOCUS - null]
07-05 20:51:37.197 I/ADLog   ( 2945): ADServiceHandler => to update sys_ssv3 ad strategy.
07-05 20:51:37.197 D/ADLog   ( 2945): ADDaoHandler => update ADCodeInfo
07-05 20:51:37.197 D/ADLog   ( 2945): DBManager => update(String table = ADCodeInfo, Object obj = ADCodeInfo [id=4, adCode=sys_ssv3, packageNamecom.jamdeo.screensaver, UpdateStatus=1, defaultAdID=1000000001239, defaultAdURL=http://download.hismarttv.com/epgdata/ImageAD/9000019139817.jpg, defaultAdPath=/data/data/com.hisense.service.ad/files/ad/9000019139817.jpg, defaultAdType=5, owner=hitv, lastUpdateTime=1499230237, lock=java.util.concurrent.locks.ReentrantLock@fbad57e[Unlocked], adInfos=[]])
07-05 20:51:37.197 D/ADLog   ( 2945): DBManager => getValues(String tabName = ADCodeInfo, Object object = ADCodeInfo [id=4, adCode=sys_ssv3, packageNamecom.jamdeo.screensaver, UpdateStatus=1, defaultAdID=1000000001239, defaultAdURL=http://download.hismarttv.com/epgdata/ImageAD/9000019139817.jpg, defaultAdPath=/data/data/com.hisense.service.ad/files/ad/9000019139817.jpg, defaultAdType=5, owner=hitv, lastUpdateTime=1499230237, lock=java.util.concurrent.locks.ReentrantLock@fbad57e[Unlocked], adInfos=[]])
07-05 20:51:37.198 D/PowerManagerService( 1733): setScreenBrightnessOverrideFromWindowManagerInternal done
07-05 20:51:37.198 D/ADLog   ( 2945): CommonUtils => getStringFromList:   [{"id":"8","code":"hitvdef","url":"http:\/\/api.hismarttv.com\/adapi\/getlogopic?type=0&ac=${ADCODE}&pid=${ADPOLICY}&aid=${ADID}&did=${DEVICEID}&t=${TIME}&act=${ACTION}&dt=${DISPLAYTIMES}&tz=${TIMEZONE}&mac=${MAC}"}]
07-05 20:51:37.200 D/Surface ( 1733): onStatusChange() : mNativeObject = 0 mUseImageHwRender = false
07-05 20:51:37.201 D/Surface ( 9716): onStatusChange() : mNativeObject = -195857664 mUseImageHwRender = false
07-05 20:51:37.201 V/Surface ( 9716): nativeSetHardwareRender() : status = 0
07-05 20:51:37.201 V/Surface ( 9716): nativeSetHardwareRender() : end
07-05 20:51:37.201 I/SurfaceView( 9716): New surface: Surface(name=null)/@0x3f3f01da, vis=true, frame=Rect(419, 205 - 1235, 665)
07-05 20:51:37.201 D/Surface ( 9716): onStatusChange() : mNativeObject = 0 mUseImageHwRender = false
07-05 20:51:37.201 D/Surface ( 9716): onStatusChange() : mNativeObject = -195857664 mUseImageHwRender = false
07-05 20:51:37.201 V/Surface ( 9716): nativeSetHardwareRender() : status = 0
07-05 20:51:37.201 V/Surface ( 9716): nativeSetHardwareRender() : end
07-05 20:51:37.205 V/SurfaceView( 9716): Layout: x=419 y=205 w=816 h=460, frame=Rect(0, 0 - 816, 460)
07-05 20:51:37.211 E/hwcomposer( 1204): Overlay 0 size changeed src {1920 1080} -> {1920, 1080} crop{0.000000 0.000000 1920.000000 1080.000000}->{0.000000 0.000000 1920.000000 1080.000000} dst{438 205 1254 665}->{421 205 1237 665}
07-05 20:51:37.216 D/ADLog   ( 2945): DBManager => result = 1, table : ADCodeInfo
07-05 20:51:37.216 E/btif_config( 2964): [btif_config_get] node is TRUE!
07-05 20:51:37.216 E/btif_config( 2964): [btif_config_get] ret is TRUE!
07-05 20:51:37.219 D/Carousel-CarouselDisplayPlayerLayout( 9716): x=381, y=167,w=892,h=536, hashCode=64756254
07-05 20:51:37.219 D/Carousel-CarouselDisplayPlayerLayout( 9716): mX=381, mY=167,mWitdh=892,mHeight=536, hashCode=64756254
07-05 20:51:37.219 D/Carousel-CarouselDisplayPlayerLayout( 9716): changed=false, hashCode=64756254
07-05 20:51:37.219 D/Carousel-CarouselDisplayPlayerLayout( 9716): extraTryCount=3
07-05 20:51:37.219 D/Carousel-CarouselDisplayPlayerLayout( 9716): x=381, y=167,w=892,h=536, hashCode=64756254
07-05 20:51:37.219 D/Carousel-CarouselDisplayPlayerLayout( 9716): mX=381, mY=167,mWitdh=892,mHeight=536, hashCode=64756254
07-05 20:51:37.219 D/Carousel-CarouselDisplayPlayerLayout( 9716): changed=false, hashCode=64756254
07-05 20:51:37.219 D/Carousel-CarouselDisplayPlayerLayout( 9716): extraTryCount=4
07-05 20:51:37.219 D/Carousel-CarouselDisplayPlayerLayout( 9716): x=381, y=167,w=892,h=536, hashCode=64756254
07-05 20:51:37.219 D/Carousel-CarouselDisplayPlayerLayout( 9716): mX=381, mY=167,mWitdh=892,mHeight=536, hashCode=64756254
07-05 20:51:37.219 D/Carousel-CarouselDisplayPlayerLayout( 9716): changed=false, hashCode=64756254
07-05 20:51:37.219 D/Carousel-CarouselDisplayPlayerLayout( 9716): extraTryCount=5
07-05 20:51:37.219 D/Carousel-CarouselDisplayPlayerLayout( 9716): x=381, y=167,w=892,h=536, hashCode=64756254
07-05 20:51:37.219 D/Carousel-CarouselDisplayPlayerLayout( 9716): mX=381, mY=167,mWitdh=892,mHeight=536, hashCode=64756254
07-05 20:51:37.219 D/Carousel-CarouselDisplayPlayerLayout( 9716): changed=false, hashCode=64756254
07-05 20:51:37.219 D/Carousel-CarouselDisplayPlayerLayout( 9716): extraTryCount=6
07-05 20:51:37.219 D/Carousel-CarouselDisplayPlayerLayout( 9716): x=381, y=167,w=892,h=536, hashCode=64756254
07-05 20:51:37.219 D/Carousel-CarouselDisplayPlayerLayout( 9716): mX=381, mY=167,mWitdh=892,mHeight=536, hashCode=64756254
07-05 20:51:37.219 D/Carousel-CarouselDisplayPlayerLayout( 9716): changed=false, hashCode=64756254
07-05 20:51:37.219 D/Carousel-CarouselDisplayPlayerLayout( 9716): extraTryCount=7
07-05 20:51:37.227 I/ADLog   ( 2945): ADServiceHandler => com.jamdeo.screensaver success to register sys_ssv3 ADCode.
07-05 20:51:37.227 D/ADLog   ( 2945): RegisterADService => ******before refresh(info.getAdCode())ad_on_cv4&*****com.jamdeo.tv.advertisementproxy
07-05 20:51:37.227 D/ADLog   ( 2945): RegisterADService => refresh appad, ^^^^app pkg:com.jamdeo.tv.advertisementproxy  &&&app adcode: ad_on_cv4
07-05 20:51:37.227 E/hwcomposer( 1204): Overlay 0 size changeed src {1920 1080} -> {1920, 1080} crop{0.000000 0.000000 1920.000000 1080.000000}->{0.000000 0.000000 1920.000000 1080.000000} dst{421 205 1237 665}->{419 205 1235 665}
07-05 20:51:37.227 D/ADLog   ( 2945): ADServiceHandler => registerADCode(String adCode = ad_on_cv4, String packageName = com.jamdeo.tv.advertisementproxy, int codeType = 1)
07-05 20:51:37.227 D/ADLog   ( 2945): ADServiceHandler => @_@  getADPeriod is 60
07-05 20:51:37.227 D/ADLog   ( 2945): DBManager => query(String adCode = ad_on_cv4, String packageName = com.jamdeo.tv.advertisementproxy)
07-05 20:51:37.230 I/MainHomeView( 9716): onPanelSlide0.0---left152
07-05 20:51:37.230 D/ADLog   ( 2945): DBManager => update(String table = AppADCodeInfo, Object obj = com.hisense.service.ad.bean.AppADCodeInfo@3d0d7adf)
07-05 20:51:37.230 D/ADLog   ( 2945): DBManager => update(AppADCodeInfo info = com.hisense.service.ad.bean.AppADCodeInfo@3d0d7adf)
07-05 20:51:37.230 D/ADLog   ( 2945): DBManager => update appcodeinfo---------------------
07-05 20:51:37.230 D/ADLog   ( 2945): DBManager => getValues(String tabName = AppADCodeInfo, Object object = com.hisense.service.ad.bean.AppADCodeInfo@3d0d7adf)
07-05 20:51:37.230 I/CurrentCarouselView( 9716): onCarouseControlCarouselControlBean{mShoudScroll=true, mActivityHasResume=false, mActivityHasStop=false, mHasTurnGone=false, mHasTurnVisible=false, mChannelId=-1, mSlideOffset=0.0, mShouldSelectCenter=false, mTabOpen=false, mHoriPosStatus=None, mVerPosStatus=None, mLevelStatus=None},isPlayingtrue,channelId=0
07-05 20:51:37.230 I/CurrentCarouselView( 9716): is not the current page
07-05 20:51:37.230 I/CurrentCarouselView( 9716): do scroll
07-05 20:51:37.230 D/Carousel-CarouselView( 9716): smoothScroll.
07-05 20:51:37.230 D/Carousel-CarouselDisplayPlayerLayout( 9716): isFullScreen:false
07-05 20:51:37.230 D/TabView ( 9716): onReceiveSlidingOffset ===>:0.0
07-05 20:51:37.235 D/Carousel-CarouselDisplayPlayerLayout( 9716): x=380, y=167,w=892,h=536, hashCode=64756254
07-05 20:51:37.235 D/Carousel-CarouselDisplayPlayerLayout( 9716): mX=381, mY=167,mWitdh=892,mHeight=536, hashCode=64756254
07-05 20:51:37.235 D/Carousel-CarouselDisplayPlayerLayout( 9716): changed=true, hashCode=64756254
07-05 20:51:37.236 D/Carousel-Utils( 9716): x=380,y=167, width=892,height=536
07-05 20:51:37.236 D/Carousel-CarouselDisplayPlayerLayout( 9716): x=380, y=167,w=892,h=536, hashCode=64756254
07-05 20:51:37.236 D/Carousel-CarouselDisplayPlayerLayout( 9716): mX=380, mY=167,mWitdh=892,mHeight=536, hashCode=64756254
07-05 20:51:37.236 D/Carousel-CarouselDisplayPlayerLayout( 9716): changed=false, hashCode=64756254
07-05 20:51:37.236 D/Carousel-CarouselDisplayPlayerLayout( 9716): extraTryCount=0
07-05 20:51:37.237 D/Carousel-CarouselDisplayPlayerLayout( 9716): x=380, y=167,w=892,h=536, hashCode=64756254
07-05 20:51:37.238 D/Carousel-CarouselDisplayPlayerLayout( 9716): mX=380, mY=167,mWitdh=892,mHeight=536, hashCode=64756254
07-05 20:51:37.238 D/Carousel-CarouselDisplayPlayerLayout( 9716): changed=false, hashCode=64756254
07-05 20:51:37.238 D/Carousel-CarouselDisplayPlayerLayout( 9716): extraTryCount=1
07-05 20:51:37.238 D/Carousel-CarouselDisplayPlayerLayout( 9716): x=380, y=167,w=892,h=536, hashCode=64756254
07-05 20:51:37.238 D/Carousel-CarouselDisplayPlayerLayout( 9716): mX=380, mY=167,mWitdh=892,mHeight=536, hashCode=64756254
07-05 20:51:37.238 D/Carousel-CarouselDisplayPlayerLayout( 9716): changed=false, hashCode=64756254
07-05 20:51:37.238 D/Carousel-CarouselDisplayPlayerLayout( 9716): extraTryCount=2
07-05 20:51:37.238 D/Carousel-CarouselDisplayPlayerLayout( 9716): x=380, y=167,w=892,h=536, hashCode=64756254
07-05 20:51:37.238 D/Carousel-CarouselDisplayPlayerLayout( 9716): mX=380, mY=167,mWitdh=892,mHeight=536, hashCode=64756254
07-05 20:51:37.238 D/Carousel-CarouselDisplayPlayerLayout( 9716): changed=false, hashCode=64756254
07-05 20:51:37.238 D/Carousel-CarouselDisplayPlayerLayout( 9716): extraTryCount=3
07-05 20:51:37.257 D/ADLog   ( 2945): DBManager => result = 1
07-05 20:51:37.257 D/ADLog   ( 2945): ADDaoHandler => getADCodeInfo(String adCode = ad_on_cv4)
07-05 20:51:37.257 D/ADLog   ( 2945): DBManager => query(String adCode = ad_on_cv4)
07-05 20:51:37.271 I/Carousel-UrlVideoView( 9716): onMeasure(MeasureSpec: EXACTLY 816, MeasureSpec: EXACTLY 460)
07-05 20:51:37.271 D/Carousel-UrlVideoView( 9716): widthSpecMode=1073741824
07-05 20:51:37.272 D/Carousel-UrlVideoView( 9716): heightSpecMode=1073741824
07-05 20:51:37.272 D/Carousel-UrlVideoView( 9716): widthSpecSize=816
07-05 20:51:37.272 D/Carousel-UrlVideoView( 9716): heightSpecSize=460
07-05 20:51:37.272 I/Carousel-UrlVideoView( 9716): onMeasure(MeasureSpec: EXACTLY 816, MeasureSpec: EXACTLY 460)
07-05 20:51:37.272 D/Carousel-UrlVideoView( 9716): widthSpecMode=1073741824
07-05 20:51:37.272 D/Carousel-UrlVideoView( 9716): heightSpecMode=1073741824
07-05 20:51:37.272 D/Carousel-UrlVideoView( 9716): widthSpecSize=816
07-05 20:51:37.272 D/Carousel-UrlVideoView( 9716): heightSpecSize=460
07-05 20:51:37.272 I/MiSysSrv( 1214): [37m[INFO] Change to Voltage: 117 mv (0x32)[m
07-05 20:51:37.272 I/SurfaceView( 9716): Changes: creating=false format=false size=false visible=false left=true top=false
07-05 20:51:37.273 I/SurfaceView( 9716): Cur surface: Surface(name=null)/@0x9907f85
07-05 20:51:37.274 D/Surface ( 1733): onStatusChange() : mNativeObject = 547942778368 mUseImageHwRender = false
07-05 20:51:37.274 V/Surface ( 1733): nativeSetHardwareRender() : status = 0
07-05 20:51:37.274 V/Surface ( 1733): nativeSetHardwareRender() : end
07-05 20:51:37.275 D/hwcomposer( 1204): Overlay [0] do size change!
07-05 20:51:37.275 D/vsyncbridge( 1204): [0] handle_thread thread got msg 0x2, mState = 3
07-05 20:51:37.275 D/vsyncbridge( 1204): Overlay 0 Resize, mState = 0x3, 0, disp[419 205 816 460] osd[1920 1080]
07-05 20:51:37.275 D/vsyncbridge( 1204): [update_ds_table,  594] DispW:1632 DispH:920 
07-05 20:51:37.275 D/vsyncbridge( 1204): [update_ds_table,  598] Cap.x:1105 Cap.y:30 CapW:1920 CapH:1080 
07-05 20:51:37.275 D/vsyncbridge( 1204): [update_ds_table,  599] enInputSourceType:34 
07-05 20:51:37.275 D/vsyncbridge( 1204): [update_ds_table,  601] u16InputVTotal:2205  u16InputVFreq:240 
07-05 20:51:37.275 D/vsyncbridge( 1204): [update_ds_table,  603] bInterlace:0  u16DefaultHtotal:0 
07-05 20:51:37.275 D/vsyncbridge( 1204): [update_ds_table,  606] bPreHCusScaling:1  bPreVCusScaling:1 
07-05 20:51:37.275 D/vsyncbridge( 1204): [update_ds_table,  608] u16PreHCusScalingSrc:1920  u16PreHCusScalingDst:1920 
07-05 20:51:37.275 D/vsyncbridge( 1204): [update_ds_table,  610] u16PreVCusScalingSrc:1080  u16PreVCusScalingSrc:1080 
07-05 20:51:37.275 D/vsyncbridge( 1204): [update_ds_table,  613] bHCusScaling:0  bVCusScaling:0 
07-05 20:51:37.275 D/vsyncbridge( 1204): [update_ds_table,  615] u16HCusScalingSrc:1920  u16HCusScalingDst:1632 
07-05 20:51:37.275 D/vsyncbridge( 1204): [update_ds_table,  617] u16VCusScalingSrc:1080  u16VCusScalingDst:920 
07-05 20:51:37.275 D/vsyncbridge( 1204): vsync_bridge_CalAspectRatio type = 0
07-05 20:51:37.275 D/vsyncbridge( 1204): panel [3840 2160] osd [1920 1080] ratio [2.000000 2.000000]
07-05 20:51:37.275 D/vsyncbridge( 1204): apply ratio, x=838, y=410, width=1632, height=920
07-05 20:51:37.275 D/vsyncbridge( 1204): disp_old[838 410 2470 1330], disp_new[838 410 2470 1330], crop[0 0 1920 1080]
07-05 20:51:37.275 D/vsyncbridge( 1204): [update_ds_table,  798] SW DS !!! 
07-05 20:51:37.275 D/vsyncbridge( 1204): [update_ds_table,  800] stXC_SetWin_Info.stCapWin.width1920  stXC_SetWin_Info.stCapWin.height:1080
07-05 20:51:37.275 D/vsyncbridge( 1204): [update_ds_table,  802] stXC_SetWin_Info.stCropWin.width1920  stXC_SetWin_Info.stCropWin.height:1080
07-05 20:51:37.275 D/vsyncbridge( 1204): [update_ds_table,  803] MApi_XC_GetDynamicScalingStatus():1 
07-05 20:51:37.275 D/        ( 1204): Alert: cannot get frameCount from IOCTL, eWindow=0! Fall back to original frame mode
07-05 20:51:37.275 D/PowerManagerService( 1733): setScreenBrightnessOverrideFromWindowManagerInternal done
07-05 20:51:37.275 D/        ( 1204): MVOP is 1P mode
07-05 20:51:37.275 D/        ( 1204): [_MDrv_SC_check_2p_mode][9405]u16Width=3840,u16Height=2160,u32Vfreqx10=240
07-05 20:51:37.276 D/vsyncbridge( 1204): vsync_bridge_render_frame pts = 791666, DS_Idx=0x2, overlayID=0
07-05 20:51:37.276 D/vsyncbridge( 1204):  W 3, R 3, Cur 3
07-05 20:51:37.276 D/vsyncbridge( 1204): vsync_bridge_CalAspectRatio type = 0
07-05 20:51:37.276 D/vsyncbridge( 1204): panel [3840 2160] osd [1920 1080] ratio [2.000000 2.000000]
07-05 20:51:37.276 D/vsyncbridge( 1204): apply ratio, x=838, y=410, width=1632, height=920
07-05 20:51:37.277 D/Surface ( 1733): onStatusChange() : mNativeObject = 0 mUseImageHwRender = false
07-05 20:51:37.278 D/ADLog   ( 2945): DBManager => ADCodeInfo cursor.getCount() = 1
07-05 20:51:37.278 D/Surface ( 9716): onStatusChange() : mNativeObject = -195827200 mUseImageHwRender = false
07-05 20:51:37.278 V/Surface ( 9716): nativeSetHardwareRender() : status = 0
07-05 20:51:37.278 V/Surface ( 9716): nativeSetHardwareRender() : end
07-05 20:51:37.278 I/SurfaceView( 9716): New surface: Surface(name=null)/@0x3f3f01da, vis=true, frame=Rect(418, 205 - 1234, 665)
07-05 20:51:37.278 D/Surface ( 9716): onStatusChange() : mNativeObject = 0 mUseImageHwRender = false
07-05 20:51:37.278 D/Surface ( 9716): onStatusChange() : mNativeObject = -195827200 mUseImageHwRender = false
07-05 20:51:37.278 V/Surface ( 9716): nativeSetHardwareRender() : status = 0
07-05 20:51:37.278 V/Surface ( 9716): nativeSetHardwareRender() : end
07-05 20:51:37.279 V/SurfaceView( 9716): Layout: x=418 y=205 w=816 h=460, frame=Rect(0, 0 - 816, 460)
07-05 20:51:37.279 D/ADLog   ( 2945): DBManager => queryPlayPolicy(adCode = ad_on_cv4, packageName = com.jamdeo.tv.advertisementproxy)
07-05 20:51:37.280 D/ADLog   ( 2945): CommonUtils => getListFromString:   
07-05 20:51:37.280 D/ADLog   ( 2945): CommonUtils => getListFromString:   
07-05 20:51:37.280 D/ADLog   ( 2945): CommonUtils => getListFromString:   
07-05 20:51:37.280 D/ADLog   ( 2945): DBManager => load JsonExtras
07-05 20:51:37.281 D/ADLog   ( 2945): ADInfo => setJsonExtras(String jsonExtras = {"ad_on_jump":"{\"startupType\":4,\"startupUrl\":[{\"key\":\"startupType\",\"value\":3,\"type\":\"int\"},{\"key\":\"packageName\",\"value\":\"com.hisense.hicloud.edca\",\"type\":\"String\"}]}"})
07-05 20:51:37.282 D/ADLog   ( 2945): DBManager => ADCodeInfo [id=5, adCode=ad_on_cv4, packageNamecom.jamdeo.tv.advertisementproxy, UpdateStatus=2, defaultAdID=1000000006433, defaultAdURL=http://download.hismarttv.com/epgdata/ImageAD/9000019159462.zip, defaultAdPath=/data/data/com.hisense.service.ad/files/ad/9000019159462.zip, defaultAdType=9, owner=hitv, lastUpdateTime=1499230238, lock=java.util.concurrent.locks.ReentrantLock@1a7732c[Unlocked], adInfos=[com.hisense.service.ad.bean.ADInfo@396ba1f5]]
07-05 20:51:37.282 D/Carousel-CarouselDisplayPlayerLayout( 9716): x=380, y=167,w=892,h=536, hashCode=64756254
07-05 20:51:37.282 D/Carousel-CarouselDisplayPlayerLayout( 9716): mX=380, mY=167,mWitdh=892,mHeight=536, hashCode=64756254
07-05 20:51:37.282 D/Carousel-CarouselDisplayPlayerLayout( 9716): changed=false, hashCode=64756254
07-05 20:51:37.282 D/Carousel-CarouselDisplayPlayerLayout( 9716): extraTryCount=4
07-05 20:51:37.283 I/MainHomeView( 9716): onPanelClosed---left152
07-05 20:51:37.284 I/ADLog   ( 2945): ADServiceHandler => to update ad_on_cv4 ad strategy.
07-05 20:51:37.284 D/ADLog   ( 2945): ADDaoHandler => update ADCodeInfo
07-05 20:51:37.286 D/ADLog   ( 2945): DBManager => update(String table = ADCodeInfo, Object obj = ADCodeInfo [id=5, adCode=ad_on_cv4, packageNamecom.jamdeo.tv.advertisementproxy, UpdateStatus=1, defaultAdID=1000000006433, defaultAdURL=http://download.hismarttv.com/epgdata/ImageAD/9000019159462.zip, defaultAdPath=/data/data/com.hisense.service.ad/files/ad/9000019159462.zip, defaultAdType=9, owner=hitv, lastUpdateTime=1499230238, lock=java.util.concurrent.locks.ReentrantLock@1a7732c[Unlocked], adInfos=[com.hisense.service.ad.bean.ADInfo@396ba1f5]])
07-05 20:51:37.286 D/Carousel-CarouselDisplayPlayerLayout( 9716): x=380, y=167,w=892,h=536, hashCode=64756254
07-05 20:51:37.286 D/Carousel-CarouselDisplayPlayerLayout( 9716): mX=380, mY=167,mWitdh=892,mHeight=536, hashCode=64756254
07-05 20:51:37.286 D/Carousel-CarouselDisplayPlayerLayout( 9716): changed=false, hashCode=64756254
07-05 20:51:37.286 D/Carousel-CarouselDisplayPlayerLayout( 9716): extraTryCount=5
