07-05 22:57:04.321 D/PowerManagerService( 1733): acquireWakeLockInternal: lock=113832109, flags=0x1, tag="NetworkStats", ws=null, uid=1000, pid=1733
07-05 22:57:04.321 D/PowerManagerNotifier( 1733): onWakeLockAcquired: flags=1, tag="NetworkStats", packageName=android, ownerUid=1000, ownerPid=1733, workSource=null
07-05 22:57:04.321 D/NtpTrustedTime( 1733): currentTimeMillis() cache hit
07-05 22:57:04.333 D/NtpTrustedTime( 1733): currentTimeMillis() cache hit
07-05 22:57:04.348 D/NtpTrustedTime( 1733): currentTimeMillis() cache hit
07-05 22:57:04.348 D/NtpTrustedTime( 1733): currentTimeMillis() cache hit
07-05 22:57:04.348 D/PowerManagerService( 1733): releaseWakeLockInternal: lock=113832109 [NetworkStats], flags=0x0
07-05 22:57:04.348 D/PowerManagerNotifier( 1733): onWakeLockReleased: flags=1, tag="NetworkStats", packageName=android, ownerUid=1000, ownerPid=1733, workSource=null
07-05 22:57:04.350 I/MyFragmentStateAdapter(14222): getCount
07-05 22:57:04.394 I/MyFragmentStateAdapter(14222): getCount
07-05 22:57:04.420 I/MyFragmentStateAdapter(14222): getCount
07-05 22:57:04.441 I/TVMW@HsTvSetting( 1234): Trace cmd, data = 0x1058
07-05 22:57:04.441 D/til@system( 2026): til_get_system_param option:100002F int:0, bool:0, ret:0
07-05 22:57:04.441 I/TVMW@HsTvSetting( 1234): Trace cmd, data = 0x101f
07-05 22:57:04.441 D/til@system( 2026): til_get_system_param option:100001D int:3, bool:3, ret:0
07-05 22:57:04.441 E/til     ( 2026): [til_get_current_input_source, 101] 
07-05 22:57:04.442 I/TVMW@HsTvSetting( 1234): Trace cmd, data = 0x7007
07-05 22:57:04.442 I/tilwrapper@sm( 2026): HS2TIL_SourceType *hs=0xd, *til=0x900
07-05 22:57:04.442 D/til     ( 2026): get current source 2304
07-05 22:57:04.442 D/SourceRemoteServiceHandler( 2026): getCurrentInputSource.from.til.result is 0, value is 2304
07-05 22:57:04.442 D/SourceRemoteServiceHandler( 2026): getInputSourceType source: 0x900, type=2304
07-05 22:57:04.442 D/til     ( 2026): ###### func:til_get_picture_param option:0x3000006 ######  
07-05 22:57:04.442 I/TVMW@HsTvSetting( 1234): Trace cmd, data = 0x1003
07-05 22:57:04.442 I/TVMW@HsTvSetting( 1234): Trace cmd, data = 0x8032
07-05 22:57:04.443 I/hstvos  ( 1216): [0m[1;33m[HSHAL][HS_VIDEO][HS_HAL_Video_SetOsdDetect_v2][2389]u16Threshold = 20
07-05 22:57:04.443 E/TVMW@videoctrl( 1234):  getOsd is 1
07-05 22:57:04.443 D/til@system( 2026): til_get_system_param option:1000027 int:1, bool:1, ret:0
07-05 22:57:04.443 D/til     ( 2026): ###### func:til_get_picture_param option:0x3000045 ######  
07-05 22:57:04.444 I/TVMW@HsTvSetting( 1234): Trace cmd, data = 0x300c
07-05 22:57:04.444 I/TVMW@HsTvSetting( 1234): Trace 3d, data = 0x300c
07-05 22:57:04.444 I/TVMW@3d ( 1234): Hs_debug3d_trace: func:get3dStatus, line:109
07-05 22:57:04.449 I/MyFragmentStateAdapter(14222): getCount
07-05 22:57:04.469 I/MiSysSrv( 1214): [37m[INFO] Change to Voltage: 117 mv (0x32)[m
07-05 22:57:04.477 I/MyFragmentStateAdapter(14222): getCount
07-05 22:57:04.498 D/ReminderManager(15961): Checking reminders in 60000 ms
07-05 22:57:04.510 I/MyFragmentStateAdapter(14222): getCount
07-05 22:57:04.538 I/MyFragmentStateAdapter(14222): getCount
07-05 22:57:04.574 I/MyFragmentStateAdapter(14222): getCount
07-05 22:57:04.604 I/MyFragmentStateAdapter(14222): getCount
07-05 22:57:04.626 I/MyFragmentStateAdapter(14222): getCount
07-05 22:57:04.652 I/MyFragmentStateAdapter(14222): getCount
07-05 22:57:04.673 I/MiSysSrv( 1214): [37m[INFO] Change to Voltage: 112 mv (0x2D)[m
07-05 22:57:04.685 I/MyFragmentStateAdapter(14222): getCount
07-05 22:57:04.697 I/HLSP2P  ( 3457): ## 2017-07-05 22:57:04.695 [3457,3628,:0] INFO ## [HLSP2P][TaskManager.cpp:855][INFO][UpdateGlobalInfo]totalDataSize: 0, totalMemorySize: 0, totalCacheSize: 0, curUploadSpeedKB: 0
07-05 22:57:04.704 I/HLSP2P  ( 3457): ## 2017-07-05 22:57:04.704 [3457,3628,:0] INFO ## [HLSP2P][TaskManager.cpp:1325][INFO][TryAdjustMemorySize]system memory total size: 1912M, free size: 340MB, cache add to 30MB, AppState: 14
07-05 22:57:04.716 I/MyFragmentStateAdapter(14222): getCount
07-05 22:57:04.733 D/MSTAR_VDEC_DBG( 1206): Stream ID: 0, Rate : 23 (E:0,D:0,S:0,F:75) 
07-05 22:57:04.753 I/MyFragmentStateAdapter(14222): getCount
07-05 22:57:04.785 I/MyFragmentStateAdapter(14222): getCount
07-05 22:57:04.818 I/MyFragmentStateAdapter(14222): getCount
07-05 22:57:04.849 I/MyFragmentStateAdapter(14222): getCount
07-05 22:57:04.871 I/MiSysSrv( 1214): [37m[INFO] Change to Voltage: 107 mv (0x28)[m
07-05 22:57:04.875 I/MyFragmentStateAdapter(14222): getCount
07-05 22:57:04.908 I/MyFragmentStateAdapter(14222): getCount
07-05 22:57:04.940 I/MyFragmentStateAdapter(14222): getCount
07-05 22:57:04.946 I/TVMW@HsTvSetting( 1234): Trace cmd, data = 0x1058
07-05 22:57:04.946 D/til@system( 2026): til_get_system_param option:100002F int:0, bool:0, ret:0
07-05 22:57:04.946 I/TVMW@HsTvSetting( 1234): Trace cmd, data = 0x101f
07-05 22:57:04.946 D/til@system( 2026): til_get_system_param option:100001D int:3, bool:3, ret:0
07-05 22:57:04.946 E/til     ( 2026): [til_get_current_input_source, 101] 
07-05 22:57:04.947 I/TVMW@HsTvSetting( 1234): Trace cmd, data = 0x7007
07-05 22:57:04.947 I/tilwrapper@sm( 2026): HS2TIL_SourceType *hs=0xd, *til=0x900
07-05 22:57:04.947 D/til     ( 2026): get current source 2304
07-05 22:57:04.947 D/SourceRemoteServiceHandler( 2026): getCurrentInputSource.from.til.result is 0, value is 2304
07-05 22:57:04.947 D/SourceRemoteServiceHandler( 2026): getInputSourceType source: 0x900, type=2304
07-05 22:57:04.947 D/til     ( 2026): ###### func:til_get_picture_param option:0x3000006 ######  
07-05 22:57:04.947 I/TVMW@HsTvSetting( 1234): Trace cmd, data = 0x1003
07-05 22:57:04.948 I/TVMW@HsTvSetting( 1234): Trace cmd, data = 0x8032
07-05 22:57:04.948 I/hstvos  ( 1216): [0m[1;33m[HSHAL][HS_VIDEO][HS_HAL_Video_SetOsdDetect_v2][2389]u16Threshold = 20
07-05 22:57:04.948 E/TVMW@videoctrl( 1234):  getOsd is 1
07-05 22:57:04.948 D/til@system( 2026): til_get_system_param option:1000027 int:1, bool:1, ret:0
07-05 22:57:04.949 D/til     ( 2026): ###### func:til_get_picture_param option:0x3000045 ######  
07-05 22:57:04.949 I/TVMW@HsTvSetting( 1234): Trace cmd, data = 0x300c
07-05 22:57:04.949 I/TVMW@HsTvSetting( 1234): Trace 3d, data = 0x300c
07-05 22:57:04.949 I/TVMW@3d ( 1234): Hs_debug3d_trace: func:get3dStatus, line:109
07-05 22:57:04.969 I/MiSysSrv( 1214): [37m[INFO] Change to Voltage: 102 mv (0x23)[m
07-05 22:57:04.996 I/MyFragmentStateAdapter(14222): getCount
07-05 22:57:05.034 I/MyFragmentStateAdapter(14222): getCount
07-05 22:57:05.043 I/art     (14187): Background sticky concurrent mark sweep GC freed 14254(757KB) AllocSpace objects, 0(0B) LOS objects, 52% free, 766KB/1625KB, paused 8.180ms total 15.359ms
07-05 22:57:05.070 I/MiSysSrv( 1214): [37m[INFO] Change to Voltage: 102 mv (0x23)[m
07-05 22:57:05.070 I/MyFragmentStateAdapter(14222): getCount
07-05 22:57:05.074 I/TVMW@devctrl( 1234): wdt
07-05 22:57:05.104 I/MyFragmentStateAdapter(14222): getCount
07-05 22:57:05.142 I/MyFragmentStateAdapter(14222): getCount
07-05 22:57:05.158 D/PowerManagerService( 1733): acquireWakeLockInternal: lock=113832109, flags=0x1, tag="NetworkStats", ws=null, uid=1000, pid=1733
07-05 22:57:05.158 D/PowerManagerNotifier( 1733): onWakeLockAcquired: flags=1, tag="NetworkStats", packageName=android, ownerUid=1000, ownerPid=1733, workSource=null
07-05 22:57:05.158 D/NtpTrustedTime( 1733): currentTimeMillis() cache hit
07-05 22:57:05.176 D/NtpTrustedTime( 1733): currentTimeMillis() cache hit
07-05 22:57:05.176 D/PowerManagerService( 1733): releaseWakeLockInternal: lock=113832109 [NetworkStats], flags=0x0
07-05 22:57:05.177 D/PowerManagerNotifier( 1733): onWakeLockReleased: flags=1, tag="NetworkStats", packageName=android, ownerUid=1000, ownerPid=1733, workSource=null
07-05 22:57:05.177 D/NtpTrustedTime( 1733): currentTimeMillis() cache hit
07-05 22:57:05.177 D/NtpTrustedTime( 1733): currentTimeMillis() cache hit
07-05 22:57:05.184 I/MyFragmentStateAdapter(14222): getCount
07-05 22:57:05.208 I/NetflixMonitorService( 1733): current fgapk : com.hisense.hicloud.edca
07-05 22:57:05.209 I/NetflixMonitorService( 1733): Netflix status unchanged
07-05 22:57:05.225 I/MyFragmentStateAdapter(14222): getCount
07-05 22:57:05.254 I/MyFragmentStateAdapter(14222): getCount
07-05 22:57:05.270 I/MiSysSrv( 1214): [37m[INFO] Change to Voltage: 117 mv (0x32)[m
07-05 22:57:05.280 I/MyFragmentStateAdapter(14222): getCount
07-05 22:57:05.304 I/MyFragmentStateAdapter(14222): getCount
07-05 22:57:05.309 I/art     (14187): Background concurrent mark sweep GC freed 18946(1000KB) AllocSpace objects, 0(0B) LOS objects, 63% free, 595KB/1619KB, paused 5.713ms total 14.614ms
07-05 22:57:05.333 I/MyFragmentStateAdapter(14222): getCount
07-05 22:57:05.364 I/MyFragmentStateAdapter(14222): getCount
07-05 22:57:05.369 I/MiSysSrv( 1214): [37m[INFO] Change to Voltage: 117 mv (0x32)[m
07-05 22:57:05.393 I/MyFragmentStateAdapter(14222): getCount
07-05 22:57:05.424 I/MyFragmentStateAdapter(14222): getCount
07-05 22:57:05.451 I/TVMW@HsTvSetting( 1234): Trace cmd, data = 0x1058
07-05 22:57:05.451 D/til@system( 2026): til_get_system_param option:100002F int:0, bool:0, ret:0
07-05 22:57:05.452 I/TVMW@HsTvSetting( 1234): Trace cmd, data = 0x101f
07-05 22:57:05.452 D/til@system( 2026): til_get_system_param option:100001D int:3, bool:3, ret:0
07-05 22:57:05.452 E/til     ( 2026): [til_get_current_input_source, 101] 
07-05 22:57:05.452 I/TVMW@HsTvSetting( 1234): Trace cmd, data = 0x7007
07-05 22:57:05.452 I/tilwrapper@sm( 2026): HS2TIL_SourceType *hs=0xd, *til=0x900
07-05 22:57:05.452 D/til     ( 2026): get current source 2304
07-05 22:57:05.452 D/SourceRemoteServiceHandler( 2026): getCurrentInputSource.from.til.result is 0, value is 2304
07-05 22:57:05.452 D/SourceRemoteServiceHandler( 2026): getInputSourceType source: 0x900, type=2304
07-05 22:57:05.452 D/til     ( 2026): ###### func:til_get_picture_param option:0x3000006 ######  
07-05 22:57:05.452 I/TVMW@HsTvSetting( 1234): Trace cmd, data = 0x1003
07-05 22:57:05.453 I/TVMW@HsTvSetting( 1234): Trace cmd, data = 0x8032
07-05 22:57:05.454 I/hstvos  ( 1216): [0m[1;33m[HSHAL][HS_VIDEO][HS_HAL_Video_SetOsdDetect_v2][2389]u16Threshold = 20
07-05 22:57:05.455 E/TVMW@videoctrl( 1234):  getOsd is 1
07-05 22:57:05.455 D/til@system( 2026): til_get_system_param option:1000027 int:1, bool:1, ret:0
07-05 22:57:05.455 D/til     ( 2026): ###### func:til_get_picture_param option:0x3000045 ######  
07-05 22:57:05.457 I/TVMW@HsTvSetting( 1234): Trace cmd, data = 0x300c
07-05 22:57:05.457 I/TVMW@HsTvSetting( 1234): Trace 3d, data = 0x300c
07-05 22:57:05.457 I/TVMW@3d ( 1234): Hs_debug3d_trace: func:get3dStatus, line:109
07-05 22:57:05.470 I/MiSysSrv( 1214): [37m[INFO] Change to Voltage: 112 mv (0x2D)[m
07-05 22:57:05.471 I/MyFragmentStateAdapter(14222): getCount
07-05 22:57:05.504 I/MyFragmentStateAdapter(14222): getCount
07-05 22:57:05.527 I/MyFragmentStateAdapter(14222): getCount
07-05 22:57:05.554 I/MyFragmentStateAdapter(14222): getCount
07-05 22:57:05.585 I/MyFragmentStateAdapter(14222): getCount
07-05 22:57:05.617 I/MyFragmentStateAdapter(14222): getCount
07-05 22:57:05.652 I/MyFragmentStateAdapter(14222): getCount
07-05 22:57:05.670 I/MiSysSrv( 1214): [37m[INFO] Change to Voltage: 107 mv (0x28)[m
07-05 22:57:05.684 I/MyFragmentStateAdapter(14222): getCount
07-05 22:57:05.713 I/MyFragmentStateAdapter(14222): getCount
07-05 22:57:05.753 I/MyFragmentStateAdapter(14222): getCount
07-05 22:57:05.765 D/MSTAR_VDEC_DBG( 1206): Stream ID: 0, Rate : 24 (E:0,D:0,S:0,F:100) 
07-05 22:57:05.806 I/MyFragmentStateAdapter(14222): getCount
07-05 22:57:05.843 I/MyFragmentStateAdapter(14222): getCount
07-05 22:57:05.869 I/MiSysSrv( 1214): [37m[INFO] Change to Voltage: 102 mv (0x23)[m
07-05 22:57:05.874 D/GlobalInputEventMonitoringService( 1733): interceptKeyBeforeQueueing(), event:22, mNeedMonitorKeyEvent:true, mWaitForKeyUpEvent:false
07-05 22:57:05.874 D/GlobalInputEventMonitoringService( 1733): processKeyEvent(), processKeyEvent event:22
07-05 22:57:05.874 D/WindowManager( 1733): interceptKeyTq keycode=22 interactive=true keyguardActive=false policyFlags=2b000000 isCancled= false
07-05 22:57:05.874 D/PowerManagerService( 1733): userActivityNoUpdateLocked: eventTime=15467436, event=1, flags=0x0, uid=1000
07-05 22:57:05.874 D/WindowManager( 1733): interceptKeyTi keyCode=22 down=true repeatCount=0 keyguardOn=false mHomePressed=false canceled=false
07-05 22:57:05.874 D/WindowManager( 1733): Hisense systemkey event: 22
07-05 22:57:05.875 D/HisenseGlobalKeyManager( 1733): handleGlobalKey() : Global event = KeyEvent { action=ACTION_DOWN, keyCode=KEYCODE_DPAD_RIGHT, scanCode=0, metaState=0, flags=0x0, repeatCount=0, eventTime=15467436, downTime=15467436, deviceId=-1, source=0x101 }
07-05 22:57:05.895 D/MC_MEMORY(16055): max: 256.261888 Mb, heap: 10.10778 Mb, allocated: 9.10158 Mb, free: 0.621 Mb, native heap: 12.12276 Mb, native allocated: 8.8385 Mb, native free: 3.3892 Mb
07-05 22:57:05.911 D/SogouIME( 2203): [onKeyDown] keycode = 22 model = VIDAA_TV
07-05 22:57:05.921 I/MyFragmentStateAdapter(14222): getCount
07-05 22:57:05.938 D/MyLocalStartService(16899): currentName is :com.hisense.hicloud.edca
07-05 22:57:05.960 I/TVMW@HsTvSetting( 1234): Trace cmd, data = 0x1058
07-05 22:57:05.962 D/IntertrustDRMManager(14222): [TID 14411] wasabi runtime initialized success.
07-05 22:57:05.963 D/til@system( 2026): til_get_system_param option:100002F int:0, bool:0, ret:0
07-05 22:57:05.963 I/TVMW@HsTvSetting( 1234): Trace cmd, data = 0x101f
07-05 22:57:05.963 D/til@system( 2026): til_get_system_param option:100001D int:3, bool:3, ret:0
07-05 22:57:05.963 E/til     ( 2026): [til_get_current_input_source, 101] 
07-05 22:57:05.964 D/Carousel-CarouselDisplayPlayerLayout(14222): HasFocus:false,keyCode:22
07-05 22:57:05.964 D/Carousel-CarouselDisplayPlayerLayout(14222): isFullScreen:false
07-05 22:57:05.964 I/HomeMainActivity(14222): carousel handle key:false
07-05 22:57:05.964 I/MainHomeView(14222): dispatchKeyEvent ACTION_DOWN now 
07-05 22:57:05.966 I/TVMW@HsTvSetting( 1234): Trace cmd, data = 0x7007
07-05 22:57:05.966 I/tilwrapper@sm( 2026): HS2TIL_SourceType *hs=0xd, *til=0x900
07-05 22:57:05.966 D/til     ( 2026): get current source 2304
07-05 22:57:05.966 D/SourceRemoteServiceHandler( 2026): getCurrentInputSource.from.til.result is 0, value is 2304
07-05 22:57:05.966 D/SourceRemoteServiceHandler( 2026): getInputSourceType source: 0x900, type=2304
07-05 22:57:05.967 D/til     ( 2026): ###### func:til_get_picture_param option:0x3000006 ######  
07-05 22:57:05.967 I/TVMW@HsTvSetting( 1234): Trace cmd, data = 0x1003
07-05 22:57:05.968 I/TVMW@HsTvSetting( 1234): Trace cmd, data = 0x8032
07-05 22:57:05.968 I/hstvos  ( 1216): [0m[1;33m[HSHAL][HS_VIDEO][HS_HAL_Video_SetOsdDetect_v2][2389]u16Threshold = 20
07-05 22:57:05.969 E/TVMW@videoctrl( 1234):  getOsd is 1
07-05 22:57:05.969 D/til@system( 2026): til_get_system_param option:1000027 int:1, bool:1, ret:0
07-05 22:57:05.969 D/til     ( 2026): ###### func:til_get_picture_param option:0x3000045 ######  
07-05 22:57:05.970 I/TabView (14222): onKeyListener() ACTION_DOWN keyCode -- 22
07-05 22:57:05.970 I/TVMW@HsTvSetting( 1234): Trace cmd, data = 0x300c
07-05 22:57:05.970 I/TVMW@HsTvSetting( 1234): Trace 3d, data = 0x300c
07-05 22:57:05.970 I/TVMW@3d ( 1234): Hs_debug3d_trace: func:get3dStatus, line:109
07-05 22:57:05.970 I/SoftFragmentList(14222): fetchCacheFragment  enter ---- index = 2
07-05 22:57:05.970 D/SoftFragmentList(14222): fetchCacheFragment  mFragmentCache.size() = 3
07-05 22:57:05.970 D/SoftFragmentList(14222): fetchCacheFragment mLastIndex = 2, view = 
07-05 22:57:05.970 I/BaseContentFragment(14222): initChildFocustrue,recyclerview=com.hisense.leanback.widget.VerticalGridView{3427f275 VFED.... ........ 0,0-1768,1080 #7f0d02c8 app:id/recyclerview_content}====---mIsVisibleToUser:true-------
07-05 22:57:05.976 I/art     (14187): Background sticky concurrent mark sweep GC freed 16222(861KB) AllocSpace objects, 0(0B) LOS objects, 55% free, 712KB/1619KB, paused 5.309ms total 34.643ms
07-05 22:57:05.979 I/TVMW@devctrl( 1234): wdt
07-05 22:57:05.982 D/til@system( 2026): til_get_system_param option:1000007 int:-1815633792, bool:128, ret:0
07-05 22:57:05.984 D/til@system( 2026): til_get_system_param option:1000009 int:-1936525184, bool:128, ret:0
07-05 22:57:05.985 D/til@system( 2026): til_get_system_param option:1000008 int:-1815634176, bool:0, ret:0
07-05 22:57:05.986 D/HiSDKLogReport(14222): getOperationDetail-productName : LED50MU8600UC
07-05 22:57:05.986 D/HiSDKLogReport(14222): getOperationDetail-plmNumber : 88888
07-05 22:57:05.986 D/HiSDKLogReport(14222): getOperationDetail-swVersion : V0000.00.01A
07-05 22:57:05.986 D/HiSDKLogReport(14222): getOperationDetail-operationDetail : LED50MU8600UC0000888
07-05 22:57:05.986 D/HiSDKLogReport(14222): businessLogReport-log : {eventType=232, APPVersionName=3.0.0.9.00, devid=86100300900000500000060a4818fca8, rowid=-1, uuid=13287129, APIversion=501, eventcode=232000, logversion=2.0, columnid=-1, devType=0, eventPos=000, groupid=-1, ChannelId=0, version=00.002.003, subscriberId=13287129, PFAPPCode=652, tabid=0, softwareVersion=LED50MU8600UC0000888, srceventcode=201000, mac=a8:a6:48:18:fc:a8, accessToken=72DF6038D2AEAB8A76DFBBBBCC428A4A_003695798279818, srctabid=0, APPPackage=com.hisense.hicloud.edca, sessionid=5172201ee5894aa99f378c81619ee646, requesttime=1499266625986, customerId=7195320, model_id=0, requestid=a8fd4e887c0b417c902646351ebd320c, tv_distribute_id=00, APIVersion=600, issysrepo=0}
07-05 22:57:05.987 D/BaseContentFragment(14222): initChildFocus firstlineview===>:com.hisense.tvui.newhome.view.SpecialFirstView{1f30f9e7 V.E..... ........ 10,185-1748,691}
07-05 22:57:05.987 D/setHistoryRequestFocus(14222): ===>false
07-05 22:57:05.987 I/FirstlineLayoutManager(14222): left=0,width=1738,scroll Distance=-1488
07-05 22:57:05.993 I/BaseContentFragment(14222): setRowViewSelectedViewHolder{1cf7441e position=0 id=-1, oldPos=-1, pLpos:-1},isSelectedfalse
07-05 22:57:05.993 I/BaseContentFragment(14222): setRowViewSelectedViewHolder{3f8de80b position=1 id=-1, oldPos=-1, pLpos:-1},isSelectedtrue
07-05 22:57:05.993 I/RoleContentFragment(14222): onChildSelected:1,lastPos=0
07-05 22:57:05.997 I/TabView (14222): onfocuschange:false
07-05 22:57:05.997 D/TabView (14222): icon---:2
07-05 22:57:05.997 E/TabView (14222): 
07-05 22:57:06.003 D/PowerManagerService( 1733): acquireWakeLockInternal: lock=113832109, flags=0x1, tag="NetworkStats", ws=null, uid=1000, pid=1733
07-05 22:57:06.003 D/PowerManagerNotifier( 1733): onWakeLockAcquired: flags=1, tag="NetworkStats", packageName=android, ownerUid=1000, ownerPid=1733, workSource=null
07-05 22:57:06.004 D/NtpTrustedTime( 1733): currentTimeMillis() cache hit
07-05 22:57:06.006 W/System.err(14222): java.net.ConnectException: failed to connect to /10.18.210.112 (port 8900) after 6000ms: isConnected failed: ECONNREFUSED (Connection refused)
07-05 22:57:06.006 W/System.err(14222): 	at libcore.io.IoBridge.isConnected(IoBridge.java:238)
07-05 22:57:06.006 W/System.err(14222): 	at libcore.io.IoBridge.connectErrno(IoBridge.java:171)
07-05 22:57:06.006 W/System.err(14222): 	at libcore.io.IoBridge.connect(IoBridge.java:122)
07-05 22:57:06.006 W/System.err(14222): 	at java.net.PlainSocketImpl.connect(PlainSocketImpl.java:183)
07-05 22:57:06.006 W/System.err(14222): 	at java.net.PlainSocketImpl.connect(PlainSocketImpl.java:456)
07-05 22:57:06.006 W/System.err(14222): 	at java.net.Socket.connect(Socket.java:882)
07-05 22:57:06.006 W/System.err(14222): 	at com.android.okhttp.internal.Platform.connectSocket(Platform.java:174)
07-05 22:57:06.006 W/System.err(14222): 	at com.android.okhttp.Connection.connect(Connection.java:152)
07-05 22:57:06.006 W/System.err(14222): 	at com.android.okhttp.internal.http.HttpEngine.connect(HttpEngine.java:276)
07-05 22:57:06.006 W/System.err(14222): 	at com.android.okhttp.internal.http.HttpEngine.sendRequest(HttpEngine.java:211)
07-05 22:57:06.006 W/System.err(14222): 	at com.android.okhttp.internal.http.HttpURLConnectionImpl.execute(HttpURLConnectionImpl.java:382)
07-05 22:57:06.006 W/System.err(14222): 	at com.android.okhttp.internal.http.HttpURLConnectionImpl.connect(HttpURLConnectionImpl.java:106)
07-05 22:57:06.006 W/System.err(14222): 	at com.hisense.hitv.hicloud.util.ExceptionReport.a(ExceptionReport.java:337)
07-05 22:57:06.007 W/System.err(14222): 	at com.hisense.hitv.hicloud.util.ExceptionReport.a(ExceptionReport.java:39)
07-05 22:57:06.007 W/System.err(14222): 	at com.hisense.hitv.hicloud.util.ExceptionReport$1.run(ExceptionReport.java:83)
07-05 22:57:06.007 W/System.err(14222): 	at java.lang.Thread.run(Thread.java:818)
07-05 22:57:06.007 W/System.err(14222): Caused by: android.system.ErrnoException: isConnected failed: ECONNREFUSED (Connection refused)
07-05 22:57:06.007 W/System.err(14222): 	at libcore.io.IoBridge.isConnected(IoBridge.java:223)
07-05 22:57:06.007 W/System.err(14222): 	... 15 more
07-05 22:57:06.013 D/DtvSourcePlugin-DVBC(15961): Setting the EPG Updater state to: WAIT
07-05 22:57:06.014 D/NtpTrustedTime( 1733): currentTimeMillis() cache hit
07-05 22:57:06.015 D/PowerManagerService( 1733): releaseWakeLockInternal: lock=113832109 [NetworkStats], flags=0x0
07-05 22:57:06.015 D/PowerManagerNotifier( 1733): onWakeLockReleased: flags=1, tag="NetworkStats", packageName=android, ownerUid=1000, ownerPid=1733, workSource=null
07-05 22:57:06.015 D/NtpTrustedTime( 1733): currentTimeMillis() cache hit
07-05 22:57:06.015 D/NtpTrustedTime( 1733): currentTimeMillis() cache hit
07-05 22:57:06.033 D/CommonHeader(14222): onTabStatusChanged tabstatus===>:40000
07-05 22:57:06.036 D/HttpHandler(14222): VerifySignInterCeptor-->request.url()=http://picture.edu.hismarttv.com/images/20170628121925625089.png
07-05 22:57:06.036 D/HttpHandler(14222): VerifySignInterCeptor-->hostname=picture.edu.hismarttv.com
07-05 22:57:06.043 D/OkHttp  (14222): --> GET http://picture.edu.hismarttv.com/images/20170628121925625089.png http/1.1
07-05 22:57:06.043 D/OkHttp  (14222): Host: picture.edu.hismarttv.com
07-05 22:57:06.043 D/OkHttp  (14222): Connection: Keep-Alive
07-05 22:57:06.043 D/OkHttp  (14222): Accept-Encoding: gzip
07-05 22:57:06.043 D/OkHttp  (14222): User-Agent: okhttp/3.6.0
07-05 22:57:06.043 D/OkHttp  (14222): --> END GET
07-05 22:57:06.065 D/GlobalInputEventMonitoringService( 1733): interceptKeyBeforeQueueing(), event:22, mNeedMonitorKeyEvent:true, mWaitForKeyUpEvent:false
07-05 22:57:06.065 D/GlobalInputEventMonitoringService( 1733): processKeyEvent(), processKeyEvent event:22
07-05 22:57:06.065 D/WindowManager( 1733): interceptKeyTq keycode=22 interactive=true keyguardActive=false policyFlags=2b000000 isCancled= false
07-05 22:57:06.065 D/WindowManager( 1733): interceptKeyTi keyCode=22 down=false repeatCount=0 keyguardOn=false mHomePressed=false canceled=false
07-05 22:57:06.065 D/WindowManager( 1733): Hisense systemkey event: 22
07-05 22:57:06.065 D/HisenseGlobalKeyManager( 1733): handleGlobalKey() : Global event = KeyEvent { action=ACTION_UP, keyCode=KEYCODE_DPAD_RIGHT, scanCode=0, metaState=0, flags=0x0, repeatCount=0, eventTime=15467436, downTime=15467436, deviceId=-1, source=0x101 }
07-05 22:57:06.073 I/MyFragmentStateAdapter(14222): getCount
07-05 22:57:06.074 D/OkHttp  (14222): <-- 200 OK http://picture.edu.hismarttv.com/images/20170628121925625089.png (30ms)
07-05 22:57:06.074 D/OkHttp  (14222): Date: Tue, 04 Jul 2017 02:31:48 GMT
07-05 22:57:06.074 D/OkHttp  (14222): Server: nginx
07-05 22:57:06.074 D/OkHttp  (14222): Content-Type: image/png
07-05 22:57:06.074 D/OkHttp  (14222): Content-Length: 3689
07-05 22:57:06.074 D/OkHttp  (14222): Last-Modified: Wed, 28 Jun 2017 12:19:25 GMT
07-05 22:57:06.074 D/OkHttp  (14222): ETag: "59539ecd-e69"
07-05 22:57:06.074 D/OkHttp  (14222): Accept-Ranges: bytes
07-05 22:57:06.074 D/OkHttp  (14222): Age: 131117
07-05 22:57:06.074 D/OkHttp  (14222): Via: 1.1 jnwt241:0 (Cdn Cache Server V2.0)[0 200 0], 1.1 t86:5 (Cdn Cache Server V2.0)[0 200 0]
07-05 22:57:06.074 D/OkHttp  (14222): Connection: keep-alive
07-05 22:57:06.074 D/OkHttp  (14222): <-- END HTTP
07-05 22:57:06.079 D/HttpHandler(14222): RetryIntercepter-->retryNum=0
07-05 22:57:06.079 D/HttpHandler(14222): RetryIntercepter-->backoffmutiplier=0
07-05 22:57:06.102 D/TabView (14222): 
07-05 22:57:06.105 D/TabView (14222): 
07-05 22:57:06.109 D/TabView (14222): 
07-05 22:57:06.111 D/TabView (14222): 
07-05 22:57:06.113 D/TabView (14222): 
07-05 22:57:06.114 D/TabView (14222): 
07-05 22:57:06.116 D/TabView (14222): 
07-05 22:57:06.120 D/TabView (14222): 
07-05 22:57:06.121 D/TabView (14222): 
07-05 22:57:06.124 D/TabView (14222): 
07-05 22:57:06.125 D/TabView (14222): 
07-05 22:57:06.127 D/TabView (14222): 
07-05 22:57:06.128 D/TabView (14222): 
07-05 22:57:06.131 D/TabView (14222): 
07-05 22:57:06.132 D/TabView (14222): 
07-05 22:57:06.133 D/TabView (14222): 
07-05 22:57:06.134 I/MyFragmentStateAdapter(14222): getCount
07-05 22:57:06.134 I/MyFragmentStateAdapter(14222): getCount
07-05 22:57:06.134 D/TabView (14222): 
07-05 22:57:06.135 D/TabView (14222): 
07-05 22:57:06.138 D/TabView (14222): 
07-05 22:57:06.140 D/TabView (14222): 
07-05 22:57:06.142 D/TabView (14222): 
07-05 22:57:06.145 D/TabView (14222): 
07-05 22:57:06.148 D/TabView (14222): 
07-05 22:57:06.149 D/TabView (14222): 
07-05 22:57:06.152 D/TabView (14222): 
07-05 22:57:06.153 D/TabView (14222): 
07-05 22:57:06.154 D/TabView (14222): 
07-05 22:57:06.155 D/TabView (14222): 
07-05 22:57:06.159 D/TabView (14222): 
07-05 22:57:06.160 D/TabView (14222): 
07-05 22:57:06.161 D/TabView (14222): 
07-05 22:57:06.162 D/TabView (14222): 
07-05 22:57:06.163 I/MyFragmentStateAdapter(14222): getCount
07-05 22:57:06.163 I/MyFragmentStateAdapter(14222): getCount
07-05 22:57:06.169 I/TabView (14222): onScroll:,firstItem=0,visibleCount=6,totalCount=10
07-05 22:57:06.171 D/Carousel-CarouselView(14222): ============>onScrollChanged hashCode:832018257
07-05 22:57:06.171 D/Carousel-CarouselDisplayPlayerLayout(14222): isFullScreen:false
07-05 22:57:06.172 I/MainHomeView(14222): onPanelSlide0.3053435---left192
07-05 22:57:06.180 I/CurrentCarouselView(14222): onCarouseControlCarouselControlBean{mShoudScroll=true, mActivityHasResume=false, mActivityHasStop=false, mHasTurnGone=false, mHasTurnVisible=false, mChannelId=-1, mSlideOffset=0.3053435, mShouldSelectCenter=false, mTabOpen=false, mHoriPosStatus=None, mVerPosStatus=None, mLevelStatus=None},isPlayingtrue,channelId=0
07-05 22:57:06.181 I/CurrentCarouselView(14222): is not the current page
07-05 22:57:06.181 I/CurrentCarouselView(14222): do scroll
07-05 22:57:06.181 D/Carousel-CarouselView(14222): smoothScroll.
07-05 22:57:06.181 D/Carousel-CarouselDisplayPlayerLayout(14222): isFullScreen:false
07-05 22:57:06.181 D/TabView (14222): onReceiveSlidingOffset ===>:0.3053435
07-05 22:57:06.183 I/MyFragmentStateAdapter(14222): getCount
07-05 22:57:06.200 D/Carousel-CarouselDisplayPlayerLayout(14222): HasFocus:false,keyCode:22
07-05 22:57:06.200 D/Carousel-CarouselDisplayPlayerLayout(14222): isFullScreen:false
07-05 22:57:06.200 I/HomeMainActivity(14222): carousel handle key:false
07-05 22:57:06.212 I/NetflixMonitorService( 1733): current fgapk : com.hisense.hicloud.edca
07-05 22:57:06.212 V/InputMethodService( 2203): startInput(): editor=android.view.inputmethod.EditorInfo@2523f1b0
07-05 22:57:06.212 I/NetflixMonitorService( 1733): Netflix status unchanged
07-05 22:57:06.212 V/InputMethodService( 2203): CALL: onFinishInput
07-05 22:57:06.213 E/SOGOUIME_JNI( 2203): reset
07-05 22:57:06.213 E/SOGOUIME_JNI( 2203): getCandidates
07-05 22:57:06.213 E/SOGOUIME_JNI( 2203): ime_get_uncommitted_length
07-05 22:57:06.214 E/SOGOUIME_JNI( 2203): getCandidates
07-05 22:57:06.214 D/SogouIME API( 2203): ==============num:32
07-05 22:57:06.214 E/SOGOUIME_JNI( 2203): ime_get_uncommitted_length
07-05 22:57:06.214 D/SogouIME( 2203): mFocusedComponent:30   isHkbEnable:false
07-05 22:57:06.214 E/SOGOUIME_JNI( 2203): ime_get_uncommitted_length
07-05 22:57:06.214 E/SOGOUIME_JNI( 2203): ime_get_committed_length
07-05 22:57:06.214 E/SOGOUIME_JNI( 2203): getComposingInfo
07-05 22:57:06.214 E/SOGOUIME_JNI( 2203): getComposingInfo
07-05 22:57:06.214 E/SOGOUIME_JNI( 2203): getCorrectInfo
07-05 22:57:06.214 E/SOGOUIME_JNI( 2203): getComposingInfo
07-05 22:57:06.215 V/InputMethodService( 2203): CALL: onStartInput
07-05 22:57:06.215 E/SOGOUIME_JNI( 2203): invalidateCommitWordPinyinNative
07-05 22:57:06.215 D/SogouIME( 2203): =====configKeyboard=======:false     false
07-05 22:57:06.215 E/SOGOUIME_JNI( 2203): ime_set_hard_kb_enable
07-05 22:57:06.218 I/MainHomeView(14222): onPanelSlide0.16793893---left174
07-05 22:57:06.219 I/CurrentCarouselView(14222): onCarouseControlCarouselControlBean{mShoudScroll=true, mActivityHasResume=false, mActivityHasStop=false, mHasTurnGone=false, mHasTurnVisible=false, mChannelId=-1, mSlideOffset=0.16793893, mShouldSelectCenter=false, mTabOpen=false, mHoriPosStatus=None, mVerPosStatus=None, mLevelStatus=None},isPlayingtrue,channelId=0
07-05 22:57:06.219 I/CurrentCarouselView(14222): is not the current page
07-05 22:57:06.219 I/CurrentCarouselView(14222): do scroll
07-05 22:57:06.219 D/Carousel-CarouselView(14222): smoothScroll.
07-05 22:57:06.219 D/Carousel-CarouselDisplayPlayerLayout(14222): isFullScreen:false
07-05 22:57:06.219 D/TabView (14222): onReceiveSlidingOffset ===>:0.16793893
07-05 22:57:06.241 D/Carousel-CarouselDisplayPlayerLayout(14222): x=402, y=167,w=892,h=536, hashCode=1004363092
07-05 22:57:06.241 D/Carousel-CarouselDisplayPlayerLayout(14222): mX=511, mY=167,mWitdh=892,mHeight=536, hashCode=1004363092
07-05 22:57:06.241 D/Carousel-CarouselDisplayPlayerLayout(14222): changed=true, hashCode=1004363092
07-05 22:57:06.243 D/Carousel-Utils(14222): x=402,y=167, width=892,height=536
07-05 22:57:06.244 D/Carousel-CarouselDisplayPlayerLayout(14222): isFullScreen:false
07-05 22:57:06.244 D/Carousel-CarouselView(14222): ===========>onScrollStart
07-05 22:57:06.247 D/Carousel-Utils(14222): displayImage view=android.widget.ImageView{2cdea024 I.ED.... ......ID 0,0-816,460 #7f0d0029 app:id/imageView1}
07-05 22:57:06.247 D/Carousel-Utils(14222): displayImage url=http://picture.edu.hismarttv.com/images/20170629010146422927.jpg
07-05 22:57:06.249 D/Carousel-Utils(14222): onResourceReady.
07-05 22:57:06.265 D/Carousel-Utils(14222): displayImage view=android.widget.ImageView{25cdcdc1 I.ED.... ........ 0,0-816,460 #7f0d0029 app:id/imageView1}
07-05 22:57:06.265 D/Carousel-Utils(14222): displayImage url=http://picture.edu.hismarttv.com/images/20170629010146422927.jpg
07-05 22:57:06.266 D/Carousel-Utils(14222): onResourceReady.
07-05 22:57:06.267 D/Carousel-CarouselDisplayPlayerLayout(14222): x=402, y=167,w=892,h=536, hashCode=1004363092
07-05 22:57:06.268 D/Carousel-CarouselDisplayPlayerLayout(14222): mX=402, mY=167,mWitdh=892,mHeight=536, hashCode=1004363092
07-05 22:57:06.268 D/Carousel-CarouselDisplayPlayerLayout(14222): changed=false, hashCode=1004363092
07-05 22:57:06.268 D/Carousel-CarouselDisplayPlayerLayout(14222): extraTryCount=0
07-05 22:57:06.309 I/MyFragmentStateAdapter(14222): getCount
07-05 22:57:06.309 I/MyFragmentStateAdapter(14222): getCount
07-05 22:57:06.309 I/MyFragmentStateAdapter(14222): getCount
07-05 22:57:06.309 I/MyFragmentStateAdapter(14222): getCount
07-05 22:57:06.309 I/Carousel-UrlVideoView(14222): onMeasure(MeasureSpec: EXACTLY 816, MeasureSpec: EXACTLY 460)
07-05 22:57:06.309 D/Carousel-UrlVideoView(14222): widthSpecMode=1073741824
07-05 22:57:06.309 D/Carousel-UrlVideoView(14222): heightSpecMode=1073741824
07-05 22:57:06.309 D/Carousel-UrlVideoView(14222): widthSpecSize=816
07-05 22:57:06.309 D/Carousel-UrlVideoView(14222): heightSpecSize=460
07-05 22:57:06.309 I/Carousel-UrlVideoView(14222): onMeasure(MeasureSpec: EXACTLY 816, MeasureSpec: EXACTLY 460)
07-05 22:57:06.309 D/Carousel-UrlVideoView(14222): widthSpecMode=1073741824
07-05 22:57:06.309 D/Carousel-UrlVideoView(14222): heightSpecMode=1073741824
07-05 22:57:06.309 D/Carousel-UrlVideoView(14222): widthSpecSize=816
07-05 22:57:06.309 D/Carousel-UrlVideoView(14222): heightSpecSize=460
07-05 22:57:06.313 D/Surface ( 1733): onStatusChange() : mNativeObject = 547942767616 mUseImageHwRender = false
07-05 22:57:06.314 V/Surface ( 1733): nativeSetHardwareRender() : status = 0
07-05 22:57:06.314 V/Surface ( 1733): nativeSetHardwareRender() : end
07-05 22:57:06.316 D/PowerManagerService( 1733): releaseWakeLockInternal: lock=487931605 [WindowManager], flags=0x0
07-05 22:57:06.316 D/PowerManagerNotifier( 1733): onWakeLockReleased: flags=536870922, tag="WindowManager", packageName=android, ownerUid=1000, ownerPid=1733, workSource=WorkSource{10010}
07-05 22:57:06.316 D/PowerManagerService( 1733): userActivityNoUpdateLocked: eventTime=15467887, event=0, flags=0x1, uid=1000
07-05 22:57:06.316 D/PowerManagerService( 1733): setScreenBrightnessOverrideFromWindowManagerInternal done
07-05 22:57:06.318 D/Surface ( 1733): onStatusChange() : mNativeObject = 0 mUseImageHwRender = false
07-05 22:57:06.320 I/FirstLineAdapter(14222): canShowTrailer,isOffline=false
07-05 22:57:06.321 I/FirstLineAdapter(14222): canShowTrailer,isOffline=false
07-05 22:57:06.322 I/FirstLineAdapter(14222): canShowTrailer,isOffline=false
07-05 22:57:06.322 I/FirstLineAdapter(14222): canShowTrailer,isOffline=false
07-05 22:57:06.322 I/FirstLineAdapter(14222): canShowTrailer,isOffline=false
07-05 22:57:06.326 I/FirstLineAdapter(14222): canShowTrailer,isOffline=false
07-05 22:57:06.326 I/FirstLineAdapter(14222): canShowTrailer,isOffline=false
07-05 22:57:06.327 I/FirstLineAdapter(14222): canShowTrailer,isOffline=false
07-05 22:57:06.327 I/FirstLineAdapter(14222): canShowTrailer,isOffline=false
07-05 22:57:06.328 I/SurfaceView(14222): Changes: creating=false format=false size=false visible=false left=true top=false
07-05 22:57:06.328 I/SurfaceView(14222): Cur surface: Surface(name=null)/@0x3c0493f0
07-05 22:57:06.329 D/Surface ( 1733): onStatusChange() : mNativeObject = 547819108352 mUseImageHwRender = false
07-05 22:57:06.329 V/Surface ( 1733): nativeSetHardwareRender() : status = 0
07-05 22:57:06.329 V/Surface ( 1733): nativeSetHardwareRender() : end
07-05 22:57:06.331 D/PowerManagerService( 1733): setScreenBrightnessOverrideFromWindowManagerInternal done
07-05 22:57:06.333 D/Surface ( 1733): onStatusChange() : mNativeObject = 0 mUseImageHwRender = false
07-05 22:57:06.334 D/Surface (14222): onStatusChange() : mNativeObject = -528825344 mUseImageHwRender = false
07-05 22:57:06.334 V/Surface (14222): nativeSetHardwareRender() : status = 0
07-05 22:57:06.334 V/Surface (14222): nativeSetHardwareRender() : end
07-05 22:57:06.334 I/SurfaceView(14222): New surface: Surface(name=null)/@0xea64d69, vis=true, frame=Rect(440, 205 - 1256, 665)
07-05 22:57:06.334 D/Surface (14222): onStatusChange() : mNativeObject = 0 mUseImageHwRender = false
07-05 22:57:06.334 D/Surface (14222): onStatusChange() : mNativeObject = -528825344 mUseImageHwRender = false
07-05 22:57:06.334 V/Surface (14222): nativeSetHardwareRender() : status = 0
07-05 22:57:06.334 V/Surface (14222): nativeSetHardwareRender() : end
07-05 22:57:06.334 V/SurfaceView(14222): Layout: x=440 y=205 w=816 h=460, frame=Rect(0, 0 - 816, 460)
07-05 22:57:06.339 I/MainHomeView(14222): onPanelSlide0.022900764---left155
07-05 22:57:06.339 I/CurrentCarouselView(14222): onCarouseControlCarouselControlBean{mShoudScroll=true, mActivityHasResume=false, mActivityHasStop=false, mHasTurnGone=false, mHasTurnVisible=false, mChannelId=-1, mSlideOffset=0.022900764, mShouldSelectCenter=false, mTabOpen=false, mHoriPosStatus=None, mVerPosStatus=None, mLevelStatus=None},isPlayingtrue,channelId=0
07-05 22:57:06.339 I/CurrentCarouselView(14222): is not the current page
07-05 22:57:06.339 I/CurrentCarouselView(14222): do scroll
07-05 22:57:06.339 D/Carousel-CarouselView(14222): smoothScroll.
07-05 22:57:06.339 D/Carousel-CarouselDisplayPlayerLayout(14222): isFullScreen:false
07-05 22:57:06.339 D/TabView (14222): onReceiveSlidingOffset ===>:0.022900764
07-05 22:57:06.341 I/MyFragmentStateAdapter(14222): getCount
07-05 22:57:06.344 D/Carousel-CarouselDisplayPlayerLayout(14222): x=383, y=167,w=892,h=536, hashCode=1004363092
07-05 22:57:06.344 D/Carousel-CarouselDisplayPlayerLayout(14222): mX=402, mY=167,mWitdh=892,mHeight=536, hashCode=1004363092
07-05 22:57:06.344 D/Carousel-CarouselDisplayPlayerLayout(14222): changed=true, hashCode=1004363092
07-05 22:57:06.344 D/Carousel-Utils(14222): x=383,y=167, width=892,height=536
07-05 22:57:06.344 D/Carousel-CarouselDisplayPlayerLayout(14222): x=383, y=167,w=892,h=536, hashCode=1004363092
07-05 22:57:06.344 D/Carousel-CarouselDisplayPlayerLayout(14222): mX=383, mY=167,mWitdh=892,mHeight=536, hashCode=1004363092
07-05 22:57:06.344 D/Carousel-CarouselDisplayPlayerLayout(14222): changed=false, hashCode=1004363092
07-05 22:57:06.344 D/Carousel-CarouselDisplayPlayerLayout(14222): extraTryCount=0
07-05 22:57:06.344 D/Carousel-CarouselDisplayPlayerLayout(14222): x=383, y=167,w=892,h=536, hashCode=1004363092
07-05 22:57:06.344 D/Carousel-CarouselDisplayPlayerLayout(14222): mX=383, mY=167,mWitdh=892,mHeight=536, hashCode=1004363092
07-05 22:57:06.344 D/Carousel-CarouselDisplayPlayerLayout(14222): changed=false, hashCode=1004363092
07-05 22:57:06.344 D/Carousel-CarouselDisplayPlayerLayout(14222): extraTryCount=1
07-05 22:57:06.345 I/Carousel-UrlVideoView(14222): onMeasure(MeasureSpec: EXACTLY 816, MeasureSpec: EXACTLY 460)
07-05 22:57:06.345 D/Carousel-UrlVideoView(14222): widthSpecMode=1073741824
07-05 22:57:06.345 D/Carousel-UrlVideoView(14222): heightSpecMode=1073741824
07-05 22:57:06.345 D/Carousel-UrlVideoView(14222): widthSpecSize=816
07-05 22:57:06.345 D/Carousel-UrlVideoView(14222): heightSpecSize=460
07-05 22:57:06.345 I/Carousel-UrlVideoView(14222): onMeasure(MeasureSpec: EXACTLY 816, MeasureSpec: EXACTLY 460)
07-05 22:57:06.345 D/Carousel-UrlVideoView(14222): widthSpecMode=1073741824
07-05 22:57:06.345 D/Carousel-UrlVideoView(14222): heightSpecMode=1073741824
07-05 22:57:06.345 D/Carousel-UrlVideoView(14222): widthSpecSize=816
07-05 22:57:06.345 D/Carousel-UrlVideoView(14222): heightSpecSize=460
07-05 22:57:06.346 I/SurfaceView(14222): Changes: creating=false format=false size=false visible=false left=true top=false
07-05 22:57:06.346 I/SurfaceView(14222): Cur surface: Surface(name=null)/@0x3c0493f0
07-05 22:57:06.347 D/Surface ( 1733): onStatusChange() : mNativeObject = 547819108352 mUseImageHwRender = false
07-05 22:57:06.347 V/Surface ( 1733): nativeSetHardwareRender() : status = 0
07-05 22:57:06.347 V/Surface ( 1733): nativeSetHardwareRender() : end
07-05 22:57:06.350 D/PowerManagerService( 1733): setScreenBrightnessOverrideFromWindowManagerInternal done
07-05 22:57:06.352 D/Surface ( 1733): onStatusChange() : mNativeObject = 0 mUseImageHwRender = false
07-05 22:57:06.353 D/Surface (14222): onStatusChange() : mNativeObject = -195823616 mUseImageHwRender = false
07-05 22:57:06.353 V/Surface (14222): nativeSetHardwareRender() : status = 0
07-05 22:57:06.353 V/Surface (14222): nativeSetHardwareRender() : end
07-05 22:57:06.353 I/SurfaceView(14222): New surface: Surface(name=null)/@0xea64d69, vis=true, frame=Rect(421, 205 - 1237, 665)
07-05 22:57:06.353 D/Surface (14222): onStatusChange() : mNativeObject = 0 mUseImageHwRender = false
07-05 22:57:06.353 D/Surface (14222): onStatusChange() : mNativeObject = -195823616 mUseImageHwRender = false
07-05 22:57:06.353 V/Surface (14222): nativeSetHardwareRender() : status = 0
07-05 22:57:06.353 V/Surface (14222): nativeSetHardwareRender() : end
07-05 22:57:06.354 V/SurfaceView(14222): Layout: x=421 y=205 w=816 h=460, frame=Rect(0, 0 - 816, 460)
07-05 22:57:06.360 E/hwcomposer( 1204): Overlay 0 size changeed src {1920 1080} -> {1920, 1080} crop{0.000000 0.000000 1920.000000 1080.000000}->{0.000000 0.000000 1920.000000 1080.000000} dst{549 205 1365 665}->{440 205 1256 665}
07-05 22:57:06.365 I/MainHomeView(14222): onPanelSlide0.015267176---left154
07-05 22:57:06.367 I/CurrentCarouselView(14222): onCarouseControlCarouselControlBean{mShoudScroll=true, mActivityHasResume=false, mActivityHasStop=false, mHasTurnGone=false, mHasTurnVisible=false, mChannelId=-1, mSlideOffset=0.015267176, mShouldSelectCenter=false, mTabOpen=false, mHoriPosStatus=None, mVerPosStatus=None, mLevelStatus=None},isPlayingtrue,channelId=0
07-05 22:57:06.368 I/CurrentCarouselView(14222): is not the current page
07-05 22:57:06.368 I/CurrentCarouselView(14222): do scroll
07-05 22:57:06.368 D/Carousel-CarouselView(14222): smoothScroll.
07-05 22:57:06.368 D/Carousel-CarouselDisplayPlayerLayout(14222): isFullScreen:false
07-05 22:57:06.369 D/TabView (14222): onReceiveSlidingOffset ===>:0.015267176
07-05 22:57:06.375 E/hwcomposer( 1204): Overlay 0 size changeed src {1920 1080} -> {1920, 1080} crop{0.000000 0.000000 1920.000000 1080.000000}->{0.000000 0.000000 1920.000000 1080.000000} dst{440 205 1256 665}->{421 205 1237 665}
07-05 22:57:06.381 D/Carousel-CarouselDisplayPlayerLayout(14222): x=382, y=167,w=892,h=536, hashCode=1004363092
07-05 22:57:06.381 D/Carousel-CarouselDisplayPlayerLayout(14222): mX=383, mY=167,mWitdh=892,mHeight=536, hashCode=1004363092
07-05 22:57:06.381 D/Carousel-CarouselDisplayPlayerLayout(14222): changed=true, hashCode=1004363092
07-05 22:57:06.381 D/Carousel-Utils(14222): x=382,y=167, width=892,height=536
07-05 22:57:06.381 D/Carousel-CarouselDisplayPlayerLayout(14222): x=382, y=167,w=892,h=536, hashCode=1004363092
07-05 22:57:06.381 D/Carousel-CarouselDisplayPlayerLayout(14222): mX=382, mY=167,mWitdh=892,mHeight=536, hashCode=1004363092
07-05 22:57:06.381 D/Carousel-CarouselDisplayPlayerLayout(14222): changed=false, hashCode=1004363092
07-05 22:57:06.381 D/Carousel-CarouselDisplayPlayerLayout(14222): extraTryCount=0
07-05 22:57:06.381 D/Carousel-CarouselDisplayPlayerLayout(14222): x=382, y=167,w=892,h=536, hashCode=1004363092
07-05 22:57:06.381 D/Carousel-CarouselDisplayPlayerLayout(14222): mX=382, mY=167,mWitdh=892,mHeight=536, hashCode=1004363092
07-05 22:57:06.381 D/Carousel-CarouselDisplayPlayerLayout(14222): changed=false, hashCode=1004363092
07-05 22:57:06.381 D/Carousel-CarouselDisplayPlayerLayout(14222): extraTryCount=1
07-05 22:57:06.382 D/Carousel-CarouselDisplayPlayerLayout(14222): x=382, y=167,w=892,h=536, hashCode=1004363092
07-05 22:57:06.382 D/Carousel-CarouselDisplayPlayerLayout(14222): mX=382, mY=167,mWitdh=892,mHeight=536, hashCode=1004363092
07-05 22:57:06.382 D/Carousel-CarouselDisplayPlayerLayout(14222): changed=false, hashCode=1004363092
07-05 22:57:06.382 D/Carousel-CarouselDisplayPlayerLayout(14222): extraTryCount=2
07-05 22:57:06.382 I/Carousel-UrlVideoView(14222): onMeasure(MeasureSpec: EXACTLY 816, MeasureSpec: EXACTLY 460)
07-05 22:57:06.382 D/Carousel-UrlVideoView(14222): widthSpecMode=1073741824
07-05 22:57:06.382 D/Carousel-UrlVideoView(14222): heightSpecMode=1073741824
07-05 22:57:06.382 D/Carousel-UrlVideoView(14222): widthSpecSize=816
07-05 22:57:06.382 D/Carousel-UrlVideoView(14222): heightSpecSize=460
07-05 22:57:06.382 I/Carousel-UrlVideoView(14222): onMeasure(MeasureSpec: EXACTLY 816, MeasureSpec: EXACTLY 460)
07-05 22:57:06.383 D/Carousel-UrlVideoView(14222): widthSpecMode=1073741824
07-05 22:57:06.383 D/Carousel-UrlVideoView(14222): heightSpecMode=1073741824
07-05 22:57:06.383 D/Carousel-UrlVideoView(14222): widthSpecSize=816
07-05 22:57:06.383 D/Carousel-UrlVideoView(14222): heightSpecSize=460
07-05 22:57:06.383 I/SurfaceView(14222): Changes: creating=false format=false size=false visible=false left=true top=false
07-05 22:57:06.383 I/SurfaceView(14222): Cur surface: Surface(name=null)/@0x3c0493f0
07-05 22:57:06.384 D/Surface ( 1733): onStatusChange() : mNativeObject = 547819108352 mUseImageHwRender = false
07-05 22:57:06.384 V/Surface ( 1733): nativeSetHardwareRender() : status = 0
07-05 22:57:06.384 V/Surface ( 1733): nativeSetHardwareRender() : end
07-05 22:57:06.387 D/PowerManagerService( 1733): setScreenBrightnessOverrideFromWindowManagerInternal done
07-05 22:57:06.392 D/Surface ( 1733): onStatusChange() : mNativeObject = 0 mUseImageHwRender = false
07-05 22:57:06.393 D/Surface (14222): onStatusChange() : mNativeObject = -528825344 mUseImageHwRender = false
07-05 22:57:06.393 V/Surface (14222): nativeSetHardwareRender() : status = 0
07-05 22:57:06.393 V/Surface (14222): nativeSetHardwareRender() : end
07-05 22:57:06.393 I/SurfaceView(14222): New surface: Surface(name=null)/@0xea64d69, vis=true, frame=Rect(420, 205 - 1236, 665)
07-05 22:57:06.393 D/Surface (14222): onStatusChange() : mNativeObject = 0 mUseImageHwRender = false
07-05 22:57:06.393 D/Surface (14222): onStatusChange() : mNativeObject = -528825344 mUseImageHwRender = false
07-05 22:57:06.393 V/Surface (14222): nativeSetHardwareRender() : status = 0
07-05 22:57:06.393 V/Surface (14222): nativeSetHardwareRender() : end
07-05 22:57:06.395 V/SurfaceView(14222): Layout: x=420 y=205 w=816 h=460, frame=Rect(0, 0 - 816, 460)
07-05 22:57:06.398 I/MainHomeView(14222): onPanelSlide0.007633588---left153
07-05 22:57:06.399 I/CurrentCarouselView(14222): onCarouseControlCarouselControlBean{mShoudScroll=true, mActivityHasResume=false, mActivityH