07-05 23:42:17.284 W/System.err( 7041): 	at com.android.okhttp.Connection.connect(Connection.java:152)
07-05 23:42:17.284 W/System.err( 7041): 	at com.android.okhttp.internal.http.HttpEngine.connect(HttpEngine.java:276)
07-05 23:42:17.284 W/System.err( 7041): 	at com.android.okhttp.internal.http.HttpEngine.sendRequest(HttpEngine.java:211)
07-05 23:42:17.284 W/System.err( 7041): 	at com.android.okhttp.internal.http.HttpURLConnectionImpl.execute(HttpURLConnectionImpl.java:382)
07-05 23:42:17.284 W/System.err( 7041): 	at com.android.okhttp.internal.http.HttpURLConnectionImpl.connect(HttpURLConnectionImpl.java:106)
07-05 23:42:17.284 W/System.err( 7041): 	at com.hisense.hitv.hicloud.util.ExceptionReport.a(ExceptionReport.java:337)
07-05 23:42:17.284 W/System.err( 7041): 	at com.hisense.hitv.hicloud.util.ExceptionReport.a(ExceptionReport.java:39)
07-05 23:42:17.284 W/System.err( 7041): 	at com.hisense.hitv.hicloud.util.ExceptionReport$1.run(ExceptionReport.java:83)
07-05 23:42:17.284 W/MediaPlayer( 7041): mediaplayer went away with unhandled events
07-05 23:42:17.284 W/System.err( 7041): 	at java.lang.Thread.run(Thread.java:818)
07-05 23:42:17.284 W/System.err( 7041): Caused by: android.system.ErrnoException: isConnected failed: ECONNREFUSED (Connection refused)
07-05 23:42:17.285 W/System.err( 7041): 	at libcore.io.IoBridge.isConnected(IoBridge.java:223)
07-05 23:42:17.285 W/System.err( 7041): 	... 15 more
07-05 23:42:17.289 I/MyFragmentStateAdapter( 7041): getCount
07-05 23:42:17.292 D/OkHttp  ( 7041): <-- 200 OK http://picture.edu.hismarttv.com/images/20170628233313068112.jpg (30ms)
07-05 23:42:17.293 D/OkHttp  ( 7041): Date: Mon, 03 Jul 2017 11:39:32 GMT
07-05 23:42:17.293 D/OkHttp  ( 7041): Server: nginx
07-05 23:42:17.293 D/OkHttp  ( 7041): Content-Type: image/jpeg
07-05 23:42:17.293 D/OkHttp  ( 7041): Content-Length: 61038
07-05 23:42:17.293 D/OkHttp  ( 7041): Last-Modified: Wed, 28 Jun 2017 23:33:13 GMT
07-05 23:42:17.293 D/OkHttp  ( 7041): ETag: "59543cb9-ee6e"
07-05 23:42:17.293 D/OkHttp  ( 7041): Accept-Ranges: bytes
07-05 23:42:17.293 D/OkHttp  ( 7041): Age: 187365
07-05 23:42:17.293 D/OkHttp  ( 7041): Via: 1.1 jnwt244:1 (Cdn Cache Server V2.0)[26 200 0], 1.1 chwt81:4 (Cdn Cache Server V2.0)[0 200 0]
07-05 23:42:17.293 D/OkHttp  ( 7041): Connection: keep-alive
07-05 23:42:17.293 D/OkHttp  ( 7041): <-- END HTTP
07-05 23:42:17.296 D/HttpHandler( 7041): RetryIntercepter-->retryNum=0
07-05 23:42:17.296 D/HttpHandler( 7041): RetryIntercepter-->backoffmutiplier=0
07-05 23:42:17.305 I/SurfaceFlinger( 1204): the layer SurfaceView is used to close xc and zorder is smallerest! clear region
07-05 23:42:17.306 I/MyFragmentStateAdapter( 7041): getCount
07-05 23:42:17.306 I/MyFragmentStateAdapter( 7041): getCount
07-05 23:42:17.307 I/MyFragmentStateAdapter( 7041): getCount
07-05 23:42:17.307 I/MyFragmentStateAdapter( 7041): getCount
07-05 23:42:17.311 D/OkHttp  ( 7041): <-- 403 Forbidden http://picture.edu.hismarttv.com/images/ (126ms)
07-05 23:42:17.311 D/OkHttp  ( 7041): Date: Wed, 05 Jul 2017 15:42:17 GMT
07-05 23:42:17.311 D/OkHttp  ( 7041): Server: nginx
07-05 23:42:17.311 D/OkHttp  ( 7041): Content-Type: text/html; charset=UTF-8
07-05 23:42:17.311 D/OkHttp  ( 7041): Content-Length: 162
07-05 23:42:17.311 D/OkHttp  ( 7041): Via: 1.1 shuozhou56:0 (Cdn Cache Server V2.0)[42 403 2], 1.1 t87:7 (Cdn Cache Server V2.0)[103 403 2]
07-05 23:42:17.311 D/OkHttp  ( 7041): Connection: close
07-05 23:42:17.311 D/OkHttp  ( 7041): <-- END HTTP
07-05 23:42:17.311 D/HttpHandler( 7041): RetryIntercepter-->retryNum=0
07-05 23:42:17.311 D/HttpHandler( 7041): RetryIntercepter-->backoffmutiplier=0
07-05 23:42:17.317 I/MyFragmentStateAdapter( 7041): getCount
07-05 23:42:17.329 I/MyFragmentStateAdapter( 7041): getCount
07-05 23:42:17.329 I/MyFragmentStateAdapter( 7041): getCount
07-05 23:42:17.329 I/MyFragmentStateAdapter( 7041): getCount
07-05 23:42:17.329 I/MyFragmentStateAdapter( 7041): getCount
07-05 23:42:17.336 I/MyFragmentStateAdapter( 7041): getCount
07-05 23:42:17.338 I/SurfaceFlinger( 1204): the layer SurfaceView is used to close xc and zorder is smallerest! clear region
07-05 23:42:17.355 I/SurfaceFlinger( 1204): the layer SurfaceView is used to close xc and zorder is smallerest! clear region
07-05 23:42:17.365 I/MyFragmentStateAdapter( 7041): getCount
07-05 23:42:17.365 I/MyFragmentStateAdapter( 7041): getCount
07-05 23:42:17.365 I/MyFragmentStateAdapter( 7041): getCount
07-05 23:42:17.365 I/MyFragmentStateAdapter( 7041): getCount
07-05 23:42:17.369 I/MiSysSrv( 1214): [37m[INFO] Change to Voltage: 112 mv (0x2D)[m
07-05 23:42:17.374 I/MyFragmentStateAdapter( 7041): getCount
07-05 23:42:17.376 I/HLSP2P  ( 3457): ## 2017-07-05 23:42:17.376 [3457,3628,:0] INFO ## [HLSP2P][PeerServer.cpp:548][DEBUG][SendHeartBeatReq][PeerServer] send hearbeat to 123.126.121.155:30013 ok
07-05 23:42:17.388 I/SurfaceFlinger( 1204): the layer SurfaceView is used to close xc and zorder is smallerest! clear region
07-05 23:42:17.397 I/HLSP2P  ( 3457): ## 2017-07-05 23:42:17.397 [3457,3630,:0] INFO ## [HLSP2P][PeerServer.cpp:718][INFO][OnHeartBeatRsp][PeerServer] ps heartbeat rsp ok
07-05 23:42:17.402 I/TVMW@devctrl( 1234): wdt
07-05 23:42:17.406 I/SurfaceFlinger( 1204): the layer SurfaceView is used to close xc and zorder is smallerest! clear region
07-05 23:42:17.439 I/SurfaceFlinger( 1204): the layer SurfaceView is used to close xc and zorder is smallerest! clear region
07-05 23:42:17.455 I/SurfaceFlinger( 1204): the layer SurfaceView is used to close xc and zorder is smallerest! clear region
07-05 23:42:17.469 I/MiSysSrv( 1214): [37m[INFO] Change to Voltage: 102 mv (0x23)[m
07-05 23:42:17.472 I/SurfaceFlinger( 1204): the layer SurfaceView is used to close xc and zorder is smallerest! clear region
07-05 23:42:17.488 I/SurfaceFlinger( 1204): the layer SurfaceView is used to close xc and zorder is smallerest! clear region
07-05 23:42:17.506 I/SurfaceFlinger( 1204): the layer SurfaceView is used to close xc and zorder is smallerest! clear region
07-05 23:42:17.531 I/SurfaceFlinger( 1204): the layer SurfaceView is used to close xc and zorder is smallerest! clear region
07-05 23:42:17.548 I/SurfaceFlinger( 1204): the layer SurfaceView is used to close xc and zorder is smallerest! clear region
07-05 23:42:17.560 I/MyFragmentStateAdapter( 7041): getCount
07-05 23:42:17.566 D/GlobalInputEventMonitoringService( 1733): interceptKeyBeforeQueueing(), event:23, mNeedMonitorKeyEvent:true, mWaitForKeyUpEvent:false
07-05 23:42:17.566 D/GlobalInputEventMonitoringService( 1733): processKeyEvent(), processKeyEvent event:23
07-05 23:42:17.567 D/WindowManager( 1733): interceptKeyTq keycode=23 interactive=true keyguardActive=false policyFlags=2b000000 isCancled= false
07-05 23:42:17.567 D/PowerManagerService( 1733): userActivityNoUpdateLocked: eventTime=18179137, event=1, flags=0x0, uid=1000
07-05 23:42:17.567 D/WindowManager( 1733): interceptKeyTi keyCode=23 down=true repeatCount=0 keyguardOn=false mHomePressed=false canceled=false
07-05 23:42:17.567 D/WindowManager( 1733): Hisense systemkey event: 23
07-05 23:42:17.567 D/HisenseGlobalKeyManager( 1733): handleGlobalKey() : Global event = KeyEvent { action=ACTION_DOWN, keyCode=KEYCODE_DPAD_CENTER, scanCode=0, metaState=0, flags=0x0, repeatCount=0, eventTime=18179137, downTime=18179137, deviceId=-1, source=0x101 }
07-05 23:42:17.567 V/HisenseGlobalKeyManager( 1733): processKeypadCenterDown()
07-05 23:42:17.567 I/HisenseGlobalKeyManager( 1733): isOriginalKeypadCenter() : false
07-05 23:42:17.567 V/HisenseGlobalKeyManager( 1733): fromKeypad() : false
07-05 23:42:17.567 V/HisenseGlobalKeyManager( 1733): isModifiedKeypadCenter() : false
07-05 23:42:17.567 W/HisenseGlobalKeyManager( 1733): processKeypadCenterDown() : unknown D_PAD_CENTER
07-05 23:42:17.567 V/HisenseGlobalKeyManager( 1733): processKeypadCenterDown() : result = false
07-05 23:42:17.569 I/SurfaceFlinger( 1204): the layer SurfaceView is used to close xc and zorder is smallerest! clear region
07-05 23:42:17.579 D/SogouIME( 2203): [onKeyDown] keycode = 23 model = VIDAA_TV
07-05 23:42:17.586 I/SurfaceFlinger( 1204): the layer SurfaceView is used to close xc and zorder is smallerest! clear region
07-05 23:42:17.589 D/Carousel-CarouselDisplayPlayerLayout( 7041): HasFocus:false,keyCode:23
07-05 23:42:17.589 D/Carousel-CarouselDisplayPlayerLayout( 7041): isFullScreen:false
07-05 23:42:17.589 I/HomeMainActivity( 7041): carousel handle key:false
07-05 23:42:17.589 I/MainHomeView( 7041): dispatchKeyEvent ACTION_DOWN now 
07-05 23:42:17.591 D/GlobalInputEventMonitoringService( 1733): interceptKeyBeforeQueueing(), event:23, mNeedMonitorKeyEvent:true, mWaitForKeyUpEvent:false
07-05 23:42:17.591 D/GlobalInputEventMonitoringService( 1733): processKeyEvent(), processKeyEvent event:23
07-05 23:42:17.591 D/WindowManager( 1733): interceptKeyTq keycode=23 interactive=true keyguardActive=false policyFlags=2b000000 isCancled= false
07-05 23:42:17.591 D/WindowManager( 1733): interceptKeyTi keyCode=23 down=false repeatCount=0 keyguardOn=false mHomePressed=false canceled=false
07-05 23:42:17.592 D/WindowManager( 1733): Hisense systemkey event: 23
07-05 23:42:17.592 D/HisenseGlobalKeyManager( 1733): handleGlobalKey() : Global event = KeyEvent { action=ACTION_UP, keyCode=KEYCODE_DPAD_CENTER, scanCode=0, metaState=0, flags=0x0, repeatCount=0, eventTime=18179137, downTime=18179137, deviceId=-1, source=0x101 }
07-05 23:42:17.592 V/HisenseGlobalKeyManager( 1733): processKeypadCenterUp()
07-05 23:42:17.592 I/HisenseGlobalKeyManager( 1733): isOriginalKeypadCenter() : false
07-05 23:42:17.592 V/HisenseGlobalKeyManager( 1733): fromKeypad() : false
07-05 23:42:17.592 V/HisenseGlobalKeyManager( 1733): isModifiedKeypadCenter() : false
07-05 23:42:17.592 V/HisenseGlobalKeyManager( 1733): processKeypadCenterUp() : result = false
07-05 23:42:17.602 I/MyFragmentStateAdapter( 7041): getCount
07-05 23:42:17.607 I/SurfaceFlinger( 1204): the layer SurfaceView is used to close xc and zorder is smallerest! clear region
07-05 23:42:17.613 I/NetflixMonitorService( 1733): current fgapk : com.hisense.hicloud.edca
07-05 23:42:17.613 I/NetflixMonitorService( 1733): Netflix status unchanged
07-05 23:42:17.620 D/Carousel-CarouselDisplayPlayerLayout( 7041): HasFocus:false,keyCode:23
07-05 23:42:17.620 D/Carousel-CarouselDisplayPlayerLayout( 7041): isFullScreen:false
07-05 23:42:17.620 I/HomeMainActivity( 7041): carousel handle key:false
07-05 23:42:17.622 I/SurfaceFlinger( 1204): the layer SurfaceView is used to close xc and zorder is smallerest! clear region
07-05 23:42:17.624 V/PackageManager( 1733): getPackageInfo com.hisense.hicloud.edca: Package{3fb3f3a1 com.hisense.hicloud.edca}
07-05 23:42:17.637 D/GetInItDataUtil( 7041): turn to detail ,if is trailer.position is : 0
07-05 23:42:17.646 D/TileTransitionManager( 1733): getActivityContainer not enter cts mode
07-05 23:42:17.648 D/JamdeoActivityStackSupervisor( 1733): get currentSiloName
07-05 23:42:17.648 I/ActivityManager( 1733): START u0 {flg=0x14000000 cmp=com.hisense.hicloud.edca/.mediaplayer.activity.DetailPlayActivity (has extras)} from uid 10010 on display 0
07-05 23:42:17.649 D/OsdMonitorService( 1733): mCurrentWindow = com.hisense.hicloud.edca/com.hisense.tvui.newhome.HomeMainActivity; newWindow = com.hisense.hicloud.edca/com.hisense.tvui.newhome.HomeMainActivity; isSubWindow = false; isInWinList = false; isExitNow = false
07-05 23:42:17.649 D/OsdMonitorService( 1733): windowNotOsd() : name = com.hisense.hicloud.edca/com.hisense.tvui.newhome.HomeMainActivity
07-05 23:42:17.649 I/OsdMonitorService( 1733): setOsdStatus() : status will change from true to true
07-05 23:42:17.651 D/PowerManagerService( 1733): setScreenBrightnessOverrideFromWindowManagerInternal done
07-05 23:42:17.652 D/OsdMonitorService( 1733): mCurrentWindow = com.hisense.hicloud.edca/com.hisense.tvui.newhome.HomeMainActivity; newWindow = com.hisense.hicloud.edca/com.hisense.tvui.newhome.HomeMainActivity; isSubWindow = false; isInWinList = false; isExitNow = false
07-05 23:42:17.652 D/OsdMonitorService( 1733): windowNotOsd() : name = com.hisense.hicloud.edca/com.hisense.tvui.newhome.HomeMainActivity
07-05 23:42:17.652 I/OsdMonitorService( 1733): setOsdStatus() : status will change from true to true
07-05 23:42:17.653 D/PowerManagerService( 1733): setScreenBrightnessOverrideFromWindowManagerInternal done
07-05 23:42:17.655 V/WindowManager( 1733): addAppToken: AppWindowToken{389e167e token=Token{168a3039 ActivityRecord{12720000 u0 com.hisense.hicloud.edca/.mediaplayer.activity.DetailPlayActivity t5414}}} to stack=223 task=5414 at 1
07-05 23:42:17.656 I/UsageStatsService( 1733): paused component:com.hisense.hicloud.edca
07-05 23:42:17.656 D/UsageStatsService( 1733): User[0] Got usage event for com.hisense.hicloud.edca[1499269337656]: MOVE_TO_BACKGROUND
07-05 23:42:17.656 V/UsageStatsService( 1733): Paused: 18179227   Component: com.hisense.hicloud.edca/com.hisense.tvui.newhome.HomeMainActivity   Time: 1499269337656 LastSessionTime: 14591 CumulativeSessionTime: 7838987
07-05 23:42:17.656 D/UsageStatsService( 1733): UsageStats: broadcasting intent
07-05 23:42:17.656 W/ContextImpl( 1733): Calling a method in the system process without a qualified user: android.app.ContextImpl.sendBroadcast:1327 com.android.server.usage.UsageStatsService.insertUsageStats:1104 com.android.server.usage.UsageStatsService$PkgUsageStatsExtended.updatePause:979 com.android.server.usage.UsageStatsService$LocalService.notePauseComponent:808 com.android.server.am.ActivityManagerService.updateUsageStats:3173 
07-05 23:42:17.657 D/PowerManagerService( 1733): acquireWakeLockInternal: lock=681732318, flags=0x1, tag="ActivityManager-Launch", ws=null, uid=1000, pid=1733
07-05 23:42:17.657 D/PowerManagerNotifier( 1733): onWakeLockAcquired: flags=1, tag="ActivityManager-Launch", packageName=android, ownerUid=1000, ownerPid=1733, workSource=null
07-05 23:42:17.660 I/ReportService( 3281): Intent received, action = android.intent.action.INSERT
07-05 23:42:17.662 I/ReportService( 3281): modelName is VIDAA_TV
07-05 23:42:17.663 E/til     ( 2026): [til_get_current_input_source, 101] 
07-05 23:42:17.663 I/TVMW@HsTvSetting( 1234): Trace cmd, data = 0x7007
07-05 23:42:17.664 I/tilwrapper@sm( 2026): HS2TIL_SourceType *hs=0xd, *til=0x900
07-05 23:42:17.664 D/til     ( 2026): get current source 2304
07-05 23:42:17.664 D/SourceRemoteServiceHandler( 2026): getCurrentInputSource.from.til.result is 0, value is 2304
07-05 23:42:17.664 D/SourceRemoteServiceHandler( 2026): getInputSourceType source: 0x900, type=2304
07-05 23:42:17.665 I/ReportService( 3281): getCurIntputSource2304
07-05 23:42:17.665 E/til     ( 2026): [til_get_current_input_source, 101] 
07-05 23:42:17.665 I/TVMW@HsTvSetting( 1234): Trace cmd, data = 0x7007
07-05 23:42:17.665 I/tilwrapper@sm( 2026): HS2TIL_SourceType *hs=0xd, *til=0x900
07-05 23:42:17.665 D/til     ( 2026): get current source 2304
07-05 23:42:17.665 D/SourceRemoteServiceHandler( 2026): getCurrentInputSource.from.til.result is 0, value is 2304
07-05 23:42:17.665 D/SourceRemoteServiceHandler( 2026): getInputSourceType source: 0x900, type=2304
07-05 23:42:17.669 I/MyFragmentStateAdapter( 7041): getCount
07-05 23:42:17.670 I/ReportService( 3281): siloName isnull
07-05 23:42:17.671 V/PackageManager( 1733): getPackageInfo com.hisense.hicloud.edca: Package{3fb3f3a1 com.hisense.hicloud.edca}
07-05 23:42:17.672 I/ReportService( 3281): HiReport string sent out is:1.5|3|86100300900000500000060a4818fca8|1499269323|1499269337|com.hisense.hicloud.edca|3.0.0.9.00|8
07-05 23:42:17.673 W/ReportService( 3281): enter InsertUserBehaviorDataReportTask  mUri = content://com.hisense.hitv.hicloud.log/loginput mContentValues = lastsessiondurationtime=14591 LOGVALUE=1.5|3|86100300900000500000060a4818fca8|1499269323|1499269337|com.hisense.hicloud.edca|3.0.0.9.00|8 operation=P time=1499269337656 package=com.hisense.hicloud.edca cumulativesessiondurationtime=7838987 versioncode=652 lastupdatetime=1499256171569 _id=null type=APPRUN component=com.hisense.tvui.newhome.HomeMainActivity mContext == com.hisense.hireport.ReportService@3a75cda9mType == 95
07-05 23:42:17.673 I/ReportService( 3281): enter doInBackground*****
07-05 23:42:17.687 I/ReportService( 3281): result is content://com.hisense.hitv.hicloud.log/loginput/1
07-05 23:42:17.689 I/SurfaceFlinger( 1204): the layer SurfaceView is used to close xc and zorder is smallerest! clear region
07-05 23:42:17.692 I/ReportService( 3281): enter onPostExecute result is: true
07-05 23:42:17.695 D/Carousel-CarouselView( 7041): onActivityPaused, getSimpleName = HomeMainActivity,hashCode=659311542
07-05 23:42:17.695 I/BaseContentFragment( 7041): onPause ç²¾é€‰
07-05 23:42:17.696 I/BaseContentFragment( 7041): onPause UserCenterFragment
07-05 23:42:17.696 I/BaseContentFragment( 7041): onPause 0-2å²
07-05 23:42:17.696 I/BaseContentFragment( 7041): activity pause
07-05 23:42:17.696 I/CurrentCarouselView( 7041): onCarouseControlCarouselControlBean{mShoudScroll=false, mActivityHasResume=false, mActivityHasStop=true, mHasTurnGone=false, mHasTurnVisible=false, mChannelId=-1, mSlideOffset=0.0, mShouldSelectCenter=false, mTabOpen=false, mHoriPosStatus=None, mVerPosStatus=None, mLevelStatus=None},isPlayingfalse,channelId=0
07-05 23:42:17.696 I/CurrentCarouselView( 7041): stopPlay
07-05 23:42:17.702 I/UsageStatsService( 1733): resumed component name is ComponentInfo{com.hisense.hicloud.edca/com.hisense.hicloud.edca.mediaplayer.activity.DetailPlayActivity}
07-05 23:42:17.702 I/UsageStatsService( 1733): started component:com.hisense.hicloud.edca
07-05 23:42:17.702 V/PackageManager( 1733): getPackageInfo com.hisense.hicloud.edca: Package{3fb3f3a1 com.hisense.hicloud.edca}
07-05 23:42:17.702 V/UsageStatsService( 1733): Resumed: 18179274   Component: com.hisense.hicloud.edca/com.hisense.hicloud.edca.mediaplayer.activity.DetailPlayActivity   Time: 1499269337702 VersionCode: 652   LastUpdateTime: 1499256171569
07-05 23:42:17.702 D/UsageStatsService( 1733): UsageStats: broadcasting intent
07-05 23:42:17.703 W/ContextImpl( 1733): Calling a method in the system process without a qualified user: android.app.ContextImpl.sendBroadcast:1327 com.android.server.usage.UsageStatsService.insertUsageStats:1104 com.android.server.usage.UsageStatsService$PkgUsageStatsExtended.updateResume:962 com.android.server.usage.UsageStatsService$LocalService.noteResumeComponent:759 com.android.server.am.ActivityManagerService.updateUsageStats:3164 
07-05 23:42:17.708 D/PowerManagerService( 1733): setScreenBrightnessOverrideFromWindowManagerInternal done
07-05 23:42:17.709 I/ActivityManager( 1733): TR16) TaskRecord{19a77bbe #5414 A=com.hisense.hicloud.edca U=0 sz=2}
07-05 23:42:17.709 I/ActivityManager( 1733): TR15) TaskRecord{14dd53a4 #5413 A=com.jamdeo.launcher U=0 sz=1}
07-05 23:42:17.710 V/ActivityManager( 1733): set mstar.EnterOpaqueUI false
07-05 23:42:17.712 I/ReportService( 3281): Intent received, action = android.intent.action.INSERT
07-05 23:42:17.713 I/ReportService( 3281): modelName is VIDAA_TV
07-05 23:42:17.714 E/til     ( 2026): [til_get_current_input_source, 101] 
07-05 23:42:17.714 I/TVMW@HsTvSetting( 1234): Trace cmd, data = 0x7007
07-05 23:42:17.714 I/tilwrapper@sm( 2026): HS2TIL_SourceType *hs=0xd, *til=0x900
07-05 23:42:17.714 D/til     ( 2026): get current source 2304
07-05 23:42:17.714 D/SourceRemoteServiceHandler( 2026): getCurrentInputSource.from.til.result is 0, value is 2304
07-05 23:42:17.714 D/SourceRemoteServiceHandler( 2026): getInputSourceType source: 0x900, type=2304
07-05 23:42:17.714 I/ReportService( 3281): getCurIntputSource2304
07-05 23:42:17.715 D/Carousel-CarouselView( 7041): setPosterAndStopPlay! hashCode=659311542, sWorkingHashCode=659311542
07-05 23:42:17.715 D/Carousel-CarouselDisplayPlayerLayout( 7041): isFullScreen:false
07-05 23:42:17.715 D/Carousel-Utils( 7041): displayImage view=android.widget.ImageView{2cdea024 V.ED.... ........ 0,0-816,460 #7f0d0029 app:id/imageView1}
07-05 23:42:17.715 D/Carousel-Utils( 7041): displayImage url=http://picture.edu.hismarttv.com/images/20170629010146422927.jpg
07-05 23:42:17.716 D/Carousel-Utils( 7041): onResourceReady.
07-05 23:42:17.716 D/Carousel-Utils( 7041): displayImage view=android.widget.ImageView{3c60a5e0 V.ED.... ......ID 0,0-816,460 #7f0d0029 app:id/imageView1}
07-05 23:42:17.717 D/Carousel-Utils( 7041): displayImage url=http://picture.edu.hismarttv.com/images/20170629010146422927.jpg
07-05 23:42:17.717 D/Carousel-Utils( 7041): onResourceReady.
07-05 23:42:17.717 D/Carousel-CarouselDisplayPlayerLayout( 7041): isFullScreen:false
07-05 23:42:17.718 E/til     ( 2026): [til_get_current_input_source, 101] 
07-05 23:42:17.720 I/TVMW@HsTvSetting( 1234): Trace cmd, data = 0x7007
07-05 23:42:17.720 I/tilwrapper@sm( 2026): HS2TIL_SourceType *hs=0xd, *til=0x900
07-05 23:42:17.720 D/til     ( 2026): get current source 2304
07-05 23:42:17.721 D/SourceRemoteServiceHandler( 2026): getCurrentInputSource.from.til.result is 0, value is 2304
07-05 23:42:17.721 D/SourceRemoteServiceHandler( 2026): getInputSourceType source: 0x900, type=2304
07-05 23:42:17.721 I/ReportService( 3281): siloName isnull
07-05 23:42:17.722 V/PackageManager( 1733): getPackageInfo com.hisense.hicloud.edca: Package{3fb3f3a1 com.hisense.hicloud.edca}
07-05 23:42:17.725 I/ReportService( 3281): HiReport string sent out is:1.5|3|86100300900000500000060a4818fca8|1499269337|0|com.hisense.hicloud.edca|3.0.0.9.00|8
07-05 23:42:17.726 W/ReportService( 3281): enter InsertUserBehaviorDataReportTask  mUri = content://com.hisense.hitv.hicloud.log/loginput mContentValues = lastsessiondurationtime=14591 LOGVALUE=1.5|3|86100300900000500000060a4818fca8|1499269337|0|com.hisense.hicloud.edca|3.0.0.9.00|8 operation=R time=1499269337702 package=com.hisense.hicloud.edca cumulativesessiondurationtime=7838987 versioncode=652 lastupdatetime=1499256171569 _id=null type=APPRUN component=com.hisense.hicloud.edca.mediaplayer.activity.DetailPlayActivity mContext == com.hisense.hireport.ReportService@3a75cda9mType == 95
07-05 23:42:17.726 I/ReportService( 3281): enter doInBackground*****
07-05 23:42:17.726 I/SurfaceFlinger( 1204): the layer SurfaceView is used to close xc and zorder is smallerest! clear region
07-05 23:42:17.749 I/ReportService( 3281): result is content://com.hisense.hitv.hicloud.log/loginput/1
07-05 23:42:17.750 I/ReportService( 3281): enter onPostExecute result is: true
07-05 23:42:17.750 E/BaseActivity( 7041): isUpdateCheckedtrue
07-05 23:42:17.750 D/DetailPlayActivity( 7041): ---------------------------oncreate
07-05 23:42:17.764 I/TVMW@HsTvSetting( 1234): Trace cmd, data = 0x1058
07-05 23:42:17.765 D/til@system( 2026): til_get_system_param option:100002F int:0, bool:0, ret:0
07-05 23:42:17.765 I/TVMW@HsTvSetting( 1234): Trace cmd, data = 0x101f
07-05 23:42:17.765 D/til@system( 2026): til_get_system_param option:100001D int:3, bool:3, ret:0
07-05 23:42:17.765 E/til     ( 2026): [til_get_current_input_source, 101] 
07-05 23:42:17.765 I/TVMW@HsTvSetting( 1234): Trace cmd, data = 0x7007
07-05 23:42:17.768 I/tilwrapper@sm( 2026): HS2TIL_SourceType *hs=0xd, *til=0x900
07-05 23:42:17.768 D/til     ( 2026): get current source 2304
07-05 23:42:17.768 D/SourceRemoteServiceHandler( 2026): getCurrentInputSource.from.til.result is 0, value is 2304
07-05 23:42:17.768 D/SourceRemoteServiceHandler( 2026): getInputSourceType source: 0x900, type=2304
07-05 23:42:17.768 D/til     ( 2026): ###### func:til_get_picture_param option:0x3000006 ######  
07-05 23:42:17.768 I/TVMW@HsTvSetting( 1234): Trace cmd, data = 0x1003
07-05 23:42:17.769 I/TVMW@HsTvSetting( 1234): Trace cmd, data = 0x8032
07-05 23:42:17.769 I/hstvos  ( 1216): [0m[1;33m[HSHAL][HS_VIDEO][HS_HAL_Video_SetOsdDetect_v2][2389]u16Threshold = 20
07-05 23:42:17.769 E/TVMW@videoctrl( 1234):  getOsd is 1
07-05 23:42:17.769 D/til@system( 2026): til_get_system_param option:1000027 int:1, bool:1, ret:0
07-05 23:42:17.769 D/til     ( 2026): ###### func:til_get_picture_param option:0x3000045 ######  
07-05 23:42:17.769 I/MiSysSrv( 1214): Not support now! 42, change to mm_video!!!
07-05 23:42:17.770 I/TVMW@HsTvSetting( 1234): Trace cmd, data = 0x300c
07-05 23:42:17.770 I/TVMW@HsTvSetting( 1234): Trace 3d, data = 0x300c
07-05 23:42:17.770 I/TVMW@3d ( 1234): Hs_debug3d_trace: func:get3dStatus, line:109
07-05 23:42:17.797 D/UsageStatsService( 1733): User[0] Got usage event for com.hisense.hicloud.edca[1499269337702]: MOVE_TO_FOREGROUND
07-05 23:42:17.832 D/DetailPlayActivity( 7041): isMU8600:true
07-05 23:42:17.847 D/DetailPlayActivity( 7041): ---------------------------oncreate,VideoInfo.sResolution:11
07-05 23:42:17.847 D/DetailPlayActivity( 7041): media id is: 3535  trailerPts:0
07-05 23:42:17.847 D/DetailPlayActivity( 7041): sourcetag  is: DetailPlayActivity3535
07-05 23:42:17.848 D/DetailPlayActivity( 7041): sunliqin  oncreate mFromChannelId================0   mSelectedClassFromPhone:-1   mSelectedClassPosFromPhone:0
07-05 23:42:17.848 D/DetailPlayActivity( 7041): managerLogMap~~~~~~~~~~~~~~~~~~~~~~~~~~~
07-05 23:42:17.849 D/DetailPlayActivity( 7041): original: 1    srcoriginal: null   srcmediaid: null   srceventcode:232000   srcsubjectid:null
07-05 23:42:17.849 D/DetailPlayActivity( 7041): srctopicid:null    srccategoryid:null     srccolumnid:0  srcchannelcategoryid:null
07-05 23:42:17.849 D/DetailPlayActivity( 7041): srcpackagename:null   srcgroupid:10003   srcrowid:1   eventcode:null
07-05 23:42:17.849 I/DetailPlayActivity( 7041): httphttp://api.edu.hismarttv.com/medias/api/media
07-05 23:42:17.849 I/DetailPlayActivity( 7041): vendor1=0
07-05 23:42:17.849 I/DetailPlayActivity( 7041): vendor2=0resolutionpolicy=2
07-05 23:42:17.849 I/DetailPlayActivity( 7041): mBeginHttpTime : 18179421 ä»Žè¿›å…¥é¡µé¢åˆ°å¼€å§‹ç½‘ç»œè¯·æ±‚ç”¨æ—¶ï¼š 99
07-05 23:42:17.850 D/til@system( 2026): til_get_system_param option:1000007 int:-1815632896, bool:0, ret:0
07-05 23:42:17.851 D/til@system( 2026): til_get_system_param option:1000009 int:-1815633792, bool:128, ret:0
07-05 23:42:17.851 D/til@system( 2026): til_get_system_param option:1000008 int:-1815634176, bool:0, ret:0
07-05 23:42:17.852 D/HiSDKLogReport( 7041): getOperationDetail-productName : LED50MU8600UC
07-05 23:42:17.852 D/HiSDKLogReport( 7041): getOperationDetail-plmNumber : 88888
07-05 23:42:17.852 D/HiSDKLogReport( 7041): getOperationDetail-swVersion : V0000.00.01A
07-05 23:42:17.852 D/HiSDKLogReport( 7041): getOperationDetail-operationDetail : LED50MU8600UC0000888
07-05 23:42:17.852 D/HiSDKLogReport( 7041): processLogReport-log : {eventType=110, appKey=1182445233, APPVersionName=3.0.0.9.00, devid=86100300900000500000060a4818fca8, mac=a8:a6:48:18:fc:a8, uuid=13287129, accessToken=72DF6038D2AEAB8A76DFBBBBCC428A4A_003435751974275, APIversion=501, logversion=2.0, devType=0, APPPackage=com.hisense.hicloud.edca, eventPos=001, requesttime=1499269337852, customerId=7195320, value2=, eventMessage=GetReadyToStartConnection, value1=99, model_id=0, ChannelId=0, version=00.002.003, tv_distribute_id=00, subscriberId=13287129, APIVersion=600, PFAPPCode=652, softwareVersion=LED50MU8600UC0000888}
07-05 23:42:17.857 I/CommonUtils( 7041):  object to json {"srccolumnid":"0","srcgroupid":"10003","original":"1","srctabid":"0","eventcode":"207000","srceventcode":"232000","srcrowid":"1","mediaid":"3535"}
07-05 23:42:17.857 D/DetailPlayActivity( 7041): map===1111111111111====={"srccolumnid":"0","srcgroupid":"10003","original":"1","srctabid":"0","eventcode":"207000","srceventcode":"232000","srcrowid":"1","mediaid":"3535"}
07-05 23:42:17.858 D/til@system( 2026): til_get_system_param option:1000007 int:-1936522368, bool:128, ret:0
07-05 23:42:17.859 W/System.err( 7041): java.net.ConnectException: failed to connect to /10.18.210.112 (port 8900) after 6000ms: isConnected failed: ECONNREFUSED (Connection refused)
07-05 23:42:17.860 W/System.err( 7041): 	at libcore.io.IoBridge.isConnected(IoBridge.java:238)
07-05 23:42:17.860 W/System.err( 7041): 	at libcore.io.IoBridge.connectErrno(IoBridge.java:171)
07-05 23:42:17.860 W/System.err( 7041): 	at libcore.io.IoBridge.connect(IoBridge.java:122)
07-05 23:42:17.860 W/System.err( 7041): 	at java.net.PlainSocketImpl.connect(PlainSocketImpl.java:183)
07-05 23:42:17.860 W/System.err( 7041): 	at java.net.PlainSocketImpl.connect(PlainSocketImpl.java:456)
07-05 23:42:17.860 W/System.err( 7041): 	at java.net.Socket.connect(Socket.java:882)
07-05 23:42:17.860 W/System.err( 7041): 	at com.android.okhttp.internal.Platform.connectSocket(Platform.java:174)
07-05 23:42:17.860 W/System.err( 7041): 	at com.android.okhttp.Connection.connect(Connection.java:152)
07-05 23:42:17.860 W/System.err( 7041): 	at com.android.okhttp.internal.http.HttpEngine.connect(HttpEngine.java:276)
07-05 23:42:17.860 W/System.err( 7041): 	at com.android.okhttp.internal.http.HttpEngine.sendRequest(HttpEngine.java:211)
07-05 23:42:17.860 W/System.err( 7041): 	at com.android.okhttp.internal.http.HttpURLConnectionImpl.execute(HttpURLConnectionImpl.java:382)
07-05 23:42:17.860 W/System.err( 7041): 	at com.android.okhttp.internal.http.HttpURLConnectionImpl.connect(HttpURLConnectionImpl.java:106)
07-05 23:42:17.860 W/System.err( 7041): 	at com.hisense.hitv.hicloud.util.ExceptionReport.a(ExceptionReport.java:337)
07-05 23:42:17.860 W/System.err( 7041): 	at com.hisense.hitv.hicloud.util.ExceptionReport.a(ExceptionReport.java:39)
07-05 23:42:17.860 W/System.err( 7041): 	at com.hisense.hitv.hicloud.util.ExceptionReport$1.run(ExceptionReport.java:83)
07-05 23:42:17.860 W/System.err( 7041): 	at java.lang.Thread.run(Thread.java:818)
07-05 23:42:17.860 W/System.err( 7041): Caused by: android.system.ErrnoException: isConnected failed: ECONNREFUSED (Connection refused)
07-05 23:42:17.860 W/System.err( 7041): 	at libcore.io.IoBridge.isConnected(IoBridge.java:223)
07-05 23:42:17.860 W/System.err( 7041): 	... 15 more
07-05 23:42:17.861 D/til@system( 2026): til_get_system_param option:1000009 int:-1936523008, bool:0, ret:0
07-05 23:42:17.862 D/til@system( 2026): til_get_system_param option:1000008 int:-1936522112, bool:128, ret:0
07-05 23:42:17.862 D/HiSDKLogReport( 7041): getOperationDetail-productName : LED50MU8600UC
07-05 23:42:17.862 D/HiSDKLogReport( 7041): getOperationDetail-plmNumber : 88888
07-05 23:42:17.862 D/HiSDKLogReport( 7041): getOperationDetail-swVersion : V0000.00.01A
07-05 23:42:17.862 D/HiSDKLogReport( 7041): getOperationDetail-operationDetail : LED50MU8600UC0000888
07-05 23:42:17.867 I/CommonUtils( 7041):  object to json {"eventType":"207","srccolumnid":"0","srcgroupid":"10003","APPVersionName":"3.0.0.9.00","original":"1","devid":"86100300900000500000060a4818fca8","uuid":"13287129","APIversion":"501","logversion":"2.0","eventcode":"207000","devType":"0","eventPos":"000","version":"00.002.003","ChannelId":"0","subscriberId":"13287129","PFAPPCode":"652","softwareVersion":"LED50MU8600UC0000888","srcrowid":"1","srceventcode":"232000","mac":"a8:a6:48:18:fc:a8","accessToken":"72DF6038D2AEAB8A76DFBBBBCC428A4A_003435751974275","srctabid":"0","APPPackage":"com.hisense.hicloud.edca","mediaid":"3535","sessionid":"988ae872205d432c8b5d41b98d0448e2","requesttime":"1499269337862","customerId":"7195320","model_id":"0","requestid":"670151bc382b421c8250079dc57969f3","tv_distribute_id":"00","APIVersion":"600","issysrepo":"1"}
07-05 23:42:17.867 D/DetailPlayActivity( 7041): map=====22222222222======{"eventType":"207","srccolumnid":"0","srcgroupid":"10003","APPVersionName":"3.0.0.9.00","original":"1","devid":"86100300900000500000060a4818fca8","uuid":"13287129","APIversion":"501","logversion":"2.0","eventcode":"207000","devType":"0","eventPos":"000","version":"00.002.003","ChannelId":"0","subscriberId":"13287129","PFAPPCode":"652","softwareVersion":"LED50MU8600UC0000888","srcrowid":"1","srceventcode":"232000","mac":"a8:a6:48:18:fc:a8","accessToken":"72DF6038D2AEAB8A76DFBBBBCC428A4A_003435751974275","srctabid":"0","APPPackage":"com.hisense.hicloud.edca","mediaid":"3535","sessionid":"988ae872205d432c8b5d41b98d0448e2","requesttime":"1499269337862","customerId":"7195320","model_id":"0","requestid":"670151bc382b421c8250079dc57969f3","tv_distribute_id":"00","APIVersion":"600","issysrepo":"1"}
07-05 23:42:17.868 I/HttpDnsUtils( 7041): detailsPage(): url = http://api.edu.hismarttv.com/medias/api/media/3535?codeType=1002&vender=0&resolutionpolicy=2
07-05 23:42:17.869 D/til@system( 2026): til_get_system_param option:1000007 int:-1936525184, bool:128, ret:0
07-05 23:42:17.869 D/til@system( 2026): til_get_system_param option:1000009 int:-1815632896, bool:0, ret:0
07-05 23:42:17.870 D/til@system( 2026): til_get_system_param option:1000008 int:-1815633792, bool:128, ret:0
07-05 23:42:17.870 D/HttpBuilder( 7041): getOperationDetail-productName : LED50MU8600UC
07-05 23:42:17.870 D/HttpBuilder( 7041): getOperationDetail-plmNumber : 88888
07-05 23:42:17.870 D/HttpBuilder( 7041): getOperationDetail-swVersion : V0000.00.01A
07-05 23:42:17.870 D/HttpBuilder( 7041): getOperationDetail-operationDetail : LED50MU8600UC0000888
07-05 23:42:17.902 I/HttpBuilder( 7041): addUrlPublicParams mUrl ==>http://api.edu.hismarttv.com/medias/api/media/3535?codeType=1002&vender=0&resolutionpolicy=2&uuid=13287129&mac=a8:a6:48:18:fc:a8&devid=86100300900000500000060a4818fca8&version=00.002.003&subscriberId=13287129&customerId=7195320&model_id=0&APPPackage=com.hisense.hicloud.edca&PFAPPCode=652&APPVersionName=3.0.0.9.00&ChannelId=0&softwareVersion=LED50MU8600UC0000888&tv_distribute_id=00&devType=0&APIVersion=600&accessToken=72DF6038D2AEAB8A76DFBBBBCC428A4A_003435751974275
07-05 23:42:17.903 I/HttpBuilder( 7041): addUrlLogParams url ==>http://api.edu.hismarttv.com/medias/api/media/3535?codeType=1002&vender=0&resolutionpolicy=2&uuid=13287129&mac=a8:a6:48:18:fc:a8&devid=86100300900000500000060a4818fca8&version=00.002.003&subscriberId=13287129&customerId=7195320&model_id=0&APPPackage=com.hisense.hicloud.edca&PFAPPCode=652&APPVersionName=3.0.0.9.00&ChannelId=0&softwareVersion=LED50MU8600UC0000888&tv_distribute_id=00&devType=0&APIVersion=600&accessToken=72DF6038D2AEAB8A76DFBBBBCC428A4A_003435751974275&eventType=207&srccolumnid=0&srcgroupid=10003&original=1&APIversion=501&logversion=2.0&eventcode=207000&eventPos=000&srcrowid=1&srceventcode=232000&srctabid=0&mediaid=3535&sessionid=988ae872205d432c8b5d41b98d0448e2&requesttime=1499269337862&requestid=670151bc382b421c8250079dc57969f3&issysrepo=1
07-05 23:42:17.904 D/HttpHandler( 7041): VerifySignInterCeptor-->request.url()=http://api.edu.hismarttv.com/medias/api/media/3535?codeType=1002&vender=0&resolutionpolicy=2&uuid=13287129&mac=a8:a6:48:18:fc:a8&devid=86100300900000500000060a4818fca8&version=00.002.003&subscriberId=13287129&customerId=7195320&model_id=0&APPPackage=com.hisense.hicloud.edca&PFAPPCode=652&APPVersionName=3.0.0.9.00&ChannelId=0&softwareVersion=LED50MU8600UC0000888&tv_distribute_id=00&devType=0&APIVersion=600&accessToken=72DF6038D2AEAB8A76DFBBBBCC428A4A_003435751974275&eventType=207&srccolumnid=0&srcgroupid=10003&original=1&APIversion=501&logversion=2.0&eventcode=207000&eventPos=000&srcrowid=1&srceventcode=232000&srctabid=0&mediaid=3535&sessionid=988ae872205d432c8b5d41b98d0448e2&requesttime=1499269337862&requestid=670151bc382b421c8250079dc57969f3&issysrepo=1start=&resolutionpolicy=2&rows=&vender=0&search_key=&typeCode=1002&type=&
07-05 23:42:17.904 D/HttpHandler( 7041): VerifySignInterCeptor-->hostname=api.edu.hismarttv.com
07-05 23:42:17.907 D/HttpHandler( 7041): HttpDNS-->hostname=api.edu.hismarttv.com
07-05 23:42:17.907 D/HttpHandler( 7041): RAMCache-->hostInfo.getClientTimeStamp()=18163198
07-05 23:42:17.907 D/HttpHandler( 7041): RAMCache-->hostInfo.getTtl()=3600
07-05 23:42:17.908 D/HttpHandler( 7041): RAMCache-->SystemClock.elapsedRealtime()=18179479
07-05 23:42:17.911 D/HttpHandler( 7041): DNSHelper-->gslbDns=["123.103.91.123"]
07-05 23:42:17.944 D/OkHttp  ( 7041): --> GET http://api.edu.hismarttv.com/medias/api/media/3535?codeType=1002&vender=0&resolutionpolicy=2&uuid=13287129&mac=a8:a6:48:18:fc:a8&devid=86100300900000500000060a4818fca8&version=00.002.003&subscriberId=13287129&customerId=7195320&model_id=0&APPPackage=com.hisense.hicloud.edca&PFAPPCode=652&APPVersionName=3.0.0.9.00&ChannelId=0&softwareVersion=LED50MU8600UC0000888&tv_distribute_id=00&devType=0&APIVersion=600&accessToken=72DF6038D2AEAB8A76DFBBBBCC428A4A_003435751974275&eventType=207&srccolumnid=0&srcgroupid=10003&original=1&APIversion=501&logversion=2.0&eventcode=207000&eventPos=000&srcrowid=1&srceventcode=232000&srctabid=0&mediaid=3535&sessionid=988ae872205d432c8b5d41b98d0448e2&requesttime=1499269337862&requestid=670151bc382b421c8250079dc57969f3&issysrepo=1start=&resolutionpolicy=2&rows=&vender=0&search_key=&typeCode=1002&type=& http/1.1
07-05 23:42:17.944 D/OkHttp  ( 7041): Data_Type: JSON
07-05 23:42:17.944 D/OkHttp  ( 7041): RetryTime: 0
07-05 23:42:17.945 D/OkHttp  ( 7041): Backoffmutiplier: 0
07-05 23:42:17.945 D/OkHttp  ( 7041): Host: api.edu.hismarttv.com
07-05 23:42:17.945 D/OkHttp  ( 7041): Connection: Keep-Alive
07-05 23:42:17.945 D/OkHttp  ( 7041): Accept-Encoding: gzip
07-05 23:42:17.945 D/OkHttp  ( 7041): User-Agent: okhttp/3.6.0
07-05 23:42:17.945 D/OkHttp  ( 7041): --> END GET
07-05 23:42:17.990 D/DetailPlayActivity.java( 7041): VodLog-[initRemindDialog:352]http://picture.edu.hismarttv.com/images/20151119035938180406.png
07-05 23:42:17.992 D/OkHttp  ( 7041): <-- 200 OK http://api.edu.hismarttv.com/medias/api/media/3535?codeType=1002&vender=0&resolutionpolicy=2&uuid=13287129&mac=a8:a6:48:18:fc:a8&devid=86100300900000500000060a4818fca8&version=00.002.003&subscriberId=13287129&customerId=7195320&model_id=0&APPPackage=com.hisense.hicloud.edca&PFAPPCode=652&APPVersionName=3.0.0.9.00&ChannelId=0&softwareVersion=LED50MU8600UC0000888&tv_distribute_id=00&devType=0&APIVersion=600&accessToken=72DF6038D2AEAB8A76DFBBBBCC428A4A_003435751974275&eventType=207&srccolumnid=0&srcgroupid=10003&original=1&APIversion=501&logversion=2.0&eventcode=207000&eventPos=000&srcrowid=1&srceventcode=232000&srctabid=0&mediaid=3535&sessionid=988ae872205d432c8b5d41b98d0448e2&requesttime=1499269337862&requestid=670151bc382b421c8250079dc57969f3&issysrepo=1start=&resolutionpolicy=2&rows=&vender=0&search_key=&typeCode=1002&type=& (47ms)
07-05 23:42:17.992 D/OkHttp  ( 7041): Server: nginx
07-05 23:42:17.992 D/OkHttp  ( 7041): Date: Wed, 05 Jul 2017 15:42:17 GMT
07-05 23:42:17.992 D/OkHttp  ( 7041): Content-Type: application/json
07-05 23:42:17.992 D/OkHttp  ( 7041): Content-Length: 57924
07-05 23:42:17.992 D/OkHttp  ( 7041): Connection: close
07-05 23:42:17.992 D/OkHttp  ( 7041): <-- END HTTP
07-05 23:42:17.994 D/HttpHandler( 7041): RetryIntercepter-->retryNum=0
07-05 23:42:17.994 D/HttpHandler( 7041): RetryIntercepter-->backoffmutiplier=0
07-05 23:42:18.015 D/HttpHandler( 7041): VerifySignInterCeptor-->request.url()=http://picture.edu.hismarttv.com/images/20151119035938180406.png
07-05 23:42:18.015 D/HttpHandler( 7041): VerifySignInterCeptor-->request.url()=http://picture.edu.hismarttv.com/images/20151119035723420106.png
07-05 23:42:18.015 D/HttpHandler( 7041): VerifySignInterCeptor-->hostname=picture.edu.hismarttv.com
07-05 23:42:18.015 D/HttpHandler( 7041): VerifySignInterCeptor-->hostname=picture.edu.hismarttv.com
07-05 23:42:18.016 D/HttpHandler( 7041): VerifySignInterCeptor-->request.url()=http://picture.edu.hismarttv.com/images/20151119035917189009.png
07-05 23:42:18.016 D/HttpHandler( 7041): VerifySignInterCeptor-->hostname=picture.edu.hismarttv.com
07-05 23:42:18.016 D/OkHttp  ( 7041): --> GET http://picture.edu.hismarttv.com/images/20151119035938180406.png http/1.1
07-05 23:42:18.016 D/OkHttp  ( 7041): Host: picture.edu.hismarttv.com
07-05 23:42:18.016 D/OkHttp  ( 7041): Connection: Keep-Alive
07-05 23:42:18.016 D/OkHttp  ( 7041): Accept-Encoding: gzip
07-05 23:42:18.016 D/OkHttp  ( 7041): User-Agent: okhttp/3.6.0
07-05 23:42:18.016 D/OkHttp  ( 7041): --> END GET
07-05 23:42:18.017 D/OkHttp  ( 7041): --> GET http://picture.edu.hismarttv.com/images/20151119035917189009.png http/1.1
07-05 23:42:18.017 D/OkHttp  ( 7041): Host: picture.edu.hismarttv.com
07-05 23:42:18.017 D/OkHttp  ( 7041): Connection: Keep-Alive
07-05 23:42:18.017 D/OkHttp  ( 7041): Accept-Encoding: gzip
07-05 23:42:18.017 D/OkHttp  ( 7041): User-Agent: okhttp/3.6.0
07-05 23:42:18.017 D/OkHttp  ( 7041): --> END GET
07-05 23:42:18.017 D/OkHttp  ( 7041): --> GET http://picture.edu.hismarttv.com/images/20151119035723420106.png http/1.1
07-05 23:42:18.017 D/OkHttp  ( 7041): Host: picture.edu.hismarttv.com
07-05 23:42:18.017 D/OkHttp  ( 7041): Connection: Keep-Alive
07-05 23:42:18.017 D/OkHttp  ( 7041): Accept-Encoding: gzip
07-05 23:42:18.018 D/OkHttp  ( 7041): User-Agent: okhttp/3.6.0
07-05 23:42:18.018 D/OkHttp  ( 7041): --> END GET
07-05 23:42:18.022 W/Activity( 7041): changePanelKeyPadStateIfNecessary() : false
07-05 23:42:18.023 V/InputManager( 7041): setPanelKeyPadConvertState() : false
07-05 23:42:18.023 I/BaseActivity( 7041): onResume
07-05 23:42:18.023 D/DetailPlayActivity( 7041): ---------------------------onresume
07-05 23:42:18.036 D/OkHttp  ( 7041): <-- 200 OK http://picture.edu.hismarttv.com/images/20151119035917189009.png (18ms)
07-05 23:42:18.036 D/OkHttp  ( 7041): Date: Mon, 03 Jul 2017 11:22:57 GMT
07-05 23:42:18.036 D/OkHttp  ( 7041): Server: nginx
07-05 23:42:18.036 D/OkHttp  ( 7041): Content-Type: image/png
07-05 23:42:18.036 D/OkHttp  ( 7041): Content-Length: 369052
07-05 23:42:18.036 D/OkHttp  ( 7041): Last-Modified: Thu, 19 Nov 2015 03:59:17 GMT
07-05 23:42:18.036 D/OkHttp  ( 7041): ETag: "564d4915-5a19c"
07-05 23:42:18.036 D/OkHttp  ( 7041): Accept-Ranges: bytes
07-05 23:42:18.036 D/OkHttp  ( 7041): Age: 188360
07-05 23:42:18.036 D/OkHttp  ( 7041): Via: 1.1 pingwangtong52:8 (Cdn Cache Server V2.0)[21 200 0], 1.1 t87:3 (Cdn Cache Server V2.0)[0 200 0]
07-05 23:42:18.036 D/OkHttp  ( 7041): Connection: keep-alive
07-05 23:42:18.036 D/OkHttp  ( 7041): <-- END HTTP
07-05 23:42:18.036 V/WindowManager( 1733): Adding window Window{685afad u0 com.hisense.hicloud.edca/com.hisense.hicloud.edca.mediaplayer.activity.DetailPlayActivity} at 12 of 20 (after Window{1d2e9291 u0 com.hisense.hicloud.edca/com.hisense.tvui.newhome.HomeMainActivity})
07-05 23:42:18.039 D/HttpHandler( 7041): RetryIntercepter-->retryNum=0
07-05 23:42:18.039 D/HttpHandler( 7041): RetryIntercepter-->backoffmutiplier=0
07-05 23:42:18.045 D/OkHttp  ( 7041): <-- 200 OK http://picture.edu.hismarttv.com/images/20151119035938180406.png (28ms)
07-05 23:42:18.045 D/OkHttp  ( 7041): Date: Thu, 29 Jun 2017 10:14:09 GMT
07-05 23:42:18.045 I/MyFragmentStateAdapter( 7041): getCount
07-05 23:42:18.045 D/OkHttp  ( 7041): Server: nginx/1.1.13
07-05 23:42:18.045 D/OkHttp  ( 7041): Content-Type: image/png
07-05 23:42:18.045 I/MyFragmentStateAdapter( 7041): getCount
07-05 23:42:18.045 D/OkHttp  ( 7041): Content-Length: 386276
07-05 23:42:18.045 D/OkHttp  ( 7041): Last-Modified: Thu, 19 Nov 2015 03:59:38 GMT
07-05 23:42:18.045 D/OkHttp  ( 7041): Accept-Ranges: bytes
07-05 23:42:18.045 D/OkHttp  ( 7041): Age: 538088
07-05 23:42:18.045 D/OkHttp  ( 7041): Via: 1.0 yangwangtong23:8080 (Cdn Cache Server V2.0), 1.0 shzh49:88 (Cdn Cache Server V2.0), 1.0 chwt81:2 (Cdn Cache Server V2.0)[0 200 0]
07-05 23:42:18.045 D/OkHttp  ( 7041): Connection: keep-alive
07-05 23:42:18.045 D/OkHttp  ( 7041): <-- END HTTP
07-05 23:42:18.045 I/MyFragmentStateAdapter( 7041): getCount
07-05 23:42:18.045 I/MyFragmentStateAdapter( 7041): getCount
07-05 23:42:18.045 I/FirstLineAdapter( 7041): canShowTrailer,isOffline=false
07-05 23:42:18.045 I/FirstLineAdapter( 7041): canShowTrailer,isOffline=false
07-05 23:42:18.046 I/FirstLineAdapter( 7041): canShowTrailer,isOffline=false
07-05 23:42:18.046 I/FirstLineAdapter( 7041): canShowTrailer,isOffline=false
07-05 23:42:18.046 I/FirstLineAdapter( 7041): canShowTrailer,isOffline=false
07-05 23:42:18.046 I/FirstLineAdapter( 7041): canShowTrailer,isOffline=false
07-05 23:42:18.046 I/FirstLineAdapter( 7041): canShowTrailer,isOffline=false
07-05 23:42:18.046 I/FirstLineAdapter( 7041): canShowTrailer,isOffline=false
07-05 23:42:18.046 I/FirstLineAdapter( 7041): canShowTrailer,isOffline=false
07-05 23:42:18.046 D/OkHttp  ( 7041): <-- 200 OK http://picture.edu.hismarttv.com/images/20151119035723420106.png (28ms)
07-05 23:42:18.046 D/OkHttp  ( 7041): Date: Tue, 04 Jul 2017 00:19:32 GMT
07-05 23:42:18.046 D/OkHttp  ( 7041): Server: nginx/1.6.2
07-05 23:42:18.046 D/OkHttp  ( 7041): Content-Type: image/png
07-05 23:42:18.046 D/OkHttp  ( 7041): Content-Length: 11698
07-05 23:42:18.046 D/OkHttp  ( 7041): Last-Modified: Thu, 19 Nov 2015 03:57:23 GMT
07-05 23:42:18.047 D/HttpHandler( 7041): RetryIntercepter-->retryNum=0
07-05 23:42:18.047 D/OkHttp  ( 7041): ETag: "564d48a3-2db2"
07-05 23:42:18.047 D/HttpHandler( 7041): RetryIntercepter-->backoffmutiplier=0
07-05 23:42:18.047 D/OkHttp  ( 7041): Accept-Ranges: bytes
07-05 23:42:18.047 D/OkHttp  ( 7041): Age: 141765
07-05 23:42:18.047 D/OkHttp  ( 7041): Via: 1.0 jnwt242:88 (Cdn Cache Server V2.0), 1.0 hwangt167:6 (Cdn Cache Server V2.0)[0 200 0], 1.0 t86:8 (Cdn Cache Server V2.0)[0 200 0]
07-05 23:42:18.047 D/OkHttp  ( 7041): Connection: keep-alive
07-05 23:42:18.047 D/OkHttp  ( 7041): <-- END HTTP
07-05 23:42:18.048 D/HttpHandler( 7041): RetryIntercepter-->retryNum=0
07-05 23:42:18.048 D/HttpHandler( 7041): RetryIntercepter-->backoffmutiplier=0
07-05 23:42:18.050 I/MyFragmentStateAdapter( 7041): getCount
07-05 23:42:18.072 I/SurfaceFlinger( 1204): the layer SurfaceView is used to close xc and zorder is smallerest! clear region
07-05 23:42:18.076 D/Surface ( 1733): onStatusChange() : mNativeObject = 547819104768 mUseImageHwRender = false
07-05 23:42:18.076 V/Surface ( 1733): nativeSetHardwareRender() : status = 0
07-05 23:42:18.076 V/Surface ( 1733): nativeSetHardwareRender() : end
07-05 23:42:18.076 D/OsdMonitorService( 1733): mCurrentWindow = com.hisense.hicloud.edca/com.hisense.tvui.newhome.HomeMainActivity; newWindow = com.hisense.hicloud.edca/com.hisense.hicloud.edca.mediaplayer.activity.DetailPlayActivity; isSubWindow = false; isInWinList = false; isExitNow = false
07-05 23:42:18.076 D/OsdMonitorService( 1733): windowNotOsd() : name = com.hisense.hicloud.edca/com.hisense.hicloud.edca.mediaplayer.activity.DetailPlayActivity
07-05 23:42:18.076 I/OsdMonitorService( 1733): setOsdStatus() : status will change from true to true
07-05 23:42:18.090 D/PowerManagerService( 1733): setScreenBrightnessOverrideFromWindowManagerInternal done
07-05 23:42:18.092 D/PowerManagerService( 1733): setScreenBrightnessOverrideFromWindowManagerInternal done
07-05 23:42:18.096 D/Surface ( 1733): onStatusChange() : mNativeObject = 0 mUseImageHwRender = false
07-05 23:42:18.106 I/SurfaceFlinger( 1204): the layer SurfaceView is used to close xc and zorder is smallerest! clear region
07-05 23:42:18.109 D/Surface ( 7041): onStatusChange() : mNativeObject = -528584704 mUseImageHwRender = false
07-05 23:42:18.109 V/Surface ( 7041): nativeSetHardwareRender() : status = 0
07-05 23:42:18.109 V/Surface ( 7041): nativeSetHardwareRender() : end
07-05 23:42:18.117 D/gralloc ( 1204): allocate buffer from ION HEAP 0x1
07-05 23:42:18.117 D/gralloc ( 1204): allocate memory from system heap
07-05 23:42:18.124 D/gralloc ( 1204): allocate buffer from ION HEAP 0x1
07-05 23:42:18.124 D/gralloc ( 1204): allocate memory from system heap
07-05 23:42:18.127 D/gralloc ( 1204): allocate buffer from ION HEAP 0x1
07-05 23:42:18.127 D/gralloc ( 1204): allocate memory from system heap
07-05 23:42:18.133 D/Carousel-CarouselVideoViewImpl( 7041): stopPlay.
07-05 23:42:18.133 D/Carousel-log_video-( 7041): onStopPlay!
07-05 23:42:18.133 D/Carousel-log_video-( 7041): submitPlayStopLog mLogPlayState:5
07-05 23:42:18.133 D/Carousel-log_video-( 7041): No need to repeat play stop log.
07-05 23:42:18.137 V/InputMethodService( 2203): startInput(): editor=android.view.inputmethod.EditorInfo@239771d2
07-05 23:42:18.137 V/InputMethodService( 2203): CALL: onFinishInput
07-05 23:42:18.139 D/HttpHandler( 7041): VerifySignInterCeptor-->dateType=1
07-05 23:42:18.139 I/SurfaceFlinger( 1204): the layer SurfaceView is used to close xc and zorder is smallerest! clear region
07-05 23:42:18.139 D/HttpHandler( 7041): VerifySignInterCeptor-->HttpRequestManager.httpClietOption.getVerifyFlag()=1
07-05 23:42:18.141 E/SOGOUIME_JNI( 2203): reset
07-05 23:42:18.142 E/SOGOUIME_JNI( 2203): getCandidates
07-05 23:42:18.142 E/SOGOUIME_JNI( 2203): ime_get_uncommitted_length
07-05 23:42:18.147 E/SOGOUIME_JNI( 2203): getCandidates
07-05 23:42:18.147 D/SogouIME API( 2203): ==============num:32
07-05 23:42:18.147 E/SOGOUIME_JNI( 2203): ime_get_uncommitted_length
07-05 23:42:18.147 D/SogouIME( 2203): mFocusedComponent:30   isHkbEnable:false
07-05 23:42:18.147 E/SOGOUIME_JNI( 2203): ime_get_uncommitted_length
07-05 23:42:18.147 E/SOGOUIME_JNI( 2203): ime_get_committed_length
07-05 23:42:18.147 E/SOGOUIME_JNI( 2203): getComposingInfo
07-05 23:42:18.147 E/SOGOUIME_JNI( 2203): getComposingInfo
07-05 23:42:18.147 E/SOGOUIME_JNI( 2203): getCorrectInfo
07-05 23:42:18.147 E/SOGOUIME_JNI( 2203): getComposingInfo
07-05 23:42:18.157 V/InputMethodService( 2203): CALL: onStartInput
07-05 23:42:18.157 E/SOGOUIME_JNI( 2203): invalidateCommitWordPinyinNative
07-05 23:42:18.158 D/SogouIME( 2203): =====configKeyboard=======æ˜¯å¦æœ‰ç¡¬ä»¶ç›˜:false     ç¡¬ä»¶ç›˜æ˜¯å¦ä¸å†éšè—ï¼šfalse
07-05 23:42:18.158 E/SOGOUIME_JNI( 2203): ime_set_hard_kb_enable
07-05 23:42:18.173 I/SurfaceFlinger( 1204): the layer SurfaceView is used to close xc and zorder is smallerest! clear region
