07-05 21:12:46.952 D/NetworkManager(21890): [TID 22060] retryConnectOthers: result=true, time consumed=112ms
07-05 21:12:46.952 D/NetworkManager(21890): [TID 22080] request(http://www.sina.com.cn, 9208483): openConnection
07-05 21:12:46.966 D/NetworkManager(21890): [TID 22060] getRealState: activeNetInfo={[type: Ethernet[], state: CONNECTED/CONNECTED, reason: (unspecified), extra: a8:a6:48:18:fc:a8, roaming: false, failover: false, isAvailable: true, isConnectedToProvisioningNetwork: false]}, isConnected=true
07-05 21:12:46.967 D/MSTAR_VDEC_DBG( 1206): Stream ID: 0, Rate : 3 (E:0,D:0,S:0,F:21) 
07-05 21:12:46.968 D/vsyncbridge( 1204): Overlay[0] wait_disp_show W 2, R 1, Cur 255, wait time = 35ms
07-05 21:12:46.977 D/Carousel-SimpleVideoView(21890): what=3, extra=0
07-05 21:12:46.977 D/Carousel-log_video-(21890): onFirstFrame!
07-05 21:12:46.978 D/Carousel-log_video-(21890): handleFirstFramePlayLog isReplayState:false,mLogPlayState:1
07-05 21:12:46.978 D/Carousel-log_video-(21890): ==first frame log,duration:2717
07-05 21:12:46.978 D/Carousel-log_(21890): ===(Main-Video-278003)-{srccolumnid=3, eventType=278, srcgroupid=10001, appversionname=2.0.0.6, srctabid=0, duration=2717, license=hisense, eventcode=278003, deviceid=86100300900000500000060a4818fca8, mediaid=351, eventPos=003, sessionid=78fa9422c3624795a61c78fa3f50d3a3, srcpackagename=com.hisense.hicloud.edca, subscriberid=13287129, playactionuuid=71234b3d-d8e1-4217-ae81-55805165c72c, version=2.1, devicemsg=LED50MU8600UC0000888, isall=0, customerid=7195320, srcrowid=0, srceventcode=280000}
07-05 21:12:46.979 D/NetworkManager(21890): [TID 21890] onNetStateChanged(2)
07-05 21:12:46.991 W/System.err(21890): java.net.ConnectException: failed to connect to /10.18.210.112 (port 8900) after 6000ms: isConnected failed: ECONNREFUSED (Connection refused)
07-05 21:12:46.992 W/System.err(21890): 	at libcore.io.IoBridge.isConnected(IoBridge.java:238)
07-05 21:12:46.992 W/System.err(21890): 	at libcore.io.IoBridge.connectErrno(IoBridge.java:171)
07-05 21:12:46.992 W/System.err(21890): 	at libcore.io.IoBridge.connect(IoBridge.java:122)
07-05 21:12:46.992 W/System.err(21890): 	at java.net.PlainSocketImpl.connect(PlainSocketImpl.java:183)
07-05 21:12:46.992 W/System.err(21890): 	at java.net.PlainSocketImpl.connect(PlainSocketImpl.java:456)
07-05 21:12:46.992 W/System.err(21890): 	at java.net.Socket.connect(Socket.java:882)
07-05 21:12:46.992 W/System.err(21890): 	at com.android.okhttp.internal.Platform.connectSocket(Platform.java:174)
07-05 21:12:46.992 W/System.err(21890): 	at com.android.okhttp.Connection.connect(Connection.java:152)
07-05 21:12:46.992 W/System.err(21890): 	at com.android.okhttp.internal.http.HttpEngine.connect(HttpEngine.java:276)
07-05 21:12:46.992 W/System.err(21890): 	at com.android.okhttp.internal.http.HttpEngine.sendRequest(HttpEngine.java:211)
07-05 21:12:46.992 W/System.err(21890): 	at com.android.okhttp.internal.http.HttpURLConnectionImpl.execute(HttpURLConnectionImpl.java:382)
07-05 21:12:46.992 W/System.err(21890): 	at com.android.okhttp.internal.http.HttpURLConnectionImpl.connect(HttpURLConnectionImpl.java:106)
07-05 21:12:46.992 W/System.err(21890): 	at com.hisense.hitv.hicloud.util.ExceptionReport.a(ExceptionReport.java:337)
07-05 21:12:46.992 W/System.err(21890): 	at com.hisense.hitv.hicloud.util.ExceptionReport.a(ExceptionReport.java:39)
07-05 21:12:46.993 W/System.err(21890): 	at com.hisense.hitv.hicloud.util.ExceptionReport$1.run(ExceptionReport.java:83)
07-05 21:12:46.993 W/System.err(21890): 	at java.lang.Thread.run(Thread.java:818)
07-05 21:12:46.993 W/System.err(21890): Caused by: android.system.ErrnoException: isConnected failed: ECONNREFUSED (Connection refused)
07-05 21:12:46.995 W/System.err(21890): 	at libcore.io.IoBridge.isConnected(IoBridge.java:223)
07-05 21:12:46.995 W/System.err(21890): 	... 15 more
07-05 21:12:47.013 I/MyFragmentStateAdapter(21890): getCount
07-05 21:12:47.013 I/System.out(21890): <TVAPI> DEBUG(id=7, dynamicQ, response_time = 89ms): data = {"msg":"","code":"N000000","data":{"apiKey":"","authId":-1,"cnf":{},"flag":"","function":[{"playerConfig":"http://static.ptqy.gitv.tv/js/tv/app/getPlayerConfig.js"},{"appCard":"1"},{"msg_dialog_pos":"4"},{"disableHCDNPreDeploy":"false"},{"dailyInforCornerMark":"http://pic0.ptqy.gitv.tv/common/20170113/4ab9430bee234e2b8c8ae4583669b394.png,http://pic6.ptqy.gitv.tv/common/20170113/d45b2b6ae97a4847a73a245d63f5fe87.png"},{"isDisableAdCache":"0"},{"card_sort":"0"},{"alltag_position":"0"},{"enablePlayerLocalServer":"false"},{"ad_skip_frequency":"-1"},{"enablePlayerLocalServerF4v2Hls":"false"},{"enablePlayerLocalServerStream":"false"},{"disableHcdnDaemon":"false"},{"subChannelPlayerConfig":"http://static.ptqy.gitv.tv/js/tv/app/getSubChannelPlayerConfig.js"},{"childapp":"http://cdn.data.video.ptqy.gitv.tv/cdn/tv/20170630/apk/1_1259_4994_1498801304813.json"},{"chinapokerapp":"http://chessgame.ptqy.gitv.tv/game/info/apis/get_game_info.action?id=212202420"}],"hide":"","ichn":[],"ip":"","ipLoc":"","ipZh":"","is3D":1,"kv":[{"hcdn":"hCDN"},{"homepageHot":""},{"homepageNew":""},{"ruleCode":"http://static.ptqy.gitv.tv/js/tv/app/getPlayerConfig.js","playerConfig":""},{"isShowExitAppDialog":"apk"}],"loading":"","loginTunnel":0,"resIds":[],"support4k":1,"supporth265":1,"sysTime":1499259903,"tab":[],"tip":"","upgradeType":-1,"url":"","verCoupon":"","verMon":"0","verPkg":"","verTvod":"0","version":"","vip":1,"vipCoupon":0,"vipMon":1,"vipPkg":0,"vipTvod":1}}
07-05 21:12:47.014 D/PlayerSdk/GrayScaleSwitcherProvider(21890): [TID 21921] TVApi.dynamicQ: onSuccess
07-05 21:12:47.014 D/PlayerSdk/GrayScaleSwitcherProvider(21890): [TID 21921] TVApi.dynamicQ: data=com.qiyi.tvapi.tv2.model.DeviceCheck@25bd1d39, isOpenHcdn=true, sRetryTimesBeforeStarted=3, sRetryTimesAfterStarted=3, isDisableP2PUpload=false, isOpenDrmRootCheck=false
07-05 21:12:47.019 E/NetworkManager(21890): [TID 22080] << request(http://www.sina.com.cn, 9208483): connect internet failed, url=http://www.sina.com.cn
07-05 21:12:47.015 D/PlayerSdk/PlayerSdkProject(21890): [TID 21921] << finishInitialize: consume 772 ms
07-05 21:12:47.020 D/PlayerSdk/PlayerSdkProject(21890): [TID 21921] isPackageNameCheckPassed=true, isDeviceCheckPass=true
07-05 21:12:47.021 D/PlayerSdk/PlayerFeatureProvider(21890): [TID 21921] notifySuccess(looper=Looper (main, tid 1) {382ff7e}, listener=com.hisense.hicloud.edca.mediaplayer.video.qiyi.QiyiInitTool$1$1@1e88fcb6)
07-05 21:12:47.025 D/PlayerSdk/PlayerFeatureProvider(21890): [TID 21921] << loadPluginPlayerFeature: mSdkFeature=com.qiyi.video.plugin.j@31aff91f
07-05 21:12:47.047 I/QiyiInitTool(21890): onSuccess
07-05 21:12:47.062 W/linker  (21890): libWasabiJni.so: unused DT entry: type 0x6ffffffe arg 0x5080
07-05 21:12:47.062 W/linker  (21890): libWasabiJni.so: unused DT entry: type 0x6fffffff arg 0x3
07-05 21:12:47.071 I/MiSysSrv( 1214): [37m[INFO] Change to Voltage: 117 mv (0x32)[m
07-05 21:12:47.084 D/PlayerSdk/PlayerSdkLibProfile(21890): [TID 22088] isOpenDrmRootCheck=false
07-05 21:12:47.102 I/MyFragmentStateAdapter(21890): getCount
07-05 21:12:47.106 W/art     ( 3457): Suspending all threads took: 71.611ms
07-05 21:12:47.115 I/WASABI  (21890): WASABI version: BUILD DATE: 'Dec 30 2016', BUILD CONFIGURATION: 'Release', VERSION NAME: '1.19.0', VERSION NUMBER: 0x00011300, SHORT DESCRIPTION: 'Wasabi Runtime', LONG DESCRIPTION: '{"wasabi": "1.19.0", "wcscp": "2.22.0", "manufacturer": "intertrust", "os": "Android", "customerid": "c31122", "wcskb": "5.0.0"}', MS520K: 'enforced', VCS CHANGE: 12814
07-05 21:12:47.120 D/NetworkManager(21890): [TID 22077] << request(http://www.163.com, 9208451): connect internet success, url=http://www.163.com
07-05 21:12:47.140 E/NetworkManager(21890): [TID 22078] << request(http://www.taobao.com, 9208451): connect internet failed, url=http://www.taobao.com
07-05 21:12:47.159 I/MyFragmentStateAdapter(21890): getCount
07-05 21:12:47.183 I/MyFragmentStateAdapter(21890): getCount
07-05 21:12:47.210 D/NetworkManager(21890): [TID 22076] << request(http://www.iqiyi.com, 9208450): connect internet success, url=http://www.iqiyi.com
07-05 21:12:47.216 I/MyFragmentStateAdapter(21890): getCount
07-05 21:12:47.239 D/PowerManagerService( 1733): releaseWakeLockInternal: lock=482896900 [AudioMix], flags=0x0
07-05 21:12:47.239 D/PowerManagerNotifier( 1733): onWakeLockReleased: flags=1, tag="AudioMix", packageName=media, ownerUid=1013, ownerPid=0, workSource=null
07-05 21:12:47.259 I/MyFragmentStateAdapter(21890): getCount
07-05 21:12:47.281 I/MyFragmentStateAdapter(21890): getCount
07-05 21:12:47.305 I/MyFragmentStateAdapter(21890): getCount
07-05 21:12:47.327 I/TVMW@HsTvSetting( 1234): Trace cmd, data = 0x1058
07-05 21:12:47.328 D/til@system( 2026): til_get_system_param option:100002F int:0, bool:0, ret:0
07-05 21:12:47.329 I/TVMW@HsTvSetting( 1234): Trace cmd, data = 0x101f
07-05 21:12:47.329 D/til@system( 2026): til_get_system_param option:100001D int:3, bool:3, ret:0
07-05 21:12:47.329 E/til     ( 2026): [til_get_current_input_source, 101] 
07-05 21:12:47.329 I/TVMW@HsTvSetting( 1234): Trace cmd, data = 0x7007
07-05 21:12:47.329 I/tilwrapper@sm( 2026): HS2TIL_SourceType *hs=0xd, *til=0x900
07-05 21:12:47.329 D/til     ( 2026): get current source 2304
07-05 21:12:47.330 D/SourceRemoteServiceHandler( 2026): getCurrentInputSource.from.til.result is 0, value is 2304
07-05 21:12:47.330 D/SourceRemoteServiceHandler( 2026): getInputSourceType source: 0x900, type=2304
07-05 21:12:47.330 D/til     ( 2026): ###### func:til_get_picture_param option:0x3000006 ######  
07-05 21:12:47.330 I/TVMW@HsTvSetting( 1234): Trace cmd, data = 0x1003
07-05 21:12:47.330 I/TVMW@HsTvSetting( 1234): Trace cmd, data = 0x8032
07-05 21:12:47.331 I/hstvos  ( 1216): [0m[1;33m[HSHAL][HS_VIDEO][HS_HAL_Video_SetOsdDetect_v2][2389]u16Threshold = 20
07-05 21:12:47.336 E/TVMW@videoctrl( 1234):  getOsd is 1
07-05 21:12:47.337 D/til@system( 2026): til_get_system_param option:1000027 int:1, bool:1, ret:0
07-05 21:12:47.338 D/til     ( 2026): ###### func:til_get_picture_param option:0x3000045 ######  
07-05 21:12:47.338 I/TVMW@HsTvSetting( 1234): Trace cmd, data = 0x300c
07-05 21:12:47.338 I/TVMW@HsTvSetting( 1234): Trace 3d, data = 0x300c
07-05 21:12:47.338 I/TVMW@3d ( 1234): Hs_debug3d_trace: func:get3dStatus, line:109
07-05 21:12:47.347 I/MyFragmentStateAdapter(21890): getCount
07-05 21:12:47.353 I/NetflixMonitorService( 1733): current fgapk : com.hisense.hicloud.edca
07-05 21:12:47.353 I/NetflixMonitorService( 1733): Netflix status unchanged
07-05 21:12:47.379 I/MyFragmentStateAdapter(21890): getCount
07-05 21:12:47.416 I/MyFragmentStateAdapter(21890): getCount
07-05 21:12:47.442 I/MyFragmentStateAdapter(21890): getCount
07-05 21:12:47.470 I/MiSysSrv( 1214): [37m[INFO] Change to Voltage: 117 mv (0x32)[m
07-05 21:12:47.512 I/MyFragmentStateAdapter(21890): getCount
07-05 21:12:47.531 I/MyFragmentStateAdapter(21890): getCount
07-05 21:12:47.554 I/MyFragmentStateAdapter(21890): getCount
07-05 21:12:47.570 I/MiSysSrv( 1214): [37m[INFO] Change to Voltage: 102 mv (0x23)[m
07-05 21:12:47.573 I/MyFragmentStateAdapter(21890): getCount
07-05 21:12:47.598 I/MyFragmentStateAdapter(21890): getCount
07-05 21:12:47.669 I/MiSysSrv( 1214): [37m[INFO] Change to Voltage: 117 mv (0x32)[m
07-05 21:12:47.701 D/NativeDecimalFormat(21890): NativeDecimalFormat_close print addr=3997615104
07-05 21:12:47.701 D/NativeDecimalFormat(21890): NativeDecimalFormat_close print g_addr=3997615104
07-05 21:12:47.734 I/MyFragmentStateAdapter(21890): getCount
07-05 21:12:47.761 I/MyFragmentStateAdapter(21890): getCount
07-05 21:12:47.781 I/MyFragmentStateAdapter(21890): getCount
07-05 21:12:47.802 I/MyFragmentStateAdapter(21890): getCount
07-05 21:12:47.815 I/TVMW@devctrl( 1234): wdt
07-05 21:12:47.821 I/MyFragmentStateAdapter(21890): getCount
07-05 21:12:47.843 I/TVMW@HsTvSetting( 1234): Trace cmd, data = 0x1058
07-05 21:12:47.845 D/til@system( 2026): til_get_system_param option:100002F int:0, bool:0, ret:0
07-05 21:12:47.846 I/TVMW@HsTvSetting( 1234): Trace cmd, data = 0x101f
07-05 21:12:47.846 D/til@system( 2026): til_get_system_param option:100001D int:3, bool:3, ret:0
07-05 21:12:47.847 E/til     ( 2026): [til_get_current_input_source, 101] 
07-05 21:12:47.847 I/TVMW@HsTvSetting( 1234): Trace cmd, data = 0x7007
07-05 21:12:47.847 I/tilwrapper@sm( 2026): HS2TIL_SourceType *hs=0xd, *til=0x900
07-05 21:12:47.847 D/til     ( 2026): get current source 2304
07-05 21:12:47.847 D/SourceRemoteServiceHandler( 2026): getCurrentInputSource.from.til.result is 0, value is 2304
07-05 21:12:47.847 D/SourceRemoteServiceHandler( 2026): getInputSourceType source: 0x900, type=2304
07-05 21:12:47.847 D/til     ( 2026): ###### func:til_get_picture_param option:0x3000006 ######  
07-05 21:12:47.848 I/TVMW@HsTvSetting( 1234): Trace cmd, data = 0x1003
07-05 21:12:47.848 I/MyFragmentStateAdapter(21890): getCount
07-05 21:12:47.849 I/TVMW@HsTvSetting( 1234): Trace cmd, data = 0x8032
07-05 21:12:47.849 E/TVMW@videoctrl( 1234):  getOsd is 1
07-05 21:12:47.849 I/hstvos  ( 1216): [0m[1;33m[HSHAL][HS_VIDEO][HS_HAL_Video_SetOsdDetect_v2][2389]u16Threshold = 20
07-05 21:12:47.849 D/til@system( 2026): til_get_system_param option:1000027 int:1, bool:1, ret:0
07-05 21:12:47.850 D/til     ( 2026): ###### func:til_get_picture_param option:0x3000045 ######  
07-05 21:12:47.850 I/TVMW@HsTvSetting( 1234): Trace cmd, data = 0x300c
07-05 21:12:47.850 I/TVMW@HsTvSetting( 1234): Trace 3d, data = 0x300c
07-05 21:12:47.850 I/TVMW@3d ( 1234): Hs_debug3d_trace: func:get3dStatus, line:109
07-05 21:12:47.867 I/MyFragmentStateAdapter(21890): getCount
07-05 21:12:47.870 I/MiSysSrv( 1214): [37m[INFO] Change to Voltage: 112 mv (0x2D)[m
07-05 21:12:47.895 I/MyFragmentStateAdapter(21890): getCount
07-05 21:12:47.926 I/MyFragmentStateAdapter(21890): getCount
07-05 21:12:47.947 I/MyFragmentStateAdapter(21890): getCount
07-05 21:12:47.967 I/MyFragmentStateAdapter(21890): getCount
07-05 21:12:47.970 I/MiSysSrv( 1214): [37m[INFO] Change to Voltage: 107 mv (0x28)[m
07-05 21:12:47.986 D/MSTAR_VDEC_DBG( 1206): Stream ID: 0, Rate : 23 (E:0,D:0,S:0,F:45) 
07-05 21:12:47.993 I/MyFragmentStateAdapter(21890): getCount
07-05 21:12:48.014 I/MyFragmentStateAdapter(21890): getCount
07-05 21:12:48.031 I/MyFragmentStateAdapter(21890): getCount
07-05 21:12:48.061 I/MyFragmentStateAdapter(21890): getCount
07-05 21:12:48.070 I/MiSysSrv( 1214): [37m[INFO] Change to Voltage: 107 mv (0x28)[m
07-05 21:12:48.087 I/MyFragmentStateAdapter(21890): getCount
07-05 21:12:48.109 I/MyFragmentStateAdapter(21890): getCount
07-05 21:12:48.120 D/MyLocalStartService(16899): currentName is :com.hisense.hicloud.edca
07-05 21:12:48.133 I/MyFragmentStateAdapter(21890): getCount
07-05 21:12:48.161 I/MyFragmentStateAdapter(21890): getCount
07-05 21:12:48.169 I/MiSysSrv( 1214): [37m[INFO] Change to Voltage: 102 mv (0x23)[m
07-05 21:12:48.184 I/MyFragmentStateAdapter(21890): getCount
07-05 21:12:48.213 I/MyFragmentStateAdapter(21890): getCount
07-05 21:12:48.240 I/MyFragmentStateAdapter(21890): getCount
07-05 21:12:48.262 I/MyFragmentStateAdapter(21890): getCount
07-05 21:12:48.270 I/MiSysSrv( 1214): [37m[INFO] Change to Voltage: 102 mv (0x23)[m
07-05 21:12:48.282 I/MyFragmentStateAdapter(21890): getCount
07-05 21:12:48.314 I/MyFragmentStateAdapter(21890): getCount
07-05 21:12:48.324 D/DtvSourcePlugin-DVBC(15961): Setting the EPG Updater state to: WAIT
07-05 21:12:48.344 I/MyFragmentStateAdapter(21890): getCount
07-05 21:12:48.351 I/TVMW@HsTvSetting( 1234): Trace cmd, data = 0x1058
07-05 21:12:48.351 D/til@system( 2026): til_get_system_param option:100002F int:0, bool:0, ret:0
07-05 21:12:48.351 I/TVMW@HsTvSetting( 1234): Trace cmd, data = 0x101f
07-05 21:12:48.351 D/til@system( 2026): til_get_system_param option:100001D int:3, bool:3, ret:0
07-05 21:12:48.352 E/til     ( 2026): [til_get_current_input_source, 101] 
07-05 21:12:48.352 I/TVMW@HsTvSetting( 1234): Trace cmd, data = 0x7007
07-05 21:12:48.352 I/tilwrapper@sm( 2026): HS2TIL_SourceType *hs=0xd, *til=0x900
07-05 21:12:48.352 D/til     ( 2026): get current source 2304
07-05 21:12:48.352 D/SourceRemoteServiceHandler( 2026): getCurrentInputSource.from.til.result is 0, value is 2304
07-05 21:12:48.352 D/SourceRemoteServiceHandler( 2026): getInputSourceType source: 0x900, type=2304
07-05 21:12:48.352 D/til     ( 2026): ###### func:til_get_picture_param option:0x3000006 ######  
07-05 21:12:48.353 I/TVMW@HsTvSetting( 1234): Trace cmd, data = 0x1003
07-05 21:12:48.353 I/TVMW@HsTvSetting( 1234): Trace cmd, data = 0x8032
07-05 21:12:48.353 I/hstvos  ( 1216): [0m[1;33m[HSHAL][HS_VIDEO][HS_HAL_Video_SetOsdDetect_v2][2389]u16Threshold = 20
07-05 21:12:48.354 E/TVMW@videoctrl( 1234):  getOsd is 1
07-05 21:12:48.354 D/til@system( 2026): til_get_system_param option:1000027 int:1, bool:1, ret:0
07-05 21:12:48.354 I/NetflixMonitorService( 1733): current fgapk : com.hisense.hicloud.edca
07-05 21:12:48.354 I/NetflixMonitorService( 1733): Netflix status unchanged
07-05 21:12:48.354 D/til     ( 2026): ###### func:til_get_picture_param option:0x3000045 ######  
07-05 21:12:48.354 I/TVMW@HsTvSetting( 1234): Trace cmd, data = 0x300c
07-05 21:12:48.354 I/TVMW@HsTvSetting( 1234): Trace 3d, data = 0x300c
07-05 21:12:48.354 I/TVMW@3d ( 1234): Hs_debug3d_trace: func:get3dStatus, line:109
07-05 21:12:48.370 I/MyFragmentStateAdapter(21890): getCount
07-05 21:12:48.389 E/btif_config( 2964): [btif_config_get] node is TRUE!
07-05 21:12:48.389 E/btif_config( 2964): [btif_config_get] ret is TRUE!
07-05 21:12:48.398 I/MyFragmentStateAdapter(21890): getCount
07-05 21:12:48.431 I/MyFragmentStateAdapter(21890): getCount
07-05 21:12:48.461 I/MyFragmentStateAdapter(21890): getCount
07-05 21:12:48.495 I/MyFragmentStateAdapter(21890): getCount
07-05 21:12:48.517 I/MyFragmentStateAdapter(21890): getCount
07-05 21:12:48.544 I/MyFragmentStateAdapter(21890): getCount
07-05 21:12:48.566 I/MyFragmentStateAdapter(21890): getCount
07-05 21:12:48.569 E/btif_config( 2964): [btif_config_get] node is TRUE!
07-05 21:12:48.569 E/btif_config( 2964): [btif_config_get] ret is TRUE!
07-05 21:12:48.595 I/MyFragmentStateAdapter(21890): getCount
07-05 21:12:48.621 I/MyFragmentStateAdapter(21890): getCount
07-05 21:12:48.654 I/MyFragmentStateAdapter(21890): getCount
07-05 21:12:48.674 I/MyFragmentStateAdapter(21890): getCount
07-05 21:12:48.694 I/MyFragmentStateAdapter(21890): getCount
07-05 21:12:48.715 I/TVMW@devctrl( 1234): wdt
07-05 21:12:48.717 I/MyFragmentStateAdapter(21890): getCount
07-05 21:12:48.754 I/MyFragmentStateAdapter(21890): getCount
07-05 21:12:48.777 I/MyFragmentStateAdapter(21890): getCount
07-05 21:12:48.805 I/MyFragmentStateAdapter(21890): getCount
07-05 21:12:48.835 I/MyFragmentStateAdapter(21890): getCount
07-05 21:12:48.856 I/TVMW@HsTvSetting( 1234): Trace cmd, data = 0x1058
07-05 21:12:48.856 D/til@system( 2026): til_get_system_param option:100002F int:0, bool:0, ret:0
07-05 21:12:48.856 I/TVMW@HsTvSetting( 1234): Trace cmd, data = 0x101f
07-05 21:12:48.858 D/til@system( 2026): til_get_system_param option:100001D int:3, bool:3, ret:0
07-05 21:12:48.858 E/til     ( 2026): [til_get_current_input_source, 101] 
07-05 21:12:48.859 I/TVMW@HsTvSetting( 1234): Trace cmd, data = 0x7007
07-05 21:12:48.859 I/tilwrapper@sm( 2026): HS2TIL_SourceType *hs=0xd, *til=0x900
07-05 21:12:48.859 D/til     ( 2026): get current source 2304
07-05 21:12:48.859 D/SourceRemoteServiceHandler( 2026): getCurrentInputSource.from.til.result is 0, value is 2304
07-05 21:12:48.859 D/SourceRemoteServiceHandler( 2026): getInputSourceType source: 0x900, type=2304
07-05 21:12:48.859 D/til     ( 2026): ###### func:til_get_picture_param option:0x3000006 ######  
07-05 21:12:48.860 I/TVMW@HsTvSetting( 1234): Trace cmd, data = 0x1003
07-05 21:12:48.861 I/MyFragmentStateAdapter(21890): getCount
07-05 21:12:48.863 I/TVMW@HsTvSetting( 1234): Trace cmd, data = 0x8032
07-05 21:12:48.863 I/hstvos  ( 1216): [0m[1;33m[HSHAL][HS_VIDEO][HS_HAL_Video_SetOsdDetect_v2][2389]u16Threshold = 20
07-05 21:12:48.864 E/TVMW@videoctrl( 1234):  getOsd is 1
07-05 21:12:48.878 D/GlobalInputEventMonitoringService( 1733): interceptKeyBeforeQueueing(), event:22, mNeedMonitorKeyEvent:true, mWaitForKeyUpEvent:false
07-05 21:12:48.878 D/GlobalInputEventMonitoringService( 1733): processKeyEvent(), processKeyEvent event:22
07-05 21:12:48.878 D/WindowManager( 1733): interceptKeyTq keycode=22 interactive=true keyguardActive=false policyFlags=2b000000 isCancled= false
07-05 21:12:48.878 D/PowerManagerService( 1733): userActivityNoUpdateLocked: eventTime=9210447, event=1, flags=0x0, uid=1000
07-05 21:12:48.879 D/WindowManager( 1733): interceptKeyTi keyCode=22 down=true repeatCount=0 keyguardOn=false mHomePressed=false canceled=false
07-05 21:12:48.879 D/WindowManager( 1733): Hisense systemkey event: 22
07-05 21:12:48.879 D/HisenseGlobalKeyManager( 1733): handleGlobalKey() : Global event = KeyEvent { action=ACTION_DOWN, keyCode=KEYCODE_DPAD_RIGHT, scanCode=0, metaState=0, flags=0x0, repeatCount=0, eventTime=9210447, downTime=9210447, deviceId=-1, source=0x101 }
07-05 21:12:48.879 D/til@system( 2026): til_get_system_param option:1000027 int:1, bool:1, ret:0
07-05 21:12:48.879 D/til     ( 2026): ###### func:til_get_picture_param option:0x3000045 ######  
07-05 21:12:48.879 I/TVMW@HsTvSetting( 1234): Trace cmd, data = 0x300c
07-05 21:12:48.879 I/TVMW@HsTvSetting( 1234): Trace 3d, data = 0x300c
07-05 21:12:48.879 I/TVMW@3d ( 1234): Hs_debug3d_trace: func:get3dStatus, line:109
07-05 21:12:48.881 D/SogouIME( 2203): [onKeyDown] keycode = 22 model = VIDAA_TV
07-05 21:12:48.882 D/Carousel-CarouselDisplayPlayerLayout(21890): HasFocus:false,keyCode:22
07-05 21:12:48.882 D/Carousel-CarouselDisplayPlayerLayout(21890): isFullScreen:false
07-05 21:12:48.882 I/HomeMainActivity(21890): carousel handle key:false
07-05 21:12:48.882 I/MainHomeView(21890): dispatchKeyEvent ACTION_DOWN now 
07-05 21:12:48.882 I/TabView (21890): onKeyListener() ACTION_DOWN keyCode -- 22
07-05 21:12:48.882 I/SoftFragmentList(21890): fetchCacheFragment  enter ---- index = 2
07-05 21:12:48.883 D/SoftFragmentList(21890): fetchCacheFragment  mFragmentCache.size() = 3
07-05 21:12:48.883 D/SoftFragmentList(21890): fetchCacheFragment mLastIndex = 2, view = 
07-05 21:12:48.883 I/BaseContentFragment(21890): initChildFocustrue,recyclerview=com.hisense.leanback.widget.VerticalGridView{1822ea7b VFED.... ........ 0,0-1768,1080 #7f0d02c8 app:id/recyclerview_content}====---mIsVisibleToUser:true-------
07-05 21:12:48.884 D/til@system( 2026): til_get_system_param option:1000007 int:-1936522112, bool:128, ret:0
07-05 21:12:48.885 D/til@system( 2026): til_get_system_param option:1000009 int:-1815632896, bool:0, ret:0
07-05 21:12:48.886 D/til@system( 2026): til_get_system_param option:1000008 int:-1936523008, bool:0, ret:0
07-05 21:12:48.887 D/HiSDKLogReport(21890): getOperationDetail-productName : LED50MU8600UC
07-05 21:12:48.887 D/HiSDKLogReport(21890): getOperationDetail-plmNumber : 88888
07-05 21:12:48.887 D/HiSDKLogReport(21890): getOperationDetail-swVersion : V0000.00.01A
07-05 21:12:48.887 D/HiSDKLogReport(21890): getOperationDetail-operationDetail : LED50MU8600UC0000888
07-05 21:12:48.887 D/HiSDKLogReport(21890): businessLogReport-log : {eventType=232, APPVersionName=3.0.0.9.00, devid=86100300900000500000060a4818fca8, rowid=-1, uuid=13287129, APIversion=501, eventcode=232000, logversion=2.0, columnid=-1, devType=0, eventPos=000, groupid=-1, ChannelId=0, version=00.002.003, subscriberId=13287129, PFAPPCode=652, tabid=0, softwareVersion=LED50MU8600UC0000888, srceventcode=201000, mac=a8:a6:48:18:fc:a8, accessToken=72DF6038D2AEAB8A76DFBBBBCC428A4A_001011444167754, srctabid=0, APPPackage=com.hisense.hicloud.edca, sessionid=78fa9422c3624795a61c78fa3f50d3a3, requesttime=1499260368887, customerId=7195320, model_id=0, requestid=a6e0d6ff810d489f9ebc0ae52fadb716, tv_distribute_id=00, APIVersion=600, issysrepo=0}
07-05 21:12:48.888 D/BaseContentFragment(21890): initChildFocus firstlineview===>:com.hisense.tvui.newhome.view.SpecialFirstView{23a8f994 V.E..... ........ 10,185-1748,691}
07-05 21:12:48.888 D/setHistoryRequestFocus(21890): ===>false
07-05 21:12:48.888 I/FirstlineLayoutManager(21890): left=0,width=1738,scroll Distance=-1488
07-05 21:12:48.888 I/BaseContentFragment(21890): setRowViewSelectedViewHolder{3a835915 position=0 id=-1, oldPos=-1, pLpos:-1},isSelectedfalse
07-05 21:12:48.888 I/BaseContentFragment(21890): setRowViewSelectedViewHolder{fa156e8 position=1 id=-1, oldPos=-1, pLpos:-1},isSelectedtrue
07-05 21:12:48.888 I/RoleContentFragment(21890): onChildSelected:1,lastPos=0
07-05 21:12:48.891 I/TabView (21890): onfocuschange:false
07-05 21:12:48.891 D/TabView (21890): icon---:2
07-05 21:12:48.891 E/TabView (21890): 
07-05 21:12:48.900 W/System.err(21890): java.net.ConnectException: failed to connect to /10.18.210.112 (port 8900) after 6000ms: isConnected failed: ECONNREFUSED (Connection refused)
07-05 21:12:48.901 W/System.err(21890): 	at libcore.io.IoBridge.isConnected(IoBridge.java:238)
07-05 21:12:48.901 W/System.err(21890): 	at libcore.io.IoBridge.connectErrno(IoBridge.java:171)
07-05 21:12:48.901 W/System.err(21890): 	at libcore.io.IoBridge.connect(IoBridge.java:122)
07-05 21:12:48.901 W/System.err(21890): 	at java.net.PlainSocketImpl.connect(PlainSocketImpl.java:183)
07-05 21:12:48.901 W/System.err(21890): 	at java.net.PlainSocketImpl.connect(PlainSocketImpl.java:456)
07-05 21:12:48.901 W/System.err(21890): 	at java.net.Socket.connect(Socket.java:882)
07-05 21:12:48.901 W/System.err(21890): 	at com.android.okhttp.internal.Platform.connectSocket(Platform.java:174)
07-05 21:12:48.902 W/System.err(21890): 	at com.android.okhttp.Connection.connect(Connection.java:152)
07-05 21:12:48.902 W/System.err(21890): 	at com.android.okhttp.internal.http.HttpEngine.connect(HttpEngine.java:276)
07-05 21:12:48.902 W/System.err(21890): 	at com.android.okhttp.internal.http.HttpEngine.sendRequest(HttpEngine.java:211)
07-05 21:12:48.902 W/System.err(21890): 	at com.android.okhttp.internal.http.HttpURLConnectionImpl.execute(HttpURLConnectionImpl.java:382)
07-05 21:12:48.902 W/System.err(21890): 	at com.android.okhttp.internal.http.HttpURLConnectionImpl.connect(HttpURLConnectionImpl.java:106)
07-05 21:12:48.902 W/System.err(21890): 	at com.hisense.hitv.hicloud.util.ExceptionReport.a(ExceptionReport.java:337)
07-05 21:12:48.902 W/System.err(21890): 	at com.hisense.hitv.hicloud.util.ExceptionReport.a(ExceptionReport.java:39)
07-05 21:12:48.902 W/System.err(21890): 	at com.hisense.hitv.hicloud.util.ExceptionReport$1.run(ExceptionReport.java:83)
07-05 21:12:48.902 W/System.err(21890): 	at java.lang.Thread.run(Thread.java:818)
07-05 21:12:48.902 W/System.err(21890): Caused by: android.system.ErrnoException: isConnected failed: ECONNREFUSED (Connection refused)
07-05 21:12:48.903 W/System.err(21890): 	at libcore.io.IoBridge.isConnected(IoBridge.java:223)
07-05 21:12:48.903 W/System.err(21890): 	... 15 more
07-05 21:12:48.911 D/CommonHeader(21890): onTabStatusChanged tabstatus===>:40000
07-05 21:12:48.920 D/GlobalInputEventMonitoringService( 1733): interceptKeyBeforeQueueing(), event:22, mNeedMonitorKeyEvent:true, mWaitForKeyUpEvent:false
07-05 21:12:48.921 D/GlobalInputEventMonitoringService( 1733): processKeyEvent(), processKeyEvent event:22
07-05 21:12:48.921 D/WindowManager( 1733): interceptKeyTq keycode=22 interactive=true keyguardActive=false policyFlags=2b000000 isCancled= false
07-05 21:12:48.921 D/WindowManager( 1733): interceptKeyTi keyCode=22 down=false repeatCount=0 keyguardOn=false mHomePressed=false canceled=false
07-05 21:12:48.921 D/WindowManager( 1733): Hisense systemkey event: 22
07-05 21:12:48.921 D/HisenseGlobalKeyManager( 1733): handleGlobalKey() : Global event = KeyEvent { action=ACTION_UP, keyCode=KEYCODE_DPAD_RIGHT, scanCode=0, metaState=0, flags=0x0, repeatCount=0, eventTime=9210447, downTime=9210447, deviceId=-1, source=0x101 }
07-05 21:12:48.927 I/MyFragmentStateAdapter(21890): getCount
07-05 21:12:48.945 D/HttpHandler(21890): VerifySignInterCeptor-->request.url()=http://picture.edu.hismarttv.com/images/20170628121925625089.png
07-05 21:12:48.945 D/HttpHandler(21890): VerifySignInterCeptor-->hostname=picture.edu.hismarttv.com
07-05 21:12:48.947 D/TabView (21890): 
07-05 21:12:48.949 D/TabView (21890): 
07-05 21:12:48.951 D/TabView (21890): 
07-05 21:12:48.953 D/TabView (21890): 
07-05 21:12:48.954 D/TabView (21890): 
07-05 21:12:48.955 D/TabView (21890): 
07-05 21:12:48.957 D/TabView (21890): 
07-05 21:12:48.960 D/TabView (21890): 
07-05 21:12:48.962 D/OkHttp  (21890): --> GET http://picture.edu.hismarttv.com/images/20170628121925625089.png http/1.1
07-05 21:12:48.962 D/OkHttp  (21890): Host: picture.edu.hismarttv.com
07-05 21:12:48.962 D/OkHttp  (21890): Connection: Keep-Alive
07-05 21:12:48.962 D/OkHttp  (21890): Accept-Encoding: gzip
07-05 21:12:48.962 D/OkHttp  (21890): User-Agent: okhttp/3.6.0
07-05 21:12:48.962 D/OkHttp  (21890): --> END GET
07-05 21:12:48.965 D/TabView (21890): 
07-05 21:12:48.967 D/TabView (21890): 
07-05 21:12:48.968 D/TabView (21890): 
07-05 21:12:48.969 D/TabView (21890): 
07-05 21:12:48.970 D/TabView (21890): 
07-05 21:12:48.970 I/MiSysSrv( 1214): [37m[INFO] Change to Voltage: 117 mv (0x32)[m
07-05 21:12:48.971 D/TabView (21890): 
07-05 21:12:48.972 D/TabView (21890): 
07-05 21:12:48.973 D/TabView (21890): 
07-05 21:12:48.974 I/MyFragmentStateAdapter(21890): getCount
07-05 21:12:48.974 I/MyFragmentStateAdapter(21890): getCount
07-05 21:12:48.975 D/TabView (21890): 
07-05 21:12:48.976 D/TabView (21890): 
07-05 21:12:48.977 D/TabView (21890): 
07-05 21:12:48.977 D/TabView (21890): 
07-05 21:12:48.981 D/TabView (21890): 
07-05 21:12:48.982 D/TabView (21890): 
07-05 21:12:48.983 D/TabView (21890): 
07-05 21:12:48.984 D/TabView (21890): 
07-05 21:12:48.985 D/TabView (21890): 
07-05 21:12:48.985 D/TabView (21890): 
07-05 21:12:48.986 D/HttpHandler(21890): VerifySignInterCeptor-->request.url()=http://picture.edu.hismarttv.com/images/20170628111917742483.png
07-05 21:12:48.986 D/HttpHandler(21890): VerifySignInterCeptor-->hostname=picture.edu.hismarttv.com
07-05 21:12:48.986 D/TabView (21890): 
07-05 21:12:48.987 D/TabView (21890): 
07-05 21:12:48.987 D/OkHttp  (21890): --> GET http://picture.edu.hismarttv.com/images/20170628111917742483.png http/1.1
07-05 21:12:48.987 D/OkHttp  (21890): Host: picture.edu.hismarttv.com
07-05 21:12:48.987 D/OkHttp  (21890): Connection: Keep-Alive
07-05 21:12:48.987 D/OkHttp  (21890): Accept-Encoding: gzip
07-05 21:12:48.987 D/OkHttp  (21890): User-Agent: okhttp/3.6.0
07-05 21:12:48.987 D/OkHttp  (21890): --> END GET
07-05 21:12:48.987 D/OkHttp  (21890): <-- HTTP FAILED: java.io.InterruptedIOException: thread interrupted
07-05 21:12:48.987 D/TabView (21890): 
07-05 21:12:48.988 D/HttpHandler(21890): RetryIntercepter-->retryNum=0
07-05 21:12:48.988 D/HttpHandler(21890): RetryIntercepter-->backoffmutiplier=0
07-05 21:12:48.989 D/MSTAR_VDEC_DBG( 1206): Stream ID: 0, Rate : 23 (E:0,D:0,S:0,F:69) 
07-05 21:12:48.991 D/TabView (21890): 
07-05 21:12:48.993 D/TabView (21890): 
07-05 21:12:48.995 D/TabView (21890): 
07-05 21:12:48.996 I/MyFragmentStateAdapter(21890): getCount
07-05 21:12:48.996 I/MyFragmentStateAdapter(21890): getCount
07-05 21:12:49.013 I/TabView (21890): onScroll:,firstItem=0,visibleCount=6,totalCount=10
07-05 21:12:49.014 D/OkHttp  (21890): <-- 200 OK http://picture.edu.hismarttv.com/images/20170628121925625089.png (51ms)
07-05 21:12:49.014 D/OkHttp  (21890): Date: Tue, 04 Jul 2017 02:30:14 GMT
07-05 21:12:49.014 D/OkHttp  (21890): Server: nginx
07-05 21:12:49.014 D/OkHttp  (21890): Content-Type: image/png
07-05 21:12:49.014 D/OkHttp  (21890): Content-Length: 3689
07-05 21:12:49.014 D/OkHttp  (21890): Last-Modified: Wed, 28 Jun 2017 12:19:25 GMT
07-05 21:12:49.014 D/OkHttp  (21890): ETag: "59539ecd-e69"
07-05 21:12:49.014 D/OkHttp  (21890): Accept-Ranges: bytes
07-05 21:12:49.014 D/OkHttp  (21890): Age: 124954
07-05 21:12:49.014 D/OkHttp  (21890): Via: 1.1 jnwt241:0 (Cdn Cache Server V2.0)[13 200 0], 1.1 anwangtong101:2 (Cdn Cache Server V2.0)[0 200 0]
07-05 21:12:49.014 D/OkHttp  (21890): Connection: keep-alive
07-05 21:12:49.014 D/OkHttp  (21890): <-- END HTTP
07-05 21:12:49.017 D/HttpHandler(21890): RetryIntercepter-->retryNum=0
07-05 21:12:49.017 D/HttpHandler(21890): RetryIntercepter-->backoffmutiplier=0
07-05 21:12:49.019 D/Carousel-CarouselView(21890): ============>onScrollChanged hashCode:659311542
07-05 21:12:49.019 D/Carousel-CarouselDisplayPlayerLayout(21890): isFullScreen:false
07-05 21:12:49.021 I/MainHomeView(21890): onPanelSlide0.33587787---left196
07-05 21:12:49.022 I/CurrentCarouselView(21890): onCarouseControlCarouselControlBean{mShoudScroll=true, mActivityHasResume=false, mActivityHasStop=false, mHasTurnGone=false, mHasTurnVisible=false, mChannelId=-1, mSlideOffset=0.33587787, mShouldSelectCenter=false, mTabOpen=false, mHoriPosStatus=None, mVerPosStatus=None, mLevelStatus=None},isPlayingtrue,channelId=0
07-05 21:12:49.022 I/CurrentCarouselView(21890): is not the current page
07-05 21:12:49.022 I/CurrentCarouselView(21890): do scroll
07-05 21:12:49.022 D/Carousel-CarouselView(21890): smoothScroll.
07-05 21:12:49.022 D/Carousel-CarouselDisplayPlayerLayout(21890): isFullScreen:false
07-05 21:12:49.022 D/TabView (21890): onReceiveSlidingOffset ===>:0.33587787
07-05 21:12:49.024 I/MyFragmentStateAdapter(21890): getCount
07-05 21:12:49.033 D/Carousel-CarouselDisplayPlayerLayout(21890): HasFocus:false,keyCode:22
07-05 21:12:49.033 D/Carousel-CarouselDisplayPlayerLayout(21890): isFullScreen:false
07-05 21:12:49.033 I/HomeMainActivity(21890): carousel handle key:false
07-05 21:12:49.054 I/MainHomeView(21890): onPanelSlide0.21374045---left180
07-05 21:12:49.055 I/CurrentCarouselView(21890): onCarouseControlCarouselControlBean{mShoudScroll=true, mActivityHasResume=false, mActivityHasStop=false, mHasTurnGone=false, mHasTurnVisible=false, mChannelId=-1, mSlideOffset=0.21374045, mShouldSelectCenter=false, mTabOpen=false, mHoriPosStatus=None, mVerPosStatus=None, mLevelStatus=None},isPlayingtrue,channelId=0
07-05 21:12:49.055 I/CurrentCarouselView(21890): is not the current page
07-05 21:12:49.055 I/CurrentCarouselView(21890): do scroll
07-05 21:12:49.055 D/Carousel-CarouselView(21890): smoothScroll.
07-05 21:12:49.055 D/Carousel-CarouselDisplayPlayerLayout(21890): isFullScreen:false
07-05 21:12:49.055 D/TabView (21890): onReceiveSlidingOffset ===>:0.21374045
07-05 21:12:49.060 D/Carousel-CarouselDisplayPlayerLayout(21890): x=408, y=167,w=892,h=536, hashCode=884691861
07-05 21:12:49.060 D/Carousel-CarouselDisplayPlayerLayout(21890): mX=511, mY=167,mWitdh=892,mHeight=536, hashCode=884691861
07-05 21:12:49.060 D/Carousel-CarouselDisplayPlayerLayout(21890): changed=true, hashCode=884691861
07-05 21:12:49.060 D/Carousel-Utils(21890): x=408,y=167, width=892,height=536
07-05 21:12:49.060 D/Carousel-CarouselDisplayPlayerLayout(21890): isFullScreen:false
07-05 21:12:49.060 D/Carousel-CarouselView(21890): ===========>onScrollStart
07-05 21:12:49.061 D/Carousel-Utils(21890): displayImage view=android.widget.ImageView{2f6d578d I.ED.... ......ID 0,0-816,460 #7f0d0029 app:id/imageView1}
07-05 21:12:49.061 D/Carousel-Utils(21890): displayImage url=http://picture.edu.hismarttv.com/images/20170629010146422927.jpg
07-05 21:12:49.062 D/Carousel-Utils(21890): onResourceReady.
07-05 21:12:49.064 D/Carousel-Utils(21890): displayImage view=android.widget.ImageView{1e8e649e I.ED.... ........ 0,0-816,460 #7f0d0029 app:id/imageView1}
07-05 21:12:49.064 D/Carousel-Utils(21890): displayImage url=http://picture.edu.hismarttv.com/images/20170629010146422927.jpg
07-05 21:12:49.065 D/Carousel-Utils(21890): onResourceReady.
07-05 21:12:49.065 D/Carousel-CarouselDisplayPlayerLayout(21890): x=408, y=167,w=892,h=536, hashCode=884691861
07-05 21:12:49.067 D/Carousel-CarouselDisplayPlayerLayout(21890): mX=408, mY=167,mWitdh=892,mHeight=536, hashCode=884691861
07-05 21:12:49.067 D/Carousel-CarouselDisplayPlayerLayout(21890): changed=false, hashCode=884691861
07-05 21:12:49.067 D/Carousel-CarouselDisplayPlayerLayout(21890): extraTryCount=0
07-05 21:12:49.075 V/InputMethodService( 2203): startInput(): editor=android.view.inputmethod.EditorInfo@1ccafcc0
07-05 21:12:49.075 I/MyFragmentStateAdapter(21890): getCount
07-05 21:12:49.075 V/InputMethodService( 2203): CALL: onFinishInput
07-05 21:12:49.075 I/MyFragmentStateAdapter(21890): getCount
07-05 21:12:49.078 I/MyFragmentStateAdapter(21890): getCount
07-05 21:12:49.078 I/MyFragmentStateAdapter(21890): getCount
07-05 21:12:49.078 I/Carousel-UrlVideoView(21890): onMeasure(MeasureSpec: EXACTLY 816, MeasureSpec: EXACTLY 460)
07-05 21:12:49.078 D/Carousel-UrlVideoView(21890): widthSpecMode=1073741824
07-05 21:12:49.078 D/Carousel-UrlVideoView(21890): heightSpecMode=1073741824
07-05 21:12:49.078 D/Carousel-UrlVideoView(21890): widthSpecSize=816
07-05 21:12:49.078 D/Carousel-UrlVideoView(21890): heightSpecSize=460
07-05 21:12:49.078 I/Carousel-UrlVideoView(21890): onMeasure(MeasureSpec: EXACTLY 816, MeasureSpec: EXACTLY 460)
07-05 21:12:49.078 D/Carousel-UrlVideoView(21890): widthSpecMode=1073741824
07-05 21:12:49.078 D/Carousel-UrlVideoView(21890): heightSpecMode=1073741824
07-05 21:12:49.078 D/Carousel-UrlVideoView(21890): widthSpecSize=816
07-05 21:12:49.078 D/Carousel-UrlVideoView(21890): heightSpecSize=460
07-05 21:12:49.080 D/Surface ( 1733): onStatusChange() : mNativeObject = 547942767616 mUseImageHwRender = false
07-05 21:12:49.080 V/Surface ( 1733): nativeSetHardwareRender() : status = 0
07-05 21:12:49.080 V/Surface ( 1733): nativeSetHardwareRender() : end
07-05 21:12:49.082 D/PowerManagerService( 1733): releaseWakeLockInternal: lock=487931605 [WindowManager], flags=0x0
07-05 21:12:49.082 D/PowerManagerNotifier( 1733): onWakeLockReleased: flags=536870922, tag="WindowManager", packageName=android, ownerUid=1000, ownerPid=1733, workSource=WorkSource{10010}
07-05 21:12:49.082 D/PowerManagerService( 1733): userActivityNoUpdateLocked: eventTime=9210653, event=0, flags=0x1, uid=1000
07-05 21:12:49.082 D/PowerManagerService( 1733): setScreenBrightnessOverrideFromWindowManagerInternal done
07-05 21:12:49.084 D/Surface ( 1733): onStatusChange() : mNativeObject = 0 mUseImageHwRender = false
07-05 21:12:49.085 E/SOGOUIME_JNI( 2203): reset
07-05 21:12:49.085 E/SOGOUIME_JNI( 2203): getCandidates
07-05 21:12:49.085 E/SOGOUIME_JNI( 2203): ime_get_uncommitted_length
07-05 21:12:49.085 E/SOGOUIME_JNI( 2203): getCandidates
07-05 21:12:49.085 I/FirstLineAdapter(21890): canShowTrailer,isOffline=false
07-05 21:12:49.085 D/SogouIME API( 2203): ==============num:32
07-05 21:12:49.085 I/FirstLineAdapter(21890): canShowTrailer,isOffline=false
07-05 21:12:49.085 E/SOGOUIME_JNI( 2203): ime_get_uncommitted_length
07-05 21:12:49.085 D/SogouIME( 2203): mFocusedComponent:30   isHkbEnable:false
07-05 21:12:49.085 I/FirstLineAdapter(21890): canShowTrailer,isOffline=false
07-05 21:12:49.085 E/SOGOUIME_JNI( 2203): ime_get_uncommitted_length
07-05 21:12:49.085 E/SOGOUIME_JNI( 2203): ime_get_committed_length
07-05 21:12:49.085 I/FirstLineAdapter(21890): canShowTrailer,isOffline=false
07-05 21:12:49.085 E/SOGOUIME_JNI( 2203): getComposingInfo
07-05 21:12:49.085 I/FirstLineAdapter(21890): canShowTrailer,isOffline=false
07-05 21:12:49.085 E/SOGOUIME_JNI( 2203): getComposingInfo
07-05 21:12:49.085 E/SOGOUIME_JNI( 2203): getCorrectInfo
07-05 21:12:49.085 E/SOGOUIME_JNI( 2203): getComposingInfo
07-05 21:12:49.086 I/FirstLineAdapter(21890): canShowTrailer,isOffline=false
07-05 21:12:49.086 I/FirstLineAdapter(21890): canShowTrailer,isOffline=false
07-05 21:12:49.086 V/InputMethodService( 2203): CALL: onStartInput
07-05 21:12:49.086 E/SOGOUIME_JNI( 2203): invalidateCommitWordPinyinNative
07-05 21:12:49.086 D/SogouIME( 2203): =====configKeyboard=======:false     false
07-05 21:12:49.086 E/SOGOUIME_JNI( 2203): ime_set_hard_kb_enable
07-05 21:12:49.086 I/FirstLineAdapter(21890): canShowTrailer,isOffline=false
07-05 21:12:49.086 I/FirstLineAdapter(21890): canShowTrailer,isOffline=false
07-05 21:12:49.089 I/SurfaceView(21890): Changes: creating=false format=false size=false visible=false left=true top=false
07-05 21:12:49.089 I/SurfaceView(21890): Cur surface: Surface(name=null)/@0x34ab9368
07-05 21:12:49.091 D/Surface ( 1733): onStatusChange() : mNativeObject = 547942774784 mUseImageHwRender = false
07-05 21:12:49.091 V/Surface ( 1733): nativeSetHardwareRender() : status = 0
07-05 21:12:49.091 V/Surface ( 1733): nativeSetHardwareRender() : end
07-05 21:12:49.093 D/PowerManagerService( 1733): setScreenBrightnessOverrideFromWindowManagerInternal done
07-05 21:12:49.102 D/Surface ( 1733): onStatusChange() : mNativeObject = 0 mUseImageHwRender = false
07-05 21:12:49.103 D/Surface (21890): onStatusChange() : mNativeObject = -543422208 mUseImageHwRender = false
07-05 21:12:49.103 V/Surface (21890): nativeSetHardwareRender() : status = 0
07-05 21:12:49.103 V/Surface (21890): nativeSetHardwareRender() : end
07-05 21:12:49.103 I/SurfaceView(21890): New surface: Surface(name=null)/@0x1e67a381, vis=true, frame=Rect(446, 205 - 1262, 665)
07-05 21:12:49.103 D/Surface (21890): onStatusChange() : mNativeObject = 0 mUseImageHwRender = false
07-05 21:12:49.103 D/Surface (21890): onStatusChange() : mNativeObject = -543422208 mUseImageHwRender = false
07-05 21:12:49.103 V/Surface (21890): nativeSetHardwareRender() : status = 0
07-05 21:12:49.103 V/Surface (21890): nativeSetHardwareRender() : end
07-05 21:12:49.104 V/SurfaceView(21890): Layout: x=446 y=205 w=816 h=460, frame=Rect(0, 0 - 816, 460)
07-05 21:12:49.109 E/hwcomposer( 1204): Overlay 0 size changeed src {1920 1080} -> {1920, 1080} crop{0.000000 0.000000 1920.000000 1080.000000}->{0.000000 0.000000 1920.000000 1080.000000} dst{549 205 1365 665}->{446 205 1262 665}
07-05 21:12:49.113 I/MainHomeView(21890): onPanelSlide0.091603056---left164
07-05 21:12:49.113 I/CurrentCarouselView(21890): onCarouseControlCarouselControlBean{mShoudScroll=true, mActivityHasResume=false, mActivityHasStop=false, mHasTurnGone=false, mHasTurnVisible=false, mChannelId=-1, mSlideOffset=0.091603056, mShouldSelectCenter=false, mTabOpen=false, mHoriPosStatus=None, mVerPosStatus=None, mLevelStatus=None},isPlayingtrue,channelId=0
07-05 21:12:49.113 I/CurrentCarouselView(21890): is not the current page
07-05 21:12:49.113 I/CurrentCarouselView(21890): do scroll
07-05 21:12:49.113 D/Carousel-CarouselView(21890): smoothScroll.
07-05 21:12:49.113 D/Carousel-CarouselDisplayPlayerLayout(21890): isFullScreen:false
07-05 21:12:49.113 D/TabView (21890): onReceiveSlidingOffset ===>:0.091603056
07-05 21:12:49.115 I/MyFragmentStateAdapter(21890): getCount
07-05 21:12:49.126 D/Carousel-CarouselDisplayPlayerLayout(21890): x=392, y=167,w=892,h=536, hashCode=884691861
07-05 21:12:49.126 D/Carousel-CarouselDisplayPlayerLayout(21890): mX=408, mY=167,mWitdh=892,mHeight=536, hashCode=884691861
07-05 21:12:49.126 D/Carousel-CarouselDisplayPlayerLayout(21890): changed=true, hashCode=884691861
07-05 21:12:49.126 D/Carousel-Utils(21890): x=392,y=167, width=892,height=536
07-05 21:12:49.126 D/Carousel-CarouselDisplayPlayerLayout(21890): x=392, y=167,w=892,h=536, hashCode=884691861
07-05 21:12:49.126 D/Carousel-CarouselDisplayPlayerLayout(21890): mX=392, mY=167,mWitdh=892,mHeight=536, hashCode=884691861
07-05 21:12:49.126 D/Carousel-CarouselDisplayPlayerLayout(21890): changed=false, hashCode=884691861
07-05 21:12:49.126 D/Carousel-CarouselDisplayPlayerLayout(21890): extraTryCount=0
07-05 21:12:49.128 I/Carousel-UrlVideoView(21890): onMeasure(MeasureSpec: EXACTLY 816, MeasureSpec: EXACTLY 460)
07-05 21:12:49.128 D/Carousel-UrlVideoView(21890): widthSpecMode=1073741824
07-05 21:12:49.128 D/Carousel-UrlVideoView(21890): heightSpecMode=1073741824
07-05 21:12:49.128 D/Carousel-UrlVideoView(21890): widthSpecSize=816
07-05 21:12:49.128 D/Carousel-UrlVideoView(21890): heightSpecSize=460
07-05 21:12:49.128 I/Carousel-UrlVideoView(21890): onMeasure(MeasureSpec: EXACTLY 816, MeasureSpec: EXACTLY 460)
07-05 21:12:49.128 D/Carousel-UrlVideoView(21890): widthSpecMode=1073741824
07-05 21:12:49.128 D/Carousel-UrlVideoView(21890): heightSpecMode=1073741824
07-05 21:12:49.128 D/Carousel-UrlVideoView(21890): widthSpecSize=816
07-05 21:12:49.128 D/Carousel-UrlVideoView(21890): heightSpecSize=460
07-05 21:12:49.129 I/SurfaceView(21890): Changes: creating=false format=false size=false visible=false left=true top=false
07-05 21:12:49.129 I/SurfaceView(21890): Cur surface: Surface(name=null)/@0x34ab9368
07-05 21:12:49.130 D/Surface ( 1733): onStatusChange() : mNativeObject = 547942774784 mUseImageHwRender = false
07-05 21:12:49.130 V/Surface ( 1733): nativeSetHardwareRender() : status = 0
07-05 21:12:49.130 V/Surface ( 1733): nativeSetHardwareRender() : end
07-05 21:12:49.132 D/PowerManagerService( 1733): setScreenBrightnessOverrideFromWindowManagerInternal done
07-05 21:12:49.135 D/Surface ( 1733): onStatusChange() : mNativeObject = 0 mUseImageHwRender = false
07-05 21:12:49.135 D/Surface (21890): onStatusChange() : mNativeObject = -195825408 mUseImageHwRender = false
07-05 21:12:49.135 V/Surface (21890): nativeSetHardwareRender() : status = 0
07-05 21:12:49.135 V/Surface (21890): nativeSetHardwareRender() : end
07-05 21:12:49.136 I/SurfaceView(21890): New surface: Surface(name=null)/@0x1e67a381, vis=true, frame=Rect(430, 205 - 1246, 665)
07-05 21:12:49.136 D/Surface (21890): onStatusChange() : mNativeObject = 0 mUseImageHwRender = false
07-05 21:12:49.136 D/Surface (21890): onStatusChange() : mNativeObject = -195825408 mUseImageHwRender = false
07-05 21:12:49.136 V/Surface (21890): nativeSetHardwareRender() : status = 0
07-05 21:12:49.136 V/Surface (21890): nativeSetHardwareRender() : end
07-05 21:12:49.137 V/SurfaceView(21890): Layout: x=430 y=205 w=816 h=460, frame=Rect(0, 0 - 816, 460)
07-05 21:12:49.140 I/MainHomeView(21890): onPanelSlide0.061068702---left160
07-05 21:12:49.140 I/CurrentCarouselView(21890): onCarouseControlCarouselControlBean{mShoudScroll=true, mActivityHasResume=false, mActivityHasStop=false, mHasTurnGone=false, mHasTurnVisible=false, mChannelId=-1, mSlideOffset=0.061068702, mShouldSelectCenter=false, mTabOpen=false, mHoriPosStatus=None, mVerPosStatus=None, mLevelStatus=None},isPlayingtrue,channelId=0
07-05 21:12:49.140 I/CurrentCarouselView(21890): is not the current page
07-05 21:12:49.140 I/CurrentCarouselView(21890): do scroll
07-05 21:12:49.140 D/Carousel-CarouselView(21890): smoothScroll.
07-05 21:12:49.140 D/Carousel-CarouselDisplayPlayerLayout(21890): isFullScreen:false
07-05 21:12:49.140 D/TabView (21890): onReceiveSlidingOffset ===>:0.061068702
07-05 21:12:49.146 D/Carousel-CarouselDisplayPlayerLayout(21890): x=388, y=167,w=892,h=536, hashCode=884691861
07-05 21:12:49.146 D/Carousel-CarouselDisplayPlayerLayout(21890): mX=392, mY=167,mWitdh=892,mHeight=536, hashCode=884691861
07-05 21:12:49.146 D/Carousel-CarouselDisplayPlayerLayout(21890): changed=true, hashCode=884691861
07-05 21:12:49.146 D/Carousel-Utils(21890): x=388,y=167, width=892,height=536
07-05 21:12:49.159 D/Carousel-CarouselDisplayPlayerLayout(21890): x=388, y=167,w=892,h=536, hashCode=884691861
07-05 21:12:49.159 D/Carousel-CarouselDisplayPlayerLayout(21890): mX=388, mY=167,mWitdh=892,mHeight=536, hashCode=884691861
07-05 21:12:49.159 D/Carousel-CarouselDisplayPlayerLayout(21890): changed=false, hashCode=884691861
07-05 21:12:49.159 D/Carousel-CarouselDisplayPlayerLayout(21890): extraTryCount=0
07-05 21:12:49.160 D/Carousel-CarouselDisplayPlayerLayout(21890): x=388, y=167,w=892,h=536, hashCode=884691861
07-05 21:12:49.160 D/Carousel-CarouselDisplayPlayerLayout(21890): mX=388, mY=167,mWitdh=892,mHeight=536, hashCode=884691861
07-05 21:12:49.160 D/Carousel-CarouselDisplayPlayerLayout(21890): changed=false, hashCode=884691861
07-05 21:12:49.160 D/Carousel-CarouselDisplayPlayerLayout(21890): extraTryCount=1
07-05 21:12:49.160 E/hwcomposer( 1204): Overlay 0 size changeed src {1920 1080} -> {1920, 1080} crop{0.000000 0.000000 1920.000000 1080.000000}->{0.000000 0.000000 1920.000000 1080.000000} dst{446 205 1262 665}->{430 205 1246 665}
07-05 21:12:49.160 D/Carousel-CarouselDisplayPlayerLayout(21890): x=388, y=167,w=892,h=536, hashCode=884691861
07-05 21:12:49.160 D/Carousel-CarouselDisplayPlayerLayout(21890): mX=388, mY=167,mWitdh=892,mHeight=536, hashCode=884691861
07-05 21:12:49.160 D/Carousel-CarouselDisplayPlayerLayout(21890): changed=false, hashCode=884691861
07-05 21:12:49.160 D/Carousel-CarouselDisplayPlayerLayout(21890): extraTryCount=2
07-05 21:12:49.161 I/Carousel-UrlVideoView(21890): onMeasure(MeasureSpec: EXACTLY 816, MeasureSpec: EXACTLY 460)
07-05 21:12:49.161 D/Carousel-UrlVideoView(21890): widthSpecMode=1073741824
07-05 21:12:49.161 D/Carousel-UrlVideoView(21890): heightSpecMode=1073741824
07-05 21:12:49.161 D/Carousel-UrlVideoView(21890): widthSpecSize=816
07-05 21:12:49.161 D/Carousel-UrlVideoView(21890): heightSpecSize=460
07-05 21:12:49.161 I/Carousel-UrlVideoView(21890): onMeasure(MeasureSpec: EXACTLY 816, MeasureSpec: EXACTLY 460)
07-05 21:12:49.161 D/Carousel-UrlVideoView(21890): widthSpecMode=1073741824
07-05 21:12:49.161 D/Carousel-UrlVideoView(21890): heightSpecMode=1073741824
07-05 21:12:49.161 D/Carousel-UrlVideoView(21890): widthSpecSize=816
07-05 21:12:49.161 D/Carousel-UrlVideoView(21890): heightSpecSize=460
07-05 21:12:49.162 I/SurfaceView(21890): Changes: creating=false format=false size=false visible=false left=true top=false
