07-05 23:32:14.625 D/til@system( 2026): til_get_system_param option:1000027 int:1, bool:1, ret:0
07-05 23:32:14.625 D/til     ( 2026): ###### func:til_get_picture_param option:0x3000045 ######  
07-05 23:32:14.626 I/TVMW@HsTvSetting( 1234): Trace cmd, data = 0x300c
07-05 23:32:14.626 I/TVMW@HsTvSetting( 1234): Trace 3d, data = 0x300c
07-05 23:32:14.626 I/TVMW@3d ( 1234): Hs_debug3d_trace: func:get3dStatus, line:109
07-05 23:32:14.629 I/TVMW@devctrl( 1234): wdt
07-05 23:32:14.640 D/hwcomposer( 1204): Overlay [0] do size change!
07-05 23:32:14.640 D/vsyncbridge( 1204): [0] handle_thread thread got msg 0x2, mState = 3
07-05 23:32:14.640 D/vsyncbridge( 1204): Overlay 0 Resize, mState = 0x3, 0, disp[418 205 816 460] osd[1920 1080]
07-05 23:32:14.640 D/vsyncbridge( 1204): [update_ds_table,  594] DispW:1632 DispH:920 
07-05 23:32:14.640 D/vsyncbridge( 1204): [update_ds_table,  598] Cap.x:1105 Cap.y:30 CapW:1920 CapH:1080 
07-05 23:32:14.640 D/vsyncbridge( 1204): [update_ds_table,  599] enInputSourceType:34 
07-05 23:32:14.640 D/vsyncbridge( 1204): [update_ds_table,  601] u16InputVTotal:2205  u16InputVFreq:240 
07-05 23:32:14.640 D/vsyncbridge( 1204): [update_ds_table,  603] bInterlace:0  u16DefaultHtotal:0 
07-05 23:32:14.640 D/vsyncbridge( 1204): [update_ds_table,  606] bPreHCusScaling:1  bPreVCusScaling:1 
07-05 23:32:14.640 D/vsyncbridge( 1204): [update_ds_table,  608] u16PreHCusScalingSrc:1920  u16PreHCusScalingDst:1920 
07-05 23:32:14.640 D/vsyncbridge( 1204): [update_ds_table,  610] u16PreVCusScalingSrc:1080  u16PreVCusScalingSrc:1080 
07-05 23:32:14.640 D/vsyncbridge( 1204): [update_ds_table,  613] bHCusScaling:0  bVCusScaling:0 
07-05 23:32:14.640 D/vsyncbridge( 1204): [update_ds_table,  615] u16HCusScalingSrc:1920  u16HCusScalingDst:1632 
07-05 23:32:14.640 D/vsyncbridge( 1204): [update_ds_table,  617] u16VCusScalingSrc:1080  u16VCusScalingDst:920 
07-05 23:32:14.640 D/vsyncbridge( 1204): vsync_bridge_CalAspectRatio type = 0
07-05 23:32:14.640 D/vsyncbridge( 1204): panel [3840 2160] osd [1920 1080] ratio [2.000000 2.000000]
07-05 23:32:14.640 D/vsyncbridge( 1204): apply ratio, x=836, y=410, width=1632, height=920
07-05 23:32:14.640 D/vsyncbridge( 1204): disp_old[836 410 2468 1330], disp_new[836 410 2468 1330], crop[0 0 1920 1080]
07-05 23:32:14.640 D/vsyncbridge( 1204): [update_ds_table,  798] SW DS !!! 
07-05 23:32:14.640 D/vsyncbridge( 1204): [update_ds_table,  800] stXC_SetWin_Info.stCapWin.width1920  stXC_SetWin_Info.stCapWin.height:1080
07-05 23:32:14.640 D/vsyncbridge( 1204): [update_ds_table,  802] stXC_SetWin_Info.stCropWin.width1920  stXC_SetWin_Info.stCropWin.height:1080
07-05 23:32:14.640 D/vsyncbridge( 1204): [update_ds_table,  803] MApi_XC_GetDynamicScalingStatus():1 
07-05 23:32:14.641 D/        ( 1204): Alert: cannot get frameCount from IOCTL, eWindow=0! Fall back to original frame mode
07-05 23:32:14.641 D/        ( 1204): MVOP is 1P mode
07-05 23:32:14.641 D/        ( 1204): [_MDrv_SC_check_2p_mode][9405]u16Width=3840,u16Height=2160,u32Vfreqx10=240
07-05 23:32:14.641 D/vsyncbridge( 1204): vsync_bridge_render_frame pts = 4000000, DS_Idx=0x2, overlayID=0
07-05 23:32:14.641 D/vsyncbridge( 1204):  W 0, R 7, Cur 0
07-05 23:32:14.641 D/vsyncbridge( 1204): vsync_bridge_CalAspectRatio type = 0
07-05 23:32:14.641 D/vsyncbridge( 1204): panel [3840 2160] osd [1920 1080] ratio [2.000000 2.000000]
07-05 23:32:14.641 D/vsyncbridge( 1204): apply ratio, x=836, y=410, width=1632, height=920
07-05 23:32:14.643 D/Carousel-CarouselDisplayPlayerLayout(  817): x=380, y=167,w=892,h=536, hashCode=354635510
07-05 23:32:14.643 D/Carousel-CarouselDisplayPlayerLayout(  817): mX=380, mY=167,mWitdh=892,mHeight=536, hashCode=354635510
07-05 23:32:14.643 D/Carousel-CarouselDisplayPlayerLayout(  817): changed=false, hashCode=354635510
07-05 23:32:14.643 D/Carousel-CarouselDisplayPlayerLayout(  817): extraTryCount=2
07-05 23:32:14.665 D/Carousel-CarouselDisplayPlayerLayout(  817): x=380, y=167,w=892,h=536, hashCode=354635510
07-05 23:32:14.666 D/Carousel-CarouselDisplayPlayerLayout(  817): mX=380, mY=167,mWitdh=892,mHeight=536, hashCode=354635510
07-05 23:32:14.666 D/Carousel-CarouselDisplayPlayerLayout(  817): changed=false, hashCode=354635510
07-05 23:32:14.666 D/Carousel-CarouselDisplayPlayerLayout(  817): extraTryCount=3
07-05 23:32:14.691 D/Carousel-CarouselDisplayPlayerLayout(  817): x=380, y=167,w=892,h=536, hashCode=354635510
07-05 23:32:14.691 D/Carousel-CarouselDisplayPlayerLayout(  817): mX=380, mY=167,mWitdh=892,mHeight=536, hashCode=354635510
07-05 23:32:14.691 D/Carousel-CarouselDisplayPlayerLayout(  817): changed=false, hashCode=354635510
07-05 23:32:14.691 D/Carousel-CarouselDisplayPlayerLayout(  817): extraTryCount=4
07-05 23:32:14.712 D/Carousel-CarouselDisplayPlayerLayout(  817): x=380, y=167,w=892,h=536, hashCode=354635510
07-05 23:32:14.712 D/Carousel-CarouselDisplayPlayerLayout(  817): mX=380, mY=167,mWitdh=892,mHeight=536, hashCode=354635510
07-05 23:32:14.712 D/Carousel-CarouselDisplayPlayerLayout(  817): changed=false, hashCode=354635510
07-05 23:32:14.712 D/Carousel-CarouselDisplayPlayerLayout(  817): extraTryCount=5
07-05 23:32:14.731 D/Carousel-CarouselDisplayPlayerLayout(  817): x=380, y=167,w=892,h=536, hashCode=354635510
07-05 23:32:14.731 D/Carousel-CarouselDisplayPlayerLayout(  817): mX=380, mY=167,mWitdh=892,mHeight=536, hashCode=354635510
07-05 23:32:14.731 D/Carousel-CarouselDisplayPlayerLayout(  817): changed=false, hashCode=354635510
07-05 23:32:14.731 D/Carousel-CarouselDisplayPlayerLayout(  817): extraTryCount=6
07-05 23:32:14.746 D/Carousel-CarouselDisplayPlayerLayout(  817): x=380, y=167,w=892,h=536, hashCode=354635510
07-05 23:32:14.746 D/Carousel-CarouselDisplayPlayerLayout(  817): mX=380, mY=167,mWitdh=892,mHeight=536, hashCode=354635510
07-05 23:32:14.746 D/Carousel-CarouselDisplayPlayerLayout(  817): changed=false, hashCode=354635510
07-05 23:32:14.746 D/Carousel-CarouselDisplayPlayerLayout(  817): extraTryCount=7
07-05 23:32:14.776 D/Carousel-CarouselDisplayPlayerLayout(  817): x=380, y=167,w=892,h=536, hashCode=354635510
07-05 23:32:14.776 D/Carousel-CarouselDisplayPlayerLayout(  817): mX=380, mY=167,mWitdh=892,mHeight=536, hashCode=354635510
07-05 23:32:14.776 D/Carousel-CarouselDisplayPlayerLayout(  817): changed=false, hashCode=354635510
07-05 23:32:14.776 D/Carousel-CarouselDisplayPlayerLayout(  817): extraTryCount=8
07-05 23:32:14.793 D/Carousel-CarouselDisplayPlayerLayout(  817): x=380, y=167,w=892,h=536, hashCode=354635510
07-05 23:32:14.794 D/Carousel-CarouselDisplayPlayerLayout(  817): mX=380, mY=167,mWitdh=892,mHeight=536, hashCode=354635510
07-05 23:32:14.794 D/Carousel-CarouselDisplayPlayerLayout(  817): changed=false, hashCode=354635510
07-05 23:32:14.794 D/Carousel-CarouselDisplayPlayerLayout(  817): extraTryCount=9
07-05 23:32:14.812 D/Carousel-CarouselDisplayPlayerLayout(  817): x=380, y=167,w=892,h=536, hashCode=354635510
07-05 23:32:14.813 D/Carousel-CarouselDisplayPlayerLayout(  817): mX=380, mY=167,mWitdh=892,mHeight=536, hashCode=354635510
07-05 23:32:14.813 D/Carousel-CarouselDisplayPlayerLayout(  817): changed=false, hashCode=354635510
07-05 23:32:14.813 D/Carousel-CarouselDisplayPlayerLayout(  817): isFullScreen:false
07-05 23:32:14.813 D/Carousel-CarouselView(  817): ===========>mDisplayPlayerLayout.getVisibility()=4
07-05 23:32:14.813 D/Carousel-CarouselView(  817): ===========>onScrollEnd
07-05 23:32:14.813 D/Carousel-Utils(  817): x=380,y=167, width=892,height=536
07-05 23:32:14.813 D/Carousel-CarouselView(  817): isOutScreen:false
07-05 23:32:14.822 I/MyFragmentStateAdapter(  817): getCount
07-05 23:32:14.822 I/MyFragmentStateAdapter(  817): getCount
07-05 23:32:14.822 I/MyFragmentStateAdapter(  817): getCount
07-05 23:32:14.822 I/MyFragmentStateAdapter(  817): getCount
07-05 23:32:14.826 D/Surface ( 1733): onStatusChange() : mNativeObject = 547819129856 mUseImageHwRender = false
07-05 23:32:14.827 V/Surface ( 1733): nativeSetHardwareRender() : status = 0
07-05 23:32:14.827 V/Surface ( 1733): nativeSetHardwareRender() : end
07-05 23:32:14.830 D/PowerManagerService( 1733): acquireWakeLockInternal: lock=487931605, flags=0x2000000a, tag="WindowManager", ws=WorkSource{10010}, uid=1000, pid=1733
07-05 23:32:14.830 D/PowerManagerNotifier( 1733): onWakeLockAcquired: flags=536870922, tag="WindowManager", packageName=android, ownerUid=1000, ownerPid=1733, workSource=WorkSource{10010}
07-05 23:32:14.830 D/PowerManagerService( 1733): setScreenBrightnessOverrideFromWindowManagerInternal done
07-05 23:32:14.831 D/DtvSourcePlugin-DVBC(15961): Setting the EPG Updater state to: WAIT
07-05 23:32:14.833 D/Surface ( 1733): onStatusChange() : mNativeObject = 0 mUseImageHwRender = false
07-05 23:32:14.835 I/FirstLineAdapter(  817): canShowTrailer,isOffline=false
07-05 23:32:14.835 I/FirstLineAdapter(  817): canShowTrailer,isOffline=false
07-05 23:32:14.835 I/FirstLineAdapter(  817): canShowTrailer,isOffline=false
07-05 23:32:14.835 I/FirstLineAdapter(  817): canShowTrailer,isOffline=false
07-05 23:32:14.835 I/FirstLineAdapter(  817): canShowTrailer,isOffline=false
07-05 23:32:14.836 I/FirstLineAdapter(  817): canShowTrailer,isOffline=false
07-05 23:32:14.836 I/FirstLineAdapter(  817): canShowTrailer,isOffline=false
07-05 23:32:14.837 I/FirstLineAdapter(  817): canShowTrailer,isOffline=false
07-05 23:32:14.837 I/FirstLineAdapter(  817): canShowTrailer,isOffline=false
07-05 23:32:14.844 I/MyFragmentStateAdapter(  817): getCount
07-05 23:32:15.030 D/MSTAR_VDEC_DBG( 1206): Stream ID: 0, Rate : 24 (E:0,D:0,S:0,F:125) 
07-05 23:32:15.041 I/NetflixMonitorService( 1733): current fgapk : com.hisense.hicloud.edca
07-05 23:32:15.041 I/NetflixMonitorService( 1733): Netflix status unchanged
07-05 23:32:15.131 I/TVMW@HsTvSetting( 1234): Trace cmd, data = 0x1058
07-05 23:32:15.131 D/til@system( 2026): til_get_system_param option:100002F int:0, bool:0, ret:0
07-05 23:32:15.131 I/TVMW@HsTvSetting( 1234): Trace cmd, data = 0x101f
07-05 23:32:15.132 D/til@system( 2026): til_get_system_param option:100001D int:3, bool:3, ret:0
07-05 23:32:15.132 E/til     ( 2026): [til_get_current_input_source, 101] 
07-05 23:32:15.132 I/TVMW@HsTvSetting( 1234): Trace cmd, data = 0x7007
07-05 23:32:15.132 I/tilwrapper@sm( 2026): HS2TIL_SourceType *hs=0xd, *til=0x900
07-05 23:32:15.132 D/til     ( 2026): get current source 2304
07-05 23:32:15.132 D/SourceRemoteServiceHandler( 2026): getCurrentInputSource.from.til.result is 0, value is 2304
07-05 23:32:15.132 D/SourceRemoteServiceHandler( 2026): getInputSourceType source: 0x900, type=2304
07-05 23:32:15.132 D/til     ( 2026): ###### func:til_get_picture_param option:0x3000006 ######  
07-05 23:32:15.132 I/TVMW@HsTvSetting( 1234): Trace cmd, data = 0x1003
07-05 23:32:15.133 I/TVMW@HsTvSetting( 1234): Trace cmd, data = 0x8032
07-05 23:32:15.133 I/hstvos  ( 1216): [0m[1;33m[HSHAL][HS_VIDEO][HS_HAL_Video_SetOsdDetect_v2][2389]u16Threshold = 20
07-05 23:32:15.134 E/TVMW@videoctrl( 1234):  getOsd is 1
07-05 23:32:15.134 D/til@system( 2026): til_get_system_param option:1000027 int:1, bool:1, ret:0
07-05 23:32:15.134 D/til     ( 2026): ###### func:til_get_picture_param option:0x3000045 ######  
07-05 23:32:15.135 I/TVMW@HsTvSetting( 1234): Trace cmd, data = 0x300c
07-05 23:32:15.135 I/TVMW@HsTvSetting( 1234): Trace 3d, data = 0x300c
07-05 23:32:15.135 I/TVMW@3d ( 1234): Hs_debug3d_trace: func:get3dStatus, line:109
07-05 23:32:15.296 E/MessageService(15912): MSG_PULL +!MessageServiceApplication.mApp.ismUsingDB()true
07-05 23:32:15.385 E/MessageService(15912): MSG_PULL ... getMsg null or error
07-05 23:32:15.387 E/MessageService(15912): MSG_PULL +!MessageServiceApplication.mApp.ismUsingDB()true
07-05 23:32:15.424 D/GlobalInputEventMonitoringService( 1733): interceptKeyBeforeQueueing(), event:22, mNeedMonitorKeyEvent:true, mWaitForKeyUpEvent:false
07-05 23:32:15.424 D/GlobalInputEventMonitoringService( 1733): processKeyEvent(), processKeyEvent event:22
07-05 23:32:15.424 D/WindowManager( 1733): interceptKeyTq keycode=22 interactive=true keyguardActive=false policyFlags=2b000000 isCancled= false
07-05 23:32:15.425 D/PowerManagerService( 1733): userActivityNoUpdateLocked: eventTime=17576995, event=1, flags=0x0, uid=1000
07-05 23:32:15.425 D/WindowManager( 1733): interceptKeyTi keyCode=22 down=true repeatCount=0 keyguardOn=false mHomePressed=false canceled=false
07-05 23:32:15.425 D/WindowManager( 1733): Hisense systemkey event: 22
07-05 23:32:15.425 D/HisenseGlobalKeyManager( 1733): handleGlobalKey() : Global event = KeyEvent { action=ACTION_DOWN, keyCode=KEYCODE_DPAD_RIGHT, scanCode=0, metaState=0, flags=0x0, repeatCount=0, eventTime=17576995, downTime=17576995, deviceId=-1, source=0x101 }
07-05 23:32:15.429 D/SogouIME( 2203): [onKeyDown] keycode = 22 model = VIDAA_TV
07-05 23:32:15.430 D/Carousel-CarouselDisplayPlayerLayout(  817): HasFocus:false,keyCode:22
07-05 23:32:15.430 D/Carousel-CarouselDisplayPlayerLayout(  817): isFullScreen:false
07-05 23:32:15.430 I/HomeMainActivity(  817): carousel handle key:false
07-05 23:32:15.430 I/MainHomeView(  817): dispatchKeyEvent ACTION_DOWN now 
07-05 23:32:15.431 I/HomeMainActivity(  817): onKeyDown is 22
07-05 23:32:15.432 I/FirstlineLayoutManager(  817): left=218,width=1738,scroll Distance=-846
07-05 23:32:15.441 D/Carousel-CarouselView(  817): ============>onFocusChange=true
07-05 23:32:15.441 D/Carousel-CarouselDisplayPlayerLayout(  817): isFullScreen:false
07-05 23:32:15.441 D/Carousel-CarouselView(  817): isFullScreen:false,hasFocus:true
07-05 23:32:15.441 D/Carousel-CarouselView(  817): ============>offset=-128
07-05 23:32:15.448 D/Carousel-CarouselDisplayPlayerLayout(  817): showPlayerWindowTip showable:true
07-05 23:32:15.452 E/MessageService(15912): MSG_PULL ... getMsg null or error
07-05 23:32:15.456 E/MessageService(15912): MSG_PULL +!MessageServiceApplication.mApp.ismUsingDB()true
07-05 23:32:15.458 D/PowerManagerService( 1733): acquireWakeLockInternal: lock=113832109, flags=0x1, tag="NetworkStats", ws=null, uid=1000, pid=1733
07-05 23:32:15.458 D/PowerManagerNotifier( 1733): onWakeLockAcquired: flags=1, tag="NetworkStats", packageName=android, ownerUid=1000, ownerPid=1733, workSource=null
07-05 23:32:15.459 D/NtpTrustedTime( 1733): currentTimeMillis() cache hit
07-05 23:32:15.472 D/GlobalInputEventMonitoringService( 1733): interceptKeyBeforeQueueing(), event:22, mNeedMonitorKeyEvent:true, mWaitForKeyUpEvent:false
07-05 23:32:15.472 D/GlobalInputEventMonitoringService( 1733): processKeyEvent(), processKeyEvent event:22
07-05 23:32:15.472 D/WindowManager( 1733): interceptKeyTq keycode=22 interactive=true keyguardActive=false policyFlags=2b000000 isCancled= false
07-05 23:32:15.473 D/WindowManager( 1733): interceptKeyTi keyCode=22 down=false repeatCount=0 keyguardOn=false mHomePressed=false canceled=false
07-05 23:32:15.473 D/WindowManager( 1733): Hisense systemkey event: 22
07-05 23:32:15.473 D/HisenseGlobalKeyManager( 1733): handleGlobalKey() : Global event = KeyEvent { action=ACTION_UP, keyCode=KEYCODE_DPAD_RIGHT, scanCode=0, metaState=0, flags=0x0, repeatCount=0, eventTime=17576995, downTime=17576995, deviceId=-1, source=0x101 }
07-05 23:32:15.476 D/NtpTrustedTime( 1733): currentTimeMillis() cache hit
07-05 23:32:15.478 D/PowerManagerService( 1733): releaseWakeLockInternal: lock=113832109 [NetworkStats], flags=0x0
07-05 23:32:15.478 D/PowerManagerNotifier( 1733): onWakeLockReleased: flags=1, tag="NetworkStats", packageName=android, ownerUid=1000, ownerPid=1733, workSource=null
07-05 23:32:15.480 D/NtpTrustedTime( 1733): currentTimeMillis() cache hit
07-05 23:32:15.480 D/NtpTrustedTime( 1733): currentTimeMillis() cache hit
07-05 23:32:15.529 I/TVMW@devctrl( 1234): wdt
07-05 23:32:15.553 I/MyFragmentStateAdapter(  817): getCount
07-05 23:32:15.569 E/MessageService(15912): MSG_PULL ... getMsg null or error
07-05 23:32:15.585 D/Carousel-CarouselDisplayPlayerLayout(  817): HasFocus:true,keyCode:22
07-05 23:32:15.585 D/Carousel-CarouselDisplayPlayerLayout(  817): isFullScreen:false
07-05 23:32:15.585 D/Carousel-CarouselDisplayPlayerLayout(  817): isFullScreen:false
07-05 23:32:15.585 I/HomeMainActivity(  817): carousel handle key:false
07-05 23:32:15.594 V/InputMethodService( 2203): startInput(): editor=android.view.inputmethod.EditorInfo@27efa1c6
07-05 23:32:15.594 V/InputMethodService( 2203): CALL: onFinishInput
07-05 23:32:15.597 E/SOGOUIME_JNI( 2203): reset
07-05 23:32:15.597 E/SOGOUIME_JNI( 2203): getCandidates
07-05 23:32:15.597 E/SOGOUIME_JNI( 2203): ime_get_uncommitted_length
07-05 23:32:15.598 E/SOGOUIME_JNI( 2203): getCandidates
07-05 23:32:15.598 D/SogouIME API( 2203): ==============num:32
07-05 23:32:15.598 E/SOGOUIME_JNI( 2203): ime_get_uncommitted_length
07-05 23:32:15.598 D/SogouIME( 2203): mFocusedComponent:30   isHkbEnable:false
07-05 23:32:15.599 E/SOGOUIME_JNI( 2203): ime_get_uncommitted_length
07-05 23:32:15.599 E/SOGOUIME_JNI( 2203): ime_get_committed_length
07-05 23:32:15.599 E/SOGOUIME_JNI( 2203): getComposingInfo
07-05 23:32:15.599 E/SOGOUIME_JNI( 2203): getComposingInfo
07-05 23:32:15.599 E/SOGOUIME_JNI( 2203): getCorrectInfo
07-05 23:32:15.599 E/SOGOUIME_JNI( 2203): getComposingInfo
07-05 23:32:15.599 V/InputMethodService( 2203): CALL: onStartInput
07-05 23:32:15.599 E/SOGOUIME_JNI( 2203): invalidateCommitWordPinyinNative
07-05 23:32:15.600 D/SogouIME( 2203): =====configKeyboard=======:false     false
07-05 23:32:15.600 E/SOGOUIME_JNI( 2203): ime_set_hard_kb_enable
07-05 23:32:15.639 I/TVMW@HsTvSetting( 1234): Trace cmd, data = 0x1058
07-05 23:32:15.643 D/til@system( 2026): til_get_system_param option:100002F int:0, bool:0, ret:0
07-05 23:32:15.644 I/TVMW@HsTvSetting( 1234): Trace cmd, data = 0x101f
07-05 23:32:15.644 D/til@system( 2026): til_get_system_param option:100001D int:3, bool:3, ret:0
07-05 23:32:15.644 E/til     ( 2026): [til_get_current_input_source, 101] 
07-05 23:32:15.644 I/TVMW@HsTvSetting( 1234): Trace cmd, data = 0x7007
07-05 23:32:15.644 I/tilwrapper@sm( 2026): HS2TIL_SourceType *hs=0xd, *til=0x900
07-05 23:32:15.645 D/til     ( 2026): get current source 2304
07-05 23:32:15.645 D/SourceRemoteServiceHandler( 2026): getCurrentInputSource.from.til.result is 0, value is 2304
07-05 23:32:15.645 D/SourceRemoteServiceHandler( 2026): getInputSourceType source: 0x900, type=2304
07-05 23:32:15.645 D/til     ( 2026): ###### func:til_get_picture_param option:0x3000006 ######  
07-05 23:32:15.645 I/TVMW@HsTvSetting( 1234): Trace cmd, data = 0x1003
07-05 23:32:15.646 I/TVMW@HsTvSetting( 1234): Trace cmd, data = 0x8032
07-05 23:32:15.646 I/hstvos  ( 1216): [0m[1;33m[HSHAL][HS_VIDEO][HS_HAL_Video_SetOsdDetect_v2][2389]u16Threshold = 20
07-05 23:32:15.649 E/TVMW@videoctrl( 1234):  getOsd is 1
07-05 23:32:15.649 D/til@system( 2026): til_get_system_param option:1000027 int:1, bool:1, ret:0
07-05 23:32:15.649 D/til     ( 2026): ###### func:til_get_picture_param option:0x3000045 ######  
07-05 23:32:15.649 I/TVMW@HsTvSetting( 1234): Trace cmd, data = 0x300c
07-05 23:32:15.649 I/TVMW@HsTvSetting( 1234): Trace 3d, data = 0x300c
07-05 23:32:15.649 I/TVMW@3d ( 1234): Hs_debug3d_trace: func:get3dStatus, line:109
07-05 23:32:15.669 I/MiSysSrv( 1214): [37m[INFO] Change to Voltage: 117 mv (0x32)[m
07-05 23:32:15.769 I/MiSysSrv( 1214): [37m[INFO] Change to Voltage: 117 mv (0x32)[m
07-05 23:32:15.870 I/MiSysSrv( 1214): [37m[INFO] Change to Voltage: 102 mv (0x23)[m
07-05 23:32:16.031 D/MSTAR_VDEC_DBG( 1206): Stream ID: 0, Rate : 23 (E:0,D:0,S:0,F:149) 
07-05 23:32:16.042 I/NetflixMonitorService( 1733): current fgapk : com.hisense.hicloud.edca
07-05 23:32:16.042 I/NetflixMonitorService( 1733): Netflix status unchanged
07-05 23:32:16.112 I/MyFragmentStateAdapter(  817): getCount
07-05 23:32:16.141 I/MyFragmentStateAdapter(  817): getCount
07-05 23:32:16.152 I/TVMW@HsTvSetting( 1234): Trace cmd, data = 0x1058
07-05 23:32:16.152 D/til@system( 2026): til_get_system_param option:100002F int:0, bool:0, ret:0
07-05 23:32:16.152 I/TVMW@HsTvSetting( 1234): Trace cmd, data = 0x101f
07-05 23:32:16.152 D/til@system( 2026): til_get_system_param option:100001D int:3, bool:3, ret:0
07-05 23:32:16.152 E/til     ( 2026): [til_get_current_input_source, 101] 
07-05 23:32:16.152 I/TVMW@HsTvSetting( 1234): Trace cmd, data = 0x7007
07-05 23:32:16.152 I/tilwrapper@sm( 2026): HS2TIL_SourceType *hs=0xd, *til=0x900
07-05 23:32:16.152 D/til     ( 2026): get current source 2304
07-05 23:32:16.152 D/SourceRemoteServiceHandler( 2026): getCurrentInputSource.from.til.result is 0, value is 2304
07-05 23:32:16.152 D/SourceRemoteServiceHandler( 2026): getInputSourceType source: 0x900, type=2304
07-05 23:32:16.152 D/til     ( 2026): ###### func:til_get_picture_param option:0x3000006 ######  
07-05 23:32:16.153 I/TVMW@HsTvSetting( 1234): Trace cmd, data = 0x1003
07-05 23:32:16.153 I/TVMW@HsTvSetting( 1234): Trace cmd, data = 0x8032
07-05 23:32:16.153 I/hstvos  ( 1216): [0m[1;33m[HSHAL][HS_VIDEO][HS_HAL_Video_SetOsdDetect_v2][2389]u16Threshold = 20
07-05 23:32:16.154 E/TVMW@videoctrl( 1234):  getOsd is 1
07-05 23:32:16.154 D/til@system( 2026): til_get_system_param option:1000027 int:1, bool:1, ret:0
07-05 23:32:16.155 D/til     ( 2026): ###### func:til_get_picture_param option:0x3000045 ######  
07-05 23:32:16.155 I/TVMW@HsTvSetting( 1234): Trace cmd, data = 0x300c
07-05 23:32:16.155 I/TVMW@HsTvSetting( 1234): Trace 3d, data = 0x300c
07-05 23:32:16.155 I/TVMW@3d ( 1234): Hs_debug3d_trace: func:get3dStatus, line:109
07-05 23:32:16.169 I/MyFragmentStateAdapter(  817): getCount
07-05 23:32:16.212 I/MyFragmentStateAdapter(  817): getCount
07-05 23:32:16.244 I/MyFragmentStateAdapter(  817): getCount
07-05 23:32:16.274 I/MyFragmentStateAdapter(  817): getCount
07-05 23:32:16.307 I/MyFragmentStateAdapter(  817): getCount
07-05 23:32:16.309 D/PowerManagerService( 1733): acquireWakeLockInternal: lock=113832109, flags=0x1, tag="NetworkStats", ws=null, uid=1000, pid=1733
07-05 23:32:16.309 D/PowerManagerNotifier( 1733): onWakeLockAcquired: flags=1, tag="NetworkStats", packageName=android, ownerUid=1000, ownerPid=1733, workSource=null
07-05 23:32:16.309 D/NtpTrustedTime( 1733): currentTimeMillis() cache hit
07-05 23:32:16.317 D/NtpTrustedTime( 1733): currentTimeMillis() cache hit
07-05 23:32:16.318 D/NtpTrustedTime( 1733): currentTimeMillis() cache hit
07-05 23:32:16.318 D/NtpTrustedTime( 1733): currentTimeMillis() cache hit
07-05 23:32:16.319 D/PowerManagerService( 1733): releaseWakeLockInternal: lock=113832109 [NetworkStats], flags=0x0
07-05 23:32:16.319 D/PowerManagerNotifier( 1733): onWakeLockReleased: flags=1, tag="NetworkStats", packageName=android, ownerUid=1000, ownerPid=1733, workSource=null
07-05 23:32:16.334 I/MyFragmentStateAdapter(  817): getCount
07-05 23:32:16.356 I/MyFragmentStateAdapter(  817): getCount
07-05 23:32:16.389 I/MyFragmentStateAdapter(  817): getCount
07-05 23:32:16.416 I/MyFragmentStateAdapter(  817): getCount
07-05 23:32:16.430 I/TVMW@devctrl( 1234): wdt
07-05 23:32:16.452 I/MyFragmentStateAdapter(  817): getCount
07-05 23:32:16.487 I/MyFragmentStateAdapter(  817): getCount
07-05 23:32:16.533 I/MyFragmentStateAdapter(  817): getCount
07-05 23:32:16.542 I/art     (  817): Background partial concurrent mark sweep GC freed 55293(2MB) AllocSpace objects, 0(0B) LOS objects, 10% free, 34MB/38MB, paused 2.220ms total 100.077ms
07-05 23:32:16.544 D/NativeDecimalFormat(  817): NativeDecimalFormat_close print addr=4098418432
07-05 23:32:16.544 D/NativeDecimalFormat(  817): NativeDecimalFormat_close print g_addr=3764347136
07-05 23:32:16.544 D/NativeDecimalFormat(  817): NativeDecimalFormat_close print addr=4098419200
07-05 23:32:16.544 D/NativeDecimalFormat(  817): NativeDecimalFormat_close print g_addr=3764347136
07-05 23:32:16.570 I/MyFragmentStateAdapter(  817): getCount
07-05 23:32:16.603 I/MyFragmentStateAdapter(  817): getCount
07-05 23:32:16.608 D/GlobalInputEventMonitoringService( 1733): interceptKeyBeforeQueueing(), event:20, mNeedMonitorKeyEvent:true, mWaitForKeyUpEvent:false
07-05 23:32:16.608 D/GlobalInputEventMonitoringService( 1733): processKeyEvent(), processKeyEvent event:20
07-05 23:32:16.609 D/WindowManager( 1733): interceptKeyTq keycode=20 interactive=true keyguardActive=false policyFlags=2b000000 isCancled= false
07-05 23:32:16.609 D/PowerManagerService( 1733): userActivityNoUpdateLocked: eventTime=17578179, event=1, flags=0x0, uid=1000
07-05 23:32:16.609 D/WindowManager( 1733): interceptKeyTi keyCode=20 down=true repeatCount=0 keyguardOn=false mHomePressed=false canceled=false
07-05 23:32:16.609 D/WindowManager( 1733): Hisense systemkey event: 20
07-05 23:32:16.609 D/HisenseGlobalKeyManager( 1733): handleGlobalKey() : Global event = KeyEvent { action=ACTION_DOWN, keyCode=KEYCODE_DPAD_DOWN, scanCode=0, metaState=0, flags=0x0, repeatCount=0, eventTime=17578179, downTime=17578179, deviceId=-1, source=0x101 }
07-05 23:32:16.623 D/SogouIME( 2203): [onKeyDown] keycode = 20 model = VIDAA_TV
07-05 23:32:16.624 D/Carousel-CarouselDisplayPlayerLayout(  817): HasFocus:true,keyCode:20
07-05 23:32:16.624 D/Carousel-CarouselDisplayPlayerLayout(  817): isFullScreen:false
07-05 23:32:16.624 D/Carousel-CarouselDisplayPlayerLayout(  817): isFullScreen:false
07-05 23:32:16.624 I/HomeMainActivity(  817): carousel handle key:false
07-05 23:32:16.624 I/MainHomeView(  817): dispatchKeyEvent ACTION_DOWN now 
07-05 23:32:16.624 D/Carousel-CarouselDisplayPicLayout(  817): keyCode=20
07-05 23:32:16.624 I/FirstLineAdapter(  817): onCarouselKeyDown: output=true,event=KeyEvent { action=ACTION_DOWN, keyCode=KEYCODE_DPAD_DOWN, scanCode=0, metaState=0, flags=0x0, repeatCount=0, eventTime=17578179, downTime=17578179, deviceId=-1, source=0x101 }
07-05 23:32:16.624 I/HomeMainActivity(  817): onKeyDown is 20
07-05 23:32:16.625 I/BaseContentFragment(  817): setRowViewSelectedViewHolder{3b90c6fc position=1 id=-1, oldPos=-1, pLpos:-1},isSelectedfalse
07-05 23:32:16.625 I/BaseContentFragment(  817): setRowViewSelectedViewHolder{3362395a position=2 id=-1, oldPos=-1, pLpos:-1},isSelectedtrue
07-05 23:32:16.632 I/RoleContentFragment(  817): onChildSelected:2,lastPos=1
07-05 23:32:16.632 I/CurrentCarouselView(  817): onCarouseControlCarouselControlBean{mShoudScroll=false, mActivityHasResume=false, mActivityHasStop=false, mHasTurnGone=false, mHasTurnVisible=false, mChannelId=0, mSlideOffset=0.0, mShouldSelectCenter=false, mTabOpen=false, mHoriPosStatus=None, mVerPosStatus=Out, mLevelStatus=None},isPlayingtrue,channelId=0
07-05 23:32:16.632 I/CurrentCarouselView(  817): is the current page
07-05 23:32:16.633 I/CurrentCarouselView(  817): stopPlay
07-05 23:32:16.634 D/Carousel-CarouselView(  817): ============>onFocusChange=false
07-05 23:32:16.634 D/Carousel-CarouselDisplayPlayerLayout(  817): isFullScreen:false
07-05 23:32:16.634 D/Carousel-CarouselView(  817): isFullScreen:false,hasFocus:false
07-05 23:32:16.634 D/Carousel-CarouselView(  817): ============>offset=-1321
07-05 23:32:16.634 D/Carousel-CarouselDisplayPlayerLayout(  817): showPlayerWindowTip showable:false
07-05 23:32:16.641 D/GlobalInputEventMonitoringService( 1733): interceptKeyBeforeQueueing(), event:20, mNeedMonitorKeyEvent:true, mWaitForKeyUpEvent:false
07-05 23:32:16.641 D/GlobalInputEventMonitoringService( 1733): processKeyEvent(), processKeyEvent event:20
07-05 23:32:16.642 D/WindowManager( 1733): interceptKeyTq keycode=20 interactive=true keyguardActive=false policyFlags=2b000000 isCancled= false
07-05 23:32:16.642 D/WindowManager( 1733): interceptKeyTi keyCode=20 down=false repeatCount=0 keyguardOn=false mHomePressed=false canceled=false
07-05 23:32:16.642 D/MyLocalStartService(16899): currentName is :com.hisense.hicloud.edca
07-05 23:32:16.642 D/WindowManager( 1733): Hisense systemkey event: 20
07-05 23:32:16.642 D/HisenseGlobalKeyManager( 1733): handleGlobalKey() : Global event = KeyEvent { action=ACTION_UP, keyCode=KEYCODE_DPAD_DOWN, scanCode=0, metaState=0, flags=0x0, repeatCount=0, eventTime=17578179, downTime=17578179, deviceId=-1, source=0x101 }
07-05 23:32:16.647 I/MyFragmentStateAdapter(  817): getCount
07-05 23:32:16.660 I/TVMW@HsTvSetting( 1234): Trace cmd, data = 0x1058
07-05 23:32:16.661 D/til@system( 2026): til_get_system_param option:100002F int:0, bool:0, ret:0
07-05 23:32:16.662 I/TVMW@HsTvSetting( 1234): Trace cmd, data = 0x101f
07-05 23:32:16.662 D/til@system( 2026): til_get_system_param option:100001D int:3, bool:3, ret:0
07-05 23:32:16.662 E/til     ( 2026): [til_get_current_input_source, 101] 
07-05 23:32:16.662 I/TVMW@HsTvSetting( 1234): Trace cmd, data = 0x7007
07-05 23:32:16.663 I/tilwrapper@sm( 2026): HS2TIL_SourceType *hs=0xd, *til=0x900
07-05 23:32:16.663 D/til     ( 2026): get current source 2304
07-05 23:32:16.663 D/SourceRemoteServiceHandler( 2026): getCurrentInputSource.from.til.result is 0, value is 2304
07-05 23:32:16.663 D/SourceRemoteServiceHandler( 2026): getInputSourceType source: 0x900, type=2304
07-05 23:32:16.663 D/til     ( 2026): ###### func:til_get_picture_param option:0x3000006 ######  
07-05 23:32:16.663 I/TVMW@HsTvSetting( 1234): Trace cmd, data = 0x1003
07-05 23:32:16.664 I/TVMW@HsTvSetting( 1234): Trace cmd, data = 0x8032
07-05 23:32:16.664 I/hstvos  ( 1216): [0m[1;33m[HSHAL][HS_VIDEO][HS_HAL_Video_SetOsdDetect_v2][2389]u16Threshold = 20
07-05 23:32:16.665 E/TVMW@videoctrl( 1234):  getOsd is 1
07-05 23:32:16.665 D/til@system( 2026): til_get_system_param option:1000027 int:1, bool:1, ret:0
07-05 23:32:16.665 D/til     ( 2026): ###### func:til_get_picture_param option:0x3000045 ######  
07-05 23:32:16.666 I/TVMW@HsTvSetting( 1234): Trace cmd, data = 0x300c
07-05 23:32:16.666 I/TVMW@HsTvSetting( 1234): Trace 3d, data = 0x300c
07-05 23:32:16.666 I/TVMW@3d ( 1234): Hs_debug3d_trace: func:get3dStatus, line:109
07-05 23:32:16.677 I/ContentBridgeAdapterListener(  817): onAddPresenter 3
07-05 23:32:16.702 I/ContentBridgeAdapterListener(  817): onCreate ViewHolder{b58ceee position=-1 id=-1, oldPos=-1, pLpos:-1 unbound no parent}
07-05 23:32:16.702 I/BaseContentFragment(  817): setUpSharedViewPoolViewHolder{b58ceee position=-1 id=-1, oldPos=-1, pLpos:-1 unbound no parent}
07-05 23:32:16.702 I/BaseContentFragment(  817): share view pool
07-05 23:32:16.702 I/BaseContentFragment(  817): setRowViewSelectedViewHolder{b58ceee position=-1 id=-1, oldPos=-1, pLpos:-1 unbound no parent},isSelectedfalse
07-05 23:32:16.703 I/head    (  817): item=com.hisense.tvui.newhome.presenter.TwoLineListRow@1df0cf8f
07-05 23:32:16.703 I/ContentBridgeAdapterListener(  817): onBind 
07-05 23:32:16.704 I/ContentBridgeAdapterListener(  817): onAttachedToWindow ViewHolder{b58ceee position=3 id=-1, oldPos=-1, pLpos:-1}
07-05 23:32:16.711 I/CardSelectionPresenter(  817): onCreateViewHoldercom.hisense.leanback.widget.HorizontalGridView{3660221c VFE..... ......I. 0,0-0,0 #7f0d038e app:id/row_content}
07-05 23:32:16.725 I/CardSelectionPresenter(  817): onBindViewHolder
07-05 23:32:16.725 D/sloven  (  817): 1002---true
07-05 23:32:16.725 I/CardSelectionPresenter(  817): width=390,height=220
07-05 23:32:16.769 D/hailongqiu(  817): hailongqiu position:0
07-05 23:32:16.773 I/CardSelectionPresenter(  817): onCreateViewHoldercom.hisense.leanback.widget.HorizontalGridView{3660221c VFE..... ......ID 0,0-1738,588 #7f0d038e app:id/row_content}
07-05 23:32:16.779 I/CardSelectionPresenter(  817): onBindViewHolder
07-05 23:32:16.779 D/sloven  (  817): 1002---true
07-05 23:32:16.779 I/CardSelectionPresenter(  817): width=390,height=220
07-05 23:32:16.784 I/CardSelectionPresenter(  817): onCreateViewHoldercom.hisense.leanback.widget.HorizontalGridView{3660221c VFE..... ......ID 0,0-1738,588 #7f0d038e app:id/row_content}
07-05 23:32:16.796 I/CardSelectionPresenter(  817): onBindViewHolder
07-05 23:32:16.796 D/sloven  (  817): 1002---true
07-05 23:32:16.796 I/CardSelectionPresenter(  817): width=400,height=220
07-05 23:32:16.802 I/CardSelectionPresenter(  817): onCreateViewHoldercom.hisense.leanback.widget.HorizontalGridView{3660221c VFE..... ......ID 0,0-1738,588 #7f0d038e app:id/row_content}
07-05 23:32:16.808 I/CardSelectionPresenter(  817): onBindViewHolder
07-05 23:32:16.808 D/sloven  (  817): 1002---true
07-05 23:32:16.808 I/CardSelectionPresenter(  817): width=400,height=220
07-05 23:32:16.815 I/CardSelectionPresenter(  817): onCreateViewHoldercom.hisense.leanback.widget.HorizontalGridView{3660221c VFE..... ......ID 0,0-1738,588 #7f0d038e app:id/row_content}
07-05 23:32:16.825 I/CardSelectionPresenter(  817): onBindViewHolder
07-05 23:32:16.825 D/sloven  (  817): 1002---true
07-05 23:32:16.826 I/CardSelectionPresenter(  817): width=400,height=220
07-05 23:32:16.836 I/CardSelectionPresenter(  817): onCreateViewHoldercom.hisense.leanback.widget.HorizontalGridView{3660221c VFE..... ......ID 0,0-1738,588 #7f0d038e app:id/row_content}
07-05 23:32:16.843 I/CardSelectionPresenter(  817): onBindViewHolder
07-05 23:32:16.844 D/sloven  (  817): 1002---true
07-05 23:32:16.844 I/CardSelectionPresenter(  817): width=400,height=220
07-05 23:32:16.847 I/CardSelectionPresenter(  817): onCreateViewHoldercom.hisense.leanback.widget.HorizontalGridView{3660221c VFE..... ......ID 0,0-1738,588 #7f0d038e app:id/row_content}
07-05 23:32:16.854 I/CardSelectionPresenter(  817): onBindViewHolder
07-05 23:32:16.855 D/sloven  (  817): 2005---false
07-05 23:32:16.855 D/sloven  (  817): 2005
07-05 23:32:16.855 I/CardSelectionPresenter(  817): width=400,height=220
07-05 23:32:16.859 I/CardSelectionPresenter(  817): onCreateViewHoldercom.hisense.leanback.widget.HorizontalGridView{3660221c VFE..... ......ID 0,0-1738,588 #7f0d038e app:id/row_content}
07-05 23:32:16.870 I/CardSelectionPresenter(  817): onBindViewHolder
07-05 23:32:16.870 D/sloven  (  817): 2005---false
07-05 23:32:16.870 D/sloven  (  817): 2005
07-05 23:32:16.871 I/CardSelectionPresenter(  817): width=400,height=220
07-05 23:32:16.874 I/CardSelectionPresenter(  817): onCreateViewHoldercom.hisense.leanback.widget.HorizontalGridView{3660221c VFE..... ......ID 0,0-1738,588 #7f0d038e app:id/row_content}
07-05 23:32:16.881 I/CardSelectionPresenter(  817): onBindViewHolder
07-05 23:32:16.881 D/sloven  (  817): 2005---false
07-05 23:32:16.881 D/sloven  (  817): 2005
07-05 23:32:16.882 I/CardSelectionPresenter(  817): width=400,height=220
07-05 23:32:16.885 I/CardSelectionPresenter(  817): onCreateViewHoldercom.hisense.leanback.widget.HorizontalGridView{3660221c VFE..... ......ID 0,0-1738,588 #7f0d038e app:id/row_content}
07-05 23:32:16.891 I/CardSelectionPresenter(  817): onBindViewHolder
07-05 23:32:16.891 D/sloven  (  817): 2005---false
07-05 23:32:16.891 D/sloven  (  817): 2005
07-05 23:32:16.892 I/CardSelectionPresenter(  817): width=400,height=220
07-05 23:32:16.895 I/MyFragmentStateAdapter(  817): getCount
07-05 23:32:16.896 I/MyFragmentStateAdapter(  817): getCount
07-05 23:32:16.896 I/MyFragmentStateAdapter(  817): getCount
07-05 23:32:16.896 I/MyFragmentStateAdapter(  817): getCount
07-05 23:32:16.898 I/FirstLineAdapter(  817): canShowTrailer,isOffline=false
07-05 23:32:16.898 I/FirstLineAdapter(  817): canShowTrailer,isOffline=false
07-05 23:32:16.898 I/FirstLineAdapter(  817): canShowTrailer,isOffline=false
07-05 23:32:16.898 I/FirstLineAdapter(  817): canShowTrailer,isOffline=false
07-05 23:32:16.898 I/FirstLineAdapter(  817): canShowTrailer,isOffline=false
07-05 23:32:16.898 I/FirstLineAdapter(  817): canShowTrailer,isOffline=false
07-05 23:32:16.898 I/FirstLineAdapter(  817): canShowTrailer,isOffline=false
07-05 23:32:16.898 I/FirstLineAdapter(  817): canShowTrailer,isOffline=false
07-05 23:32:16.898 I/FirstLineAdapter(  817): canShowTrailer,isOffline=false
07-05 23:32:16.903 D/Carousel-CarouselView(  817): ============>onScrollChanged hashCode:481735800
07-05 23:32:16.903 D/Carousel-CarouselDisplayPlayerLayout(  817): isFullScreen:false
07-05 23:32:16.922 I/MyFragmentStateAdapter(  817): getCount
07-05 23:32:16.932 D/Carousel-CarouselDisplayPlayerLayout(  817): HasFocus:false,keyCode:20
07-05 23:32:16.932 D/Carousel-CarouselDisplayPlayerLayout(  817): isFullScreen:false
07-05 23:32:16.932 I/HomeMainActivity(  817): carousel handle key:false
07-05 23:32:16.933 D/Carousel-CarouselView(  817): setPosterAndStopPlay! hashCode=481735800, sWorkingHashCode=481735800
07-05 23:32:16.933 D/Carousel-CarouselDisplayPlayerLayout(  817): isFullScreen:false
07-05 23:32:16.933 D/Carousel-Utils(  817): displayImage view=android.widget.ImageView{3f51e0b7 G.ED.... ........ 0,0-816,460 #7f0d0029 app:id/imageView1}
07-05 23:32:16.933 D/Carousel-Utils(  817): displayImage url=http://picture.edu.hismarttv.com/images/20170629010146422927.jpg
07-05 23:32:16.934 D/Carousel-Utils(  817): onResourceReady.
07-05 23:32:16.935 D/Carousel-Utils(  817): displayImage view=android.widget.ImageView{1753401b G.ED.... ........ 0,0-816,460 #7f0d0029 app:id/imageView1}
07-05 23:32:16.935 D/Carousel-Utils(  817): displayImage url=http://picture.edu.hismarttv.com/images/20170629010146422927.jpg
07-05 23:32:16.936 D/Carousel-Utils(  817): onResourceReady.
07-05 23:32:16.937 D/Carousel-CarouselDisplayPlayerLayout(  817): isFullScreen:false
07-05 23:32:16.944 V/InputMethodService( 2203): startInput(): editor=android.view.inputmethod.EditorInfo@29766587
07-05 23:32:16.945 V/InputMethodService( 2203): CALL: onFinishInput
07-05 23:32:16.946 E/SOGOUIME_JNI( 2203): reset
07-05 23:32:16.947 E/SOGOUIME_JNI( 2203): getCandidates
07-05 23:32:16.947 E/SOGOUIME_JNI( 2203): ime_get_uncommitted_length
07-05 23:32:16.947 E/SOGOUIME_JNI( 2203): getCandidates
07-05 23:32:16.947 D/SogouIME API( 2203): ==============num:32
07-05 23:32:16.947 E/SOGOUIME_JNI( 2203): ime_get_uncommitted_length
07-05 23:32:16.947 D/SogouIME( 2203): mFocusedComponent:30   isHkbEnable:false
07-05 23:32:16.947 E/SOGOUIME_JNI( 2203): ime_get_uncommitted_length
07-05 23:32:16.947 E/SOGOUIME_JNI( 2203): ime_get_committed_length
07-05 23:32:16.947 E/SOGOUIME_JNI( 2203): getComposingInfo
07-05 23:32:16.947 E/SOGOUIME_JNI( 2203): getComposingInfo
07-05 23:32:16.947 E/SOGOUIME_JNI( 2203): getCorrectInfo
07-05 23:32:16.947 E/SOGOUIME_JNI( 2203): getComposingInfo
07-05 23:32:16.948 D/Carousel-CarouselDisplayPlayerLayout(  817): x=380, y=13,w=892,h=536, hashCode=354635510
07-05 23:32:16.948 D/Carousel-CarouselDisplayPlayerLayout(  817): mX=380, mY=167,mWitdh=892,mHeight=536, hashCode=354635510
07-05 23:32:16.948 D/Carousel-CarouselDisplayPlayerLayout(  817): changed=true, hashCode=354635510
07-05 23:32:16.948 D/Carousel-Utils(  817): x=380,y=13, width=892,height=536
07-05 23:32:16.949 D/Carousel-CarouselView(  817): OnScrollStart DisplayPlayerLayout isnot shown return.
07-05 23:32:16.951 V/InputMethodService( 2203): CALL: onStartInput
07-05 23:32:16.951 I/ContentBridgeAdapterListener(  817): onDetachedFromWindow ViewHolder{33b1059 position=0 id=-1, oldPos=-1, pLpos:-1}
07-05 23:32:16.951 E/SOGOUIME_JNI( 2203): invalidateCommitWordPinyinNative
07-05 23:32:16.952 D/SogouIME( 2203): =====configKeyboard=======:false     false
07-05 23:32:16.952 E/SOGOUIME_JNI( 2203): ime_set_hard_kb_enable
07-05 23:32:16.954 I/MyFragmentStateAdapter(  817): getCount
07-05 23:32:16.954 I/MyFragmentStateAdapter(  817): getCount
07-05 23:32:16.955 I/MyFragmentStateAdapter(  817): getCount
07-05 23:32:16.955 I/MyFragmentStateAdapter(  817): getCount
07-05 23:32:16.958 D/Surface ( 1733): onStatusChange() : mNativeObject = 547819129856 mUseImageHwRender = false
07-05 23:32:16.958 V/Surface ( 1733): nativeSetHardwareRender() : status = 0
07-05 23:32:16.958 V/Surface ( 1733): nativeSetHardwareRender() : end
07-05 23:32:16.961 D/PowerManagerService( 1733): releaseWakeLockInternal: lock=487931605 [WindowManager], flags=0x0
07-05 23:32:16.961 D/PowerManagerNotifier( 1733): onWakeLockReleased: flags=536870922, tag="WindowManager", packageName=android, ownerUid=1000, ownerPid=1733, workSource=WorkSource{10010}
07-05 23:32:16.961 D/PowerManagerService( 1733): userActivityNoUpdateLocked: eventTime=17578533, event=0, flags=0x1, uid=1000
07-05 23:32:16.961 D/PowerManagerService( 1733): setScreenBrightnessOverrideFromWindowManagerInternal done
07-05 23:32:16.964 D/Surface ( 1733): onStatusChange() : mNativeObject = 0 mUseImageHwRender = false
07-05 23:32:16.965 I/FirstLineAdapter(  817): canShowTrailer,isOffline=false
07-05 23:32:16.965 I/FirstLineAdapter(  817): canShowTrailer,isOffline=false
07-05 23:32:16.965 I/FirstLineAdapter(  817): canShowTrailer,isOffline=false
07-05 23:32:16.965 I/FirstLineAdapter(  817): canShowTrailer,isOffline=false
07-05 23:32:16.965 I/FirstLineAdapter(  817): canShowTrailer,isOffline=false
07-05 23:32:16.965 I/FirstLineAdapter(  817): canShowTrailer,isOffline=false
07-05 23:32:16.965 I/FirstLineAdapter(  817): canShowTrailer,isOffline=false
07-05 23:32:16.965 I/FirstLineAdapter(  817): canShowTrailer,isOffline=false
07-05 23:32:16.965 I/FirstLineAdapter(  817): canShowTrailer,isOffline=false
07-05 23:32:16.969 D/Carousel-CarouselView(  817): ============>onScrollChanged hashCode:481735800
07-05 23:32:16.969 D/Carousel-CarouselDisplayPlayerLayout(  817): isFullScreen:false
07-05 23:32:16.973 I/MyFragmentStateAdapter(  817): getCount
07-05 23:32:16.982 D/Carousel-CarouselDisplayPlayerLayout(  817): x=380, y=-185,w=892,h=536, hashCode=354635510
07-05 23:32:16.983 D/Carousel-CarouselDisplayPlayerLayout(  817): mX=380, mY=13,mWitdh=892,mHeight=536, hashCode=354635510
07-05 23:32:16.983 D/Carousel-CarouselDisplayPlayerLayout(  817): changed=true, hashCode=354635510
07-05 23:32:16.983 D/Carousel-Utils(  817): x=380,y=-185, width=892,height=536
07-05 23:32:16.984 D/Carousel-CarouselView(  817): onWindowOutScreen!
07-05 23:32:16.995 D/Carousel-CarouselDisplayPlayerLayout(  817): x=380, y=-185,w=892,h=536, hashCode=354635510
07-05 23:32:16.998 D/Carousel-CarouselDisplayPlayerLayout(  817): mX=380, mY=-185,mWitdh=892,mHeight=536, hashCode=354635510
07-05 23:32:16.998 D/Carousel-CarouselDisplayPlayerLayout(  817): changed=false, hashCode=354635510
07-05 23:32:16.999 D/Carousel-CarouselDisplayPlayerLayout(  817): extraTryCount=0
07-05 23:32:17.005 D/Carousel-CarouselView(  817): setPosterAndStopPlay! hashCode=481735800, sWorkingHashCode=481735800
07-05 23:32:17.005 D/Carousel-CarouselDisplayPlayerLayout(  817): isFullScreen:false
07-05 23:32:17.005 D/Carousel-Utils(  817): displayImage view=android.widget.ImageView{3f51e0b7 V.ED.... ........ 0,0-816,460 #7f0d0029 app:id/imageView1}
07-05 23:32:17.005 D/Carousel-Utils(  817): displayImage url=http://picture.edu.hismarttv.com/images/20170629010146422927.jpg
07-05 23:32:17.006 D/Carousel-Utils(  817): onResourceReady.
07-05 23:32:17.007 D/Carousel-Utils(  817): displayImage view=android.widget.ImageView{1753401b V.ED.... ......ID 0,0-816,460 #7f0d0029 app:id/imageView1}
07-05 23:32:17.007 D/Carousel-Utils(  817): displayImage url=http://picture.edu.hismarttv.com/images/20170629010146422927.jpg
07-05 23:32:17.007 D/Carousel-Utils(  817): onResourceReady.
07-05 23:32:17.007 D/Carousel-CarouselDisplayPlayerLayout(  817): isFullScreen:false
07-05 23:32:17.008 D/Carousel-CarouselDisplayPlayerLayout(  817): x=380, y=-185,w=892,h=536, hashCode=354635510
07-05 23:32:17.008 D/Carousel-CarouselDisplayPlayerLayout(  817): mX=380, mY=-185,mWitdh=892,mHeight=536, hashCode=354635510
07-05 23:32:17.008 D/Carousel-CarouselDisplayPlayerLayout(  817): changed=false, hashCode=354635510
07-05 23:32:17.008 D/Carousel-CarouselDisplayPlayerLayout(  817): extraTryCount=1
07-05 23:32:17.014 I/MyFragmentStateAdapter(  817): getCount
07-05 23:32:17.014 I/MyFragmentStateAdapter(  817): getCount
07-05 23:32:17.014 I/MyFragmentStateAdapter(  817): getCount
07-05 23:32:17.014 I/MyFragmentStateAdapter(  817): getCount
07-05 23:32:17.014 I/FirstLineAdapter(  817): canShowTrailer,isOffline=false
07-05 23:32:17.015 I/FirstLineAdapter(  817): canShowTrailer,isOffline=false
07-05 23:32:17.015 I/FirstLineAdapter(  817): canShowTrailer,isOffline=false
07-05 23:32:17.015 I/FirstLineAdapter(  817): canShowTrailer,isOffline=false
07-05 23:32:17.015 I/FirstLineAdapter(  817): canShowTrailer,isOffline=false
07-05 23:32:17.015 I/FirstLineAdapter(  817): canShowTrailer,isOffline=false
07-05 23:32:17.015 I/FirstLineAdapter(  817): canShowTrailer,isOffline=false
07-05 23:32:17.015 I/FirstLineAdapter(  817): canShowTrailer,isOffline=false
07-05 23:32:17.015 I/FirstLineAdapter(  817): canShowTrailer,isOffline=false
07-05 23:32:17.020 I/MyFragmentStateAdapter(  817): getCount
07-05 23:32:17.031 D/MSTAR_VDEC_DBG( 1206): Stream ID: 0, Rate : 24 (E:0,D:0,S:0,F:173) 
07-05 23:32:17.042 I/NetflixMonitorService( 1733): current fgapk : com.hisense.hicloud.edca
07-05 23:32:17.043 I/NetflixMonitorService( 1733): Netflix status unchanged
07-05 23:32:17.069 I/MiSysSrv( 1214): [37m[INFO] Change to Voltage: 117 mv (0x32)[m
07-05 23:32:17.107 D/Carousel-CarouselDisplayPlayerLayout(  817): x=380, y=-185,w=892,h=536, hashCode=354635510
07-05 23:32:17.107 D/Carousel-CarouselDisplayPlayerLayout(  817): mX=380, mY=-185,mWitdh=892,mHeight=536, hashCode=354635510
07-05 23:32:17.107 D/Carousel-CarouselDisplayPlayerLayout(  817): changed=false, hashCode=354635510
07-05 23:32:17.107 D/Carousel-CarouselDisplayPlayerLayout(  817): extraTryCount=2
07-05 23:32:17.107 D/Carousel-CarouselDisplayPlayerLayout(  817): x=380, y=-185,w=892,h=536, hashCode=354635510
07-05 23:32:17.107 D/Carousel-CarouselDisplayPlayerLayout(  817): mX=380, mY=-185,mWitdh=892,mHeight=536, hashCode=354635510
07-05 23:32:17.107 D/Carousel-CarouselDisplayPlayerLayout(  817): changed=false, hashCode=354635510
07-05 23:32:17.107 D/Carousel-CarouselDisplayPlayerLayout(  817): extraTryCount=3
07-05 23:32:17.112 D/HttpHandler(  817): VerifySignInterCeptor-->request.url()=http://picture.edu.hismarttv.com/images/20170630060938851994.jpg
07-05 23:32:17.112 D/HttpHandler(  817): VerifySignInterCeptor-->hostname=picture.edu.hismarttv.com
07-05 23:32:17.112 D/CardItemView(  817): handleFocus subtile===>:
07-05 23:32:17.113 D/OkHttp  (  817): --> GET http://picture.edu.hismarttv.com/images/20170630060938851994.jpg http/1.1
07-05 23:32:17.113 D/OkHttp  (  817): Host: picture.edu.hismarttv.com
07-05 23:32:17.113 D/OkHttp  (  817): Connection: Keep-Alive
07-05 23:32:17.113 D/OkHttp  (  817): Accept-Encoding: gzip
07-05 23:32:17.113 D/OkHttp  (  817): User-Agent: okhttp/3.6.0
07-05 23:32:17.113 D/OkHttp  (  817): --> END GET
07-05 23:32:17.116 I/MyFragmentStateAdapter(  817): getCount
07-05 23:32:17.116 I/MyFragmentStateAdapter(  817): getCount
07-05 23:32:17.116 I/MyFragmentStateAdapter(  817): getCount
07-05 23:32:17.116 I/MyFragmentStateAdapter(  817): getCount
07-05 23:32:17.119 D/HttpHandler(  817): VerifySignInterCeptor-->request.url()=http://picture.edu.hismarttv.com/images/20170628233313068112.jpg
07-05 23:32:17.119 D/HttpHandler(  817): VerifySignInterCeptor-->hostname=picture.edu.hismarttv.com
07-05 23:32:17.120 D/OkHttp  (  817): --> GET http://picture.edu.hismarttv.com/images/20170628233313068112.jpg http/1.1
07-05 23:32:17.120 D/OkHttp  (  817): Host: picture.edu.hismarttv.com
07-05 23:32:17.120 D/OkHttp  (  817): Connection: Keep-Alive
07-05 23:32:17.120 D/OkHttp  (  817): Accept-Encoding: gzip
07-05 23:32:17.120 D/OkHttp  (  817): User-Agent: okhttp/3.6.0
07-05 23:32:17.121 D/HttpHandler(  817): VerifySignInterCeptor-->request.url()=http://picture.edu.hismarttv.com/images/20170630060641226550.jpg
07-05 23:32:17.121 D/HttpHandler(  817): VerifySignInterCeptor-->hostname=picture.edu.hismarttv.com
07-05 23:32:17.123 D/OkHttp  (  817): --> GET http://picture.edu.hismarttv.com/images/20170630060641226550.jpg http/1.1
07-05 23:32:17.123 D/OkHttp  (  817): Host: picture.edu.hismarttv.com
07-05 23:32:17.123 D/OkHttp  (  817): Connection: Keep-Alive
07-05 23:32:17.123 D/OkHttp  (  817): Accept-Encoding: gzip
07-05 23:32:17.123 D/OkHttp  (  817): User-Agent: okhttp/3.6.0
07-05 23:32:17.123 D/OkHttp  (  817): --> END GET
07-05 23:32:17.124 D/HttpHandler(  817): VerifySignInterCeptor-->request.url()=http://picture.edu.hismarttv.com/images/20170630060711088714.jpg
07-05 23:32:17.124 D/HttpHandler(  817): VerifySignInterCeptor-->hostname=picture.edu.hismarttv.com
07-05 23:32:17.125 D/OkHttp  (  817): --> GET http://picture.edu.hismarttv.com/images/20170630060711088714.jpg http/1.1
07-05 23:32:17.125 D/OkHttp  (  817): Host: picture.edu.hismarttv.com
07-05 23:32:17.125 D/OkHttp  (  817): Connection: Keep-Alive
07-05 23:32:17.125 D/OkHttp  (  817): Accept-Encoding: gzip
07-05 23:32:17.125 D/OkHttp  (  817): User-Agent: okhttp/3.6.0
07-05 23:32:17.125 D/OkHttp  (  817): --> END GET
07-05 23:32:17.120 D/OkHttp  (  817): --> END GET
07-05 23:32:17.126 I/MyFragmentStateAdapter(  817): getCount
07-05 23:32:17.127 D/OkHttp  (  817): <-- 200 OK http://picture.edu.hismarttv.com/images/20170630060938851994.jpg (14ms)
07-05 23:32:17.128 D/OkHttp  (  817): Date: Mon, 03 Jul 2017 03:17:37 GMT
07-05 23:32:17.128 D/OkHttp  (  817): Server: nginx
07-05 23:32:17.128 D/OkHttp  (  817): Content-Type: image/jpeg
07-05 23:32:17.128 D/OkHttp  (  817): Content-Length: 84036
07-05 23:32:17.128 D/OkHttp  (  817): Last-Modified: Fri, 30 Jun 2017 06:09:38 GMT
07-05 23:32:17.128 D/OkHttp  (  817): ETag: "5955eb22-14844"
07-05 23:32:17.128 D/OkHttp  (  817): Accept-Ranges: bytes
07-05 23:32:17.128 D/OkHttp  (  817): Age: 216880
07-05 23:32:17.128 D/OkHttp  (  817): Via: 1.1 pingwangtong50:6 (Cdn Cache Server V2.0)[21 200 0], 1.1 dezhou37:3 (Cdn Cache Server V2.0)[0 200 0]
07-05 23:32:17.128 D/OkHttp  (  817): Connection: keep-alive
07-05 23:32:17.128 D/OkHttp  (  817): <-- END HTTP
