07-05 23:47:39.079 D/PlayerSdk/CheckPackageNameJob@16188100(10890): [TID 10921] notifyJobSuccess() Job[PlayerSdk/CheckPackageNameJob@16188100](mState=1, mData=Object58916734, mError=null)
07-05 23:47:39.079 D/PlayerSdk/DeviceCheckTask@25bd1d39(10890): [TID 10921] isCancelled() Job[PlayerSdk/DeviceCheckTask@25bd1d39](mState=0, mData=Object34823391, mError=null) return false
07-05 23:47:39.080 D/PlayerSdk/DeviceCheckTask(10890): [TID 10921] execte.onRun: isDevChecked=false, isDeviceCheckPass=false
07-05 23:47:39.080 D/AccessToken(10890): [TID 10921] isAllowedAccess() count=0, now=1499269659080, time=1499269659080, mMaxCount = 5, duration = 600000, mAccessTime = 0, return true
07-05 23:47:39.080 D/AccessToken(10890): [TID 10921] isAllowedAccess() count=0, now=1499269659080, time=1499269659080, mMaxCount = 5, duration = 600000, mAccessTime = 0, return true
07-05 23:47:39.080 D/PlayerSdk/DeviceCheckTask(10890): [TID 10921] deviceCheck
07-05 23:47:39.080 D/PlayerSdk/DeviceCheckTask(10890): [TID 10921] deviceCheck: devCheckTest=-1
07-05 23:47:39.081 I/System.out(10890): <TVAPI> DEBUG(isUpdateData): isUpdateData=devRegister-true
07-05 23:47:39.081 I/System.out(10890): <TVAPI> DEBUG(TVAPI): uuid=20151228165619572MkCHJfWb11209
07-05 23:47:39.081 I/System.out(10890): <TVAPI> DEBUG(TVAPI): version=2.1.0.59986
07-05 23:47:39.081 I/System.out(10890): <TVAPI> DEBUG(TVApiProperty): read passport-device-id=tv_69b1ef544cadbb86e8f28950ece1c76a_1167652938875
07-05 23:47:39.081 I/System.out(10890): <TVAPI> DEBUG(id=6, systemTime): url = http://pdata.video.ptqy.gitv.tv/k
07-05 23:47:39.081 I/System.out(10890): D/(load-playerplugin, CommonApi-systemTime): url=http://pdata.video.ptqy.gitv.tv/k
07-05 23:47:39.081 I/System.out(10890): <TVAPI> DEBUG(id=5, devRegister): url = http://data2.itv.ptqy.gitv.tv/itv/devRegister/OGFjZjgxODQ2YThhLzIwMTUxMjI4MTY1NjE5NTcyTWtDSEpmV2IxMTIwOS8yLjEuMC41OTk4Ng/39467112fe7be1432adcf86e152f4899
07-05 23:47:39.081 I/System.out(10890): <TVAPI> DEBUG(id=5, devRegister): header = qyid:tv_69b1ef544cadbb86e8f28950ece1c76a_1167652938875
07-05 23:47:39.082 I/System.out(10890): <TVAPI> DEBUG(id=5, devRegister): header = ov:5.1.1
07-05 23:47:39.082 I/System.out(10890): <TVAPI> DEBUG(id=5, devRegister): header = apkVer:2.1.0.59986
07-05 23:47:39.092 I/MyFragmentStateAdapter(10890): getCount
07-05 23:47:39.105 D/NetworkManager(10890): [TID 11077] >> request(http://www.sina.com.cn, 18500460)
07-05 23:47:39.106 D/NetworkManager(10890): [TID 11077] request(http://www.sina.com.cn, 18500460): openConnection
07-05 23:47:39.111 I/MiSysSrv( 1214): bColorRange0_255 is 1
07-05 23:47:39.111 I/MiSysSrv( 1214): BW Window:0, PQSource:9, Hsize:3840, Vsize: 2160, interlace:0, Vfreq=240
07-05 23:47:39.117 I/MiSysSrv( 1214): (_MDrv_PQ_SetGRuleStatus, 5671)GRuleType(10) is bigger than STD PQ's(9), so consider it as CUSTOMER PQ's GRule Type
07-05 23:47:39.118 I/MiSysSrv( 1214): [XC,SetWindow][MApi_XC_SetDynamicScaling_U2,  342] It's dynamic scaling case(1,0,1)
07-05 23:47:39.119 I/MiSysSrv( 1214): [XC,SetWindow][MHAL_SC_Set_DynamicScaling,  522] [MHAL_SC_Set_DynamicScaling,  522] [DS] u8MIU_Select:0  
07-05 23:47:39.119 I/MiSysSrv( 1214): [XC,SetWindow][MHAL_SC_Set_DynamicScaling,  523] [MHAL_SC_Set_DynamicScaling,  523] [DS] bOP_On:1  bIPS_On:0 bIPM_On:1  
07-05 23:47:39.120 I/TVMW@devctrl( 1234): wdt
07-05 23:47:39.122 D/PowerManagerService( 1733): releaseWakeLockInternal: lock=313731130 [AudioMix], flags=0x0
07-05 23:47:39.122 D/PowerManagerNotifier( 1733): onWakeLockReleased: flags=1, tag="AudioMix", packageName=media, ownerUid=1013, ownerPid=0, workSource=null
07-05 23:47:39.125 D/PowerManagerService( 1733): releaseWakeLockInternal: lock=593886443 [AudioMix], flags=0x0
07-05 23:47:39.125 D/PowerManagerNotifier( 1733): onWakeLockReleased: flags=1, tag="AudioMix", packageName=media, ownerUid=1013, ownerPid=0, workSource=null
07-05 23:47:39.126 I/System.out(10890): <TVAPI> DEBUG(System Time): 1499269659
07-05 23:47:39.127 I/System.out(10890): <TVAPI> DEBUG(id=6, systemTime, response_time = 45ms): data = {"t":"1499269659","m":"211deda2aafbe17d34fc015ddc59c93fee44c50ce708393e","u":"211deda2aafbe17d65b33c4cc2b691a5cd209a1d88b78425","i":"220.181.109.33","k":"211deda2aafbe17df605849dc20fa0ee9db42e51cb91c539"}
07-05 23:47:39.138 D/NetworkManager(10890): [TID 11069] << request(http://www.163.com, 18500398): connect internet success, url=http://www.163.com
07-05 23:47:39.144 D/NetworkManager(10890): [TID 11068] << request(http://www.iqiyi.com, 18500395): connect internet success, url=http://www.iqiyi.com
07-05 23:47:39.146 I/MiSysSrv( 1214): [XC,SetWindow][MHAL_SC_Set_DynamicScaling,  557] [MHAL_SC_Set_DynamicScaling,  557] [DS] u32DynamicScalingBaseAddr:15e91000  u8DynamicScalingIndexDepth:32 u32DynamicScalingBufSize:6144   
07-05 23:47:39.147 I/MiSysSrv( 1214): [XC,SetWindow][MHAL_SC_Set_DynamicScaling,  570] [MHAL_SC_Set_DynamicScaling,  570] [DS] u8IdxDepth:32 DS_MAX_INDEX:6 BYTE_PER_WORD:32  
07-05 23:47:39.161 D/NetworkManager(10890): [TID 11061] getRealState: activeNetInfo={[type: Ethernet[], state: CONNECTED/CONNECTED, reason: (unspecified), extra: a8:a6:48:18:fc:a8, roaming: false, failover: false, isAvailable: true, isConnectedToProvisioningNetwork: false]}, isConnected=true
07-05 23:47:39.165 E/NetworkManager(10890): [TID 11077] << request(http://www.sina.com.cn, 18500460): connect internet failed, url=http://www.sina.com.cn
07-05 23:47:39.169 D/Carousel-SimpleVideoView(10890): speedKB=2256
07-05 23:47:39.169 D/Carousel-SimpleVideoView(10890): msg.arg1=1
07-05 23:47:39.172 I/TVMW@HsSourceManager( 1234): resourceMediaInfoFunction srcid=13
07-05 23:47:39.172 D/TVMW@pqctrl( 1234): [setNR:166] ENTER OK
07-05 23:47:39.172 I/hstvos  ( 1216): [0m[1;36m[mif][VIDEO_FW][_Mif_Video_Window_Callback][466]_Mif_Video_Window_Callback u32EventFlags: 32768, u8DisplayIndex: 0, u8WindowIndex: 0
07-05 23:47:39.172 I/hstvos  ( 1216): [0m[1;36m[HSHAL][HS_PQ][HS_HAL_PQ_SetNR][369] Entry.time[18500744] OK
07-05 23:47:39.172 I/hstvos  ( 1216): [0m[1;32m[HSHAL][HS_PQ][HS_HAL_PQ_SetNR][370]nrLevel 2 
07-05 23:47:39.174 D/TVMW@factoryData( 1234): Non source= 13,b4Kx2K = 0,b4Kx2KForWB = 1
07-05 23:47:39.174 D/TVMW@factoryData( 1234): Non 0 ,12 , 22, 45, 63(audio not diff 4K)
07-05 23:47:39.174 D/TVMW@Hsmwhal( 1234): +_+pic: ***sharpness:22[setSharpness:230]
07-05 23:47:39.174 D/TVMW@pqctrl( 1234): [setSharpness:203] ENTER OK
07-05 23:47:39.175 I/hstvos  ( 1216):  [0m[1;36m[HSHAL][HS_PQ][HS_HAL_PQ_SetSharpness][413] Entry.time[18500745] OK
07-05 23:47:39.175 I/hstvos  ( 1216): [0m[1;32m[HSHAL][HS_PQ][HS_HAL_PQ_SetSharpness][414]u32Sharpness 22 
07-05 23:47:39.182 D/NetworkManager(10890): [TID 10890] onNetStateChanged(2)
07-05 23:47:39.189 I/System.out(10890): <TVAPI> DEBUG(id=5, devRegister, response_time = 105ms): data = {"msg":"","code":"N000000","data":{"apiKey":"9e14d341281067d05d771f41454858c0","authId":1210,"flag":"","hide":"qiyicom","ip":"27.223.99.130","ipLoc":"1-48-3-6-6002-0-77","ipZh":"-----None-","kv":[{"hcdn":"hCDN"},{"homepageHot":""},{"homepageNew":""},{"ruleCode":"http://static.ptqy.gitv.tv/js/tv/app/getPlayerConfig.js","playerConfig":""},{"isShowExitAppDialog":"apk"}],"loading":"","loginTunnel":0,"resIds":[{"id":201221412,"seq":1},{"id":201713612,"seq":2},{"id":201757412,"seq":3}],"sysTime":1499269541,"tab":[],"tip":"","upgradeType":-1,"url":"","version":""}}
07-05 23:47:39.189 D/AccessToken(10890): [TID 10921] increaseAccessCount() count=1
07-05 23:47:39.189 D/AccessToken(10890): [TID 10921] increaseAccessCount() count=1
07-05 23:47:39.189 D/PlayerSdk/DeviceCheckTask(10890): [TID 10921] deviceCheck.onSuccess: deviceIp: 27.223.99.130
07-05 23:47:39.189 D/PlayerSdk/DeviceCheckTask@25bd1d39(10890): [TID 10921] notifyJobSuccess() Job[PlayerSdk/DeviceCheckTask@25bd1d39](mState=1, mData=Object34823391, mError=null)
07-05 23:47:39.192 I/TVMW@HsSourceManager( 1234): resourceMediaInfoFunction nrData=2
07-05 23:47:39.193 I/TVMW@HsSourceManager( 1234): resourceMediaInfoFunction sharpness=50
07-05 23:47:39.193 I/TVMW@HsSourceManager( 1234): >>>>resourceMediaInfoFunction
07-05 23:47:39.193 I/hstvos  ( 1216):  [0m[1;36m[HSHAL][HS_PQ][HS_HAL_PQ_SetSharpness][419] Exit OK[18500764] OK
07-05 23:47:39.195 E/TVMW@videoctrl( 1234):  getOsd is 1
07-05 23:47:39.195 D/til@system( 2026): til_get_system_param option:1000027 int:1, bool:1, ret:0
07-05 23:47:39.196 D/til     ( 2026): ###### func:til_get_picture_param option:0x3000045 ######  
07-05 23:47:39.196 I/TVMW@HsTvSetting( 1234): Trace cmd, data = 0x300c
07-05 23:47:39.196 I/TVMW@HsTvSetting( 1234): Trace 3d, data = 0x300c
07-05 23:47:39.196 I/TVMW@3d ( 1234): Hs_debug3d_trace: func:get3dStatus, line:109
07-05 23:47:39.199 W/        ( 1204): no callback function match handle 0x3ca0700,
07-05 23:47:39.199 E/MiDisplay( 1204): ERROR pstCallbackParams.
07-05 23:47:39.217 I/MiSysSrv( 1214): [mapi_video_base@Line 1135] [u32PqDelayTime=126,u32UsedTime=99,u16VideoUnMuteTime=0,u32RealyDelayTime=27]
07-05 23:47:39.217 I/MiSysSrv( 1214): [leon.luo]EnableVideoMute = 0,enColor = 5
07-05 23:47:39.218 D/PlayerSdk/GrayScaleSwitcherProvider(10890): [TID 10921] execute: handler has no messages, send it.
07-05 23:47:39.218 D/PlayerSdk/GrayScaleSwitcherProvider(10890): [TID 10921] fetchSwitchData
07-05 23:47:39.219 I/System.out(10890): <TVAPI> DEBUG(isUpdateData): isUpdateData=dynamicQ-true
07-05 23:47:39.220 I/System.out(10890): <TVAPI> DEBUG(TVApiProperty): read passport-device-id=tv_69b1ef544cadbb86e8f28950ece1c76a_1167652938875
07-05 23:47:39.220 I/System.out(10890): <TVAPI> DEBUG(id=7, dynamicQ): url = http://data2.itv.ptqy.gitv.tv/itv/dynamicQ/1210/2.1.0.59986/VIDAA_TV/0/0/1/0/0/0/0
07-05 23:47:39.220 I/System.out(10890): <TVAPI> DEBUG(id=7, dynamicQ): header = qyid:tv_69b1ef544cadbb86e8f28950ece1c76a_1167652938875
07-05 23:47:39.220 I/System.out(10890): <TVAPI> DEBUG(id=7, dynamicQ): header = ov:5.1.1
07-05 23:47:39.220 I/System.out(10890): <TVAPI> DEBUG(id=7, dynamicQ): header = apkVer:2.1.0.59986
07-05 23:47:39.220 I/System.out(10890): <TVAPI> DEBUG(id=7, dynamicQ): header = apiKey:9e14d341281067d05d771f41454858c0
07-05 23:47:39.255 D/vsyncbridge( 1204): [0] handle_thread thread got msg 0x1, mState = 2
07-05 23:47:39.255 D/vsyncbridge( 1204): Overlay 0 state change from 2 to 3
07-05 23:47:39.255 D/vsyncbridge( 1204): VSYNC_BRIDGE_INIT clear dispQ
07-05 23:47:39.255 D/vsyncbridge( 1204): panelWidth = 3840, panelHeight = 2160, [3840 2160 600]
07-05 23:47:39.256 D/vsyncbridge( 1204): Display Path INIT END: 1
07-05 23:47:39.256 D/PowerManagerService( 1733): acquireWakeLockInternal: lock=113832109, flags=0x1, tag="NetworkStats", ws=null, uid=1000, pid=1733
07-05 23:47:39.256 D/PowerManagerNotifier( 1733): onWakeLockAcquired: flags=1, tag="NetworkStats", packageName=android, ownerUid=1000, ownerPid=1733, workSource=null
07-05 23:47:39.256 D/NtpTrustedTime( 1733): currentTimeMillis() cache hit
07-05 23:47:39.257 I/NuPlayerDecoder( 1206):  VSInitOver is true!!!
07-05 23:47:39.258 D/MSTAR_VDEC_DBG( 1206): Stream ID: 0, Rate : 1 (E:0,D:0,S:0,F:20) 
07-05 23:47:39.258 D/NuPlayer( 1206): video rendering start
07-05 23:47:39.259 V/AudioPolicyManager( 1206): DeviceVector::getDevice() for type 00008000 address 0 found 0x0
07-05 23:47:39.259 V/AudioPolicyManager( 1206): getOutput() device 2, stream 3, samplingRate 0, format 0, channelMask 3, flags 0
07-05 23:47:39.259 V/AudioPolicyManager( 1206): getOutput() returns output 2
07-05 23:47:39.259 V/AudioPolicyManager( 1206): DeviceVector::getDevice() for type 00008000 address 0 found 0x0
07-05 23:47:39.259 W/MediaPlayer(10890): info/warning (3, 0)
07-05 23:47:39.259 V/AudioPolicyManager( 1206): getOutput() device 2, stream 3, samplingRate 0, format 0, channelMask 3, flags 0
07-05 23:47:39.259 V/AudioPolicyManager( 1206): getOutput() returns output 2
07-05 23:47:39.259 V/AudioPolicyManager( 1206): getOutputForAttr() usage=1, content=2, tag= flags=00000000
07-05 23:47:39.259 V/AudioPolicyManager( 1206): DeviceVector::getDevice() for type 00008000 address 0 found 0x0
07-05 23:47:39.259 V/AudioPolicyManager( 1206): getOutputForAttr() device 0x2, samplingRate 44100, format 1, channelMask 3, flags 0
07-05 23:47:39.259 V/AudioPolicyManager( 1206): getOutput() returns output 2
07-05 23:47:39.260 V/AudioFlinger( 1206): createTrack() lSessionId: 728
07-05 23:47:39.260 V/AudioFlinger( 1206): acquiring 728 from 1206, for 10890
07-05 23:47:39.260 V/AudioFlinger( 1206):  incremented refcount to 2
07-05 23:47:39.260 V/AudioPolicyManager( 1206): startOutput() output 2, stream 3, session 728
07-05 23:47:39.260 V/AudioPolicyManager( 1206): setBeaconMute(1) mBeaconMuteRefCount=1 mBeaconPlayingRefCount=0
07-05 23:47:39.260 V/AudioPolicyManager( 1206): changeRefCount() stream 3, count 1
07-05 23:47:39.260 V/AudioPolicyManager( 1206): DeviceVector::getDevice() for type 00008000 address 0 found 0x0
07-05 23:47:39.260 V/AudioPolicyManager( 1206): getNewOutputDevice() selected device 2
07-05 23:47:39.260 V/AudioPolicyManager( 1206): setStreamVolumeIndex() stream 12, device 0002, index 15
07-05 23:47:39.260 V/AudioPolicyManager( 1206): setOutputDevice() output 2 device 0002 delayMs 0
07-05 23:47:39.260 V/AudioPolicyManager( 1206): setOutputDevice() prevDevice 0002
07-05 23:47:39.261 V/AudioPolicyManager( 1206): DeviceVector::getDevice() for type 00008000 address 0 found 0x0
07-05 23:47:39.261 V/AudioPolicyManager( 1206): DeviceVector::getDevice() for type 00008000 address 0 found 0x0
07-05 23:47:39.261 V/AudioPolicyManager( 1206): DeviceVector::getDevice() for type 00008000 address 0 found 0x0
07-05 23:47:39.261 V/AudioPolicyManager( 1206): DeviceVector::getDevice() for type 00008000 address 0 found 0x0
07-05 23:47:39.261 V/AudioPolicyManager( 1206): DeviceVector::getDevice() for type 00008000 address 0 found 0x0
07-05 23:47:39.261 V/AudioPolicyManager( 1206): DeviceVector::getDevice() for type 00008000 address 0 found 0x0
07-05 23:47:39.261 V/AudioPolicyManager( 1206): DeviceVector::getDevice() for type 00008000 address 0 found 0x0
07-05 23:47:39.261 V/AudioPolicyManager( 1206): setOutputDevice() changing device
07-05 23:47:39.261 V/AudioPolicyManager( 1206): DeviceVector::refreshTypes() mDeviceTypes 00000002
07-05 23:47:39.261 V/AudioPolicyManager( 1206): DeviceVector::getDevicesFromType() for type 2 found 0xf407cf00
07-05 23:47:39.262 E/audio_hw_primary( 1206): out_set_parameters: routing=2
07-05 23:47:39.263 V/AudioPolicyManager( 1206): setOutputDevice() createAudioPatch returned 0 patchHandle 729num_sources 1 num_sinks 1
07-05 23:47:39.263 V/AudioPolicyManager( 1206): checkAndSetVolume() cannot set stream 6 volume with force use = 0 for comm
07-05 23:47:39.263 V/AudioPolicyManager( 1206): DeviceVector::getDevice() for type 00008000 address 0 found 0x0
07-05 23:47:39.263 V/AudioPolicyManager( 1206): DeviceVector::getDevice() for type 00008000 address 0 found 0x0
07-05 23:47:39.263 V/AudioPolicyManager( 1206): DeviceVector::getDevice() for type 00008000 address 0 found 0x0
07-05 23:47:39.263 V/AudioPolicyManager( 1206): DeviceVector::getDevice() for type 00008000 address 0 found 0x0
07-05 23:47:39.263 V/AudioPolicyManager( 1206): DeviceVector::getDevice() for type 00008000 address 0 found 0x0
07-05 23:47:39.263 V/AudioPolicyManager( 1206): DeviceVector::getDevice() for type 00008000 address 0 found 0x0
07-05 23:47:39.263 V/AudioPolicyManager( 1206): DeviceVector::getDevice() for type 00008000 address 0 found 0x0
07-05 23:47:39.263 V/AudioPolicyManager( 1206): DeviceVector::getDevice() for type 00008000 address 0 found 0x0
07-05 23:47:39.263 W/NuPlayerRenderer( 1206): numFramesAvailableToWrite(7526), mAudioSink frameCount(7526), mAudioQueue size(1), numFramesPlayed(0), mNumFramesWritten(0)
07-05 23:47:39.263 D/NuPlayerRenderer( 1206): mAudioFirstAnchorTimeMediaUs from -1 change to 23219,mLastRenderAudioTimeUs -1,pendingDurationUs 0
07-05 23:47:39.264 D/PowerManagerService( 1733): acquireWakeLockInternal: lock=807763143, flags=0x1, tag="AudioMix", ws=null, uid=1013, pid=0
07-05 23:47:39.264 D/PowerManagerNotifier( 1733): onWakeLockAcquired: flags=1, tag="AudioMix", packageName=media, ownerUid=1013, ownerPid=0, workSource=null
07-05 23:47:39.265 D/PowerManagerService( 1733): updateWakeLockWorkSourceInternal: lock=807763143 [AudioMix], ws=null
07-05 23:47:39.274 D/PowerManagerService( 1733): updateWakeLockWorkSourceInternal: lock=807763143 [AudioMix], ws=WorkSource{10010}
07-05 23:47:39.274 D/PowerManagerNotifier( 1733): onWakeLockReleased: flags=1, tag="AudioMix", packageName=media, ownerUid=1013, ownerPid=0, workSource=null
07-05 23:47:39.274 D/PowerManagerNotifier( 1733): onWakeLockAcquired: flags=1, tag="AudioMix", packageName=media, ownerUid=1013, ownerPid=0, workSource=WorkSource{10010}
07-05 23:47:39.276 D/vsyncbridge( 1204): [update_ds_table,  594] DispW:1632 DispH:920 
07-05 23:47:39.276 D/vsyncbridge( 1204): [update_ds_table,  598] Cap.x:1105 Cap.y:30 CapW:1920 CapH:1080 
07-05 23:47:39.276 D/vsyncbridge( 1204): [update_ds_table,  599] enInputSourceType:34 
07-05 23:47:39.276 D/vsyncbridge( 1204): [update_ds_table,  601] u16InputVTotal:2205  u16InputVFreq:240 
07-05 23:47:39.276 D/vsyncbridge( 1204): [update_ds_table,  603] bInterlace:0  u16DefaultHtotal:0 
07-05 23:47:39.276 D/vsyncbridge( 1204): [update_ds_table,  606] bPreHCusScaling:1  bPreVCusScaling:1 
07-05 23:47:39.276 D/vsyncbridge( 1204): [update_ds_table,  608] u16PreHCusScalingSrc:1920  u16PreHCusScalingDst:1920 
07-05 23:47:39.276 D/vsyncbridge( 1204): [update_ds_table,  610] u16PreVCusScalingSrc:1080  u16PreVCusScalingSrc:1080 
07-05 23:47:39.276 D/vsyncbridge( 1204): [update_ds_table,  613] bHCusScaling:0  bVCusScaling:0 
07-05 23:47:39.276 D/vsyncbridge( 1204): [update_ds_table,  615] u16HCusScalingSrc:1920  u16HCusScalingDst:1632 
07-05 23:47:39.276 D/vsyncbridge( 1204): [update_ds_table,  617] u16VCusScalingSrc:1084  u16VCusScalingDst:920 
07-05 23:47:39.276 D/vsyncbridge( 1204): vsync_bridge_CalAspectRatio type = 0
07-05 23:47:39.276 D/vsyncbridge( 1204): panel [3840 2160] osd [1920 1080] ratio [2.000000 2.000000]
07-05 23:47:39.276 D/vsyncbridge( 1204): apply ratio, x=1098, y=410, width=1632, height=920
07-05 23:47:39.276 D/vsyncbridge( 1204): disp_old[1098 410 2730 1330], disp_new[1098 410 2730 1330], crop[0 0 1920 1080]
07-05 23:47:39.276 D/vsyncbridge( 1204): [update_ds_table,  798] SW DS !!! 
07-05 23:47:39.276 D/vsyncbridge( 1204): [update_ds_table,  800] stXC_SetWin_Info.stCapWin.width1920  stXC_SetWin_Info.stCapWin.height:1080
07-05 23:47:39.276 D/vsyncbridge( 1204): [update_ds_table,  802] stXC_SetWin_Info.stCropWin.width1920  stXC_SetWin_Info.stCropWin.height:1080
07-05 23:47:39.276 D/vsyncbridge( 1204): [update_ds_table,  803] MApi_XC_GetDynamicScalingStatus():1 
07-05 23:47:39.276 D/        ( 1204): Alert: cannot get frameCount from IOCTL, eWindow=0! Fall back to original frame mode
07-05 23:47:39.277 D/        ( 1204): MVOP is 1P mode
07-05 23:47:39.277 D/        ( 1204): [_MDrv_SC_check_2p_mode][9405]u16Width=3840,u16Height=2160,u32Vfreqx10=240
07-05 23:47:39.296 D/vsyncbridge( 1204): Overlay[0] wait_disp_show W 2, R 1, Cur 255, wait time = 31ms
07-05 23:47:39.297 D/NtpTrustedTime( 1733): currentTimeMillis() cache hit
07-05 23:47:39.299 I/System.out(10890): <TVAPI> DEBUG(id=7, dynamicQ, response_time = 61ms): data = {"msg":"","code":"N000000","data":{"apiKey":"","authId":-1,"cnf":{},"flag":"","function":[{"playerConfig":"http://static.ptqy.gitv.tv/js/tv/app/getPlayerConfig.js"},{"appCard":"1"},{"msg_dialog_pos":"4"},{"disableHCDNPreDeploy":"false"},{"dailyInforCornerMark":"http://pic0.ptqy.gitv.tv/common/20170113/4ab9430bee234e2b8c8ae4583669b394.png,http://pic6.ptqy.gitv.tv/common/20170113/d45b2b6ae97a4847a73a245d63f5fe87.png"},{"isDisableAdCache":"0"},{"card_sort":"0"},{"alltag_position":"0"},{"enablePlayerLocalServer":"false"},{"ad_skip_frequency":"-1"},{"enablePlayerLocalServerF4v2Hls":"false"},{"enablePlayerLocalServerStream":"false"},{"disableHcdnDaemon":"false"},{"subChannelPlayerConfig":"http://static.ptqy.gitv.tv/js/tv/app/getSubChannelPlayerConfig.js"},{"childapp":"http://cdn.data.video.ptqy.gitv.tv/cdn/tv/20170630/apk/1_1259_4994_1498801304813.json"},{"chinapokerapp":"http://chessgame.ptqy.gitv.tv/game/info/apis/get_game_info.action?id=212202420"}],"hide":"","ichn":[],"ip":"","ipLoc":"","ipZh":"","is3D":1,"kv":[{"hcdn":"hCDN"},{"homepageHot":""},{"homepageNew":""},{"ruleCode":"http://static.ptqy.gitv.tv/js/tv/app/getPlayerConfig.js","playerConfig":""},{"isShowExitAppDialog":"apk"}],"loading":"","loginTunnel":0,"resIds":[],"support4k":1,"supporth265":1,"sysTime":1499268969,"tab":[],"tip":"","upgradeType":-1,"url":"","verCoupon":"","verMon":"0","verPkg":"","verTvod":"0","version":"","vip":1,"vipCoupon":0,"vipMon":1,"vipPkg":0,"vipTvod":1}}
07-05 23:47:39.299 D/NtpTrustedTime( 1733): currentTimeMillis() cache hit
07-05 23:47:39.299 D/PlayerSdk/GrayScaleSwitcherProvider(10890): [TID 10921] TVApi.dynamicQ: onSuccess
07-05 23:47:39.299 D/NtpTrustedTime( 1733): currentTimeMillis() cache hit
07-05 23:47:39.299 D/PowerManagerService( 1733): releaseWakeLockInternal: lock=113832109 [NetworkStats], flags=0x0
07-05 23:47:39.300 D/PowerManagerNotifier( 1733): onWakeLockReleased: flags=1, tag="NetworkStats", packageName=android, ownerUid=1000, ownerPid=1733, workSource=null
07-05 23:47:39.300 D/PlayerSdk/GrayScaleSwitcherProvider(10890): [TID 10921] TVApi.dynamicQ: data=com.qiyi.tvapi.tv2.model.DeviceCheck@1e987f60, isOpenHcdn=true, sRetryTimesBeforeStarted=3, sRetryTimesAfterStarted=3, isDisableP2PUpload=false, isOpenDrmRootCheck=false
07-05 23:47:39.300 D/PlayerSdk/PlayerSdkProject(10890): [TID 10921] << finishInitialize: consume 1040 ms
07-05 23:47:39.300 D/PlayerSdk/PlayerSdkProject(10890): [TID 10921] isPackageNameCheckPassed=true, isDeviceCheckPass=true
07-05 23:47:39.300 D/PlayerSdk/PlayerFeatureProvider(10890): [TID 10921] notifySuccess(looper=Looper (main, tid 1) {21fdac19}, listener=com.hisense.hicloud.edca.mediaplayer.video.qiyi.QiyiInitTool$1$1@1e88fcb6)
07-05 23:47:39.301 D/PlayerSdk/PlayerFeatureProvider(10890): [TID 10921] << loadPluginPlayerFeature: mSdkFeature=com.qiyi.video.plugin.j@5e072ff
07-05 23:47:39.317 W/linker  (10890): libWasabiJni.so: unused DT entry: type 0x6ffffffe arg 0x5080
07-05 23:47:39.317 W/linker  (10890): libWasabiJni.so: unused DT entry: type 0x6fffffff arg 0x3
07-05 23:47:39.325 D/PlayerSdk/PlayerSdkLibProfile(10890): [TID 11086] isOpenDrmRootCheck=false
07-05 23:47:39.333 D/Carousel-SimpleVideoView(10890): what=3, extra=0
07-05 23:47:39.336 I/Choreographer( 3457): Skipped 42 frames!  The application may be doing too much work on its main thread.
07-05 23:47:39.339 D/Carousel-log_video-(10890): onFirstFrame!
07-05 23:47:39.339 D/Carousel-log_video-(10890): handleFirstFramePlayLog isReplayState:false,mLogPlayState:1
07-05 23:47:39.339 D/Carousel-log_video-(10890): ==first frame log,duration:3208
07-05 23:47:39.340 D/Carousel-log_(10890): ===(Main-Video-278003)-{srccolumnid=3, eventType=278, srcgroupid=10001, appversionname=2.0.0.6, srctabid=0, duration=3208, license=hisense, eventcode=278003, deviceid=86100300900000500000060a4818fca8, mediaid=351, eventPos=003, sessionid=6cb2de14a18a4bec85e11051eb84200d, srcpackagename=com.hisense.hicloud.edca, subscriberid=13287129, playactionuuid=0a494b19-8baf-479f-843e-92f27534e10c, version=2.1, devicemsg=LED50MU8600UC0000888, isall=0, customerid=7195320, srcrowid=0, srceventcode=280000}
07-05 23:47:39.348 I/WASABI  (10890): WASABI version: BUILD DATE: 'Dec 30 2016', BUILD CONFIGURATION: 'Release', VERSION NAME: '1.19.0', VERSION NUMBER: 0x00011300, SHORT DESCRIPTION: 'Wasabi Runtime', LONG DESCRIPTION: '{"wasabi": "1.19.0", "wcscp": "2.22.0", "manufacturer": "intertrust", "os": "Android", "customerid": "c31122", "wcskb": "5.0.0"}', MS520K: 'enforced', VCS CHANGE: 12814
07-05 23:47:39.350 W/System.err(10890): java.net.ConnectException: failed to connect to /10.18.210.112 (port 8900) after 6000ms: isConnected failed: ECONNREFUSED (Connection refused)
07-05 23:47:39.351 W/System.err(10890): 	at libcore.io.IoBridge.isConnected(IoBridge.java:238)
07-05 23:47:39.351 W/System.err(10890): 	at libcore.io.IoBridge.connectErrno(IoBridge.java:171)
07-05 23:47:39.351 W/System.err(10890): 	at libcore.io.IoBridge.connect(IoBridge.java:122)
07-05 23:47:39.351 W/System.err(10890): 	at java.net.PlainSocketImpl.connect(PlainSocketImpl.java:183)
07-05 23:47:39.351 W/System.err(10890): 	at java.net.PlainSocketImpl.connect(PlainSocketImpl.java:456)
07-05 23:47:39.351 W/System.err(10890): 	at java.net.Socket.connect(Socket.java:882)
07-05 23:47:39.351 W/System.err(10890): 	at com.android.okhttp.internal.Platform.connectSocket(Platform.java:174)
07-05 23:47:39.351 W/System.err(10890): 	at com.android.okhttp.Connection.connect(Connection.java:152)
07-05 23:47:39.351 W/System.err(10890): 	at com.android.okhttp.internal.http.HttpEngine.connect(HttpEngine.java:276)
07-05 23:47:39.351 W/System.err(10890): 	at com.android.okhttp.internal.http.HttpEngine.sendRequest(HttpEngine.java:211)
07-05 23:47:39.351 W/System.err(10890): 	at com.android.okhttp.internal.http.HttpURLConnectionImpl.execute(HttpURLConnectionImpl.java:382)
07-05 23:47:39.351 W/System.err(10890): 	at com.android.okhttp.internal.http.HttpURLConnectionImpl.connect(HttpURLConnectionImpl.java:106)
07-05 23:47:39.351 W/System.err(10890): 	at com.hisense.hitv.hicloud.util.ExceptionReport.a(ExceptionReport.java:337)
07-05 23:47:39.351 W/System.err(10890): 	at com.hisense.hitv.hicloud.util.ExceptionReport.a(ExceptionReport.java:39)
07-05 23:47:39.351 W/System.err(10890): 	at com.hisense.hitv.hicloud.util.ExceptionReport$1.run(ExceptionReport.java:83)
07-05 23:47:39.351 W/System.err(10890): 	at java.lang.Thread.run(Thread.java:818)
07-05 23:47:39.351 W/System.err(10890): Caused by: android.system.ErrnoException: isConnected failed: ECONNREFUSED (Connection refused)
07-05 23:47:39.351 W/System.err(10890): 	at libcore.io.IoBridge.isConnected(IoBridge.java:223)
07-05 23:47:39.351 W/System.err(10890): 	... 15 more
07-05 23:47:39.356 I/WebcastSDK-(10890):  eth0 mac is a8a64818fca8
07-05 23:47:39.357 V/PackageManager( 1733): getPackageInfo com.hisense.hicloud.edca: Package{3fb3f3a1 com.hisense.hicloud.edca}
07-05 23:47:39.358 I/WebcastSDK-(10890): getAppVersionCode(), versionCode = 652
07-05 23:47:39.358 D/Carousel-log_(10890): ===(Exception-278003)-{exceptionName=03, eventType=001, eventPos=001, appKey=1120130979, deviceId=86100300900000500000060a4818fca8, appVersion=2.0.0.6, tpye=3, playactionuuid=0a494b19-8baf-479f-843e-92f27534e10c, exceptionMessage={"what":"001","extra":"001"}, mac=a8a64818fca8, version=1.3, extraMessage={"startpackagename":"com.hisense.hicloud.edca","startpackageversion":"652","srcfunctiontype":"280000","functiontype":"278003","channelid":"351","rowid":"0","columnid":"3","isall":"0"}, appName=com.hisense.webcast}
07-05 23:47:39.359 I/QiyiInitTool(10890): onSuccess
07-05 23:47:39.367 W/System.err(10890): java.net.ConnectException: failed to connect to /10.18.210.112 (port 8900) after 6000ms: isConnected failed: ECONNREFUSED (Connection refused)
07-05 23:47:39.367 W/System.err(10890): 	at libcore.io.IoBridge.isConnected(IoBridge.java:238)
07-05 23:47:39.367 W/System.err(10890): 	at libcore.io.IoBridge.connectErrno(IoBridge.java:171)
07-05 23:47:39.367 W/System.err(10890): 	at libcore.io.IoBridge.connect(IoBridge.java:122)
07-05 23:47:39.367 W/System.err(10890): 	at java.net.PlainSocketImpl.connect(PlainSocketImpl.java:183)
07-05 23:47:39.367 W/System.err(10890): 	at java.net.PlainSocketImpl.connect(PlainSocketImpl.java:456)
07-05 23:47:39.367 W/System.err(10890): 	at java.net.Socket.connect(Socket.java:882)
07-05 23:47:39.367 W/System.err(10890): 	at com.android.okhttp.internal.Platform.connectSocket(Platform.java:174)
07-05 23:47:39.367 W/System.err(10890): 	at com.android.okhttp.Connection.connect(Connection.java:152)
07-05 23:47:39.367 W/System.err(10890): 	at com.android.okhttp.internal.http.HttpEngine.connect(HttpEngine.java:276)
07-05 23:47:39.367 W/System.err(10890): 	at com.android.okhttp.internal.http.HttpEngine.sendRequest(HttpEngine.java:211)
07-05 23:47:39.367 W/System.err(10890): 	at com.android.okhttp.internal.http.HttpURLConnectionImpl.execute(HttpURLConnectionImpl.java:382)
07-05 23:47:39.367 W/System.err(10890): 	at com.android.okhttp.internal.http.HttpURLConnectionImpl.connect(HttpURLConnectionImpl.java:106)
07-05 23:47:39.367 W/System.err(10890): 	at com.hisense.hitv.hicloud.util.ExceptionReport.a(ExceptionReport.java:337)
07-05 23:47:39.367 W/System.err(10890): 	at com.hisense.hitv.hicloud.util.ExceptionReport.a(ExceptionReport.java:39)
07-05 23:47:39.367 W/System.err(10890): 	at com.hisense.hitv.hicloud.util.ExceptionReport$1.run(ExceptionReport.java:83)
07-05 23:47:39.367 W/System.err(10890): 	at java.lang.Thread.run(Thread.java:818)
07-05 23:47:39.367 W/System.err(10890): Caused by: android.system.ErrnoException: isConnected failed: ECONNREFUSED (Connection refused)
07-05 23:47:39.376 W/System.err(10890): 	at libcore.io.IoBridge.isConnected(IoBridge.java:223)
07-05 23:47:39.376 W/System.err(10890): 	... 15 more
07-05 23:47:39.569 I/MiSysSrv( 1214): [37m[INFO] Change to Voltage: 102 mv (0x23)[m
07-05 23:47:39.579 D/MutilScreenService(10890): Mutilscreen,mFoundSelf---false
07-05 23:47:39.583 E/WifiStateMachine( 1733): handleMessage: E msg.what=131157
07-05 23:47:39.583 E/WifiStateMachine( 1733): processMsg: InitialState
07-05 23:47:39.583 D/MutilScreenService.java(10890): VodLog-[onHandleIntent:79]Start_Server
07-05 23:47:39.583 E/WifiStateMachine( 1733): processMsg: DefaultState
07-05 23:47:39.584 E/WifiStateMachine( 1733): Error! unhandled message{ when=-1ms what=131157 target=com.android.internal.util.StateMachine$SmHandler }
07-05 23:47:39.584 E/WifiStateMachine( 1733): handleMessage: X
07-05 23:47:39.585 D/MutilScreenService(10890): Started,ServerSocket:/::----53875
07-05 23:47:39.619 I/NetflixMonitorService( 1733): current fgapk : com.hisense.hicloud.edca
07-05 23:47:39.619 I/NetflixMonitorService( 1733): Netflix status unchanged
07-05 23:47:39.681 I/MyFragmentStateAdapter(10890): getCount
07-05 23:47:39.697 I/TVMW@HsTvSetting( 1234): Trace cmd, data = 0x1058
07-05 23:47:39.697 D/til@system( 2026): til_get_system_param option:100002F int:0, bool:0, ret:0
07-05 23:47:39.698 I/TVMW@HsTvSetting( 1234): Trace cmd, data = 0x101f
07-05 23:47:39.699 D/til@system( 2026): til_get_system_param option:100001D int:3, bool:3, ret:0
07-05 23:47:39.699 E/til     ( 2026): [til_get_current_input_source, 101] 
07-05 23:47:39.699 I/TVMW@HsTvSetting( 1234): Trace cmd, data = 0x7007
07-05 23:47:39.699 I/tilwrapper@sm( 2026): HS2TIL_SourceType *hs=0xd, *til=0x900
07-05 23:47:39.699 D/til     ( 2026): get current source 2304
07-05 23:47:39.699 D/SourceRemoteServiceHandler( 2026): getCurrentInputSource.from.til.result is 0, value is 2304
07-05 23:47:39.699 D/SourceRemoteServiceHandler( 2026): getInputSourceType source: 0x900, type=2304
07-05 23:47:39.699 D/til     ( 2026): ###### func:til_get_picture_param option:0x3000006 ######  
07-05 23:47:39.699 I/TVMW@HsTvSetting( 1234): Trace cmd, data = 0x1003
07-05 23:47:39.700 I/TVMW@HsTvSetting( 1234): Trace cmd, data = 0x8032
07-05 23:47:39.700 I/hstvos  ( 1216): [0m[1;33m[HSHAL][HS_VIDEO][HS_HAL_Video_SetOsdDetect_v2][2389]u16Threshold = 20
07-05 23:47:39.701 E/TVMW@videoctrl( 1234):  getOsd is 1
07-05 23:47:39.701 D/til@system( 2026): til_get_system_param option:1000027 int:1, bool:1, ret:0
07-05 23:47:39.701 D/til     ( 2026): ###### func:til_get_picture_param option:0x3000045 ######  
07-05 23:47:39.701 I/TVMW@HsTvSetting( 1234): Trace cmd, data = 0x300c
07-05 23:47:39.701 I/TVMW@HsTvSetting( 1234): Trace 3d, data = 0x300c
07-05 23:47:39.701 I/TVMW@3d ( 1234): Hs_debug3d_trace: func:get3dStatus, line:109
07-05 23:47:39.709 I/HISENSETERMINALAGENCY( 2263): received msg =801
07-05 23:47:39.715 I/HISENSETERMINALAGENCY( 2263): app auth, deviceId =86100300900000500000060a4818fca8
07-05 23:47:39.729 I/MyFragmentStateAdapter(10890): getCount
07-05 23:47:39.751 I/HISENSETERMINALAGENCY( 2263): app auth, has sso, auth success!
07-05 23:47:39.765 I/MyFragmentStateAdapter(10890): getCount
07-05 23:47:39.769 D/MyLocalStartService( 9134): currentName is :com.hisense.hicloud.edca
07-05 23:47:39.773 I/HISENSETERMINALAGENCY( 2263): no need update CachePolicyStrategy!
07-05 23:47:39.774 I/HISENSETERMINALAGENCY( 2263): get cache policy check time interval = 60
07-05 23:47:39.790 I/MyFragmentStateAdapter(10890): getCount
07-05 23:47:39.831 I/MyFragmentStateAdapter(10890): getCount
07-05 23:47:39.877 I/MyFragmentStateAdapter(10890): getCount
07-05 23:47:39.933 I/MyFragmentStateAdapter(10890): getCount
07-05 23:47:39.961 I/MyFragmentStateAdapter(10890): getCount
07-05 23:47:39.970 I/MiSysSrv( 1214): [37m[INFO] Change to Voltage: 117 mv (0x32)[m
07-05 23:47:39.997 I/MyFragmentStateAdapter(10890): getCount
07-05 23:47:40.020 I/TVMW@devctrl( 1234): wdt
07-05 23:47:40.027 I/MyFragmentStateAdapter(10890): getCount
07-05 23:47:40.041 I/MyFragmentStateAdapter(10890): getCount
07-05 23:47:40.069 I/MiSysSrv( 1214): [37m[INFO] Change to Voltage: 117 mv (0x32)[m
07-05 23:47:40.096 I/MyFragmentStateAdapter(10890): getCount
07-05 23:47:40.113 I/MyFragmentStateAdapter(10890): getCount
07-05 23:47:40.125 D/PowerManagerService( 1733): acquireWakeLockInternal: lock=113832109, flags=0x1, tag="NetworkStats", ws=null, uid=1000, pid=1733
07-05 23:47:40.125 D/PowerManagerNotifier( 1733): onWakeLockAcquired: flags=1, tag="NetworkStats", packageName=android, ownerUid=1000, ownerPid=1733, workSource=null
07-05 23:47:40.125 D/NtpTrustedTime( 1733): currentTimeMillis() cache hit
07-05 23:47:40.131 D/NtpTrustedTime( 1733): currentTimeMillis() cache hit
07-05 23:47:40.132 D/NtpTrustedTime( 1733): currentTimeMillis() cache hit
07-05 23:47:40.132 D/NtpTrustedTime( 1733): currentTimeMillis() cache hit
07-05 23:47:40.132 D/PowerManagerService( 1733): releaseWakeLockInternal: lock=113832109 [NetworkStats], flags=0x0
07-05 23:47:40.132 D/PowerManagerNotifier( 1733): onWakeLockReleased: flags=1, tag="NetworkStats", packageName=android, ownerUid=1000, ownerPid=1733, workSource=null
07-05 23:47:40.139 I/MyFragmentStateAdapter(10890): getCount
07-05 23:47:40.164 I/MyFragmentStateAdapter(10890): getCount
07-05 23:47:40.172 I/MiSysSrv( 1214): [37m[INFO] Change to Voltage: 112 mv (0x2D)[m
07-05 23:47:40.190 I/MyFragmentStateAdapter(10890): getCount
07-05 23:47:40.204 I/TVMW@HsTvSetting( 1234): Trace cmd, data = 0x1058
07-05 23:47:40.206 D/til@system( 2026): til_get_system_param option:100002F int:0, bool:0, ret:0
07-05 23:47:40.206 I/TVMW@HsTvSetting( 1234): Trace cmd, data = 0x101f
07-05 23:47:40.206 D/til@system( 2026): til_get_system_param option:100001D int:3, bool:3, ret:0
07-05 23:47:40.206 E/til     ( 2026): [til_get_current_input_source, 101] 
07-05 23:47:40.207 I/TVMW@HsTvSetting( 1234): Trace cmd, data = 0x7007
07-05 23:47:40.207 I/tilwrapper@sm( 2026): HS2TIL_SourceType *hs=0xd, *til=0x900
07-05 23:47:40.207 D/til     ( 2026): get current source 2304
07-05 23:47:40.207 D/SourceRemoteServiceHandler( 2026): getCurrentInputSource.from.til.result is 0, value is 2304
07-05 23:47:40.207 D/SourceRemoteServiceHandler( 2026): getInputSourceType source: 0x900, type=2304
07-05 23:47:40.207 D/til     ( 2026): ###### func:til_get_picture_param option:0x3000006 ######  
07-05 23:47:40.207 I/TVMW@HsTvSetting( 1234): Trace cmd, data = 0x1003
07-05 23:47:40.208 I/TVMW@HsTvSetting( 1234): Trace cmd, data = 0x8032
07-05 23:47:40.209 I/hstvos  ( 1216): [0m[1;33m[HSHAL][HS_VIDEO][HS_HAL_Video_SetOsdDetect_v2][2389]u16Threshold = 20
07-05 23:47:40.210 E/TVMW@videoctrl( 1234):  getOsd is 1
07-05 23:47:40.210 D/til@system( 2026): til_get_system_param option:1000027 int:1, bool:1, ret:0
07-05 23:47:40.210 D/til     ( 2026): ###### func:til_get_picture_param option:0x3000045 ######  
07-05 23:47:40.210 I/TVMW@HsTvSetting( 1234): Trace cmd, data = 0x300c
07-05 23:47:40.210 I/TVMW@HsTvSetting( 1234): Trace 3d, data = 0x300c
07-05 23:47:40.210 I/TVMW@3d ( 1234): Hs_debug3d_trace: func:get3dStatus, line:109
07-05 23:47:40.212 I/MyFragmentStateAdapter(10890): getCount
07-05 23:47:40.238 I/MyFragmentStateAdapter(10890): getCount
07-05 23:47:40.260 I/MyFragmentStateAdapter(10890): getCount
07-05 23:47:40.272 I/MiSysSrv( 1214): [37m[INFO] Change to Voltage: 112 mv (0x2D)[m
07-05 23:47:40.280 I/MyFragmentStateAdapter(10890): getCount
07-05 23:47:40.300 D/MSTAR_VDEC_DBG( 1206): Stream ID: 0, Rate : 24 (E:0,D:0,S:0,F:45) 
07-05 23:47:40.320 I/MyFragmentStateAdapter(10890): getCount
07-05 23:47:40.359 I/MyFragmentStateAdapter(10890): getCount
07-05 23:47:40.372 I/MiSysSrv( 1214): [37m[INFO] Change to Voltage: 107 mv (0x28)[m
07-05 23:47:40.379 I/MyFragmentStateAdapter(10890): getCount
07-05 23:47:40.406 I/MyFragmentStateAdapter(10890): getCount
07-05 23:47:40.428 I/MyFragmentStateAdapter(10890): getCount
07-05 23:47:40.450 I/MyFragmentStateAdapter(10890): getCount
07-05 23:47:40.470 I/MiSysSrv( 1214): [37m[INFO] Change to Voltage: 102 mv (0x23)[m
07-05 23:47:40.475 I/MyFragmentStateAdapter(10890): getCount
07-05 23:47:40.499 I/MyFragmentStateAdapter(10890): getCount
07-05 23:47:40.531 I/MyFragmentStateAdapter(10890): getCount
07-05 23:47:40.558 I/MyFragmentStateAdapter(10890): getCount
07-05 23:47:40.570 I/MiSysSrv( 1214): [37m[INFO] Change to Voltage: 102 mv (0x23)[m
07-05 23:47:40.580 I/MyFragmentStateAdapter(10890): getCount
07-05 23:47:40.611 I/MyFragmentStateAdapter(10890): getCount
07-05 23:47:40.619 I/NetflixMonitorService( 1733): current fgapk : com.hisense.hicloud.edca
07-05 23:47:40.619 I/NetflixMonitorService( 1733): Netflix status unchanged
07-05 23:47:40.649 I/MyFragmentStateAdapter(10890): getCount
07-05 23:47:40.670 I/MyFragmentStateAdapter(10890): getCount
07-05 23:47:40.697 I/MyFragmentStateAdapter(10890): getCount
07-05 23:47:40.712 I/TVMW@HsTvSetting( 1234): Trace cmd, data = 0x1058
07-05 23:47:40.712 D/til@system( 2026): til_get_system_param option:100002F int:0, bool:0, ret:0
07-05 23:47:40.712 I/TVMW@HsTvSetting( 1234): Trace cmd, data = 0x101f
07-05 23:47:40.713 D/til@system( 2026): til_get_system_param option:100001D int:3, bool:3, ret:0
07-05 23:47:40.713 E/til     ( 2026): [til_get_current_input_source, 101] 
07-05 23:47:40.713 I/TVMW@HsTvSetting( 1234): Trace cmd, data = 0x7007
07-05 23:47:40.713 I/tilwrapper@sm( 2026): HS2TIL_SourceType *hs=0xd, *til=0x900
07-05 23:47:40.713 D/til     ( 2026): get current source 2304
07-05 23:47:40.714 D/SourceRemoteServiceHandler( 2026): getCurrentInputSource.from.til.result is 0, value is 2304
07-05 23:47:40.714 D/SourceRemoteServiceHandler( 2026): getInputSourceType source: 0x900, type=2304
07-05 23:47:40.715 D/til     ( 2026): ###### func:til_get_picture_param option:0x3000006 ######  
07-05 23:47:40.716 I/TVMW@HsTvSetting( 1234): Trace cmd, data = 0x1003
07-05 23:47:40.717 I/TVMW@HsTvSetting( 1234): Trace cmd, data = 0x8032
07-05 23:47:40.717 I/hstvos  ( 1216): [0m[1;33m[HSHAL][HS_VIDEO][HS_HAL_Video_SetOsdDetect_v2][2389]u16Threshold = 20
07-05 23:47:40.718 E/TVMW@videoctrl( 1234):  getOsd is 1
07-05 23:47:40.719 D/til@system( 2026): til_get_system_param option:1000027 int:1, bool:1, ret:0
07-05 23:47:40.719 D/til     ( 2026): ###### func:til_get_picture_param option:0x3000045 ######  
07-05 23:47:40.721 I/TVMW@HsTvSetting( 1234): Trace cmd, data = 0x300c
07-05 23:47:40.721 I/TVMW@HsTvSetting( 1234): Trace 3d, data = 0x300c
07-05 23:47:40.721 I/TVMW@3d ( 1234): Hs_debug3d_trace: func:get3dStatus, line:109
07-05 23:47:40.726 I/MyFragmentStateAdapter(10890): getCount
07-05 23:47:40.750 I/MyFragmentStateAdapter(10890): getCount
07-05 23:47:40.786 I/MyFragmentStateAdapter(10890): getCount
07-05 23:47:40.815 I/MyFragmentStateAdapter(10890): getCount
07-05 23:47:40.847 I/MyFragmentStateAdapter(10890): getCount
07-05 23:47:40.872 I/MyFragmentStateAdapter(10890): getCount
07-05 23:47:40.896 I/MyFragmentStateAdapter(10890): getCount
07-05 23:47:40.920 I/MyFragmentStateAdapter(10890): getCount
07-05 23:47:40.920 I/TVMW@devctrl( 1234): wdt
07-05 23:47:40.922 D/DtvSourcePlugin-DVBC( 8758): Setting the EPG Updater state to: WAIT
07-05 23:47:40.947 I/MyFragmentStateAdapter(10890): getCount
07-05 23:47:40.970 D/PowerManagerService( 1733): acquireWakeLockInternal: lock=113832109, flags=0x1, tag="NetworkStats", ws=null, uid=1000, pid=1733
07-05 23:47:40.970 D/PowerManagerNotifier( 1733): onWakeLockAcquired: flags=1, tag="NetworkStats", packageName=android, ownerUid=1000, ownerPid=1733, workSource=null
07-05 23:47:40.970 D/NtpTrustedTime( 1733): currentTimeMillis() cache hit
07-05 23:47:40.987 D/NtpTrustedTime( 1733): currentTimeMillis() cache hit
07-05 23:47:40.989 D/NtpTrustedTime( 1733): currentTimeMillis() cache hit
07-05 23:47:40.989 D/NtpTrustedTime( 1733): currentTimeMillis() cache hit
07-05 23:47:40.989 D/PowerManagerService( 1733): releaseWakeLockInternal: lock=113832109 [NetworkStats], flags=0x0
07-05 23:47:40.990 D/PowerManagerNotifier( 1733): onWakeLockReleased: flags=1, tag="NetworkStats", packageName=android, ownerUid=1000, ownerPid=1733, workSource=null
07-05 23:47:41.017 I/MyFragmentStateAdapter(10890): getCount
07-05 23:47:41.069 I/MiSysSrv( 1214): [37m[INFO] Change to Voltage: 117 mv (0x32)[m
07-05 23:47:41.069 I/MyFragmentStateAdapter(10890): getCount
07-05 23:47:41.109 I/MyFragmentStateAdapter(10890): getCount
07-05 23:47:41.137 I/MyFragmentStateAdapter(10890): getCount
07-05 23:47:41.170 I/MiSysSrv( 1214): [37m[INFO] Change to Voltage: 117 mv (0x32)[m
07-05 23:47:41.171 I/MyFragmentStateAdapter(10890): getCount
07-05 23:47:41.196 I/MyFragmentStateAdapter(10890): getCount
07-05 23:47:41.223 I/TVMW@HsTvSetting( 1234): Trace cmd, data = 0x1058
07-05 23:47:41.223 D/til@system( 2026): til_get_system_param option:100002F int:0, bool:0, ret:0
07-05 23:47:41.223 I/TVMW@HsTvSetting( 1234): Trace cmd, data = 0x101f
07-05 23:47:41.224 D/til@system( 2026): til_get_system_param option:100001D int:3, bool:3, ret:0
07-05 23:47:41.224 E/til     ( 2026): [til_get_current_input_source, 101] 
07-05 23:47:41.224 I/TVMW@HsTvSetting( 1234): Trace cmd, data = 0x7007
07-05 23:47:41.224 I/tilwrapper@sm( 2026): HS2TIL_SourceType *hs=0xd, *til=0x900
07-05 23:47:41.224 D/til     ( 2026): get current source 2304
07-05 23:47:41.224 D/SourceRemoteServiceHandler( 2026): getCurrentInputSource.from.til.result is 0, value is 2304
07-05 23:47:41.224 D/SourceRemoteServiceHandler( 2026): getInputSourceType source: 0x900, type=2304
07-05 23:47:41.224 D/til     ( 2026): ###### func:til_get_picture_param option:0x3000006 ######  
07-05 23:47:41.225 I/TVMW@HsTvSetting( 1234): Trace cmd, data = 0x1003
07-05 23:47:41.225 I/TVMW@HsTvSetting( 1234): Trace cmd, data = 0x8032
07-05 23:47:41.225 I/hstvos  ( 1216): [0m[1;33m[HSHAL][HS_VIDEO][HS_HAL_Video_SetOsdDetect_v2][2389]u16Threshold = 20
07-05 23:47:41.226 E/TVMW@videoctrl( 1234):  getOsd is 1
07-05 23:47:41.226 I/MyFragmentStateAdapter(10890): getCount
07-05 23:47:41.226 D/til@system( 2026): til_get_system_param option:1000027 int:1, bool:1, ret:0
07-05 23:47:41.226 D/til     ( 2026): ###### func:til_get_picture_param option:0x3000045 ######  
07-05 23:47:41.227 I/TVMW@HsTvSetting( 1234): Trace cmd, data = 0x300c
07-05 23:47:41.227 I/TVMW@HsTvSetting( 1234): Trace 3d, data = 0x300c
07-05 23:47:41.227 I/TVMW@3d ( 1234): Hs_debug3d_trace: func:get3dStatus, line:109
07-05 23:47:41.260 I/MyFragmentStateAdapter(10890): getCount
07-05 23:47:41.292 I/MyFragmentStateAdapter(10890): getCount
07-05 23:47:41.332 I/MyFragmentStateAdapter(10890): getCount
07-05 23:47:41.337 D/MSTAR_VDEC_DBG( 1206): Stream ID: 0, Rate : 24 (E:0,D:0,S:0,F:70) 
07-05 23:47:41.369 I/MiSysSrv( 1214): [37m[INFO] Change to Voltage: 117 mv (0x32)[m
07-05 23:47:41.369 I/MyFragmentStateAdapter(10890): getCount
07-05 23:47:41.407 I/MyFragmentStateAdapter(10890): getCount
07-05 23:47:41.430 I/MyFragmentStateAdapter(10890): getCount
07-05 23:47:41.458 I/MyFragmentStateAdapter(10890): getCount
07-05 23:47:41.470 I/MiSysSrv( 1214): [37m[INFO] Change to Voltage: 112 mv (0x2D)[m
07-05 23:47:41.494 I/MyFragmentStateAdapter(10890): getCount
07-05 23:47:41.524 I/MyFragmentStateAdapter(10890): getCount
07-05 23:47:41.562 I/MyFragmentStateAdapter(10890): getCount
07-05 23:47:41.562 V/HotPlugDetectionAction( 1733): Poll all devices.
07-05 23:47:41.600 I/MyFragmentStateAdapter(10890): getCount
07-05 23:47:41.620 I/MyFragmentStateAdapter(10890): getCount
07-05 23:47:41.621 I/NetflixMonitorService( 1733): current fgapk : com.hisense.hicloud.edca
07-05 23:47:41.621 I/NetflixMonitorService( 1733): Netflix status unchanged
07-05 23:47:41.650 I/MyFragmentStateAdapter(10890): getCount
07-05 23:47:41.669 I/MiSysSrv( 1214): [37m[INFO] Change to Voltage: 107 mv (0x28)[m
07-05 23:47:41.684 I/MyFragmentStateAdapter(10890): getCount
07-05 23:47:41.710 I/MyFragmentStateAdapter(10890): getCount
07-05 23:47:41.728 I/TVMW@HsTvSetting( 1234): Trace cmd, data = 0x1058
07-05 23:47:41.728 D/til@system( 2026): til_get_system_param option:100002F int:0, bool:0, ret:0
07-05 23:47:41.729 I/TVMW@HsTvSetting( 1234): Trace cmd, data = 0x101f
07-05 23:47:41.729 D/til@system( 2026): til_get_system_param option:100001D int:3, bool:3, ret:0
07-05 23:47:41.729 E/til     ( 2026): [til_get_current_input_source, 101] 
07-05 23:47:41.730 I/TVMW@HsTvSetting( 1234): Trace cmd, data = 0x7007
07-05 23:47:41.730 I/tilwrapper@sm( 2026): HS2TIL_SourceType *hs=0xd, *til=0x900
07-05 23:47:41.730 D/til     ( 2026): get current source 2304
07-05 23:47:41.730 D/SourceRemoteServiceHandler( 2026): getCurrentInputSource.from.til.result is 0, value is 2304
07-05 23:47:41.730 D/SourceRemoteServiceHandler( 2026): getInputSourceType source: 0x900, type=2304
07-05 23:47:41.730 D/til     ( 2026): ###### func:til_get_picture_param option:0x3000006 ######  
07-05 23:47:41.731 I/TVMW@HsTvSetting( 1234): Trace cmd, data = 0x1003
07-05 23:47:41.731 I/TVMW@HsTvSetting( 1234): Trace cmd, data = 0x8032
07-05 23:47:41.731 I/hstvos  ( 1216): [0m[1;33m[HSHAL][HS_VIDEO][HS_HAL_Video_SetOsdDetect_v2][2389]u16Threshold = 20
07-05 23:47:41.732 E/TVMW@videoctrl( 1234):  getOsd is 1
07-05 23:47:41.732 D/til@system( 2026): til_get_system_param option:1000027 int:1, bool:1, ret:0
07-05 23:47:41.732 D/til     ( 2026): ###### func:til_get_picture_param option:0x3000045 ######  
07-05 23:47:41.732 I/TVMW@HsTvSetting( 1234): Trace cmd, data = 0x300c
07-05 23:47:41.732 I/TVMW@HsTvSetting( 1234): Trace 3d, data = 0x300c
07-05 23:47:41.733 I/TVMW@3d ( 1234): Hs_debug3d_trace: func:get3dStatus, line:109
07-05 23:47:41.761 I/MyFragmentStateAdapter(10890): getCount
07-05 23:47:41.804 I/MyFragmentStateAdapter(10890): getCount
07-05 23:47:41.821 I/TVMW@devctrl( 1234): wdt
07-05 23:47:41.829 D/PowerManagerService( 1733): acquireWakeLockInternal: lock=113832109, flags=0x1, tag="NetworkStats", ws=null, uid=1000, pid=1733
07-05 23:47:41.829 D/PowerManagerNotifier( 1733): onWakeLockAcquired: flags=1, tag="NetworkStats", packageName=android, ownerUid=1000, ownerPid=1733, workSource=null
07-05 23:47:41.829 D/NtpTrustedTime( 1733): currentTimeMillis() cache hit
07-05 23:47:41.846 D/NtpTrustedTime( 1733): currentTimeMillis() cache hit
07-05 23:47:41.848 D/NtpTrustedTime( 1733): currentTimeMillis() cache hit
07-05 23:47:41.848 I/MyFragmentStateAdapter(10890): getCount
07-05 23:47:41.848 D/NtpTrustedTime( 1733): currentTimeMillis() cache hit
07-05 23:47:41.848 D/PowerManagerService( 1733): releaseWakeLockInternal: lock=113832109 [NetworkStats], flags=0x0
07-05 23:47:41.849 D/PowerManagerNotifier( 1733): onWakeLockReleased: flags=1, tag="NetworkStats", packageName=android, ownerUid=1000, ownerPid=1733, workSource=null
07-05 23:47:41.871 I/MiSysSrv( 1214): [37m[INFO] Change to Voltage: 102 mv (0x23)[m
07-05 23:47:41.881 I/MyFragmentStateAdapter(10890): getCount
07-05 23:47:41.887 D/GlobalInputEventMonitoringService( 1733): interceptKeyBeforeQueueing(), event:22, mNeedMonitorKeyEvent:true, mWaitForKeyUpEvent:false
07-05 23:47:41.887 D/GlobalInputEventMonitoringService( 1733): processKeyEvent(), processKeyEvent event:22
07-05 23:47:41.888 D/WindowManager( 1733): interceptKeyTq keycode=22 interactive=true keyguardActive=false policyFlags=2b000000 isCancled= false
07-05 23:47:41.888 D/PowerManagerService( 1733): userActivityNoUpdateLocked: eventTime=18503458, event=1, flags=0x0, uid=1000
07-05 23:47:41.888 D/WindowManager( 1733): interceptKeyTi keyCode=22 down=true repeatCount=0 keyguardOn=false mHomePressed=false canceled=false
07-05 23:47:41.889 D/WindowManager( 1733): Hisense systemkey event: 22
07-05 23:47:41.889 D/HisenseGlobalKeyManager( 1733): handleGlobalKey() : Global event = KeyEvent { action=ACTION_DOWN, keyCode=KEYCODE_DPAD_RIGHT, scanCode=0, metaState=0, flags=0x0, repeatCount=0, eventTime=18503458, downTime=18503458, deviceId=-1, source=0x101 }
07-05 23:47:41.903 D/SogouIME( 2203): [onKeyDown] keycode = 22 model = VIDAA_TV
07-05 23:47:41.909 D/Carousel-CarouselDisplayPlayerLayout(10890): HasFocus:false,keyCode:22
07-05 23:47:41.909 D/Carousel-CarouselDisplayPlayerLayout(10890): isFullScreen:false
07-05 23:47:41.909 I/HomeMainActivity(10890): carousel handle key:false
07-05 23:47:41.909 I/MainHomeView(10890): dispatchKeyEvent ACTION_DOWN now 
07-05 23:47:41.909 I/TabView (10890): onKeyListener() ACTION_DOWN keyCode -- 22
07-05 23:47:41.909 I/SoftFragmentList(10890): fetchCacheFragment  enter ---- index = 2
07-05 23:47:41.909 D/SoftFragmentList(10890): fetchCacheFragment  mFragmentCache.size() = 3
