07-05 21:05:03.079 V/AudioPolicyManager( 1206): DeviceVector::getDevice() for type 00008000 address 0 found 0x0
07-05 21:05:03.079 V/AudioPolicyManager( 1206): getOutputForAttr() device 0x2, samplingRate 44100, format 1, channelMask 3, flags 0
07-05 21:05:03.079 V/AudioPolicyManager( 1206): getOutput() returns output 2
07-05 21:05:03.079 V/AudioFlinger( 1206): createTrack() lSessionId: 243
07-05 21:05:03.079 V/AudioFlinger( 1206): acquiring 243 from 1206, for 17574
07-05 21:05:03.079 V/AudioFlinger( 1206):  incremented refcount to 2
07-05 21:05:03.080 V/AudioPolicyManager( 1206): startOutput() output 2, stream 3, session 243
07-05 21:05:03.080 V/AudioPolicyManager( 1206): setBeaconMute(1) mBeaconMuteRefCount=1 mBeaconPlayingRefCount=0
07-05 21:05:03.080 V/AudioPolicyManager( 1206): changeRefCount() stream 3, count 1
07-05 21:05:03.080 V/AudioPolicyManager( 1206): DeviceVector::getDevice() for type 00008000 address 0 found 0x0
07-05 21:05:03.080 V/AudioPolicyManager( 1206): getNewOutputDevice() selected device 2
07-05 21:05:03.080 V/AudioPolicyManager( 1206): setStreamVolumeIndex() stream 12, device 0002, index 15
07-05 21:05:03.080 V/AudioPolicyManager( 1206): setOutputDevice() output 2 device 0002 delayMs 0
07-05 21:05:03.080 V/AudioPolicyManager( 1206): setOutputDevice() prevDevice 0002
07-05 21:05:03.080 V/AudioPolicyManager( 1206): DeviceVector::getDevice() for type 00008000 address 0 found 0x0
07-05 21:05:03.080 V/AudioPolicyManager( 1206): DeviceVector::getDevice() for type 00008000 address 0 found 0x0
07-05 21:05:03.080 V/AudioPolicyManager( 1206): DeviceVector::getDevice() for type 00008000 address 0 found 0x0
07-05 21:05:03.080 V/AudioPolicyManager( 1206): DeviceVector::getDevice() for type 00008000 address 0 found 0x0
07-05 21:05:03.080 V/AudioPolicyManager( 1206): DeviceVector::getDevice() for type 00008000 address 0 found 0x0
07-05 21:05:03.080 V/AudioPolicyManager( 1206): DeviceVector::getDevice() for type 00008000 address 0 found 0x0
07-05 21:05:03.080 V/AudioPolicyManager( 1206): DeviceVector::getDevice() for type 00008000 address 0 found 0x0
07-05 21:05:03.080 V/AudioPolicyManager( 1206): setOutputDevice() changing device
07-05 21:05:03.080 V/AudioPolicyManager( 1206): DeviceVector::refreshTypes() mDeviceTypes 00000002
07-05 21:05:03.080 V/AudioPolicyManager( 1206): DeviceVector::getDevicesFromType() for type 2 found 0xf407cf00
07-05 21:05:03.080 D/Carousel-SimpleVideoView(17574): what=3, extra=0
07-05 21:05:03.081 D/Carousel-log_video-(17574): onFirstFrame!
07-05 21:05:03.081 D/Carousel-log_video-(17574): handleFirstFramePlayLog isReplayState:false,mLogPlayState:1
07-05 21:05:03.081 D/Carousel-log_video-(17574): ==first frame log,duration:2869
07-05 21:05:03.082 D/Carousel-log_(17574): ===(Main-Video-278003)-{srccolumnid=3, eventType=278, srcgroupid=10001, appversionname=2.0.0.6, srctabid=0, duration=2869, license=hisense, eventcode=278003, deviceid=86100300900000500000060a4818fca8, mediaid=351, eventPos=003, sessionid=f8b4beb844db4e3ca3f32c7b9f5336a0, srcpackagename=com.hisense.hicloud.edca, subscriberid=13287129, playactionuuid=08d60112-84d6-43b3-ad9b-de8d2be20d57, version=2.1, devicemsg=LED50MU8600UC0000888, isall=0, customerid=7195320, srcrowid=0, srceventcode=280000}
07-05 21:05:03.089 W/System.err(17574): java.net.ConnectException: failed to connect to /10.18.210.112 (port 8900) after 6000ms: isConnected failed: ECONNREFUSED (Connection refused)
07-05 21:05:03.090 W/System.err(17574): 	at libcore.io.IoBridge.isConnected(IoBridge.java:238)
07-05 21:05:03.090 W/System.err(17574): 	at libcore.io.IoBridge.connectErrno(IoBridge.java:171)
07-05 21:05:03.090 W/System.err(17574): 	at libcore.io.IoBridge.connect(IoBridge.java:122)
07-05 21:05:03.090 W/System.err(17574): 	at java.net.PlainSocketImpl.connect(PlainSocketImpl.java:183)
07-05 21:05:03.090 W/System.err(17574): 	at java.net.PlainSocketImpl.connect(PlainSocketImpl.java:456)
07-05 21:05:03.090 W/System.err(17574): 	at java.net.Socket.connect(Socket.java:882)
07-05 21:05:03.090 W/System.err(17574): 	at com.android.okhttp.internal.Platform.connectSocket(Platform.java:174)
07-05 21:05:03.090 W/System.err(17574): 	at com.android.okhttp.Connection.connect(Connection.java:152)
07-05 21:05:03.090 W/System.err(17574): 	at com.android.okhttp.internal.http.HttpEngine.connect(HttpEngine.java:276)
07-05 21:05:03.090 W/System.err(17574): 	at com.android.okhttp.internal.http.HttpEngine.sendRequest(HttpEngine.java:211)
07-05 21:05:03.090 W/System.err(17574): 	at com.android.okhttp.internal.http.HttpURLConnectionImpl.execute(HttpURLConnectionImpl.java:382)
07-05 21:05:03.090 W/System.err(17574): 	at com.android.okhttp.internal.http.HttpURLConnectionImpl.connect(HttpURLConnectionImpl.java:106)
07-05 21:05:03.090 W/System.err(17574): 	at com.hisense.hitv.hicloud.util.ExceptionReport.a(ExceptionReport.java:337)
07-05 21:05:03.090 W/System.err(17574): 	at com.hisense.hitv.hicloud.util.ExceptionReport.a(ExceptionReport.java:39)
07-05 21:05:03.090 W/System.err(17574): 	at com.hisense.hitv.hicloud.util.ExceptionReport$1.run(ExceptionReport.java:83)
07-05 21:05:03.090 W/System.err(17574): 	at java.lang.Thread.run(Thread.java:818)
07-05 21:05:03.090 W/System.err(17574): Caused by: android.system.ErrnoException: isConnected failed: ECONNREFUSED (Connection refused)
07-05 21:05:03.090 W/System.err(17574): 	at libcore.io.IoBridge.isConnected(IoBridge.java:223)
07-05 21:05:03.090 W/System.err(17574): 	... 15 more
07-05 21:05:03.092 E/audio_hw_primary( 1206): out_set_parameters: routing=2
07-05 21:05:03.093 V/AudioPolicyManager( 1206): setOutputDevice() createAudioPatch returned 0 patchHandle 244num_sources 1 num_sinks 1
07-05 21:05:03.093 V/AudioPolicyManager( 1206): checkAndSetVolume() cannot set stream 6 volume with force use = 0 for comm
07-05 21:05:03.093 V/AudioPolicyManager( 1206): DeviceVector::getDevice() for type 00008000 address 0 found 0x0
07-05 21:05:03.093 V/AudioPolicyManager( 1206): DeviceVector::getDevice() for type 00008000 address 0 found 0x0
07-05 21:05:03.093 V/AudioPolicyManager( 1206): DeviceVector::getDevice() for type 00008000 address 0 found 0x0
07-05 21:05:03.093 V/AudioPolicyManager( 1206): DeviceVector::getDevice() for type 00008000 address 0 found 0x0
07-05 21:05:03.093 V/AudioPolicyManager( 1206): DeviceVector::getDevice() for type 00008000 address 0 found 0x0
07-05 21:05:03.093 V/AudioPolicyManager( 1206): DeviceVector::getDevice() for type 00008000 address 0 found 0x0
07-05 21:05:03.093 V/AudioPolicyManager( 1206): DeviceVector::getDevice() for type 00008000 address 0 found 0x0
07-05 21:05:03.093 V/AudioPolicyManager( 1206): DeviceVector::getDevice() for type 00008000 address 0 found 0x0
07-05 21:05:03.094 W/NuPlayerRenderer( 1206): numFramesAvailableToWrite(7526), mAudioSink frameCount(7526), mAudioQueue size(4), numFramesPlayed(0), mNumFramesWritten(0)
07-05 21:05:03.094 D/NuPlayerRenderer( 1206): mAudioFirstAnchorTimeMediaUs from -1 change to 23219,mLastRenderAudioTimeUs -1,pendingDurationUs 0
07-05 21:05:03.107 D/PowerManagerService( 1733): updateWakeLockWorkSourceInternal: lock=488870863 [AudioMix], ws=WorkSource{10010}
07-05 21:05:03.107 D/PowerManagerNotifier( 1733): onWakeLockReleased: flags=1, tag="AudioMix", packageName=media, ownerUid=1013, ownerPid=0, workSource=null
07-05 21:05:03.107 D/PowerManagerNotifier( 1733): onWakeLockAcquired: flags=1, tag="AudioMix", packageName=media, ownerUid=1013, ownerPid=0, workSource=WorkSource{10010}
07-05 21:05:03.112 D/vsyncbridge( 1204): [update_ds_table,  594] DispW:1632 DispH:920 
07-05 21:05:03.112 D/vsyncbridge( 1204): [update_ds_table,  598] Cap.x:1105 Cap.y:30 CapW:1920 CapH:1080 
07-05 21:05:03.112 D/vsyncbridge( 1204): [update_ds_table,  599] enInputSourceType:34 
07-05 21:05:03.112 D/vsyncbridge( 1204): [update_ds_table,  601] u16InputVTotal:2205  u16InputVFreq:240 
07-05 21:05:03.112 D/vsyncbridge( 1204): [update_ds_table,  603] bInterlace:0  u16DefaultHtotal:0 
07-05 21:05:03.112 D/vsyncbridge( 1204): [update_ds_table,  606] bPreHCusScaling:1  bPreVCusScaling:1 
07-05 21:05:03.112 D/vsyncbridge( 1204): [update_ds_table,  608] u16PreHCusScalingSrc:1920  u16PreHCusScalingDst:1920 
07-05 21:05:03.112 D/vsyncbridge( 1204): [update_ds_table,  610] u16PreVCusScalingSrc:1080  u16PreVCusScalingSrc:1080 
07-05 21:05:03.112 D/vsyncbridge( 1204): [update_ds_table,  613] bHCusScaling:0  bVCusScaling:0 
07-05 21:05:03.112 D/vsyncbridge( 1204): [update_ds_table,  615] u16HCusScalingSrc:1920  u16HCusScalingDst:1632 
07-05 21:05:03.112 D/vsyncbridge( 1204): [update_ds_table,  617] u16VCusScalingSrc:1084  u16VCusScalingDst:920 
07-05 21:05:03.112 D/vsyncbridge( 1204): vsync_bridge_CalAspectRatio type = 0
07-05 21:05:03.112 D/vsyncbridge( 1204): panel [3840 2160] osd [1920 1080] ratio [2.000000 2.000000]
07-05 21:05:03.112 D/vsyncbridge( 1204): apply ratio, x=1098, y=410, width=1632, height=920
07-05 21:05:03.112 D/vsyncbridge( 1204): disp_old[1098 410 2730 1330], disp_new[1098 410 2730 1330], crop[0 0 1920 1080]
07-05 21:05:03.112 D/vsyncbridge( 1204): [update_ds_table,  798] SW DS !!! 
07-05 21:05:03.112 D/vsyncbridge( 1204): [update_ds_table,  800] stXC_SetWin_Info.stCapWin.width1920  stXC_SetWin_Info.stCapWin.height:1080
07-05 21:05:03.112 D/vsyncbridge( 1204): [update_ds_table,  802] stXC_SetWin_Info.stCropWin.width1920  stXC_SetWin_Info.stCropWin.height:1080
07-05 21:05:03.112 D/vsyncbridge( 1204): [update_ds_table,  803] MApi_XC_GetDynamicScalingStatus():1 
07-05 21:05:03.113 D/        ( 1204): Alert: cannot get frameCount from IOCTL, eWindow=0! Fall back to original frame mode
07-05 21:05:03.113 D/        ( 1204): MVOP is 1P mode
07-05 21:05:03.113 D/        ( 1204): [_MDrv_SC_check_2p_mode][9405]u16Width=3840,u16Height=2160,u32Vfreqx10=240
07-05 21:05:03.127 D/vsyncbridge( 1204): Overlay[0] wait_disp_show W 2, R 1, Cur 255, wait time = 36ms
07-05 21:05:03.130 I/MyFragmentStateAdapter(17574): getCount
07-05 21:05:03.131 I/TVWhiteList(17574): strRes = 
07-05 21:05:03.141 D/pingbacklog/getHardwareInfo(17574): getHardwareInfo: info=muji
07-05 21:05:03.151 D/pingbacklog-set(17574): QiyiPingBack2.setAnonymityId is be used, mAnonymityId = tv_69b1ef544cadbb86e8f28950ece1c76a
07-05 21:05:03.151 D/pingbacklog-set(17574): QiyiPingBack2.setPassportId is be used, UserId = null
07-05 21:05:03.152 I/MemTotal:        1958344 kB(17574): MemTotal:	
07-05 21:05:03.152 I/MemTotal:        1958344 kB(17574): 1958344	
07-05 21:05:03.152 I/MemTotal:        1958344 kB(17574): kB	
07-05 21:05:03.154 D/PlayerSdk/PlayerSdkProject(17574): [TID 17605] initPingback: domainName=ptqy.gitv.tv, ver=2.1.0.59986, uuid=20151228165619572MkCHJfWb11209, userId=null, isNewUser=true, deviceid=tv_69b1ef544cadbb86e8f28950ece1c76a_1167652938875, setAnonymityId=tv_69b1ef544cadbb86e8f28950ece1c76a
07-05 21:05:03.164 D/PlayerSdk/CheckPackageNameJob(17574): [TID 17605] SdkConfigManager.instance().getConfig() = SdkConfig@31aff91f{mCustomerCode=60, mPlayerConfigType=4, mPlatformType=HAIXIN, mLoginType=SUB_ACCOUNT, mIsEnableDolby=false, mIsEnableH265=false, mIsEnable4K=true, mIsSupportYinhePingback=false, mShouldDoPlayCheck=true, mshouldGetUuidFromServer=true, mPingbackS1=2, mPingbackS2=simple_sdk, mPingbackP2=3128, mDomainName=ptqy.gitv.tv, mIsDebugVersion=false, mIsDebugVersion=false, mCustomerPackageNames=[com.hisense.hicloud.edca], mEnableSetBitstream=true}
07-05 21:05:03.169 I/MiSysSrv( 1214): [37m[INFO] Change to Voltage: 117 mv (0x32)[m
07-05 21:05:03.177 D/PlayerSdk/CheckPackageNameJob@1ba57018(17574): [TID 17605] isCancelled() Job[PlayerSdk/CheckPackageNameJob@1ba57018](mState=0, mData=Object257261654, mError=null) return false
07-05 21:05:03.177 D/PlayerSdk/CheckPackageNameJob(17574): [TID 17605] onRun(), mCurrentPackageName=com.hisense.hicloud.edca, mCustomerPackageNames=511068292:[com.hisense.hicloud.edca]
07-05 21:05:03.179 D/PlayerSdk/CheckPackageNameJob@1ba57018(17574): [TID 17605] notifyJobSuccess() Job[PlayerSdk/CheckPackageNameJob@1ba57018](mState=1, mData=Object257261654, mError=null)
07-05 21:05:03.179 D/PlayerSdk/DeviceCheckTask@38283a71(17574): [TID 17605] isCancelled() Job[PlayerSdk/DeviceCheckTask@38283a71](mState=0, mData=Object755370199, mError=null) return false
07-05 21:05:03.179 D/PlayerSdk/DeviceCheckTask(17574): [TID 17605] execte.onRun: isDevChecked=false, isDeviceCheckPass=false
07-05 21:05:03.180 D/AccessToken(17574): [TID 17605] isAllowedAccess() count=0, now=1499259903179, time=1499259903179, mMaxCount = 5, duration = 600000, mAccessTime = 0, return true
07-05 21:05:03.180 D/AccessToken(17574): [TID 17605] isAllowedAccess() count=0, now=1499259903180, time=1499259903180, mMaxCount = 5, duration = 600000, mAccessTime = 0, return true
07-05 21:05:03.181 D/PlayerSdk/DeviceCheckTask(17574): [TID 17605] deviceCheck
07-05 21:05:03.181 D/PlayerSdk/DeviceCheckTask(17574): [TID 17605] deviceCheck: devCheckTest=-1
07-05 21:05:03.183 I/System.out(17574): <TVAPI> DEBUG(isUpdateData): isUpdateData=devRegister-true
07-05 21:05:03.183 I/System.out(17574): <TVAPI> DEBUG(TVAPI): uuid=20151228165619572MkCHJfWb11209
07-05 21:05:03.183 I/System.out(17574): <TVAPI> DEBUG(TVAPI): version=2.1.0.59986
07-05 21:05:03.183 I/System.out(17574): <TVAPI> DEBUG(TVApiProperty): read passport-device-id=tv_69b1ef544cadbb86e8f28950ece1c76a_1167652938875
07-05 21:05:03.183 I/System.out(17574): <TVAPI> DEBUG(id=6, systemTime): url = http://pdata.video.ptqy.gitv.tv/k
07-05 21:05:03.183 I/System.out(17574): D/(load-playerplugin, CommonApi-systemTime): url=http://pdata.video.ptqy.gitv.tv/k
07-05 21:05:03.184 I/System.out(17574): <TVAPI> DEBUG(id=5, devRegister): url = http://data2.itv.ptqy.gitv.tv/itv/devRegister/OGFjZjgxODQ2YThhLzIwMTUxMjI4MTY1NjE5NTcyTWtDSEpmV2IxMTIwOS8yLjEuMC41OTk4Ng/39467112fe7be1432adcf86e152f4899
07-05 21:05:03.184 I/System.out(17574): <TVAPI> DEBUG(id=5, devRegister): header = qyid:tv_69b1ef544cadbb86e8f28950ece1c76a_1167652938875
07-05 21:05:03.184 I/System.out(17574): <TVAPI> DEBUG(id=5, devRegister): header = ov:5.1.1
07-05 21:05:03.184 I/System.out(17574): <TVAPI> DEBUG(id=5, devRegister): header = apkVer:2.1.0.59986
07-05 21:05:03.200 D/PowerManagerService( 1733): releaseWakeLockInternal: lock=541667676 [AudioMix], flags=0x0
07-05 21:05:03.200 D/PowerManagerNotifier( 1733): onWakeLockReleased: flags=1, tag="AudioMix", packageName=media, ownerUid=1013, ownerPid=0, workSource=null
07-05 21:05:03.224 I/System.out(17574): <TVAPI> DEBUG(System Time): 1499259902
07-05 21:05:03.224 I/System.out(17574): <TVAPI> DEBUG(id=6, systemTime, response_time = 41ms): data = {"t":"1499259902","m":"2b12f525a2cdcf55b337b3809f5c4dceee44c50ce708393e","u":"2b12f525a2cdcf55d4215435b416c9b4cd209a1d88b78425","i":"220.181.109.33","k":"2b12f525a2cdcf554f043efb85b8c04e9db42e51cb91c539"}
07-05 21:05:03.248 I/System.out(17574): <TVAPI> DEBUG(id=5, devRegister, response_time = 62ms): data = {"msg":"","code":"N000000","data":{"apiKey":"9e14d341281067d05d771f41454858c0","authId":1210,"flag":"","hide":"qiyicom","ip":"27.223.99.130","ipLoc":"1-48-3-6-6002-0-77","ipZh":"-----None-","kv":[{"hcdn":"hCDN"},{"homepageHot":""},{"homepageNew":""},{"ruleCode":"http://static.ptqy.gitv.tv/js/tv/app/getPlayerConfig.js","playerConfig":""},{"isShowExitAppDialog":"apk"}],"loading":"","loginTunnel":0,"resIds":[{"id":201221412,"seq":1},{"id":201713612,"seq":2},{"id":201757412,"seq":3}],"sysTime":1499256334,"tab":[],"tip":"","upgradeType":-1,"url":"","version":""}}
07-05 21:05:03.249 D/AccessToken(17574): [TID 17605] increaseAccessCount() count=1
07-05 21:05:03.249 D/AccessToken(17574): [TID 17605] increaseAccessCount() count=1
07-05 21:05:03.249 D/PlayerSdk/DeviceCheckTask(17574): [TID 17605] deviceCheck.onSuccess: deviceIp: 27.223.99.130
07-05 21:05:03.249 D/PlayerSdk/DeviceCheckTask@38283a71(17574): [TID 17605] notifyJobSuccess() Job[PlayerSdk/DeviceCheckTask@38283a71](mState=1, mData=Object755370199, mError=null)
07-05 21:05:03.253 I/NetflixMonitorService( 1733): current fgapk : com.hisense.hicloud.edca
07-05 21:05:03.253 I/NetflixMonitorService( 1733): Netflix status unchanged
07-05 21:05:03.254 D/PlayerSdk/GrayScaleSwitcherProvider(17574): [TID 17605] execute: handler has no messages, send it.
07-05 21:05:03.255 D/PlayerSdk/GrayScaleSwitcherProvider(17574): [TID 17605] fetchSwitchData
07-05 21:05:03.255 I/MyFragmentStateAdapter(17574): getCount
07-05 21:05:03.256 I/System.out(17574): <TVAPI> DEBUG(isUpdateData): isUpdateData=dynamicQ-true
07-05 21:05:03.256 I/System.out(17574): <TVAPI> DEBUG(TVApiProperty): read passport-device-id=tv_69b1ef544cadbb86e8f28950ece1c76a_1167652938875
07-05 21:05:03.256 I/System.out(17574): <TVAPI> DEBUG(id=7, dynamicQ): url = http://data2.itv.ptqy.gitv.tv/itv/dynamicQ/1210/2.1.0.59986/VIDAA_TV/0/0/1/0/0/0/0
07-05 21:05:03.256 I/System.out(17574): <TVAPI> DEBUG(id=7, dynamicQ): header = qyid:tv_69b1ef544cadbb86e8f28950ece1c76a_1167652938875
07-05 21:05:03.256 I/System.out(17574): <TVAPI> DEBUG(id=7, dynamicQ): header = ov:5.1.1
07-05 21:05:03.256 I/System.out(17574): <TVAPI> DEBUG(id=7, dynamicQ): header = apkVer:2.1.0.59986
07-05 21:05:03.256 I/System.out(17574): <TVAPI> DEBUG(id=7, dynamicQ): header = apiKey:9e14d341281067d05d771f41454858c0
07-05 21:05:03.265 D/MutilScreenService(17574): Mutilscreen,mFoundSelf---false
07-05 21:05:03.267 E/WifiStateMachine( 1733): handleMessage: E msg.what=131157
07-05 21:05:03.267 E/WifiStateMachine( 1733): processMsg: InitialState
07-05 21:05:03.268 E/WifiStateMachine( 1733): processMsg: DefaultState
07-05 21:05:03.268 D/MutilScreenService.java(17574): VodLog-[onHandleIntent:79]Start_Server
07-05 21:05:03.269 E/WifiStateMachine( 1733): Error! unhandled message{ when=-3ms what=131157 target=com.android.internal.util.StateMachine$SmHandler }
07-05 21:05:03.269 E/WifiStateMachine( 1733): handleMessage: X
07-05 21:05:03.272 I/HLSP2P  ( 3457): ## 2017-07-05 21:05:03.271 [3457,3628,:0] INFO ## [HLSP2P][TaskManager.cpp:1325][INFO][TryAdjustMemorySize]system memory total size: 1912M, free size: 375MB, cache add to 30MB, AppState: 14
07-05 21:05:03.273 I/Choreographer( 3457): Skipped 34 frames!  The application may be doing too much work on its main thread.
07-05 21:05:03.278 D/MutilScreenService(17574): Started,ServerSocket:/::----43869
07-05 21:05:03.296 I/MyFragmentStateAdapter(17574): getCount
07-05 21:05:03.315 I/MyFragmentStateAdapter(17574): getCount
07-05 21:05:03.331 I/MyFragmentStateAdapter(17574): getCount
07-05 21:05:03.358 I/MyFragmentStateAdapter(17574): getCount
07-05 21:05:03.362 I/System.out(17574): <TVAPI> DEBUG(id=7, dynamicQ, response_time = 98ms): data = {"msg":"","code":"N000000","data":{"apiKey":"","authId":-1,"cnf":{},"flag":"","function":[{"playerConfig":"http://static.ptqy.gitv.tv/js/tv/app/getPlayerConfig.js"},{"appCard":"1"},{"msg_dialog_pos":"4"},{"disableHCDNPreDeploy":"false"},{"dailyInforCornerMark":"http://pic0.ptqy.gitv.tv/common/20170113/4ab9430bee234e2b8c8ae4583669b394.png,http://pic6.ptqy.gitv.tv/common/20170113/d45b2b6ae97a4847a73a245d63f5fe87.png"},{"isDisableAdCache":"0"},{"card_sort":"0"},{"alltag_position":"0"},{"enablePlayerLocalServer":"false"},{"ad_skip_frequency":"-1"},{"enablePlayerLocalServerF4v2Hls":"false"},{"enablePlayerLocalServerStream":"false"},{"disableHcdnDaemon":"false"},{"subChannelPlayerConfig":"http://static.ptqy.gitv.tv/js/tv/app/getSubChannelPlayerConfig.js"},{"childapp":"http://cdn.data.video.ptqy.gitv.tv/cdn/tv/20170630/apk/1_1259_4994_1498801304813.json"},{"chinapokerapp":"http://chessgame.ptqy.gitv.tv/game/info/apis/get_game_info.action?id=212202420"}],"hide":"","ichn":[],"ip":"","ipLoc":"","ipZh":"","is3D":1,"kv":[{"hcdn":"hCDN"},{"homepageHot":""},{"homepageNew":""},{"ruleCode":"http://static.ptqy.gitv.tv/js/tv/app/getPlayerConfig.js","playerConfig":""},{"isShowExitAppDialog":"apk"}],"loading":"","loginTunnel":0,"resIds":[],"support4k":1,"supporth265":1,"sysTime":1499259903,"tab":[],"tip":"","upgradeType":-1,"url":"","verCoupon":"","verMon":"0","verPkg":"","verTvod":"0","version":"","vip":1,"vipCoupon":0,"vipMon":1,"vipPkg":0,"vipTvod":1}}
07-05 21:05:03.362 D/PlayerSdk/GrayScaleSwitcherProvider(17574): [TID 17605] TVApi.dynamicQ: onSuccess
07-05 21:05:03.363 D/PlayerSdk/GrayScaleSwitcherProvider(17574): [TID 17605] TVApi.dynamicQ: data=com.qiyi.tvapi.tv2.model.DeviceCheck@304fc551, isOpenHcdn=true, sRetryTimesBeforeStarted=3, sRetryTimesAfterStarted=3, isDisableP2PUpload=false, isOpenDrmRootCheck=false
07-05 21:05:03.363 D/PlayerSdk/PlayerSdkProject(17574): [TID 17605] << finishInitialize: consume 702 ms
07-05 21:05:03.363 D/PlayerSdk/PlayerSdkProject(17574): [TID 17605] isPackageNameCheckPassed=true, isDeviceCheckPass=true
07-05 21:05:03.363 D/PlayerSdk/PlayerFeatureProvider(17574): [TID 17605] notifySuccess(looper=Looper (main, tid 1) {dbbe1b6}, listener=com.hisense.hicloud.edca.mediaplayer.video.qiyi.QiyiInitTool$1$1@1e88fcb6)
07-05 21:05:03.364 D/PlayerSdk/PlayerFeatureProvider(17574): [TID 17605] << loadPluginPlayerFeature: mSdkFeature=com.qiyi.video.plugin.j@34a60cfc
07-05 21:05:03.371 I/MiSysSrv( 1214): [37m[INFO] Change to Voltage: 107 mv (0x28)[m
07-05 21:05:03.383 I/QiyiInitTool(17574): onSuccess
07-05 21:05:03.390 W/linker  (17574): libWasabiJni.so: unused DT entry: type 0x6ffffffe arg 0x5080
07-05 21:05:03.390 W/linker  (17574): libWasabiJni.so: unused DT entry: type 0x6fffffff arg 0x3
07-05 21:05:03.391 E/MyDataReported(17144): ******ReportTime=60
07-05 21:05:03.395 D/MC_MEMORY(16055): max: 256.261888 Mb, heap: 10.10797 Mb, allocated: 8.8756 Mb, free: 1.2042 Mb, native heap: 12.12276 Mb, native allocated: 8.8303 Mb, native free: 3.3973 Mb
07-05 21:05:03.396 I/MyFragmentStateAdapter(17574): getCount
07-05 21:05:03.417 D/PlayerSdk/PlayerSdkLibProfile(17574): [TID 17809] isOpenDrmRootCheck=false
07-05 21:05:03.423 I/MyFragmentStateAdapter(17574): getCount
07-05 21:05:03.447 I/MyFragmentStateAdapter(17574): getCount
07-05 21:05:03.458 I/WASABI  (17574): WASABI version: BUILD DATE: 'Dec 30 2016', BUILD CONFIGURATION: 'Release', VERSION NAME: '1.19.0', VERSION NUMBER: 0x00011300, SHORT DESCRIPTION: 'Wasabi Runtime', LONG DESCRIPTION: '{"wasabi": "1.19.0", "wcscp": "2.22.0", "manufacturer": "intertrust", "os": "Android", "customerid": "c31122", "wcskb": "5.0.0"}', MS520K: 'enforced', VCS CHANGE: 12814
07-05 21:05:03.470 I/MiSysSrv( 1214): [37m[INFO] Change to Voltage: 102 mv (0x23)[m
07-05 21:05:03.478 I/TVMW@HsTvSetting( 1234): Trace cmd, data = 0x1058
07-05 21:05:03.478 D/til@system( 2026): til_get_system_param option:100002F int:0, bool:0, ret:0
07-05 21:05:03.478 I/TVMW@HsTvSetting( 1234): Trace cmd, data = 0x101f
07-05 21:05:03.478 D/til@system( 2026): til_get_system_param option:100001D int:3, bool:3, ret:0
07-05 21:05:03.478 E/til     ( 2026): [til_get_current_input_source, 101] 
07-05 21:05:03.478 I/TVMW@HsTvSetting( 1234): Trace cmd, data = 0x7007
07-05 21:05:03.479 I/tilwrapper@sm( 2026): HS2TIL_SourceType *hs=0xd, *til=0x900
07-05 21:05:03.479 D/til     ( 2026): get current source 2304
07-05 21:05:03.479 D/SourceRemoteServiceHandler( 2026): getCurrentInputSource.from.til.result is 0, value is 2304
07-05 21:05:03.479 D/SourceRemoteServiceHandler( 2026): getInputSourceType source: 0x900, type=2304
07-05 21:05:03.479 D/til     ( 2026): ###### func:til_get_picture_param option:0x3000006 ######  
07-05 21:05:03.479 I/TVMW@HsTvSetting( 1234): Trace cmd, data = 0x1003
07-05 21:05:03.479 I/TVMW@HsTvSetting( 1234): Trace cmd, data = 0x8032
07-05 21:05:03.480 I/hstvos  ( 1216): [0m[1;33m[HSHAL][HS_VIDEO][HS_HAL_Video_SetOsdDetect_v2][2389]u16Threshold = 20
07-05 21:05:03.480 I/MyFragmentStateAdapter(17574): getCount
07-05 21:05:03.490 E/TVMW@videoctrl( 1234):  getOsd is 1
07-05 21:05:03.490 D/til@system( 2026): til_get_system_param option:1000027 int:1, bool:1, ret:0
07-05 21:05:03.490 D/til     ( 2026): ###### func:til_get_picture_param option:0x3000045 ######  
07-05 21:05:03.490 I/TVMW@HsTvSetting( 1234): Trace cmd, data = 0x300c
07-05 21:05:03.490 I/TVMW@HsTvSetting( 1234): Trace 3d, data = 0x300c
07-05 21:05:03.490 I/TVMW@3d ( 1234): Hs_debug3d_trace: func:get3dStatus, line:109
07-05 21:05:03.514 I/MyFragmentStateAdapter(17574): getCount
07-05 21:05:03.542 I/MyFragmentStateAdapter(17574): getCount
07-05 21:05:03.569 I/MiSysSrv( 1214): [37m[INFO] Change to Voltage: 102 mv (0x23)[m
07-05 21:05:03.581 I/MyFragmentStateAdapter(17574): getCount
07-05 21:05:03.618 I/MyFragmentStateAdapter(17574): getCount
07-05 21:05:03.650 I/MyFragmentStateAdapter(17574): getCount
07-05 21:05:03.670 I/MiSysSrv( 1214): [37m[INFO] Change to Voltage: 102 mv (0x23)[m
07-05 21:05:03.713 I/MyFragmentStateAdapter(17574): getCount
07-05 21:05:03.741 I/TVMW@devctrl( 1234): wdt
07-05 21:05:03.769 I/MiSysSrv( 1214): [37m[INFO] Change to Voltage: 117 mv (0x32)[m
07-05 21:05:03.785 I/MyFragmentStateAdapter(17574): getCount
07-05 21:05:03.818 I/art     (17574): Background partial concurrent mark sweep GC freed 37858(2MB) AllocSpace objects, 15(8MB) LOS objects, 13% free, 26MB/30MB, paused 8.151ms total 164.861ms
07-05 21:05:03.836 I/MyFragmentStateAdapter(17574): getCount
07-05 21:05:03.867 I/MyFragmentStateAdapter(17574): getCount
07-05 21:05:03.897 I/MyFragmentStateAdapter(17574): getCount
07-05 21:05:03.898 D/ReminderManager(15961): Checking reminders in 60000 ms
07-05 21:05:03.922 I/MyFragmentStateAdapter(17574): getCount
07-05 21:05:03.944 I/MyFragmentStateAdapter(17574): getCount
07-05 21:05:03.973 I/MyFragmentStateAdapter(17574): getCount
07-05 21:05:03.987 E/NetworkManager(17574): [TID 17795] << request(http://www.baidu.com, 8744401): connect internet failed, url=http://www.baidu.com
07-05 21:05:03.988 D/NetworkManager(17574): [TID 17794] tryConnectFirst: result=false, time consumed=1158ms
07-05 21:05:03.988 D/NetworkManager(17574): [TID 17794] >> getRequestTask(http://www.qq.com)
07-05 21:05:03.988 D/NetworkManager(17574): [TID 17795] >> request(http://www.qq.com, 8745560)
07-05 21:05:03.989 D/NetworkManager(17574): [TID 17795] request(http://www.qq.com, 8745560): openConnection
07-05 21:05:03.991 D/NetworkManager(17574): [TID 17794] getRequestTask(http://www.qq.com): current pool size=2, queue=[]
07-05 21:05:03.991 D/NetworkManager(17574): [TID 17794] getRequestTask(http://www.qq.com): submitted task={java.util.concurrent.FutureTask@2088beb7, 8745560}
07-05 21:05:03.991 D/NetworkManager(17574): [TID 17794] << getRequestTask(http://www.qq.com): returned task=java.util.concurrent.FutureTask@2088beb7
07-05 21:05:03.991 D/NetworkManager(17574): [TID 17794] >> getRequestTask(http://www.iqiyi.com)
07-05 21:05:03.991 I/TVMW@HsTvSetting( 1234): Trace cmd, data = 0x1058
07-05 21:05:03.992 D/NetworkManager(17574): [TID 17794] getRequestTask(http://www.iqiyi.com): current pool size=3, queue=[]
07-05 21:05:03.992 D/til@system( 2026): til_get_system_param option:100002F int:0, bool:0, ret:0
07-05 21:05:03.992 D/NetworkManager(17574): [TID 17794] getRequestTask(http://www.iqiyi.com): submitted task={java.util.concurrent.FutureTask@c7a658d, 8745563}
07-05 21:05:03.992 D/NetworkManager(17574): [TID 17794] << getRequestTask(http://www.iqiyi.com): returned task=java.util.concurrent.FutureTask@c7a658d
07-05 21:05:03.992 D/NetworkManager(17574): [TID 17794] >> getRequestTask(http://www.163.com)
07-05 21:05:03.992 I/TVMW@HsTvSetting( 1234): Trace cmd, data = 0x101f
07-05 21:05:03.992 D/til@system( 2026): til_get_system_param option:100001D int:3, bool:3, ret:0
07-05 21:05:03.992 D/NetworkManager(17574): [TID 17794] getRequestTask(http://www.163.com): current pool size=4, queue=[]
07-05 21:05:03.992 D/NetworkManager(17574): [TID 17794] getRequestTask(http://www.163.com): submitted task={java.util.concurrent.FutureTask@30608f53, 8745563}
07-05 21:05:03.992 D/NetworkManager(17574): [TID 17794] << getRequestTask(http://www.163.com): returned task=java.util.concurrent.FutureTask@30608f53
07-05 21:05:03.992 D/NetworkManager(17574): [TID 17794] >> getRequestTask(http://www.taobao.com)
07-05 21:05:03.992 E/til     ( 2026): [til_get_current_input_source, 101] 
07-05 21:05:03.992 I/TVMW@HsTvSetting( 1234): Trace cmd, data = 0x7007
07-05 21:05:03.992 I/tilwrapper@sm( 2026): HS2TIL_SourceType *hs=0xd, *til=0x900
07-05 21:05:03.992 D/til     ( 2026): get current source 2304
07-05 21:05:03.992 D/SourceRemoteServiceHandler( 2026): getCurrentInputSource.from.til.result is 0, value is 2304
07-05 21:05:03.992 D/SourceRemoteServiceHandler( 2026): getInputSourceType source: 0x900, type=2304
07-05 21:05:03.993 D/NetworkManager(17574): [TID 17794] getRequestTask(http://www.taobao.com): current pool size=5, queue=[]
07-05 21:05:03.993 D/til     ( 2026): ###### func:til_get_picture_param option:0x3000006 ######  
07-05 21:05:03.993 D/NetworkManager(17574): [TID 17794] getRequestTask(http://www.taobao.com): submitted task={java.util.concurrent.FutureTask@1a34cd89, 8745564}
07-05 21:05:03.993 D/NetworkManager(17574): [TID 17794] << getRequestTask(http://www.taobao.com): returned task=java.util.concurrent.FutureTask@1a34cd89
07-05 21:05:03.993 D/NetworkManager(17574): [TID 17794] >> getRequestTask(http://www.sina.com.cn)
07-05 21:05:03.993 I/TVMW@HsTvSetting( 1234): Trace cmd, data = 0x1003
07-05 21:05:03.993 D/NetworkManager(17574): [TID 17794] getRequestTask(http://www.sina.com.cn): current pool size=6, queue=[]
07-05 21:05:03.993 D/NetworkManager(17574): [TID 17794] getRequestTask(http://www.sina.com.cn): submitted task={java.util.concurrent.FutureTask@39dacdaf, 8745564}
07-05 21:05:03.993 D/NetworkManager(17574): [TID 17794] << getRequestTask(http://www.sina.com.cn): returned task=java.util.concurrent.FutureTask@39dacdaf
07-05 21:05:03.994 D/NetworkManager(17574): [TID 17820] >> request(http://www.taobao.com, 8745564)
07-05 21:05:03.995 D/NetworkManager(17574): [TID 17820] request(http://www.taobao.com, 8745564): openConnection
07-05 21:05:03.995 D/NetworkManager(17574): [TID 17819] >> request(http://www.163.com, 8745563)
07-05 21:05:03.996 I/TVMW@HsTvSetting( 1234): Trace cmd, data = 0x8032
07-05 21:05:03.996 D/NetworkManager(17574): [TID 17819] request(http://www.163.com, 8745563): openConnection
07-05 21:05:03.997 I/hstvos  ( 1216): [0m[1;33m[HSHAL][HS_VIDEO][HS_HAL_Video_SetOsdDetect_v2][2389]u16Threshold = 20
07-05 21:05:03.997 E/TVMW@videoctrl( 1234):  getOsd is 1
07-05 21:05:03.997 D/til@system( 2026): til_get_system_param option:1000027 int:1, bool:1, ret:0
07-05 21:05:03.997 D/til     ( 2026): ###### func:til_get_picture_param option:0x3000045 ######  
07-05 21:05:03.998 I/TVMW@HsTvSetting( 1234): Trace cmd, data = 0x300c
07-05 21:05:03.998 I/TVMW@HsTvSetting( 1234): Trace 3d, data = 0x300c
07-05 21:05:03.998 I/TVMW@3d ( 1234): Hs_debug3d_trace: func:get3dStatus, line:109
07-05 21:05:04.001 D/NetworkManager(17574): [TID 17818] >> request(http://www.iqiyi.com, 8745563)
07-05 21:05:04.002 D/NetworkManager(17574): [TID 17818] request(http://www.iqiyi.com, 8745563): openConnection
07-05 21:05:04.007 D/NetworkManager(17574): [TID 17821] >> request(http://www.sina.com.cn, 8745564)
07-05 21:05:04.011 D/NetworkManager(17574): [TID 17821] request(http://www.sina.com.cn, 8745564): openConnection
07-05 21:05:04.015 I/MyFragmentStateAdapter(17574): getCount
07-05 21:05:04.040 I/MyFragmentStateAdapter(17574): getCount
07-05 21:05:04.075 D/NetworkManager(17574): [TID 17795] << request(http://www.qq.com, 8745560): connect internet success, url=http://www.qq.com
07-05 21:05:04.079 D/NetworkManager(17574): [TID 17794] retryConnectOthers: result=true, time consumed=91ms
07-05 21:05:04.081 I/MyFragmentStateAdapter(17574): getCount
07-05 21:05:04.083 E/NetworkManager(17574): [TID 17821] << request(http://www.sina.com.cn, 8745564): connect internet failed, url=http://www.sina.com.cn
07-05 21:05:04.086 D/MSTAR_VDEC_DBG( 1206): Stream ID: 0, Rate : 24 (E:0,D:0,S:0,F:44) 
07-05 21:05:04.088 D/NetworkManager(17574): [TID 17794] getRealState: activeNetInfo={[type: Ethernet[], state: CONNECTED/CONNECTED, reason: (unspecified), extra: a8:a6:48:18:fc:a8, roaming: false, failover: false, isAvailable: true, isConnectedToProvisioningNetwork: false]}, isConnected=true
07-05 21:05:04.120 D/NetworkManager(17574): [TID 17574] onNetStateChanged(2)
07-05 21:05:04.127 I/MyFragmentStateAdapter(17574): getCount
07-05 21:05:04.160 I/MyFragmentStateAdapter(17574): getCount
07-05 21:05:04.165 E/NetworkManager(17574): [TID 17820] << request(http://www.taobao.com, 8745564): connect internet failed, url=http://www.taobao.com
07-05 21:05:04.176 D/NetworkManager(17574): [TID 17819] << request(http://www.163.com, 8745563): connect internet success, url=http://www.163.com
07-05 21:05:04.193 I/MyFragmentStateAdapter(17574): getCount
07-05 21:05:04.211 I/MyFragmentStateAdapter(17574): getCount
07-05 21:05:04.248 I/MyFragmentStateAdapter(17574): getCount
07-05 21:05:04.254 I/NetflixMonitorService( 1733): current fgapk : com.hisense.hicloud.edca
07-05 21:05:04.254 I/NetflixMonitorService( 1733): Netflix status unchanged
07-05 21:05:04.255 D/NetworkManager(17574): [TID 17818] << request(http://www.iqiyi.com, 8745563): connect internet success, url=http://www.iqiyi.com
07-05 21:05:04.278 I/MyFragmentStateAdapter(17574): getCount
07-05 21:05:04.311 I/MyFragmentStateAdapter(17574): getCount
07-05 21:05:04.349 I/MyFragmentStateAdapter(17574): getCount
07-05 21:05:04.369 I/MiSysSrv( 1214): [37m[INFO] Change to Voltage: 117 mv (0x32)[m
07-05 21:05:04.371 I/MyFragmentStateAdapter(17574): getCount
07-05 21:05:04.398 I/MyFragmentStateAdapter(17574): getCount
07-05 21:05:04.429 I/MyFragmentStateAdapter(17574): getCount
07-05 21:05:04.451 I/MyFragmentStateAdapter(17574): getCount
07-05 21:05:04.469 I/MiSysSrv( 1214): [37m[INFO] Change to Voltage: 112 mv (0x2D)[m
07-05 21:05:04.477 I/MyFragmentStateAdapter(17574): getCount
07-05 21:05:04.499 I/TVMW@HsTvSetting( 1234): Trace cmd, data = 0x1058
07-05 21:05:04.499 D/til@system( 2026): til_get_system_param option:100002F int:0, bool:0, ret:0
07-05 21:05:04.499 I/TVMW@HsTvSetting( 1234): Trace cmd, data = 0x101f
07-05 21:05:04.499 D/til@system( 2026): til_get_system_param option:100001D int:3, bool:3, ret:0
07-05 21:05:04.499 E/til     ( 2026): [til_get_current_input_source, 101] 
07-05 21:05:04.500 I/TVMW@HsTvSetting( 1234): Trace cmd, data = 0x7007
07-05 21:05:04.500 I/tilwrapper@sm( 2026): HS2TIL_SourceType *hs=0xd, *til=0x900
07-05 21:05:04.500 D/til     ( 2026): get current source 2304
07-05 21:05:04.500 D/SourceRemoteServiceHandler( 2026): getCurrentInputSource.from.til.result is 0, value is 2304
07-05 21:05:04.500 D/SourceRemoteServiceHandler( 2026): getInputSourceType source: 0x900, type=2304
07-05 21:05:04.500 D/til     ( 2026): ###### func:til_get_picture_param option:0x3000006 ######  
07-05 21:05:04.501 I/TVMW@HsTvSetting( 1234): Trace cmd, data = 0x1003
07-05 21:05:04.501 I/TVMW@HsTvSetting( 1234): Trace cmd, data = 0x8032
07-05 21:05:04.501 I/hstvos  ( 1216): [0m[1;33m[HSHAL][HS_VIDEO][HS_HAL_Video_SetOsdDetect_v2][2389]u16Threshold = 20
07-05 21:05:04.505 E/TVMW@videoctrl( 1234):  getOsd is 1
07-05 21:05:04.506 D/til@system( 2026): til_get_system_param option:1000027 int:1, bool:1, ret:0
07-05 21:05:04.511 D/til     ( 2026): ###### func:til_get_picture_param option:0x3000045 ######  
07-05 21:05:04.512 I/TVMW@HsTvSetting( 1234): Trace cmd, data = 0x300c
07-05 21:05:04.512 I/TVMW@HsTvSetting( 1234): Trace 3d, data = 0x300c
07-05 21:05:04.512 I/TVMW@3d ( 1234): Hs_debug3d_trace: func:get3dStatus, line:109
07-05 21:05:04.512 I/MyFragmentStateAdapter(17574): getCount
07-05 21:05:04.538 I/MyFragmentStateAdapter(17574): getCount
07-05 21:05:04.552 E/btif_config( 2964): [btif_config_get] node is TRUE!
07-05 21:05:04.552 E/btif_config( 2964): [btif_config_get] ret is TRUE!
07-05 21:05:04.569 I/MiSysSrv( 1214): [37m[INFO] Change to Voltage: 117 mv (0x32)[m
07-05 21:05:04.569 I/MyFragmentStateAdapter(17574): getCount
07-05 21:05:04.590 I/MyFragmentStateAdapter(17574): getCount
07-05 21:05:04.619 I/MyFragmentStateAdapter(17574): getCount
07-05 21:05:04.642 I/TVMW@devctrl( 1234): wdt
07-05 21:05:04.643 I/MyFragmentStateAdapter(17574): getCount
07-05 21:05:04.660 I/MyFragmentStateAdapter(17574): getCount
07-05 21:05:04.669 I/MiSysSrv( 1214): [37m[INFO] Change to Voltage: 112 mv (0x2D)[m
07-05 21:05:04.686 I/MyFragmentStateAdapter(17574): getCount
07-05 21:05:04.713 I/MyFragmentStateAdapter(17574): getCount
07-05 21:05:04.735 E/btif_config( 2964): [btif_config_get] node is TRUE!
07-05 21:05:04.735 E/btif_config( 2964): [btif_config_get] ret is TRUE!
07-05 21:05:04.740 I/MyFragmentStateAdapter(17574): getCount
07-05 21:05:04.763 I/MyFragmentStateAdapter(17574): getCount
07-05 21:05:04.769 I/MiSysSrv( 1214): [37m[INFO] Change to Voltage: 102 mv (0x23)[m
07-05 21:05:04.795 I/MyFragmentStateAdapter(17574): getCount
07-05 21:05:04.825 I/MyFragmentStateAdapter(17574): getCount
07-05 21:05:04.851 I/MyFragmentStateAdapter(17574): getCount
07-05 21:05:04.881 I/MyFragmentStateAdapter(17574): getCount
07-05 21:05:04.911 I/MyFragmentStateAdapter(17574): getCount
07-05 21:05:04.936 I/MyFragmentStateAdapter(17574): getCount
07-05 21:05:04.962 I/MyFragmentStateAdapter(17574): getCount
07-05 21:05:04.989 I/MyFragmentStateAdapter(17574): getCount
07-05 21:05:05.013 I/TVMW@HsTvSetting( 1234): Trace cmd, data = 0x1058
07-05 21:05:05.013 D/til@system( 2026): til_get_system_param option:100002F int:0, bool:0, ret:0
07-05 21:05:05.013 I/TVMW@HsTvSetting( 1234): Trace cmd, data = 0x101f
07-05 21:05:05.014 D/til@system( 2026): til_get_system_param option:100001D int:3, bool:3, ret:0
07-05 21:05:05.014 E/til     ( 2026): [til_get_current_input_source, 101] 
07-05 21:05:05.014 I/TVMW@HsTvSetting( 1234): Trace cmd, data = 0x7007
07-05 21:05:05.014 I/tilwrapper@sm( 2026): HS2TIL_SourceType *hs=0xd, *til=0x900
07-05 21:05:05.014 D/til     ( 2026): get current source 2304
07-05 21:05:05.015 D/SourceRemoteServiceHandler( 2026): getCurrentInputSource.from.til.result is 0, value is 2304
07-05 21:05:05.015 D/SourceRemoteServiceHandler( 2026): getInputSourceType source: 0x900, type=2304
07-05 21:05:05.015 D/til     ( 2026): ###### func:til_get_picture_param option:0x3000006 ######  
07-05 21:05:05.015 I/TVMW@HsTvSetting( 1234): Trace cmd, data = 0x1003
07-05 21:05:05.017 I/TVMW@HsTvSetting( 1234): Trace cmd, data = 0x8032
07-05 21:05:05.017 I/hstvos  ( 1216): [0m[1;33m[HSHAL][HS_VIDEO][HS_HAL_Video_SetOsdDetect_v2][2389]u16Threshold = 20
07-05 21:05:05.018 E/TVMW@videoctrl( 1234):  getOsd is 1
07-05 21:05:05.018 D/til@system( 2026): til_get_system_param option:1000027 int:1, bool:1, ret:0
07-05 21:05:05.018 D/til     ( 2026): ###### func:til_get_picture_param option:0x3000045 ######  
07-05 21:05:05.018 I/TVMW@HsTvSetting( 1234): Trace cmd, data = 0x300c
07-05 21:05:05.018 I/TVMW@HsTvSetting( 1234): Trace 3d, data = 0x300c
07-05 21:05:05.018 I/TVMW@3d ( 1234): Hs_debug3d_trace: func:get3dStatus, line:109
07-05 21:05:05.029 I/MyFragmentStateAdapter(17574): getCount
07-05 21:05:05.050 I/MyFragmentStateAdapter(17574): getCount
07-05 21:05:05.081 I/MyFragmentStateAdapter(17574): getCount
07-05 21:05:05.115 I/MyFragmentStateAdapter(17574): getCount
07-05 21:05:05.136 D/MSTAR_VDEC_DBG( 1206): Stream ID: 0, Rate : 23 (E:0,D:0,S:0,F:69) 
07-05 21:05:05.144 I/MyFragmentStateAdapter(17574): getCount
07-05 21:05:05.172 I/MyFragmentStateAdapter(17574): getCount
07-05 21:05:05.200 I/MyFragmentStateAdapter(17574): getCount
07-05 21:05:05.232 I/MyFragmentStateAdapter(17574): getCount
07-05 21:05:05.255 I/NetflixMonitorService( 1733): current fgapk : com.hisense.hicloud.edca
07-05 21:05:05.255 I/NetflixMonitorService( 1733): Netflix status unchanged
07-05 21:05:05.268 I/MyFragmentStateAdapter(17574): getCount
07-05 21:05:05.306 I/MyFragmentStateAdapter(17574): getCount
07-05 21:05:05.331 I/MyFragmentStateAdapter(17574): getCount
07-05 21:05:05.364 I/MyFragmentStateAdapter(17574): getCount
07-05 21:05:05.369 I/MiSysSrv( 1214): [37m[INFO] Change to Voltage: 117 mv (0x32)[m
07-05 21:05:05.391 I/MyFragmentStateAdapter(17574): getCount
07-05 21:05:05.422 I/MyFragmentStateAdapter(17574): getCount
07-05 21:05:05.448 I/MyFragmentStateAdapter(17574): getCount
07-05 21:05:05.468 I/MyFragmentStateAdapter(17574): getCount
07-05 21:05:05.499 I/MyFragmentStateAdapter(17574): getCount
07-05 21:05:05.519 I/TVMW@HsTvSetting( 1234): Trace cmd, data = 0x1058
07-05 21:05:05.520 D/til@system( 2026): til_get_system_param option:100002F int:0, bool:0, ret:0
07-05 21:05:05.520 I/TVMW@HsTvSetting( 1234): Trace cmd, data = 0x101f
07-05 21:05:05.520 D/til@system( 2026): til_get_system_param option:100001D int:3, bool:3, ret:0
07-05 21:05:05.520 E/til     ( 2026): [til_get_current_input_source, 101] 
07-05 21:05:05.520 I/TVMW@HsTvSetting( 1234): Trace cmd, data = 0x7007
07-05 21:05:05.520 I/tilwrapper@sm( 2026): HS2TIL_SourceType *hs=0xd, *til=0x900
07-05 21:05:05.520 D/til     ( 2026): get current source 2304
07-05 21:05:05.520 D/SourceRemoteServiceHandler( 2026): getCurrentInputSource.from.til.result is 0, value is 2304
07-05 21:05:05.520 D/SourceRemoteServiceHandler( 2026): getInputSourceType source: 0x900, type=2304
07-05 21:05:05.520 D/til     ( 2026): ###### func:til_get_picture_param option:0x3000006 ######  
07-05 21:05:05.520 I/TVMW@HsTvSetting( 1234): Trace cmd, data = 0x1003
07-05 21:05:05.521 I/TVMW@HsTvSetting( 1234): Trace cmd, data = 0x8032
07-05 21:05:05.521 I/hstvos  ( 1216): [0m[1;33m[HSHAL][HS_VIDEO][HS_HAL_Video_SetOsdDetect_v2][2389]u16Threshold = 20
07-05 21:05:05.525 E/TVMW@videoctrl( 1234):  getOsd is 1
07-05 21:05:05.525 E/TVMW@videoctrl( 1234): hs_mw_videoctrl.cpp getOsdShow result is        1
07-05 21:05:05.525 D/til@system( 2026): til_get_system_param option:1000027 int:1, bool:1, ret:0
07-05 21:05:05.525 D/til     ( 2026): ###### func:til_get_picture_param option:0x3000045 ######  
07-05 21:05:05.525 I/TVMW@HsTvSetting( 1234): Trace cmd, data = 0x300c
07-05 21:05:05.525 I/TVMW@HsTvSetting( 1234): Trace 3d, data = 0x300c
07-05 21:05:05.525 I/TVMW@3d ( 1234): Hs_debug3d_trace: func:get3dStatus, line:109
07-05 21:05:05.535 I/MyFragmentStateAdapter(17574): getCount
07-05 21:05:05.543 I/TVMW@devctrl( 1234): wdt
07-05 21:05:05.548 D/DtvSourcePlugin-DVBC(15961): Setting the EPG Updater state to: WAIT
07-05 21:05:05.579 I/MyFragmentStateAdapter(17574): getCount
07-05 21:05:05.604 I/MyFragmentStateAdapter(17574): getCount
07-05 21:05:05.614 D/GlobalInputEventMonitoringService( 1733): interceptKeyBeforeQueueing(), event:22, mNeedMonitorKeyEvent:true, mWaitForKeyUpEvent:false
07-05 21:05:05.614 D/GlobalInputEventMonitoringService( 1733): processKeyEvent(), processKeyEvent event:22
07-05 21:05:05.614 D/WindowManager( 1733): interceptKeyTq keycode=22 interactive=true keyguardActive=false policyFlags=2b000000 isCancled= false
07-05 21:05:05.615 D/PowerManagerService( 1733): userActivityNoUpdateLocked: eventTime=8747184, event=1, flags=0x0, uid=1000
07-05 21:05:05.615 D/WindowManager( 1733): interceptKeyTi keyCode=22 down=true repeatCount=0 keyguardOn=false mHomePressed=false canceled=false
07-05 21:05:05.615 D/WindowManager( 1733): Hisense systemkey event: 22
07-05 21:05:05.615 D/HisenseGlobalKeyManager( 1733): handleGlobalKey() : Global event = KeyEvent { action=ACTION_DOWN, keyCode=KEYCODE_DPAD_RIGHT, scanCode=0, metaState=0, flags=0x0, repeatCount=0, eventTime=8747184, downTime=8747184, deviceId=-1, source=0x101 }
07-05 21:05:05.643 I/MyFragmentStateAdapter(17574): getCount
07-05 21:05:05.643 D/SogouIME( 2203): [onKeyDown] keycode = 22 model = VIDAA_TV
07-05 21:05:05.666 D/Carousel-CarouselDisplayPlayerLayout(17574): HasFocus:false,keyCode:22
07-05 21:05:05.666 D/Carousel-CarouselDisplayPlayerLayout(17574): isFullScreen:false
07-05 21:05:05.666 I/HomeMainActivity(17574): carousel handle key:false
07-05 21:05:05.666 I/MainHomeView(17574): dispatchKeyEvent ACTION_DOWN now 
07-05 21:05:05.666 I/TabView (17574): onKeyListener() ACTION_DOWN keyCode -- 22
07-05 21:05:05.666 I/SoftFragmentList(17574): fetchCacheFragment  enter ---- index = 2
07-05 21:05:05.666 D/SoftFragmentList(17574): fetchCacheFragment  mFragmentCache.size() = 3
07-05 21:05:05.666 D/SoftFragmentList(17574): fetchCacheFragment mLastIndex = 2, view = 
07-05 21:05:05.666 I/BaseContentFragment(17574): initChildFocustrue,recyclerview=com.hisense.leanback.widget.VerticalGridView{3858b5ac VFED.... ........ 0,0-1768,1080 #7f0d02c8 app:id/recyclerview_content}====---mIsVisibleToUser:true-------
07-05 21:05:05.671 D/til@system( 2026): til_get_system_param option:1000007 int:-1815634176, bool:0, ret:0
07-05 21:05:05.676 D/til@system( 2026): til_get_system_param option:1000009 int:-1936525184, bool:128, ret:0
07-05 21:05:05.678 D/til@system( 2026): til_get_system_param option:1000008 int:-1936522368, bool:128, ret:0
07-05 21:05:05.679 D/HiSDKLogReport(17574): getOperationDetail-productName : LED50MU8600UC
07-05 21:05:05.679 D/HiSDKLogReport(17574): getOperationDetail-plmNumber : 88888
07-05 21:05:05.679 D/HiSDKLogReport(17574): getOperationDetail-swVersion : V0000.00.01A
07-05 21:05:05.679 D/HiSDKLogReport(17574): getOperationDetail-operationDetail : LED50MU8600UC0000888
07-05 21:05:05.679 D/HiSDKLogReport(17574): businessLogReport-log : {eventType=232, APPVersionName=3.0.0.9.00, devid=86100300900000500000060a4818fca8, rowid=-1, uuid=13287129, APIversion=501, eventcode=232000, logversion=2.0, columnid=-1, devType=0, eventPos=000, groupid=-1, ChannelId=0, version=00.002.003, subscriberId=13287129, PFAPPCode=652, tabid=0, softwareVersion=LED50MU8600UC0000888, srceventcode=201000, mac=a8:a6:48:18:fc:a8, accessToken=72DF6038D2AEAB8A76DFBBBBCC428A4A_004232669767370, srctabid=0, APPPackage=com.hisense.hicloud.edca, sessionid=f8b4beb844db4e3ca3f32c7b9f5336a0, requesttime=1499259905679, customerId=7195320, model_id=0, requestid=9ac74ecf2cd24bdb8be57bb3b22dc20e, tv_distribute_id=00, APIVersion=600, issysrepo=0}
07-05 21:05:05.680 D/BaseContentFragment(17574): initChildFocus firstlineview===>:com.hisense.tvui.newhome.view.SpecialFirstView{3d694bda V.E..... ........ 10,185-1748,691}
07-05 21:05:05.681 D/setHistoryRequestFocus(17574): ===>false
07-05 21:05:05.681 I/FirstlineLayoutManager(17574): left=0,width=1738,scroll Distance=-1488
07-05 21:05:05.685 I/BaseContentFragment(17574): setRowViewSelectedViewHolder{b5241a3 position=0 id=-1, oldPos=-1, pLpos:-1},isSelectedfalse
07-05 21:05:05.685 I/BaseContentFragment(17574): setRowViewSelectedViewHolder{100af0ce position=1 id=-1, oldPos=-1, pLpos:-1},isSelectedtrue
07-05 21:05:05.685 I/RoleContentFragment(17574): onChildSelected:1,lastPos=0
07-05 21:05:05.689 W/System.err(17574): java.net.ConnectException: failed to connect to /10.18.210.112 (port 8900) after 6000ms: isConnected failed: ECONNREFUSED (Connection refused)
07-05 21:05:05.689 W/System.err(17574): 	at libcore.io.IoBridge.isConnected(IoBridge.java:238)
07-05 21:05:05.689 W/System.err(17574): 	at libcore.io.IoBridge.connectErrno(IoBridge.java:171)
07-05 21:05:05.689 W/System.err(17574): 	at libcore.io.IoBridge.connect(IoBridge.java:122)
07-05 21:05:05.689 W/System.err(17574): 	at java.net.PlainSocketImpl.connect(PlainSocketImpl.java:183)
07-05 21:05:05.689 W/System.err(17574): 	at java.net.PlainSocketImpl.connect(PlainSocketImpl.java:456)
07-05 21:05:05.689 W/System.err(17574): 	at java.net.Socket.connect(Socket.java:882)
07-05 21:05:05.689 W/System.err(17574): 	at com.android.okhttp.internal.Platform.connectSocket(Platform.java:174)
07-05 21:05:05.689 W/System.err(17574): 	at com.android.okhttp.Connection.connect(Connection.java:152)
07-05 21:05:05.689 W/System.err(17574): 	at com.android.okhttp.internal.http.HttpEngine.connect(HttpEngine.java:276)
07-05 21:05:05.689 W/System.err(17574): 	at com.android.okhttp.internal.http.HttpEngine.sendRequest(HttpEngine.java:211)
07-05 21:05:05.689 W/System.err(17574): 	at com.android.okhttp.internal.http.HttpURLConnectionImpl.execute(HttpURLConnectionImpl.java:382)
07-05 21:05:05.689 W/System.err(17574): 	at com.android.okhttp.internal.http.HttpURLConnectionImpl.connect(HttpURLConnectionImpl.java:106)
07-05 21:05:05.689 W/System.err(17574): 	at com.hisense.hitv.hicloud.util.ExceptionReport.a(ExceptionReport.java:337)
07-05 21:05:05.690 I/TabView (17574): onfocuschange:false
07-05 21:05:05.690 W/System.err(17574): 	at com.hisense.hitv.hicloud.util.ExceptionReport.a(ExceptionReport.java:39)
07-05 21:05:05.690 W/System.err(17574): 	at com.hisense.hitv.hicloud.util.ExceptionReport$1.run(ExceptionReport.java:83)
07-05 21:05:05.690 W/System.err(17574): 	at java.lang.Thread.run(Thread.java:818)
07-05 21:05:05.690 W/System.err(17574): Caused by: android.system.ErrnoException: isConnected failed: ECONNREFUSED (Connection refused)
07-05 21:05:05.691 W/System.err(17574): 	at libcore.io.IoBridge.isConnected(IoBridge.java:223)
07-05 21:05:05.691 W/System.err(17574): 	... 15 more
07-05 21:05:05.692 D/TabView (17574): icon---:2
07-05 21:05:05.692 E/TabView (17574): 
07-05 21:05:05.694 D/HttpHandler(17574): VerifySignInterCeptor-->request.url()=http://picture.edu.hismarttv.com/images/20170628121925625089.png
07-05 21:05:05.694 D/HttpHandler(17574): VerifySignInterCeptor-->hostname=picture.edu.hismarttv.com
07-05 21:05:05.694 D/OkHttp  (17574): --> GET http://picture.edu.hismarttv.com/images/20170628121925625089.png http/1.1
07-05 21:05:05.694 D/OkHttp  (17574): Host: picture.edu.hismarttv.com
07-05 21:05:05.695 D/OkHttp  (17574): Connection: Keep-Alive
07-05 21:05:05.695 D/OkHttp  (17574): Accept-Encoding: gzip
07-05 21:05:05.695 D/OkHttp  (17574): User-Agent: okhttp/3.6.0
07-05 21:05:05.695 D/OkHttp  (17574): --> END GET
07-05 21:05:05.700 D/CommonHeader(17574): onTabStatusChanged tabstatus===>:40000
