07-06 00:49:44.982 D/Carousel-CarouselDisplayPlayerLayout(12906): mX=380, mY=167,mWitdh=892,mHeight=536, hashCode=42257061
07-06 00:49:44.982 D/Carousel-CarouselDisplayPlayerLayout(12906): changed=false, hashCode=42257061
07-06 00:49:44.982 D/Carousel-CarouselDisplayPlayerLayout(12906): extraTryCount=6
07-06 00:49:44.982 I/MainHomeView(12906): onPanelClosed---leftï¼š152
07-06 00:49:44.990 E/hwcomposer( 1204): Overlay 0 size changeed src {1920 1080} -> {1920, 1080} crop{0.000000 0.000000 1920.000000 1080.000000}->{0.000000 0.000000 1920.000000 1080.000000} dst{419 205 1235 665}->{418 205 1234 665}
07-06 00:49:44.991 D/Carousel-CarouselDisplayPlayerLayout(12906): x=380, y=167,w=892,h=536, hashCode=42257061
07-06 00:49:44.992 D/Carousel-CarouselDisplayPlayerLayout(12906): mX=380, mY=167,mWitdh=892,mHeight=536, hashCode=42257061
07-06 00:49:44.992 D/Carousel-CarouselDisplayPlayerLayout(12906): changed=false, hashCode=42257061
07-06 00:49:44.992 D/Carousel-CarouselDisplayPlayerLayout(12906): extraTryCount=7
07-06 00:49:44.992 D/Carousel-CarouselDisplayPlayerLayout(12906): x=380, y=167,w=892,h=536, hashCode=42257061
07-06 00:49:44.992 D/Carousel-CarouselDisplayPlayerLayout(12906): mX=380, mY=167,mWitdh=892,mHeight=536, hashCode=42257061
07-06 00:49:44.992 D/Carousel-CarouselDisplayPlayerLayout(12906): changed=false, hashCode=42257061
07-06 00:49:44.992 D/Carousel-CarouselDisplayPlayerLayout(12906): extraTryCount=8
07-06 00:49:44.992 D/Carousel-CarouselDisplayPlayerLayout(12906): x=380, y=167,w=892,h=536, hashCode=42257061
07-06 00:49:44.992 D/Carousel-CarouselDisplayPlayerLayout(12906): mX=380, mY=167,mWitdh=892,mHeight=536, hashCode=42257061
07-06 00:49:44.992 D/Carousel-CarouselDisplayPlayerLayout(12906): changed=false, hashCode=42257061
07-06 00:49:44.992 D/Carousel-CarouselDisplayPlayerLayout(12906): extraTryCount=9
07-06 00:49:44.992 D/Carousel-CarouselDisplayPlayerLayout(12906): x=380, y=167,w=892,h=536, hashCode=42257061
07-06 00:49:44.992 D/Carousel-CarouselDisplayPlayerLayout(12906): mX=380, mY=167,mWitdh=892,mHeight=536, hashCode=42257061
07-06 00:49:44.992 D/Carousel-CarouselDisplayPlayerLayout(12906): changed=false, hashCode=42257061
07-06 00:49:44.992 D/Carousel-CarouselDisplayPlayerLayout(12906): isFullScreen:false
07-06 00:49:44.992 D/Carousel-CarouselView(12906): ===========>mDisplayPlayerLayout.getVisibility()=4
07-06 00:49:44.992 D/Carousel-CarouselView(12906): ===========>onScrollEnd
07-06 00:49:44.993 D/Carousel-Utils(12906): x=380,y=167, width=892,height=536
07-06 00:49:44.994 D/Carousel-CarouselView(12906): isOutScreen:false
07-06 00:49:44.997 I/MyFragmentStateAdapter(12906): getCount
07-06 00:49:44.997 I/MyFragmentStateAdapter(12906): getCount
07-06 00:49:44.998 I/MyFragmentStateAdapter(12906): getCount
07-06 00:49:44.998 I/MyFragmentStateAdapter(12906): getCount
07-06 00:49:45.000 D/Surface ( 1733): onStatusChange() : mNativeObject = 547819151360 mUseImageHwRender = false
07-06 00:49:45.000 V/Surface ( 1733): nativeSetHardwareRender() : status = 0
07-06 00:49:45.000 V/Surface ( 1733): nativeSetHardwareRender() : end
07-06 00:49:45.002 D/PowerManagerService( 1733): acquireWakeLockInternal: lock=487931605, flags=0x2000000a, tag="WindowManager", ws=WorkSource{10010}, uid=1000, pid=1733
07-06 00:49:45.002 D/PowerManagerNotifier( 1733): onWakeLockAcquired: flags=536870922, tag="WindowManager", packageName=android, ownerUid=1000, ownerPid=1733, workSource=WorkSource{10010}
07-06 00:49:45.002 D/PowerManagerService( 1733): setScreenBrightnessOverrideFromWindowManagerInternal done
07-06 00:49:45.009 D/Surface ( 1733): onStatusChange() : mNativeObject = 0 mUseImageHwRender = false
07-06 00:49:45.010 I/FirstLineAdapter(12906): canShowTrailer,isOffline=false
07-06 00:49:45.010 I/FirstLineAdapter(12906): canShowTrailer,isOffline=false
07-06 00:49:45.010 I/FirstLineAdapter(12906): canShowTrailer,isOffline=false
07-06 00:49:45.010 I/FirstLineAdapter(12906): canShowTrailer,isOffline=false
07-06 00:49:45.010 I/FirstLineAdapter(12906): canShowTrailer,isOffline=false
07-06 00:49:45.010 I/FirstLineAdapter(12906): canShowTrailer,isOffline=false
07-06 00:49:45.010 I/FirstLineAdapter(12906): canShowTrailer,isOffline=false
07-06 00:49:45.011 I/FirstLineAdapter(12906): canShowTrailer,isOffline=false
07-06 00:49:45.011 I/FirstLineAdapter(12906): canShowTrailer,isOffline=false
07-06 00:49:45.017 I/MyFragmentStateAdapter(12906): getCount
07-06 00:49:45.038 D/hwcomposer( 1204): Overlay [0] do size change!
07-06 00:49:45.039 D/vsyncbridge( 1204): [0] handle_thread thread got msg 0x2, mState = 3
07-06 00:49:45.039 D/vsyncbridge( 1204): Overlay 0 Resize, mState = 0x3, 0, disp[418 205 816 460] osd[1920 1080]
07-06 00:49:45.040 D/vsyncbridge( 1204): [update_ds_table,  594] DispW:1632 DispH:920 
07-06 00:49:45.040 D/vsyncbridge( 1204): [update_ds_table,  598] Cap.x:1105 Cap.y:30 CapW:1920 CapH:1080 
07-06 00:49:45.040 D/vsyncbridge( 1204): [update_ds_table,  599] enInputSourceType:34 
07-06 00:49:45.040 D/vsyncbridge( 1204): [update_ds_table,  601] u16InputVTotal:2205  u16InputVFreq:240 
07-06 00:49:45.040 D/vsyncbridge( 1204): [update_ds_table,  603] bInterlace:0  u16DefaultHtotal:0 
07-06 00:49:45.040 D/vsyncbridge( 1204): [update_ds_table,  606] bPreHCusScaling:1  bPreVCusScaling:1 
07-06 00:49:45.040 D/vsyncbridge( 1204): [update_ds_table,  608] u16PreHCusScalingSrc:1920  u16PreHCusScalingDst:1920 
07-06 00:49:45.040 D/vsyncbridge( 1204): [update_ds_table,  610] u16PreVCusScalingSrc:1080  u16PreVCusScalingSrc:1080 
07-06 00:49:45.040 D/vsyncbridge( 1204): [update_ds_table,  613] bHCusScaling:0  bVCusScaling:0 
07-06 00:49:45.040 D/vsyncbridge( 1204): [update_ds_table,  615] u16HCusScalingSrc:1920  u16HCusScalingDst:1632 
07-06 00:49:45.040 D/vsyncbridge( 1204): [update_ds_table,  617] u16VCusScalingSrc:1080  u16VCusScalingDst:920 
07-06 00:49:45.040 D/vsyncbridge( 1204): vsync_bridge_CalAspectRatio type = 0
07-06 00:49:45.040 D/vsyncbridge( 1204): panel [3840 2160] osd [1920 1080] ratio [2.000000 2.000000]
07-06 00:49:45.040 D/vsyncbridge( 1204): apply ratio, x=836, y=410, width=1632, height=920
07-06 00:49:45.040 D/vsyncbridge( 1204): disp_old[836 410 2468 1330], disp_new[836 410 2468 1330], crop[0 0 1920 1080]
07-06 00:49:45.040 D/vsyncbridge( 1204): [update_ds_table,  798] SW DS !!! 
07-06 00:49:45.040 D/vsyncbridge( 1204): [update_ds_table,  800] stXC_SetWin_Info.stCapWin.width1920  stXC_SetWin_Info.stCapWin.height:1080
07-06 00:49:45.040 D/vsyncbridge( 1204): [update_ds_table,  802] stXC_SetWin_Info.stCropWin.width1920  stXC_SetWin_Info.stCropWin.height:1080
07-06 00:49:45.040 D/vsyncbridge( 1204): [update_ds_table,  803] MApi_XC_GetDynamicScalingStatus():1 
07-06 00:49:45.041 D/        ( 1204): Alert: cannot get frameCount from IOCTL, eWindow=0! Fall back to original frame mode
07-06 00:49:45.041 D/        ( 1204): MVOP is 1P mode
07-06 00:49:45.041 D/        ( 1204): [_MDrv_SC_check_2p_mode][9405]u16Width=3840,u16Height=2160,u32Vfreqx10=240
07-06 00:49:45.041 D/vsyncbridge( 1204): vsync_bridge_render_frame pts = 2166666, DS_Idx=0x1, overlayID=0
07-06 00:49:45.041 D/vsyncbridge( 1204):  W 4, R 4, Cur 4
07-06 00:49:45.041 D/vsyncbridge( 1204): vsync_bridge_CalAspectRatio type = 0
07-06 00:49:45.041 D/vsyncbridge( 1204): panel [3840 2160] osd [1920 1080] ratio [2.000000 2.000000]
07-06 00:49:45.041 D/vsyncbridge( 1204): apply ratio, x=836, y=410, width=1632, height=920
07-06 00:49:45.184 D/PowerManagerService( 1733): acquireWakeLockInternal: lock=113832109, flags=0x1, tag="NetworkStats", ws=null, uid=1000, pid=1733
07-06 00:49:45.184 D/PowerManagerNotifier( 1733): onWakeLockAcquired: flags=1, tag="NetworkStats", packageName=android, ownerUid=1000, ownerPid=1733, workSource=null
07-06 00:49:45.184 D/NtpTrustedTime( 1733): currentTimeMillis() cache hit
07-06 00:49:45.198 D/NtpTrustedTime( 1733): currentTimeMillis() cache hit
07-06 00:49:45.208 D/NtpTrustedTime( 1733): currentTimeMillis() cache hit
07-06 00:49:45.208 D/NtpTrustedTime( 1733): currentTimeMillis() cache hit
07-06 00:49:45.212 D/PowerManagerService( 1733): releaseWakeLockInternal: lock=113832109 [NetworkStats], flags=0x0
07-06 00:49:45.212 D/PowerManagerNotifier( 1733): onWakeLockReleased: flags=1, tag="NetworkStats", packageName=android, ownerUid=1000, ownerPid=1733, workSource=null
07-06 00:49:45.220 D/DtvSourcePlugin-DVBC( 4289): Setting the EPG Updater state to: WAIT
07-06 00:49:45.270 D/HDMI    ( 1733): [P]:AllocatedAddress=[]
07-06 00:49:45.290 I/TVMW@HsTvSetting( 1234): Trace cmd, data = 0x1058
07-06 00:49:45.290 D/til@system( 2026): til_get_system_param option:100002F int:0, bool:0, ret:0
07-06 00:49:45.290 I/TVMW@HsTvSetting( 1234): Trace cmd, data = 0x101f
07-06 00:49:45.291 D/til@system( 2026): til_get_system_param option:100001D int:3, bool:3, ret:0
07-06 00:49:45.291 E/til     ( 2026): [til_get_current_input_source, 101] 
07-06 00:49:45.291 I/TVMW@HsTvSetting( 1234): Trace cmd, data = 0x7007
07-06 00:49:45.291 I/tilwrapper@sm( 2026): HS2TIL_SourceType *hs=0xd, *til=0x900
07-06 00:49:45.291 D/til     ( 2026): get current source 2304
07-06 00:49:45.291 D/SourceRemoteServiceHandler( 2026): getCurrentInputSource.from.til.result is 0, value is 2304
07-06 00:49:45.291 D/SourceRemoteServiceHandler( 2026): getInputSourceType source: 0x900, type=2304
07-06 00:49:45.292 D/til     ( 2026): ###### func:til_get_picture_param option:0x3000006 ######  
07-06 00:49:45.292 I/TVMW@HsTvSetting( 1234): Trace cmd, data = 0x1003
07-06 00:49:45.292 I/TVMW@HsTvSetting( 1234): Trace cmd, data = 0x8032
07-06 00:49:45.293 I/hstvos  ( 1216): [0m[1;33m[HSHAL][HS_VIDEO][HS_HAL_Video_SetOsdDetect_v2][2389]u16Threshold = 20
07-06 00:49:45.294 E/TVMW@videoctrl( 1234):  getOsd is 1
07-06 00:49:45.295 D/til@system( 2026): til_get_system_param option:1000027 int:1, bool:1, ret:0
07-06 00:49:45.295 D/til     ( 2026): ###### func:til_get_picture_param option:0x3000045 ######  
07-06 00:49:45.295 I/TVMW@HsTvSetting( 1234): Trace cmd, data = 0x300c
07-06 00:49:45.295 I/TVMW@HsTvSetting( 1234): Trace 3d, data = 0x300c
07-06 00:49:45.296 I/TVMW@3d ( 1234): Hs_debug3d_trace: func:get3dStatus, line:109
07-06 00:49:45.305 I/HLSP2P  ( 3457): ## 2017-07-06 00:49:45.303 [3457,3628,:0] INFO ## [HLSP2P][TaskManager.cpp:855][INFO][UpdateGlobalInfo]totalDataSize: 0, totalMemorySize: 0, totalCacheSize: 0, curUploadSpeedKB: 0
07-06 00:49:45.322 I/HLSP2P  ( 3457): ## 2017-07-06 00:49:45.313 [3457,3628,:0] INFO ## [HLSP2P][TaskManager.cpp:1325][INFO][TryAdjustMemorySize]system memory total size: 1912M, free size: 346MB, cache add to 30MB, AppState: 14
07-06 00:49:45.408 D/CommonHeader(12906): app logo :refreshTimer: isRotatetrue
07-06 00:49:45.524 I/TVMW@devctrl( 1234): wdt
07-06 00:49:45.613 I/MyFragmentStateAdapter(12906): getCount
07-06 00:49:45.632 I/NetflixMonitorService( 1733): current fgapk : com.hisense.hicloud.edca
07-06 00:49:45.632 I/NetflixMonitorService( 1733): Netflix status unchanged
07-06 00:49:45.764 D/GlobalInputEventMonitoringService( 1733): interceptKeyBeforeQueueing(), event:22, mNeedMonitorKeyEvent:true, mWaitForKeyUpEvent:false
07-06 00:49:45.764 D/GlobalInputEventMonitoringService( 1733): processKeyEvent(), processKeyEvent event:22
07-06 00:49:45.764 D/WindowManager( 1733): interceptKeyTq keycode=22 interactive=true keyguardActive=false policyFlags=2b000000 isCancled= false
07-06 00:49:45.765 D/PowerManagerService( 1733): userActivityNoUpdateLocked: eventTime=22227335, event=1, flags=0x0, uid=1000
07-06 00:49:45.765 D/WindowManager( 1733): interceptKeyTi keyCode=22 down=true repeatCount=0 keyguardOn=false mHomePressed=false canceled=false
07-06 00:49:45.765 D/WindowManager( 1733): Hisense systemkey event: 22
07-06 00:49:45.765 D/HisenseGlobalKeyManager( 1733): handleGlobalKey() : Global event = KeyEvent { action=ACTION_DOWN, keyCode=KEYCODE_DPAD_RIGHT, scanCode=0, metaState=0, flags=0x0, repeatCount=0, eventTime=22227335, downTime=22227335, deviceId=-1, source=0x101 }
07-06 00:49:45.766 D/SogouIME( 2203): [onKeyDown] keycode = 22 model = VIDAA_TV
07-06 00:49:45.771 D/Carousel-CarouselDisplayPlayerLayout(12906): HasFocus:false,keyCode:22
07-06 00:49:45.771 D/Carousel-CarouselDisplayPlayerLayout(12906): isFullScreen:false
07-06 00:49:45.771 I/HomeMainActivity(12906): carousel handle key:false
07-06 00:49:45.771 I/MainHomeView(12906): dispatchKeyEvent ACTION_DOWN now 
07-06 00:49:45.771 I/HomeMainActivity(12906): onKeyDown is 22
07-06 00:49:45.772 I/FirstlineLayoutManager(12906): left=218,width=1738,scroll Distance=-846
07-06 00:49:45.787 D/Carousel-CarouselView(12906): ============>onFocusChange=true
07-06 00:49:45.787 D/Carousel-CarouselDisplayPlayerLayout(12906): isFullScreen:false
07-06 00:49:45.787 D/Carousel-CarouselView(12906): isFullScreen:false,hasFocus:true
07-06 00:49:45.787 D/Carousel-CarouselView(12906): ============>offset=-295
07-06 00:49:45.796 D/Carousel-CarouselDisplayPlayerLayout(12906): showPlayerWindowTip showable:true
07-06 00:49:45.797 I/TVMW@HsTvSetting( 1234): Trace cmd, data = 0x1058
07-06 00:49:45.797 D/til@system( 2026): til_get_system_param option:100002F int:0, bool:0, ret:0
07-06 00:49:45.797 I/TVMW@HsTvSetting( 1234): Trace cmd, data = 0x101f
07-06 00:49:45.797 D/til@system( 2026): til_get_system_param option:100001D int:3, bool:3, ret:0
07-06 00:49:45.797 E/til     ( 2026): [til_get_current_input_source, 101] 
07-06 00:49:45.797 I/TVMW@HsTvSetting( 1234): Trace cmd, data = 0x7007
07-06 00:49:45.798 I/tilwrapper@sm( 2026): HS2TIL_SourceType *hs=0xd, *til=0x900
07-06 00:49:45.798 D/til     ( 2026): get current source 2304
07-06 00:49:45.798 D/SourceRemoteServiceHandler( 2026): getCurrentInputSource.from.til.result is 0, value is 2304
07-06 00:49:45.798 D/SourceRemoteServiceHandler( 2026): getInputSourceType source: 0x900, type=2304
07-06 00:49:45.798 D/til     ( 2026): ###### func:til_get_picture_param option:0x3000006 ######  
07-06 00:49:45.798 I/TVMW@HsTvSetting( 1234): Trace cmd, data = 0x1003
07-06 00:49:45.799 I/TVMW@HsTvSetting( 1234): Trace cmd, data = 0x8032
07-06 00:49:45.799 I/hstvos  ( 1216): [0m[1;33m[HSHAL][HS_VIDEO][HS_HAL_Video_SetOsdDetect_v2][2389]u16Threshold = 20
07-06 00:49:45.800 E/TVMW@videoctrl( 1234):  getOsd is 1
07-06 00:49:45.800 D/til@system( 2026): til_get_system_param option:1000027 int:1, bool:1, ret:0
07-06 00:49:45.800 D/til     ( 2026): ###### func:til_get_picture_param option:0x3000045 ######  
07-06 00:49:45.800 I/TVMW@HsTvSetting( 1234): Trace cmd, data = 0x300c
07-06 00:49:45.801 I/TVMW@HsTvSetting( 1234): Trace 3d, data = 0x300c
07-06 00:49:45.801 I/TVMW@3d ( 1234): Hs_debug3d_trace: func:get3dStatus, line:109
07-06 00:49:45.827 D/GlobalInputEventMonitoringService( 1733): interceptKeyBeforeQueueing(), event:22, mNeedMonitorKeyEvent:true, mWaitForKeyUpEvent:false
07-06 00:49:45.827 D/GlobalInputEventMonitoringService( 1733): processKeyEvent(), processKeyEvent event:22
07-06 00:49:45.828 D/WindowManager( 1733): interceptKeyTq keycode=22 interactive=true keyguardActive=false policyFlags=2b000000 isCancled= false
07-06 00:49:45.828 D/WindowManager( 1733): interceptKeyTi keyCode=22 down=false repeatCount=0 keyguardOn=false mHomePressed=false canceled=false
07-06 00:49:45.828 D/WindowManager( 1733): Hisense systemkey event: 22
07-06 00:49:45.828 D/HisenseGlobalKeyManager( 1733): handleGlobalKey() : Global event = KeyEvent { action=ACTION_UP, keyCode=KEYCODE_DPAD_RIGHT, scanCode=0, metaState=0, flags=0x0, repeatCount=0, eventTime=22227335, downTime=22227335, deviceId=-1, source=0x101 }
07-06 00:49:45.882 D/Carousel-CarouselDisplayPlayerLayout(12906): HasFocus:true,keyCode:22
07-06 00:49:45.882 D/Carousel-CarouselDisplayPlayerLayout(12906): isFullScreen:false
07-06 00:49:45.882 D/Carousel-CarouselDisplayPlayerLayout(12906): isFullScreen:false
07-06 00:49:45.882 I/HomeMainActivity(12906): carousel handle key:false
07-06 00:49:45.896 V/InputMethodService( 2203): startInput(): editor=android.view.inputmethod.EditorInfo@34fbf343
07-06 00:49:45.897 V/InputMethodService( 2203): CALL: onFinishInput
07-06 00:49:45.901 E/SOGOUIME_JNI( 2203): reset
07-06 00:49:45.901 E/SOGOUIME_JNI( 2203): getCandidates
07-06 00:49:45.901 E/SOGOUIME_JNI( 2203): ime_get_uncommitted_length
07-06 00:49:45.902 E/SOGOUIME_JNI( 2203): getCandidates
07-06 00:49:45.902 D/SogouIME API( 2203): ==============num:32
07-06 00:49:45.902 E/SOGOUIME_JNI( 2203): ime_get_uncommitted_length
07-06 00:49:45.902 D/SogouIME( 2203): mFocusedComponent:30   isHkbEnable:false
07-06 00:49:45.902 E/SOGOUIME_JNI( 2203): ime_get_uncommitted_length
07-06 00:49:45.902 E/SOGOUIME_JNI( 2203): ime_get_committed_length
07-06 00:49:45.902 E/SOGOUIME_JNI( 2203): getComposingInfo
07-06 00:49:45.902 E/SOGOUIME_JNI( 2203): getComposingInfo
07-06 00:49:45.908 E/SOGOUIME_JNI( 2203): getCorrectInfo
07-06 00:49:45.910 E/SOGOUIME_JNI( 2203): getComposingInfo
07-06 00:49:45.912 V/InputMethodService( 2203): CALL: onStartInput
07-06 00:49:45.912 E/SOGOUIME_JNI( 2203): invalidateCommitWordPinyinNative
07-06 00:49:45.912 D/SogouIME( 2203): =====configKeyboard=======æ˜¯å¦æœ‰ç¡¬ä»¶ç›˜:false     ç¡¬ä»¶ç›˜æ˜¯å¦ä¸å†éšè—ï¼šfalse
07-06 00:49:45.912 E/SOGOUIME_JNI( 2203): ime_set_hard_kb_enable
07-06 00:49:45.934 D/MSTAR_VDEC_DBG( 1206): Stream ID: 0, Rate : 24 (E:0,D:0,S:0,F:93) 
07-06 00:49:46.003 E/btif_config( 2964): [btif_config_get] node is TRUE!
07-06 00:49:46.003 E/btif_config( 2964): [btif_config_get] ret is TRUE!
07-06 00:49:46.043 D/PowerManagerService( 1733): acquireWakeLockInternal: lock=113832109, flags=0x1, tag="NetworkStats", ws=null, uid=1000, pid=1733
07-06 00:49:46.044 D/PowerManagerNotifier( 1733): onWakeLockAcquired: flags=1, tag="NetworkStats", packageName=android, ownerUid=1000, ownerPid=1733, workSource=null
07-06 00:49:46.044 D/NtpTrustedTime( 1733): currentTimeMillis() cache hit
07-06 00:49:46.053 D/NtpTrustedTime( 1733): currentTimeMillis() cache hit
07-06 00:49:46.053 D/PowerManagerService( 1733): releaseWakeLockInternal: lock=113832109 [NetworkStats], flags=0x0
07-06 00:49:46.053 D/PowerManagerNotifier( 1733): onWakeLockReleased: flags=1, tag="NetworkStats", packageName=android, ownerUid=1000, ownerPid=1733, workSource=null
07-06 00:49:46.056 D/NtpTrustedTime( 1733): currentTimeMillis() cache hit
07-06 00:49:46.056 D/NtpTrustedTime( 1733): currentTimeMillis() cache hit
07-06 00:49:46.186 E/btif_config( 2964): [btif_config_get] node is TRUE!
07-06 00:49:46.186 E/btif_config( 2964): [btif_config_get] ret is TRUE!
07-06 00:49:46.218 D/QrRecognization( 2232): handleMessage msg=4
07-06 00:49:46.218 D/QrRecognization( 2232): handleMessage msg=1
07-06 00:49:46.218 D/QrRecognization( 2232): start update screenshot
07-06 00:49:46.218 D/QrRecognization( 2232): QR detection is not enabled in tile com.hisense.hicloud.edca
07-06 00:49:46.218 D/QrRecognization( 2232): error in getBitmap from screen
07-06 00:49:46.302 I/TVMW@HsTvSetting( 1234): Trace cmd, data = 0x1058
07-06 00:49:46.302 D/til@system( 2026): til_get_system_param option:100002F int:0, bool:0, ret:0
07-06 00:49:46.302 I/TVMW@HsTvSetting( 1234): Trace cmd, data = 0x101f
07-06 00:49:46.302 D/til@system( 2026): til_get_system_param option:100001D int:3, bool:3, ret:0
07-06 00:49:46.302 E/til     ( 2026): [til_get_current_input_source, 101] 
07-06 00:49:46.302 I/TVMW@HsTvSetting( 1234): Trace cmd, data = 0x7007
07-06 00:49:46.302 I/tilwrapper@sm( 2026): HS2TIL_SourceType *hs=0xd, *til=0x900
07-06 00:49:46.302 D/til     ( 2026): get current source 2304
07-06 00:49:46.303 D/SourceRemoteServiceHandler( 2026): getCurrentInputSource.from.til.result is 0, value is 2304
07-06 00:49:46.303 D/SourceRemoteServiceHandler( 2026): getInputSourceType source: 0x900, type=2304
07-06 00:49:46.303 D/til     ( 2026): ###### func:til_get_picture_param option:0x3000006 ######  
07-06 00:49:46.303 I/TVMW@HsTvSetting( 1234): Trace cmd, data = 0x1003
07-06 00:49:46.303 I/TVMW@HsTvSetting( 1234): Trace cmd, data = 0x8032
07-06 00:49:46.303 I/hstvos  ( 1216): [0m[1;33m[HSHAL][HS_VIDEO][HS_HAL_Video_SetOsdDetect_v2][2389]u16Threshold = 20
07-06 00:49:46.304 E/TVMW@videoctrl( 1234):  getOsd is 1
07-06 00:49:46.305 D/til@system( 2026): til_get_system_param option:1000027 int:1, bool:1, ret:0
07-06 00:49:46.305 D/til     ( 2026): ###### func:til_get_picture_param option:0x3000045 ######  
07-06 00:49:46.305 I/TVMW@HsTvSetting( 1234): Trace cmd, data = 0x300c
07-06 00:49:46.305 I/TVMW@HsTvSetting( 1234): Trace 3d, data = 0x300c
07-06 00:49:46.305 I/TVMW@3d ( 1234): Hs_debug3d_trace: func:get3dStatus, line:109
07-06 00:49:46.425 I/TVMW@devctrl( 1234): wdt
07-06 00:49:46.447 I/MyFragmentStateAdapter(12906): getCount
07-06 00:49:46.497 I/MyFragmentStateAdapter(12906): getCount
07-06 00:49:46.547 I/MyFragmentStateAdapter(12906): getCount
07-06 00:49:46.604 I/MyFragmentStateAdapter(12906): getCount
07-06 00:49:46.634 I/NetflixMonitorService( 1733): current fgapk : com.hisense.hicloud.edca
07-06 00:49:46.634 I/NetflixMonitorService( 1733): Netflix status unchanged
07-06 00:49:46.662 I/MyFragmentStateAdapter(12906): getCount
07-06 00:49:46.710 I/MyFragmentStateAdapter(12906): getCount
07-06 00:49:46.749 I/MyFragmentStateAdapter(12906): getCount
07-06 00:49:46.800 I/MyFragmentStateAdapter(12906): getCount
07-06 00:49:46.808 I/TVMW@HsTvSetting( 1234): Trace cmd, data = 0x1058
07-06 00:49:46.808 D/til@system( 2026): til_get_system_param option:100002F int:0, bool:0, ret:0
07-06 00:49:46.809 I/TVMW@HsTvSetting( 1234): Trace cmd, data = 0x101f
07-06 00:49:46.809 D/til@system( 2026): til_get_system_param option:100001D int:3, bool:3, ret:0
07-06 00:49:46.809 E/til     ( 2026): [til_get_current_input_source, 101] 
07-06 00:49:46.810 I/TVMW@HsTvSetting( 1234): Trace cmd, data = 0x7007
07-06 00:49:46.810 I/tilwrapper@sm( 2026): HS2TIL_SourceType *hs=0xd, *til=0x900
07-06 00:49:46.810 D/til     ( 2026): get current source 2304
07-06 00:49:46.810 D/SourceRemoteServiceHandler( 2026): getCurrentInputSource.from.til.result is 0, value is 2304
07-06 00:49:46.810 D/SourceRemoteServiceHandler( 2026): getInputSourceType source: 0x900, type=2304
07-06 00:49:46.810 D/til     ( 2026): ###### func:til_get_picture_param option:0x3000006 ######  
07-06 00:49:46.812 I/TVMW@HsTvSetting( 1234): Trace cmd, data = 0x1003
07-06 00:49:46.813 I/TVMW@HsTvSetting( 1234): Trace cmd, data = 0x8032
07-06 00:49:46.813 I/hstvos  ( 1216): [0m[1;33m[HSHAL][HS_VIDEO][HS_HAL_Video_SetOsdDetect_v2][2389]u16Threshold = 20
07-06 00:49:46.815 E/TVMW@videoctrl( 1234):  getOsd is 1
07-06 00:49:46.815 D/til@system( 2026): til_get_system_param option:1000027 int:1, bool:1, ret:0
07-06 00:49:46.815 D/til     ( 2026): ###### func:til_get_picture_param option:0x3000045 ######  
07-06 00:49:46.816 I/TVMW@HsTvSetting( 1234): Trace cmd, data = 0x300c
07-06 00:49:46.816 I/TVMW@HsTvSetting( 1234): Trace 3d, data = 0x300c
07-06 00:49:46.816 I/TVMW@3d ( 1234): Hs_debug3d_trace: func:get3dStatus, line:109
07-06 00:49:46.845 I/MyFragmentStateAdapter(12906): getCount
07-06 00:49:46.891 D/PowerManagerService( 1733): acquireWakeLockInternal: lock=113832109, flags=0x1, tag="NetworkStats", ws=null, uid=1000, pid=1733
07-06 00:49:46.891 D/PowerManagerNotifier( 1733): onWakeLockAcquired: flags=1, tag="NetworkStats", packageName=android, ownerUid=1000, ownerPid=1733, workSource=null
07-06 00:49:46.891 D/NtpTrustedTime( 1733): currentTimeMillis() cache hit
07-06 00:49:46.903 D/NtpTrustedTime( 1733): currentTimeMillis() cache hit
07-06 00:49:46.904 D/GlobalInputEventMonitoringService( 1733): interceptKeyBeforeQueueing(), event:20, mNeedMonitorKeyEvent:true, mWaitForKeyUpEvent:false
07-06 00:49:46.904 D/GlobalInputEventMonitoringService( 1733): processKeyEvent(), processKeyEvent event:20
07-06 00:49:46.908 D/WindowManager( 1733): interceptKeyTq keycode=20 interactive=true keyguardActive=false policyFlags=2b000000 isCancled= false
07-06 00:49:46.908 D/PowerManagerService( 1733): userActivityNoUpdateLocked: eventTime=22228475, event=1, flags=0x0, uid=1000
07-06 00:49:46.908 D/WindowManager( 1733): interceptKeyTi keyCode=20 down=true repeatCount=0 keyguardOn=false mHomePressed=false canceled=false
07-06 00:49:46.908 D/WindowManager( 1733): Hisense systemkey event: 20
07-06 00:49:46.908 D/PowerManagerService( 1733): releaseWakeLockInternal: lock=113832109 [NetworkStats], flags=0x0
07-06 00:49:46.908 D/PowerManagerNotifier( 1733): onWakeLockReleased: flags=1, tag="NetworkStats", packageName=android, ownerUid=1000, ownerPid=1733, workSource=null
07-06 00:49:46.908 D/HisenseGlobalKeyManager( 1733): handleGlobalKey() : Global event = KeyEvent { action=ACTION_DOWN, keyCode=KEYCODE_DPAD_DOWN, scanCode=0, metaState=0, flags=0x0, repeatCount=0, eventTime=22228475, downTime=22228475, deviceId=-1, source=0x101 }
07-06 00:49:46.909 D/NtpTrustedTime( 1733): currentTimeMillis() cache hit
07-06 00:49:46.909 D/NtpTrustedTime( 1733): currentTimeMillis() cache hit
07-06 00:49:46.913 I/MyFragmentStateAdapter(12906): getCount
07-06 00:49:46.933 D/SogouIME( 2203): [onKeyDown] keycode = 20 model = VIDAA_TV
07-06 00:49:46.935 I/HLSP2P  ( 4483): ## 2017-07-06 00:49:46.935 [4483,4840,:0] INFO ## [HLSP2P][DownloadManager.cpp:35][INFO][SendHeartBeatReq]send hearbeat to 123.126.121.155:30013 ok
07-06 00:49:46.945 D/Carousel-CarouselDisplayPlayerLayout(12906): HasFocus:true,keyCode:20
07-06 00:49:46.945 D/Carousel-CarouselDisplayPlayerLayout(12906): isFullScreen:false
07-06 00:49:46.945 D/Carousel-CarouselDisplayPlayerLayout(12906): isFullScreen:false
07-06 00:49:46.945 I/HomeMainActivity(12906): carousel handle key:false
07-06 00:49:46.945 I/MainHomeView(12906): dispatchKeyEvent ACTION_DOWN now 
07-06 00:49:46.946 D/Carousel-CarouselDisplayPicLayout(12906): keyCode=20
07-06 00:49:46.946 I/FirstLineAdapter(12906): onCarouselKeyDown: output=true,event=KeyEvent { action=ACTION_DOWN, keyCode=KEYCODE_DPAD_DOWN, scanCode=0, metaState=0, flags=0x0, repeatCount=0, eventTime=22228475, downTime=22228475, deviceId=-1, source=0x101 }
07-06 00:49:46.946 I/HomeMainActivity(12906): onKeyDown is 20
07-06 00:49:46.946 I/BaseContentFragment(12906): setRowViewSelectedViewHolder{22879dd0 position=1 id=-1, oldPos=-1, pLpos:-1},isSelectedfalse
07-06 00:49:46.947 I/BaseContentFragment(12906): setRowViewSelectedViewHolder{fcd987c position=2 id=-1, oldPos=-1, pLpos:-1},isSelectedtrue
07-06 00:49:46.950 I/RoleContentFragment(12906): onChildSelected:2,lastPos=1
07-06 00:49:46.951 I/CurrentCarouselView(12906): onCarouseControlCarouselControlBean{mShoudScroll=false, mActivityHasResume=false, mActivityHasStop=false, mHasTurnGone=false, mHasTurnVisible=false, mChannelId=0, mSlideOffset=0.0, mShouldSelectCenter=false, mTabOpen=false, mHoriPosStatus=None, mVerPosStatus=Out, mLevelStatus=None},isPlayingtrue,channelId=0
07-06 00:49:46.951 I/CurrentCarouselView(12906): is the current page
07-06 00:49:46.951 I/CurrentCarouselView(12906): stopPlay
07-06 00:49:46.956 I/HLSP2P  ( 4483): ## 2017-07-06 00:49:46.955 [4483,4842,:0] INFO ## [HLSP2P][DownloadManager.cpp:35][INFO][OnHeartBeatRsp]ps heartbeat rsp ok
07-06 00:49:46.959 D/Carousel-CarouselView(12906): ============>onFocusChange=false
07-06 00:49:46.959 D/Carousel-CarouselDisplayPlayerLayout(12906): isFullScreen:false
07-06 00:49:46.959 D/Carousel-CarouselView(12906): isFullScreen:false,hasFocus:false
07-06 00:49:46.959 D/Carousel-CarouselView(12906): ============>offset=-1467
07-06 00:49:46.959 D/Carousel-CarouselDisplayPlayerLayout(12906): showPlayerWindowTip showable:false
07-06 00:49:46.968 I/ContentBridgeAdapterListener(12906): onAddPresenter 3
07-06 00:49:46.970 D/GlobalInputEventMonitoringService( 1733): interceptKeyBeforeQueueing(), event:20, mNeedMonitorKeyEvent:true, mWaitForKeyUpEvent:false
07-06 00:49:46.970 D/GlobalInputEventMonitoringService( 1733): processKeyEvent(), processKeyEvent event:20
07-06 00:49:46.971 D/WindowManager( 1733): interceptKeyTq keycode=20 interactive=true keyguardActive=false policyFlags=2b000000 isCancled= false
07-06 00:49:46.972 D/WindowManager( 1733): interceptKeyTi keyCode=20 down=false repeatCount=0 keyguardOn=false mHomePressed=false canceled=false
07-06 00:49:46.972 D/WindowManager( 1733): Hisense systemkey event: 20
07-06 00:49:46.972 D/HisenseGlobalKeyManager( 1733): handleGlobalKey() : Global event = KeyEvent { action=ACTION_UP, keyCode=KEYCODE_DPAD_DOWN, scanCode=0, metaState=0, flags=0x0, repeatCount=0, eventTime=22228475, downTime=22228475, deviceId=-1, source=0x101 }
07-06 00:49:46.978 D/MSTAR_VDEC_DBG( 1206): Stream ID: 0, Rate : 23 (E:0,D:0,S:0,F:118) 
07-06 00:49:47.000 I/ContentBridgeAdapterListener(12906): onCreate ViewHolder{21f03333 position=-1 id=-1, oldPos=-1, pLpos:-1 unbound no parent}
07-06 00:49:47.001 I/BaseContentFragment(12906): setUpSharedViewPoolViewHolder{21f03333 position=-1 id=-1, oldPos=-1, pLpos:-1 unbound no parent}
07-06 00:49:47.001 I/BaseContentFragment(12906): share view pool
07-06 00:49:47.002 I/BaseContentFragment(12906): setRowViewSelectedViewHolder{21f03333 position=-1 id=-1, oldPos=-1, pLpos:-1 unbound no parent},isSelectedfalse
07-06 00:49:47.002 I/head    (12906): item=com.hisense.tvui.newhome.presenter.TwoLineListRow@2f5186f0
07-06 00:49:47.002 I/ContentBridgeAdapterListener(12906): onBind 
07-06 00:49:47.004 I/ContentBridgeAdapterListener(12906): onAttachedToWindow ViewHolder{21f03333 position=3 id=-1, oldPos=-1, pLpos:-1}
07-06 00:49:47.011 I/CardSelectionPresenter(12906): onCreateViewHoldercom.hisense.leanback.widget.HorizontalGridView{a73c469 VFE..... ......I. 0,0-0,0 #7f0d038e app:id/row_content}
07-06 00:49:47.027 I/CardSelectionPresenter(12906): onBindViewHolder
07-06 00:49:47.028 D/sloven  (12906): 1002---true
07-06 00:49:47.028 I/CardSelectionPresenter(12906): width=390,height=220
07-06 00:49:47.062 D/hailongqiu(12906): hailongqiu position:0
07-06 00:49:47.072 I/CardSelectionPresenter(12906): onCreateViewHoldercom.hisense.leanback.widget.HorizontalGridView{a73c469 VFE..... ......ID 0,0-1738,588 #7f0d038e app:id/row_content}
07-06 00:49:47.078 I/CardSelectionPresenter(12906): onBindViewHolder
07-06 00:49:47.078 D/sloven  (12906): 1002---true
07-06 00:49:47.078 I/CardSelectionPresenter(12906): width=390,height=220
07-06 00:49:47.082 I/CardSelectionPresenter(12906): onCreateViewHoldercom.hisense.leanback.widget.HorizontalGridView{a73c469 VFE..... ......ID 0,0-1738,588 #7f0d038e app:id/row_content}
07-06 00:49:47.088 I/CardSelectionPresenter(12906): onBindViewHolder
07-06 00:49:47.088 D/sloven  (12906): 1002---true
07-06 00:49:47.088 I/CardSelectionPresenter(12906): width=400,height=220
07-06 00:49:47.091 I/CardSelectionPresenter(12906): onCreateViewHoldercom.hisense.leanback.widget.HorizontalGridView{a73c469 VFE..... ......ID 0,0-1738,588 #7f0d038e app:id/row_content}
07-06 00:49:47.097 I/CardSelectionPresenter(12906): onBindViewHolder
07-06 00:49:47.097 D/sloven  (12906): 1002---true
07-06 00:49:47.098 I/CardSelectionPresenter(12906): width=400,height=220
07-06 00:49:47.108 I/CardSelectionPresenter(12906): onCreateViewHoldercom.hisense.leanback.widget.HorizontalGridView{a73c469 VFE..... ......ID 0,0-1738,588 #7f0d038e app:id/row_content}
07-06 00:49:47.114 I/CardSelectionPresenter(12906): onBindViewHolder
07-06 00:49:47.114 D/sloven  (12906): 1002---true
07-06 00:49:47.114 I/CardSelectionPresenter(12906): width=400,height=220
07-06 00:49:47.120 I/CardSelectionPresenter(12906): onCreateViewHoldercom.hisense.leanback.widget.HorizontalGridView{a73c469 VFE..... ......ID 0,0-1738,588 #7f0d038e app:id/row_content}
07-06 00:49:47.126 I/CardSelectionPresenter(12906): onBindViewHolder
07-06 00:49:47.126 D/sloven  (12906): 1002---true
07-06 00:49:47.126 I/CardSelectionPresenter(12906): width=400,height=220
07-06 00:49:47.130 I/CardSelectionPresenter(12906): onCreateViewHoldercom.hisense.leanback.widget.HorizontalGridView{a73c469 VFE..... ......ID 0,0-1738,588 #7f0d038e app:id/row_content}
07-06 00:49:47.136 I/CardSelectionPresenter(12906): onBindViewHolder
07-06 00:49:47.136 D/sloven  (12906): 2005---false
07-06 00:49:47.136 D/sloven  (12906): 2005ä¸“é¢˜
07-06 00:49:47.137 I/CardSelectionPresenter(12906): width=400,height=220
07-06 00:49:47.146 I/CardSelectionPresenter(12906): onCreateViewHoldercom.hisense.leanback.widget.HorizontalGridView{a73c469 VFE..... ......ID 0,0-1738,588 #7f0d038e app:id/row_content}
07-06 00:49:47.155 I/CardSelectionPresenter(12906): onBindViewHolder
07-06 00:49:47.155 D/sloven  (12906): 2005---false
07-06 00:49:47.155 D/sloven  (12906): 2005ä¸“é¢˜
07-06 00:49:47.156 I/CardSelectionPresenter(12906): width=400,height=220
07-06 00:49:47.159 I/CardSelectionPresenter(12906): onCreateViewHoldercom.hisense.leanback.widget.HorizontalGridView{a73c469 VFE..... ......ID 0,0-1738,588 #7f0d038e app:id/row_content}
07-06 00:49:47.165 I/CardSelectionPresenter(12906): onBindViewHolder
07-06 00:49:47.165 D/sloven  (12906): 2005---false
07-06 00:49:47.165 D/sloven  (12906): 2005ä¸“é¢˜
07-06 00:49:47.166 I/CardSelectionPresenter(12906): width=400,height=220
07-06 00:49:47.168 I/CardSelectionPresenter(12906): onCreateViewHoldercom.hisense.leanback.widget.HorizontalGridView{a73c469 VFE..... ......ID 0,0-1738,588 #7f0d038e app:id/row_content}
07-06 00:49:47.174 I/CardSelectionPresenter(12906): onBindViewHolder
07-06 00:49:47.174 D/sloven  (12906): 2005---false
07-06 00:49:47.174 D/sloven  (12906): 2005ä¸“é¢˜
07-06 00:49:47.174 I/CardSelectionPresenter(12906): width=400,height=220
07-06 00:49:47.178 I/MyFragmentStateAdapter(12906): getCount
07-06 00:49:47.179 I/MyFragmentStateAdapter(12906): getCount
07-06 00:49:47.179 I/MyFragmentStateAdapter(12906): getCount
07-06 00:49:47.179 I/MyFragmentStateAdapter(12906): getCount
07-06 00:49:47.180 I/FirstLineAdapter(12906): canShowTrailer,isOffline=false
07-06 00:49:47.180 I/FirstLineAdapter(12906): canShowTrailer,isOffline=false
07-06 00:49:47.180 I/FirstLineAdapter(12906): canShowTrailer,isOffline=false
07-06 00:49:47.180 I/FirstLineAdapter(12906): canShowTrailer,isOffline=false
07-06 00:49:47.180 I/FirstLineAdapter(12906): canShowTrailer,isOffline=false
07-06 00:49:47.180 I/FirstLineAdapter(12906): canShowTrailer,isOffline=false
07-06 00:49:47.180 I/FirstLineAdapter(12906): canShowTrailer,isOffline=false
07-06 00:49:47.181 I/FirstLineAdapter(12906): canShowTrailer,isOffline=false
07-06 00:49:47.181 I/FirstLineAdapter(12906): canShowTrailer,isOffline=false
07-06 00:49:47.186 D/Carousel-CarouselView(12906): ============>onScrollChanged hashCode:558015189
07-06 00:49:47.186 D/Carousel-CarouselDisplayPlayerLayout(12906): isFullScreen:false
07-06 00:49:47.203 I/MyFragmentStateAdapter(12906): getCount
07-06 00:49:47.217 I/MyFragmentStateAdapter(12906): getCount
07-06 00:49:47.244 D/Carousel-CarouselDisplayPlayerLayout(12906): HasFocus:false,keyCode:20
07-06 00:49:47.244 D/Carousel-CarouselDisplayPlayerLayout(12906): isFullScreen:false
07-06 00:49:47.244 I/HomeMainActivity(12906): carousel handle key:false
07-06 00:49:47.244 D/Carousel-CarouselView(12906): setPosterAndStopPlay! hashCode=558015189, sWorkingHashCode=558015189
07-06 00:49:47.244 D/Carousel-CarouselDisplayPlayerLayout(12906): isFullScreen:false
07-06 00:49:47.244 D/Carousel-Utils(12906): displayImage view=android.widget.ImageView{1cb6b478 G.ED.... ........ 0,0-816,460 #7f0d0029 app:id/imageView1}
07-06 00:49:47.244 D/Carousel-Utils(12906): displayImage url=http://picture.edu.hismarttv.com/images/20170629010146422927.jpg
07-06 00:49:47.245 D/Carousel-Utils(12906): onResourceReady.
07-06 00:49:47.248 D/Carousel-Utils(12906): displayImage view=android.widget.ImageView{2f28796e G.ED.... ........ 0,0-816,460 #7f0d0029 app:id/imageView1}
07-06 00:49:47.248 D/Carousel-Utils(12906): displayImage url=http://picture.edu.hismarttv.com/images/20170629010146422927.jpg
07-06 00:49:47.248 D/Carousel-Utils(12906): onResourceReady.
07-06 00:49:47.250 D/Carousel-CarouselDisplayPlayerLayout(12906): isFullScreen:false
07-06 00:49:47.253 V/InputMethodService( 2203): startInput(): editor=android.view.inputmethod.EditorInfo@3c372dc0
07-06 00:49:47.253 V/InputMethodService( 2203): CALL: onFinishInput
07-06 00:49:47.256 E/SOGOUIME_JNI( 2203): reset
07-06 00:49:47.257 E/SOGOUIME_JNI( 2203): getCandidates
07-06 00:49:47.258 E/SOGOUIME_JNI( 2203): ime_get_uncommitted_length
07-06 00:49:47.258 D/Carousel-CarouselDisplayPlayerLayout(12906): x=380, y=125,w=892,h=536, hashCode=42257061
07-06 00:49:47.258 D/Carousel-CarouselDisplayPlayerLayout(12906): mX=380, mY=167,mWitdh=892,mHeight=536, hashCode=42257061
07-06 00:49:47.258 D/Carousel-CarouselDisplayPlayerLayout(12906): changed=true, hashCode=42257061
07-06 00:49:47.259 D/Carousel-Utils(12906): x=380,y=125, width=892,height=536
07-06 00:49:47.259 D/Carousel-CarouselView(12906): OnScrollStart DisplayPlayerLayout isnot shown return.
07-06 00:49:47.260 I/ContentBridgeAdapterListener(12906): onDetachedFromWindow ViewHolder{9e31b5d position=0 id=-1, oldPos=-1, pLpos:-1}
07-06 00:49:47.261 I/MyFragmentStateAdapter(12906): getCount
07-06 00:49:47.261 I/MyFragmentStateAdapter(12906): getCount
07-06 00:49:47.261 I/MyFragmentStateAdapter(12906): getCount
07-06 00:49:47.261 I/MyFragmentStateAdapter(12906): getCount
07-06 00:49:47.262 E/SOGOUIME_JNI( 2203): getCandidates
07-06 00:49:47.262 D/SogouIME API( 2203): ==============num:32
07-06 00:49:47.262 E/SOGOUIME_JNI( 2203): ime_get_uncommitted_length
07-06 00:49:47.262 D/SogouIME( 2203): mFocusedComponent:30   isHkbEnable:false
07-06 00:49:47.262 E/SOGOUIME_JNI( 2203): ime_get_uncommitted_length
07-06 00:49:47.262 E/SOGOUIME_JNI( 2203): ime_get_committed_length
07-06 00:49:47.263 E/SOGOUIME_JNI( 2203): getComposingInfo
07-06 00:49:47.263 E/SOGOUIME_JNI( 2203): getComposingInfo
07-06 00:49:47.263 E/SOGOUIME_JNI( 2203): getCorrectInfo
07-06 00:49:47.263 E/SOGOUIME_JNI( 2203): getComposingInfo
07-06 00:49:47.263 D/Surface ( 1733): onStatusChange() : mNativeObject = 547819151360 mUseImageHwRender = false
07-06 00:49:47.263 V/Surface ( 1733): nativeSetHardwareRender() : status = 0
07-06 00:49:47.263 V/Surface ( 1733): nativeSetHardwareRender() : end
07-06 00:49:47.264 V/InputMethodService( 2203): CALL: onStartInput
07-06 00:49:47.264 E/SOGOUIME_JNI( 2203): invalidateCommitWordPinyinNative
07-06 00:49:47.264 D/SogouIME( 2203): =====configKeyboard=======æ˜¯å¦æœ‰ç¡¬ä»¶ç›˜:false     ç¡¬ä»¶ç›˜æ˜¯å¦ä¸å†éšè—ï¼šfalse
07-06 00:49:47.264 E/SOGOUIME_JNI( 2203): ime_set_hard_kb_enable
07-06 00:49:47.268 D/PowerManagerService( 1733): releaseWakeLockInternal: lock=487931605 [WindowManager], flags=0x0
07-06 00:49:47.268 D/PowerManagerNotifier( 1733): onWakeLockReleased: flags=536870922, tag="WindowManager", packageName=android, ownerUid=1000, ownerPid=1733, workSource=WorkSource{10010}
07-06 00:49:47.269 D/PowerManagerService( 1733): userActivityNoUpdateLocked: eventTime=22228840, event=0, flags=0x1, uid=1000
07-06 00:49:47.269 D/PowerManagerService( 1733): setScreenBrightnessOverrideFromWindowManagerInternal done
07-06 00:49:47.273 D/Surface ( 1733): onStatusChange() : mNativeObject = 0 mUseImageHwRender = false
07-06 00:49:47.273 I/FirstLineAdapter(12906): canShowTrailer,isOffline=false
07-06 00:49:47.274 I/FirstLineAdapter(12906): canShowTrailer,isOffline=false
07-06 00:49:47.274 I/FirstLineAdapter(12906): canShowTrailer,isOffline=false
07-06 00:49:47.274 I/FirstLineAdapter(12906): canShowTrailer,isOffline=false
07-06 00:49:47.274 I/FirstLineAdapter(12906): canShowTrailer,isOffline=false
07-06 00:49:47.274 I/FirstLineAdapter(12906): canShowTrailer,isOffline=false
07-06 00:49:47.274 I/FirstLineAdapter(12906): canShowTrailer,isOffline=false
07-06 00:49:47.274 I/FirstLineAdapter(12906): canShowTrailer,isOffline=false
07-06 00:49:47.274 I/FirstLineAdapter(12906): canShowTrailer,isOffline=false
07-06 00:49:47.279 D/Carousel-CarouselView(12906): ============>onScrollChanged hashCode:558015189
07-06 00:49:47.279 D/Carousel-CarouselDisplayPlayerLayout(12906): isFullScreen:false
07-06 00:49:47.281 I/MyFragmentStateAdapter(12906): getCount
07-06 00:49:47.289 D/Carousel-CarouselDisplayPlayerLayout(12906): x=380, y=-185,w=892,h=536, hashCode=42257061
07-06 00:49:47.289 D/Carousel-CarouselDisplayPlayerLayout(12906): mX=380, mY=125,mWitdh=892,mHeight=536, hashCode=42257061
07-06 00:49:47.289 D/Carousel-CarouselDisplayPlayerLayout(12906): changed=true, hashCode=42257061
07-06 00:49:47.289 D/Carousel-Utils(12906): x=380,y=-185, width=892,height=536
07-06 00:49:47.289 D/Carousel-CarouselView(12906): onWindowOutScreen!
07-06 00:49:47.317 I/TVMW@HsTvSetting( 1234): Trace cmd, data = 0x1058
07-06 00:49:47.318 D/til@system( 2026): til_get_system_param option:100002F int:0, bool:0, ret:0
07-06 00:49:47.319 I/TVMW@HsTvSetting( 1234): Trace cmd, data = 0x101f
07-06 00:49:47.319 D/til@system( 2026): til_get_system_param option:100001D int:3, bool:3, ret:0
07-06 00:49:47.319 E/til     ( 2026): [til_get_current_input_source, 101] 
07-06 00:49:47.320 I/TVMW@HsTvSetting( 1234): Trace cmd, data = 0x7007
07-06 00:49:47.320 I/tilwrapper@sm( 2026): HS2TIL_SourceType *hs=0xd, *til=0x900
07-06 00:49:47.320 D/til     ( 2026): get current source 2304
07-06 00:49:47.320 D/SourceRemoteServiceHandler( 2026): getCurrentInputSource.from.til.result is 0, value is 2304
07-06 00:49:47.320 D/SourceRemoteServiceHandler( 2026): getInputSourceType source: 0x900, type=2304
07-06 00:49:47.320 D/til     ( 2026): ###### func:til_get_picture_param option:0x3000006 ######  
07-06 00:49:47.321 I/TVMW@HsTvSetting( 1234): Trace cmd, data = 0x1003
07-06 00:49:47.321 I/TVMW@HsTvSetting( 1234): Trace cmd, data = 0x8032
07-06 00:49:47.322 I/hstvos  ( 1216): [0m[1;33m[HSHAL][HS_VIDEO][HS_HAL_Video_SetOsdDetect_v2][2389]u16Threshold = 20
07-06 00:49:47.326 I/TVMW@devctrl( 1234): wdt
07-06 00:49:47.326 E/TVMW@videoctrl( 1234):  getOsd is 1
07-06 00:49:47.326 D/til@system( 2026): til_get_system_param option:1000027 int:1, bool:1, ret:0
07-06 00:49:47.327 D/til     ( 2026): ###### func:til_get_picture_param option:0x3000045 ######  
07-06 00:49:47.327 I/TVMW@HsTvSetting( 1234): Trace cmd, data = 0x300c
07-06 00:49:47.327 I/TVMW@HsTvSetting( 1234): Trace 3d, data = 0x300c
07-06 00:49:47.327 I/TVMW@3d ( 1234): Hs_debug3d_trace: func:get3dStatus, line:109
07-06 00:49:47.342 I/HLSP2P  ( 4483): ## 2017-07-06 00:49:47.341 [4483,4840,:0] INFO ## [HLSP2P][DownloadManager.cpp:35][INFO][TryExtendCacheSize]system memory total size : 1912M, free size : 336M, cache add to 30MB
07-06 00:49:47.400 D/Carousel-CarouselDisplayPlayerLayout(12906): x=380, y=-185,w=892,h=536, hashCode=42257061
07-06 00:49:47.400 D/Carousel-CarouselDisplayPlayerLayout(12906): mX=380, mY=-185,mWitdh=892,mHeight=536, hashCode=42257061
07-06 00:49:47.400 D/Carousel-CarouselDisplayPlayerLayout(12906): changed=false, hashCode=42257061
07-06 00:49:47.400 D/Carousel-CarouselDisplayPlayerLayout(12906): extraTryCount=0
07-06 00:49:47.400 D/Carousel-CarouselView(12906): setPosterAndStopPlay! hashCode=558015189, sWorkingHashCode=558015189
07-06 00:49:47.400 D/Carousel-CarouselDisplayPlayerLayout(12906): isFullScreen:false
07-06 00:49:47.400 D/Carousel-Utils(12906): displayImage view=android.widget.ImageView{1cb6b478 V.ED.... ........ 0,0-816,460 #7f0d0029 app:id/imageView1}
07-06 00:49:47.400 D/Carousel-Utils(12906): displayImage url=http://picture.edu.hismarttv.com/images/20170629010146422927.jpg
07-06 00:49:47.401 D/Carousel-Utils(12906): onResourceReady.
07-06 00:49:47.403 D/Carousel-Utils(12906): displayImage view=android.widget.ImageView{2f28796e V.ED.... ......ID 0,0-816,460 #7f0d0029 app:id/imageView1}
07-06 00:49:47.403 D/Carousel-Utils(12906): displayImage url=http://picture.edu.hismarttv.com/images/20170629010146422927.jpg
07-06 00:49:47.404 D/Carousel-Utils(12906): onResourceReady.
07-06 00:49:47.411 D/Carousel-CarouselDisplayPlayerLayout(12906): isFullScreen:false
07-06 00:49:47.411 D/Carousel-CarouselDisplayPlayerLayout(12906): x=380, y=-185,w=892,h=536, hashCode=42257061
07-06 00:49:47.411 D/Carousel-CarouselDisplayPlayerLayout(12906): mX=380, mY=-185,mWitdh=892,mHeight=536, hashCode=42257061
07-06 00:49:47.411 D/Carousel-CarouselDisplayPlayerLayout(12906): changed=false, hashCode=42257061
07-06 00:49:47.411 D/Carousel-CarouselDisplayPlayerLayout(12906): extraTryCount=1
07-06 00:49:47.424 D/CardItemView(12906): handleFocus subtile===>:
07-06 00:49:47.426 I/MyFragmentStateAdapter(12906): getCount
07-06 00:49:47.426 I/MyFragmentStateAdapter(12906): getCount
07-06 00:49:47.426 I/MyFragmentStateAdapter(12906): getCount
07-06 00:49:47.426 I/MyFragmentStateAdapter(12906): getCount
07-06 00:49:47.426 I/FirstLineAdapter(12906): canShowTrailer,isOffline=false
07-06 00:49:47.427 I/FirstLineAdapter(12906): canShowTrailer,isOffline=false
07-06 00:49:47.427 I/FirstLineAdapter(12906): canShowTrailer,isOffline=false
07-06 00:49:47.427 I/FirstLineAdapter(12906): canShowTrailer,isOffline=false
07-06 00:49:47.427 I/FirstLineAdapter(12906): canShowTrailer,isOffline=false
07-06 00:49:47.427 I/FirstLineAdapter(12906): canShowTrailer,isOffline=false
07-06 00:49:47.427 I/FirstLineAdapter(12906): canShowTrailer,isOffline=false
07-06 00:49:47.427 I/FirstLineAdapter(12906): canShowTrailer,isOffline=false
07-06 00:49:47.427 I/FirstLineAdapter(12906): canShowTrailer,isOffline=false
07-06 00:49:47.444 I/MyFragmentStateAdapter(12906): getCount
07-06 00:49:47.446 D/HttpHandler(12906): VerifySignInterCeptor-->request.url()=http://picture.edu.hismarttv.com/images/20170628233313068112.jpg
07-06 00:49:47.446 D/HttpHandler(12906): VerifySignInterCeptor-->hostname=picture.edu.hismarttv.com
07-06 00:49:47.449 D/Carousel-CarouselDisplayPlayerLayout(12906): x=380, y=-185,w=892,h=536, hashCode=42257061
07-06 00:49:47.449 D/Carousel-CarouselDisplayPlayerLayout(12906): mX=380, mY=-185,mWitdh=892,mHeight=536, hashCode=42257061
07-06 00:49:47.449 D/Carousel-CarouselDisplayPlayerLayout(12906): changed=false, hashCode=42257061
07-06 00:49:47.452 D/Carousel-CarouselDisplayPlayerLayout(12906): extraTryCount=2
07-06 00:49:47.453 D/Carousel-CarouselDisplayPlayerLayout(12906): x=380, y=-185,w=892,h=536, hashCode=42257061
07-06 00:49:47.454 D/Carousel-CarouselDisplayPlayerLayout(12906): mX=380, mY=-185,mWitdh=892,mHeight=536, hashCode=42257061
07-06 00:49:47.454 D/Carousel-CarouselDisplayPlayerLayout(12906): changed=false, hashCode=42257061
07-06 00:49:47.454 D/Carousel-CarouselDisplayPlayerLayout(12906): extraTryCount=3
07-06 00:49:47.457 D/OkHttp  (12906): --> GET http://picture.edu.hismarttv.com/images/20170628233313068112.jpg http/1.1
07-06 00:49:47.457 D/OkHttp  (12906): Host: picture.edu.hismarttv.com
07-06 00:49:47.457 D/OkHttp  (12906): Connection: Keep-Alive
07-06 00:49:47.457 D/OkHttp  (12906): Accept-Encoding: gzip
07-06 00:49:47.457 D/OkHttp  (12906): User-Agent: okhttp/3.6.0
07-06 00:49:47.457 D/OkHttp  (12906): --> END GET
07-06 00:49:47.463 D/Carousel-CarouselDisplayPlayerLayout(12906): x=380, y=-185,w=892,h=536, hashCode=42257061
07-06 00:49:47.463 D/HttpHandler(12906): VerifySignInterCeptor-->request.url()=http://picture.edu.hismarttv.com/images/20170630060641226550.jpg
07-06 00:49:47.463 D/Carousel-CarouselDisplayPlayerLayout(12906): mX=380, mY=-185,mWitdh=892,mHeight=536, hashCode=42257061
07-06 00:49:47.463 D/HttpHandler(12906): VerifySignInterCeptor-->hostname=picture.edu.hismarttv.com
07-06 00:49:47.463 D/Carousel-CarouselDisplayPlayerLayout(12906): changed=false, hashCode=42257061
07-06 00:49:47.463 D/Carousel-CarouselDisplayPlayerLayout(12906): extraTryCount=4
07-06 00:49:47.463 D/Carousel-CarouselDisplayPlayerLayout(12906): x=380, y=-185,w=892,h=536, hashCode=42257061
07-06 00:49:47.463 D/Carousel-CarouselDisplayPlayerLayout(12906): mX=380, mY=-185,mWitdh=892,mHeight=536, hashCode=42257061
07-06 00:49:47.463 D/Carousel-CarouselDisplayPlayerLayout(12906): changed=false, hashCode=42257061
07-06 00:49:47.463 D/Carousel-CarouselDisplayPlayerLayout(12906): extraTryCount=5
07-06 00:49:47.463 D/HttpHandler(12906): VerifySignInterCeptor-->request.url()=http://picture.edu.hismarttv.com/images/20170630060711088714.jpg
07-06 00:49:47.464 D/HttpHandler(12906): VerifySignInterCeptor-->hostname=picture.edu.hismarttv.com
07-06 00:49:47.468 D/OkHttp  (12906): --> GET http://picture.edu.hismarttv.com/images/20170630060711088714.jpg http/1.1
07-06 00:49:47.468 D/OkHttp  (12906): Host: picture.edu.hismarttv.com
07-06 00:49:47.468 D/OkHttp  (12906): Connection: Keep-Alive
07-06 00:49:47.468 D/OkHttp  (12906): Accept-Encoding: gzip
07-06 00:49:47.468 D/OkHttp  (12906): User-Agent: okhttp/3.6.0
07-06 00:49:47.468 D/OkHttp  (12906): --> END GET
07-06 00:49:47.484 I/MyFragmentStateAdapter(12906): getCount
07-06 00:49:47.512 D/OkHttp  (12906): <-- 200 OK http://picture.edu.hismarttv.com/images/20170630060711088714.jpg (43ms)
07-06 00:49:47.512 D/OkHttp  (12906): Date: Tue, 04 Jul 2017 01:17:05 GMT
07-06 00:49:47.512 D/OkHttp  (12906): Server: nginx
07-06 00:49:47.512 D/OkHttp  (12906): Content-Type: image/jpeg
07-06 00:49:47.512 D/OkHttp  (12906): Content-Length: 150566
07-06 00:49:47.512 D/OkHttp  (12906): Last-Modified: Fri, 30 Jun 2017 06:07:11 GMT
07-06 00:49:47.512 D/OkHttp  (12906): ETag: "5955ea8f-24c26"
07-06 00:49:47.512 D/OkHttp  (12906): Accept-Ranges: bytes
07-06 00:49:47.512 D/OkHttp  (12906): Age: 142362
07-06 00:49:47.512 D/OkHttp  (12906): Via: 1.1 jn239:0 (Cdn Cache Server V2.0)[29 200 0], 1.1 angtong95:7 (Cdn Cache Server V2.0)[0 200 0]
07-06 00:49:47.512 D/OkHttp  (12906): Connection: keep-alive
07-06 00:49:47.512 D/OkHttp  (12906): <-- END HTTP
07-06 00:49:47.518 D/HttpHandler(12906): VerifySignInterCeptor-->request.url()=http://picture.edu.hismarttv.com/images/20170629/20161111081033896636.jpg
