07-06 00:50:42.114 V/AudioPolicyManager( 1206): DeviceVector::getDevice() for type 00008000 address 0 found 0x0
07-06 00:50:42.114 V/AudioPolicyManager( 1206): DeviceVector::getDevice() for type 00008000 address 0 found 0x0
07-06 00:50:42.114 V/AudioPolicyManager( 1206): setOutputDevice() changing device
07-06 00:50:42.114 V/AudioPolicyManager( 1206): DeviceVector::refreshTypes() mDeviceTypes 00000002
07-06 00:50:42.114 V/AudioPolicyManager( 1206): DeviceVector::getDevicesFromType() for type 2 found 0xf407cf00
07-06 00:50:42.122 E/audio_hw_primary( 1206): out_set_parameters: routing=2
07-06 00:50:42.122 V/AudioPolicyManager( 1206): setOutputDevice() createAudioPatch returned 0 patchHandle 917num_sources 1 num_sinks 1
07-06 00:50:42.123 V/AudioPolicyManager( 1206): checkAndSetVolume() cannot set stream 6 volume with force use = 0 for comm
07-06 00:50:42.123 V/AudioPolicyManager( 1206): DeviceVector::getDevice() for type 00008000 address 0 found 0x0
07-06 00:50:42.123 V/AudioPolicyManager( 1206): DeviceVector::getDevice() for type 00008000 address 0 found 0x0
07-06 00:50:42.123 V/AudioPolicyManager( 1206): DeviceVector::getDevice() for type 00008000 address 0 found 0x0
07-06 00:50:42.123 V/AudioPolicyManager( 1206): DeviceVector::getDevice() for type 00008000 address 0 found 0x0
07-06 00:50:42.123 V/AudioPolicyManager( 1206): DeviceVector::getDevice() for type 00008000 address 0 found 0x0
07-06 00:50:42.123 V/AudioPolicyManager( 1206): DeviceVector::getDevice() for type 00008000 address 0 found 0x0
07-06 00:50:42.123 V/AudioPolicyManager( 1206): DeviceVector::getDevice() for type 00008000 address 0 found 0x0
07-06 00:50:42.123 V/AudioPolicyManager( 1206): DeviceVector::getDevice() for type 00008000 address 0 found 0x0
07-06 00:50:42.124 W/NuPlayerRenderer( 1206): numFramesAvailableToWrite(7526), mAudioSink frameCount(7526), mAudioQueue size(4), numFramesPlayed(0), mNumFramesWritten(0)
07-06 00:50:42.124 D/NuPlayerRenderer( 1206): mAudioFirstAnchorTimeMediaUs from -1 change to 23219,mLastRenderAudioTimeUs -1,pendingDurationUs 0
07-06 00:50:42.134 D/PowerManagerService( 1733): updateWakeLockWorkSourceInternal: lock=324848712 [AudioMix], ws=WorkSource{10010}
07-06 00:50:42.134 D/PowerManagerNotifier( 1733): onWakeLockReleased: flags=1, tag="AudioMix", packageName=media, ownerUid=1013, ownerPid=0, workSource=null
07-06 00:50:42.134 D/PowerManagerNotifier( 1733): onWakeLockAcquired: flags=1, tag="AudioMix", packageName=media, ownerUid=1013, ownerPid=0, workSource=WorkSource{10010}
07-06 00:50:42.136 D/vsyncbridge( 1204): [update_ds_table,  594] DispW:1632 DispH:920 
07-06 00:50:42.136 D/vsyncbridge( 1204): [update_ds_table,  598] Cap.x:1105 Cap.y:30 CapW:1920 CapH:1080 
07-06 00:50:42.136 D/vsyncbridge( 1204): [update_ds_table,  599] enInputSourceType:34 
07-06 00:50:42.136 D/vsyncbridge( 1204): [update_ds_table,  601] u16InputVTotal:2205  u16InputVFreq:240 
07-06 00:50:42.136 D/vsyncbridge( 1204): [update_ds_table,  603] bInterlace:0  u16DefaultHtotal:0 
07-06 00:50:42.136 D/vsyncbridge( 1204): [update_ds_table,  606] bPreHCusScaling:1  bPreVCusScaling:1 
07-06 00:50:42.136 D/vsyncbridge( 1204): [update_ds_table,  608] u16PreHCusScalingSrc:1920  u16PreHCusScalingDst:1920 
07-06 00:50:42.136 D/vsyncbridge( 1204): [update_ds_table,  610] u16PreVCusScalingSrc:1080  u16PreVCusScalingSrc:1080 
07-06 00:50:42.136 D/vsyncbridge( 1204): [update_ds_table,  613] bHCusScaling:0  bVCusScaling:0 
07-06 00:50:42.137 D/vsyncbridge( 1204): [update_ds_table,  615] u16HCusScalingSrc:1920  u16HCusScalingDst:1632 
07-06 00:50:42.137 D/vsyncbridge( 1204): [update_ds_table,  617] u16VCusScalingSrc:1084  u16VCusScalingDst:920 
07-06 00:50:42.137 D/vsyncbridge( 1204): vsync_bridge_CalAspectRatio type = 0
07-06 00:50:42.137 D/vsyncbridge( 1204): panel [3840 2160] osd [1920 1080] ratio [2.000000 2.000000]
07-06 00:50:42.137 D/vsyncbridge( 1204): apply ratio, x=1098, y=410, width=1632, height=920
07-06 00:50:42.137 D/vsyncbridge( 1204): disp_old[1098 410 2730 1330], disp_new[1098 410 2730 1330], crop[0 0 1920 1080]
07-06 00:50:42.137 D/vsyncbridge( 1204): [update_ds_table,  798] SW DS !!! 
07-06 00:50:42.137 D/vsyncbridge( 1204): [update_ds_table,  800] stXC_SetWin_Info.stCapWin.width1920  stXC_SetWin_Info.stCapWin.height:1080
07-06 00:50:42.137 D/vsyncbridge( 1204): [update_ds_table,  802] stXC_SetWin_Info.stCropWin.width1920  stXC_SetWin_Info.stCropWin.height:1080
07-06 00:50:42.137 D/vsyncbridge( 1204): [update_ds_table,  803] MApi_XC_GetDynamicScalingStatus():1 
07-06 00:50:42.137 D/        ( 1204): Alert: cannot get frameCount from IOCTL, eWindow=0! Fall back to original frame mode
07-06 00:50:42.137 D/        ( 1204): MVOP is 1P mode
07-06 00:50:42.137 D/        ( 1204): [_MDrv_SC_check_2p_mode][9405]u16Width=3840,u16Height=2160,u32Vfreqx10=240
07-06 00:50:42.160 D/Carousel-SimpleVideoView(13426): what=3, extra=0
07-06 00:50:42.166 D/Carousel-log_video-(13426): onFirstFrame!
07-06 00:50:42.169 I/MiSysSrv( 1214): [37m[INFO] Change to Voltage: 112 mv (0x2D)[m
07-06 00:50:42.175 D/Carousel-log_video-(13426): handleFirstFramePlayLog isReplayState:false,mLogPlayState:1
07-06 00:50:42.175 D/Carousel-log_video-(13426): ==first frame log,duration:2389
07-06 00:50:42.175 D/Carousel-log_(13426): ===(Main-Video-278003)-{srccolumnid=3, eventType=278, srcgroupid=10001, appversionname=2.0.0.6, srctabid=0, duration=2389, license=hisense, eventcode=278003, deviceid=86100300900000500000060a4818fca8, mediaid=351, eventPos=003, sessionid=d8d2f6e5750e4e5fae936d5be77a749e, srcpackagename=com.hisense.hicloud.edca, subscriberid=13287129, playactionuuid=53110d43-78e1-4de7-944b-15249d96271d, version=2.1, devicemsg=LED50MU8600UC0000888, isall=0, customerid=7195320, srcrowid=0, srceventcode=280000}
07-06 00:50:42.178 D/vsyncbridge( 1204): Overlay[0] wait_disp_show W 2, R 1, Cur 255, wait time = 62ms
07-06 00:50:42.194 W/System.err(13426): java.net.ConnectException: failed to connect to /10.18.210.112 (port 8900) after 6000ms: isConnected failed: ECONNREFUSED (Connection refused)
07-06 00:50:42.212 W/System.err(13426): 	at libcore.io.IoBridge.isConnected(IoBridge.java:238)
07-06 00:50:42.212 W/System.err(13426): 	at libcore.io.IoBridge.connectErrno(IoBridge.java:171)
07-06 00:50:42.213 W/System.err(13426): 	at libcore.io.IoBridge.connect(IoBridge.java:122)
07-06 00:50:42.213 W/System.err(13426): 	at java.net.PlainSocketImpl.connect(PlainSocketImpl.java:183)
07-06 00:50:42.213 W/System.err(13426): 	at java.net.PlainSocketImpl.connect(PlainSocketImpl.java:456)
07-06 00:50:42.213 W/System.err(13426): 	at java.net.Socket.connect(Socket.java:882)
07-06 00:50:42.213 W/System.err(13426): 	at com.android.okhttp.internal.Platform.connectSocket(Platform.java:174)
07-06 00:50:42.213 W/System.err(13426): 	at com.android.okhttp.Connection.connect(Connection.java:152)
07-06 00:50:42.213 W/System.err(13426): 	at com.android.okhttp.internal.http.HttpEngine.connect(HttpEngine.java:276)
07-06 00:50:42.213 W/System.err(13426): 	at com.android.okhttp.internal.http.HttpEngine.sendRequest(HttpEngine.java:211)
07-06 00:50:42.213 W/System.err(13426): 	at com.android.okhttp.internal.http.HttpURLConnectionImpl.execute(HttpURLConnectionImpl.java:382)
07-06 00:50:42.213 W/System.err(13426): 	at com.android.okhttp.internal.http.HttpURLConnectionImpl.connect(HttpURLConnectionImpl.java:106)
07-06 00:50:42.213 W/System.err(13426): 	at com.hisense.hitv.hicloud.util.ExceptionReport.a(ExceptionReport.java:337)
07-06 00:50:42.213 W/System.err(13426): 	at com.hisense.hitv.hicloud.util.ExceptionReport.a(ExceptionReport.java:39)
07-06 00:50:42.213 W/System.err(13426): 	at com.hisense.hitv.hicloud.util.ExceptionReport$1.run(ExceptionReport.java:83)
07-06 00:50:42.213 W/System.err(13426): 	at java.lang.Thread.run(Thread.java:818)
07-06 00:50:42.214 W/System.err(13426): Caused by: android.system.ErrnoException: isConnected failed: ECONNREFUSED (Connection refused)
07-06 00:50:42.214 W/System.err(13426): 	at libcore.io.IoBridge.isConnected(IoBridge.java:223)
07-06 00:50:42.214 W/System.err(13426): 	... 15 more
07-06 00:50:42.269 I/MiSysSrv( 1214): [37m[INFO] Change to Voltage: 117 mv (0x32)[m
07-06 00:50:42.278 D/DtvSourcePlugin-DVBC( 4289): Setting the EPG Updater state to: WAIT
07-06 00:50:42.308 I/TVMW@devctrl( 1234): wdt
07-06 00:50:42.388 D/MSTAR_VDEC_DBG( 1206): Stream ID: 0, Rate : 8 (E:0,D:0,S:0,F:26) 
07-06 00:50:42.469 I/MyFragmentStateAdapter(13426): getCount
07-06 00:50:42.567 D/NativeDecimalFormat(13426): NativeDecimalFormat_close print addr=3763656960
07-06 00:50:42.567 D/NativeDecimalFormat(13426): NativeDecimalFormat_close print g_addr=4098420736
07-06 00:50:42.576 I/art     (13426): Background sticky concurrent mark sweep GC freed 48294(2MB) AllocSpace objects, 13(208KB) LOS objects, 5% free, 35MB/37MB, paused 3.040ms total 215.340ms
07-06 00:50:42.607 I/TVMW@HsTvSetting( 1234): Trace cmd, data = 0x1058
07-06 00:50:42.607 D/til@system( 2026): til_get_system_param option:100002F int:0, bool:0, ret:0
07-06 00:50:42.608 I/TVMW@HsTvSetting( 1234): Trace cmd, data = 0x101f
07-06 00:50:42.612 D/til@system( 2026): til_get_system_param option:100001D int:3, bool:3, ret:0
07-06 00:50:42.612 E/til     ( 2026): [til_get_current_input_source, 101] 
07-06 00:50:42.613 I/TVMW@HsTvSetting( 1234): Trace cmd, data = 0x7007
07-06 00:50:42.613 I/tilwrapper@sm( 2026): HS2TIL_SourceType *hs=0xd, *til=0x900
07-06 00:50:42.613 D/til     ( 2026): get current source 2304
07-06 00:50:42.614 D/SourceRemoteServiceHandler( 2026): getCurrentInputSource.from.til.result is 0, value is 2304
07-06 00:50:42.614 D/SourceRemoteServiceHandler( 2026): getInputSourceType source: 0x900, type=2304
07-06 00:50:42.615 D/til     ( 2026): ###### func:til_get_picture_param option:0x3000006 ######  
07-06 00:50:42.615 I/TVMW@HsTvSetting( 1234): Trace cmd, data = 0x1003
07-06 00:50:42.616 I/TVMW@HsTvSetting( 1234): Trace cmd, data = 0x8032
07-06 00:50:42.617 I/hstvos  ( 1216): [0m[1;33m[HSHAL][HS_VIDEO][HS_HAL_Video_SetOsdDetect_v2][2389]u16Threshold = 20
07-06 00:50:42.618 E/TVMW@videoctrl( 1234):  getOsd is 1
07-06 00:50:42.618 D/til@system( 2026): til_get_system_param option:1000027 int:1, bool:1, ret:0
07-06 00:50:42.619 D/til     ( 2026): ###### func:til_get_picture_param option:0x3000045 ######  
07-06 00:50:42.619 I/TVMW@HsTvSetting( 1234): Trace cmd, data = 0x300c
07-06 00:50:42.619 I/TVMW@HsTvSetting( 1234): Trace 3d, data = 0x300c
07-06 00:50:42.619 I/TVMW@3d ( 1234): Hs_debug3d_trace: func:get3dStatus, line:109
07-06 00:50:42.675 D/PowerManagerService( 1733): acquireWakeLockInternal: lock=113832109, flags=0x1, tag="NetworkStats", ws=null, uid=1000, pid=1733
07-06 00:50:42.676 D/PowerManagerNotifier( 1733): onWakeLockAcquired: flags=1, tag="NetworkStats", packageName=android, ownerUid=1000, ownerPid=1733, workSource=null
07-06 00:50:42.676 D/NtpTrustedTime( 1733): currentTimeMillis() cache hit
07-06 00:50:42.704 D/IntertrustDRMManager(13426): [TID 13588] wasabi runtime initialized success.
07-06 00:50:42.706 D/NtpTrustedTime( 1733): currentTimeMillis() cache hit
07-06 00:50:42.707 D/NtpTrustedTime( 1733): currentTimeMillis() cache hit
07-06 00:50:42.707 D/NtpTrustedTime( 1733): currentTimeMillis() cache hit
07-06 00:50:42.708 D/PowerManagerService( 1733): releaseWakeLockInternal: lock=113832109 [NetworkStats], flags=0x0
07-06 00:50:42.708 D/PowerManagerNotifier( 1733): onWakeLockReleased: flags=1, tag="NetworkStats", packageName=android, ownerUid=1000, ownerPid=1733, workSource=null
07-06 00:50:42.776 D/PowerManagerService( 1733): releaseWakeLockInternal: lock=208739041 [AudioMix], flags=0x0
07-06 00:50:42.776 D/PowerManagerNotifier( 1733): onWakeLockReleased: flags=1, tag="AudioMix", packageName=media, ownerUid=1013, ownerPid=0, workSource=null
07-06 00:50:42.815 I/MyFragmentStateAdapter(13426): getCount
07-06 00:50:42.829 I/NetflixMonitorService( 1733): current fgapk : com.hisense.hicloud.edca
07-06 00:50:42.829 I/NetflixMonitorService( 1733): Netflix status unchanged
07-06 00:50:42.856 I/Choreographer( 3457): Skipped 30 frames!  The application may be doing too much work on its main thread.
07-06 00:50:42.886 I/MyFragmentStateAdapter(13426): getCount
07-06 00:50:42.946 I/MyFragmentStateAdapter(13426): getCount
07-06 00:50:42.969 I/MiSysSrv( 1214): [37m[INFO] Change to Voltage: 117 mv (0x32)[m
07-06 00:50:42.980 D/MyLocalStartService( 5648): currentName is :com.hisense.hicloud.edca
07-06 00:50:43.035 I/MyFragmentStateAdapter(13426): getCount
07-06 00:50:43.069 I/MiSysSrv( 1214): [37m[INFO] Change to Voltage: 117 mv (0x32)[m
07-06 00:50:43.093 I/MyFragmentStateAdapter(13426): getCount
07-06 00:50:43.120 I/TVMW@HsTvSetting( 1234): Trace cmd, data = 0x1058
07-06 00:50:43.121 D/til@system( 2026): til_get_system_param option:100002F int:0, bool:0, ret:0
07-06 00:50:43.121 I/TVMW@HsTvSetting( 1234): Trace cmd, data = 0x101f
07-06 00:50:43.121 D/til@system( 2026): til_get_system_param option:100001D int:3, bool:3, ret:0
07-06 00:50:43.121 E/til     ( 2026): [til_get_current_input_source, 101] 
07-06 00:50:43.121 I/TVMW@HsTvSetting( 1234): Trace cmd, data = 0x7007
07-06 00:50:43.122 I/tilwrapper@sm( 2026): HS2TIL_SourceType *hs=0xd, *til=0x900
07-06 00:50:43.122 D/til     ( 2026): get current source 2304
07-06 00:50:43.122 D/SourceRemoteServiceHandler( 2026): getCurrentInputSource.from.til.result is 0, value is 2304
07-06 00:50:43.122 D/SourceRemoteServiceHandler( 2026): getInputSourceType source: 0x900, type=2304
07-06 00:50:43.122 D/til     ( 2026): ###### func:til_get_picture_param option:0x3000006 ######  
07-06 00:50:43.122 I/TVMW@HsTvSetting( 1234): Trace cmd, data = 0x1003
07-06 00:50:43.122 I/TVMW@HsTvSetting( 1234): Trace cmd, data = 0x8032
07-06 00:50:43.123 E/TVMW@videoctrl( 1234):  getOsd is 1
07-06 00:50:43.123 I/hstvos  ( 1216): [0m[1;33m[HSHAL][HS_VIDEO][HS_HAL_Video_SetOsdDetect_v2][2389]u16Threshold = 20
07-06 00:50:43.123 D/til@system( 2026): til_get_system_param option:1000027 int:1, bool:1, ret:0
07-06 00:50:43.124 D/til     ( 2026): ###### func:til_get_picture_param option:0x3000045 ######  
07-06 00:50:43.124 I/TVMW@HsTvSetting( 1234): Trace cmd, data = 0x300c
07-06 00:50:43.124 I/TVMW@HsTvSetting( 1234): Trace 3d, data = 0x300c
07-06 00:50:43.124 I/TVMW@3d ( 1234): Hs_debug3d_trace: func:get3dStatus, line:109
07-06 00:50:43.151 I/MyFragmentStateAdapter(13426): getCount
07-06 00:50:43.169 I/MiSysSrv( 1214): [37m[INFO] Change to Voltage: 117 mv (0x32)[m
07-06 00:50:43.209 I/TVMW@devctrl( 1234): wdt
07-06 00:50:43.214 I/MyFragmentStateAdapter(13426): getCount
07-06 00:50:43.251 I/MyFragmentStateAdapter(13426): getCount
07-06 00:50:43.273 I/MiSysSrv( 1214): [37m[INFO] Change to Voltage: 112 mv (0x2D)[m
07-06 00:50:43.283 I/MyFragmentStateAdapter(13426): getCount
07-06 00:50:43.311 I/MyFragmentStateAdapter(13426): getCount
07-06 00:50:43.331 I/MyFragmentStateAdapter(13426): getCount
07-06 00:50:43.355 I/MyFragmentStateAdapter(13426): getCount
07-06 00:50:43.369 I/MiSysSrv( 1214): [37m[INFO] Change to Voltage: 107 mv (0x28)[m
07-06 00:50:43.380 I/MyFragmentStateAdapter(13426): getCount
07-06 00:50:43.384 D/MC_MEMORY( 4735): max: 256.261888 Mb, heap: 10.10798 Mb, allocated: 9.10215 Mb, free: 0.583 Mb, native heap: 12.12276 Mb, native allocated: 8.8353 Mb, native free: 3.3923 Mb
07-06 00:50:43.388 D/MSTAR_VDEC_DBG( 1206): Stream ID: 0, Rate : 24 (E:0,D:0,S:0,F:50) 
07-06 00:50:43.403 I/MyFragmentStateAdapter(13426): getCount
07-06 00:50:43.426 I/MyFragmentStateAdapter(13426): getCount
07-06 00:50:43.450 I/MyFragmentStateAdapter(13426): getCount
07-06 00:50:43.469 I/MiSysSrv( 1214): [37m[INFO] Change to Voltage: 102 mv (0x23)[m
07-06 00:50:43.481 I/MyFragmentStateAdapter(13426): getCount
07-06 00:50:43.509 I/MyFragmentStateAdapter(13426): getCount
07-06 00:50:43.544 I/MyFragmentStateAdapter(13426): getCount
07-06 00:50:43.549 D/PowerManagerService( 1733): acquireWakeLockInternal: lock=113832109, flags=0x1, tag="NetworkStats", ws=null, uid=1000, pid=1733
07-06 00:50:43.549 D/PowerManagerNotifier( 1733): onWakeLockAcquired: flags=1, tag="NetworkStats", packageName=android, ownerUid=1000, ownerPid=1733, workSource=null
07-06 00:50:43.549 D/NtpTrustedTime( 1733): currentTimeMillis() cache hit
07-06 00:50:43.562 D/NtpTrustedTime( 1733): currentTimeMillis() cache hit
07-06 00:50:43.563 D/PowerManagerService( 1733): releaseWakeLockInternal: lock=113832109 [NetworkStats], flags=0x0
07-06 00:50:43.563 D/PowerManagerNotifier( 1733): onWakeLockReleased: flags=1, tag="NetworkStats", packageName=android, ownerUid=1000, ownerPid=1733, workSource=null
07-06 00:50:43.564 D/NtpTrustedTime( 1733): currentTimeMillis() cache hit
07-06 00:50:43.564 D/NtpTrustedTime( 1733): currentTimeMillis() cache hit
07-06 00:50:43.589 I/MyFragmentStateAdapter(13426): getCount
07-06 00:50:43.624 I/MyFragmentStateAdapter(13426): getCount
07-06 00:50:43.625 I/TVMW@HsTvSetting( 1234): Trace cmd, data = 0x1058
07-06 00:50:43.625 D/til@system( 2026): til_get_system_param option:100002F int:0, bool:0, ret:0
07-06 00:50:43.625 I/TVMW@HsTvSetting( 1234): Trace cmd, data = 0x101f
07-06 00:50:43.625 D/til@system( 2026): til_get_system_param option:100001D int:3, bool:3, ret:0
07-06 00:50:43.626 E/til     ( 2026): [til_get_current_input_source, 101] 
07-06 00:50:43.626 I/TVMW@HsTvSetting( 1234): Trace cmd, data = 0x7007
07-06 00:50:43.626 I/tilwrapper@sm( 2026): HS2TIL_SourceType *hs=0xd, *til=0x900
07-06 00:50:43.626 D/til     ( 2026): get current source 2304
07-06 00:50:43.626 D/SourceRemoteServiceHandler( 2026): getCurrentInputSource.from.til.result is 0, value is 2304
07-06 00:50:43.626 D/SourceRemoteServiceHandler( 2026): getInputSourceType source: 0x900, type=2304
07-06 00:50:43.626 D/til     ( 2026): ###### func:til_get_picture_param option:0x3000006 ######  
07-06 00:50:43.626 I/TVMW@HsTvSetting( 1234): Trace cmd, data = 0x1003
07-06 00:50:43.627 I/TVMW@HsTvSetting( 1234): Trace cmd, data = 0x8032
07-06 00:50:43.627 I/hstvos  ( 1216): [0m[1;33m[HSHAL][HS_VIDEO][HS_HAL_Video_SetOsdDetect_v2][2389]u16Threshold = 20
07-06 00:50:43.628 E/TVMW@videoctrl( 1234):  getOsd is 1
07-06 00:50:43.629 D/til@system( 2026): til_get_system_param option:1000027 int:1, bool:1, ret:0
07-06 00:50:43.629 D/til     ( 2026): ###### func:til_get_picture_param option:0x3000045 ######  
07-06 00:50:43.629 I/TVMW@HsTvSetting( 1234): Trace cmd, data = 0x300c
07-06 00:50:43.629 I/TVMW@HsTvSetting( 1234): Trace 3d, data = 0x300c
07-06 00:50:43.629 I/TVMW@3d ( 1234): Hs_debug3d_trace: func:get3dStatus, line:109
07-06 00:50:43.657 I/MyFragmentStateAdapter(13426): getCount
07-06 00:50:43.678 I/MyFragmentStateAdapter(13426): getCount
07-06 00:50:43.705 I/MyFragmentStateAdapter(13426): getCount
07-06 00:50:43.737 I/MyFragmentStateAdapter(13426): getCount
07-06 00:50:43.762 I/MyFragmentStateAdapter(13426): getCount
07-06 00:50:43.787 I/MyFragmentStateAdapter(13426): getCount
07-06 00:50:43.793 V/HotPlugDetectionAction( 1733): Poll all devices.
07-06 00:50:43.815 I/MyFragmentStateAdapter(13426): getCount
07-06 00:50:43.830 I/NetflixMonitorService( 1733): current fgapk : com.hisense.hicloud.edca
07-06 00:50:43.830 I/NetflixMonitorService( 1733): Netflix status unchanged
07-06 00:50:43.855 I/MyFragmentStateAdapter(13426): getCount
07-06 00:50:43.885 I/MyFragmentStateAdapter(13426): getCount
07-06 00:50:43.910 I/MyFragmentStateAdapter(13426): getCount
07-06 00:50:43.937 I/MyFragmentStateAdapter(13426): getCount
07-06 00:50:43.963 I/MyFragmentStateAdapter(13426): getCount
07-06 00:50:43.994 I/MyFragmentStateAdapter(13426): getCount
07-06 00:50:44.021 I/MyFragmentStateAdapter(13426): getCount
07-06 00:50:44.045 I/MyFragmentStateAdapter(13426): getCount
07-06 00:50:44.079 I/MyFragmentStateAdapter(13426): getCount
07-06 00:50:44.107 I/MyFragmentStateAdapter(13426): getCount
07-06 00:50:44.110 I/TVMW@devctrl( 1234): wdt
07-06 00:50:44.130 I/MyFragmentStateAdapter(13426): getCount
07-06 00:50:44.130 I/TVMW@HsTvSetting( 1234): Trace cmd, data = 0x1058
07-06 00:50:44.130 D/til@system( 2026): til_get_system_param option:100002F int:0, bool:0, ret:0
07-06 00:50:44.130 I/TVMW@HsTvSetting( 1234): Trace cmd, data = 0x101f
07-06 00:50:44.131 D/til@system( 2026): til_get_system_param option:100001D int:3, bool:3, ret:0
07-06 00:50:44.131 E/til     ( 2026): [til_get_current_input_source, 101] 
07-06 00:50:44.131 I/TVMW@HsTvSetting( 1234): Trace cmd, data = 0x7007
07-06 00:50:44.131 I/tilwrapper@sm( 2026): HS2TIL_SourceType *hs=0xd, *til=0x900
07-06 00:50:44.131 D/til     ( 2026): get current source 2304
07-06 00:50:44.131 D/SourceRemoteServiceHandler( 2026): getCurrentInputSource.from.til.result is 0, value is 2304
07-06 00:50:44.131 D/SourceRemoteServiceHandler( 2026): getInputSourceType source: 0x900, type=2304
07-06 00:50:44.131 D/til     ( 2026): ###### func:til_get_picture_param option:0x3000006 ######  
07-06 00:50:44.131 I/TVMW@HsTvSetting( 1234): Trace cmd, data = 0x1003
07-06 00:50:44.132 I/TVMW@HsTvSetting( 1234): Trace cmd, data = 0x8032
07-06 00:50:44.132 I/hstvos  ( 1216): [0m[1;33m[HSHAL][HS_VIDEO][HS_HAL_Video_SetOsdDetect_v2][2389]u16Threshold = 20
07-06 00:50:44.132 E/TVMW@videoctrl( 1234):  getOsd is 1
07-06 00:50:44.133 D/til@system( 2026): til_get_system_param option:1000027 int:1, bool:1, ret:0
07-06 00:50:44.133 D/til     ( 2026): ###### func:til_get_picture_param option:0x3000045 ######  
07-06 00:50:44.133 I/TVMW@HsTvSetting( 1234): Trace cmd, data = 0x300c
07-06 00:50:44.133 I/TVMW@HsTvSetting( 1234): Trace 3d, data = 0x300c
07-06 00:50:44.133 I/TVMW@3d ( 1234): Hs_debug3d_trace: func:get3dStatus, line:109
07-06 00:50:44.175 I/MyFragmentStateAdapter(13426): getCount
07-06 00:50:44.199 I/MyFragmentStateAdapter(13426): getCount
07-06 00:50:44.218 E/HDMI_CEC( 1733): Send Message TO[5] 
07-06 00:50:44.218 E/HDMI_CEC( 1733): OP[0], <Feature Abort> 
07-06 00:50:44.218 E/HDMI_CEC( 1733): ========
07-06 00:50:44.225 I/MyFragmentStateAdapter(13426): getCount
07-06 00:50:44.257 I/MyFragmentStateAdapter(13426): getCount
07-06 00:50:44.281 I/MyFragmentStateAdapter(13426): getCount
07-06 00:50:44.290 E/HDMI_CEC( 1733): MI_CEC_SendTxPolling, ErrCode[4] 
07-06 00:50:44.311 I/MyFragmentStateAdapter(13426): getCount
07-06 00:50:44.324 E/HDMI_CEC( 1733): Sending message can't be response. 
07-06 00:50:44.352 I/MyFragmentStateAdapter(13426): getCount
07-06 00:50:44.379 I/MyFragmentStateAdapter(13426): getCount
07-06 00:50:44.387 D/MSTAR_VDEC_DBG( 1206): Stream ID: 0, Rate : 24 (E:0,D:0,S:0,F:74) 
07-06 00:50:44.403 D/PowerManagerService( 1733): acquireWakeLockInternal: lock=113832109, flags=0x1, tag="NetworkStats", ws=null, uid=1000, pid=1733
07-06 00:50:44.403 D/PowerManagerNotifier( 1733): onWakeLockAcquired: flags=1, tag="NetworkStats", packageName=android, ownerUid=1000, ownerPid=1733, workSource=null
07-06 00:50:44.403 D/NtpTrustedTime( 1733): currentTimeMillis() cache hit
07-06 00:50:44.410 D/NtpTrustedTime( 1733): currentTimeMillis() cache hit
07-06 00:50:44.411 D/PowerManagerService( 1733): releaseWakeLockInternal: lock=113832109 [NetworkStats], flags=0x0
07-06 00:50:44.411 D/PowerManagerNotifier( 1733): onWakeLockReleased: flags=1, tag="NetworkStats", packageName=android, ownerUid=1000, ownerPid=1733, workSource=null
07-06 00:50:44.411 D/NtpTrustedTime( 1733): currentTimeMillis() cache hit
07-06 00:50:44.411 D/NtpTrustedTime( 1733): currentTimeMillis() cache hit
07-06 00:50:44.417 I/MyFragmentStateAdapter(13426): getCount
07-06 00:50:44.451 I/MyFragmentStateAdapter(13426): getCount
07-06 00:50:44.481 I/MyFragmentStateAdapter(13426): getCount
07-06 00:50:44.511 I/MyFragmentStateAdapter(13426): getCount
07-06 00:50:44.546 I/MyFragmentStateAdapter(13426): getCount
07-06 00:50:44.576 I/MyFragmentStateAdapter(13426): getCount
07-06 00:50:44.605 I/MyFragmentStateAdapter(13426): getCount
07-06 00:50:44.634 I/TVMW@HsTvSetting( 1234): Trace cmd, data = 0x1058
07-06 00:50:44.634 I/MyFragmentStateAdapter(13426): getCount
07-06 00:50:44.635 D/til@system( 2026): til_get_system_param option:100002F int:0, bool:0, ret:0
07-06 00:50:44.635 I/TVMW@HsTvSetting( 1234): Trace cmd, data = 0x101f
07-06 00:50:44.635 D/til@system( 2026): til_get_system_param option:100001D int:3, bool:3, ret:0
07-06 00:50:44.635 E/til     ( 2026): [til_get_current_input_source, 101] 
07-06 00:50:44.635 I/TVMW@HsTvSetting( 1234): Trace cmd, data = 0x7007
07-06 00:50:44.636 I/tilwrapper@sm( 2026): HS2TIL_SourceType *hs=0xd, *til=0x900
07-06 00:50:44.636 D/til     ( 2026): get current source 2304
07-06 00:50:44.636 D/SourceRemoteServiceHandler( 2026): getCurrentInputSource.from.til.result is 0, value is 2304
07-06 00:50:44.636 D/SourceRemoteServiceHandler( 2026): getInputSourceType source: 0x900, type=2304
07-06 00:50:44.636 D/til     ( 2026): ###### func:til_get_picture_param option:0x3000006 ######  
07-06 00:50:44.636 I/TVMW@HsTvSetting( 1234): Trace cmd, data = 0x1003
07-06 00:50:44.636 I/TVMW@HsTvSetting( 1234): Trace cmd, data = 0x8032
07-06 00:50:44.637 I/hstvos  ( 1216): [0m[1;33m[HSHAL][HS_VIDEO][HS_HAL_Video_SetOsdDetect_v2][2389]u16Threshold = 20
07-06 00:50:44.637 E/TVMW@videoctrl( 1234):  getOsd is 1
07-06 00:50:44.637 D/til@system( 2026): til_get_system_param option:1000027 int:1, bool:1, ret:0
07-06 00:50:44.637 D/til     ( 2026): ###### func:til_get_picture_param option:0x3000045 ######  
07-06 00:50:44.638 I/TVMW@HsTvSetting( 1234): Trace cmd, data = 0x300c
07-06 00:50:44.638 I/TVMW@HsTvSetting( 1234): Trace 3d, data = 0x300c
07-06 00:50:44.638 I/TVMW@3d ( 1234): Hs_debug3d_trace: func:get3dStatus, line:109
07-06 00:50:44.667 I/MyFragmentStateAdapter(13426): getCount
07-06 00:50:44.700 I/MyFragmentStateAdapter(13426): getCount
07-06 00:50:44.727 I/MyFragmentStateAdapter(13426): getCount
07-06 00:50:44.750 I/MyFragmentStateAdapter(13426): getCount
07-06 00:50:44.778 I/MyFragmentStateAdapter(13426): getCount
07-06 00:50:44.800 I/MyFragmentStateAdapter(13426): getCount
07-06 00:50:44.827 I/MyFragmentStateAdapter(13426): getCount
07-06 00:50:44.830 I/NetflixMonitorService( 1733): current fgapk : com.hisense.hicloud.edca
07-06 00:50:44.830 I/NetflixMonitorService( 1733): Netflix status unchanged
07-06 00:50:44.857 I/MyFragmentStateAdapter(13426): getCount
07-06 00:50:44.906 I/MyFragmentStateAdapter(13426): getCount
07-06 00:50:44.943 D/CommonHeader(13426): app logo :refreshTimer: isRotatetrue
07-06 00:50:44.980 I/MyFragmentStateAdapter(13426): getCount
07-06 00:50:44.981 D/GlobalInputEventMonitoringService( 1733): interceptKeyBeforeQueueing(), event:22, mNeedMonitorKeyEvent:true, mWaitForKeyUpEvent:false
07-06 00:50:44.982 D/GlobalInputEventMonitoringService( 1733): processKeyEvent(), processKeyEvent event:22
07-06 00:50:44.982 D/WindowManager( 1733): interceptKeyTq keycode=22 interactive=true keyguardActive=false policyFlags=2b000000 isCancled= false
07-06 00:50:44.983 D/PowerManagerService( 1733): userActivityNoUpdateLocked: eventTime=22286548, event=1, flags=0x0, uid=1000
07-06 00:50:44.983 D/WindowManager( 1733): interceptKeyTi keyCode=22 down=true repeatCount=0 keyguardOn=false mHomePressed=false canceled=false
07-06 00:50:44.984 D/WindowManager( 1733): Hisense systemkey event: 22
07-06 00:50:44.984 D/HisenseGlobalKeyManager( 1733): handleGlobalKey() : Global event = KeyEvent { action=ACTION_DOWN, keyCode=KEYCODE_DPAD_RIGHT, scanCode=0, metaState=0, flags=0x0, repeatCount=0, eventTime=22286548, downTime=22286548, deviceId=-1, source=0x101 }
07-06 00:50:45.010 I/TVMW@devctrl( 1234): wdt
07-06 00:50:45.016 D/SogouIME( 2203): [onKeyDown] keycode = 22 model = VIDAA_TV
07-06 00:50:45.028 D/Carousel-CarouselDisplayPlayerLayout(13426): HasFocus:false,keyCode:22
07-06 00:50:45.028 D/Carousel-CarouselDisplayPlayerLayout(13426): isFullScreen:false
07-06 00:50:45.030 I/HomeMainActivity(13426): carousel handle key:false
07-06 00:50:45.033 I/MainHomeView(13426): dispatchKeyEvent ACTION_DOWN now 
07-06 00:50:45.038 I/TabView (13426): onKeyListener() ACTION_DOWN keyCode -- 22
07-06 00:50:45.039 I/SoftFragmentList(13426): fetchCacheFragment  enter ---- index = 2
07-06 00:50:45.039 D/SoftFragmentList(13426): fetchCacheFragment  mFragmentCache.size() = 3
07-06 00:50:45.039 D/SoftFragmentList(13426): fetchCacheFragment mLastIndex = 2, view = ç²¾é€‰
07-06 00:50:45.039 I/BaseContentFragment(13426): initChildFocustrue,recyclerview=com.hisense.leanback.widget.VerticalGridView{1c60120a VFED.... .......D 0,0-1768,1080 #7f0d02c8 app:id/recyclerview_content}====---mIsVisibleToUser:true-------ç²¾é€‰
07-06 00:50:45.052 D/til@system( 2026): til_get_system_param option:1000007 int:-1936525184, bool:128, ret:0
07-06 00:50:45.054 D/til@system( 2026): til_get_system_param option:1000009 int:-1936523008, bool:0, ret:0
07-06 00:50:45.056 D/til@system( 2026): til_get_system_param option:1000008 int:-1936522112, bool:128, ret:0
07-06 00:50:45.057 D/HiSDKLogReport(13426): getOperationDetail-productName : LED50MU8600UC
07-06 00:50:45.057 D/HiSDKLogReport(13426): getOperationDetail-plmNumber : 88888
07-06 00:50:45.057 D/HiSDKLogReport(13426): getOperationDetail-swVersion : V0000.00.01A
07-06 00:50:45.057 D/HiSDKLogReport(13426): getOperationDetail-operationDetail : LED50MU8600UC0000888
07-06 00:50:45.058 D/HiSDKLogReport(13426): businessLogReport-log : {eventType=232, APPVersionName=3.0.0.9.00, devid=86100300900000500000060a4818fca8, rowid=-1, uuid=13287129, APIversion=501, eventcode=232000, logversion=2.0, columnid=-1, devType=0, eventPos=000, groupid=-1, ChannelId=0, version=00.002.003, subscriberId=13287129, PFAPPCode=652, tabid=0, softwareVersion=LED50MU8600UC0000888, srceventcode=201000, mac=a8:a6:48:18:fc:a8, accessToken=72DF6038D2AEAB8A76DFBBBBCC428A4A_002211015356393, srctabid=0, APPPackage=com.hisense.hicloud.edca, sessionid=d8d2f6e5750e4e5fae936d5be77a749e, requesttime=1499273445057, customerId=7195320, model_id=0, requestid=a8297986c4b743e38ad07c514b601d83, tv_distribute_id=00, APIVersion=600, issysrepo=0}
07-06 00:50:45.059 D/BaseContentFragment(13426): initChildFocus firstlineview===>:com.hisense.tvui.newhome.view.SpecialFirstView{3f8de80b V.E..... ........ 10,185-1748,691}
07-06 00:50:45.059 D/setHistoryRequestFocus(13426): ===>false
07-06 00:50:45.062 I/FirstlineLayoutManager(13426): left=0,width=1738,scroll Distance=-1488
07-06 00:50:45.066 I/BaseContentFragment(13426): setRowViewSelectedViewHolder{917cca0 position=0 id=-1, oldPos=-1, pLpos:-1},isSelectedfalse
07-06 00:50:45.066 I/BaseContentFragment(13426): setRowViewSelectedViewHolder{375b7bef position=1 id=-1, oldPos=-1, pLpos:-1},isSelectedtrue
07-06 00:50:45.066 I/RoleContentFragment(13426): onChildSelected:1,lastPos=0
07-06 00:50:45.071 I/TabView (13426): onfocuschange:false
07-06 00:50:45.071 W/System.err(13426): java.net.ConnectException: failed to connect to /10.18.210.112 (port 8900) after 6000ms: isConnected failed: ECONNREFUSED (Connection refused)
07-06 00:50:45.071 D/TabView (13426): è®¾ç½®icon---:èŽ·å¾—ç„¦ç‚¹2ä½ç½®
07-06 00:50:45.071 E/TabView (13426): æ®‹ç•™ç„¦ç‚¹è®¾ç½®å›¾æ ‡
07-06 00:50:45.071 W/System.err(13426): 	at libcore.io.IoBridge.isConnected(IoBridge.java:238)
07-06 00:50:45.071 W/System.err(13426): 	at libcore.io.IoBridge.connectErrno(IoBridge.java:171)
07-06 00:50:45.071 W/System.err(13426): 	at libcore.io.IoBridge.connect(IoBridge.java:122)
07-06 00:50:45.071 W/System.err(13426): 	at java.net.PlainSocketImpl.connect(PlainSocketImpl.java:183)
07-06 00:50:45.071 W/System.err(13426): 	at java.net.PlainSocketImpl.connect(PlainSocketImpl.java:456)
07-06 00:50:45.071 W/System.err(13426): 	at java.net.Socket.connect(Socket.java:882)
07-06 00:50:45.075 W/System.err(13426): 	at com.android.okhttp.internal.Platform.connectSocket(Platform.java:174)
07-06 00:50:45.075 W/System.err(13426): 	at com.android.okhttp.Connection.connect(Connection.java:152)
07-06 00:50:45.075 W/System.err(13426): 	at com.android.okhttp.internal.http.HttpEngine.connect(HttpEngine.java:276)
07-06 00:50:45.075 W/System.err(13426): 	at com.android.okhttp.internal.http.HttpEngine.sendRequest(HttpEngine.java:211)
07-06 00:50:45.075 W/System.err(13426): 	at com.android.okhttp.internal.http.HttpURLConnectionImpl.execute(HttpURLConnectionImpl.java:382)
07-06 00:50:45.075 W/System.err(13426): 	at com.android.okhttp.internal.http.HttpURLConnectionImpl.connect(HttpURLConnectionImpl.java:106)
07-06 00:50:45.075 W/System.err(13426): 	at com.hisense.hitv.hicloud.util.ExceptionReport.a(ExceptionReport.java:337)
07-06 00:50:45.075 W/System.err(13426): 	at com.hisense.hitv.hicloud.util.ExceptionReport.a(ExceptionReport.java:39)
07-06 00:50:45.075 W/System.err(13426): 	at com.hisense.hitv.hicloud.util.ExceptionReport$1.run(ExceptionReport.java:83)
07-06 00:50:45.075 W/System.err(13426): 	at java.lang.Thread.run(Thread.java:818)
07-06 00:50:45.075 W/System.err(13426): Caused by: android.system.ErrnoException: isConnected failed: ECONNREFUSED (Connection refused)
07-06 00:50:45.076 W/System.err(13426): 	at libcore.io.IoBridge.isConnected(IoBridge.java:223)
07-06 00:50:45.076 W/System.err(13426): 	... 15 more
07-06 00:50:45.098 D/CommonHeader(13426): onTabStatusChanged tabstatus===>:40000
07-06 00:50:45.100 D/HttpHandler(13426): VerifySignInterCeptor-->request.url()=http://picture.edu.hismarttv.com/images/20170628121925625089.png
07-06 00:50:45.100 D/HttpHandler(13426): VerifySignInterCeptor-->hostname=picture.edu.hismarttv.com
07-06 00:50:45.109 D/OkHttp  (13426): --> GET http://picture.edu.hismarttv.com/images/20170628121925625089.png http/1.1
07-06 00:50:45.109 D/OkHttp  (13426): Host: picture.edu.hismarttv.com
07-06 00:50:45.109 D/OkHttp  (13426): Connection: Keep-Alive
07-06 00:50:45.109 D/OkHttp  (13426): Accept-Encoding: gzip
07-06 00:50:45.109 D/OkHttp  (13426): User-Agent: okhttp/3.6.0
07-06 00:50:45.109 D/OkHttp  (13426): --> END GET
07-06 00:50:45.118 D/GlobalInputEventMonitoringService( 1733): interceptKeyBeforeQueueing(), event:22, mNeedMonitorKeyEvent:true, mWaitForKeyUpEvent:false
07-06 00:50:45.118 D/GlobalInputEventMonitoringService( 1733): processKeyEvent(), processKeyEvent event:22
07-06 00:50:45.118 D/WindowManager( 1733): interceptKeyTq keycode=22 interactive=true keyguardActive=false policyFlags=2b000000 isCancled= false
07-06 00:50:45.118 D/WindowManager( 1733): interceptKeyTi keyCode=22 down=false repeatCount=0 keyguardOn=false mHomePressed=false canceled=false
07-06 00:50:45.118 D/WindowManager( 1733): Hisense systemkey event: 22
07-06 00:50:45.119 D/HisenseGlobalKeyManager( 1733): handleGlobalKey() : Global event = KeyEvent { action=ACTION_UP, keyCode=KEYCODE_DPAD_RIGHT, scanCode=0, metaState=0, flags=0x0, repeatCount=0, eventTime=22286548, downTime=22286548, deviceId=-1, source=0x101 }
07-06 00:50:45.126 I/MyFragmentStateAdapter(13426): getCount
07-06 00:50:45.142 I/TVMW@HsTvSetting( 1234): Trace cmd, data = 0x1058
07-06 00:50:45.142 D/til@system( 2026): til_get_system_param option:100002F int:0, bool:0, ret:0
07-06 00:50:45.142 I/TVMW@HsTvSetting( 1234): Trace cmd, data = 0x101f
07-06 00:50:45.143 D/til@system( 2026): til_get_system_param option:100001D int:3, bool:3, ret:0
07-06 00:50:45.143 E/til     ( 2026): [til_get_current_input_source, 101] 
07-06 00:50:45.143 I/TVMW@HsTvSetting( 1234): Trace cmd, data = 0x7007
07-06 00:50:45.145 I/tilwrapper@sm( 2026): HS2TIL_SourceType *hs=0xd, *til=0x900
07-06 00:50:45.145 D/til     ( 2026): get current source 2304
07-06 00:50:45.145 D/SourceRemoteServiceHandler( 2026): getCurrentInputSource.from.til.result is 0, value is 2304
07-06 00:50:45.145 D/SourceRemoteServiceHandler( 2026): getInputSourceType source: 0x900, type=2304
07-06 00:50:45.145 D/til     ( 2026): ###### func:til_get_picture_param option:0x3000006 ######  
07-06 00:50:45.146 I/TVMW@HsTvSetting( 1234): Trace cmd, data = 0x1003
07-06 00:50:45.147 D/OkHttp  (13426): <-- 200 OK http://picture.edu.hismarttv.com/images/20170628121925625089.png (25ms)
07-06 00:50:45.147 D/OkHttp  (13426): Date: Mon, 03 Jul 2017 10:40:22 GMT
07-06 00:50:45.147 D/OkHttp  (13426): Server: nginx
07-06 00:50:45.147 D/OkHttp  (13426): Content-Type: image/png
07-06 00:50:45.147 D/OkHttp  (13426): Content-Length: 3689
07-06 00:50:45.147 D/OkHttp  (13426): Last-Modified: Wed, 28 Jun 2017 12:19:25 GMT
07-06 00:50:45.147 D/OkHttp  (13426): ETag: "59539ecd-e69"
07-06 00:50:45.147 D/OkHttp  (13426): Accept-Ranges: bytes
07-06 00:50:45.147 D/OkHttp  (13426): Age: 195022
07-06 00:50:45.147 D/OkHttp  (13426): Via: 1.1 jnwt241:0 (Cdn Cache Server V2.0)[14 200 0], 1.1 chwt81:0 (Cdn Cache Server V2.0)[0 200 0]
07-06 00:50:45.147 D/OkHttp  (13426): Connection: keep-alive
07-06 00:50:45.147 D/OkHttp  (13426): <-- END HTTP
07-06 00:50:45.147 I/TVMW@HsTvSetting( 1234): Trace cmd, data = 0x8032
07-06 00:50:45.148 I/hstvos  ( 1216): [0m[1;33m[HSHAL][HS_VIDEO][HS_HAL_Video_SetOsdDetect_v2][2389]u16Threshold = 20
07-06 00:50:45.152 E/TVMW@videoctrl( 1234):  getOsd is 1
07-06 00:50:45.156 D/til@system( 2026): til_get_system_param option:1000027 int:1, bool:1, ret:0
07-06 00:50:45.156 D/til     ( 2026): ###### func:til_get_picture_param option:0x3000045 ######  
07-06 00:50:45.157 I/TVMW@HsTvSetting( 1234): Trace cmd, data = 0x300c
07-06 00:50:45.157 I/TVMW@HsTvSetting( 1234): Trace 3d, data = 0x300c
07-06 00:50:45.157 I/TVMW@3d ( 1234): Hs_debug3d_trace: func:get3dStatus, line:109
07-06 00:50:45.158 D/TabView (13426): æ— ç„¦ç‚¹è®¾ç½®å›¾æ ‡
07-06 00:50:45.160 D/TabView (13426): æ— ç„¦ç‚¹è®¾ç½®å›¾æ ‡
07-06 00:50:45.161 D/TabView (13426): æ— ç„¦ç‚¹è®¾ç½®å›¾æ ‡
07-06 00:50:45.162 D/TabView (13426): æ— ç„¦ç‚¹è®¾ç½®å›¾æ ‡
07-06 00:50:45.164 D/TabView (13426): æ— ç„¦ç‚¹è®¾ç½®å›¾æ ‡
07-06 00:50:45.165 D/TabView (13426): æ— ç„¦ç‚¹è®¾ç½®å›¾æ ‡
07-06 00:50:45.166 D/TabView (13426): æ— ç„¦ç‚¹è®¾ç½®å›¾æ ‡
07-06 00:50:45.167 D/TabView (13426): æ— ç„¦ç‚¹è®¾ç½®å›¾æ ‡
07-06 00:50:45.169 D/TabView (13426): æ— ç„¦ç‚¹è®¾ç½®å›¾æ ‡
07-06 00:50:45.174 D/TabView (13426): æ— ç„¦ç‚¹è®¾ç½®å›¾æ ‡
07-06 00:50:45.176 D/TabView (13426): æ— ç„¦ç‚¹è®¾ç½®å›¾æ ‡
07-06 00:50:45.177 D/TabView (13426): æ— ç„¦ç‚¹è®¾ç½®å›¾æ ‡
07-06 00:50:45.178 D/TabView (13426): æ— ç„¦ç‚¹è®¾ç½®å›¾æ ‡
07-06 00:50:45.179 D/TabView (13426): æ— ç„¦ç‚¹è®¾ç½®å›¾æ ‡
07-06 00:50:45.181 D/TabView (13426): æ— ç„¦ç‚¹è®¾ç½®å›¾æ ‡
07-06 00:50:45.186 D/TabView (13426): æ— ç„¦ç‚¹è®¾ç½®å›¾æ ‡
07-06 00:50:45.187 I/MyFragmentStateAdapter(13426): getCount
07-06 00:50:45.187 I/MyFragmentStateAdapter(13426): getCount
07-06 00:50:45.189 D/TabView (13426): æ— ç„¦ç‚¹è®¾ç½®å›¾æ ‡
07-06 00:50:45.189 D/HttpHandler(13426): RetryIntercepter-->retryNum=0
07-06 00:50:45.189 D/HttpHandler(13426): RetryIntercepter-->backoffmutiplier=0
07-06 00:50:45.190 D/TabView (13426): æ— ç„¦ç‚¹è®¾ç½®å›¾æ ‡
07-06 00:50:45.192 D/TabView (13426): æ— ç„¦ç‚¹è®¾ç½®å›¾æ ‡
07-06 00:50:45.193 D/TabView (13426): æ— ç„¦ç‚¹è®¾ç½®å›¾æ ‡
07-06 00:50:45.195 D/TabView (13426): æ— ç„¦ç‚¹è®¾ç½®å›¾æ ‡
07-06 00:50:45.199 D/TabView (13426): æ— ç„¦ç‚¹è®¾ç½®å›¾æ ‡
07-06 00:50:45.200 D/TabView (13426): æ— ç„¦ç‚¹è®¾ç½®å›¾æ ‡
07-06 00:50:45.201 D/TabView (13426): æ— ç„¦ç‚¹è®¾ç½®å›¾æ ‡
07-06 00:50:45.202 D/TabView (13426): æ— ç„¦ç‚¹è®¾ç½®å›¾æ ‡
07-06 00:50:45.202 D/TabView (13426): æ— ç„¦ç‚¹è®¾ç½®å›¾æ ‡
07-06 00:50:45.203 D/TabView (13426): æ— ç„¦ç‚¹è®¾ç½®å›¾æ ‡
07-06 00:50:45.207 D/TabView (13426): æ— ç„¦ç‚¹è®¾ç½®å›¾æ ‡
07-06 00:50:45.209 D/TabView (13426): æ— ç„¦ç‚¹è®¾ç½®å›¾æ ‡
07-06 00:50:45.211 D/TabView (13426): æ— ç„¦ç‚¹è®¾ç½®å›¾æ ‡
07-06 00:50:45.212 D/TabView (13426): æ— ç„¦ç‚¹è®¾ç½®å›¾æ ‡
07-06 00:50:45.213 D/TabView (13426): æ— ç„¦ç‚¹è®¾ç½®å›¾æ ‡
07-06 00:50:45.214 I/MyFragmentStateAdapter(13426): getCount
07-06 00:50:45.214 I/MyFragmentStateAdapter(13426): getCount
07-06 00:50:45.218 D/PowerManagerService( 1733): acquireWakeLockInternal: lock=113832109, flags=0x1, tag="NetworkStats", ws=null, uid=1000, pid=1733
07-06 00:50:45.219 D/PowerManagerNotifier( 1733): onWakeLockAcquired: flags=1, tag="NetworkStats", packageName=android, ownerUid=1000, ownerPid=1733, workSource=null
07-06 00:50:45.219 D/NtpTrustedTime( 1733): currentTimeMillis() cache hit
07-06 00:50:45.222 I/TabView (13426): onScroll:,firstItem=0,visibleCount=6,totalCount=10
07-06 00:50:45.230 D/Carousel-CarouselView(13426): ============>onScrollChanged hashCode:1018850026
07-06 00:50:45.230 D/Carousel-CarouselDisplayPlayerLayout(13426): isFullScreen:false
07-06 00:50:45.231 D/NtpTrustedTime( 1733): currentTimeMillis() cache hit
07-06 00:50:45.231 I/MainHomeView(13426): onPanelSlide0.28244275---leftï¼š189
07-06 00:50:45.231 D/PowerManagerService( 1733): releaseWakeLockInternal: lock=113832109 [NetworkStats], flags=0x0
07-06 00:50:45.231 D/PowerManagerNotifier( 1733): onWakeLockReleased: flags=1, tag="NetworkStats", packageName=android, ownerUid=1000, ownerPid=1733, workSource=null
07-06 00:50:45.232 D/NtpTrustedTime( 1733): currentTimeMillis() cache hit
07-06 00:50:45.232 D/NtpTrustedTime( 1733): currentTimeMillis() cache hit
07-06 00:50:45.241 I/CurrentCarouselView(13426): onCarouseControlCarouselControlBean{mShoudScroll=true, mActivityHasResume=false, mActivityHasStop=false, mHasTurnGone=false, mHasTurnVisible=false, mChannelId=-1, mSlideOffset=0.28244275, mShouldSelectCenter=false, mTabOpen=false, mHoriPosStatus=None, mVerPosStatus=None, mLevelStatus=None},isPlayingtrue,channelId=0
07-06 00:50:45.241 I/CurrentCarouselView(13426): is not the current page
07-06 00:50:45.241 I/CurrentCarouselView(13426): do scroll
07-06 00:50:45.241 D/Carousel-CarouselView(13426): smoothScroll.
07-06 00:50:45.241 D/Carousel-CarouselDisplayPlayerLayout(13426): isFullScreen:false
07-06 00:50:45.242 D/TabView (13426): onReceiveSlidingOffset ===>:0.28244275
07-06 00:50:45.244 I/MyFragmentStateAdapter(13426): getCount
07-06 00:50:45.249 D/Carousel-CarouselDisplayPlayerLayout(13426): HasFocus:false,keyCode:22
07-06 00:50:45.249 D/Carousel-CarouselDisplayPlayerLayout(13426): isFullScreen:false
07-06 00:50:45.249 I/HomeMainActivity(13426): carousel handle key:false
07-06 00:50:45.262 D/HDMI    ( 1733): [P]:AllocatedAddress=[]
07-06 00:50:45.267 I/MainHomeView(13426): onPanelSlide0.17557251---leftï¼š175
07-06 00:50:45.268 I/CurrentCarouselView(13426): onCarouseControlCarouselControlBean{mShoudScroll=true, mActivityHasResume=false, mActivityHasStop=false, mHasTurnGone=false, mHasTurnVisible=false, mChannelId=-1, mSlideOffset=0.17557251, mShouldSelectCenter=false, mTabOpen=false, mHoriPosStatus=None, mVerPosStatus=None, mLevelStatus=None},isPlayingtrue,channelId=0
07-06 00:50:45.268 I/CurrentCarouselView(13426): is not the current page
07-06 00:50:45.268 I/CurrentCarouselView(13426): do scroll
07-06 00:50:45.268 D/Carousel-CarouselView(13426): smoothScroll.
07-06 00:50:45.268 D/Carousel-CarouselDisplayPlayerLayout(13426): isFullScreen:false
07-06 00:50:45.269 D/TabView (13426): onReceiveSlidingOffset ===>:0.17557251
07-06 00:50:45.269 I/MiSysSrv( 1214): [37m[INFO] Change to Voltage: 117 mv (0x32)[m
07-06 00:50:45.274 V/InputMethodService( 2203): startInput(): editor=android.view.inputmethod.EditorInfo@19dbe497
07-06 00:50:45.274 V/InputMethodService( 2203): CALL: onFinishInput
07-06 00:50:45.275 E/SOGOUIME_JNI( 2203): reset
07-06 00:50:45.275 E/SOGOUIME_JNI( 2203): getCandidates
07-06 00:50:45.275 E/SOGOUIME_JNI( 2203): ime_get_uncommitted_length
07-06 00:50:45.276 E/SOGOUIME_JNI( 2203): getCandidates
07-06 00:50:45.276 D/SogouIME API( 2203): ==============num:32
07-06 00:50:45.276 E/SOGOUIME_JNI( 2203): ime_get_uncommitted_length
07-06 00:50:45.276 D/SogouIME( 2203): mFocusedComponent:30   isHkbEnable:false
07-06 00:50:45.276 E/SOGOUIME_JNI( 2203): ime_get_uncommitted_length
07-06 00:50:45.276 E/SOGOUIME_JNI( 2203): ime_get_committed_length
07-06 00:50:45.276 E/SOGOUIME_JNI( 2203): getComposingInfo
07-06 00:50:45.276 E/SOGOUIME_JNI( 2203): getComposingInfo
07-06 00:50:45.276 E/SOGOUIME_JNI( 2203): getCorrectInfo
07-06 00:50:45.276 E/SOGOUIME_JNI( 2203): getComposingInfo
07-06 00:50:45.277 V/InputMethodService( 2203): CALL: onStartInput
07-06 00:50:45.278 E/SOGOUIME_JNI( 2203): invalidateCommitWordPinyinNative
07-06 00:50:45.284 D/DtvSourcePlugin-DVBC( 4289): Setting the EPG Updater state to: WAIT
07-06 00:50:45.284 D/SogouIME( 2203): =====configKeyboard=======æ˜¯å¦æœ‰ç¡¬ä»¶ç›˜:false     ç¡¬ä»¶ç›˜æ˜¯å¦ä¸å†éšè—ï¼šfalse
07-06 00:50:45.284 E/SOGOUIME_JNI( 2203): ime_set_hard_kb_enable
07-06 00:50:45.285 D/Carousel-CarouselDisplayPlayerLayout(13426): x=403, y=167,w=892,h=536, hashCode=895549332
07-06 00:50:45.285 D/Carousel-CarouselDisplayPlayerLayout(13426): mX=511, mY=167,mWitdh=892,mHeight=536, hashCode=895549332
07-06 00:50:45.285 D/Carousel-CarouselDisplayPlayerLayout(13426): changed=true, hashCode=895549332
07-06 00:50:45.289 D/Carousel-Utils(13426): x=403,y=167, width=892,height=536
07-06 00:50:45.289 D/Carousel-CarouselDisplayPlayerLayout(13426): isFullScreen:false
07-06 00:50:45.289 D/Carousel-CarouselView(13426): ===========>onScrollStart
07-06 00:50:45.290 D/Carousel-Utils(13426): displayImage view=android.widget.ImageView{31979751 I.ED.... ......ID 0,0-816,460 #7f0d0029 app:id/imageView1}
07-06 00:50:45.290 D/Carousel-Utils(13426): displayImage url=http://picture.edu.hismarttv.com/images/20170629010146422927.jpg
07-06 00:50:45.291 D/Carousel-Utils(13426): onResourceReady.
07-06 00:50:45.303 D/Carousel-Utils(13426): displayImage view=android.widget.ImageView{b5e8f01 I.ED.... ........ 0,0-816,460 #7f0d0029 app:id/imageView1}
07-06 00:50:45.303 D/Carousel-Utils(13426): displayImage url=http://picture.edu.hismarttv.com/images/20170629010146422927.jpg
07-06 00:50:45.303 D/Carousel-Utils(13426): onResourceReady.
07-06 00:50:45.304 D/Carousel-CarouselDisplayPlayerLayout(13426): x=403, y=167,w=892,h=536, hashCode=895549332
07-06 00:50:45.304 D/Carousel-CarouselDisplayPlayerLayout(13426): mX=403, mY=167,mWitdh=892,mHeight=536, hashCode=895549332
07-06 00:50:45.304 D/Carousel-CarouselDisplayPlayerLayout(13426): changed=false, hashCode=895549332
07-06 00:50:45.304 D/Carousel-CarouselDisplayPlayerLayout(13426): extraTryCount=0
07-06 00:50:45.313 I/MyFragmentStateAdapter(13426): getCount
07-06 00:50:45.313 I/MyFragmentStateAdapter(13426): getCount
07-06 00:50:45.313 I/MyFragmentStateAdapter(13426): getCount
07-06 00:50:45.313 I/MyFragmentStateAdapter(13426): getCount
07-06 00:50:45.313 I/Carousel-UrlVideoView(13426): onMeasure(MeasureSpec: EXACTLY 816, MeasureSpec: EXACTLY 460)
07-06 00:50:45.313 D/Carousel-UrlVideoView(13426): widthSpecMode=1073741824
07-06 00:50:45.313 D/Carousel-UrlVideoView(13426): heightSpecMode=1073741824
07-06 00:50:45.313 D/Carousel-UrlVideoView(13426): widthSpecSize=816
07-06 00:50:45.313 D/Carousel-UrlVideoView(13426): heightSpecSize=460
07-06 00:50:45.313 I/Carousel-UrlVideoView(13426): onMeasure(MeasureSpec: EXACTLY 816, MeasureSpec: EXACTLY 460)
07-06 00:50:45.313 D/Carousel-UrlVideoView(13426): widthSpecMode=1073741824
07-06 00:50:45.313 D/Carousel-UrlVideoView(13426): heightSpecMode=1073741824
07-06 00:50:45.313 D/Carousel-UrlVideoView(13426): widthSpecSize=816
07-06 00:50:45.313 D/Carousel-UrlVideoView(13426): heightSpecSize=460
07-06 00:50:45.315 D/Surface ( 1733): onStatusChange() : mNativeObject = 547942799872 mUseImageHwRender = false
07-06 00:50:45.315 V/Surface ( 1733): nativeSetHardwareRender() : status = 0
07-06 00:50:45.315 V/Surface ( 1733): nativeSetHardwareRender() : end
07-06 00:50:45.317 D/PowerManagerService( 1733): releaseWakeLockInternal: lock=487931605 [WindowManager], flags=0x0
07-06 00:50:45.317 D/PowerManagerNotifier( 1733): onWakeLockReleased: flags=536870922, tag="WindowManager", packageName=android, ownerUid=1000, ownerPid=1733, workSource=WorkSource{10010}
07-06 00:50:45.317 D/PowerManagerService( 1733): userActivityNoUpdateLocked: eventTime=22286889, event=0, flags=0x1, uid=1000
07-06 00:50:45.318 D/PowerManagerService( 1733): setScreenBrightnessOverrideFromWindowManagerInternal done
07-06 00:50:45.320 D/Surface ( 1733): onStatusChange() : mNativeObject = 0 mUseImageHwRender = false
07-06 00:50:45.320 I/FirstLineAdapter(13426): canShowTrailer,isOffline=false
07-06 00:50:45.321 I/FirstLineAdapter(13426): canShowTrailer,isOffline=false
07-06 00:50:45.322 I/FirstLineAdapter(13426): canShowTrailer,isOffline=false
07-06 00:50:45.322 I/FirstLineAdapter(13426): canShowTrailer,isOffline=false
07-06 00:50:45.322 I/FirstLineAdapter(13426): canShowTrailer,isOffline=false
07-06 00:50:45.322 I/FirstLineAdapter(13426): canShowTrailer,isOffline=false
07-06 00:50:45.322 I/FirstLineAdapter(13426): canShowTrailer,isOffline=false
07-06 00:50:45.323 I/FirstLineAdapter(13426): canShowTrailer,isOffline=false
07-06 00:50:45.323 I/FirstLineAdapter(13426): canShowTrailer,isOffline=false
07-06 00:50:45.323 I/SurfaceView(13426): Changes: creating=false format=false size=false visible=false left=true top=false
07-06 00:50:45.323 I/SurfaceView(13426): Cur surface: Surface(name=null)/@0x29385b73
07-06 00:50:45.324 D/Surface ( 1733): onStatusChange() : mNativeObject = 547942853632 mUseImageHwRender = false
07-06 00:50:45.324 V/Surface ( 1733): nativeSetHardwareRender() : status = 0
07-06 00:50:45.324 V/Surface ( 1733): nativeSetHardwareRender() : end
07-06 00:50:45.326 D/PowerManagerService( 1733): setScreenBrightnessOverrideFromWindowManagerInternal done
07-06 00:50:45.331 D/Surface ( 1733): onStatusChange() : mNativeObject = 0 mUseImageHwRender = false
07-06 00:50:45.332 D/Surface (13426): onStatusChange() : mNativeObject = -530374656 mUseImageHwRender = false
07-06 00:50:45.332 V/Surface (13426): nativeSetHardwareRender() : status = 0
07-06 00:50:45.332 V/Surface (13426): nativeSetHardwareRender() : end
