07-05 21:27:47.615 D/Carousel-UrlVideoView(29789): heightSpecSize=460
07-05 21:27:47.616 I/Carousel-UrlVideoView(29789): onMeasure(MeasureSpec: EXACTLY 816, MeasureSpec: EXACTLY 460)
07-05 21:27:47.616 D/Carousel-UrlVideoView(29789): widthSpecMode=1073741824
07-05 21:27:47.616 D/Carousel-UrlVideoView(29789): heightSpecMode=1073741824
07-05 21:27:47.616 D/Carousel-UrlVideoView(29789): widthSpecSize=816
07-05 21:27:47.616 D/Carousel-UrlVideoView(29789): heightSpecSize=460
07-05 21:27:47.616 I/SurfaceView(29789): Changes: creating=false format=false size=false visible=false left=true top=false
07-05 21:27:47.616 I/SurfaceView(29789): Cur surface: Surface(name=null)/@0x2fad3941
07-05 21:27:47.618 D/Surface ( 1733): onStatusChange() : mNativeObject = 547942746112 mUseImageHwRender = false
07-05 21:27:47.618 V/Surface ( 1733): nativeSetHardwareRender() : status = 0
07-05 21:27:47.618 V/Surface ( 1733): nativeSetHardwareRender() : end
07-05 21:27:47.620 D/PowerManagerService( 1733): setScreenBrightnessOverrideFromWindowManagerInternal done
07-05 21:27:47.622 D/Surface ( 1733): onStatusChange() : mNativeObject = 0 mUseImageHwRender = false
07-05 21:27:47.626 D/Surface (29789): onStatusChange() : mNativeObject = -534811392 mUseImageHwRender = false
07-05 21:27:47.627 V/Surface (29789): nativeSetHardwareRender() : status = 0
07-05 21:27:47.627 V/Surface (29789): nativeSetHardwareRender() : end
07-05 21:27:47.627 I/SurfaceView(29789): New surface: Surface(name=null)/@0x1d795ee6, vis=true, frame=Rect(419, 205 - 1235, 665)
07-05 21:27:47.627 D/Surface (29789): onStatusChange() : mNativeObject = 0 mUseImageHwRender = false
07-05 21:27:47.627 D/Surface (29789): onStatusChange() : mNativeObject = -534811392 mUseImageHwRender = false
07-05 21:27:47.627 V/Surface (29789): nativeSetHardwareRender() : status = 0
07-05 21:27:47.627 V/Surface (29789): nativeSetHardwareRender() : end
07-05 21:27:47.628 V/SurfaceView(29789): Layout: x=419 y=205 w=816 h=460, frame=Rect(0, 0 - 816, 460)
07-05 21:27:47.630 I/MainHomeView(29789): onPanelSlide0.0---left152
07-05 21:27:47.630 I/CurrentCarouselView(29789): onCarouseControlCarouselControlBean{mShoudScroll=true, mActivityHasResume=false, mActivityHasStop=false, mHasTurnGone=false, mHasTurnVisible=false, mChannelId=-1, mSlideOffset=0.0, mShouldSelectCenter=false, mTabOpen=false, mHoriPosStatus=None, mVerPosStatus=None, mLevelStatus=None},isPlayingtrue,channelId=0
07-05 21:27:47.630 I/CurrentCarouselView(29789): is not the current page
07-05 21:27:47.630 I/CurrentCarouselView(29789): do scroll
07-05 21:27:47.630 D/Carousel-CarouselView(29789): smoothScroll.
07-05 21:27:47.630 D/Carousel-CarouselDisplayPlayerLayout(29789): isFullScreen:false
07-05 21:27:47.630 D/TabView (29789): onReceiveSlidingOffset ===>:0.0
07-05 21:27:47.633 D/Carousel-CarouselDisplayPlayerLayout(29789): x=380, y=167,w=892,h=536, hashCode=16749418
07-05 21:27:47.633 D/Carousel-CarouselDisplayPlayerLayout(29789): mX=381, mY=167,mWitdh=892,mHeight=536, hashCode=16749418
07-05 21:27:47.633 D/Carousel-CarouselDisplayPlayerLayout(29789): changed=true, hashCode=16749418
07-05 21:27:47.634 D/Carousel-Utils(29789): x=380,y=167, width=892,height=536
07-05 21:27:47.634 D/Carousel-CarouselDisplayPlayerLayout(29789): x=380, y=167,w=892,h=536, hashCode=16749418
07-05 21:27:47.634 D/Carousel-CarouselDisplayPlayerLayout(29789): mX=380, mY=167,mWitdh=892,mHeight=536, hashCode=16749418
07-05 21:27:47.634 D/Carousel-CarouselDisplayPlayerLayout(29789): changed=false, hashCode=16749418
07-05 21:27:47.634 D/Carousel-CarouselDisplayPlayerLayout(29789): extraTryCount=0
07-05 21:27:47.634 D/Carousel-CarouselDisplayPlayerLayout(29789): x=380, y=167,w=892,h=536, hashCode=16749418
07-05 21:27:47.634 D/Carousel-CarouselDisplayPlayerLayout(29789): mX=380, mY=167,mWitdh=892,mHeight=536, hashCode=16749418
07-05 21:27:47.634 D/Carousel-CarouselDisplayPlayerLayout(29789): changed=false, hashCode=16749418
07-05 21:27:47.634 D/Carousel-CarouselDisplayPlayerLayout(29789): extraTryCount=1
07-05 21:27:47.634 D/Carousel-CarouselDisplayPlayerLayout(29789): x=380, y=167,w=892,h=536, hashCode=16749418
07-05 21:27:47.634 D/Carousel-CarouselDisplayPlayerLayout(29789): mX=380, mY=167,mWitdh=892,mHeight=536, hashCode=16749418
07-05 21:27:47.634 D/Carousel-CarouselDisplayPlayerLayout(29789): changed=false, hashCode=16749418
07-05 21:27:47.634 D/Carousel-CarouselDisplayPlayerLayout(29789): extraTryCount=2
07-05 21:27:47.634 D/Carousel-CarouselDisplayPlayerLayout(29789): x=380, y=167,w=892,h=536, hashCode=16749418
07-05 21:27:47.634 D/Carousel-CarouselDisplayPlayerLayout(29789): mX=380, mY=167,mWitdh=892,mHeight=536, hashCode=16749418
07-05 21:27:47.634 D/Carousel-CarouselDisplayPlayerLayout(29789): changed=false, hashCode=16749418
07-05 21:27:47.635 D/Carousel-CarouselDisplayPlayerLayout(29789): extraTryCount=3
07-05 21:27:47.641 I/Carousel-UrlVideoView(29789): onMeasure(MeasureSpec: EXACTLY 816, MeasureSpec: EXACTLY 460)
07-05 21:27:47.642 D/Carousel-UrlVideoView(29789): widthSpecMode=1073741824
07-05 21:27:47.642 D/Carousel-UrlVideoView(29789): heightSpecMode=1073741824
07-05 21:27:47.642 D/Carousel-UrlVideoView(29789): widthSpecSize=816
07-05 21:27:47.642 D/Carousel-UrlVideoView(29789): heightSpecSize=460
07-05 21:27:47.642 I/Carousel-UrlVideoView(29789): onMeasure(MeasureSpec: EXACTLY 816, MeasureSpec: EXACTLY 460)
07-05 21:27:47.642 D/Carousel-UrlVideoView(29789): widthSpecMode=1073741824
07-05 21:27:47.642 D/Carousel-UrlVideoView(29789): heightSpecMode=1073741824
07-05 21:27:47.642 D/Carousel-UrlVideoView(29789): widthSpecSize=816
07-05 21:27:47.642 D/Carousel-UrlVideoView(29789): heightSpecSize=460
07-05 21:27:47.642 I/SurfaceView(29789): Changes: creating=false format=false size=false visible=false left=true top=false
07-05 21:27:47.642 I/SurfaceView(29789): Cur surface: Surface(name=null)/@0x2fad3941
07-05 21:27:47.643 D/Surface ( 1733): onStatusChange() : mNativeObject = 547942746112 mUseImageHwRender = false
07-05 21:27:47.643 V/Surface ( 1733): nativeSetHardwareRender() : status = 0
07-05 21:27:47.643 V/Surface ( 1733): nativeSetHardwareRender() : end
07-05 21:27:47.646 E/hwcomposer( 1204): Overlay 0 size changeed src {1920 1080} -> {1920, 1080} crop{0.000000 0.000000 1920.000000 1080.000000}->{0.000000 0.000000 1920.000000 1080.000000} dst{420 205 1236 665}->{419 205 1235 665}
07-05 21:27:47.647 D/PowerManagerService( 1733): setScreenBrightnessOverrideFromWindowManagerInternal done
07-05 21:27:47.651 D/Surface ( 1733): onStatusChange() : mNativeObject = 0 mUseImageHwRender = false
07-05 21:27:47.652 D/Surface (29789): onStatusChange() : mNativeObject = -195834368 mUseImageHwRender = false
07-05 21:27:47.652 V/Surface (29789): nativeSetHardwareRender() : status = 0
07-05 21:27:47.652 V/Surface (29789): nativeSetHardwareRender() : end
07-05 21:27:47.652 I/SurfaceView(29789): New surface: Surface(name=null)/@0x1d795ee6, vis=true, frame=Rect(418, 205 - 1234, 665)
07-05 21:27:47.652 D/Surface (29789): onStatusChange() : mNativeObject = 0 mUseImageHwRender = false
07-05 21:27:47.652 D/Surface (29789): onStatusChange() : mNativeObject = -195834368 mUseImageHwRender = false
07-05 21:27:47.652 V/Surface (29789): nativeSetHardwareRender() : status = 0
07-05 21:27:47.652 V/Surface (29789): nativeSetHardwareRender() : end
07-05 21:27:47.655 V/SurfaceView(29789): Layout: x=418 y=205 w=816 h=460, frame=Rect(0, 0 - 816, 460)
07-05 21:27:47.656 I/TVMW@HsTvSetting( 1234): Trace cmd, data = 0x1058
07-05 21:27:47.657 D/til@system( 2026): til_get_system_param option:100002F int:0, bool:0, ret:0
07-05 21:27:47.657 I/TVMW@HsTvSetting( 1234): Trace cmd, data = 0x101f
07-05 21:27:47.657 D/til@system( 2026): til_get_system_param option:100001D int:3, bool:3, ret:0
07-05 21:27:47.657 E/til     ( 2026): [til_get_current_input_source, 101] 
07-05 21:27:47.657 I/TVMW@HsTvSetting( 1234): Trace cmd, data = 0x7007
07-05 21:27:47.657 I/tilwrapper@sm( 2026): HS2TIL_SourceType *hs=0xd, *til=0x900
07-05 21:27:47.657 D/til     ( 2026): get current source 2304
07-05 21:27:47.657 D/SourceRemoteServiceHandler( 2026): getCurrentInputSource.from.til.result is 0, value is 2304
07-05 21:27:47.657 D/SourceRemoteServiceHandler( 2026): getInputSourceType source: 0x900, type=2304
07-05 21:27:47.657 D/til     ( 2026): ###### func:til_get_picture_param option:0x3000006 ######  
07-05 21:27:47.661 I/TVMW@HsTvSetting( 1234): Trace cmd, data = 0x1003
07-05 21:27:47.665 I/TVMW@HsTvSetting( 1234): Trace cmd, data = 0x8032
07-05 21:27:47.666 I/hstvos  ( 1216): [0m[1;33m[HSHAL][HS_VIDEO][HS_HAL_Video_SetOsdDetect_v2][2389]u16Threshold = 20
07-05 21:27:47.667 E/TVMW@videoctrl( 1234):  getOsd is 1
07-05 21:27:47.667 D/til@system( 2026): til_get_system_param option:1000027 int:1, bool:1, ret:0
07-05 21:27:47.667 D/til     ( 2026): ###### func:til_get_picture_param option:0x3000045 ######  
07-05 21:27:47.667 I/TVMW@HsTvSetting( 1234): Trace cmd, data = 0x300c
07-05 21:27:47.667 I/TVMW@HsTvSetting( 1234): Trace 3d, data = 0x300c
07-05 21:27:47.667 I/TVMW@3d ( 1234): Hs_debug3d_trace: func:get3dStatus, line:109
07-05 21:27:47.669 I/MiSysSrv( 1214): [37m[INFO] Change to Voltage: 117 mv (0x32)[m
07-05 21:27:47.674 D/Carousel-CarouselDisplayPlayerLayout(29789): x=380, y=167,w=892,h=536, hashCode=16749418
07-05 21:27:47.674 D/Carousel-CarouselDisplayPlayerLayout(29789): mX=380, mY=167,mWitdh=892,mHeight=536, hashCode=16749418
07-05 21:27:47.674 D/Carousel-CarouselDisplayPlayerLayout(29789): changed=false, hashCode=16749418
07-05 21:27:47.674 D/Carousel-CarouselDisplayPlayerLayout(29789): extraTryCount=4
07-05 21:27:47.674 I/MainHomeView(29789): onPanelClosed---left152
07-05 21:27:47.676 E/hwcomposer( 1204): Overlay 0 size changeed src {1920 1080} -> {1920, 1080} crop{0.000000 0.000000 1920.000000 1080.000000}->{0.000000 0.000000 1920.000000 1080.000000} dst{419 205 1235 665}->{418 205 1234 665}
07-05 21:27:47.680 D/Carousel-CarouselDisplayPlayerLayout(29789): x=380, y=167,w=892,h=536, hashCode=16749418
07-05 21:27:47.680 D/Carousel-CarouselDisplayPlayerLayout(29789): mX=380, mY=167,mWitdh=892,mHeight=536, hashCode=16749418
07-05 21:27:47.680 D/Carousel-CarouselDisplayPlayerLayout(29789): changed=false, hashCode=16749418
07-05 21:27:47.680 D/Carousel-CarouselDisplayPlayerLayout(29789): extraTryCount=5
07-05 21:27:47.680 D/Carousel-CarouselDisplayPlayerLayout(29789): x=380, y=167,w=892,h=536, hashCode=16749418
07-05 21:27:47.680 D/Carousel-CarouselDisplayPlayerLayout(29789): mX=380, mY=167,mWitdh=892,mHeight=536, hashCode=16749418
07-05 21:27:47.680 D/Carousel-CarouselDisplayPlayerLayout(29789): changed=false, hashCode=16749418
07-05 21:27:47.680 D/Carousel-CarouselDisplayPlayerLayout(29789): extraTryCount=6
07-05 21:27:47.680 D/Carousel-CarouselDisplayPlayerLayout(29789): x=380, y=167,w=892,h=536, hashCode=16749418
07-05 21:27:47.680 D/Carousel-CarouselDisplayPlayerLayout(29789): mX=380, mY=167,mWitdh=892,mHeight=536, hashCode=16749418
07-05 21:27:47.680 D/Carousel-CarouselDisplayPlayerLayout(29789): changed=false, hashCode=16749418
07-05 21:27:47.680 D/Carousel-CarouselDisplayPlayerLayout(29789): extraTryCount=7
07-05 21:27:47.680 D/Carousel-CarouselDisplayPlayerLayout(29789): x=380, y=167,w=892,h=536, hashCode=16749418
07-05 21:27:47.680 D/Carousel-CarouselDisplayPlayerLayout(29789): mX=380, mY=167,mWitdh=892,mHeight=536, hashCode=16749418
07-05 21:27:47.680 D/Carousel-CarouselDisplayPlayerLayout(29789): changed=false, hashCode=16749418
07-05 21:27:47.680 D/Carousel-CarouselDisplayPlayerLayout(29789): extraTryCount=8
07-05 21:27:47.680 D/Carousel-CarouselDisplayPlayerLayout(29789): x=380, y=167,w=892,h=536, hashCode=16749418
07-05 21:27:47.680 D/Carousel-CarouselDisplayPlayerLayout(29789): mX=380, mY=167,mWitdh=892,mHeight=536, hashCode=16749418
07-05 21:27:47.680 D/Carousel-CarouselDisplayPlayerLayout(29789): changed=false, hashCode=16749418
07-05 21:27:47.680 D/Carousel-CarouselDisplayPlayerLayout(29789): extraTryCount=9
07-05 21:27:47.708 D/hwcomposer( 1204): Overlay [0] do size change!
07-05 21:27:47.709 D/vsyncbridge( 1204): [0] handle_thread thread got msg 0x2, mState = 3
07-05 21:27:47.709 D/vsyncbridge( 1204): Overlay 0 Resize, mState = 0x3, 0, disp[418 205 816 460] osd[1920 1080]
07-05 21:27:47.709 D/vsyncbridge( 1204): [update_ds_table,  594] DispW:1632 DispH:920 
07-05 21:27:47.709 D/vsyncbridge( 1204): [update_ds_table,  598] Cap.x:1105 Cap.y:30 CapW:1920 CapH:1080 
07-05 21:27:47.709 D/vsyncbridge( 1204): [update_ds_table,  599] enInputSourceType:34 
07-05 21:27:47.709 D/vsyncbridge( 1204): [update_ds_table,  601] u16InputVTotal:2205  u16InputVFreq:240 
07-05 21:27:47.709 D/vsyncbridge( 1204): [update_ds_table,  603] bInterlace:0  u16DefaultHtotal:0 
07-05 21:27:47.709 D/vsyncbridge( 1204): [update_ds_table,  606] bPreHCusScaling:1  bPreVCusScaling:1 
07-05 21:27:47.709 D/vsyncbridge( 1204): [update_ds_table,  608] u16PreHCusScalingSrc:1920  u16PreHCusScalingDst:1920 
07-05 21:27:47.709 D/vsyncbridge( 1204): [update_ds_table,  610] u16PreVCusScalingSrc:1080  u16PreVCusScalingSrc:1080 
07-05 21:27:47.709 D/vsyncbridge( 1204): [update_ds_table,  613] bHCusScaling:0  bVCusScaling:0 
07-05 21:27:47.709 D/vsyncbridge( 1204): [update_ds_table,  615] u16HCusScalingSrc:1920  u16HCusScalingDst:1632 
07-05 21:27:47.709 D/vsyncbridge( 1204): [update_ds_table,  617] u16VCusScalingSrc:1080  u16VCusScalingDst:920 
07-05 21:27:47.709 D/vsyncbridge( 1204): vsync_bridge_CalAspectRatio type = 0
07-05 21:27:47.709 D/vsyncbridge( 1204): panel [3840 2160] osd [1920 1080] ratio [2.000000 2.000000]
07-05 21:27:47.709 D/vsyncbridge( 1204): apply ratio, x=836, y=410, width=1632, height=920
07-05 21:27:47.709 D/vsyncbridge( 1204): disp_old[836 410 2468 1330], disp_new[836 410 2468 1330], crop[0 0 1920 1080]
07-05 21:27:47.709 D/vsyncbridge( 1204): [update_ds_table,  798] SW DS !!! 
07-05 21:27:47.709 D/vsyncbridge( 1204): [update_ds_table,  800] stXC_SetWin_Info.stCapWin.width1920  stXC_SetWin_Info.stCapWin.height:1080
07-05 21:27:47.709 D/vsyncbridge( 1204): [update_ds_table,  802] stXC_SetWin_Info.stCropWin.width1920  stXC_SetWin_Info.stCropWin.height:1080
07-05 21:27:47.710 D/vsyncbridge( 1204): [update_ds_table,  803] MApi_XC_GetDynamicScalingStatus():1 
07-05 21:27:47.710 D/        ( 1204): Alert: cannot get frameCount from IOCTL, eWindow=0! Fall back to original frame mode
07-05 21:27:47.710 D/        ( 1204): MVOP is 1P mode
07-05 21:27:47.710 D/        ( 1204): [_MDrv_SC_check_2p_mode][9405]u16Width=3840,u16Height=2160,u32Vfreqx10=240
07-05 21:27:47.710 D/vsyncbridge( 1204): vsync_bridge_render_frame pts = 3000000, DS_Idx=0x1, overlayID=0
07-05 21:27:47.710 D/vsyncbridge( 1204):  W 0, R 7, Cur 0
07-05 21:27:47.710 D/vsyncbridge( 1204): vsync_bridge_CalAspectRatio type = 0
07-05 21:27:47.710 D/vsyncbridge( 1204): panel [3840 2160] osd [1920 1080] ratio [2.000000 2.000000]
07-05 21:27:47.710 D/vsyncbridge( 1204): apply ratio, x=836, y=410, width=1632, height=920
07-05 21:27:47.712 D/Carousel-CarouselDisplayPlayerLayout(29789): x=380, y=167,w=892,h=536, hashCode=16749418
07-05 21:27:47.712 D/Carousel-CarouselDisplayPlayerLayout(29789): mX=380, mY=167,mWitdh=892,mHeight=536, hashCode=16749418
07-05 21:27:47.712 D/Carousel-CarouselDisplayPlayerLayout(29789): changed=false, hashCode=16749418
07-05 21:27:47.712 D/Carousel-CarouselDisplayPlayerLayout(29789): isFullScreen:false
07-05 21:27:47.712 D/Carousel-CarouselView(29789): ===========>mDisplayPlayerLayout.getVisibility()=4
07-05 21:27:47.712 D/Carousel-CarouselView(29789): ===========>onScrollEnd
07-05 21:27:47.713 D/Carousel-Utils(29789): x=380,y=167, width=892,height=536
07-05 21:27:47.713 D/Carousel-CarouselView(29789): isOutScreen:false
07-05 21:27:47.728 I/MyFragmentStateAdapter(29789): getCount
07-05 21:27:47.728 I/MyFragmentStateAdapter(29789): getCount
07-05 21:27:47.729 I/MyFragmentStateAdapter(29789): getCount
07-05 21:27:47.729 I/MyFragmentStateAdapter(29789): getCount
07-05 21:27:47.733 D/Surface ( 1733): onStatusChange() : mNativeObject = 547942814208 mUseImageHwRender = false
07-05 21:27:47.733 V/Surface ( 1733): nativeSetHardwareRender() : status = 0
07-05 21:27:47.733 V/Surface ( 1733): nativeSetHardwareRender() : end
07-05 21:27:47.736 D/PowerManagerService( 1733): acquireWakeLockInternal: lock=487931605, flags=0x2000000a, tag="WindowManager", ws=WorkSource{10010}, uid=1000, pid=1733
07-05 21:27:47.737 D/PowerManagerNotifier( 1733): onWakeLockAcquired: flags=536870922, tag="WindowManager", packageName=android, ownerUid=1000, ownerPid=1733, workSource=WorkSource{10010}
07-05 21:27:47.737 D/PowerManagerService( 1733): setScreenBrightnessOverrideFromWindowManagerInternal done
07-05 21:27:47.744 D/Surface ( 1733): onStatusChange() : mNativeObject = 0 mUseImageHwRender = false
07-05 21:27:47.745 I/FirstLineAdapter(29789): canShowTrailer,isOffline=false
07-05 21:27:47.745 I/FirstLineAdapter(29789): canShowTrailer,isOffline=false
07-05 21:27:47.745 I/FirstLineAdapter(29789): canShowTrailer,isOffline=false
07-05 21:27:47.745 I/FirstLineAdapter(29789): canShowTrailer,isOffline=false
07-05 21:27:47.745 I/FirstLineAdapter(29789): canShowTrailer,isOffline=false
07-05 21:27:47.746 I/FirstLineAdapter(29789): canShowTrailer,isOffline=false
07-05 21:27:47.746 I/FirstLineAdapter(29789): canShowTrailer,isOffline=false
07-05 21:27:47.746 I/FirstLineAdapter(29789): canShowTrailer,isOffline=false
07-05 21:27:47.746 I/FirstLineAdapter(29789): canShowTrailer,isOffline=false
07-05 21:27:47.750 I/MyFragmentStateAdapter(29789): getCount
07-05 21:27:47.759 D/CommonHeader(29789): app logo :refreshTimer: isRotatetrue
07-05 21:27:47.816 D/PowerManagerService( 1733): acquireWakeLockInternal: lock=113832109, flags=0x1, tag="NetworkStats", ws=null, uid=1000, pid=1733
07-05 21:27:47.816 D/PowerManagerNotifier( 1733): onWakeLockAcquired: flags=1, tag="NetworkStats", packageName=android, ownerUid=1000, ownerPid=1733, workSource=null
07-05 21:27:47.816 D/NtpTrustedTime( 1733): currentTimeMillis() cache hit
07-05 21:27:47.822 D/NtpTrustedTime( 1733): currentTimeMillis() cache hit
07-05 21:27:47.823 D/NtpTrustedTime( 1733): currentTimeMillis() cache hit
07-05 21:27:47.823 D/NtpTrustedTime( 1733): currentTimeMillis() cache hit
07-05 21:27:47.824 D/PowerManagerService( 1733): releaseWakeLockInternal: lock=113832109 [NetworkStats], flags=0x0
07-05 21:27:47.824 D/PowerManagerNotifier( 1733): onWakeLockReleased: flags=1, tag="NetworkStats", packageName=android, ownerUid=1000, ownerPid=1733, workSource=null
07-05 21:27:47.830 I/NetflixMonitorService( 1733): current fgapk : com.hisense.hicloud.edca
07-05 21:27:47.830 I/NetflixMonitorService( 1733): Netflix status unchanged
07-05 21:27:47.969 I/MiSysSrv( 1214): [37m[INFO] Change to Voltage: 102 mv (0x23)[m
07-05 21:27:48.101 D/MSTAR_VDEC_DBG( 1206): Stream ID: 0, Rate : 23 (E:0,D:0,S:0,F:101) 
07-05 21:27:48.168 I/TVMW@HsTvSetting( 1234): Trace cmd, data = 0x1058
07-05 21:27:48.169 D/til@system( 2026): til_get_system_param option:100002F int:0, bool:0, ret:0
07-05 21:27:48.169 I/TVMW@HsTvSetting( 1234): Trace cmd, data = 0x101f
07-05 21:27:48.169 D/til@system( 2026): til_get_system_param option:100001D int:3, bool:3, ret:0
07-05 21:27:48.169 E/til     ( 2026): [til_get_current_input_source, 101] 
07-05 21:27:48.169 I/TVMW@HsTvSetting( 1234): Trace cmd, data = 0x7007
07-05 21:27:48.169 I/tilwrapper@sm( 2026): HS2TIL_SourceType *hs=0xd, *til=0x900
07-05 21:27:48.169 D/til     ( 2026): get current source 2304
07-05 21:27:48.169 D/SourceRemoteServiceHandler( 2026): getCurrentInputSource.from.til.result is 0, value is 2304
07-05 21:27:48.169 D/SourceRemoteServiceHandler( 2026): getInputSourceType source: 0x900, type=2304
07-05 21:27:48.169 D/til     ( 2026): ###### func:til_get_picture_param option:0x3000006 ######  
07-05 21:27:48.169 I/TVMW@HsTvSetting( 1234): Trace cmd, data = 0x1003
07-05 21:27:48.170 I/TVMW@HsTvSetting( 1234): Trace cmd, data = 0x8032
07-05 21:27:48.170 I/hstvos  ( 1216): [0m[1;33m[HSHAL][HS_VIDEO][HS_HAL_Video_SetOsdDetect_v2][2389]u16Threshold = 20
07-05 21:27:48.170 E/TVMW@videoctrl( 1234):  getOsd is 1
07-05 21:27:48.170 D/til@system( 2026): til_get_system_param option:1000027 int:1, bool:1, ret:0
07-05 21:27:48.170 D/til     ( 2026): ###### func:til_get_picture_param option:0x3000045 ######  
07-05 21:27:48.171 I/TVMW@HsTvSetting( 1234): Trace cmd, data = 0x300c
07-05 21:27:48.171 I/TVMW@HsTvSetting( 1234): Trace 3d, data = 0x300c
07-05 21:27:48.171 I/TVMW@3d ( 1234): Hs_debug3d_trace: func:get3dStatus, line:109
07-05 21:27:48.196 I/TVMW@devctrl( 1234): wdt
07-05 21:27:48.330 I/MyFragmentStateAdapter(29789): getCount
07-05 21:27:48.463 D/GlobalInputEventMonitoringService( 1733): interceptKeyBeforeQueueing(), event:22, mNeedMonitorKeyEvent:true, mWaitForKeyUpEvent:false
07-05 21:27:48.463 D/GlobalInputEventMonitoringService( 1733): processKeyEvent(), processKeyEvent event:22
07-05 21:27:48.463 D/WindowManager( 1733): interceptKeyTq keycode=22 interactive=true keyguardActive=false policyFlags=2b000000 isCancled= false
07-05 21:27:48.464 D/PowerManagerService( 1733): userActivityNoUpdateLocked: eventTime=10110034, event=1, flags=0x0, uid=1000
07-05 21:27:48.464 D/WindowManager( 1733): interceptKeyTi keyCode=22 down=true repeatCount=0 keyguardOn=false mHomePressed=false canceled=false
07-05 21:27:48.464 D/WindowManager( 1733): Hisense systemkey event: 22
07-05 21:27:48.464 D/HisenseGlobalKeyManager( 1733): handleGlobalKey() : Global event = KeyEvent { action=ACTION_DOWN, keyCode=KEYCODE_DPAD_RIGHT, scanCode=0, metaState=0, flags=0x0, repeatCount=0, eventTime=10110034, downTime=10110034, deviceId=-1, source=0x101 }
07-05 21:27:48.465 D/SogouIME( 2203): [onKeyDown] keycode = 22 model = VIDAA_TV
07-05 21:27:48.471 D/Carousel-CarouselDisplayPlayerLayout(29789): HasFocus:false,keyCode:22
07-05 21:27:48.471 D/Carousel-CarouselDisplayPlayerLayout(29789): isFullScreen:false
07-05 21:27:48.471 I/HomeMainActivity(29789): carousel handle key:false
07-05 21:27:48.471 I/MainHomeView(29789): dispatchKeyEvent ACTION_DOWN now 
07-05 21:27:48.471 I/HomeMainActivity(29789): onKeyDown is 22
07-05 21:27:48.472 I/FirstlineLayoutManager(29789): left=218,width=1738,scroll Distance=-846
07-05 21:27:48.479 D/Carousel-CarouselView(29789): ============>onFocusChange=true
07-05 21:27:48.479 D/Carousel-CarouselDisplayPlayerLayout(29789): isFullScreen:false
07-05 21:27:48.479 D/Carousel-CarouselView(29789): isFullScreen:false,hasFocus:true
07-05 21:27:48.479 D/Carousel-CarouselView(29789): ============>offset=-267
07-05 21:27:48.490 D/Carousel-CarouselDisplayPlayerLayout(29789): showPlayerWindowTip showable:true
07-05 21:27:48.512 D/GlobalInputEventMonitoringService( 1733): interceptKeyBeforeQueueing(), event:22, mNeedMonitorKeyEvent:true, mWaitForKeyUpEvent:false
07-05 21:27:48.512 D/GlobalInputEventMonitoringService( 1733): processKeyEvent(), processKeyEvent event:22
07-05 21:27:48.512 D/WindowManager( 1733): interceptKeyTq keycode=22 interactive=true keyguardActive=false policyFlags=2b000000 isCancled= false
07-05 21:27:48.513 D/WindowManager( 1733): interceptKeyTi keyCode=22 down=false repeatCount=0 keyguardOn=false mHomePressed=false canceled=false
07-05 21:27:48.513 D/WindowManager( 1733): Hisense systemkey event: 22
07-05 21:27:48.513 D/HisenseGlobalKeyManager( 1733): handleGlobalKey() : Global event = KeyEvent { action=ACTION_UP, keyCode=KEYCODE_DPAD_RIGHT, scanCode=0, metaState=0, flags=0x0, repeatCount=0, eventTime=10110034, downTime=10110034, deviceId=-1, source=0x101 }
07-05 21:27:48.564 D/MyLocalStartService(16899): currentName is :com.hisense.hicloud.edca
07-05 21:27:48.614 D/Carousel-CarouselDisplayPlayerLayout(29789): HasFocus:true,keyCode:22
07-05 21:27:48.614 D/Carousel-CarouselDisplayPlayerLayout(29789): isFullScreen:false
07-05 21:27:48.614 D/Carousel-CarouselDisplayPlayerLayout(29789): isFullScreen:false
07-05 21:27:48.614 I/HomeMainActivity(29789): carousel handle key:false
07-05 21:27:48.622 V/InputMethodService( 2203): startInput(): editor=android.view.inputmethod.EditorInfo@10adcdf5
07-05 21:27:48.622 V/InputMethodService( 2203): CALL: onFinishInput
07-05 21:27:48.623 E/SOGOUIME_JNI( 2203): reset
07-05 21:27:48.623 E/SOGOUIME_JNI( 2203): getCandidates
07-05 21:27:48.623 E/SOGOUIME_JNI( 2203): ime_get_uncommitted_length
07-05 21:27:48.623 E/SOGOUIME_JNI( 2203): getCandidates
07-05 21:27:48.632 D/SogouIME API( 2203): ==============num:32
07-05 21:27:48.633 E/SOGOUIME_JNI( 2203): ime_get_uncommitted_length
07-05 21:27:48.633 D/SogouIME( 2203): mFocusedComponent:30   isHkbEnable:false
07-05 21:27:48.633 E/SOGOUIME_JNI( 2203): ime_get_uncommitted_length
07-05 21:27:48.633 E/SOGOUIME_JNI( 2203): ime_get_committed_length
07-05 21:27:48.633 E/SOGOUIME_JNI( 2203): getComposingInfo
07-05 21:27:48.633 E/SOGOUIME_JNI( 2203): getComposingInfo
07-05 21:27:48.633 E/SOGOUIME_JNI( 2203): getCorrectInfo
07-05 21:27:48.633 E/SOGOUIME_JNI( 2203): getComposingInfo
07-05 21:27:48.637 D/PowerManagerService( 1733): acquireWakeLockInternal: lock=113832109, flags=0x1, tag="NetworkStats", ws=null, uid=1000, pid=1733
07-05 21:27:48.637 D/PowerManagerNotifier( 1733): onWakeLockAcquired: flags=1, tag="NetworkStats", packageName=android, ownerUid=1000, ownerPid=1733, workSource=null
07-05 21:27:48.638 D/NtpTrustedTime( 1733): currentTimeMillis() cache hit
07-05 21:27:48.653 V/InputMethodService( 2203): CALL: onStartInput
07-05 21:27:48.653 E/SOGOUIME_JNI( 2203): invalidateCommitWordPinyinNative
07-05 21:27:48.653 D/SogouIME( 2203): =====configKeyboard=======:false     false
07-05 21:27:48.653 E/SOGOUIME_JNI( 2203): ime_set_hard_kb_enable
07-05 21:27:48.670 D/NtpTrustedTime( 1733): currentTimeMillis() cache hit
07-05 21:27:48.672 D/NtpTrustedTime( 1733): currentTimeMillis() cache hit
07-05 21:27:48.672 D/NtpTrustedTime( 1733): currentTimeMillis() cache hit
07-05 21:27:48.672 D/PowerManagerService( 1733): releaseWakeLockInternal: lock=113832109 [NetworkStats], flags=0x0
07-05 21:27:48.672 D/PowerManagerNotifier( 1733): onWakeLockReleased: flags=1, tag="NetworkStats", packageName=android, ownerUid=1000, ownerPid=1733, workSource=null
07-05 21:27:48.674 I/TVMW@HsTvSetting( 1234): Trace cmd, data = 0x1058
07-05 21:27:48.675 D/til@system( 2026): til_get_system_param option:100002F int:0, bool:0, ret:0
07-05 21:27:48.675 I/TVMW@HsTvSetting( 1234): Trace cmd, data = 0x101f
07-05 21:27:48.675 D/til@system( 2026): til_get_system_param option:100001D int:3, bool:3, ret:0
07-05 21:27:48.676 E/til     ( 2026): [til_get_current_input_source, 101] 
07-05 21:27:48.676 I/TVMW@HsTvSetting( 1234): Trace cmd, data = 0x7007
07-05 21:27:48.676 I/tilwrapper@sm( 2026): HS2TIL_SourceType *hs=0xd, *til=0x900
07-05 21:27:48.676 D/til     ( 2026): get current source 2304
07-05 21:27:48.677 D/SourceRemoteServiceHandler( 2026): getCurrentInputSource.from.til.result is 0, value is 2304
07-05 21:27:48.677 D/SourceRemoteServiceHandler( 2026): getInputSourceType source: 0x900, type=2304
07-05 21:27:48.677 D/til     ( 2026): ###### func:til_get_picture_param option:0x3000006 ######  
07-05 21:27:48.677 I/TVMW@HsTvSetting( 1234): Trace cmd, data = 0x1003
07-05 21:27:48.678 I/TVMW@HsTvSetting( 1234): Trace cmd, data = 0x8032
07-05 21:27:48.679 I/hstvos  ( 1216): [0m[1;33m[HSHAL][HS_VIDEO][HS_HAL_Video_SetOsdDetect_v2][2389]u16Threshold = 20
07-05 21:27:48.679 E/TVMW@videoctrl( 1234):  getOsd is 1
07-05 21:27:48.680 D/til@system( 2026): til_get_system_param option:1000027 int:1, bool:1, ret:0
07-05 21:27:48.680 D/til     ( 2026): ###### func:til_get_picture_param option:0x3000045 ######  
07-05 21:27:48.680 I/TVMW@HsTvSetting( 1234): Trace cmd, data = 0x300c
07-05 21:27:48.680 I/TVMW@HsTvSetting( 1234): Trace 3d, data = 0x300c
07-05 21:27:48.680 I/TVMW@3d ( 1234): Hs_debug3d_trace: func:get3dStatus, line:109
07-05 21:27:48.831 I/NetflixMonitorService( 1733): current fgapk : com.hisense.hicloud.edca
07-05 21:27:48.831 I/NetflixMonitorService( 1733): Netflix status unchanged
07-05 21:27:49.096 I/TVMW@devctrl( 1234): wdt
07-05 21:27:49.102 D/MSTAR_VDEC_DBG( 1206): Stream ID: 0, Rate : 23 (E:0,D:0,S:0,F:125) 
07-05 21:27:49.155 I/MyFragmentStateAdapter(29789): getCount
07-05 21:27:49.181 I/TVMW@HsTvSetting( 1234): Trace cmd, data = 0x1058
07-05 21:27:49.181 D/til@system( 2026): til_get_system_param option:100002F int:0, bool:0, ret:0
07-05 21:27:49.182 I/TVMW@HsTvSetting( 1234): Trace cmd, data = 0x101f
07-05 21:27:49.185 D/til@system( 2026): til_get_system_param option:100001D int:3, bool:3, ret:0
07-05 21:27:49.185 E/til     ( 2026): [til_get_current_input_source, 101] 
07-05 21:27:49.185 I/TVMW@HsTvSetting( 1234): Trace cmd, data = 0x7007
07-05 21:27:49.185 I/tilwrapper@sm( 2026): HS2TIL_SourceType *hs=0xd, *til=0x900
07-05 21:27:49.185 D/til     ( 2026): get current source 2304
07-05 21:27:49.185 D/SourceRemoteServiceHandler( 2026): getCurrentInputSource.from.til.result is 0, value is 2304
07-05 21:27:49.185 D/SourceRemoteServiceHandler( 2026): getInputSourceType source: 0x900, type=2304
07-05 21:27:49.185 D/til     ( 2026): ###### func:til_get_picture_param option:0x3000006 ######  
07-05 21:27:49.187 I/TVMW@HsTvSetting( 1234): Trace cmd, data = 0x1003
07-05 21:27:49.189 I/TVMW@HsTvSetting( 1234): Trace cmd, data = 0x8032
07-05 21:27:49.190 I/hstvos  ( 1216): [0m[1;33m[HSHAL][HS_VIDEO][HS_HAL_Video_SetOsdDetect_v2][2389]u16Threshold = 20
07-05 21:27:49.202 E/TVMW@videoctrl( 1234):  getOsd is 1
07-05 21:27:49.202 D/til@system( 2026): til_get_system_param option:1000027 int:1, bool:1, ret:0
07-05 21:27:49.202 D/til     ( 2026): ###### func:til_get_picture_param option:0x3000045 ######  
07-05 21:27:49.204 I/TVMW@HsTvSetting( 1234): Trace cmd, data = 0x300c
07-05 21:27:49.204 I/TVMW@HsTvSetting( 1234): Trace 3d, data = 0x300c
07-05 21:27:49.204 I/TVMW@3d ( 1234): Hs_debug3d_trace: func:get3dStatus, line:109
07-05 21:27:49.220 I/MyFragmentStateAdapter(29789): getCount
07-05 21:27:49.277 I/MyFragmentStateAdapter(29789): getCount
07-05 21:27:49.286 I/HLSP2P  ( 3457): ## 2017-07-05 21:27:49.285 [3457,3628,:0] INFO ## [HLSP2P][TaskManager.cpp:855][INFO][UpdateGlobalInfo]totalDataSize: 0, totalMemorySize: 0, totalCacheSize: 0, curUploadSpeedKB: 0
07-05 21:27:49.288 I/HLSP2P  ( 3457): ## 2017-07-05 21:27:49.287 [3457,3628,:0] INFO ## [HLSP2P][TaskManager.cpp:1325][INFO][TryAdjustMemorySize]system memory total size: 1912M, free size: 355MB, cache add to 30MB, AppState: 14
07-05 21:27:49.338 I/MyFragmentStateAdapter(29789): getCount
07-05 21:27:49.394 I/MyFragmentStateAdapter(29789): getCount
07-05 21:27:49.453 I/MyFragmentStateAdapter(29789): getCount
07-05 21:27:49.475 E/btif_config( 2964): [btif_config_get] node is TRUE!
07-05 21:27:49.475 E/btif_config( 2964): [btif_config_get] ret is TRUE!
07-05 21:27:49.495 I/MyFragmentStateAdapter(29789): getCount
07-05 21:27:49.508 D/PowerManagerService( 1733): acquireWakeLockInternal: lock=113832109, flags=0x1, tag="NetworkStats", ws=null, uid=1000, pid=1733
07-05 21:27:49.509 D/PowerManagerNotifier( 1733): onWakeLockAcquired: flags=1, tag="NetworkStats", packageName=android, ownerUid=1000, ownerPid=1733, workSource=null
07-05 21:27:49.509 D/NtpTrustedTime( 1733): currentTimeMillis() cache hit
07-05 21:27:49.536 D/NtpTrustedTime( 1733): currentTimeMillis() cache hit
07-05 21:27:49.536 D/PowerManagerService( 1733): releaseWakeLockInternal: lock=113832109 [NetworkStats], flags=0x0
07-05 21:27:49.536 D/PowerManagerNotifier( 1733): onWakeLockReleased: flags=1, tag="NetworkStats", packageName=android, ownerUid=1000, ownerPid=1733, workSource=null
07-05 21:27:49.538 D/NtpTrustedTime( 1733): currentTimeMillis() cache hit
07-05 21:27:49.538 D/NtpTrustedTime( 1733): currentTimeMillis() cache hit
07-05 21:27:49.560 I/MyFragmentStateAdapter(29789): getCount
07-05 21:27:49.603 D/DtvSourcePlugin-DVBC(15961): Setting the EPG Updater state to: WAIT
07-05 21:27:49.619 I/MyFragmentStateAdapter(29789): getCount
07-05 21:27:49.656 E/btif_config( 2964): [btif_config_get] node is TRUE!
07-05 21:27:49.656 E/btif_config( 2964): [btif_config_get] ret is TRUE!
07-05 21:27:49.673 I/MyFragmentStateAdapter(29789): getCount
07-05 21:27:49.696 D/GlobalInputEventMonitoringService( 1733): interceptKeyBeforeQueueing(), event:20, mNeedMonitorKeyEvent:true, mWaitForKeyUpEvent:false
07-05 21:27:49.696 D/GlobalInputEventMonitoringService( 1733): processKeyEvent(), processKeyEvent event:20
07-05 21:27:49.697 D/WindowManager( 1733): interceptKeyTq keycode=20 interactive=true keyguardActive=false policyFlags=2b000000 isCancled= false
07-05 21:27:49.697 D/PowerManagerService( 1733): userActivityNoUpdateLocked: eventTime=10111264, event=1, flags=0x0, uid=1000
07-05 21:27:49.697 D/WindowManager( 1733): interceptKeyTi keyCode=20 down=true repeatCount=0 keyguardOn=false mHomePressed=false canceled=false
07-05 21:27:49.697 D/WindowManager( 1733): Hisense systemkey event: 20
07-05 21:27:49.698 D/HisenseGlobalKeyManager( 1733): handleGlobalKey() : Global event = KeyEvent { action=ACTION_DOWN, keyCode=KEYCODE_DPAD_DOWN, scanCode=0, metaState=0, flags=0x0, repeatCount=0, eventTime=10111264, downTime=10111264, deviceId=-1, source=0x101 }
07-05 21:27:49.705 I/TVMW@HsTvSetting( 1234): Trace cmd, data = 0x1058
07-05 21:27:49.705 D/til@system( 2026): til_get_system_param option:100002F int:0, bool:0, ret:0
07-05 21:27:49.705 I/TVMW@HsTvSetting( 1234): Trace cmd, data = 0x101f
07-05 21:27:49.705 D/til@system( 2026): til_get_system_param option:100001D int:3, bool:3, ret:0
07-05 21:27:49.706 E/til     ( 2026): [til_get_current_input_source, 101] 
07-05 21:27:49.706 I/TVMW@HsTvSetting( 1234): Trace cmd, data = 0x7007
07-05 21:27:49.706 I/tilwrapper@sm( 2026): HS2TIL_SourceType *hs=0xd, *til=0x900
07-05 21:27:49.706 D/til     ( 2026): get current source 2304
07-05 21:27:49.706 D/SourceRemoteServiceHandler( 2026): getCurrentInputSource.from.til.result is 0, value is 2304
07-05 21:27:49.706 D/SourceRemoteServiceHandler( 2026): getInputSourceType source: 0x900, type=2304
07-05 21:27:49.706 D/til     ( 2026): ###### func:til_get_picture_param option:0x3000006 ######  
07-05 21:27:49.706 I/TVMW@HsTvSetting( 1234): Trace cmd, data = 0x1003
07-05 21:27:49.707 I/TVMW@HsTvSetting( 1234): Trace cmd, data = 0x8032
07-05 21:27:49.707 I/hstvos  ( 1216): [0m[1;33m[HSHAL][HS_VIDEO][HS_HAL_Video_SetOsdDetect_v2][2389]u16Threshold = 20
07-05 21:27:49.709 E/TVMW@videoctrl( 1234):  getOsd is 1
07-05 21:27:49.709 D/til@system( 2026): til_get_system_param option:1000027 int:1, bool:1, ret:0
07-05 21:27:49.710 D/til     ( 2026): ###### func:til_get_picture_param option:0x3000045 ######  
07-05 21:27:49.710 I/TVMW@HsTvSetting( 1234): Trace cmd, data = 0x300c
07-05 21:27:49.710 I/TVMW@HsTvSetting( 1234): Trace 3d, data = 0x300c
07-05 21:27:49.710 I/TVMW@3d ( 1234): Hs_debug3d_trace: func:get3dStatus, line:109
07-05 21:27:49.724 D/SogouIME( 2203): [onKeyDown] keycode = 20 model = VIDAA_TV
07-05 21:27:49.733 D/Carousel-CarouselDisplayPlayerLayout(29789): HasFocus:true,keyCode:20
07-05 21:27:49.733 D/Carousel-CarouselDisplayPlayerLayout(29789): isFullScreen:false
07-05 21:27:49.733 D/Carousel-CarouselDisplayPlayerLayout(29789): isFullScreen:false
07-05 21:27:49.733 I/HomeMainActivity(29789): carousel handle key:false
07-05 21:27:49.734 I/MainHomeView(29789): dispatchKeyEvent ACTION_DOWN now 
07-05 21:27:49.734 D/Carousel-CarouselDisplayPicLayout(29789): keyCode=20
07-05 21:27:49.734 I/FirstLineAdapter(29789): onCarouselKeyDown: output=true,event=KeyEvent { action=ACTION_DOWN, keyCode=KEYCODE_DPAD_DOWN, scanCode=0, metaState=0, flags=0x0, repeatCount=0, eventTime=10111264, downTime=10111264, deviceId=-1, source=0x101 }
07-05 21:27:49.734 I/HomeMainActivity(29789): onKeyDown is 20
07-05 21:27:49.735 I/BaseContentFragment(29789): setRowViewSelectedViewHolder{24b3c1c9 position=1 id=-1, oldPos=-1, pLpos:-1},isSelectedfalse
07-05 21:27:49.735 I/BaseContentFragment(29789): setRowViewSelectedViewHolder{2d2aa36f position=2 id=-1, oldPos=-1, pLpos:-1},isSelectedtrue
07-05 21:27:49.739 I/RoleContentFragment(29789): onChildSelected:2,lastPos=1
07-05 21:27:49.740 I/CurrentCarouselView(29789): onCarouseControlCarouselControlBean{mShoudScroll=false, mActivityHasResume=false, mActivityHasStop=false, mHasTurnGone=false, mHasTurnVisible=false, mChannelId=0, mSlideOffset=0.0, mShouldSelectCenter=false, mTabOpen=false, mHoriPosStatus=None, mVerPosStatus=Out, mLevelStatus=None},isPlayingtrue,channelId=0
07-05 21:27:49.740 I/CurrentCarouselView(29789): is the current page
07-05 21:27:49.740 I/CurrentCarouselView(29789): stopPlay
07-05 21:27:49.743 D/Carousel-CarouselView(29789): ============>onFocusChange=false
07-05 21:27:49.743 D/Carousel-CarouselDisplayPlayerLayout(29789): isFullScreen:false
07-05 21:27:49.743 D/Carousel-CarouselView(29789): isFullScreen:false,hasFocus:false
07-05 21:27:49.743 D/Carousel-CarouselView(29789): ============>offset=-1531
07-05 21:27:49.743 D/Carousel-CarouselDisplayPlayerLayout(29789): showPlayerWindowTip showable:false
07-05 21:27:49.750 I/ContentBridgeAdapterListener(29789): onAddPresenter 3
07-05 21:27:49.750 D/GlobalInputEventMonitoringService( 1733): interceptKeyBeforeQueueing(), event:20, mNeedMonitorKeyEvent:true, mWaitForKeyUpEvent:false
07-05 21:27:49.750 D/GlobalInputEventMonitoringService( 1733): processKeyEvent(), processKeyEvent event:20
07-05 21:27:49.750 D/WindowManager( 1733): interceptKeyTq keycode=20 interactive=true keyguardActive=false policyFlags=2b000000 isCancled= false
07-05 21:27:49.751 D/WindowManager( 1733): interceptKeyTi keyCode=20 down=false repeatCount=0 keyguardOn=false mHomePressed=false canceled=false
07-05 21:27:49.751 D/WindowManager( 1733): Hisense systemkey event: 20
07-05 21:27:49.751 D/HisenseGlobalKeyManager( 1733): handleGlobalKey() : Global event = KeyEvent { action=ACTION_UP, keyCode=KEYCODE_DPAD_DOWN, scanCode=0, metaState=0, flags=0x0, repeatCount=0, eventTime=10111264, downTime=10111264, deviceId=-1, source=0x101 }
07-05 21:27:49.780 I/ContentBridgeAdapterListener(29789): onCreate ViewHolder{236498b4 position=-1 id=-1, oldPos=-1, pLpos:-1 unbound no parent}
07-05 21:27:49.780 I/BaseContentFragment(29789): setUpSharedViewPoolViewHolder{236498b4 position=-1 id=-1, oldPos=-1, pLpos:-1 unbound no parent}
07-05 21:27:49.780 I/BaseContentFragment(29789): share view pool
07-05 21:27:49.780 I/BaseContentFragment(29789): setRowViewSelectedViewHolder{236498b4 position=-1 id=-1, oldPos=-1, pLpos:-1 unbound no parent},isSelectedfalse
07-05 21:27:49.780 I/head    (29789): item=com.hisense.tvui.newhome.presenter.TwoLineListRow@7940cdd
07-05 21:27:49.781 I/ContentBridgeAdapterListener(29789): onBind 
07-05 21:27:49.781 I/ContentBridgeAdapterListener(29789): onAttachedToWindow ViewHolder{236498b4 position=3 id=-1, oldPos=-1, pLpos:-1}
07-05 21:27:49.789 I/CardSelectionPresenter(29789): onCreateViewHoldercom.hisense.leanback.widget.HorizontalGridView{25e30052 VFE..... ......I. 0,0-0,0 #7f0d038e app:id/row_content}
07-05 21:27:49.801 I/CardSelectionPresenter(29789): onBindViewHolder
07-05 21:27:49.801 D/sloven  (29789): 1002---true
07-05 21:27:49.801 I/CardSelectionPresenter(29789): width=390,height=220
07-05 21:27:49.829 D/hailongqiu(29789): hailongqiu position:0
07-05 21:27:49.831 I/NetflixMonitorService( 1733): current fgapk : com.hisense.hicloud.edca
07-05 21:27:49.831 I/NetflixMonitorService( 1733): Netflix status unchanged
07-05 21:27:49.831 I/CardSelectionPresenter(29789): onCreateViewHoldercom.hisense.leanback.widget.HorizontalGridView{25e30052 VFE..... ......ID 0,0-1738,588 #7f0d038e app:id/row_content}
07-05 21:27:49.837 I/CardSelectionPresenter(29789): onBindViewHolder
07-05 21:27:49.837 D/sloven  (29789): 1002---true
07-05 21:27:49.837 I/CardSelectionPresenter(29789): width=390,height=220
07-05 21:27:49.842 I/CardSelectionPresenter(29789): onCreateViewHoldercom.hisense.leanback.widget.HorizontalGridView{25e30052 VFE..... ......ID 0,0-1738,588 #7f0d038e app:id/row_content}
07-05 21:27:49.847 I/CardSelectionPresenter(29789): onBindViewHolder
07-05 21:27:49.847 D/sloven  (29789): 1002---true
07-05 21:27:49.847 I/CardSelectionPresenter(29789): width=400,height=220
07-05 21:27:49.854 I/CardSelectionPresenter(29789): onCreateViewHoldercom.hisense.leanback.widget.HorizontalGridView{25e30052 VFE..... ......ID 0,0-1738,588 #7f0d038e app:id/row_content}
07-05 21:27:49.862 I/CardSelectionPresenter(29789): onBindViewHolder
07-05 21:27:49.862 D/sloven  (29789): 1002---true
07-05 21:27:49.862 I/CardSelectionPresenter(29789): width=400,height=220
07-05 21:27:49.866 I/CardSelectionPresenter(29789): onCreateViewHoldercom.hisense.leanback.widget.HorizontalGridView{25e30052 VFE..... ......ID 0,0-1738,588 #7f0d038e app:id/row_content}
07-05 21:27:49.873 I/CardSelectionPresenter(29789): onBindViewHolder
07-05 21:27:49.873 D/sloven  (29789): 1002---true
07-05 21:27:49.873 I/CardSelectionPresenter(29789): width=400,height=220
07-05 21:27:49.879 I/CardSelectionPresenter(29789): onCreateViewHoldercom.hisense.leanback.widget.HorizontalGridView{25e30052 VFE..... ......ID 0,0-1738,588 #7f0d038e app:id/row_content}
07-05 21:27:49.884 I/CardSelectionPresenter(29789): onBindViewHolder
07-05 21:27:49.884 D/sloven  (29789): 1002---true
07-05 21:27:49.884 I/CardSelectionPresenter(29789): width=400,height=220
07-05 21:27:49.892 I/CardSelectionPresenter(29789): onCreateViewHoldercom.hisense.leanback.widget.HorizontalGridView{25e30052 VFE..... ......ID 0,0-1738,588 #7f0d038e app:id/row_content}
07-05 21:27:49.898 I/CardSelectionPresenter(29789): onBindViewHolder
07-05 21:27:49.898 D/sloven  (29789): 2005---false
07-05 21:27:49.898 D/sloven  (29789): 2005
07-05 21:27:49.899 I/CardSelectionPresenter(29789): width=400,height=220
07-05 21:27:49.902 I/CardSelectionPresenter(29789): onCreateViewHoldercom.hisense.leanback.widget.HorizontalGridView{25e30052 VFE..... ......ID 0,0-1738,588 #7f0d038e app:id/row_content}
07-05 21:27:49.909 I/CardSelectionPresenter(29789): onBindViewHolder
07-05 21:27:49.909 D/sloven  (29789): 2005---false
07-05 21:27:49.909 D/sloven  (29789): 2005
07-05 21:27:49.910 I/CardSelectionPresenter(29789): width=400,height=220
07-05 21:27:49.912 I/CardSelectionPresenter(29789): onCreateViewHoldercom.hisense.leanback.widget.HorizontalGridView{25e30052 VFE..... ......ID 0,0-1738,588 #7f0d038e app:id/row_content}
07-05 21:27:49.918 I/CardSelectionPresenter(29789): onBindViewHolder
07-05 21:27:49.918 D/sloven  (29789): 2005---false
07-05 21:27:49.918 D/sloven  (29789): 2005
07-05 21:27:49.919 I/CardSelectionPresenter(29789): width=400,height=220
07-05 21:27:49.922 I/CardSelectionPresenter(29789): onCreateViewHoldercom.hisense.leanback.widget.HorizontalGridView{25e30052 VFE..... ......ID 0,0-1738,588 #7f0d038e app:id/row_content}
07-05 21:27:49.928 I/CardSelectionPresenter(29789): onBindViewHolder
07-05 21:27:49.929 D/sloven  (29789): 2005---false
07-05 21:27:49.929 D/sloven  (29789): 2005
07-05 21:27:49.929 I/CardSelectionPresenter(29789): width=400,height=220
07-05 21:27:49.933 I/MyFragmentStateAdapter(29789): getCount
07-05 21:27:49.933 I/MyFragmentStateAdapter(29789): getCount
07-05 21:27:49.934 I/MyFragmentStateAdapter(29789): getCount
07-05 21:27:49.935 I/MyFragmentStateAdapter(29789): getCount
07-05 21:27:49.937 I/FirstLineAdapter(29789): canShowTrailer,isOffline=false
07-05 21:27:49.937 I/FirstLineAdapter(29789): canShowTrailer,isOffline=false
07-05 21:27:49.937 I/FirstLineAdapter(29789): canShowTrailer,isOffline=false
07-05 21:27:49.937 I/FirstLineAdapter(29789): canShowTrailer,isOffline=false
07-05 21:27:49.937 I/FirstLineAdapter(29789): canShowTrailer,isOffline=false
07-05 21:27:49.937 I/FirstLineAdapter(29789): canShowTrailer,isOffline=false
07-05 21:27:49.937 I/FirstLineAdapter(29789): canShowTrailer,isOffline=false
07-05 21:27:49.938 I/FirstLineAdapter(29789): canShowTrailer,isOffline=false
07-05 21:27:49.938 I/FirstLineAdapter(29789): canShowTrailer,isOffline=false
07-05 21:27:49.944 D/Carousel-CarouselView(29789): ============>onScrollChanged hashCode:958950284
07-05 21:27:49.944 D/Carousel-CarouselDisplayPlayerLayout(29789): isFullScreen:false
07-05 21:27:49.962 I/MyFragmentStateAdapter(29789): getCount
07-05 21:27:49.985 I/MyFragmentStateAdapter(29789): getCount
07-05 21:27:49.997 I/TVMW@devctrl( 1234): wdt
07-05 21:27:50.001 D/Carousel-CarouselDisplayPlayerLayout(29789): HasFocus:false,keyCode:20
07-05 21:27:50.001 D/Carousel-CarouselDisplayPlayerLayout(29789): isFullScreen:false
07-05 21:27:50.001 I/HomeMainActivity(29789): carousel handle key:false
07-05 21:27:50.002 D/Carousel-CarouselView(29789): setPosterAndStopPlay! hashCode=958950284, sWorkingHashCode=958950284
07-05 21:27:50.003 D/Carousel-CarouselDisplayPlayerLayout(29789): isFullScreen:false
07-05 21:27:50.003 D/Carousel-Utils(29789): displayImage view=android.widget.ImageView{2ef01db G.ED.... ........ 0,0-816,460 #7f0d0029 app:id/imageView1}
07-05 21:27:50.003 D/Carousel-Utils(29789): displayImage url=http://picture.edu.hismarttv.com/images/20170629010146422927.jpg
07-05 21:27:50.004 D/Carousel-Utils(29789): onResourceReady.
07-05 21:27:50.007 D/Carousel-Utils(29789): displayImage view=android.widget.ImageView{f89ef3f G.ED.... ........ 0,0-816,460 #7f0d0029 app:id/imageView1}
07-05 21:27:50.007 D/Carousel-Utils(29789): displayImage url=http://picture.edu.hismarttv.com/images/20170629010146422927.jpg
07-05 21:27:50.007 D/Carousel-Utils(29789): onResourceR