07-05 21:31:44.905 W/System.err(31913): 	at com.android.okhttp.internal.http.HttpEngine.sendRequest(HttpEngine.java:211)
07-05 21:31:44.905 W/System.err(31913): 	at com.android.okhttp.internal.http.HttpURLConnectionImpl.execute(HttpURLConnectionImpl.java:382)
07-05 21:31:44.905 W/System.err(31913): 	at com.android.okhttp.internal.http.HttpURLConnectionImpl.connect(HttpURLConnectionImpl.java:106)
07-05 21:31:44.905 D/til     ( 2026): ###### func:til_get_picture_param option:0x3000045 ######  
07-05 21:31:44.905 W/System.err(31913): 	at com.hisense.hitv.hicloud.util.ExceptionReport.a(ExceptionReport.java:337)
07-05 21:31:44.905 W/System.err(31913): 	at com.hisense.hitv.hicloud.util.ExceptionReport.a(ExceptionReport.java:39)
07-05 21:31:44.905 W/System.err(31913): 	at com.hisense.hitv.hicloud.util.ExceptionReport$1.run(ExceptionReport.java:83)
07-05 21:31:44.905 W/System.err(31913): 	at java.lang.Thread.run(Thread.java:818)
07-05 21:31:44.905 W/System.err(31913): Caused by: android.system.ErrnoException: isConnected failed: ECONNREFUSED (Connection refused)
07-05 21:31:44.905 I/TVMW@HsTvSetting( 1234): Trace cmd, data = 0x300c
07-05 21:31:44.905 I/TVMW@HsTvSetting( 1234): Trace 3d, data = 0x300c
07-05 21:31:44.905 I/TVMW@3d ( 1234): Hs_debug3d_trace: func:get3dStatus, line:109
07-05 21:31:44.906 W/System.err(31913): 	at libcore.io.IoBridge.isConnected(IoBridge.java:223)
07-05 21:31:44.906 W/System.err(31913): 	... 15 more
07-05 21:31:44.956 I/System.out(31913): <TVAPI> DEBUG(id=1, manInfo, response_time = 57ms): data = {"code":"N000000","json":{},"uuid":"MjAxNTEyMjgxNjU2MTk1NzJNa0NISmZXYjExMjA5"}
07-05 21:31:44.956 D/PlayerSDK/data/FetchUuidJob(31913): [TID 31944] mManInfoCallback onSuccess: maininfo=com.qiyi.tvapi.tv2.result.ApiResultManInfo@3560ff94
07-05 21:31:44.956 D/PlayerSDK/data/FetchUuidJob(31913): [TID 31944] mManInfoCallback result: u=MjAxNTEyMjgxNjU2MTk1NzJNa0NISmZXYjExMjA5, json={}
07-05 21:31:44.956 D/PlayerSDK/data/FetchUuidJob(31913): [TID 31944] mManInfoCallback result: eU=MjAxNTEyMjgxNjU2MTk1NzJNa0NISmZXYjExMjA5
07-05 21:31:44.956 D/PlayerSDK/data/FetchUuidJob(31913): [TID 31944] mManInfoCallback: fectch id success, use it.
07-05 21:31:44.956 D/PlayerSDK/data/FetchUuidJob(31913): [TID 31944] mManInfoCallback result: parterId=null
07-05 21:31:44.956 D/PlayerSDK/data/FetchUuidJob@2788ad22(31913): [TID 31944] notifyJobSuccess() Job[PlayerSDK/data/FetchUuidJob@2788ad22](mState=0, mData=Object144972349, mError=null)
07-05 21:31:44.956 D/PlayerSDK/data/FetchUuidJob(31913): [TID 31944] <<<fetchKeyInfo
07-05 21:31:44.956 D/PlayerSDK/data/FetchUuidJob@2788ad22(31913): [TID 31944] notifyJobSuccess() Job[PlayerSDK/data/FetchUuidJob@2788ad22](mState=2, mData=Object144972349, mError=null)
07-05 21:31:44.957 D/PlayerSdk/PlayerSdkProject(31913): [TID 31944] createRegisterKeyForTvapi(context=com.hisense.hicloud.edca.BaseApplication@2adbac5c)
07-05 21:31:44.957 D/Player/Lib/Utils/SysUtils(31913): [TID 31944] getMacAddr() returnsa8:a6:48:18:fc:a8
07-05 21:31:44.958 I/System.out(31913): <TVAPI> ERROR(Check MacAddress): mac address is 
07-05 21:31:44.959 D/PlayerSdk/PlayerSdkProject(31913): [TID 31944] initTVApi platformType:HAIXIN, defaultUserId:tv_69b1ef544cadbb86e8f28950ece1c76a, domainName:ptqy.gitv.tv
07-05 21:31:44.959 D/PlayerSdk/PlayerSdkProject(31913): [TID 31944] << beginInitialize: consume 492 ms
07-05 21:31:44.960 D/Player/PluginProvider@192d94a7(31913): [TID 31944] << setupSdkFeature: mSdkFeature=com.qiyi.video.plugin.j@360bf232
07-05 21:31:44.960 W/PluginProviderBuilder(31913): createPluginProviderInstance() return com.qiyi.video.plugin.PluginProvider@192d94a7
07-05 21:31:44.960 W/PluginDebugUtils(31913): needThrowable<<(key=lastFailed)
07-05 21:31:44.960 W/PluginDebugUtils(31913): needThrowable() returns false
07-05 21:31:44.960 W/PluginHelper(31913): loadProvider>>() return com.qiyi.video.plugin.PluginProvider@192d94a7
07-05 21:31:44.960 W/StorageManager(31913): savePluginInfo<<(info=PluginInfo(id=pluginplayer, versionName=1.64.0.59984, className=com.qiyi.video.plugin.PluginProvider, path=/data/data/com.hisense.hicloud.edca/files/plugin/2.1.0.59986/pluginplayer/1.64.0.59984/pluginplayer-release-1.64.0.59984.apk, libFolder=/data/data/com.hisense.hicloud.edca/files/plugin/2.1.0.59986/pluginplayer/1.64.0.59984/pluginplayer-release-1.64.0.59984-libs, containSo=true, soFileCount=18, errorCount=0, lastLoadSuccess=true))
07-05 21:31:44.960 W/StorageManager(31913): isMultiProcessPlugin<<()  pluginplayer
07-05 21:31:44.960 W/StorageManager(31913): isMultiProcessPlugin>>() return false
07-05 21:31:44.960 W/StorageStub@193d3924(31913): loadPluginInfos<<(pluginId=pluginplayer, needRemoveDumy=false)
07-05 21:31:44.960 W/PluginInfo(31913): getListFromJson<<(json=null)
07-05 21:31:44.960 W/StorageStub@193d3924(31913): loadPluginInfos>>() return null
07-05 21:31:44.961 W/StorageManager(31913): findPluginInfo<<(list=[], version=1.64.0.59984)
07-05 21:31:44.961 W/StorageManager(31913): findPluginInfo>>() return null
07-05 21:31:44.961 W/StorageStub@193d3924(31913): savePluginInfos<<(pluginId=pluginplayer, list=[PluginInfo(id=pluginplayer, versionName=1.64.0.59984, className=com.qiyi.video.plugin.PluginProvider, path=/data/data/com.hisense.hicloud.edca/files/plugin/2.1.0.59986/pluginplayer/1.64.0.59984/pluginplayer-release-1.64.0.59984.apk, libFolder=/data/data/com.hisense.hicloud.edca/files/plugin/2.1.0.59986/pluginplayer/1.64.0.59984/pluginplayer-release-1.64.0.59984-libs, containSo=true, soFileCount=18, errorCount=0, lastLoadSuccess=true)])
07-05 21:31:44.961 W/PluginInfo(31913): getJsonFromList<<(list=[PluginInfo(id=pluginplayer, versionName=1.64.0.59984, className=com.qiyi.video.plugin.PluginProvider, path=/data/data/com.hisense.hicloud.edca/files/plugin/2.1.0.59986/pluginplayer/1.64.0.59984/pluginplayer-release-1.64.0.59984.apk, libFolder=/data/data/com.hisense.hicloud.edca/files/plugin/2.1.0.59986/pluginplayer/1.64.0.59984/pluginplayer-release-1.64.0.59984-libs, containSo=true, soFileCount=18, errorCount=0, lastLoadSuccess=true)])
07-05 21:31:44.961 W/PluginInfo(31913): toJson>>() return {"plugin_id":"pluginplayer","plugin_versionname":"1.64.0.59984","plugin_class_name":"com.qiyi.video.plugin.PluginProvider","plugin_path":"\/data\/data\/com.hisense.hicloud.edca\/files\/plugin\/2.1.0.59986\/pluginplayer\/1.64.0.59984\/pluginplayer-release-1.64.0.59984.apk","plugin_lib_folder":"\/data\/data\/com.hisense.hicloud.edca\/files\/plugin\/2.1.0.59986\/pluginplayer\/1.64.0.59984\/pluginplayer-release-1.64.0.59984-libs","contain_so":true,"so_count":18,"load_error_count":0,"load_success":true}
07-05 21:31:44.962 W/PluginInfo(31913): getJsonFromList>>() return [{"plugin_id":"pluginplayer","plugin_versionname":"1.64.0.59984","plugin_class_name":"com.qiyi.video.plugin.PluginProvider","plugin_path":"\/data\/data\/com.hisense.hicloud.edca\/files\/plugin\/2.1.0.59986\/pluginplayer\/1.64.0.59984\/pluginplayer-release-1.64.0.59984.apk","plugin_lib_folder":"\/data\/data\/com.hisense.hicloud.edca\/files\/plugin\/2.1.0.59986\/pluginplayer\/1.64.0.59984\/pluginplayer-release-1.64.0.59984-libs","contain_so":true,"so_count":18,"load_error_count":0,"load_success":true}]
07-05 21:31:44.963 W/StorageStub@193d3924(31913): savePluginInfos>>()
07-05 21:31:44.963 W/StorageManager(31913): savePluginInfo>>()
07-05 21:31:44.963 W/PluginHelper(31913): loadAssetsProvider>>() return com.qiyi.video.plugin.PluginProvider@192d94a7
07-05 21:31:44.963 W/PluginHelper(31913): addProviders<<(provider=com.qiyi.video.plugin.PluginProvider@192d94a7)
07-05 21:31:44.964 W/PluginHelper(31913): addProviders>>()
07-05 21:31:44.964 W/System.err(31913): java.lang.Exception: load local histroy info null
07-05 21:31:44.965 W/PluginHelper(31913): handleMessage<<(msg={ when=-1ms what=1 target=com.qiyi.sdk.plugin.server.core.PluginHelper$TimerHandler })
07-05 21:31:44.965 W/StorageManager(31913): loadLastUpgradeTime<<()
07-05 21:31:44.965 W/StorageStub@193d3924(31913): loadLastUpgradeTime<<()
07-05 21:31:44.965 W/StorageStub@193d3924(31913): loadLastUpgradeTime>>() return 0
07-05 21:31:44.965 W/StorageManager(31913): loadLastUpgradeTime>>()
07-05 21:31:44.966 W/PluginDebugUtils(31913): needDebug<<(key=upgradeIntervalDebug)
07-05 21:31:44.966 W/PluginDebugUtils(31913): needDebug() returns false
07-05 21:31:44.966 W/PluginPropertyConfig(31913): getUpgradeInterval() return 86400000
07-05 21:31:44.966 W/PluginPropertyConfig(31913): autoUpgrade() return true
07-05 21:31:44.966 W/PluginHelper(31913): handleMessage...(realInterval=1499261504965, minInterval=86400000, autoUpgrade=true)
07-05 21:31:44.966 W/PluginHelper(31913): allProvidersCanBeUpgrade<<()
07-05 21:31:44.966 W/PluginHelper(31913): getProvider<<(pluginId=pluginplayer)
07-05 21:31:44.966 W/PluginHelper(31913): getProvider>>() return com.qiyi.video.plugin.PluginProvider@192d94a7
07-05 21:31:44.966 W/PluginHelper(31913): allProvidersCanBeUpgrade...() provider=com.qiyi.video.plugin.PluginProvider@192d94a7, canBeUpgrade=true
07-05 21:31:44.966 W/PluginHelper(31913): allProvidersCanBeUpgrade>>() return true
07-05 21:31:44.966 W/PluginHelper(31913): checkAllUpgrade<<()
07-05 21:31:44.966 W/PluginHelper(31913): getProvidersVersionInfo<<()
07-05 21:31:44.966 W/PluginHelper(31913): getProvider<<(pluginId=pluginplayer)
07-05 21:31:44.966 W/PluginHelper(31913): getProvider>>() return com.qiyi.video.plugin.PluginProvider@192d94a7
07-05 21:31:44.966 D/Version (31913): [TID 31945] getVersionName: 1.64.0.59984
07-05 21:31:44.966 W/PluginHelper(31913): getProvidersVersionInfo>>() return {pluginplayer=1.64.0.59984}
07-05 21:31:44.966 W/UpgradeManager(31913): checkUpgrades<<(requestInfos={pluginplayer=1.64.0.59984})
07-05 21:31:44.967 W/System.err(31913): 	at com.qiyi.sdk.plugin.server.core.PluginHelper.loadLocalProvider(SourceFile:202)
07-05 21:31:44.967 W/System.err(31913): 	at com.qiyi.sdk.plugin.server.core.PluginHelper.loadProvider(SourceFile:151)
07-05 21:31:44.967 W/System.err(31913): 	at com.qiyi.sdk.plugin.server.PluginManager.loadFeature(SourceFile:81)
07-05 21:31:44.968 W/System.err(31913): 	at com.qiyi.sdk.player.a.a(SourceFile:3101)
07-05 21:31:44.968 W/System.err(31913): 	at com.qiyi.sdk.player.a$a.run(SourceFile:132)
07-05 21:31:44.968 W/System.err(31913): 	at android.os.Handler.handleCallback(Handler.java:739)
07-05 21:31:44.968 W/System.err(31913): 	at android.os.Handler.dispatchMessage(Handler.java:95)
07-05 21:31:44.969 W/System.err(31913): 	at android.os.Looper.loop(Looper.java:135)
07-05 21:31:44.969 W/System.err(31913): 	at android.os.HandlerThread.run(HandlerThread.java:61)
07-05 21:31:44.969 W/PluginHelper(31913): loadProvider>>() return Result(code=1, data=com.qiyi.video.plugin.PluginProvider@192d94a7, exception=[LoadProviderException(type=loadLocal, throwable=java.lang.Exception: load local histroy info null)], period=1)
07-05 21:31:44.969 W/AbsPluginProvider(31913): getFeature<<(featureType=2)
07-05 21:31:44.969 I/MiSysSrv( 1214): [37m[INFO] Change to Voltage: 112 mv (0x2D)[m
07-05 21:31:44.970 D/Player/PluginProvider@192d94a7(31913): [TID 31944] getFeatures: mFeatures=[com.qiyi.video.plugin.j@360bf232]
07-05 21:31:44.970 W/AbsPluginProvider(31913): getFeature>>() return com.qiyi.video.plugin.j@360bf232
07-05 21:31:44.970 W/System.err(31913): java.lang.Exception: load local histroy info null
07-05 21:31:44.970 W/System.err(31913): 	at com.qiyi.sdk.plugin.server.core.PluginHelper.loadLocalProvider(SourceFile:202)
07-05 21:31:44.970 W/System.err(31913): 	at com.qiyi.sdk.plugin.server.core.PluginHelper.loadProvider(SourceFile:151)
07-05 21:31:44.970 W/System.err(31913): 	at com.qiyi.sdk.plugin.server.PluginManager.loadFeature(SourceFile:81)
07-05 21:31:44.970 W/System.err(31913): 	at com.qiyi.sdk.player.a.a(SourceFile:3101)
07-05 21:31:44.970 W/System.err(31913): 	at com.qiyi.sdk.player.a$a.run(SourceFile:132)
07-05 21:31:44.970 W/System.err(31913): 	at android.os.Handler.handleCallback(Handler.java:739)
07-05 21:31:44.970 I/System.out(31913): <TVAPI> DEBUG(isUpdateData): isUpdateData=moduleUpdate-true
07-05 21:31:44.970 W/System.err(31913): 	at android.os.Handler.dispatchMessage(Handler.java:95)
07-05 21:31:44.970 W/System.err(31913): 	at android.os.Looper.loop(Looper.java:135)
07-05 21:31:44.971 W/System.err(31913): 	at android.os.HandlerThread.run(HandlerThread.java:61)
07-05 21:31:44.971 W/PluginManager(31913): loadFeature>>() return Result(code=1, data=com.qiyi.video.plugin.j@360bf232, exception=[LoadProviderException(type=loadLocal, throwable=java.lang.Exception: load local histroy info null)], period=1)
07-05 21:31:44.971 D/PlayerSdk/PlayerSdkProject(31913): [TID 31944] initialize(Parameter@1c046c51{mDelayedMilliSec=0, mCustomerAppVersion=3.0.0.9.00, mDeviceId=a8:a6:48:18:fc:a8, mDeviceInfo=vidaa3, mShowAdCountDown=true, mCDNDispathParam=null, mAdsHintNameMap={1001=, 2001=, 3001=}})
07-05 21:31:44.977 I/System.out(31913): <TVAPI> DEBUG(TVApiProperty): read passport-device-id=tv_69b1ef544cadbb86e8f28950ece1c76a_1167652938875
07-05 21:31:44.977 I/System.out(31913): <TVAPI> DEBUG(TVApiProcessor): preprocessor-device-check
07-05 21:31:44.977 I/System.out(31913): <TVAPI> DEBUG(isUpdateData): isUpdateData=devRegister-true
07-05 21:31:44.978 I/System.out(31913): <TVAPI> DEBUG(TVAPI): uuid=20151228165619572MkCHJfWb11209
07-05 21:31:44.978 I/System.out(31913): <TVAPI> DEBUG(TVAPI): version=2.1.0.59986
07-05 21:31:44.978 I/System.out(31913): <TVAPI> DEBUG(TVApiProperty): read passport-device-id=tv_69b1ef544cadbb86e8f28950ece1c76a_1167652938875
07-05 21:31:44.978 I/System.out(31913): <TVAPI> DEBUG(id=4, systemTime): url = http://pdata.video.ptqy.gitv.tv/k
07-05 21:31:44.978 D/PlayerSdk/PlayerSdkProject(31913): [TID 31944] >> finishInitialize
07-05 21:31:44.979 I/System.out(31913): D/(plugin_check_upgrade_thread, CommonApi-systemTime): url=http://pdata.video.ptqy.gitv.tv/k
07-05 21:31:44.989 V/LogRecord/LogManager(31913): isLogRegister = false isMultiProcess = false isSecondProcess = false
07-05 21:31:44.990 V/LogRecord/LogManager(31913): setFeedBackComplete = true
07-05 21:31:44.995 I/System.out(31913): <TVAPI> DEBUG(id=3, devRegister): url = http://data2.itv.ptqy.gitv.tv/itv/devRegister/OGFjZjgxODQ2YThhLzIwMTUxMjI4MTY1NjE5NTcyTWtDSEpmV2IxMTIwOS8yLjEuMC41OTk4Ng/39467112fe7be1432adcf86e152f4899
07-05 21:31:44.995 I/System.out(31913): <TVAPI> DEBUG(id=3, devRegister): header = qyid:tv_69b1ef544cadbb86e8f28950ece1c76a_1167652938875
07-05 21:31:44.995 I/System.out(31913): <TVAPI> DEBUG(id=3, devRegister): header = ov:5.1.1
07-05 21:31:44.995 I/System.out(31913): <TVAPI> DEBUG(id=3, devRegister): header = apkVer:2.1.0.59986
07-05 21:31:45.005 V/LogRecord/LogcatController(31913): logcatQueueType is = CIRCULAR
07-05 21:31:45.008 V/LogRecord/QueueFactory(31913): QueueManage , iqiyilogqueuetype = CIRCULAR
07-05 21:31:45.011 V/LogRecord/LogcatController(31913): LogcatController mQueueExcutor init()
07-05 21:31:45.011 V/LogRecord/CircularQueueExcutor(31913): CircularQueueExcutor init()
07-05 21:31:45.011 V/LogRecord/LogManager(31913): isSecondProcess = false
07-05 21:31:45.017 V/LogRecord/ServiceHelper(31913): LogcatRecordingService is not running 
07-05 21:31:45.017 V/LogRercord/IqiyiLogController(31913): iqiyiQueueType is = CIRCULAR
07-05 21:31:45.017 V/LogRecord/QueueFactory(31913): QueueManage , iqiyilogqueuetype = CIRCULAR
07-05 21:31:45.018 V/LogRercord/IqiyiLogController(31913): IqiyiLogController mQueueExcutor init()
07-05 21:31:45.018 V/LogRecord/CircularQueueExcutor(31913): CircularQueueExcutor init()
07-05 21:31:45.018 V/LogRecord/FileHelper(31913): clearFileDir
07-05 21:31:45.040 V/LogRecord/FileHelper(31913): /data/data/com.hisense.hicloud.edca/cache/qylogrecord
07-05 21:31:45.047 I/System.out(31913): <TVAPI> DEBUG(System Time): 1499261504
07-05 21:31:45.047 I/System.out(31913): <TVAPI> DEBUG(id=4, systemTime, response_time = 68ms): data = {"t":"1499261504","m":"8f91a7bbcd68a969159fa8c8d8c21eabee44c50ce708393e","u":"8f91a7bbcd68a969e59efde32865dde7cd209a1d88b78425","i":"220.181.109.33","k":"8f91a7bbcd68a969ff88d55b8123160b9db42e51cb91c539"}
07-05 21:31:45.063 I/System.out(31913): <TVAPI> DEBUG(id=3, devRegister, response_time = 65ms): data = {"msg":"","code":"N000000","data":{"apiKey":"9e14d341281067d05d771f41454858c0","authId":1210,"flag":"","hide":"qiyicom","ip":"27.223.99.130","ipLoc":"1-48-3-6-6002-0-77","ipZh":"-----None-","kv":[{"hcdn":"hCDN"},{"homepageHot":""},{"homepageNew":""},{"ruleCode":"http://static.ptqy.gitv.tv/js/tv/app/getPlayerConfig.js","playerConfig":""},{"isShowExitAppDialog":"apk"}],"loading":"","loginTunnel":0,"resIds":[{"id":201221412,"seq":1},{"id":201713612,"seq":2},{"id":201757412,"seq":3}],"sysTime":1499259961,"tab":[],"tip":"","upgradeType":-1,"url":"","version":""}}
07-05 21:31:45.064 I/System.out(31913): <TVAPI> DEBUG(TVApiProcessor): replace url is http://data2.itv.ptqy.gitv.tv/itv/moduleUpdate/1210/2.1.0.59986?p=%7B%22chipVer%22%3A%22%22%2C%22ip%22%3A%22%22%2C%22mac%22%3A%22a8%3Aa6%3A48%3A18%3Afc%3Aa8%22%2C%22mem%22%3A%22%22%2C%22osVer%22%3A22%2C%22platModel%22%3A%22VIDAA_TV%22%2C%22pluginplayer%22%3A%221.64.0.59984%22%2C%22prodModel%22%3A%22VIDAA_TV%22%7D
07-05 21:31:45.064 I/System.out(31913): <TVAPI> DEBUG(id=2, moduleUpdate): url = http://data2.itv.ptqy.gitv.tv/itv/moduleUpdate/1210/2.1.0.59986?p=%7B%22chipVer%22%3A%22%22%2C%22ip%22%3A%22%22%2C%22mac%22%3A%22a8%3Aa6%3A48%3A18%3Afc%3Aa8%22%2C%22mem%22%3A%22%22%2C%22osVer%22%3A22%2C%22platModel%22%3A%22VIDAA_TV%22%2C%22pluginplayer%22%3A%221.64.0.59984%22%2C%22prodModel%22%3A%22VIDAA_TV%22%7D
07-05 21:31:45.064 I/System.out(31913): <TVAPI> DEBUG(id=2, moduleUpdate): header = qyid:tv_69b1ef544cadbb86e8f28950ece1c76a_1167652938875
07-05 21:31:45.065 I/System.out(31913): <TVAPI> DEBUG(id=2, moduleUpdate): header = ov:5.1.1
07-05 21:31:45.065 I/System.out(31913): <TVAPI> DEBUG(id=2, moduleUpdate): header = apkVer:2.1.0.59986
07-05 21:31:45.065 I/System.out(31913): <TVAPI> DEBUG(id=2, moduleUpdate): header = apiKey:9e14d341281067d05d771f41454858c0
07-05 21:31:45.069 I/MiSysSrv( 1214): [37m[INFO] Change to Voltage: 112 mv (0x2D)[m
07-05 21:31:45.079 D/NetworkManager(31913): [TID 31913] onReceive: intent=Intent { act=android.net.conn.CONNECTIVITY_CHANGE flg=0x10 (has extras) }, extra=Bundle[mParcelledData.dataSize=380]
07-05 21:31:45.079 D/NetworkManager(31913): [TID 31913] action=android.net.conn.CONNECTIVITY_CHANGE
07-05 21:31:45.083 D/NetworkManager(31913): [TID 32051] >> getRequestTask(http://www.baidu.com)
07-05 21:31:45.084 D/NetworkManager(31913): [TID 31913] getRealState: activeNetInfo={[type: Ethernet[], state: CONNECTED/CONNECTED, reason: (unspecified), extra: a8:a6:48:18:fc:a8, roaming: false, failover: false, isAvailable: true, isConnectedToProvisioningNetwork: false]}, isConnected=true
07-05 21:31:45.084 D/NetworkManager(31913): [TID 31913] onNetStateChanged(2)
07-05 21:31:45.085 D/NetworkManager(31913): [TID 32051] getRequestTask(http://www.baidu.com): current pool size=2, queue=[]
07-05 21:31:45.085 D/NetworkManager(31913): [TID 32051] getRequestTask(http://www.baidu.com): submitted task={java.util.concurrent.FutureTask@32b50cad, 10346655}
07-05 21:31:45.085 D/NetworkManager(31913): [TID 32051] << getRequestTask(http://www.baidu.com): returned task=java.util.concurrent.FutureTask@32b50cad
07-05 21:31:45.088 I/MyFragmentStateAdapter(31913): getCount
07-05 21:31:45.101 D/NetworkManager(31913): [TID 32052] >> request(http://www.baidu.com, 10346655)
07-05 21:31:45.106 D/Player/Lib/Utils/PlayerDebugUtils(31913): [TID 31944] initialize, allowDebug: false
07-05 21:31:45.109 D/NetworkManager(31913): [TID 32052] request(http://www.baidu.com, 10346655): openConnection
07-05 21:31:45.119 W/System.err(31913): com.qiyi.video.api.ApiException
07-05 21:31:45.121 W/System.err(31913): 	at com.qiyi.tvapi.tv2.a$3.onSuccess(SourceFile:204)
07-05 21:31:45.121 W/System.err(31913): 	at com.qiyi.video.api.a.d.b(SourceFile:105)
07-05 21:31:45.121 W/System.err(31913): 	at com.qiyi.video.api.a.d.a(SourceFile:129)
07-05 21:31:45.121 W/System.err(31913): 	at com.qiyi.tvapi.tv2.a$1.a(SourceFile:102)
07-05 21:31:45.121 W/System.err(31913): 	at com.qiyi.tvapi.tv2.b.c.a(SourceFile:155)
07-05 21:31:45.121 W/System.err(31913): 	at com.qiyi.tvapi.tv2.a.a(SourceFile:95)
07-05 21:31:45.121 W/System.err(31913): 	at com.qiyi.tvapi.tv2.a.callSync(SourceFile:54)
07-05 21:31:45.121 W/System.err(31913): 	at com.qiyi.sdk.plugin.server.upgrade.UpgradeManager.checkUpgrades(SourceFile:60)
07-05 21:31:45.121 W/System.err(31913): 	at com.qiyi.sdk.plugin.server.core.PluginHelper$TimerHandler.checkAllUpgrade(SourceFile:362)
07-05 21:31:45.121 W/System.err(31913): 	at com.qiyi.sdk.plugin.server.core.PluginHelper$TimerHandler.handleMessage(SourceFile:339)
07-05 21:31:45.121 W/System.err(31913): 	at android.os.Handler.dispatchMessage(Handler.java:102)
07-05 21:31:45.121 W/System.err(31913): 	at android.os.Looper.loop(Looper.java:135)
07-05 21:31:45.121 W/System.err(31913): 	at android.os.HandlerThread.run(HandlerThread.java:61)
07-05 21:31:45.122 W/UpgradeManager(31913): moduleUpdate() onException!! exception=com.qiyi.video.api.ApiException
07-05 21:31:45.122 I/System.out(31913): <TVAPI> ERROR(id=2, moduleUpdate, response_time = 142ms): call error. data = {"msg":"\nE000012","code":"E000012","data":[]}
07-05 21:31:45.122 W/System.err(31913): com.qiyi.video.api.ApiException
07-05 21:31:45.122 W/System.err(31913): 	at com.qiyi.tvapi.tv2.a$3.onSuccess(SourceFile:204)
07-05 21:31:45.122 W/System.err(31913): 	at com.qiyi.video.api.a.d.b(SourceFile:105)
07-05 21:31:45.122 W/System.err(31913): 	at com.qiyi.video.api.a.d.a(SourceFile:129)
07-05 21:31:45.122 W/System.err(31913): 	at com.qiyi.tvapi.tv2.a$1.a(SourceFile:102)
07-05 21:31:45.122 W/System.err(31913): 	at com.qiyi.tvapi.tv2.b.c.a(SourceFile:155)
07-05 21:31:45.122 W/System.err(31913): 	at com.qiyi.tvapi.tv2.a.a(SourceFile:95)
07-05 21:31:45.122 W/System.err(31913): 	at com.qiyi.tvapi.tv2.a.callSync(SourceFile:54)
07-05 21:31:45.122 W/System.err(31913): 	at com.qiyi.sdk.plugin.server.upgrade.UpgradeManager.checkUpgrades(SourceFile:60)
07-05 21:31:45.122 W/System.err(31913): 	at com.qiyi.sdk.plugin.server.core.PluginHelper$TimerHandler.checkAllUpgrade(SourceFile:362)
07-05 21:31:45.122 W/System.err(31913): 	at com.qiyi.sdk.plugin.server.core.PluginHelper$TimerHandler.handleMessage(SourceFile:339)
07-05 21:31:45.122 W/System.err(31913): 	at android.os.Handler.dispatchMessage(Handler.java:102)
07-05 21:31:45.122 W/System.err(31913): 	at android.os.Looper.loop(Looper.java:135)
07-05 21:31:45.122 W/System.err(31913): 	at android.os.HandlerThread.run(HandlerThread.java:61)
07-05 21:31:45.122 W/PluginHelper(31913): checkAllUpgrade>>() return true
07-05 21:31:45.122 W/StorageManager(31913): loadLastUpgradeTime<<(upgradeTime=1499261504965)
07-05 21:31:45.122 W/StorageStub@193d3924(31913): saveLastUpgradeTime<<(upgradeTime=1499261504965)
07-05 21:31:45.123 W/StorageStub@193d3924(31913): saveLastUpgradeTime>>()
07-05 21:31:45.123 W/StorageManager(31913): loadLastUpgradeTime>>()
07-05 21:31:45.123 W/PluginHelper(31913): handleMessage>>()
07-05 21:31:45.124 D/Player/Player/NativePlayerUtils(31913): [TID 31944] >>checkNativePath
07-05 21:31:45.125 D/Player/Player/NativePlayerUtils(31913): [TID 31944] <<checkNativePath ret=/mnt/sdcard/qcache
07-05 21:31:45.125 D/Player/Player/NativePlayerUtils(31913): [TID 31944] >> loadWhiteListSync()
07-05 21:31:45.131 D/Player/Player/NativePlayerUtils(31913): [TID 31944] isWhiteListLoaded() return false
07-05 21:31:45.132 D/Player/Player/NativePlayerUtils(31913): [TID 31944] loadWhiteListSync(), so Path is /data/data/com.hisense.hicloud.edca/files/plugin/2.1.0.59986/pluginplayer/1.64.0.59984/pluginplayer-release-1.64.0.59984-libs/libiqiyi_media_player_whitelist.so,domian is ptqy.gitv.tv, current tried times is 0
07-05 21:31:45.134 I/CLog    (31913): JNI_OnLoad->(cpuinfos) success!!
07-05 21:31:45.136 D/Player/Player/NativePlayerUtils(31913): [TID 31944] loadWhiteListSync(), wait load finished
07-05 21:31:45.140 D/CLog    (31913): cpuinfo_len is (370):
07-05 21:31:45.140 D/CLog    (31913): Processor	: AArch64 Processor rev 3 (aarch64)
07-05 21:31:45.140 D/CLog    (31913): processor	: 0
07-05 21:31:45.140 D/CLog    (31913): processor	: 1
07-05 21:31:45.140 D/CLog    (31913): processor	: 2
07-05 21:31:45.140 D/CLog    (31913): processor	: 3
07-05 21:31:45.140 D/CLog    (31913): Features	: fp asimd aes pmull sha1 sha2 crc32 wp half thumb fastmult vfp edsp neon vfpv3 tlsi vfpv4 idiva idivt 
07-05 21:31:45.140 D/CLog    (31913): CPU implementer	: 0x41
07-05 21:31:45.140 D/CLog    (31913): CPU architecture: 8
07-05 21:31:45.140 D/CLog    (31913): CPU variant	: 0x0
07-05 21:31:45.140 D/CLog    (31913): CPU part	: 0xd03
07-05 21:31:45.140 D/CLog    (31913): CPU revision	: 3
07-05 21:31:45.140 D/CLog    (31913): 
07-05 21:31:45.140 D/CLog    (31913): Hardware	: Muji
07-05 21:31:45.140 D/CLog    (31913): Revision	: 0000
07-05 21:31:45.140 D/CLog    (31913): Serial		: 0000000000000000
07-05 21:31:45.140 D/CLog    (31913): 
07-05 21:31:45.140 D/CLog    (31913): cpuinfo hardware is Muji
07-05 21:31:45.141 D/TVWhiteList(31913): requested URL key = tv-{model-[VIDAA_TV]|cpuinfo-[Muji]}, default = tv-{cpuinfo-[Muji]}, productname-[VIDAA_TV]
07-05 21:31:45.141 D/TVWhiteList(31913): requested URL = http://puma.api.ptqy.gitv.tv/kestrel/fetch?key=tv-%7Bmodel-%5BVIDAA_TV%5D%7Ccpuinfo-%5BMuji%5D%7D&default_key=tv-%7Bcpuinfo-%5BMuji%5D%7D
07-05 21:31:45.150 I/MyFragmentStateAdapter(31913): getCount
07-05 21:31:45.154 D/TVWhiteList(31913): WhiteList server IP: 101.227.32.28
07-05 21:31:45.169 I/MiSysSrv( 1214): [37m[INFO] Change to Voltage: 117 mv (0x32)[m
07-05 21:31:45.210 I/MyFragmentStateAdapter(31913): getCount
07-05 21:31:45.231 I/TVWhiteList(31913): strRes = {"code":"A00000","default_key":"tv-{cpuinfo-[Muji]}","default_value":"","key":"tv-{model-[VIDAA_TV]|cpuinfo-[Muji]}","value":"[{\"result\": {\"vod_dolby\": -1,\"vod_h265\": -1,\"vod_h264_4k_plus\": -1,\"vod_h264_jisu_2k\": 1,\"livenet_H264_4k_plus\": -1,\"livenet_H264_jisu_2k\": 1,\"livenet_h265\": -1,\"qixiu\": 0,\"highest_bs\": 19,\"lowest_bs\": 1,\"local_server_config\": \"\", \"other\": \"\"}},{\"version\":3005,\"result\": {\"vod_dolby\": -1,\"vod_h265\": -1,\"vod_h264_4k_plus\": -1,\"vod_h264_jisu_2k\": -1,\"livenet_H264_4k_plus\": -1,\"livenet_H264_jisu_2k\": -1,\"livenet_h265\": -1,\"qixiu\": 0,\"highest_bs\": 19,\"lowest_bs\": 1,\"local_server_config\": \"\", \"other\": \"\"}},{\"version\":3008,\"result\": {\"vod_dolby\": -1,\"vod_h265\": -1,\"vod_h264_4k_plus\": -1,\"vod_h264_jisu_2k\": 1,\"livenet_H264_jisu_2k\": 1,\"qixiu\": 0,\"highest_bs\": 19,\"lowest_bs\": 1,\"local_server_config\": \"{\\\"start_mode\\\": 1}\", \"other\": \"\"}}]"}
07-05 21:31:45.232 I/TVWhiteList(31913): use white list version whitev 3000
07-05 21:31:45.232 I/TVWhiteList(31913): use white list version whitev 3005
07-05 21:31:45.232 I/TVWhiteList(31913): use white list version whitev 3008
07-05 21:31:45.233 D/Player/Player/NativePlayerUtils(31913): [TID 32054] loadWhiteListSync(), white list fetched: {"SupportDolby":false,"SupportH265":false,"Support4K":false,"SupportLive":true}
07-05 21:31:45.234 D/Player/Player/NativePlayerUtils(31913): [TID 32054] parseWhiteListJson(jsonString:{"SupportDolby":false,"SupportH265":false,"Support4K":false,"SupportLive":true})
07-05 21:31:45.234 D/Player/Player/NativePlayerUtils(31913): [TID 32054] parseWhiteListJson, normal:true,h265:false,dolby:false,bs4K:false
07-05 21:31:45.234 D/Player/Player/NativePlayerUtils(31913): [TID 31944] << loadWhiteListSync()
07-05 21:31:45.234 D/Player/Lib/Utils/PlayerDebugUtils(31913): [TID 31944] initialize, allowDebug: false
07-05 21:31:45.234 D/CLog    (31913): cpuinfo_len is (370):
07-05 21:31:45.234 D/CLog    (31913): Processor	: AArch64 Processor rev 3 (aarch64)
07-05 21:31:45.234 D/CLog    (31913): processor	: 0
07-05 21:31:45.234 D/CLog    (31913): processor	: 1
07-05 21:31:45.234 D/CLog    (31913): processor	: 2
07-05 21:31:45.234 D/CLog    (31913): processor	: 3
07-05 21:31:45.234 D/CLog    (31913): Features	: fp asimd aes pmull sha1 sha2 crc32 wp half thumb fastmult vfp edsp neon vfpv3 tlsi vfpv4 idiva idivt 
07-05 21:31:45.234 D/CLog    (31913): CPU implementer	: 0x41
07-05 21:31:45.234 D/CLog    (31913): CPU architecture: 8
07-05 21:31:45.234 D/CLog    (31913): CPU variant	: 0x0
07-05 21:31:45.234 D/CLog    (31913): CPU part	: 0xd03
07-05 21:31:45.234 D/CLog    (31913): CPU revision	: 3
07-05 21:31:45.234 D/CLog    (31913): 
07-05 21:31:45.234 D/CLog    (31913): Hardware	: Muji
07-05 21:31:45.234 D/CLog    (31913): Revision	: 0000
07-05 21:31:45.234 D/CLog    (31913): Serial		: 0000000000000000
07-05 21:31:45.234 D/CLog    (31913): 
07-05 21:31:45.234 D/CLog    (31913): cpuinfo hardware is Muji
07-05 21:31:45.236 E/NetworkManager(31913): [TID 32052] << request(http://www.baidu.com, 10346655): connect internet failed, url=http://www.baidu.com
07-05 21:31:45.237 I/TVWhiteList(31913): longyUrl = http://msg.71.am/v5/core/bmd?t=pfmc&success=1&tm1=77&bgv=3.0&tv_device=VIDAA_TV-4-Muji-22-Hisense&isadapted=1&krv=3.8.3
07-05 21:31:45.237 D/NetworkManager(31913): [TID 32051] tryConnectFirst: result=false, time consumed=154ms
07-05 21:31:45.238 D/NetworkManager(31913): [TID 32051] >> getRequestTask(http://www.qq.com)
07-05 21:31:45.238 D/NetworkManager(31913): [TID 32052] >> request(http://www.qq.com, 10346809)
07-05 21:31:45.239 D/NetworkManager(31913): [TID 32052] request(http://www.qq.com, 10346809): openConnection
07-05 21:31:45.239 D/PlayerSdk/PlayerSdkProject(31913): [TID 31944] initPingback
07-05 21:31:45.240 D/NetworkManager(31913): [TID 32051] getRequestTask(http://www.qq.com): current pool size=2, queue=[]
07-05 21:31:45.240 D/NetworkManager(31913): [TID 32051] getRequestTask(http://www.qq.com): submitted task={java.util.concurrent.FutureTask@27c2c6a9, 10346809}
07-05 21:31:45.240 D/NetworkManager(31913): [TID 32051] << getRequestTask(http://www.qq.com): returned task=java.util.concurrent.FutureTask@27c2c6a9
07-05 21:31:45.240 D/NetworkManager(31913): [TID 32051] >> getRequestTask(http://www.iqiyi.com)
07-05 21:31:45.254 D/NetworkManager(31913): [TID 32051] getRequestTask(http://www.iqiyi.com): current pool size=3, queue=[]
07-05 21:31:45.254 D/NetworkManager(31913): [TID 32051] getRequestTask(http://www.iqiyi.com): submitted task={java.util.concurrent.FutureTask@17333bcf, 10346812}
07-05 21:31:45.254 D/NetworkManager(31913): [TID 32051] << getRequestTask(http://www.iqiyi.com): returned task=java.util.concurrent.FutureTask@17333bcf
07-05 21:31:45.254 D/NetworkManager(31913): [TID 32051] >> getRequestTask(http://www.163.com)
07-05 21:31:45.255 D/NetworkManager(31913): [TID 32051] getRequestTask(http://www.163.com): current pool size=4, queue=[]
07-05 21:31:45.255 D/NetworkManager(31913): [TID 32051] getRequestTask(http://www.163.com): submitted task={java.util.concurrent.FutureTask@20d82465, 10346826}
07-05 21:31:45.255 D/NetworkManager(31913): [TID 32051] << getRequestTask(http://www.163.com): returned task=java.util.concurrent.FutureTask@20d82465
07-05 21:31:45.255 D/NetworkManager(31913): [TID 32051] >> getRequestTask(http://www.taobao.com)
07-05 21:31:45.256 D/NetworkManager(31913): [TID 32051] getRequestTask(http://www.taobao.com): current pool size=5, queue=[]
07-05 21:31:45.256 D/NetworkManager(31913): [TID 32051] getRequestTask(http://www.taobao.com): submitted task={java.util.concurrent.FutureTask@2451c5eb, 10346827}
07-05 21:31:45.256 D/NetworkManager(31913): [TID 32051] << getRequestTask(http://www.taobao.com): returned task=java.util.concurrent.FutureTask@2451c5eb
07-05 21:31:45.256 D/NetworkManager(31913): [TID 32051] >> getRequestTask(http://www.sina.com.cn)
07-05 21:31:45.261 D/NetworkManager(31913): [TID 32051] getRequestTask(http://www.sina.com.cn): current pool size=6, queue=[]
07-05 21:31:45.261 D/NetworkManager(31913): [TID 32051] getRequestTask(http://www.sina.com.cn): submitted task={java.util.concurrent.FutureTask@3f2ba1e1, 10346827}
07-05 21:31:45.261 D/NetworkManager(31913): [TID 32051] << getRequestTask(http://www.sina.com.cn): returned task=java.util.concurrent.FutureTask@3f2ba1e1
07-05 21:31:45.262 D/NetworkManager(31913): [TID 32062] >> request(http://www.163.com, 10346826)
07-05 21:31:45.263 D/NetworkManager(31913): [TID 32062] request(http://www.163.com, 10346826): openConnection
07-05 21:31:45.265 I/MyFragmentStateAdapter(31913): getCount
07-05 21:31:45.276 D/NetworkManager(31913): [TID 32063] >> request(http://www.taobao.com, 10346827)
07-05 21:31:45.277 I/MiSysSrv( 1214): [37m[INFO] Change to Voltage: 112 mv (0x2D)[m
07-05 21:31:45.279 D/NetworkManager(31913): [TID 32063] request(http://www.taobao.com, 10346827): openConnection
07-05 21:31:45.285 I/System.out(31913): <TVAPI> DEBUG(TVApiProperty): read passport-device-id=tv_69b1ef544cadbb86e8f28950ece1c76a_1167652938875
07-05 21:31:45.289 I/TVMW@devctrl( 1234): wdt
07-05 21:31:45.292 D/NetworkManager(31913): [TID 32061] >> request(http://www.iqiyi.com, 10346812)
07-05 21:31:45.293 D/NetworkManager(31913): [TID 32061] request(http://www.iqiyi.com, 10346812): openConnection
07-05 21:31:45.296 D/NetworkManager(31913): [TID 32052] << request(http://www.qq.com, 10346809): connect internet success, url=http://www.qq.com
07-05 21:31:45.298 I/NetflixMonitorService( 1733): current fgapk : com.hisense.hicloud.edca
07-05 21:31:45.298 I/NetflixMonitorService( 1733): Netflix status unchanged
07-05 21:31:45.301 D/pingbacklog/getHardwareInfo(31913): getHardwareInfo: info=muji
07-05 21:31:45.303 D/NetworkManager(31913): [TID 32051] retryConnectOthers: result=true, time consumed=65ms
07-05 21:31:45.304 D/NetworkManager(31913): [TID 32064] >> request(http://www.sina.com.cn, 10346827)
07-05 21:31:45.306 D/pingbacklog-set(31913): QiyiPingBack2.setAnonymityId is be used, mAnonymityId = tv_69b1ef544cadbb86e8f28950ece1c76a
07-05 21:31:45.306 D/pingbacklog-set(31913): QiyiPingBack2.setPassportId is be used, UserId = null
07-05 21:31:45.311 I/MemTotal:        1958344 kB(31913): MemTotal:	
07-05 21:31:45.311 I/MemTotal:        1958344 kB(31913): 1958344	
07-05 21:31:45.311 I/MemTotal:        1958344 kB(31913): kB	
07-05 21:31:45.312 D/PlayerSdk/PlayerSdkProject(31913): [TID 31944] initPingback: domainName=ptqy.gitv.tv, ver=2.1.0.59986, uuid=20151228165619572MkCHJfWb11209, userId=null, isNewUser=true, deviceid=tv_69b1ef544cadbb86e8f28950ece1c76a_1167652938875, setAnonymityId=tv_69b1ef544cadbb86e8f28950ece1c76a
07-05 21:31:45.313 D/NetworkManager(31913): [TID 32064] request(http://www.sina.com.cn, 10346827): openConnection
07-05 21:31:45.318 D/PlayerSdk/CheckPackageNameJob(31913): [TID 31944] SdkConfigManager.instance().getConfig() = SdkConfig@39c0b29{mCustomerCode=60, mPlayerConfigType=4, mPlatformType=HAIXIN, mLoginType=SUB_ACCOUNT, mIsEnableDolby=false, mIsEnableH265=false, mIsEnable4K=true, mIsSupportYinhePingback=false, mShouldDoPlayCheck=true, mshouldGetUuidFromServer=true, mPingbackS1=2, mPingbackS2=simple_sdk, mPingbackP2=3128, mDomainName=ptqy.gitv.tv, mIsDebugVersion=false, mIsDebugVersion=false, mCustomerPackageNames=[com.hisense.hicloud.edca], mEnableSetBitstream=true}
07-05 21:31:45.325 D/NetworkManager(31913): [TID 32051] getRealState: activeNetInfo={[type: Ethernet[], state: CONNECTED/CONNECTED, reason: (unspecified), extra: a8:a6:48:18:fc:a8, roaming: false, failover: false, isAvailable: true, isConnectedToProvisioningNetwork: false]}, isConnected=true
07-05 21:31:45.325 D/PlayerSdk/CheckPackageNameJob@2e84d5c7(31913): [TID 31944] isCancelled() Job[PlayerSdk/CheckPackageNameJob@2e84d5c7](mState=0, mData=Object652180253, mError=null) return false
07-05 21:31:45.325 D/PlayerSdk/CheckPackageNameJob(31913): [TID 31944] onRun(), mCurrentPackageName=com.hisense.hicloud.edca, mCustomerPackageNames=511068292:[com.hisense.hicloud.edca]
07-05 21:31:45.325 D/PlayerSdk/CheckPackageNameJob@2e84d5c7(31913): [TID 31944] notifyJobSuccess() Job[PlayerSdk/CheckPackageNameJob@2e84d5c7](mState=1, mData=Object652180253, mError=null)
07-05 21:31:45.325 D/PlayerSdk/DeviceCheckTask@269bd7f4(31913): [TID 31944] isCancelled() Job[PlayerSdk/DeviceCheckTask@269bd7f4](mState=0, mData=Object974680466, mError=null) return false
07-05 21:31:45.325 D/PlayerSdk/DeviceCheckTask(31913): [TID 31944] execte.onRun: isDevChecked=false, isDeviceCheckPass=false
07-05 21:31:45.325 D/AccessToken(31913): [TID 31944] isAllowedAccess() count=0, now=1499261505325, time=1499261505325, mMaxCount = 5, duration = 600000, mAccessTime = 0, return true
07-05 21:31:45.325 D/AccessToken(31913): [TID 31944] isAllowedAccess() count=0, now=1499261505325, time=1499261505325, mMaxCount = 5, duration = 600000, mAccessTime = 0, return true
07-05 21:31:45.325 D/PlayerSdk/DeviceCheckTask(31913): [TID 31944] deviceCheck
07-05 21:31:45.325 D/PlayerSdk/DeviceCheckTask(31913): [TID 31944] deviceCheck: devCheckTest=-1
07-05 21:31:45.335 I/System.out(31913): <TVAPI> DEBUG(isUpdateData): isUpdateData=devRegister-true
07-05 21:31:45.335 I/System.out(31913): <TVAPI> DEBUG(TVAPI): uuid=20151228165619572MkCHJfWb11209
07-05 21:31:45.335 I/System.out(31913): <TVAPI> DEBUG(TVAPI): version=2.1.0.59986
07-05 21:31:45.336 I/System.out(31913): <TVAPI> DEBUG(TVApiProperty): read passport-device-id=tv_69b1ef544cadbb86e8f28950ece1c76a_1167652938875
07-05 21:31:45.336 I/System.out(31913): <TVAPI> DEBUG(id=6, systemTime): url = http://pdata.video.ptqy.gitv.tv/k
07-05 21:31:45.336 I/System.out(31913): D/(load-playerplugin, CommonApi-systemTime): url=http://pdata.video.ptqy.gitv.tv/k
07-05 21:31:45.336 I/System.out(31913): <TVAPI> DEBUG(id=5, devRegister): url = http://data2.itv.ptqy.gitv.tv/itv/devRegister/OGFjZjgxODQ2YThhLzIwMTUxMjI4MTY1NjE5NTcyTWtDSEpmV2IxMTIwOS8yLjEuMC41OTk4Ng/39467112fe7be1432adcf86e152f4899
07-05 21:31:45.336 I/System.out(31913): <TVAPI> DEBUG(id=5, devRegister): header = qyid:tv_69b1ef544cadbb86e8f28950ece1c76a_1167652938875
07-05 21:31:45.336 I/System.out(31913): <TVAPI> DEBUG(id=5, devRegister): header = ov:5.1.1
07-05 21:31:45.336 I/System.out(31913): <TVAPI> DEBUG(id=5, devRegister): header = apkVer:2.1.0.59986
07-05 21:31:45.337 I/MyFragmentStateAdapter(31913): getCount
07-05 21:31:45.356 D/NetworkManager(31913): [TID 31913] onNetStateChanged(2)
07-05 21:31:45.365 I/System.out(31913): <TVAPI> DEBUG(System Time): 1499261505
07-05 21:31:45.365 I/System.out(31913): <TVAPI> DEBUG(id=6, systemTime, response_time = 30ms): data = {"t":"1499261505","m":"8f91a7bbcd68a9699bb6e1cf17e586d1ee44c50ce708393e","u":"8f91a7bbcd68a96943fb25bb98e13205cd209a1d88b78425","i":"220.181.109.33","k":"8f91a7bbcd68a969bd5b605e49c5d31e9db42e51cb91c539"}
07-05 21:31:45.368 I/TVWhiteList(31913): strRes = 
07-05 21:31:45.370 I/MiSysSrv( 1214): [37m[INFO] Change to Voltage: 112 mv (0x2D)[m
07-05 21:31:45.383 I/MyFragmentStateAdapter(31913): getCount
07-05 21:31:45.388 E/NetworkManager(31913): [TID 32064] << request(http://www.sina.com.cn, 10346827): connect internet failed, url=http://www.sina.com.cn
07-05 21:31:45.391 I/System.out(31913): <TVAPI> DEBUG(id=5, devRegister, response_time = 52ms): data = {"msg":"","code":"N000000","data":{"apiKey":"9e14d341281067d05d771f41454858c0","authId":1210,"flag":"","hide":"qiyicom","ip":"27.223.99.130","ipLoc":"1-48-3-6-6002-0-77","ipZh":"-----None-","kv":[{"hcdn":"hCDN"},{"homepageHot":""},{"homepageNew":""},{"ruleCode":"http://static.ptqy.gitv.tv/js/tv/app/getPlayerConfig.js","playerConfig":""},{"isShowExitAppDialog":"apk"}],"loading":"","loginTunnel":0,"resIds":[{"id":201221412,"seq":1},{"id":201713612,"seq":2},{"id":201757412,"seq":3}],"sysTime":1499259961,"tab":[],"tip":"","upgradeType":-1,"url":"","version":""}}
07-05 21:31:45.391 D/AccessToken(31913): [TID 31944] increaseAccessCount() count=1
07-05 21:31:45.391 D/AccessToken(31913): [TID 31944] increaseAccessCount() count=1
07-05 21:31:45.391 D/PlayerSdk/DeviceCheckTask(31913): [TID 31944] deviceCheck.onSuccess: deviceIp: 27.223.99.130
07-05 21:31:45.391 D/PlayerSdk/DeviceCheckTask@269bd7f4(31913): [TID 31944] notifyJobSuccess() Job[PlayerSdk/DeviceCheckTask@269bd7f4](mState=1, mData=Object974680466, mError=null)
07-05 21:31:45.396 D/PlayerSdk/GrayScaleSwitcherProvider(31913): [TID 31944] execute: handler has no messages, send it.
07-05 21:31:45.396 D/PlayerSdk/GrayScaleSwitcherProvider(31913): [TID 31944] fetchSwitchData
07-05 21:31:45.397 I/System.out(31913): <TVAPI> DEBUG(isUpdateData): isUpdateData=dynamicQ-true
07-05 21:31:45.397 I/System.out(31913): <TVAPI> DEBUG(TVApiProperty): read passport-device-id=tv_69b1ef544cadbb86e8f28950ece1c76a_1167652938875
07-05 21:31:45.398 I/System.out(31913): <TVAPI> DEBUG(id=7, dynamicQ): url = http://data2.itv.ptqy.gitv.tv/itv/dynamicQ/1210/2.1.0.59986/VIDAA_TV/0/0/1/0/0/0/0
07-05 21:31:45.398 I/System.out(31913): <TVAPI> DEBUG(id=7, dynamicQ): header = qyid:tv_69b1ef544cadbb86e8f28950ece1c76a_1167652938875
07-05 21:31:45.398 I/System.out(31913): <TVAPI> DEBUG(id=7, dynamicQ): header = ov:5.1.1
07-05 21:31:45.398 I/System.out(31913): <TVAPI> DEBUG(id=7, dynamicQ): header = apkVer:2.1.0.59986
07-05 21:31:45.398 I/System.out(31913): <TVAPI> DEBUG(id=7, dynamicQ): header = apiKey:9e14d341281067d05d771f41454858c0
07-05 21:31:45.406 I/TVMW@HsTvSetting( 1234): Trace cmd, data = 0x1058
07-05 21:31:45.407 D/til@system( 2026): til_get_system_param option:100002F int:0, bool:0, ret:0
07-05 21:31:45.407 I/TVMW@HsTvSetting( 1234): Trace cmd, data = 0x101f
07-05 21:31:45.407 D/til@system( 2026): til_get_system_param option:100001D int:3, bool:3, ret:0
07-05 21:31:45.407 E/til     ( 2026): [til_get_current_input_source, 101] 
07-05 21:31:45.408 I/TVMW@HsTvSetting( 1234): Trace cmd, data = 0x7007
07-05 21:31:45.408 I/tilwrapper@sm( 2026): HS2TIL_SourceType *hs=0xd, *til=0x900
07-05 21:31:45.408 D/til     ( 2026): get current source 2304
07-05 21:31:45.408 D/SourceRemoteServiceHandler( 2026): getCurrentInputSource.from.til.result is 0, value is 2304
07-05 21:31:45.408 D/SourceRemoteServiceHandler( 2026): getInputSourceType source: 0x900, type=2304
07-05 21:31:45.408 D/til     ( 2026): ###### func:til_get_picture_param option:0x3000006 ######  
07-05 21:31:45.408 I/TVMW@HsTvSetting( 1234): Trace cmd, data = 0x1003
07-05 21:31:45.408 I/TVMW@HsTvSetting( 1234): Trace cmd, data = 0x8032
07-05 21:31:45.409 I/hstvos  ( 1216): [0m[1;33m[HSHAL][HS_VIDEO][HS_HAL_Video_SetOsdDetect_v2][2389]u16Threshold = 20
07-05 21:31:45.409 I/MiSysSrv( 1214): Not support now! 42, change to mm_video!!!
07-05 21:31:45.409 E/TVMW@videoctrl( 1234):  getOsd is 1
07-05 21:31:45.409 D/til@system( 2026): til_get_system_param option:1000027 int:1, bool:1, ret:0
07-05 21:31:45.409 D/til     ( 2026): ###### func:til_get_picture_param option:0x3000045 ######  
07-05 21:31:45.409 I/TVMW@HsTvSetting( 1234): Trace cmd, data = 0x300c
07-05 21:31:45.409 I/TVMW@HsTvSetting( 1234): Trace 3d, data = 0x300c
07-05 21:31:45.410 I/TVMW@3d ( 1234): Hs_debug3d_trace: func:get3dStatus, line:109
07-05 21:31:45.412 I/MyFragmentStateAdapter(31913): getCount
07-05 21:31:45.438 E/NetworkManager(31913): [TID 32063] << request(http://www.taobao.com, 10346827): connect internet failed, url=http://www.taobao.com
07-05 21:31:45.445 I/MyFragmentStateAdapter(31913): getCount
07-05 21:31:45.461 I/System.out(31913): <TVAPI> DEBUG(id=7, dynamicQ, response_time = 53ms): data = {"msg":"","code":"N000000","data":{"apiKey":"","authId":-1,"cnf":{},"flag":"","function":[{"playerConfig":"http://static.ptqy.gitv.tv/js/tv/app/getPlayerConfig.js"},{"appCard":"1"},{"msg_dialog_pos":"4"},{"disableHCDNPreDeploy":"false"},{"dailyInforCornerMark":"http://pic0.ptqy.gitv.tv/common/20170113/4ab9430bee234e2b8c8ae4583669b394.png,http://pic6.ptqy.gitv.tv/common/20170113/d45b2b6ae97a4847a73a245d63f5fe87.png"},{"isDisableAdCache":"0"},{"card_sort":"0"},{"alltag_position":"0"},{"enablePlayerLocalServer":"false"},{"ad_skip_frequency":"-1"},{"enablePlayerLocalServerF4v2Hls":"false"},{"enablePlayerLocalServerStream":"false"},{"disableHcdnDaemon":"false"},{"subChannelPlayerConfig":"http://static.ptqy.gitv.tv/js/tv/app/getSubChannelPlayerConfig.js"},{"childapp":"http://cdn.data.video.ptqy.gitv.tv/cdn/tv/20170630/apk/1_1259_4994_1498801304813.json"},{"chinapokerapp":"http://chessgame.ptqy.gitv.tv/game/info/apis/get_game_info.action?id=212202420"}],"hide":"","ichn":[],"ip":"","ipLoc":"","ipZh":"","is3D":1,"kv":[{"hcdn":"hCDN"},{"homepageHot":""},{"homepageNew":""},{"ruleCode":"http://static.ptqy.gitv.tv/js/tv/app/getPlayerConfig.js","playerConfig":""},{"isShowExitAppDialog":"apk"}],"loading":"","loginTunnel":0,"resIds":[],"support4k":1,"supporth265":1,"sysTime":1499259903,"tab":[],"tip":"","upgradeType":-1,"url":"","verCoupon":"","verMon":"0","verPkg":"","verTvod":"0","version":"","vip":1,"vipCoupon":0,"vipMon":1,"vipPkg":0,"vipTvod":1}}
07-05 21:31:45.461 D/PlayerSdk/GrayScaleSwitcherProvider(31913): [TID 31944] TVApi.dynamicQ: onSuccess
07-05 21:31:45.462 D/PlayerSdk/GrayScaleSwitcherProvider(31913): [TID 31944] TVApi.dynamicQ: data=com.qiyi.tvapi.tv2.model.DeviceCheck@2c90c3a7, isOpenHcdn=true, sRetryTimesBeforeStarted=3, sRetryTimesAfterStarted=3, isDisableP2PUpload=false, isOpenDrmRootCheck=false
07-05 21:31:45.462 D/PlayerSdk/PlayerSdkProject(31913): [TID 31944] << finishInitialize: consume 491 ms
07-05 21:31:45.462 D/PlayerSdk/PlayerSdkProject(31913): [TID 31944] isPackageNameCheckPassed=true, isDeviceCheckPass=true
07-05 21:31:45.463 D/PlayerSdk/PlayerFeatureProvider(31913): [TID 31944] notifySuccess(looper=Looper (main, tid 1) {f6a6054}, listener=com.hisense.hicloud.edca.mediaplayer.video.qiyi.QiyiInitTool$1$1@1e88fcb6)
07-05 21:31:45.463 D/PlayerSdk/PlayerFeatureProvider(31913): [TID 31944] << loadPluginPlayerFeature: mSdkFeature=com.qiyi.video.plugin.j@360bf232
07-05 21:31:45.470 I/MiSysSrv( 1214): [37m[INFO] Change to Voltage: 112 mv (0x2D)[m
07-05 21:31:45.476 W/linker  (31913): libWasabiJni.so: unused DT entry: type 0x6ffffffe arg 0x5080
07-05 21:31:45.476 W/linker  (31913): libWasabiJni.so: unused DT entry: type 0x6fffffff arg 0x3
07-05 21:31:45.479 D/NetworkManager(31913): [TID 32062] << request(http://www.163.com, 10346826): connect internet success, url=http://www.163.com
07-05 21:31:45.480 D/PlayerSdk/PlayerSdkLibProfile(31913): [TID 32076] isOpenDrmRootCheck=false
07-05 21:31:45.480 I/QiyiInitTool(31913): onSuccess
07-05 21:31:45.487 I/WASABI  (31913): WASABI version: BUILD DATE: 'Dec 30 2016', BUILD CONFIGURATION: 'Release', VERSION NAME: '1.19.0', VERSION NUMBER: 0x00011300, SHORT DESCRIPTION: 'Wasabi Runtime', LONG DESCRIPTION: '{"wasabi": "1.19.0", "wcscp": "2.22.0", "manufacturer": "intertrust", "os": "Android", "customerid": "c31122", "wcskb": "5.0.0"}', MS520K: 'enforced', VCS CHANGE: 12814
07-05 21:31:45.498 I/MyFragmentStateAdapter(31913): getCount
07-05 21:31:45.520 I/RoleContentFragment(31913): onResourceReadycom.bumptech.glide.load.resource.bitmap.GlideBitmapDrawable@e9ccbfd
07-05 21:31:45.520 D/TabView (31913): SLOVEN mIsTabScrollingisAnimating===>:falsefalse
07-05 21:31:45.520 I/MainHomeView(31913): OnTabSelected() tabPosition = 2,lastpos=-1, subPosition = 0
07-05 21:31:45.520 I/SoftFragmentList(31913): fetchCacheFragment  enter ---- index = 2
07-05 21:31:45.520 D/SoftFragmentList(31913): fetchCacheFragment  mFragmentCache.size() = 3
07-05 21:31:45.520 D/SoftFragmentList(31913): fetchCacheFragment mLastIndex = 2, view = 
07-05 21:31:45.521 D/MainHomeView(31913): onTabSelected ===>:Current channelId0
07-05 21:31:45.528 D/NetworkManager(31913): [TID 32061] << request(http://www.iqiyi.com, 10346812): connect internet success, url=http://www.iqiyi.com
07-05 21:31:45.569 I/MiSysSrv( 1214): [37m[INFO] Change to Voltage: 107 mv (0x28)[m
07-05 21:31:45.581 I/MyFragmentStateAdapter(31913): getCount
07-05 21:31:45.628 I/MyFragmentStateAdapter(31913): getCount
07-05 21:31:45.669 I/MiSysSrv( 1214): [37m[INFO] Change to Voltage: 102 mv (0x23)[m
07-05 21:31:45.688 D/WebcastSDK-HiCloudSourcePlugin(31913): getContext(): com.hisense.hicloud.edca.BaseApplication@2adbac5c mWebcastManager: com.hisense.webcastSDK.WebcastManager@19820f2
07-05 21:31:45.689 D/WebcastSDK-(31913): activity == null.
07-05 21:31:45.695 V/PackageManager( 1733): getPackageInfo com.hisense.hicloud.edca: Package{3fb3f3a1 com.hisense.hicloud.edca}
07-05 21:31:45.696 I/WebcastSDK-(31913): getAppVersionName(), versionName = 3.0.0.9.00
07-05 21:31:45.699 I/MyFragmentStateAdapter(31913): getCount
07-05 21:31:45.742 I/CurrentCarouselView(31913): real play
07-05 21:31:45.751 E/WebcastSDK-HiCloudSourcePlugin(31913): FetchSystemParameterTask(), res = {"categoryChannelTimeInterval":295000,"timeSynInterval":325000,"ChannelSwitchdefaultPic":"http://download.hismarttv.com/epgdata/LunBoContentPic/149810099740274506.jpg","TencentPlayRoundId":"1","allowUploadLogFile":1,"NoticeShow":1,"resultCode":0}
07-05 21:31:45.752 E/WebcastSDK-EPGDataManager(31913): notifySystemParametersData(), SystemParameterInfo = [ mCategoryInternal = 295000; mServerTimeInternal = 325000; mTencentPlayId = 1; mUploadLogFlag = 1; mSwitchPic = http://download.hismarttv.com/epgdata/LunBoContentPic/149810099740274506.jpg]
07-05 21:31:45.752 D/WebcastSDK-(31913): activity == null.
07-05 21:31:45.760 I/WebcastSDK-EPGDataManager(31913): handleMessage(), sync Server time in [ 325000 ] ms
07-05 21:31:45.760 D/WebcastSDK-(31913): activity == null.
07-05 21:31:45.761 D/Carousel-CarouselView(31913): clearPosterAndPlay! hashCode=779781196, sWorkingHashCode=0
07-05 21:31:45.761 D/Carousel-CarouselView(31913): mListView.getAdapter()=com.hisense.hitv.carouselwidgit.view.adapter.CarouselInfoListAdapter@15ef2af9
07-05 21:31:45.761 D/Carousel-CarouselView(31913): Last playing position:-1
