07-06 00:56:40.039 D/OkHttp  (16597): --> GET http://api.edu.hismarttv.com/payment/api/query/user_type/dialog_info?orderType=0&uuid=13287129&mac=a8:a6:48:18:fc:a8&devid=86100300900000500000060a4818fca8&version=00.002.003&subscriberId=13287129&customerId=7195320&model_id=0&APPPackage=com.hisense.hicloud.edca&PFAPPCode=652&APPVersionName=3.0.0.9.00&ChannelId=0&softwareVersion=LED50MU8600UC0000888&tv_distribute_id=00&devType=0&APIVersion=600&accessToken=72DF6038D2AEAB8A76DFBBBBCC428A4A_003679021069824 http/1.1
07-06 00:56:40.039 D/OkHttp  (16597): Data_Type: JSON
07-06 00:56:40.039 D/OkHttp  (16597): RetryTime: 0
07-06 00:56:40.039 D/OkHttp  (16597): Backoffmutiplier: 0
07-06 00:56:40.039 D/OkHttp  (16597): Host: api.edu.hismarttv.com
07-06 00:56:40.039 D/OkHttp  (16597): Connection: Keep-Alive
07-06 00:56:40.039 D/OkHttp  (16597): Accept-Encoding: gzip
07-06 00:56:40.039 D/OkHttp  (16597): User-Agent: okhttp/3.6.0
07-06 00:56:40.039 D/OkHttp  (16597): --> END GET
07-06 00:56:40.039 I/CardSelectionPresenter(16597): onUnbindViewHolder mTitleTx = 
07-06 00:56:40.040 I/CardSelectionPresenter(16597): onUnbindViewHolder mTitleTx = 
07-06 00:56:40.040 I/ContentBridgeAdapterListener(16597): onBind 
07-06 00:56:40.042 D/HttpHandler(16597): VerifySignInterCeptor-->request.url()=http://picture.edu.hismarttv.com/images/20170628104504467308.jpg
07-06 00:56:40.042 D/HttpHandler(16597): VerifySignInterCeptor-->hostname=picture.edu.hismarttv.com
07-06 00:56:40.042 I/CardSelectionPresenter(16597): onCreateViewHoldercom.hisense.leanback.widget.HorizontalGridView{3e3e786a VFE..... ......ID 0,0-1738,279 #7f0d038e app:id/row_content}
07-06 00:56:40.043 D/OkHttp  (16597): --> GET http://picture.edu.hismarttv.com/images/20170628104504467308.jpg http/1.1
07-06 00:56:40.043 D/OkHttp  (16597): Host: picture.edu.hismarttv.com
07-06 00:56:40.043 D/OkHttp  (16597): Connection: Keep-Alive
07-06 00:56:40.043 D/OkHttp  (16597): Accept-Encoding: gzip
07-06 00:56:40.043 D/OkHttp  (16597): User-Agent: okhttp/3.6.0
07-06 00:56:40.043 D/OkHttp  (16597): --> END GET
07-06 00:56:40.045 D/HttpHandler(16597): RetryIntercepter-->retryNum=0
07-06 00:56:40.045 D/HttpHandler(16597): RetryIntercepter-->backoffmutiplier=0
07-06 00:56:40.048 D/skia    (16597): --- decoder->decode returned false
07-06 00:56:40.048 D/OkHttp  (16597): <-- HTTP FAILED: java.net.SocketException: Socket closed
07-06 00:56:40.049 I/CardSelectionPresenter(16597): onBindViewHolder
07-06 00:56:40.049 D/sloven  (16597): 1002---true
07-06 00:56:40.049 D/HttpHandler(16597): RetryIntercepter-->retryNum=0
07-06 00:56:40.049 I/CardSelectionPresenter(16597): width=400,height=220
07-06 00:56:40.049 D/HttpHandler(16597): RetryIntercepter-->backoffmutiplier=0
07-06 00:56:40.050 D/HttpHandler(16597): VerifySignInterCeptor-->request.url()=http://picture.edu.hismarttv.com/images/20170629/%E5%BF%83%E7%AE%97%E5%8F%A3%E8%AF%80%E5%A4%A9%E5%A4%A9%E7%BB%83.jpg
07-06 00:56:40.050 D/HttpHandler(16597): VerifySignInterCeptor-->hostname=picture.edu.hismarttv.com
07-06 00:56:40.052 D/HttpHandler(16597): HttpDNS-->hostname=picture.edu.hismarttv.com
07-06 00:56:40.056 I/TVMW@devctrl( 1234): wdt
07-06 00:56:40.058 D/HttpHandler(16597): RAMCache-->hostInfo.getClientTimeStamp()=22640320
07-06 00:56:40.058 D/HttpHandler(16597): RAMCache-->hostInfo.getTtl()=300
07-06 00:56:40.058 D/HttpHandler(16597): RAMCache-->SystemClock.elapsedRealtime()=22641630
07-06 00:56:40.071 I/CardSelectionPresenter(16597): onUnbindViewHolder mTitleTx = 
07-06 00:56:40.072 D/OkHttp  (16597): <-- 200 OK http://picture.edu.hismarttv.com/images/20170628104504467308.jpg (28ms)
07-06 00:56:40.072 D/OkHttp  (16597): Date: Wed, 05 Jul 2017 14:28:55 GMT
07-06 00:56:40.072 D/OkHttp  (16597): Server: nginx
07-06 00:56:40.072 D/OkHttp  (16597): Content-Type: image/jpeg
07-06 00:56:40.072 D/OkHttp  (16597): Content-Length: 376321
07-06 00:56:40.072 D/OkHttp  (16597): Last-Modified: Wed, 28 Jun 2017 10:45:04 GMT
07-06 00:56:40.072 D/OkHttp  (16597): ETag: "595388b0-5be01"
07-06 00:56:40.072 D/OkHttp  (16597): Accept-Ranges: bytes
07-06 00:56:40.072 D/OkHttp  (16597): Age: 8864
07-06 00:56:40.072 D/OkHttp  (16597): Via: 1.1 hewangtong174:5 (Cdn Cache Server V2.0)[0 200 0], 1.1 PSahmaswt2vv209:6 (Cdn Cache Server V2.0)[0 200 0]
07-06 00:56:40.072 D/OkHttp  (16597): Connection: keep-alive
07-06 00:56:40.072 D/OkHttp  (16597): <-- END HTTP
07-06 00:56:40.072 I/CardSelectionPresenter(16597): onBindViewHolder
07-06 00:56:40.072 D/sloven  (16597): 1002---true
07-06 00:56:40.072 D/HttpHandler(16597): RetryIntercepter-->retryNum=0
07-06 00:56:40.072 D/HttpHandler(16597): RetryIntercepter-->backoffmutiplier=0
07-06 00:56:40.072 I/CardSelectionPresenter(16597): width=400,height=220
07-06 00:56:40.073 D/hailongqiu(16597): hailongqiu position:0
07-06 00:56:40.074 I/System.out(16597): <TVAPI> DEBUG(id=5, devRegister, response_time = 75ms): data = {"msg":"","code":"N000000","data":{"apiKey":"9e14d341281067d05d771f41454858c0","authId":1210,"flag":"","hide":"qiyicom","ip":"219.147.31.2","ipLoc":"1-48-3-6-6001-0-26","ipZh":"-----None-","kv":[{"hcdn":"hCDN"},{"homepageHot":""},{"homepageNew":""},{"ruleCode":"http://static.ptqy.gitv.tv/js/tv/app/getPlayerConfig.js","playerConfig":""},{"isShowExitAppDialog":"apk"}],"loading":"","loginTunnel":0,"resIds":[{"id":201221412,"seq":1},{"id":201713612,"seq":2},{"id":201757412,"seq":3}],"sysTime":1499270302,"tab":[],"tip":"","upgradeType":-1,"url":"","version":""}}
07-06 00:56:40.074 D/AccessToken(16597): [TID 16627] increaseAccessCount() count=1
07-06 00:56:40.074 D/AccessToken(16597): [TID 16627] increaseAccessCount() count=1
07-06 00:56:40.074 D/PlayerSdk/DeviceCheckTask(16597): [TID 16627] deviceCheck.onSuccess: deviceIp: 219.147.31.2
07-06 00:56:40.075 D/PlayerSdk/DeviceCheckTask@11221a3a(16597): [TID 16627] notifyJobSuccess() Job[PlayerSdk/DeviceCheckTask@11221a3a](mState=1, mData=Object726907976, mError=null)
07-06 00:56:40.076 I/CardSelectionPresenter(16597): onCreateViewHoldercom.hisense.leanback.widget.HorizontalGridView{3e3e786a VFE..... ......ID 0,0-1738,279 #7f0d038e app:id/row_content}
07-06 00:56:40.077 D/HttpHandler(16597): DNSHelper-->gslbDns=["36.33.158.222","218.58.206.58","123.128.14.209","153.35.175.121","220.202.77.124","153.35.175.120","125.46.22.134"]
07-06 00:56:40.077 D/HttpHandler(16597): RetryIntercepter-->retryNum=0
07-06 00:56:40.077 D/HttpHandler(16597): RetryIntercepter-->backoffmutiplier=0
07-06 00:56:40.078 D/HttpHandler(16597): VerifySignInterCeptor-->request.url()=http://picture.edu.hismarttv.com/images/20170629/%E5%BF%83%E7%AE%97%E5%8F%A3%E8%AF%80%E5%A4%A9%E5%A4%A9%E7%BB%83.jpg
07-06 00:56:40.078 D/HttpHandler(16597): VerifySignInterCeptor-->hostname=picture.edu.hismarttv.com
07-06 00:56:40.078 D/PlayerSdk/GrayScaleSwitcherProvider(16597): [TID 16627] execute: handler has no messages, send it.
07-06 00:56:40.078 D/PlayerSdk/GrayScaleSwitcherProvider(16597): [TID 16627] fetchSwitchData
07-06 00:56:40.078 D/HttpHandler(16597): HttpDNS-->hostname=picture.edu.hismarttv.com
07-06 00:56:40.079 I/System.out(16597): <TVAPI> DEBUG(isUpdateData): isUpdateData=dynamicQ-true
07-06 00:56:40.079 I/System.out(16597): <TVAPI> DEBUG(TVApiProperty): read passport-device-id=tv_69b1ef544cadbb86e8f28950ece1c76a_1167652938875
07-06 00:56:40.080 D/HttpHandler(16597): RAMCache-->hostInfo.getClientTimeStamp()=22640320
07-06 00:56:40.080 D/HttpHandler(16597): RAMCache-->hostInfo.getTtl()=300
07-06 00:56:40.080 D/HttpHandler(16597): RAMCache-->SystemClock.elapsedRealtime()=22641652
07-06 00:56:40.080 I/System.out(16597): <TVAPI> DEBUG(id=7, dynamicQ): url = http://data2.itv.ptqy.gitv.tv/itv/dynamicQ/1210/2.1.0.59986/VIDAA_TV/0/0/1/0/0/0/0
07-06 00:56:40.081 I/System.out(16597): <TVAPI> DEBUG(id=7, dynamicQ): header = qyid:tv_69b1ef544cadbb86e8f28950ece1c76a_1167652938875
07-06 00:56:40.081 I/System.out(16597): <TVAPI> DEBUG(id=7, dynamicQ): header = ov:5.1.1
07-06 00:56:40.081 I/System.out(16597): <TVAPI> DEBUG(id=7, dynamicQ): header = apkVer:2.1.0.59986
07-06 00:56:40.081 I/System.out(16597): <TVAPI> DEBUG(id=7, dynamicQ): header = apiKey:9e14d341281067d05d771f41454858c0
07-06 00:56:40.082 I/CardSelectionPresenter(16597): onBindViewHolder
07-06 00:56:40.082 D/sloven  (16597): 1002---true
07-06 00:56:40.082 I/CardSelectionPresenter(16597): width=400,height=220
07-06 00:56:40.084 D/HttpHandler(16597): VerifySignInterCeptor-->request.url()=http://picture.edu.hismarttv.com/images/20170629/%E5%AE%A2%E5%8E%85%E7%87%83%E8%84%82%E5%A5%B3%E7%8E%8B20170207081137502012.jpg
07-06 00:56:40.084 D/HttpHandler(16597): VerifySignInterCeptor-->hostname=picture.edu.hismarttv.com
07-06 00:56:40.085 I/CardSelectionPresenter(16597): onCreateViewHoldercom.hisense.leanback.widget.HorizontalGridView{3e3e786a VFE..... ......ID 0,0-1738,279 #7f0d038e app:id/row_content}
07-06 00:56:40.086 D/HttpHandler(16597): DNSHelper-->gslbDns=["36.33.158.222","218.58.206.58","123.128.14.209","153.35.175.121","220.202.77.124","153.35.175.120","125.46.22.134"]
07-06 00:56:40.086 D/HttpHandler(16597): HttpDNS-->hostname=picture.edu.hismarttv.com
07-06 00:56:40.087 D/HttpHandler(16597): RAMCache-->hostInfo.getClientTimeStamp()=22640320
07-06 00:56:40.087 D/HttpHandler(16597): RAMCache-->hostInfo.getTtl()=300
07-06 00:56:40.087 D/HttpHandler(16597): RAMCache-->SystemClock.elapsedRealtime()=22641659
07-06 00:56:40.091 I/CardSelectionPresenter(16597): onBindViewHolder
07-06 00:56:40.091 D/sloven  (16597): 1002---true
07-06 00:56:40.091 I/CardSelectionPresenter(16597): width=400,height=220
07-06 00:56:40.095 I/CardSelectionPresenter(16597): onCreateViewHoldercom.hisense.leanback.widget.HorizontalGridView{3e3e786a VFE..... ......ID 0,0-1738,279 #7f0d038e app:id/row_content}
07-06 00:56:40.096 D/HttpHandler(16597): DNSHelper-->gslbDns=["36.33.158.222","218.58.206.58","123.128.14.209","153.35.175.121","220.202.77.124","153.35.175.120","125.46.22.134"]
07-06 00:56:40.096 D/OkHttp  (16597): <-- 200 OK http://api.edu.hismarttv.com/payment/api/query/user_type/dialog_info?orderType=0&uuid=13287129&mac=a8:a6:48:18:fc:a8&devid=86100300900000500000060a4818fca8&version=00.002.003&subscriberId=13287129&customerId=7195320&model_id=0&APPPackage=com.hisense.hicloud.edca&PFAPPCode=652&APPVersionName=3.0.0.9.00&ChannelId=0&softwareVersion=LED50MU8600UC0000888&tv_distribute_id=00&devType=0&APIVersion=600&accessToken=72DF6038D2AEAB8A76DFBBBBCC428A4A_003679021069824 (56ms)
07-06 00:56:40.096 D/OkHttp  (16597): Server: nginx
07-06 00:56:40.096 D/OkHttp  (16597): Date: Wed, 05 Jul 2017 16:56:39 GMT
07-06 00:56:40.096 D/OkHttp  (16597): Content-Type: application/json
07-06 00:56:40.096 D/OkHttp  (16597): Content-Length: 221
07-06 00:56:40.096 D/OkHttp  (16597): Connection: close
07-06 00:56:40.096 D/OkHttp  (16597): <-- END HTTP
07-06 00:56:40.097 D/HttpHandler(16597): RetryIntercepter-->retryNum=0
07-06 00:56:40.097 D/HttpHandler(16597): RetryIntercepter-->backoffmutiplier=0
07-06 00:56:40.099 D/HttpHandler(16597): VerifySignInterCeptor-->dateType=1
07-06 00:56:40.099 D/HttpHandler(16597): VerifySignInterCeptor-->HttpRequestManager.httpClietOption.getVerifyFlag()=1
07-06 00:56:40.100 D/HttpHandler(16597): VerifySignInterCeptor-->content={"memberType": 2, "isActivity": 0}
07-06 00:56:40.100 D/HttpHandler(16597): VerifySignInterCeptor-->request.url()=http://picture.edu.hismarttv.com/images/20170629/%E8%8B%B1%E8%AF%AD%E5%90%AF%E8%92%99.jpg
07-06 00:56:40.100 D/HttpHandler(16597): VerifySignInterCeptor-->hostname=picture.edu.hismarttv.com
07-06 00:56:40.100 I/CardSelectionPresenter(16597): onBindViewHolder
07-06 00:56:40.101 D/sloven  (16597): 1002---true
07-06 00:56:40.101 I/CardSelectionPresenter(16597): width=400,height=220
07-06 00:56:40.101 D/HttpHandler(16597): HttpDNS-->hostname=picture.edu.hismarttv.com
07-06 00:56:40.102 D/HttpHandler(16597): RAMCache-->hostInfo.getClientTimeStamp()=22640320
07-06 00:56:40.102 D/HttpHandler(16597): RAMCache-->hostInfo.getTtl()=300
07-06 00:56:40.102 D/HttpHandler(16597): RAMCache-->SystemClock.elapsedRealtime()=22641673
07-06 00:56:40.102 D/OkHttp  (16597): --> GET http://picture.edu.hismarttv.com/images/20170629/%E5%BF%83%E7%AE%97%E5%8F%A3%E8%AF%80%E5%A4%A9%E5%A4%A9%E7%BB%83.jpg http/1.1
07-06 00:56:40.102 D/OkHttp  (16597): Host: picture.edu.hismarttv.com
07-06 00:56:40.102 D/OkHttp  (16597): Connection: Keep-Alive
07-06 00:56:40.102 D/OkHttp  (16597): Accept-Encoding: gzip
07-06 00:56:40.102 D/OkHttp  (16597): User-Agent: okhttp/3.6.0
07-06 00:56:40.103 D/OkHttp  (16597): --> END GET
07-06 00:56:40.104 I/CardSelectionPresenter(16597): onCreateViewHoldercom.hisense.leanback.widget.HorizontalGridView{3e3e786a VFE..... ......ID 0,0-1738,279 #7f0d038e app:id/row_content}
07-06 00:56:40.108 D/OkHttp  (16597): --> GET http://picture.edu.hismarttv.com/images/20170629/%E5%AE%A2%E5%8E%85%E7%87%83%E8%84%82%E5%A5%B3%E7%8E%8B20170207081137502012.jpg http/1.1
07-06 00:56:40.108 D/OkHttp  (16597): Host: picture.edu.hismarttv.com
07-06 00:56:40.108 D/OkHttp  (16597): Connection: Keep-Alive
07-06 00:56:40.108 D/OkHttp  (16597): Accept-Encoding: gzip
07-06 00:56:40.108 D/OkHttp  (16597): User-Agent: okhttp/3.6.0
07-06 00:56:40.108 D/OkHttp  (16597): --> END GET
07-06 00:56:40.113 I/CardSelectionPresenter(16597): onBindViewHolder
07-06 00:56:40.113 D/sloven  (16597): 1002---true
07-06 00:56:40.113 I/CardSelectionPresenter(16597): width=0,height=220
07-06 00:56:40.117 D/OkHttp  (16597): <-- 200 OK http://picture.edu.hismarttv.com/images/20170629/%E5%BF%83%E7%AE%97%E5%8F%A3%E8%AF%80%E5%A4%A9%E5%A4%A9%E7%BB%83.jpg (13ms)
07-06 00:56:40.117 D/OkHttp  (16597): Date: Fri, 30 Jun 2017 03:48:53 GMT
07-06 00:56:40.117 D/OkHttp  (16597): Server: nginx
07-06 00:56:40.117 D/OkHttp  (16597): Content-Type: image/jpeg
07-06 00:56:40.117 D/OkHttp  (16597): Content-Length: 204643
07-06 00:56:40.117 D/OkHttp  (16597): Last-Modified: Fri, 09 Jun 2017 14:51:40 GMT
07-06 00:56:40.117 D/OkHttp  (16597): ETag: "593ab5fc-31f63"
07-06 00:56:40.117 D/OkHttp  (16597): Accept-Ranges: bytes
07-06 00:56:40.117 D/OkHttp  (16597): Age: 479266
07-06 00:56:40.117 D/OkHttp  (16597): Via: 1.1 shuozhou56:1 (Cdn Cache Server V2.0)[37 200 2], 1.1 dzhwt36:8 (Cdn Cache Server V2.0)[0 200 0]
07-06 00:56:40.117 D/OkHttp  (16597): Connection: keep-alive
07-06 00:56:40.117 D/OkHttp  (16597): <-- END HTTP
07-06 00:56:40.117 D/HttpHandler(16597): RetryIntercepter-->retryNum=0
07-06 00:56:40.117 D/HttpHandler(16597): RetryIntercepter-->backoffmutiplier=0
07-06 00:56:40.120 D/Carousel-CarouselView(16597): ============>onScrollChanged hashCode:119253746
07-06 00:56:40.123 D/OkHttp  (16597): <-- 200 OK http://picture.edu.hismarttv.com/images/20170629/%E5%AE%A2%E5%8E%85%E7%87%83%E8%84%82%E5%A5%B3%E7%8E%8B20170207081137502012.jpg (15ms)
07-06 00:56:40.123 D/OkHttp  (16597): Date: Fri, 30 Jun 2017 03:48:43 GMT
07-06 00:56:40.123 D/OkHttp  (16597): Server: nginx
07-06 00:56:40.123 D/OkHttp  (16597): Content-Type: image/jpeg
07-06 00:56:40.123 D/OkHttp  (16597): Content-Length: 107115
07-06 00:56:40.123 D/OkHttp  (16597): Last-Modified: Fri, 09 Jun 2017 14:40:58 GMT
07-06 00:56:40.123 D/OkHttp  (16597): ETag: "593ab37a-1a26b"
07-06 00:56:40.123 D/OkHttp  (16597): Accept-Ranges: bytes
07-06 00:56:40.123 D/OkHttp  (16597): Age: 479273
07-06 00:56:40.123 D/OkHttp  (16597): Via: 1.1 shzh52:3 (Cdn Cache Server V2.0)[19 200 0], 1.1 dezhou34:9 (Cdn Cache Server V2.0)[0 200 0]
07-06 00:56:40.123 D/OkHttp  (16597): Connection: keep-alive
07-06 00:56:40.123 D/OkHttp  (16597): <-- END HTTP
07-06 00:56:40.124 D/HttpHandler(16597): RetryIntercepter-->retryNum=0
07-06 00:56:40.124 D/HttpHandler(16597): RetryIntercepter-->backoffmutiplier=0
07-06 00:56:40.130 I/MyFragmentStateAdapter(16597): getCount
07-06 00:56:40.132 D/HttpHandler(16597): DNSHelper-->gslbDns=["36.33.158.222","218.58.206.58","123.128.14.209","153.35.175.121","220.202.77.124","153.35.175.120","125.46.22.134"]
07-06 00:56:40.137 D/gralloc ( 1204): allocate buffer from ION HEAP 0x1
07-06 00:56:40.137 D/gralloc ( 1204): allocate memory from system heap
07-06 00:56:40.142 E/NetworkManager(16597): [TID 16739] << request(http://www.baidu.com, 22641585): connect internet failed, url=http://www.baidu.com
07-06 00:56:40.150 D/NetworkManager(16597): [TID 16738] tryConnectFirst: result=false, time consumed=137ms
07-06 00:56:40.150 D/NetworkManager(16597): [TID 16738] >> getRequestTask(http://www.qq.com)
07-06 00:56:40.163 D/OkHttp  (16597): --> GET http://picture.edu.hismarttv.com/images/20170629/%E8%8B%B1%E8%AF%AD%E5%90%AF%E8%92%99.jpg http/1.1
07-06 00:56:40.163 D/OkHttp  (16597): Host: picture.edu.hismarttv.com
07-06 00:56:40.163 D/OkHttp  (16597): Connection: Keep-Alive
07-06 00:56:40.163 D/OkHttp  (16597): Accept-Encoding: gzip
07-06 00:56:40.163 D/OkHttp  (16597): User-Agent: okhttp/3.6.0
07-06 00:56:40.163 D/OkHttp  (16597): --> END GET
07-06 00:56:40.164 D/NetworkManager(16597): [TID 16738] getRequestTask(http://www.qq.com): current pool size=2, queue=[]
07-06 00:56:40.165 D/NetworkManager(16597): [TID 16738] getRequestTask(http://www.qq.com): submitted task={java.util.concurrent.FutureTask@869f6bd, 22641722}
07-06 00:56:40.165 D/NetworkManager(16597): [TID 16738] << getRequestTask(http://www.qq.com): returned task=java.util.concurrent.FutureTask@869f6bd
07-06 00:56:40.165 D/NetworkManager(16597): [TID 16738] >> getRequestTask(http://www.iqiyi.com)
07-06 00:56:40.169 D/NetworkManager(16597): [TID 16739] >> request(http://www.qq.com, 22641722)
07-06 00:56:40.170 D/NetworkManager(16597): [TID 16739] request(http://www.qq.com, 22641722): openConnection
07-06 00:56:40.171 I/System.out(16597): <TVAPI> DEBUG(id=7, dynamicQ, response_time = 77ms): data = {"msg":"","code":"N000000","data":{"apiKey":"","authId":-1,"cnf":{},"flag":"","function":[{"playerConfig":"http://static.ptqy.gitv.tv/js/tv/app/getPlayerConfig.js"},{"appCard":"1"},{"msg_dialog_pos":"4"},{"disableHCDNPreDeploy":"false"},{"dailyInforCornerMark":"http://pic0.ptqy.gitv.tv/common/20170113/4ab9430bee234e2b8c8ae4583669b394.png,http://pic6.ptqy.gitv.tv/common/20170113/d45b2b6ae97a4847a73a245d63f5fe87.png"},{"isDisableAdCache":"0"},{"card_sort":"0"},{"alltag_position":"0"},{"enablePlayerLocalServer":"false"},{"ad_skip_frequency":"-1"},{"enablePlayerLocalServerF4v2Hls":"false"},{"enablePlayerLocalServerStream":"false"},{"disableHcdnDaemon":"false"},{"subChannelPlayerConfig":"http://static.ptqy.gitv.tv/js/tv/app/getSubChannelPlayerConfig.js"},{"childapp":"http://cdn.data.video.ptqy.gitv.tv/cdn/tv/20170630/apk/1_1259_4994_1498801304813.json"},{"chinapokerapp":"http://chessgame.ptqy.gitv.tv/game/info/apis/get_game_info.action?id=212202420"}],"hide":"","ichn":[],"ip":"","ipLoc":"","ipZh":"","is3D":1,"kv":[{"hcdn":"hCDN"},{"homepageHot":""},{"homepageNew":""},{"ruleCode":"http://static.ptqy.gitv.tv/js/tv/app/getPlayerConfig.js","playerConfig":""},{"isShowExitAppDialog":"apk"}],"loading":"","loginTunnel":0,"resIds":[],"support4k":1,"supporth265":1,"sysTime":1499272625,"tab":[],"tip":"","upgradeType":-1,"url":"","verCoupon":"","verMon":"0","verPkg":"","verTvod":"0","version":"","vip":1,"vipCoupon":0,"vipMon":1,"vipPkg":0,"vipTvod":1}}
07-06 00:56:40.171 D/PlayerSdk/GrayScaleSwitcherProvider(16597): [TID 16627] TVApi.dynamicQ: onSuccess
07-06 00:56:40.172 D/PlayerSdk/GrayScaleSwitcherProvider(16597): [TID 16627] TVApi.dynamicQ: data=com.qiyi.tvapi.tv2.model.DeviceCheck@f85544f, isOpenHcdn=true, sRetryTimesBeforeStarted=3, sRetryTimesAfterStarted=3, isDisableP2PUpload=false, isOpenDrmRootCheck=false
07-06 00:56:40.172 D/PlayerSdk/PlayerSdkProject(16597): [TID 16627] << finishInitialize: consume 506 ms
07-06 00:56:40.172 D/PlayerSdk/PlayerSdkProject(16597): [TID 16627] isPackageNameCheckPassed=true, isDeviceCheckPass=true
07-06 00:56:40.172 D/PlayerSdk/PlayerFeatureProvider(16597): [TID 16627] notifySuccess(looper=Looper (main, tid 1) {3f8f27dc}, listener=com.hisense.hicloud.edca.mediaplayer.video.qiyi.QiyiInitTool$1$1@1e88fcb6)
07-06 00:56:40.173 D/PlayerSdk/PlayerFeatureProvider(16597): [TID 16627] << loadPluginPlayerFeature: mSdkFeature=com.qiyi.video.plugin.j@3d9479be
07-06 00:56:40.198 D/Carousel-MyListView(16597): setSelectionAndPadding position:1
07-06 00:56:40.205 I/art     (16597): Background partial concurrent mark sweep GC freed 15686(1055KB) AllocSpace objects, 5(88KB) LOS objects, 12% free, 28MB/32MB, paused 8.970ms total 95.688ms
07-06 00:56:40.208 D/OkHttp  (16597): <-- 200 OK http://picture.edu.hismarttv.com/images/20170629/%E8%8B%B1%E8%AF%AD%E5%90%AF%E8%92%99.jpg (45ms)
07-06 00:56:40.209 D/OkHttp  (16597): Date: Mon, 03 Jul 2017 08:35:18 GMT
07-06 00:56:40.209 D/OkHttp  (16597): Server: nginx
07-06 00:56:40.209 D/OkHttp  (16597): Content-Type: image/jpeg
07-06 00:56:40.209 D/OkHttp  (16597): Content-Length: 57011
07-06 00:56:40.209 D/OkHttp  (16597): Last-Modified: Fri, 09 Jun 2017 14:49:58 GMT
07-06 00:56:40.209 D/OkHttp  (16597): ETag: "593ab596-deb3"
07-06 00:56:40.209 D/OkHttp  (16597): Accept-Ranges: bytes
07-06 00:56:40.209 D/OkHttp  (16597): Age: 202881
07-06 00:56:40.209 D/OkHttp  (16597): Via: 1.1 jnwt244:0 (Cdn Cache Server V2.0)[13 200 0], 1.1 dezhou37:8 (Cdn Cache Server V2.0)[0 200 0]
07-06 00:56:40.209 D/OkHttp  (16597): Connection: keep-alive
07-06 00:56:40.209 D/OkHttp  (16597): <-- END HTTP
07-06 00:56:40.209 D/HttpHandler(16597): RetryIntercepter-->retryNum=0
07-06 00:56:40.209 D/HttpHandler(16597): RetryIntercepter-->backoffmutiplier=0
07-06 00:56:40.214 W/linker  (16597): libWasabiJni.so: unused DT entry: type 0x6ffffffe arg 0x5080
07-06 00:56:40.214 W/linker  (16597): libWasabiJni.so: unused DT entry: type 0x6fffffff arg 0x3
07-06 00:56:40.218 D/NetworkManager(16597): [TID 16738] getRequestTask(http://www.iqiyi.com): current pool size=3, queue=[]
07-06 00:56:40.219 D/NetworkManager(16597): [TID 16738] getRequestTask(http://www.iqiyi.com): submitted task={java.util.concurrent.FutureTask@34c5c7ba, 22641740}
07-06 00:56:40.219 D/NetworkManager(16597): [TID 16738] << getRequestTask(http://www.iqiyi.com): returned task=java.util.concurrent.FutureTask@34c5c7ba
07-06 00:56:40.219 D/NetworkManager(16597): [TID 16738] >> getRequestTask(http://www.163.com)
07-06 00:56:40.219 D/NetworkManager(16597): [TID 16738] getRequestTask(http://www.163.com): current pool size=4, queue=[]
07-06 00:56:40.219 D/NetworkManager(16597): [TID 16738] getRequestTask(http://www.163.com): submitted task={java.util.concurrent.FutureTask@ad4e5c8, 22641790}
07-06 00:56:40.219 D/NetworkManager(16597): [TID 16738] << getRequestTask(http://www.163.com): returned task=java.util.concurrent.FutureTask@ad4e5c8
07-06 00:56:40.219 D/NetworkManager(16597): [TID 16738] >> getRequestTask(http://www.taobao.com)
07-06 00:56:40.223 I/MyFragmentStateAdapter(16597): getCount
07-06 00:56:40.223 I/MyFragmentStateAdapter(16597): getCount
07-06 00:56:40.223 I/MyFragmentStateAdapter(16597): getCount
07-06 00:56:40.223 I/MyFragmentStateAdapter(16597): getCount
07-06 00:56:40.224 I/FirstLineAdapter(16597): canShowTrailer,isOffline=false
07-06 00:56:40.224 I/FirstLineAdapter(16597): canShowTrailer,isOffline=false
07-06 00:56:40.224 I/FirstLineAdapter(16597): canShowTrailer,isOffline=false
07-06 00:56:40.224 I/FirstLineAdapter(16597): canShowTrailer,isOffline=false
07-06 00:56:40.224 I/FirstLineAdapter(16597): canShowTrailer,isOffline=false
07-06 00:56:40.224 I/FirstLineAdapter(16597): canShowTrailer,isOffline=false
07-06 00:56:40.224 I/FirstLineAdapter(16597): canShowTrailer,isOffline=false
07-06 00:56:40.224 D/Carousel-CarouselChannelItemView(16597): Listitem imageUrl:http://picture.edu.hismarttv.com/images/20170628102959016598.jpg
07-06 00:56:40.225 D/Carousel-Utils(16597): onResourceReady.
07-06 00:56:40.226 D/Carousel-CarouselChannelItemView(16597): Listitem imageUrl:http://picture.edu.hismarttv.com/images/20170628103002814396.jpg
07-06 00:56:40.226 D/Carousel-Utils(16597): onResourceReady.
07-06 00:56:40.227 D/Carousel-CarouselChannelItemView(16597): Listitem imageUrl:http://picture.edu.hismarttv.com/images/20170628103009181182.jpg
07-06 00:56:40.227 D/Carousel-Utils(16597): onResourceReady.
07-06 00:56:40.227 D/Carousel-CarouselChannelItemView(16597): Listitem imageUrl:http://picture.edu.hismarttv.com/images/20170628102959016598.jpg
07-06 00:56:40.228 D/Carousel-Utils(16597): onResourceReady.
07-06 00:56:40.228 D/Carousel-CarouselChannelItemView(16597): Listitem imageUrl:http://picture.edu.hismarttv.com/images/20170628103002814396.jpg
07-06 00:56:40.228 D/Carousel-Utils(16597): onResourceReady.
07-06 00:56:40.229 D/Carousel-CarouselChannelItemView(16597): Listitem imageUrl:http://picture.edu.hismarttv.com/images/20170628103009181182.jpg
07-06 00:56:40.229 D/Carousel-Utils(16597): onResourceReady.
07-06 00:56:40.230 I/FirstLineAdapter(16597): canShowTrailer,isOffline=false
07-06 00:56:40.230 I/FirstLineAdapter(16597): canShowTrailer,isOffline=false
07-06 00:56:40.231 D/Carousel-CarouselView(16597): ============>onScrollChanged hashCode:119253746
07-06 00:56:40.231 D/PlayerSdk/PlayerSdkLibProfile(16597): [TID 16741] isOpenDrmRootCheck=false
07-06 00:56:40.233 I/MyFragmentStateAdapter(16597): getCount
07-06 00:56:40.237 D/NetworkManager(16597): [TID 16739] << request(http://www.qq.com, 22641722): connect internet success, url=http://www.qq.com
07-06 00:56:40.237 I/WASABI  (16597): WASABI version: BUILD DATE: 'Dec 30 2016', BUILD CONFIGURATION: 'Release', VERSION NAME: '1.19.0', VERSION NUMBER: 0x00011300, SHORT DESCRIPTION: 'Wasabi Runtime', LONG DESCRIPTION: '{"wasabi": "1.19.0", "wcscp": "2.22.0", "manufacturer": "intertrust", "os": "Android", "customerid": "c31122", "wcskb": "5.0.0"}', MS520K: 'enforced', VCS CHANGE: 12814
07-06 00:56:40.243 D/NetworkManager(16597): [TID 16738] getRequestTask(http://www.taobao.com): current pool size=5, queue=[]
07-06 00:56:40.243 D/NetworkManager(16597): [TID 16738] getRequestTask(http://www.taobao.com): submitted task={java.util.concurrent.FutureTask@3308df5e, 22641791}
07-06 00:56:40.243 D/NetworkManager(16597): [TID 16738] << getRequestTask(http://www.taobao.com): returned task=java.util.concurrent.FutureTask@3308df5e
07-06 00:56:40.244 D/NetworkManager(16597): [TID 16743] >> request(http://www.iqiyi.com, 22641740)
07-06 00:56:40.246 D/Carousel-Utils(16597): onResourceReady.
07-06 00:56:40.246 D/NetworkManager(16597): [TID 16743] request(http://www.iqiyi.com, 22641740): openConnection
07-06 00:56:40.249 D/NetworkManager(16597): [TID 16738] >> getRequestTask(http://www.sina.com.cn)
07-06 00:56:40.249 D/NetworkManager(16597): [TID 16739] >> request(http://www.sina.com.cn, 22641820)
07-06 00:56:40.250 D/NetworkManager(16597): [TID 16739] request(http://www.sina.com.cn, 22641820): openConnection
07-06 00:56:40.254 D/NetworkManager(16597): [TID 16745] >> request(http://www.taobao.com, 22641791)
07-06 00:56:40.256 D/HiNetworkImpl(16597): doHttp_Asyn(): onReqResponse isSuccessful = true, back from thread: main
07-06 00:56:40.256 D/NetworkManager(16597): [TID 16745] request(http://www.taobao.com, 22641791): openConnection
07-06 00:56:40.256 I/HiNetworkImpl(16597): doHttp_Asyn(): onSuccess clazz = class com.hisense.sdk.domain.MemberOrder, back from thread: main
07-06 00:56:40.256 I/HomeMainActivity(16597): finishHttpTime : 22641828   337
07-06 00:56:40.258 D/til@system( 2026): til_get_system_param option:1000007 int:-1936522112, bool:128, ret:0
07-06 00:56:40.259 D/til@system( 2026): til_get_system_param option:1000009 int:-1815632896, bool:0, ret:0
07-06 00:56:40.259 D/NetworkManager(16597): [TID 16744] >> request(http://www.163.com, 22641790)
07-06 00:56:40.260 D/til@system( 2026): til_get_system_param option:1000008 int:-1936523008, bool:0, ret:0
07-06 00:56:40.261 D/HiSDKLogReport(16597): getOperationDetail-productName : LED50MU8600UC
07-06 00:56:40.261 D/HiSDKLogReport(16597): getOperationDetail-plmNumber : 88888
07-06 00:56:40.261 D/NetworkManager(16597): [TID 16744] request(http://www.163.com, 22641790): openConnection
07-06 00:56:40.261 D/HiSDKLogReport(16597): getOperationDetail-swVersion : V0000.00.01A
07-06 00:56:40.261 D/HiSDKLogReport(16597): getOperationDetail-operationDetail : LED50MU8600UC0000888
07-06 00:56:40.261 D/HiSDKLogReport(16597): processLogReport-log : {eventType=162, appKey=1182445233, APPVersionName=3.0.0.9.00, devid=86100300900000500000060a4818fca8, mac=a8:a6:48:18:fc:a8, uuid=13287129, accessToken=72DF6038D2AEAB8A76DFBBBBCC428A4A_003679021069824, APIversion=501, logversion=2.0, devType=0, APPPackage=com.hisense.hicloud.edca, eventPos=002, requesttime=1499273800261, customerId=7195320, value2=, eventMessage=HttpConnection, value1=337, model_id=0, ChannelId=0, version=00.002.003, tv_distribute_id=00, subscriberId=13287129, APIVersion=600, PFAPPCode=652, softwareVersion=LED50MU8600UC0000888}
07-06 00:56:40.262 I/HomeMainActivity(16597): getUserType  response : 2 null
07-06 00:56:40.262 I/HomeMainActivity(16597): this is LowMemoryConfiguration 
07-06 00:56:40.267 D/MC_MEMORY( 4735): max: 256.261888 Mb, heap: 10.10782 Mb, allocated: 8.8864 Mb, free: 1.1919 Mb, native heap: 12.12276 Mb, native allocated: 8.8360 Mb, native free: 3.3916 Mb
07-06 00:56:40.268 D/NetworkManager(16597): [TID 16738] getRequestTask(http://www.sina.com.cn): current pool size=5, queue=[]
07-06 00:56:40.268 D/NetworkManager(16597): [TID 16738] getRequestTask(http://www.sina.com.cn): submitted task={java.util.concurrent.FutureTask@11391d55, 22641820}
07-06 00:56:40.268 D/NetworkManager(16597): [TID 16738] << getRequestTask(http://www.sina.com.cn): returned task=java.util.concurrent.FutureTask@11391d55
07-06 00:56:40.268 D/NetworkManager(16597): [TID 16738] retryConnectOthers: result=true, time consumed=117ms
07-06 00:56:40.282 W/System.err(16597): java.net.ConnectException: failed to connect to /10.18.210.112 (port 8900) after 6000ms: isConnected failed: ECONNREFUSED (Connection refused)
07-06 00:56:40.283 W/System.err(16597): 	at libcore.io.IoBridge.isConnected(IoBridge.java:238)
07-06 00:56:40.283 W/System.err(16597): 	at libcore.io.IoBridge.connectErrno(IoBridge.java:171)
07-06 00:56:40.283 W/System.err(16597): 	at libcore.io.IoBridge.connect(IoBridge.java:122)
07-06 00:56:40.283 W/System.err(16597): 	at java.net.PlainSocketImpl.connect(PlainSocketImpl.java:183)
07-06 00:56:40.283 W/System.err(16597): 	at java.net.PlainSocketImpl.connect(PlainSocketImpl.java:456)
07-06 00:56:40.283 W/System.err(16597): 	at java.net.Socket.connect(Socket.java:882)
07-06 00:56:40.283 W/System.err(16597): 	at com.android.okhttp.internal.Platform.connectSocket(Platform.java:174)
07-06 00:56:40.283 W/System.err(16597): 	at com.android.okhttp.Connection.connect(Connection.java:152)
07-06 00:56:40.283 W/System.err(16597): 	at com.android.okhttp.internal.http.HttpEngine.connect(HttpEngine.java:276)
07-06 00:56:40.283 W/System.err(16597): 	at com.android.okhttp.internal.http.HttpEngine.sendRequest(HttpEngine.java:211)
07-06 00:56:40.283 W/System.err(16597): 	at com.android.okhttp.internal.http.HttpURLConnectionImpl.execute(HttpURLConnectionImpl.java:382)
07-06 00:56:40.283 W/System.err(16597): 	at com.android.okhttp.internal.http.HttpURLConnectionImpl.connect(HttpURLConnectionImpl.java:106)
07-06 00:56:40.283 W/System.err(16597): 	at com.hisense.hitv.hicloud.util.ExceptionReport.a(ExceptionReport.java:337)
07-06 00:56:40.283 W/System.err(16597): 	at com.hisense.hitv.hicloud.util.ExceptionReport.a(ExceptionReport.java:39)
07-06 00:56:40.283 W/System.err(16597): 	at com.hisense.hitv.hicloud.util.ExceptionReport$1.run(ExceptionReport.java:83)
07-06 00:56:40.283 W/System.err(16597): 	at java.lang.Thread.run(Thread.java:818)
07-06 00:56:40.283 W/System.err(16597): Caused by: android.system.ErrnoException: isConnected failed: ECONNREFUSED (Connection refused)
07-06 00:56:40.283 W/System.err(16597): 	at libcore.io.IoBridge.isConnected(IoBridge.java:223)
07-06 00:56:40.283 W/System.err(16597): 	... 15 more
07-06 00:56:40.282 D/NetworkManager(16597): [TID 16738] getRealState: activeNetInfo={[type: Ethernet[], state: CONNECTED/CONNECTED, reason: (unspecified), extra: a8:a6:48:18:fc:a8, roaming: false, failover: false, isAvailable: true, isConnectedToProvisioningNetwork: false]}, isConnected=true
07-06 00:56:40.316 E/NetworkManager(16597): [TID 16739] << request(http://www.sina.com.cn, 22641820): connect internet failed, url=http://www.sina.com.cn
07-06 00:56:40.351 E/btif_config( 2964): [btif_config_get] node is TRUE!
07-06 00:56:40.351 E/btif_config( 2964): [btif_config_get] ret is TRUE!
07-06 00:56:40.353 E/HomeMainActivity(16597): BaseApplication.mAccountType == 2
07-06 00:56:40.354 I/HomeMainActivity(16597): mBeginHttpTime : 22641925
07-06 00:56:40.354 I/HttpDnsUtils(16597): postExperienceVIP(): --url = http://api.edu.hismarttv.com/payment/api/get/experience/member
07-06 00:56:40.354 V/HttpDnsUtils(16597): getExperienceVIP 86100300900000500000060a4818fca8 7195320 13287129 0 2 0 0 0
07-06 00:56:40.355 E/NetUtils(16597): encryption --- sign = accessToken=72DF6038D2AEAB8A76DFBBBBCC428A4A_003679021069824&days=0&devid=86100300900000500000060a4818fca8&mac=a8:a6:48:18:fc:a8&memberType=2&orderType=0&BDA9F96C98E9D5130A5AFB3411B5F9E0
07-06 00:56:40.360 D/til@system( 2026): til_get_system_param option:1000007 int:-1815634176, bool:0, ret:0
07-06 00:56:40.360 I/TVMW@HsTvSetting( 1234): Trace cmd, data = 0x1058
07-06 00:56:40.360 D/til@system( 2026): til_get_system_param option:100002F int:0, bool:0, ret:0
07-06 00:56:40.361 I/TVMW@HsTvSetting( 1234): Trace cmd, data = 0x101f
07-06 00:56:40.361 D/til@system( 2026): til_get_system_param option:100001D int:3, bool:3, ret:0
07-06 00:56:40.361 D/til@system( 2026): til_get_system_param option:1000009 int:-1936522368, bool:128, ret:0
07-06 00:56:40.362 E/til     ( 2026): [til_get_current_input_source, 101] 
07-06 00:56:40.362 I/TVMW@HsTvSetting( 1234): Trace cmd, data = 0x7007
07-06 00:56:40.362 I/tilwrapper@sm( 2026): HS2TIL_SourceType *hs=0xd, *til=0x900
07-06 00:56:40.362 D/til     ( 2026): get current source 2304
07-06 00:56:40.362 D/SourceRemoteServiceHandler( 2026): getCurrentInputSource.from.til.result is 0, value is 2304
07-06 00:56:40.362 D/SourceRemoteServiceHandler( 2026): getInputSourceType source: 0x900, type=2304
07-06 00:56:40.362 D/til@system( 2026): til_get_system_param option:1000008 int:-1936523008, bool:0, ret:0
07-06 00:56:40.362 D/til     ( 2026): ###### func:til_get_picture_param option:0x3000006 ######  
07-06 00:56:40.362 I/TVMW@HsTvSetting( 1234): Trace cmd, data = 0x1003
07-06 00:56:40.362 D/HttpDnsUtils(16597): CEXX-getOperationDetail-productName : LED50MU8600UC
07-06 00:56:40.362 D/HttpDnsUtils(16597): CEXX-getOperationDetail-plmNumber : 88888
07-06 00:56:40.363 D/HttpDnsUtils(16597): CEXX-getOperationDetail-swVersion : V0000.00.01A
07-06 00:56:40.363 D/HttpDnsUtils(16597): CEXX-getOperationDetail-operationDetail : LED50MU8600UC0000888
07-06 00:56:40.365 I/TVMW@HsTvSetting( 1234): Trace cmd, data = 0x8032
07-06 00:56:40.365 I/hstvos  ( 1216): [0m[1;33m[HSHAL][HS_VIDEO][HS_HAL_Video_SetOsdDetect_v2][2389]u16Threshold = 20
07-06 00:56:40.365 I/MiSysSrv( 1214): Not support now! 42, change to mm_video!!!
07-06 00:56:40.368 E/TVMW@videoctrl( 1234):  getOsd is 1
07-06 00:56:40.369 D/til@system( 2026): til_get_system_param option:1000027 int:1, bool:1, ret:0
07-06 00:56:40.369 D/til     ( 2026): ###### func:til_get_picture_param option:0x3000045 ######  
07-06 00:56:40.369 I/TVMW@HsTvSetting( 1234): Trace cmd, data = 0x300c
07-06 00:56:40.369 I/TVMW@HsTvSetting( 1234): Trace 3d, data = 0x300c
07-06 00:56:40.369 I/TVMW@3d ( 1234): Hs_debug3d_trace: func:get3dStatus, line:109
07-06 00:56:40.378 E/NetworkManager(16597): [TID 16745] << request(http://www.taobao.com, 22641791): connect internet failed, url=http://www.taobao.com
07-06 00:56:40.394 V/HttpDnsUtils(16597): days 0 memberType 2 activityId 0
07-06 00:56:40.394 V/HttpDnsUtils(16597): postExperienceVIP(): postMap = {customerId=7195320, memberType=2, PFAPPCode=652, accessToken=72DF6038D2AEAB8A76DFBBBBCC428A4A_003679021069824, ChannelId=0, APPVersionName=3.0.0.9.00, model_id=0, orderType=0, mac=a8:a6:48:18:fc:a8, days=0, sign=3c684d84c28898d4cd26a3b748f1608f, uuid=13287129, APPPackage=com.hisense.hicloud.edca, devid=86100300900000500000060a4818fca8, phone=18547412365, tv_distribute_id=00, softwareVersion=LED50MU8600UC0000888, subscriberId=13287129, version=00.002.003, customerName=18547412365, devType=0, APIVersion=600, activityId=0}
07-06 00:56:40.395 D/til@system( 2026): til_get_system_param option:1000007 int:-1815634176, bool:0, ret:0
07-06 00:56:40.395 D/NetworkManager(16597): [TID 16744] << request(http://www.163.com, 22641790): connect internet success, url=http://www.163.com
07-06 00:56:40.396 D/til@system( 2026): til_get_system_param option:1000009 int:-1815632896, bool:0, ret:0
07-06 00:56:40.397 D/til@system( 2026): til_get_system_param option:1000008 int:-1936525184, bool:128, ret:0
07-06 00:56:40.400 D/HttpBuilder(16597): getOperationDetail-productName : LED50MU8600UC
07-06 00:56:40.400 D/HttpBuilder(16597): getOperationDetail-plmNumber : 88888
07-06 00:56:40.400 D/HttpBuilder(16597): getOperationDetail-swVersion : V0000.00.01A
07-06 00:56:40.400 D/HttpBuilder(16597): getOperationDetail-operationDetail : LED50MU8600UC0000888
07-06 00:56:40.413 D/HttpHandler(16597): VerifySignInterCeptor-->request.url()=http://picture.edu.hismarttv.com/images/20170629/%E5%93%88%E5%88%A9%E8%AE%B2%E6%95%85%E4%BA%8B%EF%BC%88%E4%B8%80%EF%BC%89.jpg
07-06 00:56:40.413 D/HttpHandler(16597): VerifySignInterCeptor-->hostname=picture.edu.hismarttv.com
07-06 00:56:40.414 D/OkHttp  (16597): --> GET http://picture.edu.hismarttv.com/images/20170629/%E5%93%88%E5%88%A9%E8%AE%B2%E6%95%85%E4%BA%8B%EF%BC%88%E4%B8%80%EF%BC%89.jpg http/1.1
07-06 00:56:40.414 D/OkHttp  (16597): Host: picture.edu.hismarttv.com
07-06 00:56:40.414 D/OkHttp  (16597): Connection: Keep-Alive
07-06 00:56:40.414 D/OkHttp  (16597): Accept-Encoding: gzip
07-06 00:56:40.414 D/OkHttp  (16597): User-Agent: okhttp/3.6.0
07-06 00:56:40.414 D/OkHttp  (16597): --> END GET
07-06 00:56:40.432 D/OkHttp  (16597): <-- 200 OK http://picture.edu.hismarttv.com/images/20170629/%E5%93%88%E5%88%A9%E8%AE%B2%E6%95%85%E4%BA%8B%EF%BC%88%E4%B8%80%EF%BC%89.jpg (18ms)
07-06 00:56:40.433 D/OkHttp  (16597): Date: Mon, 03 Jul 2017 02:29:57 GMT
07-06 00:56:40.433 D/OkHttp  (16597): Server: nginx
07-06 00:56:40.433 D/OkHttp  (16597): Content-Type: image/jpeg
07-06 00:56:40.433 D/OkHttp  (16597): Content-Length: 135983
07-06 00:56:40.433 D/OkHttp  (16597): Last-Modified: Fri, 09 Jun 2017 14:51:44 GMT
07-06 00:56:40.433 D/OkHttp  (16597): ETag: "593ab600-2132f"
07-06 00:56:40.433 D/OkHttp  (16597): Accept-Ranges: bytes
07-06 00:56:40.433 D/OkHttp  (16597): Age: 224803
07-06 00:56:40.433 D/OkHttp  (16597): Via: 1.1 chzhwt170:9 (Cdn Cache Server V2.0)[0 200 0], 1.1 dezhou37:2 (Cdn Cache Server V2.0)[0 200 0]
07-06 00:56:40.433 D/OkHttp  (16597): Connection: keep-alive
07-06 00:56:40.433 D/OkHttp  (16597): <-- END HTTP
07-06 00:56:40.436 I/HttpBuilder(16597): addUrlPublicParams mUrl ==>http://api.edu.hismarttv.com/payment/api/get/experience/member?uuid=13287129&mac=a8:a6:48:18:fc:a8&devid=86100300900000500000060a4818fca8&version=00.002.003&subscriberId=13287129&customerId=7195320&model_id=0&APPPackage=com.hisense.hicloud.edca&PFAPPCode=652&APPVersionName=3.0.0.9.00&ChannelId=0&softwareVersion=LED50MU8600UC0000888&tv_distribute_id=00&devType=0&APIVersion=600&accessToken=72DF6038D2AEAB8A76DFBBBBCC428A4A_003679021069824
07-06 00:56:40.439 D/HttpHandler(16597): VerifySignInterCeptor-->request.url()=http://picture.edu.hismarttv.com/images/20170629/30%E5%A4%A9%E5%86%99%E5%87%BA%E4%B8%80%E6%89%8B%E5%A5%BD%E5%AD%9720161129021942268280.jpg
07-06 00:56:40.439 D/HttpHandler(16597): VerifySignInterCeptor-->hostname=picture.edu.hismarttv.com
07-06 00:56:40.440 D/OkHttp  (16597): --> GET http://picture.edu.hismarttv.com/images/20170629/30%E5%A4%A9%E5%86%99%E5%87%BA%E4%B8%80%E6%89%8B%E5%A5%BD%E5%AD%9720161129021942268280.jpg http/1.1
07-06 00:56:40.440 D/OkHttp  (16597): Host: picture.edu.hismarttv.com
07-06 00:56:40.440 D/OkHttp  (16597): Connection: Keep-Alive
07-06 00:56:40.440 D/OkHttp  (16597): Accept-Encoding: gzip
07-06 00:56:40.440 D/OkHttp  (16597): User-Agent: okhttp/3.6.0
07-06 00:56:40.440 D/OkHttp  (16597): --> END GET
07-06 00:56:40.450 D/HttpHandler(16597): RetryIntercepter-->retryNum=0
07-06 00:56:40.451 I/QiyiInitTool(16597): onSuccess
07-06 00:56:40.451 D/HttpHandler(16597): RetryIntercepter-->backoffmutiplier=0
07-06 00:56:40.464 D/HttpHandler(16597): VerifySignInterCeptor-->request.url()=http://api.edu.hismarttv.com/payment/api/get/experience/member?uuid=13287129&mac=a8:a6:48:18:fc:a8&devid=86100300900000500000060a4818fca8&version=00.002.003&subscriberId=13287129&customerId=7195320&model_id=0&APPPackage=com.hisense.hicloud.edca&PFAPPCode=652&APPVersionName=3.0.0.9.00&ChannelId=0&softwareVersion=LED50MU8600UC0000888&tv_distribute_id=00&devType=0&APIVersion=600&accessToken=72DF6038D2AEAB8A76DFBBBBCC428A4A_003679021069824
07-06 00:56:40.464 D/HttpHandler(16597): VerifySignInterCeptor-->hostname=api.edu.hismarttv.com
07-06 00:56:40.476 I/MyFragmentStateAdapter(16597): getCount
07-06 00:56:40.476 I/MyFragmentStateAdapter(16597): getCount
07-06 00:56:40.476 I/MyFragmentStateAdapter(16597): getCount
07-06 00:56:40.476 I/MyFragmentStateAdapter(16597): getCount
07-06 00:56:40.476 I/FirstLineAdapter(16597): canShowTrailer,isOffline=false
07-06 00:56:40.476 I/FirstLineAdapter(16597): canShowTrailer,isOffline=false
07-06 00:56:40.477 I/FirstLineAdapter(16597): canShowTrailer,isOffline=false
07-06 00:56:40.477 I/FirstLineAdapter(16597): canShowTrailer,isOffline=false
07-06 00:56:40.477 I/FirstLineAdapter(16597): canShowTrailer,isOffline=false
07-06 00:56:40.477 I/FirstLineAdapter(16597): canShowTrailer,isOffline=false
07-06 00:56:40.477 I/FirstLineAdapter(16597): canShowTrailer,isOffline=false
07-06 00:56:40.477 I/FirstLineAdapter(16597): canShowTrailer,isOffline=false
07-06 00:56:40.477 I/FirstLineAdapter(16597): canShowTrailer,isOffline=false
07-06 00:56:40.484 I/MyFragmentStateAdapter(16597): getCount
07-06 00:56:40.485 D/HttpHandler(16597): HttpDNS-->hostname=api.edu.hismarttv.com
07-06 00:56:40.485 D/HttpHandler(16597): RAMCache-->hostInfo.getClientTimeStamp()=22636507
07-06 00:56:40.485 D/HttpHandler(16597): RAMCache-->hostInfo.getTtl()=3600
07-06 00:56:40.486 D/HttpHandler(16597): RAMCache-->SystemClock.elapsedRealtime()=22642057
07-06 00:56:40.489 D/HttpHandler(16597): DNSHelper-->gslbDns=["123.103.91.123"]
07-06 00:56:40.491 D/NetworkManager(16597): [TID 16597] onNetStateChanged(2)
07-06 00:56:40.498 D/NetworkManager(16597): [TID 16743] << request(http://www.iqiyi.com, 22641740): connect internet success, url=http://www.iqiyi.com
07-06 00:56:40.501 I/NetflixMonitorService( 1733): current fgapk : com.hisense.hicloud.edca
07-06 00:56:40.501 I/NetflixMonitorService( 1733): Netflix status unchanged
07-06 00:56:40.526 D/OkHttp  (16597): --> POST http://api.edu.hismarttv.com/payment/api/get/experience/member?uuid=13287129&mac=a8:a6:48:18:fc:a8&devid=86100300900000500000060a4818fca8&version=00.002.003&subscriberId=13287129&customerId=7195320&model_id=0&APPPackage=com.hisense.hicloud.edca&PFAPPCode=652&APPVersionName=3.0.0.9.00&ChannelId=0&softwareVersion=LED50MU8600UC0000888&tv_distribute_id=00&devType=0&APIVersion=600&accessToken=72DF6038D2AEAB8A76DFBBBBCC428A4A_003679021069824 http/1.1
07-06 00:56:40.526 D/OkHttp  (16597): Content-Type: application/x-www-form-urlencoded
07-06 00:56:40.526 D/OkHttp  (16597): Content-Length: 512
07-06 00:56:40.527 D/OkHttp  (16597): Data_Type: JSON
07-06 00:56:40.527 D/OkHttp  (16597): RetryTime: 0
07-06 00:56:40.527 D/OkHttp  (16597): Backoffmutiplier: 0
07-06 00:56:40.527 D/OkHttp  (16597): Host: api.edu.hismarttv.com
07-06 00:56:40.527 D/OkHttp  (16597): Connection: Keep-Alive
07-06 00:56:40.527 D/OkHttp  (16597): Accept-Encoding: gzip
07-06 00:56:40.527 D/OkHttp  (16597): User-Agent: okhttp/3.6.0
07-06 00:56:40.527 D/OkHttp  (16597): --> END POST
07-06 00:56:40.537 D/OkHttp  (16597): <-- 200 OK http://picture.edu.hismarttv.com/images/20170629/30%E5%A4%A9%E5%86%99%E5%87%BA%E4%B8%80%E6%89%8B%E5%A5%BD%E5%AD%9720161129021942268280.jpg (96ms)
07-06 00:56:40.537 D/OkHttp  (16597): Date: Mon, 03 Jul 2017 10:51:31 GMT
07-06 00:56:40.537 D/OkHttp  (16597): Server: nginx
07-06 00:56:40.538 D/OkHttp  (16597): Content-Type: image/jpeg
07-06 00:56:40.538 D/OkHttp  (16597): Content-Length: 137170
07-06 00:56:40.538 D/OkHttp  (16597): Last-Modified: Fri, 09 Jun 2017 14:48:12 GMT
07-06 00:56:40.538 D/OkHttp  (16597): ETag: "593ab52c-217d2"
07-06 00:56:40.538 D/OkHttp  (16597): Accept-Ranges: bytes
07-06 00:56:40.538 D/OkHttp  (16597): Age: 194709
07-06 00:56:40.538 D/OkHttp  (16597): Via: 1.1 changzhiwangtong169:2 (Cdn Cache Server V2.0)[0 200 0], 1.1 dzhwt36:3 (Cdn Cache Server V2.0)[0 200 0]
07-06 00:56:40.538 D/OkHttp  (16597): Connection: keep-alive
07-06 00:56:40.538 D/OkHttp  (16597): <-- END HTTP
07-06 00:56:40.538 D/HttpHandler(16597): RetryIntercepter-->retryNum=0
07-06 00:56:40.538 D/HttpHandler(16597): RetryIntercepter-->backoffmutiplier=0
07-06 00:56:40.559 I/MyFragmentStateAdapter(16597): getCount
07-06 00:56:40.559 I/MyFragmentStateAdapter(16597): getCount
07-06 00:56:40.559 I/MyFragmentStateAdapter(16597): getCount
07-06 00:56:40.559 I/MyFragmentStateAdapter(16597): getCount
07-06 00:56:40.560 W/QueryController(16562): AccessibilityNodeInfo returned a null child (0 of 1)
07-06 00:56:40.560 W/QueryController(16562): parent = android.view.accessibility.AccessibilityNodeInfo@80018d52; boundsInParent: Rect(0, 0 - 430, 252); boundsInScreen: Rect(293, 802 - 723, 1054); packageName: com.hisense.hicloud.edca; className: android.widget.RelativeLayout; text: null; error: null; maxTextLength: -1; contentDescription: null; viewIdResName: com.hisense.hicloud.edca:id/layout_img_container; checkable: false; checked: false; focusable: false; focused: false; selected: false; clickable: false; longClickable: false; enabled: true; password: false; scrollable: false; actions: [AccessibilityAction: ACTION_SELECT - null, AccessibilityAction: ACTION_CLEAR_SELECTION - null, AccessibilityAction: ACTION_ACCESSIBILITY_FOCUS - null]
07-06 00:56:40.564 I/MyFragmentStateAdapter(16597): getCount
07-06 00:56:40.588 W/QueryController(16562): AccessibilityNodeInfo returned a null child (1 of 2)
07-06 00:56:40.588 W/QueryController(16562): parent = android.view.accessibility.AccessibilityNodeInfo@80017e4e; boundsInParent: Rect(0, 0 - 430, 279); boundsInScreen: Rect(293, 792 - 723, 1071); packageName: com.hisense.hicloud.edca; className: android.widget.RelativeLayout; text: null; error: null; maxTextLength: -1; contentDescription: null; viewIdResName: null; checkable: false; checked: false; focusable: true; focused: false; selected: false; clickable: true; longClickable: false; enabled: true; password: false; scrollable: false; actions: [AccessibilityAction: ACTION_FOCUS - null, AccessibilityAction: ACTION_SELECT - null, AccessibilityAction: ACTION_CLEAR_SELECTION - null, AccessibilityAction: ACTION_CLICK - null, AccessibilityAction: ACTION_ACCESSIBILITY_FOCUS - null]
07-06 00:56:40.594 D/OkHttp  (16597): <-- 200 OK http://api.edu.hismarttv.com/payment/api/get/experience/member?uuid=13287129&mac=a8:a6:48:18:fc:a8&devid=86100300900000500000060a4818fca8&version=00.002.003&subscriberId=13287129&customerId=7195320&model_id=0&APPPackage=com.hisense.hicloud.edca&PFAPPCode=652&APPVersionName=3.0.0.9.00&ChannelId=0&softwareVersion=LED50MU8600UC0000888&tv_distribute_id=00&devType=0&APIVersion=600&accessToken=72DF6038D2AEAB8A76DFBBBBCC428A4A_003679021069824 (67ms)
07-06 00:56:40.594 D/OkHttp  (16597): Server: nginx
07-06 00:56:40.594 D/OkHttp  (16597): Date: Wed, 05 Jul 2017 16:56:40 GMT
07-06 00:56:40.594 D/OkHttp  (16597): Content-Type: application/json
07-06 00:56:40.594 D/OkHttp  (16597): Content-Length: 289
07-06 00:56:40.594 D/OkHttp  (16597): Connection: close
07-06 00:56:40.594 D/OkHttp  (16597): <-- END HTTP
07-06 00:56:40.612 W/QueryController(16562): AccessibilityNodeInfo returned a null child (0 of 2)
07-06 00:56:40.613 W/QueryController(16562): parent = android.view.accessibility.AccessibilityNodeInfo@8001820f; boundsInParent: Rect(0, 0 - 430, 279); boundsInScreen: Rect(713, 792 - 1143, 1071); packageName: com.hisense.hicloud.edca; className: android.widget.RelativeLayout; text: null; error: null; maxTextLength: -1; contentDescription: null; viewIdResName: null; checkable: false; checked: false; focusable: true; focused: false; selected: false; clickable: true; longClickable: false; enabled: true; password: false; scrollable: false; actions: [AccessibilityAction: ACTION_FOCUS - null, AccessibilityAction: ACTION_SELECT - null, AccessibilityAction: ACTION_CLEAR_SELECTION - null, AccessibilityAction: ACTION_CLICK - null, AccessibilityAction: ACTION_ACCESSIBILITY_FOCUS - null]
07-06 00:56:40.619 D/HttpHandler(16597): RetryIntercepter-->retryNum=0
07-06 00:56:40.619 D/HttpHandler(16597): RetryIntercepter-->backoffmutiplier=0
07-06 00:56:40.620 I/MyFragmentStateAdapter(16597): getCount
07-06 00:56:40.620 I/MyFragmentStateAdapter(16597): getCount
07-06 00:56:40.621 I/MyFragmentStateAdapter(16597): getCount
07-06 00:56:40.621 I/MyFragmentStateAdapter(16597): getCount
07-06 00:56:40.631 I/MyFragmentStateAdapter(16597): getCount
07-06 00:56:40.634 D/TabView (16597): SLOVEN mIsTabScrollingisAnimating===>:falsefalse
07-06 00:56:40.634 I/MainHomeView(16597): OnTabSelected() tabPosition = 2,lastpos=-1, subPosition = 0
07-06 00:56:40.634 I/SoftFragmentList(16597): fetchCacheFragment  enter ---- index = 2
