07-05 21:32:48.587 I/MyFragmentStateAdapter(32438): getCount
07-05 21:32:48.623 I/MyFragmentStateAdapter(32438): getCount
07-05 21:32:48.649 I/MyFragmentStateAdapter(32438): getCount
07-05 21:32:48.669 I/MiSysSrv( 1214): [37m[INFO] Change to Voltage: 102 mv (0x23)[m
07-05 21:32:48.697 I/MyFragmentStateAdapter(32438): getCount
07-05 21:32:48.700 D/MyLocalStartService(16899): currentName is :com.hisense.hicloud.edca
07-05 21:32:48.730 I/MyFragmentStateAdapter(32438): getCount
07-05 21:32:48.763 I/MyFragmentStateAdapter(32438): getCount
07-05 21:32:48.766 I/TVMW@HsTvSetting( 1234): Trace cmd, data = 0x1058
07-05 21:32:48.767 D/til@system( 2026): til_get_system_param option:100002F int:0, bool:0, ret:0
07-05 21:32:48.767 I/TVMW@HsTvSetting( 1234): Trace cmd, data = 0x101f
07-05 21:32:48.767 D/til@system( 2026): til_get_system_param option:100001D int:3, bool:3, ret:0
07-05 21:32:48.767 E/til     ( 2026): [til_get_current_input_source, 101] 
07-05 21:32:48.767 I/TVMW@HsTvSetting( 1234): Trace cmd, data = 0x7007
07-05 21:32:48.768 I/tilwrapper@sm( 2026): HS2TIL_SourceType *hs=0xd, *til=0x900
07-05 21:32:48.768 D/til     ( 2026): get current source 2304
07-05 21:32:48.768 D/SourceRemoteServiceHandler( 2026): getCurrentInputSource.from.til.result is 0, value is 2304
07-05 21:32:48.768 D/SourceRemoteServiceHandler( 2026): getInputSourceType source: 0x900, type=2304
07-05 21:32:48.768 D/til     ( 2026): ###### func:til_get_picture_param option:0x3000006 ######  
07-05 21:32:48.768 I/TVMW@HsTvSetting( 1234): Trace cmd, data = 0x1003
07-05 21:32:48.769 I/TVMW@HsTvSetting( 1234): Trace cmd, data = 0x8032
07-05 21:32:48.769 I/hstvos  ( 1216): [0m[1;33m[HSHAL][HS_VIDEO][HS_HAL_Video_SetOsdDetect_v2][2389]u16Threshold = 20
07-05 21:32:48.769 E/TVMW@videoctrl( 1234):  getOsd is 1
07-05 21:32:48.769 D/til@system( 2026): til_get_system_param option:1000027 int:1, bool:1, ret:0
07-05 21:32:48.770 D/til     ( 2026): ###### func:til_get_picture_param option:0x3000045 ######  
07-05 21:32:48.770 I/TVMW@HsTvSetting( 1234): Trace cmd, data = 0x300c
07-05 21:32:48.770 I/TVMW@HsTvSetting( 1234): Trace 3d, data = 0x300c
07-05 21:32:48.770 I/TVMW@3d ( 1234): Hs_debug3d_trace: func:get3dStatus, line:109
07-05 21:32:48.797 I/MyFragmentStateAdapter(32438): getCount
07-05 21:32:48.809 D/GlobalInputEventMonitoringService( 1733): interceptKeyBeforeQueueing(), event:22, mNeedMonitorKeyEvent:true, mWaitForKeyUpEvent:false
07-05 21:32:48.809 D/GlobalInputEventMonitoringService( 1733): processKeyEvent(), processKeyEvent event:22
07-05 21:32:48.809 D/WindowManager( 1733): interceptKeyTq keycode=22 interactive=true keyguardActive=false policyFlags=2b000000 isCancled= false
07-05 21:32:48.809 D/PowerManagerService( 1733): userActivityNoUpdateLocked: eventTime=10410379, event=1, flags=0x0, uid=1000
07-05 21:32:48.809 D/WindowManager( 1733): interceptKeyTi keyCode=22 down=true repeatCount=0 keyguardOn=false mHomePressed=false canceled=false
07-05 21:32:48.810 D/WindowManager( 1733): Hisense systemkey event: 22
07-05 21:32:48.810 D/HisenseGlobalKeyManager( 1733): handleGlobalKey() : Global event = KeyEvent { action=ACTION_DOWN, keyCode=KEYCODE_DPAD_RIGHT, scanCode=0, metaState=0, flags=0x0, repeatCount=0, eventTime=10410379, downTime=10410379, deviceId=-1, source=0x101 }
07-05 21:32:48.859 D/SogouIME( 2203): [onKeyDown] keycode = 22 model = VIDAA_TV
07-05 21:32:48.866 I/MyFragmentStateAdapter(32438): getCount
07-05 21:32:48.869 I/MiSysSrv( 1214): [37m[INFO] Change to Voltage: 102 mv (0x23)[m
07-05 21:32:48.916 D/Carousel-CarouselDisplayPlayerLayout(32438): HasFocus:false,keyCode:22
07-05 21:32:48.916 D/Carousel-CarouselDisplayPlayerLayout(32438): isFullScreen:false
07-05 21:32:48.916 I/HomeMainActivity(32438): carousel handle key:false
07-05 21:32:48.916 I/MainHomeView(32438): dispatchKeyEvent ACTION_DOWN now 
07-05 21:32:48.925 I/TabView (32438): onKeyListener() ACTION_DOWN keyCode -- 22
07-05 21:32:48.925 I/SoftFragmentList(32438): fetchCacheFragment  enter ---- index = 2
07-05 21:32:48.925 D/SoftFragmentList(32438): fetchCacheFragment  mFragmentCache.size() = 3
07-05 21:32:48.925 D/SoftFragmentList(32438): fetchCacheFragment mLastIndex = 2, view = 
07-05 21:32:48.925 I/BaseContentFragment(32438): initChildFocustrue,recyclerview=com.hisense.leanback.widget.VerticalGridView{3427f275 VFED.... ........ 0,0-1768,1080 #7f0d02c8 app:id/recyclerview_content}====---mIsVisibleToUser:true-------
07-05 21:32:48.936 D/til@system( 2026): til_get_system_param option:1000007 int:-1815632896, bool:0, ret:0
07-05 21:32:48.943 D/til@system( 2026): til_get_system_param option:1000009 int:-1815634176, bool:0, ret:0
07-05 21:32:48.944 D/til@system( 2026): til_get_system_param option:1000008 int:-1936525184, bool:128, ret:0
07-05 21:32:48.945 D/HiSDKLogReport(32438): getOperationDetail-productName : LED50MU8600UC
07-05 21:32:48.945 D/HiSDKLogReport(32438): getOperationDetail-plmNumber : 88888
07-05 21:32:48.945 D/HiSDKLogReport(32438): getOperationDetail-swVersion : V0000.00.01A
07-05 21:32:48.945 D/HiSDKLogReport(32438): getOperationDetail-operationDetail : LED50MU8600UC0000888
07-05 21:32:48.945 D/HiSDKLogReport(32438): businessLogReport-log : {eventType=232, APPVersionName=3.0.0.9.00, devid=86100300900000500000060a4818fca8, rowid=-1, uuid=13287129, APIversion=501, eventcode=232000, logversion=2.0, columnid=-1, devType=0, eventPos=000, groupid=-1, ChannelId=0, version=00.002.003, subscriberId=13287129, PFAPPCode=652, tabid=0, softwareVersion=LED50MU8600UC0000888, srceventcode=201000, mac=a8:a6:48:18:fc:a8, accessToken=72DF6038D2AEAB8A76DFBBBBCC428A4A_003880347765832, srctabid=0, APPPackage=com.hisense.hicloud.edca, sessionid=e8ebda4ba30344e28cff8d869926f4cd, requesttime=1499261568945, customerId=7195320, model_id=0, requestid=a08f2d74a6864fcf95235acd9dadfe09, tv_distribute_id=00, APIVersion=600, issysrepo=0}
07-05 21:32:48.946 D/BaseContentFragment(32438): initChildFocus firstlineview===>:com.hisense.tvui.newhome.view.SpecialFirstView{23a8f994 V.E..... ........ 10,185-1748,691}
07-05 21:32:48.946 D/setHistoryRequestFocus(32438): ===>false
07-05 21:32:48.947 I/FirstlineLayoutManager(32438): left=0,width=1738,scroll Distance=-1488
07-05 21:32:48.952 I/BaseContentFragment(32438): setRowViewSelectedViewHolder{3a835915 position=0 id=-1, oldPos=-1, pLpos:-1},isSelectedfalse
07-05 21:32:48.952 I/BaseContentFragment(32438): setRowViewSelectedViewHolder{fa156e8 position=1 id=-1, oldPos=-1, pLpos:-1},isSelectedtrue
07-05 21:32:48.952 I/RoleContentFragment(32438): onChildSelected:1,lastPos=0
07-05 21:32:48.963 I/TabView (32438): onfocuschange:false
07-05 21:32:48.963 D/TabView (32438): icon---:2
07-05 21:32:48.963 E/TabView (32438): 
07-05 21:32:48.967 W/System.err(32438): java.net.ConnectException: failed to connect to /10.18.210.112 (port 8900) after 6000ms: isConnected failed: ECONNREFUSED (Connection refused)
07-05 21:32:48.967 W/System.err(32438): 	at libcore.io.IoBridge.isConnected(IoBridge.java:238)
07-05 21:32:48.967 W/System.err(32438): 	at libcore.io.IoBridge.connectErrno(IoBridge.java:171)
07-05 21:32:48.967 W/System.err(32438): 	at libcore.io.IoBridge.connect(IoBridge.java:122)
07-05 21:32:48.967 W/System.err(32438): 	at java.net.PlainSocketImpl.connect(PlainSocketImpl.java:183)
07-05 21:32:48.967 W/System.err(32438): 	at java.net.PlainSocketImpl.connect(PlainSocketImpl.java:456)
07-05 21:32:48.967 W/System.err(32438): 	at java.net.Socket.connect(Socket.java:882)
07-05 21:32:48.967 W/System.err(32438): 	at com.android.okhttp.internal.Platform.connectSocket(Platform.java:174)
07-05 21:32:48.967 W/System.err(32438): 	at com.android.okhttp.Connection.connect(Connection.java:152)
07-05 21:32:48.968 W/System.err(32438): 	at com.android.okhttp.internal.http.HttpEngine.connect(HttpEngine.java:276)
07-05 21:32:48.968 W/System.err(32438): 	at com.android.okhttp.internal.http.HttpEngine.sendRequest(HttpEngine.java:211)
07-05 21:32:48.968 W/System.err(32438): 	at com.android.okhttp.internal.http.HttpURLConnectionImpl.execute(HttpURLConnectionImpl.java:382)
07-05 21:32:48.968 W/System.err(32438): 	at com.android.okhttp.internal.http.HttpURLConnectionImpl.connect(HttpURLConnectionImpl.java:106)
07-05 21:32:48.968 W/System.err(32438): 	at com.hisense.hitv.hicloud.util.ExceptionReport.a(ExceptionReport.java:337)
07-05 21:32:48.968 W/System.err(32438): 	at com.hisense.hitv.hicloud.util.ExceptionReport.a(ExceptionReport.java:39)
07-05 21:32:48.968 W/System.err(32438): 	at com.hisense.hitv.hicloud.util.ExceptionReport$1.run(ExceptionReport.java:83)
07-05 21:32:48.968 W/System.err(32438): 	at java.lang.Thread.run(Thread.java:818)
07-05 21:32:48.968 W/System.err(32438): Caused by: android.system.ErrnoException: isConnected failed: ECONNREFUSED (Connection refused)
07-05 21:32:48.968 W/System.err(32438): 	at libcore.io.IoBridge.isConnected(IoBridge.java:223)
07-05 21:32:48.968 W/System.err(32438): 	... 15 more
07-05 21:32:48.982 D/HttpHandler(32438): VerifySignInterCeptor-->request.url()=http://picture.edu.hismarttv.com/images/20170628121925625089.png
07-05 21:32:48.982 D/HttpHandler(32438): VerifySignInterCeptor-->hostname=picture.edu.hismarttv.com
07-05 21:32:48.986 D/OkHttp  (32438): --> GET http://picture.edu.hismarttv.com/images/20170628121925625089.png http/1.1
07-05 21:32:48.986 D/OkHttp  (32438): Host: picture.edu.hismarttv.com
07-05 21:32:48.986 D/OkHttp  (32438): Connection: Keep-Alive
07-05 21:32:48.986 D/OkHttp  (32438): Accept-Encoding: gzip
07-05 21:32:48.986 D/OkHttp  (32438): User-Agent: okhttp/3.6.0
07-05 21:32:48.986 D/OkHttp  (32438): --> END GET
07-05 21:32:49.003 D/PowerManagerService( 1733): acquireWakeLockInternal: lock=113832109, flags=0x1, tag="NetworkStats", ws=null, uid=1000, pid=1733
07-05 21:32:49.003 D/PowerManagerNotifier( 1733): onWakeLockAcquired: flags=1, tag="NetworkStats", packageName=android, ownerUid=1000, ownerPid=1733, workSource=null
07-05 21:32:49.003 D/NtpTrustedTime( 1733): currentTimeMillis() cache hit
07-05 21:32:49.014 D/NtpTrustedTime( 1733): currentTimeMillis() cache hit
07-05 21:32:49.017 D/CommonHeader(32438): onTabStatusChanged tabstatus===>:40000
07-05 21:32:49.018 D/OkHttp  (32438): <-- 200 OK http://picture.edu.hismarttv.com/images/20170628121925625089.png (31ms)
07-05 21:32:49.018 D/OkHttp  (32438): Date: Tue, 04 Jul 2017 02:31:48 GMT
07-05 21:32:49.018 D/OkHttp  (32438): Server: nginx
07-05 21:32:49.018 D/OkHttp  (32438): Content-Type: image/png
07-05 21:32:49.018 D/OkHttp  (32438): Content-Length: 3689
07-05 21:32:49.018 D/OkHttp  (32438): Last-Modified: Wed, 28 Jun 2017 12:19:25 GMT
07-05 21:32:49.018 D/OkHttp  (32438): ETag: "59539ecd-e69"
07-05 21:32:49.018 D/OkHttp  (32438): Accept-Ranges: bytes
07-05 21:32:49.018 D/OkHttp  (32438): Age: 126060
07-05 21:32:49.018 D/OkHttp  (32438): Via: 1.1 jnwt241:0 (Cdn Cache Server V2.0)[0 200 0], 1.1 t86:5 (Cdn Cache Server V2.0)[0 200 0]
07-05 21:32:49.018 D/OkHttp  (32438): Connection: keep-alive
07-05 21:32:49.018 D/OkHttp  (32438): <-- END HTTP
07-05 21:32:49.020 D/PowerManagerService( 1733): releaseWakeLockInternal: lock=113832109 [NetworkStats], flags=0x0
07-05 21:32:49.020 D/PowerManagerNotifier( 1733): onWakeLockReleased: flags=1, tag="NetworkStats", packageName=android, ownerUid=1000, ownerPid=1733, workSource=null
07-05 21:32:49.023 D/NtpTrustedTime( 1733): currentTimeMillis() cache hit
07-05 21:32:49.023 D/NtpTrustedTime( 1733): currentTimeMillis() cache hit
07-05 21:32:49.038 D/HttpHandler(32438): RetryIntercepter-->retryNum=0
07-05 21:32:49.040 D/HttpHandler(32438): RetryIntercepter-->backoffmutiplier=0
07-05 21:32:49.045 D/GlobalInputEventMonitoringService( 1733): interceptKeyBeforeQueueing(), event:22, mNeedMonitorKeyEvent:true, mWaitForKeyUpEvent:false
07-05 21:32:49.046 D/GlobalInputEventMonitoringService( 1733): processKeyEvent(), processKeyEvent event:22
07-05 21:32:49.046 D/WindowManager( 1733): interceptKeyTq keycode=22 interactive=true keyguardActive=false policyFlags=2b000000 isCancled= false
07-05 21:32:49.046 D/WindowManager( 1733): interceptKeyTi keyCode=22 down=false repeatCount=0 keyguardOn=false mHomePressed=false canceled=false
07-05 21:32:49.046 D/WindowManager( 1733): Hisense systemkey event: 22
07-05 21:32:49.046 D/HisenseGlobalKeyManager( 1733): handleGlobalKey() : Global event = KeyEvent { action=ACTION_UP, keyCode=KEYCODE_DPAD_RIGHT, scanCode=0, metaState=0, flags=0x0, repeatCount=0, eventTime=10410379, downTime=10410379, deviceId=-1, source=0x101 }
07-05 21:32:49.056 I/MyFragmentStateAdapter(32438): getCount
07-05 21:32:49.071 I/MiSysSrv( 1214): [37m[INFO] Change to Voltage: 117 mv (0x32)[m
07-05 21:32:49.097 D/TabView (32438): 
07-05 21:32:49.099 D/TabView (32438): 
07-05 21:32:49.100 D/TabView (32438): 
07-05 21:32:49.102 D/TabView (32438): 
07-05 21:32:49.104 D/TabView (32438): 
07-05 21:32:49.106 D/TabView (32438): 
07-05 21:32:49.108 D/TabView (32438): 
07-05 21:32:49.109 D/TabView (32438): 
07-05 21:32:49.110 D/TabView (32438): 
07-05 21:32:49.111 D/TabView (32438): 
07-05 21:32:49.114 D/TabView (32438): 
07-05 21:32:49.115 D/TabView (32438): 
07-05 21:32:49.120 D/TabView (32438): 
07-05 21:32:49.123 D/TabView (32438): 
07-05 21:32:49.125 D/TabView (32438): 
07-05 21:32:49.126 D/TabView (32438): 
07-05 21:32:49.126 I/MyFragmentStateAdapter(32438): getCount
07-05 21:32:49.126 I/MyFragmentStateAdapter(32438): getCount
07-05 21:32:49.127 D/TabView (32438): 
07-05 21:32:49.128 D/TabView (32438): 
07-05 21:32:49.128 D/TabView (32438): 
07-05 21:32:49.129 D/TabView (32438): 
07-05 21:32:49.130 D/TabView (32438): 
07-05 21:32:49.133 D/TabView (32438): 
07-05 21:32:49.134 D/TabView (32438): 
07-05 21:32:49.135 D/TabView (32438): 
07-05 21:32:49.136 D/TabView (32438): 
07-05 21:32:49.137 D/TabView (32438): 
07-05 21:32:49.137 D/TabView (32438): 
07-05 21:32:49.138 D/TabView (32438): 
07-05 21:32:49.139 D/TabView (32438): 
07-05 21:32:49.140 D/TabView (32438): 
07-05 21:32:49.143 D/TabView (32438): 
07-05 21:32:49.144 D/TabView (32438): 
07-05 21:32:49.146 I/MyFragmentStateAdapter(32438): getCount
07-05 21:32:49.146 I/MyFragmentStateAdapter(32438): getCount
07-05 21:32:49.157 I/TabView (32438): onScroll:,firstItem=0,visibleCount=6,totalCount=10
07-05 21:32:49.162 D/Carousel-CarouselView(32438): ============>onScrollChanged hashCode:659311542
07-05 21:32:49.162 D/Carousel-CarouselDisplayPlayerLayout(32438): isFullScreen:false
07-05 21:32:49.164 I/MainHomeView(32438): onPanelSlide0.26717559---left187
07-05 21:32:49.171 I/CurrentCarouselView(32438): onCarouseControlCarouselControlBean{mShoudScroll=true, mActivityHasResume=false, mActivityHasStop=false, mHasTurnGone=false, mHasTurnVisible=false, mChannelId=-1, mSlideOffset=0.26717559, mShouldSelectCenter=false, mTabOpen=false, mHoriPosStatus=None, mVerPosStatus=None, mLevelStatus=None},isPlayingtrue,channelId=0
07-05 21:32:49.171 I/CurrentCarouselView(32438): is not the current page
07-05 21:32:49.171 I/CurrentCarouselView(32438): do scroll
07-05 21:32:49.171 D/Carousel-CarouselView(32438): smoothScroll.
07-05 21:32:49.171 D/Carousel-CarouselDisplayPlayerLayout(32438): isFullScreen:false
07-05 21:32:49.172 D/TabView (32438): onReceiveSlidingOffset ===>:0.26717559
07-05 21:32:49.175 I/MyFragmentStateAdapter(32438): getCount
07-05 21:32:49.193 D/Carousel-CarouselDisplayPlayerLayout(32438): HasFocus:false,keyCode:22
07-05 21:32:49.194 D/Carousel-CarouselDisplayPlayerLayout(32438): isFullScreen:false
07-05 21:32:49.194 I/HomeMainActivity(32438): carousel handle key:false
07-05 21:32:49.200 D/MSTAR_VDEC_DBG( 1206): Stream ID: 0, Rate : 23 (E:0,D:0,S:0,F:76) 
07-05 21:32:49.210 V/InputMethodService( 2203): startInput(): editor=android.view.inputmethod.EditorInfo@215cf7b5
07-05 21:32:49.210 V/InputMethodService( 2203): CALL: onFinishInput
07-05 21:32:49.216 I/MainHomeView(32438): onPanelSlide0.129771---left169
07-05 21:32:49.217 E/SOGOUIME_JNI( 2203): reset
07-05 21:32:49.217 I/CurrentCarouselView(32438): onCarouseControlCarouselControlBean{mShoudScroll=true, mActivityHasResume=false, mActivityHasStop=false, mHasTurnGone=false, mHasTurnVisible=false, mChannelId=-1, mSlideOffset=0.129771, mShouldSelectCenter=false, mTabOpen=false, mHoriPosStatus=None, mVerPosStatus=None, mLevelStatus=None},isPlayingtrue,channelId=0
07-05 21:32:49.217 I/CurrentCarouselView(32438): is not the current page
07-05 21:32:49.217 I/CurrentCarouselView(32438): do scroll
07-05 21:32:49.217 D/Carousel-CarouselView(32438): smoothScroll.
07-05 21:32:49.217 D/Carousel-CarouselDisplayPlayerLayout(32438): isFullScreen:false
07-05 21:32:49.217 E/SOGOUIME_JNI( 2203): getCandidates
07-05 21:32:49.217 D/TabView (32438): onReceiveSlidingOffset ===>:0.129771
07-05 21:32:49.217 E/SOGOUIME_JNI( 2203): ime_get_uncommitted_length
07-05 21:32:49.217 E/SOGOUIME_JNI( 2203): getCandidates
07-05 21:32:49.217 D/SogouIME API( 2203): ==============num:32
07-05 21:32:49.217 E/SOGOUIME_JNI( 2203): ime_get_uncommitted_length
07-05 21:32:49.217 D/SogouIME( 2203): mFocusedComponent:30   isHkbEnable:false
07-05 21:32:49.218 E/SOGOUIME_JNI( 2203): ime_get_uncommitted_length
07-05 21:32:49.218 E/SOGOUIME_JNI( 2203): ime_get_committed_length
07-05 21:32:49.218 E/SOGOUIME_JNI( 2203): getComposingInfo
07-05 21:32:49.218 E/SOGOUIME_JNI( 2203): getComposingInfo
07-05 21:32:49.218 E/SOGOUIME_JNI( 2203): getCorrectInfo
07-05 21:32:49.218 E/SOGOUIME_JNI( 2203): getComposingInfo
07-05 21:32:49.219 V/InputMethodService( 2203): CALL: onStartInput
07-05 21:32:49.219 E/SOGOUIME_JNI( 2203): invalidateCommitWordPinyinNative
07-05 21:32:49.219 D/SogouIME( 2203): =====configKeyboard=======:false     false
07-05 21:32:49.219 E/SOGOUIME_JNI( 2203): ime_set_hard_kb_enable
07-05 21:32:49.232 D/Carousel-CarouselDisplayPlayerLayout(32438): x=397, y=167,w=892,h=536, hashCode=593099779
07-05 21:32:49.232 D/Carousel-CarouselDisplayPlayerLayout(32438): mX=511, mY=167,mWitdh=892,mHeight=536, hashCode=593099779
07-05 21:32:49.232 D/Carousel-CarouselDisplayPlayerLayout(32438): changed=true, hashCode=593099779
07-05 21:32:49.248 D/Carousel-Utils(32438): x=397,y=167, width=892,height=536
07-05 21:32:49.248 D/Carousel-CarouselDisplayPlayerLayout(32438): isFullScreen:false
07-05 21:32:49.248 D/Carousel-CarouselView(32438): ===========>onScrollStart
07-05 21:32:49.249 D/Carousel-Utils(32438): displayImage view=android.widget.ImageView{2f6d578d I.ED.... ......ID 0,0-816,460 #7f0d0029 app:id/imageView1}
07-05 21:32:49.249 D/Carousel-Utils(32438): displayImage url=http://picture.edu.hismarttv.com/images/20170629010146422927.jpg
07-05 21:32:49.250 D/Carousel-Utils(32438): onResourceReady.
07-05 21:32:49.250 I/TVMW@devctrl( 1234): wdt
07-05 21:32:49.260 D/Carousel-Utils(32438): displayImage view=android.widget.ImageView{185a7e14 I.ED.... ........ 0,0-816,460 #7f0d0029 app:id/imageView1}
07-05 21:32:49.260 D/Carousel-Utils(32438): displayImage url=http://picture.edu.hismarttv.com/images/20170629010146422927.jpg
07-05 21:32:49.264 D/Carousel-Utils(32438): onResourceReady.
07-05 21:32:49.264 D/Carousel-CarouselDisplayPlayerLayout(32438): x=397, y=167,w=892,h=536, hashCode=593099779
07-05 21:32:49.264 D/Carousel-CarouselDisplayPlayerLayout(32438): mX=397, mY=167,mWitdh=892,mHeight=536, hashCode=593099779
07-05 21:32:49.264 D/Carousel-CarouselDisplayPlayerLayout(32438): changed=false, hashCode=593099779
07-05 21:32:49.264 D/Carousel-CarouselDisplayPlayerLayout(32438): extraTryCount=0
07-05 21:32:49.279 I/TVMW@HsTvSetting( 1234): Trace cmd, data = 0x1058
07-05 21:32:49.279 D/til@system( 2026): til_get_system_param option:100002F int:0, bool:0, ret:0
07-05 21:32:49.279 I/TVMW@HsTvSetting( 1234): Trace cmd, data = 0x101f
07-05 21:32:49.280 D/til@system( 2026): til_get_system_param option:100001D int:3, bool:3, ret:0
07-05 21:32:49.280 E/til     ( 2026): [til_get_current_input_source, 101] 
07-05 21:32:49.280 I/TVMW@HsTvSetting( 1234): Trace cmd, data = 0x7007
07-05 21:32:49.280 I/tilwrapper@sm( 2026): HS2TIL_SourceType *hs=0xd, *til=0x900
07-05 21:32:49.280 D/til     ( 2026): get current source 2304
07-05 21:32:49.280 D/SourceRemoteServiceHandler( 2026): getCurrentInputSource.from.til.result is 0, value is 2304
07-05 21:32:49.280 D/SourceRemoteServiceHandler( 2026): getInputSourceType source: 0x900, type=2304
07-05 21:32:49.280 D/til     ( 2026): ###### func:til_get_picture_param option:0x3000006 ######  
07-05 21:32:49.281 I/TVMW@HsTvSetting( 1234): Trace cmd, data = 0x1003
07-05 21:32:49.284 I/TVMW@HsTvSetting( 1234): Trace cmd, data = 0x8032
07-05 21:32:49.286 I/hstvos  ( 1216): [0m[1;33m[HSHAL][HS_VIDEO][HS_HAL_Video_SetOsdDetect_v2][2389]u16Threshold = 20
07-05 21:32:49.288 E/TVMW@videoctrl( 1234):  getOsd is 1
07-05 21:32:49.288 D/til@system( 2026): til_get_system_param option:1000027 int:1, bool:1, ret:0
07-05 21:32:49.289 D/til     ( 2026): ###### func:til_get_picture_param option:0x3000045 ######  
07-05 21:32:49.289 I/TVMW@HsTvSetting( 1234): Trace cmd, data = 0x300c
07-05 21:32:49.289 I/TVMW@HsTvSetting( 1234): Trace 3d, data = 0x300c
07-05 21:32:49.289 I/TVMW@3d ( 1234): Hs_debug3d_trace: func:get3dStatus, line:109
07-05 21:32:49.326 I/MyFragmentStateAdapter(32438): getCount
07-05 21:32:49.326 I/MyFragmentStateAdapter(32438): getCount
07-05 21:32:49.327 I/MyFragmentStateAdapter(32438): getCount
07-05 21:32:49.327 I/MyFragmentStateAdapter(32438): getCount
07-05 21:32:49.327 I/Carousel-UrlVideoView(32438): onMeasure(MeasureSpec: EXACTLY 816, MeasureSpec: EXACTLY 460)
07-05 21:32:49.327 D/Carousel-UrlVideoView(32438): widthSpecMode=1073741824
07-05 21:32:49.327 D/Carousel-UrlVideoView(32438): heightSpecMode=1073741824
07-05 21:32:49.327 D/Carousel-UrlVideoView(32438): widthSpecSize=816
07-05 21:32:49.327 D/Carousel-UrlVideoView(32438): heightSpecSize=460
07-05 21:32:49.327 I/Carousel-UrlVideoView(32438): onMeasure(MeasureSpec: EXACTLY 816, MeasureSpec: EXACTLY 460)
07-05 21:32:49.327 D/Carousel-UrlVideoView(32438): widthSpecMode=1073741824
07-05 21:32:49.327 D/Carousel-UrlVideoView(32438): heightSpecMode=1073741824
07-05 21:32:49.327 D/Carousel-UrlVideoView(32438): widthSpecSize=816
07-05 21:32:49.327 D/Carousel-UrlVideoView(32438): heightSpecSize=460
07-05 21:32:49.332 D/Surface ( 1733): onStatusChange() : mNativeObject = 547819076096 mUseImageHwRender = false
07-05 21:32:49.333 V/Surface ( 1733): nativeSetHardwareRender() : status = 0
07-05 21:32:49.333 V/Surface ( 1733): nativeSetHardwareRender() : end
07-05 21:32:49.334 D/PowerManagerService( 1733): releaseWakeLockInternal: lock=487931605 [WindowManager], flags=0x0
07-05 21:32:49.334 D/PowerManagerNotifier( 1733): onWakeLockReleased: flags=536870922, tag="WindowManager", packageName=android, ownerUid=1000, ownerPid=1733, workSource=WorkSource{10010}
07-05 21:32:49.334 D/PowerManagerService( 1733): userActivityNoUpdateLocked: eventTime=10410906, event=0, flags=0x1, uid=1000
07-05 21:32:49.334 D/PowerManagerService( 1733): setScreenBrightnessOverrideFromWindowManagerInternal done
07-05 21:32:49.337 D/Surface ( 1733): onStatusChange() : mNativeObject = 0 mUseImageHwRender = false
07-05 21:32:49.338 I/FirstLineAdapter(32438): canShowTrailer,isOffline=false
07-05 21:32:49.338 I/FirstLineAdapter(32438): canShowTrailer,isOffline=false
07-05 21:32:49.338 I/FirstLineAdapter(32438): canShowTrailer,isOffline=false
07-05 21:32:49.339 I/FirstLineAdapter(32438): canShowTrailer,isOffline=false
07-05 21:32:49.339 I/FirstLineAdapter(32438): canShowTrailer,isOffline=false
07-05 21:32:49.339 I/FirstLineAdapter(32438): canShowTrailer,isOffline=false
07-05 21:32:49.339 I/FirstLineAdapter(32438): canShowTrailer,isOffline=false
07-05 21:32:49.339 I/FirstLineAdapter(32438): canShowTrailer,isOffline=false
07-05 21:32:49.339 I/FirstLineAdapter(32438): canShowTrailer,isOffline=false
07-05 21:32:49.340 I/SurfaceView(32438): Changes: creating=false format=false size=false visible=false left=true top=false
07-05 21:32:49.340 I/SurfaceView(32438): Cur surface: Surface(name=null)/@0xad4e5c8
07-05 21:32:49.341 I/NetflixMonitorService( 1733): current fgapk : com.hisense.hicloud.edca
07-05 21:32:49.341 I/NetflixMonitorService( 1733): Netflix status unchanged
07-05 21:32:49.349 D/Surface ( 1733): onStatusChange() : mNativeObject = 547819129856 mUseImageHwRender = false
07-05 21:32:49.349 V/Surface ( 1733): nativeSetHardwareRender() : status = 0
07-05 21:32:49.349 V/Surface ( 1733): nativeSetHardwareRender() : end
07-05 21:32:49.351 D/PowerManagerService( 1733): setScreenBrightnessOverrideFromWindowManagerInternal done
07-05 21:32:49.353 D/Surface ( 1733): onStatusChange() : mNativeObject = 0 mUseImageHwRender = false
07-05 21:32:49.354 D/Surface (32438): onStatusChange() : mNativeObject = -538231808 mUseImageHwRender = false
07-05 21:32:49.354 V/Surface (32438): nativeSetHardwareRender() : status = 0
07-05 21:32:49.354 V/Surface (32438): nativeSetHardwareRender() : end
07-05 21:32:49.354 I/SurfaceView(32438): New surface: Surface(name=null)/@0x3b58f661, vis=true, frame=Rect(435, 205 - 1251, 665)
07-05 21:32:49.354 D/Surface (32438): onStatusChange() : mNativeObject = 0 mUseImageHwRender = false
07-05 21:32:49.355 D/Surface (32438): onStatusChange() : mNativeObject = -538231808 mUseImageHwRender = false
07-05 21:32:49.355 V/Surface (32438): nativeSetHardwareRender() : status = 0
07-05 21:32:49.355 V/Surface (32438): nativeSetHardwareRender() : end
07-05 21:32:49.357 D/PowerManagerService( 1733): acquireWakeLockInternal: lock=1013057410, flags=0x1, tag="*alarm*", ws=WorkSource{1000}, uid=1000, pid=1733
07-05 21:32:49.357 D/PowerManagerNotifier( 1733): onWakeLockAcquired: flags=1, tag="*alarm*", packageName=android, ownerUid=1000, ownerPid=1733, workSource=WorkSource{1000}
07-05 21:32:49.359 V/SurfaceView(32438): Layout: x=435 y=205 w=816 h=460, frame=Rect(0, 0 - 816, 460)
07-05 21:32:49.359 D/PowerManagerService( 1733): releaseWakeLockInternal: lock=1013057410 [*alarm*], flags=0x0
07-05 21:32:49.359 D/PowerManagerNotifier( 1733): onWakeLockReleased: flags=1, tag="*alarm*", packageName=android, ownerUid=1000, ownerPid=1733, workSource=WorkSource{1000}
07-05 21:32:49.365 I/MainHomeView(32438): onPanelSlide0.007633588---left153
07-05 21:32:49.365 I/CurrentCarouselView(32438): onCarouseControlCarouselControlBean{mShoudScroll=true, mActivityHasResume=false, mActivityHasStop=false, mHasTurnGone=false, mHasTurnVisible=false, mChannelId=-1, mSlideOffset=0.007633588, mShouldSelectCenter=false, mTabOpen=false, mHoriPosStatus=None, mVerPosStatus=None, mLevelStatus=None},isPlayingtrue,channelId=0
07-05 21:32:49.365 I/CurrentCarouselView(32438): is not the current page
07-05 21:32:49.365 I/CurrentCarouselView(32438): do scroll
07-05 21:32:49.365 D/Carousel-CarouselView(32438): smoothScroll.
07-05 21:32:49.365 D/Carousel-CarouselDisplayPlayerLayout(32438): isFullScreen:false
07-05 21:32:49.365 D/TabView (32438): onReceiveSlidingOffset ===>:0.007633588
07-05 21:32:49.367 I/MyFragmentStateAdapter(32438): getCount
07-05 21:32:49.370 D/Carousel-CarouselDisplayPlayerLayout(32438): x=381, y=167,w=892,h=536, hashCode=593099779
07-05 21:32:49.370 D/Carousel-CarouselDisplayPlayerLayout(32438): mX=397, mY=167,mWitdh=892,mHeight=536, hashCode=593099779
07-05 21:32:49.370 D/Carousel-CarouselDisplayPlayerLayout(32438): changed=true, hashCode=593099779
07-05 21:32:49.370 D/Carousel-Utils(32438): x=381,y=167, width=892,height=536
07-05 21:32:49.374 D/Carousel-CarouselDisplayPlayerLayout(32438): x=381, y=167,w=892,h=536, hashCode=593099779
07-05 21:32:49.374 D/Carousel-CarouselDisplayPlayerLayout(32438): mX=381, mY=167,mWitdh=892,mHeight=536, hashCode=593099779
07-05 21:32:49.374 D/Carousel-CarouselDisplayPlayerLayout(32438): changed=false, hashCode=593099779
07-05 21:32:49.374 D/Carousel-CarouselDisplayPlayerLayout(32438): extraTryCount=0
07-05 21:32:49.374 D/Carousel-CarouselDisplayPlayerLayout(32438): x=381, y=167,w=892,h=536, hashCode=593099779
07-05 21:32:49.374 D/Carousel-CarouselDisplayPlayerLayout(32438): mX=381, mY=167,mWitdh=892,mHeight=536, hashCode=593099779
07-05 21:32:49.374 D/Carousel-CarouselDisplayPlayerLayout(32438): changed=false, hashCode=593099779
07-05 21:32:49.374 D/Carousel-CarouselDisplayPlayerLayout(32438): extraTryCount=1
07-05 21:32:49.375 E/hwcomposer( 1204): Overlay 0 size changeed src {1920 1080} -> {1920, 1080} crop{0.000000 0.000000 1920.000000 1080.000000}->{0.000000 0.000000 1920.000000 1080.000000} dst{549 205 1365 665}->{435 205 1251 665}
07-05 21:32:49.377 I/Carousel-UrlVideoView(32438): onMeasure(MeasureSpec: EXACTLY 816, MeasureSpec: EXACTLY 460)
07-05 21:32:49.377 D/Carousel-UrlVideoView(32438): widthSpecMode=1073741824
07-05 21:32:49.377 D/Carousel-UrlVideoView(32438): heightSpecMode=1073741824
07-05 21:32:49.377 D/Carousel-UrlVideoView(32438): widthSpecSize=816
07-05 21:32:49.377 D/Carousel-UrlVideoView(32438): heightSpecSize=460
07-05 21:32:49.377 I/Carousel-UrlVideoView(32438): onMeasure(MeasureSpec: EXACTLY 816, MeasureSpec: EXACTLY 460)
07-05 21:32:49.377 D/Carousel-UrlVideoView(32438): widthSpecMode=1073741824
07-05 21:32:49.377 D/Carousel-UrlVideoView(32438): heightSpecMode=1073741824
07-05 21:32:49.377 D/Carousel-UrlVideoView(32438): widthSpecSize=816
07-05 21:32:49.377 D/Carousel-UrlVideoView(32438): heightSpecSize=460
07-05 21:32:49.377 I/SurfaceView(32438): Changes: creating=false format=false size=false visible=false left=true top=false
07-05 21:32:49.377 I/SurfaceView(32438): Cur surface: Surface(name=null)/@0xad4e5c8
07-05 21:32:49.378 D/Surface ( 1733): onStatusChange() : mNativeObject = 547819129856 mUseImageHwRender = false
07-05 21:32:49.378 V/Surface ( 1733): nativeSetHardwareRender() : status = 0
07-05 21:32:49.378 V/Surface ( 1733): nativeSetHardwareRender() : end
07-05 21:32:49.386 D/PowerManagerService( 1733): setScreenBrightnessOverrideFromWindowManagerInternal done
07-05 21:32:49.395 D/Surface ( 1733): onStatusChange() : mNativeObject = 0 mUseImageHwRender = false
07-05 21:32:49.404 D/Surface (32438): onStatusChange() : mNativeObject = -195827200 mUseImageHwRender = false
07-05 21:32:49.404 V/Surface (32438): nativeSetHardwareRender() : status = 0
07-05 21:32:49.404 V/Surface (32438): nativeSetHardwareRender() : end
07-05 21:32:49.404 I/SurfaceView(32438): New surface: Surface(name=null)/@0x3b58f661, vis=true, frame=Rect(419, 205 - 1235, 665)
07-05 21:32:49.404 D/Surface (32438): onStatusChange() : mNativeObject = 0 mUseImageHwRender = false
07-05 21:32:49.404 D/Surface (32438): onStatusChange() : mNativeObject = -195827200 mUseImageHwRender = false
07-05 21:32:49.404 V/Surface (32438): nativeSetHardwareRender() : status = 0
07-05 21:32:49.404 V/Surface (32438): nativeSetHardwareRender() : end
07-05 21:32:49.406 V/SurfaceView(32438): Layout: x=419 y=205 w=816 h=460, frame=Rect(0, 0 - 816, 460)
07-05 21:32:49.410 I/MainHomeView(32438): onPanelSlide0.0---left152
07-05 21:32:49.410 I/CurrentCarouselView(32438): onCarouseControlCarouselControlBean{mShoudScroll=true, mActivityHasResume=false, mActivityHasStop=false, mHasTurnGone=false, mHasTurnVisible=false, mChannelId=-1, mSlideOffset=0.0, mShouldSelectCenter=false, mTabOpen=false, mHoriPosStatus=None, mVerPosStatus=None, mLevelStatus=None},isPlayingtrue,channelId=0
07-05 21:32:49.410 I/CurrentCarouselView(32438): is not the current page
07-05 21:32:49.410 I/CurrentCarouselView(32438): do scroll
07-05 21:32:49.410 D/Carousel-CarouselView(32438): smoothScroll.
07-05 21:32:49.410 D/Carousel-CarouselDisplayPlayerLayout(32438): isFullScreen:false
07-05 21:32:49.411 D/TabView (32438): onReceiveSlidingOffset ===>:0.0
07-05 21:32:49.412 D/hwcomposer( 1204): Overlay [0] do size change!
07-05 21:32:49.412 D/vsyncbridge( 1204): [0] handle_thread thread got msg 0x2, mState = 3
07-05 21:32:49.412 D/vsyncbridge( 1204): Overlay 0 Resize, mState = 0x3, 0, disp[435 205 816 460] osd[1920 1080]
07-05 21:32:49.414 D/Carousel-CarouselDisplayPlayerLayout(32438): x=380, y=167,w=892,h=536, hashCode=593099779
07-05 21:32:49.414 D/Carousel-CarouselDisplayPlayerLayout(32438): mX=381, mY=167,mWitdh=892,mHeight=536, hashCode=593099779
07-05 21:32:49.414 D/Carousel-CarouselDisplayPlayerLayout(32438): changed=true, hashCode=593099779
07-05 21:32:49.414 D/Carousel-Utils(32438): x=380,y=167, width=892,height=536
07-05 21:32:49.414 D/Carousel-CarouselDisplayPlayerLayout(32438): x=380, y=167,w=892,h=536, hashCode=593099779
07-05 21:32:49.414 D/Carousel-CarouselDisplayPlayerLayout(32438): mX=380, mY=167,mWitdh=892,mHeight=536, hashCode=593099779
07-05 21:32:49.414 D/Carousel-CarouselDisplayPlayerLayout(32438): changed=false, hashCode=593099779
07-05 21:32:49.414 D/Carousel-CarouselDisplayPlayerLayout(32438): extraTryCount=0
07-05 21:32:49.414 D/Carousel-CarouselDisplayPlayerLayout(32438): x=380, y=167,w=892,h=536, hashCode=593099779
07-05 21:32:49.414 D/Carousel-CarouselDisplayPlayerLayout(32438): mX=380, mY=167,mWitdh=892,mHeight=536, hashCode=593099779
07-05 21:32:49.414 D/Carousel-CarouselDisplayPlayerLayout(32438): changed=false, hashCode=593099779
07-05 21:32:49.414 D/Carousel-CarouselDisplayPlayerLayout(32438): extraTryCount=1
07-05 21:32:49.414 D/Carousel-CarouselDisplayPlayerLayout(32438): x=380, y=167,w=892,h=536, hashCode=593099779
07-05 21:32:49.414 D/Carousel-CarouselDisplayPlayerLayout(32438): mX=380, mY=167,mWitdh=892,mHeight=536, hashCode=593099779
07-05 21:32:49.414 D/Carousel-CarouselDisplayPlayerLayout(32438): changed=false, hashCode=593099779
07-05 21:32:49.414 D/Carousel-CarouselDisplayPlayerLayout(32438): extraTryCount=2
07-05 21:32:49.416 D/vsyncbridge( 1204): [update_ds_table,  594] DispW:1632 DispH:920 
07-05 21:32:49.416 D/vsyncbridge( 1204): [update_ds_table,  598] Cap.x:1105 Cap.y:30 CapW:1920 CapH:1080 
07-05 21:32:49.416 D/vsyncbridge( 1204): [update_ds_table,  599] enInputSourceType:34 
07-05 21:32:49.416 D/vsyncbridge( 1204): [update_ds_table,  601] u16InputVTotal:2205  u16InputVFreq:240 
07-05 21:32:49.416 D/vsyncbridge( 1204): [update_ds_table,  603] bInterlace:0  u16DefaultHtotal:0 
07-05 21:32:49.416 D/vsyncbridge( 1204): [update_ds_table,  606] bPreHCusScaling:1  bPreVCusScaling:1 
07-05 21:32:49.416 D/vsyncbridge( 1204): [update_ds_table,  608] u16PreHCusScalingSrc:1920  u16PreHCusScalingDst:1920 
07-05 21:32:49.416 D/vsyncbridge( 1204): [update_ds_table,  610] u16PreVCusScalingSrc:1080  u16PreVCusScalingSrc:1080 
07-05 21:32:49.416 D/vsyncbridge( 1204): [update_ds_table,  613] bHCusScaling:0  bVCusScaling:0 
07-05 21:32:49.416 D/vsyncbridge( 1204): [update_ds_table,  615] u16HCusScalingSrc:1920  u16HCusScalingDst:1632 
07-05 21:32:49.416 D/vsyncbridge( 1204): [update_ds_table,  617] u16VCusScalingSrc:1080  u16VCusScalingDst:920 
07-05 21:32:49.416 D/vsyncbridge( 1204): vsync_bridge_CalAspectRatio type = 0
07-05 21:32:49.416 D/vsyncbridge( 1204): panel [3840 2160] osd [1920 1080] ratio [2.000000 2.000000]
07-05 21:32:49.416 D/vsyncbridge( 1204): apply ratio, x=870, y=410, width=1632, height=920
07-05 21:32:49.416 D/vsyncbridge( 1204): disp_old[870 410 2502 1330], disp_new[870 410 2502 1330], crop[0 0 1920 1080]
07-05 21:32:49.416 D/vsyncbridge( 1204): [update_ds_table,  798] SW DS !!! 
07-05 21:32:49.416 D/vsyncbridge( 1204): [update_ds_table,  800] stXC_SetWin_Info.stCapWin.width1920  stXC_SetWin_Info.stCapWin.height:1080
07-05 21:32:49.416 D/vsyncbridge( 1204): [update_ds_table,  802] stXC_SetWin_Info.stCropWin.width1920  stXC_SetWin_Info.stCropWin.height:1080
07-05 21:32:49.417 D/vsyncbridge( 1204): [update_ds_table,  803] MApi_XC_GetDynamicScalingStatus():1 
07-05 21:32:49.417 D/        ( 1204): Alert: cannot get frameCount from IOCTL, eWindow=0! Fall back to original frame mode
07-05 21:32:49.417 D/        ( 1204): MVOP is 1P mode
07-05 21:32:49.417 D/        ( 1204): [_MDrv_SC_check_2p_mode][9405]u16Width=3840,u16Height=2160,u32Vfreqx10=240
07-05 21:32:49.417 D/vsyncbridge( 1204): vsync_bridge_render_frame pts = 2583333, DS_Idx=0x1, overlayID=0
07-05 21:32:49.417 D/vsyncbridge( 1204):  W 6, R 5, Cur 6
07-05 21:32:49.417 D/vsyncbridge( 1204): vsync_bridge_CalAspectRatio type = 0
07-05 21:32:49.417 D/vsyncbridge( 1204): panel [3840 2160] osd [1920 1080] ratio [2.000000 2.000000]
07-05 21:32:49.417 D/vsyncbridge( 1204): apply ratio, x=870, y=410, width=1632, height=920
07-05 21:32:49.425 I/Carousel-UrlVideoView(32438): onMeasure(MeasureSpec: EXACTLY 816, MeasureSpec: EXACTLY 460)
07-05 21:32:49.425 D/Carousel-UrlVideoView(32438): widthSpecMode=1073741824
07-05 21:32:49.425 D/Carousel-UrlVideoView(32438): heightSpecMode=1073741824
07-05 21:32:49.425 D/Carousel-UrlVideoView(32438): widthSpecSize=816
07-05 21:32:49.425 D/Carousel-UrlVideoView(32438): heightSpecSize=460
07-05 21:32:49.425 I/Carousel-UrlVideoView(32438): onMeasure(MeasureSpec: EXACTLY 816, MeasureSpec: EXACTLY 460)
07-05 21:32:49.425 D/Carousel-UrlVideoView(32438): widthSpecMode=1073741824
07-05 21:32:49.425 D/Carousel-UrlVideoView(32438): heightSpecMode=1073741824
07-05 21:32:49.425 D/Carousel-UrlVideoView(32438): widthSpecSize=816
07-05 21:32:49.425 D/Carousel-UrlVideoView(32438): heightSpecSize=460
07-05 21:32:49.426 I/SurfaceView(32438): Changes: creating=false format=false size=false visible=false left=true top=false
07-05 21:32:49.426 I/SurfaceView(32438): Cur surface: Surface(name=null)/@0xad4e5c8
07-05 21:32:49.426 E/hwcomposer( 1204): Overlay 0 size changeed src {1920 1080} -> {1920, 1080} crop{0.000000 0.000000 1920.000000 1080.000000}->{0.000000 0.000000 1920.000000 1080.000000} dst{435 205 1251 665}->{419 205 1235 665}
07-05 21:32:49.427 D/Surface ( 1733): onStatusChange() : mNativeObject = 547819129856 mUseImageHwRender = false
07-05 21:32:49.427 V/Surface ( 1733): nativeSetHardwareRender() : status = 0
07-05 21:32:49.427 V/Surface ( 1733): nativeSetHardwareRender() : end
07-05 21:32:49.439 D/PowerManagerService( 1733): setScreenBrightnessOverrideFromWindowManagerInternal done
07-05 21:32:49.446 D/IntertrustDRMManager(32438): [TID 32610] wasabi runtime initialized success.
07-05 21:32:49.448 D/Surface ( 1733): onStatusChange() : mNativeObject = 0 mUseImageHwRender = false
07-05 21:32:49.449 D/Surface (32438): onStatusChange() : mNativeObject = -538231808 mUseImageHwRender = false
07-05 21:32:49.449 V/Surface (32438): nativeSetHardwareRender() : status = 0
07-05 21:32:49.449 V/Surface (32438): nativeSetHardwareRender() : end
07-05 21:32:49.449 I/SurfaceView(32438): New surface: Surface(name=null)/@0x3b58f661, vis=true, frame=Rect(418, 205 - 1234, 665)
07-05 21:32:49.449 D/Surface (32438): onStatusChange() : mNativeObject = 0 mUseImageHwRender = false
07-05 21:32:49.449 D/Surface (32438): onStatusChange() : mNativeObject = -538231808 mUseImageHwRender = false
07-05 21:32:49.449 V/Surface (32438): nativeSetHardwareRender() : status = 0
07-05 21:32:49.449 V/Surface (32438): nativeSetHardwareRender() : end
07-05 21:32:49.450 V/SurfaceView(32438): Layout: x=418 y=205 w=816 h=460, frame=Rect(0, 0 - 816, 460)
07-05 21:32:49.454 D/Carousel-CarouselDisplayPlayerLayout(32438): x=380, y=167,w=892,h=536, hashCode=593099779
07-05 21:32:49.454 D/Carousel-CarouselDisplayPlayerLayout(32438): mX=380, mY=167,mWitdh=892,mHeight=536, hashCode=593099779
07-05 21:32:49.454 D/Carousel-CarouselDisplayPlayerLayout(32438): changed=false, hashCode=593099779
07-05 21:32:49.454 D/Carousel-CarouselDisplayPlayerLayout(32438): extraTryCount=3
07-05 21:32:49.454 I/MainHomeView(32438): onPanelClosed---left152
07-05 21:32:49.457 D/Carousel-CarouselDisplayPlayerLayout(32438): x=380, y=167,w=892,h=536, hashCode=593099779
07-05 21:32:49.457 D/Carousel-CarouselDisplayPlayerLayout(32438): mX=380, mY=167,mWitdh=892,mHeight=536, hashCode=593099779
07-05 21:32:49.457 D/Carousel-CarouselDisplayPlayerLayout(32438): changed=false, hashCode=593099779
07-05 21:32:49.457 D/Carousel-CarouselDisplayPlayerLayout(32438): extraTryCount=4
07-05 21:32:49.457 D/Carousel-CarouselDisplayPlayerLayout(32438): x=380, y=167,w=892,h=536, hashCode=593099779
07-05 21:32:49.457 D/Carousel-CarouselDisplayPlayerLayout(32438): mX=380, mY=167,mWitdh=892,mHeight=536, hashCode=593099779
07-05 21:32:49.457 D/Carousel-CarouselDisplayPlayerLayout(32438): changed=false, hashCode=593099779
07-05 21:32:49.457 D/Carousel-CarouselDisplayPlayerLayout(32438): extraTryCount=5
07-05 21:32:49.457 D/Carousel-CarouselDisplayPlayerLayout(32438): x=380, y=167,w=892,h=536, hashCode=593099779
07-05 21:32:49.457 D/Carousel-CarouselDisplayPlayerLayout(32438): mX=380, mY=167,mWitdh=892,mHeight=536, hashCode=593099779
07-05 21:32:49.457 D/Carousel-CarouselDisplayPlayerLayout(32438): changed=false, hashCode=593099779
07-05 21:32:49.457 D/Carousel-CarouselDisplayPlayerLayout(32438): extraTryCount=6
07-05 21:32:49.458 D/Carousel-CarouselDisplayPlayerLayout(32438): x=380, y=167,w=892,h=536, hashCode=593099779
07-05 21:32:49.458 D/Carousel-CarouselDisplayPlayerLayout(32438): mX=380, mY=167,mWitdh=892,mHeight=536, hashCode=593099779
07-05 21:32:49.458 D/Carousel-CarouselDisplayPlayerLayout(32438): changed=false, hashCode=593099779
07-05 21:32:49.458 D/Carousel-CarouselDisplayPlayerLayout(32438): extraTryCount=7
07-05 21:32:49.476 E/hwcomposer( 1204): Overlay 0 size changeed src {1920 1080} -> {1920, 1080} crop{0.000000 0.000000 1920.000000 1080.000000}->{0.000000 0.000000 1920.000000 1080.000000} dst{419 205 1235 665}->{418 205 1234 665}
07-05 21:32:49.478 D/Carousel-CarouselDisplayPlayerLayout(32438): x=380, y=167,w=892,h=536, hashCode=593099779
07-05 21:32:49.478 D/Carousel-CarouselDisplayPlayerLayout(32438): mX=380, mY=167,mWitdh=892,mHeight=536, hashCode=593099779
07-05 21:32:49.478 D/Carousel-CarouselDisplayPlayerLayout(32438): changed=false, hashCode=593099779
07-05 21:32:49.478 D/Carousel-CarouselDisplayPlayerLayout(32438): extraTryCount=8
07-05 21:32:49.479 D/Carousel-CarouselDisplayPlayerLayout(32438): x=380, y=167,w=892,h=536, hashCode=593099779
07-05 21:32:49.479 D/Carousel-CarouselDisplayPlayerLayout(32438): mX=380, mY=167,mWitdh=892,mHeight=536, hashCode=593099779
07-05 21:32:49.479 D/Carousel-CarouselDisplayPlayerLayout(32438): changed=false, hashCode=593099779
07-05 21:32:49.479 D/Carousel-CarouselDisplayPlayerLayout(32438): extraTryCount=9
07-05 21:32:49.479 D/Carousel-CarouselDisplayPlayerLayout(32438): x=380, y=167,w=892,h=536, hashCode=593099779
07-05 21:32:49.479 D/Carousel-CarouselDisplayPlayerLayout(32438): mX=380, mY=167,mWitdh=892,mHeight=536, hashCode=593099779
07-05 21:32:49.479 D/Carousel-CarouselDisplayPlayerLayout(32438): changed=false, hashCode=593099779
07-05 21:32:49.479 D/Carousel-CarouselDisplayPlayerLayout(32438): isFullScreen:false
07-05 21:32:49.479 D/Carousel-CarouselView(32438): ===========>mDisplayPlayerLayout.getVisibility()=4
07-05 21:32:49.479 D/Carousel-CarouselView(32438): ===========>onScrollEnd
07-05 21:32:49.479 D/Carousel-Utils(32438): x=380,y=167, width=892,height=536
07-05 21:32:49.480 D/Carousel-CarouselView(32438): isOutScreen:false
07-05 21:32:49.494 I/MyFragmentStateAdapter(32438): getCount
07-05 21:32:49.494 I/MyFragmentStateAdapter(32438): getCount
07-05 21:32:49.494 I/MyFragmentStateAdapter(32438): getCount
07-05 21:32:49.494 I/MyFragmentStateAdapter(32438): getCount
07-05 21:32:49.497 D/Surface ( 1733): onStatusChange() : mNativeObject = 547819076096 mUseImageHwRender = false
07-05 21:32:49.497 V/Surface ( 1733): nativeSetHardwareRender() : status = 0
07-05 21:32:49.497 V/Surface ( 1733): nativeSetHardwareRender() : end
07-05 21:32:49.499 D/PowerManagerService( 1733): acquireWakeLockInternal: lock=487931605, flags=0x2000000a, tag="WindowManager", ws=WorkSource{10010}, uid=1000, pid=1733
07-05 21:32:49.500 D/PowerManagerNotifier( 1733): onWakeLockAcquired: flags=536870922, tag="WindowManager", packageName=android, ownerUid=1000, ownerPid=1733, workSource=WorkSource{10010}
07-05 21:32:49.500 D/PowerManagerService( 1733): setScreenBrightnessOverrideFromWindowManagerInternal done
07-05 21:32:49.504 D/Surface ( 1733): onStatusChange() : mNativeObject = 0 mUseImageHwRender = false
07-05 21:32:49.505 I/FirstLineAdapter(32438): canShowTrailer,isOffline=false
07-05 21:32:49.505 I/FirstLineAdapter(32438): canShowTrailer,isOffline=false
07-05 21:32:49.505 I/FirstLineAdapter(32438): canShowTrailer,isOffline=false
07-05 21:32:49.505 I/FirstLineAdapter(32438): canShowTrailer,isOffline=false
07-05 21:32:49.505 I/FirstLineAdapter(32438): canShowTrailer,isOffline=false
07-05 21:32:49.505 I/FirstLineAdapter(32438): canShowTrailer,isOffline=false
07-05 21:32:49.505 I/FirstLineAdapter(32438): canShowTrailer,isOffline=false
07-05 21:32:49.506 I/FirstLineAdapter(32438): canShowTrailer,isOffline=false
07-05 21:32:49.506 I/FirstLineAdapter(32438): canShowTrailer,isOffline=false
07-05 21:32:49.509 D/hwcomposer( 1204): Overlay [0] do size change!
07-05 21:32:49.510 D/vsyncbridge( 1204): [0] handle_thread thread got msg 0x2, mState = 3
07-05 21:32:49.510 D/vsyncbridge( 1204): Overlay 0 Resize, mState = 0x3, 0, disp[418 205 816 460] osd[1920 1080]
07-05 21:32:49.510 D/vsyncbridge( 1204): [update_ds_table,  594] DispW:1632 DispH:920 
07-05 21:32:49.510 D/vsyncbridge( 1204): [update_ds_table,  598] Cap.x:1105 Cap.y:30 CapW:1920 CapH:1080 
07-05 21:32:49.510 D/vsyncbridge( 1204): [update_ds_table,  599] enInputSourceType:34 
07-05 21:32:49.510 D/vsyncbridge( 1204): [update_ds_table,  601] u16InputVTotal:2205  u16InputVFreq:240 
07-05 21:32:49.510 D/vsyncbridge( 1204): [update_ds_table,  603] bInterlace:0  u16DefaultHtotal:0 
07-05 21:32:49.510 D/vsyncbridge( 1204): [update_ds_table,  606] bPreHCusScaling:1  bPreVCusScaling:1 
07-05 21:32:49.510 D/vsyncbridge( 1204): [update_ds_table,  608] u16PreHCusScalingSrc:1920  u16PreHCusScalingDst:1920 
07-05 21:32:49.510 D/vsyncbridge( 1204): [update_ds_table,  610] u16PreVCusScalingSrc:1080  u16PreVCusScalingSrc:1080 
07-05 21:32:49.510 D/vsyncbridge( 1204): [update_ds_table,  613] bHCusScaling:0  bVCusScaling:0 
07-05 21:32:49.510 D/vsyncbridge( 1204): [update_ds_table,  615] u16HCusScalingSrc:1920  u16HCusScalingDst:1632 
07-05 21:32:49.510 D/vsyncbridge( 1204): [update_ds_table,  617] u16VCusScalingSrc:1080  u16VCusScalingDst:920 
07-05 21:32:49.510 D/vsyncbridge( 1204): vsync_bridge_CalAspectRatio type = 0
07-05 21:32:49.510 D/vsyncbridge( 1204): panel [3840 2160] osd [1920 1080] ratio [2.000000 2.000000]
07-05 21:32:49.510 D/vsyncbridge( 1204): apply ratio, x=836, y=410, width=1632, height=920
07-05 21:32:49.510 D/vsyncbridge( 1204): disp_old[836 410 2468 1330], disp_new[836 410 2468 1330], crop[0 0 1920 1080]
07-05 21:32:49.510 D/vsyncbridge( 1204): [update_ds_table,  798] SW DS !!! 
07-05 21:32:49.510 D/vsyncbridge( 1204): [update_ds_table,  800] stXC_SetWin_Info.stCapWin.width1920  stXC_SetWin_Info.stCapWin.height:1080
07-05 21:32:49.510 D/vsyncbridge( 1204): [update_ds_table,  802] stXC_SetWin_Info.stCropWin.width1920  stXC_SetWin_Info.stCropWin.height:1080
07-05 21:32:49.510 D/vsyncbridge( 1204): [update_ds_table,  803] MApi_XC_GetDynamicScalingStatus():1 
07-05 21:32:49.511 D/        ( 1204): Alert: cannot get frameCount from IOCTL, eWindow=0! Fall back to original frame mode
07-05 21:32:49.511 D/        ( 1204): MVOP is 1P mode
07-05 21:32:49.511 D/        ( 1204): [_MDrv_SC_check_2p_mode][9405]u16Width=3840,u16Height=2160,u32Vfreqx10=240
07-05 21:32:49.511 D/vsyncbridge( 1204): vsync_bridge_render_frame pts = 2666666, DS_Idx=0x2, overlayID=0
07-05 21:32:49.511 D/vsyncbridge( 1204):  W 0, R 0, Cur 0
07-05 21:32:49.511 D/vsyncbridge( 1204): vsync_bridge_CalAspectRatio type = 0
07-05 21:32:49.511 D/vsyncbridge( 1204): panel [3840 2160] osd [1920 1080] ratio [2.000000 2.000000]
07-05 21:32:49.511 D/vsyncbridge( 1204): apply ratio, x=836, y=410, width=1632, height=920
07-05 21:32:49.512 I/MyFragmentStateAdapter(32438): getCount
07-05 21:32:49.569 I/MiSysSrv( 1214): [37m[INFO] Change to Voltage: 112 mv (0x2D)[m
07-05 21:32:49.669 I/MiSysSrv( 1214): [37m[INFO] Change to Voltage: 102 mv (0x23)[m
07-05 21:32:49.769 I/MiSysSrv( 1214): [37m[INFO] Change to Voltage: 102 mv (0x23)[m
07-05 21:32:49.790 I/TVMW@HsTvSetting( 1234): Trace cmd, data = 0x1058
07-05 21:32:49.791 D/til@system( 2026): til_get_system_param option:100002F int:0, bool:0, ret:0
07-05 21:32:49.791 I/TVMW@HsTvSetting( 1234): Trace cmd, data = 0x101f
07-05 21:32:49.791 D/til@system( 2026): til_get_system_param option:100001D int:3, bool:3, ret:0
07-05 21:32:49.791 E/til     ( 2026): [til_get_current_input_source, 101] 
07-05 21:32:49.791 I/TVMW@HsTvSetting( 1234): Trace cmd, data = 0x7007
07-05 21:32:49.792 I/tilwrapper@sm( 2026): HS2TIL_SourceType *hs=0xd, *til=0x900
07-05 21:32:49.792 D/til     ( 2026): get current source 2304
07-05 21:32:49.792 D/SourceRemoteServiceHandler( 2026): getCurrentInputSource.from.til.result is 0, value is 2304
07-05 21:32:49.792 D/SourceRemoteServiceHandler( 2026): getInputSourceType source: 0x900, type=2304
07-05 21:32:49.792 D/til     ( 2026): ###### func:til_get_picture_param option:0x3000006 ######  
07-05 21:32:49.792 I/TVMW@HsTvSetting( 1234): Trace cmd, data = 0x1003
07-05 21:32:49.793 I/TVMW@HsTvSetting( 1234): Trace cmd, data = 0x8032
07-05 21:32:49.793 I/hstvos  ( 1216): [0m[1;33m[HSHAL][HS_VIDEO][HS_HAL_Video_SetOsdDetect_v2][2389]u16Threshold = 20
07-05 21:32:49.793 E/TVMW@videoctrl( 1234):  getOsd is 1
07-05 21:32:49.794 D/til@system( 2026): til_get_system_param option:1000027 int:1, bool:1, ret:0
07-05 21:32:49.794 D/til     ( 2026): ###### func:til_get_picture_param option:0x3000045 ######  
07-05 21:32:49.794 I/TVMW@HsTvSetting( 1234): Trace cmd, data = 0x300c
07-05 21:32:49.794 I/TVMW@HsTvSetting( 1234): Trace 3d, data = 0x300c
07-05 21:32:49.794 I/TVMW@3d ( 1234): Hs_debug3d_trace: func:get3dStatus, line:109
