07-05 22:31:07.255 W/ContextImpl( 1733): Calling a method in the system process without a qualified user: android.app.ContextImpl.sendBroadcast:1327 com.android.server.usage.UsageStatsService.insertUsageStats:1104 com.android.server.usage.UsageStatsService$PkgUsageStatsExtended.updateResume:962 com.android.server.usage.UsageStatsService$LocalService.noteResumeComponent:759 com.android.server.am.ActivityManagerService.updateUsageStats:3164 
07-05 22:31:07.260 D/PowerManagerService( 1733): setScreenBrightnessOverrideFromWindowManagerInternal done
07-05 22:31:07.262 I/ActivityManager( 1733): TR16) TaskRecord{c0ffd0f #5272 A=com.hisense.hicloud.edca U=0 sz=2}
07-05 22:31:07.262 I/ActivityManager( 1733): TR15) TaskRecord{cd10cea #4980 A=com.jamdeo.launcher U=0 sz=1}
07-05 22:31:07.262 V/ActivityManager( 1733): set mstar.EnterOpaqueUI false
07-05 22:31:07.266 I/ReportService( 3281): Intent received, action = android.intent.action.INSERT
07-05 22:31:07.268 I/ReportService( 3281): modelName is VIDAA_TV
07-05 22:31:07.268 E/til     ( 2026): [til_get_current_input_source, 101] 
07-05 22:31:07.268 I/TVMW@HsTvSetting( 1234): Trace cmd, data = 0x7007
07-05 22:31:07.269 I/tilwrapper@sm( 2026): HS2TIL_SourceType *hs=0xd, *til=0x900
07-05 22:31:07.269 D/til     ( 2026): get current source 2304
07-05 22:31:07.269 D/SourceRemoteServiceHandler( 2026): getCurrentInputSource.from.til.result is 0, value is 2304
07-05 22:31:07.269 D/SourceRemoteServiceHandler( 2026): getInputSourceType source: 0x900, type=2304
07-05 22:31:07.270 I/ReportService( 3281): getCurIntputSource2304
07-05 22:31:07.270 E/til     ( 2026): [til_get_current_input_source, 101] 
07-05 22:31:07.270 I/TVMW@HsTvSetting( 1234): Trace cmd, data = 0x7007
07-05 22:31:07.270 I/tilwrapper@sm( 2026): HS2TIL_SourceType *hs=0xd, *til=0x900
07-05 22:31:07.270 D/til     ( 2026): get current source 2304
07-05 22:31:07.270 D/SourceRemoteServiceHandler( 2026): getCurrentInputSource.from.til.result is 0, value is 2304
07-05 22:31:07.270 D/SourceRemoteServiceHandler( 2026): getInputSourceType source: 0x900, type=2304
07-05 22:31:07.271 I/ReportService( 3281): siloName isnull
07-05 22:31:07.270 D/Carousel-CarouselView(32069): setPosterAndStopPlay! hashCode=509857724, sWorkingHashCode=509857724
07-05 22:31:07.271 D/Carousel-CarouselDisplayPlayerLayout(32069): isFullScreen:false
07-05 22:31:07.271 V/PackageManager( 1733): getPackageInfo com.hisense.hicloud.edca: Package{3fb3f3a1 com.hisense.hicloud.edca}
07-05 22:31:07.271 D/Carousel-Utils(32069): displayImage view=android.widget.ImageView{1ef017cb V.ED.... ........ 0,0-816,460 #7f0d0029 app:id/imageView1}
07-05 22:31:07.271 D/Carousel-Utils(32069): displayImage url=http://picture.edu.hismarttv.com/images/20170629010146422927.jpg
07-05 22:31:07.272 D/Carousel-Utils(32069): onResourceReady.
07-05 22:31:07.272 D/Carousel-Utils(32069): displayImage view=android.widget.ImageView{3dc1a1e V.ED.... ......ID 0,0-816,460 #7f0d0029 app:id/imageView1}
07-05 22:31:07.272 D/Carousel-Utils(32069): displayImage url=http://picture.edu.hismarttv.com/images/20170629010146422927.jpg
07-05 22:31:07.273 D/Carousel-Utils(32069): onResourceReady.
07-05 22:31:07.273 D/Carousel-CarouselDisplayPlayerLayout(32069): isFullScreen:false
07-05 22:31:07.274 I/ReportService( 3281): HiReport string sent out is:1.5|3|86100300900000500000060a4818fca8|1499265067|0|com.hisense.hicloud.edca|3.0.0.9.00|8
07-05 22:31:07.274 W/ReportService( 3281): enter InsertUserBehaviorDataReportTask  mUri = content://com.hisense.hitv.hicloud.log/loginput mContentValues = lastsessiondurationtime=13323 LOGVALUE=1.5|3|86100300900000500000060a4818fca8|1499265067|0|com.hisense.hicloud.edca|3.0.0.9.00|8 operation=R time=1499265067254 package=com.hisense.hicloud.edca cumulativesessiondurationtime=5333308 versioncode=652 lastupdatetime=1499256171569 _id=null type=APPRUN component=com.hisense.hicloud.edca.mediaplayer.activity.DetailPlayActivity mContext == com.hisense.hireport.ReportService@3a75cda9mType == 95
07-05 22:31:07.274 I/ReportService( 3281): enter doInBackground*****
07-05 22:31:07.291 I/SurfaceFlinger( 1204): the layer SurfaceView is used to close xc and zorder is smallerest! clear region
07-05 22:31:07.296 I/NetflixMonitorService( 1733): current fgapk : com.hisense.hicloud.edca
07-05 22:31:07.296 I/NetflixMonitorService( 1733): Netflix status unchanged
07-05 22:31:07.296 I/ReportService( 3281): result is content://com.hisense.hitv.hicloud.log/loginput/1
07-05 22:31:07.297 I/ReportService( 3281): enter onPostExecute result is: true
07-05 22:31:07.305 E/BaseActivity(32069): isUpdateCheckedtrue
07-05 22:31:07.305 D/DetailPlayActivity(32069): ---------------------------oncreate
07-05 22:31:07.376 D/DetailPlayActivity(32069): isMU8600:true
07-05 22:31:07.390 D/DetailPlayActivity(32069): ---------------------------oncreate,VideoInfo.sResolution:11
07-05 22:31:07.390 D/DetailPlayActivity(32069): media id is: 3535  trailerPts:0
07-05 22:31:07.390 D/DetailPlayActivity(32069): sourcetag  is: DetailPlayActivity3535
07-05 22:31:07.391 D/DetailPlayActivity(32069): sunliqin  oncreate mFromChannelId================0   mSelectedClassFromPhone:-1   mSelectedClassPosFromPhone:0
07-05 22:31:07.391 D/DetailPlayActivity(32069): managerLogMap~~~~~~~~~~~~~~~~~~~~~~~~~~~
07-05 22:31:07.391 D/DetailPlayActivity(32069): original: 1    srcoriginal: null   srcmediaid: null   srceventcode:232000   srcsubjectid:null
07-05 22:31:07.391 D/DetailPlayActivity(32069): srctopicid:null    srccategoryid:null     srccolumnid:0  srcchannelcategoryid:null
07-05 22:31:07.391 D/DetailPlayActivity(32069): srcpackagename:null   srcgroupid:10003   srcrowid:1   eventcode:null
07-05 22:31:07.391 I/DetailPlayActivity(32069): httphttp://api.edu.hismarttv.com/medias/api/media
07-05 22:31:07.391 I/DetailPlayActivity(32069): vendor1=0
07-05 22:31:07.391 I/DetailPlayActivity(32069): vendor2=0resolutionpolicy=2
07-05 22:31:07.392 I/DetailPlayActivity(32069): mBeginHttpTime : 13908963 从进入页面到开始网络请求用时： 86
07-05 22:31:07.392 D/til@system( 2026): til_get_system_param option:1000007 int:-1815633792, bool:128, ret:0
07-05 22:31:07.393 D/til@system( 2026): til_get_system_param option:1000009 int:-1936522368, bool:128, ret:0
07-05 22:31:07.394 D/til@system( 2026): til_get_system_param option:1000008 int:-1936525184, bool:128, ret:0
07-05 22:31:07.394 D/HiSDKLogReport(32069): getOperationDetail-productName : LED50MU8600UC
07-05 22:31:07.394 D/HiSDKLogReport(32069): getOperationDetail-plmNumber : 88888
07-05 22:31:07.394 D/HiSDKLogReport(32069): getOperationDetail-swVersion : V0000.00.01A
07-05 22:31:07.394 D/HiSDKLogReport(32069): getOperationDetail-operationDetail : LED50MU8600UC0000888
07-05 22:31:07.394 D/HiSDKLogReport(32069): processLogReport-log : {eventType=110, appKey=1182445233, APPVersionName=3.0.0.9.00, devid=86100300900000500000060a4818fca8, mac=a8:a6:48:18:fc:a8, uuid=13287129, accessToken=72DF6038D2AEAB8A76DFBBBBCC428A4A_003720964608309, APIversion=501, logversion=2.0, devType=0, APPPackage=com.hisense.hicloud.edca, eventPos=001, requesttime=1499265067394, customerId=7195320, value2=, eventMessage=GetReadyToStartConnection, value1=86, model_id=0, ChannelId=0, version=00.002.003, tv_distribute_id=00, subscriberId=13287129, APIVersion=600, PFAPPCode=652, softwareVersion=LED50MU8600UC0000888}
07-05 22:31:07.399 I/CommonUtils(32069):  object to json {"srccolumnid":"0","srcgroupid":"10003","original":"1","srctabid":"0","eventcode":"207000","srceventcode":"232000","srcrowid":"1","mediaid":"3535"}
07-05 22:31:07.399 D/DetailPlayActivity(32069): map===1111111111111====={"srccolumnid":"0","srcgroupid":"10003","original":"1","srctabid":"0","eventcode":"207000","srceventcode":"232000","srcrowid":"1","mediaid":"3535"}
07-05 22:31:07.400 D/til@system( 2026): til_get_system_param option:1000007 int:-1936523008, bool:0, ret:0
07-05 22:31:07.401 D/til@system( 2026): til_get_system_param option:1000009 int:-1936522112, bool:128, ret:0
07-05 22:31:07.402 D/til@system( 2026): til_get_system_param option:1000008 int:-1815632896, bool:0, ret:0
07-05 22:31:07.402 D/HiSDKLogReport(32069): getOperationDetail-productName : LED50MU8600UC
07-05 22:31:07.402 D/HiSDKLogReport(32069): getOperationDetail-plmNumber : 88888
07-05 22:31:07.402 D/HiSDKLogReport(32069): getOperationDetail-swVersion : V0000.00.01A
07-05 22:31:07.402 D/HiSDKLogReport(32069): getOperationDetail-operationDetail : LED50MU8600UC0000888
07-05 22:31:07.404 W/System.err(32069): java.net.ConnectException: failed to connect to /10.18.210.112 (port 8900) after 6000ms: isConnected failed: ECONNREFUSED (Connection refused)
07-05 22:31:07.404 W/System.err(32069): 	at libcore.io.IoBridge.isConnected(IoBridge.java:238)
07-05 22:31:07.404 W/System.err(32069): 	at libcore.io.IoBridge.connectErrno(IoBridge.java:171)
07-05 22:31:07.404 W/System.err(32069): 	at libcore.io.IoBridge.connect(IoBridge.java:122)
07-05 22:31:07.404 W/System.err(32069): 	at java.net.PlainSocketImpl.connect(PlainSocketImpl.java:183)
07-05 22:31:07.404 W/System.err(32069): 	at java.net.PlainSocketImpl.connect(PlainSocketImpl.java:456)
07-05 22:31:07.404 W/System.err(32069): 	at java.net.Socket.connect(Socket.java:882)
07-05 22:31:07.404 W/System.err(32069): 	at com.android.okhttp.internal.Platform.connectSocket(Platform.java:174)
07-05 22:31:07.404 W/System.err(32069): 	at com.android.okhttp.Connection.connect(Connection.java:152)
07-05 22:31:07.404 W/System.err(32069): 	at com.android.okhttp.internal.http.HttpEngine.connect(HttpEngine.java:276)
07-05 22:31:07.404 W/System.err(32069): 	at com.android.okhttp.internal.http.HttpEngine.sendRequest(HttpEngine.java:211)
07-05 22:31:07.404 W/System.err(32069): 	at com.android.okhttp.internal.http.HttpURLConnectionImpl.execute(HttpURLConnectionImpl.java:382)
07-05 22:31:07.404 W/System.err(32069): 	at com.android.okhttp.internal.http.HttpURLConnectionImpl.connect(HttpURLConnectionImpl.java:106)
07-05 22:31:07.404 W/System.err(32069): 	at com.hisense.hitv.hicloud.util.ExceptionReport.a(ExceptionReport.java:337)
07-05 22:31:07.404 W/System.err(32069): 	at com.hisense.hitv.hicloud.util.ExceptionReport.a(ExceptionReport.java:39)
07-05 22:31:07.404 W/System.err(32069): 	at com.hisense.hitv.hicloud.util.ExceptionReport$1.run(ExceptionReport.java:83)
07-05 22:31:07.404 W/System.err(32069): 	at java.lang.Thread.run(Thread.java:818)
07-05 22:31:07.404 W/System.err(32069): Caused by: android.system.ErrnoException: isConnected failed: ECONNREFUSED (Connection refused)
07-05 22:31:07.405 W/System.err(32069): 	at libcore.io.IoBridge.isConnected(IoBridge.java:223)
07-05 22:31:07.405 W/System.err(32069): 	... 15 more
07-05 22:31:07.408 I/CommonUtils(32069):  object to json {"eventType":"207","srccolumnid":"0","srcgroupid":"10003","APPVersionName":"3.0.0.9.00","original":"1","devid":"86100300900000500000060a4818fca8","uuid":"13287129","APIversion":"501","logversion":"2.0","eventcode":"207000","devType":"0","eventPos":"000","version":"00.002.003","ChannelId":"0","subscriberId":"13287129","PFAPPCode":"652","softwareVersion":"LED50MU8600UC0000888","srcrowid":"1","srceventcode":"232000","mac":"a8:a6:48:18:fc:a8","accessToken":"72DF6038D2AEAB8A76DFBBBBCC428A4A_003720964608309","srctabid":"0","APPPackage":"com.hisense.hicloud.edca","mediaid":"3535","sessionid":"9c45a5c1b12c42d98cd2aed3caed7855","requesttime":"1499265067402","customerId":"7195320","model_id":"0","requestid":"b7424c9f608c469a99fa3e377c885ffb","tv_distribute_id":"00","APIVersion":"600","issysrepo":"1"}
07-05 22:31:07.408 D/DetailPlayActivity(32069): map=====22222222222======{"eventType":"207","srccolumnid":"0","srcgroupid":"10003","APPVersionName":"3.0.0.9.00","original":"1","devid":"86100300900000500000060a4818fca8","uuid":"13287129","APIversion":"501","logversion":"2.0","eventcode":"207000","devType":"0","eventPos":"000","version":"00.002.003","ChannelId":"0","subscriberId":"13287129","PFAPPCode":"652","softwareVersion":"LED50MU8600UC0000888","srcrowid":"1","srceventcode":"232000","mac":"a8:a6:48:18:fc:a8","accessToken":"72DF6038D2AEAB8A76DFBBBBCC428A4A_003720964608309","srctabid":"0","APPPackage":"com.hisense.hicloud.edca","mediaid":"3535","sessionid":"9c45a5c1b12c42d98cd2aed3caed7855","requesttime":"1499265067402","customerId":"7195320","model_id":"0","requestid":"b7424c9f608c469a99fa3e377c885ffb","tv_distribute_id":"00","APIVersion":"600","issysrepo":"1"}
07-05 22:31:07.409 I/HttpDnsUtils(32069): detailsPage(): url = http://api.edu.hismarttv.com/medias/api/media/3535?codeType=1002&vender=0&resolutionpolicy=2
07-05 22:31:07.410 D/til@system( 2026): til_get_system_param option:1000007 int:-1815634176, bool:0, ret:0
07-05 22:31:07.411 D/til@system( 2026): til_get_system_param option:1000009 int:-1815633792, bool:128, ret:0
07-05 22:31:07.411 D/til@system( 2026): til_get_system_param option:1000008 int:-1936522368, bool:128, ret:0
07-05 22:31:07.412 D/HttpBuilder(32069): getOperationDetail-productName : LED50MU8600UC
07-05 22:31:07.412 D/HttpBuilder(32069): getOperationDetail-plmNumber : 88888
07-05 22:31:07.412 D/HttpBuilder(32069): getOperationDetail-swVersion : V0000.00.01A
07-05 22:31:07.412 D/HttpBuilder(32069): getOperationDetail-operationDetail : LED50MU8600UC0000888
07-05 22:31:07.444 D/MC_MEMORY(16055): max: 256.261888 Mb, heap: 10.10778 Mb, allocated: 9.9524 Mb, free: 1.1254 Mb, native heap: 12.12276 Mb, native allocated: 8.8376 Mb, native free: 3.3900 Mb
07-05 22:31:07.447 I/HttpBuilder(32069): addUrlPublicParams mUrl ==>http://api.edu.hismarttv.com/medias/api/media/3535?codeType=1002&vender=0&resolutionpolicy=2&uuid=13287129&mac=a8:a6:48:18:fc:a8&devid=86100300900000500000060a4818fca8&version=00.002.003&subscriberId=13287129&customerId=7195320&model_id=0&APPPackage=com.hisense.hicloud.edca&PFAPPCode=652&APPVersionName=3.0.0.9.00&ChannelId=0&softwareVersion=LED50MU8600UC0000888&tv_distribute_id=00&devType=0&APIVersion=600&accessToken=72DF6038D2AEAB8A76DFBBBBCC428A4A_003720964608309
07-05 22:31:07.447 I/HttpBuilder(32069): addUrlLogParams url ==>http://api.edu.hismarttv.com/medias/api/media/3535?codeType=1002&vender=0&resolutionpolicy=2&uuid=13287129&mac=a8:a6:48:18:fc:a8&devid=86100300900000500000060a4818fca8&version=00.002.003&subscriberId=13287129&customerId=7195320&model_id=0&APPPackage=com.hisense.hicloud.edca&PFAPPCode=652&APPVersionName=3.0.0.9.00&ChannelId=0&softwareVersion=LED50MU8600UC0000888&tv_distribute_id=00&devType=0&APIVersion=600&accessToken=72DF6038D2AEAB8A76DFBBBBCC428A4A_003720964608309&eventType=207&srccolumnid=0&srcgroupid=10003&original=1&APIversion=501&logversion=2.0&eventcode=207000&eventPos=000&srcrowid=1&srceventcode=232000&srctabid=0&mediaid=3535&sessionid=9c45a5c1b12c42d98cd2aed3caed7855&requesttime=1499265067402&requestid=b7424c9f608c469a99fa3e377c885ffb&issysrepo=1
07-05 22:31:07.451 D/HttpHandler(32069): VerifySignInterCeptor-->request.url()=http://api.edu.hismarttv.com/medias/api/media/3535?codeType=1002&vender=0&resolutionpolicy=2&uuid=13287129&mac=a8:a6:48:18:fc:a8&devid=86100300900000500000060a4818fca8&version=00.002.003&subscriberId=13287129&customerId=7195320&model_id=0&APPPackage=com.hisense.hicloud.edca&PFAPPCode=652&APPVersionName=3.0.0.9.00&ChannelId=0&softwareVersion=LED50MU8600UC0000888&tv_distribute_id=00&devType=0&APIVersion=600&accessToken=72DF6038D2AEAB8A76DFBBBBCC428A4A_003720964608309&eventType=207&srccolumnid=0&srcgroupid=10003&original=1&APIversion=501&logversion=2.0&eventcode=207000&eventPos=000&srcrowid=1&srceventcode=232000&srctabid=0&mediaid=3535&sessionid=9c45a5c1b12c42d98cd2aed3caed7855&requesttime=1499265067402&requestid=b7424c9f608c469a99fa3e377c885ffb&issysrepo=1start=&resolutionpolicy=2&rows=&vender=0&search_key=&typeCode=1002&type=&
07-05 22:31:07.451 D/HttpHandler(32069): VerifySignInterCeptor-->hostname=api.edu.hismarttv.com
07-05 22:31:07.452 D/HttpHandler(32069): HttpDNS-->hostname=api.edu.hismarttv.com
07-05 22:31:07.453 D/HttpHandler(32069): RAMCache-->hostInfo.getClientTimeStamp()=13893890
07-05 22:31:07.453 D/HttpHandler(32069): RAMCache-->hostInfo.getTtl()=3600
07-05 22:31:07.453 D/HttpHandler(32069): RAMCache-->SystemClock.elapsedRealtime()=13909024
07-05 22:31:07.459 D/HttpHandler(32069): DNSHelper-->gslbDns=["123.103.91.123"]
07-05 22:31:07.481 D/OkHttp  (32069): --> GET http://api.edu.hismarttv.com/medias/api/media/3535?codeType=1002&vender=0&resolutionpolicy=2&uuid=13287129&mac=a8:a6:48:18:fc:a8&devid=86100300900000500000060a4818fca8&version=00.002.003&subscriberId=13287129&customerId=7195320&model_id=0&APPPackage=com.hisense.hicloud.edca&PFAPPCode=652&APPVersionName=3.0.0.9.00&ChannelId=0&softwareVersion=LED50MU8600UC0000888&tv_distribute_id=00&devType=0&APIVersion=600&accessToken=72DF6038D2AEAB8A76DFBBBBCC428A4A_003720964608309&eventType=207&srccolumnid=0&srcgroupid=10003&original=1&APIversion=501&logversion=2.0&eventcode=207000&eventPos=000&srcrowid=1&srceventcode=232000&srctabid=0&mediaid=3535&sessionid=9c45a5c1b12c42d98cd2aed3caed7855&requesttime=1499265067402&requestid=b7424c9f608c469a99fa3e377c885ffb&issysrepo=1start=&resolutionpolicy=2&rows=&vender=0&search_key=&typeCode=1002&type=& http/1.1
07-05 22:31:07.481 D/OkHttp  (32069): Data_Type: JSON
07-05 22:31:07.481 D/OkHttp  (32069): RetryTime: 0
07-05 22:31:07.481 D/OkHttp  (32069): Backoffmutiplier: 0
07-05 22:31:07.481 D/OkHttp  (32069): Host: api.edu.hismarttv.com
07-05 22:31:07.481 D/OkHttp  (32069): Connection: Keep-Alive
07-05 22:31:07.481 D/OkHttp  (32069): Accept-Encoding: gzip
07-05 22:31:07.481 D/OkHttp  (32069): User-Agent: okhttp/3.6.0
07-05 22:31:07.481 D/OkHttp  (32069): --> END GET
07-05 22:31:07.520 D/OkHttp  (32069): <-- 200 OK http://api.edu.hismarttv.com/medias/api/media/3535?codeType=1002&vender=0&resolutionpolicy=2&uuid=13287129&mac=a8:a6:48:18:fc:a8&devid=86100300900000500000060a4818fca8&version=00.002.003&subscriberId=13287129&customerId=7195320&model_id=0&APPPackage=com.hisense.hicloud.edca&PFAPPCode=652&APPVersionName=3.0.0.9.00&ChannelId=0&softwareVersion=LED50MU8600UC0000888&tv_distribute_id=00&devType=0&APIVersion=600&accessToken=72DF6038D2AEAB8A76DFBBBBCC428A4A_003720964608309&eventType=207&srccolumnid=0&srcgroupid=10003&original=1&APIversion=501&logversion=2.0&eventcode=207000&eventPos=000&srcrowid=1&srceventcode=232000&srctabid=0&mediaid=3535&sessionid=9c45a5c1b12c42d98cd2aed3caed7855&requesttime=1499265067402&requestid=b7424c9f608c469a99fa3e377c885ffb&issysrepo=1start=&resolutionpolicy=2&rows=&vender=0&search_key=&typeCode=1002&type=& (38ms)
07-05 22:31:07.520 D/OkHttp  (32069): Server: nginx
07-05 22:31:07.520 D/OkHttp  (32069): Date: Wed, 05 Jul 2017 14:31:07 GMT
07-05 22:31:07.520 D/OkHttp  (32069): Content-Type: application/json
07-05 22:31:07.520 D/OkHttp  (32069): Content-Length: 57924
07-05 22:31:07.520 D/OkHttp  (32069): Connection: close
07-05 22:31:07.520 D/OkHttp  (32069): <-- END HTTP
07-05 22:31:07.560 D/HttpHandler(32069): RetryIntercepter-->retryNum=0
07-05 22:31:07.560 D/HttpHandler(32069): RetryIntercepter-->backoffmutiplier=0
07-05 22:31:07.567 I/TVMW@devctrl( 1234): wdt
07-05 22:31:07.573 D/DetailPlayActivity.java(32069): VodLog-[initRemindDialog:352]http://picture.edu.hismarttv.com/images/20151119035938180406.png
07-05 22:31:07.603 I/art     (32069): Background sticky concurrent mark sweep GC freed 573(54KB) AllocSpace objects, 0(0B) LOS objects, 0% free, 39MB/40MB, paused 7.077ms total 25.480ms
07-05 22:31:07.610 D/HttpHandler(32069): VerifySignInterCeptor-->dateType=1
07-05 22:31:07.610 D/HttpHandler(32069): VerifySignInterCeptor-->HttpRequestManager.httpClietOption.getVerifyFlag()=1
07-05 22:31:07.611 D/HttpHandler(32069): VerifySignInterCeptor-->request.url()=http://picture.edu.hismarttv.com/images/20151119035938180406.png
07-05 22:31:07.611 D/HttpHandler(32069): VerifySignInterCeptor-->hostname=picture.edu.hismarttv.com
07-05 22:31:07.612 D/OkHttp  (32069): --> GET http://picture.edu.hismarttv.com/images/20151119035938180406.png http/1.1
07-05 22:31:07.612 D/OkHttp  (32069): Host: picture.edu.hismarttv.com
07-05 22:31:07.612 D/OkHttp  (32069): Connection: Keep-Alive
07-05 22:31:07.612 D/OkHttp  (32069): Accept-Encoding: gzip
07-05 22:31:07.612 D/OkHttp  (32069): User-Agent: okhttp/3.6.0
07-05 22:31:07.612 D/OkHttp  (32069): --> END GET
07-05 22:31:07.613 W/Activity(32069): changePanelKeyPadStateIfNecessary() : false
07-05 22:31:07.614 V/InputManager(32069): setPanelKeyPadConvertState() : false
07-05 22:31:07.615 I/BaseActivity(32069): onResume
07-05 22:31:07.615 D/DetailPlayActivity(32069): ---------------------------onresume
07-05 22:31:07.621 D/HttpHandler(32069): VerifySignInterCeptor-->request.url()=http://picture.edu.hismarttv.com/images/20151119035723420106.png
07-05 22:31:07.621 D/HttpHandler(32069): VerifySignInterCeptor-->hostname=picture.edu.hismarttv.com
07-05 22:31:07.621 D/HttpHandler(32069): VerifySignInterCeptor-->request.url()=http://picture.edu.hismarttv.com/images/20151119035917189009.png
07-05 22:31:07.622 D/HttpHandler(32069): VerifySignInterCeptor-->hostname=picture.edu.hismarttv.com
07-05 22:31:07.625 D/OkHttp  (32069): --> GET http://picture.edu.hismarttv.com/images/20151119035917189009.png http/1.1
07-05 22:31:07.625 D/OkHttp  (32069): Host: picture.edu.hismarttv.com
07-05 22:31:07.625 D/OkHttp  (32069): Connection: Keep-Alive
07-05 22:31:07.625 D/OkHttp  (32069): Accept-Encoding: gzip
07-05 22:31:07.625 D/OkHttp  (32069): User-Agent: okhttp/3.6.0
07-05 22:31:07.625 D/OkHttp  (32069): --> END GET
07-05 22:31:07.625 D/OkHttp  (32069): <-- 200 OK http://picture.edu.hismarttv.com/images/20151119035938180406.png (13ms)
07-05 22:31:07.625 D/OkHttp  (32069): Date: Sun, 02 Jul 2017 12:27:12 GMT
07-05 22:31:07.625 D/OkHttp  (32069): Server: nginx/1.6.2
07-05 22:31:07.625 D/OkHttp  (32069): --> GET http://picture.edu.hismarttv.com/images/20151119035723420106.png http/1.1
07-05 22:31:07.625 D/OkHttp  (32069): Host: picture.edu.hismarttv.com
07-05 22:31:07.625 D/OkHttp  (32069): Connection: Keep-Alive
07-05 22:31:07.625 D/OkHttp  (32069): Accept-Encoding: gzip
07-05 22:31:07.626 D/OkHttp  (32069): User-Agent: okhttp/3.6.0
07-05 22:31:07.626 D/OkHttp  (32069): Content-Type: image/png
07-05 22:31:07.626 D/OkHttp  (32069): --> END GET
07-05 22:31:07.626 D/OkHttp  (32069): Content-Length: 386276
07-05 22:31:07.626 D/OkHttp  (32069): Last-Modified: Thu, 19 Nov 2015 03:59:38 GMT
07-05 22:31:07.626 D/OkHttp  (32069): ETag: "564d492a-5e4e4"
07-05 22:31:07.626 D/OkHttp  (32069): Accept-Ranges: bytes
07-05 22:31:07.626 D/OkHttp  (32069): Age: 266635
07-05 22:31:07.626 D/OkHttp  (32069): Via: 1.0 hewangtong173:8106 (Cdn Cache Server V2.0), 1.0 zhiwangtong174:5 (Cdn Cache Server V2.0), 1.0 dezhou37:0 (Cdn Cache Server V2.0)[0 200 0]
07-05 22:31:07.626 D/OkHttp  (32069): Connection: keep-alive
07-05 22:31:07.626 D/OkHttp  (32069): <-- END HTTP
07-05 22:31:07.628 V/WindowManager( 1733): Adding window Window{361b39ea u0 com.hisense.hicloud.edca/com.hisense.hicloud.edca.mediaplayer.activity.DetailPlayActivity} at 12 of 20 (after Window{205c30f5 u0 com.hisense.hicloud.edca/com.hisense.tvui.newhome.HomeMainActivity})
07-05 22:31:07.628 D/HttpHandler(32069): RetryIntercepter-->retryNum=0
07-05 22:31:07.628 D/HttpHandler(32069): RetryIntercepter-->backoffmutiplier=0
07-05 22:31:07.632 I/MyFragmentStateAdapter(32069): getCount
07-05 22:31:07.632 I/MyFragmentStateAdapter(32069): getCount
07-05 22:31:07.632 I/MyFragmentStateAdapter(32069): getCount
07-05 22:31:07.632 I/MyFragmentStateAdapter(32069): getCount
07-05 22:31:07.632 I/FirstLineAdapter(32069): canShowTrailer,isOffline=false
07-05 22:31:07.632 I/FirstLineAdapter(32069): canShowTrailer,isOffline=false
07-05 22:31:07.632 I/FirstLineAdapter(32069): canShowTrailer,isOffline=false
07-05 22:31:07.632 I/FirstLineAdapter(32069): canShowTrailer,isOffline=false
07-05 22:31:07.632 I/FirstLineAdapter(32069): canShowTrailer,isOffline=false
07-05 22:31:07.633 I/FirstLineAdapter(32069): canShowTrailer,isOffline=false
07-05 22:31:07.633 I/FirstLineAdapter(32069): canShowTrailer,isOffline=false
07-05 22:31:07.633 I/FirstLineAdapter(32069): canShowTrailer,isOffline=false
07-05 22:31:07.633 I/FirstLineAdapter(32069): canShowTrailer,isOffline=false
07-05 22:31:07.642 I/MyFragmentStateAdapter(32069): getCount
07-05 22:31:07.643 D/OkHttp  (32069): <-- 200 OK http://picture.edu.hismarttv.com/images/20151119035917189009.png (18ms)
07-05 22:31:07.643 D/OkHttp  (32069): Date: Thu, 29 Jun 2017 02:43:20 GMT
07-05 22:31:07.644 D/OkHttp  (32069): Server: nginx
07-05 22:31:07.644 D/OkHttp  (32069): Content-Type: image/png
07-05 22:31:07.644 D/OkHttp  (32069): Content-Length: 369052
07-05 22:31:07.644 D/OkHttp  (32069): Last-Modified: Thu, 19 Nov 2015 03:59:17 GMT
07-05 22:31:07.644 D/OkHttp  (32069): ETag: "564d4915-5a19c"
07-05 22:31:07.644 D/OkHttp  (32069): Accept-Ranges: bytes
07-05 22:31:07.644 D/OkHttp  (32069): Age: 560867
07-05 22:31:07.644 D/OkHttp  (32069): Via: 1.1 xinzhouwangtong42:7 (Cdn Cache Server V2.0), 1.1 dzhwt36:3 (Cdn Cache Server V2.0)[0 200 0]
07-05 22:31:07.644 D/OkHttp  (32069): Connection: keep-alive
07-05 22:31:07.644 D/OkHttp  (32069): <-- END HTTP
07-05 22:31:07.645 D/OkHttp  (32069): <-- 200 OK http://picture.edu.hismarttv.com/images/20151119035723420106.png (19ms)
07-05 22:31:07.645 D/OkHttp  (32069): Date: Fri, 30 Jun 2017 23:33:53 GMT
07-05 22:31:07.646 D/OkHttp  (32069): Server: nginx/1.6.2
07-05 22:31:07.646 D/OkHttp  (32069): Content-Type: image/png
07-05 22:31:07.646 D/OkHttp  (32069): Content-Length: 11698
07-05 22:31:07.646 D/OkHttp  (32069): Last-Modified: Thu, 19 Nov 2015 03:57:23 GMT
07-05 22:31:07.646 D/OkHttp  (32069): ETag: "564d48a3-2db2"
07-05 22:31:07.646 D/OkHttp  (32069): Accept-Ranges: bytes
07-05 22:31:07.646 D/OkHttp  (32069): Age: 399434
07-05 22:31:07.646 D/OkHttp  (32069): Via: 1.0 jnwt242:88 (Cdn Cache Server V2.0), 1.0 hwangt167:6 (Cdn Cache Server V2.0), 1.0 dezhou35:5 (Cdn Cache Server V2.0)[0 200 0]
07-05 22:31:07.646 D/OkHttp  (32069): Connection: keep-alive
07-05 22:31:07.646 D/OkHttp  (32069): <-- END HTTP
07-05 22:31:07.657 I/SurfaceFlinger( 1204): the layer SurfaceView is used to close xc and zorder is smallerest! clear region
07-05 22:31:07.671 D/HttpHandler(32069): VerifySignInterCeptor-->content={"image_post_url": "http://picture.edu.hismarttv.com/images/20170303023652037350.jpg", "system_time": 1499265067, "videos": [{"db_id": 28416, "play_ways": [{"centralized_play_params": null, "fee": 1, "feeSeconds": -1, "startup_type": 1, "video_play_param": "qnKvhzjJHfE4ZZwXEqbKU+ErUMyO6flgvO7nUavjMWahgv8ChKW6k4z0iIiisS1DT5XmRgk9mPT+OwY+rscRJeRWILhnfQ7IurLAb0eWrjLvEyHDoRtXZNLMY7DD1zpUPY9QDbu/7magc7YYzE27USwNgHkhh8uvlb9kFuY3pA8gva/Jd/SQGSshRdJa2R/VohtI5ycPje2qkwEArdReH4KLkyd9v9QI66xXQB55Cuf9wuCleTnr5Kre+6IoL9avpAAFP/Dw3t3ZvQzmSdrZokyupfnL1m8WuDnv8m3bvwvJgfVGDMnHmYzfC6ZKmXYtnAHME4MhpXVmov5lgrHxWFVrGOFHHYaTzILCALaVd0WO9EAcpDHJnm4b7nmk/8WESwCN2/E1tCDGPYQiNYvUXbr0lsCOVz3PHlOGbzTZE25H5wsL1RoaoLatvWRz95lfJgtC1/Xrr8z3JiW5fDfOHazw1QhtKU872iY46P9vjZnEuEdvQ77+FIfcL+Jbo8VNzzg=", "video_play_url": "uSSogmCyW+88eMhEVuGHUrZ6CtOT4fktq7q9TpT5b3nj1s0T2+SxzL7nkY2ktUcGQIzsQ2d6kPesbGx9qpUVIowbf+l4d2OPvObDPi7Vr2G9FE+D801ecsmCbKCHnGdGM5ZEU/j+q2u7ZO1AhBTgBHBTnTprnoX2wuo7CKd4u1pgorKKK6vERGZ/EowPxh3WphpJ6SUPjO+oyR8BqtpYVoSJkT0o9tc=", "video_quality": null, "id": 1040, "name": "\u624d\u667a\u5c0f\u5929\u5730\u65b0"}], "title": "1\u3001\u65b0\u6765\u7684\u90bb\u5c45\uff08\u4e0a\u7bc7\uff09", "series": 1, "time_length": 373, "id": "35351"}, {"db_id": 28425, "play_ways": [{"centralized_play_params": null, "fee": 1, "feeSeconds": 60, "startup_type": 1, "video_play_param": "qnKvhzjJHfE4ZZwXEqbKU+ErUMyO6flgvO7nUqvjMWahgv8ChKW6k4z0iIiisS1DT5XmRgk9mPT+OwY+rscRJeRWILhnfQ7IurLAbEeWrjLvEyHDoRtXZNLMY7DD1zpUPY9QDbu/7magc7YYzE27USwNgHkhh8uvlb9kFuY3pA8gva/Jd/SQGSshRdJa2R/VohtI5ycPje2qkwEArdReH4KLkyd9v9QI66xXQB55Cuf9wuCleTnr5Kre+/goL9avpAAFP/Dw3t3ZvQznQdLYpEyupfnL1m8WtzHu9mrevg7HgPNGDMnHmYzfC6ZFkXcpmwTNFo0go3Vmov5lgrHxWFVrGOFHHYaTzILCALaVd0WO9EAcpDHJnm4b7nmk/8WESwCN2/E1tCDGPYQiNYvUXbr0lsCOVD7PHlOGbzTZE25H5wsL1RoaoLatvWRz95lfJgtC1/Xrr8z3JiW5fDfOHazw1QhtKU872iY46P9vjZnEuEdvQ77+FIfcL+Jbo8VNzzg=", "video_play_url": "uSSogmCyW+88eMhEVuGHUrZ6CtOT4fktq7q9TpT5b3nj1s0T2+SxzL7nkY2ktUcGQIzsQ2d6kPesbGx9qpUVIowbf+l4d2OPvObDPi7Vr2G9FE+D801ecpOCbKCHnGdGM5ZEU/j+q2u6bOVBghTgBHBTnTprkY33xu0+CaJ2ulxgorKKK6vERGZwGo0LwRjXoxRI7yUPjO+oyR8BqtpYVoSJkT0o9tc=", "video_quality": null, "id": 1040, "name": "\u624d\u667a\u5c0f\u5929\u5730\u65b0"}], "title": "2\u3001\u65b0\u6765\u7684\u90bb\u5c45\uff08\u4e0b\u7bc7\uff09", "series": 2, "time_length": 507, "id": "35352"}, {"db_id": 28431, "play_ways": [{"centralized_play_params": null, "fee": 1, "feeSeconds": 60, "startup_type": 1, "video_play_param": "qnKvhzjJHfE4ZZwXEqbKU+ErUMyO6flgvO7nU6vjMWahgv8ChKLgwoz0itqisi1DTpbtFwk9maL4YAY+rpUWduRWILhnfQ7IurLAb0eWrjLvEyHDoRtXZNLMY7DD1zpUPY9QDbu/7magc7YYzE27USwNgHkhh8uvlb9kFuY3pA8gva/Jd/SQGSshRdJa2R/VohtI5ycPje2qkwEArdReH4KLkyd9v9QI66xXQB55Cuf9wuCleTnr5Kre+64rL9avpAAFP/Dw3t3ZvQznQtzaoEyupfnL1m8WtzPs82jbvAvNgfVGDMnHmYzfC6ZFk3UsmQHPE4chpXVmov5lgrHxWFVrGOFHHYaTzILCALaVd0WO9EAcpDHJnm4b7nmk/8WESwCN2/E1tCDGPYQiNYvUXbr0lsCOVTrPHlOGbzTZE25H5wsL1RoaoLatvWRz95lfJgtC1/Xrr8z3JiW5fDfOHazw1QhtKU872iY46P9vjZnEuEdvQ77+FIfcL+Jbo8VNzzg=", "video_play_url": "uSSogmCyW+88eMhEVuGHUrZ6CtOT4fktq7q9TpT5b3nj1s0T2+SxzL7nkY2ktUcGQIzsQ2d6kPesbGx9qpUVIowbf+l4d2OPvObDPi7Vr2G9FE+D801ecsWBbKCHnGdGM5ZEU/j+q2u6b+tDhhTgBHBTnTprkY/1w+87C6d8u1pgorKKK6vERGZwGI8Owx3Vph5J6SUPjO+oyR8BqtpYVoSJkT0o9tc=", "video_quality": null, "id": 1040, "name": "\u624d\u667a\u5c0f\u5929\u5730\u65b0"}], "title": "3\u3001\u628a\u4e66\u653e\u8fd9\u513f\uff08\u4e0a\u7bc7\uff09", "series": 3, "time_length": 443, "id": "35353"}, {"db_id": 28438, "play_ways": [{"centralized_play_params": null, "fee": 1, "feeSeconds": 60, "startup_type": 1, "video_play_param": "qnKvhzjJHfE4ZZwXEqbKU+ErUMyO6flgvO7nVKvjMWahgv8ChKLgwoz0itqisi1DTpbtFwk9maL4YAY+rpUWduRWILhnfQ7IurLAbEeWrjLvEyHDoRtXZNLMY7DD1zpUPY9QDbu/7magc7YYzE27USwNgHkhh8uvlb9kFuY3pA8gva/Jd/SQGSshRdJa2R/VohtI5ycPje2qkwEArdReH4KLkyd9v9QI66xXQB55Cuf9wuCleTnr5Kre+6h+L9avpAAFP/Dw3t3ZvQznR9nQoEyupfnL1m8WtzXr9m/ftAjIhvNGDMnHmYzfC6ZFlXIpngXHEIImo3Vmov5lgrHxWFVrGOFHHYaTzILCALaVd0WO9EAcpDHJnm4b7nmk/8WESwCN2/E1tCDGPYQiNYvUXbr0lsCOVTPPHlOGbzTZE25H5wsL1RoaoLatvWRz95lfJgtC1/
07-05 22:31:07.674 D/Surface ( 1733): onStatusChange() : mNativeObject = 547819097600 mUseImageHwRender = false
07-05 22:31:07.674 V/Surface ( 1733): nativeSetHardwareRender() : status = 0
07-05 22:31:07.674 V/Surface ( 1733): nativeSetHardwareRender() : end
07-05 22:31:07.674 D/OsdMonitorService( 1733): mCurrentWindow = com.hisense.hicloud.edca/com.hisense.tvui.newhome.HomeMainActivity; newWindow = com.hisense.hicloud.edca/com.hisense.hicloud.edca.mediaplayer.activity.DetailPlayActivity; isSubWindow = false; isInWinList = false; isExitNow = false
07-05 22:31:07.674 D/OsdMonitorService( 1733): windowNotOsd() : name = com.hisense.hicloud.edca/com.hisense.hicloud.edca.mediaplayer.activity.DetailPlayActivity
07-05 22:31:07.674 I/OsdMonitorService( 1733): setOsdStatus() : status will change from true to true
07-05 22:31:07.682 D/HttpHandler(32069): RetryIntercepter-->retryNum=0
07-05 22:31:07.682 D/HttpHandler(32069): RetryIntercepter-->backoffmutiplier=0
07-05 22:31:07.688 I/TVMW@HsTvSetting( 1234): Trace cmd, data = 0x1058
07-05 22:31:07.688 D/til@system( 2026): til_get_system_param option:100002F int:0, bool:0, ret:0
07-05 22:31:07.688 I/TVMW@HsTvSetting( 1234): Trace cmd, data = 0x101f
07-05 22:31:07.688 D/til@system( 2026): til_get_system_param option:100001D int:3, bool:3, ret:0
07-05 22:31:07.688 E/til     ( 2026): [til_get_current_input_source, 101] 
07-05 22:31:07.688 I/TVMW@HsTvSetting( 1234): Trace cmd, data = 0x7007
07-05 22:31:07.688 I/tilwrapper@sm( 2026): HS2TIL_SourceType *hs=0xd, *til=0x900
07-05 22:31:07.689 D/til     ( 2026): get current source 2304
07-05 22:31:07.689 D/SourceRemoteServiceHandler( 2026): getCurrentInputSource.from.til.result is 0, value is 2304
07-05 22:31:07.689 D/SourceRemoteServiceHandler( 2026): getInputSourceType source: 0x900, type=2304
07-05 22:31:07.689 D/til     ( 2026): ###### func:til_get_picture_param option:0x3000006 ######  
07-05 22:31:07.689 I/TVMW@HsTvSetting( 1234): Trace cmd, data = 0x1003
07-05 22:31:07.691 I/SurfaceFlinger( 1204): the layer SurfaceView is used to close xc and zorder is smallerest! clear region
07-05 22:31:07.692 I/TVMW@HsTvSetting( 1234): Trace cmd, data = 0x8032
07-05 22:31:07.693 D/PowerManagerService( 1733): setScreenBrightnessOverrideFromWindowManagerInternal done
07-05 22:31:07.693 I/hstvos  ( 1216): [0m[1;33m[HSHAL][HS_VIDEO][HS_HAL_Video_SetOsdDetect_v2][2389]u16Threshold = 20
07-05 22:31:07.696 D/HttpHandler(32069): RetryIntercepter-->retryNum=0
07-05 22:31:07.696 D/HttpHandler(32069): RetryIntercepter-->backoffmutiplier=0
07-05 22:31:07.696 D/PowerManagerService( 1733): setScreenBrightnessOverrideFromWindowManagerInternal done
07-05 22:31:07.699 E/TVMW@videoctrl( 1234):  getOsd is 1
07-05 22:31:07.699 D/til@system( 2026): til_get_system_param option:1000027 int:1, bool:1, ret:0
07-05 22:31:07.699 D/til     ( 2026): ###### func:til_get_picture_param option:0x3000045 ######  
07-05 22:31:07.701 I/MiSysSrv( 1214): Not support now! 42, change to mm_video!!!
07-05 22:31:07.701 I/TVMW@HsTvSetting( 1234): Trace cmd, data = 0x300c
07-05 22:31:07.701 I/TVMW@HsTvSetting( 1234): Trace 3d, data = 0x300c
07-05 22:31:07.701 I/TVMW@3d ( 1234): Hs_debug3d_trace: func:get3dStatus, line:109
07-05 22:31:07.701 D/Surface ( 1733): onStatusChange() : mNativeObject = 0 mUseImageHwRender = false
07-05 22:31:07.702 D/Surface (32069): onStatusChange() : mNativeObject = -531397632 mUseImageHwRender = false
07-05 22:31:07.702 V/Surface (32069): nativeSetHardwareRender() : status = 0
07-05 22:31:07.702 V/Surface (32069): nativeSetHardwareRender() : end
07-05 22:31:07.714 I/art     (32069): Background partial concurrent mark sweep GC freed 10816(867KB) AllocSpace objects, 9(9MB) LOS objects, 11% free, 30MB/34MB, paused 4.697ms total 111.210ms
07-05 22:31:07.715 D/gralloc ( 1204): allocate buffer from ION HEAP 0x1
07-05 22:31:07.715 D/gralloc ( 1204): allocate memory from system heap
07-05 22:31:07.715 V/MediaPlayer-JNI(32069): native_finalize
07-05 22:31:07.715 V/MediaPlayer-JNI(32069): release
07-05 22:31:07.721 D/gralloc ( 1204): allocate buffer from ION HEAP 0x1
07-05 22:31:07.721 D/gralloc ( 1204): allocate memory from system heap
07-05 22:31:07.724 I/SurfaceFlinger( 1204): the layer SurfaceView is used to close xc and zorder is smallerest! clear region
07-05 22:31:07.726 D/gralloc ( 1204): allocate buffer from ION HEAP 0x1
07-05 22:31:07.726 D/gralloc ( 1204): allocate memory from system heap
07-05 22:31:07.737 D/Carousel-CarouselVideoViewImpl(32069): stopPlay.
07-05 22:31:07.737 D/Carousel-log_video-(32069): onStopPlay!
07-05 22:31:07.737 D/Carousel-log_video-(32069): submitPlayStopLog mLogPlayState:5
07-05 22:31:07.737 D/Carousel-log_video-(32069): No need to repeat play stop log.
07-05 22:31:07.754 D/HiNetworkImpl(32069): doHttp_Asyn(): onReqResponse isSuccessful = true, back from thread: main
07-05 22:31:07.755 I/art     (32069): Background sticky concurrent mark sweep GC freed 889(437KB) AllocSpace objects, 0(0B) LOS objects, 6% free, 30MB/32MB, paused 8.823ms total 39.041ms
07-05 22:31:07.758 I/SurfaceFlinger( 1204): the layer SurfaceView is used to close xc and zorder is smallerest! clear region
07-05 22:31:07.762 V/InputMethodService( 2203): startInput(): editor=android.view.inputmethod.EditorInfo@35d683f2
07-05 22:31:07.762 V/InputMethodService( 2203): CALL: onFinishInput
07-05 22:31:07.763 E/SOGOUIME_JNI( 2203): reset
07-05 22:31:07.763 E/SOGOUIME_JNI( 2203): getCandidates
07-05 22:31:07.763 E/SOGOUIME_JNI( 2203): ime_get_uncommitted_length
07-05 22:31:07.763 E/SOGOUIME_JNI( 2203): getCandidates
07-05 22:31:07.763 D/SogouIME API( 2203): ==============num:32
07-05 22:31:07.763 E/SOGOUIME_JNI( 2203): ime_get_uncommitted_length
07-05 22:31:07.763 D/SogouIME( 2203): mFocusedComponent:30   isHkbEnable:false
07-05 22:31:07.764 E/SOGOUIME_JNI( 2203): ime_get_uncommitted_length
07-05 22:31:07.764 E/SOGOUIME_JNI( 2203): ime_get_committed_length
07-05 22:31:07.764 E/SOGOUIME_JNI( 2203): getComposingInfo
07-05 22:31:07.764 E/SOGOUIME_JNI( 2203): getComposingInfo
07-05 22:31:07.764 E/SOGOUIME_JNI( 2203): getCorrectInfo
07-05 22:31:07.764 E/SOGOUIME_JNI( 2203): getComposingInfo
07-05 22:31:07.765 V/InputMethodService( 2203): CALL: onStartInput
07-05 22:31:07.765 E/SOGOUIME_JNI( 2203): invalidateCommitWordPinyinNative
07-05 22:31:07.765 D/SogouIME( 2203): =====configKeyboard=======是否有硬件盘:false     硬件盘是否不再隐藏：false
07-05 22:31:07.765 E/SOGOUIME_JNI( 2203): ime_set_hard_kb_enable
07-05 22:31:07.770 I/MiSysSrv( 1214): [37m[INFO] Change to Voltage: 117 mv (0x32)[m
07-05 22:31:07.790 I/SurfaceFlinger( 1204): the layer SurfaceView is used to close xc and zorder is smallerest! clear region
07-05 22:31:07.802 D/OsdMonitorService( 1733): mCurrentWindow = com.hisense.hicloud.edca/com.hisense.hicloud.edca.mediaplayer.activity.DetailPlayActivity; newWindow = com.hisense.hicloud.edca/com.hisense.hicloud.edca.mediaplayer.activity.DetailPlayActivity; isSubWindow = false; isInWinList = false; isExitNow = false
07-05 22:31:07.803 D/OsdMonitorService( 1733): windowNotOsd() : name = com.hisense.hicloud.edca/com.hisense.hicloud.edca.mediaplayer.activity.DetailPlayActivity
07-05 22:31:07.803 I/OsdMonitorService( 1733): setOsdStatus() : status will change from true to true
07-05 22:31:07.803 D/PowerManagerService( 1733): setScreenBrightnessOverrideFromWindowManagerInternal done
07-05 22:31:07.804 I/MyFragmentStateAdapter(32069): getCount
07-05 22:31:07.806 D/PowerManagerService( 1733): setScreenBrightnessOverrideFromWindowManagerInternal done
07-05 22:31:07.807 I/ActivityManager( 1733): Displayed com.hisense.hicloud.edca/.mediaplayer.activity.DetailPlayActivity: +560ms
07-05 22:31:07.810 D/PowerManagerService( 1733): setScreenBrightnessOverrideFromWindowManagerInternal done
07-05 22:31:07.824 I/SurfaceFlinger( 1204): the layer SurfaceView is used to close xc and zorder is smallerest! clear region
07-05 22:31:07.825 I/SurfaceView(32069): Changes: creating=false format=false size=false visible=true left=false top=false
07-05 22:31:07.825 I/SurfaceView(32069): Cur surface: Surface(name=null)/@0xbc4fce8
07-05 22:31:07.829 D/OsdMonitorService( 1733): mCurrentWindow = com.hisense.hicloud.edca/com.hisense.hicloud.edca.mediaplayer.activity.DetailPlayActivity; newWindow = com.hisense.hicloud.edca/com.hisense.hicloud.edca.mediaplayer.activity.DetailPlayActivity; isSubWindow = false; isInWinList = false; isExitNow = false
07-05 22:31:07.829 D/OsdMonitorService( 1733): windowNotOsd() : name = com.hisense.hicloud.edca/com.hisense.hicloud.edca.mediaplayer.activity.DetailPlayActivity
07-05 22:31:07.829 I/OsdMonitorService( 1733): setOsdStatus() : status will change from true to true
07-05 22:31:07.831 D/PowerManagerService( 1733): setScreenBrightnessOverrideFromWindowManagerInternal done
07-05 22:31:07.833 I/SurfaceView(32069): New surface: Surface(name=null)/@0xb5e8f01, vis=false, frame=Rect(418, 205 - 1234, 665)
07-05 22:31:07.833 I/SurfaceView(32069): visibleChanged -- surfaceDestroyed
07-05 22:31:07.836 D/Carousel-UrlVideoView(32069): surfaceDestroyed
07-05 22:31:07.837 D/Surface (32069): onStatusChange() : mNativeObject = 0 mUseImageHwRender = false
07-05 22:31:07.837 V/SurfaceView(32069): Layout: x=418 y=205 w=816 h=460, frame=Rect(0, 0 - 816, 460)
07-05 22:31:07.841 I/SurfaceFlinger( 1204): the layer SurfaceView is used to close xc and zorder is smallerest! clear region
07-05 22:31:07.858 I/SurfaceFlinger( 1204): the layer SurfaceView is used to close xc and zorder is smallerest! clear region
07-05 22:31:07.860 D/OsdMonitorService( 1733): mCurrentWindow = com.hisense.hicloud.edca/com.hisense.hicloud.edca.mediaplayer.activity.DetailPlayActivity; newWindow = com.hisense.hicloud.edca/com.hisense.hicloud.edca.mediaplayer.activity.DetailPlayActivity; isSubWindow = false; isInWinList = false; isExitNow = false
07-05 22:31:07.860 D/OsdMonitorService( 1733): windowNotOsd() : name = com.hisense.hicloud.edca/com.hisense.hicloud.edca.mediaplayer.activity.DetailPlayActivity
07-05 22:31:07.861 I/OsdMonitorService( 1733): setOsdStatus() : status will change from true to true
07-05 22:31:07.867 D/PowerManagerService( 1733): setScreenBrightnessOverrideFromWindowManagerInternal done
07-05 22:31:07.869 D/Surface (32069): onStatusChange() : mNativeObject = 0 mUseImageHwRender = false
07-05 22:31:07.873 D/hwcomposer( 1204): lastHWWindowInfo is dirty
07-05 22:31:07.874 I/HiNetworkImpl(32069): doHttp_Asyn(): onSuccess clazz = class com.hisense.sdk.domain.DetailsPage, back from thread: main
07-05 22:31:07.874 I/DetailPlayActivity(32069): mFinishHttpTime : 13909446 网络请求用时：483
07-05 22:31:07.875 I/SurfaceFlinger( 1204): the layer SurfaceView is used to close xc and zorder is smallerest! clear region
07-05 22:31:07.878 D/til@system( 2026): til_get_system_param option:1000007 int:-1936525184, bool:128, ret:0
07-05 22:31:07.879 D/til@system( 2026): til_get_system_param option:1000009 int:-1936523008, bool:0, ret:0
07-05 22:31:07.881 D/til@system( 2026): til_get_system_param option:1000008 int:-1936522112, bool:128, ret:0
07-05 22:31:07.883 D/HiSDKLogReport(32069): getOperationDetail-productName : LED50MU8600UC
07-05 22:31:07.883 D/HiSDKLogReport(32069): getOperationDetail-plmNumber : 88888
07-05 22:31:07.883 D/HiSDKLogReport(32069): getOperationDetail-swVersion : V0000.00.01A
07-05 22:31:07.883 D/HiSDKLogReport(32069): getOperationDetail-operationDetail : LED50MU8600UC0000888
07-05 22:31:07.883 D/HiSDKLogReport(32069): processLogReport-log : {eventType=110, appKey=1182445233, APPVersionName=3.0.0.9.00, devid=86100300900000500000060a4818fca8, mac=a8:a6:48:18:fc:a8, uuid=13287129, accessToken=72DF6038D2AEAB8A76DFBBBBCC428A4A_003720964608309, APIversion=501, logversion=2.0, devType=0, APPPackage=com.hisense.hicloud.edca, eventPos=002, requesttime=1499265067883, customerId=7195320, value2=, eventMessage=HttpConnection, value1=483, model_id=0, ChannelId=0, version=00.002.003, tv_distribute_id=00, subscriberId=13287129, APIVersion=600, PFAPPCode=652, softwareVersion=LED50MU8600UC0000888}
07-05 22:31:07.884 D/DetailPlayActivity(32069): detailpage result is:com.hisense.sdk.domain.DetailsPage@20b6b8bc
07-05 22:31:07.887 D/til@system( 2026): til_get_system_param option:1000007 int:-1815632896, bool:0, ret:0
07-05 22:31:07.889 D/til@system( 2026): til_get_system_param option:1000009 int:-1815634176, bool:0, ret:0
07-05 22:31:07.891 D/til@system( 2026): til_get_system_param option:1000008 int:-1815633792, bool:128, ret:0
07-05 22:31:07.892 D/HttpDnsUtils(32069): CEXX-getOperationDetail-productName : LED50MU8600UC
07-05 22:31:07.892 D/HttpDnsUtils(32069): CEXX-getOperationDetail-plmNumber : 88888
07-05 22:31:07.892 D/HttpDnsUtils(32069): CEXX-getOperationDetail-swVersion : V0000.00.01A
07-05 22:31:07.892 D/HttpDnsUtils(32069): CEXX-getOperationDetail-operationDetail : LED50MU8600UC0000888
07-05 22:31:07.892 E/NetUtils(32069): encryption --- sign = accessToken=72DF6038D2AEAB8A76DFBBBBCC428A4A_003720964608309&customerId=7195320&devType=0&devid=86100300900000500000060a4818fca8&resourceId=3535&resourceType=0&BDA9F96C98E9D5130A5AFB3411B5F9E0
07-05 22:31:07.892 I/SurfaceFlinger( 1204): the layer SurfaceView is used to close xc and zorder is smallerest! clear region
07-05 22:31:07.892 I/HttpDnsUtils(32069): checkValid-查询课程用户付费详情接口【新增】【实现】 //查询单个视频是否购买: --- URL >> http://api.edu.hismarttv.com/payment/api/order/checkValid?resourceId=3535&resourceType=0&devType=0&accessToken=72DF6038D2AEAB8A76DFBBBBCC428A4A_003720964608309&sign=fe667d9384f01221fc59f0c3b65a0b29
07-05 22:31:07.896 D/til@system( 2026): til_get_system_param option:1000007 int:-1936522368, bool:128, ret:0
07-05 22:31:07.897 D/til@system( 2026): til_get_system_param option:1000009 int:-1936525184, bool:128, ret:0
07-05 22:31:07.898 W/System.err(32069): java.net.ConnectException: failed to connect to /10.18.210.112 (port 8900) after 6000ms: isConnected failed: ECONNREFUSED (Connection refused)
07-05 22:31:07.899 W/System.err(32069): 	at libcore.io.IoBridge.isConnected(IoBridge.java:238)
07-05 22:31:07.899 W/System.err(32069): 	at libcore.io.IoBridge.connectErrno(IoBridge.java:171)
07-05 22:31:07.899 D/til@system( 2026): til_get_system_param option:1000008 int:-1936523008, bool:0, ret:0
07-05 22:31:07.899 W/System.err(32069): 	at libcore.io.IoBridge.connect(IoBridge.java:122)
07-05 22:31:07.899 W/System.err(32069): 	at java.net.PlainSocketImpl.connect(PlainSocketImpl.java:183)
07-05 22:31:07.899 W/System.err(32069): 	at java.net.PlainSocketImpl.connect(PlainSocketImpl.java:456)
07-05 22:31:07.899 W/System.err(32069): 	at java.net.Socket.connect(Socket.java:882)
07-05 22:31:07.899 W/System.err(32069): 	at com.android.okhttp.internal.Platform.connectSocket(Platform.java:174)
07-05 22:31:07.899 W/System.err(32069): 	at com.android.okhttp.Connection.connect(Connection.java:152)
07-05 22:31:07.899 W/System.err(32069): 	at com.android.okhttp.internal.http.HttpEngine.connect(HttpEngine.java:276)
07-05 22:31:07.899 W/System.err(32069): 	at com.android.okhttp.internal.http.HttpEngine.sendRequest(HttpEngine.java:211)
07-05 22:31:07.899 W/System.err(32069): 	at com.android.okhttp.internal.http.HttpURLConnectionImpl.execute(HttpURLConnectionImpl.java:382)
07-05 22:31:07.899 W/System.err(32069): 	at com.android.okhttp.internal.http.HttpURLConnectionImpl.connect(HttpURLConnectionImpl.java:106)
07-05 22:31:07.899 W/System.err(32069): 	at com.hisense.hitv.hicloud.util.ExceptionReport.a(ExceptionReport.java:337)
07-05 22:31:07.899 W/System.err(32069): 	at com.hisense.hitv.hicloud.util.ExceptionReport.a(ExceptionReport.java:39)
07-05 22:31:07.899 W/System.err(32069): 	at com.hisense.hitv.hicloud.util.ExceptionReport$1.run(ExceptionReport.java:83)
07-05 22:31:07.899 D/HttpBuilder(32069): getOperationDetail-productName : LED50MU8600UC
07-05 22:31:07.899 W/System.err(32069): 	at java.lang.Thread.run(Thread.java:818)
07-05 22:31:07.899 D/HttpBuilder(32069): getOperationDetail-plmNumber : 88888
07-05 22:31:07.899 D/HttpBuilder(32069): getOperationDetail-swVersion : V0000.00.01A
07-05 22:31:07.899 D/HttpBuilder(32069): getOperationDetail-operationDetail : LED50MU8600UC0000888
07-05 22:31:07.899 W/System.err(32069): Caused by: android.system.ErrnoException: isConnected failed: ECONNREFUSED (Connection refused)
07-05 22:31:07.899 W/System.err(32069): 	at libcore.io.IoBridge.isConnected(IoBridge.java:223)
07-05 22:31:07.899 W/System.err(32069): 	... 15 more
07-05 22:31:07.908 I/SurfaceFlinger( 1204): the layer SurfaceView is used to close xc and zorder is smallerest! clear region
07-05 22:31:07.927 I/SurfaceFlinger( 1204): the layer SurfaceView is used to close xc and zorder is smallerest! clear region
07-05 22:31:07.928 D/QrRecognization( 2232): handleMessage msg=4
07-05 22:31:07.929 D/QrRecognization( 2232): handleMessage msg=1
07-05 22:31:07.929 D/QrRecognization( 2232): start update screenshot
07-05 22:31:07.929 D/QrRecognization( 2232): QR detection is not enabled in tile com.hisense.hicloud.edca
07-05 22:31:07.929 D/QrRecognization( 2232): error in getBitmap from screen
07-05 22:31:07.940 I/HttpBuilder(32069): addUrlPublicParams mUrl ==>http://api.edu.hismarttv.com/payment/api/order/checkValid?resourceId=3535&resourceType=0&devType=0&accessToken=72DF6038D2AEAB8A76DFBBBBCC428A4A_003720964608309&sign=fe667d9384f01221fc59f0c3b65a0b29&uuid=13287129&mac=a8:a6:48:18:fc:a8&devid=86100300900000500000060a4818fca8&version=00.002.003&subscriberId=13287129&customerId=7195320&model_id=0&APPPackage=com.hisense.hicloud.edca&PFAPPCode=652&APPVersionName=3.0.0.9.00&ChannelId=0&softwareVersion=LED50MU8600UC0000888&tv_distribute_id=00&APIVersion=600
07-05 22:31:07.943 I/SurfaceFlinger( 1204): the layer SurfaceView is used to close xc and zorder is smallerest! clear region
07-05 22:31:07.945 E/btif_config( 2964): [btif_config_get] node is TRUE!
07-05 22:31:07.945 E/btif_config( 2964): [btif_config_get] ret is TRUE!
07-05 22:31:07.945 D/PowerManagerService( 1733): releaseWakeLockInternal: lock=681732318 [ActivityManager-Launch], flags=0x0
07-05 22:31:07.945 D/PowerManagerNotifier( 1733): onWakeLockReleased: flags=1, tag="ActivityManager-Launch", packageName=android, ownerUid=1000, ownerPid=1733, workSource=null
07-05 22:31:07.946 D/HttpHandler(32069): VerifySignInterCeptor-->request.url()=http://api.edu.hismarttv.com/payment/api/order/checkValid?resourceId=3535&resourceType=0&devType=0&accessToken=72DF6038D2AEAB8A76DFBBBBCC428A4A_003720964608309&sign=fe667d9384f01221fc59f0c3b65a0b29&uuid=13287129&mac=a8:a6:48:18:fc:a8&devid=86100300900000500000060a4818fca8&version=00.002.003&subscriberId=13287129&customerId=7195320&model_id=0&APPPackage=com.hisense.hicloud.edca&PFAPPCode=652&APPVersionName=3.0.0.9.00&ChannelId=0&softwareVersion=LED50MU8600UC0000888&tv_distribute_id=00&APIVersion=600
07-05 22:31:07.947 D/HttpHandler(32069): VerifySignInterCeptor-->hostname=api.edu.hismarttv.com
07-05 22:31:07.948 D/HttpHandler(32069): HttpDNS-->hostname=api.edu.hismarttv.com
07-05 22:31:07.949 D/HttpHandler(32069): RAMCache-->hostInfo.getClientTimeStamp()=13893890
07-05 22:31:07.949 D/HttpHandler(32069): RAMCache-->hostInfo.getTtl()=3600
07-05 22:31:07.949 D/HttpHandler(32069): RAMCache-->SystemClock.elapsedRealtime()=13909521
07-05 22:31:07.950 I/art     (32069): Background partial concurrent mark sweep GC freed 31851(2MB) AllocSpace objects, 6(1830KB) LOS objects, 10% free, 32MB/36MB, paused 5.657ms total 110.853ms
