07-06 00:27:54.857 D/PowerManagerService( 1733): setScreenBrightnessOverrideFromWindowManagerInternal done
07-06 00:27:54.860 D/PowerManagerService( 1733): setScreenBrightnessOverrideFromWindowManagerInternal done
07-06 00:27:54.862 D/TileTransitionManager( 1733): bringTileToFront lastLaunched is:ComponentInfo{com.jamdeo.launcher/com.jamdeo.launcher.app.BaseTileActivity}
07-06 00:27:54.862 D/TileTransitionEngine( 1733): launchTile result=true
07-06 00:27:54.866 D/TvInputManagerService( 1733): call enableMotionEventNotifier:false
07-06 00:27:54.881 D/TvInputManagerService( 1733): call enableMotionEventNotifier:false
07-06 00:27:54.881 D/PowerManagerService( 1733): setScreenBrightnessOverrideFromWindowManagerInternal done
07-06 00:27:54.882 D/PowerManagerService( 1733): wakeUp: eventTime=20916453
07-06 00:27:54.882 D/PowerManagerService( 1733): wakeUpInternal: eventTime=20916453, uid=1000
07-06 00:27:54.882 D/PowerManagerService( 1733): wakeUpNoUpdateLocked: eventTime=20916453, uid=1000
07-06 00:27:54.883 D/TvInputManagerService( 1733): call enableMotionEventNotifier:false
07-06 00:27:54.892 D/PowerManagerService( 1733): wakeUp: eventTime=20916463
07-06 00:27:54.892 D/PowerManagerService( 1733): wakeUpInternal: eventTime=20916463, uid=1000
07-06 00:27:54.892 D/PowerManagerService( 1733): wakeUpNoUpdateLocked: eventTime=20916463, uid=1000
07-06 00:27:54.899 D/PowerManagerService( 1733): setScreenBrightnessOverrideFromWindowManagerInternal done
07-06 00:27:54.919 D/PowerManagerService( 1733): releaseWakeLockInternal: lock=681732318 [ActivityManager-Launch], flags=0x0
07-06 00:27:54.919 D/PowerManagerNotifier( 1733): onWakeLockReleased: flags=1, tag="ActivityManager-Launch", packageName=android, ownerUid=1000, ownerPid=1733, workSource=null
07-06 00:27:54.931 I/NetflixMonitorService( 1733): current fgapk : com.jamdeo.launcher
07-06 00:27:54.931 I/NetflixMonitorService( 1733): Netflix status unchanged
07-06 00:27:55.308 D/PowerManagerService( 1733): setScreenBrightnessOverrideFromWindowManagerInternal done
07-06 00:27:55.931 I/NetflixMonitorService( 1733): current fgapk : com.jamdeo.launcher
07-06 00:27:55.931 I/NetflixMonitorService( 1733): Netflix status unchanged
07-06 00:27:56.932 I/NetflixMonitorService( 1733): current fgapk : com.jamdeo.launcher
07-06 00:27:56.932 I/NetflixMonitorService( 1733): Netflix status unchanged
07-06 00:27:57.314 V/HotPlugDetectionAction( 1733): Poll all devices.
07-06 00:27:57.734 E/HDMI_CEC( 1733): Send Message TO[5] 
07-06 00:27:57.734 E/HDMI_CEC( 1733): OP[0], <Feature Abort> 
07-06 00:27:57.734 E/HDMI_CEC( 1733): ========
07-06 00:27:57.806 E/HDMI_CEC( 1733): MI_CEC_SendTxPolling, ErrCode[4] 
07-06 00:27:57.840 E/HDMI_CEC( 1733): Sending message can't be response. 
07-06 00:27:57.933 I/NetflixMonitorService( 1733): current fgapk : com.jamdeo.launcher
07-06 00:27:57.933 I/NetflixMonitorService( 1733): Netflix status unchanged
07-06 00:27:58.783 D/HDMI    ( 1733): [P]:AllocatedAddress=[]
07-06 00:27:58.933 I/NetflixMonitorService( 1733): current fgapk : com.jamdeo.launcher
07-06 00:27:58.933 I/NetflixMonitorService( 1733): Netflix status unchanged
07-06 00:27:59.934 I/NetflixMonitorService( 1733): current fgapk : com.jamdeo.launcher
07-06 00:27:59.934 I/NetflixMonitorService( 1733): Netflix status unchanged
07-06 00:28:00.001 D/PowerManagerService( 1733): acquireWakeLockInternal: lock=1013057410, flags=0x40000001, tag="*alarm*", ws=WorkSource{1000}, uid=1000, pid=1733
07-06 00:28:00.001 D/PowerManagerNotifier( 1733): onWakeLockAcquired: flags=1073741825, tag="*alarm*", packageName=android, ownerUid=1000, ownerPid=1733, workSource=WorkSource{1000}
07-06 00:28:00.011 D/PowerManagerService( 1733): releaseWakeLockInternal: lock=1013057410 [*alarm*], flags=0x0
07-06 00:28:00.011 D/PowerManagerNotifier( 1733): onWakeLockReleased: flags=1073741825, tag="*alarm*", packageName=android, ownerUid=1000, ownerPid=1733, workSource=WorkSource{1000}
07-06 00:28:00.935 I/NetflixMonitorService( 1733): current fgapk : com.jamdeo.launcher
07-06 00:28:00.935 I/NetflixMonitorService( 1733): Netflix status unchanged
07-06 00:28:01.448 I/UsageStatsService( 1733): User[0] Flushing usage stats to disk
07-06 00:28:01.935 I/NetflixMonitorService( 1733): current fgapk : com.jamdeo.launcher
07-06 00:28:01.935 I/NetflixMonitorService( 1733): Netflix status unchanged
07-06 00:28:02.936 I/NetflixMonitorService( 1733): current fgapk : com.jamdeo.launcher
07-06 00:28:02.936 I/NetflixMonitorService( 1733): Netflix status unchanged
07-06 00:28:03.937 I/NetflixMonitorService( 1733): current fgapk : com.jamdeo.launcher
07-06 00:28:03.937 I/NetflixMonitorService( 1733): Netflix status unchanged
07-06 00:28:04.937 I/NetflixMonitorService( 1733): current fgapk : com.jamdeo.launcher
07-06 00:28:04.937 I/NetflixMonitorService( 1733): Netflix status unchanged
07-06 00:28:05.939 I/NetflixMonitorService( 1733): current fgapk : com.jamdeo.launcher
07-06 00:28:05.939 I/NetflixMonitorService( 1733): Netflix status unchanged
07-06 00:28:06.939 I/NetflixMonitorService( 1733): current fgapk : com.jamdeo.launcher
07-06 00:28:06.939 I/NetflixMonitorService( 1733): Netflix status unchanged
07-06 00:28:07.940 I/NetflixMonitorService( 1733): current fgapk : com.jamdeo.launcher
07-06 00:28:07.940 I/NetflixMonitorService( 1733): Netflix status unchanged
07-06 00:28:08.071 D/DefContainer( 8976): Copying /data/local/tmp/unlock_apk-debug.apk to base.apk
07-06 00:28:08.160 D/PackageManager( 1733): Renaming /data/app/vmdl1516145970.tmp to /data/app/io.appium.unlock-2
07-06 00:28:08.162 W/PackageManager( 1733): Attempt to re-install io.appium.unlock without first uninstalling.
07-06 00:28:08.941 I/NetflixMonitorService( 1733): current fgapk : com.jamdeo.launcher
07-06 00:28:08.941 I/NetflixMonitorService( 1733): Netflix status unchanged
07-06 00:28:09.941 I/NetflixMonitorService( 1733): current fgapk : com.jamdeo.launcher
07-06 00:28:09.941 I/NetflixMonitorService( 1733): Netflix status unchanged
07-06 00:28:10.942 I/NetflixMonitorService( 1733): current fgapk : com.jamdeo.launcher
07-06 00:28:10.942 I/NetflixMonitorService( 1733): Netflix status unchanged
07-06 00:28:11.575 I/ActivityManager( 1733): Force stopping com.hisense.hicloud.edca appid=10010 user=0: from pid 32397
07-06 00:28:11.943 I/NetflixMonitorService( 1733): current fgapk : com.jamdeo.launcher
07-06 00:28:11.943 I/NetflixMonitorService( 1733): Netflix status unchanged
07-06 00:28:12.321 V/HotPlugDetectionAction( 1733): Poll all devices.
07-06 00:28:12.744 E/HDMI_CEC( 1733): Send Message TO[5] 
07-06 00:28:12.744 E/HDMI_CEC( 1733): OP[0], <Feature Abort> 
07-06 00:28:12.744 E/HDMI_CEC( 1733): ========
07-06 00:28:12.815 E/HDMI_CEC( 1733): MI_CEC_SendTxPolling, ErrCode[4] 
07-06 00:28:12.834 I/ActivityManager( 1733): Force stopping com.hisense.hicloud.edca appid=10010 user=0: clear data
07-06 00:28:12.844 D/TaskPersister( 1733): removeObsoleteFile: deleting file=5504_task.xml
07-06 00:28:12.849 E/HDMI_CEC( 1733): Sending message can't be response. 
07-06 00:28:12.943 I/NetflixMonitorService( 1733): current fgapk : com.jamdeo.launcher
07-06 00:28:12.943 I/NetflixMonitorService( 1733): Netflix status unchanged
07-06 00:28:13.799 D/HDMI    ( 1733): [P]:AllocatedAddress=[]
07-06 00:28:13.944 I/NetflixMonitorService( 1733): current fgapk : com.jamdeo.launcher
07-06 00:28:13.944 I/NetflixMonitorService( 1733): Netflix status unchanged
07-06 00:28:14.945 I/NetflixMonitorService( 1733): current fgapk : com.jamdeo.launcher
07-06 00:28:14.945 I/NetflixMonitorService( 1733): Netflix status unchanged
07-06 00:28:15.534 I/ActivityManager( 1733): Force stopping com.hisense.hicloud.edca appid=10010 user=0: from pid 32450
07-06 00:28:15.793 D/TileTransitionManager( 1733): getActivityContainer not enter cts mode
07-06 00:28:15.795 D/TileTransitionManager( 1733): getActivityContainer, screen shot current tile:DummyApp, minLayer:21045, maxLayer:21050
07-06 00:28:15.868 D/TileTransitionManager( 1733): getActivityContainer, find existing stack, stackId:268, topComponent:ComponentInfo{com.jamdeo.launcher/com.jamdeo.launcher.app.BaseTileActivity}
07-06 00:28:15.868 D/ActivityStackUtils( 1733): deleteStack - stackId: 268
07-06 00:28:15.877 I/TileTransitionManager( 1733): deleteActivityStack stackId:268
07-06 00:28:15.877 D/TileTransitionManager( 1733): getActivityContainer, remove stackId: 268
07-06 00:28:15.877 D/ActivityStackUtils( 1733): startActivityOnNewStack - intent: null
07-06 00:28:15.901 E/WindowState( 1733): getStack: Window{3c8ccf5a u0 com.jamdeo.launcher/com.jamdeo.launcher.app.BaseTileActivity} couldn't find taskId=5503 Callers=com.android.server.wm.WindowManagerService.assignLayersLocked:8873 com.android.server.wm.WindowManagerService.moveStackWindowsLocked:5212 com.android.server.wm.WindowManagerService.attachStack:5294 com.android.server.am.ActivityStackSupervisor$ActivityContainer.attachToDisplayLocked:3846 
07-06 00:28:15.902 E/WindowState( 1733): getStack: Window{3c8ccf5a u0 com.jamdeo.launcher/com.jamdeo.launcher.app.BaseTileActivity} couldn't find taskId=5503 Callers=com.android.server.wm.WindowManagerService.performLayoutAndPlaceSurfacesLockedInner:9918 com.android.server.wm.WindowManagerService.performLayoutAndPlaceSurfacesLockedLoop:8957 com.android.server.wm.WindowManagerService.performLayoutAndPlaceSurfacesLocked:8899 com.android.server.wm.WindowManagerService.moveStackWindowsLocked:5216 
07-06 00:28:15.905 E/WindowState( 1733): getStack: Window{3c8ccf5a u0 com.jamdeo.launcher/com.jamdeo.launcher.app.BaseTileActivity} couldn't find taskId=5503 Callers=com.android.server.wm.WindowState.getDisplayContent:819 com.android.server.wm.WindowState.getDisplayId:824 com.android.server.wm.InputMonitor.updateInputWindowsLw:294 com.android.server.wm.WindowManagerService.performLayoutAndPlaceSurfacesLockedInner:10257 
07-06 00:28:15.906 E/WindowState( 1733): getStack: Window{3c8ccf5a u0 com.jamdeo.launcher/com.jamdeo.launcher.app.BaseTileActivity} couldn't find taskId=5503 Callers=com.android.server.wm.WindowState.getStackBounds:849 com.android.server.wm.InputMonitor.addInputWindowHandleLw:180 com.android.server.wm.InputMonitor.updateInputWindowsLw:313 com.android.server.wm.WindowManagerService.performLayoutAndPlaceSurfacesLockedInner:10257 
07-06 00:28:15.907 D/PowerManagerService( 1733): setScreenBrightnessOverrideFromWindowManagerInternal done
07-06 00:28:15.908 E/WindowState( 1733): getStack: Window{3c8ccf5a u0 com.jamdeo.launcher/com.jamdeo.launcher.app.BaseTileActivity} couldn't find taskId=5503 Callers=com.android.server.wm.DisplayContent.setTouchExcludeRegion:239 com.android.server.wm.WindowManagerService.setFocusedStackFrame:4124 com.android.server.wm.WindowManagerService.performLayoutAndPlaceSurfacesLockedInner:10333 com.android.server.wm.WindowManagerService.performLayoutAndPlaceSurfacesLockedLoop:8957 
07-06 00:28:15.910 I/ActivityStackUtils( 1733): New stack created with id = 269
07-06 00:28:15.910 D/ActivityStackUtils( 1733): startActivityOnStack - intent: Intent { act=com.jamdeo.launcher.BASE_TILE flg=0x100 (has extras) }, on stackId: 269
07-06 00:28:15.911 I/ActivityManager( 1733): START u0 {act=com.jamdeo.launcher.BASE_TILE flg=0x18010000 cmp=com.jamdeo.launcher/.app.BaseTileActivity (has extras)} from uid 1000 on display 0
07-06 00:28:15.912 V/WindowManager( 1733): addAppToken: AppWindowToken{14dfc601 token=Token{283cafe8 ActivityRecord{208b050b u0 com.jamdeo.launcher/.app.BaseTileActivity t5505}}} to stack=269 task=5505 at 0
07-06 00:28:15.958 V/WindowManager( 1733): Adding window Window{284e0d32 u0 Starting com.jamdeo.launcher} at 10 of 19 (after Window{3e309bcc u0 GlobalPanel})
07-06 00:28:15.959 I/UsageStatsService( 1733): paused component:com.jamdeo.launcher
07-06 00:28:15.959 V/UsageStatsService( 1733): Paused: 20937531   Component: com.jamdeo.launcher/com.jamdeo.launcher.app.BaseTileActivity   Time: 1499272095959 LastSessionTime: 21113 CumulativeSessionTime: 6918528
07-06 00:28:15.960 D/UsageStatsService( 1733): UsageStats: broadcasting intent
07-06 00:28:15.960 W/ContextImpl( 1733): Calling a method in the system process without a qualified user: android.app.ContextImpl.sendBroadcast:1327 com.android.server.usage.UsageStatsService.insertUsageStats:1104 com.android.server.usage.UsageStatsService$PkgUsageStatsExtended.updatePause:979 com.android.server.usage.UsageStatsService$LocalService.notePauseComponent:808 com.android.server.am.ActivityManagerService.updateUsageStats:3173 
07-06 00:28:15.962 D/PowerManagerService( 1733): acquireWakeLockInternal: lock=681732318, flags=0x1, tag="ActivityManager-Launch", ws=null, uid=1000, pid=1733
07-06 00:28:15.962 D/PowerManagerNotifier( 1733): onWakeLockAcquired: flags=1, tag="ActivityManager-Launch", packageName=android, ownerUid=1000, ownerPid=1733, workSource=null
07-06 00:28:15.962 D/UsageStatsService( 1733): User[0] Got usage event for com.jamdeo.launcher[1499272095960]: MOVE_TO_BACKGROUND
07-06 00:28:15.966 E/WindowState( 1733): getStack: Window{3c8ccf5a u0 com.jamdeo.launcher/com.jamdeo.launcher.app.BaseTileActivity} couldn't find taskId=5503 Callers=com.android.server.wm.WindowManagerService.assignLayersLocked:8873 com.android.server.wm.WindowManagerService.addWindow:2651 com.android.server.wm.Session.addToDisplay:168 android.view.ViewRootImpl.setView:527 
07-06 00:28:15.967 E/WindowState( 1733): getStack: Window{3c8ccf5a u0 com.jamdeo.launcher/com.jamdeo.launcher.app.BaseTileActivity} couldn't find taskId=5503 Callers=com.android.server.wm.WindowState.getDisplayContent:819 com.android.server.wm.WindowState.getDisplayId:824 com.android.server.wm.InputMonitor.updateInputWindowsLw:294 com.android.server.wm.WindowManagerService.addWindow:2658 
07-06 00:28:15.967 E/WindowState( 1733): getStack: Window{3c8ccf5a u0 com.jamdeo.launcher/com.jamdeo.launcher.app.BaseTileActivity} couldn't find taskId=5503 Callers=com.android.server.wm.WindowState.getStackBounds:849 com.android.server.wm.InputMonitor.addInputWindowHandleLw:180 com.android.server.wm.InputMonitor.updateInputWindowsLw:313 com.android.server.wm.WindowManagerService.addWindow:2658 
07-06 00:28:15.969 E/WindowState( 1733): getStack: Window{3c8ccf5a u0 com.jamdeo.launcher/com.jamdeo.launcher.app.BaseTileActivity} couldn't find taskId=5503 Callers=com.android.server.wm.WindowState.getDisplayContent:819 com.android.server.wm.WindowState.getWindowList:1397 com.android.server.wm.WindowManagerService.removeWindowInnerLocked:2895 com.android.server.wm.WindowManagerService.removeWindowLocked:2796 
07-06 00:28:15.969 E/WindowState( 1733): getStack: Window{3c8ccf5a u0 com.jamdeo.launcher/com.jamdeo.launcher.app.BaseTileActivity} couldn't find taskId=5503 Callers=com.android.server.wm.WindowState.getDisplayContent:819 com.android.server.wm.WindowManagerService.removeWindowInnerLocked:2900 com.android.server.wm.WindowManagerService.removeWindowLocked:2796 com.android.server.wm.WindowManagerService.removeWindow:2718 
07-06 00:28:15.971 D/PowerManagerService( 1733): setScreenBrightnessOverrideFromWindowManagerInternal done
07-06 00:28:15.976 D/ActivityStackUtils( 1733): moveStack - stackId: 269, toFront: true
07-06 00:28:15.977 I/NetflixMonitorService( 1733): current fgapk : com.jamdeo.launcher
07-06 00:28:15.977 I/NetflixMonitorService( 1733): Netflix status unchanged
07-06 00:28:15.982 D/PowerManagerService( 1733): setScreenBrightnessOverrideFromWindowManagerInternal done
07-06 00:28:15.987 D/PowerManagerService( 1733): setScreenBrightnessOverrideFromWindowManagerInternal done
07-06 00:28:15.990 D/TileTransitionManager( 1733): getActivityContainer, create an empty stack: 269for: com.hisense.hicloud.edca
07-06 00:28:15.993 D/TileTransitionManager( 1733): getActivityContainer notify the top tile app changed.
07-06 00:28:15.994 D/TileTransitionManager( 1733): preProcess tasks with top removed:false
07-06 00:28:15.997 D/ActivityStackUtils( 1733): getActivityContainer - on stackId: 269
07-06 00:28:15.999 D/JamdeoActivityStackSupervisor( 1733): get currentSiloName
07-06 00:28:15.999 I/ActivityManager( 1733): START u0 {act=android.intent.action.MAIN cat=[android.intent.category.LAUNCHER] flg=0x10200000 cmp=com.hisense.hicloud.edca/.activity.EntryActivity} from uid 2000 on display 0
07-06 00:28:16.002 D/PowerManagerService( 1733): setScreenBrightnessOverrideFromWindowManagerInternal done
07-06 00:28:16.004 V/WindowManager( 1733): addAppToken: AppWindowToken{17d4daf5 token=Token{97df02c ActivityRecord{e6bcbdf u0 com.hisense.hicloud.edca/.activity.EntryActivity t5506}}} to stack=269 task=5506 at 0
07-06 00:28:16.092 I/ActivityManager( 1733): Start proc 32466:com.hisense.hicloud.edca/u0a10 for activity com.hisense.hicloud.edca/.activity.EntryActivity
07-06 00:28:16.157 D/TvInputManagerService( 1733): call enableMotionEventNotifier:false
07-06 00:28:16.158 V/WindowManager( 1733): Adding window Window{201d57d7 u0 com.jamdeo.launcher/com.jamdeo.launcher.app.BaseTileActivity} at 10 of 19 (before Window{284e0d32 u0 Starting com.jamdeo.launcher})
07-06 00:28:16.163 D/PowerManagerService( 1733): wakeUp: eventTime=20937734
07-06 00:28:16.163 D/PowerManagerService( 1733): wakeUpInternal: eventTime=20937734, uid=1000
07-06 00:28:16.163 D/PowerManagerService( 1733): wakeUpNoUpdateLocked: eventTime=20937734, uid=1000
07-06 00:28:16.189 D/PowerManagerService( 1733): setScreenBrightnessOverrideFromWindowManagerInternal done
07-06 00:28:16.202 D/PowerManagerService( 1733): setScreenBrightnessOverrideFromWindowManagerInternal done
07-06 00:28:16.242 I/UsageStatsService( 1733): resumed component name is ComponentInfo{com.hisense.hicloud.edca/com.hisense.hicloud.edca.activity.EntryActivity}
07-06 00:28:16.242 I/UsageStatsService( 1733): started component:com.hisense.hicloud.edca
07-06 00:28:16.242 V/UsageStatsService( 1733): Resumed: 20937814   Component: com.hisense.hicloud.edca/com.hisense.hicloud.edca.activity.EntryActivity   Time: 1499272096242 VersionCode: 652   LastUpdateTime: 1499256171569
07-06 00:28:16.245 D/UsageStatsService( 1733): User[0] Got usage event for com.hisense.hicloud.edca[1499272096243]: MOVE_TO_FOREGROUND
07-06 00:28:16.246 D/UsageStatsService( 1733): UsageStats: broadcasting intent
07-06 00:28:16.247 D/PowerManagerService( 1733): setScreenBrightnessOverrideFromWindowManagerInternal done
07-06 00:28:16.247 W/ContextImpl( 1733): Calling a method in the system process without a qualified user: android.app.ContextImpl.sendBroadcast:1327 com.android.server.usage.UsageStatsService.insertUsageStats:1104 com.android.server.usage.UsageStatsService$PkgUsageStatsExtended.updateResume:962 com.android.server.usage.UsageStatsService$LocalService.noteResumeComponent:759 com.android.server.am.ActivityManagerService.updateUsageStats:3164 
07-06 00:28:16.255 D/PowerManagerService( 1733): setScreenBrightnessOverrideFromWindowManagerInternal done
07-06 00:28:16.257 I/ActivityManager( 1733): TR16) TaskRecord{248c18c4 #5506 A=com.hisense.hicloud.edca U=0 sz=1}
07-06 00:28:16.257 I/ActivityManager( 1733): TR15) TaskRecord{cd10cea #4980 A=com.jamdeo.launcher U=0 sz=1}
07-06 00:28:16.287 D/PowerManagerService( 1733): setScreenBrightnessOverrideFromWindowManagerInternal done
07-06 00:28:16.390 I/ActivityManager( 1733): TR16) TaskRecord{248c18c4 #5506 A=com.hisense.hicloud.edca U=0 sz=1}
07-06 00:28:16.390 I/ActivityManager( 1733): TR15) TaskRecord{cd10cea #4980 A=com.jamdeo.launcher U=0 sz=1}
07-06 00:28:16.393 V/ActivityManager( 1733): set mstar.EnterOpaqueUI false
07-06 00:28:16.405 D/TvInputManagerService( 1733): call enableMotionEventNotifier:false
07-06 00:28:16.409 D/TvInputManagerService( 1733): call enableMotionEventNotifier:false
07-06 00:28:16.417 D/PowerManagerService( 1733): wakeUp: eventTime=20937989
07-06 00:28:16.418 D/PowerManagerService( 1733): wakeUpInternal: eventTime=20937989, uid=1000
07-06 00:28:16.418 D/PowerManagerService( 1733): wakeUpNoUpdateLocked: eventTime=20937989, uid=1000
07-06 00:28:16.659 V/WindowManager( 1733): Adding window Window{1093fd30 u0 Starting com.hisense.hicloud.edca} at 12 of 20 (after Window{284e0d32 u0 Starting com.jamdeo.launcher})
07-06 00:28:16.672 D/PowerManagerService( 1733): setScreenBrightnessOverrideFromWindowManagerInternal done
07-06 00:28:16.673 D/PowerManagerService( 1733): setScreenBrightnessOverrideFromWindowManagerInternal done
07-06 00:28:16.726 D/PowerManagerService( 1733): setScreenBrightnessOverrideFromWindowManagerInternal done
07-06 00:28:16.727 D/PowerManagerService( 1733): setScreenBrightnessOverrideFromWindowManagerInternal done
07-06 00:28:16.730 D/PowerManagerService( 1733): setScreenBrightnessOverrideFromWindowManagerInternal done
07-06 00:28:16.737 D/PowerManagerService( 1733): setScreenBrightnessOverrideFromWindowManagerInternal done
07-06 00:28:16.744 D/PowerManagerService( 1733): setScreenBrightnessOverrideFromWindowManagerInternal done
07-06 00:28:16.767 D/PowerManagerService( 1733): setScreenBrightnessOverrideFromWindowManagerInternal done
07-06 00:28:16.797 W/ActivityManager( 1733): Unable to start service Intent { act=com.jamdeo.tilelibrary.VidaaTileService pkg=com.jamdeo.launcher } U=0: not found
07-06 00:28:16.978 I/NetflixMonitorService( 1733): current fgapk : com.hisense.hicloud.edca
07-06 00:28:16.978 I/NetflixMonitorService( 1733): Netflix status unchanged
07-06 00:28:17.190 D/PowerManagerService( 1733): setScreenBrightnessOverrideFromWindowManagerInternal done
07-06 00:28:17.192 D/PowerManagerService( 1733): setScreenBrightnessOverrideFromWindowManagerInternal done
07-06 00:28:17.978 I/NetflixMonitorService( 1733): current fgapk : com.hisense.hicloud.edca
07-06 00:28:17.978 I/NetflixMonitorService( 1733): Netflix status unchanged
07-06 00:28:18.979 I/NetflixMonitorService( 1733): current fgapk : com.hisense.hicloud.edca
07-06 00:28:18.979 I/NetflixMonitorService( 1733): Netflix status unchanged
07-06 00:28:19.757 V/WindowManager( 1733): Adding window Window{17648cb6 u0 com.hisense.hicloud.edca/com.hisense.hicloud.edca.activity.EntryActivity} at 10 of 19 (before Window{1093fd30 u0 Starting com.hisense.hicloud.edca})
07-06 00:28:19.956 D/PowerManagerService( 1733): setScreenBrightnessOverrideFromWindowManagerInternal done
07-06 00:28:19.959 D/PowerManagerService( 1733): setScreenBrightnessOverrideFromWindowManagerInternal done
07-06 00:28:19.979 I/NetflixMonitorService( 1733): current fgapk : com.hisense.hicloud.edca
07-06 00:28:19.979 I/NetflixMonitorService( 1733): Netflix status unchanged
07-06 00:28:20.218 D/PowerManagerService( 1733): setScreenBrightnessOverrideFromWindowManagerInternal done
07-06 00:28:20.221 D/PowerManagerService( 1733): releaseWakeLockInternal: lock=681732318 [ActivityManager-Launch], flags=0x0
07-06 00:28:20.221 D/PowerManagerNotifier( 1733): onWakeLockReleased: flags=1, tag="ActivityManager-Launch", packageName=android, ownerUid=1000, ownerPid=1733, workSource=null
07-06 00:28:20.222 D/PowerManagerService( 1733): setScreenBrightnessOverrideFromWindowManagerInternal done
07-06 00:28:20.233 D/PowerManagerService( 1733): setScreenBrightnessOverrideFromWindowManagerInternal done
07-06 00:28:20.436 D/PowerManagerService( 1733): setScreenBrightnessOverrideFromWindowManagerInternal done
07-06 00:28:20.440 D/PowerManagerService( 1733): setScreenBrightnessOverrideFromWindowManagerInternal done
07-06 00:28:20.980 I/NetflixMonitorService( 1733): current fgapk : com.hisense.hicloud.edca
07-06 00:28:20.980 I/NetflixMonitorService( 1733): Netflix status unchanged
07-06 00:28:21.980 I/NetflixMonitorService( 1733): current fgapk : com.hisense.hicloud.edca
07-06 00:28:21.980 I/NetflixMonitorService( 1733): Netflix status unchanged
07-06 00:28:22.017 D/TileTransitionManager( 1733): getActivityContainer not enter cts mode
07-06 00:28:22.018 D/JamdeoActivityStackSupervisor( 1733): get currentSiloName
07-06 00:28:22.019 I/ActivityManager( 1733): START u0 {cmp=com.hisense.hicloud.edca/com.hisense.tvui.newhome.HomeMainActivity} from uid 10010 on display 0
07-06 00:28:22.021 D/PowerManagerService( 1733): setScreenBrightnessOverrideFromWindowManagerInternal done
07-06 00:28:22.030 D/PowerManagerService( 1733): setScreenBrightnessOverrideFromWindowManagerInternal done
07-06 00:28:22.031 V/WindowManager( 1733): addAppToken: AppWindowToken{ac47c8e token=Token{20f12489 ActivityRecord{1d25d390 u0 com.hisense.hicloud.edca/com.hisense.tvui.newhome.HomeMainActivity t5506}}} to stack=269 task=5506 at 1
07-06 00:28:22.031 I/UsageStatsService( 1733): paused component:com.hisense.hicloud.edca
07-06 00:28:22.031 V/UsageStatsService( 1733): Paused: 20943603   Component: com.hisense.hicloud.edca/com.hisense.hicloud.edca.activity.EntryActivity   Time: 1499272102031 LastSessionTime: 5789 CumulativeSessionTime: 9463046
07-06 00:28:22.031 D/UsageStatsService( 1733): User[0] Got usage event for com.hisense.hicloud.edca[1499272102032]: MOVE_TO_BACKGROUND
07-06 00:28:22.031 D/UsageStatsService( 1733): UsageStats: broadcasting intent
07-06 00:28:22.032 W/ContextImpl( 1733): Calling a method in the system process without a qualified user: android.app.ContextImpl.sendBroadcast:1327 com.android.server.usage.UsageStatsService.insertUsageStats:1104 com.android.server.usage.UsageStatsService$PkgUsageStatsExtended.updatePause:979 com.android.server.usage.UsageStatsService$LocalService.notePauseComponent:808 com.android.server.am.ActivityManagerService.updateUsageStats:3173 
07-06 00:28:22.032 D/PowerManagerService( 1733): acquireWakeLockInternal: lock=681732318, flags=0x1, tag="ActivityManager-Launch", ws=null, uid=1000, pid=1733
07-06 00:28:22.032 D/PowerManagerNotifier( 1733): onWakeLockAcquired: flags=1, tag="ActivityManager-Launch", packageName=android, ownerUid=1000, ownerPid=1733, workSource=null
07-06 00:28:22.048 I/UsageStatsService( 1733): resumed component name is ComponentInfo{com.hisense.hicloud.edca/com.hisense.tvui.newhome.HomeMainActivity}
07-06 00:28:22.048 I/UsageStatsService( 1733): started component:com.hisense.hicloud.edca
07-06 00:28:22.048 V/UsageStatsService( 1733): Resumed: 20943619   Component: com.hisense.hicloud.edca/com.hisense.tvui.newhome.HomeMainActivity   Time: 1499272102048 VersionCode: 652   LastUpdateTime: 1499256171569
07-06 00:28:22.048 D/UsageStatsService( 1733): UsageStats: broadcasting intent
07-06 00:28:22.048 D/UsageStatsService( 1733): User[0] Got usage event for com.hisense.hicloud.edca[1499272102048]: MOVE_TO_FOREGROUND
07-06 00:28:22.049 W/ContextImpl( 1733): Calling a method in the system process without a qualified user: android.app.ContextImpl.sendBroadcast:1327 com.android.server.usage.UsageStatsService.insertUsageStats:1104 com.android.server.usage.UsageStatsService$PkgUsageStatsExtended.updateResume:962 com.android.server.usage.UsageStatsService$LocalService.noteResumeComponent:759 com.android.server.am.ActivityManagerService.updateUsageStats:3164 
07-06 00:28:22.053 D/PowerManagerService( 1733): setScreenBrightnessOverrideFromWindowManagerInternal done
07-06 00:28:22.057 I/ActivityManager( 1733): TR16) TaskRecord{248c18c4 #5506 A=com.hisense.hicloud.edca U=0 sz=2}
07-06 00:28:22.057 I/ActivityManager( 1733): TR15) TaskRecord{cd10cea #4980 A=com.jamdeo.launcher U=0 sz=1}
07-06 00:28:22.058 V/ActivityManager( 1733): set mstar.EnterOpaqueUI false
07-06 00:28:22.504 V/WindowManager( 1733): Adding window Window{10ed3bf2 u0 com.hisense.hicloud.edca/com.hisense.tvui.newhome.HomeMainActivity} at 11 of 19 (after Window{17648cb6 u0 com.hisense.hicloud.edca/com.hisense.hicloud.edca.activity.EntryActivity})
07-06 00:28:22.981 I/NetflixMonitorService( 1733): current fgapk : com.hisense.hicloud.edca
07-06 00:28:22.981 I/NetflixMonitorService( 1733): Netflix status unchanged
07-06 00:28:23.982 I/NetflixMonitorService( 1733): current fgapk : com.hisense.hicloud.edca
07-06 00:28:23.982 I/NetflixMonitorService( 1733): Netflix status unchanged
07-06 00:28:24.009 D/PowerManagerService( 1733): setScreenBrightnessOverrideFromWindowManagerInternal done
07-06 00:28:24.013 D/PowerManagerService( 1733): setScreenBrightnessOverrideFromWindowManagerInternal done
07-06 00:28:24.225 D/PowerManagerService( 1733): setScreenBrightnessOverrideFromWindowManagerInternal done
07-06 00:28:24.233 D/PowerManagerService( 1733): setScreenBrightnessOverrideFromWindowManagerInternal done
07-06 00:28:24.238 D/PowerManagerService( 1733): setScreenBrightnessOverrideFromWindowManagerInternal done
--------- beginning of main
07-06 00:28:24.553 D/ADLog   ( 7859): CommonUtils => getStringFromList:   [{"id":"8","code":"hitvdef","url":"http:\/\/api.hismarttv.com\/adapi\/getlogopic?type=0&ac=${ADCODE}&pid=${ADPOLICY}&aid=${ADID}&did=${DEVICEID}&t=${TIME}&act=${ACTION}&dt=${DISPLAYTIMES}&tz=${TIMEZONE}&mac=${MAC}"}]
07-06 00:28:24.557 D/TabView (32466): 
07-06 00:28:24.558 D/ADLog   ( 7859): ResourceDownloadManager => handleDownloadRequest downloadInfo = com.hisense.service.ad.bean.DownloadListInfo@3c91093c
07-06 00:28:24.558 D/ADLog   ( 7859): ResourceDownloadManager => handleDownloadRequest downloadTaskList = [com.hisense.service.ad.bean.DownloadListInfo@1af966c5]size1
07-06 00:28:24.558 D/ADLog   ( 7859): ResourceDownloadManager => startDownloader()
07-06 00:28:24.558 D/ADLog   ( 7859): ResourceDownloadManager => reclaimStorageSpace() enableReclaim = true
07-06 00:28:24.559 D/ADLog   ( 7859): ResourceDownloadManager => clear expired AppAdCodeInfo
07-06 00:28:24.559 D/ADLog   ( 7859): ADDaoHandler => adcode valid period: 604800
07-06 00:28:24.559 D/ADLog   ( 7859): DBManager => queryExpireADCode(long time = 1498638504)
07-06 00:28:24.562 D/TabView (32466): 
07-06 00:28:24.570 D/TabView (32466): 
07-06 00:28:24.575 I/art     (32466): Background sticky concurrent mark sweep GC freed 13542(792KB) AllocSpace objects, 1(16KB) LOS objects, 3% free, 26MB/26MB, paused 6.777ms total 125.496ms
07-06 00:28:24.577 D/TabView (32466): 
07-06 00:28:24.581 D/TabView (32466): 
07-06 00:28:24.584 D/TabView (32466): 
07-06 00:28:24.587 D/TabView (32466): 
07-06 00:28:24.594 D/TabView (32466): 
07-06 00:28:24.596 D/TabView (32466): 
07-06 00:28:24.599 D/TabView (32466): 
07-06 00:28:24.601 D/TabView (32466): 
07-06 00:28:24.607 D/TabView (32466): 
07-06 00:28:24.610 D/TabView (32466): 
07-06 00:28:24.612 D/TabView (32466): 
07-06 00:28:24.615 D/TabView (32466): 
07-06 00:28:24.618 D/ADLog   ( 7859): DBManager => result = 1, table : ADCodeInfo
07-06 00:28:24.618 D/ADLog   ( 7859): UpdateADStrategy => success to update policy for ad_on_cv4
07-06 00:28:24.618 D/ADLog   ( 7859): ADDaoHandler => getADCodeInfo(String adCode = ad_vm_av3)
07-06 00:28:24.618 D/ADLog   ( 7859): DBManager => query(String adCode = ad_vm_av3)
07-06 00:28:24.619 I/MyFragmentStateAdapter(32466): getCount
07-06 00:28:24.619 I/MyFragmentStateAdapter(32466): getCount
07-06 00:28:24.619 D/TabView (32466): 
07-06 00:28:24.625 D/TabView (32466): 
07-06 00:28:24.628 D/TabView (32466): 
07-06 00:28:24.631 D/TabView (32466): 
07-06 00:28:24.633 D/TabView (32466): 
07-06 00:28:24.635 D/TabView (32466): 
07-06 00:28:24.640 D/TabView (32466): 
07-06 00:28:24.643 D/TabView (32466): 
07-06 00:28:24.647 D/TabView (32466): 
07-06 00:28:24.653 D/HttpHandler(32466): DNSHelper-->gslbDnsresult={"timestamp":1499272104,"msg":"","data":{"lbgs.hismarttv.com":{"ips":["118.178.149.42","139.217.11.211"],"ttl":3600},"picture.edu.hismarttv.com":{"ips":["153.35.175.121","220.202.77.124","153.35.175.120","125.46.22.134","36.33.158.222","218.58.206.58","123.128.14.209"],"ttl":300}},"retCode":"0"}
07-06 00:28:24.656 D/OsdMonitorService( 1733): mCurrentWindow = com.hisense.hicloud.edca/com.hisense.tvui.newhome.HomeMainActivity; newWindow = com.hisense.hicloud.edca/com.hisense.tvui.newhome.HomeMainActivity; isSubWindow = false; isInWinList = false; isExitNow = false
07-06 00:28:24.657 D/OsdMonitorService( 1733): windowNotOsd() : name = com.hisense.hicloud.edca/com.hisense.tvui.newhome.HomeMainActivity
07-06 00:28:24.657 I/OsdMonitorService( 1733): setOsdStatus() : status will change from true to true
07-06 00:28:24.657 D/TabView (32466): 
07-06 00:28:24.658 D/PowerManagerService( 1733): setScreenBrightnessOverrideFromWindowManagerInternal done
07-06 00:28:24.662 D/TabView (32466): 
07-06 00:28:24.664 D/TabView (32466): 
07-06 00:28:24.666 D/TabView (32466): 
07-06 00:28:24.668 D/TabView (32466): 
07-06 00:28:24.669 D/PowerManagerService( 1733): setScreenBrightnessOverrideFromWindowManagerInternal done
07-06 00:28:24.670 D/TabView (32466): 
07-06 00:28:24.673 I/System.out(32466):  remove duplicate [118.178.149.42, 139.217.11.211]
07-06 00:28:24.675 D/PowerManagerService( 1733): setScreenBrightnessOverrideFromWindowManagerInternal done
07-06 00:28:24.679 D/TabView (32466): 
07-06 00:28:24.681 I/MyFragmentStateAdapter(32466): getCount
07-06 00:28:24.681 I/MyFragmentStateAdapter(32466): getCount
07-06 00:28:24.694 I/System.out(32466):  remove duplicate [118.178.149.42, 139.217.11.211]
07-06 00:28:24.699 D/HttpHandler(32466): DNSHelper-->httpDnsParser=["153.35.175.121","220.202.77.124","153.35.175.120","125.46.22.134","36.33.158.222","218.58.206.58","123.128.14.209"]
07-06 00:28:24.704 D/hwcomposer( 1204): lastHWWindowInfo is dirty
07-06 00:28:24.704 D/HttpHandler(32466): DNSRetryIntercepter-->checkData=dbbf03a0e59a5c14094df6af108b323c2797520f020336874a3593d88ef07cf9099dfb5bce67a7d113017c18b31a0356a0feb03a41974b4a8c01f83d0bd7eda381b4cb4eb638ec298f662edd3fb311c1f715c9ac7892696dc96d6db1ed98a471dc68b710d3530cca43fbe9c852f94302864fceaa16f3868f8a0ca209db8425b2f207f4f962c5cc68e7d2100cf81411fce57d49684cfe846245e4c3ef21095ad2b537699c257440fca27f306da673c45dd1090e3c847704633f3a4f3b0aa7afcfd9e87e8f07db8fabc5fc24d33e75b16d3f2492fd982b0cacca7ce21ac348572533056ec87e10f83528668cefa959454ee639c9505665e1647fee5a8bc978804a29d7e8e6e684de9fd2f75e05d96de816b8c767f0f624e0d7ae0eef5f7ad35793dd70376af846931bfdd2aa3544f2841e
07-06 00:28:24.708 I/TabView (32466): onScroll:,firstItem=0,visibleCount=6,totalCount=10
07-06 00:28:24.710 I/ContentBridgeAdapterListener(32466): onAddPresenter 0
07-06 00:28:24.713 I/ContentBridgeAdapterListener(32466): onCreate ViewHolder{2a4f842a position=-1 id=-1, oldPos=-1, pLpos:-1 unbound no parent}
07-06 00:28:24.713 I/ContentBridgeAdapterListener(32466): onBind 
07-06 00:28:24.715 D/HttpHandler(32466): DNSHelper-->gslbDnsresult={"timestamp":1499272104,"msg":"","data":{"lbgs.hismarttv.com":{"ips":["118.178.149.42","139.217.11.211"],"ttl":3600},"picture.edu.hismarttv.com":{"ips":["218.58.206.58","123.128.14.209","153.35.175.121","220.202.77.124","153.35.175.120","125.46.22.134","36.33.158.222"],"ttl":300}},"retCode":"0"}
07-06 00:28:24.715 I/System.out(32466):  remove duplicate [118.178.149.42, 139.217.11.211]
07-06 00:28:24.715 I/ContentBridgeAdapterListener(32466): onAttachedToWindow ViewHolder{2a4f842a position=0 id=-1, oldPos=-1, pLpos:-1}
07-06 00:28:24.715 I/BaseContentFragment(32466): setRowViewSelectedViewHolder{2a4f842a position=0 id=-1, oldPos=-1, pLpos:-1},isSelectedtrue
07-06 00:28:24.715 I/RoleContentFragment(32466): onChildSelected:0,lastPos=0
07-06 00:28:24.716 D/HttpHandler(32466): DNSHelper-->httpDnsParser=["220.202.77.124","153.35.175.120","125.46.22.134","36.33.158.222","218.58.206.58","123.128.14.209","153.35.175.121"]
07-06 00:28:24.719 D/HttpHandler(32466): HttpDNS-->hostname=api.edu.hismarttv.com
07-06 00:28:24.720 D/HttpHandler(32466): RAMCache-->hostInfo.getClientTimeStamp()=20942129
07-06 00:28:24.721 D/OkHttp  (32466): --> GET http://picture.edu.hismarttv.com/images/20170628111729989045.png http/1.1
07-06 00:28:24.721 D/OkHttp  (32466): Host: picture.edu.hismarttv.com
07-06 00:28:24.721 D/OkHttp  (32466): Connection: Keep-Alive
07-06 00:28:24.721 D/OkHttp  (32466): Accept-Encoding: gzip
07-06 00:28:24.721 D/OkHttp  (32466): User-Agent: okhttp/3.6.0
07-06 00:28:24.721 D/OkHttp  (32466): --> END GET
07-06 00:28:24.731 D/HttpHandler(32466): DNSHelper-->httpDnsParser=["153.35.175.121","220.202.77.124","153.35.175.120","125.46.22.134","36.33.158.222","218.58.206.58","123.128.14.209"]
07-06 00:28:24.732 I/ContentBridgeAdapterListener(32466): onAddPresenter 1
07-06 00:28:24.733 I/ContentBridgeAdapterListener(32466): onCreate ViewHolder{2f9ce101 position=-1 id=-1, oldPos=-1, pLpos:-1 unbound no parent}
07-06 00:28:24.733 I/SpecialFirstRowPresenter(32466): onBindViewHoldercom.hisense.tvui.newhome.presenter.SpecialFirstListRow@1a204ba6,isUnbind=false
07-06 00:28:24.733 I/ContentBridgeAdapterListener(32466): onBind 
07-06 00:28:24.738 I/ContentBridgeAdapterListener(32466): onAttachedToWindow ViewHolder{2f9ce101 position=1 id=-1, oldPos=-1, pLpos:-1}
07-06 00:28:24.739 I/FirstLineAdapter(32466): canShowTrailer,isOffline=false
07-06 00:28:24.739 I/FirstLineAdapter(32466): canShowTrailer,isOffline=false
07-06 00:28:24.741 I/FirstLineAdapter(32466): canShowTrailer,isOffline=false
07-06 00:28:24.741 I/FirstLineAdapter(32466): onCreateViewHolder viewtype=0
07-06 00:28:24.759 I/FirstLineAdapter(32466): onBindViewHolder 0
07-06 00:28:24.775 I/FirstLineAdapter(32466): canShowTrailer,isOffline=false
07-06 00:28:24.775 I/FirstLineAdapter(32466): onCreateViewHolder viewtype=1
07-06 00:28:24.775 D/OkHttp  (32466): --> GET http://picture.edu.hismarttv.com/images/20170628111759213347.png http/1.1
07-06 00:28:24.775 D/OkHttp  (32466): Host: picture.edu.hismarttv.com
07-06 00:28:24.775 D/OkHttp  (32466): Connection: Keep-Alive
07-06 00:28:24.775 D/OkHttp  (32466): Accept-Encoding: gzip
07-06 00:28:24.775 D/OkHttp  (32466): User-Agent: okhttp/3.6.0
07-06 00:28:24.775 D/OkHttp  (32466): --> END GET
07-06 00:28:24.777 D/OkHttp  (32466): <-- 200 OK http://picture.edu.hismarttv.com/images/20170628111729989045.png (55ms)
07-06 00:28:24.777 D/OkHttp  (32466): Date: Mon, 03 Jul 2017 10:05:17 GMT
07-06 00:28:24.777 D/OkHttp  (32466): Server: nginx
07-06 00:28:24.777 D/OkHttp  (32466): Content-Type: image/png
07-06 00:28:24.777 D/OkHttp  (32466): Content-Length: 2752
07-06 00:28:24.777 D/OkHttp  (32466): Last-Modified: Wed, 28 Jun 2017 11:17:29 GMT
07-06 00:28:24.777 D/OkHttp  (32466): ETag: "59539049-ac0"
07-06 00:28:24.777 D/OkHttp  (32466): Accept-Ranges: bytes
07-06 00:28:24.777 D/OkHttp  (32466): Age: 195787
07-06 00:28:24.777 D/OkHttp  (32466): Via: 1.1 zhiwangtong173:3 (Cdn Cache Server V2.0)[0 200 0], 1.1 angtong95:5 (Cdn Cache Server V2.0)[0 200 0]
07-06 00:28:24.777 D/OkHttp  (32466): Connection: keep-alive
07-06 00:28:24.777 D/OkHttp  (32466): <-- END HTTP
07-06 00:28:24.789 W/art     (32466): Suspending all threads took: 5.961ms
07-06 00:28:24.793 I/FirstLineAdapter(32466): onBindViewHolder 1
07-06 00:28:24.795 D/FirstLineAdapter(32466): setVipPoster ===>url :http://picture.edu.hismarttv.com/images/
07-06 00:28:24.801 I/FirstLineAdapter(32466): canShowTrailer,isOffline=false
07-06 00:28:24.801 I/FirstLineAdapter(32466): onCreateViewHolder viewtype=2
07-06 00:28:24.803 I/FirstLineAdapter(32466): onBindViewHolder 2
07-06 00:28:24.811 I/art     (32466): Background partial concurrent mark sweep GC freed 34857(2MB) AllocSpace objects, 4(1370KB) LOS objects, 14% free, 23MB/27MB, paused 9.807ms total 77.163ms
07-06 00:28:24.812 D/NativeDecimalFormat(32466): NativeDecimalFormat_close print addr=3997592064
07-06 00:28:24.812 D/NativeDecimalFormat(32466): NativeDecimalFormat_close print g_addr=3997592832
07-06 00:28:24.812 D/NativeDecimalFormat(32466): NativeDecimalFormat_close print addr=3997592832
07-06 00:28:24.812 D/NativeDecimalFormat(32466): NativeDecimalFormat_close print g_addr=3997592832
07-06 00:28:24.814 D/HttpHandler(32466): RetryIntercepter-->retryNum=0
07-06 00:28:24.814 I/MyItemDecoration(32466): getItemOffsets rect=Rect(0, -17 - 0, 0),pos=1
07-06 00:28:24.814 D/HttpHandler(32466): RetryIntercepter-->backoffmutiplier=0
07-06 00:28:24.821 I/MyItemDecoration(32466): getItemOffsets rect=Rect(0, -15 - 0, 0),pos=2
07-06 00:28:24.822 I/FirstLineAdapter(32466): canShowTrailer,isOffline=false
07-06 00:28:24.822 I/FirstLineAdapter(32466): canShowTrailer,isOffline=false
07-06 00:28:24.822 I/FirstLineAdapter(32466): onCreateViewHolder viewtype=3
07-06 00:28:24.822 D/OkHttp  (32466): --> GET http://picture.edu.hismarttv.com/images/20170628115302475663.png http/1.1
07-06 00:28:24.822 D/OkHttp  (32466): Host: picture.edu.hismarttv.com
07-06 00:28:24.822 D/OkHttp  (32466): Connection: Keep-Alive
07-06 00:28:24.822 D/OkHttp  (32466): Accept-Encoding: gzip
07-06 00:28:24.822 D/OkHttp  (32466): User-Agent: okhttp/3.6.0
07-06 00:28:24.822 D/OkHttp  (32466): --> END GET
07-06 00:28:24.822 I/CurrentCarouselView(32466): initView
07-06 00:28:24.823 D/HttpHandler(32466): RAMCache-->hostInfo.getTtl()=3600
07-06 00:28:24.823 D/HttpHandler(32466): RAMCache-->SystemClock.elapsedRealtime()=20946394
07-06 00:28:24.824 D/HttpHandler(32466): DNSHelper-->httpDnsParser=["218.58.206.58","123.128.14.209","153.35.175.121","220.202.77.124","153.35.175.120","125.46.22.134","36.33.158.222"]
07-06 00:28:24.836 E/WebcastSDK-(32466): isImageCacheLimitedStat(),  context.getPackageName = com.hisense.hicloud.edca
07-06 00:28:24.836 E/WebcastSDK-(32466): isImageCacheLimitedStat(),  mIsImageLimited = 1
07-06 00:28:24.859 E/WebcastSDK-HiCloudSourcePlugin(32466): init(), Webcast App Token is NULL.
07-06 00:28:24.859 E/WebcastSDK-HiCloudSourcePlugin(32466): getHiCloudService(), Webcast App Token is NULL.
07-06 00:28:24.867 D/WebcastSDK-HiCloudSourcePlugin(32466): getContext(): com.hisense.hicloud.edca.BaseApplication@2adbac5c mWebcastManager: null
07-06 00:28:24.870 E/WebcastSDK-HiCloudSourcePlugin(32466): checkHiCloudFetchCondition(), Webcast App Token is NULL. mToken: null
07-06 00:28:24.870 E/WebcastSDK-HiCloudSourcePlugin(32466): FetchSystemParameterTask(), has no fetch condition, return.
07-06 00:28:24.871 E/WebcastSDK-DataReport(32466): init(), Webcast App Token is NULL.
07-06 00:28:24.871 E/WebcastSDK-DataReport(32466): getHiCloudService(), Webcast App Token is NULL.
07-06 00:28:24.881 D/WebcastSDK-WebcastManager(32466): Device license:WASU
07-06 00:28:24.882 D/OkHttp  (32466): <-- 200 OK http://picture.edu.hismarttv.com/images/20170628115302475663.png (59ms)
07-06 00:28:24.882 D/OkHttp  (32466): Date: Mon, 03 Jul 2017 11:32:15 GMT
07-06 00:28:24.882 D/OkHttp  (32466): Server: nginx
07-06 00:28:24.882 D/OkHttp  (32466): Content-Type: image/png
07-06 00:28:24.882 D/OkHttp  (32466): Content-Length: 2527
07-06 00:28:24.882 D/OkHttp  (32466): Last-Modified: Wed, 28 Jun 2017 11:53:02 GMT
07-06 00:28:24.882 D/OkHttp  (32466): ETag: "5953989e-9df"
07-06 00:28:24.882 D/OkHttp  (32466): Accept-Ranges: bytes
07-06 00:28:24.882 D/OkHttp  (32466): Age: 190569
07-06 00:28:24.882 D/OkHttp  (32466): Via: 1.1 jn241:2 (Cdn Cache Server V2.0)[0 200 0], 1.1 angtong95:3 (Cdn Cache Server V2.0)[0 200 0]
07-06 00:28:24.882 D/OkHttp  (32466): Connection: keep-alive
07-06 00:28:24.882 D/OkHttp  (32466): <-- END HTTP
07-06 00:28:24.886 D/HttpHandler(32466): DNSHelper-->gslbDns=["123.103.91.123"]
07-06 00:28:24.888 D/OkHttp  (32466): --> GET http://picture.edu.hismarttv.com/images/20170628121916725281.png http/1.1
07-06 00:28:24.888 D/OkHttp  (32466): Host: picture.edu.hismarttv.com
07-06 00:28:24.888 D/OkHttp  (32466): Connection: Keep-Alive
07-06 00:28:24.888 D/OkHttp  (32466): Accept-Encoding: gzip
07-06 00:28:24.888 D/OkHttp  (32466): User-Agent: okhttp/3.6.0
07-06 00:28:24.888 D/OkHttp  (32466): --> END GET
07-06 00:28:24.888 I/TVMW@devctrl( 1234): wdt
07-06 00:28:25.100 D/ADLog   ( 7859): DBManager => load JsonExtras
07-06 00:28:25.101 D/ADLog   ( 7859): ADInfo => setJsonExtras(String jsonExtras = {"ad_on_jump":"{\"startupType\":4,\"startupUrl\":[{\"key\":\"startupType\",\"value\":3,\"type\":\"int\"},{\"key\":\"packageName\",\"value\":\"com.hisense.hicloud.edca\",\"type\":\"String\"}]}"})
07-06 00:28:25.101 D/ADLog   ( 7859): DBManager => ADCodeInfo [id=5, adCode=ad_on_cv4, packageNamecom.jamdeo.tv.advertisementproxy, UpdateStatus=2, defaultAdID=1000000006433, defaultAdURL=http://download.hismarttv.com/epgdata/ImageAD/9000019159462.zip, defaultAdPath=/data/data/com.hisense.service.ad/files/ad/9000019159462.zip, defaultAdType=9, owner=hitv, lastUpdateTime=1499243304, lock=java.util.concurrent.locks.ReentrantLock@298eaa41[Unlocked], adInfos=[com.hisense.service.ad.bean.ADInfo@18e47be6]]
07-06 00:28:25.101 D/ADLog   ( 7859): ADServiceHandler => current time:1499243305, lastUpdate time: 1499243304
07-06 00:28:25.101 D/ADLog   ( 7859): ADServiceHandler => app.getLastUsedAdId() is 1000000007204
07-06 00:28:25.101 D/ADLog   ( 7859): ADServiceHandler => lastShowAdID is 1000000007204
07-06 00:28:25.101 D/ADLog   ( 7859): ADServiceHandler => to find last used ad.
07-06 00:28:25.101 D/ADLog   ( 7859): ADInfo => getJsonExtras() mJsonExtras = {"ad_on_jump":"{\"startupType\":4,\"startupUrl\":[{\"key\":\"startupType\",\"value\":3,\"type\":\"int\"},{\"key\":\"packageName\",\"value\":\"com.hisense.hicloud.edca\",\"type\":\"String\"}]}"}
07-06 00:28:25.101 D/ADLog   ( 7859): ADContentTag => setJsonExtras(String jsonExtras = {"ad_on_jump":"{\"startupType\":4,\"startupUrl\":[{\"key\":\"startupType\",\"value\":3,\"type\":\"int\"},{\"key\":\"packageName\",\"value\":\"com.hisense.hicloud.edca\",\"type\":\"String\"}]}"})
07-06 00:28:25.101 E/ADLog   ( 7859): ADServiceHandler => ad resource file is available.
07-06 00:28:25.101 D/ADLog   ( 7859): ADServiceHandler => appAdCodeInfo.setLastUsedAdId() is1000000007204
07-06 00:28:25.101 D/ADLog   ( 7859): DBManager => update(String table = AppADCodeInfo, Object obj = com.hisense.service.ad.bean.AppADCodeInfo@30ed0527)
07-06 00:28:25.101 D/ADLog   ( 7859): DBManager => update(AppADCodeInfo info = com.hisense.service.ad.bean.AppADCodeInfo@30ed0527)
07-06 00:28:25.101 D/ADLog   ( 7859): DBManager => update appcodeinfo---------------------
07-06 00:28:25.102 D/ADLog   ( 7859): DBManager => getValues(String tabName = AppADCodeInfo, Object object = com.hisense.service.ad.bean.AppADCodeInfo@30ed0527)
07-06 00:28:25.106 V/PackageManager( 1733): getPackageInfo com.hisense.service.ad: Package{2fa4b490 com.hisense.service.ad}
07-06 00:28:25.116 D/ADLog   ( 7859): ADDaoHandler => update ADCodeInfo
07-06 00:28:25.116 D/ADLog   ( 7859): DBManager => update(String table = ADCodeInfo, Object obj = ADCodeInfo [id=6, adCode=ad_vm_av3, packageNamecom.jamdeo.tv.resources, UpdateStatus=1, defaultAdID=1000000005878, defaultAdURL=http://download.hismarttv.com/epgdata/ImageAD/9000019142662.jpg, defaultAdPath=/data/data/com.hisense.service.ad/files/ad/9000019142662.jpg, defaultAdType=5, owner=hitv, lastUpdateTime=1499243244, lock=java.util.concurrent.locks.ReentrantLock@3adef81a[Locked by thread pool-1-thread-1], adInfos=[]])
07-06 00:28:25.117 D/ADLog   ( 7859): DBManager => getValues(String tabName = ADCodeInfo, Object object = ADCodeInfo [id=6, adCode=ad_vm_av3, packageNamecom.jamdeo.tv.resources, UpdateStatus=1, defaultAdID=1000000005878, defaultAdURL=http://download.hismarttv.com/epgdata/ImageAD/9000019142662.jpg, defaultAdPath=/data/data/com.hisense.service.ad/files/ad/9000019142662.jpg, defaultAdType=5, owner=hitv, lastUpdateTime=1499243244, lock=java.util.concurrent.locks.ReentrantLock@3adef81a[Locked by thread pool-1-thread-1], adInfos=[]])
07-06 00:28:25.117 D/ADLog   ( 7859): CommonUtils => getStringFromList:   [{"id":"8","code":"hitvdef","url":"http:\/\/api.hismarttv.com\/adapi\/getlogopic?type=0&ac=${ADCODE}&pid=${ADPOLICY}&aid=${ADID}&did=${DEVICEID}&t=${TIME}&act=${ACTION}&dt=${DISPLAYTIMES}&tz=${TIMEZONE}&mac=${MAC}"}]
07-06 00:28:25.143 D/Carousel-CarouselChannelItemView(32466): Listitem imageUrl:http://picture.edu.hismarttv.com/images/20170628102959016598.jpg
07-06 00:28:25.149 D/ADLog   ( 7859): DBManager => result = 1
07-06 00:28:25.149 D/ADLog   ( 7859): ADDaoHandler => update ADCodeInfo
07-06 00:28:25.149 D/ADLog   ( 7859): DBManager => update(String table = ADCodeInfo, Object obj = ADCodeInfo [id=5, adCode=ad_on_cv4, packageNamecom.jamdeo.tv.advertisementproxy, UpdateStatus=2, defaultAdID=1000000006433, defaultAdURL=http://download.hismarttv.com/epgdata/ImageAD/9000019159462.zip, defaultAdPath=/data/data/com.hisense.service.ad/files/ad/9000019159462.zip, defaultAdType=9, owner=hitv, lastUpdateTime=1499243304, lock=java.util.concurrent.locks.ReentrantLock@298eaa41[Locked by thread Binder_4], adInfos=[com.hisense.service.ad.bean.ADInfo@18e47be6]])
07-06 00:28:25.149 D/ADLog   ( 7859): DBManager => getValues(String tabName = ADCodeInfo, Object object = ADCodeInfo [id=5, adCode=ad_on_cv4, packageNamecom.jamdeo.tv.advertisementproxy, UpdateStatus=2, defaultAdID=1000000006433, defaultAdURL=http://download.hismarttv.com/epgdata/ImageAD/9000019159462.zip, defaultAdPath=/data/data/com.hisense.service.ad/files/ad/9000019159462.zip, defaultAdType=9, owner=hitv, lastUpdateTime=1499243304, lock=java.util.concurrent.locks.ReentrantLock@298eaa41[Locked by thread Binder_4], adInfos=[com.hisense.service.ad.bean.ADInfo@18e47be6]])
07-06 00:28:25.149 D/ADLog   ( 7859): CommonUtils => getStringFromList:   [{"id":"8","code":"hitvdef","url":"http:\/\/api.hismarttv.com\/adapi\/getlogopic?type=0&ac=${ADCODE}&pid=${ADPOLICY}&aid=${ADID}&did=${DEVICEID}&t=${TIME}&act=${ACTION}&dt=${DISPLAYTIMES}&tz=${TIMEZONE}&mac=${MAC}"}]
07-06 00:28:25.155 D/Carousel-CarouselChannelItemView(32466): Listitem imageUrl:http://picture.edu.hismarttv.com/images/20170628103002814396.jpg
07-06 00:28:25.157 D/Carousel-CarouselChannelItemView(32466): Listitem imageUrl:http://picture.edu.hismarttv.com/images/20170628103009181182.jpg
07-06 00:28:25.158 D/ADLog   ( 7859): DBManager => result = 1, table : ADCodeInfo
07-06 00:28:25.158 D/ADLog   ( 7859): DBManager => delete(String table = ADPlayPolicy, String adCode = ad_vm_av3, String packageName = com.jamdeo.tv.resources)
