07-05 22:15:53.530 D/Player/Player/NativePlayerUtils(24130): [TID 24271] loadWhiteListSync(), white list fetched: {"SupportDolby":false,"SupportH265":false,"Support4K":false,"SupportLive":true}
07-05 22:15:53.530 D/Player/Player/NativePlayerUtils(24130): [TID 24271] parseWhiteListJson(jsonString:{"SupportDolby":false,"SupportH265":false,"Support4K":false,"SupportLive":true})
07-05 22:15:53.530 D/Player/Player/NativePlayerUtils(24130): [TID 24271] parseWhiteListJson, normal:true,h265:false,dolby:false,bs4K:false
07-05 22:15:53.530 D/CLog    (24130): cpuinfo_len is (370):
07-05 22:15:53.530 D/CLog    (24130): Processor	: AArch64 Processor rev 3 (aarch64)
07-05 22:15:53.530 D/CLog    (24130): processor	: 0
07-05 22:15:53.530 D/CLog    (24130): processor	: 1
07-05 22:15:53.530 D/CLog    (24130): processor	: 2
07-05 22:15:53.530 D/CLog    (24130): processor	: 3
07-05 22:15:53.530 D/CLog    (24130): Features	: fp asimd aes pmull sha1 sha2 crc32 wp half thumb fastmult vfp edsp neon vfpv3 tlsi vfpv4 idiva idivt 
07-05 22:15:53.530 D/CLog    (24130): CPU implementer	: 0x41
07-05 22:15:53.530 D/CLog    (24130): CPU architecture: 8
07-05 22:15:53.530 D/CLog    (24130): CPU variant	: 0x0
07-05 22:15:53.530 D/CLog    (24130): CPU part	: 0xd03
07-05 22:15:53.530 D/CLog    (24130): CPU revision	: 3
07-05 22:15:53.530 D/CLog    (24130): 
07-05 22:15:53.530 D/CLog    (24130): Hardware	: Muji
07-05 22:15:53.530 D/CLog    (24130): Revision	: 0000
07-05 22:15:53.530 D/CLog    (24130): Serial		: 0000000000000000
07-05 22:15:53.530 D/CLog    (24130): 
07-05 22:15:53.530 D/CLog    (24130): cpuinfo hardware is Muji
07-05 22:15:53.531 I/TVWhiteList(24130): longyUrl = http://msg.71.am/v5/core/bmd?t=pfmc&success=1&tm1=43&bgv=3.0&tv_device=VIDAA_TV-4-Muji-22-Hisense&isadapted=1&krv=3.8.3
07-05 22:15:53.532 D/Player/Player/NativePlayerUtils(24130): [TID 24161] << loadWhiteListSync()
07-05 22:15:53.532 D/Player/Lib/Utils/PlayerDebugUtils(24130): [TID 24161] initialize, allowDebug: false
07-05 22:15:53.532 D/OkHttp  (24130): --> POST http://api.edu.hismarttv.com/payment/api/get/experience/member?uuid=13287129&mac=a8:a6:48:18:fc:a8&devid=86100300900000500000060a4818fca8&version=00.002.003&subscriberId=13287129&customerId=7195320&model_id=0&APPPackage=com.hisense.hicloud.edca&PFAPPCode=652&APPVersionName=3.0.0.9.00&ChannelId=0&softwareVersion=LED50MU8600UC0000888&tv_distribute_id=00&devType=0&APIVersion=600&accessToken=72DF6038D2AEAB8A76DFBBBBCC428A4A_002110351680629 http/1.1
07-05 22:15:53.532 D/OkHttp  (24130): Content-Type: application/x-www-form-urlencoded
07-05 22:15:53.533 D/OkHttp  (24130): Content-Length: 512
07-05 22:15:53.533 D/OkHttp  (24130): Data_Type: JSON
07-05 22:15:53.533 D/OkHttp  (24130): RetryTime: 0
07-05 22:15:53.533 D/OkHttp  (24130): Backoffmutiplier: 0
07-05 22:15:53.533 D/OkHttp  (24130): Host: api.edu.hismarttv.com
07-05 22:15:53.533 D/OkHttp  (24130): Connection: Keep-Alive
07-05 22:15:53.533 D/OkHttp  (24130): Accept-Encoding: gzip
07-05 22:15:53.533 D/OkHttp  (24130): User-Agent: okhttp/3.6.0
07-05 22:15:53.533 D/OkHttp  (24130): --> END POST
07-05 22:15:53.536 I/MyFragmentStateAdapter(24130): getCount
07-05 22:15:53.536 D/PlayerSdk/PlayerSdkProject(24130): [TID 24161] initPingback
07-05 22:15:53.541 D/OkHttp  (24130): <-- 200 OK http://picture.edu.hismarttv.com/images/20170629/%E8%8B%B1%E8%AF%AD%E5%90%AF%E8%92%99.jpg (33ms)
07-05 22:15:53.541 D/OkHttp  (24130): Date: Wed, 05 Jul 2017 14:10:55 GMT
07-05 22:15:53.541 D/OkHttp  (24130): Server: nginx
07-05 22:15:53.541 D/OkHttp  (24130): Content-Type: image/jpeg
07-05 22:15:53.541 D/OkHttp  (24130): Content-Length: 57011
07-05 22:15:53.541 D/OkHttp  (24130): Last-Modified: Fri, 09 Jun 2017 14:49:58 GMT
07-05 22:15:53.541 D/OkHttp  (24130): ETag: "593ab596-deb3"
07-05 22:15:53.541 D/OkHttp  (24130): Accept-Ranges: bytes
07-05 22:15:53.541 D/OkHttp  (24130): Age: 298
07-05 22:15:53.541 D/OkHttp  (24130): Via: 1.1 jnwt244:0 (Cdn Cache Server V2.0)[19 200 0], 1.1 luwangtong27:3 (Cdn Cache Server V2.0)[0 200 0]
07-05 22:15:53.541 D/OkHttp  (24130): Connection: keep-alive
07-05 22:15:53.541 D/OkHttp  (24130): <-- END HTTP
07-05 22:15:53.542 D/HttpHandler(24130): RetryIntercepter-->retryNum=0
07-05 22:15:53.542 D/HttpHandler(24130): RetryIntercepter-->backoffmutiplier=0
07-05 22:15:53.572 I/TVWhiteList(24130): strRes = 
07-05 22:15:53.578 D/OkHttp  (24130): <-- 200 OK http://api.edu.hismarttv.com/payment/api/get/experience/member?uuid=13287129&mac=a8:a6:48:18:fc:a8&devid=86100300900000500000060a4818fca8&version=00.002.003&subscriberId=13287129&customerId=7195320&model_id=0&APPPackage=com.hisense.hicloud.edca&PFAPPCode=652&APPVersionName=3.0.0.9.00&ChannelId=0&softwareVersion=LED50MU8600UC0000888&tv_distribute_id=00&devType=0&APIVersion=600&accessToken=72DF6038D2AEAB8A76DFBBBBCC428A4A_002110351680629 (45ms)
07-05 22:15:53.578 D/OkHttp  (24130): Server: nginx
07-05 22:15:53.579 D/OkHttp  (24130): Date: Wed, 05 Jul 2017 14:15:53 GMT
07-05 22:15:53.579 D/OkHttp  (24130): Content-Type: application/json
07-05 22:15:53.579 D/OkHttp  (24130): Content-Length: 289
07-05 22:15:53.579 D/OkHttp  (24130): Connection: close
07-05 22:15:53.579 D/OkHttp  (24130): <-- END HTTP
07-05 22:15:53.584 D/HttpHandler(24130): RetryIntercepter-->retryNum=0
07-05 22:15:53.584 D/HttpHandler(24130): RetryIntercepter-->backoffmutiplier=0
07-05 22:15:53.593 I/System.out(24130): <TVAPI> DEBUG(TVApiProperty): read passport-device-id=tv_69b1ef544cadbb86e8f28950ece1c76a_1167652938875
07-05 22:15:53.602 D/HttpHandler(24130): VerifySignInterCeptor-->dateType=1
07-05 22:15:53.602 D/HttpHandler(24130): VerifySignInterCeptor-->HttpRequestManager.httpClietOption.getVerifyFlag()=1
07-05 22:15:53.615 D/pingbacklog/getHardwareInfo(24130): getHardwareInfo: info=muji
07-05 22:15:53.615 D/HttpHandler(24130): VerifySignInterCeptor-->content={"message": "\u6ca1\u6709\u67e5\u8be2\u5230id\u4e3a0\u7684\u5f39\u7a97\u4fe1\u606f", "success": false}
07-05 22:15:53.621 D/pingbacklog-set(24130): QiyiPingBack2.setAnonymityId is be used, mAnonymityId = tv_69b1ef544cadbb86e8f28950ece1c76a
07-05 22:15:53.621 D/pingbacklog-set(24130): QiyiPingBack2.setPassportId is be used, UserId = null
07-05 22:15:53.626 I/MemTotal:        1958344 kB(24130): MemTotal:	
07-05 22:15:53.626 I/MemTotal:        1958344 kB(24130): 1958344	
07-05 22:15:53.626 I/MemTotal:        1958344 kB(24130): kB	
07-05 22:15:53.630 D/PlayerSdk/PlayerSdkProject(24130): [TID 24161] initPingback: domainName=ptqy.gitv.tv, ver=2.1.0.59986, uuid=20151228165619572MkCHJfWb11209, userId=null, isNewUser=true, deviceid=tv_69b1ef544cadbb86e8f28950ece1c76a_1167652938875, setAnonymityId=tv_69b1ef544cadbb86e8f28950ece1c76a
07-05 22:15:53.638 D/PlayerSdk/CheckPackageNameJob(24130): [TID 24161] SdkConfigManager.instance().getConfig() = SdkConfig@2934b2c4{mCustomerCode=60, mPlayerConfigType=4, mPlatformType=HAIXIN, mLoginType=SUB_ACCOUNT, mIsEnableDolby=false, mIsEnableH265=false, mIsEnable4K=true, mIsSupportYinhePingback=false, mShouldDoPlayCheck=true, mshouldGetUuidFromServer=true, mPingbackS1=2, mPingbackS2=simple_sdk, mPingbackP2=3128, mDomainName=ptqy.gitv.tv, mIsDebugVersion=false, mIsDebugVersion=false, mCustomerPackageNames=[com.hisense.hicloud.edca], mEnableSetBitstream=true}
07-05 22:15:53.643 D/PlayerSdk/CheckPackageNameJob@284caa5(24130): [TID 24161] isCancelled() Job[PlayerSdk/CheckPackageNameJob@284caa5](mState=0, mData=Object77887019, mError=null) return false
07-05 22:15:53.643 D/PlayerSdk/CheckPackageNameJob(24130): [TID 24161] onRun(), mCurrentPackageName=com.hisense.hicloud.edca, mCustomerPackageNames=511068292:[com.hisense.hicloud.edca]
07-05 22:15:53.643 D/PlayerSdk/CheckPackageNameJob@284caa5(24130): [TID 24161] notifyJobSuccess() Job[PlayerSdk/CheckPackageNameJob@284caa5](mState=1, mData=Object77887019, mError=null)
07-05 22:15:53.644 D/PlayerSdk/DeviceCheckTask@28e6be7a(24130): [TID 24161] isCancelled() Job[PlayerSdk/DeviceCheckTask@28e6be7a](mState=0, mData=Object642357896, mError=null) return false
07-05 22:15:53.644 D/PlayerSdk/DeviceCheckTask(24130): [TID 24161] execte.onRun: isDevChecked=false, isDeviceCheckPass=false
07-05 22:15:53.644 D/AccessToken(24130): [TID 24161] isAllowedAccess() count=0, now=1499264153644, time=1499264153644, mMaxCount = 5, duration = 600000, mAccessTime = 0, return true
07-05 22:15:53.644 D/AccessToken(24130): [TID 24161] isAllowedAccess() count=0, now=1499264153644, time=1499264153644, mMaxCount = 5, duration = 600000, mAccessTime = 0, return true
07-05 22:15:53.644 D/PlayerSdk/DeviceCheckTask(24130): [TID 24161] deviceCheck
07-05 22:15:53.644 D/PlayerSdk/DeviceCheckTask(24130): [TID 24161] deviceCheck: devCheckTest=-1
07-05 22:15:53.647 I/System.out(24130): <TVAPI> DEBUG(isUpdateData): isUpdateData=devRegister-true
07-05 22:15:53.647 I/System.out(24130): <TVAPI> DEBUG(TVAPI): uuid=20151228165619572MkCHJfWb11209
07-05 22:15:53.647 I/System.out(24130): <TVAPI> DEBUG(TVAPI): version=2.1.0.59986
07-05 22:15:53.648 I/System.out(24130): <TVAPI> DEBUG(TVApiProperty): read passport-device-id=tv_69b1ef544cadbb86e8f28950ece1c76a_1167652938875
07-05 22:15:53.648 I/System.out(24130): <TVAPI> DEBUG(id=6, systemTime): url = http://pdata.video.ptqy.gitv.tv/k
07-05 22:15:53.649 I/System.out(24130): D/(load-playerplugin, CommonApi-systemTime): url=http://pdata.video.ptqy.gitv.tv/k
07-05 22:15:53.652 I/System.out(24130): <TVAPI> DEBUG(id=5, devRegister): url = http://data2.itv.ptqy.gitv.tv/itv/devRegister/OGFjZjgxODQ2YThhLzIwMTUxMjI4MTY1NjE5NTcyTWtDSEpmV2IxMTIwOS8yLjEuMC41OTk4Ng/39467112fe7be1432adcf86e152f4899
07-05 22:15:53.652 I/System.out(24130): <TVAPI> DEBUG(id=5, devRegister): header = qyid:tv_69b1ef544cadbb86e8f28950ece1c76a_1167652938875
07-05 22:15:53.652 I/System.out(24130): <TVAPI> DEBUG(id=5, devRegister): header = ov:5.1.1
07-05 22:15:53.652 I/System.out(24130): <TVAPI> DEBUG(id=5, devRegister): header = apkVer:2.1.0.59986
07-05 22:15:53.656 E/NetworkManager(24130): [TID 24275] << request(http://www.baidu.com, 12995088): connect internet failed, url=http://www.baidu.com
07-05 22:15:53.659 D/NetworkManager(24130): [TID 24274] tryConnectFirst: result=false, time consumed=142ms
07-05 22:15:53.659 D/NetworkManager(24130): [TID 24274] >> getRequestTask(http://www.qq.com)
07-05 22:15:53.667 D/NetworkManager(24130): [TID 24275] >> request(http://www.qq.com, 12995231)
07-05 22:15:53.668 D/NetworkManager(24130): [TID 24275] request(http://www.qq.com, 12995231): openConnection
07-05 22:15:53.669 I/TVMW@HsTvSetting( 1234): Trace cmd, data = 0x1058
07-05 22:15:53.669 D/til@system( 2026): til_get_system_param option:100002F int:0, bool:0, ret:0
07-05 22:15:53.669 I/TVMW@HsTvSetting( 1234): Trace cmd, data = 0x101f
07-05 22:15:53.670 D/NetworkManager(24130): [TID 24274] getRequestTask(http://www.qq.com): current pool size=2, queue=[]
07-05 22:15:53.671 D/til@system( 2026): til_get_system_param option:100001D int:3, bool:3, ret:0
07-05 22:15:53.671 E/til     ( 2026): [til_get_current_input_source, 101] 
07-05 22:15:53.671 I/TVMW@HsTvSetting( 1234): Trace cmd, data = 0x7007
07-05 22:15:53.671 I/tilwrapper@sm( 2026): HS2TIL_SourceType *hs=0xd, *til=0x900
07-05 22:15:53.671 D/til     ( 2026): get current source 2304
07-05 22:15:53.671 D/SourceRemoteServiceHandler( 2026): getCurrentInputSource.from.til.result is 0, value is 2304
07-05 22:15:53.672 D/SourceRemoteServiceHandler( 2026): getInputSourceType source: 0x900, type=2304
07-05 22:15:53.672 D/til     ( 2026): ###### func:til_get_picture_param option:0x3000006 ######  
07-05 22:15:53.672 I/TVMW@HsTvSetting( 1234): Trace cmd, data = 0x1003
07-05 22:15:53.672 I/TVMW@HsTvSetting( 1234): Trace cmd, data = 0x8032
07-05 22:15:53.672 I/hstvos  ( 1216): [0m[1;33m[HSHAL][HS_VIDEO][HS_HAL_Video_SetOsdDetect_v2][2389]u16Threshold = 20
07-05 22:15:53.673 I/MiSysSrv( 1214): Not support now! 42, change to mm_video!!!
07-05 22:15:53.673 E/TVMW@videoctrl( 1234):  getOsd is 1
07-05 22:15:53.673 E/TVMW@videoctrl( 1234): hs_mw_videoctrl.cpp getOsdShow result is        1
07-05 22:15:53.673 D/til@system( 2026): til_get_system_param option:1000027 int:1, bool:1, ret:0
07-05 22:15:53.673 D/til     ( 2026): ###### func:til_get_picture_param option:0x3000045 ######  
07-05 22:15:53.673 D/NetworkManager(24130): [TID 24274] getRequestTask(http://www.qq.com): submitted task={java.util.concurrent.FutureTask@29124846, 12995231}
07-05 22:15:53.674 D/NetworkManager(24130): [TID 24274] << getRequestTask(http://www.qq.com): returned task=java.util.concurrent.FutureTask@29124846
07-05 22:15:53.674 D/NetworkManager(24130): [TID 24274] >> getRequestTask(http://www.iqiyi.com)
07-05 22:15:53.674 D/NetworkManager(24130): [TID 24274] getRequestTask(http://www.iqiyi.com): current pool size=3, queue=[]
07-05 22:15:53.674 D/NetworkManager(24130): [TID 24274] getRequestTask(http://www.iqiyi.com): submitted task={java.util.concurrent.FutureTask@3421d734, 12995245}
07-05 22:15:53.674 D/NetworkManager(24130): [TID 24274] << getRequestTask(http://www.iqiyi.com): returned task=java.util.concurrent.FutureTask@3421d734
07-05 22:15:53.674 D/NetworkManager(24130): [TID 24274] >> getRequestTask(http://www.163.com)
07-05 22:15:53.678 D/DtvSourcePlugin-DVBC(15961): Setting the EPG Updater state to: WAIT
07-05 22:15:53.678 I/TVMW@HsTvSetting( 1234): Trace cmd, data = 0x300c
07-05 22:15:53.678 I/TVMW@HsTvSetting( 1234): Trace 3d, data = 0x300c
07-05 22:15:53.678 I/TVMW@3d ( 1234): Hs_debug3d_trace: func:get3dStatus, line:109
07-05 22:15:53.684 D/NetworkManager(24130): [TID 24274] getRequestTask(http://www.163.com): current pool size=4, queue=[]
07-05 22:15:53.684 D/NetworkManager(24130): [TID 24274] getRequestTask(http://www.163.com): submitted task={java.util.concurrent.FutureTask@281aa2d2, 12995246}
07-05 22:15:53.684 D/NetworkManager(24130): [TID 24274] << getRequestTask(http://www.163.com): returned task=java.util.concurrent.FutureTask@281aa2d2
07-05 22:15:53.685 D/NetworkManager(24130): [TID 24274] >> getRequestTask(http://www.taobao.com)
07-05 22:15:53.690 I/MyFragmentStateAdapter(24130): getCount
07-05 22:15:53.690 D/NetworkManager(24130): [TID 24285] >> request(http://www.iqiyi.com, 12995245)
07-05 22:15:53.691 I/System.out(24130): <TVAPI> DEBUG(System Time): 1499264153
07-05 22:15:53.691 I/System.out(24130): <TVAPI> DEBUG(id=6, systemTime, response_time = 43ms): data = {"t":"1499264153","m":"240575a34c8da8818b97d9544dd9aeb3ee44c50ce708393e","u":"240575a34c8da881d9db41dcdbea836dcd209a1d88b78425","i":"220.181.109.33","k":"240575a34c8da881b239b377d573acb49db42e51cb91c539"}
07-05 22:15:53.691 D/NetworkManager(24130): [TID 24285] request(http://www.iqiyi.com, 12995245): openConnection
07-05 22:15:53.699 D/NetworkManager(24130): [TID 24274] getRequestTask(http://www.taobao.com): current pool size=5, queue=[]
07-05 22:15:53.700 D/NetworkManager(24130): [TID 24274] getRequestTask(http://www.taobao.com): submitted task={java.util.concurrent.FutureTask@399f32a0, 12995256}
07-05 22:15:53.700 D/NetworkManager(24130): [TID 24274] << getRequestTask(http://www.taobao.com): returned task=java.util.concurrent.FutureTask@399f32a0
07-05 22:15:53.700 D/NetworkManager(24130): [TID 24274] >> getRequestTask(http://www.sina.com.cn)
07-05 22:15:53.707 I/System.out(24130): <TVAPI> DEBUG(id=5, devRegister, response_time = 57ms): data = {"msg":"","code":"N000000","data":{"apiKey":"9e14d341281067d05d771f41454858c0","authId":1210,"flag":"","hide":"qiyicom","ip":"27.223.99.130","ipLoc":"1-48-3-6-6002-0-77","ipZh":"-----None-","kv":[{"hcdn":"hCDN"},{"homepageHot":""},{"homepageNew":""},{"ruleCode":"http://static.ptqy.gitv.tv/js/tv/app/getPlayerConfig.js","playerConfig":""},{"isShowExitAppDialog":"apk"}],"loading":"","loginTunnel":0,"resIds":[{"id":201221412,"seq":1},{"id":201713612,"seq":2},{"id":201757412,"seq":3}],"sysTime":1499263611,"tab":[],"tip":"","upgradeType":-1,"url":"","version":""}}
07-05 22:15:53.707 D/AccessToken(24130): [TID 24161] increaseAccessCount() count=1
07-05 22:15:53.707 D/AccessToken(24130): [TID 24161] increaseAccessCount() count=1
07-05 22:15:53.707 D/PlayerSdk/DeviceCheckTask(24130): [TID 24161] deviceCheck.onSuccess: deviceIp: 27.223.99.130
07-05 22:15:53.708 D/PlayerSdk/DeviceCheckTask@28e6be7a(24130): [TID 24161] notifyJobSuccess() Job[PlayerSdk/DeviceCheckTask@28e6be7a](mState=1, mData=Object642357896, mError=null)
07-05 22:15:53.711 D/PlayerSdk/GrayScaleSwitcherProvider(24130): [TID 24161] execute: handler has no messages, send it.
07-05 22:15:53.711 D/PlayerSdk/GrayScaleSwitcherProvider(24130): [TID 24161] fetchSwitchData
07-05 22:15:53.712 I/System.out(24130): <TVAPI> DEBUG(isUpdateData): isUpdateData=dynamicQ-true
07-05 22:15:53.712 I/System.out(24130): <TVAPI> DEBUG(TVApiProperty): read passport-device-id=tv_69b1ef544cadbb86e8f28950ece1c76a_1167652938875
07-05 22:15:53.712 I/System.out(24130): <TVAPI> DEBUG(id=7, dynamicQ): url = http://data2.itv.ptqy.gitv.tv/itv/dynamicQ/1210/2.1.0.59986/VIDAA_TV/0/0/1/0/0/0/0
07-05 22:15:53.712 I/System.out(24130): <TVAPI> DEBUG(id=7, dynamicQ): header = qyid:tv_69b1ef544cadbb86e8f28950ece1c76a_1167652938875
07-05 22:15:53.712 I/System.out(24130): <TVAPI> DEBUG(id=7, dynamicQ): header = ov:5.1.1
07-05 22:15:53.712 I/System.out(24130): <TVAPI> DEBUG(id=7, dynamicQ): header = apkVer:2.1.0.59986
07-05 22:15:53.712 I/System.out(24130): <TVAPI> DEBUG(id=7, dynamicQ): header = apiKey:9e14d341281067d05d771f41454858c0
07-05 22:15:53.724 I/TVMW@devctrl( 1234): wdt
07-05 22:15:53.725 D/HiNetworkImpl(24130): doHttp_Asyn(): onReqResponse isSuccessful = true, back from thread: main
07-05 22:15:53.727 D/NetworkManager(24130): [TID 24286] >> request(http://www.163.com, 12995246)
07-05 22:15:53.729 D/NetworkManager(24130): [TID 24286] request(http://www.163.com, 12995246): openConnection
07-05 22:15:53.730 D/NetworkManager(24130): [TID 24275] << request(http://www.qq.com, 12995231): connect internet success, url=http://www.qq.com
07-05 22:15:53.737 D/NetworkManager(24130): [TID 24274] getRequestTask(http://www.sina.com.cn): current pool size=6, queue=[]
07-05 22:15:53.737 D/NetworkManager(24130): [TID 24274] getRequestTask(http://www.sina.com.cn): submitted task={java.util.concurrent.FutureTask@1753401b, 12995271}
07-05 22:15:53.737 D/NetworkManager(24130): [TID 24274] << getRequestTask(http://www.sina.com.cn): returned task=java.util.concurrent.FutureTask@1753401b
07-05 22:15:53.738 D/NetworkManager(24130): [TID 24288] >> request(http://www.taobao.com, 12995256)
07-05 22:15:53.741 D/NetworkManager(24130): [TID 24288] request(http://www.taobao.com, 12995256): openConnection
07-05 22:15:53.749 D/NetworkManager(24130): [TID 24274] retryConnectOthers: result=true, time consumed=90ms
07-05 22:15:53.751 I/MyFragmentStateAdapter(24130): getCount
07-05 22:15:53.757 D/NetworkManager(24130): [TID 24274] getRealState: activeNetInfo={[type: Ethernet[], state: CONNECTED/CONNECTED, reason: (unspecified), extra: a8:a6:48:18:fc:a8, roaming: false, failover: false, isAvailable: true, isConnectedToProvisioningNetwork: false]}, isConnected=true
07-05 22:15:53.763 D/NetworkManager(24130): [TID 24289] >> request(http://www.sina.com.cn, 12995271)
07-05 22:15:53.764 D/NetworkManager(24130): [TID 24289] request(http://www.sina.com.cn, 12995271): openConnection
07-05 22:15:53.785 I/System.out(24130): <TVAPI> DEBUG(id=7, dynamicQ, response_time = 51ms): data = {"msg":"","code":"N000000","data":{"apiKey":"","authId":-1,"cnf":{},"flag":"","function":[{"playerConfig":"http://static.ptqy.gitv.tv/js/tv/app/getPlayerConfig.js"},{"appCard":"1"},{"msg_dialog_pos":"4"},{"disableHCDNPreDeploy":"false"},{"dailyInforCornerMark":"http://pic0.ptqy.gitv.tv/common/20170113/4ab9430bee234e2b8c8ae4583669b394.png,http://pic6.ptqy.gitv.tv/common/20170113/d45b2b6ae97a4847a73a245d63f5fe87.png"},{"isDisableAdCache":"0"},{"card_sort":"0"},{"alltag_position":"0"},{"enablePlayerLocalServer":"false"},{"ad_skip_frequency":"-1"},{"enablePlayerLocalServerF4v2Hls":"false"},{"enablePlayerLocalServerStream":"false"},{"disableHcdnDaemon":"false"},{"subChannelPlayerConfig":"http://static.ptqy.gitv.tv/js/tv/app/getSubChannelPlayerConfig.js"},{"childapp":"http://cdn.data.video.ptqy.gitv.tv/cdn/tv/20170630/apk/1_1259_4994_1498801304813.json"},{"chinapokerapp":"http://chessgame.ptqy.gitv.tv/game/info/apis/get_game_info.action?id=212202420"}],"hide":"","ichn":[],"ip":"","ipLoc":"","ipZh":"","is3D":1,"kv":[{"hcdn":"hCDN"},{"homepageHot":""},{"homepageNew":""},{"ruleCode":"http://static.ptqy.gitv.tv/js/tv/app/getPlayerConfig.js","playerConfig":""},{"isShowExitAppDialog":"apk"}],"loading":"","loginTunnel":0,"resIds":[],"support4k":1,"supporth265":1,"sysTime":1499263553,"tab":[],"tip":"","upgradeType":-1,"url":"","verCoupon":"","verMon":"0","verPkg":"","verTvod":"0","version":"","vip":1,"vipCoupon":0,"vipMon":1,"vipPkg":0,"vipTvod":1}}
07-05 22:15:53.785 D/PlayerSdk/GrayScaleSwitcherProvider(24130): [TID 24161] TVApi.dynamicQ: onSuccess
07-05 22:15:53.786 D/NetworkManager(24130): [TID 24130] onNetStateChanged(2)
07-05 22:15:53.793 E/NetworkManager(24130): [TID 24288] << request(http://www.taobao.com, 12995256): connect internet failed, url=http://www.taobao.com
07-05 22:15:53.794 D/PlayerSdk/GrayScaleSwitcherProvider(24130): [TID 24161] TVApi.dynamicQ: data=com.qiyi.tvapi.tv2.model.DeviceCheck@360bf232, isOpenHcdn=true, sRetryTimesBeforeStarted=3, sRetryTimesAfterStarted=3, isDisableP2PUpload=false, isOpenDrmRootCheck=false
07-05 22:15:53.795 D/PlayerSdk/PlayerSdkProject(24130): [TID 24161] << finishInitialize: consume 514 ms
07-05 22:15:53.795 D/PlayerSdk/PlayerSdkProject(24130): [TID 24161] isPackageNameCheckPassed=true, isDeviceCheckPass=true
07-05 22:15:53.795 D/PlayerSdk/PlayerFeatureProvider(24130): [TID 24161] notifySuccess(looper=Looper (main, tid 1) {2b8d8b83}, listener=com.hisense.hicloud.edca.mediaplayer.video.qiyi.QiyiInitTool$1$1@1e88fcb6)
07-05 22:15:53.796 D/PlayerSdk/PlayerFeatureProvider(24130): [TID 24161] << loadPluginPlayerFeature: mSdkFeature=com.qiyi.video.plugin.j@ad4e5c8
07-05 22:15:53.807 D/HttpHandler(24130): VerifySignInterCeptor-->request.url()=http://picture.edu.hismarttv.com/images/20170629/%E5%93%88%E5%88%A9%E8%AE%B2%E6%95%85%E4%BA%8B%EF%BC%88%E4%B8%80%EF%BC%89.jpg
07-05 22:15:53.807 D/HttpHandler(24130): VerifySignInterCeptor-->hostname=picture.edu.hismarttv.com
07-05 22:15:53.813 I/QiyiInitTool(24130): onSuccess
07-05 22:15:53.816 W/linker  (24130): libWasabiJni.so: unused DT entry: type 0x6ffffffe arg 0x5080
07-05 22:15:53.817 W/linker  (24130): libWasabiJni.so: unused DT entry: type 0x6fffffff arg 0x3
07-05 22:15:53.820 D/PlayerSdk/PlayerSdkLibProfile(24130): [TID 24296] isOpenDrmRootCheck=false
07-05 22:15:53.821 I/MyFragmentStateAdapter(24130): getCount
07-05 22:15:53.828 D/OkHttp  (24130): --> GET http://picture.edu.hismarttv.com/images/20170629/%E5%93%88%E5%88%A9%E8%AE%B2%E6%95%85%E4%BA%8B%EF%BC%88%E4%B8%80%EF%BC%89.jpg http/1.1
07-05 22:15:53.828 D/OkHttp  (24130): Host: picture.edu.hismarttv.com
07-05 22:15:53.828 D/OkHttp  (24130): Connection: Keep-Alive
07-05 22:15:53.828 D/OkHttp  (24130): Accept-Encoding: gzip
07-05 22:15:53.828 D/OkHttp  (24130): User-Agent: okhttp/3.6.0
07-05 22:15:53.828 D/OkHttp  (24130): --> END GET
07-05 22:15:53.832 E/NetworkManager(24130): [TID 24289] << request(http://www.sina.com.cn, 12995271): connect internet failed, url=http://www.sina.com.cn
07-05 22:15:53.833 I/WASABI  (24130): WASABI version: BUILD DATE: 'Dec 30 2016', BUILD CONFIGURATION: 'Release', VERSION NAME: '1.19.0', VERSION NUMBER: 0x00011300, SHORT DESCRIPTION: 'Wasabi Runtime', LONG DESCRIPTION: '{"wasabi": "1.19.0", "wcscp": "2.22.0", "manufacturer": "intertrust", "os": "Android", "customerid": "c31122", "wcskb": "5.0.0"}', MS520K: 'enforced', VCS CHANGE: 12814
07-05 22:15:53.842 I/MyFragmentStateAdapter(24130): getCount
07-05 22:15:53.842 I/MyFragmentStateAdapter(24130): getCount
07-05 22:15:53.842 I/MyFragmentStateAdapter(24130): getCount
07-05 22:15:53.842 I/MyFragmentStateAdapter(24130): getCount
07-05 22:15:53.848 I/MyFragmentStateAdapter(24130): getCount
07-05 22:15:53.866 D/TabView (24130): SLOVEN mIsTabScrollingisAnimating===>:falsefalse
07-05 22:15:53.866 I/MainHomeView(24130): OnTabSelected() tabPosition = 2,lastpos=-1, subPosition = 0
07-05 22:15:53.866 I/SoftFragmentList(24130): fetchCacheFragment  enter ---- index = 2
07-05 22:15:53.866 D/SoftFragmentList(24130): fetchCacheFragment  mFragmentCache.size() = 3
07-05 22:15:53.866 D/SoftFragmentList(24130): fetchCacheFragment mLastIndex = 2, view = 
07-05 22:15:53.866 D/MainHomeView(24130): onTabSelected ===>:Current channelId0
07-05 22:15:53.872 D/NetworkManager(24130): [TID 24286] << request(http://www.163.com, 12995246): connect internet success, url=http://www.163.com
07-05 22:15:53.880 D/WebcastSDK-HiCloudSourcePlugin(24130): getContext(): com.hisense.hicloud.edca.BaseApplication@2adbac5c mWebcastManager: com.hisense.webcastSDK.WebcastManager@382ff7e
07-05 22:15:53.880 D/WebcastSDK-(24130): activity == null.
07-05 22:15:53.884 V/PackageManager( 1733): getPackageInfo com.hisense.hicloud.edca: Package{3fb3f3a1 com.hisense.hicloud.edca}
07-05 22:15:53.887 D/NetworkManager(24130): [TID 24285] << request(http://www.iqiyi.com, 12995245): connect internet success, url=http://www.iqiyi.com
07-05 22:15:53.891 I/WebcastSDK-(24130): getAppVersionName(), versionName = 3.0.0.9.00
07-05 22:15:53.897 I/HiNetworkImpl(24130): doHttp_Asyn(): onSuccess clazz = class com.hisense.sdk.domain.ResponseResult, back from thread: main
07-05 22:15:53.897 I/HomeMainActivity(24130): finishHttpTime : 12995468   538
07-05 22:15:53.899 D/til@system( 2026): til_get_system_param option:1000007 int:-1936525184, bool:128, ret:0
07-05 22:15:53.900 D/til@system( 2026): til_get_system_param option:1000009 int:-1815632896, bool:0, ret:0
07-05 22:15:53.901 D/til@system( 2026): til_get_system_param option:1000008 int:-1936522112, bool:128, ret:0
07-05 22:15:53.902 D/HiSDKLogReport(24130): getOperationDetail-productName : LED50MU8600UC
07-05 22:15:53.902 D/HiSDKLogReport(24130): getOperationDetail-plmNumber : 88888
07-05 22:15:53.902 D/HiSDKLogReport(24130): getOperationDetail-swVersion : V0000.00.01A
07-05 22:15:53.902 D/HiSDKLogReport(24130): getOperationDetail-operationDetail : LED50MU8600UC0000888
07-05 22:15:53.902 D/HiSDKLogReport(24130): processLogReport-log : {eventType=163, appKey=1182445233, APPVersionName=3.0.0.9.00, devid=86100300900000500000060a4818fca8, mac=a8:a6:48:18:fc:a8, uuid=13287129, accessToken=72DF6038D2AEAB8A76DFBBBBCC428A4A_002110351680629, APIversion=501, logversion=2.0, devType=0, APPPackage=com.hisense.hicloud.edca, eventPos=002, requesttime=1499264153902, customerId=7195320, value2=, eventMessage=HttpConnection, value1=538, model_id=0, ChannelId=0, version=00.002.003, tv_distribute_id=00, subscriberId=13287129, APIVersion=600, PFAPPCode=652, softwareVersion=LED50MU8600UC0000888}
07-05 22:15:53.903 I/HomeMainActivity.java(24130): VodLog-[onSuccess:1016]postExperienceVIP request fail.Error Message: id0
07-05 22:15:53.904 D/OkHttp  (24130): <-- 200 OK http://picture.edu.hismarttv.com/images/20170629/%E5%93%88%E5%88%A9%E8%AE%B2%E6%95%85%E4%BA%8B%EF%BC%88%E4%B8%80%EF%BC%89.jpg (76ms)
07-05 22:15:53.905 D/OkHttp  (24130): Date: Tue, 04 Jul 2017 02:31:47 GMT
07-05 22:15:53.905 D/OkHttp  (24130): Server: nginx
07-05 22:15:53.905 D/OkHttp  (24130): Content-Type: image/jpeg
07-05 22:15:53.905 D/OkHttp  (24130): Content-Length: 135983
07-05 22:15:53.905 D/OkHttp  (24130): Last-Modified: Fri, 09 Jun 2017 14:51:44 GMT
07-05 22:15:53.905 D/OkHttp  (24130): ETag: "593ab600-2132f"
07-05 22:15:53.905 D/OkHttp  (24130): Accept-Ranges: bytes
07-05 22:15:53.905 D/OkHttp  (24130): Age: 128646
07-05 22:15:53.905 D/OkHttp  (24130): Via: 1.1 chzhwt170:9 (Cdn Cache Server V2.0)[0 200 0], 1.1 t85:7 (Cdn Cache Server V2.0)[0 200 0]
07-05 22:15:53.905 D/OkHttp  (24130): Connection: keep-alive
07-05 22:15:53.905 D/OkHttp  (24130): <-- END HTTP
07-05 22:15:53.905 D/HttpHandler(24130): RetryIntercepter-->retryNum=0
07-05 22:15:53.905 D/HttpHandler(24130): RetryIntercepter-->backoffmutiplier=0
07-05 22:15:53.912 W/System.err(24130): java.net.ConnectException: failed to connect to /10.18.210.112 (port 8900) after 6000ms: isConnected failed: ECONNREFUSED (Connection refused)
07-05 22:15:53.912 W/System.err(24130): 	at libcore.io.IoBridge.isConnected(IoBridge.java:238)
07-05 22:15:53.912 W/System.err(24130): 	at libcore.io.IoBridge.connectErrno(IoBridge.java:171)
07-05 22:15:53.912 W/System.err(24130): 	at libcore.io.IoBridge.connect(IoBridge.java:122)
07-05 22:15:53.912 W/System.err(24130): 	at java.net.PlainSocketImpl.connect(PlainSocketImpl.java:183)
07-05 22:15:53.912 W/System.err(24130): 	at java.net.PlainSocketImpl.connect(PlainSocketImpl.java:456)
07-05 22:15:53.912 W/System.err(24130): 	at java.net.Socket.connect(Socket.java:882)
07-05 22:15:53.912 W/System.err(24130): 	at com.android.okhttp.internal.Platform.connectSocket(Platform.java:174)
07-05 22:15:53.912 W/System.err(24130): 	at com.android.okhttp.Connection.connect(Connection.java:152)
07-05 22:15:53.912 W/System.err(24130): 	at com.android.okhttp.internal.http.HttpEngine.connect(HttpEngine.java:276)
07-05 22:15:53.912 W/System.err(24130): 	at com.android.okhttp.internal.http.HttpEngine.sendRequest(HttpEngine.java:211)
07-05 22:15:53.912 W/System.err(24130): 	at com.android.okhttp.internal.http.HttpURLConnectionImpl.execute(HttpURLConnectionImpl.java:382)
07-05 22:15:53.912 W/System.err(24130): 	at com.android.okhttp.internal.http.HttpURLConnectionImpl.connect(HttpURLConnectionImpl.java:106)
07-05 22:15:53.912 W/System.err(24130): 	at com.hisense.hitv.hicloud.util.ExceptionReport.a(ExceptionReport.java:337)
07-05 22:15:53.912 W/System.err(24130): 	at com.hisense.hitv.hicloud.util.ExceptionReport.a(ExceptionReport.java:39)
07-05 22:15:53.912 W/System.err(24130): 	at com.hisense.hitv.hicloud.util.ExceptionReport$1.run(ExceptionReport.java:83)
07-05 22:15:53.912 W/System.err(24130): 	at java.lang.Thread.run(Thread.java:818)
07-05 22:15:53.913 W/System.err(24130): Caused by: android.system.ErrnoException: isConnected failed: ECONNREFUSED (Connection refused)
07-05 22:15:53.913 W/System.err(24130): 	at libcore.io.IoBridge.isConnected(IoBridge.java:223)
07-05 22:15:53.913 W/System.err(24130): 	... 15 more
07-05 22:15:53.915 I/MyFragmentStateAdapter(24130): getCount
07-05 22:15:53.933 I/CurrentCarouselView(24130): real play
07-05 22:15:53.942 D/Carousel-CarouselView(24130): clearPosterAndPlay! hashCode=261738835, sWorkingHashCode=0
07-05 22:15:53.945 D/HttpHandler(24130): VerifySignInterCeptor-->request.url()=http://picture.edu.hismarttv.com/images/20170629/30%E5%A4%A9%E5%86%99%E5%87%BA%E4%B8%80%E6%89%8B%E5%A5%BD%E5%AD%9720161129021942268280.jpg
07-05 22:15:53.945 D/HttpHandler(24130): VerifySignInterCeptor-->hostname=picture.edu.hismarttv.com
07-05 22:15:53.947 D/Carousel-CarouselView(24130): mListView.getAdapter()=com.hisense.hitv.carouselwidgit.view.adapter.CarouselInfoListAdapter@16c953f5
07-05 22:15:53.948 D/Carousel-CarouselView(24130): Last playing position:-1
07-05 22:15:53.948 D/Carousel-CarouselView(24130): position=1
07-05 22:15:53.948 D/Carousel-CarouselView(24130): Last play position:1,size:3
07-05 22:15:53.948 D/AudioSystem(24130): Setting global gAudioPortCallback On refCnt: 1
07-05 22:15:53.952 D/Carousel-CarouselListView(24130): onItemClick position:1,view:null
07-05 22:15:53.952 D/Carousel-CarouselListView(24130): last play position:1,cur:1
07-05 22:15:53.954 D/Carousel-CarouselView(24130): onListItemClick view=null,position=1
07-05 22:15:53.958 D/OkHttp  (24130): --> GET http://picture.edu.hismarttv.com/images/20170629/30%E5%A4%A9%E5%86%99%E5%87%BA%E4%B8%80%E6%89%8B%E5%A5%BD%E5%AD%9720161129021942268280.jpg http/1.1
07-05 22:15:53.958 D/OkHttp  (24130): Host: picture.edu.hismarttv.com
07-05 22:15:53.958 D/OkHttp  (24130): Connection: Keep-Alive
07-05 22:15:53.958 D/OkHttp  (24130): Accept-Encoding: gzip
07-05 22:15:53.958 D/OkHttp  (24130): User-Agent: okhttp/3.6.0
07-05 22:15:53.959 D/OkHttp  (24130): --> END GET
07-05 22:15:53.974 I/MyFragmentStateAdapter(24130): getCount
07-05 22:15:53.981 D/OkHttp  (24130): <-- 200 OK http://picture.edu.hismarttv.com/images/20170629/30%E5%A4%A9%E5%86%99%E5%87%BA%E4%B8%80%E6%89%8B%E5%A5%BD%E5%AD%9720161129021942268280.jpg (21ms)
07-05 22:15:53.981 D/OkHttp  (24130): Date: Wed, 05 Jul 2017 14:05:51 GMT
07-05 22:15:53.981 D/OkHttp  (24130): Server: nginx
07-05 22:15:53.981 D/OkHttp  (24130): Content-Type: image/jpeg
07-05 22:15:53.993 I/MyFragmentStateAdapter(24130): getCount
07-05 22:15:53.993 I/MyFragmentStateAdapter(24130): getCount
07-05 22:15:53.994 I/MyFragmentStateAdapter(24130): getCount
07-05 22:15:53.994 I/MyFragmentStateAdapter(24130): getCount
07-05 22:15:53.999 I/MyFragmentStateAdapter(24130): getCount
07-05 22:15:54.011 D/OkHttp  (24130): Content-Length: 137170
07-05 22:15:54.011 D/OkHttp  (24130): Last-Modified: Fri, 09 Jun 2017 14:48:12 GMT
07-05 22:15:54.011 D/OkHttp  (24130): ETag: "593ab52c-217d2"
07-05 22:15:54.011 D/OkHttp  (24130): Accept-Ranges: bytes
07-05 22:15:54.011 D/OkHttp  (24130): Age: 602
07-05 22:15:54.011 D/OkHttp  (24130): Via: 1.1 changzhiwangtong169:2 (Cdn Cache Server V2.0)[21 200 0], 1.1 jcl26:1 (Cdn Cache Server V2.0)[0 200 0]
07-05 22:15:54.011 D/OkHttp  (24130): Connection: keep-alive
07-05 22:15:54.011 D/OkHttp  (24130): <-- END HTTP
07-05 22:15:54.012 D/HttpHandler(24130): RetryIntercepter-->retryNum=0
07-05 22:15:54.033 D/HttpHandler(24130): RetryIntercepter-->backoffmutiplier=0
07-05 22:15:54.039 I/MyFragmentStateAdapter(24130): getCount
07-05 22:15:54.068 D/Carousel-CarouselView(24130): start to play! hashCode=261738835
07-05 22:15:54.069 D/Carousel-Utils(24130): x=511,y=167, width=892,height=536
07-05 22:15:54.070 D/Carousel-CarouselView(24130): type=1
07-05 22:15:54.070 D/Carousel-CarouselDisplayPlayerLayout(24130): isFullScreen:false
07-05 22:15:54.071 D/Carousel-Utils(24130): displayImage view=android.widget.ImageView{1ba57018 V.ED.... ......I. 0,0-0,0 #7f0d0029 app:id/imageView1}
07-05 22:15:54.071 D/Carousel-Utils(24130): displayImage url=http://picture.edu.hismarttv.com/images/20170629010146422927.jpg
07-05 22:15:54.071 D/Carousel-Utils(24130): onResourceReady.
07-05 22:15:54.074 D/Carousel-CarouselDisplayPlayerLayout(24130): isFullScreen:false
07-05 22:15:54.074 D/Carousel-log_(24130): isFullScreen:false
07-05 22:15:54.074 D/Carousel-CarouselDisplayPlayerLayout(24130): replacePlayer carouselType:3
07-05 22:15:54.074 D/Carousel-CarouselDisplayPlayerLayout(24130): x=511, y=167,w=892,h=536, hashCode=755370199
07-05 22:15:54.075 D/Carousel-CarouselDisplayPlayerLayout(24130): mX=0, mY=0,mWitdh=0,mHeight=0, hashCode=755370199
07-05 22:15:54.075 D/Carousel-CarouselDisplayPlayerLayout(24130): changed=true, hashCode=755370199
07-05 22:15:54.128 I/art     (24130): Background sticky concurrent mark sweep GC freed 27617(1811KB) AllocSpace objects, 11(176KB) LOS objects, 0% free, 37MB/37MB, paused 6.988ms total 212.769ms
07-05 22:15:54.132 D/NativeDecimalFormat(24130): NativeDecimalFormat_close print addr=3764412672
07-05 22:15:54.132 D/NativeDecimalFormat(24130): NativeDecimalFormat_close print g_addr=3997595136
07-05 22:15:54.154 D/Carousel-CarouselVideoViewImpl(24130): onAttachedToWindow.
07-05 22:15:54.157 D/Carousel-CarouselVideoViewImpl(24130): startPlay!
07-05 22:15:54.158 D/Carousel-CarouselDisplayPlayerLayout(24130): isFullScreen:false
07-05 22:15:54.159 I/Carousel-UrlVideoView(24130): onMeasure(MeasureSpec: EXACTLY 816, MeasureSpec: EXACTLY 460)
07-05 22:15:54.159 I/Carousel-UrlVideoView(24130): onMeasure(MeasureSpec: EXACTLY 816, MeasureSpec: EXACTLY 460)
07-05 22:15:54.161 D/Surface ( 1733): onStatusChange() : mNativeObject = 547942774784 mUseImageHwRender = false
07-05 22:15:54.161 V/Surface ( 1733): nativeSetHardwareRender() : status = 0
07-05 22:15:54.161 V/Surface ( 1733): nativeSetHardwareRender() : end
07-05 22:15:54.162 D/PowerManagerService( 1733): setScreenBrightnessOverrideFromWindowManagerInternal done
07-05 22:15:54.164 D/Surface ( 1733): onStatusChange() : mNativeObject = 0 mUseImageHwRender = false
07-05 22:15:54.166 I/SurfaceView(24130): Changes: creating=true format=true size=true visible=true left=true top=true
07-05 22:15:54.169 V/WindowManager( 1733): Adding window Window{31b95654 u0 SurfaceView} at 11 of 20 (before Window{3b024cb7 u0 com.hisense.hicloud.edca/com.hisense.tvui.newhome.HomeMainActivity})
07-05 22:15:54.170 I/SurfaceView(24130): Cur surface: Surface(name=null)/@0x17ef0763
07-05 22:15:54.173 D/Surface ( 1733): onStatusChange() : mNativeObject = 547942781952 mUseImageHwRender = false
07-05 22:15:54.173 V/Surface ( 1733): nativeSetHardwareRender() : status = 0
07-05 22:15:54.173 V/Surface ( 1733): nativeSetHardwareRender() : end
07-05 22:15:54.173 D/OsdMonitorService( 1733): mCurrentWindow = com.hisense.hicloud.edca/com.hisense.tvui.newhome.HomeMainActivity; newWindow = com.hisense.hicloud.edca/com.hisense.tvui.newhome.HomeMainActivity; isSubWindow = false; isInWinList = false; isExitNow = false
07-05 22:15:54.173 D/OsdMonitorService( 1733): windowNotOsd() : name = com.hisense.hicloud.edca/com.hisense.tvui.newhome.HomeMainActivity
07-05 22:15:54.173 I/OsdMonitorService( 1733): setOsdStatus() : status will change from true to true
07-05 22:15:54.175 V/SurfaceView(24130): com.hisense.hitv.carouselwidgit.view.videoview.UrlVideoView{5ecab06 V.E..... ......ID 0,0-816,460} got resized: w=816 h=460, cur w=-1 h=-1
07-05 22:15:54.175 D/PowerManagerService( 1733): setScreenBrightnessOverrideFromWindowManagerInternal done
07-05 22:15:54.177 D/Surface ( 1733): onStatusChange() : mNativeObject = 0 mUseImageHwRender = false
07-05 22:15:54.178 D/Surface (24130): onStatusChange() : mNativeObject = -531233024 mUseImageHwRender = false
07-05 22:15:54.178 V/Surface (24130): nativeSetHardwareRender() : status = 0
07-05 22:15:54.178 V/Surface (24130): nativeSetHardwareRender() : end
07-05 22:15:54.178 I/SurfaceView(24130): New surface: Surface(name=null)/@0x1e987f60, vis=true, frame=Rect(549, 205 - 1365, 665)
07-05 22:15:54.178 D/Surface (24130): onStatusChange() : mNativeObject = 0 mUseImageHwRender = false
07-05 22:15:54.178 D/Surface (24130): onStatusChange() : mNativeObject = -531233024 mUseImageHwRender = false
07-05 22:15:54.178 V/Surface (24130): nativeSetHardwareRender() : status = 0
07-05 22:15:54.178 V/Surface (24130): nativeSetHardwareRender() : end
07-05 22:15:54.178 I/SurfaceView(24130): visibleChanged -- surfaceCreated
07-05 22:15:54.180 D/Carousel-UrlVideoView(24130): surfaceCreated
07-05 22:15:54.182 I/TVMW@HsTvSetting( 1234): Trace cmd, data = 0x1058
07-05 22:15:54.183 D/til@system( 2026): til_get_system_param option:100002F int:0, bool:0, ret:0
07-05 22:15:54.183 I/TVMW@HsTvSetting( 1234): Trace cmd, data = 0x101f
07-05 22:15:54.183 D/til@system( 2026): til_get_system_param option:100001D int:3, bool:3, ret:0
07-05 22:15:54.184 E/til     ( 2026): [til_get_current_input_source, 101] 
07-05 22:15:54.184 I/TVMW@HsTvSetting( 1234): Trace cmd, data = 0x7007
07-05 22:15:54.184 I/tilwrapper@sm( 2026): HS2TIL_SourceType *hs=0xd, *til=0x900
07-05 22:15:54.184 D/til     ( 2026): get current source 2304
07-05 22:15:54.184 D/SourceRemoteServiceHandler( 2026): getCurrentInputSource.from.til.result is 0, value is 2304
07-05 22:15:54.184 D/SourceRemoteServiceHandler( 2026): getInputSourceType source: 0x900, type=2304
07-05 22:15:54.184 D/til     ( 2026): ###### func:til_get_picture_param option:0x3000006 ######  
07-05 22:15:54.184 I/TVMW@HsTvSetting( 1234): Trace cmd, data = 0x1003
07-05 22:15:54.185 I/TVMW@HsTvSetting( 1234): Trace cmd, data = 0x8032
07-05 22:15:54.185 I/SurfaceView(24130): surfaceChanged -- format=4 w=816 h=460
07-05 22:15:54.185 D/Carousel-UrlVideoView(24130): surfaceChanged
07-05 22:15:54.185 I/hstvos  ( 1216): [0m[1;33m[HSHAL][HS_VIDEO][HS_HAL_Video_SetOsdDetect_v2][2389]u16Threshold = 20
07-05 22:15:54.185 D/Carousel-UrlVideoView(24130): isValidState:false,hasValidSize:false
07-05 22:15:54.185 D/Carousel-UrlVideoView(24130): mVideoWidth:0,mVideoHeight:0,w:816,h:460
07-05 22:15:54.185 I/SurfaceView(24130): surfaceRedrawNeeded
07-05 22:15:54.185 I/SurfaceView(24130): finishedDrawing
07-05 22:15:54.185 I/MiSysSrv( 1214): Not support now! 42, change to mm_video!!!
07-05 22:15:54.185 E/TVMW@videoctrl( 1234):  getOsd is 1
07-05 22:15:54.185 D/til@system( 2026): til_get_system_param option:1000027 int:1, bool:1, ret:0
07-05 22:15:54.185 D/til     ( 2026): ###### func:til_get_picture_param option:0x3000045 ######  
07-05 22:15:54.186 I/TVMW@HsTvSetting( 1234): Trace cmd, data = 0x300c
07-05 22:15:54.186 I/TVMW@HsTvSetting( 1234): Trace 3d, data = 0x300c
07-05 22:15:54.186 I/TVMW@3d ( 1234): Hs_debug3d_trace: func:get3dStatus, line:109
07-05 22:15:54.187 D/PowerManagerService( 1733): setScreenBrightnessOverrideFromWindowManagerInternal done
07-05 22:15:54.189 D/PowerManagerService( 1733): setScreenBrightnessOverrideFromWindowManagerInternal done
07-05 22:15:54.194 V/SurfaceView(24130): Layout: x=549 y=205 w=816 h=460, frame=Rect(0, 0 - 816, 460)
07-05 22:15:54.198 D/PowerManagerService( 1733): setScreenBrightnessOverrideFromWindowManagerInternal done
07-05 22:15:54.209 E/WebcastSDK-HiCloudSourcePlugin(24130): FetchSystemParameterTask(), res = {"categoryChannelTimeInterval":233000,"timeSynInterval":377000,"ChannelSwitchdefaultPic":"http://download.hismarttv.com/epgdata/LunBoContentPic/149810099740274506.jpg","TencentPlayRoundId":"1","allowUploadLogFile":1,"NoticeShow":1,"resultCode":0}
07-05 22:15:54.210 E/WebcastSDK-EPGDataManager(24130): notifySystemParametersData(), SystemParameterInfo = [ mCategoryInternal = 233000; mServerTimeInternal = 377000; mTencentPlayId = 1; mUploadLogFlag = 1; mSwitchPic = http://download.hismarttv.com/epgdata/LunBoContentPic/149810099740274506.jpg]
07-05 22:15:54.210 D/WebcastSDK-(24130): activity == null.
07-05 22:15:54.210 I/WebcastSDK-EPGDataManager(24130): handleMessage(), sync Server time in [ 377000 ] ms
07-05 22:15:54.210 D/WebcastSDK-(24130): activity == null.
07-05 22:15:54.212 D/Carousel-SimpleVideoView(24130): onReceive net connected.
07-05 22:15:54.214 I/SurfaceView(24130): Changes: creating=false format=false size=false visible=false left=false top=false
07-05 22:15:54.214 I/SurfaceView(24130): Cur surface: Surface(name=null)/@0x17ef0763
07-05 22:15:54.215 D/Surface ( 1733): onStatusChange() : mNativeObject = 547942781952 mUseImageHwRender = false
07-05 22:15:54.215 V/Surface ( 1733): nativeSetHardwareRender() : status = 0
07-05 22:15:54.215 V/Surface ( 1733): nativeSetHardwareRender() : end
07-05 22:15:54.217 D/PowerManagerService( 1733): setScreenBrightnessOverrideFromWindowManagerInternal done
07-05 22:15:54.220 D/Surface ( 1733): onStatusChange() : mNativeObject = 0 mUseImageHwRender = false
07-05 22:15:54.221 D/Surface (24130): onStatusChange() : mNativeObject = -195872000 mUseImageHwRender = false
07-05 22:15:54.221 V/Surface (24130): nativeSetHardwareRender() : status = 0
07-05 22:15:54.221 V/Surface (24130): nativeSetHardwareRender() : end
07-05 22:15:54.221 I/SurfaceView(24130): New surface: Surface(name=null)/@0x1e987f60, vis=true, frame=Rect(549, 205 - 1365, 665)
07-05 22:15:54.221 D/Surface (24130): onStatusChange() : mNativeObject = 0 mUseImageHwRender = false
07-05 22:15:54.221 D/Surface (24130): onStatusChange() : mNativeObject = -195872000 mUseImageHwRender = false
07-05 22:15:54.221 V/Surface (24130): nativeSetHardwareRender() : status = 0
07-05 22:15:54.221 V/Surface (24130): nativeSetHardwareRender() : end
07-05 22:15:54.221 I/SurfaceView(24130): surfaceRedrawNeeded
07-05 22:15:54.221 I/SurfaceView(24130): finishedDrawing
07-05 22:15:54.222 V/SurfaceView(24130): Layout: x=549 y=205 w=816 h=460, frame=Rect(0, 0 - 816, 460)
07-05 22:15:54.222 I/MyFragmentStateAdapter(24130): getCount
07-05 22:15:54.222 I/MyFragmentStateAdapter(24130): getCount
07-05 22:15:54.223 I/MyFragmentStateAdapter(24130): getCount
07-05 22:15:54.223 I/MyFragmentStateAdapter(24130): getCount
07-05 22:15:54.227 I/MyFragmentStateAdapter(24130): getCount
07-05 22:15:54.243 I/MyFragmentStateAdapter(24130): getCount
07-05 22:15:54.261 I/art     (24130): Background partial concurrent mark sweep GC freed 12570(888KB) AllocSpace objects, 2(1535KB) LOS objects, 10% free, 35MB/39MB, paused 5.752ms total 130.187ms
07-05 22:15:54.261 D/NativeDecimalFormat(24130): NativeDecimalFormat_close print addr=3997594368
07-05 22:15:54.261 D/NativeDecimalFormat(24130): NativeDecimalFormat_close print g_addr=3997595136
07-05 22:15:54.261 D/NativeDecimalFormat(24130): NativeDecimalFormat_close print addr=3997595136
07-05 22:15:54.261 D/NativeDecimalFormat(24130): NativeDecimalFormat_close print g_addr=3997595136
07-05 22:15:54.282 I/MyFragmentStateAdapter(24130): getCount
07-05 22:15:54.283 I/MyFragmentStateAdapter(24130): getCount
07-05 22:15:54.283 I/MyFragmentStateAdapter(24130): getCount
07-05 22:15:54.283 I/MyFragmentStateAdapter(24130): getCount
07-05 22:15:54.283 I/FirstLineAdapter(24130): canShowTrailer,isOffline=false
07-05 22:15:54.283 I/FirstLineAdapter(24130): canShowTrailer,isOffline=false
07-05 22:15:54.283 I/FirstLineAdapter(24130): canShowTrailer,isOffline=false
07-05 22:15:54.283 I/FirstLineAdapter(24130): canShowTrailer,isOffline=false
07-05 22:15:54.283 I/FirstLineAdapter(24130): canShowTrailer,isOffline=false
07-05 22:15:54.284 I/FirstLineAdapter(24130): canShowTrailer,isOffline=false
07-05 22:15:54.284 I/FirstLineAdapter(24130): canShowTrailer,isOffline=false
07-05 22:15:54.284 I/FirstLineAdapter(24130): canShowTrailer,isOffline=false
07-05 22:15:54.284 I/FirstLineAdapter(24130): canShowTrailer,isOffline=false
07-05 22:15:54.292 I/MyFragmentStateAdapter(24130): getCount
07-05 22:15:54.322 I/MyFragmentStateAdapter(24130): getCount
07-05 22:15:54.354 I/MyFragmentStateAdapter(24130): getCount
07-05 22:15:54.398 I/MyFragmentStateAdapter(24130): getCount
07-05 22:15:54.439 I/NetflixMonitorService( 1733): current fgapk : com.hisense.hicloud.edca
07-05 22:15:54.439 I/NetflixMonitorService( 1733): Netflix status unchanged
07-05 22:15:54.448 I/MyFragmentStateAdapter(24130): getCount
07-05 22:15:54.496 I/MyFragmentStateAdapter(24130): getCount
07-05 22:15:54.519 D/PowerManagerService( 1733): acquireWakeLockInternal: lock=113832109, flags=0x1, tag="NetworkStats", ws=null, uid=1000, pid=1733
07-05 22:15:54.520 D/PowerManagerNotifier( 1733): onWakeLockAcquired: flags=1, tag="NetworkStats", packageName=android, ownerUid=1000, ownerPid=1733, workSource=null
07-05 22:15:54.520 D/NtpTrustedTime( 1733): currentTimeMillis() cache hit
07-05 22:15:54.525 D/NtpTrustedTime( 1733): currentTimeMillis() cache hit
07-05 22:15:54.526 D/PowerManagerService( 1733): releaseWakeLockInternal: lock=113832109 [NetworkStats], flags=0x0
07-05 22:15:54.526 D/PowerManagerNotifier( 1733): onWakeLockReleased: flags=1, tag="NetworkStats", packageName=android, ownerUid=1000, ownerPid=1733, workSource=null
07-05 22:15:54.526 D/NtpTrustedTime( 1733): currentTimeMillis() cache hit
07-05 22:15:54.526 D/NtpTrustedTime( 1733): currentTimeMillis() cache hit
07-05 22:15:54.540 I/MyFragmentStateAdapter(24130): getCount
07-05 22:15:54.569 I/MiSysSrv( 1214): [37m[INFO] Change to Voltage: 117 mv (0x32)[m
07-05 22:15:54.580 I/MyFragmentStateAdapter(24130): getCount
07-05 22:15:54.612 I/MyFragmentStateAdapter(24130): getCount
07-05 22:15:54.624 I/TVMW@devctrl( 1234): wdt
07-05 22:15:54.631 I/RoleContentFragment(24130): onResourceReadycom.bumptech.glide.load.resource.bitmap.GlideBitmapDrawable@7d3ffdb
07-05 22:15:54.669 I/MiSysSrv( 1214): [37m[INFO] Change to Voltage: 107 mv (0x28)[m
07-05 22:15:54.670 I/MyFragmentStateAdapter(24130): getCount
07-05 22:15:54.684 D/Carousel-CarouselVideoViewImpl(24130): msg start play.
07-05 22:15:54.684 D/Carousel-SimpleVideoView(24130): setVideoPath path:http://jhxvideo-ws.video-tx.com/rendition/201705/205989353451683841/205989353451684353/bb/243216185158536196/243216215223308548/r243216215223308548-3200k-1920x1080.mp4
07-05 22:15:54.687 I/TVMW@HsTvSetting( 1234): Trace cmd, data = 0x1058
07-05 22:15:54.687 D/til@system( 2026): til_get_system_param option:100002F int:0, bool:0, ret:0
07-05 22:15:54.687 I/TVMW@HsTvSetting( 1234): Trace cmd, data = 0x101f
07-05 22:15:54.688 D/til@system( 2026): til_get_system_param option:100001D int:3, bool:3, ret:0
07-05 22:15:54.688 E/til     ( 2026): [til_get_current_input_source, 101] 
07-05 22:15:54.688 I/TVMW@HsTvSetting( 1234): Trace cmd, data = 0x7007
07-05 22:15:54.689 D/Carousel-UrlVideoView(24130): openVideo
07-05 22:15:54.690 I/tilwrapper@sm( 2026): HS2TIL_SourceType *hs=0xd, *til=0x900
07-05 22:15:54.690 D/til     ( 2026): get current source 2304
07-05 22:15:54.690 D/SourceRemoteServiceHandler( 2026): getCurrentInputSource.from.til.result is 0, value is 2304
07-05 22:15:54.691 D/SourceRemoteServiceHandler( 2026): getInputSourceType source: 0x900, type=2304
07-05 22:15:54.691 D/til     ( 2026): ###### func:til_get_picture_param option:0x3000006 ######  
07-05 22:15:54.691 I/TVMW@HsTvSetting( 1234): Trace cmd, data = 0x1003
07-05 22:15:54.691 I/TVMW@HsTvSetting( 1234): Trace cmd, data = 0x8032
07-05 22:15:54.692 I/hstvos  ( 1216): [0m[1;33m[HSHAL][HS_VIDEO][HS_HAL_Video_SetOsdDetect_v2][2389]u16Threshold = 20
07-05 22:15:54.692 I/MiSysSrv( 1214): Not support now! 42, change to mm_video!!!
07-05 22:15:54.692 E/TVMW@videoctrl( 1234):  getOsd is 1
07-05 22:15:54.693 D/til@system( 2026): til_get_system_param option:1000027 int:1, bool:1, ret:0
07-05 22:15:54.693 D/til     ( 2026): ###### func:til_get_picture_param option:0x3000045 ######  
