07-06 00:47:38.919 I/OsdMonitorService( 1733): setOsdStatus() : status will change from true to true
07-06 00:47:38.920 D/PowerManagerService( 1733): setScreenBrightnessOverrideFromWindowManagerInternal done
07-06 00:47:38.923 D/Surface (11831): onStatusChange() : mNativeObject = 0 mUseImageHwRender = false
07-06 00:47:38.923 D/TabView (11831): 
07-06 00:47:38.933 D/TabView (11831): 
07-06 00:47:38.940 D/TabView (11831): 
07-06 00:47:38.941 D/TabView (11831): 
07-06 00:47:38.943 D/TabView (11831): 
07-06 00:47:38.946 D/TabView (11831): 
07-06 00:47:38.950 D/TabView (11831): 
07-06 00:47:38.952 D/TabView (11831): 
07-06 00:47:38.957 D/TabView (11831): 
07-06 00:47:38.959 I/art     (11831): Background partial concurrent mark sweep GC freed 22280(1371KB) AllocSpace objects, 6(196KB) LOS objects, 13% free, 26MB/30MB, paused 3.431ms total 123.161ms
07-06 00:47:38.959 D/NativeDecimalFormat(11831): NativeDecimalFormat_close print addr=3997598208
07-06 00:47:38.959 D/NativeDecimalFormat(11831): NativeDecimalFormat_close print g_addr=3997598208
07-06 00:47:38.959 D/NativeDecimalFormat(11831): NativeDecimalFormat_close print addr=3997597440
07-06 00:47:38.960 D/NativeDecimalFormat(11831): NativeDecimalFormat_close print g_addr=3997598208
07-06 00:47:38.960 D/TabView (11831): 
07-06 00:47:38.961 D/TabView (11831): 
07-06 00:47:38.963 D/TabView (11831): 
07-06 00:47:38.965 D/TabView (11831): 
07-06 00:47:38.966 D/TabView (11831): 
07-06 00:47:38.968 D/TabView (11831): 
07-06 00:47:38.969 D/OkHttp  (11831): <-- 200 OK http://picture.edu.hismarttv.com/images/20170628103009181182.jpg (149ms)
07-06 00:47:38.969 D/OkHttp  (11831): Date: Wed, 05 Jul 2017 14:14:51 GMT
07-06 00:47:38.969 D/OkHttp  (11831): Server: nginx
07-06 00:47:38.969 D/OkHttp  (11831): Content-Type: image/jpeg
07-06 00:47:38.969 D/OkHttp  (11831): Content-Length: 41416
07-06 00:47:38.969 D/OkHttp  (11831): Last-Modified: Wed, 28 Jun 2017 10:30:09 GMT
07-06 00:47:38.969 D/OkHttp  (11831): ETag: "59538531-a1c8"
07-06 00:47:38.969 D/OkHttp  (11831): Accept-Ranges: bytes
07-06 00:47:38.969 D/OkHttp  (11831): Age: 9167
07-06 00:47:38.969 D/OkHttp  (11831): Via: 1.1 pingwangtong49:1 (Cdn Cache Server V2.0)[0 200 0], 1.1 PSahmaswt2ak213:6 (Cdn Cache Server V2.0)[0 200 0]
07-06 00:47:38.969 D/OkHttp  (11831): Connection: keep-alive
07-06 00:47:38.969 D/OkHttp  (11831): <-- END HTTP
07-06 00:47:38.970 D/TabView (11831): 
07-06 00:47:38.972 I/MyFragmentStateAdapter(11831): getCount
07-06 00:47:38.972 I/MyFragmentStateAdapter(11831): getCount
07-06 00:47:38.972 D/TabView (11831): 
07-06 00:47:39.008 D/TabView (11831): 
07-06 00:47:39.009 D/TabView (11831): 
07-06 00:47:39.011 D/TabView (11831): 
07-06 00:47:39.013 D/HttpHandler(11831): RetryIntercepter-->retryNum=0
07-06 00:47:39.013 D/HttpHandler(11831): RetryIntercepter-->backoffmutiplier=0
07-06 00:47:39.013 D/TabView (11831): 
07-06 00:47:39.015 D/TabView (11831): 
07-06 00:47:39.017 D/TabView (11831): 
07-06 00:47:39.018 D/TabView (11831): 
07-06 00:47:39.021 D/TabView (11831): 
07-06 00:47:39.023 D/TabView (11831): 
07-06 00:47:39.026 D/TabView (11831): 
07-06 00:47:39.028 D/TabView (11831): 
07-06 00:47:39.030 D/TabView (11831): 
07-06 00:47:39.032 D/TabView (11831): 
07-06 00:47:39.034 D/TabView (11831): 
07-06 00:47:39.035 D/TabView (11831): 
07-06 00:47:39.038 I/MyFragmentStateAdapter(11831): getCount
07-06 00:47:39.038 I/MyFragmentStateAdapter(11831): getCount
07-06 00:47:39.039 D/DtvSourcePlugin-DVBC( 4289): Setting the EPG Updater state to: WAIT
07-06 00:47:39.042 I/TVMW@HsTvSetting( 1234): Trace cmd, data = 0x1058
07-06 00:47:39.042 D/til@system( 2026): til_get_system_param option:100002F int:0, bool:0, ret:0
07-06 00:47:39.042 I/TVMW@HsTvSetting( 1234): Trace cmd, data = 0x101f
07-06 00:47:39.042 D/til@system( 2026): til_get_system_param option:100001D int:3, bool:3, ret:0
07-06 00:47:39.042 E/til     ( 2026): [til_get_current_input_source, 101] 
07-06 00:47:39.042 I/TVMW@HsTvSetting( 1234): Trace cmd, data = 0x7007
07-06 00:47:39.043 I/tilwrapper@sm( 2026): HS2TIL_SourceType *hs=0xd, *til=0x900
07-06 00:47:39.043 D/til     ( 2026): get current source 2304
07-06 00:47:39.043 D/SourceRemoteServiceHandler( 2026): getCurrentInputSource.from.til.result is 0, value is 2304
07-06 00:47:39.043 D/SourceRemoteServiceHandler( 2026): getInputSourceType source: 0x900, type=2304
07-06 00:47:39.043 D/til     ( 2026): ###### func:til_get_picture_param option:0x3000006 ######  
07-06 00:47:39.043 I/TVMW@HsTvSetting( 1234): Trace cmd, data = 0x1003
07-06 00:47:39.046 I/TVMW@HsTvSetting( 1234): Trace cmd, data = 0x8032
07-06 00:47:39.046 I/hstvos  ( 1216): [0m[1;33m[HSHAL][HS_VIDEO][HS_HAL_Video_SetOsdDetect_v2][2389]u16Threshold = 20
07-06 00:47:39.046 I/MiSysSrv( 1214): Not support now! 42, change to mm_video!!!
07-06 00:47:39.046 E/TVMW@videoctrl( 1234):  getOsd is 1
07-06 00:47:39.047 D/til@system( 2026): til_get_system_param option:1000027 int:1, bool:1, ret:0
07-06 00:47:39.047 D/til     ( 2026): ###### func:til_get_picture_param option:0x3000045 ######  
07-06 00:47:39.050 I/TVMW@HsTvSetting( 1234): Trace cmd, data = 0x300c
07-06 00:47:39.050 I/TVMW@HsTvSetting( 1234): Trace 3d, data = 0x300c
07-06 00:47:39.050 I/TVMW@3d ( 1234): Hs_debug3d_trace: func:get3dStatus, line:109
07-06 00:47:39.057 I/TabView (11831): onScroll:,firstItem=0,visibleCount=6,totalCount=10
07-06 00:47:39.059 I/FirstLineAdapter(11831): canShowTrailer,isOffline=false
07-06 00:47:39.059 I/FirstLineAdapter(11831): canShowTrailer,isOffline=false
07-06 00:47:39.059 I/FirstLineAdapter(11831): canShowTrailer,isOffline=false
07-06 00:47:39.059 I/FirstLineAdapter(11831): canShowTrailer,isOffline=false
07-06 00:47:39.059 I/FirstLineAdapter(11831): canShowTrailer,isOffline=false
07-06 00:47:39.059 I/FirstLineAdapter(11831): canShowTrailer,isOffline=false
07-06 00:47:39.059 I/FirstLineAdapter(11831): canShowTrailer,isOffline=false
07-06 00:47:39.064 D/Carousel-CarouselChannelItemView(11831): Listitem imageUrl:http://picture.edu.hismarttv.com/images/20170628102959016598.jpg
07-06 00:47:39.067 D/Carousel-CarouselChannelItemView(11831): Listitem imageUrl:http://picture.edu.hismarttv.com/images/20170628103002814396.jpg
07-06 00:47:39.069 D/Carousel-CarouselChannelItemView(11831): Listitem imageUrl:http://picture.edu.hismarttv.com/images/20170628103009181182.jpg
07-06 00:47:39.070 D/Carousel-CarouselChannelItemView(11831): Listitem imageUrl:http://picture.edu.hismarttv.com/images/20170628102959016598.jpg
07-06 00:47:39.071 D/Carousel-CarouselChannelItemView(11831): Listitem imageUrl:http://picture.edu.hismarttv.com/images/20170628103002814396.jpg
07-06 00:47:39.073 D/Carousel-CarouselChannelItemView(11831): Listitem imageUrl:http://picture.edu.hismarttv.com/images/20170628103009181182.jpg
07-06 00:47:39.078 I/FirstLineAdapter(11831): canShowTrailer,isOffline=false
07-06 00:47:39.078 I/FirstLineAdapter(11831): canShowTrailer,isOffline=false
07-06 00:47:39.079 I/head    (11831): item=com.hisense.leanback.widget.ListRow@23611885
07-06 00:47:39.079 I/CardSelectionPresenter(11831): onViewDetachedFromWindow mTitleTx = 
07-06 00:47:39.079 I/CardSelectionPresenter(11831): onViewDetachedFromWindow mTitleTx = 
07-06 00:47:39.079 I/CardSelectionPresenter(11831): onViewDetachedFromWindow mTitleTx = 
07-06 00:47:39.080 I/CardSelectionPresenter(11831): onUnbindViewHolder mTitleTx = 
07-06 00:47:39.080 I/CardSelectionPresenter(11831): onViewDetachedFromWindow mTitleTx = 
07-06 00:47:39.080 I/CardSelectionPresenter(11831): onUnbindViewHolder mTitleTx = 
07-06 00:47:39.081 I/CardSelectionPresenter(11831): onUnbindViewHolder mTitleTx = 
07-06 00:47:39.081 I/CardSelectionPresenter(11831): onUnbindViewHolder mTitleTx = 
07-06 00:47:39.081 I/ContentBridgeAdapterListener(11831): onBind 
07-06 00:47:39.082 I/CardSelectionPresenter(11831): onCreateViewHoldercom.hisense.leanback.widget.HorizontalGridView{3c99c068 VFE..... ......ID 0,0-1738,279 #7f0d038e app:id/row_content}
07-06 00:47:39.089 I/CardSelectionPresenter(11831): onBindViewHolder
07-06 00:47:39.089 D/sloven  (11831): 1002---true
07-06 00:47:39.089 I/CardSelectionPresenter(11831): width=400,height=220
07-06 00:47:39.101 D/NativeDecimalFormat( 8333): NativeDecimalFormat_close print addr=547943781632
07-06 00:47:39.101 D/NativeDecimalFormat( 8333): NativeDecimalFormat_close print g_addr=547943770880
07-06 00:47:39.101 D/NativeDecimalFormat( 8333): NativeDecimalFormat_close print addr=547943770880
07-06 00:47:39.101 D/NativeDecimalFormat( 8333): NativeDecimalFormat_close print g_addr=547943770880
07-06 00:47:39.107 I/CardSelectionPresenter(11831): onUnbindViewHolder mTitleTx = 
07-06 00:47:39.108 I/CardSelectionPresenter(11831): onBindViewHolder
07-06 00:47:39.108 D/sloven  (11831): 1002---true
07-06 00:47:39.108 I/CardSelectionPresenter(11831): width=400,height=220
07-06 00:47:39.109 D/hailongqiu(11831): hailongqiu position:0
07-06 00:47:39.112 I/CardSelectionPresenter(11831): onCreateViewHoldercom.hisense.leanback.widget.HorizontalGridView{3c99c068 VFE..... ......ID 0,0-1738,279 #7f0d038e app:id/row_content}
07-06 00:47:39.118 I/CardSelectionPresenter(11831): onBindViewHolder
07-06 00:47:39.118 D/sloven  (11831): 1002---true
07-06 00:47:39.118 I/CardSelectionPresenter(11831): width=400,height=220
07-06 00:47:39.123 I/CardSelectionPresenter(11831): onCreateViewHoldercom.hisense.leanback.widget.HorizontalGridView{3c99c068 VFE..... ......ID 0,0-1738,279 #7f0d038e app:id/row_content}
07-06 00:47:39.130 I/CardSelectionPresenter(11831): onBindViewHolder
07-06 00:47:39.130 D/sloven  (11831): 1002---true
07-06 00:47:39.130 I/CardSelectionPresenter(11831): width=400,height=220
07-06 00:47:39.134 I/CardSelectionPresenter(11831): onCreateViewHoldercom.hisense.leanback.widget.HorizontalGridView{3c99c068 VFE..... ......ID 0,0-1738,279 #7f0d038e app:id/row_content}
07-06 00:47:39.142 I/CardSelectionPresenter(11831): onBindViewHolder
07-06 00:47:39.142 D/sloven  (11831): 1002---true
07-06 00:47:39.142 I/CardSelectionPresenter(11831): width=400,height=220
07-06 00:47:39.160 I/CardSelectionPresenter(11831): onCreateViewHoldercom.hisense.leanback.widget.HorizontalGridView{3c99c068 VFE..... ......ID 0,0-1738,279 #7f0d038e app:id/row_content}
07-06 00:47:39.165 I/CardSelectionPresenter(11831): onBindViewHolder
07-06 00:47:39.165 D/sloven  (11831): 1002---true
07-06 00:47:39.165 I/CardSelectionPresenter(11831): width=0,height=220
07-06 00:47:39.175 D/Carousel-CarouselView(11831): ============>onScrollChanged hashCode:1018850026
07-06 00:47:39.176 D/HttpHandler(11831): VerifySignInterCeptor-->request.url()=http://picture.edu.hismarttv.com/images/20170628233232135598.jpg
07-06 00:47:39.176 D/HttpHandler(11831): VerifySignInterCeptor-->hostname=picture.edu.hismarttv.com
07-06 00:47:39.176 D/OkHttp  (11831): <-- 200 OK http://picture.edu.hismarttv.com/images/20170629010146422927.jpg (844ms)
07-06 00:47:39.176 D/OkHttp  (11831): Date: Tue, 04 Jul 2017 13:40:43 GMT
07-06 00:47:39.176 D/OkHttp  (11831): Server: nginx
07-06 00:47:39.176 D/OkHttp  (11831): Content-Type: image/jpeg
07-06 00:47:39.176 D/OkHttp  (11831): --> GET http://picture.edu.hismarttv.com/images/20170628233232135598.jpg http/1.1
07-06 00:47:39.176 D/OkHttp  (11831): Host: picture.edu.hismarttv.com
07-06 00:47:39.176 D/OkHttp  (11831): Connection: Keep-Alive
07-06 00:47:39.176 D/OkHttp  (11831): Accept-Encoding: gzip
07-06 00:47:39.176 D/OkHttp  (11831): User-Agent: okhttp/3.6.0
07-06 00:47:39.176 D/OkHttp  (11831): --> END GET
07-06 00:47:39.176 D/OkHttp  (11831): Content-Length: 145373
07-06 00:47:39.177 D/OkHttp  (11831): Last-Modified: Thu, 29 Jun 2017 01:01:46 GMT
07-06 00:47:39.177 D/OkHttp  (11831): ETag: "5954517a-237dd"
07-06 00:47:39.177 D/OkHttp  (11831): Accept-Ranges: bytes
07-06 00:47:39.177 D/OkHttp  (11831): Age: 97616
07-06 00:47:39.177 D/OkHttp  (11831): Via: 1.1 shzh54:1 (Cdn Cache Server V2.0)[24 200 0], 1.1 changwtong52:4 (Cdn Cache Server V2.0)[818 200 0]
07-06 00:47:39.177 D/OkHttp  (11831): Connection: keep-alive
07-06 00:47:39.177 D/OkHttp  (11831): <-- END HTTP
07-06 00:47:39.184 I/MyFragmentStateAdapter(11831): getCount
07-06 00:47:39.191 D/gralloc ( 1204): allocate buffer from ION HEAP 0x1
07-06 00:47:39.191 D/gralloc ( 1204): allocate memory from system heap
07-06 00:47:39.202 I/RoleContentFragment(11831): setBackGroundUrl=http://picture.edu.hismarttv.com/images/20170628104504467308.jpg,view=android.support.v4.widget.SlidingPaneLayout{2cd49216 V.ED.... ........ 0,0-1920,1080 #7f0d00af app:id/slide_layout}
07-06 00:47:39.209 D/HiNetworkImpl(11831): doHttp_Asyn(): onReqResponse isSuccessful = true, back from thread: main
07-06 00:47:39.209 D/Carousel-Utils(11831): onResourceReady.
07-06 00:47:39.209 I/HiNetworkImpl(11831): doHttp_Asyn(): onSuccess clazz = class com.hisense.sdk.domain.MemberOrder, back from thread: main
07-06 00:47:39.209 I/HomeMainActivity(11831): finishHttpTime : 22100781   529
07-06 00:47:39.214 D/til@system( 2026): til_get_system_param option:1000007 int:-1936522112, bool:128, ret:0
07-06 00:47:39.216 D/til@system( 2026): til_get_system_param option:1000009 int:-1815634176, bool:0, ret:0
07-06 00:47:39.217 D/til@system( 2026): til_get_system_param option:1000008 int:-1936522368, bool:128, ret:0
07-06 00:47:39.217 D/HiSDKLogReport(11831): getOperationDetail-productName : LED50MU8600UC
07-06 00:47:39.217 D/HiSDKLogReport(11831): getOperationDetail-plmNumber : 88888
07-06 00:47:39.217 D/HiSDKLogReport(11831): getOperationDetail-swVersion : V0000.00.01A
07-06 00:47:39.217 D/HiSDKLogReport(11831): getOperationDetail-operationDetail : LED50MU8600UC0000888
07-06 00:47:39.218 D/HiSDKLogReport(11831): processLogReport-log : {eventType=162, appKey=1182445233, APPVersionName=3.0.0.9.00, devid=86100300900000500000060a4818fca8, mac=a8:a6:48:18:fc:a8, uuid=13287129, accessToken=72DF6038D2AEAB8A76DFBBBBCC428A4A_000491350913180, APIversion=501, logversion=2.0, devType=0, APPPackage=com.hisense.hicloud.edca, eventPos=002, requesttime=1499273259217, customerId=7195320, value2=, eventMessage=HttpConnection, value1=529, model_id=0, ChannelId=0, version=00.002.003, tv_distribute_id=00, subscriberId=13287129, APIVersion=600, PFAPPCode=652, softwareVersion=LED50MU8600UC0000888}
07-06 00:47:39.218 I/HomeMainActivity(11831): getUserType  response : 2 null
07-06 00:47:39.218 I/HomeMainActivity(11831): this is LowMemoryConfiguration 
07-06 00:47:39.256 W/System.err(11831): java.net.ConnectException: failed to connect to /10.18.210.112 (port 8900) after 6000ms: isConnected failed: ECONNREFUSED (Connection refused)
07-06 00:47:39.256 W/System.err(11831): 	at libcore.io.IoBridge.isConnected(IoBridge.java:238)
07-06 00:47:39.256 W/System.err(11831): 	at libcore.io.IoBridge.connectErrno(IoBridge.java:171)
07-06 00:47:39.256 W/System.err(11831): 	at libcore.io.IoBridge.connect(IoBridge.java:122)
07-06 00:47:39.256 W/System.err(11831): 	at java.net.PlainSocketImpl.connect(PlainSocketImpl.java:183)
07-06 00:47:39.256 W/System.err(11831): 	at java.net.PlainSocketImpl.connect(PlainSocketImpl.java:456)
07-06 00:47:39.256 W/System.err(11831): 	at java.net.Socket.connect(Socket.java:882)
07-06 00:47:39.256 W/System.err(11831): 	at com.android.okhttp.internal.Platform.connectSocket(Platform.java:174)
07-06 00:47:39.256 W/System.err(11831): 	at com.android.okhttp.Connection.connect(Connection.java:152)
07-06 00:47:39.256 W/System.err(11831): 	at com.android.okhttp.internal.http.HttpEngine.connect(HttpEngine.java:276)
07-06 00:47:39.256 W/System.err(11831): 	at com.android.okhttp.internal.http.HttpEngine.sendRequest(HttpEngine.java:211)
07-06 00:47:39.256 W/System.err(11831): 	at com.android.okhttp.internal.http.HttpURLConnectionImpl.execute(HttpURLConnectionImpl.java:382)
07-06 00:47:39.256 W/System.err(11831): 	at com.android.okhttp.internal.http.HttpURLConnectionImpl.connect(HttpURLConnectionImpl.java:106)
07-06 00:47:39.256 W/System.err(11831): 	at com.hisense.hitv.hicloud.util.ExceptionReport.a(ExceptionReport.java:337)
07-06 00:47:39.256 W/System.err(11831): 	at com.hisense.hitv.hicloud.util.ExceptionReport.a(ExceptionReport.java:39)
07-06 00:47:39.256 W/System.err(11831): 	at com.hisense.hitv.hicloud.util.ExceptionReport$1.run(ExceptionReport.java:83)
07-06 00:47:39.256 W/System.err(11831): 	at java.lang.Thread.run(Thread.java:818)
07-06 00:47:39.256 W/System.err(11831): Caused by: android.system.ErrnoException: isConnected failed: ECONNREFUSED (Connection refused)
07-06 00:47:39.257 W/System.err(11831): 	at libcore.io.IoBridge.isConnected(IoBridge.java:223)
07-06 00:47:39.257 W/System.err(11831): 	... 15 more
07-06 00:47:39.288 E/HomeMainActivity(11831): BaseApplication.mAccountType == 2
07-06 00:47:39.289 I/HomeMainActivity(11831): mBeginHttpTime : 22100860
07-06 00:47:39.289 I/HttpDnsUtils(11831): postExperienceVIP(): --url = http://api.edu.hismarttv.com/payment/api/get/experience/member
07-06 00:47:39.289 V/HttpDnsUtils(11831): getExperienceVIP 86100300900000500000060a4818fca8 7195320 13287129 0 2 0 0 0
07-06 00:47:39.294 E/NetUtils(11831): encryption --- sign = accessToken=72DF6038D2AEAB8A76DFBBBBCC428A4A_000491350913180&days=0&devid=86100300900000500000060a4818fca8&mac=a8:a6:48:18:fc:a8&memberType=2&orderType=0&BDA9F96C98E9D5130A5AFB3411B5F9E0
07-06 00:47:39.298 D/OkHttp  (11831): <-- 200 OK http://picture.edu.hismarttv.com/images/20170628233232135598.jpg (121ms)
07-06 00:47:39.298 D/OkHttp  (11831): Date: Wed, 05 Jul 2017 14:11:53 GMT
07-06 00:47:39.298 D/OkHttp  (11831): Server: nginx
07-06 00:47:39.298 D/OkHttp  (11831): Content-Type: image/jpeg
07-06 00:47:39.298 D/OkHttp  (11831): Content-Length: 50603
07-06 00:47:39.298 D/OkHttp  (11831): Last-Modified: Wed, 28 Jun 2017 23:32:32 GMT
07-06 00:47:39.298 D/OkHttp  (11831): ETag: "59543c90-c5ab"
07-06 00:47:39.298 D/OkHttp  (11831): Accept-Ranges: bytes
07-06 00:47:39.298 D/OkHttp  (11831): Age: 9346
07-06 00:47:39.298 D/OkHttp  (11831): Via: 1.1 jnwt243:1 (Cdn Cache Server V2.0)[15 200 0], 1.1 PSahmaswt2ak213:6 (Cdn Cache Server V2.0)[0 200 0]
07-06 00:47:39.298 D/OkHttp  (11831): Connection: keep-alive
07-06 00:47:39.298 D/OkHttp  (11831): <-- END HTTP
07-06 00:47:39.300 D/til@system( 2026): til_get_system_param option:1000007 int:-1936525184, bool:128, ret:0
07-06 00:47:39.301 D/til@system( 2026): til_get_system_param option:1000009 int:-1815632896, bool:0, ret:0
07-06 00:47:39.302 D/til@system( 2026): til_get_system_param option:1000008 int:-1936523008, bool:0, ret:0
07-06 00:47:39.302 D/HttpDnsUtils(11831): CEXX-getOperationDetail-productName : LED50MU8600UC
07-06 00:47:39.302 D/HttpDnsUtils(11831): CEXX-getOperationDetail-plmNumber : 88888
07-06 00:47:39.302 D/HttpDnsUtils(11831): CEXX-getOperationDetail-swVersion : V0000.00.01A
07-06 00:47:39.302 D/HttpDnsUtils(11831): CEXX-getOperationDetail-operationDetail : LED50MU8600UC0000888
07-06 00:47:39.311 D/HttpHandler(11831): RetryIntercepter-->retryNum=0
07-06 00:47:39.311 D/HttpHandler(11831): RetryIntercepter-->backoffmutiplier=0
07-06 00:47:39.330 D/HttpHandler(11831): VerifySignInterCeptor-->request.url()=http://picture.edu.hismarttv.com/images/20170629075040001252.jpg
07-06 00:47:39.330 D/HttpHandler(11831): VerifySignInterCeptor-->hostname=picture.edu.hismarttv.com
07-06 00:47:39.331 D/OkHttp  (11831): --> GET http://picture.edu.hismarttv.com/images/20170629075040001252.jpg http/1.1
07-06 00:47:39.331 D/OkHttp  (11831): Host: picture.edu.hismarttv.com
07-06 00:47:39.331 D/OkHttp  (11831): Connection: Keep-Alive
07-06 00:47:39.331 D/OkHttp  (11831): Accept-Encoding: gzip
07-06 00:47:39.331 D/OkHttp  (11831): User-Agent: okhttp/3.6.0
07-06 00:47:39.331 D/OkHttp  (11831): --> END GET
07-06 00:47:39.345 I/TVMW@devctrl( 1234): wdt
07-06 00:47:39.347 D/HttpHandler(11831): RetryIntercepter-->retryNum=0
07-06 00:47:39.347 D/HttpHandler(11831): RetryIntercepter-->backoffmutiplier=0
07-06 00:47:39.357 V/HttpDnsUtils(11831): days 0 memberType 2 activityId 0
07-06 00:47:39.357 V/HttpDnsUtils(11831): postExperienceVIP(): postMap = {customerId=7195320, memberType=2, PFAPPCode=652, accessToken=72DF6038D2AEAB8A76DFBBBBCC428A4A_000491350913180, ChannelId=0, APPVersionName=3.0.0.9.00, model_id=0, orderType=0, mac=a8:a6:48:18:fc:a8, days=0, sign=5f6d54b33801d23de7e3dfbafa3c0665, uuid=13287129, APPPackage=com.hisense.hicloud.edca, devid=86100300900000500000060a4818fca8, phone=18547412365, tv_distribute_id=00, softwareVersion=LED50MU8600UC0000888, subscriberId=13287129, version=00.002.003, customerName=18547412365, devType=0, APIVersion=600, activityId=0}
07-06 00:47:39.362 D/til@system( 2026): til_get_system_param option:1000007 int:-1815633792, bool:128, ret:0
07-06 00:47:39.373 D/til@system( 2026): til_get_system_param option:1000009 int:-1936522112, bool:128, ret:0
07-06 00:47:39.375 D/til@system( 2026): til_get_system_param option:1000008 int:-1815634176, bool:0, ret:0
07-06 00:47:39.375 D/HttpBuilder(11831): getOperationDetail-productName : LED50MU8600UC
07-06 00:47:39.375 D/HttpBuilder(11831): getOperationDetail-plmNumber : 88888
07-06 00:47:39.375 D/HttpBuilder(11831): getOperationDetail-swVersion : V0000.00.01A
07-06 00:47:39.375 D/HttpBuilder(11831): getOperationDetail-operationDetail : LED50MU8600UC0000888
07-06 00:47:39.381 I/NetflixMonitorService( 1733): current fgapk : com.hisense.hicloud.edca
07-06 00:47:39.381 I/NetflixMonitorService( 1733): Netflix status unchanged
07-06 00:47:39.418 I/HttpBuilder(11831): addUrlPublicParams mUrl ==>http://api.edu.hismarttv.com/payment/api/get/experience/member?uuid=13287129&mac=a8:a6:48:18:fc:a8&devid=86100300900000500000060a4818fca8&version=00.002.003&subscriberId=13287129&customerId=7195320&model_id=0&APPPackage=com.hisense.hicloud.edca&PFAPPCode=652&APPVersionName=3.0.0.9.00&ChannelId=0&softwareVersion=LED50MU8600UC0000888&tv_distribute_id=00&devType=0&APIVersion=600&accessToken=72DF6038D2AEAB8A76DFBBBBCC428A4A_000491350913180
07-06 00:47:39.440 D/Carousel-MyListView(11831): setSelectionAndPadding position:1
07-06 00:47:39.440 D/HttpHandler(11831): VerifySignInterCeptor-->request.url()=http://api.edu.hismarttv.com/payment/api/get/experience/member?uuid=13287129&mac=a8:a6:48:18:fc:a8&devid=86100300900000500000060a4818fca8&version=00.002.003&subscriberId=13287129&customerId=7195320&model_id=0&APPPackage=com.hisense.hicloud.edca&PFAPPCode=652&APPVersionName=3.0.0.9.00&ChannelId=0&softwareVersion=LED50MU8600UC0000888&tv_distribute_id=00&devType=0&APIVersion=600&accessToken=72DF6038D2AEAB8A76DFBBBBCC428A4A_000491350913180
07-06 00:47:39.440 D/HttpHandler(11831): VerifySignInterCeptor-->hostname=api.edu.hismarttv.com
07-06 00:47:39.441 D/HttpHandler(11831): HttpDNS-->hostname=api.edu.hismarttv.com
07-06 00:47:39.442 D/HttpHandler(11831): RAMCache-->hostInfo.getClientTimeStamp()=22095817
07-06 00:47:39.442 D/HttpHandler(11831): RAMCache-->hostInfo.getTtl()=3600
07-06 00:47:39.442 D/HttpHandler(11831): RAMCache-->SystemClock.elapsedRealtime()=22101013
07-06 00:47:39.445 D/HttpHandler(11831): DNSHelper-->gslbDns=["123.103.91.123"]
07-06 00:47:39.468 D/OkHttp  (11831): --> POST http://api.edu.hismarttv.com/payment/api/get/experience/member?uuid=13287129&mac=a8:a6:48:18:fc:a8&devid=86100300900000500000060a4818fca8&version=00.002.003&subscriberId=13287129&customerId=7195320&model_id=0&APPPackage=com.hisense.hicloud.edca&PFAPPCode=652&APPVersionName=3.0.0.9.00&ChannelId=0&softwareVersion=LED50MU8600UC0000888&tv_distribute_id=00&devType=0&APIVersion=600&accessToken=72DF6038D2AEAB8A76DFBBBBCC428A4A_000491350913180 http/1.1
07-06 00:47:39.468 D/OkHttp  (11831): Content-Type: application/x-www-form-urlencoded
07-06 00:47:39.468 D/OkHttp  (11831): Content-Length: 512
07-06 00:47:39.468 D/OkHttp  (11831): Data_Type: JSON
07-06 00:47:39.468 D/OkHttp  (11831): RetryTime: 0
07-06 00:47:39.468 D/OkHttp  (11831): Backoffmutiplier: 0
07-06 00:47:39.468 D/OkHttp  (11831): Host: api.edu.hismarttv.com
07-06 00:47:39.468 D/OkHttp  (11831): Connection: Keep-Alive
07-06 00:47:39.468 D/OkHttp  (11831): Accept-Encoding: gzip
07-06 00:47:39.468 D/OkHttp  (11831): User-Agent: okhttp/3.6.0
07-06 00:47:39.468 D/OkHttp  (11831): --> END POST
07-06 00:47:39.468 I/Choreographer(11831): Skipped 32 frames!  The application may be doing too much work on its main thread.
07-06 00:47:39.469 D/TabFocusBorderView(11831): SLOVEN onAnimationEnd
07-06 00:47:39.469 D/TabView (11831): SLOVEN border top===>:296---407
07-06 00:47:39.471 I/MyFragmentStateAdapter(11831): getCount
07-06 00:47:39.471 I/MyFragmentStateAdapter(11831): getCount
07-06 00:47:39.471 I/MyFragmentStateAdapter(11831): getCount
07-06 00:47:39.471 I/MyFragmentStateAdapter(11831): getCount
07-06 00:47:39.471 I/FirstLineAdapter(11831): canShowTrailer,isOffline=false
07-06 00:47:39.471 I/FirstLineAdapter(11831): canShowTrailer,isOffline=false
07-06 00:47:39.471 I/FirstLineAdapter(11831): canShowTrailer,isOffline=false
07-06 00:47:39.471 I/FirstLineAdapter(11831): canShowTrailer,isOffline=false
07-06 00:47:39.471 I/FirstLineAdapter(11831): canShowTrailer,isOffline=false
07-06 00:47:39.471 I/FirstLineAdapter(11831): canShowTrailer,isOffline=false
07-06 00:47:39.471 I/FirstLineAdapter(11831): canShowTrailer,isOffline=false
07-06 00:47:39.472 D/Carousel-CarouselChannelItemView(11831): Listitem imageUrl:http://picture.edu.hismarttv.com/images/20170628102959016598.jpg
07-06 00:47:39.474 D/Carousel-CarouselChannelItemView(11831): Listitem imageUrl:http://picture.edu.hismarttv.com/images/20170628103002814396.jpg
07-06 00:47:39.475 D/Carousel-Utils(11831): onResourceReady.
07-06 00:47:39.476 D/Carousel-CarouselChannelItemView(11831): Listitem imageUrl:http://picture.edu.hismarttv.com/images/20170628103009181182.jpg
07-06 00:47:39.476 D/Carousel-CarouselChannelItemView(11831): Listitem imageUrl:http://picture.edu.hismarttv.com/images/20170628102959016598.jpg
07-06 00:47:39.477 D/Carousel-CarouselChannelItemView(11831): Listitem imageUrl:http://picture.edu.hismarttv.com/images/20170628103002814396.jpg
07-06 00:47:39.478 D/Carousel-Utils(11831): onResourceReady.
07-06 00:47:39.479 D/Carousel-CarouselChannelItemView(11831): Listitem imageUrl:http://picture.edu.hismarttv.com/images/20170628103009181182.jpg
07-06 00:47:39.480 I/FirstLineAdapter(11831): canShowTrailer,isOffline=false
07-06 00:47:39.480 I/FirstLineAdapter(11831): canShowTrailer,isOffline=false
07-06 00:47:39.480 D/Carousel-CarouselView(11831): ============>onScrollChanged hashCode:1018850026
07-06 00:47:39.498 D/OkHttp  (11831): <-- 200 OK http://api.edu.hismarttv.com/payment/api/get/experience/member?uuid=13287129&mac=a8:a6:48:18:fc:a8&devid=86100300900000500000060a4818fca8&version=00.002.003&subscriberId=13287129&customerId=7195320&model_id=0&APPPackage=com.hisense.hicloud.edca&PFAPPCode=652&APPVersionName=3.0.0.9.00&ChannelId=0&softwareVersion=LED50MU8600UC0000888&tv_distribute_id=00&devType=0&APIVersion=600&accessToken=72DF6038D2AEAB8A76DFBBBBCC428A4A_000491350913180 (30ms)
07-06 00:47:39.498 D/OkHttp  (11831): Server: nginx
07-06 00:47:39.499 D/OkHttp  (11831): Date: Wed, 05 Jul 2017 16:47:39 GMT
07-06 00:47:39.499 D/OkHttp  (11831): Content-Type: application/json
07-06 00:47:39.499 D/OkHttp  (11831): Content-Length: 289
07-06 00:47:39.499 D/OkHttp  (11831): Connection: close
07-06 00:47:39.499 D/OkHttp  (11831): <-- END HTTP
07-06 00:47:39.499 D/HttpHandler(11831): RetryIntercepter-->retryNum=0
07-06 00:47:39.499 D/HttpHandler(11831): RetryIntercepter-->backoffmutiplier=0
07-06 00:47:39.499 D/HttpHandler(11831): VerifySignInterCeptor-->request.url()=http://picture.edu.hismarttv.com/images/20170629/%E5%BF%83%E7%AE%97%E5%8F%A3%E8%AF%80%E5%A4%A9%E5%A4%A9%E7%BB%83.jpg
07-06 00:47:39.499 D/HttpHandler(11831): VerifySignInterCeptor-->hostname=picture.edu.hismarttv.com
07-06 00:47:39.499 D/HttpHandler(11831): VerifySignInterCeptor-->dateType=1
07-06 00:47:39.500 D/HttpHandler(11831): VerifySignInterCeptor-->HttpRequestManager.httpClietOption.getVerifyFlag()=1
07-06 00:47:39.500 I/MyFragmentStateAdapter(11831): getCount
07-06 00:47:39.500 D/OkHttp  (11831): --> GET http://picture.edu.hismarttv.com/images/20170629/%E5%BF%83%E7%AE%97%E5%8F%A3%E8%AF%80%E5%A4%A9%E5%A4%A9%E7%BB%83.jpg http/1.1
07-06 00:47:39.500 D/OkHttp  (11831): Host: picture.edu.hismarttv.com
07-06 00:47:39.500 D/OkHttp  (11831): Connection: Keep-Alive
07-06 00:47:39.500 D/OkHttp  (11831): Accept-Encoding: gzip
07-06 00:47:39.500 D/OkHttp  (11831): User-Agent: okhttp/3.6.0
07-06 00:47:39.500 D/OkHttp  (11831): --> END GET
07-06 00:47:39.500 D/HttpHandler(11831): VerifySignInterCeptor-->content={"message": "\u6ca1\u6709\u67e5\u8be2\u5230id\u4e3a0\u7684\u5f39\u7a97\u4fe1\u606f", "success": false}
07-06 00:47:39.504 D/gralloc ( 1204): allocate buffer from ION HEAP 0x1
07-06 00:47:39.504 D/gralloc ( 1204): allocate memory from system heap
07-06 00:47:39.551 I/TVMW@HsTvSetting( 1234): Trace cmd, data = 0x1058
07-06 00:47:39.551 D/til@system( 2026): til_get_system_param option:100002F int:0, bool:0, ret:0
07-06 00:47:39.552 I/TVMW@HsTvSetting( 1234): Trace cmd, data = 0x101f
07-06 00:47:39.552 D/til@system( 2026): til_get_system_param option:100001D int:3, bool:3, ret:0
07-06 00:47:39.552 E/til     ( 2026): [til_get_current_input_source, 101] 
07-06 00:47:39.552 I/TVMW@HsTvSetting( 1234): Trace cmd, data = 0x7007
07-06 00:47:39.553 I/tilwrapper@sm( 2026): HS2TIL_SourceType *hs=0xd, *til=0x900
07-06 00:47:39.553 D/til     ( 2026): get current source 2304
07-06 00:47:39.553 D/SourceRemoteServiceHandler( 2026): getCurrentInputSource.from.til.result is 0, value is 2304
07-06 00:47:39.553 D/SourceRemoteServiceHandler( 2026): getInputSourceType source: 0x900, type=2304
07-06 00:47:39.553 D/til     ( 2026): ###### func:til_get_picture_param option:0x3000006 ######  
07-06 00:47:39.553 I/TVMW@HsTvSetting( 1234): Trace cmd, data = 0x1003
07-06 00:47:39.555 E/TabView (11831): tab2
07-06 00:47:39.555 D/TabView (11831): SLOVEN mTopmBorderTop===>:0266
07-06 00:47:39.555 D/TabView (11831): tab scroll up listview
07-06 00:47:39.555 D/TabFocusBorderView(11831): SLOVEN justchangeWidth
07-06 00:47:39.555 D/TabFocusBorderView(11831): SLOVEN widthmWidth===>:220220
07-06 00:47:39.556 I/TVMW@HsTvSetting( 1234): Trace cmd, data = 0x8032
07-06 00:47:39.556 D/TabFocusBorderView(11831): SLOVEN onAnimationStart
07-06 00:47:39.556 I/hstvos  ( 1216): [0m[1;33m[HSHAL][HS_VIDEO][HS_HAL_Video_SetOsdDetect_v2][2389]u16Threshold = 20
07-06 00:47:39.556 D/TabView (11831): SLOVEN mTopmBorderTop===>:407266
07-06 00:47:39.556 D/TabView (11831): setSelectedTabView
07-06 00:47:39.568 E/TVMW@videoctrl( 1234):  getOsd is 1
07-06 00:47:39.568 D/til@system( 2026): til_get_system_param option:1000027 int:1, bool:1, ret:0
07-06 00:47:39.569 D/til     ( 2026): ###### func:til_get_picture_param option:0x3000045 ######  
07-06 00:47:39.569 I/TVMW@HsTvSetting( 1234): Trace cmd, data = 0x300c
07-06 00:47:39.569 I/TVMW@HsTvSetting( 1234): Trace 3d, data = 0x300c
07-06 00:47:39.569 I/TVMW@3d ( 1234): Hs_debug3d_trace: func:get3dStatus, line:109
07-06 00:47:39.569 I/MiSysSrv( 1214): Not support now! 42, change to mm_video!!!
07-06 00:47:39.571 D/OkHttp  (11831): <-- 200 OK http://picture.edu.hismarttv.com/images/20170629075040001252.jpg (239ms)
07-06 00:47:39.571 D/OkHttp  (11831): Date: Wed, 05 Jul 2017 14:20:53 GMT
07-06 00:47:39.571 D/OkHttp  (11831): Server: nginx
07-06 00:47:39.571 D/OkHttp  (11831): Content-Type: image/jpeg
07-06 00:47:39.571 D/OkHttp  (11831): Content-Length: 103036
07-06 00:47:39.572 D/OkHttp  (11831): Last-Modified: Thu, 29 Jun 2017 07:50:40 GMT
07-06 00:47:39.572 D/OkHttp  (11831): ETag: "5954b150-1927c"
07-06 00:47:39.572 D/OkHttp  (11831): Accept-Ranges: bytes
07-06 00:47:39.572 D/OkHttp  (11831): Age: 8806
07-06 00:47:39.572 D/OkHttp  (11831): Via: 1.1 changzhiwangtong172:9 (Cdn Cache Server V2.0)[0 200 0], 1.1 PSahmaswt2ak213:2 (Cdn Cache Server V2.0)[0 200 0]
07-06 00:47:39.572 D/OkHttp  (11831): Connection: keep-alive
07-06 00:47:39.572 D/OkHttp  (11831): <-- END HTTP
07-06 00:47:39.580 D/Carousel-Utils(11831): onResourceReady.
07-06 00:47:39.580 D/Carousel-Utils(11831): onResourceReady.
07-06 00:47:39.581 D/Carousel-Utils(11831): onResourceReady.
07-06 00:47:39.586 I/MyFragmentStateAdapter(11831): getCount
07-06 00:47:39.586 I/MyFragmentStateAdapter(11831): getCount
07-06 00:47:39.586 I/MyFragmentStateAdapter(11831): getCount
07-06 00:47:39.586 I/MyFragmentStateAdapter(11831): getCount
07-06 00:47:39.588 I/TabView (11831): onScroll:,firstItem=0,visibleCount=6,totalCount=10
07-06 00:47:39.588 I/FirstLineAdapter(11831): canShowTrailer,isOffline=false
07-06 00:47:39.588 I/FirstLineAdapter(11831): canShowTrailer,isOffline=false
07-06 00:47:39.588 I/FirstLineAdapter(11831): canShowTrailer,isOffline=false
07-06 00:47:39.588 I/FirstLineAdapter(11831): canShowTrailer,isOffline=false
07-06 00:47:39.653 W/art     (11831): Suspending all threads took: 62.683ms
07-06 00:47:39.658 I/FirstLineAdapter(11831): canShowTrailer,isOffline=false
07-06 00:47:39.658 I/FirstLineAdapter(11831): canShowTrailer,isOffline=false
07-06 00:47:39.658 I/FirstLineAdapter(11831): canShowTrailer,isOffline=false
07-06 00:47:39.659 D/Carousel-CarouselChannelItemView(11831): Listitem imageUrl:http://picture.edu.hismarttv.com/images/20170628102959016598.jpg
07-06 00:47:39.659 D/Carousel-Utils(11831): onResourceReady.
07-06 00:47:39.659 D/HttpHandler(11831): RetryIntercepter-->retryNum=0
07-06 00:47:39.660 D/HttpHandler(11831): RetryIntercepter-->backoffmutiplier=0
07-06 00:47:39.661 D/Carousel-CarouselChannelItemView(11831): Listitem imageUrl:http://picture.edu.hismarttv.com/images/20170628103002814396.jpg
07-06 00:47:39.662 D/Carousel-Utils(11831): onResourceReady.
07-06 00:47:39.662 D/Carousel-CarouselChannelItemView(11831): Listitem imageUrl:http://picture.edu.hismarttv.com/images/20170628103009181182.jpg
07-06 00:47:39.663 D/Carousel-Utils(11831): onResourceReady.
07-06 00:47:39.664 D/Carousel-CarouselChannelItemView(11831): Listitem imageUrl:http://picture.edu.hismarttv.com/images/20170628102959016598.jpg
07-06 00:47:39.664 D/Carousel-Utils(11831): onResourceReady.
07-06 00:47:39.665 D/Carousel-CarouselChannelItemView(11831): Listitem imageUrl:http://picture.edu.hismarttv.com/images/20170628103002814396.jpg
07-06 00:47:39.665 I/art     (11831): Background sticky concurrent mark sweep GC freed 21364(1480KB) AllocSpace objects, 1(16KB) LOS objects, 0% free, 29MB/30MB, paused 67.400ms total 272.433ms
07-06 00:47:39.665 D/Carousel-Utils(11831): onResourceReady.
07-06 00:47:39.679 D/Carousel-CarouselChannelItemView(11831): Listitem imageUrl:http://picture.edu.hismarttv.com/images/20170628103009181182.jpg
07-06 00:47:39.679 D/Carousel-Utils(11831): onResourceReady.
07-06 00:47:39.681 I/FirstLineAdapter(11831): canShowTrailer,isOffline=false
07-06 00:47:39.681 I/FirstLineAdapter(11831): canShowTrailer,isOffline=false
07-06 00:47:39.681 D/Carousel-CarouselView(11831): ============>onScrollChanged hashCode:1018850026
07-06 00:47:39.684 I/MyFragmentStateAdapter(11831): getCount
07-06 00:47:39.690 D/Carousel-Utils(11831): onResourceReady.
07-06 00:47:39.690 D/HiNetworkImpl(11831): doHttp_Asyn(): onReqResponse isSuccessful = true, back from thread: main
07-06 00:47:39.690 I/HiNetworkImpl(11831): doHttp_Asyn(): onSuccess clazz = class com.hisense.sdk.domain.ResponseResult, back from thread: main
07-06 00:47:39.690 I/HomeMainActivity(11831): finishHttpTime : 22101262   402
07-06 00:47:39.691 D/til@system( 2026): til_get_system_param option:1000007 int:-1936522368, bool:128, ret:0
07-06 00:47:39.692 D/til@system( 2026): til_get_system_param option:1000009 int:-1936525184, bool:128, ret:0
07-06 00:47:39.693 D/til@system( 2026): til_get_system_param option:1000008 int:-1815632896, bool:0, ret:0
07-06 00:47:39.694 D/HiSDKLogReport(11831): getOperationDetail-productName : LED50MU8600UC
07-06 00:47:39.694 D/HiSDKLogReport(11831): getOperationDetail-plmNumber : 88888
07-06 00:47:39.694 D/HiSDKLogReport(11831): getOperationDetail-swVersion : V0000.00.01A
07-06 00:47:39.694 D/HiSDKLogReport(11831): getOperationDetail-operationDetail : LED50MU8600UC0000888
07-06 00:47:39.694 D/HiSDKLogReport(11831): processLogReport-log : {eventType=163, appKey=1182445233, APPVersionName=3.0.0.9.00, devid=86100300900000500000060a4818fca8, mac=a8:a6:48:18:fc:a8, uuid=13287129, accessToken=72DF6038D2AEAB8A76DFBBBBCC428A4A_000491350913180, APIversion=501, logversion=2.0, devType=0, APPPackage=com.hisense.hicloud.edca, eventPos=002, requesttime=1499273259694, customerId=7195320, value2=, eventMessage=HttpConnection, value1=402, model_id=0, ChannelId=0, version=00.002.003, tv_distribute_id=00, subscriberId=13287129, APIVersion=600, PFAPPCode=652, softwareVersion=LED50MU8600UC0000888}
07-06 00:47:39.695 I/HomeMainActivity.java(11831): VodLog-[onSuccess:1016]postExperienceVIP request fail.Error Message: id0
07-06 00:47:39.771 D/TabFocusBorderView(11831): SLOVEN onAnimationCancel
07-06 00:47:39.771 D/TabFocusBorderView(11831): SLOVEN onAnimationEnd
07-06 00:47:39.772 D/TabView (11831): SLOVEN border top===>:296---407
07-06 00:47:39.772 I/MyFragmentStateAdapter(11831): getCount
07-06 00:47:39.772 I/MyFragmentStateAdapter(11831): getCount
07-06 00:47:39.773 I/MyFragmentStateAdapter(11831): getCount
07-06 00:47:39.773 I/MyFragmentStateAdapter(11831): getCount
07-06 00:47:39.773 I/FirstLineAdapter(11831): canShowTrailer,isOffline=false
07-06 00:47:39.773 I/FirstLineAdapter(11831): canShowTrailer,isOffline=false
07-06 00:47:39.773 I/FirstLineAdapter(11831): canShowTrailer,isOffline=false
07-06 00:47:39.773 I/FirstLineAdapter(11831): canShowTrailer,isOffline=false
07-06 00:47:39.773 I/FirstLineAdapter(11831): canShowTrailer,isOffline=false
07-06 00:47:39.773 I/FirstLineAdapter(11831): canShowTrailer,isOffline=false
07-06 00:47:39.773 I/FirstLineAdapter(11831): canShowTrailer,isOffline=false
07-06 00:47:39.774 I/FirstLineAdapter(11831): canShowTrailer,isOffline=false
07-06 00:47:39.774 I/FirstLineAdapter(11831): canShowTrailer,isOffline=false
07-06 00:47:39.776 I/MyFragmentStateAdapter(11831): getCount
07-06 00:47:39.784 W/System.err(11831): java.net.ConnectException: failed to connect to /10.18.210.112 (port 8900) after 6000ms: isConnected failed: ECONNREFUSED (Connection refused)
07-06 00:47:39.785 W/System.err(11831): 	at libcore.io.IoBridge.isConnected(IoBridge.java:238)
07-06 00:47:39.785 W/System.err(11831): 	at libcore.io.IoBridge.connectErrno(IoBridge.java:171)
07-06 00:47:39.785 W/System.err(11831): 	at libcore.io.IoBridge.connect(IoBridge.java:122)
07-06 00:47:39.785 W/System.err(11831): 	at java.net.PlainSocketImpl.connect(PlainSocketImpl.java:183)
07-06 00:47:39.785 W/System.err(11831): 	at java.net.PlainSocketImpl.connect(PlainSocketImpl.java:456)
07-06 00:47:39.785 W/System.err(11831): 	at java.net.Socket.connect(Socket.java:882)
07-06 00:47:39.785 W/System.err(11831): 	at com.android.okhttp.internal.Platform.connectSocket(Platform.java:174)
07-06 00:47:39.785 W/System.err(11831): 	at com.android.okhttp.Connection.connect(Connection.java:152)
07-06 00:47:39.785 W/System.err(11831): 	at com.android.okhttp.internal.http.HttpEngine.connect(HttpEngine.java:276)
07-06 00:47:39.785 W/System.err(11831): 	at com.android.okhttp.internal.http.HttpEngine.sendRequest(HttpEngine.java:211)
07-06 00:47:39.785 W/System.err(11831): 	at com.android.okhttp.internal.http.HttpURLConnectionImpl.execute(HttpURLConnectionImpl.java:382)
07-06 00:47:39.785 W/System.err(11831): 	at com.android.okhttp.internal.http.HttpURLConnectionImpl.connect(HttpURLConnectionImpl.java:106)
07-06 00:47:39.785 W/System.err(11831): 	at com.hisense.hitv.hicloud.util.ExceptionReport.a(ExceptionReport.java:337)
07-06 00:47:39.785 W/System.err(11831): 	at com.hisense.hitv.hicloud.util.ExceptionReport.a(ExceptionReport.java:39)
07-06 00:47:39.785 W/System.err(11831): 	at com.hisense.hitv.hicloud.util.ExceptionReport$1.run(ExceptionReport.java:83)
07-06 00:47:39.785 W/System.err(11831): 	at java.lang.Thread.run(Thread.java:818)
07-06 00:47:39.785 W/System.err(11831): Caused by: android.system.ErrnoException: isConnected failed: ECONNREFUSED (Connection refused)
07-06 00:47:39.785 W/System.err(11831): 	at libcore.io.IoBridge.isConnected(IoBridge.java:223)
07-06 00:47:39.786 W/System.err(11831): 	... 15 more
07-06 00:47:39.832 D/PowerManagerService( 1733): releaseWakeLockInternal: lock=681732318 [ActivityManager-Launch], flags=0x0
07-06 00:47:39.832 D/PowerManagerNotifier( 1733): onWakeLockReleased: flags=1, tag="ActivityManager-Launch", packageName=android, ownerUid=1000, ownerPid=1733, workSource=null
07-06 00:47:39.853 E/HttpDnsUtils(11831): http callCancel(): mViewTag = EntryActivity
07-06 00:47:39.904 D/OkHttp  (11831): <-- 200 OK http://picture.edu.hismarttv.com/images/20170629/%E5%BF%83%E7%AE%97%E5%8F%A3%E8%AF%80%E5%A4%A9%E5%A4%A9%E7%BB%83.jpg (403ms)
07-06 00:47:39.904 D/OkHttp  (11831): Date: Tue, 04 Jul 2017 01:16:46 GMT
07-06 00:47:39.904 D/OkHttp  (11831): Server: nginx
07-06 00:47:39.904 D/OkHttp  (11831): Content-Type: image/jpeg
07-06 00:47:39.904 D/OkHttp  (11831): Content-Length: 204643
07-06 00:47:39.904 D/OkHttp  (11831): Last-Modified: Fri, 09 Jun 2017 14:51:40 GMT
07-06 00:47:39.904 D/OkHttp  (11831): ETag: "593ab5fc-31f63"
07-06 00:47:39.904 D/OkHttp  (11831): Accept-Ranges: bytes
07-06 00:47:39.904 D/OkHttp  (11831): Age: 142253
07-06 00:47:39.904 D/OkHttp  (11831): Via: 1.1 shuozhou56:1 (Cdn Cache Server V2.0)[30 200 0], 1.1 changwtong52:1 (Cdn Cache Server V2.0)[274 200 0]
07-06 00:47:39.904 D/OkHttp  (11831): Connection: keep-alive
07-06 00:47:39.905 D/OkHttp  (11831): <-- END HTTP
07-06 00:47:39.947 D/PowerManagerService( 1733): setScreenBrightnessOverrideFromWindowManagerInternal done
07-06 00:47:39.960 D/OsdMonitorService( 1733): mCurrentWindow = com.hisense.hicloud.edca/com.hisense.tvui.newhome.HomeMainActivity; newWindow = com.hisense.hicloud.edca/com.hisense.tvui.newhome.HomeMainActivity; isSubWindow = false; isInWinList = false; isExitNow = false
07-06 00:47:39.960 D/OsdMonitorService( 1733): windowNotOsd() : name = com.hisense.hicloud.edca/com.hisense.tvui.newhome.HomeMainActivity
07-06 00:47:39.960 I/OsdMonitorService( 1733): setOsdStatus() : status will change from true to true
07-06 00:47:39.991 D/HttpHandler(11831): RetryIntercepter-->retryNum=0
07-06 00:47:39.991 D/HttpHandler(11831): RetryIntercepter-->backoffmutiplier=0
07-06 00:47:40.004 I/MyFragmentStateAdapter(11831): getCount
07-06 00:47:40.035 I/MyFragmentStateAdapter(11831): getCount
07-06 00:47:40.069 I/MyFragmentStateAdapter(11831): getCount
07-06 00:47:40.072 I/TVMW@HsTvSetting( 1234): Trace cmd, data = 0x1058
07-06 00:47:40.076 D/til@system( 2026): til_get_system_param option:100002F int:0, bool:0, ret:0
07-06 00:47:40.077 I/TVMW@HsTvSetting( 1234): Trace cmd, data = 0x101f
07-06 00:47:40.077 D/til@system( 2026): til_get_system_param option:100001D int:3, bool:3, ret:0
07-06 00:47:40.077 E/til     ( 2026): [til_get_current_input_source, 101] 
07-06 00:47:40.077 I/TVMW@HsTvSetting( 1234): Trace cmd, data = 0x7007
07-06 00:47:40.077 I/tilwrapper@sm( 2026): HS2TIL_SourceType *hs=0xd, *til=0x900
07-06 00:47:40.077 D/til     ( 2026): get current source 2304
07-06 00:47:40.078 D/SourceRemoteServiceHandler( 2026): getCurrentInputSource.from.til.result is 0, value is 2304
07-06 00:47:40.078 D/SourceRemoteServiceHandler( 2026): getInputSourceType source: 0x900, type=2304
07-06 00:47:40.078 D/til     ( 2026): ###### func:til_get_picture_param option:0x3000006 ######  
07-06 00:47:40.078 I/TVMW@HsTvSetting( 1234): Trace cmd, data = 0x1003
07-06 00:47:40.078 I/TVMW@HsTvSetting( 1234): Trace cmd, data = 0x8032
07-06 00:47:40.079 I/hstvos  ( 1216): [0m[1;33m[HSHAL][HS_VIDEO][HS_HAL_Video_SetOsdDetect_v2][2389]u16Threshold = 20
07-06 00:47:40.079 I/MiSysSrv( 1214): Not support now! 42, change to mm_video!!!
07-06 00:47:40.079 E/TVMW@videoctrl( 1234):  getOsd is 1
07-06 00:47:40.079 D/til@system( 2026): til_get_system_param option:1000027 int:1, bool:1, ret:0
07-06 00:47:40.080 D/til     ( 2026): ###### func:til_get_picture_param option:0x3000045 ######  
07-06 00:47:40.080 I/TVMW@HsTvSetting( 1234): Trace cmd, data = 0x300c
07-06 00:47:40.080 I/TVMW@HsTvSetting( 1234): Trace 3d, data = 0x300c
07-06 00:47:40.080 I/TVMW@3d ( 1234): Hs_debug3d_trace: func:get3dStatus, line:109
07-06 00:47:40.106 I/MyFragmentStateAdapter(11831): getCount
07-06 00:47:40.150 I/MyFragmentStateAdapter(11831): getCount
07-06 00:47:40.180 I/MyFragmentStateAdapter(11831): getCount
07-06 00:47:40.200 I/HLSP2P  ( 3457): ## 2017-07-06 00:47:40.200 [3457,3628,:0] INFO ## [HLSP2P][PunchHelper.cpp:286][INFO][SendHeartBeatMsg][PunchHelper] send heartbeat to punch server(111.161.53.222:8002) ok
07-06 00:47:40.221 I/MyFragmentStateAdapter(11831): getCount
07-06 00:47:40.230 I/HLSP2P  ( 3457): ## 2017-07-06 00:47:40.223 [3457,3630,:0] INFO ## [HLSP2P][PunchHelper.cpp:431][INFO][OnHeartbeatRsp][PunchHelper] punch heartbeat rsp ok
07-06 00:47:40.245 W/ActivityManager( 1733): Activity destroy timeout for ActivityRecord{11e7e38f u0 com.jamdeo.launcher/.app.BaseTileActivity t5541 f}
07-06 00:47:40.246 I/TVMW@devctrl( 1234): wdt
07-06 00:47:40.263 I/MyFragmentStateAdapter(11831): getCount
07-06 00:47:40.274 D/WebcastSDK-HiCloudSourcePlugin(11831): getContext(): com.hisense.hicloud.edca.BaseApplication@2adbac5c mWebcastManager: com.hisense.webcastSDK.WebcastManager@1e4d145a
07-06 00:47:40.275 D/WebcastSDK-(11831): activity == null.
07-06 00:47:40.287 V/PackageManager( 1733): getPackageInfo com.hisense.hicloud.edca: Package{3fb3f3a1 com.hisense.hicloud.edca}
07-06 00:47:40.292 I/WebcastSDK-(11831): getAppVersionName(), versionName = 3.0.0.9.00
07-06 00:47:40.308 I/MyFragmentStateAdapter(11831): getCount
07-06 00:47:40.331 D/HttpHandler(11831): VerifySignInterCeptor-->request.url()=http://picture.edu.hismarttv.com/images/20170629/%E5%AE%A2%E5%8E%85%E7%87%83%E8%84%82%E5%A5%B3%E7%8E%8B20170207081137502012.jpg
07-06 00:47:40.331 D/HttpHandler(11831): VerifySignInterCeptor-->hostname=picture.edu.hismarttv.com
07-06 00:47:40.336 I/CurrentCarouselView(11831): real play
07-06 00:47:40.338 D/Carousel-CarouselView(11831): clearPosterAndPlay! hashCode=1018850026, sWorkingHashCode=0
07-06 00:47:40.338 D/Carousel-CarouselView(11831): mListView.getAdapter()=com.hisense.hitv.carouselwidgit.view.adapter.CarouselInfoListAdapter@1e67a381
07-06 00:47:40.339 D/Carousel-CarouselView(11831): Last playing position:-1
07-06 00:47:40.339 D/Carousel-CarouselView(11831): position=1
07-06 00:47:40.339 D/Carousel-CarouselView(11831): Last play position:1,size:3
07-06 00:47:40.339 D/AudioSystem(11831): Setting global gAudioPortCallback On refCnt: 1
07-06 00:47:40.340 D/Carousel-CarouselListView(11831): onItemClick position:1,view:null
07-06 00:47:40.340 D/Carousel-CarouselListView(11831): last play position:1,cur:1
07-06 00:47:40.341 D/Carousel-CarouselView(11831): onListItemClick view=null,position=1
07-06 00:47:40.342 D/OkHttp  (11831): --> GET http://picture.edu.hismarttv.com/images/20170629/%E5%AE%A2%E5%8E%85%E7%87%83%E8%84%82%E5%A5%B3%E7%8E%8B20170207081137502012.jpg http/1.1
07-06 00:47:40.342 D/OkHttp  (11831): Host: picture.edu.hismarttv.com
07-06 00:47:40.342 D/OkHttp  (11831): Connection: Keep-Alive
07-06 00:47:40.342 D/OkHttp  (11831): Accept-Encoding: gzip
07-06 00:47:40.342 D/OkHttp  (11831): User-Agent: okhttp/3.6.0
07-06 00:47:40.342 D/OkHttp  (11831): --> END GET
07-06 00:47:40.346 D/HttpHandler(11831): VerifySignInterCeptor-->request.url()=http://picture.edu.hismarttv.com/images/20170629/%E8%8B%B1%E8%AF%AD%E5%90%AF%E8%92%99.jpg
07-06 00:47:40.347 D/HttpHandler(11831): VerifySignInterCeptor-->hostname=picture.edu.hismarttv.com
07-06 00:47:40.354 I/MyFragmentStateAdapter(11831): getCount
07-06 00:47:40.354 I/MyFragmentStateAdapter(11831): getCount
07-06 00:47:40.354 I/MyFragmentStateAdapter(11831): getCount
07-06 00:47:40.354 I/MyFragmentStateAdapter(11831): getCount
07-06 00:47:40.355 I/FirstLineAdapter(11831): canShowTrailer,isOffline=false
07-06 00:47:40.355 I/UsageStatsService( 1733): User[0] Flushing usage stats to disk
07-06 00:47:40.355 I/FirstLineAdapter(11831): canShowTrailer,isOffline=false
07-06 00:47:40.355 I/FirstLineAdapter(11831): canShowTrailer,isOffline=false
07-06 00:47:40.355 I/FirstLineAdapter(11831): canShowTrailer,isOffline=false
07-06 00:47:40.355 I/FirstLineAdapter(11831): canShowTrailer,isOffline=false
07-06 00:47:40.355 I/FirstLineAdapter(11831): canShowTrailer,isOffline=false
07-06 00:47:40.355 I/FirstLineAdapter(11831): canShowTrailer,isOffline=false
07-06 00:47:40.355 I/FirstLineAdapter(11831): canShowTrailer,isOffline=false
07-06 00:47:40.355 I/FirstLineAdapter(11831): canShowTrailer,isOffline=false
07-06 00:47:40.358 I/MyFragmentStateAdapter(11831): getCount
07-06 00:47:40.372 I/MyFragmentStateAdapter(11831): getCount
07-06 00:47:40.372 I/MyFragmentStateAdapter(11831): getCount
07-06 00:47:40.374 I/MyFragmentStateAdapter(11831): getCount
07-06 00:47:40.374 I/MyFragmentStateAdapter(11831): getCount
07-06 00:47:40.375 I/FirstLineAdapter(11831): canShowTrailer,isOffline=false
07-06 00:47:40.375 I/FirstLineAdapter(11831): canShowTrailer,isOffline=false
07-06 00:47:40.375 I/FirstLineAdapter(11831): canShowTrailer,isOffline=false
07-06 00:47:40.375 I/FirstLineAdapter(11831): canShowTrailer,isOffline=false
07-06 00:47:40.375 I/FirstLineAdapter(11831): canShowTrailer,isOffline=false
07-06 00:47:40.375 I/FirstLineAdapter(11831): canShowTrailer,isOffline=false
07-06 00:47:40.375 I/FirstLineAdapter(11831): canShowTrailer,isOffline=false
