07-05 22:45:06.330 I/MiSysSrv( 1214): [XC,LPLL][MDrv_SC_Set_LockFreeze_Point, 2623] LockPoint= 0x872 (2162)
07-05 22:45:06.335 I/MiSysSrv( 1214): [XC,LPLL][MDrv_SC_set_output_dclk, 5072] **** SetOutputDclk u16VFreq=600 ***
07-05 22:45:06.336 I/MiSysSrv( 1214): [XC,LPLL][MDrv_SC_set_output_dclk, 5073] **** SetOutputDclk u32AdjHighAccurateVFreq=60000 ***
07-05 22:45:06.336 I/MiSysSrv( 1214): [XC,LPLL][MDrv_SC_set_output_dclk, 5076] DefaultPanelInfo: MinSET = 0x1715d1, MaxSET = 0x1775d1
07-05 22:45:06.336 I/MiSysSrv( 1214): [XC,LPLL][MDrv_SC_set_output_dclk, 5096] g_XC_InitData.stPanelInfo.eLPLL_Type.eLPLL_Type=51, g_XC_InitData.stPanelInfo.eLPLL_Type.eLPLL_Mode=1
07-05 22:45:06.336 I/MiSysSrv( 1214): [XC,LPLL][_MDrv_XC_GetExPanelInfo, 1665] u16VFreq=600
07-05 22:45:06.336 I/MiSysSrv( 1214): @@11=11
07-05 22:45:06.336 I/MiSysSrv( 1214): @@11=11
07-05 22:45:06.339 I/MiSysSrv( 1214): @@11=11
07-05 22:45:06.340 I/MiSysSrv( 1214): @@11=11
07-05 22:45:06.340 I/MiSysSrv( 1214): [XC,LPLL][MDrv_SC_set_output_dclk, 5148] u32PllSet = 0x1745d1, u32UpBound = 0x1775d1, u32LowBound = 0x1715d1
07-05 22:45:06.340 I/MiSysSrv( 1214): [XC,LPLL][MDrv_SC_set_output_dclk, 5149] u32HighAccuratePllSet = 0x1745d1, u32UpBound = 0x1775d1, u32LowBound = 0x1715d1
07-05 22:45:06.340 I/MiSysSrv( 1214): [XC,LPLL][MDrv_SC_set_output_dclk, 5152] User forces Enable=1, LPLL limit=0x1600
07-05 22:45:06.340 I/MiSysSrv( 1214): [XC,LPLL][MDrv_SC_Set_Output_Dclk_Slowly, 2790] SetDCLK: Steps=10, DelayMs=0
07-05 22:45:06.372 I/MiSysSrv( 1214): [XC,LPLL][MDrv_SC_Set_Output_Dclk_Slowly, 2825] Direct set to 0x1745d1
07-05 22:45:06.383 I/MiSysSrv( 1214): [XC,LPLL][MDrv_SC_set_output_dclk, 5175] **** SetOutputDclk-Normal CLK=5940000000, Set=0x1745D1***
07-05 22:45:06.395 I/MiSysSrv( 1214): @@11=11
07-05 22:45:06.403 I/MiSysSrv( 1214): @@11=11
07-05 22:45:06.403 I/MiSysSrv( 1214): [XC,LPLL][MHal_XC_Calc_IGainPGain, 5078] MM=36,u8LGain1=2,Htt=4400,Vtt=2250,Ovs=5,Vco=1,i_gain=0,REGIg=5,u32XTAL_Clock=24000000
07-05 22:45:06.403 I/MiSysSrv( 1214): [XC,LPLL][MHal_XC_Calc_IGainPGain, 5084] new i_gain=0
07-05 22:45:06.403 I/MiSysSrv( 1214): [XC,LPLL][MHal_XC_Calc_IGainPGain, 5095] ==>LG1=2,iGain=0,I=2,P=3
07-05 22:45:06.403 I/MiSysSrv( 1214): [XC,LPLL][_MDrv_Scaler_SetIGainPGain, 1853] user forces REG_IGain= 0x4 (4)
07-05 22:45:06.403 I/MiSysSrv( 1214): [XC,LPLL][_MDrv_Scaler_SetIGainPGain, 1858] user forces REG_PGain= 0x5 (5)
07-05 22:45:06.403 I/MiSysSrv( 1214): [XC,LPLL][_MDrv_Scaler_SetIGainPGain, 1866] REG_IGain= 0x4 (4)
07-05 22:45:06.404 I/MiSysSrv( 1214): [XC,LPLL][_MDrv_Scaler_SetIGainPGain, 1867] REG_PGain= 0x5 (5)
07-05 22:45:06.404 I/MiSysSrv( 1214): [XC,LPLL][MDrv_SC_set_fpll,  976] MDrv_SC_set_fpll(0,0)
07-05 22:45:06.404 I/MiSysSrv( 1214): [XC,LPLL][MDrv_SC_set_fpll,  977] u32OrigLPLL = 1745d1
07-05 22:45:06.404 I/MiSysSrv( 1214): [XC,LPLL][MDrv_SC_set_fpll, 1002] u32OrigLPLL = 1745d1, L_BK_LPLL(0x0F) = 1745d1
07-05 22:45:06.407 I/MiSysSrv( 1214): [XC,LPLL][_MApi_XC_FPLL_EnableLcokFreqOnly, 3150] [_MApi_XC_FPLL_EnableLcokFreqOnly][3150]feature is 0
07-05 22:45:06.509 I/MiSysSrv( 1214): bColorRange0_255 is 1
07-05 22:45:06.523 I/MiSysSrv( 1214): BW Window:0, PQSource:9, Hsize:3840, Vsize: 2160, interlace:0, Vfreq=240
07-05 22:45:06.540 I/MiSysSrv( 1214): (_MDrv_PQ_SetGRuleStatus, 5671)GRuleType(10) is bigger than STD PQ's(9), so consider it as CUSTOMER PQ's GRule Type
07-05 22:45:06.540 I/MiSysSrv( 1214): [XC,SetWindow][MApi_XC_SetDynamicScaling_U2,  342] It's dynamic scaling case(1,0,1)
07-05 22:45:06.540 I/MiSysSrv( 1214): [XC,SetWindow][MHAL_SC_Set_DynamicScaling,  522] [MHAL_SC_Set_DynamicScaling,  522] [DS] u8MIU_Select:0  
07-05 22:45:06.540 I/MiSysSrv( 1214): [XC,SetWindow][MHAL_SC_Set_DynamicScaling,  523] [MHAL_SC_Set_DynamicScaling,  523] [DS] bOP_On:1  bIPS_On:0 bIPM_On:1  
07-05 22:45:06.552 D/Carousel-SimpleVideoView( 7924): speedKB=3631
07-05 22:45:06.552 D/Carousel-SimpleVideoView( 7924): msg.arg1=1
07-05 22:45:06.559 I/MiSysSrv( 1214): [XC,SetWindow][MHAL_SC_Set_DynamicScaling,  557] [MHAL_SC_Set_DynamicScaling,  557] [DS] u32DynamicScalingBaseAddr:15e91000  u8DynamicScalingIndexDepth:32 u32DynamicScalingBufSize:6144   
07-05 22:45:06.559 I/MiSysSrv( 1214): [XC,SetWindow][MHAL_SC_Set_DynamicScaling,  570] [MHAL_SC_Set_DynamicScaling,  570] [DS] u8IdxDepth:32 DS_MAX_INDEX:6 BYTE_PER_WORD:32  
07-05 22:45:06.590 I/TVMW@HsSourceManager( 1234): resourceMediaInfoFunction srcid=13
07-05 22:45:06.590 D/TVMW@pqctrl( 1234): [setNR:166] ENTER OK
07-05 22:45:06.590 I/hstvos  ( 1216): [0m[1;36m[mif][VIDEO_FW][_Mif_Video_Window_Callback][466]_Mif_Video_Window_Callback u32EventFlags: 32768, u8DisplayIndex: 0, u8WindowIndex: 0
07-05 22:45:06.590 I/hstvos  ( 1216): [0m[1;36m[HSHAL][HS_PQ][HS_HAL_PQ_SetNR][369] Entry.time[14748162] OK
07-05 22:45:06.590 I/hstvos  ( 1216): [0m[1;32m[HSHAL][HS_PQ][HS_HAL_PQ_SetNR][370]nrLevel 2 
07-05 22:45:06.591 E/TVMW@videoctrl( 1234):  getOsd is 1
07-05 22:45:06.592 D/til@system( 2026): til_get_system_param option:1000027 int:1, bool:1, ret:0
07-05 22:45:06.592 D/til     ( 2026): ###### func:til_get_picture_param option:0x3000045 ######  
07-05 22:45:06.592 I/TVMW@HsTvSetting( 1234): Trace cmd, data = 0x300c
07-05 22:45:06.592 I/TVMW@HsTvSetting( 1234): Trace 3d, data = 0x300c
07-05 22:45:06.592 I/TVMW@3d ( 1234): Hs_debug3d_trace: func:get3dStatus, line:109
07-05 22:45:06.592 D/TVMW@factoryData( 1234): Non source= 13,b4Kx2K = 0,b4Kx2KForWB = 1
07-05 22:45:06.592 D/TVMW@factoryData( 1234): Non 0 ,12 , 22, 45, 63(audio not diff 4K)
07-05 22:45:06.592 D/TVMW@Hsmwhal( 1234): +_+pic: ***sharpness:22[setSharpness:230]
07-05 22:45:06.592 D/TVMW@pqctrl( 1234): [setSharpness:203] ENTER OK
07-05 22:45:06.592 I/hstvos  ( 1216):  [0m[1;36m[HSHAL][HS_PQ][HS_HAL_PQ_SetSharpness][413] Entry.time[14748164] OK
07-05 22:45:06.592 I/hstvos  ( 1216): [0m[1;32m[HSHAL][HS_PQ][HS_HAL_PQ_SetSharpness][414]u32Sharpness 22 
07-05 22:45:06.607 I/TVMW@HsSourceManager( 1234): resourceMediaInfoFunction nrData=2
07-05 22:45:06.607 I/TVMW@HsSourceManager( 1234): resourceMediaInfoFunction sharpness=50
07-05 22:45:06.607 I/TVMW@HsSourceManager( 1234): >>>>resourceMediaInfoFunction
07-05 22:45:06.607 I/hstvos  ( 1216):  [0m[1;36m[HSHAL][HS_PQ][HS_HAL_PQ_SetSharpness][419] Exit OK[14748178] OK
07-05 22:45:06.610 W/        ( 1204): no callback function match handle 0x2d20700,
07-05 22:45:06.610 E/MiDisplay( 1204): ERROR pstCallbackParams.
07-05 22:45:06.633 I/MyFragmentStateAdapter( 7924): getCount
07-05 22:45:06.684 W/art     ( 3457): Suspending all threads took: 84.871ms
07-05 22:45:06.686 I/MiSysSrv( 1214): [mapi_video_base@Line 1135] [u32PqDelayTime=126,u32UsedTime=126,u16VideoUnMuteTime=0,u32RealyDelayTime=0]
07-05 22:45:06.686 I/MiSysSrv( 1214): [leon.luo]EnableVideoMute = 0,enColor = 5
07-05 22:45:06.711 D/vsyncbridge( 1204): [0] handle_thread thread got msg 0x1, mState = 2
07-05 22:45:06.711 D/vsyncbridge( 1204): Overlay 0 state change from 2 to 3
07-05 22:45:06.711 D/vsyncbridge( 1204): VSYNC_BRIDGE_INIT clear dispQ
07-05 22:45:06.711 D/vsyncbridge( 1204): panelWidth = 3840, panelHeight = 2160, [3840 2160 600]
07-05 22:45:06.712 D/vsyncbridge( 1204): Display Path INIT END: 1
07-05 22:45:06.713 D/MSTAR_VDEC_DBG( 1206): Stream ID: 0, Rate : 1 (E:0,D:0,S:0,F:21) 
07-05 22:45:06.713 I/NuPlayerDecoder( 1206):  VSInitOver is true!!!
07-05 22:45:06.713 D/NuPlayer( 1206): video rendering start
07-05 22:45:06.714 W/MediaPlayer( 7924): info/warning (3, 0)
07-05 22:45:06.715 V/AudioPolicyManager( 1206): DeviceVector::getDevice() for type 00008000 address 0 found 0x0
07-05 22:45:06.715 V/AudioPolicyManager( 1206): getOutput() device 2, stream 3, samplingRate 0, format 0, channelMask 3, flags 0
07-05 22:45:06.715 V/AudioPolicyManager( 1206): getOutput() returns output 2
07-05 22:45:06.715 V/AudioPolicyManager( 1206): DeviceVector::getDevice() for type 00008000 address 0 found 0x0
07-05 22:45:06.715 V/AudioPolicyManager( 1206): getOutput() device 2, stream 3, samplingRate 0, format 0, channelMask 3, flags 0
07-05 22:45:06.715 V/AudioPolicyManager( 1206): getOutput() returns output 2
07-05 22:45:06.715 V/AudioPolicyManager( 1206): getOutputForAttr() usage=1, content=2, tag= flags=00000000
07-05 22:45:06.715 V/AudioPolicyManager( 1206): DeviceVector::getDevice() for type 00008000 address 0 found 0x0
07-05 22:45:06.715 V/AudioPolicyManager( 1206): getOutputForAttr() device 0x2, samplingRate 44100, format 1, channelMask 3, flags 0
07-05 22:45:06.715 V/AudioPolicyManager( 1206): getOutput() returns output 2
07-05 22:45:06.715 V/AudioFlinger( 1206): createTrack() lSessionId: 543
07-05 22:45:06.716 V/AudioFlinger( 1206): acquiring 543 from 1206, for 7924
07-05 22:45:06.716 V/AudioFlinger( 1206):  incremented refcount to 2
07-05 22:45:06.716 V/AudioPolicyManager( 1206): startOutput() output 2, stream 3, session 543
07-05 22:45:06.716 V/AudioPolicyManager( 1206): setBeaconMute(1) mBeaconMuteRefCount=1 mBeaconPlayingRefCount=0
07-05 22:45:06.716 V/AudioPolicyManager( 1206): changeRefCount() stream 3, count 1
07-05 22:45:06.716 V/AudioPolicyManager( 1206): DeviceVector::getDevice() for type 00008000 address 0 found 0x0
07-05 22:45:06.716 V/AudioPolicyManager( 1206): getNewOutputDevice() selected device 2
07-05 22:45:06.716 V/AudioPolicyManager( 1206): setStreamVolumeIndex() stream 12, device 0002, index 15
07-05 22:45:06.716 V/AudioPolicyManager( 1206): setOutputDevice() output 2 device 0002 delayMs 0
07-05 22:45:06.716 V/AudioPolicyManager( 1206): setOutputDevice() prevDevice 0002
07-05 22:45:06.716 V/AudioPolicyManager( 1206): DeviceVector::getDevice() for type 00008000 address 0 found 0x0
07-05 22:45:06.716 V/AudioPolicyManager( 1206): DeviceVector::getDevice() for type 00008000 address 0 found 0x0
07-05 22:45:06.716 V/AudioPolicyManager( 1206): DeviceVector::getDevice() for type 00008000 address 0 found 0x0
07-05 22:45:06.716 V/AudioPolicyManager( 1206): DeviceVector::getDevice() for type 00008000 address 0 found 0x0
07-05 22:45:06.716 V/AudioPolicyManager( 1206): DeviceVector::getDevice() for type 00008000 address 0 found 0x0
07-05 22:45:06.716 V/AudioPolicyManager( 1206): DeviceVector::getDevice() for type 00008000 address 0 found 0x0
07-05 22:45:06.716 V/AudioPolicyManager( 1206): DeviceVector::getDevice() for type 00008000 address 0 found 0x0
07-05 22:45:06.716 V/AudioPolicyManager( 1206): setOutputDevice() changing device
07-05 22:45:06.716 V/AudioPolicyManager( 1206): DeviceVector::refreshTypes() mDeviceTypes 00000002
07-05 22:45:06.717 V/AudioPolicyManager( 1206): DeviceVector::getDevicesFromType() for type 2 found 0xf407cf00
07-05 22:45:06.723 E/audio_hw_primary( 1206): out_set_parameters: routing=2
07-05 22:45:06.723 V/AudioPolicyManager( 1206): setOutputDevice() createAudioPatch returned 0 patchHandle 544num_sources 1 num_sinks 1
07-05 22:45:06.723 V/AudioPolicyManager( 1206): checkAndSetVolume() cannot set stream 6 volume with force use = 0 for comm
07-05 22:45:06.723 V/AudioPolicyManager( 1206): DeviceVector::getDevice() for type 00008000 address 0 found 0x0
07-05 22:45:06.724 V/AudioPolicyManager( 1206): DeviceVector::getDevice() for type 00008000 address 0 found 0x0
07-05 22:45:06.724 V/AudioPolicyManager( 1206): DeviceVector::getDevice() for type 00008000 address 0 found 0x0
07-05 22:45:06.724 V/AudioPolicyManager( 1206): DeviceVector::getDevice() for type 00008000 address 0 found 0x0
07-05 22:45:06.724 V/AudioPolicyManager( 1206): DeviceVector::getDevice() for type 00008000 address 0 found 0x0
07-05 22:45:06.724 V/AudioPolicyManager( 1206): DeviceVector::getDevice() for type 00008000 address 0 found 0x0
07-05 22:45:06.724 V/AudioPolicyManager( 1206): DeviceVector::getDevice() for type 00008000 address 0 found 0x0
07-05 22:45:06.724 V/AudioPolicyManager( 1206): DeviceVector::getDevice() for type 00008000 address 0 found 0x0
07-05 22:45:06.724 W/NuPlayerRenderer( 1206): numFramesAvailableToWrite(7526), mAudioSink frameCount(7526), mAudioQueue size(2), numFramesPlayed(0), mNumFramesWritten(0)
07-05 22:45:06.724 D/NuPlayerRenderer( 1206): mAudioFirstAnchorTimeMediaUs from -1 change to 23219,mLastRenderAudioTimeUs -1,pendingDurationUs 0
07-05 22:45:06.734 D/PowerManagerService( 1733): updateWakeLockWorkSourceInternal: lock=21295171 [AudioMix], ws=WorkSource{10010}
07-05 22:45:06.735 D/PowerManagerNotifier( 1733): onWakeLockReleased: flags=1, tag="AudioMix", packageName=media, ownerUid=1013, ownerPid=0, workSource=null
07-05 22:45:06.735 D/PowerManagerNotifier( 1733): onWakeLockAcquired: flags=1, tag="AudioMix", packageName=media, ownerUid=1013, ownerPid=0, workSource=WorkSource{10010}
07-05 22:45:06.743 D/vsyncbridge( 1204): [update_ds_table,  594] DispW:1632 DispH:920 
07-05 22:45:06.743 D/vsyncbridge( 1204): [update_ds_table,  598] Cap.x:1105 Cap.y:30 CapW:1920 CapH:1080 
07-05 22:45:06.743 D/vsyncbridge( 1204): [update_ds_table,  599] enInputSourceType:34 
07-05 22:45:06.743 D/vsyncbridge( 1204): [update_ds_table,  601] u16InputVTotal:2205  u16InputVFreq:240 
07-05 22:45:06.743 D/vsyncbridge( 1204): [update_ds_table,  603] bInterlace:0  u16DefaultHtotal:0 
07-05 22:45:06.743 D/vsyncbridge( 1204): [update_ds_table,  606] bPreHCusScaling:1  bPreVCusScaling:1 
07-05 22:45:06.743 D/vsyncbridge( 1204): [update_ds_table,  608] u16PreHCusScalingSrc:1920  u16PreHCusScalingDst:1920 
07-05 22:45:06.743 D/vsyncbridge( 1204): [update_ds_table,  610] u16PreVCusScalingSrc:1080  u16PreVCusScalingSrc:1080 
07-05 22:45:06.743 D/vsyncbridge( 1204): [update_ds_table,  613] bHCusScaling:0  bVCusScaling:0 
07-05 22:45:06.743 D/vsyncbridge( 1204): [update_ds_table,  615] u16HCusScalingSrc:1920  u16HCusScalingDst:1632 
07-05 22:45:06.743 D/vsyncbridge( 1204): [update_ds_table,  617] u16VCusScalingSrc:1084  u16VCusScalingDst:920 
07-05 22:45:06.743 D/vsyncbridge( 1204): vsync_bridge_CalAspectRatio type = 0
07-05 22:45:06.743 D/vsyncbridge( 1204): panel [3840 2160] osd [1920 1080] ratio [2.000000 2.000000]
07-05 22:45:06.743 D/vsyncbridge( 1204): apply ratio, x=1098, y=410, width=1632, height=920
07-05 22:45:06.743 D/vsyncbridge( 1204): disp_old[1098 410 2730 1330], disp_new[1098 410 2730 1330], crop[0 0 1920 1080]
07-05 22:45:06.744 D/vsyncbridge( 1204): [update_ds_table,  798] SW DS !!! 
07-05 22:45:06.744 D/vsyncbridge( 1204): [update_ds_table,  800] stXC_SetWin_Info.stCapWin.width1920  stXC_SetWin_Info.stCapWin.height:1080
07-05 22:45:06.744 D/vsyncbridge( 1204): [update_ds_table,  802] stXC_SetWin_Info.stCropWin.width1920  stXC_SetWin_Info.stCropWin.height:1080
07-05 22:45:06.744 D/vsyncbridge( 1204): [update_ds_table,  803] MApi_XC_GetDynamicScalingStatus():1 
07-05 22:45:06.744 D/        ( 1204): Alert: cannot get frameCount from IOCTL, eWindow=0! Fall back to original frame mode
07-05 22:45:06.744 D/        ( 1204): MVOP is 1P mode
07-05 22:45:06.744 D/        ( 1204): [_MDrv_SC_check_2p_mode][9405]u16Width=3840,u16Height=2160,u32Vfreqx10=240
07-05 22:45:06.764 I/TVMW@devctrl( 1234): wdt
07-05 22:45:06.764 D/vsyncbridge( 1204): Overlay[0] wait_disp_show W 2, R 1, Cur 255, wait time = 45ms
07-05 22:45:06.834 D/Carousel-SimpleVideoView( 7924): what=3, extra=0
07-05 22:45:06.835 D/Carousel-log_video-( 7924): onFirstFrame!
07-05 22:45:06.839 D/Carousel-log_video-( 7924): handleFirstFramePlayLog isReplayState:false,mLogPlayState:1
07-05 22:45:06.839 D/Carousel-log_video-( 7924): ==first frame log,duration:2965
07-05 22:45:06.841 D/Carousel-log_( 7924): ===(Main-Video-278003)-{srccolumnid=3, eventType=278, srcgroupid=10001, appversionname=2.0.0.6, srctabid=0, duration=2965, license=hisense, eventcode=278003, deviceid=86100300900000500000060a4818fca8, mediaid=351, eventPos=003, sessionid=d3d9da44a80c45f6b24d798b6b73fd8e, srcpackagename=com.hisense.hicloud.edca, subscriberid=13287129, playactionuuid=d88e57d5-9858-410a-a607-390f241f8816, version=2.1, devicemsg=LED50MU8600UC0000888, isall=0, customerid=7195320, srcrowid=0, srceventcode=280000}
07-05 22:45:06.867 D/PowerManagerService( 1733): releaseWakeLockInternal: lock=576775872 [AudioMix], flags=0x0
07-05 22:45:06.875 W/System.err( 7924): java.net.ConnectException: failed to connect to /10.18.210.112 (port 8900) after 6000ms: isConnected failed: ECONNREFUSED (Connection refused)
07-05 22:45:06.880 D/PowerManagerNotifier( 1733): onWakeLockReleased: flags=1, tag="AudioMix", packageName=media, ownerUid=1013, ownerPid=0, workSource=null
07-05 22:45:06.898 W/System.err( 7924): 	at libcore.io.IoBridge.isConnected(IoBridge.java:238)
07-05 22:45:06.898 W/System.err( 7924): 	at libcore.io.IoBridge.connectErrno(IoBridge.java:171)
07-05 22:45:06.898 W/System.err( 7924): 	at libcore.io.IoBridge.connect(IoBridge.java:122)
07-05 22:45:06.898 W/System.err( 7924): 	at java.net.PlainSocketImpl.connect(PlainSocketImpl.java:183)
07-05 22:45:06.898 W/System.err( 7924): 	at java.net.PlainSocketImpl.connect(PlainSocketImpl.java:456)
07-05 22:45:06.898 W/System.err( 7924): 	at java.net.Socket.connect(Socket.java:882)
07-05 22:45:06.898 W/System.err( 7924): 	at com.android.okhttp.internal.Platform.connectSocket(Platform.java:174)
07-05 22:45:06.898 W/System.err( 7924): 	at com.android.okhttp.Connection.connect(Connection.java:152)
07-05 22:45:06.898 W/System.err( 7924): 	at com.android.okhttp.internal.http.HttpEngine.connect(HttpEngine.java:276)
07-05 22:45:06.898 W/System.err( 7924): 	at com.android.okhttp.internal.http.HttpEngine.sendRequest(HttpEngine.java:211)
07-05 22:45:06.898 W/System.err( 7924): 	at com.android.okhttp.internal.http.HttpURLConnectionImpl.execute(HttpURLConnectionImpl.java:382)
07-05 22:45:06.898 W/System.err( 7924): 	at com.android.okhttp.internal.http.HttpURLConnectionImpl.connect(HttpURLConnectionImpl.java:106)
07-05 22:45:06.898 W/System.err( 7924): 	at com.hisense.hitv.hicloud.util.ExceptionReport.a(ExceptionReport.java:337)
07-05 22:45:06.898 W/System.err( 7924): 	at com.hisense.hitv.hicloud.util.ExceptionReport.a(ExceptionReport.java:39)
07-05 22:45:06.898 W/System.err( 7924): 	at com.hisense.hitv.hicloud.util.ExceptionReport$1.run(ExceptionReport.java:83)
07-05 22:45:06.898 W/System.err( 7924): 	at java.lang.Thread.run(Thread.java:818)
07-05 22:45:06.898 W/System.err( 7924): Caused by: android.system.ErrnoException: isConnected failed: ECONNREFUSED (Connection refused)
07-05 22:45:06.899 W/System.err( 7924): 	at libcore.io.IoBridge.isConnected(IoBridge.java:223)
07-05 22:45:06.899 W/System.err( 7924): 	... 15 more
07-05 22:45:06.941 D/PowerManagerService( 1733): acquireWakeLockInternal: lock=113832109, flags=0x1, tag="NetworkStats", ws=null, uid=1000, pid=1733
07-05 22:45:06.941 D/PowerManagerNotifier( 1733): onWakeLockAcquired: flags=1, tag="NetworkStats", packageName=android, ownerUid=1000, ownerPid=1733, workSource=null
07-05 22:45:06.941 D/NtpTrustedTime( 1733): currentTimeMillis() cache hit
07-05 22:45:06.954 D/NtpTrustedTime( 1733): currentTimeMillis() cache hit
07-05 22:45:06.959 D/NtpTrustedTime( 1733): currentTimeMillis() cache hit
07-05 22:45:06.959 D/NtpTrustedTime( 1733): currentTimeMillis() cache hit
07-05 22:45:06.960 D/PowerManagerService( 1733): releaseWakeLockInternal: lock=113832109 [NetworkStats], flags=0x0
07-05 22:45:06.960 D/PowerManagerNotifier( 1733): onWakeLockReleased: flags=1, tag="NetworkStats", packageName=android, ownerUid=1000, ownerPid=1733, workSource=null
07-05 22:45:06.984 D/MC_MEMORY(16055): max: 256.261888 Mb, heap: 10.10778 Mb, allocated: 8.8989 Mb, free: 1.1790 Mb, native heap: 12.12276 Mb, native allocated: 8.8371 Mb, native free: 3.3905 Mb
07-05 22:45:07.062 I/MyFragmentStateAdapter( 7924): getCount
07-05 22:45:07.095 I/TVMW@HsTvSetting( 1234): Trace cmd, data = 0x1058
07-05 22:45:07.099 D/til@system( 2026): til_get_system_param option:100002F int:0, bool:0, ret:0
07-05 22:45:07.099 I/TVMW@HsTvSetting( 1234): Trace cmd, data = 0x101f
07-05 22:45:07.100 D/til@system( 2026): til_get_system_param option:100001D int:3, bool:3, ret:0
07-05 22:45:07.101 E/til     ( 2026): [til_get_current_input_source, 101] 
07-05 22:45:07.101 I/TVMW@HsTvSetting( 1234): Trace cmd, data = 0x7007
07-05 22:45:07.101 I/tilwrapper@sm( 2026): HS2TIL_SourceType *hs=0xd, *til=0x900
07-05 22:45:07.101 D/til     ( 2026): get current source 2304
07-05 22:45:07.101 D/SourceRemoteServiceHandler( 2026): getCurrentInputSource.from.til.result is 0, value is 2304
07-05 22:45:07.101 D/SourceRemoteServiceHandler( 2026): getInputSourceType source: 0x900, type=2304
07-05 22:45:07.101 D/til     ( 2026): ###### func:til_get_picture_param option:0x3000006 ######  
07-05 22:45:07.101 I/TVMW@HsTvSetting( 1234): Trace cmd, data = 0x1003
07-05 22:45:07.105 I/TVMW@HsTvSetting( 1234): Trace cmd, data = 0x8032
07-05 22:45:07.106 I/hstvos  ( 1216): [0m[1;33m[HSHAL][HS_VIDEO][HS_HAL_Video_SetOsdDetect_v2][2389]u16Threshold = 20
07-05 22:45:07.109 E/TVMW@videoctrl( 1234):  getOsd is 1
07-05 22:45:07.109 D/til@system( 2026): til_get_system_param option:1000027 int:1, bool:1, ret:0
07-05 22:45:07.110 D/til     ( 2026): ###### func:til_get_picture_param option:0x3000045 ######  
07-05 22:45:07.112 D/NativeDecimalFormat( 3457): NativeDecimalFormat_close print addr=3490145536
07-05 22:45:07.113 D/NativeDecimalFormat( 3457): NativeDecimalFormat_close print g_addr=3490145536
07-05 22:45:07.113 I/TVMW@HsTvSetting( 1234): Trace cmd, data = 0x300c
07-05 22:45:07.113 I/TVMW@HsTvSetting( 1234): Trace 3d, data = 0x300c
07-05 22:45:07.114 I/TVMW@3d ( 1234): Hs_debug3d_trace: func:get3dStatus, line:109
07-05 22:45:07.127 I/MyFragmentStateAdapter( 7924): getCount
07-05 22:45:07.162 I/MyFragmentStateAdapter( 7924): getCount
07-05 22:45:07.189 I/MyFragmentStateAdapter( 7924): getCount
07-05 22:45:07.221 I/MyFragmentStateAdapter( 7924): getCount
07-05 22:45:07.257 I/MyFragmentStateAdapter( 7924): getCount
07-05 22:45:07.301 D/IntertrustDRMManager( 7924): [TID 8090] wasabi runtime initialized success.
07-05 22:45:07.313 I/MyFragmentStateAdapter( 7924): getCount
07-05 22:45:07.319 I/NetflixMonitorService( 1733): current fgapk : com.hisense.hicloud.edca
07-05 22:45:07.319 I/NetflixMonitorService( 1733): Netflix status unchanged
07-05 22:45:07.334 I/MyFragmentStateAdapter( 7924): getCount
07-05 22:45:07.361 I/MyFragmentStateAdapter( 7924): getCount
07-05 22:45:07.370 I/MiSysSrv( 1214): [37m[INFO] Change to Voltage: 112 mv (0x2D)[m
07-05 22:45:07.388 I/MyFragmentStateAdapter( 7924): getCount
07-05 22:45:07.422 I/MyFragmentStateAdapter( 7924): getCount
07-05 22:45:07.422 D/PowerManagerService( 1733): acquireWakeLockInternal: lock=113832109, flags=0x1, tag="NetworkStats", ws=null, uid=1000, pid=1733
07-05 22:45:07.424 D/PowerManagerNotifier( 1733): onWakeLockAcquired: flags=1, tag="NetworkStats", packageName=android, ownerUid=1000, ownerPid=1733, workSource=null
07-05 22:45:07.425 D/NtpTrustedTime( 1733): currentTimeMillis() cache hit
07-05 22:45:07.434 D/NtpTrustedTime( 1733): currentTimeMillis() cache hit
07-05 22:45:07.438 D/NtpTrustedTime( 1733): currentTimeMillis() cache hit
07-05 22:45:07.438 D/NtpTrustedTime( 1733): currentTimeMillis() cache hit
07-05 22:45:07.438 D/PowerManagerService( 1733): releaseWakeLockInternal: lock=113832109 [NetworkStats], flags=0x0
07-05 22:45:07.438 D/PowerManagerNotifier( 1733): onWakeLockReleased: flags=1, tag="NetworkStats", packageName=android, ownerUid=1000, ownerPid=1733, workSource=null
07-05 22:45:07.455 I/MyFragmentStateAdapter( 7924): getCount
07-05 22:45:07.484 I/MyFragmentStateAdapter( 7924): getCount
07-05 22:45:07.523 I/MyFragmentStateAdapter( 7924): getCount
07-05 22:45:07.543 I/MyFragmentStateAdapter( 7924): getCount
07-05 22:45:07.569 I/MiSysSrv( 1214): [37m[INFO] Change to Voltage: 102 mv (0x23)[m
07-05 22:45:07.574 I/MyFragmentStateAdapter( 7924): getCount
07-05 22:45:07.592 E/MessageService(15912): MSG_PULL +!MessageServiceApplication.mApp.ismUsingDB()true
07-05 22:45:07.610 I/MyFragmentStateAdapter( 7924): getCount
07-05 22:45:07.614 E/btif_config( 2964): [btif_config_get] node is TRUE!
07-05 22:45:07.614 E/btif_config( 2964): [btif_config_get] ret is TRUE!
07-05 22:45:07.615 I/TVMW@HsTvSetting( 1234): Trace cmd, data = 0x1058
07-05 22:45:07.615 D/til@system( 2026): til_get_system_param option:100002F int:0, bool:0, ret:0
07-05 22:45:07.615 I/TVMW@HsTvSetting( 1234): Trace cmd, data = 0x101f
07-05 22:45:07.615 D/til@system( 2026): til_get_system_param option:100001D int:3, bool:3, ret:0
07-05 22:45:07.615 E/til     ( 2026): [til_get_current_input_source, 101] 
07-05 22:45:07.616 I/TVMW@HsTvSetting( 1234): Trace cmd, data = 0x7007
07-05 22:45:07.616 I/tilwrapper@sm( 2026): HS2TIL_SourceType *hs=0xd, *til=0x900
07-05 22:45:07.616 D/til     ( 2026): get current source 2304
07-05 22:45:07.616 D/SourceRemoteServiceHandler( 2026): getCurrentInputSource.from.til.result is 0, value is 2304
07-05 22:45:07.616 D/SourceRemoteServiceHandler( 2026): getInputSourceType source: 0x900, type=2304
07-05 22:45:07.616 D/til     ( 2026): ###### func:til_get_picture_param option:0x3000006 ######  
07-05 22:45:07.616 I/TVMW@HsTvSetting( 1234): Trace cmd, data = 0x1003
07-05 22:45:07.617 I/TVMW@HsTvSetting( 1234): Trace cmd, data = 0x8032
07-05 22:45:07.617 I/hstvos  ( 1216): [0m[1;33m[HSHAL][HS_VIDEO][HS_HAL_Video_SetOsdDetect_v2][2389]u16Threshold = 20
07-05 22:45:07.618 E/TVMW@videoctrl( 1234):  getOsd is 1
07-05 22:45:07.618 D/til@system( 2026): til_get_system_param option:1000027 int:1, bool:1, ret:0
07-05 22:45:07.619 D/til     ( 2026): ###### func:til_get_picture_param option:0x3000045 ######  
07-05 22:45:07.619 I/TVMW@HsTvSetting( 1234): Trace cmd, data = 0x300c
07-05 22:45:07.619 I/TVMW@HsTvSetting( 1234): Trace 3d, data = 0x300c
07-05 22:45:07.619 I/TVMW@3d ( 1234): Hs_debug3d_trace: func:get3dStatus, line:109
07-05 22:45:07.651 I/MyFragmentStateAdapter( 7924): getCount
07-05 22:45:07.664 I/TVMW@devctrl( 1234): wdt
07-05 22:45:07.667 D/GlobalInputEventMonitoringService( 1733): interceptKeyBeforeQueueing(), event:22, mNeedMonitorKeyEvent:true, mWaitForKeyUpEvent:false
07-05 22:45:07.667 D/GlobalInputEventMonitoringService( 1733): processKeyEvent(), processKeyEvent event:22
07-05 22:45:07.668 D/WindowManager( 1733): interceptKeyTq keycode=22 interactive=true keyguardActive=false policyFlags=2b000000 isCancled= false
07-05 22:45:07.668 D/PowerManagerService( 1733): userActivityNoUpdateLocked: eventTime=14749238, event=1, flags=0x0, uid=1000
07-05 22:45:07.668 D/WindowManager( 1733): interceptKeyTi keyCode=22 down=true repeatCount=0 keyguardOn=false mHomePressed=false canceled=false
07-05 22:45:07.669 D/WindowManager( 1733): Hisense systemkey event: 22
07-05 22:45:07.669 D/HisenseGlobalKeyManager( 1733): handleGlobalKey() : Global event = KeyEvent { action=ACTION_DOWN, keyCode=KEYCODE_DPAD_RIGHT, scanCode=0, metaState=0, flags=0x0, repeatCount=0, eventTime=14749238, downTime=14749238, deviceId=-1, source=0x101 }
07-05 22:45:07.695 D/SogouIME( 2203): [onKeyDown] keycode = 22 model = VIDAA_TV
07-05 22:45:07.698 I/MyFragmentStateAdapter( 7924): getCount
07-05 22:45:07.701 E/MessageService(15912): MSG_PULL ... getMsg null or error
07-05 22:45:07.714 E/MessageService(15912): MSG_PULL +!MessageServiceApplication.mApp.ismUsingDB()true
07-05 22:45:07.718 D/Carousel-CarouselDisplayPlayerLayout( 7924): HasFocus:false,keyCode:22
07-05 22:45:07.718 D/Carousel-CarouselDisplayPlayerLayout( 7924): isFullScreen:false
07-05 22:45:07.721 I/HomeMainActivity( 7924): carousel handle key:false
07-05 22:45:07.721 I/MainHomeView( 7924): dispatchKeyEvent ACTION_DOWN now 
07-05 22:45:07.722 D/MSTAR_VDEC_DBG( 1206): Stream ID: 0, Rate : 24 (E:0,D:0,S:0,F:44) 
07-05 22:45:07.731 I/TabView ( 7924): onKeyListener() ACTION_DOWN keyCode -- 22
07-05 22:45:07.731 I/SoftFragmentList( 7924): fetchCacheFragment  enter ---- index = 2
07-05 22:45:07.731 D/SoftFragmentList( 7924): fetchCacheFragment  mFragmentCache.size() = 3
07-05 22:45:07.731 D/SoftFragmentList( 7924): fetchCacheFragment mLastIndex = 2, view = 
07-05 22:45:07.731 I/BaseContentFragment( 7924): initChildFocustrue,recyclerview=com.hisense.leanback.widget.VerticalGridView{33bf0bd1 VFED.... ........ 0,0-1768,1080 #7f0d02c8 app:id/recyclerview_content}====---mIsVisibleToUser:true-------
07-05 22:45:07.745 D/til@system( 2026): til_get_system_param option:1000007 int:-1936522368, bool:128, ret:0
07-05 22:45:07.748 D/til@system( 2026): til_get_system_param option:1000009 int:-1936522112, bool:128, ret:0
07-05 22:45:07.751 D/til@system( 2026): til_get_system_param option:1000008 int:-1815632896, bool:0, ret:0
07-05 22:45:07.752 D/HiSDKLogReport( 7924): getOperationDetail-productName : LED50MU8600UC
07-05 22:45:07.752 D/HiSDKLogReport( 7924): getOperationDetail-plmNumber : 88888
07-05 22:45:07.752 D/HiSDKLogReport( 7924): getOperationDetail-swVersion : V0000.00.01A
07-05 22:45:07.752 D/HiSDKLogReport( 7924): getOperationDetail-operationDetail : LED50MU8600UC0000888
07-05 22:45:07.752 D/HiSDKLogReport( 7924): businessLogReport-log : {eventType=232, APPVersionName=3.0.0.9.00, devid=86100300900000500000060a4818fca8, rowid=-1, uuid=13287129, APIversion=501, eventcode=232000, logversion=2.0, columnid=-1, devType=0, eventPos=000, groupid=-1, ChannelId=0, version=00.002.003, subscriberId=13287129, PFAPPCode=652, tabid=0, softwareVersion=LED50MU8600UC0000888, srceventcode=201000, mac=a8:a6:48:18:fc:a8, accessToken=72DF6038D2AEAB8A76DFBBBBCC428A4A_002856937699982, srctabid=0, APPPackage=com.hisense.hicloud.edca, sessionid=d3d9da44a80c45f6b24d798b6b73fd8e, requesttime=1499265907752, customerId=7195320, model_id=0, requestid=91c23a4fcdb04756a3c1f9c50efd0005, tv_distribute_id=00, APIVersion=600, issysrepo=0}
07-05 22:45:07.753 D/BaseContentFragment( 7924): initChildFocus firstlineview===>:com.hisense.tvui.newhome.view.SpecialFirstView{2751ed1d V.E..... ........ 10,185-1748,691}
07-05 22:45:07.753 D/setHistoryRequestFocus( 7924): ===>false
07-05 22:45:07.758 I/FirstlineLayoutManager( 7924): left=0,width=1738,scroll Distance=-1488
07-05 22:45:07.762 I/BaseContentFragment( 7924): setRowViewSelectedViewHolder{3a1c5f8a position=0 id=-1, oldPos=-1, pLpos:-1},isSelectedfalse
07-05 22:45:07.762 I/BaseContentFragment( 7924): setRowViewSelectedViewHolder{1cfaf3e1 position=1 id=-1, oldPos=-1, pLpos:-1},isSelectedtrue
07-05 22:45:07.762 I/RoleContentFragment( 7924): onChildSelected:1,lastPos=0
07-05 22:45:07.763 W/System.err( 7924): java.net.ConnectException: failed to connect to /10.18.210.112 (port 8900) after 6000ms: isConnected failed: ECONNREFUSED (Connection refused)
07-05 22:45:07.763 W/System.err( 7924): 	at libcore.io.IoBridge.isConnected(IoBridge.java:238)
07-05 22:45:07.763 W/System.err( 7924): 	at libcore.io.IoBridge.connectErrno(IoBridge.java:171)
07-05 22:45:07.763 W/System.err( 7924): 	at libcore.io.IoBridge.connect(IoBridge.java:122)
07-05 22:45:07.763 W/System.err( 7924): 	at java.net.PlainSocketImpl.connect(PlainSocketImpl.java:183)
07-05 22:45:07.763 W/System.err( 7924): 	at java.net.PlainSocketImpl.connect(PlainSocketImpl.java:456)
07-05 22:45:07.763 W/System.err( 7924): 	at java.net.Socket.connect(Socket.java:882)
07-05 22:45:07.763 W/System.err( 7924): 	at com.android.okhttp.internal.Platform.connectSocket(Platform.java:174)
07-05 22:45:07.763 W/System.err( 7924): 	at com.android.okhttp.Connection.connect(Connection.java:152)
07-05 22:45:07.763 W/System.err( 7924): 	at com.android.okhttp.internal.http.HttpEngine.connect(HttpEngine.java:276)
07-05 22:45:07.763 W/System.err( 7924): 	at com.android.okhttp.internal.http.HttpEngine.sendRequest(HttpEngine.java:211)
07-05 22:45:07.763 W/System.err( 7924): 	at com.android.okhttp.internal.http.HttpURLConnectionImpl.execute(HttpURLConnectionImpl.java:382)
07-05 22:45:07.763 W/System.err( 7924): 	at com.android.okhttp.internal.http.HttpURLConnectionImpl.connect(HttpURLConnectionImpl.java:106)
07-05 22:45:07.763 W/System.err( 7924): 	at com.hisense.hitv.hicloud.util.ExceptionReport.a(ExceptionReport.java:337)
07-05 22:45:07.763 W/System.err( 7924): 	at com.hisense.hitv.hicloud.util.ExceptionReport.a(ExceptionReport.java:39)
07-05 22:45:07.763 W/System.err( 7924): 	at com.hisense.hitv.hicloud.util.ExceptionReport$1.run(ExceptionReport.java:83)
07-05 22:45:07.763 W/System.err( 7924): 	at java.lang.Thread.run(Thread.java:818)
07-05 22:45:07.764 W/System.err( 7924): Caused by: android.system.ErrnoException: isConnected failed: ECONNREFUSED (Connection refused)
07-05 22:45:07.764 W/System.err( 7924): 	at libcore.io.IoBridge.isConnected(IoBridge.java:223)
07-05 22:45:07.764 W/System.err( 7924): 	... 15 more
07-05 22:45:07.773 I/TabView ( 7924): onfocuschange:false
07-05 22:45:07.773 D/TabView ( 7924): icon---:2
07-05 22:45:07.773 E/TabView ( 7924): 
07-05 22:45:07.788 E/MessageService(15912): MSG_PULL ... getMsg null or error
07-05 22:45:07.798 D/CommonHeader( 7924): onTabStatusChanged tabstatus===>:40000
07-05 22:45:07.799 E/MessageService(15912): MSG_PULL +!MessageServiceApplication.mApp.ismUsingDB()true
07-05 22:45:07.820 D/HttpHandler( 7924): VerifySignInterCeptor-->request.url()=http://picture.edu.hismarttv.com/images/20170628121925625089.png
07-05 22:45:07.820 D/HttpHandler( 7924): VerifySignInterCeptor-->hostname=picture.edu.hismarttv.com
07-05 22:45:07.835 I/MyFragmentStateAdapter( 7924): getCount
07-05 22:45:07.838 D/OkHttp  ( 7924): --> GET http://picture.edu.hismarttv.com/images/20170628121925625089.png http/1.1
07-05 22:45:07.839 D/GlobalInputEventMonitoringService( 1733): interceptKeyBeforeQueueing(), event:22, mNeedMonitorKeyEvent:true, mWaitForKeyUpEvent:false
07-05 22:45:07.839 D/GlobalInputEventMonitoringService( 1733): processKeyEvent(), processKeyEvent event:22
07-05 22:45:07.839 D/WindowManager( 1733): interceptKeyTq keycode=22 interactive=true keyguardActive=false policyFlags=2b000000 isCancled= false
07-05 22:45:07.839 D/OkHttp  ( 7924): Host: picture.edu.hismarttv.com
07-05 22:45:07.839 D/WindowManager( 1733): interceptKeyTi keyCode=22 down=false repeatCount=0 keyguardOn=false mHomePressed=false canceled=false
07-05 22:45:07.839 D/OkHttp  ( 7924): Connection: Keep-Alive
07-05 22:45:07.839 D/OkHttp  ( 7924): Accept-Encoding: gzip
07-05 22:45:07.839 D/OkHttp  ( 7924): User-Agent: okhttp/3.6.0
07-05 22:45:07.839 D/OkHttp  ( 7924): --> END GET
07-05 22:45:07.839 D/WindowManager( 1733): Hisense systemkey event: 22
07-05 22:45:07.840 D/HisenseGlobalKeyManager( 1733): handleGlobalKey() : Global event = KeyEvent { action=ACTION_UP, keyCode=KEYCODE_DPAD_RIGHT, scanCode=0, metaState=0, flags=0x0, repeatCount=0, eventTime=14749238, downTime=14749238, deviceId=-1, source=0x101 }
07-05 22:45:07.860 D/OkHttp  ( 7924): <-- 200 OK http://picture.edu.hismarttv.com/images/20170628121925625089.png (20ms)
07-05 22:45:07.860 D/OkHttp  ( 7924): Date: Tue, 04 Jul 2017 02:30:14 GMT
07-05 22:45:07.860 D/OkHttp  ( 7924): Server: nginx
07-05 22:45:07.860 D/OkHttp  ( 7924): Content-Type: image/png
07-05 22:45:07.860 D/OkHttp  ( 7924): Content-Length: 3689
07-05 22:45:07.860 D/OkHttp  ( 7924): Last-Modified: Wed, 28 Jun 2017 12:19:25 GMT
07-05 22:45:07.860 D/OkHttp  ( 7924): ETag: "59539ecd-e69"
07-05 22:45:07.860 D/OkHttp  ( 7924): Accept-Ranges: bytes
07-05 22:45:07.860 D/OkHttp  ( 7924): Age: 130493
07-05 22:45:07.860 D/OkHttp  ( 7924): Via: 1.1 jnwt241:0 (Cdn Cache Server V2.0)[13 200 0], 1.1 anwangtong101:2 (Cdn Cache Server V2.0)[0 200 0]
07-05 22:45:07.860 D/OkHttp  ( 7924): Connection: keep-alive
07-05 22:45:07.860 D/OkHttp  ( 7924): <-- END HTTP
07-05 22:45:07.863 D/TabView ( 7924): 
07-05 22:45:07.864 D/TabView ( 7924): 
07-05 22:45:07.865 D/TabView ( 7924): 
07-05 22:45:07.866 D/TabView ( 7924): 
07-05 22:45:07.867 D/TabView ( 7924): 
07-05 22:45:07.868 D/TabView ( 7924): 
07-05 22:45:07.870 D/TabView ( 7924): 
07-05 22:45:07.871 D/HttpHandler( 7924): RetryIntercepter-->retryNum=0
07-05 22:45:07.871 D/HttpHandler( 7924): RetryIntercepter-->backoffmutiplier=0
07-05 22:45:07.871 D/TabView ( 7924): 
07-05 22:45:07.872 D/TabView ( 7924): 
07-05 22:45:07.873 E/btif_config( 2964): [btif_config_get] node is TRUE!
07-05 22:45:07.873 E/btif_config( 2964): [btif_config_get] ret is TRUE!
07-05 22:45:07.874 D/TabView ( 7924): 
07-05 22:45:07.875 D/TabView ( 7924): 
07-05 22:45:07.876 D/TabView ( 7924): 
07-05 22:45:07.878 D/TabView ( 7924): 
07-05 22:45:07.879 D/TabView ( 7924): 
07-05 22:45:07.880 D/TabView ( 7924): 
07-05 22:45:07.882 D/TabView ( 7924): 
07-05 22:45:07.883 I/MyFragmentStateAdapter( 7924): getCount
07-05 22:45:07.883 I/MyFragmentStateAdapter( 7924): getCount
07-05 22:45:07.884 D/TabView ( 7924): 
07-05 22:45:07.885 D/TabView ( 7924): 
07-05 22:45:07.895 D/TabView ( 7924): 
07-05 22:45:07.896 D/TabView ( 7924): 
07-05 22:45:07.897 D/TabView ( 7924): 
07-05 22:45:07.899 D/TabView ( 7924): 
07-05 22:45:07.901 D/TabView ( 7924): 
07-05 22:45:07.903 D/TabView ( 7924): 
07-05 22:45:07.905 D/TabView ( 7924): 
07-05 22:45:07.906 D/TabView ( 7924): 
07-05 22:45:07.907 D/TabView ( 7924): 
07-05 22:45:07.909 D/TabView ( 7924): 
07-05 22:45:07.910 D/TabView ( 7924): 
07-05 22:45:07.909 E/MessageService(15912): MSG_PULL ... getMsg null or error
07-05 22:45:07.911 D/TabView ( 7924): 
07-05 22:45:07.912 D/TabView ( 7924): 
07-05 22:45:07.914 D/TabView ( 7924): 
07-05 22:45:07.914 I/MyFragmentStateAdapter( 7924): getCount
07-05 22:45:07.915 I/MyFragmentStateAdapter( 7924): getCount
07-05 22:45:07.923 I/TabView ( 7924): onScroll:,firstItem=0,visibleCount=6,totalCount=10
07-05 22:45:07.929 D/Carousel-CarouselView( 7924): ============>onScrollChanged hashCode:803079831
07-05 22:45:07.929 D/Carousel-CarouselDisplayPlayerLayout( 7924): isFullScreen:false
07-05 22:45:07.931 I/MainHomeView( 7924): onPanelSlide0.33587787---left196
07-05 22:45:07.943 I/CurrentCarouselView( 7924): onCarouseControlCarouselControlBean{mShoudScroll=true, mActivityHasResume=false, mActivityHasStop=false, mHasTurnGone=false, mHasTurnVisible=false, mChannelId=-1, mSlideOffset=0.33587787, mShouldSelectCenter=false, mTabOpen=false, mHoriPosStatus=None, mVerPosStatus=None, mLevelStatus=None},isPlayingtrue,channelId=0
07-05 22:45:07.943 I/CurrentCarouselView( 7924): is not the current page
07-05 22:45:07.944 I/CurrentCarouselView( 7924): do scroll
07-05 22:45:07.944 D/Carousel-CarouselView( 7924): smoothScroll.
07-05 22:45:07.944 D/Carousel-CarouselDisplayPlayerLayout( 7924): isFullScreen:false
07-05 22:45:07.947 D/TabView ( 7924): onReceiveSlidingOffset ===>:0.33587787
07-05 22:45:07.950 I/MyFragmentStateAdapter( 7924): getCount
07-05 22:45:07.958 D/Carousel-CarouselDisplayPlayerLayout( 7924): HasFocus:false,keyCode:22
07-05 22:45:07.958 D/Carousel-CarouselDisplayPlayerLayout( 7924): isFullScreen:false
07-05 22:45:07.958 I/HomeMainActivity( 7924): carousel handle key:false
07-05 22:45:07.983 V/InputMethodService( 2203): startInput(): editor=android.view.inputmethod.EditorInfo@2d5e3fef
07-05 22:45:07.983 V/InputMethodService( 2203): CALL: onFinishInput
07-05 22:45:07.984 D/PowerManagerService( 1733): acquireWakeLockInternal: lock=113832109, flags=0x1, tag="NetworkStats", ws=null, uid=1000, pid=1733
07-05 22:45:07.984 D/PowerManagerNotifier( 1733): onWakeLockAcquired: flags=1, tag="NetworkStats", packageName=android, ownerUid=1000, ownerPid=1733, workSource=null
07-05 22:45:07.984 D/NtpTrustedTime( 1733): currentTimeMillis() cache hit
07-05 22:45:07.995 I/MainHomeView( 7924): onPanelSlide0.14503817---left171
07-05 22:45:07.996 I/CurrentCarouselView( 7924): onCarouseControlCarouselControlBean{mShoudScroll=true, mActivityHasResume=false, mActivityHasStop=false, mHasTurnGone=false, mHasTurnVisible=false, mChannelId=-1, mSlideOffset=0.14503817, mShouldSelectCenter=false, mTabOpen=false, mHoriPosStatus=None, mVerPosStatus=None, mLevelStatus=None},isPlayingtrue,channelId=0
07-05 22:45:07.996 I/CurrentCarouselView( 7924): is not the current page
07-05 22:45:07.996 I/CurrentCarouselView( 7924): do scroll
07-05 22:45:07.996 D/Carousel-CarouselView( 7924): smoothScroll.
07-05 22:45:07.996 D/Carousel-CarouselDisplayPlayerLayout( 7924): isFullScreen:false
07-05 22:45:07.996 D/TabView ( 7924): onReceiveSlidingOffset ===>:0.14503817
07-05 22:45:07.997 E/SOGOUIME_JNI( 2203): reset
07-05 22:45:08.000 D/Carousel-CarouselDisplayPlayerLayout( 7924): x=399, y=167,w=892,h=536, hashCode=332716236
07-05 22:45:08.000 D/Carousel-CarouselDisplayPlayerLayout( 7924): mX=511, mY=167,mWitdh=892,mHeight=536, hashCode=332716236
07-05 22:45:08.000 D/Carousel-CarouselDisplayPlayerLayout( 7924): changed=true, hashCode=332716236
07-05 22:45:08.001 E/SOGOUIME_JNI( 2203): getCandidates
07-05 22:45:08.001 E/SOGOUIME_JNI( 2203): ime_get_uncommitted_length
07-05 22:45:08.001 E/SOGOUIME_JNI( 2203): getCandidates
07-05 22:45:08.001 D/SogouIME API( 2203): ==============num:32
07-05 22:45:08.001 E/SOGOUIME_JNI( 2203): ime_get_uncommitted_length
07-05 22:45:08.001 D/SogouIME( 2203): mFocusedComponent:30   isHkbEnable:false
07-05 22:45:08.001 E/SOGOUIME_JNI( 2203): ime_get_uncommitted_length
07-05 22:45:08.001 E/SOGOUIME_JNI( 2203): ime_get_committed_length
07-05 22:45:08.001 E/SOGOUIME_JNI( 2203): getComposingInfo
07-05 22:45:08.001 E/SOGOUIME_JNI( 2203): getComposingInfo
07-05 22:45:08.001 E/SOGOUIME_JNI( 2203): getCorrectInfo
07-05 22:45:08.002 E/SOGOUIME_JNI( 2203): getComposingInfo
07-05 22:45:08.003 V/InputMethodService( 2203): CALL: onStartInput
07-05 22:45:08.003 E/SOGOUIME_JNI( 2203): invalidateCommitWordPinyinNative
07-05 22:45:08.003 D/SogouIME( 2203): =====configKeyboard=======:false     false
07-05 22:45:08.003 E/SOGOUIME_JNI( 2203): ime_set_hard_kb_enable
07-05 22:45:08.003 D/Carousel-Utils( 7924): x=399,y=167, width=892,height=536
07-05 22:45:08.004 D/Carousel-CarouselDisplayPlayerLayout( 7924): isFullScreen:false
07-05 22:45:08.004 D/Carousel-CarouselView( 7924): ===========>onScrollStart
07-05 22:45:08.004 D/Carousel-Utils( 7924): displayImage view=android.widget.ImageView{390b4a2 I.ED.... ......ID 0,0-816,460 #7f0d0029 app:id/imageView1}
07-05 22:45:08.005 D/Carousel-Utils( 7924): displayImage url=http://picture.edu.hismarttv.com/images/20170629010146422927.jpg
07-05 22:45:08.005 D/Carousel-Utils( 7924): onResourceReady.
07-05 22:45:08.007 D/NtpTrustedTime( 1733): currentTimeMillis() cache hit
07-05 22:45:08.010 D/Carousel-Utils( 7924): displayImage view=android.widget.ImageView{11f57e59 I.ED.... ........ 0,0-816,460 #7f0d0029 app:id/imageView1}
07-05 22:45:08.010 D/Carousel-Utils( 7924): displayImage url=http://picture.edu.hismarttv.com/images/20170629010146422927.jpg
07-05 22:45:08.013 D/Carousel-Utils( 7924): onResourceReady.
07-05 22:45:08.013 D/NtpTrustedTime( 1733): currentTimeMillis() cache hit
07-05 22:45:08.013 D/NtpTrustedTime( 1733): currentTimeMillis() cache hit
07-05 22:45:08.013 D/PowerManagerService( 1733): releaseWakeLockInternal: lock=113832109 [NetworkStats], flags=0x0
07-05 22:45:08.016 D/PowerManagerNotifier( 1733): onWakeLockReleased: flags=1, tag="NetworkStats", packageName=android, ownerUid=1000, ownerPid=1733, workSource=null
07-05 22:45:08.022 D/Carousel-CarouselDisplayPlayerLayout( 7924): x=399, y=167,w=892,h=536, hashCode=332716236
07-05 22:45:08.022 D/Carousel-CarouselDisplayPlayerLayout( 7924): mX=399, mY=167,mWitdh=892,mHeight=536, hashCode=332716236
07-05 22:45:08.022 D/Carousel-CarouselDisplayPlayerLayout( 7924): changed=false, hashCode=332716236
07-05 22:45:08.022 D/Carousel-CarouselDisplayPlayerLayout( 7924): extraTryCount=0
07-05 22:45:08.040 D/DtvSourcePlugin-DVBC(15961): Setting the EPG Updater state to: WAIT
07-05 22:45:08.065 I/MyFragmentStateAdapter( 7924): getCount
07-05 22:45:08.066 I/MyFragmentStateAdapter( 7924): getCount
07-05 22:45:08.066 I/MyFragmentStateAdapter( 7924): getCount
07-05 22:45:08.066 I/MyFragmentStateAdapter( 7924): getCount
07-05 22:45:08.066 I/Carousel-UrlVideoView( 7924): onMeasure(MeasureSpec: EXACTLY 816, MeasureSpec: EXACTLY 460)
07-05 22:45:08.066 D/Carousel-UrlVideoView( 7924): widthSpecMode=1073741824
07-05 22:45:08.066 D/Carousel-UrlVideoView( 7924): heightSpecMode=1073741824
07-05 22:45:08.066 D/Carousel-UrlVideoView( 7924): widthSpecSize=816
07-05 22:45:08.066 D/Carousel-UrlVideoView( 7924): heightSpecSize=460
07-05 22:45:08.066 I/Carousel-UrlVideoView( 7924): onMeasure(MeasureSpec: EXACTLY 816, MeasureSpec: EXACTLY 460)
07-05 22:45:08.066 D/Carousel-UrlVideoView( 7924): widthSpecMode=1073741824
07-05 22:45:08.066 D/Carousel-UrlVideoView( 7924): heightSpecMode=1073741824
07-05 22:45:08.066 D/Carousel-UrlVideoView( 7924): widthSpecSize=816
07-05 22:45:08.066 D/Carousel-UrlVideoView( 7924): heightSpecSize=460
07-05 22:45:08.069 D/Surface ( 1733): onStatusChange() : mNativeObject = 547942789120 mUseImageHwRender = false
07-05 22:45:08.069 V/Surface ( 1733): nativeSetHardwareRender() : status = 0
07-05 22:45:08.069 V/Surface ( 1733): nativeSetHardwareRender() : end
07-05 22:45:08.071 D/PowerManagerService( 1733): releaseWakeLockInternal: lock=487931605 [WindowManager], flags=0x0
07-05 22:45:08.071 D/PowerManagerNotifier( 1733): onWakeLockReleased: flags=536870922, tag="WindowManager", packageName=android, ownerUid=1000, ownerPid=1733, workSource=WorkSource{10010}
07-05 22:45:08.071 D/PowerManagerService( 1733): userActivityNoUpdateLocked: eventTime=14749643, event=0, flags=0x1, uid=1000
07-05 22:45:08.071 D/PowerManagerService( 1733): setScreenBrightnessOverrideFromWindowManagerInternal done
07-05 22:45:08.072 I/MiSysSrv( 1214): [37m[INFO] Change to Voltage: 117 mv (0x32)[m
07-05 22:45:08.073 D/Surface ( 1733): onStatusChange() : mNativeObject = 0 mUseImageHwRender = false
07-05 22:45:08.080 I/FirstLineAdapter( 7924): canShowTrailer,isOffline=false
07-05 22:45:08.080 I/FirstLineAdapter( 7924): canShowTrailer,isOffline=false
07-05 22:45:08.080 I/FirstLineAdapter( 7924): canShowTrailer,isOffline=false
07-05 22:45:08.080 I/FirstLineAdapter( 7924): canShowTrailer,isOffline=false
07-05 22:45:08.080 I/FirstLineAdapter( 7924): canShowTrailer,isOffline=false
07-05 22:45:08.081 I/FirstLineAdapter( 7924): canShowTrailer,isOffline=false
07-05 22:45:08.081 I/FirstLineAdapter( 7924): canShowTrailer,isOffline=false
07-05 22:45:08.081 I/FirstLineAdapter( 7924): canShowTrailer,isOffline=false
07-05 22:45:08.081 I/FirstLineAdapter( 7924): canShowTrailer,isOffline=false
07-05 22:45:08.081 I/SurfaceView( 7924): Changes: creating=false format=false size=false visible=false left=true top=false
07-05 22:45:08.081 I/SurfaceView( 7924): Cur surface: Surface(name=null)/@0x2b8d8b83
07-05 22:45:08.082 D/Surface ( 1733): onStatusChange() : mNativeObject = 547942746112 mUseImageHwRender = false
07-05 22:45:08.082 V/Surface ( 1733): nativeSetHardwareRender() : status = 0
07-05 22:45:08.082 V/Surface ( 1733): nativeSetHardwareRender() : end
07-05 22:45:08.086 D/PowerManagerService( 1733): setScreenBrightnessOverrideFromWindowManagerInternal done
07-05 22:45:08.090 D/Surface ( 1733): onStatusChange() : mNativeObject = 0 mUseImageHwRender = false
07-05 22:45:08.092 D/Surface ( 7924): onStatusChange() : mNativeObject = -530374144 mUseImageHwRender = false
07-05 22:45:08.092 V/Surface ( 7924): nativeSetHardwareRender() : status = 0
07-05 22:45:08.092 V/Surface ( 7924): nativeSetHardwareRender() : end
07-05 22:45:08.092 I/SurfaceView( 7924): New surface: Surface(name=null)/@0x16188100, vis=true, frame=Rect(437, 205 - 1253, 665)
07-05 22:45:08.092 D/Surface ( 7924): onStatusChange() : mNativeObject = 0 mUseImageHwRender = false
07-05 22:45:08.092 D/Surface ( 7924): onStatusChange() : mNativeObject = -530374144 mUseImageHwRender = false
07-05 22:45:08.092 V/Surface ( 7924): nativeSetHardwareRender() : status = 0
07-05 22:45:08.092 V/Surface ( 7924): nativeSetHardwareRender() : end
07-05 22:45:08.094 V/SurfaceView( 7924): Layout: x=437 y=205 w=816 h=460, frame=Rect(0, 0 - 816, 460)
07-05 22:45:08.096 I/MainHomeView( 7924): onPanelSlide0.022900764---left155
07-05 22:45:08.097 I/CurrentCarouselView( 7924): onCarouseControlCarouselControlBean{mShoudScroll=true, mActivityHasResume=false, mActivityHasStop=false, mHasTurnGone=false, mHasTurnVisible=false, mChannelId=-1, mSlideOffset=0.022900764, mShouldSelectCenter=false, mTabOpen=false, mHoriPosStatus=None, mVerPosStatus=None, mLevelStatus=None},isPlayingtrue,channelId=0
07-05 22:45:08.097 I/CurrentCarouselView( 7924): is not the current page
07-05 22:45:08.097 I/CurrentCarouselView( 7924): do scroll
07-05 22:45:08.097 D/Carousel-CarouselView( 7924): smoothScroll.
07-05 22:45:08.097 D/Carousel-CarouselDisplayPlayerLayout( 7924): isFullScreen:false
07-05 22:45:08.097 D/TabView ( 7924): onReceiveSlidingOffset ===>:0.022900764
07-05 22:45:08.100 I/MyFragmentStateAdapter( 7924): getCount
07-05 22:45:08.107 E/hwcomposer( 1204): Overlay 0 size changeed src {1920 1080} -> {1920, 1080} crop{0.000000 0.000000 1920.000000 1080.000000}->{0.000000 0.000000 1920.000000 1080.000000} dst{549 205 1365 665}->{437 205 1253 665}
07-05 22:45:08.112 D/Carousel-CarouselDisplayPlayerLayout( 7924): x=383, y=167,w=892,h=536, hashCode=332716236
07-05 22:45:08.112 D/Carousel-CarouselDisplayPlayerLayout( 7924): mX=399, mY=167,mWitdh=892,mHeight=536, hashCode=332716236
07-05 22:45:08.112 D/Carousel-CarouselDisplayPlayerLayout( 7924): changed=true, hashCode=332716236
07-05 22:45:08.112 D/Carousel-Utils( 7924): x=383,y=167, width=892,height=536
07-05 22:45:08.116 D/Carousel-CarouselDisplayPlayerLayout( 7924): x=383, y=167,w=892,h=536, hashCode=332716236
07-05 22:45:08.116 D/Carousel-CarouselDisplayPlayerLayout( 7924): mX=383, mY=167,mWitdh=892,mHeight=536, hashCode=332716236
07-05 22:45:08.116 D/Carousel-CarouselDisplayPlayerLayout( 7924): changed=false, hashCode=332716236
07-05 22:45:08.116 D/Carousel-CarouselDisplayPlayerLayout( 7924): extraTryCount=0
