07-05 21:19:38.632 D/HttpHandler(25549): VerifySignInterCeptor-->request.url()=http://api.edu.hismarttv.com/payment/api/query/user_type/dialog_info?orderType=0&uuid=13287129&mac=a8:a6:48:18:fc:a8&devid=86100300900000500000060a4818fca8&version=00.002.003&subscriberId=13287129&customerId=7195320&model_id=0&APPPackage=com.hisense.hicloud.edca&PFAPPCode=652&APPVersionName=3.0.0.9.00&ChannelId=0&softwareVersion=LED50MU8600UC0000888&tv_distribute_id=00&devType=0&APIVersion=600&accessToken=72DF6038D2AEAB8A76DFBBBBCC428A4A_003720964096821
07-05 21:19:38.632 D/HttpHandler(25549): VerifySignInterCeptor-->hostname=api.edu.hismarttv.com
07-05 21:19:38.633 D/HttpHandler(25549): HttpDNS-->hostname=api.edu.hismarttv.com
07-05 21:19:38.635 D/HttpHandler(25549): RAMCache-->hostInfo.getClientTimeStamp()=9616310
07-05 21:19:38.635 D/HttpHandler(25549): RAMCache-->hostInfo.getTtl()=3600
07-05 21:19:38.635 D/HttpHandler(25549): RAMCache-->SystemClock.elapsedRealtime()=9620206
07-05 21:19:38.638 D/HttpHandler(25549): DNSHelper-->gslbDns=["123.103.91.123"]
07-05 21:19:38.651 I/UsageStatsService( 1733): User[0] Flushing usage stats to disk
07-05 21:19:38.654 D/OkHttp  (25549): --> GET http://picture.edu.hismarttv.com/images/20170628115357740238.png http/1.1
07-05 21:19:38.654 D/OkHttp  (25549): Host: picture.edu.hismarttv.com
07-05 21:19:38.654 D/OkHttp  (25549): Connection: Keep-Alive
07-05 21:19:38.654 D/OkHttp  (25549): Accept-Encoding: gzip
07-05 21:19:38.654 D/OkHttp  (25549): User-Agent: okhttp/3.6.0
07-05 21:19:38.654 D/OkHttp  (25549): --> END GET
07-05 21:19:38.668 D/TabView (25549): 
07-05 21:19:38.672 D/TabView (25549): 
07-05 21:19:38.675 D/TabView (25549): 
07-05 21:19:38.676 D/TabView (25549): 
07-05 21:19:38.678 D/TabView (25549): 
07-05 21:19:38.683 D/TabView (25549): 
07-05 21:19:38.689 D/TabView (25549): 
07-05 21:19:38.690 D/OkHttp  (25549): <-- 200 OK http://picture.edu.hismarttv.com/images/20170628111729989045.png (79ms)
07-05 21:19:38.690 D/OkHttp  (25549): Date: Tue, 04 Jul 2017 02:30:09 GMT
07-05 21:19:38.690 D/OkHttp  (25549): Server: nginx
07-05 21:19:38.690 D/OkHttp  (25549): Content-Type: image/png
07-05 21:19:38.690 D/OkHttp  (25549): Content-Length: 2752
07-05 21:19:38.690 D/OkHttp  (25549): Last-Modified: Wed, 28 Jun 2017 11:17:29 GMT
07-05 21:19:38.690 D/OkHttp  (25549): ETag: "59539049-ac0"
07-05 21:19:38.690 D/OkHttp  (25549): Accept-Ranges: bytes
07-05 21:19:38.690 D/OkHttp  (25549): Age: 125369
07-05 21:19:38.690 D/OkHttp  (25549): Via: 1.1 zhiwangtong173:3 (Cdn Cache Server V2.0)[13 200 0], 1.1 awt102:9 (Cdn Cache Server V2.0)[0 200 0]
07-05 21:19:38.690 D/OkHttp  (25549): Connection: keep-alive
07-05 21:19:38.690 D/OkHttp  (25549): <-- END HTTP
07-05 21:19:38.693 D/HttpHandler(25549): RetryIntercepter-->retryNum=0
07-05 21:19:38.693 D/HttpHandler(25549): RetryIntercepter-->backoffmutiplier=0
07-05 21:19:38.693 D/TabView (25549): 
07-05 21:19:38.695 D/TabView (25549): 
07-05 21:19:38.696 D/TabView (25549): 
07-05 21:19:38.698 D/HttpHandler(25549): DNSHelper-->httpDnsParser=["220.202.77.124","153.35.175.120","125.46.22.134","218.58.206.58","220.202.77.116","123.128.14.209","153.35.175.121"]
07-05 21:19:38.698 D/TabView (25549): 
07-05 21:19:38.699 D/HttpHandler(25549): VerifySignInterCeptor-->dateType=1
07-05 21:19:38.700 D/TabView (25549): 
07-05 21:19:38.702 D/TabView (25549): 
07-05 21:19:38.703 D/OkHttp  (25549): --> GET http://api.edu.hismarttv.com/payment/api/query/user_type/dialog_info?orderType=0&uuid=13287129&mac=a8:a6:48:18:fc:a8&devid=86100300900000500000060a4818fca8&version=00.002.003&subscriberId=13287129&customerId=7195320&model_id=0&APPPackage=com.hisense.hicloud.edca&PFAPPCode=652&APPVersionName=3.0.0.9.00&ChannelId=0&softwareVersion=LED50MU8600UC0000888&tv_distribute_id=00&devType=0&APIVersion=600&accessToken=72DF6038D2AEAB8A76DFBBBBCC428A4A_003720964096821 http/1.1
07-05 21:19:38.703 D/OkHttp  (25549): Data_Type: JSON
07-05 21:19:38.703 D/OkHttp  (25549): RetryTime: 0
07-05 21:19:38.703 D/OkHttp  (25549): Backoffmutiplier: 0
07-05 21:19:38.703 D/OkHttp  (25549): Host: api.edu.hismarttv.com
07-05 21:19:38.703 D/OkHttp  (25549): Connection: Keep-Alive
07-05 21:19:38.703 D/OkHttp  (25549): Accept-Encoding: gzip
07-05 21:19:38.703 D/OkHttp  (25549): User-Agent: okhttp/3.6.0
07-05 21:19:38.705 D/TabView (25549): 
07-05 21:19:38.708 D/TabView (25549): 
07-05 21:19:38.709 D/OkHttp  (25549): --> END GET
07-05 21:19:38.710 D/HttpHandler(25549): VerifySignInterCeptor-->HttpRequestManager.httpClietOption.getVerifyFlag()=1
07-05 21:19:38.713 D/TabView (25549): 
07-05 21:19:38.714 I/MyFragmentStateAdapter(25549): getCount
07-05 21:19:38.714 I/MyFragmentStateAdapter(25549): getCount
07-05 21:19:38.715 D/TabView (25549): 
07-05 21:19:38.717 D/TabView (25549): 
07-05 21:19:38.721 D/OkHttp  (25549): --> GET http://picture.edu.hismarttv.com/images/20170628111759213347.png http/1.1
07-05 21:19:38.721 D/OkHttp  (25549): Host: picture.edu.hismarttv.com
07-05 21:19:38.721 D/OkHttp  (25549): Connection: Keep-Alive
07-05 21:19:38.721 D/OkHttp  (25549): Accept-Encoding: gzip
07-05 21:19:38.721 D/OkHttp  (25549): User-Agent: okhttp/3.6.0
07-05 21:19:38.721 D/OkHttp  (25549): --> END GET
07-05 21:19:38.721 D/NativeDecimalFormat( 2411): NativeDecimalFormat_close print addr=547943768832
07-05 21:19:38.721 D/NativeDecimalFormat( 2411): NativeDecimalFormat_close print g_addr=547943772672
07-05 21:19:38.721 D/NativeDecimalFormat( 2411): NativeDecimalFormat_close print addr=547943772672
07-05 21:19:38.721 D/NativeDecimalFormat( 2411): NativeDecimalFormat_close print g_addr=547943772672
07-05 21:19:38.722 D/TabView (25549): 
07-05 21:19:38.724 D/TabView (25549): 
07-05 21:19:38.726 D/TabView (25549): 
07-05 21:19:38.728 D/TabView (25549): 
07-05 21:19:38.729 D/TabView (25549): 
07-05 21:19:38.730 D/HttpHandler(25549): VerifySignInterCeptor-->content={"masterViews": [{"navigationId": 10002, "tiles": [{"index": 1, "facets": [{"index": 1, "typeCode": 1002, "grade": null, "title": "\u90d1\u591a\u71d5BodyBall Slim\u5927\u7403\u64cd", "backgroundImages": [{"url": "http://picture.edu.hismarttv.com/images/20161212024038700821.jpg", "mobile_image_icon_url": "http://picture.edu.hismarttv.com/images/20161102023035587534.jpg", "url_horizontal": "http://picture.edu.hismarttv.com/images/20170629033643181276.jpg"}], "id": "38036"}], "width_horizontal": null, "width": null}, {"index": 1, "facets": [{"index": 1, "typeCode": 1002, "grade": null, "title": "\u90d1\u591a\u71d5BodyBall ABS\u6709\u6c27\u64cd", "backgroundImages": [{"url": "http://picture.edu.hismarttv.com/images/20161212022722337765.jpg", "mobile_image_icon_url": "http://picture.edu.hismarttv.com/images/20161102033100773911.jpg", "url_horizontal": "http://picture.edu.hismarttv.com/images/20170629032906301152.jpg"}], "id": "38037"}], "width_horizontal": null, "width": null}, {"index": 1, "facets": [{"index": 1, "typeCode": 1002, "grade": "\u5176\u4ed6", "title": "\u98ce\u5c1a\u5065\u8eab-\u52a8\u611f\u8857\u821e", "backgroundImages": [{"url": null, "mobile_image_icon_url": null, "url_horizontal": "http://picture.edu.hismarttv.com/images/20170629/\u98ce\u5c1a\u5065\u8eab-\u52a8\u611f\u8857\u821e.jpg"}], "id": "8852"}], "width_horizontal": null, "width": null}, {"index": 1, "facets": [{"index": 1, "typeCode": 1002, "grade": null, "title": "\u90d1\u591a\u71d5BodyBall Hip&leg\u57ab\u4e0a\u64cd", "backgroundImages": [{"url": "http://picture.edu.hismarttv.com/images/20161212022759387904.jpg", "mobile_image_icon_url": "http://picture.edu.hismarttv.com/images/20161102032541379768.jpg", "url_horizontal": "http://picture.edu.hismarttv.com/images/20170629033606511137.jpg"}], "id": "38039"}], "width_horizontal": null, "width": null}, {"index": 1, "facets": [{"index": 1, "typeCode": 1002, "grade": null, "title": "\u90d1\u591a\u71d5\u5c0f\u7070\u5e3d\u5065\u8eab\u64cd", "backgroundImages": [{"url": "http://picture.edu.hismarttv.com/images/20161212022539029485.jpg", "mobile_image_icon_url": "http://picture.edu.hismarttv.com/images/20161102021604651091.jpg", "url_horizontal": "http://picture.edu.hismarttv.com/images/20170629/\u90d1\u591a\u71d5\u5c0f\u7070\u5e3d\u5065\u8eab\u64cd.jpg"}], "id": "38033"}], "width_horizontal": null, "width": null}, {"index": 1, "facets": [{"index": 1, "typeCode": 1002, "grade": null, "title": "\u90d1\u591a\u71d5FigureDumb\u54d1\u94c3\u64cd", "backgroundImages": [{"url": "http://picture.edu.hismarttv.com/images/20161212035609771233.jpg", "mobile_image_icon_url": "http://picture.edu.hismarttv.com/images/20161102021824917487.jpg", "url_horizontal": "http://picture.edu.hismarttv.com/images/20170629033936455331.jpg"}], "id": "38034"}], "width_horizontal": null, "width": null}, {"index": 1, "facets": [{"index": 1, "typeCode": 1002, "grade": null, "title": "\u90d1\u591a\u71d5FigureMat\u57ab\u4e0a\u64cd", "backgroundImages": [{"url": "http://picture.edu.hismarttv.com/images/20161212022344417148.jpg", "mobile_image_icon_url": null, "url_horizontal": "http://picture.edu.hismarttv.com/images/20170629033520364415.jpg"}], "id": "38035"}], "width_horizontal": null, "width": null}, {"index": 1, "facets": [{"index": 1, "typeCode": 1002, "grade": null, "title": "\u548c\u5973\u795e\u4e00\u8d77\u5b66\u53e3\u8bed\uff08\u7f51\u7edc\u5267\uff09", "backgroundImages": [{"url": "http://picture.edu.hismarttv.com/images/20170316053549297889.jpg", "mobile_image_icon_url": null, "url_horizontal": null}], "id": "35901"}], "width_horizontal": null, "width": null}, {"index": 1, "facets": [{"index": 1, "typeCode": 1002, "grade": null, "title": "\u770b\u5927\u7247\u5b66\u82f1\u6587\uff08\u7f51\u7edc\u5267\uff09", "backgroundImages": [{"url": "http://picture.edu.hismarttv.com/images/20170316053716559350.jpg", "mobile_image_icon_url": null, "url_horizontal": null}], "id": "35891"}], "width_horizontal": null, "width": null}, {"index": 1, "facets": [{"index": 1, "typeCode": 1002, "
07-05 21:19:38.731 D/TabView (25549): 
07-05 21:19:38.732 D/TabView (25549): 
07-05 21:19:38.735 D/TabView (25549): 
07-05 21:19:38.736 D/TabView (25549): 
07-05 21:19:38.738 D/TabView (25549): 
07-05 21:19:38.740 D/TabView (25549): 
07-05 21:19:38.742 D/TabView (25549): 
07-05 21:19:38.744 D/TabView (25549): 
07-05 21:19:38.746 D/OkHttp  (25549): <-- 200 OK http://api.edu.hismarttv.com/payment/api/query/user_type/dialog_info?orderType=0&uuid=13287129&mac=a8:a6:48:18:fc:a8&devid=86100300900000500000060a4818fca8&version=00.002.003&subscriberId=13287129&customerId=7195320&model_id=0&APPPackage=com.hisense.hicloud.edca&PFAPPCode=652&APPVersionName=3.0.0.9.00&ChannelId=0&softwareVersion=LED50MU8600UC0000888&tv_distribute_id=00&devType=0&APIVersion=600&accessToken=72DF6038D2AEAB8A76DFBBBBCC428A4A_003720964096821 (37ms)
07-05 21:19:38.746 D/OkHttp  (25549): Server: nginx
07-05 21:19:38.746 D/OkHttp  (25549): Date: Wed, 05 Jul 2017 13:19:38 GMT
07-05 21:19:38.746 D/OkHttp  (25549): Content-Type: application/json
07-05 21:19:38.746 D/OkHttp  (25549): Content-Length: 221
07-05 21:19:38.746 D/OkHttp  (25549): Connection: close
07-05 21:19:38.746 D/OkHttp  (25549): <-- END HTTP
07-05 21:19:38.748 D/TabView (25549): 
07-05 21:19:38.748 D/OkHttp  (25549): <-- 200 OK http://picture.edu.hismarttv.com/images/20170628115357740238.png (94ms)
07-05 21:19:38.748 D/OkHttp  (25549): Date: Mon, 03 Jul 2017 10:17:08 GMT
07-05 21:19:38.748 D/OkHttp  (25549): Server: nginx
07-05 21:19:38.748 D/OkHttp  (25549): Content-Type: image/png
07-05 21:19:38.748 D/OkHttp  (25549): Content-Length: 2204
07-05 21:19:38.748 D/OkHttp  (25549): Last-Modified: Wed, 28 Jun 2017 11:53:57 GMT
07-05 21:19:38.748 D/OkHttp  (25549): ETag: "595398d5-89c"
07-05 21:19:38.748 D/OkHttp  (25549): Accept-Ranges: bytes
07-05 21:19:38.748 D/OkHttp  (25549): Age: 183750
07-05 21:19:38.748 D/OkHttp  (25549): Via: 1.1 pingwangtong52:0 (Cdn Cache Server V2.0)[0 200 0], 1.1 t85:4 (Cdn Cache Server V2.0)[72 200 0]
07-05 21:19:38.748 D/OkHttp  (25549): Connection: keep-alive
07-05 21:19:38.748 D/OkHttp  (25549): <-- END HTTP
07-05 21:19:38.750 I/MyFragmentStateAdapter(25549): getCount
07-05 21:19:38.750 I/MyFragmentStateAdapter(25549): getCount
07-05 21:19:38.766 I/TabView (25549): onScroll:,firstItem=0,visibleCount=6,totalCount=10
07-05 21:19:38.768 I/FirstLineAdapter(25549): canShowTrailer,isOffline=false
07-05 21:19:38.768 I/FirstLineAdapter(25549): canShowTrailer,isOffline=false
07-05 21:19:38.768 I/FirstLineAdapter(25549): canShowTrailer,isOffline=false
07-05 21:19:38.768 I/FirstLineAdapter(25549): canShowTrailer,isOffline=false
07-05 21:19:38.768 I/FirstLineAdapter(25549): canShowTrailer,isOffline=false
07-05 21:19:38.769 I/FirstLineAdapter(25549): canShowTrailer,isOffline=false
07-05 21:19:38.769 I/FirstLineAdapter(25549): canShowTrailer,isOffline=false
07-05 21:19:38.772 D/Carousel-CarouselChannelItemView(25549): Listitem imageUrl:http://picture.edu.hismarttv.com/images/20170628102959016598.jpg
07-05 21:19:38.774 D/Carousel-CarouselChannelItemView(25549): Listitem imageUrl:http://picture.edu.hismarttv.com/images/20170628103002814396.jpg
07-05 21:19:38.775 D/Carousel-CarouselChannelItemView(25549): Listitem imageUrl:http://picture.edu.hismarttv.com/images/20170628103009181182.jpg
07-05 21:19:38.776 D/Carousel-CarouselChannelItemView(25549): Listitem imageUrl:http://picture.edu.hismarttv.com/images/20170628102959016598.jpg
07-05 21:19:38.777 D/Carousel-CarouselChannelItemView(25549): Listitem imageUrl:http://picture.edu.hismarttv.com/images/20170628103002814396.jpg
07-05 21:19:38.777 D/HttpHandler(25549): RetryIntercepter-->retryNum=0
07-05 21:19:38.779 D/Carousel-CarouselChannelItemView(25549): Listitem imageUrl:http://picture.edu.hismarttv.com/images/20170628103009181182.jpg
07-05 21:19:38.779 D/HttpHandler(25549): RetryIntercepter-->backoffmutiplier=0
07-05 21:19:38.783 I/FirstLineAdapter(25549): canShowTrailer,isOffline=false
07-05 21:19:38.783 I/FirstLineAdapter(25549): canShowTrailer,isOffline=false
07-05 21:19:38.784 D/Carousel-CarouselView(25549): ============>onScrollChanged hashCode:927448313
07-05 21:19:38.788 I/MyFragmentStateAdapter(25549): getCount
07-05 21:19:38.796 D/gralloc ( 1204): allocate buffer from ION HEAP 0x1
07-05 21:19:38.796 D/gralloc ( 1204): allocate memory from system heap
07-05 21:19:38.804 D/HttpHandler(25549): VerifySignInterCeptor-->request.url()=http://picture.edu.hismarttv.com/images/
07-05 21:19:38.805 D/HttpHandler(25549): VerifySignInterCeptor-->hostname=picture.edu.hismarttv.com
07-05 21:19:38.806 D/OkHttp  (25549): --> GET http://picture.edu.hismarttv.com/images/ http/1.1
07-05 21:19:38.807 D/OkHttp  (25549): Host: picture.edu.hismarttv.com
07-05 21:19:38.807 D/OkHttp  (25549): Connection: Keep-Alive
07-05 21:19:38.807 D/OkHttp  (25549): Accept-Encoding: gzip
07-05 21:19:38.807 D/OkHttp  (25549): User-Agent: okhttp/3.6.0
07-05 21:19:38.807 D/OkHttp  (25549): --> END GET
07-05 21:19:38.814 D/HttpHandler(25549): VerifySignInterCeptor-->request.url()=http://picture.edu.hismarttv.com/images/20170629010146422927.jpg
07-05 21:19:38.814 D/HttpHandler(25549): VerifySignInterCeptor-->hostname=picture.edu.hismarttv.com
07-05 21:19:38.816 D/OkHttp  (25549): --> GET http://picture.edu.hismarttv.com/images/20170629010146422927.jpg http/1.1
07-05 21:19:38.816 D/OkHttp  (25549): Host: picture.edu.hismarttv.com
07-05 21:19:38.816 D/OkHttp  (25549): Connection: Keep-Alive
07-05 21:19:38.816 D/OkHttp  (25549): Accept-Encoding: gzip
07-05 21:19:38.816 D/OkHttp  (25549): User-Agent: okhttp/3.6.0
07-05 21:19:38.816 D/OkHttp  (25549): --> END GET
07-05 21:19:38.820 D/OkHttp  (25549): <-- 200 OK http://picture.edu.hismarttv.com/images/20170628111759213347.png (98ms)
07-05 21:19:38.820 D/OkHttp  (25549): Date: Wed, 05 Jul 2017 12:30:32 GMT
07-05 21:19:38.820 D/OkHttp  (25549): Server: nginx
07-05 21:19:38.820 D/OkHttp  (25549): Content-Type: image/png
07-05 21:19:38.820 D/OkHttp  (25549): Content-Length: 2518
07-05 21:19:38.820 D/OkHttp  (25549): Last-Modified: Wed, 28 Jun 2017 11:17:59 GMT
07-05 21:19:38.820 D/OkHttp  (25549): ETag: "59539067-9d6"
07-05 21:19:38.820 D/OkHttp  (25549): Accept-Ranges: bytes
07-05 21:19:38.820 D/OkHttp  (25549): Age: 2946
07-05 21:19:38.821 D/OkHttp  (25549): Via: 1.1 pingwangtong47:3 (Cdn Cache Server V2.0)[46 200 2], 1.1 hangwangtong56:7 (Cdn Cache Server V2.0)[63 200 0]
07-05 21:19:38.821 D/OkHttp  (25549): Connection: keep-alive
07-05 21:19:38.821 D/OkHttp  (25549): <-- END HTTP
07-05 21:19:38.824 D/HttpHandler(25549): RetryIntercepter-->retryNum=0
07-05 21:19:38.825 D/HttpHandler(25549): RetryIntercepter-->backoffmutiplier=0
07-05 21:19:38.831 D/HttpHandler(25549): RetryIntercepter-->retryNum=0
07-05 21:19:38.831 D/HttpHandler(25549): RetryIntercepter-->backoffmutiplier=0
07-05 21:19:38.833 D/OsdMonitorService( 1733): mCurrentWindow = com.hisense.hicloud.edca/com.hisense.tvui.newhome.HomeMainActivity; newWindow = com.hisense.hicloud.edca/com.hisense.tvui.newhome.HomeMainActivity; isSubWindow = false; isInWinList = false; isExitNow = false
07-05 21:19:38.833 D/OsdMonitorService( 1733): windowNotOsd() : name = com.hisense.hicloud.edca/com.hisense.tvui.newhome.HomeMainActivity
07-05 21:19:38.833 I/OsdMonitorService( 1733): setOsdStatus() : status will change from true to true
07-05 21:19:38.834 D/HttpHandler(25549): VerifySignInterCeptor-->dateType=1
07-05 21:19:38.834 D/HttpHandler(25549): VerifySignInterCeptor-->HttpRequestManager.httpClietOption.getVerifyFlag()=1
07-05 21:19:38.835 D/PowerManagerService( 1733): setScreenBrightnessOverrideFromWindowManagerInternal done
07-05 21:19:38.835 D/HttpHandler(25549): VerifySignInterCeptor-->content={"memberType": 2, "isActivity": 0}
07-05 21:19:38.836 D/Surface (25549): onStatusChange() : mNativeObject = 0 mUseImageHwRender = false
07-05 21:19:38.837 D/OkHttp  (25549): <-- 200 OK http://picture.edu.hismarttv.com/images/20170629010146422927.jpg (21ms)
07-05 21:19:38.837 D/OkHttp  (25549): Date: Mon, 03 Jul 2017 10:17:08 GMT
07-05 21:19:38.837 D/OkHttp  (25549): Server: nginx
07-05 21:19:38.837 D/OkHttp  (25549): Content-Type: image/jpeg
07-05 21:19:38.837 D/OkHttp  (25549): Content-Length: 145373
07-05 21:19:38.838 D/OkHttp  (25549): Last-Modified: Thu, 29 Jun 2017 01:01:46 GMT
07-05 21:19:38.838 D/OkHttp  (25549): ETag: "5954517a-237dd"
07-05 21:19:38.838 D/OkHttp  (25549): Accept-Ranges: bytes
07-05 21:19:38.838 D/OkHttp  (25549): Age: 183750
07-05 21:19:38.838 D/OkHttp  (25549): Via: 1.1 shzh54:1 (Cdn Cache Server V2.0)[12 200 0], 1.1 t86:6 (Cdn Cache Server V2.0)[1 200 0]
07-05 21:19:38.838 D/OkHttp  (25549): Connection: keep-alive
07-05 21:19:38.838 D/OkHttp  (25549): <-- END HTTP
07-05 21:19:38.839 I/TVMW@devctrl( 1234): wdt
07-05 21:19:38.846 D/HttpHandler(25549): RetryIntercepter-->retryNum=0
07-05 21:19:38.846 D/HttpHandler(25549): RetryIntercepter-->backoffmutiplier=0
07-05 21:19:38.852 D/Carousel-MyListView(25549): setSelectionAndPadding position:1
07-05 21:19:38.854 I/TVMW@HsTvSetting( 1234): Trace cmd, data = 0x1058
07-05 21:19:38.854 D/til@system( 2026): til_get_system_param option:100002F int:0, bool:0, ret:0
07-05 21:19:38.854 I/TVMW@HsTvSetting( 1234): Trace cmd, data = 0x101f
07-05 21:19:38.854 D/til@system( 2026): til_get_system_param option:100001D int:3, bool:3, ret:0
07-05 21:19:38.854 E/til     ( 2026): [til_get_current_input_source, 101] 
07-05 21:19:38.854 I/TVMW@HsTvSetting( 1234): Trace cmd, data = 0x7007
07-05 21:19:38.854 I/tilwrapper@sm( 2026): HS2TIL_SourceType *hs=0xd, *til=0x900
07-05 21:19:38.854 D/til     ( 2026): get current source 2304
07-05 21:19:38.854 D/SourceRemoteServiceHandler( 2026): getCurrentInputSource.from.til.result is 0, value is 2304
07-05 21:19:38.854 D/SourceRemoteServiceHandler( 2026): getInputSourceType source: 0x900, type=2304
07-05 21:19:38.854 D/til     ( 2026): ###### func:til_get_picture_param option:0x3000006 ######  
07-05 21:19:38.855 I/TVMW@HsTvSetting( 1234): Trace cmd, data = 0x1003
07-05 21:19:38.855 I/TVMW@HsTvSetting( 1234): Trace cmd, data = 0x8032
07-05 21:19:38.855 I/hstvos  ( 1216): [0m[1;33m[HSHAL][HS_VIDEO][HS_HAL_Video_SetOsdDetect_v2][2389]u16Threshold = 20
07-05 21:19:38.855 E/TVMW@videoctrl( 1234):  getOsd is 1
07-05 21:19:38.856 I/MiSysSrv( 1214): Not support now! 42, change to mm_video!!!
07-05 21:19:38.856 D/HttpHandler(25549): VerifySignInterCeptor-->request.url()=http://picture.edu.hismarttv.com/images/20170628103002814396.jpg
07-05 21:19:38.856 D/HttpHandler(25549): VerifySignInterCeptor-->hostname=picture.edu.hismarttv.com
07-05 21:19:38.856 D/TabFocusBorderView(25549): SLOVEN onAnimationEnd
07-05 21:19:38.857 D/TabView (25549): SLOVEN border top===>:296---407
07-05 21:19:38.858 I/MyFragmentStateAdapter(25549): getCount
07-05 21:19:38.858 I/MyFragmentStateAdapter(25549): getCount
07-05 21:19:38.858 D/OkHttp  (25549): --> GET http://picture.edu.hismarttv.com/images/20170628103002814396.jpg http/1.1
07-05 21:19:38.858 D/OkHttp  (25549): Host: picture.edu.hismarttv.com
07-05 21:19:38.858 D/OkHttp  (25549): Connection: Keep-Alive
07-05 21:19:38.858 D/OkHttp  (25549): Accept-Encoding: gzip
07-05 21:19:38.858 D/OkHttp  (25549): User-Agent: okhttp/3.6.0
07-05 21:19:38.858 D/OkHttp  (25549): --> END GET
07-05 21:19:38.858 D/til@system( 2026): til_get_system_param option:1000027 int:1, bool:1, ret:0
07-05 21:19:38.858 D/til     ( 2026): ###### func:til_get_picture_param option:0x3000045 ######  
07-05 21:19:38.859 I/TVMW@HsTvSetting( 1234): Trace cmd, data = 0x300c
07-05 21:19:38.859 I/TVMW@HsTvSetting( 1234): Trace 3d, data = 0x300c
07-05 21:19:38.859 I/TVMW@3d ( 1234): Hs_debug3d_trace: func:get3dStatus, line:109
07-05 21:19:38.859 I/MyFragmentStateAdapter(25549): getCount
07-05 21:19:38.859 I/MyFragmentStateAdapter(25549): getCount
07-05 21:19:38.860 I/TabView (25549): onScroll:,firstItem=0,visibleCount=6,totalCount=10
07-05 21:19:38.860 I/FirstLineAdapter(25549): canShowTrailer,isOffline=false
07-05 21:19:38.860 I/FirstLineAdapter(25549): canShowTrailer,isOffline=false
07-05 21:19:38.860 I/FirstLineAdapter(25549): canShowTrailer,isOffline=false
07-05 21:19:38.860 I/FirstLineAdapter(25549): canShowTrailer,isOffline=false
07-05 21:19:38.860 I/FirstLineAdapter(25549): canShowTrailer,isOffline=false
07-05 21:19:38.860 I/FirstLineAdapter(25549): canShowTrailer,isOffline=false
07-05 21:19:38.860 I/FirstLineAdapter(25549): canShowTrailer,isOffline=false
07-05 21:19:38.860 D/Carousel-CarouselChannelItemView(25549): Listitem imageUrl:http://picture.edu.hismarttv.com/images/20170628102959016598.jpg
07-05 21:19:38.861 D/Carousel-CarouselChannelItemView(25549): Listitem imageUrl:http://picture.edu.hismarttv.com/images/20170628103002814396.jpg
07-05 21:19:38.862 D/Carousel-CarouselChannelItemView(25549): Listitem imageUrl:http://picture.edu.hismarttv.com/images/20170628103009181182.jpg
07-05 21:19:38.863 D/Carousel-CarouselChannelItemView(25549): Listitem imageUrl:http://picture.edu.hismarttv.com/images/20170628102959016598.jpg
07-05 21:19:38.864 D/Carousel-CarouselChannelItemView(25549): Listitem imageUrl:http://picture.edu.hismarttv.com/images/20170628103002814396.jpg
07-05 21:19:38.865 D/Carousel-CarouselChannelItemView(25549): Listitem imageUrl:http://picture.edu.hismarttv.com/images/20170628103009181182.jpg
07-05 21:19:38.866 I/FirstLineAdapter(25549): canShowTrailer,isOffline=false
07-05 21:19:38.866 I/FirstLineAdapter(25549): canShowTrailer,isOffline=false
07-05 21:19:38.866 D/Carousel-CarouselView(25549): ============>onScrollChanged hashCode:927448313
07-05 21:19:38.869 I/MyFragmentStateAdapter(25549): getCount
07-05 21:19:38.870 D/gralloc ( 1204): allocate buffer from ION HEAP 0x1
07-05 21:19:38.870 D/gralloc ( 1204): allocate memory from system heap
07-05 21:19:38.885 D/HiNetworkImpl(25549): doHttp_Asyn(): onReqResponse isSuccessful = true, back from thread: main
07-05 21:19:38.896 D/OkHttp  (25549): <-- 403 Forbidden http://picture.edu.hismarttv.com/images/ (89ms)
07-05 21:19:38.896 D/OkHttp  (25549): Date: Wed, 05 Jul 2017 13:19:38 GMT
07-05 21:19:38.896 D/OkHttp  (25549): Server: nginx
07-05 21:19:38.901 D/OkHttp  (25549): Content-Type: text/html; charset=UTF-8
07-05 21:19:38.901 D/OkHttp  (25549): Content-Length: 162
07-05 21:19:38.901 D/OkHttp  (25549): Via: 1.1 shuozhou56:0 (Cdn Cache Server V2.0)[37 403 2], 1.1 anwangtong96:0 (Cdn Cache Server V2.0)[73 403 2]
07-05 21:19:38.901 D/OkHttp  (25549): Connection: close
07-05 21:19:38.901 D/OkHttp  (25549): <-- END HTTP
07-05 21:19:38.901 D/HttpHandler(25549): RetryIntercepter-->retryNum=0
07-05 21:19:38.901 D/HttpHandler(25549): RetryIntercepter-->backoffmutiplier=0
07-05 21:19:38.902 E/WebcastSDK-WebcastManager(25549): finally setAppServiceDomainList.
07-05 21:19:38.903 D/HttpHandler(25549): VerifySignInterCeptor-->request.url()=http://picture.edu.hismarttv.com/images/20170628102959016598.jpg
07-05 21:19:38.904 D/HttpHandler(25549): VerifySignInterCeptor-->hostname=picture.edu.hismarttv.com
07-05 21:19:38.905 D/HttpHandler(25549): HttpDNS-->hostname=picture.edu.hismarttv.com
07-05 21:19:38.906 D/HttpHandler(25549): RAMCache-->hostInfo.getClientTimeStamp()=9620132
07-05 21:19:38.906 D/HttpHandler(25549): RAMCache-->hostInfo.getTtl()=300
07-05 21:19:38.906 D/HttpHandler(25549): RAMCache-->SystemClock.elapsedRealtime()=9620478
07-05 21:19:38.913 D/HttpHandler(25549): DNSHelper-->gslbDns=["153.35.175.120","125.46.22.134","218.58.206.58","220.202.77.116","123.128.14.209","153.35.175.121","220.202.77.124"]
07-05 21:19:38.926 I/art     (25549): Background sticky concurrent mark sweep GC freed 37248(2033KB) AllocSpace objects, 7(183KB) LOS objects, 7% free, 26MB/28MB, paused 5.442ms total 73.984ms
07-05 21:19:38.928 E/TabView (25549): tab2
07-05 21:19:38.928 D/TabView (25549): SLOVEN mTopmBorderTop===>:0266
07-05 21:19:38.928 D/TabView (25549): tab scroll up listview
07-05 21:19:38.929 D/TabFocusBorderView(25549): SLOVEN justchangeWidth
07-05 21:19:38.929 D/TabFocusBorderView(25549): SLOVEN widthmWidth===>:220220
07-05 21:19:38.929 D/TabFocusBorderView(25549): SLOVEN onAnimationStart
07-05 21:19:38.929 D/TabView (25549): SLOVEN mTopmBorderTop===>:407266
07-05 21:19:38.929 D/TabView (25549): setSelectedTabView
07-05 21:19:38.936 D/OkHttp  (25549): --> GET http://picture.edu.hismarttv.com/images/20170628102959016598.jpg http/1.1
07-05 21:19:38.936 D/OkHttp  (25549): Host: picture.edu.hismarttv.com
07-05 21:19:38.936 D/OkHttp  (25549): Connection: Keep-Alive
07-05 21:19:38.936 D/OkHttp  (25549): Accept-Encoding: gzip
07-05 21:19:38.936 D/OkHttp  (25549): User-Agent: okhttp/3.6.0
07-05 21:19:38.936 D/OkHttp  (25549): --> END GET
07-05 21:19:38.962 I/HiNetworkImpl(25549): doHttp_Asyn(): onSuccess clazz = class com.hisense.tvui.newhome.bean.SelectionBean, back from thread: main
07-05 21:19:38.962 I/HomeDataPresenter(25549): getRecommandData() onSuccess: RoleContentFragment353755311
07-05 21:19:38.962 I/RoleContentFragment(25549): recommandlist={10003=0, 10002=8}
07-05 21:19:38.962 I/RoleContentFragment(25549): lineIndex=0,id=10002,pos=8
07-05 21:19:38.962 I/RoleContentFragment(25549): ,addItemSize=25
07-05 21:19:38.962 I/RoleContentFragment(25549): origin pos=8
07-05 21:19:38.962 I/RoleContentFragment(25549): offset pos=2
07-05 21:19:38.962 I/RoleContentFragment(25549): array size=11
07-05 21:19:38.963 I/RoleContentFragment(25549): lineIndex=1,id=10003,pos=0
07-05 21:19:38.963 I/RoleContentFragment(25549): ,addItemSize=24
07-05 21:19:38.963 I/RoleContentFragment(25549): origin pos=0
07-05 21:19:38.963 I/RoleContentFragment(25549): offset pos=2
07-05 21:19:38.963 I/RoleContentFragment(25549): array size=11
07-05 21:19:38.963 D/HiNetworkImpl(25549): doHttp_Asyn(): onReqResponse isSuccessful = true, back from thread: main
07-05 21:19:38.965 D/OkHttp  (25549): <-- 200 OK http://picture.edu.hismarttv.com/images/20170628102959016598.jpg (29ms)
07-05 21:19:38.965 D/OkHttp  (25549): Date: Mon, 03 Jul 2017 10:52:37 GMT
07-05 21:19:38.965 D/OkHttp  (25549): Server: nginx
07-05 21:19:38.965 D/OkHttp  (25549): Content-Type: image/jpeg
07-05 21:19:38.965 D/OkHttp  (25549): Content-Length: 40292
07-05 21:19:38.965 D/OkHttp  (25549): Last-Modified: Wed, 28 Jun 2017 10:29:59 GMT
07-05 21:19:38.965 D/OkHttp  (25549): ETag: "59538527-9d64"
07-05 21:19:38.965 D/OkHttp  (25549): Accept-Ranges: bytes
07-05 21:19:38.965 D/OkHttp  (25549): Age: 181621
07-05 21:19:38.965 D/OkHttp  (25549): Via: 1.1 chzhwt171:6 (Cdn Cache Server V2.0)[0 200 0], 1.1 t85:6 (Cdn Cache Server V2.0)[7 200 0]
07-05 21:19:38.965 D/OkHttp  (25549): Connection: keep-alive
07-05 21:19:38.965 D/OkHttp  (25549): <-- END HTTP
07-05 21:19:38.970 I/HiNetworkImpl(25549): doHttp_Asyn(): onSuccess clazz = class com.hisense.sdk.domain.MemberOrder, back from thread: main
07-05 21:19:38.970 I/HomeMainActivity(25549): finishHttpTime : 9620541   382
07-05 21:19:38.971 D/til@system( 2026): til_get_system_param option:1000007 int:-1815632896, bool:0, ret:0
07-05 21:19:38.972 I/MiSysSrv( 1214): [37m[INFO] Change to Voltage: 112 mv (0x2D)[m
07-05 21:19:38.975 D/til@system( 2026): til_get_system_param option:1000009 int:-1936525184, bool:128, ret:0
07-05 21:19:38.976 D/til@system( 2026): til_get_system_param option:1000008 int:-1936522112, bool:128, ret:0
07-05 21:19:38.976 D/HiSDKLogReport(25549): getOperationDetail-productName : LED50MU8600UC
07-05 21:19:38.976 D/HiSDKLogReport(25549): getOperationDetail-plmNumber : 88888
07-05 21:19:38.976 D/HiSDKLogReport(25549): getOperationDetail-swVersion : V0000.00.01A
07-05 21:19:38.976 D/HiSDKLogReport(25549): getOperationDetail-operationDetail : LED50MU8600UC0000888
07-05 21:19:38.976 D/HiSDKLogReport(25549): processLogReport-log : {eventType=162, appKey=1182445233, APPVersionName=3.0.0.9.00, devid=86100300900000500000060a4818fca8, mac=a8:a6:48:18:fc:a8, uuid=13287129, accessToken=72DF6038D2AEAB8A76DFBBBBCC428A4A_003720964096821, APIversion=501, logversion=2.0, devType=0, APPPackage=com.hisense.hicloud.edca, eventPos=002, requesttime=1499260778976, customerId=7195320, value2=, eventMessage=HttpConnection, value1=382, model_id=0, ChannelId=0, version=00.002.003, tv_distribute_id=00, subscriberId=13287129, APIVersion=600, PFAPPCode=652, softwareVersion=LED50MU8600UC0000888}
07-05 21:19:38.977 I/HomeMainActivity(25549): getUserType  response : 2 null
07-05 21:19:38.977 I/HomeMainActivity(25549): this is LowMemoryConfiguration 
07-05 21:19:38.982 W/System.err(25549): java.net.ConnectException: failed to connect to /10.18.210.112 (port 8900) after 6000ms: isConnected failed: ECONNREFUSED (Connection refused)
07-05 21:19:38.982 W/System.err(25549): 	at libcore.io.IoBridge.isConnected(IoBridge.java:238)
07-05 21:19:38.982 W/System.err(25549): 	at libcore.io.IoBridge.connectErrno(IoBridge.java:171)
07-05 21:19:38.982 W/System.err(25549): 	at libcore.io.IoBridge.connect(IoBridge.java:122)
07-05 21:19:38.982 W/System.err(25549): 	at java.net.PlainSocketImpl.connect(PlainSocketImpl.java:183)
07-05 21:19:38.982 W/System.err(25549): 	at java.net.PlainSocketImpl.connect(PlainSocketImpl.java:456)
07-05 21:19:38.982 W/System.err(25549): 	at java.net.Socket.connect(Socket.java:882)
07-05 21:19:38.982 W/System.err(25549): 	at com.android.okhttp.internal.Platform.connectSocket(Platform.java:174)
07-05 21:19:38.982 W/System.err(25549): 	at com.android.okhttp.Connection.connect(Connection.java:152)
07-05 21:19:38.982 W/System.err(25549): 	at com.android.okhttp.internal.http.HttpEngine.connect(HttpEngine.java:276)
07-05 21:19:38.982 W/System.err(25549): 	at com.android.okhttp.internal.http.HttpEngine.sendRequest(HttpEngine.java:211)
07-05 21:19:38.982 W/System.err(25549): 	at com.android.okhttp.internal.http.HttpURLConnectionImpl.execute(HttpURLConnectionImpl.java:382)
07-05 21:19:38.982 W/System.err(25549): 	at com.android.okhttp.internal.http.HttpURLConnectionImpl.connect(HttpURLConnectionImpl.java:106)
07-05 21:19:38.982 W/System.err(25549): 	at com.hisense.hitv.hicloud.util.ExceptionReport.a(ExceptionReport.java:337)
07-05 21:19:38.982 W/System.err(25549): 	at com.hisense.hitv.hicloud.util.ExceptionReport.a(ExceptionReport.java:39)
07-05 21:19:38.982 W/System.err(25549): 	at com.hisense.hitv.hicloud.util.ExceptionReport$1.run(ExceptionReport.java:83)
07-05 21:19:38.983 W/System.err(25549): 	at java.lang.Thread.run(Thread.java:818)
07-05 21:19:38.983 W/System.err(25549): Caused by: android.system.ErrnoException: isConnected failed: ECONNREFUSED (Connection refused)
07-05 21:19:38.983 W/System.err(25549): 	at libcore.io.IoBridge.isConnected(IoBridge.java:223)
07-05 21:19:38.983 W/System.err(25549): 	... 15 more
07-05 21:19:39.010 I/NetflixMonitorService( 1733): current fgapk : com.hisense.hicloud.edca
07-05 21:19:39.011 I/NetflixMonitorService( 1733): Netflix status unchanged
07-05 21:19:39.033 E/HomeMainActivity(25549): BaseApplication.mAccountType == 2
07-05 21:19:39.033 I/HomeMainActivity(25549): mBeginHttpTime : 9620605
07-05 21:19:39.033 I/HttpDnsUtils(25549): postExperienceVIP(): --url = http://api.edu.hismarttv.com/payment/api/get/experience/member
07-05 21:19:39.033 V/HttpDnsUtils(25549): getExperienceVIP 86100300900000500000060a4818fca8 7195320 13287129 0 2 0 0 0
07-05 21:19:39.034 E/NetUtils(25549): encryption --- sign = accessToken=72DF6038D2AEAB8A76DFBBBBCC428A4A_003720964096821&days=0&devid=86100300900000500000060a4818fca8&mac=a8:a6:48:18:fc:a8&memberType=2&orderType=0&BDA9F96C98E9D5130A5AFB3411B5F9E0
07-05 21:19:39.036 D/til@system( 2026): til_get_system_param option:1000007 int:-1936523008, bool:0, ret:0
07-05 21:19:39.036 D/til@system( 2026): til_get_system_param option:1000009 int:-1815633792, bool:128, ret:0
07-05 21:19:39.037 D/til@system( 2026): til_get_system_param option:1000008 int:-1815634176, bool:0, ret:0
07-05 21:19:39.037 D/HttpDnsUtils(25549): CEXX-getOperationDetail-productName : LED50MU8600UC
07-05 21:19:39.037 D/HttpDnsUtils(25549): CEXX-getOperationDetail-plmNumber : 88888
07-05 21:19:39.037 D/HttpDnsUtils(25549): CEXX-getOperationDetail-swVersion : V0000.00.01A
07-05 21:19:39.037 D/HttpDnsUtils(25549): CEXX-getOperationDetail-operationDetail : LED50MU8600UC0000888
07-05 21:19:39.063 V/HttpDnsUtils(25549): days 0 memberType 2 activityId 0
07-05 21:19:39.063 V/HttpDnsUtils(25549): postExperienceVIP(): postMap = {customerId=7195320, memberType=2, PFAPPCode=652, accessToken=72DF6038D2AEAB8A76DFBBBBCC428A4A_003720964096821, ChannelId=0, APPVersionName=3.0.0.9.00, model_id=0, orderType=0, mac=a8:a6:48:18:fc:a8, days=0, sign=6be152fd15cfb39011d9cea2a0ed5df2, uuid=13287129, APPPackage=com.hisense.hicloud.edca, devid=86100300900000500000060a4818fca8, phone=18547412365, tv_distribute_id=00, softwareVersion=LED50MU8600UC0000888, subscriberId=13287129, version=00.002.003, customerName=18547412365, devType=0, APIVersion=600, activityId=0}
07-05 21:19:39.064 D/til@system( 2026): til_get_system_param option:1000007 int:-1936522368, bool:128, ret:0
07-05 21:19:39.065 D/til@system( 2026): til_get_system_param option:1000009 int:-1815632896, bool:0, ret:0
07-05 21:19:39.066 D/til@system( 2026): til_get_system_param option:1000008 int:-1936525184, bool:128, ret:0
07-05 21:19:39.070 D/HttpBuilder(25549): getOperationDetail-productName : LED50MU8600UC
07-05 21:19:39.070 D/HttpBuilder(25549): getOperationDetail-plmNumber : 88888
07-05 21:19:39.070 D/HttpBuilder(25549): getOperationDetail-swVersion : V0000.00.01A
07-05 21:19:39.071 D/HttpBuilder(25549): getOperationDetail-operationDetail : LED50MU8600UC0000888
07-05 21:19:39.071 I/MiSysSrv( 1214): [37m[INFO] Change to Voltage: 112 mv (0x2D)[m
07-05 21:19:39.079 D/NativeDecimalFormat(25549): NativeDecimalFormat_close print addr=3997588224
07-05 21:19:39.079 D/NativeDecimalFormat(25549): NativeDecimalFormat_close print g_addr=3997588992
07-05 21:19:39.079 D/NativeDecimalFormat(25549): NativeDecimalFormat_close print addr=3997588992
07-05 21:19:39.079 D/NativeDecimalFormat(25549): NativeDecimalFormat_close print g_addr=3997588992
07-05 21:19:39.088 E/HDMI_CEC( 1733): Send Message TO[5] 
07-05 21:19:39.088 E/HDMI_CEC( 1733): OP[0], <Feature Abort> 
07-05 21:19:39.088 E/HDMI_CEC( 1733): ========
07-05 21:19:39.099 I/HttpBuilder(25549): addUrlPublicParams mUrl ==>http://api.edu.hismarttv.com/payment/api/get/experience/member?uuid=13287129&mac=a8:a6:48:18:fc:a8&devid=86100300900000500000060a4818fca8&version=00.002.003&subscriberId=13287129&customerId=7195320&model_id=0&APPPackage=com.hisense.hicloud.edca&PFAPPCode=652&APPVersionName=3.0.0.9.00&ChannelId=0&softwareVersion=LED50MU8600UC0000888&tv_distribute_id=00&devType=0&APIVersion=600&accessToken=72DF6038D2AEAB8A76DFBBBBCC428A4A_003720964096821
07-05 21:19:39.102 D/HttpHandler(25549): VerifySignInterCeptor-->request.url()=http://api.edu.hismarttv.com/payment/api/get/experience/member?uuid=13287129&mac=a8:a6:48:18:fc:a8&devid=86100300900000500000060a4818fca8&version=00.002.003&subscriberId=13287129&customerId=7195320&model_id=0&APPPackage=com.hisense.hicloud.edca&PFAPPCode=652&APPVersionName=3.0.0.9.00&ChannelId=0&softwareVersion=LED50MU8600UC0000888&tv_distribute_id=00&devType=0&APIVersion=600&accessToken=72DF6038D2AEAB8A76DFBBBBCC428A4A_003720964096821
07-05 21:19:39.102 D/HttpHandler(25549): VerifySignInterCeptor-->hostname=api.edu.hismarttv.com
07-05 21:19:39.159 E/HDMI_CEC( 1733): MI_CEC_SendTxPolling, ErrCode[4] 
07-05 21:19:39.169 I/MiSysSrv( 1214): [37m[INFO] Change to Voltage: 102 mv (0x23)[m
07-05 21:19:39.193 E/HDMI_CEC( 1733): Sending message can't be response. 
07-05 21:19:39.197 D/HttpHandler(25549): HttpDNS-->hostname=api.edu.hismarttv.com
07-05 21:19:39.198 D/HttpHandler(25549): RetryIntercepter-->retryNum=0
07-05 21:19:39.198 D/HttpHandler(25549): RetryIntercepter-->backoffmutiplier=0
07-05 21:19:39.200 D/TabFocusBorderView(25549): SLOVEN onAnimationCancel
07-05 21:19:39.200 D/TabFocusBorderView(25549): SLOVEN onAnimationEnd
07-05 21:19:39.200 D/TabView (25549): SLOVEN border top===>:296---407
07-05 21:19:39.202 I/head    (25549): item=com.hisense.leanback.widget.ListRow@295cfac0
07-05 21:19:39.206 I/CardSelectionPresenter(25549): onViewDetachedFromWindow mTitleTx = 
07-05 21:19:39.206 I/CardSelectionPresenter(25549): onViewDetachedFromWindow mTitleTx = 
07-05 21:19:39.207 I/CardSelectionPresenter(25549): onViewDetachedFromWindow mTitleTx = 
07-05 21:19:39.207 I/CardSelectionPresenter(25549): onUnbindViewHolder mTitleTx = 
07-05 21:19:39.210 D/HttpHandler(25549): RAMCache-->hostInfo.getClientTimeStamp()=9616310
07-05 21:19:39.210 D/HttpHandler(25549): RAMCache-->hostInfo.getTtl()=3600
07-05 21:19:39.210 D/HttpHandler(25549): RAMCache-->SystemClock.elapsedRealtime()=9620782
07-05 21:19:39.214 I/CardSelectionPresenter(25549): onViewDetachedFromWindow mTitleTx = 
07-05 21:19:39.214 I/CardSelectionPresenter(25549): onUnbindViewHolder mTitleTx = 
07-05 21:19:39.214 I/CardSelectionPresenter(25549): onUnbindViewHolder mTitleTx = 
07-05 21:19:39.214 I/CardSelectionPresenter(25549): onUnbindViewHolder mTitleTx = 
07-05 21:19:39.214 I/ContentBridgeAdapterListener(25549): onBind 
07-05 21:19:39.216 I/CardSelectionPresenter(25549): onCreateViewHoldercom.hisense.leanback.widget.HorizontalGridView{1e5e854f VFE..... ......ID 0,0-1738,279 #7f0d038e app:id/row_content}
07-05 21:19:39.217 I/dex2oat (25636): dex2oat took 3.631s (threads: 4) arena alloc=90KB java alloc=10MB native alloc=6MB free=9MB
07-05 21:19:39.225 I/CardSelectionPresenter(25549): onBindViewHolder
07-05 21:19:39.225 D/sloven  (25549): 1002---true
07-05 21:19:39.225 I/CardSelectionPresenter(25549): width=400,height=220
07-05 21:19:39.232 D/HttpHandler(25549): DNSHelper-->gslbDns=["123.103.91.123"]
07-05 21:19:39.242 W/PluginProviderBuilder(25549): createDexClassLoader() return dalvik.system.DexClassLoader[DexPathList[[zip file "/data/data/com.hisense.hicloud.edca/files/plugin/2.1.0.59986/pluginplayer/1.64.0.59984/pluginplayer-release-1.64.0.59984.apk"],nativeLibraryDirectories=[/vendor/lib, /system/lib]]]
07-05 21:19:39.243 I/CardSelectionPresenter(25549): onUnbindViewHolder mTitleTx = 
07-05 21:19:39.243 I/CardSelectionPresenter(25549): onBindViewHolder
07-05 21:19:39.243 D/sloven  (25549): 1002---true
07-05 21:19:39.243 I/CardSelectionPresenter(25549): width=400,height=220
07-05 21:19:39.244 D/hailongqiu(25549): hailongqiu position:0
07-05 21:19:39.247 I/CardSelectionPresenter(25549): onCreateViewHoldercom.hisense.leanback.widget.HorizontalGridView{1e5e854f VFE..... ......ID 0,0-1738,279 #7f0d038e app:id/row_content}
07-05 21:19:39.249 W/ContextClassLoaderSwitcher(25549): ClassLoaderSwitcher doSwitch(com.hisense.hicloud.edca.BaseApplication@2adbac5c, dalvik.system.DexClassLoader[DexPathList[[zip file "/data/data/com.hisense.hicloud.edca/files/plugin/2.1.0.59986/pluginplayer/1.64.0.59984/pluginplayer-release-1.64.0.59984.apk"],nativeLibraryDirectories=[/vendor/lib, /system/lib]]])
07-05 21:19:39.249 W/ObjectMethodHolder(25549): >> invoke() mMethodName=getBaseContext, mCached=false, mCacheValue=true, mMethod=null
07-05 21:19:39.252 W/ObjectMethodHolder(25549): << invoke() mMethodName=getBaseContext, mCached=true, mCacheValue=true, mMethod=public android.content.Context android.content.ContextWrapper.getBaseContext() return android.app.ContextImpl{android.app.ContextImpl@3e4d5725}
07-05 21:19:39.253 I/CardSelectionPresenter(25549): onBindViewHolder
07-05 21:19:39.253 W/ObjectMethodHolder(25549): >> invoke() mMethodName=getClassLoader, mCached=false, mCacheValue=true, mMethod=null
07-05 21:19:39.253 D/sloven  (25549): 1002---true
07-05 21:19:39.253 I/CardSelectionPresenter(25549): width=400,height=220
07-05 21:19:39.253 W/ObjectMethodHolder(25549): << invoke() mMethodName=getClassLoader, mCached=true, mCacheValue=true, mMethod=public java.lang.ClassLoader android.app.LoadedApk.getClassLoader() return dalvik.system.PathClassLoader{dalvik.system.PathClassLoader[DexPathList[[zip file "/data/app/com.hisense.hicloud.edca-2/base.apk"],nativeLibraryDirectories=[/data/app/com.hisense.hicloud.edca-2/lib/arm, /vendor/lib, /system/lib]]]}
07-05 21:19:39.253 W/PluginProviderBuilder(25549): createPluginContext() return /data/app/com.hisense.hicloud.edca-2/base.apk
07-05 21:19:39.256 I/CardSelectionPresenter(25549): onCreateViewHoldercom.hisense.leanback.widget.HorizontalGridView{1e5e854f VFE..... ......ID 0,0-1738,279 #7f0d038e app:id/row_content}
07-05 21:19:39.257 D/HttpHandler(25549): VerifySignInterCeptor-->request.url()=http://picture.edu.hismarttv.com/images/20170628103009181182.jpg
07-05 21:19:39.257 D/HttpHandler(25549): VerifySignInterCeptor-->hostname=picture.edu.hismarttv.com
07-05 21:19:39.259 D/OkHttp  (25549): --> GET http://picture.edu.hismarttv.com/images/20170628103009181182.jpg http/1.1
07-05 21:19:39.259 D/OkHttp  (25549): Host: picture.edu.hismarttv.com
07-05 21:19:39.259 D/OkHttp  (25549): Connection: Keep-Alive
07-05 21:19:39.259 D/OkHttp  (25549): Accept-Encoding: gzip
07-05 21:19:39.259 D/OkHttp  (25549): User-Agent: okhttp/3.6.0
07-05 21:19:39.259 D/OkHttp  (25549): --> END GET
07-05 21:19:39.264 I/CardSelectionPresenter(25549): onBindViewHolder
07-05 21:19:39.264 D/sloven  (25549): 1002---true
07-05 21:19:39.265 I/CardSelectionPresenter(25549): width=400,height=220
07-05 21:19:39.269 I/CardSelectionPresenter(25549): onCreateViewHoldercom.hisense.leanback.widget.HorizontalGridView{1e5e854f VFE..... ......ID 0,0-1738,279 #7f0d038e app:id/row_content}
07-05 21:19:39.275 D/HttpHandler(25549): VerifySignInterCeptor-->request.url()=http://picture.edu.hismarttv.com/images/20170628233232135598.jpg
07-05 21:19:39.275 D/HttpHandler(25549): VerifySignInterCeptor-->hostname=picture.edu.hismarttv.com
07-05 21:19:39.275 I/CardSelectionPresenter(25549): onBindViewHolder
07-05 21:19:39.275 D/sloven  (25549): 1002---true
07-05 21:19:39.275 I/CardSelectionPresenter(25549): width=400,height=220
07-05 21:19:39.276 D/OkHttp  (25549): --> GET http://picture.edu.hismarttv.com/images/20170628233232135598.jpg http/1.1
07-05 21:19:39.276 D/OkHttp  (25549): Host: picture.edu.hismarttv.com
07-05 21:19:39.276 D/OkHttp  (25549): Connection: Keep-Alive
07-05 21:19:39.276 D/OkHttp  (25549): Accept-Encoding: gzip
07-05 21:19:39.276 D/OkHttp  (25549): User-Agent: okhttp/3.6.0
07-05 21:19:39.276 D/OkHttp  (25549): --> END GET
07-05 21:19:39.277 D/OkHttp  (25549): --> POST http://api.edu.hismarttv.com/payment/api/get/experience/member?uuid=13287129&mac=a8:a6:48:18:fc:a8&devid=86100300900000500000060a4818fca8&version=00.002.003&subscriberId=13287129&customerId=7195320&model_id=0&APPPackage=com.hisense.hicloud.edca&PFAPPCode=652&APPVersionName=3.0.0.9.00&ChannelId=0&softwareVersion=LED50MU8600UC0000888&tv_distribute_id=00&devType=0&APIVersion=600&accessToken=72DF6038D2AEAB8A76DFBBBBCC428A4A_003720964096821 http/1.1
07-05 21:19:39.277 D/OkHttp  (25549): Content-Type: application/x-www-form-urlencoded
07-05 21:19:39.278 D/OkHttp  (25549): Content-Length: 512
07-05 21:19:39.278 D/OkHttp  (25549): Data_Type: JSON
07-05 21:19:39.278 D/OkHttp  (25549): RetryTime: 0
07-05 21:19:39.278 D/OkHttp  (25549): Backoffmutiplier: 0
07-05 21:19:39.278 D/OkHttp  (25549): Host: api.edu.hismarttv.com
07-05 21:19:39.278 D/OkHttp  (25549): Connection: Keep-Alive
07-05 21:19:39.278 D/OkHttp  (25549): Accept-Encoding: gzip
07-05 21:19:39.278 D/OkHttp  (25549): User-Agent: okhttp/3.6.0
07-05 21:19:39.278 D/OkHttp  (25549): --> END POST
07-05 21:19:39.278 D/Player/PluginProvider@1e67a381(25549): [TID 25580] PluginProvider() new
07-05 21:19:39.278 W/AbsPluginProvider(25549): initialize<<(hostContext=com.hisense.hicloud.edca.BaseApplication@2adbac5c, context=com.qiyi.sdk.plugin.server.core.ContextProxy@3cb81c26, params={lib_dir=/data/data/com.hisense.hicloud.edca/files/plugin/2.1.0.59986/pluginplayer/1.64.0.59984/pluginplayer-release-1.64.0.59984-libs, file_path=/data/data/com.hisense.hicloud.edca/files/plugin/2.1.0.59986/pluginplayer/1.64.0.59984/pluginplayer-release-1.64.0.59984.apk}, info=AppInfo(hostVersion=2.1.0.59986mHostAllowDebug=false))
07-05 21:19:39.279 D/Player/PluginProvider@1e67a381(25549): [TID 25580] onInitialize() lib path=/data/data/com.hisense.hicloud.edca/files/plugin/2.1.0.59986/pluginplayer/1.64.0.59984/pluginplayer-release-1.64.0.59984-libs
07-05 21:19:39.279 I/LogUtils(25549): [TID 25580] log is open
07-05 21:19:39.279 I/CardSelectionPresenter(25549): onCreateViewHoldercom.hisense.leanback.widget.HorizontalGridView{1e5e854f VFE..... ......ID 0,0-1738,279 #7f0d038e app:id/row_content}
07-05 21:19:39.283 D/Player/PluginProvider@1e67a381(25549): [TID 25580] setupSdkFeature()
07-05 21:19:39.285 I/CardSelectionPresenter(25549): onBindViewHolder
07-05 21:19:39.285 D/sloven  (25549): 1002---true
07-05 21:19:39.285 I/CardSelectionPresenter(25549): width=0,height=220
07-05 21:19:39.292 I/TabView (25549): onScroll:,firstItem=0,visibleCount=6,totalCount=10
07-05 21:19:39.293 D/Carousel-CarouselView(25549): ============>onScrollChanged hashCode:927448313
07-05 21:19:39.302 D/OkHttp  (25549): <-- 200 OK http://picture.edu.hismarttv.com/images/20170628233232135598.jpg (26ms)
07-05 21:19:39.302 D/OkHttp  (25549): Date: Mon, 03 Jul 2017 11:37:30 GMT
07-05 21:19:39.302 D/OkHttp  (25549): Server: nginx
07-05 21:19:39.302 D/OkHttp  (25549): Content-Type: image/jpeg
07-05 21:19:39.303 D/OkHttp  (25549): Content-Length: 50603
07-05 21:19:39.303 D/OkHttp  (25549): Last-Modified: Wed, 28 Jun 2017 23:32:32 GMT
07-05 21:19:39.303 D/OkHttp  (25549): ETag: "59543c90-c5ab"
07-05 21:19:39.303 D/OkHttp  (25549): Accept-Ranges: bytes
07-05 21:19:39.303 D/OkHttp  (25549): Age: 178929
07-05 21:19:39.303 D/OkHttp  (25549): Via: 1.1 jnwt243:1 (Cdn Cache Server V2.0)[0 200 0], 1.1 t85:5 (Cdn Cache Server V2.0)[0 200 0]
07-05 21:19:39.303 D/OkHttp  (25549): Connection: keep-alive
07-05 21:19:39.303 D/OkHttp  (25549): <-- END HTTP
07-05 21:19:39.305 D/HttpHandler(25549): RetryIntercepter-->retryNum=0
07-05 21:19:39.306 D/HttpHandler(25549): RetryIntercepter-->backoffmutiplier=0
07-05 21:19:39.316 D/OkHttp  (25549): <-- 200 OK http://api.edu.hismarttv.com/payment/api/get/experience/member?uuid=13287129&mac=a8:a6:48:18:fc:a8&devid=86100300900000500000060a4818fca8&version=00.002.003&subscriberId=13287129&customerId=7195320&model_id=0&APPPackage=com.hisense.hicloud.edca&PFAPPCode=652&APPVersionName=3.0.0.9.00&ChannelId=0&softwareVersion=LED50MU8600UC0000888&tv_distribute_id=00&devType=0&APIVersion=600&accessToken=72DF6038D2AEAB8A76DFBBBBCC428A4A_003720964096821 (38ms)
07-05 21:19:39.316 D/OkHttp  (25549): Server: nginx
07-05 21:19:39.316 D/OkHttp  (25549): Date: Wed, 05 Jul 2017 13:19:39 GMT
07-05 21:19:39.316 D/OkHttp  (25549): Content-Type: application/json
07-05 21:19:39.316 D/OkHttp  (25549): Content-Length: 289
07-05 21:19:39.322 D/PlayerSdk/PlayerSdkProject(25549): [TID 25580] >> beginInitialize
07-05 21:19:39.323 D/PlayerSdk/SdkConfigManager(25549): [TID 25580] setupConfig: context=com.qiyi.sdk.plugin.server.core.ContextProxy@3cb81c26
07-05 21:19:39.323 W/ContextProxy(25549): getAssets() mAssetManager=android.content.res.AssetManager@34c5c7ba
07-05 21:19:39.316 D/OkHttp  (25549): Connection: close
07-05 21:19:39.323 D/OkHttp  (25549): <-- END HTTP
07-05 21:19:39.324 D/HttpHandler(25549): RetryIntercepter-->retryNum=0
07-05 21:19:39.324 D/HttpHandler(25549): RetryIntercepter-->backoffmutiplier=0
