07-06 00:34:32.189 D/TabView ( 3926): 
07-06 00:34:32.190 D/HttpHandler( 3926): RetryIntercepter-->retryNum=0
07-06 00:34:32.190 D/HttpHandler( 3926): RetryIntercepter-->backoffmutiplier=0
07-06 00:34:32.192 D/OkHttp  ( 3926): <-- 200 OK http://api.edu.hismarttv.com/payment/api/query/user_type/dialog_info?orderType=0&uuid=13287129&mac=a8:a6:48:18:fc:a8&devid=86100300900000500000060a4818fca8&version=00.002.003&subscriberId=13287129&customerId=7195320&model_id=0&APPPackage=com.hisense.hicloud.edca&PFAPPCode=652&APPVersionName=3.0.0.9.00&ChannelId=0&softwareVersion=LED50MU8600UC0000888&tv_distribute_id=00&devType=0&APIVersion=600&accessToken=72DF6038D2AEAB8A76DFBBBBCC428A4A_003813238909840 (45ms)
07-06 00:34:32.192 D/OkHttp  ( 3926): Server: nginx
07-06 00:34:32.192 D/OkHttp  ( 3926): Date: Wed, 05 Jul 2017 16:34:32 GMT
07-06 00:34:32.192 D/OkHttp  ( 3926): Content-Type: application/json
07-06 00:34:32.192 D/OkHttp  ( 3926): Content-Length: 221
07-06 00:34:32.192 D/OkHttp  ( 3926): Connection: close
07-06 00:34:32.192 D/OkHttp  ( 3926): <-- END HTTP
07-06 00:34:32.193 D/HttpHandler( 3926): RetryIntercepter-->retryNum=0
07-06 00:34:32.194 D/TabView ( 3926): 
07-06 00:34:32.193 D/HttpHandler( 3926): RetryIntercepter-->backoffmutiplier=0
07-06 00:34:32.197 D/HttpHandler( 3926): VerifySignInterCeptor-->request.url()=http://picture.edu.hismarttv.com/images/20170629/%E5%93%88%E5%88%A9%E8%AE%B2%E6%95%85%E4%BA%8B%EF%BC%88%E4%B8%80%EF%BC%89.jpg
07-06 00:34:32.197 D/HttpHandler( 3926): VerifySignInterCeptor-->hostname=picture.edu.hismarttv.com
07-06 00:34:32.198 D/HttpHandler( 3926): VerifySignInterCeptor-->dateType=1
07-06 00:34:32.198 D/HttpHandler( 3926): VerifySignInterCeptor-->HttpRequestManager.httpClietOption.getVerifyFlag()=1
07-06 00:34:32.199 I/MyFragmentStateAdapter( 3926): getCount
07-06 00:34:32.199 I/MyFragmentStateAdapter( 3926): getCount
07-06 00:34:32.199 D/TabView ( 3926): 
07-06 00:34:32.201 D/TabView ( 3926): 
07-06 00:34:32.203 I/HLSP2P  ( 8504): ## 2017-07-06 00:34:32.202 [8504,8698,:0] INFO ## [HLSP2P][PunchHelper.cpp:289][INFO][SendHeartBeatMsg][PunchHelper] send heartbeat to punch server(123.126.126.18:8002) ok
07-06 00:34:32.203 D/OkHttp  ( 3926): --> GET http://picture.edu.hismarttv.com/images/20170629/%E5%93%88%E5%88%A9%E8%AE%B2%E6%95%85%E4%BA%8B%EF%BC%88%E4%B8%80%EF%BC%89.jpg http/1.1
07-06 00:34:32.203 D/OkHttp  ( 3926): Host: picture.edu.hismarttv.com
07-06 00:34:32.203 D/OkHttp  ( 3926): Connection: Keep-Alive
07-06 00:34:32.203 D/OkHttp  ( 3926): Accept-Encoding: gzip
07-06 00:34:32.203 D/OkHttp  ( 3926): User-Agent: okhttp/3.6.0
07-06 00:34:32.203 D/OkHttp  ( 3926): --> END GET
07-06 00:34:32.205 D/HttpHandler( 3926): VerifySignInterCeptor-->request.url()=http://picture.edu.hismarttv.com/images/20170628104504467308.jpg
07-06 00:34:32.205 D/HttpHandler( 3926): VerifySignInterCeptor-->hostname=picture.edu.hismarttv.com
07-06 00:34:32.205 D/HttpHandler( 3926): VerifySignInterCeptor-->content={"memberType": 2, "isActivity": 0}
07-06 00:34:32.206 D/OkHttp  ( 3926): --> GET http://picture.edu.hismarttv.com/images/20170628104504467308.jpg http/1.1
07-06 00:34:32.206 D/OkHttp  ( 3926): Host: picture.edu.hismarttv.com
07-06 00:34:32.206 D/OkHttp  ( 3926): Connection: Keep-Alive
07-06 00:34:32.206 D/OkHttp  ( 3926): Accept-Encoding: gzip
07-06 00:34:32.206 D/OkHttp  ( 3926): User-Agent: okhttp/3.6.0
07-06 00:34:32.206 D/OkHttp  ( 3926): --> END GET
07-06 00:34:32.207 D/TabView ( 3926): 
07-06 00:34:32.209 D/TabView ( 3926): 
07-06 00:34:32.213 D/TabView ( 3926): 
07-06 00:34:32.215 D/TabView ( 3926): 
07-06 00:34:32.216 D/TabView ( 3926): 
07-06 00:34:32.218 D/TabView ( 3926): 
07-06 00:34:32.218 D/NetworkManager( 3926): [TID 4123] getRequestTask(http://www.baidu.com): current pool size=2, queue=[]
07-06 00:34:32.219 D/NetworkManager( 3926): [TID 4123] getRequestTask(http://www.baidu.com): submitted task={java.util.concurrent.FutureTask@2f15008f, 21313724}
07-06 00:34:32.219 D/NetworkManager( 3926): [TID 4123] << getRequestTask(http://www.baidu.com): returned task=java.util.concurrent.FutureTask@2f15008f
07-06 00:34:32.220 D/TabView ( 3926): 
07-06 00:34:32.223 D/OkHttp  ( 3926): <-- 200 OK http://picture.edu.hismarttv.com/images/20170629/%E5%93%88%E5%88%A9%E8%AE%B2%E6%95%85%E4%BA%8B%EF%BC%88%E4%B8%80%EF%BC%89.jpg (19ms)
07-06 00:34:32.223 D/OkHttp  ( 3926): Date: Mon, 03 Jul 2017 10:50:28 GMT
07-06 00:34:32.223 D/OkHttp  ( 3926): Server: nginx
07-06 00:34:32.223 D/OkHttp  ( 3926): Content-Type: image/jpeg
07-06 00:34:32.223 D/OkHttp  ( 3926): Content-Length: 135983
07-06 00:34:32.223 D/OkHttp  ( 3926): Last-Modified: Fri, 09 Jun 2017 14:51:44 GMT
07-06 00:34:32.223 D/OkHttp  ( 3926): ETag: "593ab600-2132f"
07-06 00:34:32.223 D/OkHttp  ( 3926): Accept-Ranges: bytes
07-06 00:34:32.223 D/OkHttp  ( 3926): Age: 193444
07-06 00:34:32.223 D/OkHttp  ( 3926): Via: 1.1 chzhwt170:9 (Cdn Cache Server V2.0)[0 200 0], 1.1 nwangtong95:7 (Cdn Cache Server V2.0)[0 200 0]
07-06 00:34:32.223 D/OkHttp  ( 3926): Connection: keep-alive
07-06 00:34:32.223 D/OkHttp  ( 3926): <-- END HTTP
07-06 00:34:32.230 I/HLSP2P  ( 8504): ## 2017-07-06 00:34:32.230 [8504,8700,:0] INFO ## [HLSP2P][PunchHelper.cpp:434][INFO][OnHeartbeatRsp][PunchHelper] punch heartbeat rsp ok
07-06 00:34:32.232 D/TabView ( 3926): 
07-06 00:34:32.233 D/TabView ( 3926): 
07-06 00:34:32.238 D/TabView ( 3926): 
07-06 00:34:32.238 D/NetworkManager( 3926): [TID 4124] >> request(http://www.baidu.com, 21313724)
07-06 00:34:32.239 D/NetworkManager( 3926): [TID 4124] request(http://www.baidu.com, 21313724): openConnection
07-06 00:34:32.240 D/TabView ( 3926): 
07-06 00:34:32.241 D/HttpHandler( 3926): RetryIntercepter-->retryNum=0
07-06 00:34:32.241 D/HttpHandler( 3926): RetryIntercepter-->backoffmutiplier=0
07-06 00:34:32.246 D/TabView ( 3926): 
07-06 00:34:32.248 D/TabView ( 3926): 
07-06 00:34:32.250 D/TabView ( 3926): 
07-06 00:34:32.251 I/MyFragmentStateAdapter( 3926): getCount
07-06 00:34:32.251 I/MyFragmentStateAdapter( 3926): getCount
07-06 00:34:32.263 I/TabView ( 3926): onScroll:,firstItem=0,visibleCount=6,totalCount=10
07-06 00:34:32.264 I/FirstLineAdapter( 3926): canShowTrailer,isOffline=false
07-06 00:34:32.264 I/FirstLineAdapter( 3926): canShowTrailer,isOffline=false
07-06 00:34:32.264 I/FirstLineAdapter( 3926): canShowTrailer,isOffline=false
07-06 00:34:32.264 I/FirstLineAdapter( 3926): canShowTrailer,isOffline=false
07-06 00:34:32.264 I/FirstLineAdapter( 3926): canShowTrailer,isOffline=false
07-06 00:34:32.264 I/FirstLineAdapter( 3926): canShowTrailer,isOffline=false
07-06 00:34:32.264 I/FirstLineAdapter( 3926): canShowTrailer,isOffline=false
07-06 00:34:32.269 D/Carousel-CarouselChannelItemView( 3926): Listitem imageUrl:http://picture.edu.hismarttv.com/images/20170628102959016598.jpg
07-06 00:34:32.279 D/Carousel-Utils( 3926): onResourceReady.
07-06 00:34:32.282 D/Carousel-CarouselChannelItemView( 3926): Listitem imageUrl:http://picture.edu.hismarttv.com/images/20170628103002814396.jpg
07-06 00:34:32.282 D/Carousel-Utils( 3926): onResourceReady.
07-06 00:34:32.284 D/Carousel-CarouselChannelItemView( 3926): Listitem imageUrl:http://picture.edu.hismarttv.com/images/20170628103009181182.jpg
07-06 00:34:32.285 D/Carousel-CarouselChannelItemView( 3926): Listitem imageUrl:http://picture.edu.hismarttv.com/images/20170628102959016598.jpg
07-06 00:34:32.285 D/Carousel-Utils( 3926): onResourceReady.
07-06 00:34:32.288 D/Carousel-CarouselChannelItemView( 3926): Listitem imageUrl:http://picture.edu.hismarttv.com/images/20170628103002814396.jpg
07-06 00:34:32.288 D/Carousel-Utils( 3926): onResourceReady.
07-06 00:34:32.289 D/Carousel-CarouselChannelItemView( 3926): Listitem imageUrl:http://picture.edu.hismarttv.com/images/20170628103009181182.jpg
07-06 00:34:32.297 I/FirstLineAdapter( 3926): canShowTrailer,isOffline=false
07-06 00:34:32.297 I/FirstLineAdapter( 3926): canShowTrailer,isOffline=false
07-06 00:34:32.298 I/head    ( 3926): item=com.hisense.leanback.widget.ListRow@1782caa
07-06 00:34:32.298 I/CardSelectionPresenter( 3926): onViewDetachedFromWindow mTitleTx = 
07-06 00:34:32.299 I/CardSelectionPresenter( 3926): onViewDetachedFromWindow mTitleTx = 
07-06 00:34:32.299 I/CardSelectionPresenter( 3926): onViewDetachedFromWindow mTitleTx = 
07-06 00:34:32.299 I/CardSelectionPresenter( 3926): onUnbindViewHolder mTitleTx = 
07-06 00:34:32.300 I/CardSelectionPresenter( 3926): onViewDetachedFromWindow mTitleTx = 
07-06 00:34:32.300 I/CardSelectionPresenter( 3926): onUnbindViewHolder mTitleTx = 
07-06 00:34:32.300 I/CardSelectionPresenter( 3926): onUnbindViewHolder mTitleTx = 
07-06 00:34:32.300 I/CardSelectionPresenter( 3926): onUnbindViewHolder mTitleTx = 
07-06 00:34:32.300 I/ContentBridgeAdapterListener( 3926): onBind 
07-06 00:34:32.301 I/CardSelectionPresenter( 3926): onCreateViewHoldercom.hisense.leanback.widget.HorizontalGridView{e106140 VFE..... ......ID 0,0-1738,279 #7f0d038e app:id/row_content}
07-06 00:34:32.308 I/CardSelectionPresenter( 3926): onBindViewHolder
07-06 00:34:32.308 D/sloven  ( 3926): 1002---true
07-06 00:34:32.309 I/CardSelectionPresenter( 3926): width=400,height=220
07-06 00:34:32.314 D/skia    ( 3926): --- SkImageDecoder::Factory returned null
07-06 00:34:32.319 D/skia    ( 3926): --- SkImageDecoder::Factory returned null
07-06 00:34:32.325 D/OkHttp  ( 3926): <-- 200 OK http://picture.edu.hismarttv.com/images/20170628104504467308.jpg (119ms)
07-06 00:34:32.325 D/OkHttp  ( 3926): Date: Wed, 05 Jul 2017 12:25:45 GMT
07-06 00:34:32.325 D/OkHttp  ( 3926): Server: nginx
07-06 00:34:32.325 D/OkHttp  ( 3926): Content-Type: image/jpeg
07-06 00:34:32.325 D/OkHttp  ( 3926): Content-Length: 376321
07-06 00:34:32.325 D/OkHttp  ( 3926): Last-Modified: Wed, 28 Jun 2017 10:45:04 GMT
07-06 00:34:32.325 D/OkHttp  ( 3926): ETag: "595388b0-5be01"
07-06 00:34:32.325 D/OkHttp  ( 3926): Accept-Ranges: bytes
07-06 00:34:32.325 D/OkHttp  ( 3926): Age: 14927
07-06 00:34:32.325 D/OkHttp  ( 3926): Via: 1.1 hewangtong174:5 (Cdn Cache Server V2.0)[35 200 2], 1.1 changwtong52:5 (Cdn Cache Server V2.0)[96 200 0]
07-06 00:34:32.325 D/OkHttp  ( 3926): Connection: keep-alive
07-06 00:34:32.325 D/OkHttp  ( 3926): <-- END HTTP
07-06 00:34:32.326 D/HttpHandler( 3926): RetryIntercepter-->retryNum=0
07-06 00:34:32.326 D/HttpHandler( 3926): RetryIntercepter-->backoffmutiplier=0
07-06 00:34:32.327 I/TVMW@HsTvSetting( 1234): Trace cmd, data = 0x1058
07-06 00:34:32.327 D/til@system( 2026): til_get_system_param option:100002F int:0, bool:0, ret:0
07-06 00:34:32.328 I/TVMW@HsTvSetting( 1234): Trace cmd, data = 0x101f
07-06 00:34:32.328 D/til@system( 2026): til_get_system_param option:100001D int:3, bool:3, ret:0
07-06 00:34:32.328 E/til     ( 2026): [til_get_current_input_source, 101] 
07-06 00:34:32.330 I/TVMW@HsTvSetting( 1234): Trace cmd, data = 0x7007
07-06 00:34:32.330 I/tilwrapper@sm( 2026): HS2TIL_SourceType *hs=0xd, *til=0x900
07-06 00:34:32.330 D/til     ( 2026): get current source 2304
07-06 00:34:32.331 D/SourceRemoteServiceHandler( 2026): getCurrentInputSource.from.til.result is 0, value is 2304
07-06 00:34:32.331 D/SourceRemoteServiceHandler( 2026): getInputSourceType source: 0x900, type=2304
07-06 00:34:32.331 D/til     ( 2026): ###### func:til_get_picture_param option:0x3000006 ######  
07-06 00:34:32.331 I/TVMW@HsTvSetting( 1234): Trace cmd, data = 0x1003
07-06 00:34:32.332 I/TVMW@HsTvSetting( 1234): Trace cmd, data = 0x8032
07-06 00:34:32.332 E/TVMW@videoctrl( 1234):  getOsd is 1
07-06 00:34:32.333 I/MiSysSrv( 1214): Not support now! 42, change to mm_video!!!
07-06 00:34:32.333 D/til@system( 2026): til_get_system_param option:1000027 int:1, bool:1, ret:0
07-06 00:34:32.333 D/til     ( 2026): ###### func:til_get_picture_param option:0x3000045 ######  
07-06 00:34:32.333 I/TVMW@HsTvSetting( 1234): Trace cmd, data = 0x300c
07-06 00:34:32.333 I/TVMW@HsTvSetting( 1234): Trace 3d, data = 0x300c
07-06 00:34:32.333 I/TVMW@3d ( 1234): Hs_debug3d_trace: func:get3dStatus, line:109
07-06 00:34:32.338 I/CardSelectionPresenter( 3926): onUnbindViewHolder mTitleTx = 
07-06 00:34:32.339 I/hstvos  ( 1216): [0m[1;33m[HSHAL][HS_VIDEO][HS_HAL_Video_SetOsdDetect_v2][2389]u16Threshold = 20
07-06 00:34:32.342 I/CardSelectionPresenter( 3926): onBindViewHolder
07-06 00:34:32.342 D/sloven  ( 3926): 1002---true
07-06 00:34:32.342 I/CardSelectionPresenter( 3926): width=400,height=220
07-06 00:34:32.343 D/hailongqiu( 3926): hailongqiu position:0
07-06 00:34:32.345 E/NetworkManager( 3926): [TID 4124] << request(http://www.baidu.com, 21313724): connect internet failed, url=http://www.baidu.com
07-06 00:34:32.348 I/CardSelectionPresenter( 3926): onCreateViewHoldercom.hisense.leanback.widget.HorizontalGridView{e106140 VFE..... ......ID 0,0-1738,279 #7f0d038e app:id/row_content}
07-06 00:34:32.350 D/NetworkManager( 3926): [TID 4123] tryConnectFirst: result=false, time consumed=197ms
07-06 00:34:32.350 D/NetworkManager( 3926): [TID 4123] >> getRequestTask(http://www.qq.com)
07-06 00:34:32.351 D/NetworkManager( 3926): [TID 4124] >> request(http://www.qq.com, 21313921)
07-06 00:34:32.351 D/NetworkManager( 3926): [TID 4124] request(http://www.qq.com, 21313921): openConnection
07-06 00:34:32.353 D/NetworkManager( 3926): [TID 4123] getRequestTask(http://www.qq.com): current pool size=2, queue=[]
07-06 00:34:32.353 D/NetworkManager( 3926): [TID 4123] getRequestTask(http://www.qq.com): submitted task={java.util.concurrent.FutureTask@1e67a381, 21313921}
07-06 00:34:32.353 D/NetworkManager( 3926): [TID 4123] << getRequestTask(http://www.qq.com): returned task=java.util.concurrent.FutureTask@1e67a381
07-06 00:34:32.353 D/NetworkManager( 3926): [TID 4123] >> getRequestTask(http://www.iqiyi.com)
07-06 00:34:32.353 D/NetworkManager( 3926): [TID 4123] getRequestTask(http://www.iqiyi.com): current pool size=3, queue=[]
07-06 00:34:32.353 D/NetworkManager( 3926): [TID 4123] getRequestTask(http://www.iqiyi.com): submitted task={java.util.concurrent.FutureTask@1e5bc067, 21313924}
07-06 00:34:32.353 D/NetworkManager( 3926): [TID 4123] << getRequestTask(http://www.iqiyi.com): returned task=java.util.concurrent.FutureTask@1e5bc067
07-06 00:34:32.353 D/NetworkManager( 3926): [TID 4123] >> getRequestTask(http://www.163.com)
07-06 00:34:32.354 I/CardSelectionPresenter( 3926): onBindViewHolder
07-06 00:34:32.354 D/sloven  ( 3926): 1002---true
07-06 00:34:32.354 I/CardSelectionPresenter( 3926): width=400,height=220
07-06 00:34:32.355 D/NetworkManager( 3926): [TID 4127] >> request(http://www.iqiyi.com, 21313924)
07-06 00:34:32.355 D/NetworkManager( 3926): [TID 4127] request(http://www.iqiyi.com, 21313924): openConnection
07-06 00:34:32.360 I/CardSelectionPresenter( 3926): onCreateViewHoldercom.hisense.leanback.widget.HorizontalGridView{e106140 VFE..... ......ID 0,0-1738,279 #7f0d038e app:id/row_content}
07-06 00:34:32.366 D/NetworkManager( 3926): [TID 4123] getRequestTask(http://www.163.com): current pool size=4, queue=[]
07-06 00:34:32.366 D/NetworkManager( 3926): [TID 4123] getRequestTask(http://www.163.com): submitted task={java.util.concurrent.FutureTask@19bf9157, 21313925}
07-06 00:34:32.366 D/NetworkManager( 3926): [TID 4123] << getRequestTask(http://www.163.com): returned task=java.util.concurrent.FutureTask@19bf9157
07-06 00:34:32.366 D/NetworkManager( 3926): [TID 4123] >> getRequestTask(http://www.taobao.com)
07-06 00:34:32.366 D/NetworkManager( 3926): [TID 4123] getRequestTask(http://www.taobao.com): current pool size=5, queue=[]
07-06 00:34:32.367 D/NetworkManager( 3926): [TID 4123] getRequestTask(http://www.taobao.com): submitted task={java.util.concurrent.FutureTask@7eb092d, 21313938}
07-06 00:34:32.367 D/NetworkManager( 3926): [TID 4123] << getRequestTask(http://www.taobao.com): returned task=java.util.concurrent.FutureTask@7eb092d
07-06 00:34:32.367 D/NetworkManager( 3926): [TID 4123] >> getRequestTask(http://www.sina.com.cn)
07-06 00:34:32.367 I/CardSelectionPresenter( 3926): onBindViewHolder
07-06 00:34:32.367 D/sloven  ( 3926): 1002---true
07-06 00:34:32.367 I/CardSelectionPresenter( 3926): width=400,height=220
07-06 00:34:32.368 D/NetworkManager( 3926): [TID 4131] >> request(http://www.sina.com.cn, 21313938)
07-06 00:34:32.369 D/NetworkManager( 3926): [TID 4131] request(http://www.sina.com.cn, 21313938): openConnection
07-06 00:34:32.371 I/CardSelectionPresenter( 3926): onCreateViewHoldercom.hisense.leanback.widget.HorizontalGridView{e106140 VFE..... ......ID 0,0-1738,279 #7f0d038e app:id/row_content}
07-06 00:34:32.377 D/NetworkManager( 3926): [TID 4130] >> request(http://www.taobao.com, 21313938)
07-06 00:34:32.377 I/CardSelectionPresenter( 3926): onBindViewHolder
07-06 00:34:32.377 D/NetworkManager( 3926): [TID 4123] getRequestTask(http://www.sina.com.cn): current pool size=6, queue=[]
07-06 00:34:32.377 D/sloven  ( 3926): 1002---true
07-06 00:34:32.377 D/NetworkManager( 3926): [TID 4123] getRequestTask(http://www.sina.com.cn): submitted task={java.util.concurrent.FutureTask@1dcd979d, 21313938}
07-06 00:34:32.377 D/NetworkManager( 3926): [TID 4123] << getRequestTask(http://www.sina.com.cn): returned task=java.util.concurrent.FutureTask@1dcd979d
07-06 00:34:32.377 I/CardSelectionPresenter( 3926): width=400,height=220
07-06 00:34:32.378 D/NetworkManager( 3926): [TID 4130] request(http://www.taobao.com, 21313938): openConnection
07-06 00:34:32.385 D/NetworkManager( 3926): [TID 4129] >> request(http://www.163.com, 21313925)
07-06 00:34:32.386 D/NetworkManager( 3926): [TID 4129] request(http://www.163.com, 21313925): openConnection
07-06 00:34:32.387 I/CardSelectionPresenter( 3926): onCreateViewHoldercom.hisense.leanback.widget.HorizontalGridView{e106140 VFE..... ......ID 0,0-1738,279 #7f0d038e app:id/row_content}
07-06 00:34:32.393 I/CardSelectionPresenter( 3926): onBindViewHolder
07-06 00:34:32.393 D/sloven  ( 3926): 1002---true
07-06 00:34:32.393 I/CardSelectionPresenter( 3926): width=0,height=220
07-06 00:34:32.404 D/Carousel-CarouselView( 3926): ============>onScrollChanged hashCode:912068198
07-06 00:34:32.415 D/NetworkManager( 3926): [TID 4124] << request(http://www.qq.com, 21313921): connect internet success, url=http://www.qq.com
07-06 00:34:32.419 D/NetworkManager( 3926): [TID 4123] retryConnectOthers: result=true, time consumed=70ms
07-06 00:34:32.427 D/NetworkManager( 3926): [TID 4123] getRealState: activeNetInfo={[type: Ethernet[], state: CONNECTED/CONNECTED, reason: (unspecified), extra: a8:a6:48:18:fc:a8, roaming: false, failover: false, isAvailable: true, isConnectedToProvisioningNetwork: false]}, isConnected=true
07-06 00:34:32.432 I/MyFragmentStateAdapter( 3926): getCount
07-06 00:34:32.439 E/NetworkManager( 3926): [TID 4131] << request(http://www.sina.com.cn, 21313938): connect internet failed, url=http://www.sina.com.cn
07-06 00:34:32.444 D/gralloc ( 1204): allocate buffer from ION HEAP 0x1
07-06 00:34:32.444 D/gralloc ( 1204): allocate memory from system heap
07-06 00:34:32.451 E/NetworkManager( 3926): [TID 4130] << request(http://www.taobao.com, 21313938): connect internet failed, url=http://www.taobao.com
07-06 00:34:32.475 D/OsdMonitorService( 1733): mCurrentWindow = com.hisense.hicloud.edca/com.hisense.tvui.newhome.HomeMainActivity; newWindow = com.hisense.hicloud.edca/com.hisense.tvui.newhome.HomeMainActivity; isSubWindow = false; isInWinList = false; isExitNow = false
07-06 00:34:32.475 D/OsdMonitorService( 1733): windowNotOsd() : name = com.hisense.hicloud.edca/com.hisense.tvui.newhome.HomeMainActivity
07-06 00:34:32.475 I/OsdMonitorService( 1733): setOsdStatus() : status will change from true to true
07-06 00:34:32.476 D/PowerManagerService( 1733): setScreenBrightnessOverrideFromWindowManagerInternal done
07-06 00:34:32.479 D/Surface ( 3926): onStatusChange() : mNativeObject = 0 mUseImageHwRender = false
07-06 00:34:32.480 D/Carousel-Utils( 3926): onResourceReady.
07-06 00:34:32.480 D/Carousel-Utils( 3926): onResourceReady.
07-06 00:34:32.487 D/Carousel-Utils( 3926): onResourceReady.
07-06 00:34:32.490 I/QiyiInitTool( 3926): onSuccess
07-06 00:34:32.506 D/HttpHandler( 3926): VerifySignInterCeptor-->request.url()=http://picture.edu.hismarttv.com/images/20170629/%E5%93%88%E5%88%A9%E8%AE%B2%E6%95%85%E4%BA%8B%EF%BC%88%E4%B8%80%EF%BC%89.jpg
07-06 00:34:32.506 D/HttpHandler( 3926): VerifySignInterCeptor-->hostname=picture.edu.hismarttv.com
07-06 00:34:32.507 D/Carousel-MyListView( 3926): setSelectionAndPadding position:1
07-06 00:34:32.508 D/TabFocusBorderView( 3926): SLOVEN onAnimationEnd
07-06 00:34:32.509 D/TabView ( 3926): SLOVEN border top===>:296---407
07-06 00:34:32.510 I/MyFragmentStateAdapter( 3926): getCount
07-06 00:34:32.510 I/MyFragmentStateAdapter( 3926): getCount
07-06 00:34:32.510 I/MyFragmentStateAdapter( 3926): getCount
07-06 00:34:32.510 I/MyFragmentStateAdapter( 3926): getCount
07-06 00:34:32.510 I/FirstLineAdapter( 3926): canShowTrailer,isOffline=false
07-06 00:34:32.510 I/FirstLineAdapter( 3926): canShowTrailer,isOffline=false
07-06 00:34:32.510 I/FirstLineAdapter( 3926): canShowTrailer,isOffline=false
07-06 00:34:32.510 I/FirstLineAdapter( 3926): canShowTrailer,isOffline=false
07-06 00:34:32.510 I/FirstLineAdapter( 3926): canShowTrailer,isOffline=false
07-06 00:34:32.510 I/FirstLineAdapter( 3926): canShowTrailer,isOffline=false
07-06 00:34:32.510 I/FirstLineAdapter( 3926): canShowTrailer,isOffline=false
07-06 00:34:32.511 D/HttpHandler( 3926): VerifySignInterCeptor-->request.url()=http://picture.edu.hismarttv.com/images/20170629/%E8%8B%B1%E8%AF%AD%E5%90%AF%E8%92%99.jpg
07-06 00:34:32.511 D/HttpHandler( 3926): VerifySignInterCeptor-->hostname=picture.edu.hismarttv.com
07-06 00:34:32.511 D/Carousel-CarouselChannelItemView( 3926): Listitem imageUrl:http://picture.edu.hismarttv.com/images/20170628102959016598.jpg
07-06 00:34:32.511 D/Carousel-Utils( 3926): onResourceReady.
07-06 00:34:32.513 D/Carousel-CarouselChannelItemView( 3926): Listitem imageUrl:http://picture.edu.hismarttv.com/images/20170628103002814396.jpg
07-06 00:34:32.514 D/Carousel-Utils( 3926): onResourceReady.
07-06 00:34:32.514 D/Carousel-CarouselChannelItemView( 3926): Listitem imageUrl:http://picture.edu.hismarttv.com/images/20170628103009181182.jpg
07-06 00:34:32.515 D/Carousel-Utils( 3926): onResourceReady.
07-06 00:34:32.515 D/Carousel-CarouselChannelItemView( 3926): Listitem imageUrl:http://picture.edu.hismarttv.com/images/20170628102959016598.jpg
07-06 00:34:32.516 D/Carousel-Utils( 3926): onResourceReady.
07-06 00:34:32.516 D/Carousel-CarouselChannelItemView( 3926): Listitem imageUrl:http://picture.edu.hismarttv.com/images/20170628103002814396.jpg
07-06 00:34:32.517 D/Carousel-Utils( 3926): onResourceReady.
07-06 00:34:32.517 D/OkHttp  ( 3926): --> GET http://picture.edu.hismarttv.com/images/20170629/%E8%8B%B1%E8%AF%AD%E5%90%AF%E8%92%99.jpg http/1.1
07-06 00:34:32.517 D/OkHttp  ( 3926): Host: picture.edu.hismarttv.com
07-06 00:34:32.517 D/OkHttp  ( 3926): Connection: Keep-Alive
07-06 00:34:32.517 D/OkHttp  ( 3926): Accept-Encoding: gzip
07-06 00:34:32.517 D/OkHttp  ( 3926): User-Agent: okhttp/3.6.0
07-06 00:34:32.517 D/OkHttp  ( 3926): --> END GET
07-06 00:34:32.517 D/Carousel-CarouselChannelItemView( 3926): Listitem imageUrl:http://picture.edu.hismarttv.com/images/20170628103009181182.jpg
07-06 00:34:32.518 D/Carousel-Utils( 3926): onResourceReady.
07-06 00:34:32.519 I/FirstLineAdapter( 3926): canShowTrailer,isOffline=false
07-06 00:34:32.519 I/FirstLineAdapter( 3926): canShowTrailer,isOffline=false
07-06 00:34:32.520 D/Carousel-CarouselView( 3926): ============>onScrollChanged hashCode:912068198
07-06 00:34:32.523 D/HttpHandler( 3926): VerifySignInterCeptor-->request.url()=http://picture.edu.hismarttv.com/images/20170629/30%E5%A4%A9%E5%86%99%E5%87%BA%E4%B8%80%E6%89%8B%E5%A5%BD%E5%AD%9720161129021942268280.jpg
07-06 00:34:32.523 D/HttpHandler( 3926): VerifySignInterCeptor-->hostname=picture.edu.hismarttv.com
07-06 00:34:32.523 I/MyFragmentStateAdapter( 3926): getCount
07-06 00:34:32.524 D/gralloc ( 1204): allocate buffer from ION HEAP 0x1
07-06 00:34:32.525 D/gralloc ( 1204): allocate memory from system heap
07-06 00:34:32.525 D/OkHttp  ( 3926): --> GET http://picture.edu.hismarttv.com/images/20170629/30%E5%A4%A9%E5%86%99%E5%87%BA%E4%B8%80%E6%89%8B%E5%A5%BD%E5%AD%9720161129021942268280.jpg http/1.1
07-06 00:34:32.526 D/HttpHandler( 3926): RetryIntercepter-->retryNum=0
07-06 00:34:32.526 D/HttpHandler( 3926): RetryIntercepter-->backoffmutiplier=0
07-06 00:34:32.527 D/OkHttp  ( 3926): Host: picture.edu.hismarttv.com
07-06 00:34:32.527 D/OkHttp  ( 3926): Connection: Keep-Alive
07-06 00:34:32.527 D/OkHttp  ( 3926): Accept-Encoding: gzip
07-06 00:34:32.527 D/OkHttp  ( 3926): User-Agent: okhttp/3.6.0
07-06 00:34:32.527 D/OkHttp  ( 3926): --> END GET
07-06 00:34:32.530 D/MC_MEMORY( 8248): max: 256.261888 Mb, heap: 10.10788 Mb, allocated: 9.9823 Mb, free: 0.965 Mb, native heap: 12.12276 Mb, native allocated: 8.8402 Mb, native free: 3.3874 Mb
07-06 00:34:32.533 D/OkHttp  ( 3926): <-- 200 OK http://picture.edu.hismarttv.com/images/20170629/%E8%8B%B1%E8%AF%AD%E5%90%AF%E8%92%99.jpg (16ms)
07-06 00:34:32.544 D/HiNetworkImpl( 3926): doHttp_Asyn(): onReqResponse isSuccessful = true, back from thread: main
07-06 00:34:32.550 D/OkHttp  ( 3926): Date: Mon, 03 Jul 2017 10:50:27 GMT
07-06 00:34:32.550 D/OkHttp  ( 3926): Server: nginx
07-06 00:34:32.550 D/OkHttp  ( 3926): Content-Type: image/jpeg
07-06 00:34:32.550 D/OkHttp  ( 3926): Content-Length: 57011
07-06 00:34:32.550 D/OkHttp  ( 3926): Last-Modified: Fri, 09 Jun 2017 14:49:58 GMT
07-06 00:34:32.550 D/OkHttp  ( 3926): ETag: "593ab596-deb3"
07-06 00:34:32.550 D/OkHttp  ( 3926): Accept-Ranges: bytes
07-06 00:34:32.550 D/OkHttp  ( 3926): Age: 193445
07-06 00:34:32.550 D/OkHttp  ( 3926): Via: 1.1 jnwt244:0 (Cdn Cache Server V2.0)[15 200 0], 1.1 anwangtong101:7 (Cdn Cache Server V2.0)[0 200 0]
07-06 00:34:32.550 D/OkHttp  ( 3926): Connection: keep-alive
07-06 00:34:32.550 D/OkHttp  ( 3926): <-- END HTTP
07-06 00:34:32.558 I/TVMW@devctrl( 1234): wdt
07-06 00:34:32.562 D/OkHttp  ( 3926): <-- 200 OK http://picture.edu.hismarttv.com/images/20170629/30%E5%A4%A9%E5%86%99%E5%87%BA%E4%B8%80%E6%89%8B%E5%A5%BD%E5%AD%9720161129021942268280.jpg (34ms)
07-06 00:34:32.562 D/OkHttp  ( 3926): Date: Mon, 03 Jul 2017 10:17:10 GMT
07-06 00:34:32.562 D/OkHttp  ( 3926): Server: nginx
07-06 00:34:32.562 D/OkHttp  ( 3926): Content-Type: image/jpeg
07-06 00:34:32.562 D/OkHttp  ( 3926): Content-Length: 137170
07-06 00:34:32.562 D/OkHttp  ( 3926): Last-Modified: Fri, 09 Jun 2017 14:48:12 GMT
07-06 00:34:32.562 D/OkHttp  ( 3926): ETag: "593ab52c-217d2"
07-06 00:34:32.562 D/OkHttp  ( 3926): Accept-Ranges: bytes
07-06 00:34:32.562 D/OkHttp  ( 3926): Age: 195442
07-06 00:34:32.562 D/OkHttp  ( 3926): Via: 1.1 changzhiwangtong169:2 (Cdn Cache Server V2.0)[0 200 0], 1.1 t86:0 (Cdn Cache Server V2.0)[0 200 0]
07-06 00:34:32.562 D/OkHttp  ( 3926): Connection: keep-alive
07-06 00:34:32.562 D/OkHttp  ( 3926): <-- END HTTP
07-06 00:34:32.566 I/HiNetworkImpl( 3926): doHttp_Asyn(): onSuccess clazz = class com.hisense.sdk.domain.MemberOrder, back from thread: main
07-06 00:34:32.566 I/HomeMainActivity( 3926): finishHttpTime : 21314138   496
07-06 00:34:32.571 D/HttpHandler( 3926): RetryIntercepter-->retryNum=0
07-06 00:34:32.571 D/HttpHandler( 3926): RetryIntercepter-->backoffmutiplier=0
07-06 00:34:32.571 D/til@system( 2026): til_get_system_param option:1000007 int:-1815632896, bool:0, ret:0
07-06 00:34:32.572 D/til@system( 2026): til_get_system_param option:1000009 int:-1936523008, bool:0, ret:0
07-06 00:34:32.573 D/HttpHandler( 3926): RetryIntercepter-->retryNum=0
07-06 00:34:32.573 D/HttpHandler( 3926): RetryIntercepter-->backoffmutiplier=0
07-06 00:34:32.573 D/til@system( 2026): til_get_system_param option:1000008 int:-1815634176, bool:0, ret:0
07-06 00:34:32.573 D/HiSDKLogReport( 3926): getOperationDetail-productName : LED50MU8600UC
07-06 00:34:32.574 D/HiSDKLogReport( 3926): getOperationDetail-plmNumber : 88888
07-06 00:34:32.574 D/HiSDKLogReport( 3926): getOperationDetail-swVersion : V0000.00.01A
07-06 00:34:32.574 D/HiSDKLogReport( 3926): getOperationDetail-operationDetail : LED50MU8600UC0000888
07-06 00:34:32.574 D/HiSDKLogReport( 3926): processLogReport-log : {eventType=162, appKey=1182445233, APPVersionName=3.0.0.9.00, devid=86100300900000500000060a4818fca8, mac=a8:a6:48:18:fc:a8, uuid=13287129, accessToken=72DF6038D2AEAB8A76DFBBBBCC428A4A_003813238909840, APIversion=501, logversion=2.0, devType=0, APPPackage=com.hisense.hicloud.edca, eventPos=002, requesttime=1499272472574, customerId=7195320, value2=, eventMessage=HttpConnection, value1=496, model_id=0, ChannelId=0, version=00.002.003, tv_distribute_id=00, subscriberId=13287129, APIVersion=600, PFAPPCode=652, softwareVersion=LED50MU8600UC0000888}
07-06 00:34:32.574 I/HomeMainActivity( 3926): getUserType  response : 2 null
07-06 00:34:32.574 I/HomeMainActivity( 3926): this is LowMemoryConfiguration 
07-06 00:34:32.579 W/System.err( 3926): java.net.ConnectException: failed to connect to /10.18.210.112 (port 8900) after 6000ms: isConnected failed: ECONNREFUSED (Connection refused)
07-06 00:34:32.580 W/System.err( 3926): 	at libcore.io.IoBridge.isConnected(IoBridge.java:238)
07-06 00:34:32.580 W/System.err( 3926): 	at libcore.io.IoBridge.connectErrno(IoBridge.java:171)
07-06 00:34:32.580 W/System.err( 3926): 	at libcore.io.IoBridge.connect(IoBridge.java:122)
07-06 00:34:32.580 W/System.err( 3926): 	at java.net.PlainSocketImpl.connect(PlainSocketImpl.java:183)
07-06 00:34:32.580 W/System.err( 3926): 	at java.net.PlainSocketImpl.connect(PlainSocketImpl.java:456)
07-06 00:34:32.580 W/System.err( 3926): 	at java.net.Socket.connect(Socket.java:882)
07-06 00:34:32.580 W/System.err( 3926): 	at com.android.okhttp.internal.Platform.connectSocket(Platform.java:174)
07-06 00:34:32.580 W/System.err( 3926): 	at com.android.okhttp.Connection.connect(Connection.java:152)
07-06 00:34:32.580 W/System.err( 3926): 	at com.android.okhttp.internal.http.HttpEngine.connect(HttpEngine.java:276)
07-06 00:34:32.580 W/System.err( 3926): 	at com.android.okhttp.internal.http.HttpEngine.sendRequest(HttpEngine.java:211)
07-06 00:34:32.580 W/System.err( 3926): 	at com.android.okhttp.internal.http.HttpURLConnectionImpl.execute(HttpURLConnectionImpl.java:382)
07-06 00:34:32.581 W/System.err( 3926): 	at com.android.okhttp.internal.http.HttpURLConnectionImpl.connect(HttpURLConnectionImpl.java:106)
07-06 00:34:32.581 W/System.err( 3926): 	at com.hisense.hitv.hicloud.util.ExceptionReport.a(ExceptionReport.java:337)
07-06 00:34:32.581 W/System.err( 3926): 	at com.hisense.hitv.hicloud.util.ExceptionReport.a(ExceptionReport.java:39)
07-06 00:34:32.581 W/System.err( 3926): 	at com.hisense.hitv.hicloud.util.ExceptionReport$1.run(ExceptionReport.java:83)
07-06 00:34:32.581 W/System.err( 3926): 	at java.lang.Thread.run(Thread.java:818)
07-06 00:34:32.581 W/System.err( 3926): Caused by: android.system.ErrnoException: isConnected failed: ECONNREFUSED (Connection refused)
07-06 00:34:32.581 W/System.err( 3926): 	at libcore.io.IoBridge.isConnected(IoBridge.java:223)
07-06 00:34:32.581 W/System.err( 3926): 	... 15 more
07-06 00:34:32.620 I/NetflixMonitorService( 1733): current fgapk : com.hisense.hicloud.edca
07-06 00:34:32.620 I/NetflixMonitorService( 1733): Netflix status unchanged
07-06 00:34:32.625 D/NetworkManager( 3926): [TID 4127] << request(http://www.iqiyi.com, 21313924): connect internet success, url=http://www.iqiyi.com
07-06 00:34:32.628 E/HomeMainActivity( 3926): BaseApplication.mAccountType == 2
07-06 00:34:32.629 I/HomeMainActivity( 3926): mBeginHttpTime : 21314200
07-06 00:34:32.629 I/HttpDnsUtils( 3926): postExperienceVIP(): --url = http://api.edu.hismarttv.com/payment/api/get/experience/member
07-06 00:34:32.629 V/HttpDnsUtils( 3926): getExperienceVIP 86100300900000500000060a4818fca8 7195320 13287129 0 2 0 0 0
07-06 00:34:32.629 E/NetUtils( 3926): encryption --- sign = accessToken=72DF6038D2AEAB8A76DFBBBBCC428A4A_003813238909840&days=0&devid=86100300900000500000060a4818fca8&mac=a8:a6:48:18:fc:a8&memberType=2&orderType=0&BDA9F96C98E9D5130A5AFB3411B5F9E0
07-06 00:34:32.631 D/til@system( 2026): til_get_system_param option:1000007 int:-1936522112, bool:128, ret:0
07-06 00:34:32.632 D/til@system( 2026): til_get_system_param option:1000009 int:-1936525184, bool:128, ret:0
07-06 00:34:32.633 D/til@system( 2026): til_get_system_param option:1000008 int:-1936522368, bool:128, ret:0
07-06 00:34:32.633 D/HttpDnsUtils( 3926): CEXX-getOperationDetail-productName : LED50MU8600UC
07-06 00:34:32.634 D/HttpDnsUtils( 3926): CEXX-getOperationDetail-plmNumber : 88888
07-06 00:34:32.634 D/HttpDnsUtils( 3926): CEXX-getOperationDetail-swVersion : V0000.00.01A
07-06 00:34:32.634 D/HttpDnsUtils( 3926): CEXX-getOperationDetail-operationDetail : LED50MU8600UC0000888
07-06 00:34:32.657 V/HttpDnsUtils( 3926): days 0 memberType 2 activityId 0
07-06 00:34:32.657 V/HttpDnsUtils( 3926): postExperienceVIP(): postMap = {customerId=7195320, memberType=2, PFAPPCode=652, accessToken=72DF6038D2AEAB8A76DFBBBBCC428A4A_003813238909840, ChannelId=0, APPVersionName=3.0.0.9.00, model_id=0, orderType=0, mac=a8:a6:48:18:fc:a8, days=0, sign=5bdc46d0bc86faeabd5e48ec3ab1cea7, uuid=13287129, APPPackage=com.hisense.hicloud.edca, devid=86100300900000500000060a4818fca8, phone=18547412365, tv_distribute_id=00, softwareVersion=LED50MU8600UC0000888, subscriberId=13287129, version=00.002.003, customerName=18547412365, devType=0, APIVersion=600, activityId=0}
07-06 00:34:32.659 D/til@system( 2026): til_get_system_param option:1000007 int:-1815633792, bool:128, ret:0
07-06 00:34:32.660 D/til@system( 2026): til_get_system_param option:1000009 int:-1815632896, bool:0, ret:0
07-06 00:34:32.660 D/til@system( 2026): til_get_system_param option:1000008 int:-1936523008, bool:0, ret:0
07-06 00:34:32.661 D/HttpBuilder( 3926): getOperationDetail-productName : LED50MU8600UC
07-06 00:34:32.661 D/HttpBuilder( 3926): getOperationDetail-plmNumber : 88888
07-06 00:34:32.661 D/HttpBuilder( 3926): getOperationDetail-swVersion : V0000.00.01A
07-06 00:34:32.661 D/HttpBuilder( 3926): getOperationDetail-operationDetail : LED50MU8600UC0000888
07-06 00:34:32.700 I/HttpBuilder( 3926): addUrlPublicParams mUrl ==>http://api.edu.hismarttv.com/payment/api/get/experience/member?uuid=13287129&mac=a8:a6:48:18:fc:a8&devid=86100300900000500000060a4818fca8&version=00.002.003&subscriberId=13287129&customerId=7195320&model_id=0&APPPackage=com.hisense.hicloud.edca&PFAPPCode=652&APPVersionName=3.0.0.9.00&ChannelId=0&softwareVersion=LED50MU8600UC0000888&tv_distribute_id=00&devType=0&APIVersion=600&accessToken=72DF6038D2AEAB8A76DFBBBBCC428A4A_003813238909840
07-06 00:34:32.703 D/HttpHandler( 3926): VerifySignInterCeptor-->request.url()=http://api.edu.hismarttv.com/payment/api/get/experience/member?uuid=13287129&mac=a8:a6:48:18:fc:a8&devid=86100300900000500000060a4818fca8&version=00.002.003&subscriberId=13287129&customerId=7195320&model_id=0&APPPackage=com.hisense.hicloud.edca&PFAPPCode=652&APPVersionName=3.0.0.9.00&ChannelId=0&softwareVersion=LED50MU8600UC0000888&tv_distribute_id=00&devType=0&APIVersion=600&accessToken=72DF6038D2AEAB8A76DFBBBBCC428A4A_003813238909840
07-06 00:34:32.703 D/HttpHandler( 3926): VerifySignInterCeptor-->hostname=api.edu.hismarttv.com
07-06 00:34:32.710 D/HttpHandler( 3926): HttpDNS-->hostname=api.edu.hismarttv.com
07-06 00:34:32.716 D/HttpHandler( 3926): RAMCache-->hostInfo.getClientTimeStamp()=21309011
07-06 00:34:32.716 D/HttpHandler( 3926): RAMCache-->hostInfo.getTtl()=3600
07-06 00:34:32.717 D/HttpHandler( 3926): RAMCache-->SystemClock.elapsedRealtime()=21314288
07-06 00:34:32.750 E/TabView ( 3926): tab2
07-06 00:34:32.751 D/TabView ( 3926): SLOVEN mTopmBorderTop===>:0266
07-06 00:34:32.751 D/TabView ( 3926): tab scroll up listview
07-06 00:34:32.751 D/TabFocusBorderView( 3926): SLOVEN justchangeWidth
07-06 00:34:32.751 D/TabFocusBorderView( 3926): SLOVEN widthmWidth===>:220220
07-06 00:34:32.751 D/TabFocusBorderView( 3926): SLOVEN onAnimationStart
07-06 00:34:32.751 D/TabView ( 3926): SLOVEN mTopmBorderTop===>:407266
07-06 00:34:32.751 D/TabView ( 3926): setSelectedTabView
07-06 00:34:32.766 D/NetworkManager( 3926): [TID 3926] onNetStateChanged(2)
07-06 00:34:32.784 I/MyFragmentStateAdapter( 3926): getCount
07-06 00:34:32.784 I/MyFragmentStateAdapter( 3926): getCount
07-06 00:34:32.784 I/MyFragmentStateAdapter( 3926): getCount
07-06 00:34:32.784 I/MyFragmentStateAdapter( 3926): getCount
07-06 00:34:32.784 I/TabView ( 3926): onScroll:,firstItem=0,visibleCount=6,totalCount=10
07-06 00:34:32.785 I/FirstLineAdapter( 3926): canShowTrailer,isOffline=false
07-06 00:34:32.785 I/FirstLineAdapter( 3926): canShowTrailer,isOffline=false
07-06 00:34:32.785 I/FirstLineAdapter( 3926): canShowTrailer,isOffline=false
07-06 00:34:32.785 I/FirstLineAdapter( 3926): canShowTrailer,isOffline=false
07-06 00:34:32.785 I/FirstLineAdapter( 3926): canShowTrailer,isOffline=false
07-06 00:34:32.785 I/FirstLineAdapter( 3926): canShowTrailer,isOffline=false
07-06 00:34:32.785 I/FirstLineAdapter( 3926): canShowTrailer,isOffline=false
07-06 00:34:32.785 I/FirstLineAdapter( 3926): canShowTrailer,isOffline=false
07-06 00:34:32.785 I/FirstLineAdapter( 3926): canShowTrailer,isOffline=false
07-06 00:34:32.791 D/Carousel-CarouselView( 3926): ============>onScrollChanged hashCode:912068198
07-06 00:34:32.798 I/MyFragmentStateAdapter( 3926): getCount
07-06 00:34:32.829 D/HttpHandler( 3926): DNSHelper-->gslbDns=["123.103.91.123"]
07-06 00:34:32.834 I/TVMW@HsTvSetting( 1234): Trace cmd, data = 0x1058
07-06 00:34:32.835 D/til@system( 2026): til_get_system_param option:100002F int:0, bool:0, ret:0
07-06 00:34:32.835 I/TVMW@HsTvSetting( 1234): Trace cmd, data = 0x101f
07-06 00:34:32.835 D/til@system( 2026): til_get_system_param option:100001D int:3, bool:3, ret:0
07-06 00:34:32.835 E/til     ( 2026): [til_get_current_input_source, 101] 
07-06 00:34:32.835 I/TVMW@HsTvSetting( 1234): Trace cmd, data = 0x7007
07-06 00:34:32.835 I/tilwrapper@sm( 2026): HS2TIL_SourceType *hs=0xd, *til=0x900
07-06 00:34:32.835 D/til     ( 2026): get current source 2304
07-06 00:34:32.835 D/SourceRemoteServiceHandler( 2026): getCurrentInputSource.from.til.result is 0, value is 2304
07-06 00:34:32.835 D/SourceRemoteServiceHandler( 2026): getInputSourceType source: 0x900, type=2304
07-06 00:34:32.835 D/til     ( 2026): ###### func:til_get_picture_param option:0x3000006 ######  
07-06 00:34:32.835 I/TVMW@HsTvSetting( 1234): Trace cmd, data = 0x1003
07-06 00:34:32.836 I/TVMW@HsTvSetting( 1234): Trace cmd, data = 0x8032
07-06 00:34:32.836 I/hstvos  ( 1216): [0m[1;33m[HSHAL][HS_VIDEO][HS_HAL_Video_SetOsdDetect_v2][2389]u16Threshold = 20
07-06 00:34:32.836 I/MiSysSrv( 1214): Not support now! 42, change to mm_video!!!
07-06 00:34:32.845 E/TVMW@videoctrl( 1234):  getOsd is 1
07-06 00:34:32.845 D/til@system( 2026): til_get_system_param option:1000027 int:1, bool:1, ret:0
07-06 00:34:32.845 D/til     ( 2026): ###### func:til_get_picture_param option:0x3000045 ######  
07-06 00:34:32.846 I/TVMW@HsTvSetting( 1234): Trace cmd, data = 0x300c
07-06 00:34:32.846 I/TVMW@HsTvSetting( 1234): Trace 3d, data = 0x300c
07-06 00:34:32.846 I/TVMW@3d ( 1234): Hs_debug3d_trace: func:get3dStatus, line:109
07-06 00:34:32.852 D/OkHttp  ( 3926): --> POST http://api.edu.hismarttv.com/payment/api/get/experience/member?uuid=13287129&mac=a8:a6:48:18:fc:a8&devid=86100300900000500000060a4818fca8&version=00.002.003&subscriberId=13287129&customerId=7195320&model_id=0&APPPackage=com.hisense.hicloud.edca&PFAPPCode=652&APPVersionName=3.0.0.9.00&ChannelId=0&softwareVersion=LED50MU8600UC0000888&tv_distribute_id=00&devType=0&APIVersion=600&accessToken=72DF6038D2AEAB8A76DFBBBBCC428A4A_003813238909840 http/1.1
07-06 00:34:32.852 D/OkHttp  ( 3926): Content-Type: application/x-www-form-urlencoded
07-06 00:34:32.852 D/OkHttp  ( 3926): Content-Length: 512
07-06 00:34:32.852 D/OkHttp  ( 3926): Data_Type: JSON
07-06 00:34:32.852 D/OkHttp  ( 3926): RetryTime: 0
07-06 00:34:32.852 D/OkHttp  ( 3926): Backoffmutiplier: 0
07-06 00:34:32.852 D/OkHttp  ( 3926): Host: api.edu.hismarttv.com
07-06 00:34:32.852 D/OkHttp  ( 3926): Connection: Keep-Alive
07-06 00:34:32.852 D/OkHttp  ( 3926): Accept-Encoding: gzip
07-06 00:34:32.852 D/OkHttp  ( 3926): User-Agent: okhttp/3.6.0
07-06 00:34:32.852 D/OkHttp  ( 3926): --> END POST
07-06 00:34:32.856 D/TabFocusBorderView( 3926): SLOVEN onAnimationCancel
07-06 00:34:32.856 D/TabFocusBorderView( 3926): SLOVEN onAnimationEnd
07-06 00:34:32.856 D/TabView ( 3926): SLOVEN border top===>:296---407
07-06 00:34:32.858 I/MyFragmentStateAdapter( 3926): getCount
07-06 00:34:32.858 I/MyFragmentStateAdapter( 3926): getCount
07-06 00:34:32.859 I/MyFragmentStateAdapter( 3926): getCount
07-06 00:34:32.859 I/MyFragmentStateAdapter( 3926): getCount
07-06 00:34:32.862 I/MyFragmentStateAdapter( 3926): getCount
07-06 00:34:32.870 I/MyFragmentStateAdapter( 3926): getCount
07-06 00:34:32.870 I/MyFragmentStateAdapter( 3926): getCount
07-06 00:34:32.870 I/MyFragmentStateAdapter( 3926): getCount
07-06 00:34:32.870 I/MyFragmentStateAdapter( 3926): getCount
07-06 00:34:32.874 I/MyFragmentStateAdapter( 3926): getCount
07-06 00:34:32.894 D/OkHttp  ( 3926): <-- 200 OK http://api.edu.hismarttv.com/payment/api/get/experience/member?uuid=13287129&mac=a8:a6:48:18:fc:a8&devid=86100300900000500000060a4818fca8&version=00.002.003&subscriberId=13287129&customerId=7195320&model_id=0&APPPackage=com.hisense.hicloud.edca&PFAPPCode=652&APPVersionName=3.0.0.9.00&ChannelId=0&softwareVersion=LED50MU8600UC0000888&tv_distribute_id=00&devType=0&APIVersion=600&accessToken=72DF6038D2AEAB8A76DFBBBBCC428A4A_003813238909840 (41ms)
07-06 00:34:32.894 D/OkHttp  ( 3926): Server: nginx
07-06 00:34:32.894 D/OkHttp  ( 3926): Date: Wed, 05 Jul 2017 16:34:32 GMT
07-06 00:34:32.894 D/OkHttp  ( 3926): Content-Type: application/json
07-06 00:34:32.894 D/OkHttp  ( 3926): Content-Length: 289
07-06 00:34:32.894 D/OkHttp  ( 3926): Connection: close
07-06 00:34:32.894 D/OkHttp  ( 3926): <-- END HTTP
07-06 00:34:32.895 D/HttpHandler( 3926): RetryIntercepter-->retryNum=0
07-06 00:34:32.895 D/HttpHandler( 3926): RetryIntercepter-->backoffmutiplier=0
07-06 00:34:32.910 D/HttpHandler( 3926): VerifySignInterCeptor-->dateType=1
07-06 00:34:32.910 D/HttpHandler( 3926): VerifySignInterCeptor-->HttpRequestManager.httpClietOption.getVerifyFlag()=1
07-06 00:34:32.912 D/HttpHandler( 3926): VerifySignInterCeptor-->content={"message": "\u6ca1\u6709\u67e5\u8be2\u5230id\u4e3a0\u7684\u5f39\u7a97\u4fe1\u606f", "success": false}
07-06 00:34:32.944 D/HiNetworkImpl( 3926): doHttp_Asyn(): onReqResponse isSuccessful = true, back from thread: main
07-06 00:34:32.946 I/HiNetworkImpl( 3926): doHttp_Asyn(): onSuccess clazz = class com.hisense.sdk.domain.ResponseResult, back from thread: main
07-06 00:34:32.947 I/HomeMainActivity( 3926): finishHttpTime : 21314518   318
07-06 00:34:32.948 D/til@system( 2026): til_get_system_param option:1000007 int:-1815634176, bool:0, ret:0
07-06 00:34:32.950 D/til@system( 2026): til_get_system_param option:1000009 int:-1936522112, bool:128, ret:0
07-06 00:34:32.951 D/til@system( 2026): til_get_system_param option:1000008 int:-1936525184, bool:128, ret:0
07-06 00:34:32.951 D/HiSDKLogReport( 3926): getOperationDetail-productName : LED50MU8600UC
07-06 00:34:32.951 D/HiSDKLogReport( 3926): getOperationDetail-plmNumber : 88888
07-06 00:34:32.951 D/HiSDKLogReport( 3926): getOperationDetail-swVersion : V0000.00.01A
07-06 00:34:32.952 D/HiSDKLogReport( 3926): getOperationDetail-operationDetail : LED50MU8600UC0000888
07-06 00:34:32.952 D/HiSDKLogReport( 3926): processLogReport-log : {eventType=163, appKey=1182445233, APPVersionName=3.0.0.9.00, devid=86100300900000500000060a4818fca8, mac=a8:a6:48:18:fc:a8, uuid=13287129, accessToken=72DF6038D2AEAB8A76DFBBBBCC428A4A_003813238909840, APIversion=501, logversion=2.0, devType=0, APPPackage=com.hisense.hicloud.edca, eventPos=002, requesttime=1499272472952, customerId=7195320, value2=, eventMessage=HttpConnection, value1=318, model_id=0, ChannelId=0, version=00.002.003, tv_distribute_id=00, subscriberId=13287129, APIVersion=600, PFAPPCode=652, softwareVersion=LED50MU8600UC0000888}
07-06 00:34:32.953 I/HomeMainActivity.java( 3926): VodLog-[onSuccess:1016]postExperienceVIP request fail.Error Message: id0
07-06 00:34:32.962 W/System.err( 3926): java.net.ConnectException: failed to connect to /10.18.210.112 (port 8900) after 6000ms: isConnected failed: ECONNREFUSED (Connection refused)
07-06 00:34:32.962 W/System.err( 3926): 	at libcore.io.IoBridge.isConnected(IoBridge.java:238)
07-06 00:34:32.962 W/System.err( 3926): 	at libcore.io.IoBridge.connectErrno(IoBridge.java:171)
07-06 00:34:32.962 W/System.err( 3926): 	at libcore.io.IoBridge.connect(IoBridge.java:122)
07-06 00:34:32.962 W/System.err( 3926): 	at java.net.PlainSocketImpl.connect(PlainSocketImpl.java:183)
07-06 00:34:32.962 W/System.err( 3926): 	at java.net.PlainSocketImpl.connect(PlainSocketImpl.java:456)
07-06 00:34:32.962 W/System.err( 3926): 	at java.net.Socket.connect(Socket.java:882)
07-06 00:34:32.962 W/System.err( 3926): 	at com.android.okhttp.internal.Platform.connectSocket(Platform.java:174)
07-06 00:34:32.962 W/System.err( 3926): 	at com.android.okhttp.Connection.connect(Connection.java:152)
07-06 00:34:32.962 W/System.err( 3926): 	at com.android.okhttp.internal.http.HttpEngine.connect(HttpEngine.java:276)
07-06 00:34:32.962 W/System.err( 3926): 	at com.android.okhttp.internal.http.HttpEngine.sendRequest(HttpEngine.java:211)
07-06 00:34:32.962 W/System.err( 3926): 	at com.android.okhttp.internal.http.HttpURLConnectionImpl.execute(HttpURLConnectionImpl.java:382)
07-06 00:34:32.962 W/System.err( 3926): 	at com.android.okhttp.internal.http.HttpURLConnectionImpl.connect(HttpURLConnectionImpl.java:106)
07-06 00:34:32.962 W/System.err( 3926): 	at com.hisense.hitv.hicloud.util.ExceptionReport.a(ExceptionReport.java:337)
07-06 00:34:32.962 W/System.err( 3926): 	at com.hisense.hitv.hicloud.util.ExceptionReport.a(ExceptionReport.java:39)
07-06 00:34:32.962 W/System.err( 3926): 	at com.hisense.hitv.hicloud.util.ExceptionReport$1.run(ExceptionReport.java:83)
07-06 00:34:32.962 W/System.err( 3926): 	at java.lang.Thread.run(Thread.java:818)
07-06 00:34:32.962 W/System.err( 3926): Caused by: android.system.ErrnoException: isConnected failed: ECONNREFUSED (Connection refused)
07-06 00:34:32.963 W/System.err( 3926): 	at libcore.io.IoBridge.isConnected(IoBridge.java:223)
07-06 00:34:32.963 W/System.err( 3926): 	... 15 more
07-06 00:34:32.971 I/MyFragmentStateAdapter( 3926): getCount
07-06 00:34:32.971 I/MyFragmentStateAdapter( 3926): getCount
07-06 00:34:32.972 I/MyFragmentStateAdapter( 3926): getCount
07-06 00:34:32.972 I/MyFragmentStateAdapter( 3926): getCount
07-06 00:34:32.975 I/MyFragmentStateAdapter( 3926): getCount
07-06 00:34:33.026 I/MyFragmentStateAdapter( 3926): getCount
07-06 00:34:33.164 D/NativeDecimalFormat( 7859): NativeDecimalFormat_close print addr=3692752128
07-06 00:34:33.164 D/NativeDecimalFormat( 7859): NativeDecimalFormat_close print g_addr=3694028288
07-06 00:34:33.164 D/NativeDecimalFormat( 7859): NativeDecimalFormat_close print addr=3694005248
07-06 00:34:33.164 D/NativeDecimalFormat( 7859): NativeDecimalFormat_close print g_addr=3694028288
07-06 00:34:33.164 D/NativeDecimalFormat( 7859): NativeDecimalFormat_close print addr=3694024448
07-06 00:34:33.164 D/NativeDecimalFormat( 7859): NativeDecimalFormat_close print g_addr=3694028288
07-06 00:34:33.164 D/NativeDecimalFormat( 7859): NativeDecimalFormat_close print addr=3694025216
07-06 00:34:33.164 D/NativeDecimalFormat( 7859): NativeDecimalFormat_close print g_addr=3694028288
07-06 00:34:33.164 D/NativeDecimalFormat( 7859): NativeDecimalFormat_close print addr=3688231680
07-06 00:34:33.164 D/NativeDecimalFormat( 7859): NativeDecimalFormat_close print g_addr=3694028288
07-06 00:34:33.164 D/NativeDecimalFormat( 7859): NativeDecimalFormat_close print addr=3689244928
07-06 00:34:33.164 D/NativeDecimalFormat( 7859): NativeDecimalFormat_close print g_addr=3694028288
07-06 00:34:33.164 D/NativeDecimalFormat( 7859): NativeDecimalFormat_close print addr=3694027520
07-06 00:34:33.164 D/NativeDecimalFormat( 7859): NativeDecimalFormat_close print g_addr=3694028288
07-06 00:34:33.164 D/NativeDecimalFormat( 7859): NativeDecimalFormat_close print addr=3694028288
07-06 00:34:33.164 D/NativeDecimalFormat( 7859): NativeDecimalFormat_close print g_addr=3694028288
07-06 00:34:33.170 I/MiSysSrv( 1214): [37m[INFO] Change to Voltage: 102 mv (0x23)[m
07-06 00:34:33.245 I/MyFragmentStateAdapter( 3926): getCount
07-06 00:34:33.269 I/MiSysSrv( 1214): [37m[INFO] Change to Voltage: 117 mv (0x32)[m
07-06 00:34:33.292 I/MyFragmentStateAdapter( 3926): getCount
07-06 00:34:33.341 I/MyFragmentStateAdapter( 3926): getCount
07-06 00:34:33.347 I/TVMW@HsTvSetting( 1234): Trace cmd, data = 0x1058
07-06 00:34:33.347 D/til@system( 2026): til_get_system_param option:100002F int:0, bool:0, ret:0
07-06 00:34:33.347 I/TVMW@HsTvSetting( 1234): Trace cmd, data = 0x101f
07-06 00:34:33.348 D/til@system( 2026): til_get_system_param option:100001D int:3, bool:3, ret:0
07-06 00:34:33.348 E/til     ( 2026): [til_get_current_input_source, 101] 
07-06 00:34:33.348 I/TVMW@HsTvSetting( 1234): Trace cmd, data = 0x7007
07-06 00:34:33.348 I/tilwrapper@sm( 2026): HS2TIL_SourceType *hs=0xd, *til=0x900
07-06 00:34:33.348 D/til     ( 2026): get current source 2304
07-06 00:34:33.348 D/SourceRemoteServiceHandler( 2026): getCurrentInputSource.from.til.result is 0, value is 2304
