07-06 01:02:50.636 D/til@system( 2026): til_get_system_param option:1000008 int:-1936525184, bool:128, ret:0
07-06 01:02:50.637 D/HiSDKLogReport(19779): getOperationDetail-productName : LED50MU8600UC
07-06 01:02:50.637 D/HiSDKLogReport(19779): getOperationDetail-plmNumber : 88888
07-06 01:02:50.637 D/HiSDKLogReport(19779): getOperationDetail-swVersion : V0000.00.01A
07-06 01:02:50.637 D/HiSDKLogReport(19779): getOperationDetail-operationDetail : LED50MU8600UC0000888
07-06 01:02:50.642 I/CommonUtils(19779):  object to json {"eventType":"207","srccolumnid":"0","srcgroupid":"10003","APPVersionName":"3.0.0.9.00","original":"1","devid":"86100300900000500000060a4818fca8","uuid":"13287129","APIversion":"501","logversion":"2.0","eventcode":"207000","devType":"0","eventPos":"000","version":"00.002.003","ChannelId":"0","subscriberId":"13287129","PFAPPCode":"652","softwareVersion":"LED50MU8600UC0000888","srcrowid":"1","srceventcode":"232000","mac":"a8:a6:48:18:fc:a8","accessToken":"72DF6038D2AEAB8A76DFBBBBCC428A4A_003108596425508","srctabid":"0","APPPackage":"com.hisense.hicloud.edca","mediaid":"3535","sessionid":"e594159881ee4f13aa59ee96b0f75b25","requesttime":"1499274170637","customerId":"7195320","model_id":"0","requestid":"f8259cc17b5348639959d5e0fbf591ea","tv_distribute_id":"00","APIVersion":"600","issysrepo":"1"}
07-06 01:02:50.642 D/DetailPlayActivity(19779): map=====22222222222======{"eventType":"207","srccolumnid":"0","srcgroupid":"10003","APPVersionName":"3.0.0.9.00","original":"1","devid":"86100300900000500000060a4818fca8","uuid":"13287129","APIversion":"501","logversion":"2.0","eventcode":"207000","devType":"0","eventPos":"000","version":"00.002.003","ChannelId":"0","subscriberId":"13287129","PFAPPCode":"652","softwareVersion":"LED50MU8600UC0000888","srcrowid":"1","srceventcode":"232000","mac":"a8:a6:48:18:fc:a8","accessToken":"72DF6038D2AEAB8A76DFBBBBCC428A4A_003108596425508","srctabid":"0","APPPackage":"com.hisense.hicloud.edca","mediaid":"3535","sessionid":"e594159881ee4f13aa59ee96b0f75b25","requesttime":"1499274170637","customerId":"7195320","model_id":"0","requestid":"f8259cc17b5348639959d5e0fbf591ea","tv_distribute_id":"00","APIVersion":"600","issysrepo":"1"}
07-06 01:02:50.644 I/HttpDnsUtils(19779): detailsPage(): url = http://api.edu.hismarttv.com/medias/api/media/3535?codeType=1002&vender=0&resolutionpolicy=2
07-06 01:02:50.645 D/til@system( 2026): til_get_system_param option:1000007 int:-1936522112, bool:128, ret:0
07-06 01:02:50.646 D/til@system( 2026): til_get_system_param option:1000009 int:-1815632896, bool:0, ret:0
07-06 01:02:50.647 D/til@system( 2026): til_get_system_param option:1000008 int:-1936522368, bool:128, ret:0
07-06 01:02:50.647 D/HttpBuilder(19779): getOperationDetail-productName : LED50MU8600UC
07-06 01:02:50.647 D/HttpBuilder(19779): getOperationDetail-plmNumber : 88888
07-06 01:02:50.647 D/HttpBuilder(19779): getOperationDetail-swVersion : V0000.00.01A
07-06 01:02:50.647 D/HttpBuilder(19779): getOperationDetail-operationDetail : LED50MU8600UC0000888
07-06 01:02:50.689 I/HttpBuilder(19779): addUrlPublicParams mUrl ==>http://api.edu.hismarttv.com/medias/api/media/3535?codeType=1002&vender=0&resolutionpolicy=2&uuid=13287129&mac=a8:a6:48:18:fc:a8&devid=86100300900000500000060a4818fca8&version=00.002.003&subscriberId=13287129&customerId=7195320&model_id=0&APPPackage=com.hisense.hicloud.edca&PFAPPCode=652&APPVersionName=3.0.0.9.00&ChannelId=0&softwareVersion=LED50MU8600UC0000888&tv_distribute_id=00&devType=0&APIVersion=600&accessToken=72DF6038D2AEAB8A76DFBBBBCC428A4A_003108596425508
07-06 01:02:50.689 I/HttpBuilder(19779): addUrlLogParams url ==>http://api.edu.hismarttv.com/medias/api/media/3535?codeType=1002&vender=0&resolutionpolicy=2&uuid=13287129&mac=a8:a6:48:18:fc:a8&devid=86100300900000500000060a4818fca8&version=00.002.003&subscriberId=13287129&customerId=7195320&model_id=0&APPPackage=com.hisense.hicloud.edca&PFAPPCode=652&APPVersionName=3.0.0.9.00&ChannelId=0&softwareVersion=LED50MU8600UC0000888&tv_distribute_id=00&devType=0&APIVersion=600&accessToken=72DF6038D2AEAB8A76DFBBBBCC428A4A_003108596425508&eventType=207&srccolumnid=0&srcgroupid=10003&original=1&APIversion=501&logversion=2.0&eventcode=207000&eventPos=000&srcrowid=1&srceventcode=232000&srctabid=0&mediaid=3535&sessionid=e594159881ee4f13aa59ee96b0f75b25&requesttime=1499274170637&requestid=f8259cc17b5348639959d5e0fbf591ea&issysrepo=1
07-06 01:02:50.692 D/HttpHandler(19779): VerifySignInterCeptor-->request.url()=http://api.edu.hismarttv.com/medias/api/media/3535?codeType=1002&vender=0&resolutionpolicy=2&uuid=13287129&mac=a8:a6:48:18:fc:a8&devid=86100300900000500000060a4818fca8&version=00.002.003&subscriberId=13287129&customerId=7195320&model_id=0&APPPackage=com.hisense.hicloud.edca&PFAPPCode=652&APPVersionName=3.0.0.9.00&ChannelId=0&softwareVersion=LED50MU8600UC0000888&tv_distribute_id=00&devType=0&APIVersion=600&accessToken=72DF6038D2AEAB8A76DFBBBBCC428A4A_003108596425508&eventType=207&srccolumnid=0&srcgroupid=10003&original=1&APIversion=501&logversion=2.0&eventcode=207000&eventPos=000&srcrowid=1&srceventcode=232000&srctabid=0&mediaid=3535&sessionid=e594159881ee4f13aa59ee96b0f75b25&requesttime=1499274170637&requestid=f8259cc17b5348639959d5e0fbf591ea&issysrepo=1start=&resolutionpolicy=2&rows=&vender=0&search_key=&typeCode=1002&type=&
07-06 01:02:50.692 D/HttpHandler(19779): VerifySignInterCeptor-->hostname=api.edu.hismarttv.com
07-06 01:02:50.694 D/HttpHandler(19779): HttpDNS-->hostname=api.edu.hismarttv.com
07-06 01:02:50.696 D/HttpHandler(19779): RAMCache-->hostInfo.getClientTimeStamp()=22995729
07-06 01:02:50.696 D/HttpHandler(19779): RAMCache-->hostInfo.getTtl()=3600
07-06 01:02:50.696 D/HttpHandler(19779): RAMCache-->SystemClock.elapsedRealtime()=23012267
07-06 01:02:50.701 D/HttpHandler(19779): DNSHelper-->gslbDns=["123.103.91.123"]
07-06 01:02:50.733 I/TVMW@HsTvSetting( 1234): Trace cmd, data = 0x1058
07-06 01:02:50.733 D/til@system( 2026): til_get_system_param option:100002F int:0, bool:0, ret:0
07-06 01:02:50.734 I/TVMW@HsTvSetting( 1234): Trace cmd, data = 0x101f
07-06 01:02:50.734 D/til@system( 2026): til_get_system_param option:100001D int:3, bool:3, ret:0
07-06 01:02:50.734 E/til     ( 2026): [til_get_current_input_source, 101] 
07-06 01:02:50.734 I/TVMW@HsTvSetting( 1234): Trace cmd, data = 0x7007
07-06 01:02:50.734 I/tilwrapper@sm( 2026): HS2TIL_SourceType *hs=0xd, *til=0x900
07-06 01:02:50.734 D/til     ( 2026): get current source 2304
07-06 01:02:50.734 D/SourceRemoteServiceHandler( 2026): getCurrentInputSource.from.til.result is 0, value is 2304
07-06 01:02:50.734 D/SourceRemoteServiceHandler( 2026): getInputSourceType source: 0x900, type=2304
07-06 01:02:50.734 D/til     ( 2026): ###### func:til_get_picture_param option:0x3000006 ######  
07-06 01:02:50.734 I/TVMW@HsTvSetting( 1234): Trace cmd, data = 0x1003
07-06 01:02:50.734 I/TVMW@HsTvSetting( 1234): Trace cmd, data = 0x8032
07-06 01:02:50.735 I/hstvos  ( 1216): [0m[1;33m[HSHAL][HS_VIDEO][HS_HAL_Video_SetOsdDetect_v2][2389]u16Threshold = 20
07-06 01:02:50.735 I/MiSysSrv( 1214): Not support now! 42, change to mm_video!!!
07-06 01:02:50.735 E/TVMW@videoctrl( 1234):  getOsd is 1
07-06 01:02:50.735 D/til@system( 2026): til_get_system_param option:1000027 int:1, bool:1, ret:0
07-06 01:02:50.735 D/til     ( 2026): ###### func:til_get_picture_param option:0x3000045 ######  
07-06 01:02:50.736 I/TVMW@HsTvSetting( 1234): Trace cmd, data = 0x300c
07-06 01:02:50.736 I/TVMW@HsTvSetting( 1234): Trace 3d, data = 0x300c
07-06 01:02:50.736 I/TVMW@3d ( 1234): Hs_debug3d_trace: func:get3dStatus, line:109
07-06 01:02:50.741 D/OkHttp  (19779): --> GET http://api.edu.hismarttv.com/medias/api/media/3535?codeType=1002&vender=0&resolutionpolicy=2&uuid=13287129&mac=a8:a6:48:18:fc:a8&devid=86100300900000500000060a4818fca8&version=00.002.003&subscriberId=13287129&customerId=7195320&model_id=0&APPPackage=com.hisense.hicloud.edca&PFAPPCode=652&APPVersionName=3.0.0.9.00&ChannelId=0&softwareVersion=LED50MU8600UC0000888&tv_distribute_id=00&devType=0&APIVersion=600&accessToken=72DF6038D2AEAB8A76DFBBBBCC428A4A_003108596425508&eventType=207&srccolumnid=0&srcgroupid=10003&original=1&APIversion=501&logversion=2.0&eventcode=207000&eventPos=000&srcrowid=1&srceventcode=232000&srctabid=0&mediaid=3535&sessionid=e594159881ee4f13aa59ee96b0f75b25&requesttime=1499274170637&requestid=f8259cc17b5348639959d5e0fbf591ea&issysrepo=1start=&resolutionpolicy=2&rows=&vender=0&search_key=&typeCode=1002&type=& http/1.1
07-06 01:02:50.742 D/OkHttp  (19779): Data_Type: JSON
07-06 01:02:50.742 D/OkHttp  (19779): RetryTime: 0
07-06 01:02:50.742 D/OkHttp  (19779): Backoffmutiplier: 0
07-06 01:02:50.742 D/OkHttp  (19779): Host: api.edu.hismarttv.com
07-06 01:02:50.742 D/OkHttp  (19779): Connection: Keep-Alive
07-06 01:02:50.742 D/OkHttp  (19779): Accept-Encoding: gzip
07-06 01:02:50.742 D/OkHttp  (19779): User-Agent: okhttp/3.6.0
07-06 01:02:50.742 D/OkHttp  (19779): --> END GET
07-06 01:02:50.784 D/OkHttp  (19779): <-- 200 OK http://api.edu.hismarttv.com/medias/api/media/3535?codeType=1002&vender=0&resolutionpolicy=2&uuid=13287129&mac=a8:a6:48:18:fc:a8&devid=86100300900000500000060a4818fca8&version=00.002.003&subscriberId=13287129&customerId=7195320&model_id=0&APPPackage=com.hisense.hicloud.edca&PFAPPCode=652&APPVersionName=3.0.0.9.00&ChannelId=0&softwareVersion=LED50MU8600UC0000888&tv_distribute_id=00&devType=0&APIVersion=600&accessToken=72DF6038D2AEAB8A76DFBBBBCC428A4A_003108596425508&eventType=207&srccolumnid=0&srcgroupid=10003&original=1&APIversion=501&logversion=2.0&eventcode=207000&eventPos=000&srcrowid=1&srceventcode=232000&srctabid=0&mediaid=3535&sessionid=e594159881ee4f13aa59ee96b0f75b25&requesttime=1499274170637&requestid=f8259cc17b5348639959d5e0fbf591ea&issysrepo=1start=&resolutionpolicy=2&rows=&vender=0&search_key=&typeCode=1002&type=& (42ms)
07-06 01:02:50.784 D/OkHttp  (19779): Server: nginx
07-06 01:02:50.784 D/OkHttp  (19779): Date: Wed, 05 Jul 2017 17:02:50 GMT
07-06 01:02:50.784 D/OkHttp  (19779): Content-Type: application/json
07-06 01:02:50.785 D/OkHttp  (19779): Content-Length: 57924
07-06 01:02:50.785 D/OkHttp  (19779): Connection: close
07-06 01:02:50.785 D/OkHttp  (19779): <-- END HTTP
07-06 01:02:50.787 D/DetailPlayActivity.java(19779): VodLog-[initRemindDialog:352]http://picture.edu.hismarttv.com/images/20151119035938180406.png
07-06 01:02:50.790 D/HttpHandler(19779): RetryIntercepter-->retryNum=0
07-06 01:02:50.791 D/HttpHandler(19779): RetryIntercepter-->backoffmutiplier=0
07-06 01:02:50.810 I/art     (19779): Background partial concurrent mark sweep GC freed 2741(284KB) AllocSpace objects, 5(9MB) LOS objects, 11% free, 30MB/34MB, paused 5.482ms total 77.115ms
07-06 01:02:50.810 V/MediaPlayer-JNI(19779): native_finalize
07-06 01:02:50.810 V/MediaPlayer-JNI(19779): release
07-06 01:02:50.834 D/HttpHandler(19779): VerifySignInterCeptor-->request.url()=http://picture.edu.hismarttv.com/images/20151119035723420106.png
07-06 01:02:50.834 W/Activity(19779): changePanelKeyPadStateIfNecessary() : false
07-06 01:02:50.834 D/HttpHandler(19779): VerifySignInterCeptor-->hostname=picture.edu.hismarttv.com
07-06 01:02:50.834 V/InputManager(19779): setPanelKeyPadConvertState() : false
07-06 01:02:50.834 D/HttpHandler(19779): VerifySignInterCeptor-->request.url()=http://picture.edu.hismarttv.com/images/20151119035938180406.png
07-06 01:02:50.834 D/HttpHandler(19779): VerifySignInterCeptor-->hostname=picture.edu.hismarttv.com
07-06 01:02:50.835 I/BaseActivity(19779): onResume
07-06 01:02:50.835 D/DetailPlayActivity(19779): ---------------------------onresume
07-06 01:02:50.835 D/OkHttp  (19779): --> GET http://picture.edu.hismarttv.com/images/20151119035938180406.png http/1.1
07-06 01:02:50.835 D/OkHttp  (19779): Host: picture.edu.hismarttv.com
07-06 01:02:50.835 D/OkHttp  (19779): Connection: Keep-Alive
07-06 01:02:50.835 D/OkHttp  (19779): Accept-Encoding: gzip
07-06 01:02:50.835 D/OkHttp  (19779): User-Agent: okhttp/3.6.0
07-06 01:02:50.835 D/OkHttp  (19779): --> END GET
07-06 01:02:50.836 D/OkHttp  (19779): --> GET http://picture.edu.hismarttv.com/images/20151119035723420106.png http/1.1
07-06 01:02:50.836 D/OkHttp  (19779): Host: picture.edu.hismarttv.com
07-06 01:02:50.836 D/OkHttp  (19779): Connection: Keep-Alive
07-06 01:02:50.836 D/OkHttp  (19779): Accept-Encoding: gzip
07-06 01:02:50.836 D/OkHttp  (19779): User-Agent: okhttp/3.6.0
07-06 01:02:50.836 D/OkHttp  (19779): --> END GET
07-06 01:02:50.837 D/HttpHandler(19779): VerifySignInterCeptor-->request.url()=http://picture.edu.hismarttv.com/images/20151119035917189009.png
07-06 01:02:50.837 D/HttpHandler(19779): VerifySignInterCeptor-->hostname=picture.edu.hismarttv.com
07-06 01:02:50.838 D/OkHttp  (19779): --> GET http://picture.edu.hismarttv.com/images/20151119035917189009.png http/1.1
07-06 01:02:50.838 D/OkHttp  (19779): Host: picture.edu.hismarttv.com
07-06 01:02:50.838 D/OkHttp  (19779): Connection: Keep-Alive
07-06 01:02:50.838 D/OkHttp  (19779): Accept-Encoding: gzip
07-06 01:02:50.838 D/OkHttp  (19779): User-Agent: okhttp/3.6.0
07-06 01:02:50.838 D/OkHttp  (19779): --> END GET
07-06 01:02:50.842 V/WindowManager( 1733): Adding window Window{3b9fc7ec u0 com.hisense.hicloud.edca/com.hisense.hicloud.edca.mediaplayer.activity.DetailPlayActivity} at 12 of 20 (after Window{2a5660bf u0 com.hisense.hicloud.edca/com.hisense.tvui.newhome.HomeMainActivity})
07-06 01:02:50.845 D/OkHttp  (19779): <-- 200 OK http://picture.edu.hismarttv.com/images/20151119035938180406.png (9ms)
07-06 01:02:50.845 D/OkHttp  (19779): Date: Mon, 03 Jul 2017 10:56:57 GMT
07-06 01:02:50.845 D/OkHttp  (19779): Server: nginx/1.6.2
07-06 01:02:50.845 D/OkHttp  (19779): Content-Type: image/png
07-06 01:02:50.845 D/OkHttp  (19779): Content-Length: 386276
07-06 01:02:50.845 D/OkHttp  (19779): Last-Modified: Thu, 19 Nov 2015 03:59:38 GMT
07-06 01:02:50.845 D/OkHttp  (19779): ETag: "564d492a-5e4e4"
07-06 01:02:50.847 I/MyFragmentStateAdapter(19779): getCount
07-06 01:02:50.847 I/MyFragmentStateAdapter(19779): getCount
07-06 01:02:50.847 D/OkHttp  (19779): Accept-Ranges: bytes
07-06 01:02:50.847 I/MyFragmentStateAdapter(19779): getCount
07-06 01:02:50.847 I/MyFragmentStateAdapter(19779): getCount
07-06 01:02:50.847 D/OkHttp  (19779): Age: 194753
07-06 01:02:50.847 D/OkHttp  (19779): Via: 1.0 hewangtong173:8106 (Cdn Cache Server V2.0), 1.0 zhiwangtong174:5 (Cdn Cache Server V2.0), 1.0 anwangtong99:7 (Cdn Cache Server V2.0)[0 200 0]
07-06 01:02:50.847 D/OkHttp  (19779): Connection: keep-alive
07-06 01:02:50.847 D/OkHttp  (19779): <-- END HTTP
07-06 01:02:50.847 I/FirstLineAdapter(19779): canShowTrailer,isOffline=false
07-06 01:02:50.847 I/FirstLineAdapter(19779): canShowTrailer,isOffline=false
07-06 01:02:50.847 I/FirstLineAdapter(19779): canShowTrailer,isOffline=false
07-06 01:02:50.848 I/FirstLineAdapter(19779): canShowTrailer,isOffline=false
07-06 01:02:50.848 I/FirstLineAdapter(19779): canShowTrailer,isOffline=false
07-06 01:02:50.848 I/FirstLineAdapter(19779): canShowTrailer,isOffline=false
07-06 01:02:50.848 I/FirstLineAdapter(19779): canShowTrailer,isOffline=false
07-06 01:02:50.848 I/FirstLineAdapter(19779): canShowTrailer,isOffline=false
07-06 01:02:50.848 D/OkHttp  (19779): <-- 200 OK http://picture.edu.hismarttv.com/images/20151119035723420106.png (12ms)
07-06 01:02:50.848 I/FirstLineAdapter(19779): canShowTrailer,isOffline=false
07-06 01:02:50.848 D/OkHttp  (19779): Date: Mon, 03 Jul 2017 10:56:57 GMT
07-06 01:02:50.848 D/OkHttp  (19779): Server: nginx/1.6.2
07-06 01:02:50.848 D/OkHttp  (19779): Content-Type: image/png
07-06 01:02:50.848 D/OkHttp  (19779): Content-Length: 11698
07-06 01:02:50.848 D/OkHttp  (19779): Last-Modified: Thu, 19 Nov 2015 03:57:23 GMT
07-06 01:02:50.848 D/OkHttp  (19779): ETag: "564d48a3-2db2"
07-06 01:02:50.848 D/OkHttp  (19779): Accept-Ranges: bytes
07-06 01:02:50.848 D/OkHttp  (19779): Age: 194753
07-06 01:02:50.848 D/OkHttp  (19779): Via: 1.0 jnwt242:88 (Cdn Cache Server V2.0), 1.0 hwangt167:6 (Cdn Cache Server V2.0), 1.0 nwangtong98:5 (Cdn Cache Server V2.0)[0 200 0]
07-06 01:02:50.848 D/OkHttp  (19779): Connection: keep-alive
07-06 01:02:50.848 D/OkHttp  (19779): <-- END HTTP
07-06 01:02:50.851 D/HttpHandler(19779): RetryIntercepter-->retryNum=0
07-06 01:02:50.851 D/HttpHandler(19779): RetryIntercepter-->backoffmutiplier=0
07-06 01:02:50.851 D/HttpHandler(19779): RetryIntercepter-->retryNum=0
07-06 01:02:50.851 D/HttpHandler(19779): RetryIntercepter-->backoffmutiplier=0
07-06 01:02:50.852 I/MyFragmentStateAdapter(19779): getCount
07-06 01:02:50.853 D/OkHttp  (19779): <-- 200 OK http://picture.edu.hismarttv.com/images/20151119035917189009.png (14ms)
07-06 01:02:50.854 D/OkHttp  (19779): Date: Tue, 04 Jul 2017 03:27:29 GMT
07-06 01:02:50.854 D/OkHttp  (19779): Server: nginx
07-06 01:02:50.854 D/OkHttp  (19779): Content-Type: image/png
07-06 01:02:50.854 D/OkHttp  (19779): Content-Length: 369052
07-06 01:02:50.854 D/OkHttp  (19779): Last-Modified: Thu, 19 Nov 2015 03:59:17 GMT
07-06 01:02:50.854 D/OkHttp  (19779): ETag: "564d4915-5a19c"
07-06 01:02:50.854 D/OkHttp  (19779): Accept-Ranges: bytes
07-06 01:02:50.854 D/OkHttp  (19779): Age: 135321
07-06 01:02:50.854 D/OkHttp  (19779): Via: 1.1 pingwangtong52:8 (Cdn Cache Server V2.0)[0 200 0], 1.1 nwangtong95:0 (Cdn Cache Server V2.0)[0 200 0]
07-06 01:02:50.854 D/OkHttp  (19779): Connection: keep-alive
07-06 01:02:50.854 D/OkHttp  (19779): <-- END HTTP
07-06 01:02:50.871 I/SurfaceFlinger( 1204): the layer SurfaceView is used to close xc and zorder is smallerest! clear region
07-06 01:02:50.875 D/HttpHandler(19779): RetryIntercepter-->retryNum=0
07-06 01:02:50.875 D/HttpHandler(19779): RetryIntercepter-->backoffmutiplier=0
07-06 01:02:50.882 D/Surface ( 1733): onStatusChange() : mNativeObject = 547334884864 mUseImageHwRender = false
07-06 01:02:50.882 V/Surface ( 1733): nativeSetHardwareRender() : status = 0
07-06 01:02:50.882 V/Surface ( 1733): nativeSetHardwareRender() : end
07-06 01:02:50.883 D/OsdMonitorService( 1733): mCurrentWindow = com.hisense.hicloud.edca/com.hisense.tvui.newhome.HomeMainActivity; newWindow = com.hisense.hicloud.edca/com.hisense.hicloud.edca.mediaplayer.activity.DetailPlayActivity; isSubWindow = false; isInWinList = false; isExitNow = false
07-06 01:02:50.883 D/OsdMonitorService( 1733): windowNotOsd() : name = com.hisense.hicloud.edca/com.hisense.hicloud.edca.mediaplayer.activity.DetailPlayActivity
07-06 01:02:50.883 I/OsdMonitorService( 1733): setOsdStatus() : status will change from true to true
07-06 01:02:50.890 D/PowerManagerService( 1733): setScreenBrightnessOverrideFromWindowManagerInternal done
07-06 01:02:50.894 D/PowerManagerService( 1733): setScreenBrightnessOverrideFromWindowManagerInternal done
07-06 01:02:50.900 D/Surface ( 1733): onStatusChange() : mNativeObject = 0 mUseImageHwRender = false
07-06 01:02:50.901 D/Surface (19779): onStatusChange() : mNativeObject = -195814656 mUseImageHwRender = false
07-06 01:02:50.901 V/Surface (19779): nativeSetHardwareRender() : status = 0
07-06 01:02:50.901 V/Surface (19779): nativeSetHardwareRender() : end
07-06 01:02:50.904 D/gralloc ( 1204): allocate buffer from ION HEAP 0x1
07-06 01:02:50.904 D/gralloc ( 1204): allocate memory from system heap
07-06 01:02:50.905 I/SurfaceFlinger( 1204): the layer SurfaceView is used to close xc and zorder is smallerest! clear region
07-06 01:02:50.913 D/gralloc ( 1204): allocate buffer from ION HEAP 0x1
07-06 01:02:50.913 D/gralloc ( 1204): allocate memory from system heap
07-06 01:02:50.917 D/gralloc ( 1204): allocate buffer from ION HEAP 0x1
07-06 01:02:50.917 D/gralloc ( 1204): allocate memory from system heap
07-06 01:02:50.922 D/HttpHandler(19779): VerifySignInterCeptor-->dateType=1
07-06 01:02:50.922 D/HttpHandler(19779): VerifySignInterCeptor-->HttpRequestManager.httpClietOption.getVerifyFlag()=1
07-06 01:02:50.923 D/Carousel-CarouselVideoViewImpl(19779): stopPlay.
07-06 01:02:50.923 D/Carousel-log_video-(19779): onStopPlay!
07-06 01:02:50.923 D/Carousel-log_video-(19779): submitPlayStopLog mLogPlayState:5
07-06 01:02:50.923 D/Carousel-log_video-(19779): No need to repeat play stop log.
07-06 01:02:50.929 V/InputMethodService( 2203): startInput(): editor=android.view.inputmethod.EditorInfo@1e772acd
07-06 01:02:50.929 V/InputMethodService( 2203): CALL: onFinishInput
07-06 01:02:50.929 E/SOGOUIME_JNI( 2203): reset
07-06 01:02:50.930 E/SOGOUIME_JNI( 2203): getCandidates
07-06 01:02:50.930 E/SOGOUIME_JNI( 2203): ime_get_uncommitted_length
07-06 01:02:50.930 E/SOGOUIME_JNI( 2203): getCandidates
07-06 01:02:50.930 D/SogouIME API( 2203): ==============num:32
07-06 01:02:50.930 E/SOGOUIME_JNI( 2203): ime_get_uncommitted_length
07-06 01:02:50.930 D/SogouIME( 2203): mFocusedComponent:30   isHkbEnable:false
07-06 01:02:50.930 E/SOGOUIME_JNI( 2203): ime_get_uncommitted_length
07-06 01:02:50.930 E/SOGOUIME_JNI( 2203): ime_get_committed_length
07-06 01:02:50.930 E/SOGOUIME_JNI( 2203): getComposingInfo
07-06 01:02:50.930 E/SOGOUIME_JNI( 2203): getComposingInfo
07-06 01:02:50.930 E/SOGOUIME_JNI( 2203): getCorrectInfo
07-06 01:02:50.930 E/SOGOUIME_JNI( 2203): getComposingInfo
07-06 01:02:50.931 V/InputMethodService( 2203): CALL: onStartInput
07-06 01:02:50.931 E/SOGOUIME_JNI( 2203): invalidateCommitWordPinyinNative
07-06 01:02:50.931 D/SogouIME( 2203): =====configKeyboard=======是否有硬件盘:false     硬件盘是否不再隐藏：false
07-06 01:02:50.931 E/SOGOUIME_JNI( 2203): ime_set_hard_kb_enable
07-06 01:02:50.934 I/MyFragmentStateAdapter(19779): getCount
07-06 01:02:50.938 I/SurfaceFlinger( 1204): the layer SurfaceView is used to close xc and zorder is smallerest! clear region
07-06 01:02:50.964 D/HttpHandler(19779): VerifySignInterCeptor-->content={"image_post_url": "http://picture.edu.hismarttv.com/images/20170303023652037350.jpg", "system_time": 1499274170, "videos": [{"db_id": 28416, "play_ways": [{"centralized_play_params": null, "fee": 1, "feeSeconds": -1, "startup_type": 1, "video_play_param": "qnKvhzjJHfE4ZZwXEqbKU+ErUMyO6flgvO7nUavjMWahgv8ChKW6k4z0iIiisS1DT5XmRgk9mPT+OwY+rscRJeRWILhnfQ7IurLAb0eWrjLvEyHDoRtXZNLMY7DD1zpUPY9QDbu/7magc7YYzE27USwNgHkhh8uvlb9kFuY3pA8gva/Jd/SQGSshRdJa2R/VohtI5ycPje2qkwEArdReH4KLkyd9v9QI66xXQB55Cuf9wuCleTnr5Kre+6IoL9avpAAFP/Dw3t3ZvQzmSdrZokyupfnL1m8WuDnv8m3bvwvJgfVGDMnHmYzfC6ZKmXYtnAHME4MhpXVmov5lgrHxWFVrGOFHHYaTzILCALaVd0WO9EAcpDHJnm4b7nmk/8WESwCN2/E1tCDGPYQiNYvUXbr0lsCOVz3PHlOGbzTZE25H5wsL1RoaoLatvWRz95lfJgtC1/Xrr8z3JiW5fDfOHazw1QhtKU872iY46P9vjZnEuEdvQ77+FIfcL+Jbo8VNzzg=", "video_play_url": "uSSogmCyW+88eMhEVuGHUrZ6CtOT4fktq7q9TpT5b3nj1s0T2+SxzL7nkY2ktUcGQIzsQ2d6kPesbGx9qpUVIowbf+l4d2OPvObDPi7Vr2G9FE+D801ecsmCbKCHnGdGM5ZEU/j+q2u7ZO1AhBTgBHBTnTprnoX2wuo7CKd4u1pgorKKK6vERGZ/EowPxh3WphpJ6SUPjO+oyR8BqtpYVoSJkT0o9tc=", "video_quality": null, "id": 1040, "name": "\u624d\u667a\u5c0f\u5929\u5730\u65b0"}], "title": "1\u3001\u65b0\u6765\u7684\u90bb\u5c45\uff08\u4e0a\u7bc7\uff09", "series": 1, "time_length": 373, "id": "35351"}, {"db_id": 28425, "play_ways": [{"centralized_play_params": null, "fee": 1, "feeSeconds": 60, "startup_type": 1, "video_play_param": "qnKvhzjJHfE4ZZwXEqbKU+ErUMyO6flgvO7nUqvjMWahgv8ChKW6k4z0iIiisS1DT5XmRgk9mPT+OwY+rscRJeRWILhnfQ7IurLAbEeWrjLvEyHDoRtXZNLMY7DD1zpUPY9QDbu/7magc7YYzE27USwNgHkhh8uvlb9kFuY3pA8gva/Jd/SQGSshRdJa2R/VohtI5ycPje2qkwEArdReH4KLkyd9v9QI66xXQB55Cuf9wuCleTnr5Kre+/goL9avpAAFP/Dw3t3ZvQznQdLYpEyupfnL1m8WtzHu9mrevg7HgPNGDMnHmYzfC6ZFkXcpmwTNFo0go3Vmov5lgrHxWFVrGOFHHYaTzILCALaVd0WO9EAcpDHJnm4b7nmk/8WESwCN2/E1tCDGPYQiNYvUXbr0lsCOVD7PHlOGbzTZE25H5wsL1RoaoLatvWRz95lfJgtC1/Xrr8z3JiW5fDfOHazw1QhtKU872iY46P9vjZnEuEdvQ77+FIfcL+Jbo8VNzzg=", "video_play_url": "uSSogmCyW+88eMhEVuGHUrZ6CtOT4fktq7q9TpT5b3nj1s0T2+SxzL7nkY2ktUcGQIzsQ2d6kPesbGx9qpUVIowbf+l4d2OPvObDPi7Vr2G9FE+D801ecpOCbKCHnGdGM5ZEU/j+q2u6bOVBghTgBHBTnTprkY33xu0+CaJ2ulxgorKKK6vERGZwGo0LwRjXoxRI7yUPjO+oyR8BqtpYVoSJkT0o9tc=", "video_quality": null, "id": 1040, "name": "\u624d\u667a\u5c0f\u5929\u5730\u65b0"}], "title": "2\u3001\u65b0\u6765\u7684\u90bb\u5c45\uff08\u4e0b\u7bc7\uff09", "series": 2, "time_length": 507, "id": "35352"}, {"db_id": 28431, "play_ways": [{"centralized_play_params": null, "fee": 1, "feeSeconds": 60, "startup_type": 1, "video_play_param": "qnKvhzjJHfE4ZZwXEqbKU+ErUMyO6flgvO7nU6vjMWahgv8ChKLgwoz0itqisi1DTpbtFwk9maL4YAY+rpUWduRWILhnfQ7IurLAb0eWrjLvEyHDoRtXZNLMY7DD1zpUPY9QDbu/7magc7YYzE27USwNgHkhh8uvlb9kFuY3pA8gva/Jd/SQGSshRdJa2R/VohtI5ycPje2qkwEArdReH4KLkyd9v9QI66xXQB55Cuf9wuCleTnr5Kre+64rL9avpAAFP/Dw3t3ZvQznQtzaoEyupfnL1m8WtzPs82jbvAvNgfVGDMnHmYzfC6ZFk3UsmQHPE4chpXVmov5lgrHxWFVrGOFHHYaTzILCALaVd0WO9EAcpDHJnm4b7nmk/8WESwCN2/E1tCDGPYQiNYvUXbr0lsCOVTrPHlOGbzTZE25H5wsL1RoaoLatvWRz95lfJgtC1/Xrr8z3JiW5fDfOHazw1QhtKU872iY46P9vjZnEuEdvQ77+FIfcL+Jbo8VNzzg=", "video_play_url": "uSSogmCyW+88eMhEVuGHUrZ6CtOT4fktq7q9TpT5b3nj1s0T2+SxzL7nkY2ktUcGQIzsQ2d6kPesbGx9qpUVIowbf+l4d2OPvObDPi7Vr2G9FE+D801ecsWBbKCHnGdGM5ZEU/j+q2u6b+tDhhTgBHBTnTprkY/1w+87C6d8u1pgorKKK6vERGZwGI8Owx3Vph5J6SUPjO+oyR8BqtpYVoSJkT0o9tc=", "video_quality": null, "id": 1040, "name": "\u624d\u667a\u5c0f\u5929\u5730\u65b0"}], "title": "3\u3001\u628a\u4e66\u653e\u8fd9\u513f\uff08\u4e0a\u7bc7\uff09", "series": 3, "time_length": 443, "id": "35353"}, {"db_id": 28438, "play_ways": [{"centralized_play_params": null, "fee": 1, "feeSeconds": 60, "startup_type": 1, "video_play_param": "qnKvhzjJHfE4ZZwXEqbKU+ErUMyO6flgvO7nVKvjMWahgv8ChKLgwoz0itqisi1DTpbtFwk9maL4YAY+rpUWduRWILhnfQ7IurLAbEeWrjLvEyHDoRtXZNLMY7DD1zpUPY9QDbu/7magc7YYzE27USwNgHkhh8uvlb9kFuY3pA8gva/Jd/SQGSshRdJa2R/VohtI5ycPje2qkwEArdReH4KLkyd9v9QI66xXQB55Cuf9wuCleTnr5Kre+6h+L9avpAAFP/Dw3t3ZvQznR9nQoEyupfnL1m8WtzXr9m/ftAjIhvNGDMnHmYzfC6ZFlXIpngXHEIImo3Vmov5lgrHxWFVrGOFHHYaTzILCALaVd0WO9EAcpDHJnm4b7nmk/8WESwCN2/E1tCDGPYQiNYvUXbr0lsCOVTPPHlOGbzTZE25H5wsL1RoaoLatvWRz95lfJgtC1/
07-06 01:02:50.969 I/MiSysSrv( 1214): [37m[INFO] Change to Voltage: 117 mv (0x32)[m
07-06 01:02:50.971 I/SurfaceFlinger( 1204): the layer SurfaceView is used to close xc and zorder is smallerest! clear region
07-06 01:02:50.987 W/QueryController(19742): AccessibilityNodeInfo returned a null child (0 of 1)
07-06 01:02:51.004 I/SurfaceFlinger( 1204): the layer SurfaceView is used to close xc and zorder is smallerest! clear region
07-06 01:02:51.019 W/QueryController(19742): parent = android.view.accessibility.AccessibilityNodeInfo@800142da; boundsInParent: Rect(0, 0 - 283, 1080); boundsInScreen: Rect(0, 0 - 283, 1080); packageName: com.hisense.hicloud.edca; className: android.widget.RelativeLayout; text: null; error: null; maxTextLength: -1; contentDescription: null; viewIdResName: com.hisense.hicloud.edca:id/tabview_left; checkable: false; checked: false; focusable: false; focused: false; selected: false; clickable: false; longClickable: false; enabled: true; password: false; scrollable: false; actions: [AccessibilityAction: ACTION_SELECT - null, AccessibilityAction: ACTION_CLEAR_SELECTION - null, AccessibilityAction: ACTION_ACCESSIBILITY_FOCUS - null]
07-06 01:02:51.020 W/QueryController(19742): AccessibilityNodeInfo returned a null child (0 of 1)
07-06 01:02:51.020 W/QueryController(19742): parent = android.view.accessibility.AccessibilityNodeInfo@800151de; boundsInParent: Rect(0, 0 - 1738, 506); boundsInScreen: Rect(162, 0 - 1900, 338); packageName: com.hisense.hicloud.edca; className: android.widget.RelativeLayout; text: null; error: null; maxTextLength: -1; contentDescription: null; viewIdResName: null; checkable: false; checked: false; focusable: false; focused: false; selected: false; clickable: false; longClickable: false; enabled: true; password: false; scrollable: false; actions: [AccessibilityAction: ACTION_SELECT - null, AccessibilityAction: ACTION_CLEAR_SELECTION - null, AccessibilityAction: ACTION_ACCESSIBILITY_FOCUS - null]
07-06 01:02:51.021 W/QueryController(19742): AccessibilityNodeInfo returned a null child (0 of 2)
07-06 01:02:51.022 W/QueryController(19742): parent = android.view.accessibility.AccessibilityNodeInfo@8001559f; boundsInParent: Rect(0, 0 - 1738, 355); boundsInScreen: Rect(162, 363 - 1900, 718); packageName: com.hisense.hicloud.edca; className: android.widget.LinearLayout; text: null; error: null; maxTextLength: -1; contentDescription: null; viewIdResName: null; checkable: false; checked: false; focusable: false; focused: false; selected: false; clickable: false; longClickable: false; enabled: true; password: false; scrollable: false; actions: [AccessibilityAction: ACTION_SELECT - null, AccessibilityAction: ACTION_CLEAR_SELECTION - null, AccessibilityAction: ACTION_ACCESSIBILITY_FOCUS - null]
07-06 01:02:51.023 W/QueryController(19742): AccessibilityNodeInfo returned a null child (1 of 2)
07-06 01:02:51.024 W/QueryController(19742): AccessibilityNodeInfo returned a null child (0 of 2)
07-06 01:02:51.024 W/QueryController(19742): parent = android.view.accessibility.AccessibilityNodeInfo@80045eae; boundsInParent: Rect(0, 0 - 420, 279); boundsInScreen: Rect(162, 819 - 582, 1080); packageName: com.hisense.hicloud.edca; className: android.widget.RelativeLayout; text: null; error: null; maxTextLength: -1; contentDescription: null; viewIdResName: null; checkable: false; checked: false; focusable: true; focused: false; selected: false; clickable: true; longClickable: false; enabled: true; password: false; scrollable: false; actions: [AccessibilityAction: ACTION_FOCUS - null, AccessibilityAction: ACTION_SELECT - null, AccessibilityAction: ACTION_CLEAR_SELECTION - null, AccessibilityAction: ACTION_CLICK - null, AccessibilityAction: ACTION_ACCESSIBILITY_FOCUS - null]
07-06 01:02:51.025 W/QueryController(19742): AccessibilityNodeInfo returned a null child (1 of 2)
07-06 01:02:51.032 W/QueryController(19742): AccessibilityNodeInfo returned a null child (0 of 2)
07-06 01:02:51.032 W/QueryController(19742): parent = android.view.accessibility.AccessibilityNodeInfo@8004626f; boundsInParent: Rect(0, 0 - 430, 279); boundsInScreen: Rect(572, 819 - 1002, 1080); packageName: com.hisense.hicloud.edca; className: android.widget.RelativeLayout; text: null; error: null; maxTextLength: -1; contentDescription: null; viewIdResName: null; checkable: false; checked: false; focusable: true; focused: false; selected: false; clickable: true; longClickable: false; enabled: true; password: false; scrollable: false; actions: [AccessibilityAction: ACTION_FOCUS - null, AccessibilityAction: ACTION_SELECT - null, AccessibilityAction: ACTION_CLEAR_SELECTION - null, AccessibilityAction: ACTION_CLICK - null, AccessibilityAction: ACTION_ACCESSIBILITY_FOCUS - null]
07-06 01:02:51.033 W/QueryController(19742): AccessibilityNodeInfo returned a null child (1 of 2)
07-06 01:02:51.033 W/QueryController(19742): AccessibilityNodeInfo returned a null child (0 of 2)
07-06 01:02:51.033 W/QueryController(19742): parent = android.view.accessibility.AccessibilityNodeInfo@80046630; boundsInParent: Rect(0, 0 - 430, 279); boundsInScreen: Rect(992, 819 - 1422, 1080); packageName: com.hisense.hicloud.edca; className: android.widget.RelativeLayout; text: null; error: null; maxTextLength: -1; contentDescription: null; viewIdResName: null; checkable: false; checked: false; focusable: true; focused: false; selected: false; clickable: true; longClickable: false; enabled: true; password: false; scrollable: false; actions: [AccessibilityAction: ACTION_FOCUS - null, AccessibilityAction: ACTION_SELECT - null, AccessibilityAction: ACTION_CLEAR_SELECTION - null, AccessibilityAction: ACTION_CLICK - null, AccessibilityAction: ACTION_ACCESSIBILITY_FOCUS - null]
07-06 01:02:51.036 D/OsdMonitorService( 1733): mCurrentWindow = com.hisense.hicloud.edca/com.hisense.hicloud.edca.mediaplayer.activity.DetailPlayActivity; newWindow = com.hisense.hicloud.edca/com.hisense.hicloud.edca.mediaplayer.activity.DetailPlayActivity; isSubWindow = false; isInWinList = false; isExitNow = false
07-06 01:02:51.036 D/OsdMonitorService( 1733): windowNotOsd() : name = com.hisense.hicloud.edca/com.hisense.hicloud.edca.mediaplayer.activity.DetailPlayActivity
07-06 01:02:51.036 I/OsdMonitorService( 1733): setOsdStatus() : status will change from true to true
07-06 01:02:51.036 W/QueryController(19742): AccessibilityNodeInfo returned a null child (1 of 2)
07-06 01:02:51.037 D/PowerManagerService( 1733): setScreenBrightnessOverrideFromWindowManagerInternal done
07-06 01:02:51.039 D/PowerManagerService( 1733): setScreenBrightnessOverrideFromWindowManagerInternal done
07-06 01:02:51.039 I/SurfaceFlinger( 1204): the layer SurfaceView is used to close xc and zorder is smallerest! clear region
07-06 01:02:51.041 I/ActivityManager( 1733): Displayed com.hisense.hicloud.edca/.mediaplayer.activity.DetailPlayActivity: +585ms
07-06 01:02:51.044 D/HiNetworkImpl(19779): doHttp_Asyn(): onReqResponse isSuccessful = true, back from thread: main
07-06 01:02:51.047 D/PowerManagerService( 1733): setScreenBrightnessOverrideFromWindowManagerInternal done
07-06 01:02:51.048 D/PowerManagerService( 1733): releaseWakeLockInternal: lock=681732318 [ActivityManager-Launch], flags=0x0
07-06 01:02:51.048 D/PowerManagerNotifier( 1733): onWakeLockReleased: flags=1, tag="ActivityManager-Launch", packageName=android, ownerUid=1000, ownerPid=1733, workSource=null
07-06 01:02:51.060 I/SurfaceView(19779): Changes: creating=false format=false size=false visible=true left=false top=false
07-06 01:02:51.060 I/SurfaceView(19779): Cur surface: Surface(name=null)/@0x223c753a
07-06 01:02:51.061 I/art     (19779): Background sticky concurrent mark sweep GC freed 947(44KB) AllocSpace objects, 0(0B) LOS objects, 0% free, 34MB/34MB, paused 7.324ms total 35.578ms
07-06 01:02:51.061 D/OsdMonitorService( 1733): mCurrentWindow = com.hisense.hicloud.edca/com.hisense.hicloud.edca.mediaplayer.activity.DetailPlayActivity; newWindow = com.hisense.hicloud.edca/com.hisense.hicloud.edca.mediaplayer.activity.DetailPlayActivity; isSubWindow = false; isInWinList = false; isExitNow = false
07-06 01:02:51.061 D/OsdMonitorService( 1733): windowNotOsd() : name = com.hisense.hicloud.edca/com.hisense.hicloud.edca.mediaplayer.activity.DetailPlayActivity
07-06 01:02:51.061 I/OsdMonitorService( 1733): setOsdStatus() : status will change from true to true
07-06 01:02:51.063 D/PowerManagerService( 1733): setScreenBrightnessOverrideFromWindowManagerInternal done
07-06 01:02:51.071 I/SurfaceFlinger( 1204): the layer SurfaceView is used to close xc and zorder is smallerest! clear region
07-06 01:02:51.071 I/MiSysSrv( 1214): [37m[INFO] Change to Voltage: 117 mv (0x32)[m
07-06 01:02:51.087 D/hwcomposer( 1204): lastHWWindowInfo is dirty
07-06 01:02:51.088 I/SurfaceFlinger( 1204): the layer SurfaceView is used to close xc and zorder is smallerest! clear region
07-06 01:02:51.102 I/SurfaceView(19779): New surface: Surface(name=null)/@0x2451c5eb, vis=false, frame=Rect(418, 205 - 1234, 665)
07-06 01:02:51.102 I/SurfaceView(19779): visibleChanged -- surfaceDestroyed
07-06 01:02:51.104 I/SurfaceFlinger( 1204): the layer SurfaceView is used to close xc and zorder is smallerest! clear region
07-06 01:02:51.109 D/Carousel-UrlVideoView(19779): surfaceDestroyed
07-06 01:02:51.109 D/Surface (19779): onStatusChange() : mNativeObject = 0 mUseImageHwRender = false
07-06 01:02:51.110 V/SurfaceView(19779): Layout: x=418 y=205 w=816 h=460, frame=Rect(0, 0 - 816, 460)
07-06 01:02:51.133 I/SurfaceFlinger( 1204): the layer SurfaceView is used to close xc and zorder is smallerest! clear region
07-06 01:02:51.134 D/OsdMonitorService( 1733): mCurrentWindow = com.hisense.hicloud.edca/com.hisense.hicloud.edca.mediaplayer.activity.DetailPlayActivity; newWindow = com.hisense.hicloud.edca/com.hisense.hicloud.edca.mediaplayer.activity.DetailPlayActivity; isSubWindow = false; isInWinList = false; isExitNow = false
07-06 01:02:51.134 D/OsdMonitorService( 1733): windowNotOsd() : name = com.hisense.hicloud.edca/com.hisense.hicloud.edca.mediaplayer.activity.DetailPlayActivity
07-06 01:02:51.134 I/OsdMonitorService( 1733): setOsdStatus() : status will change from true to true
07-06 01:02:51.135 D/PowerManagerService( 1733): setScreenBrightnessOverrideFromWindowManagerInternal done
07-06 01:02:51.138 D/Surface (19779): onStatusChange() : mNativeObject = 0 mUseImageHwRender = false
07-06 01:02:51.139 I/SurfaceFlinger( 1204): the layer SurfaceView is used to close xc and zorder is smallerest! clear region
07-06 01:02:51.154 I/SurfaceFlinger( 1204): the layer SurfaceView is used to close xc and zorder is smallerest! clear region
07-06 01:02:51.169 I/MiSysSrv( 1214): [37m[INFO] Change to Voltage: 107 mv (0x28)[m
07-06 01:02:51.171 I/SurfaceFlinger( 1204): the layer SurfaceView is used to close xc and zorder is smallerest! clear region
07-06 01:02:51.188 I/SurfaceFlinger( 1204): the layer SurfaceView is used to close xc and zorder is smallerest! clear region
07-06 01:02:51.191 I/art     (19779): Background partial concurrent mark sweep GC freed 14215(849KB) AllocSpace objects, 3(201KB) LOS objects, 10% free, 33MB/37MB, paused 3.822ms total 129.307ms
07-06 01:02:51.207 I/SurfaceFlinger( 1204): the layer SurfaceView is used to close xc and zorder is smallerest! clear region
07-06 01:02:51.222 I/SurfaceFlinger( 1204): the layer SurfaceView is used to close xc and zorder is smallerest! clear region
07-06 01:02:51.235 I/HiNetworkImpl(19779): doHttp_Asyn(): onSuccess clazz = class com.hisense.sdk.domain.DetailsPage, back from thread: main
07-06 01:02:51.235 I/DetailPlayActivity(19779): mFinishHttpTime : 23012807 网络请求用时：624
07-06 01:02:51.237 I/TVMW@HsTvSetting( 1234): Trace cmd, data = 0x1058
07-06 01:02:51.237 D/til@system( 2026): til_get_system_param option:100002F int:0, bool:0, ret:0
07-06 01:02:51.238 I/TVMW@HsTvSetting( 1234): Trace cmd, data = 0x101f
07-06 01:02:51.238 D/til@system( 2026): til_get_system_param option:100001D int:3, bool:3, ret:0
07-06 01:02:51.238 E/til     ( 2026): [til_get_current_input_source, 101] 
07-06 01:02:51.238 I/TVMW@HsTvSetting( 1234): Trace cmd, data = 0x7007
07-06 01:02:51.239 I/tilwrapper@sm( 2026): HS2TIL_SourceType *hs=0xd, *til=0x900
07-06 01:02:51.239 D/til     ( 2026): get current source 2304
07-06 01:02:51.239 I/SurfaceFlinger( 1204): the layer SurfaceView is used to close xc and zorder is smallerest! clear region
07-06 01:02:51.239 D/SourceRemoteServiceHandler( 2026): getCurrentInputSource.from.til.result is 0, value is 2304
07-06 01:02:51.239 D/SourceRemoteServiceHandler( 2026): getInputSourceType source: 0x900, type=2304
07-06 01:02:51.239 D/til     ( 2026): ###### func:til_get_picture_param option:0x3000006 ######  
07-06 01:02:51.240 I/TVMW@HsTvSetting( 1234): Trace cmd, data = 0x1003
07-06 01:02:51.241 I/TVMW@HsTvSetting( 1234): Trace cmd, data = 0x8032
07-06 01:02:51.241 I/hstvos  ( 1216): [0m[1;33m[HSHAL][HS_VIDEO][HS_HAL_Video_SetOsdDetect_v2][2389]u16Threshold = 20
07-06 01:02:51.241 I/MiSysSrv( 1214): Not support now! 42, change to mm_video!!!
07-06 01:02:51.241 E/TVMW@videoctrl( 1234):  getOsd is 1
07-06 01:02:51.242 D/til@system( 2026): til_get_system_param option:1000027 int:1, bool:1, ret:0
07-06 01:02:51.242 D/til     ( 2026): ###### func:til_get_picture_param option:0x3000045 ######  
07-06 01:02:51.242 I/TVMW@HsTvSetting( 1234): Trace cmd, data = 0x300c
07-06 01:02:51.242 I/TVMW@HsTvSetting( 1234): Trace 3d, data = 0x300c
07-06 01:02:51.242 I/TVMW@3d ( 1234): Hs_debug3d_trace: func:get3dStatus, line:109
07-06 01:02:51.243 D/til@system( 2026): til_get_system_param option:1000007 int:-1815633792, bool:128, ret:0
07-06 01:02:51.244 D/til@system( 2026): til_get_system_param option:1000009 int:-1815634176, bool:0, ret:0
07-06 01:02:51.245 D/til@system( 2026): til_get_system_param option:1000008 int:-1936523008, bool:0, ret:0
07-06 01:02:51.245 D/HiSDKLogReport(19779): getOperationDetail-productName : LED50MU8600UC
07-06 01:02:51.245 D/HiSDKLogReport(19779): getOperationDetail-plmNumber : 88888
07-06 01:02:51.245 D/HiSDKLogReport(19779): getOperationDetail-swVersion : V0000.00.01A
07-06 01:02:51.245 D/HiSDKLogReport(19779): getOperationDetail-operationDetail : LED50MU8600UC0000888
07-06 01:02:51.246 D/HiSDKLogReport(19779): processLogReport-log : {eventType=110, appKey=1182445233, APPVersionName=3.0.0.9.00, devid=86100300900000500000060a4818fca8, mac=a8:a6:48:18:fc:a8, uuid=13287129, accessToken=72DF6038D2AEAB8A76DFBBBBCC428A4A_003108596425508, APIversion=501, logversion=2.0, devType=0, APPPackage=com.hisense.hicloud.edca, eventPos=002, requesttime=1499274171245, customerId=7195320, value2=, eventMessage=HttpConnection, value1=624, model_id=0, ChannelId=0, version=00.002.003, tv_distribute_id=00, subscriberId=13287129, APIVersion=600, PFAPPCode=652, softwareVersion=LED50MU8600UC0000888}
07-06 01:02:51.246 D/DetailPlayActivity(19779): detailpage result is:com.hisense.sdk.domain.DetailsPage@26689e8f
07-06 01:02:51.249 D/til@system( 2026): til_get_system_param option:1000007 int:-1936525184, bool:128, ret:0
07-06 01:02:51.251 D/til@system( 2026): til_get_system_param option:1000009 int:-1936522112, bool:128, ret:0
07-06 01:02:51.251 D/til@system( 2026): til_get_system_param option:1000008 int:-1815632896, bool:0, ret:0
07-06 01:02:51.252 D/HttpDnsUtils(19779): CEXX-getOperationDetail-productName : LED50MU8600UC
07-06 01:02:51.252 D/HttpDnsUtils(19779): CEXX-getOperationDetail-plmNumber : 88888
07-06 01:02:51.252 D/HttpDnsUtils(19779): CEXX-getOperationDetail-swVersion : V0000.00.01A
07-06 01:02:51.252 D/HttpDnsUtils(19779): CEXX-getOperationDetail-operationDetail : LED50MU8600UC0000888
07-06 01:02:51.252 E/NetUtils(19779): encryption --- sign = accessToken=72DF6038D2AEAB8A76DFBBBBCC428A4A_003108596425508&customerId=7195320&devType=0&devid=86100300900000500000060a4818fca8&resourceId=3535&resourceType=0&BDA9F96C98E9D5130A5AFB3411B5F9E0
07-06 01:02:51.252 I/HttpDnsUtils(19779): checkValid-查询课程用户付费详情接口【新增】【实现】 //查询单个视频是否购买: --- URL >> http://api.edu.hismarttv.com/payment/api/order/checkValid?resourceId=3535&resourceType=0&devType=0&accessToken=72DF6038D2AEAB8A76DFBBBBCC428A4A_003108596425508&sign=940ae038e5eef6ca7f2976e57e63525b
07-06 01:02:51.254 W/System.err(19779): java.net.ConnectException: failed to connect to /10.18.210.112 (port 8900) after 6000ms: isConnected failed: ECONNREFUSED (Connection refused)
07-06 01:02:51.254 W/System.err(19779): 	at libcore.io.IoBridge.isConnected(IoBridge.java:238)
07-06 01:02:51.254 W/System.err(19779): 	at libcore.io.IoBridge.connectErrno(IoBridge.java:171)
07-06 01:02:51.254 W/System.err(19779): 	at libcore.io.IoBridge.connect(IoBridge.java:122)
07-06 01:02:51.254 W/System.err(19779): 	at java.net.PlainSocketImpl.connect(PlainSocketImpl.java:183)
07-06 01:02:51.254 W/System.err(19779): 	at java.net.PlainSocketImpl.connect(PlainSocketImpl.java:456)
07-06 01:02:51.254 W/System.err(19779): 	at java.net.Socket.connect(Socket.java:882)
07-06 01:02:51.254 W/System.err(19779): 	at com.android.okhttp.internal.Platform.connectSocket(Platform.java:174)
07-06 01:02:51.254 W/System.err(19779): 	at com.android.okhttp.Connection.connect(Connection.java:152)
07-06 01:02:51.254 W/System.err(19779): 	at com.android.okhttp.internal.http.HttpEngine.connect(HttpEngine.java:276)
07-06 01:02:51.254 W/System.err(19779): 	at com.android.okhttp.internal.http.HttpEngine.sendRequest(HttpEngine.java:211)
07-06 01:02:51.254 W/System.err(19779): 	at com.android.okhttp.internal.http.HttpURLConnectionImpl.execute(HttpURLConnectionImpl.java:382)
07-06 01:02:51.254 W/System.err(19779): 	at com.android.okhttp.internal.http.HttpURLConnectionImpl.connect(HttpURLConnectionImpl.java:106)
07-06 01:02:51.254 W/System.err(19779): 	at com.hisense.hitv.hicloud.util.ExceptionReport.a(ExceptionReport.java:337)
07-06 01:02:51.254 W/System.err(19779): 	at com.hisense.hitv.hicloud.util.ExceptionReport.a(ExceptionReport.java:39)
07-06 01:02:51.254 W/System.err(19779): 	at com.hisense.hitv.hicloud.util.ExceptionReport$1.run(ExceptionReport.java:83)
07-06 01:02:51.254 W/System.err(19779): 	at java.lang.Thread.run(Thread.java:818)
07-06 01:02:51.254 W/System.err(19779): Caused by: android.system.ErrnoException: isConnected failed: ECONNREFUSED (Connection refused)
07-06 01:02:51.255 D/til@system( 2026): til_get_system_param option:1000007 int:-1936522368, bool:128, ret:0
07-06 01:02:51.256 I/SurfaceFlinger( 1204): the layer SurfaceView is used to close xc and zorder is smallerest! clear region
07-06 01:02:51.257 W/System.err(19779): 	at libcore.io.IoBridge.isConnected(IoBridge.java:223)
07-06 01:02:51.257 D/til@system( 2026): til_get_system_param option:1000009 int:-1815633792, bool:128, ret:0
07-06 01:02:51.257 W/System.err(19779): 	... 15 more
07-06 01:02:51.259 D/til@system( 2026): til_get_system_param option:1000008 int:-1815634176, bool:0, ret:0
07-06 01:02:51.259 D/HttpBuilder(19779): getOperationDetail-productName : LED50MU8600UC
07-06 01:02:51.259 D/HttpBuilder(19779): getOperationDetail-plmNumber : 88888
07-06 01:02:51.259 D/HttpBuilder(19779): getOperationDetail-swVersion : V0000.00.01A
07-06 01:02:51.259 D/HttpBuilder(19779): getOperationDetail-operationDetail : LED50MU8600UC0000888
07-06 01:02:51.273 I/SurfaceFlinger( 1204): the layer SurfaceView is used to close xc and zorder is smallerest! clear region
07-06 01:02:51.280 I/NetflixMonitorService( 1733): current fgapk : com.hisense.hicloud.edca
07-06 01:02:51.280 I/NetflixMonitorService( 1733): Netflix status unchanged
07-06 01:02:51.288 I/SurfaceFlinger( 1204): the layer SurfaceView is used to close xc and zorder is smallerest! clear region
07-06 01:02:51.290 I/HttpBuilder(19779): addUrlPublicParams mUrl ==>http://api.edu.hismarttv.com/payment/api/order/checkValid?resourceId=3535&resourceType=0&devType=0&accessToken=72DF6038D2AEAB8A76DFBBBBCC428A4A_003108596425508&sign=940ae038e5eef6ca7f2976e57e63525b&uuid=13287129&mac=a8:a6:48:18:fc:a8&devid=86100300900000500000060a4818fca8&version=00.002.003&subscriberId=13287129&customerId=7195320&model_id=0&APPPackage=com.hisense.hicloud.edca&PFAPPCode=652&APPVersionName=3.0.0.9.00&ChannelId=0&softwareVersion=LED50MU8600UC0000888&tv_distribute_id=00&APIVersion=600
07-06 01:02:51.294 D/HttpHandler(19779): VerifySignInterCeptor-->request.url()=http://api.edu.hismarttv.com/payment/api/order/checkValid?resourceId=3535&resourceType=0&devType=0&accessToken=72DF6038D2AEAB8A76DFBBBBCC428A4A_003108596425508&sign=940ae038e5eef6ca7f2976e57e63525b&uuid=13287129&mac=a8:a6:48:18:fc:a8&devid=86100300900000500000060a4818fca8&version=00.002.003&subscriberId=13287129&customerId=7195320&model_id=0&APPPackage=com.hisense.hicloud.edca&PFAPPCode=652&APPVersionName=3.0.0.9.00&ChannelId=0&softwareVersion=LED50MU8600UC0000888&tv_distribute_id=00&APIVersion=600
07-06 01:02:51.294 D/HttpHandler(19779): VerifySignInterCeptor-->hostname=api.edu.hismarttv.com
07-06 01:02:51.295 D/HttpHandler(19779): HttpDNS-->hostname=api.edu.hismarttv.com
07-06 01:02:51.296 D/HttpHandler(19779): RAMCache-->hostInfo.getClientTimeStamp()=22995729
07-06 01:02:51.296 D/HttpHandler(19779): RAMCache-->hostInfo.getTtl()=3600
07-06 01:02:51.296 D/HttpHandler(19779): RAMCache-->SystemClock.elapsedRealtime()=23012868
07-06 01:02:51.301 D/HttpHandler(19779): DNSHelper-->gslbDns=["123.103.91.123"]
07-06 01:02:51.305 I/SurfaceFlinger( 1204): the layer SurfaceView is used to close xc and zorder is smallerest! clear region
07-06 01:02:51.321 I/SurfaceFlinger( 1204): the layer SurfaceView is used to close xc and zorder is smallerest! clear region
07-06 01:02:51.328 D/OkHttp  (19779): --> GET http://api.edu.hismarttv.com/payment/api/order/checkValid?resourceId=3535&resourceType=0&devType=0&accessToken=72DF6038D2AEAB8A76DFBBBBCC428A4A_003108596425508&sign=940ae038e5eef6ca7f2976e57e63525b&uuid=13287129&mac=a8:a6:48:18:fc:a8&devid=86100300900000500000060a4818fca8&version=00.002.003&subscriberId=13287129&customerId=7195320&model_id=0&APPPackage=com.hisense.hicloud.edca&PFAPPCode=652&APPVersionName=3.0.0.9.00&ChannelId=0&softwareVersion=LED50MU8600UC0000888&tv_distribute_id=00&APIVersion=600 http/1.1
07-06 01:02:51.328 D/OkHttp  (19779): Data_Type: JSON
07-06 01:02:51.328 D/OkHttp  (19779): RetryTime: 0
07-06 01:02:51.328 D/OkHttp  (19779): Backoffmutiplier: 0
07-06 01:02:51.328 D/OkHttp  (19779): Host: api.edu.hismarttv.com
07-06 01:02:51.329 D/OkHttp  (19779): Connection: Keep-Alive
07-06 01:02:51.330 D/OkHttp  (19779): Accept-Encoding: gzip
07-06 01:02:51.330 D/OkHttp  (19779): User-Agent: okhttp/3.6.0
07-06 01:02:51.330 D/OkHttp  (19779): --> END GET
07-06 01:02:51.338 I/SurfaceFlinger( 1204): the layer SurfaceView is used to close xc and zorder is smallerest! clear region
07-06 01:02:51.354 I/SurfaceFlinger( 1204): the layer SurfaceView is used to close xc and zorder is smallerest! clear region
07-06 01:02:51.358 I/TVMW@devctrl( 1234): wdt
07-06 01:02:51.369 I/MiSysSrv( 1214): [37m[INFO] Change to Voltage: 102 mv (0x23)[m
07-06 01:02:51.371 I/SurfaceFlinger( 1204): the layer SurfaceView is used to close xc and zorder is smallerest! clear region
07-06 01:02:51.388 I/SurfaceFlinger( 1204): the layer SurfaceView is used to close xc and zorder is smallerest! clear region
07-06 01:02:51.405 I/SurfaceFlinger( 1204): the layer SurfaceView is used to close xc and zorder is smallerest! clear region
07-06 01:02:51.421 I/SurfaceFlinger( 1204): the layer SurfaceView is used to close xc and zorder is smallerest! clear region
07-06 01:02:51.438 I/SurfaceFlinger( 1204): the layer SurfaceView is used to close xc and zorder is smallerest! clear region
07-06 01:02:51.455 I/SurfaceFlinger( 1204): the layer SurfaceView is used to close xc and zorder is smallerest! clear region
07-06 01:02:51.469 I/MiSysSrv( 1214): [37m[INFO] Change to Voltage: 102 mv (0x23)[m
