07-05 22:06:57.796 I/MyFragmentStateAdapter(19424): getCount
07-05 22:06:57.814 D/GlobalInputEventMonitoringService( 1733): interceptKeyBeforeQueueing(), event:22, mNeedMonitorKeyEvent:true, mWaitForKeyUpEvent:false
07-05 22:06:57.814 D/GlobalInputEventMonitoringService( 1733): processKeyEvent(), processKeyEvent event:22
07-05 22:06:57.815 D/WindowManager( 1733): interceptKeyTq keycode=22 interactive=true keyguardActive=false policyFlags=2b000000 isCancled= false
07-05 22:06:57.815 D/PowerManagerService( 1733): userActivityNoUpdateLocked: eventTime=12459384, event=1, flags=0x0, uid=1000
07-05 22:06:57.815 D/WindowManager( 1733): interceptKeyTi keyCode=22 down=true repeatCount=0 keyguardOn=false mHomePressed=false canceled=false
07-05 22:06:57.815 D/WindowManager( 1733): Hisense systemkey event: 22
07-05 22:06:57.815 D/HisenseGlobalKeyManager( 1733): handleGlobalKey() : Global event = KeyEvent { action=ACTION_DOWN, keyCode=KEYCODE_DPAD_RIGHT, scanCode=0, metaState=0, flags=0x0, repeatCount=0, eventTime=12459384, downTime=12459384, deviceId=-1, source=0x101 }
07-05 22:06:57.822 I/MyFragmentStateAdapter(19424): getCount
07-05 22:06:57.859 D/SogouIME( 2203): [onKeyDown] keycode = 22 model = VIDAA_TV
07-05 22:06:57.864 I/MyFragmentStateAdapter(19424): getCount
07-05 22:06:57.886 D/Carousel-CarouselDisplayPlayerLayout(19424): HasFocus:false,keyCode:22
07-05 22:06:57.887 D/Carousel-CarouselDisplayPlayerLayout(19424): isFullScreen:false
07-05 22:06:57.887 I/HomeMainActivity(19424): carousel handle key:false
07-05 22:06:57.887 I/MainHomeView(19424): dispatchKeyEvent ACTION_DOWN now 
07-05 22:06:57.890 I/TabView (19424): onKeyListener() ACTION_DOWN keyCode -- 22
07-05 22:06:57.890 I/SoftFragmentList(19424): fetchCacheFragment  enter ---- index = 2
07-05 22:06:57.890 D/SoftFragmentList(19424): fetchCacheFragment  mFragmentCache.size() = 3
07-05 22:06:57.890 D/SoftFragmentList(19424): fetchCacheFragment mLastIndex = 2, view = 
07-05 22:06:57.891 I/BaseContentFragment(19424): initChildFocustrue,recyclerview=com.hisense.leanback.widget.VerticalGridView{19f544d6 VFED.... ........ 0,0-1768,1080 #7f0d02c8 app:id/recyclerview_content}====---mIsVisibleToUser:true-------
07-05 22:06:57.900 D/MSTAR_VDEC_DBG( 1206): Stream ID: 0, Rate : 23 (E:0,D:0,S:0,F:52) 
07-05 22:06:57.913 D/til@system( 2026): til_get_system_param option:1000007 int:-1936522368, bool:128, ret:0
07-05 22:06:57.918 D/til@system( 2026): til_get_system_param option:1000009 int:-1815633792, bool:128, ret:0
07-05 22:06:57.920 D/til@system( 2026): til_get_system_param option:1000008 int:-1815634176, bool:0, ret:0
07-05 22:06:57.920 D/HiSDKLogReport(19424): getOperationDetail-productName : LED50MU8600UC
07-05 22:06:57.920 D/HiSDKLogReport(19424): getOperationDetail-plmNumber : 88888
07-05 22:06:57.920 D/HiSDKLogReport(19424): getOperationDetail-swVersion : V0000.00.01A
07-05 22:06:57.920 D/HiSDKLogReport(19424): getOperationDetail-operationDetail : LED50MU8600UC0000888
07-05 22:06:57.921 D/HiSDKLogReport(19424): businessLogReport-log : {eventType=232, APPVersionName=3.0.0.9.00, devid=86100300900000500000060a4818fca8, rowid=-1, uuid=13287129, APIversion=501, eventcode=232000, logversion=2.0, columnid=-1, devType=0, eventPos=000, groupid=-1, ChannelId=0, version=00.002.003, subscriberId=13287129, PFAPPCode=652, tabid=0, softwareVersion=LED50MU8600UC0000888, srceventcode=201000, mac=a8:a6:48:18:fc:a8, accessToken=72DF6038D2AEAB8A76DFBBBBCC428A4A_002320066723918, srctabid=0, APPPackage=com.hisense.hicloud.edca, sessionid=6d9588e4c0854777a3e61de33cc28e45, requesttime=1499263617920, customerId=7195320, model_id=0, requestid=03541bb34f8f4813b64a9813b77d9fe0, tv_distribute_id=00, APIVersion=600, issysrepo=0}
07-05 22:06:57.921 D/BaseContentFragment(19424): initChildFocus firstlineview===>:com.hisense.tvui.newhome.view.SpecialFirstView{12094d83 V.E..... ........ 10,185-1748,691}
07-05 22:06:57.921 D/setHistoryRequestFocus(19424): ===>false
07-05 22:06:57.923 I/FirstlineLayoutManager(19424): left=0,width=1738,scroll Distance=-1488
07-05 22:06:57.928 I/BaseContentFragment(19424): setRowViewSelectedViewHolder{3a8e8fb8 position=0 id=-1, oldPos=-1, pLpos:-1},isSelectedfalse
07-05 22:06:57.929 I/BaseContentFragment(19424): setRowViewSelectedViewHolder{1f30f9e7 position=1 id=-1, oldPos=-1, pLpos:-1},isSelectedtrue
07-05 22:06:57.929 I/RoleContentFragment(19424): onChildSelected:1,lastPos=0
07-05 22:06:57.929 W/System.err(19424): java.net.ConnectException: failed to connect to /10.18.210.112 (port 8900) after 6000ms: isConnected failed: ECONNREFUSED (Connection refused)
07-05 22:06:57.930 W/System.err(19424): 	at libcore.io.IoBridge.isConnected(IoBridge.java:238)
07-05 22:06:57.930 W/System.err(19424): 	at libcore.io.IoBridge.connectErrno(IoBridge.java:171)
07-05 22:06:57.930 W/System.err(19424): 	at libcore.io.IoBridge.connect(IoBridge.java:122)
07-05 22:06:57.930 W/System.err(19424): 	at java.net.PlainSocketImpl.connect(PlainSocketImpl.java:183)
07-05 22:06:57.930 W/System.err(19424): 	at java.net.PlainSocketImpl.connect(PlainSocketImpl.java:456)
07-05 22:06:57.930 W/System.err(19424): 	at java.net.Socket.connect(Socket.java:882)
07-05 22:06:57.930 W/System.err(19424): 	at com.android.okhttp.internal.Platform.connectSocket(Platform.java:174)
07-05 22:06:57.930 W/System.err(19424): 	at com.android.okhttp.Connection.connect(Connection.java:152)
07-05 22:06:57.930 W/System.err(19424): 	at com.android.okhttp.internal.http.HttpEngine.connect(HttpEngine.java:276)
07-05 22:06:57.930 W/System.err(19424): 	at com.android.okhttp.internal.http.HttpEngine.sendRequest(HttpEngine.java:211)
07-05 22:06:57.930 W/System.err(19424): 	at com.android.okhttp.internal.http.HttpURLConnectionImpl.execute(HttpURLConnectionImpl.java:382)
07-05 22:06:57.930 W/System.err(19424): 	at com.android.okhttp.internal.http.HttpURLConnectionImpl.connect(HttpURLConnectionImpl.java:106)
07-05 22:06:57.930 W/System.err(19424): 	at com.hisense.hitv.hicloud.util.ExceptionReport.a(ExceptionReport.java:337)
07-05 22:06:57.930 W/System.err(19424): 	at com.hisense.hitv.hicloud.util.ExceptionReport.a(ExceptionReport.java:39)
07-05 22:06:57.930 W/System.err(19424): 	at com.hisense.hitv.hicloud.util.ExceptionReport$1.run(ExceptionReport.java:83)
07-05 22:06:57.930 W/System.err(19424): 	at java.lang.Thread.run(Thread.java:818)
07-05 22:06:57.930 W/System.err(19424): Caused by: android.system.ErrnoException: isConnected failed: ECONNREFUSED (Connection refused)
07-05 22:06:57.931 W/System.err(19424): 	at libcore.io.IoBridge.isConnected(IoBridge.java:223)
07-05 22:06:57.931 W/System.err(19424): 	... 15 more
07-05 22:06:57.936 I/TabView (19424): onfocuschange:false
07-05 22:06:57.938 D/TabView (19424): icon---:2
07-05 22:06:57.939 E/TabView (19424): 
07-05 22:06:57.959 D/CommonHeader(19424): onTabStatusChanged tabstatus===>:40000
07-05 22:06:57.969 D/HttpHandler(19424): VerifySignInterCeptor-->request.url()=http://picture.edu.hismarttv.com/images/20170628121925625089.png
07-05 22:06:57.969 D/HttpHandler(19424): VerifySignInterCeptor-->hostname=picture.edu.hismarttv.com
07-05 22:06:57.979 D/OkHttp  (19424): --> GET http://picture.edu.hismarttv.com/images/20170628121925625089.png http/1.1
07-05 22:06:57.979 D/OkHttp  (19424): Host: picture.edu.hismarttv.com
07-05 22:06:57.979 D/OkHttp  (19424): Connection: Keep-Alive
07-05 22:06:57.979 D/OkHttp  (19424): Accept-Encoding: gzip
07-05 22:06:57.979 D/OkHttp  (19424): User-Agent: okhttp/3.6.0
07-05 22:06:57.979 D/OkHttp  (19424): --> END GET
07-05 22:06:57.991 I/TVMW@HsTvSetting( 1234): Trace cmd, data = 0x1058
07-05 22:06:57.991 D/til@system( 2026): til_get_system_param option:100002F int:0, bool:0, ret:0
07-05 22:06:57.992 I/TVMW@HsTvSetting( 1234): Trace cmd, data = 0x101f
07-05 22:06:57.992 D/til@system( 2026): til_get_system_param option:100001D int:3, bool:3, ret:0
07-05 22:06:57.992 E/til     ( 2026): [til_get_current_input_source, 101] 
07-05 22:06:57.992 I/TVMW@HsTvSetting( 1234): Trace cmd, data = 0x7007
07-05 22:06:57.992 I/tilwrapper@sm( 2026): HS2TIL_SourceType *hs=0xd, *til=0x900
07-05 22:06:57.992 D/til     ( 2026): get current source 2304
07-05 22:06:57.992 D/SourceRemoteServiceHandler( 2026): getCurrentInputSource.from.til.result is 0, value is 2304
07-05 22:06:57.992 D/SourceRemoteServiceHandler( 2026): getInputSourceType source: 0x900, type=2304
07-05 22:06:57.992 D/til     ( 2026): ###### func:til_get_picture_param option:0x3000006 ######  
07-05 22:06:57.993 I/TVMW@HsTvSetting( 1234): Trace cmd, data = 0x1003
07-05 22:06:57.993 I/TVMW@HsTvSetting( 1234): Trace cmd, data = 0x8032
07-05 22:06:57.994 I/hstvos  ( 1216): [0m[1;33m[HSHAL][HS_VIDEO][HS_HAL_Video_SetOsdDetect_v2][2389]u16Threshold = 20
07-05 22:06:57.994 E/TVMW@videoctrl( 1234):  getOsd is 1
07-05 22:06:57.994 D/til@system( 2026): til_get_system_param option:1000027 int:1, bool:1, ret:0
07-05 22:06:57.994 D/til     ( 2026): ###### func:til_get_picture_param option:0x3000045 ######  
07-05 22:06:57.994 I/TVMW@HsTvSetting( 1234): Trace cmd, data = 0x300c
07-05 22:06:57.994 I/TVMW@HsTvSetting( 1234): Trace 3d, data = 0x300c
07-05 22:06:57.994 I/TVMW@3d ( 1234): Hs_debug3d_trace: func:get3dStatus, line:109
07-05 22:06:57.998 D/GlobalInputEventMonitoringService( 1733): interceptKeyBeforeQueueing(), event:22, mNeedMonitorKeyEvent:true, mWaitForKeyUpEvent:false
07-05 22:06:57.998 D/GlobalInputEventMonitoringService( 1733): processKeyEvent(), processKeyEvent event:22
07-05 22:06:57.998 D/WindowManager( 1733): interceptKeyTq keycode=22 interactive=true keyguardActive=false policyFlags=2b000000 isCancled= false
07-05 22:06:57.998 D/WindowManager( 1733): interceptKeyTi keyCode=22 down=false repeatCount=0 keyguardOn=false mHomePressed=false canceled=false
07-05 22:06:57.998 D/WindowManager( 1733): Hisense systemkey event: 22
07-05 22:06:57.999 D/HisenseGlobalKeyManager( 1733): handleGlobalKey() : Global event = KeyEvent { action=ACTION_UP, keyCode=KEYCODE_DPAD_RIGHT, scanCode=0, metaState=0, flags=0x0, repeatCount=0, eventTime=12459384, downTime=12459384, deviceId=-1, source=0x101 }
07-05 22:06:58.003 I/MyFragmentStateAdapter(19424): getCount
07-05 22:06:58.004 D/OkHttp  (19424): <-- 200 OK http://picture.edu.hismarttv.com/images/20170628121925625089.png (23ms)
07-05 22:06:58.004 D/OkHttp  (19424): Date: Tue, 04 Jul 2017 02:16:20 GMT
07-05 22:06:58.004 D/OkHttp  (19424): Server: nginx
07-05 22:06:58.004 D/OkHttp  (19424): Content-Type: image/png
07-05 22:06:58.004 D/OkHttp  (19424): Content-Length: 3689
07-05 22:06:58.004 D/OkHttp  (19424): Last-Modified: Wed, 28 Jun 2017 12:19:25 GMT
07-05 22:06:58.004 D/OkHttp  (19424): ETag: "59539ecd-e69"
07-05 22:06:58.004 D/OkHttp  (19424): Accept-Ranges: bytes
07-05 22:06:58.004 D/OkHttp  (19424): Age: 129037
07-05 22:06:58.004 D/OkHttp  (19424): Via: 1.1 jnwt241:0 (Cdn Cache Server V2.0)[4 200 0], 1.1 angtong92:5 (Cdn Cache Server V2.0)[0 200 0]
07-05 22:06:58.004 D/OkHttp  (19424): Connection: keep-alive
07-05 22:06:58.004 D/OkHttp  (19424): <-- END HTTP
07-05 22:06:58.005 D/HttpHandler(19424): RetryIntercepter-->retryNum=0
07-05 22:06:58.005 D/HttpHandler(19424): RetryIntercepter-->backoffmutiplier=0
07-05 22:06:58.033 D/TabView (19424): 
07-05 22:06:58.035 D/TabView (19424): 
07-05 22:06:58.036 D/TabView (19424): 
07-05 22:06:58.037 D/TabView (19424): 
07-05 22:06:58.037 D/TabView (19424): 
07-05 22:06:58.038 D/TabView (19424): 
07-05 22:06:58.039 D/TabView (19424): 
07-05 22:06:58.039 D/TabView (19424): 
07-05 22:06:58.040 D/TabView (19424): 
07-05 22:06:58.041 D/TabView (19424): 
07-05 22:06:58.042 D/TabView (19424): 
07-05 22:06:58.043 D/TabView (19424): 
07-05 22:06:58.044 D/TabView (19424): 
07-05 22:06:58.044 D/TabView (19424): 
07-05 22:06:58.045 D/TabView (19424): 
07-05 22:06:58.046 D/TabView (19424): 
07-05 22:06:58.047 I/MyFragmentStateAdapter(19424): getCount
07-05 22:06:58.047 I/MyFragmentStateAdapter(19424): getCount
07-05 22:06:58.047 D/TabView (19424): 
07-05 22:06:58.048 D/TabView (19424): 
07-05 22:06:58.049 D/TabView (19424): 
07-05 22:06:58.049 D/TabView (19424): 
07-05 22:06:58.050 D/TabView (19424): 
07-05 22:06:58.050 D/TabView (19424): 
07-05 22:06:58.051 D/TabView (19424): 
07-05 22:06:58.052 D/TabView (19424): 
07-05 22:06:58.053 D/TabView (19424): 
07-05 22:06:58.054 D/TabView (19424): 
07-05 22:06:58.054 D/HttpHandler(19424): VerifySignInterCeptor-->request.url()=http://picture.edu.hismarttv.com/images/20170628111917742483.png
07-05 22:06:58.054 D/HttpHandler(19424): VerifySignInterCeptor-->hostname=picture.edu.hismarttv.com
07-05 22:06:58.054 D/TabView (19424): 
07-05 22:06:58.054 D/HttpHandler(19424): RetryIntercepter-->retryNum=0
07-05 22:06:58.054 D/HttpHandler(19424): RetryIntercepter-->backoffmutiplier=0
07-05 22:06:58.056 D/TabView (19424): 
07-05 22:06:58.057 D/TabView (19424): 
07-05 22:06:58.058 D/TabView (19424): 
07-05 22:06:58.059 D/TabView (19424): 
07-05 22:06:58.060 D/TabView (19424): 
07-05 22:06:58.061 I/MyFragmentStateAdapter(19424): getCount
07-05 22:06:58.061 I/MyFragmentStateAdapter(19424): getCount
07-05 22:06:58.076 I/TabView (19424): onScroll:,firstItem=0,visibleCount=6,totalCount=10
07-05 22:06:58.082 D/Carousel-CarouselView(19424): ============>onScrollChanged hashCode:54286932
07-05 22:06:58.082 D/Carousel-CarouselDisplayPlayerLayout(19424): isFullScreen:false
07-05 22:06:58.083 I/MainHomeView(19424): onPanelSlide0.39694658---left204
07-05 22:06:58.089 I/CurrentCarouselView(19424): onCarouseControlCarouselControlBean{mShoudScroll=true, mActivityHasResume=false, mActivityHasStop=false, mHasTurnGone=false, mHasTurnVisible=false, mChannelId=-1, mSlideOffset=0.39694658, mShouldSelectCenter=false, mTabOpen=false, mHoriPosStatus=None, mVerPosStatus=None, mLevelStatus=None},isPlayingtrue,channelId=0
07-05 22:06:58.089 I/CurrentCarouselView(19424): is not the current page
07-05 22:06:58.089 I/CurrentCarouselView(19424): do scroll
07-05 22:06:58.089 D/Carousel-CarouselView(19424): smoothScroll.
07-05 22:06:58.089 D/Carousel-CarouselDisplayPlayerLayout(19424): isFullScreen:false
07-05 22:06:58.093 D/TabView (19424): onReceiveSlidingOffset ===>:0.39694658
07-05 22:06:58.096 I/MyFragmentStateAdapter(19424): getCount
07-05 22:06:58.104 D/PowerManagerService( 1733): acquireWakeLockInternal: lock=113832109, flags=0x1, tag="NetworkStats", ws=null, uid=1000, pid=1733
07-05 22:06:58.104 D/PowerManagerNotifier( 1733): onWakeLockAcquired: flags=1, tag="NetworkStats", packageName=android, ownerUid=1000, ownerPid=1733, workSource=null
07-05 22:06:58.104 D/NtpTrustedTime( 1733): currentTimeMillis() cache hit
07-05 22:06:58.113 D/Carousel-CarouselDisplayPlayerLayout(19424): HasFocus:false,keyCode:22
07-05 22:06:58.113 D/Carousel-CarouselDisplayPlayerLayout(19424): isFullScreen:false
07-05 22:06:58.114 I/HomeMainActivity(19424): carousel handle key:false
07-05 22:06:58.117 D/NtpTrustedTime( 1733): currentTimeMillis() cache hit
07-05 22:06:58.118 D/PowerManagerService( 1733): releaseWakeLockInternal: lock=113832109 [NetworkStats], flags=0x0
07-05 22:06:58.119 D/PowerManagerNotifier( 1733): onWakeLockReleased: flags=1, tag="NetworkStats", packageName=android, ownerUid=1000, ownerPid=1733, workSource=null
07-05 22:06:58.120 D/NtpTrustedTime( 1733): currentTimeMillis() cache hit
07-05 22:06:58.120 D/NtpTrustedTime( 1733): currentTimeMillis() cache hit
07-05 22:06:58.143 V/InputMethodService( 2203): startInput(): editor=android.view.inputmethod.EditorInfo@83a77e
07-05 22:06:58.143 V/InputMethodService( 2203): CALL: onFinishInput
07-05 22:06:58.143 I/MainHomeView(19424): onPanelSlide0.18320611---left176
07-05 22:06:58.143 I/CurrentCarouselView(19424): onCarouseControlCarouselControlBean{mShoudScroll=true, mActivityHasResume=false, mActivityHasStop=false, mHasTurnGone=false, mHasTurnVisible=false, mChannelId=-1, mSlideOffset=0.18320611, mShouldSelectCenter=false, mTabOpen=false, mHoriPosStatus=None, mVerPosStatus=None, mLevelStatus=None},isPlayingtrue,channelId=0
07-05 22:06:58.143 I/CurrentCarouselView(19424): is not the current page
07-05 22:06:58.143 I/CurrentCarouselView(19424): do scroll
07-05 22:06:58.144 D/Carousel-CarouselView(19424): smoothScroll.
07-05 22:06:58.144 D/Carousel-CarouselDisplayPlayerLayout(19424): isFullScreen:false
07-05 22:06:58.144 D/TabView (19424): onReceiveSlidingOffset ===>:0.18320611
07-05 22:06:58.144 E/SOGOUIME_JNI( 2203): reset
07-05 22:06:58.144 E/SOGOUIME_JNI( 2203): getCandidates
07-05 22:06:58.144 E/SOGOUIME_JNI( 2203): ime_get_uncommitted_length
07-05 22:06:58.144 E/SOGOUIME_JNI( 2203): getCandidates
07-05 22:06:58.144 D/SogouIME API( 2203): ==============num:32
07-05 22:06:58.144 E/SOGOUIME_JNI( 2203): ime_get_uncommitted_length
07-05 22:06:58.144 D/SogouIME( 2203): mFocusedComponent:30   isHkbEnable:false
07-05 22:06:58.144 E/SOGOUIME_JNI( 2203): ime_get_uncommitted_length
07-05 22:06:58.145 E/SOGOUIME_JNI( 2203): ime_get_committed_length
07-05 22:06:58.145 E/SOGOUIME_JNI( 2203): getComposingInfo
07-05 22:06:58.145 E/SOGOUIME_JNI( 2203): getComposingInfo
07-05 22:06:58.145 E/SOGOUIME_JNI( 2203): getCorrectInfo
07-05 22:06:58.145 E/SOGOUIME_JNI( 2203): getComposingInfo
07-05 22:06:58.145 V/InputMethodService( 2203): CALL: onStartInput
07-05 22:06:58.145 E/SOGOUIME_JNI( 2203): invalidateCommitWordPinyinNative
07-05 22:06:58.145 D/SogouIME( 2203): =====configKeyboard=======:false     false
07-05 22:06:58.145 E/SOGOUIME_JNI( 2203): ime_set_hard_kb_enable
07-05 22:06:58.152 D/Carousel-CarouselDisplayPlayerLayout(19424): x=404, y=167,w=892,h=536, hashCode=828342179
07-05 22:06:58.152 D/Carousel-CarouselDisplayPlayerLayout(19424): mX=511, mY=167,mWitdh=892,mHeight=536, hashCode=828342179
07-05 22:06:58.152 D/Carousel-CarouselDisplayPlayerLayout(19424): changed=true, hashCode=828342179
07-05 22:06:58.155 D/Carousel-Utils(19424): x=404,y=167, width=892,height=536
07-05 22:06:58.155 D/Carousel-CarouselDisplayPlayerLayout(19424): isFullScreen:false
07-05 22:06:58.155 D/Carousel-CarouselView(19424): ===========>onScrollStart
07-05 22:06:58.156 D/Carousel-Utils(19424): displayImage view=android.widget.ImageView{3747bcf9 I.ED.... ......ID 0,0-816,460 #7f0d0029 app:id/imageView1}
07-05 22:06:58.156 D/Carousel-Utils(19424): displayImage url=http://picture.edu.hismarttv.com/images/20170629010146422927.jpg
07-05 22:06:58.157 D/Carousel-Utils(19424): onResourceReady.
07-05 22:06:58.168 D/Carousel-Utils(19424): displayImage view=android.widget.ImageView{3421d734 I.ED.... ........ 0,0-816,460 #7f0d0029 app:id/imageView1}
07-05 22:06:58.168 D/Carousel-Utils(19424): displayImage url=http://picture.edu.hismarttv.com/images/20170629010146422927.jpg
07-05 22:06:58.169 D/Carousel-Utils(19424): onResourceReady.
07-05 22:06:58.169 D/Carousel-CarouselDisplayPlayerLayout(19424): x=404, y=167,w=892,h=536, hashCode=828342179
07-05 22:06:58.169 D/Carousel-CarouselDisplayPlayerLayout(19424): mX=404, mY=167,mWitdh=892,mHeight=536, hashCode=828342179
07-05 22:06:58.169 D/Carousel-CarouselDisplayPlayerLayout(19424): changed=false, hashCode=828342179
07-05 22:06:58.169 D/Carousel-CarouselDisplayPlayerLayout(19424): extraTryCount=0
07-05 22:06:58.211 I/MyFragmentStateAdapter(19424): getCount
07-05 22:06:58.211 I/MyFragmentStateAdapter(19424): getCount
07-05 22:06:58.211 I/MyFragmentStateAdapter(19424): getCount
07-05 22:06:58.211 I/MyFragmentStateAdapter(19424): getCount
07-05 22:06:58.211 I/Carousel-UrlVideoView(19424): onMeasure(MeasureSpec: EXACTLY 816, MeasureSpec: EXACTLY 460)
07-05 22:06:58.211 D/Carousel-UrlVideoView(19424): widthSpecMode=1073741824
07-05 22:06:58.211 D/Carousel-UrlVideoView(19424): heightSpecMode=1073741824
07-05 22:06:58.211 D/Carousel-UrlVideoView(19424): widthSpecSize=816
07-05 22:06:58.211 D/Carousel-UrlVideoView(19424): heightSpecSize=460
07-05 22:06:58.211 I/Carousel-UrlVideoView(19424): onMeasure(MeasureSpec: EXACTLY 816, MeasureSpec: EXACTLY 460)
07-05 22:06:58.211 D/Carousel-UrlVideoView(19424): widthSpecMode=1073741824
07-05 22:06:58.211 D/Carousel-UrlVideoView(19424): heightSpecMode=1073741824
07-05 22:06:58.212 D/Carousel-UrlVideoView(19424): widthSpecSize=816
07-05 22:06:58.212 D/Carousel-UrlVideoView(19424): heightSpecSize=460
07-05 22:06:58.217 D/Surface ( 1733): onStatusChange() : mNativeObject = 547819111936 mUseImageHwRender = false
07-05 22:06:58.217 V/Surface ( 1733): nativeSetHardwareRender() : status = 0
07-05 22:06:58.217 V/Surface ( 1733): nativeSetHardwareRender() : end
07-05 22:06:58.219 D/PowerManagerService( 1733): releaseWakeLockInternal: lock=487931605 [WindowManager], flags=0x0
07-05 22:06:58.219 D/PowerManagerNotifier( 1733): onWakeLockReleased: flags=536870922, tag="WindowManager", packageName=android, ownerUid=1000, ownerPid=1733, workSource=WorkSource{10010}
07-05 22:06:58.219 D/PowerManagerService( 1733): userActivityNoUpdateLocked: eventTime=12459791, event=0, flags=0x1, uid=1000
07-05 22:06:58.219 D/PowerManagerService( 1733): setScreenBrightnessOverrideFromWindowManagerInternal done
07-05 22:06:58.222 D/Surface ( 1733): onStatusChange() : mNativeObject = 0 mUseImageHwRender = false
07-05 22:06:58.223 I/FirstLineAdapter(19424): canShowTrailer,isOffline=false
07-05 22:06:58.223 I/FirstLineAdapter(19424): canShowTrailer,isOffline=false
07-05 22:06:58.223 I/FirstLineAdapter(19424): canShowTrailer,isOffline=false
07-05 22:06:58.223 I/FirstLineAdapter(19424): canShowTrailer,isOffline=false
07-05 22:06:58.223 I/FirstLineAdapter(19424): canShowTrailer,isOffline=false
07-05 22:06:58.224 I/FirstLineAdapter(19424): canShowTrailer,isOffline=false
07-05 22:06:58.224 I/FirstLineAdapter(19424): canShowTrailer,isOffline=false
07-05 22:06:58.226 I/FirstLineAdapter(19424): canShowTrailer,isOffline=false
07-05 22:06:58.226 I/FirstLineAdapter(19424): canShowTrailer,isOffline=false
07-05 22:06:58.227 I/SurfaceView(19424): Changes: creating=false format=false size=false visible=false left=true top=false
07-05 22:06:58.227 I/SurfaceView(19424): Cur surface: Surface(name=null)/@0x1cd146ce
07-05 22:06:58.228 D/Surface ( 1733): onStatusChange() : mNativeObject = 547942742528 mUseImageHwRender = false
07-05 22:06:58.228 V/Surface ( 1733): nativeSetHardwareRender() : status = 0
07-05 22:06:58.228 V/Surface ( 1733): nativeSetHardwareRender() : end
07-05 22:06:58.230 D/PowerManagerService( 1733): setScreenBrightnessOverrideFromWindowManagerInternal done
07-05 22:06:58.231 D/Surface ( 1733): onStatusChange() : mNativeObject = 0 mUseImageHwRender = false
07-05 22:06:58.232 D/Surface (19424): onStatusChange() : mNativeObject = -195857664 mUseImageHwRender = false
07-05 22:06:58.232 V/Surface (19424): nativeSetHardwareRender() : status = 0
07-05 22:06:58.232 V/Surface (19424): nativeSetHardwareRender() : end
07-05 22:06:58.233 I/SurfaceView(19424): New surface: Surface(name=null)/@0x1a0219ef, vis=true, frame=Rect(442, 205 - 1258, 665)
07-05 22:06:58.233 D/Surface (19424): onStatusChange() : mNativeObject = 0 mUseImageHwRender = false
07-05 22:06:58.233 D/Surface (19424): onStatusChange() : mNativeObject = -195857664 mUseImageHwRender = false
07-05 22:06:58.233 V/Surface (19424): nativeSetHardwareRender() : status = 0
07-05 22:06:58.233 V/Surface (19424): nativeSetHardwareRender() : end
07-05 22:06:58.234 V/SurfaceView(19424): Layout: x=442 y=205 w=816 h=460, frame=Rect(0, 0 - 816, 460)
07-05 22:06:58.237 I/MainHomeView(19424): onPanelSlide0.045801528---left158
07-05 22:06:58.237 I/CurrentCarouselView(19424): onCarouseControlCarouselControlBean{mShoudScroll=true, mActivityHasResume=false, mActivityHasStop=false, mHasTurnGone=false, mHasTurnVisible=false, mChannelId=-1, mSlideOffset=0.045801528, mShouldSelectCenter=false, mTabOpen=false, mHoriPosStatus=None, mVerPosStatus=None, mLevelStatus=None},isPlayingtrue,channelId=0
07-05 22:06:58.237 I/CurrentCarouselView(19424): is not the current page
07-05 22:06:58.237 I/CurrentCarouselView(19424): do scroll
07-05 22:06:58.237 D/Carousel-CarouselView(19424): smoothScroll.
07-05 22:06:58.237 D/Carousel-CarouselDisplayPlayerLayout(19424): isFullScreen:false
07-05 22:06:58.237 D/TabView (19424): onReceiveSlidingOffset ===>:0.045801528
07-05 22:06:58.239 I/MyFragmentStateAdapter(19424): getCount
07-05 22:06:58.243 D/Carousel-CarouselDisplayPlayerLayout(19424): x=386, y=167,w=892,h=536, hashCode=828342179
07-05 22:06:58.243 D/Carousel-CarouselDisplayPlayerLayout(19424): mX=404, mY=167,mWitdh=892,mHeight=536, hashCode=828342179
07-05 22:06:58.243 D/Carousel-CarouselDisplayPlayerLayout(19424): changed=true, hashCode=828342179
07-05 22:06:58.243 D/Carousel-Utils(19424): x=386,y=167, width=892,height=536
07-05 22:06:58.250 D/Carousel-CarouselDisplayPlayerLayout(19424): x=386, y=167,w=892,h=536, hashCode=828342179
07-05 22:06:58.250 D/Carousel-CarouselDisplayPlayerLayout(19424): mX=386, mY=167,mWitdh=892,mHeight=536, hashCode=828342179
07-05 22:06:58.250 D/Carousel-CarouselDisplayPlayerLayout(19424): changed=false, hashCode=828342179
07-05 22:06:58.250 D/Carousel-CarouselDisplayPlayerLayout(19424): extraTryCount=0
07-05 22:06:58.250 D/Carousel-CarouselDisplayPlayerLayout(19424): x=386, y=167,w=892,h=536, hashCode=828342179
07-05 22:06:58.250 D/Carousel-CarouselDisplayPlayerLayout(19424): mX=386, mY=167,mWitdh=892,mHeight=536, hashCode=828342179
07-05 22:06:58.250 D/Carousel-CarouselDisplayPlayerLayout(19424): changed=false, hashCode=828342179
07-05 22:06:58.250 D/Carousel-CarouselDisplayPlayerLayout(19424): extraTryCount=1
07-05 22:06:58.251 I/Carousel-UrlVideoView(19424): onMeasure(MeasureSpec: EXACTLY 816, MeasureSpec: EXACTLY 460)
07-05 22:06:58.251 D/Carousel-UrlVideoView(19424): widthSpecMode=1073741824
07-05 22:06:58.251 D/Carousel-UrlVideoView(19424): heightSpecMode=1073741824
07-05 22:06:58.251 D/Carousel-UrlVideoView(19424): widthSpecSize=816
07-05 22:06:58.251 D/Carousel-UrlVideoView(19424): heightSpecSize=460
07-05 22:06:58.251 I/Carousel-UrlVideoView(19424): onMeasure(MeasureSpec: EXACTLY 816, MeasureSpec: EXACTLY 460)
07-05 22:06:58.251 D/Carousel-UrlVideoView(19424): widthSpecMode=1073741824
07-05 22:06:58.251 D/Carousel-UrlVideoView(19424): heightSpecMode=1073741824
07-05 22:06:58.251 D/Carousel-UrlVideoView(19424): widthSpecSize=816
07-05 22:06:58.251 D/Carousel-UrlVideoView(19424): heightSpecSize=460
07-05 22:06:58.251 I/SurfaceView(19424): Changes: creating=false format=false size=false visible=false left=true top=false
07-05 22:06:58.251 I/SurfaceView(19424): Cur surface: Surface(name=null)/@0x1cd146ce
07-05 22:06:58.253 D/Surface ( 1733): onStatusChange() : mNativeObject = 547942742528 mUseImageHwRender = false
07-05 22:06:58.253 V/Surface ( 1733): nativeSetHardwareRender() : status = 0
07-05 22:06:58.253 V/Surface ( 1733): nativeSetHardwareRender() : end
07-05 22:06:58.255 D/PowerManagerService( 1733): setScreenBrightnessOverrideFromWindowManagerInternal done
07-05 22:06:58.258 E/hwcomposer( 1204): Overlay 0 size changeed src {1920 1080} -> {1920, 1080} crop{0.000000 0.000000 1920.000000 1080.000000}->{0.000000 0.000000 1920.000000 1080.000000} dst{549 205 1365 665}->{442 205 1258 665}
07-05 22:06:58.259 D/Surface ( 1733): onStatusChange() : mNativeObject = 0 mUseImageHwRender = false
07-05 22:06:58.259 D/Surface (19424): onStatusChange() : mNativeObject = -539297024 mUseImageHwRender = false
07-05 22:06:58.259 V/Surface (19424): nativeSetHardwareRender() : status = 0
07-05 22:06:58.259 V/Surface (19424): nativeSetHardwareRender() : end
07-05 22:06:58.260 I/SurfaceView(19424): New surface: Surface(name=null)/@0x1a0219ef, vis=true, frame=Rect(424, 205 - 1240, 665)
07-05 22:06:58.260 D/Surface (19424): onStatusChange() : mNativeObject = 0 mUseImageHwRender = false
07-05 22:06:58.260 D/Surface (19424): onStatusChange() : mNativeObject = -539297024 mUseImageHwRender = false
07-05 22:06:58.260 V/Surface (19424): nativeSetHardwareRender() : status = 0
07-05 22:06:58.260 V/Surface (19424): nativeSetHardwareRender() : end
07-05 22:06:58.260 V/SurfaceView(19424): Layout: x=424 y=205 w=816 h=460, frame=Rect(0, 0 - 816, 460)
07-05 22:06:58.263 I/MainHomeView(19424): onPanelSlide0.022900764---left155
07-05 22:06:58.263 I/CurrentCarouselView(19424): onCarouseControlCarouselControlBean{mShoudScroll=true, mActivityHasResume=false, mActivityHasStop=false, mHasTurnGone=false, mHasTurnVisible=false, mChannelId=-1, mSlideOffset=0.022900764, mShouldSelectCenter=false, mTabOpen=false, mHoriPosStatus=None, mVerPosStatus=None, mLevelStatus=None},isPlayingtrue,channelId=0
07-05 22:06:58.263 I/CurrentCarouselView(19424): is not the current page
07-05 22:06:58.263 I/CurrentCarouselView(19424): do scroll
07-05 22:06:58.263 D/Carousel-CarouselView(19424): smoothScroll.
07-05 22:06:58.263 D/Carousel-CarouselDisplayPlayerLayout(19424): isFullScreen:false
07-05 22:06:58.264 D/TabView (19424): onReceiveSlidingOffset ===>:0.022900764
07-05 22:06:58.266 D/Carousel-CarouselDisplayPlayerLayout(19424): x=383, y=167,w=892,h=536, hashCode=828342179
07-05 22:06:58.266 D/Carousel-CarouselDisplayPlayerLayout(19424): mX=386, mY=167,mWitdh=892,mHeight=536, hashCode=828342179
07-05 22:06:58.266 D/Carousel-CarouselDisplayPlayerLayout(19424): changed=true, hashCode=828342179
07-05 22:06:58.266 D/Carousel-Utils(19424): x=383,y=167, width=892,height=536
07-05 22:06:58.267 D/Carousel-CarouselDisplayPlayerLayout(19424): x=383, y=167,w=892,h=536, hashCode=828342179
07-05 22:06:58.267 D/Carousel-CarouselDisplayPlayerLayout(19424): mX=383, mY=167,mWitdh=892,mHeight=536, hashCode=828342179
07-05 22:06:58.267 D/Carousel-CarouselDisplayPlayerLayout(19424): changed=false, hashCode=828342179
07-05 22:06:58.267 D/Carousel-CarouselDisplayPlayerLayout(19424): extraTryCount=0
07-05 22:06:58.270 D/Carousel-CarouselDisplayPlayerLayout(19424): x=383, y=167,w=892,h=536, hashCode=828342179
07-05 22:06:58.270 D/Carousel-CarouselDisplayPlayerLayout(19424): mX=383, mY=167,mWitdh=892,mHeight=536, hashCode=828342179
07-05 22:06:58.271 D/Carousel-CarouselDisplayPlayerLayout(19424): changed=false, hashCode=828342179
07-05 22:06:58.271 D/Carousel-CarouselDisplayPlayerLayout(19424): extraTryCount=1
07-05 22:06:58.271 D/Carousel-CarouselDisplayPlayerLayout(19424): x=383, y=167,w=892,h=536, hashCode=828342179
07-05 22:06:58.271 D/Carousel-CarouselDisplayPlayerLayout(19424): mX=383, mY=167,mWitdh=892,mHeight=536, hashCode=828342179
07-05 22:06:58.272 D/Carousel-CarouselDisplayPlayerLayout(19424): changed=false, hashCode=828342179
07-05 22:06:58.272 D/Carousel-CarouselDisplayPlayerLayout(19424): extraTryCount=2
07-05 22:06:58.277 I/Carousel-UrlVideoView(19424): onMeasure(MeasureSpec: EXACTLY 816, MeasureSpec: EXACTLY 460)
07-05 22:06:58.277 D/Carousel-UrlVideoView(19424): widthSpecMode=1073741824
07-05 22:06:58.277 D/Carousel-UrlVideoView(19424): heightSpecMode=1073741824
07-05 22:06:58.277 D/Carousel-UrlVideoView(19424): widthSpecSize=816
07-05 22:06:58.277 D/Carousel-UrlVideoView(19424): heightSpecSize=460
07-05 22:06:58.277 I/Carousel-UrlVideoView(19424): onMeasure(MeasureSpec: EXACTLY 816, MeasureSpec: EXACTLY 460)
07-05 22:06:58.277 D/Carousel-UrlVideoView(19424): widthSpecMode=1073741824
07-05 22:06:58.277 D/Carousel-UrlVideoView(19424): heightSpecMode=1073741824
07-05 22:06:58.277 D/Carousel-UrlVideoView(19424): widthSpecSize=816
07-05 22:06:58.277 D/Carousel-UrlVideoView(19424): heightSpecSize=460
07-05 22:06:58.278 I/SurfaceView(19424): Changes: creating=false format=false size=false visible=false left=true top=false
07-05 22:06:58.278 I/SurfaceView(19424): Cur surface: Surface(name=null)/@0x1cd146ce
07-05 22:06:58.279 D/Surface ( 1733): onStatusChange() : mNativeObject = 547942742528 mUseImageHwRender = false
07-05 22:06:58.279 V/Surface ( 1733): nativeSetHardwareRender() : status = 0
07-05 22:06:58.279 V/Surface ( 1733): nativeSetHardwareRender() : end
07-05 22:06:58.281 D/PowerManagerService( 1733): setScreenBrightnessOverrideFromWindowManagerInternal done
07-05 22:06:58.289 D/Surface ( 1733): onStatusChange() : mNativeObject = 0 mUseImageHwRender = false
07-05 22:06:58.292 D/Surface (19424): onStatusChange() : mNativeObject = -195857664 mUseImageHwRender = false
07-05 22:06:58.292 V/Surface (19424): nativeSetHardwareRender() : status = 0
07-05 22:06:58.292 V/Surface (19424): nativeSetHardwareRender() : end
07-05 22:06:58.292 I/SurfaceView(19424): New surface: Surface(name=null)/@0x1a0219ef, vis=true, frame=Rect(421, 205 - 1237, 665)
07-05 22:06:58.292 D/Surface (19424): onStatusChange() : mNativeObject = 0 mUseImageHwRender = false
07-05 22:06:58.292 D/Surface (19424): onStatusChange() : mNativeObject = -195857664 mUseImageHwRender = false
07-05 22:06:58.292 V/Surface (19424): nativeSetHardwareRender() : status = 0
07-05 22:06:58.292 V/Surface (19424): nativeSetHardwareRender() : end
07-05 22:06:58.296 E/hwcomposer( 1204): Overlay 0 size changeed src {1920 1080} -> {1920, 1080} crop{0.000000 0.000000 1920.000000 1080.000000}->{0.000000 0.000000 1920.000000 1080.000000} dst{442 205 1258 665}->{424 205 1240 665}
07-05 22:06:58.296 V/SurfaceView(19424): Layout: x=421 y=205 w=816 h=460, frame=Rect(0, 0 - 816, 460)
07-05 22:06:58.300 I/MainHomeView(19424): onPanelSlide0.015267176---left154
07-05 22:06:58.300 I/CurrentCarouselView(19424): onCarouseControlCarouselControlBean{mShoudScroll=true, mActivityHasResume=false, mActivityHasStop=false, mHasTurnGone=false, mHasTurnVisible=false, mChannelId=-1, mSlideOffset=0.015267176, mShouldSelectCenter=false, mTabOpen=false, mHoriPosStatus=None, mVerPosStatus=None, mLevelStatus=None},isPlayingtrue,channelId=0
07-05 22:06:58.300 I/CurrentCarouselView(19424): is not the current page
07-05 22:06:58.300 I/CurrentCarouselView(19424): do scroll
07-05 22:06:58.300 D/Carousel-CarouselView(19424): smoothScroll.
07-05 22:06:58.300 D/Carousel-CarouselDisplayPlayerLayout(19424): isFullScreen:false
07-05 22:06:58.300 D/TabView (19424): onReceiveSlidingOffset ===>:0.015267176
07-05 22:06:58.307 D/Carousel-CarouselDisplayPlayerLayout(19424): x=382, y=167,w=892,h=536, hashCode=828342179
07-05 22:06:58.307 D/Carousel-CarouselDisplayPlayerLayout(19424): mX=383, mY=167,mWitdh=892,mHeight=536, hashCode=828342179
07-05 22:06:58.307 D/Carousel-CarouselDisplayPlayerLayout(19424): changed=true, hashCode=828342179
07-05 22:06:58.307 E/hwcomposer( 1204): Overlay 0 size changeed src {1920 1080} -> {1920, 1080} crop{0.000000 0.000000 1920.000000 1080.000000}->{0.000000 0.000000 1920.000000 1080.000000} dst{424 205 1240 665}->{421 205 1237 665}
07-05 22:06:58.311 D/Carousel-Utils(19424): x=382,y=167, width=892,height=536
07-05 22:06:58.311 D/Carousel-CarouselDisplayPlayerLayout(19424): x=382, y=167,w=892,h=536, hashCode=828342179
07-05 22:06:58.311 D/Carousel-CarouselDisplayPlayerLayout(19424): mX=382, mY=167,mWitdh=892,mHeight=536, hashCode=828342179
07-05 22:06:58.311 D/Carousel-CarouselDisplayPlayerLayout(19424): changed=false, hashCode=828342179
07-05 22:06:58.311 D/Carousel-CarouselDisplayPlayerLayout(19424): extraTryCount=0
07-05 22:06:58.311 D/Carousel-CarouselDisplayPlayerLayout(19424): x=382, y=167,w=892,h=536, hashCode=828342179
07-05 22:06:58.311 D/Carousel-CarouselDisplayPlayerLayout(19424): mX=382, mY=167,mWitdh=892,mHeight=536, hashCode=828342179
07-05 22:06:58.311 D/Carousel-CarouselDisplayPlayerLayout(19424): changed=false, hashCode=828342179
07-05 22:06:58.311 D/Carousel-CarouselDisplayPlayerLayout(19424): extraTryCount=1
07-05 22:06:58.311 D/Carousel-CarouselDisplayPlayerLayout(19424): x=382, y=167,w=892,h=536, hashCode=828342179
07-05 22:06:58.311 D/Carousel-CarouselDisplayPlayerLayout(19424): mX=382, mY=167,mWitdh=892,mHeight=536, hashCode=828342179
07-05 22:06:58.311 D/Carousel-CarouselDisplayPlayerLayout(19424): changed=false, hashCode=828342179
07-05 22:06:58.311 D/Carousel-CarouselDisplayPlayerLayout(19424): extraTryCount=2
07-05 22:06:58.311 D/Carousel-CarouselDisplayPlayerLayout(19424): x=382, y=167,w=892,h=536, hashCode=828342179
07-05 22:06:58.312 D/Carousel-CarouselDisplayPlayerLayout(19424): mX=382, mY=167,mWitdh=892,mHeight=536, hashCode=828342179
07-05 22:06:58.312 D/Carousel-CarouselDisplayPlayerLayout(19424): changed=false, hashCode=828342179
07-05 22:06:58.312 D/Carousel-CarouselDisplayPlayerLayout(19424): extraTryCount=3
07-05 22:06:58.312 I/Carousel-UrlVideoView(19424): onMeasure(MeasureSpec: EXACTLY 816, MeasureSpec: EXACTLY 460)
07-05 22:06:58.312 D/Carousel-UrlVideoView(19424): widthSpecMode=1073741824
07-05 22:06:58.312 D/Carousel-UrlVideoView(19424): heightSpecMode=1073741824
07-05 22:06:58.312 D/Carousel-UrlVideoView(19424): widthSpecSize=816
07-05 22:06:58.312 D/Carousel-UrlVideoView(19424): heightSpecSize=460
07-05 22:06:58.313 I/Carousel-UrlVideoView(19424): onMeasure(MeasureSpec: EXACTLY 816, MeasureSpec: EXACTLY 460)
07-05 22:06:58.313 D/Carousel-UrlVideoView(19424): widthSpecMode=1073741824
07-05 22:06:58.313 D/Carousel-UrlVideoView(19424): heightSpecMode=1073741824
07-05 22:06:58.313 D/Carousel-UrlVideoView(19424): widthSpecSize=816
07-05 22:06:58.313 D/Carousel-UrlVideoView(19424): heightSpecSize=460
07-05 22:06:58.313 I/SurfaceView(19424): Changes: creating=false format=false size=false visible=false left=true top=false
07-05 22:06:58.313 I/SurfaceView(19424): Cur surface: Surface(name=null)/@0x1cd146ce
07-05 22:06:58.316 D/Surface ( 1733): onStatusChange() : mNativeObject = 547942742528 mUseImageHwRender = false
07-05 22:06:58.316 V/Surface ( 1733): nativeSetHardwareRender() : status = 0
07-05 22:06:58.316 V/Surface ( 1733): nativeSetHardwareRender() : end
07-05 22:06:58.320 D/PowerManagerService( 1733): setScreenBrightnessOverrideFromWindowManagerInternal done
07-05 22:06:58.324 D/Surface ( 1733): onStatusChange() : mNativeObject = 0 mUseImageHwRender = false
07-05 22:06:58.325 D/Surface (19424): onStatusChange() : mNativeObject = -539297024 mUseImageHwRender = false
07-05 22:06:58.325 V/Surface (19424): nativeSetHardwareRender() : status = 0
07-05 22:06:58.325 V/Surface (19424): nativeSetHardwareRender() : end
07-05 22:06:58.325 I/SurfaceView(19424): New surface: Surface(name=null)/@0x1a0219ef, vis=true, frame=Rect(420, 205 - 1236, 665)
07-05 22:06:58.325 D/Surface (19424): onStatusChange() : mNativeObject = 0 mUseImageHwRender = false
07-05 22:06:58.326 D/Surface (19424): onStatusChange() : mNativeObject = -539297024 mUseImageHwRender = false
07-05 22:06:58.326 V/Surface (19424): nativeSetHardwareRender() : status = 0
07-05 22:06:58.327 V/Surface (19424): nativeSetHardwareRender() : end
07-05 22:06:58.328 V/SurfaceView(19424): Layout: x=420 y=205 w=816 h=460, frame=Rect(0, 0 - 816, 460)
07-05 22:06:58.332 I/MainHomeView(19424): onPanelSlide0.007633588---left153
07-05 22:06:58.334 I/NetflixMonitorService( 1733): current fgapk : com.hisense.hicloud.edca
07-05 22:06:58.334 I/NetflixMonitorService( 1733): Netflix status unchanged
07-05 22:06:58.337 I/CurrentCarouselView(19424): onCarouseControlCarouselControlBean{mShoudScroll=true, mActivityHasResume=false, mActivityHasStop=false, mHasTurnGone=false, mHasTurnVisible=false, mChannelId=-1, mSlideOffset=0.007633588, mShouldSelectCenter=false, mTabOpen=false, mHoriPosStatus=None, mVerPosStatus=None, mLevelStatus=None},isPlayingtrue,channelId=0
07-05 22:06:58.337 I/CurrentCarouselView(19424): is not the current page
07-05 22:06:58.337 I/CurrentCarouselView(19424): do scroll
07-05 22:06:58.337 D/Carousel-CarouselView(19424): smoothScroll.
07-05 22:06:58.337 D/Carousel-CarouselDisplayPlayerLayout(19424): isFullScreen:false
07-05 22:06:58.337 D/TabView (19424): onReceiveSlidingOffset ===>:0.007633588
07-05 22:06:58.346 D/Carousel-CarouselDisplayPlayerLayout(19424): x=381, y=167,w=892,h=536, hashCode=828342179
07-05 22:06:58.346 D/Carousel-CarouselDisplayPlayerLayout(19424): mX=382, mY=167,mWitdh=892,mHeight=536, hashCode=828342179
07-05 22:06:58.346 D/Carousel-CarouselDisplayPlayerLayout(19424): changed=true, hashCode=828342179
07-05 22:06:58.346 D/Carousel-Utils(19424): x=381,y=167, width=892,height=536
07-05 22:06:58.347 D/Carousel-CarouselDisplayPlayerLayout(19424): x=381, y=167,w=892,h=536, hashCode=828342179
07-05 22:06:58.347 D/Carousel-CarouselDisplayPlayerLayout(19424): mX=381, mY=167,mWitdh=892,mHeight=536, hashCode=828342179
07-05 22:06:58.347 D/Carousel-CarouselDisplayPlayerLayout(19424): changed=false, hashCode=828342179
07-05 22:06:58.347 D/Carousel-CarouselDisplayPlayerLayout(19424): extraTryCount=0
07-05 22:06:58.347 D/Carousel-CarouselDisplayPlayerLayout(19424): x=381, y=167,w=892,h=536, hashCode=828342179
07-05 22:06:58.347 D/Carousel-CarouselDisplayPlayerLayout(19424): mX=381, mY=167,mWitdh=892,mHeight=536, hashCode=828342179
07-05 22:06:58.347 D/Carousel-CarouselDisplayPlayerLayout(19424): changed=false, hashCode=828342179
07-05 22:06:58.347 D/Carousel-CarouselDisplayPlayerLayout(19424): extraTryCount=1
07-05 22:06:58.347 D/Carousel-CarouselDisplayPlayerLayout(19424): x=381, y=167,w=892,h=536, hashCode=828342179
07-05 22:06:58.347 D/Carousel-CarouselDisplayPlayerLayout(19424): mX=381, mY=167,mWitdh=892,mHeight=536, hashCode=828342179
07-05 22:06:58.347 D/Carousel-CarouselDisplayPlayerLayout(19424): changed=false, hashCode=828342179
07-05 22:06:58.347 D/Carousel-CarouselDisplayPlayerLayout(19424): extraTryCount=2
07-05 22:06:58.347 D/Carousel-CarouselDisplayPlayerLayout(19424): x=381, y=167,w=892,h=536, hashCode=828342179
07-05 22:06:58.347 D/Carousel-CarouselDisplayPlayerLayout(19424): mX=381, mY=167,mWitdh=892,mHeight=536, hashCode=828342179
07-05 22:06:58.347 D/Carousel-CarouselDisplayPlayerLayout(19424): changed=false, hashCode=828342179
07-05 22:06:58.347 D/Carousel-CarouselDisplayPlayerLayout(19424): extraTryCount=3
07-05 22:06:58.347 D/Carousel-CarouselDisplayPlayerLayout(19424): x=381, y=167,w=892,h=536, hashCode=828342179
07-05 22:06:58.347 D/Carousel-CarouselDisplayPlayerLayout(19424): mX=381, mY=167,mWitdh=892,mHeight=536, hashCode=828342179
07-05 22:06:58.347 D/Carousel-CarouselDisplayPlayerLayout(19424): changed=false, hashCode=828342179
07-05 22:06:58.347 D/Carousel-CarouselDisplayPlayerLayout(19424): extraTryCount=4
07-05 22:06:58.348 I/Carousel-UrlVideoView(19424): onMeasure(MeasureSpec: EXACTLY 816, MeasureSpec: EXACTLY 460)
07-05 22:06:58.349 D/Carousel-UrlVideoView(19424): widthSpecMode=1073741824
07-05 22:06:58.349 D/Carousel-UrlVideoView(19424): heightSpecMode=1073741824
07-05 22:06:58.349 D/Carousel-UrlVideoView(19424): widthSpecSize=816
07-05 22:06:58.349 D/Carousel-UrlVideoView(19424): heightSpecSize=460
07-05 22:06:58.349 I/Carousel-UrlVideoView(19424): onMeasure(MeasureSpec: EXACTLY 816, MeasureSpec: EXACTLY 460)
07-05 22:06:58.349 D/Carousel-UrlVideoView(19424): widthSpecMode=1073741824
07-05 22:06:58.349 D/Carousel-UrlVideoView(19424): heightSpecMode=1073741824
07-05 22:06:58.349 D/Carousel-UrlVideoView(19424): widthSpecSize=816
07-05 22:06:58.349 D/Carousel-UrlVideoView(19424): heightSpecSize=460
07-05 22:06:58.350 I/SurfaceView(19424): Changes: creating=false format=false size=false visible=false left=true top=false
07-05 22:06:58.350 I/SurfaceView(19424): Cur surface: Surface(name=null)/@0x1cd146ce
07-05 22:06:58.354 D/Surface ( 1733): onStatusChange() : mNativeObject = 547942742528 mUseImageHwRender = false
07-05 22:06:58.354 V/Surface ( 1733): nativeSetHardwareRender() : status = 0
07-05 22:06:58.354 V/Surface ( 1733): nativeSetHardwareRender() : end
07-05 22:06:58.358 D/PowerManagerService( 1733): setScreenBrightnessOverrideFromWindowManagerInternal done
07-05 22:06:58.359 E/hwcomposer( 1204): Overlay 0 size changeed src {1920 1080} -> {1920, 1080} crop{0.000000 0.000000 1920.000000 1080.000000}->{0.000000 0.000000 1920.000000 1080.000000} dst{421 205 1237 665}->{420 205 1236 665}
07-05 22:06:58.362 D/Surface ( 1733): onStatusChange() : mNativeObject = 0 mUseImageHwRender = false
07-05 22:06:58.363 D/Surface (19424): onStatusChange() : mNativeObject = -195857664 mUseImageHwRender = false
07-05 22:06:58.363 V/Surface (19424): nativeSetHardwareRender() : status = 0
07-05 22:06:58.363 V/Surface (19424): nativeSetHardwareRender() : end
07-05 22:06:58.363 I/SurfaceView(19424): New surface: Surface(name=null)/@0x1a0219ef, vis=true, frame=Rect(419, 205 - 1235, 665)
07-05 22:06:58.363 D/Surface (19424): onStatusChange() : mNativeObject = 0 mUseImageHwRender = false
07-05 22:06:58.363 D/Surface (19424): onStatusChange() : mNativeObject = -195857664 mUseImageHwRender = false
07-05 22:06:58.363 V/Surface (19424): nativeSetHardwareRender() : status = 0
07-05 22:06:58.363 V/Surface (19424): nativeSetHardwareRender() : end
07-05 22:06:58.364 V/SurfaceView(19424): Layout: x=419 y=205 w=816 h=460, frame=Rect(0, 0 - 816, 460)
07-05 22:06:58.368 I/MainHomeView(19424): onPanelSlide0.0---left152
07-05 22:06:58.369 I/CurrentCarouselView(19424): onCarouseControlCarouselControlBean{mShoudScroll=true, mActivityHasResume=false, mActivityHasStop=false, mHasTurnGone=false, mHasTurnVisible=false, mChannelId=-1, mSlideOffset=0.0, mShouldSelectCenter=false, mTabOpen=false, mHoriPosStatus=None, mVerPosStatus=None, mLevelStatus=None},isPlayingtrue,channelId=0
07-05 22:06:58.369 I/CurrentCarouselView(19424): is not the current page
07-05 22:06:58.369 I/CurrentCarouselView(19424): do scroll
07-05 22:06:58.369 D/Carousel-CarouselView(19424): smoothScroll.
07-05 22:06:58.369 D/Carousel-CarouselDisplayPlayerLayout(19424): isFullScreen:false
07-05 22:06:58.370 D/TabView (19424): onReceiveSlidingOffset ===>:0.0
07-05 22:06:58.374 D/Carousel-CarouselDisplayPlayerLayout(19424): x=380, y=167,w=892,h=536, hashCode=828342179
07-05 22:06:58.374 D/Carousel-CarouselDisplayPlayerLayout(19424): mX=381, mY=167,mWitdh=892,mHeight=536, hashCode=828342179
07-05 22:06:58.374 D/Carousel-CarouselDisplayPlayerLayout(19424): changed=true, hashCode=828342179
07-05 22:06:58.374 D/Carousel-Utils(19424): x=380,y=167, width=892,height=536
07-05 22:06:58.375 D/Carousel-CarouselDisplayPlayerLayout(19424): x=380, y=167,w=892,h=536, hashCode=828342179
07-05 22:06:58.375 D/Carousel-CarouselDisplayPlayerLayout(19424): mX=380, mY=167,mWitdh=892,mHeight=536, hashCode=828342179
07-05 22:06:58.375 D/Carousel-CarouselDisplayPlayerLayout(19424): changed=false, hashCode=828342179
07-05 22:06:58.375 D/Carousel-CarouselDisplayPlayerLayout(19424): extraTryCount=0
07-05 22:06:58.375 D/Carousel-CarouselDisplayPlayerLayout(19424): x=380, y=167,w=892,h=536, hashCode=828342179
07-05 22:06:58.375 D/Carousel-CarouselDisplayPlayerLayout(19424): mX=380, mY=167,mWitdh=892,mHeight=536, hashCode=828342179
07-05 22:06:58.375 D/Carousel-CarouselDisplayPlayerLayout(19424): changed=false, hashCode=828342179
07-05 22:06:58.375 D/Carousel-CarouselDisplayPlayerLayout(19424): extraTryCount=1
07-05 22:06:58.375 D/Carousel-CarouselDisplayPlayerLayout(19424): x=380, y=167,w=892,h=536, hashCode=828342179
07-05 22:06:58.375 D/Carousel-CarouselDisplayPlayerLayout(19424): mX=380, mY=167,mWitdh=892,mHeight=536, hashCode=828342179
07-05 22:06:58.375 D/Carousel-CarouselDisplayPlayerLayout(19424): changed=false, hashCode=828342179
07-05 22:06:58.375 D/Carousel-CarouselDisplayPlayerLayout(19424): extraTryCount=2
07-05 22:06:58.375 D/Carousel-CarouselDisplayPlayerLayout(19424): x=380, y=167,w=892,h=536, hashCode=828342179
07-05 22:06:58.375 D/Carousel-CarouselDisplayPlayerLayout(19424): mX=380, mY=167,mWitdh=892,mHeight=536, hashCode=828342179
07-05 22:06:58.375 D/Carousel-CarouselDisplayPlayerLayout(19424): changed=false, hashCode=828342179
07-05 22:06:58.376 D/Carousel-CarouselDisplayPlayerLayout(19424): extraTryCount=3
07-05 22:06:58.376 D/Carousel-CarouselDisplayPlayerLayout(19424): x=380, y=167,w=892,h=536, hashCode=828342179
07-05 22:06:58.376 D/Carousel-CarouselDisplayPlayerLayout(19424): mX=380, mY=167,mWitdh=892,mHeight=536, hashCode=828342179
07-05 22:06:58.376 D/Carousel-CarouselDisplayPlayerLayout(19424): changed=false, hashCode=828342179
07-05 22:06:58.376 D/Carousel-CarouselDisplayPlayerLayout(19424): extraTryCount=4
07-05 22:06:58.376 D/Carousel-CarouselDisplayPlayerLayout(19424): x=380, y=167,w=892,h=536, hashCode=828342179
07-05 22:06:58.376 D/Carousel-CarouselDisplayPlayerLayout(19424): mX=380, mY=167,mWitdh=892,mHeight=536, hashCode=828342179
07-05 22:06:58.376 D/Carousel-CarouselDisplayPlayerLayout(19424): changed=false, hashCode=828342179
07-05 22:06:58.376 D/Carousel-CarouselDisplayPlayerLayout(19424): extraTryCount=5
07-05 22:06:58.377 I/Carousel-UrlVideoView(19424): onMeasure(MeasureSpec: EXACTLY 816, MeasureSpec: EXACTLY 460)
07-05 22:06:58.377 D/Carousel-UrlVideoView(19424): widthSpecMode=1073741824
07-05 22:06:58.377 D/Carousel-UrlVideoView(19424): heightSpecMode=1073741824
07-05 22:06:58.377 D/Carousel-UrlVideoView(19424): widthSpecSize=816
07-05 22:06:58.377 D/Carousel-UrlVideoView(19424): heightSpecSize=460
07-05 22:06:58.377 I/Carousel-UrlVideoView(19424): onMeasure(MeasureSpec: EXACTLY 816, MeasureSpec: EXACTLY 460)
07-05 22:06:58.377 D/Carousel-UrlVideoView(19424): widthSpecMode=1073741824
07-05 22:06:58.377 D/Carousel-UrlVideoView(19424): heightSpecMode=1073741824
07-05 22:06:58.377 D/Carousel-UrlVideoView(19424): widthSpecSize=816
07-05 22:06:58.377 D/Carousel-UrlVideoView(19424): heightSpecSize=460
07-05 22:06:58.377 I/SurfaceView(19424): Changes: creating=false format=false size=false visible=false left=true top=false
07-05 22:06:58.377 I/SurfaceView(19424): Cur surface: Surface(name=null)/@0x1cd146ce
07-05 22:06:58.384 D/Surface ( 1733): onStatusChange() : mNativeObject = 547942742528 mUseImageHwRender = false
07-05 22:06:58.384 V/Surface ( 1733): nativeSetHardwareRender() : status = 0
07-05 22:06:58.384 V/Surface ( 1733): nativeSetHardwareRender() : end
07-05 22:06:58.389 D/PowerManagerService( 1733): setScreenBrightnessOverrideFromWindowManagerInternal done
