07-05 22:17:52.900 D/NativeDecimalFormat(25214): NativeDecimalFormat_close print addr=4098416896
07-05 22:17:52.900 D/NativeDecimalFormat(25214): NativeDecimalFormat_close print g_addr=4098416896
07-05 22:17:52.900 D/OkHttp  (25214): <-- 200 OK http://picture.edu.hismarttv.com/images/20170628104504467308.jpg (30ms)
07-05 22:17:52.904 D/OkHttp  (25214): Date: Mon, 03 Jul 2017 11:02:38 GMT
07-05 22:17:52.904 D/OkHttp  (25214): Server: nginx
07-05 22:17:52.904 D/OkHttp  (25214): Content-Type: image/jpeg
07-05 22:17:52.904 D/OkHttp  (25214): Content-Length: 376321
07-05 22:17:52.904 D/OkHttp  (25214): Last-Modified: Wed, 28 Jun 2017 10:45:04 GMT
07-05 22:17:52.904 D/OkHttp  (25214): ETag: "595388b0-5be01"
07-05 22:17:52.904 D/OkHttp  (25214): Accept-Ranges: bytes
07-05 22:17:52.904 D/OkHttp  (25214): Age: 184514
07-05 22:17:52.904 D/OkHttp  (25214): Via: 1.1 hewangtong174:5 (Cdn Cache Server V2.0)[0 200 0], 1.1 t94:5 (Cdn Cache Server V2.0)[0 200 0]
07-05 22:17:52.904 D/OkHttp  (25214): Connection: keep-alive
07-05 22:17:52.904 D/OkHttp  (25214): <-- END HTTP
07-05 22:17:52.905 D/HttpHandler(25214): RetryIntercepter-->retryNum=0
07-05 22:17:52.905 D/HttpHandler(25214): RetryIntercepter-->backoffmutiplier=0
07-05 22:17:52.907 I/HttpBuilder(25214): addUrlPublicParams mUrl ==>http://api.edu.hismarttv.com/payment/api/query/user_type/dialog_info?orderType=0&uuid=13287129&mac=a8:a6:48:18:fc:a8&devid=86100300900000500000060a4818fca8&version=00.002.003&subscriberId=13287129&customerId=7195320&model_id=0&APPPackage=com.hisense.hicloud.edca&PFAPPCode=652&APPVersionName=3.0.0.9.00&ChannelId=0&softwareVersion=LED50MU8600UC0000888&tv_distribute_id=00&devType=0&APIVersion=600&accessToken=72DF6038D2AEAB8A76DFBBBBCC428A4A_004241057862883
07-05 22:17:52.908 I/HiNetworkImpl(25214): doHttp_Asyn(): onSuccess clazz = class com.hisense.tvui.newhome.bean.SelectionBean, back from thread: main
07-05 22:17:52.909 I/HomeDataPresenter(25214): getRecommandData() onSuccess: RoleContentFragment213718600
07-05 22:17:52.909 I/RoleContentFragment(25214): recommandlist={10003=0, 10002=8}
07-05 22:17:52.909 I/RoleContentFragment(25214): lineIndex=0,id=10002,pos=8
07-05 22:17:52.909 I/RoleContentFragment(25214): ,addItemSize=25
07-05 22:17:52.909 I/RoleContentFragment(25214): origin pos=8
07-05 22:17:52.909 I/RoleContentFragment(25214): offset pos=2
07-05 22:17:52.909 I/RoleContentFragment(25214): array size=11
07-05 22:17:52.909 I/RoleContentFragment(25214): lineIndex=1,id=10003,pos=0
07-05 22:17:52.909 I/RoleContentFragment(25214): ,addItemSize=24
07-05 22:17:52.909 I/RoleContentFragment(25214): origin pos=0
07-05 22:17:52.909 I/RoleContentFragment(25214): offset pos=2
07-05 22:17:52.909 I/RoleContentFragment(25214): array size=11
07-05 22:17:52.912 D/PlayerSdk/PlayerSdkProject(25214): [TID 25245] >> beginInitialize
07-05 22:17:52.913 D/PlayerSdk/SdkConfigManager(25214): [TID 25245] setupConfig: context=com.qiyi.sdk.plugin.server.core.ContextProxy@3ac5b222
07-05 22:17:52.914 W/ContextProxy(25214): getAssets() mAssetManager=android.content.res.AssetManager@25c74788
07-05 22:17:52.916 D/PlayerSdk/SdkConfigManager(25214): [TID 25245] setupConfig: strEncrypted=VVVJRD0yMDE3MDQyNTExMzUzNzkxMmdlVEdXS0REMTE3MDIsQ1VTVE9NRVJfSUQ9NjAsUExBWUVSX0NPTkZJR19UWVBFPTQsUExBVEZPUk1fVFZBUEk9SEFJWElOLElTX1NVUFBPUlRfWUlOSEVfUElOR0JBQ0s9ZmFsc2UsSVNfRU5CQUxFX0gyNjU9ZmFsc2UsSVNfRU5BQkxFX0RPTEJZPWZhbHNlLElTX0VOQkFMRV80Sz0sSVNfRU5CQUxFX0RPTEJZX1ZJU0lPTj0sSVNfRU5CQUxFX0hEUjEwPSxJU19VU0VfVE1UU19MT0NBTF9TSUdOPWZhbHNlLElTX0dFVF9VVUlEX0ZST01fU0VSVkVSPXRydWUsQ0ROX0RJU1BBVENIX1BBUkFNPSxET01BSU5fTkFNRT1wdHF5LmdpdHYudHYsTkFUSVZFX1BMQVlFUl9CUkFORD1IaVNlbnNlLExPR0lOX1RZUEU9U1VCX0FDQ09VTlQsQ1VTVE9NRVJfUEFDS0FHRV9OQU1FPWNvbS5oaXNlbnNlLmhpY2xvdWQuZWRjYSxJU19ERUJVR19WRVJTSU9OPWZhbHNlLE5BVElWRV9QTEFZRVJfQ09ERUNUWVBFPSxQTEFZRVJfUExBVEZPUk09UF9IaXNlbnNlLEVOQUJMRV9TRVRfQklUU1RSRUFNPXRydWUsREVGQVVMVF9DRkdfQklUU1RSRUFNPSw=
07-05 22:17:52.916 D/Carousel-MyListView(25214): onItemSelected position:1
07-05 22:17:52.916 D/Carousel-CarouselListView(25214): onItemSelected position:1,type:3
07-05 22:17:52.916 D/HttpHandler(25214): VerifySignInterCeptor-->request.url()=http://api.edu.hismarttv.com/payment/api/query/user_type/dialog_info?orderType=0&uuid=13287129&mac=a8:a6:48:18:fc:a8&devid=86100300900000500000060a4818fca8&version=00.002.003&subscriberId=13287129&customerId=7195320&model_id=0&APPPackage=com.hisense.hicloud.edca&PFAPPCode=652&APPVersionName=3.0.0.9.00&ChannelId=0&softwareVersion=LED50MU8600UC0000888&tv_distribute_id=00&devType=0&APIVersion=600&accessToken=72DF6038D2AEAB8A76DFBBBBCC428A4A_004241057862883
07-05 22:17:52.916 D/HttpHandler(25214): VerifySignInterCeptor-->hostname=api.edu.hismarttv.com
07-05 22:17:52.917 I/System.out(25214): decode
07-05 22:17:52.917 W/ContextProxy(25214): getResources() mResources=android.content.res.Resources@7b03d46
07-05 22:17:52.917 D/HttpHandler(25214): HttpDNS-->hostname=api.edu.hismarttv.com
07-05 22:17:52.923 D/HttpHandler(25214): RAMCache-->hostInfo.getClientTimeStamp()=13109049
07-05 22:17:52.924 D/HttpHandler(25214): RAMCache-->hostInfo.getTtl()=3600
07-05 22:17:52.924 D/HttpHandler(25214): RAMCache-->SystemClock.elapsedRealtime()=13114495
07-05 22:17:52.929 I/FirstLineAdapter(25214): canShowTrailer,isOffline=false
07-05 22:17:52.931 E/WebcastSDK-WebcastManager(25214): finally setAppServiceDomainList.
07-05 22:17:52.931 D/HttpHandler(25214): DNSHelper-->gslbDns=["123.103.91.123"]
07-05 22:17:52.933 D/Carousel-Utils(25214): onResourceReady.
07-05 22:17:52.938 D/Carousel-Utils(25214): onResourceReady.
07-05 22:17:52.938 D/Carousel-Utils(25214): onResourceReady.
07-05 22:17:52.942 D/Carousel-Utils(25214): onResourceReady.
07-05 22:17:52.943 D/TabFocusBorderView(25214): SLOVEN onAnimationCancel
07-05 22:17:52.943 D/TabFocusBorderView(25214): SLOVEN onAnimationEnd
07-05 22:17:52.944 D/TabView (25214): SLOVEN border top===>:296---407
07-05 22:17:52.944 W/ContextProxy(25214): getResources() mResources=android.content.res.Resources@7b03d46
07-05 22:17:52.946 I/MyFragmentStateAdapter(25214): getCount
07-05 22:17:52.946 I/MyFragmentStateAdapter(25214): getCount
07-05 22:17:52.947 I/MyFragmentStateAdapter(25214): getCount
07-05 22:17:52.947 I/MyFragmentStateAdapter(25214): getCount
07-05 22:17:52.947 I/TabView (25214): onScroll:,firstItem=0,visibleCount=6,totalCount=10
07-05 22:17:52.947 I/System.out(25214): ok
07-05 22:17:52.948 I/FirstLineAdapter(25214): canShowTrailer,isOffline=false
07-05 22:17:52.948 I/FirstLineAdapter(25214): canShowTrailer,isOffline=false
07-05 22:17:52.948 I/System.out(25214): UUID=20170425113537912geTGWKDD11702,CUSTOMER_ID=60,PLAYER_CONFIG_TYPE=4,PLATFORM_TVAPI=HAIXIN,IS_SUPPORT_YINHE_PINGBACK=false,IS_ENBALE_H265=false,IS_ENABLE_DOLBY=false,IS_ENBALE_4K=,IS_ENBALE_DOLBY_VISION=,IS_ENBALE_HDR10=,IS_USE_TMTS_LOCAL_SIGN=false,IS_GET_UUID_FROM_SERVER=true,CDN_DISPATCH_PARAM=,DOMAIN_NAME=ptqy.gitv.tv,NATIVE_PLAYER_BRAND=HiSense,LOGIN_TYPE=SUB_ACCOUNT,CUSTOMER_PACKAGE_NAME=com.hisense.hicloud.edca,IS_DEBUG_VERSION=false,NATIVE_PLAYER_CODECTYPE=,PLAYER_PLATFORM=P_Hisense,ENABLE_SET_BITSTREAM=true,DEFAULT_CFG_BITSTREAM=,
07-05 22:17:52.948 I/FirstLineAdapter(25214): canShowTrailer,isOffline=false
07-05 22:17:52.948 I/System.out(25214): hook :UUID=20170425113537912geTGWKDD11702,CUSTOMER_ID=60,PLAYER_CONFIG_TYPE=4,PLATFORM_TVAPI=HAIXIN,IS_SUPPORT_YINHE_PINGBACK=false,IS_ENBALE_H265=false,IS_ENABLE_DOLBY=false,IS_ENBALE_4K=,IS_ENBALE_DOLBY_VISION=,IS_ENBALE_HDR10=,IS_USE_TMTS_LOCAL_SIGN=false,IS_GET_UUID_FROM_SERVER=true,CDN_DISPATCH_PARAM=,DOMAIN_NAME=ptqy.gitv.tv,NATIVE_PLAYER_BRAND=HiSense,LOGIN_TYPE=SUB_ACCOUNT,CUSTOMER_PACKAGE_NAME=com.hisense.hicloud.edca,IS_DEBUG_VERSION=false,NATIVE_PLAYER_CODECTYPE=,PLAYER_PLATFORM=P_Hisense,ENABLE_SET_BITSTREAM=true,DEFAULT_CFG_BITSTREAM=,
07-05 22:17:52.948 I/FirstLineAdapter(25214): canShowTrailer,isOffline=false
07-05 22:17:52.948 I/FirstLineAdapter(25214): canShowTrailer,isOffline=false
07-05 22:17:52.948 I/FirstLineAdapter(25214): canShowTrailer,isOffline=false
07-05 22:17:52.948 I/FirstLineAdapter(25214): canShowTrailer,isOffline=false
07-05 22:17:52.954 D/PlayerSdk/SdkConfig(25214): [TID 25245] initialize({PLAYER_PLATFORM=P_Hisense, NATIVE_PLAYER_BRAND=HiSense, CUSTOMER_ID=60, ENABLE_SET_BITSTREAM=true, IS_ENBALE_H265=false, UUID=20170425113537912geTGWKDD11702, IS_GET_UUID_FROM_SERVER=true, IS_DEBUG_VERSION=false, IS_ENABLE_DOLBY=false, CUSTOMER_PACKAGE_NAME=com.hisense.hicloud.edca, IS_USE_TMTS_LOCAL_SIGN=false, PLATFORM_TVAPI=HAIXIN, DOMAIN_NAME=ptqy.gitv.tv, LOGIN_TYPE=SUB_ACCOUNT, IS_SUPPORT_YINHE_PINGBACK=false, PLAYER_CONFIG_TYPE=4})
07-05 22:17:52.957 D/Carousel-CarouselChannelItemView(25214): Listitem imageUrl:http://picture.edu.hismarttv.com/images/20170628102959016598.jpg
07-05 22:17:52.957 D/PlayerSdk/SdkConfig(25214): [TID 25245] initialize(), name=com.hisense.hicloud.edca
07-05 22:17:52.957 D/PlayerSdk/SdkConfig(25214): [TID 25245] initialize(),mCustomerPackageNames=[com.hisense.hicloud.edca]
07-05 22:17:52.957 D/Carousel-Utils(25214): onResourceReady.
07-05 22:17:52.957 D/SdkConfigUtils(25214): [TID 25245] parsePlatformType(HAIXIN)
07-05 22:17:52.958 D/SdkConfigUtils(25214): [TID 25245] parseLoginType(SUB_ACCOUNT)
07-05 22:17:52.958 D/Carousel-CarouselChannelItemView(25214): Listitem imageUrl:http://picture.edu.hismarttv.com/images/20170628103002814396.jpg
07-05 22:17:52.959 D/SdkConfigUtils(25214): [TID 25245] parsePlayerPlatform(P_Hisense)
07-05 22:17:52.959 D/Carousel-Utils(25214): onResourceReady.
07-05 22:17:52.959 D/PlayerSdk/SdkConfigManager(25214): [TID 25245] setupConfig: mCurrentConfig=SdkConfig@2bff0015{mCustomerCode=60, mPlayerConfigType=4, mPlatformType=HAIXIN, mLoginType=SUB_ACCOUNT, mIsEnableDolby=false, mIsEnableH265=false, mIsEnable4K=true, mIsSupportYinhePingback=false, mShouldDoPlayCheck=true, mshouldGetUuidFromServer=true, mPingbackS1=2, mPingbackS2=simple_sdk, mPingbackP2=3128, mDomainName=ptqy.gitv.tv, mIsDebugVersion=false, mIsDebugVersion=false, mCustomerPackageNames=[com.hisense.hicloud.edca], mEnableSetBitstream=true}
07-05 22:17:52.960 D/Carousel-CarouselChannelItemView(25214): Listitem imageUrl:http://picture.edu.hismarttv.com/images/20170628103009181182.jpg
07-05 22:17:52.960 D/Carousel-Utils(25214): onResourceReady.
07-05 22:17:52.960 D/OkHttp  (25214): --> GET http://api.edu.hismarttv.com/payment/api/query/user_type/dialog_info?orderType=0&uuid=13287129&mac=a8:a6:48:18:fc:a8&devid=86100300900000500000060a4818fca8&version=00.002.003&subscriberId=13287129&customerId=7195320&model_id=0&APPPackage=com.hisense.hicloud.edca&PFAPPCode=652&APPVersionName=3.0.0.9.00&ChannelId=0&softwareVersion=LED50MU8600UC0000888&tv_distribute_id=00&devType=0&APIVersion=600&accessToken=72DF6038D2AEAB8A76DFBBBBCC428A4A_004241057862883 http/1.1
07-05 22:17:52.960 D/OkHttp  (25214): Data_Type: JSON
07-05 22:17:52.960 D/OkHttp  (25214): RetryTime: 0
07-05 22:17:52.961 D/OkHttp  (25214): Backoffmutiplier: 0
07-05 22:17:52.961 D/OkHttp  (25214): Host: api.edu.hismarttv.com
07-05 22:17:52.961 D/OkHttp  (25214): Connection: Keep-Alive
07-05 22:17:52.961 D/OkHttp  (25214): Accept-Encoding: gzip
07-05 22:17:52.961 D/OkHttp  (25214): User-Agent: okhttp/3.6.0
07-05 22:17:52.961 D/OkHttp  (25214): --> END GET
07-05 22:17:52.961 D/Carousel-CarouselChannelItemView(25214): Listitem imageUrl:http://picture.edu.hismarttv.com/images/20170628102959016598.jpg
07-05 22:17:52.961 D/Carousel-Utils(25214): onResourceReady.
07-05 22:17:52.962 D/Carousel-CarouselChannelItemView(25214): Listitem imageUrl:http://picture.edu.hismarttv.com/images/20170628103002814396.jpg
07-05 22:17:52.962 D/Carousel-Utils(25214): onResourceReady.
07-05 22:17:52.963 D/Carousel-CarouselChannelItemView(25214): Listitem imageUrl:http://picture.edu.hismarttv.com/images/20170628103009181182.jpg
07-05 22:17:52.964 D/Carousel-Utils(25214): onResourceReady.
07-05 22:17:52.968 I/FirstLineAdapter(25214): canShowTrailer,isOffline=false
07-05 22:17:52.968 I/FirstLineAdapter(25214): canShowTrailer,isOffline=false
07-05 22:17:52.969 I/head    (25214): item=com.hisense.leanback.widget.ListRow@2bd0e982
07-05 22:17:52.970 I/CardSelectionPresenter(25214): onViewDetachedFromWindow mTitleTx = 
07-05 22:17:52.970 I/CardSelectionPresenter(25214): onViewDetachedFromWindow mTitleTx = 
07-05 22:17:52.971 I/CardSelectionPresenter(25214): onViewDetachedFromWindow mTitleTx = 
07-05 22:17:52.971 I/MiSysSrv( 1214): [37m[INFO] Change to Voltage: 117 mv (0x32)[m
07-05 22:17:52.971 I/CardSelectionPresenter(25214): onUnbindViewHolder mTitleTx = 
07-05 22:17:52.971 I/CardSelectionPresenter(25214): onViewDetachedFromWindow mTitleTx = 
07-05 22:17:52.972 I/CardSelectionPresenter(25214): onUnbindViewHolder mTitleTx = 
07-05 22:17:52.972 I/CardSelectionPresenter(25214): onUnbindViewHolder mTitleTx = 
07-05 22:17:52.972 I/CardSelectionPresenter(25214): onUnbindViewHolder mTitleTx = 
07-05 22:17:52.972 I/ContentBridgeAdapterListener(25214): onBind 
07-05 22:17:52.978 I/CardSelectionPresenter(25214): onCreateViewHoldercom.hisense.leanback.widget.HorizontalGridView{35d2afbd VFE..... ......ID 0,0-1738,279 #7f0d038e app:id/row_content}
07-05 22:17:52.983 I/CardSelectionPresenter(25214): onBindViewHolder
07-05 22:17:52.983 D/sloven  (25214): 1002---true
07-05 22:17:52.984 I/CardSelectionPresenter(25214): width=400,height=220
07-05 22:17:52.985 I/VideoCapabilities(25214): Unsupported profile 4 for video/mp4v-es
07-05 22:17:52.985 I/VideoCapabilities(25214): Unsupported profile 4 for video/mp4v-es
07-05 22:17:52.985 I/VideoCapabilities(25214): Unsupported profile 4 for video/mp4v-es
07-05 22:17:52.985 I/VideoCapabilities(25214): Unsupported profile 4 for video/mp4v-es
07-05 22:17:52.985 I/VideoCapabilities(25214): Unsupported profile 4 for video/mp4v-es
07-05 22:17:52.985 I/VideoCapabilities(25214): Unsupported profile 4 for video/mp4v-es
07-05 22:17:52.985 I/VideoCapabilities(25214): Unsupported profile 4 for video/mp4v-es
07-05 22:17:52.985 I/VideoCapabilities(25214): Unsupported profile 4 for video/mp4v-es
07-05 22:17:52.985 I/VideoCapabilities(25214): Unsupported profile 8 for video/mp4v-es
07-05 22:17:52.985 I/VideoCapabilities(25214): Unsupported profile 8 for video/mp4v-es
07-05 22:17:52.985 I/VideoCapabilities(25214): Unsupported profile 8 for video/mp4v-es
07-05 22:17:52.985 I/VideoCapabilities(25214): Unsupported profile 8 for video/mp4v-es
07-05 22:17:52.986 I/VideoCapabilities(25214): Unsupported profile 8 for video/mp4v-es
07-05 22:17:52.986 I/VideoCapabilities(25214): Unsupported profile 8 for video/mp4v-es
07-05 22:17:52.986 I/VideoCapabilities(25214): Unsupported profile 8 for video/mp4v-es
07-05 22:17:52.986 I/VideoCapabilities(25214): Unsupported profile 8 for video/mp4v-es
07-05 22:17:52.986 I/VideoCapabilities(25214): Unsupported profile 1024 for video/mp4v-es
07-05 22:17:52.986 I/VideoCapabilities(25214): Unsupported profile 1024 for video/mp4v-es
07-05 22:17:52.986 I/VideoCapabilities(25214): Unsupported profile 1024 for video/mp4v-es
07-05 22:17:52.986 I/VideoCapabilities(25214): Unsupported profile 1024 for video/mp4v-es
07-05 22:17:52.986 I/VideoCapabilities(25214): Unsupported profile 1024 for video/mp4v-es
07-05 22:17:52.986 I/VideoCapabilities(25214): Unsupported profile 1024 for video/mp4v-es
07-05 22:17:52.986 I/VideoCapabilities(25214): Unsupported profile 1024 for video/mp4v-es
07-05 22:17:52.986 I/VideoCapabilities(25214): Unsupported profile 1024 for video/mp4v-es
07-05 22:17:52.986 W/VideoCapabilities(25214): Unrecognized profile/level 32768/2 for video/mp4v-es
07-05 22:17:53.001 I/CardSelectionPresenter(25214): onUnbindViewHolder mTitleTx = 
07-05 22:17:53.002 I/CardSelectionPresenter(25214): onBindViewHolder
07-05 22:17:53.002 D/OkHttp  (25214): <-- 200 OK http://api.edu.hismarttv.com/payment/api/query/user_type/dialog_info?orderType=0&uuid=13287129&mac=a8:a6:48:18:fc:a8&devid=86100300900000500000060a4818fca8&version=00.002.003&subscriberId=13287129&customerId=7195320&model_id=0&APPPackage=com.hisense.hicloud.edca&PFAPPCode=652&APPVersionName=3.0.0.9.00&ChannelId=0&softwareVersion=LED50MU8600UC0000888&tv_distribute_id=00&devType=0&APIVersion=600&accessToken=72DF6038D2AEAB8A76DFBBBBCC428A4A_004241057862883 (41ms)
07-05 22:17:53.002 D/OkHttp  (25214): Server: nginx
07-05 22:17:53.002 D/sloven  (25214): 1002---true
07-05 22:17:53.002 D/OkHttp  (25214): Date: Wed, 05 Jul 2017 14:17:52 GMT
07-05 22:17:53.002 D/OkHttp  (25214): Content-Type: application/json
07-05 22:17:53.002 D/OkHttp  (25214): Content-Length: 221
07-05 22:17:53.002 I/CardSelectionPresenter(25214): width=400,height=220
07-05 22:17:53.002 D/OkHttp  (25214): Connection: close
07-05 22:17:53.002 D/OkHttp  (25214): <-- END HTTP
07-05 22:17:53.003 D/hailongqiu(25214): hailongqiu position:0
07-05 22:17:53.005 I/CardSelectionPresenter(25214): onCreateViewHoldercom.hisense.leanback.widget.HorizontalGridView{35d2afbd VFE..... ......ID 0,0-1738,279 #7f0d038e app:id/row_content}
07-05 22:17:53.010 I/CardSelectionPresenter(25214): onBindViewHolder
07-05 22:17:53.010 D/sloven  (25214): 1002---true
07-05 22:17:53.010 I/CardSelectionPresenter(25214): width=400,height=220
07-05 22:17:53.013 W/VideoCapabilities(25214): Unsupported mime video/mvc
07-05 22:17:53.013 I/CardSelectionPresenter(25214): onCreateViewHoldercom.hisense.leanback.widget.HorizontalGridView{35d2afbd VFE..... ......ID 0,0-1738,279 #7f0d038e app:id/row_content}
07-05 22:17:53.016 W/VideoCapabilities(25214): Unsupported mime video/mpeg2
07-05 22:17:53.018 I/CardSelectionPresenter(25214): onBindViewHolder
07-05 22:17:53.018 D/sloven  (25214): 1002---true
07-05 22:17:53.018 I/CardSelectionPresenter(25214): width=400,height=220
07-05 22:17:53.021 I/CardSelectionPresenter(25214): onCreateViewHoldercom.hisense.leanback.widget.HorizontalGridView{35d2afbd VFE..... ......ID 0,0-1738,279 #7f0d038e app:id/row_content}
07-05 22:17:53.023 W/VideoCapabilities(25214): Unsupported mime video/divx3
07-05 22:17:53.026 W/VideoCapabilities(25214): Unsupported mime video/divx4
07-05 22:17:53.026 I/CardSelectionPresenter(25214): onBindViewHolder
07-05 22:17:53.026 D/sloven  (25214): 1002---true
07-05 22:17:53.026 I/CardSelectionPresenter(25214): width=400,height=220
07-05 22:17:53.029 W/VideoCapabilities(25214): Unsupported mime video/flv
07-05 22:17:53.030 I/CardSelectionPresenter(25214): onCreateViewHoldercom.hisense.leanback.widget.HorizontalGridView{35d2afbd VFE..... ......ID 0,0-1738,279 #7f0d038e app:id/row_content}
07-05 22:17:53.032 W/VideoCapabilities(25214): Unsupported mime video/VC1
07-05 22:17:53.033 W/VideoCapabilities(25214): Unsupported mime video/wvc1
07-05 22:17:53.034 I/CardSelectionPresenter(25214): onBindViewHolder
07-05 22:17:53.034 D/sloven  (25214): 1002---true
07-05 22:17:53.034 I/CardSelectionPresenter(25214): width=0,height=220
07-05 22:17:53.036 D/HttpHandler(25214): RetryIntercepter-->retryNum=0
07-05 22:17:53.036 D/HttpHandler(25214): RetryIntercepter-->backoffmutiplier=0
07-05 22:17:53.036 W/VideoCapabilities(25214): Unsupported mime video/wmv3
07-05 22:17:53.039 W/VideoCapabilities(25214): Unsupported mime video/mjpeg
07-05 22:17:53.039 D/Carousel-CarouselView(25214): ============>onScrollChanged hashCode:1062330551
07-05 22:17:53.041 W/VideoCapabilities(25214): Unsupported mime video/avs
07-05 22:17:53.044 W/VideoCapabilities(25214): Unsupported mime video/realvideo
07-05 22:17:53.049 D/HttpHandler(25214): VerifySignInterCeptor-->request.url()=http://picture.edu.hismarttv.com/images/20170629/30%E5%A4%A9%E5%86%99%E5%87%BA%E4%B8%80%E6%89%8B%E5%A5%BD%E5%AD%9720161129021942268280.jpg
07-05 22:17:53.049 D/HttpHandler(25214): VerifySignInterCeptor-->hostname=picture.edu.hismarttv.com
07-05 22:17:53.050 I/MyFragmentStateAdapter(25214): getCount
07-05 22:17:53.052 D/HttpHandler(25214): VerifySignInterCeptor-->dateType=1
07-05 22:17:53.053 D/HttpHandler(25214): VerifySignInterCeptor-->HttpRequestManager.httpClietOption.getVerifyFlag()=1
07-05 22:17:53.055 D/HttpHandler(25214): VerifySignInterCeptor-->content={"memberType": 2, "isActivity": 0}
07-05 22:17:53.062 W/AudioCapabilities(25214): Unsupported mime audio/mpeg-L1
07-05 22:17:53.063 W/AudioCapabilities(25214): Unsupported mime audio/mpeg-L2
07-05 22:17:53.068 D/OkHttp  (25214): --> GET http://picture.edu.hismarttv.com/images/20170629/30%E5%A4%A9%E5%86%99%E5%87%BA%E4%B8%80%E6%89%8B%E5%A5%BD%E5%AD%9720161129021942268280.jpg http/1.1
07-05 22:17:53.068 D/OkHttp  (25214): Host: picture.edu.hismarttv.com
07-05 22:17:53.068 D/OkHttp  (25214): Connection: Keep-Alive
07-05 22:17:53.068 D/OkHttp  (25214): Accept-Encoding: gzip
07-05 22:17:53.068 D/OkHttp  (25214): User-Agent: okhttp/3.6.0
07-05 22:17:53.068 D/OkHttp  (25214): --> END GET
07-05 22:17:53.070 D/gralloc ( 1204): allocate buffer from ION HEAP 0x1
07-05 22:17:53.070 D/gralloc ( 1204): allocate memory from system heap
07-05 22:17:53.072 W/AudioCapabilities(25214): Unsupported mime audio/adpcm
07-05 22:17:53.075 W/AudioCapabilities(25214): Unsupported mime audio/lpcm
07-05 22:17:53.080 W/AudioCapabilities(25214): Unsupported mime audio/cook
07-05 22:17:53.082 W/AudioCapabilities(25214): Unsupported mime audio/x-ms-wma
07-05 22:17:53.084 W/AudioCapabilities(25214): Unsupported mime audio/ac3
07-05 22:17:53.086 W/AudioCapabilities(25214): Unsupported mime audio/ac3p
07-05 22:17:53.086 W/AudioCapabilities(25214): Unsupported mime audio/eac3
07-05 22:17:53.090 W/AudioCapabilities(25214): Unsupported mime audio/dts
07-05 22:17:53.091 W/AudioCapabilities(25214): Unsupported mime audio/dts-hd
07-05 22:17:53.092 W/AudioCapabilities(25214): Unsupported mime audio/dts-lbr
07-05 22:17:53.096 W/AudioCapabilities(25214): Unsupported mime audio/dra
07-05 22:17:53.105 D/OkHttp  (25214): <-- 200 OK http://picture.edu.hismarttv.com/images/20170629/30%E5%A4%A9%E5%86%99%E5%87%BA%E4%B8%80%E6%89%8B%E5%A5%BD%E5%AD%9720161129021942268280.jpg (36ms)
07-05 22:17:53.105 D/OkHttp  (25214): Date: Mon, 03 Jul 2017 11:02:37 GMT
07-05 22:17:53.105 D/OkHttp  (25214): Server: nginx
07-05 22:17:53.105 D/OkHttp  (25214): Content-Type: image/jpeg
07-05 22:17:53.105 D/OkHttp  (25214): Content-Length: 137170
07-05 22:17:53.105 D/OkHttp  (25214): Last-Modified: Fri, 09 Jun 2017 14:48:12 GMT
07-05 22:17:53.105 D/OkHttp  (25214): ETag: "593ab52c-217d2"
07-05 22:17:53.105 D/OkHttp  (25214): Accept-Ranges: bytes
07-05 22:17:53.105 D/OkHttp  (25214): Age: 184515
07-05 22:17:53.105 D/OkHttp  (25214): Via: 1.1 changzhiwangtong169:2 (Cdn Cache Server V2.0)[0 200 0], 1.1 angtong92:5 (Cdn Cache Server V2.0)[0 200 0]
07-05 22:17:53.105 D/OkHttp  (25214): Connection: keep-alive
07-05 22:17:53.105 D/OkHttp  (25214): <-- END HTTP
07-05 22:17:53.108 D/HttpHandler(25214): RetryIntercepter-->retryNum=0
07-05 22:17:53.108 D/HttpHandler(25214): RetryIntercepter-->backoffmutiplier=0
07-05 22:17:53.108 W/AudioCapabilities(25214): Unsupported mime audio/x-ape
07-05 22:17:53.111 W/AudioCapabilities(25214): Unsupported mime audio/ffmpeg
07-05 22:17:53.112 W/AudioCapabilities(25214): Unsupported mime audio/ac3
07-05 22:17:53.113 D/Carousel-MyListView(25214): setSelectionAndPadding position:1
07-05 22:17:53.116 I/MyFragmentStateAdapter(25214): getCount
07-05 22:17:53.116 I/MyFragmentStateAdapter(25214): getCount
07-05 22:17:53.116 I/MyFragmentStateAdapter(25214): getCount
07-05 22:17:53.116 I/MyFragmentStateAdapter(25214): getCount
07-05 22:17:53.116 W/AudioCapabilities(25214): Unsupported mime audio/mpeg-L2
07-05 22:17:53.116 I/FirstLineAdapter(25214): canShowTrailer,isOffline=false
07-05 22:17:53.116 I/FirstLineAdapter(25214): canShowTrailer,isOffline=false
07-05 22:17:53.117 I/FirstLineAdapter(25214): canShowTrailer,isOffline=false
07-05 22:17:53.117 I/FirstLineAdapter(25214): canShowTrailer,isOffline=false
07-05 22:17:53.117 I/FirstLineAdapter(25214): canShowTrailer,isOffline=false
07-05 22:17:53.117 I/FirstLineAdapter(25214): canShowTrailer,isOffline=false
07-05 22:17:53.117 I/FirstLineAdapter(25214): canShowTrailer,isOffline=false
07-05 22:17:53.117 D/Carousel-CarouselChannelItemView(25214): Listitem imageUrl:http://picture.edu.hismarttv.com/images/20170628102959016598.jpg
07-05 22:17:53.117 D/Carousel-Utils(25214): onResourceReady.
07-05 22:17:53.119 D/Carousel-CarouselChannelItemView(25214): Listitem imageUrl:http://picture.edu.hismarttv.com/images/20170628103002814396.jpg
07-05 22:17:53.120 D/Carousel-Utils(25214): onResourceReady.
07-05 22:17:53.121 D/Carousel-CarouselChannelItemView(25214): Listitem imageUrl:http://picture.edu.hismarttv.com/images/20170628103009181182.jpg
07-05 22:17:53.121 D/Carousel-Utils(25214): onResourceReady.
07-05 22:17:53.122 D/Carousel-CarouselChannelItemView(25214): Listitem imageUrl:http://picture.edu.hismarttv.com/images/20170628102959016598.jpg
07-05 22:17:53.122 D/PowerManagerService( 1733): acquireWakeLockInternal: lock=113832109, flags=0x1, tag="NetworkStats", ws=null, uid=1000, pid=1733
07-05 22:17:53.122 D/PowerManagerNotifier( 1733): onWakeLockAcquired: flags=1, tag="NetworkStats", packageName=android, ownerUid=1000, ownerPid=1733, workSource=null
07-05 22:17:53.122 D/NtpTrustedTime( 1733): currentTimeMillis() cache hit
07-05 22:17:53.122 D/Carousel-Utils(25214): onResourceReady.
07-05 22:17:53.123 D/Carousel-CarouselChannelItemView(25214): Listitem imageUrl:http://picture.edu.hismarttv.com/images/20170628103002814396.jpg
07-05 22:17:53.123 D/Carousel-Utils(25214): onResourceReady.
07-05 22:17:53.124 D/Carousel-CarouselChannelItemView(25214): Listitem imageUrl:http://picture.edu.hismarttv.com/images/20170628103009181182.jpg
07-05 22:17:53.124 D/Carousel-Utils(25214): onResourceReady.
07-05 22:17:53.125 I/FirstLineAdapter(25214): canShowTrailer,isOffline=false
07-05 22:17:53.125 I/FirstLineAdapter(25214): canShowTrailer,isOffline=false
07-05 22:17:53.126 D/Carousel-CarouselView(25214): ============>onScrollChanged hashCode:1062330551
07-05 22:17:53.134 I/MyFragmentStateAdapter(25214): getCount
07-05 22:17:53.138 D/NtpTrustedTime( 1733): currentTimeMillis() cache hit
07-05 22:17:53.139 D/PowerManagerService( 1733): releaseWakeLockInternal: lock=113832109 [NetworkStats], flags=0x0
07-05 22:17:53.139 D/PowerManagerNotifier( 1733): onWakeLockReleased: flags=1, tag="NetworkStats", packageName=android, ownerUid=1000, ownerPid=1733, workSource=null
07-05 22:17:53.140 D/NtpTrustedTime( 1733): currentTimeMillis() cache hit
07-05 22:17:53.140 D/NtpTrustedTime( 1733): currentTimeMillis() cache hit
07-05 22:17:53.141 D/HiNetworkImpl(25214): doHttp_Asyn(): onReqResponse isSuccessful = true, back from thread: main
07-05 22:17:53.142 I/HiNetworkImpl(25214): doHttp_Asyn(): onSuccess clazz = class com.hisense.sdk.domain.MemberOrder, back from thread: main
07-05 22:17:53.142 I/HomeMainActivity(25214): finishHttpTime : 13114714   283
07-05 22:17:53.143 D/til@system( 2026): til_get_system_param option:1000007 int:-1815634176, bool:0, ret:0
07-05 22:17:53.147 D/til@system( 2026): til_get_system_param option:1000009 int:-1936523008, bool:0, ret:0
07-05 22:17:53.150 D/til@system( 2026): til_get_system_param option:1000008 int:-1936522368, bool:128, ret:0
07-05 22:17:53.151 D/HiSDKLogReport(25214): getOperationDetail-productName : LED50MU8600UC
07-05 22:17:53.151 D/HiSDKLogReport(25214): getOperationDetail-plmNumber : 88888
07-05 22:17:53.151 D/HiSDKLogReport(25214): getOperationDetail-swVersion : V0000.00.01A
07-05 22:17:53.151 D/HiSDKLogReport(25214): getOperationDetail-operationDetail : LED50MU8600UC0000888
07-05 22:17:53.151 D/HiSDKLogReport(25214): processLogReport-log : {eventType=162, appKey=1182445233, APPVersionName=3.0.0.9.00, devid=86100300900000500000060a4818fca8, mac=a8:a6:48:18:fc:a8, uuid=13287129, accessToken=72DF6038D2AEAB8A76DFBBBBCC428A4A_004241057862883, APIversion=501, logversion=2.0, devType=0, APPPackage=com.hisense.hicloud.edca, eventPos=002, requesttime=1499264273151, customerId=7195320, value2=, eventMessage=HttpConnection, value1=283, model_id=0, ChannelId=0, version=00.002.003, tv_distribute_id=00, subscriberId=13287129, APIVersion=600, PFAPPCode=652, softwareVersion=LED50MU8600UC0000888}
07-05 22:17:53.151 I/HomeMainActivity(25214): getUserType  response : 2 null
07-05 22:17:53.151 I/HomeMainActivity(25214): this is LowMemoryConfiguration 
07-05 22:17:53.160 W/System.err(25214): java.net.ConnectException: failed to connect to /10.18.210.112 (port 8900) after 6000ms: isConnected failed: ECONNREFUSED (Connection refused)
07-05 22:17:53.160 W/System.err(25214): 	at libcore.io.IoBridge.isConnected(IoBridge.java:238)
07-05 22:17:53.160 W/System.err(25214): 	at libcore.io.IoBridge.connectErrno(IoBridge.java:171)
07-05 22:17:53.160 W/System.err(25214): 	at libcore.io.IoBridge.connect(IoBridge.java:122)
07-05 22:17:53.160 W/System.err(25214): 	at java.net.PlainSocketImpl.connect(PlainSocketImpl.java:183)
07-05 22:17:53.160 W/System.err(25214): 	at java.net.PlainSocketImpl.connect(PlainSocketImpl.java:456)
07-05 22:17:53.160 W/System.err(25214): 	at java.net.Socket.connect(Socket.java:882)
07-05 22:17:53.160 W/System.err(25214): 	at com.android.okhttp.internal.Platform.connectSocket(Platform.java:174)
07-05 22:17:53.160 W/System.err(25214): 	at com.android.okhttp.Connection.connect(Connection.java:152)
07-05 22:17:53.160 W/System.err(25214): 	at com.android.okhttp.internal.http.HttpEngine.connect(HttpEngine.java:276)
07-05 22:17:53.160 W/System.err(25214): 	at com.android.okhttp.internal.http.HttpEngine.sendRequest(HttpEngine.java:211)
07-05 22:17:53.160 W/System.err(25214): 	at com.android.okhttp.internal.http.HttpURLConnectionImpl.execute(HttpURLConnectionImpl.java:382)
07-05 22:17:53.160 W/System.err(25214): 	at com.android.okhttp.internal.http.HttpURLConnectionImpl.connect(HttpURLConnectionImpl.java:106)
07-05 22:17:53.160 W/System.err(25214): 	at com.hisense.hitv.hicloud.util.ExceptionReport.a(ExceptionReport.java:337)
07-05 22:17:53.160 W/System.err(25214): 	at com.hisense.hitv.hicloud.util.ExceptionReport.a(ExceptionReport.java:39)
07-05 22:17:53.160 W/System.err(25214): 	at com.hisense.hitv.hicloud.util.ExceptionReport$1.run(ExceptionReport.java:83)
07-05 22:17:53.160 W/System.err(25214): 	at java.lang.Thread.run(Thread.java:818)
07-05 22:17:53.160 W/System.err(25214): Caused by: android.system.ErrnoException: isConnected failed: ECONNREFUSED (Connection refused)
07-05 22:17:53.160 W/System.err(25214): 	at libcore.io.IoBridge.isConnected(IoBridge.java:223)
07-05 22:17:53.160 W/System.err(25214): 	... 15 more
07-05 22:17:53.176 I/VideoCapabilities(25214): Unsupported profile 4 for video/mp4v-es
07-05 22:17:53.181 D/Player/Lib/Utils/SysUtils(25214): [TID 25245] [Check dolby]  Codec name=OMX.MS.M4V.Decoder
07-05 22:17:53.181 D/Player/Lib/Utils/SysUtils(25214): [TID 25245] [Check dolby]  Supported type=video/mp4v-es
07-05 22:17:53.181 D/Player/Lib/Utils/SysUtils(25214): [TID 25245] [Check dolby]  Codec name=OMX.MS.H263.Decoder
07-05 22:17:53.181 D/Player/Lib/Utils/SysUtils(25214): [TID 25245] [Check dolby]  Supported type=video/3gpp
07-05 22:17:53.181 D/Player/Lib/Utils/SysUtils(25214): [TID 25245] [Check dolby]  Codec name=OMX.MS.AVC.Decoder
07-05 22:17:53.181 D/Player/Lib/Utils/SysUtils(25214): [TID 25245] [Check dolby]  Supported type=video/avc
07-05 22:17:53.181 D/Player/Lib/Utils/SysUtils(25214): [TID 25245] [Check dolby]  Codec name=OMX.MS.HEVC.Decoder
07-05 22:17:53.181 D/Player/Lib/Utils/SysUtils(25214): [TID 25245] [Check dolby]  Supported type=video/hevc
07-05 22:17:53.181 D/Player/Lib/Utils/SysUtils(25214): [TID 25245] [Check H265] FOUND, current type = video/hevc
07-05 22:17:53.181 D/Player/Lib/Utils/SysUtils(25214): [TID 25245] [Check dolby]  Codec name=OMX.MS.MVC.Decoder
07-05 22:17:53.181 D/Player/Lib/Utils/SysUtils(25214): [TID 25245] [Check dolby]  Supported type=video/mvc
07-05 22:17:53.181 D/Player/Lib/Utils/SysUtils(25214): [TID 25245] [Check dolby]  Codec name=OMX.MS.MPEG2.Decoder
07-05 22:17:53.181 D/Player/Lib/Utils/SysUtils(25214): [TID 25245] [Check dolby]  Supported type=video/mpeg2
07-05 22:17:53.181 D/Player/Lib/Utils/SysUtils(25214): [TID 25245] [Check dolby]  Codec name=OMX.MS.VP8.Decoder
07-05 22:17:53.181 D/Player/Lib/Utils/SysUtils(25214): [TID 25245] [Check dolby]  Supported type=video/x-vnd.on2.vp8
07-05 22:17:53.181 D/Player/Lib/Utils/SysUtils(25214): [TID 25245] [Check dolby]  Codec name=OMX.MS.DIVX311.Decoder
07-05 22:17:53.181 D/Player/Lib/Utils/SysUtils(25214): [TID 25245] [Check dolby]  Supported type=video/divx3
07-05 22:17:53.181 D/Player/Lib/Utils/SysUtils(25214): [TID 25245] [Check dolby]  Codec name=OMX.MS.DIVX412.Decoder
07-05 22:17:53.181 D/Player/Lib/Utils/SysUtils(25214): [TID 25245] [Check dolby]  Supported type=video/divx4
07-05 22:17:53.182 D/Player/Lib/Utils/SysUtils(25214): [TID 25245] [Check dolby]  Codec name=OMX.MS.FLV.Decoder
07-05 22:17:53.182 D/Player/Lib/Utils/SysUtils(25214): [TID 25245] [Check dolby]  Supported type=video/flv
07-05 22:17:53.182 D/Player/Lib/Utils/SysUtils(25214): [TID 25245] [Check dolby]  Codec name=OMX.MS.VC1.Decoder
07-05 22:17:53.182 D/Player/Lib/Utils/SysUtils(25214): [TID 25245] [Check dolby]  Supported type=video/VC1
07-05 22:17:53.182 D/Player/Lib/Utils/SysUtils(25214): [TID 25245] [Check dolby]  Supported type=video/wvc1
07-05 22:17:53.182 D/Player/Lib/Utils/SysUtils(25214): [TID 25245] [Check dolby]  Codec name=OMX.MS.WMV3.Decoder
07-05 22:17:53.182 D/Player/Lib/Utils/SysUtils(25214): [TID 25245] [Check dolby]  Supported type=video/wmv3
07-05 22:17:53.182 D/Player/Lib/Utils/SysUtils(25214): [TID 25245] [Check dolby]  Codec name=OMX.MS.MJPG.Decoder
07-05 22:17:53.182 D/Player/Lib/Utils/SysUtils(25214): [TID 25245] [Check dolby]  Supported type=video/mjpeg
07-05 22:17:53.182 D/Player/Lib/Utils/SysUtils(25214): [TID 25245] [Check dolby]  Codec name=OMX.MS.AVS.Decoder
07-05 22:17:53.182 D/Player/Lib/Utils/SysUtils(25214): [TID 25245] [Check dolby]  Supported type=video/avs
07-05 22:17:53.182 D/Player/Lib/Utils/SysUtils(25214): [TID 25245] [Check dolby]  Codec name=OMX.MS.RV.Decoder
07-05 22:17:53.182 D/Player/Lib/Utils/SysUtils(25214): [TID 25245] [Check dolby]  Supported type=video/realvideo
07-05 22:17:53.183 D/Player/Lib/Utils/SysUtils(25214): [TID 25245] [Check dolby]  Codec name=OMX.google.aac.decoder
07-05 22:17:53.183 D/Player/Lib/Utils/SysUtils(25214): [TID 25245] [Check dolby]  Supported type=audio/mp4a-latm
07-05 22:17:53.183 D/Player/Lib/Utils/SysUtils(25214): [TID 25245] [Check dolby]  Codec name=OMX.google.mp3.decoder
07-05 22:17:53.183 D/Player/Lib/Utils/SysUtils(25214): [TID 25245] [Check dolby]  Supported type=audio/mpeg
07-05 22:17:53.183 D/Player/Lib/Utils/SysUtils(25214): [TID 25245] [Check dolby]  Codec name=OMX.MS.MP3.Decoder
07-05 22:17:53.183 D/Player/Lib/Utils/SysUtils(25214): [TID 25245] [Check dolby]  Supported type=audio/mpeg
07-05 22:17:53.183 D/Player/Lib/Utils/SysUtils(25214): [TID 25245] [Check dolby]  Supported type=audio/mpeg-L1
07-05 22:17:53.183 D/Player/Lib/Utils/SysUtils(25214): [TID 25245] [Check dolby]  Supported type=audio/mpeg-L2
07-05 22:17:53.183 D/Player/Lib/Utils/SysUtils(25214): [TID 25245] [Check dolby]  Codec name=OMX.MS.AAC.Decoder
07-05 22:17:53.183 D/Player/Lib/Utils/SysUtils(25214): [TID 25245] [Check dolby]  Supported type=audio/mp4a-latm
07-05 22:17:53.183 D/Player/Lib/Utils/SysUtils(25214): [TID 25245] [Check dolby]  Codec name=OMX.google.opus.decoder
07-05 22:17:53.184 D/Player/Lib/Utils/SysUtils(25214): [TID 25245] [Check dolby]  Supported type=audio/opus
07-05 22:17:53.184 D/Player/Lib/Utils/SysUtils(25214): [TID 25245] [Check dolby]  Codec name=OMX.google.vorbis.decoder
07-05 22:17:53.184 D/Player/Lib/Utils/SysUtils(25214): [TID 25245] [Check dolby]  Supported type=audio/vorbis
07-05 22:17:53.184 D/Player/Lib/Utils/SysUtils(25214): [TID 25245] [Check dolby]  Codec name=OMX.MS.VORBIS.Decoder
07-05 22:17:53.184 D/Player/Lib/Utils/SysUtils(25214): [TID 25245] [Check dolby]  Supported type=audio/vorbis
07-05 22:17:53.184 D/Player/Lib/Utils/SysUtils(25214): [TID 25245] [Check dolby]  Codec name=OMX.MS.ADPCM.Decoder
07-05 22:17:53.184 D/Player/Lib/Utils/SysUtils(25214): [TID 25245] [Check dolby]  Supported type=audio/adpcm
07-05 22:17:53.184 D/Player/Lib/Utils/SysUtils(25214): [TID 25245] [Check dolby]  Codec name=OMX.MS.LPCM.Decoder
07-05 22:17:53.184 D/Player/Lib/Utils/SysUtils(25214): [TID 25245] [Check dolby]  Supported type=audio/lpcm
07-05 22:17:53.184 D/Player/Lib/Utils/SysUtils(25214): [TID 25245] [Check dolby]  Codec name=OMX.MS.RA.Decoder
07-05 22:17:53.184 D/Player/Lib/Utils/SysUtils(25214): [TID 25245] [Check dolby]  Supported type=audio/cook
07-05 22:17:53.184 D/Player/Lib/Utils/SysUtils(25214): [TID 25245] [Check dolby]  Codec name=OMX.MS.WMA.Decoder
07-05 22:17:53.184 D/Player/Lib/Utils/SysUtils(25214): [TID 25245] [Check dolby]  Supported type=audio/x-ms-wma
07-05 22:17:53.184 D/Player/Lib/Utils/SysUtils(25214): [TID 25245] [Check dolby]  Codec name=OMX.MS.AC3.Decoder
07-05 22:17:53.184 D/Player/Lib/Utils/SysUtils(25214): [TID 25245] [Check dolby]  Supported type=audio/ac3
07-05 22:17:53.184 D/Player/Lib/Utils/SysUtils(25214): [TID 25245] [Check dolby] FOUND, current type = audio/ac3
07-05 22:17:53.184 W/AudioCapabilities(25214): Unsupported mime audio/ac3
07-05 22:17:53.184 D/Player/Lib/Utils/SysUtils(25214): [TID 25245] [Check dolby]  ProfileLevels size:0
07-05 22:17:53.184 D/Player/Lib/Utils/SysUtils(25214): [TID 25245] DEVICE_SUPPORT_DOLBY=true, DEVICE_SUPPORT_H265=true
07-05 22:17:53.193 D/WifiService( 1733): New client listening to asynchronous messages
07-05 22:17:53.199 D/Player/Lib/Utils/SysUtils(25214): [TID 25245] isDeviceSupportDolby=true
07-05 22:17:53.199 D/Player/Lib/Utils/SysUtils(25214): [TID 25245] isDeviceSupportH265=true
07-05 22:17:53.200 D/PlayerSdkUtils(25214): [TID 25245] static init: IS_DEVICE_CODEC_SUPPORT_DOLBY=true
07-05 22:17:53.200 D/PlayerSdkUtils(25214): [TID 25245] static init: IS_DEVICE_CODEC_SUPPORT_H265=true
07-05 22:17:53.206 D/PlayerSDK/data/FetchUuidJob(25214): [TID 25245] >>>fetchKeyInfo, sIsFetched=false
07-05 22:17:53.206 D/PlayerSDK/data/FetchUuidJob(25214): [TID 25245] fetchKeyInfo: deviceInfo=vidaa3
07-05 22:17:53.209 I/System.out(25214): D/(load-playerplugin, syncCall): cpu: 4
07-05 22:17:53.217 I/System.out(25214): <TVAPI> DEBUG(isUpdateData): isUpdateData=manInfo-true
07-05 22:17:53.219 I/System.out(25214): <TVAPI> DEBUG(TVApiProperty): read passport-device-id=null
07-05 22:17:53.220 I/System.out(25214): <TVAPI> DEBUG(TVApiProperty): passport-device-id-system=tv_69b1ef544cadbb86e8f28950ece1c76a_1167652938875
07-05 22:17:53.220 I/System.out(25214): <TVAPI> DEBUG(id=1, manInfo): url = http://data2.itv.ptqy.gitv.tv/itv/manInfo/vidaa3?s=0
07-05 22:17:53.220 I/System.out(25214): <TVAPI> DEBUG(id=1, manInfo): header = qyid:tv_69b1ef544cadbb86e8f28950ece1c76a_1167652938875
07-05 22:17:53.221 I/System.out(25214): <TVAPI> DEBUG(id=1, manInfo): header = ov:5.1.1
07-05 22:17:53.221 I/System.out(25214): <TVAPI> DEBUG(id=1, manInfo): header = apkVer:
07-05 22:17:53.221 I/System.out(25214): <TVAPI> DEBUG(id=1, manInfo): header = apiKey:APIKEY
07-05 22:17:53.222 E/HomeMainActivity(25214): BaseApplication.mAccountType == 2
07-05 22:17:53.223 I/HomeMainActivity(25214): mBeginHttpTime : 13114795
07-05 22:17:53.223 I/HttpDnsUtils(25214): postExperienceVIP(): --url = http://api.edu.hismarttv.com/payment/api/get/experience/member
07-05 22:17:53.223 V/HttpDnsUtils(25214): getExperienceVIP 86100300900000500000060a4818fca8 7195320 13287129 0 2 0 0 0
07-05 22:17:53.224 E/NetUtils(25214): encryption --- sign = accessToken=72DF6038D2AEAB8A76DFBBBBCC428A4A_004241057862883&days=0&devid=86100300900000500000060a4818fca8&mac=a8:a6:48:18:fc:a8&memberType=2&orderType=0&BDA9F96C98E9D5130A5AFB3411B5F9E0
07-05 22:17:53.226 D/til@system( 2026): til_get_system_param option:1000007 int:-1936525184, bool:128, ret:0
07-05 22:17:53.227 D/til@system( 2026): til_get_system_param option:1000009 int:-1936522112, bool:128, ret:0
07-05 22:17:53.228 D/til@system( 2026): til_get_system_param option:1000008 int:-1815633792, bool:128, ret:0
07-05 22:17:53.229 D/HttpDnsUtils(25214): CEXX-getOperationDetail-productName : LED50MU8600UC
07-05 22:17:53.229 D/HttpDnsUtils(25214): CEXX-getOperationDetail-plmNumber : 88888
07-05 22:17:53.229 D/HttpDnsUtils(25214): CEXX-getOperationDetail-swVersion : V0000.00.01A
07-05 22:17:53.229 D/HttpDnsUtils(25214): CEXX-getOperationDetail-operationDetail : LED50MU8600UC0000888
07-05 22:17:53.258 V/HttpDnsUtils(25214): days 0 memberType 2 activityId 0
07-05 22:17:53.259 V/HttpDnsUtils(25214): postExperienceVIP(): postMap = {customerId=7195320, memberType=2, PFAPPCode=652, accessToken=72DF6038D2AEAB8A76DFBBBBCC428A4A_004241057862883, ChannelId=0, APPVersionName=3.0.0.9.00, model_id=0, orderType=0, mac=a8:a6:48:18:fc:a8, days=0, sign=32880101a56844fcd8f81facd2fe9807, uuid=13287129, APPPackage=com.hisense.hicloud.edca, devid=86100300900000500000060a4818fca8, phone=18547412365, tv_distribute_id=00, softwareVersion=LED50MU8600UC0000888, subscriberId=13287129, version=00.002.003, customerName=18547412365, devType=0, APIVersion=600, activityId=0}
07-05 22:17:53.259 D/til@system( 2026): til_get_system_param option:1000007 int:-1815632896, bool:0, ret:0
07-05 22:17:53.260 D/til@system( 2026): til_get_system_param option:1000009 int:-1815634176, bool:0, ret:0
07-05 22:17:53.261 D/til@system( 2026): til_get_system_param option:1000008 int:-1936523008, bool:0, ret:0
07-05 22:17:53.261 D/HttpBuilder(25214): getOperationDetail-productName : LED50MU8600UC
07-05 22:17:53.261 D/HttpBuilder(25214): getOperationDetail-plmNumber : 88888
07-05 22:17:53.261 D/HttpBuilder(25214): getOperationDetail-swVersion : V0000.00.01A
07-05 22:17:53.261 D/HttpBuilder(25214): getOperationDetail-operationDetail : LED50MU8600UC0000888
07-05 22:17:53.286 I/HttpBuilder(25214): addUrlPublicParams mUrl ==>http://api.edu.hismarttv.com/payment/api/get/experience/member?uuid=13287129&mac=a8:a6:48:18:fc:a8&devid=86100300900000500000060a4818fca8&version=00.002.003&subscriberId=13287129&customerId=7195320&model_id=0&APPPackage=com.hisense.hicloud.edca&PFAPPCode=652&APPVersionName=3.0.0.9.00&ChannelId=0&softwareVersion=LED50MU8600UC0000888&tv_distribute_id=00&devType=0&APIVersion=600&accessToken=72DF6038D2AEAB8A76DFBBBBCC428A4A_004241057862883
07-05 22:17:53.294 D/HttpHandler(25214): VerifySignInterCeptor-->request.url()=http://api.edu.hismarttv.com/payment/api/get/experience/member?uuid=13287129&mac=a8:a6:48:18:fc:a8&devid=86100300900000500000060a4818fca8&version=00.002.003&subscriberId=13287129&customerId=7195320&model_id=0&APPPackage=com.hisense.hicloud.edca&PFAPPCode=652&APPVersionName=3.0.0.9.00&ChannelId=0&softwareVersion=LED50MU8600UC0000888&tv_distribute_id=00&devType=0&APIVersion=600&accessToken=72DF6038D2AEAB8A76DFBBBBCC428A4A_004241057862883
07-05 22:17:53.294 D/HttpHandler(25214): VerifySignInterCeptor-->hostname=api.edu.hismarttv.com
07-05 22:17:53.295 D/HttpHandler(25214): HttpDNS-->hostname=api.edu.hismarttv.com
07-05 22:17:53.315 I/System.out(25214): <TVAPI> DEBUG(id=1, manInfo, response_time = 68ms): data = {"code":"N000000","json":{},"uuid":"MjAxNTEyMjgxNjU2MTk1NzJNa0NISmZXYjExMjA5"}
07-05 22:17:53.315 D/PlayerSDK/data/FetchUuidJob(25214): [TID 25245] mManInfoCallback onSuccess: maininfo=com.qiyi.tvapi.tv2.result.ApiResultManInfo@7eb092d
07-05 22:17:53.315 D/PlayerSDK/data/FetchUuidJob(25214): [TID 25245] mManInfoCallback result: u=MjAxNTEyMjgxNjU2MTk1NzJNa0NISmZXYjExMjA5, json={}
07-05 22:17:53.315 D/PlayerSDK/data/FetchUuidJob(25214): [TID 25245] mManInfoCallback result: eU=MjAxNTEyMjgxNjU2MTk1NzJNa0NISmZXYjExMjA5
07-05 22:17:53.315 D/PlayerSDK/data/FetchUuidJob(25214): [TID 25245] mManInfoCallback: fectch id success, use it.
07-05 22:17:53.316 D/PlayerSDK/data/FetchUuidJob(25214): [TID 25245] mManInfoCallback result: parterId=null
07-05 22:17:53.316 D/PlayerSDK/data/FetchUuidJob@14af2816(25214): [TID 25245] notifyJobSuccess() Job[PlayerSDK/data/FetchUuidJob@14af2816](mState=0, mData=Object28102242, mError=null)
07-05 22:17:53.316 D/PlayerSDK/data/FetchUuidJob(25214): [TID 25245] <<<fetchKeyInfo
07-05 22:17:53.316 D/PlayerSDK/data/FetchUuidJob@14af2816(25214): [TID 25245] notifyJobSuccess() Job[PlayerSDK/data/FetchUuidJob@14af2816](mState=2, mData=Object28102242, mError=null)
07-05 22:17:53.316 D/PlayerSdk/PlayerSdkProject(25214): [TID 25245] createRegisterKeyForTvapi(context=com.hisense.hicloud.edca.BaseApplication@2adbac5c)
07-05 22:17:53.317 D/Player/Lib/Utils/SysUtils(25214): [TID 25245] getMacAddr() returnsa8:a6:48:18:fc:a8
07-05 22:17:53.317 I/System.out(25214): <TVAPI> ERROR(Check MacAddress): mac address is 
07-05 22:17:53.321 D/MC_MEMORY(16055): max: 256.261888 Mb, heap: 10.10781 Mb, allocated: 9.10154 Mb, free: 0.628 Mb, native heap: 12.12276 Mb, native allocated: 8.8360 Mb, native free: 3.3916 Mb
07-05 22:17:53.325 D/PlayerSdk/PlayerSdkProject(25214): [TID 25245] initTVApi platformType:HAIXIN, defaultUserId:tv_69b1ef544cadbb86e8f28950ece1c76a, domainName:ptqy.gitv.tv
07-05 22:17:53.325 D/PlayerSdk/PlayerSdkProject(25214): [TID 25245] << beginInitialize: consume 413 ms
07-05 22:17:53.325 I/art     (25214): Background sticky concurrent mark sweep GC freed 1286(86KB) AllocSpace objects, 1(16KB) LOS objects, 0% free, 32MB/32MB, paused 5.072ms total 36.478ms
07-05 22:17:53.325 D/Player/PluginProvider@3d8e23ed(25214): [TID 25245] << setupSdkFeature: mSdkFeature=com.qiyi.video.plugin.j@1f41ebf3
07-05 22:17:53.325 W/PluginProviderBuilder(25214): createPluginProviderInstance() return com.qiyi.video.plugin.PluginProvider@3d8e23ed
07-05 22:17:53.325 W/PluginDebugUtils(25214): needThrowable<<(key=lastFailed)
07-05 22:17:53.325 W/PluginDebugUtils(25214): needThrowable() returns false
07-05 22:17:53.326 W/PluginHelper(25214): loadProvider>>() return com.qiyi.video.plugin.PluginProvider@3d8e23ed
07-05 22:17:53.326 W/StorageManager(25214): savePluginInfo<<(info=PluginInfo(id=pluginplayer, versionName=1.64.0.59984, className=com.qiyi.video.plugin.PluginProvider, path=/data/data/com.hisense.hicloud.edca/files/plugin/2.1.0.59986/pluginplayer/1.64.0.59984/pluginplayer-release-1.64.0.59984.apk, libFolder=/data/data/com.hisense.hicloud.edca/files/plugin/2.1.0.59986/pluginplayer/1.64.0.59984/pluginplayer-release-1.64.0.59984-libs, containSo=true, soFileCount=18, errorCount=0, lastLoadSuccess=true))
07-05 22:17:53.326 W/StorageManager(25214): isMultiProcessPlugin<<()  pluginplayer
07-05 22:17:53.326 W/StorageManager(25214): isMultiProcessPlugin>>() return false
07-05 22:17:53.326 W/StorageStub@193d3924(25214): loadPluginInfos<<(pluginId=pluginplayer, needRemoveDumy=false)
07-05 22:17:53.326 W/PluginInfo(25214): getListFromJson<<(json=null)
07-05 22:17:53.326 W/StorageStub@193d3924(25214): loadPluginInfos>>() return null
07-05 22:17:53.326 W/StorageManager(25214): findPluginInfo<<(list=[], version=1.64.0.59984)
07-05 22:17:53.326 W/StorageManager(25214): findPluginInfo>>() return null
07-05 22:17:53.326 W/StorageStub@193d3924(25214): savePluginInfos<<(pluginId=pluginplayer, list=[PluginInfo(id=pluginplayer, versionName=1.64.0.59984, className=com.qiyi.video.plugin.PluginProvider, path=/data/data/com.hisense.hicloud.edca/files/plugin/2.1.0.59986/pluginplayer/1.64.0.59984/pluginplayer-release-1.64.0.59984.apk, libFolder=/data/data/com.hisense.hicloud.edca/files/plugin/2.1.0.59986/pluginplayer/1.64.0.59984/pluginplayer-release-1.64.0.59984-libs, containSo=true, soFileCount=18, errorCount=0, lastLoadSuccess=true)])
07-05 22:17:53.326 W/PluginInfo(25214): getJsonFromList<<(list=[PluginInfo(id=pluginplayer, versionName=1.64.0.59984, className=com.qiyi.video.plugin.PluginProvider, path=/data/data/com.hisense.hicloud.edca/files/plugin/2.1.0.59986/pluginplayer/1.64.0.59984/pluginplayer-release-1.64.0.59984.apk, libFolder=/data/data/com.hisense.hicloud.edca/files/plugin/2.1.0.59986/pluginplayer/1.64.0.59984/pluginplayer-release-1.64.0.59984-libs, containSo=true, soFileCount=18, errorCount=0, lastLoadSuccess=true)])
07-05 22:17:53.327 W/PluginInfo(25214): toJson>>() return {"plugin_id":"pluginplayer","plugin_versionname":"1.64.0.59984","plugin_class_name":"com.qiyi.video.plugin.PluginProvider","plugin_path":"\/data\/data\/com.hisense.hicloud.edca\/files\/plugin\/2.1.0.59986\/pluginplayer\/1.64.0.59984\/pluginplayer-release-1.64.0.59984.apk","plugin_lib_folder":"\/data\/data\/com.hisense.hicloud.edca\/files\/plugin\/2.1.0.59986\/pluginplayer\/1.64.0.59984\/pluginplayer-release-1.64.0.59984-libs","contain_so":true,"so_count":18,"load_error_count":0,"load_success":true}
07-05 22:17:53.327 W/PluginInfo(25214): getJsonFromList>>() return [{"plugin_id":"pluginplayer","plugin_versionname":"1.64.0.59984","plugin_class_name":"com.qiyi.video.plugin.PluginProvider","plugin_path":"\/data\/data\/com.hisense.hicloud.edca\/files\/plugin\/2.1.0.59986\/pluginplayer\/1.64.0.59984\/pluginplayer-release-1.64.0.59984.apk","plugin_lib_folder":"\/data\/data\/com.hisense.hicloud.edca\/files\/plugin\/2.1.0.59986\/pluginplayer\/1.64.0.59984\/pluginplayer-release-1.64.0.59984-libs","contain_so":true,"so_count":18,"load_error_count":0,"load_success":true}]
07-05 22:17:53.328 W/StorageStub@193d3924(25214): savePluginInfos>>()
07-05 22:17:53.328 W/StorageManager(25214): savePluginInfo>>()
07-05 22:17:53.329 W/PluginHelper(25214): loadAssetsProvider>>() return com.qiyi.video.plugin.PluginProvider@3d8e23ed
07-05 22:17:53.329 W/PluginHelper(25214): addProviders<<(provider=com.qiyi.video.plugin.PluginProvider@3d8e23ed)
07-05 22:17:53.329 W/PluginHelper(25214): addProviders>>()
07-05 22:17:53.330 W/PluginHelper(25214): handleMessage<<(msg={ when=-1ms what=1 target=com.qiyi.sdk.plugin.server.core.PluginHelper$TimerHandler })
