07-06 01:13:44.485 I/ContentBridgeAdapterListener(25513): onAddPresenter 3
07-06 01:13:44.503 I/ContentBridgeAdapterListener(25513): onCreate ViewHolder{39dacdaf position=-1 id=-1, oldPos=-1, pLpos:-1 unbound no parent}
07-06 01:13:44.504 I/BaseContentFragment(25513): setUpSharedViewPoolViewHolder{39dacdaf position=-1 id=-1, oldPos=-1, pLpos:-1 unbound no parent}
07-06 01:13:44.505 I/BaseContentFragment(25513): share view pool
07-06 01:13:44.505 I/BaseContentFragment(25513): setRowViewSelectedViewHolder{39dacdaf position=-1 id=-1, oldPos=-1, pLpos:-1 unbound no parent},isSelectedfalse
07-06 01:13:44.505 I/head    (25513): item=com.hisense.tvui.newhome.presenter.TwoLineListRow@112f15bc
07-06 01:13:44.506 I/ContentBridgeAdapterListener(25513): onBind 
07-06 01:13:44.508 I/ContentBridgeAdapterListener(25513): onAttachedToWindow ViewHolder{39dacdaf position=3 id=-1, oldPos=-1, pLpos:-1}
07-06 01:13:44.517 I/CardSelectionPresenter(25513): onCreateViewHoldercom.hisense.leanback.widget.HorizontalGridView{3513b945 VFE..... ......I. 0,0-0,0 #7f0d038e app:id/row_content}
07-06 01:13:44.532 I/CardSelectionPresenter(25513): onBindViewHolder
07-06 01:13:44.532 D/sloven  (25513): 1002---true
07-06 01:13:44.533 I/CardSelectionPresenter(25513): width=390,height=220
07-06 01:13:44.566 D/hailongqiu(25513): hailongqiu position:0
07-06 01:13:44.570 I/CardSelectionPresenter(25513): onCreateViewHoldercom.hisense.leanback.widget.HorizontalGridView{3513b945 VFE..... ......ID 0,0-1738,588 #7f0d038e app:id/row_content}
07-06 01:13:44.586 I/CardSelectionPresenter(25513): onBindViewHolder
07-06 01:13:44.586 D/sloven  (25513): 1002---true
07-06 01:13:44.586 I/CardSelectionPresenter(25513): width=390,height=220
07-06 01:13:44.591 I/CardSelectionPresenter(25513): onCreateViewHoldercom.hisense.leanback.widget.HorizontalGridView{3513b945 VFE..... ......ID 0,0-1738,588 #7f0d038e app:id/row_content}
07-06 01:13:44.597 I/CardSelectionPresenter(25513): onBindViewHolder
07-06 01:13:44.597 D/sloven  (25513): 1002---true
07-06 01:13:44.597 I/CardSelectionPresenter(25513): width=400,height=220
07-06 01:13:44.601 I/CardSelectionPresenter(25513): onCreateViewHoldercom.hisense.leanback.widget.HorizontalGridView{3513b945 VFE..... ......ID 0,0-1738,588 #7f0d038e app:id/row_content}
07-06 01:13:44.609 I/CardSelectionPresenter(25513): onBindViewHolder
07-06 01:13:44.609 D/sloven  (25513): 1002---true
07-06 01:13:44.609 I/CardSelectionPresenter(25513): width=400,height=220
07-06 01:13:44.615 I/CardSelectionPresenter(25513): onCreateViewHoldercom.hisense.leanback.widget.HorizontalGridView{3513b945 VFE..... ......ID 0,0-1738,588 #7f0d038e app:id/row_content}
07-06 01:13:44.622 I/CardSelectionPresenter(25513): onBindViewHolder
07-06 01:13:44.622 D/sloven  (25513): 1002---true
07-06 01:13:44.622 I/CardSelectionPresenter(25513): width=400,height=220
07-06 01:13:44.627 I/CardSelectionPresenter(25513): onCreateViewHoldercom.hisense.leanback.widget.HorizontalGridView{3513b945 VFE..... ......ID 0,0-1738,588 #7f0d038e app:id/row_content}
07-06 01:13:44.633 I/CardSelectionPresenter(25513): onBindViewHolder
07-06 01:13:44.633 D/sloven  (25513): 1002---true
07-06 01:13:44.633 I/CardSelectionPresenter(25513): width=400,height=220
07-06 01:13:44.637 I/CardSelectionPresenter(25513): onCreateViewHoldercom.hisense.leanback.widget.HorizontalGridView{3513b945 VFE..... ......ID 0,0-1738,588 #7f0d038e app:id/row_content}
07-06 01:13:44.643 I/CardSelectionPresenter(25513): onBindViewHolder
07-06 01:13:44.643 D/sloven  (25513): 2005---false
07-06 01:13:44.643 D/sloven  (25513): 2005
07-06 01:13:44.644 I/CardSelectionPresenter(25513): width=400,height=220
07-06 01:13:44.649 I/CardSelectionPresenter(25513): onCreateViewHoldercom.hisense.leanback.widget.HorizontalGridView{3513b945 VFE..... ......ID 0,0-1738,588 #7f0d038e app:id/row_content}
07-06 01:13:44.654 I/CardSelectionPresenter(25513): onBindViewHolder
07-06 01:13:44.655 D/sloven  (25513): 2005---false
07-06 01:13:44.655 D/sloven  (25513): 2005
07-06 01:13:44.655 I/CardSelectionPresenter(25513): width=400,height=220
07-06 01:13:44.658 I/CardSelectionPresenter(25513): onCreateViewHoldercom.hisense.leanback.widget.HorizontalGridView{3513b945 VFE..... ......ID 0,0-1738,588 #7f0d038e app:id/row_content}
07-06 01:13:44.665 I/CardSelectionPresenter(25513): onBindViewHolder
07-06 01:13:44.665 D/sloven  (25513): 2005---false
07-06 01:13:44.665 D/sloven  (25513): 2005
07-06 01:13:44.666 I/CardSelectionPresenter(25513): width=400,height=220
07-06 01:13:44.668 I/CardSelectionPresenter(25513): onCreateViewHoldercom.hisense.leanback.widget.HorizontalGridView{3513b945 VFE..... ......ID 0,0-1738,588 #7f0d038e app:id/row_content}
07-06 01:13:44.674 I/CardSelectionPresenter(25513): onBindViewHolder
07-06 01:13:44.674 D/sloven  (25513): 2005---false
07-06 01:13:44.674 D/sloven  (25513): 2005
07-06 01:13:44.675 I/CardSelectionPresenter(25513): width=400,height=220
07-06 01:13:44.679 I/NetflixMonitorService( 1733): current fgapk : com.hisense.hicloud.edca
07-06 01:13:44.680 I/NetflixMonitorService( 1733): Netflix status unchanged
07-06 01:13:44.680 I/MyFragmentStateAdapter(25513): getCount
07-06 01:13:44.680 I/MyFragmentStateAdapter(25513): getCount
07-06 01:13:44.680 I/MyFragmentStateAdapter(25513): getCount
07-06 01:13:44.681 I/MyFragmentStateAdapter(25513): getCount
07-06 01:13:44.682 I/FirstLineAdapter(25513): canShowTrailer,isOffline=false
07-06 01:13:44.682 I/FirstLineAdapter(25513): canShowTrailer,isOffline=false
07-06 01:13:44.682 I/FirstLineAdapter(25513): canShowTrailer,isOffline=false
07-06 01:13:44.683 I/FirstLineAdapter(25513): canShowTrailer,isOffline=false
07-06 01:13:44.683 I/FirstLineAdapter(25513): canShowTrailer,isOffline=false
07-06 01:13:44.683 I/FirstLineAdapter(25513): canShowTrailer,isOffline=false
07-06 01:13:44.683 I/FirstLineAdapter(25513): canShowTrailer,isOffline=false
07-06 01:13:44.683 I/FirstLineAdapter(25513): canShowTrailer,isOffline=false
07-06 01:13:44.683 I/FirstLineAdapter(25513): canShowTrailer,isOffline=false
07-06 01:13:44.686 I/TVMW@HsTvSetting( 1234): Trace cmd, data = 0x1058
07-06 01:13:44.686 D/til@system( 2026): til_get_system_param option:100002F int:0, bool:0, ret:0
07-06 01:13:44.686 I/TVMW@HsTvSetting( 1234): Trace cmd, data = 0x101f
07-06 01:13:44.686 D/til@system( 2026): til_get_system_param option:100001D int:3, bool:3, ret:0
07-06 01:13:44.686 E/til     ( 2026): [til_get_current_input_source, 101] 
07-06 01:13:44.686 I/TVMW@HsTvSetting( 1234): Trace cmd, data = 0x7007
07-06 01:13:44.687 I/tilwrapper@sm( 2026): HS2TIL_SourceType *hs=0xd, *til=0x900
07-06 01:13:44.687 D/til     ( 2026): get current source 2304
07-06 01:13:44.687 D/SourceRemoteServiceHandler( 2026): getCurrentInputSource.from.til.result is 0, value is 2304
07-06 01:13:44.687 D/SourceRemoteServiceHandler( 2026): getInputSourceType source: 0x900, type=2304
07-06 01:13:44.687 D/til     ( 2026): ###### func:til_get_picture_param option:0x3000006 ######  
07-06 01:13:44.687 I/TVMW@HsTvSetting( 1234): Trace cmd, data = 0x1003
07-06 01:13:44.688 I/TVMW@HsTvSetting( 1234): Trace cmd, data = 0x8032
07-06 01:13:44.688 I/hstvos  ( 1216): [0m[1;33m[HSHAL][HS_VIDEO][HS_HAL_Video_SetOsdDetect_v2][2389]u16Threshold = 20
07-06 01:13:44.688 E/TVMW@videoctrl( 1234):  getOsd is 1
07-06 01:13:44.688 D/til@system( 2026): til_get_system_param option:1000027 int:1, bool:1, ret:0
07-06 01:13:44.689 D/Carousel-CarouselView(25513): ============>onScrollChanged hashCode:1062330551
07-06 01:13:44.689 D/Carousel-CarouselDisplayPlayerLayout(25513): isFullScreen:false
07-06 01:13:44.689 D/til     ( 2026): ###### func:til_get_picture_param option:0x3000045 ######  
07-06 01:13:44.689 I/TVMW@HsTvSetting( 1234): Trace cmd, data = 0x300c
07-06 01:13:44.689 I/TVMW@HsTvSetting( 1234): Trace 3d, data = 0x300c
07-06 01:13:44.689 I/TVMW@3d ( 1234): Hs_debug3d_trace: func:get3dStatus, line:109
07-06 01:13:44.694 E/HDMI_CEC( 1733): Send Message TO[5] 
07-06 01:13:44.694 E/HDMI_CEC( 1733): OP[0], <Feature Abort> 
07-06 01:13:44.694 E/HDMI_CEC( 1733): ========
07-06 01:13:44.708 I/MyFragmentStateAdapter(25513): getCount
07-06 01:13:44.724 I/TVMW@devctrl( 1234): wdt
07-06 01:13:44.731 I/MyFragmentStateAdapter(25513): getCount
07-06 01:13:44.746 D/Carousel-CarouselDisplayPlayerLayout(25513): HasFocus:false,keyCode:20
07-06 01:13:44.746 D/Carousel-CarouselDisplayPlayerLayout(25513): isFullScreen:false
07-06 01:13:44.746 I/HomeMainActivity(25513): carousel handle key:false
07-06 01:13:44.747 D/Carousel-CarouselView(25513): setPosterAndStopPlay! hashCode=1062330551, sWorkingHashCode=1062330551
07-06 01:13:44.747 D/Carousel-CarouselDisplayPlayerLayout(25513): isFullScreen:false
07-06 01:13:44.747 D/Carousel-Utils(25513): displayImage view=android.widget.ImageView{2f6d578d G.ED.... ........ 0,0-816,460 #7f0d0029 app:id/imageView1}
07-06 01:13:44.747 D/Carousel-Utils(25513): displayImage url=http://picture.edu.hismarttv.com/images/20170629010146422927.jpg
07-06 01:13:44.747 D/Carousel-Utils(25513): onResourceReady.
07-06 01:13:44.748 D/DtvSourcePlugin-DVBC( 4289): Setting the EPG Updater state to: WAIT
07-06 01:13:44.751 D/Carousel-Utils(25513): displayImage view=android.widget.ImageView{2feb314e G.ED.... ........ 0,0-816,460 #7f0d0029 app:id/imageView1}
07-06 01:13:44.751 D/Carousel-Utils(25513): displayImage url=http://picture.edu.hismarttv.com/images/20170629010146422927.jpg
07-06 01:13:44.751 D/Carousel-Utils(25513): onResourceReady.
07-06 01:13:44.753 D/Carousel-CarouselDisplayPlayerLayout(25513): isFullScreen:false
07-06 01:13:44.759 I/ContentBridgeAdapterListener(25513): onDetachedFromWindow ViewHolder{2a4f842a position=0 id=-1, oldPos=-1, pLpos:-1}
07-06 01:13:44.760 V/InputMethodService( 2203): startInput(): editor=android.view.inputmethod.EditorInfo@10cc1e67
07-06 01:13:44.760 V/InputMethodService( 2203): CALL: onFinishInput
07-06 01:13:44.760 I/MyFragmentStateAdapter(25513): getCount
07-06 01:13:44.760 I/MyFragmentStateAdapter(25513): getCount
07-06 01:13:44.760 I/MyFragmentStateAdapter(25513): getCount
07-06 01:13:44.761 I/MyFragmentStateAdapter(25513): getCount
07-06 01:13:44.761 E/SOGOUIME_JNI( 2203): reset
07-06 01:13:44.761 E/SOGOUIME_JNI( 2203): getCandidates
07-06 01:13:44.761 E/SOGOUIME_JNI( 2203): ime_get_uncommitted_length
07-06 01:13:44.761 E/SOGOUIME_JNI( 2203): getCandidates
07-06 01:13:44.762 D/SogouIME API( 2203): ==============num:32
07-06 01:13:44.762 E/SOGOUIME_JNI( 2203): ime_get_uncommitted_length
07-06 01:13:44.762 D/SogouIME( 2203): mFocusedComponent:30   isHkbEnable:false
07-06 01:13:44.762 E/SOGOUIME_JNI( 2203): ime_get_uncommitted_length
07-06 01:13:44.762 E/SOGOUIME_JNI( 2203): ime_get_committed_length
07-06 01:13:44.762 E/SOGOUIME_JNI( 2203): getComposingInfo
07-06 01:13:44.762 E/SOGOUIME_JNI( 2203): getComposingInfo
07-06 01:13:44.762 E/SOGOUIME_JNI( 2203): getCorrectInfo
07-06 01:13:44.762 E/SOGOUIME_JNI( 2203): getComposingInfo
07-06 01:13:44.762 D/Surface ( 1733): onStatusChange() : mNativeObject = 547334952960 mUseImageHwRender = false
07-06 01:13:44.762 V/Surface ( 1733): nativeSetHardwareRender() : status = 0
07-06 01:13:44.762 V/Surface ( 1733): nativeSetHardwareRender() : end
07-06 01:13:44.764 V/InputMethodService( 2203): CALL: onStartInput
07-06 01:13:44.764 E/SOGOUIME_JNI( 2203): invalidateCommitWordPinyinNative
07-06 01:13:44.764 D/SogouIME( 2203): =====configKeyboard=======:false     false
07-06 01:13:44.764 E/SOGOUIME_JNI( 2203): ime_set_hard_kb_enable
07-06 01:13:44.764 E/HDMI_CEC( 1733): MI_CEC_SendTxPolling, ErrCode[4] 
07-06 01:13:44.764 D/PowerManagerService( 1733): releaseWakeLockInternal: lock=487931605 [WindowManager], flags=0x0
07-06 01:13:44.765 D/PowerManagerNotifier( 1733): onWakeLockReleased: flags=536870922, tag="WindowManager", packageName=android, ownerUid=1000, ownerPid=1733, workSource=WorkSource{10010}
07-06 01:13:44.765 D/PowerManagerService( 1733): userActivityNoUpdateLocked: eventTime=23666336, event=0, flags=0x1, uid=1000
07-06 01:13:44.765 D/PowerManagerService( 1733): setScreenBrightnessOverrideFromWindowManagerInternal done
07-06 01:13:44.768 D/Surface ( 1733): onStatusChange() : mNativeObject = 0 mUseImageHwRender = false
07-06 01:13:44.769 I/FirstLineAdapter(25513): canShowTrailer,isOffline=false
07-06 01:13:44.769 I/FirstLineAdapter(25513): canShowTrailer,isOffline=false
07-06 01:13:44.769 I/FirstLineAdapter(25513): canShowTrailer,isOffline=false
07-06 01:13:44.770 I/FirstLineAdapter(25513): canShowTrailer,isOffline=false
07-06 01:13:44.770 I/FirstLineAdapter(25513): canShowTrailer,isOffline=false
07-06 01:13:44.770 I/FirstLineAdapter(25513): canShowTrailer,isOffline=false
07-06 01:13:44.771 I/FirstLineAdapter(25513): canShowTrailer,isOffline=false
07-06 01:13:44.771 I/FirstLineAdapter(25513): canShowTrailer,isOffline=false
07-06 01:13:44.771 I/FirstLineAdapter(25513): canShowTrailer,isOffline=false
07-06 01:13:44.776 D/Carousel-CarouselView(25513): ============>onScrollChanged hashCode:1062330551
07-06 01:13:44.776 D/Carousel-CarouselDisplayPlayerLayout(25513): isFullScreen:false
07-06 01:13:44.783 I/MyFragmentStateAdapter(25513): getCount
07-06 01:13:44.788 D/Carousel-CarouselDisplayPlayerLayout(25513): x=380, y=-185,w=892,h=536, hashCode=328813573
07-06 01:13:44.788 D/Carousel-CarouselDisplayPlayerLayout(25513): mX=380, mY=167,mWitdh=892,mHeight=536, hashCode=328813573
07-06 01:13:44.788 D/Carousel-CarouselDisplayPlayerLayout(25513): changed=true, hashCode=328813573
07-06 01:13:44.788 D/Carousel-Utils(25513): x=380,y=-185, width=892,height=536
07-06 01:13:44.788 D/Carousel-CarouselView(25513): onWindowOutScreen!
07-06 01:13:44.788 D/Carousel-CarouselView(25513): OnScrollStart DisplayPlayerLayout isnot shown return.
07-06 01:13:44.798 E/HDMI_CEC( 1733): Sending message can't be response. 
07-06 01:13:44.823 D/Carousel-CarouselDisplayPlayerLayout(25513): x=380, y=-185,w=892,h=536, hashCode=328813573
07-06 01:13:44.823 D/Carousel-CarouselDisplayPlayerLayout(25513): mX=380, mY=-185,mWitdh=892,mHeight=536, hashCode=328813573
07-06 01:13:44.823 D/Carousel-CarouselDisplayPlayerLayout(25513): changed=false, hashCode=328813573
07-06 01:13:44.824 D/Carousel-CarouselDisplayPlayerLayout(25513): extraTryCount=0
07-06 01:13:44.906 D/Carousel-CarouselView(25513): setPosterAndStopPlay! hashCode=1062330551, sWorkingHashCode=1062330551
07-06 01:13:44.906 D/Carousel-CarouselDisplayPlayerLayout(25513): isFullScreen:false
07-06 01:13:44.907 D/Carousel-Utils(25513): displayImage view=android.widget.ImageView{2f6d578d V.ED.... ........ 0,0-816,460 #7f0d0029 app:id/imageView1}
07-06 01:13:44.907 D/Carousel-Utils(25513): displayImage url=http://picture.edu.hismarttv.com/images/20170629010146422927.jpg
07-06 01:13:44.908 D/Carousel-Utils(25513): onResourceReady.
07-06 01:13:44.909 D/Carousel-Utils(25513): displayImage view=android.widget.ImageView{2feb314e V.ED.... ......ID 0,0-816,460 #7f0d0029 app:id/imageView1}
07-06 01:13:44.909 D/Carousel-Utils(25513): displayImage url=http://picture.edu.hismarttv.com/images/20170629010146422927.jpg
07-06 01:13:44.909 D/Carousel-Utils(25513): onResourceReady.
07-06 01:13:44.909 D/Carousel-CarouselDisplayPlayerLayout(25513): isFullScreen:false
07-06 01:13:44.909 D/Carousel-CarouselDisplayPlayerLayout(25513): x=380, y=-185,w=892,h=536, hashCode=328813573
07-06 01:13:44.909 D/Carousel-CarouselDisplayPlayerLayout(25513): mX=380, mY=-185,mWitdh=892,mHeight=536, hashCode=328813573
07-06 01:13:44.909 D/Carousel-CarouselDisplayPlayerLayout(25513): changed=false, hashCode=328813573
07-06 01:13:44.909 D/Carousel-CarouselDisplayPlayerLayout(25513): extraTryCount=1
07-06 01:13:44.938 D/CardItemView(25513): handleFocus subtile===>:
07-06 01:13:44.938 D/HttpHandler(25513): VerifySignInterCeptor-->request.url()=http://picture.edu.hismarttv.com/images/20170630035014817721.jpg
07-06 01:13:44.938 D/HttpHandler(25513): VerifySignInterCeptor-->hostname=picture.edu.hismarttv.com
07-06 01:13:44.939 D/OkHttp  (25513): --> GET http://picture.edu.hismarttv.com/images/20170630035014817721.jpg http/1.1
07-06 01:13:44.939 D/OkHttp  (25513): Host: picture.edu.hismarttv.com
07-06 01:13:44.939 D/OkHttp  (25513): Connection: Keep-Alive
07-06 01:13:44.939 D/OkHttp  (25513): Accept-Encoding: gzip
07-06 01:13:44.939 D/OkHttp  (25513): User-Agent: okhttp/3.6.0
07-06 01:13:44.939 D/OkHttp  (25513): --> END GET
07-06 01:13:44.940 I/MyFragmentStateAdapter(25513): getCount
07-06 01:13:44.940 I/MyFragmentStateAdapter(25513): getCount
07-06 01:13:44.940 I/MyFragmentStateAdapter(25513): getCount
07-06 01:13:44.940 I/MyFragmentStateAdapter(25513): getCount
07-06 01:13:44.940 I/FirstLineAdapter(25513): canShowTrailer,isOffline=false
07-06 01:13:44.940 I/FirstLineAdapter(25513): canShowTrailer,isOffline=false
07-06 01:13:44.940 I/FirstLineAdapter(25513): canShowTrailer,isOffline=false
07-06 01:13:44.940 I/FirstLineAdapter(25513): canShowTrailer,isOffline=false
07-06 01:13:44.940 I/FirstLineAdapter(25513): canShowTrailer,isOffline=false
07-06 01:13:44.941 I/FirstLineAdapter(25513): canShowTrailer,isOffline=false
07-06 01:13:44.941 I/FirstLineAdapter(25513): canShowTrailer,isOffline=false
07-06 01:13:44.941 I/FirstLineAdapter(25513): canShowTrailer,isOffline=false
07-06 01:13:44.941 I/FirstLineAdapter(25513): canShowTrailer,isOffline=false
07-06 01:13:44.945 D/HttpHandler(25513): VerifySignInterCeptor-->request.url()=http://picture.edu.hismarttv.com/images/20170629/%E5%A4%9A%E7%91%9E%E5%84%BF%E6%AD%8C.jpg
07-06 01:13:44.945 D/HttpHandler(25513): VerifySignInterCeptor-->request.url()=http://picture.edu.hismarttv.com/images/20170628233313068112.jpg
07-06 01:13:44.945 D/HttpHandler(25513): VerifySignInterCeptor-->hostname=picture.edu.hismarttv.com
07-06 01:13:44.946 D/HttpHandler(25513): VerifySignInterCeptor-->hostname=picture.edu.hismarttv.com
07-06 01:13:44.947 D/OkHttp  (25513): --> GET http://picture.edu.hismarttv.com/images/20170628233313068112.jpg http/1.1
07-06 01:13:44.947 D/OkHttp  (25513): Host: picture.edu.hismarttv.com
07-06 01:13:44.947 D/OkHttp  (25513): Connection: Keep-Alive
07-06 01:13:44.947 D/OkHttp  (25513): Accept-Encoding: gzip
07-06 01:13:44.947 D/OkHttp  (25513): User-Agent: okhttp/3.6.0
07-06 01:13:44.947 D/OkHttp  (25513): --> END GET
07-06 01:13:44.948 D/OkHttp  (25513): --> GET http://picture.edu.hismarttv.com/images/20170629/%E5%A4%9A%E7%91%9E%E5%84%BF%E6%AD%8C.jpg http/1.1
07-06 01:13:44.948 D/OkHttp  (25513): Host: picture.edu.hismarttv.com
07-06 01:13:44.948 D/OkHttp  (25513): Connection: Keep-Alive
07-06 01:13:44.948 D/OkHttp  (25513): Accept-Encoding: gzip
07-06 01:13:44.948 D/OkHttp  (25513): User-Agent: okhttp/3.6.0
07-06 01:13:44.948 D/OkHttp  (25513): --> END GET
07-06 01:13:44.950 I/MyFragmentStateAdapter(25513): getCount
07-06 01:13:44.955 D/Carousel-CarouselDisplayPlayerLayout(25513): x=380, y=-185,w=892,h=536, hashCode=328813573
07-06 01:13:44.955 D/Carousel-CarouselDisplayPlayerLayout(25513): mX=380, mY=-185,mWitdh=892,mHeight=536, hashCode=328813573
07-06 01:13:44.955 D/Carousel-CarouselDisplayPlayerLayout(25513): changed=false, hashCode=328813573
07-06 01:13:44.955 D/Carousel-CarouselDisplayPlayerLayout(25513): extraTryCount=2
07-06 01:13:44.956 D/HttpHandler(25513): VerifySignInterCeptor-->request.url()=http://picture.edu.hismarttv.com/images/20170628233246121281.jpg
07-06 01:13:44.956 D/HttpHandler(25513): VerifySignInterCeptor-->hostname=picture.edu.hismarttv.com
07-06 01:13:44.957 D/Carousel-CarouselDisplayPlayerLayout(25513): x=380, y=-185,w=892,h=536, hashCode=328813573
07-06 01:13:44.957 D/Carousel-CarouselDisplayPlayerLayout(25513): mX=380, mY=-185,mWitdh=892,mHeight=536, hashCode=328813573
07-06 01:13:44.957 D/Carousel-CarouselDisplayPlayerLayout(25513): changed=false, hashCode=328813573
07-06 01:13:44.957 D/Carousel-CarouselDisplayPlayerLayout(25513): extraTryCount=3
07-06 01:13:44.958 D/OkHttp  (25513): --> GET http://picture.edu.hismarttv.com/images/20170628233246121281.jpg http/1.1
07-06 01:13:44.958 D/OkHttp  (25513): Host: picture.edu.hismarttv.com
07-06 01:13:44.958 D/OkHttp  (25513): Connection: Keep-Alive
07-06 01:13:44.958 D/OkHttp  (25513): Accept-Encoding: gzip
07-06 01:13:44.958 D/OkHttp  (25513): User-Agent: okhttp/3.6.0
07-06 01:13:44.958 D/OkHttp  (25513): --> END GET
07-06 01:13:44.968 D/Carousel-CarouselDisplayPlayerLayout(25513): x=380, y=-185,w=892,h=536, hashCode=328813573
07-06 01:13:44.968 D/Carousel-CarouselDisplayPlayerLayout(25513): mX=380, mY=-185,mWitdh=892,mHeight=536, hashCode=328813573
07-06 01:13:44.968 D/Carousel-CarouselDisplayPlayerLayout(25513): changed=false, hashCode=328813573
07-06 01:13:44.968 D/Carousel-CarouselDisplayPlayerLayout(25513): extraTryCount=4
07-06 01:13:44.970 D/Carousel-CarouselDisplayPlayerLayout(25513): x=380, y=-185,w=892,h=536, hashCode=328813573
07-06 01:13:44.970 D/Carousel-CarouselDisplayPlayerLayout(25513): mX=380, mY=-185,mWitdh=892,mHeight=536, hashCode=328813573
07-06 01:13:44.970 D/Carousel-CarouselDisplayPlayerLayout(25513): changed=false, hashCode=328813573
07-06 01:13:44.970 D/Carousel-CarouselDisplayPlayerLayout(25513): extraTryCount=5
07-06 01:13:44.994 D/OkHttp  (25513): <-- 200 OK http://picture.edu.hismarttv.com/images/20170629/%E5%A4%9A%E7%91%9E%E5%84%BF%E6%AD%8C.jpg (45ms)
07-06 01:13:44.994 D/OkHttp  (25513): Date: Wed, 05 Jul 2017 14:21:03 GMT
07-06 01:13:44.994 D/OkHttp  (25513): Server: nginx
07-06 01:13:44.994 D/OkHttp  (25513): Content-Type: image/jpeg
07-06 01:13:44.994 D/OkHttp  (25513): Content-Length: 197050
07-06 01:13:44.994 D/OkHttp  (25513): Last-Modified: Fri, 09 Jun 2017 14:50:58 GMT
07-06 01:13:44.994 D/OkHttp  (25513): ETag: "593ab5d2-301ba"
07-06 01:13:44.994 D/OkHttp  (25513): Accept-Ranges: bytes
07-06 01:13:44.994 D/OkHttp  (25513): Age: 10361
07-06 01:13:44.994 D/OkHttp  (25513): Via: 1.1 wangt170:7 (Cdn Cache Server V2.0)[0 200 0], 1.1 PSahmaswt2en210:1 (Cdn Cache Server V2.0)[0 200 0]
07-06 01:13:44.994 D/OkHttp  (25513): Connection: keep-alive
07-06 01:13:44.994 D/OkHttp  (25513): <-- END HTTP
07-06 01:13:44.996 D/OkHttp  (25513): <-- 200 OK http://picture.edu.hismarttv.com/images/20170628233246121281.jpg (38ms)
07-06 01:13:44.996 D/OkHttp  (25513): Date: Wed, 05 Jul 2017 14:15:01 GMT
07-06 01:13:44.996 D/OkHttp  (25513): Server: nginx
07-06 01:13:44.996 D/OkHttp  (25513): Content-Type: image/jpeg
07-06 01:13:44.996 D/OkHttp  (25513): Content-Length: 50603
07-06 01:13:44.996 D/OkHttp  (25513): Last-Modified: Wed, 28 Jun 2017 23:32:46 GMT
07-06 01:13:44.996 D/OkHttp  (25513): ETag: "59543c9e-c5ab"
07-06 01:13:44.996 D/OkHttp  (25513): Accept-Ranges: bytes
07-06 01:13:44.996 D/OkHttp  (25513): Age: 10723
07-06 01:13:44.996 D/OkHttp  (25513): Via: 1.1 zhiwtong176:0 (Cdn Cache Server V2.0)[0 200 0], 1.1 PSahmaswt2vv209:3 (Cdn Cache Server V2.0)[0 200 0]
07-06 01:13:44.997 D/OkHttp  (25513): Connection: keep-alive
07-06 01:13:44.997 D/OkHttp  (25513): <-- END HTTP
07-06 01:13:45.001 D/Carousel-CarouselDisplayPlayerLayout(25513): x=380, y=-185,w=892,h=536, hashCode=328813573
07-06 01:13:45.001 D/Carousel-CarouselDisplayPlayerLayout(25513): mX=380, mY=-185,mWitdh=892,mHeight=536, hashCode=328813573
07-06 01:13:45.001 D/Carousel-CarouselDisplayPlayerLayout(25513): changed=false, hashCode=328813573
07-06 01:13:45.001 D/Carousel-CarouselDisplayPlayerLayout(25513): extraTryCount=6
07-06 01:13:45.001 D/Carousel-CarouselDisplayPlayerLayout(25513): x=380, y=-185,w=892,h=536, hashCode=328813573
07-06 01:13:45.001 D/Carousel-CarouselDisplayPlayerLayout(25513): mX=380, mY=-185,mWitdh=892,mHeight=536, hashCode=328813573
07-06 01:13:45.001 D/Carousel-CarouselDisplayPlayerLayout(25513): changed=false, hashCode=328813573
07-06 01:13:45.001 D/Carousel-CarouselDisplayPlayerLayout(25513): extraTryCount=7
07-06 01:13:45.002 D/HttpHandler(25513): RetryIntercepter-->retryNum=0
07-06 01:13:45.002 D/HttpHandler(25513): RetryIntercepter-->backoffmutiplier=0
07-06 01:13:45.015 D/HttpHandler(25513): RetryIntercepter-->retryNum=0
07-06 01:13:45.015 D/HttpHandler(25513): RetryIntercepter-->backoffmutiplier=0
07-06 01:13:45.017 D/Carousel-CarouselDisplayPlayerLayout(25513): x=380, y=-185,w=892,h=536, hashCode=328813573
07-06 01:13:45.017 D/Carousel-CarouselDisplayPlayerLayout(25513): mX=380, mY=-185,mWitdh=892,mHeight=536, hashCode=328813573
07-06 01:13:45.017 D/Carousel-CarouselDisplayPlayerLayout(25513): changed=false, hashCode=328813573
07-06 01:13:45.017 D/Carousel-CarouselDisplayPlayerLayout(25513): extraTryCount=8
07-06 01:13:45.017 D/Carousel-CarouselDisplayPlayerLayout(25513): x=380, y=-185,w=892,h=536, hashCode=328813573
07-06 01:13:45.017 D/Carousel-CarouselDisplayPlayerLayout(25513): mX=380, mY=-185,mWitdh=892,mHeight=536, hashCode=328813573
07-06 01:13:45.017 D/Carousel-CarouselDisplayPlayerLayout(25513): changed=false, hashCode=328813573
07-06 01:13:45.017 D/Carousel-CarouselDisplayPlayerLayout(25513): extraTryCount=9
07-06 01:13:45.040 I/MyFragmentStateAdapter(25513): getCount
07-06 01:13:45.049 D/OkHttp  (25513): <-- 200 OK http://picture.edu.hismarttv.com/images/20170628233313068112.jpg (102ms)
07-06 01:13:45.049 D/OkHttp  (25513): Date: Tue, 04 Jul 2017 05:26:22 GMT
07-06 01:13:45.049 D/OkHttp  (25513): Server: nginx
07-06 01:13:45.050 D/OkHttp  (25513): Content-Type: image/jpeg
07-06 01:13:45.050 D/OkHttp  (25513): Content-Length: 61038
07-06 01:13:45.050 D/OkHttp  (25513): Last-Modified: Wed, 28 Jun 2017 23:33:13 GMT
07-06 01:13:45.050 D/OkHttp  (25513): ETag: "59543cb9-ee6e"
07-06 01:13:45.050 D/OkHttp  (25513): Accept-Ranges: bytes
07-06 01:13:45.050 D/OkHttp  (25513): Age: 128842
07-06 01:13:45.050 D/OkHttp  (25513): Via: 1.1 jnwt244:1 (Cdn Cache Server V2.0)[11 200 0], 1.1 changwtong52:3 (Cdn Cache Server V2.0)[51 200 0]
07-06 01:13:45.050 D/OkHttp  (25513): Connection: keep-alive
07-06 01:13:45.050 D/OkHttp  (25513): <-- END HTTP
07-06 01:13:45.067 D/Carousel-CarouselDisplayPlayerLayout(25513): x=380, y=-185,w=892,h=536, hashCode=328813573
07-06 01:13:45.067 D/Carousel-CarouselDisplayPlayerLayout(25513): mX=380, mY=-185,mWitdh=892,mHeight=536, hashCode=328813573
07-06 01:13:45.067 D/Carousel-CarouselDisplayPlayerLayout(25513): changed=false, hashCode=328813573
07-06 01:13:45.067 D/Carousel-CarouselDisplayPlayerLayout(25513): isFullScreen:false
07-06 01:13:45.067 D/Carousel-CarouselView(25513): ===========>mDisplayPlayerLayout.getVisibility()=8
07-06 01:13:45.068 D/Carousel-CarouselView(25513): OnScrollEnd Visibility is gone return.
07-06 01:13:45.069 I/MiSysSrv( 1214): [37m[INFO] Change to Voltage: 117 mv (0x32)[m
07-06 01:13:45.091 I/MyFragmentStateAdapter(25513): getCount
07-06 01:13:45.100 D/HttpHandler(25513): RetryIntercepter-->retryNum=0
07-06 01:13:45.100 D/HttpHandler(25513): RetryIntercepter-->backoffmutiplier=0
07-06 01:13:45.136 D/OkHttp  (25513): <-- 200 OK http://picture.edu.hismarttv.com/images/20170630035014817721.jpg (196ms)
07-06 01:13:45.136 D/OkHttp  (25513): Date: Tue, 04 Jul 2017 03:17:57 GMT
07-06 01:13:45.136 D/OkHttp  (25513): Server: nginx
07-06 01:13:45.136 D/OkHttp  (25513): Content-Type: image/jpeg
07-06 01:13:45.136 D/OkHttp  (25513): Content-Length: 108221
07-06 01:13:45.136 D/OkHttp  (25513): Last-Modified: Fri, 30 Jun 2017 03:50:14 GMT
07-06 01:13:45.136 D/OkHttp  (25513): ETag: "5955ca76-1a6bd"
07-06 01:13:45.136 D/OkHttp  (25513): Accept-Ranges: bytes
07-06 01:13:45.136 D/OkHttp  (25513): Age: 136548
07-06 01:13:45.139 I/MyFragmentStateAdapter(25513): getCount
07-06 01:13:45.136 D/OkHttp  (25513): Via: 1.1 hewangtong169:9 (Cdn Cache Server V2.0)[23 200 0], 1.1 echwt51:3 (Cdn Cache Server V2.0)[175 200 0]
07-06 01:13:45.140 D/OkHttp  (25513): Connection: keep-alive
07-06 01:13:45.140 D/OkHttp  (25513): <-- END HTTP
07-06 01:13:45.143 D/HttpHandler(25513): RetryIntercepter-->retryNum=0
07-06 01:13:45.144 D/HttpHandler(25513): RetryIntercepter-->backoffmutiplier=0
07-06 01:13:45.191 D/HttpHandler(25513): VerifySignInterCeptor-->request.url()=http://picture.edu.hismarttv.com/images/20170630060938851994.jpg
07-06 01:13:45.191 D/HttpHandler(25513): VerifySignInterCeptor-->hostname=picture.edu.hismarttv.com
07-06 01:13:45.191 I/TVMW@HsTvSetting( 1234): Trace cmd, data = 0x1058
07-06 01:13:45.191 D/til@system( 2026): til_get_system_param option:100002F int:0, bool:0, ret:0
07-06 01:13:45.191 I/TVMW@HsTvSetting( 1234): Trace cmd, data = 0x101f
07-06 01:13:45.192 D/til@system( 2026): til_get_system_param option:100001D int:3, bool:3, ret:0
07-06 01:13:45.192 E/til     ( 2026): [til_get_current_input_source, 101] 
07-06 01:13:45.192 I/TVMW@HsTvSetting( 1234): Trace cmd, data = 0x7007
07-06 01:13:45.192 I/tilwrapper@sm( 2026): HS2TIL_SourceType *hs=0xd, *til=0x900
07-06 01:13:45.192 D/til     ( 2026): get current source 2304
07-06 01:13:45.192 D/SourceRemoteServiceHandler( 2026): getCurrentInputSource.from.til.result is 0, value is 2304
07-06 01:13:45.192 D/SourceRemoteServiceHandler( 2026): getInputSourceType source: 0x900, type=2304
07-06 01:13:45.192 D/OkHttp  (25513): --> GET http://picture.edu.hismarttv.com/images/20170630060938851994.jpg http/1.1
07-06 01:13:45.192 D/til     ( 2026): ###### func:til_get_picture_param option:0x3000006 ######  
07-06 01:13:45.192 D/OkHttp  (25513): Host: picture.edu.hismarttv.com
07-06 01:13:45.192 I/TVMW@HsTvSetting( 1234): Trace cmd, data = 0x1003
07-06 01:13:45.192 D/OkHttp  (25513): Connection: Keep-Alive
07-06 01:13:45.192 D/OkHttp  (25513): Accept-Encoding: gzip
07-06 01:13:45.192 D/OkHttp  (25513): User-Agent: okhttp/3.6.0
07-06 01:13:45.192 D/OkHttp  (25513): --> END GET
07-06 01:13:45.192 I/TVMW@HsTvSetting( 1234): Trace cmd, data = 0x8032
07-06 01:13:45.193 I/hstvos  ( 1216): [0m[1;33m[HSHAL][HS_VIDEO][HS_HAL_Video_SetOsdDetect_v2][2389]u16Threshold = 20
07-06 01:13:45.193 E/TVMW@videoctrl( 1234):  getOsd is 1
07-06 01:13:45.193 D/til@system( 2026): til_get_system_param option:1000027 int:1, bool:1, ret:0
07-06 01:13:45.193 D/til     ( 2026): ###### func:til_get_picture_param option:0x3000045 ######  
07-06 01:13:45.193 I/TVMW@HsTvSetting( 1234): Trace cmd, data = 0x300c
07-06 01:13:45.194 I/TVMW@HsTvSetting( 1234): Trace 3d, data = 0x300c
07-06 01:13:45.194 I/TVMW@3d ( 1234): Hs_debug3d_trace: func:get3dStatus, line:109
07-06 01:13:45.204 I/MyFragmentStateAdapter(25513): getCount
07-06 01:13:45.204 I/MyFragmentStateAdapter(25513): getCount
07-06 01:13:45.204 I/MyFragmentStateAdapter(25513): getCount
07-06 01:13:45.204 I/MyFragmentStateAdapter(25513): getCount
07-06 01:13:45.204 D/HttpHandler(25513): VerifySignInterCeptor-->request.url()=http://picture.edu.hismarttv.com/images/
07-06 01:13:45.204 D/HttpHandler(25513): VerifySignInterCeptor-->hostname=picture.edu.hismarttv.com
07-06 01:13:45.205 D/OkHttp  (25513): --> GET http://picture.edu.hismarttv.com/images/ http/1.1
07-06 01:13:45.205 D/OkHttp  (25513): Host: picture.edu.hismarttv.com
07-06 01:13:45.205 D/OkHttp  (25513): Connection: Keep-Alive
07-06 01:13:45.205 D/OkHttp  (25513): Accept-Encoding: gzip
07-06 01:13:45.205 D/OkHttp  (25513): User-Agent: okhttp/3.6.0
07-06 01:13:45.205 D/OkHttp  (25513): --> END GET
07-06 01:13:45.213 I/MyFragmentStateAdapter(25513): getCount
07-06 01:13:45.233 I/MyFragmentStateAdapter(25513): getCount
07-06 01:13:45.233 I/MyFragmentStateAdapter(25513): getCount
07-06 01:13:45.234 I/MyFragmentStateAdapter(25513): getCount
07-06 01:13:45.234 I/MyFragmentStateAdapter(25513): getCount
07-06 01:13:45.249 D/HttpHandler(25513): VerifySignInterCeptor-->request.url()=http://picture.edu.hismarttv.com/images/20170630060711088714.jpg
07-06 01:13:45.249 D/HttpHandler(25513): VerifySignInterCeptor-->hostname=picture.edu.hismarttv.com
07-06 01:13:45.250 D/OkHttp  (25513): --> GET http://picture.edu.hismarttv.com/images/20170630060711088714.jpg http/1.1
07-06 01:13:45.250 D/OkHttp  (25513): Host: picture.edu.hismarttv.com
07-06 01:13:45.250 D/OkHttp  (25513): Connection: Keep-Alive
07-06 01:13:45.250 D/OkHttp  (25513): Accept-Encoding: gzip
07-06 01:13:45.250 D/OkHttp  (25513): User-Agent: okhttp/3.6.0
07-06 01:13:45.250 D/OkHttp  (25513): --> END GET
07-06 01:13:45.252 I/MyFragmentStateAdapter(25513): getCount
07-06 01:13:45.261 D/Carousel-CarouselVideoViewImpl(25513): stopPlay.
07-06 01:13:45.262 V/MediaPlayer-JNI(25513): isPlaying: 1
07-06 01:13:45.267 D/Carousel-UrlVideoView(25513): isInPlaybackState=true
07-06 01:13:45.267 D/Carousel-UrlVideoView(25513): mCurrentState=3
07-06 01:13:45.267 I/HLSP2P  ( 4483): ## 2017-07-06 01:13:45.267 [4483,4840,:0] INFO ## [HLSP2P][DownloadManager.cpp:35][INFO][TryExtendCacheSize]system memory total size : 1912M, free size : 338M, cache add to 30MB
07-06 01:13:45.267 V/MediaPlayer-JNI(25513): getCurrentPosition: 7079 (msec)
07-06 01:13:45.267 D/Carousel-CarouselVideoViewImpl(25513): position=7079
07-06 01:13:45.268 V/MediaPlayer-JNI(25513): stop
07-06 01:13:45.268 D/NuPlayerDriver( 1206): stop(0xd7843100)   mState:5
07-06 01:13:45.270 I/MiSysSrv( 1214): [37m[INFO] Change to Voltage: 117 mv (0x32)[m
07-06 01:13:45.270 V/MediaPlayer-JNI(25513): release
07-06 01:13:45.271 D/NuPlayerDriver( 1206): reset(0xd7843100)  mState:8
07-06 01:13:45.271 V/NuPlayer( 1206): NuPlayer::resetAsync ---- Enter ...
07-06 01:13:45.271 D/MediaHTTPConnection(25513): teardownConnection
07-06 01:13:45.271 I/FFMPEG  ( 1206): [mov,mp4,m4a,3gp,3g2,mj2 @ 0xf1803400] stream 1, offset 0x141e7ff: partial file
07-06 01:13:45.271 W/FFmpegExtractor( 1206): rv_read_frame ret: [-1094995529]
07-06 01:13:45.277 D/OkHttp  (25513): <-- 200 OK http://picture.edu.hismarttv.com/images/20170630060711088714.jpg (26ms)
07-06 01:13:45.277 D/OkHttp  (25513): Date: Wed, 05 Jul 2017 14:51:10 GMT
07-06 01:13:45.277 D/OkHttp  (25513): Server: nginx
07-06 01:13:45.277 D/OkHttp  (25513): Content-Type: image/jpeg
07-06 01:13:45.277 D/OkHttp  (25513): Content-Length: 150566
07-06 01:13:45.277 D/OkHttp  (25513): Last-Modified: Fri, 30 Jun 2017 06:07:11 GMT
07-06 01:13:45.277 D/OkHttp  (25513): ETag: "5955ea8f-24c26"
07-06 01:13:45.277 D/OkHttp  (25513): Accept-Ranges: bytes
07-06 01:13:45.277 D/OkHttp  (25513): Age: 8554
07-06 01:13:45.277 D/OkHttp  (25513): Via: 1.1 jn239:0 (Cdn Cache Server V2.0)[13 200 0], 1.1 PSahmaswt2yw211:6 (Cdn Cache Server V2.0)[0 200 0]
07-06 01:13:45.277 D/OkHttp  (25513): Connection: keep-alive
07-06 01:13:45.277 D/OkHttp  (25513): <-- END HTTP
07-06 01:13:45.280 D/HttpHandler(25513): RetryIntercepter-->retryNum=0
07-06 01:13:45.280 D/HttpHandler(25513): RetryIntercepter-->backoffmutiplier=0
07-06 01:13:45.281 I/art     (25513): Background partial concurrent mark sweep GC freed 13829(1430KB) AllocSpace objects, 4(8MB) LOS objects, 12% free, 27MB/31MB, paused 5.256ms total 87.308ms
07-06 01:13:45.287 W/MediaHTTPConnection(25513): teardownConnection catch android.os.NetworkOnMainThreadException
07-06 01:13:45.288 W/MediaHTTPConnection(25513): readAt 21305136 / 32768 => -1004, java.net.SocketException: Socket closed
07-06 01:13:45.288 V/NuPlayer( 1206): kWhatReset  mCanReset:1
07-06 01:13:45.288 V/NuPlayer( 1206): performDecoderFlush audio=2, video=2
07-06 01:13:45.288 V/NuPlayer( 1206): [audio] flushDecoder needShutdown=1
07-06 01:13:45.288 V/NuPlayer( 1206): [video] flushDecoder needShutdown=1
07-06 01:13:45.288 V/NuPlayer( 1206): postponing action mFlushingAudio=2, mFlushingVideo=2
07-06 01:13:45.289 V/NuPlayer( 1206): renderer audio flush completed.
07-06 01:13:45.289 V/NuPlayer( 1206): renderer video flush completed.
07-06 01:13:45.289 I/MS_OMX_BASEPORT( 1206): [OMX.MS.AVC.Decoder]MS_OMX_FlushPort: 0
07-06 01:13:45.289 D/MSTAR_VDEC_API( 1206): [0] Flush: Begin (0)
07-06 01:13:45.290 V/NuPlayer( 1206): decoder audio flush completed
07-06 01:13:45.290 V/NuPlayer( 1206): initiating audio decoder shutdown
07-06 01:13:45.292 D/MSTAR_VDEC_API( 1206): [0] Flush: OK
07-06 01:13:45.292 I/MS_OMX_BASEPORT( 1206): [OMX.MS.AVC.Decoder]MS_OMX_FlushPort: 1
07-06 01:13:45.292 D/MediaCodec( 1206): MediaCodec::~MediaCodec ---- Enter  mState:0
07-06 01:13:45.293 V/NuPlayer( 1206): audio shutdown completed
07-06 01:13:45.293 V/NuPlayer( 1206): got message from old audio decoder, generation(1:2)
07-06 01:13:45.293 V/NuPlayer( 1206): decoder video flush completed
07-06 01:13:45.293 V/NuPlayer( 1206): initiating video decoder shutdown
07-06 01:13:45.293 I/MS_OMX_BASEPORT( 1206): [OMX.MS.AVC.Decoder]MS_OMX_FlushPort: 0
07-06 01:13:45.293 D/MSTAR_VDEC_API( 1206): [0] Flush: Begin (0)
07-06 01:13:45.295 D/MSTAR_VDEC_API( 1206): [0] Flush: OK
07-06 01:13:45.295 I/MS_OMX_BASEPORT( 1206): [OMX.MS.AVC.Decoder]MS_OMX_FlushPort: 1
07-06 01:13:45.295 I/MS_OMX_VDEC( 1206): [OMX.MS.AVC.Decoder]MS_OMX_OutputBufferProcess: in pause state , waiting for resume...
07-06 01:13:45.295 I/MS_OMX_VDEC( 1206): [OMX.MS.AVC.Decoder]MS_OMX_OutputBufferProcess: ...resumed
07-06 01:13:45.295 I/MS_OMX_VDEC( 1206): [OMX.MS.AVC.Decoder]MS_OMX_OutputBufferProcess: in pause state , waiting for resume...
07-06 01:13:45.296 W/MediaHTTP( 1206): hitting MediaHTTP readAt n < 0 numBytesRead= 71472
07-06 01:13:45.296 I/NuCachedSource2( 1206): caching reached eos.
07-06 01:13:45.297 D/MS_OMX_VDEC( 1206): Free pBuffer[0]: 0xba003000
07-06 01:13:45.297 D/MS_OMX_VDEC( 1206): Free pBuffer[0]: 0xbb003000
07-06 01:13:45.297 D/MS_OMX_VDEC( 1206): Free pBuffer[0]: 0xba403000
07-06 01:13:45.298 D/MS_OMX_VDEC( 1206): Free pBuffer[0]: 0xbb475000
07-06 01:13:45.298 D/MS_OMX_VDEC( 1206): Free pBuffer[0]: 0xbc46b000
07-06 01:13:45.298 I/MS_OMX_VDEC( 1206): [OMX.MS.AVC.Decoder]MS_OMX_OutputBufferProcess: ...resumed
07-06 01:13:45.298 D/MSTAR_VDEC_API( 1206): [0] Flush: Begin (0)
07-06 01:13:45.300 D/OkHttp  (25513): <-- 403 Forbidden http://picture.edu.hismarttv.com/images/ (93ms)
07-06 01:13:45.300 D/OkHttp  (25513): Date: Wed, 05 Jul 2017 17:13:45 GMT
07-06 01:13:45.300 D/OkHttp  (25513): Server: nginx
07-06 01:13:45.300 D/OkHttp  (25513): Content-Type: text/html; charset=UTF-8
07-06 01:13:45.300 D/OkHttp  (25513): Content-Length: 162
07-06 01:13:45.300 D/MSTAR_VDEC_API( 1206): [0] Flush: OK
07-06 01:13:45.300 D/OkHttp  (25513): Via: 1.1 shuozhou56:0 (Cdn Cache Server V2.0)[37 403 2], 1.1 echwt51:2 (Cdn Cache Server V2.0)[71 403 2]
07-06 01:13:45.300 D/OkHttp  (25513): Connection: close
07-06 01:13:45.300 D/OkHttp  (25513): <-- END HTTP
07-06 01:13:45.300 D/HttpHandler(25513): RetryIntercepter-->retryNum=0
07-06 01:13:45.300 D/HttpHandler(25513): RetryIntercepter-->backoffmutiplier=0
07-06 01:13:45.304 D/HttpHandler(25513): VerifySignInterCeptor-->request.url()=http://picture.edu.hismarttv.com/images/20170629/%E6%B3%A1%E6%B3%A1%E8%8B%B1%E8%AF%AD.jpg
07-06 01:13:45.304 D/HttpHandler(25513): VerifySignInterCeptor-->hostname=picture.edu.hismarttv.com
07-06 01:13:45.305 D/OkHttp  (25513): --> GET http://picture.edu.hismarttv.com/images/20170629/%E6%B3%A1%E6%B3%A1%E8%8B%B1%E8%AF%AD.jpg http/1.1
07-06 01:13:45.305 D/OkHttp  (25513): Host: picture.edu.hismarttv.com
07-06 01:13:45.307 D/OkHttp  (25513): Connection: Keep-Alive
07-06 01:13:45.308 D/OkHttp  (25513): Accept-Encoding: gzip
07-06 01:13:45.308 D/OkHttp  (25513): User-Agent: okhttp/3.6.0
07-06 01:13:45.308 D/OkHttp  (25513): --> END GET
07-06 01:13:45.314 D/gralloc ( 1204): allocate buffer from ION HEAP 0x1
07-06 01:13:45.314 D/gralloc ( 1204): allocate memory from system heap
07-06 01:13:45.316 D/gralloc ( 1204): allocate buffer from ION HEAP 0x1
07-06 01:13:45.316 D/gralloc ( 1204): allocate memory from system heap
07-06 01:13:45.318 E/audio_hw_primary( 1206): out_get_latency ret 10ms
07-06 01:13:45.321 D/hwcomposer( 1204): Overlay[0], bInUsed = 0, bIsForceClose = 0
07-06 01:13:45.321 D/vsyncbridge( 1204): [0] handle_thread thread got msg 0x1, mState = 3
07-06 01:13:45.321 D/vsyncbridge( 1204): Overlay 0 state change from 3 to 0
07-06 01:13:45.321 D/vsyncbridge( 1204): Remove Overlay 0
07-06 01:13:45.322 I/SurfaceFlinger( 1204): the layer SurfaceView is used to close xc and zorder is smallerest! clear region
07-06 01:13:45.323 D/gralloc ( 1204): allocate buffer from ION HEAP 0x1
07-06 01:13:45.323 D/gralloc ( 1204): allocate memory from system heap
07-06 01:13:45.330 E/audio_hw_primary( 1206): out_get_latency ret 10ms
07-06 01:13:45.332 D/OkHttp  (25513): <-- 200 OK http://picture.edu.hismarttv.com/images/20170630060938851994.jpg (139ms)
07-06 01:13:45.332 D/OkHttp  (25513): Date: Wed, 05 Jul 2017 12:11:51 GMT
07-06 01:13:45.332 D/OkHttp  (25513): Server: nginx
07-06 01:13:45.332 D/OkHttp  (25513): Content-Type: image/jpeg
07-06 01:13:45.332 D/OkHttp  (25513): Content-Length: 84036
07-06 01:13:45.332 D/OkHttp  (25513): Last-Modified: Fri, 30 Jun 2017 06:09:38 GMT
07-06 01:13:45.332 D/OkHttp  (25513): ETag: "5955eb22-14844"
07-06 01:13:45.332 D/OkHttp  (25513): Accept-Ranges: bytes
07-06 01:13:45.332 D/OkHttp  (25513): Age: 18114
07-06 01:13:45.332 D/OkHttp  (25513): Via: 1.1 pingwangtong50:6 (Cdn Cache Server V2.0)[14 200 0], 1.1 changwtong52:6 (Cdn Cache Server V2.0)[118 200 0]
07-06 01:13:45.332 D/OkHttp  (25513): Connection: keep-alive
07-06 01:13:45.332 D/OkHttp  (25513): <-- END HTTP
07-06 01:13:45.336 I/MiSysSrv( 1214): [leon.luo]EnableVideoMute = 1,enColor = 5
07-06 01:13:45.336 D/HttpHandler(25513): RetryIntercepter-->retryNum=0
07-06 01:13:45.336 D/HttpHandler(25513): RetryIntercepter-->backoffmutiplier=0
07-06 01:13:45.337 D/hwcomposer( 1204): lastVideoPlanes is dirty
07-06 01:13:45.341 D/        ( 1206): [VDEC][0]MApi_CMA_Pool_PutMem0 in vdec: cmaFreeParam.pool_handle_id=13, cmaFreeParam.offset_in_pool=1000000, cmaFreeParam.length=8200000
07-06 01:13:45.342 I/MSTAR_VDEC_API( 1206): stored streamId: 0:4040
07-06 01:13:45.342 I/MSTAR_VDEC_API( 1206): remove StreamId: 0x4040
07-06 01:13:45.343 D/MSTAR_VDEC_API( 1206): [0] MsVdecClose OK
07-06 01:13:45.344 D/MediaCodec( 1206): MediaCodec::~MediaCodec ---- Enter  mState:0
07-06 01:13:45.345 V/NuPlayer( 1206): video shutdown completed
07-06 01:13:45.345 V/NuPlayer( 1206): both audio and video are flushed now.
07-06 01:13:45.345 V/NuPlayer( 1206): performReset start pthread_id:f40a3880
07-06 01:13:45.345 V/RMClient( 1206): #634:RMClient::returnAllResourcesAsync
07-06 01:13:45.345 V/RMClient( 1206): #634:onMessageReceived cret
07-06 01:13:45.345 V/RMClient( 1206): #634:kWhatCmdReturnAllResources
07-06 01:13:45.346 V/RMAllocator( 1198): Deallocating resources for #634
07-06 01:13:45.346 V/RMAllocator( 1198): ~ClientInfo
07-06 01:13:45.346 I/RMAllocator( 1198): ~ClientInfo this=2378256608,mRMClient=2378240320. id=634
07-06 01:13:45.346 W/RMAllocator( 1198): returnAllResourcesFor: not registered, nothing to do
07-06 01:13:45.346 V/RMClient( 1206): #634:handleEvent lret
07-06 01:13:45.346 V/RMClient( 1206): #634:Done
07-06 01:13:45.346 V/RMClient( 1206): #634:onMessageReceived lret
07-06 01:13:45.346 V/RMClient( 1206): #634:kWhatAllResourcesReturned
07-06 01:13:45.346 I/NuPlayer( 1206): NuPlayerRMClientListener::handleAllResourcesReturned
07-06 01:13:45.346 V/NuPlayer( 1206): [handleAllResourcesReturned-3223]
07-06 01:13:45.346 V/RMClient( 1206): #634:Done
07-06 01:13:45.346 I/GenericSource( 1206): stop
07-06 01:13:45.347 D/OkHttp  (25513): <-- 200 OK http://picture.edu.hismarttv.com/images/20170629/%E6%B3%A1%E6%B3%A1%E8%8B%B1%E8%AF%AD.jpg (39ms)
07-06 01:13:45.348 D/OkHttp  (25513): Date: Wed, 05 Jul 2017 14:49:10 GMT
07-06 01:13:45.348 D/OkHttp  (25513): Server: nginx
07-06 01:13:45.348 D/OkHttp  (25513): Content-Type: image/jpeg
07-06 01:13:45.348 D/OkHttp  (25513): Content-Length: 121122
07-06 01:13:45.348 D/OkHttp  (25513): Last-Modified: Fri, 09 Jun 2017 14:51:42 GMT
07-06 01:13:45.348 D/OkHttp  (25513): ETag: "593ab5fe-1d922"
07-06 01:13:45.348 D/OkHttp  (25513): Accept-Ranges: bytes
07-06 01:13:45.348 D/OkHttp  (25513): Age: 8675
07-06 01:13:45.348 D/OkHttp  (25513): Via: 1.1 pingwangtong47:0 (Cdn Cache Server V2.0)[33 200 0], 1.1 PSahmaswt2vv209:4 (Cdn Cache Server V2.0)[0 200 0]
07-06 01:13:45.348 D/OkHttp  (25513): Connection: keep-alive
07-06 01:13:45.348 D/OkHttp  (25513): <-- END HTTP
07-06 01:13:45.348 E/audio_hw_primary( 1206): out_get_latency ret 10ms
07-06 01:13:45.349 D/PowerManagerService( 1733): updateWakeLockWorkSourceInternal: lock=785406774 [AudioMix], ws=null
07-06 01:13:45.349 D/PowerManagerNotifier( 1733): onWakeLockReleased: flags=1, tag="AudioMix", packageName=media, ownerUid=1013, ownerPid=0, workSource=WorkSource{10010}
07-06 01:13:45.349 D/PowerManagerNotifier( 1733): onWakeLockAcquired: flags=1, tag="AudioMix", packageName=media, ownerUid=1013, ownerPid=0, workSource=null
07-06 01:13:45.350 D/HttpHandler(25513): RetryIntercepter-->retryNum=0
07-06 01:13:45.351 D/HttpHandler(25513): VerifySignInterCeptor-->request.url()=http://picture.edu.hismarttv.com/images/20170629/20161111081033896636.jpg
07-06 01:13:45.351 D/HttpHandler(25513): VerifySignInterCeptor-->hostname=picture.edu.hismarttv.com
07-06 01:13:45.351 I/SurfaceFlinger( 1204): the layer SurfaceView is used to close xc and zorder is smallerest! clear region
07-06 01:13:45.352 D/HttpHandler(25513): HttpDNS-->hostname=picture.edu.hismarttv.com
07-06 01:13:45.353 D/HttpHandler(25513): RetryIntercepter-->backoffmutiplier=0
07-06 01:13:45.353 D/HttpHandler(25513): RAMCache-->hostInfo.getClientTimeStamp()=23653748
07-06 01:13:45.353 D/HttpHandler(25513): RAMCache-->hostInfo.getTtl()=300
07-06 01:13:45.353 D/HttpHandler(25513): RAMCache-->S