07-05 22:31:14.496 I/MyFragmentStateAdapter(32069): getCount
07-05 22:31:14.519 I/MyFragmentStateAdapter(32069): getCount
07-05 22:31:14.542 I/MyFragmentStateAdapter(32069): getCount
07-05 22:31:14.566 I/MyFragmentStateAdapter(32069): getCount
07-05 22:31:14.592 I/MyFragmentStateAdapter(32069): getCount
07-05 22:31:14.619 I/MyFragmentStateAdapter(32069): getCount
07-05 22:31:14.649 I/MyFragmentStateAdapter(32069): getCount
07-05 22:31:14.676 I/MyFragmentStateAdapter(32069): getCount
07-05 22:31:14.700 I/MyFragmentStateAdapter(32069): getCount
07-05 22:31:14.722 I/MyFragmentStateAdapter(32069): getCount
07-05 22:31:14.747 I/MyFragmentStateAdapter(32069): getCount
07-05 22:31:14.770 I/MyFragmentStateAdapter(32069): getCount
07-05 22:31:14.771 I/TVMW@devctrl( 1234): wdt
07-05 22:31:14.787 I/TVMW@HsTvSetting( 1234): Trace cmd, data = 0x1058
07-05 22:31:14.787 D/til@system( 2026): til_get_system_param option:100002F int:0, bool:0, ret:0
07-05 22:31:14.788 I/TVMW@HsTvSetting( 1234): Trace cmd, data = 0x101f
07-05 22:31:14.789 D/til@system( 2026): til_get_system_param option:100001D int:3, bool:3, ret:0
07-05 22:31:14.789 E/til     ( 2026): [til_get_current_input_source, 101] 
07-05 22:31:14.790 I/TVMW@HsTvSetting( 1234): Trace cmd, data = 0x7007
07-05 22:31:14.790 I/tilwrapper@sm( 2026): HS2TIL_SourceType *hs=0xd, *til=0x900
07-05 22:31:14.790 D/til     ( 2026): get current source 2304
07-05 22:31:14.790 D/SourceRemoteServiceHandler( 2026): getCurrentInputSource.from.til.result is 0, value is 2304
07-05 22:31:14.790 D/SourceRemoteServiceHandler( 2026): getInputSourceType source: 0x900, type=2304
07-05 22:31:14.790 D/til     ( 2026): ###### func:til_get_picture_param option:0x3000006 ######  
07-05 22:31:14.791 I/TVMW@HsTvSetting( 1234): Trace cmd, data = 0x1003
07-05 22:31:14.796 I/TVMW@HsTvSetting( 1234): Trace cmd, data = 0x8032
07-05 22:31:14.797 I/hstvos  ( 1216): [0m[1;33m[HSHAL][HS_VIDEO][HS_HAL_Video_SetOsdDetect_v2][2389]u16Threshold = 20
07-05 22:31:14.797 I/MiSysSrv( 1214): Not support now! 42, change to mm_video!!!
07-05 22:31:14.797 E/TVMW@videoctrl( 1234):  getOsd is 1
07-05 22:31:14.797 D/til@system( 2026): til_get_system_param option:1000027 int:1, bool:1, ret:0
07-05 22:31:14.798 D/til     ( 2026): ###### func:til_get_picture_param option:0x3000045 ######  
07-05 22:31:14.798 I/TVMW@HsTvSetting( 1234): Trace cmd, data = 0x300c
07-05 22:31:14.798 I/TVMW@HsTvSetting( 1234): Trace 3d, data = 0x300c
07-05 22:31:14.798 I/TVMW@3d ( 1234): Hs_debug3d_trace: func:get3dStatus, line:109
07-05 22:31:14.799 I/MyFragmentStateAdapter(32069): getCount
07-05 22:31:14.834 I/MyFragmentStateAdapter(32069): getCount
07-05 22:31:14.859 I/MyFragmentStateAdapter(32069): getCount
07-05 22:31:14.881 I/MyFragmentStateAdapter(32069): getCount
07-05 22:31:14.908 I/MyFragmentStateAdapter(32069): getCount
07-05 22:31:14.935 I/MyFragmentStateAdapter(32069): getCount
07-05 22:31:14.960 I/MyFragmentStateAdapter(32069): getCount
07-05 22:31:14.991 I/MyFragmentStateAdapter(32069): getCount
07-05 22:31:15.016 I/MyFragmentStateAdapter(32069): getCount
07-05 22:31:15.038 I/MyFragmentStateAdapter(32069): getCount
07-05 22:31:15.062 I/MyFragmentStateAdapter(32069): getCount
07-05 22:31:15.085 I/MyFragmentStateAdapter(32069): getCount
07-05 22:31:15.108 I/MyFragmentStateAdapter(32069): getCount
07-05 22:31:15.136 I/MyFragmentStateAdapter(32069): getCount
07-05 22:31:15.167 I/MyFragmentStateAdapter(32069): getCount
07-05 22:31:15.190 I/MyFragmentStateAdapter(32069): getCount
07-05 22:31:15.215 I/MyFragmentStateAdapter(32069): getCount
07-05 22:31:15.241 I/MyFragmentStateAdapter(32069): getCount
07-05 22:31:15.277 I/MyFragmentStateAdapter(32069): getCount
07-05 22:31:15.299 I/TVMW@HsTvSetting( 1234): Trace cmd, data = 0x1058
07-05 22:31:15.299 D/til@system( 2026): til_get_system_param option:100002F int:0, bool:0, ret:0
07-05 22:31:15.299 I/TVMW@HsTvSetting( 1234): Trace cmd, data = 0x101f
07-05 22:31:15.299 D/til@system( 2026): til_get_system_param option:100001D int:3, bool:3, ret:0
07-05 22:31:15.299 E/til     ( 2026): [til_get_current_input_source, 101] 
07-05 22:31:15.300 I/TVMW@HsTvSetting( 1234): Trace cmd, data = 0x7007
07-05 22:31:15.300 I/tilwrapper@sm( 2026): HS2TIL_SourceType *hs=0xd, *til=0x900
07-05 22:31:15.300 D/til     ( 2026): get current source 2304
07-05 22:31:15.300 D/SourceRemoteServiceHandler( 2026): getCurrentInputSource.from.til.result is 0, value is 2304
07-05 22:31:15.300 D/SourceRemoteServiceHandler( 2026): getInputSourceType source: 0x900, type=2304
07-05 22:31:15.300 D/til     ( 2026): ###### func:til_get_picture_param option:0x3000006 ######  
07-05 22:31:15.300 I/TVMW@HsTvSetting( 1234): Trace cmd, data = 0x1003
07-05 22:31:15.300 I/TVMW@HsTvSetting( 1234): Trace cmd, data = 0x8032
07-05 22:31:15.301 I/hstvos  ( 1216): [0m[1;33m[HSHAL][HS_VIDEO][HS_HAL_Video_SetOsdDetect_v2][2389]u16Threshold = 20
07-05 22:31:15.301 I/NetflixMonitorService( 1733): current fgapk : com.hisense.hicloud.edca
07-05 22:31:15.301 I/NetflixMonitorService( 1733): Netflix status unchanged
07-05 22:31:15.302 I/MiSysSrv( 1214): Not support now! 42, change to mm_video!!!
07-05 22:31:15.307 E/TVMW@videoctrl( 1234):  getOsd is 1
07-05 22:31:15.307 D/til@system( 2026): til_get_system_param option:1000027 int:1, bool:1, ret:0
07-05 22:31:15.308 D/til     ( 2026): ###### func:til_get_picture_param option:0x3000045 ######  
07-05 22:31:15.308 I/TVMW@HsTvSetting( 1234): Trace cmd, data = 0x300c
07-05 22:31:15.308 I/TVMW@HsTvSetting( 1234): Trace 3d, data = 0x300c
07-05 22:31:15.308 I/TVMW@3d ( 1234): Hs_debug3d_trace: func:get3dStatus, line:109
07-05 22:31:15.315 I/MyFragmentStateAdapter(32069): getCount
07-05 22:31:15.344 I/MyFragmentStateAdapter(32069): getCount
07-05 22:31:15.367 I/MyFragmentStateAdapter(32069): getCount
07-05 22:31:15.393 I/MyFragmentStateAdapter(32069): getCount
07-05 22:31:15.421 I/MyFragmentStateAdapter(32069): getCount
07-05 22:31:15.449 I/MyFragmentStateAdapter(32069): getCount
07-05 22:31:15.478 D/MyLocalStartService(16899): currentName is :com.hisense.hicloud.edca
07-05 22:31:15.485 I/MyFragmentStateAdapter(32069): getCount
07-05 22:31:15.511 I/MyFragmentStateAdapter(32069): getCount
07-05 22:31:15.533 I/MyFragmentStateAdapter(32069): getCount
07-05 22:31:15.563 I/MyFragmentStateAdapter(32069): getCount
07-05 22:31:15.590 I/MyFragmentStateAdapter(32069): getCount
07-05 22:31:15.622 I/MyFragmentStateAdapter(32069): getCount
07-05 22:31:15.647 I/MyFragmentStateAdapter(32069): getCount
07-05 22:31:15.673 I/MyFragmentStateAdapter(32069): getCount
07-05 22:31:15.677 I/TVMW@devctrl( 1234): wdt
07-05 22:31:15.706 I/MyFragmentStateAdapter(32069): getCount
07-05 22:31:15.730 I/MyFragmentStateAdapter(32069): getCount
07-05 22:31:15.754 I/MyFragmentStateAdapter(32069): getCount
07-05 22:31:15.778 I/MyFragmentStateAdapter(32069): getCount
07-05 22:31:15.808 I/TVMW@HsTvSetting( 1234): Trace cmd, data = 0x1058
07-05 22:31:15.808 D/til@system( 2026): til_get_system_param option:100002F int:0, bool:0, ret:0
07-05 22:31:15.808 I/TVMW@HsTvSetting( 1234): Trace cmd, data = 0x101f
07-05 22:31:15.808 D/til@system( 2026): til_get_system_param option:100001D int:3, bool:3, ret:0
07-05 22:31:15.808 E/til     ( 2026): [til_get_current_input_source, 101] 
07-05 22:31:15.809 I/TVMW@HsTvSetting( 1234): Trace cmd, data = 0x7007
07-05 22:31:15.809 I/MyFragmentStateAdapter(32069): getCount
07-05 22:31:15.809 I/tilwrapper@sm( 2026): HS2TIL_SourceType *hs=0xd, *til=0x900
07-05 22:31:15.809 D/til     ( 2026): get current source 2304
07-05 22:31:15.809 D/SourceRemoteServiceHandler( 2026): getCurrentInputSource.from.til.result is 0, value is 2304
07-05 22:31:15.809 D/SourceRemoteServiceHandler( 2026): getInputSourceType source: 0x900, type=2304
07-05 22:31:15.809 D/til     ( 2026): ###### func:til_get_picture_param option:0x3000006 ######  
07-05 22:31:15.809 I/TVMW@HsTvSetting( 1234): Trace cmd, data = 0x1003
07-05 22:31:15.809 I/TVMW@HsTvSetting( 1234): Trace cmd, data = 0x8032
07-05 22:31:15.810 I/hstvos  ( 1216): [0m[1;33m[HSHAL][HS_VIDEO][HS_HAL_Video_SetOsdDetect_v2][2389]u16Threshold = 20
07-05 22:31:15.810 I/MiSysSrv( 1214): Not support now! 42, change to mm_video!!!
07-05 22:31:15.810 E/TVMW@videoctrl( 1234):  getOsd is 1
07-05 22:31:15.811 D/til@system( 2026): til_get_system_param option:1000027 int:1, bool:1, ret:0
07-05 22:31:15.811 D/til     ( 2026): ###### func:til_get_picture_param option:0x3000045 ######  
07-05 22:31:15.812 I/TVMW@HsTvSetting( 1234): Trace cmd, data = 0x300c
07-05 22:31:15.812 I/TVMW@HsTvSetting( 1234): Trace 3d, data = 0x300c
07-05 22:31:15.812 I/TVMW@3d ( 1234): Hs_debug3d_trace: func:get3dStatus, line:109
07-05 22:31:15.842 I/MyFragmentStateAdapter(32069): getCount
07-05 22:31:15.866 I/MyFragmentStateAdapter(32069): getCount
07-05 22:31:15.893 I/MyFragmentStateAdapter(32069): getCount
07-05 22:31:15.917 I/MyFragmentStateAdapter(32069): getCount
07-05 22:31:15.946 I/MyFragmentStateAdapter(32069): getCount
07-05 22:31:15.969 I/MyFragmentStateAdapter(32069): getCount
07-05 22:31:15.992 I/MyFragmentStateAdapter(32069): getCount
07-05 22:31:16.008 D/DtvSourcePlugin-DVBC(15961): Setting the EPG Updater state to: WAIT
07-05 22:31:16.026 I/MyFragmentStateAdapter(32069): getCount
07-05 22:31:16.058 I/MyFragmentStateAdapter(32069): getCount
07-05 22:31:16.094 I/MyFragmentStateAdapter(32069): getCount
07-05 22:31:16.121 I/MyFragmentStateAdapter(32069): getCount
07-05 22:31:16.151 I/MyFragmentStateAdapter(32069): getCount
07-05 22:31:16.181 I/MyFragmentStateAdapter(32069): getCount
07-05 22:31:16.209 I/MyFragmentStateAdapter(32069): getCount
07-05 22:31:16.234 I/MyFragmentStateAdapter(32069): getCount
07-05 22:31:16.260 I/MyFragmentStateAdapter(32069): getCount
07-05 22:31:16.282 I/MyFragmentStateAdapter(32069): getCount
07-05 22:31:16.301 I/NetflixMonitorService( 1733): current fgapk : com.hisense.hicloud.edca
07-05 22:31:16.301 I/NetflixMonitorService( 1733): Netflix status unchanged
07-05 22:31:16.310 I/MyFragmentStateAdapter(32069): getCount
07-05 22:31:16.314 I/TVMW@HsTvSetting( 1234): Trace cmd, data = 0x1058
07-05 22:31:16.314 D/til@system( 2026): til_get_system_param option:100002F int:0, bool:0, ret:0
07-05 22:31:16.315 I/TVMW@HsTvSetting( 1234): Trace cmd, data = 0x101f
07-05 22:31:16.316 D/til@system( 2026): til_get_system_param option:100001D int:3, bool:3, ret:0
07-05 22:31:16.316 E/til     ( 2026): [til_get_current_input_source, 101] 
07-05 22:31:16.316 I/TVMW@HsTvSetting( 1234): Trace cmd, data = 0x7007
07-05 22:31:16.316 I/tilwrapper@sm( 2026): HS2TIL_SourceType *hs=0xd, *til=0x900
07-05 22:31:16.316 D/til     ( 2026): get current source 2304
07-05 22:31:16.317 D/SourceRemoteServiceHandler( 2026): getCurrentInputSource.from.til.result is 0, value is 2304
07-05 22:31:16.317 D/SourceRemoteServiceHandler( 2026): getInputSourceType source: 0x900, type=2304
07-05 22:31:16.317 D/til     ( 2026): ###### func:til_get_picture_param option:0x3000006 ######  
07-05 22:31:16.317 I/TVMW@HsTvSetting( 1234): Trace cmd, data = 0x1003
07-05 22:31:16.319 I/TVMW@HsTvSetting( 1234): Trace cmd, data = 0x8032
07-05 22:31:16.319 I/hstvos  ( 1216): [0m[1;33m[HSHAL][HS_VIDEO][HS_HAL_Video_SetOsdDetect_v2][2389]u16Threshold = 20
07-05 22:31:16.319 I/MiSysSrv( 1214): Not support now! 42, change to mm_video!!!
07-05 22:31:16.320 E/TVMW@videoctrl( 1234):  getOsd is 1
07-05 22:31:16.320 D/til@system( 2026): til_get_system_param option:1000027 int:1, bool:1, ret:0
07-05 22:31:16.320 D/til     ( 2026): ###### func:til_get_picture_param option:0x3000045 ######  
07-05 22:31:16.320 I/TVMW@HsTvSetting( 1234): Trace cmd, data = 0x300c
07-05 22:31:16.320 I/TVMW@HsTvSetting( 1234): Trace 3d, data = 0x300c
07-05 22:31:16.321 I/TVMW@3d ( 1234): Hs_debug3d_trace: func:get3dStatus, line:109
07-05 22:31:16.332 I/MyFragmentStateAdapter(32069): getCount
07-05 22:31:16.354 I/MyFragmentStateAdapter(32069): getCount
07-05 22:31:16.381 I/MyFragmentStateAdapter(32069): getCount
07-05 22:31:16.403 I/MyFragmentStateAdapter(32069): getCount
07-05 22:31:16.435 I/MyFragmentStateAdapter(32069): getCount
07-05 22:31:16.461 I/MyFragmentStateAdapter(32069): getCount
07-05 22:31:16.484 I/MyFragmentStateAdapter(32069): getCount
07-05 22:31:16.508 I/MyFragmentStateAdapter(32069): getCount
07-05 22:31:16.528 I/MyFragmentStateAdapter(32069): getCount
07-05 22:31:16.561 I/MyFragmentStateAdapter(32069): getCount
07-05 22:31:16.577 I/TVMW@devctrl( 1234): wdt
07-05 22:31:16.590 I/MyFragmentStateAdapter(32069): getCount
07-05 22:31:16.617 I/MyFragmentStateAdapter(32069): getCount
07-05 22:31:16.640 I/MyFragmentStateAdapter(32069): getCount
07-05 22:31:16.669 I/MyFragmentStateAdapter(32069): getCount
07-05 22:31:16.693 I/MyFragmentStateAdapter(32069): getCount
07-05 22:31:16.715 I/MyFragmentStateAdapter(32069): getCount
07-05 22:31:16.750 E/btif_config( 2964): [btif_config_get] node is TRUE!
07-05 22:31:16.750 E/btif_config( 2964): [btif_config_get] ret is TRUE!
07-05 22:31:16.754 I/MyFragmentStateAdapter(32069): getCount
07-05 22:31:16.781 I/MyFragmentStateAdapter(32069): getCount
07-05 22:31:16.810 I/MyFragmentStateAdapter(32069): getCount
07-05 22:31:16.824 I/TVMW@HsTvSetting( 1234): Trace cmd, data = 0x1058
07-05 22:31:16.825 D/til@system( 2026): til_get_system_param option:100002F int:0, bool:0, ret:0
07-05 22:31:16.825 I/TVMW@HsTvSetting( 1234): Trace cmd, data = 0x101f
07-05 22:31:16.825 D/til@system( 2026): til_get_system_param option:100001D int:3, bool:3, ret:0
07-05 22:31:16.825 E/til     ( 2026): [til_get_current_input_source, 101] 
07-05 22:31:16.825 I/TVMW@HsTvSetting( 1234): Trace cmd, data = 0x7007
07-05 22:31:16.825 I/tilwrapper@sm( 2026): HS2TIL_SourceType *hs=0xd, *til=0x900
07-05 22:31:16.825 D/til     ( 2026): get current source 2304
07-05 22:31:16.825 D/SourceRemoteServiceHandler( 2026): getCurrentInputSource.from.til.result is 0, value is 2304
07-05 22:31:16.825 D/SourceRemoteServiceHandler( 2026): getInputSourceType source: 0x900, type=2304
07-05 22:31:16.826 D/til     ( 2026): ###### func:til_get_picture_param option:0x3000006 ######  
07-05 22:31:16.826 I/TVMW@HsTvSetting( 1234): Trace cmd, data = 0x1003
07-05 22:31:16.826 I/TVMW@HsTvSetting( 1234): Trace cmd, data = 0x8032
07-05 22:31:16.827 I/hstvos  ( 1216): [0m[1;33m[HSHAL][HS_VIDEO][HS_HAL_Video_SetOsdDetect_v2][2389]u16Threshold = 20
07-05 22:31:16.827 I/MiSysSrv( 1214): Not support now! 42, change to mm_video!!!
07-05 22:31:16.827 E/TVMW@videoctrl( 1234):  getOsd is 1
07-05 22:31:16.827 D/til@system( 2026): til_get_system_param option:1000027 int:1, bool:1, ret:0
07-05 22:31:16.828 D/til     ( 2026): ###### func:til_get_picture_param option:0x3000045 ######  
07-05 22:31:16.828 I/TVMW@HsTvSetting( 1234): Trace cmd, data = 0x300c
07-05 22:31:16.828 I/TVMW@HsTvSetting( 1234): Trace 3d, data = 0x300c
07-05 22:31:16.828 I/TVMW@3d ( 1234): Hs_debug3d_trace: func:get3dStatus, line:109
07-05 22:31:16.831 I/MyFragmentStateAdapter(32069): getCount
07-05 22:31:16.858 I/MyFragmentStateAdapter(32069): getCount
07-05 22:31:16.879 I/MyFragmentStateAdapter(32069): getCount
07-05 22:31:16.900 I/MyFragmentStateAdapter(32069): getCount
07-05 22:31:16.924 I/MyFragmentStateAdapter(32069): getCount
07-05 22:31:16.947 I/MyFragmentStateAdapter(32069): getCount
07-05 22:31:16.969 I/MiSysSrv( 1214): [37m[INFO] Change to Voltage: 117 mv (0x32)[m
07-05 22:31:16.970 I/MyFragmentStateAdapter(32069): getCount
07-05 22:31:16.989 I/MyFragmentStateAdapter(32069): getCount
07-05 22:31:17.008 I/MyFragmentStateAdapter(32069): getCount
07-05 22:31:17.036 I/MyFragmentStateAdapter(32069): getCount
07-05 22:31:17.057 I/MyFragmentStateAdapter(32069): getCount
07-05 22:31:17.069 I/MiSysSrv( 1214): [37m[INFO] Change to Voltage: 117 mv (0x32)[m
07-05 22:31:17.077 I/MyFragmentStateAdapter(32069): getCount
07-05 22:31:17.097 I/MyFragmentStateAdapter(32069): getCount
07-05 22:31:17.117 I/MyFragmentStateAdapter(32069): getCount
07-05 22:31:17.138 I/MyFragmentStateAdapter(32069): getCount
07-05 22:31:17.159 I/MyFragmentStateAdapter(32069): getCount
07-05 22:31:17.169 I/MiSysSrv( 1214): [37m[INFO] Change to Voltage: 107 mv (0x28)[m
07-05 22:31:17.182 I/MyFragmentStateAdapter(32069): getCount
07-05 22:31:17.202 I/MyFragmentStateAdapter(32069): getCount
07-05 22:31:17.222 I/MyFragmentStateAdapter(32069): getCount
07-05 22:31:17.249 I/MyFragmentStateAdapter(32069): getCount
07-05 22:31:17.258 I/UsageStatsService( 1733): User[0] Flushing usage stats to disk
07-05 22:31:17.269 I/MiSysSrv( 1214): [37m[INFO] Change to Voltage: 102 mv (0x23)[m
07-05 22:31:17.287 I/MyFragmentStateAdapter(32069): getCount
07-05 22:31:17.302 I/NetflixMonitorService( 1733): current fgapk : com.hisense.hicloud.edca
07-05 22:31:17.302 I/NetflixMonitorService( 1733): Netflix status unchanged
07-05 22:31:17.324 I/MyFragmentStateAdapter(32069): getCount
07-05 22:31:17.329 I/TVMW@HsTvSetting( 1234): Trace cmd, data = 0x1058
07-05 22:31:17.330 D/til@system( 2026): til_get_system_param option:100002F int:0, bool:0, ret:0
07-05 22:31:17.330 I/TVMW@HsTvSetting( 1234): Trace cmd, data = 0x101f
07-05 22:31:17.330 D/til@system( 2026): til_get_system_param option:100001D int:3, bool:3, ret:0
07-05 22:31:17.330 E/til     ( 2026): [til_get_current_input_source, 101] 
07-05 22:31:17.330 I/TVMW@HsTvSetting( 1234): Trace cmd, data = 0x7007
07-05 22:31:17.330 I/tilwrapper@sm( 2026): HS2TIL_SourceType *hs=0xd, *til=0x900
07-05 22:31:17.330 D/til     ( 2026): get current source 2304
07-05 22:31:17.330 D/SourceRemoteServiceHandler( 2026): getCurrentInputSource.from.til.result is 0, value is 2304
07-05 22:31:17.330 D/SourceRemoteServiceHandler( 2026): getInputSourceType source: 0x900, type=2304
07-05 22:31:17.330 D/til     ( 2026): ###### func:til_get_picture_param option:0x3000006 ######  
07-05 22:31:17.330 I/TVMW@HsTvSetting( 1234): Trace cmd, data = 0x1003
07-05 22:31:17.331 I/TVMW@HsTvSetting( 1234): Trace cmd, data = 0x8032
07-05 22:31:17.331 I/hstvos  ( 1216): [0m[1;33m[HSHAL][HS_VIDEO][HS_HAL_Video_SetOsdDetect_v2][2389]u16Threshold = 20
07-05 22:31:17.331 I/MiSysSrv( 1214): Not support now! 42, change to mm_video!!!
07-05 22:31:17.331 E/TVMW@videoctrl( 1234):  getOsd is 1
07-05 22:31:17.332 D/til@system( 2026): til_get_system_param option:1000027 int:1, bool:1, ret:0
07-05 22:31:17.332 D/til     ( 2026): ###### func:til_get_picture_param option:0x3000045 ######  
07-05 22:31:17.333 I/TVMW@HsTvSetting( 1234): Trace cmd, data = 0x300c
07-05 22:31:17.333 I/TVMW@HsTvSetting( 1234): Trace 3d, data = 0x300c
07-05 22:31:17.333 I/TVMW@3d ( 1234): Hs_debug3d_trace: func:get3dStatus, line:109
07-05 22:31:17.363 I/MyFragmentStateAdapter(32069): getCount
07-05 22:31:17.396 I/MyFragmentStateAdapter(32069): getCount
07-05 22:31:17.419 I/MyFragmentStateAdapter(32069): getCount
07-05 22:31:17.447 I/MyFragmentStateAdapter(32069): getCount
07-05 22:31:17.469 I/MyFragmentStateAdapter(32069): getCount
07-05 22:31:17.469 I/MiSysSrv( 1214): [37m[INFO] Change to Voltage: 102 mv (0x23)[m
07-05 22:31:17.481 I/TVMW@devctrl( 1234): wdt
07-05 22:31:17.493 I/MyFragmentStateAdapter(32069): getCount
07-05 22:31:17.493 D/MC_MEMORY(16055): max: 256.261888 Mb, heap: 10.10778 Mb, allocated: 9.9533 Mb, free: 1.1245 Mb, native heap: 12.12276 Mb, native allocated: 8.8376 Mb, native free: 3.3900 Mb
07-05 22:31:17.519 I/MyFragmentStateAdapter(32069): getCount
07-05 22:31:17.549 I/MyFragmentStateAdapter(32069): getCount
07-05 22:31:17.581 I/MyFragmentStateAdapter(32069): getCount
07-05 22:31:17.616 I/MyFragmentStateAdapter(32069): getCount
07-05 22:31:17.645 I/MyFragmentStateAdapter(32069): getCount
07-05 22:31:17.675 I/MyFragmentStateAdapter(32069): getCount
07-05 22:31:17.700 I/MyFragmentStateAdapter(32069): getCount
07-05 22:31:17.730 I/MyFragmentStateAdapter(32069): getCount
07-05 22:31:17.753 I/MyFragmentStateAdapter(32069): getCount
07-05 22:31:17.776 I/HLSP2P  (16183): ## 2017-07-05 22:31:17.776 [16183,16481,:0] INFO ## [HLSP2P][DownloadManager.cpp:35][INFO][SendHeartBeatReq]send hearbeat to 123.126.121.155:30013 ok
07-05 22:31:17.779 I/MyFragmentStateAdapter(32069): getCount
07-05 22:31:17.802 I/HLSP2P  (16183): ## 2017-07-05 22:31:17.802 [16183,16483,:0] INFO ## [HLSP2P][DownloadManager.cpp:35][INFO][OnHeartBeatRsp]ps heartbeat rsp ok
07-05 22:31:17.813 I/MyFragmentStateAdapter(32069): getCount
07-05 22:31:17.833 I/TVMW@HsTvSetting( 1234): Trace cmd, data = 0x1058
07-05 22:31:17.834 D/til@system( 2026): til_get_system_param option:100002F int:0, bool:0, ret:0
07-05 22:31:17.834 I/TVMW@HsTvSetting( 1234): Trace cmd, data = 0x101f
07-05 22:31:17.834 D/til@system( 2026): til_get_system_param option:100001D int:3, bool:3, ret:0
07-05 22:31:17.835 E/til     ( 2026): [til_get_current_input_source, 101] 
07-05 22:31:17.835 I/TVMW@HsTvSetting( 1234): Trace cmd, data = 0x7007
07-05 22:31:17.836 I/tilwrapper@sm( 2026): HS2TIL_SourceType *hs=0xd, *til=0x900
07-05 22:31:17.836 D/til     ( 2026): get current source 2304
07-05 22:31:17.836 D/SourceRemoteServiceHandler( 2026): getCurrentInputSource.from.til.result is 0, value is 2304
07-05 22:31:17.836 D/SourceRemoteServiceHandler( 2026): getInputSourceType source: 0x900, type=2304
07-05 22:31:17.836 D/til     ( 2026): ###### func:til_get_picture_param option:0x3000006 ######  
07-05 22:31:17.836 I/TVMW@HsTvSetting( 1234): Trace cmd, data = 0x1003
07-05 22:31:17.837 I/TVMW@HsTvSetting( 1234): Trace cmd, data = 0x8032
07-05 22:31:17.837 I/hstvos  ( 1216): [0m[1;33m[HSHAL][HS_VIDEO][HS_HAL_Video_SetOsdDetect_v2][2389]u16Threshold = 20
07-05 22:31:17.839 E/TVMW@videoctrl( 1234):  getOsd is 1
07-05 22:31:17.839 D/til@system( 2026): til_get_system_param option:1000027 int:1, bool:1, ret:0
07-05 22:31:17.839 I/MiSysSrv( 1214): Not support now! 42, change to mm_video!!!
07-05 22:31:17.840 D/til     ( 2026): ###### func:til_get_picture_param option:0x3000045 ######  
07-05 22:31:17.840 I/MyFragmentStateAdapter(32069): getCount
07-05 22:31:17.840 I/TVMW@HsTvSetting( 1234): Trace cmd, data = 0x300c
07-05 22:31:17.840 I/TVMW@HsTvSetting( 1234): Trace 3d, data = 0x300c
07-05 22:31:17.840 I/TVMW@3d ( 1234): Hs_debug3d_trace: func:get3dStatus, line:109
07-05 22:31:17.871 I/MyFragmentStateAdapter(32069): getCount
07-05 22:31:17.899 I/MyFragmentStateAdapter(32069): getCount
07-05 22:31:17.920 I/MyFragmentStateAdapter(32069): getCount
07-05 22:31:17.938 D/QrRecognization( 2232): handleMessage msg=4
07-05 22:31:17.938 D/QrRecognization( 2232): handleMessage msg=1
07-05 22:31:17.938 D/QrRecognization( 2232): start update screenshot
07-05 22:31:17.938 D/QrRecognization( 2232): QR detection is not enabled in tile com.hisense.hicloud.edca
07-05 22:31:17.938 D/QrRecognization( 2232): error in getBitmap from screen
07-05 22:31:17.951 I/MyFragmentStateAdapter(32069): getCount
07-05 22:31:17.971 D/CommonHeader(32069): app logo :refreshTimer: isRotatetrue
07-05 22:31:17.979 I/MyFragmentStateAdapter(32069): getCount
07-05 22:31:18.009 I/MyFragmentStateAdapter(32069): getCount
07-05 22:31:18.038 I/MyFragmentStateAdapter(32069): getCount
07-05 22:31:18.070 I/MyFragmentStateAdapter(32069): getCount
07-05 22:31:18.096 I/MyFragmentStateAdapter(32069): getCount
07-05 22:31:18.121 I/MyFragmentStateAdapter(32069): getCount
07-05 22:31:18.156 I/MyFragmentStateAdapter(32069): getCount
07-05 22:31:18.186 I/MyFragmentStateAdapter(32069): getCount
07-05 22:31:18.210 I/MyFragmentStateAdapter(32069): getCount
07-05 22:31:18.239 I/MyFragmentStateAdapter(32069): getCount
07-05 22:31:18.264 I/MyFragmentStateAdapter(32069): getCount
07-05 22:31:18.289 I/MyFragmentStateAdapter(32069): getCount
07-05 22:31:18.302 I/NetflixMonitorService( 1733): current fgapk : com.hisense.hicloud.edca
07-05 22:31:18.302 I/NetflixMonitorService( 1733): Netflix status unchanged
07-05 22:31:18.323 I/MyFragmentStateAdapter(32069): getCount
07-05 22:31:18.341 I/TVMW@HsTvSetting( 1234): Trace cmd, data = 0x1058
07-05 22:31:18.341 D/til@system( 2026): til_get_system_param option:100002F int:0, bool:0, ret:0
07-05 22:31:18.341 I/TVMW@HsTvSetting( 1234): Trace cmd, data = 0x101f
07-05 22:31:18.342 D/til@system( 2026): til_get_system_param option:100001D int:3, bool:3, ret:0
07-05 22:31:18.342 E/til     ( 2026): [til_get_current_input_source, 101] 
07-05 22:31:18.344 I/TVMW@HsTvSetting( 1234): Trace cmd, data = 0x7007
07-05 22:31:18.344 I/tilwrapper@sm( 2026): HS2TIL_SourceType *hs=0xd, *til=0x900
07-05 22:31:18.344 D/til     ( 2026): get current source 2304
07-05 22:31:18.344 D/SourceRemoteServiceHandler( 2026): getCurrentInputSource.from.til.result is 0, value is 2304
07-05 22:31:18.344 D/SourceRemoteServiceHandler( 2026): getInputSourceType source: 0x900, type=2304
07-05 22:31:18.344 D/til     ( 2026): ###### func:til_get_picture_param option:0x3000006 ######  
07-05 22:31:18.345 I/TVMW@HsTvSetting( 1234): Trace cmd, data = 0x1003
07-05 22:31:18.345 I/TVMW@HsTvSetting( 1234): Trace cmd, data = 0x8032
07-05 22:31:18.345 I/hstvos  ( 1216): [0m[1;33m[HSHAL][HS_VIDEO][HS_HAL_Video_SetOsdDetect_v2][2389]u16Threshold = 20
07-05 22:31:18.346 I/MiSysSrv( 1214): Not support now! 42, change to mm_video!!!
07-05 22:31:18.347 E/TVMW@videoctrl( 1234):  getOsd is 1
07-05 22:31:18.347 D/til@system( 2026): til_get_system_param option:1000027 int:1, bool:1, ret:0
07-05 22:31:18.347 D/til     ( 2026): ###### func:til_get_picture_param option:0x3000045 ######  
07-05 22:31:18.347 I/TVMW@HsTvSetting( 1234): Trace cmd, data = 0x300c
07-05 22:31:18.347 I/TVMW@HsTvSetting( 1234): Trace 3d, data = 0x300c
07-05 22:31:18.347 I/TVMW@3d ( 1234): Hs_debug3d_trace: func:get3dStatus, line:109
07-05 22:31:18.356 I/MyFragmentStateAdapter(32069): getCount
07-05 22:31:18.381 I/MyFragmentStateAdapter(32069): getCount
07-05 22:31:18.382 I/TVMW@devctrl( 1234): wdt
07-05 22:31:18.388 D/DLNAService(16055): sync DLNA devices
07-05 22:31:18.388 D/MediaBrowser(16055): updateMediaSources type=2
07-05 22:31:18.388 D/MediaSourceManager(16055): updateMediaSources type=2
07-05 22:31:18.405 I/MyFragmentStateAdapter(32069): getCount
07-05 22:31:18.430 I/MyFragmentStateAdapter(32069): getCount
07-05 22:31:18.453 I/HLSP2P  ( 3457): ## 2017-07-05 22:31:18.453 [3457,3628,:0] INFO ## [HLSP2P][TaskManager.cpp:855][INFO][UpdateGlobalInfo]totalDataSize: 0, totalMemorySize: 0, totalCacheSize: 0, curUploadSpeedKB: 0
07-05 22:31:18.454 I/MyFragmentStateAdapter(32069): getCount
07-05 22:31:18.460 I/HLSP2P  ( 3457): ## 2017-07-05 22:31:18.457 [3457,3628,:0] INFO ## [HLSP2P][TaskManager.cpp:1325][INFO][TryAdjustMemorySize]system memory total size: 1912M, free size: 548MB, cache add to 30MB, AppState: 14
07-05 22:31:18.479 I/MyFragmentStateAdapter(32069): getCount
07-05 22:31:18.503 I/MyFragmentStateAdapter(32069): getCount
07-05 22:31:18.529 I/MyFragmentStateAdapter(32069): getCount
07-05 22:31:18.563 I/MyFragmentStateAdapter(32069): getCount
07-05 22:31:18.593 I/MyFragmentStateAdapter(32069): getCount
07-05 22:31:18.630 I/MyFragmentStateAdapter(32069): getCount
07-05 22:31:18.655 I/MyFragmentStateAdapter(32069): getCount
07-05 22:31:18.680 I/MyFragmentStateAdapter(32069): getCount
07-05 22:31:18.703 I/MyFragmentStateAdapter(32069): getCount
07-05 22:31:18.727 I/MyFragmentStateAdapter(32069): getCount
07-05 22:31:18.750 I/MyFragmentStateAdapter(32069): getCount
07-05 22:31:18.778 I/MyFragmentStateAdapter(32069): getCount
07-05 22:31:18.793 I/HLSP2P  (16183): ## 2017-07-05 22:31:18.792 [16183,16481,:0] INFO ## [HLSP2P][DownloadManager.cpp:35][INFO][SendHeartBeatMsg]send heartbeat to punch server ok
07-05 22:31:18.803 I/MyFragmentStateAdapter(32069): getCount
07-05 22:31:18.811 I/HLSP2P  (16183): ## 2017-07-05 22:31:18.811 [16183,16483,:0] INFO ## [HLSP2P][DownloadManager.cpp:35][INFO][OnHeartbeatRsp]punch heartbeat rsp ok
07-05 22:31:18.829 I/MyFragmentStateAdapter(32069): getCount
07-05 22:31:18.848 I/TVMW@HsTvSetting( 1234): Trace cmd, data = 0x1058
07-05 22:31:18.849 D/til@system( 2026): til_get_system_param option:100002F int:0, bool:0, ret:0
07-05 22:31:18.849 I/TVMW@HsTvSetting( 1234): Trace cmd, data = 0x101f
07-05 22:31:18.849 D/til@system( 2026): til_get_system_param option:100001D int:3, bool:3, ret:0
07-05 22:31:18.849 E/til     ( 2026): [til_get_current_input_source, 101] 
07-05 22:31:18.849 I/TVMW@HsTvSetting( 1234): Trace cmd, data = 0x7007
07-05 22:31:18.849 I/tilwrapper@sm( 2026): HS2TIL_SourceType *hs=0xd, *til=0x900
07-05 22:31:18.849 D/til     ( 2026): get current source 2304
07-05 22:31:18.849 D/SourceRemoteServiceHandler( 2026): getCurrentInputSource.from.til.result is 0, value is 2304
07-05 22:31:18.850 D/SourceRemoteServiceHandler( 2026): getInputSourceType source: 0x900, type=2304
07-05 22:31:18.850 D/til     ( 2026): ###### func:til_get_picture_param option:0x3000006 ######  
07-05 22:31:18.850 I/TVMW@HsTvSetting( 1234): Trace cmd, data = 0x1003
07-05 22:31:18.850 I/TVMW@HsTvSetting( 1234): Trace cmd, data = 0x8032
07-05 22:31:18.850 I/hstvos  ( 1216): [0m[1;33m[HSHAL][HS_VIDEO][HS_HAL_Video_SetOsdDetect_v2][2389]u16Threshold = 20
07-05 22:31:18.852 I/MiSysSrv( 1214): Not support now! 42, change to mm_video!!!
07-05 22:31:18.854 E/TVMW@videoctrl( 1234):  getOsd is 1
07-05 22:31:18.854 D/til@system( 2026): til_get_system_param option:1000027 int:1, bool:1, ret:0
07-05 22:31:18.854 D/til     ( 2026): ###### func:til_get_picture_param option:0x3000045 ######  
07-05 22:31:18.855 I/TVMW@HsTvSetting( 1234): Trace cmd, data = 0x300c
07-05 22:31:18.855 I/TVMW@HsTvSetting( 1234): Trace 3d, data = 0x300c
07-05 22:31:18.855 I/TVMW@3d ( 1234): Hs_debug3d_trace: func:get3dStatus, line:109
07-05 22:31:18.855 I/MyFragmentStateAdapter(32069): getCount
07-05 22:31:18.883 I/MyFragmentStateAdapter(32069): getCount
07-05 22:31:18.909 I/MyFragmentStateAdapter(32069): getCount
07-05 22:31:18.936 I/MyFragmentStateAdapter(32069): getCount
07-05 22:31:18.960 I/MyFragmentStateAdapter(32069): getCount
07-05 22:31:18.988 I/MyFragmentStateAdapter(32069): getCount
07-05 22:31:19.010 I/MyFragmentStateAdapter(32069): getCount
07-05 22:31:19.011 D/DtvSourcePlugin-DVBC(15961): Setting the EPG Updater state to: WAIT
07-05 22:31:19.036 I/MyFragmentStateAdapter(32069): getCount
07-05 22:31:19.060 I/MyFragmentStateAdapter(32069): getCount
07-05 22:31:19.084 I/MyFragmentStateAdapter(32069): getCount
07-05 22:31:19.111 I/MyFragmentStateAdapter(32069): getCount
07-05 22:31:19.137 I/MyFragmentStateAdapter(32069): getCount
07-05 22:31:19.160 I/MyFragmentStateAdapter(32069): getCount
07-05 22:31:19.184 I/MyFragmentStateAdapter(32069): getCount
07-05 22:31:19.208 I/MyFragmentStateAdapter(32069): getCount
07-05 22:31:19.230 I/MyFragmentStateAdapter(32069): getCount
07-05 22:31:19.252 I/MyFragmentStateAdapter(32069): getCount
07-05 22:31:19.276 I/MyFragmentStateAdapter(32069): getCount
07-05 22:31:19.284 I/TVMW@devctrl( 1234): wdt
07-05 22:31:19.303 I/NetflixMonitorService( 1733): current fgapk : com.hisense.hicloud.edca
07-05 22:31:19.303 I/NetflixMonitorService( 1733): Netflix status unchanged
07-05 22:31:19.306 I/MyFragmentStateAdapter(32069): getCount
07-05 22:31:19.330 I/MyFragmentStateAdapter(32069): getCount
07-05 22:31:19.352 I/MyFragmentStateAdapter(32069): getCount
07-05 22:31:19.357 I/TVMW@HsTvSetting( 1234): Trace cmd, data = 0x1058
07-05 22:31:19.357 D/til@system( 2026): til_get_system_param option:100002F int:0, bool:0, ret:0
07-05 22:31:19.358 I/TVMW@HsTvSetting( 1234): Trace cmd, data = 0x101f
07-05 22:31:19.358 D/til@system( 2026): til_get_system_param option:100001D int:3, bool:3, ret:0
07-05 22:31:19.358 E/til     ( 2026): [til_get_current_input_source, 101] 
07-05 22:31:19.358 I/TVMW@HsTvSetting( 1234): Trace cmd, data = 0x7007
07-05 22:31:19.359 I/tilwrapper@sm( 2026): HS2TIL_SourceType *hs=0xd, *til=0x900
07-05 22:31:19.359 D/til     ( 2026): get current source 2304
07-05 22:31:19.359 D/SourceRemoteServiceHandler( 2026): getCurrentInputSource.from.til.result is 0, value is 2304
07-05 22:31:19.359 D/SourceRemoteServiceHandler( 2026): getInputSourceType source: 0x900, type=2304
07-05 22:31:19.359 D/til     ( 2026): ###### func:til_get_picture_param option:0x3000006 ######  
07-05 22:31:19.360 I/TVMW@HsTvSetting( 1234): Trace cmd, data = 0x1003
07-05 22:31:19.360 I/TVMW@HsTvSetting( 1234): Trace cmd, data = 0x8032
07-05 22:31:19.361 I/hstvos  ( 1216): [0m[1;33m[HSHAL][HS_VIDEO][HS_HAL_Video_SetOsdDetect_v2][2389]u16Threshold = 20
07-05 22:31:19.361 E/TVMW@videoctrl( 1234):  getOsd is 1
07-05 22:31:19.361 D/til@system( 2026): til_get_system_param option:1000027 int:1, bool:1, ret:0
07-05 22:31:19.362 D/til     ( 2026): ###### func:til_get_picture_param option:0x3000045 ######  
07-05 22:31:19.362 I/MiSysSrv( 1214): Not support now! 42, change to mm_video!!!
07-05 22:31:19.364 I/TVMW@HsTvSetting( 1234): Trace cmd, data = 0x300c
07-05 22:31:19.364 I/TVMW@HsTvSetting( 1234): Trace 3d, data = 0x300c
07-05 22:31:19.364 I/TVMW@3d ( 1234): Hs_debug3d_trace: func:get3dStatus, line:109
07-05 22:31:19.377 I/MyFragmentStateAdapter(32069): getCount
07-05 22:31:19.400 I/MyFragmentStateAdapter(32069): getCount
07-05 22:31:19.422 I/MyFragmentStateAdapter(32069): getCount
07-05 22:31:19.445 I/MyFragmentStateAdapter(32069): getCount
07-05 22:31:19.467 I/MyFragmentStateAdapter(32069): getCount
07-05 22:31:19.488 I/MyFragmentStateAdapter(32069): getCount
07-05 22:31:19.516 I/MyFragmentStateAdapter(32069): getCount
07-05 22:31:19.536 I/MyFragmentStateAdapter(32069): getCount
07-05 22:31:19.556 I/MyFragmentStateAdapter(32069): getCount
07-05 22:31:19.577 I/MyFragmentStateAdapter(32069): getCount
07-05 22:31:19.596 I/MyFragmentStateAdapter(32069): getCount
07-05 22:31:19.616 I/MyFragmentStateAdapter(32069): getCount
07-05 22:31:19.637 I/MyFragmentStateAdapter(32069): getCount
07-05 22:31:19.659 I/MyFragmentStateAdapter(32069): getCount
07-05 22:31:19.678 I/MyFragmentStateAdapter(32069): getCount
07-05 22:31:19.683 I/HLSP2P  (16224): ## 2017-07-05 22:31:19.681 [16224,16378,:0] INFO ## [HLSP2P][TaskManager.cpp:838][INFO][UpdateGlobalInfo]totalDataSize: 0, totalMemorySize: 0, totalCacheSize: 0, PlayTaskAllFinish: 0
07-05 22:31:19.687 I/HLSP2P  (16224): ## 2017-07-05 22:31:19.686 [16224,16378,:0] INFO ## [HLSP2P][TaskManager.cpp:1348][INFO][TryAdjustMemorySize]system memory total size: 1912M, free size: 542MB, cache add to 100MB, AppState: 14, IsLowMemory: 0
07-05 22:31:19.701 I/MyFragmentStateAdapter(32069): getCount
07-05 22:31:19.722 I/MyFragmentStateAdapter(32069): getCount
07-05 22:31:19.744 I/MyFragmentStateAdapter(32069): getCount
07-05 22:31:19.766 I/MyFragmentStateAdapter(32069): getCount
07-05 22:31:19.788 I/MyFragmentStateAdapter(32069): getCount
07-05 22:31:19.808 I/MyFragmentStateAdapter(32069): getCount
07-05 22:31:19.829 I/MyFragmentStateAdapter(32069): getCount
07-05 22:31:19.850 I/MyFragmentStateAdapter(32069): getCount
07-05 22:31:19.867 I/TVMW@HsTvSetting( 1234): Trace cmd, data = 0x1058
07-05 22:31:19.867 D/til@system( 2026): til_get_system_param option:100002F int:0, bool:0, ret:0
07-05 22:31:19.867 I/TVMW@HsTvSetting( 1234): Trace cmd, data = 0x101f
07-05 22:31:19.867 D/til@system( 2026): til_get_system_param option:100001D int:3, bool:3, ret:0
07-05 22:31:19.868 E/til     ( 2026): [til_get_current_input_source, 101] 
07-05 22:31:19.868 I/TVMW@HsTvSetting( 1234): Trace cmd, data = 0x7007
07-05 22:31:19.868 I/tilwrapper@sm( 2026): HS2TIL_SourceType *hs=0xd, *til=0x900
07-05 22:31:19.868 D/til     ( 2026): get current source 2304
07-05 22:31:19.868 D/SourceRemoteServiceHandler( 2026): getCurrentInputSource.from.til.result is 0, value is 2304
07-05 22:31:19.868 D/SourceRemoteServiceHandler( 2026): getInputSourceType source: 0x900, type=2304
07-05 22:31:19.868 D/til     ( 2026): ###### func:til_get_picture_param option:0x3000006 ######  
07-05 22:31:19.869 I/TVMW@HsTvSetting( 1234): Trace cmd, data = 0x1003
07-05 22:31:19.869 I/TVMW@HsTvSetting( 1234): Trace cmd, data = 0x8032
07-05 22:31:19.870 I/hstvos  ( 1216): [0m[1;33m[HSHAL][HS_VIDEO][HS_HAL_Video_SetOsdDetect_v2][2389]u16Threshold = 20
07-05 22:31:19.870 I/MiSysSrv( 1214): Not support now! 42, change to mm_video!!!
07-05 22:31:19.870 E/TVMW@videoctrl( 1234):  getOsd is 1
07-05 22:31:19.871 D/til@system( 2026): til_get_system_param option:1000027 int:1, bool:1, ret:0
07-05 22:31:19.871 D/til     ( 2026): ###### func:til_get_picture_param option:0x3000045 ######  
07-05 22:31:19.871 I/TVMW@HsTvSetting( 1234): Trace cmd, data = 0x300c
07-05 22:31:19.871 I/TVMW@HsTvSetting( 1234): Trace 3d, data = 0x300c
07-05 22:31:19.871 I/TVMW@3d ( 1234): Hs_debug3d_trace: func:get3dStatus, line:109
07-05 22:31:19.876 I/MyFragmentStateAdapter(32069): getCount
07-05 22:31:19.901 I/MyFragmentStateAdapter(32069): getCount
07-05 22:31:19.929 I/MyFragmentStateAdapter(32069): getCount
07-05 22:31:19.951 I/MyFragmentStateAdapter(32069): getCount
07-05 22:31:19.973 I/MyFragmentStateAdapter(32069): getCount
07-05 22:31:19.998 I/MyFragmentStateAdapter(32069): getCount
07-05 22:31:20.024 I/MyFragmentStateAdapter(32069): getCount
07-05 22:31:20.051 I/MyFragmentStateAdapter(32069): getCount
07-05 22:31:20.077 I/MyFragmentStateAdapter(32069): getCount
07-05 22:31:20.099 I/MyFragmentStateAdapter(32069): getCount
07-05 22:31:20.120 I/MyFragmentStateAdapter(32069): getCount
07-05 22:31:20.142 I/MyFragmentStateAdapter(32069): getCount
07-05 22:31:20.167 I/MyFragmentStateAdapter(32069): getCount
07-05 22:31:20.185 I/TVMW@devctrl( 1234): wdt
07-05 22:31:20.191 I/MyFragmentStateAdapter(32069): getCount
07-05 22:31:20.212 I/MyFragmentStateAdapter(32069): getCount
07-05 22:31:20.232 I/MyFragmentStateAdapter(32069): getCount
07-05 22:31:20.262 I/MyFragmentStateAdapter(32069): getCount
07-05 22:31:20.287 I/MyFragmentStateAdapter(32069): getCount
07-05 22:31:20.303 I/NetflixMonitorService( 1733): current fgapk : com.hisense.hicloud.edca
07-05 22:31:20.304 I/NetflixMonitorService( 1733): Netflix status unchanged
07-05 22:31:20.310 I/MyFragmentStateAdapter(32069): getCount
07-05 22:31:20.331 I/MyFragmentStateAdapter(32069): getCount
07-05 22:31:20.351 I/MyFragmentStateAdapter(32069): getCount
07-05 22:31:20.371 I/TVMW@HsTvSetting( 1234): Trace cmd, data = 0x1058
07-05 22:31:20.372 D/til@system( 2026): til_get_system_param option:100002F int:0, bool:0, ret:0
07-05 22:31:20.372 I/TVMW@HsTvSetting( 1234): Trace cmd, data = 0x101f
07-05 22:31:20.372 D/til@system( 2026): til_get_system_param option:100001D int:3, bool:3, ret:0
07-05 22:31:20.372 E/til     ( 2026): [til_get_current_input_source, 101] 
07-05 22:31:20.373 I/TVMW@HsTvSetting( 1234): Trace cmd, data = 0x7007
07-05 22:31:20.373 I/tilwrapper@sm( 2026): HS2TIL_SourceType *hs=0xd, *til=0x900
07-05 22:31:20.373 D/til     ( 2026): get current source 2304
07-05 22:31:20.373 D/SourceRemoteServiceHandler( 2026): getCurrentInputSource.from.til.result is 0, value is 2304
07-05 22:31:20.373 D/SourceRemoteServiceHandler( 2026): getInputSourceType source: 0x900, type=2304
07-05 22:31:20.373 D/til     ( 2026): ###### func:til_get_picture_param option:0x3000006 ######  
07-05 22:31:20.374 I/TVMW@HsTvSetting( 1234): Trace cmd, data = 0x1003
07-05 22:31:20.374 I/MyFragmentStateAdapter(32069): getCount
07-05 22:31:20.374 I/TVMW@HsTvSetting( 1234): Trace cmd, data = 0x8032
07-05 22:31:20.375 I/hstvos  ( 1216): [0m[1;33m[HSHAL][HS_VIDEO][HS_HAL_Video_SetOsdDetect_v2][2389]u16Threshold = 20
07-05 22:31:20.375 I/MiSysSrv( 1214): Not support now! 42, change to mm_video!!!
07-05 22:31:20.375 E/TVMW@videoctrl( 1234):  getOsd is 1
07-05 22:31:20.375 D/til@system( 2026): til_get_system_param option:1000027 int:1, bool:1, ret:0
07-05 22:31:20.376 D/til     ( 2026): ###### func:til_get_picture_param option:0x3000045 ######  
07-05 22:31:20.376 I/TVMW@HsTvSetting( 1234): Trace cmd, data = 0x300c
07-05 22:31:20.376 I/TVMW@HsTvSetting( 1234): Trace 3d, data = 0x300c
07-05 22:31:20.376 I/TVMW@3d ( 1234): Hs_debug3d_trace: func:get3dStatus, line:109
07-05 22:31:20.398 I/MyFragmentStateAdapter(32069): getCount
07-05 22:31:20.419 I/MyFragmentStateAdapter(32069): getCount
07-05 22:31:20.439 I/MyFragmentStateAdapter(32069): getCount
07-05 22:31:20.460 I/MyFragmentStateAdapter(32069): getCount
07-05 22:31:20.470 I/HLSP2P  ( 3457): ## 2017-07-05 22:31:20.470 [3457,3628,:0] INFO ## [HLSP2P][PunchHelper.cpp:286][INFO][SendHeartBeatMsg][PunchHelper] send heartbeat to punch server(111.161.53.222:8002) ok
07-05 22:31:20.479 D/MyLocalStartService(16899): currentName is :com.hisense.hicloud.edca
07-05 22:31:20.481 I/MyFragmentStateAdapter(32069): getCount
07-05 22:31:20.492 I/HLSP2P  ( 3457): ## 2017-07-05 22:31:20.491 [3457,3630,:0] INFO ## [HLSP2P][PunchHelper.cpp:431][INFO][OnHeartbeatRsp][PunchHelper] punch heartbeat rsp ok
07-05 22:31:20.509 I/MyFragmentStateAdapter(32069): getCount
07-05 22:31:20.537 I/MyFragmentStateAdapter(32069): getCount
07-05 22:31:20.562 I/MyFragmentStateAdapter(32069): getCount
07-05 22:31:20.598 I/MyFragmentStateAdapter(32069): getCount
07-05 22:31:20.628 I/MyFragmentStateAdapter(32069): getCount
07-05 22:31:20.657 I/MyFragmentStateAdapter(32069): getCount
07-05 22:31:20.680 I/MyFragmentStateAdapter(32069): getCount
07-05 22:31:20.701 I/MyFragmentStateAdapter(32069): getCount
07-05 22:31:20.725 I/MyFragmentStateAdapter(32069): getCount
07-05 22:31:20.750 I/MyFragmentStateAdapter(32069): getCount
07-05 22:31:20.773 I/MyFragmentStateAdapter(32069): getCount
07-05 22:31:20.798 I/MyFragmentStateAdapter(32069): getCount
07-05 22:31:20.823 I/MyFragmentStateAdapter(32069): getCount
07-05 22:31:20.846 I/MyFragmentStateAdapter(32069): getCount
07-05 22:31:20.868 I/MyFragmentStateAdapter(32069): getCount
07-05 22:31:20.877 I/TVMW@HsTvSetting( 1234): Trace cmd, data = 0x1058
07-05 22:31:20.877 D/til@system( 2026): til_get_system_param option:100002F int:0, bool:0, ret:0
07-05 22:31:20.877 I/TVMW@HsTvSetting( 1234): Trace cmd, data = 0x101f
07-05 22:31:20.877 D/til@system( 2026): til_get_system_param option:100001D int:3, bool:3, ret:0
07-05 22:31:20.878 E/til     ( 2026): [til_get_current_input_source, 101] 
07-05 22:31:20.878 I/TVMW@HsTvSetting( 1234): Trace cmd, data = 0x7007
07-05 22:31:20.878 I/tilwrapper@sm( 2026): HS2TIL_SourceType *hs=0xd, *til=0x900
07-05 22:31:20.878 D/til     ( 2026): get current source 2304
07-05 22:31:20.878 D/SourceRemoteServiceHandler( 2026): getCurrentInputSource.from.til.result is 0, value is 2304
07-05 22:31:20.878 D/SourceRemoteServiceHandler( 2026): getInputSourceType source: 0x900, type=2304
07-05 22:31:20.878 D/til     ( 2026): ###### func:til_get_picture_param option:0x3000006 ######  
07-05 22:31:20.879 I/TVMW@HsTvSetting( 1234): Trace cmd, data = 0x1003
07-05 22:31:20.879 I/TVMW@HsTvSetting( 1234): Trace cmd, data = 0x8032
07-05 22:31:20.880 I/hstvos  ( 1216): [0m[1;33m[HSHAL][HS_VIDEO][HS_HAL_Video_SetOsdDetect_v2][2389]u16Threshold = 20
07-05 22:31:20.880 I/MiSysSrv( 1214): Not support now! 42, change to mm_video!!!
07-05 22:31:20.881 E/TVMW@videoctrl( 1234):  getOsd is 1
07-05 22:31:20.881 D/til@system( 2026): til_get_system_param option:1000027 int:1, bool:1, ret:0
07-05 22:31:20.881 D/til     ( 2026): ###### func:til_get_picture_param option:0x3000045 ######  
07-05 22:31:20.881 I/TVMW@HsTvSetting( 1234): Trace cmd, data = 0x300c
07-05 22:31:20.881 I/TVMW@HsTvSetting( 1234): Trace 3d, data = 0x300c
07-05 22:31:20.881 I/TVMW@3d ( 1234): Hs_debug3d_trace: func:get3dStatus, line:109
07-05 22:31:20.891 I/MyFragmentStateAdapter(32069): getCount
07-05 22:31:20.907 I/HLSP2P  (16183): ## 2017-07-05 22:31:20.907 [16183,16481,:0] INFO ## [HLSP2P][DownloadManager.cpp:35][INFO][TryExtendCacheSize]system memory total size : 1912M, free size : 534M, cache add to 30MB
07-05 22:31:20.921 I/MyFragmentStateAdapter(32069): getCount
07-05 22:31:20.946 I/MyFragmentStateAdapter(32069): getCount
07-05 22:31:20.967 I/MyFragmentStateAdapter(32069): getCount
07-05 22:31:20.994 I/MyFragmentStateAdapter(32069): getCount
07-05 22:31:21.001 I/art     (32035): Background sticky concurrent mark sweep GC freed 13467(707KB) AllocSpace objects, 0(0B) LOS objects, 47% free, 855KB/1642KB, paused 7.573ms total 13.214ms
07-05 22:31:21.020 I/MyFragmentStateAdapter(32069): getCount
07-05 22:31:21.045 I/MyFragmentStateAdapter(32069): getCount
07-05 22:31:21.069 I/MyFragmentStateAdapter(32069): getCount
07-05 22:31:21.086 I/TVMW@devctrl( 1234): wdt
07-05 22:31:21.091 I/MyFragmentStateAdapter(32069): getCount
07-05 22:31:21.114 I/MyFragmentStateAdapter(32069): getCount
07-05 22:31:21.140 I/MyFragmentStateAdapter(32069): getCount
07-05 22:31:21.165 I/MyFragmentStateAdapter(32069): getCount
07-05 22:31:21.188 I/MyFragmentStateAdapter(32069): getCount
07-05 22:31:21.211 I/MyFragmentStateAdapter(32069): getCount
07-05 22:31:21.220 D/AndroidRuntime(32327): >>>>>> START com.android.internal.os.RuntimeInit uid 2000 <<<<<<
07-05 22:31:21.234 I/MyFragmentStateAdapter(32069): getCount
07-05 22:31:21.236 D/AndroidRuntime(32327): CheckJNI is OFF
07-05 22:31:21.258 I/MyFragmentStateAdapter(32069): getCount
07-05 22:31:21.287 I/MyFragmentStateAdapter(32069): getCount
07-05 22:31:21.304 I/NetflixMonitorService( 1733): current fgapk : com.hisense.hicloud.edca
07-05 22:31:21.304 I/NetflixMonitorService( 1733): Netflix status unchanged
07-05 22:31:21.315 I/MyFragmentStateAdapter(32069): getCount
07-05 22:31:21.341 I/MyFragmentStateAdapter(32069): getCount
07-05 22:31:21.370 I/MyFragmentStateAdapter(32069): getCount
07-05 22:31:21.385 I/TVMW@HsTvSetting( 1234): Trace cmd, data = 0x1058
07-05 22:31:21.385 D/til@system( 2026): til_get_system_param option:100002F int:0, bool:0, ret:0
07-05 22:31:21.386 I/TVMW@HsTvSetting( 1234