07-06 00:20:22.270 D/ADLog   ( 7859): RegisterADService => ******before refresh(info.getAdCode())ad_vm_av3&*****com.jamdeo.tv.resources
07-06 00:20:22.270 D/ADLog   ( 7859): RegisterADService => refresh appad, ^^^^app pkg:com.jamdeo.tv.resources  &&&app adcode: ad_vm_av3
07-06 00:20:22.270 D/ADLog   ( 7859): ADServiceHandler => registerADCode(String adCode = ad_vm_av3, String packageName = com.jamdeo.tv.resources, int codeType = 1)
07-06 00:20:22.272 E/NetworkManager(28233): [TID 28382] << request(http://www.baidu.com, 20463705): connect internet failed, url=http://www.baidu.com
07-06 00:20:22.273 D/ADLog   ( 7859): ADServiceHandler => @_@  getADPeriod is 60
07-06 00:20:22.273 D/ADLog   ( 7859): DBManager => query(String adCode = ad_vm_av3, String packageName = com.jamdeo.tv.resources)
07-06 00:20:22.276 D/NetworkManager(28233): [TID 28381] tryConnectFirst: result=false, time consumed=145ms
07-06 00:20:22.276 D/NetworkManager(28233): [TID 28381] >> getRequestTask(http://www.qq.com)
07-06 00:20:22.278 D/ADLog   ( 7859): DBManager => update(String table = AppADCodeInfo, Object obj = com.hisense.service.ad.bean.AppADCodeInfo@33cd1d1a)
07-06 00:20:22.278 D/ADLog   ( 7859): DBManager => update(AppADCodeInfo info = com.hisense.service.ad.bean.AppADCodeInfo@33cd1d1a)
07-06 00:20:22.278 D/ADLog   ( 7859): DBManager => update appcodeinfo---------------------
07-06 00:20:22.278 D/ADLog   ( 7859): DBManager => getValues(String tabName = AppADCodeInfo, Object object = com.hisense.service.ad.bean.AppADCodeInfo@33cd1d1a)
07-06 00:20:22.305 I/MyFragmentStateAdapter(28233): getCount
07-06 00:20:22.311 I/TVWhiteList(28233): strRes = {"code":"A00000","default_key":"tv-{cpuinfo-[Muji]}","default_value":"","key":"tv-{model-[VIDAA_TV]|cpuinfo-[Muji]}","value":"[{\"result\": {\"vod_dolby\": -1,\"vod_h265\": -1,\"vod_h264_4k_plus\": -1,\"vod_h264_jisu_2k\": 1,\"livenet_H264_4k_plus\": -1,\"livenet_H264_jisu_2k\": 1,\"livenet_h265\": -1,\"qixiu\": 0,\"highest_bs\": 19,\"lowest_bs\": 1,\"local_server_config\": \"\", \"other\": \"\"}},{\"version\":3005,\"result\": {\"vod_dolby\": -1,\"vod_h265\": -1,\"vod_h264_4k_plus\": -1,\"vod_h264_jisu_2k\": -1,\"livenet_H264_4k_plus\": -1,\"livenet_H264_jisu_2k\": -1,\"livenet_h265\": -1,\"qixiu\": 0,\"highest_bs\": 19,\"lowest_bs\": 1,\"local_server_config\": \"\", \"other\": \"\"}},{\"version\":3008,\"result\": {\"vod_dolby\": -1,\"vod_h265\": -1,\"vod_h264_4k_plus\": -1,\"vod_h264_jisu_2k\": 1,\"livenet_H264_jisu_2k\": 1,\"qixiu\": 0,\"highest_bs\": 19,\"lowest_bs\": 1,\"local_server_config\": \"{\\\"start_mode\\\": 1}\", \"other\": \"\"}}]"}
07-06 00:20:22.312 D/NetworkManager(28233): [TID 28382] >> request(http://www.qq.com, 20463848)
07-06 00:20:22.313 I/TVWhiteList(28233): use white list version whitev 3000
07-06 00:20:22.313 D/NetworkManager(28233): [TID 28382] request(http://www.qq.com, 20463848): openConnection
07-06 00:20:22.313 I/TVWhiteList(28233): use white list version whitev 3005
07-06 00:20:22.313 I/TVWhiteList(28233): use white list version whitev 3008
07-06 00:20:22.313 V/PackageManager( 1733): getPackageInfo com.hisense.service.ad: Package{2fa4b490 com.hisense.service.ad}
07-06 00:20:22.314 I/TVMW@HsTvSetting( 1234): Trace cmd, data = 0x1058
07-06 00:20:22.315 D/NetworkManager(28233): [TID 28381] getRequestTask(http://www.qq.com): current pool size=2, queue=[]
07-06 00:20:22.315 D/NetworkManager(28233): [TID 28381] getRequestTask(http://www.qq.com): submitted task={java.util.concurrent.FutureTask@5e072ff, 20463848}
07-06 00:20:22.315 D/NetworkManager(28233): [TID 28381] << getRequestTask(http://www.qq.com): returned task=java.util.concurrent.FutureTask@5e072ff
07-06 00:20:22.315 D/NetworkManager(28233): [TID 28381] >> getRequestTask(http://www.iqiyi.com)
07-06 00:20:22.314 D/til@system( 2026): til_get_system_param option:100002F int:0, bool:0, ret:0
07-06 00:20:22.315 D/NetworkManager(28233): [TID 28381] getRequestTask(http://www.iqiyi.com): current pool size=3, queue=[]
07-06 00:20:22.316 D/NetworkManager(28233): [TID 28381] getRequestTask(http://www.iqiyi.com): submitted task={java.util.concurrent.FutureTask@576a715, 20463887}
07-06 00:20:22.316 D/NetworkManager(28233): [TID 28381] << getRequestTask(http://www.iqiyi.com): returned task=java.util.concurrent.FutureTask@576a715
07-06 00:20:22.316 D/NetworkManager(28233): [TID 28381] >> getRequestTask(http://www.163.com)
07-06 00:20:22.316 D/NetworkManager(28233): [TID 28381] getRequestTask(http://www.163.com): current pool size=4, queue=[]
07-06 00:20:22.316 D/NetworkManager(28233): [TID 28381] getRequestTask(http://www.163.com): submitted task={java.util.concurrent.FutureTask@1753401b, 20463887}
07-06 00:20:22.316 D/NetworkManager(28233): [TID 28381] << getRequestTask(http://www.163.com): returned task=java.util.concurrent.FutureTask@1753401b
07-06 00:20:22.316 D/NetworkManager(28233): [TID 28381] >> getRequestTask(http://www.taobao.com)
07-06 00:20:22.316 D/Player/Player/NativePlayerUtils(28233): [TID 28388] loadWhiteListSync(), white list fetched: {"SupportDolby":false,"SupportH265":false,"Support4K":false,"SupportLive":true}
07-06 00:20:22.316 D/NetworkManager(28233): [TID 28381] getRequestTask(http://www.taobao.com): current pool size=5, queue=[]
07-06 00:20:22.316 D/Player/Player/NativePlayerUtils(28233): [TID 28388] parseWhiteListJson(jsonString:{"SupportDolby":false,"SupportH265":false,"Support4K":false,"SupportLive":true})
07-06 00:20:22.316 D/NetworkManager(28233): [TID 28381] getRequestTask(http://www.taobao.com): submitted task={java.util.concurrent.FutureTask@a79f91, 20463888}
07-06 00:20:22.316 D/NetworkManager(28233): [TID 28381] << getRequestTask(http://www.taobao.com): returned task=java.util.concurrent.FutureTask@a79f91
07-06 00:20:22.316 D/NetworkManager(28233): [TID 28381] >> getRequestTask(http://www.sina.com.cn)
07-06 00:20:22.316 D/Player/Player/NativePlayerUtils(28233): [TID 28388] parseWhiteListJson, normal:true,h265:false,dolby:false,bs4K:false
07-06 00:20:22.317 D/NetworkManager(28233): [TID 28381] getRequestTask(http://www.sina.com.cn): current pool size=6, queue=[]
07-06 00:20:22.317 D/NetworkManager(28233): [TID 28381] getRequestTask(http://www.sina.com.cn): submitted task={java.util.concurrent.FutureTask@a5bc2f7, 20463888}
07-06 00:20:22.317 D/NetworkManager(28233): [TID 28381] << getRequestTask(http://www.sina.com.cn): returned task=java.util.concurrent.FutureTask@a5bc2f7
07-06 00:20:22.318 D/Player/Player/NativePlayerUtils(28233): [TID 28264] << loadWhiteListSync()
07-06 00:20:22.318 D/Player/Lib/Utils/PlayerDebugUtils(28233): [TID 28264] initialize, allowDebug: false
07-06 00:20:22.319 D/NetworkManager(28233): [TID 28395] >> request(http://www.163.com, 20463887)
07-06 00:20:22.320 D/NetworkManager(28233): [TID 28395] request(http://www.163.com, 20463887): openConnection
07-06 00:20:22.320 I/TVMW@HsTvSetting( 1234): Trace cmd, data = 0x101f
07-06 00:20:22.322 D/til@system( 2026): til_get_system_param option:100001D int:3, bool:3, ret:0
07-06 00:20:22.322 E/til     ( 2026): [til_get_current_input_source, 101] 
07-06 00:20:22.322 D/CLog    (28233): cpuinfo_len is (370):
07-06 00:20:22.322 D/CLog    (28233): Processor	: AArch64 Processor rev 3 (aarch64)
07-06 00:20:22.322 D/CLog    (28233): processor	: 0
07-06 00:20:22.322 D/CLog    (28233): processor	: 1
07-06 00:20:22.322 D/CLog    (28233): processor	: 2
07-06 00:20:22.322 D/CLog    (28233): processor	: 3
07-06 00:20:22.322 D/CLog    (28233): Features	: fp asimd aes pmull sha1 sha2 crc32 wp half thumb fastmult vfp edsp neon vfpv3 tlsi vfpv4 idiva idivt 
07-06 00:20:22.322 D/CLog    (28233): CPU implementer	: 0x41
07-06 00:20:22.322 D/CLog    (28233): CPU architecture: 8
07-06 00:20:22.322 D/CLog    (28233): CPU variant	: 0x0
07-06 00:20:22.322 D/CLog    (28233): CPU part	: 0xd03
07-06 00:20:22.322 D/CLog    (28233): CPU revision	: 3
07-06 00:20:22.322 D/CLog    (28233): 
07-06 00:20:22.322 D/CLog    (28233): Hardware	: Muji
07-06 00:20:22.322 D/CLog    (28233): Revision	: 0000
07-06 00:20:22.322 D/CLog    (28233): Serial		: 0000000000000000
07-06 00:20:22.322 D/CLog    (28233): 
07-06 00:20:22.322 D/CLog    (28233): cpuinfo hardware is Muji
07-06 00:20:22.322 I/TVMW@HsTvSetting( 1234): Trace cmd, data = 0x7007
07-06 00:20:22.322 I/TVWhiteList(28233): longyUrl = http://msg.71.am/v5/core/bmd?t=pfmc&success=1&tm1=73&bgv=3.0&tv_device=VIDAA_TV-4-Muji-22-Hisense&isadapted=1&krv=3.8.3
07-06 00:20:22.323 I/tilwrapper@sm( 2026): HS2TIL_SourceType *hs=0xd, *til=0x900
07-06 00:20:22.323 D/til     ( 2026): get current source 2304
07-06 00:20:22.323 D/SourceRemoteServiceHandler( 2026): getCurrentInputSource.from.til.result is 0, value is 2304
07-06 00:20:22.323 D/SourceRemoteServiceHandler( 2026): getInputSourceType source: 0x900, type=2304
07-06 00:20:22.323 D/til     ( 2026): ###### func:til_get_picture_param option:0x3000006 ######  
07-06 00:20:22.324 I/TVMW@HsTvSetting( 1234): Trace cmd, data = 0x1003
07-06 00:20:22.325 I/TVMW@HsTvSetting( 1234): Trace cmd, data = 0x8032
07-06 00:20:22.326 I/MiSysSrv( 1214): Not support now! 42, change to mm_video!!!
07-06 00:20:22.326 I/hstvos  ( 1216): [0m[1;33m[HSHAL][HS_VIDEO][HS_HAL_Video_SetOsdDetect_v2][2389]u16Threshold = 20
07-06 00:20:22.326 E/TVMW@videoctrl( 1234):  getOsd is 1
07-06 00:20:22.326 D/til@system( 2026): til_get_system_param option:1000027 int:1, bool:1, ret:0
07-06 00:20:22.327 D/til     ( 2026): ###### func:til_get_picture_param option:0x3000045 ######  
07-06 00:20:22.327 I/TVMW@HsTvSetting( 1234): Trace cmd, data = 0x300c
07-06 00:20:22.327 I/TVMW@HsTvSetting( 1234): Trace 3d, data = 0x300c
07-06 00:20:22.327 I/TVMW@3d ( 1234): Hs_debug3d_trace: func:get3dStatus, line:109
07-06 00:20:22.331 D/NetworkManager(28233): [TID 28396] >> request(http://www.taobao.com, 20463888)
07-06 00:20:22.331 V/PackageManager( 1733): getPackageInfo com.hisense.service.ad: Package{2fa4b490 com.hisense.service.ad}
07-06 00:20:22.333 D/NetworkManager(28233): [TID 28396] request(http://www.taobao.com, 20463888): openConnection
07-06 00:20:22.348 D/NetworkManager(28233): [TID 28397] >> request(http://www.sina.com.cn, 20463888)
07-06 00:20:22.349 D/PlayerSdk/PlayerSdkProject(28233): [TID 28264] initPingback
07-06 00:20:22.349 D/NetworkManager(28233): [TID 28397] request(http://www.sina.com.cn, 20463888): openConnection
07-06 00:20:22.361 D/ADLog   ( 7859): ADDaoHandler => update ADCodeInfo
07-06 00:20:22.361 D/ADLog   ( 7859): DBManager => update(String table = ADCodeInfo, Object obj = ADCodeInfo [id=3, adCode=ad_sc, packageNamecom.jamdeo.tv.tileanimation, UpdateStatus=1, defaultAdID=1000000002492, defaultAdURL=http://download.hismarttv.com/epgdata/ImageAD/9000019146505.jpg, defaultAdPath=/data/data/com.hisense.service.ad/files/ad/9000019146505.jpg, defaultAdType=5, owner=hitv, lastUpdateTime=1499242762, lock=java.util.concurrent.locks.ReentrantLock@3b06c910[Locked by thread pool-1-thread-1], adInfos=[]])
07-06 00:20:22.361 D/ADLog   ( 7859): DBManager => getValues(String tabName = ADCodeInfo, Object object = ADCodeInfo [id=3, adCode=ad_sc, packageNamecom.jamdeo.tv.tileanimation, UpdateStatus=1, defaultAdID=1000000002492, defaultAdURL=http://download.hismarttv.com/epgdata/ImageAD/9000019146505.jpg, defaultAdPath=/data/data/com.hisense.service.ad/files/ad/9000019146505.jpg, defaultAdType=5, owner=hitv, lastUpdateTime=1499242762, lock=java.util.concurrent.locks.ReentrantLock@3b06c910[Locked by thread pool-1-thread-1], adInfos=[]])
07-06 00:20:22.361 D/ADLog   ( 7859): CommonUtils => getStringFromList:   [{"id":"8","code":"hitvdef","url":"http:\/\/api.hismarttv.com\/adapi\/getlogopic?type=0&ac=${ADCODE}&pid=${ADPOLICY}&aid=${ADID}&did=${DEVICEID}&t=${TIME}&act=${ACTION}&dt=${DISPLAYTIMES}&tz=${TIMEZONE}&mac=${MAC}"}]
07-06 00:20:22.365 D/NetworkManager(28233): [TID 28394] >> request(http://www.iqiyi.com, 20463887)
07-06 00:20:22.366 D/NetworkManager(28233): [TID 28394] request(http://www.iqiyi.com, 20463887): openConnection
07-06 00:20:22.383 D/NetworkManager(28233): [TID 28382] << request(http://www.qq.com, 20463848): connect internet success, url=http://www.qq.com
07-06 00:20:22.387 D/ADLog   ( 7859): DBManager => result = 1
07-06 00:20:22.387 D/ADLog   ( 7859): ADDaoHandler => getADCodeInfo(String adCode = ad_vm_av3)
07-06 00:20:22.387 D/ADLog   ( 7859): DBManager => query(String adCode = ad_vm_av3)
07-06 00:20:22.387 D/NetworkManager(28233): [TID 28381] retryConnectOthers: result=true, time consumed=110ms
07-06 00:20:22.394 V/DataSource( 1206): sniff
07-06 00:20:22.394 I/FFmpegExtractor( 1206): android-source:0xb8bfe520
07-06 00:20:22.396 I/FFMPEG  ( 1206): [mov,mp4,m4a,3gp,3g2,mj2 @ 0xf371c400] Format mov,mp4,m4a,3gp,3g2,mj2 probed with size=2048 and score=100
07-06 00:20:22.396 I/System.out(28233): <TVAPI> DEBUG(TVApiProperty): read passport-device-id=tv_69b1ef544cadbb86e8f28950ece1c76a_1167652938875
07-06 00:20:22.396 D/MediaHTTPConnection(28233): [Connection@301301337] getSize mTotalSize = 218840697
07-06 00:20:22.399 I/MyFragmentStateAdapter(28233): getCount
07-06 00:20:22.399 E/NetworkManager(28233): [TID 28397] << request(http://www.sina.com.cn, 20463888): connect internet failed, url=http://www.sina.com.cn
07-06 00:20:22.400 I/FFMPEG  ( 1206): [mov,mp4,m4a,3gp,3g2,mj2 @ 0xf371c400] ISO: File Type Major Brand: isom
07-06 00:20:22.413 D/pingbacklog/getHardwareInfo(28233): getHardwareInfo: info=muji
07-06 00:20:22.419 D/ADLog   ( 7859): DBManager => ADCodeInfo cursor.getCount() = 1
07-06 00:20:22.420 D/ADLog   ( 7859): DBManager => queryPlayPolicy(adCode = ad_vm_av3, packageName = com.jamdeo.tv.resources)
07-06 00:20:22.423 E/ADLog   ( 7859): DBManager => query count is 0
07-06 00:20:22.426 D/ADLog   ( 7859): DBManager => ADCodeInfo [id=6, adCode=ad_vm_av3, packageNamecom.jamdeo.tv.resources, UpdateStatus=2, defaultAdID=1000000005878, defaultAdURL=http://download.hismarttv.com/epgdata/ImageAD/9000019142662.jpg, defaultAdPath=/data/data/com.hisense.service.ad/files/ad/9000019142662.jpg, defaultAdType=5, owner=hitv, lastUpdateTime=1499242764, lock=java.util.concurrent.locks.ReentrantLock@294f804b[Unlocked], adInfos=[]]
07-06 00:20:22.426 I/ADLog   ( 7859): ADServiceHandler => to update ad_vm_av3 ad strategy.
07-06 00:20:22.426 D/ADLog   ( 7859): ADDaoHandler => update ADCodeInfo
07-06 00:20:22.426 D/ADLog   ( 7859): DBManager => update(String table = ADCodeInfo, Object obj = ADCodeInfo [id=6, adCode=ad_vm_av3, packageNamecom.jamdeo.tv.resources, UpdateStatus=1, defaultAdID=1000000005878, defaultAdURL=http://download.hismarttv.com/epgdata/ImageAD/9000019142662.jpg, defaultAdPath=/data/data/com.hisense.service.ad/files/ad/9000019142662.jpg, defaultAdType=5, owner=hitv, lastUpdateTime=1499242764, lock=java.util.concurrent.locks.ReentrantLock@294f804b[Unlocked], adInfos=[]])
07-06 00:20:22.426 D/ADLog   ( 7859): DBManager => getValues(String tabName = ADCodeInfo, Object object = ADCodeInfo [id=6, adCode=ad_vm_av3, packageNamecom.jamdeo.tv.resources, UpdateStatus=1, defaultAdID=1000000005878, defaultAdURL=http://download.hismarttv.com/epgdata/ImageAD/9000019142662.jpg, defaultAdPath=/data/data/com.hisense.service.ad/files/ad/9000019142662.jpg, defaultAdType=5, owner=hitv, lastUpdateTime=1499242764, lock=java.util.concurrent.locks.ReentrantLock@294f804b[Unlocked], adInfos=[]])
07-06 00:20:22.426 D/ADLog   ( 7859): CommonUtils => getStringFromList:   [{"id":"8","code":"hitvdef","url":"http:\/\/api.hismarttv.com\/adapi\/getlogopic?type=0&ac=${ADCODE}&pid=${ADPOLICY}&aid=${ADID}&did=${DEVICEID}&t=${TIME}&act=${ACTION}&dt=${DISPLAYTIMES}&tz=${TIMEZONE}&mac=${MAC}"}]
07-06 00:20:22.429 I/TVWhiteList(28233): strRes = 
07-06 00:20:22.434 D/ADLog   ( 7859): DBManager => result = 1, table : ADCodeInfo
07-06 00:20:22.434 I/ADLog   ( 7859): ADServiceHandler => com.jamdeo.tv.resources success to register ad_vm_av3 ADCode.
07-06 00:20:22.449 D/pingbacklog-set(28233): QiyiPingBack2.setAnonymityId is be used, mAnonymityId = tv_69b1ef544cadbb86e8f28950ece1c76a
07-06 00:20:22.449 D/pingbacklog-set(28233): QiyiPingBack2.setPassportId is be used, UserId = null
07-06 00:20:22.452 I/MemTotal:        1958344 kB(28233): MemTotal:	
07-06 00:20:22.452 I/MemTotal:        1958344 kB(28233): 1958344	
07-06 00:20:22.452 I/MemTotal:        1958344 kB(28233): kB	
07-06 00:20:22.456 D/PlayerSdk/PlayerSdkProject(28233): [TID 28264] initPingback: domainName=ptqy.gitv.tv, ver=2.1.0.59986, uuid=20151228165619572MkCHJfWb11209, userId=null, isNewUser=true, deviceid=tv_69b1ef544cadbb86e8f28950ece1c76a_1167652938875, setAnonymityId=tv_69b1ef544cadbb86e8f28950ece1c76a
07-06 00:20:22.456 E/NetworkManager(28233): [TID 28396] << request(http://www.taobao.com, 20463888): connect internet failed, url=http://www.taobao.com
07-06 00:20:22.462 D/PlayerSdk/CheckPackageNameJob(28233): [TID 28264] SdkConfigManager.instance().getConfig() = SdkConfig@35299412{mCustomerCode=60, mPlayerConfigType=4, mPlatformType=HAIXIN, mLoginType=SUB_ACCOUNT, mIsEnableDolby=false, mIsEnableH265=false, mIsEnable4K=true, mIsSupportYinhePingback=false, mShouldDoPlayCheck=true, mshouldGetUuidFromServer=true, mPingbackS1=2, mPingbackS2=simple_sdk, mPingbackP2=3128, mDomainName=ptqy.gitv.tv, mIsDebugVersion=false, mIsDebugVersion=false, mCustomerPackageNames=[com.hisense.hicloud.edca], mEnableSetBitstream=true}
07-06 00:20:22.466 D/PlayerSdk/CheckPackageNameJob@1515a3cd(28233): [TID 28264] isCancelled() Job[PlayerSdk/CheckPackageNameJob@1515a3cd](mState=0, mData=Object1073715091, mError=null) return false
07-06 00:20:22.467 D/NetworkManager(28233): [TID 28381] getRealState: activeNetInfo={[type: Ethernet[], state: CONNECTED/CONNECTED, reason: (unspecified), extra: a8:a6:48:18:fc:a8, roaming: false, failover: false, isAvailable: true, isConnectedToProvisioningNetwork: false]}, isConnected=true
07-06 00:20:22.467 D/PlayerSdk/CheckPackageNameJob(28233): [TID 28264] onRun(), mCurrentPackageName=com.hisense.hicloud.edca, mCustomerPackageNames=511068292:[com.hisense.hicloud.edca]
07-06 00:20:22.467 D/PlayerSdk/CheckPackageNameJob@1515a3cd(28233): [TID 28264] notifyJobSuccess() Job[PlayerSdk/CheckPackageNameJob@1515a3cd](mState=1, mData=Object1073715091, mError=null)
07-06 00:20:22.467 D/PlayerSdk/DeviceCheckTask@fad6482(28233): [TID 28264] isCancelled() Job[PlayerSdk/DeviceCheckTask@fad6482](mState=0, mData=Object783582160, mError=null) return false
07-06 00:20:22.467 D/PlayerSdk/DeviceCheckTask(28233): [TID 28264] execte.onRun: isDevChecked=false, isDeviceCheckPass=false
07-06 00:20:22.468 D/AccessToken(28233): [TID 28264] isAllowedAccess() count=0, now=1499271622467, time=1499271622467, mMaxCount = 5, duration = 600000, mAccessTime = 0, return true
07-06 00:20:22.468 D/AccessToken(28233): [TID 28264] isAllowedAccess() count=0, now=1499271622468, time=1499271622468, mMaxCount = 5, duration = 600000, mAccessTime = 0, return true
07-06 00:20:22.468 D/PlayerSdk/DeviceCheckTask(28233): [TID 28264] deviceCheck
07-06 00:20:22.468 D/PlayerSdk/DeviceCheckTask(28233): [TID 28264] deviceCheck: devCheckTest=-1
07-06 00:20:22.469 I/System.out(28233): <TVAPI> DEBUG(isUpdateData): isUpdateData=devRegister-true
07-06 00:20:22.469 I/System.out(28233): <TVAPI> DEBUG(TVAPI): uuid=20151228165619572MkCHJfWb11209
07-06 00:20:22.469 I/System.out(28233): <TVAPI> DEBUG(TVAPI): version=2.1.0.59986
07-06 00:20:22.469 I/System.out(28233): <TVAPI> DEBUG(TVApiProperty): read passport-device-id=tv_69b1ef544cadbb86e8f28950ece1c76a_1167652938875
07-06 00:20:22.470 I/System.out(28233): <TVAPI> DEBUG(id=6, systemTime): url = http://pdata.video.ptqy.gitv.tv/k
07-06 00:20:22.470 I/System.out(28233): D/(load-playerplugin, CommonApi-systemTime): url=http://pdata.video.ptqy.gitv.tv/k
07-06 00:20:22.479 I/MyFragmentStateAdapter(28233): getCount
07-06 00:20:22.496 I/System.out(28233): <TVAPI> DEBUG(id=5, devRegister): url = http://data2.itv.ptqy.gitv.tv/itv/devRegister/OGFjZjgxODQ2YThhLzIwMTUxMjI4MTY1NjE5NTcyTWtDSEpmV2IxMTIwOS8yLjEuMC41OTk4Ng/39467112fe7be1432adcf86e152f4899
07-06 00:20:22.497 I/System.out(28233): <TVAPI> DEBUG(id=5, devRegister): header = qyid:tv_69b1ef544cadbb86e8f28950ece1c76a_1167652938875
07-06 00:20:22.497 I/System.out(28233): <TVAPI> DEBUG(id=5, devRegister): header = ov:5.1.1
07-06 00:20:22.497 I/System.out(28233): <TVAPI> DEBUG(id=5, devRegister): header = apkVer:2.1.0.59986
07-06 00:20:22.496 D/ADLog   ( 7859): DBManager => result = 1, table : ADCodeInfo
07-06 00:20:22.506 D/ADLog   ( 7859): DBManager => delete(String table = ADPlayPolicy, String adCode = ad_sc, String packageName = com.jamdeo.tv.tileanimation)
07-06 00:20:22.506 D/ADLog   ( 7859): DBManager => delete TAB_ADPLAYPOLICY 
07-06 00:20:22.507 D/ADLog   ( 7859): DBManager => result = 0
07-06 00:20:22.507 D/ADLog   ( 7859): UpdateADStrategy => to update default ad for ad_sc
07-06 00:20:22.512 V/PackageManager( 1733): getPackageInfo com.hisense.service.ad: Package{2fa4b490 com.hisense.service.ad}
07-06 00:20:22.515 D/FFmpegExtractor( 1206): FFmpegExtrator, url: android-source:0xb8bfe520, format_name: mov,mp4,m4a,3gp,3g2,mj2, format_long_name: QuickTime / MOV
07-06 00:20:22.515 D/FFmpegExtractor( 1206): suppoted codec(h264) by official Stagefright
07-06 00:20:22.515 D/FFmpegExtractor( 1206): suppoted codec(aac) by official Stagefright
07-06 00:20:22.515 I/FFMPEG  ( 1206): [AVIOContext @ 0xb8bfe5c0] Statistics: 426780 bytes read, 0 seeks
07-06 00:20:22.515 D/FFmpegExtractor( 1206): ffmpeg detected media content as 'video/mp4' with confidence 0.08
07-06 00:20:22.519 D/ADLog   ( 7859): ResourceDownloadManager => handleDownloadRequest downloadInfo = com.hisense.service.ad.bean.DownloadListInfo@14f2aa28
07-06 00:20:22.519 D/ADLog   ( 7859): ResourceDownloadManager => handleDownloadRequest downloadTaskList = [com.hisense.service.ad.bean.DownloadListInfo@1e1ad341]size1
07-06 00:20:22.519 D/ADLog   ( 7859): ResourceDownloadManager => startDownloader()
07-06 00:20:22.519 D/ADLog   ( 7859): ResourceDownloadManager => reclaimStorageSpace() enableReclaim = true
07-06 00:20:22.519 D/ADLog   ( 7859): ResourceDownloadManager => clear expired AppAdCodeInfo
07-06 00:20:22.519 D/ADLog   ( 7859): ADDaoHandler => adcode valid period: 604800
07-06 00:20:22.523 D/NetworkManager(28233): [TID 28233] onNetStateChanged(2)
07-06 00:20:22.526 D/ADLog   ( 7859): DBManager => queryExpireADCode(long time = 1498638022)
07-06 00:20:22.527 I/ADLog   ( 7859): DBManager => query count is 0
07-06 00:20:22.527 D/ADLog   ( 7859): ResourceDownloadManager => start to clear unused files ......
07-06 00:20:22.527 D/ADLog   ( 7859): DBManager => queryDefaultPath(String clomun = ADRESOURCEPATH, String tableName = ADPlayPolicy)
07-06 00:20:22.528 D/ADLog   ( 7859): DBManager => queryAllPath(String clomun = ADPREFORMPATH, String tableName = ADPlayPolicy)
07-06 00:20:22.537 D/ADLog   ( 7859): CommonUtils => getListFromString:   
07-06 00:20:22.537 D/ADLog   ( 7859): CommonUtils => getListFromString:   
07-06 00:20:22.537 D/ADLog   ( 7859): CommonUtils => getListFromString:   
07-06 00:20:22.538 D/ADLog   ( 7859): ResourceDownloadManager => send a Request to download ad_sc
07-06 00:20:22.538 D/ADLog   ( 7859): ADDaoHandler => update ADCodeInfo
07-06 00:20:22.539 D/ADLog   ( 7859): DBManager => queryDefaultPath(String clomun = DEFAULTADPATH, String tableName = ADCodeInfo)
07-06 00:20:22.548 I/System.out(28233): <TVAPI> DEBUG(id=5, devRegister, response_time = 76ms): data = {"msg":"","code":"N000000","data":{"apiKey":"9e14d341281067d05d771f41454858c0","authId":1210,"flag":"","hide":"qiyicom","ip":"27.223.99.130","ipLoc":"1-48-3-6-6002-0-77","ipZh":"-----None-","kv":[{"hcdn":"hCDN"},{"homepageHot":""},{"homepageNew":""},{"ruleCode":"http://static.ptqy.gitv.tv/js/tv/app/getPlayerConfig.js","playerConfig":""},{"isShowExitAppDialog":"apk"}],"loading":"","loginTunnel":0,"resIds":[{"id":201221412,"seq":1},{"id":201713612,"seq":2},{"id":201757412,"seq":3}],"sysTime":1499269541,"tab":[],"tip":"","upgradeType":-1,"url":"","version":""}}
07-06 00:20:22.548 D/AccessToken(28233): [TID 28264] increaseAccessCount() count=1
07-06 00:20:22.548 D/AccessToken(28233): [TID 28264] increaseAccessCount() count=1
07-06 00:20:22.548 D/PlayerSdk/DeviceCheckTask(28233): [TID 28264] deviceCheck.onSuccess: deviceIp: 27.223.99.130
07-06 00:20:22.549 D/PlayerSdk/DeviceCheckTask@fad6482(28233): [TID 28264] notifyJobSuccess() Job[PlayerSdk/DeviceCheckTask@fad6482](mState=1, mData=Object783582160, mError=null)
07-06 00:20:22.550 D/ADLog   ( 7859): DBManager => update(String table = ADCodeInfo, Object obj = ADCodeInfo [id=3, adCode=ad_sc, packageNamecom.jamdeo.tv.tileanimation, UpdateStatus=2, defaultAdID=1000000002492, defaultAdURL=http://download.hismarttv.com/epgdata/ImageAD/9000019146505.jpg, defaultAdPath=/data/data/com.hisense.service.ad/files/ad/9000019146505.jpg, defaultAdType=5, owner=hitv, lastUpdateTime=1499242822, lock=java.util.concurrent.locks.ReentrantLock@3b06c910[Unlocked], adInfos=[]])
07-06 00:20:22.550 D/ADLog   ( 7859): DBManager => getValues(String tabName = ADCodeInfo, Object object = ADCodeInfo [id=3, adCode=ad_sc, packageNamecom.jamdeo.tv.tileanimation, UpdateStatus=2, defaultAdID=1000000002492, defaultAdURL=http://download.hismarttv.com/epgdata/ImageAD/9000019146505.jpg, defaultAdPath=/data/data/com.hisense.service.ad/files/ad/9000019146505.jpg, defaultAdType=5, owner=hitv, lastUpdateTime=1499242822, lock=java.util.concurrent.locks.ReentrantLock@3b06c910[Unlocked], adInfos=[]])
07-06 00:20:22.550 D/ADLog   ( 7859): CommonUtils => getStringFromList:   [{"id":"8","code":"hitvdef","url":"http:\/\/api.hismarttv.com\/adapi\/getlogopic?type=0&ac=${ADCODE}&pid=${ADPOLICY}&aid=${ADID}&did=${DEVICEID}&t=${TIME}&act=${ACTION}&dt=${DISPLAYTIMES}&tz=${TIMEZONE}&mac=${MAC}"}]
07-06 00:20:22.550 I/MyFragmentStateAdapter(28233): getCount
07-06 00:20:22.557 D/ADLog   ( 7859): ResourceDownloadManager => deleteResourceFileExpired(File file = /data/data/com.hisense.service.ad/files/ad, List<String> resourceFiles = [/data/data/com.hisense.service.ad/files/ad/9000019161810.jpg, /data/data/com.hisense.service.ad/files/ad/9000019161810.jpg, /data/data/com.hisense.service.ad/files/ad/9000019159537_9000019159537.mp4, /data/data/com.hisense.service.ad/files/ad/9000019146505.jpg, /data/data/com.hisense.service.ad/files/ad/9000019139817.jpg, /data/data/com.hisense.service.ad/files/ad/9000019159462.zip, /data/data/com.hisense.service.ad/files/ad/9000019142662.jpg])
07-06 00:20:22.557 D/PlayerSdk/GrayScaleSwitcherProvider(28233): [TID 28264] execute: handler has no messages, send it.
07-06 00:20:22.557 D/PlayerSdk/GrayScaleSwitcherProvider(28233): [TID 28264] fetchSwitchData
07-06 00:20:22.562 D/NetworkManager(28233): [TID 28395] << request(http://www.163.com, 20463887): connect internet success, url=http://www.163.com
07-06 00:20:22.564 I/System.out(28233): <TVAPI> DEBUG(isUpdateData): isUpdateData=dynamicQ-true
07-06 00:20:22.564 I/System.out(28233): <TVAPI> DEBUG(TVApiProperty): read passport-device-id=tv_69b1ef544cadbb86e8f28950ece1c76a_1167652938875
07-06 00:20:22.564 I/System.out(28233): <TVAPI> DEBUG(id=7, dynamicQ): url = http://data2.itv.ptqy.gitv.tv/itv/dynamicQ/1210/2.1.0.59986/VIDAA_TV/0/0/1/0/0/0/0
07-06 00:20:22.564 I/System.out(28233): <TVAPI> DEBUG(id=7, dynamicQ): header = qyid:tv_69b1ef544cadbb86e8f28950ece1c76a_1167652938875
07-06 00:20:22.564 I/System.out(28233): <TVAPI> DEBUG(id=7, dynamicQ): header = ov:5.1.1
07-06 00:20:22.564 I/System.out(28233): <TVAPI> DEBUG(id=7, dynamicQ): header = apkVer:2.1.0.59986
07-06 00:20:22.564 I/System.out(28233): <TVAPI> DEBUG(id=7, dynamicQ): header = apiKey:9e14d341281067d05d771f41454858c0
07-06 00:20:22.569 I/System.out(28233): <TVAPI> DEBUG(System Time): 1499271622
07-06 00:20:22.570 I/System.out(28233): <TVAPI> DEBUG(id=6, systemTime, response_time = 100ms): data = {"t":"1499271622","m":"852c6297546dcc5f36c3c10b4bd91c4bee44c50ce708393e","u":"852c6297546dcc5f4d24d3de535e06c5cd209a1d88b78425","i":"220.181.109.33","k":"852c6297546dcc5f0a787307e073d2999db42e51cb91c539"}
07-06 00:20:22.569 D/ADLog   ( 7859): ResourceDownloadManager => deleteResourceFileExpired(File file = /data/data/com.hisense.service.ad/files/ad/9000019161810.jpg, List<String> resourceFiles = [/data/data/com.hisense.service.ad/files/ad/9000019161810.jpg, /data/data/com.hisense.service.ad/files/ad/9000019161810.jpg, /data/data/com.hisense.service.ad/files/ad/9000019159537_9000019159537.mp4, /data/data/com.hisense.service.ad/files/ad/9000019146505.jpg, /data/data/com.hisense.service.ad/files/ad/9000019139817.jpg, /data/data/com.hisense.service.ad/files/ad/9000019159462.zip, /data/data/com.hisense.service.ad/files/ad/9000019142662.jpg])
07-06 00:20:22.570 D/ADLog   ( 7859): ResourceDownloadManager => path is /data/data/com.hisense.service.ad/files/ad/9000019161810.jpg
07-06 00:20:22.570 D/ADLog   ( 7859): ResourceDownloadManager => deleteResourceFileExpired(File file = /data/data/com.hisense.service.ad/files/ad/9000019142662.jpg, List<String> resourceFiles = [/data/data/com.hisense.service.ad/files/ad/9000019161810.jpg, /data/data/com.hisense.service.ad/files/ad/9000019161810.jpg, /data/data/com.hisense.service.ad/files/ad/9000019159537_9000019159537.mp4, /data/data/com.hisense.service.ad/files/ad/9000019146505.jpg, /data/data/com.hisense.service.ad/files/ad/9000019139817.jpg, /data/data/com.hisense.service.ad/files/ad/9000019159462.zip, /data/data/com.hisense.service.ad/files/ad/9000019142662.jpg])
07-06 00:20:22.570 D/ADLog   ( 7859): ResourceDownloadManager => path is /data/data/com.hisense.service.ad/files/ad/9000019142662.jpg
07-06 00:20:22.570 D/ADLog   ( 7859): ResourceDownloadManager => deleteResourceFileExpired(File file = /data/data/com.hisense.service.ad/files/ad/9000019146505.jpg, List<String> resourceFiles = [/data/data/com.hisense.service.ad/files/ad/9000019161810.jpg, /data/data/com.hisense.service.ad/files/ad/9000019161810.jpg, /data/data/com.hisense.service.ad/files/ad/9000019159537_9000019159537.mp4, /data/data/com.hisense.service.ad/files/ad/9000019146505.jpg, /data/data/com.hisense.service.ad/files/ad/9000019139817.jpg, /data/data/com.hisense.service.ad/files/ad/9000019159462.zip, /data/data/com.hisense.service.ad/files/ad/9000019142662.jpg])
07-06 00:20:22.570 D/ADLog   ( 7859): ResourceDownloadManager => path is /data/data/com.hisense.service.ad/files/ad/9000019146505.jpg
07-06 00:20:22.571 D/ADLog   ( 7859): ResourceDownloadManager => deleteResourceFileExpired(File file = /data/data/com.hisense.service.ad/files/ad/9000019139817.jpg, List<String> resourceFiles = [/data/data/com.hisense.service.ad/files/ad/9000019161810.jpg, /data/data/com.hisense.service.ad/files/ad/9000019161810.jpg, /data/data/com.hisense.service.ad/files/ad/9000019159537_9000019159537.mp4, /data/data/com.hisense.service.ad/files/ad/9000019146505.jpg, /data/data/com.hisense.service.ad/files/ad/9000019139817.jpg, /data/data/com.hisense.service.ad/files/ad/9000019159462.zip, /data/data/com.hisense.service.ad/files/ad/9000019142662.jpg])
07-06 00:20:22.571 D/ADLog   ( 7859): ResourceDownloadManager => path is /data/data/com.hisense.service.ad/files/ad/9000019139817.jpg
07-06 00:20:22.571 D/ADLog   ( 7859): ResourceDownloadManager => deleteResourceFileExpired(File file = /data/data/com.hisense.service.ad/files/ad/9000019159462.zip, List<String> resourceFiles = [/data/data/com.hisense.service.ad/files/ad/9000019161810.jpg, /data/data/com.hisense.service.ad/files/ad/9000019161810.jpg, /data/data/com.hisense.service.ad/files/ad/9000019159537_9000019159537.mp4, /data/data/com.hisense.service.ad/files/ad/9000019146505.jpg, /data/data/com.hisense.service.ad/files/ad/9000019139817.jpg, /data/data/com.hisense.service.ad/files/ad/9000019159462.zip, /data/data/com.hisense.service.ad/files/ad/9000019142662.jpg])
07-06 00:20:22.571 D/ADLog   ( 7859): ResourceDownloadManager => path is /data/data/com.hisense.service.ad/files/ad/9000019159462.zip
07-06 00:20:22.572 D/ADLog   ( 7859): ResourceDownloadManager => deleteResourceFileExpired(File file = /data/data/com.hisense.service.ad/files/ad/9000019159537_9000019159537.mp4, List<String> resourceFiles = [/data/data/com.hisense.service.ad/files/ad/9000019161810.jpg, /data/data/com.hisense.service.ad/files/ad/9000019161810.jpg, /data/data/com.hisense.service.ad/files/ad/9000019159537_9000019159537.mp4, /data/data/com.hisense.service.ad/files/ad/9000019146505.jpg, /data/data/com.hisense.service.ad/files/ad/9000019139817.jpg, /data/data/com.hisense.service.ad/files/ad/9000019159462.zip, /data/data/com.hisense.service.ad/files/ad/9000019142662.jpg])
07-06 00:20:22.572 D/ADLog   ( 7859): ResourceDownloadManager => path is /data/data/com.hisense.service.ad/files/ad/9000019159537_9000019159537.mp4
07-06 00:20:22.572 D/ADLog   ( 7859): ResourceDownloadManager => flashMax:104857600
07-06 00:20:22.572 D/ADLog   ( 7859): ResourceDownloadManager => storageSpaceUsed:15542387
07-06 00:20:22.572 D/ADLog   ( 7859): ResourceDownloadManager => availableStorageSpace:3562942464
07-06 00:20:22.572 D/ADLog   ( 7859): ResourceDownloadManager => task count is 1
07-06 00:20:22.573 D/ADLog   ( 7859): HttpDownloader => HttpDownloader60 downloadInfo::com.hisense.service.ad.bean.DownloadListInfo@230ff0e6, com.hisense.service.ad.bean.DownloadListInfo@1e1ad341
07-06 00:20:22.574 D/ADLog   ( 7859): HttpDownloader => httpdownloader60: to download resource file /data/data/com.hisense.service.ad/files/ad/9000019146505.jpg
07-06 00:20:22.574 D/ADLog   ( 7859): HttpDownloader => httpdownloader60: resource url is http://download.hismarttv.com/epgdata/ImageAD/9000019146505.jpg
07-06 00:20:22.575 I/ResourceDownloadManager( 7859): success to create a http downloader.
07-06 00:20:22.585 V/PackageManager( 1733): getPackageInfo com.hisense.service.ad: Package{2fa4b490 com.hisense.service.ad}
07-06 00:20:22.598 I/MyFragmentStateAdapter(28233): getCount
07-06 00:20:22.600 D/ADLog   ( 7859): DBManager => result = 1, table : ADCodeInfo
07-06 00:20:22.600 D/ADLog   ( 7859): UpdateADStrategy => success to update policy for ad_sc
07-06 00:20:22.600 D/ADLog   ( 7859): ADDaoHandler => getADCodeInfo(String adCode = sys_ssv3)
07-06 00:20:22.600 D/ADLog   ( 7859): DBManager => query(String adCode = sys_ssv3)
07-06 00:20:22.602 D/ADLog   ( 7859): DBManager => ADCodeInfo cursor.getCount() = 1
07-06 00:20:22.602 D/ADLog   ( 7859): DBManager => queryPlayPolicy(adCode = sys_ssv3, packageName = com.jamdeo.screensaver)
07-06 00:20:22.614 D/NetworkManager(28233): [TID 28394] << request(http://www.iqiyi.com, 20463887): connect internet success, url=http://www.iqiyi.com
07-06 00:20:22.616 E/ADLog   ( 7859): DBManager => query count is 0
07-06 00:20:22.616 D/ADLog   ( 7859): DBManager => ADCodeInfo [id=4, adCode=sys_ssv3, packageNamecom.jamdeo.screensaver, UpdateStatus=1, defaultAdID=1000000001239, defaultAdURL=http://download.hismarttv.com/epgdata/ImageAD/9000019139817.jpg, defaultAdPath=/data/data/com.hisense.service.ad/files/ad/9000019139817.jpg, defaultAdType=5, owner=hitv, lastUpdateTime=1499242762, lock=java.util.concurrent.locks.ReentrantLock@113d627[Unlocked], adInfos=[]]
07-06 00:20:22.612 D/ADLog   ( 7859): DBManager => updateADStatus(String adCode = ad_sc, String packageName = com.jamdeo.tv.tileanimation)
07-06 00:20:22.619 D/ADLog   ( 7859): ResourceDownloadManager => success to send a DownloadSuccess msg.ad_sc
07-06 00:20:22.633 D/ADLog   ( 7859): DBManager => change downloadstatus result = 1
07-06 00:20:22.642 D/Carousel-SimpleVideoView(28233): speedKB=2110
07-06 00:20:22.642 D/Carousel-SimpleVideoView(28233): msg.arg1=1
07-06 00:20:22.658 D/ADLog   ( 7859): ResourceDownloadManager => success to send broadcast!!!!!ad_sc
07-06 00:20:22.659 I/System.out(28233): <TVAPI> DEBUG(id=7, dynamicQ, response_time = 58ms): data = {"msg":"","code":"N000000","data":{"apiKey":"","authId":-1,"cnf":{},"flag":"","function":[{"playerConfig":"http://static.ptqy.gitv.tv/js/tv/app/getPlayerConfig.js"},{"appCard":"1"},{"msg_dialog_pos":"4"},{"disableHCDNPreDeploy":"false"},{"dailyInforCornerMark":"http://pic0.ptqy.gitv.tv/common/20170113/4ab9430bee234e2b8c8ae4583669b394.png,http://pic6.ptqy.gitv.tv/common/20170113/d45b2b6ae97a4847a73a245d63f5fe87.png"},{"isDisableAdCache":"0"},{"card_sort":"0"},{"alltag_position":"0"},{"enablePlayerLocalServer":"false"},{"ad_skip_frequency":"-1"},{"enablePlayerLocalServerF4v2Hls":"false"},{"enablePlayerLocalServerStream":"false"},{"disableHcdnDaemon":"false"},{"subChannelPlayerConfig":"http://static.ptqy.gitv.tv/js/tv/app/getSubChannelPlayerConfig.js"},{"childapp":"http://cdn.data.video.ptqy.gitv.tv/cdn/tv/20170630/apk/1_1259_4994_1498801304813.json"},{"chinapokerapp":"http://chessgame.ptqy.gitv.tv/game/info/apis/get_game_info.action?id=212202420"}],"hide":"","ichn":[],"ip":"","ipLoc":"","ipZh":"","is3D":1,"kv":[{"hcdn":"hCDN"},{"homepageHot":""},{"homepageNew":""},{"ruleCode":"http://static.ptqy.gitv.tv/js/tv/app/getPlayerConfig.js","playerConfig":""},{"isShowExitAppDialog":"apk"}],"loading":"","loginTunnel":0,"resIds":[],"support4k":1,"supporth265":1,"sysTime":1499270783,"tab":[],"tip":"","upgradeType":-1,"url":"","verCoupon":"","verMon":"0","verPkg":"","verTvod":"0","version":"","vip":1,"vipCoupon":0,"vipMon":1,"vipPkg":0,"vipTvod":1}}
07-06 00:20:22.659 D/PlayerSdk/GrayScaleSwitcherProvider(28233): [TID 28264] TVApi.dynamicQ: onSuccess
07-06 00:20:22.660 D/PlayerSdk/GrayScaleSwitcherProvider(28233): [TID 28264] TVApi.dynamicQ: data=com.qiyi.tvapi.tv2.model.DeviceCheck@32b50cad, isOpenHcdn=true, sRetryTimesBeforeStarted=3, sRetryTimesAfterStarted=3, isDisableP2PUpload=false, isOpenDrmRootCheck=false
07-06 00:20:22.660 D/PlayerSdk/PlayerSdkProject(28233): [TID 28264] << finishInitialize: consume 618 ms
07-06 00:20:22.660 D/PlayerSdk/PlayerSdkProject(28233): [TID 28264] isPackageNameCheckPassed=true, isDeviceCheckPass=true
07-06 00:20:22.660 D/PlayerSdk/PlayerFeatureProvider(28233): [TID 28264] notifySuccess(looper=Looper (main, tid 1) {3bc14be2}, listener=com.hisense.hicloud.edca.mediaplayer.video.qiyi.QiyiInitTool$1$1@1e88fcb6)
07-06 00:20:22.661 D/PlayerSdk/PlayerFeatureProvider(28233): [TID 28264] << loadPluginPlayerFeature: mSdkFeature=com.qiyi.video.plugin.j@2788ad22
07-06 00:20:22.661 D/AdvertisementManager(17243): getAdvertisementContentInfo(ad_sc) called
07-06 00:20:22.662 D/ADLog   ( 7859): ADServiceAIDL => getADPlayContent adCode = ad_sc packageName = com.jamdeo.tv.tileanimation
07-06 00:20:22.662 D/ADLog   ( 7859): ADServiceHandler => ADContentInfo getAD(String adCode = ad_sc, String packageName = com.jamdeo.tv.tileanimation)
07-06 00:20:22.662 D/ADLog   ( 7859): ADServiceHandler => getADInfo(String adCode = ad_sc, String packageName = com.jamdeo.tv.tileanimation)
07-06 00:20:22.662 D/ADLog   ( 7859): DBManager => query(String adCode = ad_sc, String packageName = com.jamdeo.tv.tileanimation)
07-06 00:20:22.676 D/ADLog   ( 7859): ADDaoHandler => getADCodeInfo(String adCode = ad_sc)
07-06 00:20:22.676 D/ADLog   ( 7859): DBManager => query(String adCode = ad_sc)
07-06 00:20:22.677 V/PackageManager( 1733): getPackageInfo com.hisense.service.ad: Package{2fa4b490 com.hisense.service.ad}
07-06 00:20:22.679 D/ADLog   ( 7859): DBManager => ADCodeInfo cursor.getCount() = 1
07-06 00:20:22.680 D/ADLog   ( 7859): DBManager => queryPlayPolicy(adCode = ad_sc, packageName = com.jamdeo.tv.tileanimation)
07-06 00:20:22.682 E/ADLog   ( 7859): DBManager => query count is 0
07-06 00:20:22.687 D/ADLog   ( 7859): DBManager => ADCodeInfo [id=3, adCode=ad_sc, packageNamecom.jamdeo.tv.tileanimation, UpdateStatus=2, defaultAdID=1000000002492, defaultAdURL=http://download.hismarttv.com/epgdata/ImageAD/9000019146505.jpg, defaultAdPath=/data/data/com.hisense.service.ad/files/ad/9000019146505.jpg, defaultAdType=5, owner=hitv, lastUpdateTime=1499242822, lock=java.util.concurrent.locks.ReentrantLock@9dc40d4[Unlocked], adInfos=[]]
07-06 00:20:22.687 D/ADLog   ( 7859): ADServiceHandler => current time:1499242822, lastUpdate time: 1499242822
07-06 00:20:22.687 D/ADLog   ( 7859): ADServiceHandler => app.getLastUsedAdId() is 0
07-06 00:20:22.687 D/ADLog   ( 7859): ADServiceHandler => lastShowAdID is 0
07-06 00:20:22.687 D/ADLog   ( 7859): ADServiceHandler => to find last used ad.
07-06 00:20:22.690 W/linker  (28233): libWasabiJni.so: unused DT entry: type 0x6ffffffe arg 0x5080
07-06 00:20:22.691 W/linker  (28233): libWasabiJni.so: unused DT entry: type 0x6fffffff arg 0x3
07-06 00:20:22.691 V/PackageManager( 1733): getPackageInfo com.hisense.service.ad: Package{2fa4b490 com.hisense.service.ad}
07-06 00:20:22.694 D/PlayerSdk/PlayerSdkLibProfile(28233): [TID 28419] isOpenDrmRootCheck=false
07-06 00:20:22.697 I/QiyiInitTool(28233): onSuccess
07-06 00:20:22.703 I/art     (28233): Background sticky concurrent mark sweep GC freed 42738(2MB) AllocSpace objects, 21(336KB) LOS objects, 6% free, 26MB/28MB, paused 9.503ms total 74.103ms
07-06 00:20:22.703 I/WASABI  (28233): WASABI version: BUILD DATE: 'Dec 30 2016', BUILD CONFIGURATION: 'Release', VERSION NAME: '1.19.0', VERSION NUMBER: 0x00011300, SHORT DESCRIPTION: 'Wasabi Runtime', LONG DESCRIPTION: '{"wasabi": "1.19.0", "wcscp": "2.22.0", "manufacturer": "intertrust", "os": "Android", "customerid": "c31122", "wcskb": "5.0.0"}', MS520K: 'enforced', VCS CHANGE: 12814
07-06 00:20:22.704 D/NativeDecimalFormat(28233): NativeDecimalFormat_close print addr=3997608192
07-06 00:20:22.704 D/NativeDecimalFormat(28233): NativeDecimalFormat_close print g_addr=3756079616
07-06 00:20:22.712 I/MyFragmentStateAdapter(28233): getCount
07-06 00:20:22.716 V/MediaExtractor( 1206): MediaExtractor::Create mime:video/mp4 ---- Enter
07-06 00:20:22.716 V/MediaExtractor( 1206): maomao::MediaExtractor::Create mime:isCts is 0
07-06 00:20:22.717 I/FFMPEG  ( 1206): [mov,mp4,m4a,3gp,3g2,mj2 @ 0xf371c400] Format mov,mp4,m4a,3gp,3g2,mj2 probed with size=2048 and score=100
07-06 00:20:22.718 I/FFMPEG  ( 1206): [mov,mp4,m4a,3gp,3g2,mj2 @ 0xf371c400] ISO: File Type Major Brand: isom
07-06 00:20:22.720 D/ADLog   ( 7859): ADServiceHandler => return default ad for ad_sc
07-06 00:20:22.731 I/AdvertisementManager(17243): advertisement(type 16) show type=5
07-06 00:20:22.732 I/AdvertisementManager(17243): resource path: /data/data/com.hisense.service.ad/files/ad/9000019146505.jpg
07-06 00:20:22.732 D/AdvertisementManager(17243): onReceive(): notify advertisement content update, type:16
07-06 00:20:22.746 I/TVMW@devctrl( 1234): wdt
07-06 00:20:22.764 I/FFMPEG  ( 1206): [mov,mp4,m4a,3gp,3g2,mj2 @ 0xf371c400] orig_nb_streams(2)
07-06 00:20:22.764 I/FFMPEG  ( 1206): [mov,mp4,m4a,3gp,3g2,mj2 @ 0xf371c400] Before avformat_find_stream_info() pos: 413026 bytes read:426780 seeks:0
07-06 00:20:22.776 I/FFMPEG  ( 1206): [NULL @ 0xf34df400] [Eval @ 0xf1104eec] Undefined constant or missing '(' in ''
07-06 00:20:22.776 I/FFMPEG  ( 1206): [NULL @ 0xf34df400] Unable to parse option value ""
07-06 00:20:22.776 I/FFMPEG  ( 1206): [NULL @ 0xf34df400] Error setting option debug to value .
07-06 00:20:22.791 I/FFMPEG  ( 1206): [mov,mp4,m4a,3gp,3g2,mj2 @ 0xf371c400] Failed to open codec in av_find_stream_info
07-06 00:20:22.791 I/FFMPEG  ( 1206): [NULL @ 0xf34e0000] [Eval @ 0xf1104eec] Undefined constant or missing '(' in ''
07-06 00:20:22.792 I/FFMPEG  ( 1206): [NULL @ 0xf34e0000] Unable to parse option value ""
07-06 00:20:22.792 I/FFMPEG  ( 1206): [NULL @ 0xf34e0000] Error setting option debug to value .
07-06 00:20:22.792 I/FFMPEG  ( 1206): [mov,mp4,m4a,3gp,3g2,mj2 @ 0xf371c400] Failed to open codec in av_find_stream_info
07-06 00:20:22.792 I/FFMPEG  ( 1206): [NULL @ 0xf34df400] try_decode_frame, i= 0, pkt->stream_index = 0
07-06 00:20:22.815 I/FFMPEG  ( 1206): [h264 @ 0xf34df400] no picture 
07-06 00:20:22.827 I/NetflixMonitorService( 1733): current fgapk : com.hisense.hicloud.edca
07-06 00:20:22.827 I/NetflixMonitorService( 1733): Netflix status unchanged
07-06 00:20:22.828 I/TVMW@HsTvSetting( 1234): Trace cmd, data = 0x1058
07-06 00:20:22.830 D/til@system( 2026): til_get_system_param option:100002F int:0, bool:0, ret:0
07-06 00:20:22.830 I/TVMW@HsTvSetting( 1234): Trace cmd, data = 0x101f
07-06 00:20:22.830 D/til@system( 2026): til_get_system_param option:100001D int:3, bool:3, ret:0
07-06 00:20:22.831 E/til     ( 2026): [til_get_current_input_source, 101] 
07-06 00:20:22.831 I/TVMW@HsTvSetting( 1234): Trace cmd, data = 0x7007
07-06 00:20:22.831 I/tilwrapper@sm( 2026): HS2TIL_SourceType *hs=0xd, *til=0x900
07-06 00:20:22.831 D/til     ( 2026): get current source 2304
07-06 00:20:22.831 D/SourceRemoteServiceHandler( 2026): getCurrentInputSource.from.til.result is 0, value is 2304
07-06 00:20:22.831 D/SourceRemoteServiceHandler( 2026): getInputSourceType source: 0x900, type=2304
07-06 00:20:22.831 D/til     ( 2026): ###### func:til_get_picture_param option:0x3000006 ######  
07-06 00:20:22.832 I/TVMW@HsTvSetting( 1234): Trace cmd, data = 0x1003
07-06 00:20:22.833 I/TVMW@HsTvSetting( 1234): Trace cmd, data = 0x8032
07-06 00:20:22.833 I/hstvos  ( 1216): [0m[1;33m[HSHAL][HS_VIDEO][HS_HAL_Video_SetOsdDetect_v2][2389]u16Threshold = 20
07-06 00:20:22.833 I/MiSysSrv( 1214): Not support now! 42, change to mm_video!!!
07-06 00:20:22.834 E/TVMW@videoctrl( 1234):  getOsd is 1
07-06 00:20:22.834 D/til@system( 2026): til_get_system_param option:1000027 int:1, bool:1, ret:0
07-06 00:20:22.834 D/til     ( 2026): ###### func:til_get_picture_param option:0x3000045 ######  
07-06 00:20:22.836 I/TVMW@HsTvSetting( 1234): Trace cmd, data = 0x300c
07-06 00:20:22.836 I/TVMW@HsTvSetting( 1234): Trace 3d, data = 0x300c
07-06 00:20:22.836 I/TVMW@3d ( 1234): Hs_debug3d_trace: func:get3dStatus, line:109
07-06 00:20:22.838 I/MyFragmentStateAdapter(28233): getCount
07-06 00:20:22.858 D/DtvSourcePlugin-DVBC( 8758): Setting the EPG Updater state to: WAIT
07-06 00:20:22.901 V/PackageManager( 1733): getPackageInfo com.hisense.service.ad: Package{2fa4b490 com.hisense.service.ad}
07-06 00:20:22.918 D/MC_MEMORY( 8248): max: 256.261888 Mb, heap: 10.10782 Mb, allocated: 10.10348 Mb, free: 0.434 Mb, native heap: 12.12276 Mb, native allocated: 8.8393 Mb, native free: 3.3883 Mb
07-06 00:20:22.924 I/MyFragmentStateAdapter(28233): getCount
07-06 00:20:22.969 I/FFMPEG  ( 1206): [mov,mp4,m4a,3gp,3g2,mj2 @ 0xf371c400] i(1) > pkt->stream_index(0),conitnue
07-06 00:20:22.969 I/FFMPEG  ( 1206): [NULL @ 0xf34e0000] try_decode_frame, i= 1, pkt->stream_index = 1
07-06 00:20:22.988 I/FFMPEG  ( 1206): [aac @ 0xf34e0000] skip whole frame, skip left: 0
07-06 00:20:23.007 I/FFMPEG  ( 1206): [mov,mp4,m4a,3gp,3g2,mj2 @ 0xf371c400] After avformat_find_stream_info() pos: 473274 bytes read:492316 seeks:0 frames:3
07-06 00:20:23.007 I/FFmpegExtractor( 1206): the duration is 00:08:58.08
07-06 00:20:23.007 I/FFmpegExtractor( 1206): streamIndex: 0 ,stream_index 0
07-06 00:20:23.007 D/FFmpegExtractor( 1206): is_codec_supported codec_id is 28
07-06 00:20:23.007 D/FFmpegExtractor( 1206): setVideoFormat avctx->codec_id is 28
07-06 00:20:23.007 V/codec_utils( 1206): AVC
07-06 00:20:23.007 I/FFmpegExtractor( 1206): the time is 00:08:58.08
07-06 00:20:23.007 I/FFmpegExtractor( 1206): streamIndex: 1 ,stream_index 1
07-06 00:20:23.007 D/FFmpegExtractor( 1206): is_codec_supported codec_id is 86018
07-06 00:20:23.007 V/codec_utils( 1206): AAC
07-06 00:20:23.007 V/codec_utils( 1206): aac profile: 1, sf_index: 4, channel: 2
07-06 00:20:23.008 I/FFmpegExtractor( 1206): bit_rate: 55687, sample_rate: 44100, channels: 2, bits_per_coded_sample: 16, block_align:0
07-06 00:20:23.008 I/FFmpegExtractor( 1206): the time is 00:08:58.00
07-06 00:20:23.024 D/FFmpegExtractor( 1206): Reader thread started
07-06 00:20:23.024 D/FFmpegExtractor( 1206): supported mime: video/mp4
07-06 00:20:23.027 I/MyFragmentStateAdapter(28233): getCount
07-06 00:20:23.042 W/avc_utils( 1206): [3D detect]It is not SEI Nal
07-06 00:20:23.042 W/avc_utils( 1206): [3D detect]It is not SEI Nal
07-06 00:20:23.042 W/avc_utils( 1206): [3D detect]It is not SEI Nal
07-06 00:20:23.083 D/ADLog   ( 7859): ADServiceHandler => postExecute
07-06 00:20:23.097 I/MyFragmentStateAdapter(28233): getCount
07-06 00:20:23.114 V/PackageManager( 1733): getPackageInfo com.hisense.service.ad: Package{2fa4b490 com.hisense.service.ad}
07-06 00:20:23.117 I/NuCachedSource2( 1206): new range: offset= 218840569
07-06 00:20:23.117 I/NuCachedSource2( 1206): seekInternal_l ---- totalSize: 2097152
07-06 00:20:23.117 D/MediaHTTPConnection(28233): offset = 218840569, mCurrentOffset = 2097152
07-06 00:20:23.118 D/MediaHTTPConnection(28233): seekTo 218840569
07-06 00:20:23.118 D/MediaHTTPConnection(28233): teardownConnection
07-06 00:20:23.135 D/ADLog   ( 7859): ADDaoHandler => update ADCodeInfo
07-06 00:20:23.135 D/ADLog   ( 7859): DBManager => update(String table = ADCodeInfo, Object obj = ADCodeInfo [id=4, adCode=sys_ssv3, packageNamecom.jamdeo.screensaver, UpdateStatus=2, defaultAdID=1000000001239, defaultAdURL=http://download.hismarttv.com/epgdata/ImageAD/9000019139817.jpg, defaultAdPath=/data/data/com.hisense.service.ad/files/ad/9000019139817.jpg, defaultAdType=5, owner=hitv, lastUpdateTime=1499242823, lock=java.util.concurrent.locks.ReentrantLock@113d627[Locked by thread pool-1-thread-1], adInfos=[]])
07-06 00:20:23.135 D/ADLog   ( 7859): DBManager => getValues(String tabName = ADCodeInfo, Object object = ADCodeInfo [id=4, adCode=sys_ssv3, packageNamecom.jamdeo.screensaver, UpdateStatus=2, defaultAdID=1000000001239, defaultAdURL=http://download.hismarttv.com/epgdata/ImageAD/9000019139817.jpg, defaultAdPath=/data/data/com.hisense.service.ad/files/ad/9000019139817.jpg, defaultAdType=5, owner=hitv, lastUpdateTime=1499242823, lock=java.util.concurrent.locks.ReentrantLock@113d627[Locked by thread pool-1-thread-1], adInfos=[]])
