07-05 21:45:48.569 I/MiSysSrv( 1214): [37m[INFO] Change to Voltage: 112 mv (0x2D)[m
07-05 21:45:48.586 I/MyFragmentStateAdapter( 7744): getCount
07-05 21:45:48.607 I/MyFragmentStateAdapter( 7744): getCount
07-05 21:45:48.634 I/MyFragmentStateAdapter( 7744): getCount
07-05 21:45:48.670 I/MiSysSrv( 1214): [37m[INFO] Change to Voltage: 117 mv (0x32)[m
07-05 21:45:48.674 I/MyFragmentStateAdapter( 7744): getCount
07-05 21:45:48.736 I/TVMW@devctrl( 1234): wdt
07-05 21:45:48.751 I/HLSP2P  (16183): ## 2017-07-05 21:45:48.750 [16183,16481,:0] INFO ## [HLSP2P][DownloadManager.cpp:35][ERROR][OnTimer]heartbeat failed, send heartbeat again
07-05 21:45:48.770 I/MiSysSrv( 1214): [37m[INFO] Change to Voltage: 107 mv (0x28)[m
07-05 21:45:48.776 I/HLSP2P  (16183): ## 2017-07-05 21:45:48.752 [16183,16481,:0] INFO ## [HLSP2P][DownloadManager.cpp:35][INFO][SendHeartBeatMsg]send heartbeat to punch server ok
07-05 21:45:48.776 I/HLSP2P  (16183): ## 2017-07-05 21:45:48.775 [16183,16483,:0] INFO ## [HLSP2P][DownloadManager.cpp:35][INFO][OnHeartbeatRsp]punch heartbeat rsp ok
07-05 21:45:48.795 I/MyFragmentStateAdapter( 7744): getCount
07-05 21:45:48.836 I/MyFragmentStateAdapter( 7744): getCount
07-05 21:45:48.865 I/art     ( 7708): Background concurrent mark sweep GC freed 19334(1024KB) AllocSpace objects, 0(0B) LOS objects, 61% free, 631KB/1655KB, paused 6.798ms total 174.458ms
07-05 21:45:48.892 D/PowerManagerService( 1733): acquireWakeLockInternal: lock=113832109, flags=0x1, tag="NetworkStats", ws=null, uid=1000, pid=1733
07-05 21:45:48.892 D/PowerManagerNotifier( 1733): onWakeLockAcquired: flags=1, tag="NetworkStats", packageName=android, ownerUid=1000, ownerPid=1733, workSource=null
07-05 21:45:48.892 D/NtpTrustedTime( 1733): currentTimeMillis() cache hit
07-05 21:45:48.901 I/NetflixMonitorService( 1733): current fgapk : com.hisense.hicloud.edca
07-05 21:45:48.901 I/NetflixMonitorService( 1733): Netflix status unchanged
07-05 21:45:48.904 I/TVMW@HsTvSetting( 1234): Trace cmd, data = 0x1058
07-05 21:45:48.904 D/til@system( 2026): til_get_system_param option:100002F int:0, bool:0, ret:0
07-05 21:45:48.904 I/TVMW@HsTvSetting( 1234): Trace cmd, data = 0x101f
07-05 21:45:48.904 D/til@system( 2026): til_get_system_param option:100001D int:3, bool:3, ret:0
07-05 21:45:48.905 E/til     ( 2026): [til_get_current_input_source, 101] 
07-05 21:45:48.908 I/MyFragmentStateAdapter( 7744): getCount
07-05 21:45:48.914 D/NtpTrustedTime( 1733): currentTimeMillis() cache hit
07-05 21:45:48.915 D/NtpTrustedTime( 1733): currentTimeMillis() cache hit
07-05 21:45:48.915 D/NtpTrustedTime( 1733): currentTimeMillis() cache hit
07-05 21:45:48.915 D/PowerManagerService( 1733): releaseWakeLockInternal: lock=113832109 [NetworkStats], flags=0x0
07-05 21:45:48.915 D/PowerManagerNotifier( 1733): onWakeLockReleased: flags=1, tag="NetworkStats", packageName=android, ownerUid=1000, ownerPid=1733, workSource=null
07-05 21:45:48.932 I/TVMW@HsTvSetting( 1234): Trace cmd, data = 0x7007
07-05 21:45:48.933 I/tilwrapper@sm( 2026): HS2TIL_SourceType *hs=0xd, *til=0x900
07-05 21:45:48.933 D/til     ( 2026): get current source 2304
07-05 21:45:48.933 D/SourceRemoteServiceHandler( 2026): getCurrentInputSource.from.til.result is 0, value is 2304
07-05 21:45:48.933 D/SourceRemoteServiceHandler( 2026): getInputSourceType source: 0x900, type=2304
07-05 21:45:48.933 D/til     ( 2026): ###### func:til_get_picture_param option:0x3000006 ######  
07-05 21:45:48.940 I/TVMW@HsTvSetting( 1234): Trace cmd, data = 0x1003
07-05 21:45:48.940 I/TVMW@HsTvSetting( 1234): Trace cmd, data = 0x8032
07-05 21:45:48.941 I/hstvos  ( 1216): [0m[1;33m[HSHAL][HS_VIDEO][HS_HAL_Video_SetOsdDetect_v2][2389]u16Threshold = 20
07-05 21:45:48.948 E/TVMW@videoctrl( 1234):  getOsd is 1
07-05 21:45:48.948 D/til@system( 2026): til_get_system_param option:1000027 int:1, bool:1, ret:0
07-05 21:45:48.948 D/til     ( 2026): ###### func:til_get_picture_param option:0x3000045 ######  
07-05 21:45:48.949 I/TVMW@HsTvSetting( 1234): Trace cmd, data = 0x300c
07-05 21:45:48.949 I/TVMW@HsTvSetting( 1234): Trace 3d, data = 0x300c
07-05 21:45:48.949 I/TVMW@3d ( 1234): Hs_debug3d_trace: func:get3dStatus, line:109
07-05 21:45:48.962 D/GlobalInputEventMonitoringService( 1733): interceptKeyBeforeQueueing(), event:22, mNeedMonitorKeyEvent:true, mWaitForKeyUpEvent:false
07-05 21:45:48.962 D/GlobalInputEventMonitoringService( 1733): processKeyEvent(), processKeyEvent event:22
07-05 21:45:48.963 D/WindowManager( 1733): interceptKeyTq keycode=22 interactive=true keyguardActive=false policyFlags=2b000000 isCancled= false
07-05 21:45:48.963 D/PowerManagerService( 1733): userActivityNoUpdateLocked: eventTime=11190519, event=1, flags=0x0, uid=1000
07-05 21:45:48.963 D/WindowManager( 1733): interceptKeyTi keyCode=22 down=true repeatCount=0 keyguardOn=false mHomePressed=false canceled=false
07-05 21:45:48.963 D/WindowManager( 1733): Hisense systemkey event: 22
07-05 21:45:48.963 D/HisenseGlobalKeyManager( 1733): handleGlobalKey() : Global event = KeyEvent { action=ACTION_DOWN, keyCode=KEYCODE_DPAD_RIGHT, scanCode=0, metaState=0, flags=0x0, repeatCount=0, eventTime=11190519, downTime=11190519, deviceId=-1, source=0x101 }
07-05 21:45:48.965 I/MyFragmentStateAdapter( 7744): getCount
07-05 21:45:48.969 I/MiSysSrv( 1214): [37m[INFO] Change to Voltage: 117 mv (0x32)[m
07-05 21:45:49.014 D/SogouIME( 2203): [onKeyDown] keycode = 22 model = VIDAA_TV
07-05 21:45:49.035 I/MyFragmentStateAdapter( 7744): getCount
07-05 21:45:49.052 I/art     ( 7744): Background sticky concurrent mark sweep GC freed 43896(1502KB) AllocSpace objects, 0(0B) LOS objects, 4% free, 34MB/36MB, paused 2.374ms total 106.348ms
07-05 21:45:49.072 D/Carousel-CarouselDisplayPlayerLayout( 7744): HasFocus:false,keyCode:22
07-05 21:45:49.072 D/Carousel-CarouselDisplayPlayerLayout( 7744): isFullScreen:false
07-05 21:45:49.073 I/MiSysSrv( 1214): [37m[INFO] Change to Voltage: 117 mv (0x32)[m
07-05 21:45:49.074 I/HomeMainActivity( 7744): carousel handle key:false
07-05 21:45:49.075 I/MainHomeView( 7744): dispatchKeyEvent ACTION_DOWN now 
07-05 21:45:49.084 I/TabView ( 7744): onKeyListener() ACTION_DOWN keyCode -- 22
07-05 21:45:49.084 I/SoftFragmentList( 7744): fetchCacheFragment  enter ---- index = 2
07-05 21:45:49.084 D/SoftFragmentList( 7744): fetchCacheFragment  mFragmentCache.size() = 3
07-05 21:45:49.084 D/SoftFragmentList( 7744): fetchCacheFragment mLastIndex = 2, view = 
07-05 21:45:49.084 I/BaseContentFragment( 7744): initChildFocustrue,recyclerview=com.hisense.leanback.widget.VerticalGridView{3427f275 VFED.... ........ 0,0-1768,1080 #7f0d02c8 app:id/recyclerview_content}====---mIsVisibleToUser:true-------
07-05 21:45:49.094 D/til@system( 2026): til_get_system_param option:1000007 int:-1815633792, bool:128, ret:0
07-05 21:45:49.100 D/til@system( 2026): til_get_system_param option:1000009 int:-1936522112, bool:128, ret:0
07-05 21:45:49.104 D/til@system( 2026): til_get_system_param option:1000008 int:-1936522368, bool:128, ret:0
07-05 21:45:49.104 D/HiSDKLogReport( 7744): getOperationDetail-productName : LED50MU8600UC
07-05 21:45:49.104 D/HiSDKLogReport( 7744): getOperationDetail-plmNumber : 88888
07-05 21:45:49.104 D/HiSDKLogReport( 7744): getOperationDetail-swVersion : V0000.00.01A
07-05 21:45:49.104 D/HiSDKLogReport( 7744): getOperationDetail-operationDetail : LED50MU8600UC0000888
07-05 21:45:49.105 D/HiSDKLogReport( 7744): businessLogReport-log : {eventType=232, APPVersionName=3.0.0.9.00, devid=86100300900000500000060a4818fca8, rowid=-1, uuid=13287129, APIversion=501, eventcode=232000, logversion=2.0, columnid=-1, devType=0, eventPos=000, groupid=-1, ChannelId=0, version=00.002.003, subscriberId=13287129, PFAPPCode=652, tabid=0, softwareVersion=LED50MU8600UC0000888, srceventcode=201000, mac=a8:a6:48:18:fc:a8, accessToken=72DF6038D2AEAB8A76DFBBBBCC428A4A_000248081338143, srctabid=0, APPPackage=com.hisense.hicloud.edca, sessionid=5f0a5e5fb7d94e57975e2a3e80fef764, requesttime=1499262349104, customerId=7195320, model_id=0, requestid=c12904b022ea4999a6751cf17f9a1e7b, tv_distribute_id=00, APIVersion=600, issysrepo=0}
07-05 21:45:49.105 D/BaseContentFragment( 7744): initChildFocus firstlineview===>:com.hisense.tvui.newhome.view.SpecialFirstView{7758c3d V.E..... ........ 10,185-1748,691}
07-05 21:45:49.105 D/setHistoryRequestFocus( 7744): ===>false
07-05 21:45:49.107 I/FirstlineLayoutManager( 7744): left=0,width=1738,scroll Distance=-1488
07-05 21:45:49.111 I/BaseContentFragment( 7744): setRowViewSelectedViewHolder{2a4f842a position=0 id=-1, oldPos=-1, pLpos:-1},isSelectedfalse
07-05 21:45:49.111 I/BaseContentFragment( 7744): setRowViewSelectedViewHolder{2f9ce101 position=1 id=-1, oldPos=-1, pLpos:-1},isSelectedtrue
07-05 21:45:49.111 I/RoleContentFragment( 7744): onChildSelected:1,lastPos=0
07-05 21:45:49.115 I/TabView ( 7744): onfocuschange:false
07-05 21:45:49.115 D/TabView ( 7744): icon---:2
07-05 21:45:49.115 E/TabView ( 7744): 
07-05 21:45:49.127 W/System.err( 7744): java.net.ConnectException: failed to connect to /10.18.210.112 (port 8900) after 6000ms: isConnected failed: ECONNREFUSED (Connection refused)
07-05 21:45:49.128 W/System.err( 7744): 	at libcore.io.IoBridge.isConnected(IoBridge.java:238)
07-05 21:45:49.128 W/System.err( 7744): 	at libcore.io.IoBridge.connectErrno(IoBridge.java:171)
07-05 21:45:49.128 W/System.err( 7744): 	at libcore.io.IoBridge.connect(IoBridge.java:122)
07-05 21:45:49.128 W/System.err( 7744): 	at java.net.PlainSocketImpl.connect(PlainSocketImpl.java:183)
07-05 21:45:49.128 W/System.err( 7744): 	at java.net.PlainSocketImpl.connect(PlainSocketImpl.java:456)
07-05 21:45:49.128 W/System.err( 7744): 	at java.net.Socket.connect(Socket.java:882)
07-05 21:45:49.128 W/System.err( 7744): 	at com.android.okhttp.internal.Platform.connectSocket(Platform.java:174)
07-05 21:45:49.129 W/System.err( 7744): 	at com.android.okhttp.Connection.connect(Connection.java:152)
07-05 21:45:49.129 W/System.err( 7744): 	at com.android.okhttp.internal.http.HttpEngine.connect(HttpEngine.java:276)
07-05 21:45:49.129 W/System.err( 7744): 	at com.android.okhttp.internal.http.HttpEngine.sendRequest(HttpEngine.java:211)
07-05 21:45:49.129 W/System.err( 7744): 	at com.android.okhttp.internal.http.HttpURLConnectionImpl.execute(HttpURLConnectionImpl.java:382)
07-05 21:45:49.129 W/System.err( 7744): 	at com.android.okhttp.internal.http.HttpURLConnectionImpl.connect(HttpURLConnectionImpl.java:106)
07-05 21:45:49.129 W/System.err( 7744): 	at com.hisense.hitv.hicloud.util.ExceptionReport.a(ExceptionReport.java:337)
07-05 21:45:49.129 W/System.err( 7744): 	at com.hisense.hitv.hicloud.util.ExceptionReport.a(ExceptionReport.java:39)
07-05 21:45:49.129 W/System.err( 7744): 	at com.hisense.hitv.hicloud.util.ExceptionReport$1.run(ExceptionReport.java:83)
07-05 21:45:49.129 W/System.err( 7744): 	at java.lang.Thread.run(Thread.java:818)
07-05 21:45:49.129 W/System.err( 7744): Caused by: android.system.ErrnoException: isConnected failed: ECONNREFUSED (Connection refused)
07-05 21:45:49.131 W/System.err( 7744): 	at libcore.io.IoBridge.isConnected(IoBridge.java:223)
07-05 21:45:49.131 W/System.err( 7744): 	... 15 more
07-05 21:45:49.136 D/CommonHeader( 7744): onTabStatusChanged tabstatus===>:40000
07-05 21:45:49.162 D/MyLocalStartService(16899): currentName is :com.hisense.hicloud.edca
07-05 21:45:49.173 D/HttpHandler( 7744): VerifySignInterCeptor-->request.url()=http://picture.edu.hismarttv.com/images/20170628121925625089.png
07-05 21:45:49.173 D/HttpHandler( 7744): VerifySignInterCeptor-->hostname=picture.edu.hismarttv.com
07-05 21:45:49.184 D/GlobalInputEventMonitoringService( 1733): interceptKeyBeforeQueueing(), event:22, mNeedMonitorKeyEvent:true, mWaitForKeyUpEvent:false
07-05 21:45:49.184 D/GlobalInputEventMonitoringService( 1733): processKeyEvent(), processKeyEvent event:22
07-05 21:45:49.184 D/WindowManager( 1733): interceptKeyTq keycode=22 interactive=true keyguardActive=false policyFlags=2b000000 isCancled= false
07-05 21:45:49.184 D/WindowManager( 1733): interceptKeyTi keyCode=22 down=false repeatCount=0 keyguardOn=false mHomePressed=false canceled=false
07-05 21:45:49.184 D/WindowManager( 1733): Hisense systemkey event: 22
07-05 21:45:49.185 D/HisenseGlobalKeyManager( 1733): handleGlobalKey() : Global event = KeyEvent { action=ACTION_UP, keyCode=KEYCODE_DPAD_RIGHT, scanCode=0, metaState=0, flags=0x0, repeatCount=0, eventTime=11190519, downTime=11190519, deviceId=-1, source=0x101 }
07-05 21:45:49.185 D/OkHttp  ( 7744): --> GET http://picture.edu.hismarttv.com/images/20170628121925625089.png http/1.1
07-05 21:45:49.185 D/OkHttp  ( 7744): Host: picture.edu.hismarttv.com
07-05 21:45:49.185 D/OkHttp  ( 7744): Connection: Keep-Alive
07-05 21:45:49.185 D/OkHttp  ( 7744): Accept-Encoding: gzip
07-05 21:45:49.185 D/OkHttp  ( 7744): User-Agent: okhttp/3.6.0
07-05 21:45:49.185 D/OkHttp  ( 7744): --> END GET
07-05 21:45:49.192 I/MyFragmentStateAdapter( 7744): getCount
07-05 21:45:49.227 D/TabView ( 7744): 
07-05 21:45:49.231 D/TabView ( 7744): 
07-05 21:45:49.232 D/TabView ( 7744): 
07-05 21:45:49.233 D/TabView ( 7744): 
07-05 21:45:49.234 D/TabView ( 7744): 
07-05 21:45:49.235 D/TabView ( 7744): 
07-05 21:45:49.237 D/TabView ( 7744): 
07-05 21:45:49.239 D/TabView ( 7744): 
07-05 21:45:49.241 D/TabView ( 7744): 
07-05 21:45:49.242 D/TabView ( 7744): 
07-05 21:45:49.243 D/TabView ( 7744): 
07-05 21:45:49.244 D/TabView ( 7744): 
07-05 21:45:49.245 D/TabView ( 7744): 
07-05 21:45:49.246 D/TabView ( 7744): 
07-05 21:45:49.247 D/TabView ( 7744): 
07-05 21:45:49.249 D/TabView ( 7744): 
07-05 21:45:49.253 I/MyFragmentStateAdapter( 7744): getCount
07-05 21:45:49.253 I/MyFragmentStateAdapter( 7744): getCount
07-05 21:45:49.253 D/TabView ( 7744): 
07-05 21:45:49.265 D/TabView ( 7744): 
07-05 21:45:49.270 D/TabView ( 7744): 
07-05 21:45:49.271 D/TabView ( 7744): 
07-05 21:45:49.272 D/TabView ( 7744): 
07-05 21:45:49.273 D/TabView ( 7744): 
07-05 21:45:49.274 D/TabView ( 7744): 
07-05 21:45:49.275 D/TabView ( 7744): 
07-05 21:45:49.276 D/TabView ( 7744): 
07-05 21:45:49.279 D/TabView ( 7744): 
07-05 21:45:49.282 D/TabView ( 7744): 
07-05 21:45:49.283 D/TabView ( 7744): 
07-05 21:45:49.284 D/TabView ( 7744): 
07-05 21:45:49.288 D/TabView ( 7744): 
07-05 21:45:49.289 D/TabView ( 7744): 
07-05 21:45:49.292 D/TabView ( 7744): 
07-05 21:45:49.294 I/MyFragmentStateAdapter( 7744): getCount
07-05 21:45:49.294 I/MyFragmentStateAdapter( 7744): getCount
07-05 21:45:49.302 D/MSTAR_VDEC_DBG( 1206): Stream ID: 0, Rate : 24 (E:0,D:0,S:0,F:76) 
07-05 21:45:49.313 I/TabView ( 7744): onScroll:,firstItem=0,visibleCount=6,totalCount=10
07-05 21:45:49.319 D/Carousel-CarouselView( 7744): ============>onScrollChanged hashCode:795694989
07-05 21:45:49.319 D/Carousel-CarouselDisplayPlayerLayout( 7744): isFullScreen:false
07-05 21:45:49.320 I/MainHomeView( 7744): onPanelSlide0.20610687---left179
07-05 21:45:49.329 I/CurrentCarouselView( 7744): onCarouseControlCarouselControlBean{mShoudScroll=true, mActivityHasResume=false, mActivityHasStop=false, mHasTurnGone=false, mHasTurnVisible=false, mChannelId=-1, mSlideOffset=0.20610687, mShouldSelectCenter=false, mTabOpen=false, mHoriPosStatus=None, mVerPosStatus=None, mLevelStatus=None},isPlayingtrue,channelId=0
07-05 21:45:49.329 I/CurrentCarouselView( 7744): is not the current page
07-05 21:45:49.329 I/CurrentCarouselView( 7744): do scroll
07-05 21:45:49.329 D/Carousel-CarouselView( 7744): smoothScroll.
07-05 21:45:49.329 D/Carousel-CarouselDisplayPlayerLayout( 7744): isFullScreen:false
07-05 21:45:49.329 D/TabView ( 7744): onReceiveSlidingOffset ===>:0.20610687
07-05 21:45:49.338 I/MyFragmentStateAdapter( 7744): getCount
07-05 21:45:49.345 D/Carousel-CarouselDisplayPlayerLayout( 7744): HasFocus:false,keyCode:22
07-05 21:45:49.345 D/Carousel-CarouselDisplayPlayerLayout( 7744): isFullScreen:false
07-05 21:45:49.345 I/HomeMainActivity( 7744): carousel handle key:false
07-05 21:45:49.369 V/InputMethodService( 2203): startInput(): editor=android.view.inputmethod.EditorInfo@359d1182
07-05 21:45:49.369 V/InputMethodService( 2203): CALL: onFinishInput
07-05 21:45:49.370 I/MiSysSrv( 1214): [37m[INFO] Change to Voltage: 117 mv (0x32)[m
07-05 21:45:49.372 E/SOGOUIME_JNI( 2203): reset
07-05 21:45:49.372 I/MainHomeView( 7744): onPanelSlide0.099236645---left165
07-05 21:45:49.372 E/SOGOUIME_JNI( 2203): getCandidates
07-05 21:45:49.372 I/CurrentCarouselView( 7744): onCarouseControlCarouselControlBean{mShoudScroll=true, mActivityHasResume=false, mActivityHasStop=false, mHasTurnGone=false, mHasTurnVisible=false, mChannelId=-1, mSlideOffset=0.099236645, mShouldSelectCenter=false, mTabOpen=false, mHoriPosStatus=None, mVerPosStatus=None, mLevelStatus=None},isPlayingtrue,channelId=0
07-05 21:45:49.372 I/CurrentCarouselView( 7744): is not the current page
07-05 21:45:49.372 I/CurrentCarouselView( 7744): do scroll
07-05 21:45:49.372 D/Carousel-CarouselView( 7744): smoothScroll.
07-05 21:45:49.372 E/SOGOUIME_JNI( 2203): ime_get_uncommitted_length
07-05 21:45:49.372 D/Carousel-CarouselDisplayPlayerLayout( 7744): isFullScreen:false
07-05 21:45:49.372 D/TabView ( 7744): onReceiveSlidingOffset ===>:0.099236645
07-05 21:45:49.372 E/SOGOUIME_JNI( 2203): getCandidates
07-05 21:45:49.372 D/SogouIME API( 2203): ==============num:32
07-05 21:45:49.373 E/SOGOUIME_JNI( 2203): ime_get_uncommitted_length
07-05 21:45:49.373 D/SogouIME( 2203): mFocusedComponent:30   isHkbEnable:false
07-05 21:45:49.373 E/SOGOUIME_JNI( 2203): ime_get_uncommitted_length
07-05 21:45:49.373 E/SOGOUIME_JNI( 2203): ime_get_committed_length
07-05 21:45:49.373 E/SOGOUIME_JNI( 2203): getComposingInfo
07-05 21:45:49.373 E/SOGOUIME_JNI( 2203): getComposingInfo
07-05 21:45:49.373 E/SOGOUIME_JNI( 2203): getCorrectInfo
07-05 21:45:49.373 E/SOGOUIME_JNI( 2203): getComposingInfo
07-05 21:45:49.381 D/Carousel-CarouselDisplayPlayerLayout( 7744): x=393, y=167,w=892,h=536, hashCode=893665721
07-05 21:45:49.381 D/Carousel-CarouselDisplayPlayerLayout( 7744): mX=511, mY=167,mWitdh=892,mHeight=536, hashCode=893665721
07-05 21:45:49.381 D/Carousel-CarouselDisplayPlayerLayout( 7744): changed=true, hashCode=893665721
07-05 21:45:49.389 V/InputMethodService( 2203): CALL: onStartInput
07-05 21:45:49.389 E/SOGOUIME_JNI( 2203): invalidateCommitWordPinyinNative
07-05 21:45:49.390 D/SogouIME( 2203): =====configKeyboard=======:false     false
07-05 21:45:49.390 E/SOGOUIME_JNI( 2203): ime_set_hard_kb_enable
07-05 21:45:49.395 D/Carousel-Utils( 7744): x=393,y=167, width=892,height=536
07-05 21:45:49.395 D/Carousel-CarouselDisplayPlayerLayout( 7744): isFullScreen:false
07-05 21:45:49.395 D/Carousel-CarouselView( 7744): ===========>onScrollStart
07-05 21:45:49.396 D/Carousel-Utils( 7744): displayImage view=android.widget.ImageView{3b779a90 I.ED.... ......ID 0,0-816,460 #7f0d0029 app:id/imageView1}
07-05 21:45:49.396 D/Carousel-Utils( 7744): displayImage url=http://picture.edu.hismarttv.com/images/20170629010146422927.jpg
07-05 21:45:49.397 D/Carousel-Utils( 7744): onResourceReady.
07-05 21:45:49.406 D/Carousel-Utils( 7744): displayImage view=android.widget.ImageView{3179d4b2 I.ED.... ........ 0,0-816,460 #7f0d0029 app:id/imageView1}
07-05 21:45:49.406 D/Carousel-Utils( 7744): displayImage url=http://picture.edu.hismarttv.com/images/20170629010146422927.jpg
07-05 21:45:49.407 D/Carousel-Utils( 7744): onResourceReady.
07-05 21:45:49.434 I/HLSP2P  (16224): ## 2017-07-05 21:45:49.432 [16224,16378,:0] INFO ## [HLSP2P][TaskManager.cpp:838][INFO][UpdateGlobalInfo]totalDataSize: 0, totalMemorySize: 0, totalCacheSize: 0, PlayTaskAllFinish: 0
07-05 21:45:49.450 I/TVMW@HsTvSetting( 1234): Trace cmd, data = 0x1058
07-05 21:45:49.450 D/til@system( 2026): til_get_system_param option:100002F int:0, bool:0, ret:0
07-05 21:45:49.452 I/TVMW@HsTvSetting( 1234): Trace cmd, data = 0x101f
07-05 21:45:49.452 D/til@system( 2026): til_get_system_param option:100001D int:3, bool:3, ret:0
07-05 21:45:49.453 E/til     ( 2026): [til_get_current_input_source, 101] 
07-05 21:45:49.453 I/TVMW@HsTvSetting( 1234): Trace cmd, data = 0x7007
07-05 21:45:49.454 I/tilwrapper@sm( 2026): HS2TIL_SourceType *hs=0xd, *til=0x900
07-05 21:45:49.454 D/til     ( 2026): get current source 2304
07-05 21:45:49.454 D/SourceRemoteServiceHandler( 2026): getCurrentInputSource.from.til.result is 0, value is 2304
07-05 21:45:49.454 D/SourceRemoteServiceHandler( 2026): getInputSourceType source: 0x900, type=2304
07-05 21:45:49.454 D/til     ( 2026): ###### func:til_get_picture_param option:0x3000006 ######  
07-05 21:45:49.454 I/TVMW@HsTvSetting( 1234): Trace cmd, data = 0x1003
07-05 21:45:49.456 I/TVMW@HsTvSetting( 1234): Trace cmd, data = 0x8032
07-05 21:45:49.456 I/hstvos  ( 1216): [0m[1;33m[HSHAL][HS_VIDEO][HS_HAL_Video_SetOsdDetect_v2][2389]u16Threshold = 20
07-05 21:45:49.459 E/TVMW@videoctrl( 1234):  getOsd is 1
07-05 21:45:49.460 D/til@system( 2026): til_get_system_param option:1000027 int:1, bool:1, ret:0
07-05 21:45:49.460 D/til     ( 2026): ###### func:til_get_picture_param option:0x3000045 ######  
07-05 21:45:49.460 I/TVMW@HsTvSetting( 1234): Trace cmd, data = 0x300c
07-05 21:45:49.460 I/TVMW@HsTvSetting( 1234): Trace 3d, data = 0x300c
07-05 21:45:49.460 I/TVMW@3d ( 1234): Hs_debug3d_trace: func:get3dStatus, line:109
07-05 21:45:49.461 D/Carousel-CarouselDisplayPlayerLayout( 7744): x=393, y=167,w=892,h=536, hashCode=893665721
07-05 21:45:49.461 D/Carousel-CarouselDisplayPlayerLayout( 7744): mX=393, mY=167,mWitdh=892,mHeight=536, hashCode=893665721
07-05 21:45:49.461 D/Carousel-CarouselDisplayPlayerLayout( 7744): changed=false, hashCode=893665721
07-05 21:45:49.461 D/Carousel-CarouselDisplayPlayerLayout( 7744): extraTryCount=0
07-05 21:45:49.463 I/MyFragmentStateAdapter( 7744): getCount
07-05 21:45:49.463 I/MyFragmentStateAdapter( 7744): getCount
07-05 21:45:49.463 I/MyFragmentStateAdapter( 7744): getCount
07-05 21:45:49.463 I/MyFragmentStateAdapter( 7744): getCount
07-05 21:45:49.463 I/Carousel-UrlVideoView( 7744): onMeasure(MeasureSpec: EXACTLY 816, MeasureSpec: EXACTLY 460)
07-05 21:45:49.463 D/Carousel-UrlVideoView( 7744): widthSpecMode=1073741824
07-05 21:45:49.463 D/Carousel-UrlVideoView( 7744): heightSpecMode=1073741824
07-05 21:45:49.463 D/Carousel-UrlVideoView( 7744): widthSpecSize=816
07-05 21:45:49.463 D/Carousel-UrlVideoView( 7744): heightSpecSize=460
07-05 21:45:49.463 I/Carousel-UrlVideoView( 7744): onMeasure(MeasureSpec: EXACTLY 816, MeasureSpec: EXACTLY 460)
07-05 21:45:49.463 D/Carousel-UrlVideoView( 7744): widthSpecMode=1073741824
07-05 21:45:49.463 D/Carousel-UrlVideoView( 7744): heightSpecMode=1073741824
07-05 21:45:49.463 D/Carousel-UrlVideoView( 7744): widthSpecSize=816
07-05 21:45:49.463 D/Carousel-UrlVideoView( 7744): heightSpecSize=460
07-05 21:45:49.467 D/Surface ( 1733): onStatusChange() : mNativeObject = 547942774784 mUseImageHwRender = false
07-05 21:45:49.467 V/Surface ( 1733): nativeSetHardwareRender() : status = 0
07-05 21:45:49.467 V/Surface ( 1733): nativeSetHardwareRender() : end
07-05 21:45:49.474 D/PowerManagerService( 1733): releaseWakeLockInternal: lock=487931605 [WindowManager], flags=0x0
07-05 21:45:49.474 D/PowerManagerNotifier( 1733): onWakeLockReleased: flags=536870922, tag="WindowManager", packageName=android, ownerUid=1000, ownerPid=1733, workSource=WorkSource{10010}
07-05 21:45:49.475 D/PowerManagerService( 1733): userActivityNoUpdateLocked: eventTime=11191046, event=0, flags=0x1, uid=1000
07-05 21:45:49.475 D/PowerManagerService( 1733): setScreenBrightnessOverrideFromWindowManagerInternal done
07-05 21:45:49.480 D/Surface ( 1733): onStatusChange() : mNativeObject = 0 mUseImageHwRender = false
07-05 21:45:49.481 I/HLSP2P  (16224): ## 2017-07-05 21:45:49.481 [16224,16378,:0] INFO ## [HLSP2P][TaskManager.cpp:1348][INFO][TryAdjustMemorySize]system memory total size: 1912M, free size: 347MB, cache add to 100MB, AppState: 14, IsLowMemory: 0
07-05 21:45:49.481 I/FirstLineAdapter( 7744): canShowTrailer,isOffline=false
07-05 21:45:49.481 I/FirstLineAdapter( 7744): canShowTrailer,isOffline=false
07-05 21:45:49.482 I/FirstLineAdapter( 7744): canShowTrailer,isOffline=false
07-05 21:45:49.482 I/FirstLineAdapter( 7744): canShowTrailer,isOffline=false
07-05 21:45:49.482 I/FirstLineAdapter( 7744): canShowTrailer,isOffline=false
07-05 21:45:49.482 I/FirstLineAdapter( 7744): canShowTrailer,isOffline=false
07-05 21:45:49.482 I/FirstLineAdapter( 7744): canShowTrailer,isOffline=false
07-05 21:45:49.483 I/FirstLineAdapter( 7744): canShowTrailer,isOffline=false
07-05 21:45:49.483 I/FirstLineAdapter( 7744): canShowTrailer,isOffline=false
07-05 21:45:49.483 I/SurfaceView( 7744): Changes: creating=false format=false size=false visible=false left=true top=false
07-05 21:45:49.483 I/SurfaceView( 7744): Cur surface: Surface(name=null)/@0xff8a586
07-05 21:45:49.485 D/Surface ( 1733): onStatusChange() : mNativeObject = 547819086848 mUseImageHwRender = false
07-05 21:45:49.485 V/Surface ( 1733): nativeSetHardwareRender() : status = 0
07-05 21:45:49.485 V/Surface ( 1733): nativeSetHardwareRender() : end
07-05 21:45:49.488 D/PowerManagerService( 1733): setScreenBrightnessOverrideFromWindowManagerInternal done
07-05 21:45:49.494 D/Surface ( 1733): onStatusChange() : mNativeObject = 0 mUseImageHwRender = false
07-05 21:45:49.495 D/Surface ( 7744): onStatusChange() : mNativeObject = -529251072 mUseImageHwRender = false
07-05 21:45:49.495 V/Surface ( 7744): nativeSetHardwareRender() : status = 0
07-05 21:45:49.495 V/Surface ( 7744): nativeSetHardwareRender() : end
07-05 21:45:49.495 I/SurfaceView( 7744): New surface: Surface(name=null)/@0x1af17e47, vis=true, frame=Rect(431, 205 - 1247, 665)
07-05 21:45:49.495 D/Surface ( 7744): onStatusChange() : mNativeObject = 0 mUseImageHwRender = false
07-05 21:45:49.495 D/Surface ( 7744): onStatusChange() : mNativeObject = -529251072 mUseImageHwRender = false
07-05 21:45:49.495 V/Surface ( 7744): nativeSetHardwareRender() : status = 0
07-05 21:45:49.495 V/Surface ( 7744): nativeSetHardwareRender() : end
07-05 21:45:49.496 V/SurfaceView( 7744): Layout: x=431 y=205 w=816 h=460, frame=Rect(0, 0 - 816, 460)
07-05 21:45:49.500 I/MainHomeView( 7744): onPanelSlide0.007633588---left153
07-05 21:45:49.500 I/CurrentCarouselView( 7744): onCarouseControlCarouselControlBean{mShoudScroll=true, mActivityHasResume=false, mActivityHasStop=false, mHasTurnGone=false, mHasTurnVisible=false, mChannelId=-1, mSlideOffset=0.007633588, mShouldSelectCenter=false, mTabOpen=false, mHoriPosStatus=None, mVerPosStatus=None, mLevelStatus=None},isPlayingtrue,channelId=0
07-05 21:45:49.500 I/CurrentCarouselView( 7744): is not the current page
07-05 21:45:49.500 I/CurrentCarouselView( 7744): do scroll
07-05 21:45:49.500 D/Carousel-CarouselView( 7744): smoothScroll.
07-05 21:45:49.500 D/Carousel-CarouselDisplayPlayerLayout( 7744): isFullScreen:false
07-05 21:45:49.500 D/TabView ( 7744): onReceiveSlidingOffset ===>:0.007633588
07-05 21:45:49.502 I/MyFragmentStateAdapter( 7744): getCount
07-05 21:45:49.505 D/Carousel-CarouselDisplayPlayerLayout( 7744): x=381, y=167,w=892,h=536, hashCode=893665721
07-05 21:45:49.505 D/Carousel-CarouselDisplayPlayerLayout( 7744): mX=393, mY=167,mWitdh=892,mHeight=536, hashCode=893665721
07-05 21:45:49.505 D/Carousel-CarouselDisplayPlayerLayout( 7744): changed=true, hashCode=893665721
07-05 21:45:49.505 D/Carousel-Utils( 7744): x=381,y=167, width=892,height=536
07-05 21:45:49.508 E/hwcomposer( 1204): Overlay 0 size changeed src {1920 1080} -> {1920, 1080} crop{0.000000 0.000000 1920.000000 1080.000000}->{0.000000 0.000000 1920.000000 1080.000000} dst{549 205 1365 665}->{431 205 1247 665}
07-05 21:45:49.517 D/Carousel-CarouselDisplayPlayerLayout( 7744): x=381, y=167,w=892,h=536, hashCode=893665721
07-05 21:45:49.517 D/Carousel-CarouselDisplayPlayerLayout( 7744): mX=381, mY=167,mWitdh=892,mHeight=536, hashCode=893665721
07-05 21:45:49.518 D/Carousel-CarouselDisplayPlayerLayout( 7744): changed=false, hashCode=893665721
07-05 21:45:49.518 D/Carousel-CarouselDisplayPlayerLayout( 7744): extraTryCount=0
07-05 21:45:49.519 D/Carousel-CarouselDisplayPlayerLayout( 7744): x=381, y=167,w=892,h=536, hashCode=893665721
07-05 21:45:49.519 D/Carousel-CarouselDisplayPlayerLayout( 7744): mX=381, mY=167,mWitdh=892,mHeight=536, hashCode=893665721
07-05 21:45:49.519 D/Carousel-CarouselDisplayPlayerLayout( 7744): changed=false, hashCode=893665721
07-05 21:45:49.519 D/Carousel-CarouselDisplayPlayerLayout( 7744): extraTryCount=1
07-05 21:45:49.522 I/Carousel-UrlVideoView( 7744): onMeasure(MeasureSpec: EXACTLY 816, MeasureSpec: EXACTLY 460)
07-05 21:45:49.522 D/Carousel-UrlVideoView( 7744): widthSpecMode=1073741824
07-05 21:45:49.522 D/Carousel-UrlVideoView( 7744): heightSpecMode=1073741824
07-05 21:45:49.522 D/Carousel-UrlVideoView( 7744): widthSpecSize=816
07-05 21:45:49.522 D/Carousel-UrlVideoView( 7744): heightSpecSize=460
07-05 21:45:49.522 I/Carousel-UrlVideoView( 7744): onMeasure(MeasureSpec: EXACTLY 816, MeasureSpec: EXACTLY 460)
07-05 21:45:49.522 D/Carousel-UrlVideoView( 7744): widthSpecMode=1073741824
07-05 21:45:49.522 D/Carousel-UrlVideoView( 7744): heightSpecMode=1073741824
07-05 21:45:49.522 D/Carousel-UrlVideoView( 7744): widthSpecSize=816
07-05 21:45:49.522 D/Carousel-UrlVideoView( 7744): heightSpecSize=460
07-05 21:45:49.523 I/SurfaceView( 7744): Changes: creating=false format=false size=false visible=false left=true top=false
07-05 21:45:49.523 I/SurfaceView( 7744): Cur surface: Surface(name=null)/@0xff8a586
07-05 21:45:49.524 D/Surface ( 1733): onStatusChange() : mNativeObject = 547819086848 mUseImageHwRender = false
07-05 21:45:49.524 V/Surface ( 1733): nativeSetHardwareRender() : status = 0
07-05 21:45:49.524 V/Surface ( 1733): nativeSetHardwareRender() : end
07-05 21:45:49.527 D/PowerManagerService( 1733): setScreenBrightnessOverrideFromWindowManagerInternal done
07-05 21:45:49.530 D/Surface ( 1733): onStatusChange() : mNativeObject = 0 mUseImageHwRender = false
07-05 21:45:49.531 D/Surface ( 7744): onStatusChange() : mNativeObject = -195834368 mUseImageHwRender = false
07-05 21:45:49.531 V/Surface ( 7744): nativeSetHardwareRender() : status = 0
07-05 21:45:49.531 V/Surface ( 7744): nativeSetHardwareRender() : end
07-05 21:45:49.531 I/SurfaceView( 7744): New surface: Surface(name=null)/@0x1af17e47, vis=true, frame=Rect(419, 205 - 1235, 665)
07-05 21:45:49.531 D/Surface ( 7744): onStatusChange() : mNativeObject = 0 mUseImageHwRender = false
07-05 21:45:49.531 D/Surface ( 7744): onStatusChange() : mNativeObject = -195834368 mUseImageHwRender = false
07-05 21:45:49.533 V/Surface ( 7744): nativeSetHardwareRender() : status = 0
07-05 21:45:49.533 V/Surface ( 7744): nativeSetHardwareRender() : end
07-05 21:45:49.533 V/SurfaceView( 7744): Layout: x=419 y=205 w=816 h=460, frame=Rect(0, 0 - 816, 460)
07-05 21:45:49.536 I/MainHomeView( 7744): onPanelSlide0.0---left152
07-05 21:45:49.536 I/CurrentCarouselView( 7744): onCarouseControlCarouselControlBean{mShoudScroll=true, mActivityHasResume=false, mActivityHasStop=false, mHasTurnGone=false, mHasTurnVisible=false, mChannelId=-1, mSlideOffset=0.0, mShouldSelectCenter=false, mTabOpen=false, mHoriPosStatus=None, mVerPosStatus=None, mLevelStatus=None},isPlayingtrue,channelId=0
07-05 21:45:49.536 I/CurrentCarouselView( 7744): is not the current page
07-05 21:45:49.536 I/CurrentCarouselView( 7744): do scroll
07-05 21:45:49.536 D/Carousel-CarouselView( 7744): smoothScroll.
07-05 21:45:49.536 D/Carousel-CarouselDisplayPlayerLayout( 7744): isFullScreen:false
07-05 21:45:49.536 D/TabView ( 7744): onReceiveSlidingOffset ===>:0.0
07-05 21:45:49.541 D/hwcomposer( 1204): Overlay [0] do size change!
07-05 21:45:49.542 D/vsyncbridge( 1204): [0] handle_thread thread got msg 0x2, mState = 3
07-05 21:45:49.543 D/vsyncbridge( 1204): Overlay 0 Resize, mState = 0x3, 0, disp[431 205 816 460] osd[1920 1080]
07-05 21:45:49.543 D/vsyncbridge( 1204): [update_ds_table,  594] DispW:1632 DispH:920 
07-05 21:45:49.543 D/vsyncbridge( 1204): [update_ds_table,  598] Cap.x:1105 Cap.y:30 CapW:1920 CapH:1080 
07-05 21:45:49.543 D/vsyncbridge( 1204): [update_ds_table,  599] enInputSourceType:34 
07-05 21:45:49.543 D/vsyncbridge( 1204): [update_ds_table,  601] u16InputVTotal:2205  u16InputVFreq:240 
07-05 21:45:49.543 D/vsyncbridge( 1204): [update_ds_table,  603] bInterlace:0  u16DefaultHtotal:0 
07-05 21:45:49.543 D/vsyncbridge( 1204): [update_ds_table,  606] bPreHCusScaling:1  bPreVCusScaling:1 
07-05 21:45:49.543 D/vsyncbridge( 1204): [update_ds_table,  608] u16PreHCusScalingSrc:1920  u16PreHCusScalingDst:1920 
07-05 21:45:49.543 D/vsyncbridge( 1204): [update_ds_table,  610] u16PreVCusScalingSrc:1080  u16PreVCusScalingSrc:1080 
07-05 21:45:49.543 D/vsyncbridge( 1204): [update_ds_table,  613] bHCusScaling:0  bVCusScaling:0 
07-05 21:45:49.543 D/vsyncbridge( 1204): [update_ds_table,  615] u16HCusScalingSrc:1920  u16HCusScalingDst:1632 
07-05 21:45:49.543 D/vsyncbridge( 1204): [update_ds_table,  617] u16VCusScalingSrc:1080  u16VCusScalingDst:920 
07-05 21:45:49.543 D/vsyncbridge( 1204): vsync_bridge_CalAspectRatio type = 0
07-05 21:45:49.543 D/vsyncbridge( 1204): panel [3840 2160] osd [1920 1080] ratio [2.000000 2.000000]
07-05 21:45:49.543 D/vsyncbridge( 1204): apply ratio, x=862, y=410, width=1632, height=920
07-05 21:45:49.543 D/vsyncbridge( 1204): disp_old[862 410 2494 1330], disp_new[862 410 2494 1330], crop[0 0 1920 1080]
07-05 21:45:49.543 D/vsyncbridge( 1204): [update_ds_table,  798] SW DS !!! 
07-05 21:45:49.543 D/vsyncbridge( 1204): [update_ds_table,  800] stXC_SetWin_Info.stCapWin.width1920  stXC_SetWin_Info.stCapWin.height:1080
07-05 21:45:49.543 D/vsyncbridge( 1204): [update_ds_table,  802] stXC_SetWin_Info.stCropWin.width1920  stXC_SetWin_Info.stCropWin.height:1080
07-05 21:45:49.543 D/vsyncbridge( 1204): [update_ds_table,  803] MApi_XC_GetDynamicScalingStatus():1 
07-05 21:45:49.545 D/        ( 1204): Alert: cannot get frameCount from IOCTL, eWindow=0! Fall back to original frame mode
07-05 21:45:49.545 D/        ( 1204): MVOP is 1P mode
07-05 21:45:49.545 D/        ( 1204): [_MDrv_SC_check_2p_mode][9405]u16Width=3840,u16Height=2160,u32Vfreqx10=240
07-05 21:45:49.545 D/vsyncbridge( 1204): vsync_bridge_render_frame pts = 2625000, DS_Idx=0x1, overlayID=0
07-05 21:45:49.545 D/vsyncbridge( 1204):  W 7, R 5, Cur 7
07-05 21:45:49.545 D/vsyncbridge( 1204): vsync_bridge_CalAspectRatio type = 0
07-05 21:45:49.545 D/vsyncbridge( 1204): panel [3840 2160] osd [1920 1080] ratio [2.000000 2.000000]
07-05 21:45:49.545 D/vsyncbridge( 1204): apply ratio, x=862, y=410, width=1632, height=920
07-05 21:45:49.559 D/Carousel-CarouselDisplayPlayerLayout( 7744): x=380, y=167,w=892,h=536, hashCode=893665721
07-05 21:45:49.559 D/Carousel-CarouselDisplayPlayerLayout( 7744): mX=381, mY=167,mWitdh=892,mHeight=536, hashCode=893665721
07-05 21:45:49.559 D/Carousel-CarouselDisplayPlayerLayout( 7744): changed=true, hashCode=893665721
07-05 21:45:49.559 D/Carousel-Utils( 7744): x=380,y=167, width=892,height=536
07-05 21:45:49.559 D/Carousel-CarouselDisplayPlayerLayout( 7744): x=380, y=167,w=892,h=536, hashCode=893665721
07-05 21:45:49.559 D/Carousel-CarouselDisplayPlayerLayout( 7744): mX=380, mY=167,mWitdh=892,mHeight=536, hashCode=893665721
07-05 21:45:49.559 D/Carousel-CarouselDisplayPlayerLayout( 7744): changed=false, hashCode=893665721
07-05 21:45:49.559 D/Carousel-CarouselDisplayPlayerLayout( 7744): extraTryCount=0
07-05 21:45:49.559 D/Carousel-CarouselDisplayPlayerLayout( 7744): x=380, y=167,w=892,h=536, hashCode=893665721
07-05 21:45:49.562 E/hwcomposer( 1204): Overlay 0 size changeed src {1920 1080} -> {1920, 1080} crop{0.000000 0.000000 1920.000000 1080.000000}->{0.000000 0.000000 1920.000000 1080.000000} dst{431 205 1247 665}->{419 205 1235 665}
07-05 21:45:49.564 D/Carousel-CarouselDisplayPlayerLayout( 7744): mX=380, mY=167,mWitdh=892,mHeight=536, hashCode=893665721
07-05 21:45:49.564 D/Carousel-CarouselDisplayPlayerLayout( 7744): changed=false, hashCode=893665721
07-05 21:45:49.566 D/Carousel-CarouselDisplayPlayerLayout( 7744): extraTryCount=1
07-05 21:45:49.566 D/Carousel-CarouselDisplayPlayerLayout( 7744): x=380, y=167,w=892,h=536, hashCode=893665721
07-05 21:45:49.566 D/Carousel-CarouselDisplayPlayerLayout( 7744): mX=380, mY=167,mWitdh=892,mHeight=536, hashCode=893665721
07-05 21:45:49.566 D/Carousel-CarouselDisplayPlayerLayout( 7744): changed=false, hashCode=893665721
07-05 21:45:49.566 D/Carousel-CarouselDisplayPlayerLayout( 7744): extraTryCount=2
07-05 21:45:49.567 I/Carousel-UrlVideoView( 7744): onMeasure(MeasureSpec: EXACTLY 816, MeasureSpec: EXACTLY 460)
07-05 21:45:49.567 D/Carousel-UrlVideoView( 7744): widthSpecMode=1073741824
07-05 21:45:49.567 D/Carousel-UrlVideoView( 7744): heightSpecMode=1073741824
07-05 21:45:49.567 D/Carousel-UrlVideoView( 7744): widthSpecSize=816
07-05 21:45:49.567 D/Carousel-UrlVideoView( 7744): heightSpecSize=460
07-05 21:45:49.568 I/Carousel-UrlVideoView( 7744): onMeasure(MeasureSpec: EXACTLY 816, MeasureSpec: EXACTLY 460)
07-05 21:45:49.568 D/Carousel-UrlVideoView( 7744): widthSpecMode=1073741824
07-05 21:45:49.568 D/Carousel-UrlVideoView( 7744): heightSpecMode=1073741824
07-05 21:45:49.568 D/Carousel-UrlVideoView( 7744): widthSpecSize=816
07-05 21:45:49.568 D/Carousel-UrlVideoView( 7744): heightSpecSize=460
07-05 21:45:49.569 I/SurfaceView( 7744): Changes: creating=false format=false size=false visible=false left=true top=false
07-05 21:45:49.569 I/SurfaceView( 7744): Cur surface: Surface(name=null)/@0xff8a586
07-05 21:45:49.571 D/Surface ( 1733): onStatusChange() : mNativeObject = 547819086848 mUseImageHwRender = false
07-05 21:45:49.571 V/Surface ( 1733): nativeSetHardwareRender() : status = 0
07-05 21:45:49.571 V/Surface ( 1733): nativeSetHardwareRender() : end
07-05 21:45:49.582 D/PowerManagerService( 1733): setScreenBrightnessOverrideFromWindowManagerInternal done
07-05 21:45:49.585 D/Surface ( 1733): onStatusChange() : mNativeObject = 0 mUseImageHwRender = false
07-05 21:45:49.586 D/Surface ( 7744): onStatusChange() : mNativeObject = -529251072 mUseImageHwRender = false
07-05 21:45:49.586 V/Surface ( 7744): nativeSetHardwareRender() : status = 0
07-05 21:45:49.586 V/Surface ( 7744): nativeSetHardwareRender() : end
07-05 21:45:49.587 I/SurfaceView( 7744): New surface: Surface(name=null)/@0x1af17e47, vis=true, frame=Rect(418, 205 - 1234, 665)
07-05 21:45:49.587 D/Surface ( 7744): onStatusChange() : mNativeObject = 0 mUseImageHwRender = false
07-05 21:45:49.587 D/Surface ( 7744): onStatusChange() : mNativeObject = -529251072 mUseImageHwRender = false
07-05 21:45:49.587 V/Surface ( 7744): nativeSetHardwareRender() : status = 0
07-05 21:45:49.587 V/Surface ( 7744): nativeSetHardwareRender() : end
07-05 21:45:49.588 V/SurfaceView( 7744): Layout: x=418 y=205 w=816 h=460, frame=Rect(0, 0 - 816, 460)
07-05 21:45:49.605 D/Carousel-CarouselDisplayPlayerLayout( 7744): x=380, y=167,w=892,h=536, hashCode=893665721
07-05 21:45:49.605 D/Carousel-CarouselDisplayPlayerLayout( 7744): mX=380, mY=167,mWitdh=892,mHeight=536, hashCode=893665721
07-05 21:45:49.605 D/Carousel-CarouselDisplayPlayerLayout( 7744): changed=false, hashCode=893665721
07-05 21:45:49.605 D/Carousel-CarouselDisplayPlayerLayout( 7744): extraTryCount=3
07-05 21:45:49.606 I/MainHomeView( 7744): onPanelClosed---left152
07-05 21:45:49.608 E/hwcomposer( 1204): Overlay 0 size changeed src {1920 1080} -> {1920, 1080} crop{0.000000 0.000000 1920.000000 1080.000000}->{0.000000 0.000000 1920.000000 1080.000000} dst{419 205 1235 665}->{418 205 1234 665}
07-05 21:45:49.613 D/CommonHeader( 7744): app logo :refreshTimer: isRotatetrue
07-05 21:45:49.613 D/Carousel-CarouselDisplayPlayerLayout( 7744): x=380, y=167,w=892,h=536, hashCode=893665721
07-05 21:45:49.613 D/Carousel-CarouselDisplayPlayerLayout( 7744): mX=380, mY=167,mWitdh=892,mHeight=536, hashCode=893665721
07-05 21:45:49.613 D/Carousel-CarouselDisplayPlayerLayout( 7744): changed=false, hashCode=893665721
07-05 21:45:49.613 D/Carousel-CarouselDisplayPlayerLayout( 7744): extraTryCount=4
07-05 21:45:49.613 D/Carousel-CarouselDisplayPlayerLayout( 7744): x=380, y=167,w=892,h=536, hashCode=893665721
07-05 21:45:49.613 D/Carousel-CarouselDisplayPlayerLayout( 7744): mX=380, mY=167,mWitdh=892,mHeight=536, hashCode=893665721
07-05 21:45:49.613 D/Carousel-CarouselDisplayPlayerLayout( 7744): changed=false, hashCode=893665721
07-05 21:45:49.613 D/Carousel-CarouselDisplayPlayerLayout( 7744): extraTryCount=5
07-05 21:45:49.613 D/Carousel-CarouselDisplayPlayerLayout( 7744): x=380, y=167,w=892,h=536, hashCode=893665721
07-05 21:45:49.613 D/Carousel-CarouselDisplayPlayerLayout( 7744): mX=380, mY=167,mWitdh=892,mHeight=536, hashCode=893665721
07-05 21:45:49.613 D/Carousel-CarouselDisplayPlayerLayout( 7744): changed=false, hashCode=893665721
07-05 21:45:49.613 D/Carousel-CarouselDisplayPlayerLayout( 7744): extraTryCount=6
07-05 21:45:49.614 D/Carousel-CarouselDisplayPlayerLayout( 7744): x=380, y=167,w=892,h=536, hashCode=893665721
07-05 21:45:49.614 D/Carousel-CarouselDisplayPlayerLayout( 7744): mX=380, mY=167,mWitdh=892,mHeight=536, hashCode=893665721
07-05 21:45:49.614 D/Carousel-CarouselDisplayPlayerLayout( 7744): changed=false, hashCode=893665721
07-05 21:45:49.614 D/Carousel-CarouselDisplayPlayerLayout( 7744): extraTryCount=7
07-05 21:45:49.634 D/Carousel-CarouselDisplayPlayerLayout( 7744): x=380, y=167,w=892,h=536, hashCode=893665721
07-05 21:45:49.635 D/Carousel-CarouselDisplayPlayerLayout( 7744): mX=380, mY=167,mWitdh=892,mHeight=536, hashCode=893665721
07-05 21:45:49.635 D/Carousel-CarouselDisplayPlayerLayout( 7744): changed=false, hashCode=893665721
07-05 21:45:49.635 D/Carousel-CarouselDisplayPlayerLayout( 7744): extraTryCount=8
07-05 21:45:49.639 I/TVMW@devctrl( 1234): wdt
07-05 21:45:49.646 D/hwcomposer( 1204): Overlay [0] do size change!
07-05 21:45:49.651 D/vsyncbridge( 1204): [0] handle_thread thread got msg 0x2, mState = 3
07-05 21:45:49.651 D/vsyncbridge( 1204): Overlay 0 Resize, mState = 0x3, 0, disp[418 205 816 460] osd[1920 1080]
07-05 21:45:49.651 D/vsyncbridge( 1204): [update_ds_table,  594] DispW:1632 DispH:920 
07-05 21:45:49.651 D/vsyncbridge( 1204): [update_ds_table,  598] Cap.x:1105 Cap.y:30 CapW:1920 CapH:1080 
07-05 21:45:49.651 D/vsyncbridge( 1204): [update_ds_table,  599] enInputSourceType:34 
07-05 21:45:49.651 D/vsyncbridge( 1204): [update_ds_table,  601] u16InputVTotal:2205  u16InputVFreq:240 
07-05 21:45:49.651 D/vsyncbridge( 1204): [update_ds_table,  603] bInterlace:0  u16DefaultHtotal:0 
07-05 21:45:49.651 D/vsyncbridge( 1204): [update_ds_table,  606] bPreHCusScaling:1  bPreVCusScaling:1 
07-05 21:45:49.651 D/vsyncbridge( 1204): [update_ds_table,  608] u16PreHCusScalingSrc:1920  u16PreHCusScalingDst:1920 
07-05 21:45:49.651 D/vsyncbridge( 1204): [update_ds_table,  610] u16PreVCusScalingSrc:1080  u16PreVCusScalingSrc:1080 
07-05 21:45:49.651 D/vsyncbridge( 1204): [update_ds_table,  613] bHCusScaling:0  bVCusScaling:0 
07-05 21:45:49.651 D/vsyncbridge( 1204): [update_ds_table,  615] u16HCusScalingSrc:1920  u16HCusScalingDst:1632 
07-05 21:45:49.651 D/vsyncbridge( 1204): [update_ds_table,  617] u16VCusScalingSrc:1080  u16VCusScalingDst:920 
07-05 21:45:49.651 D/vsyncbridge( 1204): vsync_bridge_CalAspectRatio type = 0
07-05 21:45:49.652 D/vsyncbridge( 1204): panel [3840 2160] osd [1920 1080] ratio [2.000000 2.000000]
07-05 21:45:49.652 D/vsyncbridge( 1204): apply ratio, x=836, y=410, width=1632, height=920
07-05 21:45:49.652 D/vsyncbridge( 1204): disp_old[836 410 2468 1330], disp_new[836 410 2468 1330], crop[0 0 1920 1080]
07-05 21:45:49.652 D/vsyncbridge( 1204): [update_ds_table,  798] SW DS !!! 
07-05 21:45:49.652 D/vsyncbridge( 1204): [update_ds_table,  800] stXC_SetWin_Info.stCapWin.width1920  stXC_SetWin_Info.stCapWin.height:1080
07-05 21:45:49.652 D/vsyncbridge( 1204): [update_ds_table,  802] stXC_SetWin_Info.stCropWin.width1920  stXC_SetWin_Info.stCropWin.height:1080
07-05 21:45:49.652 D/vsyncbridge( 1204): [update_ds_table,  803] MApi_XC_GetDynamicScalingStatus():1 
07-05 21:45:49.652 D/        ( 1204): Alert: cannot get frameCount from IOCTL, eWindow=0! Fall back to original frame mode
07-05 21:45:49.652 D/        ( 1204): MVOP is 1P mode
07-05 21:45:49.652 D/        ( 1204): [_MDrv_SC_check_2p_mode][9405]u16Width=3840,u16Height=2160,u32Vfreqx10=240
07-05 21:45:49.652 D/vsyncbridge( 1204): vsync_bridge_render_frame pts = 2750000, DS_Idx=0x2, overlayID=0
07-05 21:45:49.652 D/vsyncbridge( 1204):  W 2, R 0, Cur 2
07-05 21:45:49.652 D/vsyncbridge( 1204): vsync_bridge_CalAspectRatio type = 0
07-05 21:45:49.652 D/vsyncbridge( 1204): panel [3840 2160] osd [1920 1080] ratio [2.000000 2.000000]
07-05 21:45:49.652 D/vsyncbridge( 1204): apply ratio, x=836, y=410, width=1632, height=920
07-05 21:45:49.653 D/PowerManagerService( 1733): acquireWakeLockInternal: lock=113832109, flags=0x1, tag="NetworkStats", ws=null, uid=1000, pid=1733
07-05 21:45:49.653 D/PowerManagerNotifier( 1733): onWakeLockAcquired: flags=1, tag="NetworkStats", packageName=android, ownerUid=1000, ownerPid=1733, workSource=null
07-05 21:45:49.654 D/NtpTrustedTime( 1733): currentTimeMillis() cache hit
07-05 21:45:49.659 D/Carousel-CarouselDisplayPlayerLayout( 7744): x=380, y=167,w=892,h=536, hashCode=893665721
07-05 21:45:49.659 D/Carousel-CarouselDisplayPlayerLayout( 7744): mX=380, mY=167,mWitdh=892,mHeight=536, hashCode=893665721
07-05 21:45:49.659 D/Carousel-CarouselDisplayPlayerLayout( 7744): changed=false, hashCode=893665721
07-05 21:45:49.659 D/Carousel-CarouselDisplayPlayerLayout( 7744): extraTryCount=9
07-05 21:45:49.659 D/Carousel-CarouselDisplayPlayerLayout( 7744): x=380, y=167,w=892,h=536, hashCode=893665721
07-05 21:45:49.659 D/Carousel-CarouselDisplayPlayerLayout( 7744): mX=380, mY=167,mWitdh=892,mHeight=536, hashCode=893665721
07-05 21:45:49.659 D/Carousel-CarouselDisplayPlayerLayout( 7744): changed=false, hashCode=893665721
07-05 21:45:49.659 D/Carousel-CarouselDisplayPlayerLayout( 7744): isFullScreen:false
07-05 21:45:49.660 D/Carousel-CarouselView( 7744): ===========>mDisplayPlayerLayout.getVisibility()=4
07-05 21:45:49.660 D/Carousel-CarouselView( 7744): ===========>onScrollEnd
07-05 21:45:49.660 D/Carousel-Utils( 7744): x=380,y=167, width=892,height=536
07-05 21:45:49.660 D/Carousel-CarouselView( 7744): isOutScreen:false
07-05 21:45:49.673 D/NtpTrustedTime( 1733): currentTimeMillis() cache hit
07-05 21:45:49.673 I/MyFragmentStateAdapter( 7744): getCount
07-05 21:45:49.673 I/MyFragmentStateAdapter( 7744): getCount
07-05 21:45:49.673 I/MyFragmentStateAdapter( 7744): getCount
07-05 21:45:49.673 I/MyFragmentStateAdapter( 7744): getCount
07-05 21:45:49.677 D/NtpTrustedTime( 1733): currentTimeMillis() cache hit
07-05 21:45:49.677 D/NtpTrustedTime( 1733): currentTimeMillis() cache hit
07-05 21:45:49.677 D/PowerManagerService( 1733): releaseWakeLockInternal: lock=113832109 [NetworkStats], flags=0x0
07-05 21:45:49.677 D/PowerManagerNotifier( 1733): onWakeLockReleased: flags=1, tag="NetworkStats", packageName=android, ownerUid=1000, ownerPid=1733, workSource=null
07-05 21:45:49.693 D/Surface ( 1733): onStatusChange() : mNativeObject = 547942774784 mUseImageHwRender = false
07-05 21:45:49.693 V/Surface ( 1733): nativeSetHardwareRender() : status = 0
07-05 21:45:49.693 V/Surface ( 1733): nativeSetHardwareRender() : end
07-05 21:45:49.695 D/PowerManagerService( 1733): acquireWakeLockInternal: lock=487931605, flags=0x2000000a, tag="WindowManager", ws=WorkSource{10010}, uid=1000, pid=1733
07-05 21:45:49.695 D/PowerManagerNotifier( 1733): onWakeLockAcquired: flags=536870922, tag="WindowManager", packageName=android, ownerUid=1000, ownerPid=1733, workSource=WorkSource{10010}
07-05 21:45:49.695 D/PowerManagerService( 1733): setScreenBrightnessOverrideFromWindowManagerInternal done
07-05 21:45:49.697 D/Surface ( 1733): onStatusChange() : mNativeObject = 0 mUseImageHwRender = false
07-05 21:45:49.698 I/FirstLineAdapter( 7744): canShowTrailer,isOffline=false
07-05 21:45:49.698 I/FirstLineAdapter( 7744): canShowTrailer,isOffline=false
07-05 21:45:49.699 I/FirstLineAdapter( 7744): canShowTrailer,isOffline=false
07-05 21:45:49.699 I/FirstLineAdapter( 7744): canShowTrailer,isOffline=false
07-05 21:45:49.699 I/FirstLineAdapter( 7744): canShowTrailer,isOffline=false
07-05 21:45:49.699 I/FirstLineAdapter( 7744): canShowTrailer,isOffline=false
07-05 21:45:49.699 I/FirstLineAdapter( 7744): canShowTrailer,isOffline=false
07-05 21:45:49.700 I/FirstLineAdapter( 7744): canShowTrailer,isOffline=false
07-05 21:45:49.701 I/FirstLineAdapter( 7744): canShowTrailer,isOffline=false
07-05 21:45:49.709 I/MyFragmentStateAdapter( 7744): getCount
07-05 21:45:49.774 I/MiSysSrv( 1214): [37m[INFO] Change to Voltage: 117 mv (0x32)[m
07-05 21:45:49.807 D/IntertrustDRMManager( 7744): [TID 7921] wasabi runtime initialized success.
07-05 21:45:49.870 I/MiSysSrv( 1214): [37m[INFO] Change to Voltage: 112 mv (0x2D)[m
07-05 21:45:49.902 I/NetflixMonitorService( 1733): current fgapk : com.hisense.hicloud.edca
07-05 21:45:49.902 I/NetflixMonitorService( 1733): Netflix status unchanged
07-05 21:45:49.918 I/HLSP2P  ( 3457): ## 2017-07-05 21:45:49.918 [3457,3628,:0] INFO ## [HLSP2P][TaskManager.cpp:855][INFO][UpdateGlobalInfo]totalDataSize: 0, totalMemorySize: 0, totalCacheSize: 0, curUploadSpeedKB: 0
07-05 21:45:49.924 I/HLSP2P  ( 3457): ## 2017-07-05 21:45:49.923 [3457,3628,:0] INFO ## [HLSP2P][TaskManager.cpp:1325][INFO][TryAdjustMemorySize]system memory total size: 1912M, free size: 346MB, cache add to 30MB, AppState: 14
07-05 21:45:49.962 I/TVMW@HsTvSetting( 1234): Trace cmd, data = 0x1058
