07-05 23:03:15.424 D/til     ( 2026): ###### func:til_get_picture_param option:0x3000045 ######  
07-05 23:03:15.425 I/TVMW@HsTvSetting( 1234): Trace cmd, data = 0x300c
07-05 23:03:15.425 I/TVMW@HsTvSetting( 1234): Trace 3d, data = 0x300c
07-05 23:03:15.425 I/TVMW@3d ( 1234): Hs_debug3d_trace: func:get3dStatus, line:109
07-05 23:03:15.430 D/HttpHandler(17944): VerifySignInterCeptor-->request.url()=http://picture.edu.hismarttv.com/images/20170630060711088714.jpg
07-05 23:03:15.430 E/btif_config( 2964): [btif_config_get] node is TRUE!
07-05 23:03:15.430 E/btif_config( 2964): [btif_config_get] ret is TRUE!
07-05 23:03:15.430 D/HttpHandler(17944): VerifySignInterCeptor-->hostname=picture.edu.hismarttv.com
07-05 23:03:15.455 D/HttpHandler(17944): RetryIntercepter-->retryNum=0
07-05 23:03:15.455 D/HttpHandler(17944): RetryIntercepter-->backoffmutiplier=0
07-05 23:03:15.456 I/MyFragmentStateAdapter(17944): getCount
07-05 23:03:15.457 I/MyFragmentStateAdapter(17944): getCount
07-05 23:03:15.457 I/MyFragmentStateAdapter(17944): getCount
07-05 23:03:15.457 I/MyFragmentStateAdapter(17944): getCount
07-05 23:03:15.467 D/OkHttp  (17944): --> GET http://picture.edu.hismarttv.com/images/20170630060711088714.jpg http/1.1
07-05 23:03:15.467 D/OkHttp  (17944): Host: picture.edu.hismarttv.com
07-05 23:03:15.467 D/OkHttp  (17944): Connection: Keep-Alive
07-05 23:03:15.469 I/MyFragmentStateAdapter(17944): getCount
07-05 23:03:15.469 D/OkHttp  (17944): Accept-Encoding: gzip
07-05 23:03:15.469 D/OkHttp  (17944): User-Agent: okhttp/3.6.0
07-05 23:03:15.469 D/OkHttp  (17944): --> END GET
07-05 23:03:15.485 D/Carousel-CarouselVideoViewImpl(17944): stopPlay.
07-05 23:03:15.486 V/MediaPlayer-JNI(17944): isPlaying: 1
07-05 23:03:15.486 D/Carousel-UrlVideoView(17944): isInPlaybackState=true
07-05 23:03:15.486 D/Carousel-UrlVideoView(17944): mCurrentState=3
07-05 23:03:15.490 V/MediaPlayer-JNI(17944): getCurrentPosition: 5070 (msec)
07-05 23:03:15.490 D/Carousel-CarouselVideoViewImpl(17944): position=5070
07-05 23:03:15.490 V/MediaPlayer-JNI(17944): stop
07-05 23:03:15.491 D/NuPlayerDriver( 1206): stop(0xf40ac040)   mState:5
07-05 23:03:15.491 V/MediaPlayer-JNI(17944): release
07-05 23:03:15.492 D/NuPlayerDriver( 1206): reset(0xf40ac040)  mState:8
07-05 23:03:15.492 V/NuPlayer( 1206): NuPlayer::resetAsync ---- Enter ...
07-05 23:03:15.492 I/FFMPEG  ( 1206): [mov,mp4,m4a,3gp,3g2,mj2 @ 0xb8ba5400] stream 1, offset 0xf5f941: partial file
07-05 23:03:15.492 W/FFmpegExtractor( 1206): rv_read_frame ret: [-1094995529]
07-05 23:03:15.492 D/MediaHTTPConnection(17944): teardownConnection
07-05 23:03:15.493 W/MediaHTTPConnection(17944): readAt 16280676 / 32768 => -1004, java.io.IOException: closed
07-05 23:03:15.493 D/DtvSourcePlugin-DVBC(15961): Setting the EPG Updater state to: WAIT
07-05 23:03:15.496 D/MediaHTTPConnection(17944): hitting IOException http://150.138.169.144/jhxvideo-ws.video-tx.com/rendition/201705/205989353451683841/205989353451684353/bb/243216185158536196/243216215223308548/r243216215223308548-3200k-1920x1080.mp4?wsSecret=d28ae643eeb941b142df1f9b4fc38d52&wsTime=595cffaa&wsiphost=local
07-05 23:03:15.501 W/MediaHTTP( 1206): hitting MediaHTTP readAt n < 0 numBytesRead= 27748
07-05 23:03:15.502 I/NuCachedSource2( 1206): caching reached eos.
07-05 23:03:15.506 W/MediaHTTPConnection(17944): teardownConnection catch android.os.NetworkOnMainThreadException
07-05 23:03:15.508 V/NuPlayer( 1206): kWhatReset  mCanReset:1
07-05 23:03:15.508 V/NuPlayer( 1206): performDecoderFlush audio=2, video=2
07-05 23:03:15.508 V/NuPlayer( 1206): [audio] flushDecoder needShutdown=1
07-05 23:03:15.508 V/NuPlayer( 1206): [video] flushDecoder needShutdown=1
07-05 23:03:15.508 V/NuPlayer( 1206): postponing action mFlushingAudio=2, mFlushingVideo=2
07-05 23:03:15.508 V/NuPlayer( 1206): renderer audio flush completed.
07-05 23:03:15.508 V/NuPlayer( 1206): renderer video flush completed.
07-05 23:03:15.508 E/AudioTrackShared( 1206): mFlush 0 -> 0x4bb9, front 0x375ac, rear 0x38bb9, mask 0x3fff, newFront 0x34bb9, filled 16384=0x4000
07-05 23:03:15.509 D/OkHttp  (17944): <-- 200 OK http://picture.edu.hismarttv.com/images/20170630060711088714.jpg (39ms)
07-05 23:03:15.509 D/OkHttp  (17944): Date: Wed, 05 Jul 2017 14:51:10 GMT
07-05 23:03:15.509 D/OkHttp  (17944): Server: nginx
07-05 23:03:15.509 D/OkHttp  (17944): Content-Type: image/jpeg
07-05 23:03:15.509 D/OkHttp  (17944): Content-Length: 150566
07-05 23:03:15.509 D/OkHttp  (17944): Last-Modified: Fri, 30 Jun 2017 06:07:11 GMT
07-05 23:03:15.509 D/OkHttp  (17944): ETag: "5955ea8f-24c26"
07-05 23:03:15.509 I/MS_OMX_BASEPORT( 1206): [OMX.MS.AVC.Decoder]MS_OMX_FlushPort: 0
07-05 23:03:15.509 D/OkHttp  (17944): Accept-Ranges: bytes
07-05 23:03:15.509 D/OkHttp  (17944): Age: 725
07-05 23:03:15.509 D/OkHttp  (17944): Via: 1.1 jn239:0 (Cdn Cache Server V2.0)[13 200 0], 1.1 PSahmaswt2yw211:6 (Cdn Cache Server V2.0)[0 200 0]
07-05 23:03:15.509 D/MSTAR_VDEC_API( 1206): [0] Flush: Begin (0)
07-05 23:03:15.509 D/OkHttp  (17944): Connection: keep-alive
07-05 23:03:15.509 D/OkHttp  (17944): <-- END HTTP
07-05 23:03:15.509 V/NuPlayer( 1206): decoder audio flush completed
07-05 23:03:15.509 V/NuPlayer( 1206): initiating audio decoder shutdown
07-05 23:03:15.509 D/NuPlayer( 1206): rrrr audio decoder executing, canreset set true
07-05 23:03:15.510 D/HttpHandler(17944): RetryIntercepter-->retryNum=0
07-05 23:03:15.511 D/HttpHandler(17944): RetryIntercepter-->backoffmutiplier=0
07-05 23:03:15.512 D/MediaCodec( 1206): MediaCodec::~MediaCodec ---- Enter  mState:0
07-05 23:03:15.512 V/NuPlayer( 1206): audio shutdown completed
07-05 23:03:15.515 D/MSTAR_VDEC_API( 1206): [0] Flush: OK
07-05 23:03:15.516 I/MS_OMX_BASEPORT( 1206): [OMX.MS.AVC.Decoder]MS_OMX_FlushPort: 1
07-05 23:03:15.522 V/NuPlayer( 1206): decoder video flush completed
07-05 23:03:15.522 V/NuPlayer( 1206): initiating video decoder shutdown
07-05 23:03:15.523 I/MS_OMX_BASEPORT( 1206): [OMX.MS.AVC.Decoder]MS_OMX_FlushPort: 0
07-05 23:03:15.523 D/MSTAR_VDEC_API( 1206): [0] Flush: Begin (0)
07-05 23:03:15.526 D/MSTAR_VDEC_API( 1206): [0] Flush: OK
07-05 23:03:15.526 I/MS_OMX_BASEPORT( 1206): [OMX.MS.AVC.Decoder]MS_OMX_FlushPort: 1
07-05 23:03:15.526 I/MS_OMX_VDEC( 1206): [OMX.MS.AVC.Decoder]MS_OMX_OutputBufferProcess: in pause state , waiting for resume...
07-05 23:03:15.526 I/MS_OMX_VDEC( 1206): [OMX.MS.AVC.Decoder]MS_OMX_OutputBufferProcess: ...resumed
07-05 23:03:15.526 D/MS_OMX_VDEC( 1206): Free pBuffer[0]: 0xbb003000
07-05 23:03:15.526 D/MS_OMX_VDEC( 1206): Free pBuffer[0]: 0xf1818000
07-05 23:03:15.527 D/MS_OMX_VDEC( 1206): Free pBuffer[0]: 0xd7403000
07-05 23:03:15.527 D/MS_OMX_VDEC( 1206): Free pBuffer[0]: 0xb9c03000
07-05 23:03:15.527 D/MS_OMX_VDEC( 1206): Free pBuffer[0]: 0xba8fc000
07-05 23:03:15.528 D/MSTAR_VDEC_API( 1206): [0] Flush: Begin (0)
07-05 23:03:15.528 E/audio_hw_primary( 1206): out_get_latency ret 10ms
07-05 23:03:15.530 D/MSTAR_VDEC_API( 1206): [0] Flush: OK
07-05 23:03:15.536 D/gralloc ( 1204): allocate buffer from ION HEAP 0x1
07-05 23:03:15.536 D/gralloc ( 1204): allocate memory from system heap
07-05 23:03:15.537 D/gralloc ( 1204): allocate buffer from ION HEAP 0x1
07-05 23:03:15.537 D/gralloc ( 1204): allocate memory from system heap
07-05 23:03:15.539 E/audio_hw_primary( 1206): out_get_latency ret 10ms
07-05 23:03:15.539 E/audio_hw_primary( 1206): out_get_latency ret 10ms
07-05 23:03:15.542 D/hwcomposer( 1204): Overlay[0], bInUsed = 0, bIsForceClose = 0
07-05 23:03:15.543 D/PowerManagerService( 1733): updateWakeLockWorkSourceInternal: lock=737661347 [AudioMix], ws=null
07-05 23:03:15.543 I/SurfaceFlinger( 1204): the layer SurfaceView is used to close xc and zorder is smallerest! clear region
07-05 23:03:15.543 D/PowerManagerNotifier( 1733): onWakeLockReleased: flags=1, tag="AudioMix", packageName=media, ownerUid=1013, ownerPid=0, workSource=WorkSource{10010}
07-05 23:03:15.543 D/PowerManagerNotifier( 1733): onWakeLockAcquired: flags=1, tag="AudioMix", packageName=media, ownerUid=1013, ownerPid=0, workSource=null
07-05 23:03:15.543 D/vsyncbridge( 1204): [0] handle_thread thread got msg 0x1, mState = 3
07-05 23:03:15.543 D/vsyncbridge( 1204): Overlay 0 state change from 3 to 0
07-05 23:03:15.543 D/vsyncbridge( 1204): Remove Overlay 0
07-05 23:03:15.544 D/gralloc ( 1204): allocate buffer from ION HEAP 0x1
07-05 23:03:15.544 D/gralloc ( 1204): allocate memory from system heap
07-05 23:03:15.550 V/AudioPolicyManager( 1206): stopOutput() output 2, stream 3, session 597
07-05 23:03:15.550 V/AudioPolicyManager( 1206): setBeaconMute(1) mBeaconMuteRefCount=0 mBeaconPlayingRefCount=0
07-05 23:03:15.550 V/AudioPolicyManager( 1206): changeRefCount() stream 3, count 0
07-05 23:03:15.550 V/AudioPolicyManager( 1206): getNewOutputDevice() selected device 0
07-05 23:03:15.550 V/AudioPolicyManager( 1206): setOutputDevice() output 2 device 0000 delayMs 20
07-05 23:03:15.550 V/AudioPolicyManager( 1206): setOutputDevice() prevDevice 0002
07-05 23:03:15.550 V/AudioPolicyManager( 1206): DeviceVector::getDevice() for type 00008000 address 0 found 0x0
07-05 23:03:15.550 V/AudioPolicyManager( 1206): DeviceVector::getDevice() for type 00008000 address 0 found 0x0
07-05 23:03:15.550 V/AudioPolicyManager( 1206): DeviceVector::getDevice() for type 00008000 address 0 found 0x0
07-05 23:03:15.550 V/AudioPolicyManager( 1206): DeviceVector::getDevice() for type 00008000 address 0 found 0x0
07-05 23:03:15.550 V/AudioPolicyManager( 1206): DeviceVector::getDevice() for type 00008000 address 0 found 0x0
07-05 23:03:15.550 V/AudioPolicyManager( 1206): DeviceVector::getDevice() for type 00008000 address 0 found 0x0
07-05 23:03:15.550 V/AudioPolicyManager( 1206): DeviceVector::getDevice() for type 00008000 address 0 found 0x0
07-05 23:03:15.550 V/AudioPolicyManager( 1206): setOutputDevice() setting same device 0000 or null device for output 2
07-05 23:03:15.550 V/AudioPolicyManager( 1206): DeviceVector::getDevice() for type 00008000 address 0 found 0x0
07-05 23:03:15.550 V/AudioPolicyManager( 1206): DeviceVector::getDevice() for type 00008000 address 0 found 0x0
07-05 23:03:15.550 V/AudioPolicyManager( 1206): DeviceVector::getDevice() for type 00008000 address 0 found 0x0
07-05 23:03:15.550 V/AudioPolicyManager( 1206): DeviceVector::getDevice() for type 00008000 address 0 found 0x0
07-05 23:03:15.550 V/AudioPolicyManager( 1206): DeviceVector::getDevice() for type 00008000 address 0 found 0x0
07-05 23:03:15.550 V/AudioPolicyManager( 1206): DeviceVector::getDevice() for type 00008000 address 0 found 0x0
07-05 23:03:15.550 V/AudioPolicyManager( 1206): DeviceVector::getDevice() for type 00008000 address 0 found 0x0
07-05 23:03:15.550 V/AudioPolicyManager( 1206): DeviceVector::getDevice() for type 00008000 address 0 found 0x0
07-05 23:03:15.555 D/hwcomposer( 1204): lastVideoPlanes is dirty
07-05 23:03:15.557 I/MiSysSrv( 1214): [leon.luo]EnableVideoMute = 1,enColor = 5
07-05 23:03:15.560 D/HttpHandler(17944): VerifySignInterCeptor-->request.url()=http://picture.edu.hismarttv.com/images/20170628233313068112.jpg
07-05 23:03:15.560 D/HttpHandler(17944): VerifySignInterCeptor-->hostname=picture.edu.hismarttv.com
07-05 23:03:15.564 D/OkHttp  (17944): --> GET http://picture.edu.hismarttv.com/images/20170628233313068112.jpg http/1.1
07-05 23:03:15.564 D/OkHttp  (17944): Host: picture.edu.hismarttv.com
07-05 23:03:15.564 D/OkHttp  (17944): Connection: Keep-Alive
07-05 23:03:15.564 D/OkHttp  (17944): Accept-Encoding: gzip
07-05 23:03:15.564 D/OkHttp  (17944): User-Agent: okhttp/3.6.0
07-05 23:03:15.564 D/OkHttp  (17944): --> END GET
07-05 23:03:15.568 I/art     (17944): Background partial concurrent mark sweep GC freed 12718(1218KB) AllocSpace objects, 2(1550KB) LOS objects, 9% free, 36MB/40MB, paused 3.145ms total 118.595ms
07-05 23:03:15.570 D/NativeDecimalFormat(17944): NativeDecimalFormat_close print addr=4098415360
07-05 23:03:15.570 D/NativeDecimalFormat(17944): NativeDecimalFormat_close print g_addr=4098416128
07-05 23:03:15.570 D/NativeDecimalFormat(17944): NativeDecimalFormat_close print addr=4098416128
07-05 23:03:15.570 D/NativeDecimalFormat(17944): NativeDecimalFormat_close print g_addr=4098416128
07-05 23:03:15.571 I/SurfaceFlinger( 1204): the layer SurfaceView is used to close xc and zorder is smallerest! clear region
07-05 23:03:15.581 D/        ( 1206): [VDEC][0]MApi_CMA_Pool_PutMem0 in vdec: cmaFreeParam.pool_handle_id=13, cmaFreeParam.offset_in_pool=1000000, cmaFreeParam.length=8200000
07-05 23:03:15.581 I/MSTAR_VDEC_API( 1206): stored streamId: 0:4040
07-05 23:03:15.581 I/MSTAR_VDEC_API( 1206): remove StreamId: 0x4040
07-05 23:03:15.583 D/MSTAR_VDEC_API( 1206): [0] MsVdecClose OK
07-05 23:03:15.584 D/OkHttp  (17944): <-- 403 Forbidden http://picture.edu.hismarttv.com/images/ (181ms)
07-05 23:03:15.584 D/OkHttp  (17944): Date: Wed, 05 Jul 2017 15:03:15 GMT
07-05 23:03:15.584 D/OkHttp  (17944): Server: nginx
07-05 23:03:15.584 D/OkHttp  (17944): Content-Type: text/html; charset=UTF-8
07-05 23:03:15.584 D/OkHttp  (17944): Content-Length: 162
07-05 23:03:15.584 D/OkHttp  (17944): Via: 1.1 shuozhou56:0 (Cdn Cache Server V2.0)[33 403 2], 1.1 PSahmaswt2en210:2 (Cdn Cache Server V2.0)[140 403 2]
07-05 23:03:15.584 D/OkHttp  (17944): Connection: close
07-05 23:03:15.584 D/OkHttp  (17944): <-- END HTTP
07-05 23:03:15.584 D/HttpHandler(17944): RetryIntercepter-->retryNum=0
07-05 23:03:15.584 D/HttpHandler(17944): RetryIntercepter-->backoffmutiplier=0
07-05 23:03:15.585 D/HttpHandler(17944): VerifySignInterCeptor-->request.url()=http://picture.edu.hismarttv.com/images/20170629/20161111081033896636.jpg
07-05 23:03:15.585 D/HttpHandler(17944): VerifySignInterCeptor-->hostname=picture.edu.hismarttv.com
07-05 23:03:15.586 D/HttpHandler(17944): VerifySignInterCeptor-->request.url()=http://picture.edu.hismarttv.com/images/20170630060641226550.jpg
07-05 23:03:15.586 D/HttpHandler(17944): VerifySignInterCeptor-->hostname=picture.edu.hismarttv.com
07-05 23:03:15.588 D/MediaCodec( 1206): MediaCodec::~MediaCodec ---- Enter  mState:0
07-05 23:03:15.588 V/NuPlayer( 1206): video shutdown completed
07-05 23:03:15.588 D/HttpHandler(17944): HttpDNS-->hostname=picture.edu.hismarttv.com
07-05 23:03:15.588 V/NuPlayer( 1206): both audio and video are flushed now.
07-05 23:03:15.588 V/NuPlayer( 1206): performReset start pthread_id:d783d000
07-05 23:03:15.588 V/RMClient( 1206): #375:RMClient::returnAllResourcesAsync
07-05 23:03:15.588 V/RMClient( 1206): #375:onMessageReceived cret
07-05 23:03:15.588 V/RMClient( 1206): #375:kWhatCmdReturnAllResources
07-05 23:03:15.589 V/RMClient( 1206): #375:Done
07-05 23:03:15.589 V/RMAllocator( 1198): Deallocating resources for #375
07-05 23:03:15.589 V/RMAllocator( 1198): ~ClientInfo
07-05 23:03:15.590 I/MiSysSrv( 1214): Not support now! 42, change to mm_video!!!
07-05 23:03:15.590 I/MiSysSrv( 1214): [XC,SetWindow][MApi_XC_SetDynamicScaling_U2,  342] It's dynamic scaling case(0,0,0)
07-05 23:03:15.590 I/MiSysSrv( 1214): [XC,SetWindow][MHAL_SC_Set_DynamicScaling,  522] [MHAL_SC_Set_DynamicScaling,  522] [DS] u8MIU_Select:0  
07-05 23:03:15.590 I/MiSysSrv( 1214): [XC,SetWindow][MHAL_SC_Set_DynamicScaling,  523] [MHAL_SC_Set_DynamicScaling,  523] [DS] bOP_On:0  bIPS_On:0 bIPM_On:0  
07-05 23:03:15.590 I/RMAllocator( 1198): ~ClientInfo this=2382671648,mRMClient=2382853184. id=375
07-05 23:03:15.590 W/RMAllocator( 1198): returnAllResourcesFor: not registered, nothing to do
07-05 23:03:15.590 D/OkHttp  (17944): <-- 200 OK http://picture.edu.hismarttv.com/images/20170628233313068112.jpg (26ms)
07-05 23:03:15.590 D/OkHttp  (17944): Date: Wed, 05 Jul 2017 14:12:02 GMT
07-05 23:03:15.590 D/OkHttp  (17944): Server: nginx
07-05 23:03:15.590 D/OkHttp  (17944): Content-Type: image/jpeg
07-05 23:03:15.590 D/OkHttp  (17944): Content-Length: 61038
07-05 23:03:15.590 D/OkHttp  (17944): Last-Modified: Wed, 28 Jun 2017 23:33:13 GMT
07-05 23:03:15.590 D/OkHttp  (17944): ETag: "59543cb9-ee6e"
07-05 23:03:15.590 D/OkHttp  (17944): Accept-Ranges: bytes
07-05 23:03:15.590 D/OkHttp  (17944): Age: 3073
07-05 23:03:15.590 D/OkHttp  (17944): Via: 1.1 jnwt244:1 (Cdn Cache Server V2.0)[3 200 0], 1.1 PSahmaswt2ak213:0 (Cdn Cache Server V2.0)[0 200 0]
07-05 23:03:15.590 D/OkHttp  (17944): Connection: keep-alive
07-05 23:03:15.590 D/OkHttp  (17944): <-- END HTTP
07-05 23:03:15.591 V/RMClient( 1206): #375:handleEvent lret
07-05 23:03:15.591 V/RMClient( 1206): #375:onMessageReceived lret
07-05 23:03:15.591 V/RMClient( 1206): #375:kWhatAllResourcesReturned
07-05 23:03:15.591 I/NuPlayer( 1206): NuPlayerRMClientListener::handleAllResourcesReturned
07-05 23:03:15.591 V/NuPlayer( 1206): [handleAllResourcesReturned-3223]
07-05 23:03:15.591 V/RMClient( 1206): #375:Done
07-05 23:03:15.591 I/GenericSource( 1206): stop
07-05 23:03:15.591 D/HttpHandler(17944): RAMCache-->hostInfo.getClientTimeStamp()=15826573
07-05 23:03:15.591 D/HttpHandler(17944): RAMCache-->hostInfo.getTtl()=300
07-05 23:03:15.591 D/HttpHandler(17944): RAMCache-->SystemClock.elapsedRealtime()=15837163
07-05 23:03:15.586 D/OkHttp  (17944): --> GET http://picture.edu.hismarttv.com/images/20170630060641226550.jpg http/1.1
07-05 23:03:15.592 D/OkHttp  (17944): Host: picture.edu.hismarttv.com
07-05 23:03:15.592 D/OkHttp  (17944): Connection: Keep-Alive
07-05 23:03:15.592 D/OkHttp  (17944): Accept-Encoding: gzip
07-05 23:03:15.592 D/OkHttp  (17944): User-Agent: okhttp/3.6.0
07-05 23:03:15.592 D/OkHttp  (17944): --> END GET
07-05 23:03:15.592 I/FFmpegExtractor( 1206): reader thread goto end...
07-05 23:03:15.592 I/FFmpegExtractor( 1206): stream_component_close ---- streamIndex: 0
07-05 23:03:15.593 D/HttpHandler(17944): RetryIntercepter-->retryNum=0
07-05 23:03:15.593 D/HttpHandler(17944): RetryIntercepter-->backoffmutiplier=0
07-05 23:03:15.596 D/HttpHandler(17944): DNSHelper-->gslbDns=["220.202.77.124","153.35.175.120","36.33.158.222","112.65.220.40","218.58.206.58","123.128.14.209","153.35.175.121"]
07-05 23:03:15.603 I/FFmpegExtractor( 1206): stream_component_close ---- streamIndex: 1
07-05 23:03:15.605 I/MiSysSrv( 1214): [XC,SetWindow][MHAL_SC_Set_DynamicScaling,  557] [MHAL_SC_Set_DynamicScaling,  557] [DS] u32DynamicScalingBaseAddr:0  u8DynamicScalingIndexDepth:0 u32DynamicScalingBufSize:0   
07-05 23:03:15.607 I/FFmpegExtractor( 1206): stream_component_close ---- streamIndex: -1
07-05 23:03:15.608 I/FFMPEG  ( 1206): [AVIOContext @ 0xb8bfe5c0] Statistics: 16118183 bytes read, 0 seeks
07-05 23:03:15.611 D/FFmpegExtractor( 1206): Reader thread stopped
07-05 23:03:15.612 D/FFmpegExtractor( 1206): Reader thread have been stopped
07-05 23:03:15.621 D/NuPlayerDriver( 1206): notifyResetComplete(0xf40ac040) mState:7
07-05 23:03:15.621 V/NuPlayer( 1206): performReset end pthread_id:d783d000
07-05 23:03:15.621 V/NuPlayer( 1206): +++Reset end,not response msg
07-05 23:03:15.622 D/OkHttp  (17944): <-- 200 OK http://picture.edu.hismarttv.com/images/20170630060641226550.jpg (30ms)
07-05 23:03:15.622 D/OkHttp  (17944): Date: Wed, 05 Jul 2017 14:51:10 GMT
07-05 23:03:15.622 D/OkHttp  (17944): Server: nginx
07-05 23:03:15.622 D/OkHttp  (17944): Content-Type: image/jpeg
07-05 23:03:15.622 D/OkHttp  (17944): Content-Length: 121881
07-05 23:03:15.622 D/OkHttp  (17944): Last-Modified: Fri, 30 Jun 2017 06:06:41 GMT
07-05 23:03:15.622 D/OkHttp  (17944): ETag: "5955ea71-1dc19"
07-05 23:03:15.622 D/OkHttp  (17944): Accept-Ranges: bytes
07-05 23:03:15.622 D/OkHttp  (17944): Age: 725
07-05 23:03:15.622 D/OkHttp  (17944): Via: 1.1 wangt170:6 (Cdn Cache Server V2.0)[0 200 0], 1.1 PSahmaswt2vv209:7 (Cdn Cache Server V2.0)[0 200 0]
07-05 23:03:15.622 D/OkHttp  (17944): Connection: keep-alive
07-05 23:03:15.622 D/OkHttp  (17944): <-- END HTTP
07-05 23:03:15.627 D/HttpHandler(17944): RetryIntercepter-->retryNum=0
07-05 23:03:15.627 D/HttpHandler(17944): RetryIntercepter-->backoffmutiplier=0
07-05 23:03:15.630 D/OkHttp  (17944): --> GET http://picture.edu.hismarttv.com/images/20170629/20161111081033896636.jpg http/1.1
07-05 23:03:15.631 D/OkHttp  (17944): Host: picture.edu.hismarttv.com
07-05 23:03:15.631 D/OkHttp  (17944): Connection: Keep-Alive
07-05 23:03:15.631 D/OkHttp  (17944): Accept-Encoding: gzip
07-05 23:03:15.631 D/OkHttp  (17944): User-Agent: okhttp/3.6.0
07-05 23:03:15.631 D/OkHttp  (17944): --> END GET
07-05 23:03:15.634 D/HttpHandler(17944): VerifySignInterCeptor-->request.url()=http://picture.edu.hismarttv.com/images/20170629/%E5%A4%9A%E7%91%9E%E5%84%BF%E6%AD%8C.jpg
07-05 23:03:15.634 D/HttpHandler(17944): VerifySignInterCeptor-->hostname=picture.edu.hismarttv.com
07-05 23:03:15.635 D/OkHttp  (17944): --> GET http://picture.edu.hismarttv.com/images/20170629/%E5%A4%9A%E7%91%9E%E5%84%BF%E6%AD%8C.jpg http/1.1
07-05 23:03:15.635 D/OkHttp  (17944): Host: picture.edu.hismarttv.com
07-05 23:03:15.635 D/OkHttp  (17944): Connection: Keep-Alive
07-05 23:03:15.635 D/OkHttp  (17944): Accept-Encoding: gzip
07-05 23:03:15.635 D/OkHttp  (17944): User-Agent: okhttp/3.6.0
07-05 23:03:15.635 D/OkHttp  (17944): --> END GET
07-05 23:03:15.639 D/vsyncbridge( 1204): void Wrapper_disconnect(int) @ line: 776: Enter Stop ds.
07-05 23:03:15.639 D/vsyncbridge( 1204): [0] is to deinit
07-05 23:03:15.639 I/MiSysSrv( 1214): Obtain XC engine fail
07-05 23:03:15.640 I/MiSysSrv( 1214): [mapi_video_base@Line 1385] Finalize:1385 Video Finalize : Win[0], Source[34]
07-05 23:03:15.641 I/MiSysSrv( 1214): [XC,LPLL][MDrv_XC_SetFreeRunTiming, 4950] SetFreeRunTiming: Disable FPLL and Clear FSM to Idle state
07-05 23:03:15.641 I/MiSysSrv( 1214): [XC,LPLL][MDrv_SC_set_fpll,  976] MDrv_SC_set_fpll(0,0)
07-05 23:03:15.641 I/MiSysSrv( 1214): [XC,LPLL][MDrv_SC_set_fpll,  977] u32OrigLPLL = 1745d1
07-05 23:03:15.641 I/MiSysSrv( 1214): [XC,LPLL][MDrv_SC_set_fpll, 1002] u32OrigLPLL = 1745d1, L_BK_LPLL(0x0F) = 1745d1
07-05 23:03:15.641 I/MiSysSrv( 1214): [XC,LPLL][_MApi_XC_FPLL_EnableLcokFreqOnly, 3150] [_MApi_XC_FPLL_EnableLcokFreqOnly][3150]feature is 0
07-05 23:03:15.660 D/OkHttp  (17944): <-- 200 OK http://picture.edu.hismarttv.com/images/20170629/%E5%A4%9A%E7%91%9E%E5%84%BF%E6%AD%8C.jpg (25ms)
07-05 23:03:15.660 D/OkHttp  (17944): Date: Wed, 05 Jul 2017 14:21:03 GMT
07-05 23:03:15.660 D/OkHttp  (17944): Server: nginx
07-05 23:03:15.660 D/OkHttp  (17944): Content-Type: image/jpeg
07-05 23:03:15.660 D/OkHttp  (17944): Content-Length: 197050
07-05 23:03:15.660 D/OkHttp  (17944): Last-Modified: Fri, 09 Jun 2017 14:50:58 GMT
07-05 23:03:15.660 D/OkHttp  (17944): ETag: "593ab5d2-301ba"
07-05 23:03:15.660 D/OkHttp  (17944): Accept-Ranges: bytes
07-05 23:03:15.660 D/OkHttp  (17944): Age: 2532
07-05 23:03:15.660 D/OkHttp  (17944): Via: 1.1 wangt170:7 (Cdn Cache Server V2.0)[0 200 0], 1.1 PSahmaswt2en210:1 (Cdn Cache Server V2.0)[0 200 0]
07-05 23:03:15.660 D/OkHttp  (17944): Connection: keep-alive
07-05 23:03:15.660 D/OkHttp  (17944): <-- END HTTP
07-05 23:03:15.663 D/HttpHandler(17944): RetryIntercepter-->retryNum=0
07-05 23:03:15.663 D/HttpHandler(17944): RetryIntercepter-->backoffmutiplier=0
07-05 23:03:15.667 D/OkHttp  (17944): <-- 200 OK http://picture.edu.hismarttv.com/images/20170629/20161111081033896636.jpg (35ms)
07-05 23:03:15.667 D/OkHttp  (17944): Date: Wed, 05 Jul 2017 14:39:07 GMT
07-05 23:03:15.667 D/OkHttp  (17944): Server: nginx
07-05 23:03:15.667 D/OkHttp  (17944): Content-Type: image/jpeg
07-05 23:03:15.667 D/OkHttp  (17944): Content-Length: 94994
07-05 23:03:15.667 D/OkHttp  (17944): Last-Modified: Fri, 09 Jun 2017 14:48:34 GMT
07-05 23:03:15.667 D/OkHttp  (17944): ETag: "593ab542-17312"
07-05 23:03:15.667 D/OkHttp  (17944): Accept-Ranges: bytes
07-05 23:03:15.667 D/OkHttp  (17944): Age: 1448
07-05 23:03:15.667 D/OkHttp  (17944): Via: 1.1 shzh54:2 (Cdn Cache Server V2.0)[13 200 0], 1.1 PSahmaswt2ak213:9 (Cdn Cache Server V2.0)[0 200 0]
07-05 23:03:15.667 D/OkHttp  (17944): Connection: keep-alive
07-05 23:03:15.667 D/OkHttp  (17944): <-- END HTTP
07-05 23:03:15.668 D/HttpHandler(17944): RetryIntercepter-->retryNum=0
07-05 23:03:15.668 D/HttpHandler(17944): RetryIntercepter-->backoffmutiplier=0
07-05 23:03:15.669 I/MiSysSrv( 1214): [37m[INFO] Change to Voltage: 112 mv (0x2D)[m
07-05 23:03:15.673 I/MiSysSrv( 1214): Unknow Input Type 
07-05 23:03:15.677 D/vsyncbridge( 1204): hVdecHandle[enWin] = 38869794
07-05 23:03:15.677 I/MiVideoService( 1465): impl handle 0x86001b22 closed!
07-05 23:03:15.677 D/vsyncbridge( 1204): all deinit!!!
07-05 23:03:15.678 E/MiDispoutService( 1465): MiDispoutClose, 352, RES Handle = 13107200 
07-05 23:03:15.691 V/RMClient( 1204): #198:RMClient::returnAllResourcesAsync
07-05 23:03:15.692 V/RMClient( 1204): #198:onMessageReceived cret
07-05 23:03:15.692 V/RMClient( 1204): #198:kWhatCmdReturnAllResources
07-05 23:03:15.693 V/RMAllocator( 1198): Deallocating resources for #198
07-05 23:03:15.693 V/RMAllocator( 1198): ~ClientInfo
07-05 23:03:15.693 V/RMClient( 1204): #198:Done
07-05 23:03:15.693 I/RMAllocator( 1198): ~ClientInfo this=2378257184,mRMClient=2378240128. id=198
07-05 23:03:15.693 W/RMAllocator( 1198): returnAllResourcesFor: not registered, nothing to do
07-05 23:03:15.693 V/RMClient( 1204): #198:handleEvent lret
07-05 23:03:15.693 V/RMClient( 1204): #198:onMessageReceived lret
07-05 23:03:15.693 V/RMClient( 1204): #198:kWhatAllResourcesReturned
07-05 23:03:15.693 D/vsyncbridge( 1204): handleAllResourcesReturned mOverlayID=0
07-05 23:03:15.693 V/RMClient( 1204): #198:Done
07-05 23:03:15.722 E/BufferQueueProducer( 1204): [SurfaceView] disconnect(P): connected to another API (cur=0 req=3)
07-05 23:03:15.722 W/MediaPlayerService( 1206): native_window_api_disconnect returned an error: Invalid argument (-22)
07-05 23:03:15.723 V/NuPlayer( 1206): NuPlayer::~NuPlayer ---- Enter ...
07-05 23:03:15.723 V/RMClient( 1206): #375:~RMClient
07-05 23:03:15.723 V/RMClient( 1206): #375:RMClient::returnAllResourcesAsync
07-05 23:03:15.723 I/NuPlayer( 1206): NuPlayerRMClientListener::~NuPlayerRMClientListener
07-05 23:03:15.723 V/RMClientListener( 1206): ~RMClientListener
07-05 23:03:15.724 V/AudioFlinger( 1206): releasing 597 from 17944 for -1
07-05 23:03:15.724 V/AudioFlinger( 1206):  decremented refcount to 1
07-05 23:03:15.724 V/AudioFlinger( 1206): removeClient_l() pid 1206, calling pid 1206
07-05 23:03:15.724 V/AudioPolicyManager( 1206): releaseOutput() 2
07-05 23:03:15.724 V/AudioFlinger( 1206): releasing 597 from 1206 for 17944
07-05 23:03:15.724 V/AudioFlinger( 1206):  decremented refcount to 0
07-05 23:03:15.724 V/AudioFlinger( 1206): purging stale effects
07-05 23:03:15.724 D/Carousel-log_video-(17944): onStopPlay!
07-05 23:03:15.724 D/Carousel-log_video-(17944): submitPlayStopLog mLogPlayState:2
07-05 23:03:15.724 D/Carousel-log_video-(17944): reportCarouselPlayLog play stop.
07-05 23:03:15.724 D/Carousel-log_video-(17944): ==Play stoped log from bufferend:stop,normal,duration:7532
07-05 23:03:15.725 D/Carousel-log_(17944): ===(Main-Video-278002)-{srccolumnid=3, eventType=278, srcgroupid=10001, appversionname=2.0.0.6, srctabid=0, duration=7532, license=hisense, eventcode=278002, deviceid=86100300900000500000060a4818fca8, mediaid=351, eventPos=002, sessionid=03698df323834c0e996fde4f86a713ad, srcpackagename=com.hisense.hicloud.edca, subscriberid=13287129, playactionuuid=a28b9f47-0cdc-4166-90dc-c88b48ace532, version=2.1, devicemsg=LED50MU8600UC0000888, isall=0, customerid=7195320, srcrowid=0, srceventcode=280000}
07-05 23:03:15.732 W/System.err(17944): java.net.ConnectException: failed to connect to /10.18.210.112 (port 8900) after 6000ms: isConnected failed: ECONNREFUSED (Connection refused)
07-05 23:03:15.733 W/System.err(17944): 	at libcore.io.IoBridge.isConnected(IoBridge.java:238)
07-05 23:03:15.733 W/System.err(17944): 	at libcore.io.IoBridge.connectErrno(IoBridge.java:171)
07-05 23:03:15.733 W/System.err(17944): 	at libcore.io.IoBridge.connect(IoBridge.java:122)
07-05 23:03:15.733 W/System.err(17944): 	at java.net.PlainSocketImpl.connect(PlainSocketImpl.java:183)
07-05 23:03:15.733 W/System.err(17944): 	at java.net.PlainSocketImpl.connect(PlainSocketImpl.java:456)
07-05 23:03:15.733 W/System.err(17944): 	at java.net.Socket.connect(Socket.java:882)
07-05 23:03:15.733 W/System.err(17944): 	at com.android.okhttp.internal.Platform.connectSocket(Platform.java:174)
07-05 23:03:15.733 W/System.err(17944): 	at com.android.okhttp.Connection.connect(Connection.java:152)
07-05 23:03:15.733 W/System.err(17944): 	at com.android.okhttp.internal.http.HttpEngine.connect(HttpEngine.java:276)
07-05 23:03:15.733 W/System.err(17944): 	at com.android.okhttp.internal.http.HttpEngine.sendRequest(HttpEngine.java:211)
07-05 23:03:15.733 W/System.err(17944): 	at com.android.okhttp.internal.http.HttpURLConnectionImpl.execute(HttpURLConnectionImpl.java:382)
07-05 23:03:15.733 W/System.err(17944): 	at com.android.okhttp.internal.http.HttpURLConnectionImpl.connect(HttpURLConnectionImpl.java:106)
07-05 23:03:15.733 W/System.err(17944): 	at com.hisense.hitv.hicloud.util.ExceptionReport.a(ExceptionReport.java:337)
07-05 23:03:15.733 W/System.err(17944): 	at com.hisense.hitv.hicloud.util.ExceptionReport.a(ExceptionReport.java:39)
07-05 23:03:15.733 W/System.err(17944): 	at com.hisense.hitv.hicloud.util.ExceptionReport$1.run(ExceptionReport.java:83)
07-05 23:03:15.733 W/System.err(17944): 	at java.lang.Thread.run(Thread.java:818)
07-05 23:03:15.734 W/System.err(17944): Caused by: android.system.ErrnoException: isConnected failed: ECONNREFUSED (Connection refused)
07-05 23:03:15.734 D/PowerManagerService( 1733): acquireWakeLockInternal: lock=113832109, flags=0x1, tag="NetworkStats", ws=null, uid=1000, pid=1733
07-05 23:03:15.734 D/PowerManagerNotifier( 1733): onWakeLockAcquired: flags=1, tag="NetworkStats", packageName=android, ownerUid=1000, ownerPid=1733, workSource=null
07-05 23:03:15.734 D/NtpTrustedTime( 1733): currentTimeMillis() cache hit
07-05 23:03:15.734 I/MyFragmentStateAdapter(17944): getCount
07-05 23:03:15.736 W/System.err(17944): 	at libcore.io.IoBridge.isConnected(IoBridge.java:223)
07-05 23:03:15.737 W/System.err(17944): 	... 15 more
07-05 23:03:15.738 I/SurfaceFlinger( 1204): the layer SurfaceView is used to close xc and zorder is smallerest! clear region
07-05 23:03:15.741 D/NtpTrustedTime( 1733): currentTimeMillis() cache hit
07-05 23:03:15.742 D/NtpTrustedTime( 1733): currentTimeMillis() cache hit
07-05 23:03:15.742 D/PowerManagerService( 1733): releaseWakeLockInternal: lock=113832109 [NetworkStats], flags=0x0
07-05 23:03:15.742 D/NtpTrustedTime( 1733): currentTimeMillis() cache hit
07-05 23:03:15.742 D/PowerManagerNotifier( 1733): onWakeLockReleased: flags=1, tag="NetworkStats", packageName=android, ownerUid=1000, ownerPid=1733, workSource=null
07-05 23:03:15.764 I/MyFragmentStateAdapter(17944): getCount
07-05 23:03:15.764 I/MyFragmentStateAdapter(17944): getCount
07-05 23:03:15.764 I/MyFragmentStateAdapter(17944): getCount
07-05 23:03:15.764 I/MyFragmentStateAdapter(17944): getCount
07-05 23:03:15.769 I/MiSysSrv( 1214): [37m[INFO] Change to Voltage: 102 mv (0x23)[m
07-05 23:03:15.773 I/MyFragmentStateAdapter(17944): getCount
07-05 23:03:15.788 I/SurfaceFlinger( 1204): the layer SurfaceView is used to close xc and zorder is smallerest! clear region
07-05 23:03:15.839 I/SurfaceFlinger( 1204): the layer SurfaceView is used to close xc and zorder is smallerest! clear region
07-05 23:03:15.839 I/MyFragmentStateAdapter(17944): getCount
07-05 23:03:15.839 I/MyFragmentStateAdapter(17944): getCount
07-05 23:03:15.839 I/MyFragmentStateAdapter(17944): getCount
07-05 23:03:15.839 I/MyFragmentStateAdapter(17944): getCount
07-05 23:03:15.846 I/MyFragmentStateAdapter(17944): getCount
07-05 23:03:15.855 I/MyFragmentStateAdapter(17944): getCount
07-05 23:03:15.855 I/MyFragmentStateAdapter(17944): getCount
07-05 23:03:15.855 I/SurfaceFlinger( 1204): the layer SurfaceView is used to close xc and zorder is smallerest! clear region
07-05 23:03:15.855 I/MyFragmentStateAdapter(17944): getCount
07-05 23:03:15.856 I/MyFragmentStateAdapter(17944): getCount
07-05 23:03:15.864 I/MyFragmentStateAdapter(17944): getCount
07-05 23:03:15.870 I/NetflixMonitorService( 1733): current fgapk : com.hisense.hicloud.edca
07-05 23:03:15.870 I/NetflixMonitorService( 1733): Netflix status unchanged
07-05 23:03:15.870 I/MiSysSrv( 1214): [37m[INFO] Change to Voltage: 102 mv (0x23)[m
07-05 23:03:15.872 I/SurfaceFlinger( 1204): the layer SurfaceView is used to close xc and zorder is smallerest! clear region
07-05 23:03:15.888 I/SurfaceFlinger( 1204): the layer SurfaceView is used to close xc and zorder is smallerest! clear region
07-05 23:03:15.905 I/SurfaceFlinger( 1204): the layer SurfaceView is used to close xc and zorder is smallerest! clear region
07-05 23:03:15.921 I/SurfaceFlinger( 1204): the layer SurfaceView is used to close xc and zorder is smallerest! clear region
07-05 23:03:15.925 I/TVMW@HsTvSetting( 1234): Trace cmd, data = 0x1058
07-05 23:03:15.925 D/til@system( 2026): til_get_system_param option:100002F int:0, bool:0, ret:0
07-05 23:03:15.925 I/TVMW@HsTvSetting( 1234): Trace cmd, data = 0x101f
07-05 23:03:15.925 D/til@system( 2026): til_get_system_param option:100001D int:3, bool:3, ret:0
07-05 23:03:15.925 E/til     ( 2026): [til_get_current_input_source, 101] 
07-05 23:03:15.925 I/TVMW@HsTvSetting( 1234): Trace cmd, data = 0x7007
07-05 23:03:15.926 I/tilwrapper@sm( 2026): HS2TIL_SourceType *hs=0xd, *til=0x900
07-05 23:03:15.926 D/til     ( 2026): get current source 2304
07-05 23:03:15.926 D/SourceRemoteServiceHandler( 2026): getCurrentInputSource.from.til.result is 0, value is 2304
07-05 23:03:15.926 D/SourceRemoteServiceHandler( 2026): getInputSourceType source: 0x900, type=2304
07-05 23:03:15.926 D/til     ( 2026): ###### func:til_get_picture_param option:0x3000006 ######  
07-05 23:03:15.926 I/TVMW@HsTvSetting( 1234): Trace cmd, data = 0x1003
07-05 23:03:15.926 I/TVMW@HsTvSetting( 1234): Trace cmd, data = 0x8032
07-05 23:03:15.926 I/hstvos  ( 1216): [0m[1;33m[HSHAL][HS_VIDEO][HS_HAL_Video_SetOsdDetect_v2][2389]u16Threshold = 20
07-05 23:03:15.926 I/MiSysSrv( 1214): Not support now! 42, change to mm_video!!!
07-05 23:03:15.927 E/TVMW@videoctrl( 1234):  getOsd is 1
07-05 23:03:15.927 D/til@system( 2026): til_get_system_param option:1000027 int:1, bool:1, ret:0
07-05 23:03:15.927 D/til     ( 2026): ###### func:til_get_picture_param option:0x3000045 ######  
07-05 23:03:15.927 I/TVMW@HsTvSetting( 1234): Trace cmd, data = 0x300c
07-05 23:03:15.927 I/TVMW@HsTvSetting( 1234): Trace 3d, data = 0x300c
07-05 23:03:15.927 I/TVMW@3d ( 1234): Hs_debug3d_trace: func:get3dStatus, line:109
07-05 23:03:15.940 I/SurfaceFlinger( 1204): the layer SurfaceView is used to close xc and zorder is smallerest! clear region
07-05 23:03:15.966 I/SurfaceFlinger( 1204): the layer SurfaceView is used to close xc and zorder is smallerest! clear region
07-05 23:03:15.985 I/SurfaceFlinger( 1204): the layer SurfaceView is used to close xc and zorder is smallerest! clear region
07-05 23:03:15.995 D/GlobalInputEventMonitoringService( 1733): interceptKeyBeforeQueueing(), event:23, mNeedMonitorKeyEvent:true, mWaitForKeyUpEvent:false
07-05 23:03:15.995 D/GlobalInputEventMonitoringService( 1733): processKeyEvent(), processKeyEvent event:23
07-05 23:03:15.995 D/WindowManager( 1733): interceptKeyTq keycode=23 interactive=true keyguardActive=false policyFlags=2b000000 isCancled= false
07-05 23:03:15.996 D/PowerManagerService( 1733): userActivityNoUpdateLocked: eventTime=15837565, event=1, flags=0x0, uid=1000
07-05 23:03:15.996 D/WindowManager( 1733): interceptKeyTi keyCode=23 down=true repeatCount=0 keyguardOn=false mHomePressed=false canceled=false
07-05 23:03:15.996 D/WindowManager( 1733): Hisense systemkey event: 23
07-05 23:03:15.996 D/HisenseGlobalKeyManager( 1733): handleGlobalKey() : Global event = KeyEvent { action=ACTION_DOWN, keyCode=KEYCODE_DPAD_CENTER, scanCode=0, metaState=0, flags=0x0, repeatCount=0, eventTime=15837565, downTime=15837565, deviceId=-1, source=0x101 }
07-05 23:03:15.996 V/HisenseGlobalKeyManager( 1733): processKeypadCenterDown()
07-05 23:03:15.996 I/HisenseGlobalKeyManager( 1733): isOriginalKeypadCenter() : false
07-05 23:03:15.996 V/HisenseGlobalKeyManager( 1733): fromKeypad() : false
07-05 23:03:15.996 V/HisenseGlobalKeyManager( 1733): isModifiedKeypadCenter() : false
07-05 23:03:15.996 W/HisenseGlobalKeyManager( 1733): processKeypadCenterDown() : unknown D_PAD_CENTER
07-05 23:03:15.996 V/HisenseGlobalKeyManager( 1733): processKeypadCenterDown() : result = false
07-05 23:03:15.997 D/SogouIME( 2203): [onKeyDown] keycode = 23 model = VIDAA_TV
07-05 23:03:16.000 D/Carousel-CarouselDisplayPlayerLayout(17944): HasFocus:false,keyCode:23
07-05 23:03:16.000 D/Carousel-CarouselDisplayPlayerLayout(17944): isFullScreen:false
07-05 23:03:16.000 I/HomeMainActivity(17944): carousel handle key:false
07-05 23:03:16.000 I/MainHomeView(17944): dispatchKeyEvent ACTION_DOWN now 
07-05 23:03:16.002 D/GlobalInputEventMonitoringService( 1733): interceptKeyBeforeQueueing(), event:23, mNeedMonitorKeyEvent:true, mWaitForKeyUpEvent:false
07-05 23:03:16.002 D/GlobalInputEventMonitoringService( 1733): processKeyEvent(), processKeyEvent event:23
07-05 23:03:16.002 D/WindowManager( 1733): interceptKeyTq keycode=23 interactive=true keyguardActive=false policyFlags=2b000000 isCancled= false
07-05 23:03:16.002 D/WindowManager( 1733): interceptKeyTi keyCode=23 down=false repeatCount=0 keyguardOn=false mHomePressed=false canceled=false
07-05 23:03:16.002 D/WindowManager( 1733): Hisense systemkey event: 23
07-05 23:03:16.002 D/HisenseGlobalKeyManager( 1733): handleGlobalKey() : Global event = KeyEvent { action=ACTION_UP, keyCode=KEYCODE_DPAD_CENTER, scanCode=0, metaState=0, flags=0x0, repeatCount=0, eventTime=15837565, downTime=15837565, deviceId=-1, source=0x101 }
07-05 23:03:16.002 V/HisenseGlobalKeyManager( 1733): processKeypadCenterUp()
07-05 23:03:16.003 I/HisenseGlobalKeyManager( 1733): isOriginalKeypadCenter() : false
07-05 23:03:16.003 V/HisenseGlobalKeyManager( 1733): fromKeypad() : false
07-05 23:03:16.003 V/HisenseGlobalKeyManager( 1733): isModifiedKeypadCenter() : false
07-05 23:03:16.003 V/HisenseGlobalKeyManager( 1733): processKeypadCenterUp() : result = false
07-05 23:03:16.004 I/SurfaceFlinger( 1204): the layer SurfaceView is used to close xc and zorder is smallerest! clear region
07-05 23:03:16.010 D/Carousel-CarouselDisplayPlayerLayout(17944): HasFocus:false,keyCode:23
07-05 23:03:16.010 D/Carousel-CarouselDisplayPlayerLayout(17944): isFullScreen:false
07-05 23:03:16.010 I/HomeMainActivity(17944): carousel handle key:false
07-05 23:03:16.011 V/PackageManager( 1733): getPackageInfo com.hisense.hicloud.edca: Package{3fb3f3a1 com.hisense.hicloud.edca}
07-05 23:03:16.026 D/GetInItDataUtil(17944): turn to detail ,if is trailer.position is : 0
07-05 23:03:16.029 I/SurfaceFlinger( 1204): the layer SurfaceView is used to close xc and zorder is smallerest! clear region
07-05 23:03:16.031 D/TileTransitionManager( 1733): getActivityContainer not enter cts mode
07-05 23:03:16.033 D/JamdeoActivityStackSupervisor( 1733): get currentSiloName
07-05 23:03:16.034 I/ActivityManager( 1733): START u0 {flg=0x14000000 cmp=com.hisense.hicloud.edca/.mediaplayer.activity.DetailPlayActivity (has extras)} from uid 10010 on display 0
07-05 23:03:16.034 D/OsdMonitorService( 1733): mCurrentWindow = com.hisense.hicloud.edca/com.hisense.tvui.newhome.HomeMainActivity; newWindow = com.hisense.hicloud.edca/com.hisense.tvui.newhome.HomeMainActivity; isSubWindow = false; isInWinList = false; isExitNow = false
07-05 23:03:16.034 D/OsdMonitorService( 1733): windowNotOsd() : name = com.hisense.hicloud.edca/com.hisense.tvui.newhome.HomeMainActivity
07-05 23:03:16.034 I/OsdMonitorService( 1733): setOsdStatus() : status will change from true to true
07-05 23:03:16.036 D/PowerManagerService( 1733): setScreenBrightnessOverrideFromWindowManagerInternal done
07-05 23:03:16.037 D/OsdMonitorService( 1733): mCurrentWindow = com.hisense.hicloud.edca/com.hisense.tvui.newhome.HomeMainActivity; newWindow = com.hisense.hicloud.edca/com.hisense.tvui.newhome.HomeMainActivity; isSubWindow = false; isInWinList = false; isExitNow = false
07-05 23:03:16.037 D/OsdMonitorService( 1733): windowNotOsd() : name = com.hisense.hicloud.edca/com.hisense.tvui.newhome.HomeMainActivity
07-05 23:03:16.037 I/OsdMonitorService( 1733): setOsdStatus() : status will change from true to true
07-05 23:03:16.039 D/PowerManagerService( 1733): setScreenBrightnessOverrideFromWindowManagerInternal done
07-05 23:03:16.041 V/WindowManager( 1733): addAppToken: AppWindowToken{26abe4ff token=Token{17c6141e ActivityRecord{1fc32059 u0 com.hisense.hicloud.edca/.mediaplayer.activity.DetailPlayActivity t5336}}} to stack=184 task=5336 at 1
07-05 23:03:16.042 I/UsageStatsService( 1733): paused component:com.hisense.hicloud.edca
07-05 23:03:16.042 V/UsageStatsService( 1733): Paused: 15837613   Component: com.hisense.hicloud.edca/com.hisense.tvui.newhome.HomeMainActivity   Time: 1499266996042 LastSessionTime: 12750 CumulativeSessionTime: 6467594
07-05 23:03:16.042 D/UsageStatsService( 1733): UsageStats: broadcasting intent
07-05 23:03:16.043 W/ContextImpl( 1733): Calling a method in the system process without a qualified user: android.app.ContextImpl.sendBroadcast:1327 com.android.server.usage.UsageStatsService.insertUsageStats:1104 com.android.server.usage.UsageStatsService$PkgUsageStatsExtended.updatePause:979 com.android.server.usage.UsageStatsService$LocalService.notePauseComponent:808 com.android.server.am.ActivityManagerService.updateUsageStats:3173 
07-05 23:03:16.043 D/PowerManagerService( 1733): acquireWakeLockInternal: lock=681732318, flags=0x1, tag="ActivityManager-Launch", ws=null, uid=1000, pid=1733
07-05 23:03:16.043 D/PowerManagerNotifier( 1733): onWakeLockAcquired: flags=1, tag="ActivityManager-Launch", packageName=android, ownerUid=1000, ownerPid=1733, workSource=null
07-05 23:03:16.045 D/UsageStatsService( 1733): User[0] Got usage event for com.hisense.hicloud.edca[1499266996042]: MOVE_TO_BACKGROUND
07-05 23:03:16.047 I/ReportService( 3281): Intent received, action = android.intent.action.INSERT
07-05 23:03:16.047 D/MyLocalStartService(16899): currentName is :com.hisense.hicloud.edca
07-05 23:03:16.049 I/ReportService( 3281): modelName is VIDAA_TV
07-05 23:03:16.049 E/til     ( 2026): [til_get_current_input_source, 101] 
07-05 23:03:16.049 I/SurfaceFlinger( 1204): the layer SurfaceView is used to close xc and zorder is smallerest! clear region
07-05 23:03:16.049 I/TVMW@HsTvSetting( 1234): Trace cmd, data = 0x7007
07-05 23:03:16.050 I/tilwrapper@sm( 2026): HS2TIL_SourceType *hs=0xd, *til=0x900
07-05 23:03:16.050 D/til     ( 2026): get current source 2304
07-05 23:03:16.050 D/SourceRemoteServiceHandler( 2026): getCurrentInputSource.from.til.result is 0, value is 2304
07-05 23:03:16.050 D/SourceRemoteServiceHandler( 2026): getInputSourceType source: 0x900, type=2304
07-05 23:03:16.050 I/ReportService( 3281): getCurIntputSource2304
07-05 23:03:16.051 E/til     ( 2026): [til_get_current_input_source, 101] 
07-05 23:03:16.051 I/TVMW@HsTvSetting( 1234): Trace cmd, data = 0x7007
07-05 23:03:16.051 I/tilwrapper@sm( 2026): HS2TIL_SourceType *hs=0xd, *til=0x900
07-05 23:03:16.051 D/til     ( 2026): get current source 2304
07-05 23:03:16.051 D/SourceRemoteServiceHandler( 2026): getCurrentInputSource.from.til.result is 0, value is 2304
07-05 23:03:16.051 D/SourceRemoteServiceHandler( 2026): getInputSourceType source: 0x900, type=2304
07-05 23:03:16.052 I/ReportService( 3281): siloName isnull
07-05 23:03:16.052 V/PackageManager( 1733): getPackageInfo com.hisense.hicloud.edca: Package{3fb3f3a1 com.hisense.hicloud.edca}
07-05 23:03:16.053 I/ReportService( 3281): HiReport string sent out is:1.5|3|86100300900000500000060a4818fca8|1499266983|1499266996|com.hisense.hicloud.edca|3.0.0.9.00|8
07-05 23:03:16.053 W/ReportService( 3281): enter InsertUserBehaviorDataReportTask  mUri = content://com.hisense.hitv.hicloud.log/loginput mContentValues = lastsessiondurationtime=12750 LOGVALUE=1.5|3|86100300900000500000060a4818fca8|1499266983|1499266996|com.hisense.hicloud.edca|3.0.0.9.00|8 operation=P time=1499266996042 package=com.hisense.hicloud.edca cumulativesessiondurationtime=6467594 versioncode=652 lastupdatetime=1499256171569 _id=null type=APPRUN component=com.hisense.tvui.newhome.HomeMainActivity mContext == com.hisense.hireport.ReportService@3a75cda9mType == 95
07-05 23:03:16.053 I/ReportService( 3281): enter doInBackground*****
07-05 23:03:16.068 D/Carousel-CarouselView(17944): onActivityPaused, getSimpleName = HomeMainActivity,hashCode=964696291
07-05 23:03:16.070 I/BaseContentFragment(17944): onPause 
07-05 23:03:16.071 I/BaseContentFragment(17944): onPause UserCenterFragment
07-05 23:03:16.071 I/BaseContentFragment(17944): onPause 0-2
07-05 23:03:16.071 I/BaseContentFragment(17944): activity pause
07-05 23:03:16.071 I/CurrentCarouselView(17944): onCarouseControlCarouselControlBean{mShoudScroll=false, mActivityHasResume=false, mActivityHasStop=true, mHasTurnGone=false, mHasTurnVisible=false, mChannelId=-1, mSlideOffset=0.0, mShouldSelectCenter=false, mTabOpen=false, mHoriPosStatus=None, mVerPosStatus=None, mLevelStatus=None},isPlayingfalse,channelId=0
07-05 23:03:16.071 I/CurrentCarouselView(17944): stopPlay
07-05 23:03:16.071 I/ReportService( 3281): result is content://com.hisense.hitv.hicloud.log/loginput/1
07-05 23:03:16.074 I/SurfaceFlinger( 1204): the layer SurfaceView is used to close xc and zorder is smallerest! clear region
07-05 23:03:16.077 I/ReportService( 3281): enter onPostExecute result is: true
07-05 23:03:16.081 D/UsageStatsService( 1733): User[0] Got usage event for com.hisense.hicloud.edca[1499266996082]: MOVE_TO_FOREGROUND
07-05 23:03:16.081 I/UsageStatsService( 1733): resumed component name is ComponentInfo{com.hisense.hicloud.edca/com.hisense.hicloud.edca.mediaplayer.activity.DetailPlayActivity}
07-05 23:03:16.081 I/UsageStatsService( 1733): started component:com.hisense.hicloud.edca
07-05 23:03:16.082 V/PackageManager( 1733): getPackageInfo com.hisense.hicloud.edca: Package{3fb3f3a1 com.hisense.hicloud.edca}
07-05 23:03:16.082 V/UsageStatsService( 1733): Resumed: 15837653   Component: com.hisense.hicloud.edca/com.hisense.hicloud.edca.mediaplayer.activity.DetailPlayActivity   Time: 1499266996082 VersionCode: 652   LastUpdateTime: 1499256171569
07-05 23:03:16.082 D/UsageStatsService( 1733): UsageStats: broadcasting intent
07-05 23:03:16.082 W/ContextImpl( 1733): Calling a method in the system process without a qualified user: android.app.ContextImpl.sendBroadcast:1327 com.android.server.usage.UsageStatsService.insertUsageStats:1104 com.android.server.usage.UsageStatsService$PkgUsageStatsExtended.updateResume:962 com.android.server.usage.UsageStatsService$LocalService.noteResumeComponent:759 com.android.server.am.ActivityManagerService.updateUsageStats:3164 
07-05 23:03:16.087 D/PowerManagerService( 1733): setScreenBrightnessOverrideFromWindowManagerInternal done
07-05 23:03:16.089 I/ActivityManager( 1733): TR16) TaskRecord{3b2a5861 #5336 A=com.hisense.hicloud.edca U=0 sz=2}
07-05 23:03:16.089 I/ActivityManager( 1733): TR15) TaskRecord{cd10cea #4980 A=com.jamdeo.launcher U=0 sz=1}
07-05 23:03:16.090 V/ActivityManager( 1733): set mstar.EnterOpaqueUI false
07-05 23:03:16.092 I/ReportService( 3281): Intent received, action = android.intent.action.INSERT
07-05 23:03:16.094 I/ReportService( 3281): modelName is VIDAA_TV
07-05 23:03:16.094 E/til     ( 2026): [til_get_current_input_source, 101] 
07-05 23:03:16.095 I/TVMW@HsTvSetting( 1234): Trace cmd, data = 0x7007
07-05 23:03:16.095 I/tilwrapper@sm( 2026): HS2TIL_SourceType *hs=0xd, *til=0x900
07-05 23:03:16.095 D/til     ( 2026): get current source 2304
07-05 23:03:16.095 D/SourceRemoteServiceHandler( 2026): getCurrentInputSource.from.til.result is 0, value is 2304
07-05 23:03:16.095 D/SourceRemoteServiceHandler( 2026): getInputSourceType source: 0x900, type=2304
07-05 23:03:16.095 I/ReportService( 3281): getCurIntputSource2304
07-05 23:03:16.095 E/til     ( 2026): [til_get_current_input_source, 101] 
07-05 23:03:16.096 I/TVMW@HsTvSetting( 1234): Trace cmd, data = 0x7007
07-05 23:03:16.096 I/tilwrapper@sm( 2026): HS2TIL_SourceType *hs=0xd, *til=0x900
07-05 23:03:16.096 D/til     ( 2026): get current source 2304
07-05 23:03:16.096 D/SourceRemoteServiceHandler( 2026): getCurrentInputSource.from.til.result is 0, value is 2304
07-05 23:03:16.096 D/SourceRemoteServiceHandler( 2026): getInputSourceType source: 0x900, type=2304
07-05 23:03:16.097 I/ReportService( 3281): siloName isnull
07-05 23:03:16.099 V/PackageManager( 1733): getPackageInfo com.hisense.hicloud.edca: Package{3fb3f3a1 com.hisense.hicloud.edca}
07-05 23:03:16.099 D/Carousel-CarouselView(17944): setPosterAndStopPlay! hashCode=964696291, sWorkingHashCode=964696291
07-05 23:03:16.099 D/Carousel-CarouselDisplayPlayerLayout(17944): isFullScreen:false
07-05 23:03:16.099 I/ReportService( 3281): HiReport string sent out is:1.5|3|86100300900000500000060a4818fca8|1499266996|0|com.hisense.hicloud.edca|3.0.0.9.00|8
07-05 23:03:16.099 D/Carousel-Utils(17944): displayImage view=android.widget.ImageView{7b3745e V.ED.... ........ 0,0-816,460 #7f0d0029 app:id/imageView1}
07-05 23:03:16.099 D/Carousel-Utils(17944): displayImage url=http://picture.edu.hismarttv.com/images/20170629010146422927.jpg
