07-05 22:22:00.009 E/MyDataReported(17144): ***action=android.intent.action.TIME_TICK
07-05 22:22:00.010 E/Daemon  (17144): iQRTIME=78
07-05 22:22:00.011 D/PowerManagerService( 1733): releaseWakeLockInternal: lock=1013057410 [*alarm*], flags=0x0
07-05 22:22:00.011 D/PowerManagerNotifier( 1733): onWakeLockReleased: flags=1073741825, tag="*alarm*", packageName=android, ownerUid=1000, ownerPid=1733, workSource=WorkSource{1000}
07-05 22:22:00.028 D/MSTAR_VDEC_DBG( 1206): Stream ID: 0, Rate : 23 (E:0,D:0,S:0,F:68) 
07-05 22:22:00.045 I/StatusBar( 2232): Data received with tag:1 false
07-05 22:22:00.063 I/MyFragmentStateAdapter(27307): getCount
07-05 22:22:00.099 I/MyFragmentStateAdapter(27307): getCount
07-05 22:22:00.142 I/MyFragmentStateAdapter(27307): getCount
07-05 22:22:00.174 D/GlobalInputEventMonitoringService( 1733): interceptKeyBeforeQueueing(), event:22, mNeedMonitorKeyEvent:true, mWaitForKeyUpEvent:false
07-05 22:22:00.174 D/GlobalInputEventMonitoringService( 1733): processKeyEvent(), processKeyEvent event:22
07-05 22:22:00.174 D/WindowManager( 1733): interceptKeyTq keycode=22 interactive=true keyguardActive=false policyFlags=2b000000 isCancled= false
07-05 22:22:00.178 D/PowerManagerService( 1733): userActivityNoUpdateLocked: eventTime=13361740, event=1, flags=0x0, uid=1000
07-05 22:22:00.178 D/WindowManager( 1733): interceptKeyTi keyCode=22 down=true repeatCount=0 keyguardOn=false mHomePressed=false canceled=false
07-05 22:22:00.178 D/WindowManager( 1733): Hisense systemkey event: 22
07-05 22:22:00.179 D/HisenseGlobalKeyManager( 1733): handleGlobalKey() : Global event = KeyEvent { action=ACTION_DOWN, keyCode=KEYCODE_DPAD_RIGHT, scanCode=0, metaState=0, flags=0x0, repeatCount=0, eventTime=13361740, downTime=13361740, deviceId=-1, source=0x101 }
07-05 22:22:00.181 I/MyFragmentStateAdapter(27307): getCount
07-05 22:22:00.185 D/DtvSourcePlugin-DVBC(15961): Setting the EPG Updater state to: WAIT
07-05 22:22:00.220 D/SogouIME( 2203): [onKeyDown] keycode = 22 model = VIDAA_TV
07-05 22:22:00.222 I/MyFragmentStateAdapter(27307): getCount
07-05 22:22:00.252 D/Carousel-CarouselDisplayPlayerLayout(27307): HasFocus:false,keyCode:22
07-05 22:22:00.252 D/Carousel-CarouselDisplayPlayerLayout(27307): isFullScreen:false
07-05 22:22:00.253 I/HomeMainActivity(27307): carousel handle key:false
07-05 22:22:00.253 I/MainHomeView(27307): dispatchKeyEvent ACTION_DOWN now 
07-05 22:22:00.258 I/TabView (27307): onKeyListener() ACTION_DOWN keyCode -- 22
07-05 22:22:00.258 I/SoftFragmentList(27307): fetchCacheFragment  enter ---- index = 2
07-05 22:22:00.258 D/SoftFragmentList(27307): fetchCacheFragment  mFragmentCache.size() = 3
07-05 22:22:00.258 D/SoftFragmentList(27307): fetchCacheFragment mLastIndex = 2, view = 精选
07-05 22:22:00.258 I/BaseContentFragment(27307): initChildFocustrue,recyclerview=com.hisense.leanback.widget.VerticalGridView{1c60120a VFED.... ........ 0,0-1768,1080 #7f0d02c8 app:id/recyclerview_content}====---mIsVisibleToUser:true-------精选
07-05 22:22:00.271 D/MyLocalStartService(16899): currentName is :com.hisense.hicloud.edca
07-05 22:22:00.271 D/til@system( 2026): til_get_system_param option:1000007 int:-1936525184, bool:128, ret:0
07-05 22:22:00.279 D/til@system( 2026): til_get_system_param option:1000009 int:-1815632896, bool:0, ret:0
07-05 22:22:00.280 D/til@system( 2026): til_get_system_param option:1000008 int:-1815634176, bool:0, ret:0
07-05 22:22:00.281 D/HiSDKLogReport(27307): getOperationDetail-productName : LED50MU8600UC
07-05 22:22:00.281 D/HiSDKLogReport(27307): getOperationDetail-plmNumber : 88888
07-05 22:22:00.281 D/HiSDKLogReport(27307): getOperationDetail-swVersion : V0000.00.01A
07-05 22:22:00.281 D/HiSDKLogReport(27307): getOperationDetail-operationDetail : LED50MU8600UC0000888
07-05 22:22:00.281 D/HiSDKLogReport(27307): businessLogReport-log : {eventType=232, APPVersionName=3.0.0.9.00, devid=86100300900000500000060a4818fca8, rowid=-1, uuid=13287129, APIversion=501, eventcode=232000, logversion=2.0, columnid=-1, devType=0, eventPos=000, groupid=-1, ChannelId=0, version=00.002.003, subscriberId=13287129, PFAPPCode=652, tabid=0, softwareVersion=LED50MU8600UC0000888, srceventcode=201000, mac=a8:a6:48:18:fc:a8, accessToken=72DF6038D2AEAB8A76DFBBBBCC428A4A_001799973229600, srctabid=0, APPPackage=com.hisense.hicloud.edca, sessionid=92ec62f06af04765a08656d835317123, requesttime=1499264520281, customerId=7195320, model_id=0, requestid=a5a17a5d59ca41e09c6ea0aea2158d7f, tv_distribute_id=00, APIVersion=600, issysrepo=0}
07-05 22:22:00.282 D/BaseContentFragment(27307): initChildFocus firstlineview===>:com.hisense.tvui.newhome.view.SpecialFirstView{23a8f994 V.E..... ........ 10,185-1748,691}
07-05 22:22:00.282 D/setHistoryRequestFocus(27307): ===>false
07-05 22:22:00.283 I/FirstlineLayoutManager(27307): left=0,width=1738,scroll Distance=-1488
07-05 22:22:00.286 I/BaseContentFragment(27307): setRowViewSelectedViewHolder{3a835915 position=0 id=-1, oldPos=-1, pLpos:-1},isSelectedfalse
07-05 22:22:00.286 I/BaseContentFragment(27307): setRowViewSelectedViewHolder{fa156e8 position=1 id=-1, oldPos=-1, pLpos:-1},isSelectedtrue
07-05 22:22:00.286 I/RoleContentFragment(27307): onChildSelected:1,lastPos=0
07-05 22:22:00.289 W/System.err(27307): java.net.ConnectException: failed to connect to /10.18.210.112 (port 8900) after 6000ms: isConnected failed: ECONNREFUSED (Connection refused)
07-05 22:22:00.289 W/System.err(27307): 	at libcore.io.IoBridge.isConnected(IoBridge.java:238)
07-05 22:22:00.289 W/System.err(27307): 	at libcore.io.IoBridge.connectErrno(IoBridge.java:171)
07-05 22:22:00.289 W/System.err(27307): 	at libcore.io.IoBridge.connect(IoBridge.java:122)
07-05 22:22:00.289 W/System.err(27307): 	at java.net.PlainSocketImpl.connect(PlainSocketImpl.java:183)
07-05 22:22:00.289 W/System.err(27307): 	at java.net.PlainSocketImpl.connect(PlainSocketImpl.java:456)
07-05 22:22:00.289 W/System.err(27307): 	at java.net.Socket.connect(Socket.java:882)
07-05 22:22:00.289 W/System.err(27307): 	at com.android.okhttp.internal.Platform.connectSocket(Platform.java:174)
07-05 22:22:00.290 W/System.err(27307): 	at com.android.okhttp.Connection.connect(Connection.java:152)
07-05 22:22:00.290 W/System.err(27307): 	at com.android.okhttp.internal.http.HttpEngine.connect(HttpEngine.java:276)
07-05 22:22:00.290 W/System.err(27307): 	at com.android.okhttp.internal.http.HttpEngine.sendRequest(HttpEngine.java:211)
07-05 22:22:00.290 W/System.err(27307): 	at com.android.okhttp.internal.http.HttpURLConnectionImpl.execute(HttpURLConnectionImpl.java:382)
07-05 22:22:00.290 W/System.err(27307): 	at com.android.okhttp.internal.http.HttpURLConnectionImpl.connect(HttpURLConnectionImpl.java:106)
07-05 22:22:00.290 W/System.err(27307): 	at com.hisense.hitv.hicloud.util.ExceptionReport.a(ExceptionReport.java:337)
07-05 22:22:00.290 W/System.err(27307): 	at com.hisense.hitv.hicloud.util.ExceptionReport.a(ExceptionReport.java:39)
07-05 22:22:00.290 W/System.err(27307): 	at com.hisense.hitv.hicloud.util.ExceptionReport$1.run(ExceptionReport.java:83)
07-05 22:22:00.290 W/System.err(27307): 	at java.lang.Thread.run(Thread.java:818)
07-05 22:22:00.290 W/System.err(27307): Caused by: android.system.ErrnoException: isConnected failed: ECONNREFUSED (Connection refused)
07-05 22:22:00.290 W/System.err(27307): 	at libcore.io.IoBridge.isConnected(IoBridge.java:223)
07-05 22:22:00.291 W/System.err(27307): 	... 15 more
07-05 22:22:00.291 I/TabView (27307): onfocuschange:false
07-05 22:22:00.292 D/TabView (27307): 设置icon---:获得焦点2位置
07-05 22:22:00.292 E/TabView (27307): 残留焦点设置图标
07-05 22:22:00.315 D/CommonHeader(27307): onTabStatusChanged tabstatus===>:40000
07-05 22:22:00.338 D/HttpHandler(27307): VerifySignInterCeptor-->request.url()=http://picture.edu.hismarttv.com/images/20170628121925625089.png
07-05 22:22:00.338 D/HttpHandler(27307): VerifySignInterCeptor-->hostname=picture.edu.hismarttv.com
07-05 22:22:00.341 D/OkHttp  (27307): --> GET http://picture.edu.hismarttv.com/images/20170628121925625089.png http/1.1
07-05 22:22:00.341 D/OkHttp  (27307): Host: picture.edu.hismarttv.com
07-05 22:22:00.341 D/OkHttp  (27307): Connection: Keep-Alive
07-05 22:22:00.341 D/OkHttp  (27307): Accept-Encoding: gzip
07-05 22:22:00.341 D/OkHttp  (27307): User-Agent: okhttp/3.6.0
07-05 22:22:00.341 D/OkHttp  (27307): --> END GET
07-05 22:22:00.347 D/GlobalInputEventMonitoringService( 1733): interceptKeyBeforeQueueing(), event:22, mNeedMonitorKeyEvent:true, mWaitForKeyUpEvent:false
07-05 22:22:00.348 D/GlobalInputEventMonitoringService( 1733): processKeyEvent(), processKeyEvent event:22
07-05 22:22:00.348 D/WindowManager( 1733): interceptKeyTq keycode=22 interactive=true keyguardActive=false policyFlags=2b000000 isCancled= false
07-05 22:22:00.348 D/WindowManager( 1733): interceptKeyTi keyCode=22 down=false repeatCount=0 keyguardOn=false mHomePressed=false canceled=false
07-05 22:22:00.348 D/WindowManager( 1733): Hisense systemkey event: 22
07-05 22:22:00.348 D/HisenseGlobalKeyManager( 1733): handleGlobalKey() : Global event = KeyEvent { action=ACTION_UP, keyCode=KEYCODE_DPAD_RIGHT, scanCode=0, metaState=0, flags=0x0, repeatCount=0, eventTime=13361740, downTime=13361740, deviceId=-1, source=0x101 }
07-05 22:22:00.349 I/MyFragmentStateAdapter(27307): getCount
07-05 22:22:00.366 D/OkHttp  (27307): <-- 200 OK http://picture.edu.hismarttv.com/images/20170628121925625089.png (24ms)
07-05 22:22:00.366 D/OkHttp  (27307): Date: Tue, 04 Jul 2017 02:16:20 GMT
07-05 22:22:00.366 D/OkHttp  (27307): Server: nginx
07-05 22:22:00.366 D/OkHttp  (27307): Content-Type: image/png
07-05 22:22:00.366 D/OkHttp  (27307): Content-Length: 3689
07-05 22:22:00.366 D/OkHttp  (27307): Last-Modified: Wed, 28 Jun 2017 12:19:25 GMT
07-05 22:22:00.366 D/OkHttp  (27307): ETag: "59539ecd-e69"
07-05 22:22:00.366 D/OkHttp  (27307): Accept-Ranges: bytes
07-05 22:22:00.366 D/OkHttp  (27307): Age: 129940
07-05 22:22:00.367 D/OkHttp  (27307): Via: 1.1 jnwt241:0 (Cdn Cache Server V2.0)[4 200 0], 1.1 angtong92:5 (Cdn Cache Server V2.0)[0 200 0]
07-05 22:22:00.367 D/OkHttp  (27307): Connection: keep-alive
07-05 22:22:00.367 D/OkHttp  (27307): <-- END HTTP
07-05 22:22:00.375 D/HttpHandler(27307): RetryIntercepter-->retryNum=0
07-05 22:22:00.375 D/HttpHandler(27307): RetryIntercepter-->backoffmutiplier=0
07-05 22:22:00.378 D/TabView (27307): 无焦点设置图标
07-05 22:22:00.379 D/TabView (27307): 无焦点设置图标
07-05 22:22:00.381 D/TabView (27307): 无焦点设置图标
07-05 22:22:00.382 D/TabView (27307): 无焦点设置图标
07-05 22:22:00.383 D/TabView (27307): 无焦点设置图标
07-05 22:22:00.384 D/TabView (27307): 无焦点设置图标
07-05 22:22:00.385 D/TabView (27307): 无焦点设置图标
07-05 22:22:00.388 D/TabView (27307): 无焦点设置图标
07-05 22:22:00.390 D/TabView (27307): 无焦点设置图标
07-05 22:22:00.393 D/TabView (27307): 无焦点设置图标
07-05 22:22:00.394 D/HttpHandler(27307): VerifySignInterCeptor-->request.url()=http://picture.edu.hismarttv.com/images/20170628111917742483.png
07-05 22:22:00.394 D/TabView (27307): 无焦点设置图标
07-05 22:22:00.394 D/HttpHandler(27307): VerifySignInterCeptor-->hostname=picture.edu.hismarttv.com
07-05 22:22:00.395 D/TabView (27307): 无焦点设置图标
07-05 22:22:00.395 D/OkHttp  (27307): --> GET http://picture.edu.hismarttv.com/images/20170628111917742483.png http/1.1
07-05 22:22:00.395 D/OkHttp  (27307): Host: picture.edu.hismarttv.com
07-05 22:22:00.395 D/OkHttp  (27307): Connection: Keep-Alive
07-05 22:22:00.395 D/OkHttp  (27307): Accept-Encoding: gzip
07-05 22:22:00.395 D/OkHttp  (27307): User-Agent: okhttp/3.6.0
07-05 22:22:00.395 D/OkHttp  (27307): --> END GET
07-05 22:22:00.397 D/OkHttp  (27307): <-- HTTP FAILED: java.io.InterruptedIOException: thread interrupted
07-05 22:22:00.397 D/TabView (27307): 无焦点设置图标
07-05 22:22:00.399 D/TabView (27307): 无焦点设置图标
07-05 22:22:00.402 D/TabView (27307): 无焦点设置图标
07-05 22:22:00.405 D/TabView (27307): 无焦点设置图标
07-05 22:22:00.408 I/MyFragmentStateAdapter(27307): getCount
07-05 22:22:00.409 D/HttpHandler(27307): RetryIntercepter-->retryNum=0
07-05 22:22:00.409 I/MyFragmentStateAdapter(27307): getCount
07-05 22:22:00.409 D/HttpHandler(27307): RetryIntercepter-->backoffmutiplier=0
07-05 22:22:00.409 D/TabView (27307): 无焦点设置图标
07-05 22:22:00.410 D/TabView (27307): 无焦点设置图标
07-05 22:22:00.412 D/TabView (27307): 无焦点设置图标
07-05 22:22:00.413 D/TabView (27307): 无焦点设置图标
07-05 22:22:00.414 D/TabView (27307): 无焦点设置图标
07-05 22:22:00.415 D/TabView (27307): 无焦点设置图标
07-05 22:22:00.417 D/TabView (27307): 无焦点设置图标
07-05 22:22:00.419 D/TabView (27307): 无焦点设置图标
07-05 22:22:00.420 D/TabView (27307): 无焦点设置图标
07-05 22:22:00.420 D/HttpHandler(27307): VerifySignInterCeptor-->request.url()=http://picture.edu.hismarttv.com/images/20170628111818312641.png
07-05 22:22:00.421 D/HttpHandler(27307): VerifySignInterCeptor-->hostname=picture.edu.hismarttv.com
07-05 22:22:00.421 D/TabView (27307): 无焦点设置图标
07-05 22:22:00.422 D/OkHttp  (27307): --> GET http://picture.edu.hismarttv.com/images/20170628111818312641.png http/1.1
07-05 22:22:00.422 D/OkHttp  (27307): Host: picture.edu.hismarttv.com
07-05 22:22:00.422 D/OkHttp  (27307): Connection: Keep-Alive
07-05 22:22:00.422 D/OkHttp  (27307): Accept-Encoding: gzip
07-05 22:22:00.422 D/OkHttp  (27307): User-Agent: okhttp/3.6.0
07-05 22:22:00.422 D/OkHttp  (27307): --> END GET
07-05 22:22:00.422 D/TabView (27307): 无焦点设置图标
07-05 22:22:00.422 D/OkHttp  (27307): <-- HTTP FAILED: java.io.InterruptedIOException: thread interrupted
07-05 22:22:00.423 D/TabView (27307): 无焦点设置图标
07-05 22:22:00.423 D/HttpHandler(27307): RetryIntercepter-->retryNum=0
07-05 22:22:00.423 D/HttpHandler(27307): RetryIntercepter-->backoffmutiplier=0
07-05 22:22:00.424 D/TabView (27307): 无焦点设置图标
07-05 22:22:00.424 D/TabView (27307): 无焦点设置图标
07-05 22:22:00.425 D/TabView (27307): 无焦点设置图标
07-05 22:22:00.426 D/TabView (27307): 无焦点设置图标
07-05 22:22:00.427 I/MyFragmentStateAdapter(27307): getCount
07-05 22:22:00.427 I/MyFragmentStateAdapter(27307): getCount
07-05 22:22:00.438 I/TabView (27307): onScroll:,firstItem=0,visibleCount=6,totalCount=10
07-05 22:22:00.441 D/Carousel-CarouselView(27307): ============>onScrollChanged hashCode:105475394
07-05 22:22:00.441 D/Carousel-CarouselDisplayPlayerLayout(27307): isFullScreen:false
07-05 22:22:00.443 I/MainHomeView(27307): onPanelSlide0.35114503---left：198
07-05 22:22:00.448 I/CurrentCarouselView(27307): onCarouseControlCarouselControlBean{mShoudScroll=true, mActivityHasResume=false, mActivityHasStop=false, mHasTurnGone=false, mHasTurnVisible=false, mChannelId=-1, mSlideOffset=0.35114503, mShouldSelectCenter=false, mTabOpen=false, mHoriPosStatus=None, mVerPosStatus=None, mLevelStatus=None},isPlayingtrue,channelId=0
07-05 22:22:00.448 I/CurrentCarouselView(27307): is not the current page
07-05 22:22:00.448 I/CurrentCarouselView(27307): do scroll
07-05 22:22:00.448 D/Carousel-CarouselView(27307): smoothScroll.
07-05 22:22:00.448 D/Carousel-CarouselDisplayPlayerLayout(27307): isFullScreen:false
07-05 22:22:00.448 D/TabView (27307): onReceiveSlidingOffset ===>:0.35114503
07-05 22:22:00.450 I/MyFragmentStateAdapter(27307): getCount
07-05 22:22:00.454 D/Carousel-CarouselDisplayPlayerLayout(27307): HasFocus:false,keyCode:22
07-05 22:22:00.454 D/Carousel-CarouselDisplayPlayerLayout(27307): isFullScreen:false
07-05 22:22:00.454 I/HomeMainActivity(27307): carousel handle key:false
07-05 22:22:00.467 I/TVMW@HsTvSetting( 1234): Trace cmd, data = 0x1058
07-05 22:22:00.470 V/InputMethodService( 2203): startInput(): editor=android.view.inputmethod.EditorInfo@2bc6d935
07-05 22:22:00.470 V/InputMethodService( 2203): CALL: onFinishInput
07-05 22:22:00.472 D/til@system( 2026): til_get_system_param option:100002F int:0, bool:0, ret:0
07-05 22:22:00.473 I/TVMW@HsTvSetting( 1234): Trace cmd, data = 0x101f
07-05 22:22:00.473 D/til@system( 2026): til_get_system_param option:100001D int:3, bool:3, ret:0
07-05 22:22:00.474 E/til     ( 2026): [til_get_current_input_source, 101] 
07-05 22:22:00.474 I/TVMW@HsTvSetting( 1234): Trace cmd, data = 0x7007
07-05 22:22:00.475 E/SOGOUIME_JNI( 2203): reset
07-05 22:22:00.475 E/SOGOUIME_JNI( 2203): getCandidates
07-05 22:22:00.475 E/SOGOUIME_JNI( 2203): ime_get_uncommitted_length
07-05 22:22:00.476 E/SOGOUIME_JNI( 2203): getCandidates
07-05 22:22:00.476 D/SogouIME API( 2203): ==============num:32
07-05 22:22:00.476 E/SOGOUIME_JNI( 2203): ime_get_uncommitted_length
07-05 22:22:00.476 D/SogouIME( 2203): mFocusedComponent:30   isHkbEnable:false
07-05 22:22:00.476 E/SOGOUIME_JNI( 2203): ime_get_uncommitted_length
07-05 22:22:00.476 E/SOGOUIME_JNI( 2203): ime_get_committed_length
07-05 22:22:00.476 E/SOGOUIME_JNI( 2203): getComposingInfo
07-05 22:22:00.476 I/tilwrapper@sm( 2026): HS2TIL_SourceType *hs=0xd, *til=0x900
07-05 22:22:00.476 E/SOGOUIME_JNI( 2203): getComposingInfo
07-05 22:22:00.476 D/til     ( 2026): get current source 2304
07-05 22:22:00.476 E/SOGOUIME_JNI( 2203): getCorrectInfo
07-05 22:22:00.476 E/SOGOUIME_JNI( 2203): getComposingInfo
07-05 22:22:00.476 D/SourceRemoteServiceHandler( 2026): getCurrentInputSource.from.til.result is 0, value is 2304
07-05 22:22:00.476 D/SourceRemoteServiceHandler( 2026): getInputSourceType source: 0x900, type=2304
07-05 22:22:00.476 D/til     ( 2026): ###### func:til_get_picture_param option:0x3000006 ######  
07-05 22:22:00.477 V/InputMethodService( 2203): CALL: onStartInput
07-05 22:22:00.477 E/SOGOUIME_JNI( 2203): invalidateCommitWordPinyinNative
07-05 22:22:00.477 D/SogouIME( 2203): =====configKeyboard=======是否有硬件盘:false     硬件盘是否不再隐藏：false
07-05 22:22:00.477 E/SOGOUIME_JNI( 2203): ime_set_hard_kb_enable
07-05 22:22:00.478 I/TVMW@HsTvSetting( 1234): Trace cmd, data = 0x1003
07-05 22:22:00.479 I/TVMW@HsTvSetting( 1234): Trace cmd, data = 0x8032
07-05 22:22:00.479 I/hstvos  ( 1216): [0m[1;33m[HSHAL][HS_VIDEO][HS_HAL_Video_SetOsdDetect_v2][2389]u16Threshold = 20
07-05 22:22:00.480 E/TVMW@videoctrl( 1234):  getOsd is 1
07-05 22:22:00.481 D/til@system( 2026): til_get_system_param option:1000027 int:1, bool:1, ret:0
07-05 22:22:00.481 D/til     ( 2026): ###### func:til_get_picture_param option:0x3000045 ######  
07-05 22:22:00.482 I/MainHomeView(27307): onPanelSlide0.21374045---left：180
07-05 22:22:00.483 I/TVMW@HsTvSetting( 1234): Trace cmd, data = 0x300c
07-05 22:22:00.483 I/TVMW@HsTvSetting( 1234): Trace 3d, data = 0x300c
07-05 22:22:00.483 I/TVMW@3d ( 1234): Hs_debug3d_trace: func:get3dStatus, line:109
07-05 22:22:00.484 I/CurrentCarouselView(27307): onCarouseControlCarouselControlBean{mShoudScroll=true, mActivityHasResume=false, mActivityHasStop=false, mHasTurnGone=false, mHasTurnVisible=false, mChannelId=-1, mSlideOffset=0.21374045, mShouldSelectCenter=false, mTabOpen=false, mHoriPosStatus=None, mVerPosStatus=None, mLevelStatus=None},isPlayingtrue,channelId=0
07-05 22:22:00.484 I/CurrentCarouselView(27307): is not the current page
07-05 22:22:00.484 I/CurrentCarouselView(27307): do scroll
07-05 22:22:00.485 D/Carousel-CarouselView(27307): smoothScroll.
07-05 22:22:00.493 D/Carousel-CarouselDisplayPlayerLayout(27307): isFullScreen:false
07-05 22:22:00.494 D/TabView (27307): onReceiveSlidingOffset ===>:0.21374045
07-05 22:22:00.520 D/Carousel-CarouselDisplayPlayerLayout(27307): x=408, y=167,w=892,h=536, hashCode=883659624
07-05 22:22:00.520 D/Carousel-CarouselDisplayPlayerLayout(27307): mX=511, mY=167,mWitdh=892,mHeight=536, hashCode=883659624
07-05 22:22:00.520 D/Carousel-CarouselDisplayPlayerLayout(27307): changed=true, hashCode=883659624
07-05 22:22:00.528 D/Carousel-Utils(27307): x=408,y=167, width=892,height=536
07-05 22:22:00.528 D/Carousel-CarouselDisplayPlayerLayout(27307): isFullScreen:false
07-05 22:22:00.528 D/Carousel-CarouselView(27307): ===========>onScrollStart
07-05 22:22:00.530 D/Carousel-Utils(27307): displayImage view=android.widget.ImageView{1e64df89 I.ED.... ......ID 0,0-816,460 #7f0d0029 app:id/imageView1}
07-05 22:22:00.530 D/Carousel-Utils(27307): displayImage url=http://picture.edu.hismarttv.com/images/20170629010146422927.jpg
07-05 22:22:00.531 D/Carousel-Utils(27307): onResourceReady.
07-05 22:22:00.539 D/Carousel-Utils(27307): displayImage view=android.widget.ImageView{13994c05 I.ED.... ........ 0,0-816,460 #7f0d0029 app:id/imageView1}
07-05 22:22:00.539 D/Carousel-Utils(27307): displayImage url=http://picture.edu.hismarttv.com/images/20170629010146422927.jpg
07-05 22:22:00.540 D/Carousel-Utils(27307): onResourceReady.
07-05 22:22:00.540 D/Carousel-CarouselDisplayPlayerLayout(27307): x=408, y=167,w=892,h=536, hashCode=883659624
07-05 22:22:00.540 D/Carousel-CarouselDisplayPlayerLayout(27307): mX=408, mY=167,mWitdh=892,mHeight=536, hashCode=883659624
07-05 22:22:00.540 D/Carousel-CarouselDisplayPlayerLayout(27307): changed=false, hashCode=883659624
07-05 22:22:00.540 D/Carousel-CarouselDisplayPlayerLayout(27307): extraTryCount=0
07-05 22:22:00.541 I/MyFragmentStateAdapter(27307): getCount
07-05 22:22:00.541 I/MyFragmentStateAdapter(27307): getCount
07-05 22:22:00.541 I/MyFragmentStateAdapter(27307): getCount
07-05 22:22:00.541 I/MyFragmentStateAdapter(27307): getCount
07-05 22:22:00.541 I/Carousel-UrlVideoView(27307): onMeasure(MeasureSpec: EXACTLY 816, MeasureSpec: EXACTLY 460)
07-05 22:22:00.541 D/Carousel-UrlVideoView(27307): widthSpecMode=1073741824
07-05 22:22:00.541 D/Carousel-UrlVideoView(27307): heightSpecMode=1073741824
07-05 22:22:00.541 D/Carousel-UrlVideoView(27307): widthSpecSize=816
07-05 22:22:00.541 D/Carousel-UrlVideoView(27307): heightSpecSize=460
07-05 22:22:00.541 I/Carousel-UrlVideoView(27307): onMeasure(MeasureSpec: EXACTLY 816, MeasureSpec: EXACTLY 460)
07-05 22:22:00.541 D/Carousel-UrlVideoView(27307): widthSpecMode=1073741824
07-05 22:22:00.541 D/Carousel-UrlVideoView(27307): heightSpecMode=1073741824
07-05 22:22:00.541 D/Carousel-UrlVideoView(27307): widthSpecSize=816
07-05 22:22:00.541 D/Carousel-UrlVideoView(27307): heightSpecSize=460
07-05 22:22:00.543 W/art     (27273): Suspending all threads took: 8.670ms
07-05 22:22:00.548 D/Surface ( 1733): onStatusChange() : mNativeObject = 547942742528 mUseImageHwRender = false
07-05 22:22:00.549 V/Surface ( 1733): nativeSetHardwareRender() : status = 0
07-05 22:22:00.549 V/Surface ( 1733): nativeSetHardwareRender() : end
07-05 22:22:00.552 D/PowerManagerService( 1733): releaseWakeLockInternal: lock=487931605 [WindowManager], flags=0x0
07-05 22:22:00.552 D/PowerManagerNotifier( 1733): onWakeLockReleased: flags=536870922, tag="WindowManager", packageName=android, ownerUid=1000, ownerPid=1733, workSource=WorkSource{10010}
07-05 22:22:00.552 D/PowerManagerService( 1733): userActivityNoUpdateLocked: eventTime=13362124, event=0, flags=0x1, uid=1000
07-05 22:22:00.552 D/PowerManagerService( 1733): setScreenBrightnessOverrideFromWindowManagerInternal done
07-05 22:22:00.555 I/art     (27273): Background sticky concurrent mark sweep GC freed 17151(909KB) AllocSpace objects, 0(0B) LOS objects, 60% free, 633KB/1603KB, paused 16.825ms total 90.035ms
07-05 22:22:00.561 D/Surface ( 1733): onStatusChange() : mNativeObject = 0 mUseImageHwRender = false
07-05 22:22:00.562 I/FirstLineAdapter(27307): canShowTrailer,isOffline=false
07-05 22:22:00.562 I/FirstLineAdapter(27307): canShowTrailer,isOffline=false
07-05 22:22:00.562 I/FirstLineAdapter(27307): canShowTrailer,isOffline=false
07-05 22:22:00.562 I/FirstLineAdapter(27307): canShowTrailer,isOffline=false
07-05 22:22:00.562 I/FirstLineAdapter(27307): canShowTrailer,isOffline=false
07-05 22:22:00.563 I/FirstLineAdapter(27307): canShowTrailer,isOffline=false
07-05 22:22:00.563 I/FirstLineAdapter(27307): canShowTrailer,isOffline=false
07-05 22:22:00.563 I/FirstLineAdapter(27307): canShowTrailer,isOffline=false
07-05 22:22:00.563 I/FirstLineAdapter(27307): canShowTrailer,isOffline=false
07-05 22:22:00.564 I/SurfaceView(27307): Changes: creating=false format=false size=false visible=false left=true top=false
07-05 22:22:00.564 I/SurfaceView(27307): Cur surface: Surface(name=null)/@0x15239444
07-05 22:22:00.565 D/Surface ( 1733): onStatusChange() : mNativeObject = 547819111936 mUseImageHwRender = false
07-05 22:22:00.565 V/Surface ( 1733): nativeSetHardwareRender() : status = 0
07-05 22:22:00.565 V/Surface ( 1733): nativeSetHardwareRender() : end
07-05 22:22:00.569 D/PowerManagerService( 1733): setScreenBrightnessOverrideFromWindowManagerInternal done
07-05 22:22:00.570 I/MiSysSrv( 1214): [37m[INFO] Change to Voltage: 117 mv (0x32)[m
07-05 22:22:00.577 D/Surface ( 1733): onStatusChange() : mNativeObject = 0 mUseImageHwRender = false
07-05 22:22:00.577 D/Surface (27307): onStatusChange() : mNativeObject = -539078400 mUseImageHwRender = false
07-05 22:22:00.577 V/Surface (27307): nativeSetHardwareRender() : status = 0
07-05 22:22:00.578 V/Surface (27307): nativeSetHardwareRender() : end
07-05 22:22:00.578 I/SurfaceView(27307): New surface: Surface(name=null)/@0x7eb092d, vis=true, frame=Rect(446, 205 - 1262, 665)
07-05 22:22:00.578 D/Surface (27307): onStatusChange() : mNativeObject = 0 mUseImageHwRender = false
07-05 22:22:00.578 D/Surface (27307): onStatusChange() : mNativeObject = -539078400 mUseImageHwRender = false
07-05 22:22:00.578 V/Surface (27307): nativeSetHardwareRender() : status = 0
07-05 22:22:00.578 V/Surface (27307): nativeSetHardwareRender() : end
07-05 22:22:00.578 V/SurfaceView(27307): Layout: x=446 y=205 w=816 h=460, frame=Rect(0, 0 - 816, 460)
07-05 22:22:00.585 I/MainHomeView(27307): onPanelSlide0.045801528---left：158
07-05 22:22:00.586 I/CurrentCarouselView(27307): onCarouseControlCarouselControlBean{mShoudScroll=true, mActivityHasResume=false, mActivityHasStop=false, mHasTurnGone=false, mHasTurnVisible=false, mChannelId=-1, mSlideOffset=0.045801528, mShouldSelectCenter=false, mTabOpen=false, mHoriPosStatus=None, mVerPosStatus=None, mLevelStatus=None},isPlayingtrue,channelId=0
07-05 22:22:00.586 I/CurrentCarouselView(27307): is not the current page
07-05 22:22:00.586 I/CurrentCarouselView(27307): do scroll
07-05 22:22:00.586 D/Carousel-CarouselView(27307): smoothScroll.
07-05 22:22:00.586 D/Carousel-CarouselDisplayPlayerLayout(27307): isFullScreen:false
07-05 22:22:00.586 D/TabView (27307): onReceiveSlidingOffset ===>:0.045801528
07-05 22:22:00.587 I/MyFragmentStateAdapter(27307): getCount
07-05 22:22:00.608 E/hwcomposer( 1204): Overlay 0 size changeed src {1920 1080} -> {1920, 1080} crop{0.000000 0.000000 1920.000000 1080.000000}->{0.000000 0.000000 1920.000000 1080.000000} dst{549 205 1365 665}->{446 205 1262 665}
07-05 22:22:00.642 D/Carousel-CarouselDisplayPlayerLayout(27307): x=386, y=167,w=892,h=536, hashCode=883659624
07-05 22:22:00.642 D/Carousel-CarouselDisplayPlayerLayout(27307): mX=408, mY=167,mWitdh=892,mHeight=536, hashCode=883659624
07-05 22:22:00.642 D/Carousel-CarouselDisplayPlayerLayout(27307): changed=true, hashCode=883659624
07-05 22:22:00.642 D/Carousel-Utils(27307): x=386,y=167, width=892,height=536
07-05 22:22:00.642 D/Carousel-CarouselDisplayPlayerLayout(27307): x=386, y=167,w=892,h=536, hashCode=883659624
07-05 22:22:00.642 D/Carousel-CarouselDisplayPlayerLayout(27307): mX=386, mY=167,mWitdh=892,mHeight=536, hashCode=883659624
07-05 22:22:00.643 D/Carousel-CarouselDisplayPlayerLayout(27307): changed=false, hashCode=883659624
07-05 22:22:00.643 D/Carousel-CarouselDisplayPlayerLayout(27307): extraTryCount=0
07-05 22:22:00.643 D/Carousel-CarouselDisplayPlayerLayout(27307): x=386, y=167,w=892,h=536, hashCode=883659624
07-05 22:22:00.643 D/Carousel-CarouselDisplayPlayerLayout(27307): mX=386, mY=167,mWitdh=892,mHeight=536, hashCode=883659624
07-05 22:22:00.643 D/Carousel-CarouselDisplayPlayerLayout(27307): changed=false, hashCode=883659624
07-05 22:22:00.643 D/Carousel-CarouselDisplayPlayerLayout(27307): extraTryCount=1
07-05 22:22:00.643 I/Carousel-UrlVideoView(27307): onMeasure(MeasureSpec: EXACTLY 816, MeasureSpec: EXACTLY 460)
07-05 22:22:00.643 D/Carousel-UrlVideoView(27307): widthSpecMode=1073741824
07-05 22:22:00.643 D/Carousel-UrlVideoView(27307): heightSpecMode=1073741824
07-05 22:22:00.643 D/Carousel-UrlVideoView(27307): widthSpecSize=816
07-05 22:22:00.643 D/Carousel-UrlVideoView(27307): heightSpecSize=460
07-05 22:22:00.644 I/Carousel-UrlVideoView(27307): onMeasure(MeasureSpec: EXACTLY 816, MeasureSpec: EXACTLY 460)
07-05 22:22:00.644 D/Carousel-UrlVideoView(27307): widthSpecMode=1073741824
07-05 22:22:00.644 D/Carousel-UrlVideoView(27307): heightSpecMode=1073741824
07-05 22:22:00.644 D/Carousel-UrlVideoView(27307): widthSpecSize=816
07-05 22:22:00.644 D/Carousel-UrlVideoView(27307): heightSpecSize=460
07-05 22:22:00.644 I/SurfaceView(27307): Changes: creating=false format=false size=false visible=false left=true top=false
07-05 22:22:00.644 I/SurfaceView(27307): Cur surface: Surface(name=null)/@0x15239444
07-05 22:22:00.645 D/Surface ( 1733): onStatusChange() : mNativeObject = 547819111936 mUseImageHwRender = false
07-05 22:22:00.645 V/Surface ( 1733): nativeSetHardwareRender() : status = 0
07-05 22:22:00.645 V/Surface ( 1733): nativeSetHardwareRender() : end
07-05 22:22:00.647 D/PowerManagerService( 1733): setScreenBrightnessOverrideFromWindowManagerInternal done
07-05 22:22:00.651 D/Surface ( 1733): onStatusChange() : mNativeObject = 0 mUseImageHwRender = false
07-05 22:22:00.654 D/Surface (27307): onStatusChange() : mNativeObject = -539094528 mUseImageHwRender = false
07-05 22:22:00.658 D/PowerManagerService( 1733): acquireWakeLockInternal: lock=113832109, flags=0x1, tag="NetworkStats", ws=null, uid=1000, pid=1733
07-05 22:22:00.658 D/PowerManagerNotifier( 1733): onWakeLockAcquired: flags=1, tag="NetworkStats", packageName=android, ownerUid=1000, ownerPid=1733, workSource=null
07-05 22:22:00.658 D/NtpTrustedTime( 1733): currentTimeMillis() cache hit
07-05 22:22:00.659 V/Surface (27307): nativeSetHardwareRender() : status = 0
07-05 22:22:00.659 V/Surface (27307): nativeSetHardwareRender() : end
07-05 22:22:00.659 I/SurfaceView(27307): New surface: Surface(name=null)/@0x7eb092d, vis=true, frame=Rect(424, 205 - 1240, 665)
07-05 22:22:00.660 D/Surface (27307): onStatusChange() : mNativeObject = 0 mUseImageHwRender = false
07-05 22:22:00.660 D/Surface (27307): onStatusChange() : mNativeObject = -539094528 mUseImageHwRender = false
07-05 22:22:00.660 V/Surface (27307): nativeSetHardwareRender() : status = 0
07-05 22:22:00.660 V/Surface (27307): nativeSetHardwareRender() : end
07-05 22:22:00.667 D/NtpTrustedTime( 1733): currentTimeMillis() cache hit
07-05 22:22:00.667 I/TVMW@devctrl( 1234): wdt
07-05 22:22:00.669 V/SurfaceView(27307): Layout: x=424 y=205 w=816 h=460, frame=Rect(0, 0 - 816, 460)
07-05 22:22:00.672 I/MainHomeView(27307): onPanelSlide0.007633588---left：153
07-05 22:22:00.672 I/CurrentCarouselView(27307): onCarouseControlCarouselControlBean{mShoudScroll=true, mActivityHasResume=false, mActivityHasStop=false, mHasTurnGone=false, mHasTurnVisible=false, mChannelId=-1, mSlideOffset=0.007633588, mShouldSelectCenter=false, mTabOpen=false, mHoriPosStatus=None, mVerPosStatus=None, mLevelStatus=None},isPlayingtrue,channelId=0
07-05 22:22:00.672 I/CurrentCarouselView(27307): is not the current page
07-05 22:22:00.672 I/CurrentCarouselView(27307): do scroll
07-05 22:22:00.672 D/Carousel-CarouselView(27307): smoothScroll.
07-05 22:22:00.672 D/Carousel-CarouselDisplayPlayerLayout(27307): isFullScreen:false
07-05 22:22:00.673 D/TabView (27307): onReceiveSlidingOffset ===>:0.007633588
07-05 22:22:00.674 E/hwcomposer( 1204): Overlay 0 size changeed src {1920 1080} -> {1920, 1080} crop{0.000000 0.000000 1920.000000 1080.000000}->{0.000000 0.000000 1920.000000 1080.000000} dst{446 205 1262 665}->{424 205 1240 665}
07-05 22:22:00.677 D/Carousel-CarouselDisplayPlayerLayout(27307): x=381, y=167,w=892,h=536, hashCode=883659624
07-05 22:22:00.677 D/Carousel-CarouselDisplayPlayerLayout(27307): mX=386, mY=167,mWitdh=892,mHeight=536, hashCode=883659624
07-05 22:22:00.677 D/Carousel-CarouselDisplayPlayerLayout(27307): changed=true, hashCode=883659624
07-05 22:22:00.678 D/Carousel-Utils(27307): x=381,y=167, width=892,height=536
07-05 22:22:00.683 D/PowerManagerService( 1733): releaseWakeLockInternal: lock=113832109 [NetworkStats], flags=0x0
07-05 22:22:00.683 D/PowerManagerNotifier( 1733): onWakeLockReleased: flags=1, tag="NetworkStats", packageName=android, ownerUid=1000, ownerPid=1733, workSource=null
07-05 22:22:00.685 D/NtpTrustedTime( 1733): currentTimeMillis() cache hit
07-05 22:22:00.685 D/NtpTrustedTime( 1733): currentTimeMillis() cache hit
07-05 22:22:00.687 D/Carousel-CarouselDisplayPlayerLayout(27307): x=381, y=167,w=892,h=536, hashCode=883659624
07-05 22:22:00.687 D/Carousel-CarouselDisplayPlayerLayout(27307): mX=381, mY=167,mWitdh=892,mHeight=536, hashCode=883659624
07-05 22:22:00.687 D/Carousel-CarouselDisplayPlayerLayout(27307): changed=false, hashCode=883659624
07-05 22:22:00.687 D/Carousel-CarouselDisplayPlayerLayout(27307): extraTryCount=0
07-05 22:22:00.687 D/Carousel-CarouselDisplayPlayerLayout(27307): x=381, y=167,w=892,h=536, hashCode=883659624
07-05 22:22:00.687 D/Carousel-CarouselDisplayPlayerLayout(27307): mX=381, mY=167,mWitdh=892,mHeight=536, hashCode=883659624
07-05 22:22:00.687 D/Carousel-CarouselDisplayPlayerLayout(27307): changed=false, hashCode=883659624
07-05 22:22:00.687 D/Carousel-CarouselDisplayPlayerLayout(27307): extraTryCount=1
07-05 22:22:00.687 D/Carousel-CarouselDisplayPlayerLayout(27307): x=381, y=167,w=892,h=536, hashCode=883659624
07-05 22:22:00.687 D/Carousel-CarouselDisplayPlayerLayout(27307): mX=381, mY=167,mWitdh=892,mHeight=536, hashCode=883659624
07-05 22:22:00.687 D/Carousel-CarouselDisplayPlayerLayout(27307): changed=false, hashCode=883659624
07-05 22:22:00.687 D/Carousel-CarouselDisplayPlayerLayout(27307): extraTryCount=2
07-05 22:22:00.687 I/Carousel-UrlVideoView(27307): onMeasure(MeasureSpec: EXACTLY 816, MeasureSpec: EXACTLY 460)
07-05 22:22:00.688 D/Carousel-UrlVideoView(27307): widthSpecMode=1073741824
07-05 22:22:00.688 D/Carousel-UrlVideoView(27307): heightSpecMode=1073741824
07-05 22:22:00.688 D/Carousel-UrlVideoView(27307): widthSpecSize=816
07-05 22:22:00.688 D/Carousel-UrlVideoView(27307): heightSpecSize=460
07-05 22:22:00.688 I/Carousel-UrlVideoView(27307): onMeasure(MeasureSpec: EXACTLY 816, MeasureSpec: EXACTLY 460)
07-05 22:22:00.688 D/Carousel-UrlVideoView(27307): widthSpecMode=1073741824
07-05 22:22:00.688 D/Carousel-UrlVideoView(27307): heightSpecMode=1073741824
07-05 22:22:00.688 D/Carousel-UrlVideoView(27307): widthSpecSize=816
07-05 22:22:00.688 D/Carousel-UrlVideoView(27307): heightSpecSize=460
07-05 22:22:00.688 I/SurfaceView(27307): Changes: creating=false format=false size=false visible=false left=true top=false
07-05 22:22:00.688 I/SurfaceView(27307): Cur surface: Surface(name=null)/@0x15239444
07-05 22:22:00.690 D/Surface ( 1733): onStatusChange() : mNativeObject = 547819111936 mUseImageHwRender = false
07-05 22:22:00.690 V/Surface ( 1733): nativeSetHardwareRender() : status = 0
07-05 22:22:00.690 V/Surface ( 1733): nativeSetHardwareRender() : end
07-05 22:22:00.693 D/PowerManagerService( 1733): setScreenBrightnessOverrideFromWindowManagerInternal done
07-05 22:22:00.696 D/Surface ( 1733): onStatusChange() : mNativeObject = 0 mUseImageHwRender = false
07-05 22:22:00.697 D/Surface (27307): onStatusChange() : mNativeObject = -539078400 mUseImageHwRender = false
07-05 22:22:00.697 V/Surface (27307): nativeSetHardwareRender() : status = 0
07-05 22:22:00.697 V/Surface (27307): nativeSetHardwareRender() : end
07-05 22:22:00.697 I/SurfaceView(27307): New surface: Surface(name=null)/@0x7eb092d, vis=true, frame=Rect(419, 205 - 1235, 665)
07-05 22:22:00.697 D/Surface (27307): onStatusChange() : mNativeObject = 0 mUseImageHwRender = false
07-05 22:22:00.697 D/Surface (27307): onStatusChange() : mNativeObject = -539078400 mUseImageHwRender = false
07-05 22:22:00.697 V/Surface (27307): nativeSetHardwareRender() : status = 0
07-05 22:22:00.697 V/Surface (27307): nativeSetHardwareRender() : end
07-05 22:22:00.699 V/SurfaceView(27307): Layout: x=419 y=205 w=816 h=460, frame=Rect(0, 0 - 816, 460)
07-05 22:22:00.702 I/MainHomeView(27307): onPanelSlide0.0---left：152
07-05 22:22:00.703 I/CurrentCarouselView(27307): onCarouseControlCarouselControlBean{mShoudScroll=true, mActivityHasResume=false, mActivityHasStop=false, mHasTurnGone=false, mHasTurnVisible=false, mChannelId=-1, mSlideOffset=0.0, mShouldSelectCenter=false, mTabOpen=false, mHoriPosStatus=None, mVerPosStatus=None, mLevelStatus=None},isPlayingtrue,channelId=0
07-05 22:22:00.703 I/CurrentCarouselView(27307): is not the current page
07-05 22:22:00.703 I/CurrentCarouselView(27307): do scroll
07-05 22:22:00.703 D/Carousel-CarouselView(27307): smoothScroll.
07-05 22:22:00.703 D/Carousel-CarouselDisplayPlayerLayout(27307): isFullScreen:false
07-05 22:22:00.703 D/TabView (27307): onReceiveSlidingOffset ===>:0.0
07-05 22:22:00.706 D/Carousel-CarouselDisplayPlayerLayout(27307): x=380, y=167,w=892,h=536, hashCode=883659624
07-05 22:22:00.707 D/Carousel-CarouselDisplayPlayerLayout(27307): mX=381, mY=167,mWitdh=892,mHeight=536, hashCode=883659624
07-05 22:22:00.707 D/Carousel-CarouselDisplayPlayerLayout(27307): changed=true, hashCode=883659624
07-05 22:22:00.707 D/Carousel-Utils(27307): x=380,y=167, width=892,height=536
07-05 22:22:00.707 D/Carousel-CarouselDisplayPlayerLayout(27307): x=380, y=167,w=892,h=536, hashCode=883659624
07-05 22:22:00.707 D/Carousel-CarouselDisplayPlayerLayout(27307): mX=380, mY=167,mWitdh=892,mHeight=536, hashCode=883659624
07-05 22:22:00.707 D/Carousel-CarouselDisplayPlayerLayout(27307): changed=false, hashCode=883659624
07-05 22:22:00.707 D/Carousel-CarouselDisplayPlayerLayout(27307): extraTryCount=0
07-05 22:22:00.707 D/Carousel-CarouselDisplayPlayerLayout(27307): x=380, y=167,w=892,h=536, hashCode=883659624
07-05 22:22:00.707 D/Carousel-CarouselDisplayPlayerLayout(27307): mX=380, mY=167,mWitdh=892,mHeight=536, hashCode=883659624
07-05 22:22:00.707 D/Carousel-CarouselDisplayPlayerLayout(27307): changed=false, hashCode=883659624
07-05 22:22:00.707 D/Carousel-CarouselDisplayPlayerLayout(27307): extraTryCount=1
07-05 22:22:00.707 D/Carousel-CarouselDisplayPlayerLayout(27307): x=380, y=167,w=892,h=536, hashCode=883659624
07-05 22:22:00.707 D/Carousel-CarouselDisplayPlayerLayout(27307): mX=380, mY=167,mWitdh=892,mHeight=536, hashCode=883659624
07-05 22:22:00.707 D/Carousel-CarouselDisplayPlayerLayout(27307): changed=false, hashCode=883659624
07-05 22:22:00.707 D/Carousel-CarouselDisplayPlayerLayout(27307): extraTryCount=2
07-05 22:22:00.707 D/Carousel-CarouselDisplayPlayerLayout(27307): x=380, y=167,w=892,h=536, hashCode=883659624
07-05 22:22:00.707 D/Carousel-CarouselDisplayPlayerLayout(27307): mX=380, mY=167,mWitdh=892,mHeight=536, hashCode=883659624
07-05 22:22:00.707 D/Carousel-CarouselDisplayPlayerLayout(27307): changed=false, hashCode=883659624
07-05 22:22:00.707 D/Carousel-CarouselDisplayPlayerLayout(27307): extraTryCount=3
07-05 22:22:00.710 I/Carousel-UrlVideoView(27307): onMeasure(MeasureSpec: EXACTLY 816, MeasureSpec: EXACTLY 460)
07-05 22:22:00.710 D/Carousel-UrlVideoView(27307): widthSpecMode=1073741824
07-05 22:22:00.710 D/Carousel-UrlVideoView(27307): heightSpecMode=1073741824
07-05 22:22:00.710 D/Carousel-UrlVideoView(27307): widthSpecSize=816
07-05 22:22:00.710 D/Carousel-UrlVideoView(27307): heightSpecSize=460
07-05 22:22:00.711 I/Carousel-UrlVideoView(27307): onMeasure(MeasureSpec: EXACTLY 816, MeasureSpec: EXACTLY 460)
07-05 22:22:00.711 D/Carousel-UrlVideoView(27307): widthSpecMode=1073741824
07-05 22:22:00.711 D/Carousel-UrlVideoView(27307): heightSpecMode=1073741824
07-05 22:22:00.711 D/Carousel-UrlVideoView(27307): widthSpecSize=816
07-05 22:22:00.711 D/Carousel-UrlVideoView(27307): heightSpecSize=460
07-05 22:22:00.711 I/SurfaceView(27307): Changes: creating=false format=false size=false visible=false left=true top=false
07-05 22:22:00.711 I/SurfaceView(27307): Cur surface: Surface(name=null)/@0x15239444
07-05 22:22:00.712 D/Surface ( 1733): onStatusChange() : mNativeObject = 547819111936 mUseImageHwRender = false
07-05 22:22:00.712 V/Surface ( 1733): nativeSetHardwareRender() : status = 0
07-05 22:22:00.712 V/Surface ( 1733): nativeSetHardwareRender() : end
07-05 22:22:00.714 D/PowerManagerService( 1733): setScreenBrightnessOverrideFromWindowManagerInternal done
07-05 22:22:00.720 D/Surface ( 1733): onStatusChange() : mNativeObject = 0 mUseImageHwRender = false
07-05 22:22:00.721 D/Surface (27307): onStatusChange() : mNativeObject = -539094528 mUseImageHwRender = false
07-05 22:22:00.721 V/Surface (27307): nativeSetHardwareRender() : status = 0
07-05 22:22:00.721 V/Surface (27307): nativeSetHardwareRender() : end
07-05 22:22:00.721 I/SurfaceView(27307): New surface: Surface(name=null)/@0x7eb092d, vis=true, frame=Rect(418, 205 - 1234, 665)
07-05 22:22:00.721 D/Surface (27307): onStatusChange() : mNativeObject = 0 mUseImageHwRender = false
07-05 22:22:00.721 D/Surface (27307): onStatusChange() : mNativeObject = -539094528 mUseImageHwRender = false
07-05 22:22:00.721 V/Surface (27307): nativeSetHardwareRender() : status = 0
07-05 22:22:00.721 V/Surface (27307): nativeSetHardwareRender() : end
07-05 22:22:00.722 V/SurfaceView(27307): Layout: x=418 y=205 w=816 h=460, frame=Rect(0, 0 - 816, 460)
07-05 22:22:00.724 E/hwcomposer( 1204): Overlay 0 size changeed src {1920 1080} -> {1920, 1080} crop{0.000000 0.000000 1920.000000 1080.000000}->{0.000000 0.000000 1920.000000 1080.000000} dst{424 205 1240 665}->{419 205 1235 665}
07-05 22:22:00.731 D/Carousel-CarouselDisplayPlayerLayout(27307): x=380, y=167,w=892,h=536, hashCode=883659624
07-05 22:22:00.731 D/Carousel-CarouselDisplayPlayerLayout(27307): mX=380, mY=167,mWitdh=892,mHeight=536, hashCode=883659624
07-05 22:22:00.731 D/Carousel-CarouselDisplayPlayerLayout(27307): changed=false, hashCode=883659624
07-05 22:22:00.731 D/Carousel-CarouselDisplayPlayerLayout(27307): extraTryCount=4
07-05 22:22:00.731 I/MainHomeView(27307): onPanelClosed---left：152
07-05 22:22:00.739 D/Carousel-CarouselDisplayPlayerLayout(27307): x=380, y=167,w=892,h=536, hashCode=883659624
07-05 22:22:00.739 D/Carousel-CarouselDisplayPlayerLayout(27307): mX=380, mY=167,mWitdh=892,mHeight=536, hashCode=883659624
07-05 22:22:00.739 D/Carousel-CarouselDisplayPlayerLayout(27307): changed=false, hashCode=883659624
07-05 22:22:00.739 D/Carousel-CarouselDisplayPlayerLayout(27307): extraTryCount=5
07-05 22:22:00.739 D/Carousel-CarouselDisplayPlayerLayout(27307): x=380, y=167,w=892,h=536, hashCode=883659624
07-05 22:22:00.739 D/Carousel-CarouselDisplayPlayerLayout(27307): mX=380, mY=167,mWitdh=892,mHeight=536, hashCode=883659624
07-05 22:22:00.739 D/Carousel-CarouselDisplayPlayerLayout(27307): changed=false, hashCode=883659624
07-05 22:22:00.739 D/Carousel-CarouselDisplayPlayerLayout(27307): extraTryCount=6
07-05 22:22:00.739 D/Carousel-CarouselDisplayPlayerLayout(27307): x=380, y=167,w=892,h=536, hashCode=883659624
07-05 22:22:00.739 D/Carousel-CarouselDisplayPlayerLayout(27307): mX=380, mY=167,mWitdh=892,mHeight=536, hashCode=883659624
07-05 22:22:00.739 D/Carousel-CarouselDisplayPlayerLayout(27307): changed=false, hashCode=883659624
07-05 22:22:00.739 D/Carousel-CarouselDisplayPlayerLayout(27307): extraTryCount=7
07-05 22:22:00.739 D/Carousel-CarouselDisplayPlayerLayout(27307): x=380, y=167,w=892,h=536, hashCode=883659624
07-05 22:22:00.739 D/Carousel-CarouselDisplayPlayerLayout(27307): mX=380, mY=167,mWitdh=892,mHeight=536, hashCode=883659624
07-05 22:22:00.739 D/Carousel-CarouselDisplayPlayerLayout(27307): changed=false, hashCode=883659624
07-05 22:22:00.739 D/Carousel-CarouselDisplayPlayerLayout(27307): extraTryCount=8
07-05 22:22:00.739 D/Carousel-CarouselDisplayPlayerLayout(27307): x=380, y=167,w=892,h=536, hashCode=883659624
07-05 22:22:00.739 D/Carousel-CarouselDisplayPlayerLayout(27307): mX=380, mY=167,mWitdh=892,mHeight=536, hashCode=883659624
07-05 22:22:00.739 D/Carousel-CarouselDisplayPlayerLayout(27307): changed=false, hashCode=883659624
07-05 22:22:00.739 D/Carousel-CarouselDisplayPlayerLayout(27307): extraTryCount=9
07-05 22:22:00.740 E/hwcomposer( 1204): Overlay 0 size changeed src {1920 1080} -> {1920, 1080} crop{0.000000 0.000000 1920.000000 1080.000000}->{0.000000 0.000000 1920.000000 1080.000000} dst{419 205 1235 665}->{418 205 1234 665}
07-05 22:22:00.741 I/HLSP2P  ( 3457): ## 2017-07-05 22:22:00.740 [3457,3628,:0] INFO ## [HLSP2P][PunchHelper.cpp:286][INFO][SendHeartBeatMsg][PunchHelper] send heartbeat to punch server(111.161.53.222:8002) ok
07-05 22:22:00.748 D/Carousel-CarouselDisplayPlayerLayout(27307): x=380, y=167,w=892,h=536, hashCode=883659624
07-05 22:22:00.748 D/Carousel-CarouselDisplayPlayerLayout(27307): mX=380, mY=167,mWitdh=892,mHeight=536, hashCode=883659624
07-05 22:22:00.748 D/Carousel-CarouselDisplayPlayerLayout(27307): changed=false, hashCode=883659624
07-05 22:22:00.748 D/Carousel-CarouselDisplayPlayerLayout(27307): isFullScreen:false
07-05 22:22:00.749 D/Carousel-CarouselView(27307): ===========>mDisplayPlayerLayout.getVisibility()=4
07-05 22:22:00.749 D/Carousel-CarouselView(27307): ===========>onScrollEnd
07-05 22:22:00.749 D/Carousel-Utils(27307): x=380,y=167, width=892,height=536
07-05 22:22:00.749 D/Carousel-CarouselView(27307): isOutScreen:false
07-05 22:22:00.760 I/MyFragmentStateAdapter(27307): getCount
07-05 22:22:00.765 I/MyFragmentStateAdapter(27307): getCount
07-05 22:22:00.765 I/MyFragmentStateAdapter(27307): getCount
07-05 22:22:00.765 I/MyFragmentStateAdapter(27307): getCount
07-05 22:22:00.767 I/HLSP2P  ( 3457): ## 2017-07-05 22:22:00.760 [3457,3630,:0] INFO ## [HLSP2P][PunchHelper.cpp:431][INFO][OnHeartbeatRsp][PunchHelper] punch heartbeat rsp ok
07-05 22:22:00.768 D/Surface ( 1733): onStatusChange() : mNativeObject = 547942742528 mUseImageHwRender = false
07-05 22:22:00.768 V/Surface ( 1733): nativeSetHardwareRender() : status = 0
07-05 22:22:00.769 V/Surface ( 1733): nativeSetHardwareRender() : end
07-05 22:22:00.771 D/PowerManagerService( 1733): acquireWakeLockInternal: lock=487931605, flags=0x2000000a, tag="WindowManager", ws=WorkSource{10010}, uid=1000, pid=1733
07-05 22:22:00.773 D/hwcomposer( 1204): Overlay [0] do size change!
07-05 22:22:00.773 D/vsyncbridge( 1204): [0] handle_thread thread got msg 0x2, mState = 3
07-05 22:22:00.774 D/vsyncbridge( 1204): Overlay 0 Resize, mState = 0x3, 0, disp[418 205 816 460] osd[1920 1080]
07-05 22:22:00.774 D/vsyncbridge( 1204): [update_ds_table,  594] DispW:1632 DispH:920 
07-05 22:22:00.774 D/vsyncbridge( 1204): [update_ds_table,  598] Cap.x:1105 Cap.y:30 CapW:1920 CapH:1080 
07-05 22:22:00.774 D/vsyncbridge( 1204): [update_ds_table,  599] enInputSourceType:34 
07-05 22:22:00.774 D/vsyncbridge( 1204): [update_ds_table,  601] u16InputVTotal:2205  u16InputVFreq:240 
07-05 22:22:00.774 D/vsyncbridge( 1204): [update_ds_table,  603] bInterlace:0  u16DefaultHtotal:0 
07-05 22:22:00.774 D/vsyncbridge( 1204): [update_ds_table,  606] bPreHCusScaling:1  bPreVCusScaling:1 
07-05 22:22:00.774 D/vsyncbridge( 1204): [update_ds_table,  608] u16PreHCusScalingSrc:1920  u16PreHCusScalingDst:1920 
07-05 22:22:00.774 D/vsyncbridge( 1204): [update_ds_table,  610] u16PreVCusScalingSrc:1080  u16PreVCusScalingSrc:1080 
07-05 22:22:00.774 D/vsyncbridge( 1204): [update_ds_table,  613] bHCusScaling:0  bVCusScaling:0 
07-05 22:22:00.774 D/vsyncbridge( 1204): [update_ds_table,  615] u16HCusScalingSrc:1920  u16HCusScalingDst:1632 
07-05 22:22:00.774 D/vsyncbridge( 1204): [update_ds_table,  617] u16VCusScalingSrc:1080  u16VCusScalingDst:920 
07-05 22:22:00.774 D/vsyncbridge( 1204): vsync_bridge_CalAspectRatio type = 0
07-05 22:22:00.774 D/vsyncbridge( 1204): panel [3840 2160] osd [1920 1080] ratio [2.000000 2.000000]
07-05 22:22:00.774 D/vsyncbridge( 1204): apply ratio, x=836, y=410, width=1632, height=920
07-05 22:22:00.774 D/vsyncbridge( 1204): disp_old[836 410 2468 1330], disp_new[836 410 2468 1330], crop[0 0 1920 1080]
07-05 22:22:00.774 D/vsyncbridge( 1204): [update_ds_table,  798] SW DS !!! 
07-05 22:22:00.774 D/vsyncbridge( 1204): [update_ds_table,  800] stXC_SetWin_Info.stCapWin.width1920  stXC_SetWin_Info.stCapWin.height:1080
07-05 22:22:00.774 D/vsyncbridge( 1204): [update_ds_table,  802] stXC_SetWin_Info.stCropWin.width1920  stXC_SetWin_Info.stCropWin.height:1080
07-05 22:22:00.774 D/vsyncbridge( 1204): [update_ds_table,  803] MApi_XC_GetDynamicScalingStatus():1 
07-05 22:22:00.785 D/PowerManagerNotifier( 1733): onWakeLockAcquired: flags=536870922, tag="WindowManager", packageName=android, ownerUid=1000, ownerPid=1733, workSource=WorkSource{10010}
07-05 22:22:00.786 D/PowerManagerService( 1733): setScreenBrightnessOverrideFromWindowManagerInternal done
07-05 22:22:00.788 D/Surface ( 1733): onStatusChange() : mNativeObject = 0 mUseImageHwRender = false
07-05 22:22:00.790 I/FirstLineAdapter(27307): canShowTrailer,isOffline=false
07-05 22:22:00.790 I/FirstLineAdapter(27307): canShowTrailer,isOffline=false
07-05 22:22:00.792 I/FirstLineAdapter(27307): canShowTrailer,isOffline=false
07-05 22:22:00.792 I/FirstLineAdapter(27307): canShowTrailer,isOffline=false
07-05 22:22:00.792 I/FirstLineAdapter(27307): canShowTrailer,isOffline=false
07-05 22:22:00.793 I/FirstLineAdapter(27307): canShowTrailer,isOffline=false
07-05 22:22:00.793 I/FirstLineAdapter(27307): canShowTrailer,isOffline=false
07-05 22:22:00.794 I/FirstLineAdapter(27307): canShowTrailer,isOffline=false
07-05 22:22:00.794 I/FirstLineAdapter(27307): canShowTrailer,isOffline=false
07-05 22:22:00.796 D/        ( 1204): Alert: cannot get frameCount from IOCTL, eWindow=0! Fall back to original frame mode
07-05 22:22:00.796 D/        ( 1204): MVOP is 1P mode
