07-05 20:35:27.162 W/StorageManager(32231): isMultiProcessPlugin>>() return false
07-05 20:35:27.162 W/StorageStub@193d3924(32231): loadPluginInfos<<(pluginId=pluginplayer, needRemoveDumy=false)
07-05 20:35:27.162 W/PluginInfo(32231): getListFromJson<<(json=null)
07-05 20:35:27.162 W/StorageStub@193d3924(32231): loadPluginInfos>>() return null
07-05 20:35:27.162 W/StorageManager(32231): findPluginInfo<<(list=[], version=1.64.0.59984)
07-05 20:35:27.162 W/StorageManager(32231): findPluginInfo>>() return null
07-05 20:35:27.162 W/StorageStub@193d3924(32231): savePluginInfos<<(pluginId=pluginplayer, list=[PluginInfo(id=pluginplayer, versionName=1.64.0.59984, className=com.qiyi.video.plugin.PluginProvider, path=/data/data/com.hisense.hicloud.edca/files/plugin/2.1.0.59986/pluginplayer/1.64.0.59984/pluginplayer-release-1.64.0.59984.apk, libFolder=/data/data/com.hisense.hicloud.edca/files/plugin/2.1.0.59986/pluginplayer/1.64.0.59984/pluginplayer-release-1.64.0.59984-libs, containSo=true, soFileCount=18, errorCount=0, lastLoadSuccess=true)])
07-05 20:35:27.162 W/PluginInfo(32231): getJsonFromList<<(list=[PluginInfo(id=pluginplayer, versionName=1.64.0.59984, className=com.qiyi.video.plugin.PluginProvider, path=/data/data/com.hisense.hicloud.edca/files/plugin/2.1.0.59986/pluginplayer/1.64.0.59984/pluginplayer-release-1.64.0.59984.apk, libFolder=/data/data/com.hisense.hicloud.edca/files/plugin/2.1.0.59986/pluginplayer/1.64.0.59984/pluginplayer-release-1.64.0.59984-libs, containSo=true, soFileCount=18, errorCount=0, lastLoadSuccess=true)])
07-05 20:35:27.163 W/PluginInfo(32231): toJson>>() return {"plugin_id":"pluginplayer","plugin_versionname":"1.64.0.59984","plugin_class_name":"com.qiyi.video.plugin.PluginProvider","plugin_path":"\/data\/data\/com.hisense.hicloud.edca\/files\/plugin\/2.1.0.59986\/pluginplayer\/1.64.0.59984\/pluginplayer-release-1.64.0.59984.apk","plugin_lib_folder":"\/data\/data\/com.hisense.hicloud.edca\/files\/plugin\/2.1.0.59986\/pluginplayer\/1.64.0.59984\/pluginplayer-release-1.64.0.59984-libs","contain_so":true,"so_count":18,"load_error_count":0,"load_success":true}
07-05 20:35:27.163 W/PluginInfo(32231): getJsonFromList>>() return [{"plugin_id":"pluginplayer","plugin_versionname":"1.64.0.59984","plugin_class_name":"com.qiyi.video.plugin.PluginProvider","plugin_path":"\/data\/data\/com.hisense.hicloud.edca\/files\/plugin\/2.1.0.59986\/pluginplayer\/1.64.0.59984\/pluginplayer-release-1.64.0.59984.apk","plugin_lib_folder":"\/data\/data\/com.hisense.hicloud.edca\/files\/plugin\/2.1.0.59986\/pluginplayer\/1.64.0.59984\/pluginplayer-release-1.64.0.59984-libs","contain_so":true,"so_count":18,"load_error_count":0,"load_success":true}]
07-05 20:35:27.163 W/StorageStub@193d3924(32231): savePluginInfos>>()
07-05 20:35:27.163 W/StorageManager(32231): savePluginInfo>>()
07-05 20:35:27.163 W/PluginHelper(32231): loadAssetsProvider>>() return com.qiyi.video.plugin.PluginProvider@27527eaf
07-05 20:35:27.163 W/PluginHelper(32231): addProviders<<(provider=com.qiyi.video.plugin.PluginProvider@27527eaf)
07-05 20:35:27.163 W/PluginHelper(32231): addProviders>>()
07-05 20:35:27.164 W/PluginHelper(32231): handleMessage<<(msg={ when=0 what=1 target=com.qiyi.sdk.plugin.server.core.PluginHelper$TimerHandler })
07-05 20:35:27.165 W/StorageManager(32231): loadLastUpgradeTime<<()
07-05 20:35:27.165 W/StorageStub@193d3924(32231): loadLastUpgradeTime<<()
07-05 20:35:27.165 W/StorageStub@193d3924(32231): loadLastUpgradeTime>>() return 0
07-05 20:35:27.165 W/StorageManager(32231): loadLastUpgradeTime>>()
07-05 20:35:27.165 W/PluginDebugUtils(32231): needDebug<<(key=upgradeIntervalDebug)
07-05 20:35:27.165 W/PluginDebugUtils(32231): needDebug() returns false
07-05 20:35:27.165 W/PluginPropertyConfig(32231): getUpgradeInterval() return 86400000
07-05 20:35:27.165 W/PluginPropertyConfig(32231): autoUpgrade() return true
07-05 20:35:27.165 W/PluginHelper(32231): handleMessage...(realInterval=1499258127165, minInterval=86400000, autoUpgrade=true)
07-05 20:35:27.166 W/PluginHelper(32231): allProvidersCanBeUpgrade<<()
07-05 20:35:27.166 W/PluginHelper(32231): getProvider<<(pluginId=pluginplayer)
07-05 20:35:27.166 W/PluginHelper(32231): getProvider>>() return com.qiyi.video.plugin.PluginProvider@27527eaf
07-05 20:35:27.166 W/PluginHelper(32231): allProvidersCanBeUpgrade...() provider=com.qiyi.video.plugin.PluginProvider@27527eaf, canBeUpgrade=true
07-05 20:35:27.166 W/PluginHelper(32231): allProvidersCanBeUpgrade>>() return true
07-05 20:35:27.166 W/PluginHelper(32231): checkAllUpgrade<<()
07-05 20:35:27.166 W/PluginHelper(32231): getProvidersVersionInfo<<()
07-05 20:35:27.166 W/PluginHelper(32231): getProvider<<(pluginId=pluginplayer)
07-05 20:35:27.166 W/PluginHelper(32231): getProvider>>() return com.qiyi.video.plugin.PluginProvider@27527eaf
07-05 20:35:27.166 D/Version (32231): [TID 32264] getVersionName: 1.64.0.59984
07-05 20:35:27.166 W/PluginHelper(32231): getProvidersVersionInfo>>() return {pluginplayer=1.64.0.59984}
07-05 20:35:27.166 W/UpgradeManager(32231): checkUpgrades<<(requestInfos={pluginplayer=1.64.0.59984})
07-05 20:35:27.167 I/System.out(32231): <TVAPI> DEBUG(isUpdateData): isUpdateData=moduleUpdate-true
07-05 20:35:27.168 I/System.out(32231): <TVAPI> DEBUG(TVApiProperty): read passport-device-id=tv_69b1ef544cadbb86e8f28950ece1c76a_1167652938875
07-05 20:35:27.168 D/HttpHandler(32231): VerifySignInterCeptor-->request.url()=http://picture.edu.hismarttv.com/images/20170629/%E5%93%88%E5%88%A9%E8%AE%B2%E6%95%85%E4%BA%8B%EF%BC%88%E4%B8%80%EF%BC%89.jpg
07-05 20:35:27.168 D/HttpHandler(32231): VerifySignInterCeptor-->hostname=picture.edu.hismarttv.com
07-05 20:35:27.168 I/System.out(32231): <TVAPI> DEBUG(TVApiProcessor): preprocessor-device-check
07-05 20:35:27.168 I/System.out(32231): <TVAPI> DEBUG(isUpdateData): isUpdateData=devRegister-true
07-05 20:35:27.169 I/System.out(32231): <TVAPI> DEBUG(TVAPI): uuid=20151228165619572MkCHJfWb11209
07-05 20:35:27.169 I/System.out(32231): <TVAPI> DEBUG(TVAPI): version=2.1.0.59986
07-05 20:35:27.169 I/System.out(32231): <TVAPI> DEBUG(TVApiProperty): read passport-device-id=tv_69b1ef544cadbb86e8f28950ece1c76a_1167652938875
07-05 20:35:27.169 I/System.out(32231): <TVAPI> DEBUG(id=4, systemTime): url = http://pdata.video.ptqy.gitv.tv/k
07-05 20:35:27.169 D/OkHttp  (32231): --> GET http://picture.edu.hismarttv.com/images/20170629/%E5%93%88%E5%88%A9%E8%AE%B2%E6%95%85%E4%BA%8B%EF%BC%88%E4%B8%80%EF%BC%89.jpg http/1.1
07-05 20:35:27.169 D/OkHttp  (32231): Host: picture.edu.hismarttv.com
07-05 20:35:27.169 D/OkHttp  (32231): Connection: Keep-Alive
07-05 20:35:27.169 D/OkHttp  (32231): Accept-Encoding: gzip
07-05 20:35:27.169 D/OkHttp  (32231): User-Agent: okhttp/3.6.0
07-05 20:35:27.169 D/OkHttp  (32231): --> END GET
07-05 20:35:27.169 I/System.out(32231): D/(plugin_check_upgrade_thread, CommonApi-systemTime): url=http://pdata.video.ptqy.gitv.tv/k
07-05 20:35:27.170 W/System.err(32231): java.lang.Exception: load local histroy info null
07-05 20:35:27.171 W/System.err(32231): 	at com.qiyi.sdk.plugin.server.core.PluginHelper.loadLocalProvider(SourceFile:202)
07-05 20:35:27.171 W/System.err(32231): 	at com.qiyi.sdk.plugin.server.core.PluginHelper.loadProvider(SourceFile:151)
07-05 20:35:27.171 W/System.err(32231): 	at com.qiyi.sdk.plugin.server.PluginManager.loadFeature(SourceFile:81)
07-05 20:35:27.171 W/System.err(32231): 	at com.qiyi.sdk.player.a.a(SourceFile:3101)
07-05 20:35:27.171 W/System.err(32231): 	at com.qiyi.sdk.player.a$a.run(SourceFile:132)
07-05 20:35:27.171 W/System.err(32231): 	at android.os.Handler.handleCallback(Handler.java:739)
07-05 20:35:27.171 W/System.err(32231): 	at android.os.Handler.dispatchMessage(Handler.java:95)
07-05 20:35:27.171 W/System.err(32231): 	at android.os.Looper.loop(Looper.java:135)
07-05 20:35:27.171 W/System.err(32231): 	at android.os.HandlerThread.run(HandlerThread.java:61)
07-05 20:35:27.171 W/PluginHelper(32231): loadProvider>>() return Result(code=1, data=com.qiyi.video.plugin.PluginProvider@27527eaf, exception=[LoadProviderException(type=loadLocal, throwable=java.lang.Exception: load local histroy info null)], period=1)
07-05 20:35:27.171 W/AbsPluginProvider(32231): getFeature<<(featureType=2)
07-05 20:35:27.171 D/Player/PluginProvider@27527eaf(32231): [TID 32263] getFeatures: mFeatures=[com.qiyi.video.plugin.j@11391d55]
07-05 20:35:27.171 W/AbsPluginProvider(32231): getFeature>>() return com.qiyi.video.plugin.j@11391d55
07-05 20:35:27.171 W/System.err(32231): java.lang.Exception: load local histroy info null
07-05 20:35:27.171 W/System.err(32231): 	at com.qiyi.sdk.plugin.server.core.PluginHelper.loadLocalProvider(SourceFile:202)
07-05 20:35:27.171 W/System.err(32231): 	at com.qiyi.sdk.plugin.server.core.PluginHelper.loadProvider(SourceFile:151)
07-05 20:35:27.171 W/System.err(32231): 	at com.qiyi.sdk.plugin.server.PluginManager.loadFeature(SourceFile:81)
07-05 20:35:27.171 W/System.err(32231): 	at com.qiyi.sdk.player.a.a(SourceFile:3101)
07-05 20:35:27.171 W/System.err(32231): 	at com.qiyi.sdk.player.a$a.run(SourceFile:132)
07-05 20:35:27.171 W/System.err(32231): 	at android.os.Handler.handleCallback(Handler.java:739)
07-05 20:35:27.171 W/System.err(32231): 	at android.os.Handler.dispatchMessage(Handler.java:95)
07-05 20:35:27.171 W/System.err(32231): 	at android.os.Looper.loop(Looper.java:135)
07-05 20:35:27.172 W/System.err(32231): 	at android.os.HandlerThread.run(HandlerThread.java:61)
07-05 20:35:27.172 W/PluginManager(32231): loadFeature>>() return Result(code=1, data=com.qiyi.video.plugin.j@11391d55, exception=[LoadProviderException(type=loadLocal, throwable=java.lang.Exception: load local histroy info null)], period=1)
07-05 20:35:27.172 D/PlayerSdk/PlayerSdkProject(32231): [TID 32263] initialize(Parameter@1c046c51{mDelayedMilliSec=0, mCustomerAppVersion=3.0.0.9.00, mDeviceId=a8:a6:48:18:fc:a8, mDeviceInfo=vidaa3, mShowAdCountDown=true, mCDNDispathParam=null, mAdsHintNameMap={1001=, 2001=, 3001=}})
07-05 20:35:27.172 D/PlayerSdk/PlayerSdkProject(32231): [TID 32263] >> finishInitialize
07-05 20:35:27.174 I/System.out(32231): <TVAPI> DEBUG(id=3, devRegister): url = http://data2.itv.ptqy.gitv.tv/itv/devRegister/OGFjZjgxODQ2YThhLzIwMTUxMjI4MTY1NjE5NTcyTWtDSEpmV2IxMTIwOS8yLjEuMC41OTk4Ng/39467112fe7be1432adcf86e152f4899
07-05 20:35:27.174 I/System.out(32231): <TVAPI> DEBUG(id=3, devRegister): header = qyid:tv_69b1ef544cadbb86e8f28950ece1c76a_1167652938875
07-05 20:35:27.174 I/System.out(32231): <TVAPI> DEBUG(id=3, devRegister): header = ov:5.1.1
07-05 20:35:27.174 I/System.out(32231): <TVAPI> DEBUG(id=3, devRegister): header = apkVer:2.1.0.59986
07-05 20:35:27.186 V/LogRecord/LogManager(32231): isLogRegister = false isMultiProcess = false isSecondProcess = false
07-05 20:35:27.187 V/LogRecord/LogManager(32231): setFeedBackComplete = true
07-05 20:35:27.192 I/MyFragmentStateAdapter(32231): getCount
07-05 20:35:27.192 I/MyFragmentStateAdapter(32231): getCount
07-05 20:35:27.193 I/MyFragmentStateAdapter(32231): getCount
07-05 20:35:27.193 I/MyFragmentStateAdapter(32231): getCount
07-05 20:35:27.196 I/MyFragmentStateAdapter(32231): getCount
07-05 20:35:27.203 D/OkHttp  (32231): <-- 200 OK http://picture.edu.hismarttv.com/images/20170629/%E5%93%88%E5%88%A9%E8%AE%B2%E6%95%85%E4%BA%8B%EF%BC%88%E4%B8%80%EF%BC%89.jpg (33ms)
07-05 20:35:27.203 D/OkHttp  (32231): Date: Tue, 04 Jul 2017 02:31:47 GMT
07-05 20:35:27.203 D/OkHttp  (32231): Server: nginx
07-05 20:35:27.203 D/OkHttp  (32231): Content-Type: image/jpeg
07-05 20:35:27.203 D/OkHttp  (32231): Content-Length: 135983
07-05 20:35:27.203 D/OkHttp  (32231): Last-Modified: Fri, 09 Jun 2017 14:51:44 GMT
07-05 20:35:27.203 D/OkHttp  (32231): ETag: "593ab600-2132f"
07-05 20:35:27.203 D/OkHttp  (32231): Accept-Ranges: bytes
07-05 20:35:27.203 D/OkHttp  (32231): Age: 122620
07-05 20:35:27.203 D/OkHttp  (32231): Via: 1.1 chzhwt170:9 (Cdn Cache Server V2.0)[0 200 0], 1.1 t85:7 (Cdn Cache Server V2.0)[0 200 0]
07-05 20:35:27.203 D/OkHttp  (32231): Connection: keep-alive
07-05 20:35:27.203 D/OkHttp  (32231): <-- END HTTP
07-05 20:35:27.209 V/LogRecord/LogcatController(32231): logcatQueueType is = CIRCULAR
07-05 20:35:27.209 V/LogRecord/QueueFactory(32231): QueueManage , iqiyilogqueuetype = CIRCULAR
07-05 20:35:27.213 V/LogRecord/LogcatController(32231): LogcatController mQueueExcutor init()
07-05 20:35:27.213 V/LogRecord/CircularQueueExcutor(32231): CircularQueueExcutor init()
07-05 20:35:27.213 V/LogRecord/LogManager(32231): isSecondProcess = false
07-05 20:35:27.218 V/LogRecord/ServiceHelper(32231): LogcatRecordingService is not running 
07-05 20:35:27.224 D/HttpHandler(32231): RetryIntercepter-->retryNum=0
07-05 20:35:27.224 D/HttpHandler(32231): RetryIntercepter-->backoffmutiplier=0
07-05 20:35:27.225 V/LogRercord/IqiyiLogController(32231): iqiyiQueueType is = CIRCULAR
07-05 20:35:27.226 V/LogRecord/QueueFactory(32231): QueueManage , iqiyilogqueuetype = CIRCULAR
07-05 20:35:27.227 V/LogRercord/IqiyiLogController(32231): IqiyiLogController mQueueExcutor init()
07-05 20:35:27.227 V/LogRecord/CircularQueueExcutor(32231): CircularQueueExcutor init()
07-05 20:35:27.228 V/LogRecord/FileHelper(32231): clearFileDir
07-05 20:35:27.234 I/TVMW@devctrl( 1234): wdt
07-05 20:35:27.250 V/LogRecord/FileHelper(32231): /data/data/com.hisense.hicloud.edca/cache/qylogrecord
07-05 20:35:27.251 I/System.out(32231): <TVAPI> DEBUG(System Time): 1499258127
07-05 20:35:27.252 I/System.out(32231): <TVAPI> DEBUG(id=4, systemTime, response_time = 82ms): data = {"t":"1499258127","m":"a555f8c6140d5c2a5a19309b0d792363ee44c50ce708393e","u":"a555f8c6140d5c2a9d60fee7cc7a6a04cd209a1d88b78425","i":"220.181.109.33","k":"a555f8c6140d5c2a64285cfd1bb8a7329db42e51cb91c539"}
07-05 20:35:27.256 I/art     (32231): Background sticky concurrent mark sweep GC freed 5285(697KB) AllocSpace objects, 5(80KB) LOS objects, 2% free, 31MB/32MB, paused 8.241ms total 49.436ms
07-05 20:35:27.257 D/NativeDecimalFormat(32231): NativeDecimalFormat_close print addr=3997588224
07-05 20:35:27.257 D/NativeDecimalFormat(32231): NativeDecimalFormat_close print g_addr=3763214592
07-05 20:35:27.260 D/Carousel-CarouselView(32231): start to play! hashCode=832018257
07-05 20:35:27.261 D/Carousel-Utils(32231): x=511,y=167, width=892,height=536
07-05 20:35:27.262 D/Carousel-CarouselView(32231): type=1
07-05 20:35:27.262 D/Carousel-CarouselDisplayPlayerLayout(32231): isFullScreen:false
07-05 20:35:27.263 D/Carousel-Utils(32231): displayImage view=android.widget.ImageView{2fb08737 V.ED.... ......I. 0,0-0,0 #7f0d0029 app:id/imageView1}
07-05 20:35:27.263 D/Carousel-Utils(32231): displayImage url=http://picture.edu.hismarttv.com/images/20170629010146422927.jpg
07-05 20:35:27.264 D/Carousel-Utils(32231): onResourceReady.
07-05 20:35:27.265 D/Carousel-CarouselDisplayPlayerLayout(32231): isFullScreen:false
07-05 20:35:27.265 D/Carousel-log_(32231): isFullScreen:false
07-05 20:35:27.265 D/Carousel-CarouselDisplayPlayerLayout(32231): replacePlayer carouselType:3
07-05 20:35:27.265 D/Carousel-CarouselDisplayPlayerLayout(32231): x=511, y=167,w=892,h=536, hashCode=133899714
07-05 20:35:27.265 D/Carousel-CarouselDisplayPlayerLayout(32231): mX=0, mY=0,mWitdh=0,mHeight=0, hashCode=133899714
07-05 20:35:27.265 D/Carousel-CarouselDisplayPlayerLayout(32231): changed=true, hashCode=133899714
07-05 20:35:27.269 D/OkHttp  (32231): <-- 200 OK http://picture.edu.hismarttv.com/images/20170629/%E8%8B%B1%E8%AF%AD%E5%90%AF%E8%92%99.jpg (155ms)
07-05 20:35:27.269 D/OkHttp  (32231): Date: Fri, 30 Jun 2017 07:45:35 GMT
07-05 20:35:27.269 D/OkHttp  (32231): Server: nginx
07-05 20:35:27.269 D/OkHttp  (32231): Content-Type: image/jpeg
07-05 20:35:27.269 D/OkHttp  (32231): Content-Length: 57011
07-05 20:35:27.269 D/OkHttp  (32231): Last-Modified: Fri, 09 Jun 2017 14:49:58 GMT
07-05 20:35:27.269 D/OkHttp  (32231): ETag: "593ab596-deb3"
07-05 20:35:27.269 D/OkHttp  (32231): Accept-Ranges: bytes
07-05 20:35:27.269 D/OkHttp  (32231): Age: 449392
07-05 20:35:27.269 D/OkHttp  (32231): Via: 1.1 txz42:1 (Cdn Cache Server V2.0)[19 200 0], 1.1 hangwangtong56:5 (Cdn Cache Server V2.0)[126 200 0]
07-05 20:35:27.270 D/OkHttp  (32231): Connection: keep-alive
07-05 20:35:27.270 D/OkHttp  (32231): <-- END HTTP
07-05 20:35:27.297 D/HttpHandler(32231): RetryIntercepter-->retryNum=0
07-05 20:35:27.302 D/Player/Lib/Utils/PlayerDebugUtils(32231): [TID 32263] initialize, allowDebug: false
07-05 20:35:27.304 D/HttpHandler(32231): RetryIntercepter-->backoffmutiplier=0
07-05 20:35:27.315 I/art     (32231): Background sticky concurrent mark sweep GC freed 3940(434KB) AllocSpace objects, 2(32KB) LOS objects, 0% free, 32MB/32MB, paused 7.536ms total 33.886ms
07-05 20:35:27.320 I/System.out(32231): <TVAPI> DEBUG(id=3, devRegister, response_time = 112ms): data = {"msg":"","code":"N000000","data":{"apiKey":"9e14d341281067d05d771f41454858c0","authId":1210,"flag":"","hide":"qiyicom","ip":"219.147.31.2","ipLoc":"1-48-3-6-6001-0-26","ipZh":"-----None-","kv":[{"hcdn":"hCDN"},{"homepageHot":""},{"homepageNew":""},{"ruleCode":"http://static.ptqy.gitv.tv/js/tv/app/getPlayerConfig.js","playerConfig":""},{"isShowExitAppDialog":"apk"}],"loading":"","loginTunnel":0,"resIds":[{"id":201221412,"seq":1},{"id":201713612,"seq":2},{"id":201757412,"seq":3}],"sysTime":1499255595,"tab":[],"tip":"","upgradeType":-1,"url":"","version":""}}
07-05 20:35:27.321 I/System.out(32231): <TVAPI> DEBUG(TVApiProcessor): replace url is http://data2.itv.ptqy.gitv.tv/itv/moduleUpdate/1210/2.1.0.59986?p=%7B%22chipVer%22%3A%22%22%2C%22ip%22%3A%22%22%2C%22mac%22%3A%22a8%3Aa6%3A48%3A18%3Afc%3Aa8%22%2C%22mem%22%3A%22%22%2C%22osVer%22%3A22%2C%22platModel%22%3A%22VIDAA_TV%22%2C%22pluginplayer%22%3A%221.64.0.59984%22%2C%22prodModel%22%3A%22VIDAA_TV%22%7D
07-05 20:35:27.321 I/System.out(32231): <TVAPI> DEBUG(id=2, moduleUpdate): url = http://data2.itv.ptqy.gitv.tv/itv/moduleUpdate/1210/2.1.0.59986?p=%7B%22chipVer%22%3A%22%22%2C%22ip%22%3A%22%22%2C%22mac%22%3A%22a8%3Aa6%3A48%3A18%3Afc%3Aa8%22%2C%22mem%22%3A%22%22%2C%22osVer%22%3A22%2C%22platModel%22%3A%22VIDAA_TV%22%2C%22pluginplayer%22%3A%221.64.0.59984%22%2C%22prodModel%22%3A%22VIDAA_TV%22%7D
07-05 20:35:27.321 I/System.out(32231): <TVAPI> DEBUG(id=2, moduleUpdate): header = qyid:tv_69b1ef544cadbb86e8f28950ece1c76a_1167652938875
07-05 20:35:27.321 I/System.out(32231): <TVAPI> DEBUG(id=2, moduleUpdate): header = ov:5.1.1
07-05 20:35:27.321 I/System.out(32231): <TVAPI> DEBUG(id=2, moduleUpdate): header = apkVer:2.1.0.59986
07-05 20:35:27.321 I/System.out(32231): <TVAPI> DEBUG(id=2, moduleUpdate): header = apiKey:9e14d341281067d05d771f41454858c0
07-05 20:35:27.323 D/Carousel-CarouselVideoViewImpl(32231): onAttachedToWindow.
07-05 20:35:27.326 D/Carousel-CarouselVideoViewImpl(32231): startPlay!
07-05 20:35:27.326 D/Carousel-CarouselDisplayPlayerLayout(32231): isFullScreen:false
07-05 20:35:27.327 I/Carousel-UrlVideoView(32231): onMeasure(MeasureSpec: EXACTLY 816, MeasureSpec: EXACTLY 460)
07-05 20:35:27.327 I/Carousel-UrlVideoView(32231): onMeasure(MeasureSpec: EXACTLY 816, MeasureSpec: EXACTLY 460)
07-05 20:35:27.329 D/Surface ( 1733): onStatusChange() : mNativeObject = 547942742528 mUseImageHwRender = false
07-05 20:35:27.329 V/Surface ( 1733): nativeSetHardwareRender() : status = 0
07-05 20:35:27.329 V/Surface ( 1733): nativeSetHardwareRender() : end
07-05 20:35:27.330 D/PowerManagerService( 1733): setScreenBrightnessOverrideFromWindowManagerInternal done
07-05 20:35:27.332 D/Surface ( 1733): onStatusChange() : mNativeObject = 0 mUseImageHwRender = false
07-05 20:35:27.335 I/SurfaceView(32231): Changes: creating=true format=true size=true visible=true left=true top=true
07-05 20:35:27.338 D/Player/Player/NativePlayerUtils(32231): [TID 32263] >>checkNativePath
07-05 20:35:27.339 V/WindowManager( 1733): Adding window Window{1512393f u0 SurfaceView} at 10 of 19 (before Window{353020ae u0 com.hisense.hicloud.edca/com.hisense.tvui.newhome.HomeMainActivity})
07-05 20:35:27.340 I/SurfaceView(32231): Cur surface: Surface(name=null)/@0x1f91ed17
07-05 20:35:27.341 D/Player/Player/NativePlayerUtils(32231): [TID 32263] <<checkNativePath ret=/mnt/sdcard/qcache
07-05 20:35:27.341 D/Player/Player/NativePlayerUtils(32231): [TID 32263] >> loadWhiteListSync()
07-05 20:35:27.343 D/Surface ( 1733): onStatusChange() : mNativeObject = 547819076096 mUseImageHwRender = false
07-05 20:35:27.343 V/Surface ( 1733): nativeSetHardwareRender() : status = 0
07-05 20:35:27.343 V/Surface ( 1733): nativeSetHardwareRender() : end
07-05 20:35:27.343 D/OsdMonitorService( 1733): mCurrentWindow = com.hisense.hicloud.edca/com.hisense.tvui.newhome.HomeMainActivity; newWindow = com.hisense.hicloud.edca/com.hisense.tvui.newhome.HomeMainActivity; isSubWindow = false; isInWinList = false; isExitNow = false
07-05 20:35:27.343 D/OsdMonitorService( 1733): windowNotOsd() : name = com.hisense.hicloud.edca/com.hisense.tvui.newhome.HomeMainActivity
07-05 20:35:27.343 I/OsdMonitorService( 1733): setOsdStatus() : status will change from true to true
07-05 20:35:27.345 D/PowerManagerService( 1733): setScreenBrightnessOverrideFromWindowManagerInternal done
07-05 20:35:27.347 D/Surface ( 1733): onStatusChange() : mNativeObject = 0 mUseImageHwRender = false
07-05 20:35:27.350 I/art     (32231): Background sticky concurrent mark sweep GC freed 838(89KB) AllocSpace objects, 0(0B) LOS objects, 0% free, 32MB/32MB, paused 6.507ms total 34.070ms
07-05 20:35:27.351 D/Player/Player/NativePlayerUtils(32231): [TID 32263] isWhiteListLoaded() return false
07-05 20:35:27.351 D/Surface (32231): onStatusChange() : mNativeObject = -195827200 mUseImageHwRender = false
07-05 20:35:27.351 V/Surface (32231): nativeSetHardwareRender() : status = 0
07-05 20:35:27.351 V/SurfaceView(32231): com.hisense.hitv.carouselwidgit.view.videoview.UrlVideoView{27850eca V.E..... ......ID 0,0-816,460} got resized: w=816 h=460, cur w=-1 h=-1
07-05 20:35:27.351 V/Surface (32231): nativeSetHardwareRender() : end
07-05 20:35:27.352 I/SurfaceView(32231): New surface: Surface(name=null)/@0x1e292504, vis=true, frame=Rect(549, 205 - 1365, 665)
07-05 20:35:27.352 D/Player/Player/NativePlayerUtils(32231): [TID 32263] loadWhiteListSync(), so Path is /data/data/com.hisense.hicloud.edca/files/plugin/2.1.0.59986/pluginplayer/1.64.0.59984/pluginplayer-release-1.64.0.59984-libs/libiqiyi_media_player_whitelist.so,domian is ptqy.gitv.tv, current tried times is 0
07-05 20:35:27.352 D/Surface (32231): onStatusChange() : mNativeObject = 0 mUseImageHwRender = false
07-05 20:35:27.352 D/Surface (32231): onStatusChange() : mNativeObject = -195827200 mUseImageHwRender = false
07-05 20:35:27.352 V/Surface (32231): nativeSetHardwareRender() : status = 0
07-05 20:35:27.352 V/Surface (32231): nativeSetHardwareRender() : end
07-05 20:35:27.352 I/SurfaceView(32231): visibleChanged -- surfaceCreated
07-05 20:35:27.356 D/Carousel-UrlVideoView(32231): surfaceCreated
07-05 20:35:27.362 I/CLog    (32231): JNI_OnLoad->(cpuinfos) success!!
07-05 20:35:27.364 D/Player/Player/NativePlayerUtils(32231): [TID 32263] loadWhiteListSync(), wait load finished
07-05 20:35:27.365 I/SurfaceView(32231): surfaceChanged -- format=4 w=816 h=460
07-05 20:35:27.365 D/Carousel-UrlVideoView(32231): surfaceChanged
07-05 20:35:27.365 D/Carousel-UrlVideoView(32231): isValidState:false,hasValidSize:false
07-05 20:35:27.365 D/Carousel-UrlVideoView(32231): mVideoWidth:0,mVideoHeight:0,w:816,h:460
07-05 20:35:27.365 I/SurfaceView(32231): surfaceRedrawNeeded
07-05 20:35:27.365 I/SurfaceView(32231): finishedDrawing
07-05 20:35:27.369 D/CLog    (32231): cpuinfo_len is (370):
07-05 20:35:27.369 D/CLog    (32231): Processor	: AArch64 Processor rev 3 (aarch64)
07-05 20:35:27.369 D/CLog    (32231): processor	: 0
07-05 20:35:27.369 D/CLog    (32231): processor	: 1
07-05 20:35:27.369 D/CLog    (32231): processor	: 2
07-05 20:35:27.369 D/CLog    (32231): processor	: 3
07-05 20:35:27.369 D/CLog    (32231): Features	: fp asimd aes pmull sha1 sha2 crc32 wp half thumb fastmult vfp edsp neon vfpv3 tlsi vfpv4 idiva idivt 
07-05 20:35:27.369 D/CLog    (32231): CPU implementer	: 0x41
07-05 20:35:27.369 D/CLog    (32231): CPU architecture: 8
07-05 20:35:27.369 D/CLog    (32231): CPU variant	: 0x0
07-05 20:35:27.369 D/CLog    (32231): CPU part	: 0xd03
07-05 20:35:27.369 D/CLog    (32231): CPU revision	: 3
07-05 20:35:27.369 D/CLog    (32231): 
07-05 20:35:27.369 D/CLog    (32231): Hardware	: Muji
07-05 20:35:27.369 D/CLog    (32231): Revision	: 0000
07-05 20:35:27.369 D/CLog    (32231): Serial		: 0000000000000000
07-05 20:35:27.369 D/CLog    (32231): 
07-05 20:35:27.369 D/CLog    (32231): cpuinfo hardware is Muji
07-05 20:35:27.369 I/MiSysSrv( 1214): [37m[INFO] Change to Voltage: 117 mv (0x32)[m
07-05 20:35:27.370 D/TVWhiteList(32231): requested URL key = tv-{model-[VIDAA_TV]|cpuinfo-[Muji]}, default = tv-{cpuinfo-[Muji]}, productname-[VIDAA_TV]
07-05 20:35:27.370 D/TVWhiteList(32231): requested URL = http://puma.api.ptqy.gitv.tv/kestrel/fetch?key=tv-%7Bmodel-%5BVIDAA_TV%5D%7Ccpuinfo-%5BMuji%5D%7D&default_key=tv-%7Bcpuinfo-%5BMuji%5D%7D
07-05 20:35:27.370 D/PowerManagerService( 1733): setScreenBrightnessOverrideFromWindowManagerInternal done
07-05 20:35:27.372 D/PowerManagerService( 1733): setScreenBrightnessOverrideFromWindowManagerInternal done
07-05 20:35:27.373 V/SurfaceView(32231): Layout: x=549 y=205 w=816 h=460, frame=Rect(0, 0 - 816, 460)
07-05 20:35:27.377 D/PowerManagerService( 1733): setScreenBrightnessOverrideFromWindowManagerInternal done
07-05 20:35:27.382 D/NetworkManager(32231): [TID 32231] onReceive: intent=Intent { act=android.net.conn.CONNECTIVITY_CHANGE flg=0x10 (has extras) }, extra=Bundle[mParcelledData.dataSize=380]
07-05 20:35:27.382 D/NetworkManager(32231): [TID 32231] action=android.net.conn.CONNECTIVITY_CHANGE
07-05 20:35:27.386 D/TVWhiteList(32231): WhiteList server IP: 106.38.219.35
07-05 20:35:27.389 D/NetworkManager(32231): [TID 32373] >> getRequestTask(http://www.baidu.com)
07-05 20:35:27.391 D/NetworkManager(32231): [TID 32373] getRequestTask(http://www.baidu.com): current pool size=2, queue=[]
07-05 20:35:27.391 D/NetworkManager(32231): [TID 32231] getRealState: activeNetInfo={[type: Ethernet[], state: CONNECTED/CONNECTED, reason: (unspecified), extra: a8:a6:48:18:fc:a8, roaming: false, failover: false, isAvailable: true, isConnectedToProvisioningNetwork: false]}, isConnected=true
07-05 20:35:27.391 D/NetworkManager(32231): [TID 32231] onNetStateChanged(2)
07-05 20:35:27.391 D/NetworkManager(32231): [TID 32373] getRequestTask(http://www.baidu.com): submitted task={java.util.concurrent.FutureTask@43e43b3, 6968961}
07-05 20:35:27.395 D/NetworkManager(32231): [TID 32373] << getRequestTask(http://www.baidu.com): returned task=java.util.concurrent.FutureTask@43e43b3
07-05 20:35:27.395 D/Carousel-SimpleVideoView(32231): onReceive net connected.
07-05 20:35:27.397 I/SurfaceView(32231): Changes: creating=false format=false size=false visible=false left=false top=false
07-05 20:35:27.397 I/SurfaceView(32231): Cur surface: Surface(name=null)/@0x1f91ed17
07-05 20:35:27.401 D/NetworkManager(32231): [TID 32375] >> request(http://www.baidu.com, 6968961)
07-05 20:35:27.402 D/NetworkManager(32231): [TID 32375] request(http://www.baidu.com, 6968961): openConnection
07-05 20:35:27.404 W/System.err(32231): com.qiyi.video.api.ApiException
07-05 20:35:27.409 D/Surface ( 1733): onStatusChange() : mNativeObject = 547819076096 mUseImageHwRender = false
07-05 20:35:27.409 V/Surface ( 1733): nativeSetHardwareRender() : status = 0
07-05 20:35:27.409 V/Surface ( 1733): nativeSetHardwareRender() : end
07-05 20:35:27.410 W/System.err(32231): 	at com.qiyi.tvapi.tv2.a$3.onSuccess(SourceFile:204)
07-05 20:35:27.410 W/System.err(32231): 	at com.qiyi.video.api.a.d.b(SourceFile:105)
07-05 20:35:27.410 W/System.err(32231): 	at com.qiyi.video.api.a.d.a(SourceFile:129)
07-05 20:35:27.410 W/System.err(32231): 	at com.qiyi.tvapi.tv2.a$1.a(SourceFile:102)
07-05 20:35:27.410 W/System.err(32231): 	at com.qiyi.tvapi.tv2.b.c.a(SourceFile:155)
07-05 20:35:27.410 D/PowerManagerService( 1733): setScreenBrightnessOverrideFromWindowManagerInternal done
07-05 20:35:27.410 W/System.err(32231): 	at com.qiyi.tvapi.tv2.a.a(SourceFile:95)
07-05 20:35:27.410 W/System.err(32231): 	at com.qiyi.tvapi.tv2.a.callSync(SourceFile:54)
07-05 20:35:27.410 W/System.err(32231): 	at com.qiyi.sdk.plugin.server.upgrade.UpgradeManager.checkUpgrades(SourceFile:60)
07-05 20:35:27.410 W/System.err(32231): 	at com.qiyi.sdk.plugin.server.core.PluginHelper$TimerHandler.checkAllUpgrade(SourceFile:362)
07-05 20:35:27.410 W/System.err(32231): 	at com.qiyi.sdk.plugin.server.core.PluginHelper$TimerHandler.handleMessage(SourceFile:339)
07-05 20:35:27.410 W/System.err(32231): 	at android.os.Handler.dispatchMessage(Handler.java:102)
07-05 20:35:27.410 W/System.err(32231): 	at android.os.Looper.loop(Looper.java:135)
07-05 20:35:27.410 W/System.err(32231): 	at android.os.HandlerThread.run(HandlerThread.java:61)
07-05 20:35:27.411 W/UpgradeManager(32231): moduleUpdate() onException!! exception=com.qiyi.video.api.ApiException
07-05 20:35:27.411 I/System.out(32231): <TVAPI> ERROR(id=2, moduleUpdate, response_time = 237ms): call error. data = {"msg":"\nE000012","code":"E000012","data":[]}
07-05 20:35:27.411 W/System.err(32231): com.qiyi.video.api.ApiException
07-05 20:35:27.411 W/System.err(32231): 	at com.qiyi.tvapi.tv2.a$3.onSuccess(SourceFile:204)
07-05 20:35:27.411 W/System.err(32231): 	at com.qiyi.video.api.a.d.b(SourceFile:105)
07-05 20:35:27.411 W/System.err(32231): 	at com.qiyi.video.api.a.d.a(SourceFile:129)
07-05 20:35:27.411 W/System.err(32231): 	at com.qiyi.tvapi.tv2.a$1.a(SourceFile:102)
07-05 20:35:27.411 W/System.err(32231): 	at com.qiyi.tvapi.tv2.b.c.a(SourceFile:155)
07-05 20:35:27.411 W/System.err(32231): 	at com.qiyi.tvapi.tv2.a.a(SourceFile:95)
07-05 20:35:27.411 W/System.err(32231): 	at com.qiyi.tvapi.tv2.a.callSync(SourceFile:54)
07-05 20:35:27.411 W/System.err(32231): 	at com.qiyi.sdk.plugin.server.upgrade.UpgradeManager.checkUpgrades(SourceFile:60)
07-05 20:35:27.411 W/System.err(32231): 	at com.qiyi.sdk.plugin.server.core.PluginHelper$TimerHandler.checkAllUpgrade(SourceFile:362)
07-05 20:35:27.411 W/System.err(32231): 	at com.qiyi.sdk.plugin.server.core.PluginHelper$TimerHandler.handleMessage(SourceFile:339)
07-05 20:35:27.411 W/System.err(32231): 	at android.os.Handler.dispatchMessage(Handler.java:102)
07-05 20:35:27.411 W/System.err(32231): 	at android.os.Looper.loop(Looper.java:135)
07-05 20:35:27.411 W/System.err(32231): 	at android.os.HandlerThread.run(HandlerThread.java:61)
07-05 20:35:27.411 W/PluginHelper(32231): checkAllUpgrade>>() return true
07-05 20:35:27.411 W/StorageManager(32231): loadLastUpgradeTime<<(upgradeTime=1499258127165)
07-05 20:35:27.411 W/StorageStub@193d3924(32231): saveLastUpgradeTime<<(upgradeTime=1499258127165)
07-05 20:35:27.412 D/Surface ( 1733): onStatusChange() : mNativeObject = 0 mUseImageHwRender = false
07-05 20:35:27.412 D/Surface (32231): onStatusChange() : mNativeObject = -195843328 mUseImageHwRender = false
07-05 20:35:27.412 V/Surface (32231): nativeSetHardwareRender() : status = 0
07-05 20:35:27.412 V/Surface (32231): nativeSetHardwareRender() : end
07-05 20:35:27.412 I/SurfaceView(32231): New surface: Surface(name=null)/@0x1e292504, vis=true, frame=Rect(549, 205 - 1365, 665)
07-05 20:35:27.412 D/Surface (32231): onStatusChange() : mNativeObject = 0 mUseImageHwRender = false
07-05 20:35:27.412 D/Surface (32231): onStatusChange() : mNativeObject = -195843328 mUseImageHwRender = false
07-05 20:35:27.412 V/Surface (32231): nativeSetHardwareRender() : status = 0
07-05 20:35:27.412 V/Surface (32231): nativeSetHardwareRender() : end
07-05 20:35:27.412 I/SurfaceView(32231): surfaceRedrawNeeded
07-05 20:35:27.412 I/SurfaceView(32231): finishedDrawing
07-05 20:35:27.413 W/StorageStub@193d3924(32231): saveLastUpgradeTime>>()
07-05 20:35:27.413 W/StorageManager(32231): loadLastUpgradeTime>>()
07-05 20:35:27.413 W/PluginHelper(32231): handleMessage>>()
07-05 20:35:27.415 V/SurfaceView(32231): Layout: x=549 y=205 w=816 h=460, frame=Rect(0, 0 - 816, 460)
07-05 20:35:27.435 D/HttpHandler(32231): VerifySignInterCeptor-->request.url()=http://picture.edu.hismarttv.com/images/20170629/30%E5%A4%A9%E5%86%99%E5%87%BA%E4%B8%80%E6%89%8B%E5%A5%BD%E5%AD%9720161129021942268280.jpg
07-05 20:35:27.435 D/HttpHandler(32231): VerifySignInterCeptor-->hostname=picture.edu.hismarttv.com
07-05 20:35:27.436 D/OkHttp  (32231): --> GET http://picture.edu.hismarttv.com/images/20170629/30%E5%A4%A9%E5%86%99%E5%87%BA%E4%B8%80%E6%89%8B%E5%A5%BD%E5%AD%9720161129021942268280.jpg http/1.1
07-05 20:35:27.436 D/OkHttp  (32231): Host: picture.edu.hismarttv.com
07-05 20:35:27.436 D/OkHttp  (32231): Connection: Keep-Alive
07-05 20:35:27.436 D/OkHttp  (32231): Accept-Encoding: gzip
07-05 20:35:27.436 D/OkHttp  (32231): User-Agent: okhttp/3.6.0
07-05 20:35:27.436 D/OkHttp  (32231): --> END GET
07-05 20:35:27.442 I/TVWhiteList(32231): strRes = {"code":"A00000","default_key":"tv-{cpuinfo-[Muji]}","default_value":"","key":"tv-{model-[VIDAA_TV]|cpuinfo-[Muji]}","value":"[{\"result\": {\"vod_dolby\": -1,\"vod_h265\": -1,\"vod_h264_4k_plus\": -1,\"vod_h264_jisu_2k\": 1,\"livenet_H264_4k_plus\": -1,\"livenet_H264_jisu_2k\": 1,\"livenet_h265\": -1,\"qixiu\": 0,\"highest_bs\": 19,\"lowest_bs\": 1,\"local_server_config\": \"\", \"other\": \"\"}},{\"version\":3005,\"result\": {\"vod_dolby\": -1,\"vod_h265\": -1,\"vod_h264_4k_plus\": -1,\"vod_h264_jisu_2k\": -1,\"livenet_H264_4k_plus\": -1,\"livenet_H264_jisu_2k\": -1,\"livenet_h265\": -1,\"qixiu\": 0,\"highest_bs\": 19,\"lowest_bs\": 1,\"local_server_config\": \"\", \"other\": \"\"}},{\"version\":3008,\"result\": {\"vod_dolby\": -1,\"vod_h265\": -1,\"vod_h264_4k_plus\": -1,\"vod_h264_jisu_2k\": 1,\"livenet_H264_jisu_2k\": 1,\"qixiu\": 0,\"highest_bs\": 19,\"lowest_bs\": 1,\"local_server_config\": \"{\\\"start_mode\\\": 1}\", \"other\": \"\"}}]"}
07-05 20:35:27.445 I/TVWhiteList(32231): use white list version whitev 3000
07-05 20:35:27.445 I/TVWhiteList(32231): use white list version whitev 3005
07-05 20:35:27.445 I/TVWhiteList(32231): use white list version whitev 3008
07-05 20:35:27.457 D/Player/Player/NativePlayerUtils(32231): [TID 32371] loadWhiteListSync(), white list fetched: {"SupportDolby":false,"SupportH265":false,"Support4K":false,"SupportLive":true}
07-05 20:35:27.457 D/Player/Player/NativePlayerUtils(32231): [TID 32371] parseWhiteListJson(jsonString:{"SupportDolby":false,"SupportH265":false,"Support4K":false,"SupportLive":true})
07-05 20:35:27.457 D/Player/Player/NativePlayerUtils(32231): [TID 32371] parseWhiteListJson, normal:true,h265:false,dolby:false,bs4K:false
07-05 20:35:27.458 D/Player/Player/NativePlayerUtils(32231): [TID 32263] << loadWhiteListSync()
07-05 20:35:27.458 D/Player/Lib/Utils/PlayerDebugUtils(32231): [TID 32263] initialize, allowDebug: false
07-05 20:35:27.458 D/CLog    (32231): cpuinfo_len is (370):
07-05 20:35:27.458 D/CLog    (32231): Processor	: AArch64 Processor rev 3 (aarch64)
07-05 20:35:27.458 D/CLog    (32231): processor	: 0
07-05 20:35:27.458 D/CLog    (32231): processor	: 1
07-05 20:35:27.458 D/CLog    (32231): processor	: 2
07-05 20:35:27.458 D/CLog    (32231): processor	: 3
07-05 20:35:27.458 D/CLog    (32231): Features	: fp asimd aes pmull sha1 sha2 crc32 wp half thumb fastmult vfp edsp neon vfpv3 tlsi vfpv4 idiva idivt 
07-05 20:35:27.458 D/CLog    (32231): CPU implementer	: 0x41
07-05 20:35:27.458 D/CLog    (32231): CPU architecture: 8
07-05 20:35:27.458 D/CLog    (32231): CPU variant	: 0x0
07-05 20:35:27.458 D/CLog    (32231): CPU part	: 0xd03
07-05 20:35:27.458 D/CLog    (32231): CPU revision	: 3
07-05 20:35:27.458 D/CLog    (32231): 
07-05 20:35:27.458 D/CLog    (32231): Hardware	: Muji
07-05 20:35:27.458 D/CLog    (32231): Revision	: 0000
07-05 20:35:27.458 D/CLog    (32231): Serial		: 0000000000000000
07-05 20:35:27.458 D/CLog    (32231): 
07-05 20:35:27.458 D/CLog    (32231): cpuinfo hardware is Muji
07-05 20:35:27.459 I/TVWhiteList(32231): longyUrl = http://msg.71.am/v5/core/bmd?t=pfmc&success=1&tm1=56&bgv=3.0&tv_device=VIDAA_TV-4-Muji-22-Hisense&isadapted=1&krv=3.8.3
07-05 20:35:27.460 I/MyFragmentStateAdapter(32231): getCount
07-05 20:35:27.460 I/MyFragmentStateAdapter(32231): getCount
07-05 20:35:27.461 I/MyFragmentStateAdapter(32231): getCount
07-05 20:35:27.461 I/MyFragmentStateAdapter(32231): getCount
07-05 20:35:27.466 D/PlayerSdk/PlayerSdkProject(32231): [TID 32263] initPingback
07-05 20:35:27.466 I/MyFragmentStateAdapter(32231): getCount
07-05 20:35:27.469 I/MiSysSrv( 1214): [37m[INFO] Change to Voltage: 117 mv (0x32)[m
07-05 20:35:27.484 I/art     (32231): Background partial concurrent mark sweep GC freed 6877(896KB) AllocSpace objects, 5(9MB) LOS objects, 14% free, 22MB/26MB, paused 5.515ms total 132.444ms
07-05 20:35:27.489 D/NativeDecimalFormat(32231): NativeDecimalFormat_close print addr=4098422272
07-05 20:35:27.489 D/NativeDecimalFormat(32231): NativeDecimalFormat_close print g_addr=3997603584
07-05 20:35:27.489 D/NativeDecimalFormat(32231): NativeDecimalFormat_close print addr=4098423040
07-05 20:35:27.489 D/NativeDecimalFormat(32231): NativeDecimalFormat_close print g_addr=3997603584
07-05 20:35:27.494 I/TVWhiteList(32231): strRes = 
07-05 20:35:27.517 I/System.out(32231): <TVAPI> DEBUG(TVApiProperty): read passport-device-id=tv_69b1ef544cadbb86e8f28950ece1c76a_1167652938875
07-05 20:35:27.525 I/MyFragmentStateAdapter(32231): getCount
07-05 20:35:27.525 I/MyFragmentStateAdapter(32231): getCount
07-05 20:35:27.526 I/MyFragmentStateAdapter(32231): getCount
07-05 20:35:27.526 I/MyFragmentStateAdapter(32231): getCount
07-05 20:35:27.533 I/MyFragmentStateAdapter(32231): getCount
07-05 20:35:27.533 D/pingbacklog/getHardwareInfo(32231): getHardwareInfo: info=muji
07-05 20:35:27.534 E/NetworkManager(32231): [TID 32375] << request(http://www.baidu.com, 6968961): connect internet failed, url=http://www.baidu.com
07-05 20:35:27.537 D/pingbacklog-set(32231): QiyiPingBack2.setAnonymityId is be used, mAnonymityId = tv_69b1ef544cadbb86e8f28950ece1c76a
07-05 20:35:27.537 D/pingbacklog-set(32231): QiyiPingBack2.setPassportId is be used, UserId = null
07-05 20:35:27.539 I/MemTotal:        1958344 kB(32231): MemTotal:	
07-05 20:35:27.539 I/MemTotal:        1958344 kB(32231): 1958344	
07-05 20:35:27.539 I/MemTotal:        1958344 kB(32231): kB	
07-05 20:35:27.543 D/PlayerSdk/PlayerSdkProject(32231): [TID 32263] initPingback: domainName=ptqy.gitv.tv, ver=2.1.0.59986, uuid=20151228165619572MkCHJfWb11209, userId=null, isNewUser=true, deviceid=tv_69b1ef544cadbb86e8f28950ece1c76a_1167652938875, setAnonymityId=tv_69b1ef544cadbb86e8f28950ece1c76a
07-05 20:35:27.549 D/PlayerSdk/CheckPackageNameJob(32231): [TID 32263] SdkConfigManager.instance().getConfig() = SdkConfig@3149b023{mCustomerCode=60, mPlayerConfigType=4, mPlatformType=HAIXIN, mLoginType=SUB_ACCOUNT, mIsEnableDolby=false, mIsEnableH265=false, mIsEnable4K=true, mIsSupportYinhePingback=false, mShouldDoPlayCheck=true, mshouldGetUuidFromServer=true, mPingbackS1=2, mPingbackS2=simple_sdk, mPingbackP2=3128, mDomainName=ptqy.gitv.tv, mIsDebugVersion=false, mIsDebugVersion=false, mCustomerPackageNames=[com.hisense.hicloud.edca], mEnableSetBitstream=true}
07-05 20:35:27.553 I/TVMW@HsTvSetting( 1234): Trace cmd, data = 0x1058
07-05 20:35:27.553 D/til@system( 2026): til_get_system_param option:100002F int:0, bool:0, ret:0
07-05 20:35:27.554 I/TVMW@HsTvSetting( 1234): Trace cmd, data = 0x101f
07-05 20:35:27.554 D/til@system( 2026): til_get_system_param option:100001D int:3, bool:3, ret:0
07-05 20:35:27.554 E/til     ( 2026): [til_get_current_input_source, 101] 
07-05 20:35:27.554 I/TVMW@HsTvSetting( 1234): Trace cmd, data = 0x7007
07-05 20:35:27.554 I/tilwrapper@sm( 2026): HS2TIL_SourceType *hs=0xd, *til=0x900
07-05 20:35:27.554 D/til     ( 2026): get current source 2304
07-05 20:35:27.555 D/SourceRemoteServiceHandler( 2026): getCurrentInputSource.from.til.result is 0, value is 2304
07-05 20:35:27.555 D/SourceRemoteServiceHandler( 2026): getInputSourceType source: 0x900, type=2304
07-05 20:35:27.555 D/til     ( 2026): ###### func:til_get_picture_param option:0x3000006 ######  
07-05 20:35:27.555 I/TVMW@HsTvSetting( 1234): Trace cmd, data = 0x1003
07-05 20:35:27.555 I/TVMW@HsTvSetting( 1234): Trace cmd, data = 0x8032
07-05 20:35:27.555 I/hstvos  ( 1216): [0m[1;33m[HSHAL][HS_VIDEO][HS_HAL_Video_SetOsdDetect_v2][2389]u16Threshold = 20
07-05 20:35:27.556 I/MiSysSrv( 1214): Not support now! 42, change to mm_video!!!
07-05 20:35:27.556 D/PlayerSdk/CheckPackageNameJob@4a4762b(32231): [TID 32263] isCancelled() Job[PlayerSdk/CheckPackageNameJob@4a4762b](mState=0, mData=Object127691809, mError=null) return false
07-05 20:35:27.556 D/PlayerSdk/CheckPackageNameJob(32231): [TID 32263] onRun(), mCurrentPackageName=com.hisense.hicloud.edca, mCustomerPackageNames=511068292:[com.hisense.hicloud.edca]
07-05 20:35:27.557 D/PlayerSdk/CheckPackageNameJob@4a4762b(32231): [TID 32263] notifyJobSuccess() Job[PlayerSdk/CheckPackageNameJob@4a4762b](mState=1, mData=Object127691809, mError=null)
07-05 20:35:27.557 D/PlayerSdk/DeviceCheckTask@26499a88(32231): [TID 32263] isCancelled() Job[PlayerSdk/DeviceCheckTask@26499a88](mState=0, mData=Object689064006, mError=null) return false
07-05 20:35:27.557 D/PlayerSdk/DeviceCheckTask(32231): [TID 32263] execte.onRun: isDevChecked=false, isDeviceCheckPass=false
07-05 20:35:27.557 D/AccessToken(32231): [TID 32263] isAllowedAccess() count=0, now=1499258127557, time=1499258127557, mMaxCount = 5, duration = 600000, mAccessTime = 0, return true
07-05 20:35:27.557 D/AccessToken(32231): [TID 32263] isAllowedAccess() count=0, now=1499258127557, time=1499258127557, mMaxCount = 5, duration = 600000, mAccessTime = 0, return true
07-05 20:35:27.557 D/PlayerSdk/DeviceCheckTask(32231): [TID 32263] deviceCheck
07-05 20:35:27.557 D/PlayerSdk/DeviceCheckTask(32231): [TID 32263] deviceCheck: devCheckTest=-1
07-05 20:35:27.560 E/TVMW@videoctrl( 1234):  getOsd is 1
07-05 20:35:27.560 D/NetworkManager(32231): [TID 32373] tryConnectFirst: result=false, time consumed=171ms
07-05 20:35:27.560 D/NetworkManager(32231): [TID 32373] >> getRequestTask(http://www.qq.com)
07-05 20:35:27.562 D/NetworkManager(32231): [TID 32375] >> request(http://www.qq.com, 6969132)
07-05 20:35:27.562 I/System.out(32231): <TVAPI> DEBUG(isUpdateData): isUpdateData=devRegister-true
07-05 20:35:27.562 I/System.out(32231): <TVAPI> DEBUG(TVAPI): uuid=20151228165619572MkCHJfWb11209
07-05 20:35:27.562 I/System.out(32231): <TVAPI> DEBUG(TVAPI): version=2.1.0.59986
07-05 20:35:27.562 I/System.out(32231): <TVAPI> DEBUG(TVApiProperty): read passport-device-id=tv_69b1ef544cadbb86e8f28950ece1c76a_1167652938875
07-05 20:35:27.563 I/System.out(32231): <TVAPI> DEBUG(id=6, systemTime): url = http://pdata.video.ptqy.gitv.tv/k
07-05 20:35:27.563 I/System.out(32231): D/(load-playerplugin, CommonApi-systemTime): url=http://pdata.video.ptqy.gitv.tv/k
07-05 20:35:27.563 D/NetworkManager(32231): [TID 32375] request(http://www.qq.com, 6969132): openConnection
07-05 20:35:27.563 D/NetworkManager(32231): [TID 32373] getRequestTask(http://www.qq.com): current pool size=2, queue=[]
07-05 20:35:27.563 D/NetworkManager(32231): [TID 32373] getRequestTask(http://www.qq.com): submitted task={java.util.concurrent.FutureTask@3421d734, 6969132}
07-05 20:35:27.564 I/System.out(32231): <TVAPI> DEBUG(id=5, devRegister): url = http://data2.itv.ptqy.gitv.tv/itv/devRegister/OGFjZjgxODQ2YThhLzIwMTUxMjI4MTY1NjE5NTcyTWtDSEpmV2IxMTIwOS8yLjEuMC41OTk4Ng/39467112fe7be1432adcf86e152f4899
07-05 20:35:27.564 I/System.out(32231): <TVAPI> DEBUG(id=5, devRegister): header = qyid:tv_69b1ef544cadbb86e8f28950ece1c76a_1167652938875
07-05 20:35:27.564 I/System.out(32231): <TVAPI> DEBUG(id=5, devRegister): header = ov:5.1.1
07-05 20:35:27.564 I/System.out(32231): <TVAPI> DEBUG(id=5, devRegister): header = apkVer:2.1.0.59986
07-05 20:35:27.564 D/NetworkManager(32231): [TID 32373] << getRequestTask(http://www.qq.com): returned task=java.util.concurrent.FutureTask@3421d734
07-05 20:35:27.564 D/NetworkManager(32231): [TID 32373] >> getRequestTask(http://www.iqiyi.com)
07-05 20:35:27.566 D/til@system( 2026): til_get_system_param option:1000027 int:1, bool:1, ret:0
07-05 20:35:27.566 D/til     ( 2026): ###### func:til_get_picture_param option:0x3000045 ######  
07-05 20:35:27.567 I/TVMW@HsTvSetting( 1234): Trace cmd, data = 0x300c
07-05 20:35:27.567 I/TVMW@HsTvSetting( 1234): Trace 3d, data = 0x300c
07-05 20:35:27.567 I/TVMW@3d ( 1234): Hs_debug3d_trace: func:get3dStatus, line:109
07-05 20:35:27.570 D/NetworkManager(32231): [TID 32373] getRequestTask(http://www.iqiyi.com): current pool size=3, queue=[]
07-05 20:35:27.570 D/NetworkManager(32231): [TID 32373] getRequestTask(http://www.iqiyi.com): submitted task={java.util.concurrent.FutureTask@281aa2d2, 6969136}
07-05 20:35:27.570 D/NetworkManager(32231): [TID 32373] << getRequestTask(http://www.iqiyi.com): returned task=java.util.concurrent.FutureTask@281aa2d2
07-05 20:35:27.570 D/NetworkManager(32231): [TID 32373] >> getRequestTask(http://www.163.com)
07-05 20:35:27.571 D/NetworkManager(32231): [TID 32373] getRequestTask(http://www.163.com): current pool size=4, queue=[]
07-05 20:35:27.572 D/NetworkManager(32231): [TID 32373] getRequestTask(http://www.163.com): submitted task={java.util.concurrent.FutureTask@399f32a0, 6969142}
07-05 20:35:27.572 D/NetworkManager(32231): [TID 32373] << getRequestTask(http://www.163.com): returned task=java.util.concurrent.FutureTask@399f32a0
07-05 20:35:27.572 D/NetworkManager(32231): [TID 32373] >> getRequestTask(http://www.taobao.com)
07-05 20:35:27.572 D/NetworkManager(32231): [TID 32373] getRequestTask(http://www.taobao.com): current pool size=5, queue=[]
07-05 20:35:27.572 D/NetworkManager(32231): [TID 32373] getRequestTask(http://www.taobao.com): submitted task={java.util.concurrent.FutureTask@3dc1a1e, 6969143}
07-05 20:35:27.572 D/NetworkManager(32231): [TID 32373] << getRequestTask(http://www.taobao.com): returned task=java.util.concurrent.FutureTask@3dc1a1e
07-05 20:35:27.572 D/NetworkManager(32231): [TID 32373] >> getRequestTask(http://www.sina.com.cn)
07-05 20:35:27.573 D/NetworkManager(32231): [TID 32373] getRequestTask(http://www.sina.com.cn): current pool size=6, queue=[]
07-05 20:35:27.573 D/NetworkManager(32231): [TID 32373] getRequestTask(http://www.sina.com.cn): submitted task={java.util.concurrent.FutureTask@13d4d8cc, 6969144}
07-05 20:35:27.573 D/NetworkManager(32231): [TID 32373] << getRequestTask(http://www.sina.com.cn): returned task=java.util.concurrent.FutureTask@13d4d8cc
07-05 20:35:27.576 D/NetworkManager(32231): [TID 32386] >> request(http://www.sina.com.cn, 6969144)
07-05 20:35:27.577 D/NetworkManager(32231): [TID 32386] request(http://www.sina.com.cn, 6969144): openConnection
07-05 20:35:27.583 D/NetworkManager(32231): [TID 32385] >> request(http://www.taobao.com, 6969143)
07-05 20:35:27.584 D/NetworkManager(32231): [TID 32385] request(http://www.taobao.com, 6969143): openConnection
07-05 20:35:27.598 D/NetworkManager(32231): [TID 32384] >> request(http://www.163.com, 6969142)
07-05 20:35:27.597 D/NetworkManager(32231): [TID 32383] >> request(http://www.iqiyi.com, 6969136)
07-05 20:35:27.599 D/NetworkManager(32231): [TID 32383] request(http://www.iqiyi.com, 6969136): openConnection
07-05 20:35:27.599 D/NetworkManager(32231): [TID 32384] request(http://www.163.com, 6969142): openConnection
07-05 20:35:27.613 I/System.out(32231): <TVAPI> DEBUG(System Time): 1499258127
07-05 20:35:27.614 I/System.out(32231): <TVAPI> DEBUG(id=6, systemTime, response_time = 51ms): data = {"t":"1499258127","m":"a555f8c6140d5c2a5a19309b0d792363ee44c50ce708393e","u":"a555f8c6140d5c2a9d60fee7cc7a6a04cd209a1d88b78425","i":"220.181.109.33","k":"a555f8c6140d5c2a64285cfd1bb8a7329db42e51cb91c539"}
07-05 20:35:27.626 I/MyFragmentStateAdapter(32231): getCount
07-05 20:35:27.626 I/MyFragmentStateAdapter(32231): getCount
07-05 20:35:27.626 I/MyFragmentStateAdapter(32231): getCount
07-05 20:35:27.626 I/MyFragmentStateAdapter(32231): getCount
07-05 20:35:27.627 I/FirstLineAdapter(32231): canShowTrailer,isOffline=false
07-05 20:35:27.627 I/FirstLineAdapter(32231): canShowTrailer,isOffline=false
07-05 20:35:27.627 I/FirstLineAdapter(32231): canShowTrailer,isOffline=false
07-05 20:35:27.627 I/FirstLineAdapter(32231): canShowTrailer,isOffline=false
07-05 20:35:27.627 I/FirstLineAdapter(32231): canShowTrailer,isOffline=false
07-05 20:35:27.627 I/FirstLineAdapter(32231): canShowTrailer,isOffline=false
07-05 20:35:27.627 I/FirstLineAdapter(32231): canShowTrailer,isOffline=false
07-05 20:35:27.627 I/FirstLineAdapter(32231): canShowTrailer,isOffline=false
07-05 20:35:27.627 I/FirstLineAdapter(32231): canShowTrailer,isOffline=false
07-05 20:35:27.635 I/System.out(32231): <TVAPI> DEBUG(id=5, devRegister, response_time = 71ms): data = {"msg":"","code":"N000000","data":{"apiKey":"9e14d341281067d05d771f41454858c0","authId":1210,"flag":"","hide":"qiyicom","ip":"219.147.31.2","ipLoc":"1-48-3-6-6001-0-26","ipZh":"-----None-","kv":[{"hcdn":"hCDN"},{"homepageHot":""},{"homepageNew":""},{"ruleCode":"http://static.ptqy.gitv.tv/js/tv/app/getPlayerConfig.js","playerConfig":""},{"isShowExitAppDialog":"apk"}],"loading":"","loginTunnel":0,"resIds":[{"id":201221412,"seq":1},{"id":201713612,"seq":2},{"id":201757412,"seq":3}],"sysTime":1499255595,"tab":[],"tip":"","upgradeType":-1,"url":"","version":""}}
07-05 20:35:27.636 D/AccessToken(32231): [TID 32263] increaseAccessCount() count=1
