07-05 22:30:06.043 D/Carousel-CarouselView(31548): OnScrollStart DisplayPlayerLayout isnot shown return.
07-05 22:30:06.044 I/ContentBridgeAdapterListener(31548): onDetachedFromWindow ViewHolder{3a8e8fb8 position=0 id=-1, oldPos=-1, pLpos:-1}
07-05 22:30:06.045 V/InputMethodService( 2203): startInput(): editor=android.view.inputmethod.EditorInfo@35f25b90
07-05 22:30:06.045 V/InputMethodService( 2203): CALL: onFinishInput
07-05 22:30:06.045 E/SOGOUIME_JNI( 2203): reset
07-05 22:30:06.045 E/SOGOUIME_JNI( 2203): getCandidates
07-05 22:30:06.045 I/MyFragmentStateAdapter(31548): getCount
07-05 22:30:06.045 E/SOGOUIME_JNI( 2203): ime_get_uncommitted_length
07-05 22:30:06.045 I/MyFragmentStateAdapter(31548): getCount
07-05 22:30:06.045 E/SOGOUIME_JNI( 2203): getCandidates
07-05 22:30:06.046 D/SogouIME API( 2203): ==============num:32
07-05 22:30:06.046 I/MyFragmentStateAdapter(31548): getCount
07-05 22:30:06.046 I/MyFragmentStateAdapter(31548): getCount
07-05 22:30:06.046 E/SOGOUIME_JNI( 2203): ime_get_uncommitted_length
07-05 22:30:06.046 D/SogouIME( 2203): mFocusedComponent:30   isHkbEnable:false
07-05 22:30:06.046 E/SOGOUIME_JNI( 2203): ime_get_uncommitted_length
07-05 22:30:06.046 E/SOGOUIME_JNI( 2203): ime_get_committed_length
07-05 22:30:06.046 E/SOGOUIME_JNI( 2203): getComposingInfo
07-05 22:30:06.046 E/SOGOUIME_JNI( 2203): getComposingInfo
07-05 22:30:06.046 E/SOGOUIME_JNI( 2203): getCorrectInfo
07-05 22:30:06.046 E/SOGOUIME_JNI( 2203): getComposingInfo
07-05 22:30:06.047 V/InputMethodService( 2203): CALL: onStartInput
07-05 22:30:06.047 E/SOGOUIME_JNI( 2203): invalidateCommitWordPinyinNative
07-05 22:30:06.047 D/SogouIME( 2203): =====configKeyboard=======æ˜¯å¦æœ‰ç¡¬ä»¶ç›˜:false     ç¡¬ä»¶ç›˜æ˜¯å¦ä¸å†éšè—ï¼šfalse
07-05 22:30:06.047 E/SOGOUIME_JNI( 2203): ime_set_hard_kb_enable
07-05 22:30:06.047 D/Surface ( 1733): onStatusChange() : mNativeObject = 547819108352 mUseImageHwRender = false
07-05 22:30:06.047 V/Surface ( 1733): nativeSetHardwareRender() : status = 0
07-05 22:30:06.047 V/Surface ( 1733): nativeSetHardwareRender() : end
07-05 22:30:06.051 D/PowerManagerService( 1733): releaseWakeLockInternal: lock=487931605 [WindowManager], flags=0x0
07-05 22:30:06.051 D/PowerManagerNotifier( 1733): onWakeLockReleased: flags=536870922, tag="WindowManager", packageName=android, ownerUid=1000, ownerPid=1733, workSource=WorkSource{10010}
07-05 22:30:06.051 D/PowerManagerService( 1733): userActivityNoUpdateLocked: eventTime=13847622, event=0, flags=0x1, uid=1000
07-05 22:30:06.051 D/PowerManagerService( 1733): setScreenBrightnessOverrideFromWindowManagerInternal done
07-05 22:30:06.055 D/Surface ( 1733): onStatusChange() : mNativeObject = 0 mUseImageHwRender = false
07-05 22:30:06.056 E/MessageService(15912): MSG_PULL ... getMsg null or error
07-05 22:30:06.057 I/FirstLineAdapter(31548): canShowTrailer,isOffline=false
07-05 22:30:06.057 I/FirstLineAdapter(31548): canShowTrailer,isOffline=false
07-05 22:30:06.057 I/FirstLineAdapter(31548): canShowTrailer,isOffline=false
07-05 22:30:06.057 I/FirstLineAdapter(31548): canShowTrailer,isOffline=false
07-05 22:30:06.057 I/FirstLineAdapter(31548): canShowTrailer,isOffline=false
07-05 22:30:06.057 I/FirstLineAdapter(31548): canShowTrailer,isOffline=false
07-05 22:30:06.057 I/FirstLineAdapter(31548): canShowTrailer,isOffline=false
07-05 22:30:06.058 I/FirstLineAdapter(31548): canShowTrailer,isOffline=false
07-05 22:30:06.058 I/FirstLineAdapter(31548): canShowTrailer,isOffline=false
07-05 22:30:06.063 D/Carousel-CarouselView(31548): ============>onScrollChanged hashCode:795694989
07-05 22:30:06.063 D/Carousel-CarouselDisplayPlayerLayout(31548): isFullScreen:false
07-05 22:30:06.065 I/MyFragmentStateAdapter(31548): getCount
07-05 22:30:06.071 D/Carousel-CarouselDisplayPlayerLayout(31548): x=380, y=-185,w=892,h=536, hashCode=555149331
07-05 22:30:06.071 D/Carousel-CarouselDisplayPlayerLayout(31548): mX=380, mY=113,mWitdh=892,mHeight=536, hashCode=555149331
07-05 22:30:06.071 D/Carousel-CarouselDisplayPlayerLayout(31548): changed=true, hashCode=555149331
07-05 22:30:06.071 D/Carousel-Utils(31548): x=380,y=-185, width=892,height=536
07-05 22:30:06.071 I/MiSysSrv( 1214): [37m[INFO] Change to Voltage: 117 mv (0x32)[m
07-05 22:30:06.071 D/Carousel-CarouselView(31548): onWindowOutScreen!
07-05 22:30:06.087 D/Carousel-CarouselDisplayPlayerLayout(31548): x=380, y=-185,w=892,h=536, hashCode=555149331
07-05 22:30:06.087 D/Carousel-CarouselDisplayPlayerLayout(31548): mX=380, mY=-185,mWitdh=892,mHeight=536, hashCode=555149331
07-05 22:30:06.087 D/Carousel-CarouselDisplayPlayerLayout(31548): changed=false, hashCode=555149331
07-05 22:30:06.088 D/Carousel-CarouselDisplayPlayerLayout(31548): extraTryCount=0
07-05 22:30:06.088 D/Carousel-CarouselView(31548): setPosterAndStopPlay! hashCode=795694989, sWorkingHashCode=795694989
07-05 22:30:06.088 D/Carousel-CarouselDisplayPlayerLayout(31548): isFullScreen:false
07-05 22:30:06.088 D/Carousel-Utils(31548): displayImage view=android.widget.ImageView{3b779a90 V.ED.... ........ 0,0-816,460 #7f0d0029 app:id/imageView1}
07-05 22:30:06.088 D/Carousel-Utils(31548): displayImage url=http://picture.edu.hismarttv.com/images/20170629010146422927.jpg
07-05 22:30:06.089 D/Carousel-Utils(31548): onResourceReady.
07-05 22:30:06.090 D/Carousel-Utils(31548): displayImage view=android.widget.ImageView{74853e4 V.ED.... ......ID 0,0-816,460 #7f0d0029 app:id/imageView1}
07-05 22:30:06.090 D/Carousel-Utils(31548): displayImage url=http://picture.edu.hismarttv.com/images/20170629010146422927.jpg
07-05 22:30:06.090 D/Carousel-Utils(31548): onResourceReady.
07-05 22:30:06.090 D/Carousel-CarouselDisplayPlayerLayout(31548): isFullScreen:false
07-05 22:30:06.091 D/Carousel-CarouselDisplayPlayerLayout(31548): x=380, y=-185,w=892,h=536, hashCode=555149331
07-05 22:30:06.091 D/Carousel-CarouselDisplayPlayerLayout(31548): mX=380, mY=-185,mWitdh=892,mHeight=536, hashCode=555149331
07-05 22:30:06.091 D/Carousel-CarouselDisplayPlayerLayout(31548): changed=false, hashCode=555149331
07-05 22:30:06.091 D/Carousel-CarouselDisplayPlayerLayout(31548): extraTryCount=1
07-05 22:30:06.162 D/HttpHandler(31548): VerifySignInterCeptor-->request.url()=http://picture.edu.hismarttv.com/images/20170628233246121281.jpg
07-05 22:30:06.162 D/HttpHandler(31548): VerifySignInterCeptor-->hostname=picture.edu.hismarttv.com
07-05 22:30:06.163 D/OkHttp  (31548): --> GET http://picture.edu.hismarttv.com/images/20170628233246121281.jpg http/1.1
07-05 22:30:06.163 D/OkHttp  (31548): Host: picture.edu.hismarttv.com
07-05 22:30:06.163 D/OkHttp  (31548): Connection: Keep-Alive
07-05 22:30:06.163 D/OkHttp  (31548): Accept-Encoding: gzip
07-05 22:30:06.163 D/OkHttp  (31548): User-Agent: okhttp/3.6.0
07-05 22:30:06.163 D/OkHttp  (31548): --> END GET
07-05 22:30:06.165 D/CardItemView(31548): handleFocus subtile===>:
07-05 22:30:06.165 D/HttpHandler(31548): VerifySignInterCeptor-->request.url()=http://picture.edu.hismarttv.com/images/20170629/20161111081033896636.jpg
07-05 22:30:06.165 D/HttpHandler(31548): VerifySignInterCeptor-->hostname=picture.edu.hismarttv.com
07-05 22:30:06.166 I/NetflixMonitorService( 1733): current fgapk : com.hisense.hicloud.edca
07-05 22:30:06.166 I/NetflixMonitorService( 1733): Netflix status unchanged
07-05 22:30:06.166 D/HttpHandler(31548): VerifySignInterCeptor-->request.url()=http://picture.edu.hismarttv.com/images/20170628233313068112.jpg
07-05 22:30:06.166 D/HttpHandler(31548): VerifySignInterCeptor-->hostname=picture.edu.hismarttv.com
07-05 22:30:06.167 I/MyFragmentStateAdapter(31548): getCount
07-05 22:30:06.167 I/MyFragmentStateAdapter(31548): getCount
07-05 22:30:06.167 I/MyFragmentStateAdapter(31548): getCount
07-05 22:30:06.167 I/MyFragmentStateAdapter(31548): getCount
07-05 22:30:06.168 D/OkHttp  (31548): --> GET http://picture.edu.hismarttv.com/images/20170628233313068112.jpg http/1.1
07-05 22:30:06.168 D/OkHttp  (31548): Host: picture.edu.hismarttv.com
07-05 22:30:06.168 D/OkHttp  (31548): Connection: Keep-Alive
07-05 22:30:06.168 D/OkHttp  (31548): Accept-Encoding: gzip
07-05 22:30:06.168 D/OkHttp  (31548): User-Agent: okhttp/3.6.0
07-05 22:30:06.168 D/OkHttp  (31548): --> END GET
07-05 22:30:06.168 I/FirstLineAdapter(31548): canShowTrailer,isOffline=false
07-05 22:30:06.168 I/FirstLineAdapter(31548): canShowTrailer,isOffline=false
07-05 22:30:06.169 I/MiSysSrv( 1214): [37m[INFO] Change to Voltage: 112 mv (0x2D)[m
07-05 22:30:06.169 D/HttpHandler(31548): VerifySignInterCeptor-->request.url()=http://picture.edu.hismarttv.com/images/20170629/%E6%B3%A1%E6%B3%A1%E8%8B%B1%E8%AF%AD.jpg
07-05 22:30:06.169 D/HttpHandler(31548): VerifySignInterCeptor-->hostname=picture.edu.hismarttv.com
07-05 22:30:06.169 I/FirstLineAdapter(31548): canShowTrailer,isOffline=false
07-05 22:30:06.169 I/FirstLineAdapter(31548): canShowTrailer,isOffline=false
07-05 22:30:06.172 D/OkHttp  (31548): --> GET http://picture.edu.hismarttv.com/images/20170629/%E6%B3%A1%E6%B3%A1%E8%8B%B1%E8%AF%AD.jpg http/1.1
07-05 22:30:06.172 D/OkHttp  (31548): Host: picture.edu.hismarttv.com
07-05 22:30:06.172 D/OkHttp  (31548): Connection: Keep-Alive
07-05 22:30:06.172 D/OkHttp  (31548): Accept-Encoding: gzip
07-05 22:30:06.172 D/OkHttp  (31548): User-Agent: okhttp/3.6.0
07-05 22:30:06.172 D/OkHttp  (31548): --> END GET
07-05 22:30:06.172 D/OkHttp  (31548): --> GET http://picture.edu.hismarttv.com/images/20170629/20161111081033896636.jpg http/1.1
07-05 22:30:06.173 D/OkHttp  (31548): Host: picture.edu.hismarttv.com
07-05 22:30:06.173 D/OkHttp  (31548): Connection: Keep-Alive
07-05 22:30:06.173 D/OkHttp  (31548): Accept-Encoding: gzip
07-05 22:30:06.173 D/OkHttp  (31548): User-Agent: okhttp/3.6.0
07-05 22:30:06.173 D/OkHttp  (31548): --> END GET
07-05 22:30:06.178 D/OkHttp  (31548): <-- 200 OK http://picture.edu.hismarttv.com/images/20170628233246121281.jpg (15ms)
07-05 22:30:06.179 D/OkHttp  (31548): Date: Mon, 03 Jul 2017 06:47:00 GMT
07-05 22:30:06.179 D/OkHttp  (31548): Server: nginx
07-05 22:30:06.179 D/OkHttp  (31548): Content-Type: image/jpeg
07-05 22:30:06.179 D/OkHttp  (31548): Content-Length: 50603
07-05 22:30:06.179 D/OkHttp  (31548): Last-Modified: Wed, 28 Jun 2017 23:32:46 GMT
07-05 22:30:06.179 D/OkHttp  (31548): ETag: "59543c9e-c5ab"
07-05 22:30:06.179 D/OkHttp  (31548): Accept-Ranges: bytes
07-05 22:30:06.179 D/OkHttp  (31548): Age: 200586
07-05 22:30:06.179 D/OkHttp  (31548): Via: 1.1 zhiwtong176:0 (Cdn Cache Server V2.0)[71 200 0], 1.1 dezhou35:2 (Cdn Cache Server V2.0)[0 200 0]
07-05 22:30:06.179 D/OkHttp  (31548): Connection: keep-alive
07-05 22:30:06.179 D/OkHttp  (31548): <-- END HTTP
07-05 22:30:06.183 D/OkHttp  (31548): <-- 200 OK http://picture.edu.hismarttv.com/images/20170629/%E6%B3%A1%E6%B3%A1%E8%8B%B1%E8%AF%AD.jpg (11ms)
07-05 22:30:06.183 D/OkHttp  (31548): Date: Mon, 03 Jul 2017 11:52:43 GMT
07-05 22:30:06.183 D/OkHttp  (31548): Server: nginx
07-05 22:30:06.183 D/OkHttp  (31548): Content-Type: image/jpeg
07-05 22:30:06.183 D/OkHttp  (31548): Content-Length: 121122
07-05 22:30:06.183 D/OkHttp  (31548): Last-Modified: Fri, 09 Jun 2017 14:51:42 GMT
07-05 22:30:06.183 D/OkHttp  (31548): ETag: "593ab5fe-1d922"
07-05 22:30:06.183 D/OkHttp  (31548): Accept-Ranges: bytes
07-05 22:30:06.183 D/OkHttp  (31548): Age: 182243
07-05 22:30:06.183 D/OkHttp  (31548): Via: 1.1 pingwangtong47:0 (Cdn Cache Server V2.0)[0 200 0], 1.1 nwangtong98:8 (Cdn Cache Server V2.0)[0 200 0]
07-05 22:30:06.183 D/OkHttp  (31548): Connection: keep-alive
07-05 22:30:06.183 D/OkHttp  (31548): <-- END HTTP
07-05 22:30:06.190 D/HttpHandler(31548): RetryIntercepter-->retryNum=0
07-05 22:30:06.190 D/HttpHandler(31548): RetryIntercepter-->backoffmutiplier=0
07-05 22:30:06.190 D/HttpHandler(31548): RetryIntercepter-->retryNum=0
07-05 22:30:06.190 D/HttpHandler(31548): RetryIntercepter-->backoffmutiplier=0
07-05 22:30:06.193 D/OkHttp  (31548): <-- 200 OK http://picture.edu.hismarttv.com/images/20170628233313068112.jpg (25ms)
07-05 22:30:06.193 D/OkHttp  (31548): Date: Mon, 03 Jul 2017 06:47:00 GMT
07-05 22:30:06.193 D/OkHttp  (31548): Server: nginx
07-05 22:30:06.193 D/OkHttp  (31548): Content-Type: image/jpeg
07-05 22:30:06.193 D/OkHttp  (31548): Content-Length: 61038
07-05 22:30:06.193 D/OkHttp  (31548): Last-Modified: Wed, 28 Jun 2017 23:33:13 GMT
07-05 22:30:06.193 D/OkHttp  (31548): ETag: "59543cb9-ee6e"
07-05 22:30:06.193 D/OkHttp  (31548): Accept-Ranges: bytes
07-05 22:30:06.193 D/OkHttp  (31548): Age: 200586
07-05 22:30:06.193 D/OkHttp  (31548): Via: 1.1 jnwt244:1 (Cdn Cache Server V2.0)[17 200 0], 1.1 dezhou35:8 (Cdn Cache Server V2.0)[0 200 0]
07-05 22:30:06.193 D/OkHttp  (31548): Connection: keep-alive
07-05 22:30:06.193 D/OkHttp  (31548): <-- END HTTP
07-05 22:30:06.195 D/HttpHandler(31548): RetryIntercepter-->retryNum=0
07-05 22:30:06.195 D/HttpHandler(31548): RetryIntercepter-->backoffmutiplier=0
07-05 22:30:06.197 D/OkHttp  (31548): <-- 200 OK http://picture.edu.hismarttv.com/images/20170629/20161111081033896636.jpg (23ms)
07-05 22:30:06.197 D/OkHttp  (31548): Date: Mon, 03 Jul 2017 11:52:43 GMT
07-05 22:30:06.197 D/OkHttp  (31548): Server: nginx
07-05 22:30:06.197 D/OkHttp  (31548): Content-Type: image/jpeg
07-05 22:30:06.197 D/OkHttp  (31548): Content-Length: 94994
07-05 22:30:06.197 D/OkHttp  (31548): Last-Modified: Fri, 09 Jun 2017 14:48:34 GMT
07-05 22:30:06.197 D/OkHttp  (31548): ETag: "593ab542-17312"
07-05 22:30:06.197 D/OkHttp  (31548): Accept-Ranges: bytes
07-05 22:30:06.197 D/OkHttp  (31548): Age: 182243
07-05 22:30:06.197 D/OkHttp  (31548): Via: 1.1 shzh54:2 (Cdn Cache Server V2.0)[15 200 0], 1.1 nwangtong98:3 (Cdn Cache Server V2.0)[0 200 0]
07-05 22:30:06.197 D/OkHttp  (31548): Connection: keep-alive
07-05 22:30:06.197 D/OkHttp  (31548): <-- END HTTP
07-05 22:30:06.198 D/HttpHandler(31548): RetryIntercepter-->retryNum=0
07-05 22:30:06.198 D/HttpHandler(31548): RetryIntercepter-->backoffmutiplier=0
07-05 22:30:06.200 I/FirstLineAdapter(31548): canShowTrailer,isOffline=false
07-05 22:30:06.200 I/FirstLineAdapter(31548): canShowTrailer,isOffline=false
07-05 22:30:06.200 I/FirstLineAdapter(31548): canShowTrailer,isOffline=false
07-05 22:30:06.200 I/FirstLineAdapter(31548): canShowTrailer,isOffline=false
07-05 22:30:06.200 I/FirstLineAdapter(31548): canShowTrailer,isOffline=false
07-05 22:30:06.206 I/MyFragmentStateAdapter(31548): getCount
07-05 22:30:06.209 D/Carousel-CarouselDisplayPlayerLayout(31548): x=380, y=-185,w=892,h=536, hashCode=555149331
07-05 22:30:06.209 D/Carousel-CarouselDisplayPlayerLayout(31548): mX=380, mY=-185,mWitdh=892,mHeight=536, hashCode=555149331
07-05 22:30:06.209 D/Carousel-CarouselDisplayPlayerLayout(31548): changed=false, hashCode=555149331
07-05 22:30:06.209 D/Carousel-CarouselDisplayPlayerLayout(31548): extraTryCount=2
07-05 22:30:06.209 D/Carousel-CarouselDisplayPlayerLayout(31548): x=380, y=-185,w=892,h=536, hashCode=555149331
07-05 22:30:06.209 D/Carousel-CarouselDisplayPlayerLayout(31548): mX=380, mY=-185,mWitdh=892,mHeight=536, hashCode=555149331
07-05 22:30:06.209 D/Carousel-CarouselDisplayPlayerLayout(31548): changed=false, hashCode=555149331
07-05 22:30:06.209 D/Carousel-CarouselDisplayPlayerLayout(31548): extraTryCount=3
07-05 22:30:06.218 I/TVMW@HsTvSetting( 1234): Trace cmd, data = 0x1058
07-05 22:30:06.219 D/til@system( 2026): til_get_system_param option:100002F int:0, bool:0, ret:0
07-05 22:30:06.221 I/TVMW@HsTvSetting( 1234): Trace cmd, data = 0x101f
07-05 22:30:06.224 D/Carousel-CarouselDisplayPlayerLayout(31548): x=380, y=-185,w=892,h=536, hashCode=555149331
07-05 22:30:06.224 D/Carousel-CarouselDisplayPlayerLayout(31548): mX=380, mY=-185,mWitdh=892,mHeight=536, hashCode=555149331
07-05 22:30:06.224 D/Carousel-CarouselDisplayPlayerLayout(31548): changed=false, hashCode=555149331
07-05 22:30:06.224 D/Carousel-CarouselDisplayPlayerLayout(31548): extraTryCount=4
07-05 22:30:06.225 D/Carousel-CarouselDisplayPlayerLayout(31548): x=380, y=-185,w=892,h=536, hashCode=555149331
07-05 22:30:06.225 D/Carousel-CarouselDisplayPlayerLayout(31548): mX=380, mY=-185,mWitdh=892,mHeight=536, hashCode=555149331
07-05 22:30:06.225 D/Carousel-CarouselDisplayPlayerLayout(31548): changed=false, hashCode=555149331
07-05 22:30:06.225 D/Carousel-CarouselDisplayPlayerLayout(31548): extraTryCount=5
07-05 22:30:06.233 D/til@system( 2026): til_get_system_param option:100001D int:3, bool:3, ret:0
07-05 22:30:06.233 E/til     ( 2026): [til_get_current_input_source, 101] 
07-05 22:30:06.233 I/TVMW@HsTvSetting( 1234): Trace cmd, data = 0x7007
07-05 22:30:06.234 I/tilwrapper@sm( 2026): HS2TIL_SourceType *hs=0xd, *til=0x900
07-05 22:30:06.234 D/til     ( 2026): get current source 2304
07-05 22:30:06.234 D/SourceRemoteServiceHandler( 2026): getCurrentInputSource.from.til.result is 0, value is 2304
07-05 22:30:06.234 D/SourceRemoteServiceHandler( 2026): getInputSourceType source: 0x900, type=2304
07-05 22:30:06.234 D/til     ( 2026): ###### func:til_get_picture_param option:0x3000006 ######  
07-05 22:30:06.235 I/TVMW@HsTvSetting( 1234): Trace cmd, data = 0x1003
07-05 22:30:06.236 D/Carousel-CarouselDisplayPlayerLayout(31548): x=380, y=-185,w=892,h=536, hashCode=555149331
07-05 22:30:06.236 D/Carousel-CarouselDisplayPlayerLayout(31548): mX=380, mY=-185,mWitdh=892,mHeight=536, hashCode=555149331
07-05 22:30:06.236 D/Carousel-CarouselDisplayPlayerLayout(31548): changed=false, hashCode=555149331
07-05 22:30:06.236 D/Carousel-CarouselDisplayPlayerLayout(31548): extraTryCount=6
07-05 22:30:06.236 D/Carousel-CarouselDisplayPlayerLayout(31548): x=380, y=-185,w=892,h=536, hashCode=555149331
07-05 22:30:06.236 D/Carousel-CarouselDisplayPlayerLayout(31548): mX=380, mY=-185,mWitdh=892,mHeight=536, hashCode=555149331
07-05 22:30:06.236 D/Carousel-CarouselDisplayPlayerLayout(31548): changed=false, hashCode=555149331
07-05 22:30:06.236 D/Carousel-CarouselDisplayPlayerLayout(31548): extraTryCount=7
07-05 22:30:06.238 I/TVMW@HsTvSetting( 1234): Trace cmd, data = 0x8032
07-05 22:30:06.239 I/hstvos  ( 1216): [0m[1;33m[HSHAL][HS_VIDEO][HS_HAL_Video_SetOsdDetect_v2][2389]u16Threshold = 20
07-05 22:30:06.241 E/TVMW@videoctrl( 1234):  getOsd is 1
07-05 22:30:06.242 D/til@system( 2026): til_get_system_param option:1000027 int:1, bool:1, ret:0
07-05 22:30:06.243 D/til     ( 2026): ###### func:til_get_picture_param option:0x3000045 ######  
07-05 22:30:06.244 I/TVMW@HsTvSetting( 1234): Trace cmd, data = 0x300c
07-05 22:30:06.244 I/TVMW@HsTvSetting( 1234): Trace 3d, data = 0x300c
07-05 22:30:06.244 I/TVMW@3d ( 1234): Hs_debug3d_trace: func:get3dStatus, line:109
07-05 22:30:06.248 D/Carousel-CarouselDisplayPlayerLayout(31548): x=380, y=-185,w=892,h=536, hashCode=555149331
07-05 22:30:06.248 D/Carousel-CarouselDisplayPlayerLayout(31548): mX=380, mY=-185,mWitdh=892,mHeight=536, hashCode=555149331
07-05 22:30:06.248 D/Carousel-CarouselDisplayPlayerLayout(31548): changed=false, hashCode=555149331
07-05 22:30:06.248 D/Carousel-CarouselDisplayPlayerLayout(31548): extraTryCount=8
07-05 22:30:06.248 D/Carousel-CarouselDisplayPlayerLayout(31548): x=380, y=-185,w=892,h=536, hashCode=555149331
07-05 22:30:06.248 D/Carousel-CarouselDisplayPlayerLayout(31548): mX=380, mY=-185,mWitdh=892,mHeight=536, hashCode=555149331
07-05 22:30:06.248 D/Carousel-CarouselDisplayPlayerLayout(31548): changed=false, hashCode=555149331
07-05 22:30:06.248 D/Carousel-CarouselDisplayPlayerLayout(31548): extraTryCount=9
07-05 22:30:06.271 I/MiSysSrv( 1214): [37m[INFO] Change to Voltage: 117 mv (0x32)[m
07-05 22:30:06.279 I/art     (31548): Background sticky concurrent mark sweep GC freed 33615(1586KB) AllocSpace objects, 0(0B) LOS objects, 3% free, 35MB/36MB, paused 10.924ms total 106.087ms
07-05 22:30:06.281 D/Carousel-CarouselDisplayPlayerLayout(31548): x=380, y=-185,w=892,h=536, hashCode=555149331
07-05 22:30:06.281 D/Carousel-CarouselDisplayPlayerLayout(31548): mX=380, mY=-185,mWitdh=892,mHeight=536, hashCode=555149331
07-05 22:30:06.281 D/Carousel-CarouselDisplayPlayerLayout(31548): changed=false, hashCode=555149331
07-05 22:30:06.281 D/Carousel-CarouselDisplayPlayerLayout(31548): isFullScreen:false
07-05 22:30:06.281 D/Carousel-CarouselView(31548): ===========>mDisplayPlayerLayout.getVisibility()=8
07-05 22:30:06.281 D/Carousel-CarouselView(31548): OnScrollEnd Visibility is gone return.
07-05 22:30:06.315 I/TVMW@devctrl( 1234): wdt
07-05 22:30:06.362 D/HttpHandler(31548): VerifySignInterCeptor-->request.url()=http://picture.edu.hismarttv.com/images/20170630060711088714.jpg
07-05 22:30:06.362 D/HttpHandler(31548): VerifySignInterCeptor-->hostname=picture.edu.hismarttv.com
07-05 22:30:06.364 D/OkHttp  (31548): --> GET http://picture.edu.hismarttv.com/images/20170630060711088714.jpg http/1.1
07-05 22:30:06.364 D/OkHttp  (31548): Host: picture.edu.hismarttv.com
07-05 22:30:06.364 D/OkHttp  (31548): Connection: Keep-Alive
07-05 22:30:06.364 D/OkHttp  (31548): Accept-Encoding: gzip
07-05 22:30:06.364 D/OkHttp  (31548): User-Agent: okhttp/3.6.0
07-05 22:30:06.364 D/OkHttp  (31548): --> END GET
07-05 22:30:06.374 D/HttpHandler(31548): VerifySignInterCeptor-->request.url()=http://picture.edu.hismarttv.com/images/20170630060938851994.jpg
07-05 22:30:06.374 D/HttpHandler(31548): VerifySignInterCeptor-->hostname=picture.edu.hismarttv.com
07-05 22:30:06.375 I/MyFragmentStateAdapter(31548): getCount
07-05 22:30:06.375 I/MyFragmentStateAdapter(31548): getCount
07-05 22:30:06.375 I/MyFragmentStateAdapter(31548): getCount
07-05 22:30:06.375 I/MyFragmentStateAdapter(31548): getCount
07-05 22:30:06.384 D/OkHttp  (31548): <-- 200 OK http://picture.edu.hismarttv.com/images/20170630060711088714.jpg (19ms)
07-05 22:30:06.385 D/OkHttp  (31548): Date: Mon, 03 Jul 2017 06:47:00 GMT
07-05 22:30:06.385 D/OkHttp  (31548): Server: nginx
07-05 22:30:06.385 D/OkHttp  (31548): Content-Type: image/jpeg
07-05 22:30:06.385 D/OkHttp  (31548): Content-Length: 150566
07-05 22:30:06.385 D/OkHttp  (31548): Last-Modified: Fri, 30 Jun 2017 06:07:11 GMT
07-05 22:30:06.385 D/OkHttp  (31548): ETag: "5955ea8f-24c26"
07-05 22:30:06.385 D/OkHttp  (31548): Accept-Ranges: bytes
07-05 22:30:06.385 D/OkHttp  (31548): Age: 200586
07-05 22:30:06.385 D/OkHttp  (31548): Via: 1.1 jn239:0 (Cdn Cache Server V2.0)[45 200 0], 1.1 dezhou35:0 (Cdn Cache Server V2.0)[0 200 0]
07-05 22:30:06.385 D/OkHttp  (31548): Connection: keep-alive
07-05 22:30:06.385 D/OkHttp  (31548): <-- END HTTP
07-05 22:30:06.392 I/MyFragmentStateAdapter(31548): getCount
07-05 22:30:06.396 I/MyFragmentStateAdapter(31548): getCount
07-05 22:30:06.396 I/MyFragmentStateAdapter(31548): getCount
07-05 22:30:06.396 I/MyFragmentStateAdapter(31548): getCount
07-05 22:30:06.396 I/MyFragmentStateAdapter(31548): getCount
07-05 22:30:06.405 D/OkHttp  (31548): --> GET http://picture.edu.hismarttv.com/images/20170630060938851994.jpg http/1.1
07-05 22:30:06.405 D/OkHttp  (31548): Host: picture.edu.hismarttv.com
07-05 22:30:06.405 D/OkHttp  (31548): Connection: Keep-Alive
07-05 22:30:06.405 D/OkHttp  (31548): Accept-Encoding: gzip
07-05 22:30:06.405 D/OkHttp  (31548): User-Agent: okhttp/3.6.0
07-05 22:30:06.405 D/OkHttp  (31548): --> END GET
07-05 22:30:06.406 I/MyFragmentStateAdapter(31548): getCount
07-05 22:30:06.411 D/HttpHandler(31548): RetryIntercepter-->retryNum=0
07-05 22:30:06.411 D/HttpHandler(31548): RetryIntercepter-->backoffmutiplier=0
07-05 22:30:06.412 D/Carousel-CarouselVideoViewImpl(31548): stopPlay.
07-05 22:30:06.417 V/MediaPlayer-JNI(31548): isPlaying: 1
07-05 22:30:06.418 D/Carousel-UrlVideoView(31548): isInPlaybackState=true
07-05 22:30:06.418 D/Carousel-UrlVideoView(31548): mCurrentState=3
07-05 22:30:06.421 V/MediaPlayer-JNI(31548): getCurrentPosition: 5709 (msec)
07-05 22:30:06.421 D/Carousel-CarouselVideoViewImpl(31548): position=5709
07-05 22:30:06.421 V/MediaPlayer-JNI(31548): stop
07-05 22:30:06.422 D/NuPlayerDriver( 1206): stop(0xf40ac520)   mState:5
07-05 22:30:06.434 V/MediaPlayer-JNI(31548): release
07-05 22:30:06.435 D/NuPlayerDriver( 1206): reset(0xf40ac520)  mState:8
07-05 22:30:06.435 V/NuPlayer( 1206): NuPlayer::resetAsync ---- Enter ...
07-05 22:30:06.435 W/FFmpegExtractor( 1206): rv_read_frame ret: [-1011]
07-05 22:30:06.435 D/MediaHTTPConnection(31548): teardownConnection
07-05 22:30:06.443 W/MediaHTTPConnection(31548): teardownConnection catch android.os.NetworkOnMainThreadException
07-05 22:30:06.445 V/NuPlayer( 1206): kWhatReset  mCanReset:1
07-05 22:30:06.445 V/NuPlayer( 1206): performDecoderFlush audio=2, video=2
07-05 22:30:06.445 V/NuPlayer( 1206): [audio] flushDecoder needShutdown=1
07-05 22:30:06.445 V/NuPlayer( 1206): [video] flushDecoder needShutdown=1
07-05 22:30:06.445 V/NuPlayer( 1206): postponing action mFlushingAudio=2, mFlushingVideo=2
07-05 22:30:06.445 I/MS_OMX_BASEPORT( 1206): [OMX.MS.AVC.Decoder]MS_OMX_FlushPort: 0
07-05 22:30:06.445 D/MSTAR_VDEC_API( 1206): [0] Flush: Begin (0)
07-05 22:30:06.447 V/NuPlayer( 1206): renderer audio flush completed.
07-05 22:30:06.447 V/NuPlayer( 1206): renderer video flush completed.
07-05 22:30:06.448 V/NuPlayer( 1206): decoder audio flush completed
07-05 22:30:06.448 V/NuPlayer( 1206): initiating audio decoder shutdown
07-05 22:30:06.448 D/NuPlayer( 1206): rrrr audio decoder executing, canreset set true
07-05 22:30:06.448 D/MSTAR_VDEC_API( 1206): [0] Flush: OK
07-05 22:30:06.448 I/MS_OMX_BASEPORT( 1206): [OMX.MS.AVC.Decoder]MS_OMX_FlushPort: 1
07-05 22:30:06.451 W/MediaHTTPConnection(31548): readAt 18618036 / 32768 => -1004, java.io.IOException: BufferedInputStream is closed
07-05 22:30:06.454 D/MediaCodec( 1206): MediaCodec::~MediaCodec ---- Enter  mState:0
07-05 22:30:06.455 V/NuPlayer( 1206): audio shutdown completed
07-05 22:30:06.456 V/NuPlayer( 1206): decoder video flush completed
07-05 22:30:06.456 V/NuPlayer( 1206): initiating video decoder shutdown
07-05 22:30:06.456 I/MS_OMX_BASEPORT( 1206): [OMX.MS.AVC.Decoder]MS_OMX_FlushPort: 0
07-05 22:30:06.456 D/MSTAR_VDEC_API( 1206): [0] Flush: Begin (0)
07-05 22:30:06.457 D/OkHttp  (31548): <-- 200 OK http://picture.edu.hismarttv.com/images/20170630060938851994.jpg (49ms)
07-05 22:30:06.457 D/OkHttp  (31548): Date: Mon, 03 Jul 2017 03:17:37 GMT
07-05 22:30:06.459 D/MSTAR_VDEC_API( 1206): [0] Flush: OK
07-05 22:30:06.459 I/MS_OMX_BASEPORT( 1206): [OMX.MS.AVC.Decoder]MS_OMX_FlushPort: 1
07-05 22:30:06.459 I/MS_OMX_VDEC( 1206): [OMX.MS.AVC.Decoder]MS_OMX_OutputBufferProcess: in pause state , waiting for resume...
07-05 22:30:06.459 I/MS_OMX_VDEC( 1206): [OMX.MS.AVC.Decoder]MS_OMX_OutputBufferProcess: ...resumed
07-05 22:30:06.459 I/MS_OMX_VDEC( 1206): [OMX.MS.AVC.Decoder]MS_OMX_OutputBufferProcess: in pause state , waiting for resume...
07-05 22:30:06.461 D/MS_OMX_VDEC( 1206): Free pBuffer[0]: 0xba003000
07-05 22:30:06.461 I/MS_OMX_VDEC( 1206): [OMX.MS.AVC.Decoder]MS_OMX_OutputBufferProcess: ...resumed
07-05 22:30:06.461 D/MS_OMX_VDEC( 1206): Free pBuffer[0]: 0xbac03000
07-05 22:30:06.461 D/MSTAR_VDEC_API( 1206): [0] Flush: Begin (0)
07-05 22:30:06.462 D/MS_OMX_VDEC( 1206): Free pBuffer[0]: 0xba403000
07-05 22:30:06.462 D/MS_OMX_VDEC( 1206): Free pBuffer[0]: 0xbc46b000
07-05 22:30:06.462 D/MS_OMX_VDEC( 1206): Free pBuffer[0]: 0xbb475000
07-05 22:30:06.463 D/MSTAR_VDEC_API( 1206): [0] Flush: OK
07-05 22:30:06.468 E/audio_hw_primary( 1206): out_get_latency ret 10ms
07-05 22:30:06.473 D/gralloc ( 1204): allocate buffer from ION HEAP 0x1
07-05 22:30:06.473 D/gralloc ( 1204): allocate memory from system heap
07-05 22:30:06.475 D/OkHttp  (31548): Server: nginx
07-05 22:30:06.475 D/OkHttp  (31548): Content-Type: image/jpeg
07-05 22:30:06.475 D/OkHttp  (31548): Content-Length: 84036
07-05 22:30:06.475 D/OkHttp  (31548): Last-Modified: Fri, 30 Jun 2017 06:09:38 GMT
07-05 22:30:06.475 D/OkHttp  (31548): ETag: "5955eb22-14844"
07-05 22:30:06.475 D/OkHttp  (31548): Accept-Ranges: bytes
07-05 22:30:06.475 D/OkHttp  (31548): Age: 213149
07-05 22:30:06.475 D/OkHttp  (31548): Via: 1.1 pingwangtong50:6 (Cdn Cache Server V2.0)[21 200 0], 1.1 dezhou37:3 (Cdn Cache Server V2.0)[0 200 0]
07-05 22:30:06.477 D/gralloc ( 1204): allocate buffer from ION HEAP 0x1
07-05 22:30:06.477 D/gralloc ( 1204): allocate memory from system heap
07-05 22:30:06.478 W/MediaHTTP( 1206): hitting MediaHTTP readAt n < 0 numBytesRead= 5812
07-05 22:30:06.478 I/NuCachedSource2( 1206): caching reached eos.
07-05 22:30:06.480 E/audio_hw_primary( 1206): out_get_latency ret 10ms
07-05 22:30:06.480 E/audio_hw_primary( 1206): out_get_latency ret 10ms
07-05 22:30:06.481 D/PowerManagerService( 1733): updateWakeLockWorkSourceInternal: lock=934478083 [AudioMix], ws=null
07-05 22:30:06.481 D/PowerManagerNotifier( 1733): onWakeLockReleased: flags=1, tag="AudioMix", packageName=media, ownerUid=1013, ownerPid=0, workSource=WorkSource{10010}
07-05 22:30:06.481 D/PowerManagerNotifier( 1733): onWakeLockAcquired: flags=1, tag="AudioMix", packageName=media, ownerUid=1013, ownerPid=0, workSource=null
07-05 22:30:06.475 D/OkHttp  (31548): Connection: keep-alive
07-05 22:30:06.491 V/AudioPolicyManager( 1206): stopOutput() output 2, stream 3, session 498
07-05 22:30:06.491 V/AudioPolicyManager( 1206): setBeaconMute(1) mBeaconMuteRefCount=0 mBeaconPlayingRefCount=0
07-05 22:30:06.491 V/AudioPolicyManager( 1206): changeRefCount() stream 3, count 0
07-05 22:30:06.491 V/AudioPolicyManager( 1206): getNewOutputDevice() selected device 0
07-05 22:30:06.491 V/AudioPolicyManager( 1206): setOutputDevice() output 2 device 0000 delayMs 20
07-05 22:30:06.491 V/AudioPolicyManager( 1206): setOutputDevice() prevDevice 0002
07-05 22:30:06.491 V/AudioPolicyManager( 1206): DeviceVector::getDevice() for type 00008000 address 0 found 0x0
07-05 22:30:06.491 V/AudioPolicyManager( 1206): DeviceVector::getDevice() for type 00008000 address 0 found 0x0
07-05 22:30:06.491 V/AudioPolicyManager( 1206): DeviceVector::getDevice() for type 00008000 address 0 found 0x0
07-05 22:30:06.491 V/AudioPolicyManager( 1206): DeviceVector::getDevice() for type 00008000 address 0 found 0x0
07-05 22:30:06.491 V/AudioPolicyManager( 1206): DeviceVector::getDevice() for type 00008000 address 0 found 0x0
07-05 22:30:06.491 V/AudioPolicyManager( 1206): DeviceVector::getDevice() for type 00008000 address 0 found 0x0
07-05 22:30:06.491 V/AudioPolicyManager( 1206): DeviceVector::getDevice() for type 00008000 address 0 found 0x0
07-05 22:30:06.492 V/AudioPolicyManager( 1206): setOutputDevice() setting same device 0000 or null device for output 2
07-05 22:30:06.492 V/AudioPolicyManager( 1206): DeviceVector::getDevice() for type 00008000 address 0 found 0x0
07-05 22:30:06.492 V/AudioPolicyManager( 1206): DeviceVector::getDevice() for type 00008000 address 0 found 0x0
07-05 22:30:06.492 V/AudioPolicyManager( 1206): DeviceVector::getDevice() for type 00008000 address 0 found 0x0
07-05 22:30:06.492 V/AudioPolicyManager( 1206): DeviceVector::getDevice() for type 00008000 address 0 found 0x0
07-05 22:30:06.492 V/AudioPolicyManager( 1206): DeviceVector::getDevice() for type 00008000 address 0 found 0x0
07-05 22:30:06.492 V/AudioPolicyManager( 1206): DeviceVector::getDevice() for type 00008000 address 0 found 0x0
07-05 22:30:06.492 V/AudioPolicyManager( 1206): DeviceVector::getDevice() for type 00008000 address 0 found 0x0
07-05 22:30:06.492 V/AudioPolicyManager( 1206): DeviceVector::getDevice() for type 00008000 address 0 found 0x0
07-05 22:30:06.493 D/OkHttp  (31548): <-- END HTTP
07-05 22:30:06.496 D/hwcomposer( 1204): Overlay[0], bInUsed = 0, bIsForceClose = 0
07-05 22:30:06.497 D/vsyncbridge( 1204): [0] handle_thread thread got msg 0x1, mState = 3
07-05 22:30:06.497 D/vsyncbridge( 1204): Overlay 0 state change from 3 to 0
07-05 22:30:06.497 D/vsyncbridge( 1204): Remove Overlay 0
07-05 22:30:06.497 I/SurfaceFlinger( 1204): the layer SurfaceView is used to close xc and zorder is smallerest! clear region
07-05 22:30:06.507 I/MiSysSrv( 1214): [leon.luo]EnableVideoMute = 1,enColor = 5
07-05 22:30:06.513 D/HttpHandler(31548): RetryIntercepter-->retryNum=0
07-05 22:30:06.513 D/HttpHandler(31548): RetryIntercepter-->backoffmutiplier=0
07-05 22:30:06.513 D/        ( 1206): [VDEC][0]MApi_CMA_Pool_PutMem0 in vdec: cmaFreeParam.pool_handle_id=13, cmaFreeParam.offset_in_pool=1000000, cmaFreeParam.length=8200000
07-05 22:30:06.513 I/MSTAR_VDEC_API( 1206): stored streamId: 0:4040
07-05 22:30:06.513 I/MSTAR_VDEC_API( 1206): remove StreamId: 0x4040
07-05 22:30:06.515 D/MSTAR_VDEC_API( 1206): [0] MsVdecClose OK
07-05 22:30:06.517 D/MediaCodec( 1206): MediaCodec::~MediaCodec ---- Enter  mState:0
07-05 22:30:06.517 V/NuPlayer( 1206): video shutdown completed
07-05 22:30:06.518 V/NuPlayer( 1206): both audio and video are flushed now.
07-05 22:30:06.518 V/NuPlayer( 1206): performReset start pthread_id:d783d500
07-05 22:30:06.518 V/RMClient( 1206): #309:RMClient::returnAllResourcesAsync
07-05 22:30:06.518 V/RMClient( 1206): #309:onMessageReceived cret
07-05 22:30:06.518 V/RMClient( 1206): #309:kWhatCmdReturnAllResources
07-05 22:30:06.518 V/RMClient( 1206): #309:Done
07-05 22:30:06.520 V/RMAllocator( 1198): Deallocating resources for #309
07-05 22:30:06.520 V/RMAllocator( 1198): ~ClientInfo
07-05 22:30:06.520 I/RMAllocator( 1198): ~ClientInfo this=2378256800,mRMClient=2378240320. id=309
07-05 22:30:06.520 W/RMAllocator( 1198): returnAllResourcesFor: not registered, nothing to do
07-05 22:30:06.522 V/RMClient( 1206): #309:handleEvent lret
07-05 22:30:06.522 V/RMClient( 1206): #309:onMessageReceived lret
07-05 22:30:06.522 V/RMClient( 1206): #309:kWhatAllResourcesReturned
07-05 22:30:06.522 I/NuPlayer( 1206): NuPlayerRMClientListener::handleAllResourcesReturned
07-05 22:30:06.522 V/NuPlayer( 1206): [handleAllResourcesReturned-3223]
07-05 22:30:06.522 I/GenericSource( 1206): stop
07-05 22:30:06.522 V/RMClient( 1206): #309:Done
07-05 22:30:06.523 D/hwcomposer( 1204): lastVideoPlanes is dirty
07-05 22:30:06.523 I/SurfaceFlinger( 1204): the layer SurfaceView is used to close xc and zorder is smallerest! clear region
07-05 22:30:06.535 I/FFmpegExtractor( 1206): reader thread goto end...
07-05 22:30:06.535 I/FFmpegExtractor( 1206): stream_component_close ---- streamIndex: 0
07-05 22:30:06.541 I/MiSysSrv( 1214): Not support now! 42, change to mm_video!!!
07-05 22:30:06.541 I/MiSysSrv( 1214): [XC,SetWindow][MApi_XC_SetDynamicScaling_U2,  342] It's dynamic scaling case(0,0,0)
07-05 22:30:06.541 I/MiSysSrv( 1214): [XC,SetWindow][MHAL_SC_Set_DynamicScaling,  522] [MHAL_SC_Set_DynamicScaling,  522] [DS] u8MIU_Select:0  
07-05 22:30:06.541 I/MiSysSrv( 1214): [XC,SetWindow][MHAL_SC_Set_DynamicScaling,  523] [MHAL_SC_Set_DynamicScaling,  523] [DS] bOP_On:0  bIPS_On:0 bIPM_On:0  
07-05 22:30:06.549 I/FFmpegExtractor( 1206): stream_component_close ---- streamIndex: 1
07-05 22:30:06.554 I/FFmpegExtractor( 1206): stream_component_close ---- streamIndex: -1
07-05 22:30:06.555 I/FFMPEG  ( 1206): [AVIOContext @ 0xb8bfe840] Statistics: 18477674 bytes read, 0 seeks
07-05 22:30:06.556 I/MiSysSrv( 1214): [XC,SetWindow][MHAL_SC_Set_DynamicScaling,  557] [MHAL_SC_Set_DynamicScaling,  557] [DS] u32DynamicScalingBaseAddr:0  u8DynamicScalingIndexDepth:0 u32DynamicScalingBufSize:0   
07-05 22:30:06.558 D/FFmpegExtractor( 1206): Reader thread stopped
07-05 22:30:06.559 D/FFmpegExtractor( 1206): Reader thread have been stopped
07-05 22:30:06.561 D/NuPlayerDriver( 1206): notifyResetComplete(0xf40ac520) mState:7
07-05 22:30:06.561 V/NuPlayer( 1206): performReset end pthread_id:d783d500
07-05 22:30:06.569 D/HttpHandler(31548): VerifySignInterCeptor-->request.url()=http://picture.edu.hismarttv.com/images/20170629/%E5%A4%9A%E7%91%9E%E5%84%BF%E6%AD%8C.jpg
07-05 22:30:06.569 D/HttpHandler(31548): VerifySignInterCeptor-->hostname=picture.edu.hismarttv.com
07-05 22:30:06.571 D/OkHttp  (31548): --> GET http://picture.edu.hismarttv.com/images/20170629/%E5%A4%9A%E7%91%9E%E5%84%BF%E6%AD%8C.jpg http/1.1
07-05 22:30:06.571 D/OkHttp  (31548): Host: picture.edu.hismarttv.com
07-05 22:30:06.571 D/OkHttp  (31548): Connection: Keep-Alive
07-05 22:30:06.571 D/OkHttp  (31548): Accept-Encoding: gzip
07-05 22:30:06.571 D/OkHttp  (31548): User-Agent: okhttp/3.6.0
07-05 22:30:06.571 D/OkHttp  (31548): --> END GET
07-05 22:30:06.581 D/HttpHandler(31548): VerifySignInterCeptor-->request.url()=http://picture.edu.hismarttv.com/images/20170630060641226550.jpg
07-05 22:30:06.581 D/HttpHandler(31548): VerifySignInterCeptor-->hostname=picture.edu.hismarttv.com
07-05 22:30:06.582 D/OkHttp  (31548): --> GET http://picture.edu.hismarttv.com/images/20170630060641226550.jpg http/1.1
07-05 22:30:06.582 D/OkHttp  (31548): Host: picture.edu.hismarttv.com
07-05 22:30:06.582 D/OkHttp  (31548): Connection: Keep-Alive
07-05 22:30:06.582 D/OkHttp  (31548): Accept-Encoding: gzip
07-05 22:30:06.582 D/OkHttp  (31548): User-Agent: okhttp/3.6.0
07-05 22:30:06.582 D/OkHttp  (31548): --> END GET
07-05 22:30:06.583 D/HttpHandler(31548): VerifySignInterCeptor-->request.url()=http://picture.edu.hismarttv.com/images/20170630035014817721.jpg
07-05 22:30:06.583 D/HttpHandler(31548): VerifySignInterCeptor-->hostname=picture.edu.hismarttv.com
07-05 22:30:06.584 D/OkHttp  (31548): --> GET http://picture.edu.hismarttv.com/images/20170630035014817721.jpg http/1.1
07-05 22:30:06.584 D/OkHttp  (31548): Host: picture.edu.hismarttv.com
07-05 22:30:06.584 D/OkHttp  (31548): Connection: Keep-Alive
07-05 22:30:06.584 D/OkHttp  (31548): Accept-Encoding: gzip
07-05 22:30:06.584 D/OkHttp  (31548): User-Agent: okhttp/3.6.0
07-05 22:30:06.584 D/OkHttp  (31548): --> END GET
07-05 22:30:06.587 D/OkHttp  (31548): <-- 200 OK http://picture.edu.hismarttv.com/images/20170629/%E5%A4%9A%E7%91%9E%E5%84%BF%E6%AD%8C.jpg (15ms)
07-05 22:30:06.587 D/OkHttp  (31548): Date: Mon, 03 Jul 2017 06:47:00 GMT
07-05 22:30:06.587 D/OkHttp  (31548): Server: nginx
07-05 22:30:06.587 D/OkHttp  (31548): Content-Type: image/jpeg
07-05 22:30:06.587 D/OkHttp  (31548): Content-Length: 197050
07-05 22:30:06.587 D/OkHttp  (31548): Last-Modified: Fri, 09 Jun 2017 14:50:58 GMT
07-05 22:30:06.587 D/OkHttp  (31548): ETag: "593ab5d2-301ba"
07-05 22:30:06.587 D/OkHttp  (31548): Accept-Ranges: bytes
07-05 22:30:06.587 D/OkHttp  (31548): Age: 200586
07-05 22:30:06.587 D/OkHttp  (31548): Via: 1.1 wangt170:7 (Cdn Cache Server V2.0)[19 200 0], 1.1 dezhou37:4 (Cdn Cache Server V2.0)[0 200 0]
07-05 22:30:06.587 D/OkHttp  (31548): Connection: keep-alive
07-05 22:30:06.587 D/OkHttp  (31548): <-- END HTTP
07-05 22:30:06.590 I/MiSysSrv( 1214): Obtain XC engine fail
07-05 22:30:06.590 D/vsyncbridge( 1204): void Wrapper_disconnect(int) @ line: 776: Enter Stop ds.
07-05 22:30:06.590 D/vsyncbridge( 1204): [0] is to deinit
07-05 22:30:06.591 I/MiSysSrv( 1214): [mapi_video_base@Line 1385] Finalize:1385 Video Finalize : Win[0], Source[34]
07-05 22:30:06.591 I/MiSysSrv( 1214): [XC,LPLL][MDrv_XC_SetFreeRunTiming, 4950] SetFreeRunTiming: Disable FPLL and Clear FSM to Idle state
07-05 22:30:06.591 I/MiSysSrv( 1214): [XC,LPLL][MDrv_SC_set_fpll,  976] MDrv_SC_set_fpll(0,0)
07-05 22:30:06.591 I/MiSysSrv( 1214): [XC,LPLL][MDrv_SC_set_fpll,  977] u32OrigLPLL = 1745d1
07-05 22:30:06.591 I/MiSysSrv( 1214): [XC,LPLL][MDrv_SC_set_fpll, 1002] u32OrigLPLL = 1745d1, L_BK_LPLL(0x0F) = 1745d1
07-05 22:30:06.591 I/MiSysSrv( 1214): [XC,LPLL][_MApi_XC_FPLL_EnableLcokFreqOnly, 3150] [_MApi_XC_FPLL_EnableLcokFreqOnly][3150]feature is 0
07-05 22:30:06.592 D/HttpHandler(31548): RetryIntercepter-->retryNum=0
07-05 22:30:06.592 D/HttpHandler(31548): RetryIntercepter-->backoffmutiplier=0
07-05 22:30:06.594 D/OkHttp  (31548): <-- 200 OK http://picture.edu.hismarttv.com/images/20170630060641226550.jpg (11ms)
07-05 22:30:06.594 D/OkHttp  (31548): Date: Mon, 03 Jul 2017 06:46:59 GMT
07-05 22:30:06.594 D/OkHttp  (31548): Server: nginx
07-05 22:30:06.594 D/OkHttp  (31548): Content-Type: image/jpeg
07-05 22:30:06.594 D/OkHttp  (31548): Content-Length: 121881
07-05 22:30:06.594 D/OkHttp  (31548): Last-Modified: Fri, 30 Jun 2017 06:06:41 GMT
07-05 22:30:06.594 D/OkHttp  (31548): ETag: "5955ea71-1dc19"
07-05 22:30:06.594 D/OkHttp  (31548): Accept-Ranges: bytes
07-05 22:30:06.594 D/OkHttp  (31548): Age: 200584
07-05 22:30:06.594 D/OkHttp  (31548): Via: 1.1 wangt170:6 (Cdn Cache Server V2.0)[20 200 0], 1.1 dezhou34:0 (Cdn Cache Server V2.0)[0 200 0]
07-05 22:30:06.594 D/OkHttp  (31548): Connection: keep-alive
07-05 22:30:06.594 D/OkHttp  (31548): <-- END HTTP
07-05 22:30:06.596 D/HttpHandler(31548): RetryIntercepter-->retryNum=0
07-05 22:30:06.596 D/HttpHandler(31548): RetryIntercepter-->backoffmutiplier=0
07-05 22:30:06.597 D/OkHttp  (31548): <-- 200 OK http://picture.edu.hismarttv.com/images/20170630035014817721.jpg (12ms)
07-05 22:30:06.597 D/OkHttp  (31548): Date: Mon, 03 Jul 2017 11:52:44 GMT
07-05 22:30:06.597 D/OkHttp  (31548): Server: nginx
07-05 22:30:06.597 D/OkHttp  (31548): Content-Type: image/jpeg
07-05 22:30:06.597 D/OkHttp  (31548): Content-Length: 108221
07-05 22:30:06.597 D/OkHttp  (31548): Last-Modified: Fri, 30 Jun 2017 03:50:14 GMT
07-05 22:30:06.597 D/OkHttp  (31548): ETag: "5955ca76-1a6bd"
07-05 22:30:06.597 D/OkHttp  (31548): Accept-Ranges: bytes
07-05 22:30:06.597 D/OkHttp  (31548): Age: 182242
07-05 22:30:06.597 D/OkHttp  (31548): Via: 1.1 hewangtong169:9 (Cdn Cache Server V2.0)[0 200 0], 1.1 nwangtong95:6 (Cdn Cache Server V2.0)[0 200 0]
07-05 22:30:06.597 D/OkHttp  (31548): Connection: keep-alive
07-05 22:30:06.597 D/OkHttp  (31548): <-- END HTTP
07-05 22:30:06.602 D/HttpHandler(31548): RetryIntercepter-->retryNum=0
07-05 22:30:06.602 D/HttpHandler(31548): RetryIntercepter-->backoffmutiplier=0
07-05 22:30:06.602 D/HttpHandler(31548): VerifySignInterCeptor-->request.url()=http://picture.edu.hismarttv.com/images/
07-05 22:30:06.602 D/HttpHandler(31548): VerifySignInterCeptor-->hostname=picture.edu.hismarttv.com
07-05 22:30:06.604 D/OkHttp  (31548): --> GET http://picture.edu.hismarttv.com/images/ http/1.1
07-05 22:30:06.604 D/OkHttp  (31548): Host: picture.edu.hismarttv.com
07-05 22:30:06.604 D/OkHttp  (31548): Connection: Keep-Alive
07-05 22:30:06.604 D/OkHttp  (31548): Accept-Encoding: gzip
07-05 22:30:06.604 D/OkHttp  (31548): User-Agent: okhttp/3.6.0
07-05 22:30:06.604 D/OkHttp  (31548): --> END GET
07-05 22:30:06.624 I/MiSysSrv( 1214): Unknow Input Type 
07-05 22:30:06.627 D/vsyncbridge( 1204): hVdecHandle[enWin] = 32381730
07-05 22:30:06.628 I/MiVideoService( 1465): impl handle 0x86001b22 closed!
07-05 22:30:06.628 D/vsyncbridge( 1204): all deinit!!!
07-05 22:30:06.629 E/MiDispoutService( 1465): MiDispoutClose, 352, RES Handle = 10944512 
07-05 22:30:06.651 V/RMClient( 1204): #165:RMClient::returnAllResourcesAsync
07-05 22:30:06.651 V/RMClient( 1204): #165:onMessageReceived cret
07-05 22:30:06.651 V/RMClient( 1204): #165:kWhatCmdReturnAllResources
07-05 22:30:06.652 V/RMClient( 1204): #165:Done
07-05 22:30:06.652 V/RMAllocator( 1198): Deallocating resources for #165
07-05 22:30:06.652 V/RMAllocator( 1198): ~ClientInfo
07-05 22:30:06.652 I/RMAllocator( 1198): ~ClientInfo this=2378256992,mRMClient=2382853376. id=165
07-05 22:30:06.652 W/RMAllocator( 1198): returnAllResourcesFor: not registered, nothing to do
07-05 22:30:06.652 V/RMClient( 1204): #165:handleEvent lret
07-05 22:30:06.652 V/RMClient( 1204): #165:onMessageReceived lret
07-05 22:30:06.652 V/RMClient( 1204): #165:kWhatAllResourcesReturned
07-05 22:30:06.652 D/vsyncbridge( 1204): handleAllResourcesReturned mOverlayID=0
07-05 22:30:06.652 V/RMClient( 1204): #165:Done
07-05 22:30:06.664 E/BufferQueueProducer( 1204): [SurfaceView] disconnect(P): connected to another API (cur=0 req=3)
07-05 22:30:06.666 W/MediaPlayerService( 1206): native_window_api_disconnect returned an error: Invalid argument (-22)
07-05 22:30:06.667 V/NuPlayer( 1206): NuPlayer::~NuPlayer ---- Enter ...
07-05 22:30:06.667 V/RMClient( 1206): #309:~RMClient
07-05 22:30:06.667 V/RMClient( 1206): #309:RMClient::returnAllResourcesAsync
07-05 22:30:06.668 I/NuPlayer( 1206): NuPlayerRMClientListener::~NuPlayerRMClientListener
07-05 22:30:06.668 V/RMClientListener( 1206): ~RMClientListener
07-05 22:30:06.669 I/MiSysSrv( 1214): [37m[INFO] Change to Voltage: 117 mv (0x32)[m
07-05 22:30:06.670 V/AudioFlinger( 1206): releasing 498 from 31548 for -1
07-05 22:30:06.670 V/AudioFlinger( 1206):  decremented refcount to 1
07-05 22:30:06.670 V/AudioFlinger( 1206): removeClient_l() pid 1206, calling pid 1206
07-05 22:30:06.670 V/AudioPolicyManager( 1206): releaseOutput() 2
07-05 22:30:06.670 V/AudioFlinger( 1206): releasing 498 from 1206 for 31548
07-05 22:30:06.670 V/AudioFlinger( 1206):  decremented refcount to 0
07-05 22:30:06.670 V/AudioFlinger( 1206): purging stale effects
07-05 22:30:06.671 D/Carousel-log_video-(31548): onStopPlay!
07-05 22:30:06.671 D/Carousel-log_video-(31548): submitPlayStopLog mLogPlayState:2
07-05 22:30:06.671 D/Carousel-log_video-(31548): reportCarouselPlayLog play stop.
07-05 22:30:06.672 D/Carousel-log_video-(31548): ==Play stoped log from bufferend:stop,normal,duration:8555
07-05 22:30:06.672 D/Carousel-log_(31548): ===(Main-Video-278002)-{srccolumnid=3, eventType=278, srcgroupid=10001, appversionname=2.0.0.6, srctabid=0, duration=8555, license=hisense, eventcode=278002, deviceid=86100300900000500000060a4818fca8, mediaid=351, eventPos=002, sessionid=5b9a34dc583a4a548ab50c133b259900, srcpackagename=com.hisense.hicloud.edca, subscriberid=13287129, playactionuuid=6b39bc53-3955-4cf8-afae-ecc8ffc8db94, version=2.1, devicemsg=LED50MU8600UC0000888, isall=0, customerid=7195320, srcrowid=0, srceventcode=280000}
07-05 22:30:06.678 W/MediaPlayer(31548): mediaplayer went away with unhandled events
07-05 22:30:06.679 W/System.err(31548): java.net.ConnectException: failed to connect to /10.18.210.112 (port 8900) after 6000ms: isConnected failed: ECONNREFUSED (Connection refused)
07-05 22:30:06.679 W/System.err(31548): 	at libcore.io.IoBridge.isConnected(IoBridge.java:238)
07-05 22:30:06.679 W/System.err(31548): 	at libcore.io.IoBridge.connectErrno(IoBridge.java:171)
07-05 22:30:06.679 W/System.err(31548): 	at libcore.io.IoBridge.connect(IoBridge.java:122)
07-05 22:30:06.679 W/System.err(31548): 	at java.net.PlainSocketImpl.connect(PlainSocketImpl.java:183)
07-05 22:30:06.679 W/System.err(31548): 	at java.net.PlainSocketImpl.connect(PlainSocketImpl.java:456)
07-05 22:30:06.679 W/System.err(31548): 	at java.net.Socket.connect(Socket.java:882)
07-05 22:30:06.679 W/System.err(31548): 	at com.android.okhttp.internal.Platform.connectSocket(Platform.java:174)
07-05 22:30:06.679 W/System.err(31548): 	at com.android.okhttp.Connection.connect(Connection.java:152)
07-05 22:30:06.679 W/System.err(31548): 	at com.android.okhttp.internal.http.HttpEngine.connect(HttpEngine.java:276)
07-05 22:30:06.679 W/System.err(31548): 	at com.android.okhttp.internal.http.HttpEngine.sendRequest(HttpEngine.java:211)
07-05 22:30:06.679 W/System.err(31548): 	at com.android.okhttp.internal.http.HttpURLConnectionImpl.execute(HttpURLConnectionImpl.java:382)
07-05 22:30:06.679 W/System.err(31548): 	at com.android.okhttp.internal.http.HttpURLConnectionImpl.connect(HttpURLConnectionImpl.java:106)
07-05 22:30:06.679 W/System.err(31548): 	at com.hisense.hitv.hicloud.util.ExceptionReport.a(ExceptionReport.java:337)
07-05 22:30:06.679 W/System.err(31548): 	at com.hisense.hitv.hicloud.util.ExceptionReport.a(ExceptionReport.java:39)
07-05 22:30:06.679 W/System.err(31548): 	at com.hisense.hitv.hicloud.util.ExceptionReport$1.run(ExceptionReport.java:83)
07-05 22:30:06.679 W/System.err(31548): 	at java.lang.Thread.run(Thread.java:818)
07-05 22:30:06.679 W/System.err(31548): Caused by: android.system.ErrnoException: isConnected failed: ECONNREFUSED (Connection refused)
07-05 22:30:06.680 W/System.err(31548): 	at libcore.io.IoBridge.isConnected(IoBridge.java:223)
07-05 22:30:06.680 W/System.err(31548): 	... 15 more
07-05 22:30:06.690 I/SurfaceFlinger( 1204): the layer SurfaceView is used to close xc and zorder is smallerest! clear region
07-05 22:30:06.691 I/MyFragmentStateAdapter(31548): getCount
07-05 22:30:06.691 I/MyFragmentStateAdapter(31548): getCount
07-05 22:30:06.691 I/MyFragmentStateAdapter(31548): getCount
07-05 22:30:06.691 I/MyFragmentStateAdapter(31548): getCount
07-05 22:30:06.701 I/MyFragmentStateAdapter(31548): getCount
07-05 22:30:06.707 I/MyFragmentStateAdapter(31548): getCount
07-05 22:30:06.707 I/MyFragmentStateAdapter(31548): getCount
07-05 22:30:06.707 I/MyFragmentStateAdapter(31548): getCount
07-05 22:30:06.707 I/MyFragmentStateAdapter(31548): getCount
07-05 22:30:06.715 D/OkHttp  (31548): <-- 403 Forbidden http://picture.edu.hismarttv.com/images/ (110ms)
07-05 22:30:06.715 D/OkHttp  (31548): Date: Wed, 05 Jul 2017 14:30:06 GMT
07-05 22:30:06.715 D/OkHttp  (31548): Server: nginx
07-05 22:30:06.715 D/OkHttp  (31548): Content-Type: text/html; charset=UTF-8
07-05 22:30:06.715 D/OkHttp  (31548): Content-Length: 162
07-05 22:30:06.715 D/OkHttp  (31548): Via: 1.1 shuozhou56:0 (Cdn Cache Server V2.0)[49 403 2], 1.1 anwangtong96:0 (Cdn Cache Server V2.0)[91 403 2]
07-05 22:30:06.715 D/OkHttp  (31548): Connection: close
07-05 22:30:06.715 D/OkHttp  (31548): <-- END HTTP
07-05 22:30:06.715 D/HttpHandler(31548): RetryIntercepter-->retryNum=0
07-05 22:30:06.715 D/HttpHandler(31548): RetryIntercepter-->backoffmutiplier=0
07-05 22:30:06.716 I/MyFragmentStateAdapter(31548): getCount
07-05 22:30:06.726 I/SurfaceFlinger( 1204): the layer SurfaceView is used to close xc and zorder is smallerest! clear region
07-05 22:30:06.728 I/MyFragmentStateAdapter(31548): getCount
07-05 22:30:06.741 I/SurfaceFlinger( 1204): the layer SurfaceView is used to close xc and zorder is smallerest! clear region
