07-05 20:37:31.308 D/OkHttp  (  848): User-Agent: okhttp/3.6.0
07-05 20:37:31.308 D/OkHttp  (  848): --> END GET
07-05 20:37:31.323 D/GlobalInputEventMonitoringService( 1733): interceptKeyBeforeQueueing(), event:22, mNeedMonitorKeyEvent:true, mWaitForKeyUpEvent:false
07-05 20:37:31.323 D/GlobalInputEventMonitoringService( 1733): processKeyEvent(), processKeyEvent event:22
07-05 20:37:31.323 D/WindowManager( 1733): interceptKeyTq keycode=22 interactive=true keyguardActive=false policyFlags=2b000000 isCancled= false
07-05 20:37:31.323 D/WindowManager( 1733): interceptKeyTi keyCode=22 down=false repeatCount=0 keyguardOn=false mHomePressed=false canceled=false
07-05 20:37:31.324 D/WindowManager( 1733): Hisense systemkey event: 22
07-05 20:37:31.324 D/HisenseGlobalKeyManager( 1733): handleGlobalKey() : Global event = KeyEvent { action=ACTION_UP, keyCode=KEYCODE_DPAD_RIGHT, scanCode=0, metaState=0, flags=0x0, repeatCount=0, eventTime=7092688, downTime=7092688, deviceId=-1, source=0x101 }
07-05 20:37:31.326 I/MyFragmentStateAdapter(  848): getCount
07-05 20:37:31.335 D/OkHttp  (  848): <-- 200 OK http://picture.edu.hismarttv.com/images/20170628121925625089.png (26ms)
07-05 20:37:31.335 D/OkHttp  (  848): Date: Tue, 04 Jul 2017 02:31:48 GMT
07-05 20:37:31.335 D/OkHttp  (  848): Server: nginx
07-05 20:37:31.335 D/OkHttp  (  848): Content-Type: image/png
07-05 20:37:31.335 D/OkHttp  (  848): Content-Length: 3689
07-05 20:37:31.335 D/OkHttp  (  848): Last-Modified: Wed, 28 Jun 2017 12:19:25 GMT
07-05 20:37:31.335 D/OkHttp  (  848): ETag: "59539ecd-e69"
07-05 20:37:31.335 D/OkHttp  (  848): Accept-Ranges: bytes
07-05 20:37:31.335 D/OkHttp  (  848): Age: 122743
07-05 20:37:31.335 D/OkHttp  (  848): Via: 1.1 jnwt241:0 (Cdn Cache Server V2.0)[0 200 0], 1.1 t86:5 (Cdn Cache Server V2.0)[0 200 0]
07-05 20:37:31.335 D/OkHttp  (  848): Connection: keep-alive
07-05 20:37:31.335 D/OkHttp  (  848): <-- END HTTP
07-05 20:37:31.385 D/TabView (  848): 
07-05 20:37:31.389 D/TabView (  848): 
07-05 20:37:31.390 D/TabView (  848): 
07-05 20:37:31.391 D/TabView (  848): 
07-05 20:37:31.392 D/TabView (  848): 
07-05 20:37:31.393 D/TabView (  848): 
07-05 20:37:31.394 D/HttpHandler(  848): RetryIntercepter-->retryNum=0
07-05 20:37:31.394 D/HttpHandler(  848): RetryIntercepter-->backoffmutiplier=0
07-05 20:37:31.394 D/TabView (  848): 
07-05 20:37:31.397 D/TabView (  848): 
07-05 20:37:31.405 D/TabView (  848): 
07-05 20:37:31.405 D/HttpHandler(  848): VerifySignInterCeptor-->request.url()=http://picture.edu.hismarttv.com/images/20170628111818312641.png
07-05 20:37:31.407 D/HttpHandler(  848): VerifySignInterCeptor-->request.url()=http://picture.edu.hismarttv.com/images/20170628111917742483.png
07-05 20:37:31.407 D/HttpHandler(  848): VerifySignInterCeptor-->hostname=picture.edu.hismarttv.com
07-05 20:37:31.409 D/TabView (  848): 
07-05 20:37:31.411 D/HttpHandler(  848): VerifySignInterCeptor-->hostname=picture.edu.hismarttv.com
07-05 20:37:31.413 D/HttpHandler(  848): RetryIntercepter-->retryNum=0
07-05 20:37:31.413 D/HttpHandler(  848): RetryIntercepter-->backoffmutiplier=0
07-05 20:37:31.413 D/TabView (  848): 
07-05 20:37:31.430 D/OkHttp  (  848): --> GET http://picture.edu.hismarttv.com/images/20170628111818312641.png http/1.1
07-05 20:37:31.430 D/OkHttp  (  848): Host: picture.edu.hismarttv.com
07-05 20:37:31.430 D/OkHttp  (  848): Connection: Keep-Alive
07-05 20:37:31.430 D/OkHttp  (  848): Accept-Encoding: gzip
07-05 20:37:31.430 D/OkHttp  (  848): User-Agent: okhttp/3.6.0
07-05 20:37:31.430 D/OkHttp  (  848): --> END GET
07-05 20:37:31.431 D/OkHttp  (  848): <-- HTTP FAILED: java.io.InterruptedIOException: thread interrupted
07-05 20:37:31.431 D/HttpHandler(  848): RetryIntercepter-->retryNum=0
07-05 20:37:31.431 D/HttpHandler(  848): RetryIntercepter-->backoffmutiplier=0
07-05 20:37:31.432 D/TabView (  848): 
07-05 20:37:31.433 D/TabView (  848): 
07-05 20:37:31.446 D/TabView (  848): 
07-05 20:37:31.447 D/TabView (  848): 
07-05 20:37:31.449 D/TabView (  848): 
07-05 20:37:31.449 I/MyFragmentStateAdapter(  848): getCount
07-05 20:37:31.449 I/MyFragmentStateAdapter(  848): getCount
07-05 20:37:31.450 D/TabView (  848): 
07-05 20:37:31.452 D/TabView (  848): 
07-05 20:37:31.454 D/TabView (  848): 
07-05 20:37:31.455 D/TabView (  848): 
07-05 20:37:31.459 D/TabView (  848): 
07-05 20:37:31.460 D/TabView (  848): 
07-05 20:37:31.464 D/TabView (  848): 
07-05 20:37:31.465 D/TabView (  848): 
07-05 20:37:31.466 D/TabView (  848): 
07-05 20:37:31.467 D/TabView (  848): 
07-05 20:37:31.468 D/TabView (  848): 
07-05 20:37:31.470 I/art     (  848): Background sticky concurrent mark sweep GC freed 33636(1516KB) AllocSpace objects, 0(0B) LOS objects, 3% free, 35MB/37MB, paused 11.959ms total 129.857ms
07-05 20:37:31.470 D/TabView (  848): 
07-05 20:37:31.471 D/TabView (  848): 
07-05 20:37:31.472 D/TabView (  848): 
07-05 20:37:31.473 D/TabView (  848): 
07-05 20:37:31.474 D/TabView (  848): 
07-05 20:37:31.475 I/MyFragmentStateAdapter(  848): getCount
07-05 20:37:31.475 I/MyFragmentStateAdapter(  848): getCount
07-05 20:37:31.481 I/TabView (  848): onScroll:,firstItem=0,visibleCount=6,totalCount=10
07-05 20:37:31.483 D/Carousel-CarouselView(  848): ============>onScrollChanged hashCode:261738835
07-05 20:37:31.484 D/Carousel-CarouselDisplayPlayerLayout(  848): isFullScreen:false
07-05 20:37:31.485 I/MainHomeView(  848): onPanelSlide0.14503817---left171
07-05 20:37:31.491 I/CurrentCarouselView(  848): onCarouseControlCarouselControlBean{mShoudScroll=true, mActivityHasResume=false, mActivityHasStop=false, mHasTurnGone=false, mHasTurnVisible=false, mChannelId=-1, mSlideOffset=0.14503817, mShouldSelectCenter=false, mTabOpen=false, mHoriPosStatus=None, mVerPosStatus=None, mLevelStatus=None},isPlayingtrue,channelId=0
07-05 20:37:31.492 I/CurrentCarouselView(  848): is not the current page
07-05 20:37:31.493 I/CurrentCarouselView(  848): do scroll
07-05 20:37:31.493 D/Carousel-CarouselView(  848): smoothScroll.
07-05 20:37:31.493 D/Carousel-CarouselDisplayPlayerLayout(  848): isFullScreen:false
07-05 20:37:31.493 D/TabView (  848): onReceiveSlidingOffset ===>:0.14503817
07-05 20:37:31.498 I/MyFragmentStateAdapter(  848): getCount
07-05 20:37:31.503 D/Carousel-CarouselDisplayPlayerLayout(  848): HasFocus:false,keyCode:22
07-05 20:37:31.503 D/Carousel-CarouselDisplayPlayerLayout(  848): isFullScreen:false
07-05 20:37:31.503 I/HomeMainActivity(  848): carousel handle key:false
07-05 20:37:31.526 V/InputMethodService( 2203): startInput(): editor=android.view.inputmethod.EditorInfo@1ee25a14
07-05 20:37:31.526 V/InputMethodService( 2203): CALL: onFinishInput
07-05 20:37:31.531 I/MainHomeView(  848): onPanelSlide0.06870229---left161
07-05 20:37:31.531 I/CurrentCarouselView(  848): onCarouseControlCarouselControlBean{mShoudScroll=true, mActivityHasResume=false, mActivityHasStop=false, mHasTurnGone=false, mHasTurnVisible=false, mChannelId=-1, mSlideOffset=0.06870229, mShouldSelectCenter=false, mTabOpen=false, mHoriPosStatus=None, mVerPosStatus=None, mLevelStatus=None},isPlayingtrue,channelId=0
07-05 20:37:31.531 I/CurrentCarouselView(  848): is not the current page
07-05 20:37:31.531 I/CurrentCarouselView(  848): do scroll
07-05 20:37:31.532 D/Carousel-CarouselView(  848): smoothScroll.
07-05 20:37:31.532 D/Carousel-CarouselDisplayPlayerLayout(  848): isFullScreen:false
07-05 20:37:31.532 D/TabView (  848): onReceiveSlidingOffset ===>:0.06870229
07-05 20:37:31.541 D/Carousel-CarouselDisplayPlayerLayout(  848): x=389, y=167,w=892,h=536, hashCode=574387514
07-05 20:37:31.541 D/Carousel-CarouselDisplayPlayerLayout(  848): mX=511, mY=167,mWitdh=892,mHeight=536, hashCode=574387514
07-05 20:37:31.541 D/Carousel-CarouselDisplayPlayerLayout(  848): changed=true, hashCode=574387514
07-05 20:37:31.544 D/Carousel-Utils(  848): x=389,y=167, width=892,height=536
07-05 20:37:31.544 D/Carousel-CarouselDisplayPlayerLayout(  848): isFullScreen:false
07-05 20:37:31.544 D/Carousel-CarouselView(  848): ===========>onScrollStart
07-05 20:37:31.545 D/Carousel-Utils(  848): displayImage view=android.widget.ImageView{1a051b8e I.ED.... ......ID 0,0-816,460 #7f0d0029 app:id/imageView1}
07-05 20:37:31.545 D/Carousel-Utils(  848): displayImage url=http://picture.edu.hismarttv.com/images/20170629010146422927.jpg
07-05 20:37:31.546 D/Carousel-Utils(  848): onResourceReady.
07-05 20:37:31.551 D/Carousel-Utils(  848): displayImage view=android.widget.ImageView{17333bcf I.ED.... ........ 0,0-816,460 #7f0d0029 app:id/imageView1}
07-05 20:37:31.551 D/Carousel-Utils(  848): displayImage url=http://picture.edu.hismarttv.com/images/20170629010146422927.jpg
07-05 20:37:31.552 E/SOGOUIME_JNI( 2203): reset
07-05 20:37:31.552 E/SOGOUIME_JNI( 2203): getCandidates
07-05 20:37:31.552 D/Carousel-Utils(  848): onResourceReady.
07-05 20:37:31.552 E/SOGOUIME_JNI( 2203): ime_get_uncommitted_length
07-05 20:37:31.552 E/SOGOUIME_JNI( 2203): getCandidates
07-05 20:37:31.552 D/SogouIME API( 2203): ==============num:32
07-05 20:37:31.552 E/SOGOUIME_JNI( 2203): ime_get_uncommitted_length
07-05 20:37:31.553 D/SogouIME( 2203): mFocusedComponent:30   isHkbEnable:false
07-05 20:37:31.553 E/SOGOUIME_JNI( 2203): ime_get_uncommitted_length
07-05 20:37:31.553 E/SOGOUIME_JNI( 2203): ime_get_committed_length
07-05 20:37:31.553 E/SOGOUIME_JNI( 2203): getComposingInfo
07-05 20:37:31.553 E/SOGOUIME_JNI( 2203): getComposingInfo
07-05 20:37:31.553 E/SOGOUIME_JNI( 2203): getCorrectInfo
07-05 20:37:31.553 E/SOGOUIME_JNI( 2203): getComposingInfo
07-05 20:37:31.557 V/InputMethodService( 2203): CALL: onStartInput
07-05 20:37:31.558 E/SOGOUIME_JNI( 2203): invalidateCommitWordPinyinNative
07-05 20:37:31.558 D/SogouIME( 2203): =====configKeyboard=======:false     false
07-05 20:37:31.558 E/SOGOUIME_JNI( 2203): ime_set_hard_kb_enable
07-05 20:37:31.594 D/Carousel-CarouselDisplayPlayerLayout(  848): x=389, y=167,w=892,h=536, hashCode=574387514
07-05 20:37:31.594 D/Carousel-CarouselDisplayPlayerLayout(  848): mX=389, mY=167,mWitdh=892,mHeight=536, hashCode=574387514
07-05 20:37:31.594 D/Carousel-CarouselDisplayPlayerLayout(  848): changed=false, hashCode=574387514
07-05 20:37:31.594 D/Carousel-CarouselDisplayPlayerLayout(  848): extraTryCount=0
07-05 20:37:31.596 I/MyFragmentStateAdapter(  848): getCount
07-05 20:37:31.596 I/MyFragmentStateAdapter(  848): getCount
07-05 20:37:31.596 I/MyFragmentStateAdapter(  848): getCount
07-05 20:37:31.596 I/MyFragmentStateAdapter(  848): getCount
07-05 20:37:31.596 I/Carousel-UrlVideoView(  848): onMeasure(MeasureSpec: EXACTLY 816, MeasureSpec: EXACTLY 460)
07-05 20:37:31.596 D/Carousel-UrlVideoView(  848): widthSpecMode=1073741824
07-05 20:37:31.596 D/Carousel-UrlVideoView(  848): heightSpecMode=1073741824
07-05 20:37:31.596 D/Carousel-UrlVideoView(  848): widthSpecSize=816
07-05 20:37:31.596 D/Carousel-UrlVideoView(  848): heightSpecSize=460
07-05 20:37:31.596 I/Carousel-UrlVideoView(  848): onMeasure(MeasureSpec: EXACTLY 816, MeasureSpec: EXACTLY 460)
07-05 20:37:31.596 D/Carousel-UrlVideoView(  848): widthSpecMode=1073741824
07-05 20:37:31.596 D/Carousel-UrlVideoView(  848): heightSpecMode=1073741824
07-05 20:37:31.596 D/Carousel-UrlVideoView(  848): widthSpecSize=816
07-05 20:37:31.597 D/Carousel-UrlVideoView(  848): heightSpecSize=460
07-05 20:37:31.598 D/Surface ( 1733): onStatusChange() : mNativeObject = 547942771200 mUseImageHwRender = false
07-05 20:37:31.599 V/Surface ( 1733): nativeSetHardwareRender() : status = 0
07-05 20:37:31.599 V/Surface ( 1733): nativeSetHardwareRender() : end
07-05 20:37:31.601 D/PowerManagerService( 1733): releaseWakeLockInternal: lock=487931605 [WindowManager], flags=0x0
07-05 20:37:31.601 D/PowerManagerNotifier( 1733): onWakeLockReleased: flags=536870922, tag="WindowManager", packageName=android, ownerUid=1000, ownerPid=1733, workSource=WorkSource{10010}
07-05 20:37:31.601 D/PowerManagerService( 1733): userActivityNoUpdateLocked: eventTime=7093173, event=0, flags=0x1, uid=1000
07-05 20:37:31.601 D/PowerManagerService( 1733): setScreenBrightnessOverrideFromWindowManagerInternal done
07-05 20:37:31.605 D/Surface ( 1733): onStatusChange() : mNativeObject = 0 mUseImageHwRender = false
07-05 20:37:31.607 I/FirstLineAdapter(  848): canShowTrailer,isOffline=false
07-05 20:37:31.607 I/FirstLineAdapter(  848): canShowTrailer,isOffline=false
07-05 20:37:31.607 I/FirstLineAdapter(  848): canShowTrailer,isOffline=false
07-05 20:37:31.608 I/FirstLineAdapter(  848): canShowTrailer,isOffline=false
07-05 20:37:31.608 I/FirstLineAdapter(  848): canShowTrailer,isOffline=false
07-05 20:37:31.608 I/FirstLineAdapter(  848): canShowTrailer,isOffline=false
07-05 20:37:31.608 I/FirstLineAdapter(  848): canShowTrailer,isOffline=false
07-05 20:37:31.608 I/FirstLineAdapter(  848): canShowTrailer,isOffline=false
07-05 20:37:31.609 I/FirstLineAdapter(  848): canShowTrailer,isOffline=false
07-05 20:37:31.609 I/SurfaceView(  848): Changes: creating=false format=false size=false visible=false left=true top=false
07-05 20:37:31.609 I/SurfaceView(  848): Cur surface: Surface(name=null)/@0x304fc551
07-05 20:37:31.611 D/Surface ( 1733): onStatusChange() : mNativeObject = 547942792704 mUseImageHwRender = false
07-05 20:37:31.611 V/Surface ( 1733): nativeSetHardwareRender() : status = 0
07-05 20:37:31.611 V/Surface ( 1733): nativeSetHardwareRender() : end
07-05 20:37:31.613 D/PowerManagerService( 1733): setScreenBrightnessOverrideFromWindowManagerInternal done
07-05 20:37:31.617 D/Surface ( 1733): onStatusChange() : mNativeObject = 0 mUseImageHwRender = false
07-05 20:37:31.620 D/Surface (  848): onStatusChange() : mNativeObject = -195861248 mUseImageHwRender = false
07-05 20:37:31.620 V/Surface (  848): nativeSetHardwareRender() : status = 0
07-05 20:37:31.620 V/Surface (  848): nativeSetHardwareRender() : end
07-05 20:37:31.620 I/SurfaceView(  848): New surface: Surface(name=null)/@0xdbbe1b6, vis=true, frame=Rect(427, 205 - 1243, 665)
07-05 20:37:31.620 D/Surface (  848): onStatusChange() : mNativeObject = 0 mUseImageHwRender = false
07-05 20:37:31.620 D/Surface (  848): onStatusChange() : mNativeObject = -195861248 mUseImageHwRender = false
07-05 20:37:31.620 V/Surface (  848): nativeSetHardwareRender() : status = 0
07-05 20:37:31.620 V/Surface (  848): nativeSetHardwareRender() : end
07-05 20:37:31.621 V/SurfaceView(  848): Layout: x=427 y=205 w=816 h=460, frame=Rect(0, 0 - 816, 460)
07-05 20:37:31.627 I/MainHomeView(  848): onPanelSlide0.007633588---left153
07-05 20:37:31.627 I/CurrentCarouselView(  848): onCarouseControlCarouselControlBean{mShoudScroll=true, mActivityHasResume=false, mActivityHasStop=false, mHasTurnGone=false, mHasTurnVisible=false, mChannelId=-1, mSlideOffset=0.007633588, mShouldSelectCenter=false, mTabOpen=false, mHoriPosStatus=None, mVerPosStatus=None, mLevelStatus=None},isPlayingtrue,channelId=0
07-05 20:37:31.627 I/CurrentCarouselView(  848): is not the current page
07-05 20:37:31.627 I/CurrentCarouselView(  848): do scroll
07-05 20:37:31.627 D/Carousel-CarouselView(  848): smoothScroll.
07-05 20:37:31.627 D/Carousel-CarouselDisplayPlayerLayout(  848): isFullScreen:false
07-05 20:37:31.627 D/TabView (  848): onReceiveSlidingOffset ===>:0.007633588
07-05 20:37:31.630 I/MyFragmentStateAdapter(  848): getCount
07-05 20:37:31.634 D/Carousel-CarouselDisplayPlayerLayout(  848): x=381, y=167,w=892,h=536, hashCode=574387514
07-05 20:37:31.634 D/Carousel-CarouselDisplayPlayerLayout(  848): mX=389, mY=167,mWitdh=892,mHeight=536, hashCode=574387514
07-05 20:37:31.634 D/Carousel-CarouselDisplayPlayerLayout(  848): changed=true, hashCode=574387514
07-05 20:37:31.634 D/Carousel-Utils(  848): x=381,y=167, width=892,height=536
07-05 20:37:31.634 D/Carousel-CarouselDisplayPlayerLayout(  848): x=381, y=167,w=892,h=536, hashCode=574387514
07-05 20:37:31.634 D/Carousel-CarouselDisplayPlayerLayout(  848): mX=381, mY=167,mWitdh=892,mHeight=536, hashCode=574387514
07-05 20:37:31.634 D/Carousel-CarouselDisplayPlayerLayout(  848): changed=false, hashCode=574387514
07-05 20:37:31.634 D/Carousel-CarouselDisplayPlayerLayout(  848): extraTryCount=0
07-05 20:37:31.635 D/Carousel-CarouselDisplayPlayerLayout(  848): x=381, y=167,w=892,h=536, hashCode=574387514
07-05 20:37:31.635 D/Carousel-CarouselDisplayPlayerLayout(  848): mX=381, mY=167,mWitdh=892,mHeight=536, hashCode=574387514
07-05 20:37:31.635 D/Carousel-CarouselDisplayPlayerLayout(  848): changed=false, hashCode=574387514
07-05 20:37:31.635 D/Carousel-CarouselDisplayPlayerLayout(  848): extraTryCount=1
07-05 20:37:31.635 I/Carousel-UrlVideoView(  848): onMeasure(MeasureSpec: EXACTLY 816, MeasureSpec: EXACTLY 460)
07-05 20:37:31.635 D/Carousel-UrlVideoView(  848): widthSpecMode=1073741824
07-05 20:37:31.635 D/Carousel-UrlVideoView(  848): heightSpecMode=1073741824
07-05 20:37:31.635 D/Carousel-UrlVideoView(  848): widthSpecSize=816
07-05 20:37:31.635 D/Carousel-UrlVideoView(  848): heightSpecSize=460
07-05 20:37:31.636 I/Carousel-UrlVideoView(  848): onMeasure(MeasureSpec: EXACTLY 816, MeasureSpec: EXACTLY 460)
07-05 20:37:31.636 D/Carousel-UrlVideoView(  848): widthSpecMode=1073741824
07-05 20:37:31.636 D/Carousel-UrlVideoView(  848): heightSpecMode=1073741824
07-05 20:37:31.636 D/Carousel-UrlVideoView(  848): widthSpecSize=816
07-05 20:37:31.636 D/Carousel-UrlVideoView(  848): heightSpecSize=460
07-05 20:37:31.636 I/SurfaceView(  848): Changes: creating=false format=false size=false visible=false left=true top=false
07-05 20:37:31.636 I/SurfaceView(  848): Cur surface: Surface(name=null)/@0x304fc551
07-05 20:37:31.637 I/TVMW@HsTvSetting( 1234): Trace cmd, data = 0x1058
07-05 20:37:31.637 D/til@system( 2026): til_get_system_param option:100002F int:0, bool:0, ret:0
07-05 20:37:31.637 D/Surface ( 1733): onStatusChange() : mNativeObject = 547942792704 mUseImageHwRender = false
07-05 20:37:31.637 V/Surface ( 1733): nativeSetHardwareRender() : status = 0
07-05 20:37:31.637 V/Surface ( 1733): nativeSetHardwareRender() : end
07-05 20:37:31.637 I/TVMW@HsTvSetting( 1234): Trace cmd, data = 0x101f
07-05 20:37:31.637 D/til@system( 2026): til_get_system_param option:100001D int:3, bool:3, ret:0
07-05 20:37:31.637 E/til     ( 2026): [til_get_current_input_source, 101] 
07-05 20:37:31.637 I/TVMW@HsTvSetting( 1234): Trace cmd, data = 0x7007
07-05 20:37:31.637 I/tilwrapper@sm( 2026): HS2TIL_SourceType *hs=0xd, *til=0x900
07-05 20:37:31.637 D/til     ( 2026): get current source 2304
07-05 20:37:31.638 D/SourceRemoteServiceHandler( 2026): getCurrentInputSource.from.til.result is 0, value is 2304
07-05 20:37:31.638 D/SourceRemoteServiceHandler( 2026): getInputSourceType source: 0x900, type=2304
07-05 20:37:31.638 D/til     ( 2026): ###### func:til_get_picture_param option:0x3000006 ######  
07-05 20:37:31.639 D/PowerManagerService( 1733): setScreenBrightnessOverrideFromWindowManagerInternal done
07-05 20:37:31.639 I/TVMW@HsTvSetting( 1234): Trace cmd, data = 0x1003
07-05 20:37:31.643 D/Surface ( 1733): onStatusChange() : mNativeObject = 0 mUseImageHwRender = false
07-05 20:37:31.643 E/hwcomposer( 1204): Overlay 0 size changeed src {1920 1080} -> {1920, 1080} crop{0.000000 0.000000 1920.000000 1080.000000}->{0.000000 0.000000 1920.000000 1080.000000} dst{549 205 1365 665}->{427 205 1243 665}
07-05 20:37:31.646 D/Surface (  848): onStatusChange() : mNativeObject = -195834368 mUseImageHwRender = false
07-05 20:37:31.646 V/Surface (  848): nativeSetHardwareRender() : status = 0
07-05 20:37:31.646 V/Surface (  848): nativeSetHardwareRender() : end
07-05 20:37:31.647 I/TVMW@HsTvSetting( 1234): Trace cmd, data = 0x8032
07-05 20:37:31.647 I/SurfaceView(  848): New surface: Surface(name=null)/@0xdbbe1b6, vis=true, frame=Rect(419, 205 - 1235, 665)
07-05 20:37:31.647 D/Surface (  848): onStatusChange() : mNativeObject = 0 mUseImageHwRender = false
07-05 20:37:31.647 I/hstvos  ( 1216): [0m[1;33m[HSHAL][HS_VIDEO][HS_HAL_Video_SetOsdDetect_v2][2389]u16Threshold = 20
07-05 20:37:31.648 D/Surface (  848): onStatusChange() : mNativeObject = -195834368 mUseImageHwRender = false
07-05 20:37:31.649 V/Surface (  848): nativeSetHardwareRender() : status = 0
07-05 20:37:31.649 E/TVMW@videoctrl( 1234):  getOsd is 1
07-05 20:37:31.649 V/Surface (  848): nativeSetHardwareRender() : end
07-05 20:37:31.649 D/til@system( 2026): til_get_system_param option:1000027 int:1, bool:1, ret:0
07-05 20:37:31.650 V/SurfaceView(  848): Layout: x=419 y=205 w=816 h=460, frame=Rect(0, 0 - 816, 460)
07-05 20:37:31.650 D/til     ( 2026): ###### func:til_get_picture_param option:0x3000045 ######  
07-05 20:37:31.650 I/TVMW@HsTvSetting( 1234): Trace cmd, data = 0x300c
07-05 20:37:31.650 I/TVMW@HsTvSetting( 1234): Trace 3d, data = 0x300c
07-05 20:37:31.650 I/TVMW@3d ( 1234): Hs_debug3d_trace: func:get3dStatus, line:109
07-05 20:37:31.661 D/Carousel-CarouselDisplayPlayerLayout(  848): x=381, y=167,w=892,h=536, hashCode=574387514
07-05 20:37:31.661 D/Carousel-CarouselDisplayPlayerLayout(  848): mX=381, mY=167,mWitdh=892,mHeight=536, hashCode=574387514
07-05 20:37:31.661 D/Carousel-CarouselDisplayPlayerLayout(  848): changed=false, hashCode=574387514
07-05 20:37:31.661 D/Carousel-CarouselDisplayPlayerLayout(  848): extraTryCount=2
07-05 20:37:31.665 D/Carousel-CarouselDisplayPlayerLayout(  848): x=381, y=167,w=892,h=536, hashCode=574387514
07-05 20:37:31.665 D/Carousel-CarouselDisplayPlayerLayout(  848): mX=381, mY=167,mWitdh=892,mHeight=536, hashCode=574387514
07-05 20:37:31.665 D/Carousel-CarouselDisplayPlayerLayout(  848): changed=false, hashCode=574387514
07-05 20:37:31.665 D/Carousel-CarouselDisplayPlayerLayout(  848): extraTryCount=3
07-05 20:37:31.665 D/Carousel-CarouselDisplayPlayerLayout(  848): x=381, y=167,w=892,h=536, hashCode=574387514
07-05 20:37:31.665 D/Carousel-CarouselDisplayPlayerLayout(  848): mX=381, mY=167,mWitdh=892,mHeight=536, hashCode=574387514
07-05 20:37:31.665 D/Carousel-CarouselDisplayPlayerLayout(  848): changed=false, hashCode=574387514
07-05 20:37:31.665 D/Carousel-CarouselDisplayPlayerLayout(  848): extraTryCount=4
07-05 20:37:31.665 D/Carousel-CarouselDisplayPlayerLayout(  848): x=381, y=167,w=892,h=536, hashCode=574387514
07-05 20:37:31.665 D/Carousel-CarouselDisplayPlayerLayout(  848): mX=381, mY=167,mWitdh=892,mHeight=536, hashCode=574387514
07-05 20:37:31.665 D/Carousel-CarouselDisplayPlayerLayout(  848): changed=false, hashCode=574387514
07-05 20:37:31.665 D/Carousel-CarouselDisplayPlayerLayout(  848): extraTryCount=5
07-05 20:37:31.667 I/MainHomeView(  848): onPanelSlide0.0---left152
07-05 20:37:31.667 I/CurrentCarouselView(  848): onCarouseControlCarouselControlBean{mShoudScroll=true, mActivityHasResume=false, mActivityHasStop=false, mHasTurnGone=false, mHasTurnVisible=false, mChannelId=-1, mSlideOffset=0.0, mShouldSelectCenter=false, mTabOpen=false, mHoriPosStatus=None, mVerPosStatus=None, mLevelStatus=None},isPlayingtrue,channelId=0
07-05 20:37:31.667 I/CurrentCarouselView(  848): is not the current page
07-05 20:37:31.669 I/CurrentCarouselView(  848): do scroll
07-05 20:37:31.669 D/Carousel-CarouselView(  848): smoothScroll.
07-05 20:37:31.669 D/Carousel-CarouselDisplayPlayerLayout(  848): isFullScreen:false
07-05 20:37:31.669 D/TabView (  848): onReceiveSlidingOffset ===>:0.0
07-05 20:37:31.669 D/PowerManagerService( 1733): acquireWakeLockInternal: lock=113832109, flags=0x1, tag="NetworkStats", ws=null, uid=1000, pid=1733
07-05 20:37:31.669 D/PowerManagerNotifier( 1733): onWakeLockAcquired: flags=1, tag="NetworkStats", packageName=android, ownerUid=1000, ownerPid=1733, workSource=null
07-05 20:37:31.670 D/NtpTrustedTime( 1733): currentTimeMillis() cache hit
07-05 20:37:31.680 D/NtpTrustedTime( 1733): currentTimeMillis() cache hit
07-05 20:37:31.683 E/hwcomposer( 1204): Overlay 0 size changeed src {1920 1080} -> {1920, 1080} crop{0.000000 0.000000 1920.000000 1080.000000}->{0.000000 0.000000 1920.000000 1080.000000} dst{427 205 1243 665}->{419 205 1235 665}
07-05 20:37:31.685 D/NtpTrustedTime( 1733): currentTimeMillis() cache hit
07-05 20:37:31.685 D/NtpTrustedTime( 1733): currentTimeMillis() cache hit
07-05 20:37:31.686 D/PowerManagerService( 1733): releaseWakeLockInternal: lock=113832109 [NetworkStats], flags=0x0
07-05 20:37:31.686 D/PowerManagerNotifier( 1733): onWakeLockReleased: flags=1, tag="NetworkStats", packageName=android, ownerUid=1000, ownerPid=1733, workSource=null
07-05 20:37:31.695 D/Carousel-CarouselDisplayPlayerLayout(  848): x=380, y=167,w=892,h=536, hashCode=574387514
07-05 20:37:31.695 D/Carousel-CarouselDisplayPlayerLayout(  848): mX=381, mY=167,mWitdh=892,mHeight=536, hashCode=574387514
07-05 20:37:31.695 D/Carousel-CarouselDisplayPlayerLayout(  848): changed=true, hashCode=574387514
07-05 20:37:31.695 D/Carousel-Utils(  848): x=380,y=167, width=892,height=536
07-05 20:37:31.696 D/Carousel-CarouselDisplayPlayerLayout(  848): x=380, y=167,w=892,h=536, hashCode=574387514
07-05 20:37:31.696 D/Carousel-CarouselDisplayPlayerLayout(  848): mX=380, mY=167,mWitdh=892,mHeight=536, hashCode=574387514
07-05 20:37:31.696 D/Carousel-CarouselDisplayPlayerLayout(  848): changed=false, hashCode=574387514
07-05 20:37:31.696 D/Carousel-CarouselDisplayPlayerLayout(  848): extraTryCount=0
07-05 20:37:31.696 D/Carousel-CarouselDisplayPlayerLayout(  848): x=380, y=167,w=892,h=536, hashCode=574387514
07-05 20:37:31.696 D/Carousel-CarouselDisplayPlayerLayout(  848): mX=380, mY=167,mWitdh=892,mHeight=536, hashCode=574387514
07-05 20:37:31.696 D/Carousel-CarouselDisplayPlayerLayout(  848): changed=false, hashCode=574387514
07-05 20:37:31.696 D/Carousel-CarouselDisplayPlayerLayout(  848): extraTryCount=1
07-05 20:37:31.696 I/MainHomeView(  848): onPanelClosed---left152
07-05 20:37:31.699 D/Carousel-CarouselDisplayPlayerLayout(  848): x=380, y=167,w=892,h=536, hashCode=574387514
07-05 20:37:31.699 D/Carousel-CarouselDisplayPlayerLayout(  848): mX=380, mY=167,mWitdh=892,mHeight=536, hashCode=574387514
07-05 20:37:31.700 D/Carousel-CarouselDisplayPlayerLayout(  848): changed=false, hashCode=574387514
07-05 20:37:31.700 D/Carousel-CarouselDisplayPlayerLayout(  848): extraTryCount=2
07-05 20:37:31.700 D/Carousel-CarouselDisplayPlayerLayout(  848): x=380, y=167,w=892,h=536, hashCode=574387514
07-05 20:37:31.700 D/Carousel-CarouselDisplayPlayerLayout(  848): mX=380, mY=167,mWitdh=892,mHeight=536, hashCode=574387514
07-05 20:37:31.700 D/Carousel-CarouselDisplayPlayerLayout(  848): changed=false, hashCode=574387514
07-05 20:37:31.700 D/Carousel-CarouselDisplayPlayerLayout(  848): extraTryCount=3
07-05 20:37:31.700 I/Carousel-UrlVideoView(  848): onMeasure(MeasureSpec: EXACTLY 816, MeasureSpec: EXACTLY 460)
07-05 20:37:31.701 D/Carousel-UrlVideoView(  848): widthSpecMode=1073741824
07-05 20:37:31.701 D/Carousel-UrlVideoView(  848): heightSpecMode=1073741824
07-05 20:37:31.701 D/Carousel-UrlVideoView(  848): widthSpecSize=816
07-05 20:37:31.701 D/Carousel-UrlVideoView(  848): heightSpecSize=460
07-05 20:37:31.701 I/Carousel-UrlVideoView(  848): onMeasure(MeasureSpec: EXACTLY 816, MeasureSpec: EXACTLY 460)
07-05 20:37:31.701 D/Carousel-UrlVideoView(  848): widthSpecMode=1073741824
07-05 20:37:31.701 D/Carousel-UrlVideoView(  848): heightSpecMode=1073741824
07-05 20:37:31.701 D/Carousel-UrlVideoView(  848): widthSpecSize=816
07-05 20:37:31.701 D/Carousel-UrlVideoView(  848): heightSpecSize=460
07-05 20:37:31.701 I/SurfaceView(  848): Changes: creating=false format=false size=false visible=false left=true top=false
07-05 20:37:31.701 I/SurfaceView(  848): Cur surface: Surface(name=null)/@0x304fc551
07-05 20:37:31.702 D/Surface ( 1733): onStatusChange() : mNativeObject = 547942792704 mUseImageHwRender = false
07-05 20:37:31.702 V/Surface ( 1733): nativeSetHardwareRender() : status = 0
07-05 20:37:31.702 V/Surface ( 1733): nativeSetHardwareRender() : end
07-05 20:37:31.711 D/PowerManagerService( 1733): setScreenBrightnessOverrideFromWindowManagerInternal done
07-05 20:37:31.712 D/hwcomposer( 1204): Overlay [0] do size change!
07-05 20:37:31.712 D/vsyncbridge( 1204): [0] handle_thread thread got msg 0x2, mState = 3
07-05 20:37:31.712 D/vsyncbridge( 1204): Overlay 0 Resize, mState = 0x3, 0, disp[419 205 816 460] osd[1920 1080]
07-05 20:37:31.712 D/vsyncbridge( 1204): [update_ds_table,  594] DispW:1632 DispH:920 
07-05 20:37:31.712 D/vsyncbridge( 1204): [update_ds_table,  598] Cap.x:1105 Cap.y:30 CapW:1920 CapH:1080 
07-05 20:37:31.712 D/vsyncbridge( 1204): [update_ds_table,  599] enInputSourceType:34 
07-05 20:37:31.712 D/vsyncbridge( 1204): [update_ds_table,  601] u16InputVTotal:2205  u16InputVFreq:240 
07-05 20:37:31.712 D/vsyncbridge( 1204): [update_ds_table,  603] bInterlace:0  u16DefaultHtotal:0 
07-05 20:37:31.712 D/vsyncbridge( 1204): [update_ds_table,  606] bPreHCusScaling:1  bPreVCusScaling:1 
07-05 20:37:31.712 D/vsyncbridge( 1204): [update_ds_table,  608] u16PreHCusScalingSrc:1920  u16PreHCusScalingDst:1920 
07-05 20:37:31.712 D/vsyncbridge( 1204): [update_ds_table,  610] u16PreVCusScalingSrc:1080  u16PreVCusScalingSrc:1080 
07-05 20:37:31.713 D/vsyncbridge( 1204): [update_ds_table,  613] bHCusScaling:0  bVCusScaling:0 
07-05 20:37:31.713 D/vsyncbridge( 1204): [update_ds_table,  615] u16HCusScalingSrc:1920  u16HCusScalingDst:1632 
07-05 20:37:31.713 D/vsyncbridge( 1204): [update_ds_table,  617] u16VCusScalingSrc:1080  u16VCusScalingDst:920 
07-05 20:37:31.713 D/vsyncbridge( 1204): vsync_bridge_CalAspectRatio type = 0
07-05 20:37:31.713 D/vsyncbridge( 1204): panel [3840 2160] osd [1920 1080] ratio [2.000000 2.000000]
07-05 20:37:31.713 D/vsyncbridge( 1204): apply ratio, x=838, y=410, width=1632, height=920
07-05 20:37:31.713 D/vsyncbridge( 1204): disp_old[838 410 2470 1330], disp_new[838 410 2470 1330], crop[0 0 1920 1080]
07-05 20:37:31.713 D/vsyncbridge( 1204): [update_ds_table,  798] SW DS !!! 
07-05 20:37:31.713 D/vsyncbridge( 1204): [update_ds_table,  800] stXC_SetWin_Info.stCapWin.width1920  stXC_SetWin_Info.stCapWin.height:1080
07-05 20:37:31.713 D/vsyncbridge( 1204): [update_ds_table,  802] stXC_SetWin_Info.stCropWin.width1920  stXC_SetWin_Info.stCropWin.height:1080
07-05 20:37:31.713 D/vsyncbridge( 1204): [update_ds_table,  803] MApi_XC_GetDynamicScalingStatus():1 
07-05 20:37:31.713 D/Surface ( 1733): onStatusChange() : mNativeObject = 0 mUseImageHwRender = false
07-05 20:37:31.713 D/        ( 1204): Alert: cannot get frameCount from IOCTL, eWindow=0! Fall back to original frame mode
07-05 20:37:31.713 D/        ( 1204): MVOP is 1P mode
07-05 20:37:31.713 D/        ( 1204): [_MDrv_SC_check_2p_mode][9405]u16Width=3840,u16Height=2160,u32Vfreqx10=240
07-05 20:37:31.714 D/vsyncbridge( 1204): vsync_bridge_render_frame pts = 1625000, DS_Idx=0x1, overlayID=0
07-05 20:37:31.714 D/vsyncbridge( 1204):  W 7, R 6, Cur 7
07-05 20:37:31.714 D/vsyncbridge( 1204): vsync_bridge_CalAspectRatio type = 0
07-05 20:37:31.714 D/vsyncbridge( 1204): panel [3840 2160] osd [1920 1080] ratio [2.000000 2.000000]
07-05 20:37:31.714 D/vsyncbridge( 1204): apply ratio, x=838, y=410, width=1632, height=920
07-05 20:37:31.714 D/Surface (  848): onStatusChange() : mNativeObject = -195861248 mUseImageHwRender = false
07-05 20:37:31.714 V/Surface (  848): nativeSetHardwareRender() : status = 0
07-05 20:37:31.714 V/Surface (  848): nativeSetHardwareRender() : end
07-05 20:37:31.714 I/SurfaceView(  848): New surface: Surface(name=null)/@0xdbbe1b6, vis=true, frame=Rect(418, 205 - 1234, 665)
07-05 20:37:31.714 D/Surface (  848): onStatusChange() : mNativeObject = 0 mUseImageHwRender = false
07-05 20:37:31.714 D/Surface (  848): onStatusChange() : mNativeObject = -195861248 mUseImageHwRender = false
07-05 20:37:31.714 V/Surface (  848): nativeSetHardwareRender() : status = 0
07-05 20:37:31.714 V/Surface (  848): nativeSetHardwareRender() : end
07-05 20:37:31.719 V/SurfaceView(  848): Layout: x=418 y=205 w=816 h=460, frame=Rect(0, 0 - 816, 460)
07-05 20:37:31.730 D/Carousel-CarouselDisplayPlayerLayout(  848): x=380, y=167,w=892,h=536, hashCode=574387514
07-05 20:37:31.730 D/Carousel-CarouselDisplayPlayerLayout(  848): mX=380, mY=167,mWitdh=892,mHeight=536, hashCode=574387514
07-05 20:37:31.730 D/Carousel-CarouselDisplayPlayerLayout(  848): changed=false, hashCode=574387514
07-05 20:37:31.730 D/Carousel-CarouselDisplayPlayerLayout(  848): extraTryCount=4
07-05 20:37:31.730 D/Carousel-CarouselDisplayPlayerLayout(  848): x=380, y=167,w=892,h=536, hashCode=574387514
07-05 20:37:31.730 D/Carousel-CarouselDisplayPlayerLayout(  848): mX=380, mY=167,mWitdh=892,mHeight=536, hashCode=574387514
07-05 20:37:31.730 D/Carousel-CarouselDisplayPlayerLayout(  848): changed=false, hashCode=574387514
07-05 20:37:31.730 D/Carousel-CarouselDisplayPlayerLayout(  848): extraTryCount=5
07-05 20:37:31.730 D/Carousel-CarouselDisplayPlayerLayout(  848): x=380, y=167,w=892,h=536, hashCode=574387514
07-05 20:37:31.731 D/Carousel-CarouselDisplayPlayerLayout(  848): mX=380, mY=167,mWitdh=892,mHeight=536, hashCode=574387514
07-05 20:37:31.731 D/Carousel-CarouselDisplayPlayerLayout(  848): changed=false, hashCode=574387514
07-05 20:37:31.731 D/Carousel-CarouselDisplayPlayerLayout(  848): extraTryCount=6
07-05 20:37:31.731 D/Carousel-CarouselDisplayPlayerLayout(  848): x=380, y=167,w=892,h=536, hashCode=574387514
07-05 20:37:31.731 D/Carousel-CarouselDisplayPlayerLayout(  848): mX=380, mY=167,mWitdh=892,mHeight=536, hashCode=574387514
07-05 20:37:31.731 D/Carousel-CarouselDisplayPlayerLayout(  848): changed=false, hashCode=574387514
07-05 20:37:31.731 D/Carousel-CarouselDisplayPlayerLayout(  848): extraTryCount=7
07-05 20:37:31.732 D/Carousel-CarouselDisplayPlayerLayout(  848): x=380, y=167,w=892,h=536, hashCode=574387514
07-05 20:37:31.732 D/Carousel-CarouselDisplayPlayerLayout(  848): mX=380, mY=167,mWitdh=892,mHeight=536, hashCode=574387514
07-05 20:37:31.732 D/Carousel-CarouselDisplayPlayerLayout(  848): changed=false, hashCode=574387514
07-05 20:37:31.732 D/Carousel-CarouselDisplayPlayerLayout(  848): extraTryCount=8
07-05 20:37:31.749 E/hwcomposer( 1204): Overlay 0 size changeed src {1920 1080} -> {1920, 1080} crop{0.000000 0.000000 1920.000000 1080.000000}->{0.000000 0.000000 1920.000000 1080.000000} dst{419 205 1235 665}->{418 205 1234 665}
07-05 20:37:31.755 D/Carousel-CarouselDisplayPlayerLayout(  848): x=380, y=167,w=892,h=536, hashCode=574387514
07-05 20:37:31.757 D/Carousel-CarouselDisplayPlayerLayout(  848): mX=380, mY=167,mWitdh=892,mHeight=536, hashCode=574387514
07-05 20:37:31.757 D/Carousel-CarouselDisplayPlayerLayout(  848): changed=false, hashCode=574387514
07-05 20:37:31.759 D/Carousel-CarouselDisplayPlayerLayout(  848): extraTryCount=9
07-05 20:37:31.760 D/Carousel-CarouselDisplayPlayerLayout(  848): x=380, y=167,w=892,h=536, hashCode=574387514
07-05 20:37:31.760 D/Carousel-CarouselDisplayPlayerLayout(  848): mX=380, mY=167,mWitdh=892,mHeight=536, hashCode=574387514
07-05 20:37:31.760 D/Carousel-CarouselDisplayPlayerLayout(  848): changed=false, hashCode=574387514
07-05 20:37:31.760 D/Carousel-CarouselDisplayPlayerLayout(  848): isFullScreen:false
07-05 20:37:31.761 D/Carousel-CarouselView(  848): ===========>mDisplayPlayerLayout.getVisibility()=4
07-05 20:37:31.761 D/Carousel-CarouselView(  848): ===========>onScrollEnd
07-05 20:37:31.761 D/Carousel-Utils(  848): x=380,y=167, width=892,height=536
07-05 20:37:31.762 D/Carousel-CarouselView(  848): isOutScreen:false
07-05 20:37:31.769 I/MiSysSrv( 1214): [37m[INFO] Change to Voltage: 117 mv (0x32)[m
07-05 20:37:31.777 I/TVMW@devctrl( 1234): wdt
07-05 20:37:31.777 I/MyFragmentStateAdapter(  848): getCount
07-05 20:37:31.778 I/MyFragmentStateAdapter(  848): getCount
07-05 20:37:31.778 I/MyFragmentStateAdapter(  848): getCount
07-05 20:37:31.778 I/MyFragmentStateAdapter(  848): getCount
07-05 20:37:31.781 D/Surface ( 1733): onStatusChange() : mNativeObject = 547942771200 mUseImageHwRender = false
07-05 20:37:31.781 V/Surface ( 1733): nativeSetHardwareRender() : status = 0
07-05 20:37:31.781 V/Surface ( 1733): nativeSetHardwareRender() : end
07-05 20:37:31.784 D/PowerManagerService( 1733): acquireWakeLockInternal: lock=487931605, flags=0x2000000a, tag="WindowManager", ws=WorkSource{10010}, uid=1000, pid=1733
07-05 20:37:31.784 D/PowerManagerNotifier( 1733): onWakeLockAcquired: flags=536870922, tag="WindowManager", packageName=android, ownerUid=1000, ownerPid=1733, workSource=WorkSource{10010}
07-05 20:37:31.784 D/PowerManagerService( 1733): setScreenBrightnessOverrideFromWindowManagerInternal done
07-05 20:37:31.788 D/hwcomposer( 1204): Overlay [0] do size change!
07-05 20:37:31.788 D/vsyncbridge( 1204): [0] handle_thread thread got msg 0x2, mState = 3
07-05 20:37:31.788 D/vsyncbridge( 1204): Overlay 0 Resize, mState = 0x3, 0, disp[418 205 816 460] osd[1920 1080]
07-05 20:37:31.788 D/vsyncbridge( 1204): [update_ds_table,  594] DispW:1632 DispH:920 
07-05 20:37:31.788 D/vsyncbridge( 1204): [update_ds_table,  598] Cap.x:1105 Cap.y:30 CapW:1920 CapH:1080 
07-05 20:37:31.788 D/vsyncbridge( 1204): [update_ds_table,  599] enInputSourceType:34 
07-05 20:37:31.788 D/vsyncbridge( 1204): [update_ds_table,  601] u16InputVTotal:2205  u16InputVFreq:240 
07-05 20:37:31.788 D/vsyncbridge( 1204): [update_ds_table,  603] bInterlace:0  u16DefaultHtotal:0 
07-05 20:37:31.788 D/vsyncbridge( 1204): [update_ds_table,  606] bPreHCusScaling:1  bPreVCusScaling:1 
07-05 20:37:31.788 D/vsyncbridge( 1204): [update_ds_table,  608] u16PreHCusScalingSrc:1920  u16PreHCusScalingDst:1920 
07-05 20:37:31.788 D/vsyncbridge( 1204): [update_ds_table,  610] u16PreVCusScalingSrc:1080  u16PreVCusScalingSrc:1080 
07-05 20:37:31.788 D/vsyncbridge( 1204): [update_ds_table,  613] bHCusScaling:0  bVCusScaling:0 
07-05 20:37:31.788 D/vsyncbridge( 1204): [update_ds_table,  615] u16HCusScalingSrc:1920  u16HCusScalingDst:1632 
07-05 20:37:31.788 D/vsyncbridge( 1204): [update_ds_table,  617] u16VCusScalingSrc:1080  u16VCusScalingDst:920 
07-05 20:37:31.788 D/vsyncbridge( 1204): vsync_bridge_CalAspectRatio type = 0
07-05 20:37:31.788 D/vsyncbridge( 1204): panel [3840 2160] osd [1920 1080] ratio [2.000000 2.000000]
07-05 20:37:31.788 D/vsyncbridge( 1204): apply ratio, x=836, y=410, width=1632, height=920
07-05 20:37:31.788 D/vsyncbridge( 1204): disp_old[836 410 2468 1330], disp_new[836 410 2468 1330], crop[0 0 1920 1080]
07-05 20:37:31.788 D/vsyncbridge( 1204): [update_ds_table,  798] SW DS !!! 
07-05 20:37:31.788 D/vsyncbridge( 1204): [update_ds_table,  800] stXC_SetWin_Info.stCapWin.width1920  stXC_SetWin_Info.stCapWin.height:1080
07-05 20:37:31.788 D/vsyncbridge( 1204): [update_ds_table,  802] stXC_SetWin_Info.stCropWin.width1920  stXC_SetWin_Info.stCropWin.height:1080
07-05 20:37:31.788 D/vsyncbridge( 1204): [update_ds_table,  803] MApi_XC_GetDynamicScalingStatus():1 
07-05 20:37:31.789 D/        ( 1204): Alert: cannot get frameCount from IOCTL, eWindow=0! Fall back to original frame mode
07-05 20:37:31.789 D/        ( 1204): MVOP is 1P mode
07-05 20:37:31.789 D/        ( 1204): [_MDrv_SC_check_2p_mode][9405]u16Width=3840,u16Height=2160,u32Vfreqx10=240
07-05 20:37:31.789 D/vsyncbridge( 1204): vsync_bridge_render_frame pts = 1708333, DS_Idx=0x2, overlayID=0
07-05 20:37:31.789 D/vsyncbridge( 1204):  W 1, R 0, Cur 1
07-05 20:37:31.789 D/vsyncbridge( 1204): vsync_bridge_CalAspectRatio type = 0
07-05 20:37:31.789 D/vsyncbridge( 1204): panel [3840 2160] osd [1920 1080] ratio [2.000000 2.000000]
07-05 20:37:31.789 D/vsyncbridge( 1204): apply ratio, x=836, y=410, width=1632, height=920
07-05 20:37:31.791 D/Surface ( 1733): onStatusChange() : mNativeObject = 0 mUseImageHwRender = false
07-05 20:37:31.794 I/FirstLineAdapter(  848): canShowTrailer,isOffline=false
07-05 20:37:31.794 I/FirstLineAdapter(  848): canShowTrailer,isOffline=false
07-05 20:37:31.794 I/FirstLineAdapter(  848): canShowTrailer,isOffline=false
07-05 20:37:31.794 I/FirstLineAdapter(  848): canShowTrailer,isOffline=false
07-05 20:37:31.794 I/FirstLineAdapter(  848): canShowTrailer,isOffline=false
07-05 20:37:31.795 I/FirstLineAdapter(  848): canShowTrailer,isOffline=false
07-05 20:37:31.795 I/FirstLineAdapter(  848): canShowTrailer,isOffline=false
07-05 20:37:31.797 I/FirstLineAdapter(  848): canShowTrailer,isOffline=false
07-05 20:37:31.797 I/FirstLineAdapter(  848): canShowTrailer,isOffline=false
07-05 20:37:31.806 I/MyFragmentStateAdapter(  848): getCount
07-05 20:37:31.872 I/MiSysSrv( 1214): [37m[INFO] Change to Voltage: 117 mv (0x32)[m
07-05 20:37:31.969 I/MiSysSrv( 1214): [37m[INFO] Change to Voltage: 102 mv (0x23)[m
07-05 20:37:32.152 I/TVMW@HsTvSetting( 1234): Trace cmd, data = 0x1058
07-05 20:37:32.152 D/til@system( 2026): til_get_system_param option:100002F int:0, bool:0, ret:0
07-05 20:37:32.153 I/TVMW@HsTvSetting( 1234): Trace cmd, data = 0x101f
07-05 20:37:32.153 D/til@system( 2026): til_get_system_param option:100001D int:3, bool:3, ret:0
07-05 20:37:32.154 E/til     ( 2026): [til_get_current_input_source, 101] 
07-05 20:37:32.154 I/TVMW@HsTvSetting( 1234): Trace cmd, data = 0x7007
07-05 20:37:32.154 I/tilwrapper@sm( 2026): HS2TIL_SourceType *hs=0xd, *til=0x900
07-05 20:37:32.154 D/til     ( 2026): get current source 2304
07-05 20:37:32.154 D/SourceRemoteServiceHandler( 2026): getCurrentInputSource.from.til.result is 0, value is 2304
07-05 20:37:32.154 D/SourceRemoteServiceHandler( 2026): getInputSourceType source: 0x900, type=2304
07-05 20:37:32.154 D/til     ( 2026): ###### func:til_get_picture_param option:0x3000006 ######  
07-05 20:37:32.154 I/TVMW@HsTvSetting( 1234): Trace cmd, data = 0x1003
07-05 20:37:32.154 I/TVMW@HsTvSetting( 1234): Trace cmd, data = 0x8032
07-05 20:37:32.155 I/hstvos  ( 1216): [0m[1;33m[HSHAL][HS_VIDEO][HS_HAL_Video_SetOsdDetect_v2][2389]u16Threshold = 20
07-05 20:37:32.156 E/TVMW@videoctrl( 1234):  getOsd is 1
07-05 20:37:32.156 D/til@system( 2026): til_get_system_param option:1000027 int:1, bool:1, ret:0
07-05 20:37:32.156 D/til     ( 2026): ###### func:til_get_picture_param option:0x3000045 ######  
07-05 20:37:32.157 I/TVMW@HsTvSetting( 1234): Trace cmd, data = 0x300c
07-05 20:37:32.157 I/TVMW@HsTvSetting( 1234): Trace 3d, data = 0x300c
07-05 20:37:32.157 I/TVMW@3d ( 1234): Hs_debug3d_trace: func:get3dStatus, line:109
07-05 20:37:32.166 I/HLSP2P  ( 2548): ## 2017-07-05 20:37:32.165 [2548,2817,:0] INFO ## [HLSP2P][TaskManager.cpp:838][INFO][UpdateGlobalInfo]totalDataSize: 0, totalMemorySize: 0, totalCacheSize: 0, PlayTaskAllFinish: 0
07-05 20:37:32.170 I/HLSP2P  ( 2548): ## 2017-07-05 20:37:32.169 [2548,2817,:0] INFO ## [HLSP2P][TaskManager.cpp:1348][INFO][TryAdjustMemorySize]system memory total size: 1912M, free size: 329MB, cache add to 100MB, AppState: 14, IsLowMemory: 0
07-05 20:37:32.196 I/NetflixMonitorService( 1733): current fgapk : com.hisense.hicloud.edca
07-05 20:37:32.196 I/NetflixMonitorService( 1733): Netflix status unchanged
07-05 20:37:32.234 D/MSTAR_VDEC_DBG( 1206): Stream ID: 0, Rate : 24 (E:0,D:0,S:0,F:71) 
07-05 20:37:32.281 D/CommonHeader(  848): app logo :refreshTimer: isRotatetrue
07-05 20:37:32.293 I/HLSP2P  ( 3457): ## 2017-07-05 20:37:32.288 [3457,3628,:0] INFO ## [HLSP2P][TaskManager.cpp:855][INFO][UpdateGlobalInfo]totalDataSize: 0, totalMemorySize: 0, totalCacheSize: 0, curUploadSpeedKB: 0
07-05 20:37:32.301 I/HLSP2P  ( 3457): ## 2017-07-05 20:37:32.299 [3457,3628,:0] INFO ## [HLSP2P][TaskManager.cpp:1325][INFO][TryAdjustMemorySize]system memory total size: 1912M, free size: 329MB, cache add to 30MB, AppState: 14
07-05 20:37:32.332 I/MyFragmentStateAdapter(  848): getCount
07-05 20:37:32.417 E/btif_config( 2964): [btif_config_get] node is TRUE!
07-05 20:37:32.417 E/btif_config( 2964): [btif_config_get] ret is TRUE!
07-05 20:37:32.500 D/PowerManagerService( 1733): acquireWakeLockInternal: lock=113832109, flags=0x1, tag="NetworkStats", ws=null, uid=1000, pid=1733
07-05 20:37:32.500 D/PowerManagerNotifier( 1733): onWakeLockAcquired: flags=1, tag="NetworkStats", packageName=android, ownerUid=1000, ownerPid=1733, workSource=null
07-05 20:37:32.500 D/NtpTrustedTime( 1733): currentTimeMillis() cache hit
07-05 20:37:32.507 D/NtpTrustedTime( 1733): currentTimeMillis() cache hit
07-05 20:37:32.515 D/NtpTrustedTime( 1733): currentTimeMillis() cache hit
07-05 20:37:32.515 D/NtpTrustedTime( 1733): currentTimeMillis() cache hit
07-05 20:37:32.515 D/PowerManagerService( 1733): releaseWakeLockInternal: lock=113832109 [NetworkStats], flags=0x0
07-05 20:37:32.515 D/PowerManagerNotifier( 1733): onWakeLockReleased: flags=1, tag="NetworkStats", packageName=android, ownerUid=1000, ownerPid=1733, workSource=null
07-05 20:37:32.572 D/GlobalInputEventMonitoringService( 1733): interceptKeyBeforeQueueing(), event:22, mNeedMonitorKeyEvent:true, mWaitForKeyUpEvent:false
07-05 20:37:32.572 D/GlobalInputEventMonitoringService( 1733): processKeyEvent(), processKeyEvent event:22
07-05 20:37:32.572 D/WindowManager( 1733): interceptKeyTq keycode=22 interactive=true keyguardActive=false policyFlags=2b000000 isCancled= false
07-05 20:37:32.573 D/PowerManagerService( 1733): userActivityNoUpdateLocked: eventTime=7094142, event=1, flags=0x0, uid=1000
07-05 20:37:32.573 D/WindowManager( 1733): interceptKeyTi keyCode=22 down=true repeatCount=0 keyguardOn=false mHomePressed=false canceled=false
07-05 20:37:32.574 D/WindowManager( 1733): Hisense systemkey event: 22
07-05 20:37:32.574 D