07-05 20:50:42.356 D/EduSourcePlayerHelper( 9181): opening cursor success <-- content://com.hisense.data.edu/external_player_action?action=logging&source=EDU&event=video_exit&programSeriesId=3535&episodeId=35351&resolution=21&ts=1499259042&position=0&error_code=null&typeCode=1002&classId=&topicTitle=
07-05 20:50:42.367 D/OkHttp  ( 9181): --> GET http://picture.edu.hismarttv.com/images/20170629/%E5%BF%83%E7%AE%97%E5%8F%A3%E8%AF%80%E5%A4%A9%E5%A4%A9%E7%BB%83.jpg http/1.1
07-05 20:50:42.367 D/OkHttp  ( 9181): Host: picture.edu.hismarttv.com
07-05 20:50:42.367 D/OkHttp  ( 9181): Connection: Keep-Alive
07-05 20:50:42.367 D/OkHttp  ( 9181): Accept-Encoding: gzip
07-05 20:50:42.367 D/OkHttp  ( 9181): User-Agent: okhttp/3.6.0
07-05 20:50:42.367 D/OkHttp  ( 9181): --> END GET
07-05 20:50:42.369 E/audio_hw_primary( 1206): out_standby
07-05 20:50:42.369 D/PowerManagerService( 1733): releaseWakeLockInternal: lock=460713203 [AudioMix], flags=0x0
07-05 20:50:42.370 D/PowerManagerNotifier( 1733): onWakeLockReleased: flags=1, tag="AudioMix", packageName=media, ownerUid=1013, ownerPid=0, workSource=null
07-05 20:50:42.372 I/MiSysSrv( 1214): [37m[INFO] Change to Voltage: 117 mv (0x32)[m
07-05 20:50:42.372 D/Carousel-CarouselDisplayPlayerLayout( 9181): x=380, y=-185,w=892,h=536, hashCode=704084599
07-05 20:50:42.372 D/Carousel-CarouselDisplayPlayerLayout( 9181): mX=380, mY=-185,mWitdh=892,mHeight=536, hashCode=704084599
07-05 20:50:42.372 D/Carousel-CarouselDisplayPlayerLayout( 9181): changed=false, hashCode=704084599
07-05 20:50:42.372 D/Carousel-CarouselDisplayPlayerLayout( 9181): extraTryCount=0
07-05 20:50:42.377 I/MyFragmentStateAdapter( 9181): getCount
07-05 20:50:42.377 I/MyFragmentStateAdapter( 9181): getCount
07-05 20:50:42.377 I/MyFragmentStateAdapter( 9181): getCount
07-05 20:50:42.377 I/MyFragmentStateAdapter( 9181): getCount
07-05 20:50:42.378 I/FirstLineAdapter( 9181): canShowTrailer,isOffline=false
07-05 20:50:42.378 I/FirstLineAdapter( 9181): canShowTrailer,isOffline=false
07-05 20:50:42.378 I/FirstLineAdapter( 9181): canShowTrailer,isOffline=false
07-05 20:50:42.378 I/FirstLineAdapter( 9181): canShowTrailer,isOffline=false
07-05 20:50:42.378 I/FirstLineAdapter( 9181): canShowTrailer,isOffline=false
07-05 20:50:42.379 I/FirstLineAdapter( 9181): canShowTrailer,isOffline=false
07-05 20:50:42.379 I/FirstLineAdapter( 9181): canShowTrailer,isOffline=false
07-05 20:50:42.379 I/FirstLineAdapter( 9181): canShowTrailer,isOffline=false
07-05 20:50:42.379 I/FirstLineAdapter( 9181): canShowTrailer,isOffline=false
07-05 20:50:42.392 I/MyFragmentStateAdapter( 9181): getCount
07-05 20:50:42.393 D/OkHttp  ( 9181): <-- 200 OK http://picture.edu.hismarttv.com/images/20170628114944634008.jpg (113ms)
07-05 20:50:42.393 D/OkHttp  ( 9181): Date: Tue, 04 Jul 2017 06:17:59 GMT
07-05 20:50:42.393 D/OkHttp  ( 9181): Server: nginx
07-05 20:50:42.393 D/OkHttp  ( 9181): Content-Type: image/jpeg
07-05 20:50:42.393 D/OkHttp  ( 9181): Content-Length: 23077
07-05 20:50:42.393 D/OkHttp  ( 9181): Last-Modified: Wed, 28 Jun 2017 11:49:44 GMT
07-05 20:50:42.393 D/OkHttp  ( 9181): ETag: "595397d8-5a25"
07-05 20:50:42.393 D/OkHttp  ( 9181): Accept-Ranges: bytes
07-05 20:50:42.393 D/OkHttp  ( 9181): Age: 109963
07-05 20:50:42.393 D/OkHttp  ( 9181): Via: 1.1 pwt48:3 (Cdn Cache Server V2.0)[0 200 0], 1.1 changwtong52:7 (Cdn Cache Server V2.0)[82 200 0]
07-05 20:50:42.393 D/OkHttp  ( 9181): Connection: keep-alive
07-05 20:50:42.393 D/OkHttp  ( 9181): <-- END HTTP
07-05 20:50:42.396 I/FirstLineAdapter( 9181): canShowTrailer,isOffline=false
07-05 20:50:42.402 D/Carousel-CarouselDisplayPlayerLayout( 9181): x=380, y=-185,w=892,h=536, hashCode=704084599
07-05 20:50:42.403 D/Carousel-CarouselDisplayPlayerLayout( 9181): mX=380, mY=-185,mWitdh=892,mHeight=536, hashCode=704084599
07-05 20:50:42.403 D/Carousel-CarouselDisplayPlayerLayout( 9181): changed=false, hashCode=704084599
07-05 20:50:42.403 D/Carousel-CarouselDisplayPlayerLayout( 9181): extraTryCount=1
07-05 20:50:42.411 D/PowerManagerService( 1733): acquireWakeLockInternal: lock=113832109, flags=0x1, tag="NetworkStats", ws=null, uid=1000, pid=1733
07-05 20:50:42.411 D/PowerManagerNotifier( 1733): onWakeLockAcquired: flags=1, tag="NetworkStats", packageName=android, ownerUid=1000, ownerPid=1733, workSource=null
07-05 20:50:42.412 D/NtpTrustedTime( 1733): currentTimeMillis() cache hit
07-05 20:50:42.412 D/OkHttp  ( 9181): <-- 200 OK http://picture.edu.hismarttv.com/images/20170629/%E5%BF%83%E7%AE%97%E5%8F%A3%E8%AF%80%E5%A4%A9%E5%A4%A9%E7%BB%83.jpg (44ms)
07-05 20:50:42.412 D/OkHttp  ( 9181): Date: Mon, 03 Jul 2017 10:27:55 GMT
07-05 20:50:42.412 D/OkHttp  ( 9181): Server: nginx
07-05 20:50:42.412 D/OkHttp  ( 9181): Content-Type: image/jpeg
07-05 20:50:42.412 D/OkHttp  ( 9181): Content-Length: 204643
07-05 20:50:42.412 D/OkHttp  ( 9181): Last-Modified: Fri, 09 Jun 2017 14:51:40 GMT
07-05 20:50:42.412 D/OkHttp  ( 9181): ETag: "593ab5fc-31f63"
07-05 20:50:42.412 D/OkHttp  ( 9181): Accept-Ranges: bytes
07-05 20:50:42.412 D/OkHttp  ( 9181): Age: 181367
07-05 20:50:42.412 D/OkHttp  ( 9181): Via: 1.1 shuozhou56:1 (Cdn Cache Server V2.0)[29 200 0], 1.1 changwtong68:6 (Cdn Cache Server V2.0)[0 200 0]
07-05 20:50:42.412 D/OkHttp  ( 9181): Connection: keep-alive
07-05 20:50:42.412 D/OkHttp  ( 9181): <-- END HTTP
07-05 20:50:42.419 D/NtpTrustedTime( 1733): currentTimeMillis() cache hit
07-05 20:50:42.419 D/HttpHandler( 9181): RetryIntercepter-->retryNum=0
07-05 20:50:42.419 D/HttpHandler( 9181): RetryIntercepter-->backoffmutiplier=0
07-05 20:50:42.420 D/PowerManagerService( 1733): releaseWakeLockInternal: lock=113832109 [NetworkStats], flags=0x0
07-05 20:50:42.420 D/PowerManagerNotifier( 1733): onWakeLockReleased: flags=1, tag="NetworkStats", packageName=android, ownerUid=1000, ownerPid=1733, workSource=null
07-05 20:50:42.420 D/NtpTrustedTime( 1733): currentTimeMillis() cache hit
07-05 20:50:42.420 D/NtpTrustedTime( 1733): currentTimeMillis() cache hit
07-05 20:50:42.431 D/HttpHandler( 9181): RetryIntercepter-->retryNum=0
07-05 20:50:42.432 D/HttpHandler( 9181): RetryIntercepter-->backoffmutiplier=0
07-05 20:50:42.435 D/Carousel-CarouselDisplayPlayerLayout( 9181): x=380, y=-185,w=892,h=536, hashCode=704084599
07-05 20:50:42.435 D/Carousel-CarouselDisplayPlayerLayout( 9181): mX=380, mY=-185,mWitdh=892,mHeight=536, hashCode=704084599
07-05 20:50:42.435 D/Carousel-CarouselDisplayPlayerLayout( 9181): changed=false, hashCode=704084599
07-05 20:50:42.436 D/Carousel-CarouselDisplayPlayerLayout( 9181): extraTryCount=2
07-05 20:50:42.468 D/Carousel-CarouselDisplayPlayerLayout( 9181): x=380, y=-185,w=892,h=536, hashCode=704084599
07-05 20:50:42.468 D/Carousel-CarouselDisplayPlayerLayout( 9181): mX=380, mY=-185,mWitdh=892,mHeight=536, hashCode=704084599
07-05 20:50:42.468 D/Carousel-CarouselDisplayPlayerLayout( 9181): changed=false, hashCode=704084599
07-05 20:50:42.468 D/Carousel-CarouselDisplayPlayerLayout( 9181): extraTryCount=3
07-05 20:50:42.478 I/NetflixMonitorService( 1733): current fgapk : com.hisense.hicloud.edca
07-05 20:50:42.478 I/NetflixMonitorService( 1733): Netflix status unchanged
07-05 20:50:42.534 D/Carousel-CarouselDisplayPlayerLayout( 9181): x=380, y=-185,w=892,h=536, hashCode=704084599
07-05 20:50:42.534 D/Carousel-CarouselDisplayPlayerLayout( 9181): mX=380, mY=-185,mWitdh=892,mHeight=536, hashCode=704084599
07-05 20:50:42.534 D/Carousel-CarouselDisplayPlayerLayout( 9181): changed=false, hashCode=704084599
07-05 20:50:42.534 D/Carousel-CarouselDisplayPlayerLayout( 9181): extraTryCount=4
07-05 20:50:42.573 I/MiSysSrv( 1214): [37m[INFO] Change to Voltage: 107 mv (0x28)[m
07-05 20:50:42.602 D/Carousel-CarouselDisplayPlayerLayout( 9181): x=380, y=-185,w=892,h=536, hashCode=704084599
07-05 20:50:42.602 D/Carousel-CarouselDisplayPlayerLayout( 9181): mX=380, mY=-185,mWitdh=892,mHeight=536, hashCode=704084599
07-05 20:50:42.602 D/Carousel-CarouselDisplayPlayerLayout( 9181): changed=false, hashCode=704084599
07-05 20:50:42.602 D/Carousel-CarouselDisplayPlayerLayout( 9181): extraTryCount=5
07-05 20:50:42.637 I/FirstLineAdapter( 9181): onViewDetachedFromWindow 
07-05 20:50:42.637 I/FirstLineAdapter( 9181): onViewRecycledViewHolder{3a0cf3 position=0 id=-1, oldPos=-1, pLpos:-1 update}
07-05 20:50:42.637 I/FirstLineAdapter( 9181): onViewRecycledViewHolder{3a0cf3 position=0 id=-1, oldPos=-1, pLpos:-1 update no parent}
07-05 20:50:42.667 D/Carousel-CarouselDisplayPlayerLayout( 9181): x=380, y=-185,w=892,h=536, hashCode=704084599
07-05 20:50:42.667 D/Carousel-CarouselDisplayPlayerLayout( 9181): mX=380, mY=-185,mWitdh=892,mHeight=536, hashCode=704084599
07-05 20:50:42.667 D/Carousel-CarouselDisplayPlayerLayout( 9181): changed=false, hashCode=704084599
07-05 20:50:42.667 D/Carousel-CarouselDisplayPlayerLayout( 9181): extraTryCount=6
07-05 20:50:42.671 I/MiSysSrv( 1214): [37m[INFO] Change to Voltage: 117 mv (0x32)[m
07-05 20:50:42.676 D/Carousel-CarouselDisplayPlayerLayout( 9181): x=380, y=-185,w=892,h=536, hashCode=704084599
07-05 20:50:42.676 D/Carousel-CarouselDisplayPlayerLayout( 9181): mX=380, mY=-185,mWitdh=892,mHeight=536, hashCode=704084599
07-05 20:50:42.676 D/Carousel-CarouselDisplayPlayerLayout( 9181): changed=false, hashCode=704084599
07-05 20:50:42.676 D/Carousel-CarouselDisplayPlayerLayout( 9181): extraTryCount=7
07-05 20:50:42.692 I/MyFragmentStateAdapter( 9181): getCount
07-05 20:50:42.692 I/MyFragmentStateAdapter( 9181): getCount
07-05 20:50:42.692 I/MyFragmentStateAdapter( 9181): getCount
07-05 20:50:42.692 I/MyFragmentStateAdapter( 9181): getCount
07-05 20:50:42.693 I/FirstLineAdapter( 9181): canShowTrailer,isOffline=false
07-05 20:50:42.693 I/FirstLineAdapter( 9181): canShowTrailer,isOffline=false
07-05 20:50:42.693 I/FirstLineAdapter( 9181): canShowTrailer,isOffline=false
07-05 20:50:42.693 I/FirstLineAdapter( 9181): canShowTrailer,isOffline=false
07-05 20:50:42.693 I/FirstLineAdapter( 9181): canShowTrailer,isOffline=false
07-05 20:50:42.693 I/FirstLineAdapter( 9181): canShowTrailer,isOffline=false
07-05 20:50:42.693 I/FirstLineAdapter( 9181): canShowTrailer,isOffline=false
07-05 20:50:42.693 I/FirstLineAdapter( 9181): canShowTrailer,isOffline=false
07-05 20:50:42.693 I/FirstLineAdapter( 9181): canShowTrailer,isOffline=false
07-05 20:50:42.697 I/TVMW@HsTvSetting( 1234): Trace cmd, data = 0x1058
07-05 20:50:42.697 D/til@system( 2026): til_get_system_param option:100002F int:0, bool:0, ret:0
07-05 20:50:42.698 I/TVMW@HsTvSetting( 1234): Trace cmd, data = 0x101f
07-05 20:50:42.698 D/til@system( 2026): til_get_system_param option:100001D int:3, bool:3, ret:0
07-05 20:50:42.698 E/til     ( 2026): [til_get_current_input_source, 101] 
07-05 20:50:42.699 I/TVMW@HsTvSetting( 1234): Trace cmd, data = 0x7007
07-05 20:50:42.700 I/MyFragmentStateAdapter( 9181): getCount
07-05 20:50:42.701 I/tilwrapper@sm( 2026): HS2TIL_SourceType *hs=0xd, *til=0x900
07-05 20:50:42.701 D/til     ( 2026): get current source 2304
07-05 20:50:42.701 D/SourceRemoteServiceHandler( 2026): getCurrentInputSource.from.til.result is 0, value is 2304
07-05 20:50:42.701 D/SourceRemoteServiceHandler( 2026): getInputSourceType source: 0x900, type=2304
07-05 20:50:42.701 D/til     ( 2026): ###### func:til_get_picture_param option:0x3000006 ######  
07-05 20:50:42.703 I/TVMW@HsTvSetting( 1234): Trace cmd, data = 0x1003
07-05 20:50:42.703 I/TVMW@HsTvSetting( 1234): Trace cmd, data = 0x8032
07-05 20:50:42.704 I/hstvos  ( 1216): [0m[1;33m[HSHAL][HS_VIDEO][HS_HAL_Video_SetOsdDetect_v2][2389]u16Threshold = 20
07-05 20:50:42.704 I/MiSysSrv( 1214): Not support now! 42, change to mm_video!!!
07-05 20:50:42.704 D/Carousel-CarouselDisplayPlayerLayout( 9181): x=380, y=-185,w=892,h=536, hashCode=704084599
07-05 20:50:42.704 D/Carousel-CarouselDisplayPlayerLayout( 9181): mX=380, mY=-185,mWitdh=892,mHeight=536, hashCode=704084599
07-05 20:50:42.704 D/Carousel-CarouselDisplayPlayerLayout( 9181): changed=false, hashCode=704084599
07-05 20:50:42.704 D/Carousel-CarouselDisplayPlayerLayout( 9181): extraTryCount=8
07-05 20:50:42.707 E/TVMW@videoctrl( 1234):  getOsd is 1
07-05 20:50:42.707 D/til@system( 2026): til_get_system_param option:1000027 int:1, bool:1, ret:0
07-05 20:50:42.707 D/til     ( 2026): ###### func:til_get_picture_param option:0x3000045 ######  
07-05 20:50:42.708 I/TVMW@HsTvSetting( 1234): Trace cmd, data = 0x300c
07-05 20:50:42.708 I/TVMW@HsTvSetting( 1234): Trace 3d, data = 0x300c
07-05 20:50:42.708 I/TVMW@3d ( 1234): Hs_debug3d_trace: func:get3dStatus, line:109
07-05 20:50:42.731 D/Carousel-CarouselDisplayPlayerLayout( 9181): x=380, y=-185,w=892,h=536, hashCode=704084599
07-05 20:50:42.732 D/Carousel-CarouselDisplayPlayerLayout( 9181): mX=380, mY=-185,mWitdh=892,mHeight=536, hashCode=704084599
07-05 20:50:42.732 D/Carousel-CarouselDisplayPlayerLayout( 9181): changed=false, hashCode=704084599
07-05 20:50:42.732 D/Carousel-CarouselDisplayPlayerLayout( 9181): extraTryCount=9
07-05 20:50:42.746 I/FirstLineAdapter( 9181): canShowTrailer,isOffline=false
07-05 20:50:42.747 D/Carousel-CarouselDisplayPlayerLayout( 9181): x=380, y=-185,w=892,h=536, hashCode=704084599
07-05 20:50:42.747 D/Carousel-CarouselDisplayPlayerLayout( 9181): mX=380, mY=-185,mWitdh=892,mHeight=536, hashCode=704084599
07-05 20:50:42.748 D/Carousel-CarouselDisplayPlayerLayout( 9181): changed=false, hashCode=704084599
07-05 20:50:42.833 D/ReminderManager( 2628): Checking reminders in 60000 ms
07-05 20:50:42.873 I/MiSysSrv( 1214): [37m[INFO] Change to Voltage: 102 mv (0x23)[m
07-05 20:50:42.981 D/MediaHTTPConnection( 9181): [Connection@723403403] getSize mTotalSize = 218840697
07-05 20:50:42.983 W/FFmpegExtractor( 1206): drop the packet with negative timestamp(pts:-1024)
07-05 20:50:43.103 I/TVMW@devctrl( 1234): wdt
07-05 20:50:43.195 D/PowerManagerService( 1733): acquireWakeLockInternal: lock=113832109, flags=0x1, tag="NetworkStats", ws=null, uid=1000, pid=1733
07-05 20:50:43.195 D/PowerManagerNotifier( 1733): onWakeLockAcquired: flags=1, tag="NetworkStats", packageName=android, ownerUid=1000, ownerPid=1733, workSource=null
07-05 20:50:43.195 D/NtpTrustedTime( 1733): currentTimeMillis() cache hit
07-05 20:50:43.200 D/NtpTrustedTime( 1733): currentTimeMillis() cache hit
07-05 20:50:43.201 D/PowerManagerService( 1733): releaseWakeLockInternal: lock=113832109 [NetworkStats], flags=0x0
07-05 20:50:43.201 D/PowerManagerNotifier( 1733): onWakeLockReleased: flags=1, tag="NetworkStats", packageName=android, ownerUid=1000, ownerPid=1733, workSource=null
07-05 20:50:43.201 D/NtpTrustedTime( 1733): currentTimeMillis() cache hit
07-05 20:50:43.201 D/NtpTrustedTime( 1733): currentTimeMillis() cache hit
07-05 20:50:43.211 I/TVMW@HsTvSetting( 1234): Trace cmd, data = 0x1058
07-05 20:50:43.211 D/til@system( 2026): til_get_system_param option:100002F int:0, bool:0, ret:0
07-05 20:50:43.212 I/TVMW@HsTvSetting( 1234): Trace cmd, data = 0x101f
07-05 20:50:43.212 D/til@system( 2026): til_get_system_param option:100001D int:3, bool:3, ret:0
07-05 20:50:43.212 E/til     ( 2026): [til_get_current_input_source, 101] 
07-05 20:50:43.212 I/TVMW@HsTvSetting( 1234): Trace cmd, data = 0x7007
07-05 20:50:43.212 I/tilwrapper@sm( 2026): HS2TIL_SourceType *hs=0xd, *til=0x900
07-05 20:50:43.212 D/til     ( 2026): get current source 2304
07-05 20:50:43.212 D/SourceRemoteServiceHandler( 2026): getCurrentInputSource.from.til.result is 0, value is 2304
07-05 20:50:43.212 D/SourceRemoteServiceHandler( 2026): getInputSourceType source: 0x900, type=2304
07-05 20:50:43.212 D/til     ( 2026): ###### func:til_get_picture_param option:0x3000006 ######  
07-05 20:50:43.213 I/TVMW@HsTvSetting( 1234): Trace cmd, data = 0x1003
07-05 20:50:43.213 I/TVMW@HsTvSetting( 1234): Trace cmd, data = 0x8032
07-05 20:50:43.213 I/hstvos  ( 1216): [0m[1;33m[HSHAL][HS_VIDEO][HS_HAL_Video_SetOsdDetect_v2][2389]u16Threshold = 20
07-05 20:50:43.214 I/MiSysSrv( 1214): Not support now! 42, change to mm_video!!!
07-05 20:50:43.214 E/TVMW@videoctrl( 1234):  getOsd is 1
07-05 20:50:43.214 D/til@system( 2026): til_get_system_param option:1000027 int:1, bool:1, ret:0
07-05 20:50:43.215 D/til     ( 2026): ###### func:til_get_picture_param option:0x3000045 ######  
07-05 20:50:43.215 I/TVMW@HsTvSetting( 1234): Trace cmd, data = 0x300c
07-05 20:50:43.215 I/TVMW@HsTvSetting( 1234): Trace 3d, data = 0x300c
07-05 20:50:43.215 I/TVMW@3d ( 1234): Hs_debug3d_trace: func:get3dStatus, line:109
07-05 20:50:43.249 I/MyFragmentStateAdapter( 9181): getCount
07-05 20:50:43.265 D/CommonHeader( 9181): app logo :refreshTimer: isRotatetrue
07-05 20:50:43.297 I/MyFragmentStateAdapter( 9181): getCount
07-05 20:50:43.320 I/MyFragmentStateAdapter( 9181): getCount
07-05 20:50:43.343 I/MyFragmentStateAdapter( 9181): getCount
07-05 20:50:43.366 I/MyFragmentStateAdapter( 9181): getCount
07-05 20:50:43.389 I/MyFragmentStateAdapter( 9181): getCount
07-05 20:50:43.415 I/MyFragmentStateAdapter( 9181): getCount
07-05 20:50:43.438 D/DtvSourcePlugin-DVBC( 2628): Setting the EPG Updater state to: WAIT
07-05 20:50:43.448 I/MyFragmentStateAdapter( 9181): getCount
07-05 20:50:43.460 W/account ( 2411): ResignonThread==>mHandler.sendEmptyMessageDelayed(0, CYCLE_TIME);
07-05 20:50:43.478 I/NetflixMonitorService( 1733): current fgapk : com.hisense.hicloud.edca
07-05 20:50:43.478 I/NetflixMonitorService( 1733): Netflix status unchanged
07-05 20:50:43.486 I/MyFragmentStateAdapter( 9181): getCount
07-05 20:50:43.516 I/MyFragmentStateAdapter( 9181): getCount
07-05 20:50:43.545 I/MyFragmentStateAdapter( 9181): getCount
07-05 20:50:43.570 I/MyFragmentStateAdapter( 9181): getCount
07-05 20:50:43.595 I/MyFragmentStateAdapter( 9181): getCount
07-05 20:50:43.615 I/MyFragmentStateAdapter( 9181): getCount
07-05 20:50:43.636 I/MyFragmentStateAdapter( 9181): getCount
07-05 20:50:43.656 I/MyFragmentStateAdapter( 9181): getCount
07-05 20:50:43.678 I/MyFragmentStateAdapter( 9181): getCount
07-05 20:50:43.705 I/MyFragmentStateAdapter( 9181): getCount
07-05 20:50:43.715 I/TVMW@HsTvSetting( 1234): Trace cmd, data = 0x1058
07-05 20:50:43.715 D/til@system( 2026): til_get_system_param option:100002F int:0, bool:0, ret:0
07-05 20:50:43.715 I/TVMW@HsTvSetting( 1234): Trace cmd, data = 0x101f
07-05 20:50:43.715 D/til@system( 2026): til_get_system_param option:100001D int:3, bool:3, ret:0
07-05 20:50:43.715 E/til     ( 2026): [til_get_current_input_source, 101] 
07-05 20:50:43.716 I/TVMW@HsTvSetting( 1234): Trace cmd, data = 0x7007
07-05 20:50:43.716 I/tilwrapper@sm( 2026): HS2TIL_SourceType *hs=0xd, *til=0x900
07-05 20:50:43.716 D/til     ( 2026): get current source 2304
07-05 20:50:43.716 D/SourceRemoteServiceHandler( 2026): getCurrentInputSource.from.til.result is 0, value is 2304
07-05 20:50:43.716 D/SourceRemoteServiceHandler( 2026): getInputSourceType source: 0x900, type=2304
07-05 20:50:43.716 D/til     ( 2026): ###### func:til_get_picture_param option:0x3000006 ######  
07-05 20:50:43.716 I/TVMW@HsTvSetting( 1234): Trace cmd, data = 0x1003
07-05 20:50:43.717 I/TVMW@HsTvSetting( 1234): Trace cmd, data = 0x8032
07-05 20:50:43.717 I/hstvos  ( 1216): [0m[1;33m[HSHAL][HS_VIDEO][HS_HAL_Video_SetOsdDetect_v2][2389]u16Threshold = 20
07-05 20:50:43.717 I/MiSysSrv( 1214): Not support now! 42, change to mm_video!!!
07-05 20:50:43.717 E/TVMW@videoctrl( 1234):  getOsd is 1
07-05 20:50:43.718 D/til@system( 2026): til_get_system_param option:1000027 int:1, bool:1, ret:0
07-05 20:50:43.718 D/til     ( 2026): ###### func:til_get_picture_param option:0x3000045 ######  
07-05 20:50:43.718 I/TVMW@HsTvSetting( 1234): Trace cmd, data = 0x300c
07-05 20:50:43.718 I/TVMW@HsTvSetting( 1234): Trace 3d, data = 0x300c
07-05 20:50:43.718 I/TVMW@3d ( 1234): Hs_debug3d_trace: func:get3dStatus, line:109
07-05 20:50:43.731 I/MyFragmentStateAdapter( 9181): getCount
07-05 20:50:43.757 I/MyFragmentStateAdapter( 9181): getCount
07-05 20:50:43.770 D/NativeDecimalFormat( 2945): NativeDecimalFormat_close print addr=3678516224
07-05 20:50:43.770 D/NativeDecimalFormat( 2945): NativeDecimalFormat_close print g_addr=3678516992
07-05 20:50:43.770 D/NativeDecimalFormat( 2945): NativeDecimalFormat_close print addr=3678516992
07-05 20:50:43.770 D/NativeDecimalFormat( 2945): NativeDecimalFormat_close print g_addr=3678516992
07-05 20:50:43.784 I/MyFragmentStateAdapter( 9181): getCount
07-05 20:50:43.810 I/MyFragmentStateAdapter( 9181): getCount
07-05 20:50:43.835 I/MyFragmentStateAdapter( 9181): getCount
07-05 20:50:43.859 I/MyFragmentStateAdapter( 9181): getCount
07-05 20:50:43.880 I/MyFragmentStateAdapter( 9181): getCount
07-05 20:50:43.903 I/MyFragmentStateAdapter( 9181): getCount
07-05 20:50:43.908 I/HLSP2P  ( 3457): ## 2017-07-05 20:50:43.907 [3457,3628,:0] INFO ## [HLSP2P][PunchHelper.cpp:286][INFO][SendHeartBeatMsg][PunchHelper] send heartbeat to punch server(111.161.53.222:8002) ok
07-05 20:50:43.909 I/art     ( 9147): Background sticky concurrent mark sweep GC freed 15652(832KB) AllocSpace objects, 0(0B) LOS objects, 54% free, 756KB/1671KB, paused 6.504ms total 12.508ms
07-05 20:50:43.923 I/HLSP2P  ( 3457): ## 2017-07-05 20:50:43.922 [3457,3630,:0] INFO ## [HLSP2P][PunchHelper.cpp:431][INFO][OnHeartbeatRsp][PunchHelper] punch heartbeat rsp ok
07-05 20:50:43.928 I/MyFragmentStateAdapter( 9181): getCount
07-05 20:50:43.957 I/MyFragmentStateAdapter( 9181): getCount
07-05 20:50:43.984 I/MyFragmentStateAdapter( 9181): getCount
07-05 20:50:44.003 I/TVMW@devctrl( 1234): wdt
07-05 20:50:44.016 I/MyFragmentStateAdapter( 9181): getCount
07-05 20:50:44.031 D/PowerManagerService( 1733): acquireWakeLockInternal: lock=113832109, flags=0x1, tag="NetworkStats", ws=null, uid=1000, pid=1733
07-05 20:50:44.031 D/PowerManagerNotifier( 1733): onWakeLockAcquired: flags=1, tag="NetworkStats", packageName=android, ownerUid=1000, ownerPid=1733, workSource=null
07-05 20:50:44.031 D/NtpTrustedTime( 1733): currentTimeMillis() cache hit
07-05 20:50:44.037 D/NtpTrustedTime( 1733): currentTimeMillis() cache hit
07-05 20:50:44.037 D/PowerManagerService( 1733): releaseWakeLockInternal: lock=113832109 [NetworkStats], flags=0x0
07-05 20:50:44.037 D/PowerManagerNotifier( 1733): onWakeLockReleased: flags=1, tag="NetworkStats", packageName=android, ownerUid=1000, ownerPid=1733, workSource=null
07-05 20:50:44.037 D/NtpTrustedTime( 1733): currentTimeMillis() cache hit
07-05 20:50:44.037 D/NtpTrustedTime( 1733): currentTimeMillis() cache hit
07-05 20:50:44.045 I/MyFragmentStateAdapter( 9181): getCount
07-05 20:50:44.067 I/MyFragmentStateAdapter( 9181): getCount
07-05 20:50:44.090 I/MyFragmentStateAdapter( 9181): getCount
07-05 20:50:44.119 I/MyFragmentStateAdapter( 9181): getCount
07-05 20:50:44.143 I/MyFragmentStateAdapter( 9181): getCount
07-05 20:50:44.164 I/MyFragmentStateAdapter( 9181): getCount
07-05 20:50:44.186 I/MyFragmentStateAdapter( 9181): getCount
07-05 20:50:44.211 I/MyFragmentStateAdapter( 9181): getCount
07-05 20:50:44.219 I/TVMW@HsTvSetting( 1234): Trace cmd, data = 0x1058
07-05 20:50:44.219 D/til@system( 2026): til_get_system_param option:100002F int:0, bool:0, ret:0
07-05 20:50:44.220 I/TVMW@HsTvSetting( 1234): Trace cmd, data = 0x101f
07-05 20:50:44.220 D/til@system( 2026): til_get_system_param option:100001D int:3, bool:3, ret:0
07-05 20:50:44.220 E/til     ( 2026): [til_get_current_input_source, 101] 
07-05 20:50:44.220 I/TVMW@HsTvSetting( 1234): Trace cmd, data = 0x7007
07-05 20:50:44.220 I/tilwrapper@sm( 2026): HS2TIL_SourceType *hs=0xd, *til=0x900
07-05 20:50:44.220 D/til     ( 2026): get current source 2304
07-05 20:50:44.220 D/SourceRemoteServiceHandler( 2026): getCurrentInputSource.from.til.result is 0, value is 2304
07-05 20:50:44.220 D/SourceRemoteServiceHandler( 2026): getInputSourceType source: 0x900, type=2304
07-05 20:50:44.220 D/til     ( 2026): ###### func:til_get_picture_param option:0x3000006 ######  
07-05 20:50:44.220 I/TVMW@HsTvSetting( 1234): Trace cmd, data = 0x1003
07-05 20:50:44.221 I/TVMW@HsTvSetting( 1234): Trace cmd, data = 0x8032
07-05 20:50:44.221 I/hstvos  ( 1216): [0m[1;33m[HSHAL][HS_VIDEO][HS_HAL_Video_SetOsdDetect_v2][2389]u16Threshold = 20
07-05 20:50:44.222 I/MiSysSrv( 1214): Not support now! 42, change to mm_video!!!
07-05 20:50:44.223 E/TVMW@videoctrl( 1234):  getOsd is 1
07-05 20:50:44.223 D/til@system( 2026): til_get_system_param option:1000027 int:1, bool:1, ret:0
07-05 20:50:44.223 D/til     ( 2026): ###### func:til_get_picture_param option:0x3000045 ######  
07-05 20:50:44.224 I/TVMW@HsTvSetting( 1234): Trace cmd, data = 0x300c
07-05 20:50:44.224 I/TVMW@HsTvSetting( 1234): Trace 3d, data = 0x300c
07-05 20:50:44.224 I/TVMW@3d ( 1234): Hs_debug3d_trace: func:get3dStatus, line:109
07-05 20:50:44.236 I/MyFragmentStateAdapter( 9181): getCount
07-05 20:50:44.259 I/MyFragmentStateAdapter( 9181): getCount
07-05 20:50:44.293 I/MyFragmentStateAdapter( 9181): getCount
07-05 20:50:44.317 I/MyFragmentStateAdapter( 9181): getCount
07-05 20:50:44.340 I/MyFragmentStateAdapter( 9181): getCount
07-05 20:50:44.364 I/MyFragmentStateAdapter( 9181): getCount
07-05 20:50:44.386 I/MyFragmentStateAdapter( 9181): getCount
07-05 20:50:44.408 I/MyFragmentStateAdapter( 9181): getCount
07-05 20:50:44.432 I/MyFragmentStateAdapter( 9181): getCount
07-05 20:50:44.458 I/MyFragmentStateAdapter( 9181): getCount
07-05 20:50:44.479 I/NetflixMonitorService( 1733): current fgapk : com.hisense.hicloud.edca
07-05 20:50:44.479 I/NetflixMonitorService( 1733): Netflix status unchanged
07-05 20:50:44.481 I/MyFragmentStateAdapter( 9181): getCount
07-05 20:50:44.505 I/MyFragmentStateAdapter( 9181): getCount
07-05 20:50:44.525 I/MyFragmentStateAdapter( 9181): getCount
07-05 20:50:44.547 I/MyFragmentStateAdapter( 9181): getCount
07-05 20:50:44.567 I/MyFragmentStateAdapter( 9181): getCount
07-05 20:50:44.587 I/MyFragmentStateAdapter( 9181): getCount
07-05 20:50:44.612 I/MyFragmentStateAdapter( 9181): getCount
07-05 20:50:44.643 I/MyFragmentStateAdapter( 9181): getCount
07-05 20:50:44.673 I/MyFragmentStateAdapter( 9181): getCount
07-05 20:50:44.697 I/MyFragmentStateAdapter( 9181): getCount
07-05 20:50:44.718 I/MyFragmentStateAdapter( 9181): getCount
07-05 20:50:44.726 I/TVMW@HsTvSetting( 1234): Trace cmd, data = 0x1058
07-05 20:50:44.726 D/til@system( 2026): til_get_system_param option:100002F int:0, bool:0, ret:0
07-05 20:50:44.726 I/TVMW@HsTvSetting( 1234): Trace cmd, data = 0x101f
07-05 20:50:44.726 D/til@system( 2026): til_get_system_param option:100001D int:3, bool:3, ret:0
07-05 20:50:44.727 E/til     ( 2026): [til_get_current_input_source, 101] 
07-05 20:50:44.727 I/TVMW@HsTvSetting( 1234): Trace cmd, data = 0x7007
07-05 20:50:44.727 I/tilwrapper@sm( 2026): HS2TIL_SourceType *hs=0xd, *til=0x900
07-05 20:50:44.727 D/til     ( 2026): get current source 2304
07-05 20:50:44.727 D/SourceRemoteServiceHandler( 2026): getCurrentInputSource.from.til.result is 0, value is 2304
07-05 20:50:44.727 D/SourceRemoteServiceHandler( 2026): getInputSourceType source: 0x900, type=2304
07-05 20:50:44.727 D/til     ( 2026): ###### func:til_get_picture_param option:0x3000006 ######  
07-05 20:50:44.727 I/TVMW@HsTvSetting( 1234): Trace cmd, data = 0x1003
07-05 20:50:44.727 I/TVMW@HsTvSetting( 1234): Trace cmd, data = 0x8032
07-05 20:50:44.728 I/hstvos  ( 1216): [0m[1;33m[HSHAL][HS_VIDEO][HS_HAL_Video_SetOsdDetect_v2][2389]u16Threshold = 20
07-05 20:50:44.728 E/TVMW@videoctrl( 1234):  getOsd is 1
07-05 20:50:44.728 D/til@system( 2026): til_get_system_param option:1000027 int:1, bool:1, ret:0
07-05 20:50:44.728 I/MiSysSrv( 1214): Not support now! 42, change to mm_video!!!
07-05 20:50:44.729 D/til     ( 2026): ###### func:til_get_picture_param option:0x3000045 ######  
07-05 20:50:44.729 I/TVMW@HsTvSetting( 1234): Trace cmd, data = 0x300c
07-05 20:50:44.729 I/TVMW@HsTvSetting( 1234): Trace 3d, data = 0x300c
07-05 20:50:44.729 I/TVMW@3d ( 1234): Hs_debug3d_trace: func:get3dStatus, line:109
07-05 20:50:44.745 I/MyFragmentStateAdapter( 9181): getCount
07-05 20:50:44.773 I/MyFragmentStateAdapter( 9181): getCount
07-05 20:50:44.800 I/MyFragmentStateAdapter( 9181): getCount
07-05 20:50:44.825 I/MyFragmentStateAdapter( 9181): getCount
07-05 20:50:44.846 I/MyFragmentStateAdapter( 9181): getCount
07-05 20:50:44.861 D/PowerManagerService( 1733): acquireWakeLockInternal: lock=113832109, flags=0x1, tag="NetworkStats", ws=null, uid=1000, pid=1733
07-05 20:50:44.861 D/PowerManagerNotifier( 1733): onWakeLockAcquired: flags=1, tag="NetworkStats", packageName=android, ownerUid=1000, ownerPid=1733, workSource=null
07-05 20:50:44.861 D/NtpTrustedTime( 1733): currentTimeMillis() cache hit
07-05 20:50:44.868 D/NtpTrustedTime( 1733): currentTimeMillis() cache hit
07-05 20:50:44.869 D/NtpTrustedTime( 1733): currentTimeMillis() cache hit
07-05 20:50:44.869 D/NtpTrustedTime( 1733): currentTimeMillis() cache hit
07-05 20:50:44.869 D/PowerManagerService( 1733): releaseWakeLockInternal: lock=113832109 [NetworkStats], flags=0x0
07-05 20:50:44.869 D/PowerManagerNotifier( 1733): onWakeLockReleased: flags=1, tag="NetworkStats", packageName=android, ownerUid=1000, ownerPid=1733, workSource=null
07-05 20:50:44.881 I/MyFragmentStateAdapter( 9181): getCount
07-05 20:50:44.903 I/MyFragmentStateAdapter( 9181): getCount
07-05 20:50:44.903 I/TVMW@devctrl( 1234): wdt
07-05 20:50:44.927 I/MyFragmentStateAdapter( 9181): getCount
07-05 20:50:44.947 I/MyFragmentStateAdapter( 9181): getCount
07-05 20:50:44.973 I/MyFragmentStateAdapter( 9181): getCount
07-05 20:50:44.997 I/MyFragmentStateAdapter( 9181): getCount
07-05 20:50:45.024 I/MyFragmentStateAdapter( 9181): getCount
07-05 20:50:45.054 I/MyFragmentStateAdapter( 9181): getCount
07-05 20:50:45.073 D/MC_MEMORY(17185): max: 256.261888 Mb, heap: 10.10783 Mb, allocated: 8.9100 Mb, free: 1.1683 Mb, native heap: 12.12276 Mb, native allocated: 8.8384 Mb, native free: 3.3892 Mb
07-05 20:50:45.077 I/MyFragmentStateAdapter( 9181): getCount
07-05 20:50:45.107 I/MyFragmentStateAdapter( 9181): getCount
07-05 20:50:45.113 D/MyLocalStartService( 3890): currentName is :com.hisense.hicloud.edca
07-05 20:50:45.136 I/MyFragmentStateAdapter( 9181): getCount
07-05 20:50:45.166 I/MyFragmentStateAdapter( 9181): getCount
07-05 20:50:45.193 I/MyFragmentStateAdapter( 9181): getCount
07-05 20:50:45.217 I/MyFragmentStateAdapter( 9181): getCount
07-05 20:50:45.230 I/TVMW@HsTvSetting( 1234): Trace cmd, data = 0x1058
07-05 20:50:45.230 D/til@system( 2026): til_get_system_param option:100002F int:0, bool:0, ret:0
07-05 20:50:45.230 I/TVMW@HsTvSetting( 1234): Trace cmd, data = 0x101f
07-05 20:50:45.231 D/til@system( 2026): til_get_system_param option:100001D int:3, bool:3, ret:0
07-05 20:50:45.231 E/til     ( 2026): [til_get_current_input_source, 101] 
07-05 20:50:45.231 I/TVMW@HsTvSetting( 1234): Trace cmd, data = 0x7007
07-05 20:50:45.231 I/tilwrapper@sm( 2026): HS2TIL_SourceType *hs=0xd, *til=0x900
07-05 20:50:45.231 D/til     ( 2026): get current source 2304
07-05 20:50:45.231 D/SourceRemoteServiceHandler( 2026): getCurrentInputSource.from.til.result is 0, value is 2304
07-05 20:50:45.231 D/SourceRemoteServiceHandler( 2026): getInputSourceType source: 0x900, type=2304
07-05 20:50:45.231 D/til     ( 2026): ###### func:til_get_picture_param option:0x3000006 ######  
07-05 20:50:45.231 I/TVMW@HsTvSetting( 1234): Trace cmd, data = 0x1003
07-05 20:50:45.232 I/TVMW@HsTvSetting( 1234): Trace cmd, data = 0x8032
07-05 20:50:45.232 I/hstvos  ( 1216): [0m[1;33m[HSHAL][HS_VIDEO][HS_HAL_Video_SetOsdDetect_v2][2389]u16Threshold = 20
07-05 20:50:45.233 I/MiSysSrv( 1214): Not support now! 42, change to mm_video!!!
07-05 20:50:45.235 E/TVMW@videoctrl( 1234):  getOsd is 1
07-05 20:50:45.235 D/til@system( 2026): til_get_system_param option:1000027 int:1, bool:1, ret:0
07-05 20:50:45.235 D/til     ( 2026): ###### func:til_get_picture_param option:0x3000045 ######  
07-05 20:50:45.235 I/TVMW@HsTvSetting( 1234): Trace cmd, data = 0x300c
07-05 20:50:45.235 I/TVMW@HsTvSetting( 1234): Trace 3d, data = 0x300c
07-05 20:50:45.235 I/TVMW@3d ( 1234): Hs_debug3d_trace: func:get3dStatus, line:109
07-05 20:50:45.252 I/MyFragmentStateAdapter( 9181): getCount
07-05 20:50:45.277 I/MyFragmentStateAdapter( 9181): getCount
07-05 20:50:45.299 I/MyFragmentStateAdapter( 9181): getCount
07-05 20:50:45.324 I/MyFragmentStateAdapter( 9181): getCount
07-05 20:50:45.341 E/btif_config( 2964): [btif_config_get] node is TRUE!
07-05 20:50:45.341 E/btif_config( 2964): [btif_config_get] ret is TRUE!
07-05 20:50:45.354 I/MyFragmentStateAdapter( 9181): getCount
07-05 20:50:45.370 I/HLSP2P  ( 2548): ## 2017-07-05 20:50:45.369 [2548,2817,:0] INFO ## [HLSP2P][TaskManager.cpp:838][INFO][UpdateGlobalInfo]totalDataSize: 0, totalMemorySize: 0, totalCacheSize: 0, PlayTaskAllFinish: 0
07-05 20:50:45.374 I/HLSP2P  ( 2548): ## 2017-07-05 20:50:45.373 [2548,2817,:0] INFO ## [HLSP2P][TaskManager.cpp:1348][INFO][TryAdjustMemorySize]system memory total size: 1912M, free size: 569MB, cache add to 100MB, AppState: 14, IsLowMemory: 0
07-05 20:50:45.377 I/MyFragmentStateAdapter( 9181): getCount
07-05 20:50:45.405 I/MyFragmentStateAdapter( 9181): getCount
07-05 20:50:45.434 I/MyFragmentStateAdapter( 9181): getCount
07-05 20:50:45.456 I/MyFragmentStateAdapter( 9181): getCount
07-05 20:50:45.479 I/NetflixMonitorService( 1733): current fgapk : com.hisense.hicloud.edca
07-05 20:50:45.479 I/NetflixMonitorService( 1733): Netflix status unchanged
07-05 20:50:45.485 D/SurfaceFlinger( 1204): captureScreen: maxLayerZ = -1
07-05 20:50:45.485 D/hwcomposer( 1204): [capture screen]:startCapture ctx->captureScreenAddr = 7f73e89000,capture width = 1920,height = 1080
07-05 20:50:45.485 D/hwcomposer( 1204): [capture screen]:Start_Capture 
07-05 20:50:45.485 D/hwcomposer( 1204): [capture screen]:u32MemoryPhyAddress 14100000 u32MemorySize 7e9000
07-05 20:50:45.489 I/MyFragmentStateAdapter( 9181): getCount
07-05 20:50:45.490 D/        ( 1204): DIP already Opened
07-05 20:50:45.490 D/        ( 1204): DIP already Opened
07-05 20:50:45.490 D/        ( 1204): MDrv_CMD_DIP_GET_RESOURCE[0]   start
07-05 20:50:45.490 D/        ( 1204): MDrv_CMD_DIP_GET_RESOURCE[0]   end
07-05 20:50:45.495 D/hwcomposer( 1204): [capture screen]:dip win = 0
07-05 20:50:45.495 D/        ( 1204): DIP already Opened
07-05 20:50:45.511 D/hwcomposer( 1204): [capture screen]: ---enInputSourceType=1
07-05 20:50:45.512 D/hwcomposer( 1204): [capture screen]: ---SetDIPWin x,y,w,h=0,0,3840,2160
07-05 20:50:45.512 D/hwcomposer( 1204): [capture screen]: ---stDispWin x,y,w,h=0,0,0,0
07-05 20:50:45.512 D/hwcomposer( 1204): [capture screen]: ---stCropWin x,y,w,h=0,0,0,0
07-05 20:50:45.512 D/hwcomposer( 1204): [capture screen]: ---bInterlace, bHDuplicate, u16InputVFreq,u16InputVTotal, u16DefaultHtotal, u8DefaultPhase=0,0,0,0,0,0
07-05 20:50:45.512 D/hwcomposer( 1204): [capture screen]: ---bHCusScaling[0] src,dst =0,0
07-05 20:50:45.512 D/hwcomposer( 1204): [capture screen]: ---bVCusScaling[0] src,dst =0,0
07-05 20:50:45.512 D/hwcomposer( 1204): [capture screen]: ---bDisplayNineLattice=0
07-05 20:50:45.512 D/hwcomposer( 1204): [capture screen]: ---PreScalingH[1] src,dst =3840,1920
07-05 20:50:45.512 D/hwcomposer( 1204): [capture screen]: ---PreScalingV[1] src,dst =2160,1080
07-05 20:50:45.512 D/hwcomposer( 1204): [capture screen]: ---u16DefaultPhase=0
07-05 20:50:45.512 D/hwcomposer( 1204): [capture screen]: ---DIP bufcount=1, output w,h=1920,1080, u32BufStart, u32BufEnd = 0x14100000,0x148e9000, enSource= 6
07-05 20:50:45.518 I/MyFragmentStateAdapter( 9181): getCount
07-05 20:50:45.520 D/hwcomposer( 1204): [captureScreen]:sucess!!!
07-05 20:50:45.520 D/hwcomposer( 1204): [capture screen]: CaptureDone u16IntStatus 0 
07-05 20:50:45.536 D/hwcomposer( 1204): [capture screen]: delay 16 ms, CaptureDone u16IntStatus 0 
07-05 20:50:45.547 I/MyFragmentStateAdapter( 9181): getCount
07-05 20:50:45.549 I/art     ( 9147): Background sticky concurrent mark sweep GC freed 3305(176KB) AllocSpace objects, 0(0B) LOS objects, 14% free, 1432KB/1671KB, paused 5.109ms total 8.965ms
07-05 20:50:45.552 D/hwcomposer( 1204): [capture screen]: delay 32 ms, CaptureDone u16IntStatus 1 
07-05 20:50:45.552 D/        ( 1204): DIP already Opened
07-05 20:50:45.552 D/        ( 1204): MDrv_CMD_DIP_RELEASE_RESOURCE[0]   start
07-05 20:50:45.552 D/        ( 1204): MDrv_CMD_DIP_RELEASE_RESOURCE[0]   end
07-05 20:50:45.552 D/SurfaceFlinger( 1204): captureScreen:mCaptureDataAddr = 7f73e89000,supportWidth = 1920,supportHeight = 1080
07-05 20:50:45.554 D/gralloc ( 1204): allocate buffer from ION HEAP 0x1
07-05 20:50:45.554 D/gralloc ( 1204): allocate memory from system heap
07-05 20:50:45.575 I/MyFragmentStateAdapter( 9181): getCount
07-05 20:50:45.608 I/MyFragmentStateAdapter( 9181): getCount
07-05 20:50:45.644 I/MyFragmentStateAdapter( 9181): getCount
07-05 20:50:45.668 I/MyFragmentStateAdapter( 9181): getCount
07-05 20:50:45.694 I/MyFragmentStateAdapter( 9181): getCount
07-05 20:50:45.698 W/GLConsumer( 1204): [com.hisense.hicloud.edca/com.hisense.tvui.newhome.HomeMainActivity] bindTextureImage: clearing GL error: 0x500
07-05 20:50:45.698 D/hwcomposer( 1204): [capture screen]: DIP_releaseCaptureScreenMemory!!!!
07-05 20:50:45.700 D/PowerManagerService( 1733): acquireWakeLockInternal: lock=113832109, flags=0x1, tag="NetworkStats", ws=null, uid=1000, pid=1733
07-05 20:50:45.700 D/PowerManagerNotifier( 1733): onWakeLockAcquired: flags=1, tag="NetworkStats", packageName=android, ownerUid=1000, ownerPid=1733, workSource=null
07-05 20:50:45.700 D/NtpTrustedTime( 1733): currentTimeMillis() cache hit
07-05 20:50:45.707 D/NtpTrustedTime( 1733): currentTimeMillis() cache hit
07-05 20:50:45.708 D/NtpTrustedTime( 1733): currentTimeMillis() cache hit
07-05 20:50:45.708 D/NtpTrustedTime( 1733): currentTimeMillis() cache hit
07-05 20:50:45.708 D/PowerManagerService( 1733): releaseWakeLockInternal: lock=113832109 [NetworkStats], flags=0x0
07-05 20:50:45.708 D/PowerManagerNotifier( 1733): onWakeLockReleased: flags=1, tag="NetworkStats", packageName=android, ownerUid=1000, ownerPid=1733, workSource=null
07-05 20:50:45.730 I/MyFragmentStateAdapter( 9181): getCount
07-05 20:50:45.736 I/TVMW@HsTvSetting( 1234): Trace cmd, data = 0x1058
07-05 20:50:45.737 D/til@system( 2026): til_get_system_param option:100002F int:0, bool:0, ret:0
07-05 20:50:45.737 I/TVMW@HsTvSetting( 1234): Trace cmd, data = 0x101f
07-05 20:50:45.737 D/til@system( 2026): til_get_system_param option:100001D int:3, bool:3, ret:0
07-05 20:50:45.737 E/til     ( 2026): [til_get_current_input_source, 101] 
07-05 20:50:45.737 I/TVMW@HsTvSetting( 1234): Trace cmd, data = 0x7007
07-05 20:50:45.737 I/tilwrapper@sm( 2026): HS2TIL_SourceType *hs=0xd, *til=0x900
07-05 20:50:45.737 D/til     ( 2026): get current source 2304
07-05 20:50:45.737 D/SourceRemoteServiceHandler( 2026): getCurrentInputSource.from.til.result is 0, value is 2304
07-05 20:50:45.738 D/SourceRemoteServiceHandler( 2026): getInputSourceType source: 0x900, type=2304
07-05 20:50:45.738 D/til     ( 2026): ###### func:til_get_picture_param option:0x3000006 ######  
07-05 20:50:45.738 I/TVMW@HsTvSetting( 1234): Trace cmd, data = 0x1003
07-05 20:50:45.738 I/TVMW@HsTvSetting( 1234): Trace cmd, data = 0x8032
07-05 20:50:45.738 I/hstvos  ( 1216): [0m[1;33m[HSHAL][HS_VIDEO][HS_HAL_Video_SetOsdDetect_v2][2389]u16Threshold = 20
07-05 20:50:45.739 E/TVMW@videoctrl( 1234):  getOsd is 1
07-05 20:50:45.739 D/til@system( 2026): til_get_system_param option:1000027 int:1, bool:1, ret:0
07-05 20:50:45.739 D/til     ( 2026): ###### func:til_get_picture_param option:0x3000045 ######  
07-05 20:50:45.739 I/TVMW@HsTvSetting( 1234): Trace cmd, data = 0x300c
07-05 20:50:45.739 I/TVMW@HsTvSetting( 1234): Trace 3d, data = 0x300c
07-05 20:50:45.739 I/TVMW@3d ( 1234): Hs_debug3d_trace: func:get3dStatus, line:109
07-05 20:50:45.740 I/MiSysSrv( 1214): Not support now! 42, change to mm_video!!!
07-05 20:50:45.764 I/MyFragmentStateAdapter( 9181): getCount
07-05 20:50:45.788 I/MyFragmentStateAdapter( 9181): getCount
07-05 20:50:45.804 I/TVMW@devctrl( 1234): wdt
07-05 20:50:45.817 I/MyFragmentStateAdapter( 9181): getCount
07-05 20:50:45.845 I/MyFragmentStateAdapter( 9181): getCount
07-05 20:50:45.865 I/HLSP2P  ( 3912): ## 2017-07-05 20:50:45.864 [3912,4030,:0] INFO ## [HLSP2P][DownloadManager.cpp:35][INFO][TryExtendCacheSize]system memory total size : 1912M, free size : 555M, cache add to 30MB
07-05 20:50:45.874 I/MyFragmentStateAdapter( 9181): getCount
07-05 20:50:45.910 I/MyFragmentStateAdapter( 9181): getCount
07-05 20:50:45.945 I/MyFragmentStateAdapter( 9181): getCount
07-05 20:50:45.967 I/MyFragmentStateAdapter( 9181): getCount
07-05 20:50:45.990 I/MyFragmentStateAdapter( 9181): getCount
07-05 20:50:46.015 I/MyFragmentStateAdapter( 9181): getCount
07-05 20:50:46.045 I/MyFragmentStateAdapter( 9181): getCount
07-05 20:50:46.073 I/MyFragmentStateAdapter( 9181): getCount
07-05 20:50:46.106 I/MyFragmentStateAdapter( 9181): getCount
07-05 20:50:46.140 I/MyFragmentStateAdapter( 9181): getCount
07-05 20:50:46.165 I/MyFragmentStateAdapter( 9181): getCount
07-05 20:50:46.187 I/MyFragmentStateAdapter( 9181): getCount
07-05 20:50:46.213 I/MyFragmentStateAdapter( 9181): getCount
07-05 20:50:46.238 I/MyFragmentStateAdapter( 9181): getCount
07-05 20:50:46.240 I/TVMW@HsTvSetting( 1234): Trace cmd, data = 0x1058
07-05 20:50:46.241 D/til@system( 2026): til_get_system_param option:100002F int:0, bool:0, ret:0
07-05 20:50:46.242 I/TVMW@HsTvSetting( 1234): Trace cmd, data = 0x101f
07-05 20:50:46.242 D/til@system( 2026): til_get_system_param option:100001D int:3, bool:3, ret:0
07-05 20:50:46.242 E/til     ( 2026): [til_get_current_input_source, 101] 
07-05 20:50:46.242 I/TVMW@HsTvSetting( 1234): Trace cmd, data = 0x7007
07-05 20:50:46.242 I/tilwrapper@sm( 2026): HS2TIL_SourceType *hs=0xd, *til=0x900
07-05 20:50:46.242 D/til     ( 2026): get current source 2304
07-05 20:50:46.242 D/SourceRemoteServiceHandler( 2026): getCurrentInputSource.from.til.result is 0, value is 2304
07-05 20:50:46.242 D/SourceRemoteServiceHandler( 2026): getInputSourceType source: 0x900, type=2304
07-05 20:50:46.243 D/til     ( 2026): ###### func:til_get_picture_param option:0x3000006 ######  
07-05 20:50:46.243 I/TVMW@HsTvSetting( 1234): Trace cmd, data = 0x1003
07-05 20:50:46.243 I/TVMW@HsTvSetting( 1234): Trace cmd, data = 0x8032
07-05 20:50:46.243 I/hstvos  ( 1216): [0m[1;33m[HSHAL][HS_VIDEO][HS_HAL_Video_SetOsdDetect_v2][2389]u16Threshold = 20
07-05 20:50:46.244 E/TVMW@videoctrl( 1234):  getOsd is 1
07-05 20:50:46.244 I/MiSysSrv( 1214): Not support now! 42, change to mm_video!!!
07-05 20:50:46.244 D/til@system( 2026): til_get_system_param option:1000027 int:1, bool:1, ret:0
07-05 20:50:46.244 D/til     ( 2026): ###### func:til_get_picture_param option:0x3000045 ######  
07-05 20:50:46.244 I/TVMW@HsTvSetting( 1234): Trace cmd, data = 0x300c
07-05 20:50:46.244 I/TVMW@HsTvSetting( 1234): Trace 3d, data = 0x300c
07-05 20:50:46.244 I/TVMW@3d ( 1234): Hs_debug3d_trace: func:get3dStatus, line:109
07-05 20:50:46.268 I/MyFragmentStateAdapter( 9181): getCount
07-05 20:50:46.293 I/MyFragmentStateAdapter( 9181): getCount
07-05 20:50:46.316 I/MyFragmentStateAdapter( 9181): getCount
07-05 20:50:46.353 I/MyFragmentStateAdapter( 9181): getCount
07-05 20:50:46.389 I/HLSP2P  ( 2548): ## 2017-07-05 20:50:46.388 [2548,2817,:0] INFO ## [HLSP2P][PeerServer.cpp:559][INFO][SendHeartBeatReq][PeerServer] send hearbeat to 123.126.121.155:30013 ok
07-05 20:50:46.390 I/HLSP2P  ( 2548): ## 2017-07-05 20:50:46.389 [2548,2817,:0] INFO ## [HLSP2P][PunchHelper.cpp:289][INFO][SendHeartBeatMsg][PunchHelper] send heartbeat to punch server(112.90.73.124:8002) ok
07-05 20:50:46.392 I/MyFragmentStateAdapter( 9181): getCount
07-05 20:50:46.413 I/HLSP2P  ( 2548): ## 2017-07-05 20:50:46.412 [2548,2819,:0] INFO ## [HLSP2P][PeerServer.cpp:738][INFO][OnHeartBeatRsp][PeerServer] ps heartbeat rsp ok
07-05 20:50:46.425 I/MyFragmentStateAdapter( 9181): getCount
07-05 20:50:46.437 I/HLSP2P  ( 2548): ## 2017-07-05 20:50:46.432 [2548,2819,:0] INFO ## [HLSP2P][PunchHelper.cpp:434][INFO][OnHeartbeatRsp][PunchHelper] punch heartbeat rsp ok
07-05 20:50:46.444 D/DtvSourcePlugin-DVBC( 2628): Setting the EPG Updater state to: WAIT
07-05 20:50:46.463 I/MyFragmentStateAdapter( 9181): getCount
07-05 20:50:46.480 I/NetflixMonitorService( 1733): current fgapk : com.hisense.hicloud.edca
07-05 20:50:46.480 I/NetflixMonitorService( 1733): Netflix status unchanged
07-05 20:50:46.492 I/MyFragmentStateAdapter( 9181): getCount
07-05 20:50:46.518 I/MyFragmentStateAdapter( 9181): getCount
07-05 20:50:46.531 D/PowerManagerService( 1733): acquireWakeLockInternal: lock=113832109, flags=0x1, tag="NetworkStats", ws=null, uid=1000, pid=1733
07-05 20:50:46.531 D/PowerManagerNotifier( 1733): onWakeLockAcquired: flags=1, tag="NetworkStats", packageName=android, ownerUid=1000, ownerPid=1733, workSource=null
07-05 20:50:46.532 D/NtpTrustedTime( 1733): currentTimeMillis() cache hit
07-05 20:50:46.543 D/NtpTrustedTime( 1733): currentTimeMillis() cache hit
07-05 20:50:46.544 D/PowerManagerService( 1733): releaseWakeLockInternal: lock=113832109 [NetworkStats], flags=0x0
07-05 20:50:46.544 D/PowerManagerNotifier( 1733): onWakeLockReleased: flags=1, tag="NetworkStats", packageName=android, ownerUid=1000, ownerPid=1733, workSource=null
07-05 20:50:46.544 D/NtpTrustedTime( 1733): currentTimeMillis() cache hit
07-05 20:50:46.545 D/NtpTrustedTime( 1733): currentTimeMillis() cache hit
07-05 20:50:46.547 I/MyFragmentStateAdapter( 9181): getCount
07-05 20:50:46.580 I/MyFragmentStateAdapter( 9181): getCount
07-05 20:50:46.604 I/MyFragmentStateAdapter( 9181): getCount
07-05 20:50:46.627 I/MyFragmentStateAdapter( 9181): getCount
07-05 20:50:46.651 I/MyFragmentStateAdapter( 9181): getCount
07-05 20:50:46.677 I/MyFragmentStateAdapter( 9181): getCount
07-05 20:50:46.704 I/TVMW@devctrl( 1234): wdt
07-05 20:50:46.712 I/MyFragmentStateAdapter( 9181): getCount
07-05 20:50:46.738 I/MyFragmentStateAdapter( 9181): getCount
07-05 20:50:46.745 I/TVMW@HsTvSetting( 1234): Trace cmd, data = 0x1058
07-05 20:50:46.746 D/til@system( 2026): til_get_system_param option:100002F int:0, bool:0, ret:0
07-05 20:50:46.746 I/TVMW@HsTvSetting( 1234): Trace cmd, data = 0x101f
07-05 20:50:46.746 D/til@system( 2026): til_get_system_param option:100001D int:3, bool:3, ret:0
07-05 20:50:46.746 E/til     ( 2026): [til_get_current_input_source, 101] 
07-05 20:50:46.746 I/TVMW@HsTvSetting( 1234): Trace cmd, data = 0x7007
07-05 20:50:46.746 I/tilwrapper@sm( 2026): HS2TIL_SourceType *hs=0xd, *til=0x900
07-05 20:50:46.746 D/til     ( 2026): get current source 2304
07-05 20:50:46.746 D/SourceRemoteServiceHandler( 2026): getCurrentInputSource.from.til.result is 0, value is 2304
07-05 20:50:46.747 D/SourceRemoteServiceHandler( 2026): getInputSourceType source: 0x900, type=2304
07-05 20:50:46.747 D/til     ( 2026): ###### func:til_get_picture_param option:0x3000006 ######  
07-05 20:50:46.747 I/TVMW@HsTvSetting( 1234): Trace cmd, data = 0x1003
07-05 20:50:46.747 I/TVMW@HsTvSetting( 1234): Trace cmd, data = 0x8032
07-05 20:50:46.747 I/hstvos  ( 1216): [0m[1;33m[HSHAL][HS_VIDEO][HS_HAL_Video_SetOsdDetect_v2][2389]u16Threshold = 20
07-05 20:50:46.748 E/TVMW@videoctrl( 1234):  getOsd is 1
07-05 20:50:46.748 I/MiSysSrv( 1214): Not su