07-06 00:26:23.857 D/PlayerSdk/DeviceCheckTask@ee8ea56(31419): [TID 31450] isCancelled() Job[PlayerSdk/DeviceCheckTask@ee8ea56](mState=0, mData=Object80211908, mError=null) return false
07-06 00:26:23.857 I/FirstLineAdapter(31419): canShowTrailer,isOffline=false
07-06 00:26:23.857 I/SpecialFirstView(31419): setData ,canshowtrailer:true
07-06 00:26:23.857 D/PlayerSdk/DeviceCheckTask(31419): [TID 31450] execte.onRun: isDevChecked=false, isDeviceCheckPass=false
07-06 00:26:23.857 D/AccessToken(31419): [TID 31450] isAllowedAccess() count=0, now=1499271983857, time=1499271983857, mMaxCount = 5, duration = 600000, mAccessTime = 0, return true
07-06 00:26:23.857 D/AccessToken(31419): [TID 31450] isAllowedAccess() count=0, now=1499271983857, time=1499271983857, mMaxCount = 5, duration = 600000, mAccessTime = 0, return true
07-06 00:26:23.857 D/PlayerSdk/DeviceCheckTask(31419): [TID 31450] deviceCheck
07-06 00:26:23.857 D/PlayerSdk/DeviceCheckTask(31419): [TID 31450] deviceCheck: devCheckTest=-1
07-06 00:26:23.858 I/FirstLineAdapter(31419): onAttachedToRecyclerView 
07-06 00:26:23.859 D/OkHttp  (31419): <-- 200 OK http://118.178.149.42/d?device_id=86100300900000500000060a4818fca8&host=b5d1d96093f9d07d386917b5d3b91cdcb031311b90271792b45951b69dc9c054dc862a7c9178ba82684e325a98b554b4&last= (50ms)
07-06 00:26:23.859 D/OkHttp  (31419): Server: openresty
07-06 00:26:23.859 D/OkHttp  (31419): Date: Wed, 05 Jul 2017 16:26:23 GMT
07-06 00:26:23.859 D/OkHttp  (31419): Content-Type: application/octet-stream
07-06 00:26:23.859 D/OkHttp  (31419): Transfer-Encoding: chunked
07-06 00:26:23.859 D/OkHttp  (31419): Connection: close
07-06 00:26:23.859 D/OkHttp  (31419): <-- END HTTP
07-06 00:26:23.859 I/size    (31419): size=10
07-06 00:26:23.861 I/System.out(31419): <TVAPI> DEBUG(isUpdateData): isUpdateData=devRegister-true
07-06 00:26:23.861 I/System.out(31419): <TVAPI> DEBUG(TVAPI): uuid=20151228165619572MkCHJfWb11209
07-06 00:26:23.861 I/RoleContentFragment(31419): set recyclerview adapter
07-06 00:26:23.861 I/System.out(31419): <TVAPI> DEBUG(TVAPI): version=2.1.0.59986
07-06 00:26:23.861 I/RoleContentFragment(31419): has not get  recommand data
07-06 00:26:23.861 I/HomeDataPresenter(31419): getRecommandData(): channelId = 0RoleContentFragment406333328
07-06 00:26:23.861 I/System.out(31419): <TVAPI> DEBUG(TVApiProperty): read passport-device-id=tv_69b1ef544cadbb86e8f28950ece1c76a_1167652938875
07-06 00:26:23.862 I/HttpDnsUtils(31419): get favorite tag 
07-06 00:26:23.862 I/HttpDnsUtils(31419): getRecommandData: http://api.edu.hismarttv.com/usercenter/api/individualize_data?devid=86100300900000500000060a4818fca8&customerId=7195320&subscriberId=13287129&ChannelId=0&tags=&version_id=6&region_name=%E6%9D%AD%E5%B7%9E
07-06 00:26:23.863 D/OkHttp  (31419): <-- 200 OK http://118.178.149.42/d?device_id=86100300900000500000060a4818fca8&host=b5d1d96093f9d07d386917b5d3b91cdcb031311b90271792b45951b69dc9c054dc862a7c9178ba82684e325a98b554b4&last= (86ms)
07-06 00:26:23.863 D/OkHttp  (31419): Server: openresty
07-06 00:26:23.863 D/OkHttp  (31419): Date: Wed, 05 Jul 2017 16:26:23 GMT
07-06 00:26:23.863 D/OkHttp  (31419): Content-Type: application/octet-stream
07-06 00:26:23.863 D/OkHttp  (31419): Transfer-Encoding: chunked
07-06 00:26:23.863 D/OkHttp  (31419): Connection: close
07-06 00:26:23.863 D/OkHttp  (31419): <-- END HTTP
07-06 00:26:23.863 I/TVWhiteList(31419): strRes = 
07-06 00:26:23.864 I/System.out(31419): <TVAPI> DEBUG(id=6, systemTime): url = http://pdata.video.ptqy.gitv.tv/k
07-06 00:26:23.865 D/til@system( 2026): til_get_system_param option:1000007 int:-1936523008, bool:0, ret:0
07-06 00:26:23.865 I/System.out(31419): D/(load-playerplugin, CommonApi-systemTime): url=http://pdata.video.ptqy.gitv.tv/k
07-06 00:26:23.866 I/System.out(31419): <TVAPI> DEBUG(id=5, devRegister): url = http://data2.itv.ptqy.gitv.tv/itv/devRegister/OGFjZjgxODQ2YThhLzIwMTUxMjI4MTY1NjE5NTcyTWtDSEpmV2IxMTIwOS8yLjEuMC41OTk4Ng/39467112fe7be1432adcf86e152f4899
07-06 00:26:23.866 D/til@system( 2026): til_get_system_param option:1000009 int:-1815633792, bool:128, ret:0
07-06 00:26:23.866 I/System.out(31419): <TVAPI> DEBUG(id=5, devRegister): header = qyid:tv_69b1ef544cadbb86e8f28950ece1c76a_1167652938875
07-06 00:26:23.867 I/System.out(31419): <TVAPI> DEBUG(id=5, devRegister): header = ov:5.1.1
07-06 00:26:23.867 I/System.out(31419): <TVAPI> DEBUG(id=5, devRegister): header = apkVer:2.1.0.59986
07-06 00:26:23.867 D/til@system( 2026): til_get_system_param option:1000008 int:-1936525184, bool:128, ret:0
07-06 00:26:23.867 D/HttpBuilder(31419): getOperationDetail-productName : LED50MU8600UC
07-06 00:26:23.867 D/HttpBuilder(31419): getOperationDetail-plmNumber : 88888
07-06 00:26:23.867 D/HttpBuilder(31419): getOperationDetail-swVersion : V0000.00.01A
07-06 00:26:23.867 D/HttpBuilder(31419): getOperationDetail-operationDetail : LED50MU8600UC0000888
07-06 00:26:23.886 D/HttpHandler(31419): DNSRetryIntercepter-->checkData=dbbf03a0e59a5c14094df6af108b323c71c1bd85f9e4306af4d1377556ccf754310f71815ac2f7ad0b5adbea7a76c33e88760a6923ffbdb090e82618d78df90e453b710858ea0a14ffae6f967105f99eef99305eee00bec06c5000d958fc5acd704b838b632e594943627925e4c3cdb001dc5370709d25c7b6ba0afb80a58149414f3b0ad2bad5467441b9df52c78a6b4bc43712045083cb172eb44465a3396bc89cd57e5e17e539af42e2a3565fbea7247372adf1160cbf9d18bef86381ed1812a4ca68a3263221e67e6bd7ce88eba715567fdfb9fea044e4d3a8c5f52b4117752d1a1c2ca9cf51e7bb9c56c458cd07c5df547f9293e5eb4dbaae1b35c8e05b8c07d1129df0a213d6f08fb32438ebfff5edd85137c8faa4b64aa106acbcb47741ed3d73204d46a6dc32aac03d804ef7
07-06 00:26:23.890 D/OkHttp  (31419): <-- 200 OK http://118.178.149.42/d?device_id=86100300900000500000060a4818fca8&host=b5d1d96093f9d07d386917b5d3b91cdcb031311b90271792b45951b69dc9c054dc862a7c9178ba82684e325a98b554b4&last= (93ms)
07-06 00:26:23.890 D/OkHttp  (31419): Server: openresty
07-06 00:26:23.890 D/OkHttp  (31419): Date: Wed, 05 Jul 2017 16:26:23 GMT
07-06 00:26:23.890 D/OkHttp  (31419): Content-Type: application/octet-stream
07-06 00:26:23.890 D/OkHttp  (31419): Transfer-Encoding: chunked
07-06 00:26:23.890 D/OkHttp  (31419): Connection: close
07-06 00:26:23.890 D/OkHttp  (31419): <-- END HTTP
07-06 00:26:23.893 D/HttpHandler(31419): DNSRetryIntercepter-->checkData=dbbf03a0e59a5c14094df6af108b323c71c1bd85f9e4306af4d1377556ccf754310f71815ac2f7ad0b5adbea7a76c33e88760a6923ffbdb090e82618d78df90e453b710858ea0a14ffae6f967105f99eef99305eee00bec06c5000d958fc5acd704b838b632e594943627925e4c3cdb001dc5370709d25c7b6ba0afb80a58149414f3b0ad2bad5467441b9df52c78a6b4b7eb58a268ff5a13c828d7dbfe713546196c606bffcea565a0e16782ed7f3da06cda3d394cc822f446b7233a6bda55fb506512f8aec9ebe8ff370fdcf95cf5df95006e19142dda82e4fe088fd0db6f5fcceff7fb874ca29864db4f4e014055e841e49ea2cc947671ab8be08677203abe1c2787a843d25e7492f146c3e3b9784dcfdb6b3a66d698c85864dce71dba5e88794752c17632f3cc1abccff317b4900
07-06 00:26:23.894 D/HttpHandler(31419): DNSHelper-->gslbDnsresult={"timestamp":1499271983,"msg":"","data":{"lbgs.hismarttv.com":{"ips":["118.178.149.42","139.217.11.211"],"ttl":3600},"picture.edu.hismarttv.com":{"ips":["218.58.206.58","123.128.14.209","153.35.175.121","220.202.77.124","153.35.175.120","125.46.22.134","36.33.158.222"],"ttl":300}},"retCode":"0"}
07-06 00:26:23.896 I/System.out(31419):  remove duplicate [118.178.149.42, 139.217.11.211]
07-06 00:26:23.899 D/HttpHandler(31419): DNSHelper-->gslbDnsresult={"timestamp":1499271983,"msg":"","data":{"lbgs.hismarttv.com":{"ips":["118.178.149.42","139.217.11.211"],"ttl":3600},"picture.edu.hismarttv.com":{"ips":["218.58.206.58","123.128.14.209","153.35.175.121","220.202.77.124","153.35.175.120","125.46.22.134","36.33.158.222"],"ttl":300}},"retCode":"0"}
07-06 00:26:23.900 I/System.out(31419):  remove duplicate [118.178.149.42, 139.217.11.211]
07-06 00:26:23.910 D/HttpHandler(31419): DNSRetryIntercepter-->checkData=dbbf03a0e59a5c14094df6af108b323c71c1bd85f9e4306af4d1377556ccf754310f71815ac2f7ad0b5adbea7a76c33e88760a6923ffbdb090e82618d78df90e453b710858ea0a14ffae6f967105f99eef99305eee00bec06c5000d958fc5acd704b838b632e594943627925e4c3cdb001dc5370709d25c7b6ba0afb80a58149414f3b0ad2bad5467441b9df52c78a6b82d3e1ee97ed5d9cb2613862e2babfc2b7f19d5deadd2829419cf0eb462583b4648552fa77266b8cdf404a2c032877a02c320bd3a999f1304756a24eab1c1d1e3103d8fc1cf7a9da3f74bc240ceb870a53d198236ae84a1c6fc857809726250ad61696dbc81c76bb3e6cf1d70699fbb27da0d2a1cb0d7a4c0726a399d10b533de22a1226a9ba8e31f93581d56c392a2d209cb10fdc3d481b462f1e05b7912dcb
07-06 00:26:23.912 I/HttpBuilder(31419): addUrlPublicParams mUrl ==>http://api.edu.hismarttv.com/usercenter/api/individualize_data?devid=86100300900000500000060a4818fca8&customerId=7195320&subscriberId=13287129&ChannelId=0&tags=&version_id=6&region_name=%E6%9D%AD%E5%B7%9E&uuid=13287129&mac=a8:a6:48:18:fc:a8&model_id=0&APPPackage=com.hisense.hicloud.edca&PFAPPCode=652&APPVersionName=3.0.0.9.00&softwareVersion=LED50MU8600UC0000888&tv_distribute_id=00&devType=0&APIVersion=600&accessToken=72DF6038D2AEAB8A76DFBBBBCC428A4A_000474573191690
07-06 00:26:23.913 D/HttpHandler(31419): DNSHelper-->httpDnsParser=["218.58.206.58","123.128.14.209","153.35.175.121","220.202.77.124","153.35.175.120","125.46.22.134","36.33.158.222"]
07-06 00:26:23.915 D/HttpHandler(31419): DNSHelper-->gslbDnsresult={"timestamp":1499271983,"msg":"","data":{"lbgs.hismarttv.com":{"ips":["118.178.149.42","139.217.11.211"],"ttl":3600},"picture.edu.hismarttv.com":{"ips":["220.202.77.124","153.35.175.120","125.46.22.134","36.33.158.222","218.58.206.58","123.128.14.209","153.35.175.121"],"ttl":300}},"retCode":"0"}
07-06 00:26:23.916 I/RoleContentFragment(31419): real get recommand data
07-06 00:26:23.916 I/RoleContentFragment(31419): setBackGround ,isVisible=true,hasload=true
07-06 00:26:23.916 I/Util    (31419): memory : total=1912,limit=1024
07-06 00:26:23.917 I/BaseContentFragment(31419): hideLoadingView
07-06 00:26:23.917 I/RoleContentFragment(31419): getServiceData: 0
07-06 00:26:23.918 I/System.out(31419): <TVAPI> DEBUG(id=5, devRegister, response_time = 54ms): data = {"msg":"","code":"N000000","data":{"apiKey":"9e14d341281067d05d771f41454858c0","authId":1210,"flag":"","hide":"qiyicom","ip":"27.223.99.130","ipLoc":"1-48-3-6-6002-0-77","ipZh":"-----None-","kv":[{"hcdn":"hCDN"},{"homepageHot":""},{"homepageNew":""},{"ruleCode":"http://static.ptqy.gitv.tv/js/tv/app/getPlayerConfig.js","playerConfig":""},{"isShowExitAppDialog":"apk"}],"loading":"","loginTunnel":0,"resIds":[{"id":201221412,"seq":1},{"id":201713612,"seq":2},{"id":201757412,"seq":3}],"sysTime":1499269541,"tab":[],"tip":"","upgradeType":-1,"url":"","version":""}}
07-06 00:26:23.918 D/AccessToken(31419): [TID 31450] increaseAccessCount() count=1
07-06 00:26:23.918 D/AccessToken(31419): [TID 31450] increaseAccessCount() count=1
07-06 00:26:23.918 D/PlayerSdk/DeviceCheckTask(31419): [TID 31450] deviceCheck.onSuccess: deviceIp: 27.223.99.130
07-06 00:26:23.918 D/PlayerSdk/DeviceCheckTask@ee8ea56(31419): [TID 31450] notifyJobSuccess() Job[PlayerSdk/DeviceCheckTask@ee8ea56](mState=1, mData=Object80211908, mError=null)
07-06 00:26:23.919 I/System.out(31419): <TVAPI> DEBUG(System Time): 1499271983
07-06 00:26:23.919 I/System.out(31419): <TVAPI> DEBUG(id=6, systemTime, response_time = 55ms): data = {"t":"1499271983","m":"63812953d092a14ccc25ba0304243cffee44c50ce708393e","u":"63812953d092a14c2cf5afdeebf1907fcd209a1d88b78425","i":"220.181.109.33","k":"63812953d092a14c6d328b3d57ea58ae9db42e51cb91c539"}
07-06 00:26:23.920 I/System.out(31419):  remove duplicate [118.178.149.42, 139.217.11.211]
07-06 00:26:23.923 D/HttpHandler(31419): VerifySignInterCeptor-->request.url()=http://api.edu.hismarttv.com/usercenter/api/individualize_data?devid=86100300900000500000060a4818fca8&customerId=7195320&subscriberId=13287129&ChannelId=0&tags=&version_id=6&region_name=%E6%9D%AD%E5%B7%9E&uuid=13287129&mac=a8:a6:48:18:fc:a8&model_id=0&APPPackage=com.hisense.hicloud.edca&PFAPPCode=652&APPVersionName=3.0.0.9.00&softwareVersion=LED50MU8600UC0000888&tv_distribute_id=00&devType=0&APIVersion=600&accessToken=72DF6038D2AEAB8A76DFBBBBCC428A4A_000474573191690
07-06 00:26:23.923 D/HttpHandler(31419): VerifySignInterCeptor-->hostname=api.edu.hismarttv.com
07-06 00:26:23.923 D/PlayerSdk/GrayScaleSwitcherProvider(31419): [TID 31450] execute: handler has no messages, send it.
07-06 00:26:23.924 D/PlayerSdk/GrayScaleSwitcherProvider(31419): [TID 31450] fetchSwitchData
07-06 00:26:23.927 I/System.out(31419): <TVAPI> DEBUG(isUpdateData): isUpdateData=dynamicQ-true
07-06 00:26:23.927 I/System.out(31419): <TVAPI> DEBUG(TVApiProperty): read passport-device-id=tv_69b1ef544cadbb86e8f28950ece1c76a_1167652938875
07-06 00:26:23.927 I/System.out(31419): <TVAPI> DEBUG(id=7, dynamicQ): url = http://data2.itv.ptqy.gitv.tv/itv/dynamicQ/1210/2.1.0.59986/VIDAA_TV/0/0/1/0/0/0/0
07-06 00:26:23.927 I/System.out(31419): <TVAPI> DEBUG(id=7, dynamicQ): header = qyid:tv_69b1ef544cadbb86e8f28950ece1c76a_1167652938875
07-06 00:26:23.927 I/System.out(31419): <TVAPI> DEBUG(id=7, dynamicQ): header = ov:5.1.1
07-06 00:26:23.927 I/System.out(31419): <TVAPI> DEBUG(id=7, dynamicQ): header = apkVer:2.1.0.59986
07-06 00:26:23.928 I/System.out(31419): <TVAPI> DEBUG(id=7, dynamicQ): header = apiKey:9e14d341281067d05d771f41454858c0
07-06 00:26:23.931 D/OkHttp  (31419): --> GET http://picture.edu.hismarttv.com/images/20170628115302475663.png http/1.1
07-06 00:26:23.931 D/OkHttp  (31419): Host: picture.edu.hismarttv.com
07-06 00:26:23.931 D/OkHttp  (31419): Connection: Keep-Alive
07-06 00:26:23.931 D/OkHttp  (31419): Accept-Encoding: gzip
07-06 00:26:23.931 D/OkHttp  (31419): User-Agent: okhttp/3.6.0
07-06 00:26:23.931 D/OkHttp  (31419): --> END GET
07-06 00:26:23.936 D/HttpHandler(31419): DNSHelper-->httpDnsParser=["218.58.206.58","123.128.14.209","153.35.175.121","220.202.77.124","153.35.175.120","125.46.22.134","36.33.158.222"]
07-06 00:26:23.939 V/InputMethodService( 2203): startInput(): editor=android.view.inputmethod.EditorInfo@11221a3a
07-06 00:26:23.940 V/InputMethodService( 2203): CALL: onFinishInput
07-06 00:26:23.940 E/SOGOUIME_JNI( 2203): reset
07-06 00:26:23.941 E/SOGOUIME_JNI( 2203): getCandidates
07-06 00:26:23.941 E/SOGOUIME_JNI( 2203): ime_get_uncommitted_length
07-06 00:26:23.941 E/SOGOUIME_JNI( 2203): getCandidates
07-06 00:26:23.941 D/SogouIME API( 2203): ==============num:32
07-06 00:26:23.941 E/SOGOUIME_JNI( 2203): ime_get_uncommitted_length
07-06 00:26:23.941 D/SogouIME( 2203): mFocusedComponent:30   isHkbEnable:false
07-06 00:26:23.941 E/SOGOUIME_JNI( 2203): ime_get_uncommitted_length
07-06 00:26:23.941 E/SOGOUIME_JNI( 2203): ime_get_committed_length
07-06 00:26:23.941 E/SOGOUIME_JNI( 2203): getComposingInfo
07-06 00:26:23.941 E/SOGOUIME_JNI( 2203): getComposingInfo
07-06 00:26:23.941 E/SOGOUIME_JNI( 2203): getCorrectInfo
07-06 00:26:23.941 E/SOGOUIME_JNI( 2203): getComposingInfo
07-06 00:26:23.941 D/HttpHandler(31419): DNSHelper-->httpDnsParser=["220.202.77.124","153.35.175.120","125.46.22.134","36.33.158.222","218.58.206.58","123.128.14.209","153.35.175.121"]
07-06 00:26:23.942 V/InputMethodService( 2203): CALL: onStartInput
07-06 00:26:23.942 E/SOGOUIME_JNI( 2203): invalidateCommitWordPinyinNative
07-06 00:26:23.942 D/SogouIME( 2203): =====configKeyboard=======:false     false
07-06 00:26:23.942 E/SOGOUIME_JNI( 2203): ime_set_hard_kb_enable
07-06 00:26:23.945 D/OkHttp  (31419): <-- 200 OK http://picture.edu.hismarttv.com/images/20170628115302475663.png (14ms)
07-06 00:26:23.946 D/OkHttp  (31419): Date: Mon, 03 Jul 2017 08:35:16 GMT
07-06 00:26:23.946 D/OkHttp  (31419): Server: nginx
07-06 00:26:23.946 D/OkHttp  (31419): Content-Type: image/png
07-06 00:26:23.946 D/OkHttp  (31419): Content-Length: 2527
07-06 00:26:23.946 D/OkHttp  (31419): Last-Modified: Wed, 28 Jun 2017 11:53:02 GMT
07-06 00:26:23.946 D/OkHttp  (31419): ETag: "5953989e-9df"
07-06 00:26:23.946 D/OkHttp  (31419): Accept-Ranges: bytes
07-06 00:26:23.946 D/OkHttp  (31419): Age: 201067
07-06 00:26:23.946 D/OkHttp  (31419): Via: 1.1 jn241:2 (Cdn Cache Server V2.0)[0 200 0], 1.1 dezhou37:6 (Cdn Cache Server V2.0)[0 200 0]
07-06 00:26:23.946 D/OkHttp  (31419): Connection: keep-alive
07-06 00:26:23.946 D/HttpHandler(31419): HttpDNS-->hostname=api.edu.hismarttv.com
07-06 00:26:23.946 D/OkHttp  (31419): <-- END HTTP
07-06 00:26:23.948 D/HttpHandler(31419): RAMCache-->hostInfo.getClientTimeStamp()=20821808
07-06 00:26:23.948 D/HttpHandler(31419): RAMCache-->hostInfo.getTtl()=3600
07-06 00:26:23.948 D/HttpHandler(31419): RAMCache-->SystemClock.elapsedRealtime()=20825520
07-06 00:26:23.950 D/HttpHandler(31419): RetryIntercepter-->retryNum=0
07-06 00:26:23.950 D/HttpHandler(31419): RetryIntercepter-->backoffmutiplier=0
07-06 00:26:23.957 D/OkHttp  (31419): --> GET http://picture.edu.hismarttv.com/images/20170628111857828826.png http/1.1
07-06 00:26:23.957 D/OkHttp  (31419): Host: picture.edu.hismarttv.com
07-06 00:26:23.957 D/OkHttp  (31419): Connection: Keep-Alive
07-06 00:26:23.957 D/OkHttp  (31419): Accept-Encoding: gzip
07-06 00:26:23.960 D/TabView (31419): 
07-06 00:26:23.961 D/HttpHandler(31419): DNSHelper-->gslbDns=["123.103.91.123"]
07-06 00:26:23.962 D/OkHttp  (31419): <-- 200 OK http://118.178.149.42/d?device_id=86100300900000500000060a4818fca8&host=b5d1d96093f9d07d386917b5d3b91cdcb031311b90271792b45951b69dc9c054dc862a7c9178ba82684e325a98b554b4&last= (120ms)
07-06 00:26:23.962 D/OkHttp  (31419): Server: openresty
07-06 00:26:23.962 D/OkHttp  (31419): Date: Wed, 05 Jul 2017 16:26:23 GMT
07-06 00:26:23.962 D/OkHttp  (31419): Content-Type: application/octet-stream
07-06 00:26:23.962 D/OkHttp  (31419): Transfer-Encoding: chunked
07-06 00:26:23.962 D/OkHttp  (31419): Connection: close
07-06 00:26:23.962 D/OkHttp  (31419): <-- END HTTP
07-06 00:26:23.963 D/OkHttp  (31419): User-Agent: okhttp/3.6.0
07-06 00:26:23.963 D/OkHttp  (31419): --> END GET
07-06 00:26:23.964 D/TabView (31419): 
07-06 00:26:23.965 D/OkHttp  (31419): <-- HTTP FAILED: java.io.InterruptedIOException: thread interrupted
07-06 00:26:23.965 D/HttpHandler(31419): RetryIntercepter-->retryNum=0
07-06 00:26:23.965 D/HttpHandler(31419): RetryIntercepter-->backoffmutiplier=0
07-06 00:26:23.966 D/TabView (31419): 
07-06 00:26:23.966 D/HttpHandler(31419): VerifySignInterCeptor-->request.url()=http://picture.edu.hismarttv.com/images/20170628111729989045.png
07-06 00:26:23.966 D/HttpHandler(31419): VerifySignInterCeptor-->hostname=picture.edu.hismarttv.com
07-06 00:26:23.976 D/TabView (31419): 
07-06 00:26:23.978 D/TabView (31419): 
07-06 00:26:23.982 D/TabView (31419): 
07-06 00:26:23.985 D/TabView (31419): 
07-06 00:26:23.987 D/OkHttp  (31419): --> GET http://picture.edu.hismarttv.com/images/20170628115357740238.png http/1.1
07-06 00:26:23.987 D/OkHttp  (31419): Host: picture.edu.hismarttv.com
07-06 00:26:23.987 D/OkHttp  (31419): Connection: Keep-Alive
07-06 00:26:23.987 D/OkHttp  (31419): Accept-Encoding: gzip
07-06 00:26:23.987 D/OkHttp  (31419): User-Agent: okhttp/3.6.0
07-06 00:26:23.987 D/OkHttp  (31419): --> END GET
07-06 00:26:23.989 D/TabView (31419): 
07-06 00:26:23.992 D/TabView (31419): 
07-06 00:26:23.995 D/OkHttp  (31419): --> GET http://picture.edu.hismarttv.com/images/20170628111729989045.png http/1.1
07-06 00:26:23.995 D/OkHttp  (31419): Host: picture.edu.hismarttv.com
07-06 00:26:23.995 D/OkHttp  (31419): Connection: Keep-Alive
07-06 00:26:23.995 D/OkHttp  (31419): Accept-Encoding: gzip
07-06 00:26:23.995 D/OkHttp  (31419): User-Agent: okhttp/3.6.0
07-06 00:26:23.995 D/OkHttp  (31419): --> END GET
07-06 00:26:23.996 D/TabView (31419): 
07-06 00:26:23.997 I/art     (31419): Background partial concurrent mark sweep GC freed 43261(2MB) AllocSpace objects, 11(1501KB) LOS objects, 13% free, 26MB/30MB, paused 8.554ms total 121.520ms
07-06 00:26:23.999 D/TabView (31419): 
07-06 00:26:23.999 D/NativeDecimalFormat(31419): NativeDecimalFormat_close print addr=3997592832
07-06 00:26:23.999 D/NativeDecimalFormat(31419): NativeDecimalFormat_close print g_addr=3755907072
07-06 00:26:24.000 D/NativeDecimalFormat(31419): NativeDecimalFormat_close print addr=3997593600
07-06 00:26:24.000 D/NativeDecimalFormat(31419): NativeDecimalFormat_close print g_addr=3755907072
07-06 00:26:24.000 D/HttpHandler(31419): DNSRetryIntercepter-->checkData=dbbf03a0e59a5c14094df6af108b323c71c1bd85f9e4306af4d1377556ccf754310f71815ac2f7ad0b5adbea7a76c33e88760a6923ffbdb090e82618d78df90e453b710858ea0a14ffae6f967105f99eef99305eee00bec06c5000d958fc5acd704b838b632e594943627925e4c3cdb001dc5370709d25c7b6ba0afb80a58149414f3b0ad2bad5467441b9df52c78a6b4bc43712045083cb172eb44465a3396bc89cd57e5e17e539af42e2a3565fbea7247372adf1160cbf9d18bef86381ed1812a4ca68a3263221e67e6bd7ce88eba715567fdfb9fea044e4d3a8c5f52b4117752d1a1c2ca9cf51e7bb9c56c458cd07c5df547f9293e5eb4dbaae1b35c8e05b8c07d1129df0a213d6f08fb32438ebfff5edd85137c8faa4b64aa106acbcb47741ed3d73204d46a6dc32aac03d804ef7
07-06 00:26:24.001 D/TabView (31419): 
07-06 00:26:24.003 D/TabView (31419): 
07-06 00:26:24.006 D/TabView (31419): 
07-06 00:26:24.007 D/HttpHandler(31419): DNSHelper-->gslbDnsresult={"timestamp":1499271983,"msg":"","data":{"lbgs.hismarttv.com":{"ips":["118.178.149.42","139.217.11.211"],"ttl":3600},"picture.edu.hismarttv.com":{"ips":["125.46.22.134","36.33.158.222","218.58.206.58","123.128.14.209","153.35.175.121","220.202.77.124","153.35.175.120"],"ttl":300}},"retCode":"0"}
07-06 00:26:24.007 I/System.out(31419): <TVAPI> DEBUG(id=7, dynamicQ, response_time = 63ms): data = {"msg":"","code":"N000000","data":{"apiKey":"","authId":-1,"cnf":{},"flag":"","function":[{"playerConfig":"http://static.ptqy.gitv.tv/js/tv/app/getPlayerConfig.js"},{"appCard":"1"},{"msg_dialog_pos":"4"},{"disableHCDNPreDeploy":"false"},{"dailyInforCornerMark":"http://pic0.ptqy.gitv.tv/common/20170113/4ab9430bee234e2b8c8ae4583669b394.png,http://pic6.ptqy.gitv.tv/common/20170113/d45b2b6ae97a4847a73a245d63f5fe87.png"},{"isDisableAdCache":"0"},{"card_sort":"0"},{"alltag_position":"0"},{"enablePlayerLocalServer":"false"},{"ad_skip_frequency":"-1"},{"enablePlayerLocalServerF4v2Hls":"false"},{"enablePlayerLocalServerStream":"false"},{"disableHcdnDaemon":"false"},{"subChannelPlayerConfig":"http://static.ptqy.gitv.tv/js/tv/app/getSubChannelPlayerConfig.js"},{"childapp":"http://cdn.data.video.ptqy.gitv.tv/cdn/tv/20170630/apk/1_1259_4994_1498801304813.json"},{"chinapokerapp":"http://chessgame.ptqy.gitv.tv/game/info/apis/get_game_info.action?id=212202420"}],"hide":"","ichn":[],"ip":"","ipLoc":"","ipZh":"","is3D":1,"kv":[{"hcdn":"hCDN"},{"homepageHot":""},{"homepageNew":""},{"ruleCode":"http://static.ptqy.gitv.tv/js/tv/app/getPlayerConfig.js","playerConfig":""},{"isShowExitAppDialog":"apk"}],"loading":"","loginTunnel":0,"resIds":[],"support4k":1,"supporth265":1,"sysTime":1499270783,"tab":[],"tip":"","upgradeType":-1,"url":"","verCoupon":"","verMon":"0","verPkg":"","verTvod":"0","version":"","vip":1,"vipCoupon":0,"vipMon":1,"vipPkg":0,"vipTvod":1}}
07-06 00:26:24.008 D/PlayerSdk/GrayScaleSwitcherProvider(31419): [TID 31450] TVApi.dynamicQ: onSuccess
07-06 00:26:24.008 D/TabView (31419): 
07-06 00:26:24.008 D/PlayerSdk/GrayScaleSwitcherProvider(31419): [TID 31450] TVApi.dynamicQ: data=com.qiyi.tvapi.tv2.model.DeviceCheck@57c2ba8, isOpenHcdn=true, sRetryTimesBeforeStarted=3, sRetryTimesAfterStarted=3, isDisableP2PUpload=false, isOpenDrmRootCheck=false
07-06 00:26:24.009 I/System.out(31419):  remove duplicate [118.178.149.42, 139.217.11.211]
07-06 00:26:24.010 D/TabView (31419): 
07-06 00:26:24.010 D/PlayerSdk/PlayerSdkProject(31419): [TID 31450] << finishInitialize: consume 443 ms
07-06 00:26:24.010 D/PlayerSdk/PlayerSdkProject(31419): [TID 31450] isPackageNameCheckPassed=true, isDeviceCheckPass=true
07-06 00:26:24.012 I/MyFragmentStateAdapter(31419): getCount
07-06 00:26:24.012 I/MyFragmentStateAdapter(31419): getCount
07-06 00:26:24.012 D/PlayerSdk/PlayerFeatureProvider(31419): [TID 31450] notifySuccess(looper=Looper (main, tid 1) {365d0e66}, listener=com.hisense.hicloud.edca.mediaplayer.video.qiyi.QiyiInitTool$1$1@1e88fcb6)
07-06 00:26:24.013 D/TabView (31419): 
07-06 00:26:24.013 D/PlayerSdk/PlayerFeatureProvider(31419): [TID 31450] << loadPluginPlayerFeature: mSdkFeature=com.qiyi.video.plugin.j@eaf3fe0
07-06 00:26:24.017 D/TabView (31419): 
07-06 00:26:24.019 D/TabView (31419): 
07-06 00:26:24.019 D/OkHttp  (31419): --> GET http://api.edu.hismarttv.com/usercenter/api/individualize_data?devid=86100300900000500000060a4818fca8&customerId=7195320&subscriberId=13287129&ChannelId=0&tags=&version_id=6&region_name=%E6%9D%AD%E5%B7%9E&uuid=13287129&mac=a8:a6:48:18:fc:a8&model_id=0&APPPackage=com.hisense.hicloud.edca&PFAPPCode=652&APPVersionName=3.0.0.9.00&softwareVersion=LED50MU8600UC0000888&tv_distribute_id=00&devType=0&APIVersion=600&accessToken=72DF6038D2AEAB8A76DFBBBBCC428A4A_000474573191690 http/1.1
07-06 00:26:24.019 D/OkHttp  (31419): Data_Type: JSON
07-06 00:26:24.019 D/OkHttp  (31419): RetryTime: 0
07-06 00:26:24.019 D/OkHttp  (31419): Backoffmutiplier: 0
07-06 00:26:24.020 D/OkHttp  (31419): Host: api.edu.hismarttv.com
07-06 00:26:24.020 D/OkHttp  (31419): Connection: Keep-Alive
07-06 00:26:24.020 D/OkHttp  (31419): Accept-Encoding: gzip
07-06 00:26:24.020 D/OkHttp  (31419): User-Agent: okhttp/3.6.0
07-06 00:26:24.020 D/OkHttp  (31419): --> END GET
07-06 00:26:24.022 D/TabView (31419): 
07-06 00:26:24.025 D/TabView (31419): 
07-06 00:26:24.026 W/linker  (31419): libWasabiJni.so: unused DT entry: type 0x6ffffffe arg 0x5080
07-06 00:26:24.026 W/linker  (31419): libWasabiJni.so: unused DT entry: type 0x6fffffff arg 0x3
07-06 00:26:24.027 D/TabView (31419): 
07-06 00:26:24.028 D/OkHttp  (31419): <-- 200 OK http://picture.edu.hismarttv.com/images/20170628111729989045.png (32ms)
07-06 00:26:24.028 D/OkHttp  (31419): Date: Mon, 03 Jul 2017 08:35:16 GMT
07-06 00:26:24.028 D/OkHttp  (31419): Server: nginx
07-06 00:26:24.029 D/OkHttp  (31419): Content-Type: image/png
07-06 00:26:24.029 D/OkHttp  (31419): Content-Length: 2752
07-06 00:26:24.029 D/OkHttp  (31419): Last-Modified: Wed, 28 Jun 2017 11:17:29 GMT
07-06 00:26:24.029 D/OkHttp  (31419): ETag: "59539049-ac0"
07-06 00:26:24.029 D/OkHttp  (31419): Accept-Ranges: bytes
07-06 00:26:24.029 D/OkHttp  (31419): Age: 201067
07-06 00:26:24.029 D/OkHttp  (31419): Via: 1.1 zhiwangtong173:3 (Cdn Cache Server V2.0)[21 200 0], 1.1 dezhou37:8 (Cdn Cache Server V2.0)[0 200 0]
07-06 00:26:24.029 D/OkHttp  (31419): Connection: keep-alive
07-06 00:26:24.029 D/OkHttp  (31419): <-- END HTTP
07-06 00:26:24.029 D/TabView (31419): 
07-06 00:26:24.032 D/TabView (31419): 
07-06 00:26:24.032 D/PlayerSdk/PlayerSdkLibProfile(31419): [TID 31575] isOpenDrmRootCheck=false
07-06 00:26:24.032 D/HttpHandler(31419): RetryIntercepter-->retryNum=0
07-06 00:26:24.032 D/HttpHandler(31419): RetryIntercepter-->backoffmutiplier=0
07-06 00:26:24.036 D/TabView (31419): 
07-06 00:26:24.039 D/TabView (31419): 
07-06 00:26:24.041 D/TabView (31419): 
07-06 00:26:24.042 I/WASABI  (31419): WASABI version: BUILD DATE: 'Dec 30 2016', BUILD CONFIGURATION: 'Release', VERSION NAME: '1.19.0', VERSION NUMBER: 0x00011300, SHORT DESCRIPTION: 'Wasabi Runtime', LONG DESCRIPTION: '{"wasabi": "1.19.0", "wcscp": "2.22.0", "manufacturer": "intertrust", "os": "Android", "customerid": "c31122", "wcskb": "5.0.0"}', MS520K: 'enforced', VCS CHANGE: 12814
07-06 00:26:24.044 D/TabView (31419): 
07-06 00:26:24.046 D/TabView (31419): 
07-06 00:26:24.048 D/TabView (31419): 
07-06 00:26:24.049 D/HttpHandler(31419): VerifySignInterCeptor-->request.url()=http://picture.edu.hismarttv.com/images/20170628111836879100.png
07-06 00:26:24.049 D/HttpHandler(31419): VerifySignInterCeptor-->hostname=picture.edu.hismarttv.com
07-06 00:26:24.050 D/OkHttp  (31419): --> GET http://picture.edu.hismarttv.com/images/20170628111836879100.png http/1.1
07-06 00:26:24.050 D/OkHttp  (31419): Host: picture.edu.hismarttv.com
07-06 00:26:24.050 D/OkHttp  (31419): Connection: Keep-Alive
07-06 00:26:24.050 D/OkHttp  (31419): Accept-Encoding: gzip
07-06 00:26:24.050 D/OkHttp  (31419): User-Agent: okhttp/3.6.0
07-06 00:26:24.050 D/OkHttp  (31419): --> END GET
07-06 00:26:24.050 D/TabView (31419): 
07-06 00:26:24.053 D/TabView (31419): 
07-06 00:26:24.057 I/MyFragmentStateAdapter(31419): getCount
07-06 00:26:24.058 I/MyFragmentStateAdapter(31419): getCount
07-06 00:26:24.065 I/TabView (31419): onScroll:,firstItem=0,visibleCount=6,totalCount=10
07-06 00:26:24.065 D/OkHttp  (31419): <-- 200 OK http://picture.edu.hismarttv.com/images/20170628111836879100.png (14ms)
07-06 00:26:24.065 D/OkHttp  (31419): Date: Mon, 03 Jul 2017 08:35:16 GMT
07-06 00:26:24.065 D/OkHttp  (31419): Server: nginx
07-06 00:26:24.065 D/OkHttp  (31419): Content-Type: image/png
07-06 00:26:24.065 D/OkHttp  (31419): Content-Length: 2420
07-06 00:26:24.065 D/OkHttp  (31419): Last-Modified: Wed, 28 Jun 2017 11:18:36 GMT
07-06 00:26:24.065 D/OkHttp  (31419): ETag: "5953908c-974"
07-06 00:26:24.065 D/OkHttp  (31419): Accept-Ranges: bytes
07-06 00:26:24.065 D/OkHttp  (31419): Age: 201067
07-06 00:26:24.065 D/OkHttp  (31419): Via: 1.1 hewangtong168:6 (Cdn Cache Server V2.0)[7 200 0], 1.1 dezhou35:3 (Cdn Cache Server V2.0)[0 200 0]
07-06 00:26:24.065 D/OkHttp  (31419): Connection: keep-alive
07-06 00:26:24.065 D/OkHttp  (31419): <-- END HTTP
07-06 00:26:24.067 D/HttpHandler(31419): RetryIntercepter-->retryNum=0
07-06 00:26:24.067 D/HttpHandler(31419): RetryIntercepter-->backoffmutiplier=0
07-06 00:26:24.067 I/ContentBridgeAdapterListener(31419): onAddPresenter 0
07-06 00:26:24.070 D/HttpHandler(31419): VerifySignInterCeptor-->request.url()=http://picture.edu.hismarttv.com/images/20170628111759213347.png
07-06 00:26:24.070 D/HttpHandler(31419): VerifySignInterCeptor-->hostname=picture.edu.hismarttv.com
07-06 00:26:24.070 I/ContentBridgeAdapterListener(31419): onCreate ViewHolder{2fde0697 position=-1 id=-1, oldPos=-1, pLpos:-1 unbound no parent}
07-06 00:26:24.070 I/ContentBridgeAdapterListener(31419): onBind 
07-06 00:26:24.070 I/MiSysSrv( 1214): [37m[INFO] Change to Voltage: 117 mv (0x32)[m
07-06 00:26:24.072 D/OkHttp  (31419): <-- 200 OK http://api.edu.hismarttv.com/usercenter/api/individualize_data?devid=86100300900000500000060a4818fca8&customerId=7195320&subscriberId=13287129&ChannelId=0&tags=&version_id=6&region_name=%E6%9D%AD%E5%B7%9E&uuid=13287129&mac=a8:a6:48:18:fc:a8&model_id=0&APPPackage=com.hisense.hicloud.edca&PFAPPCode=652&APPVersionName=3.0.0.9.00&softwareVersion=LED50MU8600UC0000888&tv_distribute_id=00&devType=0&APIVersion=600&accessToken=72DF6038D2AEAB8A76DFBBBBCC428A4A_000474573191690 (51ms)
07-06 00:26:24.072 D/OkHttp  (31419): Server: nginx
07-06 00:26:24.072 D/OkHttp  (31419): Date: Wed, 05 Jul 2017 16:26:23 GMT
07-06 00:26:24.072 D/OkHttp  (31419): Content-Type: application/json
07-06 00:26:24.072 D/OkHttp  (31419): Content-Length: 17184
07-06 00:26:24.072 D/OkHttp  (31419): Connection: close
07-06 00:26:24.072 D/OkHttp  (31419): <-- END HTTP
07-06 00:26:24.074 I/ContentBridgeAdapterListener(31419): onAttachedToWindow ViewHolder{2fde0697 position=0 id=-1, oldPos=-1, pLpos:-1}
07-06 00:26:24.074 I/BaseContentFragment(31419): setRowViewSelectedViewHolder{2fde0697 position=0 id=-1, oldPos=-1, pLpos:-1},isSelectedtrue
07-06 00:26:24.074 D/HttpHandler(31419): RetryIntercepter-->retryNum=0
07-06 00:26:24.074 D/HttpHandler(31419): RetryIntercepter-->backoffmutiplier=0
07-06 00:26:24.074 I/RoleContentFragment(31419): onChildSelected:0,lastPos=0
07-06 00:26:24.074 D/OkHttp  (31419): --> GET http://picture.edu.hismarttv.com/images/20170628111759213347.png http/1.1
07-06 00:26:24.075 D/OkHttp  (31419): Host: picture.edu.hismarttv.com
07-06 00:26:24.075 D/OkHttp  (31419): Connection: Keep-Alive
07-06 00:26:24.075 D/OkHttp  (31419): Accept-Encoding: gzip
07-06 00:26:24.075 D/OkHttp  (31419): User-Agent: okhttp/3.6.0
07-06 00:26:24.075 D/OkHttp  (31419): --> END GET
07-06 00:26:24.084 I/ContentBridgeAdapterListener(31419): onAddPresenter 1
07-06 00:26:24.084 I/ContentBridgeAdapterListener(31419): onCreate ViewHolder{3ff38a52 position=-1 id=-1, oldPos=-1, pLpos:-1 unbound no parent}
07-06 00:26:24.084 I/SpecialFirstRowPresenter(31419): onBindViewHoldercom.hisense.tvui.newhome.presenter.SpecialFirstListRow@3c431123,isUnbind=false
07-06 00:26:24.084 I/ContentBridgeAdapterListener(31419): onBind 
07-06 00:26:24.086 D/HttpHandler(31419): VerifySignInterCeptor-->request.url()=http://picture.edu.hismarttv.com/images/20170628111857828826.png
07-06 00:26:24.086 D/HttpHandler(31419): VerifySignInterCeptor-->hostname=picture.edu.hismarttv.com
07-06 00:26:24.086 I/ContentBridgeAdapterListener(31419): onAttachedToWindow ViewHolder{3ff38a52 position=1 id=-1, oldPos=-1, pLpos:-1}
07-06 00:26:24.089 D/HttpHandler(31419): HttpDNS-->hostname=picture.edu.hismarttv.com
07-06 00:26:24.090 D/HttpHandler(31419): RAMCache-->hostInfo.getClientTimeStamp()=20825588
07-06 00:26:24.091 D/HttpHandler(31419): RAMCache-->hostInfo.getTtl()=300
07-06 00:26:24.091 D/HttpHandler(31419): RAMCache-->SystemClock.elapsedRealtime()=20825662
07-06 00:26:24.092 I/FirstLineAdapter(31419): canShowTrailer,isOffline=false
07-06 00:26:24.092 I/FirstLineAdapter(31419): canShowTrailer,isOffline=false
07-06 00:26:24.093 I/FirstLineAdapter(31419): canShowTrailer,isOffline=false
07-06 00:26:24.093 I/FirstLineAdapter(31419): onCreateViewHolder viewtype=0
07-06 00:26:24.098 D/HttpHandler(31419): VerifySignInterCeptor-->dateType=1
07-06 00:26:24.099 D/HttpHandler(31419): VerifySignInterCeptor-->HttpRequestManager.httpClietOption.getVerifyFlag()=1
07-06 00:26:24.100 D/OkHttp  (31419): <-- 200 OK http://picture.edu.hismarttv.com/images/20170628111759213347.png (24ms)
07-06 00:26:24.101 D/OkHttp  (31419): Date: Mon, 03 Jul 2017 11:51:05 GMT
07-06 00:26:24.101 D/OkHttp  (31419): Server: nginx
07-06 00:26:24.101 D/OkHttp  (31419): Content-Type: image/png
07-06 00:26:24.101 D/OkHttp  (31419): Content-Length: 2518
07-06 00:26:24.101 D/OkHttp  (31419): Last-Modified: Wed, 28 Jun 2017 11:17:59 GMT
07-06 00:26:24.101 D/OkHttp  (31419): ETag: "59539067-9d6"
07-06 00:26:24.101 D/OkHttp  (31419): Accept-Ranges: bytes
07-06 00:26:24.101 D/OkHttp  (31419): Age: 189318
07-06 00:26:24.101 D/OkHttp  (31419): Via: 1.1 pingwangtong47:3 (Cdn Cache Server V2.0)[0 200 0], 1.1 dzhwt36:4 (Cdn Cache Server V2.0)[0 200 0]
07-06 00:26:24.101 D/OkHttp  (31419): Connection: keep-alive
07-06 00:26:24.101 D/OkHttp  (31419): <-- END HTTP
07-06 00:26:24.107 D/HttpHandler(31419): RetryIntercepter-->retryNum=0
07-06 00:26:24.107 D/HttpHandler(31419): RetryIntercepter-->backoffmutiplier=0
07-06 00:26:24.113 I/FirstLineAdapter(31419): onBindViewHolder 0
07-06 00:26:24.114 D/HttpHandler(31419): DNSHelper-->gslbDns=["125.46.22.134","36.33.158.222","218.58.206.58","123.128.14.209","153.35.175.121","220.202.77.124","153.35.175.120"]
07-06 00:26:24.120 I/FirstLineAdapter(31419): canShowTrailer,isOffline=false
07-06 00:26:24.120 I/FirstLineAdapter(31419): onCreateViewHolder viewtype=1
07-06 00:26:24.127 D/HttpHandler(31419): DNSHelper-->httpDnsParser=["125.46.22.134","36.33.158.222","218.58.206.58","123.128.14.209","153.35.175.121","220.202.77.124","153.35.175.120"]
07-06 00:26:24.128 I/TVMW@devctrl( 1234): wdt
07-06 00:26:24.132 I/FirstLineAdapter(31419): onBindViewHolder 1
07-06 00:26:24.132 D/FirstLineAdapter(31419): setVipPoster ===>url :http://picture.edu.hismarttv.com/images/
07-06 00:26:24.133 D/HttpHandler(31419): VerifySignInterCeptor-->content={"masterViews": [{"navigationId": 10002, "tiles": [{"index": 1, "facets": [{"index": 1, "typeCode": 1002, "grade": null, "title": "\u90d1\u591a\u71d5BodyBall Slim\u5927\u7403\u64cd", "backgroundImages": [{"url": "http://picture.edu.hismarttv.com/images/20161212024038700821.jpg", "mobile_image_icon_url": "http://picture.edu.hismarttv.com/images/20161102023035587534.jpg", "url_horizontal": "http://picture.edu.hismarttv.com/images/20170629033643181276.jpg"}], "id": "38036"}], "width_horizontal": null, "width": null}, {"index": 1, "facets": [{"index": 1, "typeCode": 1002, "grade": null, "title": "\u90d1\u591a\u71d5BodyBall ABS\u6709\u6c27\u64cd", "backgroundImages": [{"url": "http://picture.edu.hismarttv.com/images/20161212022722337765.jpg", "mobile_image_icon_url": "http://picture.edu.hismarttv.com/images/20161102033100773911.jpg", "url_horizontal": "http://picture.edu.hismarttv.com/images/20170629032906301152.jpg"}], "id": "38037"}], "width_horizontal": null, "width": null}, {"index": 1, "facets": [{"index": 1, "typeCode": 1002, "grade": "\u5176\u4ed6", "title": "\u98ce\u5c1a\u5065\u8eab-\u52a8\u611f\u8857\u821e", "backgroundImages": [{"url": null, "mobile_image_icon_url": null, "url_horizontal": "http://picture.edu.hismarttv.com/images/20170629/\u98ce\u5c1a\u5065\u8eab-\u52a8\u611f\u8857\u821e.jpg"}], "id": "8852"}], "width_horizontal": null, "width": null}, {"index": 1, "facets": [{"index": 1, "typeCode": 1002, "grade": null, "title": "\u90d1\u591a\u71d5BodyBall Hip&leg\u57ab\u4e0a\u64cd", "backgroundImages": [{"url": "http://picture.edu.hismarttv.com/images/20161212022759387904.jpg", "mobile_image_icon_url": "http://picture.edu.hismarttv.com/images/20161102032541379768.jpg", "url_horizontal": "http://picture.edu.hismarttv.com/images/20170629033606511137.jpg"}], "id": "38039"}], "width_horizontal": null, "width": null}, {"index": 1, "facets": [{"index": 1, "typeCode": 1002, "grade": null, "title": "\u90d1\u591a\u71d5\u5c0f\u7070\u5e3d\u5065\u8eab\u64cd", "backgroundImages": [{"url": "http://picture.edu.hismarttv.com/images/20161212022539029485.jpg", "mobile_image_icon_url": "http://picture.edu.hismarttv.com/images/20161102021604651091.jpg", "url_horizontal": "http://picture.edu.hismarttv.com/images/20170629/\u90d1\u591a\u71d5\u5c0f\u7070\u5e3d\u5065\u8eab\u64cd.jpg"}], "id": "38033"}], "width_horizontal": null, "width": null}, {"index": 1, "facets": [{"index": 1, "typeCode": 1002, "grade": null, "title": "\u90d1\u591a\u71d5FigureDumb\u54d1\u94c3\u64cd", "backgroundImages": [{"url": "http://picture.edu.hismarttv.com/images/20161212035609771233.jpg", "mobile_image_icon_url": "http://picture.edu.hismarttv.com/images/20161102021824917487.jpg", "url_horizontal": "http://picture.edu.hismarttv.com/images/20170629033936455331.jpg"}], "id": "38034"}], "width_horizontal": null, "width": null}, {"index": 1, "facets": [{"index": 1, "typeCode": 1002, "grade": null, "title": "\u90d1\u591a\u71d5FigureMat\u57ab\u4e0a\u64cd", "backgroundImages": [{"url": "http://picture.edu.hismarttv.com/images/20161212022344417148.jpg", "mobile_image_icon_url": null, "url_horizontal": "http://picture.edu.hismarttv.com/images/20170629033520364415.jpg"}], "id": "38035"}], "width_horizontal": null, "width": null}, {"index": 1, "facets": [{"index": 1, "typeCode": 1002, "grade": null, "title": "\u548c\u5973\u795e\u4e00\u8d77\u5b66\u53e3\u8bed\uff08\u7f51\u7edc\u5267\uff09", "backgroundImages": [{"url": "http://picture.edu.hismarttv.com/images/20170316053549297889.jpg", "mobile_image_icon_url": null, "url_horizontal": null}], "id": "35901"}], "width_horizontal": null, "width": null}, {"index": 1, "facets": [{"index": 1, "typeCode": 1002, "grade": null, "title": "\u770b\u5927\u7247\u5b66\u82f1\u6587\uff08\u7f51\u7edc\u5267\uff09", "backgroundImages": [{"url": "http://picture.edu.hismarttv.com/images/20170316053716559350.jpg", "mobile_image_icon_url": null, "url_horizontal": null}], "id": "35891"}], "width_horizontal": null, "width": null}, {"index": 1, "facets": [{"index": 1, "typeCode": 1002, "
07-06 00:26:24.139 D/HttpHandler(31419): VerifySignInterCeptor-->request.url()=http://picture.edu.hismarttv.com/images/
07-06 00:26:24.139 D/HttpHandler(31419): VerifySignInterCeptor-->hostname=picture.edu.hismarttv.com
07-06 00:26:24.140 D/OkHttp  (31419): --> GET http://picture.edu.hismarttv.com/images/ http/1.1
07-06 00:26:24.140 D/OkHttp  (31419): Host: picture.edu.hismarttv.com
07-06 00:26:24.140 D/OkHttp  (31419): Connection: Keep-Alive
07-06 00:26:24.140 D/OkHttp  (31419): Accept-Encoding: gzip
07-06 00:26:24.140 D/OkHttp  (31419): User-Agent: okhttp/3.6.0
07-06 00:26:24.140 D/OkHttp  (31419): --> END GET
07-06 00:26:24.141 I/FirstLineAdapter(31419): canShowTrailer,isOffline=false
07-06 00:26:24.141 I/FirstLineAdapter(31419): onCreateViewHolder viewtype=2
07-06 00:26:24.143 I/FirstLineAdapter(31419): onBindViewHolder 2
07-06 00:26:24.149 I/MyItemDecoration(31419): getItemOffsets rect=Rect(0, -17 - 0, 0),pos=1
07-06 00:26:24.150 I/MyItemDecoration(31419): getItemOffsets rect=Rect(0, -15 - 0, 0),pos=2
07-06 00:26:24.151 I/FirstLineAdapter(31419): canShowTrailer,isOffline=false
07-06 00:26:24.151 I/FirstLineAdapter(31419): canShowTrailer,isOffline=false
07-06 00:26:24.151 I/FirstLineAdapter(31419): onCreateViewHolder viewtype=3
07-06 00:26:24.151 D/OkHttp  (31419): --> GET http://picture.edu.hismarttv.com/images/20170628111857828826.png http/1.1
07-06 00:26:24.151 D/OkHttp  (31419): Host: picture.edu.hismarttv.com
07-06 00:26:24.151 D/OkHttp  (31419): Connection: Keep-Alive
07-06 00:26:24.151 D/OkHttp  (31419): Accept-Encoding: gzip
07-06 00:26:24.151 D/OkHttp  (31419): User-Agent: okhttp/3.6.0
07-06 00:26:24.151 D/OkHttp  (31419): --> END GET
07-06 00:26:24.151 I/CurrentCarouselView(31419): initView
07-06 00:26:24.157 D/OkHttp  (31419): --> GET http://picture.edu.hismarttv.com/images/20170628121916725281.png http/1.1
07-06 00:26:24.157 D/OkHttp  (31419): Host: picture.edu.hismarttv.com
07-06 00:26:24.157 D/OkHttp  (31419): Connection: Keep-Alive
07-06 00:26:24.157 D/OkHttp  (31419): Accept-Encoding: gzip
07-06 00:26:24.157 D/OkHttp  (31419): User-Agent: okhttp/3.6.0
07-06 00:26:24.157 D/OkHttp  (31419): --> END GET
07-06 00:26:24.168 E/WebcastSDK-(31419): isImageCacheLimitedStat(),  context.getPackageName = com.hisense.hicloud.edca
07-06 00:26:24.168 E/WebcastSDK-(31419): isImageCacheLimitedStat(),  mIsImageLimited = 1
07-06 00:26:24.175 D/OsdMonitorService( 1733): mCurrentWindow = com.hisense.hicloud.edca/com.hisense.tvui.newhome.HomeMainActivity; newWindow = com.hisense.hicloud.edca/com.hisense.tvui.newhome.HomeMainActivity; isSubWindow = false; isInWinList = false; isExitNow = false
07-06 00:26:24.175 D/OsdMonitorService( 1733): windowNotOsd() : name = com.hisense.hicloud.edca/com.hisense.tvui.newhome.HomeMainActivity
07-06 00:26:24.176 I/OsdMonitorService( 1733): setOsdStatus() : status will change from true to true
07-06 00:26:24.177 E/WebcastSDK-HiCloudSourcePlugin(31419): init(), Webcast App Token is NULL.
07-06 00:26:24.177 E/WebcastSDK-HiCloudSourcePlugin(31419): getHiCloudService(), Webcast App Token is NULL.
07-06 00:26:24.179 D/PowerManagerService( 1733): setScreenBrightnessOverrideFromWindowManagerInternal done
07-06 00:26:24.180 D/WebcastSDK-HiCloudSourcePlugin(31419): getContext(): com.hisense.hicloud.edca.BaseApplication@2adbac5c mWebcastManager: null
07-06 00:26:24.180 D/OkHttp  (31419): <-- 200 OK http://picture.edu.hismarttv.com/images/20170628111857828826.png (28ms)
07-06 00:26:24.180 D/OkHttp  (31419): Date: Mon, 03 Jul 2017 09:54:52 GMT
07-06 00:26:24.180 D/OkHttp  (31419): Server: nginx
07-06 00:26:24.180 D/OkHttp  (31419): Content-Type: image/png
07-06 00:26:24.180 D/OkHttp  (31419): Content-Length: 2318
07-06 00:26:24.180 D/OkHttp  (31419): Last-Modified: Wed, 28 Jun 2017 11:18:57 GMT
07-06 00:26:24.182 D/PowerManagerService( 1733): setScreenBrightnessOverrideFromWindowManagerInternal done
07-06 00:26:24.182 D/OkHttp  (31419): ETag: "595390a1-90e"
07-06 00:26:24.182 D/OkHttp  (31419): Accept-Ranges: bytes
07-06 00:26:24.182 D/OkHttp  (31419): Age: 196292
07-06 00:26:24.182 D/OkHttp  (31419): Via: 1.1 pingwangtong52:8 (Cdn Cache Server V2.0)[29 200 0], 1.1 chwt83:8 (Cdn Cache Server V2.0)[0 200 0]
07-06 00:26:24.182 D/OkHttp  (31419): Connection: keep-alive
07-06 00:26:24.182 D/OkHttp  (31419): <-- END HTTP
07-06 00:26:24.182 D/OkHttp  (31419): <-- 200 OK http://picture.edu.hismarttv.com/images/20170628121916725281.png (25ms)
07-06 00:26:24.183 D/OkHttp  (31419): Date: Mon, 03 Jul 2017 09:54:07 GMT
07-06 00:26:24.183 D/OkHttp  (31419): Server: nginx
07-06 00:26:24.183 D/OkHttp  (31419): Content-Type: image/png
07-06 00:26:24.183 D/OkHttp  (31419): Content-Length: 2555
07-06 00:26:24.183 D/OkHttp  (31419): Last-Modified: Wed, 28 Jun 2017 12:19:16 GMT
07-06 00:26:24.183 D/OkHttp  (31419): ETag: "59539ec4-9fb"
07-06 00:26:24.183 D/OkHttp  (31419): Accept-Ranges: bytes
07-06 00:26:24.183 D/OkHttp  (31419): Age: 196336
07-06 00:26:24.183 D/OkHttp  (31419): Via: 1.1 jn239:1 (Cdn Cache Server V2.0)[103 200 0], 1.1 changwangtong84:8 (Cdn Cache Server V2.0)[0 200 0]
07-06 00:26:24.183 D/OkHttp  (31419): Connection: keep-alive
07-06 00:26:24.183 D/OkHttp  (31419): <-- END HTTP
07-06 00:26:24.192 E/WebcastSDK-DataReport(31419): init(), Webcast App Token is NULL.
07-06 00:26:24.192 E/WebcastSDK-DataReport(31419): getHiCloudService(), Webcast App Token is NULL.
07-06 00:26:24.193 D/PowerManagerService( 1733): setScreenBrightnessOverrideFromWindowManagerInternal done
07-06 00:26:24.195 D/HttpHandler(31419): RetryIntercepter-->retryNum=0
07-06 00:26:24.195 D/HttpHandler(31419): RetryIntercepter-->backoffmutiplier=0
07-06 00:26:24.201 E/WebcastSDK-HiCloudSourcePlugin(31419): checkHiCloudFetchCondition(), Webcast App Token is NULL. mToken: null
07-06 00:26:24.201 E/WebcastSDK-HiCloudSourcePlugin(31419): FetchSystemParameterTask(), has no fetch condition, return.
07-06 00:26:24.209 D/WebcastSDK-WebcastManager(31419): Device license:WASU
07-06 00:26:24.210 I/WebcastSDK-ProgramScheduleDataManager(31419): init(), next time to fetch programSchedules in interval = 1440min.
07-06 00:26:24.211 I/WebcastSDK-HistoryDataManager(31419): HistoryDataManager.init
07-06 00:26:24.210 D/HttpHandler(31419): RetryIntercepter-->retryNum=0
07-06 00:26:24.213 D/HttpHandler(31419): RetryIntercepter-->backoffmutiplier=0
07-06 00:26:24.221 D/hwcomposer( 1204): lastHWWindowInfo is dirty
07-06 00:26:24.238 D/OkHttp  (31419): <-- 403 Forbidden http://picture.edu.hismarttv.com/images/ (96ms)
07-06 00:26:24.238 D/OkHttp  (31419): Date: Wed, 05 Jul 2017 16:26:24 GMT
07-06 00:26:24.238 D/OkHttp  (31419): Server: nginx
07-06 00:26:24.238 D/OkHttp  (31419): Content-Type: text/html; charset=UTF-8
07-06 00:26:24.238 D/OkHttp  (31419): Content-Length: 162
07-06 00:26:24.238 D/OkHttp  (31419): Via: 1.1 shuozhou56:0 (Cdn Cache Server V2.0)[32 403 2], 1.1 dzhwt36:1 (Cdn Cache Server V2.0)[85 403 2]
07-06 00:26:24.238 D/OkHttp  (31419): Connection: close
07-06 00:26:24.238 D/OkHttp  (31419): <-- END HTTP
07-06 00:26:24.238 D/HttpHandler(31419): RetryIntercepter-->retryNum=0
07-06 00:26:24.238 D/HttpHandler(31419): RetryIntercepter-->backoffmutiplier=0
07-06 00:26:24.251 I/DataDBLite(31419): onCreate
07-06 00:26:24.265 E/WebcastSDK-HiCloudImageCacheManager(31419): HiCloudImageCacheManager(), isImageCacheLimitedStat = true
07-06 00:26:24.265 I/WebcastSDK-WebcastManager(31419): addListener(), add ICarouselListener com.hisense.webcastSDK.data.hicloud.HiCloudSourcePlugin$2@331465f
07-06 00:26:24.265 I/WebcastSDK-WebcastManager(31419): adding listener com.hisense.webcastSDK.data.hicloud.HiCloudSourcePlugin$1@2be618ac
07-06 00:26:24.266 I/WebcastSDK-HiCloudSourcePlugin(31419): addListener(), add INetworkDataListener com.hisense.webcastSDK.data.internal.EPGDataManager$1@d851975
07-06 00:26:24.266 I/WebcastSDK-WebcastManager(31419): adding listener com.hisense.webcastSDK.utils.DataReport$1@34ebad0a
07-06 00:26:24.266 D/WebcastSDK-WebcastInternalImpl(31419): init all manager.
07-06 00:26:24.269 I/MiSysSrv( 1214): [37m[INFO] Change to Voltage: 117 mv (0x32)[m
07-06 00:26:24.273 D/Carousel-Utils(31419): SCREEN_WIDTH:1920,SCREEN_Height:1080,destity:2.0,smallWidth:818,height:460,listItem w:268,h:226,top:38,bottom:38
07-06 00:26:24.301 D/Carousel-CarouselView(31419): setModel,hascCode=792433705
07-06 00:26:24.304 W/linker  (31419): libChinaNetSecret.so: unused DT entry: type 0x6ffffffe arg 0xbf8
07-06 00:26:24.304 W/linker  (31419): libChinaNetSecret.so: unused DT entry: type 0x6fffffff arg 0x1
07-06 00:26:24.305 I/CurrentCarouselView(31419): security: ChinaNetCenterWskeyForJuHaoKan
07-06 00:26:24.305 I/CurrentCarouselView(31419): BaseApplication.sSignStr=3082023B308201A4A00302010202045051BD19300D06092A864886F70D01010505003062310B30090603550406130238363111300F060355040813085368616E646F6E673110300E0603550407130751696E6764616F311F301D060355040A1316486973656E7365206D65646961206E6574776F726B73310D300B0603550403130448695456301E170D3132303931333131303134355A170D3432303930363131303134355A3062310B30090603550406130238363111300F060355040813085368616E646F6E673110300E0603550407130751696E6764616F311F301D060355040A1316486973656E7365206D65646961206E6574776F726B73310D300B060355040313044869545630819F300D06092A864886F70D010101050003818D0030818902818100841C2D9F5F1E0BBB4DF77826A11FEFFB557C22B07892114637C945272821CF6A4CD023F45FC0B0E825EA8839470BE63B95CD5E4B64FF7ECC8A910DB20DBE2A9E8504EC39E7C0E8E74435F745F47D821124744FBF91A2C70CA85DC07D24C53322D8CC33C9EE542E872E44AF0E9E203328A106B31DC3BEC523600DDDA2204C665D0203010001300D06092A864886F70D0101050500038181003AA40C684E7AB45294882A0766EABD8C4BB7C0DFC4DE9ED13E192ECA9370C6B493257129F8DC248335D86877EAB36FBE9A8867E3F034BFD035CEC363073B558AAA6F42838FE0B1BEC3BC90B3E6FEE5D1D78C5CEC7966696D86FC071ED59063FD8E08DECAC8EBD0FB39443415B6725C00B0BACE4A06EF97D76158BF37D36720BB
07-06 00:26:24.305 I/CurrentCarouselView(31419): serverTime=1499271983000
07-06 00:26:24.305 E/WebcastSDK-WebcastManager(31419): setToken(), new Token = 72DF6038D2AEAB8A76DFBBBBCC428A4A_000474573191690
07-06 00:26:24.306 I/WebcastSDK-HiCloudSourcePlugin(31419): notifyAppTokenChanged(), token = 72DF6038D2AEAB8A76DFBBBBCC428A4A_000474573191690
