07-05 21:06:52.491 D/OkHttp  (18758): Via: 1.1 pingwangtong47:3 (Cdn Cache Server V2.0)[0 200 0], 1.1 t93:0 (Cdn Cache Server V2.0)[20 200 0]
07-05 21:06:52.491 D/OkHttp  (18758): Connection: keep-alive
07-05 21:06:52.491 D/OkHttp  (18758): <-- END HTTP
07-05 21:06:52.494 I/ContentBridgeAdapterListener(18758): onAddPresenter 0
07-05 21:06:52.496 I/ContentBridgeAdapterListener(18758): onCreate ViewHolder{b5241a3 position=-1 id=-1, oldPos=-1, pLpos:-1 unbound no parent}
07-05 21:06:52.496 I/ContentBridgeAdapterListener(18758): onBind 
07-05 21:06:52.499 I/ContentBridgeAdapterListener(18758): onAttachedToWindow ViewHolder{b5241a3 position=0 id=-1, oldPos=-1, pLpos:-1}
07-05 21:06:52.499 I/BaseContentFragment(18758): setRowViewSelectedViewHolder{b5241a3 position=0 id=-1, oldPos=-1, pLpos:-1},isSelectedtrue
07-05 21:06:52.500 I/RoleContentFragment(18758): onChildSelected:0,lastPos=0
07-05 21:06:52.503 D/OkHttp  (18758): <-- 200 OK http://picture.edu.hismarttv.com/images/20170628115357740238.png (16ms)
07-05 21:06:52.504 D/OkHttp  (18758): Date: Mon, 03 Jul 2017 08:35:16 GMT
07-05 21:06:52.504 D/OkHttp  (18758): Server: nginx
07-05 21:06:52.504 D/OkHttp  (18758): Content-Type: image/png
07-05 21:06:52.504 D/OkHttp  (18758): Content-Length: 2204
07-05 21:06:52.504 D/OkHttp  (18758): Last-Modified: Wed, 28 Jun 2017 11:53:57 GMT
07-05 21:06:52.504 D/OkHttp  (18758): ETag: "595398d5-89c"
07-05 21:06:52.504 D/OkHttp  (18758): Accept-Ranges: bytes
07-05 21:06:52.504 D/OkHttp  (18758): Age: 189096
07-05 21:06:52.504 D/OkHttp  (18758): Via: 1.1 pingwangtong52:0 (Cdn Cache Server V2.0)[15 200 0], 1.1 dezhou35:0 (Cdn Cache Server V2.0)[0 200 0]
07-05 21:06:52.504 D/OkHttp  (18758): Connection: keep-alive
07-05 21:06:52.504 D/OkHttp  (18758): <-- END HTTP
07-05 21:06:52.507 I/ContentBridgeAdapterListener(18758): onAddPresenter 1
07-05 21:06:52.507 I/ContentBridgeAdapterListener(18758): onCreate ViewHolder{100af0ce position=-1 id=-1, oldPos=-1, pLpos:-1 unbound no parent}
07-05 21:06:52.507 I/SpecialFirstRowPresenter(18758): onBindViewHoldercom.hisense.tvui.newhome.presenter.SpecialFirstListRow@375b7bef,isUnbind=false
07-05 21:06:52.507 I/ContentBridgeAdapterListener(18758): onBind 
07-05 21:06:52.511 I/ContentBridgeAdapterListener(18758): onAttachedToWindow ViewHolder{100af0ce position=1 id=-1, oldPos=-1, pLpos:-1}
07-05 21:06:52.512 I/FirstLineAdapter(18758): canShowTrailer,isOffline=false
07-05 21:06:52.512 I/FirstLineAdapter(18758): canShowTrailer,isOffline=false
07-05 21:06:52.513 I/FirstLineAdapter(18758): canShowTrailer,isOffline=false
07-05 21:06:52.513 I/FirstLineAdapter(18758): onCreateViewHolder viewtype=0
07-05 21:06:52.525 I/TVMW@HsTvSetting( 1234): Trace cmd, data = 0x1058
07-05 21:06:52.526 D/til@system( 2026): til_get_system_param option:100002F int:0, bool:0, ret:0
07-05 21:06:52.526 I/TVMW@HsTvSetting( 1234): Trace cmd, data = 0x101f
07-05 21:06:52.527 D/til@system( 2026): til_get_system_param option:100001D int:3, bool:3, ret:0
07-05 21:06:52.527 E/til     ( 2026): [til_get_current_input_source, 101] 
07-05 21:06:52.527 I/TVMW@HsTvSetting( 1234): Trace cmd, data = 0x7007
07-05 21:06:52.528 I/tilwrapper@sm( 2026): HS2TIL_SourceType *hs=0xd, *til=0x900
07-05 21:06:52.528 D/til     ( 2026): get current source 2304
07-05 21:06:52.529 D/SourceRemoteServiceHandler( 2026): getCurrentInputSource.from.til.result is 0, value is 2304
07-05 21:06:52.529 D/SourceRemoteServiceHandler( 2026): getInputSourceType source: 0x900, type=2304
07-05 21:06:52.529 D/til     ( 2026): ###### func:til_get_picture_param option:0x3000006 ######  
07-05 21:06:52.529 I/TVMW@HsTvSetting( 1234): Trace cmd, data = 0x1003
07-05 21:06:52.529 I/TVMW@HsTvSetting( 1234): Trace cmd, data = 0x8032
07-05 21:06:52.530 I/hstvos  ( 1216): [0m[1;33m[HSHAL][HS_VIDEO][HS_HAL_Video_SetOsdDetect_v2][2389]u16Threshold = 20
07-05 21:06:52.530 I/MiSysSrv( 1214): Not support now! 42, change to mm_video!!!
07-05 21:06:52.530 E/TVMW@videoctrl( 1234):  getOsd is 1
07-05 21:06:52.531 D/til@system( 2026): til_get_system_param option:1000027 int:1, bool:1, ret:0
07-05 21:06:52.531 D/HttpHandler(18758): VerifySignInterCeptor-->dateType=1
07-05 21:06:52.531 D/til     ( 2026): ###### func:til_get_picture_param option:0x3000045 ######  
07-05 21:06:52.531 D/HttpHandler(18758): VerifySignInterCeptor-->HttpRequestManager.httpClietOption.getVerifyFlag()=1
07-05 21:06:52.531 I/TVMW@HsTvSetting( 1234): Trace cmd, data = 0x300c
07-05 21:06:52.531 I/TVMW@HsTvSetting( 1234): Trace 3d, data = 0x300c
07-05 21:06:52.531 I/TVMW@3d ( 1234): Hs_debug3d_trace: func:get3dStatus, line:109
07-05 21:06:52.536 D/HttpHandler(18758): VerifySignInterCeptor-->request.url()=http://picture.edu.hismarttv.com/images/20170628111836879100.png
07-05 21:06:52.536 D/HttpHandler(18758): VerifySignInterCeptor-->hostname=picture.edu.hismarttv.com
07-05 21:06:52.545 I/FirstLineAdapter(18758): onBindViewHolder 0
07-05 21:06:52.549 D/OkHttp  (18758): --> GET http://picture.edu.hismarttv.com/images/20170628111836879100.png http/1.1
07-05 21:06:52.549 D/OkHttp  (18758): Host: picture.edu.hismarttv.com
07-05 21:06:52.549 D/OkHttp  (18758): Connection: Keep-Alive
07-05 21:06:52.549 D/OkHttp  (18758): Accept-Encoding: gzip
07-05 21:06:52.549 D/OkHttp  (18758): User-Agent: okhttp/3.6.0
07-05 21:06:52.549 D/OkHttp  (18758): --> END GET
07-05 21:06:52.551 D/HttpHandler(18758): RetryIntercepter-->retryNum=0
07-05 21:06:52.551 D/HttpHandler(18758): RetryIntercepter-->backoffmutiplier=0
07-05 21:06:52.555 D/HttpHandler(18758): VerifySignInterCeptor-->content={"masterViews": [{"navigationId": 10002, "tiles": [{"index": 1, "facets": [{"index": 1, "typeCode": 1002, "grade": null, "title": "\u90d1\u591a\u71d5BodyBall Slim\u5927\u7403\u64cd", "backgroundImages": [{"url": "http://picture.edu.hismarttv.com/images/20161212024038700821.jpg", "mobile_image_icon_url": "http://picture.edu.hismarttv.com/images/20161102023035587534.jpg", "url_horizontal": "http://picture.edu.hismarttv.com/images/20170629033643181276.jpg"}], "id": "38036"}], "width_horizontal": null, "width": null}, {"index": 1, "facets": [{"index": 1, "typeCode": 1002, "grade": null, "title": "\u90d1\u591a\u71d5BodyBall ABS\u6709\u6c27\u64cd", "backgroundImages": [{"url": "http://picture.edu.hismarttv.com/images/20161212022722337765.jpg", "mobile_image_icon_url": "http://picture.edu.hismarttv.com/images/20161102033100773911.jpg", "url_horizontal": "http://picture.edu.hismarttv.com/images/20170629032906301152.jpg"}], "id": "38037"}], "width_horizontal": null, "width": null}, {"index": 1, "facets": [{"index": 1, "typeCode": 1002, "grade": "\u5176\u4ed6", "title": "\u98ce\u5c1a\u5065\u8eab-\u52a8\u611f\u8857\u821e", "backgroundImages": [{"url": null, "mobile_image_icon_url": null, "url_horizontal": "http://picture.edu.hismarttv.com/images/20170629/\u98ce\u5c1a\u5065\u8eab-\u52a8\u611f\u8857\u821e.jpg"}], "id": "8852"}], "width_horizontal": null, "width": null}, {"index": 1, "facets": [{"index": 1, "typeCode": 1002, "grade": null, "title": "\u90d1\u591a\u71d5BodyBall Hip&leg\u57ab\u4e0a\u64cd", "backgroundImages": [{"url": "http://picture.edu.hismarttv.com/images/20161212022759387904.jpg", "mobile_image_icon_url": "http://picture.edu.hismarttv.com/images/20161102032541379768.jpg", "url_horizontal": "http://picture.edu.hismarttv.com/images/20170629033606511137.jpg"}], "id": "38039"}], "width_horizontal": null, "width": null}, {"index": 1, "facets": [{"index": 1, "typeCode": 1002, "grade": null, "title": "\u90d1\u591a\u71d5\u5c0f\u7070\u5e3d\u5065\u8eab\u64cd", "backgroundImages": [{"url": "http://picture.edu.hismarttv.com/images/20161212022539029485.jpg", "mobile_image_icon_url": "http://picture.edu.hismarttv.com/images/20161102021604651091.jpg", "url_horizontal": "http://picture.edu.hismarttv.com/images/20170629/\u90d1\u591a\u71d5\u5c0f\u7070\u5e3d\u5065\u8eab\u64cd.jpg"}], "id": "38033"}], "width_horizontal": null, "width": null}, {"index": 1, "facets": [{"index": 1, "typeCode": 1002, "grade": null, "title": "\u90d1\u591a\u71d5FigureDumb\u54d1\u94c3\u64cd", "backgroundImages": [{"url": "http://picture.edu.hismarttv.com/images/20161212035609771233.jpg", "mobile_image_icon_url": "http://picture.edu.hismarttv.com/images/20161102021824917487.jpg", "url_horizontal": "http://picture.edu.hismarttv.com/images/20170629033936455331.jpg"}], "id": "38034"}], "width_horizontal": null, "width": null}, {"index": 1, "facets": [{"index": 1, "typeCode": 1002, "grade": null, "title": "\u90d1\u591a\u71d5FigureMat\u57ab\u4e0a\u64cd", "backgroundImages": [{"url": "http://picture.edu.hismarttv.com/images/20161212022344417148.jpg", "mobile_image_icon_url": null, "url_horizontal": "http://picture.edu.hismarttv.com/images/20170629033520364415.jpg"}], "id": "38035"}], "width_horizontal": null, "width": null}, {"index": 1, "facets": [{"index": 1, "typeCode": 1002, "grade": null, "title": "\u548c\u5973\u795e\u4e00\u8d77\u5b66\u53e3\u8bed\uff08\u7f51\u7edc\u5267\uff09", "backgroundImages": [{"url": "http://picture.edu.hismarttv.com/images/20170316053549297889.jpg", "mobile_image_icon_url": null, "url_horizontal": null}], "id": "35901"}], "width_horizontal": null, "width": null}, {"index": 1, "facets": [{"index": 1, "typeCode": 1002, "grade": null, "title": "\u770b\u5927\u7247\u5b66\u82f1\u6587\uff08\u7f51\u7edc\u5267\uff09", "backgroundImages": [{"url": "http://picture.edu.hismarttv.com/images/20170316053716559350.jpg", "mobile_image_icon_url": null, "url_horizontal": null}], "id": "35891"}], "width_horizontal": null, "width": null}, {"index": 1, "facets": [{"index": 1, "typeCode": 1002, "
07-05 21:06:52.576 D/HttpHandler(18758): RetryIntercepter-->retryNum=0
07-05 21:06:52.576 D/HttpHandler(18758): RetryIntercepter-->backoffmutiplier=0
07-05 21:06:52.581 I/FirstLineAdapter(18758): canShowTrailer,isOffline=false
07-05 21:06:52.581 I/FirstLineAdapter(18758): onCreateViewHolder viewtype=1
07-05 21:06:52.597 D/OkHttp  (18758): <-- 200 OK http://picture.edu.hismarttv.com/images/20170628111836879100.png (48ms)
07-05 21:06:52.598 D/OkHttp  (18758): Date: Mon, 03 Jul 2017 10:51:06 GMT
07-05 21:06:52.598 D/OkHttp  (18758): Server: nginx
07-05 21:06:52.598 D/OkHttp  (18758): Content-Type: image/png
07-05 21:06:52.598 D/OkHttp  (18758): Content-Length: 2420
07-05 21:06:52.598 D/OkHttp  (18758): Last-Modified: Wed, 28 Jun 2017 11:18:36 GMT
07-05 21:06:52.598 D/OkHttp  (18758): ETag: "5953908c-974"
07-05 21:06:52.598 D/OkHttp  (18758): Accept-Ranges: bytes
07-05 21:06:52.598 D/OkHttp  (18758): Age: 180946
07-05 21:06:52.598 D/OkHttp  (18758): Via: 1.1 hewangtong168:6 (Cdn Cache Server V2.0)[0 200 0], 1.1 changwtong67:5 (Cdn Cache Server V2.0)[15 200 0]
07-05 21:06:52.598 D/OkHttp  (18758): Connection: keep-alive
07-05 21:06:52.598 D/OkHttp  (18758): <-- END HTTP
07-05 21:06:52.600 D/OsdMonitorService( 1733): mCurrentWindow = com.hisense.hicloud.edca/com.hisense.tvui.newhome.HomeMainActivity; newWindow = com.hisense.hicloud.edca/com.hisense.tvui.newhome.HomeMainActivity; isSubWindow = false; isInWinList = false; isExitNow = false
07-05 21:06:52.600 D/OsdMonitorService( 1733): windowNotOsd() : name = com.hisense.hicloud.edca/com.hisense.tvui.newhome.HomeMainActivity
07-05 21:06:52.600 I/OsdMonitorService( 1733): setOsdStatus() : status will change from true to true
07-05 21:06:52.601 D/PowerManagerService( 1733): setScreenBrightnessOverrideFromWindowManagerInternal done
07-05 21:06:52.603 D/PowerManagerService( 1733): setScreenBrightnessOverrideFromWindowManagerInternal done
07-05 21:06:52.606 D/HttpHandler(18758): RetryIntercepter-->retryNum=0
07-05 21:06:52.606 D/HttpHandler(18758): RetryIntercepter-->backoffmutiplier=0
07-05 21:06:52.607 I/NetflixMonitorService( 1733): current fgapk : com.hisense.hicloud.edca
07-05 21:06:52.607 I/NetflixMonitorService( 1733): Netflix status unchanged
07-05 21:06:52.609 I/FirstLineAdapter(18758): onBindViewHolder 1
07-05 21:06:52.609 D/FirstLineAdapter(18758): setVipPoster ===>url :http://picture.edu.hismarttv.com/images/
07-05 21:06:52.612 D/PowerManagerService( 1733): setScreenBrightnessOverrideFromWindowManagerInternal done
07-05 21:06:52.617 I/art     (18758): Background partial concurrent mark sweep GC freed 27867(1768KB) AllocSpace objects, 9(1504KB) LOS objects, 13% free, 25MB/29MB, paused 12.059ms total 162.723ms
07-05 21:06:52.618 D/NativeDecimalFormat(18758): NativeDecimalFormat_close print addr=4098430720
07-05 21:06:52.618 D/NativeDecimalFormat(18758): NativeDecimalFormat_close print g_addr=4098431488
07-05 21:06:52.618 D/NativeDecimalFormat(18758): NativeDecimalFormat_close print addr=4098431488
07-05 21:06:52.618 D/NativeDecimalFormat(18758): NativeDecimalFormat_close print g_addr=4098431488
07-05 21:06:52.619 D/HiCloudSourcePlugin(15961): EPG Full Update Task Running...
07-05 21:06:52.619 I/HiCloudSourcePlugin(15961): the EPG Full Update Task starts now.
07-05 21:06:52.621 I/FirstLineAdapter(18758): canShowTrailer,isOffline=false
07-05 21:06:52.621 I/FirstLineAdapter(18758): onCreateViewHolder viewtype=2
07-05 21:06:52.624 I/FirstLineAdapter(18758): onBindViewHolder 2
07-05 21:06:52.629 I/MyItemDecoration(18758): getItemOffsets rect=Rect(0, -17 - 0, 0),pos=1
07-05 21:06:52.630 I/MyItemDecoration(18758): getItemOffsets rect=Rect(0, -15 - 0, 0),pos=2
07-05 21:06:52.631 I/FirstLineAdapter(18758): canShowTrailer,isOffline=false
07-05 21:06:52.631 I/FirstLineAdapter(18758): canShowTrailer,isOffline=false
07-05 21:06:52.631 I/FirstLineAdapter(18758): onCreateViewHolder viewtype=3
07-05 21:06:52.631 I/CurrentCarouselView(18758): initView
07-05 21:06:52.637 E/WebcastSDK-(18758): isImageCacheLimitedStat(),  context.getPackageName = com.hisense.hicloud.edca
07-05 21:06:52.637 E/WebcastSDK-(18758): isImageCacheLimitedStat(),  mIsImageLimited = 1
07-05 21:06:52.641 D/hwcomposer( 1204): lastHWWindowInfo is dirty
07-05 21:06:52.648 E/WebcastSDK-HiCloudSourcePlugin(18758): init(), Webcast App Token is NULL.
07-05 21:06:52.648 E/WebcastSDK-HiCloudSourcePlugin(18758): getHiCloudService(), Webcast App Token is NULL.
07-05 21:06:52.655 D/WebcastSDK-HiCloudSourcePlugin(18758): getContext(): com.hisense.hicloud.edca.BaseApplication@2adbac5c mWebcastManager: null
07-05 21:06:52.655 E/WebcastSDK-DataReport(18758): init(), Webcast App Token is NULL.
07-05 21:06:52.655 E/WebcastSDK-DataReport(18758): getHiCloudService(), Webcast App Token is NULL.
07-05 21:06:52.662 E/WebcastSDK-HiCloudSourcePlugin(18758): checkHiCloudFetchCondition(), Webcast App Token is NULL. mToken: null
07-05 21:06:52.662 E/WebcastSDK-HiCloudSourcePlugin(18758): FetchSystemParameterTask(), has no fetch condition, return.
07-05 21:06:52.663 I/WebcastSDK-ProgramScheduleDataManager(18758): init(), next time to fetch programSchedules in interval = 180min.
07-05 21:06:52.663 I/WebcastSDK-HistoryDataManager(18758): HistoryDataManager.init
07-05 21:06:52.665 D/HttpHandler(18758): VerifySignInterCeptor-->request.url()=http://picture.edu.hismarttv.com/images/
07-05 21:06:52.665 D/HttpHandler(18758): VerifySignInterCeptor-->hostname=picture.edu.hismarttv.com
07-05 21:06:52.665 D/OkHttp  (18758): --> GET http://picture.edu.hismarttv.com/images/ http/1.1
07-05 21:06:52.666 D/OkHttp  (18758): Host: picture.edu.hismarttv.com
07-05 21:06:52.666 D/OkHttp  (18758): Connection: Keep-Alive
07-05 21:06:52.666 D/OkHttp  (18758): Accept-Encoding: gzip
07-05 21:06:52.666 D/OkHttp  (18758): User-Agent: okhttp/3.6.0
07-05 21:06:52.666 D/OkHttp  (18758): --> END GET
07-05 21:06:52.667 D/WebcastSDK-WebcastManager(18758): Device license:WASU
07-05 21:06:52.669 I/MiSysSrv( 1214): [37m[INFO] Change to Voltage: 112 mv (0x2D)[m
07-05 21:06:52.697 I/DataDBLite(18758): onCreate
07-05 21:06:52.711 E/WebcastSDK-HiCloudImageCacheManager(18758): HiCloudImageCacheManager(), isImageCacheLimitedStat = true
07-05 21:06:52.711 I/WebcastSDK-WebcastManager(18758): addListener(), add ICarouselListener com.hisense.webcastSDK.data.hicloud.HiCloudSourcePlugin$2@34f26948
07-05 21:06:52.711 I/WebcastSDK-WebcastManager(18758): adding listener com.hisense.webcastSDK.data.hicloud.HiCloudSourcePlugin$1@1cfaf3e1
07-05 21:06:52.711 I/WebcastSDK-HiCloudSourcePlugin(18758): addListener(), add INetworkDataListener com.hisense.webcastSDK.data.internal.EPGDataManager$1@e2e9506
07-05 21:06:52.711 I/WebcastSDK-WebcastManager(18758): adding listener com.hisense.webcastSDK.utils.DataReport$1@3e177c7
07-05 21:06:52.711 D/WebcastSDK-WebcastInternalImpl(18758): init all manager.
07-05 21:06:52.720 D/Carousel-Utils(18758): SCREEN_WIDTH:1920,SCREEN_Height:1080,destity:2.0,smallWidth:818,height:460,listItem w:268,h:226,top:38,bottom:38
07-05 21:06:52.750 D/Carousel-CarouselView(18758): setModel,hascCode=1018850026
07-05 21:06:52.753 W/linker  (18758): libChinaNetSecret.so: unused DT entry: type 0x6ffffffe arg 0xbf8
07-05 21:06:52.753 W/linker  (18758): libChinaNetSecret.so: unused DT entry: type 0x6fffffff arg 0x1
07-05 21:06:52.754 I/CurrentCarouselView(18758): security: ChinaNetCenterWskeyForJuHaoKan
07-05 21:06:52.754 I/CurrentCarouselView(18758): BaseApplication.sSignStr=3082023B308201A4A00302010202045051BD19300D06092A864886F70D01010505003062310B30090603550406130238363111300F060355040813085368616E646F6E673110300E0603550407130751696E6764616F311F301D060355040A1316486973656E7365206D65646961206E6574776F726B73310D300B0603550403130448695456301E170D3132303931333131303134355A170D3432303930363131303134355A3062310B30090603550406130238363111300F060355040813085368616E646F6E673110300E0603550407130751696E6764616F311F301D060355040A1316486973656E7365206D65646961206E6574776F726B73310D300B060355040313044869545630819F300D06092A864886F70D010101050003818D0030818902818100841C2D9F5F1E0BBB4DF77826A11FEFFB557C22B07892114637C945272821CF6A4CD023F45FC0B0E825EA8839470BE63B95CD5E4B64FF7ECC8A910DB20DBE2A9E8504EC39E7C0E8E74435F745F47D821124744FBF91A2C70CA85DC07D24C53322D8CC33C9EE542E872E44AF0E9E203328A106B31DC3BEC523600DDDA2204C665D0203010001300D06092A864886F70D0101050500038181003AA40C684E7AB45294882A0766EABD8C4BB7C0DFC4DE9ED13E192ECA9370C6B493257129F8DC248335D86877EAB36FBE9A8867E3F034BFD035CEC363073B558AAA6F42838FE0B1BEC3BC90B3E6FEE5D1D78C5CEC7966696D86FC071ED59063FD8E08DECAC8EBD0FB39443415B6725C00B0BACE4A06EF97D76158BF37D36720BB
07-05 21:06:52.754 I/CurrentCarouselView(18758): serverTime=1499260012000
07-05 21:06:52.754 E/WebcastSDK-WebcastManager(18758): setToken(), new Token = 72DF6038D2AEAB8A76DFBBBBCC428A4A_002865326306983
07-05 21:06:52.754 I/WebcastSDK-HiCloudSourcePlugin(18758): notifyAppTokenChanged(), token = 72DF6038D2AEAB8A76DFBBBBCC428A4A_002865326306983
07-05 21:06:52.755 V/PackageManager( 1733): getPackageInfo com.hisense.hicloud.edca: Package{3fb3f3a1 com.hisense.hicloud.edca}
07-05 21:06:52.755 I/WebcastSDK-(18758): getAppVersionCode(), versionCode = 652
07-05 21:06:52.756 I/WebcastSDK-DataReport(18758): notifyAppTokenChanged(), token = 72DF6038D2AEAB8A76DFBBBBCC428A4A_002865326306983
07-05 21:06:52.757 V/PackageManager( 1733): getPackageInfo com.hisense.hicloud.edca: Package{3fb3f3a1 com.hisense.hicloud.edca}
07-05 21:06:52.758 I/WebcastSDK-(18758): getAppVersionCode(), versionCode = 652
07-05 21:06:52.759 D/Carousel-(18758): setSignonInfo subscriberId:13287129,customerId:7195320
07-05 21:06:52.759 E/WebcastSDK-WebcastManager(18758): setAppServiceDomainList.
07-05 21:06:52.760 V/PackageManager( 1733): getPackageInfo com.hisense.hicloud.edca: Package{3fb3f3a1 com.hisense.hicloud.edca}
07-05 21:06:52.760 D/til@system( 2026): til_get_system_param option:1000007 int:-1936522368, bool:128, ret:0
07-05 21:06:52.761 I/WebcastSDK-(18758): getAppVersionCode(), versionCode = 652
07-05 21:06:52.761 D/til@system( 2026): til_get_system_param option:1000009 int:-1815632896, bool:0, ret:0
07-05 21:06:52.762 D/til@system( 2026): til_get_system_param option:1000008 int:-1815633792, bool:128, ret:0
07-05 21:06:52.763 D/HttpDnsUtils(18758): CEXX-getOperationDetail-productName : LED50MU8600UC
07-05 21:06:52.763 D/HttpDnsUtils(18758): CEXX-getOperationDetail-plmNumber : 88888
07-05 21:06:52.763 D/HttpDnsUtils(18758): CEXX-getOperationDetail-swVersion : V0000.00.01A
07-05 21:06:52.763 D/HttpDnsUtils(18758): CEXX-getOperationDetail-operationDetail : LED50MU8600UC0000888
07-05 21:06:52.764 I/TVMW@devctrl( 1234): wdt
07-05 21:06:52.764 I/FirstLineAdapter(18758): onBindViewHolder 3
07-05 21:06:52.767 D/til@system( 2026): til_get_system_param option:1000007 int:-1936525184, bool:128, ret:0
07-05 21:06:52.767 D/OkHttp  (18758): <-- 403 Forbidden http://picture.edu.hismarttv.com/images/ (101ms)
07-05 21:06:52.768 D/OkHttp  (18758): Date: Wed, 05 Jul 2017 13:06:52 GMT
07-05 21:06:52.768 D/OkHttp  (18758): Server: nginx
07-05 21:06:52.768 D/OkHttp  (18758): Content-Type: text/html; charset=UTF-8
07-05 21:06:52.768 D/OkHttp  (18758): Content-Length: 162
07-05 21:06:52.768 D/OkHttp  (18758): Via: 1.1 shuozhou56:0 (Cdn Cache Server V2.0)[38 403 2], 1.1 dzhwt36:1 (Cdn Cache Server V2.0)[89 403 2]
07-05 21:06:52.768 D/til@system( 2026): til_get_system_param option:1000009 int:-1815634176, bool:0, ret:0
07-05 21:06:52.768 D/OkHttp  (18758): Connection: close
07-05 21:06:52.768 D/OkHttp  (18758): <-- END HTTP
07-05 21:06:52.770 I/MiSysSrv( 1214): [37m[INFO] Change to Voltage: 102 mv (0x23)[m
07-05 21:06:52.770 D/HttpHandler(18758): RetryIntercepter-->retryNum=0
07-05 21:06:52.770 D/HttpHandler(18758): RetryIntercepter-->backoffmutiplier=0
07-05 21:06:52.770 D/til@system( 2026): til_get_system_param option:1000008 int:-1936522112, bool:128, ret:0
07-05 21:06:52.770 D/HttpDnsUtils(18758): CEXX-getOperationDetail-productName : LED50MU8600UC
07-05 21:06:52.770 D/HttpDnsUtils(18758): CEXX-getOperationDetail-plmNumber : 88888
07-05 21:06:52.770 D/HttpDnsUtils(18758): CEXX-getOperationDetail-swVersion : V0000.00.01A
07-05 21:06:52.770 D/HttpDnsUtils(18758): CEXX-getOperationDetail-operationDetail : LED50MU8600UC0000888
07-05 21:06:52.770 I/CurrentCarouselView(18758): setTrailData
07-05 21:06:52.771 I/Util    (18758): memory : total=1912,limit=1024
07-05 21:06:52.771 D/Carousel-CarouselPicVideoListInfo(18758): carouselList: 3
07-05 21:06:52.772 D/Carousel-CarouselView(18758): setData! info=com.hisense.hitv.carouselwidgit.bean.CarouselPicVideoListInfo@1cb6b478, hascCode=1018850026
07-05 21:06:52.772 D/Carousel-CarouselView(18758): showInitPoster.
07-05 21:06:52.772 D/Carousel-CarouselDisplayPlayerLayout(18758): isFullScreen:false
07-05 21:06:52.772 D/Carousel-CarouselView(18758): ACTION_CLEAR_POSTER_AND_PLAY isFullScreen:false
07-05 21:06:52.772 D/Carousel-CarouselView(18758): InitPosterUrl:http://picture.edu.hismarttv.com/images/20170629010146422927.jpg
07-05 21:06:52.772 D/Carousel-Utils(18758): displayImage view=android.widget.ImageView{31979751 V.ED.... ......I. 0,0-0,0 #7f0d0029 app:id/imageView1}
07-05 21:06:52.772 D/Carousel-Utils(18758): displayImage url=http://picture.edu.hismarttv.com/images/20170629010146422927.jpg
07-05 21:06:52.776 I/CurrentCarouselView(18758): startPlay
07-05 21:06:52.776 I/CurrentCarouselView(18758): CurrentCarouselView.sHasShopDialog=false
07-05 21:06:52.776 I/CurrentCarouselView(18758): onAttachedToWindow
07-05 21:06:52.777 D/HttpHandler(18758): VerifySignInterCeptor-->request.url()=http://picture.edu.hismarttv.com/images/20170629010146422927.jpg
07-05 21:06:52.777 D/HttpHandler(18758): VerifySignInterCeptor-->hostname=picture.edu.hismarttv.com
07-05 21:06:52.777 D/Carousel-CarouselView(18758): onAttachedToWindow.
07-05 21:06:52.778 D/OkHttp  (18758): --> GET http://picture.edu.hismarttv.com/images/20170629010146422927.jpg http/1.1
07-05 21:06:52.778 D/OkHttp  (18758): Host: picture.edu.hismarttv.com
07-05 21:06:52.778 D/OkHttp  (18758): Connection: Keep-Alive
07-05 21:06:52.778 I/MyItemDecoration(18758): getItemOffsets rect=Rect(-32, -16 - 0, 0),pos=3
07-05 21:06:52.778 D/OkHttp  (18758): Accept-Encoding: gzip
07-05 21:06:52.778 D/OkHttp  (18758): User-Agent: okhttp/3.6.0
07-05 21:06:52.778 D/OkHttp  (18758): --> END GET
07-05 21:06:52.793 D/Carousel-CarouselChannelItemView(18758): Listitem imageUrl:http://picture.edu.hismarttv.com/images/20170628102959016598.jpg
07-05 21:06:52.795 D/HttpHandler(18758): VerifySignInterCeptor-->request.url()=http://picture.edu.hismarttv.com/images/20170628102959016598.jpg
07-05 21:06:52.795 D/HttpHandler(18758): VerifySignInterCeptor-->hostname=picture.edu.hismarttv.com
07-05 21:06:52.795 D/Carousel-CarouselChannelItemView(18758): Listitem imageUrl:http://picture.edu.hismarttv.com/images/20170628103002814396.jpg
07-05 21:06:52.796 D/HttpHandler(18758): RetryIntercepter-->retryNum=0
07-05 21:06:52.796 D/Carousel-CarouselChannelItemView(18758): Listitem imageUrl:http://picture.edu.hismarttv.com/images/20170628103009181182.jpg
07-05 21:06:52.798 D/Carousel-CarouselChannelItemView(18758): Listitem imageUrl:http://picture.edu.hismarttv.com/images/20170628102959016598.jpg
07-05 21:06:52.799 D/Carousel-CarouselChannelItemView(18758): Listitem imageUrl:http://picture.edu.hismarttv.com/images/20170628103002814396.jpg
07-05 21:06:52.799 D/Carousel-CarouselChannelItemView(18758): Listitem imageUrl:http://picture.edu.hismarttv.com/images/20170628103009181182.jpg
07-05 21:06:52.801 D/Carousel-CarouselChannelItemView(18758): Listitem imageUrl:http://picture.edu.hismarttv.com/images/20170628103002814396.jpg
07-05 21:06:52.802 D/HttpHandler(18758): VerifySignInterCeptor-->request.url()=http://picture.edu.hismarttv.com/images/20170628103002814396.jpg
07-05 21:06:52.802 D/HttpHandler(18758): VerifySignInterCeptor-->hostname=picture.edu.hismarttv.com
07-05 21:06:52.803 D/OkHttp  (18758): --> GET http://picture.edu.hismarttv.com/images/20170628103002814396.jpg http/1.1
07-05 21:06:52.803 D/OkHttp  (18758): Host: picture.edu.hismarttv.com
07-05 21:06:52.803 D/OkHttp  (18758): Connection: Keep-Alive
07-05 21:06:52.803 D/OkHttp  (18758): Accept-Encoding: gzip
07-05 21:06:52.803 D/OkHttp  (18758): User-Agent: okhttp/3.6.0
07-05 21:06:52.803 D/OkHttp  (18758): --> END GET
07-05 21:06:52.805 D/HttpHandler(18758): RetryIntercepter-->backoffmutiplier=0
07-05 21:06:52.805 D/Carousel-CarouselChannelItemView(18758): Listitem imageUrl:http://picture.edu.hismarttv.com/images/20170628102959016598.jpg
07-05 21:06:52.807 D/HttpHandler(18758): VerifySignInterCeptor-->request.url()=http://picture.edu.hismarttv.com/images/20170628102959016598.jpg
07-05 21:06:52.808 D/HttpHandler(18758): VerifySignInterCeptor-->hostname=picture.edu.hismarttv.com
07-05 21:06:52.810 D/OkHttp  (18758): --> GET http://picture.edu.hismarttv.com/images/20170628102959016598.jpg http/1.1
07-05 21:06:52.810 D/OkHttp  (18758): Host: picture.edu.hismarttv.com
07-05 21:06:52.810 D/OkHttp  (18758): Connection: Keep-Alive
07-05 21:06:52.810 D/OkHttp  (18758): Accept-Encoding: gzip
07-05 21:06:52.810 D/OkHttp  (18758): User-Agent: okhttp/3.6.0
07-05 21:06:52.810 D/OkHttp  (18758): --> END GET
07-05 21:06:52.812 D/Carousel-CarouselChannelItemView(18758): Listitem imageUrl:http://picture.edu.hismarttv.com/images/20170628103009181182.jpg
07-05 21:06:52.814 I/FirstLineAdapter(18758): canShowTrailer,isOffline=false
07-05 21:06:52.814 I/FirstLineAdapter(18758): onCreateViewHolder viewtype=4
07-05 21:06:52.814 D/HttpHandler(18758): VerifySignInterCeptor-->request.url()=http://picture.edu.hismarttv.com/images/20170628103009181182.jpg
07-05 21:06:52.814 D/HttpHandler(18758): VerifySignInterCeptor-->hostname=picture.edu.hismarttv.com
07-05 21:06:52.815 D/HttpHandler(18758): HttpDNS-->hostname=picture.edu.hismarttv.com
07-05 21:06:52.816 D/HttpHandler(18758): RAMCache-->hostInfo.getClientTimeStamp()=8853918
07-05 21:06:52.816 D/HttpHandler(18758): RAMCache-->hostInfo.getTtl()=300
07-05 21:06:52.816 D/HttpHandler(18758): RAMCache-->SystemClock.elapsedRealtime()=8854387
07-05 21:06:52.822 D/HttpHandler(18758): DNSHelper-->gslbDns=["153.35.175.121","220.202.77.124","153.35.175.120","125.46.22.134","218.58.206.58","220.202.77.116","123.128.14.209"]
07-05 21:06:52.828 I/FirstLineAdapter(18758): onBindViewHolder 4
07-05 21:06:52.828 I/FirstLineAdapter(18758): canShowTrailer,isOffline=false
07-05 21:06:52.828 I/FirstLineAdapter(18758): canShowTrailer modify
07-05 21:06:52.828 I/FirstLineAdapter(18758): setMasterData4
07-05 21:06:52.828 I/FirstLineAdapter(18758): set current pos = 0
07-05 21:06:52.828 D/sloven  (18758): 1002---true
07-05 21:06:52.828 I/FirstLineAdapter(18758): canShowTrailer,isOffline=false
07-05 21:06:52.828 D/OkHttp  (18758): <-- 200 OK http://picture.edu.hismarttv.com/images/20170628103002814396.jpg (24ms)
07-05 21:06:52.828 D/OkHttp  (18758): Date: Mon, 03 Jul 2017 10:17:08 GMT
07-05 21:06:52.829 D/OkHttp  (18758): Server: nginx
07-05 21:06:52.829 D/OkHttp  (18758): Content-Type: image/jpeg
07-05 21:06:52.829 D/OkHttp  (18758): Content-Length: 54264
07-05 21:06:52.829 D/OkHttp  (18758): Last-Modified: Wed, 28 Jun 2017 10:30:02 GMT
07-05 21:06:52.829 D/OkHttp  (18758): ETag: "5953852a-d3f8"
07-05 21:06:52.829 D/OkHttp  (18758): Accept-Ranges: bytes
07-05 21:06:52.829 D/OkHttp  (18758): Age: 182984
07-05 21:06:52.829 D/OkHttp  (18758): Via: 1.1 chzhwt171:8 (Cdn Cache Server V2.0)[0 200 0], 1.1 t86:5 (Cdn Cache Server V2.0)[0 200 0]
07-05 21:06:52.829 D/OkHttp  (18758): Connection: keep-alive
07-05 21:06:52.829 D/OkHttp  (18758): <-- END HTTP
07-05 21:06:52.832 I/FirstLineAdapter(18758): canShowTrailer,isOffline=false
07-05 21:06:52.832 I/FirstLineAdapter(18758): onCreateViewHolder viewtype=4
07-05 21:06:52.833 D/HttpHandler(18758): RetryIntercepter-->retryNum=0
07-05 21:06:52.833 D/HttpHandler(18758): RetryIntercepter-->backoffmutiplier=0
07-05 21:06:52.835 D/OkHttp  (18758): <-- 200 OK http://picture.edu.hismarttv.com/images/20170628102959016598.jpg (24ms)
07-05 21:06:52.835 D/OkHttp  (18758): Date: Mon, 03 Jul 2017 11:02:37 GMT
07-05 21:06:52.835 D/OkHttp  (18758): Server: nginx
07-05 21:06:52.835 D/OkHttp  (18758): Content-Type: image/jpeg
07-05 21:06:52.835 D/OkHttp  (18758): Content-Length: 40292
07-05 21:06:52.835 D/OkHttp  (18758): Last-Modified: Wed, 28 Jun 2017 10:29:59 GMT
07-05 21:06:52.835 D/OkHttp  (18758): ETag: "59538527-9d64"
07-05 21:06:52.835 D/OkHttp  (18758): Accept-Ranges: bytes
07-05 21:06:52.835 D/OkHttp  (18758): Age: 180255
07-05 21:06:52.835 D/OkHttp  (18758): Via: 1.1 chzhwt171:6 (Cdn Cache Server V2.0)[0 200 0], 1.1 angtong95:1 (Cdn Cache Server V2.0)[0 200 0]
07-05 21:06:52.835 D/OkHttp  (18758): Connection: keep-alive
07-05 21:06:52.835 D/OkHttp  (18758): <-- END HTTP
07-05 21:06:52.842 D/HttpHandler(18758): RetryIntercepter-->retryNum=0
07-05 21:06:52.842 D/HttpHandler(18758): RetryIntercepter-->backoffmutiplier=0
07-05 21:06:52.844 I/FirstLineAdapter(18758): onBindViewHolder 5
07-05 21:06:52.844 I/FirstLineAdapter(18758): canShowTrailer,isOffline=false
07-05 21:06:52.844 I/FirstLineAdapter(18758): canShowTrailer modify
07-05 21:06:52.844 I/FirstLineAdapter(18758): setMasterData5
07-05 21:06:52.844 I/FirstLineAdapter(18758): set current pos = 1
07-05 21:06:52.844 D/sloven  (18758): 2005---false
07-05 21:06:52.844 D/sloven  (18758): 2005
07-05 21:06:52.848 D/OkHttp  (18758): --> GET http://picture.edu.hismarttv.com/images/20170628103009181182.jpg http/1.1
07-05 21:06:52.848 D/OkHttp  (18758): Host: picture.edu.hismarttv.com
07-05 21:06:52.848 D/OkHttp  (18758): Connection: Keep-Alive
07-05 21:06:52.848 D/OkHttp  (18758): Accept-Encoding: gzip
07-05 21:06:52.848 D/OkHttp  (18758): User-Agent: okhttp/3.6.0
07-05 21:06:52.848 D/OkHttp  (18758): --> END GET
07-05 21:06:52.849 V/PackageManager( 1733): getPackageInfo com.hisense.hicloud.edca: Package{3fb3f3a1 com.hisense.hicloud.edca}
07-05 21:06:52.852 I/FirstLineAdapter(18758): canShowTrailer,isOffline=false
07-05 21:06:52.854 I/MyItemDecoration(18758): getItemOffsets rect=Rect(-32, 0 - 0, 0),pos=4
07-05 21:06:52.856 I/MyItemDecoration(18758): getItemOffsets rect=Rect(-32, -5 - 0, 0),pos=5
07-05 21:06:52.860 D/Carousel-CarouselView(18758): smoothScroll.
07-05 21:06:52.860 D/Carousel-CarouselDisplayPlayerLayout(18758): isFullScreen:false
07-05 21:06:52.860 D/Carousel-CarouselView(18758): smoothScroll isOtherInstance return.
07-05 21:06:52.860 I/ContentBridgeAdapterListener(18758): onAddPresenter 2
07-05 21:06:52.869 I/MiSysSrv( 1214): [37m[INFO] Change to Voltage: 117 mv (0x32)[m
07-05 21:06:52.880 D/OkHttp  (18758): <-- 200 OK http://picture.edu.hismarttv.com/images/20170628103009181182.jpg (31ms)
07-05 21:06:52.880 D/OkHttp  (18758): Date: Mon, 03 Jul 2017 11:02:37 GMT
07-05 21:06:52.880 D/OkHttp  (18758): Server: nginx
07-05 21:06:52.880 D/OkHttp  (18758): Content-Type: image/jpeg
07-05 21:06:52.880 D/OkHttp  (18758): Content-Length: 41416
07-05 21:06:52.880 D/OkHttp  (18758): Last-Modified: Wed, 28 Jun 2017 10:30:09 GMT
07-05 21:06:52.880 D/OkHttp  (18758): ETag: "59538531-a1c8"
07-05 21:06:52.880 D/OkHttp  (18758): Accept-Ranges: bytes
07-05 21:06:52.880 D/OkHttp  (18758): Age: 180255
07-05 21:06:52.880 D/OkHttp  (18758): Via: 1.1 pingwangtong49:1 (Cdn Cache Server V2.0)[0 200 0], 1.1 t93:6 (Cdn Cache Server V2.0)[11 200 0]
07-05 21:06:52.880 D/OkHttp  (18758): Connection: keep-alive
07-05 21:06:52.880 D/OkHttp  (18758): <-- END HTTP
07-05 21:06:52.881 D/HttpHandler(18758): RetryIntercepter-->retryNum=0
07-05 21:06:52.881 D/HttpHandler(18758): RetryIntercepter-->backoffmutiplier=0
07-05 21:06:52.885 D/OkHttp  (18758): <-- 200 OK http://picture.edu.hismarttv.com/images/20170629010146422927.jpg (107ms)
07-05 21:06:52.885 D/OkHttp  (18758): Date: Mon, 03 Jul 2017 10:05:21 GMT
07-05 21:06:52.885 D/OkHttp  (18758): Server: nginx
07-05 21:06:52.885 D/OkHttp  (18758): Content-Type: image/jpeg
07-05 21:06:52.885 D/OkHttp  (18758): Content-Length: 145373
07-05 21:06:52.885 D/OkHttp  (18758): Last-Modified: Thu, 29 Jun 2017 01:01:46 GMT
07-05 21:06:52.885 D/OkHttp  (18758): ETag: "5954517a-237dd"
07-05 21:06:52.885 D/OkHttp  (18758): Accept-Ranges: bytes
07-05 21:06:52.885 D/OkHttp  (18758): Age: 183691
07-05 21:06:52.885 D/OkHttp  (18758): Via: 1.1 shzh54:1 (Cdn Cache Server V2.0)[11 200 0], 1.1 changwtong65:0 (Cdn Cache Server V2.0)[46 200 0]
07-05 21:06:52.885 D/OkHttp  (18758): Connection: keep-alive
07-05 21:06:52.885 D/OkHttp  (18758): <-- END HTTP
07-05 21:06:52.887 D/HttpHandler(18758): RetryIntercepter-->retryNum=0
07-05 21:06:52.887 D/HttpHandler(18758): RetryIntercepter-->backoffmutiplier=0
07-05 21:06:52.891 I/ContentBridgeAdapterListener(18758): onCreate ViewHolder{fcd987c position=-1 id=-1, oldPos=-1, pLpos:-1 unbound no parent}
07-05 21:06:52.892 I/BaseContentFragment(18758): setUpSharedViewPoolViewHolder{fcd987c position=-1 id=-1, oldPos=-1, pLpos:-1 unbound no parent}
07-05 21:06:52.892 I/BaseContentFragment(18758): create view pool
07-05 21:06:52.892 I/BaseContentFragment(18758): setRowViewSelectedViewHolder{fcd987c position=-1 id=-1, oldPos=-1, pLpos:-1 unbound no parent},isSelectedfalse
07-05 21:06:52.892 I/head    (18758): item=com.hisense.leanback.widget.ListRow@ae7e505
07-05 21:06:52.892 I/ContentBridgeAdapterListener(18758): onBind 
07-05 21:06:52.893 I/ContentBridgeAdapterListener(18758): onAttachedToWindow ViewHolder{fcd987c position=2 id=-1, oldPos=-1, pLpos:-1}
07-05 21:06:52.894 D/QrRecognization( 2232): handleMessage msg=4
07-05 21:06:52.894 D/QrRecognization( 2232): handleMessage msg=1
07-05 21:06:52.894 D/QrRecognization( 2232): start update screenshot
07-05 21:06:52.894 D/QrRecognization( 2232): QR detection is not enabled in tile com.hisense.hicloud.edca
07-05 21:06:52.894 D/QrRecognization( 2232): error in getBitmap from screen
07-05 21:06:52.896 I/CardSelectionPresenter(18758): onCreateViewHoldercom.hisense.leanback.widget.HorizontalGridView{3e8078b VFE..... ......I. 0,0-0,0 #7f0d038e app:id/row_content}
07-05 21:06:52.899 D/HttpHandler(18758): VerifySignInterCeptor-->request.url()=http://picture.edu.hismarttv.com/images/20170628233232135598.jpg
07-05 21:06:52.899 D/HttpHandler(18758): VerifySignInterCeptor-->hostname=picture.edu.hismarttv.com
07-05 21:06:52.900 D/OkHttp  (18758): --> GET http://picture.edu.hismarttv.com/images/20170628233232135598.jpg http/1.1
07-05 21:06:52.900 D/OkHttp  (18758): Host: picture.edu.hismarttv.com
07-05 21:06:52.900 D/OkHttp  (18758): Connection: Keep-Alive
07-05 21:06:52.900 D/OkHttp  (18758): Accept-Encoding: gzip
07-05 21:06:52.900 D/OkHttp  (18758): User-Agent: okhttp/3.6.0
07-05 21:06:52.900 D/OkHttp  (18758): --> END GET
07-05 21:06:52.904 I/CardSelectionPresenter(18758): onBindViewHolder
07-05 21:06:52.904 D/sloven  (18758): 1002---false
07-05 21:06:52.905 I/CardSelectionPresenter(18758): width=400,height=220
07-05 21:06:52.923 D/hailongqiu(18758): hailongqiu position:0
07-05 21:06:52.925 D/HttpHandler(18758): VerifySignInterCeptor-->request.url()=http://picture.edu.hismarttv.com/images/20170629075040001252.jpg
07-05 21:06:52.925 D/HttpHandler(18758): VerifySignInterCeptor-->hostname=picture.edu.hismarttv.com
07-05 21:06:52.927 D/OkHttp  (18758): --> GET http://picture.edu.hismarttv.com/images/20170629075040001252.jpg http/1.1
07-05 21:06:52.927 D/OkHttp  (18758): Host: picture.edu.hismarttv.com
07-05 21:06:52.927 D/OkHttp  (18758): Connection: Keep-Alive
07-05 21:06:52.927 D/OkHttp  (18758): Accept-Encoding: gzip
07-05 21:06:52.927 D/OkHttp  (18758): User-Agent: okhttp/3.6.0
07-05 21:06:52.927 D/OkHttp  (18758): --> END GET
07-05 21:06:52.930 I/CardSelectionPresenter(18758): onCreateViewHoldercom.hisense.leanback.widget.HorizontalGridView{3e8078b VFE..... ......ID 0,0-1738,279 #7f0d038e app:id/row_content}
07-05 21:06:52.936 I/CardSelectionPresenter(18758): onBindViewHolder
07-05 21:06:52.936 D/sloven  (18758): 1002---false
07-05 21:06:52.937 I/CardSelectionPresenter(18758): width=400,height=220
07-05 21:06:52.941 I/CardSelectionPresenter(18758): onCreateViewHoldercom.hisense.leanback.widget.HorizontalGridView{3e8078b VFE..... ......ID 0,0-1738,279 #7f0d038e app:id/row_content}
07-05 21:06:52.947 D/HttpHandler(18758): VerifySignInterCeptor-->request.url()=http://picture.edu.hismarttv.com/images/20170629/%E5%BF%83%E7%AE%97%E5%8F%A3%E8%AF%80%E5%A4%A9%E5%A4%A9%E7%BB%83.jpg
07-05 21:06:52.947 D/HttpHandler(18758): VerifySignInterCeptor-->hostname=picture.edu.hismarttv.com
07-05 21:06:52.948 I/CardSelectionPresenter(18758): onBindViewHolder
07-05 21:06:52.948 D/sloven  (18758): 1002---false
07-05 21:06:52.949 I/CardSelectionPresenter(18758): width=400,height=220
07-05 21:06:52.949 W/SoLibHelper(18758): copySoLibToHost copy(libWasabiJni.so) true
07-05 21:06:52.949 W/SoLibHelper(18758): copySoLibToHost scan(entry=lib/armeabi/libqyclient_common.so, isDirectory=false)
07-05 21:06:52.949 W/SoLibHelper(18758): copySoLibToHost scan(soName=libqyclient_common.so)
07-05 21:06:52.949 W/FileUtils(18758): createNewFile(), path=/data/data/com.hisense.hicloud.edca/files/plugin/2.1.0.59986/pluginplayer/1.64.0.59984/pluginplayer-release-1.64.0.59984-libs/libqyclient_common.so
07-05 21:06:52.949 W/FileUtils(18758): createNewFile(), path is not empty!
07-05 21:06:52.949 D/OkHttp  (18758): <-- 200 OK http://picture.edu.hismarttv.com/images/20170628233232135598.jpg (48ms)
07-05 21:06:52.949 D/OkHttp  (18758): Date: Mon, 03 Jul 2017 11:37:30 GMT
07-05 21:06:52.949 D/OkHttp  (18758): Server: nginx
07-05 21:06:52.949 D/OkHttp  (18758): Content-Type: image/jpeg
07-05 21:06:52.949 D/OkHttp  (18758): Content-Length: 50603
07-05 21:06:52.949 D/OkHttp  (18758): Last-Modified: Wed, 28 Jun 2017 23:32:32 GMT
07-05 21:06:52.949 D/OkHttp  (18758): ETag: "59543c90-c5ab"
07-05 21:06:52.949 W/FileUtils(18758): createNewFile(), path is file!
07-05 21:06:52.949 D/OkHttp  (18758): Accept-Ranges: bytes
07-05 21:06:52.949 D/OkHttp  (18758): Age: 178162
07-05 21:06:52.949 D/OkHttp  (18758): Via: 1.1 jnwt243:1 (Cdn Cache Server V2.0)[0 200 0], 1.1 t85:5 (Cdn Cache Server V2.0)[15 200 0]
07-05 21:06:52.949 D/OkHttp  (18758): Connection: keep-alive
07-05 21:06:52.949 D/OkHttp  (18758): <-- END HTTP
07-05 21:06:52.950 W/FileUtils(18758): createNewFile(), path createNewFile true
07-05 21:06:52.950 W/FileUtils(18758): createNewFile(), return=true
07-05 21:06:52.951 D/HttpHandler(18758): RetryIntercepter-->retryNum=0
07-05 21:06:52.951 D/HttpHandler(18758): RetryIntercepter-->backoffmutiplier=0
07-05 21:06:52.953 I/CardSelectionPresenter(18758): onCreateViewHoldercom.hisense.leanback.widget.HorizontalGridView{3e8078b VFE..... ......ID 0,0-1738,279 #7f0d038e app:id/row_content}
07-05 21:06:52.953 D/OkHttp  (18758): --> GET http://picture.edu.hismarttv.com/images/20170629/%E5%BF%83%E7%AE%97%E5%8F%A3%E8%AF%80%E5%A4%A9%E5%A4%A9%E7%BB%83.jpg http/1.1
07-05 21:06:52.953 D/OkHttp  (18758): Host: picture.edu.hismarttv.com
07-05 21:06:52.953 D/OkHttp  (18758): Connection: Keep-Alive
07-05 21:06:52.953 D/OkHttp  (18758): Accept-Encoding: gzip
07-05 21:06:52.953 D/OkHttp  (18758): User-Agent: okhttp/3.6.0
07-05 21:06:52.953 D/OkHttp  (18758): --> END GET
07-05 21:06:52.960 I/CardSelectionPresenter(18758): onBindViewHolder
07-05 21:06:52.960 D/sloven  (18758): 1002---false
07-05 21:06:52.961 I/CardSelectionPresenter(18758): width=400,height=220
07-05 21:06:52.967 E/RecyclerView(18758): No adapter attached; skipping layout
07-05 21:06:52.967 E/RecyclerView(18758): No adapter attached; skipping layout
07-05 21:06:52.967 D/Carousel-CarouselView(18758): ============>onScrollChanged hashCode:1018850026
07-05 21:06:52.975 D/OkHttp  (18758): <-- 200 OK http://picture.edu.hismarttv.com/images/20170629075040001252.jpg (48ms)
07-05 21:06:52.975 D/OkHttp  (18758): Date: Mon, 03 Jul 2017 11:02:37 GMT
07-05 21:06:52.975 D/OkHttp  (18758): Server: nginx
07-05 21:06:52.975 D/OkHttp  (18758): Content-Type: image/jpeg
07-05 21:06:52.975 D/OkHttp  (18758): Content-Length: 103036
07-05 21:06:52.976 D/OkHttp  (18758): Last-Modified: Thu, 29 Jun 2017 07:50:40 GMT
07-05 21:06:52.976 D/OkHttp  (18758): ETag: "5954b150-1927c"
07-05 21:06:52.976 D/OkHttp  (18758): Accept-Ranges: bytes
07-05 21:06:52.976 D/OkHttp  (18758): Age: 180255
07-05 21:06:52.976 D/OkHttp  (18758): Via: 1.1 changzhiwangtong172:9 (Cdn Cache Server V2.0)[0 200 0], 1.1 t93:0 (Cdn Cache Server V2.0)[15 200 0]
07-05 21:06:52.976 D/OkHttp  (18758): Connection: keep-alive
07-05 21:06:52.976 D/OkHttp  (18758): <-- END HTTP
07-05 21:06:52.977 D/HttpHandler(18758): RetryIntercepter-->retryNum=0
07-05 21:06:52.977 D/HttpHandler(18758): RetryIntercepter-->backoffmutiplier=0
07-05 21:06:52.980 I/MyFragmentStateAdapter(18758): getCount
07-05 21:06:52.989 D/OkHttp  (18758): <-- 200 OK http://picture.edu.hismarttv.com/images/20170629/%E5%BF%83%E7%AE%97%E5%8F%A3%E8%AF%80%E5%A4%A9%E5%A4%A9%E7%BB%83.jpg (35ms)
07-05 21:06:52.989 D/OkHttp  (18758): Date: Mon, 03 Jul 2017 11:02:37 GMT
07-05 21:06:52.989 D/OkHttp  (18758): Server: nginx
07-05 21:06:52.989 D/OkHttp  (18758): Content-Type: image/jpeg
07-05 21:06:52.989 D/OkHttp  (18758): Content-Length: 204643
07-05 21:06:52.989 D/OkHttp  (18758): Last-Modified: Fri, 09 Jun 2017 14:51:40 GMT
07-05 21:06:52.989 D/OkHttp  (18758): ETag: "593ab5fc-31f63"
07-05 21:06:52.989 D/OkHttp  (18758): Accept-Ranges: bytes
07-05 21:06:52.989 D/OkHttp  (18758): Age: 180255
07-05 21:06:52.989 D/OkHttp  (18758): Via: 1.1 shuozhou56:1 (Cdn Cache Server V2.0)[20 200 0], 1.1 angtong95:4 (Cdn Cache Server V2.0)[0 200 0]
07-05 21:06:52.989 D/OkHttp  (18758): Connection: keep-alive
07-05 21:06:52.989 D/OkHttp  (18758): <-- END HTTP
07-05 21:06:52.992 D/MyLocalStartService(16899): currentName is :com.hisense.hicloud.edca
07-05 21:06:52.993 D/HttpHandler(18758): RetryIntercepter-->retryNum=0
07-05 21:06:52.993 D/HttpHandler(18758): RetryIntercepter-->backoffmutiplier=0
07-05 21:06:52.998 W/SoLibHelper(18758): copySoLibToHost copy(libqyclient_common.so) true
07-05 21:06:52.998 W/SoLibHelper(18758): copySoLibToHost scan(entry=lib/armeabi/librtmp.so, isDirectory=false)
07-05 21:06:52.998 W/SoLibHelper(18758): copySoLibToHost scan(soName=librtmp.so)
07-05 21:06:52.998 W/FileUtils(18758): createNewFile(), path=/data/data/com.hisense.hicloud.edca/files/plugin/2.1.0.59986/pluginplayer/1.64.0.59984/pluginplayer-release-1.64.0.59984-libs/librtmp.so
07-05 21:06:52.998 W/FileUtils(18758): createNewFile(), path is not empty!
07-05 21:06:52.998 W/FileUtils(18758): createNewFile(), path is file!
07-05 21:06:52.999 W/FileUtils(18758): createNewFile(), path createNewFile true
07-05 21:06:52.999 W/FileUtils(18758): createNewFile(), return=true
07-05 21:06:53.005 W/SoLibHelper(18758): copySoLibToHost copy(librtmp.so) true
07-05 21:06:53.005 W/SoLibHelper(18758): copySoLibToHost scan(entry=lib/armeabi/libmbedtls.so, isDirectory=false)
07-05 21:06:53.005 W/SoLibHelper(18758): copySoLibToHost scan(soName=libmbedtls.so)
07-05 21:06:53.005 W/FileUtils(18758): createNewFile(), path=/data/data/com.hisense.hicloud.edca/files/plugin/2.1.0.59986/pluginplayer/1.64.0.59984/pluginplayer-release-1.64.0.59984-libs/libmbedtls.so
07-05 21:06:53.005 W/FileUtils(18758): createNewFile(), path is not empty!
07-05 21:06:53.005 W/FileUtils(18758): createNewFile(), path is file!
07-05 21:06:53.006 W/FileUtils(18758): createNewFile(), path createNewFile true
07-05 21:06:53.006 W/FileUtils(18758): createNewFile(), return=true
07-05 21:06:53.008 D/gralloc ( 1204): allocate buffer from ION HEAP 0x1
07-05 21:06:53.008 D/gralloc ( 1204): allocate memory from system heap
07-05 21:06:53.032 I/TVMW@HsTvSetting( 1234): Trace cmd, data = 0x1058
07-05 21:06:53.032 D/til@system( 2026): til_get_system_param option:100002F int:0, bool:0, ret:0
07-05 21:06:53.033 I/TVMW@HsTvSetting( 1234): Trace cmd, data = 0x101f
07-05 21:06:53.033 D/til@system( 2026): til_get_system_param option:100001D int:3, bool:3, ret:0
07-05 21:06:53.033 E/til     ( 2026): [til_get_current_input_source, 101] 
07-05 21:06:53.033 I/TVMW@HsTvSetting( 1234): Trace cmd, data = 0x7007
07-05 21:06:53.033 I/tilwrapper@sm( 2026): HS2TIL_SourceType *hs=0xd, *til=0x900
07-05 21:06:53.033 D/til     ( 2026): get current source 2304
07-05 21:06:53.033 D/SourceRemoteServiceHandler( 2026): getCurrentInputSource.from.til.result is 0, value is 2304
07-05 21:06:53.033 D/SourceRemoteServiceHandler( 2026): getInputSourceType source: 0x900, type=2304
07-05 21:06:53.033 D/til     ( 2026): ###### func:til_get_picture_param option:0x3000006 ######  
07-05 21:06:53.034 I/TVMW@HsTvSetting( 1234): Trace cmd, data = 0x1003
07-05 21:06:53.034 I/TVMW@HsTvSetting( 1234): Trace cmd, data = 0x8032
07-05 21:06:53.034 I/hstvos  ( 1216): [0m[1;33m[HSHAL][HS_VIDEO][HS_HAL_Video_SetOsdDetect_v2][2389]u16Threshold = 20
07-05 21:06:53.035 I/MiSysSrv( 1214): Not support now! 42, change to mm_video!!!
07-05 21:06:53.035 E/TVMW@videoctrl( 1234):  getOsd is 1
07-05 21:06:53.035 D/til@system( 2026): til_get_system_param option:1000027 int:1, bool:1, ret:0
07-05 21:06:53.036 D/til     ( 2026): ###### func:til_get_picture_param option:0x3000045 ######  
07-05 21:06:53.036 I/TVMW@HsTvSetting( 1234): Trace cmd, data = 0x300c
07-05 21:06:53.036 I/TVMW@HsTvSetting( 1234): Trace 3d, data = 0x300c
07-05 21:06:53.036 I/TVMW@3d ( 1234): Hs_debug3d_trace: func:get3dStatus, line:109
07-05 21:06:53.046 W/SoLibHelper(18758): copySoLibToHost copy(libmbedtls.so) true
07-05 21:06:53.047 W/SoLibHelper(18758): copySoLibToHost scan(entry=lib/armeabi/libhttpdns.so, isDirectory=false)
07-05 21:06:53.047 W/SoLibHelper(18758): copySoLibToHost scan(soName=libhttpdns.so)
07-05 21:06:53.047 W/FileUtils(18758): createNewFile(), path=/data/data/com.hisense.hicloud.edca/files/plugin/2.1.0.59986/pluginplayer/1.64.0.59984/pluginplayer-release-1.64.0.59984-libs/libhttpdns.so
07-05 21:06:53.047 W/FileUtils(18758): createNewFile(), path is not empty!
07-05 21:06:53.047 W/FileUtils(18758): createNewFile(), path is file!
07-05 21:06:53.047 W/FileUtils(18758): createNewFile(), path createNewFile true
07-05 21:06:53.047 W/FileUtils(18758): createNewFile(), return=true
07-05 21:06:53.062 D/HttpHandler(18758): VerifySignInterCeptor-->request.url()=http://picture.edu.hismarttv.com/images/20170629/%E5%AE%A2%E5%8E%85%E7%87%83%E8%84%82%E5%A5%B3%E7%8E%8B20170207081137502012.jpg
07-05 21:06:53.063 D/HttpHandler(18758): VerifySignInterCeptor-->hostname=picture.edu.hismarttv.com
07-05 21:06:53.069 I/CheckUpdateReceiver(18758): latest version == null
07-05 21:06:53.073 D/SUSLog  (18758): CheckAppUpdateService>>onDestroy
07-05 21:06:53.073 D/CommonHeader(18758): app logo isRotate: true
07-05 21:06:53.074 D/TabView (18758): SLOVEN top===>:266
07-05 21:06:53.074 D/TabFocusBorderView(18758): SLOVEN runTranslateAnimation
07-05 21:06:53.074 D/TabFocusBorderView(18758): SLOVEN runTranslateAnimation
07-05 21:06:53.074 D/TabFocusBorderView(18758): SLOVEN moveFocusView
07-05 21:06:53.082 D/TabFocusBorderView(18758): SLOVEN onAnimationStart
07-05 21:06:53.088 D/OkHttp  (18758): --> GET http://picture.edu.hismarttv.com/images/20170629/%E5%AE%A2%E5%8E%85%E7%87%83%E8%84%82%E5%A5%B3%E7%8E%8B20170207081137502012.jpg http/1.1
07-05 21:06:53.088 D/OkHttp  (18758): Host: picture.edu.hismarttv.com
07-05 21:06:53.088 D/OkHttp  (18758): Connection: Keep-Alive
07-05 21:06:53.088 D/OkHttp  (18758): Accept-Encoding: gzip
07-05 21:06:53.088 D/OkHttp  (18758): User-Agent: okhttp/3.6.0
07-05 21:06:53.088 D/OkHttp  (18758): --> END GET
07-05 21:06:53.104 I/FirstLineAdapter(18758): canShowTrailer,isOffline=false
07-05 21:06:53.129 D/HttpHandler(18758): VerifySignInterCeptor-->request.url()=http://picture.edu.hismarttv.com/images/20170629/%E8%8B%B1%E8%AF%AD%E5%90%AF%E8%92%99.jpg
07-05 21:06:53.129 D/HttpHandler(18758): VerifySignInterCeptor-->hostname=picture.edu.hismarttv.com
07-05 21:06:53.131 D/HiNetworkImpl(18758): doHttp_Asyn(): onReqResponse isSuccessful = true, back from thread: main
