07-05 20:26:36.432 E/WindowState( 1733): getStack: Window{34bcd813 u0 com.jamdeo.launcher/com.jamdeo.launcher.app.BaseTileActivity} couldn't find taskId=5021 Callers=com.android.server.wm.WindowState.getStackBounds:849 com.android.server.wm.InputMonitor.addInputWindowHandleLw:180 com.android.server.wm.InputMonitor.updateInputWindowsLw:313 com.android.server.wm.WindowManagerService.performLayoutAndPlaceSurfacesLockedInner:10257 
07-05 20:26:36.432 D/PowerManagerService( 1733): setScreenBrightnessOverrideFromWindowManagerInternal done
07-05 20:26:36.433 E/WindowState( 1733): getStack: Window{34bcd813 u0 com.jamdeo.launcher/com.jamdeo.launcher.app.BaseTileActivity} couldn't find taskId=5021 Callers=com.android.server.wm.DisplayContent.setTouchExcludeRegion:239 com.android.server.wm.WindowManagerService.setFocusedStackFrame:4124 com.android.server.wm.WindowManagerService.performLayoutAndPlaceSurfacesLockedInner:10333 com.android.server.wm.WindowManagerService.performLayoutAndPlaceSurfacesLockedLoop:8957 
07-05 20:26:36.434 E/WindowState( 1733): getStack: Window{34bcd813 u0 com.jamdeo.launcher/com.jamdeo.launcher.app.BaseTileActivity} couldn't find taskId=5021 Callers=com.android.server.wm.WindowState.getDisplayContent:819 com.android.server.wm.WindowState.getDisplayId:824 com.android.server.wm.InputMonitor.updateInputWindowsLw:294 com.android.server.wm.WindowManagerService.relayoutWindow:3424 
07-05 20:26:36.434 E/WindowState( 1733): getStack: Window{34bcd813 u0 com.jamdeo.launcher/com.jamdeo.launcher.app.BaseTileActivity} couldn't find taskId=5021 Callers=com.android.server.wm.WindowState.getStackBounds:849 com.android.server.wm.InputMonitor.addInputWindowHandleLw:180 com.android.server.wm.InputMonitor.updateInputWindowsLw:313 com.android.server.wm.WindowManagerService.relayoutWindow:3424 
07-05 20:26:36.435 E/WindowState( 1733): getStack: Window{34bcd813 u0 com.jamdeo.launcher/com.jamdeo.launcher.app.BaseTileActivity} couldn't find taskId=5021 Callers=com.android.server.wm.WindowState.getDisplayContent:819 com.android.server.wm.WindowState.getWindowList:1397 com.android.server.wm.WindowManagerService.removeWindowInnerLocked:2895 com.android.server.wm.WindowManagerService.removeWindowLocked:2796 
07-05 20:26:36.436 E/WindowState( 1733): getStack: Window{34bcd813 u0 com.jamdeo.launcher/com.jamdeo.launcher.app.BaseTileActivity} couldn't find taskId=5021 Callers=com.android.server.wm.WindowState.getDisplayContent:819 com.android.server.wm.WindowManagerService.removeWindowInnerLocked:2900 com.android.server.wm.WindowManagerService.removeWindowLocked:2796 com.android.server.wm.WindowManagerService.removeWindow:2718 
07-05 20:26:36.437 D/PowerManagerService( 1733): setScreenBrightnessOverrideFromWindowManagerInternal done
07-05 20:26:36.440 D/ActivityStackUtils( 1733): moveStack - stackId: 28, toFront: true
07-05 20:26:36.450 D/PowerManagerService( 1733): setScreenBrightnessOverrideFromWindowManagerInternal done
07-05 20:26:36.460 I/ActivityManager( 1733): TR15) TaskRecord{a1bc3f5 #5023 A=com.jamdeo.launcher U=0 sz=1}
07-05 20:26:36.461 I/ActivityManager( 1733): TR14) TaskRecord{5533968 #4974 A=com.jamdeo.tv.vod U=0 sz=3}
07-05 20:26:36.462 I/UsageStatsService( 1733): resumed component name is ComponentInfo{com.jamdeo.launcher/com.jamdeo.launcher.app.BaseTileActivity}
07-05 20:26:36.462 I/UsageStatsService( 1733): started component:com.jamdeo.launcher
07-05 20:26:36.463 V/UsageStatsService( 1733): Resumed: 6438034   Component: com.jamdeo.launcher/com.jamdeo.launcher.app.BaseTileActivity   Time: 1499257596463 VersionCode: 100010000   LastUpdateTime: 1167653135000
07-05 20:26:36.463 D/UsageStatsService( 1733): UsageStats: broadcasting intent
07-05 20:26:36.463 W/ContextImpl( 1733): Calling a method in the system process without a qualified user: android.app.ContextImpl.sendBroadcast:1327 com.android.server.usage.UsageStatsService.insertUsageStats:1104 com.android.server.usage.UsageStatsService$PkgUsageStatsExtended.updateResume:962 com.android.server.usage.UsageStatsService$LocalService.noteResumeComponent:759 com.android.server.am.ActivityManagerService.updateUsageStats:3164 
07-05 20:26:36.466 D/TileTransitionManager( 1733): getActivityContainer, create an empty stack: 28for: com.hisense.hicloud.edca
07-05 20:26:36.467 D/PowerManagerService( 1733): setScreenBrightnessOverrideFromWindowManagerInternal done
07-05 20:26:36.472 D/TileTransitionManager( 1733): getActivityContainer notify the top tile app changed.
07-05 20:26:36.493 D/TileTransitionManager( 1733): preProcess tasks with top removed:false
07-05 20:26:36.496 D/ActivityStackUtils( 1733): getActivityContainer - on stackId: 28
07-05 20:26:36.497 D/JamdeoActivityStackSupervisor( 1733): get currentSiloName
07-05 20:26:36.497 I/ActivityManager( 1733): START u0 {act=android.intent.action.MAIN cat=[android.intent.category.LAUNCHER] flg=0x10200000 cmp=com.hisense.hicloud.edca/.activity.EntryActivity} from uid 2000 on display 0
07-05 20:26:36.507 D/PowerManagerService( 1733): setScreenBrightnessOverrideFromWindowManagerInternal done
07-05 20:26:36.512 V/WindowManager( 1733): addAppToken: AppWindowToken{1f2ea018 token=Token{182ad7fb ActivityRecord{805458a u0 com.hisense.hicloud.edca/.activity.EntryActivity t5024}}} to stack=28 task=5024 at 0
07-05 20:26:36.812 I/WindowManager( 1733): Screenshot max retries 4 of Token{2d3411a6 ActivityRecord{332bff01 u0 com.jamdeo.launcher/.app.BaseTileActivity t5023}} appWin=Window{286bb100 u0 Starting com.jamdeo.launcher} drawState=2
07-05 20:26:36.813 I/UsageStatsService( 1733): paused component:com.jamdeo.launcher
07-05 20:26:36.813 V/UsageStatsService( 1733): Paused: 6438384   Component: com.jamdeo.launcher/com.jamdeo.launcher.app.BaseTileActivity   Time: 1499257596813 LastSessionTime: 350 CumulativeSessionTime: 1098134
07-05 20:26:36.813 D/UsageStatsService( 1733): UsageStats: broadcasting intent
07-05 20:26:36.813 W/ContextImpl( 1733): Calling a method in the system process without a qualified user: android.app.ContextImpl.sendBroadcast:1327 com.android.server.usage.UsageStatsService.insertUsageStats:1104 com.android.server.usage.UsageStatsService$PkgUsageStatsExtended.updatePause:979 com.android.server.usage.UsageStatsService$LocalService.notePauseComponent:808 com.android.server.am.ActivityManagerService.updateUsageStats:3173 
07-05 20:26:36.814 D/PowerManagerService( 1733): acquireWakeLockInternal: lock=681732318, flags=0x1, tag="ActivityManager-Launch", ws=null, uid=1000, pid=1733
07-05 20:26:36.816 I/NetflixMonitorService( 1733): current fgapk : com.jamdeo.launcher
07-05 20:26:36.816 I/NetflixMonitorService( 1733): Netflix status unchanged
07-05 20:26:36.864 V/WindowManager( 1733): Adding window Window{b80fbe2 u0 com.jamdeo.launcher/com.jamdeo.launcher.app.BaseTileActivity} at 10 of 19 (before Window{286bb100 u0 Starting com.jamdeo.launcher})
07-05 20:26:36.868 D/TvInputManagerService( 1733): call enableMotionEventNotifier:false
07-05 20:26:36.873 D/PowerManagerService( 1733): wakeUp: eventTime=6438444
07-05 20:26:36.873 D/PowerManagerService( 1733): wakeUpInternal: eventTime=6438444, uid=1000
07-05 20:26:36.873 D/PowerManagerService( 1733): wakeUpNoUpdateLocked: eventTime=6438444, uid=1000
07-05 20:26:36.887 D/TvInputManagerService( 1733): call enableMotionEventNotifier:false
07-05 20:26:36.891 D/PowerManagerService( 1733): wakeUp: eventTime=6438462
07-05 20:26:36.891 D/PowerManagerService( 1733): wakeUpInternal: eventTime=6438462, uid=1000
07-05 20:26:36.891 D/PowerManagerService( 1733): wakeUpNoUpdateLocked: eventTime=6438462, uid=1000
07-05 20:26:36.896 D/PowerManagerService( 1733): setScreenBrightnessOverrideFromWindowManagerInternal done
07-05 20:26:36.902 D/PowerManagerService( 1733): setScreenBrightnessOverrideFromWindowManagerInternal done
07-05 20:26:36.983 I/ActivityManager( 1733): Start proc 27555:com.hisense.hicloud.edca/u0a10 for activity com.hisense.hicloud.edca/.activity.EntryActivity
07-05 20:26:37.033 D/PowerManagerService( 1733): setScreenBrightnessOverrideFromWindowManagerInternal done
07-05 20:26:37.071 D/TvInputManagerService( 1733): call enableMotionEventNotifier:false
07-05 20:26:37.072 D/TvInputManagerService( 1733): call enableMotionEventNotifier:false
07-05 20:26:37.075 V/WindowManager( 1733): Adding window Window{1a36f42e u0 Starting com.hisense.hicloud.edca} at 12 of 20 (after Window{286bb100 u0 Starting com.jamdeo.launcher})
07-05 20:26:37.080 D/PowerManagerService( 1733): setScreenBrightnessOverrideFromWindowManagerInternal done
07-05 20:26:37.082 D/PowerManagerService( 1733): setScreenBrightnessOverrideFromWindowManagerInternal done
07-05 20:26:37.086 I/UsageStatsService( 1733): resumed component name is ComponentInfo{com.hisense.hicloud.edca/com.hisense.hicloud.edca.activity.EntryActivity}
07-05 20:26:37.086 I/UsageStatsService( 1733): started component:com.hisense.hicloud.edca
07-05 20:26:37.086 V/UsageStatsService( 1733): Resumed: 6438658   Component: com.hisense.hicloud.edca/com.hisense.hicloud.edca.activity.EntryActivity   Time: 1499257597086 VersionCode: 652   LastUpdateTime: 1499256171569
07-05 20:26:37.086 D/UsageStatsService( 1733): UsageStats: broadcasting intent
07-05 20:26:37.087 D/PowerManagerService( 1733): setScreenBrightnessOverrideFromWindowManagerInternal done
07-05 20:26:37.088 W/ContextImpl( 1733): Calling a method in the system process without a qualified user: android.app.ContextImpl.sendBroadcast:1327 com.android.server.usage.UsageStatsService.insertUsageStats:1104 com.android.server.usage.UsageStatsService$PkgUsageStatsExtended.updateResume:962 com.android.server.usage.UsageStatsService$LocalService.noteResumeComponent:759 com.android.server.am.ActivityManagerService.updateUsageStats:3164 
07-05 20:26:37.092 D/PowerManagerService( 1733): setScreenBrightnessOverrideFromWindowManagerInternal done
07-05 20:26:37.093 I/ActivityManager( 1733): TR16) TaskRecord{1442253a #5024 A=com.hisense.hicloud.edca U=0 sz=1}
07-05 20:26:37.093 I/ActivityManager( 1733): TR15) TaskRecord{a1bc3f5 #5023 A=com.jamdeo.launcher U=0 sz=1}
07-05 20:26:37.194 I/ActivityManager( 1733): TR16) TaskRecord{1442253a #5024 A=com.hisense.hicloud.edca U=0 sz=1}
07-05 20:26:37.194 I/ActivityManager( 1733): TR15) TaskRecord{a1bc3f5 #5023 A=com.jamdeo.launcher U=0 sz=1}
07-05 20:26:37.194 V/ActivityManager( 1733): set mstar.EnterOpaqueUI false
07-05 20:26:37.207 D/PowerManagerService( 1733): wakeUp: eventTime=6438778
07-05 20:26:37.207 D/PowerManagerService( 1733): wakeUpInternal: eventTime=6438778, uid=1000
07-05 20:26:37.208 D/PowerManagerService( 1733): wakeUpNoUpdateLocked: eventTime=6438778, uid=1000
07-05 20:26:37.215 W/ResourcesManager( 2232): Asset path '/system/framework/com.jamdeo.flow.jar' does not exist or contains no resources.
07-05 20:26:37.254 D/PowerManagerService( 1733): setScreenBrightnessOverrideFromWindowManagerInternal done
07-05 20:26:37.257 D/PowerManagerService( 1733): setScreenBrightnessOverrideFromWindowManagerInternal done
07-05 20:26:37.272 D/PowerManagerService( 1733): setScreenBrightnessOverrideFromWindowManagerInternal done
07-05 20:26:37.287 D/PowerManagerService( 1733): setScreenBrightnessOverrideFromWindowManagerInternal done
07-05 20:26:37.290 D/PowerManagerService( 1733): setScreenBrightnessOverrideFromWindowManagerInternal done
07-05 20:26:37.315 D/PowerManagerService( 1733): setScreenBrightnessOverrideFromWindowManagerInternal done
07-05 20:26:37.343 W/ActivityManager( 1733): Unable to start service Intent { act=com.jamdeo.tilelibrary.VidaaTileService pkg=com.jamdeo.launcher } U=0: not found
07-05 20:26:37.526 V/HotPlugDetectionAction( 1733): Poll all devices.
07-05 20:26:37.556 D/UsageStatsService( 1733): User[0] Got usage event for com.jamdeo.launcher[1499257596413]: MOVE_TO_BACKGROUND
07-05 20:26:37.557 D/UsageStatsService( 1733): User[0] Got usage event for com.jamdeo.launcher[1499257596463]: MOVE_TO_FOREGROUND
07-05 20:26:37.557 D/UsageStatsService( 1733): User[0] Got usage event for com.jamdeo.launcher[1499257596813]: MOVE_TO_BACKGROUND
07-05 20:26:37.557 D/UsageStatsService( 1733): User[0] Got usage event for com.hisense.hicloud.edca[1499257597087]: MOVE_TO_FOREGROUND
07-05 20:26:37.714 D/PowerManagerService( 1733): setScreenBrightnessOverrideFromWindowManagerInternal done
07-05 20:26:37.716 D/PowerManagerService( 1733): setScreenBrightnessOverrideFromWindowManagerInternal done
07-05 20:26:37.816 I/NetflixMonitorService( 1733): current fgapk : com.hisense.hicloud.edca
07-05 20:26:37.817 I/NetflixMonitorService( 1733): Netflix status unchanged
07-05 20:26:37.951 E/HDMI_CEC( 1733): Send Message TO[5] 
07-05 20:26:37.951 E/HDMI_CEC( 1733): OP[0], <Feature Abort> 
07-05 20:26:37.951 E/HDMI_CEC( 1733): ========
07-05 20:26:38.022 E/HDMI_CEC( 1733): MI_CEC_SendTxPolling, ErrCode[4] 
07-05 20:26:38.056 E/HDMI_CEC( 1733): Sending message can't be response. 
07-05 20:26:38.817 I/NetflixMonitorService( 1733): current fgapk : com.hisense.hicloud.edca
07-05 20:26:38.817 I/NetflixMonitorService( 1733): Netflix status unchanged
07-05 20:26:39.001 D/HDMI    ( 1733): [P]:AllocatedAddress=[]
07-05 20:26:39.475 V/WindowManager( 1733): Adding window Window{2aa2d58d u0 com.hisense.hicloud.edca/com.hisense.hicloud.edca.activity.EntryActivity} at 10 of 19 (before Window{1a36f42e u0 Starting com.hisense.hicloud.edca})
07-05 20:26:39.609 D/PowerManagerService( 1733): setScreenBrightnessOverrideFromWindowManagerInternal done
07-05 20:26:39.611 D/PowerManagerService( 1733): setScreenBrightnessOverrideFromWindowManagerInternal done
07-05 20:26:39.817 I/NetflixMonitorService( 1733): current fgapk : com.hisense.hicloud.edca
07-05 20:26:39.817 I/NetflixMonitorService( 1733): Netflix status unchanged
07-05 20:26:40.092 D/PowerManagerService( 1733): setScreenBrightnessOverrideFromWindowManagerInternal done
07-05 20:26:40.094 D/PowerManagerService( 1733): setScreenBrightnessOverrideFromWindowManagerInternal done
07-05 20:26:40.098 D/PowerManagerService( 1733): releaseWakeLockInternal: lock=681732318 [ActivityManager-Launch], flags=0x0
07-05 20:26:40.098 D/PowerManagerNotifier( 1733): onWakeLockReleased: flags=1, tag="ActivityManager-Launch", packageName=android, ownerUid=1000, ownerPid=1733, workSource=null
07-05 20:26:40.098 D/PowerManagerService( 1733): setScreenBrightnessOverrideFromWindowManagerInternal done
07-05 20:26:40.111 D/PowerManagerService( 1733): setScreenBrightnessOverrideFromWindowManagerInternal done
07-05 20:26:40.295 D/PowerManagerService( 1733): setScreenBrightnessOverrideFromWindowManagerInternal done
07-05 20:26:40.299 D/PowerManagerService( 1733): setScreenBrightnessOverrideFromWindowManagerInternal done
07-05 20:26:40.443 D/TaskPersister( 1733): removeObsoleteFile: deleting file=4980_task.xml
07-05 20:26:40.818 I/NetflixMonitorService( 1733): current fgapk : com.hisense.hicloud.edca
07-05 20:26:40.818 I/NetflixMonitorService( 1733): Netflix status unchanged
07-05 20:26:41.408 D/TileTransitionManager( 1733): getActivityContainer not enter cts mode
07-05 20:26:41.408 D/JamdeoActivityStackSupervisor( 1733): get currentSiloName
07-05 20:26:41.408 I/ActivityManager( 1733): START u0 {cmp=com.hisense.hicloud.edca/com.hisense.tvui.newhome.HomeMainActivity} from uid 10010 on display 0
07-05 20:26:41.411 D/PowerManagerService( 1733): setScreenBrightnessOverrideFromWindowManagerInternal done
07-05 20:26:41.413 D/PowerManagerService( 1733): setScreenBrightnessOverrideFromWindowManagerInternal done
07-05 20:26:41.414 V/WindowManager( 1733): addAppToken: AppWindowToken{32d4c89a token=Token{1da2945 ActivityRecord{344945bc u0 com.hisense.hicloud.edca/com.hisense.tvui.newhome.HomeMainActivity t5024}}} to stack=28 task=5024 at 1
07-05 20:26:41.414 I/UsageStatsService( 1733): paused component:com.hisense.hicloud.edca
07-05 20:26:41.414 V/UsageStatsService( 1733): Paused: 6442986   Component: com.hisense.hicloud.edca/com.hisense.hicloud.edca.activity.EntryActivity   Time: 1499257601414 LastSessionTime: 4328 CumulativeSessionTime: 929097
07-05 20:26:41.415 D/UsageStatsService( 1733): UsageStats: broadcasting intent
07-05 20:26:41.415 W/ContextImpl( 1733): Calling a method in the system process without a qualified user: android.app.ContextImpl.sendBroadcast:1327 com.android.server.usage.UsageStatsService.insertUsageStats:1104 com.android.server.usage.UsageStatsService$PkgUsageStatsExtended.updatePause:979 com.android.server.usage.UsageStatsService$LocalService.notePauseComponent:808 com.android.server.am.ActivityManagerService.updateUsageStats:3173 
07-05 20:26:41.416 D/UsageStatsService( 1733): User[0] Got usage event for com.hisense.hicloud.edca[1499257601415]: MOVE_TO_BACKGROUND
07-05 20:26:41.416 D/PowerManagerService( 1733): acquireWakeLockInternal: lock=681732318, flags=0x1, tag="ActivityManager-Launch", ws=null, uid=1000, pid=1733
07-05 20:26:41.416 D/PowerManagerNotifier( 1733): onWakeLockAcquired: flags=1, tag="ActivityManager-Launch", packageName=android, ownerUid=1000, ownerPid=1733, workSource=null
07-05 20:26:41.426 I/UsageStatsService( 1733): resumed component name is ComponentInfo{com.hisense.hicloud.edca/com.hisense.tvui.newhome.HomeMainActivity}
07-05 20:26:41.426 I/UsageStatsService( 1733): started component:com.hisense.hicloud.edca
07-05 20:26:41.426 V/UsageStatsService( 1733): Resumed: 6442998   Component: com.hisense.hicloud.edca/com.hisense.tvui.newhome.HomeMainActivity   Time: 1499257601426 VersionCode: 652   LastUpdateTime: 1499256171569
07-05 20:26:41.426 D/UsageStatsService( 1733): UsageStats: broadcasting intent
07-05 20:26:41.427 W/ContextImpl( 1733): Calling a method in the system process without a qualified user: android.app.ContextImpl.sendBroadcast:1327 com.android.server.usage.UsageStatsService.insertUsageStats:1104 com.android.server.usage.UsageStatsService$PkgUsageStatsExtended.updateResume:962 com.android.server.usage.UsageStatsService$LocalService.noteResumeComponent:759 com.android.server.am.ActivityManagerService.updateUsageStats:3164 
07-05 20:26:41.429 D/PowerManagerService( 1733): setScreenBrightnessOverrideFromWindowManagerInternal done
07-05 20:26:41.430 I/ActivityManager( 1733): TR16) TaskRecord{1442253a #5024 A=com.hisense.hicloud.edca U=0 sz=2}
07-05 20:26:41.430 I/ActivityManager( 1733): TR15) TaskRecord{a1bc3f5 #5023 A=com.jamdeo.launcher U=0 sz=1}
07-05 20:26:41.431 V/ActivityManager( 1733): set mstar.EnterOpaqueUI false
07-05 20:26:41.442 D/UsageStatsService( 1733): User[0] Got usage event for com.hisense.hicloud.edca[1499257601426]: MOVE_TO_FOREGROUND
07-05 20:26:41.799 V/WindowManager( 1733): Adding window Window{10b20a3e u0 com.hisense.hicloud.edca/com.hisense.tvui.newhome.HomeMainActivity} at 11 of 19 (after Window{2aa2d58d u0 com.hisense.hicloud.edca/com.hisense.hicloud.edca.activity.EntryActivity})
07-05 20:26:41.818 I/NetflixMonitorService( 1733): current fgapk : com.hisense.hicloud.edca
07-05 20:26:41.818 I/NetflixMonitorService( 1733): Netflix status unchanged
07-05 20:26:41.960 D/PowerManagerService( 1733): setScreenBrightnessOverrideFromWindowManagerInternal done
07-05 20:26:41.962 D/PowerManagerService( 1733): setScreenBrightnessOverrideFromWindowManagerInternal done
07-05 20:26:42.123 D/PowerManagerService( 1733): setScreenBrightnessOverrideFromWindowManagerInternal done
07-05 20:26:42.126 D/PowerManagerService( 1733): setScreenBrightnessOverrideFromWindowManagerInternal done
07-05 20:26:42.130 D/PowerManagerService( 1733): setScreenBrightnessOverrideFromWindowManagerInternal done
07-05 20:26:42.563 D/PowerManagerService( 1733): setScreenBrightnessOverrideFromWindowManagerInternal done
07-05 20:26:42.567 D/PowerManagerService( 1733): setScreenBrightnessOverrideFromWindowManagerInternal done
07-05 20:26:42.578 D/PowerManagerService( 1733): setScreenBrightnessOverrideFromWindowManagerInternal done
07-05 20:26:42.819 I/NetflixMonitorService( 1733): current fgapk : com.hisense.hicloud.edca
07-05 20:26:42.819 I/NetflixMonitorService( 1733): Netflix status unchanged
07-05 20:26:42.980 D/PowerManagerService( 1733): acquireWakeLockInternal: lock=113832109, flags=0x1, tag="NetworkStats", ws=null, uid=1000, pid=1733
07-05 20:26:42.980 D/PowerManagerNotifier( 1733): onWakeLockAcquired: flags=1, tag="NetworkStats", packageName=android, ownerUid=1000, ownerPid=1733, workSource=null
07-05 20:26:42.987 D/PowerManagerService( 1733): releaseWakeLockInternal: lock=113832109 [NetworkStats], flags=0x0
07-05 20:26:42.987 D/PowerManagerNotifier( 1733): onWakeLockReleased: flags=1, tag="NetworkStats", packageName=android, ownerUid=1000, ownerPid=1733, workSource=null
07-05 20:26:43.085 D/PowerManagerService( 1733): setScreenBrightnessOverrideFromWindowManagerInternal done
07-05 20:26:43.819 I/NetflixMonitorService( 1733): current fgapk : com.hisense.hicloud.edca
07-05 20:26:43.819 I/NetflixMonitorService( 1733): Netflix status unchanged
07-05 20:26:44.094 D/PowerManagerService( 1733): releaseWakeLockInternal: lock=681732318 [ActivityManager-Launch], flags=0x0
07-05 20:26:44.094 D/PowerManagerNotifier( 1733): onWakeLockReleased: flags=1, tag="ActivityManager-Launch", packageName=android, ownerUid=1000, ownerPid=1733, workSource=null
07-05 20:26:44.135 D/PowerManagerService( 1733): setScreenBrightnessOverrideFromWindowManagerInternal done
07-05 20:26:44.820 I/NetflixMonitorService( 1733): current fgapk : com.hisense.hicloud.edca
07-05 20:26:44.820 I/NetflixMonitorService( 1733): Netflix status unchanged
07-05 20:26:44.889 D/PowerManagerService( 1733): setScreenBrightnessOverrideFromWindowManagerInternal done
07-05 20:26:44.895 V/WindowManager( 1733): Adding window Window{268dbf8f u0 SurfaceView} at 10 of 19 (before Window{10b20a3e u0 com.hisense.hicloud.edca/com.hisense.tvui.newhome.HomeMainActivity})
07-05 20:26:44.901 D/PowerManagerService( 1733): setScreenBrightnessOverrideFromWindowManagerInternal done
07-05 20:26:44.915 D/PowerManagerService( 1733): setScreenBrightnessOverrideFromWindowManagerInternal done
07-05 20:26:44.917 D/PowerManagerService( 1733): setScreenBrightnessOverrideFromWindowManagerInternal done
07-05 20:26:44.930 D/PowerManagerService( 1733): setScreenBrightnessOverrideFromWindowManagerInternal done
07-05 20:26:44.967 D/PowerManagerService( 1733): setScreenBrightnessOverrideFromWindowManagerInternal done
07-05 20:26:45.430 D/PowerManagerService( 1733): acquireWakeLockInternal: lock=307384860, flags=0x1, tag="AudioMix", ws=null, uid=1013, pid=0
07-05 20:26:45.430 D/PowerManagerNotifier( 1733): onWakeLockAcquired: flags=1, tag="AudioMix", packageName=media, ownerUid=1013, ownerPid=0, workSource=null
07-05 20:26:45.431 D/PowerManagerService( 1733): acquireWakeLockInternal: lock=1069133349, flags=0x1, tag="AudioMix", ws=null, uid=1013, pid=0
07-05 20:26:45.431 D/PowerManagerNotifier( 1733): onWakeLockAcquired: flags=1, tag="AudioMix", packageName=media, ownerUid=1013, ownerPid=0, workSource=null
07-05 20:26:45.431 D/PowerManagerService( 1733): updateWakeLockWorkSourceInternal: lock=307384860 [AudioMix], ws=null
07-05 20:26:45.431 D/PowerManagerService( 1733): updateWakeLockWorkSourceInternal: lock=1069133349 [AudioMix], ws=null
07-05 20:26:45.820 I/NetflixMonitorService( 1733): current fgapk : com.hisense.hicloud.edca
07-05 20:26:45.820 I/NetflixMonitorService( 1733): Netflix status unchanged
07-05 20:26:45.921 D/PowerManagerService( 1733): acquireWakeLockInternal: lock=113832109, flags=0x1, tag="NetworkStats", ws=null, uid=1000, pid=1733
07-05 20:26:45.921 D/PowerManagerNotifier( 1733): onWakeLockAcquired: flags=1, tag="NetworkStats", packageName=android, ownerUid=1000, ownerPid=1733, workSource=null
07-05 20:26:45.932 D/PowerManagerService( 1733): releaseWakeLockInternal: lock=113832109 [NetworkStats], flags=0x0
07-05 20:26:45.933 D/PowerManagerNotifier( 1733): onWakeLockReleased: flags=1, tag="NetworkStats", packageName=android, ownerUid=1000, ownerPid=1733, workSource=null
07-05 20:26:46.349 W/ActivityManager( 1733): Activity destroy timeout for ActivityRecord{280072c6 u0 com.jamdeo.launcher/.app.BaseTileActivity t5021 f}
07-05 20:26:46.449 D/PowerManagerService( 1733): setScreenBrightnessOverrideFromWindowManagerInternal done
07-05 20:26:46.451 D/PowerManagerService( 1733): setScreenBrightnessOverrideFromWindowManagerInternal done
07-05 20:26:46.480 D/PowerManagerService( 1733): acquireWakeLockInternal: lock=487931605, flags=0x2000000a, tag="WindowManager", ws=WorkSource{10010}, uid=1000, pid=1733
07-05 20:26:46.480 D/PowerManagerNotifier( 1733): onWakeLockAcquired: flags=536870922, tag="WindowManager", packageName=android, ownerUid=1000, ownerPid=1733, workSource=WorkSource{10010}
07-05 20:26:46.480 D/PowerManagerService( 1733): setScreenBrightnessOverrideFromWindowManagerInternal done
07-05 20:26:46.815 D/PowerManagerService( 1733): acquireWakeLockInternal: lock=113832109, flags=0x1, tag="NetworkStats", ws=null, uid=1000, pid=1733
07-05 20:26:46.815 D/PowerManagerNotifier( 1733): onWakeLockAcquired: flags=1, tag="NetworkStats", packageName=android, ownerUid=1000, ownerPid=1733, workSource=null
07-05 20:26:46.821 I/NetflixMonitorService( 1733): current fgapk : com.hisense.hicloud.edca
07-05 20:26:46.821 I/NetflixMonitorService( 1733): Netflix status unchanged
07-05 20:26:46.846 D/PowerManagerService( 1733): releaseWakeLockInternal: lock=113832109 [NetworkStats], flags=0x0
07-05 20:26:46.847 D/PowerManagerNotifier( 1733): onWakeLockReleased: flags=1, tag="NetworkStats", packageName=android, ownerUid=1000, ownerPid=1733, workSource=null
07-05 20:26:47.514 D/PowerManagerService( 1733): acquireWakeLockInternal: lock=113832109, flags=0x1, tag="NetworkStats", ws=null, uid=1000, pid=1733
07-05 20:26:47.514 D/PowerManagerNotifier( 1733): onWakeLockAcquired: flags=1, tag="NetworkStats", packageName=android, ownerUid=1000, ownerPid=1733, workSource=null
07-05 20:26:47.542 D/PowerManagerService( 1733): releaseWakeLockInternal: lock=113832109 [NetworkStats], flags=0x0
07-05 20:26:47.542 D/PowerManagerNotifier( 1733): onWakeLockReleased: flags=1, tag="NetworkStats", packageName=android, ownerUid=1000, ownerPid=1733, workSource=null
07-05 20:26:47.587 I/UsageStatsService( 1733): User[0] Flushing usage stats to disk
07-05 20:26:47.821 I/NetflixMonitorService( 1733): current fgapk : com.hisense.hicloud.edca
07-05 20:26:47.821 I/NetflixMonitorService( 1733): Netflix status unchanged
07-05 20:26:48.126 D/PowerManagerService( 1733): acquireWakeLockInternal: lock=113832109, flags=0x1, tag="NetworkStats", ws=null, uid=1000, pid=1733
07-05 20:26:48.126 D/PowerManagerNotifier( 1733): onWakeLockAcquired: flags=1, tag="NetworkStats", packageName=android, ownerUid=1000, ownerPid=1733, workSource=null
07-05 20:26:48.163 D/PowerManagerService( 1733): releaseWakeLockInternal: lock=113832109 [NetworkStats], flags=0x0
07-05 20:26:48.166 D/PowerManagerNotifier( 1733): onWakeLockReleased: flags=1, tag="NetworkStats", packageName=android, ownerUid=1000, ownerPid=1733, workSource=null
07-05 20:26:48.436 D/PowerManagerService( 1733): releaseWakeLockInternal: lock=1069133349 [AudioMix], flags=0x0
07-05 20:26:48.436 D/PowerManagerNotifier( 1733): onWakeLockReleased: flags=1, tag="AudioMix", packageName=media, ownerUid=1013, ownerPid=0, workSource=null
07-05 20:26:48.437 D/PowerManagerService( 1733): releaseWakeLockInternal: lock=307384860 [AudioMix], flags=0x0
07-05 20:26:48.437 D/PowerManagerNotifier( 1733): onWakeLockReleased: flags=1, tag="AudioMix", packageName=media, ownerUid=1013, ownerPid=0, workSource=null
07-05 20:26:48.682 D/PowerManagerService( 1733): acquireWakeLockInternal: lock=180132858, flags=0x1, tag="AudioMix", ws=null, uid=1013, pid=0
07-05 20:26:48.683 D/PowerManagerNotifier( 1733): onWakeLockAcquired: flags=1, tag="AudioMix", packageName=media, ownerUid=1013, ownerPid=0, workSource=null
07-05 20:26:48.684 D/PowerManagerService( 1733): updateWakeLockWorkSourceInternal: lock=180132858 [AudioMix], ws=null
07-05 20:26:48.693 D/PowerManagerService( 1733): updateWakeLockWorkSourceInternal: lock=180132858 [AudioMix], ws=WorkSource{10010}
07-05 20:26:48.693 D/PowerManagerNotifier( 1733): onWakeLockReleased: flags=1, tag="AudioMix", packageName=media, ownerUid=1013, ownerPid=0, workSource=null
07-05 20:26:48.693 D/PowerManagerNotifier( 1733): onWakeLockAcquired: flags=1, tag="AudioMix", packageName=media, ownerUid=1013, ownerPid=0, workSource=WorkSource{10010}
07-05 20:26:48.822 I/NetflixMonitorService( 1733): current fgapk : com.hisense.hicloud.edca
07-05 20:26:48.822 I/NetflixMonitorService( 1733): Netflix status unchanged
07-05 20:26:48.895 D/PowerManagerService( 1733): acquireWakeLockInternal: lock=113832109, flags=0x1, tag="NetworkStats", ws=null, uid=1000, pid=1733
07-05 20:26:48.896 D/PowerManagerNotifier( 1733): onWakeLockAcquired: flags=1, tag="NetworkStats", packageName=android, ownerUid=1000, ownerPid=1733, workSource=null
07-05 20:26:48.910 D/PowerManagerService( 1733): releaseWakeLockInternal: lock=113832109 [NetworkStats], flags=0x0
07-05 20:26:48.910 D/PowerManagerNotifier( 1733): onWakeLockReleased: flags=1, tag="NetworkStats", packageName=android, ownerUid=1000, ownerPid=1733, workSource=null
07-05 20:26:49.007 D/WifiService( 1733): New client listening to asynchronous messages
07-05 20:26:49.405 D/PowerManagerService( 1733): acquireWakeLockInternal: lock=113832109, flags=0x1, tag="NetworkStats", ws=null, uid=1000, pid=1733
07-05 20:26:49.405 D/PowerManagerNotifier( 1733): onWakeLockAcquired: flags=1, tag="NetworkStats", packageName=android, ownerUid=1000, ownerPid=1733, workSource=null
07-05 20:26:49.431 D/PowerManagerService( 1733): releaseWakeLockInternal: lock=113832109 [NetworkStats], flags=0x0
07-05 20:26:49.431 D/PowerManagerNotifier( 1733): onWakeLockReleased: flags=1, tag="NetworkStats", packageName=android, ownerUid=1000, ownerPid=1733, workSource=null
07-05 20:26:49.822 I/NetflixMonitorService( 1733): current fgapk : com.hisense.hicloud.edca
07-05 20:26:49.822 I/NetflixMonitorService( 1733): Netflix status unchanged
07-05 20:26:49.968 D/PowerManagerService( 1733): acquireWakeLockInternal: lock=113832109, flags=0x1, tag="NetworkStats", ws=null, uid=1000, pid=1733
07-05 20:26:49.968 D/PowerManagerNotifier( 1733): onWakeLockAcquired: flags=1, tag="NetworkStats", packageName=android, ownerUid=1000, ownerPid=1733, workSource=null
07-05 20:26:49.982 D/PowerManagerService( 1733): releaseWakeLockInternal: lock=113832109 [NetworkStats], flags=0x0
07-05 20:26:49.982 D/PowerManagerNotifier( 1733): onWakeLockReleased: flags=1, tag="NetworkStats", packageName=android, ownerUid=1000, ownerPid=1733, workSource=null
--------- beginning of main
07-05 20:26:50.398 I/MyFragmentStateAdapter(27555): getCount
07-05 20:26:50.420 I/HLSP2P  ( 3457): ## 2017-07-05 20:26:50.388 [3457,3628,:0] INFO ## [HLSP2P][TaskManager.cpp:855][INFO][UpdateGlobalInfo]totalDataSize: 0, totalMemorySize: 0, totalCacheSize: 0, curUploadSpeedKB: 0
07-05 20:26:50.469 I/HLSP2P  ( 3457): ## 2017-07-05 20:26:50.390 [3457,3628,:0] INFO ## [HLSP2P][TaskManager.cpp:1325][INFO][TryAdjustMemorySize]system memory total size: 1912M, free size: 325MB, cache add to 30MB, AppState: 14
07-05 20:26:50.471 I/MyFragmentStateAdapter(27555): getCount
07-05 20:26:50.472 I/MiSysSrv( 1214): [37m[INFO] Change to Voltage: 117 mv (0x32)[m
07-05 20:26:50.499 D/QrRecognization( 2232): handleMessage msg=4
07-05 20:26:50.499 D/QrRecognization( 2232): handleMessage msg=1
07-05 20:26:50.499 D/QrRecognization( 2232): start update screenshot
07-05 20:26:50.499 D/QrRecognization( 2232): QR detection is not enabled in tile com.hisense.hicloud.edca
07-05 20:26:50.499 D/QrRecognization( 2232): error in getBitmap from screen
07-05 20:26:50.503 I/MyFragmentStateAdapter(27555): getCount
07-05 20:26:50.520 D/PowerManagerService( 1733): acquireWakeLockInternal: lock=113832109, flags=0x1, tag="NetworkStats", ws=null, uid=1000, pid=1733
07-05 20:26:50.521 D/PowerManagerNotifier( 1733): onWakeLockAcquired: flags=1, tag="NetworkStats", packageName=android, ownerUid=1000, ownerPid=1733, workSource=null
07-05 20:26:50.521 D/NtpTrustedTime( 1733): currentTimeMillis() cache hit
07-05 20:26:50.526 I/HLSP2P  ( 2548): ## 2017-07-05 20:26:50.525 [2548,2817,:0] INFO ## [HLSP2P][TaskManager.cpp:838][INFO][UpdateGlobalInfo]totalDataSize: 0, totalMemorySize: 0, totalCacheSize: 0, PlayTaskAllFinish: 0
07-05 20:26:50.528 I/HLSP2P  ( 2548): ## 2017-07-05 20:26:50.527 [2548,2817,:0] INFO ## [HLSP2P][TaskManager.cpp:1348][INFO][TryAdjustMemorySize]system memory total size: 1912M, free size: 331MB, cache add to 100MB, AppState: 14, IsLowMemory: 0
07-05 20:26:50.529 D/NtpTrustedTime( 1733): currentTimeMillis() cache hit
07-05 20:26:50.530 D/PowerManagerService( 1733): releaseWakeLockInternal: lock=113832109 [NetworkStats], flags=0x0
07-05 20:26:50.530 D/PowerManagerNotifier( 1733): onWakeLockReleased: flags=1, tag="NetworkStats", packageName=android, ownerUid=1000, ownerPid=1733, workSource=null
07-05 20:26:50.530 D/NtpTrustedTime( 1733): currentTimeMillis() cache hit
07-05 20:26:50.530 D/NtpTrustedTime( 1733): currentTimeMillis() cache hit
07-05 20:26:50.544 I/MyFragmentStateAdapter(27555): getCount
07-05 20:26:50.566 I/MyFragmentStateAdapter(27555): getCount
07-05 20:26:50.571 I/MiSysSrv( 1214): [37m[INFO] Change to Voltage: 117 mv (0x32)[m
07-05 20:26:50.592 I/MyFragmentStateAdapter(27555): getCount
07-05 20:26:50.614 I/MyFragmentStateAdapter(27555): getCount
07-05 20:26:50.623 I/TVMW@HsTvSetting( 1234): Trace cmd, data = 0x1058
07-05 20:26:50.624 D/til@system( 2026): til_get_system_param option:100002F int:0, bool:0, ret:0
07-05 20:26:50.624 I/TVMW@HsTvSetting( 1234): Trace cmd, data = 0x101f
07-05 20:26:50.628 D/til@system( 2026): til_get_system_param option:100001D int:3, bool:3, ret:0
07-05 20:26:50.628 E/til     ( 2026): [til_get_current_input_source, 101] 
07-05 20:26:50.628 I/TVMW@HsTvSetting( 1234): Trace cmd, data = 0x7007
07-05 20:26:50.628 I/tilwrapper@sm( 2026): HS2TIL_SourceType *hs=0xd, *til=0x900
07-05 20:26:50.628 D/til     ( 2026): get current source 2304
07-05 20:26:50.629 D/SourceRemoteServiceHandler( 2026): getCurrentInputSource.from.til.result is 0, value is 2304
07-05 20:26:50.629 D/SourceRemoteServiceHandler( 2026): getInputSourceType source: 0x900, type=2304
07-05 20:26:50.629 D/til     ( 2026): ###### func:til_get_picture_param option:0x3000006 ######  
07-05 20:26:50.629 I/TVMW@HsTvSetting( 1234): Trace cmd, data = 0x1003
07-05 20:26:50.630 I/TVMW@HsTvSetting( 1234): Trace cmd, data = 0x8032
07-05 20:26:50.631 I/hstvos  ( 1216): [0m[1;33m[HSHAL][HS_VIDEO][HS_HAL_Video_SetOsdDetect_v2][2389]u16Threshold = 20
07-05 20:26:50.631 E/TVMW@videoctrl( 1234):  getOsd is 1
07-05 20:26:50.631 D/til@system( 2026): til_get_system_param option:1000027 int:1, bool:1, ret:0
07-05 20:26:50.631 D/til     ( 2026): ###### func:til_get_picture_param option:0x3000045 ######  
07-05 20:26:50.632 I/TVMW@HsTvSetting( 1234): Trace cmd, data = 0x300c
07-05 20:26:50.632 I/TVMW@HsTvSetting( 1234): Trace 3d, data = 0x300c
07-05 20:26:50.632 I/TVMW@3d ( 1234): Hs_debug3d_trace: func:get3dStatus, line:109
07-05 20:26:50.635 I/MyFragmentStateAdapter(27555): getCount
07-05 20:26:50.664 I/MyFragmentStateAdapter(27555): getCount
07-05 20:26:50.687 I/MyFragmentStateAdapter(27555): getCount
07-05 20:26:50.708 I/MyFragmentStateAdapter(27555): getCount
07-05 20:26:50.720 D/MSTAR_VDEC_DBG( 1206): Stream ID: 0, Rate : 23 (E:0,D:0,S:0,F:69) 
07-05 20:26:50.739 I/MyFragmentStateAdapter(27555): getCount
07-05 20:26:50.748 I/TVMW@devctrl( 1234): wdt
07-05 20:26:50.764 I/MyFragmentStateAdapter(27555): getCount
07-05 20:26:50.790 I/MyFragmentStateAdapter(27555): getCount
07-05 20:26:50.823 I/NetflixMonitorService( 1733): current fgapk : com.hisense.hicloud.edca
07-05 20:26:50.823 I/NetflixMonitorService( 1733): Netflix status unchanged
07-05 20:26:50.848 I/MyFragmentStateAdapter(27555): getCount
07-05 20:26:50.870 I/MiSysSrv( 1214): [37m[INFO] Change to Voltage: 112 mv (0x2D)[m
07-05 20:26:50.881 I/MyFragmentStateAdapter(27555): getCount
07-05 20:26:50.909 D/NativeDecimalFormat(27555): NativeDecimalFormat_close print addr=3997614336
07-05 20:26:50.909 D/NativeDecimalFormat(27555): NativeDecimalFormat_close print g_addr=3763128576
07-05 20:26:50.920 I/MyFragmentStateAdapter(27555): getCount
07-05 20:26:50.946 I/MyFragmentStateAdapter(27555): getCount
07-05 20:26:50.971 I/MiSysSrv( 1214): [37m[INFO] Change to Voltage: 112 mv (0x2D)[m
07-05 20:26:50.987 I/MyFragmentStateAdapter(27555): getCount
07-05 20:26:50.991 D/PowerManagerService( 1733): acquireWakeLockInternal: lock=113832109, flags=0x1, tag="NetworkStats", ws=null, uid=1000, pid=1733
07-05 20:26:50.992 D/PowerManagerNotifier( 1733): onWakeLockAcquired: flags=1, tag="NetworkStats", packageName=android, ownerUid=1000, ownerPid=1733, workSource=null
07-05 20:26:50.992 D/NtpTrustedTime( 1733): currentTimeMillis() cache hit
07-05 20:26:50.999 D/NtpTrustedTime( 1733): currentTimeMillis() cache hit
07-05 20:26:51.000 D/NtpTrustedTime( 1733): currentTimeMillis() cache hit
07-05 20:26:51.000 D/PowerManagerService( 1733): releaseWakeLockInternal: lock=113832109 [NetworkStats], flags=0x0
07-05 20:26:51.000 D/NtpTrustedTime( 1733): currentTimeMillis() cache hit
07-05 20:26:51.000 D/PowerManagerNotifier( 1733): onWakeLockReleased: flags=1, tag="NetworkStats", packageName=android, ownerUid=1000, ownerPid=1733, workSource=null
07-05 20:26:51.033 I/MyFragmentStateAdapter(27555): getCount
07-05 20:26:51.070 I/MiSysSrv( 1214): [37m[INFO] Change to Voltage: 117 mv (0x32)[m
07-05 20:26:51.072 I/MyFragmentStateAdapter(27555): getCount
07-05 20:26:51.099 I/MyFragmentStateAdapter(27555): getCount
07-05 20:26:51.121 I/MyFragmentStateAdapter(27555): getCount
07-05 20:26:51.133 I/TVMW@HsTvSetting( 1234): Trace cmd, data = 0x1058
07-05 20:26:51.133 D/til@system( 2026): til_get_system_param option:100002F int:0, bool:0, ret:0
07-05 20:26:51.134 I/TVMW@HsTvSetting( 1234): Trace cmd, data = 0x101f
07-05 20:26:51.134 D/til@system( 2026): til_get_system_param option:100001D int:3, bool:3, ret:0
07-05 20:26:51.134 E/til     ( 2026): [til_get_current_input_source, 101] 
07-05 20:26:51.134 I/TVMW@HsTvSetting( 1234): Trace cmd, data = 0x7007
07-05 20:26:51.134 I/tilwrapper@sm( 2026): HS2TIL_SourceType *hs=0xd, *til=0x900
07-05 20:26:51.134 D/til     ( 2026): get current source 2304
07-05 20:26:51.135 D/SourceRemoteServiceHandler( 2026): getCurrentInputSource.from.til.result is 0, value is 2304
07-05 20:26:51.135 D/SourceRemoteServiceHandler( 2026): getInputSourceType source: 0x900, type=2304
07-05 20:26:51.135 D/til     ( 2026): ###### func:til_get_picture_param option:0x3000006 ######  
07-05 20:26:51.135 I/TVMW@HsTvSetting( 1234): Trace cmd, data = 0x1003
07-05 20:26:51.135 I/TVMW@HsTvSetting( 1234): Trace cmd, data = 0x8032
07-05 20:26:51.135 I/hstvos  ( 1216): [0m[1;33m[HSHAL][HS_VIDEO][HS_HAL_Video_SetOsdDetect_v2][2389]u16Threshold = 20
07-05 20:26:51.136 E/TVMW@videoctrl( 1234):  getOsd is 1
07-05 20:26:51.143 D/til@system( 2026): til_get_system_param option:1000027 int:1, bool:1, ret:0
07-05 20:26:51.143 D/til     ( 2026): ###### func:til_get_picture_param option:0x3000045 ######  
07-05 20:26:51.143 I/TVMW@HsTvSetting( 1234): Trace cmd, data = 0x300c
07-05 20:26:51.143 I/TVMW@HsTvSetting( 1234): Trace 3d, data = 0x300c
07-05 20:26:51.143 I/TVMW@3d ( 1234): Hs_debug3d_trace: func:get3dStatus, line:109
07-05 20:26:51.157 I/MyFragmentStateAdapter(27555): getCount
07-05 20:26:51.189 I/MyFragmentStateAdapter(27555): getCount
07-05 20:26:51.208 I/MyFragmentStateAdapter(27555): getCount
07-05 20:26:51.244 I/MyFragmentStateAdapter(27555): getCount
07-05 20:26:51.269 I/MyFragmentStateAdapter(27555): getCount
07-05 20:26:51.295 I/MyFragmentStateAdapter(27555): getCount
07-05 20:26:51.316 I/MyFragmentStateAdapter(27555): getCount
07-05 20:26:51.340 I/MyFragmentStateAdapter(27555): getCount
07-05 20:26:51.361 I/MyFragmentStateAdapter(27555): getCount
07-05 20:26:51.383 I/MyFragmentStateAdapter(27555): getCount
07-05 20:26:51.404 D/PowerManagerService( 1733): acquireWakeLockInternal: lock=113832109, flags=0x1, tag="NetworkStats", ws=null, uid=1000, pid=1733
07-05 20:26:51.404 D/PowerManagerNotifier( 1733): onWakeLockAcquired: flags=1, tag="NetworkStats", packageName=android, ownerUid=1000, ownerPid=1733, workSource=null
07-05 20:26:51.404 D/NtpTrustedTime( 1733): currentTimeMillis() cache hit
07-05 20:26:51.412 I/MyFragmentStateAdapter(27555): getCount
07-05 20:26:51.416 D/NtpTrustedTime( 1733): currentTimeMillis() cache hit
07-05 20:26:51.417 D/NtpTrustedTime( 1733): currentTimeMillis() cache hit
07-05 20:26:51.417 D/NtpTrustedTime( 1733): currentTimeMillis() cache hit
07-05 20:26:51.417 D/PowerManagerService( 1733): releaseWakeLockInternal: lock=113832109 [NetworkStats], flags=0x0
07-05 20:26:51.417 D/PowerManagerNotifier( 1733): onWakeLockReleased: flags=1, tag="NetworkStats", packageName=android, ownerUid=1000, ownerPid=1733, workSource=null
07-05 20:26:51.444 I/MyFragmentStateAdapter(27555): getCount
07-05 20:26:51.466 I/MyFragmentStateAdapter(27555): getCount
07-05 20:26:51.514 I/MyFragmentStateAdapter(27555): getCount
07-05 20:26:51.547 I/MyFragmentStateAdapter(27555): getCount
07-05 20:26:51.585 I/MyFragmentStateAdapter(27555): getCount
07-05 20:26:51.620 I/MyFragmentStateAdapter(27555): getCount
07-05 20:26:51.644 I/MyFragmentStateAdapter(27555): getCount
07-05 20:26:51.645 I/TVMW@HsTvSetting( 1234): Trace cmd, data = 0x1058
07-05 20:26:51.645 D/til@system( 2026): til_get_system_param option:100002F int:0, bool:0, ret:0
07-05 20:26:51.645 I/TVMW@HsTvSetting( 1234): Trace cmd, data = 0x101f
07-05 20:26:51.645 D/til@system( 2026): til_get_system_param option:100001D int:3, bool:3, ret:0
07-05 20:26:51.645 E/til     ( 2026): [til_get_current_input_source, 101] 
07-05 20:26:51.645 I/TVMW@HsTvSetting( 1234): Trace cmd, data = 0x7007
07-05 20:26:51.645 I/tilwrapper@sm( 2026): HS2TIL_SourceType *hs=0xd, *til=0x900
07-05 20:26:51.645 D/til     ( 2026): get current source 2304
07-05 20:26:51.645 D/SourceRemoteServiceHandler( 2026): getCurrentInputSource.from.til.result is 0, value is 2304
07-05 20:26:51.645 D/SourceRemoteServiceHandler( 2026): getInputSourceType source: 0x900, type=2304
07-05 20:26:51.646 D/til     ( 2026): ###### func:til_get_picture_param option:0x3000006 ######  
07-05 20:26:51.646 I/TVMW@HsTvSetting( 1234): Trace cmd, data = 0x1003
07-05 20:26:51.646 I/TVMW@HsTvSetting( 1234): Trace cmd, data = 0x8032
07-05 20:26:51.647 I/hstvos  ( 1216): [0m[1;33m[HSHAL][HS_VIDEO][HS_HAL_Video_SetOsdDetect_v2][2389]u16Threshold = 20
07-05 20:26:51.649 I/TVMW@devctrl( 1234): wdt
07-05 20:26:51.650 E/TVMW@videoctrl( 1234):  getOsd is 1
07-05 20:26:51.651 D/til@system( 2026): til_get_system_param option:1000027 int:1, bool:1, ret:0
07-05 20:26:51.651 D/til     ( 2026): ###### func:til_get_picture_param option:0x3000045 ######  
07-05 20:26:51.651 I/TVMW@HsTvSetting( 1234): Trace cmd, data = 0x300c
07-05 20:26:51.651 I/TVMW@HsTvSetting( 1234): Trace 3d, data = 0x300c
07-05 20:26:51.651 I/TVMW@3d ( 1234): Hs_debug3d_trace: func:get3dStatus, line:109
07-05 20:26:51.670 I/MiSysSrv( 1214): [37m[INFO] Change to Voltage: 112 mv (0x2D)[m
07-05 20:26:51.673 I/MyFragmentStateAdapter(27555): getCount
07-05 20:26:51.697 I/MyFragmentStateAdapter(27555): getCount
07-05 20:26:51.717 I/MyFragmentStateAdapter(27555): getCount
07-05 20:26:51.720 D/MSTAR_VDEC_DBG( 1206): Stream ID: 0, Rate : 24 (E:0,D:0,S:0,F:93) 
07-05 20:26:51.755 I/MyFragmentStateAdapter(27555): getCount
07-05 20:26:51.770 I/MiSysSrv( 1214): [37m[INFO] Change to Voltage: 112 mv (0x2D)[m
07-05 20:26:51.808 I/MyFragmentStateAdapter(27555): getCount
07-05 20:26:51.824 I/NetflixMonitorService( 1733): current fgapk : com.hisense.hicloud.edca
07-05 20:26:51.824 I/NetflixMonitorService( 1733): Netflix status unchanged
07-05 20:26:51.830 I/MyFragmentStateAdapter(27555): getCount
07-05 20:26:51.862 I/MyFragmentStateAdapter(27555): getCount
07-05 20:26:51.869 I/MiSysSrv( 1214): [37m[INFO] Change to Voltage: 107 mv (0x28)[m
07-05 20:26:51.901 I/MyFragmentStateAdapter(27555): getCount
07-05 20:26:51.929 I/MyFragmentStateAdapter(27555): getCount
07-05 20:26:51.939 D/PowerManagerService( 1733): acquireWakeLockInternal: lock=113832109, flags=0x1, tag="NetworkStats", ws=null, uid=1000, pid=1733
07-05 20:26:51.939 D/PowerManagerNotifier( 1733): onWakeLockAcquired: flags=1, tag="NetworkStats", packageName=android, ownerUid=1000, ownerPid=1733, workSource=null
07-05 20:26:51.939 D/NtpTrustedTime( 1733): currentTimeMillis() cache hit
07-05 20:26:51.950 D/NtpTrustedTime( 1733): currentTimeMillis() cache hit
07-05 20:26:51.952 D/NtpTrustedTime( 1733): currentTimeMillis() cache hit
07-05 20:26:51.952 D/NtpTrustedTime( 1733): currentTimeMillis() cache hit
07-05 20:26:51.952 D/PowerManagerService( 1733): releaseWakeLockInternal: lock=113832109 [NetworkStats], flags=0x0
07-05 20:26:51.952 D/PowerManagerNotifier( 1733): onWakeLockReleased: flags=1, tag="NetworkStats", packageName=android, ownerUid=1000, ownerPid=1733, workSource=null
07-05 20:26:51.977 I/MyFragmentStateAdapter(27555): getCount
07-05 20:26:52.010 I/MyFragmentStateAdapter(27555): getCount
07-05 20:26:52.042 I/MyFragmentStateAdapter(27555): getCount
07-05 20:26:52.081 I/MyFragmentStateAdapter(27555): getCount
07-05 20:26:52.106 E/btif_config( 2964): [btif_config_get] node is TRUE!
07-05 20:26:52.106 E/btif_config( 2964): [btif_config_get] ret is TRUE!
07-05 20:26:52.112 D/MC_MEMORY(17185): max: 256.261888 Mb, heap: 10.10798 Mb, allocated: 10.10594 Mb, free: 0.204 Mb, native heap: 12.12276 Mb, native allocated: 8.8355 Mb, native free: 3.3921 Mb
07-05 20:26:52.123 I/MyFragmentStateAdapter(27555): getCount
07-05 20:26:52.153 I/TVMW@HsTvSetting( 1234): Trace cmd, data = 0x1058
07-05 20:26:52.153 D/til@system( 2026): til_get_system_param option:100002F int:0, bool:0, ret:0
07-05 20:26:52.154 I/TVMW@HsTvSetting( 1234): Trace cmd, data = 0x101f
07-05 20:26:52.154 D/til@system( 2026): til_get_system_param option:100001D int:3, bool:3, ret:0
07-05 20:26:52.154 E/til     ( 2026): [til_get_current_input_source, 101] 
07-05 20:26:52.154 I/TVMW@HsTvSetting( 1234): Trace cmd, data = 0x7007
07-05 20:26:52.155 I/tilwrapper@sm( 2026): HS2TIL_SourceType *hs=0xd, *til=0x900
07-05 20:26:52.155 D/til     ( 2026): get current source 2304
07-05 20:26:52.155 D/SourceRemoteServiceHandler( 2026): getCurrentInputSource.from.til.result is 0, value is 2304
07-05 20:26:52.155 D/SourceRemoteServiceHandler( 2026): getInputSourceType source: 0x900, type=2304
07-05 20:26:52.155 D/til     ( 2026): ###### func:til_get_picture_param option:0x3000006 ######  
07-05 20:26:52.156 I/TVMW@HsTvSetting( 1234): Trace cmd, data = 0x1003
07-05 20:26:52.156 I/TVMW@HsTvSetting( 1234): Trace cmd, data = 0x8032
07-05 20:26:52.157 E/TVMW@videoctrl( 1234):  getOsd is 1
07-05 20:26:52.157 D/til@system( 2026): til_get_system_param option:1000027 int:1, bool:1, ret:0
07-05 20:26:52.157 D/til     ( 2026): ###### func:til_get_picture_param option:0x3000045 ######  
07-05 20:26:52.157 I/TVMW@HsTvSetting( 1234): Trace cmd, data = 0x300c
07-05 20:26:52.157 I/TVMW@HsTvSetting( 1234): Trace 3d, data = 0x300c
07-05 20:26:52.157 I/TVMW@3d ( 1234): Hs_debug3d_trace: func:get3dStatus, line:109
07-05 20:26:52.160 I/HLSP2P  ( 3912): ## 2017-07-05 20:26:52.159 [3912,4030,:0] INFO ## [HLSP2P][DownloadManager.cpp:35][INFO][SendHeartBeatMsg]send heartbeat to punch server ok
07-05 20:26:52.161 I/hstvos  ( 1216): [0m[1;33m[HSHAL][HS_VIDEO][HS_HAL_Video_SetOsdDetect_v2][2389]u16Threshold = 20
07-05 20:26:52.168 I/MyFragmentStateAdapter(27555): getCount
07-05 20:26:52.169 I/MiSysSrv( 1214): [37m[INFO] Change to Voltage: 117 mv (0x32)[m
07-05 20:26:52.180 I/HLSP2P  ( 3912): ## 2017-07-05 20:26:52.179 [3912,4032,:0] INFO ## [HLSP2P][DownloadManager.cpp:35][INFO][OnHeartbeatRsp]punch heartbeat rsp ok
07-05 20:26:52.201 I/MyFragmentStateAdapter(27555): getCount
07-05 20:26:52.244 I/MyFragmentStateAdapter(27555): getCount
07-05 20:26:52.269 I/MiSysSrv( 1214): [37m[INFO] Change to Voltage: 112 mv (0x2D)[m
07-05 20:26:52.270 I/MyFragmentStateAdapter(27555): getCount
07-05 20:26:52.303 I/MyFragmentStateAdapter(27555): getCount
07-05 20:26:52.332 I/MyFragmentStateAdapter(27555): getCount
07-05 20:26:52.370 I/MiSysSrv( 1214): [37m[INFO] Change to Voltage: 102 mv (0x23)[m
07-05 20:26:52.379 I/MyFragmentStateAdapter(27555): getCount
07-05 20:26:52.425 D/GlobalInputEventMonitoringService( 1733): interceptKeyBeforeQueueing(), event:22, mNeedMonitorKeyEvent:true, mWaitForKeyUpEvent:false
07-05 20:26:52.425 D/GlobalInputEventMonitoringService( 1733): processKeyEvent(), processKeyEvent event:22
07-05 20:26:52.425 D/WindowManager( 1733): interceptKeyTq keycode=22 interactive=true keyguardActive=false policyFlags=2b000000 isCancled= false
07-05 20:26:52.425 D/PowerManagerService( 1733): userActivityNoUpdateLocked: eventTime=6453993, event=1, flags=0x0, uid=1000
07-05 20:26:52.426 D/WindowManager( 1733): interceptKeyTi keyCode=22 down=true repeatCount=0 keyguardOn=false mHomePressed=false canceled=false
07-05 20:26:52.426 D/WindowManager( 1733): Hisense systemkey event: 22
07-05 20:26:52.426 D/HisenseGlobalKeyManager( 1733): handleGlobalKey() : Global event = KeyEvent { action=ACTION_DOWN, keyCode=KEYCODE_DPAD_RIGHT, scanCode=0, metaState=0, flags=0x0, repeatCount=0, eventTime=6453993, downTime=6453993, deviceId=-1, source=0x101 }
07-05 20:26:52.445 I/MyFragmentStateAdapter(27555): getCount
07-05 20:26:52.467 D/PowerManagerService( 1733): acquireWakeLockInternal: lock=113832109, flags=0x1, tag="NetworkStats", ws=null, uid=1000, pid=1733
