07-06 00:05:22.580 I/MyFragmentStateAdapter(20330): getCount
07-06 00:05:22.580 D/AccessToken(20330): [TID 20361] increaseAccessCount() count=1
07-06 00:05:22.580 D/AccessToken(20330): [TID 20361] increaseAccessCount() count=1
07-06 00:05:22.580 D/PlayerSdk/DeviceCheckTask(20330): [TID 20361] deviceCheck.onSuccess: deviceIp: 219.147.31.2
07-06 00:05:22.582 D/PlayerSdk/DeviceCheckTask@3560ff94(20330): [TID 20361] notifyJobSuccess() Job[PlayerSdk/DeviceCheckTask@3560ff94](mState=1, mData=Object906752562, mError=null)
07-06 00:05:22.595 D/PlayerSdk/GrayScaleSwitcherProvider(20330): [TID 20361] execute: handler has no messages, send it.
07-06 00:05:22.596 D/PlayerSdk/GrayScaleSwitcherProvider(20330): [TID 20361] fetchSwitchData
07-06 00:05:22.596 I/System.out(20330): <TVAPI> DEBUG(isUpdateData): isUpdateData=dynamicQ-true
07-06 00:05:22.597 I/System.out(20330): <TVAPI> DEBUG(TVApiProperty): read passport-device-id=tv_69b1ef544cadbb86e8f28950ece1c76a_1167652938875
07-06 00:05:22.597 I/System.out(20330): <TVAPI> DEBUG(id=7, dynamicQ): url = http://data2.itv.ptqy.gitv.tv/itv/dynamicQ/1210/2.1.0.59986/VIDAA_TV/0/0/1/0/0/0/0
07-06 00:05:22.597 I/System.out(20330): <TVAPI> DEBUG(id=7, dynamicQ): header = qyid:tv_69b1ef544cadbb86e8f28950ece1c76a_1167652938875
07-06 00:05:22.597 I/System.out(20330): <TVAPI> DEBUG(id=7, dynamicQ): header = ov:5.1.1
07-06 00:05:22.597 I/System.out(20330): <TVAPI> DEBUG(id=7, dynamicQ): header = apkVer:2.1.0.59986
07-06 00:05:22.597 I/System.out(20330): <TVAPI> DEBUG(id=7, dynamicQ): header = apiKey:9e14d341281067d05d771f41454858c0
07-06 00:05:22.603 D/NetworkManager(20330): [TID 20505] << request(http://www.qq.com, 19564040): connect internet success, url=http://www.qq.com
07-06 00:05:22.610 D/NetworkManager(20330): [TID 20504] retryConnectOthers: result=true, time consumed=141ms
07-06 00:05:22.613 D/NetworkManager(20330): [TID 20504] getRealState: activeNetInfo={[type: Ethernet[], state: CONNECTED/CONNECTED, reason: (unspecified), extra: a8:a6:48:18:fc:a8, roaming: false, failover: false, isAvailable: true, isConnectedToProvisioningNetwork: false]}, isConnected=true
07-06 00:05:22.615 D/ADLog   ( 7859): ResourceDownloadManager => send a Request to download ad_vm_av3
07-06 00:05:22.615 D/ADLog   ( 7859): ResourceDownloadManager => handleDownloadRequest downloadInfo = com.hisense.service.ad.bean.DownloadListInfo@3da4092c
07-06 00:05:22.615 D/ADLog   ( 7859): ResourceDownloadManager => handleDownloadRequest downloadTaskList = [com.hisense.service.ad.bean.DownloadListInfo@3dab7ff5]size1
07-06 00:05:22.615 D/ADLog   ( 7859): ADDaoHandler => update ADCodeInfo
07-06 00:05:22.615 D/ADLog   ( 7859): ResourceDownloadManager => startDownloader()
07-06 00:05:22.615 D/ADLog   ( 7859): ResourceDownloadManager => reclaimStorageSpace() enableReclaim = true
07-06 00:05:22.615 D/ADLog   ( 7859): ResourceDownloadManager => clear expired AppAdCodeInfo
07-06 00:05:22.615 D/ADLog   ( 7859): ADDaoHandler => adcode valid period: 604800
07-06 00:05:22.615 D/ADLog   ( 7859): DBManager => queryExpireADCode(long time = 1498637122)
07-06 00:05:22.615 D/ADLog   ( 7859): DBManager => update(String table = ADCodeInfo, Object obj = ADCodeInfo [id=6, adCode=ad_vm_av3, packageNamecom.jamdeo.tv.resources, UpdateStatus=2, defaultAdID=1000000005878, defaultAdURL=http://download.hismarttv.com/epgdata/ImageAD/9000019142662.jpg, defaultAdPath=/data/data/com.hisense.service.ad/files/ad/9000019142662.jpg, defaultAdType=5, owner=hitv, lastUpdateTime=1499241922, lock=java.util.concurrent.locks.ReentrantLock@3423fb7e[Unlocked], adInfos=[]])
07-06 00:05:22.616 D/ADLog   ( 7859): DBManager => getValues(String tabName = ADCodeInfo, Object object = ADCodeInfo [id=6, adCode=ad_vm_av3, packageNamecom.jamdeo.tv.resources, UpdateStatus=2, defaultAdID=1000000005878, defaultAdURL=http://download.hismarttv.com/epgdata/ImageAD/9000019142662.jpg, defaultAdPath=/data/data/com.hisense.service.ad/files/ad/9000019142662.jpg, defaultAdType=5, owner=hitv, lastUpdateTime=1499241922, lock=java.util.concurrent.locks.ReentrantLock@3423fb7e[Unlocked], adInfos=[]])
07-06 00:05:22.616 D/ADLog   ( 7859): CommonUtils => getStringFromList:   [{"id":"8","code":"hitvdef","url":"http:\/\/api.hismarttv.com\/adapi\/getlogopic?type=0&ac=${ADCODE}&pid=${ADPOLICY}&aid=${ADID}&did=${DEVICEID}&t=${TIME}&act=${ACTION}&dt=${DISPLAYTIMES}&tz=${TIMEZONE}&mac=${MAC}"}]
07-06 00:05:22.616 I/ADLog   ( 7859): DBManager => query count is 0
07-06 00:05:22.616 D/ADLog   ( 7859): ResourceDownloadManager => start to clear unused files ......
07-06 00:05:22.616 D/ADLog   ( 7859): DBManager => queryDefaultPath(String clomun = ADRESOURCEPATH, String tableName = ADPlayPolicy)
07-06 00:05:22.617 D/ADLog   ( 7859): DBManager => queryAllPath(String clomun = ADPREFORMPATH, String tableName = ADPlayPolicy)
07-06 00:05:22.619 D/ADLog   ( 7859): CommonUtils => getListFromString:   
07-06 00:05:22.619 D/ADLog   ( 7859): CommonUtils => getListFromString:   
07-06 00:05:22.619 D/ADLog   ( 7859): CommonUtils => getListFromString:   
07-06 00:05:22.620 D/ADLog   ( 7859): DBManager => queryDefaultPath(String clomun = DEFAULTADPATH, String tableName = ADCodeInfo)
07-06 00:05:22.621 D/ADLog   ( 7859): ResourceDownloadManager => deleteResourceFileExpired(File file = /data/data/com.hisense.service.ad/files/ad, List<String> resourceFiles = [/data/data/com.hisense.service.ad/files/ad/9000019161810.jpg, /data/data/com.hisense.service.ad/files/ad/9000019161810.jpg, /data/data/com.hisense.service.ad/files/ad/9000019159537_9000019159537.mp4, /data/data/com.hisense.service.ad/files/ad/9000019146505.jpg, /data/data/com.hisense.service.ad/files/ad/9000019139817.jpg, /data/data/com.hisense.service.ad/files/ad/9000019159462.zip, /data/data/com.hisense.service.ad/files/ad/9000019142662.jpg])
07-06 00:05:22.624 I/MyFragmentStateAdapter(20330): getCount
07-06 00:05:22.628 D/ADLog   ( 7859): ResourceDownloadManager => deleteResourceFileExpired(File file = /data/data/com.hisense.service.ad/files/ad/9000019161810.jpg, List<String> resourceFiles = [/data/data/com.hisense.service.ad/files/ad/9000019161810.jpg, /data/data/com.hisense.service.ad/files/ad/9000019161810.jpg, /data/data/com.hisense.service.ad/files/ad/9000019159537_9000019159537.mp4, /data/data/com.hisense.service.ad/files/ad/9000019146505.jpg, /data/data/com.hisense.service.ad/files/ad/9000019139817.jpg, /data/data/com.hisense.service.ad/files/ad/9000019159462.zip, /data/data/com.hisense.service.ad/files/ad/9000019142662.jpg])
07-06 00:05:22.628 D/ADLog   ( 7859): ResourceDownloadManager => path is /data/data/com.hisense.service.ad/files/ad/9000019161810.jpg
07-06 00:05:22.628 D/ADLog   ( 7859): ResourceDownloadManager => deleteResourceFileExpired(File file = /data/data/com.hisense.service.ad/files/ad/9000019142662.jpg, List<String> resourceFiles = [/data/data/com.hisense.service.ad/files/ad/9000019161810.jpg, /data/data/com.hisense.service.ad/files/ad/9000019161810.jpg, /data/data/com.hisense.service.ad/files/ad/9000019159537_9000019159537.mp4, /data/data/com.hisense.service.ad/files/ad/9000019146505.jpg, /data/data/com.hisense.service.ad/files/ad/9000019139817.jpg, /data/data/com.hisense.service.ad/files/ad/9000019159462.zip, /data/data/com.hisense.service.ad/files/ad/9000019142662.jpg])
07-06 00:05:22.628 D/ADLog   ( 7859): ResourceDownloadManager => path is /data/data/com.hisense.service.ad/files/ad/9000019142662.jpg
07-06 00:05:22.637 I/FFMPEG  ( 1206): [mov,mp4,m4a,3gp,3g2,mj2 @ 0xb8845400] i(1) > pkt->stream_index(0),conitnue
07-06 00:05:22.637 I/FFMPEG  ( 1206): [NULL @ 0xf34e0000] try_decode_frame, i= 1, pkt->stream_index = 1
07-06 00:05:22.637 D/ADLog   ( 7859): ResourceDownloadManager => deleteResourceFileExpired(File file = /data/data/com.hisense.service.ad/files/ad/9000019146505.jpg, List<String> resourceFiles = [/data/data/com.hisense.service.ad/files/ad/9000019161810.jpg, /data/data/com.hisense.service.ad/files/ad/9000019161810.jpg, /data/data/com.hisense.service.ad/files/ad/9000019159537_9000019159537.mp4, /data/data/com.hisense.service.ad/files/ad/9000019146505.jpg, /data/data/com.hisense.service.ad/files/ad/9000019139817.jpg, /data/data/com.hisense.service.ad/files/ad/9000019159462.zip, /data/data/com.hisense.service.ad/files/ad/9000019142662.jpg])
07-06 00:05:22.637 D/ADLog   ( 7859): ResourceDownloadManager => path is /data/data/com.hisense.service.ad/files/ad/9000019146505.jpg
07-06 00:05:22.637 D/ADLog   ( 7859): ResourceDownloadManager => deleteResourceFileExpired(File file = /data/data/com.hisense.service.ad/files/ad/9000019139817.jpg, List<String> resourceFiles = [/data/data/com.hisense.service.ad/files/ad/9000019161810.jpg, /data/data/com.hisense.service.ad/files/ad/9000019161810.jpg, /data/data/com.hisense.service.ad/files/ad/9000019159537_9000019159537.mp4, /data/data/com.hisense.service.ad/files/ad/9000019146505.jpg, /data/data/com.hisense.service.ad/files/ad/9000019139817.jpg, /data/data/com.hisense.service.ad/files/ad/9000019159462.zip, /data/data/com.hisense.service.ad/files/ad/9000019142662.jpg])
07-06 00:05:22.637 D/ADLog   ( 7859): ResourceDownloadManager => path is /data/data/com.hisense.service.ad/files/ad/9000019139817.jpg
07-06 00:05:22.637 D/ADLog   ( 7859): ResourceDownloadManager => deleteResourceFileExpired(File file = /data/data/com.hisense.service.ad/files/ad/9000019159462.zip, List<String> resourceFiles = [/data/data/com.hisense.service.ad/files/ad/9000019161810.jpg, /data/data/com.hisense.service.ad/files/ad/9000019161810.jpg, /data/data/com.hisense.service.ad/files/ad/9000019159537_9000019159537.mp4, /data/data/com.hisense.service.ad/files/ad/9000019146505.jpg, /data/data/com.hisense.service.ad/files/ad/9000019139817.jpg, /data/data/com.hisense.service.ad/files/ad/9000019159462.zip, /data/data/com.hisense.service.ad/files/ad/9000019142662.jpg])
07-06 00:05:22.637 D/ADLog   ( 7859): ResourceDownloadManager => path is /data/data/com.hisense.service.ad/files/ad/9000019159462.zip
07-06 00:05:22.638 D/ADLog   ( 7859): ResourceDownloadManager => deleteResourceFileExpired(File file = /data/data/com.hisense.service.ad/files/ad/9000019159537_9000019159537.mp4, List<String> resourceFiles = [/data/data/com.hisense.service.ad/files/ad/9000019161810.jpg, /data/data/com.hisense.service.ad/files/ad/9000019161810.jpg, /data/data/com.hisense.service.ad/files/ad/9000019159537_9000019159537.mp4, /data/data/com.hisense.service.ad/files/ad/9000019146505.jpg, /data/data/com.hisense.service.ad/files/ad/9000019139817.jpg, /data/data/com.hisense.service.ad/files/ad/9000019159462.zip, /data/data/com.hisense.service.ad/files/ad/9000019142662.jpg])
07-06 00:05:22.639 D/ADLog   ( 7859): ResourceDownloadManager => path is /data/data/com.hisense.service.ad/files/ad/9000019159537_9000019159537.mp4
07-06 00:05:22.639 D/ADLog   ( 7859): ResourceDownloadManager => flashMax:104857600
07-06 00:05:22.639 D/ADLog   ( 7859): ResourceDownloadManager => storageSpaceUsed:15542387
07-06 00:05:22.639 D/ADLog   ( 7859): ResourceDownloadManager => availableStorageSpace:3568271360
07-06 00:05:22.639 D/ADLog   ( 7859): ResourceDownloadManager => task count is 1
07-06 00:05:22.639 D/NetworkManager(20330): [TID 20330] onNetStateChanged(2)
07-06 00:05:22.640 D/ADLog   ( 7859): HttpDownloader => HttpDownloader40 downloadInfo::com.hisense.service.ad.bean.DownloadListInfo@2f80518a, com.hisense.service.ad.bean.DownloadListInfo@3dab7ff5
07-06 00:05:22.640 D/ADLog   ( 7859): HttpDownloader => httpdownloader40: to download resource file /data/data/com.hisense.service.ad/files/ad/9000019142662.jpg
07-06 00:05:22.640 D/ADLog   ( 7859): HttpDownloader => httpdownloader40: resource url is http://download.hismarttv.com/epgdata/ImageAD/9000019142662.jpg
07-06 00:05:22.643 I/ResourceDownloadManager( 7859): success to create a http downloader.
07-06 00:05:22.643 I/FFMPEG  ( 1206): [aac @ 0xf34e0000] skip whole frame, skip left: 0
07-06 00:05:22.647 D/ADLog   ( 7859): DBManager => result = 1, table : ADCodeInfo
07-06 00:05:22.647 D/ADLog   ( 7859): UpdateADStrategy => success to update policy for ad_vm_av3
07-06 00:05:22.650 V/PackageManager( 1733): getPackageInfo com.hisense.service.ad: Package{2fa4b490 com.hisense.service.ad}
07-06 00:05:22.653 D/ADLog   ( 7859): ResourceDownloadManager => success to send a DownloadSuccess msg.ad_vm_av3
07-06 00:05:22.658 D/ADLog   ( 7859): DBManager => updateADStatus(String adCode = ad_vm_av3, String packageName = com.jamdeo.tv.resources)
07-06 00:05:22.659 E/NetworkManager(20330): [TID 20528] << request(http://www.sina.com.cn, 19564117): connect internet failed, url=http://www.sina.com.cn
07-06 00:05:22.660 I/FFMPEG  ( 1206): [mov,mp4,m4a,3gp,3g2,mj2 @ 0xb8845400] After avformat_find_stream_info() pos: 473274 bytes read:492316 seeks:0 frames:3
07-06 00:05:22.660 I/FFmpegExtractor( 1206): the duration is 00:08:58.08
07-06 00:05:22.661 I/FFmpegExtractor( 1206): streamIndex: 0 ,stream_index 0
07-06 00:05:22.661 D/FFmpegExtractor( 1206): is_codec_supported codec_id is 28
07-06 00:05:22.661 D/FFmpegExtractor( 1206): setVideoFormat avctx->codec_id is 28
07-06 00:05:22.661 V/codec_utils( 1206): AVC
07-06 00:05:22.661 I/FFmpegExtractor( 1206): the time is 00:08:58.08
07-06 00:05:22.661 I/FFmpegExtractor( 1206): streamIndex: 1 ,stream_index 1
07-06 00:05:22.661 D/FFmpegExtractor( 1206): is_codec_supported codec_id is 86018
07-06 00:05:22.661 V/codec_utils( 1206): AAC
07-06 00:05:22.661 V/codec_utils( 1206): aac profile: 1, sf_index: 4, channel: 2
07-06 00:05:22.661 I/FFmpegExtractor( 1206): bit_rate: 55687, sample_rate: 44100, channels: 2, bits_per_coded_sample: 16, block_align:0
07-06 00:05:22.661 I/FFmpegExtractor( 1206): the time is 00:08:58.00
07-06 00:05:22.661 D/FFmpegExtractor( 1206): Reader thread started
07-06 00:05:22.661 D/FFmpegExtractor( 1206): supported mime: video/mp4
07-06 00:05:22.661 W/avc_utils( 1206): [3D detect]It is not SEI Nal
07-06 00:05:22.661 W/avc_utils( 1206): [3D detect]It is not SEI Nal
07-06 00:05:22.662 W/avc_utils( 1206): [3D detect]It is not SEI Nal
07-06 00:05:22.662 I/MyFragmentStateAdapter(20330): getCount
07-06 00:05:22.673 D/ADLog   ( 7859): DBManager => change downloadstatus result = 1
07-06 00:05:22.675 W/AdvertisementManager(17243): onReceive(): advertisement:ad_vm_av3 hasn't been registered
07-06 00:05:22.675 D/ADLog   ( 7859): ResourceDownloadManager => success to send broadcast!!!!!ad_vm_av3
07-06 00:05:22.684 I/MyFragmentStateAdapter(20330): getCount
07-06 00:05:22.704 D/NetworkManager(20330): [TID 20526] << request(http://www.163.com, 19564117): connect internet success, url=http://www.163.com
07-06 00:05:22.706 I/MyFragmentStateAdapter(20330): getCount
07-06 00:05:22.714 E/NetworkManager(20330): [TID 20527] << request(http://www.taobao.com, 19564117): connect internet failed, url=http://www.taobao.com
07-06 00:05:22.729 I/MyFragmentStateAdapter(20330): getCount
07-06 00:05:22.736 I/System.out(20330): <TVAPI> DEBUG(id=7, dynamicQ, response_time = 130ms): data = {"msg":"","code":"N000000","data":{"apiKey":"","authId":-1,"cnf":{},"flag":"","function":[{"playerConfig":"http://static.ptqy.gitv.tv/js/tv/app/getPlayerConfig.js"},{"appCard":"1"},{"msg_dialog_pos":"4"},{"disableHCDNPreDeploy":"false"},{"dailyInforCornerMark":"http://pic0.ptqy.gitv.tv/common/20170113/4ab9430bee234e2b8c8ae4583669b394.png,http://pic6.ptqy.gitv.tv/common/20170113/d45b2b6ae97a4847a73a245d63f5fe87.png"},{"isDisableAdCache":"0"},{"card_sort":"0"},{"alltag_position":"0"},{"enablePlayerLocalServer":"false"},{"ad_skip_frequency":"-1"},{"enablePlayerLocalServerF4v2Hls":"false"},{"enablePlayerLocalServerStream":"false"},{"disableHcdnDaemon":"false"},{"subChannelPlayerConfig":"http://static.ptqy.gitv.tv/js/tv/app/getSubChannelPlayerConfig.js"},{"childapp":"http://cdn.data.video.ptqy.gitv.tv/cdn/tv/20170630/apk/1_1259_4994_1498801304813.json"},{"chinapokerapp":"http://chessgame.ptqy.gitv.tv/game/info/apis/get_game_info.action?id=212202420"}],"hide":"","ichn":[],"ip":"","ipLoc":"","ipZh":"","is3D":1,"kv":[{"hcdn":"hCDN"},{"homepageHot":""},{"homepageNew":""},{"ruleCode":"http://static.ptqy.gitv.tv/js/tv/app/getPlayerConfig.js","playerConfig":""},{"isShowExitAppDialog":"apk"}],"loading":"","loginTunnel":0,"resIds":[],"support4k":1,"supporth265":1,"sysTime":1499268969,"tab":[],"tip":"","upgradeType":-1,"url":"","verCoupon":"","verMon":"0","verPkg":"","verTvod":"0","version":"","vip":1,"vipCoupon":0,"vipMon":1,"vipPkg":0,"vipTvod":1}}
07-06 00:05:22.736 D/PlayerSdk/GrayScaleSwitcherProvider(20330): [TID 20361] TVApi.dynamicQ: onSuccess
07-06 00:05:22.737 D/PlayerSdk/GrayScaleSwitcherProvider(20330): [TID 20361] TVApi.dynamicQ: data=com.qiyi.tvapi.tv2.model.DeviceCheck@1f6318c, isOpenHcdn=true, sRetryTimesBeforeStarted=3, sRetryTimesAfterStarted=3, isDisableP2PUpload=false, isOpenDrmRootCheck=false
07-06 00:05:22.738 D/PlayerSdk/PlayerSdkProject(20330): [TID 20361] << finishInitialize: consume 693 ms
07-06 00:05:22.738 D/PlayerSdk/PlayerSdkProject(20330): [TID 20361] isPackageNameCheckPassed=true, isDeviceCheckPass=true
07-06 00:05:22.738 D/PlayerSdk/PlayerFeatureProvider(20330): [TID 20361] notifySuccess(looper=Looper (main, tid 1) {3733f0d5}, listener=com.hisense.hicloud.edca.mediaplayer.video.qiyi.QiyiInitTool$1$1@1e88fcb6)
07-06 00:05:22.739 I/QiyiInitTool(20330): onSuccess
07-06 00:05:22.739 D/PlayerSdk/PlayerFeatureProvider(20330): [TID 20361] << loadPluginPlayerFeature: mSdkFeature=com.qiyi.video.plugin.j@576a715
07-06 00:05:22.747 I/NuCachedSource2( 1206): new range: offset= 218840569
07-06 00:05:22.747 I/NuCachedSource2( 1206): seekInternal_l ---- totalSize: 2097152
07-06 00:05:22.748 D/MediaHTTPConnection(20330): offset = 218840569, mCurrentOffset = 2097152
07-06 00:05:22.748 D/MediaHTTPConnection(20330): seekTo 218840569
07-06 00:05:22.748 D/MediaHTTPConnection(20330): teardownConnection
07-06 00:05:22.751 I/MyFragmentStateAdapter(20330): getCount
07-06 00:05:22.753 W/linker  (20330): libWasabiJni.so: unused DT entry: type 0x6ffffffe arg 0x5080
07-06 00:05:22.753 W/linker  (20330): libWasabiJni.so: unused DT entry: type 0x6fffffff arg 0x3
07-06 00:05:22.756 D/PlayerSdk/PlayerSdkLibProfile(20330): [TID 20541] isOpenDrmRootCheck=false
07-06 00:05:22.762 I/WASABI  (20330): WASABI version: BUILD DATE: 'Dec 30 2016', BUILD CONFIGURATION: 'Release', VERSION NAME: '1.19.0', VERSION NUMBER: 0x00011300, SHORT DESCRIPTION: 'Wasabi Runtime', LONG DESCRIPTION: '{"wasabi": "1.19.0", "wcscp": "2.22.0", "manufacturer": "intertrust", "os": "Android", "customerid": "c31122", "wcskb": "5.0.0"}', MS520K: 'enforced', VCS CHANGE: 12814
07-06 00:05:22.770 I/MyFragmentStateAdapter(20330): getCount
07-06 00:05:22.789 I/MyFragmentStateAdapter(20330): getCount
07-06 00:05:22.793 D/NetworkManager(20330): [TID 20525] << request(http://www.iqiyi.com, 19564116): connect internet success, url=http://www.iqiyi.com
07-06 00:05:22.807 I/MyFragmentStateAdapter(20330): getCount
07-06 00:05:22.826 I/MyFragmentStateAdapter(20330): getCount
07-06 00:05:22.842 I/MyFragmentStateAdapter(20330): getCount
07-06 00:05:22.855 D/MediaHTTPConnection(20330): close inputstream
07-06 00:05:22.856 D/MediaHTTPConnection(20330): hitting http://112.240.58.51/jhxvideo-ws.video-tx.com/rendition/201705/205989353451683841/205989353451684353/bb/243216185158536196/243216215223308548/r243216215223308548-3200k-1920x1080.mp4?wsSecret=d5dd48959ef495e33972f0e97b101519&wsTime=595d0e3f&wsiphost=local
07-06 00:05:22.862 I/MyFragmentStateAdapter(20330): getCount
07-06 00:05:22.870 I/MiSysSrv( 1214): [37m[INFO] Change to Voltage: 117 mv (0x32)[m
07-06 00:05:22.885 I/MyFragmentStateAdapter(20330): getCount
07-06 00:05:22.891 D/MediaHTTPConnection(20330): [Connection@775725290] response.heeader.null = HTTP/1.0 206 Partial Content
07-06 00:05:22.891 D/MediaHTTPConnection(20330): [Connection@775725290] response.heeader.Accept-Ranges = bytes
07-06 00:05:22.891 D/MediaHTTPConnection(20330): [Connection@775725290] response.heeader.Age = 372097
07-06 00:05:22.891 D/MediaHTTPConnection(20330): [Connection@775725290] response.heeader.Cache-Control = max-age=5184000
07-06 00:05:22.891 D/MediaHTTPConnection(20330): [Connection@775725290] response.heeader.Connection = keep-alive
07-06 00:05:22.891 D/MediaHTTPConnection(20330): [Connection@775725290] response.heeader.Content-Length = 128
07-06 00:05:22.891 D/MediaHTTPConnection(20330): [Connection@775725290] response.heeader.Content-MD5 = b0d2FgZ34VxS2J9TYuIjgA==
07-06 00:05:22.891 D/MediaHTTPConnection(20330): [Connection@775725290] response.heeader.Content-Range = bytes 218840569-218840696/218840697
07-06 00:05:22.891 D/MediaHTTPConnection(20330): [Connection@775725290] response.heeader.Content-Type = application/octet-stream
07-06 00:05:22.891 D/MediaHTTPConnection(20330): [Connection@775725290] response.heeader.Date = Sat, 01 Jul 2017 08:43:45 GMT
07-06 00:05:22.891 D/MediaHTTPConnection(20330): [Connection@775725290] response.heeader.ETag = "6F4776160677E15C52D89F5362E22380"
07-06 00:05:22.891 D/MediaHTTPConnection(20330): [Connection@775725290] response.heeader.Last-Modified = Mon, 08 May 2017 17:24:17 GMT
07-06 00:05:22.891 D/MediaHTTPConnection(20330): [Connection@775725290] response.heeader.Server = nginx/1.2.4
07-06 00:05:22.891 D/MediaHTTPConnection(20330): [Connection@775725290] response.heeader.Via = 1.1 chshx150:7 (Cdn Cache Server V2.0)[0 200 0], 1.1 sdbz31:0 (Cdn Cache Server V2.0)[35 200 0], 1.0 PSsdzbwt5go51:3 (Cdn Cache Server V2.0)[0 200 0]
07-06 00:05:22.891 D/MediaHTTPConnection(20330): [Connection@775725290] response.heeader.X-Android-Received-Millis = 1499270722891
07-06 00:05:22.891 D/MediaHTTPConnection(20330): [Connection@775725290] response.heeader.X-Android-Response-Source = NETWORK 206
07-06 00:05:22.891 D/MediaHTTPConnection(20330): [Connection@775725290] response.heeader.X-Android-Sent-Millis = 1499270722874
07-06 00:05:22.891 D/MediaHTTPConnection(20330): [Connection@775725290] response.heeader.x-oss-hash-crc64ecma = 10858506031335928878
07-06 00:05:22.891 D/MediaHTTPConnection(20330): [Connection@775725290] response.heeader.x-oss-object-type = Normal
07-06 00:05:22.891 D/MediaHTTPConnection(20330): [Connection@775725290] response.heeader.x-oss-request-id = 591D64783FEA2FF75DF4AA6E
07-06 00:05:22.891 D/MediaHTTPConnection(20330): [Connection@775725290] response.heeader.x-oss-server-time = 46
07-06 00:05:22.891 D/MediaHTTPConnection(20330): [Connection@775725290] response.heeader.x-oss-storage-class = Standard
07-06 00:05:22.892 I/NuCachedSource2( 1206): caching reached eos.
07-06 00:05:22.893 W/avc_utils( 1206): [3D detect]It is not SEI Nal
07-06 00:05:22.893 V/NuPlayer( 1206): Video input format 1920 x 1080
07-06 00:05:22.893 V/NuPlayer( 1206): updateVideoSize::rotationDegrees=0
07-06 00:05:22.893 W/avc_utils( 1206): [3D detect]It is not SEI Nal
07-06 00:05:22.893 E/NuPlayerDriver( 1206): notifyDuration (538083333)
07-06 00:05:22.893 W/avc_utils( 1206): [3D detect]It is not SEI Nal
07-06 00:05:22.906 I/NuCachedSource2( 1206): new range: offset= 2097152
07-06 00:05:22.906 I/NuCachedSource2( 1206): seekInternal_l ---- totalSize: 2097280
07-06 00:05:22.911 V/MediaPlayer-JNI(20330): getVideoWidth: 1920
07-06 00:05:22.911 V/MediaPlayer-JNI(20330): getVideoHeight: 1080
07-06 00:05:22.913 E/MediaPlayer(20330): Should have subtitle controller already set
07-06 00:05:22.913 V/MediaPlayer-JNI(20330): getVideoWidth: 1920
07-06 00:05:22.913 V/MediaPlayer-JNI(20330): getVideoHeight: 1080
07-06 00:05:22.917 I/NetflixMonitorService( 1733): current fgapk : com.hisense.hicloud.edca
07-06 00:05:22.917 I/NetflixMonitorService( 1733): Netflix status unchanged
07-06 00:05:22.919 I/Carousel-UrlVideoView(20330): onMeasure(MeasureSpec: EXACTLY 816, MeasureSpec: EXACTLY 460)
07-06 00:05:22.919 D/Carousel-UrlVideoView(20330): widthSpecMode=1073741824
07-06 00:05:22.919 D/Carousel-UrlVideoView(20330): heightSpecMode=1073741824
07-06 00:05:22.919 D/Carousel-UrlVideoView(20330): widthSpecSize=816
07-06 00:05:22.919 D/Carousel-UrlVideoView(20330): heightSpecSize=460
07-06 00:05:22.919 I/Carousel-UrlVideoView(20330): onMeasure(MeasureSpec: EXACTLY 816, MeasureSpec: EXACTLY 460)
07-06 00:05:22.919 D/Carousel-UrlVideoView(20330): widthSpecMode=1073741824
07-06 00:05:22.919 D/Carousel-UrlVideoView(20330): heightSpecMode=1073741824
07-06 00:05:22.919 D/Carousel-UrlVideoView(20330): widthSpecSize=816
07-06 00:05:22.919 D/Carousel-UrlVideoView(20330): heightSpecSize=460
07-06 00:05:22.919 I/SurfaceView(20330): Changes: creating=false format=false size=true visible=false left=false top=false
07-06 00:05:22.919 I/SurfaceView(20330): Cur surface: Surface(name=null)/@0x187150f8
07-06 00:05:22.924 D/Surface ( 1733): onStatusChange() : mNativeObject = 547819147776 mUseImageHwRender = false
07-06 00:05:22.924 V/Surface ( 1733): nativeSetHardwareRender() : status = 0
07-06 00:05:22.924 V/Surface ( 1733): nativeSetHardwareRender() : end
07-06 00:05:22.935 D/PowerManagerService( 1733): setScreenBrightnessOverrideFromWindowManagerInternal done
07-06 00:05:22.936 V/SurfaceView(20330): com.hisense.hitv.carouselwidgit.view.videoview.UrlVideoView{f89ef3f V.E..... ......I. 0,0-816,460} got resized: w=816 h=460, cur w=-1 h=-1
07-06 00:05:22.939 D/PowerManagerService( 1733): setScreenBrightnessOverrideFromWindowManagerInternal done
07-06 00:05:22.941 D/Surface ( 1733): onStatusChange() : mNativeObject = 0 mUseImageHwRender = false
07-06 00:05:22.941 D/Surface (20330): onStatusChange() : mNativeObject = -195823616 mUseImageHwRender = false
07-06 00:05:22.941 V/Surface (20330): nativeSetHardwareRender() : status = 0
07-06 00:05:22.941 V/Surface (20330): nativeSetHardwareRender() : end
07-06 00:05:22.941 I/SurfaceView(20330): New surface: Surface(name=null)/@0x6bb39d1, vis=true, frame=Rect(549, 205 - 1365, 665)
07-06 00:05:22.941 D/Surface (20330): onStatusChange() : mNativeObject = 0 mUseImageHwRender = false
07-06 00:05:22.941 D/Surface (20330): onStatusChange() : mNativeObject = -195823616 mUseImageHwRender = false
07-06 00:05:22.942 V/Surface (20330): nativeSetHardwareRender() : status = 0
07-06 00:05:22.942 V/Surface (20330): nativeSetHardwareRender() : end
07-06 00:05:22.942 I/SurfaceView(20330): surfaceChanged -- format=4 w=1920 h=1080
07-06 00:05:22.942 D/Carousel-UrlVideoView(20330): surfaceChanged
07-06 00:05:22.942 D/Carousel-UrlVideoView(20330): isValidState:true,hasValidSize:true
07-06 00:05:22.942 D/Carousel-UrlVideoView(20330): mVideoWidth:1920,mVideoHeight:1080,w:1920,h:1080
07-06 00:05:22.942 D/Carousel-UrlVideoView(20330): ===============>surfaceChanged start
07-06 00:05:22.946 V/MediaPlayer-JNI(20330): start
07-06 00:05:22.947 D/NuPlayerDriver( 1206): start(0xd7843160)
07-06 00:05:22.947 V/NuPlayer( 1206): kWhatStart
07-06 00:05:22.947 V/NuPlayer( 1206): [NuPlayerRequestResourcesAsync-3121]
07-06 00:05:22.947 V/RMClient( 1206): #498:requestResourceAsync
07-06 00:05:22.947 V/NuPlayer( 1206): [NuPlayerWaitResourcesAllocation-3143]
07-06 00:05:22.947 V/RMClient( 1206): #498:onMessageReceived creq
07-06 00:05:22.947 V/RMClient( 1206): #498:kWhatCmdResourceRequest
07-06 00:05:22.948 V/SurfaceView(20330): Layout: x=549 y=205 w=816 h=460, frame=Rect(0, 0 - 816, 460)
07-06 00:05:22.949 V/RMAllocator( 1198): handleRequest
07-06 00:05:22.949 V/RMClient( 1206): #497:~RMClient
07-06 00:05:22.949 V/RMAllocator( 1198): handleRequest new ClientInfo, client=2378240256 id=498
07-06 00:05:22.949 V/RMClient( 1206): #497:RMClient::returnAllResourcesAsync
07-06 00:05:22.950 I/RMAllocator( 1198): ClientInfo this=2378256992, mRMClient=2378240256. id=498
07-06 00:05:22.950 V/RMClient( 1206): #498:Done
07-06 00:05:22.950 V/RMAllocator( 1198): handleRequest new ClientInfo=2378256992, client=2378240256 id=498
07-06 00:05:22.950 I/NuPlayer( 1206): NuPlayerRMClientListener::~NuPlayerRMClientListener
07-06 00:05:22.950 V/RMClientListener( 1206): ~RMClientListener
07-06 00:05:22.950 D/TVEmuRMService_main( 1198): type =10 , pip=0 
07-06 00:05:22.950 D/TVEmuRMService_main( 1198): pip disable path 
07-06 00:05:22.950 D/TVEmuRMService_main( 1198): type =11 , pip=0 
07-06 00:05:22.950 D/TVEmuRMService_main( 1198): pip disable path 
07-06 00:05:22.950 D/TVEmuRMService_main( 1198): type =12 , pip=0 
07-06 00:05:22.950 D/TVEmuRMService_main( 1198): pip disable path 
07-06 00:05:22.950 D/TVEmuRMService_main( 1198): type =13 , pip=0 
07-06 00:05:22.950 D/TVEmuRMService_main( 1198): pip disable path 
07-06 00:05:22.950 V/RMAllocator( 1198): allocateResources
07-06 00:05:22.950 V/RMAllocator( 1198): allocateOneResource
07-06 00:05:22.950 V/RMAllocator( 1198): allocateOneResource
07-06 00:05:22.950 V/RMClient( 1206): #498:handleRequestDone
07-06 00:05:22.953 V/RMClient( 1206): #498:onMessageReceived ldon
07-06 00:05:22.953 V/RMClient( 1206): #498:kWhatRequestDone
07-06 00:05:22.953 I/NuPlayer( 1206): NuPlayerRMClientListener::handleRequestDone
07-06 00:05:22.953 V/NuPlayer( 1206): [handleRequestDone-3157]
07-06 00:05:22.953 V/RMClient( 1206): #498:Done
07-06 00:05:22.953 I/NuPlayer( 1206): Resource allocation ok
07-06 00:05:22.953 I/GenericSource( 1206): start
07-06 00:05:22.953 W/FFmpegExtractor( 1206): drop the packet with negative timestamp(pts:-1024)
07-06 00:05:22.960 I/MyFragmentStateAdapter(20330): getCount
07-06 00:05:22.962 V/AudioPolicyManager( 1206): isOffloadSupported: SR=44100, CM=0x3, Format=0x4000000, StreamType=3, BitRate=55687, duration=538007233 us, has_video=1
07-06 00:05:22.962 V/AudioPolicyManager( 1206): isOffloadSupported: has_video == true, returning false
07-06 00:05:22.962 V/NuPlayer( 1206): scanning sources haveAudio=0, haveVideo=0
07-06 00:05:22.963 I/NuPlayerDecoder( 1206): [onConfigure] Need Extra Frame is No
07-06 00:05:22.963 V/AudioPolicyManager( 1206): isOffloadSupported: SR=44100, CM=0x3, Format=0x4000000, StreamType=3, BitRate=55687, duration=538007233 us, has_video=1
07-06 00:05:22.963 V/AudioPolicyManager( 1206): isOffloadSupported: has_video == true, returning false
07-06 00:05:22.963 V/NuPlayer( 1206): [instantiateDecoder] wait video codec excuting!!!
07-06 00:05:22.964 I/MS_OMX_CORE( 1206): ComponentName : OMX.MS.AVC.Decoder, version -..
07-06 00:05:22.964 I/NuPlayerDecoder( 1206): [onConfigure] Need Extra Frame is No
07-06 00:05:22.965 V/SoftOMXPlugin( 1206): makeComponentInstance 'OMX.google.aac.decoder'
07-06 00:05:22.969 I/MiSysSrv( 1214): [37m[INFO] Change to Voltage: 117 mv (0x32)[m
07-06 00:05:22.971 V/SoftOMXPlugin( 1206): load component libstagefright_soft_aacdec.so for OMX.google.aac.decoder
07-06 00:05:22.973 E/OMXNodeInstance( 1206): setConfig(26d:MS.AVC.Decoder, ConfigAutoFramerateConversion(0x6f800001)) ERROR: NotImplemented(0x80001006)
07-06 00:05:22.973 I/ACodec  ( 1206): codec does not support requested auto-frc (err -2147483648)
07-06 00:05:22.974 E/OMXNodeInstance( 1206): getExtensionIndex(26d:MS.AVC.Decoder, OMX.google.android.index.storeMetaDataInBuffers) ERROR: BadParameter(0x80001005)
07-06 00:05:22.974 E/ACodec  ( 1206): [OMX.MS.AVC.Decoder] storeMetaDataInBuffers failed w/ err -2147483648
07-06 00:05:22.975 D/NuPlayer( 1206): rrrr audio decoder executing, canreset set true
07-06 00:05:22.976 D/NuPlayer( 1206): rrrr audio decoder executing, canreset set true
07-06 00:05:22.977 I/SoftAAC2( 1206): Reconfiguring decoder: 0->44100 Hz, 0->2 channels
07-06 00:05:22.977 D/MS_OMX_VDEC( 1206): Allocate pBuffer[0]: 0xba8fc000
07-06 00:05:22.977 D/MS_OMX_VDEC( 1206): Allocate pBuffer[0]: 0xb9c03000
07-06 00:05:22.977 D/MS_OMX_VDEC( 1206): Allocate pBuffer[0]: 0xd7403000
07-06 00:05:22.977 D/MS_OMX_VDEC( 1206): Allocate pBuffer[0]: 0xf1818000
07-06 00:05:22.977 D/MS_OMX_VDEC( 1206): Allocate pBuffer[0]: 0xd2c03000
07-06 00:05:22.978 E/OMXNodeInstance( 1206): setParameter(26d:MS.AVC.Decoder, ParamPortDefinition(0x2000001)) ERROR: BadParameter(0x80001005)
07-06 00:05:22.978 W/ACodec  ( 1206): [OMX.MS.AVC.Decoder] setting nBufferCountActual to 6 failed: -2147483648
07-06 00:05:22.978 E/OMXNodeInstance( 1206): setParameter(26d:MS.AVC.Decoder, ParamPortDefinition(0x2000001)) ERROR: BadParameter(0x80001005)
07-06 00:05:22.978 W/ACodec  ( 1206): [OMX.MS.AVC.Decoder] setting nBufferCountActual to 5 failed: -2147483648
07-06 00:05:22.979 D/gralloc ( 1204): allocate buffer from ION HEAP 0x1
07-06 00:05:22.979 D/gralloc ( 1204): allocate memory from system heap
07-06 00:05:22.981 D/gralloc ( 1204): allocate buffer from ION HEAP 0x1
07-06 00:05:22.981 D/gralloc ( 1204): allocate memory from system heap
07-06 00:05:22.982 D/Carousel-SimpleVideoView(20330): speedKB=1916
07-06 00:05:22.982 D/Carousel-SimpleVideoView(20330): msg.arg1=1
07-06 00:05:22.983 D/gralloc ( 1204): allocate buffer from ION HEAP 0x1
07-06 00:05:22.983 D/gralloc ( 1204): allocate memory from system heap
07-06 00:05:22.986 D/gralloc ( 1204): allocate buffer from ION HEAP 0x1
07-06 00:05:22.986 D/gralloc ( 1204): allocate memory from system heap
07-06 00:05:22.988 D/Surface ( 1733): onStatusChange() : mNativeObject = 547819104768 mUseImageHwRender = false
07-06 00:05:22.988 V/Surface ( 1733): nativeSetHardwareRender() : status = 0
07-06 00:05:22.988 V/Surface ( 1733): nativeSetHardwareRender() : end
07-06 00:05:22.990 D/PowerManagerService( 1733): acquireWakeLockInternal: lock=487931605, flags=0x2000000a, tag="WindowManager", ws=WorkSource{10010}, uid=1000, pid=1733
07-06 00:05:22.990 D/PowerManagerNotifier( 1733): onWakeLockAcquired: flags=536870922, tag="WindowManager", packageName=android, ownerUid=1000, ownerPid=1733, workSource=WorkSource{10010}
07-06 00:05:22.990 D/PowerManagerService( 1733): setScreenBrightnessOverrideFromWindowManagerInternal done
07-06 00:05:22.990 I/MSTAR_VDEC_API( 1206): Open Stream State: 11 0 0
07-06 00:05:22.990 I/apiMMAP ( 1206): get_info: E_MMAP_ID_VDEC_SUB_FRAMEBUFFER: not fount
07-06 00:05:22.990 W/MS_LOG  ( 1206): mmapInfo == NULL
07-06 00:05:22.990 I/MSTAR_VDEC_API( 1206): Open Stream Type: 0, pid=1206
07-06 00:05:22.991 I/MSTAR_VDEC_API( 1206): MApi_VDEC_EX_GetFreeStream bResult=1
07-06 00:05:22.991 I/MSTAR_VDEC_API( 1206): no stored streamIds
07-06 00:05:22.991 I/MSTAR_VDEC_API( 1206): no stored streamIds
07-06 00:05:22.991 I/MSTAR_VDEC_API( 1206): add StreamId: 0x4040
07-06 00:05:22.992 D/MSTAR_VDEC_API( 1206): pInitParam->SysConfig.u32CodeBufAddr = 80000000
07-06 00:05:22.992 D/MSTAR_VDEC_API( 1206): pInitParam->SysConfig.u32CodeBufSize = 2097152
07-06 00:05:22.992 D/MSTAR_VDEC_API( 1206): pInitParam->SysConfig.u32FrameBufAddr = 82c00000
07-06 00:05:22.992 D/MSTAR_VDEC_API( 1206): pInitParam->SysConfig.u32FrameBufSize = 167772160
07-06 00:05:22.992 D/MSTAR_VDEC_API( 1206): pInitParam->SysConfig.u32BitstreamBufAddr = 80200000
07-06 00:05:22.992 D/MSTAR_VDEC_API( 1206): pInitParam->SysConfig.u32BitstreamBufSize = 25165824
07-06 00:05:22.992 D/MSTAR_VDEC_API( 1206): pInitParam->SysConfig.u32DrvProcBufAddr = 80200000
07-06 00:05:22.992 D/MSTAR_VDEC_API( 1206): pInitParam->SysConfig.u32DrvProcBufSize = 524288
07-06 00:05:22.992 D/MSTAR_VDEC_API( 1206): FrameRate from demuxer: 0 0, 0 0
07-06 00:05:22.992 D/MSTAR_VDEC_API( 1206): pInitParam->VideoInfo.eTimeStampType = 0x3
07-06 00:05:22.993 D/Surface ( 1733): onStatusChange() : mNativeObject = 0 mUseImageHwRender = false
07-06 00:05:22.993 D/NuPlayer( 1206): rrrr audio decoder executing, canreset set true
07-06 00:05:22.996 D/        ( 1206): [VDEC][0] MApi_CMA_Pool_Init[0]: pool_handle_id=13, miu=1, offset=1c00000, length=c400000 , FrameBuffer=82c00000, unUseSize=1000000
07-06 00:05:22.999 I/MyFragmentStateAdapter(20330): getCount
07-06 00:05:23.003 D/MediaHTTPConnection(20330): connect: uri=http://jhxvideo-ws.video-tx.com/rendition/201705/205989353451683841/205989353451684353/bb/243216185158536196/243216215223308548/r243216215223308548-3200k-1920x1080.mp4?wsSecret=d5dd48959ef495e33972f0e97b101519&wsTime=595d0e3f, headers=User-Agent: stagefright/1.2 (Linux;Android 5.1.1)
07-06 00:05:23.003 D/MediaHTTPConnection(20330): teardownConnection
07-06 00:05:23.003 D/MediaHTTPConnection(20330): close inputstream
07-06 00:05:23.004 D/MediaHTTPConnection(20330): offset = 2097152, mCurrentOffset = -1
07-06 00:05:23.004 D/MediaHTTPConnection(20330): seekTo 2097152
07-06 00:05:23.005 D/MediaHTTPConnection(20330): hitting http://jhxvideo-ws.video-tx.com/rendition/201705/205989353451683841/205989353451684353/bb/243216185158536196/243216215223308548/r243216215223308548-3200k-1920x1080.mp4?wsSecret=d5dd48959ef495e33972f0e97b101519&wsTime=595d0e3f
07-06 00:05:23.025 I/TVMW@HsTvSetting( 1234): Trace cmd, data = 0x1058
07-06 00:05:23.025 D/til@system( 2026): til_get_system_param option:100002F int:0, bool:0, ret:0
07-06 00:05:23.025 I/TVMW@HsTvSetting( 1234): Trace cmd, data = 0x101f
07-06 00:05:23.025 D/til@system( 2026): til_get_system_param option:100001D int:3, bool:3, ret:0
07-06 00:05:23.025 E/til     ( 2026): [til_get_current_input_source, 101] 
07-06 00:05:23.025 I/TVMW@HsTvSetting( 1234): Trace cmd, data = 0x7007
07-06 00:05:23.025 I/tilwrapper@sm( 2026): HS2TIL_SourceType *hs=0xd, *til=0x900
07-06 00:05:23.025 D/til     ( 2026): get current source 2304
07-06 00:05:23.025 D/SourceRemoteServiceHandler( 2026): getCurrentInputSource.from.til.result is 0, value is 2304
07-06 00:05:23.026 D/SourceRemoteServiceHandler( 2026): getInputSourceType source: 0x900, type=2304
07-06 00:05:23.026 D/til     ( 2026): ###### func:til_get_picture_param option:0x3000006 ######  
07-06 00:05:23.033 I/TVMW@HsTvSetting( 1234): Trace cmd, data = 0x1003
07-06 00:05:23.034 I/TVMW@HsTvSetting( 1234): Trace cmd, data = 0x8032
07-06 00:05:23.035 I/hstvos  ( 1216): [0m[1;33m[HSHAL][HS_VIDEO][HS_HAL_Video_SetOsdDetect_v2][2389]u16Threshold = 20
07-06 00:05:23.035 I/MiSysSrv( 1214): Not support now! 42, change to mm_video!!!
07-06 00:05:23.036 E/TVMW@videoctrl( 1234):  getOsd is 1
07-06 00:05:23.036 D/til@system( 2026): til_get_system_param option:1000027 int:1, bool:1, ret:0
07-06 00:05:23.037 D/til     ( 2026): ###### func:til_get_picture_param option:0x3000045 ######  
07-06 00:05:23.037 I/TVMW@HsTvSetting( 1234): Trace cmd, data = 0x300c
07-06 00:05:23.037 I/TVMW@HsTvSetting( 1234): Trace 3d, data = 0x300c
07-06 00:05:23.037 I/TVMW@3d ( 1234): Hs_debug3d_trace: func:get3dStatus, line:109
07-06 00:05:23.047 D/        ( 1206): [VDEC][0] MApi_CMA_Pool_Init[1] Failed
07-06 00:05:23.048 D/        ( 1206): [VDEC][0][CMA]u32FrameBufSize is not 0
07-06 00:05:23.057 I/MyFragmentStateAdapter(20330): getCount
07-06 00:05:23.099 I/MyFragmentStateAdapter(20330): getCount
07-06 00:05:23.125 D/MediaHTTPConnection(20330): [Connection@131334107] response.heeader.null = HTTP/1.1 206 Partial Content
07-06 00:05:23.125 D/MediaHTTPConnection(20330): [Connection@131334107] response.heeader.Accept-Ranges = bytes
07-06 00:05:23.125 D/MediaHTTPConnection(20330): [Connection@131334107] response.heeader.Age = 372097
07-06 00:05:23.125 D/MediaHTTPConnection(20330): [Connection@131334107] response.heeader.Cache-Control = max-age=5184000
07-06 00:05:23.125 D/MediaHTTPConnection(20330): [Connection@131334107] response.heeader.Connection = keep-alive
07-06 00:05:23.125 D/MediaHTTPConnection(20330): [Connection@131334107] response.heeader.Content-Length = 216743545
07-06 00:05:23.125 D/MediaHTTPConnection(20330): [Connection@131334107] response.heeader.Content-MD5 = b0d2FgZ34VxS2J9TYuIjgA==
07-06 00:05:23.125 D/MediaHTTPConnection(20330): [Connection@131334107] response.heeader.Content-Range = bytes 2097152-218840696/218840697
07-06 00:05:23.125 D/MediaHTTPConnection(20330): [Connection@131334107] response.heeader.Content-Type = application/octet-stream
07-06 00:05:23.125 D/MediaHTTPConnection(20330): [Connection@131334107] response.heeader.Date = Sat, 01 Jul 2017 08:43:45 GMT
07-06 00:05:23.125 D/MediaHTTPConnection(20330): [Connection@131334107] response.heeader.ETag = "6F4776160677E15C52D89F5362E22380"
07-06 00:05:23.126 D/MediaHTTPConnection(20330): [Connection@131334107] response.heeader.Last-Modified = Mon, 08 May 2017 17:24:17 GMT
07-06 00:05:23.126 D/MediaHTTPConnection(20330): [Connection@131334107] response.heeader.Server = nginx/1.2.4
07-06 00:05:23.126 D/MediaHTTPConnection(20330): [Connection@131334107] response.heeader.Via = 1.1 chshx150:7 (Cdn Cache Server V2.0)[0 200 0], 1.1 sdbz31:0 (Cdn Cache Server V2.0)[35 200 0], 1.1 PSsdzbwt5go51:3 (Cdn Cache Server V2.0)[0 200 0]
07-06 00:05:23.126 D/MediaHTTPConnection(20330): [Connection@131334107] response.heeader.X-Android-Received-Millis = 1499270723125
07-06 00:05:23.126 D/MediaHTTPConnection(20330): [Connection@131334107] response.heeader.X-Android-Response-Source = NETWORK 206
07-06 00:05:23.126 D/MediaHTTPConnection(20330): [Connection@131334107] response.heeader.X-Android-Sent-Millis = 1499270723101
07-06 00:05:23.126 D/MediaHTTPConnection(20330): [Connection@131334107] response.heeader.x-oss-hash-crc64ecma = 10858506031335928878
07-06 00:05:23.126 D/MediaHTTPConnection(20330): [Connection@131334107] response.heeader.x-oss-object-type = Normal
07-06 00:05:23.126 D/MediaHTTPConnection(20330): [Connection@131334107] response.heeader.x-oss-request-id = 591D64783FEA2FF75DF4AA6E
07-06 00:05:23.126 D/MediaHTTPConnection(20330): [Connection@131334107] response.heeader.x-oss-server-time = 46
07-06 00:05:23.126 D/MediaHTTPConnection(20330): [Connection@131334107] response.heeader.x-oss-storage-class = Standard
07-06 00:05:23.143 I/MyFragmentStateAdapter(20330): getCount
07-06 00:05:23.175 I/NuCachedSource2( 1206): retrying a previously failed read succeeded.
07-06 00:05:23.189 I/RoleContentFragment(20330): onResourceReadycom.bumptech.glide.load.resource.bitmap.GlideBitmapDrawable@2b9ada78
07-06 00:05:23.271 I/MyFragmentStateAdapter(20330): getCount
07-06 00:05:23.286 D/MC_MEMORY( 8248): max: 256.261888 Mb, heap: 10.10782 Mb, allocated: 8.8887 Mb, free: 1.1896 Mb, native heap: 12.12276 Mb, native allocated: 8.8373 Mb, native free: 3.3903 Mb
07-06 00:05:23.332 I/MyFragmentStateAdapter(20330): getCount
07-06 00:05:23.369 I/MiSysSrv( 1214): [37m[INFO] Change to Voltage: 112 mv (0x2D)[m
07-06 00:05:23.378 I/TVMW@devctrl( 1234): wdt
07-06 00:05:23.382 I/MyFragmentStateAdapter(20330): getCount
07-06 00:05:23.395 D/PowerManagerService( 1733): acquireWakeLockInternal: lock=113832109, flags=0x1, tag="NetworkStats", ws=null, uid=1000, pid=1733
07-06 00:05:23.395 D/PowerManagerNotifier( 1733): onWakeLockAcquired: flags=1, tag="NetworkStats", packageName=android, ownerUid=1000, ownerPid=1733, workSource=null
07-06 00:05:23.395 D/NtpTrustedTime( 1733): currentTimeMillis() cache hit
07-06 00:05:23.401 D/NtpTrustedTime( 1733): currentTimeMillis() cache hit
07-06 00:05:23.403 D/NtpTrustedTime( 1733): currentTimeMillis() cache hit
07-06 00:05:23.403 D/NtpTrustedTime( 1733): currentTimeMillis() cache hit
07-06 00:05:23.403 D/PowerManagerService( 1733): releaseWakeLockInternal: lock=113832109 [NetworkStats], flags=0x0
07-06 00:05:23.404 D/PowerManagerNotifier( 1733): onWakeLockReleased: flags=1, tag="NetworkStats", packageName=android, ownerUid=1000, ownerPid=1733, workSource=null
07-06 00:05:23.430 I/MyFragmentStateAdapter(20330): getCount
07-06 00:05:23.482 I/MyFragmentStateAdapter(20330): getCount
07-06 00:05:23.497 D/Carousel-SimpleVideoView(20330): speedKB=1805
07-06 00:05:23.497 D/Carousel-SimpleVideoView(20330): msg.arg1=1
07-06 00:05:23.500 D/        ( 1206): [VDEC][0]MApi_CMA_Pool_GetMem0: alloc_param.pool_handle_id=13, alloc_param.flags=4, alloc_param.offset_in_pool=1000000, alloc_param.length=8200000
07-06 00:05:23.500 E/        ( 1206): [HVD][ERR]MDrv_HVD_EX_PreSetVdecFeature:
07-06 00:05:23.500 E/        ( 1206): MDrv_HVD_EX_PreSetVdecFeature 0x0
07-06 00:05:23.512 D/MSTAR_VDEC_API( 1206): Demuxer Frame Rate = 0 0
07-06 00:05:23.512 I/apiMMAP ( 1206): get_info: E_MMAP_ID_VDEC_FRAMEBUFFER_BALANCE_BW: not fount
07-06 00:05:23.512 W/MS_LOG  ( 1206): mmapInfo == NULL
07-06 00:05:23.513 D/NuPlayer( 1206): rrrr video decoder executing, canreset set true
07-06 00:05:23.513 D/NuPlayer( 1206): rrrr video decoder executing, canreset set true
07-06 00:05:23.518 D/MSTAR_VDEC_API( 1206): u32SHMAddr = 0x800cfa00, u8DataOnMIU = 0x1
07-06 00:05:23.518 D/MSTAR_VDEC_API( 1206): u8AspectRate = 0x1, u32AspectWidth = 1920, u32AspectHeight = 1080
07-06 00:05:23.518 D/MSTAR_VDEC_API( 1206): phyVsyncBridgeExtAddr = 0x800d0000, u8DataOnMIU = 0x1, W/H [1920/1088] CROP = [0 0 0 8]
07-06 00:05:23.518 D/MSTAR_VDEC_API( 1206): [0] Free Backup Config Data
07-06 00:05:23.538 I/TVMW@HsTvSetting( 1234): Trace cmd, data = 0x1058
07-06 00:05:23.541 D/til@system( 2026): til_get_system_param option:100002F int:0, bool:0, ret:0
07-06 00:05:23.541 I/TVMW@HsTvSetting( 1234): Trace cmd, data = 0x101f
07-06 00:05:23.549 D/til@system( 2026): til_get_system_param option:100001D int:3, bool:3, ret:0
07-06 00:05:23.549 E/til     ( 2026): [til_get_current_input_source, 101] 
07-06 00:05:23.551 I/TVMW@HsTvSetting( 1234): Trace cmd, data = 0x7007
07-06 00:05:23.552 I/tilwrapper@sm( 2026): HS2TIL_SourceType *hs=0xd, *til=0x900
07-06 00:05:23.552 D/til     ( 2026): get current source 2304
07-06 00:05:23.552 D/SourceRemoteServiceHandler( 2026): getCurrentInputSource.from.til.result is 0, value is 2304
07-06 00:05:23.552 D/SourceRemoteServiceHandler( 2026): getInputSourceType source: 0x900, type=2304
07-06 00:05:23.552 D/MSTAR_VDEC_DBG( 1206): Stream ID: 0, Rate : 0 (E:0,D:0,S:0,F:5) 
07-06 00:05:23.552 V/NuPlayer( 1206): [kWhatVideoNotify] nuplayerdecoder return kWhatVideoSizeChanged
07-06 00:05:23.554 V/NuPlayer( 1206): Video output format changed to 1920 x 1088 (crop: 1920 x 1080 @ (0, 0))
07-06 00:05:23.554 V/NuPlayer( 1206): updateVideoSize::rotationDegrees=0
07-06 00:05:23.554 V/NuPlayer( 1206): media rendering started
07-06 00:05:23.555 E/BufferQueueProducer( 1204): fromProcess: /system/bin/mediaserver
07-06 00:05:23.555 D/vsyncbridge( 1204): vsync_bridge_render_frame: [0]switch not on !
07-06 00:05:23.555 D/vsyncbridge( 1204): Display Path INIT BEGIN
07-06 00:05:23.558 D/QrRecognization( 2232): handleMessage msg=4
07-06 00:05:23.558 D/QrRecognization( 2232): handleMessage msg=1
07-06 00:05:23.558 D/QrRecognization( 2232): start update screenshot
07-06 00:05:23.558 D/QrRecognization( 2232): QR detection is not enabled in tile com.hisense.hicloud.edca
07-06 00:05:23.558 D/QrRecognization( 2232): error in getBitmap from screen
07-06 00:05:23.561 D/hwcomposer( 1204): Overlay[0], bInUsed = 1, bIsForceClose = 0
07-06 00:05:23.561 D/vsyncbridge( 1204): [0] handle_thread thread got msg 0x1, mState = 0
07-06 00:05:23.561 D/vsyncbridge( 1204): Overlay 0 state change from 0 to 1
07-06 00:05:23.561 D/vsyncbridge( 1204): Init Overlay 0
07-06 00:05:23.561 V/RMClient( 1204): #260:RMClient
07-06 00:05:23.561 V/RMClient( 1204): #259:~RMClient
07-06 00:05:23.561 V/RMClient( 1204): #259:RMClient::returnAllResourcesAsync
07-06 00:05:23.562 V/RMClientListener( 1204): ~RMClientListener
07-06 00:05:23.562 V/RMClient( 1204): #260:requestResourceAsync
07-06 00:05:23.562 D/vsyncbridge( 1204): Wrapper_connect IN.
07-06 00:05:23.564 V/RMClient( 1204): #260:onMessageReceived creq
07-06 00:05:23.564 V/RMClient( 1204): #260:kWhatCmdResourceRequest
07-06 00:05:23.564 D/til     ( 2026): ###### func:til_get_picture_param option:0x3000006 ######  
07-06 00:05:23.568 I/MiSysSrv( 1214): none MI_DBG_LVL_L in PROC_CMD_LINE!
07-06 00:05:23.568 I/MiSysSrv( 1214): none MI_DBG_LVL_H in PROC_CMD_LINE!
07-06 00:05:23.568 I/MiSysSrv( 1214): [1;32m[MI INFO]:_MI_HWCAPS_UpdateVideoCaps[574]: [HWCAPS]:Info: video caps has been updated!
07-06 00:05:23.569 I/MiSysSrv( 1214): [0m[37m[INFO] Change to Voltage: 117 mv (0x32)[m
07-06 00:05:23.571 I/TVMW@HsTvSetting( 1234): Trace cmd, data = 0x1003
07-06 00:05:23.572 I/TVMW@HsTvSetting( 1234): Trace cmd, data = 0x8032
07-06 00:05:23.573 I/hstvos  ( 1216): [0m[1;33m[HSHAL][HS_VIDEO][HS_HAL_Video_SetOsdDetect_v2][2389]u16Threshold = 20
07-06 00:05:23.573 I/MiSysSrv( 1214): Not support now! 42, change to mm_video!!!
07-06 00:05:23.574 E/TVMW@videoctrl( 1234):  getOsd is 1
07-06 00:05:23.575 E/MiDispoutService( 1465): MiDispoutGetHandle, 779, IMPL Handle = 1146028032 
07-06 00:05:23.575 I/MiSysSrv( 1214): ~~~~> _MI_ATOM_DISPOUT_GetDeviceObject(): [IN]u32DeviceType={0},[IN]u32DeviceId={0}
07-06 00:05:23.575 I/MiSysSrv( 1214): ~~~~> _MI_ATOM_DISPOUT_GetDeviceObject(): [IN]_astDispoutObj[0]={0, 0}
07-06 00:05:23.575 D/til@system( 2026): til_get_system_param option:1000027 int:1, bool:1, ret:0
07-06 00:05:23.575 I/MiVideoService( 1465): impl handle 0x86001b22 opened!
07-06 00:05:23.576 D/til     ( 2026): ###### func:til_get_picture_param option:0x3000045 ######  
07-06 00:05:23.576 I/TVMW@HsTvSetting( 1234): Trace cmd, data = 0x300c
07-06 00:05:23.576 I/TVMW@HsTvSetting( 1234): Trace 3d, data = 0x300c
07-06 00:05:23.576 I/TVMW@3d ( 1234): Hs_debug3d_trace: func:get3dStatus, line:109
07-06 00:05:23.577 I/MiSysSrv( 1214): [mapi_video_base@Line 1270] Initialize:1270 Video Init : Win Change[0->0], Source Change[42->34]
07-06 00:05:23.577 I/MiSysSrv( 1214): [Hal_SC_mux_dispatch][607]src_port=100, dest_port=1
07-06 00:05:23.580 V/RMAllocator( 1198): handleRequest
07-06 00:05:23.580 V/RMAllocator( 1198): handleRequest new ClientInfo, client=2382853632 id=260
07-06 00:05:23.580 I/RMAllocator( 1198): ClientInfo this=2378256800, mRMClient=2382853632. id=260
07-06 00:05:23.580 V/RMAllocator( 1198): handleRequest new ClientInfo=2378256800, client=2382853632 id=260
07-06 00:05:23.580 D/TVEmuRMService_main( 1198): type =14 , pip=0 
07-06 00:05:23.580 D/TVEmuRMService_main( 1198): pip disable path 
07-06 00:05:23.580 V/RMAllocator( 1198): allocateResources
07-06 00:05:23.580 V/RMAllocator( 1198): allocateOneResource
07-06 00:05:23.581 V/RMClient( 1204): #260:handleRequestDone
