07-05 23:22:58.332 D/PowerManagerService( 1733): setScreenBrightnessOverrideFromWindowManagerInternal done
07-05 23:22:58.334 D/PowerManagerService( 1733): setScreenBrightnessOverrideFromWindowManagerInternal done
07-05 23:22:58.341 D/PowerManagerService( 1733): setScreenBrightnessOverrideFromWindowManagerInternal done
07-05 23:22:58.685 I/NetflixMonitorService( 1733): current fgapk : com.hisense.hicloud.edca
07-05 23:22:58.685 I/NetflixMonitorService( 1733): Netflix status unchanged
07-05 23:22:58.760 D/PowerManagerService( 1733): setScreenBrightnessOverrideFromWindowManagerInternal done
07-05 23:22:58.763 D/PowerManagerService( 1733): setScreenBrightnessOverrideFromWindowManagerInternal done
07-05 23:22:58.784 D/PowerManagerService( 1733): setScreenBrightnessOverrideFromWindowManagerInternal done
07-05 23:22:58.819 D/PowerManagerService( 1733): acquireWakeLockInternal: lock=113832109, flags=0x1, tag="NetworkStats", ws=null, uid=1000, pid=1733
07-05 23:22:58.819 D/PowerManagerNotifier( 1733): onWakeLockAcquired: flags=1, tag="NetworkStats", packageName=android, ownerUid=1000, ownerPid=1733, workSource=null
07-05 23:22:58.837 D/PowerManagerService( 1733): releaseWakeLockInternal: lock=113832109 [NetworkStats], flags=0x0
07-05 23:22:58.837 D/PowerManagerNotifier( 1733): onWakeLockReleased: flags=1, tag="NetworkStats", packageName=android, ownerUid=1000, ownerPid=1733, workSource=null
07-05 23:22:59.417 W/ActivityManager( 1733): Activity destroy timeout for ActivityRecord{126d5022 u0 com.jamdeo.launcher/.app.BaseTileActivity t5373 f}
07-05 23:22:59.552 I/UsageStatsService( 1733): User[0] Flushing usage stats to disk
07-05 23:22:59.686 I/NetflixMonitorService( 1733): current fgapk : com.hisense.hicloud.edca
07-05 23:22:59.686 I/NetflixMonitorService( 1733): Netflix status unchanged
07-05 23:23:00.001 D/PowerManagerService( 1733): acquireWakeLockInternal: lock=1013057410, flags=0x40000001, tag="*alarm*", ws=WorkSource{1000}, uid=1000, pid=1733
07-05 23:23:00.001 D/PowerManagerNotifier( 1733): onWakeLockAcquired: flags=1073741825, tag="*alarm*", packageName=android, ownerUid=1000, ownerPid=1733, workSource=WorkSource{1000}
07-05 23:23:00.010 D/PowerManagerService( 1733): releaseWakeLockInternal: lock=1013057410 [*alarm*], flags=0x0
07-05 23:23:00.010 D/PowerManagerNotifier( 1733): onWakeLockReleased: flags=1073741825, tag="*alarm*", packageName=android, ownerUid=1000, ownerPid=1733, workSource=WorkSource{1000}
07-05 23:23:00.226 D/PowerManagerService( 1733): setScreenBrightnessOverrideFromWindowManagerInternal done
07-05 23:23:00.689 I/NetflixMonitorService( 1733): current fgapk : com.hisense.hicloud.edca
07-05 23:23:00.689 I/NetflixMonitorService( 1733): Netflix status unchanged
07-05 23:23:01.069 D/PowerManagerService( 1733): acquireWakeLockInternal: lock=113832109, flags=0x1, tag="NetworkStats", ws=null, uid=1000, pid=1733
07-05 23:23:01.069 D/PowerManagerNotifier( 1733): onWakeLockAcquired: flags=1, tag="NetworkStats", packageName=android, ownerUid=1000, ownerPid=1733, workSource=null
07-05 23:23:01.080 D/PowerManagerService( 1733): releaseWakeLockInternal: lock=113832109 [NetworkStats], flags=0x0
07-05 23:23:01.080 D/PowerManagerNotifier( 1733): onWakeLockReleased: flags=1, tag="NetworkStats", packageName=android, ownerUid=1000, ownerPid=1733, workSource=null
07-05 23:23:01.090 D/WifiService( 1733): New client listening to asynchronous messages
07-05 23:23:01.567 D/PowerManagerService( 1733): setScreenBrightnessOverrideFromWindowManagerInternal done
07-05 23:23:01.578 V/WindowManager( 1733): Adding window Window{11531f1f u0 SurfaceView} at 11 of 20 (before Window{33bba5d3 u0 com.hisense.hicloud.edca/com.hisense.tvui.newhome.HomeMainActivity})
07-05 23:23:01.585 D/PowerManagerService( 1733): setScreenBrightnessOverrideFromWindowManagerInternal done
07-05 23:23:01.595 D/PowerManagerService( 1733): setScreenBrightnessOverrideFromWindowManagerInternal done
07-05 23:23:01.597 D/PowerManagerService( 1733): setScreenBrightnessOverrideFromWindowManagerInternal done
07-05 23:23:01.614 D/PowerManagerService( 1733): setScreenBrightnessOverrideFromWindowManagerInternal done
07-05 23:23:01.620 D/PowerManagerService( 1733): setScreenBrightnessOverrideFromWindowManagerInternal done
07-05 23:23:01.689 I/NetflixMonitorService( 1733): current fgapk : com.hisense.hicloud.edca
07-05 23:23:01.690 I/NetflixMonitorService( 1733): Netflix status unchanged
07-05 23:23:02.115 D/PowerManagerService( 1733): acquireWakeLockInternal: lock=618259052, flags=0x1, tag="AudioMix", ws=null, uid=1013, pid=0
07-05 23:23:02.115 D/PowerManagerNotifier( 1733): onWakeLockAcquired: flags=1, tag="AudioMix", packageName=media, ownerUid=1013, ownerPid=0, workSource=null
07-05 23:23:02.116 D/PowerManagerService( 1733): acquireWakeLockInternal: lock=524976181, flags=0x1, tag="AudioMix", ws=null, uid=1013, pid=0
07-05 23:23:02.116 D/PowerManagerNotifier( 1733): onWakeLockAcquired: flags=1, tag="AudioMix", packageName=media, ownerUid=1013, ownerPid=0, workSource=null
07-05 23:23:02.116 D/PowerManagerService( 1733): updateWakeLockWorkSourceInternal: lock=618259052 [AudioMix], ws=null
07-05 23:23:02.117 D/PowerManagerService( 1733): updateWakeLockWorkSourceInternal: lock=524976181 [AudioMix], ws=null
07-05 23:23:02.576 D/PowerManagerService( 1733): releaseWakeLockInternal: lock=681732318 [ActivityManager-Launch], flags=0x0
07-05 23:23:02.577 D/PowerManagerNotifier( 1733): onWakeLockReleased: flags=1, tag="ActivityManager-Launch", packageName=android, ownerUid=1000, ownerPid=1733, workSource=null
07-05 23:23:02.625 D/PowerManagerService( 1733): setScreenBrightnessOverrideFromWindowManagerInternal done
07-05 23:23:02.697 I/NetflixMonitorService( 1733): current fgapk : com.hisense.hicloud.edca
07-05 23:23:02.697 I/NetflixMonitorService( 1733): Netflix status unchanged
07-05 23:23:02.953 D/PowerManagerService( 1733): acquireWakeLockInternal: lock=113832109, flags=0x1, tag="NetworkStats", ws=null, uid=1000, pid=1733
07-05 23:23:02.953 D/PowerManagerNotifier( 1733): onWakeLockAcquired: flags=1, tag="NetworkStats", packageName=android, ownerUid=1000, ownerPid=1733, workSource=null
07-05 23:23:02.959 D/PowerManagerService( 1733): releaseWakeLockInternal: lock=113832109 [NetworkStats], flags=0x0
07-05 23:23:02.959 D/PowerManagerNotifier( 1733): onWakeLockReleased: flags=1, tag="NetworkStats", packageName=android, ownerUid=1000, ownerPid=1733, workSource=null
07-05 23:23:03.124 D/PowerManagerService( 1733): setScreenBrightnessOverrideFromWindowManagerInternal done
07-05 23:23:03.126 D/PowerManagerService( 1733): setScreenBrightnessOverrideFromWindowManagerInternal done
07-05 23:23:03.150 D/PowerManagerService( 1733): acquireWakeLockInternal: lock=487931605, flags=0x2000000a, tag="WindowManager", ws=WorkSource{10010}, uid=1000, pid=1733
07-05 23:23:03.150 D/PowerManagerNotifier( 1733): onWakeLockAcquired: flags=536870922, tag="WindowManager", packageName=android, ownerUid=1000, ownerPid=1733, workSource=WorkSource{10010}
07-05 23:23:03.152 D/PowerManagerService( 1733): setScreenBrightnessOverrideFromWindowManagerInternal done
07-05 23:23:03.697 I/NetflixMonitorService( 1733): current fgapk : com.hisense.hicloud.edca
07-05 23:23:03.697 I/NetflixMonitorService( 1733): Netflix status unchanged
07-05 23:23:03.923 D/PowerManagerService( 1733): acquireWakeLockInternal: lock=113832109, flags=0x1, tag="NetworkStats", ws=null, uid=1000, pid=1733
07-05 23:23:03.923 D/PowerManagerNotifier( 1733): onWakeLockAcquired: flags=1, tag="NetworkStats", packageName=android, ownerUid=1000, ownerPid=1733, workSource=null
07-05 23:23:03.935 D/PowerManagerService( 1733): releaseWakeLockInternal: lock=113832109 [NetworkStats], flags=0x0
07-05 23:23:03.935 D/PowerManagerNotifier( 1733): onWakeLockReleased: flags=1, tag="NetworkStats", packageName=android, ownerUid=1000, ownerPid=1733, workSource=null
--------- beginning of main
07-05 23:23:04.398 D/TVMW@factoryData( 1234): Non source= 13,b4Kx2K = 0,b4Kx2KForWB = 1
07-05 23:23:04.399 D/TVMW@factoryData( 1234): Non 0 ,12 , 22, 45, 63(audio not diff 4K)
07-05 23:23:04.399 D/TVMW@Hsmwhal( 1234): +_+pic: ***sharpness:22[setSharpness:230]
07-05 23:23:04.399 D/TVMW@pqctrl( 1234): [setSharpness:203] ENTER OK
07-05 23:23:04.402 I/hstvos  ( 1216):  [0m[1;36m[HSHAL][HS_PQ][HS_HAL_PQ_SetSharpness][413] Entry.time[17025970] OK
07-05 23:23:04.402 I/hstvos  ( 1216): [0m[1;32m[HSHAL][HS_PQ][HS_HAL_PQ_SetSharpness][414]u32Sharpness 22 
07-05 23:23:04.403 E/TVMW@videoctrl( 1234):  getOsd is 1
07-05 23:23:04.403 D/til@system( 2026): til_get_system_param option:1000027 int:1, bool:1, ret:0
07-05 23:23:04.403 D/til     ( 2026): ###### func:til_get_picture_param option:0x3000045 ######  
07-05 23:23:04.403 I/TVMW@HsTvSetting( 1234): Trace cmd, data = 0x300c
07-05 23:23:04.403 I/TVMW@HsTvSetting( 1234): Trace 3d, data = 0x300c
07-05 23:23:04.403 I/TVMW@3d ( 1234): Hs_debug3d_trace: func:get3dStatus, line:109
07-05 23:23:04.422 I/TVMW@HsSourceManager( 1234): resourceMediaInfoFunction nrData=2
07-05 23:23:04.422 I/TVMW@HsSourceManager( 1234): resourceMediaInfoFunction sharpness=50
07-05 23:23:04.422 I/TVMW@HsSourceManager( 1234): >>>>resourceMediaInfoFunction
07-05 23:23:04.422 I/hstvos  ( 1216):  [0m[1;36m[HSHAL][HS_PQ][HS_HAL_PQ_SetSharpness][419] Exit OK[17025994] OK
07-05 23:23:04.423 W/        ( 1204): no callback function match handle 0x36a0700,
07-05 23:23:04.423 E/MiDisplay( 1204): ERROR pstCallbackParams.
07-05 23:23:04.447 D/MC_MEMORY(16055): max: 256.261888 Mb, heap: 10.10779 Mb, allocated: 8.8892 Mb, free: 1.1887 Mb, native heap: 12.12276 Mb, native allocated: 8.8373 Mb, native free: 3.3903 Mb
07-05 23:23:04.470 I/MiSysSrv( 1214): [mapi_video_base@Line 1135] [u32PqDelayTime=126,u32UsedTime=126,u16VideoUnMuteTime=0,u32RealyDelayTime=0]
07-05 23:23:04.470 I/MiSysSrv( 1214): [leon.luo]EnableVideoMute = 0,enColor = 5
07-05 23:23:04.488 D/vsyncbridge( 1204): [0] handle_thread thread got msg 0x1, mState = 2
07-05 23:23:04.488 D/vsyncbridge( 1204): Overlay 0 state change from 2 to 3
07-05 23:23:04.488 D/vsyncbridge( 1204): VSYNC_BRIDGE_INIT clear dispQ
07-05 23:23:04.488 D/vsyncbridge( 1204): panelWidth = 3840, panelHeight = 2160, [3840 2160 600]
07-05 23:23:04.488 D/vsyncbridge( 1204): Display Path INIT END: 1
07-05 23:23:04.489 I/NuPlayerDecoder( 1206):  VSInitOver is true!!!
07-05 23:23:04.489 D/NuPlayer( 1206): video rendering start
07-05 23:23:04.490 W/MediaPlayer(28511): info/warning (3, 0)
07-05 23:23:04.491 V/AudioPolicyManager( 1206): DeviceVector::getDevice() for type 00008000 address 0 found 0x0
07-05 23:23:04.492 V/AudioPolicyManager( 1206): getOutput() device 2, stream 3, samplingRate 0, format 0, channelMask 3, flags 0
07-05 23:23:04.492 V/AudioPolicyManager( 1206): getOutput() returns output 2
07-05 23:23:04.492 V/AudioPolicyManager( 1206): DeviceVector::getDevice() for type 00008000 address 0 found 0x0
07-05 23:23:04.492 V/AudioPolicyManager( 1206): getOutput() device 2, stream 3, samplingRate 0, format 0, channelMask 3, flags 0
07-05 23:23:04.492 V/AudioPolicyManager( 1206): getOutput() returns output 2
07-05 23:23:04.492 V/AudioPolicyManager( 1206): getOutputForAttr() usage=1, content=2, tag= flags=00000000
07-05 23:23:04.492 V/AudioPolicyManager( 1206): DeviceVector::getDevice() for type 00008000 address 0 found 0x0
07-05 23:23:04.492 V/AudioPolicyManager( 1206): getOutputForAttr() device 0x2, samplingRate 44100, format 1, channelMask 3, flags 0
07-05 23:23:04.492 V/AudioPolicyManager( 1206): getOutput() returns output 2
07-05 23:23:04.492 V/AudioFlinger( 1206): createTrack() lSessionId: 657
07-05 23:23:04.492 V/AudioFlinger( 1206): acquiring 657 from 1206, for 28511
07-05 23:23:04.492 V/AudioFlinger( 1206):  incremented refcount to 2
07-05 23:23:04.492 V/AudioPolicyManager( 1206): startOutput() output 2, stream 3, session 657
07-05 23:23:04.492 V/AudioPolicyManager( 1206): setBeaconMute(1) mBeaconMuteRefCount=1 mBeaconPlayingRefCount=0
07-05 23:23:04.492 V/AudioPolicyManager( 1206): changeRefCount() stream 3, count 1
07-05 23:23:04.492 V/AudioPolicyManager( 1206): DeviceVector::getDevice() for type 00008000 address 0 found 0x0
07-05 23:23:04.492 V/AudioPolicyManager( 1206): getNewOutputDevice() selected device 2
07-05 23:23:04.493 V/AudioPolicyManager( 1206): setStreamVolumeIndex() stream 12, device 0002, index 15
07-05 23:23:04.493 V/AudioPolicyManager( 1206): setOutputDevice() output 2 device 0002 delayMs 0
07-05 23:23:04.493 V/AudioPolicyManager( 1206): setOutputDevice() prevDevice 0002
07-05 23:23:04.493 V/AudioPolicyManager( 1206): DeviceVector::getDevice() for type 00008000 address 0 found 0x0
07-05 23:23:04.493 V/AudioPolicyManager( 1206): DeviceVector::getDevice() for type 00008000 address 0 found 0x0
07-05 23:23:04.493 V/AudioPolicyManager( 1206): DeviceVector::getDevice() for type 00008000 address 0 found 0x0
07-05 23:23:04.493 V/AudioPolicyManager( 1206): DeviceVector::getDevice() for type 00008000 address 0 found 0x0
07-05 23:23:04.493 V/AudioPolicyManager( 1206): DeviceVector::getDevice() for type 00008000 address 0 found 0x0
07-05 23:23:04.493 V/AudioPolicyManager( 1206): DeviceVector::getDevice() for type 00008000 address 0 found 0x0
07-05 23:23:04.493 V/AudioPolicyManager( 1206): DeviceVector::getDevice() for type 00008000 address 0 found 0x0
07-05 23:23:04.493 V/AudioPolicyManager( 1206): setOutputDevice() changing device
07-05 23:23:04.493 V/AudioPolicyManager( 1206): DeviceVector::refreshTypes() mDeviceTypes 00000002
07-05 23:23:04.493 V/AudioPolicyManager( 1206): DeviceVector::getDevicesFromType() for type 2 found 0xf407cf00
07-05 23:23:04.494 E/audio_hw_primary( 1206): out_set_parameters: routing=2
07-05 23:23:04.494 V/AudioPolicyManager( 1206): setOutputDevice() createAudioPatch returned 0 patchHandle 658num_sources 1 num_sinks 1
07-05 23:23:04.494 V/AudioPolicyManager( 1206): checkAndSetVolume() cannot set stream 6 volume with force use = 0 for comm
07-05 23:23:04.494 V/AudioPolicyManager( 1206): DeviceVector::getDevice() for type 00008000 address 0 found 0x0
07-05 23:23:04.494 V/AudioPolicyManager( 1206): DeviceVector::getDevice() for type 00008000 address 0 found 0x0
07-05 23:23:04.494 V/AudioPolicyManager( 1206): DeviceVector::getDevice() for type 00008000 address 0 found 0x0
07-05 23:23:04.494 V/AudioPolicyManager( 1206): DeviceVector::getDevice() for type 00008000 address 0 found 0x0
07-05 23:23:04.494 V/AudioPolicyManager( 1206): DeviceVector::getDevice() for type 00008000 address 0 found 0x0
07-05 23:23:04.494 V/AudioPolicyManager( 1206): DeviceVector::getDevice() for type 00008000 address 0 found 0x0
07-05 23:23:04.494 V/AudioPolicyManager( 1206): DeviceVector::getDevice() for type 00008000 address 0 found 0x0
07-05 23:23:04.494 V/AudioPolicyManager( 1206): DeviceVector::getDevice() for type 00008000 address 0 found 0x0
07-05 23:23:04.494 W/NuPlayerRenderer( 1206): numFramesAvailableToWrite(7526), mAudioSink frameCount(7526), mAudioQueue size(1), numFramesPlayed(0), mNumFramesWritten(0)
07-05 23:23:04.494 D/NuPlayerRenderer( 1206): mAudioFirstAnchorTimeMediaUs from -1 change to 23219,mLastRenderAudioTimeUs -1,pendingDurationUs 0
07-05 23:23:04.503 D/vsyncbridge( 1204): [update_ds_table,  594] DispW:1632 DispH:920 
07-05 23:23:04.503 D/vsyncbridge( 1204): [update_ds_table,  598] Cap.x:1105 Cap.y:30 CapW:1920 CapH:1080 
07-05 23:23:04.503 D/vsyncbridge( 1204): [update_ds_table,  599] enInputSourceType:34 
07-05 23:23:04.503 D/vsyncbridge( 1204): [update_ds_table,  601] u16InputVTotal:2205  u16InputVFreq:240 
07-05 23:23:04.503 D/vsyncbridge( 1204): [update_ds_table,  603] bInterlace:0  u16DefaultHtotal:0 
07-05 23:23:04.503 D/vsyncbridge( 1204): [update_ds_table,  606] bPreHCusScaling:1  bPreVCusScaling:1 
07-05 23:23:04.503 D/vsyncbridge( 1204): [update_ds_table,  608] u16PreHCusScalingSrc:1920  u16PreHCusScalingDst:1920 
07-05 23:23:04.503 D/vsyncbridge( 1204): [update_ds_table,  610] u16PreVCusScalingSrc:1080  u16PreVCusScalingSrc:1080 
07-05 23:23:04.503 D/vsyncbridge( 1204): [update_ds_table,  613] bHCusScaling:0  bVCusScaling:0 
07-05 23:23:04.503 D/vsyncbridge( 1204): [update_ds_table,  615] u16HCusScalingSrc:1920  u16HCusScalingDst:1632 
07-05 23:23:04.503 D/vsyncbridge( 1204): [update_ds_table,  617] u16VCusScalingSrc:1084  u16VCusScalingDst:920 
07-05 23:23:04.503 D/vsyncbridge( 1204): vsync_bridge_CalAspectRatio type = 0
07-05 23:23:04.503 D/vsyncbridge( 1204): panel [3840 2160] osd [1920 1080] ratio [2.000000 2.000000]
07-05 23:23:04.503 D/vsyncbridge( 1204): apply ratio, x=1098, y=410, width=1632, height=920
07-05 23:23:04.503 D/vsyncbridge( 1204): disp_old[1098 410 2730 1330], disp_new[1098 410 2730 1330], crop[0 0 1920 1080]
07-05 23:23:04.503 D/vsyncbridge( 1204): [update_ds_table,  798] SW DS !!! 
07-05 23:23:04.503 D/vsyncbridge( 1204): [update_ds_table,  800] stXC_SetWin_Info.stCapWin.width1920  stXC_SetWin_Info.stCapWin.height:1080
07-05 23:23:04.503 D/vsyncbridge( 1204): [update_ds_table,  802] stXC_SetWin_Info.stCropWin.width1920  stXC_SetWin_Info.stCropWin.height:1080
07-05 23:23:04.503 D/vsyncbridge( 1204): [update_ds_table,  803] MApi_XC_GetDynamicScalingStatus():1 
07-05 23:23:04.504 D/        ( 1204): Alert: cannot get frameCount from IOCTL, eWindow=0! Fall back to original frame mode
07-05 23:23:04.504 D/        ( 1204): MVOP is 1P mode
07-05 23:23:04.504 D/        ( 1204): [_MDrv_SC_check_2p_mode][9405]u16Width=3840,u16Height=2160,u32Vfreqx10=240
07-05 23:23:04.505 D/PowerManagerService( 1733): updateWakeLockWorkSourceInternal: lock=524976181 [AudioMix], ws=WorkSource{10010}
07-05 23:23:04.505 D/PowerManagerNotifier( 1733): onWakeLockReleased: flags=1, tag="AudioMix", packageName=media, ownerUid=1013, ownerPid=0, workSource=null
07-05 23:23:04.505 D/PowerManagerNotifier( 1733): onWakeLockAcquired: flags=1, tag="AudioMix", packageName=media, ownerUid=1013, ownerPid=0, workSource=WorkSource{10010}
07-05 23:23:04.507 I/HLSP2P  ( 3457): ## 2017-07-05 23:23:04.507 [3457,3628,:0] INFO ## [HLSP2P][PunchHelper.cpp:286][INFO][SendHeartBeatMsg][PunchHelper] send heartbeat to punch server(111.161.53.222:8002) ok
07-05 23:23:04.511 I/MyFragmentStateAdapter(28511): getCount
07-05 23:23:04.516 D/vsyncbridge( 1204): Overlay[0] wait_disp_show W 1, R 1, Cur 255, wait time = 21ms
07-05 23:23:04.529 I/HLSP2P  ( 3457): ## 2017-07-05 23:23:04.524 [3457,3630,:0] INFO ## [HLSP2P][PunchHelper.cpp:431][INFO][OnHeartbeatRsp][PunchHelper] punch heartbeat rsp ok
07-05 23:23:04.557 D/Carousel-SimpleVideoView(28511): what=3, extra=0
07-05 23:23:04.562 D/Carousel-log_video-(28511): onFirstFrame!
07-05 23:23:04.566 D/ReminderManager(15961): Checking reminders in 60000 ms
07-05 23:23:04.566 D/MSTAR_VDEC_DBG( 1206): Stream ID: 0, Rate : 4 (E:0,D:0,S:0,F:22) 
07-05 23:23:04.569 D/Carousel-log_video-(28511): handleFirstFramePlayLog isReplayState:false,mLogPlayState:1
07-05 23:23:04.569 D/Carousel-log_video-(28511): ==first frame log,duration:2444
07-05 23:23:04.573 D/Carousel-log_(28511): ===(Main-Video-278003)-{srccolumnid=3, eventType=278, srcgroupid=10001, appversionname=2.0.0.6, srctabid=0, duration=2444, license=hisense, eventcode=278003, deviceid=86100300900000500000060a4818fca8, mediaid=351, eventPos=003, sessionid=e5e333f1c4e449c7bbf308f8c4eb867f, srcpackagename=com.hisense.hicloud.edca, subscriberid=13287129, playactionuuid=33e994bb-8b56-4f51-be35-2f6398f552b7, version=2.1, devicemsg=LED50MU8600UC0000888, isall=0, customerid=7195320, srcrowid=0, srceventcode=280000}
07-05 23:23:04.626 I/MyFragmentStateAdapter(28511): getCount
07-05 23:23:04.636 W/System.err(28511): java.net.ConnectException: failed to connect to /10.18.210.112 (port 8900) after 6000ms: isConnected failed: ECONNREFUSED (Connection refused)
07-05 23:23:04.644 W/System.err(28511): 	at libcore.io.IoBridge.isConnected(IoBridge.java:238)
07-05 23:23:04.644 W/System.err(28511): 	at libcore.io.IoBridge.connectErrno(IoBridge.java:171)
07-05 23:23:04.644 W/System.err(28511): 	at libcore.io.IoBridge.connect(IoBridge.java:122)
07-05 23:23:04.644 W/System.err(28511): 	at java.net.PlainSocketImpl.connect(PlainSocketImpl.java:183)
07-05 23:23:04.644 W/System.err(28511): 	at java.net.PlainSocketImpl.connect(PlainSocketImpl.java:456)
07-05 23:23:04.644 W/System.err(28511): 	at java.net.Socket.connect(Socket.java:882)
07-05 23:23:04.644 W/System.err(28511): 	at com.android.okhttp.internal.Platform.connectSocket(Platform.java:174)
07-05 23:23:04.644 W/System.err(28511): 	at com.android.okhttp.Connection.connect(Connection.java:152)
07-05 23:23:04.644 W/System.err(28511): 	at com.android.okhttp.internal.http.HttpEngine.connect(HttpEngine.java:276)
07-05 23:23:04.644 W/System.err(28511): 	at com.android.okhttp.internal.http.HttpEngine.sendRequest(HttpEngine.java:211)
07-05 23:23:04.644 W/System.err(28511): 	at com.android.okhttp.internal.http.HttpURLConnectionImpl.execute(HttpURLConnectionImpl.java:382)
07-05 23:23:04.645 W/System.err(28511): 	at com.android.okhttp.internal.http.HttpURLConnectionImpl.connect(HttpURLConnectionImpl.java:106)
07-05 23:23:04.645 W/System.err(28511): 	at com.hisense.hitv.hicloud.util.ExceptionReport.a(ExceptionReport.java:337)
07-05 23:23:04.645 W/System.err(28511): 	at com.hisense.hitv.hicloud.util.ExceptionReport.a(ExceptionReport.java:39)
07-05 23:23:04.645 W/System.err(28511): 	at com.hisense.hitv.hicloud.util.ExceptionReport$1.run(ExceptionReport.java:83)
07-05 23:23:04.645 W/System.err(28511): 	at java.lang.Thread.run(Thread.java:818)
07-05 23:23:04.645 W/System.err(28511): Caused by: android.system.ErrnoException: isConnected failed: ECONNREFUSED (Connection refused)
07-05 23:23:04.645 W/System.err(28511): 	at libcore.io.IoBridge.isConnected(IoBridge.java:223)
07-05 23:23:04.645 W/System.err(28511): 	... 15 more
07-05 23:23:04.698 I/NetflixMonitorService( 1733): current fgapk : com.hisense.hicloud.edca
07-05 23:23:04.698 I/NetflixMonitorService( 1733): Netflix status unchanged
07-05 23:23:04.716 I/MyFragmentStateAdapter(28511): getCount
07-05 23:23:04.765 I/MyFragmentStateAdapter(28511): getCount
07-05 23:23:04.774 D/PowerManagerService( 1733): acquireWakeLockInternal: lock=113832109, flags=0x1, tag="NetworkStats", ws=null, uid=1000, pid=1733
07-05 23:23:04.774 D/PowerManagerNotifier( 1733): onWakeLockAcquired: flags=1, tag="NetworkStats", packageName=android, ownerUid=1000, ownerPid=1733, workSource=null
07-05 23:23:04.774 D/NtpTrustedTime( 1733): currentTimeMillis() cache hit
07-05 23:23:04.795 D/NtpTrustedTime( 1733): currentTimeMillis() cache hit
07-05 23:23:04.800 I/HLSP2P  (16224): ## 2017-07-05 23:23:04.779 [16224,16378,:0] INFO ## [HLSP2P][TaskManager.cpp:838][INFO][UpdateGlobalInfo]totalDataSize: 0, totalMemorySize: 0, totalCacheSize: 0, PlayTaskAllFinish: 0
07-05 23:23:04.806 D/NtpTrustedTime( 1733): currentTimeMillis() cache hit
07-05 23:23:04.806 D/NtpTrustedTime( 1733): currentTimeMillis() cache hit
07-05 23:23:04.806 D/PowerManagerService( 1733): releaseWakeLockInternal: lock=113832109 [NetworkStats], flags=0x0
07-05 23:23:04.806 D/PowerManagerNotifier( 1733): onWakeLockReleased: flags=1, tag="NetworkStats", packageName=android, ownerUid=1000, ownerPid=1733, workSource=null
07-05 23:23:04.810 I/HLSP2P  (16224): ## 2017-07-05 23:23:04.809 [16224,16378,:0] INFO ## [HLSP2P][TaskManager.cpp:1348][INFO][TryAdjustMemorySize]system memory total size: 1912M, free size: 335MB, cache add to 100MB, AppState: 14, IsLowMemory: 0
07-05 23:23:04.845 I/MyFragmentStateAdapter(28511): getCount
07-05 23:23:04.904 I/TVMW@HsTvSetting( 1234): Trace cmd, data = 0x1058
07-05 23:23:04.905 D/til@system( 2026): til_get_system_param option:100002F int:0, bool:0, ret:0
07-05 23:23:04.905 I/TVMW@HsTvSetting( 1234): Trace cmd, data = 0x101f
07-05 23:23:04.906 D/til@system( 2026): til_get_system_param option:100001D int:3, bool:3, ret:0
07-05 23:23:04.906 E/til     ( 2026): [til_get_current_input_source, 101] 
07-05 23:23:04.906 I/TVMW@HsTvSetting( 1234): Trace cmd, data = 0x7007
07-05 23:23:04.907 I/tilwrapper@sm( 2026): HS2TIL_SourceType *hs=0xd, *til=0x900
07-05 23:23:04.907 D/til     ( 2026): get current source 2304
07-05 23:23:04.907 D/SourceRemoteServiceHandler( 2026): getCurrentInputSource.from.til.result is 0, value is 2304
07-05 23:23:04.907 D/SourceRemoteServiceHandler( 2026): getInputSourceType source: 0x900, type=2304
07-05 23:23:04.907 D/til     ( 2026): ###### func:til_get_picture_param option:0x3000006 ######  
07-05 23:23:04.907 I/TVMW@HsTvSetting( 1234): Trace cmd, data = 0x1003
07-05 23:23:04.908 I/TVMW@HsTvSetting( 1234): Trace cmd, data = 0x8032
07-05 23:23:04.909 I/hstvos  ( 1216): [0m[1;33m[HSHAL][HS_VIDEO][HS_HAL_Video_SetOsdDetect_v2][2389]u16Threshold = 20
07-05 23:23:04.909 E/TVMW@videoctrl( 1234):  getOsd is 1
07-05 23:23:04.910 D/til@system( 2026): til_get_system_param option:1000027 int:1, bool:1, ret:0
07-05 23:23:04.910 D/til     ( 2026): ###### func:til_get_picture_param option:0x3000045 ######  
07-05 23:23:04.912 I/TVMW@HsTvSetting( 1234): Trace cmd, data = 0x300c
07-05 23:23:04.912 I/TVMW@HsTvSetting( 1234): Trace 3d, data = 0x300c
07-05 23:23:04.912 I/TVMW@3d ( 1234): Hs_debug3d_trace: func:get3dStatus, line:109
07-05 23:23:04.965 I/TVMW@devctrl( 1234): wdt
07-05 23:23:05.019 I/MyFragmentStateAdapter(28511): getCount
07-05 23:23:05.074 D/DtvSourcePlugin-DVBC(15961): Setting the EPG Updater state to: WAIT
07-05 23:23:05.118 I/MyFragmentStateAdapter(28511): getCount
07-05 23:23:05.123 D/PowerManagerService( 1733): releaseWakeLockInternal: lock=618259052 [AudioMix], flags=0x0
07-05 23:23:05.123 D/PowerManagerNotifier( 1733): onWakeLockReleased: flags=1, tag="AudioMix", packageName=media, ownerUid=1013, ownerPid=0, workSource=null
07-05 23:23:05.196 I/MyFragmentStateAdapter(28511): getCount
07-05 23:23:05.265 I/MyFragmentStateAdapter(28511): getCount
07-05 23:23:05.341 I/MyFragmentStateAdapter(28511): getCount
07-05 23:23:05.417 I/MyFragmentStateAdapter(28511): getCount
07-05 23:23:05.437 I/TVMW@HsTvSetting( 1234): Trace cmd, data = 0x1058
07-05 23:23:05.437 D/til@system( 2026): til_get_system_param option:100002F int:0, bool:0, ret:0
07-05 23:23:05.437 I/TVMW@HsTvSetting( 1234): Trace cmd, data = 0x101f
07-05 23:23:05.437 D/til@system( 2026): til_get_system_param option:100001D int:3, bool:3, ret:0
07-05 23:23:05.438 E/til     ( 2026): [til_get_current_input_source, 101] 
07-05 23:23:05.438 I/TVMW@HsTvSetting( 1234): Trace cmd, data = 0x7007
07-05 23:23:05.438 I/tilwrapper@sm( 2026): HS2TIL_SourceType *hs=0xd, *til=0x900
07-05 23:23:05.438 D/til     ( 2026): get current source 2304
07-05 23:23:05.438 D/SourceRemoteServiceHandler( 2026): getCurrentInputSource.from.til.result is 0, value is 2304
07-05 23:23:05.438 D/SourceRemoteServiceHandler( 2026): getInputSourceType source: 0x900, type=2304
07-05 23:23:05.438 D/til     ( 2026): ###### func:til_get_picture_param option:0x3000006 ######  
07-05 23:23:05.439 I/TVMW@HsTvSetting( 1234): Trace cmd, data = 0x1003
07-05 23:23:05.439 I/TVMW@HsTvSetting( 1234): Trace cmd, data = 0x8032
07-05 23:23:05.439 I/hstvos  ( 1216): [0m[1;33m[HSHAL][HS_VIDEO][HS_HAL_Video_SetOsdDetect_v2][2389]u16Threshold = 20
07-05 23:23:05.440 E/TVMW@videoctrl( 1234):  getOsd is 1
07-05 23:23:05.440 D/til@system( 2026): til_get_system_param option:1000027 int:1, bool:1, ret:0
07-05 23:23:05.440 D/til     ( 2026): ###### func:til_get_picture_param option:0x3000045 ######  
07-05 23:23:05.441 I/TVMW@HsTvSetting( 1234): Trace cmd, data = 0x300c
07-05 23:23:05.441 I/TVMW@HsTvSetting( 1234): Trace 3d, data = 0x300c
07-05 23:23:05.441 I/TVMW@3d ( 1234): Hs_debug3d_trace: func:get3dStatus, line:109
07-05 23:23:05.493 I/MyFragmentStateAdapter(28511): getCount
07-05 23:23:05.554 I/MyFragmentStateAdapter(28511): getCount
07-05 23:23:05.570 D/MSTAR_VDEC_DBG( 1206): Stream ID: 0, Rate : 23 (E:0,D:0,S:0,F:46) 
07-05 23:23:05.633 I/MyFragmentStateAdapter(28511): getCount
07-05 23:23:05.644 D/PowerManagerService( 1733): acquireWakeLockInternal: lock=113832109, flags=0x1, tag="NetworkStats", ws=null, uid=1000, pid=1733
07-05 23:23:05.644 D/PowerManagerNotifier( 1733): onWakeLockAcquired: flags=1, tag="NetworkStats", packageName=android, ownerUid=1000, ownerPid=1733, workSource=null
07-05 23:23:05.644 D/NtpTrustedTime( 1733): currentTimeMillis() cache hit
07-05 23:23:05.670 I/MiSysSrv( 1214): [37m[INFO] Change to Voltage: 117 mv (0x32)[m
07-05 23:23:05.675 D/NtpTrustedTime( 1733): currentTimeMillis() cache hit
07-05 23:23:05.676 D/NtpTrustedTime( 1733): currentTimeMillis() cache hit
07-05 23:23:05.676 D/NtpTrustedTime( 1733): currentTimeMillis() cache hit
07-05 23:23:05.677 D/PowerManagerService( 1733): releaseWakeLockInternal: lock=113832109 [NetworkStats], flags=0x0
07-05 23:23:05.677 D/PowerManagerNotifier( 1733): onWakeLockReleased: flags=1, tag="NetworkStats", packageName=android, ownerUid=1000, ownerPid=1733, workSource=null
07-05 23:23:05.680 I/MyFragmentStateAdapter(28511): getCount
07-05 23:23:05.699 I/NetflixMonitorService( 1733): current fgapk : com.hisense.hicloud.edca
07-05 23:23:05.699 I/NetflixMonitorService( 1733): Netflix status unchanged
07-05 23:23:05.717 I/MyFragmentStateAdapter(28511): getCount
07-05 23:23:05.744 I/MyFragmentStateAdapter(28511): getCount
07-05 23:23:05.769 I/MiSysSrv( 1214): [37m[INFO] Change to Voltage: 112 mv (0x2D)[m
07-05 23:23:05.773 I/MyFragmentStateAdapter(28511): getCount
07-05 23:23:05.846 I/HLSP2P  (16224): ## 2017-07-05 23:23:05.845 [16224,16378,:0] INFO ## [HLSP2P][PunchHelper.cpp:289][INFO][SendHeartBeatMsg][PunchHelper] send heartbeat to punch server(124.160.168.204:8001) ok
07-05 23:23:05.866 I/TVMW@devctrl( 1234): wdt
07-05 23:23:05.869 I/MiSysSrv( 1214): [37m[INFO] Change to Voltage: 112 mv (0x2D)[m
07-05 23:23:05.878 I/HLSP2P  (16224): ## 2017-07-05 23:23:05.878 [16224,16380,:0] INFO ## [HLSP2P][PunchHelper.cpp:434][INFO][OnHeartbeatRsp][PunchHelper] punch heartbeat rsp ok
07-05 23:23:05.888 I/MyFragmentStateAdapter(28511): getCount
07-05 23:23:05.919 I/MyFragmentStateAdapter(28511): getCount
07-05 23:23:05.944 I/TVMW@HsTvSetting( 1234): Trace cmd, data = 0x1058
07-05 23:23:05.946 D/til@system( 2026): til_get_system_param option:100002F int:0, bool:0, ret:0
07-05 23:23:05.946 I/TVMW@HsTvSetting( 1234): Trace cmd, data = 0x101f
07-05 23:23:05.950 I/MyFragmentStateAdapter(28511): getCount
07-05 23:23:05.961 D/til@system( 2026): til_get_system_param option:100001D int:3, bool:3, ret:0
07-05 23:23:05.961 E/til     ( 2026): [til_get_current_input_source, 101] 
07-05 23:23:05.961 I/TVMW@HsTvSetting( 1234): Trace cmd, data = 0x7007
07-05 23:23:05.964 I/tilwrapper@sm( 2026): HS2TIL_SourceType *hs=0xd, *til=0x900
07-05 23:23:05.964 D/til     ( 2026): get current source 2304
07-05 23:23:05.964 D/SourceRemoteServiceHandler( 2026): getCurrentInputSource.from.til.result is 0, value is 2304
07-05 23:23:05.964 D/SourceRemoteServiceHandler( 2026): getInputSourceType source: 0x900, type=2304
07-05 23:23:05.964 D/til     ( 2026): ###### func:til_get_picture_param option:0x3000006 ######  
07-05 23:23:05.964 I/TVMW@HsTvSetting( 1234): Trace cmd, data = 0x1003
07-05 23:23:05.965 I/TVMW@HsTvSetting( 1234): Trace cmd, data = 0x8032
07-05 23:23:05.965 I/hstvos  ( 1216): [0m[1;33m[HSHAL][HS_VIDEO][HS_HAL_Video_SetOsdDetect_v2][2389]u16Threshold = 20
07-05 23:23:05.965 E/TVMW@videoctrl( 1234):  getOsd is 1
07-05 23:23:05.965 D/til@system( 2026): til_get_system_param option:1000027 int:1, bool:1, ret:0
07-05 23:23:05.966 D/til     ( 2026): ###### func:til_get_picture_param option:0x3000045 ######  
07-05 23:23:05.966 I/TVMW@HsTvSetting( 1234): Trace cmd, data = 0x300c
07-05 23:23:05.966 I/TVMW@HsTvSetting( 1234): Trace 3d, data = 0x300c
07-05 23:23:05.966 I/TVMW@3d ( 1234): Hs_debug3d_trace: func:get3dStatus, line:109
07-05 23:23:05.973 I/MyFragmentStateAdapter(28511): getCount
07-05 23:23:06.000 I/MyFragmentStateAdapter(28511): getCount
07-05 23:23:06.030 I/MyFragmentStateAdapter(28511): getCount
07-05 23:23:06.060 I/MyFragmentStateAdapter(28511): getCount
07-05 23:23:06.069 I/MiSysSrv( 1214): [37m[INFO] Change to Voltage: 102 mv (0x23)[m
07-05 23:23:06.102 I/MyFragmentStateAdapter(28511): getCount
07-05 23:23:06.139 I/MyFragmentStateAdapter(28511): getCount
07-05 23:23:06.170 I/MyFragmentStateAdapter(28511): getCount
07-05 23:23:06.203 I/MyFragmentStateAdapter(28511): getCount
07-05 23:23:06.240 I/MyFragmentStateAdapter(28511): getCount
07-05 23:23:06.270 I/MyFragmentStateAdapter(28511): getCount
07-05 23:23:06.300 I/MyFragmentStateAdapter(28511): getCount
07-05 23:23:06.320 I/MyFragmentStateAdapter(28511): getCount
07-05 23:23:06.345 I/MyFragmentStateAdapter(28511): getCount
07-05 23:23:06.380 I/MyFragmentStateAdapter(28511): getCount
07-05 23:23:06.432 D/MyLocalStartService(16899): currentName is :com.hisense.hicloud.edca
07-05 23:23:06.470 I/TVMW@HsTvSetting( 1234): Trace cmd, data = 0x1058
07-05 23:23:06.470 D/til@system( 2026): til_get_system_param option:100002F int:0, bool:0, ret:0
07-05 23:23:06.472 I/TVMW@HsTvSetting( 1234): Trace cmd, data = 0x101f
07-05 23:23:06.473 D/til@system( 2026): til_get_system_param option:100001D int:3, bool:3, ret:0
07-05 23:23:06.474 E/til     ( 2026): [til_get_current_input_source, 101] 
07-05 23:23:06.478 I/TVMW@HsTvSetting( 1234): Trace cmd, data = 0x7007
07-05 23:23:06.478 I/tilwrapper@sm( 2026): HS2TIL_SourceType *hs=0xd, *til=0x900
07-05 23:23:06.478 D/til     ( 2026): get current source 2304
07-05 23:23:06.479 D/SourceRemoteServiceHandler( 2026): getCurrentInputSource.from.til.result is 0, value is 2304
07-05 23:23:06.479 D/SourceRemoteServiceHandler( 2026): getInputSourceType source: 0x900, type=2304
07-05 23:23:06.479 D/til     ( 2026): ###### func:til_get_picture_param option:0x3000006 ######  
07-05 23:23:06.479 I/TVMW@HsTvSetting( 1234): Trace cmd, data = 0x1003
07-05 23:23:06.480 I/TVMW@HsTvSetting( 1234): Trace cmd, data = 0x8032
07-05 23:23:06.481 I/hstvos  ( 1216): [0m[1;33m[HSHAL][HS_VIDEO][HS_HAL_Video_SetOsdDetect_v2][2389]u16Threshold = 20
07-05 23:23:06.481 E/TVMW@videoctrl( 1234):  getOsd is 1
07-05 23:23:06.481 D/til@system( 2026): til_get_system_param option:1000027 int:1, bool:1, ret:0
07-05 23:23:06.482 D/til     ( 2026): ###### func:til_get_picture_param option:0x3000045 ######  
07-05 23:23:06.482 I/art     (28477): Background sticky concurrent mark sweep GC freed 17003(905KB) AllocSpace objects, 0(0B) LOS objects, 44% free, 982KB/1766KB, paused 8.604ms total 143.318ms
07-05 23:23:06.482 I/TVMW@HsTvSetting( 1234): Trace cmd, data = 0x300c
07-05 23:23:06.482 I/TVMW@HsTvSetting( 1234): Trace 3d, data = 0x300c
07-05 23:23:06.482 I/TVMW@3d ( 1234): Hs_debug3d_trace: func:get3dStatus, line:109
07-05 23:23:06.482 I/MyFragmentStateAdapter(28511): getCount
07-05 23:23:06.499 D/IntertrustDRMManager(28511): [TID 28676] wasabi runtime initialized success.
07-05 23:23:06.533 D/PowerManagerService( 1733): acquireWakeLockInternal: lock=113832109, flags=0x1, tag="NetworkStats", ws=null, uid=1000, pid=1733
07-05 23:23:06.533 D/PowerManagerNotifier( 1733): onWakeLockAcquired: flags=1, tag="NetworkStats", packageName=android, ownerUid=1000, ownerPid=1733, workSource=null
07-05 23:23:06.534 D/NtpTrustedTime( 1733): currentTimeMillis() cache hit
07-05 23:23:06.535 I/art     (28511): Background sticky concurrent mark sweep GC freed 49709(1796KB) AllocSpace objects, 0(0B) LOS objects, 5% free, 35MB/37MB, paused 8.128ms total 149.543ms
07-05 23:23:06.535 I/art     (28511): WaitForGcToComplete blocked for 147.124ms for cause HeapTrim
07-05 23:23:06.542 D/NtpTrustedTime( 1733): currentTimeMillis() cache hit
07-05 23:23:06.543 D/PowerManagerService( 1733): releaseWakeLockInternal: lock=113832109 [NetworkStats], flags=0x0
07-05 23:23:06.543 D/NtpTrustedTime( 1733): currentTimeMillis() cache hit
07-05 23:23:06.543 D/NtpTrustedTime( 1733): currentTimeMillis() cache hit
07-05 23:23:06.543 D/PowerManagerNotifier( 1733): onWakeLockReleased: flags=1, tag="NetworkStats", packageName=android, ownerUid=1000, ownerPid=1733, workSource=null
07-05 23:23:06.546 I/MyFragmentStateAdapter(28511): getCount
07-05 23:23:06.572 D/GlobalInputEventMonitoringService( 1733): interceptKeyBeforeQueueing(), event:22, mNeedMonitorKeyEvent:true, mWaitForKeyUpEvent:false
07-05 23:23:06.572 D/GlobalInputEventMonitoringService( 1733): processKeyEvent(), processKeyEvent event:22
07-05 23:23:06.573 D/WindowManager( 1733): interceptKeyTq keycode=22 interactive=true keyguardActive=false policyFlags=2b000000 isCancled= false
07-05 23:23:06.573 D/PowerManagerService( 1733): userActivityNoUpdateLocked: eventTime=17028138, event=1, flags=0x0, uid=1000
07-05 23:23:06.573 D/WindowManager( 1733): interceptKeyTi keyCode=22 down=true repeatCount=0 keyguardOn=false mHomePressed=false canceled=false
07-05 23:23:06.573 D/WindowManager( 1733): Hisense systemkey event: 22
07-05 23:23:06.573 D/HisenseGlobalKeyManager( 1733): handleGlobalKey() : Global event = KeyEvent { action=ACTION_DOWN, keyCode=KEYCODE_DPAD_RIGHT, scanCode=0, metaState=0, flags=0x0, repeatCount=0, eventTime=17028138, downTime=17028138, deviceId=-1, source=0x101 }
07-05 23:23:06.577 D/MSTAR_VDEC_DBG( 1206): Stream ID: 0, Rate : 23 (E:0,D:0,S:0,F:70) 
07-05 23:23:06.599 D/SogouIME( 2203): [onKeyDown] keycode = 22 model = VIDAA_TV
07-05 23:23:06.607 I/MyFragmentStateAdapter(28511): getCount
07-05 23:23:06.645 D/Carousel-CarouselDisplayPlayerLayout(28511): HasFocus:false,keyCode:22
07-05 23:23:06.645 D/Carousel-CarouselDisplayPlayerLayout(28511): isFullScreen:false
07-05 23:23:06.647 I/HomeMainActivity(28511): carousel handle key:false
07-05 23:23:06.649 I/MainHomeView(28511): dispatchKeyEvent ACTION_DOWN now 
07-05 23:23:06.650 I/TabView (28511): onKeyListener() ACTION_DOWN keyCode -- 22
07-05 23:23:06.651 I/SoftFragmentList(28511): fetchCacheFragment  enter ---- index = 2
07-05 23:23:06.651 D/SoftFragmentList(28511): fetchCacheFragment  mFragmentCache.size() = 3
07-05 23:23:06.651 D/SoftFragmentList(28511): fetchCacheFragment mLastIndex = 2, view = 
07-05 23:23:06.651 I/BaseContentFragment(28511): initChildFocustrue,recyclerview=com.hisense.leanback.widget.VerticalGridView{1bebb357 VFED.... ........ 0,0-1768,1080 #7f0d02c8 app:id/recyclerview_content}====---mIsVisibleToUser:true-------
07-05 23:23:06.661 D/til@system( 2026): til_get_system_param option:1000007 int:-1936522368, bool:128, ret:0
07-05 23:23:06.663 D/til@system( 2026): til_get_system_param option:1000009 int:-1815633792, bool:128, ret:0
07-05 23:23:06.664 D/til@system( 2026): til_get_system_param option:1000008 int:-1815634176, bool:0, ret:0
07-05 23:23:06.665 D/HiSDKLogReport(28511): getOperationDetail-productName : LED50MU8600UC
07-05 23:23:06.665 D/HiSDKLogReport(28511): getOperationDetail-plmNumber : 88888
07-05 23:23:06.665 D/HiSDKLogReport(28511): getOperationDetail-swVersion : V0000.00.01A
07-05 23:23:06.665 D/HiSDKLogReport(28511): getOperationDetail-operationDetail : LED50MU8600UC0000888
07-05 23:23:06.666 D/HiSDKLogReport(28511): businessLogReport-log : {eventType=232, APPVersionName=3.0.0.9.00, devid=86100300900000500000060a4818fca8, rowid=-1, uuid=13287129, APIversion=501, eventcode=232000, logversion=2.0, columnid=-1, devType=0, eventPos=000, groupid=-1, ChannelId=0, version=00.002.003, subscriberId=13287129, PFAPPCode=652, tabid=0, softwareVersion=LED50MU8600UC0000888, srceventcode=201000, mac=a8:a6:48:18:fc:a8, accessToken=72DF6038D2AEAB8A76DFBBBBCC428A4A_000013199806651, srctabid=0, APPPackage=com.hisense.hicloud.edca, sessionid=e5e333f1c4e449c7bbf308f8c4eb867f, requesttime=1499268186665, customerId=7195320, model_id=0, requestid=7cb30a024f3b41339f1e8f624d7910e0, tv_distribute_id=00, APIVersion=600, issysrepo=0}
07-05 23:23:06.666 D/BaseContentFragment(28511): initChildFocus firstlineview===>:com.hisense.tvui.newhome.view.SpecialFirstView{1a204ba6 V.E..... ........ 10,185-1748,691}
07-05 23:23:06.666 D/setHistoryRequestFocus(28511): ===>false
07-05 23:23:06.667 I/FirstlineLayoutManager(28511): left=0,width=1738,scroll Distance=-1488
07-05 23:23:06.671 I/BaseContentFragment(28511): setRowViewSelectedViewHolder{393d54ff position=0 id=-1, oldPos=-1, pLpos:-1},isSelectedfalse
07-05 23:23:06.671 I/BaseContentFragment(28511): setRowViewSelectedViewHolder{3d694bda position=1 id=-1, oldPos=-1, pLpos:-1},isSelectedtrue
07-05 23:23:06.671 I/RoleContentFragment(28511): onChildSelected:1,lastPos=0
07-05 23:23:06.678 W/System.err(28511): java.net.ConnectException: failed to connect to /10.18.210.112 (port 8900) after 6000ms: isConnected failed: ECONNREFUSED (Connection refused)
07-05 23:23:06.678 W/System.err(28511): 	at libcore.io.IoBridge.isConnected(IoBridge.java:238)
07-05 23:23:06.678 W/System.err(28511): 	at libcore.io.IoBridge.connectErrno(IoBridge.java:171)
07-05 23:23:06.678 W/System.err(28511): 	at libcore.io.IoBridge.connect(IoBridge.java:122)
07-05 23:23:06.678 W/System.err(28511): 	at java.net.PlainSocketImpl.connect(PlainSocketImpl.java:183)
07-05 23:23:06.678 W/System.err(28511): 	at java.net.PlainSocketImpl.connect(PlainSocketImpl.java:456)
07-05 23:23:06.678 W/System.err(28511): 	at java.net.Socket.connect(Socket.java:882)
07-05 23:23:06.678 W/System.err(28511): 	at com.android.okhttp.internal.Platform.connectSocket(Platform.java:174)
07-05 23:23:06.678 W/System.err(28511): 	at com.android.okhttp.Connection.connect(Connection.java:152)
07-05 23:23:06.678 W/System.err(28511): 	at com.android.okhttp.internal.http.HttpEngine.connect(HttpEngine.java:276)
07-05 23:23:06.678 W/System.err(28511): 	at com.android.okhttp.internal.http.HttpEngine.sendRequest(HttpEngine.java:211)
07-05 23:23:06.678 W/System.err(28511): 	at com.android.okhttp.internal.http.HttpURLConnectionImpl.execute(HttpURLConnectionImpl.java:382)
07-05 23:23:06.678 W/System.err(28511): 	at com.android.okhttp.internal.http.HttpURLConnectionImpl.connect(HttpURLConnectionImpl.java:106)
07-05 23:23:06.678 I/TabView (28511): onfocuschange:false
07-05 23:23:06.679 W/System.err(28511): 	at com.hisense.hitv.hicloud.util.ExceptionReport.a(ExceptionReport.java:337)
07-05 23:23:06.679 D/TabView (28511): icon---:2
07-05 23:23:06.679 W/System.err(28511): 	at com.hisense.hitv.hicloud.util.ExceptionReport.a(ExceptionReport.java:39)
07-05 23:23:06.679 E/TabView (28511): 
07-05 23:23:06.679 W/System.err(28511): 	at com.hisense.hitv.hicloud.util.ExceptionReport$1.run(ExceptionReport.java:83)
07-05 23:23:06.679 W/System.err(28511): 	at java.lang.Thread.run(Thread.java:818)
07-05 23:23:06.679 W/System.err(28511): Caused by: android.system.ErrnoException: isConnected failed: ECONNREFUSED (Connection refused)
07-05 23:23:06.679 W/System.err(28511): 	at libcore.io.IoBridge.isConnected(IoBridge.java:223)
07-05 23:23:06.679 W/System.err(28511): 	... 15 more
07-05 23:23:06.700 I/NetflixMonitorService( 1733): current fgapk : com.hisense.hicloud.edca
07-05 23:23:06.700 I/NetflixMonitorService( 1733): Netflix status unchanged
07-05 23:23:06.716 D/CommonHeader(28511): onTabStatusChanged tabstatus===>:40000
07-05 23:23:06.723 D/HttpHandler(28511): VerifySignInterCeptor-->request.url()=http://picture.edu.hismarttv.com/images/20170628121925625089.png
07-05 23:23:06.723 D/HttpHandler(28511): VerifySignInterCeptor-->hostname=picture.edu.hismarttv.com
07-05 23:23:06.739 D/OkHttp  (28511): --> GET http://picture.edu.hismarttv.com/images/20170628121925625089.png http/1.1
07-05 23:23:06.740 D/OkHttp  (28511): Host: picture.edu.hismarttv.com
07-05 23:23:06.740 D/OkHttp  (28511): Connection: Keep-Alive
07-05 23:23:06.740 D/OkHttp  (28511): Accept-Encoding: gzip
07-05 23:23:06.740 D/OkHttp  (28511): User-Agent: okhttp/3.6.0
07-05 23:23:06.740 D/OkHttp  (28511): --> END GET
07-05 23:23:06.751 D/GlobalInputEventMonitoringService( 1733): interceptKeyBeforeQueueing(), event:22, mNeedMonitorKeyEvent:true, mWaitForKeyUpEvent:false
07-05 23:23:06.751 D/GlobalInputEventMonitoringService( 1733): processKeyEvent(), processKeyEvent event:22
07-05 23:23:06.752 D/WindowManager( 1733): interceptKeyTq keycode=22 interactive=true keyguardActive=false policyFlags=2b000000 isCancled= false
07-05 23:23:06.752 D/WindowManager( 1733): interceptKeyTi keyCode=22 down=false repeatCount=0 keyguardOn=false mHomePressed=false canceled=false
07-05 23:23:06.752 D/WindowManager( 1733): Hisense systemkey event: 22
07-05 23:23:06.752 D/HisenseGlobalKeyManager( 1733): handleGlobalKey() : Global event = KeyEvent { action=ACTION_UP, keyCode=KEYCODE_DPAD_RIGHT, scanCode=0, metaState=0, flags=0x0, repeatCount=0, eventTime=17028138, downTime=17028138, deviceId=-1, source=0x101 }
07-05 23:23:06.760 I/MyFragmentStateAdapter(28511): getCount
07-05 23:23:06.766 I/TVMW@devctrl( 1234): wdt
07-05 23:23:06.769 I/MiSysSrv( 1214): [37m[INFO] Change to Voltage: 117 mv (0x32)[m
07-05 23:23:06.771 D/OkHttp  (28511): <-- 200 OK http://picture.edu.hismarttv.com/images/20170628121925625089.png (30ms)
07-05 23:23:06.771 D/OkHttp  (28511): Date: Wed, 05 Jul 2017 14:00:55 GMT
07-05 23:23:06.771 D/OkHttp  (28511): Server: nginx
07-05 23:23:06.771 D/OkHttp  (28511): Content-Type: image/png
07-05 23:23:06.771 D/OkHttp  (28511): Content-Length: 3689
07-05 23:23:06.771 D/OkHttp  (28511): Last-Modified: Wed, 28 Jun 2017 12:19:25 GMT
07-05 23:23:06.771 D/OkHttp  (28511): ETag: "59539ecd-e69"
07-05 23:23:06.771 D/OkHttp  (28511): Accept-Ranges: bytes
07-05 23:23:06.771 D/OkHttp  (28511): Age: 4931
07-05 23:23:06.771 D/OkHttp  (28511): Via: 1.1 jnwt241:0 (Cdn Cache Server V2.0)[65 200 0], 1.1 luwangtong27:0 (Cdn Cache Server V2.0)[0 200 0]
07-05 23:23:06.771 D/OkHttp  (28511): Connection: keep-alive
07-05 23:23:06.771 D/OkHttp  (28511): <-- END HTTP
07-05 23:23:06.772 D/HttpHandler(28511): RetryIntercepter-->retryNum=0
07-05 23:23:06.772 D/HttpHandler(28511): RetryIntercepter-->backoffmutiplier=0
07-05 23:23:06.796 D/TabView (28511): 
07-05 23:23:06.798 D/TabView (28511): 
07-05 23:23:06.799 D/TabView (28511): 
07-05 23:23:06.800 D/TabView (28511): 
07-05 23:23:06.801 D/TabView (28511): 
07-05 23:23:06.802 D/TabView (28511): 
07-05 23:23:06.803 D/TabView (28511): 
07-05 23:23:06.804 D/TabView (28511): 
07-05 23:23:06.805 D/TabView (28511): 
07-05 23:23:06.806 D/TabView (28511): 
07-05 23:23:06.806 D/TabView (28511): 
07-05 23:23:06.807 D/TabView (28511): 
07-05 23:23:06.808 D/TabView (28511): 
07-05 23:23:06.809 D/TabView (28511): 
07-05 23:23:06.810 D/TabView (28511): 
07-05 23:23:06.815 D/TabView (28511): 
07-05 23:23:06.817 I/MyFragmentStateAdapter(28511): getCount
07-05 23:23:06.817 I/MyFragmentStateAdapter(28511): getCount
07-05 23:23:06.818 D/TabView (28511): 
07-05 23:23:06.822 D/TabView (28511): 
07-05 23:23:06.823 D/TabView (28511): 
07-05 23:23:06.824 D/TabView (28511): 
07-05 23:23:06.825 D/TabView (28511): 
07-05 23:23:06.825 D/TabView (28511): 
07-05 23:23:06.826 D/TabView (28511): 
07-05 23:23:06.827 D/TabView (28511): 
07-05 23:23:06.828 D/TabView (28511): 
07-05 23:23:06.829 D/TabView (28511): 
07-05 23:23:06.830 D/TabView (28511): 
07-05 23:23:06.831 D/TabView (28511): 
07-05 23:23:06.833 D/TabView (28511): 
07-05 23:23:06.834 D/TabView (28511): 
07-05 23:23:06.834 D/TabView (28511): 
07-05 23:23:06.834 D/TabView (28511): 
07-05 23:23:06.835 I/MyFragmentStateAdapter(28511): getCount
07-05 23:23:06.835 I/MyFragmentStateAdapter(28511): getCount
07-05 23:23:06.844 I/TabView (28511): onScroll:,firstItem=0,visibleCount=6,totalCount=10
07-05 23:23:06.848 D/Carousel-CarouselView(28511): ============>onScrollChanged hashCode:659311542
07-05 23:23:06.848 D/Carousel-CarouselDisplayPlayerLayout(28511): isFullScreen:false
07-05 23:23:06.849 I/MainHomeView(28511): onPanelSlide0.34351146---left197
07-05 23:23:06.856 I/CurrentCarouselView(28511): onCarouseControlCarouselControlBean{mShoudScroll=true, mActivityHasResume=false, mActivityHasStop=false, mHasTurnGone=false, mHasTurnVisible=false, mChannelId=-1, mSlideOffset=0.34351146, mShouldSelectCenter=false, mTabOpen=false, mHoriPosStatus=None, mVerPosStatus=None, mLevelStatus=None},isPlayingtrue,channelId=0
07-05 23:23:06.856 I/CurrentCarouselView(28511): is not the current page
07-05 23:23:06.856 I/CurrentCarouselView(28511): do scroll
07-05 23:23:06.856 D/Carousel-CarouselView(28511): smoothScroll.
07-05 23:23:06.856 D/Carousel-CarouselDisplayPlayerLayout(28511): isFullScreen:false
07-05 23:23:06.856 D/TabView (28511): onReceiveSlidingOffset ===>:0.34351146
07-05 23:23:06.859 I/MyFragmentStateAdapter(28511): getCount
07-05 23:23:06.871 D/Carousel-CarouselDisplayPlayerLayout(28511): HasFocus:false,keyCode:22
07-05 23:23:06.871 D/Carousel-CarouselDisplayPlayerLayout(28511): isFullScreen:false
07-05 23:23:06.871 I/HomeMainActivity(28511): carousel handle key:false
07-05 23:23:06.873 I/MiSysSrv( 1214): [37m[INFO] Change to Voltage: 112 mv (0x2D)[m
07-05 23:23:06.885 V/InputMethodService( 2203): startInput(): editor=android.view.inputmethod.EditorInfo@2f0a36ff
07-05 23:23:06.885 V/InputMethodService( 2203): CALL: onFinishInput
07-05 23:23:06.886 E/SOGOUIME_JNI( 2203): reset
07-05 23:23:06.886 E/SOGOUIME_JNI( 2203): getCandidates
07-05 23:23:06.886 E/SOGOUIME_JNI( 2203): ime_get_uncommitted_length
07-05 23:23:06.886 E/SOGOUIME_JNI( 2203): getCandidates
07-05 23:23:06.886 D/SogouIME API( 2203): ==============num:32
07-05 23:23:06.887 E/SOGOUIME_JNI( 2203): ime_get_uncommitted_length
07-05 23:23:06.887 D/SogouIME( 2203): mFocusedComponent:30   isHkbEnable:false
07-05 23:23:06.887 E/SOGOUIME_JNI( 2203): ime_get_uncommitted_length
07-05 23:23:06.887 E/SOGOUIME_JNI( 2203): ime_get_committed_length
07-05 23:23:06.887 E/SOGOUIME_JNI( 2203): getComposingInfo
07-05 23:23:06.887 E/SOGOUIME_JNI( 2203): getComposingInfo
