07-05 20:48:37.114 W/System.err( 8094): Caused by: android.system.ErrnoException: isConnected failed: ECONNREFUSED (Connection refused)
07-05 20:48:37.114 W/System.err( 8094): 	at libcore.io.IoBridge.isConnected(IoBridge.java:223)
07-05 20:48:37.114 W/System.err( 8094): 	... 15 more
07-05 20:48:37.115 I/CommonUtils( 8094):  object to json {"srccolumnid":"0","srcgroupid":"10003","original":"1","srctabid":"0","eventcode":"207000","srceventcode":"232000","srcrowid":"1","mediaid":"3535"}
07-05 20:48:37.115 D/DetailPlayActivity( 8094): map===1111111111111====={"srccolumnid":"0","srcgroupid":"10003","original":"1","srctabid":"0","eventcode":"207000","srceventcode":"232000","srcrowid":"1","mediaid":"3535"}
07-05 20:48:37.116 I/AdvertisementManager( 4390): advertisement(type 16) show type=5
07-05 20:48:37.116 I/AdvertisementManager( 4390): resource path: /data/data/com.hisense.service.ad/files/ad/9000019146505.jpg
07-05 20:48:37.116 D/til@system( 2026): til_get_system_param option:1000007 int:-1936522368, bool:128, ret:0
07-05 20:48:37.116 D/AdvertisementManager( 4390): onReceive(): notify advertisement content update, type:16
07-05 20:48:37.117 D/til@system( 2026): til_get_system_param option:1000009 int:-1815632896, bool:0, ret:0
07-05 20:48:37.118 D/til@system( 2026): til_get_system_param option:1000008 int:-1815634176, bool:0, ret:0
07-05 20:48:37.118 D/HiSDKLogReport( 8094): getOperationDetail-productName : LED50MU8600UC
07-05 20:48:37.118 D/HiSDKLogReport( 8094): getOperationDetail-plmNumber : 88888
07-05 20:48:37.118 D/HiSDKLogReport( 8094): getOperationDetail-swVersion : V0000.00.01A
07-05 20:48:37.119 D/HiSDKLogReport( 8094): getOperationDetail-operationDetail : LED50MU8600UC0000888
07-05 20:48:37.123 I/CommonUtils( 8094):  object to json {"eventType":"207","srccolumnid":"0","srcgroupid":"10003","APPVersionName":"3.0.0.9.00","original":"1","devid":"86100300900000500000060a4818fca8","uuid":"13287129","APIversion":"501","logversion":"2.0","eventcode":"207000","devType":"0","eventPos":"000","version":"00.002.003","ChannelId":"0","subscriberId":"13287129","PFAPPCode":"652","softwareVersion":"LED50MU8600UC0000888","srcrowid":"1","srceventcode":"232000","mac":"a8:a6:48:18:fc:a8","accessToken":"72DF6038D2AEAB8A76DFBBBBCC428A4A_003469305914783","srctabid":"0","APPPackage":"com.hisense.hicloud.edca","mediaid":"3535","sessionid":"19b73534d87645c0841a3a6337e596c7","requesttime":"1499258917119","customerId":"7195320","model_id":"0","requestid":"10b6bcb987f24e2c8741512eefe8118b","tv_distribute_id":"00","APIVersion":"600","issysrepo":"1"}
07-05 20:48:37.123 D/DetailPlayActivity( 8094): map=====22222222222======{"eventType":"207","srccolumnid":"0","srcgroupid":"10003","APPVersionName":"3.0.0.9.00","original":"1","devid":"86100300900000500000060a4818fca8","uuid":"13287129","APIversion":"501","logversion":"2.0","eventcode":"207000","devType":"0","eventPos":"000","version":"00.002.003","ChannelId":"0","subscriberId":"13287129","PFAPPCode":"652","softwareVersion":"LED50MU8600UC0000888","srcrowid":"1","srceventcode":"232000","mac":"a8:a6:48:18:fc:a8","accessToken":"72DF6038D2AEAB8A76DFBBBBCC428A4A_003469305914783","srctabid":"0","APPPackage":"com.hisense.hicloud.edca","mediaid":"3535","sessionid":"19b73534d87645c0841a3a6337e596c7","requesttime":"1499258917119","customerId":"7195320","model_id":"0","requestid":"10b6bcb987f24e2c8741512eefe8118b","tv_distribute_id":"00","APIVersion":"600","issysrepo":"1"}
07-05 20:48:37.126 I/HttpDnsUtils( 8094): detailsPage(): url = http://api.edu.hismarttv.com/medias/api/media/3535?codeType=1002&vender=0&resolutionpolicy=2
07-05 20:48:37.127 D/til@system( 2026): til_get_system_param option:1000007 int:-1936522112, bool:128, ret:0
07-05 20:48:37.128 D/til@system( 2026): til_get_system_param option:1000009 int:-1936525184, bool:128, ret:0
07-05 20:48:37.129 D/til@system( 2026): til_get_system_param option:1000008 int:-1815633792, bool:128, ret:0
07-05 20:48:37.129 D/HttpBuilder( 8094): getOperationDetail-productName : LED50MU8600UC
07-05 20:48:37.129 D/HttpBuilder( 8094): getOperationDetail-plmNumber : 88888
07-05 20:48:37.129 D/HttpBuilder( 8094): getOperationDetail-swVersion : V0000.00.01A
07-05 20:48:37.129 D/HttpBuilder( 8094): getOperationDetail-operationDetail : LED50MU8600UC0000888
07-05 20:48:37.139 D/ADLog   ( 2945): ADServiceHandler => postExecute
07-05 20:48:37.150 V/PackageManager( 1733): getPackageInfo com.hisense.service.ad: Package{2fa4b490 com.hisense.service.ad}
07-05 20:48:37.164 V/PackageManager( 1733): getPackageInfo com.hisense.service.ad: Package{2fa4b490 com.hisense.service.ad}
07-05 20:48:37.169 I/MiSysSrv( 1214): [37m[INFO] Change to Voltage: 112 mv (0x2D)[m
07-05 20:48:37.170 D/ADLog   ( 2945): ADDaoHandler => update ADCodeInfo
07-05 20:48:37.171 D/ADLog   ( 2945): DBManager => update(String table = ADCodeInfo, Object obj = ADCodeInfo [id=4, adCode=sys_ssv3, packageNamecom.jamdeo.screensaver, UpdateStatus=1, defaultAdID=1000000001239, defaultAdURL=http://download.hismarttv.com/epgdata/ImageAD/9000019139817.jpg, defaultAdPath=/data/data/com.hisense.service.ad/files/ad/9000019139817.jpg, defaultAdType=5, owner=hitv, lastUpdateTime=1499230057, lock=java.util.concurrent.locks.ReentrantLock@6ccf5e3[Locked by thread pool-1-thread-1], adInfos=[]])
07-05 20:48:37.171 D/ADLog   ( 2945): DBManager => getValues(String tabName = ADCodeInfo, Object object = ADCodeInfo [id=4, adCode=sys_ssv3, packageNamecom.jamdeo.screensaver, UpdateStatus=1, defaultAdID=1000000001239, defaultAdURL=http://download.hismarttv.com/epgdata/ImageAD/9000019139817.jpg, defaultAdPath=/data/data/com.hisense.service.ad/files/ad/9000019139817.jpg, defaultAdType=5, owner=hitv, lastUpdateTime=1499230057, lock=java.util.concurrent.locks.ReentrantLock@6ccf5e3[Locked by thread pool-1-thread-1], adInfos=[]])
07-05 20:48:37.171 D/ADLog   ( 2945): CommonUtils => getStringFromList:   [{"id":"8","code":"hitvdef","url":"http:\/\/api.hismarttv.com\/adapi\/getlogopic?type=0&ac=${ADCODE}&pid=${ADPOLICY}&aid=${ADID}&did=${DEVICEID}&t=${TIME}&act=${ACTION}&dt=${DISPLAYTIMES}&tz=${TIMEZONE}&mac=${MAC}"}]
07-05 20:48:37.175 I/HttpBuilder( 8094): addUrlPublicParams mUrl ==>http://api.edu.hismarttv.com/medias/api/media/3535?codeType=1002&vender=0&resolutionpolicy=2&uuid=13287129&mac=a8:a6:48:18:fc:a8&devid=86100300900000500000060a4818fca8&version=00.002.003&subscriberId=13287129&customerId=7195320&model_id=0&APPPackage=com.hisense.hicloud.edca&PFAPPCode=652&APPVersionName=3.0.0.9.00&ChannelId=0&softwareVersion=LED50MU8600UC0000888&tv_distribute_id=00&devType=0&APIVersion=600&accessToken=72DF6038D2AEAB8A76DFBBBBCC428A4A_003469305914783
07-05 20:48:37.175 I/HttpBuilder( 8094): addUrlLogParams url ==>http://api.edu.hismarttv.com/medias/api/media/3535?codeType=1002&vender=0&resolutionpolicy=2&uuid=13287129&mac=a8:a6:48:18:fc:a8&devid=86100300900000500000060a4818fca8&version=00.002.003&subscriberId=13287129&customerId=7195320&model_id=0&APPPackage=com.hisense.hicloud.edca&PFAPPCode=652&APPVersionName=3.0.0.9.00&ChannelId=0&softwareVersion=LED50MU8600UC0000888&tv_distribute_id=00&devType=0&APIVersion=600&accessToken=72DF6038D2AEAB8A76DFBBBBCC428A4A_003469305914783&eventType=207&srccolumnid=0&srcgroupid=10003&original=1&APIversion=501&logversion=2.0&eventcode=207000&eventPos=000&srcrowid=1&srceventcode=232000&srctabid=0&mediaid=3535&sessionid=19b73534d87645c0841a3a6337e596c7&requesttime=1499258917119&requestid=10b6bcb987f24e2c8741512eefe8118b&issysrepo=1
07-05 20:48:37.180 D/HttpHandler( 8094): VerifySignInterCeptor-->request.url()=http://api.edu.hismarttv.com/medias/api/media/3535?codeType=1002&vender=0&resolutionpolicy=2&uuid=13287129&mac=a8:a6:48:18:fc:a8&devid=86100300900000500000060a4818fca8&version=00.002.003&subscriberId=13287129&customerId=7195320&model_id=0&APPPackage=com.hisense.hicloud.edca&PFAPPCode=652&APPVersionName=3.0.0.9.00&ChannelId=0&softwareVersion=LED50MU8600UC0000888&tv_distribute_id=00&devType=0&APIVersion=600&accessToken=72DF6038D2AEAB8A76DFBBBBCC428A4A_003469305914783&eventType=207&srccolumnid=0&srcgroupid=10003&original=1&APIversion=501&logversion=2.0&eventcode=207000&eventPos=000&srcrowid=1&srceventcode=232000&srctabid=0&mediaid=3535&sessionid=19b73534d87645c0841a3a6337e596c7&requesttime=1499258917119&requestid=10b6bcb987f24e2c8741512eefe8118b&issysrepo=1start=&resolutionpolicy=2&rows=&vender=0&search_key=&typeCode=1002&type=&
07-05 20:48:37.180 D/HttpHandler( 8094): VerifySignInterCeptor-->hostname=api.edu.hismarttv.com
07-05 20:48:37.183 D/ADLog   ( 2945): DBManager => result = 1, table : ADCodeInfo
07-05 20:48:37.183 D/ADLog   ( 2945): DBManager => delete(String table = ADPlayPolicy, String adCode = sys_ssv3, String packageName = com.jamdeo.screensaver)
07-05 20:48:37.183 D/ADLog   ( 2945): DBManager => delete TAB_ADPLAYPOLICY 
07-05 20:48:37.184 D/ADLog   ( 2945): DBManager => result = 0
07-05 20:48:37.184 D/ADLog   ( 2945): UpdateADStrategy => to update default ad for sys_ssv3
07-05 20:48:37.186 D/HttpHandler( 8094): HttpDNS-->hostname=api.edu.hismarttv.com
07-05 20:48:37.197 D/DtvSourcePlugin-DVBC( 2628): Setting the EPG Updater state to: WAIT
07-05 20:48:37.200 V/PackageManager( 1733): getPackageInfo com.hisense.service.ad: Package{2fa4b490 com.hisense.service.ad}
07-05 20:48:37.207 D/ADLog   ( 2945): ResourceDownloadManager => handleDownloadRequest downloadInfo = com.hisense.service.ad.bean.DownloadListInfo@54f0d3f
07-05 20:48:37.207 D/ADLog   ( 2945): ResourceDownloadManager => handleDownloadRequest downloadTaskList = [com.hisense.service.ad.bean.DownloadListInfo@166c060c]size1
07-05 20:48:37.207 D/ADLog   ( 2945): ResourceDownloadManager => startDownloader()
07-05 20:48:37.207 D/ADLog   ( 2945): ResourceDownloadManager => reclaimStorageSpace() enableReclaim = true
07-05 20:48:37.207 D/ADLog   ( 2945): ResourceDownloadManager => clear expired AppAdCodeInfo
07-05 20:48:37.207 D/ADLog   ( 2945): ADDaoHandler => adcode valid period: 604800
07-05 20:48:37.210 D/ADLog   ( 2945): DBManager => queryExpireADCode(long time = 1498625317)
07-05 20:48:37.211 I/ADLog   ( 2945): DBManager => query count is 0
07-05 20:48:37.211 D/ADLog   ( 2945): ResourceDownloadManager => send a Request to download sys_ssv3
07-05 20:48:37.211 D/ADLog   ( 2945): ResourceDownloadManager => start to clear unused files ......
07-05 20:48:37.211 D/ADLog   ( 2945): DBManager => queryDefaultPath(String clomun = ADRESOURCEPATH, String tableName = ADPlayPolicy)
07-05 20:48:37.211 D/ADLog   ( 2945): ADDaoHandler => update ADCodeInfo
07-05 20:48:37.211 D/ADLog   ( 2945): DBManager => update(String table = ADCodeInfo, Object obj = ADCodeInfo [id=4, adCode=sys_ssv3, packageNamecom.jamdeo.screensaver, UpdateStatus=2, defaultAdID=1000000001239, defaultAdURL=http://download.hismarttv.com/epgdata/ImageAD/9000019139817.jpg, defaultAdPath=/data/data/com.hisense.service.ad/files/ad/9000019139817.jpg, defaultAdType=5, owner=hitv, lastUpdateTime=1499230117, lock=java.util.concurrent.locks.ReentrantLock@6ccf5e3[Unlocked], adInfos=[]])
07-05 20:48:37.212 D/ADLog   ( 2945): DBManager => getValues(String tabName = ADCodeInfo, Object object = ADCodeInfo [id=4, adCode=sys_ssv3, packageNamecom.jamdeo.screensaver, UpdateStatus=2, defaultAdID=1000000001239, defaultAdURL=http://download.hismarttv.com/epgdata/ImageAD/9000019139817.jpg, defaultAdPath=/data/data/com.hisense.service.ad/files/ad/9000019139817.jpg, defaultAdType=5, owner=hitv, lastUpdateTime=1499230117, lock=java.util.concurrent.locks.ReentrantLock@6ccf5e3[Unlocked], adInfos=[]])
07-05 20:48:37.212 D/ADLog   ( 2945): CommonUtils => getStringFromList:   [{"id":"8","code":"hitvdef","url":"http:\/\/api.hismarttv.com\/adapi\/getlogopic?type=0&ac=${ADCODE}&pid=${ADPOLICY}&aid=${ADID}&did=${DEVICEID}&t=${TIME}&act=${ACTION}&dt=${DISPLAYTIMES}&tz=${TIMEZONE}&mac=${MAC}"}]
07-05 20:48:37.224 D/HttpHandler( 8094): RAMCache-->hostInfo.getClientTimeStamp()=7742439
07-05 20:48:37.224 D/HttpHandler( 8094): RAMCache-->hostInfo.getTtl()=3600
07-05 20:48:37.226 D/HttpHandler( 8094): RAMCache-->SystemClock.elapsedRealtime()=7758796
07-05 20:48:37.228 D/ADLog   ( 2945): DBManager => result = 1, table : ADCodeInfo
07-05 20:48:37.228 D/ADLog   ( 2945): UpdateADStrategy => success to update policy for sys_ssv3
07-05 20:48:37.228 D/ADLog   ( 2945): ADDaoHandler => getADCodeInfo(String adCode = ad_on_cv4)
07-05 20:48:37.228 D/ADLog   ( 2945): DBManager => query(String adCode = ad_on_cv4)
07-05 20:48:37.230 D/ADLog   ( 2945): DBManager => queryAllPath(String clomun = ADPREFORMPATH, String tableName = ADPlayPolicy)
07-05 20:48:37.234 D/ADLog   ( 2945): DBManager => ADCodeInfo cursor.getCount() = 1
07-05 20:48:37.237 D/HttpHandler( 8094): DNSHelper-->gslbDns=["123.103.91.123"]
07-05 20:48:37.237 D/ADLog   ( 2945): CommonUtils => getListFromString:   
07-05 20:48:37.237 D/ADLog   ( 2945): CommonUtils => getListFromString:   
07-05 20:48:37.237 D/ADLog   ( 2945): CommonUtils => getListFromString:   
07-05 20:48:37.237 D/ADLog   ( 2945): DBManager => queryDefaultPath(String clomun = DEFAULTADPATH, String tableName = ADCodeInfo)
07-05 20:48:37.239 D/ADLog   ( 2945): DBManager => queryPlayPolicy(adCode = ad_on_cv4, packageName = com.jamdeo.tv.advertisementproxy)
07-05 20:48:37.246 D/ADLog   ( 2945): CommonUtils => getListFromString:   
07-05 20:48:37.246 D/ADLog   ( 2945): CommonUtils => getListFromString:   
07-05 20:48:37.246 D/ADLog   ( 2945): CommonUtils => getListFromString:   
07-05 20:48:37.246 D/ADLog   ( 2945): DBManager => load JsonExtras
07-05 20:48:37.246 D/ADLog   ( 2945): ADInfo => setJsonExtras(String jsonExtras = {"ad_on_jump":"{\"startupType\":4,\"startupUrl\":[{\"key\":\"startupType\",\"value\":3,\"type\":\"int\"},{\"key\":\"packageName\",\"value\":\"com.hisense.hicloud.edca\",\"type\":\"String\"}]}"})
07-05 20:48:37.246 D/ADLog   ( 2945): DBManager => ADCodeInfo [id=5, adCode=ad_on_cv4, packageNamecom.jamdeo.tv.advertisementproxy, UpdateStatus=1, defaultAdID=1000000006433, defaultAdURL=http://download.hismarttv.com/epgdata/ImageAD/9000019159462.zip, defaultAdPath=/data/data/com.hisense.service.ad/files/ad/9000019159462.zip, defaultAdType=9, owner=hitv, lastUpdateTime=1499230057, lock=java.util.concurrent.locks.ReentrantLock@2f1e6b55[Unlocked], adInfos=[com.hisense.service.ad.bean.ADInfo@2d65c96a]]
07-05 20:48:37.248 D/ADLog   ( 2945): ResourceDownloadManager => deleteResourceFileExpired(File file = /data/data/com.hisense.service.ad/files/ad, List<String> resourceFiles = [/data/data/com.hisense.service.ad/files/ad/9000019161810.jpg, /data/data/com.hisense.service.ad/files/ad/9000019161810.jpg, /data/data/com.hisense.service.ad/files/ad/9000019159537_9000019159537.mp4, /data/data/com.hisense.service.ad/files/ad/9000019146505.jpg, /data/data/com.hisense.service.ad/files/ad/9000019139817.jpg, /data/data/com.hisense.service.ad/files/ad/9000019159462.zip, /data/data/com.hisense.service.ad/files/ad/9000019142662.jpg])
07-05 20:48:37.249 D/ADLog   ( 2945): ResourceDownloadManager => deleteResourceFileExpired(File file = /data/data/com.hisense.service.ad/files/ad/9000019161810.jpg, List<String> resourceFiles = [/data/data/com.hisense.service.ad/files/ad/9000019161810.jpg, /data/data/com.hisense.service.ad/files/ad/9000019161810.jpg, /data/data/com.hisense.service.ad/files/ad/9000019159537_9000019159537.mp4, /data/data/com.hisense.service.ad/files/ad/9000019146505.jpg, /data/data/com.hisense.service.ad/files/ad/9000019139817.jpg, /data/data/com.hisense.service.ad/files/ad/9000019159462.zip, /data/data/com.hisense.service.ad/files/ad/9000019142662.jpg])
07-05 20:48:37.249 D/ADLog   ( 2945): ResourceDownloadManager => path is /data/data/com.hisense.service.ad/files/ad/9000019161810.jpg
07-05 20:48:37.249 D/ADLog   ( 2945): ResourceDownloadManager => deleteResourceFileExpired(File file = /data/data/com.hisense.service.ad/files/ad/9000019142662.jpg, List<String> resourceFiles = [/data/data/com.hisense.service.ad/files/ad/9000019161810.jpg, /data/data/com.hisense.service.ad/files/ad/9000019161810.jpg, /data/data/com.hisense.service.ad/files/ad/9000019159537_9000019159537.mp4, /data/data/com.hisense.service.ad/files/ad/9000019146505.jpg, /data/data/com.hisense.service.ad/files/ad/9000019139817.jpg, /data/data/com.hisense.service.ad/files/ad/9000019159462.zip, /data/data/com.hisense.service.ad/files/ad/9000019142662.jpg])
07-05 20:48:37.249 D/ADLog   ( 2945): ResourceDownloadManager => path is /data/data/com.hisense.service.ad/files/ad/9000019142662.jpg
07-05 20:48:37.249 D/ADLog   ( 2945): ResourceDownloadManager => deleteResourceFileExpired(File file = /data/data/com.hisense.service.ad/files/ad/9000019146505.jpg, List<String> resourceFiles = [/data/data/com.hisense.service.ad/files/ad/9000019161810.jpg, /data/data/com.hisense.service.ad/files/ad/9000019161810.jpg, /data/data/com.hisense.service.ad/files/ad/9000019159537_9000019159537.mp4, /data/data/com.hisense.service.ad/files/ad/9000019146505.jpg, /data/data/com.hisense.service.ad/files/ad/9000019139817.jpg, /data/data/com.hisense.service.ad/files/ad/9000019159462.zip, /data/data/com.hisense.service.ad/files/ad/9000019142662.jpg])
07-05 20:48:37.249 D/ADLog   ( 2945): ResourceDownloadManager => path is /data/data/com.hisense.service.ad/files/ad/9000019146505.jpg
07-05 20:48:37.249 D/ADLog   ( 2945): ResourceDownloadManager => deleteResourceFileExpired(File file = /data/data/com.hisense.service.ad/files/ad/9000019139817.jpg, List<String> resourceFiles = [/data/data/com.hisense.service.ad/files/ad/9000019161810.jpg, /data/data/com.hisense.service.ad/files/ad/9000019161810.jpg, /data/data/com.hisense.service.ad/files/ad/9000019159537_9000019159537.mp4, /data/data/com.hisense.service.ad/files/ad/9000019146505.jpg, /data/data/com.hisense.service.ad/files/ad/9000019139817.jpg, /data/data/com.hisense.service.ad/files/ad/9000019159462.zip, /data/data/com.hisense.service.ad/files/ad/9000019142662.jpg])
07-05 20:48:37.249 D/ADLog   ( 2945): ResourceDownloadManager => path is /data/data/com.hisense.service.ad/files/ad/9000019139817.jpg
07-05 20:48:37.250 V/PackageManager( 1733): getPackageInfo com.hisense.service.ad: Package{2fa4b490 com.hisense.service.ad}
07-05 20:48:37.249 D/ADLog   ( 2945): ResourceDownloadManager => deleteResourceFileExpired(File file = /data/data/com.hisense.service.ad/files/ad/9000019159462.zip, List<String> resourceFiles = [/data/data/com.hisense.service.ad/files/ad/9000019161810.jpg, /data/data/com.hisense.service.ad/files/ad/9000019161810.jpg, /data/data/com.hisense.service.ad/files/ad/9000019159537_9000019159537.mp4, /data/data/com.hisense.service.ad/files/ad/9000019146505.jpg, /data/data/com.hisense.service.ad/files/ad/9000019139817.jpg, /data/data/com.hisense.service.ad/files/ad/9000019159462.zip, /data/data/com.hisense.service.ad/files/ad/9000019142662.jpg])
07-05 20:48:37.252 D/ADLog   ( 2945): ResourceDownloadManager => path is /data/data/com.hisense.service.ad/files/ad/9000019159462.zip
07-05 20:48:37.252 D/ADLog   ( 2945): ResourceDownloadManager => deleteResourceFileExpired(File file = /data/data/com.hisense.service.ad/files/ad/9000019159537_9000019159537.mp4, List<String> resourceFiles = [/data/data/com.hisense.service.ad/files/ad/9000019161810.jpg, /data/data/com.hisense.service.ad/files/ad/9000019161810.jpg, /data/data/com.hisense.service.ad/files/ad/9000019159537_9000019159537.mp4, /data/data/com.hisense.service.ad/files/ad/9000019146505.jpg, /data/data/com.hisense.service.ad/files/ad/9000019139817.jpg, /data/data/com.hisense.service.ad/files/ad/9000019159462.zip, /data/data/com.hisense.service.ad/files/ad/9000019142662.jpg])
07-05 20:48:37.252 D/ADLog   ( 2945): ResourceDownloadManager => path is /data/data/com.hisense.service.ad/files/ad/9000019159537_9000019159537.mp4
07-05 20:48:37.252 D/ADLog   ( 2945): ResourceDownloadManager => flashMax:104857600
07-05 20:48:37.252 D/ADLog   ( 2945): ResourceDownloadManager => storageSpaceUsed:15542387
07-05 20:48:37.252 D/ADLog   ( 2945): ResourceDownloadManager => availableStorageSpace:3563675648
07-05 20:48:37.252 D/ADLog   ( 2945): ResourceDownloadManager => task count is 1
07-05 20:48:37.253 D/ADLog   ( 2945): HttpDownloader => HttpDownloader216 downloadInfo::com.hisense.service.ad.bean.DownloadListInfo@9b13e5b, com.hisense.service.ad.bean.DownloadListInfo@166c060c
07-05 20:48:37.253 D/ADLog   ( 2945): HttpDownloader => httpdownloader216: to download resource file /data/data/com.hisense.service.ad/files/ad/9000019139817.jpg
07-05 20:48:37.253 D/ADLog   ( 2945): HttpDownloader => httpdownloader216: resource url is http://download.hismarttv.com/epgdata/ImageAD/9000019139817.jpg
07-05 20:48:37.255 I/ResourceDownloadManager( 2945): success to create a http downloader.
07-05 20:48:37.255 V/PackageManager( 1733): getPackageInfo com.hisense.service.ad: Package{2fa4b490 com.hisense.service.ad}
07-05 20:48:37.255 D/DetailPlayActivity.java( 8094): VodLog-[initRemindDialog:352]http://picture.edu.hismarttv.com/images/20151119035938180406.png
07-05 20:48:37.256 V/PackageManager( 1733): getPackageInfo com.hisense.service.ad: Package{2fa4b490 com.hisense.service.ad}
07-05 20:48:37.262 D/ADLog   ( 2945): ResourceDownloadManager => success to send a DownloadSuccess msg.sys_ssv3
07-05 20:48:37.263 D/ADLog   ( 2945): DBManager => updateADStatus(String adCode = sys_ssv3, String packageName = com.jamdeo.screensaver)
07-05 20:48:37.269 I/MiSysSrv( 1214): [37m[INFO] Change to Voltage: 117 mv (0x32)[m
07-05 20:48:37.278 D/OkHttp  ( 8094): --> GET http://api.edu.hismarttv.com/medias/api/media/3535?codeType=1002&vender=0&resolutionpolicy=2&uuid=13287129&mac=a8:a6:48:18:fc:a8&devid=86100300900000500000060a4818fca8&version=00.002.003&subscriberId=13287129&customerId=7195320&model_id=0&APPPackage=com.hisense.hicloud.edca&PFAPPCode=652&APPVersionName=3.0.0.9.00&ChannelId=0&softwareVersion=LED50MU8600UC0000888&tv_distribute_id=00&devType=0&APIVersion=600&accessToken=72DF6038D2AEAB8A76DFBBBBCC428A4A_003469305914783&eventType=207&srccolumnid=0&srcgroupid=10003&original=1&APIversion=501&logversion=2.0&eventcode=207000&eventPos=000&srcrowid=1&srceventcode=232000&srctabid=0&mediaid=3535&sessionid=19b73534d87645c0841a3a6337e596c7&requesttime=1499258917119&requestid=10b6bcb987f24e2c8741512eefe8118b&issysrepo=1start=&resolutionpolicy=2&rows=&vender=0&search_key=&typeCode=1002&type=& http/1.1
07-05 20:48:37.279 D/OkHttp  ( 8094): Data_Type: JSON
07-05 20:48:37.279 D/OkHttp  ( 8094): RetryTime: 0
07-05 20:48:37.279 D/OkHttp  ( 8094): Backoffmutiplier: 0
07-05 20:48:37.279 D/OkHttp  ( 8094): Host: api.edu.hismarttv.com
07-05 20:48:37.279 D/OkHttp  ( 8094): Connection: Keep-Alive
07-05 20:48:37.279 D/OkHttp  ( 8094): Accept-Encoding: gzip
07-05 20:48:37.279 D/OkHttp  ( 8094): User-Agent: okhttp/3.6.0
07-05 20:48:37.279 D/OkHttp  ( 8094): --> END GET
07-05 20:48:37.299 D/ADLog   ( 2945): ADInfo => addJsonExtra(String key = ad_on_jump, String value = {"startupType":4,"startupUrl":[{"key":"startupType","value":3,"type":"int"},{"key":"packageName","value":"com.hisense.hicloud.edca","type":"String"}]})
07-05 20:48:37.299 D/ADLog   ( 2945): ADInfo => mJsonExtras = {"ad_on_jump":"{\"startupType\":4,\"startupUrl\":[{\"key\":\"startupType\",\"value\":3,\"type\":\"int\"},{\"key\":\"packageName\",\"value\":\"com.hisense.hicloud.edca\",\"type\":\"String\"}]}"}
07-05 20:48:37.299 D/ADLog   ( 2945): ADServiceHandler => postExecute
07-05 20:48:37.302 V/PackageManager( 1733): getPackageInfo com.hisense.service.ad: Package{2fa4b490 com.hisense.service.ad}
07-05 20:48:37.306 D/ADLog   ( 2945): ADDaoHandler => update ADCodeInfo
07-05 20:48:37.306 W/Activity( 8094): changePanelKeyPadStateIfNecessary() : false
07-05 20:48:37.306 D/ADLog   ( 2945): DBManager => update(String table = ADCodeInfo, Object obj = ADCodeInfo [id=5, adCode=ad_on_cv4, packageNamecom.jamdeo.tv.advertisementproxy, UpdateStatus=2, defaultAdID=1000000006433, defaultAdURL=http://download.hismarttv.com/epgdata/ImageAD/9000019159462.zip, defaultAdPath=/data/data/com.hisense.service.ad/files/ad/9000019159462.zip, defaultAdType=9, owner=hitv, lastUpdateTime=1499230117, lock=java.util.concurrent.locks.ReentrantLock@2f1e6b55[Locked by thread pool-1-thread-1], adInfos=[com.hisense.service.ad.bean.ADInfo@2d65c96a]])
07-05 20:48:37.306 D/ADLog   ( 2945): DBManager => getValues(String tabName = ADCodeInfo, Object object = ADCodeInfo [id=5, adCode=ad_on_cv4, packageNamecom.jamdeo.tv.advertisementproxy, UpdateStatus=2, defaultAdID=1000000006433, defaultAdURL=http://download.hismarttv.com/epgdata/ImageAD/9000019159462.zip, defaultAdPath=/data/data/com.hisense.service.ad/files/ad/9000019159462.zip, defaultAdType=9, owner=hitv, lastUpdateTime=1499230117, lock=java.util.concurrent.locks.ReentrantLock@2f1e6b55[Locked by thread pool-1-thread-1], adInfos=[com.hisense.service.ad.bean.ADInfo@2d65c96a]])
07-05 20:48:37.306 D/ADLog   ( 2945): CommonUtils => getStringFromList:   [{"id":"8","code":"hitvdef","url":"http:\/\/api.hismarttv.com\/adapi\/getlogopic?type=0&ac=${ADCODE}&pid=${ADPOLICY}&aid=${ADID}&did=${DEVICEID}&t=${TIME}&act=${ACTION}&dt=${DISPLAYTIMES}&tz=${TIMEZONE}&mac=${MAC}"}]
07-05 20:48:37.307 V/MediaPlayer-JNI( 8094): native_finalize
07-05 20:48:37.307 V/MediaPlayer-JNI( 8094): release
07-05 20:48:37.308 V/InputManager( 8094): setPanelKeyPadConvertState() : false
07-05 20:48:37.308 I/art     ( 8094): Background partial concurrent mark sweep GC freed 14035(961KB) AllocSpace objects, 5(9MB) LOS objects, 11% free, 30MB/34MB, paused 6.126ms total 90.974ms
07-05 20:48:37.308 I/BaseActivity( 8094): onResume
07-05 20:48:37.308 D/DetailPlayActivity( 8094): ---------------------------onresume
07-05 20:48:37.310 D/HttpHandler( 8094): VerifySignInterCeptor-->request.url()=http://picture.edu.hismarttv.com/images/20151119035917189009.png
07-05 20:48:37.310 D/HttpHandler( 8094): VerifySignInterCeptor-->hostname=picture.edu.hismarttv.com
07-05 20:48:37.315 V/WindowManager( 1733): Adding window Window{310f4611 u0 com.hisense.hicloud.edca/com.hisense.hicloud.edca.mediaplayer.activity.DetailPlayActivity} at 12 of 20 (after Window{3ee6f797 u0 com.hisense.hicloud.edca/com.hisense.tvui.newhome.HomeMainActivity})
07-05 20:48:37.315 D/ADLog   ( 2945): DBManager => change downloadstatus result = 1
07-05 20:48:37.317 D/ADLog   ( 2945): ResourceDownloadManager => success to send broadcast!!!!!sys_ssv3
07-05 20:48:37.318 D/AdvertisementManager( 4390): getAdvertisementContentInfo(sys_ssv3) called
07-05 20:48:37.318 D/ADLog   ( 2945): ADServiceAIDL => getADPlayContent adCode = sys_ssv3 packageName = com.jamdeo.screensaver
07-05 20:48:37.318 D/ADLog   ( 2945): ADServiceHandler => ADContentInfo getAD(String adCode = sys_ssv3, String packageName = com.jamdeo.screensaver)
07-05 20:48:37.318 D/ADLog   ( 2945): ADServiceHandler => getADInfo(String adCode = sys_ssv3, String packageName = com.jamdeo.screensaver)
07-05 20:48:37.319 D/ADLog   ( 2945): DBManager => query(String adCode = sys_ssv3, String packageName = com.jamdeo.screensaver)
07-05 20:48:37.320 D/OkHttp  ( 8094): --> GET http://picture.edu.hismarttv.com/images/20151119035917189009.png http/1.1
07-05 20:48:37.320 D/OkHttp  ( 8094): Host: picture.edu.hismarttv.com
07-05 20:48:37.320 D/OkHttp  ( 8094): Connection: Keep-Alive
07-05 20:48:37.320 D/OkHttp  ( 8094): Accept-Encoding: gzip
07-05 20:48:37.320 D/OkHttp  ( 8094): User-Agent: okhttp/3.6.0
07-05 20:48:37.320 D/OkHttp  ( 8094): --> END GET
07-05 20:48:37.320 I/MyFragmentStateAdapter( 8094): getCount
07-05 20:48:37.320 I/MyFragmentStateAdapter( 8094): getCount
07-05 20:48:37.321 I/MyFragmentStateAdapter( 8094): getCount
07-05 20:48:37.321 I/MyFragmentStateAdapter( 8094): getCount
07-05 20:48:37.321 I/FirstLineAdapter( 8094): canShowTrailer,isOffline=false
07-05 20:48:37.321 I/FirstLineAdapter( 8094): canShowTrailer,isOffline=false
07-05 20:48:37.321 I/FirstLineAdapter( 8094): canShowTrailer,isOffline=false
07-05 20:48:37.321 I/FirstLineAdapter( 8094): canShowTrailer,isOffline=false
07-05 20:48:37.321 I/FirstLineAdapter( 8094): canShowTrailer,isOffline=false
07-05 20:48:37.321 I/FirstLineAdapter( 8094): canShowTrailer,isOffline=false
07-05 20:48:37.321 I/FirstLineAdapter( 8094): canShowTrailer,isOffline=false
07-05 20:48:37.322 I/FirstLineAdapter( 8094): canShowTrailer,isOffline=false
07-05 20:48:37.322 I/FirstLineAdapter( 8094): canShowTrailer,isOffline=false
07-05 20:48:37.325 I/MyFragmentStateAdapter( 8094): getCount
07-05 20:48:37.327 D/ADLog   ( 2945): ADDaoHandler => getADCodeInfo(String adCode = sys_ssv3)
07-05 20:48:37.327 D/ADLog   ( 2945): DBManager => query(String adCode = sys_ssv3)
07-05 20:48:37.329 D/ADLog   ( 2945): DBManager => ADCodeInfo cursor.getCount() = 1
07-05 20:48:37.329 D/ADLog   ( 2945): DBManager => queryPlayPolicy(adCode = sys_ssv3, packageName = com.jamdeo.screensaver)
07-05 20:48:37.330 E/ADLog   ( 2945): DBManager => query count is 0
07-05 20:48:37.331 D/ADLog   ( 2945): DBManager => ADCodeInfo [id=4, adCode=sys_ssv3, packageNamecom.jamdeo.screensaver, UpdateStatus=2, defaultAdID=1000000001239, defaultAdURL=http://download.hismarttv.com/epgdata/ImageAD/9000019139817.jpg, defaultAdPath=/data/data/com.hisense.service.ad/files/ad/9000019139817.jpg, defaultAdType=5, owner=hitv, lastUpdateTime=1499230117, lock=java.util.concurrent.locks.ReentrantLock@18a767d1[Unlocked], adInfos=[]]
07-05 20:48:37.331 D/ADLog   ( 2945): ADServiceHandler => current time:1499230117, lastUpdate time: 1499230117
07-05 20:48:37.331 D/ADLog   ( 2945): ADServiceHandler => app.getLastUsedAdId() is 1000000015547
07-05 20:48:37.331 D/ADLog   ( 2945): ADServiceHandler => lastShowAdID is 1000000015547
07-05 20:48:37.331 D/ADLog   ( 2945): ADServiceHandler => to find last used ad.
07-05 20:48:37.331 I/NetflixMonitorService( 1733): current fgapk : com.hisense.hicloud.edca
07-05 20:48:37.331 I/NetflixMonitorService( 1733): Netflix status unchanged
07-05 20:48:37.332 D/ADLog   ( 2945): DBManager => update(String table = AppADCodeInfo, Object obj = com.hisense.service.ad.bean.AppADCodeInfo@1d8f1236)
07-05 20:48:37.332 D/ADLog   ( 2945): DBManager => update(AppADCodeInfo info = com.hisense.service.ad.bean.AppADCodeInfo@1d8f1236)
07-05 20:48:37.332 D/ADLog   ( 2945): DBManager => update appcodeinfo---------------------
07-05 20:48:37.332 D/ADLog   ( 2945): DBManager => getValues(String tabName = AppADCodeInfo, Object object = com.hisense.service.ad.bean.AppADCodeInfo@1d8f1236)
07-05 20:48:37.332 D/ADLog   ( 2945): DBManager => result = 1, table : ADCodeInfo
07-05 20:48:37.335 D/HttpHandler( 8094): VerifySignInterCeptor-->request.url()=http://picture.edu.hismarttv.com/images/20151119035723420106.png
07-05 20:48:37.335 D/HttpHandler( 8094): VerifySignInterCeptor-->hostname=picture.edu.hismarttv.com
07-05 20:48:37.337 D/HttpHandler( 8094): VerifySignInterCeptor-->request.url()=http://picture.edu.hismarttv.com/images/20151119035938180406.png
07-05 20:48:37.337 D/HttpHandler( 8094): VerifySignInterCeptor-->hostname=picture.edu.hismarttv.com
07-05 20:48:37.337 V/PackageManager( 1733): getPackageInfo com.hisense.service.ad: Package{2fa4b490 com.hisense.service.ad}
07-05 20:48:37.338 D/OkHttp  ( 8094): --> GET http://picture.edu.hismarttv.com/images/20151119035938180406.png http/1.1
07-05 20:48:37.338 D/OkHttp  ( 8094): Host: picture.edu.hismarttv.com
07-05 20:48:37.338 D/OkHttp  ( 8094): Connection: Keep-Alive
07-05 20:48:37.338 D/OkHttp  ( 8094): Accept-Encoding: gzip
07-05 20:48:37.338 D/OkHttp  ( 8094): User-Agent: okhttp/3.6.0
07-05 20:48:37.338 D/OkHttp  ( 8094): --> END GET
07-05 20:48:37.338 D/OkHttp  ( 8094): --> GET http://picture.edu.hismarttv.com/images/20151119035723420106.png http/1.1
07-05 20:48:37.338 D/OkHttp  ( 8094): Host: picture.edu.hismarttv.com
07-05 20:48:37.338 D/OkHttp  ( 8094): Connection: Keep-Alive
07-05 20:48:37.338 D/OkHttp  ( 8094): Accept-Encoding: gzip
07-05 20:48:37.339 D/OkHttp  ( 8094): User-Agent: okhttp/3.6.0
07-05 20:48:37.339 D/OkHttp  ( 8094): --> END GET
07-05 20:48:37.342 I/SurfaceFlinger( 1204): the layer SurfaceView is used to close xc and zorder is smallerest! clear region
07-05 20:48:37.345 D/OkHttp  ( 8094): <-- 200 OK http://api.edu.hismarttv.com/medias/api/media/3535?codeType=1002&vender=0&resolutionpolicy=2&uuid=13287129&mac=a8:a6:48:18:fc:a8&devid=86100300900000500000060a4818fca8&version=00.002.003&subscriberId=13287129&customerId=7195320&model_id=0&APPPackage=com.hisense.hicloud.edca&PFAPPCode=652&APPVersionName=3.0.0.9.00&ChannelId=0&softwareVersion=LED50MU8600UC0000888&tv_distribute_id=00&devType=0&APIVersion=600&accessToken=72DF6038D2AEAB8A76DFBBBBCC428A4A_003469305914783&eventType=207&srccolumnid=0&srcgroupid=10003&original=1&APIversion=501&logversion=2.0&eventcode=207000&eventPos=000&srcrowid=1&srceventcode=232000&srctabid=0&mediaid=3535&sessionid=19b73534d87645c0841a3a6337e596c7&requesttime=1499258917119&requestid=10b6bcb987f24e2c8741512eefe8118b&issysrepo=1start=&resolutionpolicy=2&rows=&vender=0&search_key=&typeCode=1002&type=& (65ms)
07-05 20:48:37.345 D/OkHttp  ( 8094): Server: nginx
07-05 20:48:37.345 D/OkHttp  ( 8094): Date: Wed, 05 Jul 2017 12:48:37 GMT
07-05 20:48:37.345 D/OkHttp  ( 8094): Content-Type: application/json
07-05 20:48:37.345 D/OkHttp  ( 8094): Content-Length: 57924
07-05 20:48:37.345 D/OkHttp  ( 8094): Connection: close
07-05 20:48:37.345 D/OkHttp  ( 8094): <-- END HTTP
07-05 20:48:37.347 D/HttpHandler( 8094): RetryIntercepter-->retryNum=0
07-05 20:48:37.347 D/HttpHandler( 8094): RetryIntercepter-->backoffmutiplier=0
07-05 20:48:37.348 E/btif_config( 2964): [btif_config_get] node is TRUE!
07-05 20:48:37.348 E/btif_config( 2964): [btif_config_get] ret is TRUE!
07-05 20:48:37.352 D/ADLog   ( 2945): DBManager => result = 1
07-05 20:48:37.353 D/Surface ( 1733): onStatusChange() : mNativeObject = 547819076096 mUseImageHwRender = false
07-05 20:48:37.353 V/Surface ( 1733): nativeSetHardwareRender() : status = 0
07-05 20:48:37.353 V/Surface ( 1733): nativeSetHardwareRender() : end
07-05 20:48:37.353 D/OsdMonitorService( 1733): mCurrentWindow = com.hisense.hicloud.edca/com.hisense.tvui.newhome.HomeMainActivity; newWindow = com.hisense.hicloud.edca/com.hisense.hicloud.edca.mediaplayer.activity.DetailPlayActivity; isSubWindow = false; isInWinList = false; isExitNow = false
07-05 20:48:37.353 D/OsdMonitorService( 1733): windowNotOsd() : name = com.hisense.hicloud.edca/com.hisense.hicloud.edca.mediaplayer.activity.DetailPlayActivity
07-05 20:48:37.353 I/OsdMonitorService( 1733): setOsdStatus() : status will change from true to true
07-05 20:48:37.354 D/ADLog   ( 2945): ADDaoHandler => getADCodeInfo(String adCode = ad_vm_av3)
07-05 20:48:37.354 D/ADLog   ( 2945): DBManager => query(String adCode = ad_vm_av3)
07-05 20:48:37.355 D/ADLog   ( 2945): DBManager => ADCodeInfo cursor.getCount() = 1
07-05 20:48:37.356 D/ADLog   ( 2945): DBManager => queryPlayPolicy(adCode = ad_vm_av3, packageName = com.jamdeo.tv.resources)
07-05 20:48:37.357 V/PackageManager( 1733): getPackageInfo com.hisense.service.ad: Package{2fa4b490 com.hisense.service.ad}
07-05 20:48:37.357 E/ADLog   ( 2945): DBManager => query count is 0
07-05 20:48:37.358 D/ADLog   ( 2945): DBManager => ADCodeInfo [id=6, adCode=ad_vm_av3, packageNamecom.jamdeo.tv.resources, UpdateStatus=1, defaultAdID=1000000005878, defaultAdURL=http://download.hismarttv.com/epgdata/ImageAD/9000019142662.jpg, defaultAdPath=/data/data/com.hisense.service.ad/files/ad/9000019142662.jpg, defaultAdType=5, owner=hitv, lastUpdateTime=1499230057, lock=java.util.concurrent.locks.ReentrantLock@393b6537[Unlocked], adInfos=[]]
07-05 20:48:37.359 V/PackageManager( 1733): getPackageInfo com.hisense.service.ad: Package{2fa4b490 com.hisense.service.ad}
07-05 20:48:37.362 D/ADLog   ( 2945): ADServiceHandler => return default ad for sys_ssv3
07-05 20:48:37.363 D/PowerManagerService( 1733): setScreenBrightnessOverrideFromWindowManagerInternal done
07-05 20:48:37.364 D/OkHttp  ( 8094): <-- 200 OK http://picture.edu.hismarttv.com/images/20151119035938180406.png (25ms)
07-05 20:48:37.364 D/OkHttp  ( 8094): Date: Thu, 29 Jun 2017 10:00:04 GMT
07-05 20:48:37.364 D/OkHttp  ( 8094): Server: nginx/1.6.2
07-05 20:48:37.364 D/OkHttp  ( 8094): Content-Type: image/png
07-05 20:48:37.364 D/OkHttp  ( 8094): Content-Length: 386276
07-05 20:48:37.364 D/OkHttp  ( 8094): Last-Modified: Thu, 19 Nov 2015 03:59:38 GMT
07-05 20:48:37.364 D/OkHttp  ( 8094): ETag: "564d492a-5e4e4"
07-05 20:48:37.364 D/OkHttp  ( 8094): Accept-Ranges: bytes
07-05 20:48:37.364 D/OkHttp  ( 8094): Age: 528513
07-05 20:48:37.364 D/OkHttp  ( 8094): Via: 1.0 hewangtong173:8106 (Cdn Cache Server V2.0), 1.0 zhiwangtong174:5 (Cdn Cache Server V2.0), 1.0 t85:0 (Cdn Cache Server V2.0)[0 200 0]
07-05 20:48:37.364 D/OkHttp  ( 8094): Connection: keep-alive
07-05 20:48:37.364 D/OkHttp  ( 8094): <-- END HTTP
07-05 20:48:37.366 D/PowerManagerService( 1733): setScreenBrightnessOverrideFromWindowManagerInternal done
07-05 20:48:37.368 I/AdvertisementManager( 4390): advertisement(type 8) show type=5
07-05 20:48:37.368 I/AdvertisementManager( 4390): resource path: /data/data/com.hisense.service.ad/files/ad/9000019139817.jpg
07-05 20:48:37.368 D/Surface ( 1733): onStatusChange() : mNativeObject = 0 mUseImageHwRender = false
07-05 20:48:37.368 D/AdvertisementManager( 4390): onReceive(): notify advertisement content update, type:8
07-05 20:48:37.369 D/Surface ( 8094): onStatusChange() : mNativeObject = -538089472 mUseImageHwRender = false
07-05 20:48:37.369 V/Surface ( 8094): nativeSetHardwareRender() : status = 0
07-05 20:48:37.369 V/Surface ( 8094): nativeSetHardwareRender() : end
07-05 20:48:37.374 D/gralloc ( 1204): allocate buffer from ION HEAP 0x1
07-05 20:48:37.374 D/gralloc ( 1204): allocate memory from system heap
07-05 20:48:37.374 D/OkHttp  ( 8094): <-- 200 OK http://picture.edu.hismarttv.com/images/20151119035723420106.png (35ms)
07-05 20:48:37.374 D/OkHttp  ( 8094): Date: Tue, 04 Jul 2017 00:19:32 GMT
07-05 20:48:37.374 D/OkHttp  ( 8094): Server: nginx/1.6.2
07-05 20:48:37.374 D/OkHttp  ( 8094): Content-Type: image/png
07-05 20:48:37.374 D/OkHttp  ( 8094): Content-Length: 11698
07-05 20:48:37.374 D/OkHttp  ( 8094): Last-Modified: Thu, 19 Nov 2015 03:57:23 GMT
07-05 20:48:37.374 D/OkHttp  ( 8094): ETag: "564d48a3-2db2"
07-05 20:48:37.374 D/OkHttp  ( 8094): Accept-Ranges: bytes
07-05 20:48:37.374 D/OkHttp  ( 8094): Age: 131345
07-05 20:48:37.374 D/OkHttp  ( 8094): Via: 1.0 jnwt242:88 (Cdn Cache Server V2.0), 1.0 hwangt167:6 (Cdn Cache Server V2.0)[0 200 0], 1.0 t86:8 (Cdn Cache Server V2.0)[0 200 0]
07-05 20:48:37.374 D/OkHttp  ( 8094): Connection: keep-alive
07-05 20:48:37.374 D/OkHttp  ( 8094): <-- END HTTP
07-05 20:48:37.376 I/SurfaceFlinger( 1204): the layer SurfaceView is used to close xc and zorder is smallerest! clear region
07-05 20:48:37.377 D/HttpHandler( 8094): RetryIntercepter-->retryNum=0
07-05 20:48:37.378 D/HttpHandler( 8094): RetryIntercepter-->backoffmutiplier=0
07-05 20:48:37.380 D/HttpHandler( 8094): RetryIntercepter-->retryNum=0
07-05 20:48:37.380 D/HttpHandler( 8094): RetryIntercepter-->backoffmutiplier=0
07-05 20:48:37.385 D/gralloc ( 1204): allocate buffer from ION HEAP 0x1
07-05 20:48:37.385 D/gralloc ( 1204): allocate memory from system heap
07-05 20:48:37.391 D/gralloc ( 1204): allocate buffer from ION HEAP 0x1
07-05 20:48:37.391 D/gralloc ( 1204): allocate memory from system heap
07-05 20:48:37.395 I/TransitionImageHelper( 2927): Transition AD images had been changed.
07-05 20:48:37.397 D/Carousel-CarouselVideoViewImpl( 8094): stopPlay.
07-05 20:48:37.397 D/Carousel-log_video-( 8094): onStopPlay!
07-05 20:48:37.397 D/Carousel-log_video-( 8094): submitPlayStopLog mLogPlayState:5
07-05 20:48:37.397 D/Carousel-log_video-( 8094): No need to repeat play stop log.
07-05 20:48:37.400 V/InputMethodService( 2203): startInput(): editor=android.view.inputmethod.EditorInfo@1469e773
07-05 20:48:37.400 V/InputMethodService( 2203): CALL: onFinishInput
07-05 20:48:37.401 E/SOGOUIME_JNI( 2203): reset
07-05 20:48:37.402 E/SOGOUIME_JNI( 2203): getCandidates
07-05 20:48:37.402 E/SOGOUIME_JNI( 2203): ime_get_uncommitted_length
07-05 20:48:37.405 V/PackageManager( 1733): getPackageInfo com.hisense.service.ad: Package{2fa4b490 com.hisense.service.ad}
07-05 20:48:37.406 D/AdvertisementManager( 4390): getAdvertisementContentInfo(16) called
07-05 20:48:37.406 D/AdvertisementManager( 4390): getAdvertisementContentInfo(ad_sc) called
07-05 20:48:37.407 I/MyFragmentStateAdapter( 8094): getCount
07-05 20:48:37.407 D/ADLog   ( 2945): ADServiceAIDL => getADPlayContent adCode = ad_sc packageName = com.jamdeo.tv.tileanimation
07-05 20:48:37.407 D/ADLog   ( 2945): ADServiceHandler => ADContentInfo getAD(String adCode = ad_sc, String packageName = com.jamdeo.tv.tileanimation)
07-05 20:48:37.407 D/ADLog   ( 2945): ADServiceHandler => getADInfo(String adCode = ad_sc, String packageName = com.jamdeo.tv.tileanimation)
07-05 20:48:37.407 D/ADLog   ( 2945): DBManager => query(String adCode = ad_sc, String packageName = com.jamdeo.tv.tileanimation)
07-05 20:48:37.407 E/SOGOUIME_JNI( 2203): getCandidates
07-05 20:48:37.407 D/SogouIME API( 2203): ==============num:32
07-05 20:48:37.407 E/SOGOUIME_JNI( 2203): ime_get_uncommitted_length
07-05 20:48:37.407 D/SogouIME( 2203): mFocusedComponent:30   isHkbEnable:false
07-05 20:48:37.407 E/SOGOUIME_JNI( 2203): ime_get_uncommitted_length
07-05 20:48:37.407 E/SOGOUIME_JNI( 2203): ime_get_committed_length
07-05 20:48:37.407 E/SOGOUIME_JNI( 2203): getComposingInfo
07-05 20:48:37.407 E/SOGOUIME_JNI( 2203): getComposingInfo
07-05 20:48:37.407 E/SOGOUIME_JNI( 2203): getCorrectInfo
07-05 20:48:37.408 E/SOGOUIME_JNI( 2203): getComposingInfo
07-05 20:48:37.409 I/SurfaceFlinger( 1204): the layer SurfaceView is used to close xc and zorder is smallerest! clear region
07-05 20:48:37.409 V/InputMethodService( 2203): CALL: onStartInput
07-05 20:48:37.409 E/SOGOUIME_JNI( 2203): invalidateCommitWordPinyinNative
07-05 20:48:37.409 D/SogouIME( 2203): =====configKeyboard=======是否有硬件盘:false     硬件盘是否不再隐藏：false
07-05 20:48:37.409 E/SOGOUIME_JNI( 2203): ime_set_hard_kb_enable
07-05 20:48:37.425 I/TVMW@HsTvSetting( 1234): Trace cmd, data = 0x1058
07-05 20:48:37.432 D/ADLog   ( 2945): ADDaoHandler => getADCodeInfo(String adCode = ad_sc)
07-05 20:48:37.432 D/ADLog   ( 2945): DBManager => query(String adCode = ad_sc)
07-05 20:48:37.434 D/til@system( 2026): til_get_system_param option:100002F int:0, bool:0, ret:0
07-05 20:48:37.438 D/OkHttp  ( 8094): <-- 200 OK http://picture.edu.hismarttv.com/images/20151119035917189009.png (109ms)
07-05 20:48:37.438 D/OkHttp  ( 8094): Date: Fri, 30 Jun 2017 11:09:32 GMT
07-05 20:48:37.438 D/OkHttp  ( 8094): Server: nginx/1.6.2
07-05 20:48:37.438 D/OkHttp  ( 8094): Content-Type: image/png
07-05 20:48:37.438 D/OkHttp  ( 8094): Content-Length: 369052
07-05 20:48:37.438 D/OkHttp  ( 8094): Last-Modified: Thu, 19 Nov 2015 03:59:17 GMT
07-05 20:48:37.438 D/OkHttp  ( 8094): ETag: "564d4915-5a19c"
07-05 20:48:37.438 D/OkHttp  ( 8094): Accept-Ranges: bytes
07-05 20:48:37.438 D/OkHttp  ( 8094): Age: 437945
07-05 20:48:37.438 D/OkHttp  ( 8094): Via: 1.0 hewangtong168:80 (Cdn Cache Server V2.0), 1.0 changwtong52:1 (Cdn Cache Server V2.0)[75 200 0]
07-05 20:48:37.438 D/OkHttp  ( 8094): Connection: keep-alive
07-05 20:48:37.438 D/OkHttp  ( 8094): <-- END HTTP
07-05 20:48:37.438 I/TVMW@HsTvSetting( 1234): Trace cmd, data = 0x101f
07-05 20:48:37.442 D/HttpHandler( 8094): RetryIntercepter-->retryNum=0
07-05 20:48:37.442 D/HttpHandler( 8094): RetryIntercepter-->backoffmutiplier=0
07-05 20:48:37.442 D/til@system( 2026): til_get_system_param option:100001D int:3, bool:3, ret:0
07-05 20:48:37.442 E/til     ( 2026): [til_get_current_input_source, 101] 
07-05 20:48:37.444 I/TVMW@HsTvSetting( 1234): Trace cmd, data = 0x7007
07-05 20:48:37.444 I/tilwrapper@sm( 2026): HS2TIL_SourceType *hs=0xd, *til=0x900
07-05 20:48:37.445 D/til     ( 2026): get current source 2304
07-05 20:48:37.445 D/SourceRemoteServiceHandler( 2026): getCurrentInputSource.from.til.result is 0, value is 2304
07-05 20:48:37.445 D/SourceRemoteServiceHandler( 2026): getInputSourceType source: 0x900, type=2304
07-05 20:48:37.445 D/til     ( 2026): ###### func:til_get_picture_param option:0x3000006 ######  
07-05 20:48:37.445 I/TVMW@HsTvSetting( 1234): Trace cmd, data = 0x1003
07-05 20:48:37.446 I/TVMW@HsTvSetting( 1234): Trace cmd, data = 0x8032
07-05 20:48:37.446 I/hstvos  ( 1216): [0m[1;33m[HSHAL][HS_VIDEO][HS_HAL_Video_SetOsdDetect_v2][2389]u16Threshold = 20
07-05 20:48:37.446 W/QueryController( 8060): AccessibilityNodeInfo returned a null child (0 of 1)
07-05 20:48:37.446 I/SurfaceFlinger( 1204): the layer SurfaceView is used to close xc and zorder is smallerest! clear region
07-05 20:48:37.446 I/MiSysSrv( 1214): Not support now! 42, change to mm_video!!!
07-05 20:48:37.447 W/QueryController( 8060): parent = android.view.accessibility.AccessibilityNodeInfo@8001292b; boundsInParent: Rect(0, 0 - 283, 1080); boundsInScreen: Rect(0, 0 - 283, 1080); packageName: com.hisense.hicloud.edca; className: android.widget.RelativeLayout; text: null; error: null; maxTextLength: -1; contentDescription: null; viewIdResName: com.hisense.hicloud.edca:id/tabview_left; checkable: false; checked: false; focusable: false; focused: false; selected: false; clickable: false; longClickable: false; enabled: true; password: false; scrollable: false; actions: [AccessibilityAction: ACTION_SELECT - null, AccessibilityAction: ACTION_CLEAR_SELECTION - null, AccessibilityAction: ACTION_ACCESSIBILITY_FOCUS - null]
07-05 20:48:37.448 E/TVMW@videoctrl( 1234):  getOsd is 1
07-05 20:48:37.448 W/QueryController( 8060): AccessibilityNodeInfo returned a null child (0 of 1)
07-05 20:48:37.449 D/til@system( 2026): til_get_system_param option:1000027 int:1, bool:1, ret:0
07-05 20:48:37.449 D/til     ( 2026): ###### func:til_get_picture_param option:0x3000045 ######  
07-05 20:48:37.449 I/TVMW@HsTvSetting( 1234): Trace cmd, data = 0x300c
07-05 20:48:37.449 I/TVMW@HsTvSetting( 1234): Trace 3d, data = 0x300c
07-05 20:48:37.449 I/TVMW@3d ( 1234): Hs_debug3d_trace: func:get3dStatus, line:109
07-05 20:48:37.450 W/QueryController( 8060): parent = android.view.accessibility.AccessibilityNodeInfo@8001a8cd; boundsInParent: Rect(0, 0 - 892, 536); boundsInScreen: Rect(380, 0 - 1272, 338); packageName: com.hisense.hicloud.edca; className: android.widget.FrameLayout; text: null; error: null; maxTextLength: -1; contentDescription: null; viewIdResName: com.hisense.hicloud.edca:id/player_container_pic; checkable: false; checked: false; focusable: true; focused: false; selected: false; clickable: true; longClickable: false; enabled: true; password: false; scrollable: false; actions: [AccessibilityAction: ACTION_FOCUS - null, AccessibilityAction: ACTION_SELECT - null, AccessibilityAction: ACTION_CLEAR_SELECTION - null, AccessibilityAction: ACTION_CLICK - null, AccessibilityAction: ACTION_ACCESSIBILITY_FOCUS - null]
07-05 20:48:37.451 W/QueryController( 8060): AccessibilityNodeInfo returned a null child (0 of 1)
07-05 20:48:37.452 W/QueryController( 8060): parent = android.view.accessibility.AccessibilityNodeInfo@8001b410; boundsInParent: Rect(0, 0 - 342, 226); boundsInScreen: Rect(1205, 0 - 1547, 40); packageName: com.hisense.hicloud.edca; className: android.widget.RelativeLayout; text: null; error: null; maxTextLength: -1; contentDescription: null; viewIdResName: com.hisense.hicloud.edca:id/carousel_content; checkable: false; checked: false; focusable: false; focused: false; selected: false; clickable: true; longClickable: false; enabled: true; password: false; scrollable: false; actions: [AccessibilityAction: ACTION_SELECT - null, AccessibilityAction: ACTION_CLEAR_SELECTION - null, AccessibilityAction: ACTION_CLICK - null, AccessibilityAction: ACTION_ACCESSIBILITY_FOCUS - null]
07-05 20:48:37.453 W/QueryController( 8060): AccessibilityNodeInfo returned a null child (0 of 2)
07-05 20:48:37.453 W/QueryController( 8060): parent = android.view.accessibility.AccessibilityNodeInfo@80013bf0; boundsInParent: Rect(0, 0 - 1738, 355); boundsInScreen: Rect(162, 363 - 1900, 718); packageName: com.hisense.hicloud.edca; className: android.widget.LinearLayout; text: null; error: null; maxTextLength: -1; contentDescription: null; viewIdResName: null; checkable: false; checked: false; focusable: false; focused: false; selected: false; clickable: false; longClickable: false; enabled: true; password: false; scrollable: false; actions: [AccessibilityAction: ACTION_SELECT - null, AccessibilityAction: ACTION_CLEAR_SELECTION - null, AccessibilityAction: ACTION_ACCESSIBILITY_FOCUS - null]
07-05 20:48:37.455 W/QueryController( 8060): AccessibilityNodeInfo returned a null child (1 of 2)
07-05 20:48:37.456 W/QueryController( 8060): AccessibilityNodeInfo returned a null child (0 of 2)
07-05 20:48:37.456 W/QueryController( 8060): parent = android.view.accessibility.AccessibilityNodeInfo@8003e365; boundsInParent: Rect(0, 0 - 1738, 664); boundsInScreen: Rect(162, 743 - 1900, 1080); packageName: com.hisense.hicloud.edca; className: android.widget.LinearLayout; text: null; error: null; maxTextLength: -1; contentDescription: null; viewIdResName: null; checkable: false; checked: false; focusable: false; focused: false; selected: false; clickable: false; longClickable: false; enabled: true; password: false; scrollable: false; actions: [AccessibilityAction: ACTION_SELECT - null, AccessibilityAction: ACTION_CLEAR_SELECTION - null, AccessibilityAction: ACTION_ACCESSIBILITY_FOCUS - null]
07-05 20:48:37.457 W/QueryController( 8060): AccessibilityNodeInfo returned a null child (1 of 2)
07-05 20:48:37.461 D/HttpHandler( 8094): VerifySignInterCeptor-->dateType=1
