07-05 23:09:03.654 W/System.err(21136): 	at android.os.HandlerThread.run(HandlerThread.java:61)
07-05 23:09:03.654 W/PluginManager(21136): loadFeature>>() return Result(code=1, data=com.qiyi.video.plugin.j@1d4d4d96, exception=[LoadProviderException(type=loadLocal, throwable=java.lang.Exception: load local histroy info null)], period=1)
07-05 23:09:03.654 D/PlayerSdk/PlayerSdkProject(21136): [TID 21168] initialize(Parameter@1c046c51{mDelayedMilliSec=0, mCustomerAppVersion=3.0.0.9.00, mDeviceId=a8:a6:48:18:fc:a8, mDeviceInfo=vidaa3, mShowAdCountDown=true, mCDNDispathParam=null, mAdsHintNameMap={1001=, 2001=, 3001=}})
07-05 23:09:03.654 D/PlayerSdk/PlayerSdkProject(21136): [TID 21168] >> finishInitialize
07-05 23:09:03.656 I/System.out(21136): D/(plugin_check_upgrade_thread, CommonApi-systemTime): url=http://pdata.video.ptqy.gitv.tv/k
07-05 23:09:03.658 V/LogRecord/LogManager(21136): isLogRegister = false isMultiProcess = false isSecondProcess = false
07-05 23:09:03.659 V/LogRecord/LogManager(21136): setFeedBackComplete = true
07-05 23:09:03.660 I/HiNetworkImpl(21136): doHttp_Asyn(): onSuccess clazz = class com.hisense.sdk.domain.ResponseResult, back from thread: main
07-05 23:09:03.660 I/HomeMainActivity(21136): finishHttpTime : 16185232   634
07-05 23:09:03.662 D/til@system( 2026): til_get_system_param option:1000007 int:-1936525184, bool:128, ret:0
07-05 23:09:03.662 I/art     (21136): Background partial concurrent mark sweep GC freed 13871(947KB) AllocSpace objects, 1(16KB) LOS objects, 10% free, 34MB/38MB, paused 8.778ms total 78.014ms
07-05 23:09:03.662 D/NativeDecimalFormat(21136): NativeDecimalFormat_close print addr=4098418432
07-05 23:09:03.662 D/NativeDecimalFormat(21136): NativeDecimalFormat_close print g_addr=4098419200
07-05 23:09:03.663 D/NativeDecimalFormat(21136): NativeDecimalFormat_close print addr=4098419200
07-05 23:09:03.663 D/NativeDecimalFormat(21136): NativeDecimalFormat_close print g_addr=4098419200
07-05 23:09:03.665 I/System.out(21136): <TVAPI> DEBUG(id=3, devRegister): url = http://data2.itv.ptqy.gitv.tv/itv/devRegister/OGFjZjgxODQ2YThhLzIwMTUxMjI4MTY1NjE5NTcyTWtDSEpmV2IxMTIwOS8yLjEuMC41OTk4Ng/39467112fe7be1432adcf86e152f4899
07-05 23:09:03.665 I/System.out(21136): <TVAPI> DEBUG(id=3, devRegister): header = qyid:tv_69b1ef544cadbb86e8f28950ece1c76a_1167652938875
07-05 23:09:03.665 I/System.out(21136): <TVAPI> DEBUG(id=3, devRegister): header = ov:5.1.1
07-05 23:09:03.665 I/System.out(21136): <TVAPI> DEBUG(id=3, devRegister): header = apkVer:2.1.0.59986
07-05 23:09:03.667 D/til@system( 2026): til_get_system_param option:1000009 int:-1936522112, bool:128, ret:0
07-05 23:09:03.669 D/til@system( 2026): til_get_system_param option:1000008 int:-1815634176, bool:0, ret:0
07-05 23:09:03.669 D/HiSDKLogReport(21136): getOperationDetail-productName : LED50MU8600UC
07-05 23:09:03.669 D/HiSDKLogReport(21136): getOperationDetail-plmNumber : 88888
07-05 23:09:03.669 D/HiSDKLogReport(21136): getOperationDetail-swVersion : V0000.00.01A
07-05 23:09:03.669 D/HiSDKLogReport(21136): getOperationDetail-operationDetail : LED50MU8600UC0000888
07-05 23:09:03.670 D/HiSDKLogReport(21136): processLogReport-log : {eventType=163, appKey=1182445233, APPVersionName=3.0.0.9.00, devid=86100300900000500000060a4818fca8, mac=a8:a6:48:18:fc:a8, uuid=13287129, accessToken=72DF6038D2AEAB8A76DFBBBBCC428A4A_000264858532145, APIversion=501, logversion=2.0, devType=0, APPPackage=com.hisense.hicloud.edca, eventPos=002, requesttime=1499267343669, customerId=7195320, value2=, eventMessage=HttpConnection, value1=634, model_id=0, ChannelId=0, version=00.002.003, tv_distribute_id=00, subscriberId=13287129, APIVersion=600, PFAPPCode=652, softwareVersion=LED50MU8600UC0000888}
07-05 23:09:03.671 I/HomeMainActivity.java(21136): VodLog-[onSuccess:1016]postExperienceVIP request fail.Error Message: id0
07-05 23:09:03.682 V/LogRecord/LogcatController(21136): logcatQueueType is = CIRCULAR
07-05 23:09:03.683 V/LogRecord/QueueFactory(21136): QueueManage , iqiyilogqueuetype = CIRCULAR
07-05 23:09:03.684 V/LogRecord/LogcatController(21136): LogcatController mQueueExcutor init()
07-05 23:09:03.684 V/LogRecord/CircularQueueExcutor(21136): CircularQueueExcutor init()
07-05 23:09:03.684 V/LogRecord/LogManager(21136): isSecondProcess = false
07-05 23:09:03.691 V/LogRecord/ServiceHelper(21136): LogcatRecordingService is not running 
07-05 23:09:03.691 V/LogRercord/IqiyiLogController(21136): iqiyiQueueType is = CIRCULAR
07-05 23:09:03.691 V/LogRecord/QueueFactory(21136): QueueManage , iqiyilogqueuetype = CIRCULAR
07-05 23:09:03.692 V/LogRercord/IqiyiLogController(21136): IqiyiLogController mQueueExcutor init()
07-05 23:09:03.692 V/LogRecord/CircularQueueExcutor(21136): CircularQueueExcutor init()
07-05 23:09:03.692 V/LogRecord/FileHelper(21136): clearFileDir
07-05 23:09:03.698 I/MyFragmentStateAdapter(21136): getCount
07-05 23:09:03.699 W/System.err(21136): java.net.ConnectException: failed to connect to /10.18.210.112 (port 8900) after 6000ms: isConnected failed: ECONNREFUSED (Connection refused)
07-05 23:09:03.699 W/System.err(21136): 	at libcore.io.IoBridge.isConnected(IoBridge.java:238)
07-05 23:09:03.699 W/System.err(21136): 	at libcore.io.IoBridge.connectErrno(IoBridge.java:171)
07-05 23:09:03.699 W/System.err(21136): 	at libcore.io.IoBridge.connect(IoBridge.java:122)
07-05 23:09:03.699 W/System.err(21136): 	at java.net.PlainSocketImpl.connect(PlainSocketImpl.java:183)
07-05 23:09:03.699 W/System.err(21136): 	at java.net.PlainSocketImpl.connect(PlainSocketImpl.java:456)
07-05 23:09:03.699 W/System.err(21136): 	at java.net.Socket.connect(Socket.java:882)
07-05 23:09:03.699 W/System.err(21136): 	at com.android.okhttp.internal.Platform.connectSocket(Platform.java:174)
07-05 23:09:03.699 W/System.err(21136): 	at com.android.okhttp.Connection.connect(Connection.java:152)
07-05 23:09:03.699 W/System.err(21136): 	at com.android.okhttp.internal.http.HttpEngine.connect(HttpEngine.java:276)
07-05 23:09:03.699 W/System.err(21136): 	at com.android.okhttp.internal.http.HttpEngine.sendRequest(HttpEngine.java:211)
07-05 23:09:03.699 W/System.err(21136): 	at com.android.okhttp.internal.http.HttpURLConnectionImpl.execute(HttpURLConnectionImpl.java:382)
07-05 23:09:03.699 W/System.err(21136): 	at com.android.okhttp.internal.http.HttpURLConnectionImpl.connect(HttpURLConnectionImpl.java:106)
07-05 23:09:03.699 W/System.err(21136): 	at com.hisense.hitv.hicloud.util.ExceptionReport.a(ExceptionReport.java:337)
07-05 23:09:03.699 W/System.err(21136): 	at com.hisense.hitv.hicloud.util.ExceptionReport.a(ExceptionReport.java:39)
07-05 23:09:03.699 W/System.err(21136): 	at com.hisense.hitv.hicloud.util.ExceptionReport$1.run(ExceptionReport.java:83)
07-05 23:09:03.699 W/System.err(21136): 	at java.lang.Thread.run(Thread.java:818)
07-05 23:09:03.699 W/System.err(21136): Caused by: android.system.ErrnoException: isConnected failed: ECONNREFUSED (Connection refused)
07-05 23:09:03.700 W/System.err(21136): 	at libcore.io.IoBridge.isConnected(IoBridge.java:223)
07-05 23:09:03.700 W/System.err(21136): 	... 15 more
07-05 23:09:03.715 V/LogRecord/FileHelper(21136): /data/data/com.hisense.hicloud.edca/cache/qylogrecord
07-05 23:09:03.716 I/System.out(21136): <TVAPI> DEBUG(System Time): 1499267343
07-05 23:09:03.716 I/System.out(21136): <TVAPI> DEBUG(id=4, systemTime, response_time = 63ms): data = {"t":"1499267343","m":"bb681df3b81041ee5a94f6ddc070d146ee44c50ce708393e","u":"bb681df3b81041ee600ebe13d1d14537cd209a1d88b78425","i":"220.181.109.33","k":"bb681df3b81041eec5c25a6d09bf15639db42e51cb91c539"}
07-05 23:09:03.719 D/Carousel-CarouselView(21136): start to play! hashCode=49218011
07-05 23:09:03.720 D/Carousel-Utils(21136): x=511,y=167, width=892,height=536
07-05 23:09:03.721 D/Carousel-CarouselView(21136): type=1
07-05 23:09:03.721 D/Carousel-CarouselDisplayPlayerLayout(21136): isFullScreen:false
07-05 23:09:03.723 D/Carousel-Utils(21136): displayImage view=android.widget.ImageView{5e42aed V.ED.... ......I. 0,0-0,0 #7f0d0029 app:id/imageView1}
07-05 23:09:03.723 D/Carousel-Utils(21136): displayImage url=http://picture.edu.hismarttv.com/images/20170629010146422927.jpg
07-05 23:09:03.724 D/Carousel-Utils(21136): onResourceReady.
07-05 23:09:03.724 D/Carousel-CarouselDisplayPlayerLayout(21136): isFullScreen:false
07-05 23:09:03.724 D/Carousel-log_(21136): isFullScreen:false
07-05 23:09:03.724 D/Carousel-CarouselDisplayPlayerLayout(21136): replacePlayer carouselType:3
07-05 23:09:03.726 D/Carousel-CarouselDisplayPlayerLayout(21136): x=511, y=167,w=892,h=536, hashCode=378899824
07-05 23:09:03.726 D/Carousel-CarouselDisplayPlayerLayout(21136): mX=0, mY=0,mWitdh=0,mHeight=0, hashCode=378899824
07-05 23:09:03.726 D/Carousel-CarouselDisplayPlayerLayout(21136): changed=true, hashCode=378899824
07-05 23:09:03.754 D/Player/Lib/Utils/PlayerDebugUtils(21136): [TID 21168] initialize, allowDebug: false
07-05 23:09:03.754 I/System.out(21136): <TVAPI> DEBUG(id=3, devRegister, response_time = 86ms): data = {"msg":"","code":"N000000","data":{"apiKey":"9e14d341281067d05d771f41454858c0","authId":1210,"flag":"","hide":"qiyicom","ip":"219.147.31.2","ipLoc":"1-48-3-6-6001-0-26","ipZh":"-----None-","kv":[{"hcdn":"hCDN"},{"homepageHot":""},{"homepageNew":""},{"ruleCode":"http://static.ptqy.gitv.tv/js/tv/app/getPlayerConfig.js","playerConfig":""},{"isShowExitAppDialog":"apk"}],"loading":"","loginTunnel":0,"resIds":[{"id":201221412,"seq":1},{"id":201713612,"seq":2},{"id":201757412,"seq":3}],"sysTime":1499266679,"tab":[],"tip":"","upgradeType":-1,"url":"","version":""}}
07-05 23:09:03.755 I/System.out(21136): <TVAPI> DEBUG(TVApiProcessor): replace url is http://data2.itv.ptqy.gitv.tv/itv/moduleUpdate/1210/2.1.0.59986?p=%7B%22chipVer%22%3A%22%22%2C%22ip%22%3A%22%22%2C%22mac%22%3A%22a8%3Aa6%3A48%3A18%3Afc%3Aa8%22%2C%22mem%22%3A%22%22%2C%22osVer%22%3A22%2C%22platModel%22%3A%22VIDAA_TV%22%2C%22pluginplayer%22%3A%221.64.0.59984%22%2C%22prodModel%22%3A%22VIDAA_TV%22%7D
07-05 23:09:03.755 I/System.out(21136): <TVAPI> DEBUG(id=2, moduleUpdate): url = http://data2.itv.ptqy.gitv.tv/itv/moduleUpdate/1210/2.1.0.59986?p=%7B%22chipVer%22%3A%22%22%2C%22ip%22%3A%22%22%2C%22mac%22%3A%22a8%3Aa6%3A48%3A18%3Afc%3Aa8%22%2C%22mem%22%3A%22%22%2C%22osVer%22%3A22%2C%22platModel%22%3A%22VIDAA_TV%22%2C%22pluginplayer%22%3A%221.64.0.59984%22%2C%22prodModel%22%3A%22VIDAA_TV%22%7D
07-05 23:09:03.755 I/System.out(21136): <TVAPI> DEBUG(id=2, moduleUpdate): header = qyid:tv_69b1ef544cadbb86e8f28950ece1c76a_1167652938875
07-05 23:09:03.755 I/System.out(21136): <TVAPI> DEBUG(id=2, moduleUpdate): header = ov:5.1.1
07-05 23:09:03.755 I/System.out(21136): <TVAPI> DEBUG(id=2, moduleUpdate): header = apkVer:2.1.0.59986
07-05 23:09:03.755 I/System.out(21136): <TVAPI> DEBUG(id=2, moduleUpdate): header = apiKey:9e14d341281067d05d771f41454858c0
07-05 23:09:03.769 D/Player/Player/NativePlayerUtils(21136): [TID 21168] >>checkNativePath
07-05 23:09:03.769 D/Player/Player/NativePlayerUtils(21136): [TID 21168] <<checkNativePath ret=/mnt/sdcard/qcache
07-05 23:09:03.770 D/Player/Player/NativePlayerUtils(21136): [TID 21168] >> loadWhiteListSync()
07-05 23:09:03.772 D/Carousel-CarouselVideoViewImpl(21136): onAttachedToWindow.
07-05 23:09:03.775 D/Player/Player/NativePlayerUtils(21136): [TID 21168] isWhiteListLoaded() return false
07-05 23:09:03.775 D/Player/Player/NativePlayerUtils(21136): [TID 21168] loadWhiteListSync(), so Path is /data/data/com.hisense.hicloud.edca/files/plugin/2.1.0.59986/pluginplayer/1.64.0.59984/pluginplayer-release-1.64.0.59984-libs/libiqiyi_media_player_whitelist.so,domian is ptqy.gitv.tv, current tried times is 0
07-05 23:09:03.775 D/Carousel-CarouselVideoViewImpl(21136): startPlay!
07-05 23:09:03.776 D/Carousel-CarouselDisplayPlayerLayout(21136): isFullScreen:false
07-05 23:09:03.776 I/Carousel-UrlVideoView(21136): onMeasure(MeasureSpec: EXACTLY 816, MeasureSpec: EXACTLY 460)
07-05 23:09:03.777 I/Carousel-UrlVideoView(21136): onMeasure(MeasureSpec: EXACTLY 816, MeasureSpec: EXACTLY 460)
07-05 23:09:03.777 I/CLog    (21136): JNI_OnLoad->(cpuinfos) success!!
07-05 23:09:03.778 D/Surface ( 1733): onStatusChange() : mNativeObject = 547942821376 mUseImageHwRender = false
07-05 23:09:03.778 V/Surface ( 1733): nativeSetHardwareRender() : status = 0
07-05 23:09:03.778 V/Surface ( 1733): nativeSetHardwareRender() : end
07-05 23:09:03.779 D/PowerManagerService( 1733): setScreenBrightnessOverrideFromWindowManagerInternal done
07-05 23:09:03.779 D/Player/Player/NativePlayerUtils(21136): [TID 21168] loadWhiteListSync(), wait load finished
07-05 23:09:03.781 D/CLog    (21136): cpuinfo_len is (370):
07-05 23:09:03.781 D/CLog    (21136): Processor	: AArch64 Processor rev 3 (aarch64)
07-05 23:09:03.781 D/CLog    (21136): processor	: 0
07-05 23:09:03.781 D/CLog    (21136): processor	: 1
07-05 23:09:03.781 D/CLog    (21136): processor	: 2
07-05 23:09:03.781 D/CLog    (21136): processor	: 3
07-05 23:09:03.781 D/CLog    (21136): Features	: fp asimd aes pmull sha1 sha2 crc32 wp half thumb fastmult vfp edsp neon vfpv3 tlsi vfpv4 idiva idivt 
07-05 23:09:03.781 D/CLog    (21136): CPU implementer	: 0x41
07-05 23:09:03.781 D/CLog    (21136): CPU architecture: 8
07-05 23:09:03.781 D/CLog    (21136): CPU variant	: 0x0
07-05 23:09:03.781 D/CLog    (21136): CPU part	: 0xd03
07-05 23:09:03.781 D/CLog    (21136): CPU revision	: 3
07-05 23:09:03.781 D/CLog    (21136): 
07-05 23:09:03.781 D/CLog    (21136): Hardware	: Muji
07-05 23:09:03.781 D/CLog    (21136): Revision	: 0000
07-05 23:09:03.781 D/CLog    (21136): Serial		: 0000000000000000
07-05 23:09:03.781 D/CLog    (21136): 
07-05 23:09:03.781 D/CLog    (21136): cpuinfo hardware is Muji
07-05 23:09:03.781 D/Surface ( 1733): onStatusChange() : mNativeObject = 0 mUseImageHwRender = false
07-05 23:09:03.781 D/TVWhiteList(21136): requested URL key = tv-{model-[VIDAA_TV]|cpuinfo-[Muji]}, default = tv-{cpuinfo-[Muji]}, productname-[VIDAA_TV]
07-05 23:09:03.781 D/TVWhiteList(21136): requested URL = http://puma.api.ptqy.gitv.tv/kestrel/fetch?key=tv-%7Bmodel-%5BVIDAA_TV%5D%7Ccpuinfo-%5BMuji%5D%7D&default_key=tv-%7Bcpuinfo-%5BMuji%5D%7D
07-05 23:09:03.783 I/SurfaceView(21136): Changes: creating=true format=true size=true visible=true left=true top=true
07-05 23:09:03.783 D/TVWhiteList(21136): WhiteList server IP: 119.188.147.32
07-05 23:09:03.787 I/TVMW@HsTvSetting( 1234): Trace cmd, data = 0x1058
07-05 23:09:03.787 D/til@system( 2026): til_get_system_param option:100002F int:0, bool:0, ret:0
07-05 23:09:03.787 I/TVMW@HsTvSetting( 1234): Trace cmd, data = 0x101f
07-05 23:09:03.787 D/til@system( 2026): til_get_system_param option:100001D int:3, bool:3, ret:0
07-05 23:09:03.787 V/WindowManager( 1733): Adding window Window{1d32d211 u0 SurfaceView} at 11 of 20 (before Window{81a3525 u0 com.hisense.hicloud.edca/com.hisense.tvui.newhome.HomeMainActivity})
07-05 23:09:03.787 E/til     ( 2026): [til_get_current_input_source, 101] 
07-05 23:09:03.787 I/TVMW@HsTvSetting( 1234): Trace cmd, data = 0x7007
07-05 23:09:03.787 I/tilwrapper@sm( 2026): HS2TIL_SourceType *hs=0xd, *til=0x900
07-05 23:09:03.787 D/til     ( 2026): get current source 2304
07-05 23:09:03.788 D/SourceRemoteServiceHandler( 2026): getCurrentInputSource.from.til.result is 0, value is 2304
07-05 23:09:03.788 D/SourceRemoteServiceHandler( 2026): getInputSourceType source: 0x900, type=2304
07-05 23:09:03.788 D/til     ( 2026): ###### func:til_get_picture_param option:0x3000006 ######  
07-05 23:09:03.788 I/TVMW@HsTvSetting( 1234): Trace cmd, data = 0x1003
07-05 23:09:03.788 I/TVMW@HsTvSetting( 1234): Trace cmd, data = 0x8032
07-05 23:09:03.788 I/hstvos  ( 1216): [0m[1;33m[HSHAL][HS_VIDEO][HS_HAL_Video_SetOsdDetect_v2][2389]u16Threshold = 20
07-05 23:09:03.788 I/MiSysSrv( 1214): Not support now! 42, change to mm_video!!!
07-05 23:09:03.789 I/SurfaceView(21136): Cur surface: Surface(name=null)/@0xfad6482
07-05 23:09:03.789 E/TVMW@videoctrl( 1234):  getOsd is 1
07-05 23:09:03.789 D/til@system( 2026): til_get_system_param option:1000027 int:1, bool:1, ret:0
07-05 23:09:03.789 D/til     ( 2026): ###### func:til_get_picture_param option:0x3000045 ######  
07-05 23:09:03.789 I/TVMW@HsTvSetting( 1234): Trace cmd, data = 0x300c
07-05 23:09:03.790 I/TVMW@HsTvSetting( 1234): Trace 3d, data = 0x300c
07-05 23:09:03.790 I/TVMW@3d ( 1234): Hs_debug3d_trace: func:get3dStatus, line:109
07-05 23:09:03.794 D/Surface ( 1733): onStatusChange() : mNativeObject = 547942767616 mUseImageHwRender = false
07-05 23:09:03.794 V/Surface ( 1733): nativeSetHardwareRender() : status = 0
07-05 23:09:03.794 V/Surface ( 1733): nativeSetHardwareRender() : end
07-05 23:09:03.794 D/OsdMonitorService( 1733): mCurrentWindow = com.hisense.hicloud.edca/com.hisense.tvui.newhome.HomeMainActivity; newWindow = com.hisense.hicloud.edca/com.hisense.tvui.newhome.HomeMainActivity; isSubWindow = false; isInWinList = false; isExitNow = false
07-05 23:09:03.794 D/OsdMonitorService( 1733): windowNotOsd() : name = com.hisense.hicloud.edca/com.hisense.tvui.newhome.HomeMainActivity
07-05 23:09:03.794 I/OsdMonitorService( 1733): setOsdStatus() : status will change from true to true
07-05 23:09:03.795 V/SurfaceView(21136): com.hisense.hitv.carouselwidgit.view.videoview.UrlVideoView{a79f91 V.E..... ......ID 0,0-816,460} got resized: w=816 h=460, cur w=-1 h=-1
07-05 23:09:03.795 D/PowerManagerService( 1733): setScreenBrightnessOverrideFromWindowManagerInternal done
07-05 23:09:03.797 D/Surface ( 1733): onStatusChange() : mNativeObject = 0 mUseImageHwRender = false
07-05 23:09:03.798 D/Surface (21136): onStatusChange() : mNativeObject = -195845120 mUseImageHwRender = false
07-05 23:09:03.798 V/Surface (21136): nativeSetHardwareRender() : status = 0
07-05 23:09:03.798 V/Surface (21136): nativeSetHardwareRender() : end
07-05 23:09:03.798 I/SurfaceView(21136): New surface: Surface(name=null)/@0x3fff9793, vis=true, frame=Rect(549, 205 - 1365, 665)
07-05 23:09:03.798 D/Surface (21136): onStatusChange() : mNativeObject = 0 mUseImageHwRender = false
07-05 23:09:03.798 D/Surface (21136): onStatusChange() : mNativeObject = -195845120 mUseImageHwRender = false
07-05 23:09:03.798 V/Surface (21136): nativeSetHardwareRender() : status = 0
07-05 23:09:03.798 V/Surface (21136): nativeSetHardwareRender() : end
07-05 23:09:03.798 I/SurfaceView(21136): visibleChanged -- surfaceCreated
07-05 23:09:03.799 D/Carousel-UrlVideoView(21136): surfaceCreated
07-05 23:09:03.803 I/SurfaceView(21136): surfaceChanged -- format=4 w=816 h=460
07-05 23:09:03.803 D/Carousel-UrlVideoView(21136): surfaceChanged
07-05 23:09:03.803 D/Carousel-UrlVideoView(21136): isValidState:false,hasValidSize:false
07-05 23:09:03.803 D/Carousel-UrlVideoView(21136): mVideoWidth:0,mVideoHeight:0,w:816,h:460
07-05 23:09:03.803 I/SurfaceView(21136): surfaceRedrawNeeded
07-05 23:09:03.803 I/SurfaceView(21136): finishedDrawing
07-05 23:09:03.805 D/PowerManagerService( 1733): setScreenBrightnessOverrideFromWindowManagerInternal done
07-05 23:09:03.807 D/PowerManagerService( 1733): setScreenBrightnessOverrideFromWindowManagerInternal done
07-05 23:09:03.808 V/SurfaceView(21136): Layout: x=549 y=205 w=816 h=460, frame=Rect(0, 0 - 816, 460)
07-05 23:09:03.810 D/PowerManagerService( 1733): setScreenBrightnessOverrideFromWindowManagerInternal done
07-05 23:09:03.813 D/TabView (21136): SLOVEN mIsTabScrollingisAnimating===>:falsefalse
07-05 23:09:03.814 I/MainHomeView(21136): OnTabSelected() tabPosition = 2,lastpos=-1, subPosition = 0
07-05 23:09:03.814 I/SoftFragmentList(21136): fetchCacheFragment  enter ---- index = 2
07-05 23:09:03.814 D/SoftFragmentList(21136): fetchCacheFragment  mFragmentCache.size() = 3
07-05 23:09:03.814 D/SoftFragmentList(21136): fetchCacheFragment mLastIndex = 2, view = 
07-05 23:09:03.814 D/MainHomeView(21136): onTabSelected ===>:Current channelId0
07-05 23:09:03.829 I/TVWhiteList(21136): strRes = {"code":"A00000","default_key":"tv-{cpuinfo-[Muji]}","default_value":"","key":"tv-{model-[VIDAA_TV]|cpuinfo-[Muji]}","value":"[{\"result\": {\"vod_dolby\": -1,\"vod_h265\": -1,\"vod_h264_4k_plus\": -1,\"vod_h264_jisu_2k\": 1,\"livenet_H264_4k_plus\": -1,\"livenet_H264_jisu_2k\": 1,\"livenet_h265\": -1,\"qixiu\": 0,\"highest_bs\": 19,\"lowest_bs\": 1,\"local_server_config\": \"\", \"other\": \"\"}},{\"version\":3005,\"result\": {\"vod_dolby\": -1,\"vod_h265\": -1,\"vod_h264_4k_plus\": -1,\"vod_h264_jisu_2k\": -1,\"livenet_H264_4k_plus\": -1,\"livenet_H264_jisu_2k\": -1,\"livenet_h265\": -1,\"qixiu\": 0,\"highest_bs\": 19,\"lowest_bs\": 1,\"local_server_config\": \"\", \"other\": \"\"}},{\"version\":3008,\"result\": {\"vod_dolby\": -1,\"vod_h265\": -1,\"vod_h264_4k_plus\": -1,\"vod_h264_jisu_2k\": 1,\"livenet_H264_jisu_2k\": 1,\"qixiu\": 0,\"highest_bs\": 19,\"lowest_bs\": 1,\"local_server_config\": \"{\\\"start_mode\\\": 1}\", \"other\": \"\"}}]"}
07-05 23:09:03.830 I/TVWhiteList(21136): use white list version whitev 3000
07-05 23:09:03.830 I/TVWhiteList(21136): use white list version whitev 3005
07-05 23:09:03.830 I/TVWhiteList(21136): use white list version whitev 3008
07-05 23:09:03.831 D/Player/Player/NativePlayerUtils(21136): [TID 21278] loadWhiteListSync(), white list fetched: {"SupportDolby":false,"SupportH265":false,"Support4K":false,"SupportLive":true}
07-05 23:09:03.832 D/Player/Player/NativePlayerUtils(21136): [TID 21278] parseWhiteListJson(jsonString:{"SupportDolby":false,"SupportH265":false,"Support4K":false,"SupportLive":true})
07-05 23:09:03.832 D/Player/Player/NativePlayerUtils(21136): [TID 21278] parseWhiteListJson, normal:true,h265:false,dolby:false,bs4K:false
07-05 23:09:03.832 D/Player/Player/NativePlayerUtils(21136): [TID 21168] << loadWhiteListSync()
07-05 23:09:03.832 D/Player/Lib/Utils/PlayerDebugUtils(21136): [TID 21168] initialize, allowDebug: false
07-05 23:09:03.833 D/CLog    (21136): cpuinfo_len is (370):
07-05 23:09:03.833 D/CLog    (21136): Processor	: AArch64 Processor rev 3 (aarch64)
07-05 23:09:03.833 D/CLog    (21136): processor	: 0
07-05 23:09:03.833 D/CLog    (21136): processor	: 1
07-05 23:09:03.833 D/CLog    (21136): processor	: 2
07-05 23:09:03.833 D/CLog    (21136): processor	: 3
07-05 23:09:03.833 D/CLog    (21136): Features	: fp asimd aes pmull sha1 sha2 crc32 wp half thumb fastmult vfp edsp neon vfpv3 tlsi vfpv4 idiva idivt 
07-05 23:09:03.833 D/CLog    (21136): CPU implementer	: 0x41
07-05 23:09:03.833 D/CLog    (21136): CPU architecture: 8
07-05 23:09:03.833 D/CLog    (21136): CPU variant	: 0x0
07-05 23:09:03.833 D/CLog    (21136): CPU part	: 0xd03
07-05 23:09:03.833 D/CLog    (21136): CPU revision	: 3
07-05 23:09:03.833 D/CLog    (21136): 
07-05 23:09:03.833 D/CLog    (21136): Hardware	: Muji
07-05 23:09:03.833 D/CLog    (21136): Revision	: 0000
07-05 23:09:03.833 D/CLog    (21136): Serial		: 0000000000000000
07-05 23:09:03.833 D/CLog    (21136): 
07-05 23:09:03.833 D/CLog    (21136): cpuinfo hardware is Muji
07-05 23:09:03.833 I/TVWhiteList(21136): longyUrl = http://msg.71.am/v5/core/bmd?t=pfmc&success=1&tm1=46&bgv=3.0&tv_device=VIDAA_TV-4-Muji-22-Hisense&isadapted=1&krv=3.8.3
07-05 23:09:03.839 D/PlayerSdk/PlayerSdkProject(21136): [TID 21168] initPingback
07-05 23:09:03.841 I/MyFragmentStateAdapter(21136): getCount
07-05 23:09:03.841 W/System.err(21136): com.qiyi.video.api.ApiException
07-05 23:09:03.846 W/System.err(21136): 	at com.qiyi.tvapi.tv2.a$3.onSuccess(SourceFile:204)
07-05 23:09:03.846 W/System.err(21136): 	at com.qiyi.video.api.a.d.b(SourceFile:105)
07-05 23:09:03.846 W/System.err(21136): 	at com.qiyi.video.api.a.d.a(SourceFile:129)
07-05 23:09:03.846 W/System.err(21136): 	at com.qiyi.tvapi.tv2.a$1.a(SourceFile:102)
07-05 23:09:03.846 W/System.err(21136): 	at com.qiyi.tvapi.tv2.b.c.a(SourceFile:155)
07-05 23:09:03.846 W/System.err(21136): 	at com.qiyi.tvapi.tv2.a.a(SourceFile:95)
07-05 23:09:03.846 W/System.err(21136): 	at com.qiyi.tvapi.tv2.a.callSync(SourceFile:54)
07-05 23:09:03.846 W/System.err(21136): 	at com.qiyi.sdk.plugin.server.upgrade.UpgradeManager.checkUpgrades(SourceFile:60)
07-05 23:09:03.846 W/System.err(21136): 	at com.qiyi.sdk.plugin.server.core.PluginHelper$TimerHandler.checkAllUpgrade(SourceFile:362)
07-05 23:09:03.846 W/System.err(21136): 	at com.qiyi.sdk.plugin.server.core.PluginHelper$TimerHandler.handleMessage(SourceFile:339)
07-05 23:09:03.846 W/System.err(21136): 	at android.os.Handler.dispatchMessage(Handler.java:102)
07-05 23:09:03.846 W/System.err(21136): 	at android.os.Looper.loop(Looper.java:135)
07-05 23:09:03.847 W/System.err(21136): 	at android.os.HandlerThread.run(HandlerThread.java:61)
07-05 23:09:03.847 W/UpgradeManager(21136): moduleUpdate() onException!! exception=com.qiyi.video.api.ApiException
07-05 23:09:03.847 I/System.out(21136): <TVAPI> ERROR(id=2, moduleUpdate, response_time = 189ms): call error. data = {"msg":"\nE000012","code":"E000012","data":[]}
07-05 23:09:03.847 W/System.err(21136): com.qiyi.video.api.ApiException
07-05 23:09:03.847 W/System.err(21136): 	at com.qiyi.tvapi.tv2.a$3.onSuccess(SourceFile:204)
07-05 23:09:03.847 W/System.err(21136): 	at com.qiyi.video.api.a.d.b(SourceFile:105)
07-05 23:09:03.847 W/System.err(21136): 	at com.qiyi.video.api.a.d.a(SourceFile:129)
07-05 23:09:03.847 W/System.err(21136): 	at com.qiyi.tvapi.tv2.a$1.a(SourceFile:102)
07-05 23:09:03.847 W/System.err(21136): 	at com.qiyi.tvapi.tv2.b.c.a(SourceFile:155)
07-05 23:09:03.847 W/System.err(21136): 	at com.qiyi.tvapi.tv2.a.a(SourceFile:95)
07-05 23:09:03.847 W/System.err(21136): 	at com.qiyi.tvapi.tv2.a.callSync(SourceFile:54)
07-05 23:09:03.847 W/System.err(21136): 	at com.qiyi.sdk.plugin.server.upgrade.UpgradeManager.checkUpgrades(SourceFile:60)
07-05 23:09:03.847 W/System.err(21136): 	at com.qiyi.sdk.plugin.server.core.PluginHelper$TimerHandler.checkAllUpgrade(SourceFile:362)
07-05 23:09:03.847 W/System.err(21136): 	at com.qiyi.sdk.plugin.server.core.PluginHelper$TimerHandler.handleMessage(SourceFile:339)
07-05 23:09:03.847 W/System.err(21136): 	at android.os.Handler.dispatchMessage(Handler.java:102)
07-05 23:09:03.847 W/System.err(21136): 	at android.os.Looper.loop(Looper.java:135)
07-05 23:09:03.847 W/System.err(21136): 	at android.os.HandlerThread.run(HandlerThread.java:61)
07-05 23:09:03.847 W/PluginHelper(21136): checkAllUpgrade>>() return true
07-05 23:09:03.847 W/StorageManager(21136): loadLastUpgradeTime<<(upgradeTime=1499267343649)
07-05 23:09:03.847 W/StorageStub@193d3924(21136): saveLastUpgradeTime<<(upgradeTime=1499267343649)
07-05 23:09:03.848 W/StorageStub@193d3924(21136): saveLastUpgradeTime>>()
07-05 23:09:03.848 W/StorageManager(21136): loadLastUpgradeTime>>()
07-05 23:09:03.848 W/PluginHelper(21136): handleMessage>>()
07-05 23:09:03.851 I/art     (21102): WaitForGcToComplete blocked for 16.041ms for cause HeapTrim
07-05 23:09:03.862 D/NetworkManager(21136): [TID 21136] onReceive: intent=Intent { act=android.net.conn.CONNECTIVITY_CHANGE flg=0x10 (has extras) }, extra=Bundle[mParcelledData.dataSize=380]
07-05 23:09:03.862 D/NetworkManager(21136): [TID 21136] action=android.net.conn.CONNECTIVITY_CHANGE
07-05 23:09:03.865 D/NetworkManager(21136): [TID 21283] >> getRequestTask(http://www.baidu.com)
07-05 23:09:03.866 D/NetworkManager(21136): [TID 21283] getRequestTask(http://www.baidu.com): current pool size=2, queue=[]
07-05 23:09:03.866 D/NetworkManager(21136): [TID 21283] getRequestTask(http://www.baidu.com): submitted task={java.util.concurrent.FutureTask@9907f85, 16185437}
07-05 23:09:03.866 D/NetworkManager(21136): [TID 21283] << getRequestTask(http://www.baidu.com): returned task=java.util.concurrent.FutureTask@9907f85
07-05 23:09:03.869 I/MiSysSrv( 1214): [37m[INFO] Change to Voltage: 117 mv (0x32)[m
07-05 23:09:03.869 D/NetworkManager(21136): [TID 21136] getRealState: activeNetInfo={[type: Ethernet[], state: CONNECTED/CONNECTED, reason: (unspecified), extra: a8:a6:48:18:fc:a8, roaming: false, failover: false, isAvailable: true, isConnectedToProvisioningNetwork: false]}, isConnected=true
07-05 23:09:03.870 D/NetworkManager(21136): [TID 21136] onNetStateChanged(2)
07-05 23:09:03.871 D/Carousel-SimpleVideoView(21136): onReceive net connected.
07-05 23:09:03.871 I/SurfaceView(21136): Changes: creating=false format=false size=false visible=false left=false top=false
07-05 23:09:03.871 I/SurfaceView(21136): Cur surface: Surface(name=null)/@0xfad6482
07-05 23:09:03.872 D/Surface ( 1733): onStatusChange() : mNativeObject = 547942767616 mUseImageHwRender = false
07-05 23:09:03.872 V/Surface ( 1733): nativeSetHardwareRender() : status = 0
07-05 23:09:03.872 V/Surface ( 1733): nativeSetHardwareRender() : end
07-05 23:09:03.874 D/PowerManagerService( 1733): setScreenBrightnessOverrideFromWindowManagerInternal done
07-05 23:09:03.875 D/Surface ( 1733): onStatusChange() : mNativeObject = 0 mUseImageHwRender = false
07-05 23:09:03.876 D/Surface (21136): onStatusChange() : mNativeObject = -195872000 mUseImageHwRender = false
07-05 23:09:03.876 V/Surface (21136): nativeSetHardwareRender() : status = 0
07-05 23:09:03.876 V/Surface (21136): nativeSetHardwareRender() : end
07-05 23:09:03.876 I/SurfaceView(21136): New surface: Surface(name=null)/@0x3fff9793, vis=true, frame=Rect(549, 205 - 1365, 665)
07-05 23:09:03.876 D/Surface (21136): onStatusChange() : mNativeObject = 0 mUseImageHwRender = false
07-05 23:09:03.876 D/Surface (21136): onStatusChange() : mNativeObject = -195872000 mUseImageHwRender = false
07-05 23:09:03.876 V/Surface (21136): nativeSetHardwareRender() : status = 0
07-05 23:09:03.876 V/Surface (21136): nativeSetHardwareRender() : end
07-05 23:09:03.876 I/SurfaceView(21136): surfaceRedrawNeeded
07-05 23:09:03.876 I/SurfaceView(21136): finishedDrawing
07-05 23:09:03.877 V/SurfaceView(21136): Layout: x=549 y=205 w=816 h=460, frame=Rect(0, 0 - 816, 460)
07-05 23:09:03.877 I/System.out(21136): <TVAPI> DEBUG(TVApiProperty): read passport-device-id=tv_69b1ef544cadbb86e8f28950ece1c76a_1167652938875
07-05 23:09:03.884 I/MyFragmentStateAdapter(21136): getCount
07-05 23:09:03.891 I/TVWhiteList(21136): strRes = 
07-05 23:09:03.896 D/pingbacklog/getHardwareInfo(21136): getHardwareInfo: info=muji
07-05 23:09:03.900 D/pingbacklog-set(21136): QiyiPingBack2.setAnonymityId is be used, mAnonymityId = tv_69b1ef544cadbb86e8f28950ece1c76a
07-05 23:09:03.900 D/pingbacklog-set(21136): QiyiPingBack2.setPassportId is be used, UserId = null
07-05 23:09:03.902 I/MemTotal:        1958344 kB(21136): MemTotal:	
07-05 23:09:03.903 I/MemTotal:        1958344 kB(21136): 1958344	
07-05 23:09:03.903 I/MemTotal:        1958344 kB(21136): kB	
07-05 23:09:03.904 D/NetworkManager(21136): [TID 21284] >> request(http://www.baidu.com, 16185437)
07-05 23:09:03.906 D/PlayerSdk/PlayerSdkProject(21136): [TID 21168] initPingback: domainName=ptqy.gitv.tv, ver=2.1.0.59986, uuid=20151228165619572MkCHJfWb11209, userId=null, isNewUser=true, deviceid=tv_69b1ef544cadbb86e8f28950ece1c76a_1167652938875, setAnonymityId=tv_69b1ef544cadbb86e8f28950ece1c76a
07-05 23:09:03.908 D/NetworkManager(21136): [TID 21284] request(http://www.baidu.com, 16185437): openConnection
07-05 23:09:03.915 D/PlayerSdk/CheckPackageNameJob(21136): [TID 21168] SdkConfigManager.instance().getConfig() = SdkConfig@39d4e87b{mCustomerCode=60, mPlayerConfigType=4, mPlatformType=HAIXIN, mLoginType=SUB_ACCOUNT, mIsEnableDolby=false, mIsEnableH265=false, mIsEnable4K=true, mIsSupportYinhePingback=false, mShouldDoPlayCheck=true, mshouldGetUuidFromServer=true, mPingbackS1=2, mPingbackS2=simple_sdk, mPingbackP2=3128, mDomainName=ptqy.gitv.tv, mIsDebugVersion=false, mIsDebugVersion=false, mCustomerPackageNames=[com.hisense.hicloud.edca], mEnableSetBitstream=true}
07-05 23:09:03.921 D/PlayerSdk/CheckPackageNameJob@2900660b(21136): [TID 21168] isCancelled() Job[PlayerSdk/CheckPackageNameJob@2900660b](mState=0, mData=Object190746369, mError=null) return false
07-05 23:09:03.921 D/PlayerSdk/CheckPackageNameJob(21136): [TID 21168] onRun(), mCurrentPackageName=com.hisense.hicloud.edca, mCustomerPackageNames=511068292:[com.hisense.hicloud.edca]
07-05 23:09:03.922 D/PlayerSdk/CheckPackageNameJob@2900660b(21136): [TID 21168] notifyJobSuccess() Job[PlayerSdk/CheckPackageNameJob@2900660b](mState=1, mData=Object190746369, mError=null)
07-05 23:09:03.922 D/PlayerSdk/DeviceCheckTask@bc4fce8(21136): [TID 21168] isCancelled() Job[PlayerSdk/DeviceCheckTask@bc4fce8](mState=0, mData=Object43737510, mError=null) return false
07-05 23:09:03.922 D/PlayerSdk/DeviceCheckTask(21136): [TID 21168] execte.onRun: isDevChecked=false, isDeviceCheckPass=false
07-05 23:09:03.922 D/AccessToken(21136): [TID 21168] isAllowedAccess() count=0, now=1499267343922, time=1499267343922, mMaxCount = 5, duration = 600000, mAccessTime = 0, return true
07-05 23:09:03.922 D/AccessToken(21136): [TID 21168] isAllowedAccess() count=0, now=1499267343922, time=1499267343922, mMaxCount = 5, duration = 600000, mAccessTime = 0, return true
07-05 23:09:03.922 D/PlayerSdk/DeviceCheckTask(21136): [TID 21168] deviceCheck
07-05 23:09:03.922 D/PlayerSdk/DeviceCheckTask(21136): [TID 21168] deviceCheck: devCheckTest=-1
07-05 23:09:03.924 I/System.out(21136): <TVAPI> DEBUG(isUpdateData): isUpdateData=devRegister-true
07-05 23:09:03.924 I/System.out(21136): <TVAPI> DEBUG(TVAPI): uuid=20151228165619572MkCHJfWb11209
07-05 23:09:03.924 I/System.out(21136): <TVAPI> DEBUG(TVAPI): version=2.1.0.59986
07-05 23:09:03.924 I/System.out(21136): <TVAPI> DEBUG(TVApiProperty): read passport-device-id=tv_69b1ef544cadbb86e8f28950ece1c76a_1167652938875
07-05 23:09:03.924 I/System.out(21136): <TVAPI> DEBUG(id=6, systemTime): url = http://pdata.video.ptqy.gitv.tv/k
07-05 23:09:03.924 I/System.out(21136): D/(load-playerplugin, CommonApi-systemTime): url=http://pdata.video.ptqy.gitv.tv/k
07-05 23:09:03.925 I/System.out(21136): <TVAPI> DEBUG(id=5, devRegister): url = http://data2.itv.ptqy.gitv.tv/itv/devRegister/OGFjZjgxODQ2YThhLzIwMTUxMjI4MTY1NjE5NTcyTWtDSEpmV2IxMTIwOS8yLjEuMC41OTk4Ng/39467112fe7be1432adcf86e152f4899
07-05 23:09:03.925 I/System.out(21136): <TVAPI> DEBUG(id=5, devRegister): header = qyid:tv_69b1ef544cadbb86e8f28950ece1c76a_1167652938875
07-05 23:09:03.925 I/System.out(21136): <TVAPI> DEBUG(id=5, devRegister): header = ov:5.1.1
07-05 23:09:03.925 I/System.out(21136): <TVAPI> DEBUG(id=5, devRegister): header = apkVer:2.1.0.59986
07-05 23:09:03.933 I/MyFragmentStateAdapter(21136): getCount
07-05 23:09:03.951 I/System.out(21136): <TVAPI> DEBUG(System Time): 1499267343
07-05 23:09:03.951 I/System.out(21136): <TVAPI> DEBUG(id=6, systemTime, response_time = 26ms): data = {"t":"1499267343","m":"bb681df3b81041ee5a94f6ddc070d146ee44c50ce708393e","u":"bb681df3b81041ee600ebe13d1d14537cd209a1d88b78425","i":"220.181.109.33","k":"bb681df3b81041eec5c25a6d09bf15639db42e51cb91c539"}
07-05 23:09:03.955 D/DtvSourcePlugin-DVBC(15961): Setting the EPG Updater state to: WAIT
07-05 23:09:03.964 I/MyFragmentStateAdapter(21136): getCount
07-05 23:09:03.993 I/MyFragmentStateAdapter(21136): getCount
07-05 23:09:04.003 I/System.out(21136): <TVAPI> DEBUG(id=5, devRegister, response_time = 77ms): data = {"msg":"","code":"N000000","data":{"apiKey":"9e14d341281067d05d771f41454858c0","authId":1210,"flag":"","hide":"qiyicom","ip":"219.147.31.2","ipLoc":"1-48-3-6-6001-0-26","ipZh":"-----None-","kv":[{"hcdn":"hCDN"},{"homepageHot":""},{"homepageNew":""},{"ruleCode":"http://static.ptqy.gitv.tv/js/tv/app/getPlayerConfig.js","playerConfig":""},{"isShowExitAppDialog":"apk"}],"loading":"","loginTunnel":0,"resIds":[{"id":201221412,"seq":1},{"id":201713612,"seq":2},{"id":201757412,"seq":3}],"sysTime":1499266679,"tab":[],"tip":"","upgradeType":-1,"url":"","version":""}}
07-05 23:09:04.003 D/AccessToken(21136): [TID 21168] increaseAccessCount() count=1
07-05 23:09:04.003 D/AccessToken(21136): [TID 21168] increaseAccessCount() count=1
07-05 23:09:04.003 D/PlayerSdk/DeviceCheckTask(21136): [TID 21168] deviceCheck.onSuccess: deviceIp: 219.147.31.2
07-05 23:09:04.004 D/PlayerSdk/DeviceCheckTask@bc4fce8(21136): [TID 21168] notifyJobSuccess() Job[PlayerSdk/DeviceCheckTask@bc4fce8](mState=1, mData=Object43737510, mError=null)
07-05 23:09:04.007 D/PlayerSdk/GrayScaleSwitcherProvider(21136): [TID 21168] execute: handler has no messages, send it.
07-05 23:09:04.007 D/PlayerSdk/GrayScaleSwitcherProvider(21136): [TID 21168] fetchSwitchData
07-05 23:09:04.008 I/System.out(21136): <TVAPI> DEBUG(isUpdateData): isUpdateData=dynamicQ-true
07-05 23:09:04.009 I/System.out(21136): <TVAPI> DEBUG(TVApiProperty): read passport-device-id=tv_69b1ef544cadbb86e8f28950ece1c76a_1167652938875
07-05 23:09:04.009 I/System.out(21136): <TVAPI> DEBUG(id=7, dynamicQ): url = http://data2.itv.ptqy.gitv.tv/itv/dynamicQ/1210/2.1.0.59986/VIDAA_TV/0/0/1/0/0/0/0
07-05 23:09:04.009 I/System.out(21136): <TVAPI> DEBUG(id=7, dynamicQ): header = qyid:tv_69b1ef544cadbb86e8f28950ece1c76a_1167652938875
07-05 23:09:04.009 I/System.out(21136): <TVAPI> DEBUG(id=7, dynamicQ): header = ov:5.1.1
07-05 23:09:04.009 I/System.out(21136): <TVAPI> DEBUG(id=7, dynamicQ): header = apkVer:2.1.0.59986
07-05 23:09:04.009 I/System.out(21136): <TVAPI> DEBUG(id=7, dynamicQ): header = apiKey:9e14d341281067d05d771f41454858c0
07-05 23:09:04.011 E/NetworkManager(21136): [TID 21284] << request(http://www.baidu.com, 16185437): connect internet failed, url=http://www.baidu.com
07-05 23:09:04.014 D/NetworkManager(21136): [TID 21283] tryConnectFirst: result=false, time consumed=149ms
07-05 23:09:04.015 D/NetworkManager(21136): [TID 21283] >> getRequestTask(http://www.qq.com)
07-05 23:09:04.015 D/NetworkManager(21136): [TID 21283] getRequestTask(http://www.qq.com): current pool size=2, queue=[]
07-05 23:09:04.015 D/NetworkManager(21136): [TID 21284] >> request(http://www.qq.com, 16185586)
07-05 23:09:04.015 D/NetworkManager(21136): [TID 21283] getRequestTask(http://www.qq.com): submitted task={java.util.concurrent.FutureTask@25bd1d39, 16185586}
07-05 23:09:04.015 D/NetworkManager(21136): [TID 21283] << getRequestTask(http://www.qq.com): returned task=java.util.concurrent.FutureTask@25bd1d39
07-05 23:09:04.015 D/NetworkManager(21136): [TID 21283] >> getRequestTask(http://www.iqiyi.com)
07-05 23:09:04.015 D/NetworkManager(21136): [TID 21283] getRequestTask(http://www.iqiyi.com): current pool size=3, queue=[]
07-05 23:09:04.016 D/NetworkManager(21136): [TID 21284] request(http://www.qq.com, 16185586): openConnection
07-05 23:09:04.017 D/NetworkManager(21136): [TID 21283] getRequestTask(http://www.iqiyi.com): submitted task={java.util.concurrent.FutureTask@2135cdf, 16185586}
07-05 23:09:04.017 D/NetworkManager(21136): [TID 21283] << getRequestTask(http://www.iqiyi.com): returned task=java.util.concurrent.FutureTask@2135cdf
07-05 23:09:04.017 D/NetworkManager(21136): [TID 21283] >> getRequestTask(http://www.163.com)
07-05 23:09:04.019 D/NetworkManager(21136): [TID 21283] getRequestTask(http://www.163.com): current pool size=4, queue=[]
07-05 23:09:04.019 D/NetworkManager(21136): [TID 21283] getRequestTask(http://www.163.com): submitted task={java.util.concurrent.FutureTask@16c953f5, 16185589}
07-05 23:09:04.019 D/NetworkManager(21136): [TID 21283] << getRequestTask(http://www.163.com): returned task=java.util.concurrent.FutureTask@16c953f5
07-05 23:09:04.019 D/NetworkManager(21136): [TID 21283] >> getRequestTask(http://www.taobao.com)
07-05 23:09:04.020 D/NetworkManager(21136): [TID 21283] getRequestTask(http://www.taobao.com): current pool size=5, queue=[]
07-05 23:09:04.020 D/NetworkManager(21136): [TID 21283] getRequestTask(http://www.taobao.com): submitted task={java.util.concurrent.FutureTask@13fae7fb, 16185591}
07-05 23:09:04.020 D/NetworkManager(21136): [TID 21283] << getRequestTask(http://www.taobao.com): returned task=java.util.concurrent.FutureTask@13fae7fb
07-05 23:09:04.020 D/NetworkManager(21136): [TID 21283] >> getRequestTask(http://www.sina.com.cn)
07-05 23:09:04.021 D/NetworkManager(21136): [TID 21283] getRequestTask(http://www.sina.com.cn): current pool size=6, queue=[]
07-05 23:09:04.021 D/NetworkManager(21136): [TID 21283] getRequestTask(http://www.sina.com.cn): submitted task={java.util.concurrent.FutureTask@38283a71, 16185592}
07-05 23:09:04.021 D/NetworkManager(21136): [TID 21283] << getRequestTask(http://www.sina.com.cn): returned task=java.util.concurrent.FutureTask@38283a71
07-05 23:09:04.026 D/NetworkManager(21136): [TID 21289] >> request(http://www.iqiyi.com, 16185586)
07-05 23:09:04.028 D/NetworkManager(21136): [TID 21289] request(http://www.iqiyi.com, 16185586): openConnection
07-05 23:09:04.030 D/NetworkManager(21136): [TID 21292] >> request(http://www.taobao.com, 16185591)
07-05 23:09:04.032 D/NetworkManager(21136): [TID 21293] >> request(http://www.sina.com.cn, 16185592)
07-05 23:09:04.034 D/NetworkManager(21136): [TID 21293] request(http://www.sina.com.cn, 16185592): openConnection
07-05 23:09:04.035 D/NetworkManager(21136): [TID 21292] request(http://www.taobao.com, 16185591): openConnection
07-05 23:09:04.038 D/NetworkManager(21136): [TID 21290] >> request(http://www.163.com, 16185589)
07-05 23:09:04.050 D/NetworkManager(21136): [TID 21290] request(http://www.163.com, 16185589): openConnection
07-05 23:09:04.054 I/MyFragmentStateAdapter(21136): getCount
07-05 23:09:04.056 D/NetworkManager(21136): [TID 21284] << request(http://www.qq.com, 16185586): connect internet success, url=http://www.qq.com
07-05 23:09:04.058 D/NetworkManager(21136): [TID 21283] retryConnectOthers: result=true, time consumed=44ms
07-05 23:09:04.071 I/MiSysSrv( 1214): [37m[INFO] Change to Voltage: 107 mv (0x28)[m
07-05 23:09:04.075 E/NetworkManager(21136): [TID 21293] << request(http://www.sina.com.cn, 16185592): connect internet failed, url=http://www.sina.com.cn
07-05 23:09:04.073 D/NetworkManager(21136): [TID 21283] getRealState: activeNetInfo={[type: Ethernet[], state: CONNECTED/CONNECTED, reason: (unspecified), extra: a8:a6:48:18:fc:a8, roaming: false, failover: false, isAvailable: true, isConnectedToProvisioningNetwork: false]}, isConnected=true
07-05 23:09:04.091 D/NetworkManager(21136): [TID 21136] onNetStateChanged(2)
07-05 23:09:04.102 I/System.out(21136): <TVAPI> DEBUG(id=7, dynamicQ, response_time = 76ms): data = {"msg":"","code":"N000000","data":{"apiKey":"","authId":-1,"cnf":{},"flag":"","function":[{"playerConfig":"http://static.ptqy.gitv.tv/js/tv/app/getPlayerConfig.js"},{"appCard":"1"},{"msg_dialog_pos":"4"},{"disableHCDNPreDeploy":"false"},{"dailyInforCornerMark":"http://pic0.ptqy.gitv.tv/common/20170113/4ab9430bee234e2b8c8ae4583669b394.png,http://pic6.ptqy.gitv.tv/common/20170113/d45b2b6ae97a4847a73a245d63f5fe87.png"},{"isDisableAdCache":"0"},{"card_sort":"0"},{"alltag_position":"0"},{"enablePlayerLocalServer":"false"},{"ad_skip_frequency":"-1"},{"enablePlayerLocalServerF4v2Hls":"false"},{"enablePlayerLocalServerStream":"false"},{"disableHcdnDaemon":"false"},{"subChannelPlayerConfig":"http://static.ptqy.gitv.tv/js/tv/app/getSubChannelPlayerConfig.js"},{"childapp":"http://cdn.data.video.ptqy.gitv.tv/cdn/tv/20170630/apk/1_1259_4994_1498801304813.json"},{"chinapokerapp":"http://chessgame.ptqy.gitv.tv/game/info/apis/get_game_info.action?id=212202420"}],"hide":"","ichn":[],"ip":"","ipLoc":"","ipZh":"","is3D":1,"kv":[{"hcdn":"hCDN"},{"homepageHot":""},{"homepageNew":""},{"ruleCode":"http://static.ptqy.gitv.tv/js/tv/app/getPlayerConfig.js","playerConfig":""},{"isShowExitAppDialog":"apk"}],"loading":"","loginTunnel":0,"resIds":[],"support4k":1,"supporth265":1,"sysTime":1499267167,"tab":[],"tip":"","upgradeType":-1,"url":"","verCoupon":"","verMon":"0","verPkg":"","verTvod":"0","version":"","vip":1,"vipCoupon":0,"vipMon":1,"vipPkg":0,"vipTvod":1}}
07-05 23:09:04.103 D/PlayerSdk/GrayScaleSwitcherProvider(21136): [TID 21168] TVApi.dynamicQ: onSuccess
07-05 23:09:04.108 D/PlayerSdk/GrayScaleSwitcherProvider(21136): [TID 21168] TVApi.dynamicQ: data=com.qiyi.tvapi.tv2.model.DeviceCheck@1e987f60, isOpenHcdn=true, sRetryTimesBeforeStarted=3, sRetryTimesAfterStarted=3, isDisableP2PUpload=false, isOpenDrmRootCheck=false
07-05 23:09:04.109 D/PlayerSdk/PlayerSdkProject(21136): [TID 21168] << finishInitialize: consume 455 ms
07-05 23:09:04.109 D/PlayerSdk/PlayerSdkProject(21136): [TID 21168] isPackageNameCheckPassed=true, isDeviceCheckPass=true
07-05 23:09:04.109 D/PlayerSdk/PlayerFeatureProvider(21136): [TID 21168] notifySuccess(looper=Looper (main, tid 1) {21fdac19}, listener=com.hisense.hicloud.edca.mediaplayer.video.qiyi.QiyiInitTool$1$1@1e88fcb6)
07-05 23:09:04.110 D/PlayerSdk/PlayerFeatureProvider(21136): [TID 21168] << loadPluginPlayerFeature: mSdkFeature=com.qiyi.video.plugin.j@1d4d4d96
07-05 23:09:04.116 I/MyFragmentStateAdapter(21136): getCount
07-05 23:09:04.125 W/linker  (21136): libWasabiJni.so: unused DT entry: type 0x6ffffffe arg 0x5080
07-05 23:09:04.125 W/linker  (21136): libWasabiJni.so: unused DT entry: type 0x6fffffff arg 0x3
07-05 23:09:04.129 D/PlayerSdk/PlayerSdkLibProfile(21136): [TID 21300] isOpenDrmRootCheck=false
07-05 23:09:04.136 I/WASABI  (21136): WASABI version: BUILD DATE: 'Dec 30 2016', BUILD CONFIGURATION: 'Release', VERSION NAME: '1.19.0', VERSION NUMBER: 0x00011300, SHORT DESCRIPTION: 'Wasabi Runtime', LONG DESCRIPTION: '{"wasabi": "1.19.0", "wcscp": "2.22.0", "manufacturer": "intertrust", "os": "Android", "customerid": "c31122", "wcskb": "5.0.0"}', MS520K: 'enforced', VCS CHANGE: 12814
07-05 23:09:04.160 I/QiyiInitTool(21136): onSuccess
07-05 23:09:04.169 I/MiSysSrv( 1214): [37m[INFO] Change to Voltage: 117 mv (0x32)[m
07-05 23:09:04.181 I/NetflixMonitorService( 1733): current fgapk : com.hisense.hicloud.edca
07-05 23:09:04.181 I/NetflixMonitorService( 1733): Netflix status unchanged
07-05 23:09:04.193 I/TVMW@devctrl( 1234): wdt
07-05 23:09:04.198 D/NativeDecimalFormat( 3801): NativeDecimalFormat_close print addr=547821591296
07-05 23:09:04.198 D/NativeDecimalFormat( 3801): NativeDecimalFormat_close print g_addr=547821601280
07-05 23:09:04.198 D/NativeDecimalFormat( 3801): NativeDecimalFormat_close print addr=547821595904
07-05 23:09:04.198 D/NativeDecimalFormat( 3801): NativeDecimalFormat_close print g_addr=547821601280
07-05 23:09:04.198 D/NativeDecimalFormat( 3801): NativeDecimalFormat_close print addr=547821600512
07-05 23:09:04.198 D/NativeDecimalFormat( 3801): NativeDecimalFormat_close print g_addr=547821601280
07-05 23:09:04.198 D/NativeDecimalFormat( 3801): NativeDecimalFormat_close print addr=547821601280
07-05 23:09:04.198 D/NativeDecimalFormat( 3801): NativeDecimalFormat_close print g_addr=547821601280
07-05 23:09:04.203 I/MyFragmentStateAdapter(21136): getCount
07-05 23:09:04.222 D/NetworkManager(21136): [TID 21289] << request(http://www.iqiyi.com, 16185586): connect internet success, url=http://www.iqiyi.com
07-05 23:09:04.227 D/NetworkManager(21136): [TID 21290] << request(http://www.163.com, 16185589): connect internet success, url=http://www.163.com
07-05 23:09:04.265 I/MyFragmentStateAdapter(21136): getCount
07-05 23:09:04.273 I/MiSysSrv( 1214): [37m[INFO] Change to Voltage: 112 mv (0x2D)[m
07-05 23:09:04.291 I/TVMW@HsTvSetting( 1234): Trace cmd, data = 0x1058
07-05 23:09:04.293 I/RoleContentFragment(21136): onResourceReadycom.bumptech.glide.load.resource.bitmap.GlideBitmapDrawable@37c814de
07-05 23:09:04.295 D/Carousel-CarouselVideoViewImpl(21136): msg start play.
07-05 23:09:04.295 D/Carousel-SimpleVideoView(21136): setVideoPath path:http://jhxvideo-ws.video-tx.com/rendition/201705/205989353451683841/205989353451684353/bb/243216185158536196/243216215223308548/r243216215223308548-3200k-1920x1080.mp4
07-05 23:09:04.295 D/til@system( 2026): til_get_system_param option:100002F int:0, bool:0, ret:0
07-05 23:09:04.296 I/TVMW@HsTvSetting( 1234): Trace cmd, data = 0x101f
07-05 23:09:04.296 D/til@system( 2026): til_get_system_param option:100001D int:3, bool:3, ret:0
07-05 23:09:04.296 E/til     ( 2026): [til_get_current_input_source, 101] 
07-05 23:09:04.296 I/TVMW@HsTvSetting( 1234): Trace cmd, data = 0x7007
07-05 23:09:04.296 I/tilwrapper@sm( 2026): HS2TIL_SourceType *hs=0xd, *til=0x900
07-05 23:09:04.296 D/til     ( 2026): get current source 2304
07-05 23:09:04.296 D/SourceRemoteServiceHandler( 2026): getCurrentInputSource.from.til.result is 0, value is 2304
07-05 23:09:04.296 D/SourceRemoteServiceHandler( 2026): getInputSourceType source: 0x900, type=2304
07-05 23:09:04.297 D/til     ( 2026): ###### func:til_get_picture_param option:0x3000006 ######  
07-05 23:09:04.297 I/TVMW@HsTvSetting( 1234): Trace cmd, data = 0x1003
07-05 23:09:04.297 D/Carousel-UrlVideoView(21136): openVideo
07-05 23:09:04.300 I/TVMW@HsTvSetting( 1234): Trace cmd, data = 0x8032
07-05 23:09:04.300 I/hstvos  ( 1216): [0m[1;33m[HSHAL][HS_VIDEO][HS_HAL_Video_SetOsdDetect_v2][2389]u16Threshold = 20
07-05 23:09:04.301 I/MiSysSrv( 1214): Not support now! 42, change to mm_video!!!
07-05 23:09:04.301 E/TVMW@videoctrl( 1234):  getOsd is 1
07-05 23:09:04.301 D/til@system( 2026): til_get_system_param option:1000027 int:1, bool:1, ret:0
07-05 23:09:04.302 D/til     ( 2026): ###### func:til_get_picture_param option:0x3000045 ######  
07-05 23:09:04.303 I/TVMW@HsTvSetting( 1234): Trace cmd, data = 0x300c
07-05 23:09:04.303 I/TVMW@HsTvSetting( 1234): Trace 3d, data = 0x300c
07-05 23:09:04.303 I/TVMW@3d ( 1234): Hs_debug3d_trace: func:get3dStatus, line:109
07-05 23:09:04.312 E/btif_config( 2964): [btif_config_get] node is TRUE!
07-05 23:09:04.312 E/btif_config( 2964): [btif_config_get] ret is TRUE!
07-05 23:09:04.320 V/MediaPlayer-JNI(21136): native_setup
07-05 23:09:04.327 E/NetworkManager(21136): [TID 21292] << request(http://www.taobao.com, 16185591): connect internet failed, url=http://www.taobao.com
07-05 23:09:04.328 V/AudioFlinger( 1206): registerClient() client 0xb8930850, pid 21136
