07-06 00:56:47.467 D/GlobalInputEventMonitoringService( 1733): processKeyEvent(), processKeyEvent event:22
07-06 00:56:47.467 D/WindowManager( 1733): interceptKeyTq keycode=22 interactive=true keyguardActive=false policyFlags=2b000000 isCancled= false
07-06 00:56:47.467 D/WindowManager( 1733): interceptKeyTi keyCode=22 down=false repeatCount=0 keyguardOn=false mHomePressed=false canceled=false
07-06 00:56:47.467 D/WindowManager( 1733): Hisense systemkey event: 22
07-06 00:56:47.467 D/HisenseGlobalKeyManager( 1733): handleGlobalKey() : Global event = KeyEvent { action=ACTION_UP, keyCode=KEYCODE_DPAD_RIGHT, scanCode=0, metaState=0, flags=0x0, repeatCount=0, eventTime=22648787, downTime=22648787, deviceId=-1, source=0x101 }
07-06 00:56:47.469 I/MiSysSrv( 1214): [37m[INFO] Change to Voltage: 117 mv (0x32)[m
07-06 00:56:47.479 D/TabView (16597): 
07-06 00:56:47.481 D/TabView (16597): 
07-06 00:56:47.482 D/TabView (16597): 
07-06 00:56:47.484 D/TabView (16597): 
07-06 00:56:47.486 D/TabView (16597): 
07-06 00:56:47.488 D/TabView (16597): 
07-06 00:56:47.489 D/TabView (16597): 
07-06 00:56:47.489 D/OkHttp  (16597): <-- 200 OK http://picture.edu.hismarttv.com/images/20170628121925625089.png (31ms)
07-06 00:56:47.489 D/OkHttp  (16597): Date: Wed, 05 Jul 2017 14:11:59 GMT
07-06 00:56:47.489 D/OkHttp  (16597): Server: nginx
07-06 00:56:47.489 D/OkHttp  (16597): Content-Type: image/png
07-06 00:56:47.489 D/OkHttp  (16597): Content-Length: 3689
07-06 00:56:47.489 D/OkHttp  (16597): Last-Modified: Wed, 28 Jun 2017 12:19:25 GMT
07-06 00:56:47.489 D/OkHttp  (16597): ETag: "59539ecd-e69"
07-06 00:56:47.489 D/OkHttp  (16597): Accept-Ranges: bytes
07-06 00:56:47.489 D/OkHttp  (16597): Age: 9888
07-06 00:56:47.489 D/OkHttp  (16597): Via: 1.1 jnwt241:0 (Cdn Cache Server V2.0)[14 200 0], 1.1 PSahmaswt2en210:1 (Cdn Cache Server V2.0)[0 200 0]
07-06 00:56:47.489 D/OkHttp  (16597): Connection: keep-alive
07-06 00:56:47.489 D/OkHttp  (16597): <-- END HTTP
07-06 00:56:47.490 D/TabView (16597): 
07-06 00:56:47.490 D/HttpHandler(16597): RetryIntercepter-->retryNum=0
07-06 00:56:47.490 D/HttpHandler(16597): RetryIntercepter-->backoffmutiplier=0
07-06 00:56:47.491 D/TabView (16597): 
07-06 00:56:47.492 D/TabView (16597): 
07-06 00:56:47.493 D/TabView (16597): 
07-06 00:56:47.494 D/TabView (16597): 
07-06 00:56:47.496 D/TabView (16597): 
07-06 00:56:47.497 D/TabView (16597): 
07-06 00:56:47.509 I/NetflixMonitorService( 1733): current fgapk : com.hisense.hicloud.edca
07-06 00:56:47.509 I/NetflixMonitorService( 1733): Netflix status unchanged
07-06 00:56:47.509 D/TabView (16597): 
07-06 00:56:47.514 D/TabView (16597): 
07-06 00:56:47.515 I/MyFragmentStateAdapter(16597): getCount
07-06 00:56:47.516 I/MyFragmentStateAdapter(16597): getCount
07-06 00:56:47.516 D/TabView (16597): 
07-06 00:56:47.519 D/TabView (16597): 
07-06 00:56:47.521 D/TabView (16597): 
07-06 00:56:47.522 D/TabView (16597): 
07-06 00:56:47.523 D/TabView (16597): 
07-06 00:56:47.525 D/TabView (16597): 
07-06 00:56:47.526 D/TabView (16597): 
07-06 00:56:47.527 D/TabView (16597): 
07-06 00:56:47.532 D/TabView (16597): 
07-06 00:56:47.534 D/TabView (16597): 
07-06 00:56:47.536 D/TabView (16597): 
07-06 00:56:47.538 D/TabView (16597): 
07-06 00:56:47.541 D/TabView (16597): 
07-06 00:56:47.543 D/TabView (16597): 
07-06 00:56:47.545 D/TabView (16597): 
07-06 00:56:47.546 D/TabView (16597): 
07-06 00:56:47.547 I/MyFragmentStateAdapter(16597): getCount
07-06 00:56:47.547 I/MyFragmentStateAdapter(16597): getCount
07-06 00:56:47.554 I/TabView (16597): onScroll:,firstItem=0,visibleCount=6,totalCount=10
07-06 00:56:47.558 D/Carousel-CarouselView(16597): ============>onScrollChanged hashCode:119253746
07-06 00:56:47.558 D/Carousel-CarouselDisplayPlayerLayout(16597): isFullScreen:false
07-06 00:56:47.559 I/MainHomeView(16597): onPanelSlide0.36641222---left200
07-06 00:56:47.566 I/CurrentCarouselView(16597): onCarouseControlCarouselControlBean{mShoudScroll=true, mActivityHasResume=false, mActivityHasStop=false, mHasTurnGone=false, mHasTurnVisible=false, mChannelId=-1, mSlideOffset=0.36641222, mShouldSelectCenter=false, mTabOpen=false, mHoriPosStatus=None, mVerPosStatus=None, mLevelStatus=None},isPlayingtrue,channelId=0
07-06 00:56:47.566 I/CurrentCarouselView(16597): is not the current page
07-06 00:56:47.566 I/CurrentCarouselView(16597): do scroll
07-06 00:56:47.566 D/Carousel-CarouselView(16597): smoothScroll.
07-06 00:56:47.566 D/Carousel-CarouselDisplayPlayerLayout(16597): isFullScreen:false
07-06 00:56:47.573 I/MiSysSrv( 1214): [37m[INFO] Change to Voltage: 117 mv (0x32)[m
07-06 00:56:47.574 D/TabView (16597): onReceiveSlidingOffset ===>:0.36641222
07-06 00:56:47.584 I/MyFragmentStateAdapter(16597): getCount
07-06 00:56:47.591 D/Carousel-CarouselDisplayPlayerLayout(16597): HasFocus:false,keyCode:22
07-06 00:56:47.591 D/Carousel-CarouselDisplayPlayerLayout(16597): isFullScreen:false
07-06 00:56:47.592 I/HomeMainActivity(16597): carousel handle key:false
07-06 00:56:47.606 I/MyFragmentStateAdapter(16597): getCount
07-06 00:56:47.647 V/InputMethodService( 2203): startInput(): editor=android.view.inputmethod.EditorInfo@372d4d61
07-06 00:56:47.647 V/InputMethodService( 2203): CALL: onFinishInput
07-06 00:56:47.658 I/MainHomeView(16597): onPanelSlide0.091603056---left164
07-06 00:56:47.658 I/CurrentCarouselView(16597): onCarouseControlCarouselControlBean{mShoudScroll=true, mActivityHasResume=false, mActivityHasStop=false, mHasTurnGone=false, mHasTurnVisible=false, mChannelId=-1, mSlideOffset=0.091603056, mShouldSelectCenter=false, mTabOpen=false, mHoriPosStatus=None, mVerPosStatus=None, mLevelStatus=None},isPlayingtrue,channelId=0
07-06 00:56:47.658 I/CurrentCarouselView(16597): is not the current page
07-06 00:56:47.658 I/CurrentCarouselView(16597): do scroll
07-06 00:56:47.658 D/Carousel-CarouselView(16597): smoothScroll.
07-06 00:56:47.658 D/Carousel-CarouselDisplayPlayerLayout(16597): isFullScreen:false
07-06 00:56:47.658 D/TabView (16597): onReceiveSlidingOffset ===>:0.091603056
07-06 00:56:47.664 D/MSTAR_VDEC_DBG( 1206): Stream ID: 0, Rate : 23 (E:0,D:0,S:0,F:98) 
07-06 00:56:47.666 D/Carousel-CarouselDisplayPlayerLayout(16597): x=392, y=167,w=892,h=536, hashCode=674408797
07-06 00:56:47.666 D/Carousel-CarouselDisplayPlayerLayout(16597): mX=511, mY=167,mWitdh=892,mHeight=536, hashCode=674408797
07-06 00:56:47.666 D/Carousel-CarouselDisplayPlayerLayout(16597): changed=true, hashCode=674408797
07-06 00:56:47.670 I/MiSysSrv( 1214): [37m[INFO] Change to Voltage: 117 mv (0x32)[m
07-06 00:56:47.673 D/Carousel-Utils(16597): x=392,y=167, width=892,height=536
07-06 00:56:47.673 D/Carousel-CarouselDisplayPlayerLayout(16597): isFullScreen:false
07-06 00:56:47.673 D/Carousel-CarouselView(16597): ===========>onScrollStart
07-06 00:56:47.674 D/Carousel-Utils(16597): displayImage view=android.widget.ImageView{6b5843e I.ED.... ......ID 0,0-816,460 #7f0d0029 app:id/imageView1}
07-06 00:56:47.674 D/Carousel-Utils(16597): displayImage url=http://picture.edu.hismarttv.com/images/20170629010146422927.jpg
07-06 00:56:47.675 D/Carousel-Utils(16597): onResourceReady.
07-06 00:56:47.683 E/SOGOUIME_JNI( 2203): reset
07-06 00:56:47.683 E/SOGOUIME_JNI( 2203): getCandidates
07-06 00:56:47.683 E/SOGOUIME_JNI( 2203): ime_get_uncommitted_length
07-06 00:56:47.684 E/SOGOUIME_JNI( 2203): getCandidates
07-06 00:56:47.684 D/SogouIME API( 2203): ==============num:32
07-06 00:56:47.685 E/SOGOUIME_JNI( 2203): ime_get_uncommitted_length
07-06 00:56:47.686 D/SogouIME( 2203): mFocusedComponent:30   isHkbEnable:false
07-06 00:56:47.686 E/SOGOUIME_JNI( 2203): ime_get_uncommitted_length
07-06 00:56:47.686 E/SOGOUIME_JNI( 2203): ime_get_committed_length
07-06 00:56:47.686 E/SOGOUIME_JNI( 2203): getComposingInfo
07-06 00:56:47.686 E/SOGOUIME_JNI( 2203): getComposingInfo
07-06 00:56:47.686 E/SOGOUIME_JNI( 2203): getCorrectInfo
07-06 00:56:47.686 E/SOGOUIME_JNI( 2203): getComposingInfo
07-06 00:56:47.688 D/Carousel-Utils(16597): displayImage view=android.widget.ImageView{29124846 I.ED.... ........ 0,0-816,460 #7f0d0029 app:id/imageView1}
07-06 00:56:47.689 D/Carousel-Utils(16597): displayImage url=http://picture.edu.hismarttv.com/images/20170629010146422927.jpg
07-06 00:56:47.689 D/Carousel-Utils(16597): onResourceReady.
07-06 00:56:47.689 D/Carousel-CarouselDisplayPlayerLayout(16597): x=392, y=167,w=892,h=536, hashCode=674408797
07-06 00:56:47.689 D/Carousel-CarouselDisplayPlayerLayout(16597): mX=392, mY=167,mWitdh=892,mHeight=536, hashCode=674408797
07-06 00:56:47.689 D/Carousel-CarouselDisplayPlayerLayout(16597): changed=false, hashCode=674408797
07-06 00:56:47.689 D/Carousel-CarouselDisplayPlayerLayout(16597): extraTryCount=0
07-06 00:56:47.690 V/InputMethodService( 2203): CALL: onStartInput
07-06 00:56:47.690 E/SOGOUIME_JNI( 2203): invalidateCommitWordPinyinNative
07-06 00:56:47.699 D/SogouIME( 2203): =====configKeyboard=======:false     false
07-06 00:56:47.700 E/SOGOUIME_JNI( 2203): ime_set_hard_kb_enable
07-06 00:56:47.725 I/MyFragmentStateAdapter(16597): getCount
07-06 00:56:47.725 I/MyFragmentStateAdapter(16597): getCount
07-06 00:56:47.725 I/MyFragmentStateAdapter(16597): getCount
07-06 00:56:47.725 I/MyFragmentStateAdapter(16597): getCount
07-06 00:56:47.725 I/Carousel-UrlVideoView(16597): onMeasure(MeasureSpec: EXACTLY 816, MeasureSpec: EXACTLY 460)
07-06 00:56:47.725 D/Carousel-UrlVideoView(16597): widthSpecMode=1073741824
07-06 00:56:47.725 D/Carousel-UrlVideoView(16597): heightSpecMode=1073741824
07-06 00:56:47.725 D/Carousel-UrlVideoView(16597): widthSpecSize=816
07-06 00:56:47.725 D/Carousel-UrlVideoView(16597): heightSpecSize=460
07-06 00:56:47.725 I/Carousel-UrlVideoView(16597): onMeasure(MeasureSpec: EXACTLY 816, MeasureSpec: EXACTLY 460)
07-06 00:56:47.725 D/Carousel-UrlVideoView(16597): widthSpecMode=1073741824
07-06 00:56:47.725 D/Carousel-UrlVideoView(16597): heightSpecMode=1073741824
07-06 00:56:47.725 D/Carousel-UrlVideoView(16597): widthSpecSize=816
07-06 00:56:47.725 D/Carousel-UrlVideoView(16597): heightSpecSize=460
07-06 00:56:47.733 D/Surface ( 1733): onStatusChange() : mNativeObject = 547334888448 mUseImageHwRender = false
07-06 00:56:47.733 V/Surface ( 1733): nativeSetHardwareRender() : status = 0
07-06 00:56:47.733 V/Surface ( 1733): nativeSetHardwareRender() : end
07-06 00:56:47.734 D/PowerManagerService( 1733): releaseWakeLockInternal: lock=487931605 [WindowManager], flags=0x0
07-06 00:56:47.734 D/PowerManagerNotifier( 1733): onWakeLockReleased: flags=536870922, tag="WindowManager", packageName=android, ownerUid=1000, ownerPid=1733, workSource=WorkSource{10010}
07-06 00:56:47.735 D/PowerManagerService( 1733): userActivityNoUpdateLocked: eventTime=22649306, event=0, flags=0x1, uid=1000
07-06 00:56:47.735 D/PowerManagerService( 1733): setScreenBrightnessOverrideFromWindowManagerInternal done
07-06 00:56:47.736 D/Surface ( 1733): onStatusChange() : mNativeObject = 0 mUseImageHwRender = false
07-06 00:56:47.737 I/FirstLineAdapter(16597): canShowTrailer,isOffline=false
07-06 00:56:47.737 I/FirstLineAdapter(16597): canShowTrailer,isOffline=false
07-06 00:56:47.738 I/FirstLineAdapter(16597): canShowTrailer,isOffline=false
07-06 00:56:47.738 I/FirstLineAdapter(16597): canShowTrailer,isOffline=false
07-06 00:56:47.738 I/FirstLineAdapter(16597): canShowTrailer,isOffline=false
07-06 00:56:47.738 I/FirstLineAdapter(16597): canShowTrailer,isOffline=false
07-06 00:56:47.738 I/FirstLineAdapter(16597): canShowTrailer,isOffline=false
07-06 00:56:47.738 I/FirstLineAdapter(16597): canShowTrailer,isOffline=false
07-06 00:56:47.739 I/FirstLineAdapter(16597): canShowTrailer,isOffline=false
07-06 00:56:47.739 I/SurfaceView(16597): Changes: creating=false format=false size=false visible=false left=true top=false
07-06 00:56:47.739 I/SurfaceView(16597): Cur surface: Surface(name=null)/@0x2eb483d0
07-06 00:56:47.743 D/Surface ( 1733): onStatusChange() : mNativeObject = 547942807040 mUseImageHwRender = false
07-06 00:56:47.743 V/Surface ( 1733): nativeSetHardwareRender() : status = 0
07-06 00:56:47.743 V/Surface ( 1733): nativeSetHardwareRender() : end
07-06 00:56:47.745 D/PowerManagerService( 1733): setScreenBrightnessOverrideFromWindowManagerInternal done
07-06 00:56:47.746 D/Surface ( 1733): onStatusChange() : mNativeObject = 0 mUseImageHwRender = false
07-06 00:56:47.747 D/Surface (16597): onStatusChange() : mNativeObject = -541269248 mUseImageHwRender = false
07-06 00:56:47.747 V/Surface (16597): nativeSetHardwareRender() : status = 0
07-06 00:56:47.747 V/Surface (16597): nativeSetHardwareRender() : end
07-06 00:56:47.747 I/SurfaceView(16597): New surface: Surface(name=null)/@0x25e5afc9, vis=true, frame=Rect(430, 205 - 1246, 665)
07-06 00:56:47.747 D/Surface (16597): onStatusChange() : mNativeObject = 0 mUseImageHwRender = false
07-06 00:56:47.747 D/Surface (16597): onStatusChange() : mNativeObject = -541269248 mUseImageHwRender = false
07-06 00:56:47.747 V/Surface (16597): nativeSetHardwareRender() : status = 0
07-06 00:56:47.747 V/Surface (16597): nativeSetHardwareRender() : end
07-06 00:56:47.749 V/SurfaceView(16597): Layout: x=430 y=205 w=816 h=460, frame=Rect(0, 0 - 816, 460)
07-06 00:56:47.756 I/MainHomeView(16597): onPanelSlide0.015267176---left154
07-06 00:56:47.758 E/hwcomposer( 1204): Overlay 0 size changeed src {1920 1080} -> {1920, 1080} crop{0.000000 0.000000 1920.000000 1080.000000}->{0.000000 0.000000 1920.000000 1080.000000} dst{549 205 1365 665}->{430 205 1246 665}
07-06 00:56:47.759 I/CurrentCarouselView(16597): onCarouseControlCarouselControlBean{mShoudScroll=true, mActivityHasResume=false, mActivityHasStop=false, mHasTurnGone=false, mHasTurnVisible=false, mChannelId=-1, mSlideOffset=0.015267176, mShouldSelectCenter=false, mTabOpen=false, mHoriPosStatus=None, mVerPosStatus=None, mLevelStatus=None},isPlayingtrue,channelId=0
07-06 00:56:47.759 I/CurrentCarouselView(16597): is not the current page
07-06 00:56:47.759 I/CurrentCarouselView(16597): do scroll
07-06 00:56:47.759 D/Carousel-CarouselView(16597): smoothScroll.
07-06 00:56:47.759 D/Carousel-CarouselDisplayPlayerLayout(16597): isFullScreen:false
07-06 00:56:47.759 D/TabView (16597): onReceiveSlidingOffset ===>:0.015267176
07-06 00:56:47.766 I/MyFragmentStateAdapter(16597): getCount
07-06 00:56:47.771 D/Carousel-CarouselDisplayPlayerLayout(16597): x=382, y=167,w=892,h=536, hashCode=674408797
07-06 00:56:47.771 D/Carousel-CarouselDisplayPlayerLayout(16597): mX=392, mY=167,mWitdh=892,mHeight=536, hashCode=674408797
07-06 00:56:47.771 D/Carousel-CarouselDisplayPlayerLayout(16597): changed=true, hashCode=674408797
07-06 00:56:47.771 D/Carousel-Utils(16597): x=382,y=167, width=892,height=536
07-06 00:56:47.771 D/Carousel-CarouselDisplayPlayerLayout(16597): x=382, y=167,w=892,h=536, hashCode=674408797
07-06 00:56:47.771 D/Carousel-CarouselDisplayPlayerLayout(16597): mX=382, mY=167,mWitdh=892,mHeight=536, hashCode=674408797
07-06 00:56:47.771 D/Carousel-CarouselDisplayPlayerLayout(16597): changed=false, hashCode=674408797
07-06 00:56:47.771 D/Carousel-CarouselDisplayPlayerLayout(16597): extraTryCount=0
07-06 00:56:47.772 D/Carousel-CarouselDisplayPlayerLayout(16597): x=382, y=167,w=892,h=536, hashCode=674408797
07-06 00:56:47.772 D/Carousel-CarouselDisplayPlayerLayout(16597): mX=382, mY=167,mWitdh=892,mHeight=536, hashCode=674408797
07-06 00:56:47.772 D/Carousel-CarouselDisplayPlayerLayout(16597): changed=false, hashCode=674408797
07-06 00:56:47.772 D/Carousel-CarouselDisplayPlayerLayout(16597): extraTryCount=1
07-06 00:56:47.773 I/Carousel-UrlVideoView(16597): onMeasure(MeasureSpec: EXACTLY 816, MeasureSpec: EXACTLY 460)
07-06 00:56:47.773 D/Carousel-UrlVideoView(16597): widthSpecMode=1073741824
07-06 00:56:47.773 D/Carousel-UrlVideoView(16597): heightSpecMode=1073741824
07-06 00:56:47.773 D/Carousel-UrlVideoView(16597): widthSpecSize=816
07-06 00:56:47.773 D/Carousel-UrlVideoView(16597): heightSpecSize=460
07-06 00:56:47.773 I/Carousel-UrlVideoView(16597): onMeasure(MeasureSpec: EXACTLY 816, MeasureSpec: EXACTLY 460)
07-06 00:56:47.773 D/Carousel-UrlVideoView(16597): widthSpecMode=1073741824
07-06 00:56:47.773 D/Carousel-UrlVideoView(16597): heightSpecMode=1073741824
07-06 00:56:47.773 D/Carousel-UrlVideoView(16597): widthSpecSize=816
07-06 00:56:47.773 D/Carousel-UrlVideoView(16597): heightSpecSize=460
07-06 00:56:47.773 I/SurfaceView(16597): Changes: creating=false format=false size=false visible=false left=true top=false
07-06 00:56:47.773 I/SurfaceView(16597): Cur surface: Surface(name=null)/@0x2eb483d0
07-06 00:56:47.774 D/Surface ( 1733): onStatusChange() : mNativeObject = 547942807040 mUseImageHwRender = false
07-06 00:56:47.774 V/Surface ( 1733): nativeSetHardwareRender() : status = 0
07-06 00:56:47.774 V/Surface ( 1733): nativeSetHardwareRender() : end
07-06 00:56:47.776 D/PowerManagerService( 1733): setScreenBrightnessOverrideFromWindowManagerInternal done
07-06 00:56:47.785 D/Surface ( 1733): onStatusChange() : mNativeObject = 0 mUseImageHwRender = false
07-06 00:56:47.786 D/Surface (16597): onStatusChange() : mNativeObject = -541271040 mUseImageHwRender = false
07-06 00:56:47.786 V/Surface (16597): nativeSetHardwareRender() : status = 0
07-06 00:56:47.786 V/Surface (16597): nativeSetHardwareRender() : end
07-06 00:56:47.786 I/SurfaceView(16597): New surface: Surface(name=null)/@0x25e5afc9, vis=true, frame=Rect(420, 205 - 1236, 665)
07-06 00:56:47.786 D/Surface (16597): onStatusChange() : mNativeObject = 0 mUseImageHwRender = false
07-06 00:56:47.786 D/Surface (16597): onStatusChange() : mNativeObject = -541271040 mUseImageHwRender = false
07-06 00:56:47.786 V/Surface (16597): nativeSetHardwareRender() : status = 0
07-06 00:56:47.786 V/Surface (16597): nativeSetHardwareRender() : end
07-06 00:56:47.787 V/SurfaceView(16597): Layout: x=420 y=205 w=816 h=460, frame=Rect(0, 0 - 816, 460)
07-06 00:56:47.792 I/MainHomeView(16597): onPanelSlide0.007633588---left153
07-06 00:56:47.792 I/CurrentCarouselView(16597): onCarouseControlCarouselControlBean{mShoudScroll=true, mActivityHasResume=false, mActivityHasStop=false, mHasTurnGone=false, mHasTurnVisible=false, mChannelId=-1, mSlideOffset=0.007633588, mShouldSelectCenter=false, mTabOpen=false, mHoriPosStatus=None, mVerPosStatus=None, mLevelStatus=None},isPlayingtrue,channelId=0
07-06 00:56:47.792 I/CurrentCarouselView(16597): is not the current page
07-06 00:56:47.792 I/CurrentCarouselView(16597): do scroll
07-06 00:56:47.792 D/Carousel-CarouselView(16597): smoothScroll.
07-06 00:56:47.792 D/Carousel-CarouselDisplayPlayerLayout(16597): isFullScreen:false
07-06 00:56:47.792 D/TabView (16597): onReceiveSlidingOffset ===>:0.007633588
07-06 00:56:47.805 D/Carousel-CarouselDisplayPlayerLayout(16597): x=381, y=167,w=892,h=536, hashCode=674408797
07-06 00:56:47.805 D/Carousel-CarouselDisplayPlayerLayout(16597): mX=382, mY=167,mWitdh=892,mHeight=536, hashCode=674408797
07-06 00:56:47.805 D/Carousel-CarouselDisplayPlayerLayout(16597): changed=true, hashCode=674408797
07-06 00:56:47.805 D/Carousel-Utils(16597): x=381,y=167, width=892,height=536
07-06 00:56:47.806 E/hwcomposer( 1204): Overlay 0 size changeed src {1920 1080} -> {1920, 1080} crop{0.000000 0.000000 1920.000000 1080.000000}->{0.000000 0.000000 1920.000000 1080.000000} dst{430 205 1246 665}->{420 205 1236 665}
07-06 00:56:47.807 D/Carousel-CarouselDisplayPlayerLayout(16597): x=381, y=167,w=892,h=536, hashCode=674408797
07-06 00:56:47.807 D/Carousel-CarouselDisplayPlayerLayout(16597): mX=381, mY=167,mWitdh=892,mHeight=536, hashCode=674408797
07-06 00:56:47.807 D/Carousel-CarouselDisplayPlayerLayout(16597): changed=false, hashCode=674408797
07-06 00:56:47.807 D/Carousel-CarouselDisplayPlayerLayout(16597): extraTryCount=0
07-06 00:56:47.807 D/Carousel-CarouselDisplayPlayerLayout(16597): x=381, y=167,w=892,h=536, hashCode=674408797
07-06 00:56:47.808 D/Carousel-CarouselDisplayPlayerLayout(16597): mX=381, mY=167,mWitdh=892,mHeight=536, hashCode=674408797
07-06 00:56:47.808 D/Carousel-CarouselDisplayPlayerLayout(16597): changed=false, hashCode=674408797
07-06 00:56:47.808 D/Carousel-CarouselDisplayPlayerLayout(16597): extraTryCount=1
07-06 00:56:47.808 D/Carousel-CarouselDisplayPlayerLayout(16597): x=381, y=167,w=892,h=536, hashCode=674408797
07-06 00:56:47.808 D/Carousel-CarouselDisplayPlayerLayout(16597): mX=381, mY=167,mWitdh=892,mHeight=536, hashCode=674408797
07-06 00:56:47.808 D/Carousel-CarouselDisplayPlayerLayout(16597): changed=false, hashCode=674408797
07-06 00:56:47.808 D/Carousel-CarouselDisplayPlayerLayout(16597): extraTryCount=2
07-06 00:56:47.810 I/Carousel-UrlVideoView(16597): onMeasure(MeasureSpec: EXACTLY 816, MeasureSpec: EXACTLY 460)
07-06 00:56:47.810 D/Carousel-UrlVideoView(16597): widthSpecMode=1073741824
07-06 00:56:47.810 D/Carousel-UrlVideoView(16597): heightSpecMode=1073741824
07-06 00:56:47.810 D/Carousel-UrlVideoView(16597): widthSpecSize=816
07-06 00:56:47.810 D/Carousel-UrlVideoView(16597): heightSpecSize=460
07-06 00:56:47.810 I/Carousel-UrlVideoView(16597): onMeasure(MeasureSpec: EXACTLY 816, MeasureSpec: EXACTLY 460)
07-06 00:56:47.810 D/Carousel-UrlVideoView(16597): widthSpecMode=1073741824
07-06 00:56:47.810 D/Carousel-UrlVideoView(16597): heightSpecMode=1073741824
07-06 00:56:47.810 D/Carousel-UrlVideoView(16597): widthSpecSize=816
07-06 00:56:47.810 D/Carousel-UrlVideoView(16597): heightSpecSize=460
07-06 00:56:47.811 I/SurfaceView(16597): Changes: creating=false format=false size=false visible=false left=true top=false
07-06 00:56:47.811 I/SurfaceView(16597): Cur surface: Surface(name=null)/@0x2eb483d0
07-06 00:56:47.813 D/Surface ( 1733): onStatusChange() : mNativeObject = 547942807040 mUseImageHwRender = false
07-06 00:56:47.813 V/Surface ( 1733): nativeSetHardwareRender() : status = 0
07-06 00:56:47.813 V/Surface ( 1733): nativeSetHardwareRender() : end
07-06 00:56:47.819 D/PowerManagerService( 1733): setScreenBrightnessOverrideFromWindowManagerInternal done
07-06 00:56:47.824 D/Surface ( 1733): onStatusChange() : mNativeObject = 0 mUseImageHwRender = false
07-06 00:56:47.825 D/Surface (16597): onStatusChange() : mNativeObject = -541269248 mUseImageHwRender = false
07-06 00:56:47.825 V/Surface (16597): nativeSetHardwareRender() : status = 0
07-06 00:56:47.825 V/Surface (16597): nativeSetHardwareRender() : end
07-06 00:56:47.825 I/SurfaceView(16597): New surface: Surface(name=null)/@0x25e5afc9, vis=true, frame=Rect(419, 205 - 1235, 665)
07-06 00:56:47.825 D/Surface (16597): onStatusChange() : mNativeObject = 0 mUseImageHwRender = false
07-06 00:56:47.825 D/Surface (16597): onStatusChange() : mNativeObject = -541269248 mUseImageHwRender = false
07-06 00:56:47.825 V/Surface (16597): nativeSetHardwareRender() : status = 0
07-06 00:56:47.825 V/Surface (16597): nativeSetHardwareRender() : end
07-06 00:56:47.827 V/SurfaceView(16597): Layout: x=419 y=205 w=816 h=460, frame=Rect(0, 0 - 816, 460)
07-06 00:56:47.835 I/MainHomeView(16597): onPanelSlide0.0---left152
07-06 00:56:47.838 I/CurrentCarouselView(16597): onCarouseControlCarouselControlBean{mShoudScroll=true, mActivityHasResume=false, mActivityHasStop=false, mHasTurnGone=false, mHasTurnVisible=false, mChannelId=-1, mSlideOffset=0.0, mShouldSelectCenter=false, mTabOpen=false, mHoriPosStatus=None, mVerPosStatus=None, mLevelStatus=None},isPlayingtrue,channelId=0
07-06 00:56:47.838 I/CurrentCarouselView(16597): is not the current page
07-06 00:56:47.838 I/CurrentCarouselView(16597): do scroll
07-06 00:56:47.838 D/Carousel-CarouselView(16597): smoothScroll.
07-06 00:56:47.838 D/Carousel-CarouselDisplayPlayerLayout(16597): isFullScreen:false
07-06 00:56:47.839 D/TabView (16597): onReceiveSlidingOffset ===>:0.0
07-06 00:56:47.845 D/Carousel-CarouselDisplayPlayerLayout(16597): x=380, y=167,w=892,h=536, hashCode=674408797
07-06 00:56:47.845 D/Carousel-CarouselDisplayPlayerLayout(16597): mX=381, mY=167,mWitdh=892,mHeight=536, hashCode=674408797
07-06 00:56:47.845 D/Carousel-CarouselDisplayPlayerLayout(16597): changed=true, hashCode=674408797
07-06 00:56:47.845 D/Carousel-Utils(16597): x=380,y=167, width=892,height=536
07-06 00:56:47.845 D/Carousel-CarouselDisplayPlayerLayout(16597): x=380, y=167,w=892,h=536, hashCode=674408797
07-06 00:56:47.845 D/Carousel-CarouselDisplayPlayerLayout(16597): mX=380, mY=167,mWitdh=892,mHeight=536, hashCode=674408797
07-06 00:56:47.845 D/Carousel-CarouselDisplayPlayerLayout(16597): changed=false, hashCode=674408797
07-06 00:56:47.845 D/Carousel-CarouselDisplayPlayerLayout(16597): extraTryCount=0
07-06 00:56:47.845 D/Carousel-CarouselDisplayPlayerLayout(16597): x=380, y=167,w=892,h=536, hashCode=674408797
07-06 00:56:47.845 D/Carousel-CarouselDisplayPlayerLayout(16597): mX=380, mY=167,mWitdh=892,mHeight=536, hashCode=674408797
07-06 00:56:47.845 D/Carousel-CarouselDisplayPlayerLayout(16597): changed=false, hashCode=674408797
07-06 00:56:47.845 D/Carousel-CarouselDisplayPlayerLayout(16597): extraTryCount=1
07-06 00:56:47.845 D/Carousel-CarouselDisplayPlayerLayout(16597): x=380, y=167,w=892,h=536, hashCode=674408797
07-06 00:56:47.845 D/Carousel-CarouselDisplayPlayerLayout(16597): mX=380, mY=167,mWitdh=892,mHeight=536, hashCode=674408797
07-06 00:56:47.845 D/Carousel-CarouselDisplayPlayerLayout(16597): changed=false, hashCode=674408797
07-06 00:56:47.845 D/Carousel-CarouselDisplayPlayerLayout(16597): extraTryCount=2
07-06 00:56:47.845 D/Carousel-CarouselDisplayPlayerLayout(16597): x=380, y=167,w=892,h=536, hashCode=674408797
07-06 00:56:47.845 D/Carousel-CarouselDisplayPlayerLayout(16597): mX=380, mY=167,mWitdh=892,mHeight=536, hashCode=674408797
07-06 00:56:47.845 D/Carousel-CarouselDisplayPlayerLayout(16597): changed=false, hashCode=674408797
07-06 00:56:47.845 D/Carousel-CarouselDisplayPlayerLayout(16597): extraTryCount=3
07-06 00:56:47.846 I/Carousel-UrlVideoView(16597): onMeasure(MeasureSpec: EXACTLY 816, MeasureSpec: EXACTLY 460)
07-06 00:56:47.846 D/Carousel-UrlVideoView(16597): widthSpecMode=1073741824
07-06 00:56:47.846 D/Carousel-UrlVideoView(16597): heightSpecMode=1073741824
07-06 00:56:47.846 D/Carousel-UrlVideoView(16597): widthSpecSize=816
07-06 00:56:47.846 D/Carousel-UrlVideoView(16597): heightSpecSize=460
07-06 00:56:47.846 I/Carousel-UrlVideoView(16597): onMeasure(MeasureSpec: EXACTLY 816, MeasureSpec: EXACTLY 460)
07-06 00:56:47.846 D/Carousel-UrlVideoView(16597): widthSpecMode=1073741824
07-06 00:56:47.846 D/Carousel-UrlVideoView(16597): heightSpecMode=1073741824
07-06 00:56:47.846 D/Carousel-UrlVideoView(16597): widthSpecSize=816
07-06 00:56:47.846 D/Carousel-UrlVideoView(16597): heightSpecSize=460
07-06 00:56:47.847 I/SurfaceView(16597): Changes: creating=false format=false size=false visible=false left=true top=false
07-06 00:56:47.847 I/SurfaceView(16597): Cur surface: Surface(name=null)/@0x2eb483d0
07-06 00:56:47.849 D/Surface ( 1733): onStatusChange() : mNativeObject = 547942807040 mUseImageHwRender = false
07-06 00:56:47.849 V/Surface ( 1733): nativeSetHardwareRender() : status = 0
07-06 00:56:47.849 V/Surface ( 1733): nativeSetHardwareRender() : end
07-06 00:56:47.851 D/PowerManagerService( 1733): setScreenBrightnessOverrideFromWindowManagerInternal done
07-06 00:56:47.852 I/TVMW@HsTvSetting( 1234): Trace cmd, data = 0x1058
07-06 00:56:47.852 D/til@system( 2026): til_get_system_param option:100002F int:0, bool:0, ret:0
07-06 00:56:47.853 I/TVMW@HsTvSetting( 1234): Trace cmd, data = 0x101f
07-06 00:56:47.853 D/til@system( 2026): til_get_system_param option:100001D int:3, bool:3, ret:0
07-06 00:56:47.853 E/til     ( 2026): [til_get_current_input_source, 101] 
07-06 00:56:47.854 I/TVMW@HsTvSetting( 1234): Trace cmd, data = 0x7007
07-06 00:56:47.854 I/tilwrapper@sm( 2026): HS2TIL_SourceType *hs=0xd, *til=0x900
07-06 00:56:47.854 D/til     ( 2026): get current source 2304
07-06 00:56:47.854 D/SourceRemoteServiceHandler( 2026): getCurrentInputSource.from.til.result is 0, value is 2304
07-06 00:56:47.854 D/SourceRemoteServiceHandler( 2026): getInputSourceType source: 0x900, type=2304
07-06 00:56:47.854 D/til     ( 2026): ###### func:til_get_picture_param option:0x3000006 ######  
07-06 00:56:47.855 I/TVMW@HsTvSetting( 1234): Trace cmd, data = 0x1003
07-06 00:56:47.855 I/TVMW@HsTvSetting( 1234): Trace cmd, data = 0x8032
07-06 00:56:47.855 I/hstvos  ( 1216): [0m[1;33m[HSHAL][HS_VIDEO][HS_HAL_Video_SetOsdDetect_v2][2389]u16Threshold = 20
07-06 00:56:47.857 D/Surface ( 1733): onStatusChange() : mNativeObject = 0 mUseImageHwRender = false
07-06 00:56:47.857 D/Surface (16597): onStatusChange() : mNativeObject = -541271040 mUseImageHwRender = false
07-06 00:56:47.857 V/Surface (16597): nativeSetHardwareRender() : status = 0
07-06 00:56:47.858 V/Surface (16597): nativeSetHardwareRender() : end
07-06 00:56:47.858 I/SurfaceView(16597): New surface: Surface(name=null)/@0x25e5afc9, vis=true, frame=Rect(418, 205 - 1234, 665)
07-06 00:56:47.858 D/Surface (16597): onStatusChange() : mNativeObject = 0 mUseImageHwRender = false
07-06 00:56:47.858 D/Surface (16597): onStatusChange() : mNativeObject = -541271040 mUseImageHwRender = false
07-06 00:56:47.858 V/Surface (16597): nativeSetHardwareRender() : status = 0
07-06 00:56:47.858 V/Surface (16597): nativeSetHardwareRender() : end
07-06 00:56:47.860 E/hwcomposer( 1204): Overlay 0 size changeed src {1920 1080} -> {1920, 1080} crop{0.000000 0.000000 1920.000000 1080.000000}->{0.000000 0.000000 1920.000000 1080.000000} dst{420 205 1236 665}->{419 205 1235 665}
07-06 00:56:47.860 V/SurfaceView(16597): Layout: x=418 y=205 w=816 h=460, frame=Rect(0, 0 - 816, 460)
07-06 00:56:47.861 E/TVMW@videoctrl( 1234):  getOsd is 1
07-06 00:56:47.862 D/til@system( 2026): til_get_system_param option:1000027 int:1, bool:1, ret:0
07-06 00:56:47.862 D/til     ( 2026): ###### func:til_get_picture_param option:0x3000045 ######  
07-06 00:56:47.864 I/TVMW@HsTvSetting( 1234): Trace cmd, data = 0x300c
07-06 00:56:47.864 I/TVMW@HsTvSetting( 1234): Trace 3d, data = 0x300c
07-06 00:56:47.864 I/TVMW@3d ( 1234): Hs_debug3d_trace: func:get3dStatus, line:109
07-06 00:56:47.874 D/Carousel-CarouselDisplayPlayerLayout(16597): x=380, y=167,w=892,h=536, hashCode=674408797
07-06 00:56:47.874 D/Carousel-CarouselDisplayPlayerLayout(16597): mX=380, mY=167,mWitdh=892,mHeight=536, hashCode=674408797
07-06 00:56:47.874 D/Carousel-CarouselDisplayPlayerLayout(16597): changed=false, hashCode=674408797
07-06 00:56:47.874 D/Carousel-CarouselDisplayPlayerLayout(16597): extraTryCount=4
07-06 00:56:47.877 I/MainHomeView(16597): onPanelClosed---left152
07-06 00:56:47.881 D/Carousel-CarouselDisplayPlayerLayout(16597): x=380, y=167,w=892,h=536, hashCode=674408797
07-06 00:56:47.881 D/Carousel-CarouselDisplayPlayerLayout(16597): mX=380, mY=167,mWitdh=892,mHeight=536, hashCode=674408797
07-06 00:56:47.881 D/Carousel-CarouselDisplayPlayerLayout(16597): changed=false, hashCode=674408797
07-06 00:56:47.881 D/Carousel-CarouselDisplayPlayerLayout(16597): extraTryCount=5
07-06 00:56:47.882 D/Carousel-CarouselDisplayPlayerLayout(16597): x=380, y=167,w=892,h=536, hashCode=674408797
07-06 00:56:47.882 D/Carousel-CarouselDisplayPlayerLayout(16597): mX=380, mY=167,mWitdh=892,mHeight=536, hashCode=674408797
07-06 00:56:47.882 D/Carousel-CarouselDisplayPlayerLayout(16597): changed=false, hashCode=674408797
07-06 00:56:47.882 D/Carousel-CarouselDisplayPlayerLayout(16597): extraTryCount=6
07-06 00:56:47.882 D/Carousel-CarouselDisplayPlayerLayout(16597): x=380, y=167,w=892,h=536, hashCode=674408797
07-06 00:56:47.882 D/Carousel-CarouselDisplayPlayerLayout(16597): mX=380, mY=167,mWitdh=892,mHeight=536, hashCode=674408797
07-06 00:56:47.882 D/Carousel-CarouselDisplayPlayerLayout(16597): changed=false, hashCode=674408797
07-06 00:56:47.882 D/Carousel-CarouselDisplayPlayerLayout(16597): extraTryCount=7
07-06 00:56:47.882 D/Carousel-CarouselDisplayPlayerLayout(16597): x=380, y=167,w=892,h=536, hashCode=674408797
07-06 00:56:47.882 D/Carousel-CarouselDisplayPlayerLayout(16597): mX=380, mY=167,mWitdh=892,mHeight=536, hashCode=674408797
07-06 00:56:47.882 D/Carousel-CarouselDisplayPlayerLayout(16597): changed=false, hashCode=674408797
07-06 00:56:47.882 D/Carousel-CarouselDisplayPlayerLayout(16597): extraTryCount=8
07-06 00:56:47.882 D/Carousel-CarouselDisplayPlayerLayout(16597): x=380, y=167,w=892,h=536, hashCode=674408797
07-06 00:56:47.882 D/Carousel-CarouselDisplayPlayerLayout(16597): mX=380, mY=167,mWitdh=892,mHeight=536, hashCode=674408797
07-06 00:56:47.882 D/Carousel-CarouselDisplayPlayerLayout(16597): changed=false, hashCode=674408797
07-06 00:56:47.882 D/Carousel-CarouselDisplayPlayerLayout(16597): extraTryCount=9
07-06 00:56:47.890 E/hwcomposer( 1204): Overlay 0 size changeed src {1920 1080} -> {1920, 1080} crop{0.000000 0.000000 1920.000000 1080.000000}->{0.000000 0.000000 1920.000000 1080.000000} dst{419 205 1235 665}->{418 205 1234 665}
07-06 00:56:47.890 D/Carousel-CarouselDisplayPlayerLayout(16597): x=380, y=167,w=892,h=536, hashCode=674408797
07-06 00:56:47.890 D/Carousel-CarouselDisplayPlayerLayout(16597): mX=380, mY=167,mWitdh=892,mHeight=536, hashCode=674408797
07-06 00:56:47.890 D/Carousel-CarouselDisplayPlayerLayout(16597): changed=false, hashCode=674408797
07-06 00:56:47.890 D/Carousel-CarouselDisplayPlayerLayout(16597): isFullScreen:false
07-06 00:56:47.890 D/Carousel-CarouselView(16597): ===========>mDisplayPlayerLayout.getVisibility()=4
07-06 00:56:47.890 D/Carousel-CarouselView(16597): ===========>onScrollEnd
07-06 00:56:47.891 D/Carousel-Utils(16597): x=380,y=167, width=892,height=536
07-06 00:56:47.891 D/Carousel-CarouselView(16597): isOutScreen:false
07-06 00:56:47.898 I/MyFragmentStateAdapter(16597): getCount
07-06 00:56:47.898 I/MyFragmentStateAdapter(16597): getCount
07-06 00:56:47.898 I/MyFragmentStateAdapter(16597): getCount
07-06 00:56:47.898 I/MyFragmentStateAdapter(16597): getCount
07-06 00:56:47.901 D/Surface ( 1733): onStatusChange() : mNativeObject = 547334888448 mUseImageHwRender = false
07-06 00:56:47.901 V/Surface ( 1733): nativeSetHardwareRender() : status = 0
07-06 00:56:47.901 V/Surface ( 1733): nativeSetHardwareRender() : end
07-06 00:56:47.906 D/PowerManagerService( 1733): acquireWakeLockInternal: lock=487931605, flags=0x2000000a, tag="WindowManager", ws=WorkSource{10010}, uid=1000, pid=1733
07-06 00:56:47.907 D/PowerManagerNotifier( 1733): onWakeLockAcquired: flags=536870922, tag="WindowManager", packageName=android, ownerUid=1000, ownerPid=1733, workSource=WorkSource{10010}
07-06 00:56:47.907 D/PowerManagerService( 1733): setScreenBrightnessOverrideFromWindowManagerInternal done
07-06 00:56:47.910 D/Surface ( 1733): onStatusChange() : mNativeObject = 0 mUseImageHwRender = false
07-06 00:56:47.911 I/FirstLineAdapter(16597): canShowTrailer,isOffline=false
07-06 00:56:47.911 I/FirstLineAdapter(16597): canShowTrailer,isOffline=false
07-06 00:56:47.911 I/FirstLineAdapter(16597): canShowTrailer,isOffline=false
07-06 00:56:47.911 I/FirstLineAdapter(16597): canShowTrailer,isOffline=false
07-06 00:56:47.912 I/FirstLineAdapter(16597): canShowTrailer,isOffline=false
07-06 00:56:47.912 I/FirstLineAdapter(16597): canShowTrailer,isOffline=false
07-06 00:56:47.912 I/FirstLineAdapter(16597): canShowTrailer,isOffline=false
07-06 00:56:47.912 I/FirstLineAdapter(16597): canShowTrailer,isOffline=false
07-06 00:56:47.912 I/FirstLineAdapter(16597): canShowTrailer,isOffline=false
07-06 00:56:47.926 I/MyFragmentStateAdapter(16597): getCount
07-06 00:56:47.954 D/hwcomposer( 1204): Overlay [0] do size change!
07-06 00:56:47.954 D/vsyncbridge( 1204): [0] handle_thread thread got msg 0x2, mState = 3
07-06 00:56:47.954 D/vsyncbridge( 1204): Overlay 0 Resize, mState = 0x3, 0, disp[418 205 816 460] osd[1920 1080]
07-06 00:56:47.954 D/vsyncbridge( 1204): [update_ds_table,  594] DispW:1632 DispH:920 
07-06 00:56:47.954 D/vsyncbridge( 1204): [update_ds_table,  598] Cap.x:1105 Cap.y:30 CapW:1920 CapH:1080 
07-06 00:56:47.954 D/vsyncbridge( 1204): [update_ds_table,  599] enInputSourceType:34 
07-06 00:56:47.954 D/vsyncbridge( 1204): [update_ds_table,  601] u16InputVTotal:2205  u16InputVFreq:240 
07-06 00:56:47.954 D/vsyncbridge( 1204): [update_ds_table,  603] bInterlace:0  u16DefaultHtotal:0 
07-06 00:56:47.954 D/vsyncbridge( 1204): [update_ds_table,  606] bPreHCusScaling:1  bPreVCusScaling:1 
07-06 00:56:47.954 D/vsyncbridge( 1204): [update_ds_table,  608] u16PreHCusScalingSrc:1920  u16PreHCusScalingDst:1920 
07-06 00:56:47.954 D/vsyncbridge( 1204): [update_ds_table,  610] u16PreVCusScalingSrc:1080  u16PreVCusScalingSrc:1080 
07-06 00:56:47.955 D/vsyncbridge( 1204): [update_ds_table,  613] bHCusScaling:0  bVCusScaling:0 
07-06 00:56:47.955 D/vsyncbridge( 1204): [update_ds_table,  615] u16HCusScalingSrc:1920  u16HCusScalingDst:1632 
07-06 00:56:47.955 D/vsyncbridge( 1204): [update_ds_table,  617] u16VCusScalingSrc:1080  u16VCusScalingDst:920 
07-06 00:56:47.955 D/vsyncbridge( 1204): vsync_bridge_CalAspectRatio type = 0
07-06 00:56:47.955 D/vsyncbridge( 1204): panel [3840 2160] osd [1920 1080] ratio [2.000000 2.000000]
07-06 00:56:47.955 D/vsyncbridge( 1204): apply ratio, x=836, y=410, width=1632, height=920
07-06 00:56:47.955 D/vsyncbridge( 1204): disp_old[836 410 2468 1330], disp_new[836 410 2468 1330], crop[0 0 1920 1080]
07-06 00:56:47.955 D/vsyncbridge( 1204): [update_ds_table,  798] SW DS !!! 
07-06 00:56:47.955 D/vsyncbridge( 1204): [update_ds_table,  800] stXC_SetWin_Info.stCapWin.width1920  stXC_SetWin_Info.stCapWin.height:1080
07-06 00:56:47.955 D/vsyncbridge( 1204): [update_ds_table,  802] stXC_SetWin_Info.stCropWin.width1920  stXC_SetWin_Info.stCropWin.height:1080
07-06 00:56:47.955 D/vsyncbridge( 1204): [update_ds_table,  803] MApi_XC_GetDynamicScalingStatus():1 
07-06 00:56:47.955 D/        ( 1204): Alert: cannot get frameCount from IOCTL, eWindow=0! Fall back to original frame mode
07-06 00:56:47.955 D/        ( 1204): MVOP is 1P mode
07-06 00:56:47.955 D/        ( 1204): [_MDrv_SC_check_2p_mode][9405]u16Width=3840,u16Height=2160,u32Vfreqx10=240
07-06 00:56:47.956 D/vsyncbridge( 1204): vsync_bridge_render_frame pts = 3583333, DS_Idx=0x1, overlayID=0
07-06 00:56:47.956 D/vsyncbridge( 1204):  W 6, R 5, Cur 6
07-06 00:56:47.956 D/vsyncbridge( 1204): vsync_bridge_CalAspectRatio type = 0
07-06 00:56:47.956 D/vsyncbridge( 1204): panel [3840 2160] osd [1920 1080] ratio [2.000000 2.000000]
07-06 00:56:47.956 D/vsyncbridge( 1204): apply ratio, x=836, y=410, width=1632, height=920
07-06 00:56:48.070 I/MiSysSrv( 1214): [37m[INFO] Change to Voltage: 117 mv (0x32)[m
07-06 00:56:48.169 I/MiSysSrv( 1214): [37m[INFO] Change to Voltage: 112 mv (0x2D)[m
07-06 00:56:48.181 I/TVMW@devctrl( 1234): wdt
07-06 00:56:48.271 I/MiSysSrv( 1214): [37m[INFO] Change to Voltage: 102 mv (0x23)[m
07-06 00:56:48.308 D/MyLocalStartService( 5648): currentName is :com.hisense.hicloud.edca
07-06 00:56:48.365 I/TVMW@HsTvSetting( 1234): Trace cmd, data = 0x1058
07-06 00:56:48.365 D/til@system( 2026): til_get_system_param option:100002F int:0, bool:0, ret:0
07-06 00:56:48.366 I/TVMW@HsTvSetting( 1234): Trace cmd, data = 0x101f
07-06 00:56:48.366 D/til@system( 2026): til_get_system_param option:100001D int:3, bool:3, ret:0
07-06 00:56:48.366 E/til     ( 2026): [til_get_current_input_source, 101] 
07-06 00:56:48.368 I/TVMW@HsTvSetting( 1234): Trace cmd, data = 0x7007
07-06 00:56:48.368 I/tilwrapper@sm( 2026): HS2TIL_SourceType *hs=0xd, *til=0x900
07-06 00:56:48.368 D/til     ( 2026): get current source 2304
07-06 00:56:48.369 D/SourceRemoteServiceHandler( 2026): getCurrentInputSource.from.til.result is 0, value is 2304
07-06 00:56:48.369 D/SourceRemoteServiceHandler( 2026): getInputSourceType source: 0x900, type=2304
07-06 00:56:48.369 D/til     ( 2026): ###### func:til_get_picture_param option:0x3000006 ######  
07-06 00:56:48.369 I/TVMW@HsTvSetting( 1234): Trace cmd, data = 0x1003
07-06 00:56:48.370 I/TVMW@HsTvSetting( 1234): Trace cmd, data = 0x8032
07-06 00:56:48.371 I/hstvos  ( 1216): [0m[1;33m[HSHAL][HS_VIDEO][HS_HAL_Video_SetOsdDetect_v2][2389]u16Threshold = 20
07-06 00:56:48.378 I/MiSysSrv( 1214): [37m[INFO] Change to Voltage: 102 mv (0x23)[m
07-06 00:56:48.378 E/TVMW@videoctrl( 1234):  getOsd is 1
07-06 00:56:48.379 D/til@system( 2026): til_get_system_param option:1000027 int:1, bool:1, ret:0
07-06 00:56:48.379 D/til     ( 2026): ###### func:til_get_picture_param option:0x3000045 ######  
07-06 00:56:48.379 I/TVMW@HsTvSetting( 1234): Trace cmd, data = 0x300c
07-06 00:56:48.379 I/TVMW@HsTvSetting( 1234): Trace 3d, data = 0x300c
07-06 00:56:48.379 I/TVMW@3d ( 1234): Hs_debug3d_trace: func:get3dStatus, line:109
07-06 00:56:48.451 I/MyFragmentStateAdapter(16597): getCount
07-06 00:56:48.510 I/NetflixMonitorService( 1733): current fgapk : com.hisense.hicloud.edca
07-06 00:56:48.510 I/NetflixMonitorService( 1733): Netflix status unchanged
07-06 00:56:48.663 D/GlobalInputEventMonitoringService( 1733): interceptKeyBeforeQueueing(), event:22, mNeedMonitorKeyEvent:true, mWaitForKeyUpEvent:false
07-06 00:56:48.663 D/GlobalInputEventMonitoringService( 1733): processKeyEvent(), processKeyEvent event:22
07-06 00:56:48.664 D/WindowManager( 1733): interceptKeyTq keycode=22 interactive=true keyguardActive=false policyFlags=2b000000 isCancled= false
07-06 00:56:48.665 D/PowerManagerService( 1733): userActivityNoUpdateLocked: eventTime=22650234, event=1, flags=0x0, uid=1000
07-06 00:56:48.665 D/MSTAR_VDEC_DBG( 1206): Stream ID: 0, Rate : 24 (E:0,D:0,S:0,F:122) 
07-06 00:56:48.665 D/WindowManager( 1733): interceptKeyTi keyCode=22 down=true repeatCount=0 keyguardOn=false mHomePressed=false canceled=false
07-06 00:56:48.665 D/WindowManager( 1733): Hisense systemkey event: 22
07-06 00:56:48.666 D/HisenseGlobalKeyManager( 1733): handleGlobalKey() : Global event = KeyEvent { action=ACTION_DOWN, keyCode=KEYCODE_DPAD_RIGHT, scanCode=0, metaState=0, flags=0x0, repeatCount=0, eventTime=22650234, downTime=22650234, deviceId=-1, source=0x101 }
07-06 00:56:48.673 D/SogouIME( 2203): [onKeyDown] keycode = 22 model = VIDAA_TV
07-06 00:56:48.681 D/Carousel-CarouselDisplayPlayerLayout(16597): HasFocus:false,keyCode:22
07-06 00:56:48.681 D/Carousel-CarouselDisplayPlayerLayout(16597): isFullScreen:false
07-06 00:56:48.681 I/HomeMainActivity(16597): carousel handle key:false
07-06 00:56:48.683 I/MainHomeView(16597): dispatchKeyEvent ACTION_DOWN now 
07-06 00:56:48.683 I/HomeMainActivity(16597): onKeyDown is 22
07-06 00:56:48.684 I/FirstlineLayoutManager(16597): left=218,width=1738,scroll Distance=-846
07-06 00:56:48.698 D/Carousel-CarouselView(16597): ============>onFocusChange=true
07-06 00:56:48.698 D/Carousel-CarouselDisplayPlayerLayout(16597): isFullScreen:false
07-06 00:56:48.698 D/Carousel-CarouselView(16597): isFullScreen:false,hasFocus:true
07-06 00:56:48.698 D/Carousel-CarouselView(16597): ============>offset=-308
07-06 00:56:48.714 D/Carousel-CarouselDisplayPlayerLayout(16597): showPlayerWindowTip showable:true
07-06 00:56:48.733 D/GlobalInputEventMonitoringService( 1733): interceptKeyBeforeQueueing(), event:22, mNeedMonitorKeyEvent:true, mWaitForKeyUpEvent:false
07-06 00:56:48.733 D/GlobalInputEventMonitoringService( 1733): processKeyEvent(), processKeyEvent event:22
07-06 00:56:48.733 D/WindowManager( 1733): interceptKeyTq keycode=22 interactive=true keyguardActive=false policyFlags=2b000000 isCancled= false
07-06 00:56:48.733 D/WindowManager( 1733): interceptKeyTi keyCode=22 down=false repeatCount=0 keyguardOn=false mHomePressed=false canceled=false
07-06 00:56:48.733 D/DtvSourcePlugin-DVBC( 4289): Setting the EPG Updater state to: WAIT
07-06 00:56:48.734 D/WindowManager( 1733): Hisense systemkey event: 22
07-06 00:56:48.734 D/HisenseGlobalKeyManager( 1733): handleGlobalKey() : Global event = KeyEvent { action=ACTION_UP, keyCode=KEYCODE_DPAD_RIGHT, scanCode=0, metaState=0, flags=0x0, repeatCount=0, eventTime=22650234, downTime=22650234, deviceId=-1, source=0x101 }
07-06 00:56:48.800 D/Carousel-CarouselDisplayPlayerLayout(16597): HasFocus:true,keyCode:22
07-06 00:56:48.800 D/Carousel-CarouselDisplayPlayerLayout(16597): isFullScreen:false
07-06 00:56:48.800 D/Carousel-CarouselDisplayPlayerLayout(16597): isFullScreen:false
07-06 00:56:48.800 I/HomeMainActivity(16597): carousel handle key:false
07-06 00:56:48.813 V/InputMethodService( 2203): startInput(): editor=android.view.inputmethod.EditorInfo@5e3b086
07-06 00:56:48.813 V/InputMethodService( 2203): CALL: onFinishInput
07-06 00:56:48.820 E/SOGOUIME_JNI( 2203): reset
07-06 00:56:48.828 E/SOGOUIME_JNI( 2203): getCandidates
07-06 00:56:48.829 E/SOGOUIME_JNI( 2203): ime_get_uncommitted_length
07-06 00:56:48.829 E/SOGOUIME_JNI( 2203): getCandidates
07-06 00:56:48.829 D/SogouIME API( 2203): ==============num:32
07-06 00:56:48.829 E/SOGOUIME_JNI( 2203): ime_get_uncommitted_length
07-06 00:56:48.829 D/SogouIME( 2203): mFocusedComponent:30   isHkbEnable:false
07-06 00:56:48.832 E/SOGOUIME_JNI( 2203): ime_get_uncommitted_length
07-06 00:56:48.832 E/SOGOUIME_JNI( 2203): ime_get_committed_length
07-06 00:56:48.832 E/SOGOUIME_JNI( 2203): getComposingInfo
07-06 00:56:48.832 E/SOGOUIME_JNI( 2203): getComposingInfo
07-06 00:56:48.832 E/SOGOUIME_JNI( 2203): getCorrectInfo
07-06 00:56:48.832 E/SOGOUIME_JNI( 2203): getComposingInfo
07-06 00:56:48.833 V/InputMethodService( 2203): CALL: onStartInput
07-06 00:56:48.834 E/SOGOUIME_JNI( 2203): invalidateCommitWordPinyinNative
07-06 00:56:48.834 D/SogouIME( 2203): =====configKeyboard=======:false     false
07-06 00:56:48.834 E/SOGOUIME_JNI( 2203): ime_set_hard_kb_enable
07-06 00:56:48.880 I/TVMW@HsTvSetting( 1234): Trace cmd, data = 0x1058
07-06 00:56:48.880 D/til@system( 2026): til_get_system_param option:100002F int:0, bool:0, ret:0
07-06 00:56:48.881 I/TVMW@HsTvSetting( 1234): Trace cmd, data = 0x101f
07-06 00:56:48.881 D/til@system( 2026): til_get_system_param option:100001D int:3, bool:3, ret:0
07-06 00:56:48.881 E/til     ( 2026): [til_get_current_input_source, 101] 
07-06 00:56:48.881 I/TVMW@HsTvSetting( 1234): Trace cmd, data = 0x7007
07-06 00:56:48.882 I/tilwrapper@sm( 2026): HS2TIL_SourceType *hs=0xd, *til=0x900
07-06 00:56:48.882 D/til     ( 2026): get current source 2304
07-06 00:56:48.882 D/SourceRemoteServiceHandler( 2026): getCurrentInputSource.from.til.result is 0, value is 2304
07-06 00:56:48.882 D/SourceRemoteServiceHandler( 2026): getInputSourceType source: 0x900, type=2304
07-06 00:56:48.882 D/til     ( 2026