07-05 22:55:10.771 I/TVMW@HsTvSetting( 1234): Trace 3d, data = 0x300c
07-05 22:55:10.771 I/TVMW@3d ( 1234): Hs_debug3d_trace: func:get3dStatus, line:109
07-05 22:55:10.799 I/HttpBuilder(13153): addUrlPublicParams mUrl ==>http://api.edu.hismarttv.com/medias/api/media/3535?codeType=1002&vender=0&resolutionpolicy=2&uuid=13287129&mac=a8:a6:48:18:fc:a8&devid=86100300900000500000060a4818fca8&version=00.002.003&subscriberId=13287129&customerId=7195320&model_id=0&APPPackage=com.hisense.hicloud.edca&PFAPPCode=652&APPVersionName=3.0.0.9.00&ChannelId=0&softwareVersion=LED50MU8600UC0000888&tv_distribute_id=00&devType=0&APIVersion=600&accessToken=72DF6038D2AEAB8A76DFBBBBCC428A4A_001464428821544
07-05 22:55:10.799 I/HttpBuilder(13153): addUrlLogParams url ==>http://api.edu.hismarttv.com/medias/api/media/3535?codeType=1002&vender=0&resolutionpolicy=2&uuid=13287129&mac=a8:a6:48:18:fc:a8&devid=86100300900000500000060a4818fca8&version=00.002.003&subscriberId=13287129&customerId=7195320&model_id=0&APPPackage=com.hisense.hicloud.edca&PFAPPCode=652&APPVersionName=3.0.0.9.00&ChannelId=0&softwareVersion=LED50MU8600UC0000888&tv_distribute_id=00&devType=0&APIVersion=600&accessToken=72DF6038D2AEAB8A76DFBBBBCC428A4A_001464428821544&eventType=207&srccolumnid=0&srcgroupid=10003&original=1&APIversion=501&logversion=2.0&eventcode=207000&eventPos=000&srcrowid=1&srceventcode=232000&srctabid=0&mediaid=3535&sessionid=e4010369d38d4fec8021f7bc0fc6fa26&requesttime=1499266510749&requestid=aa316008614b4558807246974b392928&issysrepo=1
07-05 22:55:10.802 D/HttpHandler(13153): VerifySignInterCeptor-->request.url()=http://api.edu.hismarttv.com/medias/api/media/3535?codeType=1002&vender=0&resolutionpolicy=2&uuid=13287129&mac=a8:a6:48:18:fc:a8&devid=86100300900000500000060a4818fca8&version=00.002.003&subscriberId=13287129&customerId=7195320&model_id=0&APPPackage=com.hisense.hicloud.edca&PFAPPCode=652&APPVersionName=3.0.0.9.00&ChannelId=0&softwareVersion=LED50MU8600UC0000888&tv_distribute_id=00&devType=0&APIVersion=600&accessToken=72DF6038D2AEAB8A76DFBBBBCC428A4A_001464428821544&eventType=207&srccolumnid=0&srcgroupid=10003&original=1&APIversion=501&logversion=2.0&eventcode=207000&eventPos=000&srcrowid=1&srceventcode=232000&srctabid=0&mediaid=3535&sessionid=e4010369d38d4fec8021f7bc0fc6fa26&requesttime=1499266510749&requestid=aa316008614b4558807246974b392928&issysrepo=1start=&resolutionpolicy=2&rows=&vender=0&search_key=&typeCode=1002&type=&
07-05 22:55:10.802 D/HttpHandler(13153): VerifySignInterCeptor-->hostname=api.edu.hismarttv.com
07-05 22:55:10.804 D/HttpHandler(13153): HttpDNS-->hostname=api.edu.hismarttv.com
07-05 22:55:10.810 D/HttpHandler(13153): RAMCache-->hostInfo.getClientTimeStamp()=15336240
07-05 22:55:10.810 D/HttpHandler(13153): RAMCache-->hostInfo.getTtl()=3600
07-05 22:55:10.810 D/HttpHandler(13153): RAMCache-->SystemClock.elapsedRealtime()=15352382
07-05 22:55:10.815 D/HttpHandler(13153): DNSHelper-->gslbDns=["123.103.91.123"]
07-05 22:55:10.818 E/btif_config( 2964): [btif_config_get] node is TRUE!
07-05 22:55:10.818 E/btif_config( 2964): [btif_config_get] ret is TRUE!
07-05 22:55:10.819 I/NetflixMonitorService( 1733): current fgapk : com.hisense.hicloud.edca
07-05 22:55:10.819 I/NetflixMonitorService( 1733): Netflix status unchanged
07-05 22:55:10.854 D/OkHttp  (13153): --> GET http://api.edu.hismarttv.com/medias/api/media/3535?codeType=1002&vender=0&resolutionpolicy=2&uuid=13287129&mac=a8:a6:48:18:fc:a8&devid=86100300900000500000060a4818fca8&version=00.002.003&subscriberId=13287129&customerId=7195320&model_id=0&APPPackage=com.hisense.hicloud.edca&PFAPPCode=652&APPVersionName=3.0.0.9.00&ChannelId=0&softwareVersion=LED50MU8600UC0000888&tv_distribute_id=00&devType=0&APIVersion=600&accessToken=72DF6038D2AEAB8A76DFBBBBCC428A4A_001464428821544&eventType=207&srccolumnid=0&srcgroupid=10003&original=1&APIversion=501&logversion=2.0&eventcode=207000&eventPos=000&srcrowid=1&srceventcode=232000&srctabid=0&mediaid=3535&sessionid=e4010369d38d4fec8021f7bc0fc6fa26&requesttime=1499266510749&requestid=aa316008614b4558807246974b392928&issysrepo=1start=&resolutionpolicy=2&rows=&vender=0&search_key=&typeCode=1002&type=& http/1.1
07-05 22:55:10.854 D/OkHttp  (13153): Data_Type: JSON
07-05 22:55:10.854 D/OkHttp  (13153): RetryTime: 0
07-05 22:55:10.854 D/OkHttp  (13153): Backoffmutiplier: 0
07-05 22:55:10.854 D/OkHttp  (13153): Host: api.edu.hismarttv.com
07-05 22:55:10.854 D/OkHttp  (13153): Connection: Keep-Alive
07-05 22:55:10.854 D/OkHttp  (13153): Accept-Encoding: gzip
07-05 22:55:10.854 D/OkHttp  (13153): User-Agent: okhttp/3.6.0
07-05 22:55:10.854 D/OkHttp  (13153): --> END GET
07-05 22:55:10.867 I/HLSP2P  (16224): ## 2017-07-05 22:55:10.866 [16224,16378,:0] INFO ## [HLSP2P][PeerServer.cpp:559][INFO][SendHeartBeatReq][PeerServer] send hearbeat to 123.126.121.155:30013 ok
07-05 22:55:10.867 I/HLSP2P  (16224): ## 2017-07-05 22:55:10.866 [16224,16378,:0] INFO ## [HLSP2P][PunchHelper.cpp:289][INFO][SendHeartBeatMsg][PunchHelper] send heartbeat to punch server(124.160.168.204:8001) ok
07-05 22:55:10.890 I/HLSP2P  (16224): ## 2017-07-05 22:55:10.888 [16224,16380,:0] INFO ## [HLSP2P][PeerServer.cpp:738][INFO][OnHeartBeatRsp][PeerServer] ps heartbeat rsp ok
07-05 22:55:10.892 I/HLSP2P  (16224): ## 2017-07-05 22:55:10.892 [16224,16380,:0] INFO ## [HLSP2P][PunchHelper.cpp:434][INFO][OnHeartbeatRsp][PunchHelper] punch heartbeat rsp ok
07-05 22:55:10.896 D/OkHttp  (13153): <-- 200 OK http://api.edu.hismarttv.com/medias/api/media/3535?codeType=1002&vender=0&resolutionpolicy=2&uuid=13287129&mac=a8:a6:48:18:fc:a8&devid=86100300900000500000060a4818fca8&version=00.002.003&subscriberId=13287129&customerId=7195320&model_id=0&APPPackage=com.hisense.hicloud.edca&PFAPPCode=652&APPVersionName=3.0.0.9.00&ChannelId=0&softwareVersion=LED50MU8600UC0000888&tv_distribute_id=00&devType=0&APIVersion=600&accessToken=72DF6038D2AEAB8A76DFBBBBCC428A4A_001464428821544&eventType=207&srccolumnid=0&srcgroupid=10003&original=1&APIversion=501&logversion=2.0&eventcode=207000&eventPos=000&srcrowid=1&srceventcode=232000&srctabid=0&mediaid=3535&sessionid=e4010369d38d4fec8021f7bc0fc6fa26&requesttime=1499266510749&requestid=aa316008614b4558807246974b392928&issysrepo=1start=&resolutionpolicy=2&rows=&vender=0&search_key=&typeCode=1002&type=& (41ms)
07-05 22:55:10.896 D/OkHttp  (13153): Server: nginx
07-05 22:55:10.896 D/OkHttp  (13153): Date: Wed, 05 Jul 2017 14:55:10 GMT
07-05 22:55:10.896 D/OkHttp  (13153): Content-Type: application/json
07-05 22:55:10.896 D/OkHttp  (13153): Content-Length: 57924
07-05 22:55:10.896 D/OkHttp  (13153): Connection: close
07-05 22:55:10.896 D/OkHttp  (13153): <-- END HTTP
07-05 22:55:10.898 D/HttpHandler(13153): RetryIntercepter-->retryNum=0
07-05 22:55:10.898 D/HttpHandler(13153): RetryIntercepter-->backoffmutiplier=0
07-05 22:55:10.899 D/DetailPlayActivity.java(13153): VodLog-[initRemindDialog:352]http://picture.edu.hismarttv.com/images/20151119035938180406.png
07-05 22:55:10.907 V/MediaPlayer-JNI(13153): native_finalize
07-05 22:55:10.907 V/MediaPlayer-JNI(13153): release
07-05 22:55:10.921 D/MyLocalStartService(16899): currentName is :com.hisense.hicloud.edca
07-05 22:55:10.928 D/HttpHandler(13153): VerifySignInterCeptor-->request.url()=http://picture.edu.hismarttv.com/images/20151119035917189009.png
07-05 22:55:10.929 D/HttpHandler(13153): VerifySignInterCeptor-->hostname=picture.edu.hismarttv.com
07-05 22:55:10.930 D/HttpHandler(13153): VerifySignInterCeptor-->request.url()=http://picture.edu.hismarttv.com/images/20151119035723420106.png
07-05 22:55:10.930 D/HttpHandler(13153): VerifySignInterCeptor-->hostname=picture.edu.hismarttv.com
07-05 22:55:10.930 D/HttpHandler(13153): VerifySignInterCeptor-->request.url()=http://picture.edu.hismarttv.com/images/20151119035938180406.png
07-05 22:55:10.930 D/HttpHandler(13153): VerifySignInterCeptor-->hostname=picture.edu.hismarttv.com
07-05 22:55:10.931 D/OkHttp  (13153): --> GET http://picture.edu.hismarttv.com/images/20151119035938180406.png http/1.1
07-05 22:55:10.931 D/OkHttp  (13153): Host: picture.edu.hismarttv.com
07-05 22:55:10.931 D/OkHttp  (13153): Connection: Keep-Alive
07-05 22:55:10.932 D/OkHttp  (13153): --> GET http://picture.edu.hismarttv.com/images/20151119035723420106.png http/1.1
07-05 22:55:10.932 D/OkHttp  (13153): Host: picture.edu.hismarttv.com
07-05 22:55:10.932 D/OkHttp  (13153): Connection: Keep-Alive
07-05 22:55:10.932 D/OkHttp  (13153): Accept-Encoding: gzip
07-05 22:55:10.932 D/OkHttp  (13153): User-Agent: okhttp/3.6.0
07-05 22:55:10.933 D/OkHttp  (13153): --> GET http://picture.edu.hismarttv.com/images/20151119035917189009.png http/1.1
07-05 22:55:10.933 D/OkHttp  (13153): --> END GET
07-05 22:55:10.933 D/OkHttp  (13153): Accept-Encoding: gzip
07-05 22:55:10.933 D/OkHttp  (13153): User-Agent: okhttp/3.6.0
07-05 22:55:10.933 D/OkHttp  (13153): --> END GET
07-05 22:55:10.934 D/OkHttp  (13153): Host: picture.edu.hismarttv.com
07-05 22:55:10.934 D/OkHttp  (13153): Connection: Keep-Alive
07-05 22:55:10.934 D/OkHttp  (13153): Accept-Encoding: gzip
07-05 22:55:10.934 D/OkHttp  (13153): User-Agent: okhttp/3.6.0
07-05 22:55:10.934 D/OkHttp  (13153): --> END GET
07-05 22:55:10.935 W/Activity(13153): changePanelKeyPadStateIfNecessary() : false
07-05 22:55:10.935 V/InputManager(13153): setPanelKeyPadConvertState() : false
07-05 22:55:10.936 I/BaseActivity(13153): onResume
07-05 22:55:10.937 D/DetailPlayActivity(13153): ---------------------------onresume
07-05 22:55:10.946 V/WindowManager( 1733): Adding window Window{33a92766 u0 com.hisense.hicloud.edca/com.hisense.hicloud.edca.mediaplayer.activity.DetailPlayActivity} at 12 of 20 (after Window{3f8150e1 u0 com.hisense.hicloud.edca/com.hisense.tvui.newhome.HomeMainActivity})
07-05 22:55:10.951 I/MyFragmentStateAdapter(13153): getCount
07-05 22:55:10.951 I/MyFragmentStateAdapter(13153): getCount
07-05 22:55:10.952 I/MyFragmentStateAdapter(13153): getCount
07-05 22:55:10.952 I/MyFragmentStateAdapter(13153): getCount
07-05 22:55:10.952 I/FirstLineAdapter(13153): canShowTrailer,isOffline=false
07-05 22:55:10.952 I/FirstLineAdapter(13153): canShowTrailer,isOffline=false
07-05 22:55:10.952 I/FirstLineAdapter(13153): canShowTrailer,isOffline=false
07-05 22:55:10.952 I/FirstLineAdapter(13153): canShowTrailer,isOffline=false
07-05 22:55:10.952 I/FirstLineAdapter(13153): canShowTrailer,isOffline=false
07-05 22:55:10.952 I/FirstLineAdapter(13153): canShowTrailer,isOffline=false
07-05 22:55:10.952 I/FirstLineAdapter(13153): canShowTrailer,isOffline=false
07-05 22:55:10.953 I/FirstLineAdapter(13153): canShowTrailer,isOffline=false
07-05 22:55:10.953 I/FirstLineAdapter(13153): canShowTrailer,isOffline=false
07-05 22:55:10.954 D/OkHttp  (13153): <-- 200 OK http://picture.edu.hismarttv.com/images/20151119035723420106.png (19ms)
07-05 22:55:10.954 D/OkHttp  (13153): Date: Fri, 30 Jun 2017 04:34:22 GMT
07-05 22:55:10.954 D/OkHttp  (13153): Server: nginx/1.6.2
07-05 22:55:10.954 D/OkHttp  (13153): Content-Type: image/png
07-05 22:55:10.954 D/OkHttp  (13153): Content-Length: 11698
07-05 22:55:10.954 D/OkHttp  (13153): Last-Modified: Thu, 19 Nov 2015 03:57:23 GMT
07-05 22:55:10.954 D/OkHttp  (13153): <-- 200 OK http://picture.edu.hismarttv.com/images/20151119035917189009.png (20ms)
07-05 22:55:10.954 D/OkHttp  (13153): ETag: "564d48a3-2db2"
07-05 22:55:10.954 D/OkHttp  (13153): Date: Fri, 30 Jun 2017 22:57:23 GMT
07-05 22:55:10.954 D/OkHttp  (13153): Accept-Ranges: bytes
07-05 22:55:10.954 D/OkHttp  (13153): Server: nginx
07-05 22:55:10.954 D/OkHttp  (13153): Age: 469248
07-05 22:55:10.954 D/OkHttp  (13153): Content-Type: image/png
07-05 22:55:10.954 D/OkHttp  (13153): Content-Length: 369052
07-05 22:55:10.954 D/OkHttp  (13153): Last-Modified: Thu, 19 Nov 2015 03:59:17 GMT
07-05 22:55:10.954 D/OkHttp  (13153): ETag: "564d4915-5a19c"
07-05 22:55:10.954 D/OkHttp  (13153): Accept-Ranges: bytes
07-05 22:55:10.954 D/OkHttp  (13153): Age: 403067
07-05 22:55:10.954 D/OkHttp  (13153): Via: 1.1 xinzhouwangtong42:7 (Cdn Cache Server V2.0), 1.1 t93:8 (Cdn Cache Server V2.0)[0 200 0]
07-05 22:55:10.954 D/OkHttp  (13153): Connection: keep-alive
07-05 22:55:10.954 D/OkHttp  (13153): <-- END HTTP
07-05 22:55:10.955 D/OkHttp  (13153): Via: 1.0 jnwt242:88 (Cdn Cache Server V2.0), 1.0 hwangt167:6 (Cdn Cache Server V2.0), 1.0 t94:4 (Cdn Cache Server V2.0)[0 200 0]
07-05 22:55:10.955 D/OkHttp  (13153): Connection: keep-alive
07-05 22:55:10.955 D/OkHttp  (13153): <-- END HTTP
07-05 22:55:10.956 D/HttpHandler(13153): RetryIntercepter-->retryNum=0
07-05 22:55:10.956 D/HttpHandler(13153): RetryIntercepter-->backoffmutiplier=0
07-05 22:55:10.959 I/MyFragmentStateAdapter(13153): getCount
07-05 22:55:10.962 D/HttpHandler(13153): RetryIntercepter-->retryNum=0
07-05 22:55:10.962 D/HttpHandler(13153): RetryIntercepter-->backoffmutiplier=0
07-05 22:55:10.963 D/OkHttp  (13153): <-- 200 OK http://picture.edu.hismarttv.com/images/20151119035938180406.png (26ms)
07-05 22:55:10.963 D/OkHttp  (13153): Date: Sun, 02 Jul 2017 09:26:48 GMT
07-05 22:55:10.963 D/OkHttp  (13153): Server: nginx/1.6.2
07-05 22:55:10.963 D/OkHttp  (13153): Content-Type: image/png
07-05 22:55:10.963 D/OkHttp  (13153): Content-Length: 386276
07-05 22:55:10.963 D/OkHttp  (13153): Last-Modified: Thu, 19 Nov 2015 03:59:38 GMT
07-05 22:55:10.963 D/OkHttp  (13153): ETag: "564d492a-5e4e4"
07-05 22:55:10.963 D/OkHttp  (13153): Accept-Ranges: bytes
07-05 22:55:10.963 D/OkHttp  (13153): Age: 278902
07-05 22:55:10.963 D/OkHttp  (13153): Via: 1.0 hewangtong173:8106 (Cdn Cache Server V2.0), 1.0 zhiwangtong174:5 (Cdn Cache Server V2.0), 1.0 angtong95:1 (Cdn Cache Server V2.0)[0 200 0]
07-05 22:55:10.963 D/OkHttp  (13153): Connection: keep-alive
07-05 22:55:10.963 D/OkHttp  (13153): <-- END HTTP
07-05 22:55:10.966 D/HttpHandler(13153): RetryIntercepter-->retryNum=0
07-05 22:55:10.966 D/HttpHandler(13153): RetryIntercepter-->backoffmutiplier=0
07-05 22:55:10.970 E/HDMI_CEC( 1733): Send Message TO[5] 
07-05 22:55:10.970 E/HDMI_CEC( 1733): OP[0], <Feature Abort> 
07-05 22:55:10.970 E/HDMI_CEC( 1733): ========
07-05 22:55:10.979 I/SurfaceFlinger( 1204): the layer SurfaceView is used to close xc and zorder is smallerest! clear region
07-05 22:55:10.992 D/Surface ( 1733): onStatusChange() : mNativeObject = 547819086848 mUseImageHwRender = false
07-05 22:55:10.992 V/Surface ( 1733): nativeSetHardwareRender() : status = 0
07-05 22:55:10.992 V/Surface ( 1733): nativeSetHardwareRender() : end
07-05 22:55:10.992 D/OsdMonitorService( 1733): mCurrentWindow = com.hisense.hicloud.edca/com.hisense.tvui.newhome.HomeMainActivity; newWindow = com.hisense.hicloud.edca/com.hisense.hicloud.edca.mediaplayer.activity.DetailPlayActivity; isSubWindow = false; isInWinList = false; isExitNow = false
07-05 22:55:10.992 D/OsdMonitorService( 1733): windowNotOsd() : name = com.hisense.hicloud.edca/com.hisense.hicloud.edca.mediaplayer.activity.DetailPlayActivity
07-05 22:55:10.992 I/OsdMonitorService( 1733): setOsdStatus() : status will change from true to true
07-05 22:55:11.004 D/HttpHandler(13153): VerifySignInterCeptor-->dateType=1
07-05 22:55:11.004 D/HttpHandler(13153): VerifySignInterCeptor-->HttpRequestManager.httpClietOption.getVerifyFlag()=1
07-05 22:55:11.010 I/SurfaceFlinger( 1204): the layer SurfaceView is used to close xc and zorder is smallerest! clear region
07-05 22:55:11.012 D/PowerManagerService( 1733): setScreenBrightnessOverrideFromWindowManagerInternal done
07-05 22:55:11.018 D/PowerManagerService( 1733): setScreenBrightnessOverrideFromWindowManagerInternal done
07-05 22:55:11.022 D/Surface ( 1733): onStatusChange() : mNativeObject = 0 mUseImageHwRender = false
07-05 22:55:11.023 D/Surface (13153): onStatusChange() : mNativeObject = -531039488 mUseImageHwRender = false
07-05 22:55:11.023 V/Surface (13153): nativeSetHardwareRender() : status = 0
07-05 22:55:11.023 V/Surface (13153): nativeSetHardwareRender() : end
07-05 22:55:11.026 D/HttpHandler(13153): VerifySignInterCeptor-->content={"image_post_url": "http://picture.edu.hismarttv.com/images/20170303023652037350.jpg", "system_time": 1499266510, "videos": [{"db_id": 28416, "play_ways": [{"centralized_play_params": null, "fee": 1, "feeSeconds": -1, "startup_type": 1, "video_play_param": "qnKvhzjJHfE4ZZwXEqbKU+ErUMyO6flgvO7nUavjMWahgv8ChKW6k4z0iIiisS1DT5XmRgk9mPT+OwY+rscRJeRWILhnfQ7IurLAb0eWrjLvEyHDoRtXZNLMY7DD1zpUPY9QDbu/7magc7YYzE27USwNgHkhh8uvlb9kFuY3pA8gva/Jd/SQGSshRdJa2R/VohtI5ycPje2qkwEArdReH4KLkyd9v9QI66xXQB55Cuf9wuCleTnr5Kre+6IoL9avpAAFP/Dw3t3ZvQzmSdrZokyupfnL1m8WuDnv8m3bvwvJgfVGDMnHmYzfC6ZKmXYtnAHME4MhpXVmov5lgrHxWFVrGOFHHYaTzILCALaVd0WO9EAcpDHJnm4b7nmk/8WESwCN2/E1tCDGPYQiNYvUXbr0lsCOVz3PHlOGbzTZE25H5wsL1RoaoLatvWRz95lfJgtC1/Xrr8z3JiW5fDfOHazw1QhtKU872iY46P9vjZnEuEdvQ77+FIfcL+Jbo8VNzzg=", "video_play_url": "uSSogmCyW+88eMhEVuGHUrZ6CtOT4fktq7q9TpT5b3nj1s0T2+SxzL7nkY2ktUcGQIzsQ2d6kPesbGx9qpUVIowbf+l4d2OPvObDPi7Vr2G9FE+D801ecsmCbKCHnGdGM5ZEU/j+q2u7ZO1AhBTgBHBTnTprnoX2wuo7CKd4u1pgorKKK6vERGZ/EowPxh3WphpJ6SUPjO+oyR8BqtpYVoSJkT0o9tc=", "video_quality": null, "id": 1040, "name": "\u624d\u667a\u5c0f\u5929\u5730\u65b0"}], "title": "1\u3001\u65b0\u6765\u7684\u90bb\u5c45\uff08\u4e0a\u7bc7\uff09", "series": 1, "time_length": 373, "id": "35351"}, {"db_id": 28425, "play_ways": [{"centralized_play_params": null, "fee": 1, "feeSeconds": 60, "startup_type": 1, "video_play_param": "qnKvhzjJHfE4ZZwXEqbKU+ErUMyO6flgvO7nUqvjMWahgv8ChKW6k4z0iIiisS1DT5XmRgk9mPT+OwY+rscRJeRWILhnfQ7IurLAbEeWrjLvEyHDoRtXZNLMY7DD1zpUPY9QDbu/7magc7YYzE27USwNgHkhh8uvlb9kFuY3pA8gva/Jd/SQGSshRdJa2R/VohtI5ycPje2qkwEArdReH4KLkyd9v9QI66xXQB55Cuf9wuCleTnr5Kre+/goL9avpAAFP/Dw3t3ZvQznQdLYpEyupfnL1m8WtzHu9mrevg7HgPNGDMnHmYzfC6ZFkXcpmwTNFo0go3Vmov5lgrHxWFVrGOFHHYaTzILCALaVd0WO9EAcpDHJnm4b7nmk/8WESwCN2/E1tCDGPYQiNYvUXbr0lsCOVD7PHlOGbzTZE25H5wsL1RoaoLatvWRz95lfJgtC1/Xrr8z3JiW5fDfOHazw1QhtKU872iY46P9vjZnEuEdvQ77+FIfcL+Jbo8VNzzg=", "video_play_url": "uSSogmCyW+88eMhEVuGHUrZ6CtOT4fktq7q9TpT5b3nj1s0T2+SxzL7nkY2ktUcGQIzsQ2d6kPesbGx9qpUVIowbf+l4d2OPvObDPi7Vr2G9FE+D801ecpOCbKCHnGdGM5ZEU/j+q2u6bOVBghTgBHBTnTprkY33xu0+CaJ2ulxgorKKK6vERGZwGo0LwRjXoxRI7yUPjO+oyR8BqtpYVoSJkT0o9tc=", "video_quality": null, "id": 1040, "name": "\u624d\u667a\u5c0f\u5929\u5730\u65b0"}], "title": "2\u3001\u65b0\u6765\u7684\u90bb\u5c45\uff08\u4e0b\u7bc7\uff09", "series": 2, "time_length": 507, "id": "35352"}, {"db_id": 28431, "play_ways": [{"centralized_play_params": null, "fee": 1, "feeSeconds": 60, "startup_type": 1, "video_play_param": "qnKvhzjJHfE4ZZwXEqbKU+ErUMyO6flgvO7nU6vjMWahgv8ChKLgwoz0itqisi1DTpbtFwk9maL4YAY+rpUWduRWILhnfQ7IurLAb0eWrjLvEyHDoRtXZNLMY7DD1zpUPY9QDbu/7magc7YYzE27USwNgHkhh8uvlb9kFuY3pA8gva/Jd/SQGSshRdJa2R/VohtI5ycPje2qkwEArdReH4KLkyd9v9QI66xXQB55Cuf9wuCleTnr5Kre+64rL9avpAAFP/Dw3t3ZvQznQtzaoEyupfnL1m8WtzPs82jbvAvNgfVGDMnHmYzfC6ZFk3UsmQHPE4chpXVmov5lgrHxWFVrGOFHHYaTzILCALaVd0WO9EAcpDHJnm4b7nmk/8WESwCN2/E1tCDGPYQiNYvUXbr0lsCOVTrPHlOGbzTZE25H5wsL1RoaoLatvWRz95lfJgtC1/Xrr8z3JiW5fDfOHazw1QhtKU872iY46P9vjZnEuEdvQ77+FIfcL+Jbo8VNzzg=", "video_play_url": "uSSogmCyW+88eMhEVuGHUrZ6CtOT4fktq7q9TpT5b3nj1s0T2+SxzL7nkY2ktUcGQIzsQ2d6kPesbGx9qpUVIowbf+l4d2OPvObDPi7Vr2G9FE+D801ecsWBbKCHnGdGM5ZEU/j+q2u6b+tDhhTgBHBTnTprkY/1w+87C6d8u1pgorKKK6vERGZwGI8Owx3Vph5J6SUPjO+oyR8BqtpYVoSJkT0o9tc=", "video_quality": null, "id": 1040, "name": "\u624d\u667a\u5c0f\u5929\u5730\u65b0"}], "title": "3\u3001\u628a\u4e66\u653e\u8fd9\u513f\uff08\u4e0a\u7bc7\uff09", "series": 3, "time_length": 443, "id": "35353"}, {"db_id": 28438, "play_ways": [{"centralized_play_params": null, "fee": 1, "feeSeconds": 60, "startup_type": 1, "video_play_param": "qnKvhzjJHfE4ZZwXEqbKU+ErUMyO6flgvO7nVKvjMWahgv8ChKLgwoz0itqisi1DTpbtFwk9maL4YAY+rpUWduRWILhnfQ7IurLAbEeWrjLvEyHDoRtXZNLMY7DD1zpUPY9QDbu/7magc7YYzE27USwNgHkhh8uvlb9kFuY3pA8gva/Jd/SQGSshRdJa2R/VohtI5ycPje2qkwEArdReH4KLkyd9v9QI66xXQB55Cuf9wuCleTnr5Kre+6h+L9avpAAFP/Dw3t3ZvQznR9nQoEyupfnL1m8WtzXr9m/ftAjIhvNGDMnHmYzfC6ZFlXIpngXHEIImo3Vmov5lgrHxWFVrGOFHHYaTzILCALaVd0WO9EAcpDHJnm4b7nmk/8WESwCN2/E1tCDGPYQiNYvUXbr0lsCOVTPPHlOGbzTZE25H5wsL1RoaoLatvWRz95lfJgtC1/
07-05 22:55:11.028 D/gralloc ( 1204): allocate buffer from ION HEAP 0x1
07-05 22:55:11.028 D/gralloc ( 1204): allocate memory from system heap
07-05 22:55:11.037 D/gralloc ( 1204): allocate buffer from ION HEAP 0x1
07-05 22:55:11.037 D/gralloc ( 1204): allocate memory from system heap
07-05 22:55:11.040 D/gralloc ( 1204): allocate buffer from ION HEAP 0x1
07-05 22:55:11.040 D/gralloc ( 1204): allocate memory from system heap
07-05 22:55:11.041 E/HDMI_CEC( 1733): MI_CEC_SendTxPolling, ErrCode[4] 
07-05 22:55:11.042 I/SurfaceFlinger( 1204): the layer SurfaceView is used to close xc and zorder is smallerest! clear region
07-05 22:55:11.046 D/Carousel-CarouselVideoViewImpl(13153): stopPlay.
07-05 22:55:11.047 D/Carousel-log_video-(13153): onStopPlay!
07-05 22:55:11.047 D/Carousel-log_video-(13153): submitPlayStopLog mLogPlayState:5
07-05 22:55:11.047 D/Carousel-log_video-(13153): No need to repeat play stop log.
07-05 22:55:11.053 V/InputMethodService( 2203): startInput(): editor=android.view.inputmethod.EditorInfo@a5b7081
07-05 22:55:11.053 V/InputMethodService( 2203): CALL: onFinishInput
07-05 22:55:11.054 E/SOGOUIME_JNI( 2203): reset
07-05 22:55:11.054 E/SOGOUIME_JNI( 2203): getCandidates
07-05 22:55:11.054 E/SOGOUIME_JNI( 2203): ime_get_uncommitted_length
07-05 22:55:11.054 E/SOGOUIME_JNI( 2203): getCandidates
07-05 22:55:11.054 D/SogouIME API( 2203): ==============num:32
07-05 22:55:11.054 E/SOGOUIME_JNI( 2203): ime_get_uncommitted_length
07-05 22:55:11.054 D/SogouIME( 2203): mFocusedComponent:30   isHkbEnable:false
07-05 22:55:11.054 E/SOGOUIME_JNI( 2203): ime_get_uncommitted_length
07-05 22:55:11.054 E/SOGOUIME_JNI( 2203): ime_get_committed_length
07-05 22:55:11.054 E/SOGOUIME_JNI( 2203): getComposingInfo
07-05 22:55:11.054 E/SOGOUIME_JNI( 2203): getComposingInfo
07-05 22:55:11.055 E/SOGOUIME_JNI( 2203): getCorrectInfo
07-05 22:55:11.055 E/SOGOUIME_JNI( 2203): getComposingInfo
07-05 22:55:11.055 V/InputMethodService( 2203): CALL: onStartInput
07-05 22:55:11.056 E/SOGOUIME_JNI( 2203): invalidateCommitWordPinyinNative
07-05 22:55:11.059 I/MyFragmentStateAdapter(13153): getCount
07-05 22:55:11.059 D/SogouIME( 2203): =====configKeyboard=======是否有硬件盘:false     硬件盘是否不再隐藏：false
07-05 22:55:11.059 E/SOGOUIME_JNI( 2203): ime_set_hard_kb_enable
07-05 22:55:11.074 I/SurfaceFlinger( 1204): the layer SurfaceView is used to close xc and zorder is smallerest! clear region
07-05 22:55:11.076 E/HDMI_CEC( 1733): Sending message can't be response. 
07-05 22:55:11.082 D/HiNetworkImpl(13153): doHttp_Asyn(): onReqResponse isSuccessful = true, back from thread: main
07-05 22:55:11.092 W/QueryController(13119): AccessibilityNodeInfo returned a null child (0 of 1)
07-05 22:55:11.102 D/PowerManagerService( 1733): acquireWakeLockInternal: lock=113832109, flags=0x1, tag="NetworkStats", ws=null, uid=1000, pid=1733
07-05 22:55:11.102 D/PowerManagerNotifier( 1733): onWakeLockAcquired: flags=1, tag="NetworkStats", packageName=android, ownerUid=1000, ownerPid=1733, workSource=null
07-05 22:55:11.103 D/NtpTrustedTime( 1733): currentTimeMillis() cache hit
07-05 22:55:11.107 I/SurfaceFlinger( 1204): the layer SurfaceView is used to close xc and zorder is smallerest! clear region
07-05 22:55:11.107 W/QueryController(13119): parent = android.view.accessibility.AccessibilityNodeInfo@80021af3; boundsInParent: Rect(0, 0 - 1738, 506); boundsInScreen: Rect(162, 0 - 1900, 338); packageName: com.hisense.hicloud.edca; className: android.widget.RelativeLayout; text: null; error: null; maxTextLength: -1; contentDescription: null; viewIdResName: null; checkable: false; checked: false; focusable: false; focused: false; selected: false; clickable: false; longClickable: false; enabled: true; password: false; scrollable: false; actions: [AccessibilityAction: ACTION_SELECT - null, AccessibilityAction: ACTION_CLEAR_SELECTION - null, AccessibilityAction: ACTION_ACCESSIBILITY_FOCUS - null]
07-05 22:55:11.109 W/QueryController(13119): AccessibilityNodeInfo returned a null child (0 of 2)
07-05 22:55:11.109 W/QueryController(13119): parent = android.view.accessibility.AccessibilityNodeInfo@80021eb4; boundsInParent: Rect(0, 0 - 1738, 355); boundsInScreen: Rect(162, 363 - 1900, 718); packageName: com.hisense.hicloud.edca; className: android.widget.LinearLayout; text: null; error: null; maxTextLength: -1; contentDescription: null; viewIdResName: null; checkable: false; checked: false; focusable: false; focused: false; selected: false; clickable: false; longClickable: false; enabled: true; password: false; scrollable: false; actions: [AccessibilityAction: ACTION_SELECT - null, AccessibilityAction: ACTION_CLEAR_SELECTION - null, AccessibilityAction: ACTION_ACCESSIBILITY_FOCUS - null]
07-05 22:55:11.110 W/QueryController(13119): AccessibilityNodeInfo returned a null child (1 of 2)
07-05 22:55:11.112 D/NtpTrustedTime( 1733): currentTimeMillis() cache hit
07-05 22:55:11.113 D/NtpTrustedTime( 1733): currentTimeMillis() cache hit
07-05 22:55:11.113 D/NtpTrustedTime( 1733): currentTimeMillis() cache hit
07-05 22:55:11.113 D/PowerManagerService( 1733): releaseWakeLockInternal: lock=113832109 [NetworkStats], flags=0x0
07-05 22:55:11.113 D/PowerManagerNotifier( 1733): onWakeLockReleased: flags=1, tag="NetworkStats", packageName=android, ownerUid=1000, ownerPid=1733, workSource=null
07-05 22:55:11.114 W/QueryController(13119): AccessibilityNodeInfo returned a null child (0 of 2)
07-05 22:55:11.114 W/QueryController(13119): parent = android.view.accessibility.AccessibilityNodeInfo@8003e4ed; boundsInParent: Rect(0, 0 - 420, 279); boundsInScreen: Rect(162, 819 - 582, 1080); packageName: com.hisense.hicloud.edca; className: android.widget.RelativeLayout; text: null; error: null; maxTextLength: -1; contentDescription: null; viewIdResName: null; checkable: false; checked: false; focusable: true; focused: false; selected: false; clickable: true; longClickable: false; enabled: true; password: false; scrollable: false; actions: [AccessibilityAction: ACTION_FOCUS - null, AccessibilityAction: ACTION_SELECT - null, AccessibilityAction: ACTION_CLEAR_SELECTION - null, AccessibilityAction: ACTION_CLICK - null, AccessibilityAction: ACTION_ACCESSIBILITY_FOCUS - null]
07-05 22:55:11.118 W/QueryController(13119): AccessibilityNodeInfo returned a null child (1 of 2)
07-05 22:55:11.119 W/QueryController(13119): AccessibilityNodeInfo returned a null child (0 of 2)
07-05 22:55:11.119 W/QueryController(13119): parent = android.view.accessibility.AccessibilityNodeInfo@80040e38; boundsInParent: Rect(0, 0 - 430, 279); boundsInScreen: Rect(572, 819 - 1002, 1080); packageName: com.hisense.hicloud.edca; className: android.widget.RelativeLayout; text: null; error: null; maxTextLength: -1; contentDescription: null; viewIdResName: null; checkable: false; checked: false; focusable: true; focused: false; selected: false; clickable: true; longClickable: false; enabled: true; password: false; scrollable: false; actions: [AccessibilityAction: ACTION_FOCUS - null, AccessibilityAction: ACTION_SELECT - null, AccessibilityAction: ACTION_CLEAR_SELECTION - null, AccessibilityAction: ACTION_CLICK - null, AccessibilityAction: ACTION_ACCESSIBILITY_FOCUS - null]
07-05 22:55:11.120 W/QueryController(13119): AccessibilityNodeInfo returned a null child (1 of 2)
07-05 22:55:11.121 W/QueryController(13119): AccessibilityNodeInfo returned a null child (0 of 2)
07-05 22:55:11.121 W/QueryController(13119): parent = android.view.accessibility.AccessibilityNodeInfo@80043f05; boundsInParent: Rect(0, 0 - 430, 279); boundsInScreen: Rect(992, 819 - 1422, 1080); packageName: com.hisense.hicloud.edca; className: android.widget.RelativeLayout; text: null; error: null; maxTextLength: -1; contentDescription: null; viewIdResName: null; checkable: false; checked: false; focusable: true; focused: false; selected: false; clickable: true; longClickable: false; enabled: true; password: false; scrollable: false; actions: [AccessibilityAction: ACTION_FOCUS - null, AccessibilityAction: ACTION_SELECT - null, AccessibilityAction: ACTION_CLEAR_SELECTION - null, AccessibilityAction: ACTION_CLICK - null, AccessibilityAction: ACTION_ACCESSIBILITY_FOCUS - null]
07-05 22:55:11.122 W/QueryController(13119): AccessibilityNodeInfo returned a null child (1 of 2)
07-05 22:55:11.124 W/QueryController(13119): AccessibilityNodeInfo returned a null child (0 of 2)
07-05 22:55:11.125 W/QueryController(13119): parent = android.view.accessibility.AccessibilityNodeInfo@8003fb73; boundsInParent: Rect(0, 0 - 430, 279); boundsInScreen: Rect(1412, 819 - 1842, 1080); packageName: com.hisense.hicloud.edca; className: android.widget.RelativeLayout; text: null; error: null; maxTextLength: -1; contentDescription: null; viewIdResName: null; checkable: false; checked: false; focusable: true; focused: false; selected: false; clickable: true; longClickable: false; enabled: true; password: false; scrollable: false; actions: [AccessibilityAction: ACTION_FOCUS - null, AccessibilityAction: ACTION_SELECT - null, AccessibilityAction: ACTION_CLEAR_SELECTION - null, AccessibilityAction: ACTION_CLICK - null, AccessibilityAction: ACTION_ACCESSIBILITY_FOCUS - null]
07-05 22:55:11.126 W/QueryController(13119): AccessibilityNodeInfo returned a null child (1 of 2)
07-05 22:55:11.126 W/QueryController(13119): AccessibilityNodeInfo returned a null child (0 of 2)
07-05 22:55:11.127 W/QueryController(13119): parent = android.view.accessibility.AccessibilityNodeInfo@8003f3f1; boundsInParent: Rect(0, 0 - 430, 279); boundsInScreen: Rect(1832, 819 - 1900, 1080); packageName: com.hisense.hicloud.edca; className: android.widget.RelativeLayout; text: null; error: null; maxTextLength: -1; contentDescription: null; viewIdResName: null; checkable: false; checked: false; focusable: true; focused: false; selected: false; clickable: true; longClickable: false; enabled: true; password: false; scrollable: false; actions: [AccessibilityAction: ACTION_FOCUS - null, AccessibilityAction: ACTION_SELECT - null, AccessibilityAction: ACTION_CLEAR_SELECTION - null, AccessibilityAction: ACTION_CLICK - null, AccessibilityAction: ACTION_ACCESSIBILITY_FOCUS - null]
07-05 22:55:11.127 W/QueryController(13119): AccessibilityNodeInfo returned a null child (1 of 2)
07-05 22:55:11.142 D/OsdMonitorService( 1733): mCurrentWindow = com.hisense.hicloud.edca/com.hisense.hicloud.edca.mediaplayer.activity.DetailPlayActivity; newWindow = com.hisense.hicloud.edca/com.hisense.hicloud.edca.mediaplayer.activity.DetailPlayActivity; isSubWindow = false; isInWinList = false; isExitNow = false
07-05 22:55:11.143 D/OsdMonitorService( 1733): windowNotOsd() : name = com.hisense.hicloud.edca/com.hisense.hicloud.edca.mediaplayer.activity.DetailPlayActivity
07-05 22:55:11.143 I/OsdMonitorService( 1733): setOsdStatus() : status will change from true to true
07-05 22:55:11.143 I/SurfaceFlinger( 1204): the layer SurfaceView is used to close xc and zorder is smallerest! clear region
07-05 22:55:11.144 D/PowerManagerService( 1733): setScreenBrightnessOverrideFromWindowManagerInternal done
07-05 22:55:11.146 D/PowerManagerService( 1733): setScreenBrightnessOverrideFromWindowManagerInternal done
07-05 22:55:11.149 I/ActivityManager( 1733): Displayed com.hisense.hicloud.edca/.mediaplayer.activity.DetailPlayActivity: +607ms
07-05 22:55:11.151 D/PowerManagerService( 1733): setScreenBrightnessOverrideFromWindowManagerInternal done
07-05 22:55:11.157 I/SurfaceView(13153): Changes: creating=false format=false size=false visible=true left=false top=false
07-05 22:55:11.157 I/SurfaceView(13153): Cur surface: Surface(name=null)/@0x16188100
07-05 22:55:11.158 D/OsdMonitorService( 1733): mCurrentWindow = com.hisense.hicloud.edca/com.hisense.hicloud.edca.mediaplayer.activity.DetailPlayActivity; newWindow = com.hisense.hicloud.edca/com.hisense.hicloud.edca.mediaplayer.activity.DetailPlayActivity; isSubWindow = false; isInWinList = false; isExitNow = false
07-05 22:55:11.158 D/OsdMonitorService( 1733): windowNotOsd() : name = com.hisense.hicloud.edca/com.hisense.hicloud.edca.mediaplayer.activity.DetailPlayActivity
07-05 22:55:11.158 I/OsdMonitorService( 1733): setOsdStatus() : status will change from true to true
07-05 22:55:11.160 D/PowerManagerService( 1733): setScreenBrightnessOverrideFromWindowManagerInternal done
07-05 22:55:11.162 I/SurfaceView(13153): New surface: Surface(name=null)/@0x1fe10f48, vis=false, frame=Rect(418, 205 - 1234, 665)
07-05 22:55:11.162 I/SurfaceView(13153): visibleChanged -- surfaceDestroyed
07-05 22:55:11.162 D/Carousel-UrlVideoView(13153): surfaceDestroyed
07-05 22:55:11.162 D/Surface (13153): onStatusChange() : mNativeObject = 0 mUseImageHwRender = false
07-05 22:55:11.163 V/SurfaceView(13153): Layout: x=418 y=205 w=816 h=460, frame=Rect(0, 0 - 816, 460)
07-05 22:55:11.169 I/MiSysSrv( 1214): [37m[INFO] Change to Voltage: 117 mv (0x32)[m
07-05 22:55:11.173 I/SurfaceFlinger( 1204): the layer SurfaceView is used to close xc and zorder is smallerest! clear region
07-05 22:55:11.183 E/btif_config( 2964): [btif_config_get] node is TRUE!
07-05 22:55:11.183 E/btif_config( 2964): [btif_config_get] ret is TRUE!
07-05 22:55:11.189 D/OsdMonitorService( 1733): mCurrentWindow = com.hisense.hicloud.edca/com.hisense.hicloud.edca.mediaplayer.activity.DetailPlayActivity; newWindow = com.hisense.hicloud.edca/com.hisense.hicloud.edca.mediaplayer.activity.DetailPlayActivity; isSubWindow = false; isInWinList = false; isExitNow = false
07-05 22:55:11.189 D/OsdMonitorService( 1733): windowNotOsd() : name = com.hisense.hicloud.edca/com.hisense.hicloud.edca.mediaplayer.activity.DetailPlayActivity
07-05 22:55:11.189 I/OsdMonitorService( 1733): setOsdStatus() : status will change from true to true
07-05 22:55:11.190 I/SurfaceFlinger( 1204): the layer SurfaceView is used to close xc and zorder is smallerest! clear region
07-05 22:55:11.191 D/PowerManagerService( 1733): setScreenBrightnessOverrideFromWindowManagerInternal done
07-05 22:55:11.195 D/Surface (13153): onStatusChange() : mNativeObject = 0 mUseImageHwRender = false
07-05 22:55:11.197 D/PowerManagerService( 1733): releaseWakeLockInternal: lock=681732318 [ActivityManager-Launch], flags=0x0
07-05 22:55:11.197 D/PowerManagerNotifier( 1733): onWakeLockReleased: flags=1, tag="ActivityManager-Launch", packageName=android, ownerUid=1000, ownerPid=1733, workSource=null
07-05 22:55:11.206 D/hwcomposer( 1204): lastHWWindowInfo is dirty
07-05 22:55:11.206 I/SurfaceFlinger( 1204): the layer SurfaceView is used to close xc and zorder is smallerest! clear region
07-05 22:55:11.211 I/art     (13153): Background sticky concurrent mark sweep GC freed 513(21KB) AllocSpace objects, 0(0B) LOS objects, 0% free, 34MB/34MB, paused 6.100ms total 18.298ms
07-05 22:55:11.223 I/SurfaceFlinger( 1204): the layer SurfaceView is used to close xc and zorder is smallerest! clear region
07-05 22:55:11.240 I/SurfaceFlinger( 1204): the layer SurfaceView is used to close xc and zorder is smallerest! clear region
07-05 22:55:11.256 I/HiNetworkImpl(13153): doHttp_Asyn(): onSuccess clazz = class com.hisense.sdk.domain.DetailsPage, back from thread: main
07-05 22:55:11.256 I/DetailPlayActivity(13153): mFinishHttpTime : 15352827 网络请求用时：530
07-05 22:55:11.257 I/SurfaceFlinger( 1204): the layer SurfaceView is used to close xc and zorder is smallerest! clear region
07-05 22:55:11.262 D/til@system( 2026): til_get_system_param option:1000007 int:-1936523008, bool:0, ret:0
07-05 22:55:11.263 D/til@system( 2026): til_get_system_param option:1000009 int:-1936522368, bool:128, ret:0
07-05 22:55:11.265 D/til@system( 2026): til_get_system_param option:1000008 int:-1815634176, bool:0, ret:0
07-05 22:55:11.266 D/HiSDKLogReport(13153): getOperationDetail-productName : LED50MU8600UC
07-05 22:55:11.266 D/HiSDKLogReport(13153): getOperationDetail-plmNumber : 88888
07-05 22:55:11.266 D/HiSDKLogReport(13153): getOperationDetail-swVersion : V0000.00.01A
07-05 22:55:11.266 D/HiSDKLogReport(13153): getOperationDetail-operationDetail : LED50MU8600UC0000888
07-05 22:55:11.266 D/HiSDKLogReport(13153): processLogReport-log : {eventType=110, appKey=1182445233, APPVersionName=3.0.0.9.00, devid=86100300900000500000060a4818fca8, mac=a8:a6:48:18:fc:a8, uuid=13287129, accessToken=72DF6038D2AEAB8A76DFBBBBCC428A4A_001464428821544, APIversion=501, logversion=2.0, devType=0, APPPackage=com.hisense.hicloud.edca, eventPos=002, requesttime=1499266511266, customerId=7195320, value2=, eventMessage=HttpConnection, value1=530, model_id=0, ChannelId=0, version=00.002.003, tv_distribute_id=00, subscriberId=13287129, APIVersion=600, PFAPPCode=652, softwareVersion=LED50MU8600UC0000888}
07-05 22:55:11.267 D/DetailPlayActivity(13153): detailpage result is:com.hisense.sdk.domain.DetailsPage@2c75451c
07-05 22:55:11.269 I/MiSysSrv( 1214): [37m[INFO] Change to Voltage: 117 mv (0x32)[m
07-05 22:55:11.271 D/til@system( 2026): til_get_system_param option:1000007 int:-1936522112, bool:128, ret:0
07-05 22:55:11.272 I/TVMW@HsTvSetting( 1234): Trace cmd, data = 0x1058
07-05 22:55:11.272 D/til@system( 2026): til_get_system_param option:100002F int:0, bool:0, ret:0
07-05 22:55:11.272 I/TVMW@HsTvSetting( 1234): Trace cmd, data = 0x101f
07-05 22:55:11.273 I/SurfaceFlinger( 1204): the layer SurfaceView is used to close xc and zorder is smallerest! clear region
07-05 22:55:11.274 W/System.err(13153): java.net.ConnectException: failed to connect to /10.18.210.112 (port 8900) after 6000ms: isConnected failed: ECONNREFUSED (Connection refused)
07-05 22:55:11.274 D/til@system( 2026): til_get_system_param option:100001D int:3, bool:3, ret:0
07-05 22:55:11.275 W/System.err(13153): 	at libcore.io.IoBridge.isConnected(IoBridge.java:238)
07-05 22:55:11.275 W/System.err(13153): 	at libcore.io.IoBridge.connectErrno(IoBridge.java:171)
07-05 22:55:11.275 W/System.err(13153): 	at libcore.io.IoBridge.connect(IoBridge.java:122)
07-05 22:55:11.275 W/System.err(13153): 	at java.net.PlainSocketImpl.connect(PlainSocketImpl.java:183)
07-05 22:55:11.275 W/System.err(13153): 	at java.net.PlainSocketImpl.connect(PlainSocketImpl.java:456)
07-05 22:55:11.275 D/til@system( 2026): til_get_system_param option:1000009 int:-1936522368, bool:128, ret:0
07-05 22:55:11.275 W/System.err(13153): 	at java.net.Socket.connect(Socket.java:882)
07-05 22:55:11.275 W/System.err(13153): 	at com.android.okhttp.internal.Platform.connectSocket(Platform.java:174)
07-05 22:55:11.275 E/til     ( 2026): [til_get_current_input_source, 101] 
07-05 22:55:11.275 W/System.err(13153): 	at com.android.okhttp.Connection.connect(Connection.java:152)
07-05 22:55:11.275 W/System.err(13153): 	at com.android.okhttp.internal.http.HttpEngine.connect(HttpEngine.java:276)
07-05 22:55:11.275 W/System.err(13153): 	at com.android.okhttp.internal.http.HttpEngine.sendRequest(HttpEngine.java:211)
07-05 22:55:11.275 W/System.err(13153): 	at com.android.okhttp.internal.http.HttpURLConnectionImpl.execute(HttpURLConnectionImpl.java:382)
07-05 22:55:11.275 W/System.err(13153): 	at com.android.okhttp.internal.http.HttpURLConnectionImpl.connect(HttpURLConnectionImpl.java:106)
07-05 22:55:11.275 I/TVMW@HsTvSetting( 1234): Trace cmd, data = 0x7007
07-05 22:55:11.275 W/System.err(13153): 	at com.hisense.hitv.hicloud.util.ExceptionReport.a(ExceptionReport.java:337)
07-05 22:55:11.275 W/System.err(13153): 	at com.hisense.hitv.hicloud.util.ExceptionReport.a(ExceptionReport.java:39)
07-05 22:55:11.275 W/System.err(13153): 	at com.hisense.hitv.hicloud.util.ExceptionReport$1.run(ExceptionReport.java:83)
07-05 22:55:11.275 W/System.err(13153): 	at java.lang.Thread.run(Thread.java:818)
07-05 22:55:11.275 I/tilwrapper@sm( 2026): HS2TIL_SourceType *hs=0xd, *til=0x900
07-05 22:55:11.275 D/til     ( 2026): get current source 2304
07-05 22:55:11.275 W/System.err(13153): Caused by: android.system.ErrnoException: isConnected failed: ECONNREFUSED (Connection refused)
07-05 22:55:11.275 D/SourceRemoteServiceHandler( 2026): getCurrentInputSource.from.til.result is 0, value is 2304
07-05 22:55:11.275 D/SourceRemoteServiceHandler( 2026): getInputSourceType source: 0x900, type=2304
07-05 22:55:11.275 D/til     ( 2026): ###### func:til_get_picture_param option:0x3000006 ######  
07-05 22:55:11.276 W/System.err(13153): 	at libcore.io.IoBridge.isConnected(IoBridge.java:223)
07-05 22:55:11.276 I/TVMW@HsTvSetting( 1234): Trace cmd, data = 0x1003
07-05 22:55:11.276 W/System.err(13153): 	... 15 more
07-05 22:55:11.276 D/til@system( 2026): til_get_system_param option:1000008 int:-1815634176, bool:0, ret:0
07-05 22:55:11.276 I/TVMW@HsTvSetting( 1234): Trace cmd, data = 0x8032
07-05 22:55:11.276 D/HttpDnsUtils(13153): CEXX-getOperationDetail-productName : LED50MU8600UC
07-05 22:55:11.276 I/hstvos  ( 1216): [0m[1;33m[HSHAL][HS_VIDEO][HS_HAL_Video_SetOsdDetect_v2][2389]u16Threshold = 20
07-05 22:55:11.276 D/HttpDnsUtils(13153): CEXX-getOperationDetail-plmNumber : 88888
07-05 22:55:11.276 D/HttpDnsUtils(13153): CEXX-getOperationDetail-swVersion : V0000.00.01A
07-05 22:55:11.277 D/HttpDnsUtils(13153): CEXX-getOperationDetail-operationDetail : LED50MU8600UC0000888
07-05 22:55:11.277 E/NetUtils(13153): encryption --- sign = accessToken=72DF6038D2AEAB8A76DFBBBBCC428A4A_001464428821544&customerId=7195320&devType=0&devid=86100300900000500000060a4818fca8&resourceId=3535&resourceType=0&BDA9F96C98E9D5130A5AFB3411B5F9E0
07-05 22:55:11.278 I/MiSysSrv( 1214): Not support now! 42, change to mm_video!!!
07-05 22:55:11.279 E/TVMW@videoctrl( 1234):  getOsd is 1
07-05 22:55:11.280 D/til@system( 2026): til_get_system_param option:1000027 int:1, bool:1, ret:0
07-05 22:55:11.280 D/til     ( 2026): ###### func:til_get_picture_param option:0x3000045 ######  
07-05 22:55:11.280 I/TVMW@HsTvSetting( 1234): Trace cmd, data = 0x300c
07-05 22:55:11.280 I/TVMW@HsTvSetting( 1234): Trace 3d, data = 0x300c
07-05 22:55:11.280 I/TVMW@3d ( 1234): Hs_debug3d_trace: func:get3dStatus, line:109
07-05 22:55:11.281 I/HttpDnsUtils(13153): checkValid-查询课程用户付费详情接口【新增】【实现】 //查询单个视频是否购买: --- URL >> http://api.edu.hismarttv.com/payment/api/order/checkValid?resourceId=3535&resourceType=0&devType=0&accessToken=72DF6038D2AEAB8A76DFBBBBCC428A4A_001464428821544&sign=f6216a0a260e4398336fce8168ad7df0
07-05 22:55:11.284 D/til@system( 2026): til_get_system_param option:1000007 int:-1936522112, bool:128, ret:0
07-05 22:55:11.288 D/til@system( 2026): til_get_system_param option:1000009 int:-1936523008, bool:0, ret:0
07-05 22:55:11.290 D/til@system( 2026): til_get_system_param option:1000008 int:-1815632896, bool:0, ret:0
07-05 22:55:11.290 I/SurfaceFlinger( 1204): the layer SurfaceView is used to close xc and zorder is smallerest! clear region
07-05 22:55:11.291 D/HttpBuilder(13153): getOperationDetail-productName : LED50MU8600UC
07-05 22:55:11.292 D/HttpBuilder(13153): getOperationDetail-plmNumber : 88888
07-05 22:55:11.292 D/HttpBuilder(13153): getOperationDetail-swVersion : V0000.00.01A
07-05 22:55:11.292 D/HttpBuilder(13153): getOperationDetail-operationDetail : LED50MU8600UC0000888
07-05 22:55:11.308 I/SurfaceFlinger( 1204): the layer SurfaceView is used to close xc and zorder is smallerest! clear region
07-05 22:55:11.323 I/art     (13153): Background partial concurrent mark sweep GC freed 19575(1068KB) AllocSpace objects, 3(161KB) LOS objects, 10% free, 34MB/38MB, paused 4.466ms total 112.071ms
07-05 22:55:11.325 I/SurfaceFlinger( 1204): the layer SurfaceView is used to close xc and zorder is smallerest! clear region
07-05 22:55:11.332 I/HttpBuilder(13153): addUrlPublicParams mUrl ==>http://api.edu.hismarttv.com/payment/api/order/checkValid?resourceId=3535&resourceType=0&devType=0&accessToken=72DF6038D2AEAB8A76DFBBBBCC428A4A_001464428821544&sign=f6216a0a260e4398336fce8168ad7df0&uuid=13287129&mac=a8:a6:48:18:fc:a8&devid=86100300900000500000060a4818fca8&version=00.002.003&subscriberId=13287129&customerId=7195320&model_id=0&APPPackage=com.hisense.hicloud.edca&PFAPPCode=652&APPVersionName=3.0.0.9.00&ChannelId=0&softwareVersion=LED50MU8600UC0000888&tv_distribute_id=00&APIVersion=600
07-05 22:55:11.333 D/HttpHandler(13153): VerifySignInterCeptor-->request.url()=http://api.edu.hismarttv.com/payment/api/order/checkValid?resourceId=3535&resourceType=0&devType=0&accessToken=72DF6038D2AEAB8A76DFBBBBCC428A4A_001464428821544&sign=f6216a0a260e4398336fce8168ad7df0&uuid=13287129&mac=a8:a6:48:18:fc:a8&devid=86100300900000500000060a4818fca8&version=00.002.003&subscriberId=13287129&customerId=7195320&model_id=0&APPPackage=com.hisense.hicloud.edca&PFAPPCode=652&APPVersionName=3.0.0.9.00&ChannelId=0&softwareVersion=LED50MU8600UC0000888&tv_distribute_id=00&APIVersion=600
07-05 22:55:11.333 D/HttpHandler(13153): VerifySignInterCeptor-->hostname=api.edu.hismarttv.com
07-05 22:55:11.334 D/HttpHandler(13153): HttpDNS-->hostname=api.edu.hismarttv.com
07-05 22:55:11.335 D/HttpHandler(13153): RAMCache-->hostInfo.getClientTimeStamp()=15336240
07-05 22:55:11.335 D/HttpHandler(13153): RAMCache-->hostInfo.getTtl()=3600
07-05 22:55:11.335 D/HttpHandler(13153): RAMCache-->SystemClock.elapsedRealtime()=15352907
07-05 22:55:11.338 D/HttpHandler(13153): DNSHelper-->gslbDns=["123.103.91.123"]
07-05 22:55:11.342 I/SurfaceFlinger( 1204): the layer SurfaceView is used to close xc and zorder is smallerest! clear region
07-05 22:55:11.358 I/SurfaceFlinger( 1204): the layer SurfaceView is used to close xc and zorder is smallerest! clear region
07-05 22:55:11.364 D/OkHttp  (13153): --> GET http://api.edu.hismarttv.com/payment/api/order/checkValid?resourceId=3535&resourceType=0&devType=0&accessToken=72DF6038D2AEAB8A76DFBBBBCC428A4A_001464428821544&sign=f6216a0a260e4398336fce8168ad7df0&uuid=13287129&mac=a8:a6:48:18:fc:a8&devid=86100300900000500000060a4818fca8&version=00.002.003&subscriberId=13287129&customerId=7195320&model_id=0&APPPackage=com.hisense.hicloud.edca&PFAPPCode=652&APPVersionName=3.0.0.9.00&ChannelId=0&softwareVersion=LED50MU8600UC0000888&tv_distribute_id=00&APIVersion=600 http/1.1
07-05 22:55:11.364 D/OkHttp  (13153): Data_Type: JSON
07-05 22:55:11.364 D/OkHttp  (13153): RetryTime: 0
07-05 22:55:11.364 D/OkHttp  (13153): Backoffmutiplier: 0
07-05 22:55:11.364 D/OkHttp  (13153): Host: api.edu.hismarttv.com
07-05 22:55:11.364 D/OkHttp  (13153): Connection: Keep-Alive
07-05 22:55:11.364 D/OkHttp  (13153): Accept-Encoding: gzip
07-05 22:55:11.364 D/OkHttp  (13153): User-Agent: okhttp/3.6.0
07-05 22:55:11.364 D/OkHttp  (13153): --> END GET
07-05 22:55:11.367 E/btif_config( 2964): [btif_config_get] node is TRUE!
07-05 22:55:11.367 E/btif_config( 2964): [btif_config_get] ret is TRUE!
07-05 22:55:11.376 I/SurfaceFlinger( 1204): the layer SurfaceView is used to close xc and zorder is smallerest! clear region
07-05 22:55:11.391 I/SurfaceFlinger( 1204): the layer SurfaceView is used to close xc and zorder is smallerest! clear region
07-05 22:55:11.402 I/TVMW@devctrl( 1234): wdt
07-05 22:55:11.407 I/SurfaceFlinger( 1204): the layer SurfaceView is used to close xc and zorder is smallerest! clear region
07-05 22:55:11.424 I/SurfaceFlinger( 1204): the layer SurfaceView is used to close xc and zorder is smallerest! clear region
07-05 22:55:11.440 I/SurfaceFlinger( 1204): the layer SurfaceView is used to close xc and zorder is smallerest! clear region
07-05 22:55:11.457 I/SurfaceFlinger( 1204): the layer SurfaceView is used to close xc and zorder is smallerest! clear region
07-05 22:55:11.473 I/SurfaceFlinger( 1204): the layer SurfaceView is used to close xc and zorder is smallerest! clear region
07-05 22:55:11.491 I/SurfaceFlinger( 1204): the layer SurfaceView is used to close xc and zorder is smallerest! clear region
07-05 22:55:11.507 I/SurfaceFlinger( 1204): the layer SurfaceView is used to close xc and zorder is smallerest! clear region
07-05 22:55:11.525 I/SurfaceFlinger( 1204): the layer SurfaceView is used to close xc and zorder is smallerest! clear region
07-05 22:55:11.541 I/SurfaceFlinger( 1204): the layer SurfaceView is used to close xc and zorder is smallerest! clear region
07-05 22:55:11.551 E/btif_config( 2964): [btif_config_get] node is TRUE!
07-05 22:55:11.551 E/btif_config( 2964): [btif_config_get] ret is TRUE!
07-05 22:55:11.559 I/SurfaceFlinger( 1204): the layer SurfaceView is used to close xc and zorder is smallerest! clear region
07-05 22:55:11.570 I/MiSysSrv( 1214): [37m[INFO] Change to Voltage: 117 mv (0x32)[m
07-05 22:55:11.575 D/OsdMonitorService( 1733): mCurrentWindow = com.hisense.hicloud.edca/com.hisense.hicloud.edca.mediaplayer.activity.DetailPlayActivity; newWindow = com.hisense.hicloud.edca/com.hisense.hicloud.edca.mediaplayer.activity.DetailPlayActivity; isSubWindow = false; isInWinList = false; isExitNow = false
07-05 22:55:11.575 D/OsdMonitorService( 1733): windowNotOsd() : name = com.hisense.hicloud.edca/com.hisense.hicloud.edca.mediaplayer.activity.DetailPlayActivity
07-05 22:55:11.575 I/OsdMonitorService( 1733): setOsdStatus() : status will change from true to true
07-05 22:55:11.577 D/PowerManagerService( 1733): setScreenBrightnessOverrideFromWindowManagerInternal done
07-05 22:55:11.579 D/PowerManagerService( 1733): setScreenBrightnessOverrideFromWindowManagerInternal done
07-05 22:55:11.591 D/PowerManagerService( 1733): setScreenBrightnessOverrideFromWindowManagerInternal done
07-05 22:55:11.609 D/gralloc ( 1204): allocate buffer from ION HEAP 0x1
07-05 22:55:11.609 D/gralloc ( 1204): allocate memory from system heap
07-05 22:55:11.621 D/RECREATE(13153): onSaveInstanceState调用了
07-05 22:55:11.623 D/hwcomposer( 1204): lastHWWindowInfo is dirty
07-05 22:55:11.624 D/Carousel-CarouselView(13153): onActivityStopped, getSimpleName = HomeMainActivity,hashCode=958950284
07-05 22:55:11.624 D/Carousel-CarouselVideoViewImpl(13153): stopPlay.
