07-06 00:44:55.108 I/FirstLineAdapter(10256): canShowTrailer,isOffline=false
07-06 00:44:55.113 D/Carousel-CarouselView(10256): ============>onScrollChanged hashCode:558015189
07-06 00:44:55.113 D/Carousel-CarouselDisplayPlayerLayout(10256): isFullScreen:false
07-06 00:44:55.135 I/MyFragmentStateAdapter(10256): getCount
07-06 00:44:55.149 I/MyFragmentStateAdapter(10256): getCount
07-06 00:44:55.163 D/Carousel-CarouselDisplayPlayerLayout(10256): HasFocus:false,keyCode:20
07-06 00:44:55.164 D/Carousel-CarouselDisplayPlayerLayout(10256): isFullScreen:false
07-06 00:44:55.164 I/HomeMainActivity(10256): carousel handle key:false
07-06 00:44:55.164 D/Carousel-CarouselView(10256): setPosterAndStopPlay! hashCode=558015189, sWorkingHashCode=558015189
07-06 00:44:55.164 D/Carousel-CarouselDisplayPlayerLayout(10256): isFullScreen:false
07-06 00:44:55.165 D/Carousel-Utils(10256): displayImage view=android.widget.ImageView{1cb6b478 G.ED.... ........ 0,0-816,460 #7f0d0029 app:id/imageView1}
07-06 00:44:55.165 D/Carousel-Utils(10256): displayImage url=http://picture.edu.hismarttv.com/images/20170629010146422927.jpg
07-06 00:44:55.165 D/Carousel-Utils(10256): onResourceReady.
07-06 00:44:55.170 D/Carousel-Utils(10256): displayImage view=android.widget.ImageView{19bf9157 G.ED.... ........ 0,0-816,460 #7f0d0029 app:id/imageView1}
07-06 00:44:55.170 D/Carousel-Utils(10256): displayImage url=http://picture.edu.hismarttv.com/images/20170629010146422927.jpg
07-06 00:44:55.170 D/Carousel-Utils(10256): onResourceReady.
07-06 00:44:55.172 D/Carousel-CarouselDisplayPlayerLayout(10256): isFullScreen:false
07-06 00:44:55.178 V/InputMethodService( 2203): startInput(): editor=android.view.inputmethod.EditorInfo@2b8d8b83
07-06 00:44:55.178 V/InputMethodService( 2203): CALL: onFinishInput
07-06 00:44:55.178 E/SOGOUIME_JNI( 2203): reset
07-06 00:44:55.178 E/SOGOUIME_JNI( 2203): getCandidates
07-06 00:44:55.179 E/SOGOUIME_JNI( 2203): ime_get_uncommitted_length
07-06 00:44:55.179 E/SOGOUIME_JNI( 2203): getCandidates
07-06 00:44:55.179 D/SogouIME API( 2203): ==============num:32
07-06 00:44:55.179 E/SOGOUIME_JNI( 2203): ime_get_uncommitted_length
07-06 00:44:55.179 D/SogouIME( 2203): mFocusedComponent:30   isHkbEnable:false
07-06 00:44:55.179 E/SOGOUIME_JNI( 2203): ime_get_uncommitted_length
07-06 00:44:55.179 E/SOGOUIME_JNI( 2203): ime_get_committed_length
07-06 00:44:55.179 E/SOGOUIME_JNI( 2203): getComposingInfo
07-06 00:44:55.179 E/SOGOUIME_JNI( 2203): getComposingInfo
07-06 00:44:55.179 E/SOGOUIME_JNI( 2203): getCorrectInfo
07-06 00:44:55.180 E/SOGOUIME_JNI( 2203): getComposingInfo
07-06 00:44:55.180 D/Carousel-CarouselDisplayPlayerLayout(10256): x=380, y=150,w=892,h=536, hashCode=28102242
07-06 00:44:55.180 D/Carousel-CarouselDisplayPlayerLayout(10256): mX=380, mY=167,mWitdh=892,mHeight=536, hashCode=28102242
07-06 00:44:55.180 D/Carousel-CarouselDisplayPlayerLayout(10256): changed=true, hashCode=28102242
07-06 00:44:55.180 D/Carousel-Utils(10256): x=380,y=150, width=892,height=536
07-06 00:44:55.181 D/Carousel-CarouselView(10256): OnScrollStart DisplayPlayerLayout isnot shown return.
07-06 00:44:55.181 V/InputMethodService( 2203): CALL: onStartInput
07-06 00:44:55.182 I/ContentBridgeAdapterListener(10256): onDetachedFromWindow ViewHolder{2ef72cd2 position=0 id=-1, oldPos=-1, pLpos:-1}
07-06 00:44:55.182 E/SOGOUIME_JNI( 2203): invalidateCommitWordPinyinNative
07-06 00:44:55.182 D/SogouIME( 2203): =====configKeyboard=======:false     false
07-06 00:44:55.183 E/SOGOUIME_JNI( 2203): ime_set_hard_kb_enable
07-06 00:44:55.184 I/MyFragmentStateAdapter(10256): getCount
07-06 00:44:55.184 I/MyFragmentStateAdapter(10256): getCount
07-06 00:44:55.184 I/MyFragmentStateAdapter(10256): getCount
07-06 00:44:55.185 I/MyFragmentStateAdapter(10256): getCount
07-06 00:44:55.188 D/Surface ( 1733): onStatusChange() : mNativeObject = 547819122688 mUseImageHwRender = false
07-06 00:44:55.188 V/Surface ( 1733): nativeSetHardwareRender() : status = 0
07-06 00:44:55.188 V/Surface ( 1733): nativeSetHardwareRender() : end
07-06 00:44:55.189 D/PowerManagerService( 1733): releaseWakeLockInternal: lock=487931605 [WindowManager], flags=0x0
07-06 00:44:55.190 D/PowerManagerNotifier( 1733): onWakeLockReleased: flags=536870922, tag="WindowManager", packageName=android, ownerUid=1000, ownerPid=1733, workSource=WorkSource{10010}
07-06 00:44:55.190 D/PowerManagerService( 1733): userActivityNoUpdateLocked: eventTime=21936761, event=0, flags=0x1, uid=1000
07-06 00:44:55.190 D/PowerManagerService( 1733): setScreenBrightnessOverrideFromWindowManagerInternal done
07-06 00:44:55.192 D/Surface ( 1733): onStatusChange() : mNativeObject = 0 mUseImageHwRender = false
07-06 00:44:55.194 I/FirstLineAdapter(10256): canShowTrailer,isOffline=false
07-06 00:44:55.194 I/FirstLineAdapter(10256): canShowTrailer,isOffline=false
07-06 00:44:55.194 I/FirstLineAdapter(10256): canShowTrailer,isOffline=false
07-06 00:44:55.194 I/FirstLineAdapter(10256): canShowTrailer,isOffline=false
07-06 00:44:55.194 I/FirstLineAdapter(10256): canShowTrailer,isOffline=false
07-06 00:44:55.194 I/FirstLineAdapter(10256): canShowTrailer,isOffline=false
07-06 00:44:55.194 I/FirstLineAdapter(10256): canShowTrailer,isOffline=false
07-06 00:44:55.195 I/FirstLineAdapter(10256): canShowTrailer,isOffline=false
07-06 00:44:55.195 I/FirstLineAdapter(10256): canShowTrailer,isOffline=false
07-06 00:44:55.198 I/TVMW@HsTvSetting( 1234): Trace cmd, data = 0x1058
07-06 00:44:55.198 D/til@system( 2026): til_get_system_param option:100002F int:0, bool:0, ret:0
07-06 00:44:55.198 I/TVMW@HsTvSetting( 1234): Trace cmd, data = 0x101f
07-06 00:44:55.198 D/til@system( 2026): til_get_system_param option:100001D int:3, bool:3, ret:0
07-06 00:44:55.199 E/til     ( 2026): [til_get_current_input_source, 101] 
07-06 00:44:55.200 I/TVMW@HsTvSetting( 1234): Trace cmd, data = 0x7007
07-06 00:44:55.200 D/Carousel-CarouselView(10256): ============>onScrollChanged hashCode:558015189
07-06 00:44:55.200 D/Carousel-CarouselDisplayPlayerLayout(10256): isFullScreen:false
07-06 00:44:55.201 I/tilwrapper@sm( 2026): HS2TIL_SourceType *hs=0xd, *til=0x900
07-06 00:44:55.202 D/til     ( 2026): get current source 2304
07-06 00:44:55.202 D/SourceRemoteServiceHandler( 2026): getCurrentInputSource.from.til.result is 0, value is 2304
07-06 00:44:55.202 D/SourceRemoteServiceHandler( 2026): getInputSourceType source: 0x900, type=2304
07-06 00:44:55.203 D/til     ( 2026): ###### func:til_get_picture_param option:0x3000006 ######  
07-06 00:44:55.203 I/MyFragmentStateAdapter(10256): getCount
07-06 00:44:55.204 I/TVMW@HsTvSetting( 1234): Trace cmd, data = 0x1003
07-06 00:44:55.209 I/TVMW@HsTvSetting( 1234): Trace cmd, data = 0x8032
07-06 00:44:55.209 I/hstvos  ( 1216): [0m[1;33m[HSHAL][HS_VIDEO][HS_HAL_Video_SetOsdDetect_v2][2389]u16Threshold = 20
07-06 00:44:55.221 D/Carousel-CarouselDisplayPlayerLayout(10256): x=380, y=-181,w=892,h=536, hashCode=28102242
07-06 00:44:55.221 D/Carousel-CarouselDisplayPlayerLayout(10256): mX=380, mY=150,mWitdh=892,mHeight=536, hashCode=28102242
07-06 00:44:55.221 D/Carousel-CarouselDisplayPlayerLayout(10256): changed=true, hashCode=28102242
07-06 00:44:55.222 D/Carousel-Utils(10256): x=380,y=-181, width=892,height=536
07-06 00:44:55.222 D/Carousel-CarouselView(10256): onWindowOutScreen!
07-06 00:44:55.224 D/Carousel-CarouselView(10256): ============>onScrollChanged hashCode:558015189
07-06 00:44:55.224 D/Carousel-CarouselDisplayPlayerLayout(10256): isFullScreen:false
07-06 00:44:55.224 E/TVMW@videoctrl( 1234):  getOsd is 1
07-06 00:44:55.226 D/til@system( 2026): til_get_system_param option:1000027 int:1, bool:1, ret:0
07-06 00:44:55.227 D/til     ( 2026): ###### func:til_get_picture_param option:0x3000045 ######  
07-06 00:44:55.227 I/TVMW@HsTvSetting( 1234): Trace cmd, data = 0x300c
07-06 00:44:55.227 I/TVMW@HsTvSetting( 1234): Trace 3d, data = 0x300c
07-06 00:44:55.227 I/TVMW@3d ( 1234): Hs_debug3d_trace: func:get3dStatus, line:109
07-06 00:44:55.235 D/Carousel-CarouselDisplayPlayerLayout(10256): x=380, y=-184,w=892,h=536, hashCode=28102242
07-06 00:44:55.235 D/Carousel-CarouselDisplayPlayerLayout(10256): mX=380, mY=-181,mWitdh=892,mHeight=536, hashCode=28102242
07-06 00:44:55.235 D/Carousel-CarouselDisplayPlayerLayout(10256): changed=true, hashCode=28102242
07-06 00:44:55.236 D/Carousel-Utils(10256): x=380,y=-184, width=892,height=536
07-06 00:44:55.295 I/TVMW@devctrl( 1234): wdt
07-06 00:44:55.300 D/MSTAR_VDEC_DBG( 1206): Stream ID: 0, Rate : 24 (E:0,D:0,S:0,F:143) 
07-06 00:44:55.336 D/Carousel-CarouselView(10256): setPosterAndStopPlay! hashCode=558015189, sWorkingHashCode=558015189
07-06 00:44:55.336 D/Carousel-CarouselDisplayPlayerLayout(10256): isFullScreen:false
07-06 00:44:55.336 D/Carousel-Utils(10256): displayImage view=android.widget.ImageView{1cb6b478 V.ED.... ........ 0,0-816,460 #7f0d0029 app:id/imageView1}
07-06 00:44:55.336 D/Carousel-Utils(10256): displayImage url=http://picture.edu.hismarttv.com/images/20170629010146422927.jpg
07-06 00:44:55.337 D/Carousel-Utils(10256): onResourceReady.
07-06 00:44:55.337 D/Carousel-Utils(10256): displayImage view=android.widget.ImageView{19bf9157 V.ED.... ......ID 0,0-816,460 #7f0d0029 app:id/imageView1}
07-06 00:44:55.337 D/Carousel-Utils(10256): displayImage url=http://picture.edu.hismarttv.com/images/20170629010146422927.jpg
07-06 00:44:55.337 D/Carousel-Utils(10256): onResourceReady.
07-06 00:44:55.338 D/Carousel-CarouselDisplayPlayerLayout(10256): isFullScreen:false
07-06 00:44:55.338 D/Carousel-CarouselDisplayPlayerLayout(10256): x=380, y=-184,w=892,h=536, hashCode=28102242
07-06 00:44:55.338 D/Carousel-CarouselDisplayPlayerLayout(10256): mX=380, mY=-184,mWitdh=892,mHeight=536, hashCode=28102242
07-06 00:44:55.338 D/Carousel-CarouselDisplayPlayerLayout(10256): changed=false, hashCode=28102242
07-06 00:44:55.338 D/Carousel-CarouselDisplayPlayerLayout(10256): extraTryCount=0
07-06 00:44:55.339 D/Carousel-CarouselDisplayPlayerLayout(10256): x=380, y=-184,w=892,h=536, hashCode=28102242
07-06 00:44:55.339 D/Carousel-CarouselDisplayPlayerLayout(10256): mX=380, mY=-184,mWitdh=892,mHeight=536, hashCode=28102242
07-06 00:44:55.339 D/Carousel-CarouselDisplayPlayerLayout(10256): changed=false, hashCode=28102242
07-06 00:44:55.339 D/Carousel-CarouselDisplayPlayerLayout(10256): extraTryCount=1
07-06 00:44:55.341 I/MyFragmentStateAdapter(10256): getCount
07-06 00:44:55.341 I/MyFragmentStateAdapter(10256): getCount
07-06 00:44:55.342 I/MyFragmentStateAdapter(10256): getCount
07-06 00:44:55.342 I/MyFragmentStateAdapter(10256): getCount
07-06 00:44:55.342 I/FirstLineAdapter(10256): canShowTrailer,isOffline=false
07-06 00:44:55.342 I/FirstLineAdapter(10256): canShowTrailer,isOffline=false
07-06 00:44:55.342 I/FirstLineAdapter(10256): canShowTrailer,isOffline=false
07-06 00:44:55.342 I/FirstLineAdapter(10256): canShowTrailer,isOffline=false
07-06 00:44:55.342 I/FirstLineAdapter(10256): canShowTrailer,isOffline=false
07-06 00:44:55.342 I/FirstLineAdapter(10256): canShowTrailer,isOffline=false
07-06 00:44:55.342 I/FirstLineAdapter(10256): canShowTrailer,isOffline=false
07-06 00:44:55.343 I/FirstLineAdapter(10256): canShowTrailer,isOffline=false
07-06 00:44:55.343 I/FirstLineAdapter(10256): canShowTrailer,isOffline=false
07-06 00:44:55.345 D/Carousel-CarouselView(10256): ============>onScrollChanged hashCode:558015189
07-06 00:44:55.345 D/Carousel-CarouselDisplayPlayerLayout(10256): isFullScreen:false
07-06 00:44:55.347 I/MyFragmentStateAdapter(10256): getCount
07-06 00:44:55.351 D/Carousel-CarouselDisplayPlayerLayout(10256): x=380, y=-185,w=892,h=536, hashCode=28102242
07-06 00:44:55.351 D/Carousel-CarouselDisplayPlayerLayout(10256): mX=380, mY=-184,mWitdh=892,mHeight=536, hashCode=28102242
07-06 00:44:55.351 D/Carousel-CarouselDisplayPlayerLayout(10256): changed=true, hashCode=28102242
07-06 00:44:55.351 D/Carousel-Utils(10256): x=380,y=-185, width=892,height=536
07-06 00:44:55.357 D/Carousel-CarouselDisplayPlayerLayout(10256): x=380, y=-185,w=892,h=536, hashCode=28102242
07-06 00:44:55.357 D/Carousel-CarouselDisplayPlayerLayout(10256): mX=380, mY=-185,mWitdh=892,mHeight=536, hashCode=28102242
07-06 00:44:55.357 D/Carousel-CarouselDisplayPlayerLayout(10256): changed=false, hashCode=28102242
07-06 00:44:55.357 D/Carousel-CarouselDisplayPlayerLayout(10256): extraTryCount=0
07-06 00:44:55.357 D/Carousel-CarouselDisplayPlayerLayout(10256): x=380, y=-185,w=892,h=536, hashCode=28102242
07-06 00:44:55.357 D/Carousel-CarouselDisplayPlayerLayout(10256): mX=380, mY=-185,mWitdh=892,mHeight=536, hashCode=28102242
07-06 00:44:55.357 D/Carousel-CarouselDisplayPlayerLayout(10256): changed=false, hashCode=28102242
07-06 00:44:55.358 D/Carousel-CarouselDisplayPlayerLayout(10256): extraTryCount=1
07-06 00:44:55.359 D/Carousel-CarouselDisplayPlayerLayout(10256): x=380, y=-185,w=892,h=536, hashCode=28102242
07-06 00:44:55.359 D/Carousel-CarouselDisplayPlayerLayout(10256): mX=380, mY=-185,mWitdh=892,mHeight=536, hashCode=28102242
07-06 00:44:55.359 D/Carousel-CarouselDisplayPlayerLayout(10256): changed=false, hashCode=28102242
07-06 00:44:55.359 D/Carousel-CarouselDisplayPlayerLayout(10256): extraTryCount=2
07-06 00:44:55.366 D/CardItemView(10256): handleFocus subtile===>:
07-06 00:44:55.369 I/MyFragmentStateAdapter(10256): getCount
07-06 00:44:55.369 I/MyFragmentStateAdapter(10256): getCount
07-06 00:44:55.369 I/MyFragmentStateAdapter(10256): getCount
07-06 00:44:55.369 I/MyFragmentStateAdapter(10256): getCount
07-06 00:44:55.375 I/MyFragmentStateAdapter(10256): getCount
07-06 00:44:55.376 D/HttpHandler(10256): VerifySignInterCeptor-->request.url()=http://picture.edu.hismarttv.com/images/20170630060938851994.jpg
07-06 00:44:55.376 D/HttpHandler(10256): VerifySignInterCeptor-->hostname=picture.edu.hismarttv.com
07-06 00:44:55.377 D/OkHttp  (10256): --> GET http://picture.edu.hismarttv.com/images/20170630060938851994.jpg http/1.1
07-06 00:44:55.377 D/OkHttp  (10256): Host: picture.edu.hismarttv.com
07-06 00:44:55.377 D/OkHttp  (10256): Connection: Keep-Alive
07-06 00:44:55.377 D/OkHttp  (10256): Accept-Encoding: gzip
07-06 00:44:55.377 D/OkHttp  (10256): User-Agent: okhttp/3.6.0
07-06 00:44:55.377 D/OkHttp  (10256): --> END GET
07-06 00:44:55.379 D/Carousel-CarouselDisplayPlayerLayout(10256): x=380, y=-185,w=892,h=536, hashCode=28102242
07-06 00:44:55.379 D/Carousel-CarouselDisplayPlayerLayout(10256): mX=380, mY=-185,mWitdh=892,mHeight=536, hashCode=28102242
07-06 00:44:55.379 D/Carousel-CarouselDisplayPlayerLayout(10256): changed=false, hashCode=28102242
07-06 00:44:55.379 D/Carousel-CarouselDisplayPlayerLayout(10256): extraTryCount=3
07-06 00:44:55.380 D/Carousel-CarouselDisplayPlayerLayout(10256): x=380, y=-185,w=892,h=536, hashCode=28102242
07-06 00:44:55.380 D/Carousel-CarouselDisplayPlayerLayout(10256): mX=380, mY=-185,mWitdh=892,mHeight=536, hashCode=28102242
07-06 00:44:55.380 D/Carousel-CarouselDisplayPlayerLayout(10256): changed=false, hashCode=28102242
07-06 00:44:55.381 D/Carousel-CarouselDisplayPlayerLayout(10256): extraTryCount=4
07-06 00:44:55.381 D/Carousel-CarouselDisplayPlayerLayout(10256): x=380, y=-185,w=892,h=536, hashCode=28102242
07-06 00:44:55.381 D/Carousel-CarouselDisplayPlayerLayout(10256): mX=380, mY=-185,mWitdh=892,mHeight=536, hashCode=28102242
07-06 00:44:55.381 D/Carousel-CarouselDisplayPlayerLayout(10256): changed=false, hashCode=28102242
07-06 00:44:55.381 D/Carousel-CarouselDisplayPlayerLayout(10256): extraTryCount=5
07-06 00:44:55.381 D/Carousel-CarouselDisplayPlayerLayout(10256): x=380, y=-185,w=892,h=536, hashCode=28102242
07-06 00:44:55.386 D/Carousel-CarouselDisplayPlayerLayout(10256): mX=380, mY=-185,mWitdh=892,mHeight=536, hashCode=28102242
07-06 00:44:55.386 D/Carousel-CarouselDisplayPlayerLayout(10256): changed=false, hashCode=28102242
07-06 00:44:55.386 D/Carousel-CarouselDisplayPlayerLayout(10256): extraTryCount=6
07-06 00:44:55.387 D/HttpHandler(10256): VerifySignInterCeptor-->request.url()=http://picture.edu.hismarttv.com/images/20170630060711088714.jpg
07-06 00:44:55.387 D/HttpHandler(10256): VerifySignInterCeptor-->hostname=picture.edu.hismarttv.com
07-06 00:44:55.389 D/HttpHandler(10256): VerifySignInterCeptor-->request.url()=http://picture.edu.hismarttv.com/images/20170629/%E5%A4%9A%E7%91%9E%E5%84%BF%E6%AD%8C.jpg
07-06 00:44:55.389 D/HttpHandler(10256): VerifySignInterCeptor-->hostname=picture.edu.hismarttv.com
07-06 00:44:55.393 D/OkHttp  (10256): --> GET http://picture.edu.hismarttv.com/images/20170629/%E5%A4%9A%E7%91%9E%E5%84%BF%E6%AD%8C.jpg http/1.1
07-06 00:44:55.393 D/OkHttp  (10256): Host: picture.edu.hismarttv.com
07-06 00:44:55.393 D/OkHttp  (10256): Connection: Keep-Alive
07-06 00:44:55.393 D/OkHttp  (10256): Accept-Encoding: gzip
07-06 00:44:55.393 D/OkHttp  (10256): User-Agent: okhttp/3.6.0
07-06 00:44:55.393 D/OkHttp  (10256): --> END GET
07-06 00:44:55.393 D/OkHttp  (10256): --> GET http://picture.edu.hismarttv.com/images/20170630060711088714.jpg http/1.1
07-06 00:44:55.393 D/OkHttp  (10256): Host: picture.edu.hismarttv.com
07-06 00:44:55.393 D/OkHttp  (10256): Connection: Keep-Alive
07-06 00:44:55.393 D/OkHttp  (10256): Accept-Encoding: gzip
07-06 00:44:55.393 D/OkHttp  (10256): User-Agent: okhttp/3.6.0
07-06 00:44:55.393 D/OkHttp  (10256): --> END GET
07-06 00:44:55.398 D/HttpHandler(10256): VerifySignInterCeptor-->request.url()=http://picture.edu.hismarttv.com/images/20170630035014817721.jpg
07-06 00:44:55.398 D/HttpHandler(10256): VerifySignInterCeptor-->hostname=picture.edu.hismarttv.com
07-06 00:44:55.399 D/HttpHandler(10256): HttpDNS-->hostname=picture.edu.hismarttv.com
07-06 00:44:55.404 D/OkHttp  (10256): <-- 200 OK http://picture.edu.hismarttv.com/images/20170630060938851994.jpg (26ms)
07-06 00:44:55.404 D/OkHttp  (10256): Date: Tue, 04 Jul 2017 01:17:05 GMT
07-06 00:44:55.404 D/OkHttp  (10256): Server: nginx
07-06 00:44:55.404 D/OkHttp  (10256): Content-Type: image/jpeg
07-06 00:44:55.404 D/OkHttp  (10256): Content-Length: 84036
07-06 00:44:55.404 D/OkHttp  (10256): Last-Modified: Fri, 30 Jun 2017 06:09:38 GMT
07-06 00:44:55.404 D/OkHttp  (10256): ETag: "5955eb22-14844"
07-06 00:44:55.404 D/OkHttp  (10256): Accept-Ranges: bytes
07-06 00:44:55.404 D/OkHttp  (10256): Age: 142070
07-06 00:44:55.404 D/OkHttp  (10256): Via: 1.1 pingwangtong50:6 (Cdn Cache Server V2.0)[19 200 0], 1.1 angtong95:3 (Cdn Cache Server V2.0)[0 200 0]
07-06 00:44:55.404 D/OkHttp  (10256): Connection: keep-alive
07-06 00:44:55.404 D/OkHttp  (10256): <-- END HTTP
07-06 00:44:55.408 D/HttpHandler(10256): RAMCache-->hostInfo.getClientTimeStamp()=21924764
07-06 00:44:55.409 D/HttpHandler(10256): RAMCache-->hostInfo.getTtl()=300
07-06 00:44:55.409 D/HttpHandler(10256): RAMCache-->SystemClock.elapsedRealtime()=21936981
07-06 00:44:55.410 D/Carousel-CarouselDisplayPlayerLayout(10256): x=380, y=-185,w=892,h=536, hashCode=28102242
07-06 00:44:55.411 D/Carousel-CarouselDisplayPlayerLayout(10256): mX=380, mY=-185,mWitdh=892,mHeight=536, hashCode=28102242
07-06 00:44:55.411 D/Carousel-CarouselDisplayPlayerLayout(10256): changed=false, hashCode=28102242
07-06 00:44:55.411 D/Carousel-CarouselDisplayPlayerLayout(10256): extraTryCount=7
07-06 00:44:55.411 D/Carousel-CarouselDisplayPlayerLayout(10256): x=380, y=-185,w=892,h=536, hashCode=28102242
07-06 00:44:55.411 D/Carousel-CarouselDisplayPlayerLayout(10256): mX=380, mY=-185,mWitdh=892,mHeight=536, hashCode=28102242
07-06 00:44:55.411 D/Carousel-CarouselDisplayPlayerLayout(10256): changed=false, hashCode=28102242
07-06 00:44:55.411 D/Carousel-CarouselDisplayPlayerLayout(10256): extraTryCount=8
07-06 00:44:55.411 D/Carousel-CarouselDisplayPlayerLayout(10256): x=380, y=-185,w=892,h=536, hashCode=28102242
07-06 00:44:55.411 D/Carousel-CarouselDisplayPlayerLayout(10256): mX=380, mY=-185,mWitdh=892,mHeight=536, hashCode=28102242
07-06 00:44:55.411 D/Carousel-CarouselDisplayPlayerLayout(10256): changed=false, hashCode=28102242
07-06 00:44:55.411 D/Carousel-CarouselDisplayPlayerLayout(10256): extraTryCount=9
07-06 00:44:55.411 D/Carousel-CarouselDisplayPlayerLayout(10256): x=380, y=-185,w=892,h=536, hashCode=28102242
07-06 00:44:55.411 D/Carousel-CarouselDisplayPlayerLayout(10256): mX=380, mY=-185,mWitdh=892,mHeight=536, hashCode=28102242
07-06 00:44:55.411 D/Carousel-CarouselDisplayPlayerLayout(10256): changed=false, hashCode=28102242
07-06 00:44:55.411 D/Carousel-CarouselDisplayPlayerLayout(10256): isFullScreen:false
07-06 00:44:55.411 D/Carousel-CarouselView(10256): ===========>mDisplayPlayerLayout.getVisibility()=8
07-06 00:44:55.411 D/Carousel-CarouselView(10256): OnScrollEnd Visibility is gone return.
07-06 00:44:55.417 D/PowerManagerService( 1733): acquireWakeLockInternal: lock=113832109, flags=0x1, tag="NetworkStats", ws=null, uid=1000, pid=1733
07-06 00:44:55.417 D/PowerManagerNotifier( 1733): onWakeLockAcquired: flags=1, tag="NetworkStats", packageName=android, ownerUid=1000, ownerPid=1733, workSource=null
07-06 00:44:55.417 D/NtpTrustedTime( 1733): currentTimeMillis() cache hit
07-06 00:44:55.427 D/NtpTrustedTime( 1733): currentTimeMillis() cache hit
07-06 00:44:55.429 D/OkHttp  (10256): <-- 200 OK http://picture.edu.hismarttv.com/images/20170629/%E5%A4%9A%E7%91%9E%E5%84%BF%E6%AD%8C.jpg (36ms)
07-06 00:44:55.430 D/OkHttp  (10256): Date: Tue, 04 Jul 2017 01:17:06 GMT
07-06 00:44:55.430 D/OkHttp  (10256): Server: nginx
07-06 00:44:55.430 D/OkHttp  (10256): Content-Type: image/jpeg
07-06 00:44:55.430 D/OkHttp  (10256): Content-Length: 197050
07-06 00:44:55.430 D/OkHttp  (10256): Last-Modified: Fri, 09 Jun 2017 14:50:58 GMT
07-06 00:44:55.430 D/OkHttp  (10256): ETag: "593ab5d2-301ba"
07-06 00:44:55.430 D/OkHttp  (10256): Accept-Ranges: bytes
07-06 00:44:55.430 D/OkHttp  (10256): Age: 142069
07-06 00:44:55.430 D/OkHttp  (10256): Via: 1.1 wangt170:7 (Cdn Cache Server V2.0)[0 200 0], 1.1 t94:0 (Cdn Cache Server V2.0)[0 200 0]
07-06 00:44:55.430 D/OkHttp  (10256): Connection: keep-alive
07-06 00:44:55.430 D/OkHttp  (10256): <-- END HTTP
07-06 00:44:55.430 D/NtpTrustedTime( 1733): currentTimeMillis() cache hit
07-06 00:44:55.431 D/NtpTrustedTime( 1733): currentTimeMillis() cache hit
07-06 00:44:55.431 D/PowerManagerService( 1733): releaseWakeLockInternal: lock=113832109 [NetworkStats], flags=0x0
07-06 00:44:55.432 D/PowerManagerNotifier( 1733): onWakeLockReleased: flags=1, tag="NetworkStats", packageName=android, ownerUid=1000, ownerPid=1733, workSource=null
07-06 00:44:55.440 D/HttpHandler(10256): DNSHelper-->gslbDns=["153.35.175.121","220.202.77.124","153.35.175.120","125.46.22.134","36.33.158.222","218.58.206.58","123.128.14.209"]
07-06 00:44:55.443 D/HttpHandler(10256): RetryIntercepter-->retryNum=0
07-06 00:44:55.443 D/HttpHandler(10256): RetryIntercepter-->backoffmutiplier=0
07-06 00:44:55.444 D/HttpHandler(10256): RetryIntercepter-->retryNum=0
07-06 00:44:55.445 D/HttpHandler(10256): RetryIntercepter-->backoffmutiplier=0
07-06 00:44:55.452 D/OkHttp  (10256): <-- 200 OK http://picture.edu.hismarttv.com/images/20170630060711088714.jpg (58ms)
07-06 00:44:55.452 D/OkHttp  (10256): Date: Tue, 04 Jul 2017 01:17:05 GMT
07-06 00:44:55.452 D/OkHttp  (10256): Server: nginx
07-06 00:44:55.452 D/OkHttp  (10256): Content-Type: image/jpeg
07-06 00:44:55.452 D/OkHttp  (10256): Content-Length: 150566
07-06 00:44:55.452 D/OkHttp  (10256): Last-Modified: Fri, 30 Jun 2017 06:07:11 GMT
07-06 00:44:55.452 D/OkHttp  (10256): ETag: "5955ea8f-24c26"
07-06 00:44:55.452 D/OkHttp  (10256): Accept-Ranges: bytes
07-06 00:44:55.452 D/OkHttp  (10256): Age: 142070
07-06 00:44:55.452 D/OkHttp  (10256): Via: 1.1 jn239:0 (Cdn Cache Server V2.0)[29 200 0], 1.1 angtong95:7 (Cdn Cache Server V2.0)[0 200 0]
07-06 00:44:55.452 D/OkHttp  (10256): Connection: keep-alive
07-06 00:44:55.452 D/OkHttp  (10256): <-- END HTTP
07-06 00:44:55.455 D/HttpHandler(10256): RetryIntercepter-->retryNum=0
07-06 00:44:55.455 D/HttpHandler(10256): RetryIntercepter-->backoffmutiplier=0
07-06 00:44:55.486 D/OkHttp  (10256): --> GET http://picture.edu.hismarttv.com/images/20170630035014817721.jpg http/1.1
07-06 00:44:55.486 D/OkHttp  (10256): Host: picture.edu.hismarttv.com
07-06 00:44:55.486 D/OkHttp  (10256): Connection: Keep-Alive
07-06 00:44:55.486 D/OkHttp  (10256): Accept-Encoding: gzip
07-06 00:44:55.486 D/OkHttp  (10256): User-Agent: okhttp/3.6.0
07-06 00:44:55.486 D/OkHttp  (10256): --> END GET
07-06 00:44:55.511 D/OkHttp  (10256): <-- 200 OK http://picture.edu.hismarttv.com/images/20170630035014817721.jpg (24ms)
07-06 00:44:55.512 D/OkHttp  (10256): Date: Tue, 04 Jul 2017 01:17:04 GMT
07-06 00:44:55.512 D/OkHttp  (10256): Server: nginx
07-06 00:44:55.512 D/OkHttp  (10256): Content-Type: image/jpeg
07-06 00:44:55.512 D/OkHttp  (10256): Content-Length: 108221
07-06 00:44:55.512 D/OkHttp  (10256): Last-Modified: Fri, 30 Jun 2017 03:50:14 GMT
07-06 00:44:55.512 D/OkHttp  (10256): ETag: "5955ca76-1a6bd"
07-06 00:44:55.512 D/OkHttp  (10256): Accept-Ranges: bytes
07-06 00:44:55.512 D/OkHttp  (10256): Age: 142071
07-06 00:44:55.512 D/OkHttp  (10256): Via: 1.1 hewangtong169:9 (Cdn Cache Server V2.0)[0 200 0], 1.1 angtong95:6 (Cdn Cache Server V2.0)[0 200 0]
07-06 00:44:55.512 D/OkHttp  (10256): Connection: keep-alive
07-06 00:44:55.512 D/OkHttp  (10256): <-- END HTTP
07-06 00:44:55.514 D/HttpHandler(10256): RetryIntercepter-->retryNum=0
07-06 00:44:55.514 D/HttpHandler(10256): RetryIntercepter-->backoffmutiplier=0
07-06 00:44:55.573 I/MiSysSrv( 1214): [37m[INFO] Change to Voltage: 117 mv (0x32)[m
07-06 00:44:55.622 D/HiCloudSourcePlugin( 4289): Delta Updating Task Runnning...
07-06 00:44:55.632 D/HttpHandler(10256): VerifySignInterCeptor-->request.url()=http://picture.edu.hismarttv.com/images/20170629/20161111081033896636.jpg
07-06 00:44:55.632 D/HttpHandler(10256): VerifySignInterCeptor-->hostname=picture.edu.hismarttv.com
07-06 00:44:55.633 D/OkHttp  (10256): --> GET http://picture.edu.hismarttv.com/images/20170629/20161111081033896636.jpg http/1.1
07-06 00:44:55.634 D/OkHttp  (10256): Host: picture.edu.hismarttv.com
07-06 00:44:55.634 D/OkHttp  (10256): Connection: Keep-Alive
07-06 00:44:55.634 D/OkHttp  (10256): Accept-Encoding: gzip
07-06 00:44:55.634 D/OkHttp  (10256): User-Agent: okhttp/3.6.0
07-06 00:44:55.634 D/OkHttp  (10256): --> END GET
07-06 00:44:55.639 I/MyFragmentStateAdapter(10256): getCount
07-06 00:44:55.639 I/MyFragmentStateAdapter(10256): getCount
07-06 00:44:55.640 I/MyFragmentStateAdapter(10256): getCount
07-06 00:44:55.640 I/MyFragmentStateAdapter(10256): getCount
07-06 00:44:55.645 I/MyFragmentStateAdapter(10256): getCount
07-06 00:44:55.651 D/Carousel-CarouselVideoViewImpl(10256): stopPlay.
07-06 00:44:55.652 V/MediaPlayer-JNI(10256): isPlaying: 1
07-06 00:44:55.652 D/Carousel-UrlVideoView(10256): isInPlaybackState=true
07-06 00:44:55.652 D/Carousel-UrlVideoView(10256): mCurrentState=3
07-06 00:44:55.659 V/MediaPlayer-JNI(10256): getCurrentPosition: 5475 (msec)
07-06 00:44:55.659 D/Carousel-CarouselVideoViewImpl(10256): position=5475
07-06 00:44:55.659 V/MediaPlayer-JNI(10256): stop
07-06 00:44:55.659 D/OkHttp  (10256): <-- 200 OK http://picture.edu.hismarttv.com/images/20170629/20161111081033896636.jpg (25ms)
07-06 00:44:55.660 D/OkHttp  (10256): Date: Tue, 04 Jul 2017 05:33:37 GMT
07-06 00:44:55.660 D/OkHttp  (10256): Server: nginx
07-06 00:44:55.660 D/OkHttp  (10256): Content-Type: image/jpeg
07-06 00:44:55.660 D/OkHttp  (10256): Content-Length: 94994
07-06 00:44:55.660 D/OkHttp  (10256): Last-Modified: Fri, 09 Jun 2017 14:48:34 GMT
07-06 00:44:55.660 D/OkHttp  (10256): ETag: "593ab542-17312"
07-06 00:44:55.660 D/OkHttp  (10256): Accept-Ranges: bytes
07-06 00:44:55.660 D/NuPlayerDriver( 1206): stop(0xd7843640)   mState:5
07-06 00:44:55.660 D/OkHttp  (10256): Age: 126678
07-06 00:44:55.660 D/OkHttp  (10256): Via: 1.1 shzh54:2 (Cdn Cache Server V2.0)[18 200 0], 1.1 angtong95:2 (Cdn Cache Server V2.0)[0 200 0]
07-06 00:44:55.660 D/OkHttp  (10256): Connection: keep-alive
07-06 00:44:55.660 V/MediaPlayer-JNI(10256): release
07-06 00:44:55.660 D/NuPlayerDriver( 1206): reset(0xd7843640)  mState:8
07-06 00:44:55.661 V/NuPlayer( 1206): NuPlayer::resetAsync ---- Enter ...
07-06 00:44:55.661 D/MediaHTTPConnection(10256): teardownConnection
07-06 00:44:55.661 I/FFMPEG  ( 1206): [mov,mp4,m4a,3gp,3g2,mj2 @ 0xf371c400] stream 1, offset 0x115ff43: partial file
07-06 00:44:55.661 W/FFmpegExtractor( 1206): rv_read_frame ret: [-1094995529]
07-06 00:44:55.662 W/MediaHTTPConnection(10256): teardownConnection catch android.os.NetworkOnMainThreadException
07-06 00:44:55.660 D/OkHttp  (10256): <-- END HTTP
07-06 00:44:55.663 V/NuPlayer( 1206): kWhatReset  mCanReset:1
07-06 00:44:55.663 V/NuPlayer( 1206): performDecoderFlush audio=2, video=2
07-06 00:44:55.663 V/NuPlayer( 1206): [audio] flushDecoder needShutdown=1
07-06 00:44:55.663 V/NuPlayer( 1206): [video] flushDecoder needShutdown=1
07-06 00:44:55.663 V/NuPlayer( 1206): postponing action mFlushingAudio=2, mFlushingVideo=2
07-06 00:44:55.663 W/MediaHTTPConnection(10256): readAt 18374656 / 32768 => -1004, java.io.IOException: BufferedInputStream is closed
07-06 00:44:55.663 V/NuPlayer( 1206): renderer audio flush completed.
07-06 00:44:55.664 V/NuPlayer( 1206): renderer video flush completed.
07-06 00:44:55.665 V/NuPlayer( 1206): decoder audio flush completed
07-06 00:44:55.665 V/NuPlayer( 1206): initiating audio decoder shutdown
07-06 00:44:55.665 D/NuPlayer( 1206): rrrr audio decoder executing, canreset set true
07-06 00:44:55.665 I/MS_OMX_BASEPORT( 1206): [OMX.MS.AVC.Decoder]MS_OMX_FlushPort: 0
07-06 00:44:55.665 D/MSTAR_VDEC_API( 1206): [0] Flush: Begin (0)
07-06 00:44:55.666 W/MediaHTTP( 1206): hitting MediaHTTP readAt n < 0 numBytesRead= 24576
07-06 00:44:55.666 I/NuCachedSource2( 1206): caching reached eos.
07-06 00:44:55.669 D/MediaCodec( 1206): MediaCodec::~MediaCodec ---- Enter  mState:0
07-06 00:44:55.669 V/NuPlayer( 1206): audio shutdown completed
07-06 00:44:55.670 D/MSTAR_VDEC_API( 1206): [0] Flush: OK
07-06 00:44:55.670 I/MS_OMX_BASEPORT( 1206): [OMX.MS.AVC.Decoder]MS_OMX_FlushPort: 1
07-06 00:44:55.671 D/HttpHandler(10256): RetryIntercepter-->retryNum=0
07-06 00:44:55.671 D/HttpHandler(10256): RetryIntercepter-->backoffmutiplier=0
07-06 00:44:55.673 V/NuPlayer( 1206): decoder video flush completed
07-06 00:44:55.673 V/NuPlayer( 1206): initiating video decoder shutdown
07-06 00:44:55.674 I/MS_OMX_BASEPORT( 1206): [OMX.MS.AVC.Decoder]MS_OMX_FlushPort: 0
07-06 00:44:55.674 D/MSTAR_VDEC_API( 1206): [0] Flush: Begin (0)
07-06 00:44:55.675 D/MSTAR_VDEC_API( 1206): [0] Flush: OK
07-06 00:44:55.675 I/MS_OMX_BASEPORT( 1206): [OMX.MS.AVC.Decoder]MS_OMX_FlushPort: 1
07-06 00:44:55.675 I/MS_OMX_VDEC( 1206): [OMX.MS.AVC.Decoder]MS_OMX_OutputBufferProcess: in pause state , waiting for resume...
07-06 00:44:55.675 I/MS_OMX_VDEC( 1206): [OMX.MS.AVC.Decoder]MS_OMX_OutputBufferProcess: ...resumed
07-06 00:44:55.676 D/MS_OMX_VDEC( 1206): Free pBuffer[0]: 0xb6403000
07-06 00:44:55.677 D/MS_OMX_VDEC( 1206): Free pBuffer[0]: 0xf1818000
07-06 00:44:55.678 D/MSTAR_VDEC_API( 1206): [0] Flush: Begin (0)
07-06 00:44:55.679 D/MS_OMX_VDEC( 1206): Free pBuffer[0]: 0xd7403000
07-06 00:44:55.679 E/AudioTrackShared( 1206): mFlush 0 -> 0x5539, front 0x3bb80, rear 0x3d539, mask 0x3fff, newFront 0x39539, filled 16384=0x4000
07-06 00:44:55.680 D/MS_OMX_VDEC( 1206): Free pBuffer[0]: 0xb9c03000
07-06 00:44:55.680 D/MS_OMX_VDEC( 1206): Free pBuffer[0]: 0xba8fc000
07-06 00:44:55.681 D/MSTAR_VDEC_API( 1206): [0] Flush: OK
07-06 00:44:55.698 E/audio_hw_primary( 1206): out_get_latency ret 10ms
07-06 00:44:55.704 D/gralloc ( 1204): allocate buffer from ION HEAP 0x1
07-06 00:44:55.704 D/gralloc ( 1204): allocate memory from system heap
07-06 00:44:55.706 D/gralloc ( 1204): allocate buffer from ION HEAP 0x1
07-06 00:44:55.706 D/gralloc ( 1204): allocate memory from system heap
07-06 00:44:55.709 E/audio_hw_primary( 1206): out_get_latency ret 10ms
07-06 00:44:55.709 E/audio_hw_primary( 1206): out_get_latency ret 10ms
07-06 00:44:55.719 D/PowerManagerService( 1733): updateWakeLockWorkSourceInternal: lock=276933504 [AudioMix], ws=null
07-06 00:44:55.719 D/PowerManagerNotifier( 1733): onWakeLockReleased: flags=1, tag="AudioMix", packageName=media, ownerUid=1013, ownerPid=0, workSource=WorkSource{10010}
07-06 00:44:55.719 D/PowerManagerNotifier( 1733): onWakeLockAcquired: flags=1, tag="AudioMix", packageName=media, ownerUid=1013, ownerPid=0, workSource=null
07-06 00:44:55.720 V/AudioPolicyManager( 1206): stopOutput() output 2, stream 3, session 898
07-06 00:44:55.720 V/AudioPolicyManager( 1206): setBeaconMute(1) mBeaconMuteRefCount=0 mBeaconPlayingRefCount=0
07-06 00:44:55.720 V/AudioPolicyManager( 1206): changeRefCount() stream 3, count 0
07-06 00:44:55.720 V/AudioPolicyManager( 1206): getNewOutputDevice() selected device 0
07-06 00:44:55.720 V/AudioPolicyManager( 1206): setOutputDevice() output 2 device 0000 delayMs 20
07-06 00:44:55.720 V/AudioPolicyManager( 1206): setOutputDevice() prevDevice 0002
07-06 00:44:55.720 V/AudioPolicyManager( 1206): DeviceVector::getDevice() for type 00008000 address 0 found 0x0
07-06 00:44:55.720 V/AudioPolicyManager( 1206): DeviceVector::getDevice() for type 00008000 address 0 found 0x0
07-06 00:44:55.720 V/AudioPolicyManager( 1206): DeviceVector::getDevice() for type 00008000 address 0 found 0x0
07-06 00:44:55.720 V/AudioPolicyManager( 1206): DeviceVector::getDevice() for type 00008000 address 0 found 0x0
07-06 00:44:55.720 V/AudioPolicyManager( 1206): DeviceVector::getDevice() for type 00008000 address 0 found 0x0
07-06 00:44:55.720 V/AudioPolicyManager( 1206): DeviceVector::getDevice() for type 00008000 address 0 found 0x0
07-06 00:44:55.720 V/AudioPolicyManager( 1206): DeviceVector::getDevice() for type 00008000 address 0 found 0x0
07-06 00:44:55.720 V/AudioPolicyManager( 1206): setOutputDevice() setting same device 0000 or null device for output 2
07-06 00:44:55.720 V/AudioPolicyManager( 1206): DeviceVector::getDevice() for type 00008000 address 0 found 0x0
07-06 00:44:55.720 V/AudioPolicyManager( 1206): DeviceVector::getDevice() for type 00008000 address 0 found 0x0
07-06 00:44:55.720 V/AudioPolicyManager( 1206): DeviceVector::getDevice() for type 00008000 address 0 found 0x0
07-06 00:44:55.720 V/AudioPolicyManager( 1206): DeviceVector::getDevice() for type 00008000 address 0 found 0x0
07-06 00:44:55.720 V/AudioPolicyManager( 1206): DeviceVector::getDevice() for type 00008000 address 0 found 0x0
07-06 00:44:55.720 V/AudioPolicyManager( 1206): DeviceVector::getDevice() for type 00008000 address 0 found 0x0
07-06 00:44:55.720 V/AudioPolicyManager( 1206): DeviceVector::getDevice() for type 00008000 address 0 found 0x0
07-06 00:44:55.720 V/AudioPolicyManager( 1206): DeviceVector::getDevice() for type 00008000 address 0 found 0x0
07-06 00:44:55.720 D/        ( 1206): [VDEC][0]MApi_CMA_Pool_PutMem0 in vdec: cmaFreeParam.pool_handle_id=13, cmaFreeParam.offset_in_pool=1000000, cmaFreeParam.length=8200000
07-06 00:44:55.721 I/MSTAR_VDEC_API( 1206): stored streamId: 0:4040
07-06 00:44:55.721 I/MSTAR_VDEC_API( 1206): remove StreamId: 0x4040
07-06 00:44:55.722 D/MSTAR_VDEC_API( 1206): [0] MsVdecClose OK
07-06 00:44:55.725 D/MediaCodec( 1206): MediaCodec::~MediaCodec ---- Enter  mState:0
07-06 00:44:55.726 V/NuPlayer( 1206): video shutdown completed
07-06 00:44:55.726 V/NuPlayer( 1206): both audio and video are flushed now.
07-06 00:44:55.726 V/NuPlayer( 1206): performReset start pthread_id:d783d780
07-06 00:44:55.727 V/RMClient( 1206): #575:RMClient::returnAllResourcesAsync
07-06 00:44:55.727 V/RMClient( 1206): #575:onMessageReceived cret
07-06 00:44:55.727 V/RMClient( 1206): #575:kWhatCmdReturnAllResources
07-06 00:44:55.727 D/hwcomposer( 1204): Overlay[0], bInUsed = 0, bIsForceClose = 0
07-06 00:44:55.727 V/RMClient( 1206): #575:Done
07-06 00:44:55.727 D/vsyncbridge( 1204): [0] handle_thread thread got msg 0x1, mState = 3
07-06 00:44:55.727 D/vsyncbridge( 1204): Overlay 0 state change from 3 to 0
07-06 00:44:55.727 D/vsyncbridge( 1204): Remove Overlay 0
07-06 00:44:55.728 I/SurfaceFlinger( 1204): the layer SurfaceView is used to close xc and zorder is smallerest! clear region
07-06 00:44:55.729 I/TVMW@HsTvSetting( 1234): Trace cmd, data = 0x1058
07-06 00:44:55.729 D/til@system( 2026): til_get_system_param option:100002F int:0, bool:0, ret:0
07-06 00:44:55.730 D/HttpHandler(10256): VerifySignInterCeptor-->request.url()=http://picture.edu.hismarttv.com/images/20170630060641226550.jpg
07-06 00:44:55.730 V/RMAllocator( 1198): Deallocating resources for #575
07-06 00:44:55.730 D/HttpHandler(10256): VerifySignInterCeptor-->hostname=picture.edu.hismarttv.com
07-06 00:44:55.730 V/RMAllocator( 1198): ~ClientInfo
07-06 00:44:55.730 I/RMAllocator( 1198): ~ClientInfo this=2378256608,mRMClient=2378240064. id=575
07-06 00:44:55.730 W/RMAllocator( 1198): returnAllResourcesFor: not registered, nothing to do
07-06 00:44:55.730 V/RMClient( 1206): #575:handleEvent lret
07-06 00:44:55.731 V/RMClient( 1206): #575:onMessageReceived lret
07-06 00:44:55.731 V/RMClient( 1206): #575:kWhatAllResourcesReturned
07-06 00:44:55.731 I/NuPlayer( 1206): NuPlayerRMClientListener::handleAllResourcesReturned
07-06 00:44:55.731 V/NuPlayer( 1206): [handleAllResourcesReturned-3223]
07-06 00:44:55.731 I/GenericSource( 1206): stop
07-06 00:44:55.731 V/RMClient( 1206): #575:Done
07-06 00:44:55.731 I/TVMW@HsTvSetting( 1234): Trace cmd, data = 0x101f
07-06 00:44:55.731 D/til@system( 2026): til_get_system_param option:100001D int:3, bool:3, ret:0
07-06 00:44:55.731 E/til     ( 2026): [til_get_current_input_source, 101] 
07-06 00:44:55.731 D/OkHttp  (10256): --> GET http://picture.edu.hismarttv.com/images/20170630060641226550.jpg http/1.1
07-06 00:44:55.731 D/OkHttp  (10256): Host: picture.edu.hismarttv.com
07-06 00:44:55.731 D/OkHttp  (10256): Connection: Keep-Alive
07-06 00:44:55.731 D/OkHttp  (10256): Accept-Encoding: gzip
07-06 00:44:55.731 D/OkHttp  (10256): User-Agent: okhttp/3.6.0
07-06 00:44:55.731 D/OkHttp  (10256): --> END GET
07-06 00:44:55.731 I/TVMW@HsTvSetting( 1234): Trace cmd, data = 0x7007
07-06 00:44:55.731 I/tilwrapper@sm( 2026): HS2TIL_SourceType *hs=0xd, *til=0x900
07-06 00:44:55.731 D/til     ( 2026): get current source 2304
07-06 00:44:55.731 D/SourceRemoteServiceHandler( 2026): getCurrentInputSource.from.til.result is 0, value is 2304
07-06 00:44:55.732 D/SourceRemoteServiceHandler( 2026): getInputSourceType source: 0x900, type=2304
07-06 00:44:55.732 D/til     ( 2026): ###### func:til_get_picture_param option:0x3000006 ######  
07-06 00:44:55.732 I/TVMW@HsTvSetting( 1234): Trace cmd, data = 0x1003
07-06 00:44:55.732 I/TVMW@HsTvSetting( 1234): Trace cmd, data = 0x8032
07-06 00:44:55.732 I/hstvos  ( 1216): [0m[1;33m[HSHAL][HS_VIDEO][HS_HAL_Video_SetOsdDetect_v2][2389]u16Threshold = 20
07-06 00:44:55.737 I/MiSysSrv( 1214): [leon.luo]EnableVideoMute = 1,enColor = 5
07-06 00:44:55.741 D/HttpHandler(10256): VerifySignInterCeptor-->request.url()=http://picture.edu.hismarttv.com/images/20170628233246121281.jpg
07-06 00:44:55.741 D/HttpHandler(10256): VerifySignInterCeptor-->hostname=picture.edu.hismarttv.com
07-06 00:44:55.742 D/OkHttp  (10256): --> GET http://picture.edu.hismarttv.com/images/20170628233246121281.jpg http/1.1
07-06 00:44:55.743 D/OkHttp  (10256): Host: picture.edu.hismarttv.com
07-06 00:44:55.743 D/OkHttp  (10256): Connection: Keep-Alive
07-06 00:44:55.743 D/OkHttp  (10256): Accept-Encoding: gzip
07-06 00:44:55.743 D/OkHttp  (10256): User-Agent: okhttp/3.6.0
07-06 00:44:55.743 D/OkHttp  (10256): --> END GET
07-06 00:44:55.747 D/HttpHandler(10256): VerifySignInterCeptor-->request.url()=http://picture.edu.hismarttv.com/images/20170628233313068112.jpg
07-06 00:44:55.747 D/HttpHandler(10256): VerifySignInterCeptor-->hostname=picture.edu.hismarttv.com
07-06 00:44:55.748 D/OkHttp  (10256): --> GET http://picture.edu.hismarttv.com/images/20170628233313068112.jpg http/1.1
07-06 00:44:55.749 D/OkHttp  (10256): Host: picture.edu.hismarttv.com
07-06 00:44:55.749 D/OkHttp  (10256): Connection: Keep-Alive
07-06 00:44:55.749 D/OkHttp  (10256): Accept-Encoding: gzip
07-06 00:44:55.749 D/OkHttp  (10256): User-Agent: okhttp/3.6.0
07-06 00:44:55.749 D/OkHttp  (10256): --> END GET
07-06 00:44:55.752 D/OkHttp  (10256): <-- 200 OK http://picture.edu.hismarttv.com/images/20170630060641226550.jpg (20ms)
07-06 00:44:55.752 D/OkHttp  (10256): Date: Tue, 04 Jul 2017 01:17:05 GMT
07-06 00:44:55.752 D/OkHttp  (10256): Server: nginx
07-06 00:44:55.752 D/OkHttp  (10256): Content-Type: image/jpeg
07-06 00:44:55.752 D/OkHttp  (10256): Content-Length: 121881
07-06 00:44:55.752 D/OkHttp  (10256): Last-Modified: Fri, 30 Jun 2017 06:06:41 GMT
07-06 00:44:55.752 D/OkHttp  (10256): ETag: "5955ea71-1dc19"
07-06 00:44:55.752 D/OkHttp  (10256): Accept-Ranges: bytes
07-06 00:44:55.752 D/OkHttp  (10256): Age: 142070
07-06 00:44:55.752 D/OkHttp  (10256): Via: 1.1 wangt170:6 (Cdn Cache Server V2.0)[32 200 0], 1.1 t93:5 (Cdn Cache Server V2.0)[0 200 0]
07-06 00:44:55.752 D/OkHttp  (10256): Connection: keep-alive
07-06 00:44:55.752 D/OkHttp  (10256): <-- END HTTP
07-06 00:44:55.753 D/hwcomposer( 1204): lastVideoPlanes is dirty
07-06 00:44:55.754 I/SurfaceFlinger( 1204): the layer SurfaceView is used to close xc and zorder is smallerest! clear region
07-06 00:44:55.755 D/HttpHandler(10256): RetryIntercepter-->retryNum=0
07-06 00:44:55.755 D/HttpHandler(10256): RetryIntercepter-->backoffmutiplier=0
07-06 00:44:55.761 I/FFmpegExtractor( 1206): reader thread goto end...
07-06 00:44:55.761 I/FFmpegExtractor( 1206): stream_component_close ---- streamIndex: 0
07-06 00:44:55.769 D/OkHttp  (10256): <-- 200 OK http://picture.edu.hismarttv.com/images/20170628233246121281.jpg (23ms)
07-06 00:44:55.770 D/OkHttp  (10256): Date: Tue, 04 Jul 2017 05:48:32 GMT
07-06 00:44:55.770 D/OkHttp  (10256): Server: nginx
07-06 00:44:55.770 D/OkHttp  (10256): Content-Type: image/jpeg
07-06 00:44:55.770 D/OkHttp  (10256): Content-Length: 50603
07-06 00:44:55.770 D/OkHttp  (10256): Last-Modified: Wed, 28 Jun 2017 23:32:46 GMT
07-06 00:44:55.770 D/OkHttp  (10256): ETag: "59543c9e-c5ab"
07-06 00:44:55.770 D/OkHttp  (10256): Accept-Ranges: bytes
07-06 00:44:55.770 D/OkHttp  (10256): Age: 125783
07-06 00:44:55.770 D/OkHttp  (10256): Via: 1.1 zhiwtong176:0 (Cdn Cache Server V2.0)[0 200 0], 1.1 angtong92:5 (Cdn Cache Server V2.0)[0 200 0]
07-06 00:44:55.770 D/OkHttp  (10256): Connection: keep-alive
07-06 00:44:55.770 D/OkHttp  (10256): <-- END HTTP
07-06 00:44:55.771 E/TVMW@videoctrl( 1234):  getOsd is 1
07-06 00:44:55.772 I/MiSysSrv( 1214): Not support now! 42, change to mm_video!!!
07-06 00:44:55.772 I/MiSysSrv( 1214): [XC,SetWindow][MApi_XC_SetDynamicScaling_U2,  342] It's dynamic scaling case(0,0,0)
07-06 00:44:55.772 I/MiSysSrv( 1214): [XC,SetWindow][MHAL_SC_Set_DynamicScaling,  522] [MHAL_SC_Set_DynamicScaling,  522] [DS] u8MIU_Select:0  
07-06 00:44:55.772 I/MiSysSrv( 1214): [XC,SetWindow][MHAL_SC_Set_DynamicScaling,  523] [MHAL_SC_Set_DynamicScaling,  523] [DS] bOP_On:0  bIPS_On:0 bIPM_On:0  
07-06 00:44:55.772 D/til@system( 2026): til_get_system_param option:1000027 int:1, bool:1, ret:0
07-06 00:44:55.772 D/til     ( 2026): ###### func:til_get_picture_param option:0x3000045 ######  
07-06 00:44:55.772 I/TVMW@HsTvSetting( 1234): Trace cmd, data = 0x300c
07-06 00:44:55.773 I/TVMW@HsTvSetting( 1234): Trace 3d, data = 0x300c
07-06 00:44:55.773 I/TVMW@3d ( 1234): Hs_debug3d_trace: func:get3dStatus, line:109
07-06 00:44:55.773 D/OkHttp  (10256): <-- 200 OK http://picture.edu.hismarttv.com/images/20170628233313068112.jpg (24ms)
07-06 00:44:55.773 D/OkHttp  (10256): Date: Tue, 04 Jul 2017 01:17:06 GMT
07-06 00:44:55.773 D/OkHttp  (10256): Server: nginx
07-06 00:44:55.773 D/OkHttp  (10256): Content-Type: image/jpeg
07-06 00:44:55.773 D/OkHttp  (10256): Content-Length: 61038
07-06 00:44:55.773 D/OkHttp  (10256): Last-Modified: Wed, 28 Jun 2017 23:33:13 GMT
07-06 00:44:55.773 D/OkHttp  (10256): ETag: "59543cb9-ee6e"
07-06 00:44:55.773 D/OkHttp  (10256): Accept-Ranges: bytes
07-06 00:44:55.773 D/OkHttp  (10256): Age: 142069
07-06 00:44:55.774 D/OkHttp  (10256): Via: 1.1 jnwt244:1 (Cdn Cache Server V2.0)[23 200 0], 1.1 t93:2 (Cdn Cache Server V2.0)[0 200 0]
07-06 00:44:55.774 D/OkHttp  (10256): Connection: keep-alive
07-06 00:44:55.774 D/OkHttp  (10256): <-- END HTTP
07-06 00:44:55.774 I/FFmpegExtractor( 1206): stream_component_close ---- streamIndex: 1
07-06 00:44:55.778 D/HttpHandler(10256): RetryIntercepter-->retryNum=0
07-06 00:44:55.778 D/HttpHandler(10256): RetryIntercepter-->backoffmutiplier=0
07-06 00:44:55.779 D/HttpHandler(10256): RetryIntercepter-->retryNum=0
07-06 00:44:55.779 D/HttpHandler(10256): RetryIntercepter-->backoffmutiplier=0
07-06 00:44:55.779 I/FFmpegExtractor( 1206): stream_component_close ---- streamIndex: -1
07-06 00:44:55.780 I/FFMPEG  ( 1206): [AVIOContext @ 0xb8bfe160] Statistics: 18218495 bytes read, 0 seeks
07-06 00:44:55.784 D/FFmpegExtractor( 1206): Reader thread stopped
07-06 00:44:55.785 D/FFmpegExtractor( 1206): Reader thread have been stopped
07-06 00:44:55.789 I/MiSysSrv( 1214): [XC,SetWindow][MHAL_SC_Set_DynamicScaling,  557] [MHAL_SC_Set_DynamicScaling,  557] [DS] u32DynamicScalingBaseAddr:0  u8DynamicScalingIndexDepth:0 u32DynamicScalingBufSize:0   
07-06 00:44:55.796 D/NuPlayerDriver( 1206): notifyResetComplete(0xd7843640) mState:7
07-06 00:44:55.796 V/NuPlayer( 1206): performReset end pthread_id:d783d780
07-06 00:44:55.796 V/NuPlayer( 1206): +++Reset end,not response msg
07-06 00:44:55.821 I/MiSysSrv( 1214): Obtain XC engine fail
07-06 00:44:55.821 D/vsyncbridge( 1204): void Wrapper_disconnect(int) @ line: 776: Enter Stop ds.
07-06 00:44:55.821 D/vsyncbridge( 1204): [0] is to deinit
07-06 00:44:55.821 I/MiSysSrv( 1214): [mapi_video_base@Line 1385] Finalize:1385 Video Finalize : Win[0], Source[34]
07-06 00:44:55.821 I/MiSysSrv( 1214): [XC,LPLL][MDrv_XC_SetFreeRunTiming, 4950] SetFreeRunTiming: Disable FPLL and Clear FSM to Idle state
07-06 00:44:55.821 I/MiSysSrv( 1214): [XC,LPLL][MDrv_SC_set_fpll,  976] MDrv_SC_set_fpll(0,0)
07-06 00:44:55.821 I/MiSysSrv( 1214): [XC,LPLL][MDrv_SC_set_fpll,  977] u32OrigLPLL = 1745d1
07-06 00:44:55.821 I/MiSysSrv( 1214): [XC,LPLL][MDrv_SC_set_fpll, 1002] u32OrigLPLL = 1745d1, L_BK_LPLL(0x0F) = 1745d1
07-06 00:44:55.821 I/MiSysSrv( 1214): [XC,LPLL][_MApi_XC_FPLL_EnableLcokFreqOnly, 3150] [_MApi_XC_FPLL_EnableLcokFreqOnly][3150]feature is 0
07-06 00:44:55.828 D/HttpHandler(10256): VerifySignInterCeptor-->request.url()=http://picture.edu.hismarttv.com/images/20170629/%E6%B3%A1%E6%B3%A1%E8%8B%B1%E8%AF%AD.jpg
07-06 00:44:55.828 D/HttpHandler(10256): VerifySignInterCeptor-->hostname=picture.edu.hismarttv.com
07-06 00:44:55.829 D/HttpHandler(10256): VerifySignInterCeptor-->request.url()=http://picture.edu.hismarttv.com/images/
07-06 00:44:55.829 D/HttpHandler(10256): VerifySignInterCeptor-->hostname=picture.edu.hismarttv.com
07-06 00:44:55.830 D/OkHttp  (10256): --> GET http://picture.edu.hismarttv.com/images/20170629/%E6%B3%A1%E6%B3%A1%E8%8B%B1%E8%AF%AD.jpg http/1.1
07-06 00:44:55.830 D/OkHttp  (10256): Host: picture.edu.hismarttv.com
07-06 00:44:55.830 D/OkHttp  (10256): Connection: Keep-Alive
07-06 00:44:55.830 D/OkHttp  (10256): Accept-Encoding: gzip
07-06 00:44:55.830 D/OkHttp  (10256): User-Agent: okhttp/3.6.0
07-06 00:44:55.830 D/OkHttp  (10256): --> END GET
07-06 00:44:55.830 D/OkHttp  (10256): --> GET http://picture.edu.hismarttv.com/images/ http/1.1
07-06 00:44:55.830 D/OkHttp  (10256): Host: picture.edu.hismarttv.com
07-06 00:44:55.830 D/OkHttp  (10256): Connection: Keep-Alive
07-06 00:44:55.830 D/OkHttp  (10256): Accept-Encoding: gzip
07-06 00:44:55.830 D/OkHttp  (10256): User-Agent: okhttp/3.6.0
07-06 00:44:55.830 D/OkHttp  (10256): --> END GET
07-06 00:44:55.849 D/OkHttp  (10256): <-- 200 OK http://picture.edu.hismarttv.com/images/20170629/%E6%B3%A1%E6%B3%A1%E8%8B%B1%E8%AF%AD.jpg (19ms)
07-06 00:44:55.849 D/OkHttp  (10256): Date: Tue, 04 Jul 2017 01:17:06 GMT
07-06 00:44:55.849 D/OkHttp  (10256): Server: nginx
07-06 00:44:55.849 D/OkHttp  (10256): Content-Type: image/jpeg
07-06 00:44:55.849 D/OkHttp  (10256): Content-Length: 121122
07-06 00:44:55.849 D/OkHttp  (10256): Last-Modified: Fri, 09 Jun 2017 14:51:42 GMT
07-06 00:44:55.849 D/OkHttp  (10256): ETag: "593ab5fe-1d922"
07-06 00:44:55.849 D/OkHttp  (10256): Accept-Ranges: bytes
07-06 00:44:55.849 D/OkHttp  (10256): Age: 142069
07-06 00:44:55.849 D/OkHttp  (10256): Via: 1.1 pingwangtong47:0 (Cdn Cache Server V2.0)[0 200 0], 1.1 angtong92:4 (Cdn Cache Server V2.0)[0 200 0]
07-06 00:44:55.849 D/OkHttp  (10256): Connection: keep-alive
07-06 00:44:55.849 D/OkHttp  (10256): <-- END HTTP
07-06 00:44:55.852 D/HttpHandler(10256): RetryIntercepter-->retryNum=0
07-06 00:44:55.852 D/HttpHandler(10256): RetryIntercepter-->backoffmutiplier=0
07-06 00:44:55.854 I/MiSysSrv( 1214): Unknow Input Type 
07-06 00:44:55.855 D/vsyncbridge( 1204): hVdecHandle[enWin] = 58727202
07-06 00:44:55.855 I/MiVideoService( 1465): impl handle 0x86001b22 closed!
07-06 00:44:55.855 D/vsyncbridge( 1204): all deinit!!!
07-06 00:44:55.857 E/MiDispoutService( 1465): MiDispoutClose, 352, RES Handle = 19726336 
07-06 00:44:55.869 I/MiSysSrv( 1214): [37m[INFO] Change to Voltage: 112 mv (0x2D)[m
07-06 00:44:55.871 V/RMClient( 1204): #299:RMClient::returnAllResourcesAsync
07-06 00:44:55.871 V/RMClient( 1204): #299:onMessageReceived cret
07-06 00:44:55.871 V/RMClient( 1204): #299:kWhatCmdReturnAllResources
07-06 00:44:55.872 V/RMAllocator( 1198): Deallocating resources for #299
