07-05 21:12:49.162 I/SurfaceView(21890): Cur surface: Surface(name=null)/@0x34ab9368
07-05 21:12:49.163 D/Surface ( 1733): onStatusChange() : mNativeObject = 547942774784 mUseImageHwRender = false
07-05 21:12:49.163 V/Surface ( 1733): nativeSetHardwareRender() : status = 0
07-05 21:12:49.163 V/Surface ( 1733): nativeSetHardwareRender() : end
07-05 21:12:49.165 D/PowerManagerService( 1733): setScreenBrightnessOverrideFromWindowManagerInternal done
07-05 21:12:49.172 D/Surface ( 1733): onStatusChange() : mNativeObject = 0 mUseImageHwRender = false
07-05 21:12:49.173 D/Surface (21890): onStatusChange() : mNativeObject = -543422208 mUseImageHwRender = false
07-05 21:12:49.173 V/Surface (21890): nativeSetHardwareRender() : status = 0
07-05 21:12:49.173 V/Surface (21890): nativeSetHardwareRender() : end
07-05 21:12:49.173 I/SurfaceView(21890): New surface: Surface(name=null)/@0x1e67a381, vis=true, frame=Rect(426, 205 - 1242, 665)
07-05 21:12:49.173 D/Surface (21890): onStatusChange() : mNativeObject = 0 mUseImageHwRender = false
07-05 21:12:49.173 D/Surface (21890): onStatusChange() : mNativeObject = -543422208 mUseImageHwRender = false
07-05 21:12:49.173 V/Surface (21890): nativeSetHardwareRender() : status = 0
07-05 21:12:49.173 V/Surface (21890): nativeSetHardwareRender() : end
07-05 21:12:49.174 V/SurfaceView(21890): Layout: x=426 y=205 w=816 h=460, frame=Rect(0, 0 - 816, 460)
07-05 21:12:49.176 I/MainHomeView(21890): onPanelSlide0.030534351---left156
07-05 21:12:49.176 I/CurrentCarouselView(21890): onCarouseControlCarouselControlBean{mShoudScroll=true, mActivityHasResume=false, mActivityHasStop=false, mHasTurnGone=false, mHasTurnVisible=false, mChannelId=-1, mSlideOffset=0.030534351, mShouldSelectCenter=false, mTabOpen=false, mHoriPosStatus=None, mVerPosStatus=None, mLevelStatus=None},isPlayingtrue,channelId=0
07-05 21:12:49.177 I/CurrentCarouselView(21890): is not the current page
07-05 21:12:49.177 I/CurrentCarouselView(21890): do scroll
07-05 21:12:49.177 D/Carousel-CarouselView(21890): smoothScroll.
07-05 21:12:49.177 D/Carousel-CarouselDisplayPlayerLayout(21890): isFullScreen:false
07-05 21:12:49.177 D/TabView (21890): onReceiveSlidingOffset ===>:0.030534351
07-05 21:12:49.192 E/hwcomposer( 1204): Overlay 0 size changeed src {1920 1080} -> {1920, 1080} crop{0.000000 0.000000 1920.000000 1080.000000}->{0.000000 0.000000 1920.000000 1080.000000} dst{430 205 1246 665}->{426 205 1242 665}
07-05 21:12:49.200 D/Carousel-CarouselDisplayPlayerLayout(21890): x=384, y=167,w=892,h=536, hashCode=884691861
07-05 21:12:49.200 D/Carousel-CarouselDisplayPlayerLayout(21890): mX=388, mY=167,mWitdh=892,mHeight=536, hashCode=884691861
07-05 21:12:49.200 D/Carousel-CarouselDisplayPlayerLayout(21890): changed=true, hashCode=884691861
07-05 21:12:49.201 D/Carousel-Utils(21890): x=384,y=167, width=892,height=536
07-05 21:12:49.201 D/Carousel-CarouselDisplayPlayerLayout(21890): x=384, y=167,w=892,h=536, hashCode=884691861
07-05 21:12:49.201 D/Carousel-CarouselDisplayPlayerLayout(21890): mX=384, mY=167,mWitdh=892,mHeight=536, hashCode=884691861
07-05 21:12:49.202 D/Carousel-CarouselDisplayPlayerLayout(21890): changed=false, hashCode=884691861
07-05 21:12:49.202 D/Carousel-CarouselDisplayPlayerLayout(21890): extraTryCount=0
07-05 21:12:49.212 D/Carousel-CarouselDisplayPlayerLayout(21890): x=384, y=167,w=892,h=536, hashCode=884691861
07-05 21:12:49.212 D/Carousel-CarouselDisplayPlayerLayout(21890): mX=384, mY=167,mWitdh=892,mHeight=536, hashCode=884691861
07-05 21:12:49.212 D/Carousel-CarouselDisplayPlayerLayout(21890): changed=false, hashCode=884691861
07-05 21:12:49.212 D/Carousel-CarouselDisplayPlayerLayout(21890): extraTryCount=1
07-05 21:12:49.212 D/Carousel-CarouselDisplayPlayerLayout(21890): x=384, y=167,w=892,h=536, hashCode=884691861
07-05 21:12:49.212 D/Carousel-CarouselDisplayPlayerLayout(21890): mX=384, mY=167,mWitdh=892,mHeight=536, hashCode=884691861
07-05 21:12:49.212 D/Carousel-CarouselDisplayPlayerLayout(21890): changed=false, hashCode=884691861
07-05 21:12:49.212 D/Carousel-CarouselDisplayPlayerLayout(21890): extraTryCount=2
07-05 21:12:49.212 D/Carousel-CarouselDisplayPlayerLayout(21890): x=384, y=167,w=892,h=536, hashCode=884691861
07-05 21:12:49.212 D/Carousel-CarouselDisplayPlayerLayout(21890): mX=384, mY=167,mWitdh=892,mHeight=536, hashCode=884691861
07-05 21:12:49.212 D/Carousel-CarouselDisplayPlayerLayout(21890): changed=false, hashCode=884691861
07-05 21:12:49.212 D/Carousel-CarouselDisplayPlayerLayout(21890): extraTryCount=3
07-05 21:12:49.213 I/Carousel-UrlVideoView(21890): onMeasure(MeasureSpec: EXACTLY 816, MeasureSpec: EXACTLY 460)
07-05 21:12:49.213 D/Carousel-UrlVideoView(21890): widthSpecMode=1073741824
07-05 21:12:49.213 D/Carousel-UrlVideoView(21890): heightSpecMode=1073741824
07-05 21:12:49.213 D/Carousel-UrlVideoView(21890): widthSpecSize=816
07-05 21:12:49.213 D/Carousel-UrlVideoView(21890): heightSpecSize=460
07-05 21:12:49.213 I/Carousel-UrlVideoView(21890): onMeasure(MeasureSpec: EXACTLY 816, MeasureSpec: EXACTLY 460)
07-05 21:12:49.213 D/Carousel-UrlVideoView(21890): widthSpecMode=1073741824
07-05 21:12:49.213 D/Carousel-UrlVideoView(21890): heightSpecMode=1073741824
07-05 21:12:49.213 D/Carousel-UrlVideoView(21890): widthSpecSize=816
07-05 21:12:49.213 D/Carousel-UrlVideoView(21890): heightSpecSize=460
07-05 21:12:49.214 I/SurfaceView(21890): Changes: creating=false format=false size=false visible=false left=true top=false
07-05 21:12:49.214 I/SurfaceView(21890): Cur surface: Surface(name=null)/@0x34ab9368
07-05 21:12:49.215 D/Surface ( 1733): onStatusChange() : mNativeObject = 547942774784 mUseImageHwRender = false
07-05 21:12:49.215 V/Surface ( 1733): nativeSetHardwareRender() : status = 0
07-05 21:12:49.215 V/Surface ( 1733): nativeSetHardwareRender() : end
07-05 21:12:49.219 D/PowerManagerService( 1733): setScreenBrightnessOverrideFromWindowManagerInternal done
07-05 21:12:49.221 D/Surface ( 1733): onStatusChange() : mNativeObject = 0 mUseImageHwRender = false
07-05 21:12:49.222 D/Surface (21890): onStatusChange() : mNativeObject = -195825408 mUseImageHwRender = false
07-05 21:12:49.222 V/Surface (21890): nativeSetHardwareRender() : status = 0
07-05 21:12:49.222 V/Surface (21890): nativeSetHardwareRender() : end
07-05 21:12:49.223 I/SurfaceView(21890): New surface: Surface(name=null)/@0x1e67a381, vis=true, frame=Rect(422, 205 - 1238, 665)
07-05 21:12:49.223 D/Surface (21890): onStatusChange() : mNativeObject = 0 mUseImageHwRender = false
07-05 21:12:49.223 D/Surface (21890): onStatusChange() : mNativeObject = -195825408 mUseImageHwRender = false
07-05 21:12:49.223 V/Surface (21890): nativeSetHardwareRender() : status = 0
07-05 21:12:49.223 V/Surface (21890): nativeSetHardwareRender() : end
07-05 21:12:49.225 V/SurfaceView(21890): Layout: x=422 y=205 w=816 h=460, frame=Rect(0, 0 - 816, 460)
07-05 21:12:49.229 I/MainHomeView(21890): onPanelSlide0.007633588---left153
07-05 21:12:49.230 I/CurrentCarouselView(21890): onCarouseControlCarouselControlBean{mShoudScroll=true, mActivityHasResume=false, mActivityHasStop=false, mHasTurnGone=false, mHasTurnVisible=false, mChannelId=-1, mSlideOffset=0.007633588, mShouldSelectCenter=false, mTabOpen=false, mHoriPosStatus=None, mVerPosStatus=None, mLevelStatus=None},isPlayingtrue,channelId=0
07-05 21:12:49.230 I/CurrentCarouselView(21890): is not the current page
07-05 21:12:49.230 I/CurrentCarouselView(21890): do scroll
07-05 21:12:49.230 D/Carousel-CarouselView(21890): smoothScroll.
07-05 21:12:49.230 D/Carousel-CarouselDisplayPlayerLayout(21890): isFullScreen:false
07-05 21:12:49.230 D/TabView (21890): onReceiveSlidingOffset ===>:0.007633588
07-05 21:12:49.236 D/Carousel-CarouselDisplayPlayerLayout(21890): x=381, y=167,w=892,h=536, hashCode=884691861
07-05 21:12:49.236 D/Carousel-CarouselDisplayPlayerLayout(21890): mX=384, mY=167,mWitdh=892,mHeight=536, hashCode=884691861
07-05 21:12:49.236 D/Carousel-CarouselDisplayPlayerLayout(21890): changed=true, hashCode=884691861
07-05 21:12:49.236 D/Carousel-Utils(21890): x=381,y=167, width=892,height=536
07-05 21:12:49.236 D/Carousel-CarouselDisplayPlayerLayout(21890): x=381, y=167,w=892,h=536, hashCode=884691861
07-05 21:12:49.236 D/Carousel-CarouselDisplayPlayerLayout(21890): mX=381, mY=167,mWitdh=892,mHeight=536, hashCode=884691861
07-05 21:12:49.236 D/Carousel-CarouselDisplayPlayerLayout(21890): changed=false, hashCode=884691861
07-05 21:12:49.236 D/Carousel-CarouselDisplayPlayerLayout(21890): extraTryCount=0
07-05 21:12:49.236 D/Carousel-CarouselDisplayPlayerLayout(21890): x=381, y=167,w=892,h=536, hashCode=884691861
07-05 21:12:49.236 D/Carousel-CarouselDisplayPlayerLayout(21890): mX=381, mY=167,mWitdh=892,mHeight=536, hashCode=884691861
07-05 21:12:49.236 D/Carousel-CarouselDisplayPlayerLayout(21890): changed=false, hashCode=884691861
07-05 21:12:49.236 D/Carousel-CarouselDisplayPlayerLayout(21890): extraTryCount=1
07-05 21:12:49.237 D/Carousel-CarouselDisplayPlayerLayout(21890): x=381, y=167,w=892,h=536, hashCode=884691861
07-05 21:12:49.237 D/Carousel-CarouselDisplayPlayerLayout(21890): mX=381, mY=167,mWitdh=892,mHeight=536, hashCode=884691861
07-05 21:12:49.237 D/Carousel-CarouselDisplayPlayerLayout(21890): changed=false, hashCode=884691861
07-05 21:12:49.237 D/Carousel-CarouselDisplayPlayerLayout(21890): extraTryCount=2
07-05 21:12:49.237 D/Carousel-CarouselDisplayPlayerLayout(21890): x=381, y=167,w=892,h=536, hashCode=884691861
07-05 21:12:49.237 D/Carousel-CarouselDisplayPlayerLayout(21890): mX=381, mY=167,mWitdh=892,mHeight=536, hashCode=884691861
07-05 21:12:49.237 D/Carousel-CarouselDisplayPlayerLayout(21890): changed=false, hashCode=884691861
07-05 21:12:49.237 D/Carousel-CarouselDisplayPlayerLayout(21890): extraTryCount=3
07-05 21:12:49.237 D/Carousel-CarouselDisplayPlayerLayout(21890): x=381, y=167,w=892,h=536, hashCode=884691861
07-05 21:12:49.237 D/Carousel-CarouselDisplayPlayerLayout(21890): mX=381, mY=167,mWitdh=892,mHeight=536, hashCode=884691861
07-05 21:12:49.237 D/Carousel-CarouselDisplayPlayerLayout(21890): changed=false, hashCode=884691861
07-05 21:12:49.237 D/Carousel-CarouselDisplayPlayerLayout(21890): extraTryCount=4
07-05 21:12:49.242 E/hwcomposer( 1204): Overlay 0 size changeed src {1920 1080} -> {1920, 1080} crop{0.000000 0.000000 1920.000000 1080.000000}->{0.000000 0.000000 1920.000000 1080.000000} dst{426 205 1242 665}->{422 205 1238 665}
07-05 21:12:49.250 I/Carousel-UrlVideoView(21890): onMeasure(MeasureSpec: EXACTLY 816, MeasureSpec: EXACTLY 460)
07-05 21:12:49.250 D/Carousel-UrlVideoView(21890): widthSpecMode=1073741824
07-05 21:12:49.250 D/Carousel-UrlVideoView(21890): heightSpecMode=1073741824
07-05 21:12:49.250 D/Carousel-UrlVideoView(21890): widthSpecSize=816
07-05 21:12:49.250 D/Carousel-UrlVideoView(21890): heightSpecSize=460
07-05 21:12:49.250 I/Carousel-UrlVideoView(21890): onMeasure(MeasureSpec: EXACTLY 816, MeasureSpec: EXACTLY 460)
07-05 21:12:49.250 D/Carousel-UrlVideoView(21890): widthSpecMode=1073741824
07-05 21:12:49.250 D/Carousel-UrlVideoView(21890): heightSpecMode=1073741824
07-05 21:12:49.250 D/Carousel-UrlVideoView(21890): widthSpecSize=816
07-05 21:12:49.250 D/Carousel-UrlVideoView(21890): heightSpecSize=460
07-05 21:12:49.250 I/SurfaceView(21890): Changes: creating=false format=false size=false visible=false left=true top=false
07-05 21:12:49.252 I/SurfaceView(21890): Cur surface: Surface(name=null)/@0x34ab9368
07-05 21:12:49.253 D/Surface ( 1733): onStatusChange() : mNativeObject = 547942774784 mUseImageHwRender = false
07-05 21:12:49.253 V/Surface ( 1733): nativeSetHardwareRender() : status = 0
07-05 21:12:49.253 V/Surface ( 1733): nativeSetHardwareRender() : end
07-05 21:12:49.258 D/PowerManagerService( 1733): setScreenBrightnessOverrideFromWindowManagerInternal done
07-05 21:12:49.263 D/Surface ( 1733): onStatusChange() : mNativeObject = 0 mUseImageHwRender = false
07-05 21:12:49.263 D/Surface (21890): onStatusChange() : mNativeObject = -543422208 mUseImageHwRender = false
07-05 21:12:49.263 V/Surface (21890): nativeSetHardwareRender() : status = 0
07-05 21:12:49.263 V/Surface (21890): nativeSetHardwareRender() : end
07-05 21:12:49.264 I/SurfaceView(21890): New surface: Surface(name=null)/@0x1e67a381, vis=true, frame=Rect(419, 205 - 1235, 665)
07-05 21:12:49.264 D/Surface (21890): onStatusChange() : mNativeObject = 0 mUseImageHwRender = false
07-05 21:12:49.264 D/Surface (21890): onStatusChange() : mNativeObject = -543422208 mUseImageHwRender = false
07-05 21:12:49.264 V/Surface (21890): nativeSetHardwareRender() : status = 0
07-05 21:12:49.264 V/Surface (21890): nativeSetHardwareRender() : end
07-05 21:12:49.265 V/SurfaceView(21890): Layout: x=419 y=205 w=816 h=460, frame=Rect(0, 0 - 816, 460)
07-05 21:12:49.267 I/MainHomeView(21890): onPanelSlide0.0---left152
07-05 21:12:49.268 I/CurrentCarouselView(21890): onCarouseControlCarouselControlBean{mShoudScroll=true, mActivityHasResume=false, mActivityHasStop=false, mHasTurnGone=false, mHasTurnVisible=false, mChannelId=-1, mSlideOffset=0.0, mShouldSelectCenter=false, mTabOpen=false, mHoriPosStatus=None, mVerPosStatus=None, mLevelStatus=None},isPlayingtrue,channelId=0
07-05 21:12:49.268 I/CurrentCarouselView(21890): is not the current page
07-05 21:12:49.268 I/CurrentCarouselView(21890): do scroll
07-05 21:12:49.268 D/Carousel-CarouselView(21890): smoothScroll.
07-05 21:12:49.268 D/Carousel-CarouselDisplayPlayerLayout(21890): isFullScreen:false
07-05 21:12:49.268 D/TabView (21890): onReceiveSlidingOffset ===>:0.0
07-05 21:12:49.273 D/Carousel-CarouselDisplayPlayerLayout(21890): x=380, y=167,w=892,h=536, hashCode=884691861
07-05 21:12:49.273 D/Carousel-CarouselDisplayPlayerLayout(21890): mX=381, mY=167,mWitdh=892,mHeight=536, hashCode=884691861
07-05 21:12:49.274 D/Carousel-CarouselDisplayPlayerLayout(21890): changed=true, hashCode=884691861
07-05 21:12:49.276 D/Carousel-Utils(21890): x=380,y=167, width=892,height=536
07-05 21:12:49.276 D/Carousel-CarouselDisplayPlayerLayout(21890): x=380, y=167,w=892,h=536, hashCode=884691861
07-05 21:12:49.276 D/Carousel-CarouselDisplayPlayerLayout(21890): mX=380, mY=167,mWitdh=892,mHeight=536, hashCode=884691861
07-05 21:12:49.276 D/Carousel-CarouselDisplayPlayerLayout(21890): changed=false, hashCode=884691861
07-05 21:12:49.276 D/Carousel-CarouselDisplayPlayerLayout(21890): extraTryCount=0
07-05 21:12:49.277 D/Carousel-CarouselDisplayPlayerLayout(21890): x=380, y=167,w=892,h=536, hashCode=884691861
07-05 21:12:49.278 D/Carousel-CarouselDisplayPlayerLayout(21890): mX=380, mY=167,mWitdh=892,mHeight=536, hashCode=884691861
07-05 21:12:49.278 D/Carousel-CarouselDisplayPlayerLayout(21890): changed=false, hashCode=884691861
07-05 21:12:49.278 D/Carousel-CarouselDisplayPlayerLayout(21890): extraTryCount=1
07-05 21:12:49.278 D/Carousel-CarouselDisplayPlayerLayout(21890): x=380, y=167,w=892,h=536, hashCode=884691861
07-05 21:12:49.278 D/Carousel-CarouselDisplayPlayerLayout(21890): mX=380, mY=167,mWitdh=892,mHeight=536, hashCode=884691861
07-05 21:12:49.278 D/Carousel-CarouselDisplayPlayerLayout(21890): changed=false, hashCode=884691861
07-05 21:12:49.278 D/Carousel-CarouselDisplayPlayerLayout(21890): extraTryCount=2
07-05 21:12:49.279 D/Carousel-CarouselDisplayPlayerLayout(21890): x=380, y=167,w=892,h=536, hashCode=884691861
07-05 21:12:49.279 D/Carousel-CarouselDisplayPlayerLayout(21890): mX=380, mY=167,mWitdh=892,mHeight=536, hashCode=884691861
07-05 21:12:49.279 D/Carousel-CarouselDisplayPlayerLayout(21890): changed=false, hashCode=884691861
07-05 21:12:49.279 D/Carousel-CarouselDisplayPlayerLayout(21890): extraTryCount=3
07-05 21:12:49.279 D/Carousel-CarouselDisplayPlayerLayout(21890): x=380, y=167,w=892,h=536, hashCode=884691861
07-05 21:12:49.279 D/Carousel-CarouselDisplayPlayerLayout(21890): mX=380, mY=167,mWitdh=892,mHeight=536, hashCode=884691861
07-05 21:12:49.279 D/Carousel-CarouselDisplayPlayerLayout(21890): changed=false, hashCode=884691861
07-05 21:12:49.279 D/Carousel-CarouselDisplayPlayerLayout(21890): extraTryCount=4
07-05 21:12:49.281 D/Carousel-CarouselDisplayPlayerLayout(21890): x=380, y=167,w=892,h=536, hashCode=884691861
07-05 21:12:49.281 D/Carousel-CarouselDisplayPlayerLayout(21890): mX=380, mY=167,mWitdh=892,mHeight=536, hashCode=884691861
07-05 21:12:49.281 D/Carousel-CarouselDisplayPlayerLayout(21890): changed=false, hashCode=884691861
07-05 21:12:49.281 D/Carousel-CarouselDisplayPlayerLayout(21890): extraTryCount=5
07-05 21:12:49.282 I/Carousel-UrlVideoView(21890): onMeasure(MeasureSpec: EXACTLY 816, MeasureSpec: EXACTLY 460)
07-05 21:12:49.282 D/Carousel-UrlVideoView(21890): widthSpecMode=1073741824
07-05 21:12:49.282 D/Carousel-UrlVideoView(21890): heightSpecMode=1073741824
07-05 21:12:49.282 D/Carousel-UrlVideoView(21890): widthSpecSize=816
07-05 21:12:49.282 D/Carousel-UrlVideoView(21890): heightSpecSize=460
07-05 21:12:49.282 I/Carousel-UrlVideoView(21890): onMeasure(MeasureSpec: EXACTLY 816, MeasureSpec: EXACTLY 460)
07-05 21:12:49.282 D/Carousel-UrlVideoView(21890): widthSpecMode=1073741824
07-05 21:12:49.282 D/Carousel-UrlVideoView(21890): heightSpecMode=1073741824
07-05 21:12:49.282 D/Carousel-UrlVideoView(21890): widthSpecSize=816
07-05 21:12:49.282 D/Carousel-UrlVideoView(21890): heightSpecSize=460
07-05 21:12:49.282 I/SurfaceView(21890): Changes: creating=false format=false size=false visible=false left=true top=false
07-05 21:12:49.282 I/SurfaceView(21890): Cur surface: Surface(name=null)/@0x34ab9368
07-05 21:12:49.283 D/Surface ( 1733): onStatusChange() : mNativeObject = 547942774784 mUseImageHwRender = false
07-05 21:12:49.283 V/Surface ( 1733): nativeSetHardwareRender() : status = 0
07-05 21:12:49.284 V/Surface ( 1733): nativeSetHardwareRender() : end
07-05 21:12:49.288 D/PowerManagerService( 1733): setScreenBrightnessOverrideFromWindowManagerInternal done
07-05 21:12:49.292 E/hwcomposer( 1204): Overlay 0 size changeed src {1920 1080} -> {1920, 1080} crop{0.000000 0.000000 1920.000000 1080.000000}->{0.000000 0.000000 1920.000000 1080.000000} dst{422 205 1238 665}->{419 205 1235 665}
07-05 21:12:49.296 D/Surface ( 1733): onStatusChange() : mNativeObject = 0 mUseImageHwRender = false
07-05 21:12:49.298 D/Surface (21890): onStatusChange() : mNativeObject = -195825408 mUseImageHwRender = false
07-05 21:12:49.298 V/Surface (21890): nativeSetHardwareRender() : status = 0
07-05 21:12:49.298 V/Surface (21890): nativeSetHardwareRender() : end
07-05 21:12:49.298 I/SurfaceView(21890): New surface: Surface(name=null)/@0x1e67a381, vis=true, frame=Rect(418, 205 - 1234, 665)
07-05 21:12:49.298 D/Surface (21890): onStatusChange() : mNativeObject = 0 mUseImageHwRender = false
07-05 21:12:49.299 D/Surface (21890): onStatusChange() : mNativeObject = -195825408 mUseImageHwRender = false
07-05 21:12:49.299 V/Surface (21890): nativeSetHardwareRender() : status = 0
07-05 21:12:49.299 V/Surface (21890): nativeSetHardwareRender() : end
07-05 21:12:49.300 V/SurfaceView(21890): Layout: x=418 y=205 w=816 h=460, frame=Rect(0, 0 - 816, 460)
07-05 21:12:49.302 I/HLSP2P  (16224): ## 2017-07-05 21:12:49.296 [16224,16378,:0] INFO ## [HLSP2P][TaskManager.cpp:838][INFO][UpdateGlobalInfo]totalDataSize: 0, totalMemorySize: 0, totalCacheSize: 0, PlayTaskAllFinish: 0
07-05 21:12:49.304 I/HLSP2P  (16224): ## 2017-07-05 21:12:49.301 [16224,16378,:0] INFO ## [HLSP2P][TaskManager.cpp:1348][INFO][TryAdjustMemorySize]system memory total size: 1912M, free size: 341MB, cache add to 100MB, AppState: 14, IsLowMemory: 0
07-05 21:12:49.309 E/hwcomposer( 1204): Overlay 0 size changeed src {1920 1080} -> {1920, 1080} crop{0.000000 0.000000 1920.000000 1080.000000}->{0.000000 0.000000 1920.000000 1080.000000} dst{419 205 1235 665}->{418 205 1234 665}
07-05 21:12:49.310 D/Carousel-CarouselDisplayPlayerLayout(21890): x=380, y=167,w=892,h=536, hashCode=884691861
07-05 21:12:49.310 D/Carousel-CarouselDisplayPlayerLayout(21890): mX=380, mY=167,mWitdh=892,mHeight=536, hashCode=884691861
07-05 21:12:49.310 D/Carousel-CarouselDisplayPlayerLayout(21890): changed=false, hashCode=884691861
07-05 21:12:49.310 D/Carousel-CarouselDisplayPlayerLayout(21890): extraTryCount=6
07-05 21:12:49.310 I/MainHomeView(21890): onPanelClosed---left152
07-05 21:12:49.314 D/Carousel-CarouselDisplayPlayerLayout(21890): x=380, y=167,w=892,h=536, hashCode=884691861
07-05 21:12:49.314 D/Carousel-CarouselDisplayPlayerLayout(21890): mX=380, mY=167,mWitdh=892,mHeight=536, hashCode=884691861
07-05 21:12:49.315 D/Carousel-CarouselDisplayPlayerLayout(21890): changed=false, hashCode=884691861
07-05 21:12:49.316 D/Carousel-CarouselDisplayPlayerLayout(21890): extraTryCount=7
07-05 21:12:49.316 D/Carousel-CarouselDisplayPlayerLayout(21890): x=380, y=167,w=892,h=536, hashCode=884691861
07-05 21:12:49.316 D/Carousel-CarouselDisplayPlayerLayout(21890): mX=380, mY=167,mWitdh=892,mHeight=536, hashCode=884691861
07-05 21:12:49.316 D/Carousel-CarouselDisplayPlayerLayout(21890): changed=false, hashCode=884691861
07-05 21:12:49.316 D/Carousel-CarouselDisplayPlayerLayout(21890): extraTryCount=8
07-05 21:12:49.316 D/Carousel-CarouselDisplayPlayerLayout(21890): x=380, y=167,w=892,h=536, hashCode=884691861
07-05 21:12:49.318 D/Carousel-CarouselDisplayPlayerLayout(21890): mX=380, mY=167,mWitdh=892,mHeight=536, hashCode=884691861
07-05 21:12:49.318 D/Carousel-CarouselDisplayPlayerLayout(21890): changed=false, hashCode=884691861
07-05 21:12:49.318 D/Carousel-CarouselDisplayPlayerLayout(21890): extraTryCount=9
07-05 21:12:49.319 D/Carousel-CarouselDisplayPlayerLayout(21890): x=380, y=167,w=892,h=536, hashCode=884691861
07-05 21:12:49.319 D/Carousel-CarouselDisplayPlayerLayout(21890): mX=380, mY=167,mWitdh=892,mHeight=536, hashCode=884691861
07-05 21:12:49.320 D/Carousel-CarouselDisplayPlayerLayout(21890): changed=false, hashCode=884691861
07-05 21:12:49.320 D/Carousel-CarouselDisplayPlayerLayout(21890): isFullScreen:false
07-05 21:12:49.321 D/Carousel-CarouselView(21890): ===========>mDisplayPlayerLayout.getVisibility()=4
07-05 21:12:49.321 D/Carousel-CarouselView(21890): ===========>onScrollEnd
07-05 21:12:49.324 D/Carousel-Utils(21890): x=380,y=167, width=892,height=536
07-05 21:12:49.325 D/Carousel-CarouselView(21890): isOutScreen:false
07-05 21:12:49.343 I/MyFragmentStateAdapter(21890): getCount
07-05 21:12:49.343 I/MyFragmentStateAdapter(21890): getCount
07-05 21:12:49.343 I/MyFragmentStateAdapter(21890): getCount
07-05 21:12:49.343 I/MyFragmentStateAdapter(21890): getCount
07-05 21:12:49.345 D/Surface ( 1733): onStatusChange() : mNativeObject = 547942767616 mUseImageHwRender = false
07-05 21:12:49.345 V/Surface ( 1733): nativeSetHardwareRender() : status = 0
07-05 21:12:49.345 V/Surface ( 1733): nativeSetHardwareRender() : end
07-05 21:12:49.346 D/PowerManagerService( 1733): acquireWakeLockInternal: lock=487931605, flags=0x2000000a, tag="WindowManager", ws=WorkSource{10010}, uid=1000, pid=1733
07-05 21:12:49.347 D/PowerManagerNotifier( 1733): onWakeLockAcquired: flags=536870922, tag="WindowManager", packageName=android, ownerUid=1000, ownerPid=1733, workSource=WorkSource{10010}
07-05 21:12:49.348 D/PowerManagerService( 1733): setScreenBrightnessOverrideFromWindowManagerInternal done
07-05 21:12:49.350 D/Surface ( 1733): onStatusChange() : mNativeObject = 0 mUseImageHwRender = false
07-05 21:12:49.351 I/FirstLineAdapter(21890): canShowTrailer,isOffline=false
07-05 21:12:49.352 I/FirstLineAdapter(21890): canShowTrailer,isOffline=false
07-05 21:12:49.352 I/FirstLineAdapter(21890): canShowTrailer,isOffline=false
07-05 21:12:49.352 I/FirstLineAdapter(21890): canShowTrailer,isOffline=false
07-05 21:12:49.352 I/FirstLineAdapter(21890): canShowTrailer,isOffline=false
07-05 21:12:49.352 I/FirstLineAdapter(21890): canShowTrailer,isOffline=false
07-05 21:12:49.352 I/FirstLineAdapter(21890): canShowTrailer,isOffline=false
07-05 21:12:49.352 I/FirstLineAdapter(21890): canShowTrailer,isOffline=false
07-05 21:12:49.352 I/FirstLineAdapter(21890): canShowTrailer,isOffline=false
07-05 21:12:49.354 I/NetflixMonitorService( 1733): current fgapk : com.hisense.hicloud.edca
07-05 21:12:49.354 I/NetflixMonitorService( 1733): Netflix status unchanged
07-05 21:12:49.359 I/MyFragmentStateAdapter(21890): getCount
07-05 21:12:49.375 D/hwcomposer( 1204): Overlay [0] do size change!
07-05 21:12:49.375 D/vsyncbridge( 1204): [0] handle_thread thread got msg 0x2, mState = 3
07-05 21:12:49.375 D/vsyncbridge( 1204): Overlay 0 Resize, mState = 0x3, 0, disp[418 205 816 460] osd[1920 1080]
07-05 21:12:49.375 D/vsyncbridge( 1204): [update_ds_table,  594] DispW:1632 DispH:920 
07-05 21:12:49.375 D/vsyncbridge( 1204): [update_ds_table,  598] Cap.x:1105 Cap.y:30 CapW:1920 CapH:1080 
07-05 21:12:49.375 D/vsyncbridge( 1204): [update_ds_table,  599] enInputSourceType:34 
07-05 21:12:49.375 D/vsyncbridge( 1204): [update_ds_table,  601] u16InputVTotal:2205  u16InputVFreq:240 
07-05 21:12:49.375 D/vsyncbridge( 1204): [update_ds_table,  603] bInterlace:0  u16DefaultHtotal:0 
07-05 21:12:49.375 D/vsyncbridge( 1204): [update_ds_table,  606] bPreHCusScaling:1  bPreVCusScaling:1 
07-05 21:12:49.375 D/vsyncbridge( 1204): [update_ds_table,  608] u16PreHCusScalingSrc:1920  u16PreHCusScalingDst:1920 
07-05 21:12:49.375 D/vsyncbridge( 1204): [update_ds_table,  610] u16PreVCusScalingSrc:1080  u16PreVCusScalingSrc:1080 
07-05 21:12:49.375 D/vsyncbridge( 1204): [update_ds_table,  613] bHCusScaling:0  bVCusScaling:0 
07-05 21:12:49.375 D/vsyncbridge( 1204): [update_ds_table,  615] u16HCusScalingSrc:1920  u16HCusScalingDst:1632 
07-05 21:12:49.375 D/vsyncbridge( 1204): [update_ds_table,  617] u16VCusScalingSrc:1080  u16VCusScalingDst:920 
07-05 21:12:49.375 D/vsyncbridge( 1204): vsync_bridge_CalAspectRatio type = 0
07-05 21:12:49.375 D/vsyncbridge( 1204): panel [3840 2160] osd [1920 1080] ratio [2.000000 2.000000]
07-05 21:12:49.375 D/vsyncbridge( 1204): apply ratio, x=836, y=410, width=1632, height=920
07-05 21:12:49.375 D/vsyncbridge( 1204): disp_old[836 410 2468 1330], disp_new[836 410 2468 1330], crop[0 0 1920 1080]
07-05 21:12:49.375 D/vsyncbridge( 1204): [update_ds_table,  798] SW DS !!! 
07-05 21:12:49.375 D/vsyncbridge( 1204): [update_ds_table,  800] stXC_SetWin_Info.stCapWin.width1920  stXC_SetWin_Info.stCapWin.height:1080
07-05 21:12:49.375 D/vsyncbridge( 1204): [update_ds_table,  802] stXC_SetWin_Info.stCropWin.width1920  stXC_SetWin_Info.stCropWin.height:1080
07-05 21:12:49.375 D/vsyncbridge( 1204): [update_ds_table,  803] MApi_XC_GetDynamicScalingStatus():1 
07-05 21:12:49.376 D/        ( 1204): Alert: cannot get frameCount from IOCTL, eWindow=0! Fall back to original frame mode
07-05 21:12:49.376 D/        ( 1204): MVOP is 1P mode
07-05 21:12:49.376 D/        ( 1204): [_MDrv_SC_check_2p_mode][9405]u16Width=3840,u16Height=2160,u32Vfreqx10=240
07-05 21:12:49.376 D/vsyncbridge( 1204): vsync_bridge_render_frame pts = 2458333, DS_Idx=0x1, overlayID=0
07-05 21:12:49.376 D/vsyncbridge( 1204):  W 3, R 2, Cur 3
07-05 21:12:49.376 D/vsyncbridge( 1204): vsync_bridge_CalAspectRatio type = 0
07-05 21:12:49.376 D/vsyncbridge( 1204): panel [3840 2160] osd [1920 1080] ratio [2.000000 2.000000]
07-05 21:12:49.376 D/vsyncbridge( 1204): apply ratio, x=836, y=410, width=1632, height=920
07-05 21:12:49.383 I/TVMW@HsTvSetting( 1234): Trace cmd, data = 0x1058
07-05 21:12:49.383 D/til@system( 2026): til_get_system_param option:100002F int:0, bool:0, ret:0
07-05 21:12:49.384 I/TVMW@HsTvSetting( 1234): Trace cmd, data = 0x101f
07-05 21:12:49.384 D/til@system( 2026): til_get_system_param option:100001D int:3, bool:3, ret:0
07-05 21:12:49.384 E/til     ( 2026): [til_get_current_input_source, 101] 
07-05 21:12:49.385 I/TVMW@HsTvSetting( 1234): Trace cmd, data = 0x7007
07-05 21:12:49.385 I/tilwrapper@sm( 2026): HS2TIL_SourceType *hs=0xd, *til=0x900
07-05 21:12:49.385 D/til     ( 2026): get current source 2304
07-05 21:12:49.385 D/SourceRemoteServiceHandler( 2026): getCurrentInputSource.from.til.result is 0, value is 2304
07-05 21:12:49.385 D/SourceRemoteServiceHandler( 2026): getInputSourceType source: 0x900, type=2304
07-05 21:12:49.385 D/til     ( 2026): ###### func:til_get_picture_param option:0x3000006 ######  
07-05 21:12:49.386 I/TVMW@HsTvSetting( 1234): Trace cmd, data = 0x1003
07-05 21:12:49.388 I/TVMW@HsTvSetting( 1234): Trace cmd, data = 0x8032
07-05 21:12:49.388 I/hstvos  ( 1216): [0m[1;33m[HSHAL][HS_VIDEO][HS_HAL_Video_SetOsdDetect_v2][2389]u16Threshold = 20
07-05 21:12:49.389 E/TVMW@videoctrl( 1234):  getOsd is 1
07-05 21:12:49.389 D/til@system( 2026): til_get_system_param option:1000027 int:1, bool:1, ret:0
07-05 21:12:49.389 D/til     ( 2026): ###### func:til_get_picture_param option:0x3000045 ######  
07-05 21:12:49.396 I/TVMW@HsTvSetting( 1234): Trace cmd, data = 0x300c
07-05 21:12:49.396 I/TVMW@HsTvSetting( 1234): Trace 3d, data = 0x300c
07-05 21:12:49.396 I/TVMW@3d ( 1234): Hs_debug3d_trace: func:get3dStatus, line:109
07-05 21:12:49.469 I/MiSysSrv( 1214): [37m[INFO] Change to Voltage: 117 mv (0x32)[m
07-05 21:12:49.570 I/MiSysSrv( 1214): [37m[INFO] Change to Voltage: 112 mv (0x2D)[m
07-05 21:12:49.616 I/TVMW@devctrl( 1234): wdt
07-05 21:12:49.672 I/MiSysSrv( 1214): [37m[INFO] Change to Voltage: 102 mv (0x23)[m
07-05 21:12:49.731 I/HLSP2P  (16183): ## 2017-07-05 21:12:49.730 [16183,16481,:0] INFO ## [HLSP2P][DownloadManager.cpp:35][INFO][TryExtendCacheSize]system memory total size : 1912M, free size : 339M, cache add to 30MB
07-05 21:12:49.850 I/MyFragmentStateAdapter(21890): getCount
07-05 21:12:49.897 I/TVMW@HsTvSetting( 1234): Trace cmd, data = 0x1058
07-05 21:12:49.897 D/til@system( 2026): til_get_system_param option:100002F int:0, bool:0, ret:0
07-05 21:12:49.898 I/TVMW@HsTvSetting( 1234): Trace cmd, data = 0x101f
07-05 21:12:49.899 D/til@system( 2026): til_get_system_param option:100001D int:3, bool:3, ret:0
07-05 21:12:49.900 E/til     ( 2026): [til_get_current_input_source, 101] 
07-05 21:12:49.900 I/TVMW@HsTvSetting( 1234): Trace cmd, data = 0x7007
07-05 21:12:49.900 I/tilwrapper@sm( 2026): HS2TIL_SourceType *hs=0xd, *til=0x900
07-05 21:12:49.900 D/til     ( 2026): get current source 2304
07-05 21:12:49.900 D/SourceRemoteServiceHandler( 2026): getCurrentInputSource.from.til.result is 0, value is 2304
07-05 21:12:49.900 D/SourceRemoteServiceHandler( 2026): getInputSourceType source: 0x900, type=2304
07-05 21:12:49.900 D/til     ( 2026): ###### func:til_get_picture_param option:0x3000006 ######  
07-05 21:12:49.901 I/TVMW@HsTvSetting( 1234): Trace cmd, data = 0x1003
07-05 21:12:49.902 I/TVMW@HsTvSetting( 1234): Trace cmd, data = 0x8032
07-05 21:12:49.912 I/hstvos  ( 1216): [0m[1;33m[HSHAL][HS_VIDEO][HS_HAL_Video_SetOsdDetect_v2][2389]u16Threshold = 20
07-05 21:12:49.914 E/TVMW@videoctrl( 1234):  getOsd is 1
07-05 21:12:49.914 D/til@system( 2026): til_get_system_param option:1000027 int:1, bool:1, ret:0
07-05 21:12:49.915 D/til     ( 2026): ###### func:til_get_picture_param option:0x3000045 ######  
07-05 21:12:49.915 I/TVMW@HsTvSetting( 1234): Trace cmd, data = 0x300c
07-05 21:12:49.915 I/TVMW@HsTvSetting( 1234): Trace 3d, data = 0x300c
07-05 21:12:49.915 I/TVMW@3d ( 1234): Hs_debug3d_trace: func:get3dStatus, line:109
07-05 21:12:49.972 I/MiSysSrv( 1214): [37m[INFO] Change to Voltage: 117 mv (0x32)[m
07-05 21:12:50.037 D/MSTAR_VDEC_DBG( 1206): Stream ID: 0, Rate : 23 (E:0,D:0,S:0,F:94) 
07-05 21:12:50.051 I/HLSP2P  (16183): ## 2017-07-05 21:12:50.051 [16183,16481,:0] INFO ## [HLSP2P][DownloadManager.cpp:35][INFO][SendHeartBeatMsg]send heartbeat to punch server ok
07-05 21:12:50.073 D/GlobalInputEventMonitoringService( 1733): interceptKeyBeforeQueueing(), event:22, mNeedMonitorKeyEvent:true, mWaitForKeyUpEvent:false
07-05 21:12:50.074 D/GlobalInputEventMonitoringService( 1733): processKeyEvent(), processKeyEvent event:22
07-05 21:12:50.074 D/WindowManager( 1733): interceptKeyTq keycode=22 interactive=true keyguardActive=false policyFlags=2b000000 isCancled= false
07-05 21:12:50.074 D/PowerManagerService( 1733): userActivityNoUpdateLocked: eventTime=9211644, event=1, flags=0x0, uid=1000
07-05 21:12:50.074 D/WindowManager( 1733): interceptKeyTi keyCode=22 down=true repeatCount=0 keyguardOn=false mHomePressed=false canceled=false
07-05 21:12:50.075 D/WindowManager( 1733): Hisense systemkey event: 22
07-05 21:12:50.075 D/HisenseGlobalKeyManager( 1733): handleGlobalKey() : Global event = KeyEvent { action=ACTION_DOWN, keyCode=KEYCODE_DPAD_RIGHT, scanCode=0, metaState=0, flags=0x0, repeatCount=0, eventTime=9211644, downTime=9211644, deviceId=-1, source=0x101 }
07-05 21:12:50.079 I/HLSP2P  (16183): ## 2017-07-05 21:12:50.079 [16183,16483,:0] INFO ## [HLSP2P][DownloadManager.cpp:35][INFO][OnHeartbeatRsp]punch heartbeat rsp ok
07-05 21:12:50.089 D/SogouIME( 2203): [onKeyDown] keycode = 22 model = VIDAA_TV
07-05 21:12:50.094 D/Carousel-CarouselDisplayPlayerLayout(21890): HasFocus:false,keyCode:22
07-05 21:12:50.094 D/Carousel-CarouselDisplayPlayerLayout(21890): isFullScreen:false
07-05 21:12:50.094 I/HomeMainActivity(21890): carousel handle key:false
07-05 21:12:50.094 I/MainHomeView(21890): dispatchKeyEvent ACTION_DOWN now 
07-05 21:12:50.094 I/HomeMainActivity(21890): onKeyDown is 22
07-05 21:12:50.095 I/FirstlineLayoutManager(21890): left=218,width=1738,scroll Distance=-846
07-05 21:12:50.104 D/Carousel-CarouselView(21890): ============>onFocusChange=true
07-05 21:12:50.104 D/Carousel-CarouselDisplayPlayerLayout(21890): isFullScreen:false
07-05 21:12:50.104 D/Carousel-CarouselView(21890): isFullScreen:false,hasFocus:true
07-05 21:12:50.104 D/Carousel-CarouselView(21890): ============>offset=-283
07-05 21:12:50.113 D/Carousel-CarouselDisplayPlayerLayout(21890): showPlayerWindowTip showable:true
07-05 21:12:50.123 D/GlobalInputEventMonitoringService( 1733): interceptKeyBeforeQueueing(), event:22, mNeedMonitorKeyEvent:true, mWaitForKeyUpEvent:false
07-05 21:12:50.124 D/GlobalInputEventMonitoringService( 1733): processKeyEvent(), processKeyEvent event:22
07-05 21:12:50.125 D/WindowManager( 1733): interceptKeyTq keycode=22 interactive=true keyguardActive=false policyFlags=2b000000 isCancled= false
07-05 21:12:50.126 D/WindowManager( 1733): interceptKeyTi keyCode=22 down=false repeatCount=0 keyguardOn=false mHomePressed=false canceled=false
07-05 21:12:50.126 D/WindowManager( 1733): Hisense systemkey event: 22
07-05 21:12:50.126 D/HisenseGlobalKeyManager( 1733): handleGlobalKey() : Global event = KeyEvent { action=ACTION_UP, keyCode=KEYCODE_DPAD_RIGHT, scanCode=0, metaState=0, flags=0x0, repeatCount=0, eventTime=9211644, downTime=9211644, deviceId=-1, source=0x101 }
07-05 21:12:50.142 D/Carousel-CarouselDisplayPlayerLayout(21890): HasFocus:true,keyCode:22
07-05 21:12:50.143 D/Carousel-CarouselDisplayPlayerLayout(21890): isFullScreen:false
07-05 21:12:50.143 D/Carousel-CarouselDisplayPlayerLayout(21890): isFullScreen:false
07-05 21:12:50.143 I/HomeMainActivity(21890): carousel handle key:false
07-05 21:12:50.180 V/InputMethodService( 2203): startInput(): editor=android.view.inputmethod.EditorInfo@17f04df9
07-05 21:12:50.180 V/InputMethodService( 2203): CALL: onFinishInput
07-05 21:12:50.182 E/SOGOUIME_JNI( 2203): reset
07-05 21:12:50.188 E/SOGOUIME_JNI( 2203): getCandidates
07-05 21:12:50.188 E/SOGOUIME_JNI( 2203): ime_get_uncommitted_length
07-05 21:12:50.190 E/SOGOUIME_JNI( 2203): getCandidates
07-05 21:12:50.190 D/SogouIME API( 2203): ==============num:32
07-05 21:12:50.190 E/SOGOUIME_JNI( 2203): ime_get_uncommitted_length
07-05 21:12:50.190 D/SogouIME( 2203): mFocusedComponent:30   isHkbEnable:false
07-05 21:12:50.190 E/SOGOUIME_JNI( 2203): ime_get_uncommitted_length
07-05 21:12:50.190 E/SOGOUIME_JNI( 2203): ime_get_committed_length
07-05 21:12:50.190 E/SOGOUIME_JNI( 2203): getComposingInfo
07-05 21:12:50.212 I/HLSP2P  ( 3457): ## 2017-07-05 21:12:50.212 [3457,3628,:0] INFO ## [HLSP2P][PunchHelper.cpp:286][INFO][SendHeartBeatMsg][PunchHelper] send heartbeat to punch server(111.161.53.222:8002) ok
07-05 21:12:50.190 E/SOGOUIME_JNI( 2203): getComposingInfo
07-05 21:12:50.220 E/SOGOUIME_JNI( 2203): getCorrectInfo
07-05 21:12:50.220 E/SOGOUIME_JNI( 2203): getComposingInfo
07-05 21:12:50.223 V/InputMethodService( 2203): CALL: onStartInput
07-05 21:12:50.223 E/SOGOUIME_JNI( 2203): invalidateCommitWordPinyinNative
07-05 21:12:50.230 D/SogouIME( 2203): =====configKeyboard=======:false     false
07-05 21:12:50.230 E/SOGOUIME_JNI( 2203): ime_set_hard_kb_enable
07-05 21:12:50.238 I/HLSP2P  ( 3457): ## 2017-07-05 21:12:50.222 [3457,3630,:0] INFO ## [HLSP2P][PunchHelper.cpp:431][INFO][OnHeartbeatRsp][PunchHelper] punch heartbeat rsp ok
07-05 21:12:50.269 I/MiSysSrv( 1214): [37m[INFO] Change to Voltage: 117 mv (0x32)[m
07-05 21:12:50.322 I/HLSP2P  (16224): ## 2017-07-05 21:12:50.322 [16224,16378,:0] INFO ## [HLSP2P][PunchHelper.cpp:289][INFO][SendHeartBeatMsg][PunchHelper] send heartbeat to punch server(124.160.168.204:8001) ok
07-05 21:12:50.344 D/CommonHeader(21890): app logo :refreshTimer: isRotatetrue
07-05 21:12:50.355 I/NetflixMonitorService( 1733): current fgapk : com.hisense.hicloud.edca
07-05 21:12:50.355 I/NetflixMonitorService( 1733): Netflix status unchanged
07-05 21:12:50.358 I/HLSP2P  (16224): ## 2017-07-05 21:12:50.357 [16224,16380,:0] INFO ## [HLSP2P][PunchHelper.cpp:434][INFO][OnHeartbeatRsp][PunchHelper] punch heartbeat rsp ok
07-05 21:12:50.370 I/MiSysSrv( 1214): [37m[INFO] Change to Voltage: 112 mv (0x2D)[m
07-05 21:12:50.419 I/TVMW@HsTvSetting( 1234): Trace cmd, data = 0x1058
07-05 21:12:50.422 D/til@system( 2026): til_get_system_param option:100002F int:0, bool:0, ret:0
07-05 21:12:50.422 I/TVMW@HsTvSetting( 1234): Trace cmd, data = 0x101f
07-05 21:12:50.423 D/til@system( 2026): til_get_system_param option:100001D int:3, bool:3, ret:0
07-05 21:12:50.423 E/til     ( 2026): [til_get_current_input_source, 101] 
07-05 21:12:50.423 I/TVMW@HsTvSetting( 1234): Trace cmd, data = 0x7007
07-05 21:12:50.425 I/tilwrapper@sm( 2026): HS2TIL_SourceType *hs=0xd, *til=0x900
07-05 21:12:50.425 D/til     ( 2026): get current source 2304
07-05 21:12:50.425 D/SourceRemoteServiceHandler( 2026): getCurrentInputSource.from.til.result is 0, value is 2304
07-05 21:12:50.425 D/SourceRemoteServiceHandler( 2026): getInputSourceType source: 0x900, type=2304
07-05 21:12:50.425 D/til     ( 2026): ###### func:til_get_picture_param option:0x3000006 ######  
07-05 21:12:50.426 I/TVMW@HsTvSetting( 1234): Trace cmd, data = 0x1003
07-05 21:12:50.426 I/TVMW@HsTvSetting( 1234): Trace cmd, data = 0x8032
07-05 21:12:50.427 I/hstvos  ( 1216): [0m[1;33m[HSHAL][HS_VIDEO][HS_HAL_Video_SetOsdDetect_v2][2389]u16Threshold = 20
07-05 21:12:50.434 E/TVMW@videoctrl( 1234):  getOsd is 1
07-05 21:12:50.434 D/til@system( 2026): til_get_system_param option:1000027 int:1, bool:1, ret:0
07-05 21:12:50.435 D/til     ( 2026): ###### func:til_get_picture_param option:0x3000045 ######  
07-05 21:12:50.435 I/TVMW@HsTvSetting( 1234): Trace cmd, data = 0x300c
07-05 21:12:50.435 I/TVMW@HsTvSetting( 1234): Trace 3d, data = 0x300c
07-05 21:12:50.435 I/TVMW@3d ( 1234): Hs_debug3d_trace: func:get3dStatus, line:109
07-05 21:12:50.470 I/MiSysSrv( 1214): [37m[INFO] Change to Voltage: 107 mv (0x28)[m
07-05 21:12:50.518 I/TVMW@devctrl( 1234): wdt
07-05 21:12:50.574 I/MiSysSrv( 1214): [37m[INFO] Change to Voltage: 107 mv (0x28)[m
07-05 21:12:50.633 I/TENCENT_AD_PingHandler( 3457): ## 2017-07-05 21:12:50.633 [3457,3457,:0] INFO ## [TENCENT_AD_PingHandler]handleMessage: 5
07-05 21:12:50.672 I/MiSysSrv( 1214): [37m[INFO] Change to Voltage: 107 mv (0x28)[m
07-05 21:12:50.760 I/MyFragmentStateAdapter(21890): getCount
07-05 21:12:50.770 I/MiSysSrv( 1214): [37m[INFO] Change to Voltage: 102 mv (0x23)[m
07-05 21:12:50.808 I/MyFragmentStateAdapter(21890): getCount
07-05 21:12:50.872 I/MyFragmentStateAdapter(21890): getCount
07-05 21:12:50.936 I/TVMW@HsTvSetting( 1234): Trace cmd, data = 0x1058
07-05 21:12:50.937 D/til@system( 2026): til_get_system_param option:100002F int:0, bool:0, ret:0
07-05 21:12:50.938 I/TVMW@HsTvSetting( 1234): Trace cmd, data = 0x101f
07-05 21:12:50.939 D/til@system( 2026): til_get_system_param option:100001D int:3, bool:3, ret:0
07-05 21:12:50.939 D/MC_MEMORY(16055): max: 256.261888 Mb, heap: 10.10797 Mb, allocated: 9.9543 Mb, free: 1.1253 Mb, native heap: 12.12276 Mb, native allocated: 8.8322 Mb, native free: 3.3954 Mb
07-05 21:12:50.940 E/til     ( 2026): [til_get_current_input_source, 101] 
07-05 21:12:50.945 I/MyFragmentStateAdapter(21890): getCount
07-05 21:12:50.948 I/TVMW@HsTvSetting( 1234): Trace cmd, data = 0x7007
07-05 21:12:50.952 I/tilwrapper@sm( 2026): HS2TIL_SourceType *hs=0xd, *til=0x900
07-05 21:12:50.952 D/til     ( 2026): get current source 2304
07-05 21:12:50.953 D/SourceRemoteServiceHandler( 2026): getCurrentInputSource.from.til.result is 0, value is 2304
07-05 21:12:50.954 D/SourceRemoteServiceHandler( 2026): getInputSourceType source: 0x900, type=2304
07-05 21:12:50.954 D/til     ( 2026): ###### func:til_get_picture_param option:0x3000006 ######  
07-05 21:12:50.956 I/TVMW@HsTvSetting( 1234): Trace cmd, data = 0x1003
07-05 21:12:50.961 I/TVMW@HsTvSetting( 1234): Trace cmd, data = 0x8032
07-05 21:12:50.961 I/hstvos  ( 1216): [0m[1;33m[HSHAL][HS_VIDEO][HS_HAL_Video_SetOsdDetect_v2][2389]u16Threshold = 20
07-05 21:12:50.962 E/TVMW@videoctrl( 1234):  getOsd is 1
07-05 21:12:50.964 D/til@system( 2026): til_get_system_param option:1000027 int:1, bool:1, ret:0
07-05 21:12:50.964 D/til     ( 2026): ###### func:til_get_picture_param option:0x3000045 ######  
07-05 21:12:50.964 I/TVMW@HsTvSetting( 1234): Trace cmd, data = 0x300c
07-05 21:12:50.965 I/TVMW@HsTvSetting( 1234): Trace 3d, data = 0x300c
07-05 21:12:50.965 I/TVMW@3d ( 1234): Hs_debug3d_trace: func:get3dStatus, line:109
07-05 21:12:50.971 I/MiSysSrv( 1214): [37m[INFO] Change to Voltage: 102 mv (0x23)[m
07-05 21:12:50.987 D/WebcastSDK-AllChannelsDataManager( 2282): 1===============getData all channels fetch.
07-05 21:12:50.991 W/ActivityManager( 1733): getTasks: caller 10002 is using old GET_TASKS but privileged; allowing
07-05 21:12:51.004 I/WebcastSDK-( 2282): isWebcastVisibleForUser(), topActivity = com.hisense.tvui.newhome.HomeMainActivity
07-05 21:12:51.021 I/WebcastSDK-AllChannelsDataManager( 2282): handleMessage(), update AllChannels data in [296000] ms.
07-05 21:12:51.033 I/MyFragmentStateAdapter(21890): getCount
07-05 21:12:51.066 D/MSTAR_VDEC_DBG( 1206): Stream ID: 0, Rate : 24 (E:0,D:0,S:0,F:119) 
07-05 21:12:51.070 I/MiSysSrv( 1214): [37m[INFO] Change to Voltage: 117 mv (0x32)[m
07-05 21:12:51.113 I/MyFragmentStateAdapter(21890): getCount
07-05 21:12:51.172 I/MyFragmentStateAdapter(21890): getCount
07-05 21:12:51.200 D/GlobalInputEventMonitoringService( 1733): interceptKeyBeforeQueueing(), event:20, mNeedMonitorKeyEvent:true, mWaitForKeyUpEvent:false
07-05 21:12:51.200 D/GlobalInputEventMonitoringService( 1733): processKeyEvent(), processKeyEvent event:20
07-05 21:12:51.200 D/WindowManager( 1733): interceptKeyTq keycode=20 interactive=true keyguardActive=false policyFlags=2b000000 isCancled= false
07-05 21:12:51.200 D/PowerManagerService( 1733): userActivityNoUpdateLocked: eventTime=9212770, event=1, flags=0x0, uid=1000
07-05 21:12:51.200 D/WindowManager( 1733): interceptKeyTi keyCode=20 down=true repeatCount=0 keyguardOn=false mHomePressed=false canceled=false
07-05 21:12:51.200 D/WindowManager( 1733): Hisense systemkey event: 20
07-05 21:12:51.201 D/HisenseGlobalKeyManager( 1733): handleGlobalKey() : Global event = KeyEvent { action=ACTION_DOWN, keyCode=KEYCODE_DPAD_DOWN, scanCode=0, metaState=0, flags=0x0, repeatCount=0, eventTime=9212770, downTime=9212770, deviceId=-1, source=0x101 }
07-05 21:12:51.209 D/SogouIME( 2203): [onKeyDown] keycode = 20 model = VIDAA_TV
07-05 21:12:51.213 D/Carousel-CarouselDisplayPlayerLayout(21890): HasFocus:true,keyCode:20
07-05 21:12:51.213 D/Carousel-CarouselDisplayPlayerLayout(21890): isFullScreen:false
07-05 21:12:51.213 D/Carousel-CarouselDisplayPlayerLayout(21890): isFullScreen:false
07-05 21:12:51.213 I/HomeMainActivity(21890): carousel handle key:false
07-05 21:12:51.213 I/MainHomeView(21890): dispatchKeyEvent ACTION_DOWN now 
07-05 21:12:51.213 D/Carousel-CarouselDisplayPicLayout(21890): keyCode=20
07-05 21:12:51.214 I/FirstLineAdapter(21890): onCarouselKeyDown: output=true,event=KeyEvent { action=ACTION_DOWN, keyCode=KEYCODE_DPAD_DOWN, scanCode=0, metaState=0, flags=0x0, repeatCount=0, eventTime=9212770, downTime=9212770, deviceId=-1, source=0x101 }
07-05 21:12:51.214 I/HomeMainActivity(21890): onKeyDown is 20
07-05 21:12:51.214 I/BaseContentFragment(21890): setRowViewSelectedViewHolder{fa156e8 position=1 id=-1, oldPos=-1, pLpos:-1},isSelectedfalse
07-05 21:12:51.214 I/BaseContentFragment(21890): setRowViewSelectedViewHolder{3e7a9126 position=2 id=-1, oldPos=-1, pLpos:-1},isSelectedtrue
07-05 21:12:51.217 I/RoleContentFragment(21890): onChildSelected:2,lastPos=1
07-05 21:12:51.221 I/CurrentCarouselView(21890): onCarouseControlCarouselControlBean{mShoudScroll=false, mActivityHasResume=false, mActivityHasStop=false, mHasTurnGone=false, mHasTurnVisible=false, mChannelId=0, mSlideOffset=0.0, mShouldSelectCenter=false, mTabOpen=false, mHoriPosStatus=None, mVerPosStatus=Out, mLevelStatus=None},isPlayingtrue,channelId=0
07-05 21:12:51.221 I/CurrentCarouselView(21890): is the current page
07-05 21:12:51.221 I/CurrentCarouselView(21890): stopPlay
07-05 21:12:51.223 D/Carousel-CarouselView(21890): ============>onFocusChange=false
07-05 21:12:51.223 D/Carousel-CarouselDisplayPlayerLayout(21890): isFullScreen:false
07-05 21:12:51.223 D/Carousel-CarouselView(21890): isFullScreen:false,hasFocus:false
07-05 21:12:51.223 D/Carousel-CarouselView(21890): ============>offset=-1402
07-05 21:12:51.224 D/Carousel-CarouselDisplayPlayerLayout(21890): showPlayerWindowTip showable:false
07-05 21:12:51.236 D/GlobalInputEventMonitoringService( 1733): interceptKeyBeforeQueueing(), event:20, mNeedMonitorKeyEvent:true, mWaitForKeyUpEvent:false
07-05 21:12:51.237 D/GlobalInputEventMonitoringService( 1733): processKeyEvent(), processKeyEvent event:20
07-05 21:12:51.237 D/WindowManager( 1733): interceptKeyTq keycode=20 interactive=true keyguardActive=false policyFlags=2b000000 isCancled= false
07-05 21:12:51.238 D/WindowManager( 1733): interceptKeyTi keyCode=20 down=false repeatCount=0 keyguardOn=false mHomePressed=false canceled=false
07-05 21:12:51.238 D/WindowManager( 1733): Hisense systemkey event: 20
07-05 21:12:51.238 D/HisenseGlobalKeyManager( 1733): handleGlobalKey() : Global event = KeyEvent { action=ACTION_UP, keyCode=KEYCODE_DPAD_DOWN, scanCode=0, metaState=0, flags=0x0, repeatCount=0, eventTime=9212770, downTime=9212770, deviceId=-1, source=0x101 }
07-05 21:12:51.242 I/ContentBridgeAdapterListener(21890): onAddPresenter 3
07-05 21:12:51.249 I/ContentBridgeAdapterListener(21890): onCreate ViewHolder{31fa8090 position=-1 id=-1, oldPos=-1, pLpos:-1 unbound no parent}
07-05 21:12:51.249 I/BaseContentFragment(21890): setUpSharedViewPoolViewHolder{31fa8090 position=-1 id=-1, oldPos=-1, pLpos:-1 unbound no parent}
07-05 21:12:51.250 I/BaseContentFragment(21890): share view pool
07-05 21:12:51.250 I/BaseContentFragment(21890): setRowViewSelectedViewHolder{31fa8090 position=-1 id=-1, oldPos=-1, pLpos:-1 unbound no parent},isSelectedfalse
07-05 21:12:51.251 I/head    (21890): item=com.hisense.tvui.newhome.presenter.TwoLineListRow@1a34cd89
07-05 21:12:51.252 I/ContentBridgeAdapterListener(21890): onBind 
07-05 21:12:51.252 I/ContentBridgeAdapterListener(21890): onAttachedToWindow ViewHolder{31fa8090 position=3 id=-1, oldPos=-1, pLpos:-1}
07-05 21:12:51.255 I/CardSelectionPresenter(21890): onCreateViewHoldercom.hisense.leanback.widget.HorizontalGridView{11718e VFE..... ......I. 0,0-0,0 #7f0d038e app:id/row_content}
07-05 21:12:51.263 I/CardSelectionPresenter(21890): onBindViewHolder
07-05 21:12:51.264 D/sloven  (21890): 1002---true
07-05 21:12:51.264 I/CardSelectionPresenter(21890): width=390,height=220
07-05 21:12:51.287 D/hailongqiu(21890): hailongqiu position:0
07-05 21:12:51.293 I/CardSelectionPresenter(21890): onCreateViewHoldercom.hisense.leanback.widget.HorizontalGridView{11718e VFE..... ......ID 0,0-1738,588 #7f0d038e app:id/row_content}
07-05 21:12:51.298 I/CardSelectionPresenter(21890): onBindViewHolder
07-05 21:12:51.298 D/sloven  (21890): 1002---true
07-05 21:12:51.298 I/CardSelectionPresenter(21890): width=390,height=220
07-05 21:12:51.302 I/CardSelectionPresenter(21890): onCreateViewHoldercom.hisense.leanback.widget.HorizontalGridView{11718e VFE..... ......ID 0,0-1738,588 #7f0d038e app:id/row_content}
07-05 21:12:51.311 I/CardSelectionPresenter(21890): onBindViewHolder
07-05 21:12:51.311 D/sloven  (21890): 1002---true
07-05 21:12:51.311 I/CardSelectionPresenter(21890): width=400,height=220
07-05 21:12:51.315 I/CardSelectionPresenter(21890): onCreateViewHoldercom.hisense.leanback.widget.HorizontalGridView{11718e VFE..... ......ID 0,0-1738,588 #7f0d038e app:id/row_content}
07-05 21:12:51.324 I/CardSelectionPresenter(21890): onBindViewHolder
07-05 21:12:51.324 D/sloven  (21890): 1002---true
07-05 21:12:51.324 I/CardSelectionPresenter(21890): width=400,height=220
07-05 21:12:51.328 D/DtvSourcePlugin-DVBC(15961): Setting the EPG Updater state to: WAIT
07-05 21:12:51.334 I/CardSelectionPresenter(21890): onCreateViewHoldercom.hisense.leanback.widget.HorizontalGridView{11718e VFE..... ......ID 0,0-1738,588 #7f0d038e app:id/row_content}
07-05 21:12:51.347 I/CardSelectionPresenter(21890): onBindViewHolder
07-05 21:12:51.347 D/sloven  (21890): 1002---true
07-05 21:12:51.347 I/CardSelectionPresenter(21890): width=400,height=220
