07-06 01:16:48.613 D/ConnectivityService( 1733): setProvNotificationVisibleIntent: E visible=false networkType=0 extraInfo=null
07-06 01:16:48.756 V/WindowManager( 1733): Adding window Window{32591362 u0 com.hisense.hicloud.edca/com.hisense.hicloud.edca.mediaplayer.activity.DetailPlayActivity} at 12 of 20 (after Window{392ebd11 u0 com.hisense.hicloud.edca/com.hisense.tvui.newhome.HomeMainActivity})
07-06 01:16:48.838 D/PowerManagerService( 1733): setScreenBrightnessOverrideFromWindowManagerInternal done
07-06 01:16:48.843 D/PowerManagerService( 1733): setScreenBrightnessOverrideFromWindowManagerInternal done
07-06 01:16:48.932 D/PowerManagerService( 1733): setScreenBrightnessOverrideFromWindowManagerInternal done
07-06 01:16:48.935 D/PowerManagerService( 1733): setScreenBrightnessOverrideFromWindowManagerInternal done
07-06 01:16:48.940 D/PowerManagerService( 1733): setScreenBrightnessOverrideFromWindowManagerInternal done
07-06 01:16:48.945 D/PowerManagerService( 1733): setScreenBrightnessOverrideFromWindowManagerInternal done
07-06 01:16:48.997 D/PowerManagerService( 1733): setScreenBrightnessOverrideFromWindowManagerInternal done
07-06 01:16:49.004 D/PowerManagerService( 1733): releaseWakeLockInternal: lock=681732318 [ActivityManager-Launch], flags=0x0
07-06 01:16:49.004 D/PowerManagerNotifier( 1733): onWakeLockReleased: flags=1, tag="ActivityManager-Launch", packageName=android, ownerUid=1000, ownerPid=1733, workSource=null
07-06 01:16:49.388 D/PowerManagerService( 1733): setScreenBrightnessOverrideFromWindowManagerInternal done
07-06 01:16:49.392 D/PowerManagerService( 1733): setScreenBrightnessOverrideFromWindowManagerInternal done
07-06 01:16:49.410 D/PowerManagerService( 1733): setScreenBrightnessOverrideFromWindowManagerInternal done
07-06 01:16:49.454 D/PowerManagerService( 1733): setScreenBrightnessOverrideFromWindowManagerInternal done
07-06 01:16:49.486 I/NetflixMonitorService( 1733): current fgapk : com.hisense.hicloud.edca
07-06 01:16:49.486 I/NetflixMonitorService( 1733): Netflix status unchanged
07-06 01:16:49.503 D/GlobalInputEventMonitoringService( 1733): interceptKeyBeforeQueueing(), event:111, mNeedMonitorKeyEvent:true, mWaitForKeyUpEvent:false
07-06 01:16:49.504 D/GlobalInputEventMonitoringService( 1733): processKeyEvent(), processKeyEvent event:111
07-06 01:16:49.504 D/PowerManagerService( 1733): userActivityNoUpdateLocked: eventTime=23851074, event=1, flags=0x0, uid=1000
07-06 01:16:49.536 D/WindowManager( 1733): Unhandled key: win=Window{32591362 u0 com.hisense.hicloud.edca/com.hisense.hicloud.edca.mediaplayer.activity.DetailPlayActivity}, action=0, flags=0, keyCode=111, scanCode=0, metaState=0, repeatCount=0, policyFlags=1795162112
07-06 01:16:49.537 D/WindowManager( 1733): Fallback: keyCode=4 metaState=0
07-06 01:16:49.537 D/WindowManager( 1733): Performing fallback: KeyEvent { action=ACTION_DOWN, keyCode=KEYCODE_BACK, scanCode=0, metaState=0, flags=0x400, repeatCount=0, eventTime=23851074, downTime=23851074, deviceId=-1, source=0x101 }
07-06 01:16:49.560 D/GlobalInputEventMonitoringService( 1733): interceptKeyBeforeQueueing(), event:111, mNeedMonitorKeyEvent:true, mWaitForKeyUpEvent:false
07-06 01:16:49.560 D/GlobalInputEventMonitoringService( 1733): processKeyEvent(), processKeyEvent event:111
07-06 01:16:49.569 D/WindowManager( 1733): Unhandled key: win=Window{32591362 u0 com.hisense.hicloud.edca/com.hisense.hicloud.edca.mediaplayer.activity.DetailPlayActivity}, action=1, flags=0, keyCode=111, scanCode=0, metaState=0, repeatCount=0, policyFlags=1795162112
07-06 01:16:49.569 D/WindowManager( 1733): Fallback: keyCode=4 metaState=0
07-06 01:16:49.569 D/WindowManager( 1733): Performing fallback: KeyEvent { action=ACTION_UP, keyCode=KEYCODE_BACK, scanCode=0, metaState=0, flags=0x400, repeatCount=0, eventTime=23851074, downTime=23851074, deviceId=-1, source=0x101 }
07-06 01:16:49.583 I/UsageStatsService( 1733): paused component:com.hisense.hicloud.edca
07-06 01:16:49.583 V/UsageStatsService( 1733): Paused: 23851155   Component: com.hisense.hicloud.edca/com.hisense.hicloud.edca.mediaplayer.activity.DetailPlayActivity   Time: 1499275009583 LastSessionTime: 1179 CumulativeSessionTime: 11197725
07-06 01:16:49.583 D/UsageStatsService( 1733): UsageStats: broadcasting intent
07-06 01:16:49.584 D/UsageStatsService( 1733): User[0] Got usage event for com.hisense.hicloud.edca[1499275009584]: MOVE_TO_BACKGROUND
07-06 01:16:49.584 W/ContextImpl( 1733): Calling a method in the system process without a qualified user: android.app.ContextImpl.sendBroadcast:1327 com.android.server.usage.UsageStatsService.insertUsageStats:1104 com.android.server.usage.UsageStatsService$PkgUsageStatsExtended.updatePause:979 com.android.server.usage.UsageStatsService$LocalService.notePauseComponent:808 com.android.server.am.ActivityManagerService.updateUsageStats:3173 
07-06 01:16:49.586 D/PowerManagerService( 1733): acquireWakeLockInternal: lock=681732318, flags=0x1, tag="ActivityManager-Launch", ws=null, uid=1000, pid=1733
07-06 01:16:49.586 D/PowerManagerNotifier( 1733): onWakeLockAcquired: flags=1, tag="ActivityManager-Launch", packageName=android, ownerUid=1000, ownerPid=1733, workSource=null
07-06 01:16:49.595 I/ActivityManager( 1733): TR16) TaskRecord{33e0f543 #5602 A=com.hisense.hicloud.edca U=0 sz=2}
07-06 01:16:49.595 I/ActivityManager( 1733): TR15) TaskRecord{1752978d #5601 A=com.jamdeo.launcher U=0 sz=1}
07-06 01:16:49.602 I/UsageStatsService( 1733): resumed component name is ComponentInfo{com.hisense.hicloud.edca/com.hisense.tvui.newhome.HomeMainActivity}
07-06 01:16:49.602 I/UsageStatsService( 1733): started component:com.hisense.hicloud.edca
07-06 01:16:49.602 D/UsageStatsService( 1733): User[0] Got usage event for com.hisense.hicloud.edca[1499275009602]: MOVE_TO_FOREGROUND
07-06 01:16:49.602 V/UsageStatsService( 1733): Resumed: 23851173   Component: com.hisense.hicloud.edca/com.hisense.tvui.newhome.HomeMainActivity   Time: 1499275009602 VersionCode: 652   LastUpdateTime: 1499256171569
07-06 01:16:49.602 D/UsageStatsService( 1733): UsageStats: broadcasting intent
07-06 01:16:49.604 W/ContextImpl( 1733): Calling a method in the system process without a qualified user: android.app.ContextImpl.sendBroadcast:1327 com.android.server.usage.UsageStatsService.insertUsageStats:1104 com.android.server.usage.UsageStatsService$PkgUsageStatsExtended.updateResume:962 com.android.server.usage.UsageStatsService$LocalService.noteResumeComponent:759 com.android.server.am.ActivityManagerService.updateUsageStats:3164 
07-06 01:16:49.612 D/PowerManagerService( 1733): setScreenBrightnessOverrideFromWindowManagerInternal done
07-06 01:16:49.668 D/PowerManagerService( 1733): setScreenBrightnessOverrideFromWindowManagerInternal done
07-06 01:16:49.702 D/PowerManagerService( 1733): setScreenBrightnessOverrideFromWindowManagerInternal done
07-06 01:16:49.727 D/PowerManagerService( 1733): setScreenBrightnessOverrideFromWindowManagerInternal done
07-06 01:16:49.731 D/PowerManagerService( 1733): setScreenBrightnessOverrideFromWindowManagerInternal done
07-06 01:16:49.751 D/PowerManagerService( 1733): setScreenBrightnessOverrideFromWindowManagerInternal done
07-06 01:16:49.817 D/PowerManagerService( 1733): setScreenBrightnessOverrideFromWindowManagerInternal done
07-06 01:16:49.820 D/PowerManagerService( 1733): setScreenBrightnessOverrideFromWindowManagerInternal done
07-06 01:16:49.824 D/PowerManagerService( 1733): setScreenBrightnessOverrideFromWindowManagerInternal done
07-06 01:16:50.271 D/PowerManagerService( 1733): setScreenBrightnessOverrideFromWindowManagerInternal done
07-06 01:16:50.273 D/PowerManagerService( 1733): setScreenBrightnessOverrideFromWindowManagerInternal done
07-06 01:16:50.289 D/PowerManagerService( 1733): setScreenBrightnessOverrideFromWindowManagerInternal done
07-06 01:16:50.487 I/NetflixMonitorService( 1733): current fgapk : com.hisense.hicloud.edca
07-06 01:16:50.487 I/NetflixMonitorService( 1733): Netflix status unchanged
07-06 01:16:50.512 D/PowerManagerService( 1733): setScreenBrightnessOverrideFromWindowManagerInternal done
07-06 01:16:50.538 D/PowerManagerService( 1733): setScreenBrightnessOverrideFromWindowManagerInternal done
07-06 01:16:50.565 D/PowerManagerService( 1733): setScreenBrightnessOverrideFromWindowManagerInternal done
07-06 01:16:50.584 D/PowerManagerService( 1733): releaseWakeLockInternal: lock=681732318 [ActivityManager-Launch], flags=0x0
07-06 01:16:50.584 D/PowerManagerNotifier( 1733): onWakeLockReleased: flags=1, tag="ActivityManager-Launch", packageName=android, ownerUid=1000, ownerPid=1733, workSource=null
07-06 01:16:50.593 I/NotificationService( 1733): cancelToast pkg=com.hisense.hicloud.edca callback=android.app.ITransientNotification$Stub$Proxy@1343b45e
07-06 01:16:50.593 W/NotificationService( 1733): Toast already cancelled. pkg=com.hisense.hicloud.edca callback=android.app.ITransientNotification$Stub$Proxy@1343b45e
07-06 01:16:50.638 D/PowerManagerService( 1733): setScreenBrightnessOverrideFromWindowManagerInternal done
07-06 01:16:50.793 D/PowerManagerService( 1733): releaseWakeLockInternal: lock=867114243 [AudioMix], flags=0x0
07-06 01:16:50.793 D/PowerManagerNotifier( 1733): onWakeLockReleased: flags=1, tag="AudioMix", packageName=media, ownerUid=1013, ownerPid=0, workSource=null
07-06 01:16:51.488 I/NetflixMonitorService( 1733): current fgapk : com.hisense.hicloud.edca
07-06 01:16:51.488 I/NetflixMonitorService( 1733): Netflix status unchanged
07-06 01:16:52.488 I/NetflixMonitorService( 1733): current fgapk : com.hisense.hicloud.edca
07-06 01:16:52.488 I/NetflixMonitorService( 1733): Netflix status unchanged
07-06 01:16:53.489 I/NetflixMonitorService( 1733): current fgapk : com.hisense.hicloud.edca
07-06 01:16:53.489 I/NetflixMonitorService( 1733): Netflix status unchanged
07-06 01:16:54.490 I/NetflixMonitorService( 1733): current fgapk : com.hisense.hicloud.edca
07-06 01:16:54.490 I/NetflixMonitorService( 1733): Netflix status unchanged
07-06 01:16:55.490 I/NetflixMonitorService( 1733): current fgapk : com.hisense.hicloud.edca
07-06 01:16:55.490 I/NetflixMonitorService( 1733): Netflix status unchanged
07-06 01:17:28.042 D/UsageStatsService( 1733): User[0] Got usage event for com.jamdeo.launcher[1499275048039]: MOVE_TO_BACKGROUND
--------- beginning of main
07-06 01:17:34.009 D/HttpHandler(27650): RAMCache-->hostInfo.getClientTimeStamp()=23893337
07-06 01:17:34.009 D/HttpHandler(27650): RAMCache-->hostInfo.getTtl()=3600
07-06 01:17:34.009 D/HttpHandler(27650): RAMCache-->SystemClock.elapsedRealtime()=23895581
07-06 01:17:34.012 D/HttpHandler(27650): DNSHelper-->gslbDns=["123.103.91.123"]
07-06 01:17:34.013 D/HttpHandler(27650): DNSHelper-->httpDnsParser=["123.128.14.209","153.35.175.121","220.202.77.124","153.35.175.120","125.46.22.134","36.33.158.222","218.58.206.58"]
07-06 01:17:34.013 I/RoleContentFragment(27650): real get recommand data
07-06 01:17:34.013 I/RoleContentFragment(27650): setBackGround ,isVisible=true,hasload=true
07-06 01:17:34.013 I/Util    (27650): memory : total=1912,limit=1024
07-06 01:17:34.013 I/BaseContentFragment(27650): hideLoadingView
07-06 01:17:34.014 I/RoleContentFragment(27650): getServiceData: 0
07-06 01:17:34.023 V/InputMethodService( 2203): startInput(): editor=android.view.inputmethod.EditorInfo@36ab0aa4
07-06 01:17:34.023 V/InputMethodService( 2203): CALL: onFinishInput
07-06 01:17:34.025 E/SOGOUIME_JNI( 2203): reset
07-06 01:17:34.025 E/SOGOUIME_JNI( 2203): getCandidates
07-06 01:17:34.025 E/SOGOUIME_JNI( 2203): ime_get_uncommitted_length
07-06 01:17:34.025 E/SOGOUIME_JNI( 2203): getCandidates
07-06 01:17:34.025 D/SogouIME API( 2203): ==============num:32
07-06 01:17:34.025 E/SOGOUIME_JNI( 2203): ime_get_uncommitted_length
07-06 01:17:34.025 D/SogouIME( 2203): mFocusedComponent:30   isHkbEnable:false
07-06 01:17:34.025 E/SOGOUIME_JNI( 2203): ime_get_uncommitted_length
07-06 01:17:34.025 E/SOGOUIME_JNI( 2203): ime_get_committed_length
07-06 01:17:34.026 E/SOGOUIME_JNI( 2203): getComposingInfo
07-06 01:17:34.026 E/SOGOUIME_JNI( 2203): getComposingInfo
07-06 01:17:34.026 E/SOGOUIME_JNI( 2203): getCorrectInfo
07-06 01:17:34.026 E/SOGOUIME_JNI( 2203): getComposingInfo
07-06 01:17:34.026 V/InputMethodService( 2203): CALL: onStartInput
07-06 01:17:34.026 E/SOGOUIME_JNI( 2203): invalidateCommitWordPinyinNative
07-06 01:17:34.026 D/SogouIME( 2203): =====configKeyboard=======:false     false
07-06 01:17:34.026 E/SOGOUIME_JNI( 2203): ime_set_hard_kb_enable
07-06 01:17:34.028 D/OkHttp  (27650): --> GET http://picture.edu.hismarttv.com/images/20170628111836879100.png http/1.1
07-06 01:17:34.028 D/OkHttp  (27650): Host: picture.edu.hismarttv.com
07-06 01:17:34.028 D/OkHttp  (27650): Connection: Keep-Alive
07-06 01:17:34.028 D/OkHttp  (27650): Accept-Encoding: gzip
07-06 01:17:34.028 D/OkHttp  (27650): User-Agent: okhttp/3.6.0
07-06 01:17:34.028 D/OkHttp  (27650): --> END GET
07-06 01:17:34.031 D/TabView (27650): 
07-06 01:17:34.028 D/OkHttp  (27650): <-- 200 OK http://118.178.149.42/d?device_id=86100300900000500000060a4818fca8&host=b5d1d96093f9d07d386917b5d3b91cdcb031311b90271792b45951b69dc9c054dc862a7c9178ba82684e325a98b554b4&last= (58ms)
07-06 01:17:34.033 D/OkHttp  (27650): Server: openresty
07-06 01:17:34.033 D/OkHttp  (27650): Date: Wed, 05 Jul 2017 17:17:33 GMT
07-06 01:17:34.033 D/OkHttp  (27650): Content-Type: application/octet-stream
07-06 01:17:34.033 D/OkHttp  (27650): Transfer-Encoding: chunked
07-06 01:17:34.033 D/OkHttp  (27650): Connection: close
07-06 01:17:34.033 D/OkHttp  (27650): <-- END HTTP
07-06 01:17:34.034 D/TabView (27650): 
07-06 01:17:34.035 D/TabView (27650): 
07-06 01:17:34.037 D/TabView (27650): 
07-06 01:17:34.042 D/OkHttp  (27650): --> GET http://api.edu.hismarttv.com/usercenter/api/individualize_data?devid=86100300900000500000060a4818fca8&customerId=7195320&subscriberId=13287129&ChannelId=0&tags=&version_id=6&region_name=%E6%9D%AD%E5%B7%9E&uuid=13287129&mac=a8:a6:48:18:fc:a8&model_id=0&APPPackage=com.hisense.hicloud.edca&PFAPPCode=652&APPVersionName=3.0.0.9.00&softwareVersion=LED50MU8600UC0000888&tv_distribute_id=00&devType=0&APIVersion=600&accessToken=72DF6038D2AEAB8A76DFBBBBCC428A4A_000482962310179 http/1.1
07-06 01:17:34.042 D/OkHttp  (27650): Data_Type: JSON
07-06 01:17:34.042 D/OkHttp  (27650): RetryTime: 0
07-06 01:17:34.042 D/OkHttp  (27650): Backoffmutiplier: 0
07-06 01:17:34.042 D/OkHttp  (27650): Host: api.edu.hismarttv.com
07-06 01:17:34.042 D/OkHttp  (27650): Connection: Keep-Alive
07-06 01:17:34.042 D/OkHttp  (27650): Accept-Encoding: gzip
07-06 01:17:34.042 D/OkHttp  (27650): User-Agent: okhttp/3.6.0
07-06 01:17:34.042 D/OkHttp  (27650): --> END GET
07-06 01:17:34.044 D/TabView (27650): 
07-06 01:17:34.046 D/TabView (27650): 
07-06 01:17:34.047 D/TabView (27650): 
07-06 01:17:34.048 D/OkHttp  (27650): <-- 200 OK http://picture.edu.hismarttv.com/images/20170628111836879100.png (19ms)
07-06 01:17:34.048 D/OkHttp  (27650): Date: Mon, 03 Jul 2017 10:50:26 GMT
07-06 01:17:34.048 D/OkHttp  (27650): Server: nginx
07-06 01:17:34.048 D/OkHttp  (27650): Content-Type: image/png
07-06 01:17:34.048 D/OkHttp  (27650): Content-Length: 2420
07-06 01:17:34.048 D/OkHttp  (27650): Last-Modified: Wed, 28 Jun 2017 11:18:36 GMT
07-06 01:17:34.048 D/OkHttp  (27650): ETag: "5953908c-974"
07-06 01:17:34.048 D/OkHttp  (27650): Accept-Ranges: bytes
07-06 01:17:34.048 D/OkHttp  (27650): Age: 196027
07-06 01:17:34.048 D/OkHttp  (27650): Via: 1.1 hewangtong168:6 (Cdn Cache Server V2.0)[0 200 0], 1.1 anwangtong96:0 (Cdn Cache Server V2.0)[0 200 0]
07-06 01:17:34.048 D/OkHttp  (27650): Connection: keep-alive
07-06 01:17:34.048 D/OkHttp  (27650): <-- END HTTP
07-06 01:17:34.050 D/TabView (27650): 
07-06 01:17:34.064 D/TabView (27650): 
07-06 01:17:34.066 D/TabView (27650): 
07-06 01:17:34.069 D/TabView (27650): 
07-06 01:17:34.073 D/NativeDecimalFormat(27650): NativeDecimalFormat_close print addr=3997589760
07-06 01:17:34.073 D/NativeDecimalFormat(27650): NativeDecimalFormat_close print g_addr=3997590528
07-06 01:17:34.073 D/NativeDecimalFormat(27650): NativeDecimalFormat_close print addr=3997590528
07-06 01:17:34.073 D/NativeDecimalFormat(27650): NativeDecimalFormat_close print g_addr=3997590528
07-06 01:17:34.073 I/art     (27650): Background partial concurrent mark sweep GC freed 44066(2MB) AllocSpace objects, 3(1373KB) LOS objects, 14% free, 24MB/28MB, paused 5.874ms total 84.975ms
07-06 01:17:34.076 D/TabView (27650): 
07-06 01:17:34.078 D/TabView (27650): 
07-06 01:17:34.079 D/HttpHandler(27650): RetryIntercepter-->retryNum=0
07-06 01:17:34.079 D/HttpHandler(27650): RetryIntercepter-->backoffmutiplier=0
07-06 01:17:34.080 D/TabView (27650): 
07-06 01:17:34.084 D/HttpHandler(27650): DNSRetryIntercepter-->checkData=dbbf03a0e59a5c14094df6af108b323c85fd1033613e2b590001d226b064810fd3a50c8b4f3f265026c64ec402d5ae2da29e179fa7d22eb2011a250e1b435da3e20b4b903c9865f3cdfac087c3262aefc8e691b3c9c89fcc8e6b3ae1acc0da05d325f985ca6c0b0efb5f2db6e3a4ee6e90f963eb54d8bd4b5e20f4cbceb50eb631c06d95bcbc3e55f14c96a96fc98188fb622e92c725dc0fcff98bfaa9b3336244401c898fb4cf4fb9b2a2e441886cbbdf1efb11dc62ab31c55b6d3b8d2fb2dda8542cca6eb61ff352bf94080706c2b32023b74c549b83716bc81490b82bb11210ed1abc806281e0ca90bc5bb7f9ed9c84589e0e2a1cab7bfe2e633afab37affceb9b70dc9305311d2905ba6f9ecd6f452da1bbb68eaacd9c548824dba82e1e23ea9c2dd4f9c92b72b0d2c226468713f
07-06 01:17:34.084 D/OkHttp  (27650): <-- 200 OK http://118.178.149.42/d?device_id=86100300900000500000060a4818fca8&host=b5d1d96093f9d07d386917b5d3b91cdcb031311b90271792b45951b69dc9c054dc862a7c9178ba82684e325a98b554b4&last= (160ms)
07-06 01:17:34.084 D/OkHttp  (27650): Server: openresty
07-06 01:17:34.084 D/OkHttp  (27650): Date: Wed, 05 Jul 2017 17:17:33 GMT
07-06 01:17:34.084 D/OkHttp  (27650): Content-Type: application/octet-stream
07-06 01:17:34.084 D/OkHttp  (27650): Transfer-Encoding: chunked
07-06 01:17:34.084 D/OkHttp  (27650): Connection: close
07-06 01:17:34.084 D/OkHttp  (27650): <-- END HTTP
07-06 01:17:34.087 D/HttpHandler(27650): DNSRetryIntercepter-->checkData=dbbf03a0e59a5c14094df6af108b323c85fd1033613e2b590001d226b064810fd3a50c8b4f3f265026c64ec402d5ae2da29e179fa7d22eb2011a250e1b435da3e20b4b903c9865f3cdfac087c3262aefc8e691b3c9c89fcc8e6b3ae1acc0da05d325f985ca6c0b0efb5f2db6e3a4ee6e90f963eb54d8bd4b5e20f4cbceb50eb631c06d95bcbc3e55f14c96a96fc9818841606bd94bcbaa94b1bbcdfc85cb1192866143280cc7d0e1028822aee8f76dad07fd62eed91986c4c34a6f3eaefff7dd16d37a90aae206307a937ea7bbfcdcb8255d0568f68fccebc7ddb9830b4ce1fd0bb8660ce4384a316e03ee77ddb6692d8453350c6d11a982817381de3762d4fe7746ab4f0d99248805cba6d62b79fcf976d05cbb41c2eaf599c4b04851cd1df3c536998cf62d621984439d09fe8c8d2c
07-06 01:17:34.090 D/TabView (27650): 
07-06 01:17:34.092 D/OkHttp  (27650): <-- 200 OK http://api.edu.hismarttv.com/usercenter/api/individualize_data?devid=86100300900000500000060a4818fca8&customerId=7195320&subscriberId=13287129&ChannelId=0&tags=&version_id=6&region_name=%E6%9D%AD%E5%B7%9E&uuid=13287129&mac=a8:a6:48:18:fc:a8&model_id=0&APPPackage=com.hisense.hicloud.edca&PFAPPCode=652&APPVersionName=3.0.0.9.00&softwareVersion=LED50MU8600UC0000888&tv_distribute_id=00&devType=0&APIVersion=600&accessToken=72DF6038D2AEAB8A76DFBBBBCC428A4A_000482962310179 (49ms)
07-06 01:17:34.092 D/OkHttp  (27650): Server: nginx
07-06 01:17:34.092 D/OkHttp  (27650): Date: Wed, 05 Jul 2017 17:17:33 GMT
07-06 01:17:34.092 D/OkHttp  (27650): Content-Type: application/json
07-06 01:17:34.092 D/OkHttp  (27650): Content-Length: 17184
07-06 01:17:34.092 D/OkHttp  (27650): Connection: close
07-06 01:17:34.092 D/OkHttp  (27650): <-- END HTTP
07-06 01:17:34.092 D/TabView (27650): 
07-06 01:17:34.093 D/HttpHandler(27650): DNSHelper-->gslbDnsresult={"timestamp":1499275053,"msg":"","data":{"lbgs.hismarttv.com":{"ips":["118.178.149.42","139.217.11.211"],"ttl":3600},"picture.edu.hismarttv.com":{"ips":["153.35.175.120","125.46.22.134","36.33.158.222","218.58.206.58","123.128.14.209","153.35.175.121","220.202.77.124"],"ttl":300}},"retCode":"0"}
07-06 01:17:34.094 D/HttpHandler(27650): RetryIntercepter-->retryNum=0
07-06 01:17:34.094 I/MyFragmentStateAdapter(27650): getCount
07-06 01:17:34.094 D/HttpHandler(27650): RetryIntercepter-->backoffmutiplier=0
07-06 01:17:34.094 I/MyFragmentStateAdapter(27650): getCount
07-06 01:17:34.094 D/TabView (27650): 
07-06 01:17:34.096 D/TabView (27650): 
07-06 01:17:34.097 I/System.out(27650):  remove duplicate [118.178.149.42, 139.217.11.211]
07-06 01:17:34.100 D/TabView (27650): 
07-06 01:17:34.101 D/TabView (27650): 
07-06 01:17:34.105 D/TabView (27650): 
07-06 01:17:34.105 D/HttpHandler(27650): DNSHelper-->gslbDnsresult={"timestamp":1499275053,"msg":"","data":{"lbgs.hismarttv.com":{"ips":["118.178.149.42","139.217.11.211"],"ttl":3600},"picture.edu.hismarttv.com":{"ips":["125.46.22.134","36.33.158.222","218.58.206.58","123.128.14.209","153.35.175.121","220.202.77.124","153.35.175.120"],"ttl":300}},"retCode":"0"}
07-06 01:17:34.105 I/System.out(27650):  remove duplicate [118.178.149.42, 139.217.11.211]
07-06 01:17:34.107 D/TabView (27650): 
07-06 01:17:34.109 D/TabView (27650): 
07-06 01:17:34.112 D/HttpHandler(27650): DNSHelper-->httpDnsParser=["125.46.22.134","36.33.158.222","218.58.206.58","123.128.14.209","153.35.175.121","220.202.77.124","153.35.175.120"]
07-06 01:17:34.115 D/HttpHandler(27650): DNSHelper-->httpDnsParser=["153.35.175.120","125.46.22.134","36.33.158.222","218.58.206.58","123.128.14.209","153.35.175.121","220.202.77.124"]
07-06 01:17:34.116 D/TabView (27650): 
07-06 01:17:34.119 D/TabView (27650): 
07-06 01:17:34.121 D/TabView (27650): 
07-06 01:17:34.122 D/OkHttp  (27650): <-- 200 OK http://118.178.149.42/d?device_id=86100300900000500000060a4818fca8&host=b5d1d96093f9d07d386917b5d3b91cdcb031311b90271792b45951b69dc9c054dc862a7c9178ba82684e325a98b554b4&last= (186ms)
07-06 01:17:34.122 D/OkHttp  (27650): Server: openresty
07-06 01:17:34.122 D/OkHttp  (27650): Date: Wed, 05 Jul 2017 17:17:33 GMT
07-06 01:17:34.122 D/OkHttp  (27650): Content-Type: application/octet-stream
07-06 01:17:34.122 D/OkHttp  (27650): Transfer-Encoding: chunked
07-06 01:17:34.122 D/OkHttp  (27650): Connection: close
07-06 01:17:34.122 D/OkHttp  (27650): <-- END HTTP
07-06 01:17:34.124 D/TabView (27650): 
07-06 01:17:34.124 D/MyLocalStartService( 5648): currentName is :com.hisense.hicloud.edca
07-06 01:17:34.127 D/HttpHandler(27650): VerifySignInterCeptor-->dateType=1
07-06 01:17:34.127 D/HttpHandler(27650): VerifySignInterCeptor-->HttpRequestManager.httpClietOption.getVerifyFlag()=1
07-06 01:17:34.132 D/TabView (27650): 
07-06 01:17:34.139 D/HttpHandler(27650): VerifySignInterCeptor-->content={"masterViews": [{"navigationId": 10002, "tiles": [{"index": 1, "facets": [{"index": 1, "typeCode": 1002, "grade": null, "title": "\u90d1\u591a\u71d5BodyBall Slim\u5927\u7403\u64cd", "backgroundImages": [{"url": "http://picture.edu.hismarttv.com/images/20161212024038700821.jpg", "mobile_image_icon_url": "http://picture.edu.hismarttv.com/images/20161102023035587534.jpg", "url_horizontal": "http://picture.edu.hismarttv.com/images/20170629033643181276.jpg"}], "id": "38036"}], "width_horizontal": null, "width": null}, {"index": 1, "facets": [{"index": 1, "typeCode": 1002, "grade": null, "title": "\u90d1\u591a\u71d5BodyBall ABS\u6709\u6c27\u64cd", "backgroundImages": [{"url": "http://picture.edu.hismarttv.com/images/20161212022722337765.jpg", "mobile_image_icon_url": "http://picture.edu.hismarttv.com/images/20161102033100773911.jpg", "url_horizontal": "http://picture.edu.hismarttv.com/images/20170629032906301152.jpg"}], "id": "38037"}], "width_horizontal": null, "width": null}, {"index": 1, "facets": [{"index": 1, "typeCode": 1002, "grade": "\u5176\u4ed6", "title": "\u98ce\u5c1a\u5065\u8eab-\u52a8\u611f\u8857\u821e", "backgroundImages": [{"url": null, "mobile_image_icon_url": null, "url_horizontal": "http://picture.edu.hismarttv.com/images/20170629/\u98ce\u5c1a\u5065\u8eab-\u52a8\u611f\u8857\u821e.jpg"}], "id": "8852"}], "width_horizontal": null, "width": null}, {"index": 1, "facets": [{"index": 1, "typeCode": 1002, "grade": null, "title": "\u90d1\u591a\u71d5BodyBall Hip&leg\u57ab\u4e0a\u64cd", "backgroundImages": [{"url": "http://picture.edu.hismarttv.com/images/20161212022759387904.jpg", "mobile_image_icon_url": "http://picture.edu.hismarttv.com/images/20161102032541379768.jpg", "url_horizontal": "http://picture.edu.hismarttv.com/images/20170629033606511137.jpg"}], "id": "38039"}], "width_horizontal": null, "width": null}, {"index": 1, "facets": [{"index": 1, "typeCode": 1002, "grade": null, "title": "\u90d1\u591a\u71d5\u5c0f\u7070\u5e3d\u5065\u8eab\u64cd", "backgroundImages": [{"url": "http://picture.edu.hismarttv.com/images/20161212022539029485.jpg", "mobile_image_icon_url": "http://picture.edu.hismarttv.com/images/20161102021604651091.jpg", "url_horizontal": "http://picture.edu.hismarttv.com/images/20170629/\u90d1\u591a\u71d5\u5c0f\u7070\u5e3d\u5065\u8eab\u64cd.jpg"}], "id": "38033"}], "width_horizontal": null, "width": null}, {"index": 1, "facets": [{"index": 1, "typeCode": 1002, "grade": null, "title": "\u90d1\u591a\u71d5FigureDumb\u54d1\u94c3\u64cd", "backgroundImages": [{"url": "http://picture.edu.hismarttv.com/images/20161212035609771233.jpg", "mobile_image_icon_url": "http://picture.edu.hismarttv.com/images/20161102021824917487.jpg", "url_horizontal": "http://picture.edu.hismarttv.com/images/20170629033936455331.jpg"}], "id": "38034"}], "width_horizontal": null, "width": null}, {"index": 1, "facets": [{"index": 1, "typeCode": 1002, "grade": null, "title": "\u90d1\u591a\u71d5FigureMat\u57ab\u4e0a\u64cd", "backgroundImages": [{"url": "http://picture.edu.hismarttv.com/images/20161212022344417148.jpg", "mobile_image_icon_url": null, "url_horizontal": "http://picture.edu.hismarttv.com/images/20170629033520364415.jpg"}], "id": "38035"}], "width_horizontal": null, "width": null}, {"index": 1, "facets": [{"index": 1, "typeCode": 1002, "grade": null, "title": "\u548c\u5973\u795e\u4e00\u8d77\u5b66\u53e3\u8bed\uff08\u7f51\u7edc\u5267\uff09", "backgroundImages": [{"url": "http://picture.edu.hismarttv.com/images/20170316053549297889.jpg", "mobile_image_icon_url": null, "url_horizontal": null}], "id": "35901"}], "width_horizontal": null, "width": null}, {"index": 1, "facets": [{"index": 1, "typeCode": 1002, "grade": null, "title": "\u770b\u5927\u7247\u5b66\u82f1\u6587\uff08\u7f51\u7edc\u5267\uff09", "backgroundImages": [{"url": "http://picture.edu.hismarttv.com/images/20170316053716559350.jpg", "mobile_image_icon_url": null, "url_horizontal": null}], "id": "35891"}], "width_horizontal": null, "width": null}, {"index": 1, "facets": [{"index": 1, "typeCode": 1002, "
07-06 01:17:34.143 D/TabView (27650): 
07-06 01:17:34.144 D/HttpHandler(27650): VerifySignInterCeptor-->request.url()=http://picture.edu.hismarttv.com/images/20170628115357740238.png
07-06 01:17:34.144 D/HttpHandler(27650): VerifySignInterCeptor-->hostname=picture.edu.hismarttv.com
07-06 01:17:34.145 D/TabView (27650): 
07-06 01:17:34.145 D/OkHttp  (27650): --> GET http://picture.edu.hismarttv.com/images/20170628115357740238.png http/1.1
07-06 01:17:34.145 D/OkHttp  (27650): Host: picture.edu.hismarttv.com
07-06 01:17:34.145 D/OkHttp  (27650): Connection: Keep-Alive
07-06 01:17:34.145 D/OkHttp  (27650): Accept-Encoding: gzip
07-06 01:17:34.145 D/OkHttp  (27650): User-Agent: okhttp/3.6.0
07-06 01:17:34.145 D/OkHttp  (27650): --> END GET
07-06 01:17:34.147 D/TabView (27650): 
07-06 01:17:34.148 D/OkHttp  (27650): --> GET http://picture.edu.hismarttv.com/images/20170628111729989045.png http/1.1
07-06 01:17:34.148 D/OkHttp  (27650): Host: picture.edu.hismarttv.com
07-06 01:17:34.148 D/OkHttp  (27650): Connection: Keep-Alive
07-06 01:17:34.149 D/OkHttp  (27650): Accept-Encoding: gzip
07-06 01:17:34.149 D/OkHttp  (27650): User-Agent: okhttp/3.6.0
07-06 01:17:34.149 D/OkHttp  (27650): --> END GET
07-06 01:17:34.150 D/OkHttp  (27650): --> GET http://picture.edu.hismarttv.com/images/20170628115302475663.png http/1.1
07-06 01:17:34.150 D/OkHttp  (27650): Host: picture.edu.hismarttv.com
07-06 01:17:34.150 D/OkHttp  (27650): Connection: Keep-Alive
07-06 01:17:34.150 D/OkHttp  (27650): Accept-Encoding: gzip
07-06 01:17:34.150 D/OkHttp  (27650): User-Agent: okhttp/3.6.0
07-06 01:17:34.150 D/OkHttp  (27650): --> END GET
07-06 01:17:34.151 D/TabView (27650): 
07-06 01:17:34.155 I/MyFragmentStateAdapter(27650): getCount
07-06 01:17:34.155 I/MyFragmentStateAdapter(27650): getCount
07-06 01:17:34.157 D/OkHttp  (27650): <-- 200 OK http://picture.edu.hismarttv.com/images/20170628115357740238.png (11ms)
07-06 01:17:34.157 D/OkHttp  (27650): Date: Mon, 03 Jul 2017 10:50:25 GMT
07-06 01:17:34.157 D/OkHttp  (27650): Server: nginx
07-06 01:17:34.157 D/OkHttp  (27650): Content-Type: image/png
07-06 01:17:34.157 D/OkHttp  (27650): Content-Length: 2204
07-06 01:17:34.157 D/OkHttp  (27650): Last-Modified: Wed, 28 Jun 2017 11:53:57 GMT
07-06 01:17:34.157 D/OkHttp  (27650): ETag: "595398d5-89c"
07-06 01:17:34.157 I/TabView (27650): onScroll:,firstItem=0,visibleCount=6,totalCount=10
07-06 01:17:34.157 D/OkHttp  (27650): Accept-Ranges: bytes
07-06 01:17:34.157 D/OkHttp  (27650): Age: 196029
07-06 01:17:34.157 D/OkHttp  (27650): Via: 1.1 pingwangtong52:0 (Cdn Cache Server V2.0)[0 200 0], 1.1 nwangtong95:5 (Cdn Cache Server V2.0)[0 200 0]
07-06 01:17:34.157 D/OkHttp  (27650): Connection: keep-alive
07-06 01:17:34.157 D/OkHttp  (27650): <-- END HTTP
07-06 01:17:34.157 D/HttpHandler(27650): RetryIntercepter-->retryNum=0
07-06 01:17:34.157 D/HttpHandler(27650): RetryIntercepter-->backoffmutiplier=0
07-06 01:17:34.161 I/ContentBridgeAdapterListener(27650): onAddPresenter 0
07-06 01:17:34.163 I/ContentBridgeAdapterListener(27650): onCreate ViewHolder{b5241a3 position=-1 id=-1, oldPos=-1, pLpos:-1 unbound no parent}
07-06 01:17:34.163 I/ContentBridgeAdapterListener(27650): onBind 
07-06 01:17:34.129 D/HttpHandler(27650): DNSRetryIntercepter-->checkData=dbbf03a0e59a5c14094df6af108b323c85fd1033613e2b590001d226b064810fd3a50c8b4f3f265026c64ec402d5ae2da29e179fa7d22eb2011a250e1b435da3e20b4b903c9865f3cdfac087c3262aefc8e691b3c9c89fcc8e6b3ae1acc0da05d325f985ca6c0b0efb5f2db6e3a4ee6e90f963eb54d8bd4b5e20f4cbceb50eb631c06d95bcbc3e55f14c96a96fc98188805f8808a7c42d68d2bc5525d15adb163c9d608c2bffee4a0d1f0b92e285f916e0589fcf606425704a17979a259e417b05f3d3f0346ed491788138059af8cc099b872e464a6b016efc0220cbf9aba74234ad9d4ddd9970736404d6ec43b3db36523a8119fad871be0057288154eaf6c52c56fe1df378faa4758724978283eb24730b14c93400f9147686a52da87f7d4788268540baa097c0f9b8fd0f475e2837
07-06 01:17:34.169 I/MiSysSrv( 1214): [37m[INFO] Change to Voltage: 117 mv (0x32)[m
07-06 01:17:34.169 I/ContentBridgeAdapterListener(27650): onAttachedToWindow ViewHolder{b5241a3 position=0 id=-1, oldPos=-1, pLpos:-1}
07-06 01:17:34.170 D/HttpHandler(27650): DNSHelper-->gslbDnsresult={"timestamp":1499275053,"msg":"","data":{"lbgs.hismarttv.com":{"ips":["118.178.149.42","139.217.11.211"],"ttl":3600},"picture.edu.hismarttv.com":{"ips":["123.128.14.209","153.35.175.121","220.202.77.124","153.35.175.120","125.46.22.134","36.33.158.222","218.58.206.58"],"ttl":300}},"retCode":"0"}
07-06 01:17:34.171 I/System.out(27650):  remove duplicate [118.178.149.42, 139.217.11.211]
07-06 01:17:34.173 I/BaseContentFragment(27650): setRowViewSelectedViewHolder{b5241a3 position=0 id=-1, oldPos=-1, pLpos:-1},isSelectedtrue
07-06 01:17:34.173 D/HttpHandler(27650): VerifySignInterCeptor-->request.url()=http://picture.edu.hismarttv.com/images/20170628121916725281.png
07-06 01:17:34.173 I/RoleContentFragment(27650): onChildSelected:0,lastPos=0
07-06 01:17:34.174 D/HttpHandler(27650): VerifySignInterCeptor-->hostname=picture.edu.hismarttv.com
07-06 01:17:34.174 D/OkHttp  (27650): --> GET http://picture.edu.hismarttv.com/images/20170628121916725281.png http/1.1
07-06 01:17:34.174 D/OkHttp  (27650): Host: picture.edu.hismarttv.com
07-06 01:17:34.174 D/OkHttp  (27650): Connection: Keep-Alive
07-06 01:17:34.174 D/OkHttp  (27650): Accept-Encoding: gzip
07-06 01:17:34.174 D/OkHttp  (27650): User-Agent: okhttp/3.6.0
07-06 01:17:34.174 D/OkHttp  (27650): --> END GET
07-06 01:17:34.177 D/HttpHandler(27650): DNSHelper-->httpDnsParser=["123.128.14.209","153.35.175.121","220.202.77.124","153.35.175.120","125.46.22.134","36.33.158.222","218.58.206.58"]
07-06 01:17:34.179 D/HttpHandler(27650): RetryIntercepter-->retryNum=0
07-06 01:17:34.179 D/HttpHandler(27650): RetryIntercepter-->backoffmutiplier=0
07-06 01:17:34.179 D/HttpHandler(27650): VerifySignInterCeptor-->request.url()=http://picture.edu.hismarttv.com/images/20170628111759213347.png
07-06 01:17:34.179 D/HttpHandler(27650): VerifySignInterCeptor-->hostname=picture.edu.hismarttv.com
07-06 01:17:34.180 D/HttpHandler(27650): HttpDNS-->hostname=picture.edu.hismarttv.com
07-06 01:17:34.181 D/HttpHandler(27650): RAMCache-->hostInfo.getClientTimeStamp()=23895743
07-06 01:17:34.181 D/HttpHandler(27650): RAMCache-->hostInfo.getTtl()=300
07-06 01:17:34.181 D/HttpHandler(27650): RAMCache-->SystemClock.elapsedRealtime()=23895753
07-06 01:17:34.182 I/ContentBridgeAdapterListener(27650): onAddPresenter 1
07-06 01:17:34.182 I/ContentBridgeAdapterListener(27650): onCreate ViewHolder{100af0ce position=-1 id=-1, oldPos=-1, pLpos:-1 unbound no parent}
07-06 01:17:34.182 I/SpecialFirstRowPresenter(27650): onBindViewHoldercom.hisense.tvui.newhome.presenter.SpecialFirstListRow@375b7bef,isUnbind=false
07-06 01:17:34.182 I/ContentBridgeAdapterListener(27650): onBind 
07-06 01:17:34.184 D/HttpHandler(27650): DNSHelper-->gslbDns=["123.128.14.209","153.35.175.121","220.202.77.124","153.35.175.120","125.46.22.134","36.33.158.222","218.58.206.58"]
07-06 01:17:34.185 I/ContentBridgeAdapterListener(27650): onAttachedToWindow ViewHolder{100af0ce position=1 id=-1, oldPos=-1, pLpos:-1}
07-06 01:17:34.187 I/FirstLineAdapter(27650): canShowTrailer,isOffline=false
07-06 01:17:34.187 I/FirstLineAdapter(27650): canShowTrailer,isOffline=false
07-06 01:17:34.189 D/OkHttp  (27650): <-- 200 OK http://picture.edu.hismarttv.com/images/20170628111729989045.png (40ms)
07-06 01:17:34.189 D/OkHttp  (27650): Date: Mon, 03 Jul 2017 10:17:07 GMT
07-06 01:17:34.189 D/OkHttp  (27650): Server: nginx
07-06 01:17:34.189 D/OkHttp  (27650): Content-Type: image/png
07-06 01:17:34.189 D/OkHttp  (27650): Content-Length: 2752
07-06 01:17:34.189 D/OkHttp  (27650): Last-Modified: Wed, 28 Jun 2017 11:17:29 GMT
07-06 01:17:34.189 D/OkHttp  (27650): ETag: "59539049-ac0"
07-06 01:17:34.189 D/OkHttp  (27650): Accept-Ranges: bytes
07-06 01:17:34.189 D/OkHttp  (27650): Age: 198026
07-06 01:17:34.189 D/OkHttp  (27650): Via: 1.1 zhiwangtong173:3 (Cdn Cache Server V2.0)[0 200 0], 1.1 t85:0 (Cdn Cache Server V2.0)[0 200 0]
07-06 01:17:34.189 D/OkHttp  (27650): Connection: keep-alive
07-06 01:17:34.189 D/OkHttp  (27650): <-- END HTTP
07-06 01:17:34.190 D/HttpHandler(27650): RetryIntercepter-->retryNum=0
07-06 01:17:34.190 D/HttpHandler(27650): RetryIntercepter-->backoffmutiplier=0
07-06 01:17:34.190 I/FirstLineAdapter(27650): canShowTrailer,isOffline=false
07-06 01:17:34.190 I/FirstLineAdapter(27650): onCreateViewHolder viewtype=0
07-06 01:17:34.193 D/OkHttp  (27650): <-- 200 OK http://picture.edu.hismarttv.com/images/20170628115302475663.png (42ms)
07-06 01:17:34.193 D/OkHttp  (27650): Date: Mon, 03 Jul 2017 09:54:08 GMT
07-06 01:17:34.193 D/OkHttp  (27650): Server: nginx
07-06 01:17:34.193 D/OkHttp  (27650): Content-Type: image/png
07-06 01:17:34.193 D/OkHttp  (27650): Content-Length: 2527
07-06 01:17:34.193 D/OkHttp  (27650): Last-Modified: Wed, 28 Jun 2017 11:53:02 GMT
07-06 01:17:34.193 D/OkHttp  (27650): ETag: "5953989e-9df"
07-06 01:17:34.193 D/OkHttp  (27650): Accept-Ranges: bytes
07-06 01:17:34.193 D/OkHttp  (27650): Age: 199405
07-06 01:17:34.193 D/OkHttp  (27650): Via: 1.1 jn241:2 (Cdn Cache Server V2.0)[0 200 0], 1.1 chwt81:9 (Cdn Cache Server V2.0)[0 200 0]
07-06 01:17:34.193 D/OkHttp  (27650): Connection: keep-alive
07-06 01:17:34.193 D/OkHttp  (27650): <-- END HTTP
07-06 01:17:34.194 D/HttpHandler(27650): RetryIntercepter-->retryNum=0
07-06 01:17:34.194 D/HttpHandler(27650): RetryIntercepter-->backoffmutiplier=0
07-06 01:17:34.194 D/OkHttp  (27650): <-- 200 OK http://picture.edu.hismarttv.com/images/20170628121916725281.png (19ms)
07-06 01:17:34.194 D/OkHttp  (27650): Date: Mon, 03 Jul 2017 10:17:26 GMT
07-06 01:17:34.194 D/OkHttp  (27650): Server: nginx
07-06 01:17:34.194 D/OkHttp  (27650): Content-Type: image/png
07-06 01:17:34.194 D/OkHttp  (27650): Content-Length: 2555
07-06 01:17:34.194 D/OkHttp  (27650): Last-Modified: Wed, 28 Jun 2017 12:19:16 GMT
07-06 01:17:34.194 D/OkHttp  (27650): ETag: "59539ec4-9fb"
07-06 01:17:34.194 D/OkHttp  (27650): Accept-Ranges: bytes
07-06 01:17:34.194 D/OkHttp  (27650): Age: 198008
07-06 01:17:34.194 D/OkHttp  (27650): Via: 1.1 jn239:1 (Cdn Cache Server V2.0)[0 200 0], 1.1 nwangtong95:0 (Cdn Cache Server V2.0)[0 200 0]
07-06 01:17:34.194 D/OkHttp  (27650): Connection: keep-alive
07-06 01:17:34.194 D/OkHttp  (27650): <-- END HTTP
07-06 01:17:34.195 D/HttpHandler(27650): RetryIntercepter-->retryNum=0
07-06 01:17:34.195 D/HttpHandler(27650): RetryIntercepter-->backoffmutiplier=0
07-06 01:17:34.205 I/FirstLineAdapter(27650): onBindViewHolder 0
07-06 01:17:34.209 D/HttpHandler(27650): VerifySignInterCeptor-->request.url()=http://picture.edu.hismarttv.com/images/20170628111857828826.png
07-06 01:17:34.209 D/HttpHandler(27650): VerifySignInterCeptor-->hostname=picture.edu.hismarttv.com
07-06 01:17:34.212 D/OkHttp  (27650): --> GET http://picture.edu.hismarttv.com/images/20170628111759213347.png http/1.1
07-06 01:17:34.212 D/OkHttp  (27650): Host: picture.edu.hismarttv.com
07-06 01:17:34.212 D/OkHttp  (27650): Connection: Keep-Alive
07-06 01:17:34.212 D/OkHttp  (27650): Accept-Encoding: gzip
07-06 01:17:34.212 D/OkHttp  (27650): User-Agent: okhttp/3.6.0
07-06 01:17:34.212 D/OkHttp  (27650): --> END GET
07-06 01:17:34.213 D/OkHttp  (27650): --> GET http://picture.edu.hismarttv.com/images/20170628111857828826.png http/1.1
07-06 01:17:34.213 D/OkHttp  (27650): Host: picture.edu.hismarttv.com
07-06 01:17:34.213 D/OkHttp  (27650): Connection: Keep-Alive
07-06 01:17:34.213 D/OkHttp  (27650): Accept-Encoding: gzip
07-06 01:17:34.213 D/OkHttp  (27650): User-Agent: okhttp/3.6.0
07-06 01:17:34.213 D/OkHttp  (27650): --> END GET
07-06 01:17:34.218 I/TVMW@HsTvSetting( 1234): Trace cmd, data = 0x1058
07-06 01:17:34.218 D/til@system( 2026): til_get_system_param option:100002F int:0, bool:0, ret:0
07-06 01:17:34.219 I/TVMW@HsTvSetting( 1234): Trace cmd, data = 0x101f
07-06 01:17:34.219 D/til@system( 2026): til_get_system_param option:100001D int:3, bool:3, ret:0
07-06 01:17:34.219 E/til     ( 2026): [til_get_current_input_source, 101] 
07-06 01:17:34.219 I/TVMW@HsTvSetting( 1234): Trace cmd, data = 0x7007
07-06 01:17:34.219 I/tilwrapper@sm( 2026): HS2TIL_SourceType *hs=0xd, *til=0x900
07-06 01:17:34.219 D/til     ( 2026): get current source 2304
07-06 01:17:34.219 D/SourceRemoteServiceHandler( 2026): getCurrentInputSource.from.til.result is 0, value is 2304
07-06 01:17:34.219 D/SourceRemoteServiceHandler( 2026): getInputSourceType source: 0x900, type=2304
07-06 01:17:34.219 D/til     ( 2026): ###### func:til_get_picture_param option:0x3000006 ######  
07-06 01:17:34.219 I/TVMW@HsTvSetting( 1234): Trace cmd, data = 0x1003
07-06 01:17:34.220 I/TVMW@HsTvSetting( 1234): Trace cmd, data = 0x8032
07-06 01:17:34.220 I/hstvos  ( 1216): [0m[1;33m[HSHAL][HS_VIDEO][HS_HAL_Video_SetOsdDetect_v2][2389]u16Threshold = 20
07-06 01:17:34.220 I/FirstLineAdapter(27650): canShowTrailer,isOffline=false
07-06 01:17:34.220 E/TVMW@videoctrl( 1234):  getOsd is 1
07-06 01:17:34.220 I/FirstLineAdapter(27650): onCreateViewHolder viewtype=1
07-06 01:17:34.220 D/til@system( 2026): til_get_system_param option:1000027 int:1, bool:1, ret:0
07-06 01:17:34.221 D/til     ( 2026): ###### func:til_get_picture_param option:0x3000045 ######  
07-06 01:17:34.221 I/MiSysSrv( 1214): Not support now! 42, change to mm_video!!!
07-06 01:17:34.221 I/TVMW@HsTvSetting( 1234): Trace cmd, data = 0x300c
07-06 01:17:34.221 I/TVMW@HsTvSetting( 1234): Trace 3d, data = 0x300c
07-06 01:17:34.221 I/TVMW@3d ( 1234): Hs_debug3d_trace: func:get3dStatus, line:109
07-06 01:17:34.225 D/OkHttp  (27650): <-- 200 OK http://picture.edu.hismarttv.com/images/20170628111857828826.png (11ms)
07-06 01:17:34.225 D/OkHttp  (27650): Date: Mon, 03 Jul 2017 10:52:37 GMT
07-06 01:17:34.225 D/OkHttp  (27650): Server: nginx
07-06 01:17:34.225 D/OkHttp  (27650): Content-Type: image/png
07-06 01:17:34.225 D/OkHttp  (27650): Content-Length: 2318
07-06 01:17:34.225 D/OkHttp  (27650): Last-Modified: Wed, 28 Jun 2017 11:18:57 GMT
07-06 01:17:34.225 D/OkHttp  (27650): ETag: "595390a1-90e"
07-06 01:17:34.225 D/OkHttp  (27650): Accept-Ranges: bytes
07-06 01:17:34.225 D/OkHttp  (27650): Age: 195897
07-06 01:17:34.225 D/OkHttp  (27650): Via: 1.1 pingwangtong52:8 (Cdn Cache Server V2.0)[0 200 0], 1.1 anwangtong101:1 (Cdn Cache Server V2.0)[0 200 0]
07-06 01:17:34.225 D/OkHttp  (27650): Connection: keep-alive
07-06 01:17:34.225 D/OkHttp  (27650): <-- END HTTP
07-06 01:17:34.233 D/HttpHandler(27650): RetryIntercepter-->retryNum=0
07-06 01:17:34.233 D/HttpHandler(27650): RetryIntercepter-->backoffmutiplier=0
07-06 01:17:34.236 I/FirstLineAdapter(27650): onBindViewHolder 1
07-06 01:17:34.236 D/FirstLineAdapter(27650): setVipPoster ===>url :http://picture.edu.hismarttv.com/images/
07-06 01:17:34.242 I/FirstLineAdapter(27650): canShowTrailer,isOffline=false
07-06 01:17:34.242 I/FirstLineAdapter(27650): onCreateViewHolder viewtype=2
07-06 01:17:34.244 I/FirstLineAdapter(27650): onBindViewHolder 2
07-06 01:17:34.246 D/OkHttp  (27650): <-- 200 OK http://picture.edu.hismarttv.com/images/20170628111759213347.png (33ms)
07-06 01:17:34.246 D/OkHttp  (27650): Date: Mon, 03 Jul 2017 10:05:17 GMT
07-06 01:17:34.246 D/OkHttp  (27650): Server: nginx
07-06 01:17:34.246 D/OkHttp  (27650): Content-Type: image/png
07-06 01:17:34.246 D/OkHttp  (27650): Content-Length: 2518
07-06 01:17:34.246 D/OkHttp  (27650): Last-Modified: Wed, 28 Jun 2017 11:17:59 GMT
07-06 01:17:34.246 D/OkHttp  (27650): ETag: "59539067-9d6"
07-06 01:17:34.246 D/OkHttp  (27650): Accept-Ranges: bytes
07-06 01:17:34.246 D/OkHttp  (27650): Age: 198737
07-06 01:17:34.246 D/OkHttp  (27650): Via: 1.1 pingwangtong47:3 (Cdn Cache Server V2.0)[0 200 0], 1.1 t93:0 (Cdn Cache Server V2.0)[0 200 0]
07-06 01:17:34.246 D/OkHttp  (27650): Connection: keep-alive
07-06 01:17:34.246 D/OkHttp  (27650): <-- END HTTP
07-06 01:17:34.247 D/HttpHandler(27650): RetryIntercepter-->retryNum=0
07-06 01:17:34.247 D/HttpHandler(27650): RetryIntercepter-->backoffmutiplier=0
07-06 01:17:34.250 I/TENCENT_AD_PingHandler( 4523): ## 2017-07-06 01:17:34.249 [4523,4523,:0] INFO ## [TENCENT_AD_PingHandler]handleMessage: 5
07-06 01:17:34.250 I/MyItemDecoration(27650): getItemOffsets rect=Rect(0, -17 - 0, 0),pos=1
07-06 01:17:34.252 I/MyItemDecoration(27650): getItemOffsets rect=Rect(0, -15 - 0, 0),pos=2
07-06 01:17:34.253 I/FirstLineAdapter(27650): canShowTrailer,isOffline=false
07-06 01:17:34.253 I/FirstLineAdapter(27650): canShowTrailer,isOffline=false
07-06 01:17:34.253 I/FirstLineAdapter(27650): onCreateViewHolder viewtype=3
07-06 01:17:34.253 I/CurrentCarouselView(27650): initView
07-06 01:17:34.256 W/SoLibHelper(27650): copySoLibToHost copy(libWasabiJni.so) true
07-06 01:17:34.256 W/SoLibHelper(27650): copySoLibToHost scan(entry=lib/armeabi/libqyclient_common.so, isDirectory=false)
07-06 01:17:34.256 W/SoLibHelper(27650): copySoLibToHost scan(soName=libqyclient_common.so)
07-06 01:17:34.256 W/FileUtils(27650): createNewFile(), path=/data/data/com.hisense.hicloud.edca/files/plugin/2.1.0.59986/pluginplayer/1.64.0.59984/pluginplayer-release-1.64.0.59984-libs/libqyclient_common.so
07-06 01:17:34.256 W/FileUtils(27650): createNewFile(), path is not empty!
07-06 01:17:34.256 W/FileUtils(27650): createNewFile(), path is file!
07-06 01:17:34.256 D/HttpHandler(27650): VerifySignInterCeptor-->request.url()=http://picture.edu.hismarttv.com/images/
07-06 01:17:34.256 D/HttpHandler(27650): VerifySignInterCeptor-->hostname=picture.edu.hismarttv.com
07-06 01:17:34.256 W/FileUtils(27650): createNewFile(), path createNewFile true
07-06 01:17:34.256 W/FileUtils(27650): createNewFile(), return=true
07-06 01:17:34.265 D/OkHttp  (27650): --> GET http://picture.edu.hismarttv.com/images/ http/1.1
07-06 01:17:34.265 D/OkHttp  (27650): Host: picture.edu.hismarttv.com
07-06 01:17:34.265 D/OkHttp  (27650): Connection: Keep-Alive
07-06 01:17:34.265 D/OkHttp  (27650): Accept-Encoding: gzip
07-06 01:17:34.265 D/OkHttp  (27650): User-Agent: okhttp/3.6.0
07-06 01:17:34.265 D/OkHttp  (27650): --> END GET
07-06 01:17:34.305 W/SoLibHelper(27650): copySoLibToHost copy(libqyclient_common.so) true
07-06 01:17:34.305 W/SoLibHelper(27650): copySoLibToHost scan(entry=lib/armeabi/librtmp.so, isDirectory=false)
07-06 01:17:34.305 W/SoLibHelper(27650): copySoLibToHost scan(soName=librtmp.so)
07-06 01:17:34.305 W/FileUtils(27650): createNewFile(), path=/data/data/com.hisense.hicloud.edca/files/plugin/2.1.0.59986/pluginplayer/1.64.0.59984/pluginplayer-release-1.64.0.59984-libs/librtmp.so
07-06 01:17:34.305 W/FileUtils(27650): createNewFile(), path is not empty!
07-06 01:17:34.305 W/FileUtils(27650): createNewFile(), path is file!
07-06 01:17:34.306 W/FileUtils(27650): createNewFile(), path createNewFile true
07-06 01:17:34.306 W/FileUtils(27650): createNewFile(), return=true
07-06 01:17:34.311 W/SoLibHelper(27650): copySoLibToHost copy(librtmp.so) true
07-06 01:17:34.311 W/SoLibHelper(27650): copySoLibToHost scan(entry=lib/armeabi/libmbedtls.so, isDirectory=false)
07-06 01:17:34.311 W/SoLibHelper(27650): copySoLibToHost scan(soName=libmbedtls.so)
07-06 01:17:34.311 W/FileUtils(27650): createNewFile(), path=/data/data/com.hisense.hicloud.edca/files/plugin/2.1.0.59986/pluginplayer/1.64.0.59984/pluginplayer-release-1.64.0.59984-libs/libmbedtls.so
07-06 01:17:34.311 W/FileUtils(27650): createNewFile(), path is not empty!
07-06 01:17:34.311 W/FileUtils(27650): createNewFile(), path is file!
07-06 01:17:34.311 W/FileUtils(27650): createNewFile(), path createNewFile true
07-06 01:17:34.311 W/FileUtils(27650): createNewFile(), return=true
07-06 01:17:34.333 D/OsdMonitorService( 1733): mCurrentWindow = com.hisense.hicloud.edca/com.hisense.tvui.newhome.HomeMainActivity; newWindow = com.hisense.hicloud.edca/com.hisense.tvui.newhome.HomeMainActivity; isSubWindow = false; isInWinList = false; isExitNow = false
07-06 01:17:34.333 D/OsdMonitorService( 1733): windowNotOsd() : name = com.hisense.hicloud.edca/com.hisense.tvui.newhome.HomeMainActivity
07-06 01:17:34.333 I/OsdMonitorService( 1733): setOsdStatus() : status will change from true to true
07-06 01:17:34.334 D/PowerManagerService( 1733): setScreenBrightnessOverrideFromWindowManagerInternal done
07-06 01:17:34.336 D/PowerManagerService( 1733): setScreenBrightnessOverrideFromWindowManagerInternal done
07-06 01:17:34.339 D/PowerManagerService( 1733): setScreenBrightnessOverrideFromWindowManagerInternal done
07-06 01:17:34.340 W/SoLibHelper(27650): copySoLibToHost copy(libmbedtls.so) true
07-06 01:17:34.341 W/SoLibHelper(27650): copySoLibToHost scan(entry=lib/armeabi/libhttpdns.so, isDirectory=false)
07-06 01:17:34.341 W/SoLibHelper(27650): copySoLibToHost scan(soName=libhttpdns.so)
07-06 01:17:34.341 W/FileUtils(27650): createNewFile(), path=/data/data/com.hisense.hicloud.edca/files/plugin/2.1.0.59986/pluginplayer/1.64.0.59984/pluginplayer-release-1.64.0.59984-libs/libhttpdns.so
07-06 01:17:34.341 W/FileUtils(27650): createNewFile(), path is not empty!
07-06 01:17:34.341 W/FileUtils(27650): createNewFile(), path is file!
07-06 01:17:34.341 W/FileUtils(27650): createNewFile(), path createNewFile true
07-06 01:17:34.341 W/FileUtils(27650): createNewFile(), return=true
07-06 01:17:34.347 D/OkHttp  (27650): <-- 403 Forbidden http://picture.edu.hismarttv.com/images/ (81ms)
07-06 01:17:34.347 D/OkHttp  (27650): Date: Wed, 05 Jul 2017 17:17:34 GMT
07-06 01:17:34.347 D/OkHttp  (27650): Server: nginx
07-06 01:17:34.347 D/OkHttp  (27650): Content-Type: text/html; charset=UTF-8
07-06 01:17:34.347 D/OkHttp  (27650): Content-Length: 162
07-06 01:17:34.347 D/OkHttp  (27650): Via: 1.1 shuozhou56:0 (Cdn Cache Server V2.0)[36 403 2], 1.1 anwangtong96:0 (Cdn Cache Server V2.0)[69 403 2]
07-06 01:17:34.347 D/OkHttp  (27650): Connection: close
07-06 01:17:34.347 D/OkHttp  (27650): <-- END HTTP
07-06 01:17:34.347 D/HttpHandler(27650): RetryIntercepter-->retryNum=0
07-06 01:17:34.347 D/HttpHandler(27650): RetryIntercepter-->backoffmutiplier=0
07-06 01:17:34.369 I/MiSysSrv( 1214): [37m[INFO] Change to Voltage: 102 mv (0x23)[m
07-06 01:17:34.387 D/hwcomposer( 1204): lastHWWindowInfo is dirty
07-06 01:17:34.424 W/SoLibHelper(27650): copySoLibToHost copy(libhttpdns.so) true
07-06 01:17:34.424 W/SoLibHelper(27650): copySoLibToHost scan(entry=META-INF/MANIFEST.MF, isDirectory=false)
07-06 01:17:34.424 W/SoLibHelper(27650): copySoLibToHost scan(soName=MANIFEST.MF)
07-06 01:17:34.424 W/SoLibHelper(27650): copySoLibToHost scan(entry=META-INF/CERT.SF, isDirectory=false)
07-06 01:17:34.424 W/SoLibHelper(27650): copySoLibToHost scan(soName=CERT.SF)
07-06 01:17:34.425 W/SoLibHelper(27650): copySoLibToHost scan(entry=META-INF/CERT.RSA, isDirectory=false)
07-06 01:17:34.425 W/SoLibHelper(27650): copySoLibToHost scan(soName=CERT.RSA)
07-06 01:17:34.425 W/SoLibHelper(27650): copySoLibToHost (containSo=true)
07-06 01:17:34.425 W/SoLibHelper(27650): unzipLibs() return true
