07-05 21:40:53.231 D/HiSDKLogReport( 5084): getOperationDetail-operationDetail : LED50MU8600UC0000888
07-05 21:40:53.231 D/HiSDKLogReport( 5084): processLogReport-log : {eventType=110, appKey=1182445233, APPVersionName=3.0.0.9.00, devid=86100300900000500000060a4818fca8, mac=a8:a6:48:18:fc:a8, uuid=13287129, accessToken=72DF6038D2AEAB8A76DFBBBBCC428A4A_000424241545700, APIversion=501, logversion=2.0, devType=0, APPPackage=com.hisense.hicloud.edca, eventPos=072, requesttime=1499262053231, customerId=7195320, value2=, eventMessage=HttpDetailCheckOrder, value1=783, model_id=0, ChannelId=0, version=00.002.003, tv_distribute_id=00, subscriberId=13287129, APIVersion=600, PFAPPCode=652, softwareVersion=LED50MU8600UC0000888}
07-05 21:40:53.232 D/DetailPlayActivity( 5084): mSourceType:1002    getIntent().getIntExtra(Constants.PLAYFLAG, 0):0
07-05 21:40:53.232 D/DetailPlayActivity( 5084): sunliqin,sIsConfigQuestionDisplay: falsesIsQuestionDisplay:false  detail display:false
07-05 21:40:53.232 D/DetailPlayActivity( 5084): mIsSoldOut:false
07-05 21:40:53.233 D/DetailPlayActivity( 5084): mIsFree:false     lesson is bought:false
07-05 21:40:53.233 D/DetailPlayActivity( 5084): managerBoughtVipdata,ID :-1
07-05 21:40:53.237 I/CommonUtils( 5084):  object to json [6,14]
07-05 21:40:53.237 D/DetailPlayActivity( 5084): detail belongs list is =============[6,14]
07-05 21:40:53.238 I/CommonUtils( 5084):  object to json null
07-05 21:40:53.238 D/DetailPlayActivity( 5084): the user bought vip list is  =============null
07-05 21:40:53.238 D/DetailPlayActivity( 5084): user bought vip list is null
07-05 21:40:53.238 D/DetailPlayActivity( 5084): user overtime bought vip list is null
07-05 21:40:53.238 D/DetailPlayActivity( 5084): managerBoughtStatus----------------------------------
07-05 21:40:53.238 D/DetailPlayActivity( 5084): this detail belongs to a bought vip ,true or false:false
07-05 21:40:53.238 D/DetailPlayActivity( 5084): sunliqin,mIsFree:false  RefreshPaidListUits.isPaid(mDetailsResult.getId(), mDetailsResult.getVip_id()):false  mIsBoughtVipfalse  mIsOrderfalse
07-05 21:40:53.238 D/DetailPlayActivity( 5084): sunliqin:mIsBought  ====  false msoldout :false
07-05 21:40:53.240 D/hwcomposer( 1204): lastHWWindowInfo is dirty
07-05 21:40:53.241 D/DetailPlayActivity( 5084): url--http://picture.edu.hismarttv.com/images/20170629/.jpg
07-05 21:40:53.254 D/DetailPlayActivity( 5084): managerCollectionBtnDrawable---------------
07-05 21:40:53.255 D/HttpDnsUtils( 5084): getDetailCollectionStatus,http:http://api.edu.hismarttv.com/usercenter/api/media_individualize_data
07-05 21:40:53.256 D/til@system( 2026): til_get_system_param option:1000007 int:-1936522112, bool:128, ret:0
07-05 21:40:53.257 D/til@system( 2026): til_get_system_param option:1000009 int:-1815632896, bool:0, ret:0
07-05 21:40:53.260 D/til@system( 2026): til_get_system_param option:1000008 int:-1936523008, bool:0, ret:0
07-05 21:40:53.260 D/HttpBuilder( 5084): getOperationDetail-productName : LED50MU8600UC
07-05 21:40:53.260 D/HttpBuilder( 5084): getOperationDetail-plmNumber : 88888
07-05 21:40:53.260 D/HttpBuilder( 5084): getOperationDetail-swVersion : V0000.00.01A
07-05 21:40:53.260 D/HttpBuilder( 5084): getOperationDetail-operationDetail : LED50MU8600UC0000888
07-05 21:40:53.269 I/MiSysSrv( 1214): [37m[INFO] Change to Voltage: 117 mv (0x32)[m
07-05 21:40:53.288 I/HttpBuilder( 5084): addUrlPublicParams mUrl ==>http://api.edu.hismarttv.com/usercenter/api/media_individualize_data?media_id=3535&uuid=13287129&mac=a8:a6:48:18:fc:a8&devid=86100300900000500000060a4818fca8&version=00.002.003&subscriberId=13287129&customerId=7195320&model_id=0&APPPackage=com.hisense.hicloud.edca&PFAPPCode=652&APPVersionName=3.0.0.9.00&ChannelId=0&softwareVersion=LED50MU8600UC0000888&tv_distribute_id=00&devType=0&APIVersion=600&accessToken=72DF6038D2AEAB8A76DFBBBBCC428A4A_000424241545700
07-05 21:40:53.294 D/HttpHandler( 5084): VerifySignInterCeptor-->request.url()=http://api.edu.hismarttv.com/usercenter/api/media_individualize_data?media_id=3535&uuid=13287129&mac=a8:a6:48:18:fc:a8&devid=86100300900000500000060a4818fca8&version=00.002.003&subscriberId=13287129&customerId=7195320&model_id=0&APPPackage=com.hisense.hicloud.edca&PFAPPCode=652&APPVersionName=3.0.0.9.00&ChannelId=0&softwareVersion=LED50MU8600UC0000888&tv_distribute_id=00&devType=0&APIVersion=600&accessToken=72DF6038D2AEAB8A76DFBBBBCC428A4A_000424241545700
07-05 21:40:53.294 D/HttpHandler( 5084): VerifySignInterCeptor-->hostname=api.edu.hismarttv.com
07-05 21:40:53.297 D/HttpHandler( 5084): HttpDNS-->hostname=api.edu.hismarttv.com
07-05 21:40:53.304 D/DetailPlayActivity( 5084): sunliqin initCourseViewVisible
07-05 21:40:53.304 D/DetailCourseSelectorView( 5084): sunliqin DetailCourseSelectorView!!!!
07-05 21:40:53.311 D/HttpHandler( 5084): RAMCache-->hostInfo.getClientTimeStamp()=10877451
07-05 21:40:53.311 D/HttpHandler( 5084): RAMCache-->hostInfo.getTtl()=3600
07-05 21:40:53.311 D/HttpHandler( 5084): RAMCache-->SystemClock.elapsedRealtime()=10894883
07-05 21:40:53.317 D/HttpHandler( 5084): DNSHelper-->gslbDns=["123.103.91.123"]
07-05 21:40:53.320 I/DetailVideoPlayerContainer( 5084):  sunliqin initUI()
07-05 21:40:53.360 I/TVMW@HsTvSetting( 1234): Trace cmd, data = 0x1058
07-05 21:40:53.363 D/til@system( 2026): til_get_system_param option:100002F int:0, bool:0, ret:0
07-05 21:40:53.363 I/TVMW@HsTvSetting( 1234): Trace cmd, data = 0x101f
07-05 21:40:53.364 D/til@system( 2026): til_get_system_param option:100001D int:3, bool:3, ret:0
07-05 21:40:53.365 E/til     ( 2026): [til_get_current_input_source, 101] 
07-05 21:40:53.365 I/TVMW@HsTvSetting( 1234): Trace cmd, data = 0x7007
07-05 21:40:53.365 I/tilwrapper@sm( 2026): HS2TIL_SourceType *hs=0xd, *til=0x900
07-05 21:40:53.365 D/til     ( 2026): get current source 2304
07-05 21:40:53.365 D/SourceRemoteServiceHandler( 2026): getCurrentInputSource.from.til.result is 0, value is 2304
07-05 21:40:53.365 D/SourceRemoteServiceHandler( 2026): getInputSourceType source: 0x900, type=2304
07-05 21:40:53.365 D/til     ( 2026): ###### func:til_get_picture_param option:0x3000006 ######  
07-05 21:40:53.366 I/TVMW@HsTvSetting( 1234): Trace cmd, data = 0x1003
07-05 21:40:53.367 I/TVMW@HsTvSetting( 1234): Trace cmd, data = 0x8032
07-05 21:40:53.367 I/MiSysSrv( 1214): Not support now! 42, change to mm_video!!!
07-05 21:40:53.367 E/TVMW@videoctrl( 1234):  getOsd is 1
07-05 21:40:53.367 D/til@system( 2026): til_get_system_param option:1000027 int:1, bool:1, ret:0
07-05 21:40:53.368 D/til     ( 2026): ###### func:til_get_picture_param option:0x3000045 ######  
07-05 21:40:53.368 I/TVMW@HsTvSetting( 1234): Trace cmd, data = 0x300c
07-05 21:40:53.368 I/TVMW@HsTvSetting( 1234): Trace 3d, data = 0x300c
07-05 21:40:53.368 I/TVMW@3d ( 1234): Hs_debug3d_trace: func:get3dStatus, line:109
07-05 21:40:53.369 I/MiSysSrv( 1214): [37m[INFO] Change to Voltage: 117 mv (0x32)[m
07-05 21:40:53.369 I/hstvos  ( 1216): [0m[1;33m[HSHAL][HS_VIDEO][HS_HAL_Video_SetOsdDetect_v2][2389]u16Threshold = 20
07-05 21:40:53.372 D/OkHttp  ( 5084): --> GET http://api.edu.hismarttv.com/usercenter/api/media_individualize_data?media_id=3535&uuid=13287129&mac=a8:a6:48:18:fc:a8&devid=86100300900000500000060a4818fca8&version=00.002.003&subscriberId=13287129&customerId=7195320&model_id=0&APPPackage=com.hisense.hicloud.edca&PFAPPCode=652&APPVersionName=3.0.0.9.00&ChannelId=0&softwareVersion=LED50MU8600UC0000888&tv_distribute_id=00&devType=0&APIVersion=600&accessToken=72DF6038D2AEAB8A76DFBBBBCC428A4A_000424241545700 http/1.1
07-05 21:40:53.372 D/OkHttp  ( 5084): Data_Type: JSON
07-05 21:40:53.372 D/OkHttp  ( 5084): RetryTime: 0
07-05 21:40:53.372 D/OkHttp  ( 5084): Backoffmutiplier: 0
07-05 21:40:53.372 D/OkHttp  ( 5084): Host: api.edu.hismarttv.com
07-05 21:40:53.372 D/OkHttp  ( 5084): Connection: Keep-Alive
07-05 21:40:53.372 D/OkHttp  ( 5084): Accept-Encoding: gzip
07-05 21:40:53.378 D/OkHttp  ( 5084): User-Agent: okhttp/3.6.0
07-05 21:40:53.378 D/OkHttp  ( 5084): --> END GET
07-05 21:40:53.381 V/DataSource( 1206): sniff
07-05 21:40:53.381 I/FFmpegExtractor( 1206): android-source:0xf406e060
07-05 21:40:53.407 I/FFMPEG  ( 1206): [mov,mp4,m4a,3gp,3g2,mj2 @ 0xf4180400] Format mov,mp4,m4a,3gp,3g2,mj2 probed with size=2048 and score=100
07-05 21:40:53.407 D/MediaHTTPConnection( 5084): [Connection@986339970] getSize mTotalSize = 218840697
07-05 21:40:53.408 I/FFMPEG  ( 1206): [mov,mp4,m4a,3gp,3g2,mj2 @ 0xf4180400] ISO: File Type Major Brand: isom
07-05 21:40:53.422 D/OkHttp  ( 5084): <-- 200 OK http://api.edu.hismarttv.com/usercenter/api/media_individualize_data?media_id=3535&uuid=13287129&mac=a8:a6:48:18:fc:a8&devid=86100300900000500000060a4818fca8&version=00.002.003&subscriberId=13287129&customerId=7195320&model_id=0&APPPackage=com.hisense.hicloud.edca&PFAPPCode=652&APPVersionName=3.0.0.9.00&ChannelId=0&softwareVersion=LED50MU8600UC0000888&tv_distribute_id=00&devType=0&APIVersion=600&accessToken=72DF6038D2AEAB8A76DFBBBBCC428A4A_000424241545700 (44ms)
07-05 21:40:53.422 D/OkHttp  ( 5084): Server: nginx
07-05 21:40:53.422 D/OkHttp  ( 5084): Date: Wed, 05 Jul 2017 13:40:53 GMT
07-05 21:40:53.422 D/OkHttp  ( 5084): Content-Type: application/json
07-05 21:40:53.422 D/OkHttp  ( 5084): Content-Length: 210
07-05 21:40:53.422 D/OkHttp  ( 5084): Connection: close
07-05 21:40:53.422 D/OkHttp  ( 5084): <-- END HTTP
07-05 21:40:53.423 D/HttpHandler( 5084): RetryIntercepter-->retryNum=0
07-05 21:40:53.423 D/HttpHandler( 5084): RetryIntercepter-->backoffmutiplier=0
07-05 21:40:53.447 D/FFmpegExtractor( 1206): FFmpegExtrator, url: android-source:0xf406e060, format_name: mov,mp4,m4a,3gp,3g2,mj2, format_long_name: QuickTime / MOV
07-05 21:40:53.448 D/FFmpegExtractor( 1206): suppoted codec(h264) by official Stagefright
07-05 21:40:53.448 D/FFmpegExtractor( 1206): suppoted codec(aac) by official Stagefright
07-05 21:40:53.449 I/FFMPEG  ( 1206): [AVIOContext @ 0xf406e100] Statistics: 426780 bytes read, 0 seeks
07-05 21:40:53.449 D/FFmpegExtractor( 1206): ffmpeg detected media content as 'video/mp4' with confidence 0.08
07-05 21:40:53.449 D/HttpHandler( 5084): VerifySignInterCeptor-->dateType=1
07-05 21:40:53.450 D/HttpHandler( 5084): VerifySignInterCeptor-->HttpRequestManager.httpClietOption.getVerifyFlag()=1
07-05 21:40:53.452 D/HttpHandler( 5084): VerifySignInterCeptor-->content={"user_collect": false}
07-05 21:40:53.492 D/DetailPlayActivity( 5084): etFullScreenPlay(boolean fullscreen),not full screen played
07-05 21:40:53.493 D/DetailVideoPlayerContainer( 5084): setmIsFullScreen,want to set screen is full?false  mIsAutoFlag:false  .getStatus():UNKOWN
07-05 21:40:53.496 D/DetailVideoPlayerContainer( 5084): sunliqin,disMissCourseView===============
07-05 21:40:53.496 D/DetailCourseSelectorView( 5084): scrollRecylerView,POSITION:  0
07-05 21:40:53.496 D/DetailCourseSelectorView( 5084): 11befor scroll,mindex is : 0
07-05 21:40:53.496 D/DetailCourseSelectorView( 5084): sunliqin,setLastPlayViewIconGone,mindex is invalid
07-05 21:40:53.496 D/DetailCourseSelectorView( 5084): sunliqin,setLastPlayViewIconGone,find view is null
07-05 21:40:53.497 D/DetailVideoPlayerContainer( 5084): setLoadingLayoutParams,isFullScreen:false
07-05 21:40:53.499 I/DetailVideoPlayerContainer( 5084):  showPlayLimitView called. mPlayLimitTime = 0   mIsBought:false
07-05 21:40:53.505 D/DetailPlayActivity( 5084):  play  video ,mid:3535
07-05 21:40:53.507 D/DetailPlayActivity( 5084): sunliqin playMoreVideos,index:0
07-05 21:40:53.507 D/DetailPlayActivity( 5084): mIsSoldOut:false  mIsOrder:false
07-05 21:40:53.507 D/DetailVideoPlayerContainer( 5084): sunliqin playercontainer ,set data,sourcetag is:DetailPlayActivity3535
07-05 21:40:53.507 D/DetailVideoPlayerContainer( 5084): setData,BaseApplication.sTrailerEnable:1
07-05 21:40:53.507 D/DetailVideoPlayerContainer( 5084): sunliqin,setData,mIsBought: false   trailerPts:0
07-05 21:40:53.512 D/DetailVideoPlayerContainer( 5084): sunliqin,setData,index:0   trailer url is:null
07-05 21:40:53.512 D/DetailVideoPlayerContainer( 5084): sunliqin,no histroy,no trailer ,so first play video 0
07-05 21:40:53.512 D/DetailVideoPlayerContainer( 5084): sunliqin initVideoInfo(DetailsPage detail,int index),index:0   istrailer:false  mTotal lesson:48
07-05 21:40:53.512 D/DetailVideoPlayerContainer( 5084): initVideoInfo, the index is :0videos size:48
07-05 21:40:53.512 D/EduVideoUtils( 5084): sunliqin getVideoInfo
07-05 21:40:53.515 D/EduVideoUtils( 5084): sunliqin param:{"subTitle": "", "title": "1\u3001\u65b0\u6765\u7684\u90bb\u5c45\uff08\u4e0a\u7bc7\uff09", "url": "http://jhxvideo-ws.video-tx.com/renditionf/201608/212213056611024897/212213056611025409/9b/219104966755748100/219104978030035716/r219104978030035716-2000k-1280x720.mp4", "program_id": "3535", "episode_id": "28416", "isCollect": "${isCollect}", "position": "${history}", "resolution": 11}
07-05 21:40:53.516 D/EduVideoUtils( 5084): mTitle:null
07-05 21:40:53.516 D/EduVideoUtils( 5084):  mProgramId3535
07-05 21:40:53.516 D/EduVideoUtils( 5084):  mEpisodeId:35351
07-05 21:40:53.516 D/EduVideoUtils( 5084): mClassId:
07-05 21:40:53.516 D/EduVideoUtils( 5084): mTopicTitle:
07-05 21:40:53.516 D/EduVideoUtils( 5084): sunliqin,quality url ,21:http://jhxvideo-ws.video-tx.com/renditionf/201608/212213056611024897/212213056611025409/9b/219104966755748100/219104978030035716/r219104978030035716-2000k-1280x720.mp4
07-05 21:40:53.516 D/VideoInfo( 5084): sunliqin videoinfo,vendor is :URL
07-05 21:40:53.516 I/edu     ( 5084): ------- ==>mTypeCode = 1002
07-05 21:40:53.521 I/CommonUtils( 5084):  object to json {"21":"http://jhxvideo-ws.video-tx.com/renditionf/201608/212213056611024897/212213056611025409/9b/219104966755748100/219104978030035716/r219104978030035716-2000k-1280x720.mp4"}
07-05 21:40:53.521 D/UrlPlayInfo( 5084): sunliqin,url list:{"21":"http://jhxvideo-ws.video-tx.com/renditionf/201608/212213056611024897/212213056611025409/9b/219104966755748100/219104978030035716/r219104978030035716-2000k-1280x720.mp4"}
07-05 21:40:53.521 I/UrlPlayInfo( 5084):  sunliqin UrlPlayInfo constructor called, urls is {21=http://jhxvideo-ws.video-tx.com/renditionf/201608/212213056611024897/212213056611025409/9b/219104966755748100/219104978030035716/r219104978030035716-2000k-1280x720.mp4}
07-05 21:40:53.529 I/CommonUtils( 5084):  object to json {"21":"http://jhxvideo-ws.video-tx.com/renditionf/201608/212213056611024897/212213056611025409/9b/219104966755748100/219104978030035716/r219104978030035716-2000k-1280x720.mp4"}
07-05 21:40:53.529 D/VideoInfo( 5084): sunliqin, ============quality url list=============== {"21":"http://jhxvideo-ws.video-tx.com/renditionf/201608/212213056611024897/212213056611025409/9b/219104966755748100/219104978030035716/r219104978030035716-2000k-1280x720.mp4"}
07-05 21:40:53.531 D/EduVideoUtils( 5084): sunliqin,Init videoinfo,info.sPlayLimitTime:-1  total:48  sindex:0  sPosterUrl:http://picture.edu.hismarttv.com/images/20170629/.jpg    venderid: 1040  sResolution:11
07-05 21:40:53.534 D/DetailVideoPlayerContainer( 5084): sunliqin,getVideoLastPlayPosition,position:0
07-05 21:40:53.534 D/VideoInfo( 5084): setmPosition,mPosition:0
07-05 21:40:53.534 D/DetailCourseSelectorView( 5084): scrollRecylerView,POSITION:  0
07-05 21:40:53.534 D/DetailCourseSelectorView( 5084): 11befor scroll,mindex is : 0
07-05 21:40:53.534 D/DetailCourseSelectorView( 5084): sunliqin,setLastPlayViewIconGone,set last video flag is false
07-05 21:40:53.534 D/DetailCourseSelectorView( 5084): sunliqin,setLastPlayViewIconGone,find view is null
07-05 21:40:53.534 D/DetailVideoPlayerContainer( 5084): initPlayer==========,to delay 500ms
07-05 21:40:53.534 I/DetailVideoPlayerContainer( 5084):  show laoding View called 
07-05 21:40:53.536 D/DetailVideoPlayerContainer( 5084): Handler send msg MSG_INIT_PLAYER,delay 500ms 
07-05 21:40:53.536 D/DetailVideoPlayerContainer( 5084): reportVideoPrepareStartLog!!!!!current videos id is : 35351
07-05 21:40:53.537 D/til@system( 2026): til_get_system_param option:1000007 int:-1815634176, bool:0, ret:0
07-05 21:40:53.539 D/til@system( 2026): til_get_system_param option:1000009 int:-1936525184, bool:128, ret:0
07-05 21:40:53.540 D/til@system( 2026): til_get_system_param option:1000008 int:-1936522368, bool:128, ret:0
07-05 21:40:53.542 D/HiSDKLogReport( 5084): getOperationDetail-productName : LED50MU8600UC
07-05 21:40:53.542 D/HiSDKLogReport( 5084): getOperationDetail-plmNumber : 88888
07-05 21:40:53.542 D/HiSDKLogReport( 5084): getOperationDetail-swVersion : V0000.00.01A
07-05 21:40:53.542 D/HiSDKLogReport( 5084): getOperationDetail-operationDetail : LED50MU8600UC0000888
07-05 21:40:53.543 D/HiSDKLogReport( 5084): businessLogReport-log : {autoplay=1, eventType=229, APPVersionName=3.0.0.9.00, devid=86100300900000500000060a4818fca8, uuid=13287129, APIversion=501, eventcode=229001, logversion=2.0, devType=0, eventPos=001, ChannelId=0, version=00.002.003, subscriberId=13287129, PFAPPCode=652, softwareVersion=LED50MU8600UC0000888, srceventcode=207000, videoid=35351, srcmediaid=, mac=a8:a6:48:18:fc:a8, accessToken=72DF6038D2AEAB8A76DFBBBBCC428A4A_000424241545700, srcoriginal=1, APPPackage=com.hisense.hicloud.edca, mediaid=3535, sessionid=0b72713681694704ae6ac8cad2de54d1, requesttime=1499262053542, customerId=7195320, model_id=0, requestid=f46444f1cbf847b198a2be96b4ab746b, tv_distribute_id=00, APIVersion=600, issysrepo=0}
07-05 21:40:53.544 D/DetailPlayActivity( 5084): scrollCourseView,POS:0
07-05 21:40:53.544 D/DetailCourseSelectorView( 5084): scrollRecylerView,POSITION:  0
07-05 21:40:53.544 D/DetailCourseSelectorView( 5084): 11befor scroll,mindex is : 0
07-05 21:40:53.544 D/DetailCourseSelectorView( 5084): sunliqin,setLastPlayViewIconGone,set last video flag is false
07-05 21:40:53.544 D/DetailCourseSelectorView( 5084): sunliqin,setLastPlayViewIconGone,find view is null
07-05 21:40:53.544 I/DetailPlayActivity( 5084): loadDataTime : 10895116   1106
07-05 21:40:53.549 D/til@system( 2026): til_get_system_param option:1000007 int:-1815633792, bool:128, ret:0
07-05 21:40:53.550 D/til@system( 2026): til_get_system_param option:1000009 int:-1936522112, bool:128, ret:0
07-05 21:40:53.552 D/til@system( 2026): til_get_system_param option:1000008 int:-1815632896, bool:0, ret:0
07-05 21:40:53.553 W/System.err( 5084): java.net.ConnectException: failed to connect to /10.18.210.112 (port 8900) after 6000ms: isConnected failed: ECONNREFUSED (Connection refused)
07-05 21:40:53.553 W/System.err( 5084): 	at libcore.io.IoBridge.isConnected(IoBridge.java:238)
07-05 21:40:53.553 W/System.err( 5084): 	at libcore.io.IoBridge.connectErrno(IoBridge.java:171)
07-05 21:40:53.553 W/System.err( 5084): 	at libcore.io.IoBridge.connect(IoBridge.java:122)
07-05 21:40:53.553 W/System.err( 5084): 	at java.net.PlainSocketImpl.connect(PlainSocketImpl.java:183)
07-05 21:40:53.553 W/System.err( 5084): 	at java.net.PlainSocketImpl.connect(PlainSocketImpl.java:456)
07-05 21:40:53.553 W/System.err( 5084): 	at java.net.Socket.connect(Socket.java:882)
07-05 21:40:53.553 W/System.err( 5084): 	at com.android.okhttp.internal.Platform.connectSocket(Platform.java:174)
07-05 21:40:53.553 W/System.err( 5084): 	at com.android.okhttp.Connection.connect(Connection.java:152)
07-05 21:40:53.553 W/System.err( 5084): 	at com.android.okhttp.internal.http.HttpEngine.connect(HttpEngine.java:276)
07-05 21:40:53.553 W/System.err( 5084): 	at com.android.okhttp.internal.http.HttpEngine.sendRequest(HttpEngine.java:211)
07-05 21:40:53.553 W/System.err( 5084): 	at com.android.okhttp.internal.http.HttpURLConnectionImpl.execute(HttpURLConnectionImpl.java:382)
07-05 21:40:53.553 W/System.err( 5084): 	at com.android.okhttp.internal.http.HttpURLConnectionImpl.connect(HttpURLConnectionImpl.java:106)
07-05 21:40:53.553 D/HiSDKLogReport( 5084): getOperationDetail-productName : LED50MU8600UC
07-05 21:40:53.553 W/System.err( 5084): 	at com.hisense.hitv.hicloud.util.ExceptionReport.a(ExceptionReport.java:337)
07-05 21:40:53.553 D/HiSDKLogReport( 5084): getOperationDetail-plmNumber : 88888
07-05 21:40:53.553 D/HiSDKLogReport( 5084): getOperationDetail-swVersion : V0000.00.01A
07-05 21:40:53.553 W/System.err( 5084): 	at com.hisense.hitv.hicloud.util.ExceptionReport.a(ExceptionReport.java:39)
07-05 21:40:53.553 D/HiSDKLogReport( 5084): getOperationDetail-operationDetail : LED50MU8600UC0000888
07-05 21:40:53.553 W/System.err( 5084): 	at com.hisense.hitv.hicloud.util.ExceptionReport$1.run(ExceptionReport.java:83)
07-05 21:40:53.553 W/System.err( 5084): 	at java.lang.Thread.run(Thread.java:818)
07-05 21:40:53.553 W/System.err( 5084): Caused by: android.system.ErrnoException: isConnected failed: ECONNREFUSED (Connection refused)
07-05 21:40:53.553 D/HiSDKLogReport( 5084): processLogReport-log : {eventType=110, appKey=1182445233, APPVersionName=3.0.0.9.00, devid=86100300900000500000060a4818fca8, mac=a8:a6:48:18:fc:a8, uuid=13287129, accessToken=72DF6038D2AEAB8A76DFBBBBCC428A4A_000424241545700, APIversion=501, logversion=2.0, devType=0, APPPackage=com.hisense.hicloud.edca, eventPos=003, requesttime=1499262053553, customerId=7195320, value2=, eventMessage=InitDataAfterConnection, value1=1106, model_id=0, ChannelId=0, version=00.002.003, tv_distribute_id=00, subscriberId=13287129, APIVersion=600, PFAPPCode=652, softwareVersion=LED50MU8600UC0000888}
07-05 21:40:53.554 W/System.err( 5084): 	at libcore.io.IoBridge.isConnected(IoBridge.java:223)
07-05 21:40:53.554 W/System.err( 5084): 	... 15 more
07-05 21:40:53.640 D/OsdMonitorService( 1733): mCurrentWindow = com.hisense.hicloud.edca/com.hisense.tvui.newhome.HomeMainActivity; newWindow = com.hisense.hicloud.edca/com.hisense.tvui.newhome.HomeMainActivity; isSubWindow = false; isInWinList = false; isExitNow = false
07-05 21:40:53.640 D/OsdMonitorService( 1733): windowNotOsd() : name = com.hisense.hicloud.edca/com.hisense.tvui.newhome.HomeMainActivity
07-05 21:40:53.640 I/OsdMonitorService( 1733): setOsdStatus() : status will change from true to true
07-05 21:40:53.642 D/PowerManagerService( 1733): setScreenBrightnessOverrideFromWindowManagerInternal done
07-05 21:40:53.649 V/MediaExtractor( 1206): MediaExtractor::Create mime:video/mp4 ---- Enter
07-05 21:40:53.649 V/MediaExtractor( 1206): maomao::MediaExtractor::Create mime:isCts is 0
07-05 21:40:53.650 D/PowerManagerService( 1733): setScreenBrightnessOverrideFromWindowManagerInternal done
07-05 21:40:53.651 I/FFMPEG  ( 1206): [mov,mp4,m4a,3gp,3g2,mj2 @ 0xf4180400] Format mov,mp4,m4a,3gp,3g2,mj2 probed with size=2048 and score=100
07-05 21:40:53.651 I/FFMPEG  ( 1206): [mov,mp4,m4a,3gp,3g2,mj2 @ 0xf4180400] ISO: File Type Major Brand: isom
07-05 21:40:53.670 I/FFMPEG  ( 1206): [mov,mp4,m4a,3gp,3g2,mj2 @ 0xf4180400] orig_nb_streams(2)
07-05 21:40:53.670 I/FFMPEG  ( 1206): [mov,mp4,m4a,3gp,3g2,mj2 @ 0xf4180400] Before avformat_find_stream_info() pos: 413026 bytes read:426780 seeks:0
07-05 21:40:53.674 I/FFMPEG  ( 1206): [NULL @ 0xbcb9c800] [Eval @ 0xf1300eec] Undefined constant or missing '(' in ''
07-05 21:40:53.674 I/FFMPEG  ( 1206): [NULL @ 0xbcb9c800] Unable to parse option value ""
07-05 21:40:53.674 I/FFMPEG  ( 1206): [NULL @ 0xbcb9c800] Error setting option debug to value .
07-05 21:40:53.674 I/FFMPEG  ( 1206): [mov,mp4,m4a,3gp,3g2,mj2 @ 0xf4180400] Failed to open codec in av_find_stream_info
07-05 21:40:53.674 I/FFMPEG  ( 1206): [NULL @ 0xbcb9cc00] [Eval @ 0xf1300eec] Undefined constant or missing '(' in ''
07-05 21:40:53.674 I/FFMPEG  ( 1206): [NULL @ 0xbcb9cc00] Unable to parse option value ""
07-05 21:40:53.674 I/FFMPEG  ( 1206): [NULL @ 0xbcb9cc00] Error setting option debug to value .
07-05 21:40:53.674 I/FFMPEG  ( 1206): [mov,mp4,m4a,3gp,3g2,mj2 @ 0xf4180400] Failed to open codec in av_find_stream_info
07-05 21:40:53.675 I/FFMPEG  ( 1206): [NULL @ 0xbcb9c800] try_decode_frame, i= 0, pkt->stream_index = 0
07-05 21:40:53.677 D/PowerManagerService( 1733): setScreenBrightnessOverrideFromWindowManagerInternal done
07-05 21:40:53.691 D/hwcomposer( 1204): lastHWWindowInfo is dirty
07-05 21:40:53.711 I/FFMPEG  ( 1206): [h264 @ 0xbcb9c800] no picture 
07-05 21:40:53.787 D/PowerManagerService( 1733): acquireWakeLockInternal: lock=113832109, flags=0x1, tag="NetworkStats", ws=null, uid=1000, pid=1733
07-05 21:40:53.787 D/PowerManagerNotifier( 1733): onWakeLockAcquired: flags=1, tag="NetworkStats", packageName=android, ownerUid=1000, ownerPid=1733, workSource=null
07-05 21:40:53.787 D/NtpTrustedTime( 1733): currentTimeMillis() cache hit
07-05 21:40:53.790 I/FFMPEG  ( 1206): [mov,mp4,m4a,3gp,3g2,mj2 @ 0xf4180400] i(1) > pkt->stream_index(0),conitnue
07-05 21:40:53.790 I/FFMPEG  ( 1206): [NULL @ 0xbcb9cc00] try_decode_frame, i= 1, pkt->stream_index = 1
07-05 21:40:53.792 D/NtpTrustedTime( 1733): currentTimeMillis() cache hit
07-05 21:40:53.793 D/PowerManagerService( 1733): releaseWakeLockInternal: lock=113832109 [NetworkStats], flags=0x0
07-05 21:40:53.793 D/NtpTrustedTime( 1733): currentTimeMillis() cache hit
07-05 21:40:53.793 D/NtpTrustedTime( 1733): currentTimeMillis() cache hit
07-05 21:40:53.794 D/PowerManagerNotifier( 1733): onWakeLockReleased: flags=1, tag="NetworkStats", packageName=android, ownerUid=1000, ownerPid=1733, workSource=null
07-05 21:40:53.798 I/FFMPEG  ( 1206): [aac @ 0xbcb9cc00] skip whole frame, skip left: 0
07-05 21:40:53.800 I/FFMPEG  ( 1206): [mov,mp4,m4a,3gp,3g2,mj2 @ 0xf4180400] After avformat_find_stream_info() pos: 473274 bytes read:492316 seeks:0 frames:3
07-05 21:40:53.800 I/FFmpegExtractor( 1206): the duration is 00:08:58.08
07-05 21:40:53.800 I/FFmpegExtractor( 1206): streamIndex: 0 ,stream_index 0
07-05 21:40:53.800 D/FFmpegExtractor( 1206): is_codec_supported codec_id is 28
07-05 21:40:53.800 D/FFmpegExtractor( 1206): setVideoFormat avctx->codec_id is 28
07-05 21:40:53.800 V/codec_utils( 1206): AVC
07-05 21:40:53.800 I/FFmpegExtractor( 1206): the time is 00:08:58.08
07-05 21:40:53.800 I/FFmpegExtractor( 1206): streamIndex: 1 ,stream_index 1
07-05 21:40:53.800 D/FFmpegExtractor( 1206): is_codec_supported codec_id is 86018
07-05 21:40:53.800 V/codec_utils( 1206): AAC
07-05 21:40:53.800 V/codec_utils( 1206): aac profile: 1, sf_index: 4, channel: 2
07-05 21:40:53.800 I/FFmpegExtractor( 1206): bit_rate: 55687, sample_rate: 44100, channels: 2, bits_per_coded_sample: 16, block_align:0
07-05 21:40:53.800 I/FFmpegExtractor( 1206): the time is 00:08:58.00
07-05 21:40:53.801 D/FFmpegExtractor( 1206): Reader thread started
07-05 21:40:53.801 D/FFmpegExtractor( 1206): supported mime: video/mp4
07-05 21:40:53.805 D/DtvSourcePlugin-DVBC(15961): Setting the EPG Updater state to: WAIT
07-05 21:40:53.809 W/avc_utils( 1206): [3D detect]It is not SEI Nal
07-05 21:40:53.810 W/avc_utils( 1206): [3D detect]It is not SEI Nal
07-05 21:40:53.810 W/avc_utils( 1206): [3D detect]It is not SEI Nal
07-05 21:40:53.855 I/NuCachedSource2( 1206): new range: offset= 218840569
07-05 21:40:53.855 I/NuCachedSource2( 1206): seekInternal_l ---- totalSize: 1572864
07-05 21:40:53.855 D/MediaHTTPConnection( 5084): offset = 218840569, mCurrentOffset = 1572864
07-05 21:40:53.855 D/MediaHTTPConnection( 5084): seekTo 218840569
07-05 21:40:53.855 D/MediaHTTPConnection( 5084): teardownConnection
07-05 21:40:53.869 I/TVMW@HsTvSetting( 1234): Trace cmd, data = 0x1058
07-05 21:40:53.869 D/til@system( 2026): til_get_system_param option:100002F int:0, bool:0, ret:0
07-05 21:40:53.870 I/TVMW@HsTvSetting( 1234): Trace cmd, data = 0x101f
07-05 21:40:53.870 D/til@system( 2026): til_get_system_param option:100001D int:3, bool:3, ret:0
07-05 21:40:53.870 E/til     ( 2026): [til_get_current_input_source, 101] 
07-05 21:40:53.870 I/TVMW@HsTvSetting( 1234): Trace cmd, data = 0x7007
07-05 21:40:53.870 I/tilwrapper@sm( 2026): HS2TIL_SourceType *hs=0xd, *til=0x900
07-05 21:40:53.870 D/til     ( 2026): get current source 2304
07-05 21:40:53.870 D/SourceRemoteServiceHandler( 2026): getCurrentInputSource.from.til.result is 0, value is 2304
07-05 21:40:53.870 D/SourceRemoteServiceHandler( 2026): getInputSourceType source: 0x900, type=2304
07-05 21:40:53.870 D/til     ( 2026): ###### func:til_get_picture_param option:0x3000006 ######  
07-05 21:40:53.871 I/TVMW@HsTvSetting( 1234): Trace cmd, data = 0x1003
07-05 21:40:53.871 I/TVMW@HsTvSetting( 1234): Trace cmd, data = 0x8032
07-05 21:40:53.871 I/hstvos  ( 1216): [0m[1;33m[HSHAL][HS_VIDEO][HS_HAL_Video_SetOsdDetect_v2][2389]u16Threshold = 20
07-05 21:40:53.871 I/MiSysSrv( 1214): Not support now! 42, change to mm_video!!!
07-05 21:40:53.872 E/TVMW@videoctrl( 1234):  getOsd is 1
07-05 21:40:53.872 D/til@system( 2026): til_get_system_param option:1000027 int:1, bool:1, ret:0
07-05 21:40:53.872 D/til     ( 2026): ###### func:til_get_picture_param option:0x3000045 ######  
07-05 21:40:53.872 I/TVMW@HsTvSetting( 1234): Trace cmd, data = 0x300c
07-05 21:40:53.872 I/TVMW@HsTvSetting( 1234): Trace 3d, data = 0x300c
07-05 21:40:53.872 I/TVMW@3d ( 1234): Hs_debug3d_trace: func:get3dStatus, line:109
07-05 21:40:53.893 D/OsdMonitorService( 1733): mCurrentWindow = com.hisense.hicloud.edca/com.hisense.tvui.newhome.HomeMainActivity; newWindow = com.hisense.hicloud.edca/com.hisense.tvui.newhome.HomeMainActivity; isSubWindow = false; isInWinList = false; isExitNow = false
07-05 21:40:53.893 D/OsdMonitorService( 1733): windowNotOsd() : name = com.hisense.hicloud.edca/com.hisense.tvui.newhome.HomeMainActivity
07-05 21:40:53.893 I/OsdMonitorService( 1733): setOsdStatus() : status will change from true to true
07-05 21:40:53.894 D/PowerManagerService( 1733): setScreenBrightnessOverrideFromWindowManagerInternal done
07-05 21:40:53.896 D/Surface ( 5084): onStatusChange() : mNativeObject = 0 mUseImageHwRender = false
07-05 21:40:53.899 I/        ( 5084): W = 90, H = 90
07-05 21:40:53.903 D/HiNetworkImpl( 5084): doHttp_Asyn(): onReqResponse isSuccessful = true, back from thread: main
07-05 21:40:53.903 I/HiNetworkImpl( 5084): doHttp_Asyn(): onSuccess clazz = class com.hisense.sdk.domain.DetailCollectionStatus, back from thread: main
07-05 21:40:53.903 D/DetailPlayActivity( 5084): getDetailCollectionStatus,onSuccess
07-05 21:40:53.906 D/DetailVideoPlayerContainer( 5084): receive,CONNECTIVITY_ACTION,mDetailListener:com.hisense.hicloud.edca.mediaplayer.activity.DetailPlayActivity@359a31f7
07-05 21:40:53.906 D/DetailVideoPlayerContainer( 5084): receive,CONNECTIVITY_ACTION,mDetailListener.isActivityResume():false
07-05 21:40:53.908 D/DetailCourseSelectorView( 5084): sunliqin,setPlayIcon,set last video flag is true
07-05 21:40:53.908 D/DetailCourseSelectorView( 5084): sunliqin,setPlayIcon,findposition view is not null
07-05 21:40:53.908 D/DetailCourseSelectorView( 5084): GGGGGGGGGGGGGGGGGGGGGGGGGG,mPosition: 0
07-05 21:40:53.909 W/SurfaceFlinger( 1204): couldn't log to binary event log: overflow.
07-05 21:40:53.912 D/DetailCourseSelectorView( 5084): sunliqin,no focus, set course play icon is selected
07-05 21:40:53.912 D/DetailCourseSelectorView( 5084): 22after scroll,mindex is : 0
07-05 21:40:53.912 D/DetailVideoPlayerContainer( 5084): receive,CONNECTIVITY_ACTION,mDetailListener:com.hisense.hicloud.edca.mediaplayer.activity.DetailPlayActivity@359a31f7
07-05 21:40:53.912 D/DetailVideoPlayerContainer( 5084): receive,CONNECTIVITY_ACTION,mDetailListener.isActivityResume():false
07-05 21:40:53.912 D/DetailCourseSelectorView( 5084): sunliqin,setPlayIcon,set last video flag is true
07-05 21:40:53.912 D/DetailCourseSelectorView( 5084): sunliqin,setPlayIcon,findposition view is not null
07-05 21:40:53.912 D/DetailCourseSelectorView( 5084): GGGGGGGGGGGGGGGGGGGGGGGGGG,mPosition: 0
07-05 21:40:53.912 D/DetailCourseSelectorView( 5084): sunliqin,no focus, set course play icon is selected
07-05 21:40:53.913 D/DetailCourseSelectorView( 5084): 22after scroll,mindex is : 0
07-05 21:40:53.913 D/DetailCourseSelectorView( 5084): sunliqin,setPlayIcon,set last video flag is true
07-05 21:40:53.913 D/DetailCourseSelectorView( 5084): sunliqin,setPlayIcon,findposition view is not null
07-05 21:40:53.913 D/DetailCourseSelectorView( 5084): GGGGGGGGGGGGGGGGGGGGGGGGGG,mPosition: 0
07-05 21:40:53.917 D/DetailCourseSelectorView( 5084): sunliqin,no focus, set course play icon is selected
07-05 21:40:53.917 D/DetailCourseSelectorView( 5084): 22after scroll,mindex is : 0
07-05 21:40:53.928 I/MyFragmentStateAdapter( 5084): getCount
07-05 21:40:53.950 D/gralloc ( 1204): allocate buffer from ION HEAP 0x1
07-05 21:40:53.950 D/gralloc ( 1204): allocate memory from system heap
07-05 21:40:53.955 D/MediaHTTPConnection( 5084): close inputstream
07-05 21:40:53.956 D/MediaHTTPConnection( 5084): hitting http://jhxvideo-ws.video-tx.com/rendition/201705/205989353451683841/205989353451684353/bb/243216185158536196/243216215223308548/r243216215223308548-3200k-1920x1080.mp4?wsSecret=242d36525a65eb726c4870e14095d896&wsTime=595cec62
07-05 21:40:53.970 D/PowerManagerService( 1733): releaseWakeLockInternal: lock=681732318 [ActivityManager-Launch], flags=0x0
07-05 21:40:53.970 D/PowerManagerNotifier( 1733): onWakeLockReleased: flags=1, tag="ActivityManager-Launch", packageName=android, ownerUid=1000, ownerPid=1733, workSource=null
07-05 21:40:53.971 I/MiSysSrv( 1214): [37m[INFO] Change to Voltage: 112 mv (0x2D)[m
07-05 21:40:53.979 I/NotificationService( 1733): cancelToast pkg=com.hisense.hicloud.edca callback=android.app.ITransientNotification$Stub$Proxy@230804d6
07-05 21:40:53.979 W/NotificationService( 1733): Toast already cancelled. pkg=com.hisense.hicloud.edca callback=android.app.ITransientNotification$Stub$Proxy@230804d6
07-05 21:40:53.979 D/DetailPlayActivity( 5084): ---------------------------onstop,release player!!!
07-05 21:40:53.979 D/DetailVideoPlayerContainer( 5084): releasePlayer,mIsAutoFlag:true
07-05 21:40:53.979 D/DetailVideoPlayerContainer( 5084): sunliqin,releasePlayer(),mPosition:0 mPlayLimitTime:0
07-05 21:40:53.980 D/DetailVideoPlayerContainer( 5084): autoRecordPlayHistroymPosition:0     mDuration:0 mPlayLimitTime:0  mIsAutoFlag:true
07-05 21:40:53.980 D/DetailVideoPlayerContainer( 5084): releasePlayer(,histroy,mDuration:0  total:48  mIndex + 11
07-05 21:40:53.980 D/VideoInfo( 5084): reportVideoExit,position:0
07-05 21:40:53.989 I/edu     ( 5084): ---------- ==>1002
07-05 21:40:53.989 D/EduSourcePlayerHelper( 5084): journalVideoExit(): content://com.hisense.data.edu/external_player_action?action=logging&source=EDU&event=video_exit&programSeriesId=3535&episodeId=35351&resolution=11&ts=1499262053&position=0&error_code=null&typeCode=1002&classId=&topicTitle=
07-05 21:40:53.993 D/DetailPlayActivity( 5084): ---------------------------onstop,isReleased:true
07-05 21:40:53.994 D/EduSourcePlayerHelper( 5084): opening cursor content://com.hisense.data.edu/external_player_action?action=logging&source=EDU&event=video_exit&programSeriesId=3535&episodeId=35351&resolution=11&ts=1499262053&position=0&error_code=null&typeCode=1002&classId=&topicTitle=
07-05 21:40:53.994 I/ContentProvider( 5084): --EduProvider--query--insert db--
07-05 21:40:53.995 D/DetailPlayActivity( 5084): ---------------------------ondestroy
07-05 21:40:53.995 I/FirstLineAdapter( 5084): canShowTrailer,isOffline=false
07-05 21:40:53.996 D/DetailVideoPlayerContainer( 5084): reportVideoEndLog!!!!!current videos id is : 35351
07-05 21:40:53.997 D/til@system( 2026): til_get_system_param option:1000007 int:-1936523008, bool:0, ret:0
07-05 21:40:53.997 D/til@system( 2026): til_get_system_param option:1000009 int:-1815634176, bool:0, ret:0
07-05 21:40:53.998 D/til@system( 2026): til_get_system_param option:1000008 int:-1936525184, bool:128, ret:0
07-05 21:40:53.998 D/HiSDKLogReport( 5084): getOperationDetail-productName : LED50MU8600UC
07-05 21:40:53.998 D/HiSDKLogReport( 5084): getOperationDetail-plmNumber : 88888
07-05 21:40:53.998 D/HiSDKLogReport( 5084): getOperationDetail-swVersion : V0000.00.01A
07-05 21:40:53.998 D/HiSDKLogReport( 5084): getOperationDetail-operationDetail : LED50MU8600UC0000888
07-05 21:40:53.998 D/HiSDKLogReport( 5084): businessLogReport-log : {eventType=229, APPVersionName=3.0.0.9.00, devid=86100300900000500000060a4818fca8, uuid=13287129, APIversion=501, duration=0, eventcode=229009, logversion=2.0, devType=0, eventPos=009, ChannelId=0, version=00.002.003, subscriberId=13287129, PFAPPCode=652, softwareVersion=LED50MU8600UC0000888, srceventcode=207000, videoid=35351, srcmediaid=, mac=a8:a6:48:18:fc:a8, accessToken=72DF6038D2AEAB8A76DFBBBBCC428A4A_000424241545700, srcoriginal=1, APPPackage=com.hisense.hicloud.edca, mediaid=3535, sessionid=0b72713681694704ae6ac8cad2de54d1, requesttime=1499262053998, customerId=7195320, model_id=0, requestid=8c83bf5c89d0428388960435d3b602d2, tv_distribute_id=00, APIVersion=600, issysrepo=0}
07-05 21:40:53.999 D/DetailVideoPlayerContainer( 5084): onDestroy() --
07-05 21:40:54.005 I/edu     ( 5084): 000000000 ==>mTypeCode = 1002
07-05 21:40:54.005 D/ContentProvider( 5084): zhangxiaokai,getmImageIconUrl():http://picture.edu.hismarttv.com/images/20170629/.jpg
07-05 21:40:54.005 D/ContentProvider( 5084): zhangxiaokai,getTitle()
07-05 21:40:54.006 D/ContentProvider( 5084): zhangxiaokai,getTotalTime():0
07-05 21:40:54.006 D/ContentProvider( 5084): zhangxiaokai getIs_fee():1
07-05 21:40:54.006 W/System.err( 5084): java.net.ConnectException: failed to connect to /10.18.210.112 (port 8900) after 6000ms: isConnected failed: ECONNREFUSED (Connection refused)
07-05 21:40:54.006 W/System.err( 5084): 	at libcore.io.IoBridge.isConnected(IoBridge.java:238)
07-05 21:40:54.006 W/System.err( 5084): 	at libcore.io.IoBridge.connectErrno(IoBridge.java:171)
07-05 21:40:54.006 W/System.err( 5084): 	at libcore.io.IoBridge.connect(IoBridge.java:122)
07-05 21:40:54.006 W/System.err( 5084): 	at java.net.PlainSocketImpl.connect(PlainSocketImpl.java:183)
07-05 21:40:54.006 W/System.err( 5084): 	at java.net.PlainSocketImpl.connect(PlainSocketImpl.java:456)
07-05 21:40:54.006 W/System.err( 5084): 	at java.net.Socket.connect(Socket.java:882)
07-05 21:40:54.006 W/System.err( 5084): 	at com.android.okhttp.internal.Platform.connectSocket(Platform.java:174)
07-05 21:40:54.006 W/System.err( 5084): 	at com.android.okhttp.Connection.connect(Connection.java:152)
07-05 21:40:54.006 W/System.err( 5084): 	at com.android.okhttp.internal.http.HttpEngine.connect(HttpEngine.java:276)
07-05 21:40:54.006 W/System.err( 5084): 	at com.android.okhttp.internal.http.HttpEngine.sendRequest(HttpEngine.java:211)
07-05 21:40:54.006 W/System.err( 5084): 	at com.android.okhttp.internal.http.HttpURLConnectionImpl.execute(HttpURLConnectionImpl.java:382)
07-05 21:40:54.007 D/PowerManagerService( 1733): setScreenBrightnessOverrideFromWindowManagerInternal done
07-05 21:40:54.006 W/System.err( 5084): 	at com.android.okhttp.internal.http.HttpURLConnectionImpl.connect(HttpURLConnectionImpl.java:106)
07-05 21:40:54.007 W/System.err( 5084): 	at com.hisense.hitv.hicloud.util.ExceptionReport.a(ExceptionReport.java:337)
07-05 21:40:54.008 W/System.err( 5084): 	at com.hisense.hitv.hicloud.util.ExceptionReport.a(ExceptionReport.java:39)
07-05 21:40:54.008 W/System.err( 5084): 	at com.hisense.hitv.hicloud.util.ExceptionReport$1.run(ExceptionReport.java:83)
07-05 21:40:54.008 W/System.err( 5084): 	at java.lang.Thread.run(Thread.java:818)
07-05 21:40:54.008 W/System.err( 5084): Caused by: android.system.ErrnoException: isConnected failed: ECONNREFUSED (Connection refused)
07-05 21:40:54.008 W/System.err( 5084): 	at libcore.io.IoBridge.isConnected(IoBridge.java:223)
07-05 21:40:54.008 W/System.err( 5084): 	... 15 more
07-05 21:40:54.009 D/OsdMonitorService( 1733): mCurrentWindow = com.hisense.hicloud.edca/com.hisense.tvui.newhome.HomeMainActivity; newWindow = com.hisense.hicloud.edca/com.hisense.tvui.newhome.HomeMainActivity; isSubWindow = false; isInWinList = false; isExitNow = false
07-05 21:40:54.009 D/OsdMonitorService( 1733): windowNotOsd() : name = com.hisense.hicloud.edca/com.hisense.tvui.newhome.HomeMainActivity
07-05 21:40:54.009 I/OsdMonitorService( 1733): setOsdStatus() : status will change from true to true
07-05 21:40:54.015 I/FirstLineAdapter( 5084): canShowTrailer,isOffline=false
07-05 21:40:54.015 I/FirstLineAdapter( 5084): canShowTrailer,isOffline=false
07-05 21:40:54.015 I/FirstLineAdapter( 5084): canShowTrailer,isOffline=false
07-05 21:40:54.016 I/FirstLineAdapter( 5084): canShowTrailer,isOffline=false
07-05 21:40:54.016 I/FirstLineAdapter( 5084): canShowTrailer,isOffline=false
07-05 21:40:54.016 I/FirstLineAdapter( 5084): canShowTrailer,isOffline=false
07-05 21:40:54.016 I/FirstLineAdapter( 5084): canShowTrailer,isOffline=false
07-05 21:40:54.016 I/FirstLineAdapter( 5084): onCreateViewHolder viewtype=4
07-05 21:40:54.021 I/FirstLineAdapter( 5084): onBindViewHolder 6
07-05 21:40:54.021 I/FirstLineAdapter( 5084): canShowTrailer,isOffline=false
07-05 21:40:54.021 I/FirstLineAdapter( 5084): canShowTrailer modify
07-05 21:40:54.021 I/FirstLineAdapter( 5084): setMasterData6
07-05 21:40:54.021 I/FirstLineAdapter( 5084): set current pos = 2
07-05 21:40:54.021 D/sloven  ( 5084): 2005---false
07-05 21:40:54.021 D/sloven  ( 5084): 2005
07-05 21:40:54.022 I/FirstLineAdapter( 5084): canShowTrailer,isOffline=false
07-05 21:40:54.022 I/FirstLineAdapter( 5084): canShowTrailer,isOffline=false
07-05 21:40:54.022 I/FirstLineAdapter( 5084): onCreateViewHolder viewtype=4
07-05 21:40:54.023 D/HttpHandler( 5084): VerifySignInterCeptor-->request.url()=http://picture.edu.hismarttv.com/images/20170628114649773760.jpg
07-05 21:40:54.023 D/HttpHandler( 5084): VerifySignInterCeptor-->hostname=picture.edu.hismarttv.com
07-05 21:40:54.024 D/OkHttp  ( 5084): --> GET http://picture.edu.hismarttv.com/images/20170628114649773760.jpg http/1.1
07-05 21:40:54.024 D/OkHttp  ( 5084): Host: picture.edu.hismarttv.com
07-05 21:40:54.024 D/OkHttp  ( 5084): Connection: Keep-Alive
07-05 21:40:54.024 D/OkHttp  ( 5084): Accept-Encoding: gzip
07-05 21:40:54.024 D/OkHttp  ( 5084): User-Agent: okhttp/3.6.0
07-05 21:40:54.024 D/OkHttp  ( 5084): --> END GET
07-05 21:40:54.026 E/btif_config( 2964): [btif_config_get] node is TRUE!
07-05 21:40:54.026 E/btif_config( 2964): [btif_config_get] ret is TRUE!
07-05 21:40:54.029 I/FirstLineAdapter( 5084): onBindViewHolder 7
07-05 21:40:54.029 I/FirstLineAdapter( 5084): canShowTrailer,isOffline=false
07-05 21:40:54.029 I/FirstLineAdapter( 5084): canShowTrailer modify
07-05 21:40:54.029 I/FirstLineAdapter( 5084): setMasterData7
07-05 21:40:54.029 I/FirstLineAdapter( 5084): set current pos = 3
07-05 21:40:54.029 D/sloven  ( 5084): 2005---false
07-05 21:40:54.029 D/sloven  ( 5084): 2005
07-05 21:40:54.029 I/FirstLineAdapter( 5084): canShowTrailer,isOffline=false
07-05 21:40:54.031 D/HttpHandler( 5084): VerifySignInterCeptor-->request.url()=http://picture.edu.hismarttv.com/images/20170628114944634008.jpg
07-05 21:40:54.031 D/HttpHandler( 5084): VerifySignInterCeptor-->hostname=picture.edu.hismarttv.com
07-05 21:40:54.031 I/MyItemDecoration( 5084): getItemOffsets rect=Rect(-6, 0 - 0, 0),pos=6
07-05 21:40:54.032 D/OkHttp  ( 5084): --> GET http://picture.edu.hismarttv.com/images/20170628114944634008.jpg http/1.1
07-05 21:40:54.032 D/OkHttp  ( 5084): Host: picture.edu.hismarttv.com
07-05 21:40:54.032 D/OkHttp  ( 5084): Connection: Keep-Alive
07-05 21:40:54.032 D/OkHttp  ( 5084): Accept-Encoding: gzip
07-05 21:40:54.032 D/OkHttp  ( 5084): User-Agent: okhttp/3.6.0
07-05 21:40:54.032 D/OkHttp  ( 5084): --> END GET
07-05 21:40:54.032 I/MyItemDecoration( 5084): getItemOffsets rect=Rect(-6, -5 - 0, 0),pos=7
07-05 21:40:54.033 I/FirstLineAdapter( 5084): canShowTrailer,isOffline=false
07-05 21:40:54.033 I/FirstLineAdapter( 5084): canShowTrailer,isOffline=false
07-05 21:40:54.033 I/FirstLineAdapter( 5084): onCreateViewHolder viewtype=0
07-05 21:40:54.036 I/FirstLineAdapter( 5084): onBindViewHolder 0
07-05 21:40:54.036 D/MediaHTTPConnection( 5084): [Connection@381420336] response.heeader.null = HTTP/1.1 206 Partial Content
07-05 21:40:54.036 D/MediaHTTPConnection( 5084): [Connection@381420336] response.heeader.Accept-Ranges = bytes
07-05 21:40:54.036 D/MediaHTTPConnection( 5084): [Connection@381420336] response.heeader.Age = 2165423
07-05 21:40:54.036 D/MediaHTTPConnection( 5084): [Connection@381420336] response.heeader.Cache-Control = max-age=5184000
07-05 21:40:54.036 D/MediaHTTPConnection( 5084): [Connection@381420336] response.heeader.Connection = keep-alive
07-05 21:40:54.036 D/MediaHTTPConnection( 5084): [Connection@381420336] response.heeader.Content-Length = 128
07-05 21:40:54.037 D/MediaHTTPConnection( 5084): [Connection@381420336] response.heeader.Content-MD5 = b0d2FgZ34VxS2J9TYuIjgA==
07-05 21:40:54.037 D/MediaHTTPConnection( 5084): [Connection@381420336] response.heeader.Content-Range = bytes 218840569-218840696/218840697
07-05 21:40:54.037 D/MediaHTTPConnection( 5084): [Connection@381420336] response.heeader.Content-Type = application/octet-stream
07-05 21:40:54.037 D/MediaHTTPConnection( 5084): [Connection@381420336] response.heeader.Date = Sat, 10 Jun 2017 12:11:49 GMT
07-05 21:40:54.037 D/MediaHTTPConnection( 5084): [Connection@381420336] response.heeader.ETag = "6F4776160677E15C52D89F5362E22380"
07-05 21:40:54.037 D/MediaHTTPConnection( 5084): [Connection@381420336] response.heeader.Last-Modified = Mon, 08 May 2017 17:24:17 GMT
07-05 21:40:54.037 D/MediaHTTPConnection( 5084): [Connection@381420336] response.heeader.Server = nginx/1.2.4
07-05 21:40:54.037 D/MediaHTTPConnection( 5084): [Connection@381420336] response.heeader.Via = 1.1 chshx150:7 (Cdn Cache Server V2.0)[0 200 0], 1.1 sdbz31:0 (Cdn Cache Server V2.0)[26 200 0], 1.1 tongxiazai20:3 (Cdn Cache Server V2.0)[0 200 0]
07-05 21:40:54.037 D/MediaHTTPConnection( 5084): [Connection@381420336] response.heeader.X-Android-Received-Millis = 1499262054036
07-05 21:40:54.037 D/MediaHTTPConnection( 5084): [Connection@381420336] response.heeader.X-Android-Response-Source = NETWORK 206
07-05 21:40:54.037 D/MediaHTTPConnection( 5084): [Connection@381420336] response.heeader.X-Android-Sent-Millis = 1499262053991
07-05 21:40:54.037 D/MediaHTTPConnection( 5084): [Connection@381420336] response.heeader.x-oss-hash-crc64ecma = 10858506031335928878
07-05 21:40:54.037 D/MediaHTTPConnection( 5084): [Connection@381420336] response.heeader.x-oss-object-type = Normal
07-05 21:40:54.037 D/MediaHTTPConnection( 5084): [Connection@381420336] response.heeader.x-oss-request-id = 591D64783FEA2FF75DF4AA6E
07-05 21:40:54.037 D/MediaHTTPConnection( 5084): [Connection@381420336] response.heeader.x-oss-server-time = 46
07-05 21:40:54.037 D/MediaHTTPConnection( 5084): [Connection@381420336] response.heeader.x-oss-storage-class = Standard
07-05 21:40:54.038 I/NuCachedSource2( 1206): caching reached eos.
07-05 21:40:54.038 V/NuPlayer( 1206): Video input format 1920 x 1080
07-05 21:40:54.038 V/NuPlayer( 1206): updateVideoSize::rotationDegrees=0
07-05 21:40:54.038 W/avc_utils( 1206): [3D detect]It is not SEI Nal
07-05 21:40:54.038 E/NuPlayerDriver( 1206): notifyDuration (538083333)
07-05 21:40:54.038 W/avc_utils( 1206): [3D detect]It is not SEI Nal
07-05 21:40:54.038 W/avc_utils( 1206): [3D detect]It is not SEI Nal
07-05 21:40:54.045 D/OkHttp  ( 5084): <-- 200 OK http://picture.edu.hismarttv.com/images/20170628114649773760.jpg (20ms)
07-05 21:40:54.045 D/OkHttp  ( 5084): Date: Tue, 04 Jul 2017 07:48:46 GMT
07-05 21:40:54.045 D/OkHttp  ( 5084): Server: nginx
07-05 21:40:54.045 D/OkHttp  ( 5084): Content-Type: image/jpeg
07-05 21:40:54.045 D/OkHttp  ( 5084): Content-Length: 39955
07-05 21:40:54.045 D/OkHttp  ( 5084): Last-Modified: Wed, 28 Jun 2017 11:46:49 GMT
07-05 21:40:54.045 I/NuCachedSource2( 1206): new range: offset= 1572864
07-05 21:40:54.045 D/OkHttp  ( 5084): ETag: "59539729-9c13"
07-05 21:40:54.045 D/OkHttp  ( 5084): Accept-Ranges: bytes
07-05 21:40:54.045 I/NuCachedSource2( 1206): seekInternal_l ---- totalSize: 1572992
07-05 21:40:54.045 D/OkHttp  ( 5084): Age: 107527
07-05 21:40:54.045 D/OkHttp  ( 5084): Via: 1.1 jnwt245:1 (Cdn Cache Server V2.0)[8 200 0], 1.1 changwangtong80:2 (Cdn Cache Server V2.0)[0 200 0]
07-05 21:40:54.045 D/OkHttp  ( 5084): Connection: keep-alive
07-05 21:40:54.045 D/OkHttp  ( 5084): <-- END HTTP
07-05 21:40:54.046 D/HttpHandler( 5084): RetryIntercepter-->retryNum=0
07-05 21:40:54.046 D/HttpHandler( 5084): RetryIntercepter-->backoffmutiplier=0
07-05 21:40:54.049 I/FirstLineAdapter( 5084): canShowTrailer,isOffline=false
07-05 21:40:54.049 I/FirstLineAdapter( 5084): canShowTrailer,isOffline=false
07-05 21:40:54.051 I/FirstLineAdapter( 5084): canShowTrailer,isOffline=false
07-05 21:40:54.052 I/FirstLineAdapter( 5084): canShowTrailer,isOffline=false
07-05 21:40:54.052 I/FirstLineAdapter( 5084): canShowTrailer,isOffline=false
07-05 21:40:54.052 I/FirstLineAdapter( 5084): canShowTrailer,isOffline=false
07-05 21:40:54.053 I/FirstLineAdapter( 5084): onViewDetachedFromWindow 
07-05 21:40:54.053 I/FirstLineAdapter( 5084): onViewRecycledViewHolder{727a332 position=7 id=-1, oldPos=-1, pLpos:-1}
07-05 21:40:54.053 I/FirstLineAdapter( 5084): release NormalViewHolder
07-05 21:40:54.053 I/FirstLineAdapter( 5084): onViewDetachedFromWindow 
07-05 21:40:54.053 I/FirstLineAdapter( 5084): onViewRecycledViewHolder{1831401 position=6 id=-1, oldPos=-1, pLpos:-1}
07-05 21:40:54.053 I/FirstLineAdapter( 5084): release NormalViewHolder
07-05 21:40:54.053 I/FirstLineAdapter( 5084): canShowTrailer,isOffline=false
07-05 21:40:54.055 D/Carousel-CarouselView( 5084): ============>onScrollChanged hashCode:105475394
07-05 21:40:54.055 D/Carousel-CarouselDisplayPlayerLayout( 5084): isFullScreen:false
07-05 21:40:54.062 V/HotPlugDetectionAction( 1733): Poll all devices.
07-05 21:40:54.063 D/gralloc ( 1204): allocate buffer from ION HEAP 0x1
