07-05 23:29:02.675 I/NetflixMonitorService( 1733): current fgapk : com.hisense.hicloud.edca
07-05 23:29:02.675 I/NetflixMonitorService( 1733): Netflix status unchanged
07-05 23:29:02.689 I/FirstLineAdapter(31703): canShowTrailer,isOffline=false
07-05 23:29:02.707 I/TVMW@devctrl( 1234): wdt
07-05 23:29:02.710 D/OkHttp  (31703): <-- 200 OK http://picture.edu.hismarttv.com/images/20170628102959016598.jpg (64ms)
07-05 23:29:02.712 E/TabView (31703): tab2
07-05 23:29:02.712 D/TabView (31703): SLOVEN mTopmBorderTop===>:0266
07-05 23:29:02.712 D/TabView (31703): tab scroll up listview
07-05 23:29:02.713 D/TabFocusBorderView(31703): SLOVEN justchangeWidth
07-05 23:29:02.713 D/TabFocusBorderView(31703): SLOVEN widthmWidth===>:220220
07-05 23:29:02.713 D/TabFocusBorderView(31703): SLOVEN onAnimationStart
07-05 23:29:02.713 D/TabView (31703): SLOVEN mTopmBorderTop===>:407266
07-05 23:29:02.714 D/TabView (31703): setSelectedTabView
07-05 23:29:02.726 I/RoleContentFragment(31703): setBackGroundUrl=http://picture.edu.hismarttv.com/images/20170628104504467308.jpg,view=android.support.v4.widget.SlidingPaneLayout{173d9633 V.ED.... ......ID 0,0-1920,1080 #7f0d00af app:id/slide_layout}
07-05 23:29:02.730 D/HiNetworkImpl(31703): doHttp_Asyn(): onReqResponse isSuccessful = true, back from thread: main
07-05 23:29:02.730 E/WebcastSDK-WebcastManager(31703): finally setAppServiceDomainList.
07-05 23:29:02.731 D/Carousel-MyListView(31703): onItemSelected position:1
07-05 23:29:02.731 D/Carousel-CarouselListView(31703): onItemSelected position:1,type:3
07-05 23:29:02.736 D/OkHttp  (31703): Date: Mon, 03 Jul 2017 11:02:37 GMT
07-05 23:29:02.736 D/OkHttp  (31703): Server: nginx
07-05 23:29:02.736 D/OkHttp  (31703): Content-Type: image/jpeg
07-05 23:29:02.736 D/OkHttp  (31703): Content-Length: 40292
07-05 23:29:02.736 D/OkHttp  (31703): Last-Modified: Wed, 28 Jun 2017 10:29:59 GMT
07-05 23:29:02.736 D/OkHttp  (31703): ETag: "59538527-9d64"
07-05 23:29:02.736 D/OkHttp  (31703): Accept-Ranges: bytes
07-05 23:29:02.736 D/OkHttp  (31703): Age: 188785
07-05 23:29:02.736 D/OkHttp  (31703): Via: 1.1 chzhwt171:6 (Cdn Cache Server V2.0)[0 200 0], 1.1 angtong95:1 (Cdn Cache Server V2.0)[0 200 0]
07-05 23:29:02.736 D/OkHttp  (31703): Connection: keep-alive
07-05 23:29:02.736 D/OkHttp  (31703): <-- END HTTP
07-05 23:29:02.745 D/HomeMainActivity(31703): local vipDialogStr id list is : 
07-05 23:29:02.745 I/HomeMainActivity(31703): mBeginHttpTime : 17384317
07-05 23:29:02.745 V/HttpDnsUtils(31703): getUserType(): --url = http://api.edu.hismarttv.com/payment/api/query/user_type/dialog_info
07-05 23:29:02.746 I/HttpBuilder(31703): addUrlPublicParams mUrl ==>http://api.edu.hismarttv.com/payment/api/query/user_type/dialog_info?orderType=0
07-05 23:29:02.747 D/til@system( 2026): til_get_system_param option:1000007 int:-1936525184, bool:128, ret:0
07-05 23:29:02.749 D/til@system( 2026): til_get_system_param option:1000009 int:-1815634176, bool:0, ret:0
07-05 23:29:02.753 D/til@system( 2026): til_get_system_param option:1000008 int:-1936522112, bool:128, ret:0
07-05 23:29:02.753 D/HttpBuilder(31703): getOperationDetail-productName : LED50MU8600UC
07-05 23:29:02.753 D/HttpBuilder(31703): getOperationDetail-plmNumber : 88888
07-05 23:29:02.753 D/HttpBuilder(31703): getOperationDetail-swVersion : V0000.00.01A
07-05 23:29:02.753 D/HttpBuilder(31703): getOperationDetail-operationDetail : LED50MU8600UC0000888
07-05 23:29:02.782 I/HttpBuilder(31703): addUrlPublicParams mUrl ==>http://api.edu.hismarttv.com/payment/api/query/user_type/dialog_info?orderType=0&uuid=13287129&mac=a8:a6:48:18:fc:a8&devid=86100300900000500000060a4818fca8&version=00.002.003&subscriberId=13287129&customerId=7195320&model_id=0&APPPackage=com.hisense.hicloud.edca&PFAPPCode=652&APPVersionName=3.0.0.9.00&ChannelId=0&softwareVersion=LED50MU8600UC0000888&tv_distribute_id=00&devType=0&APIVersion=600&accessToken=72DF6038D2AEAB8A76DFBBBBCC428A4A_002395564730399
07-05 23:29:02.793 I/HiNetworkImpl(31703): doHttp_Asyn(): onSuccess clazz = class com.hisense.tvui.newhome.bean.SelectionBean, back from thread: main
07-05 23:29:02.793 I/HomeDataPresenter(31703): getRecommandData() onSuccess: RoleContentFragment596838169
07-05 23:29:02.793 I/RoleContentFragment(31703): recommandlist={10003=0, 10002=8}
07-05 23:29:02.793 I/RoleContentFragment(31703): lineIndex=0,id=10002,pos=8
07-05 23:29:02.793 I/RoleContentFragment(31703): ,addItemSize=25
07-05 23:29:02.793 I/RoleContentFragment(31703): origin pos=8
07-05 23:29:02.793 I/RoleContentFragment(31703): offset pos=2
07-05 23:29:02.793 I/RoleContentFragment(31703): array size=11
07-05 23:29:02.794 I/RoleContentFragment(31703): lineIndex=1,id=10003,pos=0
07-05 23:29:02.794 I/RoleContentFragment(31703): ,addItemSize=24
07-05 23:29:02.794 I/RoleContentFragment(31703): origin pos=0
07-05 23:29:02.794 I/RoleContentFragment(31703): offset pos=2
07-05 23:29:02.794 I/RoleContentFragment(31703): array size=11
07-05 23:29:02.794 I/FirstLineAdapter(31703): canShowTrailer,isOffline=false
07-05 23:29:02.796 D/Carousel-Utils(31703): onResourceReady.
07-05 23:29:02.812 I/MyFragmentStateAdapter(31703): getCount
07-05 23:29:02.840 I/MyFragmentStateAdapter(31703): getCount
07-05 23:29:02.840 I/MyFragmentStateAdapter(31703): getCount
07-05 23:29:02.840 I/MyFragmentStateAdapter(31703): getCount
07-05 23:29:02.840 I/MyFragmentStateAdapter(31703): getCount
07-05 23:29:02.841 I/TabView (31703): onScroll:,firstItem=0,visibleCount=6,totalCount=10
07-05 23:29:02.845 I/FirstLineAdapter(31703): canShowTrailer,isOffline=false
07-05 23:29:02.845 I/FirstLineAdapter(31703): canShowTrailer,isOffline=false
07-05 23:29:02.846 I/FirstLineAdapter(31703): canShowTrailer,isOffline=false
07-05 23:29:02.846 I/FirstLineAdapter(31703): canShowTrailer,isOffline=false
07-05 23:29:02.846 I/FirstLineAdapter(31703): canShowTrailer,isOffline=false
07-05 23:29:02.846 I/FirstLineAdapter(31703): canShowTrailer,isOffline=false
07-05 23:29:02.846 I/FirstLineAdapter(31703): canShowTrailer,isOffline=false
07-05 23:29:02.850 D/HttpHandler(31703): VerifySignInterCeptor-->request.url()=http://api.edu.hismarttv.com/payment/api/query/user_type/dialog_info?orderType=0&uuid=13287129&mac=a8:a6:48:18:fc:a8&devid=86100300900000500000060a4818fca8&version=00.002.003&subscriberId=13287129&customerId=7195320&model_id=0&APPPackage=com.hisense.hicloud.edca&PFAPPCode=652&APPVersionName=3.0.0.9.00&ChannelId=0&softwareVersion=LED50MU8600UC0000888&tv_distribute_id=00&devType=0&APIVersion=600&accessToken=72DF6038D2AEAB8A76DFBBBBCC428A4A_002395564730399
07-05 23:29:02.850 D/HttpHandler(31703): VerifySignInterCeptor-->hostname=api.edu.hismarttv.com
07-05 23:29:02.855 D/Carousel-CarouselChannelItemView(31703): Listitem imageUrl:http://picture.edu.hismarttv.com/images/20170628102959016598.jpg
07-05 23:29:02.857 D/Carousel-CarouselChannelItemView(31703): Listitem imageUrl:http://picture.edu.hismarttv.com/images/20170628103002814396.jpg
07-05 23:29:02.857 D/HttpHandler(31703): DNSHelper-->httpDnsParser=["36.33.158.222","218.58.206.58","123.128.14.209","153.35.175.121","220.202.77.124","153.35.175.120","125.46.22.134"]
07-05 23:29:02.857 D/Carousel-Utils(31703): onResourceReady.
07-05 23:29:02.858 D/Carousel-CarouselChannelItemView(31703): Listitem imageUrl:http://picture.edu.hismarttv.com/images/20170628103009181182.jpg
07-05 23:29:02.859 D/Carousel-CarouselChannelItemView(31703): Listitem imageUrl:http://picture.edu.hismarttv.com/images/20170628102959016598.jpg
07-05 23:29:02.860 D/Carousel-CarouselChannelItemView(31703): Listitem imageUrl:http://picture.edu.hismarttv.com/images/20170628103002814396.jpg
07-05 23:29:02.860 D/Carousel-Utils(31703): onResourceReady.
07-05 23:29:02.861 D/Carousel-CarouselChannelItemView(31703): Listitem imageUrl:http://picture.edu.hismarttv.com/images/20170628103009181182.jpg
07-05 23:29:02.877 I/FirstLineAdapter(31703): canShowTrailer,isOffline=false
07-05 23:29:02.877 I/FirstLineAdapter(31703): canShowTrailer,isOffline=false
07-05 23:29:02.877 I/head    (31703): item=com.hisense.leanback.widget.ListRow@22d99b07
07-05 23:29:02.878 I/CardSelectionPresenter(31703): onViewDetachedFromWindow mTitleTx = 
07-05 23:29:02.882 I/CardSelectionPresenter(31703): onViewDetachedFromWindow mTitleTx = 
07-05 23:29:02.882 I/CardSelectionPresenter(31703): onViewDetachedFromWindow mTitleTx = 
07-05 23:29:02.883 I/CardSelectionPresenter(31703): onUnbindViewHolder mTitleTx = 
07-05 23:29:02.885 I/CardSelectionPresenter(31703): onViewDetachedFromWindow mTitleTx = 
07-05 23:29:02.885 I/CardSelectionPresenter(31703): onUnbindViewHolder mTitleTx = 
07-05 23:29:02.885 I/CardSelectionPresenter(31703): onUnbindViewHolder mTitleTx = 
07-05 23:29:02.885 I/CardSelectionPresenter(31703): onUnbindViewHolder mTitleTx = 
07-05 23:29:02.886 I/ContentBridgeAdapterListener(31703): onBind 
07-05 23:29:02.887 I/CardSelectionPresenter(31703): onCreateViewHoldercom.hisense.leanback.widget.HorizontalGridView{3d523480 VFE..... ......ID 0,0-1738,279 #7f0d038e app:id/row_content}
07-05 23:29:02.903 I/CardSelectionPresenter(31703): onBindViewHolder
07-05 23:29:02.903 D/sloven  (31703): 1002---true
07-05 23:29:02.903 I/CardSelectionPresenter(31703): width=400,height=220
07-05 23:29:02.910 W/ActivityManager( 1733): Activity destroy timeout for ActivityRecord{6f521c6 u0 com.jamdeo.launcher/.app.BaseTileActivity t5385 f}
07-05 23:29:02.936 I/CardSelectionPresenter(31703): onUnbindViewHolder mTitleTx = 
07-05 23:29:02.937 I/CardSelectionPresenter(31703): onBindViewHolder
07-05 23:29:02.937 D/sloven  (31703): 1002---true
07-05 23:29:02.937 I/CardSelectionPresenter(31703): width=400,height=220
07-05 23:29:02.938 D/hailongqiu(31703): hailongqiu position:0
07-05 23:29:02.941 I/CardSelectionPresenter(31703): onCreateViewHoldercom.hisense.leanback.widget.HorizontalGridView{3d523480 VFE..... ......ID 0,0-1738,279 #7f0d038e app:id/row_content}
07-05 23:29:02.947 D/OkHttp  (31703): --> GET http://picture.edu.hismarttv.com/images/20170628121916725281.png http/1.1
07-05 23:29:02.947 D/OkHttp  (31703): Host: picture.edu.hismarttv.com
07-05 23:29:02.947 D/OkHttp  (31703): Connection: Keep-Alive
07-05 23:29:02.947 D/OkHttp  (31703): Accept-Encoding: gzip
07-05 23:29:02.947 D/OkHttp  (31703): User-Agent: okhttp/3.6.0
07-05 23:29:02.947 D/OkHttp  (31703): --> END GET
07-05 23:29:02.948 D/HttpHandler(31703): HttpDNS-->hostname=api.edu.hismarttv.com
07-05 23:29:02.949 I/CardSelectionPresenter(31703): onBindViewHolder
07-05 23:29:02.949 D/HttpHandler(31703): RAMCache-->hostInfo.getClientTimeStamp()=17379006
07-05 23:29:02.949 D/HttpHandler(31703): RAMCache-->hostInfo.getTtl()=3600
07-05 23:29:02.949 D/sloven  (31703): 1002---true
07-05 23:29:02.949 D/HttpHandler(31703): RAMCache-->SystemClock.elapsedRealtime()=17384521
07-05 23:29:02.949 I/CardSelectionPresenter(31703): width=400,height=220
07-05 23:29:02.951 D/HttpHandler(31703): RetryIntercepter-->retryNum=0
07-05 23:29:02.951 D/HttpHandler(31703): RetryIntercepter-->backoffmutiplier=0
07-05 23:29:02.953 I/CardSelectionPresenter(31703): onCreateViewHoldercom.hisense.leanback.widget.HorizontalGridView{3d523480 VFE..... ......ID 0,0-1738,279 #7f0d038e app:id/row_content}
07-05 23:29:02.958 I/CardSelectionPresenter(31703): onBindViewHolder
07-05 23:29:02.958 D/sloven  (31703): 1002---true
07-05 23:29:02.958 I/CardSelectionPresenter(31703): width=400,height=220
07-05 23:29:02.962 I/CardSelectionPresenter(31703): onCreateViewHoldercom.hisense.leanback.widget.HorizontalGridView{3d523480 VFE..... ......ID 0,0-1738,279 #7f0d038e app:id/row_content}
07-05 23:29:02.975 I/CardSelectionPresenter(31703): onBindViewHolder
07-05 23:29:02.975 D/sloven  (31703): 1002---true
07-05 23:29:02.975 I/CardSelectionPresenter(31703): width=400,height=220
07-05 23:29:02.978 I/art     (31703): Background partial concurrent mark sweep GC freed 33243(2MB) AllocSpace objects, 7(229KB) LOS objects, 13% free, 25MB/29MB, paused 6.682ms total 221.928ms
07-05 23:29:02.979 D/NativeDecimalFormat(31703): NativeDecimalFormat_close print addr=4098416128
07-05 23:29:02.979 D/NativeDecimalFormat(31703): NativeDecimalFormat_close print g_addr=4098416896
07-05 23:29:02.979 D/NativeDecimalFormat(31703): NativeDecimalFormat_close print addr=4098416896
07-05 23:29:02.979 D/NativeDecimalFormat(31703): NativeDecimalFormat_close print g_addr=4098416896
07-05 23:29:02.981 I/CardSelectionPresenter(31703): onCreateViewHoldercom.hisense.leanback.widget.HorizontalGridView{3d523480 VFE..... ......ID 0,0-1738,279 #7f0d038e app:id/row_content}
07-05 23:29:02.986 I/CardSelectionPresenter(31703): onBindViewHolder
07-05 23:29:02.986 D/sloven  (31703): 1002---true
07-05 23:29:02.986 I/CardSelectionPresenter(31703): width=0,height=220
07-05 23:29:02.992 D/OkHttp  (31703): <-- 200 OK http://picture.edu.hismarttv.com/images/20170628121916725281.png (44ms)
07-05 23:29:02.992 D/OkHttp  (31703): Date: Wed, 05 Jul 2017 14:19:52 GMT
07-05 23:29:02.992 D/OkHttp  (31703): Server: nginx
07-05 23:29:02.992 D/OkHttp  (31703): Content-Type: image/png
07-05 23:29:02.992 D/OkHttp  (31703): Content-Length: 2555
07-05 23:29:02.992 D/OkHttp  (31703): Last-Modified: Wed, 28 Jun 2017 12:19:16 GMT
07-05 23:29:02.992 D/OkHttp  (31703): ETag: "59539ec4-9fb"
07-05 23:29:02.992 D/OkHttp  (31703): Accept-Ranges: bytes
07-05 23:29:02.992 D/OkHttp  (31703): Age: 4150
07-05 23:29:02.992 D/OkHttp  (31703): Via: 1.1 jn239:1 (Cdn Cache Server V2.0)[16 200 0], 1.1 PSahmaswt2en210:7 (Cdn Cache Server V2.0)[0 200 0]
07-05 23:29:02.992 D/OkHttp  (31703): Connection: keep-alive
07-05 23:29:02.992 D/OkHttp  (31703): <-- END HTTP
07-05 23:29:02.992 D/Carousel-CarouselView(31703): ============>onScrollChanged hashCode:752787492
07-05 23:29:02.993 D/HttpHandler(31703): RetryIntercepter-->retryNum=0
07-05 23:29:02.993 D/HttpHandler(31703): RetryIntercepter-->backoffmutiplier=0
07-05 23:29:02.994 I/UsageStatsService( 1733): User[0] Flushing usage stats to disk
07-05 23:29:02.996 D/HttpHandler(31703): DNSHelper-->gslbDns=["123.103.91.123"]
07-05 23:29:03.011 I/TVMW@HsTvSetting( 1234): Trace cmd, data = 0x1058
07-05 23:29:03.011 D/til@system( 2026): til_get_system_param option:100002F int:0, bool:0, ret:0
07-05 23:29:03.012 I/TVMW@HsTvSetting( 1234): Trace cmd, data = 0x101f
07-05 23:29:03.012 D/til@system( 2026): til_get_system_param option:100001D int:3, bool:3, ret:0
07-05 23:29:03.012 E/til     ( 2026): [til_get_current_input_source, 101] 
07-05 23:29:03.012 I/TVMW@HsTvSetting( 1234): Trace cmd, data = 0x7007
07-05 23:29:03.012 I/tilwrapper@sm( 2026): HS2TIL_SourceType *hs=0xd, *til=0x900
07-05 23:29:03.012 D/til     ( 2026): get current source 2304
07-05 23:29:03.012 D/SourceRemoteServiceHandler( 2026): getCurrentInputSource.from.til.result is 0, value is 2304
07-05 23:29:03.012 D/SourceRemoteServiceHandler( 2026): getInputSourceType source: 0x900, type=2304
07-05 23:29:03.012 D/til     ( 2026): ###### func:til_get_picture_param option:0x3000006 ######  
07-05 23:29:03.013 I/TVMW@HsTvSetting( 1234): Trace cmd, data = 0x1003
07-05 23:29:03.013 I/TVMW@HsTvSetting( 1234): Trace cmd, data = 0x8032
07-05 23:29:03.014 I/hstvos  ( 1216): [0m[1;33m[HSHAL][HS_VIDEO][HS_HAL_Video_SetOsdDetect_v2][2389]u16Threshold = 20
07-05 23:29:03.014 I/MiSysSrv( 1214): Not support now! 42, change to mm_video!!!
07-05 23:29:03.014 E/TVMW@videoctrl( 1234):  getOsd is 1
07-05 23:29:03.014 D/til@system( 2026): til_get_system_param option:1000027 int:1, bool:1, ret:0
07-05 23:29:03.015 D/til     ( 2026): ###### func:til_get_picture_param option:0x3000045 ######  
07-05 23:29:03.015 I/TVMW@HsTvSetting( 1234): Trace cmd, data = 0x300c
07-05 23:29:03.015 I/TVMW@HsTvSetting( 1234): Trace 3d, data = 0x300c
07-05 23:29:03.015 I/TVMW@3d ( 1234): Hs_debug3d_trace: func:get3dStatus, line:109
07-05 23:29:03.015 I/MyFragmentStateAdapter(31703): getCount
07-05 23:29:03.027 D/gralloc ( 1204): allocate buffer from ION HEAP 0x1
07-05 23:29:03.027 D/gralloc ( 1204): allocate memory from system heap
07-05 23:29:03.039 D/OkHttp  (31703): --> GET http://api.edu.hismarttv.com/payment/api/query/user_type/dialog_info?orderType=0&uuid=13287129&mac=a8:a6:48:18:fc:a8&devid=86100300900000500000060a4818fca8&version=00.002.003&subscriberId=13287129&customerId=7195320&model_id=0&APPPackage=com.hisense.hicloud.edca&PFAPPCode=652&APPVersionName=3.0.0.9.00&ChannelId=0&softwareVersion=LED50MU8600UC0000888&tv_distribute_id=00&devType=0&APIVersion=600&accessToken=72DF6038D2AEAB8A76DFBBBBCC428A4A_002395564730399 http/1.1
07-05 23:29:03.039 D/OkHttp  (31703): Data_Type: JSON
07-05 23:29:03.040 D/OkHttp  (31703): RetryTime: 0
07-05 23:29:03.040 D/OkHttp  (31703): Backoffmutiplier: 0
07-05 23:29:03.040 D/OkHttp  (31703): Host: api.edu.hismarttv.com
07-05 23:29:03.040 D/OkHttp  (31703): Connection: Keep-Alive
07-05 23:29:03.040 D/OkHttp  (31703): Accept-Encoding: gzip
07-05 23:29:03.040 D/OkHttp  (31703): User-Agent: okhttp/3.6.0
07-05 23:29:03.040 D/OkHttp  (31703): --> END GET
07-05 23:29:03.049 D/Carousel-MyListView(31703): setSelectionAndPadding position:1
07-05 23:29:03.060 D/HttpHandler(31703): VerifySignInterCeptor-->request.url()=http://picture.edu.hismarttv.com/images/20170628233232135598.jpg
07-05 23:29:03.061 D/HttpHandler(31703): VerifySignInterCeptor-->hostname=picture.edu.hismarttv.com
07-05 23:29:03.071 D/HttpHandler(31703): VerifySignInterCeptor-->request.url()=http://picture.edu.hismarttv.com/images/20170629075040001252.jpg
07-05 23:29:03.071 D/HttpHandler(31703): VerifySignInterCeptor-->hostname=picture.edu.hismarttv.com
07-05 23:29:03.074 D/OkHttp  (31703): --> GET http://picture.edu.hismarttv.com/images/20170628233232135598.jpg http/1.1
07-05 23:29:03.075 D/OkHttp  (31703): Host: picture.edu.hismarttv.com
07-05 23:29:03.075 D/OkHttp  (31703): Connection: Keep-Alive
07-05 23:29:03.075 D/OkHttp  (31703): Accept-Encoding: gzip
07-05 23:29:03.075 D/OkHttp  (31703): User-Agent: okhttp/3.6.0
07-05 23:29:03.075 D/OkHttp  (31703): --> END GET
07-05 23:29:03.082 D/OkHttp  (31703): --> GET http://picture.edu.hismarttv.com/images/20170629075040001252.jpg http/1.1
07-05 23:29:03.082 D/OkHttp  (31703): Host: picture.edu.hismarttv.com
07-05 23:29:03.082 D/OkHttp  (31703): Connection: Keep-Alive
07-05 23:29:03.082 D/OkHttp  (31703): Accept-Encoding: gzip
07-05 23:29:03.082 D/OkHttp  (31703): User-Agent: okhttp/3.6.0
07-05 23:29:03.082 D/OkHttp  (31703): --> END GET
07-05 23:29:03.096 D/TabFocusBorderView(31703): SLOVEN onAnimationCancel
07-05 23:29:03.096 D/TabFocusBorderView(31703): SLOVEN onAnimationEnd
07-05 23:29:03.096 D/TabView (31703): SLOVEN border top===>:296---407
07-05 23:29:03.097 D/HttpHandler(31703): VerifySignInterCeptor-->request.url()=http://picture.edu.hismarttv.com/images/20170628104504467308.jpg
07-05 23:29:03.097 D/HttpHandler(31703): VerifySignInterCeptor-->hostname=picture.edu.hismarttv.com
07-05 23:29:03.098 I/MyFragmentStateAdapter(31703): getCount
07-05 23:29:03.098 I/MyFragmentStateAdapter(31703): getCount
07-05 23:29:03.098 I/MyFragmentStateAdapter(31703): getCount
07-05 23:29:03.098 I/MyFragmentStateAdapter(31703): getCount
07-05 23:29:03.098 I/FirstLineAdapter(31703): canShowTrailer,isOffline=false
07-05 23:29:03.098 I/FirstLineAdapter(31703): canShowTrailer,isOffline=false
07-05 23:29:03.098 I/FirstLineAdapter(31703): canShowTrailer,isOffline=false
07-05 23:29:03.098 I/FirstLineAdapter(31703): canShowTrailer,isOffline=false
07-05 23:29:03.098 I/FirstLineAdapter(31703): canShowTrailer,isOffline=false
07-05 23:29:03.098 I/FirstLineAdapter(31703): canShowTrailer,isOffline=false
07-05 23:29:03.098 I/FirstLineAdapter(31703): canShowTrailer,isOffline=false
07-05 23:29:03.099 D/Carousel-CarouselChannelItemView(31703): Listitem imageUrl:http://picture.edu.hismarttv.com/images/20170628102959016598.jpg
07-05 23:29:03.099 D/OkHttp  (31703): --> GET http://picture.edu.hismarttv.com/images/20170628104504467308.jpg http/1.1
07-05 23:29:03.099 D/OkHttp  (31703): Host: picture.edu.hismarttv.com
07-05 23:29:03.099 D/OkHttp  (31703): Connection: Keep-Alive
07-05 23:29:03.099 D/OkHttp  (31703): Accept-Encoding: gzip
07-05 23:29:03.099 D/OkHttp  (31703): User-Agent: okhttp/3.6.0
07-05 23:29:03.099 D/OkHttp  (31703): --> END GET
07-05 23:29:03.100 D/OkHttp  (31703): <-- 200 OK http://picture.edu.hismarttv.com/images/20170628233232135598.jpg (25ms)
07-05 23:29:03.100 D/OkHttp  (31703): Date: Mon, 03 Jul 2017 11:02:37 GMT
07-05 23:29:03.100 D/OkHttp  (31703): Server: nginx
07-05 23:29:03.100 D/OkHttp  (31703): Content-Type: image/jpeg
07-05 23:29:03.101 D/OkHttp  (31703): Content-Length: 50603
07-05 23:29:03.101 D/OkHttp  (31703): Last-Modified: Wed, 28 Jun 2017 23:32:32 GMT
07-05 23:29:03.101 D/OkHttp  (31703): ETag: "59543c90-c5ab"
07-05 23:29:03.101 D/OkHttp  (31703): Accept-Ranges: bytes
07-05 23:29:03.101 D/OkHttp  (31703): Age: 188785
07-05 23:29:03.101 D/OkHttp  (31703): Via: 1.1 jnwt243:1 (Cdn Cache Server V2.0)[27 200 0], 1.1 angtong92:6 (Cdn Cache Server V2.0)[0 200 0]
07-05 23:29:03.101 D/OkHttp  (31703): Connection: keep-alive
07-05 23:29:03.101 D/OkHttp  (31703): <-- END HTTP
07-05 23:29:03.102 D/HttpHandler(31703): RetryIntercepter-->retryNum=0
07-05 23:29:03.103 D/HttpHandler(31703): RetryIntercepter-->backoffmutiplier=0
07-05 23:29:03.104 D/Carousel-CarouselChannelItemView(31703): Listitem imageUrl:http://picture.edu.hismarttv.com/images/20170628103002814396.jpg
07-05 23:29:03.105 D/Carousel-Utils(31703): onResourceReady.
07-05 23:29:03.106 D/Carousel-CarouselChannelItemView(31703): Listitem imageUrl:http://picture.edu.hismarttv.com/images/20170628103009181182.jpg
07-05 23:29:03.108 D/Carousel-CarouselChannelItemView(31703): Listitem imageUrl:http://picture.edu.hismarttv.com/images/20170628102959016598.jpg
07-05 23:29:03.109 D/OkHttp  (31703): <-- 200 OK http://picture.edu.hismarttv.com/images/20170629075040001252.jpg (27ms)
07-05 23:29:03.109 D/OkHttp  (31703): Date: Mon, 03 Jul 2017 10:52:38 GMT
07-05 23:29:03.109 D/OkHttp  (31703): Server: nginx
07-05 23:29:03.109 D/OkHttp  (31703): Content-Type: image/jpeg
07-05 23:29:03.109 D/OkHttp  (31703): Content-Length: 103036
07-05 23:29:03.109 D/OkHttp  (31703): Last-Modified: Thu, 29 Jun 2017 07:50:40 GMT
07-05 23:29:03.109 D/OkHttp  (31703): ETag: "5954b150-1927c"
07-05 23:29:03.109 D/OkHttp  (31703): Accept-Ranges: bytes
07-05 23:29:03.109 D/OkHttp  (31703): Age: 189384
07-05 23:29:03.109 D/OkHttp  (31703): Via: 1.1 changzhiwangtong172:9 (Cdn Cache Server V2.0)[0 200 0], 1.1 chwt83:5 (Cdn Cache Server V2.0)[0 200 0]
07-05 23:29:03.109 D/OkHttp  (31703): Connection: keep-alive
07-05 23:29:03.109 D/OkHttp  (31703): <-- END HTTP
07-05 23:29:03.110 D/Carousel-CarouselChannelItemView(31703): Listitem imageUrl:http://picture.edu.hismarttv.com/images/20170628103002814396.jpg
07-05 23:29:03.110 D/Carousel-Utils(31703): onResourceReady.
07-05 23:29:03.111 D/HttpHandler(31703): RetryIntercepter-->retryNum=0
07-05 23:29:03.111 D/HttpHandler(31703): RetryIntercepter-->backoffmutiplier=0
07-05 23:29:03.111 D/Carousel-CarouselChannelItemView(31703): Listitem imageUrl:http://picture.edu.hismarttv.com/images/20170628103009181182.jpg
07-05 23:29:03.114 I/FirstLineAdapter(31703): canShowTrailer,isOffline=false
07-05 23:29:03.114 I/FirstLineAdapter(31703): canShowTrailer,isOffline=false
07-05 23:29:03.114 D/Carousel-CarouselView(31703): ============>onScrollChanged hashCode:752787492
07-05 23:29:03.118 D/OkHttp  (31703): <-- 200 OK http://picture.edu.hismarttv.com/images/20170628104504467308.jpg (18ms)
07-05 23:29:03.118 D/OkHttp  (31703): Date: Mon, 03 Jul 2017 11:02:38 GMT
07-05 23:29:03.118 D/OkHttp  (31703): Server: nginx
07-05 23:29:03.118 D/OkHttp  (31703): Content-Type: image/jpeg
07-05 23:29:03.118 D/OkHttp  (31703): Content-Length: 376321
07-05 23:29:03.118 D/OkHttp  (31703): Last-Modified: Wed, 28 Jun 2017 10:45:04 GMT
07-05 23:29:03.118 D/OkHttp  (31703): ETag: "595388b0-5be01"
07-05 23:29:03.118 D/OkHttp  (31703): Accept-Ranges: bytes
07-05 23:29:03.118 D/OkHttp  (31703): Age: 188784
07-05 23:29:03.118 D/OkHttp  (31703): Via: 1.1 hewangtong174:5 (Cdn Cache Server V2.0)[0 200 0], 1.1 t94:5 (Cdn Cache Server V2.0)[0 200 0]
07-05 23:29:03.118 D/OkHttp  (31703): Connection: keep-alive
07-05 23:29:03.118 D/OkHttp  (31703): <-- END HTTP
07-05 23:29:03.120 D/HttpHandler(31703): RetryIntercepter-->retryNum=0
07-05 23:29:03.120 D/HttpHandler(31703): RetryIntercepter-->backoffmutiplier=0
07-05 23:29:03.122 I/MyFragmentStateAdapter(31703): getCount
07-05 23:29:03.124 D/gralloc ( 1204): allocate buffer from ION HEAP 0x1
07-05 23:29:03.124 D/gralloc ( 1204): allocate memory from system heap
07-05 23:29:03.126 D/Carousel-Utils(31703): onResourceReady.
07-05 23:29:03.127 D/Carousel-Utils(31703): onResourceReady.
07-05 23:29:03.127 D/Carousel-Utils(31703): onResourceReady.
07-05 23:29:03.134 D/OkHttp  (31703): <-- 200 OK http://api.edu.hismarttv.com/payment/api/query/user_type/dialog_info?orderType=0&uuid=13287129&mac=a8:a6:48:18:fc:a8&devid=86100300900000500000060a4818fca8&version=00.002.003&subscriberId=13287129&customerId=7195320&model_id=0&APPPackage=com.hisense.hicloud.edca&PFAPPCode=652&APPVersionName=3.0.0.9.00&ChannelId=0&softwareVersion=LED50MU8600UC0000888&tv_distribute_id=00&devType=0&APIVersion=600&accessToken=72DF6038D2AEAB8A76DFBBBBCC428A4A_002395564730399 (94ms)
07-05 23:29:03.134 D/OkHttp  (31703): Server: nginx
07-05 23:29:03.134 D/OkHttp  (31703): Date: Wed, 05 Jul 2017 15:29:03 GMT
07-05 23:29:03.134 D/OkHttp  (31703): Content-Type: application/json
07-05 23:29:03.134 D/OkHttp  (31703): Content-Length: 221
07-05 23:29:03.134 D/OkHttp  (31703): Connection: close
07-05 23:29:03.134 D/OkHttp  (31703): <-- END HTTP
07-05 23:29:03.137 D/HttpHandler(31703): RetryIntercepter-->retryNum=0
07-05 23:29:03.137 D/HttpHandler(31703): RetryIntercepter-->backoffmutiplier=0
07-05 23:29:03.139 D/HttpHandler(31703): VerifySignInterCeptor-->dateType=1
07-05 23:29:03.139 D/HttpHandler(31703): VerifySignInterCeptor-->HttpRequestManager.httpClietOption.getVerifyFlag()=1
07-05 23:29:03.141 D/HttpHandler(31703): VerifySignInterCeptor-->content={"memberType": 2, "isActivity": 0}
07-05 23:29:03.177 D/HttpHandler(31703): VerifySignInterCeptor-->request.url()=http://picture.edu.hismarttv.com/images/20170629/%E5%BF%83%E7%AE%97%E5%8F%A3%E8%AF%80%E5%A4%A9%E5%A4%A9%E7%BB%83.jpg
07-05 23:29:03.177 D/HttpHandler(31703): VerifySignInterCeptor-->hostname=picture.edu.hismarttv.com
07-05 23:29:03.178 D/OkHttp  (31703): --> GET http://picture.edu.hismarttv.com/images/20170629/%E5%BF%83%E7%AE%97%E5%8F%A3%E8%AF%80%E5%A4%A9%E5%A4%A9%E7%BB%83.jpg http/1.1
07-05 23:29:03.178 D/OkHttp  (31703): Host: picture.edu.hismarttv.com
07-05 23:29:03.178 D/OkHttp  (31703): Connection: Keep-Alive
07-05 23:29:03.178 D/OkHttp  (31703): Accept-Encoding: gzip
07-05 23:29:03.178 D/OkHttp  (31703): User-Agent: okhttp/3.6.0
07-05 23:29:03.178 D/OkHttp  (31703): --> END GET
07-05 23:29:03.200 D/OkHttp  (31703): <-- 200 OK http://picture.edu.hismarttv.com/images/20170629/%E5%BF%83%E7%AE%97%E5%8F%A3%E8%AF%80%E5%A4%A9%E5%A4%A9%E7%BB%83.jpg (21ms)
07-05 23:29:03.200 D/OkHttp  (31703): Date: Mon, 03 Jul 2017 11:02:37 GMT
07-05 23:29:03.200 D/OkHttp  (31703): Server: nginx
07-05 23:29:03.200 D/OkHttp  (31703): Content-Type: image/jpeg
07-05 23:29:03.200 D/OkHttp  (31703): Content-Length: 204643
07-05 23:29:03.202 D/OkHttp  (31703): Last-Modified: Fri, 09 Jun 2017 14:51:40 GMT
07-05 23:29:03.203 D/OkHttp  (31703): ETag: "593ab5fc-31f63"
07-05 23:29:03.203 D/OkHttp  (31703): Accept-Ranges: bytes
07-05 23:29:03.203 D/OkHttp  (31703): Age: 188786
07-05 23:29:03.203 D/OkHttp  (31703): Via: 1.1 shuozhou56:1 (Cdn Cache Server V2.0)[20 200 0], 1.1 angtong95:4 (Cdn Cache Server V2.0)[0 200 0]
07-05 23:29:03.203 D/OkHttp  (31703): Connection: keep-alive
07-05 23:29:03.203 D/OkHttp  (31703): <-- END HTTP
07-05 23:29:03.206 D/HttpHandler(31703): RetryIntercepter-->retryNum=0
07-05 23:29:03.206 D/HttpHandler(31703): RetryIntercepter-->backoffmutiplier=0
07-05 23:29:03.209 D/HttpHandler(31703): VerifySignInterCeptor-->request.url()=http://picture.edu.hismarttv.com/images/20170629/%E5%AE%A2%E5%8E%85%E7%87%83%E8%84%82%E5%A5%B3%E7%8E%8B20170207081137502012.jpg
07-05 23:29:03.209 D/HttpHandler(31703): VerifySignInterCeptor-->hostname=picture.edu.hismarttv.com
07-05 23:29:03.210 D/OkHttp  (31703): --> GET http://picture.edu.hismarttv.com/images/20170629/%E5%AE%A2%E5%8E%85%E7%87%83%E8%84%82%E5%A5%B3%E7%8E%8B20170207081137502012.jpg http/1.1
07-05 23:29:03.210 D/OkHttp  (31703): Host: picture.edu.hismarttv.com
07-05 23:29:03.210 D/OkHttp  (31703): Connection: Keep-Alive
07-05 23:29:03.210 D/OkHttp  (31703): Accept-Encoding: gzip
07-05 23:29:03.210 D/OkHttp  (31703): User-Agent: okhttp/3.6.0
07-05 23:29:03.210 D/OkHttp  (31703): --> END GET
07-05 23:29:03.232 D/HttpHandler(31703): VerifySignInterCeptor-->request.url()=http://picture.edu.hismarttv.com/images/20170629/%E8%8B%B1%E8%AF%AD%E5%90%AF%E8%92%99.jpg
07-05 23:29:03.233 D/HttpHandler(31703): VerifySignInterCeptor-->hostname=picture.edu.hismarttv.com
07-05 23:29:03.234 D/OkHttp  (31703): --> GET http://picture.edu.hismarttv.com/images/20170629/%E8%8B%B1%E8%AF%AD%E5%90%AF%E8%92%99.jpg http/1.1
07-05 23:29:03.234 D/OkHttp  (31703): Host: picture.edu.hismarttv.com
07-05 23:29:03.234 D/OkHttp  (31703): Connection: Keep-Alive
07-05 23:29:03.234 D/OkHttp  (31703): Accept-Encoding: gzip
07-05 23:29:03.234 D/OkHttp  (31703): User-Agent: okhttp/3.6.0
07-05 23:29:03.234 D/OkHttp  (31703): --> END GET
07-05 23:29:03.234 D/OkHttp  (31703): <-- 200 OK http://picture.edu.hismarttv.com/images/20170629/%E5%AE%A2%E5%8E%85%E7%87%83%E8%84%82%E5%A5%B3%E7%8E%8B20170207081137502012.jpg (23ms)
07-05 23:29:03.234 D/OkHttp  (31703): Date: Mon, 03 Jul 2017 09:54:51 GMT
07-05 23:29:03.234 D/OkHttp  (31703): Server: nginx
07-05 23:29:03.234 D/OkHttp  (31703): Content-Type: image/jpeg
07-05 23:29:03.234 D/OkHttp  (31703): Content-Length: 107115
07-05 23:29:03.234 D/OkHttp  (31703): Last-Modified: Fri, 09 Jun 2017 14:40:58 GMT
07-05 23:29:03.234 D/OkHttp  (31703): ETag: "593ab37a-1a26b"
07-05 23:29:03.234 D/OkHttp  (31703): Accept-Ranges: bytes
07-05 23:29:03.234 D/OkHttp  (31703): Age: 192852
07-05 23:29:03.234 D/OkHttp  (31703): Via: 1.1 shzh52:3 (Cdn Cache Server V2.0)[146 200 0], 1.1 chwt82:8 (Cdn Cache Server V2.0)[0 200 0]
07-05 23:29:03.234 D/OkHttp  (31703): Connection: keep-alive
07-05 23:29:03.234 D/OkHttp  (31703): <-- END HTTP
07-05 23:29:03.235 D/HttpHandler(31703): RetryIntercepter-->retryNum=0
07-05 23:29:03.235 D/HttpHandler(31703): RetryIntercepter-->backoffmutiplier=0
07-05 23:29:03.269 I/MiSysSrv( 1214): [37m[INFO] Change to Voltage: 112 mv (0x2D)[m
07-05 23:29:03.276 D/OkHttp  (31703): <-- 200 OK http://picture.edu.hismarttv.com/images/20170629/%E8%8B%B1%E8%AF%AD%E5%90%AF%E8%92%99.jpg (42ms)
07-05 23:29:03.276 D/OkHttp  (31703): Date: Wed, 05 Jul 2017 14:20:54 GMT
07-05 23:29:03.276 D/OkHttp  (31703): Server: nginx
07-05 23:29:03.276 D/OkHttp  (31703): Content-Type: image/jpeg
07-05 23:29:03.276 D/OkHttp  (31703): Content-Length: 57011
07-05 23:29:03.276 D/OkHttp  (31703): Last-Modified: Fri, 09 Jun 2017 14:49:58 GMT
07-05 23:29:03.276 D/OkHttp  (31703): ETag: "593ab596-deb3"
07-05 23:29:03.276 D/OkHttp  (31703): Accept-Ranges: bytes
07-05 23:29:03.276 D/OkHttp  (31703): Age: 4089
07-05 23:29:03.276 D/OkHttp  (31703): Via: 1.1 jnwt244:0 (Cdn Cache Server V2.0)[30 200 0], 1.1 PSahmaswt2ua207:7 (Cdn Cache Server V2.0)[0 200 0]
07-05 23:29:03.276 D/OkHttp  (31703): Connection: keep-alive
07-05 23:29:03.276 D/OkHttp  (31703): <-- END HTTP
07-05 23:29:03.277 D/HttpHandler(31703): RetryIntercepter-->retryNum=0
07-05 23:29:03.277 D/HttpHandler(31703): RetryIntercepter-->backoffmutiplier=0
07-05 23:29:03.317 D/HttpHandler(31703): VerifySignInterCeptor-->request.url()=http://picture.edu.hismarttv.com/images/20170629/%E5%93%88%E5%88%A9%E8%AE%B2%E6%95%85%E4%BA%8B%EF%BC%88%E4%B8%80%EF%BC%89.jpg
07-05 23:29:03.317 D/HttpHandler(31703): VerifySignInterCeptor-->hostname=picture.edu.hismarttv.com
07-05 23:29:03.318 D/OkHttp  (31703): --> GET http://picture.edu.hismarttv.com/images/20170629/%E5%93%88%E5%88%A9%E8%AE%B2%E6%95%85%E4%BA%8B%EF%BC%88%E4%B8%80%EF%BC%89.jpg http/1.1
07-05 23:29:03.318 D/OkHttp  (31703): Host: picture.edu.hismarttv.com
07-05 23:29:03.318 D/OkHttp  (31703): Connection: Keep-Alive
07-05 23:29:03.318 D/OkHttp  (31703): Accept-Encoding: gzip
07-05 23:29:03.318 D/OkHttp  (31703): User-Agent: okhttp/3.6.0
07-05 23:29:03.318 D/OkHttp  (31703): --> END GET
07-05 23:29:03.360 D/OkHttp  (31703): <-- 200 OK http://picture.edu.hismarttv.com/images/20170629/%E5%93%88%E5%88%A9%E8%AE%B2%E6%95%85%E4%BA%8B%EF%BC%88%E4%B8%80%EF%BC%89.jpg (41ms)
07-05 23:29:03.360 D/OkHttp  (31703): Date: Mon, 03 Jul 2017 10:17:10 GMT
07-05 23:29:03.360 D/OkHttp  (31703): Server: nginx
07-05 23:29:03.360 D/OkHttp  (31703): Content-Type: image/jpeg
07-05 23:29:03.360 D/OkHttp  (31703): Content-Length: 135983
07-05 23:29:03.360 D/OkHttp  (31703): Last-Modified: Fri, 09 Jun 2017 14:51:44 GMT
07-05 23:29:03.360 D/OkHttp  (31703): ETag: "593ab600-2132f"
07-05 23:29:03.360 D/OkHttp  (31703): Accept-Ranges: bytes
07-05 23:29:03.360 D/OkHttp  (31703): Age: 191513
07-05 23:29:03.360 D/OkHttp  (31703): Via: 1.1 chzhwt170:9 (Cdn Cache Server V2.0)[0 200 0], 1.1 chwt83:4 (Cdn Cache Server V2.0)[17 200 0]
07-05 23:29:03.360 D/OkHttp  (31703): Connection: keep-alive
07-05 23:29:03.360 D/OkHttp  (31703): <-- END HTTP
07-05 23:29:03.362 D/HttpHandler(31703): RetryIntercepter-->retryNum=0
07-05 23:29:03.362 D/HttpHandler(31703): RetryIntercepter-->backoffmutiplier=0
07-05 23:29:03.369 I/MiSysSrv( 1214): [37m[INFO] Change to Voltage: 117 mv (0x32)[m
07-05 23:29:03.410 I/MyFragmentStateAdapter(31703): getCount
07-05 23:29:03.410 I/MyFragmentStateAdapter(31703): getCount
07-05 23:29:03.410 I/MyFragmentStateAdapter(31703): getCount
07-05 23:29:03.410 I/MyFragmentStateAdapter(31703): getCount
07-05 23:29:03.410 I/FirstLineAdapter(31703): canShowTrailer,isOffline=false
07-05 23:29:03.410 I/FirstLineAdapter(31703): canShowTrailer,isOffline=false
07-05 23:29:03.411 I/FirstLineAdapter(31703): canShowTrailer,isOffline=false
07-05 23:29:03.411 I/FirstLineAdapter(31703): canShowTrailer,isOffline=false
07-05 23:29:03.411 I/FirstLineAdapter(31703): canShowTrailer,isOffline=false
07-05 23:29:03.411 I/FirstLineAdapter(31703): canShowTrailer,isOffline=false
07-05 23:29:03.411 I/FirstLineAdapter(31703): canShowTrailer,isOffline=false
07-05 23:29:03.411 D/Carousel-CarouselChannelItemView(31703): Listitem imageUrl:http://picture.edu.hismarttv.com/images/20170628102959016598.jpg
07-05 23:29:03.411 D/Carousel-Utils(31703): onResourceReady.
07-05 23:29:03.413 D/Carousel-CarouselChannelItemView(31703): Listitem imageUrl:http://picture.edu.hismarttv.com/images/20170628103002814396.jpg
07-05 23:29:03.414 D/Carousel-Utils(31703): onResourceReady.
07-05 23:29:03.420 I/dex2oat (31798): dex2oat took 3.313s (threads: 4) arena alloc=236KB java alloc=10MB native alloc=5MB free=10MB
07-05 23:29:03.420 D/Carousel-CarouselChannelItemView(31703): Listitem imageUrl:http://picture.edu.hismarttv.com/images/20170628103009181182.jpg
07-05 23:29:03.421 D/Carousel-Utils(31703): onResourceReady.
07-05 23:29:03.430 I/art     (31703): Background sticky concurrent mark sweep GC freed 12489(2MB) AllocSpace objects, 0(0B) LOS objects, 3% free, 28MB/29MB, paused 2.241ms total 169.216ms
07-05 23:29:03.426 D/Carousel-CarouselChannelItemView(31703): Listitem imageUrl:http://picture.edu.hismarttv.com/images/20170628102959016598.jpg
07-05 23:29:03.430 D/Carousel-Utils(31703): onResourceReady.
07-05 23:29:03.431 D/Carousel-CarouselChannelItemView(31703): Listitem imageUrl:http://picture.edu.hismarttv.com/images/20170628103002814396.jpg
07-05 23:29:03.431 D/Carousel-Utils(31703): onResourceReady.
07-05 23:29:03.432 D/HttpHandler(31703): VerifySignInterCeptor-->request.url()=http://picture.edu.hismarttv.com/images/20170629/30%E5%A4%A9%E5%86%99%E5%87%BA%E4%B8%80%E6%89%8B%E5%A5%BD%E5%AD%9720161129021942268280.jpg
07-05 23:29:03.432 D/HttpHandler(31703): VerifySignInterCeptor-->hostname=picture.edu.hismarttv.com
07-05 23:29:03.432 D/Carousel-CarouselChannelItemView(31703): Listitem imageUrl:http://picture.edu.hismarttv.com/images/20170628103009181182.jpg
07-05 23:29:03.433 D/Carousel-Utils(31703): onResourceReady.
07-05 23:29:03.435 I/FirstLineAdapter(31703): canShowTrailer,isOffline=false
07-05 23:29:03.435 I/FirstLineAdapter(31703): canShowTrailer,isOffline=false
07-05 23:29:03.436 D/Carousel-CarouselView(31703): ============>onScrollChanged hashCode:752787492
07-05 23:29:03.438 I/MyFragmentStateAdapter(31703): getCount
07-05 23:29:03.444 D/OkHttp  (31703): --> GET http://picture.edu.hismarttv.com/images/20170629/30%E5%A4%A9%E5%86%99%E5%87%BA%E4%B8%80%E6%89%8B%E5%A5%BD%E5%AD%9720161129021942268280.jpg http/1.1
07-05 23:29:03.444 D/OkHttp  (31703): Host: picture.edu.hismarttv.com
07-05 23:29:03.444 D/OkHttp  (31703): Connection: Keep-Alive
07-05 23:29:03.444 D/OkHttp  (31703): Accept-Encoding: gzip
07-05 23:29:03.445 D/OkHttp  (31703): User-Agent: okhttp/3.6.0
07-05 23:29:03.445 D/OkHttp  (31703): --> END GET
07-05 23:29:03.448 W/PluginProviderBuilder(31703): createDexClassLoader() return dalvik.system.DexClassLoader[DexPathList[[zip file "/data/data/com.hisense.hicloud.edca/files/plugin/2.1.0.59986/pluginplayer/1.64.0.59984/pluginplayer-release-1.64.0.59984.apk"],nativeLibraryDirectories=[/vendor/lib, /system/lib]]]
07-05 23:29:03.452 D/HiNetworkImpl(31703): doHttp_Asyn(): onReqResponse isSuccessful = true, back from thread: main
07-05 23:29:03.454 W/ContextClassLoaderSwitcher(31703): ClassLoaderSwitcher doSwitch(com.hisense.hicloud.edca.BaseApplication@2adbac5c, dalvik.system.DexClassLoader[DexPathList[[zip file "/data/data/com.hisense.hicloud.edca/files/plugin/2.1.0.59986/pluginplayer/1.64.0.59984/pluginplayer-release-1.64.0.59984.apk"],nativeLibraryDirectories=[/vendor/lib, /system/lib]]])
07-05 23:29:03.457 W/ObjectMethodHolder(31703): >> invoke() mMethodName=getBaseContext, mCached=false, mCacheValue=true, mMethod=null
07-05 23:29:03.460 W/ObjectMethodHolder(31703): << invoke() mMethodName=getBaseContext, mCached=true, mCacheValue=true, mMethod=public android.content.Context android.content.ContextWrapper.getBaseContext() return android.app.ContextImpl{android.app.ContextImpl@27527eaf}
07-05 23:29:03.461 W/ObjectMethodHolder(31703): >> invoke() mMethodName=getClassLoader, mCached=false, mCacheValue=true, mMethod=null
07-05 23:29:03.461 W/ObjectMethodHolder(31703): << invoke() mMethodName=getClassLoader, mCached=true, mCacheValue=true, mMethod=public java.lang.ClassLoader android.app.LoadedApk.getClassLoader() return dalvik.system.PathClassLoader{dalvik.system.PathClassLoader[DexPathList[[zip file "/data/app/com.hisense.hicloud.edca-2/base.apk"],nativeLibraryDirectories=[/data/app/com.hisense.hicloud.edca-2/lib/arm, /vendor/lib, /system/lib]]]}
07-05 23:29:03.464 W/PluginProviderBuilder(31703): createPluginContext() return /data/app/com.hisense.hicloud.edca-2/base.apk
07-05 23:29:03.470 I/MiSysSrv( 1214): [37m[INFO] Change to Voltage: 102 mv (0x23)[m
07-05 23:29:03.470 I/HiNetworkImpl(31703): doHttp_Asyn(): onSuccess clazz = class com.hisense.sdk.domain.MemberOrder, back from thread: main
07-05 23:29:03.470 I/HomeMainActivity(31703): finishHttpTime : 17385042   725
07-05 23:29:03.472 D/til@system( 2026): til_get_system_param option:1000007 int:-1936523008, bool:0, ret:0
07-05 23:29:03.473 D/til@system( 2026): til_get_system_param option:1000009 int:-1936522368, bool:128, ret:0
07-05 23:29:03.474 D/OkHttp  (31703): <-- 200 OK http://picture.edu.hismarttv.com/images/20170629/30%E5%A4%A9%E5%86%99%E5%87%BA%E4%B8%80%E6%89%8B%E5%A5%BD%E5%AD%9720161129021942268280.jpg (29ms)
07-05 23:29:03.474 D/OkHttp  (31703): Date: Mon, 03 Jul 2017 11:02:37 GMT
07-05 23:29:03.474 D/OkHttp  (31703): Server: nginx
07-05 23:29:03.474 D/OkHttp  (31703): Content-Type: image/jpeg
07-05 23:29:03.474 D/OkHttp  (31703): Content-Length: 137170
07-05 23:29:03.474 D/OkHttp  (31703): Last-Modified: Fri, 09 Jun 2017 14:48:12 GMT
07-05 23:29:03.474 D/OkHttp  (31703): ETag: "593ab52c-217d2"
07-05 23:29:03.474 D/OkHttp  (31703): Accept-Ranges: bytes
07-05 23:29:03.474 D/OkHttp  (31703): Age: 188786
07-05 23:29:03.474 D/OkHttp  (31703): Via: 1.1 changzhiwangtong169:2 (Cdn Cache Server V2.0)[0 200 0], 1.1 angtong92:5 (Cdn Cache Server V2.0)[0 200 0]
07-05 23:29:03.475 D/OkHttp  (31703): Connection: keep-alive
07-05 23:29:03.475 D/OkHttp  (31703): <-- END HTTP
07-05 23:29:03.486 D/til@system( 2026): til_get_system_param option:1000008 int:-1815632896, bool:0, ret:0
07-05 23:29:03.487 D/HiSDKLogReport(31703): getOperationDetail-productName : LED50MU8600UC
07-05 23:29:03.487 D/HiSDKLogReport(31703): getOperationDetail-plmNumber : 88888
07-05 23:29:03.487 D/HiSDKLogReport(31703): getOperationDetail-swVersion : V0000.00.01A
07-05 23:29:03.487 D/HiSDKLogReport(31703): getOperationDetail-operationDetail : LED50MU8600UC0000888
07-05 23:29:03.487 D/HiSDKLogReport(31703): processLogReport-log : {eventType=162, appKey=1182445233, APPVersionName=3.0.0.9.00, devid=86100300900000500000060a4818fca8, mac=a8:a6:48:18:fc:a8, uuid=13287129, accessToken=72DF6038D2AEAB8A76DFBBBBCC428A4A_002395564730399, APIversion=501, logversion=2.0, devType=0, APPPackage=com.hisense.hicloud.edca, eventPos=002, requesttime=1499268543487, customerId=7195320, value2=, eventMessage=HttpConnection, value1=725, model_id=0, ChannelId=0, version=00.002.003, tv_distribute_id=00, subscriberId=13287129, APIVersion=600, PFAPPCode=652, softwareVersion=LED50MU8600UC0000888}
07-05 23:29:03.487 I/HomeMainActivity(31703): getUserType  response : 2 null
07-05 23:29:03.487 I/HomeMainActivity(31703): this is LowMemoryConfiguration 
07-05 23:29:03.496 D/HttpHandler(31703): RetryIntercepter-->retryNum=0
07-05 23:29:03.496 D/HttpHandler(31703): RetryIntercepter-->backoffmutiplier=0
07-05 23:29:03.499 W/System.err(31703): java.net.ConnectException: failed to connect to /10.18.210.112 (port 8900) after 6000ms: isConnected failed: ECONNREFUSED (Connection refused)
07-05 23:29:03.499 W/System.err(31703): 	at libcore.io.IoBridge.isConnected(IoBridge.java:238)
07-05 23:29:03.499 W/System.err(31703): 	at libcore.io.IoBridge.connectErrno(IoBridge.java:171)
07-05 23:29:03.499 W/System.err(31703): 	at libcore.io.IoBridge.connect(IoBridge.java:122)
07-05 23:29:03.499 W/System.err(31703): 	at java.net.PlainSocketImpl.connect(PlainSocketImpl.java:183)
07-05 23:29:03.499 W/System.err(31703): 	at java.net.PlainSocketImpl.connect(PlainSocketImpl.java:456)
07-05 23:29:03.499 W/System.err(31703): 	at java.net.Socket.connect(Socket.java:882)
07-05 23:29:03.499 W/System.err(31703): 	at com.android.okhttp.internal.Platform.connectSocket(Platform.java:174)
07-05 23:29:03.499 W/System.err(31703): 	at com.android.okhttp.Connection.connect(Connection.java:152)
07-05 23:29:03.499 W/System.err(31703): 	at com.android.okhttp.internal.http.HttpEngine.connect(HttpEngine.java:276)
07-05 23:29:03.499 W/System.err(31703): 	at com.android.okhttp.internal.http.HttpEngine.sendRequest(HttpEngine.java:211)
07-05 23:29:03.499 W/System.err(31703): 	at com.android.okhttp.internal.http.HttpURLConnectionImpl.execute(HttpURLConnectionImpl.java:382)
07-05 23:29:03.499 W/System.err(31703): 	at com.android.okhttp.internal.http.HttpURLConnectionImpl.connect(HttpURLConnectionImpl.java:106)
07-05 23:29:03.499 W/System.err(31703): 	at com.hisense.hitv.hicloud.util.ExceptionReport.a(ExceptionReport.java:337)
07-05 23:29:03.499 W/System.err(31703): 	at com.hisense.hitv.hicloud.util.ExceptionReport.a(ExceptionReport.java:39)
07-05 23:29:03.499 W/System.err(31703): 	at com.hisense.hitv.hicloud.util.ExceptionReport$1.run(ExceptionReport.java:83)
07-05 23:29:03.499 W/System.err(31703): 	at java.lang.Thread.run(Thread.java:818)
07-05 23:29:03.499 W/System.err(31703): Caused by: android.system.ErrnoException: isConnected failed: ECONNREFUSED (Connection refused)
07-05 23:29:03.500 W/System.err(31703): 	at libcore.io.IoBridge.isConnected(IoBridge.java:223)
07-05 23:29:03.500 W/System.err(31703): 	... 15 more
07-05 23:29:03.513 D/Player/PluginProvider@192d94a7(31703): [TID 31733] PluginProvider() new
07-05 23:29:03.513 W/AbsPluginProvider(31703): initialize<<(hostContext=com.hisense.hicloud.edca.BaseApplication@2adbac5c, context=com.qiyi.sdk.plugin.server.core.ContextProxy@3bdd5d54, params={lib_dir=/data/data/com.hisense.hicloud.edca/files/plugin/2.1.0.59986/pluginplayer/1.64.0.59984/pluginplayer-release-1.64.0.59984-libs, file_path=/data/data/com.hisense.hicloud.edca/files/plugin/2.1.0.59986/pluginplayer/1.64.0.59984/pluginplayer-release-1.64.0.59984.apk}, info=AppInfo(hostVersion=2.1.0.59986mHostAllowDebug=false))
07-05 23:29:03.514 D/Player/PluginProvider@192d94a7(31703): [TID 31733] onInitialize() lib path=/data/data/com.hisense.hicloud.edca/files/plugin/2.1.0.59986/pluginplayer/1.64.0.59984/pluginplayer-release-1.64.0.59984-libs
07-05 23:29:03.514 I/LogUtils(31703): [TID 31733] log is open
07-05 23:29:03.517 D/Player/PluginProvider@192d94a7(31703): [TID 31733] setupSdkFeature()
07-05 23:29:03.527 I/TVMW@HsTvSetting( 1234): Trace cmd, data = 0x1058
07-05 23:29:03.527 D/til@system( 2026): til_get_system_param option:100002F int:0, bool:0, ret:0
07-05 23:29:03.527 I/TVMW@HsTvSetting( 1234): Trace cmd, data = 0x101f
07-05 23:29:03.528 D/til@system( 2026): til_get_system_param option:100001D int:3, bool:3, ret:0
07-05 23:29:03.528 E/til     ( 2026): [til_get_current_input_source, 101] 
07-05 23:29:03.528 I/TVMW@HsTvSetting( 1234): Trace cmd, data = 0x7007
07-05 23:29:03.531 I/tilwrapper@sm( 2026): HS2TIL_SourceType *hs=0xd, *til=0x900
07-05 23:29:03.531 D/til     ( 2026): get current source 2304
07-05 23:29:03.531 D/SourceRemoteServiceHandler( 2026): getCurrentInputSource.from.til.result is 0, value is 2304
07-05 23:29:03.531 D/SourceRemoteServiceHandler( 2026): getInputSourceType source: 0x900, type=2304
07-05 23:29:03.531 D/til     ( 2026): ###### func:til_get_picture_param option:0x3000006 ######  
07-05 23:29:03.532 I/TVMW@HsTvSetting( 1234): Trace cmd, data = 0x1003
07-05 23:29:03.532 I/TVMW@HsTvSetting( 1234): Trace cmd, data = 0x8032
07-05 23:29:03.532 I/hstvos  ( 1216): [0m[1;33m[HSHAL][HS_VIDEO][HS_HAL_Video_SetOsdDetect_v2][2389]u16Threshold = 20
07-05 23:29:03.533 E/TVMW@videoctrl( 1234):  getOsd is 1
07-05 23:29:03.533 D/til@system( 2026): til_get_system_param option:1000027 int:1, bool:1, ret:0
07-05 23:29:03.533 D/til     ( 2026): ###### func:til_get_picture_param option:0x3000045 ######  
07-05 23:29:03.534 I/TVMW@HsTvSetting( 1234): Trace cmd, data = 0x300c
07-05 23:29:03.534 I/TVMW@HsTvSetting( 1234): Trace 3d, data = 0x300c
07-05 23:29:03.534 I/TVMW@3d ( 1234): Hs_debug3d_trace: func:get3dStatus, line:109
07-05 23:29:03.536 I/MiSysSrv( 1214): Not support now! 42, change to mm_video!!!
07-05 23:29:03.554 I/art     (31703): Background partial concurrent mark sweep GC freed 5266(683KB) AllocSpace objects, 0(0B) LOS objects, 10% free, 34MB/38MB, paused 7.924ms total 99.435ms
07-05 23:29:03.569 I/MiSysSrv( 1214): [37m[INFO] Change to Voltage: 117 mv (0x32)[m
07-05 23:29:03.570 D/PlayerSdk/PlayerSdkProject(31703): [TID 31733] >> beginInitialize
07-05 23:29:03.570 D/PlayerSdk/SdkConfigManager(31703): [TID 31733] setupConfig: context=com.qiyi.sdk.plugin.server.core.ContextProxy@3bdd5d54
07-05 23:29:03.570 W/ContextProxy(31703): getAssets() mAssetManager=android.content.res.AssetManager@2cc6674c
07-05 23:29:03.571 E/HomeMainActivity(31703): BaseApplication.mAccountType == 2
07-05 23:29:03.572 D/PlayerSdk/SdkConfigManager(31703): [TID 31733] setupConfig: strEncrypted=VVVJRD0yMDE3MDQyNTExMzUzNzkxMmdlVEdXS0REMTE3MDIsQ1VTVE9NRVJfSUQ9NjAsUExBWUVSX0NPTkZJR19UWVBFPTQsUExBVEZPUk1fVFZBUEk9SEFJWElOLElTX1NVUFBPUlRfWUlOSEVfUElOR0JBQ0s9ZmFsc2UsSVNfRU5CQUxFX0gyNjU9ZmFsc2UsSVNfRU5BQkxFX0RPTEJZPWZhbHNlLElTX0VOQkFMRV80Sz0sSVNfRU5CQUxFX0RPTEJZX1ZJU0lPTj0sSVNfRU5CQUxFX0hEUjEwPSxJU19VU0VfVE1UU19MT0NBTF9TSUdOPWZhbHNlLElTX0dFVF9VVUlEX0ZST01fU0VSVkVSPXRydWUsQ0ROX0RJU1BBVENIX1BBUkFNPSxET01BSU5fTkFNRT1wdHF5LmdpdHYudHYsTkFUSVZFX1BMQVlFUl9CUkFORD1IaVNlbnNlLExPR0lOX1RZUEU9U1VCX0FDQ09VTlQsQ1VTVE9NRVJfUEFDS0FHRV9OQU1FPWNvbS5oaXNlbnNlLmhpY2xvdWQuZWRjYSxJU19ERUJVR19WRVJTSU9OPWZhbHNlLE5BVElWRV9QTEFZRVJfQ09ERUNUWVBFPSxQTEFZRVJfUExBVEZPUk09UF9IaXNlbnNlLEVOQUJMRV9TRVRfQklUU1RSRUFNPXRydWUsREVGQVVMVF9DRkdfQklUU1RSRUFNPSw=
07-05 23:29:03.572 I/HomeMainActivity(31703): mBeginHttpTime : 17385143
07-05 23:29:03.572 I/HttpDnsUtils(31703): postExperienceVIP(): --url = http://api.edu.hismarttv.com/payment/api/get/experience/member
07-05 23:29:03.572 V/HttpDnsUtils(31703): getExperienceVIP 86100300900000500000060a4818fca8 7195320 13287129 0 2 0 0 0
07-05 23:29:03.572 I/System.out(31703): decode
07-05 23:29:03.572 W/ContextProxy(31703): getResources() mResources=android.content.res.Resources@1782caa
07-05 23:29:03.572 E/NetUtils(31703): encryption --- sign = accessToken=72DF6038D2AEAB8A76DFBBBBCC428A4A_002395564730399&days=0&devid=86100300900000500000060a4818fca8&mac=a8:a6:48:18:fc:a8&memberType=2&orderType=0&BDA9F96C98E9D5130A5AFB3411B5F9E0
07-05 23:29:03.576 D/til@system( 2026): til_get_system_param option:1000007 int:-1815633792, bool:128, ret:0
07-05 23:29:03.578 D/til@system( 2026): til_get_system_param option:1000009 int:-1936525184, bool:128, ret:0
07-05 23:29:03.580 D/til@system( 2026): til_get_system_param option:1000008 int:-1815634176, bool:0, ret:0
07-05 23:29:03.580 D/HttpDnsUtils(31703): CEXX-getOperationDetail-productName : LED50MU8600UC
