07-06 00:46:41.742 W/System.err(11309): 	at com.android.okhttp.internal.Platform.connectSocket(Platform.java:174)
07-06 00:46:41.742 W/System.err(11309): 	at com.android.okhttp.Connection.connect(Connection.java:152)
07-06 00:46:41.742 W/System.err(11309): 	at com.android.okhttp.internal.http.HttpEngine.connect(HttpEngine.java:276)
07-06 00:46:41.742 W/System.err(11309): 	at com.android.okhttp.internal.http.HttpEngine.sendRequest(HttpEngine.java:211)
07-06 00:46:41.742 W/System.err(11309): 	at com.android.okhttp.internal.http.HttpURLConnectionImpl.execute(HttpURLConnectionImpl.java:382)
07-06 00:46:41.742 W/System.err(11309): 	at com.android.okhttp.internal.http.HttpURLConnectionImpl.connect(HttpURLConnectionImpl.java:106)
07-06 00:46:41.742 W/System.err(11309): 	at com.hisense.hitv.hicloud.util.ExceptionReport.a(ExceptionReport.java:337)
07-06 00:46:41.742 W/System.err(11309): 	at com.hisense.hitv.hicloud.util.ExceptionReport.a(ExceptionReport.java:39)
07-06 00:46:41.742 W/System.err(11309): 	at com.hisense.hitv.hicloud.util.ExceptionReport$1.run(ExceptionReport.java:83)
07-06 00:46:41.742 W/System.err(11309): 	at java.lang.Thread.run(Thread.java:818)
07-06 00:46:41.742 W/System.err(11309): Caused by: android.system.ErrnoException: isConnected failed: ECONNREFUSED (Connection refused)
07-06 00:46:41.743 W/System.err(11309): 	at libcore.io.IoBridge.isConnected(IoBridge.java:223)
07-06 00:46:41.743 W/System.err(11309): 	... 15 more
07-06 00:46:41.747 D/OkHttp  (11309): <-- 200 OK http://picture.edu.hismarttv.com/images/20170629/%E5%93%88%E5%88%A9%E8%AE%B2%E6%95%85%E4%BA%8B%EF%BC%88%E4%B8%80%EF%BC%89.jpg (69ms)
07-06 00:46:41.747 D/OkHttp  (11309): Date: Mon, 03 Jul 2017 10:17:10 GMT
07-06 00:46:41.747 D/OkHttp  (11309): Server: nginx
07-06 00:46:41.747 D/OkHttp  (11309): Content-Type: image/jpeg
07-06 00:46:41.747 D/OkHttp  (11309): Content-Length: 135983
07-06 00:46:41.747 D/OkHttp  (11309): Last-Modified: Fri, 09 Jun 2017 14:51:44 GMT
07-06 00:46:41.747 D/OkHttp  (11309): ETag: "593ab600-2132f"
07-06 00:46:41.747 D/OkHttp  (11309): Accept-Ranges: bytes
07-06 00:46:41.747 D/OkHttp  (11309): Age: 196171
07-06 00:46:41.747 D/OkHttp  (11309): Via: 1.1 chzhwt170:9 (Cdn Cache Server V2.0)[0 200 0], 1.1 chwt83:4 (Cdn Cache Server V2.0)[0 200 0]
07-06 00:46:41.747 D/OkHttp  (11309): Connection: keep-alive
07-06 00:46:41.747 D/OkHttp  (11309): <-- END HTTP
07-06 00:46:41.748 D/HttpHandler(11309): RetryIntercepter-->retryNum=0
07-06 00:46:41.748 D/HttpHandler(11309): RetryIntercepter-->backoffmutiplier=0
07-06 00:46:41.802 E/HomeMainActivity(11309): BaseApplication.mAccountType == 2
07-06 00:46:41.810 I/HomeMainActivity(11309): mBeginHttpTime : 22043382
07-06 00:46:41.810 I/HttpDnsUtils(11309): postExperienceVIP(): --url = http://api.edu.hismarttv.com/payment/api/get/experience/member
07-06 00:46:41.810 V/HttpDnsUtils(11309): getExperienceVIP 86100300900000500000060a4818fca8 7195320 13287129 0 2 0 0 0
07-06 00:46:41.811 E/NetUtils(11309): encryption --- sign = accessToken=72DF6038D2AEAB8A76DFBBBBCC428A4A_003888736372833&days=0&devid=86100300900000500000060a4818fca8&mac=a8:a6:48:18:fc:a8&memberType=2&orderType=0&BDA9F96C98E9D5130A5AFB3411B5F9E0
07-06 00:46:41.819 D/til@system( 2026): til_get_system_param option:1000007 int:-1936525184, bool:128, ret:0
07-06 00:46:41.820 D/til@system( 2026): til_get_system_param option:1000009 int:-1936522112, bool:128, ret:0
07-06 00:46:41.821 D/til@system( 2026): til_get_system_param option:1000008 int:-1936522368, bool:128, ret:0
07-06 00:46:41.821 D/HttpDnsUtils(11309): CEXX-getOperationDetail-productName : LED50MU8600UC
07-06 00:46:41.821 D/HttpDnsUtils(11309): CEXX-getOperationDetail-plmNumber : 88888
07-06 00:46:41.821 D/HttpDnsUtils(11309): CEXX-getOperationDetail-swVersion : V0000.00.01A
07-06 00:46:41.821 D/HttpDnsUtils(11309): CEXX-getOperationDetail-operationDetail : LED50MU8600UC0000888
07-06 00:46:41.845 I/TVMW@HsTvSetting( 1234): Trace cmd, data = 0x1058
07-06 00:46:41.845 D/til@system( 2026): til_get_system_param option:100002F int:0, bool:0, ret:0
07-06 00:46:41.845 I/TVMW@HsTvSetting( 1234): Trace cmd, data = 0x101f
07-06 00:46:41.845 D/til@system( 2026): til_get_system_param option:100001D int:3, bool:3, ret:0
07-06 00:46:41.845 E/til     ( 2026): [til_get_current_input_source, 101] 
07-06 00:46:41.845 I/TVMW@HsTvSetting( 1234): Trace cmd, data = 0x7007
07-06 00:46:41.846 I/tilwrapper@sm( 2026): HS2TIL_SourceType *hs=0xd, *til=0x900
07-06 00:46:41.846 D/til     ( 2026): get current source 2304
07-06 00:46:41.846 D/SourceRemoteServiceHandler( 2026): getCurrentInputSource.from.til.result is 0, value is 2304
07-06 00:46:41.846 D/SourceRemoteServiceHandler( 2026): getInputSourceType source: 0x900, type=2304
07-06 00:46:41.846 D/til     ( 2026): ###### func:til_get_picture_param option:0x3000006 ######  
07-06 00:46:41.846 I/TVMW@HsTvSetting( 1234): Trace cmd, data = 0x1003
07-06 00:46:41.846 I/TVMW@HsTvSetting( 1234): Trace cmd, data = 0x8032
07-06 00:46:41.847 I/hstvos  ( 1216): [0m[1;33m[HSHAL][HS_VIDEO][HS_HAL_Video_SetOsdDetect_v2][2389]u16Threshold = 20
07-06 00:46:41.847 I/MiSysSrv( 1214): Not support now! 42, change to mm_video!!!
07-06 00:46:41.847 E/TVMW@videoctrl( 1234):  getOsd is 1
07-06 00:46:41.847 D/til@system( 2026): til_get_system_param option:1000027 int:1, bool:1, ret:0
07-06 00:46:41.847 D/til     ( 2026): ###### func:til_get_picture_param option:0x3000045 ######  
07-06 00:46:41.848 I/TVMW@HsTvSetting( 1234): Trace cmd, data = 0x300c
07-06 00:46:41.848 I/TVMW@HsTvSetting( 1234): Trace 3d, data = 0x300c
07-06 00:46:41.848 I/TVMW@3d ( 1234): Hs_debug3d_trace: func:get3dStatus, line:109
07-06 00:46:41.863 V/HttpDnsUtils(11309): days 0 memberType 2 activityId 0
07-06 00:46:41.864 V/HttpDnsUtils(11309): postExperienceVIP(): postMap = {customerId=7195320, memberType=2, PFAPPCode=652, accessToken=72DF6038D2AEAB8A76DFBBBBCC428A4A_003888736372833, ChannelId=0, APPVersionName=3.0.0.9.00, model_id=0, orderType=0, mac=a8:a6:48:18:fc:a8, days=0, sign=466ab8005c6dedc352539742324873d4, uuid=13287129, APPPackage=com.hisense.hicloud.edca, devid=86100300900000500000060a4818fca8, phone=18547412365, tv_distribute_id=00, softwareVersion=LED50MU8600UC0000888, subscriberId=13287129, version=00.002.003, customerName=18547412365, devType=0, APIVersion=600, activityId=0}
07-06 00:46:41.868 D/til@system( 2026): til_get_system_param option:1000007 int:-1815634176, bool:0, ret:0
07-06 00:46:41.869 D/til@system( 2026): til_get_system_param option:1000009 int:-1815632896, bool:0, ret:0
07-06 00:46:41.870 D/til@system( 2026): til_get_system_param option:1000008 int:-1936523008, bool:0, ret:0
07-06 00:46:41.870 D/HttpHandler(11309): RAMCache-->hostInfo.getClientTimeStamp()=22040518
07-06 00:46:41.870 D/HttpHandler(11309): RAMCache-->hostInfo.getTtl()=300
07-06 00:46:41.871 D/HttpHandler(11309): RAMCache-->SystemClock.elapsedRealtime()=22043442
07-06 00:46:41.871 D/HttpBuilder(11309): getOperationDetail-productName : LED50MU8600UC
07-06 00:46:41.871 D/HttpBuilder(11309): getOperationDetail-plmNumber : 88888
07-06 00:46:41.871 D/HttpBuilder(11309): getOperationDetail-swVersion : V0000.00.01A
07-06 00:46:41.871 D/HttpBuilder(11309): getOperationDetail-operationDetail : LED50MU8600UC0000888
07-06 00:46:41.921 I/HttpBuilder(11309): addUrlPublicParams mUrl ==>http://api.edu.hismarttv.com/payment/api/get/experience/member?uuid=13287129&mac=a8:a6:48:18:fc:a8&devid=86100300900000500000060a4818fca8&version=00.002.003&subscriberId=13287129&customerId=7195320&model_id=0&APPPackage=com.hisense.hicloud.edca&PFAPPCode=652&APPVersionName=3.0.0.9.00&ChannelId=0&softwareVersion=LED50MU8600UC0000888&tv_distribute_id=00&devType=0&APIVersion=600&accessToken=72DF6038D2AEAB8A76DFBBBBCC428A4A_003888736372833
07-06 00:46:41.938 D/HttpHandler(11309): VerifySignInterCeptor-->request.url()=http://api.edu.hismarttv.com/payment/api/get/experience/member?uuid=13287129&mac=a8:a6:48:18:fc:a8&devid=86100300900000500000060a4818fca8&version=00.002.003&subscriberId=13287129&customerId=7195320&model_id=0&APPPackage=com.hisense.hicloud.edca&PFAPPCode=652&APPVersionName=3.0.0.9.00&ChannelId=0&softwareVersion=LED50MU8600UC0000888&tv_distribute_id=00&devType=0&APIVersion=600&accessToken=72DF6038D2AEAB8A76DFBBBBCC428A4A_003888736372833
07-06 00:46:41.938 D/HttpHandler(11309): VerifySignInterCeptor-->hostname=api.edu.hismarttv.com
07-06 00:46:41.972 D/TabFocusBorderView(11309): SLOVEN onAnimationCancel
07-06 00:46:41.972 D/TabFocusBorderView(11309): SLOVEN onAnimationEnd
07-06 00:46:41.972 D/TabView (11309): SLOVEN border top===>:296---407
07-06 00:46:41.973 I/MyFragmentStateAdapter(11309): getCount
07-06 00:46:41.973 I/MyFragmentStateAdapter(11309): getCount
07-06 00:46:41.973 I/MyFragmentStateAdapter(11309): getCount
07-06 00:46:41.973 I/MyFragmentStateAdapter(11309): getCount
07-06 00:46:41.976 D/DtvSourcePlugin-DVBC( 4289): Setting the EPG Updater state to: WAIT
07-06 00:46:41.979 I/MyFragmentStateAdapter(11309): getCount
07-06 00:46:41.980 D/HttpHandler(11309): HttpDNS-->hostname=api.edu.hismarttv.com
07-06 00:46:41.980 D/HttpHandler(11309): RAMCache-->hostInfo.getClientTimeStamp()=22038293
07-06 00:46:41.981 D/HttpHandler(11309): RAMCache-->hostInfo.getTtl()=3600
07-06 00:46:41.993 D/MC_MEMORY( 4735): max: 256.261888 Mb, heap: 10.10798 Mb, allocated: 9.9824 Mb, free: 0.974 Mb, native heap: 12.12276 Mb, native allocated: 8.8345 Mb, native free: 3.3931 Mb
07-06 00:46:42.001 D/HttpHandler(11309): RAMCache-->SystemClock.elapsedRealtime()=22043573
07-06 00:46:42.064 D/HttpHandler(11309): DNSHelper-->gslbDns=["153.35.175.120","125.46.22.134","36.33.158.222","218.58.206.58","123.128.14.209","153.35.175.121","220.202.77.124"]
07-06 00:46:42.086 D/OkHttp  (11309): --> GET http://picture.edu.hismarttv.com/images/20170629/30%E5%A4%A9%E5%86%99%E5%87%BA%E4%B8%80%E6%89%8B%E5%A5%BD%E5%AD%9720161129021942268280.jpg http/1.1
07-06 00:46:42.086 D/OkHttp  (11309): Host: picture.edu.hismarttv.com
07-06 00:46:42.086 D/OkHttp  (11309): Connection: Keep-Alive
07-06 00:46:42.086 D/OkHttp  (11309): Accept-Encoding: gzip
07-06 00:46:42.086 D/OkHttp  (11309): User-Agent: okhttp/3.6.0
07-06 00:46:42.086 D/OkHttp  (11309): --> END GET
07-06 00:46:42.106 I/MyFragmentStateAdapter(11309): getCount
07-06 00:46:42.106 I/MyFragmentStateAdapter(11309): getCount
07-06 00:46:42.106 I/MyFragmentStateAdapter(11309): getCount
07-06 00:46:42.106 I/MyFragmentStateAdapter(11309): getCount
07-06 00:46:42.118 I/MyFragmentStateAdapter(11309): getCount
07-06 00:46:42.132 D/OkHttp  (11309): <-- 200 OK http://picture.edu.hismarttv.com/images/20170629/30%E5%A4%A9%E5%86%99%E5%87%BA%E4%B8%80%E6%89%8B%E5%A5%BD%E5%AD%9720161129021942268280.jpg (45ms)
07-06 00:46:42.132 D/OkHttp  (11309): Date: Mon, 03 Jul 2017 10:05:21 GMT
07-06 00:46:42.132 D/OkHttp  (11309): Server: nginx
07-06 00:46:42.132 D/OkHttp  (11309): Content-Type: image/jpeg
07-06 00:46:42.132 D/OkHttp  (11309): Content-Length: 137170
07-06 00:46:42.132 D/OkHttp  (11309): Last-Modified: Fri, 09 Jun 2017 14:48:12 GMT
07-06 00:46:42.132 D/OkHttp  (11309): ETag: "593ab52c-217d2"
07-06 00:46:42.132 D/OkHttp  (11309): Accept-Ranges: bytes
07-06 00:46:42.132 D/OkHttp  (11309): Age: 196880
07-06 00:46:42.132 D/OkHttp  (11309): Via: 1.1 changzhiwangtong169:2 (Cdn Cache Server V2.0)[0 200 0], 1.1 chwt83:5 (Cdn Cache Server V2.0)[0 200 0]
07-06 00:46:42.132 D/OkHttp  (11309): Connection: keep-alive
07-06 00:46:42.132 D/OkHttp  (11309): <-- END HTTP
07-06 00:46:42.133 D/HttpHandler(11309): RetryIntercepter-->retryNum=0
07-06 00:46:42.133 D/HttpHandler(11309): RetryIntercepter-->backoffmutiplier=0
07-06 00:46:42.068 D/HttpHandler(11309): DNSHelper-->gslbDns=["123.103.91.123"]
07-06 00:46:42.180 W/ActivityManager( 1733): Activity destroy timeout for ActivityRecord{615b7c3 u0 com.jamdeo.launcher/.app.BaseTileActivity t5539 f}
07-06 00:46:42.225 I/MyFragmentStateAdapter(11309): getCount
07-06 00:46:42.292 I/NetflixMonitorService( 1733): current fgapk : com.hisense.hicloud.edca
07-06 00:46:42.292 I/NetflixMonitorService( 1733): Netflix status unchanged
07-06 00:46:42.298 D/WebcastSDK-HiCloudSourcePlugin(11309): getContext(): com.hisense.hicloud.edca.BaseApplication@2adbac5c mWebcastManager: com.hisense.webcastSDK.WebcastManager@1e5bc067
07-06 00:46:42.299 D/WebcastSDK-(11309): activity == null.
07-06 00:46:42.303 V/PackageManager( 1733): getPackageInfo com.hisense.hicloud.edca: Package{3fb3f3a1 com.hisense.hicloud.edca}
07-06 00:46:42.309 I/WebcastSDK-(11309): getAppVersionName(), versionName = 3.0.0.9.00
07-06 00:46:42.333 I/CurrentCarouselView(11309): real play
07-06 00:46:42.342 I/MyFragmentStateAdapter(11309): getCount
07-06 00:46:42.346 I/UsageStatsService( 1733): User[0] Flushing usage stats to disk
07-06 00:46:42.348 I/TVMW@HsTvSetting( 1234): Trace cmd, data = 0x1058
07-06 00:46:42.349 D/til@system( 2026): til_get_system_param option:100002F int:0, bool:0, ret:0
07-06 00:46:42.349 I/TVMW@HsTvSetting( 1234): Trace cmd, data = 0x101f
07-06 00:46:42.349 D/til@system( 2026): til_get_system_param option:100001D int:3, bool:3, ret:0
07-06 00:46:42.349 E/til     ( 2026): [til_get_current_input_source, 101] 
07-06 00:46:42.349 I/TVMW@HsTvSetting( 1234): Trace cmd, data = 0x7007
07-06 00:46:42.350 I/tilwrapper@sm( 2026): HS2TIL_SourceType *hs=0xd, *til=0x900
07-06 00:46:42.350 D/til     ( 2026): get current source 2304
07-06 00:46:42.350 D/SourceRemoteServiceHandler( 2026): getCurrentInputSource.from.til.result is 0, value is 2304
07-06 00:46:42.350 D/SourceRemoteServiceHandler( 2026): getInputSourceType source: 0x900, type=2304
07-06 00:46:42.350 D/til     ( 2026): ###### func:til_get_picture_param option:0x3000006 ######  
07-06 00:46:42.350 I/TVMW@HsTvSetting( 1234): Trace cmd, data = 0x1003
07-06 00:46:42.351 I/TVMW@HsTvSetting( 1234): Trace cmd, data = 0x8032
07-06 00:46:42.351 I/hstvos  ( 1216): [0m[1;33m[HSHAL][HS_VIDEO][HS_HAL_Video_SetOsdDetect_v2][2389]u16Threshold = 20
07-06 00:46:42.351 I/MiSysSrv( 1214): Not support now! 42, change to mm_video!!!
07-06 00:46:42.351 E/TVMW@videoctrl( 1234):  getOsd is 1
07-06 00:46:42.351 D/til@system( 2026): til_get_system_param option:1000027 int:1, bool:1, ret:0
07-06 00:46:42.352 D/til     ( 2026): ###### func:til_get_picture_param option:0x3000045 ######  
07-06 00:46:42.352 I/TVMW@HsTvSetting( 1234): Trace cmd, data = 0x300c
07-06 00:46:42.352 I/TVMW@HsTvSetting( 1234): Trace 3d, data = 0x300c
07-06 00:46:42.352 I/TVMW@3d ( 1234): Hs_debug3d_trace: func:get3dStatus, line:109
07-06 00:46:42.381 D/Carousel-CarouselView(11309): clearPosterAndPlay! hashCode=1018850026, sWorkingHashCode=0
07-06 00:46:42.393 D/Carousel-CarouselView(11309): mListView.getAdapter()=com.hisense.hitv.carouselwidgit.view.adapter.CarouselInfoListAdapter@3179d4b2
07-06 00:46:42.393 D/Carousel-CarouselView(11309): Last playing position:-1
07-06 00:46:42.393 D/Carousel-CarouselView(11309): position=1
07-06 00:46:42.393 D/Carousel-CarouselView(11309): Last play position:1,size:3
07-06 00:46:42.394 D/AudioSystem(11309): Setting global gAudioPortCallback On refCnt: 1
07-06 00:46:42.395 D/Carousel-CarouselListView(11309): onItemClick position:1,view:null
07-06 00:46:42.396 D/Carousel-CarouselListView(11309): last play position:1,cur:1
07-06 00:46:42.401 D/Carousel-CarouselView(11309): onListItemClick view=null,position=1
07-06 00:46:42.416 I/MyFragmentStateAdapter(11309): getCount
07-06 00:46:42.444 I/MyFragmentStateAdapter(11309): getCount
07-06 00:46:42.444 I/MyFragmentStateAdapter(11309): getCount
07-06 00:46:42.445 I/MyFragmentStateAdapter(11309): getCount
07-06 00:46:42.445 I/MyFragmentStateAdapter(11309): getCount
07-06 00:46:42.449 I/MyFragmentStateAdapter(11309): getCount
07-06 00:46:42.457 E/WebcastSDK-HiCloudSourcePlugin(11309): FetchSystemParameterTask(), res = {"categoryChannelTimeInterval":211000,"timeSynInterval":344000,"ChannelSwitchdefaultPic":"http://download.hismarttv.com/epgdata/LunBoContentPic/149810099740274506.jpg","TencentPlayRoundId":"1","allowUploadLogFile":1,"NoticeShow":1,"resultCode":0}
07-06 00:46:42.458 E/WebcastSDK-EPGDataManager(11309): notifySystemParametersData(), SystemParameterInfo = [ mCategoryInternal = 211000; mServerTimeInternal = 344000; mTencentPlayId = 1; mUploadLogFlag = 1; mSwitchPic = http://download.hismarttv.com/epgdata/LunBoContentPic/149810099740274506.jpg]
07-06 00:46:42.459 D/WebcastSDK-(11309): activity == null.
07-06 00:46:42.459 I/WebcastSDK-EPGDataManager(11309): handleMessage(), sync Server time in [ 344000 ] ms
07-06 00:46:42.459 D/WebcastSDK-(11309): activity == null.
07-06 00:46:42.462 I/MyFragmentStateAdapter(11309): getCount
07-06 00:46:42.515 D/Carousel-CarouselView(11309): start to play! hashCode=1018850026
07-06 00:46:42.516 D/Carousel-Utils(11309): x=511,y=167, width=892,height=536
07-06 00:46:42.528 W/art     (11309): Suspending all threads took: 6.134ms
07-06 00:46:42.533 I/TVMW@devctrl( 1234): wdt
07-06 00:46:42.545 I/art     (11309): Background partial concurrent mark sweep GC freed 24281(1462KB) AllocSpace objects, 2(1518KB) LOS objects, 12% free, 29MB/33MB, paused 11.506ms total 332.053ms
07-06 00:46:42.548 D/Carousel-CarouselView(11309): type=1
07-06 00:46:42.549 D/Carousel-CarouselDisplayPlayerLayout(11309): isFullScreen:false
07-06 00:46:42.549 D/Carousel-Utils(11309): displayImage view=android.widget.ImageView{256b6780 V.ED.... ......I. 0,0-0,0 #7f0d0029 app:id/imageView1}
07-06 00:46:42.549 D/Carousel-Utils(11309): displayImage url=http://picture.edu.hismarttv.com/images/20170629010146422927.jpg
07-06 00:46:42.550 D/Carousel-Utils(11309): onResourceReady.
07-06 00:46:42.550 D/Carousel-CarouselDisplayPlayerLayout(11309): isFullScreen:false
07-06 00:46:42.550 D/Carousel-log_(11309): isFullScreen:false
07-06 00:46:42.550 D/Carousel-CarouselDisplayPlayerLayout(11309): replacePlayer carouselType:3
07-06 00:46:42.550 D/Carousel-CarouselDisplayPlayerLayout(11309): x=511, y=167,w=892,h=536, hashCode=91641183
07-06 00:46:42.551 D/Carousel-CarouselDisplayPlayerLayout(11309): mX=0, mY=0,mWitdh=0,mHeight=0, hashCode=91641183
07-06 00:46:42.551 D/Carousel-CarouselDisplayPlayerLayout(11309): changed=true, hashCode=91641183
07-06 00:46:42.553 D/NativeDecimalFormat(11309): NativeDecimalFormat_close print addr=3997605120
07-06 00:46:42.553 D/NativeDecimalFormat(11309): NativeDecimalFormat_close print g_addr=3997592064
07-06 00:46:42.553 D/NativeDecimalFormat(11309): NativeDecimalFormat_close print addr=3997592064
07-06 00:46:42.553 D/NativeDecimalFormat(11309): NativeDecimalFormat_close print g_addr=3997592064
07-06 00:46:42.553 D/NativeDecimalFormat(11309): NativeDecimalFormat_close print addr=3997588224
07-06 00:46:42.553 D/NativeDecimalFormat(11309): NativeDecimalFormat_close print g_addr=3997592064
07-06 00:46:42.571 I/art     (11272): Background concurrent mark sweep GC freed 85609(4MB) AllocSpace objects, 1(20KB) LOS objects, 62% free, 606KB/1630KB, paused 34.154ms total 81.127ms
07-06 00:46:42.601 D/Carousel-CarouselVideoViewImpl(11309): onAttachedToWindow.
07-06 00:46:42.608 D/Carousel-CarouselVideoViewImpl(11309): startPlay!
07-06 00:46:42.608 D/Carousel-CarouselDisplayPlayerLayout(11309): isFullScreen:false
07-06 00:46:42.610 I/Carousel-UrlVideoView(11309): onMeasure(MeasureSpec: EXACTLY 816, MeasureSpec: EXACTLY 460)
07-06 00:46:42.610 I/Carousel-UrlVideoView(11309): onMeasure(MeasureSpec: EXACTLY 816, MeasureSpec: EXACTLY 460)
07-06 00:46:42.611 D/Surface ( 1733): onStatusChange() : mNativeObject = 547942778368 mUseImageHwRender = false
07-06 00:46:42.611 V/Surface ( 1733): nativeSetHardwareRender() : status = 0
07-06 00:46:42.611 V/Surface ( 1733): nativeSetHardwareRender() : end
07-06 00:46:42.616 D/PowerManagerService( 1733): setScreenBrightnessOverrideFromWindowManagerInternal done
07-06 00:46:42.619 D/Surface ( 1733): onStatusChange() : mNativeObject = 0 mUseImageHwRender = false
07-06 00:46:42.627 I/SurfaceView(11309): Changes: creating=true format=true size=true visible=true left=true top=true
07-06 00:46:42.630 V/WindowManager( 1733): Adding window Window{24ee8a37 u0 SurfaceView} at 11 of 20 (before Window{19371486 u0 com.hisense.hicloud.edca/com.hisense.tvui.newhome.HomeMainActivity})
07-06 00:46:42.631 I/SurfaceView(11309): Cur surface: Surface(name=null)/@0x34c5c7ba
07-06 00:46:42.634 D/Surface ( 1733): onStatusChange() : mNativeObject = 547942803456 mUseImageHwRender = false
07-06 00:46:42.634 V/Surface ( 1733): nativeSetHardwareRender() : status = 0
07-06 00:46:42.634 V/Surface ( 1733): nativeSetHardwareRender() : end
07-06 00:46:42.634 D/OsdMonitorService( 1733): mCurrentWindow = com.hisense.hicloud.edca/com.hisense.tvui.newhome.HomeMainActivity; newWindow = com.hisense.hicloud.edca/com.hisense.tvui.newhome.HomeMainActivity; isSubWindow = false; isInWinList = false; isExitNow = false
07-06 00:46:42.634 D/OsdMonitorService( 1733): windowNotOsd() : name = com.hisense.hicloud.edca/com.hisense.tvui.newhome.HomeMainActivity
07-06 00:46:42.634 I/OsdMonitorService( 1733): setOsdStatus() : status will change from true to true
07-06 00:46:42.644 V/SurfaceView(11309): com.hisense.hitv.carouselwidgit.view.videoview.UrlVideoView{39c0b29 V.E..... ......ID 0,0-816,460} got resized: w=816 h=460, cur w=-1 h=-1
07-06 00:46:42.645 D/PowerManagerService( 1733): setScreenBrightnessOverrideFromWindowManagerInternal done
07-06 00:46:42.652 D/Surface ( 1733): onStatusChange() : mNativeObject = 0 mUseImageHwRender = false
07-06 00:46:42.657 D/Surface (11309): onStatusChange() : mNativeObject = -543535360 mUseImageHwRender = false
07-06 00:46:42.657 V/Surface (11309): nativeSetHardwareRender() : status = 0
07-06 00:46:42.657 V/Surface (11309): nativeSetHardwareRender() : end
07-06 00:46:42.657 I/SurfaceView(11309): New surface: Surface(name=null)/@0x2eece66b, vis=true, frame=Rect(549, 205 - 1365, 665)
07-06 00:46:42.657 D/Surface (11309): onStatusChange() : mNativeObject = 0 mUseImageHwRender = false
07-06 00:46:42.657 D/Surface (11309): onStatusChange() : mNativeObject = -543535360 mUseImageHwRender = false
07-06 00:46:42.657 V/Surface (11309): nativeSetHardwareRender() : status = 0
07-06 00:46:42.657 V/Surface (11309): nativeSetHardwareRender() : end
07-06 00:46:42.657 I/SurfaceView(11309): visibleChanged -- surfaceCreated
07-06 00:46:42.657 D/Carousel-UrlVideoView(11309): surfaceCreated
07-06 00:46:42.660 I/SurfaceView(11309): surfaceChanged -- format=4 w=816 h=460
07-06 00:46:42.660 D/Carousel-UrlVideoView(11309): surfaceChanged
07-06 00:46:42.660 D/Carousel-UrlVideoView(11309): isValidState:false,hasValidSize:false
07-06 00:46:42.660 D/Carousel-UrlVideoView(11309): mVideoWidth:0,mVideoHeight:0,w:816,h:460
07-06 00:46:42.660 I/SurfaceView(11309): surfaceRedrawNeeded
07-06 00:46:42.660 I/SurfaceView(11309): finishedDrawing
07-06 00:46:42.661 V/SurfaceView(11309): Layout: x=549 y=205 w=816 h=460, frame=Rect(0, 0 - 816, 460)
07-06 00:46:42.666 D/PowerManagerService( 1733): setScreenBrightnessOverrideFromWindowManagerInternal done
07-06 00:46:42.668 D/PowerManagerService( 1733): setScreenBrightnessOverrideFromWindowManagerInternal done
07-06 00:46:42.676 D/PowerManagerService( 1733): setScreenBrightnessOverrideFromWindowManagerInternal done
07-06 00:46:42.686 I/MyFragmentStateAdapter(11309): getCount
07-06 00:46:42.699 D/OkHttp  (11309): --> POST http://api.edu.hismarttv.com/payment/api/get/experience/member?uuid=13287129&mac=a8:a6:48:18:fc:a8&devid=86100300900000500000060a4818fca8&version=00.002.003&subscriberId=13287129&customerId=7195320&model_id=0&APPPackage=com.hisense.hicloud.edca&PFAPPCode=652&APPVersionName=3.0.0.9.00&ChannelId=0&softwareVersion=LED50MU8600UC0000888&tv_distribute_id=00&devType=0&APIVersion=600&accessToken=72DF6038D2AEAB8A76DFBBBBCC428A4A_003888736372833 http/1.1
07-06 00:46:42.707 D/TabView (11309): SLOVEN mIsTabScrollingisAnimating===>:falsefalse
07-06 00:46:42.708 I/MainHomeView(11309): OnTabSelected() tabPosition = 2,lastpos=-1, subPosition = 0
07-06 00:46:42.708 I/SoftFragmentList(11309): fetchCacheFragment  enter ---- index = 2
07-06 00:46:42.708 D/SoftFragmentList(11309): fetchCacheFragment  mFragmentCache.size() = 3
07-06 00:46:42.708 D/SoftFragmentList(11309): fetchCacheFragment mLastIndex = 2, view = 
07-06 00:46:42.708 D/MainHomeView(11309): onTabSelected ===>:Current channelId0
07-06 00:46:42.715 D/Carousel-SimpleVideoView(11309): onReceive net connected.
07-06 00:46:42.715 I/SurfaceView(11309): Changes: creating=false format=false size=false visible=false left=false top=false
07-06 00:46:42.715 I/SurfaceView(11309): Cur surface: Surface(name=null)/@0x34c5c7ba
07-06 00:46:42.716 D/Surface ( 1733): onStatusChange() : mNativeObject = 547942803456 mUseImageHwRender = false
07-06 00:46:42.716 V/Surface ( 1733): nativeSetHardwareRender() : status = 0
07-06 00:46:42.716 V/Surface ( 1733): nativeSetHardwareRender() : end
07-06 00:46:42.717 D/PowerManagerService( 1733): setScreenBrightnessOverrideFromWindowManagerInternal done
07-06 00:46:42.720 D/Surface ( 1733): onStatusChange() : mNativeObject = 0 mUseImageHwRender = false
07-06 00:46:42.720 D/Surface (11309): onStatusChange() : mNativeObject = -543537152 mUseImageHwRender = false
07-06 00:46:42.720 V/Surface (11309): nativeSetHardwareRender() : status = 0
07-06 00:46:42.720 V/Surface (11309): nativeSetHardwareRender() : end
07-06 00:46:42.720 I/SurfaceView(11309): New surface: Surface(name=null)/@0x2eece66b, vis=true, frame=Rect(549, 205 - 1365, 665)
07-06 00:46:42.720 D/Surface (11309): onStatusChange() : mNativeObject = 0 mUseImageHwRender = false
07-06 00:46:42.721 D/Surface (11309): onStatusChange() : mNativeObject = -543537152 mUseImageHwRender = false
07-06 00:46:42.721 V/Surface (11309): nativeSetHardwareRender() : status = 0
07-06 00:46:42.721 V/Surface (11309): nativeSetHardwareRender() : end
07-06 00:46:42.721 I/SurfaceView(11309): surfaceRedrawNeeded
07-06 00:46:42.721 I/SurfaceView(11309): finishedDrawing
07-06 00:46:42.723 V/SurfaceView(11309): Layout: x=549 y=205 w=816 h=460, frame=Rect(0, 0 - 816, 460)
07-06 00:46:42.763 D/PowerManagerService( 1733): releaseWakeLockInternal: lock=681732318 [ActivityManager-Launch], flags=0x0
07-06 00:46:42.763 D/PowerManagerNotifier( 1733): onWakeLockReleased: flags=1, tag="ActivityManager-Launch", packageName=android, ownerUid=1000, ownerPid=1733, workSource=null
07-06 00:46:42.793 D/OkHttp  (11309): Content-Type: application/x-www-form-urlencoded
07-06 00:46:42.793 E/HttpDnsUtils(11309): http callCancel(): mViewTag = EntryActivity
07-06 00:46:42.798 D/PowerManagerService( 1733): setScreenBrightnessOverrideFromWindowManagerInternal done
07-06 00:46:42.799 D/OsdMonitorService( 1733): mCurrentWindow = com.hisense.hicloud.edca/com.hisense.tvui.newhome.HomeMainActivity; newWindow = com.hisense.hicloud.edca/com.hisense.tvui.newhome.HomeMainActivity; isSubWindow = false; isInWinList = false; isExitNow = false
07-06 00:46:42.799 D/OsdMonitorService( 1733): windowNotOsd() : name = com.hisense.hicloud.edca/com.hisense.tvui.newhome.HomeMainActivity
07-06 00:46:42.799 I/OsdMonitorService( 1733): setOsdStatus() : status will change from true to true
07-06 00:46:42.802 D/OkHttp  (11309): Content-Length: 512
07-06 00:46:42.802 D/OkHttp  (11309): Data_Type: JSON
07-06 00:46:42.802 D/OkHttp  (11309): RetryTime: 0
07-06 00:46:42.802 D/OkHttp  (11309): Backoffmutiplier: 0
07-06 00:46:42.802 D/OkHttp  (11309): Host: api.edu.hismarttv.com
07-06 00:46:42.802 D/OkHttp  (11309): Connection: Keep-Alive
07-06 00:46:42.802 D/OkHttp  (11309): Accept-Encoding: gzip
07-06 00:46:42.802 D/OkHttp  (11309): User-Agent: okhttp/3.6.0
07-06 00:46:42.802 D/OkHttp  (11309): --> END POST
07-06 00:46:42.805 I/MyFragmentStateAdapter(11309): getCount
07-06 00:46:42.805 I/MyFragmentStateAdapter(11309): getCount
07-06 00:46:42.805 I/MyFragmentStateAdapter(11309): getCount
07-06 00:46:42.805 I/MyFragmentStateAdapter(11309): getCount
07-06 00:46:42.812 I/MyFragmentStateAdapter(11309): getCount
07-06 00:46:42.843 D/OkHttp  (11309): <-- 200 OK http://api.edu.hismarttv.com/payment/api/get/experience/member?uuid=13287129&mac=a8:a6:48:18:fc:a8&devid=86100300900000500000060a4818fca8&version=00.002.003&subscriberId=13287129&customerId=7195320&model_id=0&APPPackage=com.hisense.hicloud.edca&PFAPPCode=652&APPVersionName=3.0.0.9.00&ChannelId=0&softwareVersion=LED50MU8600UC0000888&tv_distribute_id=00&devType=0&APIVersion=600&accessToken=72DF6038D2AEAB8A76DFBBBBCC428A4A_003888736372833 (40ms)
07-06 00:46:42.849 D/OkHttp  (11309): Server: nginx
07-06 00:46:42.849 D/OkHttp  (11309): Date: Wed, 05 Jul 2017 16:46:42 GMT
07-06 00:46:42.849 D/OkHttp  (11309): Content-Type: application/json
07-06 00:46:42.849 D/OkHttp  (11309): Content-Length: 289
07-06 00:46:42.849 D/OkHttp  (11309): Connection: close
07-06 00:46:42.849 D/OkHttp  (11309): <-- END HTTP
07-06 00:46:42.853 I/TVMW@HsTvSetting( 1234): Trace cmd, data = 0x1058
07-06 00:46:42.853 D/til@system( 2026): til_get_system_param option:100002F int:0, bool:0, ret:0
07-06 00:46:42.854 I/TVMW@HsTvSetting( 1234): Trace cmd, data = 0x101f
07-06 00:46:42.854 D/til@system( 2026): til_get_system_param option:100001D int:3, bool:3, ret:0
07-06 00:46:42.854 E/til     ( 2026): [til_get_current_input_source, 101] 
07-06 00:46:42.854 I/TVMW@HsTvSetting( 1234): Trace cmd, data = 0x7007
07-06 00:46:42.854 I/tilwrapper@sm( 2026): HS2TIL_SourceType *hs=0xd, *til=0x900
07-06 00:46:42.854 D/til     ( 2026): get current source 2304
07-06 00:46:42.855 D/SourceRemoteServiceHandler( 2026): getCurrentInputSource.from.til.result is 0, value is 2304
07-06 00:46:42.855 D/SourceRemoteServiceHandler( 2026): getInputSourceType source: 0x900, type=2304
07-06 00:46:42.855 D/til     ( 2026): ###### func:til_get_picture_param option:0x3000006 ######  
07-06 00:46:42.855 I/TVMW@HsTvSetting( 1234): Trace cmd, data = 0x1003
07-06 00:46:42.856 I/TVMW@HsTvSetting( 1234): Trace cmd, data = 0x8032
07-06 00:46:42.857 I/hstvos  ( 1216): [0m[1;33m[HSHAL][HS_VIDEO][HS_HAL_Video_SetOsdDetect_v2][2389]u16Threshold = 20
07-06 00:46:42.857 I/MiSysSrv( 1214): Not support now! 42, change to mm_video!!!
07-06 00:46:42.857 E/TVMW@videoctrl( 1234):  getOsd is 1
07-06 00:46:42.858 D/til@system( 2026): til_get_system_param option:1000027 int:1, bool:1, ret:0
07-06 00:46:42.858 D/til     ( 2026): ###### func:til_get_picture_param option:0x3000045 ######  
07-06 00:46:42.858 I/TVMW@HsTvSetting( 1234): Trace cmd, data = 0x300c
07-06 00:46:42.858 I/TVMW@HsTvSetting( 1234): Trace 3d, data = 0x300c
07-06 00:46:42.858 I/TVMW@3d ( 1234): Hs_debug3d_trace: func:get3dStatus, line:109
07-06 00:46:42.861 D/HttpHandler(11309): RetryIntercepter-->retryNum=0
07-06 00:46:42.861 D/HttpHandler(11309): RetryIntercepter-->backoffmutiplier=0
07-06 00:46:42.862 D/HttpHandler(11309): VerifySignInterCeptor-->dateType=1
07-06 00:46:42.862 D/HttpHandler(11309): VerifySignInterCeptor-->HttpRequestManager.httpClietOption.getVerifyFlag()=1
07-06 00:46:42.863 D/HttpHandler(11309): VerifySignInterCeptor-->content={"message": "\u6ca1\u6709\u67e5\u8be2\u5230id\u4e3a0\u7684\u5f39\u7a97\u4fe1\u606f", "success": false}
07-06 00:46:42.873 D/HiNetworkImpl(11309): doHttp_Asyn(): onReqResponse isSuccessful = true, back from thread: main
07-06 00:46:42.911 D/MyLocalStartService( 5648): currentName is :com.hisense.hicloud.edca
07-06 00:46:42.923 I/HiNetworkImpl(11309): doHttp_Asyn(): onSuccess clazz = class com.hisense.sdk.domain.ResponseResult, back from thread: main
07-06 00:46:42.924 I/HomeMainActivity(11309): finishHttpTime : 22044495   1113
07-06 00:46:42.932 D/til@system( 2026): til_get_system_param option:1000007 int:-1815633792, bool:128, ret:0
07-06 00:46:42.934 D/til@system( 2026): til_get_system_param option:1000009 int:-1936525184, bool:128, ret:0
07-06 00:46:42.938 D/til@system( 2026): til_get_system_param option:1000008 int:-1936522112, bool:128, ret:0
07-06 00:46:42.939 D/HiSDKLogReport(11309): getOperationDetail-productName : LED50MU8600UC
07-06 00:46:42.939 D/HiSDKLogReport(11309): getOperationDetail-plmNumber : 88888
07-06 00:46:42.939 D/HiSDKLogReport(11309): getOperationDetail-swVersion : V0000.00.01A
07-06 00:46:42.939 D/HiSDKLogReport(11309): getOperationDetail-operationDetail : LED50MU8600UC0000888
07-06 00:46:42.939 D/HiSDKLogReport(11309): processLogReport-log : {eventType=163, appKey=1182445233, APPVersionName=3.0.0.9.00, devid=86100300900000500000060a4818fca8, mac=a8:a6:48:18:fc:a8, uuid=13287129, accessToken=72DF6038D2AEAB8A76DFBBBBCC428A4A_003888736372833, APIversion=501, logversion=2.0, devType=0, APPPackage=com.hisense.hicloud.edca, eventPos=002, requesttime=1499273202939, customerId=7195320, value2=, eventMessage=HttpConnection, value1=1113, model_id=0, ChannelId=0, version=00.002.003, tv_distribute_id=00, subscriberId=13287129, APIVersion=600, PFAPPCode=652, softwareVersion=LED50MU8600UC0000888}
07-06 00:46:42.940 I/HomeMainActivity.java(11309): VodLog-[onSuccess:1016]postExperienceVIP request fail.Error Message: id0
07-06 00:46:42.963 I/MyFragmentStateAdapter(11309): getCount
07-06 00:46:42.988 W/System.err(11309): java.net.ConnectException: failed to connect to /10.18.210.112 (port 8900) after 6000ms: isConnected failed: ECONNREFUSED (Connection refused)
07-06 00:46:42.993 W/System.err(11309): 	at libcore.io.IoBridge.isConnected(IoBridge.java:238)
07-06 00:46:42.993 W/System.err(11309): 	at libcore.io.IoBridge.connectErrno(IoBridge.java:171)
07-06 00:46:42.993 W/System.err(11309): 	at libcore.io.IoBridge.connect(IoBridge.java:122)
07-06 00:46:42.993 W/System.err(11309): 	at java.net.PlainSocketImpl.connect(PlainSocketImpl.java:183)
07-06 00:46:42.993 W/System.err(11309): 	at java.net.PlainSocketImpl.connect(PlainSocketImpl.java:456)
07-06 00:46:42.993 W/System.err(11309): 	at java.net.Socket.connect(Socket.java:882)
07-06 00:46:42.993 W/System.err(11309): 	at com.android.okhttp.internal.Platform.connectSocket(Platform.java:174)
07-06 00:46:42.993 W/System.err(11309): 	at com.android.okhttp.Connection.connect(Connection.java:152)
07-06 00:46:42.993 W/System.err(11309): 	at com.android.okhttp.internal.http.HttpEngine.connect(HttpEngine.java:276)
07-06 00:46:42.993 W/System.err(11309): 	at com.android.okhttp.internal.http.HttpEngine.sendRequest(HttpEngine.java:211)
07-06 00:46:42.993 W/System.err(11309): 	at com.android.okhttp.internal.http.HttpURLConnectionImpl.execute(HttpURLConnectionImpl.java:382)
07-06 00:46:42.993 W/System.err(11309): 	at com.android.okhttp.internal.http.HttpURLConnectionImpl.connect(HttpURLConnectionImpl.java:106)
07-06 00:46:42.993 W/System.err(11309): 	at com.hisense.hitv.hicloud.util.ExceptionReport.a(ExceptionReport.java:337)
07-06 00:46:42.993 W/System.err(11309): 	at com.hisense.hitv.hicloud.util.ExceptionReport.a(ExceptionReport.java:39)
07-06 00:46:42.993 W/System.err(11309): 	at com.hisense.hitv.hicloud.util.ExceptionReport$1.run(ExceptionReport.java:83)
07-06 00:46:42.993 W/System.err(11309): 	at java.lang.Thread.run(Thread.java:818)
07-06 00:46:42.994 W/System.err(11309): Caused by: android.system.ErrnoException: isConnected failed: ECONNREFUSED (Connection refused)
07-06 00:46:42.994 W/System.err(11309): 	at libcore.io.IoBridge.isConnected(IoBridge.java:223)
07-06 00:46:42.994 W/System.err(11309): 	... 15 more
07-06 00:46:43.007 D/CommonHeader(11309): app logo :refreshTimer: isRotatetrue
07-06 00:46:43.034 I/MyFragmentStateAdapter(11309): getCount
07-06 00:46:43.138 I/MyFragmentStateAdapter(11309): getCount
07-06 00:46:43.149 I/art     (11309): Background sticky concurrent mark sweep GC freed 6425(360KB) AllocSpace objects, 0(0B) LOS objects, 0% free, 34MB/34MB, paused 6.399ms total 37.201ms
07-06 00:46:43.168 D/Carousel-CarouselVideoViewImpl(11309): msg start play.
07-06 00:46:43.168 D/Carousel-SimpleVideoView(11309): setVideoPath path:http://jhxvideo-ws.video-tx.com/rendition/201705/205989353451683841/205989353451684353/bb/243216185158536196/243216215223308548/r243216215223308548-3200k-1920x1080.mp4
07-06 00:46:43.178 D/Carousel-UrlVideoView(11309): openVideo
07-06 00:46:43.181 V/MediaPlayer-JNI(11309): native_setup
07-06 00:46:43.185 V/AudioFlinger( 1206): registerClient() client 0xb8930070, pid 11309
07-06 00:46:43.185 E/audio_hw_primary( 1206): out_get_latency ret 10ms
07-06 00:46:43.185 E/audio_hw_primary( 1206): out_get_latency ret 10ms
07-06 00:46:43.186 D/PowerManagerService( 1733): acquireWakeLockInternal: lock=87542692, flags=0x1, tag="AudioMix", ws=null, uid=1013, pid=0
07-06 00:46:43.186 D/PowerManagerNotifier( 1733): onWakeLockAcquired: flags=1, tag="AudioMix", packageName=media, ownerUid=1013, ownerPid=0, workSource=null
07-06 00:46:43.187 D/PowerManagerService( 1733): acquireWakeLockInternal: lock=497409293, flags=0x1, tag="AudioMix", ws=null, uid=1013, pid=0
07-06 00:46:43.187 D/PowerManagerNotifier( 1733): onWakeLockAcquired: flags=1, tag="AudioMix", packageName=media, ownerUid=1013, ownerPid=0, workSource=null
07-06 00:46:43.189 D/PowerManagerService( 1733): updateWakeLockWorkSourceInternal: lock=497409293 [AudioMix], ws=null
07-06 00:46:43.190 D/PowerManagerService( 1733): updateWakeLockWorkSourceInternal: lock=87542692 [AudioMix], ws=null
07-06 00:46:43.190 V/AudioFlinger( 1206): acquiring 904 from 11309, for -1
07-06 00:46:43.190 V/AudioFlinger( 1206):  added new entry for 904
07-06 00:46:43.191 V/MediaPlayer-JNI(11309): get_session_id()
07-06 00:46:43.191 D/Carousel-Utils(11309): origin url is : http://jhxvideo-ws.video-tx.com/rendition/201705/205989353451683841/205989353451684353/bb/243216185158536196/243216215223308548/r243216215223308548-3200k-1920x1080.mp4
07-06 00:46:43.191 D/Carousel-Utils(11309): time=1499273201
07-06 00:46:43.192 D/Carousel-UrlVideoView(11309): encryptUrlIfNecessary url=http://jhxvideo-ws.video-tx.com/rendition/201705/205989353451683841/205989353451684353/bb/243216185158536196/243216215223308548/r243216215223308548-3200k-1920x1080.mp4?wsSecret=6d3a5b56a03afc1dab953636e1bee96f&wsTime=595d17f1
07-06 00:46:43.192 D/MediaPlayer(11309): Couldn't open file on client side, trying server side
07-06 00:46:43.193 V/MediaPlayer-JNI(11309): setDataSource: path http://jhxvideo-ws.video-tx.com/rendition/201705/205989353451683841/205989353451684353/bb/243216185158536196/243216215223308548/r243216215223308548-3200k-1920x1080.mp4?wsSecret=6d3a5b56a03afc1dab953636e1bee96f&wsTime=595d17f1
07-06 00:46:43.198 V/NuPlayer( 1206): [NuPlayer-264]
07-06 00:46:43.199 I/NuPlayer( 1206): NuPlayerRMClientListener::NuPlayerRMClientListener
07-06 00:46:43.199 V/RMClient( 1206): #579:RMClient
07-06 00:46:43.200 V/NuPlayer( 1206): kWhatSetAudioSink
07-06 00:46:43.200 V/NuPlayer( 1206): kWhatSetDataSource
07-06 00:46:43.227 V/NuPlayer( 1206): kWhatSetVideoNativeWindow
07-06 00:46:43.227 W/ALooperRoster( 1206): failed to post message. Target handler 0 still registered, but object gone.
07-06 00:46:43.227 V/NuPlayer( 1206): performSetSurface
07-06 00:46:43.237 V/MediaPlayer-JNI(11309): setAudioStreamType: 3
07-06 00:46:43.237 E/MediaPlayer-JNI(11309): android_media_MediaPlayer_prepareAsync call getSubtitleSurface
07-06 00:46:43.237 E/MediaPlayer-JNI(11309): android_media_MediaPlayer_prepareAsync call setSubtitleSurfaceTexture
07-06 00:46:43.237 E/        (11309): setSubtitleSurfaceTexture
07-06 00:46:43.238 D/Carousel-log_video-(11309): onStartPlay!
07-06 00:46:43.238 D/Carousel-log_video-(11309): ==Start play,isReplayState:false
07-06 00:46:43.238 D/Carousel-log_video-(11309): =Stop play previous channel log.
07-06 00:46:43.238 D/Carousel-log_video-(11309): submitPlayStopLog mLogPlayState:5
07-06 00:46:43.238 D/Carousel-log_video-(11309): Invalid log info.
07-06 00:46:43.238 D/Carousel-log_video-(11309): ==Start play log:start,other,duration:0
07-06 00:46:43.239 D/Carousel-log_(11309): ===(Main-Video-278001)-{srccolumnid=3, eventType=278, srcgroupid=10001, appversionname=2.0.0.6, srctabid=0, license=hisense, eventcode=278001, deviceid=86100300900000500000060a4818fca8, mediaid=351, eventPos=001, sessionid=465aa618e68b4aadaffb18f36bd82d61, srcpackagename=com.hisense.hicloud.edca, subscriberid=13287129, playactionuuid=13af45ff-37fa-492f-a312-51b002920f84, version=2.1, devicemsg=LED50MU8600UC0000888, isall=0, customerid=7195320, srcrowid=0, srceventcode=280000}
07-06 00:46:43.239 D/Carousel-CarouselVideoViewImpl(11309): getPosition()=0
07-06 00:46:43.240 I/Carousel-UrlVideoView(11309): onMeasure(MeasureSpec: EXACTLY 816, MeasureSpec: EXACTLY 460)
07-06 00:46:43.240 I/Carousel-UrlVideoView(11309): onMeasure(MeasureSpec: EXACTLY 816, MeasureSpec: EXACTLY 460)
07-06 00:46:43.249 D/MediaHTTPConnection(11309): connect: uri=http://jhxvideo-ws.video-tx.com/rendition/201705/205989353451683841/205989353451684353/bb/243216185158536196/243216215223308548/r243216215223308548-3200k-1920x1080.mp4?wsSecret=6d3a5b56a03afc1dab953636e1bee96f&wsTime=595d17f1, headers=User-Agent: stagefright/1.2 (Linux;Android 5.1.1)
07-06 00:46:43.250 D/MediaHTTPConnection(11309): seekTo 0
07-06 00:46:43.251 D/MediaHTTPConnection(11309): hitting http://jhxvideo-ws.video-tx.com/rendition/201705/205989353451683841/205989353451684353/bb/243216185158536196/243216215223308548/r243216215223308548-3200k-1920x1080.mp4?wsSecret=6d3a5b56a03afc1dab953636e1bee96f&wsTime=595d17f1
07-06 00:46:43.260 D/Carousel-SimpleVideoView(11309): speedKB=0
07-06 00:46:43.260 D/Carousel-SimpleVideoView(11309): msg.arg1=0
07-06 00:46:43.266 E/btif_config( 2964): [btif_config_get] node is TRUE!
07-06 00:46:43.266 E/btif_config( 2964): [btif_config_get] ret is TRUE!
07-06 00:46:43.293 I/NetflixMonitorService( 1733): current fgapk : com.hisense.hicloud.edca
07-06 00:46:43.293 I/NetflixMonitorService( 1733): Netflix status unchanged
07-06 00:46:43.295 I/MyFragmentStateAdapter(11309): getCount
07-06 00:46:43.314 D/MediaHTTPConnection(11309): [Connection@1012966880] response.heeader.null = HTTP/1.1 206 Partial Content
07-06 00:46:43.316 D/MediaHTTPConnection(11309): [Connection@1012966880] response.heeader.Accept-Ranges = bytes
07-06 00:46:43.316 D/MediaHTTPConnection(11309): [Connection@1012966880] response.heeader.Age = 3327408
07-06 00:46:43.316 D/MediaHTTPConnection(11309): [Connection@1012966880] response.heeader.Cache-Control = max-age=5184000
07-06 00:46:43.316 D/MediaHTTPConnection(11309): [Connection@1012966880] response.heeader.Connection = keep-alive
07-06 00:46:43.316 D/MediaHTTPConnection(11309): [Connection@1012966880] response.heeader.Content-Length = 218840697
07-06 00:46:43.316 D/MediaHTTPConnection(11309): [Connection@1012966880] response.heeader.Content-MD5 = b0d2FgZ34VxS2J9TYuIjgA==
07-06 00:46:43.316 D/MediaHTTPConnection(11309): [Connection@1012966880] response.heeader.Content-Range = bytes 0-218840696/218840697
07-06 00:46:43.316 D/MediaHTTPConnection(11309): [Connection@1012966880] response.heeader.Content-Type = application/octet-stream
07-06 00:46:43.316 D/MediaHTTPConnection(11309): [Connection@1012966880] response.heeader.Date = Sun, 28 May 2017 04:29:55 GMT
07-06 00:46:43.316 D/MediaHTTPConnection(11309): [Connection@1012966880] response.heeader.ETag = "6F4776160677E15C52D89F5362E22380"
07-06 00:46:43.316 D/MediaHTTPConnection(11309): [Connection@1012966880] response.heeader.Last-Modified = Mon, 08 May 2017 17:24:17 GMT
07-06 00:46:43.316 D/MediaHTTPConnection(11309): [Connection@1012966880] response.heeader.Server = nginx/1.2.4
07-06 00:46:43.316 D/MediaHTTPConnection(11309): [Connection@1012966880] response.heeader.Via = 1.1 chshx150:7 (Cdn Cache Server V2.0)[95 200 2], 1.1 zhdxxz41:2 (Cdn Cache Server V2.0)[25 200 0], 1.1 daodianxinxiazai144:3 (Cdn Cache Server V2.0)[0 200 0]
07-06 00:46:43.316 D/MediaHTTPConnection(11309): [Connection@1012966880] response.heeader.X-Android-Received-Millis = 1499273203313
07-06 00:46:43.316 D/MediaHTTPConnection(11309): [Connection@1012966880] response.heeader.X-Android-Response-Source = NETWORK 206
07-06 00:46:43.316 D/MediaHTTPConnection(11309): [Connection@1012966880] response.heeader.X-Android-Sent-Millis = 1499273203300
07-06 00:46:43.316 D/MediaHTTPConnection(11309): [Connection@1012966880] response.heeader.x-oss-hash-crc64ecma = 10858506031335928878
07-06 00:46:43.316 D/MediaHTTPConnection(11309): [Connection@1012966880] response.heeader.x-oss-object-type = Normal
07-06 00:46:43.316 D/MediaHTTPConnection(11309): [Connection@1012966880] response.heeader.x-oss-request-id = 591D64783FEA2FF75DF4AA6E
07-06 00:46:43.316 D/MediaHTTPConnection(11309): [Connection@1012966880] response.heeader.x-oss-server-time = 46
07-06 00:46:43.316 D/MediaHTTPConnection(11309): [Connection@1012966880] response.heeader.x-oss-storage-class = Standard
07-06 00:46:43.359 I/TVMW@HsTvSetting( 1234): Trace cmd, data = 0x1058
07-06 00:46:43.359 D/til@system( 2026): til_get_system_param option:100002F int:0, bool:0, ret:0
07-06 00:46:43.360 I/TVMW@HsTvSetting( 1234): Trace cmd, data = 0x101f
07-06 00:46:43.360 D/til@system( 2026): til_get_system_param option:100001D int:3, bool:3, ret:0
07-06 00:46:43.360 E/til     ( 2026): [til_get_current_input_source, 101] 
07-06 00:46:43.360 I/TVMW@HsTvSetting( 1234): Trace cmd, data = 0x7007
07-06 00:46:43.361 I/tilwrapper@sm( 2026): HS2TIL_SourceType *hs=0xd, *til=0x900
07-06 00:46:43.361 D/til     ( 2026): get current source 2304
07-06 00:46:43.361 D/SourceRemoteServiceHandler( 2026): getCurrentInputSource.from.til.result is 0, value is 2304
07-06 00:46:43.361 D/SourceRemoteServiceHandler( 2026): getInputSourceType source: 0x900, type=2304
07-06 00:46:43.361 D/til     ( 2026): ###### func:til_get_picture_param option:0x3000006 ######  
07-06 00:46:43.361 I/TVMW@HsTvSetting( 1234): Trace cmd, data = 0x1003
07-06 00:46:43.362 I/TVMW@HsTvSetting( 1234): Trace cmd, data = 0x8032
07-06 00:46:43.363 I/hstvos  ( 1216): [0m[1;33m[HSHAL][HS_VIDEO][HS_HAL_Video_SetOsdDetect_v2][2389]u16Threshold = 20
07-06 00:46:43.363 I/MiSysSrv( 1214): Not support now! 42, change to mm_video!!!
07-06 00:46:43.364 E/TVMW@videoctrl( 1234):  getOsd is 1
07-06 00:46:43.364 D/til@system( 2026): til_get_system_param option:1000027 int:1, bool:1, ret:0
07-06 00:46:43.364 D/til     ( 2026): ###### func:til_get_picture_param option:0x3000045 ######  
07-06 00:46:43.364 I/TVMW@HsTvSetting( 1234): Trace cmd, data = 0x300c
07-06 00:46:43.364 I/TVMW@HsTvSetting( 1234): Trace 3d, data = 0x300c
07-06 00:46:43.364 I/TVMW@3d ( 1234): Hs_debug3d_trace: func:get3dStatus, line:109
07-06 00:46:43.365 W/System.err(11309): java.net.ConnectException: failed to connect to /10.18.210.112 (port 8900) after 6000ms: isConnected failed: ECONNREFUSED (Connection refused)
07-06 00:46:43.366 W/System.err(11309): 	at libcore.io.IoBridge.isConnected(IoBridge.java:238)
07-06 00:46:43.366 W/System.err(11309): 	at libcore.io.IoBridge.connectErrno(IoBridge.java:171)
07-06 00:46:43.366 W/System.err(11309): 	at libcore.io.IoBridge.connect(IoBridge.java:122)
07-06 00:46:43.366 W/System.err(11309): 	at java.net.PlainSocketImpl.connect(PlainSocketImpl.java:183)
07-06 00:46:43.366 W/System.err(11309): 	at java.net.PlainSocketImpl.connect(PlainSocketImpl.java:456)
07-06 00:46:43.366 W/System.err(11309): 	at java.net.Socket.connect(Socket.java:882)
07-06 00:46:43.366 W/System.err(11309): 	at com.android.okhttp.internal.Platform.connectSocket(Platform.java:174)
07-06 00:46:43.366 W/System.err(11309): 	at com.android.okhttp.Connection.connect(Connection.java:152)
07-06 00:46:43.366 W/System.err(11309): 	at com.android.okhttp.internal.http.HttpEngine.connect(HttpEngine.java:276)
07-06 00:46:43.366 W/System.err(11309): 	at com.android.okhttp.internal.http.HttpEngine.sendRequest(HttpEngine.java:211)
07-06 00:46:43.366 W/System.err(11309): 	at com.android.okhttp.internal.http.HttpURLConnectionImpl.execute(HttpURLConnectionImpl.java:382)
07-06 00:46:43.366 W/System.err(11309): 	at com.android.okhttp.internal.http.HttpURLConnectionImpl.connect(HttpURLConnectionImpl.java:106)
07-06 00:46:43.366 W/System.err(11309): 	at com.hisense.hitv.hicloud.util.ExceptionReport.a(ExceptionReport.java:337)
07-06 00:46:43.366 W/System.err(11309): 	at com.hisense.hitv.hicloud.util.ExceptionReport.a(ExceptionReport.java:39)
07-06 00:46:43.366 W/System.err(11309): 	at com.hisense.hitv.hicloud.util.ExceptionReport$1.run(ExceptionReport.java:83)
07-06 00:46:43.366 W/System.err(11309): 	at java.lang.Thread.run(Thread.java:818)
07-06 00:46:43.366 W/System.err(11309): Caused by: android.system.ErrnoException: isConnected failed: ECONNREFUSED (Connection refused)
07-06 00:46:43.366 W/System.err(11309): 	at libcore.io.IoBridge.isConnected(IoBridge.java:223)
07-06 00:46:43.366 W/System.err(11309): 	... 15 more
07-06 00:46:43.368 I/MyFragmentStateAdapter(11309): getCount
07-06 00:46:43.409 D/Carousel-SimpleVideoView(11309): speedKB=1832
07-06 00:46:43.409 D/Carousel-SimpleVideoView(11309): msg.arg1=1
07-06 00:46:43.436 I/TVMW@devctrl( 1234): wdt
07-06 00:46:43.468 I/MyFragmentStateAdapter(11309): getCount
07-06 00:46:43.517 V/DataSource( 1206): sniff
07-06 00:46:43.517 I/FFmpegExtractor( 1206): android-source:0xb8bfe020
07-06 00:46:43.519 I/FFMPEG  ( 1206): [mov,mp4,m4a,3gp,3g2,mj2 @ 0xf371c400] Format mov,mp4,m4a,3gp,3g2,mj2 probed with size=2048 and score=100
07-06 00:46:43.519 D/MediaHTTPConnection(11309): [Connection@1012966880] getSize mTotalSize = 218840697
07-06 00:46:43.532 I/FFMPEG  ( 1206): [mov,mp4,m4a,3gp,3g2,mj2 @ 0xf371c400] ISO: File Type Major Brand: isom
07-06 00:46:43.587 D/FFmpegExtractor( 1206): FFmpegExtrator, url: android-source:0xb8bfe020, format_name: mov,mp4,m4a,3gp,3g2,mj2, format_long_name: QuickTime / MOV
07-06 00:46:43.587 D/FFmpegExtractor( 1206): suppoted codec(h264) by official Stagefright
