07-05 21:49:51.467 D/Carousel-CarouselDisplayPlayerLayout( 9855): changed=false, hashCode=91662101
07-05 21:49:51.467 D/Carousel-CarouselDisplayPlayerLayout( 9855): extraTryCount=1
07-05 21:49:51.467 D/Carousel-CarouselDisplayPlayerLayout( 9855): x=380, y=167,w=892,h=536, hashCode=91662101
07-05 21:49:51.467 D/Carousel-CarouselDisplayPlayerLayout( 9855): mX=380, mY=167,mWitdh=892,mHeight=536, hashCode=91662101
07-05 21:49:51.467 D/Carousel-CarouselDisplayPlayerLayout( 9855): changed=false, hashCode=91662101
07-05 21:49:51.467 D/Carousel-CarouselDisplayPlayerLayout( 9855): extraTryCount=2
07-05 21:49:51.467 D/Carousel-CarouselDisplayPlayerLayout( 9855): x=380, y=167,w=892,h=536, hashCode=91662101
07-05 21:49:51.467 D/Carousel-CarouselDisplayPlayerLayout( 9855): mX=380, mY=167,mWitdh=892,mHeight=536, hashCode=91662101
07-05 21:49:51.467 D/Carousel-CarouselDisplayPlayerLayout( 9855): changed=false, hashCode=91662101
07-05 21:49:51.467 D/Carousel-CarouselDisplayPlayerLayout( 9855): extraTryCount=3
07-05 21:49:51.467 D/Carousel-CarouselDisplayPlayerLayout( 9855): x=380, y=167,w=892,h=536, hashCode=91662101
07-05 21:49:51.467 D/Carousel-CarouselDisplayPlayerLayout( 9855): mX=380, mY=167,mWitdh=892,mHeight=536, hashCode=91662101
07-05 21:49:51.467 D/Carousel-CarouselDisplayPlayerLayout( 9855): changed=false, hashCode=91662101
07-05 21:49:51.467 D/Carousel-CarouselDisplayPlayerLayout( 9855): extraTryCount=4
07-05 21:49:51.467 D/Carousel-CarouselDisplayPlayerLayout( 9855): x=380, y=167,w=892,h=536, hashCode=91662101
07-05 21:49:51.467 D/Carousel-CarouselDisplayPlayerLayout( 9855): mX=380, mY=167,mWitdh=892,mHeight=536, hashCode=91662101
07-05 21:49:51.468 D/Carousel-CarouselDisplayPlayerLayout( 9855): changed=false, hashCode=91662101
07-05 21:49:51.468 D/Carousel-CarouselDisplayPlayerLayout( 9855): extraTryCount=5
07-05 21:49:51.469 I/MiSysSrv( 1214): [37m[INFO] Change to Voltage: 117 mv (0x32)[m
07-05 21:49:51.477 I/Carousel-UrlVideoView( 9855): onMeasure(MeasureSpec: EXACTLY 816, MeasureSpec: EXACTLY 460)
07-05 21:49:51.478 D/Carousel-UrlVideoView( 9855): widthSpecMode=1073741824
07-05 21:49:51.478 D/Carousel-UrlVideoView( 9855): heightSpecMode=1073741824
07-05 21:49:51.478 D/Carousel-UrlVideoView( 9855): widthSpecSize=816
07-05 21:49:51.478 D/Carousel-UrlVideoView( 9855): heightSpecSize=460
07-05 21:49:51.478 I/Carousel-UrlVideoView( 9855): onMeasure(MeasureSpec: EXACTLY 816, MeasureSpec: EXACTLY 460)
07-05 21:49:51.478 D/Carousel-UrlVideoView( 9855): widthSpecMode=1073741824
07-05 21:49:51.478 D/Carousel-UrlVideoView( 9855): heightSpecMode=1073741824
07-05 21:49:51.478 D/Carousel-UrlVideoView( 9855): widthSpecSize=816
07-05 21:49:51.478 D/Carousel-UrlVideoView( 9855): heightSpecSize=460
07-05 21:49:51.478 E/hwcomposer( 1204): Overlay 0 size changeed src {1920 1080} -> {1920, 1080} crop{0.000000 0.000000 1920.000000 1080.000000}->{0.000000 0.000000 1920.000000 1080.000000} dst{420 205 1236 665}->{419 205 1235 665}
07-05 21:49:51.479 I/SurfaceView( 9855): Changes: creating=false format=false size=false visible=false left=true top=false
07-05 21:49:51.479 I/SurfaceView( 9855): Cur surface: Surface(name=null)/@0x2b8d8b83
07-05 21:49:51.481 D/Surface ( 1733): onStatusChange() : mNativeObject = 547942746112 mUseImageHwRender = false
07-05 21:49:51.481 V/Surface ( 1733): nativeSetHardwareRender() : status = 0
07-05 21:49:51.481 V/Surface ( 1733): nativeSetHardwareRender() : end
07-05 21:49:51.487 D/PowerManagerService( 1733): setScreenBrightnessOverrideFromWindowManagerInternal done
07-05 21:49:51.489 D/Surface ( 1733): onStatusChange() : mNativeObject = 0 mUseImageHwRender = false
07-05 21:49:51.490 D/Surface ( 9855): onStatusChange() : mNativeObject = -195841536 mUseImageHwRender = false
07-05 21:49:51.490 V/Surface ( 9855): nativeSetHardwareRender() : status = 0
07-05 21:49:51.490 V/Surface ( 9855): nativeSetHardwareRender() : end
07-05 21:49:51.490 I/SurfaceView( 9855): New surface: Surface(name=null)/@0x16188100, vis=true, frame=Rect(418, 205 - 1234, 665)
07-05 21:49:51.490 D/Surface ( 9855): onStatusChange() : mNativeObject = 0 mUseImageHwRender = false
07-05 21:49:51.490 D/Surface ( 9855): onStatusChange() : mNativeObject = -195841536 mUseImageHwRender = false
07-05 21:49:51.490 V/Surface ( 9855): nativeSetHardwareRender() : status = 0
07-05 21:49:51.490 V/Surface ( 9855): nativeSetHardwareRender() : end
07-05 21:49:51.491 V/SurfaceView( 9855): Layout: x=418 y=205 w=816 h=460, frame=Rect(0, 0 - 816, 460)
07-05 21:49:51.504 D/Carousel-CarouselDisplayPlayerLayout( 9855): x=380, y=167,w=892,h=536, hashCode=91662101
07-05 21:49:51.504 D/Carousel-CarouselDisplayPlayerLayout( 9855): mX=380, mY=167,mWitdh=892,mHeight=536, hashCode=91662101
07-05 21:49:51.504 D/Carousel-CarouselDisplayPlayerLayout( 9855): changed=false, hashCode=91662101
07-05 21:49:51.504 D/Carousel-CarouselDisplayPlayerLayout( 9855): extraTryCount=6
07-05 21:49:51.504 I/MainHomeView( 9855): onPanelClosed---left152
07-05 21:49:51.508 D/Carousel-CarouselDisplayPlayerLayout( 9855): x=380, y=167,w=892,h=536, hashCode=91662101
07-05 21:49:51.508 D/Carousel-CarouselDisplayPlayerLayout( 9855): mX=380, mY=167,mWitdh=892,mHeight=536, hashCode=91662101
07-05 21:49:51.508 D/Carousel-CarouselDisplayPlayerLayout( 9855): changed=false, hashCode=91662101
07-05 21:49:51.508 D/Carousel-CarouselDisplayPlayerLayout( 9855): extraTryCount=7
07-05 21:49:51.508 D/Carousel-CarouselDisplayPlayerLayout( 9855): x=380, y=167,w=892,h=536, hashCode=91662101
07-05 21:49:51.508 D/Carousel-CarouselDisplayPlayerLayout( 9855): mX=380, mY=167,mWitdh=892,mHeight=536, hashCode=91662101
07-05 21:49:51.508 D/Carousel-CarouselDisplayPlayerLayout( 9855): changed=false, hashCode=91662101
07-05 21:49:51.509 D/Carousel-CarouselDisplayPlayerLayout( 9855): extraTryCount=8
07-05 21:49:51.509 D/Carousel-CarouselDisplayPlayerLayout( 9855): x=380, y=167,w=892,h=536, hashCode=91662101
07-05 21:49:51.509 D/Carousel-CarouselDisplayPlayerLayout( 9855): mX=380, mY=167,mWitdh=892,mHeight=536, hashCode=91662101
07-05 21:49:51.509 D/Carousel-CarouselDisplayPlayerLayout( 9855): changed=false, hashCode=91662101
07-05 21:49:51.509 D/Carousel-CarouselDisplayPlayerLayout( 9855): extraTryCount=9
07-05 21:49:51.509 D/Carousel-CarouselDisplayPlayerLayout( 9855): x=380, y=167,w=892,h=536, hashCode=91662101
07-05 21:49:51.509 D/Carousel-CarouselDisplayPlayerLayout( 9855): mX=380, mY=167,mWitdh=892,mHeight=536, hashCode=91662101
07-05 21:49:51.509 D/Carousel-CarouselDisplayPlayerLayout( 9855): changed=false, hashCode=91662101
07-05 21:49:51.509 D/Carousel-CarouselDisplayPlayerLayout( 9855): isFullScreen:false
07-05 21:49:51.509 E/hwcomposer( 1204): Overlay 0 size changeed src {1920 1080} -> {1920, 1080} crop{0.000000 0.000000 1920.000000 1080.000000}->{0.000000 0.000000 1920.000000 1080.000000} dst{419 205 1235 665}->{418 205 1234 665}
07-05 21:49:51.509 D/Carousel-CarouselView( 9855): ===========>mDisplayPlayerLayout.getVisibility()=4
07-05 21:49:51.509 D/Carousel-CarouselView( 9855): ===========>onScrollEnd
07-05 21:49:51.510 D/Carousel-Utils( 9855): x=380,y=167, width=892,height=536
07-05 21:49:51.510 D/Carousel-CarouselView( 9855): isOutScreen:false
07-05 21:49:51.513 I/MyFragmentStateAdapter( 9855): getCount
07-05 21:49:51.513 I/MyFragmentStateAdapter( 9855): getCount
07-05 21:49:51.513 I/MyFragmentStateAdapter( 9855): getCount
07-05 21:49:51.513 I/MyFragmentStateAdapter( 9855): getCount
07-05 21:49:51.521 D/Surface ( 1733): onStatusChange() : mNativeObject = 547819104768 mUseImageHwRender = false
07-05 21:49:51.521 V/Surface ( 1733): nativeSetHardwareRender() : status = 0
07-05 21:49:51.521 V/Surface ( 1733): nativeSetHardwareRender() : end
07-05 21:49:51.524 D/PowerManagerService( 1733): acquireWakeLockInternal: lock=487931605, flags=0x2000000a, tag="WindowManager", ws=WorkSource{10010}, uid=1000, pid=1733
07-05 21:49:51.524 D/PowerManagerNotifier( 1733): onWakeLockAcquired: flags=536870922, tag="WindowManager", packageName=android, ownerUid=1000, ownerPid=1733, workSource=WorkSource{10010}
07-05 21:49:51.524 D/PowerManagerService( 1733): setScreenBrightnessOverrideFromWindowManagerInternal done
07-05 21:49:51.526 D/Surface ( 1733): onStatusChange() : mNativeObject = 0 mUseImageHwRender = false
07-05 21:49:51.527 I/FirstLineAdapter( 9855): canShowTrailer,isOffline=false
07-05 21:49:51.527 I/FirstLineAdapter( 9855): canShowTrailer,isOffline=false
07-05 21:49:51.528 I/FirstLineAdapter( 9855): canShowTrailer,isOffline=false
07-05 21:49:51.528 I/FirstLineAdapter( 9855): canShowTrailer,isOffline=false
07-05 21:49:51.528 I/FirstLineAdapter( 9855): canShowTrailer,isOffline=false
07-05 21:49:51.528 I/FirstLineAdapter( 9855): canShowTrailer,isOffline=false
07-05 21:49:51.528 I/FirstLineAdapter( 9855): canShowTrailer,isOffline=false
07-05 21:49:51.529 I/FirstLineAdapter( 9855): canShowTrailer,isOffline=false
07-05 21:49:51.529 I/FirstLineAdapter( 9855): canShowTrailer,isOffline=false
07-05 21:49:51.533 I/MyFragmentStateAdapter( 9855): getCount
07-05 21:49:51.574 D/hwcomposer( 1204): Overlay [0] do size change!
07-05 21:49:51.574 D/vsyncbridge( 1204): [0] handle_thread thread got msg 0x2, mState = 3
07-05 21:49:51.574 D/vsyncbridge( 1204): Overlay 0 Resize, mState = 0x3, 0, disp[418 205 816 460] osd[1920 1080]
07-05 21:49:51.576 D/vsyncbridge( 1204): [update_ds_table,  594] DispW:1632 DispH:920 
07-05 21:49:51.576 D/vsyncbridge( 1204): [update_ds_table,  598] Cap.x:1105 Cap.y:30 CapW:1920 CapH:1080 
07-05 21:49:51.576 D/vsyncbridge( 1204): [update_ds_table,  599] enInputSourceType:34 
07-05 21:49:51.576 D/vsyncbridge( 1204): [update_ds_table,  601] u16InputVTotal:2205  u16InputVFreq:240 
07-05 21:49:51.576 D/vsyncbridge( 1204): [update_ds_table,  603] bInterlace:0  u16DefaultHtotal:0 
07-05 21:49:51.576 D/vsyncbridge( 1204): [update_ds_table,  606] bPreHCusScaling:1  bPreVCusScaling:1 
07-05 21:49:51.576 D/vsyncbridge( 1204): [update_ds_table,  608] u16PreHCusScalingSrc:1920  u16PreHCusScalingDst:1920 
07-05 21:49:51.576 D/vsyncbridge( 1204): [update_ds_table,  610] u16PreVCusScalingSrc:1080  u16PreVCusScalingSrc:1080 
07-05 21:49:51.576 D/vsyncbridge( 1204): [update_ds_table,  613] bHCusScaling:0  bVCusScaling:0 
07-05 21:49:51.576 D/vsyncbridge( 1204): [update_ds_table,  615] u16HCusScalingSrc:1920  u16HCusScalingDst:1632 
07-05 21:49:51.576 D/vsyncbridge( 1204): [update_ds_table,  617] u16VCusScalingSrc:1080  u16VCusScalingDst:920 
07-05 21:49:51.576 D/vsyncbridge( 1204): vsync_bridge_CalAspectRatio type = 0
07-05 21:49:51.577 D/vsyncbridge( 1204): panel [3840 2160] osd [1920 1080] ratio [2.000000 2.000000]
07-05 21:49:51.577 D/vsyncbridge( 1204): apply ratio, x=836, y=410, width=1632, height=920
07-05 21:49:51.577 D/vsyncbridge( 1204): disp_old[836 410 2468 1330], disp_new[836 410 2468 1330], crop[0 0 1920 1080]
07-05 21:49:51.577 D/vsyncbridge( 1204): [update_ds_table,  798] SW DS !!! 
07-05 21:49:51.577 D/vsyncbridge( 1204): [update_ds_table,  800] stXC_SetWin_Info.stCapWin.width1920  stXC_SetWin_Info.stCapWin.height:1080
07-05 21:49:51.577 D/vsyncbridge( 1204): [update_ds_table,  802] stXC_SetWin_Info.stCropWin.width1920  stXC_SetWin_Info.stCropWin.height:1080
07-05 21:49:51.577 D/vsyncbridge( 1204): [update_ds_table,  803] MApi_XC_GetDynamicScalingStatus():1 
07-05 21:49:51.577 D/        ( 1204): Alert: cannot get frameCount from IOCTL, eWindow=0! Fall back to original frame mode
07-05 21:49:51.577 D/        ( 1204): MVOP is 1P mode
07-05 21:49:51.577 D/        ( 1204): [_MDrv_SC_check_2p_mode][9405]u16Width=3840,u16Height=2160,u32Vfreqx10=240
07-05 21:49:51.577 D/vsyncbridge( 1204): vsync_bridge_render_frame pts = 3875000, DS_Idx=0x2, overlayID=0
07-05 21:49:51.577 D/vsyncbridge( 1204):  W 5, R 4, Cur 5
07-05 21:49:51.578 D/vsyncbridge( 1204): vsync_bridge_CalAspectRatio type = 0
07-05 21:49:51.578 D/vsyncbridge( 1204): panel [3840 2160] osd [1920 1080] ratio [2.000000 2.000000]
07-05 21:49:51.578 D/vsyncbridge( 1204): apply ratio, x=836, y=410, width=1632, height=920
07-05 21:49:51.595 D/DtvSourcePlugin-DVBC(15961): Setting the EPG Updater state to: WAIT
07-05 21:49:51.672 I/TVMW@HsTvSetting( 1234): Trace cmd, data = 0x1058
07-05 21:49:51.672 D/til@system( 2026): til_get_system_param option:100002F int:0, bool:0, ret:0
07-05 21:49:51.673 I/TVMW@HsTvSetting( 1234): Trace cmd, data = 0x101f
07-05 21:49:51.674 D/til@system( 2026): til_get_system_param option:100001D int:3, bool:3, ret:0
07-05 21:49:51.674 E/til     ( 2026): [til_get_current_input_source, 101] 
07-05 21:49:51.676 I/TVMW@HsTvSetting( 1234): Trace cmd, data = 0x7007
07-05 21:49:51.676 I/tilwrapper@sm( 2026): HS2TIL_SourceType *hs=0xd, *til=0x900
07-05 21:49:51.676 D/til     ( 2026): get current source 2304
07-05 21:49:51.676 D/SourceRemoteServiceHandler( 2026): getCurrentInputSource.from.til.result is 0, value is 2304
07-05 21:49:51.676 D/SourceRemoteServiceHandler( 2026): getInputSourceType source: 0x900, type=2304
07-05 21:49:51.676 D/til     ( 2026): ###### func:til_get_picture_param option:0x3000006 ######  
07-05 21:49:51.676 I/TVMW@HsTvSetting( 1234): Trace cmd, data = 0x1003
07-05 21:49:51.677 I/TVMW@HsTvSetting( 1234): Trace cmd, data = 0x8032
07-05 21:49:51.678 E/TVMW@videoctrl( 1234):  getOsd is 1
07-05 21:49:51.678 D/til@system( 2026): til_get_system_param option:1000027 int:1, bool:1, ret:0
07-05 21:49:51.678 I/hstvos  ( 1216): [0m[1;33m[HSHAL][HS_VIDEO][HS_HAL_Video_SetOsdDetect_v2][2389]u16Threshold = 20
07-05 21:49:51.678 D/til     ( 2026): ###### func:til_get_picture_param option:0x3000045 ######  
07-05 21:49:51.678 I/TVMW@HsTvSetting( 1234): Trace cmd, data = 0x300c
07-05 21:49:51.678 I/TVMW@HsTvSetting( 1234): Trace 3d, data = 0x300c
07-05 21:49:51.678 I/TVMW@3d ( 1234): Hs_debug3d_trace: func:get3dStatus, line:109
07-05 21:49:51.737 D/PowerManagerService( 1733): acquireWakeLockInternal: lock=113832109, flags=0x1, tag="NetworkStats", ws=null, uid=1000, pid=1733
07-05 21:49:51.737 D/PowerManagerNotifier( 1733): onWakeLockAcquired: flags=1, tag="NetworkStats", packageName=android, ownerUid=1000, ownerPid=1733, workSource=null
07-05 21:49:51.737 D/NtpTrustedTime( 1733): currentTimeMillis() cache hit
07-05 21:49:51.747 D/NtpTrustedTime( 1733): currentTimeMillis() cache hit
07-05 21:49:51.749 D/NtpTrustedTime( 1733): currentTimeMillis() cache hit
07-05 21:49:51.749 D/NtpTrustedTime( 1733): currentTimeMillis() cache hit
07-05 21:49:51.749 D/PowerManagerService( 1733): releaseWakeLockInternal: lock=113832109 [NetworkStats], flags=0x0
07-05 21:49:51.749 D/PowerManagerNotifier( 1733): onWakeLockReleased: flags=1, tag="NetworkStats", packageName=android, ownerUid=1000, ownerPid=1733, workSource=null
07-05 21:49:51.770 I/MiSysSrv( 1214): [37m[INFO] Change to Voltage: 117 mv (0x32)[m
07-05 21:49:51.869 I/MiSysSrv( 1214): [37m[INFO] Change to Voltage: 117 mv (0x32)[m
07-05 21:49:51.969 I/MiSysSrv( 1214): [37m[INFO] Change to Voltage: 117 mv (0x32)[m
07-05 21:49:52.048 I/MyFragmentStateAdapter( 9855): getCount
07-05 21:49:52.055 D/MSTAR_VDEC_DBG( 1206): Stream ID: 0, Rate : 24 (E:0,D:0,S:0,F:124) 
07-05 21:49:52.070 I/MiSysSrv( 1214): [37m[INFO] Change to Voltage: 107 mv (0x28)[m
07-05 21:49:52.156 I/TVMW@devctrl( 1234): wdt
07-05 21:49:52.170 I/MiSysSrv( 1214): [37m[INFO] Change to Voltage: 107 mv (0x28)[m
07-05 21:49:52.181 I/TVMW@HsTvSetting( 1234): Trace cmd, data = 0x1058
07-05 21:49:52.181 D/til@system( 2026): til_get_system_param option:100002F int:0, bool:0, ret:0
07-05 21:49:52.182 I/TVMW@HsTvSetting( 1234): Trace cmd, data = 0x101f
07-05 21:49:52.182 D/til@system( 2026): til_get_system_param option:100001D int:3, bool:3, ret:0
07-05 21:49:52.182 E/til     ( 2026): [til_get_current_input_source, 101] 
07-05 21:49:52.183 I/TVMW@HsTvSetting( 1234): Trace cmd, data = 0x7007
07-05 21:49:52.184 I/tilwrapper@sm( 2026): HS2TIL_SourceType *hs=0xd, *til=0x900
07-05 21:49:52.184 D/til     ( 2026): get current source 2304
07-05 21:49:52.185 D/SourceRemoteServiceHandler( 2026): getCurrentInputSource.from.til.result is 0, value is 2304
07-05 21:49:52.185 D/SourceRemoteServiceHandler( 2026): getInputSourceType source: 0x900, type=2304
07-05 21:49:52.185 D/til     ( 2026): ###### func:til_get_picture_param option:0x3000006 ######  
07-05 21:49:52.185 I/TVMW@HsTvSetting( 1234): Trace cmd, data = 0x1003
07-05 21:49:52.186 I/TVMW@HsTvSetting( 1234): Trace cmd, data = 0x8032
07-05 21:49:52.187 I/hstvos  ( 1216): [0m[1;33m[HSHAL][HS_VIDEO][HS_HAL_Video_SetOsdDetect_v2][2389]u16Threshold = 20
07-05 21:49:52.194 E/TVMW@videoctrl( 1234):  getOsd is 1
07-05 21:49:52.194 D/til@system( 2026): til_get_system_param option:1000027 int:1, bool:1, ret:0
07-05 21:49:52.195 D/til     ( 2026): ###### func:til_get_picture_param option:0x3000045 ######  
07-05 21:49:52.195 I/TVMW@HsTvSetting( 1234): Trace cmd, data = 0x300c
07-05 21:49:52.195 I/TVMW@HsTvSetting( 1234): Trace 3d, data = 0x300c
07-05 21:49:52.195 I/TVMW@3d ( 1234): Hs_debug3d_trace: func:get3dStatus, line:109
07-05 21:49:52.253 I/MyFragmentStateAdapter( 9855): getCount
07-05 21:49:52.256 D/GlobalInputEventMonitoringService( 1733): interceptKeyBeforeQueueing(), event:22, mNeedMonitorKeyEvent:true, mWaitForKeyUpEvent:false
07-05 21:49:52.256 D/GlobalInputEventMonitoringService( 1733): processKeyEvent(), processKeyEvent event:22
07-05 21:49:52.256 D/WindowManager( 1733): interceptKeyTq keycode=22 interactive=true keyguardActive=false policyFlags=2b000000 isCancled= false
07-05 21:49:52.257 D/PowerManagerService( 1733): userActivityNoUpdateLocked: eventTime=11433827, event=1, flags=0x0, uid=1000
07-05 21:49:52.257 D/WindowManager( 1733): interceptKeyTi keyCode=22 down=true repeatCount=0 keyguardOn=false mHomePressed=false canceled=false
07-05 21:49:52.257 D/WindowManager( 1733): Hisense systemkey event: 22
07-05 21:49:52.257 D/HisenseGlobalKeyManager( 1733): handleGlobalKey() : Global event = KeyEvent { action=ACTION_DOWN, keyCode=KEYCODE_DPAD_RIGHT, scanCode=0, metaState=0, flags=0x0, repeatCount=0, eventTime=11433827, downTime=11433827, deviceId=-1, source=0x101 }
07-05 21:49:52.270 D/PowerManagerService( 1733): acquireWakeLockInternal: lock=113832109, flags=0x1, tag="NetworkStats", ws=null, uid=1000, pid=1733
07-05 21:49:52.270 D/PowerManagerNotifier( 1733): onWakeLockAcquired: flags=1, tag="NetworkStats", packageName=android, ownerUid=1000, ownerPid=1733, workSource=null
07-05 21:49:52.270 D/NtpTrustedTime( 1733): currentTimeMillis() cache hit
07-05 21:49:52.274 I/MiSysSrv( 1214): [37m[INFO] Change to Voltage: 107 mv (0x28)[m
07-05 21:49:52.280 D/NtpTrustedTime( 1733): currentTimeMillis() cache hit
07-05 21:49:52.281 D/PowerManagerService( 1733): releaseWakeLockInternal: lock=113832109 [NetworkStats], flags=0x0
07-05 21:49:52.282 D/PowerManagerNotifier( 1733): onWakeLockReleased: flags=1, tag="NetworkStats", packageName=android, ownerUid=1000, ownerPid=1733, workSource=null
07-05 21:49:52.282 D/NtpTrustedTime( 1733): currentTimeMillis() cache hit
07-05 21:49:52.282 D/NtpTrustedTime( 1733): currentTimeMillis() cache hit
07-05 21:49:52.311 D/SogouIME( 2203): [onKeyDown] keycode = 22 model = VIDAA_TV
07-05 21:49:52.316 D/Carousel-CarouselDisplayPlayerLayout( 9855): HasFocus:false,keyCode:22
07-05 21:49:52.316 D/Carousel-CarouselDisplayPlayerLayout( 9855): isFullScreen:false
07-05 21:49:52.316 I/HomeMainActivity( 9855): carousel handle key:false
07-05 21:49:52.316 I/MainHomeView( 9855): dispatchKeyEvent ACTION_DOWN now 
07-05 21:49:52.316 I/HomeMainActivity( 9855): onKeyDown is 22
07-05 21:49:52.317 I/FirstlineLayoutManager( 9855): left=218,width=1738,scroll Distance=-846
07-05 21:49:52.332 D/Carousel-CarouselView( 9855): ============>onFocusChange=true
07-05 21:49:52.332 D/Carousel-CarouselDisplayPlayerLayout( 9855): isFullScreen:false
07-05 21:49:52.332 D/Carousel-CarouselView( 9855): isFullScreen:false,hasFocus:true
07-05 21:49:52.332 D/Carousel-CarouselView( 9855): ============>offset=-323
07-05 21:49:52.343 D/Carousel-CarouselDisplayPlayerLayout( 9855): showPlayerWindowTip showable:true
07-05 21:49:52.361 D/GlobalInputEventMonitoringService( 1733): interceptKeyBeforeQueueing(), event:22, mNeedMonitorKeyEvent:true, mWaitForKeyUpEvent:false
07-05 21:49:52.361 D/GlobalInputEventMonitoringService( 1733): processKeyEvent(), processKeyEvent event:22
07-05 21:49:52.361 D/WindowManager( 1733): interceptKeyTq keycode=22 interactive=true keyguardActive=false policyFlags=2b000000 isCancled= false
07-05 21:49:52.361 D/WindowManager( 1733): interceptKeyTi keyCode=22 down=false repeatCount=0 keyguardOn=false mHomePressed=false canceled=false
07-05 21:49:52.361 D/WindowManager( 1733): Hisense systemkey event: 22
07-05 21:49:52.362 D/HisenseGlobalKeyManager( 1733): handleGlobalKey() : Global event = KeyEvent { action=ACTION_UP, keyCode=KEYCODE_DPAD_RIGHT, scanCode=0, metaState=0, flags=0x0, repeatCount=0, eventTime=11433827, downTime=11433827, deviceId=-1, source=0x101 }
07-05 21:49:52.421 I/MyFragmentStateAdapter( 9855): getCount
07-05 21:49:52.441 I/NetflixMonitorService( 1733): current fgapk : com.hisense.hicloud.edca
07-05 21:49:52.441 I/NetflixMonitorService( 1733): Netflix status unchanged
07-05 21:49:52.455 D/Carousel-CarouselDisplayPlayerLayout( 9855): HasFocus:true,keyCode:22
07-05 21:49:52.455 D/Carousel-CarouselDisplayPlayerLayout( 9855): isFullScreen:false
07-05 21:49:52.455 D/Carousel-CarouselDisplayPlayerLayout( 9855): isFullScreen:false
07-05 21:49:52.455 I/HomeMainActivity( 9855): carousel handle key:false
07-05 21:49:52.471 I/MiSysSrv( 1214): [37m[INFO] Change to Voltage: 107 mv (0x28)[m
07-05 21:49:52.475 V/InputMethodService( 2203): startInput(): editor=android.view.inputmethod.EditorInfo@1bb5afbf
07-05 21:49:52.477 V/InputMethodService( 2203): CALL: onFinishInput
07-05 21:49:52.491 E/SOGOUIME_JNI( 2203): reset
07-05 21:49:52.494 E/SOGOUIME_JNI( 2203): getCandidates
07-05 21:49:52.494 E/SOGOUIME_JNI( 2203): ime_get_uncommitted_length
07-05 21:49:52.495 E/SOGOUIME_JNI( 2203): getCandidates
07-05 21:49:52.495 D/SogouIME API( 2203): ==============num:32
07-05 21:49:52.495 E/SOGOUIME_JNI( 2203): ime_get_uncommitted_length
07-05 21:49:52.495 D/SogouIME( 2203): mFocusedComponent:30   isHkbEnable:false
07-05 21:49:52.496 E/SOGOUIME_JNI( 2203): ime_get_uncommitted_length
07-05 21:49:52.496 E/SOGOUIME_JNI( 2203): ime_get_committed_length
07-05 21:49:52.496 E/SOGOUIME_JNI( 2203): getComposingInfo
07-05 21:49:52.496 E/SOGOUIME_JNI( 2203): getComposingInfo
07-05 21:49:52.496 E/SOGOUIME_JNI( 2203): getCorrectInfo
07-05 21:49:52.496 E/SOGOUIME_JNI( 2203): getComposingInfo
07-05 21:49:52.499 V/InputMethodService( 2203): CALL: onStartInput
07-05 21:49:52.499 E/SOGOUIME_JNI( 2203): invalidateCommitWordPinyinNative
07-05 21:49:52.499 D/SogouIME( 2203): =====configKeyboard=======:false     false
07-05 21:49:52.499 E/SOGOUIME_JNI( 2203): ime_set_hard_kb_enable
07-05 21:49:52.669 I/MiSysSrv( 1214): [37m[INFO] Change to Voltage: 102 mv (0x23)[m
07-05 21:49:52.697 I/TVMW@HsTvSetting( 1234): Trace cmd, data = 0x1058
07-05 21:49:52.697 D/til@system( 2026): til_get_system_param option:100002F int:0, bool:0, ret:0
07-05 21:49:52.697 I/TVMW@HsTvSetting( 1234): Trace cmd, data = 0x101f
07-05 21:49:52.697 D/til@system( 2026): til_get_system_param option:100001D int:3, bool:3, ret:0
07-05 21:49:52.698 E/til     ( 2026): [til_get_current_input_source, 101] 
07-05 21:49:52.698 I/TVMW@HsTvSetting( 1234): Trace cmd, data = 0x7007
07-05 21:49:52.698 I/tilwrapper@sm( 2026): HS2TIL_SourceType *hs=0xd, *til=0x900
07-05 21:49:52.698 D/til     ( 2026): get current source 2304
07-05 21:49:52.698 D/SourceRemoteServiceHandler( 2026): getCurrentInputSource.from.til.result is 0, value is 2304
07-05 21:49:52.698 D/SourceRemoteServiceHandler( 2026): getInputSourceType source: 0x900, type=2304
07-05 21:49:52.698 D/til     ( 2026): ###### func:til_get_picture_param option:0x3000006 ######  
07-05 21:49:52.699 I/TVMW@HsTvSetting( 1234): Trace cmd, data = 0x1003
07-05 21:49:52.699 I/TVMW@HsTvSetting( 1234): Trace cmd, data = 0x8032
07-05 21:49:52.700 I/hstvos  ( 1216): [0m[1;33m[HSHAL][HS_VIDEO][HS_HAL_Video_SetOsdDetect_v2][2389]u16Threshold = 20
07-05 21:49:52.700 E/TVMW@videoctrl( 1234):  getOsd is 1
07-05 21:49:52.700 D/til@system( 2026): til_get_system_param option:1000027 int:1, bool:1, ret:0
07-05 21:49:52.701 D/til     ( 2026): ###### func:til_get_picture_param option:0x3000045 ######  
07-05 21:49:52.701 I/TVMW@HsTvSetting( 1234): Trace cmd, data = 0x300c
07-05 21:49:52.701 I/TVMW@HsTvSetting( 1234): Trace 3d, data = 0x300c
07-05 21:49:52.701 I/TVMW@3d ( 1234): Hs_debug3d_trace: func:get3dStatus, line:109
07-05 21:49:52.833 D/PowerManagerService( 1733): acquireWakeLockInternal: lock=113832109, flags=0x1, tag="NetworkStats", ws=null, uid=1000, pid=1733
07-05 21:49:52.833 D/PowerManagerNotifier( 1733): onWakeLockAcquired: flags=1, tag="NetworkStats", packageName=android, ownerUid=1000, ownerPid=1733, workSource=null
07-05 21:49:52.833 D/NtpTrustedTime( 1733): currentTimeMillis() cache hit
07-05 21:49:52.845 D/NtpTrustedTime( 1733): currentTimeMillis() cache hit
07-05 21:49:52.847 D/NtpTrustedTime( 1733): currentTimeMillis() cache hit
07-05 21:49:52.847 D/NtpTrustedTime( 1733): currentTimeMillis() cache hit
07-05 21:49:52.847 D/PowerManagerService( 1733): releaseWakeLockInternal: lock=113832109 [NetworkStats], flags=0x0
07-05 21:49:52.847 D/PowerManagerNotifier( 1733): onWakeLockReleased: flags=1, tag="NetworkStats", packageName=android, ownerUid=1000, ownerPid=1733, workSource=null
07-05 21:49:52.985 I/MyFragmentStateAdapter( 9855): getCount
07-05 21:49:53.017 I/MyFragmentStateAdapter( 9855): getCount
07-05 21:49:53.051 I/MyFragmentStateAdapter( 9855): getCount
07-05 21:49:53.058 I/TVMW@devctrl( 1234): wdt
07-05 21:49:53.078 I/MyFragmentStateAdapter( 9855): getCount
07-05 21:49:53.096 D/MSTAR_VDEC_DBG( 1206): Stream ID: 0, Rate : 24 (E:0,D:0,S:0,F:149) 
07-05 21:49:53.106 I/MyFragmentStateAdapter( 9855): getCount
07-05 21:49:53.128 I/MyFragmentStateAdapter( 9855): getCount
07-05 21:49:53.154 I/MyFragmentStateAdapter( 9855): getCount
07-05 21:49:53.185 I/MyFragmentStateAdapter( 9855): getCount
07-05 21:49:53.202 I/TVMW@HsTvSetting( 1234): Trace cmd, data = 0x1058
07-05 21:49:53.203 D/til@system( 2026): til_get_system_param option:100002F int:0, bool:0, ret:0
07-05 21:49:53.203 I/TVMW@HsTvSetting( 1234): Trace cmd, data = 0x101f
07-05 21:49:53.203 D/til@system( 2026): til_get_system_param option:100001D int:3, bool:3, ret:0
07-05 21:49:53.203 E/til     ( 2026): [til_get_current_input_source, 101] 
07-05 21:49:53.204 I/TVMW@HsTvSetting( 1234): Trace cmd, data = 0x7007
07-05 21:49:53.204 I/tilwrapper@sm( 2026): HS2TIL_SourceType *hs=0xd, *til=0x900
07-05 21:49:53.204 D/til     ( 2026): get current source 2304
07-05 21:49:53.204 D/SourceRemoteServiceHandler( 2026): getCurrentInputSource.from.til.result is 0, value is 2304
07-05 21:49:53.204 D/SourceRemoteServiceHandler( 2026): getInputSourceType source: 0x900, type=2304
07-05 21:49:53.204 D/til     ( 2026): ###### func:til_get_picture_param option:0x3000006 ######  
07-05 21:49:53.204 I/TVMW@HsTvSetting( 1234): Trace cmd, data = 0x1003
07-05 21:49:53.206 I/TVMW@HsTvSetting( 1234): Trace cmd, data = 0x8032
07-05 21:49:53.206 I/hstvos  ( 1216): [0m[1;33m[HSHAL][HS_VIDEO][HS_HAL_Video_SetOsdDetect_v2][2389]u16Threshold = 20
07-05 21:49:53.208 E/TVMW@videoctrl( 1234):  getOsd is 1
07-05 21:49:53.208 D/til@system( 2026): til_get_system_param option:1000027 int:1, bool:1, ret:0
07-05 21:49:53.208 D/til     ( 2026): ###### func:til_get_picture_param option:0x3000045 ######  
07-05 21:49:53.213 I/TVMW@HsTvSetting( 1234): Trace cmd, data = 0x300c
07-05 21:49:53.213 I/TVMW@HsTvSetting( 1234): Trace 3d, data = 0x300c
07-05 21:49:53.213 I/TVMW@3d ( 1234): Hs_debug3d_trace: func:get3dStatus, line:109
07-05 21:49:53.214 I/MyFragmentStateAdapter( 9855): getCount
07-05 21:49:53.241 I/MyFragmentStateAdapter( 9855): getCount
07-05 21:49:53.266 I/MyFragmentStateAdapter( 9855): getCount
07-05 21:49:53.291 I/MyFragmentStateAdapter( 9855): getCount
07-05 21:49:53.317 I/MyFragmentStateAdapter( 9855): getCount
07-05 21:49:53.358 I/MyFragmentStateAdapter( 9855): getCount
07-05 21:49:53.375 D/PowerManagerService( 1733): acquireWakeLockInternal: lock=113832109, flags=0x1, tag="NetworkStats", ws=null, uid=1000, pid=1733
07-05 21:49:53.375 D/PowerManagerNotifier( 1733): onWakeLockAcquired: flags=1, tag="NetworkStats", packageName=android, ownerUid=1000, ownerPid=1733, workSource=null
07-05 21:49:53.375 D/NtpTrustedTime( 1733): currentTimeMillis() cache hit
07-05 21:49:53.384 D/NtpTrustedTime( 1733): currentTimeMillis() cache hit
07-05 21:49:53.384 I/MyFragmentStateAdapter( 9855): getCount
07-05 21:49:53.384 D/PowerManagerService( 1733): releaseWakeLockInternal: lock=113832109 [NetworkStats], flags=0x0
07-05 21:49:53.384 D/PowerManagerNotifier( 1733): onWakeLockReleased: flags=1, tag="NetworkStats", packageName=android, ownerUid=1000, ownerPid=1733, workSource=null
07-05 21:49:53.385 D/NtpTrustedTime( 1733): currentTimeMillis() cache hit
07-05 21:49:53.385 D/NtpTrustedTime( 1733): currentTimeMillis() cache hit
07-05 21:49:53.417 I/MyFragmentStateAdapter( 9855): getCount
07-05 21:49:53.441 I/NetflixMonitorService( 1733): current fgapk : com.hisense.hicloud.edca
07-05 21:49:53.441 I/NetflixMonitorService( 1733): Netflix status unchanged
07-05 21:49:53.451 I/MyFragmentStateAdapter( 9855): getCount
07-05 21:49:53.478 I/MyFragmentStateAdapter( 9855): getCount
07-05 21:49:53.486 D/GlobalInputEventMonitoringService( 1733): interceptKeyBeforeQueueing(), event:20, mNeedMonitorKeyEvent:true, mWaitForKeyUpEvent:false
07-05 21:49:53.487 D/GlobalInputEventMonitoringService( 1733): processKeyEvent(), processKeyEvent event:20
07-05 21:49:53.487 D/WindowManager( 1733): interceptKeyTq keycode=20 interactive=true keyguardActive=false policyFlags=2b000000 isCancled= false
07-05 21:49:53.487 D/PowerManagerService( 1733): userActivityNoUpdateLocked: eventTime=11435057, event=1, flags=0x0, uid=1000
07-05 21:49:53.487 D/WindowManager( 1733): interceptKeyTi keyCode=20 down=true repeatCount=0 keyguardOn=false mHomePressed=false canceled=false
07-05 21:49:53.487 D/WindowManager( 1733): Hisense systemkey event: 20
07-05 21:49:53.487 D/HisenseGlobalKeyManager( 1733): handleGlobalKey() : Global event = KeyEvent { action=ACTION_DOWN, keyCode=KEYCODE_DPAD_DOWN, scanCode=0, metaState=0, flags=0x0, repeatCount=0, eventTime=11435057, downTime=11435057, deviceId=-1, source=0x101 }
07-05 21:49:53.497 D/SogouIME( 2203): [onKeyDown] keycode = 20 model = VIDAA_TV
07-05 21:49:53.499 D/Carousel-CarouselDisplayPlayerLayout( 9855): HasFocus:true,keyCode:20
07-05 21:49:53.499 D/Carousel-CarouselDisplayPlayerLayout( 9855): isFullScreen:false
07-05 21:49:53.499 D/Carousel-CarouselDisplayPlayerLayout( 9855): isFullScreen:false
07-05 21:49:53.499 I/HomeMainActivity( 9855): carousel handle key:false
07-05 21:49:53.499 I/MainHomeView( 9855): dispatchKeyEvent ACTION_DOWN now 
07-05 21:49:53.499 D/Carousel-CarouselDisplayPicLayout( 9855): keyCode=20
07-05 21:49:53.499 I/FirstLineAdapter( 9855): onCarouselKeyDown: output=true,event=KeyEvent { action=ACTION_DOWN, keyCode=KEYCODE_DPAD_DOWN, scanCode=0, metaState=0, flags=0x0, repeatCount=0, eventTime=11435057, downTime=11435057, deviceId=-1, source=0x101 }
07-05 21:49:53.499 I/HomeMainActivity( 9855): onKeyDown is 20
07-05 21:49:53.500 I/BaseContentFragment( 9855): setRowViewSelectedViewHolder{1a204ba6 position=1 id=-1, oldPos=-1, pLpos:-1},isSelectedfalse
07-05 21:49:53.500 I/BaseContentFragment( 9855): setRowViewSelectedViewHolder{1497dd03 position=2 id=-1, oldPos=-1, pLpos:-1},isSelectedtrue
07-05 21:49:53.504 I/RoleContentFragment( 9855): onChildSelected:2,lastPos=1
07-05 21:49:53.504 I/CurrentCarouselView( 9855): onCarouseControlCarouselControlBean{mShoudScroll=false, mActivityHasResume=false, mActivityHasStop=false, mHasTurnGone=false, mHasTurnVisible=false, mChannelId=0, mSlideOffset=0.0, mShouldSelectCenter=false, mTabOpen=false, mHoriPosStatus=None, mVerPosStatus=Out, mLevelStatus=None},isPlayingtrue,channelId=0
07-05 21:49:53.505 I/CurrentCarouselView( 9855): is the current page
07-05 21:49:53.505 I/CurrentCarouselView( 9855): stopPlay
07-05 21:49:53.510 D/Carousel-CarouselView( 9855): ============>onFocusChange=false
07-05 21:49:53.510 D/Carousel-CarouselDisplayPlayerLayout( 9855): isFullScreen:false
07-05 21:49:53.510 D/Carousel-CarouselView( 9855): isFullScreen:false,hasFocus:false
07-05 21:49:53.510 D/Carousel-CarouselView( 9855): ============>offset=-1501
07-05 21:49:53.511 D/Carousel-CarouselDisplayPlayerLayout( 9855): showPlayerWindowTip showable:false
07-05 21:49:53.520 I/ContentBridgeAdapterListener( 9855): onAddPresenter 3
07-05 21:49:53.521 D/GlobalInputEventMonitoringService( 1733): interceptKeyBeforeQueueing(), event:20, mNeedMonitorKeyEvent:true, mWaitForKeyUpEvent:false
07-05 21:49:53.521 D/GlobalInputEventMonitoringService( 1733): processKeyEvent(), processKeyEvent event:20
07-05 21:49:53.521 D/WindowManager( 1733): interceptKeyTq keycode=20 interactive=true keyguardActive=false policyFlags=2b000000 isCancled= false
07-05 21:49:53.521 D/WindowManager( 1733): interceptKeyTi keyCode=20 down=false repeatCount=0 keyguardOn=false mHomePressed=false canceled=false
07-05 21:49:53.521 D/WindowManager( 1733): Hisense systemkey event: 20
07-05 21:49:53.521 D/HisenseGlobalKeyManager( 1733): handleGlobalKey() : Global event = KeyEvent { action=ACTION_UP, keyCode=KEYCODE_DPAD_DOWN, scanCode=0, metaState=0, flags=0x0, repeatCount=0, eventTime=11435057, downTime=11435057, deviceId=-1, source=0x101 }
07-05 21:49:53.544 I/ContentBridgeAdapterListener( 9855): onCreate ViewHolder{233ba4c1 position=-1 id=-1, oldPos=-1, pLpos:-1 unbound no parent}
07-05 21:49:53.544 I/BaseContentFragment( 9855): setUpSharedViewPoolViewHolder{233ba4c1 position=-1 id=-1, oldPos=-1, pLpos:-1 unbound no parent}
07-05 21:49:53.544 I/BaseContentFragment( 9855): share view pool
07-05 21:49:53.544 I/BaseContentFragment( 9855): setRowViewSelectedViewHolder{233ba4c1 position=-1 id=-1, oldPos=-1, pLpos:-1 unbound no parent},isSelectedfalse
07-05 21:49:53.544 I/head    ( 9855): item=com.hisense.tvui.newhome.presenter.TwoLineListRow@1ade2466
07-05 21:49:53.544 I/ContentBridgeAdapterListener( 9855): onBind 
07-05 21:49:53.544 I/ContentBridgeAdapterListener( 9855): onAttachedToWindow ViewHolder{233ba4c1 position=3 id=-1, oldPos=-1, pLpos:-1}
07-05 21:49:53.549 I/CardSelectionPresenter( 9855): onCreateViewHoldercom.hisense.leanback.widget.HorizontalGridView{2c90c3a7 VFE..... ......I. 0,0-0,0 #7f0d038e app:id/row_content}
07-05 21:49:53.571 I/CardSelectionPresenter( 9855): onBindViewHolder
07-05 21:49:53.571 D/sloven  ( 9855): 1002---true
07-05 21:49:53.571 I/CardSelectionPresenter( 9855): width=390,height=220
07-05 21:49:53.623 D/hailongqiu( 9855): hailongqiu position:0
07-05 21:49:53.630 I/CardSelectionPresenter( 9855): onCreateViewHoldercom.hisense.leanback.widget.HorizontalGridView{2c90c3a7 VFE..... ......ID 0,0-1738,588 #7f0d038e app:id/row_content}
07-05 21:49:53.645 I/CardSelectionPresenter( 9855): onBindViewHolder
07-05 21:49:53.645 D/sloven  ( 9855): 1002---true
07-05 21:49:53.645 I/CardSelectionPresenter( 9855): width=390,height=220
07-05 21:49:53.653 I/CardSelectionPresenter( 9855): onCreateViewHoldercom.hisense.leanback.widget.HorizontalGridView{2c90c3a7 VFE..... ......ID 0,0-1738,588 #7f0d038e app:id/row_content}
07-05 21:49:53.667 I/CardSelectionPresenter( 9855): onBindViewHolder
07-05 21:49:53.667 D/sloven  ( 9855): 1002---true
07-05 21:49:53.667 I/CardSelectionPresenter( 9855): width=400,height=220
07-05 21:49:53.670 I/MiSysSrv( 1214): [37m[INFO] Change to Voltage: 117 mv (0x32)[m
07-05 21:49:53.676 I/CardSelectionPresenter( 9855): onCreateViewHoldercom.hisense.leanback.widget.HorizontalGridView{2c90c3a7 VFE..... ......ID 0,0-1738,588 #7f0d038e app:id/row_content}
07-05 21:49:53.697 I/HLSP2P  (16224): ## 2017-07-05 21:49:53.695 [16224,16378,:0] INFO ## [HLSP2P][TaskManager.cpp:838][INFO][UpdateGlobalInfo]totalDataSize: 0, totalMemorySize: 0, totalCacheSize: 0, PlayTaskAllFinish: 0
07-05 21:49:53.697 I/HLSP2P  (16224): ## 2017-07-05 21:49:53.696 [16224,16378,:0] INFO ## [HLSP2P][TaskManager.cpp:1348][INFO][TryAdjustMemorySize]system memory total size: 1912M, free size: 332MB, cache add to 100MB, AppState: 14, IsLowMemory: 0
07-05 21:49:53.699 I/CardSelectionPresenter( 9855): onBindViewHolder
07-05 21:49:53.699 D/sloven  ( 9855): 1002---true
07-05 21:49:53.699 I/CardSelectionPresenter( 9855): width=400,height=220
07-05 21:49:53.704 I/CardSelectionPresenter( 9855): onCreateViewHoldercom.hisense.leanback.widget.HorizontalGridView{2c90c3a7 VFE..... ......ID 0,0-1738,588 #7f0d038e app:id/row_content}
07-05 21:49:53.717 I/CardSelectionPresenter( 9855): onBindViewHolder
07-05 21:49:53.717 D/sloven  ( 9855): 1002---true
07-05 21:49:53.717 I/CardSelectionPresenter( 9855): width=400,height=220
07-05 21:49:53.719 I/TVMW@HsTvSetting( 1234): Trace cmd, data = 0x1058
07-05 21:49:53.719 D/til@system( 2026): til_get_system_param option:100002F int:0, bool:0, ret:0
07-05 21:49:53.719 I/TVMW@HsTvSetting( 1234): Trace cmd, data = 0x101f
07-05 21:49:53.719 D/til@system( 2026): til_get_system_param option:100001D int:3, bool:3, ret:0
07-05 21:49:53.723 E/til     ( 2026): [til_get_current_input_source, 101] 
07-05 21:49:53.726 I/TVMW@HsTvSetting( 1234): Trace cmd, data = 0x7007
07-05 21:49:53.727 I/tilwrapper@sm( 2026): HS2TIL_SourceType *hs=0xd, *til=0x900
07-05 21:49:53.727 D/til     ( 2026): get current source 2304
07-05 21:49:53.727 D/SourceRemoteServiceHandler( 2026): getCurrentInputSource.from.til.result is 0, value is 2304
07-05 21:49:53.727 D/SourceRemoteServiceHandler( 2026): getInputSourceType source: 0x900, type=2304
07-05 21:49:53.727 D/til     ( 2026): ###### func:til_get_picture_param option:0x3000006 ######  
07-05 21:49:53.728 I/TVMW@HsTvSetting( 1234): Trace cmd, data = 0x1003
07-05 21:49:53.729 I/TVMW@HsTvSetting( 1234): Trace cmd, data = 0x8032
07-05 21:49:53.729 I/hstvos  ( 1216): [0m[1;33m[HSHAL][HS_VIDEO][HS_HAL_Video_SetOsdDetect_v2][2389]u16Threshold = 20
07-05 21:49:53.730 E/TVMW@videoctrl( 1234):  getOsd is 1
07-05 21:49:53.730 D/til@system( 2026): til_get_system_param option:1000027 int:1, bool:1, ret:0
07-05 21:49:53.730 D/til     ( 2026): ###### func:til_get_picture_param option:0x3000045 ######  
07-05 21:49:53.730 I/TVMW@HsTvSetting( 1234): Trace cmd, data = 0x300c
07-05 21:49:53.730 I/TVMW@HsTvSetting( 1234): Trace 3d, data = 0x300c
07-05 21:49:53.730 I/TVMW@3d ( 1234): Hs_debug3d_trace: func:get3dStatus, line:109
07-05 21:49:53.732 I/CardSelectionPresenter( 9855): onCreateViewHoldercom.hisense.leanback.widget.HorizontalGridView{2c90c3a7 VFE..... ......ID 0,0-1738,588 #7f0d038e app:id/row_content}
07-05 21:49:53.742 D/MC_MEMORY(16055): max: 256.261888 Mb, heap: 10.10780 Mb, allocated: 9.9326 Mb, free: 1.1453 Mb, native heap: 12.12276 Mb, native allocated: 8.8365 Mb, native free: 3.3911 Mb
07-05 21:49:53.745 I/CardSelectionPresenter( 9855): onBindViewHolder
07-05 21:49:53.745 D/sloven  ( 9855): 1002---true
07-05 21:49:53.745 I/CardSelectionPresenter( 9855): width=400,height=220
07-05 21:49:53.751 I/CardSelectionPresenter( 9855): onCreateViewHoldercom.hisense.leanback.widget.HorizontalGridView{2c90c3a7 VFE..... ......ID 0,0-1738,588 #7f0d038e app:id/row_content}
07-05 21:49:53.765 I/CardSelectionPresenter( 9855): onBindViewHolder
07-05 21:49:53.765 D/sloven  ( 9855): 2005---false
07-05 21:49:53.765 D/sloven  ( 9855): 2005
07-05 21:49:53.768 I/CardSelectionPresenter( 9855): width=400,height=220
07-05 21:49:53.772 I/CardSelectionPresenter( 9855): onCreateViewHoldercom.hisense.leanback.widget.HorizontalGridView{2c90c3a7 VFE..... ......ID 0,0-1738,588 #7f0d038e app:id/row_content}
07-05 21:49:53.786 D/PowerManagerService( 1733): acquireWakeLockInternal: lock=113832109, flags=0x1, tag="NetworkStats", ws=null, uid=1000, pid=1733
07-05 21:49:53.786 D/PowerManagerNotifier( 1733): onWakeLockAcquired: flags=1, tag="NetworkStats", packageName=android, ownerUid=1000, ownerPid=1733, workSource=null
07-05 21:49:53.786 D/NtpTrustedTime( 1733): currentTimeMillis() cache hit
07-05 21:49:53.788 I/CardSelectionPresenter( 9855): onBindViewHolder
07-05 21:49:53.788 D/sloven  ( 9855): 2005---false
07-05 21:49:53.788 D/sloven  ( 9855): 2005
07-05 21:49:53.789 I/CardSelectionPresenter( 9855): width=400,height=220
07-05 21:49:53.793 D/NtpTrustedTime( 1733): currentTimeMillis() cache hit
07-05 21:49:53.793 D/PowerManagerService( 1733): releaseWakeLockInternal: lock=113832109 [NetworkStats], flags=0x0
07-05 21:49:53.793 D/PowerManagerNotifier( 1733): onWakeLockReleased: flags=1, tag="NetworkStats", packageName=android, ownerUid=1000, ownerPid=1733, workSource=null
07-05 21:49:53.794 D/NtpTrustedTime( 1733): currentTimeMillis() cache hit
07-05 21:49:53.794 D/NtpTrustedTime( 1733): currentTimeMillis() cache hit
07-05 21:49:53.796 I/CardSelectionPresenter( 9855): onCreateViewHoldercom.hisense.leanback.widget.HorizontalGridView{2c90c3a7 VFE..... ......ID 0,0-1738,588 #7f0d038e app:id/row_content}
07-05 21:49:53.801 I/CardSelectionPresenter( 9855): onBindViewHolder
07-05 21:49:53.801 D/sloven  ( 9855): 2005---false
07-05 21:49:53.801 D/sloven  ( 9855): 2005
07-05 21:49:53.802 I/CardSelectionPresenter( 9855): width=400,height=220
07-05 21:49:53.811 I/CardSelectionPresenter( 9855): onCreateViewHoldercom.hisense.leanback.widget.HorizontalGridView{2c90c3a7 VFE..... ......ID 0,0-1738,588 #7f0d038e app:id/row_content}
07-05 21:49:53.830 I/CardSelectionPresenter( 9855): onBindViewHolder
07-05 21:49:53.830 D/sloven  ( 9855): 2005---false
07-05 21:49:53.830 D/sloven  ( 9855): 2005
07-05 21:49:53.830 I/CardSelectionPresenter( 9855): width=400,height=220
07-05 21:49:53.837 I/MyFragmentStateAdapter( 9855): getCount
07-05 21:49:53.837 I/MyFragmentStateAdapter( 9855): getCount
07-05 21:49:53.837 I/MyFragmentStateAdapter( 9855): getCount
07-05 21:49:53.837 I/MyFragmentStateAdapter( 9855): getCount
07-05 21:49:53.839 I/FirstLineAdapter( 9855): canShowTrailer,isOffline=false
07-05 21:49:53.839 I/FirstLineAdapter( 9855): canShowTrailer,isOffline=false
07-05 21:49:53.839 I/FirstLineAdapter( 9855): canShowTrailer,isOffline=false
07-05 21:49:53.839 I/FirstLineAdapter( 9855): canShowTrailer,isOffline=false
07-05 21:49:53.839 I/FirstLineAdapter( 9855): canShowTrailer,isOffline=false
07-05 21:49:53.839 I/FirstLineAdapter( 9855): canShowTrailer,isOffline=false
07-05 21:49:53.839 I/FirstLineAdapter( 9855): canShowTrailer,isOffline=false
07-05 21:49:53.840 I/FirstLineAdapter( 9855): canShowTrailer,isOffline=false
07-05 21:49:53.840 I/FirstLineAdapter( 9855): canShowTrailer,isOffline=false
07-05 21:49:53.852 D/Carousel-CarouselView( 9855): ============>onScrollChanged hashCode:997694096
07-05 21:49:53.852 D/Carousel-CarouselDisplayPlayerLayout( 9855): isFullScreen:false
07-05 21:49:53.883 I/MyFragmentStateAdapter( 9855): getCount
07-05 21:49:53.895 D/Carousel-CarouselView( 9855): setPosterAndStopPlay! hashCode=997694096, sWorkingHashCode=997694096
07-05 21:49:53.895 D/Carousel-CarouselDisplayPlayerLayout( 9855): isFullScreen:false
07-05 21:49:53.895 D/Carousel-Utils( 9855): displayImage view=android.widget.ImageView{1a051b8e G.ED.... ........ 0,0-816,460 #7f0d0029 app:id/imageView1}
07-05 21:49:53.895 D/Carousel-Utils( 9855): displayImage url=http://picture.edu.hismarttv.com/images/20170629010146422927.jpg
07-05 21:49:53.896 D/Carousel-Utils( 9855): onResourceReady.
07-05 21:49:53.897 D/Carousel-Utils( 9855): displayImage view=android.widget.ImageView{3dc1a1e G.ED.... ........ 0,0-816,460 #7f0d0029 app:id/imageView1}
07-05 21:49:53.898 D/Carousel-Utils( 9855): displayImage url=http://picture.edu.hismarttv.com/images/20170629010146422927.jpg
07-05 21:49:53.900 D/Carousel-Utils( 9855): onResourceReady.
07-05 21:49:53.902 D/Carousel-CarouselDisplayPlayerLayout( 9855): isFullScreen:false
07-05 21:49:53.903 D/Carousel-CarouselDisplayPlayerLayout( 9855): HasFocus:false,keyCode:20
07-05 21:49:53.903 D/Carousel-CarouselDisplayPlayerLayout( 9855): isFullScreen:false
07-05 21:49:53.903 I/HomeMainActivity( 9855): carousel handle key:false
07-05 21:49:53.905 V/InputMethodService( 2203): startInput(): editor=android.view.inputmethod.EditorInfo@14a2368c
07-05 21:49:53.905 V/InputMethodService( 2203): CALL: onFinishInput
07-05 21:49:53.912 I/ContentBridgeAdapterListener( 9855): onDetachedFromWindow ViewHolder{209c421b position=0 id=-1, oldPos=-1, pLpos:-1}
07-05 21:49:53.919 D/CardItemView( 9855): handleFocus subtile===>:
07-05 21:49:53.922 I/MyFragmentStateAdapter( 9855): getCount
07-05 21:49:53.922 I/MyFragmentStateAdapter( 9855): getCount
07-05 21:49:53.922 I/MyFragmentStateAdapter( 9855): getCount
07-05 21:49:53.922 I/MyFragmentStateAdapter( 9855): getCount
07-05 21:49:53.924 D/Surface ( 1733): onStatusChange() : mNativeObject = 547819104768 mUseImageHwRender = false
07-05 21:49:53.924 V/Surface ( 1733): nativeSetHardwareRender() : status = 0
07-05 21:49:53.924 V/Surface ( 1733): nativeSetHardwareRender() : end
07-05 21:49:53.926 D/PowerManagerService( 1733): releaseWakeLockInternal: lock=487931605 [WindowManager], flags=0x0
07-05 21:49:53.927 D/PowerManagerNotifier( 1733): onWakeLockReleased: flags=536870922, tag="WindowManager", packageName=android, ownerUid=1000, ownerPid=1733, workSource=WorkSource{10010}
07-05 21:49:53.927 D/PowerManagerService( 1733): userActivityNoUpdateLocked: eventTime=11435498, event=0, flags=0x1, uid=1000
07-05 21:49:53.927 D/PowerManagerService( 1733): setScreenBrightnessOverrideFromWindowManagerInternal done
07-05 21:49:53.927 E/SOGOUIME_JNI( 2203): reset
07-05 21:49:53.929 D/Surface ( 1733): onStatusChange() : mNativeObject = 0 mUseImageHwRender = false
07-05 21:49:53.933 I/FirstLineAdapter( 9855): canShowTrailer,isOffline=false
07-05 21:49:53.933 I/FirstLineAdapter( 9855): canShowTrailer,isOffline=false
07-05 21:49:53.933 I/FirstLineAdapter( 9855): canShowTrailer,isOffline=false
07-05 21:49:53.933 I/FirstLineAdapter( 9855): canShowTrailer,isOffline=false
07-05 21:49:53.933 I/FirstLineAdapter( 9855): canShowTrailer,isOffline=false
07-05 21:49:53.934 I/FirstLineAdapter( 9855): canShowTrailer,isOffline=false
07-05 21:49:53.934 I/FirstLineAdapter( 9855): canShowTrailer,isOffline=false
07-05 21:49:53.935 I/FirstLineAdapter( 9855): canShowTrailer,isOffline=false
07-05 21:49:53.935 I/FirstLineAdapter( 9855): canShowTrailer,isOffline=false
07-05 21:49:53.935 D/HttpHandler( 9855): VerifySignInterCeptor-->request.url()=http://picture.edu.hismarttv.com/images/20170628233313068112.jpg
07-05 21:49:53.935 D/HttpHandler( 9855): VerifySignInterCeptor-->hostname=picture.edu.hismarttv.com
07-05 21:49:53.939 D/Carousel-CarouselView( 9855): ============>onScrollChanged hashCode:997694096
07-05 21:49:53.939 D/Carousel-CarouselDisplayPlayerLayout( 9855): isFullScreen:false
07-05 21:49:53.942 E/SOGOUIME_JNI( 2203): getCandidates
07-05 21:49:53.942 E/SOGOUIME_JNI( 2203): ime_get_uncommitted_length
07-05 21:49:53.942 E/SOGOUIME_JNI( 2203): getCandidates
07-05 21:49:53.942 D/SogouIME API( 2203): ==============num:32
07-05 21:49:53.943 D/HttpHandler( 9855): VerifySignInterCeptor-->request.url()=http://picture.edu.hismarttv.com/images/20170630060711088714.jpg
07-05 21:49:53.943 E/SOGOUIME_JNI( 2203): ime_get_uncommitted_length
07-05 21:49:53.943 D/HttpHandler( 9855): VerifySignInterCeptor-->hostname=picture.edu.hismarttv.com
07-05 21:49:53.943 D/SogouIME( 2203): mFocusedComponent:30   isHkbEnable:false
07-05 21:49:53.943 E/SOGOUIME_JNI( 2203): ime_get_uncommitted_length
07-05 21:49:53.943 E/SOGOUIME_JNI( 2203): ime_get_committed_length
07-05 21:49:53.943 E/SOGOUIME_JNI( 2203): getComposingInfo
07-05 21:49:53.943 E/SOGOUIME_JNI( 2203): getComposingInfo
07-05 21:49:53.943 E/SOGOUIME_JNI( 2203): getCorrectInfo
07-05 21:49:53.943 E/SOGOUIME_JNI( 2203): getComposingInfo
07-05 21:49:53.943 D/OkHttp  ( 9855): --> GET http://picture.edu.hismarttv.com/images/20170628233313068112.jpg http/1.1
07-05 21:49:53.943 D/OkHttp  ( 9855): Host: picture.edu.hismarttv.com
07-05 21:49:53.943 D/OkHttp  ( 9855): Connection: Keep-Alive
07-05 21:49:53.943 D/OkHttp  ( 9855): Accept-Encoding: gzip
07-05 21:49:53.943 D/OkHttp  ( 9855): User-Agent: okhttp/3.6.0
07-05 21:49:53.943 D/OkHttp  ( 9855): --> END GET
07-05 21:49:53.948 V/InputMethodService( 2203): CALL: onStartInput
07-05 21:49:53.949 E/SOGOUIME_JNI( 2203): invalidateCommitWordPinyinNative
07-05 21:49:53.949 D/SogouIME( 2203): =====configKeyboard=======:false     false
07-05 21:49:53.949 E/SOGOUIME_JNI( 2203): ime_set_hard_kb_enable
07-05 21:49:53.951 I/MyFragmentStateAdapter( 9855): getCount
07-05 21:49:53.953 D/HttpHandler( 9855): VerifySignInterCeptor-->request.url()=http://picture.edu.hismarttv.com/images/
07-05 21:49:53.953 D/HttpHandler( 9855): VerifySignInterCeptor-->hostname=picture.edu.hismarttv.com
07-05 21:49:53.954 D/HttpHandler( 9855): VerifySignInterCeptor-->request.url()=http://picture.edu.hismarttv.com/images/20170628233246121281.jpg
07-05 21:49:53.954 D/HttpHandler( 9855): VerifySignInterCeptor-->hostname=picture.edu.hismarttv.com
07-05 21:49:53.955 D/HttpHandler( 9855): HttpDNS-->hostname=picture.edu.hismarttv.com
07-05 21:49:53.958 D/Carousel-CarouselDisplayPlayerLayout( 9855): x=380, y=-185,w=892,h=536, hashCode=91662101
07-05 21:49:53.958 D/Carousel-CarouselDisplayPlayerLayout( 9855): mX=380, mY=167,mWitdh=892,mHeight=536, hashCode=91662101
