07-05 21:51:51.398 I/TVMW@HsTvSetting( 1234): Trace 3d, data = 0x300c
07-05 21:51:51.398 I/TVMW@3d ( 1234): Hs_debug3d_trace: func:get3dStatus, line:109
07-05 21:51:51.469 I/MiSysSrv( 1214): [37m[INFO] Change to Voltage: 102 mv (0x23)[m
07-05 21:51:51.487 I/MyFragmentStateAdapter(10924): getCount
07-05 21:51:51.523 I/MyFragmentStateAdapter(10924): getCount
07-05 21:51:51.555 I/MyFragmentStateAdapter(10924): getCount
07-05 21:51:51.600 I/MyFragmentStateAdapter(10924): getCount
07-05 21:51:51.631 I/MyFragmentStateAdapter(10924): getCount
07-05 21:51:51.640 I/NetflixMonitorService( 1733): current fgapk : com.hisense.hicloud.edca
07-05 21:51:51.640 I/NetflixMonitorService( 1733): Netflix status unchanged
07-05 21:51:51.653 I/MyFragmentStateAdapter(10924): getCount
07-05 21:51:51.686 I/MyFragmentStateAdapter(10924): getCount
07-05 21:51:51.727 I/MyFragmentStateAdapter(10924): getCount
07-05 21:51:51.751 D/DtvSourcePlugin-DVBC(15961): Setting the EPG Updater state to: WAIT
07-05 21:51:51.765 I/MyFragmentStateAdapter(10924): getCount
07-05 21:51:51.802 I/MyFragmentStateAdapter(10924): getCount
07-05 21:51:51.835 I/MyFragmentStateAdapter(10924): getCount
07-05 21:51:51.839 D/PowerManagerService( 1733): acquireWakeLockInternal: lock=113832109, flags=0x1, tag="NetworkStats", ws=null, uid=1000, pid=1733
07-05 21:51:51.839 D/PowerManagerNotifier( 1733): onWakeLockAcquired: flags=1, tag="NetworkStats", packageName=android, ownerUid=1000, ownerPid=1733, workSource=null
07-05 21:51:51.839 D/NtpTrustedTime( 1733): currentTimeMillis() cache hit
07-05 21:51:51.855 D/NtpTrustedTime( 1733): currentTimeMillis() cache hit
07-05 21:51:51.871 D/PowerManagerService( 1733): releaseWakeLockInternal: lock=113832109 [NetworkStats], flags=0x0
07-05 21:51:51.871 D/PowerManagerNotifier( 1733): onWakeLockReleased: flags=1, tag="NetworkStats", packageName=android, ownerUid=1000, ownerPid=1733, workSource=null
07-05 21:51:51.871 D/NtpTrustedTime( 1733): currentTimeMillis() cache hit
07-05 21:51:51.872 D/NtpTrustedTime( 1733): currentTimeMillis() cache hit
07-05 21:51:51.892 I/MyFragmentStateAdapter(10924): getCount
07-05 21:51:51.900 I/TVMW@HsTvSetting( 1234): Trace cmd, data = 0x1058
07-05 21:51:51.900 D/til@system( 2026): til_get_system_param option:100002F int:0, bool:0, ret:0
07-05 21:51:51.900 I/TVMW@HsTvSetting( 1234): Trace cmd, data = 0x101f
07-05 21:51:51.900 D/til@system( 2026): til_get_system_param option:100001D int:3, bool:3, ret:0
07-05 21:51:51.900 E/til     ( 2026): [til_get_current_input_source, 101] 
07-05 21:51:51.901 I/TVMW@HsTvSetting( 1234): Trace cmd, data = 0x7007
07-05 21:51:51.901 I/tilwrapper@sm( 2026): HS2TIL_SourceType *hs=0xd, *til=0x900
07-05 21:51:51.901 D/til     ( 2026): get current source 2304
07-05 21:51:51.901 D/SourceRemoteServiceHandler( 2026): getCurrentInputSource.from.til.result is 0, value is 2304
07-05 21:51:51.901 D/SourceRemoteServiceHandler( 2026): getInputSourceType source: 0x900, type=2304
07-05 21:51:51.901 D/til     ( 2026): ###### func:til_get_picture_param option:0x3000006 ######  
07-05 21:51:51.901 I/TVMW@HsTvSetting( 1234): Trace cmd, data = 0x1003
07-05 21:51:51.902 I/TVMW@HsTvSetting( 1234): Trace cmd, data = 0x8032
07-05 21:51:51.902 I/hstvos  ( 1216): [0m[1;33m[HSHAL][HS_VIDEO][HS_HAL_Video_SetOsdDetect_v2][2389]u16Threshold = 20
07-05 21:51:51.904 E/TVMW@videoctrl( 1234):  getOsd is 1
07-05 21:51:51.904 D/til@system( 2026): til_get_system_param option:1000027 int:1, bool:1, ret:0
07-05 21:51:51.905 D/til     ( 2026): ###### func:til_get_picture_param option:0x3000045 ######  
07-05 21:51:51.905 I/TVMW@HsTvSetting( 1234): Trace cmd, data = 0x300c
07-05 21:51:51.905 I/TVMW@HsTvSetting( 1234): Trace 3d, data = 0x300c
07-05 21:51:51.905 I/TVMW@3d ( 1234): Hs_debug3d_trace: func:get3dStatus, line:109
07-05 21:51:51.940 I/MyFragmentStateAdapter(10924): getCount
07-05 21:51:51.970 I/MyFragmentStateAdapter(10924): getCount
07-05 21:51:51.983 I/TVMW@devctrl( 1234): wdt
07-05 21:51:51.999 I/MyFragmentStateAdapter(10924): getCount
07-05 21:51:52.000 D/MSTAR_VDEC_DBG( 1206): Stream ID: 0, Rate : 24 (E:0,D:0,S:0,F:45) 
07-05 21:51:52.047 I/MyFragmentStateAdapter(10924): getCount
07-05 21:51:52.075 I/MyFragmentStateAdapter(10924): getCount
07-05 21:51:52.103 I/MyFragmentStateAdapter(10924): getCount
07-05 21:51:52.140 I/MyFragmentStateAdapter(10924): getCount
07-05 21:51:52.153 I/HLSP2P  (16183): ## 2017-07-05 21:51:52.153 [16183,16481,:0] INFO ## [HLSP2P][DownloadManager.cpp:35][INFO][TryExtendCacheSize]system memory total size : 1912M, free size : 336M, cache add to 30MB
07-05 21:51:52.164 I/MyFragmentStateAdapter(10924): getCount
07-05 21:51:52.195 I/MyFragmentStateAdapter(10924): getCount
07-05 21:51:52.226 I/MyFragmentStateAdapter(10924): getCount
07-05 21:51:52.263 I/MyFragmentStateAdapter(10924): getCount
07-05 21:51:52.312 I/MyFragmentStateAdapter(10924): getCount
07-05 21:51:52.347 I/MyFragmentStateAdapter(10924): getCount
07-05 21:51:52.379 D/IntertrustDRMManager(10924): [TID 11096] wasabi runtime initialized success.
07-05 21:51:52.387 I/MyFragmentStateAdapter(10924): getCount
07-05 21:51:52.406 I/TVMW@HsTvSetting( 1234): Trace cmd, data = 0x1058
07-05 21:51:52.406 D/til@system( 2026): til_get_system_param option:100002F int:0, bool:0, ret:0
07-05 21:51:52.407 I/TVMW@HsTvSetting( 1234): Trace cmd, data = 0x101f
07-05 21:51:52.407 D/til@system( 2026): til_get_system_param option:100001D int:3, bool:3, ret:0
07-05 21:51:52.407 E/til     ( 2026): [til_get_current_input_source, 101] 
07-05 21:51:52.407 I/TVMW@HsTvSetting( 1234): Trace cmd, data = 0x7007
07-05 21:51:52.407 I/tilwrapper@sm( 2026): HS2TIL_SourceType *hs=0xd, *til=0x900
07-05 21:51:52.407 D/til     ( 2026): get current source 2304
07-05 21:51:52.408 D/SourceRemoteServiceHandler( 2026): getCurrentInputSource.from.til.result is 0, value is 2304
07-05 21:51:52.408 D/SourceRemoteServiceHandler( 2026): getInputSourceType source: 0x900, type=2304
07-05 21:51:52.408 D/til     ( 2026): ###### func:til_get_picture_param option:0x3000006 ######  
07-05 21:51:52.408 I/TVMW@HsTvSetting( 1234): Trace cmd, data = 0x1003
07-05 21:51:52.408 I/TVMW@HsTvSetting( 1234): Trace cmd, data = 0x8032
07-05 21:51:52.410 E/TVMW@videoctrl( 1234):  getOsd is 1
07-05 21:51:52.410 D/til@system( 2026): til_get_system_param option:1000027 int:1, bool:1, ret:0
07-05 21:51:52.411 D/til     ( 2026): ###### func:til_get_picture_param option:0x3000045 ######  
07-05 21:51:52.411 I/TVMW@HsTvSetting( 1234): Trace cmd, data = 0x300c
07-05 21:51:52.411 I/TVMW@HsTvSetting( 1234): Trace 3d, data = 0x300c
07-05 21:51:52.411 I/TVMW@3d ( 1234): Hs_debug3d_trace: func:get3dStatus, line:109
07-05 21:51:52.411 I/hstvos  ( 1216): [0m[1;33m[HSHAL][HS_VIDEO][HS_HAL_Video_SetOsdDetect_v2][2389]u16Threshold = 20
07-05 21:51:52.424 I/MyFragmentStateAdapter(10924): getCount
07-05 21:51:52.450 I/MyFragmentStateAdapter(10924): getCount
07-05 21:51:52.479 I/MyFragmentStateAdapter(10924): getCount
07-05 21:51:52.501 I/MyFragmentStateAdapter(10924): getCount
07-05 21:51:52.530 I/MyFragmentStateAdapter(10924): getCount
07-05 21:51:52.564 I/MyFragmentStateAdapter(10924): getCount
07-05 21:51:52.590 I/MyFragmentStateAdapter(10924): getCount
07-05 21:51:52.596 E/btif_config( 2964): [btif_config_get] node is TRUE!
07-05 21:51:52.596 E/btif_config( 2964): [btif_config_get] ret is TRUE!
07-05 21:51:52.623 I/MyFragmentStateAdapter(10924): getCount
07-05 21:51:52.633 D/GlobalInputEventMonitoringService( 1733): interceptKeyBeforeQueueing(), event:22, mNeedMonitorKeyEvent:true, mWaitForKeyUpEvent:false
07-05 21:51:52.633 D/GlobalInputEventMonitoringService( 1733): processKeyEvent(), processKeyEvent event:22
07-05 21:51:52.634 D/WindowManager( 1733): interceptKeyTq keycode=22 interactive=true keyguardActive=false policyFlags=2b000000 isCancled= false
07-05 21:51:52.634 D/PowerManagerService( 1733): userActivityNoUpdateLocked: eventTime=11554199, event=1, flags=0x0, uid=1000
07-05 21:51:52.634 D/WindowManager( 1733): interceptKeyTi keyCode=22 down=true repeatCount=0 keyguardOn=false mHomePressed=false canceled=false
07-05 21:51:52.634 D/WindowManager( 1733): Hisense systemkey event: 22
07-05 21:51:52.634 D/HisenseGlobalKeyManager( 1733): handleGlobalKey() : Global event = KeyEvent { action=ACTION_DOWN, keyCode=KEYCODE_DPAD_RIGHT, scanCode=0, metaState=0, flags=0x0, repeatCount=0, eventTime=11554199, downTime=11554199, deviceId=-1, source=0x101 }
07-05 21:51:52.641 I/NetflixMonitorService( 1733): current fgapk : com.hisense.hicloud.edca
07-05 21:51:52.641 I/NetflixMonitorService( 1733): Netflix status unchanged
07-05 21:51:52.654 D/SogouIME( 2203): [onKeyDown] keycode = 22 model = VIDAA_TV
07-05 21:51:52.660 I/MyFragmentStateAdapter(10924): getCount
07-05 21:51:52.690 D/Carousel-CarouselDisplayPlayerLayout(10924): HasFocus:false,keyCode:22
07-05 21:51:52.690 D/Carousel-CarouselDisplayPlayerLayout(10924): isFullScreen:false
07-05 21:51:52.690 I/HomeMainActivity(10924): carousel handle key:false
07-05 21:51:52.691 I/MainHomeView(10924): dispatchKeyEvent ACTION_DOWN now 
07-05 21:51:52.700 I/TabView (10924): onKeyListener() ACTION_DOWN keyCode -- 22
07-05 21:51:52.701 I/SoftFragmentList(10924): fetchCacheFragment  enter ---- index = 2
07-05 21:51:52.701 D/SoftFragmentList(10924): fetchCacheFragment  mFragmentCache.size() = 3
07-05 21:51:52.701 D/SoftFragmentList(10924): fetchCacheFragment mLastIndex = 2, view = 
07-05 21:51:52.701 I/BaseContentFragment(10924): initChildFocustrue,recyclerview=com.hisense.leanback.widget.VerticalGridView{3427f275 VFED.... ........ 0,0-1768,1080 #7f0d02c8 app:id/recyclerview_content}====---mIsVisibleToUser:true-------
07-05 21:51:52.711 D/til@system( 2026): til_get_system_param option:1000007 int:-1936525184, bool:128, ret:0
07-05 21:51:52.713 D/til@system( 2026): til_get_system_param option:1000009 int:-1936523008, bool:0, ret:0
07-05 21:51:52.713 D/til@system( 2026): til_get_system_param option:1000008 int:-1815632896, bool:0, ret:0
07-05 21:51:52.714 D/HiSDKLogReport(10924): getOperationDetail-productName : LED50MU8600UC
07-05 21:51:52.714 D/HiSDKLogReport(10924): getOperationDetail-plmNumber : 88888
07-05 21:51:52.714 D/HiSDKLogReport(10924): getOperationDetail-swVersion : V0000.00.01A
07-05 21:51:52.714 D/HiSDKLogReport(10924): getOperationDetail-operationDetail : LED50MU8600UC0000888
07-05 21:51:52.714 D/HiSDKLogReport(10924): businessLogReport-log : {eventType=232, APPVersionName=3.0.0.9.00, devid=86100300900000500000060a4818fca8, rowid=-1, uuid=13287129, APIversion=501, eventcode=232000, logversion=2.0, columnid=-1, devType=0, eventPos=000, groupid=-1, ChannelId=0, version=00.002.003, subscriberId=13287129, PFAPPCode=652, tabid=0, softwareVersion=LED50MU8600UC0000888, srceventcode=201000, mac=a8:a6:48:18:fc:a8, accessToken=72DF6038D2AEAB8A76DFBBBBCC428A4A_003645466633828, srctabid=0, APPPackage=com.hisense.hicloud.edca, sessionid=8f92a9b4ffd643cabde5db50ad427d01, requesttime=1499262712714, customerId=7195320, model_id=0, requestid=8e321563e2a54e48ac30dc2b2cfe8ade, tv_distribute_id=00, APIVersion=600, issysrepo=0}
07-05 21:51:52.715 D/BaseContentFragment(10924): initChildFocus firstlineview===>:com.hisense.tvui.newhome.view.SpecialFirstView{1f30f9e7 V.E..... ........ 10,185-1748,691}
07-05 21:51:52.715 D/setHistoryRequestFocus(10924): ===>false
07-05 21:51:52.715 I/FirstlineLayoutManager(10924): left=0,width=1738,scroll Distance=-1488
07-05 21:51:52.717 D/PowerManagerService( 1733): acquireWakeLockInternal: lock=113832109, flags=0x1, tag="NetworkStats", ws=null, uid=1000, pid=1733
07-05 21:51:52.717 D/PowerManagerNotifier( 1733): onWakeLockAcquired: flags=1, tag="NetworkStats", packageName=android, ownerUid=1000, ownerPid=1733, workSource=null
07-05 21:51:52.717 D/NtpTrustedTime( 1733): currentTimeMillis() cache hit
07-05 21:51:52.718 I/BaseContentFragment(10924): setRowViewSelectedViewHolder{b3d12cc position=0 id=-1, oldPos=-1, pLpos:-1},isSelectedfalse
07-05 21:51:52.718 I/BaseContentFragment(10924): setRowViewSelectedViewHolder{3f8de80b position=1 id=-1, oldPos=-1, pLpos:-1},isSelectedtrue
07-05 21:51:52.718 I/RoleContentFragment(10924): onChildSelected:1,lastPos=0
07-05 21:51:52.722 W/System.err(10924): java.net.ConnectException: failed to connect to /10.18.210.112 (port 8900) after 6000ms: isConnected failed: ECONNREFUSED (Connection refused)
07-05 21:51:52.722 W/System.err(10924): 	at libcore.io.IoBridge.isConnected(IoBridge.java:238)
07-05 21:51:52.722 W/System.err(10924): 	at libcore.io.IoBridge.connectErrno(IoBridge.java:171)
07-05 21:51:52.722 W/System.err(10924): 	at libcore.io.IoBridge.connect(IoBridge.java:122)
07-05 21:51:52.722 W/System.err(10924): 	at java.net.PlainSocketImpl.connect(PlainSocketImpl.java:183)
07-05 21:51:52.722 W/System.err(10924): 	at java.net.PlainSocketImpl.connect(PlainSocketImpl.java:456)
07-05 21:51:52.722 W/System.err(10924): 	at java.net.Socket.connect(Socket.java:882)
07-05 21:51:52.722 W/System.err(10924): 	at com.android.okhttp.internal.Platform.connectSocket(Platform.java:174)
07-05 21:51:52.722 W/System.err(10924): 	at com.android.okhttp.Connection.connect(Connection.java:152)
07-05 21:51:52.722 W/System.err(10924): 	at com.android.okhttp.internal.http.HttpEngine.connect(HttpEngine.java:276)
07-05 21:51:52.723 W/System.err(10924): 	at com.android.okhttp.internal.http.HttpEngine.sendRequest(HttpEngine.java:211)
07-05 21:51:52.723 W/System.err(10924): 	at com.android.okhttp.internal.http.HttpURLConnectionImpl.execute(HttpURLConnectionImpl.java:382)
07-05 21:51:52.723 W/System.err(10924): 	at com.android.okhttp.internal.http.HttpURLConnectionImpl.connect(HttpURLConnectionImpl.java:106)
07-05 21:51:52.723 W/System.err(10924): 	at com.hisense.hitv.hicloud.util.ExceptionReport.a(ExceptionReport.java:337)
07-05 21:51:52.723 W/System.err(10924): 	at com.hisense.hitv.hicloud.util.ExceptionReport.a(ExceptionReport.java:39)
07-05 21:51:52.723 W/System.err(10924): 	at com.hisense.hitv.hicloud.util.ExceptionReport$1.run(ExceptionReport.java:83)
07-05 21:51:52.723 I/TabView (10924): onfocuschange:false
07-05 21:51:52.723 W/System.err(10924): 	at java.lang.Thread.run(Thread.java:818)
07-05 21:51:52.723 W/System.err(10924): Caused by: android.system.ErrnoException: isConnected failed: ECONNREFUSED (Connection refused)
07-05 21:51:52.723 D/TabView (10924): icon---:2
07-05 21:51:52.723 W/System.err(10924): 	at libcore.io.IoBridge.isConnected(IoBridge.java:223)
07-05 21:51:52.723 W/System.err(10924): 	... 15 more
07-05 21:51:52.723 E/TabView (10924): 
07-05 21:51:52.724 D/NtpTrustedTime( 1733): currentTimeMillis() cache hit
07-05 21:51:52.728 D/PowerManagerService( 1733): releaseWakeLockInternal: lock=113832109 [NetworkStats], flags=0x0
07-05 21:51:52.728 D/PowerManagerNotifier( 1733): onWakeLockReleased: flags=1, tag="NetworkStats", packageName=android, ownerUid=1000, ownerPid=1733, workSource=null
07-05 21:51:52.729 D/NtpTrustedTime( 1733): currentTimeMillis() cache hit
07-05 21:51:52.730 D/NtpTrustedTime( 1733): currentTimeMillis() cache hit
07-05 21:51:52.752 D/CommonHeader(10924): onTabStatusChanged tabstatus===>:40000
07-05 21:51:52.758 D/HttpHandler(10924): VerifySignInterCeptor-->request.url()=http://picture.edu.hismarttv.com/images/20170628121925625089.png
07-05 21:51:52.759 D/HttpHandler(10924): VerifySignInterCeptor-->hostname=picture.edu.hismarttv.com
07-05 21:51:52.762 D/OkHttp  (10924): --> GET http://picture.edu.hismarttv.com/images/20170628121925625089.png http/1.1
07-05 21:51:52.762 D/OkHttp  (10924): Host: picture.edu.hismarttv.com
07-05 21:51:52.762 D/OkHttp  (10924): Connection: Keep-Alive
07-05 21:51:52.762 D/OkHttp  (10924): Accept-Encoding: gzip
07-05 21:51:52.762 D/OkHttp  (10924): User-Agent: okhttp/3.6.0
07-05 21:51:52.762 D/OkHttp  (10924): --> END GET
07-05 21:51:52.779 D/GlobalInputEventMonitoringService( 1733): interceptKeyBeforeQueueing(), event:22, mNeedMonitorKeyEvent:true, mWaitForKeyUpEvent:false
07-05 21:51:52.780 D/GlobalInputEventMonitoringService( 1733): processKeyEvent(), processKeyEvent event:22
07-05 21:51:52.780 D/WindowManager( 1733): interceptKeyTq keycode=22 interactive=true keyguardActive=false policyFlags=2b000000 isCancled= false
07-05 21:51:52.780 D/WindowManager( 1733): interceptKeyTi keyCode=22 down=false repeatCount=0 keyguardOn=false mHomePressed=false canceled=false
07-05 21:51:52.780 D/WindowManager( 1733): Hisense systemkey event: 22
07-05 21:51:52.780 D/HisenseGlobalKeyManager( 1733): handleGlobalKey() : Global event = KeyEvent { action=ACTION_UP, keyCode=KEYCODE_DPAD_RIGHT, scanCode=0, metaState=0, flags=0x0, repeatCount=0, eventTime=11554199, downTime=11554199, deviceId=-1, source=0x101 }
07-05 21:51:52.783 I/MyFragmentStateAdapter(10924): getCount
07-05 21:51:52.789 D/OkHttp  (10924): <-- 200 OK http://picture.edu.hismarttv.com/images/20170628121925625089.png (27ms)
07-05 21:51:52.789 D/OkHttp  (10924): Date: Tue, 04 Jul 2017 02:30:14 GMT
07-05 21:51:52.790 D/OkHttp  (10924): Server: nginx
07-05 21:51:52.790 D/OkHttp  (10924): Content-Type: image/png
07-05 21:51:52.790 D/OkHttp  (10924): Content-Length: 3689
07-05 21:51:52.790 D/OkHttp  (10924): Last-Modified: Wed, 28 Jun 2017 12:19:25 GMT
07-05 21:51:52.790 D/OkHttp  (10924): ETag: "59539ecd-e69"
07-05 21:51:52.790 D/OkHttp  (10924): Accept-Ranges: bytes
07-05 21:51:52.790 D/OkHttp  (10924): Age: 127298
07-05 21:51:52.790 D/OkHttp  (10924): Via: 1.1 jnwt241:0 (Cdn Cache Server V2.0)[13 200 0], 1.1 anwangtong101:2 (Cdn Cache Server V2.0)[12 200 0]
07-05 21:51:52.790 D/OkHttp  (10924): Connection: keep-alive
07-05 21:51:52.790 D/OkHttp  (10924): <-- END HTTP
07-05 21:51:52.791 D/HttpHandler(10924): RetryIntercepter-->retryNum=0
07-05 21:51:52.791 D/HttpHandler(10924): RetryIntercepter-->backoffmutiplier=0
07-05 21:51:52.808 D/TabView (10924): 
07-05 21:51:52.810 D/TabView (10924): 
07-05 21:51:52.811 D/TabView (10924): 
07-05 21:51:52.812 D/TabView (10924): 
07-05 21:51:52.812 D/TabView (10924): 
07-05 21:51:52.813 D/TabView (10924): 
07-05 21:51:52.815 D/TabView (10924): 
07-05 21:51:52.816 D/TabView (10924): 
07-05 21:51:52.817 D/TabView (10924): 
07-05 21:51:52.818 D/TabView (10924): 
07-05 21:51:52.819 D/TabView (10924): 
07-05 21:51:52.820 D/TabView (10924): 
07-05 21:51:52.821 D/TabView (10924): 
07-05 21:51:52.825 D/TabView (10924): 
07-05 21:51:52.826 D/TabView (10924): 
07-05 21:51:52.827 D/TabView (10924): 
07-05 21:51:52.828 I/MyFragmentStateAdapter(10924): getCount
07-05 21:51:52.828 I/MyFragmentStateAdapter(10924): getCount
07-05 21:51:52.828 D/TabView (10924): 
07-05 21:51:52.829 D/TabView (10924): 
07-05 21:51:52.830 D/TabView (10924): 
07-05 21:51:52.830 D/TabView (10924): 
07-05 21:51:52.830 D/TabView (10924): 
07-05 21:51:52.831 D/TabView (10924): 
07-05 21:51:52.832 D/TabView (10924): 
07-05 21:51:52.832 D/TabView (10924): 
07-05 21:51:52.833 D/TabView (10924): 
07-05 21:51:52.834 D/TabView (10924): 
07-05 21:51:52.836 D/TabView (10924): 
07-05 21:51:52.837 D/TabView (10924): 
07-05 21:51:52.839 D/TabView (10924): 
07-05 21:51:52.840 D/TabView (10924): 
07-05 21:51:52.841 D/TabView (10924): 
07-05 21:51:52.842 D/TabView (10924): 
07-05 21:51:52.843 I/MyFragmentStateAdapter(10924): getCount
07-05 21:51:52.843 I/MyFragmentStateAdapter(10924): getCount
07-05 21:51:52.849 I/TabView (10924): onScroll:,firstItem=0,visibleCount=6,totalCount=10
07-05 21:51:52.851 D/Carousel-CarouselView(10924): ============>onScrollChanged hashCode:832018257
07-05 21:51:52.851 D/Carousel-CarouselDisplayPlayerLayout(10924): isFullScreen:false
07-05 21:51:52.852 I/MainHomeView(10924): onPanelSlide0.45801526---left212
07-05 21:51:52.855 I/CurrentCarouselView(10924): onCarouseControlCarouselControlBean{mShoudScroll=true, mActivityHasResume=false, mActivityHasStop=false, mHasTurnGone=false, mHasTurnVisible=false, mChannelId=-1, mSlideOffset=0.45801526, mShouldSelectCenter=false, mTabOpen=false, mHoriPosStatus=None, mVerPosStatus=None, mLevelStatus=None},isPlayingtrue,channelId=0
07-05 21:51:52.855 I/CurrentCarouselView(10924): is not the current page
07-05 21:51:52.855 I/CurrentCarouselView(10924): do scroll
07-05 21:51:52.855 D/Carousel-CarouselView(10924): smoothScroll.
07-05 21:51:52.855 D/Carousel-CarouselDisplayPlayerLayout(10924): isFullScreen:false
07-05 21:51:52.855 D/TabView (10924): onReceiveSlidingOffset ===>:0.45801526
07-05 21:51:52.857 I/MyFragmentStateAdapter(10924): getCount
07-05 21:51:52.873 D/Carousel-CarouselDisplayPlayerLayout(10924): HasFocus:false,keyCode:22
07-05 21:51:52.873 D/Carousel-CarouselDisplayPlayerLayout(10924): isFullScreen:false
07-05 21:51:52.873 I/HomeMainActivity(10924): carousel handle key:false
07-05 21:51:52.883 I/TVMW@devctrl( 1234): wdt
07-05 21:51:52.889 V/InputMethodService( 2203): startInput(): editor=android.view.inputmethod.EditorInfo@1c764cfd
07-05 21:51:52.889 V/InputMethodService( 2203): CALL: onFinishInput
07-05 21:51:52.889 E/SOGOUIME_JNI( 2203): reset
07-05 21:51:52.890 E/SOGOUIME_JNI( 2203): getCandidates
07-05 21:51:52.890 E/SOGOUIME_JNI( 2203): ime_get_uncommitted_length
07-05 21:51:52.890 E/SOGOUIME_JNI( 2203): getCandidates
07-05 21:51:52.890 D/SogouIME API( 2203): ==============num:32
07-05 21:51:52.890 E/SOGOUIME_JNI( 2203): ime_get_uncommitted_length
07-05 21:51:52.890 D/SogouIME( 2203): mFocusedComponent:30   isHkbEnable:false
07-05 21:51:52.890 E/SOGOUIME_JNI( 2203): ime_get_uncommitted_length
07-05 21:51:52.890 E/SOGOUIME_JNI( 2203): ime_get_committed_length
07-05 21:51:52.890 E/SOGOUIME_JNI( 2203): getComposingInfo
07-05 21:51:52.890 E/SOGOUIME_JNI( 2203): getComposingInfo
07-05 21:51:52.890 E/SOGOUIME_JNI( 2203): getCorrectInfo
07-05 21:51:52.890 E/SOGOUIME_JNI( 2203): getComposingInfo
07-05 21:51:52.890 V/InputMethodService( 2203): CALL: onStartInput
07-05 21:51:52.890 E/SOGOUIME_JNI( 2203): invalidateCommitWordPinyinNative
07-05 21:51:52.890 D/SogouIME( 2203): =====configKeyboard=======:false     false
07-05 21:51:52.890 E/SOGOUIME_JNI( 2203): ime_set_hard_kb_enable
07-05 21:51:52.892 I/MainHomeView(10924): onPanelSlide0.28244275---left189
07-05 21:51:52.892 I/CurrentCarouselView(10924): onCarouseControlCarouselControlBean{mShoudScroll=true, mActivityHasResume=false, mActivityHasStop=false, mHasTurnGone=false, mHasTurnVisible=false, mChannelId=-1, mSlideOffset=0.28244275, mShouldSelectCenter=false, mTabOpen=false, mHoriPosStatus=None, mVerPosStatus=None, mLevelStatus=None},isPlayingtrue,channelId=0
07-05 21:51:52.892 I/CurrentCarouselView(10924): is not the current page
07-05 21:51:52.892 I/CurrentCarouselView(10924): do scroll
07-05 21:51:52.892 D/Carousel-CarouselView(10924): smoothScroll.
07-05 21:51:52.892 D/Carousel-CarouselDisplayPlayerLayout(10924): isFullScreen:false
07-05 21:51:52.893 D/TabView (10924): onReceiveSlidingOffset ===>:0.28244275
07-05 21:51:52.908 D/Carousel-CarouselDisplayPlayerLayout(10924): x=417, y=167,w=892,h=536, hashCode=106445692
07-05 21:51:52.908 D/Carousel-CarouselDisplayPlayerLayout(10924): mX=511, mY=167,mWitdh=892,mHeight=536, hashCode=106445692
07-05 21:51:52.909 D/Carousel-CarouselDisplayPlayerLayout(10924): changed=true, hashCode=106445692
07-05 21:51:52.912 I/TVMW@HsTvSetting( 1234): Trace cmd, data = 0x1058
07-05 21:51:52.913 D/til@system( 2026): til_get_system_param option:100002F int:0, bool:0, ret:0
07-05 21:51:52.913 I/TVMW@HsTvSetting( 1234): Trace cmd, data = 0x101f
07-05 21:51:52.913 D/til@system( 2026): til_get_system_param option:100001D int:3, bool:3, ret:0
07-05 21:51:52.913 E/til     ( 2026): [til_get_current_input_source, 101] 
07-05 21:51:52.913 I/TVMW@HsTvSetting( 1234): Trace cmd, data = 0x7007
07-05 21:51:52.914 I/tilwrapper@sm( 2026): HS2TIL_SourceType *hs=0xd, *til=0x900
07-05 21:51:52.914 D/til     ( 2026): get current source 2304
07-05 21:51:52.914 D/SourceRemoteServiceHandler( 2026): getCurrentInputSource.from.til.result is 0, value is 2304
07-05 21:51:52.914 D/SourceRemoteServiceHandler( 2026): getInputSourceType source: 0x900, type=2304
07-05 21:51:52.914 D/til     ( 2026): ###### func:til_get_picture_param option:0x3000006 ######  
07-05 21:51:52.914 I/TVMW@HsTvSetting( 1234): Trace cmd, data = 0x1003
07-05 21:51:52.915 I/TVMW@HsTvSetting( 1234): Trace cmd, data = 0x8032
07-05 21:51:52.915 I/hstvos  ( 1216): [0m[1;33m[HSHAL][HS_VIDEO][HS_HAL_Video_SetOsdDetect_v2][2389]u16Threshold = 20
07-05 21:51:52.916 E/TVMW@videoctrl( 1234):  getOsd is 1
07-05 21:51:52.916 D/til@system( 2026): til_get_system_param option:1000027 int:1, bool:1, ret:0
07-05 21:51:52.917 D/til     ( 2026): ###### func:til_get_picture_param option:0x3000045 ######  
07-05 21:51:52.917 I/TVMW@HsTvSetting( 1234): Trace cmd, data = 0x300c
07-05 21:51:52.917 I/TVMW@HsTvSetting( 1234): Trace 3d, data = 0x300c
07-05 21:51:52.917 I/TVMW@3d ( 1234): Hs_debug3d_trace: func:get3dStatus, line:109
07-05 21:51:52.920 D/Carousel-Utils(10924): x=417,y=167, width=892,height=536
07-05 21:51:52.920 D/Carousel-CarouselDisplayPlayerLayout(10924): isFullScreen:false
07-05 21:51:52.921 D/Carousel-CarouselView(10924): ===========>onScrollStart
07-05 21:51:52.922 D/Carousel-Utils(10924): displayImage view=android.widget.ImageView{3f51e0b7 I.ED.... ......ID 0,0-816,460 #7f0d0029 app:id/imageView1}
07-05 21:51:52.922 D/Carousel-Utils(10924): displayImage url=http://picture.edu.hismarttv.com/images/20170629010146422927.jpg
07-05 21:51:52.928 D/Carousel-Utils(10924): onResourceReady.
07-05 21:51:52.935 D/Carousel-Utils(10924): displayImage view=android.widget.ImageView{2fe2b449 I.ED.... ........ 0,0-816,460 #7f0d0029 app:id/imageView1}
07-05 21:51:52.935 D/Carousel-Utils(10924): displayImage url=http://picture.edu.hismarttv.com/images/20170629010146422927.jpg
07-05 21:51:52.935 D/Carousel-Utils(10924): onResourceReady.
07-05 21:51:52.936 D/Carousel-CarouselDisplayPlayerLayout(10924): x=417, y=167,w=892,h=536, hashCode=106445692
07-05 21:51:52.936 D/Carousel-CarouselDisplayPlayerLayout(10924): mX=417, mY=167,mWitdh=892,mHeight=536, hashCode=106445692
07-05 21:51:52.936 D/Carousel-CarouselDisplayPlayerLayout(10924): changed=false, hashCode=106445692
07-05 21:51:52.936 D/Carousel-CarouselDisplayPlayerLayout(10924): extraTryCount=0
07-05 21:51:52.941 I/MyFragmentStateAdapter(10924): getCount
07-05 21:51:52.941 I/MyFragmentStateAdapter(10924): getCount
07-05 21:51:52.941 I/MyFragmentStateAdapter(10924): getCount
07-05 21:51:52.941 I/MyFragmentStateAdapter(10924): getCount
07-05 21:51:52.942 I/Carousel-UrlVideoView(10924): onMeasure(MeasureSpec: EXACTLY 816, MeasureSpec: EXACTLY 460)
07-05 21:51:52.942 D/Carousel-UrlVideoView(10924): widthSpecMode=1073741824
07-05 21:51:52.942 D/Carousel-UrlVideoView(10924): heightSpecMode=1073741824
07-05 21:51:52.942 D/Carousel-UrlVideoView(10924): widthSpecSize=816
07-05 21:51:52.942 D/Carousel-UrlVideoView(10924): heightSpecSize=460
07-05 21:51:52.942 I/Carousel-UrlVideoView(10924): onMeasure(MeasureSpec: EXACTLY 816, MeasureSpec: EXACTLY 460)
07-05 21:51:52.942 D/Carousel-UrlVideoView(10924): widthSpecMode=1073741824
07-05 21:51:52.942 D/Carousel-UrlVideoView(10924): heightSpecMode=1073741824
07-05 21:51:52.942 D/Carousel-UrlVideoView(10924): widthSpecSize=816
07-05 21:51:52.942 D/Carousel-UrlVideoView(10924): heightSpecSize=460
07-05 21:51:52.948 D/Surface ( 1733): onStatusChange() : mNativeObject = 547942817792 mUseImageHwRender = false
07-05 21:51:52.948 V/Surface ( 1733): nativeSetHardwareRender() : status = 0
07-05 21:51:52.949 V/Surface ( 1733): nativeSetHardwareRender() : end
07-05 21:51:52.951 D/PowerManagerService( 1733): releaseWakeLockInternal: lock=487931605 [WindowManager], flags=0x0
07-05 21:51:52.952 D/PowerManagerNotifier( 1733): onWakeLockReleased: flags=536870922, tag="WindowManager", packageName=android, ownerUid=1000, ownerPid=1733, workSource=WorkSource{10010}
07-05 21:51:52.952 D/PowerManagerService( 1733): userActivityNoUpdateLocked: eventTime=11554523, event=0, flags=0x1, uid=1000
07-05 21:51:52.952 D/PowerManagerService( 1733): setScreenBrightnessOverrideFromWindowManagerInternal done
07-05 21:51:52.955 D/Surface ( 1733): onStatusChange() : mNativeObject = 0 mUseImageHwRender = false
07-05 21:51:52.957 I/FirstLineAdapter(10924): canShowTrailer,isOffline=false
07-05 21:51:52.957 I/FirstLineAdapter(10924): canShowTrailer,isOffline=false
07-05 21:51:52.958 I/FirstLineAdapter(10924): canShowTrailer,isOffline=false
07-05 21:51:52.958 I/FirstLineAdapter(10924): canShowTrailer,isOffline=false
07-05 21:51:52.958 I/FirstLineAdapter(10924): canShowTrailer,isOffline=false
07-05 21:51:52.960 I/FirstLineAdapter(10924): canShowTrailer,isOffline=false
07-05 21:51:52.960 I/FirstLineAdapter(10924): canShowTrailer,isOffline=false
07-05 21:51:52.961 I/FirstLineAdapter(10924): canShowTrailer,isOffline=false
07-05 21:51:52.961 I/FirstLineAdapter(10924): canShowTrailer,isOffline=false
07-05 21:51:52.961 I/SurfaceView(10924): Changes: creating=false format=false size=false visible=false left=true top=false
07-05 21:51:52.961 I/SurfaceView(10924): Cur surface: Surface(name=null)/@0x89ea698
07-05 21:51:52.962 E/btif_config( 2964): [btif_config_get] node is TRUE!
07-05 21:51:52.963 E/btif_config( 2964): [btif_config_get] ret is TRUE!
07-05 21:51:52.963 D/Surface ( 1733): onStatusChange() : mNativeObject = 547942742528 mUseImageHwRender = false
07-05 21:51:52.963 V/Surface ( 1733): nativeSetHardwareRender() : status = 0
07-05 21:51:52.963 V/Surface ( 1733): nativeSetHardwareRender() : end
07-05 21:51:52.966 D/PowerManagerService( 1733): setScreenBrightnessOverrideFromWindowManagerInternal done
07-05 21:51:52.968 D/Surface ( 1733): onStatusChange() : mNativeObject = 0 mUseImageHwRender = false
07-05 21:51:52.969 D/Surface (10924): onStatusChange() : mNativeObject = -530827776 mUseImageHwRender = false
07-05 21:51:52.969 V/Surface (10924): nativeSetHardwareRender() : status = 0
07-05 21:51:52.969 V/Surface (10924): nativeSetHardwareRender() : end
07-05 21:51:52.969 I/SurfaceView(10924): New surface: Surface(name=null)/@0x33df6ef1, vis=true, frame=Rect(455, 205 - 1271, 665)
07-05 21:51:52.969 D/Surface (10924): onStatusChange() : mNativeObject = 0 mUseImageHwRender = false
07-05 21:51:52.969 D/Surface (10924): onStatusChange() : mNativeObject = -530827776 mUseImageHwRender = false
07-05 21:51:52.969 V/Surface (10924): nativeSetHardwareRender() : status = 0
07-05 21:51:52.969 V/Surface (10924): nativeSetHardwareRender() : end
07-05 21:51:52.969 V/SurfaceView(10924): Layout: x=455 y=205 w=816 h=460, frame=Rect(0, 0 - 816, 460)
07-05 21:51:52.972 I/MainHomeView(10924): onPanelSlide0.091603056---left164
07-05 21:51:52.973 I/CurrentCarouselView(10924): onCarouseControlCarouselControlBean{mShoudScroll=true, mActivityHasResume=false, mActivityHasStop=false, mHasTurnGone=false, mHasTurnVisible=false, mChannelId=-1, mSlideOffset=0.091603056, mShouldSelectCenter=false, mTabOpen=false, mHoriPosStatus=None, mVerPosStatus=None, mLevelStatus=None},isPlayingtrue,channelId=0
07-05 21:51:52.973 I/CurrentCarouselView(10924): is not the current page
07-05 21:51:52.973 I/CurrentCarouselView(10924): do scroll
07-05 21:51:52.973 D/Carousel-CarouselView(10924): smoothScroll.
07-05 21:51:52.973 D/Carousel-CarouselDisplayPlayerLayout(10924): isFullScreen:false
07-05 21:51:52.973 D/TabView (10924): onReceiveSlidingOffset ===>:0.091603056
07-05 21:51:52.977 I/MyFragmentStateAdapter(10924): getCount
07-05 21:51:52.982 D/Carousel-CarouselDisplayPlayerLayout(10924): x=392, y=167,w=892,h=536, hashCode=106445692
07-05 21:51:52.982 D/Carousel-CarouselDisplayPlayerLayout(10924): mX=417, mY=167,mWitdh=892,mHeight=536, hashCode=106445692
07-05 21:51:52.982 D/Carousel-CarouselDisplayPlayerLayout(10924): changed=true, hashCode=106445692
07-05 21:51:52.983 D/Carousel-Utils(10924): x=392,y=167, width=892,height=536
07-05 21:51:52.991 E/hwcomposer( 1204): Overlay 0 size changeed src {1920 1080} -> {1920, 1080} crop{0.000000 0.000000 1920.000000 1080.000000}->{0.000000 0.000000 1920.000000 1080.000000} dst{549 205 1365 665}->{455 205 1271 665}
07-05 21:51:53.000 D/MSTAR_VDEC_DBG( 1206): Stream ID: 0, Rate : 24 (E:0,D:0,S:0,F:69) 
07-05 21:51:53.014 D/Carousel-CarouselDisplayPlayerLayout(10924): x=392, y=167,w=892,h=536, hashCode=106445692
07-05 21:51:53.014 D/Carousel-CarouselDisplayPlayerLayout(10924): mX=392, mY=167,mWitdh=892,mHeight=536, hashCode=106445692
07-05 21:51:53.014 D/Carousel-CarouselDisplayPlayerLayout(10924): changed=false, hashCode=106445692
07-05 21:51:53.014 D/Carousel-CarouselDisplayPlayerLayout(10924): extraTryCount=0
07-05 21:51:53.015 I/Carousel-UrlVideoView(10924): onMeasure(MeasureSpec: EXACTLY 816, MeasureSpec: EXACTLY 460)
07-05 21:51:53.015 D/Carousel-UrlVideoView(10924): widthSpecMode=1073741824
07-05 21:51:53.015 D/Carousel-UrlVideoView(10924): heightSpecMode=1073741824
07-05 21:51:53.015 D/Carousel-UrlVideoView(10924): widthSpecSize=816
07-05 21:51:53.015 D/Carousel-UrlVideoView(10924): heightSpecSize=460
07-05 21:51:53.015 I/Carousel-UrlVideoView(10924): onMeasure(MeasureSpec: EXACTLY 816, MeasureSpec: EXACTLY 460)
07-05 21:51:53.015 D/Carousel-UrlVideoView(10924): widthSpecMode=1073741824
07-05 21:51:53.015 D/Carousel-UrlVideoView(10924): heightSpecMode=1073741824
07-05 21:51:53.015 D/Carousel-UrlVideoView(10924): widthSpecSize=816
07-05 21:51:53.015 D/Carousel-UrlVideoView(10924): heightSpecSize=460
07-05 21:51:53.015 I/SurfaceView(10924): Changes: creating=false format=false size=false visible=false left=true top=false
07-05 21:51:53.015 I/SurfaceView(10924): Cur surface: Surface(name=null)/@0x89ea698
07-05 21:51:53.016 D/Surface ( 1733): onStatusChange() : mNativeObject = 547942742528 mUseImageHwRender = false
07-05 21:51:53.016 V/Surface ( 1733): nativeSetHardwareRender() : status = 0
07-05 21:51:53.016 V/Surface ( 1733): nativeSetHardwareRender() : end
07-05 21:51:53.019 D/PowerManagerService( 1733): setScreenBrightnessOverrideFromWindowManagerInternal done
07-05 21:51:53.021 D/Surface ( 1733): onStatusChange() : mNativeObject = 0 mUseImageHwRender = false
07-05 21:51:53.022 D/Surface (10924): onStatusChange() : mNativeObject = -530829568 mUseImageHwRender = false
07-05 21:51:53.022 V/Surface (10924): nativeSetHardwareRender() : status = 0
07-05 21:51:53.022 V/Surface (10924): nativeSetHardwareRender() : end
07-05 21:51:53.022 I/SurfaceView(10924): New surface: Surface(name=null)/@0x33df6ef1, vis=true, frame=Rect(430, 205 - 1246, 665)
07-05 21:51:53.022 D/Surface (10924): onStatusChange() : mNativeObject = 0 mUseImageHwRender = false
07-05 21:51:53.022 D/Surface (10924): onStatusChange() : mNativeObject = -530829568 mUseImageHwRender = false
07-05 21:51:53.022 V/Surface (10924): nativeSetHardwareRender() : status = 0
07-05 21:51:53.022 V/Surface (10924): nativeSetHardwareRender() : end
07-05 21:51:53.023 V/SurfaceView(10924): Layout: x=430 y=205 w=816 h=460, frame=Rect(0, 0 - 816, 460)
07-05 21:51:53.028 I/MainHomeView(10924): onPanelSlide0.03816794---left157
07-05 21:51:53.028 I/CurrentCarouselView(10924): onCarouseControlCarouselControlBean{mShoudScroll=true, mActivityHasResume=false, mActivityHasStop=false, mHasTurnGone=false, mHasTurnVisible=false, mChannelId=-1, mSlideOffset=0.03816794, mShouldSelectCenter=false, mTabOpen=false, mHoriPosStatus=None, mVerPosStatus=None, mLevelStatus=None},isPlayingtrue,channelId=0
07-05 21:51:53.029 I/CurrentCarouselView(10924): is not the current page
07-05 21:51:53.029 I/CurrentCarouselView(10924): do scroll
07-05 21:51:53.029 D/Carousel-CarouselView(10924): smoothScroll.
07-05 21:51:53.029 D/Carousel-CarouselDisplayPlayerLayout(10924): isFullScreen:false
07-05 21:51:53.029 D/TabView (10924): onReceiveSlidingOffset ===>:0.03816794
07-05 21:51:53.031 D/Carousel-CarouselDisplayPlayerLayout(10924): x=385, y=167,w=892,h=536, hashCode=106445692
07-05 21:51:53.031 D/Carousel-CarouselDisplayPlayerLayout(10924): mX=392, mY=167,mWitdh=892,mHeight=536, hashCode=106445692
07-05 21:51:53.031 D/Carousel-CarouselDisplayPlayerLayout(10924): changed=true, hashCode=106445692
07-05 21:51:53.031 D/Carousel-Utils(10924): x=385,y=167, width=892,height=536
07-05 21:51:53.031 D/Carousel-CarouselDisplayPlayerLayout(10924): x=385, y=167,w=892,h=536, hashCode=106445692
07-05 21:51:53.032 D/Carousel-CarouselDisplayPlayerLayout(10924): mX=385, mY=167,mWitdh=892,mHeight=536, hashCode=106445692
07-05 21:51:53.032 D/Carousel-CarouselDisplayPlayerLayout(10924): changed=false, hashCode=106445692
07-05 21:51:53.032 D/Carousel-CarouselDisplayPlayerLayout(10924): extraTryCount=0
07-05 21:51:53.032 D/Carousel-CarouselDisplayPlayerLayout(10924): x=385, y=167,w=892,h=536, hashCode=106445692
07-05 21:51:53.032 D/Carousel-CarouselDisplayPlayerLayout(10924): mX=385, mY=167,mWitdh=892,mHeight=536, hashCode=106445692
07-05 21:51:53.032 D/Carousel-CarouselDisplayPlayerLayout(10924): changed=false, hashCode=106445692
07-05 21:51:53.032 D/Carousel-CarouselDisplayPlayerLayout(10924): extraTryCount=1
07-05 21:51:53.037 D/Carousel-CarouselDisplayPlayerLayout(10924): x=385, y=167,w=892,h=536, hashCode=106445692
07-05 21:51:53.037 D/Carousel-CarouselDisplayPlayerLayout(10924): mX=385, mY=167,mWitdh=892,mHeight=536, hashCode=106445692
07-05 21:51:53.037 D/Carousel-CarouselDisplayPlayerLayout(10924): changed=false, hashCode=106445692
07-05 21:51:53.037 D/Carousel-CarouselDisplayPlayerLayout(10924): extraTryCount=2
07-05 21:51:53.042 E/hwcomposer( 1204): Overlay 0 size changeed src {1920 1080} -> {1920, 1080} crop{0.000000 0.000000 1920.000000 1080.000000}->{0.000000 0.000000 1920.000000 1080.000000} dst{455 205 1271 665}->{430 205 1246 665}
07-05 21:51:53.042 I/Carousel-UrlVideoView(10924): onMeasure(MeasureSpec: EXACTLY 816, MeasureSpec: EXACTLY 460)
07-05 21:51:53.042 D/Carousel-UrlVideoView(10924): widthSpecMode=1073741824
07-05 21:51:53.042 D/Carousel-UrlVideoView(10924): heightSpecMode=1073741824
07-05 21:51:53.042 D/Carousel-UrlVideoView(10924): widthSpecSize=816
07-05 21:51:53.042 D/Carousel-UrlVideoView(10924): heightSpecSize=460
07-05 21:51:53.042 I/Carousel-UrlVideoView(10924): onMeasure(MeasureSpec: EXACTLY 816, MeasureSpec: EXACTLY 460)
07-05 21:51:53.042 D/Carousel-UrlVideoView(10924): widthSpecMode=1073741824
07-05 21:51:53.042 D/Carousel-UrlVideoView(10924): heightSpecMode=1073741824
07-05 21:51:53.042 D/Carousel-UrlVideoView(10924): widthSpecSize=816
07-05 21:51:53.042 D/Carousel-UrlVideoView(10924): heightSpecSize=460
07-05 21:51:53.042 I/SurfaceView(10924): Changes: creating=false format=false size=false visible=false left=true top=false
07-05 21:51:53.043 I/SurfaceView(10924): Cur surface: Surface(name=null)/@0x89ea698
07-05 21:51:53.044 D/Surface ( 1733): onStatusChange() : mNativeObject = 547942742528 mUseImageHwRender = false
07-05 21:51:53.044 V/Surface ( 1733): nativeSetHardwareRender() : status = 0
07-05 21:51:53.044 V/Surface ( 1733): nativeSetHardwareRender() : end
07-05 21:51:53.048 D/PowerManagerService( 1733): setScreenBrightnessOverrideFromWindowManagerInternal done
07-05 21:51:53.050 D/Surface ( 1733): onStatusChange() : mNativeObject = 0 mUseImageHwRender = false
07-05 21:51:53.051 D/Surface (10924): onStatusChange() : mNativeObject = -530827776 mUseImageHwRender = false
07-05 21:51:53.051 V/Surface (10924): nativeSetHardwareRender() : status = 0
07-05 21:51:53.051 V/Surface (10924): nativeSetHardwareRender() : end
07-05 21:51:53.051 I/SurfaceView(10924): New surface: Surface(name=null)/@0x33df6ef1, vis=true, frame=Rect(423, 205 - 1239, 665)
07-05 21:51:53.051 D/Surface (10924): onStatusChange() : mNativeObject = 0 mUseImageHwRender = false
07-05 21:51:53.051 D/Surface (10924): onStatusChange() : mNativeObject = -530827776 mUseImageHwRender = false
07-05 21:51:53.051 V/Surface (10924): nativeSetHardwareRender() : status = 0
07-05 21:51:53.051 V/Surface (10924): nativeSetHardwareRender() : end
07-05 21:51:53.052 V/SurfaceView(10924): Layout: x=423 y=205 w=816 h=460, frame=Rect(0, 0 - 816, 460)
07-05 21:51:53.054 I/MainHomeView(10924): onPanelSlide0.022900764---left155
07-05 21:51:53.054 I/CurrentCarouselView(10924): onCarouseControlCarouselControlBean{mShoudScroll=true, mActivityHasResume=false, mActivityHasStop=false, mHasTurnGone=false, mHasTurnVisible=false, mChannelId=-1, mSlideOffset=0.022900764, mShouldSelectCenter=false, mTabOpen=false, mHoriPosStatus=None, mVerPosStatus=None, mLevelStatus=None},isPlayingtrue,channelId=0
07-05 21:51:53.054 I/CurrentCarouselView(10924): is not the current page
07-05 21:51:53.054 I/CurrentCarouselView(10924): do scroll
07-05 21:51:53.054 D/Carousel-CarouselView(10924): smoothScroll.
07-05 21:51:53.054 D/Carousel-CarouselDisplayPlayerLayout(10924): isFullScreen:false
07-05 21:51:53.054 D/TabView (10924): onReceiveSlidingOffset ===>:0.022900764
07-05 21:51:53.058 D/Carousel-CarouselDisplayPlayerLayout(10924): x=383, y=167,w=892,h=536, hashCode=106445692
07-05 21:51:53.058 D/Carousel-CarouselDisplayPlayerLayout(10924): mX=385, mY=167,mWitdh=892,mHeight=536, hashCode=106445692
07-05 21:51:53.058 D/Carousel-CarouselDisplayPlayerLayout(10924): changed=true, hashCode=106445692
07-05 21:51:53.059 D/Carousel-Utils(10924): x=383,y=167, width=892,height=536
07-05 21:51:53.059 D/Carousel-CarouselDisplayPlayerLayout(10924): x=383, y=167,w=892,h=536, hashCode=106445692
07-05 21:51:53.059 D/Carousel-CarouselDisplayPlayerLayout(10924): mX=383, mY=167,mWitdh=892,mHeight=536, hashCode=106445692
07-05 21:51:53.059 D/Carousel-CarouselDisplayPlayerLayout(10924): changed=false, hashCode=106445692
07-05 21:51:53.059 D/Carousel-CarouselDisplayPlayerLayout(10924): extraTryCount=0
07-05 21:51:53.059 D/Carousel-CarouselDisplayPlayerLayout(10924): x=383, y=167,w=892,h=536, hashCode=106445692
07-05 21:51:53.059 D/Carousel-CarouselDisplayPlayerLayout(10924): mX=383, mY=167,mWitdh=892,mHeight=536, hashCode=106445692
07-05 21:51:53.059 D/Carousel-CarouselDisplayPlayerLayout(10924): changed=false, hashCode=106445692
07-05 21:51:53.059 D/Carousel-CarouselDisplayPlayerLayout(10924): extraTryCount=1
07-05 21:51:53.059 D/Carousel-CarouselDisplayPlayerLayout(10924): x=383, y=167,w=892,h=536, hashCode=106445692
07-05 21:51:53.059 D/Carousel-CarouselDisplayPlayerLayout(10924): mX=383, mY=167,mWitdh=892,mHeight=536, hashCode=106445692
07-05 21:51:53.059 D/Carousel-CarouselDisplayPlayerLayout(10924): changed=false, hashCode=106445692
07-05 21:51:53.059 D/Carousel-CarouselDisplayPlayerLayout(10924): extraTryCount=2
07-05 21:51:53.059 D/Carousel-CarouselDisplayPlayerLayout(10924): x=383, y=167,w=892,h=536, hashCode=106445692
07-05 21:51:53.059 D/Carousel-CarouselDisplayPlayerLayout(10924): mX=383, mY=167,mWitdh=892,mHeight=536, hashCode=106445692
07-05 21:51:53.059 D/Carousel-CarouselDisplayPlayerLayout(10924): changed=false, hashCode=106445692
07-05 21:51:53.059 D/Carousel-CarouselDisplayPlayerLayout(10924): extraTryCount=3
07-05 21:51:53.062 I/Carousel-UrlVideoView(10924): onMeasure(MeasureSpec: EXACTLY 816, MeasureSpec: EXACTLY 460)
07-05 21:51:53.062 D/Carousel-UrlVideoView(10924): widthSpecMode=1073741824
07-05 21:51:53.062 D/Carousel-UrlVideoView(10924): heightSpecMode=1073741824
07-05 21:51:53.062 D/Carousel-UrlVideoView(10924): widthSpecSize=816
07-05 21:51:53.062 D/Carousel-UrlVideoView(10924): heightSpecSize=460
07-05 21:51:53.062 I/Carousel-UrlVideoView(10924): onMeasure(MeasureSpec: EXACTLY 816, MeasureSpec: EXACTLY 460)
07-05 21:51:53.062 D/Carousel-UrlVideoView(10924): widthSpecMode=1073741824
07-05 21:51:53.062 D/Carousel-UrlVideoView(10924): heightSpecMode=1073741824
07-05 21:51:53.062 D/Carousel-UrlVideoView(10924): widthSpecSize=816
07-05 21:51:53.062 D/Carousel-UrlVideoView(10924): heightSpecSize=460
07-05 21:51:53.062 I/SurfaceView(10924): Changes: creating=false format=false size=false visible=false left=true top=false
07-05 21:51:53.063 I/SurfaceView(10924): Cur surface: Surface(name=null)/@0x89ea698
07-05 21:51:53.064 D/Surface ( 1733): onStatusChange() : mNativeObject = 547942742528 mUseImageHwRender = false
07-05 21:51:53.064 V/Surface ( 1733): nativeSetHardwareRender() : status = 0
07-05 21:51:53.064 V/Surface ( 1733): nativeSetHardwareRender() : end
07-05 21:51:53.068 D/PowerManagerService( 1733): setScreenBrightnessOverrideFromWindowManagerInternal done
07-05 21:51:53.070 D/Surface ( 1733): onStatusChange() : mNativeObject = 0 mUseImageHwRender = false
07-05 21:51:53.071 D/Surface (10924): onStatusChange() : mNativeObject = -530829568 mUseImageHwRender = false
07-05 21:51:53.071 V/Surface (10924): nativeSetHardwareRender() : status = 0
07-05 21:51:53.071 V/Surface (10924): nativeSetHardwareRender() : end
07-05 21:51:53.071 I/SurfaceView(10924): New surface: Surface(name=null)/@0x33df6ef1, vis=true, frame=Rect(421, 205 - 1237, 665)
07-05 21:51:53.071 D/Surface (10924): onStatusChange() : mNativeObject = 0 mUseImageHwRender = false
07-05 21:51:53.071 D/Surface (10924): onStatusChange() : mNativeObject = -530829568 mUseImageHwRender = false
07-05 21:51:53.071 V/Surface (10924): nativeSetHardwareRender() : status = 0
07-05 21:51:53.071 V/Surface (10924): nativeSetHardwareRender() : end
07-05 21:51:53.072 V/SurfaceView(10924): Layout: x=421 y=205 w=816 h=460, frame=Rect(0, 0 - 816, 460)
07-05 21:51:53.075 E/hwcomposer( 1204): Overlay 0 size changeed src {1920 1080} -> {1920, 1080} crop{0.000000 0.000000 1920.000000 1080.000000}->{0.000000 0.000000 1920.000000 1080.000000} dst{430 205 1246 665}->{423 205 1239 665}
07-05 21:51:53.078 I/MainHomeView(10924): onPanelSlide0.015267176---left154
07-05 21:51:53.079 I/CurrentCarouselView(10924): onCarouseControlCarouselControlBean{mShoudScroll=true, mActivityHasResume=false, mActivityHasStop=false, mHasTurnGone=false, mHasTurnVisible=false, mChannelId=-1, mSlideOffset=0.015267176, mShouldSelectCenter=false, mTabOpen=false, mHoriPosStatus=None, mVerPosStatus=None, mLevelStatus=None},isPlayingtrue,channelId=0
07-05 21:51:53.079 I/CurrentCarouselView(10924): is not the current page
07-05 21:51:53.079 I/CurrentCarouselView(10924): do scroll
07-05 21:51:53.079 D/Carousel-CarouselView(10924): smoothScroll.
07-05 21:51:53.079 D/Carousel-CarouselDisplayPlayerLayout(10924): isFullScreen:false
07-05 21:51:53.079 D/TabView (10924): onReceiveSlidingOffset ===>:0.015267176
07-05 21:51:53.088 D/Carousel-CarouselDisplayPlayerLayout(10924): x=382, y=167,w=892,h=536, hashCode=106445692
07-05 21:51:53.088 D/Carousel-CarouselDisplayPlayerLayout(10924): mX=383, mY=167,mWitdh=892,mHeight=536, hashCode=106445692
07-05 21:51:53.088 D/Carousel-CarouselDisplayPlayerLayout(10924): changed=true, hashCode=106445692
07-05 21:51:53.088 D/Carousel-Utils(10924): x=382,y=167, width=892,height=536
07-05 21:51:53.088 D/Carousel-CarouselDisplayPlayerLayout(10924): x=382, y=167,w=892,h=536, hashCode=106445692
07-05 21:51:53.088 D/Carousel-CarouselDisplayPlayerLayout(10924): mX=382, mY=167,mWitdh=892,mHeight=536, hashCode=106445692
07-05 21:51:53.088 D/Carousel-CarouselDisplayPlayerLayout(10924): changed=false, hashCode=106445692
07-05 21:51:53.088 D/Carousel-CarouselDisplayPlayerLayout(10924): extraTryCount=0
07-05 21:51:53.089 D/Carousel-CarouselDisplayPlayerLayout(10924): x=382, y=167,w=892,h=536, hashCode=106445692
07-05 21:51:53.089 D/Carousel-CarouselDisplayPlayerLayout(10924): mX=382, mY=167,mWitdh=892,mHeight=536, hashCode=106445692
07-05 21:51:53.089 D/Carousel-CarouselDisplayPlayerLayout(10924): changed=false, hashCode=106445692
07-05 21:51:53.089 D/Carousel-CarouselDisplayPlayerLayout(10924): extraTryCount=1
07-05 21:51:53.089 D/Carousel-CarouselDisplayPlayerLayout(10924): x=382, y=167,w=892,h=536, hashCode=106445692
07-05 21:51:53.089 D/Carousel-CarouselDisplayPlayerLayout(10924): mX=382, mY=167,mWitdh=892,mHeight=536, hashCode=106445692
07-05 21:51:53.089 D/Carousel-CarouselDisplayPlayerLayout(10924): changed=false, hashCode=106445692
07-05 21:51:53.089 D/Carousel-CarouselDisplayPlayerLayout(10924): extraTryCount=2
07-05 21:51:53.089 D/Carousel-CarouselDisplayPlayerLayout(10924): x=382, y=167,w=892,h=536, hashCode=106445692
07-05 21:51:53.089 D/Carousel-CarouselDisplayPlayerLayout(10924): mX=382, mY=167,mWitdh=892,mHeight=536, hashCode=106445692
07-05 21:51:53.089 D/Carousel-CarouselDisplayPlayerLayout(10924): changed=false, hashCode=106445692
07-05 21:51:53.089 D/Carousel-CarouselDisplayPlayerLayout(10924): extraTryCount=3
07-05 21:51:53.089 D/Carousel-CarouselDisplayPlayerLayout(10924): x=382, y=167,w=892,h=536, hashCode=106445692
07-05 21:51:53.089 D/Carousel-CarouselDisplayPlayerLayout(10924): mX=382, mY=167,mWitdh=892,mHeight=536, hashCode=106445692
07-05 21:51:53.089 D/Carousel-CarouselDisplayPlayerLayout(10924): changed=false, hashCode=106445692
07-05 21:51:53.089 D/Carousel-CarouselDisplayPlayerLayout(10924): extraTryCount=4
07-05 21:51:53.091 I/Carousel-UrlVideoView(10924): onMeasure(MeasureSpec: EXACTLY 816, MeasureSpec: EXACTLY 460)
07-05 21:51:53.091 D/Carousel-UrlVideoView(10924): widthSpecMode=1073741824
07-05 21:51:53.091 D/Carousel-UrlVideoView(10924): heightSpecMode=1073741824
07-05 21:51:53.091 D/Carousel-UrlVideoView(10924): widthSpecSize=816
07-05 21:51:53.091 D/Carousel-UrlVideoView(10924): heightSpecSize=460
07-05 21:51:53.091 I/Carousel-UrlVideoView(10924): onMeasure(MeasureSpec: EXACTLY 816, MeasureSpec: EXACTLY 460)
07-05 21:51:53.092 D/Carousel-UrlVideoView(10924): widthSpecMode=1073741824
07-05 21:51:53.092 D/Carousel-UrlVideoView(10924): heightSpecMode=1073741824
07-05 21:51:53.092 D/Carousel-UrlVideoView(10924): widthSpecSize=816
07-05 21:51:53.092 D/Carousel-UrlVideoView(10924): heightSpecSize=460
07-05 21:51:53.092 I/SurfaceView(10924): Changes: creating=false format=false size=false visible=false left=true top=false
