07-05 22:17:48.419 W/System.err(25214): 	at com.hisense.hitv.hicloud.util.ExceptionReport$1.run(ExceptionReport.java:83)
07-05 22:17:48.419 W/System.err(25214): 	at java.lang.Thread.run(Thread.java:818)
07-05 22:17:48.419 W/System.err(25214): Caused by: android.system.ErrnoException: isConnected failed: ECONNREFUSED (Connection refused)
07-05 22:17:48.419 W/System.err(25214): 	at libcore.io.IoBridge.isConnected(IoBridge.java:223)
07-05 22:17:48.419 W/System.err(25214): 	... 15 more
07-05 22:17:48.422 I/EntryLogic(25214): setmasterviews
07-05 22:17:48.422 I/CacheUtil(25214): initCache
07-05 22:17:48.422 I/CacheUtil(25214): putSelectionBean() 0
07-05 22:17:48.422 I/CacheUtil(25214): put() 0
07-05 22:17:48.422 I/CacheUtil(25214): save time=13109
07-05 22:17:48.422 I/BaseApplication(25214): BaseApplication.mDefinitionData == [{"definitionId": 11,"definitionName": ""},{"definitionId": 21,"definitionName": ""},{"definitionId": 31,"definitionName": ""}]
07-05 22:17:48.422 D/BaseApplication(25214): quality =====from server :  {"definition_0" : 11,  "definition_1" : 21, "definition_1052": 21}
07-05 22:17:48.423 D/BaseApplication(25214): quality====from shared :  0
07-05 22:17:48.423 D/BaseApplication(25214): saveInitDatas,sTrailerEnable:1
07-05 22:17:48.523 I/NetflixMonitorService( 1733): current fgapk : com.hisense.hicloud.edca
07-05 22:17:48.523 I/NetflixMonitorService( 1733): Netflix status unchanged
07-05 22:17:48.569 I/MiSysSrv( 1214): [37m[INFO] Change to Voltage: 102 mv (0x23)[m
07-05 22:17:48.626 D/TaskPersister( 1733): removeObsoleteFile: deleting file=4980_task.xml
07-05 22:17:48.627 D/TaskPersister( 1733): removeObsoleteFile: deleting file=4980_task_thumbnail.png
07-05 22:17:48.646 I/art     (25179): Background concurrent mark sweep GC freed 87236(4MB) AllocSpace objects, 1(20KB) LOS objects, 68% free, 472KB/1496KB, paused 840us total 517.073ms
07-05 22:17:48.651 D/BaseApplication(25214): home_vip_poster:http://picture.edu.hismarttv.com/images/
07-05 22:17:48.653 D/EntryLogic(25214): requestVipInfo(): urlhttp://api.edu.hismarttv.com/payment/api/purchased/vip/iconInfo
07-05 22:17:48.654 I/HttpDnsUtils(25214): getVipInfo(): http://api.edu.hismarttv.com/payment/api/purchased/vip/iconInfo
07-05 22:17:48.655 I/EntryLogic(25214): mRefreshLastChannel
07-05 22:17:48.655 E/BaseApplication(25214): mSignonInfo.getSignonFlag() == 0mSignonInfo.getName() == null
07-05 22:17:48.656 V/PackageManager( 1733): getPackageInfo com.hisense.hitv.hicloud.account: Package{f28cbb com.hisense.hitv.hicloud.account}
07-05 22:17:48.656 I/FileInstallUntils(25214): checkAccountApp----packageName==com.hisense.hitv.hicloud.account-versionName==4.00.3.6.0-versionCode==1030
07-05 22:17:48.657 I/HttpDnsUtils(25214): getIfShowChannelChoose--url==http://api.edu.hismarttv.com/usercenter/api/tag_selected
07-05 22:17:48.658 D/til@system( 2026): til_get_system_param option:1000007 int:-1936522368, bool:128, ret:0
07-05 22:17:48.661 D/til@system( 2026): til_get_system_param option:1000009 int:-1936525184, bool:128, ret:0
07-05 22:17:48.663 D/til@system( 2026): til_get_system_param option:1000008 int:-1936522112, bool:128, ret:0
07-05 22:17:48.664 D/HttpBuilder(25214): getOperationDetail-productName : LED50MU8600UC
07-05 22:17:48.664 D/HttpBuilder(25214): getOperationDetail-plmNumber : 88888
07-05 22:17:48.664 D/HttpBuilder(25214): getOperationDetail-swVersion : V0000.00.01A
07-05 22:17:48.664 D/HttpBuilder(25214): getOperationDetail-operationDetail : LED50MU8600UC0000888
07-05 22:17:48.671 D/til@system( 2026): til_get_system_param option:1000007 int:-1815633792, bool:128, ret:0
07-05 22:17:48.705 I/HttpBuilder(25214): addUrlPublicParams mUrl ==>http://api.edu.hismarttv.com/usercenter/api/tag_selected?uuid=13287129&mac=a8:a6:48:18:fc:a8&devid=86100300900000500000060a4818fca8&version=00.002.003&subscriberId=13287129&customerId=7195320&model_id=0&APPPackage=com.hisense.hicloud.edca&PFAPPCode=652&APPVersionName=3.0.0.9.00&ChannelId=0&softwareVersion=LED50MU8600UC0000888&tv_distribute_id=00&devType=0&APIVersion=600&accessToken=72DF6038D2AEAB8A76DFBBBBCC428A4A_004241057862883
07-05 22:17:48.707 I/EntryLogic(25214): getIfShowChannelChoose false
07-05 22:17:48.707 D/HttpHandler(25214): VerifySignInterCeptor-->request.url()=http://api.edu.hismarttv.com/usercenter/api/tag_selected?uuid=13287129&mac=a8:a6:48:18:fc:a8&devid=86100300900000500000060a4818fca8&version=00.002.003&subscriberId=13287129&customerId=7195320&model_id=0&APPPackage=com.hisense.hicloud.edca&PFAPPCode=652&APPVersionName=3.0.0.9.00&ChannelId=0&softwareVersion=LED50MU8600UC0000888&tv_distribute_id=00&devType=0&APIVersion=600&accessToken=72DF6038D2AEAB8A76DFBBBBCC428A4A_004241057862883
07-05 22:17:48.707 D/HttpHandler(25214): VerifySignInterCeptor-->hostname=api.edu.hismarttv.com
07-05 22:17:48.709 D/HttpHandler(25214): HttpDNS-->hostname=api.edu.hismarttv.com
07-05 22:17:48.711 I/TVMW@HsTvSetting( 1234): Trace cmd, data = 0x1058
07-05 22:17:48.711 D/til@system( 2026): til_get_system_param option:100002F int:0, bool:0, ret:0
07-05 22:17:48.711 I/TVMW@HsTvSetting( 1234): Trace cmd, data = 0x101f
07-05 22:17:48.711 D/til@system( 2026): til_get_system_param option:100001D int:3, bool:3, ret:0
07-05 22:17:48.712 E/til     ( 2026): [til_get_current_input_source, 101] 
07-05 22:17:48.712 I/TVMW@HsTvSetting( 1234): Trace cmd, data = 0x7007
07-05 22:17:48.712 I/tilwrapper@sm( 2026): HS2TIL_SourceType *hs=0xd, *til=0x900
07-05 22:17:48.712 D/til     ( 2026): get current source 2304
07-05 22:17:48.712 D/SourceRemoteServiceHandler( 2026): getCurrentInputSource.from.til.result is 0, value is 2304
07-05 22:17:48.712 D/SourceRemoteServiceHandler( 2026): getInputSourceType source: 0x900, type=2304
07-05 22:17:48.712 D/til     ( 2026): ###### func:til_get_picture_param option:0x3000006 ######  
07-05 22:17:48.712 I/TVMW@HsTvSetting( 1234): Trace cmd, data = 0x1003
07-05 22:17:48.713 I/TVMW@HsTvSetting( 1234): Trace cmd, data = 0x8032
07-05 22:17:48.713 I/hstvos  ( 1216): [0m[1;33m[HSHAL][HS_VIDEO][HS_HAL_Video_SetOsdDetect_v2][2389]u16Threshold = 20
07-05 22:17:48.713 I/MiSysSrv( 1214): Not support now! 42, change to mm_video!!!
07-05 22:17:48.720 E/TVMW@videoctrl( 1234):  getOsd is 1
07-05 22:17:48.721 D/til@system( 2026): til_get_system_param option:1000027 int:1, bool:1, ret:0
07-05 22:17:48.721 D/til     ( 2026): ###### func:til_get_picture_param option:0x3000045 ######  
07-05 22:17:48.721 I/TVMW@HsTvSetting( 1234): Trace cmd, data = 0x300c
07-05 22:17:48.721 I/TVMW@HsTvSetting( 1234): Trace 3d, data = 0x300c
07-05 22:17:48.721 I/TVMW@3d ( 1234): Hs_debug3d_trace: func:get3dStatus, line:109
07-05 22:17:48.731 D/til@system( 2026): til_get_system_param option:1000009 int:-1815632896, bool:0, ret:0
07-05 22:17:48.737 D/HttpHandler(25214): RAMCache-->hostInfo.getClientTimeStamp()=13109049
07-05 22:17:48.737 D/HttpHandler(25214): RAMCache-->hostInfo.getTtl()=3600
07-05 22:17:48.737 D/HttpHandler(25214): RAMCache-->SystemClock.elapsedRealtime()=13110308
07-05 22:17:48.744 D/HttpHandler(25214): DNSHelper-->gslbDns=["123.103.91.123"]
07-05 22:17:48.745 D/til@system( 2026): til_get_system_param option:1000008 int:-1815634176, bool:0, ret:0
07-05 22:17:48.747 D/HttpBuilder(25214): getOperationDetail-productName : LED50MU8600UC
07-05 22:17:48.747 D/HttpBuilder(25214): getOperationDetail-plmNumber : 88888
07-05 22:17:48.747 D/HttpBuilder(25214): getOperationDetail-swVersion : V0000.00.01A
07-05 22:17:48.748 D/HttpBuilder(25214): getOperationDetail-operationDetail : LED50MU8600UC0000888
07-05 22:17:48.771 I/MiSysSrv( 1214): [37m[INFO] Change to Voltage: 117 mv (0x32)[m
07-05 22:17:48.790 D/OkHttp  (25214): --> GET http://api.edu.hismarttv.com/usercenter/api/tag_selected?uuid=13287129&mac=a8:a6:48:18:fc:a8&devid=86100300900000500000060a4818fca8&version=00.002.003&subscriberId=13287129&customerId=7195320&model_id=0&APPPackage=com.hisense.hicloud.edca&PFAPPCode=652&APPVersionName=3.0.0.9.00&ChannelId=0&softwareVersion=LED50MU8600UC0000888&tv_distribute_id=00&devType=0&APIVersion=600&accessToken=72DF6038D2AEAB8A76DFBBBBCC428A4A_004241057862883 http/1.1
07-05 22:17:48.801 D/OkHttp  (25214): Data_Type: JSON
07-05 22:17:48.801 D/OkHttp  (25214): RetryTime: 0
07-05 22:17:48.801 D/OkHttp  (25214): Backoffmutiplier: 0
07-05 22:17:48.801 D/OkHttp  (25214): Host: api.edu.hismarttv.com
07-05 22:17:48.801 D/OkHttp  (25214): Connection: Keep-Alive
07-05 22:17:48.801 D/OkHttp  (25214): Accept-Encoding: gzip
07-05 22:17:48.801 D/OkHttp  (25214): User-Agent: okhttp/3.6.0
07-05 22:17:48.801 D/OkHttp  (25214): --> END GET
07-05 22:17:48.828 I/HttpBuilder(25214): addUrlPublicParams mUrl ==>http://api.edu.hismarttv.com/payment/api/purchased/vip/iconInfo?uuid=13287129&mac=a8:a6:48:18:fc:a8&devid=86100300900000500000060a4818fca8&version=00.002.003&subscriberId=13287129&customerId=7195320&model_id=0&APPPackage=com.hisense.hicloud.edca&PFAPPCode=652&APPVersionName=3.0.0.9.00&ChannelId=0&softwareVersion=LED50MU8600UC0000888&tv_distribute_id=00&devType=0&APIVersion=600&accessToken=72DF6038D2AEAB8A76DFBBBBCC428A4A_004241057862883
07-05 22:17:48.833 D/OkHttp  (25214): <-- 200 OK http://api.edu.hismarttv.com/usercenter/api/tag_selected?uuid=13287129&mac=a8:a6:48:18:fc:a8&devid=86100300900000500000060a4818fca8&version=00.002.003&subscriberId=13287129&customerId=7195320&model_id=0&APPPackage=com.hisense.hicloud.edca&PFAPPCode=652&APPVersionName=3.0.0.9.00&ChannelId=0&softwareVersion=LED50MU8600UC0000888&tv_distribute_id=00&devType=0&APIVersion=600&accessToken=72DF6038D2AEAB8A76DFBBBBCC428A4A_004241057862883 (31ms)
07-05 22:17:48.834 D/OkHttp  (25214): Server: nginx
07-05 22:17:48.834 D/OkHttp  (25214): Date: Wed, 05 Jul 2017 14:17:48 GMT
07-05 22:17:48.834 D/OkHttp  (25214): Content-Type: application/json
07-05 22:17:48.834 D/OkHttp  (25214): Content-Length: 200
07-05 22:17:49.587 W/PluginHelper(25214): loadProvider<<(info=PluginInfo(id=pluginplayer, versionName=1.64.0.59984, className=com.qiyi.video.plugin.PluginProvider, path=/data/data/com.hisense.hicloud.edca/files/plugin/2.1.0.59986/pluginplayer/1.64.0.59984/pluginplayer-release-1.64.0.59984.apk, libFolder=/data/data/com.hisense.hicloud.edca/files/plugin/2.1.0.59986/pluginplayer/1.64.0.59984/pluginplayer-release-1.64.0.59984-libs, containSo=true, soFileCount=18, errorCount=0, lastLoadSuccess=true))
07-05 22:17:49.587 W/PluginProviderBuilder(25214): createPluginProviderInstance() begin.
07-05 22:17:49.587 W/PluginDebugUtils(25214): needThrowable<<(key=loadClassFailed)
07-05 22:17:49.587 W/PluginDebugUtils(25214): needThrowable() returns false
07-05 22:17:49.587 W/PluginDebugUtils(25214): needThrowable<<(key=constructorInvisible)
07-05 22:17:49.587 W/PluginDebugUtils(25214): needThrowable() returns false
07-05 22:17:49.587 W/PluginDebugUtils(25214): needThrowable<<(key=instanceFailed)
07-05 22:17:49.587 W/PluginDebugUtils(25214): needThrowable() returns false
07-05 22:17:49.587 W/PluginProviderBuilder(25214): createPluginContext() return com.hisense.hicloud.edca.BaseApplication@2adbac5c/data/data/com.hisense.hicloud.edca/files/plugin/2.1.0.59986/pluginplayer/1.64.0.59984/pluginplayer-release-1.64.0.59984.apk
07-05 22:17:49.587 W/PluginProviderBuilder(25214): createDexClassLoader() begin.
07-05 22:17:49.604 D/SUSLog  (25214): AppUpdateApiImplTag>>sPkgName = com.hisense.hicloud.edca
07-05 22:17:49.604 D/SUSLog  (25214): AppUpdateApiImplTag>>update token = 72DF6038D2AEAB8A76DFBBBBCC428A4A_004241057862883 domainName = 
07-05 22:17:49.605 D/SUSLog  (25214): CheckAppUpdateService>>token=72DF6038D2AEAB8A76DFBBBBCC428A4A_004241057862883domainName=api.hismarttv.cominstallMethod0
07-05 22:17:49.605 D/SUSLog  (25214): CheckAppUpdateService>>token=72DF6038D2AEAB8A76DFBBBBCC428A4A_004241057862883domainName=api.hismarttv.com
07-05 22:17:49.608 D/SUSLog  (25214): CheckAppUpdateService>>startService end
07-05 22:17:49.608 E/BaseFragmentActivity(25214): 
07-05 22:17:49.667 I/TabView (25214): onScroll:,firstItem=0,visibleCount=0,totalCount=0
07-05 22:17:49.688 E/btif_config( 2964): [btif_config_get] node is TRUE!
07-05 22:17:49.688 E/btif_config( 2964): [btif_config_get] ret is TRUE!
07-05 22:17:49.695 I/dex2oat (25309): /system/bin/dex2oat --runtime-arg -classpath --runtime-arg  --instruction-set=arm --instruction-set-features=default --runtime-arg -Xrelocate --boot-image=/system/framework/boot.art --dex-file=/data/data/com.hisense.hicloud.edca/files/plugin/2.1.0.59986/pluginplayer/1.64.0.59984/pluginplayer-release-1.64.0.59984.apk --oat-fd=34 --oat-location=/data/data/com.hisense.hicloud.edca/app_dex/pluginplayer-release-1.64.0.59984.dex --runtime-arg -Xms64m --runtime-arg -Xmx512m
07-05 22:17:49.726 I/TVMW@HsTvSetting( 1234): Trace cmd, data = 0x1058
07-05 22:17:49.726 D/til@system( 2026): til_get_system_param option:100002F int:0, bool:0, ret:0
07-05 22:17:49.726 I/TVMW@HsTvSetting( 1234): Trace cmd, data = 0x101f
07-05 22:17:49.726 D/til@system( 2026): til_get_system_param option:100001D int:3, bool:3, ret:0
07-05 22:17:49.726 E/til     ( 2026): [til_get_current_input_source, 101] 
07-05 22:17:49.726 I/TVMW@HsTvSetting( 1234): Trace cmd, data = 0x7007
07-05 22:17:49.726 I/tilwrapper@sm( 2026): HS2TIL_SourceType *hs=0xd, *til=0x900
07-05 22:17:49.726 D/til     ( 2026): get current source 2304
07-05 22:17:49.726 D/SourceRemoteServiceHandler( 2026): getCurrentInputSource.from.til.result is 0, value is 2304
07-05 22:17:49.726 D/SourceRemoteServiceHandler( 2026): getInputSourceType source: 0x900, type=2304
07-05 22:17:49.726 D/til     ( 2026): ###### func:til_get_picture_param option:0x3000006 ######  
07-05 22:17:49.727 I/TVMW@HsTvSetting( 1234): Trace cmd, data = 0x1003
07-05 22:17:49.727 I/TVMW@HsTvSetting( 1234): Trace cmd, data = 0x8032
07-05 22:17:49.727 E/TVMW@videoctrl( 1234):  getOsd is 1
07-05 22:17:49.727 D/til@system( 2026): til_get_system_param option:1000027 int:1, bool:1, ret:0
07-05 22:17:49.727 I/hstvos  ( 1216): [0m[1;33m[HSHAL][HS_VIDEO][HS_HAL_Video_SetOsdDetect_v2][2389]u16Threshold = 20
07-05 22:17:49.727 I/MiSysSrv( 1214): Not support now! 42, change to mm_video!!!
07-05 22:17:49.728 D/til     ( 2026): ###### func:til_get_picture_param option:0x3000045 ######  
07-05 22:17:49.728 I/TVMW@HsTvSetting( 1234): Trace cmd, data = 0x300c
07-05 22:17:49.728 I/TVMW@HsTvSetting( 1234): Trace 3d, data = 0x300c
07-05 22:17:49.728 I/TVMW@3d ( 1234): Hs_debug3d_trace: func:get3dStatus, line:109
07-05 22:17:49.728 I/MainHomeView(25214): initData
07-05 22:17:49.747 I/art     (25214): Background sticky concurrent mark sweep GC freed 7431(452KB) AllocSpace objects, 0(0B) LOS objects, 0% free, 23MB/23MB, paused 8.483ms total 41.852ms
07-05 22:17:49.747 I/art     (25214): WaitForGcToComplete blocked for 25.073ms for cause HeapTrim
07-05 22:17:49.748 I/MainHomeView(25214): initFiguresByVipInfo() --> vip Figure
07-05 22:17:49.748 D/MainHomeView(25214): listFigures ===>:[com.hisense.sdk.domain.VipInfo$FigureVipInfo@37c5f258, com.hisense.sdk.domain.VipInfo$FigureVipInfo@172f2fb1, com.hisense.sdk.domain.VipInfo$FigureVipInfo@13856c96, com.hisense.sdk.domain.VipInfo$FigureVipInfo@8e92017, com.hisense.sdk.domain.VipInfo$FigureVipInfo@3bd3dc04, com.hisense.sdk.domain.VipInfo$FigureVipInfo@355615ed, com.hisense.sdk.domain.VipInfo$FigureVipInfo@12a3bc22, com.hisense.sdk.domain.VipInfo$FigureVipInfo@3755a6b3]
07-05 22:17:49.749 D/MainHomeView(25214): for (VipInfo.FigureVipInfo) figureVip ID = 1
07-05 22:17:49.749 D/MainHomeView(25214): for (VipInfo.ChannelVipInfo) ChannelId = 6
07-05 22:17:49.749 D/MainHomeView(25214): for (VipInfo.ChannelVipInfo) ChannelId = 14
07-05 22:17:49.749 D/MainHomeView(25214): for (VipInfo.FigureVipInfo) figureVip ID = 2
07-05 22:17:49.749 D/MainHomeView(25214): for (VipInfo.ChannelVipInfo) ChannelId = 22
07-05 22:17:49.749 D/MainHomeView(25214): for (VipInfo.ChannelVipInfo) ChannelId = 23
07-05 22:17:49.749 D/MainHomeView(25214): for (VipInfo.ChannelVipInfo) ChannelId = 24
07-05 22:17:49.749 D/MainHomeView(25214): for (VipInfo.FigureVipInfo) figureVip ID = 3
07-05 22:17:49.749 D/MainHomeView(25214): for (VipInfo.ChannelVipInfo) ChannelId = 28
07-05 22:17:49.749 D/MainHomeView(25214): for (VipInfo.FigureVipInfo) figureVip ID = 4
07-05 22:17:49.749 D/MainHomeView(25214): for (VipInfo.ChannelVipInfo) ChannelId = 16
07-05 22:17:49.749 D/MainHomeView(25214): for (VipInfo.ChannelVipInfo) ChannelId = 17
07-05 22:17:49.749 D/MainHomeView(25214): for (VipInfo.ChannelVipInfo) ChannelId = 18
07-05 22:17:49.749 D/MainHomeView(25214): for (VipInfo.ChannelVipInfo) ChannelId = 19
07-05 22:17:49.749 D/MainHomeView(25214): for (VipInfo.ChannelVipInfo) ChannelId = 20
07-05 22:17:49.749 D/MainHomeView(25214): for (VipInfo.ChannelVipInfo) ChannelId = 21
07-05 22:17:49.749 D/MainHomeView(25214): for (VipInfo.FigureVipInfo) figureVip ID = 5
07-05 22:17:49.749 D/MainHomeView(25214): for (VipInfo.ChannelVipInfo) ChannelId = 25
07-05 22:17:49.749 D/MainHomeView(25214): for (VipInfo.ChannelVipInfo) ChannelId = 26
07-05 22:17:49.749 D/MainHomeView(25214): for (VipInfo.ChannelVipInfo) ChannelId = 27
07-05 22:17:49.749 D/MainHomeView(25214): for (VipInfo.FigureVipInfo) figureVip ID = 6
07-05 22:17:49.749 D/MainHomeView(25214): for (VipInfo.ChannelVipInfo) ChannelId = 15
07-05 22:17:49.749 D/MainHomeView(25214): for (VipInfo.FigureVipInfo) figureVip ID = 7
07-05 22:17:49.749 D/MainHomeView(25214): for (VipInfo.ChannelVipInfo) ChannelId = 29
07-05 22:17:49.750 D/MainHomeView(25214): for (VipInfo.FigureVipInfo) figureVip ID = 9
07-05 22:17:49.750 I/MainHomeView(25214): initFiguresByVipInfo() <-- vip Figure done
07-05 22:17:49.750 D/TabView (25214): setFigureList 
07-05 22:17:49.757 I/MyFragmentStateAdapter(25214): create --
07-05 22:17:49.758 D/SoftFragmentList(25214): clearCacheFragment --
07-05 22:17:49.758 I/MyFragmentStateAdapter(25214): getCount
07-05 22:17:49.758 I/MyFragmentStateAdapter(25214): getCount
07-05 22:17:49.758 I/MyFragmentStateAdapter(25214): getCount
07-05 22:17:49.767 V/HomeMainActivity(25214): getDayOfMonth(mLastShowDialogTime) ==  01  mLastShowDialogTime ==  0
07-05 22:17:49.767 V/HomeMainActivity(25214): getDayOfMonth(System.currentTimeMillis()) ==  65
07-05 22:17:49.802 I/HomeMainActivity(25214): this is LowMemoryConfiguration 
07-05 22:17:49.871 E/btif_config( 2964): [btif_config_get] node is TRUE!
07-05 22:17:49.871 E/btif_config( 2964): [btif_config_get] ret is TRUE!
07-05 22:17:49.900 V/HomeMainActivity(25214): isFirstChooseChannel= true
07-05 22:17:49.900 D/HomeMainActivity(25214): getUserAboutBoughtVipAndLesson!!!!!
07-05 22:17:49.900 E/BaseApplication(25214): mSignonInfo.getSignonFlag() == 0mSignonInfo.getName() == null
07-05 22:17:49.900 V/PackageManager( 1733): getPackageInfo com.hisense.hitv.hicloud.account: Package{f28cbb com.hisense.hitv.hicloud.account}
07-05 22:17:49.901 I/FileInstallUntils(25214): checkAccountApp----packageName==com.hisense.hitv.hicloud.account-versionName==4.00.3.6.0-versionCode==1030
07-05 22:17:49.901 I/HttpDnsUtils(25214): getUserVipInfo URL: http://api.edu.hismarttv.com/payment/api/query/all/member/order
07-05 22:17:49.902 D/til@system( 2026): til_get_system_param option:1000007 int:-1815634176, bool:0, ret:0
07-05 22:17:49.903 D/til@system( 2026): til_get_system_param option:1000009 int:-1936523008, bool:0, ret:0
07-05 22:17:49.904 D/til@system( 2026): til_get_system_param option:1000008 int:-1936522368, bool:128, ret:0
07-05 22:17:49.904 D/HttpBuilder(25214): getOperationDetail-productName : LED50MU8600UC
07-05 22:17:49.904 D/HttpBuilder(25214): getOperationDetail-plmNumber : 88888
07-05 22:17:49.904 D/HttpBuilder(25214): getOperationDetail-swVersion : V0000.00.01A
07-05 22:17:49.904 D/HttpBuilder(25214): getOperationDetail-operationDetail : LED50MU8600UC0000888
07-05 22:17:49.944 I/HttpBuilder(25214): addUrlPublicParams mUrl ==>http://api.edu.hismarttv.com/payment/api/query/all/member/order?uuid=13287129&mac=a8:a6:48:18:fc:a8&devid=86100300900000500000060a4818fca8&version=00.002.003&subscriberId=13287129&customerId=7195320&model_id=0&APPPackage=com.hisense.hicloud.edca&PFAPPCode=652&APPVersionName=3.0.0.9.00&ChannelId=0&softwareVersion=LED50MU8600UC0000888&tv_distribute_id=00&devType=0&APIVersion=600&accessToken=72DF6038D2AEAB8A76DFBBBBCC428A4A_004241057862883
07-05 22:17:49.946 I/HttpDnsUtils(25214): --getPaidList--url==http://api.edu.hismarttv.com/payment/api/order/getValidOrders?start=0&rows=1000&accessToken=72DF6038D2AEAB8A76DFBBBBCC428A4A_004241057862883&customerId=7195320&devType=0&devid=86100300900000500000060a4818fca8&valid=1&sign=306e2c985447e29aa23bca0a0b839cb9
07-05 22:17:49.947 D/til@system( 2026): til_get_system_param option:1000007 int:-1936525184, bool:128, ret:0
07-05 22:17:49.948 D/til@system( 2026): til_get_system_param option:1000009 int:-1936522112, bool:128, ret:0
07-05 22:17:49.949 D/til@system( 2026): til_get_system_param option:1000008 int:-1815633792, bool:128, ret:0
07-05 22:17:49.950 D/HttpBuilder(25214): getOperationDetail-productName : LED50MU8600UC
07-05 22:17:49.950 D/HttpBuilder(25214): getOperationDetail-plmNumber : 88888
07-05 22:17:49.950 D/HttpBuilder(25214): getOperationDetail-swVersion : V0000.00.01A
07-05 22:17:49.950 D/HttpBuilder(25214): getOperationDetail-operationDetail : LED50MU8600UC0000888
07-05 22:17:49.962 D/HttpHandler(25214): VerifySignInterCeptor-->request.url()=http://api.edu.hismarttv.com/payment/api/query/all/member/order?uuid=13287129&mac=a8:a6:48:18:fc:a8&devid=86100300900000500000060a4818fca8&version=00.002.003&subscriberId=13287129&customerId=7195320&model_id=0&APPPackage=com.hisense.hicloud.edca&PFAPPCode=652&APPVersionName=3.0.0.9.00&ChannelId=0&softwareVersion=LED50MU8600UC0000888&tv_distribute_id=00&devType=0&APIVersion=600&accessToken=72DF6038D2AEAB8A76DFBBBBCC428A4A_004241057862883
07-05 22:17:49.968 D/HttpHandler(25214): VerifySignInterCeptor-->hostname=api.edu.hismarttv.com
07-05 22:17:49.972 I/TVMW@devctrl( 1234): wdt
07-05 22:17:49.978 D/HttpHandler(25214): HttpDNS-->hostname=api.edu.hismarttv.com
07-05 22:17:49.991 I/HttpBuilder(25214): addUrlPublicParams mUrl ==>http://api.edu.hismarttv.com/payment/api/order/getValidOrders?start=0&rows=1000&accessToken=72DF6038D2AEAB8A76DFBBBBCC428A4A_004241057862883&customerId=7195320&devType=0&devid=86100300900000500000060a4818fca8&valid=1&sign=306e2c985447e29aa23bca0a0b839cb9&uuid=13287129&mac=a8:a6:48:18:fc:a8&version=00.002.003&subscriberId=13287129&model_id=0&APPPackage=com.hisense.hicloud.edca&PFAPPCode=652&APPVersionName=3.0.0.9.00&ChannelId=0&softwareVersion=LED50MU8600UC0000888&tv_distribute_id=00&APIVersion=600
07-05 22:17:49.992 D/RECREATE(25214): onCreate ===>---isRecreate:false
07-05 22:17:49.993 D/HttpHandler(25214): VerifySignInterCeptor-->request.url()=http://api.edu.hismarttv.com/payment/api/order/getValidOrders?start=0&rows=1000&accessToken=72DF6038D2AEAB8A76DFBBBBCC428A4A_004241057862883&customerId=7195320&devType=0&devid=86100300900000500000060a4818fca8&valid=1&sign=306e2c985447e29aa23bca0a0b839cb9&uuid=13287129&mac=a8:a6:48:18:fc:a8&version=00.002.003&subscriberId=13287129&model_id=0&APPPackage=com.hisense.hicloud.edca&PFAPPCode=652&APPVersionName=3.0.0.9.00&ChannelId=0&softwareVersion=LED50MU8600UC0000888&tv_distribute_id=00&APIVersion=600
07-05 22:17:49.997 I/BaseContentFragment(25214): activity onStart
07-05 22:17:49.997 D/test    (25214): vidaaVersion=
07-05 22:17:49.997 W/Activity(25214): changePanelKeyPadStateIfNecessary() : false
07-05 22:17:49.997 V/InputManager(25214): setPanelKeyPadConvertState() : false
07-05 22:17:50.003 D/HttpHandler(25214): RAMCache-->hostInfo.getClientTimeStamp()=13109049
07-05 22:17:50.016 D/HttpHandler(25214): RAMCache-->hostInfo.getTtl()=3600
07-05 22:17:50.016 D/HttpHandler(25214): RAMCache-->SystemClock.elapsedRealtime()=13111588
07-05 22:17:50.029 D/HttpHandler(25214): VerifySignInterCeptor-->hostname=api.edu.hismarttv.com
07-05 22:17:50.032 I/FileInstallUntils(25214): filePath = /data/data/com.hisense.hicloud.edca/files/AccountManager4_4.00.3.3.0.apk
07-05 22:17:50.037 V/PackageManager( 1733): getPackageInfo com.hisense.hitv.hicloud.account: Package{f28cbb com.hisense.hitv.hicloud.account}
07-05 22:17:50.038 D/HttpHandler(25214): HttpDNS-->hostname=api.edu.hismarttv.com
07-05 22:17:50.038 I/FileInstallUntils(25214): --compareVersionName--upgradeVersion==4.00.3.3.0--localVersion==4.00.3.6.0
07-05 22:17:50.039 I/FileInstallUntils(25214): checkAppVersion-- exitnot update----packageName==com.hisense.hitv.hicloud.account
07-05 22:17:50.039 I/BaseApplication(25214): checkAccount start
07-05 22:17:50.041 I/HttpDnsUtils(25214): checkAccount--url==http://api.edu.hismarttv.com/usercenter/api/checkAccount
07-05 22:17:50.042 D/til@system( 2026): til_get_system_param option:1000007 int:-1815632896, bool:0, ret:0
07-05 22:17:50.043 D/til@system( 2026): til_get_system_param option:1000009 int:-1815634176, bool:0, ret:0
07-05 22:17:50.046 D/til@system( 2026): til_get_system_param option:1000008 int:-1936523008, bool:0, ret:0
07-05 22:17:50.047 D/HttpBuilder(25214): getOperationDetail-productName : LED50MU8600UC
07-05 22:17:50.047 D/HttpBuilder(25214): getOperationDetail-plmNumber : 88888
07-05 22:17:50.047 D/HttpBuilder(25214): getOperationDetail-swVersion : V0000.00.01A
07-05 22:17:50.047 D/HttpBuilder(25214): getOperationDetail-operationDetail : LED50MU8600UC0000888
07-05 22:17:50.051 D/HttpHandler(25214): DNSHelper-->gslbDns=["123.103.91.123"]
07-05 22:17:50.069 D/HttpHandler(25214): RAMCache-->hostInfo.getClientTimeStamp()=13109049
07-05 22:17:50.069 D/HttpHandler(25214): RAMCache-->hostInfo.getTtl()=3600
07-05 22:17:50.069 D/HttpHandler(25214): RAMCache-->SystemClock.elapsedRealtime()=13111640
07-05 22:17:50.078 I/HttpBuilder(25214): addUrlPublicParams mUrl ==>http://api.edu.hismarttv.com/usercenter/api/checkAccount?uuid=13287129&mac=a8:a6:48:18:fc:a8&devid=86100300900000500000060a4818fca8&version=00.002.003&subscriberId=13287129&customerId=7195320&model_id=0&APPPackage=com.hisense.hicloud.edca&PFAPPCode=652&APPVersionName=3.0.0.9.00&ChannelId=0&softwareVersion=LED50MU8600UC0000888&tv_distribute_id=00&devType=0&APIVersion=600&accessToken=72DF6038D2AEAB8A76DFBBBBCC428A4A_004241057862883
07-05 22:17:50.081 I/BaseContentFragment(25214): activity onResume
07-05 22:17:50.082 D/HttpHandler(25214): VerifySignInterCeptor-->request.url()=http://api.edu.hismarttv.com/usercenter/api/checkAccount?uuid=13287129&mac=a8:a6:48:18:fc:a8&devid=86100300900000500000060a4818fca8&version=00.002.003&subscriberId=13287129&customerId=7195320&model_id=0&APPPackage=com.hisense.hicloud.edca&PFAPPCode=652&APPVersionName=3.0.0.9.00&ChannelId=0&softwareVersion=LED50MU8600UC0000888&tv_distribute_id=00&devType=0&APIVersion=600&accessToken=72DF6038D2AEAB8A76DFBBBBCC428A4A_004241057862883
07-05 22:17:50.082 D/HttpHandler(25214): VerifySignInterCeptor-->hostname=api.edu.hismarttv.com
07-05 22:17:50.083 D/HttpHandler(25214): HttpDNS-->hostname=api.edu.hismarttv.com
07-05 22:17:50.085 D/HttpHandler(25214): RAMCache-->hostInfo.getClientTimeStamp()=13109049
07-05 22:17:50.085 D/HttpHandler(25214): RAMCache-->hostInfo.getTtl()=3600
07-05 22:17:50.085 D/HttpHandler(25214): RAMCache-->SystemClock.elapsedRealtime()=13111656
07-05 22:17:50.087 V/WindowManager( 1733): Adding window Window{18e9cca1 u0 com.hisense.hicloud.edca/com.hisense.tvui.newhome.HomeMainActivity} at 11 of 19 (after Window{fe522b5 u0 com.hisense.hicloud.edca/com.hisense.hicloud.edca.activity.EntryActivity})
07-05 22:17:50.088 D/OkHttp  (25214): --> GET http://api.edu.hismarttv.com/payment/api/query/all/member/order?uuid=13287129&mac=a8:a6:48:18:fc:a8&devid=86100300900000500000060a4818fca8&version=00.002.003&subscriberId=13287129&customerId=7195320&model_id=0&APPPackage=com.hisense.hicloud.edca&PFAPPCode=652&APPVersionName=3.0.0.9.00&ChannelId=0&softwareVersion=LED50MU8600UC0000888&tv_distribute_id=00&devType=0&APIVersion=600&accessToken=72DF6038D2AEAB8A76DFBBBBCC428A4A_004241057862883 http/1.1
07-05 22:17:50.088 D/OkHttp  (25214): Data_Type: JSON
07-05 22:17:50.088 D/OkHttp  (25214): RetryTime: 0
07-05 22:17:50.088 D/OkHttp  (25214): Backoffmutiplier: 0
07-05 22:17:50.088 D/OkHttp  (25214): Host: api.edu.hismarttv.com
07-05 22:17:50.088 D/OkHttp  (25214): Connection: Keep-Alive
07-05 22:17:50.088 D/OkHttp  (25214): Accept-Encoding: gzip
07-05 22:17:50.088 D/OkHttp  (25214): User-Agent: okhttp/3.6.0
07-05 22:17:50.088 D/OkHttp  (25214): --> END GET
07-05 22:17:50.089 D/HttpHandler(25214): DNSHelper-->gslbDns=["123.103.91.123"]
07-05 22:17:50.092 D/HttpHandler(25214): DNSHelper-->gslbDns=["123.103.91.123"]
07-05 22:17:50.116 V/PackageManager( 1733): getPackageInfo com.hisense.hicloud.edca: Package{3fb3f3a1 com.hisense.hicloud.edca}
07-05 22:17:50.117 D/SUSLog  (25214): packageName=com.hisense.hicloud.edca
07-05 22:17:50.117 D/SUSLog  (25214): versionCode=652
07-05 22:17:50.117 D/SUSLog  (25214): versionName=3.0.0.9.00
07-05 22:17:50.123 D/OkHttp  (25214): --> GET http://api.edu.hismarttv.com/payment/api/order/getValidOrders?start=0&rows=1000&accessToken=72DF6038D2AEAB8A76DFBBBBCC428A4A_004241057862883&customerId=7195320&devType=0&devid=86100300900000500000060a4818fca8&valid=1&sign=306e2c985447e29aa23bca0a0b839cb9&uuid=13287129&mac=a8:a6:48:18:fc:a8&version=00.002.003&subscriberId=13287129&model_id=0&APPPackage=com.hisense.hicloud.edca&PFAPPCode=652&APPVersionName=3.0.0.9.00&ChannelId=0&softwareVersion=LED50MU8600UC0000888&tv_distribute_id=00&APIVersion=600 http/1.1
07-05 22:17:50.123 D/OkHttp  (25214): Data_Type: JSON
07-05 22:17:50.123 D/OkHttp  (25214): RetryTime: 0
07-05 22:17:50.123 D/OkHttp  (25214): Backoffmutiplier: 0
07-05 22:17:50.123 D/OkHttp  (25214): Host: api.edu.hismarttv.com
07-05 22:17:50.123 D/OkHttp  (25214): Connection: Keep-Alive
07-05 22:17:50.123 D/OkHttp  (25214): Accept-Encoding: gzip
07-05 22:17:50.123 D/OkHttp  (25214): User-Agent: okhttp/3.6.0
07-05 22:17:50.123 D/OkHttp  (25214): --> END GET
07-05 22:17:50.126 D/OkHttp  (25214): --> GET http://api.edu.hismarttv.com/usercenter/api/checkAccount?uuid=13287129&mac=a8:a6:48:18:fc:a8&devid=86100300900000500000060a4818fca8&version=00.002.003&subscriberId=13287129&customerId=7195320&model_id=0&APPPackage=com.hisense.hicloud.edca&PFAPPCode=652&APPVersionName=3.0.0.9.00&ChannelId=0&softwareVersion=LED50MU8600UC0000888&tv_distribute_id=00&devType=0&APIVersion=600&accessToken=72DF6038D2AEAB8A76DFBBBBCC428A4A_004241057862883 http/1.1
07-05 22:17:50.126 D/OkHttp  (25214): Data_Type: JSON
07-05 22:17:50.126 D/OkHttp  (25214): RetryTime: 0
07-05 22:17:50.126 D/OkHttp  (25214): Backoffmutiplier: 0
07-05 22:17:50.126 D/OkHttp  (25214): Host: api.edu.hismarttv.com
07-05 22:17:50.126 D/OkHttp  (25214): Connection: Keep-Alive
07-05 22:17:50.126 D/OkHttp  (25214): Accept-Encoding: gzip
07-05 22:17:50.126 D/OkHttp  (25214): User-Agent: okhttp/3.6.0
07-05 22:17:50.126 D/OkHttp  (25214): --> END GET
07-05 22:17:50.169 I/MiSysSrv( 1214): [37m[INFO] Change to Voltage: 117 mv (0x32)[m
07-05 22:17:50.177 D/SUSLog  (25214): CheckAppUpdateService>>localVersionCode=652upgradeVersionCode=0 sLogLevel = 0
07-05 22:17:50.177 D/SUSLog  (25214): CheckAppUpdateService>>first update~
07-05 22:17:50.182 D/MyLocalStartService(16899): currentName is :com.hisense.hicloud.edca
07-05 22:17:50.185 D/OkHttp  (25214): <-- 200 OK http://api.edu.hismarttv.com/usercenter/api/checkAccount?uuid=13287129&mac=a8:a6:48:18:fc:a8&devid=86100300900000500000060a4818fca8&version=00.002.003&subscriberId=13287129&customerId=7195320&model_id=0&APPPackage=com.hisense.hicloud.edca&PFAPPCode=652&APPVersionName=3.0.0.9.00&ChannelId=0&softwareVersion=LED50MU8600UC0000888&tv_distribute_id=00&devType=0&APIVersion=600&accessToken=72DF6038D2AEAB8A76DFBBBBCC428A4A_004241057862883 (58ms)
07-05 22:17:50.185 D/OkHttp  (25214): Server: nginx
07-05 22:17:50.185 D/TabView (25214): 
07-05 22:17:50.185 D/OkHttp  (25214): Date: Wed, 05 Jul 2017 14:17:50 GMT
07-05 22:17:50.185 D/OkHttp  (25214): Content-Type: application/json
07-05 22:17:50.185 D/OkHttp  (25214): Content-Length: 204
07-05 22:17:50.185 D/OkHttp  (25214): Connection: close
07-05 22:17:50.185 D/OkHttp  (25214): <-- END HTTP
07-05 22:17:50.187 D/HttpHandler(25214): RetryIntercepter-->retryNum=0
07-05 22:17:50.187 D/HttpHandler(25214): RetryIntercepter-->backoffmutiplier=0
07-05 22:17:50.189 D/OkHttp  (25214): <-- 200 OK http://api.edu.hismarttv.com/payment/api/query/all/member/order?uuid=13287129&mac=a8:a6:48:18:fc:a8&devid=86100300900000500000060a4818fca8&version=00.002.003&subscriberId=13287129&customerId=7195320&model_id=0&APPPackage=com.hisense.hicloud.edca&PFAPPCode=652&APPVersionName=3.0.0.9.00&ChannelId=0&softwareVersion=LED50MU8600UC0000888&tv_distribute_id=00&devType=0&APIVersion=600&accessToken=72DF6038D2AEAB8A76DFBBBBCC428A4A_004241057862883 (100ms)
07-05 22:17:50.189 D/OkHttp  (25214): Server: nginx
07-05 22:17:50.189 D/OkHttp  (25214): Date: Wed, 05 Jul 2017 14:17:50 GMT
07-05 22:17:50.189 D/OkHttp  (25214): Content-Type: application/json
07-05 22:17:50.189 D/OkHttp  (25214): Content-Length: 262
07-05 22:17:50.189 D/OkHttp  (25214): Connection: close
07-05 22:17:50.189 D/OkHttp  (25214): <-- END HTTP
07-05 22:17:50.189 D/HttpHandler(25214): VerifySignInterCeptor-->dateType=1
07-05 22:17:50.189 D/HttpHandler(25214): VerifySignInterCeptor-->HttpRequestManager.httpClietOption.getVerifyFlag()=1
07-05 22:17:50.191 D/HttpHandler(25214): VerifySignInterCeptor-->content={"success": true}
07-05 22:17:50.196 D/HttpHandler(25214): RetryIntercepter-->retryNum=0
07-05 22:17:50.196 D/HttpHandler(25214): RetryIntercepter-->backoffmutiplier=0
07-05 22:17:50.197 D/HttpHandler(25214): VerifySignInterCeptor-->dateType=1
07-05 22:17:50.198 D/HttpHandler(25214): VerifySignInterCeptor-->HttpRequestManager.httpClietOption.getVerifyFlag()=1
07-05 22:17:50.199 D/HttpHandler(25214): VerifySignInterCeptor-->content={"message": "\u65e0\u4efb\u4f55\u4f1a\u5458\u8ba2\u5355", "success": false}
07-05 22:17:50.210 D/SUSLog  (25214): CheckAppUpdateService>>upgradePath = /data/data/com.hisense.hicloud.edca/files/appupdate/
07-05 22:17:50.210 D/SUSLog  (25214): AppUpdateUtilTag>>file not exist
07-05 22:17:50.210 D/SUSLog  (25214): CheckAppUpdateService>>checkAppUpgrade token = 72DF6038D2AEAB8A76DFBBBBCC428A4A_004241057862883 domainName = api.hismarttv.com appUpdateInfo = tv.hitv.android.appupdate.bean.AppUpdateInfo@17b7def5
07-05 22:17:50.220 D/TabView (25214): 
07-05 22:17:50.228 D/TabView (25214): 
07-05 22:17:50.236 D/TabView (25214): 
07-05 22:17:50.238 D/TabView (25214): 
07-05 22:17:50.240 D/TabView (25214): 
07-05 22:17:50.242 D/TabView (25214): 
07-05 22:17:50.248 D/TabView (25214): 
07-05 22:17:50.250 D/TabView (25214): 
07-05 22:17:50.252 D/TabView (25214): 
07-05 22:17:50.253 D/TabView (25214): 
07-05 22:17:50.254 D/TabView (25214): 
07-05 22:17:50.259 D/TabView (25214): 
07-05 22:17:50.264 D/TabView (25214): 
07-05 22:17:50.270 I/TVMW@HsTvSetting( 1234): Trace cmd, data = 0x1058
07-05 22:17:50.271 D/til@system( 2026): til_get_system_param option:100002F int:0, bool:0, ret:0
07-05 22:17:50.271 D/TabView (25214): 
07-05 22:17:50.271 I/TVMW@HsTvSetting( 1234): Trace cmd, data = 0x101f
07-05 22:17:50.271 D/til@system( 2026): til_get_system_param option:100001D int:3, bool:3, ret:0
07-05 22:17:50.271 E/til     ( 2026): [til_get_current_input_source, 101] 
07-05 22:17:50.271 I/TVMW@HsTvSetting( 1234): Trace cmd, data = 0x7007
07-05 22:17:50.271 I/tilwrapper@sm( 2026): HS2TIL_SourceType *hs=0xd, *til=0x900
07-05 22:17:50.271 D/til     ( 2026): get current source 2304
07-05 22:17:50.271 D/SourceRemoteServiceHandler( 2026): getCurrentInputSource.from.til.result is 0, value is 2304
07-05 22:17:50.271 D/SourceRemoteServiceHandler( 2026): getInputSourceType source: 0x900, type=2304
07-05 22:17:50.271 D/til     ( 2026): ###### func:til_get_picture_param option:0x3000006 ######  
07-05 22:17:50.272 I/TVMW@HsTvSetting( 1234): Trace cmd, data = 0x1003
07-05 22:17:50.272 D/TabView (25214): 
07-05 22:17:50.272 I/TVMW@HsTvSetting( 1234): Trace cmd, data = 0x8032
07-05 22:17:50.272 I/hstvos  ( 1216): [0m[1;33m[HSHAL][HS_VIDEO][HS_HAL_Video_SetOsdDetect_v2][2389]u16Threshold = 20
07-05 22:17:50.273 I/MiSysSrv( 1214): Not support now! 42, change to mm_video!!!
07-05 22:17:50.273 E/TVMW@videoctrl( 1234):  getOsd is 1
07-05 22:17:50.273 D/til@system( 2026): til_get_system_param option:1000027 int:1, bool:1, ret:0
07-05 22:17:50.273 D/til     ( 2026): ###### func:til_get_picture_param option:0x3000045 ######  
07-05 22:17:50.273 I/TVMW@HsTvSetting( 1234): Trace cmd, data = 0x300c
07-05 22:17:50.273 I/TVMW@HsTvSetting( 1234): Trace 3d, data = 0x300c
07-05 22:17:50.274 I/TVMW@3d ( 1234): Hs_debug3d_trace: func:get3dStatus, line:109
07-05 22:17:50.274 I/MyFragmentStateAdapter(25214): getCount
07-05 22:17:50.274 I/MyFragmentStateAdapter(25214): getItem: 2
07-05 22:17:50.274 I/SoftFragmentList(25214): fetchCacheFragment  enter ---- index = 2
07-05 22:17:50.274 D/SoftFragmentList(25214): fetchCacheFragment  mFragmentCache.size() = 0
07-05 22:17:50.274 E/SoftFragmentList(25214): fetchCacheView  return null
07-05 22:17:50.281 I/SoftFragmentList(25214): addToCache enter index = 2
07-05 22:17:50.281 D/SoftFragmentList(25214): addToCache  index = 2, size = 1, Fragment = RoleContentFragment
07-05 22:17:50.281 D/BaseContentFragment(25214): setUserVisibleHint() isVisibleToUser = false, last status = false, hasload = false RoleContentFragment
07-05 22:17:50.281 I/BaseContentFragment(25214): hideLoadingView
07-05 22:17:50.281 I/MyFragmentStateAdapter(25214): getItem: 1
07-05 22:17:50.281 I/SoftFragmentList(25214): fetchCacheFragment  enter ---- index = 1
07-05 22:17:50.281 D/SoftFragmentList(25214): fetchCacheFragment  mFragmentCache.size() = 1
07-05 22:17:50.281 E/SoftFragmentList(25214): fetchCacheView  return null
07-05 22:17:50.286 I/SoftFragmentList(25214): addToCache enter index = 1
07-05 22:17:50.286 D/SoftFragmentList(25214): addToCache  index = 1, size = 2, Fragment = UserCenterFragment
07-05 22:17:50.286 I/UserCenterFragment(25214): setUserVisibleHint befor=false,now=false,mDataChange=false,hasloadDatafalse
07-05 22:17:50.286 D/BaseContentFragment(25214): setUserVisibleHint() isVisibleToUser = false, last status = false, hasload = false UserCenterFragment
07-05 22:17:50.286 I/BaseContentFragment(25214): hideLoadingView
07-05 22:17:50.287 I/MyFragmentStateAdapter(25214): getItem: 3
07-05 22:17:50.287 I/SoftFragmentList(25214): fetchCacheFragment  enter ---- index = 3
07-05 22:17:50.287 D/SoftFragmentList(25214): fetchCacheFragment  mFragmentCache.size() = 2
07-05 22:17:50.287 E/SoftFragmentList(25214): fetchCacheView  return null
07-05 22:17:50.287 I/SoftFragmentList(25214): addToCache enter index = 3
07-05 22:17:50.287 D/SoftFragmentList(25214): addToCache  index = 3, size = 3, Fragment = RoleContentFragment
07-05 22:17:50.287 D/BaseContentFragment(25214): setUserVisibleHint() isVisibleToUser = false, last status = false, hasload = false RoleContentFragment
07-05 22:17:50.287 I/BaseContentFragment(25214): hideLoadingView
07-05 22:17:50.287 I/MyFragmentStateAdapter(25214): getCount
07-05 22:17:50.287 D/BaseContentFragment(25214): setUserVisibleHint() isVisibleToUser = true, last status = false, hasload = false RoleContentFragment
07-05 22:17:50.287 I/BaseContentFragment(25214): tryVisibleAndCreateView: visible status = true, hasload = false, mIsViewInit = false, mTrimLevel = 0,isFirst = true RoleContentFragment
07-05 22:17:50.287 I/RoleContentFragment(25214): setBackGround ,isVisible=true,hasload=false
07-05 22:17:50.287 I/Util    (25214): memory : total=1912,limit=1024
07-05 22:17:50.287 I/BaseContentFragment(25214): onAttach RoleContentFragment
07-05 22:17:50.288 I/BaseContentFragment(25214): onCreate RoleContentFragment
07-05 22:17:50.289 I/BasePresenter(25214): attachView(): isVisibleToUser = true, mViewTag = RoleContentFragment213718600
07-05 22:17:50.289 I/BaseContentFragment(25214): onAttach UserCenterFragment
07-05 22:17:50.294 I/BaseContentFragment(25214): onCreate UserCenterFragment
07-05 22:17:50.294 I/BasePresenter(25214): attachView(): isVisibleToUser = false, mViewTag = UserCenterFragment
07-05 22:17:50.302 I/BaseContentFragment(25214): onAttach RoleContentFragment
07-05 22:17:50.302 I/BaseContentFragment(25214): onCreate RoleContentFragment
07-05 22:17:50.302 I/BasePresenter(25214): attachView(): isVisibleToUser = false, mViewTag = RoleContentFragment25176675
07-05 22:17:50.304 I/BaseContentFragment(25214): onCreateView true, 
07-05 22:17:50.307 D/OkHttp  (25214): <-- 200 OK http://api.edu.hismarttv.com/payment/api/order/getValidOrders?start=0&rows=1000&accessToken=72DF6038D2AEAB8A76DFBBBBCC428A4A_004241057862883&customerId=7195320&devType=0&devid=86100300900000500000060a4818fca8&valid=1&sign=306e2c985447e29aa23bca0a0b839cb9&uuid=13287129&mac=a8:a6:48:18:fc:a8&version=00.002.003&subscriberId=13287129&model_id=0&APPPackage=com.hisense.hicloud.edca&PFAPPCode=652&APPVersionName=3.0.0.9.00&ChannelId=0&softwareVersion=LED50MU8600UC0000888&tv_distribute_id=00&APIVersion=600 (183ms)
07-05 22:17:50.307 D/OkHttp  (25214): Server: nginx
07-05 22:17:50.307 D/OkHttp  (25214): Date: Wed, 05 Jul 2017 14:17:50 GMT
07-05 22:17:50.307 D/OkHttp  (25214): Content-Type: application/json
07-05 22:17:50.307 D/OkHttp  (25214): Content-Length: 240
07-05 22:17:50.307 D/OkHttp  (25214): Connection: close
07-05 22:17:50.307 D/OkHttp  (25214): <-- END HTTP
07-05 22:17:50.337 W/account ( 2411): ResignonThread==>mHandler.sendEmptyMessageDelayed(0, CYCLE_TIME);
07-05 22:17:50.347 I/MyFragmentStateAdapter(25214): getCount
07-05 22:17:50.351 I/BaseContentFragment(25214): onViewCreated
07-05 22:17:50.351 I/BasePresenter(25214): setUserVisibleHint(): isVisibleToUser = true RoleContentFragment213718600
07-05 22:17:50.351 I/BaseContentFragment(25214): tryVisibleAndCreateView: visible status = true, hasload = false, mIsViewInit = true, mTrimLevel = 0,isFirst = true 
07-05 22:17:50.351 I/BaseContentFragment(25214): onVisibleAndAttach: lazyLoadData
07-05 22:17:50.351 I/RoleContentFragment(25214): setBackGround ,isVisible=true,hasload=false
07-05 22:17:50.351 I/Util    (25214): memory : total=1912,limit=1024
07-05 22:17:50.355 I/BaseContentFragment(25214): onActivityCreated 
07-05 22:17:50.356 I/BaseContentFragment(25214): onStart 
07-05 22:17:50.377 I/BaseContentFragment(25214): onResume 
07-05 22:17:50.377 E/UserCenterFragment(25214): onCreateView
07-05 22:17:50.378 I/BaseContentFragment(25214): onCreateView false, UserCenterFragment
07-05 22:17:50.380 I/BaseContentFragment(25214): onViewCreatedUserCenterFragment
07-05 22:17:50.380 I/BasePresenter(25214): setUserVisibleHint(): isVisibleToUser = false UserCenterFragment
07-05 22:17:50.380 I/BaseContentFragment(25214): tryVisibleAndCreateView: visible status = false, hasload = false, mIsViewInit = true, mTrimLevel = 0,isFirst = true UserCenterFragment
07-05 22:17:50.385 I/BaseContentFragment(25214): onActivityCreated UserCenterFragment
07-05 22:17:50.385 I/BaseContentFragment(25214): onCreateView false, 0-2
07-05 22:17:50.394 I/BaseContentFragment(25214): onViewCreated0-2
07-05 22:17:50.394 I/BasePresenter(25214): setUserVisibleHint(): isVisibleToUser = false RoleContentFragment25176675
07-05 22:17:50.394 I/BaseContentFragment(25214): tryVisibleAndCreateView: visible status = false, hasload = false, mIsViewInit = true, mTrimLevel = 0,isFirst = true 0-2
07-05 22:17:50.394 I/RoleContentFragment(25214): setBackGround ,isVisible=false,hasload=false
07-05 22:17:50.394 I/Util    (25214): memory : total=1912,limit=1024
07-05 22:17:50.400 I/BaseContentFragment(25214): onActivityCreated 0-2
07-05 22:17:50.400 I/BaseContentFragment(25214): onStart UserCenterFragment
07-05 22:17:50.409 I/BaseContentFragment(25214): onResume UserCenterFragment
07-05 22:17:50.410 I/BaseContentFragment(25214): onStart 0-2
07-05 22:17:50.419 I/BaseContentFragment(25214): onResume 0-2
07-05 22:17:50.420 D/TabView (25214): 
07-05 22:17:50.432 D/TabView (25214): 
07-05 22:17:50.434 D/TabView (25214): 
07-05 22:17:50.435 D/TabView (25214): 
07-05 22:17:50.436 D/TabView (25214): 
07-05 22:17:50.441 D/TabView (25214): 
07-05 22:17:50.449 D/TabView (25214): 
07-05 22:17:50.450 D/TabView (25214): 
07-05 22:17:50.451 D/TabView (25214): 
07-05 22:17:50.452 D/TabView (25214): 
07-05 22:17:50.454 D/TabView (25214): 
07-05 22:17:50.455 D/TabView (25214): 
07-05 22:17:50.456 D/TabView (25214): 
07-05 22:17:50.462 D/TabView (25214): 
07-05 22:17:50.463 D/TabView (25214): 
07-05 22:17:50.468 D/TabView (25214): 
07-05 22:17:50.470 I/MyFragmentStateAdapter(25214): getCount
07-05 22:17:50.470 I/MyFragmentStateAdapter(25214): getCount
07-05 22:17:50.483 D/HttpHandler(25214): RetryIntercepter-->retryNum=0
07-05 22:17:50.483 D/HttpHandler(25214): RetryIntercepter-->backoffmutiplier=0
07-05 22:17:50.489 D/HttpHandler(25214): VerifySignInterCeptor-->dateType=1
07-05 22:17:50.489 D/HttpHandler(25214): VerifySignInterCeptor-->HttpRequestManager.httpClietOption.getVerifyFlag()=1
07-05 22:17:50.491 D/HttpHandler(25214): VerifySignInterCeptor-->content={"medias": [], "total": 0, "vips": [], "members": []}
07-05 22:17:50.524 I/NetflixMonitorService( 1733): current fgapk : com.hisense.hicloud.edca
07-05 22:17:50.524 I/NetflixMonitorService( 1733): Netflix status unchanged
07-05 22:17:50.540 D/Surface ( 1733): onStatusChange() : mNativeObject = 547942803456 mUseImageHwRender = false
07-05 22:17:50.540 V/Surface ( 1733): nativeSetHardwareRender() : status = 0
07-05 22:17:50.540 V/Surface ( 1733): nativeSetHardwareRender() : end
07-05 22:17:50.540 D/OsdMonitorService( 1733): mCurrentWindow = com.hisense.hicloud.edca/com.hisense.hicloud.edca.activity.EntryActivity; newWindow = com.hisense.hicloud.edca/com.hisense.tvui.newhome.HomeMainActivity; isSubWindow = false; isInWinList = false; isExitNow = false
07-05 22:17:50.540 D/OsdMonitorService( 1733): windowNotOsd() : name = com.hisense.hicloud.edca/com.hisense.tvui.newhome.HomeMainActivity
07-05 22:17:50.540 I/OsdMonitorService( 1733): setOsdStatus() : status will change from true to true
07-05 22:17:50.567 D/PowerManagerService( 1733): setScreenBrightnessOverrideFromWindowManagerInternal done
07-05 22:17:50.577 D/PowerManagerService( 1733): setScreenBrightnessOverrideFromWindowManagerInternal done
07-05 22:17:50.582 D/Surface ( 1733): onStatusChange() : mNativeObject = 0 mUseImageHwRender = false
07-05 22:17:50.583 D/Surface (25214): onStatusChange() : mNativeObject = -195843328 mUseImageHwRender = false
07-05 22:17:50.583 V/Surface (25214): nativeSetHardwareRender() : status = 0
07-05 22:17:50.583 V/Surface (25214): nativeSetHardwareRender() : end
07-05 22:17:50.589 D/gralloc ( 1204): allocate buffer from ION HEAP 0x1
07-05 22:17:50.589 D/gralloc ( 1204): allocate memory from system heap
07-05 22:17:50.593 D/gralloc ( 1204): allocate buffer from ION HEAP 0x1
07-05 22:17:50.593 D/gralloc ( 1204): allocate memory from system heap
07-05 22:17:50.596 D/gralloc ( 1204): allocate buffer from ION HEAP 0x1
07-05 22:17:50.596 D/gralloc ( 1204): allocate memory from system heap
07-05 22:17:50.599 D/TabView (25214): 
07-05 22:17:50.605 D/TabView (25214): 
07-05 22:17:50.610 D/TabView (25214): 
07-05 22:17:50.615 D/TabView (25214): 
07-05 22:17:50.620 D/TabView (25214): 
07-05 22:17:50.625 D/TabView (25214): 
07-05 22:17:50.633 I/TabView (25214): onScroll:,firstItem=0,visibleCount=6,totalCount=10
07-05 22:17:50.642 E/RecyclerView(25214): No adapter attached; skipping layout
07-05 22:17:50.644 E/RecyclerView(25214): No adapter attached; skipping layout
07-05 22:17:50.649 E/RecyclerView(25214): No adapter attached; skipping layout
07-05 22:17:50.649 I/VerticalPageTransformer(25214): transformPage android.widget.RelativeLayout{3427f275 V.E..... ......ID 0,0-1768,1080}, pos= 0.0
07-05 22:17:50.650 I/VerticalPageTransformer(25214): transformPage android.widget.RelativeLayout{1822ea7b V.E..... ......ID -1768,0-0,1080}, pos= -1.0
07-05 22:17:50.651 I/VerticalPageTransformer(25214): transformPage android.widget.RelativeLayout{131240f1 V.E..... ......ID 1768,0-3536,1080}, pos= 1.0
07-05 22:17:50.654 I/TabView (25214): onfocuschange:true
07-05 22:17:50.669 E/sloven  (25214): top0w0
07-05 22:17:50.701 I/Choreographer(25214): Skipped 34 frames!  The application may be doing too much work on its main thread.
07-05 22:17:50.706 D/TabView (25214): 
07-05 22:17:50.711 D/TabView (25214): 
07-05 22:17:50.714 D/TabView (25214): 
07-05 22:17:50.719 D/TabView (25214): 
07-05 22:17:50.720 D/TabView (25214): 
07-05 22:17:50.721 D/TabView (25214): 
07-05 22:17:50.724 D/TabView (25214): 
07-05 22:17:50.726 D/TabView (25214): 
07-05 22:17:50.730 D/TabView (25214): 
07-05 22:17:50.755 D/TabView (25214): 
07-05 22:17:50.757 D/TabView (25214): 
07-05 22:17:50.761 D/TabView (25214): 
07-05 22:17:50.763 D/TabView (25214): 
07-05 22:17:50.764 D/TabView (25214): 
07-05 22:17:50.766 D/TabView (25214): 
07-05 22:17:50.769 D/TabView (25214): 
07-05 22:17:50.771 D/TabView (25214): 
07-05 22:17:50.772 D/TabView (25214): 
07-05 22:17:50.775 I/TVMW@HsTvSetting( 1234): Trace cmd, data = 0x1058
07-05 22:17:50.776 D/til@system( 2026): til_get_system_param option:100002F int:0, bool:0, ret:0
07-05 22:17:50.776 D/TabView (25214): 
07-05 22:17:50.776 I/TVMW@HsTvSetting( 1234): Trace cmd, data = 0x101f
07-05 22:17:50.776 D/til@system( 2026): til_get_system_param option:100001D int:3, bool:3, ret:0
07-05 22:17:50.776 E/til     ( 2026): [til_get_current_input_source, 101] 
07-05 22:17:50.776 I/TVMW@HsTvSetting( 1234): Trace cmd, data = 0x7007
07-05 22:17:50.776 I/tilwrapper@sm( 2026): HS2TIL_SourceType *hs=0xd, *til=0x900
