07-05 20:53:31.940 D/PlayerSdk/CheckPackageNameJob(10799): [TID 10830] onRun(), mCurrentPackageName=com.hisense.hicloud.edca, mCustomerPackageNames=511068292:[com.hisense.hicloud.edca]
07-05 20:53:31.940 D/PlayerSdk/CheckPackageNameJob@17594710(10799): [TID 10830] notifyJobSuccess() Job[PlayerSdk/CheckPackageNameJob@17594710](mState=1, mData=Object878304270, mError=null)
07-05 20:53:31.940 D/PlayerSdk/DeviceCheckTask@2b0a5209(10799): [TID 10830] isCancelled() Job[PlayerSdk/DeviceCheckTask@2b0a5209](mState=0, mData=Object740501039, mError=null) return false
07-05 20:53:31.940 D/PlayerSdk/DeviceCheckTask(10799): [TID 10830] execte.onRun: isDevChecked=false, isDeviceCheckPass=false
07-05 20:53:31.945 D/AccessToken(10799): [TID 10830] isAllowedAccess() count=0, now=1499259211940, time=1499259211940, mMaxCount = 5, duration = 600000, mAccessTime = 0, return true
07-05 20:53:31.946 D/AccessToken(10799): [TID 10830] isAllowedAccess() count=0, now=1499259211946, time=1499259211946, mMaxCount = 5, duration = 600000, mAccessTime = 0, return true
07-05 20:53:31.946 I/MyFragmentStateAdapter(10799): getCount
07-05 20:53:31.946 D/PlayerSdk/DeviceCheckTask(10799): [TID 10830] deviceCheck
07-05 20:53:31.946 D/PlayerSdk/DeviceCheckTask(10799): [TID 10830] deviceCheck: devCheckTest=-1
07-05 20:53:31.946 I/MyFragmentStateAdapter(10799): getCount
07-05 20:53:31.946 I/MyFragmentStateAdapter(10799): getCount
07-05 20:53:31.946 I/MyFragmentStateAdapter(10799): getCount
07-05 20:53:31.946 I/FirstLineAdapter(10799): canShowTrailer,isOffline=false
07-05 20:53:31.947 I/FirstLineAdapter(10799): canShowTrailer,isOffline=false
07-05 20:53:31.947 I/FirstLineAdapter(10799): canShowTrailer,isOffline=false
07-05 20:53:31.947 I/FirstLineAdapter(10799): canShowTrailer,isOffline=false
07-05 20:53:31.947 I/FirstLineAdapter(10799): canShowTrailer,isOffline=false
07-05 20:53:31.947 I/FirstLineAdapter(10799): canShowTrailer,isOffline=false
07-05 20:53:31.947 I/FirstLineAdapter(10799): canShowTrailer,isOffline=false
07-05 20:53:31.947 I/FirstLineAdapter(10799): canShowTrailer,isOffline=false
07-05 20:53:31.947 I/FirstLineAdapter(10799): canShowTrailer,isOffline=false
07-05 20:53:31.947 I/System.out(10799): <TVAPI> DEBUG(isUpdateData): isUpdateData=devRegister-true
07-05 20:53:31.947 I/System.out(10799): <TVAPI> DEBUG(TVAPI): uuid=20151228165619572MkCHJfWb11209
07-05 20:53:31.947 I/System.out(10799): <TVAPI> DEBUG(TVAPI): version=2.1.0.59986
07-05 20:53:31.947 I/System.out(10799): <TVAPI> DEBUG(TVApiProperty): read passport-device-id=tv_69b1ef544cadbb86e8f28950ece1c76a_1167652938875
07-05 20:53:31.948 I/System.out(10799): <TVAPI> DEBUG(id=6, systemTime): url = http://pdata.video.ptqy.gitv.tv/k
07-05 20:53:31.948 I/System.out(10799): D/(load-playerplugin, CommonApi-systemTime): url=http://pdata.video.ptqy.gitv.tv/k
07-05 20:53:31.951 I/System.out(10799): <TVAPI> DEBUG(id=5, devRegister): url = http://data2.itv.ptqy.gitv.tv/itv/devRegister/OGFjZjgxODQ2YThhLzIwMTUxMjI4MTY1NjE5NTcyTWtDSEpmV2IxMTIwOS8yLjEuMC41OTk4Ng/39467112fe7be1432adcf86e152f4899
07-05 20:53:31.951 I/System.out(10799): <TVAPI> DEBUG(id=5, devRegister): header = qyid:tv_69b1ef544cadbb86e8f28950ece1c76a_1167652938875
07-05 20:53:31.951 I/System.out(10799): <TVAPI> DEBUG(id=5, devRegister): header = ov:5.1.1
07-05 20:53:31.951 I/System.out(10799): <TVAPI> DEBUG(id=5, devRegister): header = apkVer:2.1.0.59986
07-05 20:53:31.957 I/MyFragmentStateAdapter(10799): getCount
07-05 20:53:31.962 D/NetworkManager(10799): [TID 10933] getRequestTask(http://www.qq.com): current pool size=2, queue=[]
07-05 20:53:31.962 D/NetworkManager(10799): [TID 10933] getRequestTask(http://www.qq.com): submitted task={java.util.concurrent.FutureTask@bc5f64b, 8053468}
07-05 20:53:31.962 D/NetworkManager(10799): [TID 10933] << getRequestTask(http://www.qq.com): returned task=java.util.concurrent.FutureTask@bc5f64b
07-05 20:53:31.962 D/NetworkManager(10799): [TID 10933] >> getRequestTask(http://www.iqiyi.com)
07-05 20:53:31.965 D/NetworkManager(10799): [TID 10934] >> request(http://www.qq.com, 8053468)
07-05 20:53:31.965 I/MyFragmentStateAdapter(10799): getCount
07-05 20:53:31.966 D/NetworkManager(10799): [TID 10934] request(http://www.qq.com, 8053468): openConnection
07-05 20:53:31.972 D/NetworkManager(10799): [TID 10945] >> request(http://www.iqiyi.com, 8053534)
07-05 20:53:31.973 D/NetworkManager(10799): [TID 10945] request(http://www.iqiyi.com, 8053534): openConnection
07-05 20:53:31.977 I/NetflixMonitorService( 1733): current fgapk : com.hisense.hicloud.edca
07-05 20:53:31.977 I/NetflixMonitorService( 1733): Netflix status unchanged
07-05 20:53:31.982 D/NetworkManager(10799): [TID 10933] getRequestTask(http://www.iqiyi.com): current pool size=3, queue=[]
07-05 20:53:31.990 D/NetworkManager(10799): [TID 10933] getRequestTask(http://www.iqiyi.com): submitted task={java.util.concurrent.FutureTask@1d795ee6, 8053534}
07-05 20:53:31.990 D/NetworkManager(10799): [TID 10933] << getRequestTask(http://www.iqiyi.com): returned task=java.util.concurrent.FutureTask@1d795ee6
07-05 20:53:31.990 D/NetworkManager(10799): [TID 10933] >> getRequestTask(http://www.163.com)
07-05 20:53:31.990 D/NetworkManager(10799): [TID 10933] getRequestTask(http://www.163.com): current pool size=4, queue=[]
07-05 20:53:31.990 D/NetworkManager(10799): [TID 10933] getRequestTask(http://www.163.com): submitted task={java.util.concurrent.FutureTask@7465ed4, 8053561}
07-05 20:53:31.990 D/NetworkManager(10799): [TID 10933] << getRequestTask(http://www.163.com): returned task=java.util.concurrent.FutureTask@7465ed4
07-05 20:53:32.000 I/System.out(10799): <TVAPI> DEBUG(System Time): 1499259211
07-05 20:53:32.002 I/System.out(10799): <TVAPI> DEBUG(id=6, systemTime, response_time = 53ms): data = {"t":"1499259211","m":"85657a4a67bbbe27a3578be11b0209f5ee44c50ce708393e","u":"85657a4a67bbbe277a50c11bff7c0311cd209a1d88b78425","i":"220.181.109.33","k":"85657a4a67bbbe278d6ade478b0ad7089db42e51cb91c539"}
07-05 20:53:32.004 I/art     (10799): Background partial concurrent mark sweep GC freed 13761(1066KB) AllocSpace objects, 5(1566KB) LOS objects, 10% free, 34MB/38MB, paused 4.734ms total 133.462ms
07-05 20:53:32.006 D/NetworkManager(10799): [TID 10933] >> getRequestTask(http://www.taobao.com)
07-05 20:53:32.011 D/NetworkManager(10799): [TID 10933] getRequestTask(http://www.taobao.com): current pool size=5, queue=[]
07-05 20:53:32.011 D/NetworkManager(10799): [TID 10933] getRequestTask(http://www.taobao.com): submitted task={java.util.concurrent.FutureTask@eec8372, 8053577}
07-05 20:53:32.011 D/NetworkManager(10799): [TID 10933] << getRequestTask(http://www.taobao.com): returned task=java.util.concurrent.FutureTask@eec8372
07-05 20:53:32.011 D/NetworkManager(10799): [TID 10933] >> getRequestTask(http://www.sina.com.cn)
07-05 20:53:32.014 D/NetworkManager(10799): [TID 10947] >> request(http://www.163.com, 8053561)
07-05 20:53:32.015 D/NetworkManager(10799): [TID 10947] request(http://www.163.com, 8053561): openConnection
07-05 20:53:32.022 D/NetworkManager(10799): [TID 10934] << request(http://www.qq.com, 8053468): connect internet success, url=http://www.qq.com
07-05 20:53:32.032 I/MyFragmentStateAdapter(10799): getCount
07-05 20:53:32.032 D/NetworkManager(10799): [TID 10933] getRequestTask(http://www.sina.com.cn): current pool size=6, queue=[]
07-05 20:53:32.032 D/NetworkManager(10799): [TID 10933] getRequestTask(http://www.sina.com.cn): submitted task={java.util.concurrent.FutureTask@c149440, 8053583}
07-05 20:53:32.032 D/NetworkManager(10799): [TID 10933] << getRequestTask(http://www.sina.com.cn): returned task=java.util.concurrent.FutureTask@c149440
07-05 20:53:32.034 D/NetworkManager(10799): [TID 10933] retryConnectOthers: result=true, time consumed=137ms
07-05 20:53:32.036 D/NetworkManager(10799): [TID 10948] >> request(http://www.taobao.com, 8053577)
07-05 20:53:32.037 D/NetworkManager(10799): [TID 10948] request(http://www.taobao.com, 8053577): openConnection
07-05 20:53:32.039 I/System.out(10799): <TVAPI> DEBUG(id=5, devRegister, response_time = 90ms): data = {"msg":"","code":"N000000","data":{"apiKey":"9e14d341281067d05d771f41454858c0","authId":1210,"flag":"","hide":"qiyicom","ip":"219.147.31.2","ipLoc":"1-48-3-6-6001-0-26","ipZh":"-----None-","kv":[{"hcdn":"hCDN"},{"homepageHot":""},{"homepageNew":""},{"ruleCode":"http://static.ptqy.gitv.tv/js/tv/app/getPlayerConfig.js","playerConfig":""},{"isShowExitAppDialog":"apk"}],"loading":"","loginTunnel":0,"resIds":[{"id":201221412,"seq":1},{"id":201713612,"seq":2},{"id":201757412,"seq":3}],"sysTime":1499259211,"tab":[],"tip":"","upgradeType":-1,"url":"","version":""}}
07-05 20:53:32.039 D/AccessToken(10799): [TID 10830] increaseAccessCount() count=1
07-05 20:53:32.039 D/AccessToken(10799): [TID 10830] increaseAccessCount() count=1
07-05 20:53:32.039 D/PlayerSdk/DeviceCheckTask(10799): [TID 10830] deviceCheck.onSuccess: deviceIp: 219.147.31.2
07-05 20:53:32.039 D/PlayerSdk/DeviceCheckTask@2b0a5209(10799): [TID 10830] notifyJobSuccess() Job[PlayerSdk/DeviceCheckTask@2b0a5209](mState=1, mData=Object740501039, mError=null)
07-05 20:53:32.047 D/PlayerSdk/GrayScaleSwitcherProvider(10799): [TID 10830] execute: handler has no messages, send it.
07-05 20:53:32.047 D/PlayerSdk/GrayScaleSwitcherProvider(10799): [TID 10830] fetchSwitchData
07-05 20:53:32.048 I/System.out(10799): <TVAPI> DEBUG(isUpdateData): isUpdateData=dynamicQ-true
07-05 20:53:32.048 I/System.out(10799): <TVAPI> DEBUG(TVApiProperty): read passport-device-id=tv_69b1ef544cadbb86e8f28950ece1c76a_1167652938875
07-05 20:53:32.048 I/System.out(10799): <TVAPI> DEBUG(id=7, dynamicQ): url = http://data2.itv.ptqy.gitv.tv/itv/dynamicQ/1210/2.1.0.59986/VIDAA_TV/0/0/1/0/0/0/0
07-05 20:53:32.048 I/System.out(10799): <TVAPI> DEBUG(id=7, dynamicQ): header = qyid:tv_69b1ef544cadbb86e8f28950ece1c76a_1167652938875
07-05 20:53:32.048 I/System.out(10799): <TVAPI> DEBUG(id=7, dynamicQ): header = ov:5.1.1
07-05 20:53:32.048 I/System.out(10799): <TVAPI> DEBUG(id=7, dynamicQ): header = apkVer:2.1.0.59986
07-05 20:53:32.048 I/System.out(10799): <TVAPI> DEBUG(id=7, dynamicQ): header = apiKey:9e14d341281067d05d771f41454858c0
07-05 20:53:32.053 D/NetworkManager(10799): [TID 10933] getRealState: activeNetInfo={[type: Ethernet[], state: CONNECTED/CONNECTED, reason: (unspecified), extra: a8:a6:48:18:fc:a8, roaming: false, failover: false, isAvailable: true, isConnectedToProvisioningNetwork: false]}, isConnected=true
07-05 20:53:32.054 D/NetworkManager(10799): [TID 10951] >> request(http://www.sina.com.cn, 8053583)
07-05 20:53:32.055 D/NetworkManager(10799): [TID 10951] request(http://www.sina.com.cn, 8053583): openConnection
07-05 20:53:32.080 D/NetworkManager(10799): [TID 10799] onNetStateChanged(2)
07-05 20:53:32.091 I/MyFragmentStateAdapter(10799): getCount
07-05 20:53:32.092 I/MyFragmentStateAdapter(10799): getCount
07-05 20:53:32.092 I/MyFragmentStateAdapter(10799): getCount
07-05 20:53:32.092 I/MyFragmentStateAdapter(10799): getCount
07-05 20:53:32.093 I/FirstLineAdapter(10799): canShowTrailer,isOffline=false
07-05 20:53:32.093 I/FirstLineAdapter(10799): canShowTrailer,isOffline=false
07-05 20:53:32.093 I/FirstLineAdapter(10799): canShowTrailer,isOffline=false
07-05 20:53:32.093 I/FirstLineAdapter(10799): canShowTrailer,isOffline=false
07-05 20:53:32.093 I/FirstLineAdapter(10799): canShowTrailer,isOffline=false
07-05 20:53:32.093 I/FirstLineAdapter(10799): canShowTrailer,isOffline=false
07-05 20:53:32.093 I/FirstLineAdapter(10799): canShowTrailer,isOffline=false
07-05 20:53:32.093 I/FirstLineAdapter(10799): canShowTrailer,isOffline=false
07-05 20:53:32.093 I/FirstLineAdapter(10799): canShowTrailer,isOffline=false
07-05 20:53:32.099 D/QrRecognization( 2232): handleMessage msg=4
07-05 20:53:32.099 D/QrRecognization( 2232): handleMessage msg=1
07-05 20:53:32.099 D/QrRecognization( 2232): start update screenshot
07-05 20:53:32.099 D/QrRecognization( 2232): QR detection is not enabled in tile com.hisense.hicloud.edca
07-05 20:53:32.099 D/QrRecognization( 2232): error in getBitmap from screen
07-05 20:53:32.100 I/MyFragmentStateAdapter(10799): getCount
07-05 20:53:32.102 E/NetworkManager(10799): [TID 10951] << request(http://www.sina.com.cn, 8053583): connect internet failed, url=http://www.sina.com.cn
07-05 20:53:32.111 I/MyFragmentStateAdapter(10799): getCount
07-05 20:53:32.132 E/btif_config( 2964): [btif_config_get] node is TRUE!
07-05 20:53:32.132 E/btif_config( 2964): [btif_config_get] ret is TRUE!
07-05 20:53:32.135 I/System.out(10799): <TVAPI> DEBUG(id=7, dynamicQ, response_time = 70ms): data = {"msg":"","code":"N000000","data":{"apiKey":"","authId":-1,"cnf":{},"flag":"","function":[{"playerConfig":"http://static.ptqy.gitv.tv/js/tv/app/getPlayerConfig.js"},{"appCard":"1"},{"msg_dialog_pos":"4"},{"disableHCDNPreDeploy":"false"},{"dailyInforCornerMark":"http://pic0.ptqy.gitv.tv/common/20170113/4ab9430bee234e2b8c8ae4583669b394.png,http://pic6.ptqy.gitv.tv/common/20170113/d45b2b6ae97a4847a73a245d63f5fe87.png"},{"isDisableAdCache":"0"},{"card_sort":"0"},{"alltag_position":"0"},{"enablePlayerLocalServer":"false"},{"ad_skip_frequency":"-1"},{"enablePlayerLocalServerF4v2Hls":"false"},{"enablePlayerLocalServerStream":"false"},{"disableHcdnDaemon":"false"},{"subChannelPlayerConfig":"http://static.ptqy.gitv.tv/js/tv/app/getSubChannelPlayerConfig.js"},{"childapp":"http://cdn.data.video.ptqy.gitv.tv/cdn/tv/20170630/apk/1_1259_4994_1498801304813.json"},{"chinapokerapp":"http://chessgame.ptqy.gitv.tv/game/info/apis/get_game_info.action?id=212202420"}],"hide":"","ichn":[],"ip":"","ipLoc":"","ipZh":"","is3D":1,"kv":[{"hcdn":"hCDN"},{"homepageHot":""},{"homepageNew":""},{"ruleCode":"http://static.ptqy.gitv.tv/js/tv/app/getPlayerConfig.js","playerConfig":""},{"isShowExitAppDialog":"apk"}],"loading":"","loginTunnel":0,"resIds":[],"support4k":1,"supporth265":1,"sysTime":1499258070,"tab":[],"tip":"","upgradeType":-1,"url":"","verCoupon":"","verMon":"0","verPkg":"","verTvod":"0","version":"","vip":1,"vipCoupon":0,"vipMon":1,"vipPkg":0,"vipTvod":1}}
07-05 20:53:32.136 D/PlayerSdk/GrayScaleSwitcherProvider(10799): [TID 10830] TVApi.dynamicQ: onSuccess
07-05 20:53:32.136 D/PlayerSdk/GrayScaleSwitcherProvider(10799): [TID 10830] TVApi.dynamicQ: data=com.qiyi.tvapi.tv2.model.DeviceCheck@281aa2d2, isOpenHcdn=true, sRetryTimesBeforeStarted=3, sRetryTimesAfterStarted=3, isDisableP2PUpload=false, isOpenDrmRootCheck=false
07-05 20:53:32.137 D/PlayerSdk/PlayerSdkProject(10799): [TID 10830] << finishInitialize: consume 567 ms
07-05 20:53:32.137 D/PlayerSdk/PlayerSdkProject(10799): [TID 10830] isPackageNameCheckPassed=true, isDeviceCheckPass=true
07-05 20:53:32.137 D/PlayerSdk/PlayerFeatureProvider(10799): [TID 10830] notifySuccess(looper=Looper (main, tid 1) {315f7fa3}, listener=com.hisense.hicloud.edca.mediaplayer.video.qiyi.QiyiInitTool$1$1@1e88fcb6)
07-05 20:53:32.137 D/PlayerSdk/PlayerFeatureProvider(10799): [TID 10830] << loadPluginPlayerFeature: mSdkFeature=com.qiyi.video.plugin.j@ff8a586
07-05 20:53:32.154 W/linker  (10799): libWasabiJni.so: unused DT entry: type 0x6ffffffe arg 0x5080
07-05 20:53:32.154 W/linker  (10799): libWasabiJni.so: unused DT entry: type 0x6fffffff arg 0x3
07-05 20:53:32.157 I/QiyiInitTool(10799): onSuccess
07-05 20:53:32.162 E/NetworkManager(10799): [TID 10948] << request(http://www.taobao.com, 8053577): connect internet failed, url=http://www.taobao.com
07-05 20:53:32.165 D/PlayerSdk/PlayerSdkLibProfile(10799): [TID 10956] isOpenDrmRootCheck=false
07-05 20:53:32.170 I/MiSysSrv( 1214): [37m[INFO] Change to Voltage: 117 mv (0x32)[m
07-05 20:53:32.173 I/MyFragmentStateAdapter(10799): getCount
07-05 20:53:32.174 I/WASABI  (10799): WASABI version: BUILD DATE: 'Dec 30 2016', BUILD CONFIGURATION: 'Release', VERSION NAME: '1.19.0', VERSION NUMBER: 0x00011300, SHORT DESCRIPTION: 'Wasabi Runtime', LONG DESCRIPTION: '{"wasabi": "1.19.0", "wcscp": "2.22.0", "manufacturer": "intertrust", "os": "Android", "customerid": "c31122", "wcskb": "5.0.0"}', MS520K: 'enforced', VCS CHANGE: 12814
07-05 20:53:32.203 D/NetworkManager(10799): [TID 10945] << request(http://www.iqiyi.com, 8053534): connect internet success, url=http://www.iqiyi.com
07-05 20:53:32.225 I/MyFragmentStateAdapter(10799): getCount
07-05 20:53:32.225 I/MyFragmentStateAdapter(10799): getCount
07-05 20:53:32.225 I/MyFragmentStateAdapter(10799): getCount
07-05 20:53:32.225 I/MyFragmentStateAdapter(10799): getCount
07-05 20:53:32.231 I/MyFragmentStateAdapter(10799): getCount
07-05 20:53:32.237 I/MyFragmentStateAdapter(10799): getCount
07-05 20:53:32.261 D/NetworkManager(10799): [TID 10947] << request(http://www.163.com, 8053561): connect internet success, url=http://www.163.com
07-05 20:53:32.269 I/MiSysSrv( 1214): [37m[INFO] Change to Voltage: 117 mv (0x32)[m
07-05 20:53:32.302 I/MyFragmentStateAdapter(10799): getCount
07-05 20:53:32.364 I/MyFragmentStateAdapter(10799): getCount
07-05 20:53:32.369 I/MiSysSrv( 1214): [37m[INFO] Change to Voltage: 107 mv (0x28)[m
07-05 20:53:32.409 I/TVMW@HsTvSetting( 1234): Trace cmd, data = 0x1058
07-05 20:53:32.412 D/til@system( 2026): til_get_system_param option:100002F int:0, bool:0, ret:0
07-05 20:53:32.414 I/TVMW@HsTvSetting( 1234): Trace cmd, data = 0x101f
07-05 20:53:32.414 D/til@system( 2026): til_get_system_param option:100001D int:3, bool:3, ret:0
07-05 20:53:32.414 E/til     ( 2026): [til_get_current_input_source, 101] 
07-05 20:53:32.414 I/TVMW@HsTvSetting( 1234): Trace cmd, data = 0x7007
07-05 20:53:32.416 I/MyFragmentStateAdapter(10799): getCount
07-05 20:53:32.423 I/tilwrapper@sm( 2026): HS2TIL_SourceType *hs=0xd, *til=0x900
07-05 20:53:32.423 D/til     ( 2026): get current source 2304
07-05 20:53:32.423 D/SourceRemoteServiceHandler( 2026): getCurrentInputSource.from.til.result is 0, value is 2304
07-05 20:53:32.423 D/SourceRemoteServiceHandler( 2026): getInputSourceType source: 0x900, type=2304
07-05 20:53:32.423 D/til     ( 2026): ###### func:til_get_picture_param option:0x3000006 ######  
07-05 20:53:32.424 I/TVMW@HsTvSetting( 1234): Trace cmd, data = 0x1003
07-05 20:53:32.424 I/TVMW@HsTvSetting( 1234): Trace cmd, data = 0x8032
07-05 20:53:32.424 I/hstvos  ( 1216): [0m[1;33m[HSHAL][HS_VIDEO][HS_HAL_Video_SetOsdDetect_v2][2389]u16Threshold = 20
07-05 20:53:32.424 I/MiSysSrv( 1214): Not support now! 42, change to mm_video!!!
07-05 20:53:32.425 E/TVMW@videoctrl( 1234):  getOsd is 1
07-05 20:53:32.425 D/til@system( 2026): til_get_system_param option:1000027 int:1, bool:1, ret:0
07-05 20:53:32.425 D/til     ( 2026): ###### func:til_get_picture_param option:0x3000045 ######  
07-05 20:53:32.425 I/TVMW@HsTvSetting( 1234): Trace cmd, data = 0x300c
07-05 20:53:32.425 I/TVMW@HsTvSetting( 1234): Trace 3d, data = 0x300c
07-05 20:53:32.425 I/TVMW@3d ( 1234): Hs_debug3d_trace: func:get3dStatus, line:109
07-05 20:53:32.457 D/WebcastSDK-HiCloudSourcePlugin(10799): getContext(): com.hisense.hicloud.edca.BaseApplication@2adbac5c mWebcastManager: com.hisense.webcastSDK.WebcastManager@3dc1a1e
07-05 20:53:32.457 D/WebcastSDK-(10799): activity == null.
07-05 20:53:32.464 I/MyFragmentStateAdapter(10799): getCount
07-05 20:53:32.470 I/MiSysSrv( 1214): [37m[INFO] Change to Voltage: 107 mv (0x28)[m
07-05 20:53:32.471 V/PackageManager( 1733): getPackageInfo com.hisense.hicloud.edca: Package{3fb3f3a1 com.hisense.hicloud.edca}
07-05 20:53:32.472 I/WebcastSDK-(10799): getAppVersionName(), versionName = 3.0.0.9.00
07-05 20:53:32.496 I/CurrentCarouselView(10799): real play
07-05 20:53:32.512 D/Carousel-CarouselView(10799): clearPosterAndPlay! hashCode=261738835, sWorkingHashCode=0
07-05 20:53:32.512 D/Carousel-CarouselView(10799): mListView.getAdapter()=com.hisense.hitv.carouselwidgit.view.adapter.CarouselInfoListAdapter@576a715
07-05 20:53:32.512 D/Carousel-CarouselView(10799): Last playing position:-1
07-05 20:53:32.512 D/Carousel-CarouselView(10799): position=1
07-05 20:53:32.512 D/Carousel-CarouselView(10799): Last play position:1,size:3
07-05 20:53:32.513 D/AudioSystem(10799): Setting global gAudioPortCallback On refCnt: 1
07-05 20:53:32.517 D/Carousel-CarouselListView(10799): onItemClick position:1,view:null
07-05 20:53:32.517 D/Carousel-CarouselListView(10799): last play position:1,cur:1
07-05 20:53:32.518 D/Carousel-CarouselView(10799): onListItemClick view=null,position=1
07-05 20:53:32.520 E/WebcastSDK-HiCloudSourcePlugin(10799): FetchSystemParameterTask(), res = {"categoryChannelTimeInterval":243000,"timeSynInterval":319000,"ChannelSwitchdefaultPic":"http://download.hismarttv.com/epgdata/LunBoContentPic/149810099740274506.jpg","TencentPlayRoundId":"1","allowUploadLogFile":1,"NoticeShow":1,"resultCode":0}
07-05 20:53:32.521 E/WebcastSDK-EPGDataManager(10799): notifySystemParametersData(), SystemParameterInfo = [ mCategoryInternal = 243000; mServerTimeInternal = 319000; mTencentPlayId = 1; mUploadLogFlag = 1; mSwitchPic = http://download.hismarttv.com/epgdata/LunBoContentPic/149810099740274506.jpg]
07-05 20:53:32.521 D/WebcastSDK-(10799): activity == null.
07-05 20:53:32.522 I/WebcastSDK-EPGDataManager(10799): handleMessage(), sync Server time in [ 319000 ] ms
07-05 20:53:32.522 D/WebcastSDK-(10799): activity == null.
07-05 20:53:32.533 I/MyFragmentStateAdapter(10799): getCount
07-05 20:53:32.569 I/MiSysSrv( 1214): [37m[INFO] Change to Voltage: 117 mv (0x32)[m
07-05 20:53:32.580 I/MyFragmentStateAdapter(10799): getCount
07-05 20:53:32.589 I/TVMW@devctrl( 1234): wdt
07-05 20:53:32.605 E/btif_config( 2964): [btif_config_get] node is TRUE!
07-05 20:53:32.605 E/btif_config( 2964): [btif_config_get] ret is TRUE!
07-05 20:53:32.629 I/MyFragmentStateAdapter(10799): getCount
07-05 20:53:32.647 D/Carousel-CarouselView(10799): start to play! hashCode=261738835
07-05 20:53:32.647 D/Carousel-Utils(10799): x=511,y=167, width=892,height=536
07-05 20:53:32.648 D/Carousel-CarouselView(10799): type=1
07-05 20:53:32.649 D/Carousel-CarouselDisplayPlayerLayout(10799): isFullScreen:false
07-05 20:53:32.649 D/Carousel-Utils(10799): displayImage view=android.widget.ImageView{9abba2a V.ED.... ......I. 0,0-0,0 #7f0d0029 app:id/imageView1}
07-05 20:53:32.649 D/Carousel-Utils(10799): displayImage url=http://picture.edu.hismarttv.com/images/20170629010146422927.jpg
07-05 20:53:32.650 D/Carousel-Utils(10799): onResourceReady.
07-05 20:53:32.650 D/Carousel-CarouselDisplayPlayerLayout(10799): isFullScreen:false
07-05 20:53:32.650 D/Carousel-log_(10799): isFullScreen:false
07-05 20:53:32.650 D/Carousel-CarouselDisplayPlayerLayout(10799): replacePlayer carouselType:3
07-05 20:53:32.650 D/Carousel-CarouselDisplayPlayerLayout(10799): x=511, y=167,w=892,h=536, hashCode=10985361
07-05 20:53:32.650 D/Carousel-CarouselDisplayPlayerLayout(10799): mX=0, mY=0,mWitdh=0,mHeight=0, hashCode=10985361
07-05 20:53:32.650 D/Carousel-CarouselDisplayPlayerLayout(10799): changed=true, hashCode=10985361
07-05 20:53:32.683 D/Carousel-CarouselVideoViewImpl(10799): onAttachedToWindow.
07-05 20:53:32.688 D/Carousel-CarouselVideoViewImpl(10799): startPlay!
07-05 20:53:32.688 D/Carousel-CarouselDisplayPlayerLayout(10799): isFullScreen:false
07-05 20:53:32.689 I/Carousel-UrlVideoView(10799): onMeasure(MeasureSpec: EXACTLY 816, MeasureSpec: EXACTLY 460)
07-05 20:53:32.689 I/Carousel-UrlVideoView(10799): onMeasure(MeasureSpec: EXACTLY 816, MeasureSpec: EXACTLY 460)
07-05 20:53:32.690 D/Surface ( 1733): onStatusChange() : mNativeObject = 547819094016 mUseImageHwRender = false
07-05 20:53:32.690 V/Surface ( 1733): nativeSetHardwareRender() : status = 0
07-05 20:53:32.690 V/Surface ( 1733): nativeSetHardwareRender() : end
07-05 20:53:32.692 D/PowerManagerService( 1733): setScreenBrightnessOverrideFromWindowManagerInternal done
07-05 20:53:32.694 D/Surface ( 1733): onStatusChange() : mNativeObject = 0 mUseImageHwRender = false
07-05 20:53:32.696 I/SurfaceView(10799): Changes: creating=true format=true size=true visible=true left=true top=true
07-05 20:53:32.700 V/WindowManager( 1733): Adding window Window{a3d8dc0 u0 SurfaceView} at 11 of 20 (before Window{304c6f53 u0 com.hisense.hicloud.edca/com.hisense.tvui.newhome.HomeMainActivity})
07-05 20:53:32.702 I/SurfaceView(10799): Cur surface: Surface(name=null)/@0x3560ff94
07-05 20:53:32.705 D/Surface ( 1733): onStatusChange() : mNativeObject = 547819101184 mUseImageHwRender = false
07-05 20:53:32.705 V/Surface ( 1733): nativeSetHardwareRender() : status = 0
07-05 20:53:32.705 V/Surface ( 1733): nativeSetHardwareRender() : end
07-05 20:53:32.705 D/OsdMonitorService( 1733): mCurrentWindow = com.hisense.hicloud.edca/com.hisense.tvui.newhome.HomeMainActivity; newWindow = com.hisense.hicloud.edca/com.hisense.tvui.newhome.HomeMainActivity; isSubWindow = false; isInWinList = false; isExitNow = false
07-05 20:53:32.705 D/OsdMonitorService( 1733): windowNotOsd() : name = com.hisense.hicloud.edca/com.hisense.tvui.newhome.HomeMainActivity
07-05 20:53:32.705 I/OsdMonitorService( 1733): setOsdStatus() : status will change from true to true
07-05 20:53:32.707 D/PowerManagerService( 1733): setScreenBrightnessOverrideFromWindowManagerInternal done
07-05 20:53:32.707 V/SurfaceView(10799): com.hisense.hitv.carouselwidgit.view.videoview.UrlVideoView{2900660b V.E..... ......ID 0,0-816,460} got resized: w=816 h=460, cur w=-1 h=-1
07-05 20:53:32.710 D/Surface ( 1733): onStatusChange() : mNativeObject = 0 mUseImageHwRender = false
07-05 20:53:32.718 D/Surface (10799): onStatusChange() : mNativeObject = -195834368 mUseImageHwRender = false
07-05 20:53:32.718 V/Surface (10799): nativeSetHardwareRender() : status = 0
07-05 20:53:32.718 V/Surface (10799): nativeSetHardwareRender() : end
07-05 20:53:32.719 I/SurfaceView(10799): New surface: Surface(name=null)/@0x8a41a3d, vis=true, frame=Rect(549, 205 - 1365, 665)
07-05 20:53:32.719 D/Surface (10799): onStatusChange() : mNativeObject = 0 mUseImageHwRender = false
07-05 20:53:32.719 D/Surface (10799): onStatusChange() : mNativeObject = -195834368 mUseImageHwRender = false
07-05 20:53:32.719 V/Surface (10799): nativeSetHardwareRender() : status = 0
07-05 20:53:32.719 V/Surface (10799): nativeSetHardwareRender() : end
07-05 20:53:32.719 I/SurfaceView(10799): visibleChanged -- surfaceCreated
07-05 20:53:32.721 D/Carousel-UrlVideoView(10799): surfaceCreated
07-05 20:53:32.724 I/SurfaceView(10799): surfaceChanged -- format=4 w=816 h=460
07-05 20:53:32.724 D/Carousel-UrlVideoView(10799): surfaceChanged
07-05 20:53:32.724 D/Carousel-UrlVideoView(10799): isValidState:false,hasValidSize:false
07-05 20:53:32.724 D/Carousel-UrlVideoView(10799): mVideoWidth:0,mVideoHeight:0,w:816,h:460
07-05 20:53:32.724 I/SurfaceView(10799): surfaceRedrawNeeded
07-05 20:53:32.727 I/SurfaceView(10799): finishedDrawing
07-05 20:53:32.729 D/PowerManagerService( 1733): setScreenBrightnessOverrideFromWindowManagerInternal done
07-05 20:53:32.731 D/PowerManagerService( 1733): setScreenBrightnessOverrideFromWindowManagerInternal done
07-05 20:53:32.732 V/SurfaceView(10799): Layout: x=549 y=205 w=816 h=460, frame=Rect(0, 0 - 816, 460)
07-05 20:53:32.741 I/MyFragmentStateAdapter(10799): getCount
07-05 20:53:32.743 D/PowerManagerService( 1733): setScreenBrightnessOverrideFromWindowManagerInternal done
07-05 20:53:32.752 I/RoleContentFragment(10799): onResourceReadycom.bumptech.glide.load.resource.bitmap.GlideBitmapDrawable@2b8d8b83
07-05 20:53:32.755 D/Carousel-SimpleVideoView(10799): onReceive net connected.
07-05 20:53:32.755 I/SurfaceView(10799): Changes: creating=false format=false size=false visible=false left=false top=false
07-05 20:53:32.755 I/SurfaceView(10799): Cur surface: Surface(name=null)/@0x3560ff94
07-05 20:53:32.756 D/Surface ( 1733): onStatusChange() : mNativeObject = 547819101184 mUseImageHwRender = false
07-05 20:53:32.756 V/Surface ( 1733): nativeSetHardwareRender() : status = 0
07-05 20:53:32.756 V/Surface ( 1733): nativeSetHardwareRender() : end
07-05 20:53:32.758 D/PowerManagerService( 1733): setScreenBrightnessOverrideFromWindowManagerInternal done
07-05 20:53:32.759 D/Surface ( 1733): onStatusChange() : mNativeObject = 0 mUseImageHwRender = false
07-05 20:53:32.760 D/Surface (10799): onStatusChange() : mNativeObject = -195850496 mUseImageHwRender = false
07-05 20:53:32.760 V/Surface (10799): nativeSetHardwareRender() : status = 0
07-05 20:53:32.760 V/Surface (10799): nativeSetHardwareRender() : end
07-05 20:53:32.760 I/SurfaceView(10799): New surface: Surface(name=null)/@0x8a41a3d, vis=true, frame=Rect(549, 205 - 1365, 665)
07-05 20:53:32.760 D/Surface (10799): onStatusChange() : mNativeObject = 0 mUseImageHwRender = false
07-05 20:53:32.760 D/Surface (10799): onStatusChange() : mNativeObject = -195850496 mUseImageHwRender = false
07-05 20:53:32.760 V/Surface (10799): nativeSetHardwareRender() : status = 0
07-05 20:53:32.760 V/Surface (10799): nativeSetHardwareRender() : end
07-05 20:53:32.760 I/SurfaceView(10799): surfaceRedrawNeeded
07-05 20:53:32.760 I/SurfaceView(10799): finishedDrawing
07-05 20:53:32.762 V/SurfaceView(10799): Layout: x=549 y=205 w=816 h=460, frame=Rect(0, 0 - 816, 460)
07-05 20:53:32.770 I/MiSysSrv( 1214): [37m[INFO] Change to Voltage: 102 mv (0x23)[m
07-05 20:53:32.806 I/MyFragmentStateAdapter(10799): getCount
07-05 20:53:32.864 I/MyFragmentStateAdapter(10799): getCount
07-05 20:53:32.914 I/MyFragmentStateAdapter(10799): getCount
07-05 20:53:32.927 I/TVMW@HsTvSetting( 1234): Trace cmd, data = 0x1058
07-05 20:53:32.927 D/til@system( 2026): til_get_system_param option:100002F int:0, bool:0, ret:0
07-05 20:53:32.927 I/TVMW@HsTvSetting( 1234): Trace cmd, data = 0x101f
07-05 20:53:32.928 D/til@system( 2026): til_get_system_param option:100001D int:3, bool:3, ret:0
07-05 20:53:32.928 E/til     ( 2026): [til_get_current_input_source, 101] 
07-05 20:53:32.928 I/TVMW@HsTvSetting( 1234): Trace cmd, data = 0x7007
07-05 20:53:32.929 I/tilwrapper@sm( 2026): HS2TIL_SourceType *hs=0xd, *til=0x900
07-05 20:53:32.929 D/til     ( 2026): get current source 2304
07-05 20:53:32.929 D/SourceRemoteServiceHandler( 2026): getCurrentInputSource.from.til.result is 0, value is 2304
07-05 20:53:32.929 D/SourceRemoteServiceHandler( 2026): getInputSourceType source: 0x900, type=2304
07-05 20:53:32.929 D/til     ( 2026): ###### func:til_get_picture_param option:0x3000006 ######  
07-05 20:53:32.929 I/TVMW@HsTvSetting( 1234): Trace cmd, data = 0x1003
07-05 20:53:32.930 I/TVMW@HsTvSetting( 1234): Trace cmd, data = 0x8032
07-05 20:53:32.930 I/MiSysSrv( 1214): Not support now! 42, change to mm_video!!!
07-05 20:53:32.930 I/hstvos  ( 1216): [0m[1;33m[HSHAL][HS_VIDEO][HS_HAL_Video_SetOsdDetect_v2][2389]u16Threshold = 20
07-05 20:53:32.937 E/TVMW@videoctrl( 1234):  getOsd is 1
07-05 20:53:32.937 D/til@system( 2026): til_get_system_param option:1000027 int:1, bool:1, ret:0
07-05 20:53:32.937 D/til     ( 2026): ###### func:til_get_picture_param option:0x3000045 ######  
07-05 20:53:32.938 I/TVMW@HsTvSetting( 1234): Trace cmd, data = 0x300c
07-05 20:53:32.938 I/TVMW@HsTvSetting( 1234): Trace 3d, data = 0x300c
07-05 20:53:32.938 I/TVMW@3d ( 1234): Hs_debug3d_trace: func:get3dStatus, line:109
07-05 20:53:32.946 I/MyFragmentStateAdapter(10799): getCount
07-05 20:53:32.977 I/NetflixMonitorService( 1733): current fgapk : com.hisense.hicloud.edca
07-05 20:53:32.978 I/NetflixMonitorService( 1733): Netflix status unchanged
07-05 20:53:32.996 I/MyFragmentStateAdapter(10799): getCount
07-05 20:53:33.046 I/MyFragmentStateAdapter(10799): getCount
07-05 20:53:33.097 I/MyFragmentStateAdapter(10799): getCount
07-05 20:53:33.147 I/MyFragmentStateAdapter(10799): getCount
07-05 20:53:33.196 I/MyFragmentStateAdapter(10799): getCount
07-05 20:53:33.209 E/btif_config( 2964): [btif_config_get] node is TRUE!
07-05 20:53:33.209 E/btif_config( 2964): [btif_config_get] ret is TRUE!
07-05 20:53:33.217 D/Carousel-CarouselVideoViewImpl(10799): msg start play.
07-05 20:53:33.217 D/Carousel-SimpleVideoView(10799): setVideoPath path:http://jhxvideo-ws.video-tx.com/rendition/201705/205989353451683841/205989353451684353/bb/243216185158536196/243216215223308548/r243216215223308548-3200k-1920x1080.mp4
07-05 20:53:33.222 D/Carousel-UrlVideoView(10799): openVideo
07-05 20:53:33.226 V/MediaPlayer-JNI(10799): native_setup
07-05 20:53:33.227 V/AudioFlinger( 1206): registerClient() client 0xb8930040, pid 10799
07-05 20:53:33.228 E/audio_hw_primary( 1206): out_get_latency ret 10ms
07-05 20:53:33.228 E/audio_hw_primary( 1206): out_get_latency ret 10ms
07-05 20:53:33.229 V/AudioFlinger( 1206): acquiring 211 from 10799, for -1
07-05 20:53:33.229 D/PowerManagerService( 1733): acquireWakeLockInternal: lock=1072040697, flags=0x1, tag="AudioMix", ws=null, uid=1013, pid=0
07-05 20:53:33.229 D/PowerManagerNotifier( 1733): onWakeLockAcquired: flags=1, tag="AudioMix", packageName=media, ownerUid=1013, ownerPid=0, workSource=null
07-05 20:53:33.230 D/PowerManagerService( 1733): acquireWakeLockInternal: lock=31504958, flags=0x1, tag="AudioMix", ws=null, uid=1013, pid=0
07-05 20:53:33.230 D/PowerManagerNotifier( 1733): onWakeLockAcquired: flags=1, tag="AudioMix", packageName=media, ownerUid=1013, ownerPid=0, workSource=null
07-05 20:53:33.230 D/PowerManagerService( 1733): updateWakeLockWorkSourceInternal: lock=1072040697 [AudioMix], ws=null
07-05 20:53:33.230 D/PowerManagerService( 1733): updateWakeLockWorkSourceInternal: lock=31504958 [AudioMix], ws=null
07-05 20:53:33.230 V/AudioFlinger( 1206):  added new entry for 211
07-05 20:53:33.230 V/MediaPlayer-JNI(10799): get_session_id()
07-05 20:53:33.230 D/Carousel-Utils(10799): origin url is : http://jhxvideo-ws.video-tx.com/rendition/201705/205989353451683841/205989353451684353/bb/243216185158536196/243216215223308548/r243216215223308548-3200k-1920x1080.mp4
07-05 20:53:33.231 D/Carousel-Utils(10799): time=1499259211
07-05 20:53:33.231 D/Carousel-UrlVideoView(10799): encryptUrlIfNecessary url=http://jhxvideo-ws.video-tx.com/rendition/201705/205989353451683841/205989353451684353/bb/243216185158536196/243216215223308548/r243216215223308548-3200k-1920x1080.mp4?wsSecret=cc663038fc33f2d3ec68871abc62bd98&wsTime=595ce14b
07-05 20:53:33.231 D/MediaPlayer(10799): Couldn't open file on client side, trying server side
07-05 20:53:33.232 V/MediaPlayer-JNI(10799): setDataSource: path http://jhxvideo-ws.video-tx.com/rendition/201705/205989353451683841/205989353451684353/bb/243216185158536196/243216215223308548/r243216215223308548-3200k-1920x1080.mp4?wsSecret=cc663038fc33f2d3ec68871abc62bd98&wsTime=595ce14b
07-05 20:53:33.236 V/NuPlayer( 1206): [NuPlayer-264]
07-05 20:53:33.236 I/NuPlayer( 1206): NuPlayerRMClientListener::NuPlayerRMClientListener
07-05 20:53:33.236 V/RMClient( 1206): #118:RMClient
07-05 20:53:33.236 V/NuPlayer( 1206): kWhatSetAudioSink
07-05 20:53:33.236 V/NuPlayer( 1206): kWhatSetDataSource
07-05 20:53:33.239 V/NuPlayer( 1206): kWhatSetVideoNativeWindow
07-05 20:53:33.239 W/ALooperRoster( 1206): failed to post message. Target handler 0 still registered, but object gone.
07-05 20:53:33.239 V/NuPlayer( 1206): performSetSurface
07-05 20:53:33.239 V/MediaPlayer-JNI(10799): setAudioStreamType: 3
07-05 20:53:33.239 E/MediaPlayer-JNI(10799): android_media_MediaPlayer_prepareAsync call getSubtitleSurface
07-05 20:53:33.239 E/MediaPlayer-JNI(10799): android_media_MediaPlayer_prepareAsync call setSubtitleSurfaceTexture
07-05 20:53:33.240 E/        (10799): setSubtitleSurfaceTexture
07-05 20:53:33.240 D/Carousel-log_video-(10799): onStartPlay!
07-05 20:53:33.240 D/Carousel-log_video-(10799): ==Start play,isReplayState:false
07-05 20:53:33.240 D/Carousel-log_video-(10799): =Stop play previous channel log.
07-05 20:53:33.240 D/Carousel-log_video-(10799): submitPlayStopLog mLogPlayState:5
07-05 20:53:33.240 D/Carousel-log_video-(10799): Invalid log info.
07-05 20:53:33.240 D/Carousel-log_video-(10799): ==Start play log:start,other,duration:0
07-05 20:53:33.243 D/Carousel-log_(10799): ===(Main-Video-278001)-{srccolumnid=3, eventType=278, srcgroupid=10001, appversionname=2.0.0.6, srctabid=0, license=hisense, eventcode=278001, deviceid=86100300900000500000060a4818fca8, mediaid=351, eventPos=001, sessionid=872f8bc3bd8644d6a9b232f118b93a35, srcpackagename=com.hisense.hicloud.edca, subscriberid=13287129, playactionuuid=76700fb7-069a-47c2-9712-5dd1e1879fe3, version=2.1, devicemsg=LED50MU8600UC0000888, isall=0, customerid=7195320, srcrowid=0, srceventcode=280000}
07-05 20:53:33.243 D/Carousel-CarouselVideoViewImpl(10799): getPosition()=0
07-05 20:53:33.244 I/Carousel-UrlVideoView(10799): onMeasure(MeasureSpec: EXACTLY 816, MeasureSpec: EXACTLY 460)
07-05 20:53:33.244 I/Carousel-UrlVideoView(10799): onMeasure(MeasureSpec: EXACTLY 816, MeasureSpec: EXACTLY 460)
07-05 20:53:33.244 D/MediaHTTPConnection(10799): connect: uri=http://jhxvideo-ws.video-tx.com/rendition/201705/205989353451683841/205989353451684353/bb/243216185158536196/243216215223308548/r243216215223308548-3200k-1920x1080.mp4?wsSecret=cc663038fc33f2d3ec68871abc62bd98&wsTime=595ce14b, headers=User-Agent: stagefright/1.2 (Linux;Android 5.1.1)
07-05 20:53:33.245 D/MediaHTTPConnection(10799): seekTo 0
07-05 20:53:33.251 D/MediaHTTPConnection(10799): hitting http://jhxvideo-ws.video-tx.com/rendition/201705/205989353451683841/205989353451684353/bb/243216185158536196/243216215223308548/r243216215223308548-3200k-1920x1080.mp4?wsSecret=cc663038fc33f2d3ec68871abc62bd98&wsTime=595ce14b
07-05 20:53:33.265 D/Carousel-SimpleVideoView(10799): speedKB=0
07-05 20:53:33.265 D/Carousel-SimpleVideoView(10799): msg.arg1=0
07-05 20:53:33.284 I/MyFragmentStateAdapter(10799): getCount
07-05 20:53:33.307 W/System.err(10799): java.net.ConnectException: failed to connect to /10.18.210.112 (port 8900) after 6000ms: isConnected failed: ECONNREFUSED (Connection refused)
07-05 20:53:33.308 W/System.err(10799): 	at libcore.io.IoBridge.isConnected(IoBridge.java:238)
07-05 20:53:33.308 W/System.err(10799): 	at libcore.io.IoBridge.connectErrno(IoBridge.java:171)
07-05 20:53:33.308 W/System.err(10799): 	at libcore.io.IoBridge.connect(IoBridge.java:122)
07-05 20:53:33.308 W/System.err(10799): 	at java.net.PlainSocketImpl.connect(PlainSocketImpl.java:183)
07-05 20:53:33.308 W/System.err(10799): 	at java.net.PlainSocketImpl.connect(PlainSocketImpl.java:456)
07-05 20:53:33.308 W/System.err(10799): 	at java.net.Socket.connect(Socket.java:882)
07-05 20:53:33.308 W/System.err(10799): 	at com.android.okhttp.internal.Platform.connectSocket(Platform.java:174)
07-05 20:53:33.308 W/System.err(10799): 	at com.android.okhttp.Connection.connect(Connection.java:152)
07-05 20:53:33.308 W/System.err(10799): 	at com.android.okhttp.internal.http.HttpEngine.connect(HttpEngine.java:276)
07-05 20:53:33.308 W/System.err(10799): 	at com.android.okhttp.internal.http.HttpEngine.sendRequest(HttpEngine.java:211)
07-05 20:53:33.308 W/System.err(10799): 	at com.android.okhttp.internal.http.HttpURLConnectionImpl.execute(HttpURLConnectionImpl.java:382)
07-05 20:53:33.308 W/System.err(10799): 	at com.android.okhttp.internal.http.HttpURLConnectionImpl.connect(HttpURLConnectionImpl.java:106)
07-05 20:53:33.308 W/System.err(10799): 	at com.hisense.hitv.hicloud.util.ExceptionReport.a(ExceptionReport.java:337)
07-05 20:53:33.308 W/System.err(10799): 	at com.hisense.hitv.hicloud.util.ExceptionReport.a(ExceptionReport.java:39)
07-05 20:53:33.308 W/System.err(10799): 	at com.hisense.hitv.hicloud.util.ExceptionReport$1.run(ExceptionReport.java:83)
07-05 20:53:33.308 W/System.err(10799): 	at java.lang.Thread.run(Thread.java:818)
07-05 20:53:33.308 W/System.err(10799): Caused by: android.system.ErrnoException: isConnected failed: ECONNREFUSED (Connection refused)
07-05 20:53:33.309 W/System.err(10799): 	at libcore.io.IoBridge.isConnected(IoBridge.java:223)
07-05 20:53:33.309 W/System.err(10799): 	... 15 more
07-05 20:53:33.339 I/MyFragmentStateAdapter(10799): getCount
07-05 20:53:33.379 D/Carousel-SimpleVideoView(10799): speedKB=219
07-05 20:53:33.379 D/Carousel-SimpleVideoView(10799): msg.arg1=1
07-05 20:53:33.390 I/MyFragmentStateAdapter(10799): getCount
07-05 20:53:33.425 D/MediaHTTPConnection(10799): [Connection@382292981] response.heeader.null = HTTP/1.1 206 Partial Content
07-05 20:53:33.425 D/MediaHTTPConnection(10799): [Connection@382292981] response.heeader.Accept-Ranges = bytes
07-05 20:53:33.425 D/MediaHTTPConnection(10799): [Connection@382292981] response.heeader.Age = 2162582
07-05 20:53:33.425 D/MediaHTTPConnection(10799): [Connection@382292981] response.heeader.Cache-Control = max-age=5184000
07-05 20:53:33.425 D/MediaHTTPConnection(10799): [Connection@382292981] response.heeader.Connection = keep-alive
07-05 20:53:33.425 D/MediaHTTPConnection(10799): [Connection@382292981] response.heeader.Content-Length = 218840697
07-05 20:53:33.425 D/MediaHTTPConnection(10799): [Connection@382292981] response.heeader.Content-MD5 = b0d2FgZ34VxS2J9TYuIjgA==
07-05 20:53:33.426 D/MediaHTTPConnection(10799): [Connection@382292981] response.heeader.Content-Range = bytes 0-218840696/218840697
07-05 20:53:33.426 D/MediaHTTPConnection(10799): [Connection@382292981] response.heeader.Content-Type = application/octet-stream
07-05 20:53:33.426 D/MediaHTTPConnection(10799): [Connection@382292981] response.heeader.Date = Sat, 10 Jun 2017 12:11:49 GMT
07-05 20:53:33.426 D/MediaHTTPConnection(10799): [Connection@382292981] response.heeader.ETag = "6F4776160677E15C52D89F5362E22380"
07-05 20:53:33.426 D/MediaHTTPConnection(10799): [Connection@382292981] response.heeader.Last-Modified = Mon, 08 May 2017 17:24:17 GMT
07-05 20:53:33.426 D/MediaHTTPConnection(10799): [Connection@382292981] response.heeader.Server = nginx/1.2.4
07-05 20:53:33.426 D/MediaHTTPConnection(10799): [Connection@382292981] response.heeader.Via = 1.1 chshx150:7 (Cdn Cache Server V2.0)[0 200 0], 1.1 sdbz31:0 (Cdn Cache Server V2.0)[26 200 0], 1.1 tongxiazai20:3 (Cdn Cache Server V2.0)[2 200 0]
07-05 20:53:33.426 D/MediaHTTPConnection(10799): [Connection@382292981] response.heeader.X-Android-Received-Millis = 1499259213425
07-05 20:53:33.426 D/MediaHTTPConnection(10799): [Connection@382292981] response.heeader.X-Android-Response-Source = NETWORK 206
07-05 20:53:33.426 D/MediaHTTPConnection(10799): [Connection@382292981] response.heeader.X-Android-Sent-Millis = 1499259213375
07-05 20:53:33.426 D/MediaHTTPConnection(10799): [Connection@382292981] response.heeader.x-oss-hash-crc64ecma = 10858506031335928878
07-05 20:53:33.426 D/MediaHTTPConnection(10799): [Connection@382292981] response.heeader.x-oss-object-type = Normal
07-05 20:53:33.426 D/MediaHTTPConnection(10799): [Connection@382292981] response.heeader.x-oss-request-id = 591D64783FEA2FF75DF4AA6E
07-05 20:53:33.426 D/MediaHTTPConnection(10799): [Connection@382292981] response.heeader.x-oss-server-time = 46
07-05 20:53:33.426 D/MediaHTTPConnection(10799): [Connection@382292981] response.heeader.x-oss-storage-class = Standard
07-05 20:53:33.438 I/MyFragmentStateAdapter(10799): getCount
07-05 20:53:33.440 I/TVMW@HsTvSetting( 1234): Trace cmd, data = 0x1058
07-05 20:53:33.440 D/til@system( 2026): til_get_system_param option:100002F int:0, bool:0, ret:0
07-05 20:53:33.440 I/TVMW@HsTvSetting( 1234): Trace cmd, data = 0x101f
07-05 20:53:33.440 D/til@system( 2026): til_get_system_param option:100001D int:3, bool:3, ret:0
07-05 20:53:33.441 E/til     ( 2026): [til_get_current_input_source, 101] 
07-05 20:53:33.443 I/TVMW@HsTvSetting( 1234): Trace cmd, data = 0x7007
07-05 20:53:33.443 I/tilwrapper@sm( 2026): HS2TIL_SourceType *hs=0xd, *til=0x900
07-05 20:53:33.443 D/til     ( 2026): get current source 2304
07-05 20:53:33.443 D/SourceRemoteServiceHandler( 2026): getCurrentInputSource.from.til.result is 0, value is 2304
07-05 20:53:33.443 D/SourceRemoteServiceHandler( 2026): getInputSourceType source: 0x900, type=2304
07-05 20:53:33.443 D/til     ( 2026): ###### func:til_get_picture_param option:0x3000006 ######  
07-05 20:53:33.443 I/TVMW@HsTvSetting( 1234): Trace cmd, data = 0x1003
07-05 20:53:33.444 I/TVMW@HsTvSetting( 1234): Trace cmd, data = 0x8032
07-05 20:53:33.444 I/hstvos  ( 1216): [0m[1;33m[HSHAL][HS_VIDEO][HS_HAL_Video_SetOsdDetect_v2][2389]u16Threshold = 20
07-05 20:53:33.444 I/MiSysSrv( 1214): Not support now! 42, change to mm_video!!!
07-05 20:53:33.445 E/TVMW@videoctrl( 1234):  getOsd is 1
07-05 20:53:33.445 D/til@system( 2026): til_get_system_param option:1000027 int:1, bool:1, ret:0
07-05 20:53:33.445 D/til     ( 2026): ###### func:til_get_picture_param option:0x3000045 ######  
07-05 20:53:33.445 I/TVMW@HsTvSetting( 1234): Trace cmd, data = 0x300c
07-05 20:53:33.445 I/TVMW@HsTvSetting( 1234): Trace 3d, data = 0x300c
07-05 20:53:33.445 I/TVMW@3d ( 1234): Hs_debug3d_trace: func:get3dStatus, line:109
07-05 20:53:33.478 I/MyFragmentStateAdapter(10799): getCount
07-05 20:53:33.489 I/TVMW@devctrl( 1234): wdt
07-05 20:53:33.521 I/MyFragmentStateAdapter(10799): getCount
07-05 20:53:33.549 D/PowerManagerService( 1733): releaseWakeLockInternal: lock=681732318 [ActivityManager-Launch], flags=0x0
07-05 20:53:33.549 D/PowerManagerNotifier( 1733): onWakeLockReleased: flags=1, tag="ActivityManager-Launch", packageName=android, ownerUid=1000, ownerPid=1733, workSource=null
07-05 20:53:33.557 E/HttpDnsUtils(10799): http callCancel(): mViewTag = EntryActivity
07-05 20:53:33.568 D/PowerManagerService( 1733): setScreenBrightnessOverrideFromWindowManagerInternal done
07-05 20:53:33.572 D/OsdMonitorService( 1733): mCurrentWindow = com.hisense.hicloud.edca/com.hisense.tvui.newhome.HomeMainActivity; newWindow = com.hisense.hicloud.edca/com.hisense.tvui.newhome.HomeMainActivity; isSubWindow = false; isInWinList = false; isExitNow = false
07-05 20:53:33.572 D/OsdMonitorService( 1733): windowNotOsd() : name = com.hisense.hicloud.edca/com.hisense.tvui.newhome.HomeMainActivity
07-05 20:53:33.572 I/OsdMonitorService( 1733): setOsdStatus() : status will change from true to true
07-05 20:53:33.583 I/MyFragmentStateAdapter(10799): getCount
07-05 20:53:33.606 I/MyFragmentStateAdapter(10799): getCount
07-05 20:53:33.627 V/DataSource( 1206): sniff
07-05 20:53:33.627 I/FFmpegExtractor( 1206): android-source:0xb8bfe520
07-05 20:53:33.629 I/MyFragmentStateAdapter(10799): getCount
07-05 20:53:33.629 I/FFMPEG  ( 1206): [mov,mp4,m4a,3gp,3g2,mj2 @ 0xf346c400] Format mov,mp4,m4a,3gp,3g2,mj2 probed with size=2048 and score=100
07-05 20:53:33.630 D/MediaHTTPConnection(10799): [Connection@382292981] getSize mTotalSize = 218840697
07-05 20:53:33.630 I/FFMPEG  ( 1206): [mov,mp4,m4a,3gp,3g2,mj2 @ 0xf346c400] ISO: File Type Major Brand: isom
07-05 20:53:33.650 I/MyFragmentStateAdapter(10799): getCount
07-05 20:53:33.668 I/MyFragmentStateAdapter(10799): getCount
07-05 20:53:33.678 D/FFmpegExtractor( 1206): FFmpegExtrator, url: android-source:0xb8bfe520, format_name: mov,mp4,m4a,3gp,3g2,mj2, format_long_name: QuickTime / MOV
07-05 20:53:33.678 D/FFmpegExtractor( 1206): suppoted codec(h264) by official Stagefright
07-05 20:53:33.678 D/FFmpegExtractor( 1206): suppoted codec(aac) by official Stagefright
07-05 20:53:33.679 I/FFMPEG  ( 1206): [AVIOContext @ 0xb8bfe660] Statistics: 426780 bytes read, 0 seeks
07-05 20:53:33.679 D/FFmpegExtractor( 1206): ffmpeg detected media content as 'video/mp4' with confidence 0.08
07-05 20:53:33.697 D/PowerManagerService( 1733): acquireWakeLockInternal: lock=113832109, flags=0x1, tag="NetworkStats", ws=null, uid=1000, pid=1733
07-05 20:53:33.697 D/PowerManagerNotifier( 1733): onWakeLockAcquired: flags=1, tag="NetworkStats", packageName=android, ownerUid=1000, ownerPid=1733, workSource=null
07-05 20:53:33.697 D/NtpTrustedTime( 1733): currentTimeMillis() cache hit
07-05 20:53:33.703 D/NtpTrustedTime( 1733): currentTimeMillis() cache hit
07-05 20:53:33.712 D/NtpTrustedTime( 1733): currentTimeMillis() cache hit
07-05 20:53:33.712 D/PowerManagerService( 1733): releaseWakeLockInternal: lock=113832109 [NetworkStats], flags=0x0
07-05 20:53:33.712 D/NtpTrustedTime( 1733): currentTimeMillis() cache hit
07-05 20:53:33.713 D/PowerManagerNotifier( 1733): onWakeLockReleased: flags=1, tag="NetworkStats", packageName=android, ownerUid=1000, ownerPid=1733, workSource=null
07-05 20:53:33.724 I/MyFragmentStateAdapter(10799): getCount
07-05 20:53:33.751 I/MyFragmentStateAdapter(10799): getCount
07-05 20:53:33.756 E/btif_config( 2964): [btif_config_get] node is TRUE!
07-05 20:53:33.756 E/btif_config( 2964): [btif_config_get] ret is TRUE!
07-05 20:53:33.782 I/MyFragmentStateAdapter(10799): getCount
07-05 20:53:33.807 I/MyFragmentStateAdapter(10799): getCount
07-05 20:53:33.831 I/MyFragmentStateAdapter(10799): getCount
07-05 20:53:33.861 I/MyFragmentStateAdapter(10799): getCount
07-05 20:53:33.879 V/MediaExtractor( 1206): MediaExtractor::Create mime:video/mp4 ---- Enter
07-05 20:53:33.879 V/MediaExtractor( 1206): maomao::MediaExtractor::Create mime:isCts is 0
07-05 20:53:33.881 I/FFMPEG  ( 1206): [mov,mp4,m4a,3gp,3g2,mj2 @ 0xf346c400] Format mov,mp4,m4a,3gp,3g2,mj2 probed with size=2048 and score=100
07-05 20:53:33.881 I/FFMPEG  ( 1206): [mov,mp4,m4a,3gp,3g2,mj2 @ 0xf346c400] ISO: File Type Major Brand: isom
07-05 20:53:33.883 D/Carousel-SimpleVideoView(10799): speedKB=2079
07-05 20:53:33.883 D/Carousel-SimpleVideoView(10799): msg.arg1=1
07-05 20:53:33.906 I/MyFragmentStateAdapter(10799): getCount
07-05 20:53:33.930 I/FFMPEG  ( 1206): [mov,mp4,m4a,3gp,3g2,mj2 @ 0xf346c400] orig_nb_streams(2)
07-05 20:53:33.930 I/FFMPEG  ( 1206): [mov,mp4,m4a,3gp,3g2,mj2 @ 0xf346c400] Before avformat_find_stream_info() pos: 413026 bytes read:426780 seeks:0
07-05 20:53:33.932 I/FFMPEG  ( 1206): [NULL @ 0xf34df400] [Eval @ 0xf1104eec] Undefined constant or missing '(' in ''
07-05 20:53:33.932 I/FFMPEG  ( 1206): [NULL @ 0xf34df400] Unable to parse option value ""
