07-05 23:51:30.699 D/OkHttp  (12969): <-- 200 OK http://api.edu.hismarttv.com/payment/api/get/experience/member?uuid=13287129&mac=a8:a6:48:18:fc:a8&devid=86100300900000500000060a4818fca8&version=00.002.003&subscriberId=13287129&customerId=7195320&model_id=0&APPPackage=com.hisense.hicloud.edca&PFAPPCode=652&APPVersionName=3.0.0.9.00&ChannelId=0&softwareVersion=LED50MU8600UC0000888&tv_distribute_id=00&devType=0&APIVersion=600&accessToken=72DF6038D2AEAB8A76DFBBBBCC428A4A_002965990110491 (40ms)
07-05 23:51:30.699 D/OkHttp  (12969): Server: nginx
07-05 23:51:30.699 D/OkHttp  (12969): Date: Wed, 05 Jul 2017 15:51:30 GMT
07-05 23:51:30.699 D/OkHttp  (12969): Content-Type: application/json
07-05 23:51:30.699 D/OkHttp  (12969): Content-Length: 289
07-05 23:51:30.699 D/OkHttp  (12969): Connection: close
07-05 23:51:30.699 D/OkHttp  (12969): <-- END HTTP
07-05 23:51:30.713 D/HttpHandler(12969): RetryIntercepter-->retryNum=0
07-05 23:51:30.713 D/HttpHandler(12969): RetryIntercepter-->backoffmutiplier=0
07-05 23:51:30.715 I/MyFragmentStateAdapter(12969): getCount
07-05 23:51:30.718 D/HttpHandler(12969): VerifySignInterCeptor-->dateType=1
07-05 23:51:30.718 D/HttpHandler(12969): VerifySignInterCeptor-->HttpRequestManager.httpClietOption.getVerifyFlag()=1
07-05 23:51:30.719 D/HttpHandler(12969): VerifySignInterCeptor-->content={"message": "\u6ca1\u6709\u67e5\u8be2\u5230id\u4e3a0\u7684\u5f39\u7a97\u4fe1\u606f", "success": false}
07-05 23:51:30.732 D/Carousel-SimpleVideoView(12969): onReceive net connected.
07-05 23:51:30.732 I/SurfaceView(12969): Changes: creating=false format=false size=false visible=false left=false top=false
07-05 23:51:30.733 I/SurfaceView(12969): Cur surface: Surface(name=null)/@0xad4e5c8
07-05 23:51:30.734 D/Surface ( 1733): onStatusChange() : mNativeObject = 547819097600 mUseImageHwRender = false
07-05 23:51:30.734 V/Surface ( 1733): nativeSetHardwareRender() : status = 0
07-05 23:51:30.734 V/Surface ( 1733): nativeSetHardwareRender() : end
07-05 23:51:30.736 D/PowerManagerService( 1733): setScreenBrightnessOverrideFromWindowManagerInternal done
07-05 23:51:30.739 D/Surface ( 1733): onStatusChange() : mNativeObject = 0 mUseImageHwRender = false
07-05 23:51:30.739 D/Surface (12969): onStatusChange() : mNativeObject = -195875584 mUseImageHwRender = false
07-05 23:51:30.739 V/Surface (12969): nativeSetHardwareRender() : status = 0
07-05 23:51:30.739 V/Surface (12969): nativeSetHardwareRender() : end
07-05 23:51:30.739 I/SurfaceView(12969): New surface: Surface(name=null)/@0x3b58f661, vis=true, frame=Rect(549, 205 - 1365, 665)
07-05 23:51:30.739 D/Surface (12969): onStatusChange() : mNativeObject = 0 mUseImageHwRender = false
07-05 23:51:30.739 D/Surface (12969): onStatusChange() : mNativeObject = -195875584 mUseImageHwRender = false
07-05 23:51:30.740 V/Surface (12969): nativeSetHardwareRender() : status = 0
07-05 23:51:30.740 V/Surface (12969): nativeSetHardwareRender() : end
07-05 23:51:30.740 I/SurfaceView(12969): surfaceRedrawNeeded
07-05 23:51:30.740 I/SurfaceView(12969): finishedDrawing
07-05 23:51:30.741 V/SurfaceView(12969): Layout: x=549 y=205 w=816 h=460, frame=Rect(0, 0 - 816, 460)
07-05 23:51:30.749 D/HiNetworkImpl(12969): doHttp_Asyn(): onReqResponse isSuccessful = true, back from thread: main
07-05 23:51:30.750 I/HiNetworkImpl(12969): doHttp_Asyn(): onSuccess clazz = class com.hisense.sdk.domain.ResponseResult, back from thread: main
07-05 23:51:30.750 I/HomeMainActivity(12969): finishHttpTime : 18732321   544
07-05 23:51:30.751 D/til@system( 2026): til_get_system_param option:1000007 int:-1936522112, bool:128, ret:0
07-05 23:51:30.752 D/til@system( 2026): til_get_system_param option:1000009 int:-1936522368, bool:128, ret:0
07-05 23:51:30.754 D/til@system( 2026): til_get_system_param option:1000008 int:-1815632896, bool:0, ret:0
07-05 23:51:30.754 D/HiSDKLogReport(12969): getOperationDetail-productName : LED50MU8600UC
07-05 23:51:30.754 D/HiSDKLogReport(12969): getOperationDetail-plmNumber : 88888
07-05 23:51:30.754 D/HiSDKLogReport(12969): getOperationDetail-swVersion : V0000.00.01A
07-05 23:51:30.754 D/HiSDKLogReport(12969): getOperationDetail-operationDetail : LED50MU8600UC0000888
07-05 23:51:30.755 D/HiSDKLogReport(12969): processLogReport-log : {eventType=163, appKey=1182445233, APPVersionName=3.0.0.9.00, devid=86100300900000500000060a4818fca8, mac=a8:a6:48:18:fc:a8, uuid=13287129, accessToken=72DF6038D2AEAB8A76DFBBBBCC428A4A_002965990110491, APIversion=501, logversion=2.0, devType=0, APPPackage=com.hisense.hicloud.edca, eventPos=002, requesttime=1499269890755, customerId=7195320, value2=, eventMessage=HttpConnection, value1=544, model_id=0, ChannelId=0, version=00.002.003, tv_distribute_id=00, subscriberId=13287129, APIVersion=600, PFAPPCode=652, softwareVersion=LED50MU8600UC0000888}
07-05 23:51:30.756 I/HomeMainActivity.java(12969): VodLog-[onSuccess:1016]postExperienceVIP request fail.Error Message: id0
07-05 23:51:30.759 I/TVMW@devctrl( 1234): wdt
07-05 23:51:30.763 W/System.err(12969): java.net.ConnectException: failed to connect to /10.18.210.112 (port 8900) after 6000ms: isConnected failed: ECONNREFUSED (Connection refused)
07-05 23:51:30.763 W/System.err(12969): 	at libcore.io.IoBridge.isConnected(IoBridge.java:238)
07-05 23:51:30.763 W/System.err(12969): 	at libcore.io.IoBridge.connectErrno(IoBridge.java:171)
07-05 23:51:30.763 W/System.err(12969): 	at libcore.io.IoBridge.connect(IoBridge.java:122)
07-05 23:51:30.763 W/System.err(12969): 	at java.net.PlainSocketImpl.connect(PlainSocketImpl.java:183)
07-05 23:51:30.763 W/System.err(12969): 	at java.net.PlainSocketImpl.connect(PlainSocketImpl.java:456)
07-05 23:51:30.763 W/System.err(12969): 	at java.net.Socket.connect(Socket.java:882)
07-05 23:51:30.763 W/System.err(12969): 	at com.android.okhttp.internal.Platform.connectSocket(Platform.java:174)
07-05 23:51:30.763 W/System.err(12969): 	at com.android.okhttp.Connection.connect(Connection.java:152)
07-05 23:51:30.763 W/System.err(12969): 	at com.android.okhttp.internal.http.HttpEngine.connect(HttpEngine.java:276)
07-05 23:51:30.763 W/System.err(12969): 	at com.android.okhttp.internal.http.HttpEngine.sendRequest(HttpEngine.java:211)
07-05 23:51:30.763 W/System.err(12969): 	at com.android.okhttp.internal.http.HttpURLConnectionImpl.execute(HttpURLConnectionImpl.java:382)
07-05 23:51:30.763 W/System.err(12969): 	at com.android.okhttp.internal.http.HttpURLConnectionImpl.connect(HttpURLConnectionImpl.java:106)
07-05 23:51:30.763 W/System.err(12969): 	at com.hisense.hitv.hicloud.util.ExceptionReport.a(ExceptionReport.java:337)
07-05 23:51:30.764 W/System.err(12969): 	at com.hisense.hitv.hicloud.util.ExceptionReport.a(ExceptionReport.java:39)
07-05 23:51:30.765 W/System.err(12969): 	at com.hisense.hitv.hicloud.util.ExceptionReport$1.run(ExceptionReport.java:83)
07-05 23:51:30.765 W/System.err(12969): 	at java.lang.Thread.run(Thread.java:818)
07-05 23:51:30.765 W/System.err(12969): Caused by: android.system.ErrnoException: isConnected failed: ECONNREFUSED (Connection refused)
07-05 23:51:30.765 W/System.err(12969): 	at libcore.io.IoBridge.isConnected(IoBridge.java:223)
07-05 23:51:30.765 W/System.err(12969): 	... 15 more
07-05 23:51:30.772 I/MyFragmentStateAdapter(12969): getCount
07-05 23:51:30.831 I/MyFragmentStateAdapter(12969): getCount
07-05 23:51:30.837 D/HttpHandler(12969): VerifySignInterCeptor-->request.url()=http://picture.edu.hismarttv.com/images/20170629/%E8%8B%B1%E8%AF%AD%E5%90%AF%E8%92%99.jpg
07-05 23:51:30.838 D/HttpHandler(12969): VerifySignInterCeptor-->hostname=picture.edu.hismarttv.com
07-05 23:51:30.840 D/OkHttp  (12969): --> GET http://picture.edu.hismarttv.com/images/20170629/%E8%8B%B1%E8%AF%AD%E5%90%AF%E8%92%99.jpg http/1.1
07-05 23:51:30.840 D/OkHttp  (12969): Host: picture.edu.hismarttv.com
07-05 23:51:30.840 D/OkHttp  (12969): Connection: Keep-Alive
07-05 23:51:30.840 D/OkHttp  (12969): Accept-Encoding: gzip
07-05 23:51:30.840 D/OkHttp  (12969): User-Agent: okhttp/3.6.0
07-05 23:51:30.840 D/OkHttp  (12969): --> END GET
07-05 23:51:30.855 I/MyFragmentStateAdapter(12969): getCount
07-05 23:51:30.856 I/MyFragmentStateAdapter(12969): getCount
07-05 23:51:30.856 I/MyFragmentStateAdapter(12969): getCount
07-05 23:51:30.856 I/MyFragmentStateAdapter(12969): getCount
07-05 23:51:30.861 I/MyFragmentStateAdapter(12969): getCount
07-05 23:51:30.863 D/OkHttp  (12969): <-- 200 OK http://picture.edu.hismarttv.com/images/20170629/%E8%8B%B1%E8%AF%AD%E5%90%AF%E8%92%99.jpg (18ms)
07-05 23:51:30.863 D/OkHttp  (12969): Date: Fri, 30 Jun 2017 07:45:35 GMT
07-05 23:51:30.863 D/OkHttp  (12969): Server: nginx
07-05 23:51:30.863 D/OkHttp  (12969): Content-Type: image/jpeg
07-05 23:51:30.863 D/OkHttp  (12969): Content-Length: 57011
07-05 23:51:30.863 D/OkHttp  (12969): Last-Modified: Fri, 09 Jun 2017 14:49:58 GMT
07-05 23:51:30.863 D/OkHttp  (12969): ETag: "593ab596-deb3"
07-05 23:51:30.863 D/OkHttp  (12969): Accept-Ranges: bytes
07-05 23:51:30.863 D/OkHttp  (12969): Age: 461155
07-05 23:51:30.863 D/OkHttp  (12969): Via: 1.1 txz42:1 (Cdn Cache Server V2.0)[19 200 0], 1.1 hangwangtong56:5 (Cdn Cache Server V2.0)[0 200 0]
07-05 23:51:30.863 D/OkHttp  (12969): Connection: keep-alive
07-05 23:51:30.863 D/OkHttp  (12969): <-- END HTTP
07-05 23:51:30.864 D/HttpHandler(12969): RetryIntercepter-->retryNum=0
07-05 23:51:30.864 D/HttpHandler(12969): RetryIntercepter-->backoffmutiplier=0
07-05 23:51:30.869 I/MiSysSrv( 1214): [37m[INFO] Change to Voltage: 107 mv (0x28)[m
07-05 23:51:30.886 I/MyFragmentStateAdapter(12969): getCount
07-05 23:51:30.931 I/MyFragmentStateAdapter(12969): getCount
07-05 23:51:30.941 D/HttpHandler(12969): VerifySignInterCeptor-->request.url()=http://picture.edu.hismarttv.com/images/20170629/%E5%93%88%E5%88%A9%E8%AE%B2%E6%95%85%E4%BA%8B%EF%BC%88%E4%B8%80%EF%BC%89.jpg
07-05 23:51:30.941 D/HttpHandler(12969): VerifySignInterCeptor-->hostname=picture.edu.hismarttv.com
07-05 23:51:30.942 D/OkHttp  (12969): --> GET http://picture.edu.hismarttv.com/images/20170629/%E5%93%88%E5%88%A9%E8%AE%B2%E6%95%85%E4%BA%8B%EF%BC%88%E4%B8%80%EF%BC%89.jpg http/1.1
07-05 23:51:30.943 D/OkHttp  (12969): Host: picture.edu.hismarttv.com
07-05 23:51:30.943 D/OkHttp  (12969): Connection: Keep-Alive
07-05 23:51:30.943 D/OkHttp  (12969): Accept-Encoding: gzip
07-05 23:51:30.943 D/OkHttp  (12969): User-Agent: okhttp/3.6.0
07-05 23:51:30.943 D/OkHttp  (12969): --> END GET
07-05 23:51:30.955 I/MyFragmentStateAdapter(12969): getCount
07-05 23:51:30.955 I/MyFragmentStateAdapter(12969): getCount
07-05 23:51:30.955 I/MyFragmentStateAdapter(12969): getCount
07-05 23:51:30.955 I/MyFragmentStateAdapter(12969): getCount
07-05 23:51:30.961 I/MyFragmentStateAdapter(12969): getCount
07-05 23:51:30.962 D/OkHttp  (12969): <-- 200 OK http://picture.edu.hismarttv.com/images/20170629/%E5%93%88%E5%88%A9%E8%AE%B2%E6%95%85%E4%BA%8B%EF%BC%88%E4%B8%80%EF%BC%89.jpg (19ms)
07-05 23:51:30.962 D/OkHttp  (12969): Date: Mon, 03 Jul 2017 11:02:37 GMT
07-05 23:51:30.962 D/OkHttp  (12969): Server: nginx
07-05 23:51:30.962 D/OkHttp  (12969): Content-Type: image/jpeg
07-05 23:51:30.962 D/OkHttp  (12969): Content-Length: 135983
07-05 23:51:30.962 D/OkHttp  (12969): Last-Modified: Fri, 09 Jun 2017 14:51:44 GMT
07-05 23:51:30.962 D/OkHttp  (12969): ETag: "593ab600-2132f"
07-05 23:51:30.962 D/OkHttp  (12969): Accept-Ranges: bytes
07-05 23:51:30.962 D/OkHttp  (12969): Age: 190133
07-05 23:51:30.962 D/OkHttp  (12969): Via: 1.1 chzhwt170:9 (Cdn Cache Server V2.0)[0 200 0], 1.1 t93:2 (Cdn Cache Server V2.0)[0 200 0]
07-05 23:51:30.962 D/OkHttp  (12969): Connection: keep-alive
07-05 23:51:30.962 D/OkHttp  (12969): <-- END HTTP
07-05 23:51:30.967 D/HttpHandler(12969): RetryIntercepter-->retryNum=0
07-05 23:51:30.967 D/HttpHandler(12969): RetryIntercepter-->backoffmutiplier=0
07-05 23:51:30.969 I/MiSysSrv( 1214): [37m[INFO] Change to Voltage: 102 mv (0x23)[m
07-05 23:51:30.983 I/MyFragmentStateAdapter(12969): getCount
07-05 23:51:31.026 I/NetflixMonitorService( 1733): current fgapk : com.hisense.hicloud.edca
07-05 23:51:31.026 I/NetflixMonitorService( 1733): Netflix status unchanged
07-05 23:51:31.038 I/MyFragmentStateAdapter(12969): getCount
07-05 23:51:31.069 I/MiSysSrv( 1214): [37m[INFO] Change to Voltage: 117 mv (0x32)[m
07-05 23:51:31.099 I/dex2oat (13107): dex2oat took 3.323s (threads: 4) arena alloc=270KB java alloc=10MB native alloc=6MB free=9MB
07-05 23:51:31.100 I/MyFragmentStateAdapter(12969): getCount
07-05 23:51:31.118 D/HttpHandler(12969): VerifySignInterCeptor-->request.url()=http://picture.edu.hismarttv.com/images/20170629/30%E5%A4%A9%E5%86%99%E5%87%BA%E4%B8%80%E6%89%8B%E5%A5%BD%E5%AD%9720161129021942268280.jpg
07-05 23:51:31.119 D/HttpHandler(12969): VerifySignInterCeptor-->hostname=picture.edu.hismarttv.com
07-05 23:51:31.120 D/OkHttp  (12969): --> GET http://picture.edu.hismarttv.com/images/20170629/30%E5%A4%A9%E5%86%99%E5%87%BA%E4%B8%80%E6%89%8B%E5%A5%BD%E5%AD%9720161129021942268280.jpg http/1.1
07-05 23:51:31.120 D/OkHttp  (12969): Host: picture.edu.hismarttv.com
07-05 23:51:31.120 D/OkHttp  (12969): Connection: Keep-Alive
07-05 23:51:31.120 D/OkHttp  (12969): Accept-Encoding: gzip
07-05 23:51:31.120 D/OkHttp  (12969): User-Agent: okhttp/3.6.0
07-05 23:51:31.120 D/OkHttp  (12969): --> END GET
07-05 23:51:31.137 I/TVMW@HsTvSetting( 1234): Trace cmd, data = 0x1058
07-05 23:51:31.141 D/til@system( 2026): til_get_system_param option:100002F int:0, bool:0, ret:0
07-05 23:51:31.142 I/TVMW@HsTvSetting( 1234): Trace cmd, data = 0x101f
07-05 23:51:31.142 D/til@system( 2026): til_get_system_param option:100001D int:3, bool:3, ret:0
07-05 23:51:31.142 E/til     ( 2026): [til_get_current_input_source, 101] 
07-05 23:51:31.142 I/TVMW@HsTvSetting( 1234): Trace cmd, data = 0x7007
07-05 23:51:31.143 I/tilwrapper@sm( 2026): HS2TIL_SourceType *hs=0xd, *til=0x900
07-05 23:51:31.143 D/til     ( 2026): get current source 2304
07-05 23:51:31.143 D/SourceRemoteServiceHandler( 2026): getCurrentInputSource.from.til.result is 0, value is 2304
07-05 23:51:31.143 D/SourceRemoteServiceHandler( 2026): getInputSourceType source: 0x900, type=2304
07-05 23:51:31.143 D/til     ( 2026): ###### func:til_get_picture_param option:0x3000006 ######  
07-05 23:51:31.143 I/TVMW@HsTvSetting( 1234): Trace cmd, data = 0x1003
07-05 23:51:31.143 I/TVMW@HsTvSetting( 1234): Trace cmd, data = 0x8032
07-05 23:51:31.144 E/TVMW@videoctrl( 1234):  getOsd is 1
07-05 23:51:31.144 I/hstvos  ( 1216): [0m[1;33m[HSHAL][HS_VIDEO][HS_HAL_Video_SetOsdDetect_v2][2389]u16Threshold = 20
07-05 23:51:31.144 I/MiSysSrv( 1214): Not support now! 42, change to mm_video!!!
07-05 23:51:31.144 D/til@system( 2026): til_get_system_param option:1000027 int:1, bool:1, ret:0
07-05 23:51:31.144 D/til     ( 2026): ###### func:til_get_picture_param option:0x3000045 ######  
07-05 23:51:31.145 I/TVMW@HsTvSetting( 1234): Trace cmd, data = 0x300c
07-05 23:51:31.145 I/TVMW@HsTvSetting( 1234): Trace 3d, data = 0x300c
07-05 23:51:31.145 I/TVMW@3d ( 1234): Hs_debug3d_trace: func:get3dStatus, line:109
07-05 23:51:31.156 I/MyFragmentStateAdapter(12969): getCount
07-05 23:51:31.157 I/MyFragmentStateAdapter(12969): getCount
07-05 23:51:31.158 D/OkHttp  (12969): <-- 200 OK http://picture.edu.hismarttv.com/images/20170629/30%E5%A4%A9%E5%86%99%E5%87%BA%E4%B8%80%E6%89%8B%E5%A5%BD%E5%AD%9720161129021942268280.jpg (19ms)
07-05 23:51:31.158 D/OkHttp  (12969): Date: Mon, 03 Jul 2017 11:02:37 GMT
07-05 23:51:31.158 D/OkHttp  (12969): Server: nginx
07-05 23:51:31.158 D/OkHttp  (12969): Content-Type: image/jpeg
07-05 23:51:31.158 D/OkHttp  (12969): Content-Length: 137170
07-05 23:51:31.158 D/OkHttp  (12969): Last-Modified: Fri, 09 Jun 2017 14:48:12 GMT
07-05 23:51:31.158 D/OkHttp  (12969): ETag: "593ab52c-217d2"
07-05 23:51:31.158 D/OkHttp  (12969): Accept-Ranges: bytes
07-05 23:51:31.158 D/OkHttp  (12969): Age: 190133
07-05 23:51:31.159 D/OkHttp  (12969): Via: 1.1 changzhiwangtong169:2 (Cdn Cache Server V2.0)[0 200 0], 1.1 angtong92:5 (Cdn Cache Server V2.0)[0 200 0]
07-05 23:51:31.159 D/OkHttp  (12969): Connection: keep-alive
07-05 23:51:31.159 D/OkHttp  (12969): <-- END HTTP
07-05 23:51:31.159 W/PluginProviderBuilder(12969): createDexClassLoader() return dalvik.system.DexClassLoader[DexPathList[[zip file "/data/data/com.hisense.hicloud.edca/files/plugin/2.1.0.59986/pluginplayer/1.64.0.59984/pluginplayer-release-1.64.0.59984.apk"],nativeLibraryDirectories=[/vendor/lib, /system/lib]]]
07-05 23:51:31.160 D/HttpHandler(12969): RetryIntercepter-->retryNum=0
07-05 23:51:31.160 D/HttpHandler(12969): RetryIntercepter-->backoffmutiplier=0
07-05 23:51:31.162 I/MyFragmentStateAdapter(12969): getCount
07-05 23:51:31.163 I/MyFragmentStateAdapter(12969): getCount
07-05 23:51:31.163 I/art     (12969): Background partial concurrent mark sweep GC freed 19384(1244KB) AllocSpace objects, 1(1502KB) LOS objects, 10% free, 32MB/36MB, paused 8.145ms total 107.359ms
07-05 23:51:31.164 W/ContextClassLoaderSwitcher(12969): ClassLoaderSwitcher doSwitch(com.hisense.hicloud.edca.BaseApplication@2adbac5c, dalvik.system.DexClassLoader[DexPathList[[zip file "/data/data/com.hisense.hicloud.edca/files/plugin/2.1.0.59986/pluginplayer/1.64.0.59984/pluginplayer-release-1.64.0.59984.apk"],nativeLibraryDirectories=[/vendor/lib, /system/lib]]])
07-05 23:51:31.164 D/NativeDecimalFormat(12969): NativeDecimalFormat_close print addr=4098419200
07-05 23:51:31.164 D/NativeDecimalFormat(12969): NativeDecimalFormat_close print g_addr=4098419968
07-05 23:51:31.164 D/NativeDecimalFormat(12969): NativeDecimalFormat_close print addr=4098419968
07-05 23:51:31.164 D/NativeDecimalFormat(12969): NativeDecimalFormat_close print g_addr=4098419968
07-05 23:51:31.164 W/ObjectMethodHolder(12969): >> invoke() mMethodName=getBaseContext, mCached=false, mCacheValue=true, mMethod=null
07-05 23:51:31.167 W/ObjectMethodHolder(12969): << invoke() mMethodName=getBaseContext, mCached=true, mCacheValue=true, mMethod=public android.content.Context android.content.ContextWrapper.getBaseContext() return android.app.ContextImpl{android.app.ContextImpl@12f11099}
07-05 23:51:31.169 W/ObjectMethodHolder(12969): >> invoke() mMethodName=getClassLoader, mCached=false, mCacheValue=true, mMethod=null
07-05 23:51:31.169 W/ObjectMethodHolder(12969): << invoke() mMethodName=getClassLoader, mCached=true, mCacheValue=true, mMethod=public java.lang.ClassLoader android.app.LoadedApk.getClassLoader() return dalvik.system.PathClassLoader{dalvik.system.PathClassLoader[DexPathList[[zip file "/data/app/com.hisense.hicloud.edca-2/base.apk"],nativeLibraryDirectories=[/data/app/com.hisense.hicloud.edca-2/lib/arm, /vendor/lib, /system/lib]]]}
07-05 23:51:31.170 I/MyFragmentStateAdapter(12969): getCount
07-05 23:51:31.170 W/PluginProviderBuilder(12969): createPluginContext() return /data/app/com.hisense.hicloud.edca-2/base.apk
07-05 23:51:31.179 D/Carousel-CarouselVideoViewImpl(12969): msg start play.
07-05 23:51:31.179 D/Carousel-SimpleVideoView(12969): setVideoPath path:http://jhxvideo-ws.video-tx.com/rendition/201705/205989353451683841/205989353451684353/bb/243216185158536196/243216215223308548/r243216215223308548-3200k-1920x1080.mp4
07-05 23:51:31.181 D/Carousel-UrlVideoView(12969): openVideo
07-05 23:51:31.184 V/MediaPlayer-JNI(12969): native_setup
07-05 23:51:31.185 V/AudioFlinger( 1206): registerClient() client 0xb8930178, pid 12969
07-05 23:51:31.186 E/audio_hw_primary( 1206): out_get_latency ret 10ms
07-05 23:51:31.186 E/audio_hw_primary( 1206): out_get_latency ret 10ms
07-05 23:51:31.187 D/PowerManagerService( 1733): acquireWakeLockInternal: lock=384096346, flags=0x1, tag="AudioMix", ws=null, uid=1013, pid=0
07-05 23:51:31.187 D/PowerManagerNotifier( 1733): onWakeLockAcquired: flags=1, tag="AudioMix", packageName=media, ownerUid=1013, ownerPid=0, workSource=null
07-05 23:51:31.187 V/AudioFlinger( 1206): acquiring 740 from 12969, for -1
07-05 23:51:31.187 V/AudioFlinger( 1206):  added new entry for 740
07-05 23:51:31.187 V/MediaPlayer-JNI(12969): get_session_id()
07-05 23:51:31.187 D/Carousel-Utils(12969): origin url is : http://jhxvideo-ws.video-tx.com/rendition/201705/205989353451683841/205989353451684353/bb/243216185158536196/243216215223308548/r243216215223308548-3200k-1920x1080.mp4
07-05 23:51:31.187 D/Carousel-Utils(12969): time=1499269889
07-05 23:51:31.187 D/PowerManagerService( 1733): acquireWakeLockInternal: lock=687323787, flags=0x1, tag="AudioMix", ws=null, uid=1013, pid=0
07-05 23:51:31.188 D/PowerManagerNotifier( 1733): onWakeLockAcquired: flags=1, tag="AudioMix", packageName=media, ownerUid=1013, ownerPid=0, workSource=null
07-05 23:51:31.188 D/Carousel-UrlVideoView(12969): encryptUrlIfNecessary url=http://jhxvideo-ws.video-tx.com/rendition/201705/205989353451683841/205989353451684353/bb/243216185158536196/243216215223308548/r243216215223308548-3200k-1920x1080.mp4?wsSecret=482dbcf984e9d592fc90c21c100e1373&wsTime=595d0b01
07-05 23:51:31.188 D/MediaPlayer(12969): Couldn't open file on client side, trying server side
07-05 23:51:31.188 D/PowerManagerService( 1733): updateWakeLockWorkSourceInternal: lock=687323787 [AudioMix], ws=null
07-05 23:51:31.189 V/MediaPlayer-JNI(12969): setDataSource: path http://jhxvideo-ws.video-tx.com/rendition/201705/205989353451683841/205989353451684353/bb/243216185158536196/243216215223308548/r243216215223308548-3200k-1920x1080.mp4?wsSecret=482dbcf984e9d592fc90c21c100e1373&wsTime=595d0b01
07-05 23:51:31.189 D/PowerManagerService( 1733): updateWakeLockWorkSourceInternal: lock=384096346 [AudioMix], ws=null
07-05 23:51:31.192 V/NuPlayer( 1206): [NuPlayer-264]
07-05 23:51:31.192 I/NuPlayer( 1206): NuPlayerRMClientListener::NuPlayerRMClientListener
07-05 23:51:31.192 V/RMClient( 1206): #470:RMClient
07-05 23:51:31.192 V/NuPlayer( 1206): kWhatSetAudioSink
07-05 23:51:31.192 V/NuPlayer( 1206): kWhatSetDataSource
07-05 23:51:31.193 V/NuPlayer( 1206): kWhatSetVideoNativeWindow
07-05 23:51:31.193 W/ALooperRoster( 1206): failed to post message. Target handler 0 still registered, but object gone.
07-05 23:51:31.193 V/NuPlayer( 1206): performSetSurface
07-05 23:51:31.193 V/MediaPlayer-JNI(12969): setAudioStreamType: 3
07-05 23:51:31.194 E/MediaPlayer-JNI(12969): android_media_MediaPlayer_prepareAsync call getSubtitleSurface
07-05 23:51:31.194 E/MediaPlayer-JNI(12969): android_media_MediaPlayer_prepareAsync call setSubtitleSurfaceTexture
07-05 23:51:31.194 E/        (12969): setSubtitleSurfaceTexture
07-05 23:51:31.194 D/Carousel-log_video-(12969): onStartPlay!
07-05 23:51:31.194 D/Carousel-log_video-(12969): ==Start play,isReplayState:false
07-05 23:51:31.194 D/Carousel-log_video-(12969): =Stop play previous channel log.
07-05 23:51:31.194 D/Carousel-log_video-(12969): submitPlayStopLog mLogPlayState:5
07-05 23:51:31.195 D/Carousel-log_video-(12969): Invalid log info.
07-05 23:51:31.195 D/Carousel-log_video-(12969): ==Start play log:start,other,duration:0
07-05 23:51:31.195 D/Carousel-log_(12969): ===(Main-Video-278001)-{srccolumnid=3, eventType=278, srcgroupid=10001, appversionname=2.0.0.6, srctabid=0, license=hisense, eventcode=278001, deviceid=86100300900000500000060a4818fca8, mediaid=351, eventPos=001, sessionid=399f32c6a53b4de0b38ac2903b8ebdda, srcpackagename=com.hisense.hicloud.edca, subscriberid=13287129, playactionuuid=bbdbb907-f47a-43e7-b9f1-9495f2de4b2b, version=2.1, devicemsg=LED50MU8600UC0000888, isall=0, customerid=7195320, srcrowid=0, srceventcode=280000}
07-05 23:51:31.197 D/Carousel-CarouselVideoViewImpl(12969): getPosition()=0
07-05 23:51:31.202 D/Player/PluginProvider@3308df5e(12969): [TID 13001] PluginProvider() new
07-05 23:51:31.202 I/MyFragmentStateAdapter(12969): getCount
07-05 23:51:31.202 W/AbsPluginProvider(12969): initialize<<(hostContext=com.hisense.hicloud.edca.BaseApplication@2adbac5c, context=com.qiyi.sdk.plugin.server.core.ContextProxy@f89ef3f, params={lib_dir=/data/data/com.hisense.hicloud.edca/files/plugin/2.1.0.59986/pluginplayer/1.64.0.59984/pluginplayer-release-1.64.0.59984-libs, file_path=/data/data/com.hisense.hicloud.edca/files/plugin/2.1.0.59986/pluginplayer/1.64.0.59984/pluginplayer-release-1.64.0.59984.apk}, info=AppInfo(hostVersion=2.1.0.59986mHostAllowDebug=false))
07-05 23:51:31.205 D/Player/PluginProvider@3308df5e(12969): [TID 13001] onInitialize() lib path=/data/data/com.hisense.hicloud.edca/files/plugin/2.1.0.59986/pluginplayer/1.64.0.59984/pluginplayer-release-1.64.0.59984-libs
07-05 23:51:31.205 I/LogUtils(12969): [TID 13001] log is open
07-05 23:51:31.206 D/MediaHTTPConnection(12969): connect: uri=http://jhxvideo-ws.video-tx.com/rendition/201705/205989353451683841/205989353451684353/bb/243216185158536196/243216215223308548/r243216215223308548-3200k-1920x1080.mp4?wsSecret=482dbcf984e9d592fc90c21c100e1373&wsTime=595d0b01, headers=User-Agent: stagefright/1.2 (Linux;Android 5.1.1)
07-05 23:51:31.208 D/MediaHTTPConnection(12969): seekTo 0
07-05 23:51:31.209 D/MediaHTTPConnection(12969): hitting http://jhxvideo-ws.video-tx.com/rendition/201705/205989353451683841/205989353451684353/bb/243216185158536196/243216215223308548/r243216215223308548-3200k-1920x1080.mp4?wsSecret=482dbcf984e9d592fc90c21c100e1373&wsTime=595d0b01
07-05 23:51:31.213 D/Player/PluginProvider@3308df5e(12969): [TID 13001] setupSdkFeature()
07-05 23:51:31.220 D/OkHttp  (12969): <-- 200 OK http://picture.edu.hismarttv.com/images/20170628121916725281.png (3119ms)
07-05 23:51:31.220 D/OkHttp  (12969): Date: Wed, 05 Jul 2017 07:50:19 GMT
07-05 23:51:31.220 D/OkHttp  (12969): Server: nginx
07-05 23:51:31.220 D/OkHttp  (12969): Content-Type: image/png
07-05 23:51:31.220 D/OkHttp  (12969): Content-Length: 2555
07-05 23:51:31.220 D/OkHttp  (12969): Last-Modified: Wed, 28 Jun 2017 12:19:16 GMT
07-05 23:51:31.220 D/OkHttp  (12969): ETag: "59539ec4-9fb"
07-05 23:51:31.220 D/OkHttp  (12969): Accept-Ranges: bytes
07-05 23:51:31.220 D/OkHttp  (12969): Age: 28872
07-05 23:51:31.220 D/OkHttp  (12969): Via: 1.1 jn239:1 (Cdn Cache Server V2.0)[32 200 0], 1.1 changwtong52:7 (Cdn Cache Server V2.0)[3096 200 0]
07-05 23:51:31.220 D/OkHttp  (12969): Connection: keep-alive
07-05 23:51:31.220 D/OkHttp  (12969): <-- END HTTP
07-05 23:51:31.220 D/HttpHandler(12969): RetryIntercepter-->retryNum=0
07-05 23:51:31.220 D/HttpHandler(12969): RetryIntercepter-->backoffmutiplier=0
07-05 23:51:31.224 I/Carousel-UrlVideoView(12969): onMeasure(MeasureSpec: EXACTLY 816, MeasureSpec: EXACTLY 460)
07-05 23:51:31.224 I/Carousel-UrlVideoView(12969): onMeasure(MeasureSpec: EXACTLY 816, MeasureSpec: EXACTLY 460)
07-05 23:51:31.239 D/Carousel-SimpleVideoView(12969): speedKB=0
07-05 23:51:31.239 D/Carousel-SimpleVideoView(12969): msg.arg1=0
07-05 23:51:31.252 D/PlayerSdk/PlayerSdkProject(12969): [TID 13001] >> beginInitialize
07-05 23:51:31.252 D/PlayerSdk/SdkConfigManager(12969): [TID 13001] setupConfig: context=com.qiyi.sdk.plugin.server.core.ContextProxy@f89ef3f
07-05 23:51:31.252 W/ContextProxy(12969): getAssets() mAssetManager=android.content.res.AssetManager@217c5fd3
07-05 23:51:31.254 D/PlayerSdk/SdkConfigManager(12969): [TID 13001] setupConfig: strEncrypted=VVVJRD0yMDE3MDQyNTExMzUzNzkxMmdlVEdXS0REMTE3MDIsQ1VTVE9NRVJfSUQ9NjAsUExBWUVSX0NPTkZJR19UWVBFPTQsUExBVEZPUk1fVFZBUEk9SEFJWElOLElTX1NVUFBPUlRfWUlOSEVfUElOR0JBQ0s9ZmFsc2UsSVNfRU5CQUxFX0gyNjU9ZmFsc2UsSVNfRU5BQkxFX0RPTEJZPWZhbHNlLElTX0VOQkFMRV80Sz0sSVNfRU5CQUxFX0RPTEJZX1ZJU0lPTj0sSVNfRU5CQUxFX0hEUjEwPSxJU19VU0VfVE1UU19MT0NBTF9TSUdOPWZhbHNlLElTX0dFVF9VVUlEX0ZST01fU0VSVkVSPXRydWUsQ0ROX0RJU1BBVENIX1BBUkFNPSxET01BSU5fTkFNRT1wdHF5LmdpdHYudHYsTkFUSVZFX1BMQVlFUl9CUkFORD1IaVNlbnNlLExPR0lOX1RZUEU9U1VCX0FDQ09VTlQsQ1VTVE9NRVJfUEFDS0FHRV9OQU1FPWNvbS5oaXNlbnNlLmhpY2xvdWQuZWRjYSxJU19ERUJVR19WRVJTSU9OPWZhbHNlLE5BVElWRV9QTEFZRVJfQ09ERUNUWVBFPSxQTEFZRVJfUExBVEZPUk09UF9IaXNlbnNlLEVOQUJMRV9TRVRfQklUU1RSRUFNPXRydWUsREVGQVVMVF9DRkdfQklUU1RSRUFNPSw=
07-05 23:51:31.254 I/System.out(12969): decode
07-05 23:51:31.255 W/ContextProxy(12969): getResources() mResources=android.content.res.Resources@2b0a5209
07-05 23:51:31.260 W/System.err(12969): java.net.ConnectException: failed to connect to /10.18.210.112 (port 8900) after 6000ms: isConnected failed: ECONNREFUSED (Connection refused)
07-05 23:51:31.260 W/System.err(12969): 	at libcore.io.IoBridge.isConnected(IoBridge.java:238)
07-05 23:51:31.260 W/System.err(12969): 	at libcore.io.IoBridge.connectErrno(IoBridge.java:171)
07-05 23:51:31.260 W/System.err(12969): 	at libcore.io.IoBridge.connect(IoBridge.java:122)
07-05 23:51:31.260 W/System.err(12969): 	at java.net.PlainSocketImpl.connect(PlainSocketImpl.java:183)
07-05 23:51:31.260 W/System.err(12969): 	at java.net.PlainSocketImpl.connect(PlainSocketImpl.java:456)
07-05 23:51:31.260 W/System.err(12969): 	at java.net.Socket.connect(Socket.java:882)
07-05 23:51:31.260 W/System.err(12969): 	at com.android.okhttp.internal.Platform.connectSocket(Platform.java:174)
07-05 23:51:31.260 W/System.err(12969): 	at com.android.okhttp.Connection.connect(Connection.java:152)
07-05 23:51:31.260 W/System.err(12969): 	at com.android.okhttp.internal.http.HttpEngine.connect(HttpEngine.java:276)
07-05 23:51:31.260 W/System.err(12969): 	at com.android.okhttp.internal.http.HttpEngine.sendRequest(HttpEngine.java:211)
07-05 23:51:31.260 W/System.err(12969): 	at com.android.okhttp.internal.http.HttpURLConnectionImpl.execute(HttpURLConnectionImpl.java:382)
07-05 23:51:31.260 W/System.err(12969): 	at com.android.okhttp.internal.http.HttpURLConnectionImpl.connect(HttpURLConnectionImpl.java:106)
07-05 23:51:31.260 W/System.err(12969): 	at com.hisense.hitv.hicloud.util.ExceptionReport.a(ExceptionReport.java:337)
07-05 23:51:31.260 W/System.err(12969): 	at com.hisense.hitv.hicloud.util.ExceptionReport.a(ExceptionReport.java:39)
07-05 23:51:31.260 W/System.err(12969): 	at com.hisense.hitv.hicloud.util.ExceptionReport$1.run(ExceptionReport.java:83)
07-05 23:51:31.260 W/System.err(12969): 	at java.lang.Thread.run(Thread.java:818)
07-05 23:51:31.260 W/System.err(12969): Caused by: android.system.ErrnoException: isConnected failed: ECONNREFUSED (Connection refused)
07-05 23:51:31.261 W/System.err(12969): 	at libcore.io.IoBridge.isConnected(IoBridge.java:223)
07-05 23:51:31.261 W/System.err(12969): 	... 15 more
07-05 23:51:31.266 W/ContextProxy(12969): getResources() mResources=android.content.res.Resources@2b0a5209
07-05 23:51:31.274 I/System.out(12969): ok
07-05 23:51:31.275 I/System.out(12969): UUID=20170425113537912geTGWKDD11702,CUSTOMER_ID=60,PLAYER_CONFIG_TYPE=4,PLATFORM_TVAPI=HAIXIN,IS_SUPPORT_YINHE_PINGBACK=false,IS_ENBALE_H265=false,IS_ENABLE_DOLBY=false,IS_ENBALE_4K=,IS_ENBALE_DOLBY_VISION=,IS_ENBALE_HDR10=,IS_USE_TMTS_LOCAL_SIGN=false,IS_GET_UUID_FROM_SERVER=true,CDN_DISPATCH_PARAM=,DOMAIN_NAME=ptqy.gitv.tv,NATIVE_PLAYER_BRAND=HiSense,LOGIN_TYPE=SUB_ACCOUNT,CUSTOMER_PACKAGE_NAME=com.hisense.hicloud.edca,IS_DEBUG_VERSION=false,NATIVE_PLAYER_CODECTYPE=,PLAYER_PLATFORM=P_Hisense,ENABLE_SET_BITSTREAM=true,DEFAULT_CFG_BITSTREAM=,
07-05 23:51:31.275 I/System.out(12969): hook :UUID=20170425113537912geTGWKDD11702,CUSTOMER_ID=60,PLAYER_CONFIG_TYPE=4,PLATFORM_TVAPI=HAIXIN,IS_SUPPORT_YINHE_PINGBACK=false,IS_ENBALE_H265=false,IS_ENABLE_DOLBY=false,IS_ENBALE_4K=,IS_ENBALE_DOLBY_VISION=,IS_ENBALE_HDR10=,IS_USE_TMTS_LOCAL_SIGN=false,IS_GET_UUID_FROM_SERVER=true,CDN_DISPATCH_PARAM=,DOMAIN_NAME=ptqy.gitv.tv,NATIVE_PLAYER_BRAND=HiSense,LOGIN_TYPE=SUB_ACCOUNT,CUSTOMER_PACKAGE_NAME=com.hisense.hicloud.edca,IS_DEBUG_VERSION=false,NATIVE_PLAYER_CODECTYPE=,PLAYER_PLATFORM=P_Hisense,ENABLE_SET_BITSTREAM=true,DEFAULT_CFG_BITSTREAM=,
07-05 23:51:31.278 D/PlayerSdk/SdkConfig(12969): [TID 13001] initialize({PLAYER_PLATFORM=P_Hisense, NATIVE_PLAYER_BRAND=HiSense, CUSTOMER_ID=60, ENABLE_SET_BITSTREAM=true, IS_ENBALE_H265=false, UUID=20170425113537912geTGWKDD11702, IS_GET_UUID_FROM_SERVER=true, IS_DEBUG_VERSION=false, IS_ENABLE_DOLBY=false, CUSTOMER_PACKAGE_NAME=com.hisense.hicloud.edca, IS_USE_TMTS_LOCAL_SIGN=false, PLATFORM_TVAPI=HAIXIN, DOMAIN_NAME=ptqy.gitv.tv, LOGIN_TYPE=SUB_ACCOUNT, IS_SUPPORT_YINHE_PINGBACK=false, PLAYER_CONFIG_TYPE=4})
07-05 23:51:31.284 I/MyFragmentStateAdapter(12969): getCount
07-05 23:51:31.290 D/PlayerSdk/SdkConfig(12969): [TID 13001] initialize(), name=com.hisense.hicloud.edca
07-05 23:51:31.290 D/PlayerSdk/SdkConfig(12969): [TID 13001] initialize(),mCustomerPackageNames=[com.hisense.hicloud.edca]
07-05 23:51:31.291 D/SdkConfigUtils(12969): [TID 13001] parsePlatformType(HAIXIN)
07-05 23:51:31.291 D/SdkConfigUtils(12969): [TID 13001] parseLoginType(SUB_ACCOUNT)
07-05 23:51:31.291 D/SdkConfigUtils(12969): [TID 13001] parsePlayerPlatform(P_Hisense)
07-05 23:51:31.292 D/PlayerSdk/SdkConfigManager(12969): [TID 13001] setupConfig: mCurrentConfig=SdkConfig@1afd05c5{mCustomerCode=60, mPlayerConfigType=4, mPlatformType=HAIXIN, mLoginType=SUB_ACCOUNT, mIsEnableDolby=false, mIsEnableH265=false, mIsEnable4K=true, mIsSupportYinhePingback=false, mShouldDoPlayCheck=true, mshouldGetUuidFromServer=true, mPingbackS1=2, mPingbackS2=simple_sdk, mPingbackP2=3128, mDomainName=ptqy.gitv.tv, mIsDebugVersion=false, mIsDebugVersion=false, mCustomerPackageNames=[com.hisense.hicloud.edca], mEnableSetBitstream=true}
07-05 23:51:31.317 I/VideoCapabilities(12969): Unsupported profile 4 for video/mp4v-es
07-05 23:51:31.317 I/VideoCapabilities(12969): Unsupported profile 4 for video/mp4v-es
07-05 23:51:31.318 I/VideoCapabilities(12969): Unsupported profile 4 for video/mp4v-es
07-05 23:51:31.318 I/VideoCapabilities(12969): Unsupported profile 4 for video/mp4v-es
07-05 23:51:31.318 I/VideoCapabilities(12969): Unsupported profile 4 for video/mp4v-es
07-05 23:51:31.318 I/VideoCapabilities(12969): Unsupported profile 4 for video/mp4v-es
07-05 23:51:31.318 I/VideoCapabilities(12969): Unsupported profile 4 for video/mp4v-es
07-05 23:51:31.318 I/VideoCapabilities(12969): Unsupported profile 4 for video/mp4v-es
07-05 23:51:31.318 I/VideoCapabilities(12969): Unsupported profile 8 for video/mp4v-es
07-05 23:51:31.318 I/VideoCapabilities(12969): Unsupported profile 8 for video/mp4v-es
07-05 23:51:31.318 I/VideoCapabilities(12969): Unsupported profile 8 for video/mp4v-es
07-05 23:51:31.318 I/VideoCapabilities(12969): Unsupported profile 8 for video/mp4v-es
07-05 23:51:31.318 I/VideoCapabilities(12969): Unsupported profile 8 for video/mp4v-es
07-05 23:51:31.318 I/VideoCapabilities(12969): Unsupported profile 8 for video/mp4v-es
07-05 23:51:31.318 I/VideoCapabilities(12969): Unsupported profile 8 for video/mp4v-es
07-05 23:51:31.318 I/VideoCapabilities(12969): Unsupported profile 8 for video/mp4v-es
07-05 23:51:31.318 I/VideoCapabilities(12969): Unsupported profile 1024 for video/mp4v-es
07-05 23:51:31.318 I/VideoCapabilities(12969): Unsupported profile 1024 for video/mp4v-es
07-05 23:51:31.318 I/VideoCapabilities(12969): Unsupported profile 1024 for video/mp4v-es
07-05 23:51:31.318 I/VideoCapabilities(12969): Unsupported profile 1024 for video/mp4v-es
07-05 23:51:31.318 I/VideoCapabilities(12969): Unsupported profile 1024 for video/mp4v-es
07-05 23:51:31.318 I/VideoCapabilities(12969): Unsupported profile 1024 for video/mp4v-es
07-05 23:51:31.318 I/VideoCapabilities(12969): Unsupported profile 1024 for video/mp4v-es
07-05 23:51:31.318 I/VideoCapabilities(12969): Unsupported profile 1024 for video/mp4v-es
07-05 23:51:31.318 W/VideoCapabilities(12969): Unrecognized profile/level 32768/2 for video/mp4v-es
07-05 23:51:31.322 I/MyFragmentStateAdapter(12969): getCount
07-05 23:51:31.322 I/MyFragmentStateAdapter(12969): getCount
07-05 23:51:31.322 I/MyFragmentStateAdapter(12969): getCount
07-05 23:51:31.322 I/MyFragmentStateAdapter(12969): getCount
07-05 23:51:31.322 I/FirstLineAdapter(12969): canShowTrailer,isOffline=false
07-05 23:51:31.322 I/FirstLineAdapter(12969): canShowTrailer,isOffline=false
07-05 23:51:31.323 I/FirstLineAdapter(12969): canShowTrailer,isOffline=false
07-05 23:51:31.323 I/FirstLineAdapter(12969): canShowTrailer,isOffline=false
07-05 23:51:31.323 I/FirstLineAdapter(12969): canShowTrailer,isOffline=false
07-05 23:51:31.323 I/FirstLineAdapter(12969): canShowTrailer,isOffline=false
07-05 23:51:31.323 I/FirstLineAdapter(12969): canShowTrailer,isOffline=false
07-05 23:51:31.323 I/FirstLineAdapter(12969): canShowTrailer,isOffline=false
07-05 23:51:31.323 I/FirstLineAdapter(12969): canShowTrailer,isOffline=false
07-05 23:51:31.329 I/MyFragmentStateAdapter(12969): getCount
07-05 23:51:31.339 I/MyFragmentStateAdapter(12969): getCount
07-05 23:51:31.353 I/MyFragmentStateAdapter(12969): getCount
07-05 23:51:31.353 I/MyFragmentStateAdapter(12969): getCount
07-05 23:51:31.353 I/MyFragmentStateAdapter(12969): getCount
07-05 23:51:31.353 I/MyFragmentStateAdapter(12969): getCount
07-05 23:51:31.362 I/MyFragmentStateAdapter(12969): getCount
07-05 23:51:31.367 D/Carousel-SimpleVideoView(12969): speedKB=7
07-05 23:51:31.367 D/Carousel-SimpleVideoView(12969): msg.arg1=1
07-05 23:51:31.371 W/VideoCapabilities(12969): Unsupported mime video/mvc
07-05 23:51:31.379 W/VideoCapabilities(12969): Unsupported mime video/mpeg2
07-05 23:51:31.389 W/VideoCapabilities(12969): Unsupported mime video/divx3
07-05 23:51:31.394 I/MyFragmentStateAdapter(12969): getCount
07-05 23:51:31.395 W/VideoCapabilities(12969): Unsupported mime video/divx4
07-05 23:51:31.398 W/VideoCapabilities(12969): Unsupported mime video/flv
07-05 23:51:31.401 W/VideoCapabilities(12969): Unsupported mime video/VC1
07-05 23:51:31.403 W/VideoCapabilities(12969): Unsupported mime video/wvc1
07-05 23:51:31.410 W/VideoCapabilities(12969): Unsupported mime video/wmv3
07-05 23:51:31.412 W/VideoCapabilities(12969): Unsupported mime video/mjpeg
07-05 23:51:31.419 W/VideoCapabilities(12969): Unsupported mime video/avs
07-05 23:51:31.421 W/VideoCapabilities(12969): Unsupported mime video/realvideo
07-05 23:51:31.430 W/AudioCapabilities(12969): Unsupported mime audio/mpeg-L1
07-05 23:51:31.430 W/AudioCapabilities(12969): Unsupported mime audio/mpeg-L2
07-05 23:51:31.441 W/AudioCapabilities(12969): Unsupported mime audio/adpcm
07-05 23:51:31.445 W/AudioCapabilities(12969): Unsupported mime audio/lpcm
07-05 23:51:31.447 W/AudioCapabilities(12969): Unsupported mime audio/cook
07-05 23:51:31.449 W/AudioCapabilities(12969): Unsupported mime audio/x-ms-wma
07-05 23:51:31.454 W/AudioCapabilities(12969): Unsupported mime audio/ac3
07-05 23:51:31.455 I/MyFragmentStateAdapter(12969): getCount
07-05 23:51:31.456 W/AudioCapabilities(12969): Unsupported mime audio/ac3p
07-05 23:51:31.459 W/AudioCapabilities(12969): Unsupported mime audio/eac3
07-05 23:51:31.462 W/AudioCapabilities(12969): Unsupported mime audio/dts
07-05 23:51:31.463 W/AudioCapabilities(12969): Unsupported mime audio/dts-hd
07-05 23:51:31.464 W/AudioCapabilities(12969): Unsupported mime audio/dts-lbr
07-05 23:51:31.466 W/AudioCapabilities(12969): Unsupported mime audio/dra
07-05 23:51:31.497 I/MyFragmentStateAdapter(12969): getCount
07-05 23:51:31.498 W/AudioCapabilities(12969): Unsupported mime audio/x-ape
07-05 23:51:31.499 W/AudioCapabilities(12969): Unsupported mime audio/ffmpeg
07-05 23:51:31.501 W/AudioCapabilities(12969): Unsupported mime audio/ac3
07-05 23:51:31.506 W/AudioCapabilities(12969): Unsupported mime audio/mpeg-L2
07-05 23:51:31.513 D/MediaHTTPConnection(12969): [Connection@799881537] response.heeader.null = HTTP/1.0 206 Partial Content
07-05 23:51:31.514 D/MediaHTTPConnection(12969): [Connection@799881537] response.heeader.Accept-Ranges = bytes
07-05 23:51:31.514 D/MediaHTTPConnection(12969): [Connection@799881537] response.heeader.Age = 371266
07-05 23:51:31.514 D/MediaHTTPConnection(12969): [Connection@799881537] response.heeader.Cache-Control = max-age=5184000
07-05 23:51:31.514 D/MediaHTTPConnection(12969): [Connection@799881537] response.heeader.Connection = keep-alive
07-05 23:51:31.514 D/MediaHTTPConnection(12969): [Connection@799881537] response.heeader.Content-Length = 218840697
07-05 23:51:31.514 D/MediaHTTPConnection(12969): [Connection@799881537] response.heeader.Content-MD5 = b0d2FgZ34VxS2J9TYuIjgA==
07-05 23:51:31.514 D/MediaHTTPConnection(12969): [Connection@799881537] response.heeader.Content-Range = bytes 0-218840696/218840697
07-05 23:51:31.514 D/MediaHTTPConnection(12969): [Connection@799881537] response.heeader.Content-Type = application/octet-stream
07-05 23:51:31.514 D/MediaHTTPConnection(12969): [Connection@799881537] response.heeader.Date = Sat, 01 Jul 2017 08:43:45 GMT
07-05 23:51:31.514 D/MediaHTTPConnection(12969): [Connection@799881537] response.heeader.ETag = "6F4776160677E15C52D89F5362E22380"
07-05 23:51:31.514 D/MediaHTTPConnection(12969): [Connection@799881537] response.heeader.Last-Modified = Mon, 08 May 2017 17:24:17 GMT
07-05 23:51:31.514 D/MediaHTTPConnection(12969): [Connection@799881537] response.heeader.Server = nginx/1.2.4
07-05 23:51:31.514 D/MediaHTTPConnection(12969): [Connection@799881537] response.heeader.Via = 1.1 chshx150:7 (Cdn Cache Server V2.0)[0 200 0], 1.1 sdbz31:0 (Cdn Cache Server V2.0)[35 200 0], 1.0 PSsdzbwt5go51:3 (Cdn Cache Server V2.0)[0 200 0]
07-05 23:51:31.514 D/MediaHTTPConnection(12969): [Connection@799881537] response.heeader.X-Android-Received-Millis = 1499269891513
07-05 23:51:31.514 D/MediaHTTPConnection(12969): [Connection@799881537] response.heeader.X-Android-Response-Source = NETWORK 206
07-05 23:51:31.514 D/MediaHTTPConnection(12969): [Connection@799881537] response.heeader.X-Android-Sent-Millis = 1499269891491
07-05 23:51:31.514 D/MediaHTTPConnection(12969): [Connection@799881537] response.heeader.x-oss-hash-crc64ecma = 10858506031335928878
07-05 23:51:31.514 D/MediaHTTPConnection(12969): [Connection@799881537] response.heeader.x-oss-object-type = Normal
07-05 23:51:31.514 D/MediaHTTPConnection(12969): [Connection@799881537] response.heeader.x-oss-request-id = 591D64783FEA2FF75DF4AA6E
07-05 23:51:31.514 D/MediaHTTPConnection(12969): [Connection@799881537] response.heeader.x-oss-server-time = 46
07-05 23:51:31.514 D/MediaHTTPConnection(12969): [Connection@799881537] response.heeader.x-oss-storage-class = Standard
07-05 23:51:31.518 D/PowerManagerService( 1733): acquireWakeLockInternal: lock=113832109, flags=0x1, tag="NetworkStats", ws=null, uid=1000, pid=1733
07-05 23:51:31.518 D/PowerManagerNotifier( 1733): onWakeLockAcquired: flags=1, tag="NetworkStats", packageName=android, ownerUid=1000, ownerPid=1733, workSource=null
07-05 23:51:31.518 D/NtpTrustedTime( 1733): currentTimeMillis() cache hit
07-05 23:51:31.540 D/NtpTrustedTime( 1733): currentTimeMillis() cache hit
07-05 23:51:31.541 D/NtpTrustedTime( 1733): currentTimeMillis() cache hit
07-05 23:51:31.541 D/NtpTrustedTime( 1733): currentTimeMillis() cache hit
07-05 23:51:31.541 D/PowerManagerService( 1733): releaseWakeLockInternal: lock=113832109 [NetworkStats], flags=0x0
07-05 23:51:31.545 D/PowerManagerNotifier( 1733): onWakeLockReleased: flags=1, tag="NetworkStats", packageName=android, ownerUid=1000, ownerPid=1733, workSource=null
07-05 23:51:31.569 I/MyFragmentStateAdapter(12969): getCount
07-05 23:51:31.605 I/VideoCapabilities(12969): Unsupported profile 4 for video/mp4v-es
07-05 23:51:31.615 D/Player/Lib/Utils/SysUtils(12969): [TID 13001] [Check dolby]  Codec name=OMX.MS.M4V.Decoder
07-05 23:51:31.615 D/Player/Lib/Utils/SysUtils(12969): [TID 13001] [Check dolby]  Supported type=video/mp4v-es
07-05 23:51:31.616 D/Player/Lib/Utils/SysUtils(12969): [TID 13001] [Check dolby]  Codec name=OMX.MS.H263.Decoder
07-05 23:51:31.616 D/Player/Lib/Utils/SysUtils(12969): [TID 13001] [Check dolby]  Supported type=video/3gpp
07-05 23:51:31.616 D/Player/Lib/Utils/SysUtils(12969): [TID 13001] [Check dolby]  Codec name=OMX.MS.AVC.Decoder
07-05 23:51:31.616 D/Player/Lib/Utils/SysUtils(12969): [TID 13001] [Check dolby]  Supported type=video/avc
07-05 23:51:31.616 D/Player/Lib/Utils/SysUtils(12969): [TID 13001] [Check dolby]  Codec name=OMX.MS.HEVC.Decoder
07-05 23:51:31.616 D/Player/Lib/Utils/SysUtils(12969): [TID 13001] [Check dolby]  Supported type=video/hevc
07-05 23:51:31.616 D/Player/Lib/Utils/SysUtils(12969): [TID 13001] [Check H265] FOUND, current type = video/hevc
07-05 23:51:31.616 D/Player/Lib/Utils/SysUtils(12969): [TID 13001] [Check dolby]  Codec name=OMX.MS.MVC.Decoder
07-05 23:51:31.616 D/Player/Lib/Utils/SysUtils(12969): [TID 13001] [Check dolby]  Supported type=video/mvc
07-05 23:51:31.616 D/Player/Lib/Utils/SysUtils(12969): [TID 13001] [Check dolby]  Codec name=OMX.MS.MPEG2.Decoder
07-05 23:51:31.616 D/Player/Lib/Utils/SysUtils(12969): [TID 13001] [Check dolby]  Supported type=video/mpeg2
07-05 23:51:31.616 D/Player/Lib/Utils/SysUtils(12969): [TID 13001] [Check dolby]  Codec name=OMX.MS.VP8.Decoder
07-05 23:51:31.616 D/Player/Lib/Utils/SysUtils(12969): [TID 13001] [Check dolby]  Supported type=video/x-vnd.on2.vp8
07-05 23:51:31.616 D/Player/Lib/Utils/SysUtils(12969): [TID 13001] [Check dolby]  Codec name=OMX.MS.DIVX311.Decoder
07-05 23:51:31.616 D/Player/Lib/Utils/SysUtils(12969): [TID 13001] [Check dolby]  Supported type=video/divx3
07-05 23:51:31.617 D/Player/Lib/Utils/SysUtils(12969): [TID 13001] [Check dolby]  Codec name=OMX.MS.DIVX412.Decoder
07-05 23:51:31.617 D/Player/Lib/Utils/SysUtils(12969): [TID 13001] [Check dolby]  Supported type=video/divx4
07-05 23:51:31.617 D/Player/Lib/Utils/SysUtils(12969): [TID 13001] [Check dolby]  Codec name=OMX.MS.FLV.Decoder
07-05 23:51:31.617 D/Player/Lib/Utils/SysUtils(12969): [TID 13001] [Check dolby]  Supported type=video/flv
07-05 23:51:31.617 D/Player/Lib/Utils/SysUtils(12969): [TID 13001] [Check dolby]  Codec name=OMX.MS.VC1.Decoder
07-05 23:51:31.617 D/Player/Lib/Utils/SysUtils(12969): [TID 13001] [Check dolby]  Supported type=video/VC1
07-05 23:51:31.617 D/Player/Lib/Utils/SysUtils(12969): [TID 13001] [Check dolby]  Supported type=video/wvc1
07-05 23:51:31.617 D/Player/Lib/Utils/SysUtils(12969): [TID 13001] [Check dolby]  Codec name=OMX.MS.WMV3.Decoder
07-05 23:51:31.617 D/Player/Lib/Utils/SysUtils(12969): [TID 13001] [Check dolby]  Supported type=video/wmv3
07-05 23:51:31.617 D/Player/Lib/Utils/SysUtils(12969): [TID 13001] [Check dolby]  Codec name=OMX.MS.MJPG.Decoder
07-05 23:51:31.617 D/Player/Lib/Utils/SysUtils(12969): [TID 13001] [Check dolby]  Supported type=video/mjpeg
07-05 23:51:31.617 D/Player/Lib/Utils/SysUtils(12969): [TID 13001] [Check dolby]  Codec name=OMX.MS.AVS.Decoder
07-05 23:51:31.617 D/Player/Lib/Utils/SysUtils(12969): [TID 13001] [Check dolby]  Supported type=video/avs
07-05 23:51:31.617 D/Player/Lib/Utils/SysUtils(12969): [TID 13001] [Check dolby]  Codec name=OMX.MS.RV.Decoder
07-05 23:51:31.617 D/Player/Lib/Utils/SysUtils(12969): [TID 13001] [Check dolby]  Supported type=video/realvideo
07-05 23:51:31.617 D/Player/Lib/Utils/SysUtils(12969): [TID 13001] [Check dolby]  Codec name=OMX.google.aac.decoder
07-05 23:51:31.617 D/Player/Lib/Utils/SysUtils(12969): [TID 13001] [Check dolby]  Supported type=audio/mp4a-latm
07-05 23:51:31.617 D/Player/Lib/Utils/SysUtils(12969): [TID 13001] [Check dolby]  Codec name=OMX.google.mp3.decoder
07-05 23:51:31.617 D/Player/Lib/Utils/SysUtils(12969): [TID 13001] [Check dolby]  Supported type=audio/mpeg
07-05 23:51:31.617 D/Player/Lib/Utils/SysUtils(12969): [TID 13001] [Check dolby]  Codec name=OMX.MS.MP3.Decoder
07-05 23:51:31.617 D/Player/Lib/Utils/SysUtils(12969): [TID 13001] [Check dolby]  Supported type=audio/mpeg
07-05 23:51:31.617 D/Player/Lib/Utils/SysUtils(12969): [TID 13001] [Check dolby]  Supported type=audio/mpeg-L1
07-05 23:51:31.617 D/Player/Lib/Utils/SysUtils(12969): [TID 13001] [Check dolby]  Supported type=audio/mpeg-L2
07-05 23:51:31.617 D/Player/Lib/Utils/SysUtils(12969): [TID 13001] [Check dolby]  Codec name=OMX.MS.AAC.Decoder
07-05 23:51:31.617 D/Player/Lib/Utils/SysUtils(12969): [TID 13001] [Check dolby]  Supported type=audio/mp4a-latm
07-05 23:51:31.617 D/Player/Lib/Utils/SysUtils(12969): [TID 13001] [Check dolby]  Codec name=OMX.google.opus.decoder
07-05 23:51:31.617 D/Player/Lib/Utils/SysUtils(12969): [TID 13001] [Check dolby]  Supported type=audio/opus
07-05 23:51:31.617 D/Player/Lib/Utils/SysUtils(12969): [TID 13001] [Check dolby]  Codec name=OMX.google.vorbis.decoder
07-05 23:51:31.617 D/Player/Lib/Utils/SysUtils(12969): [TID 13001] [Check dolby]  Supported type=audio/vorbis
07-05 23:51:31.618 D/Player/Lib/Utils/SysUtils(12969): [TID 13001] [Check dolby]  Codec name=OMX.MS.VORBIS.Decoder
07-05 23:51:31.618 D/Player/Lib/Utils/SysUtils(12969): [TID 13001] [Check dolby]  Supported type=audio/vorbis
07-05 23:51:31.618 D/Player/Lib/Utils/SysUtils(12969): [TID 13001] [Check dolby]  Codec name=OMX.MS.ADPCM.Decoder
07-05 23:51:31.618 D/Player/Lib/Utils/SysUtils(12969): [TID 13001] [Check dolby]  Supported type=audio/adpcm
07-05 23:51:31.618 D/Player/Lib/Utils/SysUtils(12969): [TID 13001] [Check dolby]  Codec name=OMX.MS.LPCM.Decoder
07-05 23:51:31.618 D/Player/Lib/Utils/SysUtils(12969): [TID 13001] [Check dolby]  Supported type=audio/lpcm
07-05 23:51:31.618 D/Player/Lib/Utils/SysUtils(12969): [TID 13001] [Check dolby]  Codec name=OMX.MS.RA.Decoder
07-05 23:51:31.618 D/Player/Lib/Utils/SysUtils(12969): [TID 13001] [Check dolby]  Supported type=audio/cook
07-05 23:51:31.618 D/Player/Lib/Utils/SysUtils(12969): [TID 13001] [Check dolby]  Codec name=OMX.MS.WMA.Decoder
07-05 23:51:31.618 D/Player/Lib/Utils/SysUtils(12969): [TID 13001] [Check dolby]  Supported type=audio/x-ms-wma
07-05 23:51:31.618 D/Player/Lib/Utils/SysUtils(12969): [TID 13001] [Check dolby]  Codec name=OMX.MS.AC3.Decoder
07-05 23:51:31.618 D/Player/Lib/Utils/SysUtils(12969): [TID 13001] [Check dolby]  Supported type=audio/ac3
07-05 23:51:31.618 D/Player/Lib/Utils/SysUtils(12969): [TID 13001] [Check dolby] FOUND, current type = audio/ac3
