07-06 00:59:40.500 I/CardSelectionPresenter(18204): onCreateViewHoldercom.hisense.leanback.widget.HorizontalGridView{3362395a VFE..... ......ID 0,0-1738,279 #7f0d038e app:id/row_content}
07-06 00:59:40.506 I/CardSelectionPresenter(18204): onBindViewHolder
07-06 00:59:40.506 D/sloven  (18204): 1002---false
07-06 00:59:40.507 I/CardSelectionPresenter(18204): width=400,height=220
07-06 00:59:40.514 I/CardSelectionPresenter(18204): onCreateViewHoldercom.hisense.leanback.widget.HorizontalGridView{3362395a VFE..... ......ID 0,0-1738,279 #7f0d038e app:id/row_content}
07-06 00:59:40.521 I/CardSelectionPresenter(18204): onBindViewHolder
07-06 00:59:40.521 D/sloven  (18204): 1002---false
07-06 00:59:40.521 I/CardSelectionPresenter(18204): width=400,height=220
07-06 00:59:40.530 E/RecyclerView(18204): No adapter attached; skipping layout
07-06 00:59:40.530 E/RecyclerView(18204): No adapter attached; skipping layout
07-06 00:59:40.530 D/Carousel-CarouselView(18204): ============>onScrollChanged hashCode:958950284
07-06 00:59:40.534 D/OkHttp  (18204): <-- 200 OK http://picture.edu.hismarttv.com/images/20170628103002814396.jpg (192ms)
07-06 00:59:40.534 D/OkHttp  (18204): Date: Tue, 04 Jul 2017 01:16:44 GMT
07-06 00:59:40.534 D/OkHttp  (18204): Server: nginx
07-06 00:59:40.534 D/OkHttp  (18204): Content-Type: image/jpeg
07-06 00:59:40.534 D/OkHttp  (18204): Content-Length: 54264
07-06 00:59:40.534 D/OkHttp  (18204): Last-Modified: Wed, 28 Jun 2017 10:30:02 GMT
07-06 00:59:40.534 D/OkHttp  (18204): ETag: "5953852a-d3f8"
07-06 00:59:40.534 D/OkHttp  (18204): Accept-Ranges: bytes
07-06 00:59:40.534 D/OkHttp  (18204): Age: 142976
07-06 00:59:40.535 D/OkHttp  (18204): Via: 1.1 chzhwt171:8 (Cdn Cache Server V2.0)[7 200 0], 1.1 changwtong52:4 (Cdn Cache Server V2.0)[57 200 0]
07-06 00:59:40.535 D/OkHttp  (18204): Connection: keep-alive
07-06 00:59:40.535 D/OkHttp  (18204): <-- END HTTP
07-06 00:59:40.547 I/MyFragmentStateAdapter(18204): getCount
07-06 00:59:40.562 D/gralloc ( 1204): allocate buffer from ION HEAP 0x1
07-06 00:59:40.562 D/gralloc ( 1204): allocate memory from system heap
07-06 00:59:40.614 D/HttpHandler(18204): RetryIntercepter-->retryNum=0
07-06 00:59:40.614 D/HttpHandler(18204): RetryIntercepter-->backoffmutiplier=0
07-06 00:59:40.625 D/OkHttp  (18204): Content-Type: image/jpeg
07-06 00:59:40.625 D/OkHttp  (18204): Content-Length: 40292
07-06 00:59:40.625 D/OkHttp  (18204): Last-Modified: Wed, 28 Jun 2017 10:29:59 GMT
07-06 00:59:40.625 D/OkHttp  (18204): ETag: "59538527-9d64"
07-06 00:59:40.625 D/OkHttp  (18204): Accept-Ranges: bytes
07-06 00:59:40.625 D/OkHttp  (18204): Age: 198288
07-06 00:59:40.625 D/OkHttp  (18204): Via: 1.1 chzhwt171:6 (Cdn Cache Server V2.0)[6 200 0], 1.1 changwangtong80:9 (Cdn Cache Server V2.0)[0 200 0]
07-06 00:59:40.625 D/OkHttp  (18204): Connection: keep-alive
07-06 00:59:40.625 D/OkHttp  (18204): <-- END HTTP
07-06 00:59:40.645 D/TabView (18204): SLOVEN top===>:266
07-06 00:59:40.645 D/TabFocusBorderView(18204): SLOVEN runTranslateAnimation
07-06 00:59:40.645 D/TabFocusBorderView(18204): SLOVEN runTranslateAnimation
07-06 00:59:40.645 D/TabFocusBorderView(18204): SLOVEN moveFocusView
07-06 00:59:40.652 D/TabFocusBorderView(18204): SLOVEN onAnimationStart
07-06 00:59:40.659 I/CheckUpdateReceiver(18204): latest version == null
07-06 00:59:40.669 D/SUSLog  (18204): CheckAppUpdateService>>onDestroy
07-06 00:59:40.673 D/CommonHeader(18204): app logo isRotate: true
07-06 00:59:40.688 D/HiNetworkImpl(18204): doHttp_Asyn(): onReqResponse isSuccessful = true, back from thread: main
07-06 00:59:40.698 I/FirstLineAdapter(18204): canShowTrailer,isOffline=false
07-06 00:59:40.765 W/art     (18204): Suspending all threads took: 21.014ms
07-06 00:59:40.770 I/HiNetworkImpl(18204): doHttp_Asyn(): onSuccess clazz = class com.hisense.tvui.newhome.bean.SelectionBean, back from thread: main
07-06 00:59:40.776 I/HomeDataPresenter(18204): getRecommandData() onSuccess: RoleContentFragment541402653
07-06 00:59:40.776 I/RoleContentFragment(18204): recommandlist={10003=0, 10002=8}
07-06 00:59:40.776 I/RoleContentFragment(18204): lineIndex=0,id=10002,pos=8
07-06 00:59:40.776 I/RoleContentFragment(18204): ,addItemSize=25
07-06 00:59:40.776 I/RoleContentFragment(18204): origin pos=8
07-06 00:59:40.776 I/RoleContentFragment(18204): offset pos=2
07-06 00:59:40.776 I/RoleContentFragment(18204): array size=11
07-06 00:59:40.777 I/RoleContentFragment(18204): lineIndex=1,id=10003,pos=0
07-06 00:59:40.777 I/RoleContentFragment(18204): ,addItemSize=24
07-06 00:59:40.777 I/RoleContentFragment(18204): origin pos=0
07-06 00:59:40.777 I/RoleContentFragment(18204): offset pos=2
07-06 00:59:40.777 I/RoleContentFragment(18204): array size=11
07-06 00:59:40.783 D/HomeMainActivity(18204): local vipDialogStr id list is : 
07-06 00:59:40.783 I/HomeMainActivity(18204): mBeginHttpTime : 22822355
07-06 00:59:40.784 V/HttpDnsUtils(18204): getUserType(): --url = http://api.edu.hismarttv.com/payment/api/query/user_type/dialog_info
07-06 00:59:40.784 I/HttpBuilder(18204): addUrlPublicParams mUrl ==>http://api.edu.hismarttv.com/payment/api/query/user_type/dialog_info?orderType=0
07-06 00:59:40.789 D/til@system( 2026): til_get_system_param option:1000007 int:-1936522112, bool:128, ret:0
07-06 00:59:40.793 D/til@system( 2026): til_get_system_param option:1000009 int:-1936522368, bool:128, ret:0
07-06 00:59:40.794 E/WebcastSDK-WebcastManager(18204): finally setAppServiceDomainList.
07-06 00:59:40.795 D/til@system( 2026): til_get_system_param option:1000008 int:-1936523008, bool:0, ret:0
07-06 00:59:40.795 D/HttpBuilder(18204): getOperationDetail-productName : LED50MU8600UC
07-06 00:59:40.795 D/HttpBuilder(18204): getOperationDetail-plmNumber : 88888
07-06 00:59:40.795 D/HttpBuilder(18204): getOperationDetail-swVersion : V0000.00.01A
07-06 00:59:40.795 D/HttpBuilder(18204): getOperationDetail-operationDetail : LED50MU8600UC0000888
07-06 00:59:40.796 I/art     (18204): Background sticky concurrent mark sweep GC freed 26925(1681KB) AllocSpace objects, 8(199KB) LOS objects, 4% free, 26MB/28MB, paused 24.198ms total 174.451ms
07-06 00:59:40.797 D/HttpHandler(18204): RetryIntercepter-->retryNum=0
07-06 00:59:40.797 D/HttpHandler(18204): RetryIntercepter-->backoffmutiplier=0
07-06 00:59:40.844 I/HttpBuilder(18204): addUrlPublicParams mUrl ==>http://api.edu.hismarttv.com/payment/api/query/user_type/dialog_info?orderType=0&uuid=13287129&mac=a8:a6:48:18:fc:a8&devid=86100300900000500000060a4818fca8&version=00.002.003&subscriberId=13287129&customerId=7195320&model_id=0&APPPackage=com.hisense.hicloud.edca&PFAPPCode=652&APPVersionName=3.0.0.9.00&ChannelId=0&softwareVersion=LED50MU8600UC0000888&tv_distribute_id=00&devType=0&APIVersion=600&accessToken=72DF6038D2AEAB8A76DFBBBBCC428A4A_000390687637160
07-06 00:59:40.849 D/Carousel-MyListView(18204): onItemSelected position:1
07-06 00:59:40.850 D/Carousel-CarouselListView(18204): onItemSelected position:1,type:3
07-06 00:59:40.866 I/RoleContentFragment(18204): setBackGroundUrl=http://picture.edu.hismarttv.com/images/20170628104504467308.jpg,view=android.support.v4.widget.SlidingPaneLayout{14557b31 V.ED.... ......ID 0,0-1920,1080 #7f0d00af app:id/slide_layout}
07-06 00:59:40.871 I/FirstLineAdapter(18204): canShowTrailer,isOffline=false
07-06 00:59:40.872 D/NativeDecimalFormat(18204): NativeDecimalFormat_close print addr=4098412288
07-06 00:59:40.872 D/NativeDecimalFormat(18204): NativeDecimalFormat_close print g_addr=4098412288
07-06 00:59:40.872 D/NativeDecimalFormat(18204): NativeDecimalFormat_close print addr=4098411520
07-06 00:59:40.872 D/NativeDecimalFormat(18204): NativeDecimalFormat_close print g_addr=4098412288
07-06 00:59:40.876 D/TabView (18204): 
07-06 00:59:40.880 D/HttpHandler(18204): VerifySignInterCeptor-->request.url()=http://api.edu.hismarttv.com/payment/api/query/user_type/dialog_info?orderType=0&uuid=13287129&mac=a8:a6:48:18:fc:a8&devid=86100300900000500000060a4818fca8&version=00.002.003&subscriberId=13287129&customerId=7195320&model_id=0&APPPackage=com.hisense.hicloud.edca&PFAPPCode=652&APPVersionName=3.0.0.9.00&ChannelId=0&softwareVersion=LED50MU8600UC0000888&tv_distribute_id=00&devType=0&APIVersion=600&accessToken=72DF6038D2AEAB8A76DFBBBBCC428A4A_000390687637160
07-06 00:59:40.880 D/HttpHandler(18204): VerifySignInterCeptor-->hostname=api.edu.hismarttv.com
07-06 00:59:40.881 D/HttpHandler(18204): HttpDNS-->hostname=api.edu.hismarttv.com
07-06 00:59:40.882 D/HttpHandler(18204): RAMCache-->hostInfo.getClientTimeStamp()=22817728
07-06 00:59:40.882 D/HttpHandler(18204): RAMCache-->hostInfo.getTtl()=3600
07-06 00:59:40.882 D/HttpHandler(18204): RAMCache-->SystemClock.elapsedRealtime()=22822454
07-06 00:59:40.887 D/TabView (18204): 
07-06 00:59:40.889 D/TabView (18204): 
07-06 00:59:40.891 D/TabView (18204): 
07-06 00:59:40.893 D/TabView (18204): 
07-06 00:59:40.895 D/TabView (18204): 
07-06 00:59:40.897 D/TabView (18204): 
07-06 00:59:40.898 D/TabView (18204): 
07-06 00:59:40.900 D/TabView (18204): 
07-06 00:59:40.904 D/TabView (18204): 
07-06 00:59:40.906 D/TabView (18204): 
07-06 00:59:40.907 D/TabView (18204): 
07-06 00:59:40.910 D/TabView (18204): 
07-06 00:59:40.912 D/TabView (18204): 
07-06 00:59:40.912 I/NetflixMonitorService( 1733): current fgapk : com.hisense.hicloud.edca
07-06 00:59:40.912 I/NetflixMonitorService( 1733): Netflix status unchanged
07-06 00:59:40.913 D/TabView (18204): 
07-06 00:59:40.915 D/TabView (18204): 
07-06 00:59:40.917 I/MyFragmentStateAdapter(18204): getCount
07-06 00:59:40.917 I/MyFragmentStateAdapter(18204): getCount
07-06 00:59:40.917 D/TabView (18204): 
07-06 00:59:40.923 D/TabView (18204): 
07-06 00:59:40.924 D/TabView (18204): 
07-06 00:59:40.926 D/TabView (18204): 
07-06 00:59:40.928 D/TabView (18204): 
07-06 00:59:40.930 D/TabView (18204): 
07-06 00:59:40.932 D/TabView (18204): 
07-06 00:59:40.933 D/TabView (18204): 
07-06 00:59:40.935 D/TabView (18204): 
07-06 00:59:40.941 D/TabView (18204): 
07-06 00:59:40.942 D/TabView (18204): 
07-06 00:59:40.944 D/TabView (18204): 
07-06 00:59:40.946 D/TabView (18204): 
07-06 00:59:40.947 D/TabView (18204): 
07-06 00:59:40.949 D/TabView (18204): 
07-06 00:59:40.951 D/TabView (18204): 
07-06 00:59:40.952 I/MyFragmentStateAdapter(18204): getCount
07-06 00:59:40.952 I/MyFragmentStateAdapter(18204): getCount
07-06 00:59:40.957 D/HttpHandler(18204): VerifySignInterCeptor-->request.url()=http://picture.edu.hismarttv.com/images/20170628233232135598.jpg
07-06 00:59:40.957 D/HttpHandler(18204): VerifySignInterCeptor-->hostname=picture.edu.hismarttv.com
07-06 00:59:40.957 D/OkHttp  (18204): --> GET http://picture.edu.hismarttv.com/images/20170628233232135598.jpg http/1.1
07-06 00:59:40.957 D/OkHttp  (18204): Host: picture.edu.hismarttv.com
07-06 00:59:40.957 D/OkHttp  (18204): Connection: Keep-Alive
07-06 00:59:40.958 D/OkHttp  (18204): Accept-Encoding: gzip
07-06 00:59:40.958 D/OkHttp  (18204): User-Agent: okhttp/3.6.0
07-06 00:59:40.958 D/OkHttp  (18204): --> END GET
07-06 00:59:40.983 I/TVMW@HsTvSetting( 1234): Trace cmd, data = 0x1058
07-06 00:59:40.983 D/til@system( 2026): til_get_system_param option:100002F int:0, bool:0, ret:0
07-06 00:59:40.984 I/TVMW@HsTvSetting( 1234): Trace cmd, data = 0x101f
07-06 00:59:40.984 D/til@system( 2026): til_get_system_param option:100001D int:3, bool:3, ret:0
07-06 00:59:40.985 E/til     ( 2026): [til_get_current_input_source, 101] 
07-06 00:59:40.985 I/TVMW@HsTvSetting( 1234): Trace cmd, data = 0x7007
07-06 00:59:40.986 I/tilwrapper@sm( 2026): HS2TIL_SourceType *hs=0xd, *til=0x900
07-06 00:59:40.986 D/til     ( 2026): get current source 2304
07-06 00:59:40.986 D/SourceRemoteServiceHandler( 2026): getCurrentInputSource.from.til.result is 0, value is 2304
07-06 00:59:40.986 D/SourceRemoteServiceHandler( 2026): getInputSourceType source: 0x900, type=2304
07-06 00:59:40.986 D/til     ( 2026): ###### func:til_get_picture_param option:0x3000006 ######  
07-06 00:59:40.987 I/TVMW@HsTvSetting( 1234): Trace cmd, data = 0x1003
07-06 00:59:40.987 I/TabView (18204): onScroll:,firstItem=0,visibleCount=6,totalCount=10
07-06 00:59:40.988 I/TVMW@HsTvSetting( 1234): Trace cmd, data = 0x8032
07-06 00:59:40.988 I/hstvos  ( 1216): [0m[1;33m[HSHAL][HS_VIDEO][HS_HAL_Video_SetOsdDetect_v2][2389]u16Threshold = 20
07-06 00:59:40.988 I/MiSysSrv( 1214): Not support now! 42, change to mm_video!!!
07-06 00:59:40.988 I/FirstLineAdapter(18204): canShowTrailer,isOffline=false
07-06 00:59:40.988 I/FirstLineAdapter(18204): canShowTrailer,isOffline=false
07-06 00:59:40.989 I/FirstLineAdapter(18204): canShowTrailer,isOffline=false
07-06 00:59:40.989 I/FirstLineAdapter(18204): canShowTrailer,isOffline=false
07-06 00:59:40.989 I/FirstLineAdapter(18204): canShowTrailer,isOffline=false
07-06 00:59:40.989 I/FirstLineAdapter(18204): canShowTrailer,isOffline=false
07-06 00:59:40.989 I/FirstLineAdapter(18204): canShowTrailer,isOffline=false
07-06 00:59:40.994 D/HttpHandler(18204): DNSHelper-->gslbDns=["123.103.91.123"]
07-06 00:59:40.995 E/TVMW@videoctrl( 1234):  getOsd is 1
07-06 00:59:40.995 D/til@system( 2026): til_get_system_param option:1000027 int:1, bool:1, ret:0
07-06 00:59:40.995 D/til     ( 2026): ###### func:til_get_picture_param option:0x3000045 ######  
07-06 00:59:40.996 I/TVMW@HsTvSetting( 1234): Trace cmd, data = 0x300c
07-06 00:59:40.996 I/TVMW@HsTvSetting( 1234): Trace 3d, data = 0x300c
07-06 00:59:40.996 I/TVMW@3d ( 1234): Hs_debug3d_trace: func:get3dStatus, line:109
07-06 00:59:41.007 D/Carousel-CarouselChannelItemView(18204): Listitem imageUrl:http://picture.edu.hismarttv.com/images/20170628102959016598.jpg
07-06 00:59:41.010 D/Carousel-CarouselChannelItemView(18204): Listitem imageUrl:http://picture.edu.hismarttv.com/images/20170628103002814396.jpg
07-06 00:59:41.011 D/Carousel-CarouselChannelItemView(18204): Listitem imageUrl:http://picture.edu.hismarttv.com/images/20170628103009181182.jpg
07-06 00:59:41.012 D/Carousel-CarouselChannelItemView(18204): Listitem imageUrl:http://picture.edu.hismarttv.com/images/20170628102959016598.jpg
07-06 00:59:41.013 D/Carousel-CarouselChannelItemView(18204): Listitem imageUrl:http://picture.edu.hismarttv.com/images/20170628103002814396.jpg
07-06 00:59:41.016 D/Carousel-CarouselChannelItemView(18204): Listitem imageUrl:http://picture.edu.hismarttv.com/images/20170628103009181182.jpg
07-06 00:59:41.021 I/FirstLineAdapter(18204): canShowTrailer,isOffline=false
07-06 00:59:41.021 I/FirstLineAdapter(18204): canShowTrailer,isOffline=false
07-06 00:59:41.024 I/head    (18204): item=com.hisense.leanback.widget.ListRow@30e0caef
07-06 00:59:41.025 I/CardSelectionPresenter(18204): onViewDetachedFromWindow mTitleTx = 
07-06 00:59:41.025 I/CardSelectionPresenter(18204): onViewDetachedFromWindow mTitleTx = 
07-06 00:59:41.025 I/CardSelectionPresenter(18204): onViewDetachedFromWindow mTitleTx = 
07-06 00:59:41.026 I/CardSelectionPresenter(18204): onUnbindViewHolder mTitleTx = 
07-06 00:59:41.028 I/CardSelectionPresenter(18204): onViewDetachedFromWindow mTitleTx = 
07-06 00:59:41.029 I/CardSelectionPresenter(18204): onUnbindViewHolder mTitleTx = 
07-06 00:59:41.029 I/CardSelectionPresenter(18204): onUnbindViewHolder mTitleTx = 
07-06 00:59:41.029 I/CardSelectionPresenter(18204): onUnbindViewHolder mTitleTx = 
07-06 00:59:41.029 I/ContentBridgeAdapterListener(18204): onBind 
07-06 00:59:41.043 I/CardSelectionPresenter(18204): onCreateViewHoldercom.hisense.leanback.widget.HorizontalGridView{3362395a VFE..... ......ID 0,0-1738,279 #7f0d038e app:id/row_content}
07-06 00:59:41.053 I/CardSelectionPresenter(18204): onBindViewHolder
07-06 00:59:41.053 D/sloven  (18204): 1002---true
07-06 00:59:41.054 I/CardSelectionPresenter(18204): width=400,height=220
07-06 00:59:41.078 E/btif_config( 2964): [btif_config_get] node is TRUE!
07-06 00:59:41.078 E/btif_config( 2964): [btif_config_get] ret is TRUE!
07-06 00:59:41.078 I/CardSelectionPresenter(18204): onUnbindViewHolder mTitleTx = 
07-06 00:59:41.078 I/CardSelectionPresenter(18204): onBindViewHolder
07-06 00:59:41.078 D/sloven  (18204): 1002---true
07-06 00:59:41.078 I/CardSelectionPresenter(18204): width=400,height=220
07-06 00:59:41.080 D/hailongqiu(18204): hailongqiu position:0
07-06 00:59:41.082 I/CardSelectionPresenter(18204): onCreateViewHoldercom.hisense.leanback.widget.HorizontalGridView{3362395a VFE..... ......ID 0,0-1738,279 #7f0d038e app:id/row_content}
07-06 00:59:41.092 I/CardSelectionPresenter(18204): onBindViewHolder
07-06 00:59:41.092 D/sloven  (18204): 1002---true
07-06 00:59:41.092 I/CardSelectionPresenter(18204): width=400,height=220
07-06 00:59:41.101 I/CardSelectionPresenter(18204): onCreateViewHoldercom.hisense.leanback.widget.HorizontalGridView{3362395a VFE..... ......ID 0,0-1738,279 #7f0d038e app:id/row_content}
07-06 00:59:41.111 I/CardSelectionPresenter(18204): onBindViewHolder
07-06 00:59:41.111 D/sloven  (18204): 1002---true
07-06 00:59:41.111 I/CardSelectionPresenter(18204): width=400,height=220
07-06 00:59:41.120 I/CardSelectionPresenter(18204): onCreateViewHoldercom.hisense.leanback.widget.HorizontalGridView{3362395a VFE..... ......ID 0,0-1738,279 #7f0d038e app:id/row_content}
07-06 00:59:41.134 I/CardSelectionPresenter(18204): onBindViewHolder
07-06 00:59:41.134 D/sloven  (18204): 1002---true
07-06 00:59:41.134 I/CardSelectionPresenter(18204): width=400,height=220
07-06 00:59:41.145 I/CardSelectionPresenter(18204): onCreateViewHoldercom.hisense.leanback.widget.HorizontalGridView{3362395a VFE..... ......ID 0,0-1738,279 #7f0d038e app:id/row_content}
07-06 00:59:41.152 W/ActivityManager( 1733): Activity destroy timeout for ActivityRecord{30649a14 u0 com.jamdeo.launcher/.app.BaseTileActivity t5565 f}
07-06 00:59:41.157 I/CardSelectionPresenter(18204): onBindViewHolder
07-06 00:59:41.158 D/sloven  (18204): 1002---true
07-06 00:59:41.158 I/CardSelectionPresenter(18204): width=0,height=220
07-06 00:59:41.171 D/Carousel-CarouselView(18204): ============>onScrollChanged hashCode:958950284
07-06 00:59:41.188 I/MyFragmentStateAdapter(18204): getCount
07-06 00:59:41.194 I/TVMW@devctrl( 1234): wdt
07-06 00:59:41.199 D/gralloc ( 1204): allocate buffer from ION HEAP 0x1
07-06 00:59:41.199 D/gralloc ( 1204): allocate memory from system heap
07-06 00:59:41.226 D/OkHttp  (18204): --> GET http://api.edu.hismarttv.com/payment/api/query/user_type/dialog_info?orderType=0&uuid=13287129&mac=a8:a6:48:18:fc:a8&devid=86100300900000500000060a4818fca8&version=00.002.003&subscriberId=13287129&customerId=7195320&model_id=0&APPPackage=com.hisense.hicloud.edca&PFAPPCode=652&APPVersionName=3.0.0.9.00&ChannelId=0&softwareVersion=LED50MU8600UC0000888&tv_distribute_id=00&devType=0&APIVersion=600&accessToken=72DF6038D2AEAB8A76DFBBBBCC428A4A_000390687637160 http/1.1
07-06 00:59:41.227 D/OkHttp  (18204): Data_Type: JSON
07-06 00:59:41.227 D/OkHttp  (18204): RetryTime: 0
07-06 00:59:41.227 D/OkHttp  (18204): Backoffmutiplier: 0
07-06 00:59:41.227 D/OkHttp  (18204): Host: api.edu.hismarttv.com
07-06 00:59:41.227 D/OkHttp  (18204): Connection: Keep-Alive
07-06 00:59:41.241 D/MC_MEMORY( 4735): max: 256.261888 Mb, heap: 10.10782 Mb, allocated: 8.9157 Mb, free: 1.1626 Mb, native heap: 12.12276 Mb, native allocated: 8.8394 Mb, native free: 3.3882 Mb
07-06 00:59:41.243 D/OsdMonitorService( 1733): mCurrentWindow = com.hisense.hicloud.edca/com.hisense.tvui.newhome.HomeMainActivity; newWindow = com.hisense.hicloud.edca/com.hisense.tvui.newhome.HomeMainActivity; isSubWindow = false; isInWinList = false; isExitNow = false
07-06 00:59:41.244 D/OsdMonitorService( 1733): windowNotOsd() : name = com.hisense.hicloud.edca/com.hisense.tvui.newhome.HomeMainActivity
07-06 00:59:41.244 I/OsdMonitorService( 1733): setOsdStatus() : status will change from true to true
07-06 00:59:41.245 D/PowerManagerService( 1733): setScreenBrightnessOverrideFromWindowManagerInternal done
07-06 00:59:41.248 D/Surface (18204): onStatusChange() : mNativeObject = 0 mUseImageHwRender = false
07-06 00:59:41.250 D/Carousel-MyListView(18204): setSelectionAndPadding position:1
07-06 00:59:41.252 D/TabFocusBorderView(18204): SLOVEN onAnimationEnd
07-06 00:59:41.252 D/TabView (18204): SLOVEN border top===>:296---407
07-06 00:59:41.256 I/MyFragmentStateAdapter(18204): getCount
07-06 00:59:41.256 I/MyFragmentStateAdapter(18204): getCount
07-06 00:59:41.256 I/MyFragmentStateAdapter(18204): getCount
07-06 00:59:41.256 I/MyFragmentStateAdapter(18204): getCount
07-06 00:59:41.256 I/FirstLineAdapter(18204): canShowTrailer,isOffline=false
07-06 00:59:41.256 I/FirstLineAdapter(18204): canShowTrailer,isOffline=false
07-06 00:59:41.256 I/FirstLineAdapter(18204): canShowTrailer,isOffline=false
07-06 00:59:41.256 I/FirstLineAdapter(18204): canShowTrailer,isOffline=false
07-06 00:59:41.256 I/FirstLineAdapter(18204): canShowTrailer,isOffline=false
07-06 00:59:41.257 I/FirstLineAdapter(18204): canShowTrailer,isOffline=false
07-06 00:59:41.257 I/FirstLineAdapter(18204): canShowTrailer,isOffline=false
07-06 00:59:41.257 D/Carousel-CarouselChannelItemView(18204): Listitem imageUrl:http://picture.edu.hismarttv.com/images/20170628102959016598.jpg
07-06 00:59:41.261 D/Carousel-CarouselChannelItemView(18204): Listitem imageUrl:http://picture.edu.hismarttv.com/images/20170628103002814396.jpg
07-06 00:59:41.262 D/Carousel-CarouselChannelItemView(18204): Listitem imageUrl:http://picture.edu.hismarttv.com/images/20170628103009181182.jpg
07-06 00:59:41.263 D/Carousel-CarouselChannelItemView(18204): Listitem imageUrl:http://picture.edu.hismarttv.com/images/20170628102959016598.jpg
07-06 00:59:41.264 D/Carousel-CarouselChannelItemView(18204): Listitem imageUrl:http://picture.edu.hismarttv.com/images/20170628103002814396.jpg
07-06 00:59:41.265 D/Carousel-CarouselChannelItemView(18204): Listitem imageUrl:http://picture.edu.hismarttv.com/images/20170628103009181182.jpg
07-06 00:59:41.266 I/FirstLineAdapter(18204): canShowTrailer,isOffline=false
07-06 00:59:41.267 I/FirstLineAdapter(18204): canShowTrailer,isOffline=false
07-06 00:59:41.267 D/Carousel-CarouselView(18204): ============>onScrollChanged hashCode:958950284
07-06 00:59:41.272 I/MyFragmentStateAdapter(18204): getCount
07-06 00:59:41.273 D/gralloc ( 1204): allocate buffer from ION HEAP 0x1
07-06 00:59:41.273 D/gralloc ( 1204): allocate memory from system heap
07-06 00:59:41.281 D/OkHttp  (18204): <-- 200 OK http://picture.edu.hismarttv.com/images/20170628233232135598.jpg (323ms)
07-06 00:59:41.282 D/OkHttp  (18204): Date: Mon, 03 Jul 2017 10:05:18 GMT
07-06 00:59:41.282 D/OkHttp  (18204): Server: nginx
07-06 00:59:41.282 D/OkHttp  (18204): Content-Type: image/jpeg
07-06 00:59:41.282 D/OkHttp  (18204): Content-Length: 50603
07-06 00:59:41.282 D/OkHttp  (18204): Last-Modified: Wed, 28 Jun 2017 23:32:32 GMT
07-06 00:59:41.282 D/OkHttp  (18204): ETag: "59543c90-c5ab"
07-06 00:59:41.282 D/OkHttp  (18204): Accept-Ranges: bytes
07-06 00:59:41.282 D/OkHttp  (18204): Age: 197662
07-06 00:59:41.282 D/OkHttp  (18204): Via: 1.1 jnwt243:1 (Cdn Cache Server V2.0)[14 200 0], 1.1 chwt81:3 (Cdn Cache Server V2.0)[0 200 0]
07-06 00:59:41.282 D/OkHttp  (18204): Connection: keep-alive
07-06 00:59:41.282 D/OkHttp  (18204): <-- END HTTP
07-06 00:59:41.283 D/HttpHandler(18204): RetryIntercepter-->retryNum=0
07-06 00:59:41.283 D/HttpHandler(18204): RetryIntercepter-->backoffmutiplier=0
07-06 00:59:41.297 D/Carousel-Utils(18204): onResourceReady.
07-06 00:59:41.300 I/UsageStatsService( 1733): User[0] Flushing usage stats to disk
07-06 00:59:41.227 D/OkHttp  (18204): Accept-Encoding: gzip
07-06 00:59:41.321 D/OkHttp  (18204): User-Agent: okhttp/3.6.0
07-06 00:59:41.321 D/OkHttp  (18204): --> END GET
07-06 00:59:41.366 E/TabView (18204): tab2
07-06 00:59:41.366 D/TabView (18204): SLOVEN mTopmBorderTop===>:0266
07-06 00:59:41.366 D/TabView (18204): tab scroll up listview
07-06 00:59:41.366 D/TabFocusBorderView(18204): SLOVEN justchangeWidth
07-06 00:59:41.366 D/TabFocusBorderView(18204): SLOVEN widthmWidth===>:220220
07-06 00:59:41.366 D/TabFocusBorderView(18204): SLOVEN onAnimationStart
07-06 00:59:41.366 D/TabView (18204): SLOVEN mTopmBorderTop===>:407266
07-06 00:59:41.367 D/TabView (18204): setSelectedTabView
07-06 00:59:41.374 I/MyFragmentStateAdapter(18204): getCount
07-06 00:59:41.374 I/MyFragmentStateAdapter(18204): getCount
07-06 00:59:41.374 I/MyFragmentStateAdapter(18204): getCount
07-06 00:59:41.374 I/MyFragmentStateAdapter(18204): getCount
07-06 00:59:41.374 I/TabView (18204): onScroll:,firstItem=0,visibleCount=6,totalCount=10
07-06 00:59:41.375 I/FirstLineAdapter(18204): canShowTrailer,isOffline=false
07-06 00:59:41.375 I/FirstLineAdapter(18204): canShowTrailer,isOffline=false
07-06 00:59:41.375 I/FirstLineAdapter(18204): canShowTrailer,isOffline=false
07-06 00:59:41.375 I/FirstLineAdapter(18204): canShowTrailer,isOffline=false
07-06 00:59:41.375 I/FirstLineAdapter(18204): canShowTrailer,isOffline=false
07-06 00:59:41.375 I/FirstLineAdapter(18204): canShowTrailer,isOffline=false
07-06 00:59:41.375 I/FirstLineAdapter(18204): canShowTrailer,isOffline=false
07-06 00:59:41.375 I/FirstLineAdapter(18204): canShowTrailer,isOffline=false
07-06 00:59:41.375 I/FirstLineAdapter(18204): canShowTrailer,isOffline=false
07-06 00:59:41.376 D/Carousel-CarouselView(18204): ============>onScrollChanged hashCode:958950284
07-06 00:59:41.380 D/HttpHandler(18204): VerifySignInterCeptor-->request.url()=http://picture.edu.hismarttv.com/images/20170629075040001252.jpg
07-06 00:59:41.380 D/HttpHandler(18204): VerifySignInterCeptor-->hostname=picture.edu.hismarttv.com
07-06 00:59:41.381 I/MyFragmentStateAdapter(18204): getCount
07-06 00:59:41.415 D/HttpHandler(18204): VerifySignInterCeptor-->request.url()=http://picture.edu.hismarttv.com/images/20170628104504467308.jpg
07-06 00:59:41.415 D/HttpHandler(18204): VerifySignInterCeptor-->hostname=picture.edu.hismarttv.com
07-06 00:59:41.435 D/HttpHandler(18204): VerifySignInterCeptor-->request.url()=http://picture.edu.hismarttv.com/images/20170629/%E5%BF%83%E7%AE%97%E5%8F%A3%E8%AF%80%E5%A4%A9%E5%A4%A9%E7%BB%83.jpg
07-06 00:59:41.435 D/HttpHandler(18204): VerifySignInterCeptor-->hostname=picture.edu.hismarttv.com
07-06 00:59:41.457 D/OkHttp  (18204): <-- 200 OK http://api.edu.hismarttv.com/payment/api/query/user_type/dialog_info?orderType=0&uuid=13287129&mac=a8:a6:48:18:fc:a8&devid=86100300900000500000060a4818fca8&version=00.002.003&subscriberId=13287129&customerId=7195320&model_id=0&APPPackage=com.hisense.hicloud.edca&PFAPPCode=652&APPVersionName=3.0.0.9.00&ChannelId=0&softwareVersion=LED50MU8600UC0000888&tv_distribute_id=00&devType=0&APIVersion=600&accessToken=72DF6038D2AEAB8A76DFBBBBCC428A4A_000390687637160 (136ms)
07-06 00:59:41.457 D/OkHttp  (18204): Server: nginx
07-06 00:59:41.457 D/OkHttp  (18204): Date: Wed, 05 Jul 2017 16:59:41 GMT
07-06 00:59:41.457 D/OkHttp  (18204): Content-Type: application/json
07-06 00:59:41.457 D/OkHttp  (18204): Content-Length: 221
07-06 00:59:41.457 D/OkHttp  (18204): Connection: close
07-06 00:59:41.457 D/OkHttp  (18204): <-- END HTTP
07-06 00:59:41.462 D/Carousel-Utils(18204): onResourceReady.
07-06 00:59:41.464 I/MyFragmentStateAdapter(18204): getCount
07-06 00:59:41.464 I/MyFragmentStateAdapter(18204): getCount
07-06 00:59:41.464 I/MyFragmentStateAdapter(18204): getCount
07-06 00:59:41.464 I/MyFragmentStateAdapter(18204): getCount
07-06 00:59:41.465 I/TabView (18204): onScroll:,firstItem=0,visibleCount=6,totalCount=10
07-06 00:59:41.466 I/FirstLineAdapter(18204): canShowTrailer,isOffline=false
07-06 00:59:41.466 I/FirstLineAdapter(18204): canShowTrailer,isOffline=false
07-06 00:59:41.466 I/FirstLineAdapter(18204): canShowTrailer,isOffline=false
07-06 00:59:41.466 I/FirstLineAdapter(18204): canShowTrailer,isOffline=false
07-06 00:59:41.466 I/FirstLineAdapter(18204): canShowTrailer,isOffline=false
07-06 00:59:41.466 I/FirstLineAdapter(18204): canShowTrailer,isOffline=false
07-06 00:59:41.466 I/FirstLineAdapter(18204): canShowTrailer,isOffline=false
07-06 00:59:41.466 D/Carousel-CarouselChannelItemView(18204): Listitem imageUrl:http://picture.edu.hismarttv.com/images/20170628102959016598.jpg
07-06 00:59:41.467 D/Carousel-CarouselChannelItemView(18204): Listitem imageUrl:http://picture.edu.hismarttv.com/images/20170628103002814396.jpg
07-06 00:59:41.468 D/Carousel-Utils(18204): onResourceReady.
07-06 00:59:41.469 D/Carousel-CarouselChannelItemView(18204): Listitem imageUrl:http://picture.edu.hismarttv.com/images/20170628103009181182.jpg
07-06 00:59:41.471 D/Carousel-CarouselChannelItemView(18204): Listitem imageUrl:http://picture.edu.hismarttv.com/images/20170628102959016598.jpg
07-06 00:59:41.472 D/Carousel-CarouselChannelItemView(18204): Listitem imageUrl:http://picture.edu.hismarttv.com/images/20170628103002814396.jpg
07-06 00:59:41.472 D/Carousel-Utils(18204): onResourceReady.
07-06 00:59:41.477 D/Carousel-CarouselChannelItemView(18204): Listitem imageUrl:http://picture.edu.hismarttv.com/images/20170628103009181182.jpg
07-06 00:59:41.478 I/FirstLineAdapter(18204): canShowTrailer,isOffline=false
07-06 00:59:41.478 I/FirstLineAdapter(18204): canShowTrailer,isOffline=false
07-06 00:59:41.479 D/Carousel-CarouselView(18204): ============>onScrollChanged hashCode:958950284
07-06 00:59:41.481 I/MyFragmentStateAdapter(18204): getCount
07-06 00:59:41.494 D/Carousel-Utils(18204): onResourceReady.
07-06 00:59:41.495 D/Carousel-Utils(18204): onResourceReady.
07-06 00:59:41.496 I/TVMW@HsTvSetting( 1234): Trace cmd, data = 0x1058
07-06 00:59:41.496 D/til@system( 2026): til_get_system_param option:100002F int:0, bool:0, ret:0
07-06 00:59:41.497 I/TVMW@HsTvSetting( 1234): Trace cmd, data = 0x101f
07-06 00:59:41.497 D/TabFocusBorderView(18204): SLOVEN onAnimationEnd
07-06 00:59:41.497 D/TabView (18204): SLOVEN border top===>:296---407
07-06 00:59:41.497 D/til@system( 2026): til_get_system_param option:100001D int:3, bool:3, ret:0
07-06 00:59:41.497 E/til     ( 2026): [til_get_current_input_source, 101] 
07-06 00:59:41.498 I/TVMW@HsTvSetting( 1234): Trace cmd, data = 0x7007
07-06 00:59:41.498 I/tilwrapper@sm( 2026): HS2TIL_SourceType *hs=0xd, *til=0x900
07-06 00:59:41.498 D/til     ( 2026): get current source 2304
07-06 00:59:41.498 D/SourceRemoteServiceHandler( 2026): getCurrentInputSource.from.til.result is 0, value is 2304
07-06 00:59:41.498 D/SourceRemoteServiceHandler( 2026): getInputSourceType source: 0x900, type=2304
07-06 00:59:41.498 D/til     ( 2026): ###### func:til_get_picture_param option:0x3000006 ######  
07-06 00:59:41.498 I/MyFragmentStateAdapter(18204): getCount
07-06 00:59:41.498 I/MyFragmentStateAdapter(18204): getCount
07-06 00:59:41.498 I/TVMW@HsTvSetting( 1234): Trace cmd, data = 0x1003
07-06 00:59:41.498 I/MyFragmentStateAdapter(18204): getCount
07-06 00:59:41.498 I/MyFragmentStateAdapter(18204): getCount
07-06 00:59:41.498 I/TVMW@HsTvSetting( 1234): Trace cmd, data = 0x8032
07-06 00:59:41.499 I/hstvos  ( 1216): [0m[1;33m[HSHAL][HS_VIDEO][HS_HAL_Video_SetOsdDetect_v2][2389]u16Threshold = 20
07-06 00:59:41.499 I/TabView (18204): onScroll:,firstItem=0,visibleCount=6,totalCount=10
07-06 00:59:41.499 I/MiSysSrv( 1214): Not support now! 42, change to mm_video!!!
07-06 00:59:41.499 E/TVMW@videoctrl( 1234):  getOsd is 1
07-06 00:59:41.499 I/FirstLineAdapter(18204): canShowTrailer,isOffline=false
07-06 00:59:41.499 I/FirstLineAdapter(18204): canShowTrailer,isOffline=false
07-06 00:59:41.499 I/FirstLineAdapter(18204): canShowTrailer,isOffline=false
07-06 00:59:41.499 D/til@system( 2026): til_get_system_param option:1000027 int:1, bool:1, ret:0
07-06 00:59:41.499 I/FirstLineAdapter(18204): canShowTrailer,isOffline=false
07-06 00:59:41.499 I/FirstLineAdapter(18204): canShowTrailer,isOffline=false
07-06 00:59:41.499 I/FirstLineAdapter(18204): canShowTrailer,isOffline=false
07-06 00:59:41.499 I/FirstLineAdapter(18204): canShowTrailer,isOffline=false
07-06 00:59:41.500 D/til     ( 2026): ###### func:til_get_picture_param option:0x3000045 ######  
07-06 00:59:41.500 D/Carousel-CarouselChannelItemView(18204): Listitem imageUrl:http://picture.edu.hismarttv.com/images/20170628102959016598.jpg
07-06 00:59:41.500 I/TVMW@HsTvSetting( 1234): Trace cmd, data = 0x300c
07-06 00:59:41.500 I/TVMW@HsTvSetting( 1234): Trace 3d, data = 0x300c
07-06 00:59:41.500 I/TVMW@3d ( 1234): Hs_debug3d_trace: func:get3dStatus, line:109
07-06 00:59:41.501 D/Carousel-CarouselChannelItemView(18204): Listitem imageUrl:http://picture.edu.hismarttv.com/images/20170628103002814396.jpg
07-06 00:59:41.501 D/Carousel-Utils(18204): onResourceReady.
07-06 00:59:41.502 D/Carousel-CarouselChannelItemView(18204): Listitem imageUrl:http://picture.edu.hismarttv.com/images/20170628103009181182.jpg
07-06 00:59:41.502 D/Carousel-Utils(18204): onResourceReady.
07-06 00:59:41.509 D/Carousel-CarouselChannelItemView(18204): Listitem imageUrl:http://picture.edu.hismarttv.com/images/20170628102959016598.jpg
07-06 00:59:41.510 D/Carousel-CarouselChannelItemView(18204): Listitem imageUrl:http://picture.edu.hismarttv.com/images/20170628103002814396.jpg
07-06 00:59:41.511 D/Carousel-Utils(18204): onResourceReady.
07-06 00:59:41.512 D/Carousel-CarouselChannelItemView(18204): Listitem imageUrl:http://picture.edu.hismarttv.com/images/20170628103009181182.jpg
07-06 00:59:41.512 D/Carousel-Utils(18204): onResourceReady.
07-06 00:59:41.514 I/FirstLineAdapter(18204): canShowTrailer,isOffline=false
07-06 00:59:41.520 I/FirstLineAdapter(18204): canShowTrailer,isOffline=false
07-06 00:59:41.528 D/Carousel-CarouselView(18204): ============>onScrollChanged hashCode:958950284
07-06 00:59:41.536 I/MyFragmentStateAdapter(18204): getCount
07-06 00:59:41.544 D/OkHttp  (18204): --> GET http://picture.edu.hismarttv.com/images/20170629075040001252.jpg http/1.1
07-06 00:59:41.544 D/OkHttp  (18204): Host: picture.edu.hismarttv.com
07-06 00:59:41.544 D/OkHttp  (18204): Connection: Keep-Alive
07-06 00:59:41.544 D/OkHttp  (18204): Accept-Encoding: gzip
07-06 00:59:41.544 D/OkHttp  (18204): User-Agent: okhttp/3.6.0
07-06 00:59:41.544 D/OkHttp  (18204): --> END GET
07-06 00:59:41.545 D/OkHttp  (18204): --> GET http://picture.edu.hismarttv.com/images/20170628104504467308.jpg http/1.1
07-06 00:59:41.545 D/OkHttp  (18204): Host: picture.edu.hismarttv.com
07-06 00:59:41.545 D/OkHttp  (18204): Connection: Keep-Alive
07-06 00:59:41.545 D/OkHttp  (18204): Accept-Encoding: gzip
07-06 00:59:41.545 D/OkHttp  (18204): User-Agent: okhttp/3.6.0
07-06 00:59:41.545 D/OkHttp  (18204): --> END GET
07-06 00:59:41.546 D/OkHttp  (18204): --> GET http://picture.edu.hismarttv.com/images/20170629/%E5%BF%83%E7%AE%97%E5%8F%A3%E8%AF%80%E5%A4%A9%E5%A4%A9%E7%BB%83.jpg http/1.1
07-06 00:59:41.546 D/OkHttp  (18204): Host: picture.edu.hismarttv.com
07-06 00:59:41.546 D/OkHttp  (18204): Connection: Keep-Alive
07-06 00:59:41.546 D/OkHttp  (18204): Accept-Encoding: gzip
07-06 00:59:41.546 D/OkHttp  (18204): User-Agent: okhttp/3.6.0
07-06 00:59:41.546 D/OkHttp  (18204): --> END GET
07-06 00:59:41.557 D/HttpHandler(18204): RetryIntercepter-->retryNum=0
07-06 00:59:41.557 D/HttpHandler(18204): RetryIntercepter-->backoffmutiplier=0
07-06 00:59:41.580 D/OkHttp  (18204): <-- 200 OK http://picture.edu.hismarttv.com/images/20170628104504467308.jpg (34ms)
07-06 00:59:41.580 D/OkHttp  (18204): Date: Wed, 05 Jul 2017 12:25:45 GMT
07-06 00:59:41.580 D/OkHttp  (18204): Server: nginx
07-06 00:59:41.580 D/OkHttp  (18204): Content-Type: image/jpeg
07-06 00:59:41.580 D/OkHttp  (18204): Content-Length: 376321
07-06 00:59:41.580 D/OkHttp  (18204): Last-Modified: Wed, 28 Jun 2017 10:45:04 GMT
07-06 00:59:41.580 D/OkHttp  (18204): ETag: "595388b0-5be01"
07-06 00:59:41.580 D/OkHttp  (18204): Accept-Ranges: bytes
07-06 00:59:41.580 D/OkHttp  (18204): Age: 16436
07-06 00:59:41.580 D/OkHttp  (18204): Via: 1.1 hewangtong174:5 (Cdn Cache Server V2.0)[35 200 2], 1.1 changwtong52:5 (Cdn Cache Server V2.0)[11 200 0]
07-06 00:59:41.580 D/OkHttp  (18204): Connection: keep-alive
07-06 00:59:41.580 D/OkHttp  (18204): <-- END HTTP
07-06 00:59:41.615 D/OkHttp  (18204): <-- 200 OK http://picture.edu.hismarttv.com/images/20170629/%E5%BF%83%E7%AE%97%E5%8F%A3%E8%AF%80%E5%A4%A9%E5%A4%A9%E7%BB%83.jpg (68ms)
07-06 00:59:41.615 D/OkHttp  (18204): Date: Mon, 03 Jul 2017 09:54:49 GMT
07-06 00:59:41.615 D/OkHttp  (18204): Server: nginx
07-06 00:59:41.615 D/OkHttp  (18204): Content-Type: image/jpeg
07-06 00:59:41.615 D/OkHttp  (18204): Content-Length: 204643
07-06 00:59:41.615 D/OkHttp  (18204): Last-Modified: Fri, 09 Jun 2017 14:51:40 GMT
07-06 00:59:41.615 D/OkHttp  (18204): ETag: "593ab5fc-31f63"
07-06 00:59:41.615 D/OkHttp  (18204): Accept-Ranges: bytes
07-06 00:59:41.615 D/OkHttp  (18204): Age: 198292
07-06 00:59:41.615 D/OkHttp  (18204): Via: 1.1 shuozhou56:1 (Cdn Cache Server V2.0)[8 200 0], 1.1 chwt83:9 (Cdn Cache Server V2.0)[0 200 0]
07-06 00:59:41.615 D/OkHttp  (18204): Connection: keep-alive
07-06 00:59:41.615 D/OkHttp  (18204): <-- END HTTP
07-06 00:59:41.642 E/btif_config( 2964): [btif_config_get] node is TRUE!
07-06 00:59:41.642 E/btif_config( 2964): [btif_config_get] ret is TRUE!
07-06 00:59:41.663 D/OkHttp  (18204): <-- 200 OK http://picture.edu.hismarttv.com/images/20170629075040001252.jpg (119ms)
07-06 00:59:41.663 D/OkHttp  (18204): Date: Mon, 03 Jul 2017 10:52:38 GMT
07-06 00:59:41.664 D/OkHttp  (18204): Server: nginx
07-06 00:59:41.664 D/OkHttp  (18204): Content-Type: image/jpeg
07-06 00:59:41.664 D/OkHttp  (18204): Content-Length: 103036
07-06 00:59:41.664 D/OkHttp  (18204): Last-Modified: Thu, 29 Jun 2017 07:50:40 GMT
07-06 00:59:41.664 D/OkHttp  (18204): ETag: "5954b150-1927c"
07-06 00:59:41.664 D/OkHttp  (18204): Accept-Ranges: bytes
07-06 00:59:41.664 D/OkHttp  (18204): Age: 194823
07-06 00:59:41.664 D/OkHttp  (18204): Via: 1.1 changzhiwangtong172:9 (Cdn Cache Server V2.0)[0 200 0], 1.1 chwt83:5 (Cdn Cache Server V2.0)[0 200 0]
07-06 00:59:41.664 D/OkHttp  (18204): Connection: keep-alive
07-06 00:59:41.664 D/OkHttp  (18204): <-- END HTTP
07-06 00:59:41.676 D/HttpHandler(18204): VerifySignInterCeptor-->request.url()=http://picture.edu.hismarttv.com/images/20170629/%E5%AE%A2%E5%8E%85%E7%87%83%E8%84%82%E5%A5%B3%E7%8E%8B20170207081137502012.jpg
07-06 00:59:41.676 D/HttpHandler(18204): VerifySignInterCeptor-->hostname=picture.edu.hismarttv.com
07-06 00:59:41.693 D/Carousel-Utils(18204): onResourceReady.
07-06 00:59:41.704 I/MyFragmentStateAdapter(18204): getCount
07-06 00:59:41.704 I/MyFragmentStateAdapter(18204): getCount
07-06 00:59:41.705 I/MyFragmentStateAdapter(18204): getCount
07-06 00:59:41.705 I/MyFragmentStateAdapter(18204): getCount
07-06 00:59:41.705 I/FirstLineAdapter(18204): canShowTrailer,isOffline=false
07-06 00:59:41.705 I/FirstLineAdapter(18204): canShowTrailer,isOffline=false
07-06 00:59:41.705 I/FirstLineAdapter(18204): canShowTrailer,isOffline=false
07-06 00:59:41.705 I/FirstLineAdapter(18204): canShowTrailer,isOffline=false
07-06 00:59:41.705 I/FirstLineAdapter(18204): canShowTrailer,isOffline=false
07-06 00:59:41.706 I/FirstLineAdapter(18204): canShowTrailer,isOffline=false
07-06 00:59:41.706 I/FirstLineAdapter(18204): canShowTrailer,isOffline=false
07-06 00:59:41.706 D/Carousel-CarouselChannelItemView(18204): Listitem imageUrl:http://picture.edu.hismarttv.com/images/20170628102959016598.jpg
07-06 00:59:41.706 D/Carousel-Utils(18204): onResourceReady.
07-06 00:59:41.725 D/Carousel-CarouselChannelItemView(18204): Listitem imageUrl:http://picture.edu.hismarttv.com/images/20170628103002814396.jpg
07-06 00:59:41.725 D/Carousel-Utils(18204): onResourceReady.
07-06 00:59:41.726 D/Carousel-CarouselChannelItemView(18204): Listitem imageUrl:http://picture.edu.hismarttv.com/images/20170628103009181182.jpg
07-06 00:59:41.728 D/Carousel-Utils(18204): onResourceReady.
07-06 00:59:41.729 D/Carousel-CarouselChannelItemView(18204): Listitem imageUrl:http://picture.edu.hismarttv.com/images/20170628102959016598.jpg
07-06 00:59:41.729 D/Carousel-Utils(18204): onResourceReady.
07-06 00:59:41.731 D/Carousel-CarouselChannelItemView(18204): Listitem imageUrl:http://picture.edu.hismarttv.com/images/20170628103002814396.jpg
07-06 00:59:41.749 D/Carousel-Utils(18204): onResourceReady.
07-06 00:59:41.752 D/Carousel-CarouselChannelItemView(18204): Listitem imageUrl:http://picture.edu.hismarttv.com/images/20170628103009181182.jpg
07-06 00:59:41.752 D/Carousel-Utils(18204): onResourceReady.
07-06 00:59:41.754 I/FirstLineAdapter(18204): canShowTrailer,isOffline=false
07-06 00:59:41.754 I/FirstLineAdapter(18204): canShowTrailer,isOffline=false
07-06 00:59:41.755 D/Carousel-CarouselView(18204): ============>onScrollChanged hashCode:958950284
07-06 00:59:41.758 I/MyFragmentStateAdapter(18204): getCount
07-06 00:59:41.774 D/HttpHandler(18204): RetryIntercepter-->retryNum=0
07-06 00:59:41.774 D/HttpHandler(18204): RetryIntercepter-->backoffmutiplier=0
07-06 00:59:41.786 D/HttpHandler(18204): RetryIntercepter-->retryNum=0
07-06 00:59:41.786 D/HttpHandler(18204): RetryIntercepter-->backoffmutiplier=0
07-06 00:59:41.803 D/HttpHandler(18204): HttpDNS-->hostname=picture.edu.hismarttv.com
07-06 00:59:41.809 D/HttpHandler(18204): RAMCache-->hostInfo.getClientTimeStamp()=22821122
07-06 00:59:41.809 D/HttpHandler(18204): RAMCache-->hostInfo.getTtl()=300
07-06 00:59:41.809 D/HttpHandler(18204): RAMCache-->SystemClock.elapsedRealtime()=22823381
07-06 00:59:41.813 E/btif_config( 2964): [btif_config_get] node is TRUE!
07-06 00:59:41.814 E/btif_config( 2964): [btif_config_get] ret is TRUE!
07-06 00:59:41.840 D/PowerManagerService( 1733): releaseWakeLockInternal: lock=681732318 [ActivityManager-Launch], flags=0x0
07-06 00:59:41.840 D/PowerManagerNotifier( 1733): onWakeLockReleased: flags=1, tag="ActivityManager-Launch", packageName=android, ownerUid=1000, ownerPid=1733, workSource=null
07-06 00:59:41.841 D/HttpHandler(18204): DNSHelper-->gslbDns=["125.46.22.134","36.33.158.222","218.58.206.58","123.128.14.209","153.35.175.121","220.202.77.124","153.35.175.120"]
07-06 00:59:41.851 D/HttpHandler(18204): VerifySignInterCeptor-->dateType=1
07-06 00:59:41.851 D/HttpHandler(18204): VerifySignInterCeptor-->HttpRequestManager.httpClietOption.getVerifyFlag()=1
07-06 00:59:41.860 D/HttpHandler(18204): RetryIntercepter-->retryNum=0
07-06 00:59:41.860 D/HttpHandler(18204): RetryIntercepter-->backoffmutiplier=0
07-06 00:59:41.864 E/HttpDnsUtils(18204): http callCancel(): mViewTag = EntryActivity
07-06 00:59:41.874 D/PowerManagerService( 1733): setScreenBrightnessOverrideFromWindowManagerInternal done
07-06 00:59:41.874 D/OkHttp  (18204): --> GET http://picture.edu.hismarttv.com/images/20170629/%E5%AE%A2%E5%8E%85%E7%87%83%E8%84%82%E5%A5%B3%E7%8E%8B20170207081137502012.jpg http/1.1
07-06 00:59:41.874 D/OkHttp  (18204): Host: picture.edu.hismarttv.com
07-06 00:59:41.874 D/OkHttp  (18204): Connection: Keep-Alive
07-06 00:59:41.874 D/OkHttp  (18204): Accept-Encoding: gzip
07-06 00:59:41.874 D/OkHttp  (18204): User-Agent: okhttp/3.6.0
07-06 00:59:41.874 D/OkHttp  (18204): --> END GET
07-06 00:59:41.876 D/OsdMonitorService( 1733): mCurrentWindow = com.hisense.hicloud.edca/com.hisense.tvui.newhome.HomeMainActivity; newWindow = com.hisense.hicloud.edca/com.hisense.tvui.newhome.HomeMainActivity; isSubWindow = false; isInWinList = false; isExitNow = false
07-06 00:59:41.876 D/OsdMonitorService( 1733): windowNotOsd() : name = com.hisense.hicloud.edca/com.hisense.tvui.newhome.HomeMainActivity
07-06 00:59:41.876 I/OsdMonitorService( 1733): setOsdStatus() : status will change from true to true
07-06 00:59:41.909 D/OkHttp  (18204): <-- 200 OK http://picture.edu.hismarttv.com/images/20170629/%E5%AE%A2%E5%8E%85%E7%87%83%E8%84%82%E5%A5%B3%E7%8E%8B20170207081137502012.jpg (34ms)
07-06 00:59:41.909 D/OkHttp  (18204): Date: Mon, 03 Jul 2017 09:54:51 GMT
07-06 00:59:41.909 D/OkHttp  (18204): Server: nginx
07-06 00:59:41.909 D/OkHttp  (18204): Content-Type: image/jpeg
07-06 00:59:41.909 D/OkHttp  (18204): Content-Length: 107115
07-06 00:59:41.909 D/OkHttp  (18204): Last-Modified: Fri, 09 Jun 2017 14:40:58 GMT
07-06 00:59:41.909 D/OkHttp  (18204): ETag: "593ab37a-1a26b"
07-06 00:59:41.909 D/OkHttp  (18204): Accept-Ranges: bytes
07-06 00:59:41.909 D/OkHttp  (18204): Age: 198290
07-06 00:59:41.909 D/OkHttp  (18204): Via: 1.1 shzh52:3 (Cdn Cache Server V2.0)[146 200 0], 1.1 chwt82:8 (Cdn Cache Server V2.0)[0 200 0]
07-06 00:59:41.909 D/OkHttp  (18204): Connection: keep-alive
07-06 00:59:41.909 D/OkHttp  (18204): <-- END HTTP
07-06 00:59:41.914 I/NetflixMonitorService( 1733): current fgapk : com.hisense.hicloud.edca
07-06 00:59:41.914 I/NetflixMonitorService( 1733): Netflix status unchanged
07-06 00:59:41.931 D/HttpHandler(18204): VerifySignInterCeptor-->content={"memberType": 2, "isActivity": 0}
07-06 00:59:41.942 D/HttpHandler(18204): RetryIntercepter-->retryNum=0
07-06 00:59:41.942 D/HttpHandler(18204): RetryIntercepter-->backoffmutiplier=0
07-06 00:59:41.976 D/HiNetworkImpl(18204): doHttp_Asyn(): onReqResponse isSuccessful = true, back from thread: main
07-06 00:59:41.991 D/CommonHeader(18204): app logo :refreshTimer: isRotatetrue
07-06 00:59:42.003 I/TVMW@HsTvSetting( 1234): Trace cmd, data = 0x1058
07-06 00:59:42.003 D/til@system( 2026): til_get_system_param option:100002F int:0, bool:0, ret:0
07-06 00:59:42.004 I/TVMW@HsTvSetting( 1234): Trace cmd, data = 0x101f
07-06 00:59:42.004 D/til@system( 2026): til_get_system_param option:100001D int:3, bool:3, ret:0
07-06 00:59:42.004 E/til     ( 2026): [til_get_current_input_source, 101] 
07-06 00:59:42.004 I/TVMW@HsTvSetting( 1234): Trace cmd, data = 0x7007
07-06 00:59:42.004 I/tilwrapper@sm( 2026): HS2TIL_SourceType *hs=0xd, *til=0x900
07-06 00:59:42.004 D/til     ( 2026): get current source 2304
07-06 00:59:42.004 D/SourceRemoteServiceHandler( 2026): getCurrentInputSource.from.til.result is 0, value is 2304
07-06 00:59:42.004 D/SourceRemoteServiceHandler( 2026): getInputSourceType source: 0x900, type=2304
07-06 00:59:42.004 D/til     ( 2026): ###### func:til_get_picture_param option:0x3000006 ######  
07-06 00:59:42.005 I/TVMW@HsTvSetting( 1234): Trace cmd, data = 0x1003
07-06 00:59:42.005 I/TVMW@HsTvSetting( 1234): Trace cmd, data = 0x8032
07-06 00:59:42.005 I/hstvos  ( 1216): [0m[1;33m[HSHAL][HS_VIDEO][HS_HAL_Video_SetOsdDetect_v2][2389]u16Threshold = 20
07-06 00:59:42.005 I/MiSysSrv( 1214): Not support now! 42, change to mm_video!!!
07-06 00:59:42.006 E/TVMW@videoctrl( 1234):  getOsd is 1
07-06 00:59:42.006 D/til@system( 2026): til_get_system_param option:1000027 int:1, bool:1, ret:0
07-06 00:59:42.006 D/til     ( 2026): ###### func:til_get_picture_param option:0x3000045 ######  
07-06 00:59:42.006 I/TVMW@HsTvSetting( 1234): Trace cmd, data = 0x300c
07-06 00:59:42.006 I/TVMW@HsTvSetting( 1234): Trace 3d, data = 0x300c
07-06 00:59:42.006 I/TVMW@3d ( 1234): Hs_debug3d_trace: func:get3dStatus, line:109
07-06 00:59:42.040 D/HttpHandler(18204): VerifySignInterCeptor-->request.url()=http://picture.edu.hismarttv.com/images/20170629/%E8%8B%B1%E8%AF%AD%E5%90%AF%E8%92%99.jpg
07-06 00:59:42.040 D/HttpHandler(18204): VerifySignInterCeptor-->hostname=picture.edu.hismarttv.com
07-06 00:59:42.049 D/OkHttp  (18204): --> GET http://picture.edu.hismarttv.com/images/20170629/%E8%8B%B1%E8%AF%AD%E5%90%AF%E8%92%99.jpg http/1.1
07-06 00:59:42.049 D/OkHttp  (18204): Host: picture.edu.hismarttv.com
07-06 00:59:42.049 D/OkHttp  (18204): Connection: Keep-Alive
07-06 00:59:42.049 D/OkHttp  (18204): Accept-Encoding: gzip
07-06 00:59:42.049 D/OkHttp  (18204): User-Agent: okhttp/3.6.0
07-06 00:59:42.049 D/OkHttp  (18204): --> END GET
07-06 00:59:42.054 I/MyFragmentStateAdapter(18204): getCount
07-06 00:59:42.054 I/MyFragmentStateAdapter(18204): getCount
07-06 00:59:42.055 I/MyFragmentStateAdapter(18204): getCount
07-06 00:59:42.055 I/MyFragmentStateAdapter(18204): getCount
07-06 00:59:42.055 I/FirstLineAdapter(18204): canShowTrailer,isOffline=false
07-06 00:59:42.055 I/FirstLineAdapter(18204): canShowTrailer,isOffline=false
07-06 00:59:42.055 I/FirstLineAdapter(18204): canShowTrailer,isOffline=false
07-06 00:59:42.055 I/FirstLineAdapter(18204): canShowTrailer,isOffline=false
07-06 00:59:42.055 I/FirstLineAdapter(18204): canShowTrailer,isOffline=false
07-06 00:59:42.055 I/FirstLineAdapter(18204): canShowTrailer,isOffline=false
07-06 00:59:42.056 I/FirstLineAdapter(18204): canShowTrailer,isOffline=false
07-06 00:59:42.056 I/FirstLineAdapter(18204): canShowTrailer,isOffline=false
07-06 00:59:42.056 I/FirstLineAdapter(18204): canShowTrailer,isOffline=false
07-06 00:59:42.065 I/MyFragmentStateAdapter(18204): getCount
07-06 00:59:42.069 D/OkHttp  (18204): <-- 200 OK http://picture.edu.hismarttv.com/images/20170629/%E8%8B%B1%E8%AF%AD%E5%90%AF%E8%92%99.jpg (19ms)
07-06 00:59:42.077 D/OkHttp  (18204): Date: Mon, 03 Jul 2017 09:54:50 GMT
07-06 00:59:42.077 D/OkHttp  (18204): Server: nginx
07-06 00:59:42.077 D/OkHttp  (18204): Content-Type: image/jpeg
07-06 00:59:42.077 D/OkHttp  (18204): Content-Length: 57011
07-06 00:59:42.077 D/OkHttp  (18204): Last-Modified: Fri, 09 Jun 2017 14:49:58 GMT
07-06 00:59:42.077 D/OkHttp  (18204): ETag: "593ab596-deb3"
07-06 00:59:42.077 D/OkHttp  (18204): Accept-Ranges: bytes
07-06 00:59:42.077 D/OkHttp  (18204): Age: 198291
07-06 00:59:42.077 D/OkHttp  (18204): Via: 1.1 jnwt244:0 (Cdn Cache Server V2.0)[23 200 0], 1.1 changwangtong79:9 (Cdn Cache Server V2.0)[0 200 0]
07-06 00:59:42.077 D/OkHttp  (18204): Connection: keep-alive
07-06 00:59:42.086 D/OkHttp  (18204): <-- END HTTP
07-06 00:59:42.094 I/TVMW@devctrl( 1234): wdt
07-06 00:59:42.101 D/HttpHandler(18204): RetryIntercepter-->retryNum=0
