07-05 22:23:53.487 D/SUSLog  (28357): CheckAppUpdateService>>targetVersionCode = 0
07-05 22:23:53.487 D/SUSLog  (28357): CheckAppUpdateService>>haveUpdate appUpgradeReply = com.hisense.hitv.hicloud.bean.upgrade.AppUpgradeReply@526d993
07-05 22:23:53.487 D/SUSLog  (28357): CheckAppUpdateService>>reply = 1
07-05 22:23:53.487 I/HomeDataPresenter(28357): getContentData: channelId = 0, sChoiceChannelId = 0 RoleContentFragment358017161,isOffline = false
07-05 22:23:53.488 I/CacheUtil(28357): getFromCache: 0
07-05 22:23:53.488 I/CacheUtil(28357): now time dealy=2,time service=7200
07-05 22:23:53.488 I/HomeDataPresenter(28357): cache item not null
07-05 22:23:53.488 I/RoleContentFragment(28357): setMasterData isRefresh=false
07-05 22:23:53.489 V/LogRecord/FileHelper(28357): /data/data/com.hisense.hicloud.edca/cache/qylogrecord
07-05 22:23:53.495 I/HeaderTokenManager(28357): Weather Data from HiCloud is still validate.
07-05 22:23:53.496 D/ContentValues(28357): getPlaceInfo: 
07-05 22:23:53.504 I/System.out(28357): <TVAPI> DEBUG(System Time): 1499264633
07-05 22:23:53.504 I/System.out(28357): <TVAPI> DEBUG(id=4, systemTime, response_time = 59ms): data = {"t":"1499264633","m":"e0850368720d18d8f6bbc0d3ea128a69ee44c50ce708393e","u":"e0850368720d18d8b1680d5d87382fb7cd209a1d88b78425","i":"220.181.109.33","k":"e0850368720d18d8a6ab293b9ad6a11b9db42e51cb91c539"}
07-05 22:23:53.520 I/TVMW@HsTvSetting( 1234): Trace cmd, data = 0x1058
07-05 22:23:53.521 D/til@system( 2026): til_get_system_param option:100002F int:0, bool:0, ret:0
07-05 22:23:53.521 I/TVMW@HsTvSetting( 1234): Trace cmd, data = 0x101f
07-05 22:23:53.529 D/HttpHandler(28357): VerifySignInterCeptor-->request.url()=http://picture.edu.hismarttv.com/images/20170628111729989045.png
07-05 22:23:53.529 D/HttpHandler(28357): VerifySignInterCeptor-->hostname=picture.edu.hismarttv.com
07-05 22:23:53.531 D/til@system( 2026): til_get_system_param option:100001D int:3, bool:3, ret:0
07-05 22:23:53.531 E/til     ( 2026): [til_get_current_input_source, 101] 
07-05 22:23:53.532 I/TVMW@HsTvSetting( 1234): Trace cmd, data = 0x7007
07-05 22:23:53.532 I/tilwrapper@sm( 2026): HS2TIL_SourceType *hs=0xd, *til=0x900
07-05 22:23:53.532 D/til     ( 2026): get current source 2304
07-05 22:23:53.532 D/SourceRemoteServiceHandler( 2026): getCurrentInputSource.from.til.result is 0, value is 2304
07-05 22:23:53.532 D/SourceRemoteServiceHandler( 2026): getInputSourceType source: 0x900, type=2304
07-05 22:23:53.532 D/til     ( 2026): ###### func:til_get_picture_param option:0x3000006 ######  
07-05 22:23:53.532 I/TVMW@HsTvSetting( 1234): Trace cmd, data = 0x1003
07-05 22:23:53.533 I/TVMW@HsTvSetting( 1234): Trace cmd, data = 0x8032
07-05 22:23:53.534 D/HttpHandler(28357): HttpDNS-->hostname=picture.edu.hismarttv.com
07-05 22:23:53.536 I/hstvos  ( 1216): [0m[1;33m[HSHAL][HS_VIDEO][HS_HAL_Video_SetOsdDetect_v2][2389]u16Threshold = 20
07-05 22:23:53.536 I/MiSysSrv( 1214): Not support now! 42, change to mm_video!!!
07-05 22:23:53.536 E/TVMW@videoctrl( 1234):  getOsd is 1
07-05 22:23:53.536 D/til@system( 2026): til_get_system_param option:1000027 int:1, bool:1, ret:0
07-05 22:23:53.537 D/til     ( 2026): ###### func:til_get_picture_param option:0x3000045 ######  
07-05 22:23:53.537 I/TVMW@HsTvSetting( 1234): Trace cmd, data = 0x300c
07-05 22:23:53.537 I/TVMW@HsTvSetting( 1234): Trace 3d, data = 0x300c
07-05 22:23:53.537 I/TVMW@3d ( 1234): Hs_debug3d_trace: func:get3dStatus, line:109
07-05 22:23:53.538 D/Player/Lib/Utils/PlayerDebugUtils(28357): [TID 28388] initialize, allowDebug: false
07-05 22:23:53.538 D/HttpHandler(28357): DNSRetryIntercepter-->http://118.178.149.42/d?device_id=86100300900000500000060a4818fca8&host=b5d1d96093f9d07d386917b5d3b91cdcb031311b90271792b45951b69dc9c054dc862a7c9178ba82684e325a98b554b4&last=
07-05 22:23:53.538 D/HttpHandler(28357): DNSRetryIntercepter-->118.178.149.42
07-05 22:23:53.539 D/HttpHandler(28357): GslbDNS-->hostName=118.178.149.42
07-05 22:23:53.539 D/hwcomposer( 1204): lastHWWindowInfo is dirty
07-05 22:23:53.553 I/art     (28357): Background sticky concurrent mark sweep GC freed 8297(629KB) AllocSpace objects, 6(96KB) LOS objects, 2% free, 26MB/26MB, paused 6.572ms total 62.088ms
07-05 22:23:53.560 E/ContentValues(28357): refreshNetStatus: 
07-05 22:23:53.562 D/CommonHeader(28357): setPerson: true
07-05 22:23:53.562 D/ContentValues(28357): getIconDrawable :  icon == null:true
07-05 22:23:53.562 D/CommonHeader(28357): icon == null
07-05 22:23:53.564 D/CommonHeader(28357): WeatherCode: 01
07-05 22:23:53.565 D/OkHttp  (28357): --> GET http://118.178.149.42/d?device_id=86100300900000500000060a4818fca8&host=b5d1d96093f9d07d386917b5d3b91cdcb031311b90271792b45951b69dc9c054dc862a7c9178ba82684e325a98b554b4&last= http/1.1
07-05 22:23:53.565 D/OkHttp  (28357): Host: lbgs.hismarttv.com
07-05 22:23:53.565 D/OkHttp  (28357): Connection: Keep-Alive
07-05 22:23:53.565 D/OkHttp  (28357): Accept-Encoding: gzip
07-05 22:23:53.565 D/OkHttp  (28357): User-Agent: okhttp/3.6.0
07-05 22:23:53.565 D/OkHttp  (28357): --> END GET
07-05 22:23:53.567 D/Player/Player/NativePlayerUtils(28357): [TID 28388] >>checkNativePath
07-05 22:23:53.568 E/ContentValues(28357): refreshNetStatus: 
07-05 22:23:53.570 I/MiSysSrv( 1214): [37m[INFO] Change to Voltage: 117 mv (0x32)[m
07-05 22:23:53.571 E/ContentValues(28357): refreshNetStatus: 
07-05 22:23:53.571 D/Player/Player/NativePlayerUtils(28357): [TID 28388] <<checkNativePath ret=/mnt/sdcard/qcache
07-05 22:23:53.572 D/Player/Player/NativePlayerUtils(28357): [TID 28388] >> loadWhiteListSync()
07-05 22:23:53.572 D/HttpHandler(28357): VerifySignInterCeptor-->request.url()=http://picture.edu.hismarttv.com/images/20170628121916725281.png
07-05 22:23:53.572 D/HttpHandler(28357): VerifySignInterCeptor-->hostname=picture.edu.hismarttv.com
07-05 22:23:53.573 D/HttpHandler(28357): HttpDNS-->hostname=picture.edu.hismarttv.com
07-05 22:23:53.573 D/Player/Player/NativePlayerUtils(28357): [TID 28388] isWhiteListLoaded() return false
07-05 22:23:53.574 D/Player/Player/NativePlayerUtils(28357): [TID 28388] loadWhiteListSync(), so Path is /data/data/com.hisense.hicloud.edca/files/plugin/2.1.0.59986/pluginplayer/1.64.0.59984/pluginplayer-release-1.64.0.59984-libs/libiqiyi_media_player_whitelist.so,domian is ptqy.gitv.tv, current tried times is 0
07-05 22:23:53.574 E/CommonHeader(28357): setNetStatusIcon: 30002
07-05 22:23:53.574 E/ContentValues(28357): refreshNetStatus: 
07-05 22:23:53.576 I/CLog    (28357): JNI_OnLoad->(cpuinfos) success!!
07-05 22:23:53.580 D/HttpHandler(28357): VerifySignInterCeptor-->request.url()=http://picture.edu.hismarttv.com/images/20170628115302475663.png
07-05 22:23:53.580 D/HttpHandler(28357): VerifySignInterCeptor-->hostname=picture.edu.hismarttv.com
07-05 22:23:53.582 D/CommonHeader(28357): SLOVEN setPlaceInfo place---city::---
07-05 22:23:53.582 D/HeaderServiceManager(28357): adding listener com.hisense.tvui.newhome.view.header.view.CommonHeader$HeaderWeatherInfoListener@c1705f5
07-05 22:23:53.582 D/BaseContentFragment(28357): header logoone open
07-05 22:23:53.582 D/CommonHeader(28357): onTabStatusChanged tabstatus===>:40001
07-05 22:23:53.583 D/Player/Player/NativePlayerUtils(28357): [TID 28388] loadWhiteListSync(), wait load finished
07-05 22:23:53.586 D/HttpHandler(28357): VerifySignInterCeptor-->request.url()=http://picture.edu.hismarttv.com/images/20170628111857828826.png
07-05 22:23:53.587 D/CLog    (28357): cpuinfo_len is (370):
07-05 22:23:53.587 D/CLog    (28357): Processor	: AArch64 Processor rev 3 (aarch64)
07-05 22:23:53.587 D/CLog    (28357): processor	: 0
07-05 22:23:53.587 D/CLog    (28357): processor	: 1
07-05 22:23:53.587 D/CLog    (28357): processor	: 2
07-05 22:23:53.587 D/CLog    (28357): processor	: 3
07-05 22:23:53.587 D/CLog    (28357): Features	: fp asimd aes pmull sha1 sha2 crc32 wp half thumb fastmult vfp edsp neon vfpv3 tlsi vfpv4 idiva idivt 
07-05 22:23:53.587 D/CLog    (28357): CPU implementer	: 0x41
07-05 22:23:53.587 D/CLog    (28357): CPU architecture: 8
07-05 22:23:53.587 D/CLog    (28357): CPU variant	: 0x0
07-05 22:23:53.587 D/CLog    (28357): CPU part	: 0xd03
07-05 22:23:53.587 D/CLog    (28357): CPU revision	: 3
07-05 22:23:53.587 D/CLog    (28357): 
07-05 22:23:53.587 D/CLog    (28357): Hardware	: Muji
07-05 22:23:53.587 D/CLog    (28357): Revision	: 0000
07-05 22:23:53.587 D/CLog    (28357): Serial		: 0000000000000000
07-05 22:23:53.587 D/CLog    (28357): 
07-05 22:23:53.587 D/CLog    (28357): cpuinfo hardware is Muji
07-05 22:23:53.587 D/HttpHandler(28357): VerifySignInterCeptor-->hostname=picture.edu.hismarttv.com
07-05 22:23:53.587 I/System.out(28357): <TVAPI> DEBUG(id=3, devRegister, response_time = 105ms): data = {"msg":"","code":"N000000","data":{"apiKey":"9e14d341281067d05d771f41454858c0","authId":1210,"flag":"","hide":"qiyicom","ip":"219.147.31.2","ipLoc":"1-48-3-6-6001-0-26","ipZh":"-----None-","kv":[{"hcdn":"hCDN"},{"homepageHot":""},{"homepageNew":""},{"ruleCode":"http://static.ptqy.gitv.tv/js/tv/app/getPlayerConfig.js","playerConfig":""},{"isShowExitAppDialog":"apk"}],"loading":"","loginTunnel":0,"resIds":[{"id":201221412,"seq":1},{"id":201713612,"seq":2},{"id":201757412,"seq":3}],"sysTime":1499263070,"tab":[],"tip":"","upgradeType":-1,"url":"","version":""}}
07-05 22:23:53.587 I/System.out(28357): <TVAPI> DEBUG(TVApiProcessor): replace url is http://data2.itv.ptqy.gitv.tv/itv/moduleUpdate/1210/2.1.0.59986?p=%7B%22chipVer%22%3A%22%22%2C%22ip%22%3A%22%22%2C%22mac%22%3A%22a8%3Aa6%3A48%3A18%3Afc%3Aa8%22%2C%22mem%22%3A%22%22%2C%22osVer%22%3A22%2C%22platModel%22%3A%22VIDAA_TV%22%2C%22pluginplayer%22%3A%221.64.0.59984%22%2C%22prodModel%22%3A%22VIDAA_TV%22%7D
07-05 22:23:53.587 I/System.out(28357): <TVAPI> DEBUG(id=2, moduleUpdate): url = http://data2.itv.ptqy.gitv.tv/itv/moduleUpdate/1210/2.1.0.59986?p=%7B%22chipVer%22%3A%22%22%2C%22ip%22%3A%22%22%2C%22mac%22%3A%22a8%3Aa6%3A48%3A18%3Afc%3Aa8%22%2C%22mem%22%3A%22%22%2C%22osVer%22%3A22%2C%22platModel%22%3A%22VIDAA_TV%22%2C%22pluginplayer%22%3A%221.64.0.59984%22%2C%22prodModel%22%3A%22VIDAA_TV%22%7D
07-05 22:23:53.587 I/System.out(28357): <TVAPI> DEBUG(id=2, moduleUpdate): header = qyid:tv_69b1ef544cadbb86e8f28950ece1c76a_1167652938875
07-05 22:23:53.587 I/System.out(28357): <TVAPI> DEBUG(id=2, moduleUpdate): header = ov:5.1.1
07-05 22:23:53.587 I/System.out(28357): <TVAPI> DEBUG(id=2, moduleUpdate): header = apkVer:2.1.0.59986
07-05 22:23:53.587 I/System.out(28357): <TVAPI> DEBUG(id=2, moduleUpdate): header = apiKey:9e14d341281067d05d771f41454858c0
07-05 22:23:53.587 D/HttpHandler(28357): HttpDNS-->hostname=picture.edu.hismarttv.com
07-05 22:23:53.592 D/TVWhiteList(28357): requested URL key = tv-{model-[VIDAA_TV]|cpuinfo-[Muji]}, default = tv-{cpuinfo-[Muji]}, productname-[VIDAA_TV]
07-05 22:23:53.592 D/TVWhiteList(28357): requested URL = http://puma.api.ptqy.gitv.tv/kestrel/fetch?key=tv-%7Bmodel-%5BVIDAA_TV%5D%7Ccpuinfo-%5BMuji%5D%7D&default_key=tv-%7Bcpuinfo-%5BMuji%5D%7D
07-05 22:23:53.594 D/HttpHandler(28357): DNSRetryIntercepter-->http://118.178.149.42/d?device_id=86100300900000500000060a4818fca8&host=b5d1d96093f9d07d386917b5d3b91cdcb031311b90271792b45951b69dc9c054dc862a7c9178ba82684e325a98b554b4&last=
07-05 22:23:53.594 D/HttpHandler(28357): DNSRetryIntercepter-->118.178.149.42
07-05 22:23:53.595 D/HttpHandler(28357): GslbDNS-->hostName=118.178.149.42
07-05 22:23:53.596 D/TVWhiteList(28357): WhiteList server IP: 119.188.147.32
07-05 22:23:53.600 D/HttpHandler(28357): DNSRetryIntercepter-->http://118.178.149.42/d?device_id=86100300900000500000060a4818fca8&host=b5d1d96093f9d07d386917b5d3b91cdcb031311b90271792b45951b69dc9c054dc862a7c9178ba82684e325a98b554b4&last=
07-05 22:23:53.600 D/HttpHandler(28357): DNSRetryIntercepter-->118.178.149.42
07-05 22:23:53.601 D/HttpHandler(28357): GslbDNS-->hostName=118.178.149.42
07-05 22:23:53.603 I/Utils   (28357): getScreenSize() SCREEN_WIDTH = 1920, SCREEN_HEIGHT = 1080, DENSITY = 2.0
07-05 22:23:53.605 D/FirstLineAdapter(28357): tiles6
07-05 22:23:53.605 I/FirstLineAdapter(28357): canShowTrailer,isOffline=false
07-05 22:23:53.605 I/SpecialFirstView(28357): setData ,canshowtrailer:true
07-05 22:23:53.606 I/FirstLineAdapter(28357): onAttachedToRecyclerView 
07-05 22:23:53.607 I/size    (28357): size=10
07-05 22:23:53.609 I/RoleContentFragment(28357): set recyclerview adapter
07-05 22:23:53.609 I/RoleContentFragment(28357): has not get  recommand data
07-05 22:23:53.609 I/HomeDataPresenter(28357): getRecommandData(): channelId = 0RoleContentFragment358017161
07-05 22:23:53.610 I/HttpDnsUtils(28357): get favorite tag 
07-05 22:23:53.610 I/HttpDnsUtils(28357): getRecommandData: http://api.edu.hismarttv.com/usercenter/api/individualize_data?devid=86100300900000500000060a4818fca8&customerId=7195320&subscriberId=13287129&ChannelId=0&tags=&version_id=6&region_name=%E6%9D%AD%E5%B7%9E
07-05 22:23:53.611 D/til@system( 2026): til_get_system_param option:1000007 int:-1815633792, bool:128, ret:0
07-05 22:23:53.612 D/til@system( 2026): til_get_system_param option:1000009 int:-1936522368, bool:128, ret:0
07-05 22:23:53.612 D/HttpHandler(28357): HttpDNS-->hostname=picture.edu.hismarttv.com
07-05 22:23:53.613 D/til@system( 2026): til_get_system_param option:1000008 int:-1815632896, bool:0, ret:0
07-05 22:23:53.613 D/HttpBuilder(28357): getOperationDetail-productName : LED50MU8600UC
07-05 22:23:53.613 D/HttpBuilder(28357): getOperationDetail-plmNumber : 88888
07-05 22:23:53.613 D/HttpBuilder(28357): getOperationDetail-swVersion : V0000.00.01A
07-05 22:23:53.613 D/HttpBuilder(28357): getOperationDetail-operationDetail : LED50MU8600UC0000888
07-05 22:23:53.616 D/HttpHandler(28357): DNSRetryIntercepter-->http://118.178.149.42/d?device_id=86100300900000500000060a4818fca8&host=b5d1d96093f9d07d386917b5d3b91cdcb031311b90271792b45951b69dc9c054dc862a7c9178ba82684e325a98b554b4&last=
07-05 22:23:53.616 D/HttpHandler(28357): DNSRetryIntercepter-->118.178.149.42
07-05 22:23:53.616 D/HttpHandler(28357): GslbDNS-->hostName=118.178.149.42
07-05 22:23:53.632 D/OkHttp  (28357): --> GET http://118.178.149.42/d?device_id=86100300900000500000060a4818fca8&host=b5d1d96093f9d07d386917b5d3b91cdcb031311b90271792b45951b69dc9c054dc862a7c9178ba82684e325a98b554b4&last= http/1.1
07-05 22:23:53.632 D/OkHttp  (28357): Host: lbgs.hismarttv.com
07-05 22:23:53.632 D/OkHttp  (28357): Connection: Keep-Alive
07-05 22:23:53.632 D/OkHttp  (28357): Accept-Encoding: gzip
07-05 22:23:53.632 D/OkHttp  (28357): User-Agent: okhttp/3.6.0
07-05 22:23:53.632 D/OkHttp  (28357): --> END GET
07-05 22:23:53.636 I/TVWhiteList(28357): strRes = {"code":"A00000","default_key":"tv-{cpuinfo-[Muji]}","default_value":"","key":"tv-{model-[VIDAA_TV]|cpuinfo-[Muji]}","value":"[{\"result\": {\"vod_dolby\": -1,\"vod_h265\": -1,\"vod_h264_4k_plus\": -1,\"vod_h264_jisu_2k\": 1,\"livenet_H264_4k_plus\": -1,\"livenet_H264_jisu_2k\": 1,\"livenet_h265\": -1,\"qixiu\": 0,\"highest_bs\": 19,\"lowest_bs\": 1,\"local_server_config\": \"\", \"other\": \"\"}},{\"version\":3005,\"result\": {\"vod_dolby\": -1,\"vod_h265\": -1,\"vod_h264_4k_plus\": -1,\"vod_h264_jisu_2k\": -1,\"livenet_H264_4k_plus\": -1,\"livenet_H264_jisu_2k\": -1,\"livenet_h265\": -1,\"qixiu\": 0,\"highest_bs\": 19,\"lowest_bs\": 1,\"local_server_config\": \"\", \"other\": \"\"}},{\"version\":3008,\"result\": {\"vod_dolby\": -1,\"vod_h265\": -1,\"vod_h264_4k_plus\": -1,\"vod_h264_jisu_2k\": 1,\"livenet_H264_jisu_2k\": 1,\"qixiu\": 0,\"highest_bs\": 19,\"lowest_bs\": 1,\"local_server_config\": \"{\\\"start_mode\\\": 1}\", \"other\": \"\"}}]"}
07-05 22:23:53.636 I/TVWhiteList(28357): use white list version whitev 3000
07-05 22:23:53.636 I/TVWhiteList(28357): use white list version whitev 3005
07-05 22:23:53.636 I/TVWhiteList(28357): use white list version whitev 3008
07-05 22:23:53.637 D/Player/Player/NativePlayerUtils(28357): [TID 28480] loadWhiteListSync(), white list fetched: {"SupportDolby":false,"SupportH265":false,"Support4K":false,"SupportLive":true}
07-05 22:23:53.637 D/Player/Player/NativePlayerUtils(28357): [TID 28480] parseWhiteListJson(jsonString:{"SupportDolby":false,"SupportH265":false,"Support4K":false,"SupportLive":true})
07-05 22:23:53.638 D/Player/Player/NativePlayerUtils(28357): [TID 28480] parseWhiteListJson, normal:true,h265:false,dolby:false,bs4K:false
07-05 22:23:53.638 D/Player/Player/NativePlayerUtils(28357): [TID 28388] << loadWhiteListSync()
07-05 22:23:53.638 D/Player/Lib/Utils/PlayerDebugUtils(28357): [TID 28388] initialize, allowDebug: false
07-05 22:23:53.638 D/CLog    (28357): cpuinfo_len is (370):
07-05 22:23:53.638 D/CLog    (28357): Processor	: AArch64 Processor rev 3 (aarch64)
07-05 22:23:53.638 D/CLog    (28357): processor	: 0
07-05 22:23:53.638 D/CLog    (28357): processor	: 1
07-05 22:23:53.638 D/CLog    (28357): processor	: 2
07-05 22:23:53.638 D/CLog    (28357): processor	: 3
07-05 22:23:53.638 D/CLog    (28357): Features	: fp asimd aes pmull sha1 sha2 crc32 wp half thumb fastmult vfp edsp neon vfpv3 tlsi vfpv4 idiva idivt 
07-05 22:23:53.638 D/CLog    (28357): CPU implementer	: 0x41
07-05 22:23:53.638 D/CLog    (28357): CPU architecture: 8
07-05 22:23:53.638 D/CLog    (28357): CPU variant	: 0x0
07-05 22:23:53.638 D/CLog    (28357): CPU part	: 0xd03
07-05 22:23:53.638 D/CLog    (28357): CPU revision	: 3
07-05 22:23:53.638 D/CLog    (28357): 
07-05 22:23:53.638 D/CLog    (28357): Hardware	: Muji
07-05 22:23:53.638 D/CLog    (28357): Revision	: 0000
07-05 22:23:53.638 D/CLog    (28357): Serial		: 0000000000000000
07-05 22:23:53.638 D/CLog    (28357): 
07-05 22:23:53.638 D/CLog    (28357): cpuinfo hardware is Muji
07-05 22:23:53.639 I/TVWhiteList(28357): longyUrl = http://msg.71.am/v5/core/bmd?t=pfmc&success=1&tm1=40&bgv=3.0&tv_device=VIDAA_TV-4-Muji-22-Hisense&isadapted=1&krv=3.8.3
07-05 22:23:53.642 D/OkHttp  (28357): --> GET http://118.178.149.42/d?device_id=86100300900000500000060a4818fca8&host=b5d1d96093f9d07d386917b5d3b91cdcb031311b90271792b45951b69dc9c054dc862a7c9178ba82684e325a98b554b4&last= http/1.1
07-05 22:23:53.642 D/OkHttp  (28357): Host: lbgs.hismarttv.com
07-05 22:23:53.642 D/OkHttp  (28357): Connection: Keep-Alive
07-05 22:23:53.642 D/OkHttp  (28357): Accept-Encoding: gzip
07-05 22:23:53.642 D/OkHttp  (28357): User-Agent: okhttp/3.6.0
07-05 22:23:53.642 D/OkHttp  (28357): --> END GET
07-05 22:23:53.653 D/OkHttp  (28357): --> GET http://118.178.149.42/d?device_id=86100300900000500000060a4818fca8&host=b5d1d96093f9d07d386917b5d3b91cdcb031311b90271792b45951b69dc9c054dc862a7c9178ba82684e325a98b554b4&last= http/1.1
07-05 22:23:53.654 D/OkHttp  (28357): Host: lbgs.hismarttv.com
07-05 22:23:53.654 D/OkHttp  (28357): Connection: Keep-Alive
07-05 22:23:53.654 D/OkHttp  (28357): Accept-Encoding: gzip
07-05 22:23:53.654 D/PlayerSdk/PlayerSdkProject(28357): [TID 28388] initPingback
07-05 22:23:53.654 D/OkHttp  (28357): User-Agent: okhttp/3.6.0
07-05 22:23:53.654 D/OkHttp  (28357): --> END GET
07-05 22:23:53.657 I/HttpBuilder(28357): addUrlPublicParams mUrl ==>http://api.edu.hismarttv.com/usercenter/api/individualize_data?devid=86100300900000500000060a4818fca8&customerId=7195320&subscriberId=13287129&ChannelId=0&tags=&version_id=6&region_name=%E6%9D%AD%E5%B7%9E&uuid=13287129&mac=a8:a6:48:18:fc:a8&model_id=0&APPPackage=com.hisense.hicloud.edca&PFAPPCode=652&APPVersionName=3.0.0.9.00&softwareVersion=LED50MU8600UC0000888&tv_distribute_id=00&devType=0&APIVersion=600&accessToken=72DF6038D2AEAB8A76DFBBBBCC428A4A_003041487569484
07-05 22:23:53.659 I/RoleContentFragment(28357): real get recommand data
07-05 22:23:53.659 I/RoleContentFragment(28357): setBackGround ,isVisible=true,hasload=true
07-05 22:23:53.659 I/Util    (28357): memory : total=1912,limit=1024
07-05 22:23:53.659 I/BaseContentFragment(28357): hideLoadingView
07-05 22:23:53.660 I/RoleContentFragment(28357): getServiceData: 0
07-05 22:23:53.665 W/System.err(28357): com.qiyi.video.api.ApiException
07-05 22:23:53.671 I/MiSysSrv( 1214): [37m[INFO] Change to Voltage: 117 mv (0x32)[m
07-05 22:23:53.671 W/System.err(28357): 	at com.qiyi.tvapi.tv2.a$3.onSuccess(SourceFile:204)
07-05 22:23:53.671 W/System.err(28357): 	at com.qiyi.video.api.a.d.b(SourceFile:105)
07-05 22:23:53.672 W/System.err(28357): 	at com.qiyi.video.api.a.d.a(SourceFile:129)
07-05 22:23:53.672 W/System.err(28357): 	at com.qiyi.tvapi.tv2.a$1.a(SourceFile:102)
07-05 22:23:53.672 W/System.err(28357): 	at com.qiyi.tvapi.tv2.b.c.a(SourceFile:155)
07-05 22:23:53.672 W/System.err(28357): 	at com.qiyi.tvapi.tv2.a.a(SourceFile:95)
07-05 22:23:53.672 W/System.err(28357): 	at com.qiyi.tvapi.tv2.a.callSync(SourceFile:54)
07-05 22:23:53.672 W/System.err(28357): 	at com.qiyi.sdk.plugin.server.upgrade.UpgradeManager.checkUpgrades(SourceFile:60)
07-05 22:23:53.672 W/System.err(28357): 	at com.qiyi.sdk.plugin.server.core.PluginHelper$TimerHandler.checkAllUpgrade(SourceFile:362)
07-05 22:23:53.672 W/System.err(28357): 	at com.qiyi.sdk.plugin.server.core.PluginHelper$TimerHandler.handleMessage(SourceFile:339)
07-05 22:23:53.672 W/System.err(28357): 	at android.os.Handler.dispatchMessage(Handler.java:102)
07-05 22:23:53.672 W/System.err(28357): 	at android.os.Looper.loop(Looper.java:135)
07-05 22:23:53.672 W/System.err(28357): 	at android.os.HandlerThread.run(HandlerThread.java:61)
07-05 22:23:53.672 W/UpgradeManager(28357): moduleUpdate() onException!! exception=com.qiyi.video.api.ApiException
07-05 22:23:53.672 I/System.out(28357): <TVAPI> ERROR(id=2, moduleUpdate, response_time = 226ms): call error. data = {"msg":"\nE000012","code":"E000012","data":[]}
07-05 22:23:53.672 W/System.err(28357): com.qiyi.video.api.ApiException
07-05 22:23:53.672 W/System.err(28357): 	at com.qiyi.tvapi.tv2.a$3.onSuccess(SourceFile:204)
07-05 22:23:53.672 W/System.err(28357): 	at com.qiyi.video.api.a.d.b(SourceFile:105)
07-05 22:23:53.672 W/System.err(28357): 	at com.qiyi.video.api.a.d.a(SourceFile:129)
07-05 22:23:53.672 W/System.err(28357): 	at com.qiyi.tvapi.tv2.a$1.a(SourceFile:102)
07-05 22:23:53.672 W/System.err(28357): 	at com.qiyi.tvapi.tv2.b.c.a(SourceFile:155)
07-05 22:23:53.672 W/System.err(28357): 	at com.qiyi.tvapi.tv2.a.a(SourceFile:95)
07-05 22:23:53.672 W/System.err(28357): 	at com.qiyi.tvapi.tv2.a.callSync(SourceFile:54)
07-05 22:23:53.672 W/System.err(28357): 	at com.qiyi.sdk.plugin.server.upgrade.UpgradeManager.checkUpgrades(SourceFile:60)
07-05 22:23:53.673 W/System.err(28357): 	at com.qiyi.sdk.plugin.server.core.PluginHelper$TimerHandler.checkAllUpgrade(SourceFile:362)
07-05 22:23:53.673 W/System.err(28357): 	at com.qiyi.sdk.plugin.server.core.PluginHelper$TimerHandler.handleMessage(SourceFile:339)
07-05 22:23:53.673 W/System.err(28357): 	at android.os.Handler.dispatchMessage(Handler.java:102)
07-05 22:23:53.673 W/System.err(28357): 	at android.os.Looper.loop(Looper.java:135)
07-05 22:23:53.673 W/System.err(28357): 	at android.os.HandlerThread.run(HandlerThread.java:61)
07-05 22:23:53.673 W/PluginHelper(28357): checkAllUpgrade>>() return true
07-05 22:23:53.673 W/StorageManager(28357): loadLastUpgradeTime<<(upgradeTime=1499264633436)
07-05 22:23:53.673 W/StorageStub@193d3924(28357): saveLastUpgradeTime<<(upgradeTime=1499264633436)
07-05 22:23:53.673 W/StorageStub@193d3924(28357): saveLastUpgradeTime>>()
07-05 22:23:53.673 W/StorageManager(28357): loadLastUpgradeTime>>()
07-05 22:23:53.673 W/PluginHelper(28357): handleMessage>>()
07-05 22:23:53.676 D/NativeDecimalFormat(28357): NativeDecimalFormat_close print addr=4098430720
07-05 22:23:53.676 D/NativeDecimalFormat(28357): NativeDecimalFormat_close print g_addr=3997598976
07-05 22:23:53.676 D/NativeDecimalFormat(28357): NativeDecimalFormat_close print addr=4098431488
07-05 22:23:53.677 D/NativeDecimalFormat(28357): NativeDecimalFormat_close print g_addr=3997598976
07-05 22:23:53.677 I/art     (28357): Background partial concurrent mark sweep GC freed 31011(1916KB) AllocSpace objects, 3(1346KB) LOS objects, 13% free, 24MB/28MB, paused 5.047ms total 92.779ms
07-05 22:23:53.678 D/HttpHandler(28357): VerifySignInterCeptor-->request.url()=http://api.edu.hismarttv.com/usercenter/api/individualize_data?devid=86100300900000500000060a4818fca8&customerId=7195320&subscriberId=13287129&ChannelId=0&tags=&version_id=6&region_name=%E6%9D%AD%E5%B7%9E&uuid=13287129&mac=a8:a6:48:18:fc:a8&model_id=0&APPPackage=com.hisense.hicloud.edca&PFAPPCode=652&APPVersionName=3.0.0.9.00&softwareVersion=LED50MU8600UC0000888&tv_distribute_id=00&devType=0&APIVersion=600&accessToken=72DF6038D2AEAB8A76DFBBBBCC428A4A_003041487569484
07-05 22:23:53.678 D/HttpHandler(28357): VerifySignInterCeptor-->hostname=api.edu.hismarttv.com
07-05 22:23:53.679 D/HttpHandler(28357): HttpDNS-->hostname=api.edu.hismarttv.com
07-05 22:23:53.679 D/HttpHandler(28357): RAMCache-->hostInfo.getClientTimeStamp()=13471500
07-05 22:23:53.679 D/HttpHandler(28357): RAMCache-->hostInfo.getTtl()=3600
07-05 22:23:53.679 D/HttpHandler(28357): RAMCache-->SystemClock.elapsedRealtime()=13475251
07-05 22:23:53.682 D/HttpHandler(28357): DNSHelper-->gslbDns=["123.103.91.123"]
07-05 22:23:53.691 I/TVWhiteList(28357): strRes = 
07-05 22:23:53.692 I/System.out(28357): <TVAPI> DEBUG(TVApiProperty): read passport-device-id=tv_69b1ef544cadbb86e8f28950ece1c76a_1167652938875
07-05 22:23:53.704 D/OkHttp  (28357): --> GET http://api.edu.hismarttv.com/usercenter/api/individualize_data?devid=86100300900000500000060a4818fca8&customerId=7195320&subscriberId=13287129&ChannelId=0&tags=&version_id=6&region_name=%E6%9D%AD%E5%B7%9E&uuid=13287129&mac=a8:a6:48:18:fc:a8&model_id=0&APPPackage=com.hisense.hicloud.edca&PFAPPCode=652&APPVersionName=3.0.0.9.00&softwareVersion=LED50MU8600UC0000888&tv_distribute_id=00&devType=0&APIVersion=600&accessToken=72DF6038D2AEAB8A76DFBBBBCC428A4A_003041487569484 http/1.1
07-05 22:23:53.704 D/OkHttp  (28357): Data_Type: JSON
07-05 22:23:53.705 D/OkHttp  (28357): RetryTime: 0
07-05 22:23:53.705 D/OkHttp  (28357): Backoffmutiplier: 0
07-05 22:23:53.705 D/OkHttp  (28357): Host: api.edu.hismarttv.com
07-05 22:23:53.705 D/OkHttp  (28357): Connection: Keep-Alive
07-05 22:23:53.705 D/OkHttp  (28357): Accept-Encoding: gzip
07-05 22:23:53.705 D/OkHttp  (28357): User-Agent: okhttp/3.6.0
07-05 22:23:53.705 D/OkHttp  (28357): --> END GET
07-05 22:23:53.707 D/OkHttp  (28357): <-- 200 OK http://118.178.149.42/d?device_id=86100300900000500000060a4818fca8&host=b5d1d96093f9d07d386917b5d3b91cdcb031311b90271792b45951b69dc9c054dc862a7c9178ba82684e325a98b554b4&last= (65ms)
07-05 22:23:53.707 D/OkHttp  (28357): Server: openresty
07-05 22:23:53.707 D/OkHttp  (28357): Date: Wed, 05 Jul 2017 14:23:53 GMT
07-05 22:23:53.707 D/OkHttp  (28357): Content-Type: application/octet-stream
07-05 22:23:53.707 D/OkHttp  (28357): Transfer-Encoding: chunked
07-05 22:23:53.707 D/OkHttp  (28357): Connection: close
07-05 22:23:53.707 D/OkHttp  (28357): <-- END HTTP
07-05 22:23:53.712 D/HttpHandler(28357): DNSRetryIntercepter-->checkData=dbbf03a0e59a5c14094df6af108b323cdef43c30f34508fe086c55d3ff8dd6b3de836151a7c333d97fc86ff492ee8a2d6a58645a4e67d7c6136c94060f8f012310b486b8749547ca3491e87bcf302b6a64c0042fc22ff5f8602e736ac9f34fafe2453d54489807e02dde1b1b99fd5c93f466e26c17d7fcec8e3aa34bb4d550d52c6b817440e0c14cb34fb7b77b89d7f1badb482cf9f5f1d007c443f10d6197bfd6843f52321f5306f59db7ea052ef1e3c45bf4b3c212d9c89705d7a3a2340dd32c99942eba3af68a57a570252cc952c7b045938cd8f585774f0fe608abd7ee068152106cfbf2c5d657b0db602d4352a81c8382683533be8b980e9a1ec9fe45e602d3b992fa8943d26a9fbeb1f5c33d709edccbef90693ef05329963dd978073e014a92eef7d946532fc09a850ec80dba
07-05 22:23:53.717 D/HttpHandler(28357): DNSHelper-->gslbDnsresult={"timestamp":1499264633,"msg":"","data":{"lbgs.hismarttv.com":{"ips":["118.178.149.42","139.217.11.211"],"ttl":3600},"picture.edu.hismarttv.com":{"ips":["36.33.158.222","112.65.220.40","218.58.206.58","123.128.14.209","153.35.175.121","220.202.77.124","153.35.175.120"],"ttl":300}},"retCode":"0"}
07-05 22:23:53.717 I/System.out(28357):  remove duplicate [118.178.149.42, 139.217.11.211]
07-05 22:23:53.719 D/pingbacklog/getHardwareInfo(28357): getHardwareInfo: info=muji
07-05 22:23:53.723 V/InputMethodService( 2203): startInput(): editor=android.view.inputmethod.EditorInfo@283b26a3
07-05 22:23:53.723 V/InputMethodService( 2203): CALL: onFinishInput
07-05 22:23:53.725 E/SOGOUIME_JNI( 2203): reset
07-05 22:23:53.725 D/pingbacklog-set(28357): QiyiPingBack2.setAnonymityId is be used, mAnonymityId = tv_69b1ef544cadbb86e8f28950ece1c76a
07-05 22:23:53.725 E/SOGOUIME_JNI( 2203): getCandidates
07-05 22:23:53.725 E/SOGOUIME_JNI( 2203): ime_get_uncommitted_length
07-05 22:23:53.725 E/SOGOUIME_JNI( 2203): getCandidates
07-05 22:23:53.725 D/SogouIME API( 2203): ==============num:32
07-05 22:23:53.725 E/SOGOUIME_JNI( 2203): ime_get_uncommitted_length
07-05 22:23:53.725 D/SogouIME( 2203): mFocusedComponent:30   isHkbEnable:false
07-05 22:23:53.725 D/pingbacklog-set(28357): QiyiPingBack2.setPassportId is be used, UserId = null
07-05 22:23:53.725 E/SOGOUIME_JNI( 2203): ime_get_uncommitted_length
07-05 22:23:53.725 E/SOGOUIME_JNI( 2203): ime_get_committed_length
07-05 22:23:53.725 E/SOGOUIME_JNI( 2203): getComposingInfo
07-05 22:23:53.725 E/SOGOUIME_JNI( 2203): getComposingInfo
07-05 22:23:53.725 E/SOGOUIME_JNI( 2203): getCorrectInfo
07-05 22:23:53.725 E/SOGOUIME_JNI( 2203): getComposingInfo
07-05 22:23:53.726 V/InputMethodService( 2203): CALL: onStartInput
07-05 22:23:53.726 E/SOGOUIME_JNI( 2203): invalidateCommitWordPinyinNative
07-05 22:23:53.726 D/SogouIME( 2203): =====configKeyboard=======:false     false
07-05 22:23:53.726 E/SOGOUIME_JNI( 2203): ime_set_hard_kb_enable
07-05 22:23:53.727 I/MemTotal:        1958344 kB(28357): MemTotal:	
07-05 22:23:53.727 I/MemTotal:        1958344 kB(28357): 1958344	
07-05 22:23:53.727 I/MemTotal:        1958344 kB(28357): kB	
07-05 22:23:53.729 D/HttpHandler(28357): DNSHelper-->httpDnsParser=["36.33.158.222","112.65.220.40","218.58.206.58","123.128.14.209","153.35.175.121","220.202.77.124","153.35.175.120"]
07-05 22:23:53.729 D/PlayerSdk/PlayerSdkProject(28357): [TID 28388] initPingback: domainName=ptqy.gitv.tv, ver=2.1.0.59986, uuid=20151228165619572MkCHJfWb11209, userId=null, isNewUser=true, deviceid=tv_69b1ef544cadbb86e8f28950ece1c76a_1167652938875, setAnonymityId=tv_69b1ef544cadbb86e8f28950ece1c76a
07-05 22:23:53.732 D/PlayerSdk/CheckPackageNameJob(28357): [TID 28388] SdkConfigManager.instance().getConfig() = SdkConfig@20f47571{mCustomerCode=60, mPlayerConfigType=4, mPlatformType=HAIXIN, mLoginType=SUB_ACCOUNT, mIsEnableDolby=false, mIsEnableH265=false, mIsEnable4K=true, mIsSupportYinhePingback=false, mShouldDoPlayCheck=true, mshouldGetUuidFromServer=true, mPingbackS1=2, mPingbackS2=simple_sdk, mPingbackP2=3128, mDomainName=ptqy.gitv.tv, mIsDebugVersion=false, mIsDebugVersion=false, mCustomerPackageNames=[com.hisense.hicloud.edca], mEnableSetBitstream=true}
07-05 22:23:53.734 D/PlayerSdk/CheckPackageNameJob@25162ad7(28357): [TID 28388] isCancelled() Job[PlayerSdk/CheckPackageNameJob@25162ad7](mState=0, mData=Object700907181, mError=null) return false
07-05 22:23:53.735 D/PlayerSdk/CheckPackageNameJob(28357): [TID 28388] onRun(), mCurrentPackageName=com.hisense.hicloud.edca, mCustomerPackageNames=511068292:[com.hisense.hicloud.edca]
07-05 22:23:53.735 D/PlayerSdk/CheckPackageNameJob@25162ad7(28357): [TID 28388] notifyJobSuccess() Job[PlayerSdk/CheckPackageNameJob@25162ad7](mState=1, mData=Object700907181, mError=null)
07-05 22:23:53.735 D/PlayerSdk/DeviceCheckTask@4c7efc4(28357): [TID 28388] isCancelled() Job[PlayerSdk/DeviceCheckTask@4c7efc4](mState=0, mData=Object304174562, mError=null) return false
07-05 22:23:53.735 D/PlayerSdk/DeviceCheckTask(28357): [TID 28388] execte.onRun: isDevChecked=false, isDeviceCheckPass=false
07-05 22:23:53.735 D/AccessToken(28357): [TID 28388] isAllowedAccess() count=0, now=1499264633735, time=1499264633735, mMaxCount = 5, duration = 600000, mAccessTime = 0, return true
07-05 22:23:53.735 D/AccessToken(28357): [TID 28388] isAllowedAccess() count=0, now=1499264633735, time=1499264633735, mMaxCount = 5, duration = 600000, mAccessTime = 0, return true
07-05 22:23:53.735 D/PlayerSdk/DeviceCheckTask(28357): [TID 28388] deviceCheck
07-05 22:23:53.735 D/PlayerSdk/DeviceCheckTask(28357): [TID 28388] deviceCheck: devCheckTest=-1
07-05 22:23:53.736 I/System.out(28357): <TVAPI> DEBUG(isUpdateData): isUpdateData=devRegister-true
07-05 22:23:53.736 I/System.out(28357): <TVAPI> DEBUG(TVAPI): uuid=20151228165619572MkCHJfWb11209
07-05 22:23:53.736 I/System.out(28357): <TVAPI> DEBUG(TVAPI): version=2.1.0.59986
07-05 22:23:53.736 I/System.out(28357): <TVAPI> DEBUG(TVApiProperty): read passport-device-id=tv_69b1ef544cadbb86e8f28950ece1c76a_1167652938875
07-05 22:23:53.736 I/System.out(28357): <TVAPI> DEBUG(id=6, systemTime): url = http://pdata.video.ptqy.gitv.tv/k
07-05 22:23:53.736 I/System.out(28357): D/(load-playerplugin, CommonApi-systemTime): url=http://pdata.video.ptqy.gitv.tv/k
07-05 22:23:53.737 I/System.out(28357): <TVAPI> DEBUG(id=5, devRegister): url = http://data2.itv.ptqy.gitv.tv/itv/devRegister/OGFjZjgxODQ2YThhLzIwMTUxMjI4MTY1NjE5NTcyTWtDSEpmV2IxMTIwOS8yLjEuMC41OTk4Ng/39467112fe7be1432adcf86e152f4899
07-05 22:23:53.737 I/System.out(28357): <TVAPI> DEBUG(id=5, devRegister): header = qyid:tv_69b1ef544cadbb86e8f28950ece1c76a_1167652938875
07-05 22:23:53.737 I/System.out(28357): <TVAPI> DEBUG(id=5, devRegister): header = ov:5.1.1
07-05 22:23:53.737 I/System.out(28357): <TVAPI> DEBUG(id=5, devRegister): header = apkVer:2.1.0.59986
07-05 22:23:53.747 D/OkHttp  (28357): <-- 200 OK http://api.edu.hismarttv.com/usercenter/api/individualize_data?devid=86100300900000500000060a4818fca8&customerId=7195320&subscriberId=13287129&ChannelId=0&tags=&version_id=6&region_name=%E6%9D%AD%E5%B7%9E&uuid=13287129&mac=a8:a6:48:18:fc:a8&model_id=0&APPPackage=com.hisense.hicloud.edca&PFAPPCode=652&APPVersionName=3.0.0.9.00&softwareVersion=LED50MU8600UC0000888&tv_distribute_id=00&devType=0&APIVersion=600&accessToken=72DF6038D2AEAB8A76DFBBBBCC428A4A_003041487569484 (42ms)
07-05 22:23:53.747 D/OkHttp  (28357): Server: nginx
07-05 22:23:53.747 D/OkHttp  (28357): Date: Wed, 05 Jul 2017 14:23:53 GMT
07-05 22:23:53.747 D/OkHttp  (28357): Content-Type: application/json
07-05 22:23:53.747 D/OkHttp  (28357): Content-Length: 17184
07-05 22:23:53.747 D/OkHttp  (28357): Connection: close
07-05 22:23:53.747 D/OkHttp  (28357): <-- END HTTP
07-05 22:23:53.750 D/HttpHandler(28357): RetryIntercepter-->retryNum=0
07-05 22:23:53.750 D/HttpHandler(28357): RetryIntercepter-->backoffmutiplier=0
07-05 22:23:53.756 D/OkHttp  (28357): --> GET http://picture.edu.hismarttv.com/images/20170628115302475663.png http/1.1
07-05 22:23:53.756 D/OkHttp  (28357): Host: picture.edu.hismarttv.com
07-05 22:23:53.756 D/OkHttp  (28357): Connection: Keep-Alive
07-05 22:23:53.758 D/OkHttp  (28357): Accept-Encoding: gzip
07-05 22:23:53.758 D/OkHttp  (28357): User-Agent: okhttp/3.6.0
07-05 22:23:53.758 D/OkHttp  (28357): --> END GET
07-05 22:23:53.761 I/System.out(28357): <TVAPI> DEBUG(System Time): 1499264633
07-05 22:23:53.761 I/System.out(28357): <TVAPI> DEBUG(id=6, systemTime, response_time = 24ms): data = {"t":"1499264633","m":"e0850368720d18d8f6bbc0d3ea128a69ee44c50ce708393e","u":"e0850368720d18d8b1680d5d87382fb7cd209a1d88b78425","i":"220.181.109.33","k":"e0850368720d18d8a6ab293b9ad6a11b9db42e51cb91c539"}
07-05 22:23:53.770 I/HLSP2P  (16224): ## 2017-07-05 22:23:53.770 [16224,16378,:0] INFO ## [HLSP2P][PunchHelper.cpp:289][INFO][SendHeartBeatMsg][PunchHelper] send heartbeat to punch server(124.160.168.204:8001) ok
07-05 22:23:53.770 D/HttpHandler(28357): VerifySignInterCeptor-->dateType=1
07-05 22:23:53.770 D/HttpHandler(28357): VerifySignInterCeptor-->HttpRequestManager.httpClietOption.getVerifyFlag()=1
07-05 22:23:53.773 I/MiSysSrv( 1214): [37m[INFO] Change to Voltage: 102 mv (0x23)[m
07-05 22:23:53.782 D/HttpHandler(28357): VerifySignInterCeptor-->content={"masterViews": [{"navigationId": 10002, "tiles": [{"index": 1, "facets": [{"index": 1, "typeCode": 1002, "grade": null, "title": "\u90d1\u591a\u71d5BodyBall Slim\u5927\u7403\u64cd", "backgroundImages": [{"url": "http://picture.edu.hismarttv.com/images/20161212024038700821.jpg", "mobile_image_icon_url": "http://picture.edu.hismarttv.com/images/20161102023035587534.jpg", "url_horizontal": "http://picture.edu.hismarttv.com/images/20170629033643181276.jpg"}], "id": "38036"}], "width_horizontal": null, "width": null}, {"index": 1, "facets": [{"index": 1, "typeCode": 1002, "grade": null, "title": "\u90d1\u591a\u71d5BodyBall ABS\u6709\u6c27\u64cd", "backgroundImages": [{"url": "http://picture.edu.hismarttv.com/images/20161212022722337765.jpg", "mobile_image_icon_url": "http://picture.edu.hismarttv.com/images/20161102033100773911.jpg", "url_horizontal": "http://picture.edu.hismarttv.com/images/20170629032906301152.jpg"}], "id": "38037"}], "width_horizontal": null, "width": null}, {"index": 1, "facets": [{"index": 1, "typeCode": 1002, "grade": "\u5176\u4ed6", "title": "\u98ce\u5c1a\u5065\u8eab-\u52a8\u611f\u8857\u821e", "backgroundImages": [{"url": null, "mobile_image_icon_url": null, "url_horizontal": "http://picture.edu.hismarttv.com/images/20170629/\u98ce\u5c1a\u5065\u8eab-\u52a8\u611f\u8857\u821e.jpg"}], "id": "8852"}], "width_horizontal": null, "width": null}, {"index": 1, "facets": [{"index": 1, "typeCode": 1002, "grade": null, "title": "\u90d1\u591a\u71d5BodyBall Hip&leg\u57ab\u4e0a\u64cd", "backgroundImages": [{"url": "http://picture.edu.hismarttv.com/images/20161212022759387904.jpg", "mobile_image_icon_url": "http://picture.edu.hismarttv.com/images/20161102032541379768.jpg", "url_horizontal": "http://picture.edu.hismarttv.com/images/20170629033606511137.jpg"}], "id": "38039"}], "width_horizontal": null, "width": null}, {"index": 1, "facets": [{"index": 1, "typeCode": 1002, "grade": null, "title": "\u90d1\u591a\u71d5\u5c0f\u7070\u5e3d\u5065\u8eab\u64cd", "backgroundImages": [{"url": "http://picture.edu.hismarttv.com/images/20161212022539029485.jpg", "mobile_image_icon_url": "http://picture.edu.hismarttv.com/images/20161102021604651091.jpg", "url_horizontal": "http://picture.edu.hismarttv.com/images/20170629/\u90d1\u591a\u71d5\u5c0f\u7070\u5e3d\u5065\u8eab\u64cd.jpg"}], "id": "38033"}], "width_horizontal": null, "width": null}, {"index": 1, "facets": [{"index": 1, "typeCode": 1002, "grade": null, "title": "\u90d1\u591a\u71d5FigureDumb\u54d1\u94c3\u64cd", "backgroundImages": [{"url": "http://picture.edu.hismarttv.com/images/20161212035609771233.jpg", "mobile_image_icon_url": "http://picture.edu.hismarttv.com/images/20161102021824917487.jpg", "url_horizontal": "http://picture.edu.hismarttv.com/images/20170629033936455331.jpg"}], "id": "38034"}], "width_horizontal": null, "width": null}, {"index": 1, "facets": [{"index": 1, "typeCode": 1002, "grade": null, "title": "\u90d1\u591a\u71d5FigureMat\u57ab\u4e0a\u64cd", "backgroundImages": [{"url": "http://picture.edu.hismarttv.com/images/20161212022344417148.jpg", "mobile_image_icon_url": null, "url_horizontal": "http://picture.edu.hismarttv.com/images/20170629033520364415.jpg"}], "id": "38035"}], "width_horizontal": null, "width": null}, {"index": 1, "facets": [{"index": 1, "typeCode": 1002, "grade": null, "title": "\u548c\u5973\u795e\u4e00\u8d77\u5b66\u53e3\u8bed\uff08\u7f51\u7edc\u5267\uff09", "backgroundImages": [{"url": "http://picture.edu.hismarttv.com/images/20170316053549297889.jpg", "mobile_image_icon_url": null, "url_horizontal": null}], "id": "35901"}], "width_horizontal": null, "width": null}, {"index": 1, "facets": [{"index": 1, "typeCode": 1002, "grade": null, "title": "\u770b\u5927\u7247\u5b66\u82f1\u6587\uff08\u7f51\u7edc\u5267\uff09", "backgroundImages": [{"url": "http://picture.edu.hismarttv.com/images/20170316053716559350.jpg", "mobile_image_icon_url": null, "url_horizontal": null}], "id": "35891"}], "width_horizontal": null, "width": null}, {"index": 1, "facets": [{"index": 1, "typeCode": 1002, "
07-05 22:23:53.789 D/OkHttp  (28357): <-- 200 OK http://picture.edu.hismarttv.com/images/20170628115302475663.png (30ms)
07-05 22:23:53.789 D/OkHttp  (28357): Date: Wed, 05 Jul 2017 14:14:49 GMT
07-05 22:23:53.789 D/OkHttp  (28357): Server: nginx
07-05 22:23:53.789 D/OkHttp  (28357): Content-Type: image/png
07-05 22:23:53.789 D/OkHttp  (28357): Content-Length: 2527
07-05 22:23:53.789 D/OkHttp  (28357): Last-Modified: Wed, 28 Jun 2017 11:53:02 GMT
07-05 22:23:53.789 D/OkHttp  (28357): ETag: "5953989e-9df"
07-05 22:23:53.789 D/OkHttp  (28357): Accept-Ranges: bytes
07-05 22:23:53.789 D/OkHttp  (28357): Age: 544
07-05 22:23:53.789 D/OkHttp  (28357): Via: 1.1 jn241:2 (Cdn Cache Server V2.0)[0 200 0], 1.1 PSahmaswt2yw211:4 (Cdn Cache Server V2.0)[0 200 0]
07-05 22:23:53.789 D/OkHttp  (28357): Connection: keep-alive
07-05 22:23:53.789 D/OkHttp  (28357): <-- END HTTP
07-05 22:23:53.792 D/HttpHandler(28357): RetryIntercepter-->retryNum=0
07-05 22:23:53.792 D/HttpHandler(28357): RetryIntercepter-->backoffmutiplier=0
07-05 22:23:53.796 I/HLSP2P  (16224): ## 2017-07-05 22:23:53.796 [16224,16380,:0] INFO ## [HLSP2P][PunchHelper.cpp:434][INFO][OnHeartbeatRsp][PunchHelper] punch heartbeat rsp ok
07-05 22:23:53.812 D/TabView (28357): 
07-05 22:23:53.812 D/HttpHandler(28357): VerifySignInterCeptor-->request.url()=http://picture.edu.hismarttv.com/images/20170628111759213347.png
07-05 22:23:53.812 D/HttpHandler(28357): VerifySignInterCeptor-->hostname=picture.edu.hismarttv.com
07-05 22:23:53.813 D/OkHttp  (28357): --> GET http://picture.edu.hismarttv.com/images/20170628111759213347.png http/1.1
07-05 22:23:53.813 D/OkHttp  (28357): Host: picture.edu.hismarttv.com
07-05 22:23:53.813 D/OkHttp  (28357): Connection: Keep-Alive
07-05 22:23:53.813 D/OkHttp  (28357): Accept-Encoding: gzip
07-05 22:23:53.813 D/OkHttp  (28357): User-Agent: okhttp/3.6.0
07-05 22:23:53.813 D/OkHttp  (28357): --> END GET
07-05 22:23:53.816 D/TabView (28357): 
07-05 22:23:53.818 D/TabView (28357): 
07-05 22:23:53.820 D/TabView (28357): 
07-05 22:23:53.822 I/System.out(28357): <TVAPI> DEBUG(id=5, devRegister, response_time = 83ms): data = {"msg":"","code":"N000000","data":{"apiKey":"9e14d341281067d05d771f41454858c0","authId":1210,"flag":"","hide":"qiyicom","ip":"219.147.31.2","ipLoc":"1-48-3-6-6001-0-26","ipZh":"-----None-","kv":[{"hcdn":"hCDN"},{"homepageHot":""},{"homepageNew":""},{"ruleCode":"http://static.ptqy.gitv.tv/js/tv/app/getPlayerConfig.js","playerConfig":""},{"isShowExitAppDialog":"apk"}],"loading":"","loginTunnel":0,"resIds":[{"id":201221412,"seq":1},{"id":201713612,"seq":2},{"id":201757412,"seq":3}],"sysTime":1499263070,"tab":[],"tip":"","upgradeType":-1,"url":"","version":""}}
07-05 22:23:53.822 D/TabView (28357): 
07-05 22:23:53.823 D/AccessToken(28357): [TID 28388] increaseAccessCount() count=1
07-05 22:23:53.823 D/AccessToken(28357): [TID 28388] increaseAccessCount() count=1
07-05 22:23:53.823 D/PlayerSdk/DeviceCheckTask(28357): [TID 28388] deviceCheck.onSuccess: deviceIp: 219.147.31.2
07-05 22:23:53.823 D/PlayerSdk/DeviceCheckTask@4c7efc4(28357): [TID 28388] notifyJobSuccess() Job[PlayerSdk/DeviceCheckTask@4c7efc4](mState=1, mData=Object304174562, mError=null)
07-05 22:23:53.825 D/TabView (28357): 
07-05 22:23:53.827 D/PlayerSdk/GrayScaleSwitcherProvider(28357): [TID 28388] execute: handler has no messages, send it.
07-05 22:23:53.827 D/TabView (28357): 
07-05 22:23:53.827 D/PlayerSdk/GrayScaleSwitcherProvider(28357): [TID 28388] fetchSwitchData
07-05 22:23:53.828 I/System.out(28357): <TVAPI> DEBUG(isUpdateData): isUpdateData=dynamicQ-true
07-05 22:23:53.828 I/System.out(28357): <TVAPI> DEBUG(TVApiProperty): read passport-device-id=tv_69b1ef544cadbb86e8f28950ece1c76a_1167652938875
07-05 22:23:53.829 I/System.out(28357): <TVAPI> DEBUG(id=7, dynamicQ): url = http://data2.itv.ptqy.gitv.tv/itv/dynamicQ/1210/2.1.0.59986/VIDAA_TV/0/0/1/0/0/0/0
07-05 22:23:53.829 I/System.out(28357): <TVAPI> DEBUG(id=7, dynamicQ): header = qyid:tv_69b1ef544cadbb86e8f28950ece1c76a_1167652938875
07-05 22:23:53.829 I/System.out(28357): <TVAPI> DEBUG(id=7, dynamicQ): header = ov:5.1.1
07-05 22:23:53.829 I/System.out(28357): <TVAPI> DEBUG(id=7, dynamicQ): header = apkVer:2.1.0.59986
07-05 22:23:53.829 I/System.out(28357): <TVAPI> DEBUG(id=7, dynamicQ): header = apiKey:9e14d341281067d05d771f41454858c0
07-05 22:23:53.830 D/TabView (28357): 
07-05 22:23:53.832 D/TabView (28357): 
07-05 22:23:53.834 D/OkHttp  (28357): <-- 200 OK http://118.178.149.42/d?device_id=86100300900000500000060a4818fca8&host=b5d1d96093f9d07d386917b5d3b91cdcb031311b90271792b45951b69dc9c054dc862a7c9178ba82684e325a98b554b4&last= (179ms)
07-05 22:23:53.834 D/OkHttp  (28357): Server: openresty
07-05 22:23:53.834 D/OkHttp  (28357): Date: Wed, 05 Jul 2017 14:23:53 GMT
07-05 22:23:53.834 D/OkHttp  (28357): Content-Type: application/octet-stream
07-05 22:23:53.834 D/OkHttp  (28357): Transfer-Encoding: chunked
07-05 22:23:53.834 D/OkHttp  (28357): Connection: close
07-05 22:23:53.834 D/OkHttp  (28357): <-- END HTTP
07-05 22:23:53.836 D/TabView (28357): 
07-05 22:23:53.839 D/HttpHandler(28357): DNSRetryIntercepter-->checkData=dbbf03a0e59a5c14094df6af108b323cdef43c30f34508fe086c55d3ff8dd6b3de836151a7c333d97fc86ff492ee8a2d6a58645a4e67d7c6136c94060f8f012310b486b8749547ca3491e87bcf302b6a64c0042fc22ff5f8602e736ac9f34fafe2453d54489807e02dde1b1b99fd5c93f466e26c17d7fcec8e3aa34bb4d550d52c6b817440e0c14cb34fb7b77b89d7f12c32a38dc9aedfbc39976585f0bced5b0cd2d85226a3ce13526d95065b751b2edd96641272c8f197f7a3b11722c7843582093f7f8e058add26b87d6a1eb3625edbead920d7aed8217da5707d266cb373c327ae8aab8f57f0ea86a2205ca5718016f9aee6e693f039c0fa0ecda9518ebeba128e43ea63ecd086aa30683f9fed6a648876a24e33eeff8bb7d72322d83e72eb29fb58ef3fde6ec834e321f80c3bbc
07-05 22:23:53.839 D/TabView (28357): 
07-05 22:23:53.841 D/TabView (28357): 
07-05 22:23:53.844 D/TabView (28357): 
07-05 22:23:53.845 D/HttpHandler(28357): DNSHelper-->gslbDnsresult={"timestamp":1499264633,"msg":"","data":{"lbgs.hismarttv.com":{"ips":["118.178.149.42","139.217.11.211"],"ttl":3600},"picture.edu.hismarttv.com":{"ips":["153.35.175.121","220.202.77.124","153.35.175.120","36.33.158.222","112.65.220.40","218.58.206.58","123.128.14.209"],"ttl":300}},"retCode":"0"}
07-05 22:23:53.846 I/System.out(28357):  remove duplicate [118.178.149.42, 139.217.11.211]
07-05 22:23:53.846 D/TabView (28357): 
07-05 22:23:53.848 D/TabView (28357): 
07-05 22:23:53.850 D/TabView (28357): 
07-05 22:23:53.851 D/HttpHandler(28357): DNSHelper-->httpDnsParser=["153.35.175.121","220.202.77.124","153.35.175.120","36.33.158.222","112.65.220.40","218.58.206.58","123.128.14.209"]
07-05 22:23:53.853 I/MyFragmentStateAdapter(28357): getCount
07-05 22:23:53.853 I/MyFragmentStateAdapter(28357): getCount
07-05 22:23:53.853 D/TabView (28357): 
07-05 22:23:53.856 D/TabView (28357): 
07-05 22:23:53.860 D/TabView (28357): 
07-05 22:23:53.862 D/TabView (28357): 
07-05 22:23:53.864 D/TabView (28357): 
07-05 22:23:53.865 D/TabView (28357): 
07-05 22:23:53.867 D/TabView (28357): 
07-05 22:23:53.869 D/TabView (28357): 
07-05 22:23:53.871 I/MiSysSrv( 1214): [37m[INFO] Change to Voltage: 102 mv (0x23)[m
07-05 22:23:53.872 D/OkHttp  (28357): --> GET http://picture.edu.hismarttv.com/images/20170628121916725281.png http/1.1
07-05 22:23:53.872 D/OkHttp  (28357): Host: picture.edu.hismarttv.com
07-05 22:23:53.872 D/OkHttp  (28357): Connection: Keep-Alive
07-05 22:23:53.872 D/OkHttp  (28357): Accept-Encoding: gzip
07-05 22:23:53.872 D/OkHttp  (28357): User-Agent: okhttp/3.6.0
07-05 22:23:53.872 D/TabView (28357): 
07-05 22:23:53.872 D/OkHttp  (28357): --> END GET
07-05 22:23:53.877 D/TabView (28357): 
07-05 22:23:53.878 D/TabView (28357): 
07-05 22:23:53.880 D/TabView (28357): 
07-05 22:23:53.882 D/TabView (28357): 
07-05 22:23:53.883 D/TabView (28357): 
07-05 22:23:53.885 D/TabView (28357): 
07-05 22:23:53.887 D/TabView (28357): 
07-05 22:23:53.888 I/MyFragmentStateAdapter(28357): getCount
07-05 22:23:53.889 I/MyFragmentStateAdapter(28357): getCount
07-05 22:23:53.890 I/TabView (28357): onScroll:,firstItem=0,visibleCount=6,totalCount=10
07-05 22:23:53.892 I/ContentBridgeAdapterListener(28357): onAddPresenter 0
07-05 22:23:53.892 D/OkHttp  (28357): <-- 200 OK http://picture.edu.hismarttv.com/images/20170628121916725281.png (20ms)
07-05 22:23:53.893 D/OkHttp  (28357): Date: Mon, 03 Jul 2017 11:32:15 GMT
07-05 22:23:53.893 D/OkHttp  (28357): Server: nginx
07-05 22:23:53.893 D/OkHttp  (28357): Content-Type: image/png
07-05 22:23:53.893 D/OkHttp  (28357): Content-Length: 2555
07-05 22:23:53.893 D/OkHttp  (28357): Last-Modified: Wed, 28 Jun 2017 12:19:16 GMT
07-05 22:23:53.893 D/OkHttp  (28357): ETag: "59539ec4-9fb"
07-05 22:23:53.893 D/OkHttp  (28357): Accept-Ranges: bytes
07-05 22:23:53.893 D/OkHttp  (28357): Age: 183098
07-05 22:23:53.893 D/OkHttp  (28357): Via: 1.1 jn239:1 (Cdn Cache Server V2.0)[32 200 0], 1.1 angtong95:4 (Cdn Cache Server V2.0)[0 200 0]
07-05 22:23:53.893 D/OkHttp  (28357): Connection: keep-alive
07-05 22:23:53.893 D/OkHttp  (28357): <-- END HTTP
07-05 22:23:53.893 I/ContentBridgeAdapterListener(28357): onCreate ViewHolder{2bb629a position=-1 id=-1, oldPos=-1, pLpos:-1 unbound no parent}
07-05 22:23:53.894 I/ContentBridgeAdapterListener(28357): onBind 
07-05 22:23:53.898 D/HttpHandler(28357): RetryIntercepter-->retryNum=0
07-05 22:23:53.898 D/HttpHandler(28357): RetryIntercepter-->backoffmutiplier=0
07-05 22:23:53.898 I/ContentBridgeAdapterListener(28357): onAttachedToWindow ViewHolder{2bb629a position=0 id=-1, oldPos=-1, pLpos:-1}
07-05 22:23:53.898 I/BaseContentFragment(28357): setRowViewSelectedViewHolder{2bb629a position=0 id=-1, oldPos=-1, pLpos:-1},isSelectedtrue
07-05 22:23:53.898 I/RoleContentFragment(28357): onChildSelected:0,lastPos=0
