07-05 22:37:05.159 V/Surface ( 1733): nativeSetHardwareRender() : status = 0
07-05 22:37:05.159 V/Surface ( 1733): nativeSetHardwareRender() : end
07-05 22:37:05.166 D/PowerManagerService( 1733): setScreenBrightnessOverrideFromWindowManagerInternal done
07-05 22:37:05.168 D/Surface ( 1733): onStatusChange() : mNativeObject = 0 mUseImageHwRender = false
07-05 22:37:05.169 D/Surface ( 3429): onStatusChange() : mNativeObject = -195834368 mUseImageHwRender = false
07-05 22:37:05.169 V/Surface ( 3429): nativeSetHardwareRender() : status = 0
07-05 22:37:05.169 V/Surface ( 3429): nativeSetHardwareRender() : end
07-05 22:37:05.169 I/SurfaceView( 3429): New surface: Surface(name=null)/@0x1515a3cd, vis=true, frame=Rect(418, 205 - 1234, 665)
07-05 22:37:05.169 D/Surface ( 3429): onStatusChange() : mNativeObject = 0 mUseImageHwRender = false
07-05 22:37:05.170 D/Surface ( 3429): onStatusChange() : mNativeObject = -195834368 mUseImageHwRender = false
07-05 22:37:05.170 V/Surface ( 3429): nativeSetHardwareRender() : status = 0
07-05 22:37:05.170 V/Surface ( 3429): nativeSetHardwareRender() : end
07-05 22:37:05.170 V/SurfaceView( 3429): Layout: x=418 y=205 w=816 h=460, frame=Rect(0, 0 - 816, 460)
07-05 22:37:05.183 D/Carousel-CarouselDisplayPlayerLayout( 3429): x=380, y=167,w=892,h=536, hashCode=663268642
07-05 22:37:05.183 D/Carousel-CarouselDisplayPlayerLayout( 3429): mX=380, mY=167,mWitdh=892,mHeight=536, hashCode=663268642
07-05 22:37:05.183 D/Carousel-CarouselDisplayPlayerLayout( 3429): changed=false, hashCode=663268642
07-05 22:37:05.183 D/Carousel-CarouselDisplayPlayerLayout( 3429): extraTryCount=2
07-05 22:37:05.183 I/MainHomeView( 3429): onPanelClosed---left152
07-05 22:37:05.188 D/Carousel-CarouselDisplayPlayerLayout( 3429): x=380, y=167,w=892,h=536, hashCode=663268642
07-05 22:37:05.189 D/Carousel-CarouselDisplayPlayerLayout( 3429): mX=380, mY=167,mWitdh=892,mHeight=536, hashCode=663268642
07-05 22:37:05.189 D/Carousel-CarouselDisplayPlayerLayout( 3429): changed=false, hashCode=663268642
07-05 22:37:05.189 D/Carousel-CarouselDisplayPlayerLayout( 3429): extraTryCount=3
07-05 22:37:05.189 D/Carousel-CarouselDisplayPlayerLayout( 3429): x=380, y=167,w=892,h=536, hashCode=663268642
07-05 22:37:05.189 D/Carousel-CarouselDisplayPlayerLayout( 3429): mX=380, mY=167,mWitdh=892,mHeight=536, hashCode=663268642
07-05 22:37:05.189 D/Carousel-CarouselDisplayPlayerLayout( 3429): changed=false, hashCode=663268642
07-05 22:37:05.189 D/Carousel-CarouselDisplayPlayerLayout( 3429): extraTryCount=4
07-05 22:37:05.189 D/Carousel-CarouselDisplayPlayerLayout( 3429): x=380, y=167,w=892,h=536, hashCode=663268642
07-05 22:37:05.189 D/Carousel-CarouselDisplayPlayerLayout( 3429): mX=380, mY=167,mWitdh=892,mHeight=536, hashCode=663268642
07-05 22:37:05.189 D/Carousel-CarouselDisplayPlayerLayout( 3429): changed=false, hashCode=663268642
07-05 22:37:05.189 D/Carousel-CarouselDisplayPlayerLayout( 3429): extraTryCount=5
07-05 22:37:05.191 E/hwcomposer( 1204): Overlay 0 size changeed src {1920 1080} -> {1920, 1080} crop{0.000000 0.000000 1920.000000 1080.000000}->{0.000000 0.000000 1920.000000 1080.000000} dst{421 205 1237 665}->{418 205 1234 665}
07-05 22:37:05.210 D/Carousel-CarouselDisplayPlayerLayout( 3429): x=380, y=167,w=892,h=536, hashCode=663268642
07-05 22:37:05.210 D/Carousel-CarouselDisplayPlayerLayout( 3429): mX=380, mY=167,mWitdh=892,mHeight=536, hashCode=663268642
07-05 22:37:05.210 D/Carousel-CarouselDisplayPlayerLayout( 3429): changed=false, hashCode=663268642
07-05 22:37:05.210 D/Carousel-CarouselDisplayPlayerLayout( 3429): extraTryCount=6
07-05 22:37:05.210 D/Carousel-CarouselDisplayPlayerLayout( 3429): x=380, y=167,w=892,h=536, hashCode=663268642
07-05 22:37:05.210 D/Carousel-CarouselDisplayPlayerLayout( 3429): mX=380, mY=167,mWitdh=892,mHeight=536, hashCode=663268642
07-05 22:37:05.211 D/Carousel-CarouselDisplayPlayerLayout( 3429): changed=false, hashCode=663268642
07-05 22:37:05.211 D/Carousel-CarouselDisplayPlayerLayout( 3429): extraTryCount=7
07-05 22:37:05.211 D/Carousel-CarouselDisplayPlayerLayout( 3429): x=380, y=167,w=892,h=536, hashCode=663268642
07-05 22:37:05.211 D/Carousel-CarouselDisplayPlayerLayout( 3429): mX=380, mY=167,mWitdh=892,mHeight=536, hashCode=663268642
07-05 22:37:05.211 D/Carousel-CarouselDisplayPlayerLayout( 3429): changed=false, hashCode=663268642
07-05 22:37:05.211 D/Carousel-CarouselDisplayPlayerLayout( 3429): extraTryCount=8
07-05 22:37:05.211 D/Carousel-CarouselDisplayPlayerLayout( 3429): x=380, y=167,w=892,h=536, hashCode=663268642
07-05 22:37:05.211 D/Carousel-CarouselDisplayPlayerLayout( 3429): mX=380, mY=167,mWitdh=892,mHeight=536, hashCode=663268642
07-05 22:37:05.211 D/Carousel-CarouselDisplayPlayerLayout( 3429): changed=false, hashCode=663268642
07-05 22:37:05.211 D/Carousel-CarouselDisplayPlayerLayout( 3429): extraTryCount=9
07-05 22:37:05.224 D/hwcomposer( 1204): Overlay [0] do size change!
07-05 22:37:05.224 D/vsyncbridge( 1204): [0] handle_thread thread got msg 0x2, mState = 3
07-05 22:37:05.224 D/vsyncbridge( 1204): Overlay 0 Resize, mState = 0x3, 0, disp[418 205 816 460] osd[1920 1080]
07-05 22:37:05.225 D/vsyncbridge( 1204): [update_ds_table,  594] DispW:1632 DispH:920 
07-05 22:37:05.225 D/vsyncbridge( 1204): [update_ds_table,  598] Cap.x:1105 Cap.y:30 CapW:1920 CapH:1080 
07-05 22:37:05.225 D/vsyncbridge( 1204): [update_ds_table,  599] enInputSourceType:34 
07-05 22:37:05.225 D/vsyncbridge( 1204): [update_ds_table,  601] u16InputVTotal:2205  u16InputVFreq:240 
07-05 22:37:05.225 D/vsyncbridge( 1204): [update_ds_table,  603] bInterlace:0  u16DefaultHtotal:0 
07-05 22:37:05.225 D/vsyncbridge( 1204): [update_ds_table,  606] bPreHCusScaling:1  bPreVCusScaling:1 
07-05 22:37:05.225 D/vsyncbridge( 1204): [update_ds_table,  608] u16PreHCusScalingSrc:1920  u16PreHCusScalingDst:1920 
07-05 22:37:05.225 D/vsyncbridge( 1204): [update_ds_table,  610] u16PreVCusScalingSrc:1080  u16PreVCusScalingSrc:1080 
07-05 22:37:05.225 D/vsyncbridge( 1204): [update_ds_table,  613] bHCusScaling:0  bVCusScaling:0 
07-05 22:37:05.225 D/vsyncbridge( 1204): [update_ds_table,  615] u16HCusScalingSrc:1920  u16HCusScalingDst:1632 
07-05 22:37:05.225 D/vsyncbridge( 1204): [update_ds_table,  617] u16VCusScalingSrc:1080  u16VCusScalingDst:920 
07-05 22:37:05.225 D/vsyncbridge( 1204): vsync_bridge_CalAspectRatio type = 0
07-05 22:37:05.225 D/vsyncbridge( 1204): panel [3840 2160] osd [1920 1080] ratio [2.000000 2.000000]
07-05 22:37:05.225 D/vsyncbridge( 1204): apply ratio, x=836, y=410, width=1632, height=920
07-05 22:37:05.225 D/vsyncbridge( 1204): disp_old[836 410 2468 1330], disp_new[836 410 2468 1330], crop[0 0 1920 1080]
07-05 22:37:05.225 D/vsyncbridge( 1204): [update_ds_table,  798] SW DS !!! 
07-05 22:37:05.225 D/vsyncbridge( 1204): [update_ds_table,  800] stXC_SetWin_Info.stCapWin.width1920  stXC_SetWin_Info.stCapWin.height:1080
07-05 22:37:05.225 D/vsyncbridge( 1204): [update_ds_table,  802] stXC_SetWin_Info.stCropWin.width1920  stXC_SetWin_Info.stCropWin.height:1080
07-05 22:37:05.225 D/vsyncbridge( 1204): [update_ds_table,  803] MApi_XC_GetDynamicScalingStatus():1 
07-05 22:37:05.225 D/        ( 1204): Alert: cannot get frameCount from IOCTL, eWindow=0! Fall back to original frame mode
07-05 22:37:05.226 D/        ( 1204): MVOP is 1P mode
07-05 22:37:05.226 D/        ( 1204): [_MDrv_SC_check_2p_mode][9405]u16Width=3840,u16Height=2160,u32Vfreqx10=240
07-05 22:37:05.226 D/vsyncbridge( 1204): vsync_bridge_render_frame pts = 2875000, DS_Idx=0x1, overlayID=0
07-05 22:37:05.226 D/vsyncbridge( 1204):  W 5, R 5, Cur 5
07-05 22:37:05.226 D/vsyncbridge( 1204): vsync_bridge_CalAspectRatio type = 0
07-05 22:37:05.226 D/vsyncbridge( 1204): panel [3840 2160] osd [1920 1080] ratio [2.000000 2.000000]
07-05 22:37:05.226 D/vsyncbridge( 1204): apply ratio, x=836, y=410, width=1632, height=920
07-05 22:37:05.230 D/Carousel-CarouselDisplayPlayerLayout( 3429): x=380, y=167,w=892,h=536, hashCode=663268642
07-05 22:37:05.230 D/Carousel-CarouselDisplayPlayerLayout( 3429): mX=380, mY=167,mWitdh=892,mHeight=536, hashCode=663268642
07-05 22:37:05.230 D/Carousel-CarouselDisplayPlayerLayout( 3429): changed=false, hashCode=663268642
07-05 22:37:05.230 D/Carousel-CarouselDisplayPlayerLayout( 3429): isFullScreen:false
07-05 22:37:05.230 D/Carousel-CarouselView( 3429): ===========>mDisplayPlayerLayout.getVisibility()=4
07-05 22:37:05.230 D/Carousel-CarouselView( 3429): ===========>onScrollEnd
07-05 22:37:05.231 D/Carousel-Utils( 3429): x=380,y=167, width=892,height=536
07-05 22:37:05.231 D/Carousel-CarouselView( 3429): isOutScreen:false
07-05 22:37:05.243 I/MyFragmentStateAdapter( 3429): getCount
07-05 22:37:05.244 I/MyFragmentStateAdapter( 3429): getCount
07-05 22:37:05.244 I/MyFragmentStateAdapter( 3429): getCount
07-05 22:37:05.244 I/MyFragmentStateAdapter( 3429): getCount
07-05 22:37:05.246 D/Surface ( 1733): onStatusChange() : mNativeObject = 547942817792 mUseImageHwRender = false
07-05 22:37:05.246 V/Surface ( 1733): nativeSetHardwareRender() : status = 0
07-05 22:37:05.246 V/Surface ( 1733): nativeSetHardwareRender() : end
07-05 22:37:05.252 D/PowerManagerService( 1733): acquireWakeLockInternal: lock=487931605, flags=0x2000000a, tag="WindowManager", ws=WorkSource{10010}, uid=1000, pid=1733
07-05 22:37:05.252 D/PowerManagerNotifier( 1733): onWakeLockAcquired: flags=536870922, tag="WindowManager", packageName=android, ownerUid=1000, ownerPid=1733, workSource=WorkSource{10010}
07-05 22:37:05.252 D/PowerManagerService( 1733): setScreenBrightnessOverrideFromWindowManagerInternal done
07-05 22:37:05.255 D/Surface ( 1733): onStatusChange() : mNativeObject = 0 mUseImageHwRender = false
07-05 22:37:05.257 I/FirstLineAdapter( 3429): canShowTrailer,isOffline=false
07-05 22:37:05.257 I/FirstLineAdapter( 3429): canShowTrailer,isOffline=false
07-05 22:37:05.257 I/FirstLineAdapter( 3429): canShowTrailer,isOffline=false
07-05 22:37:05.257 I/FirstLineAdapter( 3429): canShowTrailer,isOffline=false
07-05 22:37:05.257 I/FirstLineAdapter( 3429): canShowTrailer,isOffline=false
07-05 22:37:05.258 I/FirstLineAdapter( 3429): canShowTrailer,isOffline=false
07-05 22:37:05.258 I/FirstLineAdapter( 3429): canShowTrailer,isOffline=false
07-05 22:37:05.259 I/FirstLineAdapter( 3429): canShowTrailer,isOffline=false
07-05 22:37:05.259 I/FirstLineAdapter( 3429): canShowTrailer,isOffline=false
07-05 22:37:05.269 I/MyFragmentStateAdapter( 3429): getCount
07-05 22:37:05.269 I/MiSysSrv( 1214): [37m[INFO] Change to Voltage: 117 mv (0x32)[m
07-05 22:37:05.300 D/CommonHeader( 3429): app logo :refreshTimer: isRotatetrue
07-05 22:37:05.322 I/TVMW@devctrl( 1234): wdt
07-05 22:37:05.367 D/MSTAR_VDEC_DBG( 1206): Stream ID: 0, Rate : 23 (E:0,D:0,S:0,F:92) 
07-05 22:37:05.383 I/TVMW@HsTvSetting( 1234): Trace cmd, data = 0x1058
07-05 22:37:05.383 D/til@system( 2026): til_get_system_param option:100002F int:0, bool:0, ret:0
07-05 22:37:05.388 I/TVMW@HsTvSetting( 1234): Trace cmd, data = 0x101f
07-05 22:37:05.389 D/til@system( 2026): til_get_system_param option:100001D int:3, bool:3, ret:0
07-05 22:37:05.389 E/til     ( 2026): [til_get_current_input_source, 101] 
07-05 22:37:05.389 I/TVMW@HsTvSetting( 1234): Trace cmd, data = 0x7007
07-05 22:37:05.389 I/tilwrapper@sm( 2026): HS2TIL_SourceType *hs=0xd, *til=0x900
07-05 22:37:05.389 D/til     ( 2026): get current source 2304
07-05 22:37:05.389 D/SourceRemoteServiceHandler( 2026): getCurrentInputSource.from.til.result is 0, value is 2304
07-05 22:37:05.389 D/SourceRemoteServiceHandler( 2026): getInputSourceType source: 0x900, type=2304
07-05 22:37:05.390 D/til     ( 2026): ###### func:til_get_picture_param option:0x3000006 ######  
07-05 22:37:05.390 I/TVMW@HsTvSetting( 1234): Trace cmd, data = 0x1003
07-05 22:37:05.390 I/TVMW@HsTvSetting( 1234): Trace cmd, data = 0x8032
07-05 22:37:05.390 I/hstvos  ( 1216): [0m[1;33m[HSHAL][HS_VIDEO][HS_HAL_Video_SetOsdDetect_v2][2389]u16Threshold = 20
07-05 22:37:05.391 E/TVMW@videoctrl( 1234):  getOsd is 1
07-05 22:37:05.393 D/til@system( 2026): til_get_system_param option:1000027 int:1, bool:1, ret:0
07-05 22:37:05.394 D/til     ( 2026): ###### func:til_get_picture_param option:0x3000045 ######  
07-05 22:37:05.394 I/TVMW@HsTvSetting( 1234): Trace cmd, data = 0x300c
07-05 22:37:05.394 I/TVMW@HsTvSetting( 1234): Trace 3d, data = 0x300c
07-05 22:37:05.395 I/TVMW@3d ( 1234): Hs_debug3d_trace: func:get3dStatus, line:109
07-05 22:37:05.470 I/MiSysSrv( 1214): [37m[INFO] Change to Voltage: 117 mv (0x32)[m
07-05 22:37:05.569 I/MiSysSrv( 1214): [37m[INFO] Change to Voltage: 102 mv (0x23)[m
07-05 22:37:05.571 D/MyLocalStartService(16899): currentName is :com.hisense.hicloud.edca
07-05 22:37:05.669 I/MiSysSrv( 1214): [37m[INFO] Change to Voltage: 102 mv (0x23)[m
07-05 22:37:05.803 I/MyFragmentStateAdapter( 3429): getCount
07-05 22:37:05.875 I/NetflixMonitorService( 1733): current fgapk : com.hisense.hicloud.edca
07-05 22:37:05.875 I/NetflixMonitorService( 1733): Netflix status unchanged
07-05 22:37:05.896 I/TVMW@HsTvSetting( 1234): Trace cmd, data = 0x1058
07-05 22:37:05.896 D/til@system( 2026): til_get_system_param option:100002F int:0, bool:0, ret:0
07-05 22:37:05.896 I/TVMW@HsTvSetting( 1234): Trace cmd, data = 0x101f
07-05 22:37:05.897 D/til@system( 2026): til_get_system_param option:100001D int:3, bool:3, ret:0
07-05 22:37:05.897 E/til     ( 2026): [til_get_current_input_source, 101] 
07-05 22:37:05.897 I/TVMW@HsTvSetting( 1234): Trace cmd, data = 0x7007
07-05 22:37:05.897 I/tilwrapper@sm( 2026): HS2TIL_SourceType *hs=0xd, *til=0x900
07-05 22:37:05.897 D/til     ( 2026): get current source 2304
07-05 22:37:05.897 D/SourceRemoteServiceHandler( 2026): getCurrentInputSource.from.til.result is 0, value is 2304
07-05 22:37:05.897 D/SourceRemoteServiceHandler( 2026): getInputSourceType source: 0x900, type=2304
07-05 22:37:05.897 D/til     ( 2026): ###### func:til_get_picture_param option:0x3000006 ######  
07-05 22:37:05.897 I/TVMW@HsTvSetting( 1234): Trace cmd, data = 0x1003
07-05 22:37:05.903 I/TVMW@HsTvSetting( 1234): Trace cmd, data = 0x8032
07-05 22:37:05.904 I/hstvos  ( 1216): [0m[1;33m[HSHAL][HS_VIDEO][HS_HAL_Video_SetOsdDetect_v2][2389]u16Threshold = 20
07-05 22:37:05.907 E/TVMW@videoctrl( 1234):  getOsd is 1
07-05 22:37:05.908 D/til@system( 2026): til_get_system_param option:1000027 int:1, bool:1, ret:0
07-05 22:37:05.908 D/til     ( 2026): ###### func:til_get_picture_param option:0x3000045 ######  
07-05 22:37:05.908 I/TVMW@HsTvSetting( 1234): Trace cmd, data = 0x300c
07-05 22:37:05.909 I/TVMW@HsTvSetting( 1234): Trace 3d, data = 0x300c
07-05 22:37:05.909 I/TVMW@3d ( 1234): Hs_debug3d_trace: func:get3dStatus, line:109
07-05 22:37:05.949 E/MessageService(15912): MSG_PULL +!MessageServiceApplication.mApp.ismUsingDB()true
07-05 22:37:06.064 D/GlobalInputEventMonitoringService( 1733): interceptKeyBeforeQueueing(), event:22, mNeedMonitorKeyEvent:true, mWaitForKeyUpEvent:false
07-05 22:37:06.064 D/GlobalInputEventMonitoringService( 1733): processKeyEvent(), processKeyEvent event:22
07-05 22:37:06.064 D/WindowManager( 1733): interceptKeyTq keycode=22 interactive=true keyguardActive=false policyFlags=2b000000 isCancled= false
07-05 22:37:06.065 D/PowerManagerService( 1733): userActivityNoUpdateLocked: eventTime=14267632, event=1, flags=0x0, uid=1000
07-05 22:37:06.065 D/WindowManager( 1733): interceptKeyTi keyCode=22 down=true repeatCount=0 keyguardOn=false mHomePressed=false canceled=false
07-05 22:37:06.065 D/WindowManager( 1733): Hisense systemkey event: 22
07-05 22:37:06.065 D/HisenseGlobalKeyManager( 1733): handleGlobalKey() : Global event = KeyEvent { action=ACTION_DOWN, keyCode=KEYCODE_DPAD_RIGHT, scanCode=0, metaState=0, flags=0x0, repeatCount=0, eventTime=14267632, downTime=14267632, deviceId=-1, source=0x101 }
07-05 22:37:06.076 E/MessageService(15912): MSG_PULL ... getMsg null or error
07-05 22:37:06.080 D/SogouIME( 2203): [onKeyDown] keycode = 22 model = VIDAA_TV
07-05 22:37:06.120 D/Carousel-CarouselDisplayPlayerLayout( 3429): HasFocus:false,keyCode:22
07-05 22:37:06.120 D/Carousel-CarouselDisplayPlayerLayout( 3429): isFullScreen:false
07-05 22:37:06.120 I/HomeMainActivity( 3429): carousel handle key:false
07-05 22:37:06.120 I/MainHomeView( 3429): dispatchKeyEvent ACTION_DOWN now 
07-05 22:37:06.120 I/HomeMainActivity( 3429): onKeyDown is 22
07-05 22:37:06.122 I/FirstlineLayoutManager( 3429): left=218,width=1738,scroll Distance=-846
07-05 22:37:06.128 D/Carousel-CarouselView( 3429): ============>onFocusChange=true
07-05 22:37:06.128 D/Carousel-CarouselDisplayPlayerLayout( 3429): isFullScreen:false
07-05 22:37:06.128 D/Carousel-CarouselView( 3429): isFullScreen:false,hasFocus:true
07-05 22:37:06.128 D/Carousel-CarouselView( 3429): ============>offset=-398
07-05 22:37:06.153 D/Carousel-CarouselDisplayPlayerLayout( 3429): showPlayerWindowTip showable:true
07-05 22:37:06.169 I/MiSysSrv( 1214): [37m[INFO] Change to Voltage: 117 mv (0x32)[m
07-05 22:37:06.171 D/GlobalInputEventMonitoringService( 1733): interceptKeyBeforeQueueing(), event:22, mNeedMonitorKeyEvent:true, mWaitForKeyUpEvent:false
07-05 22:37:06.171 D/GlobalInputEventMonitoringService( 1733): processKeyEvent(), processKeyEvent event:22
07-05 22:37:06.171 D/WindowManager( 1733): interceptKeyTq keycode=22 interactive=true keyguardActive=false policyFlags=2b000000 isCancled= false
07-05 22:37:06.172 D/WindowManager( 1733): interceptKeyTi keyCode=22 down=false repeatCount=0 keyguardOn=false mHomePressed=false canceled=false
07-05 22:37:06.172 D/WindowManager( 1733): Hisense systemkey event: 22
07-05 22:37:06.172 D/HisenseGlobalKeyManager( 1733): handleGlobalKey() : Global event = KeyEvent { action=ACTION_UP, keyCode=KEYCODE_DPAD_RIGHT, scanCode=0, metaState=0, flags=0x0, repeatCount=0, eventTime=14267632, downTime=14267632, deviceId=-1, source=0x101 }
07-05 22:37:06.223 I/TVMW@devctrl( 1234): wdt
07-05 22:37:06.233 I/MyFragmentStateAdapter( 3429): getCount
07-05 22:37:06.247 D/Carousel-CarouselDisplayPlayerLayout( 3429): HasFocus:true,keyCode:22
07-05 22:37:06.247 D/Carousel-CarouselDisplayPlayerLayout( 3429): isFullScreen:false
07-05 22:37:06.247 D/Carousel-CarouselDisplayPlayerLayout( 3429): isFullScreen:false
07-05 22:37:06.247 I/HomeMainActivity( 3429): carousel handle key:false
07-05 22:37:06.250 V/InputMethodService( 2203): startInput(): editor=android.view.inputmethod.EditorInfo@993f757
07-05 22:37:06.250 V/InputMethodService( 2203): CALL: onFinishInput
07-05 22:37:06.255 E/SOGOUIME_JNI( 2203): reset
07-05 22:37:06.256 E/SOGOUIME_JNI( 2203): getCandidates
07-05 22:37:06.256 E/SOGOUIME_JNI( 2203): ime_get_uncommitted_length
07-05 22:37:06.256 E/SOGOUIME_JNI( 2203): getCandidates
07-05 22:37:06.256 D/SogouIME API( 2203): ==============num:32
07-05 22:37:06.256 E/SOGOUIME_JNI( 2203): ime_get_uncommitted_length
07-05 22:37:06.256 D/SogouIME( 2203): mFocusedComponent:30   isHkbEnable:false
07-05 22:37:06.256 E/SOGOUIME_JNI( 2203): ime_get_uncommitted_length
07-05 22:37:06.256 E/SOGOUIME_JNI( 2203): ime_get_committed_length
07-05 22:37:06.256 E/SOGOUIME_JNI( 2203): getComposingInfo
07-05 22:37:06.256 E/SOGOUIME_JNI( 2203): getComposingInfo
07-05 22:37:06.256 E/SOGOUIME_JNI( 2203): getCorrectInfo
07-05 22:37:06.256 E/SOGOUIME_JNI( 2203): getComposingInfo
07-05 22:37:06.259 V/InputMethodService( 2203): CALL: onStartInput
07-05 22:37:06.259 E/SOGOUIME_JNI( 2203): invalidateCommitWordPinyinNative
07-05 22:37:06.259 D/SogouIME( 2203): =====configKeyboard=======:false     false
07-05 22:37:06.259 E/SOGOUIME_JNI( 2203): ime_set_hard_kb_enable
07-05 22:37:06.269 I/MiSysSrv( 1214): [37m[INFO] Change to Voltage: 102 mv (0x23)[m
07-05 22:37:06.370 I/MiSysSrv( 1214): [37m[INFO] Change to Voltage: 102 mv (0x23)[m
07-05 22:37:06.380 E/MessageService(15912): MSG_PULL +!MessageServiceApplication.mApp.ismUsingDB()true
07-05 22:37:06.396 D/MSTAR_VDEC_DBG( 1206): Stream ID: 0, Rate : 24 (E:0,D:0,S:0,F:117) 
07-05 22:37:06.413 I/TVMW@HsTvSetting( 1234): Trace cmd, data = 0x1058
07-05 22:37:06.413 D/til@system( 2026): til_get_system_param option:100002F int:0, bool:0, ret:0
07-05 22:37:06.414 I/TVMW@HsTvSetting( 1234): Trace cmd, data = 0x101f
07-05 22:37:06.414 D/til@system( 2026): til_get_system_param option:100001D int:3, bool:3, ret:0
07-05 22:37:06.414 E/til     ( 2026): [til_get_current_input_source, 101] 
07-05 22:37:06.414 I/TVMW@HsTvSetting( 1234): Trace cmd, data = 0x7007
07-05 22:37:06.415 I/tilwrapper@sm( 2026): HS2TIL_SourceType *hs=0xd, *til=0x900
07-05 22:37:06.415 D/til     ( 2026): get current source 2304
07-05 22:37:06.415 D/SourceRemoteServiceHandler( 2026): getCurrentInputSource.from.til.result is 0, value is 2304
07-05 22:37:06.415 D/SourceRemoteServiceHandler( 2026): getInputSourceType source: 0x900, type=2304
07-05 22:37:06.415 D/til     ( 2026): ###### func:til_get_picture_param option:0x3000006 ######  
07-05 22:37:06.416 I/TVMW@HsTvSetting( 1234): Trace cmd, data = 0x1003
07-05 22:37:06.416 I/TVMW@HsTvSetting( 1234): Trace cmd, data = 0x8032
07-05 22:37:06.417 I/hstvos  ( 1216): [0m[1;33m[HSHAL][HS_VIDEO][HS_HAL_Video_SetOsdDetect_v2][2389]u16Threshold = 20
07-05 22:37:06.417 E/TVMW@videoctrl( 1234):  getOsd is 1
07-05 22:37:06.418 D/til@system( 2026): til_get_system_param option:1000027 int:1, bool:1, ret:0
07-05 22:37:06.418 D/til     ( 2026): ###### func:til_get_picture_param option:0x3000045 ######  
07-05 22:37:06.418 I/TVMW@HsTvSetting( 1234): Trace cmd, data = 0x300c
07-05 22:37:06.418 I/TVMW@HsTvSetting( 1234): Trace 3d, data = 0x300c
07-05 22:37:06.418 I/TVMW@3d ( 1234): Hs_debug3d_trace: func:get3dStatus, line:109
07-05 22:37:06.448 E/MessageService(15912): MSG_PULL ... getMsg null or error
07-05 22:37:06.540 E/MessageService(15912): MSG_PULL +!MessageServiceApplication.mApp.ismUsingDB()true
07-05 22:37:06.612 E/MessageService(15912): MSG_PULL ... getMsg null or error
07-05 22:37:06.777 I/MyFragmentStateAdapter( 3429): getCount
07-05 22:37:06.840 I/MyFragmentStateAdapter( 3429): getCount
07-05 22:37:06.875 I/NetflixMonitorService( 1733): current fgapk : com.hisense.hicloud.edca
07-05 22:37:06.876 I/NetflixMonitorService( 1733): Netflix status unchanged
07-05 22:37:06.916 I/MyFragmentStateAdapter( 3429): getCount
07-05 22:37:06.919 I/TVMW@HsTvSetting( 1234): Trace cmd, data = 0x1058
07-05 22:37:06.920 D/til@system( 2026): til_get_system_param option:100002F int:0, bool:0, ret:0
07-05 22:37:06.920 I/TVMW@HsTvSetting( 1234): Trace cmd, data = 0x101f
07-05 22:37:06.920 D/til@system( 2026): til_get_system_param option:100001D int:3, bool:3, ret:0
07-05 22:37:06.920 E/til     ( 2026): [til_get_current_input_source, 101] 
07-05 22:37:06.920 I/TVMW@HsTvSetting( 1234): Trace cmd, data = 0x7007
07-05 22:37:06.920 I/tilwrapper@sm( 2026): HS2TIL_SourceType *hs=0xd, *til=0x900
07-05 22:37:06.920 D/til     ( 2026): get current source 2304
07-05 22:37:06.920 D/SourceRemoteServiceHandler( 2026): getCurrentInputSource.from.til.result is 0, value is 2304
07-05 22:37:06.920 D/SourceRemoteServiceHandler( 2026): getInputSourceType source: 0x900, type=2304
07-05 22:37:06.920 D/til     ( 2026): ###### func:til_get_picture_param option:0x3000006 ######  
07-05 22:37:06.921 I/TVMW@HsTvSetting( 1234): Trace cmd, data = 0x1003
07-05 22:37:06.921 I/TVMW@HsTvSetting( 1234): Trace cmd, data = 0x8032
07-05 22:37:06.921 I/hstvos  ( 1216): [0m[1;33m[HSHAL][HS_VIDEO][HS_HAL_Video_SetOsdDetect_v2][2389]u16Threshold = 20
07-05 22:37:06.922 E/TVMW@videoctrl( 1234):  getOsd is 1
07-05 22:37:06.922 D/til@system( 2026): til_get_system_param option:1000027 int:1, bool:1, ret:0
07-05 22:37:06.922 D/til     ( 2026): ###### func:til_get_picture_param option:0x3000045 ######  
07-05 22:37:06.922 I/TVMW@HsTvSetting( 1234): Trace cmd, data = 0x300c
07-05 22:37:06.922 I/TVMW@HsTvSetting( 1234): Trace 3d, data = 0x300c
07-05 22:37:06.922 I/TVMW@3d ( 1234): Hs_debug3d_trace: func:get3dStatus, line:109
07-05 22:37:06.968 I/MyFragmentStateAdapter( 3429): getCount
07-05 22:37:07.038 I/MyFragmentStateAdapter( 3429): getCount
07-05 22:37:07.087 I/MyFragmentStateAdapter( 3429): getCount
07-05 22:37:07.123 I/TVMW@devctrl( 1234): wdt
07-05 22:37:07.141 I/MyFragmentStateAdapter( 3429): getCount
07-05 22:37:07.185 I/MyFragmentStateAdapter( 3429): getCount
07-05 22:37:07.248 I/MyFragmentStateAdapter( 3429): getCount
07-05 22:37:07.266 D/GlobalInputEventMonitoringService( 1733): interceptKeyBeforeQueueing(), event:20, mNeedMonitorKeyEvent:true, mWaitForKeyUpEvent:false
07-05 22:37:07.266 D/GlobalInputEventMonitoringService( 1733): processKeyEvent(), processKeyEvent event:20
07-05 22:37:07.267 D/WindowManager( 1733): interceptKeyTq keycode=20 interactive=true keyguardActive=false policyFlags=2b000000 isCancled= false
07-05 22:37:07.267 D/PowerManagerService( 1733): userActivityNoUpdateLocked: eventTime=14268837, event=1, flags=0x0, uid=1000
07-05 22:37:07.267 D/WindowManager( 1733): interceptKeyTi keyCode=20 down=true repeatCount=0 keyguardOn=false mHomePressed=false canceled=false
07-05 22:37:07.267 D/WindowManager( 1733): Hisense systemkey event: 20
07-05 22:37:07.267 D/HisenseGlobalKeyManager( 1733): handleGlobalKey() : Global event = KeyEvent { action=ACTION_DOWN, keyCode=KEYCODE_DPAD_DOWN, scanCode=0, metaState=0, flags=0x0, repeatCount=0, eventTime=14268837, downTime=14268837, deviceId=-1, source=0x101 }
07-05 22:37:07.277 D/SogouIME( 2203): [onKeyDown] keycode = 20 model = VIDAA_TV
07-05 22:37:07.295 I/MyFragmentStateAdapter( 3429): getCount
07-05 22:37:07.312 D/Carousel-CarouselDisplayPlayerLayout( 3429): HasFocus:true,keyCode:20
07-05 22:37:07.312 D/Carousel-CarouselDisplayPlayerLayout( 3429): isFullScreen:false
07-05 22:37:07.312 D/Carousel-CarouselDisplayPlayerLayout( 3429): isFullScreen:false
07-05 22:37:07.312 I/HomeMainActivity( 3429): carousel handle key:false
07-05 22:37:07.312 I/MainHomeView( 3429): dispatchKeyEvent ACTION_DOWN now 
07-05 22:37:07.312 D/Carousel-CarouselDisplayPicLayout( 3429): keyCode=20
07-05 22:37:07.313 I/FirstLineAdapter( 3429): onCarouselKeyDown: output=true,event=KeyEvent { action=ACTION_DOWN, keyCode=KEYCODE_DPAD_DOWN, scanCode=0, metaState=0, flags=0x0, repeatCount=0, eventTime=14268837, downTime=14268837, deviceId=-1, source=0x101 }
07-05 22:37:07.313 I/HomeMainActivity( 3429): onKeyDown is 20
07-05 22:37:07.313 I/BaseContentFragment( 3429): setRowViewSelectedViewHolder{100af0ce position=1 id=-1, oldPos=-1, pLpos:-1},isSelectedfalse
07-05 22:37:07.313 I/BaseContentFragment( 3429): setRowViewSelectedViewHolder{ae7e505 position=2 id=-1, oldPos=-1, pLpos:-1},isSelectedtrue
07-05 22:37:07.319 I/RoleContentFragment( 3429): onChildSelected:2,lastPos=1
07-05 22:37:07.319 I/CurrentCarouselView( 3429): onCarouseControlCarouselControlBean{mShoudScroll=false, mActivityHasResume=false, mActivityHasStop=false, mHasTurnGone=false, mHasTurnVisible=false, mChannelId=0, mSlideOffset=0.0, mShouldSelectCenter=false, mTabOpen=false, mHoriPosStatus=None, mVerPosStatus=Out, mLevelStatus=None},isPlayingtrue,channelId=0
07-05 22:37:07.319 I/CurrentCarouselView( 3429): is the current page
07-05 22:37:07.320 I/CurrentCarouselView( 3429): stopPlay
07-05 22:37:07.322 D/Carousel-CarouselView( 3429): ============>onFocusChange=false
07-05 22:37:07.322 D/Carousel-CarouselDisplayPlayerLayout( 3429): isFullScreen:false
07-05 22:37:07.322 D/Carousel-CarouselView( 3429): isFullScreen:false,hasFocus:false
07-05 22:37:07.322 D/Carousel-CarouselView( 3429): ============>offset=-1592
07-05 22:37:07.322 D/Carousel-CarouselDisplayPlayerLayout( 3429): showPlayerWindowTip showable:false
07-05 22:37:07.328 I/ContentBridgeAdapterListener( 3429): onAddPresenter 3
07-05 22:37:07.329 D/GlobalInputEventMonitoringService( 1733): interceptKeyBeforeQueueing(), event:20, mNeedMonitorKeyEvent:true, mWaitForKeyUpEvent:false
07-05 22:37:07.329 D/GlobalInputEventMonitoringService( 1733): processKeyEvent(), processKeyEvent event:20
07-05 22:37:07.329 D/WindowManager( 1733): interceptKeyTq keycode=20 interactive=true keyguardActive=false policyFlags=2b000000 isCancled= false
07-05 22:37:07.330 D/WindowManager( 1733): interceptKeyTi keyCode=20 down=false repeatCount=0 keyguardOn=false mHomePressed=false canceled=false
07-05 22:37:07.330 D/WindowManager( 1733): Hisense systemkey event: 20
07-05 22:37:07.330 D/HisenseGlobalKeyManager( 1733): handleGlobalKey() : Global event = KeyEvent { action=ACTION_UP, keyCode=KEYCODE_DPAD_DOWN, scanCode=0, metaState=0, flags=0x0, repeatCount=0, eventTime=14268837, downTime=14268837, deviceId=-1, source=0x101 }
07-05 22:37:07.355 I/ContentBridgeAdapterListener( 3429): onCreate ViewHolder{385b4408 position=-1 id=-1, oldPos=-1, pLpos:-1 unbound no parent}
07-05 22:37:07.355 I/BaseContentFragment( 3429): setUpSharedViewPoolViewHolder{385b4408 position=-1 id=-1, oldPos=-1, pLpos:-1 unbound no parent}
07-05 22:37:07.355 I/BaseContentFragment( 3429): share view pool
07-05 22:37:07.356 I/BaseContentFragment( 3429): setRowViewSelectedViewHolder{385b4408 position=-1 id=-1, oldPos=-1, pLpos:-1 unbound no parent},isSelectedfalse
07-05 22:37:07.357 I/head    ( 3429): item=com.hisense.tvui.newhome.presenter.TwoLineListRow@33c697a1
07-05 22:37:07.357 I/ContentBridgeAdapterListener( 3429): onBind 
07-05 22:37:07.357 I/ContentBridgeAdapterListener( 3429): onAttachedToWindow ViewHolder{385b4408 position=3 id=-1, oldPos=-1, pLpos:-1}
07-05 22:37:07.365 I/CardSelectionPresenter( 3429): onCreateViewHoldercom.hisense.leanback.widget.HorizontalGridView{3547cdc6 VFE..... ......I. 0,0-0,0 #7f0d038e app:id/row_content}
07-05 22:37:07.379 I/CardSelectionPresenter( 3429): onBindViewHolder
07-05 22:37:07.379 D/sloven  ( 3429): 1002---true
07-05 22:37:07.379 I/CardSelectionPresenter( 3429): width=390,height=220
07-05 22:37:07.397 D/MSTAR_VDEC_DBG( 1206): Stream ID: 0, Rate : 23 (E:0,D:0,S:0,F:141) 
07-05 22:37:07.411 D/hailongqiu( 3429): hailongqiu position:0
07-05 22:37:07.413 I/CardSelectionPresenter( 3429): onCreateViewHoldercom.hisense.leanback.widget.HorizontalGridView{3547cdc6 VFE..... ......ID 0,0-1738,588 #7f0d038e app:id/row_content}
07-05 22:37:07.423 I/TVMW@HsTvSetting( 1234): Trace cmd, data = 0x1058
07-05 22:37:07.424 D/til@system( 2026): til_get_system_param option:100002F int:0, bool:0, ret:0
07-05 22:37:07.424 I/TVMW@HsTvSetting( 1234): Trace cmd, data = 0x101f
07-05 22:37:07.424 D/til@system( 2026): til_get_system_param option:100001D int:3, bool:3, ret:0
07-05 22:37:07.424 E/til     ( 2026): [til_get_current_input_source, 101] 
07-05 22:37:07.424 I/CardSelectionPresenter( 3429): onBindViewHolder
07-05 22:37:07.424 D/sloven  ( 3429): 1002---true
07-05 22:37:07.424 I/TVMW@HsTvSetting( 1234): Trace cmd, data = 0x7007
07-05 22:37:07.425 I/tilwrapper@sm( 2026): HS2TIL_SourceType *hs=0xd, *til=0x900
07-05 22:37:07.425 D/til     ( 2026): get current source 2304
07-05 22:37:07.425 D/SourceRemoteServiceHandler( 2026): getCurrentInputSource.from.til.result is 0, value is 2304
07-05 22:37:07.425 D/SourceRemoteServiceHandler( 2026): getInputSourceType source: 0x900, type=2304
07-05 22:37:07.425 D/til     ( 2026): ###### func:til_get_picture_param option:0x3000006 ######  
07-05 22:37:07.425 I/TVMW@HsTvSetting( 1234): Trace cmd, data = 0x1003
07-05 22:37:07.425 I/TVMW@HsTvSetting( 1234): Trace cmd, data = 0x8032
07-05 22:37:07.426 I/CardSelectionPresenter( 3429): width=390,height=220
07-05 22:37:07.426 I/hstvos  ( 1216): [0m[1;33m[HSHAL][HS_VIDEO][HS_HAL_Video_SetOsdDetect_v2][2389]u16Threshold = 20
07-05 22:37:07.429 E/TVMW@videoctrl( 1234):  getOsd is 1
07-05 22:37:07.430 D/til@system( 2026): til_get_system_param option:1000027 int:1, bool:1, ret:0
07-05 22:37:07.430 D/til     ( 2026): ###### func:til_get_picture_param option:0x3000045 ######  
07-05 22:37:07.430 I/TVMW@HsTvSetting( 1234): Trace cmd, data = 0x300c
07-05 22:37:07.430 I/TVMW@HsTvSetting( 1234): Trace 3d, data = 0x300c
07-05 22:37:07.430 I/TVMW@3d ( 1234): Hs_debug3d_trace: func:get3dStatus, line:109
07-05 22:37:07.432 I/CardSelectionPresenter( 3429): onCreateViewHoldercom.hisense.leanback.widget.HorizontalGridView{3547cdc6 VFE..... ......ID 0,0-1738,588 #7f0d038e app:id/row_content}
07-05 22:37:07.438 I/CardSelectionPresenter( 3429): onBindViewHolder
07-05 22:37:07.438 D/sloven  ( 3429): 1002---true
07-05 22:37:07.438 I/CardSelectionPresenter( 3429): width=400,height=220
07-05 22:37:07.440 D/DtvSourcePlugin-DVBC(15961): Setting the EPG Updater state to: WAIT
07-05 22:37:07.441 I/CardSelectionPresenter( 3429): onCreateViewHoldercom.hisense.leanback.widget.HorizontalGridView{3547cdc6 VFE..... ......ID 0,0-1738,588 #7f0d038e app:id/row_content}
07-05 22:37:07.447 I/CardSelectionPresenter( 3429): onBindViewHolder
07-05 22:37:07.447 D/sloven  ( 3429): 1002---true
07-05 22:37:07.447 I/CardSelectionPresenter( 3429): width=400,height=220
07-05 22:37:07.452 I/CardSelectionPresenter( 3429): onCreateViewHoldercom.hisense.leanback.widget.HorizontalGridView{3547cdc6 VFE..... ......ID 0,0-1738,588 #7f0d038e app:id/row_content}
07-05 22:37:07.465 I/CardSelectionPresenter( 3429): onBindViewHolder
07-05 22:37:07.465 D/sloven  ( 3429): 1002---true
07-05 22:37:07.465 I/CardSelectionPresenter( 3429): width=400,height=220
07-05 22:37:07.476 I/CardSelectionPresenter( 3429): onCreateViewHoldercom.hisense.leanback.widget.HorizontalGridView{3547cdc6 VFE..... ......ID 0,0-1738,588 #7f0d038e app:id/row_content}
07-05 22:37:07.490 I/CardSelectionPresenter( 3429): onBindViewHolder
07-05 22:37:07.490 D/sloven  ( 3429): 1002---true
07-05 22:37:07.490 I/CardSelectionPresenter( 3429): width=400,height=220
07-05 22:37:07.496 I/CardSelectionPresenter( 3429): onCreateViewHoldercom.hisense.leanback.widget.HorizontalGridView{3547cdc6 VFE..... ......ID 0,0-1738,588 #7f0d038e app:id/row_content}
07-05 22:37:07.504 I/CardSelectionPresenter( 3429): onBindViewHolder
07-05 22:37:07.504 D/sloven  ( 3429): 2005---false
07-05 22:37:07.504 D/sloven  ( 3429): 2005
07-05 22:37:07.506 I/CardSelectionPresenter( 3429): width=400,height=220
07-05 22:37:07.510 I/CardSelectionPresenter( 3429): onCreateViewHoldercom.hisense.leanback.widget.HorizontalGridView{3547cdc6 VFE..... ......ID 0,0-1738,588 #7f0d038e app:id/row_content}
07-05 22:37:07.519 I/CardSelectionPresenter( 3429): onBindViewHolder
07-05 22:37:07.519 D/sloven  ( 3429): 2005---false
07-05 22:37:07.519 D/sloven  ( 3429): 2005
07-05 22:37:07.520 I/CardSelectionPresenter( 3429): width=400,height=220
07-05 22:37:07.528 I/CardSelectionPresenter( 3429): onCreateViewHoldercom.hisense.leanback.widget.HorizontalGridView{3547cdc6 VFE..... ......ID 0,0-1738,588 #7f0d038e app:id/row_content}
07-05 22:37:07.545 I/CardSelectionPresenter( 3429): onBindViewHolder
07-05 22:37:07.545 D/sloven  ( 3429): 2005---false
07-05 22:37:07.545 D/sloven  ( 3429): 2005
07-05 22:37:07.548 I/CardSelectionPresenter( 3429): width=400,height=220
07-05 22:37:07.551 I/CardSelectionPresenter( 3429): onCreateViewHoldercom.hisense.leanback.widget.HorizontalGridView{3547cdc6 VFE..... ......ID 0,0-1738,588 #7f0d038e app:id/row_content}
07-05 22:37:07.563 I/CardSelectionPresenter( 3429): onBindViewHolder
07-05 22:37:07.563 D/sloven  ( 3429): 2005---false
07-05 22:37:07.563 D/sloven  ( 3429): 2005
07-05 22:37:07.565 I/CardSelectionPresenter( 3429): width=400,height=220
07-05 22:37:07.572 I/MyFragmentStateAdapter( 3429): getCount
07-05 22:37:07.572 I/MyFragmentStateAdapter( 3429): getCount
07-05 22:37:07.572 I/MyFragmentStateAdapter( 3429): getCount
07-05 22:37:07.572 I/MyFragmentStateAdapter( 3429): getCount
07-05 22:37:07.574 I/FirstLineAdapter( 3429): canShowTrailer,isOffline=false
07-05 22:37:07.574 I/FirstLineAdapter( 3429): canShowTrailer,isOffline=false
07-05 22:37:07.574 I/FirstLineAdapter( 3429): canShowTrailer,isOffline=false
07-05 22:37:07.574 I/FirstLineAdapter( 3429): canShowTrailer,isOffline=false
07-05 22:37:07.574 I/FirstLineAdapter( 3429): canShowTrailer,isOffline=false
07-05 22:37:07.574 I/FirstLineAdapter( 3429): canShowTrailer,isOffline=false
07-05 22:37:07.574 I/FirstLineAdapter( 3429): canShowTrailer,isOffline=false
07-05 22:37:07.575 I/FirstLineAdapter( 3429): canShowTrailer,isOffline=false
07-05 22:37:07.575 I/FirstLineAdapter( 3429): canShowTrailer,isOffline=false
07-05 22:37:07.580 D/Carousel-CarouselView( 3429): ============>onScrollChanged hashCode:1018850026
07-05 22:37:07.580 D/Carousel-CarouselDisplayPlayerLayout( 3429): isFullScreen:false
07-05 22:37:07.595 I/MyFragmentStateAdapter( 3429): getCount
07-05 22:37:07.602 D/Carousel-CarouselView( 3429): setPosterAndStopPlay! hashCode=1018850026, sWorkingHashCode=1018850026
07-05 22:37:07.602 D/Carousel-CarouselDisplayPlayerLayout( 3429): isFullScreen:false
07-05 22:37:07.602 D/Carousel-Utils( 3429): displayImage view=android.widget.ImageView{31979751 G.ED.... ........ 0,0-816,460 #7f0d0029 app:id/imageView1}
07-05 22:37:07.602 D/Carousel-Utils( 3429): displayImage url=http://picture.edu.hismarttv.com/images/20170629010146422927.jpg
07-05 22:37:07.602 D/Carousel-Utils( 3429): onResourceReady.
07-05 22:37:07.606 D/Carousel-Utils( 3429): displayImage view=android.widget.ImageView{1f91ed17 G.ED.... ........ 0,0-816,460 #7f0d0029 app:id/imageView1}
07-05 22:37:07.606 D/Carousel-Utils( 3429): displayImage url=http://picture.edu.hismarttv.com/images/20170629010146422927.jpg
07-05 22:37:07.606 D/Carousel-Utils( 3429): onResourceReady.
07-05 22:37:07.609 D/Carousel-CarouselDisplayPlayerLayout( 3429): isFullScreen:false
07-05 22:37:07.611 D/Carousel-CarouselDisplayPlayerLayout( 3429): HasFocus:false,keyCode:20
07-05 22:37:07.611 D/Carousel-CarouselDisplayPlayerLayout( 3429): isFullScreen:false
07-05 22:37:07.611 I/HomeMainActivity( 3429): carousel handle key:false
07-05 22:37:07.616 V/InputMethodService( 2203): startInput(): editor=android.view.inputmethod.EditorInfo@da70244
07-05 22:37:07.616 V/InputMethodService( 2203): CALL: onFinishInput
07-05 22:37:07.621 E/SOGOUIME_JNI( 2203): reset
07-05 22:37:07.622 I/ContentBridgeAdapterListener( 3429): onDetachedFromWindow ViewHolder{b5241a3 position=0 id=-1, oldPos=-1, pLpos:-1}
07-05 22:37:07.623 E/SOGOUIME_JNI( 2203): getCandidates
07-05 22:37:07.624 I/MyFragmentStateAdapter( 3429): getCount
07-05 22:37:07.624 I/MyFragmentStateAdapter( 3429): getCount
07-05 22:37:07.624 I/MyFragmentStateAdapter( 3429): getCount
07-05 22:37:07.624 I/MyFragmentStateAdapter( 3429): getCount
07-05 22:37:07.626 D/Surface ( 1733): onStatusChange() : mNativeObject = 547942817792 mUseImageHwRender = false
07-05 22:37:07.626 V/Surface ( 1733): nativeSetHardwareRender() : status = 0
07-05 22:37:07.626 V/Surface ( 1733): nativeSetHardwareRender() : end
07-05 22:37:07.627 E/SOGOUIME_JNI( 2203): ime_get_uncommitted_length
07-05 22:37:07.627 E/SOGOUIME_JNI( 2203): getCandidates
07-05 22:37:07.628 D/SogouIME API( 2203): ==============num:32
07-05 22:37:07.628 E/SOGOUIME_JNI( 2203): ime_get_uncommitted_length
07-05 22:37:07.628 D/SogouIME( 2203): mFocusedComponent:30   isHkbEnable:false
07-05 22:37:07.628 E/SOGOUIME_JNI( 2203): ime_get_uncommitted_length
07-05 22:37:07.630 E/SOGOUIME_JNI( 2203): ime_get_committed_length
07-05 22:37:07.630 E/SOGOUIME_JNI( 2203): getComposingInfo
07-05 22:37:07.630 E/SOGOUIME_JNI( 2203): getComposingInfo
07-05 22:37:07.630 E/SOGOUIME_JNI( 2203): getCorrectInfo
07-05 22:37:07.630 E/SOGOUIME_JNI( 2203): getComposingInfo
07-05 22:37:07.630 D/PowerManagerService( 1733): releaseWakeLockInternal: lock=487931605 [WindowManager], flags=0x0
07-05 22:37:07.630 V/InputMethodService( 2203): CALL: onStartInput
07-05 22:37:07.630 D/PowerManagerNotifier( 1733): onWakeLockReleased: flags=536870922, tag="WindowManager", packageName=android, ownerUid=1000, ownerPid=1733, workSource=WorkSource{10010}
07-05 22:37:07.630 E/SOGOUIME_JNI( 2203): invalidateCommitWordPinyinNative
07-05 22:37:07.630 D/SogouIME( 2203): =====configKeyboard=======:false     false
07-05 22:37:07.630 E/SOGOUIME_JNI( 2203): ime_set_hard_kb_enable
07-05 22:37:07.630 D/PowerManagerService( 1733): userActivityNoUpdateLocked: eventTime=14269202, event=0, flags=0x1, uid=1000
07-05 22:37:07.630 D/PowerManagerService( 1733): setScreenBrightnessOverrideFromWindowManagerInternal done
07-05 22:37:07.636 D/Surface ( 1733): onStatusChange() : mNativeObject = 0 mUseImageHwRender = false
07-05 22:37:07.637 I/FirstLineAdapter( 3429): canShowTrailer,isOffline=false
07-05 22:37:07.637 I/FirstLineAdapter( 3429): canShowTrailer,isOffline=false
07-05 22:37:07.638 I/FirstLineAdapter( 3429): canShowTrailer,isOffline=false
07-05 22:37:07.638 I/FirstLineAdapter( 3429): canShowTrailer,isOffline=false
07-05 22:37:07.638 I/FirstLineAdapter( 3429): canShowTrailer,isOffline=false
07-05 22:37:07.638 I/FirstLineAdapter( 3429): canShowTrailer,isOffline=false
07-05 22:37:07.638 I/FirstLineAdapter( 3429): canShowTrailer,isOffline=false
07-05 22:37:07.638 I/FirstLineAdapter( 3429): canShowTrailer,isOffline=false
07-05 22:37:07.639 I/FirstLineAdapter( 3429): canShowTrailer,isOffline=false
07-05 22:37:07.644 D/Carousel-CarouselView( 3429): ============>onScrollChanged hashCode:1018850026
07-05 22:37:07.644 D/Carousel-CarouselDisplayPlayerLayout( 3429): isFullScreen:false
07-05 22:37:07.647 I/MyFragmentStateAdapter( 3429): getCount
07-05 22:37:07.652 D/Carousel-CarouselDisplayPlayerLayout( 3429): x=380, y=-185,w=892,h=536, hashCode=663268642
07-05 22:37:07.652 D/Carousel-CarouselDisplayPlayerLayout( 3429): mX=380, mY=167,mWitdh=892,mHeight=536, hashCode=663268642
07-05 22:37:07.652 D/Carousel-CarouselDisplayPlayerLayout( 3429): changed=true, hashCode=663268642
07-05 22:37:07.652 D/Carousel-Utils( 3429): x=380,y=-185, width=892,height=536
07-05 22:37:07.652 D/Carousel-CarouselView( 3429): onWindowOutScreen!
07-05 22:37:07.652 D/Carousel-CarouselView( 3429): OnScrollStart DisplayPlayerLayout isnot shown return.
07-05 22:37:07.666 D/Carousel-CarouselDisplayPlayerLayout( 3429): x=380, y=-185,w=892,h=536, hashCode=663268642
07-05 22:37:07.666 D/Carousel-CarouselDisplayPlayerLayout( 3429): mX=380, mY=-185,mWitdh=892,mHeight=536, hashCode=663268642
07-05 22:37:07.666 D/Carousel-CarouselDisplayPlayerLayout( 3429): changed=false, hashCode=663268642
07-05 22:37:07.666 D/Carousel-CarouselDisplayPlayerLayout( 3429): extraTryCount=0
07-05 22:37:07.666 D/Carousel-CarouselView( 3429): setPosterAndStopPlay! hashCode=1018850026, sWorkingHashCode=1018850026
07-05 22:37:07.666 D/Carousel-CarouselDisplayPlayerLayout( 3429): isFullScreen:false
07-05 22:37:07.666 D/Carousel-Utils( 3429): displayImage view=android.widget.ImageView{31979751 V.ED.... ........ 0,0-816,460 #7f0d0029 app:id/imageView1}
07-05 22:37:07.666 D/Carousel-Utils( 3429): displayImage url=http://picture.edu.hismarttv.com/images/20170629010146422927.jpg
07-05 22:37:07.667 D/Carousel-Utils( 3429): onResourceReady.
07-05 22:37:07.668 D/Carousel-Utils( 3429): displayImage view=android.widget.ImageView{1f91ed17 V.ED.... ......ID 0,0-816,460 #7f0d0029 app:id/imageView1}
07-05 22:37:07.668 D/Carousel-Utils( 3429): displayImage url=http://picture.edu.hismarttv.com/images/20170629010146422927.jpg
07-05 22:37:07.669 D/Carousel-Utils( 3429): onResourceReady.
07-05 22:37:07.669 D/Carousel-CarouselDisplayPlayerLayout( 3429): isFullScreen:false
07-05 22:37:07.669 D/Carousel-CarouselDisplayPlayerLayout( 3429): x=380, y=-185,w=892,h=536, hashCode=663268642
07-05 22:37:07.669 D/Carousel-CarouselDisplayPlayerLayout( 3429): mX=380, mY=-185,mWitdh=892,mHeight=536, hashCode=663268642
07-05 22:37:07.669 D/Carousel-CarouselDisplayPlayerLayout( 3429): changed=false, hashCode=663268642
07-05 22:37:07.669 D/Carousel-CarouselDisplayPlayerLayout( 3429): extraTryCount=1
07-05 22:37:07.697 I/MyFragmentStateAdapter( 3429): getCount
07-05 22:37:07.697 I/MyFragmentStateAdapter( 3429): getCount
07-05 22:37:07.697 I/MyFragmentStateAdapter( 3429): getCount
07-05 22:37:07.697 I/MyFragmentStateAdapter( 3429): getCount
07-05 22:37:07.699 I/FirstLineAdapter( 3429): canShowTrailer,isOffline=false
07-05 22:37:07.699 I/FirstLineAdapter( 3429): canShowTrailer,isOffline=false
07-05 22:37:07.699 I/FirstLineAdapter( 3429): canShowTrailer,isOffline=false
07-05 22:37:07.699 I/FirstLineAdapter( 3429): canShowTrailer,isOffline=false
07-05 22:37:07.699 I/FirstLineAdapter( 3429): canShowTrailer,isOffline=false
07-05 22:37:07.699 I/FirstLineAdapter( 3429): canShowTrailer,isOffline=false
07-05 22:37:07.699 I/FirstLineAdapter( 3429): canShowTrailer,isOffline=false
07-05 22:37:07.700 I/FirstLineAdapter( 3429): canShowTrailer,isOffline=false
07-05 22:37:07.700 I/FirstLineAdapter( 3429): canShowTrailer,isOffline=false
07-05 22:37:07.704 I/MyFragmentStateAdapter( 3429): getCount
07-05 22:37:07.784 D/Carousel-CarouselDisplayPlayerLayout( 3429): x=380, y=-185,w=892,h=536, hashCode=663268642
07-05 22:37:07.784 D/Carousel-CarouselDisplayPlayerLayout( 3429): mX=380, mY=-185,mWitdh=892,mHeight=536, hashCode=663268642
07-05 22:37:07.784 D/Carousel-CarouselDisplayPlayerLayout( 3429): changed=false, hashCode=663268642
07-05 22:37:07.784 D/Carousel-CarouselDisplayPlayerLayout( 3429): extraTryCount=2
07-05 22:37:07.785 D/Carousel-CarouselDisplayPlayerLayout( 3429): x=380, y=-185,w=892,h=536, hashCode=663268642
07-05 22:37:07.785 D/Carousel-CarouselDisplayPlayerLayout( 3429): mX=380, mY=-185,mWitdh=892,mHeight=536, hashCode=663268642
07-05 22:37:07.785 D/Carousel-CarouselDisplayPlayerLayout( 3429): changed=false, hashCode=66326864