07-05 21:32:32.622 D/TileTransitionManager( 1733): getActivityContainer, screen shot current tile:DummyApp, minLayer:21045, maxLayer:21050
07-05 21:32:32.706 D/TileTransitionManager( 1733): getActivityContainer, find existing stack, stackId:93, topComponent:ComponentInfo{com.jamdeo.launcher/com.jamdeo.launcher.app.BaseTileActivity}
07-05 21:32:32.706 D/ActivityStackUtils( 1733): deleteStack - stackId: 93
07-05 21:32:32.714 I/TileTransitionManager( 1733): deleteActivityStack stackId:93
07-05 21:32:32.714 D/TileTransitionManager( 1733): getActivityContainer, remove stackId: 93
07-05 21:32:32.714 D/ActivityStackUtils( 1733): startActivityOnNewStack - intent: null
07-05 21:32:32.727 E/WindowState( 1733): getStack: Window{3225e16e u0 com.jamdeo.launcher/com.jamdeo.launcher.app.BaseTileActivity} couldn't find taskId=5153 Callers=com.android.server.wm.WindowManagerService.assignLayersLocked:8873 com.android.server.wm.WindowManagerService.moveStackWindowsLocked:5212 com.android.server.wm.WindowManagerService.attachStack:5294 com.android.server.am.ActivityStackSupervisor$ActivityContainer.attachToDisplayLocked:3846 
07-05 21:32:32.728 E/WindowState( 1733): getStack: Window{3225e16e u0 com.jamdeo.launcher/com.jamdeo.launcher.app.BaseTileActivity} couldn't find taskId=5153 Callers=com.android.server.wm.WindowManagerService.performLayoutAndPlaceSurfacesLockedInner:9918 com.android.server.wm.WindowManagerService.performLayoutAndPlaceSurfacesLockedLoop:8957 com.android.server.wm.WindowManagerService.performLayoutAndPlaceSurfacesLocked:8899 com.android.server.wm.WindowManagerService.moveStackWindowsLocked:5216 
07-05 21:32:32.731 E/WindowState( 1733): getStack: Window{3225e16e u0 com.jamdeo.launcher/com.jamdeo.launcher.app.BaseTileActivity} couldn't find taskId=5153 Callers=com.android.server.wm.WindowState.getDisplayContent:819 com.android.server.wm.WindowState.getDisplayId:824 com.android.server.wm.InputMonitor.updateInputWindowsLw:294 com.android.server.wm.WindowManagerService.performLayoutAndPlaceSurfacesLockedInner:10257 
07-05 21:32:32.732 E/WindowState( 1733): getStack: Window{3225e16e u0 com.jamdeo.launcher/com.jamdeo.launcher.app.BaseTileActivity} couldn't find taskId=5153 Callers=com.android.server.wm.WindowState.getStackBounds:849 com.android.server.wm.InputMonitor.addInputWindowHandleLw:180 com.android.server.wm.InputMonitor.updateInputWindowsLw:313 com.android.server.wm.WindowManagerService.performLayoutAndPlaceSurfacesLockedInner:10257 
07-05 21:32:32.733 D/PowerManagerService( 1733): setScreenBrightnessOverrideFromWindowManagerInternal done
07-05 21:32:32.735 E/WindowState( 1733): getStack: Window{3225e16e u0 com.jamdeo.launcher/com.jamdeo.launcher.app.BaseTileActivity} couldn't find taskId=5153 Callers=com.android.server.wm.DisplayContent.setTouchExcludeRegion:239 com.android.server.wm.WindowManagerService.setFocusedStackFrame:4124 com.android.server.wm.WindowManagerService.performLayoutAndPlaceSurfacesLockedInner:10333 com.android.server.wm.WindowManagerService.performLayoutAndPlaceSurfacesLockedLoop:8957 
07-05 21:32:32.739 I/ActivityStackUtils( 1733): New stack created with id = 94
07-05 21:32:32.739 D/ActivityStackUtils( 1733): startActivityOnStack - intent: Intent { act=com.jamdeo.launcher.BASE_TILE flg=0x100 (has extras) }, on stackId: 94
07-05 21:32:32.740 I/ActivityManager( 1733): START u0 {act=com.jamdeo.launcher.BASE_TILE flg=0x18010000 cmp=com.jamdeo.launcher/.app.BaseTileActivity (has extras)} from uid 1000 on display 0
07-05 21:32:32.741 V/WindowManager( 1733): addAppToken: AppWindowToken{10afca1c token=Token{696178f ActivityRecord{15a636ee u0 com.jamdeo.launcher/.app.BaseTileActivity t5155}}} to stack=94 task=5155 at 0
07-05 21:32:32.794 E/WindowState( 1733): getStack: Window{3225e16e u0 com.jamdeo.launcher/com.jamdeo.launcher.app.BaseTileActivity} couldn't find taskId=5153 Callers=com.android.server.wm.WindowState.getDisplayContent:819 com.android.server.wm.WindowState.getWindowList:1397 com.android.server.wm.WindowManagerService.removeWindowInnerLocked:2895 com.android.server.wm.WindowManagerService.removeWindowLocked:2796 
07-05 21:32:32.794 E/WindowState( 1733): getStack: Window{3225e16e u0 com.jamdeo.launcher/com.jamdeo.launcher.app.BaseTileActivity} couldn't find taskId=5153 Callers=com.android.server.wm.WindowState.getDisplayContent:819 com.android.server.wm.WindowManagerService.removeWindowInnerLocked:2900 com.android.server.wm.WindowManagerService.removeWindowLocked:2796 com.android.server.wm.WindowManagerService.removeWindow:2718 
07-05 21:32:32.794 I/UsageStatsService( 1733): paused component:com.jamdeo.launcher
07-05 21:32:32.794 V/UsageStatsService( 1733): Paused: 10394366   Component: com.jamdeo.launcher/com.jamdeo.launcher.app.BaseTileActivity   Time: 1499261552794 LastSessionTime: 20503 CumulativeSessionTime: 2679283
07-05 21:32:32.794 D/UsageStatsService( 1733): UsageStats: broadcasting intent
07-05 21:32:32.795 D/UsageStatsService( 1733): User[0] Got usage event for com.jamdeo.launcher[1499261552795]: MOVE_TO_BACKGROUND
07-05 21:32:32.795 W/ContextImpl( 1733): Calling a method in the system process without a qualified user: android.app.ContextImpl.sendBroadcast:1327 com.android.server.usage.UsageStatsService.insertUsageStats:1104 com.android.server.usage.UsageStatsService$PkgUsageStatsExtended.updatePause:979 com.android.server.usage.UsageStatsService$LocalService.notePauseComponent:808 com.android.server.am.ActivityManagerService.updateUsageStats:3173 
07-05 21:32:32.795 D/PowerManagerService( 1733): setScreenBrightnessOverrideFromWindowManagerInternal done
07-05 21:32:32.796 D/PowerManagerService( 1733): acquireWakeLockInternal: lock=681732318, flags=0x1, tag="ActivityManager-Launch", ws=null, uid=1000, pid=1733
07-05 21:32:32.796 D/PowerManagerNotifier( 1733): onWakeLockAcquired: flags=1, tag="ActivityManager-Launch", packageName=android, ownerUid=1000, ownerPid=1733, workSource=null
07-05 21:32:32.798 V/WindowManager( 1733): Adding window Window{8019fa1 u0 Starting com.jamdeo.launcher} at 10 of 18 (after Window{2b1abb43 u0 GlobalPanel})
07-05 21:32:32.809 D/PowerManagerService( 1733): setScreenBrightnessOverrideFromWindowManagerInternal done
07-05 21:32:32.811 D/PowerManagerService( 1733): setScreenBrightnessOverrideFromWindowManagerInternal done
07-05 21:32:32.815 D/ActivityStackUtils( 1733): moveStack - stackId: 94, toFront: true
07-05 21:32:32.817 D/PowerManagerService( 1733): setScreenBrightnessOverrideFromWindowManagerInternal done
07-05 21:32:32.820 D/TileTransitionManager( 1733): getActivityContainer, create an empty stack: 94for: com.hisense.hicloud.edca
07-05 21:32:32.821 D/TileTransitionManager( 1733): getActivityContainer notify the top tile app changed.
07-05 21:32:32.823 D/TileTransitionManager( 1733): preProcess tasks with top removed:false
07-05 21:32:32.831 D/ActivityStackUtils( 1733): getActivityContainer - on stackId: 94
07-05 21:32:32.834 D/JamdeoActivityStackSupervisor( 1733): get currentSiloName
07-05 21:32:32.835 I/ActivityManager( 1733): START u0 {act=android.intent.action.MAIN cat=[android.intent.category.LAUNCHER] flg=0x10200000 cmp=com.hisense.hicloud.edca/.activity.EntryActivity} from uid 2000 on display 0
07-05 21:32:32.839 D/PowerManagerService( 1733): setScreenBrightnessOverrideFromWindowManagerInternal done
07-05 21:32:32.841 V/WindowManager( 1733): addAppToken: AppWindowToken{34cbb420 token=Token{3a4f1723 ActivityRecord{1a33e852 u0 com.hisense.hicloud.edca/.activity.EntryActivity t5156}}} to stack=94 task=5156 at 0
07-05 21:32:32.912 I/ActivityManager( 1733): Start proc 32438:com.hisense.hicloud.edca/u0a10 for activity com.hisense.hicloud.edca/.activity.EntryActivity
07-05 21:32:32.982 I/UsageStatsService( 1733): resumed component name is ComponentInfo{com.hisense.hicloud.edca/com.hisense.hicloud.edca.activity.EntryActivity}
07-05 21:32:32.982 I/UsageStatsService( 1733): started component:com.hisense.hicloud.edca
07-05 21:32:32.983 V/UsageStatsService( 1733): Resumed: 10394554   Component: com.hisense.hicloud.edca/com.hisense.hicloud.edca.activity.EntryActivity   Time: 1499261552983 VersionCode: 652   LastUpdateTime: 1499256171569
07-05 21:32:32.983 D/UsageStatsService( 1733): UsageStats: broadcasting intent
07-05 21:32:32.983 W/ContextImpl( 1733): Calling a method in the system process without a qualified user: android.app.ContextImpl.sendBroadcast:1327 com.android.server.usage.UsageStatsService.insertUsageStats:1104 com.android.server.usage.UsageStatsService$PkgUsageStatsExtended.updateResume:962 com.android.server.usage.UsageStatsService$LocalService.noteResumeComponent:759 com.android.server.am.ActivityManagerService.updateUsageStats:3164 
07-05 21:32:32.984 D/UsageStatsService( 1733): User[0] Got usage event for com.hisense.hicloud.edca[1499261552983]: MOVE_TO_FOREGROUND
07-05 21:32:32.988 D/PowerManagerService( 1733): setScreenBrightnessOverrideFromWindowManagerInternal done
07-05 21:32:32.989 I/ActivityManager( 1733): TR16) TaskRecord{14fd8295 #5156 A=com.hisense.hicloud.edca U=0 sz=1}
07-05 21:32:32.989 I/ActivityManager( 1733): TR15) TaskRecord{cd10cea #4980 A=com.jamdeo.launcher U=0 sz=1}
07-05 21:32:33.076 I/ActivityManager( 1733): TR16) TaskRecord{14fd8295 #5156 A=com.hisense.hicloud.edca U=0 sz=1}
07-05 21:32:33.076 I/ActivityManager( 1733): TR15) TaskRecord{cd10cea #4980 A=com.jamdeo.launcher U=0 sz=1}
07-05 21:32:33.085 V/ActivityManager( 1733): set mstar.EnterOpaqueUI false
07-05 21:32:33.090 D/TvInputManagerService( 1733): call enableMotionEventNotifier:false
07-05 21:32:33.094 D/PowerManagerService( 1733): wakeUp: eventTime=10394665
07-05 21:32:33.094 D/PowerManagerService( 1733): wakeUpInternal: eventTime=10394665, uid=1000
07-05 21:32:33.094 D/PowerManagerService( 1733): wakeUpNoUpdateLocked: eventTime=10394665, uid=1000
07-05 21:32:33.094 V/WindowManager( 1733): Adding window Window{3cae479b u0 com.jamdeo.launcher/com.jamdeo.launcher.app.BaseTileActivity} at 10 of 19 (before Window{8019fa1 u0 Starting com.jamdeo.launcher})
07-05 21:32:33.127 D/PowerManagerService( 1733): setScreenBrightnessOverrideFromWindowManagerInternal done
07-05 21:32:33.130 D/PowerManagerService( 1733): setScreenBrightnessOverrideFromWindowManagerInternal done
07-05 21:32:33.170 D/TvInputManagerService( 1733): call enableMotionEventNotifier:false
07-05 21:32:33.176 D/TvInputManagerService( 1733): call enableMotionEventNotifier:false
07-05 21:32:33.181 D/PowerManagerService( 1733): wakeUp: eventTime=10394751
07-05 21:32:33.181 D/PowerManagerService( 1733): wakeUpInternal: eventTime=10394751, uid=1000
07-05 21:32:33.181 D/PowerManagerService( 1733): wakeUpNoUpdateLocked: eventTime=10394751, uid=1000
07-05 21:32:33.198 D/PowerManagerService( 1733): setScreenBrightnessOverrideFromWindowManagerInternal done
07-05 21:32:33.231 D/PowerManagerService( 1733): setScreenBrightnessOverrideFromWindowManagerInternal done
07-05 21:32:33.253 D/PowerManagerService( 1733): acquireWakeLockInternal: lock=113832109, flags=0x1, tag="NetworkStats", ws=null, uid=1000, pid=1733
07-05 21:32:33.253 D/PowerManagerNotifier( 1733): onWakeLockAcquired: flags=1, tag="NetworkStats", packageName=android, ownerUid=1000, ownerPid=1733, workSource=null
07-05 21:32:33.275 D/PowerManagerService( 1733): releaseWakeLockInternal: lock=113832109 [NetworkStats], flags=0x0
07-05 21:32:33.275 D/PowerManagerNotifier( 1733): onWakeLockReleased: flags=1, tag="NetworkStats", packageName=android, ownerUid=1000, ownerPid=1733, workSource=null
07-05 21:32:33.333 I/NetflixMonitorService( 1733): current fgapk : com.hisense.hicloud.edca
07-05 21:32:33.333 I/NetflixMonitorService( 1733): Netflix status unchanged
07-05 21:32:33.393 V/WindowManager( 1733): Adding window Window{1b1fc277 u0 Starting com.hisense.hicloud.edca} at 12 of 20 (after Window{8019fa1 u0 Starting com.jamdeo.launcher})
07-05 21:32:33.414 D/PowerManagerService( 1733): setScreenBrightnessOverrideFromWindowManagerInternal done
07-05 21:32:33.415 W/ActivityManager( 1733): Unable to start service Intent { act=com.jamdeo.tilelibrary.VidaaTileService pkg=com.jamdeo.launcher } U=0: not found
07-05 21:32:33.417 D/PowerManagerService( 1733): setScreenBrightnessOverrideFromWindowManagerInternal done
07-05 21:32:33.465 D/PowerManagerService( 1733): setScreenBrightnessOverrideFromWindowManagerInternal done
07-05 21:32:33.467 D/PowerManagerService( 1733): setScreenBrightnessOverrideFromWindowManagerInternal done
07-05 21:32:33.471 D/PowerManagerService( 1733): setScreenBrightnessOverrideFromWindowManagerInternal done
07-05 21:32:33.476 D/PowerManagerService( 1733): setScreenBrightnessOverrideFromWindowManagerInternal done
07-05 21:32:33.485 D/PowerManagerService( 1733): setScreenBrightnessOverrideFromWindowManagerInternal done
07-05 21:32:33.505 D/PowerManagerService( 1733): setScreenBrightnessOverrideFromWindowManagerInternal done
07-05 21:32:33.960 D/PowerManagerService( 1733): setScreenBrightnessOverrideFromWindowManagerInternal done
07-05 21:32:33.962 D/PowerManagerService( 1733): setScreenBrightnessOverrideFromWindowManagerInternal done
07-05 21:32:34.334 I/NetflixMonitorService( 1733): current fgapk : com.hisense.hicloud.edca
07-05 21:32:34.334 I/NetflixMonitorService( 1733): Netflix status unchanged
07-05 21:32:35.334 I/NetflixMonitorService( 1733): current fgapk : com.hisense.hicloud.edca
07-05 21:32:35.334 I/NetflixMonitorService( 1733): Netflix status unchanged
07-05 21:32:35.498 W/ActivityManager( 1733): getTasks: caller 10002 is using old GET_TASKS but privileged; allowing
07-05 21:32:36.026 V/WindowManager( 1733): Adding window Window{23e3ef75 u0 com.hisense.hicloud.edca/com.hisense.hicloud.edca.activity.EntryActivity} at 10 of 19 (before Window{1b1fc277 u0 Starting com.hisense.hicloud.edca})
07-05 21:32:36.225 D/PowerManagerService( 1733): setScreenBrightnessOverrideFromWindowManagerInternal done
07-05 21:32:36.233 D/PowerManagerService( 1733): setScreenBrightnessOverrideFromWindowManagerInternal done
07-05 21:32:36.334 I/NetflixMonitorService( 1733): current fgapk : com.hisense.hicloud.edca
07-05 21:32:36.335 I/NetflixMonitorService( 1733): Netflix status unchanged
07-05 21:32:36.529 D/PowerManagerService( 1733): setScreenBrightnessOverrideFromWindowManagerInternal done
07-05 21:32:36.533 D/PowerManagerService( 1733): setScreenBrightnessOverrideFromWindowManagerInternal done
07-05 21:32:36.533 D/PowerManagerService( 1733): releaseWakeLockInternal: lock=681732318 [ActivityManager-Launch], flags=0x0
07-05 21:32:36.533 D/PowerManagerNotifier( 1733): onWakeLockReleased: flags=1, tag="ActivityManager-Launch", packageName=android, ownerUid=1000, ownerPid=1733, workSource=null
07-05 21:32:36.538 D/PowerManagerService( 1733): setScreenBrightnessOverrideFromWindowManagerInternal done
07-05 21:32:36.549 D/PowerManagerService( 1733): setScreenBrightnessOverrideFromWindowManagerInternal done
07-05 21:32:36.731 D/PowerManagerService( 1733): setScreenBrightnessOverrideFromWindowManagerInternal done
07-05 21:32:36.734 D/PowerManagerService( 1733): setScreenBrightnessOverrideFromWindowManagerInternal done
07-05 21:32:37.335 I/NetflixMonitorService( 1733): current fgapk : com.hisense.hicloud.edca
07-05 21:32:37.335 I/NetflixMonitorService( 1733): Netflix status unchanged
07-05 21:32:37.950 D/TileTransitionManager( 1733): getActivityContainer not enter cts mode
07-05 21:32:37.951 D/JamdeoActivityStackSupervisor( 1733): get currentSiloName
07-05 21:32:37.951 I/ActivityManager( 1733): START u0 {cmp=com.hisense.hicloud.edca/com.hisense.tvui.newhome.HomeMainActivity} from uid 10010 on display 0
07-05 21:32:37.953 D/PowerManagerService( 1733): setScreenBrightnessOverrideFromWindowManagerInternal done
07-05 21:32:37.956 D/PowerManagerService( 1733): setScreenBrightnessOverrideFromWindowManagerInternal done
07-05 21:32:37.958 V/WindowManager( 1733): addAppToken: AppWindowToken{e17982d token=Token{2fcff44 ActivityRecord{18bfc857 u0 com.hisense.hicloud.edca/com.hisense.tvui.newhome.HomeMainActivity t5156}}} to stack=94 task=5156 at 1
07-05 21:32:37.958 I/UsageStatsService( 1733): paused component:com.hisense.hicloud.edca
07-05 21:32:37.958 V/UsageStatsService( 1733): Paused: 10399530   Component: com.hisense.hicloud.edca/com.hisense.hicloud.edca.activity.EntryActivity   Time: 1499261557958 LastSessionTime: 4976 CumulativeSessionTime: 3265341
07-05 21:32:37.959 D/UsageStatsService( 1733): UsageStats: broadcasting intent
07-05 21:32:37.960 W/ContextImpl( 1733): Calling a method in the system process without a qualified user: android.app.ContextImpl.sendBroadcast:1327 com.android.server.usage.UsageStatsService.insertUsageStats:1104 com.android.server.usage.UsageStatsService$PkgUsageStatsExtended.updatePause:979 com.android.server.usage.UsageStatsService$LocalService.notePauseComponent:808 com.android.server.am.ActivityManagerService.updateUsageStats:3173 
07-05 21:32:37.961 D/PowerManagerService( 1733): acquireWakeLockInternal: lock=681732318, flags=0x1, tag="ActivityManager-Launch", ws=null, uid=1000, pid=1733
07-05 21:32:37.961 D/PowerManagerNotifier( 1733): onWakeLockAcquired: flags=1, tag="ActivityManager-Launch", packageName=android, ownerUid=1000, ownerPid=1733, workSource=null
07-05 21:32:37.970 D/UsageStatsService( 1733): User[0] Got usage event for com.hisense.hicloud.edca[1499261557959]: MOVE_TO_BACKGROUND
07-05 21:32:38.217 I/UsageStatsService( 1733): resumed component name is ComponentInfo{com.hisense.hicloud.edca/com.hisense.tvui.newhome.HomeMainActivity}
07-05 21:32:38.217 I/UsageStatsService( 1733): started component:com.hisense.hicloud.edca
07-05 21:32:38.217 V/UsageStatsService( 1733): Resumed: 10399788   Component: com.hisense.hicloud.edca/com.hisense.tvui.newhome.HomeMainActivity   Time: 1499261558217 VersionCode: 652   LastUpdateTime: 1499256171569
07-05 21:32:38.217 D/UsageStatsService( 1733): UsageStats: broadcasting intent
07-05 21:32:38.218 W/ContextImpl( 1733): Calling a method in the system process without a qualified user: android.app.ContextImpl.sendBroadcast:1327 com.android.server.usage.UsageStatsService.insertUsageStats:1104 com.android.server.usage.UsageStatsService$PkgUsageStatsExtended.updateResume:962 com.android.server.usage.UsageStatsService$LocalService.noteResumeComponent:759 com.android.server.am.ActivityManagerService.updateUsageStats:3164 
07-05 21:32:38.220 D/UsageStatsService( 1733): User[0] Got usage event for com.hisense.hicloud.edca[1499261558217]: MOVE_TO_FOREGROUND
07-05 21:32:38.221 D/PowerManagerService( 1733): setScreenBrightnessOverrideFromWindowManagerInternal done
07-05 21:32:38.222 I/ActivityManager( 1733): TR16) TaskRecord{14fd8295 #5156 A=com.hisense.hicloud.edca U=0 sz=2}
07-05 21:32:38.222 I/ActivityManager( 1733): TR15) TaskRecord{cd10cea #4980 A=com.jamdeo.launcher U=0 sz=1}
07-05 21:32:38.222 V/ActivityManager( 1733): set mstar.EnterOpaqueUI false
07-05 21:32:38.246 W/ActivityManager( 1733): getTasks: caller 10002 is using old GET_TASKS but privileged; allowing
07-05 21:32:38.336 I/NetflixMonitorService( 1733): current fgapk : com.hisense.hicloud.edca
07-05 21:32:38.336 I/NetflixMonitorService( 1733): Netflix status unchanged
07-05 21:32:38.705 V/WindowManager( 1733): Adding window Window{1b05561 u0 com.hisense.hicloud.edca/com.hisense.tvui.newhome.HomeMainActivity} at 11 of 19 (after Window{23e3ef75 u0 com.hisense.hicloud.edca/com.hisense.hicloud.edca.activity.EntryActivity})
07-05 21:32:38.891 V/HotPlugDetectionAction( 1733): Poll all devices.
07-05 21:32:39.309 E/HDMI_CEC( 1733): Send Message TO[5] 
07-05 21:32:39.309 E/HDMI_CEC( 1733): OP[0], <Feature Abort> 
07-05 21:32:39.309 E/HDMI_CEC( 1733): ========
07-05 21:32:39.336 I/NetflixMonitorService( 1733): current fgapk : com.hisense.hicloud.edca
07-05 21:32:39.336 I/NetflixMonitorService( 1733): Netflix status unchanged
07-05 21:32:39.380 E/HDMI_CEC( 1733): MI_CEC_SendTxPolling, ErrCode[4] 
07-05 21:32:39.414 E/HDMI_CEC( 1733): Sending message can't be response. 
07-05 21:32:40.337 I/NetflixMonitorService( 1733): current fgapk : com.hisense.hicloud.edca
07-05 21:32:40.337 I/NetflixMonitorService( 1733): Netflix status unchanged
07-05 21:32:40.358 D/HDMI    ( 1733): [P]:AllocatedAddress=[]
07-05 21:32:40.408 D/PowerManagerService( 1733): setScreenBrightnessOverrideFromWindowManagerInternal done
07-05 21:32:40.410 D/PowerManagerService( 1733): setScreenBrightnessOverrideFromWindowManagerInternal done
07-05 21:32:40.590 D/PowerManagerService( 1733): setScreenBrightnessOverrideFromWindowManagerInternal done
07-05 21:32:40.593 D/PowerManagerService( 1733): setScreenBrightnessOverrideFromWindowManagerInternal done
07-05 21:32:40.602 D/PowerManagerService( 1733): setScreenBrightnessOverrideFromWindowManagerInternal done
07-05 21:32:41.028 D/PowerManagerService( 1733): setScreenBrightnessOverrideFromWindowManagerInternal done
07-05 21:32:41.033 D/PowerManagerService( 1733): setScreenBrightnessOverrideFromWindowManagerInternal done
07-05 21:32:41.049 D/PowerManagerService( 1733): setScreenBrightnessOverrideFromWindowManagerInternal done
07-05 21:32:41.337 I/NetflixMonitorService( 1733): current fgapk : com.hisense.hicloud.edca
07-05 21:32:41.337 I/NetflixMonitorService( 1733): Netflix status unchanged
07-05 21:32:42.338 I/NetflixMonitorService( 1733): current fgapk : com.hisense.hicloud.edca
07-05 21:32:42.338 I/NetflixMonitorService( 1733): Netflix status unchanged
07-05 21:32:42.368 D/PowerManagerService( 1733): setScreenBrightnessOverrideFromWindowManagerInternal done
07-05 21:32:42.709 W/ActivityManager( 1733): Activity destroy timeout for ActivityRecord{1ac2b07d u0 com.jamdeo.launcher/.app.BaseTileActivity t5153 f}
07-05 21:32:42.843 I/UsageStatsService( 1733): User[0] Flushing usage stats to disk
07-05 21:32:43.019 D/PowerManagerService( 1733): releaseWakeLockInternal: lock=681732318 [ActivityManager-Launch], flags=0x0
07-05 21:32:43.019 D/PowerManagerNotifier( 1733): onWakeLockReleased: flags=1, tag="ActivityManager-Launch", packageName=android, ownerUid=1000, ownerPid=1733, workSource=null
07-05 21:32:43.049 D/PowerManagerService( 1733): setScreenBrightnessOverrideFromWindowManagerInternal done
07-05 21:32:43.338 I/NetflixMonitorService( 1733): current fgapk : com.hisense.hicloud.edca
07-05 21:32:43.338 I/NetflixMonitorService( 1733): Netflix status unchanged
07-05 21:32:43.983 D/PowerManagerService( 1733): setScreenBrightnessOverrideFromWindowManagerInternal done
07-05 21:32:43.998 V/WindowManager( 1733): Adding window Window{27e3af36 u0 SurfaceView} at 10 of 19 (before Window{1b05561 u0 com.hisense.hicloud.edca/com.hisense.tvui.newhome.HomeMainActivity})
07-05 21:32:44.004 D/PowerManagerService( 1733): setScreenBrightnessOverrideFromWindowManagerInternal done
07-05 21:32:44.018 D/PowerManagerService( 1733): setScreenBrightnessOverrideFromWindowManagerInternal done
07-05 21:32:44.020 D/PowerManagerService( 1733): setScreenBrightnessOverrideFromWindowManagerInternal done
07-05 21:32:44.034 D/PowerManagerService( 1733): setScreenBrightnessOverrideFromWindowManagerInternal done
07-05 21:32:44.040 D/PowerManagerService( 1733): setScreenBrightnessOverrideFromWindowManagerInternal done
07-05 21:32:44.240 D/PowerManagerService( 1733): acquireWakeLockInternal: lock=113832109, flags=0x1, tag="NetworkStats", ws=null, uid=1000, pid=1733
07-05 21:32:44.240 D/PowerManagerNotifier( 1733): onWakeLockAcquired: flags=1, tag="NetworkStats", packageName=android, ownerUid=1000, ownerPid=1733, workSource=null
07-05 21:32:44.254 D/PowerManagerService( 1733): releaseWakeLockInternal: lock=113832109 [NetworkStats], flags=0x0
07-05 21:32:44.254 D/PowerManagerNotifier( 1733): onWakeLockReleased: flags=1, tag="NetworkStats", packageName=android, ownerUid=1000, ownerPid=1733, workSource=null
07-05 21:32:44.260 D/WifiService( 1733): New client listening to asynchronous messages
07-05 21:32:44.339 I/NetflixMonitorService( 1733): current fgapk : com.hisense.hicloud.edca
07-05 21:32:44.339 I/NetflixMonitorService( 1733): Netflix status unchanged
07-05 21:32:44.494 D/PowerManagerService( 1733): acquireWakeLockInternal: lock=1068730562, flags=0x1, tag="AudioMix", ws=null, uid=1013, pid=0
07-05 21:32:44.494 D/PowerManagerNotifier( 1733): onWakeLockAcquired: flags=1, tag="AudioMix", packageName=media, ownerUid=1013, ownerPid=0, workSource=null
07-05 21:32:44.494 D/PowerManagerService( 1733): acquireWakeLockInternal: lock=455640787, flags=0x1, tag="AudioMix", ws=null, uid=1013, pid=0
07-05 21:32:44.494 D/PowerManagerNotifier( 1733): onWakeLockAcquired: flags=1, tag="AudioMix", packageName=media, ownerUid=1013, ownerPid=0, workSource=null
07-05 21:32:44.495 D/PowerManagerService( 1733): updateWakeLockWorkSourceInternal: lock=1068730562 [AudioMix], ws=null
07-05 21:32:44.496 D/PowerManagerService( 1733): updateWakeLockWorkSourceInternal: lock=455640787 [AudioMix], ws=null
07-05 21:32:45.339 I/NetflixMonitorService( 1733): current fgapk : com.hisense.hicloud.edca
07-05 21:32:45.339 I/NetflixMonitorService( 1733): Netflix status unchanged
07-05 21:32:45.454 D/PowerManagerService( 1733): acquireWakeLockInternal: lock=113832109, flags=0x1, tag="NetworkStats", ws=null, uid=1000, pid=1733
07-05 21:32:45.454 D/PowerManagerNotifier( 1733): onWakeLockAcquired: flags=1, tag="NetworkStats", packageName=android, ownerUid=1000, ownerPid=1733, workSource=null
07-05 21:32:45.461 D/PowerManagerService( 1733): releaseWakeLockInternal: lock=113832109 [NetworkStats], flags=0x0
07-05 21:32:45.461 D/PowerManagerNotifier( 1733): onWakeLockReleased: flags=1, tag="NetworkStats", packageName=android, ownerUid=1000, ownerPid=1733, workSource=null
07-05 21:32:45.575 D/PowerManagerService( 1733): setScreenBrightnessOverrideFromWindowManagerInternal done
07-05 21:32:45.577 D/PowerManagerService( 1733): setScreenBrightnessOverrideFromWindowManagerInternal done
07-05 21:32:45.612 D/PowerManagerService( 1733): acquireWakeLockInternal: lock=487931605, flags=0x2000000a, tag="WindowManager", ws=WorkSource{10010}, uid=1000, pid=1733
07-05 21:32:45.612 D/PowerManagerNotifier( 1733): onWakeLockAcquired: flags=536870922, tag="WindowManager", packageName=android, ownerUid=1000, ownerPid=1733, workSource=WorkSource{10010}
07-05 21:32:45.612 D/PowerManagerService( 1733): setScreenBrightnessOverrideFromWindowManagerInternal done
07-05 21:32:46.340 I/NetflixMonitorService( 1733): current fgapk : com.hisense.hicloud.edca
07-05 21:32:46.340 I/NetflixMonitorService( 1733): Netflix status unchanged
07-05 21:32:46.453 D/PowerManagerService( 1733): acquireWakeLockInternal: lock=113832109, flags=0x1, tag="NetworkStats", ws=null, uid=1000, pid=1733
07-05 21:32:46.454 D/PowerManagerNotifier( 1733): onWakeLockAcquired: flags=1, tag="NetworkStats", packageName=android, ownerUid=1000, ownerPid=1733, workSource=null
07-05 21:32:46.475 D/PowerManagerService( 1733): releaseWakeLockInternal: lock=113832109 [NetworkStats], flags=0x0
07-05 21:32:46.475 D/PowerManagerNotifier( 1733): onWakeLockReleased: flags=1, tag="NetworkStats", packageName=android, ownerUid=1000, ownerPid=1733, workSource=null
--------- beginning of main
07-05 21:32:46.765 I/MyFragmentStateAdapter(32438): getCount
07-05 21:32:46.857 D/vsyncbridge( 1204): [0] handle_thread thread got msg 0x1, mState = 2
07-05 21:32:46.857 D/vsyncbridge( 1204): Overlay 0 state change from 2 to 3
07-05 21:32:46.858 D/vsyncbridge( 1204): VSYNC_BRIDGE_INIT clear dispQ
07-05 21:32:46.858 D/vsyncbridge( 1204): panelWidth = 3840, panelHeight = 2160, [3840 2160 600]
07-05 21:32:46.858 D/vsyncbridge( 1204): Display Path INIT END: 1
07-05 21:32:46.860 I/NuPlayerDecoder( 1206):  VSInitOver is true!!!
07-05 21:32:46.861 D/NuPlayer( 1206): video rendering start
07-05 21:32:46.861 W/MediaPlayer(32438): info/warning (3, 0)
07-05 21:32:46.864 V/AudioPolicyManager( 1206): DeviceVector::getDevice() for type 00008000 address 0 found 0x0
07-05 21:32:46.864 V/AudioPolicyManager( 1206): getOutput() device 2, stream 3, samplingRate 0, format 0, channelMask 3, flags 0
07-05 21:32:46.864 V/AudioPolicyManager( 1206): getOutput() returns output 2
07-05 21:32:46.864 V/AudioPolicyManager( 1206): DeviceVector::getDevice() for type 00008000 address 0 found 0x0
07-05 21:32:46.864 V/AudioPolicyManager( 1206): getOutput() device 2, stream 3, samplingRate 0, format 0, channelMask 3, flags 0
07-05 21:32:46.864 V/AudioPolicyManager( 1206): getOutput() returns output 2
07-05 21:32:46.864 V/AudioPolicyManager( 1206): getOutputForAttr() usage=1, content=2, tag= flags=00000000
07-05 21:32:46.864 V/AudioPolicyManager( 1206): DeviceVector::getDevice() for type 00008000 address 0 found 0x0
07-05 21:32:46.864 V/AudioPolicyManager( 1206): getOutputForAttr() device 0x2, samplingRate 44100, format 1, channelMask 3, flags 0
07-05 21:32:46.864 V/AudioPolicyManager( 1206): getOutput() returns output 2
07-05 21:32:46.864 V/AudioFlinger( 1206): createTrack() lSessionId: 327
07-05 21:32:46.864 V/AudioFlinger( 1206): acquiring 327 from 1206, for 32438
07-05 21:32:46.864 V/AudioFlinger( 1206):  incremented refcount to 2
07-05 21:32:46.864 V/AudioPolicyManager( 1206): startOutput() output 2, stream 3, session 327
07-05 21:32:46.864 V/AudioPolicyManager( 1206): setBeaconMute(1) mBeaconMuteRefCount=1 mBeaconPlayingRefCount=0
07-05 21:32:46.864 V/AudioPolicyManager( 1206): changeRefCount() stream 3, count 1
07-05 21:32:46.865 V/AudioPolicyManager( 1206): DeviceVector::getDevice() for type 00008000 address 0 found 0x0
07-05 21:32:46.865 V/AudioPolicyManager( 1206): getNewOutputDevice() selected device 2
07-05 21:32:46.865 V/AudioPolicyManager( 1206): setStreamVolumeIndex() stream 12, device 0002, index 15
07-05 21:32:46.865 V/AudioPolicyManager( 1206): setOutputDevice() output 2 device 0002 delayMs 0
07-05 21:32:46.865 V/AudioPolicyManager( 1206): setOutputDevice() prevDevice 0002
07-05 21:32:46.865 V/AudioPolicyManager( 1206): DeviceVector::getDevice() for type 00008000 address 0 found 0x0
07-05 21:32:46.865 V/AudioPolicyManager( 1206): DeviceVector::getDevice() for type 00008000 address 0 found 0x0
07-05 21:32:46.865 V/AudioPolicyManager( 1206): DeviceVector::getDevice() for type 00008000 address 0 found 0x0
07-05 21:32:46.865 V/AudioPolicyManager( 1206): DeviceVector::getDevice() for type 00008000 address 0 found 0x0
07-05 21:32:46.865 V/AudioPolicyManager( 1206): DeviceVector::getDevice() for type 00008000 address 0 found 0x0
07-05 21:32:46.865 V/AudioPolicyManager( 1206): DeviceVector::getDevice() for type 00008000 address 0 found 0x0
07-05 21:32:46.865 V/AudioPolicyManager( 1206): DeviceVector::getDevice() for type 00008000 address 0 found 0x0
07-05 21:32:46.865 V/AudioPolicyManager( 1206): setOutputDevice() changing device
07-05 21:32:46.865 V/AudioPolicyManager( 1206): DeviceVector::refreshTypes() mDeviceTypes 00000002
07-05 21:32:46.865 V/AudioPolicyManager( 1206): DeviceVector::getDevicesFromType() for type 2 found 0xf407cf00
07-05 21:32:46.866 E/audio_hw_primary( 1206): out_set_parameters: routing=2
07-05 21:32:46.866 V/AudioPolicyManager( 1206): setOutputDevice() createAudioPatch returned 0 patchHandle 328num_sources 1 num_sinks 1
07-05 21:32:46.866 V/AudioPolicyManager( 1206): checkAndSetVolume() cannot set stream 6 volume with force use = 0 for comm
07-05 21:32:46.866 V/AudioPolicyManager( 1206): DeviceVector::getDevice() for type 00008000 address 0 found 0x0
07-05 21:32:46.866 V/AudioPolicyManager( 1206): DeviceVector::getDevice() for type 00008000 address 0 found 0x0
07-05 21:32:46.866 V/AudioPolicyManager( 1206): DeviceVector::getDevice() for type 00008000 address 0 found 0x0
07-05 21:32:46.866 V/AudioPolicyManager( 1206): DeviceVector::getDevice() for type 00008000 address 0 found 0x0
07-05 21:32:46.866 V/AudioPolicyManager( 1206): DeviceVector::getDevice() for type 00008000 address 0 found 0x0
07-05 21:32:46.866 V/AudioPolicyManager( 1206): DeviceVector::getDevice() for type 00008000 address 0 found 0x0
07-05 21:32:46.866 V/AudioPolicyManager( 1206): DeviceVector::getDevice() for type 00008000 address 0 found 0x0
07-05 21:32:46.866 V/AudioPolicyManager( 1206): DeviceVector::getDevice() for type 00008000 address 0 found 0x0
07-05 21:32:46.867 W/NuPlayerRenderer( 1206): numFramesAvailableToWrite(7526), mAudioSink frameCount(7526), mAudioQueue size(2), numFramesPlayed(0), mNumFramesWritten(0)
07-05 21:32:46.867 D/NuPlayerRenderer( 1206): mAudioFirstAnchorTimeMediaUs from -1 change to 23219,mLastRenderAudioTimeUs -1,pendingDurationUs 0
07-05 21:32:46.877 D/PowerManagerService( 1733): updateWakeLockWorkSourceInternal: lock=1068730562 [AudioMix], ws=WorkSource{10010}
07-05 21:32:46.877 D/PowerManagerNotifier( 1733): onWakeLockReleased: flags=1, tag="AudioMix", packageName=media, ownerUid=1013, ownerPid=0, workSource=null
07-05 21:32:46.877 D/PowerManagerNotifier( 1733): onWakeLockAcquired: flags=1, tag="AudioMix", packageName=media, ownerUid=1013, ownerPid=0, workSource=WorkSource{10010}
07-05 21:32:46.878 D/Carousel-SimpleVideoView(32438): what=3, extra=0
07-05 21:32:46.881 D/vsyncbridge( 1204): [update_ds_table,  594] DispW:1632 DispH:920 
07-05 21:32:46.881 D/vsyncbridge( 1204): [update_ds_table,  598] Cap.x:1105 Cap.y:30 CapW:1920 CapH:1080 
07-05 21:32:46.881 D/vsyncbridge( 1204): [update_ds_table,  599] enInputSourceType:34 
07-05 21:32:46.881 D/vsyncbridge( 1204): [update_ds_table,  601] u16InputVTotal:2205  u16InputVFreq:240 
07-05 21:32:46.881 D/vsyncbridge( 1204): [update_ds_table,  603] bInterlace:0  u16DefaultHtotal:0 
07-05 21:32:46.881 D/vsyncbridge( 1204): [update_ds_table,  606] bPreHCusScaling:1  bPreVCusScaling:1 
07-05 21:32:46.881 D/vsyncbridge( 1204): [update_ds_table,  608] u16PreHCusScalingSrc:1920  u16PreHCusScalingDst:1920 
07-05 21:32:46.881 D/vsyncbridge( 1204): [update_ds_table,  610] u16PreVCusScalingSrc:1080  u16PreVCusScalingSrc:1080 
07-05 21:32:46.881 D/vsyncbridge( 1204): [update_ds_table,  613] bHCusScaling:0  bVCusScaling:0 
07-05 21:32:46.881 D/vsyncbridge( 1204): [update_ds_table,  615] u16HCusScalingSrc:1920  u16HCusScalingDst:1632 
07-05 21:32:46.881 D/vsyncbridge( 1204): [update_ds_table,  617] u16VCusScalingSrc:1084  u16VCusScalingDst:920 
07-05 21:32:46.881 D/vsyncbridge( 1204): vsync_bridge_CalAspectRatio type = 0
07-05 21:32:46.881 D/vsyncbridge( 1204): panel [3840 2160] osd [1920 1080] ratio [2.000000 2.000000]
07-05 21:32:46.881 D/vsyncbridge( 1204): apply ratio, x=1098, y=410, width=1632, height=920
07-05 21:32:46.881 D/vsyncbridge( 1204): disp_old[1098 410 2730 1330], disp_new[1098 410 2730 1330], crop[0 0 1920 1080]
07-05 21:32:46.881 D/vsyncbridge( 1204): [update_ds_table,  798] SW DS !!! 
07-05 21:32:46.881 D/vsyncbridge( 1204): [update_ds_table,  800] stXC_SetWin_Info.stCapWin.width1920  stXC_SetWin_Info.stCapWin.height:1080
07-05 21:32:46.881 D/vsyncbridge( 1204): [update_ds_table,  802] stXC_SetWin_Info.stCropWin.width1920  stXC_SetWin_Info.stCropWin.height:1080
07-05 21:32:46.881 D/vsyncbridge( 1204): [update_ds_table,  803] MApi_XC_GetDynamicScalingStatus():1 
07-05 21:32:46.882 D/        ( 1204): Alert: cannot get frameCount from IOCTL, eWindow=0! Fall back to original frame mode
07-05 21:32:46.882 D/        ( 1204): MVOP is 1P mode
07-05 21:32:46.882 D/        ( 1204): [_MDrv_SC_check_2p_mode][9405]u16Width=3840,u16Height=2160,u32Vfreqx10=240
07-05 21:32:46.885 D/vsyncbridge( 1204): Overlay[0] wait_disp_show W 2, R 1, Cur 255, wait time = 22ms
07-05 21:32:46.888 D/Carousel-log_video-(32438): onFirstFrame!
07-05 21:32:46.892 D/Carousel-log_video-(32438): handleFirstFramePlayLog isReplayState:false,mLogPlayState:1
07-05 21:32:46.892 D/Carousel-log_video-(32438): ==first frame log,duration:2389
07-05 21:32:46.893 D/Carousel-log_(32438): ===(Main-Video-278003)-{srccolumnid=3, eventType=278, srcgroupid=10001, appversionname=2.0.0.6, srctabid=0, duration=2389, license=hisense, eventcode=278003, deviceid=86100300900000500000060a4818fca8, mediaid=351, eventPos=003, sessionid=e8ebda4ba30344e28cff8d869926f4cd, srcpackagename=com.hisense.hicloud.edca, subscriberid=13287129, playactionuuid=1132417a-4b4c-4948-880f-bb5f427e06ed, version=2.1, devicemsg=LED50MU8600UC0000888, isall=0, customerid=7195320, srcrowid=0, srceventcode=280000}
07-05 21:32:46.932 W/System.err(32438): java.net.ConnectException: failed to connect to /10.18.210.112 (port 8900) after 6000ms: isConnected failed: ECONNREFUSED (Connection refused)
07-05 21:32:46.950 W/System.err(32438): 	at libcore.io.IoBridge.isConnected(IoBridge.java:238)
07-05 21:32:46.950 W/System.err(32438): 	at libcore.io.IoBridge.connectErrno(IoBridge.java:171)
07-05 21:32:46.950 W/System.err(32438): 	at libcore.io.IoBridge.connect(IoBridge.java:122)
07-05 21:32:46.950 W/System.err(32438): 	at java.net.PlainSocketImpl.connect(PlainSocketImpl.java:183)
07-05 21:32:46.950 W/System.err(32438): 	at java.net.PlainSocketImpl.connect(PlainSocketImpl.java:456)
07-05 21:32:46.950 W/System.err(32438): 	at java.net.Socket.connect(Socket.java:882)
07-05 21:32:46.950 W/System.err(32438): 	at com.android.okhttp.internal.Platform.connectSocket(Platform.java:174)
07-05 21:32:46.950 W/System.err(32438): 	at com.android.okhttp.Connection.connect(Connection.java:152)
07-05 21:32:46.951 W/System.err(32438): 	at com.android.okhttp.internal.http.HttpEngine.connect(HttpEngine.java:276)
07-05 21:32:46.951 W/System.err(32438): 	at com.android.okhttp.internal.http.HttpEngine.sendRequest(HttpEngine.java:211)
07-05 21:32:46.951 W/System.err(32438): 	at com.android.okhttp.internal.http.HttpURLConnectionImpl.execute(HttpURLConnectionImpl.java:382)
07-05 21:32:46.951 W/System.err(32438): 	at com.android.okhttp.internal.http.HttpURLConnectionImpl.connect(HttpURLConnectionImpl.java:106)
07-05 21:32:46.951 W/System.err(32438): 	at com.hisense.hitv.hicloud.util.ExceptionReport.a(ExceptionReport.java:337)
07-05 21:32:46.951 W/System.err(32438): 	at com.hisense.hitv.hicloud.util.ExceptionReport.a(ExceptionReport.java:39)
07-05 21:32:46.951 W/System.err(32438): 	at com.hisense.hitv.hicloud.util.ExceptionReport$1.run(ExceptionReport.java:83)
07-05 21:32:46.951 W/System.err(32438): 	at java.lang.Thread.run(Thread.java:818)
07-05 21:32:46.951 W/System.err(32438): Caused by: android.system.ErrnoException: isConnected failed: ECONNREFUSED (Connection refused)
07-05 21:32:46.951 W/System.err(32438): 	at libcore.io.IoBridge.isConnected(IoBridge.java:223)
07-05 21:32:46.951 W/System.err(32438): 	... 15 more
07-05 21:32:46.977 D/OkHttp  (32438): <-- HTTP FAILED: java.net.SocketTimeoutException: timeout
07-05 21:32:47.009 D/HttpHandler(32438): RetryIntercepter-->retryNum=0
07-05 21:32:47.009 D/HttpHandler(32438): RetryIntercepter-->backoffmutiplier=0
07-05 21:32:47.049 D/DtvSourcePlugin-DVBC(15961): Setting the EPG Updater state to: WAIT
07-05 21:32:47.070 I/MiSysSrv( 1214): [37m[INFO] Change to Voltage: 117 mv (0x32)[m
07-05 21:32:47.150 D/MSTAR_VDEC_DBG( 1206): Stream ID: 0, Rate : 9 (E:0,D:0,S:0,F:27) 
07-05 21:32:47.169 I/MiSysSrv( 1214): [37m[INFO] Change to Voltage: 117 mv (0x32)[m
07-05 21:32:47.247 I/TVMW@HsTvSetting( 1234): Trace cmd, data = 0x1058
07-05 21:32:47.247 D/til@system( 2026): til_get_system_param option:100002F int:0, bool:0, ret:0
07-05 21:32:47.248 I/TVMW@HsTvSetting( 1234): Trace cmd, data = 0x101f
07-05 21:32:47.248 D/til@system( 2026): til_get_system_param option:100001D int:3, bool:3, ret:0
07-05 21:32:47.248 E/til     ( 2026): [til_get_current_input_source, 101] 
07-05 21:32:47.248 I/TVMW@HsTvSetting( 1234): Trace cmd, data = 0x7007
07-05 21:32:47.248 I/tilwrapper@sm( 2026): HS2TIL_SourceType *hs=0xd, *til=0x900
07-05 21:32:47.248 D/til     ( 2026): get current source 2304
07-05 21:32:47.248 D/SourceRemoteServiceHandler( 2026): getCurrentInputSource.from.til.result is 0, value is 2304
07-05 21:32:47.248 D/SourceRemoteServiceHandler( 2026): getInputSourceType source: 0x900, type=2304
07-05 21:32:47.248 D/til     ( 2026): ###### func:til_get_picture_param option:0x3000006 ######  
07-05 21:32:47.249 I/TVMW@HsTvSetting( 1234): Trace cmd, data = 0x1003
07-05 21:32:47.249 I/TVMW@HsTvSetting( 1234): Trace cmd, data = 0x8032
07-05 21:32:47.249 I/hstvos  ( 1216): [0m[1;33m[HSHAL][HS_VIDEO][HS_HAL_Video_SetOsdDetect_v2][2389]u16Threshold = 20
07-05 21:32:47.250 E/TVMW@videoctrl( 1234):  getOsd is 1
07-05 21:32:47.250 D/til@system( 2026): til_get_system_param option:1000027 int:1, bool:1, ret:0
07-05 21:32:47.250 D/til     ( 2026): ###### func:til_get_picture_param option:0x3000045 ######  
07-05 21:32:47.250 I/TVMW@HsTvSetting( 1234): Trace cmd, data = 0x300c
07-05 21:32:47.250 I/TVMW@HsTvSetting( 1234): Trace 3d, data = 0x300c
07-05 21:32:47.250 I/TVMW@3d ( 1234): Hs_debug3d_trace: func:get3dStatus, line:109
07-05 21:32:47.296 D/PowerManagerService( 1733): acquireWakeLockInternal: lock=113832109, flags=0x1, tag="NetworkStats", ws=null, uid=1000, pid=1733
07-05 21:32:47.296 D/PowerManagerNotifier( 1733): onWakeLockAcquired: flags=1, tag="NetworkStats", packageName=android, ownerUid=1000, ownerPid=1733, workSource=null
07-05 21:32:47.296 D/NtpTrustedTime( 1733): currentTimeMillis() cache hit
07-05 21:32:47.308 D/NtpTrustedTime( 1733): currentTimeMillis() cache hit
07-05 21:32:47.309 D/NtpTrustedTime( 1733): currentTimeMillis() cache hit
07-05 21:32:47.309 D/NtpTrustedTime( 1733): currentTimeMillis() cache hit
07-05 21:32:47.309 D/PowerManagerService( 1733): releaseWakeLockInternal: lock=113832109 [NetworkStats], flags=0x0
07-05 21:32:47.309 D/PowerManagerNotifier( 1733): onWakeLockReleased: flags=1, tag="NetworkStats", packageName=android, ownerUid=1000, ownerPid=1733, workSource=null
07-05 21:32:47.340 I/NetflixMonitorService( 1733): current fgapk : com.hisense.hicloud.edca
07-05 21:32:47.340 I/NetflixMonitorService( 1733): Netflix status unchanged
07-05 21:32:47.369 I/MiSysSrv( 1214): [37m[INFO] Change to Voltage: 117 mv (0x32)[m
07-05 21:32:47.448 I/TVMW@devctrl( 1234): wdt
07-05 21:32:47.472 I/MiSysSrv( 1214): [37m[INFO] Change to Voltage: 107 mv (0x28)[m
07-05 21:32:47.499 D/MC_MEMORY(16055): max: 256.261888 Mb, heap: 10.10784 Mb, allocated: 9.9572 Mb, free: 1.1211 Mb, native heap: 12.12276 Mb, native allocated: 8.8352 Mb, native free: 3.3924 Mb
07-05 21:32:47.499 D/PowerManagerService( 1733): releaseWakeLockInternal: lock=455640787 [AudioMix], flags=0x0
07-05 21:32:47.500 D/PowerManagerNotifier( 1733): onWakeLockReleased: flags=1, tag="AudioMix", packageName=media, ownerUid=1013, ownerPid=0, workSource=null
07-05 21:32:47.570 I/MiSysSrv( 1214): [37m[INFO] Change to Voltage: 117 mv (0x32)[m
07-05 21:32:47.573 E/btif_config( 2964): [btif_config_get] node is TRUE!
07-05 21:32:47.573 E/btif_config( 2964): [btif_config_get] ret is TRUE!
07-05 21:32:47.579 I/MyFragmentStateAdapter(32438): getCount
07-05 21:32:47.663 I/MyFragmentStateAdapter(32438): getCount
07-05 21:32:47.695 I/HLSP2P  (16224): ## 2017-07-05 21:32:47.645 [16224,16378,:0] INFO ## [HLSP2P][TaskManager.cpp:838][INFO][UpdateGlobalInfo]totalDataSize: 0, totalMemorySize: 0, totalCacheSize: 0, PlayTaskAllFinish: 0
07-05 21:32:47.729 I/MyFragmentStateAdapter(32438): getCount
07-05 21:32:47.733 I/HLSP2P  (16224): ## 2017-07-05 21:32:47.733 [16224,16378,:0] INFO ## [HLSP2P][TaskManager.cpp:1348][INFO][TryAdjustMemorySize]system memory total size: 1912M, free size: 343MB, cache add to 100MB, AppState: 14, IsLowMemory: 0
07-05 21:32:47.751 I/TVMW@HsTvSetting( 1234): Trace cmd, data = 0x1058
07-05 21:32:47.751 D/til@system( 2026): til_get_system_param option:100002F int:0, bool:0, ret:0
07-05 21:32:47.752 I/TVMW@HsTvSetting( 1234): Trace cmd, data = 0x101f
07-05 21:32:47.752 D/til@system( 2026): til_get_system_param option:100001D int:3, bool:3, ret:0
07-05 21:32:47.752 E/til     ( 2026): [til_get_current_input_source, 101] 
07-05 21:32:47.752 I/TVMW@HsTvSetting( 1234): Trace cmd, data = 0x7007
07-05 21:32:47.752 I/tilwrapper@sm( 2026): HS2TIL_SourceType *hs=0xd, *til=0x900
07-05 21:32:47.752 D/til     ( 2026): get current source 2304
07-05 21:32:47.753 D/SourceRemoteServiceHandler( 2026): getCurrentInputSource.from.til.result is 0, value is 2304
07-05 21:32:47.753 D/SourceRemoteServiceHandler( 2026): getInputSourceType source: 0x900, type=2304
07-05 21:32:47.753 D/til     ( 2026): ###### func:til_get_picture_param option:0x3000006 ######  
07-05 21:32:47.753 I/TVMW@HsTvSetting( 1234): Trace cmd, data = 0x1003
07-05 21:32:47.754 I/TVMW@HsTvSetting( 1234): Trace cmd, data = 0x8032
07-05 21:32:47.754 I/hstvos  ( 1216): [0m[1;33m[HSHAL][HS_VIDEO][HS_HAL_Video_SetOsdDetect_v2][2389]u16Threshold = 20
07-05 21:32:47.754 E/TVMW@videoctrl( 1234):  getOsd is 1
07-05 21:32:47.754 D/til@system( 2026): til_get_system_param option:1000027 int:1, bool:1, ret:0
07-05 21:32:47.755 D/til     ( 2026): ###### func:til_get_picture_param option:0x3000045 ######  
07-05 21:32:47.755 I/TVMW@HsTvSetting( 1234): Trace cmd, data = 0x300c
07-05 21:32:47.755 I/TVMW@HsTvSetting( 1234): Trace 3d, data = 0x300c
07-05 21:32:47.755 I/TVMW@3d ( 1234): Hs_debug3d_trace: func:get3dStatus, line:109
07-05 21:32:47.810 I/MyFragmentStateAdapter(32438): getCount
07-05 21:32:47.888 I/MyFragmentStateAdapter(32438): getCount
07-05 21:32:47.930 I/MyFragmentStateAdapter(32438): getCount
07-05 21:32:47.961 I/MyFragmentStateAdapter(32438): getCount
07-05 21:32:47.987 I/MyFragmentStateAdapter(32438): getCount
07-05 21:32:48.013 I/MyFragmentStateAdapter(32438): getCount
07-05 21:32:48.050 I/MyFragmentStateAdapter(32438): getCount
07-05 21:32:48.069 I/MiSysSrv( 1214): [37m[INFO] Change to Voltage: 117 mv (0x32)[m
07-05 21:32:48.075 I/MyFragmentStateAdapter(32438): getCount
07-05 21:32:48.109 I/MyFragmentStateAdapter(32438): getCount
07-05 21:32:48.144 D/PowerManagerService( 1733): acquireWakeLockInternal: lock=113832109, flags=0x1, tag="NetworkStats", ws=null, uid=1000, pid=1733
07-05 21:32:48.144 D/PowerManagerNotifier( 1733): onWakeLockAcquired: flags=1, tag="NetworkStats", packageName=android, ownerUid=1000, ownerPid=1733, workSource=null
07-05 21:32:48.144 D/NtpTrustedTime( 1733): currentTimeMillis() cache hit
07-05 21:32:48.148 I/MyFragmentStateAdapter(32438): getCount
07-05 21:32:48.155 D/MSTAR_VDEC_DBG( 1206): Stream ID: 0, Rate : 23 (E:0,D:0,S:0,F:51) 
07-05 21:32:48.159 D/NtpTrustedTime( 1733): currentTimeMillis() cache hit
07-05 21:32:48.170 D/NtpTrustedTime( 1733): currentTimeMillis() cache hit
07-05 21:32:48.170 D/NtpTrustedTime( 1733): currentTimeMillis() cache hit
07-05 21:32:48.170 I/MiSysSrv( 1214): [37m[INFO] Change to Voltage: 117 mv (0x32)[m
07-05 21:32:48.171 D/PowerManagerService( 1733): releaseWakeLockInternal: lock=113832109 [NetworkStats], flags=0x0
07-05 21:32:48.171 D/PowerManagerNotifier( 1733): onWakeLockReleased: flags=1, tag="NetworkStats", packageName=android, ownerUid=1000, ownerPid=1733, workSource=null
07-05 21:32:48.180 I/MyFragmentStateAdapter(32438): getCount
07-05 21:32:48.206 I/MyFragmentStateAdapter(32438): getCount
07-05 21:32:48.231 I/MyFragmentStateAdapter(32438): getCount
07-05 21:32:48.256 I/TVMW@HsTvSetting( 1234): Trace cmd, data = 0x1058
07-05 21:32:48.257 D/til@system( 2026): til_get_system_param option:100002F int:0, bool:0, ret:0
07-05 21:32:48.258 I/TVMW@HsTvSetting( 1234): Trace cmd, data = 0x101f
07-05 21:32:48.258 D/til@system( 2026): til_get_system_param option:100001D int:3, bool:3, ret:0
07-05 21:32:48.258 E/til     ( 2026): [til_get_current_input_source, 101] 
07-05 21:32:48.259 I/TVMW@HsTvSetting( 1234): Trace cmd, data = 0x7007
07-05 21:32:48.259 I/tilwrapper@sm( 2026): HS2TIL_SourceType *hs=0xd, *til=0x900
07-05 21:32:48.259 D/til     ( 2026): get current source 2304
07-05 21:32:48.259 D/SourceRemoteServiceHandler( 2026): getCurrentInputSource.from.til.result is 0, value is 2304
07-05 21:32:48.259 D/SourceRemoteServiceHandler( 2026): getInputSourceType source: 0x900, type=2304
07-05 21:32:48.259 D/til     ( 2026): ###### func:til_get_picture_param option:0x3000006 ######  
07-05 21:32:48.259 I/TVMW@HsTvSetting( 1234): Trace cmd, data = 0x1003
07-05 21:32:48.260 I/TVMW@HsTvSetting( 1234): Trace cmd, data = 0x8032
07-05 21:32:48.260 I/hstvos  ( 1216): [0m[1;33m[HSHAL][HS_VIDEO][HS_HAL_Video_SetOsdDetect_v2][2389]u16Threshold = 20
07-05 21:32:48.263 E/TVMW@videoctrl( 1234):  getOsd is 1
07-05 21:32:48.264 D/til@system( 2026): til_get_system_param option:1000027 int:1, bool:1, ret:0
07-05 21:32:48.264 D/til     ( 2026): ###### func:til_get_picture_param option:0x3000045 ######  
07-05 21:32:48.264 I/TVMW@HsTvSetting( 1234): Trace cmd, data = 0x300c
07-05 21:32:48.264 I/TVMW@HsTvSetting( 1234): Trace 3d, data = 0x300c
07-05 21:32:48.264 I/TVMW@3d ( 1234): Hs_debug3d_trace: func:get3dStatus, line:109
07-05 21:32:48.267 I/MyFragmentStateAdapter(32438): getCount
07-05 21:32:48.269 I/MiSysSrv( 1214): [37m[INFO] Change to Voltage: 112 mv (0x2D)[m
07-05 21:32:48.297 I/MyFragmentStateAdapter(32438): getCount
07-05 21:32:48.328 I/MyFragmentStateAdapter(32438): getCount
07-05 21:32:48.340 I/NetflixMonitorService( 1733): current fgapk : com.hisense.hicloud.edca
07-05 21:32:48.340 I/NetflixMonitorService( 1733): Netflix status unchanged
07-05 21:32:48.349 I/TVMW@devctrl( 1234): wdt
07-05 21:32:48.357 I/MyFragmentStateAdapter(32438): getCount
07-05 21:32:48.388 I/MyFragmentStateAdapter(32438): getCount
07-05 21:32:48.420 I/MyFragmentStateAdapter(32438): getCount
07-05 21:32:48.448 I/MyFragmentStateAdapter(32438): getCount
07-05 21:32:48.480 I/MyFragmentStateAdapter(32438): getCount
07-05 21:32:48.509 I/MyFragmentStateAdapter(32438): getCount
07-05 21:32:48.529 I/MyFragmentStateAdapter(32438): getCount
07-05 21:32:48.560 I/MyFragmentStateAdapter(32438): getCount
07-05 21:32:48.572 I/MiSysSrv( 1214): [37m[INFO] Change to Voltage: 102 mv (0x23)[m
