07-06 00:55:49.391 D/JamdeoActivityStackSupervisor( 1733): get currentSiloName
07-06 00:55:49.391 I/ActivityManager( 1733): START u0 {flg=0x14000000 cmp=com.hisense.hicloud.edca/.mediaplayer.activity.DetailPlayActivity (has extras)} from uid 10010 on display 0
07-06 00:55:49.394 D/PowerManagerService( 1733): setScreenBrightnessOverrideFromWindowManagerInternal done
07-06 00:55:49.397 D/PowerManagerService( 1733): setScreenBrightnessOverrideFromWindowManagerInternal done
07-06 00:55:49.399 V/WindowManager( 1733): addAppToken: AppWindowToken{ac8edf4 token=Token{3d8083c7 ActivityRecord{35f25106 u0 com.hisense.hicloud.edca/.mediaplayer.activity.DetailPlayActivity t5560}}} to stack=296 task=5560 at 1
07-06 00:55:49.399 I/UsageStatsService( 1733): paused component:com.hisense.hicloud.edca
07-06 00:55:49.399 V/UsageStatsService( 1733): Paused: 22590970   Component: com.hisense.hicloud.edca/com.hisense.tvui.newhome.HomeMainActivity   Time: 1499273749399 LastSessionTime: 13852 CumulativeSessionTime: 10450673
07-06 00:55:49.399 D/UsageStatsService( 1733): UsageStats: broadcasting intent
07-06 00:55:49.400 W/ContextImpl( 1733): Calling a method in the system process without a qualified user: android.app.ContextImpl.sendBroadcast:1327 com.android.server.usage.UsageStatsService.insertUsageStats:1104 com.android.server.usage.UsageStatsService$PkgUsageStatsExtended.updatePause:979 com.android.server.usage.UsageStatsService$LocalService.notePauseComponent:808 com.android.server.am.ActivityManagerService.updateUsageStats:3173 
07-06 00:55:49.400 D/UsageStatsService( 1733): User[0] Got usage event for com.hisense.hicloud.edca[1499273749399]: MOVE_TO_BACKGROUND
07-06 00:55:49.401 D/PowerManagerService( 1733): acquireWakeLockInternal: lock=681732318, flags=0x1, tag="ActivityManager-Launch", ws=null, uid=1000, pid=1733
07-06 00:55:49.401 D/PowerManagerNotifier( 1733): onWakeLockAcquired: flags=1, tag="ActivityManager-Launch", packageName=android, ownerUid=1000, ownerPid=1733, workSource=null
07-06 00:55:49.429 I/NetflixMonitorService( 1733): current fgapk : com.hisense.hicloud.edca
07-06 00:55:49.429 I/NetflixMonitorService( 1733): Netflix status unchanged
07-06 00:55:49.461 I/UsageStatsService( 1733): resumed component name is ComponentInfo{com.hisense.hicloud.edca/com.hisense.hicloud.edca.mediaplayer.activity.DetailPlayActivity}
07-06 00:55:49.461 I/UsageStatsService( 1733): started component:com.hisense.hicloud.edca
07-06 00:55:49.461 V/UsageStatsService( 1733): Resumed: 22591033   Component: com.hisense.hicloud.edca/com.hisense.hicloud.edca.mediaplayer.activity.DetailPlayActivity   Time: 1499273749461 VersionCode: 652   LastUpdateTime: 1499256171569
07-06 00:55:49.461 D/UsageStatsService( 1733): UsageStats: broadcasting intent
07-06 00:55:49.462 W/ContextImpl( 1733): Calling a method in the system process without a qualified user: android.app.ContextImpl.sendBroadcast:1327 com.android.server.usage.UsageStatsService.insertUsageStats:1104 com.android.server.usage.UsageStatsService$PkgUsageStatsExtended.updateResume:962 com.android.server.usage.UsageStatsService$LocalService.noteResumeComponent:759 com.android.server.am.ActivityManagerService.updateUsageStats:3164 
07-06 00:55:49.468 D/PowerManagerService( 1733): setScreenBrightnessOverrideFromWindowManagerInternal done
07-06 00:55:49.469 I/ActivityManager( 1733): TR16) TaskRecord{21ee8370 #5560 A=com.hisense.hicloud.edca U=0 sz=2}
07-06 00:55:49.469 I/ActivityManager( 1733): TR15) TaskRecord{cd10cea #4980 A=com.jamdeo.launcher U=0 sz=1}
07-06 00:55:49.470 V/ActivityManager( 1733): set mstar.EnterOpaqueUI false
07-06 00:55:49.683 D/UsageStatsService( 1733): User[0] Got usage event for com.hisense.hicloud.edca[1499273749461]: MOVE_TO_FOREGROUND
07-06 00:55:49.787 V/WindowManager( 1733): Adding window Window{a04ddb u0 com.hisense.hicloud.edca/com.hisense.hicloud.edca.mediaplayer.activity.DetailPlayActivity} at 12 of 20 (after Window{2c47cadf u0 com.hisense.hicloud.edca/com.hisense.tvui.newhome.HomeMainActivity})
07-06 00:55:49.838 D/PowerManagerService( 1733): setScreenBrightnessOverrideFromWindowManagerInternal done
07-06 00:55:49.840 D/PowerManagerService( 1733): setScreenBrightnessOverrideFromWindowManagerInternal done
07-06 00:55:49.914 D/PowerManagerService( 1733): setScreenBrightnessOverrideFromWindowManagerInternal done
07-06 00:55:49.916 D/PowerManagerService( 1733): setScreenBrightnessOverrideFromWindowManagerInternal done
07-06 00:55:49.923 D/PowerManagerService( 1733): setScreenBrightnessOverrideFromWindowManagerInternal done
07-06 00:55:49.927 D/PowerManagerService( 1733): setScreenBrightnessOverrideFromWindowManagerInternal done
07-06 00:55:49.965 D/PowerManagerService( 1733): setScreenBrightnessOverrideFromWindowManagerInternal done
07-06 00:55:49.973 D/PowerManagerService( 1733): releaseWakeLockInternal: lock=681732318 [ActivityManager-Launch], flags=0x0
07-06 00:55:49.973 D/PowerManagerNotifier( 1733): onWakeLockReleased: flags=1, tag="ActivityManager-Launch", packageName=android, ownerUid=1000, ownerPid=1733, workSource=null
07-06 00:55:50.345 D/PowerManagerService( 1733): setScreenBrightnessOverrideFromWindowManagerInternal done
07-06 00:55:50.347 D/PowerManagerService( 1733): setScreenBrightnessOverrideFromWindowManagerInternal done
07-06 00:55:50.356 D/PowerManagerService( 1733): setScreenBrightnessOverrideFromWindowManagerInternal done
07-06 00:55:50.410 D/PowerManagerService( 1733): setScreenBrightnessOverrideFromWindowManagerInternal done
07-06 00:55:50.430 I/NetflixMonitorService( 1733): current fgapk : com.hisense.hicloud.edca
07-06 00:55:50.430 I/NetflixMonitorService( 1733): Netflix status unchanged
07-06 00:55:50.472 D/GlobalInputEventMonitoringService( 1733): interceptKeyBeforeQueueing(), event:111, mNeedMonitorKeyEvent:true, mWaitForKeyUpEvent:false
07-06 00:55:50.472 D/GlobalInputEventMonitoringService( 1733): processKeyEvent(), processKeyEvent event:111
07-06 00:55:50.472 D/PowerManagerService( 1733): userActivityNoUpdateLocked: eventTime=22592041, event=1, flags=0x0, uid=1000
07-06 00:55:50.492 D/WindowManager( 1733): Unhandled key: win=Window{a04ddb u0 com.hisense.hicloud.edca/com.hisense.hicloud.edca.mediaplayer.activity.DetailPlayActivity}, action=0, flags=0, keyCode=111, scanCode=0, metaState=0, repeatCount=0, policyFlags=1795162112
07-06 00:55:50.492 D/WindowManager( 1733): Fallback: keyCode=4 metaState=0
07-06 00:56:28.102 D/ActivityStackUtils( 1733): startActivityOnStack - intent: Intent { act=com.jamdeo.launcher.BASE_TILE flg=0x100 (has extras) }, on stackId: 297
07-06 00:56:28.102 I/ActivityManager( 1733): START u0 {act=com.jamdeo.launcher.BASE_TILE flg=0x18010000 cmp=com.jamdeo.launcher/.app.BaseTileActivity (has extras)} from uid 1000 on display 0
07-06 00:56:28.105 V/WindowManager( 1733): addAppToken: AppWindowToken{366373c6 token=Token{3b1115a1 ActivityRecord{868fa08 u0 com.jamdeo.launcher/.app.BaseTileActivity t5561}}} to stack=297 task=5561 at 0
07-06 00:56:28.139 V/WindowManager( 1733): Adding window Window{d72dd23 u0 Starting com.jamdeo.launcher} at 10 of 19 (after Window{2bde3bec u0 GlobalPanel})
07-06 00:56:28.140 I/UsageStatsService( 1733): paused component:com.jamdeo.launcher
--------- beginning of main
07-06 00:56:38.317 D/til@system( 2026): til_get_system_param option:100002F int:0, bool:0, ret:0
07-06 00:56:38.317 I/TVMW@HsTvSetting( 1234): Trace cmd, data = 0x101f
07-06 00:56:38.317 D/til@system( 2026): til_get_system_param option:100001D int:3, bool:3, ret:0
07-06 00:56:38.317 E/til     ( 2026): [til_get_current_input_source, 101] 
07-06 00:56:38.317 D/MyLocalStartService( 5648): currentName is :com.hisense.hicloud.edca
07-06 00:56:38.724 D/OkHttp  (16597): Server: nginx
07-06 00:56:38.724 D/OkHttp  (16597): Content-Type: image/png
07-06 00:56:38.724 D/OkHttp  (16597): Content-Length: 2555
07-06 00:56:38.724 D/OkHttp  (16597): Last-Modified: Wed, 28 Jun 2017 12:19:16 GMT
07-06 00:56:38.724 D/OkHttp  (16597): ETag: "59539ec4-9fb"
07-06 00:56:38.724 D/OkHttp  (16597): Accept-Ranges: bytes
07-06 00:56:38.724 D/OkHttp  (16597): Age: 196752
07-06 00:56:38.724 D/OkHttp  (16597): Via: 1.1 jn239:1 (Cdn Cache Server V2.0)[0 200 0], 1.1 nwangtong95:0 (Cdn Cache Server V2.0)[0 200 0]
07-06 00:56:38.724 D/OkHttp  (16597): Connection: keep-alive
07-06 00:56:38.724 D/OkHttp  (16597): <-- END HTTP
07-06 00:56:38.725 D/HttpHandler(16597): DNSHelper-->httpDnsParser=["153.35.175.120","125.46.22.134","36.33.158.222","218.58.206.58","123.128.14.209","153.35.175.121","220.202.77.124"]
07-06 00:56:38.725 D/OkHttp  (16597): <-- 200 OK http://118.178.149.42/d?device_id=86100300900000500000060a4818fca8&host=b5d1d96093f9d07d386917b5d3b91cdcb031311b90271792b45951b69dc9c054dc862a7c9178ba82684e325a98b554b4&last= (178ms)
07-06 00:56:38.725 D/OkHttp  (16597): Server: openresty
07-06 00:56:38.725 D/OkHttp  (16597): Date: Wed, 05 Jul 2017 16:56:38 GMT
07-06 00:56:38.725 D/OkHttp  (16597): Content-Type: application/octet-stream
07-06 00:56:38.725 D/OkHttp  (16597): Transfer-Encoding: chunked
07-06 00:56:38.725 D/OkHttp  (16597): Connection: close
07-06 00:56:38.725 D/OkHttp  (16597): <-- END HTTP
07-06 00:56:38.730 I/MtaSDK  ( 3457): [pool-3-thread-1(120): null:-1] - sendFailedCount=0
07-06 00:56:38.730 I/MtaSDK  ( 3457): [pool-3-thread-1(120): null:-1] - strategy=INSTANT
07-06 00:56:38.731 I/MtaSDK  ( 3457): [pool-6-thread-1(137): null:-1] - [http://omgmta.play.t002.ottcn.com:80/mstat/report/?index=1499252338]Send request(1098bytes), content:[{"ky":"IZ663AV9QUDV|A33MIA2NCC9X","et":1000,"ui":"971538425","mc":"94:e9:79:c9:61:df","ut":1,"av":"3.2.2.1.20","ch":"10022","mid":"0488a487ec390a254c7e97ec9e5081eb70eedf3c","idx":165150,"si":1191072233,"ts":1499273798,"dts":0,"os":1,"ov":"22","md":"VIDAA_TV","jb":0,"mf":"Hisense","ei":"unisdk_auto_get_app_run_list","kv":{"all_sdk_vers":"shell_versCode: 3010, shell_vers: 2.3.0.10, plugin_sdk_versCode: 3010, player_sdk_vers: V4.6.000.11330","live_time":"2100","pull_from":"590603","report_system_time":"1499273798727","from_app_pkg":"com.jamdeo.tv.vod","guid":"0838E29E00E081E142ED046B5695AE5D","kt_userid":"","vuserid":"","appid":"101226103","vusession":"","main_login":"","eth_mac":"a8:a6:48:18:fc:a8","qua":"QV=1&PR=VIDEO&PT=HISENSE&CHID=10022&RL=1920*1080&VN=3.2.2&VN_CODE=1000000771&SV=5.1.1&DV=MSD6A828&VN_BUILD=1.20&MD=VIDAA_TV&BD=phoenix&MF=VIDAA_TV&TVKPlatform=590603&PluginInfo=2.3.0.10_3010","openid":"","kt_login":"","access_token":"","forground_app":"com.jamdeo.tv.vod","kt_license_account":"","apk_name":"com.jamdeo.tv.vod","last_run_app":"com.jamdeo.tv.vod","report_span":"300"}}]
07-06 00:56:38.731 D/HttpHandler(16597): RetryIntercepter-->retryNum=0
07-06 00:56:38.732 D/MtaSDK  ( 3457): [pool-6-thread-1(137): null:-1] - before Gzip:1098 bytes, after Gzip:684 bytes
07-06 00:56:38.735 I/HttpDNS ( 3457): ## 2017-07-06 00:56:38.734 [3457,3602,:0] INFO ## [HttpDNS]resolveHost, isSupport: true, host: omgmta.play.t002.ottcn.com
07-06 00:56:38.736 D/HttpHandler(16597): RetryIntercepter-->backoffmutiplier=0
07-06 00:56:38.736 I/HttpDNS ( 3457): ## 2017-07-06 00:56:38.735 [3457,3602,:0] INFO ## [HttpDNS]over TTL's 0.75, request new ip, interval: 600200ms, ttl: 599000ms
07-06 00:56:38.736 I/HttpDNSService( 3457): ## 2017-07-06 00:56:38.736 [3457,3602,:0] INFO ## [HttpDNSService]renew cached ip, host: omgmta.play.t002.ottcn.com
07-06 00:56:38.738 I/HttpDNS ( 3457): ## 2017-07-06 00:56:38.736 [3457,5152,:0] INFO ## [HttpDNS]resolveHost, isSupport: true, host: omgmta.play.t002.ottcn.com
07-06 00:56:38.739 I/HttpDNS ( 3457): ## 2017-07-06 00:56:38.738 [3457,3602,:0] INFO ## [HttpDNS][httpdns] resolve: omgmta.play.t002.ottcn.com=>111.161.111.109, 3.1ms
07-06 00:56:38.740 I/MtaSDK  ( 3457): [pool-3-thread-1(120): null:-1] - sendFailedCount=0
07-06 00:56:38.740 I/MtaSDK  ( 3457): [pool-3-thread-1(120): null:-1] - strategy=INSTANT
07-06 00:56:38.741 I/MtaSdkUtils( 3457): ## 2017-07-06 00:56:38.739 [3457,3602,:0] INFO ## [MtaSdkUtils]sBiz == ktcp_video.HISENSE.httpdns, level == 4, iSta == 1008, errmsg == errtype1008&errcode13&guid=0838E29E00E081E142ED046B5695AE5D&qua=QV=1&PR=VIDEO&PT=HISENSE&CHID=10022&RL=1920*1080&VN=3.2.2&VN_CODE=1000000771&SV=5.1.1&DV=MSD6A828&VN_BUILD=1.20&MD=VIDAA_TV&BD=phoenix&MF=VIDAA_TV&TVKPlatform=590603&PluginInfo=2.3.0.10_3010&cid=&vid=&matchId=&pid=&domain=&ip=&row=-1&box=-1&key=&all_sdk_versshell_versCode: 3010, shell_vers: 2.3.0.10, plugin_sdk_versCode: 3010, player_sdk_vers: V4.6.000.11330&des=HttpDNS_RESOLVE_COST_TIME&properties={ip=111.161.111.109, host=omgmta.play.t002.ottcn.com, elapse=3.1}
07-06 00:56:38.744 D/HttpHandler(16597): DNSRetryIntercepter-->checkData=dbbf03a0e59a5c14094df6af108b323caa9131b974de442deeabe3f12e56e530dc8aba71ca8bbdbf2c79323d9c0cc4adfddf0bb95ebfa509f7c453a0400676bad38803b648d22376e405abfc2f95a9e7ba246cfe750a5ea729b2f7ce589439f24122e734bc9ebda980a15e053c40537829f11c97795572ab1cdb019129f581f62c5fbd36a7fab73ab9c8187f3c1460586c7dc9092591649b627d3fb0a37c5cdda78624541e84864a9a0a5413214a03388a7357052089d000341a42ebe38905e9dbd9e365fb583fc11a3246cbbbb1f586e14c2b1ea002e8cd89bbe482aa26784200cedb36c5bb575dd34b70dc00de870f3e4e0590ab695664d2b92a401207b67928d563c5e514268e289bac8f99bfa06ae3ffd49af326820edd145dc9d03e0fc9a00d740a0cfe2d2b7cd4b7f8a126a64b
07-06 00:56:38.745 D/OkHttp  (16597): --> GET http://picture.edu.hismarttv.com/images/20170628111759213347.png http/1.1
07-06 00:56:38.745 D/OkHttp  (16597): Host: picture.edu.hismarttv.com
07-06 00:56:38.745 D/OkHttp  (16597): Connection: Keep-Alive
07-06 00:56:38.745 D/OkHttp  (16597): Accept-Encoding: gzip
07-06 00:56:38.745 D/OkHttp  (16597): User-Agent: okhttp/3.6.0
07-06 00:56:38.745 D/OkHttp  (16597): --> END GET
07-06 00:56:38.747 D/HttpHandler(16597): DNSHelper-->gslbDnsresult={"timestamp":1499273798,"msg":"","data":{"lbgs.hismarttv.com":{"ips":["118.178.149.42","139.217.11.211"],"ttl":3600},"picture.edu.hismarttv.com":{"ips":["36.33.158.222","218.58.206.58","123.128.14.209","153.35.175.121","220.202.77.124","153.35.175.120","125.46.22.134"],"ttl":300}},"retCode":"0"}
07-06 00:56:38.748 D/OkHttp  (16597): --> GET http://picture.edu.hismarttv.com/images/20170628111857828826.png http/1.1
07-06 00:56:38.748 D/OkHttp  (16597): Host: picture.edu.hismarttv.com
07-06 00:56:38.748 D/OkHttp  (16597): Connection: Keep-Alive
07-06 00:56:38.748 I/System.out(16597):  remove duplicate [118.178.149.42, 139.217.11.211]
07-06 00:56:38.748 D/OkHttp  (16597): Accept-Encoding: gzip
07-06 00:56:38.748 D/OkHttp  (16597): User-Agent: okhttp/3.6.0
07-06 00:56:38.748 D/OkHttp  (16597): --> END GET
07-06 00:56:38.756 D/HttpHandler(16597): DNSHelper-->httpDnsParser=["36.33.158.222","218.58.206.58","123.128.14.209","153.35.175.121","220.202.77.124","153.35.175.120","125.46.22.134"]
07-06 00:56:38.766 D/OkHttp  (16597): <-- 200 OK http://picture.edu.hismarttv.com/images/20170628111759213347.png (20ms)
07-06 00:56:38.766 D/OkHttp  (16597): Date: Mon, 03 Jul 2017 10:05:17 GMT
07-06 00:56:38.766 D/OkHttp  (16597): Server: nginx
07-06 00:56:38.766 D/OkHttp  (16597): Content-Type: image/png
07-06 00:56:38.766 D/OkHttp  (16597): Content-Length: 2518
07-06 00:56:38.766 D/OkHttp  (16597): Last-Modified: Wed, 28 Jun 2017 11:17:59 GMT
07-06 00:56:38.766 D/OkHttp  (16597): ETag: "59539067-9d6"
07-06 00:56:38.767 D/OkHttp  (16597): Accept-Ranges: bytes
07-06 00:56:38.767 D/OkHttp  (16597): Age: 197481
07-06 00:56:38.767 D/OkHttp  (16597): Via: 1.1 pingwangtong47:3 (Cdn Cache Server V2.0)[0 200 0], 1.1 t93:0 (Cdn Cache Server V2.0)[0 200 0]
07-06 00:56:38.767 D/OkHttp  (16597): Connection: keep-alive
07-06 00:56:38.767 D/OkHttp  (16597): <-- END HTTP
07-06 00:56:38.770 D/OkHttp  (16597): <-- 200 OK http://picture.edu.hismarttv.com/images/20170628111857828826.png (21ms)
07-06 00:56:38.770 D/OkHttp  (16597): Date: Mon, 03 Jul 2017 10:05:17 GMT
07-06 00:56:38.770 D/OkHttp  (16597): Server: nginx
07-06 00:56:38.773 D/OkHttp  (16597): Content-Type: image/png
07-06 00:56:38.773 D/OkHttp  (16597): Content-Length: 2318
07-06 00:56:38.773 D/OkHttp  (16597): Last-Modified: Wed, 28 Jun 2017 11:18:57 GMT
07-06 00:56:38.773 D/OkHttp  (16597): ETag: "595390a1-90e"
07-06 00:56:38.773 D/OkHttp  (16597): Accept-Ranges: bytes
07-06 00:56:38.773 D/OkHttp  (16597): Age: 197481
07-06 00:56:38.773 D/OkHttp  (16597): Via: 1.1 pingwangtong52:8 (Cdn Cache Server V2.0)[0 200 0], 1.1 t85:3 (Cdn Cache Server V2.0)[0 200 0]
07-06 00:56:38.773 D/OkHttp  (16597): Connection: keep-alive
07-06 00:56:38.773 D/OkHttp  (16597): <-- END HTTP
07-06 00:56:38.774 D/HttpHandler(16597): VerifySignInterCeptor-->request.url()=http://picture.edu.hismarttv.com/images/20170628111836879100.png
07-06 00:56:38.774 D/HttpHandler(16597): VerifySignInterCeptor-->hostname=picture.edu.hismarttv.com
07-06 00:56:38.775 D/OkHttp  (16597): --> GET http://picture.edu.hismarttv.com/images/20170628111836879100.png http/1.1
07-06 00:56:38.775 D/OkHttp  (16597): Host: picture.edu.hismarttv.com
07-06 00:56:38.775 D/OkHttp  (16597): Connection: Keep-Alive
07-06 00:56:38.775 D/OkHttp  (16597): Accept-Encoding: gzip
07-06 00:56:38.775 D/OkHttp  (16597): User-Agent: okhttp/3.6.0
07-06 00:56:38.775 D/OkHttp  (16597): --> END GET
07-06 00:56:38.776 D/HttpHandler(16597): RetryIntercepter-->retryNum=0
07-06 00:56:38.776 D/HttpHandler(16597): RetryIntercepter-->backoffmutiplier=0
07-06 00:56:38.780 D/OkHttp  (16597): --> GET http://picture.edu.hismarttv.com/images/20170628111729989045.png http/1.1
07-06 00:56:38.780 D/OkHttp  (16597): Host: picture.edu.hismarttv.com
07-06 00:56:38.780 D/OkHttp  (16597): Connection: Keep-Alive
07-06 00:56:38.780 D/OkHttp  (16597): Accept-Encoding: gzip
07-06 00:56:38.780 D/OkHttp  (16597): User-Agent: okhttp/3.6.0
07-06 00:56:38.780 D/OkHttp  (16597): --> END GET
07-06 00:56:38.785 D/HttpHandler(16597): RetryIntercepter-->retryNum=0
07-06 00:56:38.785 D/HttpHandler(16597): RetryIntercepter-->backoffmutiplier=0
07-06 00:56:38.788 D/OkHttp  (16597): <-- 200 OK http://picture.edu.hismarttv.com/images/20170628111836879100.png (12ms)
07-06 00:56:38.788 D/OkHttp  (16597): Date: Mon, 03 Jul 2017 10:50:26 GMT
07-06 00:56:38.788 D/OkHttp  (16597): Server: nginx
07-06 00:56:38.788 D/OkHttp  (16597): Content-Type: image/png
07-06 00:56:38.788 D/OkHttp  (16597): Content-Length: 2420
07-06 00:56:38.789 D/OkHttp  (16597): Last-Modified: Wed, 28 Jun 2017 11:18:36 GMT
07-06 00:56:38.789 D/OkHttp  (16597): ETag: "5953908c-974"
07-06 00:56:38.789 D/OkHttp  (16597): Accept-Ranges: bytes
07-06 00:56:38.789 D/OkHttp  (16597): Age: 194772
07-06 00:56:38.789 D/OkHttp  (16597): Via: 1.1 hewangtong168:6 (Cdn Cache Server V2.0)[0 200 0], 1.1 anwangtong96:0 (Cdn Cache Server V2.0)[0 200 0]
07-06 00:56:38.789 D/OkHttp  (16597): Connection: keep-alive
07-06 00:56:38.789 D/OkHttp  (16597): <-- END HTTP
07-06 00:56:38.795 D/HttpHandler(16597): RetryIntercepter-->retryNum=0
07-06 00:56:38.795 D/HttpHandler(16597): RetryIntercepter-->backoffmutiplier=0
07-06 00:56:38.801 D/HttpHandler(16597): VerifySignInterCeptor-->request.url()=http://picture.edu.hismarttv.com/images/20170628115357740238.png
07-06 00:56:38.802 D/HttpHandler(16597): VerifySignInterCeptor-->hostname=picture.edu.hismarttv.com
07-06 00:56:38.809 D/OkHttp  (16597): <-- 200 OK http://picture.edu.hismarttv.com/images/20170628111729989045.png (28ms)
07-06 00:56:38.809 D/OkHttp  (16597): Date: Wed, 05 Jul 2017 14:11:51 GMT
07-06 00:56:38.809 D/OkHttp  (16597): Server: nginx
07-06 00:56:38.809 D/OkHttp  (16597): Content-Type: image/png
07-06 00:56:38.809 D/OkHttp  (16597): Content-Length: 2752
07-06 00:56:38.809 D/OkHttp  (16597): Last-Modified: Wed, 28 Jun 2017 11:17:29 GMT
07-06 00:56:38.809 D/OkHttp  (16597): ETag: "59539049-ac0"
07-06 00:56:38.809 D/OkHttp  (16597): Accept-Ranges: bytes
07-06 00:56:38.809 D/OkHttp  (16597): Age: 9887
07-06 00:56:38.809 D/OkHttp  (16597): Via: 1.1 zhiwangtong173:3 (Cdn Cache Server V2.0)[0 200 0], 1.1 PSahmaswt2yw211:7 (Cdn Cache Server V2.0)[0 200 0]
07-06 00:56:38.809 D/OkHttp  (16597): Connection: keep-alive
07-06 00:56:38.809 D/OkHttp  (16597): <-- END HTTP
07-06 00:56:38.811 D/HttpHandler(16597): RetryIntercepter-->retryNum=0
07-06 00:56:38.811 D/HttpHandler(16597): RetryIntercepter-->backoffmutiplier=0
07-06 00:56:38.811 D/HttpHandler(16597): VerifySignInterCeptor-->request.url()=http://picture.edu.hismarttv.com/images/20170628115302475663.png
07-06 00:56:38.811 D/HttpHandler(16597): VerifySignInterCeptor-->hostname=picture.edu.hismarttv.com
07-06 00:56:38.812 D/OkHttp  (16597): --> GET http://picture.edu.hismarttv.com/images/20170628115302475663.png http/1.1
07-06 00:56:38.812 D/OkHttp  (16597): Host: picture.edu.hismarttv.com
07-06 00:56:38.812 D/OkHttp  (16597): Connection: Keep-Alive
07-06 00:56:38.812 D/OkHttp  (16597): Accept-Encoding: gzip
07-06 00:56:38.812 D/OkHttp  (16597): User-Agent: okhttp/3.6.0
07-06 00:56:38.812 D/OkHttp  (16597): --> END GET
07-06 00:56:38.819 D/OkHttp  (16597): --> GET http://picture.edu.hismarttv.com/images/20170628115357740238.png http/1.1
07-06 00:56:38.819 D/OkHttp  (16597): Host: picture.edu.hismarttv.com
07-06 00:56:38.819 D/OkHttp  (16597): Connection: Keep-Alive
07-06 00:56:38.819 D/OkHttp  (16597): Accept-Encoding: gzip
07-06 00:56:38.819 D/OkHttp  (16597): User-Agent: okhttp/3.6.0
07-06 00:56:38.819 D/OkHttp  (16597): --> END GET
07-06 00:56:38.829 D/OkHttp  (16597): <-- 200 OK http://picture.edu.hismarttv.com/images/20170628115302475663.png (16ms)
07-06 00:56:38.829 D/OkHttp  (16597): Date: Mon, 03 Jul 2017 10:50:26 GMT
07-06 00:56:38.829 D/OkHttp  (16597): Server: nginx
07-06 00:56:38.829 D/OkHttp  (16597): Content-Type: image/png
07-06 00:56:38.829 D/OkHttp  (16597): Content-Length: 2527
07-06 00:56:38.829 D/OkHttp  (16597): Last-Modified: Wed, 28 Jun 2017 11:53:02 GMT
07-06 00:56:38.829 D/OkHttp  (16597): ETag: "5953989e-9df"
07-06 00:56:38.829 D/OkHttp  (16597): Accept-Ranges: bytes
07-06 00:56:38.829 D/OkHttp  (16597): Age: 194772
07-06 00:56:38.829 D/OkHttp  (16597): Via: 1.1 jn241:2 (Cdn Cache Server V2.0)[0 200 0], 1.1 nwangtong98:4 (Cdn Cache Server V2.0)[0 200 0]
07-06 00:56:38.829 D/OkHttp  (16597): Connection: keep-alive
07-06 00:56:38.829 D/OkHttp  (16597): <-- END HTTP
07-06 00:56:38.830 I/TVMW@HsTvSetting( 1234): Trace cmd, data = 0x1058
07-06 00:56:38.830 D/til@system( 2026): til_get_system_param option:100002F int:0, bool:0, ret:0
07-06 00:56:38.831 I/TVMW@HsTvSetting( 1234): Trace cmd, data = 0x101f
07-06 00:56:38.831 D/til@system( 2026): til_get_system_param option:100001D int:3, bool:3, ret:0
07-06 00:56:38.831 E/til     ( 2026): [til_get_current_input_source, 101] 
07-06 00:56:38.831 I/TVMW@HsTvSetting( 1234): Trace cmd, data = 0x7007
07-06 00:56:38.831 I/tilwrapper@sm( 2026): HS2TIL_SourceType *hs=0xd, *til=0x900
07-06 00:56:38.831 D/til     ( 2026): get current source 2304
07-06 00:56:38.831 D/SourceRemoteServiceHandler( 2026): getCurrentInputSource.from.til.result is 0, value is 2304
07-06 00:56:38.831 D/SourceRemoteServiceHandler( 2026): getInputSourceType source: 0x900, type=2304
07-06 00:56:38.831 D/til     ( 2026): ###### func:til_get_picture_param option:0x3000006 ######  
07-06 00:56:38.831 I/TVMW@HsTvSetting( 1234): Trace cmd, data = 0x1003
07-06 00:56:38.832 I/TVMW@HsTvSetting( 1234): Trace cmd, data = 0x8032
07-06 00:56:38.832 I/hstvos  ( 1216): [0m[1;33m[HSHAL][HS_VIDEO][HS_HAL_Video_SetOsdDetect_v2][2389]u16Threshold = 20
07-06 00:56:38.832 I/MiSysSrv( 1214): Not support now! 42, change to mm_video!!!
07-06 00:56:38.832 E/TVMW@videoctrl( 1234):  getOsd is 1
07-06 00:56:38.833 D/til@system( 2026): til_get_system_param option:1000027 int:1, bool:1, ret:0
07-06 00:56:38.833 D/til     ( 2026): ###### func:til_get_picture_param option:0x3000045 ######  
07-06 00:56:38.833 I/TVMW@HsTvSetting( 1234): Trace cmd, data = 0x300c
07-06 00:56:38.833 I/TVMW@HsTvSetting( 1234): Trace 3d, data = 0x300c
07-06 00:56:38.833 I/TVMW@3d ( 1234): Hs_debug3d_trace: func:get3dStatus, line:109
07-06 00:56:38.837 D/HttpHandler(16597): RetryIntercepter-->retryNum=0
07-06 00:56:38.837 D/HttpHandler(16597): RetryIntercepter-->backoffmutiplier=0
07-06 00:56:38.842 D/OkHttp  (16597): <-- 200 OK http://picture.edu.hismarttv.com/images/20170628115357740238.png (23ms)
07-06 00:56:38.842 D/OkHttp  (16597): Date: Tue, 04 Jul 2017 02:10:40 GMT
07-06 00:56:38.842 D/OkHttp  (16597): Server: nginx
07-06 00:56:38.842 D/OkHttp  (16597): Content-Type: image/png
07-06 00:56:38.842 D/OkHttp  (16597): Content-Length: 2204
07-06 00:56:38.842 D/OkHttp  (16597): Last-Modified: Wed, 28 Jun 2017 11:53:57 GMT
07-06 00:56:38.842 D/OkHttp  (16597): ETag: "595398d5-89c"
07-06 00:56:38.842 D/OkHttp  (16597): Accept-Ranges: bytes
07-06 00:56:38.842 D/OkHttp  (16597): Age: 139558
07-06 00:56:38.842 D/OkHttp  (16597): Via: 1.1 pingwangtong52:0 (Cdn Cache Server V2.0)[15 200 0], 1.1 angtong92:2 (Cdn Cache Server V2.0)[0 200 0]
07-06 00:56:38.844 D/OkHttp  (16597): Connection: keep-alive
07-06 00:56:38.844 D/OkHttp  (16597): <-- END HTTP
07-06 00:56:38.850 D/NativeDecimalFormat(16597): NativeDecimalFormat_close print addr=3997602048
07-06 00:56:38.851 D/NativeDecimalFormat(16597): NativeDecimalFormat_close print g_addr=3997602816
07-06 00:56:38.851 D/NativeDecimalFormat(16597): NativeDecimalFormat_close print addr=3997602816
07-06 00:56:38.851 D/NativeDecimalFormat(16597): NativeDecimalFormat_close print g_addr=3997602816
07-06 00:56:38.860 D/HttpHandler(16597): RetryIntercepter-->retryNum=0
07-06 00:56:38.860 D/HttpHandler(16597): RetryIntercepter-->backoffmutiplier=0
07-06 00:56:38.864 I/MtaSDK  ( 3457): [pool-6-thread-1(137): null:-1] - http recv response status code:200, content length:29
07-06 00:56:38.868 I/MtaSDK  ( 3457): [pool-6-thread-1(137): null:-1] - http get response data:{"ret":0}
07-06 00:56:38.869 I/MtaSDK  ( 3457): [pool-6-thread-1(137): null:-1] - [http://omgmta.play.t002.ottcn.com:80/mstat/report/?index=1499252339]Send request(1350bytes), content:[{"ky":"IZ663AV9QUDV|A33MIA2NCC9X","et":1000,"ui":"971538425","mc":"94:e9:79:c9:61:df","ut":1,"av":"3.2.2.1.20","ch":"10022","mid":"0488a487ec390a254c7e97ec9e5081eb70eedf3c","idx":165151,"si":1191072233,"ts":1499273798,"dts":0,"os":1,"ov":"22","md":"VIDAA_TV","jb":0,"mf":"Hisense","ei":"unisdk_error_feedback","kv":{"pull_from":10000,"srcfile":"","sOp":"","guid":"0838E29E00E081E142ED046B5695AE5D","func":"3.2.2.1.20","pname":"com.jamdeo.tv.vod","eth_mac":"a8:a6:48:18:fc:a8","qua":"QV=1&PR=VIDEO&PT=HISENSE&CHID=10022&RL=1920*1080&VN=3.2.2&VN_CODE=1000000771&SV=5.1.1&DV=MSD6A828&VN_BUILD=1.20&MD=VIDAA_TV&BD=phoenix&MF=VIDAA_TV&TVKPlatform=590603&PluginInfo=2.3.0.10_3010","iSta":"1008","sIp":"219.147.31.2","errmsg":"errtype1008&errcode13&guid=0838E29E00E081E142ED046B5695AE5D&qua=QV=1&PR=VIDEO&PT=HISENSE&CHID=10022&RL=1920*1080&VN=3.2.2&VN_CODE=1000000771&SV=5.1.1&DV=MSD6A828&VN_BUILD=1.20&MD=VIDAA_TV&BD=phoenix&MF=VIDAA_TV&TVKPlatform=590603&PluginInfo=2.3.0.10_3010&cid=&vid=&matchId=&pid=&domain=&ip=&row=-1&box=-1&key=&all_sdk_versshell_versCode: 3010, shell_vers: 2.3.0.10, plugin_sdk_versCode: 3010, player_sdk_vers: V4.6.000.11330&des=HttpDNS_RESOLVE_COST_TIME&properties={ip=111.161.111.109, host=omgmta.play.t002.ottcn.com, elapse=3.1}","apk_name":"com.jamdeo.tv.vod","sBiz":"ktcp_video.HISENSE.httpdns","level":"4","srcline":"13"}}]
07-06 00:56:38.870 D/MtaSDK  ( 3457): [pool-6-thread-1(137): null:-1] - before Gzip:1350 bytes, after Gzip:769 bytes
07-06 00:56:38.938 D/OsdMonitorService( 1733): mCurrentWindow = com.hisense.hicloud.edca/com.hisense.tvui.newhome.HomeMainActivity; newWindow = com.hisense.hicloud.edca/com.hisense.tvui.newhome.HomeMainActivity; isSubWindow = false; isInWinList = false; isExitNow = false
07-06 00:56:38.939 D/OsdMonitorService( 1733): windowNotOsd() : name = com.hisense.hicloud.edca/com.hisense.tvui.newhome.HomeMainActivity
07-06 00:56:38.939 I/OsdMonitorService( 1733): setOsdStatus() : status will change from true to true
07-06 00:56:38.940 D/PowerManagerService( 1733): setScreenBrightnessOverrideFromWindowManagerInternal done
07-06 00:56:38.942 D/PowerManagerService( 1733): setScreenBrightnessOverrideFromWindowManagerInternal done
07-06 00:56:38.955 D/PowerManagerService( 1733): setScreenBrightnessOverrideFromWindowManagerInternal done
07-06 00:56:38.969 I/MtaSDK  ( 3457): [pool-6-thread-1(137): null:-1] - http recv response status code:200, content length:29
07-06 00:56:38.970 I/MtaSDK  ( 3457): [pool-6-thread-1(137): null:-1] - http get response data:{"ret":0}
07-06 00:56:38.986 D/hwcomposer( 1204): lastHWWindowInfo is dirty
07-06 00:56:39.066 E/ContentValues(16597): refreshNetStatus: 
07-06 00:56:39.069 E/ContentValues(16597): refreshNetStatus: 
07-06 00:56:39.071 E/CommonHeader(16597): setNetStatusIcon: 30002
07-06 00:56:39.071 E/ContentValues(16597): refreshNetStatus: 
07-06 00:56:39.075 D/CommonHeader(16597): SLOVEN setPlaceInfo place---city::---
07-06 00:56:39.075 D/HeaderServiceManager(16597): adding listener com.hisense.tvui.newhome.view.header.view.CommonHeader$HeaderWeatherInfoListener@2b3c0d72
07-06 00:56:39.075 D/BaseContentFragment(16597): header logoone open
07-06 00:56:39.075 D/CommonHeader(16597): onTabStatusChanged tabstatus===>:40001
07-06 00:56:39.081 I/dex2oat (16682): dex2oat took 3.296s (threads: 4) arena alloc=80KB java alloc=10MB native alloc=5MB free=6MB
07-06 00:56:39.090 I/Utils   (16597): getScreenSize() SCREEN_WIDTH = 1920, SCREEN_HEIGHT = 1080, DENSITY = 2.0
07-06 00:56:39.091 D/FirstLineAdapter(16597): tiles6
07-06 00:56:39.092 I/FirstLineAdapter(16597): canShowTrailer,isOffline=false
07-06 00:56:39.092 I/SpecialFirstView(16597): setData ,canshowtrailer:true
07-06 00:56:39.093 I/FirstLineAdapter(16597): onAttachedToRecyclerView 
07-06 00:56:39.094 I/size    (16597): size=10
07-06 00:56:39.096 I/RoleContentFragment(16597): set recyclerview adapter
07-06 00:56:39.096 I/RoleContentFragment(16597): has not get  recommand data
07-06 00:56:39.096 I/HomeDataPresenter(16597): getRecommandData(): channelId = 0RoleContentFragment217881825
07-06 00:56:39.096 I/HttpDnsUtils(16597): get favorite tag 
07-06 00:56:39.097 I/HttpDnsUtils(16597): getRecommandData: http://api.edu.hismarttv.com/usercenter/api/individualize_data?devid=86100300900000500000060a4818fca8&customerId=7195320&subscriberId=13287129&ChannelId=0&tags=&version_id=6&region_name=%E6%9D%AD%E5%B7%9E
07-06 00:56:39.098 D/til@system( 2026): til_get_system_param option:1000007 int:-1936523008, bool:0, ret:0
07-06 00:56:39.101 D/til@system( 2026): til_get_system_param option:1000009 int:-1815634176, bool:0, ret:0
07-06 00:56:39.102 W/PluginProviderBuilder(16597): createDexClassLoader() return dalvik.system.DexClassLoader[DexPathList[[zip file "/data/data/com.hisense.hicloud.edca/files/plugin/2.1.0.59986/pluginplayer/1.64.0.59984/pluginplayer-release-1.64.0.59984.apk"],nativeLibraryDirectories=[/vendor/lib, /system/lib]]]
07-06 00:56:39.102 D/til@system( 2026): til_get_system_param option:1000008 int:-1936522368, bool:128, ret:0
07-06 00:56:39.102 D/HttpBuilder(16597): getOperationDetail-productName : LED50MU8600UC
07-06 00:56:39.102 D/HttpBuilder(16597): getOperationDetail-plmNumber : 88888
07-06 00:56:39.102 D/HttpBuilder(16597): getOperationDetail-swVersion : V0000.00.01A
07-06 00:56:39.102 D/HttpBuilder(16597): getOperationDetail-operationDetail : LED50MU8600UC0000888
07-06 00:56:39.105 W/ContextClassLoaderSwitcher(16597): ClassLoaderSwitcher doSwitch(com.hisense.hicloud.edca.BaseApplication@2adbac5c, dalvik.system.DexClassLoader[DexPathList[[zip file "/data/data/com.hisense.hicloud.edca/files/plugin/2.1.0.59986/pluginplayer/1.64.0.59984/pluginplayer-release-1.64.0.59984.apk"],nativeLibraryDirectories=[/vendor/lib, /system/lib]]])
07-06 00:56:39.106 W/ObjectMethodHolder(16597): >> invoke() mMethodName=getBaseContext, mCached=false, mCacheValue=true, mMethod=null
07-06 00:56:39.109 W/ObjectMethodHolder(16597): << invoke() mMethodName=getBaseContext, mCached=true, mCacheValue=true, mMethod=public android.content.Context android.content.ContextWrapper.getBaseContext() return android.app.ContextImpl{android.app.ContextImpl@23036179}
07-06 00:56:39.110 W/ObjectMethodHolder(16597): >> invoke() mMethodName=getClassLoader, mCached=false, mCacheValue=true, mMethod=null
07-06 00:56:39.110 W/ObjectMethodHolder(16597): << invoke() mMethodName=getClassLoader, mCached=true, mCacheValue=true, mMethod=public java.lang.ClassLoader android.app.LoadedApk.getClassLoader() return dalvik.system.PathClassLoader{dalvik.system.PathClassLoader[DexPathList[[zip file "/data/app/com.hisense.hicloud.edca-2/base.apk"],nativeLibraryDirectories=[/data/app/com.hisense.hicloud.edca-2/lib/arm, /vendor/lib, /system/lib]]]}
07-06 00:56:39.111 W/PluginProviderBuilder(16597): createPluginContext() return /data/app/com.hisense.hicloud.edca-2/base.apk
07-06 00:56:39.114 I/HttpDNSService( 3457): ## 2017-07-06 00:56:39.113 [3457,5152,:0] INFO ## [HttpDNSService]http request, success: true, elapse: 41ms, result: {code: 0, responseCode: 200, result: 111.161.111.109,527, throwable: null}, Response{protocol=http/1.1, code=200, message=OK, url=http://119.29.29.29/d?dn=omgmta.play.t002.ottcn.com&ttl=1}
07-06 00:56:39.116 I/HttpDNS ( 3457): ## 2017-07-06 00:56:39.116 [3457,5152,:0] INFO ## [HttpDNS]resolveDns done, elapse: 377, result: {code: 0, responseCode: 200, result: 111.161.111.109,527, throwable: null}
07-06 00:56:39.120 I/MtaSdkUtils( 3457): ## 2017-07-06 00:56:39.119 [3457,5152,:0] INFO ## [MtaSdkUtils]sBiz == ktcp_video.HISENSE.httpdns, level == 4, iSta == 1008, errmsg == errtype1008&errcode8&guid=0838E29E00E081E142ED046B5695AE5D&qua=QV=1&PR=VIDEO&PT=HISENSE&CHID=10022&RL=1920*1080&VN=3.2.2&VN_CODE=1000000771&SV=5.1.1&DV=MSD6A828&VN_BUILD=1.20&MD=VIDAA_TV&BD=phoenix&MF=VIDAA_TV&TVKPlatform=590603&PluginInfo=2.3.0.10_3010&cid=&vid=&matchId=&pid=&domain=&ip=&row=-1&box=-1&key=&all_sdk_versshell_versCode: 3010, shell_vers: 2.3.0.10, plugin_sdk_versCode: 3010, player_sdk_vers: V4.6.000.11330&des=HttpDNS_RESOLVE_SUCCESS&properties={result=111.161.111.109,527, host=omgmta.play.t002.ottcn.com, url=http://119.29.29.29/d?dn=omgmta.play.t002.ottcn.com&ttl=1, elapse=377}
07-06 00:56:39.120 I/MtaSDK  ( 3457): [pool-3-thread-1(120): null:-1] - sendFailedCount=0
07-06 00:56:39.121 I/MtaSDK  ( 3457): [pool-3-thread-1(120): null:-1] - strategy=INSTANT
07-06 00:56:39.131 I/HttpBuilder(16597): addUrlPublicParams mUrl ==>http://api.edu.hismarttv.com/usercenter/api/individualize_data?devid=86100300900000500000060a4818fca8&customerId=7195320&subscriberId=13287129&ChannelId=0&tags=&version_id=6&region_name=%E6%9D%AD%E5%B7%9E&uuid=13287129&mac=a8:a6:48:18:fc:a8&model_id=0&APPPackage=com.hisense.hicloud.edca&PFAPPCode=652&APPVersionName=3.0.0.9.00&softwareVersion=LED50MU8600UC0000888&tv_distribute_id=00&devType=0&APIVersion=600&accessToken=72DF6038D2AEAB8A76DFBBBBCC428A4A_003679021069824
07-06 00:56:39.131 I/RoleContentFragment(16597): real get recommand data
07-06 00:56:39.131 I/RoleContentFragment(16597): setBackGround ,isVisible=true,hasload=true
07-06 00:56:39.131 I/Util    (16597): memory : total=1912,limit=1024
07-06 00:56:39.132 I/BaseContentFragment(16597): hideLoadingView
07-06 00:56:39.132 I/RoleContentFragment(16597): getServiceData: 0
07-06 00:56:39.132 I/HiNetworkImpl(16597): doHttp_Asyn(): onSuccess clazz = class com.hisense.sdk.domain.DetailVipInfo, back from thread: main
07-06 00:56:39.132 I/MtaSDK  ( 3457): [pool-6-thread-1(137): null:-1] - [http://omgmta.play.t002.ottcn.com:80/mstat/report/?index=1499252340]Send request(1420bytes), content:[{"ky":"IZ663AV9QUDV|A33MIA2NCC9X","et":1000,"ui":"971538425","mc":"94:e9:79:c9:61:df","ut":1,"av":"3.2.2.1.20","ch":"10022","mid":"0488a487ec390a254c7e97ec9e5081eb70eedf3c","idx":165152,"si":1191072233,"ts":1499273799,"dts":0,"os":1,"ov":"22","md":"VIDAA_TV","jb":0,"mf":"Hisense","ei":"unisdk_error_feedback","kv":{"pull_from":10000,"srcfile":"","sOp":"","guid":"0838E29E00E081E142ED046B5695AE5D","func":"3.2.2.1.20","pname":"com.jamdeo.tv.vod","eth_mac":"a8:a6:48:18:fc:a8","qua":"QV=1&PR=VIDEO&PT=HISENSE&CHID=10022&RL=1920*1080&VN=3.2.2&VN_CODE=1000000771&SV=5.1.1&DV=MSD6A828&VN_BUILD=1.20&MD=VIDAA_TV&BD=phoenix&MF=VIDAA_TV&TVKPlatform=590603&PluginInfo=2.3.0.10_3010","iSta":"1008","sIp":"219.147.31.2","errmsg":"errtype1008&errcode8&guid=0838E29E00E081E142ED046B5695AE5D&qua=QV=1&PR=VIDEO&PT=HISENSE&CHID=10022&RL=1920*1080&VN=3.2.2&VN_CODE=1000000771&SV=5.1.1&DV=MSD6A828&VN_BUILD=1.20&MD=VIDAA_TV&BD=phoenix&MF=VIDAA_TV&TVKPlatform=590603&PluginInfo=2.3.0.10_3010&cid=&vid=&matchId=&pid=&domain=&ip=&row=-1&box=-1&key=&all_sdk_versshell_versCode: 3010, shell_vers: 2.3.0.10, plugin_sdk_versCode: 3010, player_sdk_vers: V4.6.000.11330&des=HttpDNS_RESOLVE_SUCCESS&properties={result=111.161.111.109,527, host=omgmta.play.t002.ottcn.com, url=http:\/\/119.29.29.29\/d?dn=omgmta.play.t002.ottcn.com&ttl=1, elapse=377}","apk_name":"com.jamdeo.tv.vod","sBiz":"ktcp_video.HISENSE.httpdns","level":"4","srcline":"8"}}]
07-06 00:56:39.132 D/HttpHandler(16597): VerifySignInterCeptor-->request.url()=http://api.edu.hismarttv.com/usercenter/api/individualize_data?devid=86100300900000500000060a4818fca8&customerId=7195320&subscriberId=13287129&ChannelId=0&tags=&version_id=6&region_name=%E6%9D%AD%E5%B7%9E&uuid=13287129&mac=a8:a6:48:18:fc:a8&model_id=0&APPPackage=com.hisense.hicloud.edca&PFAPPCode=652&APPVersionName=3.0.0.9.00&softwareVersion=LED50MU8600UC0000888&tv_distribute_id=00&devType=0&APIVersion=600&accessToken=72DF6038D2AEAB8A76DFBBBBCC428A4A_003679021069824
07-06 00:56:39.132 D/HttpHandler(16597): VerifySignInterCeptor-->hostname=api.edu.hismarttv.com
07-06 00:56:39.133 D/MtaSDK  ( 3457): [pool-6-thread-1(137): null:-1] - before Gzip:1420 bytes, after Gzip:803 bytes
07-06 00:56:39.133 D/HttpHandler(16597): HttpDNS-->hostname=api.edu.hismarttv.com
07-06 00:56:39.133 W/HomeMainActivity(16597): sunliqin  get user has bought vip failed 
07-06 00:56:39.135 D/HttpHandler(16597): RAMCache-->hostInfo.getClientTimeStamp()=22636507
07-06 00:56:39.135 D/HttpHandler(16597): RAMCache-->hostInfo.getTtl()=3600
07-06 00:56:39.135 D/HttpHandler(16597): RAMCache-->SystemClock.elapsedRealtime()=22640707
07-06 00:56:39.138 I/HiNetworkImpl(16597): doHttp_Asyn(): onSuccess clazz = class com.hisense.sdk.domain.SearchResult, back from thread: main
07-06 00:56:39.138 I/RefreshPaidListUits(16597): -----------------------RefreshPaidListUits  ==0
07-06 00:56:39.141 D/TabView (16597): SLOVEN top===>:266
07-06 00:56:39.141 D/TabFocusBorderView(16597): SLOVEN runTranslateAnimation
07-06 00:56:39.141 D/TabFocusBorderView(16597): SLOVEN runTranslateAnimation
07-06 00:56:39.141 D/TabFocusBorderView(16597): SLOVEN moveFocusView
07-06 00:56:39.143 D/Player/PluginProvider@1dcf9c35(16597): [TID 16627] PluginProvider() new
07-06 00:56:39.143 W/AbsPluginProvider(16597): initialize<<(hostContext=com.hisense.hicloud.edca.BaseApplication@2adbac5c, context=com.qiyi.sdk.plugin.server.core.ContextProxy@38fbd8ca, params={lib_dir=/data/data/com.hisense.hicloud.edca/files/plugin/2.1.0.59986/pluginplayer/1.64.0.59984/pluginplayer-release-1.64.0.59984-libs, file_path=/data/data/com.hisense.hicloud.edca/files/plugin/2.1.0.59986/pluginplayer/1.64.0.59984/pluginplayer-release-1.64.0.59984.apk}, info=AppInfo(hostVersion=2.1.0.59986mHostAllowDebug=false))
07-06 00:56:39.143 D/Player/PluginProvider@1dcf9c35(16597): [TID 16627] onInitialize() lib path=/data/data/com.hisense.hicloud.edca/files/plugin/2.1.0.59986/pluginplayer/1.64.0.59984/pluginplayer-release-1.64.0.59984-libs
07-06 00:56:39.143 I/LogUtils(16597): [TID 16627] log is open
07-06 00:56:39.146 D/TabFocusBorderView(16597): SLOVEN onAnimationStart
07-06 00:56:39.147 V/InputMethodService( 2203): startInput(): editor=android.view.inputmethod.EditorInfo@307838c8
07-06 00:56:39.147 V/InputMethodService( 2203): CALL: onFinishInput
07-06 00:56:39.147 D/Player/PluginProvider@1dcf9c35(16597): [TID 16627] setupSdkFeature()
07-06 00:56:39.148 E/TabView (16597): tab2
07-06 00:56:39.148 D/TabView (16597): SLOVEN mTopmBorderTop===>:0266
07-06 00:56:39.148 D/TabView (16597): tab scroll up listview
07-06 00:56:39.149 D/TabFocusBorderView(16597): SLOVEN justchangeWidth
07-06 00:56:39.149 D/TabFocusBorderView(16597): SLOVEN widthmWidth===>:220220
07-06 00:56:39.150 D/TabFocusBorderView(16597): SLOVEN onAnimationStart
07-06 00:56:39.150 E/SOGOUIME_JNI( 2203): reset
07-06 00:56:39.150 D/TabView (16597): SLOVEN mTopmBorderTop===>:410266
07-06 00:56:39.150 E/SOGOUIME_JNI( 2203): getCandidates
07-06 00:56:39.150 E/SOGOUIME_JNI( 2203): ime_get_uncommitted_length
07-06 00:56:39.150 D/TabView (16597): setSelectedTabView
07-06 00:56:39.150 E/SOGOUIME_JNI( 2203): getCandidates
07-06 00:56:39.150 D/SogouIME API( 2203): ==============num:32
07-06 00:56:39.150 E/SOGOUIME_JNI( 2203): ime_get_uncommitted_length
07-06 00:56:39.150 D/SogouIME( 2203): mFocusedComponent:30   isHkbEnable:false
07-06 00:56:39.150 E/SOGOUIME_JNI( 2203): ime_get_uncommitted_length
07-06 00:56:39.150 E/SOGOUIME_JNI( 2203): ime_get_committed_length
07-06 00:56:39.150 E/SOGOUIME_JNI( 2203): getComposingInfo
07-06 00:56:39.150 E/SOGOUIME_JNI( 2203): getComposingInfo
07-06 00:56:39.150 E/SOGOUIME_JNI( 2203): getCorrectInfo
07-06 00:56:39.150 E/SOGOUIME_JNI( 2203): getComposingInfo
07-06 00:56:39.151 V/InputMethodService( 2203): CALL: onStartInput
07-06 00:56:39.151 E/SOGOUIME_JNI( 2203): invalidateCommitWordPinyinNative
07-06 00:56:39.151 D/SogouIME( 2203): =====configKeyboard=======:false     false
07-06 00:56:39.151 E/SOGOUIME_JNI( 2203): ime_set_hard_kb_enable
07-06 00:56:39.154 I/Choreographer(16597): Skipped 50 frames!  The application may be doing too much work on its main thread.
07-06 00:56:39.155 I/TVMW@devctrl( 1234): wdt
07-06 00:56:39.156 D/TabView (16597): 
07-06 00:56:39.157 D/HttpHandler(16597): DNSHelper-->gslbDns=["123.103.91.123"]
07-06 00:56:39.159 D/TabView (16597): 
07-06 00:56:39.160 D/TabView (16597): 
07-06 00:56:39.162 D/TabView (16597): 
07-06 00:56:39.163 D/TabView (16597): 
07-06 00:56:39.165 D/TabView (16597): 
07-06 00:56:39.167 D/TabView (16597): 
07-06 00:56:39.168 D/TabView (16597): 
07-06 00:56:39.170 D/TabView (16597): 
07-06 00:56:39.172 D/TabView (16597): 
07-06 00:56:39.173 D/TabView (16597): 
07-06 00:56:39.175 D/TabView (16597): 
07-06 00:56:39.177 D/TabView (16597): 
07-06 00:56:39.178 D/TabView (16597): 
07-06 00:56:39.178 D/OkHttp  (16597): --> GET http://api.edu.hismarttv.com/usercenter/api/individualize_data?devid=86100300900000500000060a4818fca8&customerId=7195320&subscriberId=13287129&ChannelId=0&tags=&version_id=6&region_name=%E6%9D%AD%E5%B7%9E&uuid=13287129&mac=a8:a6:48:18:fc:a8&model_id=0&APPPackage=com.hisense.hicloud.edca&PFAPPCode=652&APPVersionName=3.0.0.9.00&softwareVersion=LED50MU8600UC0000888&tv_distribute_id=00&devType=0&APIVersion=600&accessToken=72DF6038D2AEAB8A76DFBBBBCC428A4A_003679021069824 http/1.1
07-06 00:56:39.178 D/OkHttp  (16597): Data_Type: JSON
07-06 00:56:39.178 D/OkHttp  (16597): RetryTime: 0
07-06 00:56:39.178 D/OkHttp  (16597): Backoffmutiplier: 0
07-06 00:56:39.179 D/OkHttp  (16597): Host: api.edu.hismarttv.com
07-06 00:56:39.179 D/OkHttp  (16597): Connection: Keep-Alive
07-06 00:56:39.179 D/OkHttp  (16597): Accept-Encoding: gzip
07-06 00:56:39.179 D/OkHttp  (16597): User-Agent: okhttp/3.6.0
07-06 00:56:39.179 D/OkHttp  (16597): --> END GET
07-06 00:56:39.180 D/TabView (16597): 
07-06 00:56:39.182 D/TabView (16597): 
07-06 00:56:39.184 I/MyFragmentStateAdapter(16597): getCount
07-06 00:56:39.184 I/MyFragmentStateAdapter(16597): getCount
07-06 00:56:39.184 D/TabView (16597): 
07-06 00:56:39.186 D/TabView (16597): 
07-06 00:56:39.188 D/TabView (16597): 
07-06 00:56:39.190 D/TabView (16597): 
07-06 00:56:39.191 D/TabView (16597): 
07-06 00:56:39.193 D/TabView (16597): 
07-06 00:56:39.194 D/PlayerSdk/PlayerSdkProject(16597): [TID 16627] >> beginInitialize
07-06 00:56:39.194 D/TabView (16597): 
07-06 00:56:39.194 D/PlayerSdk/SdkConfigManager(16597): [TID 16627] setupConfig: context=com.qiyi.sdk.plugin.server.core.ContextProxy@38fbd8ca
07-06 00:56:39.194 W/ContextProxy(16597): getAssets() mAssetManager=android.content.res.AssetManager@3a8e8fb8
07-06 00:56:39.195 D/PlayerSdk/SdkConfigManager(16597): [TID 16627] setupConfig: strEncrypted=VVVJRD0yMDE3MDQyNTExMzUzNzkxMmdlVEdXS0REMTE3MDIsQ1VTVE9NRVJfSUQ9NjAsUExBWUVSX0NPTkZJR19UWVBFPTQsUExBVEZPUk1fVFZBUEk9SEFJWElOLElTX1NVUFBPUlRfWUlOSEVfUElOR0JBQ0s9ZmFsc2UsSVNfRU5CQUxFX0gyNjU9ZmFsc2UsSVNfRU5BQkxFX0RPTEJZPWZhbHNlLElTX0VOQkFMRV80Sz0sSVNfRU5CQUxFX0RPTEJZX1ZJU0lPTj0sSVNfRU5CQUxFX0hEUjEwPSxJU19VU0VfVE1UU19MT0NBTF9TSUdOPWZhbHNlLElTX0dFVF9VVUlEX0ZST01fU0VSVkVSPXRydWUsQ0ROX0RJU1BBVENIX1BBUkFNPSxET01BSU5fTkFNRT1wdHF5LmdpdHYudHYsTkFUSVZFX1BMQVlFUl9CUkFORD1IaVNlbnNlLExPR0lOX1RZUEU9U1VCX0FDQ09VTlQsQ1VTVE9NRVJfUEFDS0FHRV9OQU1FPWNvbS5oaXNlbnNlLmhpY2xvdWQuZWRjYSxJU19ERUJVR19WRVJTSU9OPWZhbHNlLE5BVElWRV9QTEFZRVJfQ09ERUNUWVBFPSxQTEFZRVJfUExBVEZPUk09UF9IaXNlbnNlLEVOQUJMRV9TRVRfQklUU1RSRUFNPXRydWUsREVGQVVMVF9DRkdfQklUU1RSRUFNPSw=
07-06 00:56:39.196 D/TabView (16597): 
07-06 00:56:39.197 I/System.out(16597): decode
07-06 00:56:39.197 W/ContextProxy(16597): getResources() mResources=android.content.res.Resources@2c32e4f7
07-06 00:56:39.197 D/TabView (16597): 
07-06 00:56:39.199 D/HttpHandler(16597): VerifySignInterCeptor-->request.url()=http://picture.edu.hismarttv.com/images/20170628111917742483.png
07-06 00:56:39.199 D/HttpHandler(16597): VerifySignInterCeptor-->hostname=picture.edu.hismarttv.com
07-06 00:56:39.199 D/TabView (16597): 
07-06 00:56:39.201 D/TabView (16597): 
07-06 00:56:39.202 D/TabView (16597): 
07-06 00:56:39.204 D/TabView (16597): 
07-06 00:56:39.205 D/HttpHandler(16597): RetryIntercepter-->retryNum=0
07-06 00:56:39.205 D/HttpHandler(16597): RetryIntercepter-->backoffmutiplier=0
07-06 00:56:39.206 D/TabView (16597): 
07-06 00:56:39.208 D/TabView (16597): 
07-06 00:56:39.210 D/TabView (16597): 
07-06 00:56:39.212 I/MyFragmentStateAdapter(16597): getCount
07-06 00:56:39.212 I/MyFragmentStateAdapter(16597): getCount
07-06 00:56:39.218 W/ContextProxy(16597): getResources() mResources=android.content.res.Resources@2c32e4f7
07-06 00:56:39.222 D/OkHttp  (16597): <-- 200 OK http://api.edu.hismarttv.com/usercenter/api/individualize_data?devid=86100300900000500000060a4818fca8&customerId=7195320&subscriberId=13287129&ChannelId=0&tags=&version_id=6&region_name=%E6%9D%AD%E5%B7%9E&uuid=13287129&mac=a8:a6:48:18:fc:a8&model_id=0&APPPackage=com.hisense.hicloud.edca&PFAPPCode=652&APPVersionName=3.0.0.9.00&softwareVersion=LED50MU8600UC0000888&tv_distribute_id=00&devType=0&APIVersion=600&accessToken=72DF6038D2AEAB8A76DFBBBBCC428A4A_003679021069824 (43ms)
07-06 00:56:39.222 D/OkHttp  (16597): Server: nginx
07-06 00:56:39.222 D/OkHttp  (16597): Date: Wed, 05 Jul 2017 16:56:39 GMT
07-06 00:56:39.222 D/OkHttp  (16597): Content-Type: application/json
07-06 00:56:39.222 D/OkHttp  (16597): Content-Length: 17184
07-06 00:56:39.222 D/OkHttp  (16597): Connection: close
07-06 00:56:39.222 D/OkHttp  (16597): <-- END HTTP
07-06 00:56:39.228 I/TabView (16597): onScroll:,firstItem=0,visibleCount=6,totalCount=10
07-06 00:56:39.230 I/ContentBridgeAdapterListener(16597): onAddPresenter 0
07-06 00:56:39.232 D/HttpHandler(16597): RetryIntercepter-->retryNum=0
07-06 00:56:39.232 D/HttpHandler(16597): RetryIntercepter-->backoffmutiplier=0
07-06 00:56:39.233 I/System.out(16597): ok
07-06 00:56:39.234 I/ContentBridgeAdapterListener(16597): onCreate ViewHolder{3d694bda position=-1 id=-1, oldPos=-1, pLpos:-1 unbound no parent}
07-06 00:56:39.234 I/ContentBridgeAdapterListener(16597): onBind 
07-06 00:56:39.236 I/ContentBridgeAdapterListener(16597): onAttachedToWindow ViewHolder{3d694bda position=0 id=-1, oldPos=-1, pLpos:-1}
07-06 00:56:39.236 I/BaseContentFragment(16597): setRowViewSelectedViewHolder{3d694bda position=0 id=-1, oldPos=-1, pLpos:-1},isSelectedtrue
07-06 00:56:39.237 I/RoleContentFragment(16597): onChildSelected:0,lastPos=0
07-06 00:56:39.239 I/MtaSDK  ( 3457): [pool-6-thread-1(137): null:-1] - http recv response status code:200, content length:29
07-06 00:56:39.240 I/MtaSDK  ( 3457): [pool-6-thread-1(137): null:-1] - http get response data:{"ret":0}
07-06 00:56:39.242 I/System.out(16597): UUID=20170425113537912geTGWKDD11702,CUSTOMER_ID=60,PLAYER_CONFIG_TYPE=4,PLATFORM_TVAPI=HAIXIN,IS_SUPPORT_YINHE_PINGBACK=false,IS_ENBALE_H265=false,IS_ENABLE_DOLBY=false,IS_ENBALE_4K=,IS_ENBALE_DOLBY_VISION=,IS_ENBALE_HDR10=,IS_USE_TMTS_LOCAL_SIGN=false,IS_GET_UUID_FROM_SERVER=true,CDN_DISPATCH_PARAM=,DOMAIN_NAME=ptqy.gitv.tv,NATIVE_PLAYER_BRAND=HiSense,LOGIN_TYPE=SUB_ACCOUNT,CUSTOMER_PACKAGE_NAME=com.hisense.hicloud.edca,IS_DEBUG_VERSION=false,NATIVE_PLAYER_CODECTYPE=,PLAYER_PLATFORM=P_Hisense,ENABLE_SET_BITSTREAM=true,DEFAULT_CFG_BITSTREAM=,
07-06 00:56:39.242 I/System.out(16597): hook :UUID=20170425113537912geTGWKDD11702,CUSTOMER_ID=60,PLAYER_CONFIG_TYPE=4,PLATFORM_TVAPI=HAIXIN,IS_SUPPORT_YINHE_PINGBACK=false,IS_ENBALE_H265=false,IS_ENABLE_DOLBY=false,IS_ENBALE_4K=,IS_ENBALE_DOLBY_VISION=,IS_ENBALE_HDR10=,IS_USE_TMTS_LOCAL_SIGN=false,IS_GET_UUID_FROM_SERVER=true,CDN_DISPATCH_PARAM=,DOMAIN_NAME=ptqy.gitv.tv,NATIVE_PLAYER_BRAND=HiSense,LOGIN_TYPE=SUB_ACCOUNT,CUSTOMER_PACKAGE_NAME=com.hisense.hicloud.edca,IS_DEBUG_VERSION=false,NATIVE_PLAYER_CODECTYPE=,PLAYER_PLATFORM=P_Hisense,ENABLE_SET_BITSTREAM=true,DEFAULT_CFG_BITSTREAM=,
