07-06 01:11:34.100 I/HLSP2P  ( 4523): ## 2017-07-06 01:11:34.100 [4523,4702,:0] INFO ## [HLSP2P][PunchHelper.cpp:434][INFO][OnHeartbeatRsp][PunchHelper] punch heartbeat rsp ok
07-06 01:11:34.106 I/ContentBridgeAdapterListener(24451): onAddPresenter 1
07-06 01:11:34.107 I/ContentBridgeAdapterListener(24451): onCreate ViewHolder{1a204ba6 position=-1 id=-1, oldPos=-1, pLpos:-1 unbound no parent}
07-06 01:11:34.108 I/SpecialFirstRowPresenter(24451): onBindViewHoldercom.hisense.tvui.newhome.presenter.SpecialFirstListRow@1f30f9e7,isUnbind=false
07-06 01:11:34.108 I/ContentBridgeAdapterListener(24451): onBind 
07-06 01:11:34.112 I/ContentBridgeAdapterListener(24451): onAttachedToWindow ViewHolder{1a204ba6 position=1 id=-1, oldPos=-1, pLpos:-1}
07-06 01:11:34.113 I/FirstLineAdapter(24451): canShowTrailer,isOffline=false
07-06 01:11:34.114 I/FirstLineAdapter(24451): canShowTrailer,isOffline=false
07-06 01:11:34.114 I/FirstLineAdapter(24451): canShowTrailer,isOffline=false
07-06 01:11:34.114 I/FirstLineAdapter(24451): onCreateViewHolder viewtype=0
07-06 01:11:34.117 D/OkHttp  (24451): <-- 200 OK http://picture.edu.hismarttv.com/images/20170628111729989045.png (36ms)
07-06 01:11:34.117 D/OkHttp  (24451): Date: Mon, 03 Jul 2017 09:54:51 GMT
07-06 01:11:34.117 D/OkHttp  (24451): Server: nginx
07-06 01:11:34.117 D/OkHttp  (24451): Content-Type: image/png
07-06 01:11:34.117 D/OkHttp  (24451): Content-Length: 2752
07-06 01:11:34.117 D/OkHttp  (24451): Last-Modified: Wed, 28 Jun 2017 11:17:29 GMT
07-06 01:11:34.117 D/OkHttp  (24451): ETag: "59539049-ac0"
07-06 01:11:34.117 D/OkHttp  (24451): Accept-Ranges: bytes
07-06 01:11:34.117 D/OkHttp  (24451): Age: 199002
07-06 01:11:34.117 D/OkHttp  (24451): Via: 1.1 zhiwangtong173:3 (Cdn Cache Server V2.0)[12 200 0], 1.1 changwangtong79:7 (Cdn Cache Server V2.0)[0 200 0]
07-06 01:11:34.117 D/OkHttp  (24451): Connection: keep-alive
07-06 01:11:34.117 D/OkHttp  (24451): <-- END HTTP
07-06 01:11:34.119 D/HttpHandler(24451): RetryIntercepter-->retryNum=0
07-06 01:11:34.119 D/HttpHandler(24451): RetryIntercepter-->backoffmutiplier=0
07-06 01:11:34.122 D/OkHttp  (24451): <-- 200 OK http://picture.edu.hismarttv.com/images/20170628111857828826.png (38ms)
07-06 01:11:34.122 D/OkHttp  (24451): Date: Mon, 03 Jul 2017 09:54:52 GMT
07-06 01:11:34.122 D/OkHttp  (24451): Server: nginx
07-06 01:11:34.122 D/OkHttp  (24451): Content-Type: image/png
07-06 01:11:34.122 D/OkHttp  (24451): Content-Length: 2318
07-06 01:11:34.122 D/OkHttp  (24451): Last-Modified: Wed, 28 Jun 2017 11:18:57 GMT
07-06 01:11:34.122 D/OkHttp  (24451): ETag: "595390a1-90e"
07-06 01:11:34.122 D/OkHttp  (24451): Accept-Ranges: bytes
07-06 01:11:34.122 D/OkHttp  (24451): Age: 199002
07-06 01:11:34.122 D/OkHttp  (24451): Via: 1.1 pingwangtong52:8 (Cdn Cache Server V2.0)[29 200 0], 1.1 chwt83:8 (Cdn Cache Server V2.0)[0 200 0]
07-06 01:11:34.122 D/OkHttp  (24451): Connection: keep-alive
07-06 01:11:34.122 D/OkHttp  (24451): <-- END HTTP
07-06 01:11:34.124 D/HttpHandler(24451): RetryIntercepter-->retryNum=0
07-06 01:11:34.124 D/HttpHandler(24451): RetryIntercepter-->backoffmutiplier=0
07-06 01:11:34.131 I/FirstLineAdapter(24451): onBindViewHolder 0
07-06 01:11:34.140 I/FirstLineAdapter(24451): canShowTrailer,isOffline=false
07-06 01:11:34.140 I/FirstLineAdapter(24451): onCreateViewHolder viewtype=1
07-06 01:11:34.152 I/TVMW@HsTvSetting( 1234): Trace cmd, data = 0x1058
07-06 01:11:34.152 D/til@system( 2026): til_get_system_param option:100002F int:0, bool:0, ret:0
07-06 01:11:34.156 I/TVMW@HsTvSetting( 1234): Trace cmd, data = 0x101f
07-06 01:11:34.157 I/FirstLineAdapter(24451): onBindViewHolder 1
07-06 01:11:34.157 D/til@system( 2026): til_get_system_param option:100001D int:3, bool:3, ret:0
07-06 01:11:34.157 E/til     ( 2026): [til_get_current_input_source, 101] 
07-06 01:11:34.157 D/FirstLineAdapter(24451): setVipPoster ===>url :http://picture.edu.hismarttv.com/images/
07-06 01:11:34.157 I/TVMW@HsTvSetting( 1234): Trace cmd, data = 0x7007
07-06 01:11:34.157 I/tilwrapper@sm( 2026): HS2TIL_SourceType *hs=0xd, *til=0x900
07-06 01:11:34.157 D/til     ( 2026): get current source 2304
07-06 01:11:34.157 D/SourceRemoteServiceHandler( 2026): getCurrentInputSource.from.til.result is 0, value is 2304
07-06 01:11:34.158 D/SourceRemoteServiceHandler( 2026): getInputSourceType source: 0x900, type=2304
07-06 01:11:34.158 D/til     ( 2026): ###### func:til_get_picture_param option:0x3000006 ######  
07-06 01:11:34.158 I/TVMW@HsTvSetting( 1234): Trace cmd, data = 0x1003
07-06 01:11:34.159 I/TVMW@HsTvSetting( 1234): Trace cmd, data = 0x8032
07-06 01:11:34.159 I/hstvos  ( 1216): [0m[1;33m[HSHAL][HS_VIDEO][HS_HAL_Video_SetOsdDetect_v2][2389]u16Threshold = 20
07-06 01:11:34.164 I/MiSysSrv( 1214): Not support now! 42, change to mm_video!!!
07-06 01:11:34.166 I/FirstLineAdapter(24451): canShowTrailer,isOffline=false
07-06 01:11:34.166 I/FirstLineAdapter(24451): onCreateViewHolder viewtype=2
07-06 01:11:34.168 E/TVMW@videoctrl( 1234):  getOsd is 1
07-06 01:11:34.168 D/til@system( 2026): til_get_system_param option:1000027 int:1, bool:1, ret:0
07-06 01:11:34.168 D/til     ( 2026): ###### func:til_get_picture_param option:0x3000045 ######  
07-06 01:11:34.169 I/TVMW@HsTvSetting( 1234): Trace cmd, data = 0x300c
07-06 01:11:34.169 I/TVMW@HsTvSetting( 1234): Trace 3d, data = 0x300c
07-06 01:11:34.169 I/TVMW@3d ( 1234): Hs_debug3d_trace: func:get3dStatus, line:109
07-06 01:11:34.171 I/FirstLineAdapter(24451): onBindViewHolder 2
07-06 01:11:34.173 D/OsdMonitorService( 1733): mCurrentWindow = com.hisense.hicloud.edca/com.hisense.tvui.newhome.HomeMainActivity; newWindow = com.hisense.hicloud.edca/com.hisense.tvui.newhome.HomeMainActivity; isSubWindow = false; isInWinList = false; isExitNow = false
07-06 01:11:34.173 D/OsdMonitorService( 1733): windowNotOsd() : name = com.hisense.hicloud.edca/com.hisense.tvui.newhome.HomeMainActivity
07-06 01:11:34.173 I/OsdMonitorService( 1733): setOsdStatus() : status will change from true to true
07-06 01:11:34.174 D/PowerManagerService( 1733): setScreenBrightnessOverrideFromWindowManagerInternal done
07-06 01:11:34.175 E/btif_config( 2964): [btif_config_get] node is TRUE!
07-06 01:11:34.175 E/btif_config( 2964): [btif_config_get] ret is TRUE!
07-06 01:11:34.182 I/MyItemDecoration(24451): getItemOffsets rect=Rect(0, -17 - 0, 0),pos=1
07-06 01:11:34.183 D/PowerManagerService( 1733): setScreenBrightnessOverrideFromWindowManagerInternal done
07-06 01:11:34.189 I/MyItemDecoration(24451): getItemOffsets rect=Rect(0, -15 - 0, 0),pos=2
07-06 01:11:34.190 I/FirstLineAdapter(24451): canShowTrailer,isOffline=false
07-06 01:11:34.190 I/FirstLineAdapter(24451): canShowTrailer,isOffline=false
07-06 01:11:34.190 I/FirstLineAdapter(24451): onCreateViewHolder viewtype=3
07-06 01:11:34.191 I/CurrentCarouselView(24451): initView
07-06 01:11:34.197 D/HttpHandler(24451): VerifySignInterCeptor-->request.url()=http://picture.edu.hismarttv.com/images/
07-06 01:11:34.198 D/HttpHandler(24451): VerifySignInterCeptor-->hostname=picture.edu.hismarttv.com
07-06 01:11:34.198 D/PowerManagerService( 1733): setScreenBrightnessOverrideFromWindowManagerInternal done
07-06 01:11:34.199 D/OkHttp  (24451): --> GET http://picture.edu.hismarttv.com/images/ http/1.1
07-06 01:11:34.199 D/OkHttp  (24451): Host: picture.edu.hismarttv.com
07-06 01:11:34.199 D/OkHttp  (24451): Connection: Keep-Alive
07-06 01:11:34.199 D/OkHttp  (24451): Accept-Encoding: gzip
07-06 01:11:34.199 D/OkHttp  (24451): User-Agent: okhttp/3.6.0
07-06 01:11:34.199 D/OkHttp  (24451): --> END GET
07-06 01:11:34.218 E/WebcastSDK-(24451): isImageCacheLimitedStat(),  context.getPackageName = com.hisense.hicloud.edca
07-06 01:11:34.218 E/WebcastSDK-(24451): isImageCacheLimitedStat(),  mIsImageLimited = 1
07-06 01:11:34.220 D/hwcomposer( 1204): lastHWWindowInfo is dirty
07-06 01:11:34.240 E/WebcastSDK-HiCloudSourcePlugin(24451): init(), Webcast App Token is NULL.
07-06 01:11:34.240 E/WebcastSDK-HiCloudSourcePlugin(24451): getHiCloudService(), Webcast App Token is NULL.
07-06 01:11:34.243 E/WebcastSDK-DataReport(24451): init(), Webcast App Token is NULL.
07-06 01:11:34.243 E/WebcastSDK-DataReport(24451): getHiCloudService(), Webcast App Token is NULL.
07-06 01:11:34.248 D/WebcastSDK-HiCloudSourcePlugin(24451): getContext(): com.hisense.hicloud.edca.BaseApplication@2adbac5c mWebcastManager: null
07-06 01:11:34.258 I/WebcastSDK-ProgramScheduleDataManager(24451): init(), next time to fetch programSchedules in interval = 1380min.
07-06 01:11:34.259 I/WebcastSDK-HistoryDataManager(24451): HistoryDataManager.init
07-06 01:11:34.268 E/WebcastSDK-HiCloudSourcePlugin(24451): checkHiCloudFetchCondition(), Webcast App Token is NULL. mToken: null
07-06 01:11:34.268 E/WebcastSDK-HiCloudSourcePlugin(24451): FetchSystemParameterTask(), has no fetch condition, return.
07-06 01:11:34.296 D/WebcastSDK-WebcastManager(24451): Device license:WASU
07-06 01:11:34.307 D/OkHttp  (24451): <-- 403 Forbidden http://picture.edu.hismarttv.com/images/ (107ms)
07-06 01:11:34.307 D/OkHttp  (24451): Date: Wed, 05 Jul 2017 17:11:34 GMT
07-06 01:11:34.307 D/OkHttp  (24451): Server: nginx
07-06 01:11:34.307 D/OkHttp  (24451): Content-Type: text/html; charset=UTF-8
07-06 01:11:34.307 D/OkHttp  (24451): Content-Length: 162
07-06 01:11:34.307 D/OkHttp  (24451): Via: 1.1 shuozhou56:0 (Cdn Cache Server V2.0)[43 403 2], 1.1 chwt82:0 (Cdn Cache Server V2.0)[81 403 2]
07-06 01:11:34.307 D/OkHttp  (24451): Connection: close
07-06 01:11:34.307 D/OkHttp  (24451): <-- END HTTP
07-06 01:11:34.307 D/HttpHandler(24451): RetryIntercepter-->retryNum=0
07-06 01:11:34.307 D/HttpHandler(24451): RetryIntercepter-->backoffmutiplier=0
07-06 01:11:34.335 I/DataDBLite(24451): onCreate
07-06 01:11:34.350 E/WebcastSDK-HiCloudImageCacheManager(24451): HiCloudImageCacheManager(), isImageCacheLimitedStat = true
07-06 01:11:34.350 I/WebcastSDK-WebcastManager(24451): addListener(), add ICarouselListener com.hisense.webcastSDK.data.hicloud.HiCloudSourcePlugin$2@358efb92
07-06 01:11:34.350 I/WebcastSDK-WebcastManager(24451): adding listener com.hisense.webcastSDK.data.hicloud.HiCloudSourcePlugin$1@373c963
07-06 01:11:34.350 I/WebcastSDK-HiCloudSourcePlugin(24451): addListener(), add INetworkDataListener com.hisense.webcastSDK.data.internal.EPGDataManager$1@253b1960
07-06 01:11:34.350 I/WebcastSDK-WebcastManager(24451): adding listener com.hisense.webcastSDK.utils.DataReport$1@1c253e19
07-06 01:11:34.350 D/WebcastSDK-WebcastInternalImpl(24451): init all manager.
07-06 01:11:34.355 E/btif_config( 2964): [btif_config_get] node is TRUE!
07-06 01:11:34.355 E/btif_config( 2964): [btif_config_get] ret is TRUE!
07-06 01:11:34.364 D/Carousel-Utils(24451): SCREEN_WIDTH:1920,SCREEN_Height:1080,destity:2.0,smallWidth:818,height:460,listItem w:268,h:226,top:38,bottom:38
07-06 01:11:34.404 I/NetflixMonitorService( 1733): current fgapk : com.hisense.hicloud.edca
07-06 01:11:34.404 I/NetflixMonitorService( 1733): Netflix status unchanged
07-06 01:11:34.438 D/Carousel-CarouselView(24451): setModel,hascCode=752787492
07-06 01:11:34.442 W/linker  (24451): libChinaNetSecret.so: unused DT entry: type 0x6ffffffe arg 0xbf8
07-06 01:11:34.442 W/linker  (24451): libChinaNetSecret.so: unused DT entry: type 0x6fffffff arg 0x1
07-06 01:11:34.443 I/CurrentCarouselView(24451): security: ChinaNetCenterWskeyForJuHaoKan
07-06 01:11:34.444 I/CurrentCarouselView(24451): BaseApplication.sSignStr=3082023B308201A4A00302010202045051BD19300D06092A864886F70D01010505003062310B30090603550406130238363111300F060355040813085368616E646F6E673110300E0603550407130751696E6764616F311F301D060355040A1316486973656E7365206D65646961206E6574776F726B73310D300B0603550403130448695456301E170D3132303931333131303134355A170D3432303930363131303134355A3062310B30090603550406130238363111300F060355040813085368616E646F6E673110300E0603550407130751696E6764616F311F301D060355040A1316486973656E7365206D65646961206E6574776F726B73310D300B060355040313044869545630819F300D06092A864886F70D010101050003818D0030818902818100841C2D9F5F1E0BBB4DF77826A11FEFFB557C22B07892114637C945272821CF6A4CD023F45FC0B0E825EA8839470BE63B95CD5E4B64FF7ECC8A910DB20DBE2A9E8504EC39E7C0E8E74435F745F47D821124744FBF91A2C70CA85DC07D24C53322D8CC33C9EE542E872E44AF0E9E203328A106B31DC3BEC523600DDDA2204C665D0203010001300D06092A864886F70D0101050500038181003AA40C684E7AB45294882A0766EABD8C4BB7C0DFC4DE9ED13E192ECA9370C6B493257129F8DC248335D86877EAB36FBE9A8867E3F034BFD035CEC363073B558AAA6F42838FE0B1BEC3BC90B3E6FEE5D1D78C5CEC7966696D86FC071ED59063FD8E08DECAC8EBD0FB39443415B6725C00B0BACE4A06EF97D76158BF37D36720BB
07-06 01:11:34.444 I/CurrentCarouselView(24451): serverTime=1499274692000
07-06 01:11:34.444 E/WebcastSDK-WebcastManager(24451): setToken(), new Token = 72DF6038D2AEAB8A76DFBBBBCC428A4A_000902392272741
07-06 01:11:34.444 I/WebcastSDK-HiCloudSourcePlugin(24451): notifyAppTokenChanged(), token = 72DF6038D2AEAB8A76DFBBBBCC428A4A_000902392272741
07-06 01:11:34.448 V/PackageManager( 1733): getPackageInfo com.hisense.hicloud.edca: Package{3fb3f3a1 com.hisense.hicloud.edca}
07-06 01:11:34.450 I/WebcastSDK-(24451): getAppVersionCode(), versionCode = 652
07-06 01:11:34.452 I/WebcastSDK-DataReport(24451): notifyAppTokenChanged(), token = 72DF6038D2AEAB8A76DFBBBBCC428A4A_000902392272741
07-06 01:11:34.453 V/PackageManager( 1733): getPackageInfo com.hisense.hicloud.edca: Package{3fb3f3a1 com.hisense.hicloud.edca}
07-06 01:11:34.454 I/WebcastSDK-(24451): getAppVersionCode(), versionCode = 652
07-06 01:11:34.455 D/Carousel-(24451): setSignonInfo subscriberId:13287129,customerId:7195320
07-06 01:11:34.457 D/til@system( 2026): til_get_system_param option:1000007 int:-1936523008, bool:0, ret:0
07-06 01:11:34.458 D/til@system( 2026): til_get_system_param option:1000009 int:-1936522112, bool:128, ret:0
07-06 01:11:34.458 D/til@system( 2026): til_get_system_param option:1000008 int:-1815634176, bool:0, ret:0
07-06 01:11:34.459 D/HttpDnsUtils(24451): CEXX-getOperationDetail-productName : LED50MU8600UC
07-06 01:11:34.459 D/HttpDnsUtils(24451): CEXX-getOperationDetail-plmNumber : 88888
07-06 01:11:34.459 D/HttpDnsUtils(24451): CEXX-getOperationDetail-swVersion : V0000.00.01A
07-06 01:11:34.459 D/HttpDnsUtils(24451): CEXX-getOperationDetail-operationDetail : LED50MU8600UC0000888
07-06 01:11:34.460 I/FirstLineAdapter(24451): onBindViewHolder 3
07-06 01:11:34.461 D/til@system( 2026): til_get_system_param option:1000007 int:-1936522368, bool:128, ret:0
07-06 01:11:34.461 D/til@system( 2026): til_get_system_param option:1000009 int:-1815633792, bool:128, ret:0
07-06 01:11:34.462 E/WebcastSDK-WebcastManager(24451): setAppServiceDomainList.
07-06 01:11:34.462 V/PackageManager( 1733): getPackageInfo com.hisense.hicloud.edca: Package{3fb3f3a1 com.hisense.hicloud.edca}
07-06 01:11:34.462 D/til@system( 2026): til_get_system_param option:1000008 int:-1815632896, bool:0, ret:0
07-06 01:11:34.463 D/HttpDnsUtils(24451): CEXX-getOperationDetail-productName : LED50MU8600UC
07-06 01:11:34.463 D/HttpDnsUtils(24451): CEXX-getOperationDetail-plmNumber : 88888
07-06 01:11:34.463 D/HttpDnsUtils(24451): CEXX-getOperationDetail-swVersion : V0000.00.01A
07-06 01:11:34.463 D/HttpDnsUtils(24451): CEXX-getOperationDetail-operationDetail : LED50MU8600UC0000888
07-06 01:11:34.463 I/WebcastSDK-(24451): getAppVersionCode(), versionCode = 652
07-06 01:11:34.463 I/CurrentCarouselView(24451): setTrailData
07-06 01:11:34.463 I/Util    (24451): memory : total=1912,limit=1024
07-06 01:11:34.464 D/Carousel-CarouselPicVideoListInfo(24451): carouselList: 3
07-06 01:11:34.464 D/Carousel-CarouselView(24451): setData! info=com.hisense.hitv.carouselwidgit.bean.CarouselPicVideoListInfo@6496d42, hascCode=752787492
07-06 01:11:34.464 D/Carousel-CarouselView(24451): showInitPoster.
07-06 01:11:34.464 D/Carousel-CarouselDisplayPlayerLayout(24451): isFullScreen:false
07-06 01:11:34.464 D/Carousel-CarouselView(24451): ACTION_CLEAR_POSTER_AND_PLAY isFullScreen:false
07-06 01:11:34.464 D/Carousel-CarouselView(24451): InitPosterUrl:http://picture.edu.hismarttv.com/images/20170629010146422927.jpg
07-06 01:11:34.465 D/Carousel-Utils(24451): displayImage view=android.widget.ImageView{f99d153 V.ED.... ......I. 0,0-0,0 #7f0d0029 app:id/imageView1}
07-06 01:11:34.465 D/Carousel-Utils(24451): displayImage url=http://picture.edu.hismarttv.com/images/20170629010146422927.jpg
07-06 01:11:34.470 I/CurrentCarouselView(24451): startPlay
07-06 01:11:34.470 I/CurrentCarouselView(24451): CurrentCarouselView.sHasShopDialog=false
07-06 01:11:34.470 I/CurrentCarouselView(24451): onAttachedToWindow
07-06 01:11:34.472 D/Carousel-CarouselView(24451): onAttachedToWindow.
07-06 01:11:34.473 I/MyItemDecoration(24451): getItemOffsets rect=Rect(-32, -16 - 0, 0),pos=3
07-06 01:11:34.505 I/art     (24451): Background sticky concurrent mark sweep GC freed 30736(1689KB) AllocSpace objects, 8(199KB) LOS objects, 7% free, 25MB/27MB, paused 7.994ms total 74.740ms
07-06 01:11:34.511 D/Carousel-CarouselChannelItemView(24451): Listitem imageUrl:http://picture.edu.hismarttv.com/images/20170628102959016598.jpg
07-06 01:11:34.515 D/Carousel-CarouselChannelItemView(24451): Listitem imageUrl:http://picture.edu.hismarttv.com/images/20170628103002814396.jpg
07-06 01:11:34.516 D/Carousel-CarouselChannelItemView(24451): Listitem imageUrl:http://picture.edu.hismarttv.com/images/20170628103009181182.jpg
07-06 01:11:34.521 D/Carousel-CarouselChannelItemView(24451): Listitem imageUrl:http://picture.edu.hismarttv.com/images/20170628102959016598.jpg
07-06 01:11:34.522 D/Carousel-CarouselChannelItemView(24451): Listitem imageUrl:http://picture.edu.hismarttv.com/images/20170628103002814396.jpg
07-06 01:11:34.523 D/Carousel-CarouselChannelItemView(24451): Listitem imageUrl:http://picture.edu.hismarttv.com/images/20170628103009181182.jpg
07-06 01:11:34.525 D/Carousel-CarouselChannelItemView(24451): Listitem imageUrl:http://picture.edu.hismarttv.com/images/20170628103002814396.jpg
07-06 01:11:34.529 D/Carousel-CarouselChannelItemView(24451): Listitem imageUrl:http://picture.edu.hismarttv.com/images/20170628102959016598.jpg
07-06 01:11:34.539 D/Carousel-CarouselChannelItemView(24451): Listitem imageUrl:http://picture.edu.hismarttv.com/images/20170628103009181182.jpg
07-06 01:11:34.543 I/FirstLineAdapter(24451): canShowTrailer,isOffline=false
07-06 01:11:34.544 I/FirstLineAdapter(24451): onCreateViewHolder viewtype=4
07-06 01:11:34.552 D/HttpHandler(24451): VerifySignInterCeptor-->request.url()=http://picture.edu.hismarttv.com/images/20170629010146422927.jpg
07-06 01:11:34.553 D/HttpHandler(24451): VerifySignInterCeptor-->hostname=picture.edu.hismarttv.com
07-06 01:11:34.563 I/FirstLineAdapter(24451): onBindViewHolder 4
07-06 01:11:34.563 I/FirstLineAdapter(24451): canShowTrailer,isOffline=false
07-06 01:11:34.563 I/FirstLineAdapter(24451): canShowTrailer modify
07-06 01:11:34.563 I/FirstLineAdapter(24451): setMasterData4
07-06 01:11:34.563 I/FirstLineAdapter(24451): set current pos = 0
07-06 01:11:34.563 D/sloven  (24451): 1002---true
07-06 01:11:34.563 I/FirstLineAdapter(24451): canShowTrailer,isOffline=false
07-06 01:11:34.570 I/FirstLineAdapter(24451): canShowTrailer,isOffline=false
07-06 01:11:34.570 I/FirstLineAdapter(24451): onCreateViewHolder viewtype=4
07-06 01:11:34.582 I/FirstLineAdapter(24451): onBindViewHolder 5
07-06 01:11:34.582 I/FirstLineAdapter(24451): canShowTrailer,isOffline=false
07-06 01:11:34.582 I/FirstLineAdapter(24451): canShowTrailer modify
07-06 01:11:34.582 I/FirstLineAdapter(24451): setMasterData5
07-06 01:11:34.582 I/FirstLineAdapter(24451): set current pos = 1
07-06 01:11:34.582 D/sloven  (24451): 2005---false
07-06 01:11:34.582 D/sloven  (24451): 2005
07-06 01:11:34.589 D/HttpHandler(24451): VerifySignInterCeptor-->request.url()=http://picture.edu.hismarttv.com/images/20170628103002814396.jpg
07-06 01:11:34.589 D/HttpHandler(24451): VerifySignInterCeptor-->hostname=picture.edu.hismarttv.com
07-06 01:11:34.592 D/NativeDecimalFormat( 8333): NativeDecimalFormat_close print addr=547943803136
07-06 01:11:34.593 D/NativeDecimalFormat( 8333): NativeDecimalFormat_close print g_addr=547940856320
07-06 01:11:34.593 D/NativeDecimalFormat( 8333): NativeDecimalFormat_close print addr=547940856320
07-06 01:11:34.593 D/NativeDecimalFormat( 8333): NativeDecimalFormat_close print g_addr=547940856320
07-06 01:11:34.595 V/PackageManager( 1733): getPackageInfo com.hisense.hicloud.edca: Package{3fb3f3a1 com.hisense.hicloud.edca}
07-06 01:11:34.599 I/FirstLineAdapter(24451): canShowTrailer,isOffline=false
07-06 01:11:34.600 I/MyItemDecoration(24451): getItemOffsets rect=Rect(-32, 0 - 0, 0),pos=4
07-06 01:11:34.603 I/MyItemDecoration(24451): getItemOffsets rect=Rect(-32, -5 - 0, 0),pos=5
07-06 01:11:34.605 D/Carousel-CarouselView(24451): smoothScroll.
07-06 01:11:34.605 D/Carousel-CarouselDisplayPlayerLayout(24451): isFullScreen:false
07-06 01:11:34.605 D/Carousel-CarouselView(24451): smoothScroll isOtherInstance return.
07-06 01:11:34.606 I/ContentBridgeAdapterListener(24451): onAddPresenter 2
07-06 01:11:34.624 D/HttpHandler(24451): VerifySignInterCeptor-->request.url()=http://picture.edu.hismarttv.com/images/20170628102959016598.jpg
07-06 01:11:34.624 D/HttpHandler(24451): VerifySignInterCeptor-->hostname=picture.edu.hismarttv.com
07-06 01:11:34.631 I/ContentBridgeAdapterListener(24451): onCreate ViewHolder{1bcd9167 position=-1 id=-1, oldPos=-1, pLpos:-1 unbound no parent}
07-06 01:11:34.631 I/BaseContentFragment(24451): setUpSharedViewPoolViewHolder{1bcd9167 position=-1 id=-1, oldPos=-1, pLpos:-1 unbound no parent}
07-06 01:11:34.632 I/BaseContentFragment(24451): create view pool
07-06 01:11:34.632 I/BaseContentFragment(24451): setRowViewSelectedViewHolder{1bcd9167 position=-1 id=-1, oldPos=-1, pLpos:-1 unbound no parent},isSelectedfalse
07-06 01:11:34.632 I/head    (24451): item=com.hisense.leanback.widget.ListRow@157e7b14
07-06 01:11:34.632 I/ContentBridgeAdapterListener(24451): onBind 
07-06 01:11:34.633 I/ContentBridgeAdapterListener(24451): onAttachedToWindow ViewHolder{1bcd9167 position=2 id=-1, oldPos=-1, pLpos:-1}
07-06 01:11:34.635 I/CardSelectionPresenter(24451): onCreateViewHoldercom.hisense.leanback.widget.HorizontalGridView{56e99b2 VFE..... ......I. 0,0-0,0 #7f0d038e app:id/row_content}
07-06 01:11:34.638 D/HttpHandler(24451): VerifySignInterCeptor-->request.url()=http://picture.edu.hismarttv.com/images/20170628103009181182.jpg
07-06 01:11:34.641 D/HttpHandler(24451): VerifySignInterCeptor-->hostname=picture.edu.hismarttv.com
07-06 01:11:34.646 I/CardSelectionPresenter(24451): onBindViewHolder
07-06 01:11:34.646 D/sloven  (24451): 1002---false
07-06 01:11:34.647 I/CardSelectionPresenter(24451): width=400,height=220
07-06 01:11:34.666 D/hailongqiu(24451): hailongqiu position:0
07-06 01:11:34.669 I/CardSelectionPresenter(24451): onCreateViewHoldercom.hisense.leanback.widget.HorizontalGridView{56e99b2 VFE..... ......ID 0,0-1738,279 #7f0d038e app:id/row_content}
07-06 01:11:34.673 I/TVMW@HsTvSetting( 1234): Trace cmd, data = 0x1058
07-06 01:11:34.673 D/til@system( 2026): til_get_system_param option:100002F int:0, bool:0, ret:0
07-06 01:11:34.673 I/TVMW@HsTvSetting( 1234): Trace cmd, data = 0x101f
07-06 01:11:34.674 D/til@system( 2026): til_get_system_param option:100001D int:3, bool:3, ret:0
07-06 01:11:34.674 E/til     ( 2026): [til_get_current_input_source, 101] 
07-06 01:11:34.674 I/TVMW@HsTvSetting( 1234): Trace cmd, data = 0x7007
07-06 01:11:34.674 I/tilwrapper@sm( 2026): HS2TIL_SourceType *hs=0xd, *til=0x900
07-06 01:11:34.674 D/til     ( 2026): get current source 2304
07-06 01:11:34.674 D/SourceRemoteServiceHandler( 2026): getCurrentInputSource.from.til.result is 0, value is 2304
07-06 01:11:34.674 D/SourceRemoteServiceHandler( 2026): getInputSourceType source: 0x900, type=2304
07-06 01:11:34.674 D/til     ( 2026): ###### func:til_get_picture_param option:0x3000006 ######  
07-06 01:11:34.674 I/TVMW@HsTvSetting( 1234): Trace cmd, data = 0x1003
07-06 01:11:34.675 I/TVMW@HsTvSetting( 1234): Trace cmd, data = 0x8032
07-06 01:11:34.675 I/hstvos  ( 1216): [0m[1;33m[HSHAL][HS_VIDEO][HS_HAL_Video_SetOsdDetect_v2][2389]u16Threshold = 20
07-06 01:11:34.675 I/MiSysSrv( 1214): Not support now! 42, change to mm_video!!!
07-06 01:11:34.675 E/TVMW@videoctrl( 1234):  getOsd is 1
07-06 01:11:34.676 D/til@system( 2026): til_get_system_param option:1000027 int:1, bool:1, ret:0
07-06 01:11:34.676 D/til     ( 2026): ###### func:til_get_picture_param option:0x3000045 ######  
07-06 01:11:34.676 I/TVMW@HsTvSetting( 1234): Trace cmd, data = 0x300c
07-06 01:11:34.676 I/TVMW@HsTvSetting( 1234): Trace 3d, data = 0x300c
07-06 01:11:34.676 I/TVMW@3d ( 1234): Hs_debug3d_trace: func:get3dStatus, line:109
07-06 01:11:34.679 I/CardSelectionPresenter(24451): onBindViewHolder
07-06 01:11:34.679 D/sloven  (24451): 1002---false
07-06 01:11:34.680 I/CardSelectionPresenter(24451): width=400,height=220
07-06 01:11:34.684 I/CardSelectionPresenter(24451): onCreateViewHoldercom.hisense.leanback.widget.HorizontalGridView{56e99b2 VFE..... ......ID 0,0-1738,279 #7f0d038e app:id/row_content}
07-06 01:11:34.694 I/CardSelectionPresenter(24451): onBindViewHolder
07-06 01:11:34.694 D/sloven  (24451): 1002---false
07-06 01:11:34.695 I/CardSelectionPresenter(24451): width=400,height=220
07-06 01:11:34.706 I/CardSelectionPresenter(24451): onCreateViewHoldercom.hisense.leanback.widget.HorizontalGridView{56e99b2 VFE..... ......ID 0,0-1738,279 #7f0d038e app:id/row_content}
07-06 01:11:34.715 I/CardSelectionPresenter(24451): onBindViewHolder
07-06 01:11:34.715 D/sloven  (24451): 1002---false
07-06 01:11:34.716 I/CardSelectionPresenter(24451): width=400,height=220
07-06 01:11:34.718 D/OkHttp  (24451): --> GET http://picture.edu.hismarttv.com/images/20170628102959016598.jpg http/1.1
07-06 01:11:34.718 D/OkHttp  (24451): Host: picture.edu.hismarttv.com
07-06 01:11:34.718 D/OkHttp  (24451): Connection: Keep-Alive
07-06 01:11:34.718 D/OkHttp  (24451): Accept-Encoding: gzip
07-06 01:11:34.718 D/OkHttp  (24451): User-Agent: okhttp/3.6.0
07-06 01:11:34.718 D/OkHttp  (24451): --> END GET
07-06 01:11:34.718 D/OkHttp  (24451): --> GET http://picture.edu.hismarttv.com/images/20170628103009181182.jpg http/1.1
07-06 01:11:34.718 D/OkHttp  (24451): Host: picture.edu.hismarttv.com
07-06 01:11:34.719 D/OkHttp  (24451): Connection: Keep-Alive
07-06 01:11:34.719 D/OkHttp  (24451): Accept-Encoding: gzip
07-06 01:11:34.719 D/OkHttp  (24451): User-Agent: okhttp/3.6.0
07-06 01:11:34.719 D/OkHttp  (24451): --> END GET
07-06 01:11:34.725 D/OkHttp  (24451): --> GET http://picture.edu.hismarttv.com/images/20170628103002814396.jpg http/1.1
07-06 01:11:34.725 D/OkHttp  (24451): Host: picture.edu.hismarttv.com
07-06 01:11:34.725 D/OkHttp  (24451): Connection: Keep-Alive
07-06 01:11:34.725 D/OkHttp  (24451): Accept-Encoding: gzip
07-06 01:11:34.725 D/OkHttp  (24451): User-Agent: okhttp/3.6.0
07-06 01:11:34.725 D/OkHttp  (24451): --> END GET
07-06 01:11:34.725 D/HttpHandler(24451): HttpDNS-->hostname=picture.edu.hismarttv.com
07-06 01:11:34.735 D/OkHttp  (24451): <-- 200 OK http://picture.edu.hismarttv.com/images/20170628103009181182.jpg (15ms)
07-06 01:11:34.735 D/OkHttp  (24451): Date: Mon, 03 Jul 2017 11:33:22 GMT
07-06 01:11:34.735 D/OkHttp  (24451): Server: nginx
07-06 01:11:34.735 D/OkHttp  (24451): Content-Type: image/jpeg
07-06 01:11:34.735 D/OkHttp  (24451): Content-Length: 41416
07-06 01:11:34.735 D/OkHttp  (24451): Last-Modified: Wed, 28 Jun 2017 10:30:09 GMT
07-06 01:11:34.735 D/OkHttp  (24451): ETag: "59538531-a1c8"
07-06 01:11:34.735 D/OkHttp  (24451): Accept-Ranges: bytes
07-06 01:11:34.735 D/OkHttp  (24451): Age: 193092
07-06 01:11:34.735 D/OkHttp  (24451): Via: 1.1 pingwangtong49:1 (Cdn Cache Server V2.0)[0 200 0], 1.1 dzhwt36:9 (Cdn Cache Server V2.0)[0 200 0]
07-06 01:11:34.735 D/OkHttp  (24451): Connection: keep-alive
07-06 01:11:34.735 D/OkHttp  (24451): <-- END HTTP
07-06 01:11:34.748 E/RecyclerView(24451): No adapter attached; skipping layout
07-06 01:11:34.748 E/RecyclerView(24451): No adapter attached; skipping layout
07-06 01:11:34.749 D/Carousel-CarouselView(24451): ============>onScrollChanged hashCode:752787492
07-06 01:11:34.758 D/HttpHandler(24451): RAMCache-->hostInfo.getClientTimeStamp()=23535489
07-06 01:11:34.758 D/HttpHandler(24451): RAMCache-->hostInfo.getTtl()=300
07-06 01:11:34.759 D/HttpHandler(24451): RAMCache-->SystemClock.elapsedRealtime()=23536330
07-06 01:11:34.762 D/OkHttp  (24451): <-- 200 OK http://picture.edu.hismarttv.com/images/20170628102959016598.jpg (44ms)
07-06 01:11:34.762 D/OkHttp  (24451): Date: Mon, 03 Jul 2017 09:54:52 GMT
07-06 01:11:34.762 D/OkHttp  (24451): Server: nginx
07-06 01:11:34.762 D/OkHttp  (24451): Content-Type: image/jpeg
07-06 01:11:34.762 D/OkHttp  (24451): Content-Length: 40292
07-06 01:11:34.762 D/OkHttp  (24451): Last-Modified: Wed, 28 Jun 2017 10:29:59 GMT
07-06 01:11:34.762 D/OkHttp  (24451): ETag: "59538527-9d64"
07-06 01:11:34.762 D/OkHttp  (24451): Accept-Ranges: bytes
07-06 01:11:34.762 D/OkHttp  (24451): Age: 199002
07-06 01:11:34.762 D/OkHttp  (24451): Via: 1.1 chzhwt171:6 (Cdn Cache Server V2.0)[6 200 0], 1.1 changwangtong80:9 (Cdn Cache Server V2.0)[0 200 0]
07-06 01:11:34.762 D/OkHttp  (24451): Connection: keep-alive
07-06 01:11:34.762 D/OkHttp  (24451): <-- END HTTP
07-06 01:11:34.763 D/HttpHandler(24451): DNSHelper-->gslbDns=["125.46.22.134","36.33.158.222","218.58.206.58","123.128.14.209","153.35.175.121","220.202.77.124","153.35.175.120"]
07-06 01:11:34.766 D/OkHttp  (24451): <-- 200 OK http://picture.edu.hismarttv.com/images/20170628103002814396.jpg (40ms)
07-06 01:11:34.766 D/OkHttp  (24451): Date: Mon, 03 Jul 2017 09:54:51 GMT
07-06 01:11:34.766 D/OkHttp  (24451): Server: nginx
07-06 01:11:34.766 D/OkHttp  (24451): Content-Type: image/jpeg
07-06 01:11:34.766 D/OkHttp  (24451): Content-Length: 54264
07-06 01:11:34.766 D/OkHttp  (24451): Last-Modified: Wed, 28 Jun 2017 10:30:02 GMT
07-06 01:11:34.766 D/OkHttp  (24451): ETag: "5953852a-d3f8"
07-06 01:11:34.766 D/OkHttp  (24451): Accept-Ranges: bytes
07-06 01:11:34.766 D/OkHttp  (24451): Age: 199003
07-06 01:11:34.766 D/OkHttp  (24451): Via: 1.1 chzhwt171:8 (Cdn Cache Server V2.0)[15 200 0], 1.1 changwangtong84:5 (Cdn Cache Server V2.0)[0 200 0]
07-06 01:11:34.766 D/OkHttp  (24451): Connection: keep-alive
07-06 01:11:34.766 D/OkHttp  (24451): <-- END HTTP
07-06 01:11:34.771 D/HttpHandler(24451): RetryIntercepter-->retryNum=0
07-06 01:11:34.771 D/HttpHandler(24451): RetryIntercepter-->backoffmutiplier=0
07-06 01:11:34.774 D/HttpHandler(24451): RetryIntercepter-->retryNum=0
07-06 01:11:34.774 D/HttpHandler(24451): RetryIntercepter-->backoffmutiplier=0
07-06 01:11:34.775 I/MyFragmentStateAdapter(24451): getCount
07-06 01:11:34.789 D/gralloc ( 1204): allocate buffer from ION HEAP 0x1
07-06 01:11:34.789 D/gralloc ( 1204): allocate memory from system heap
07-06 01:11:34.836 D/HomeMainActivity(24451): local vipDialogStr id list is : 
07-06 01:11:34.836 I/HomeMainActivity(24451): mBeginHttpTime : 23536408
07-06 01:11:34.837 V/HttpDnsUtils(24451): getUserType(): --url = http://api.edu.hismarttv.com/payment/api/query/user_type/dialog_info
07-06 01:11:34.837 I/HttpBuilder(24451): addUrlPublicParams mUrl ==>http://api.edu.hismarttv.com/payment/api/query/user_type/dialog_info?orderType=0
07-06 01:11:34.839 D/til@system( 2026): til_get_system_param option:1000007 int:-1936525184, bool:128, ret:0
07-06 01:11:34.840 D/til@system( 2026): til_get_system_param option:1000009 int:-1936523008, bool:0, ret:0
07-06 01:11:34.840 D/HttpHandler(24451): RetryIntercepter-->retryNum=0
07-06 01:11:34.840 D/HttpHandler(24451): RetryIntercepter-->backoffmutiplier=0
07-06 01:11:34.843 D/til@system( 2026): til_get_system_param option:1000008 int:-1936522112, bool:128, ret:0
07-06 01:11:34.843 D/HttpBuilder(24451): getOperationDetail-productName : LED50MU8600UC
07-06 01:11:34.843 D/HttpBuilder(24451): getOperationDetail-plmNumber : 88888
07-06 01:11:34.843 D/HttpBuilder(24451): getOperationDetail-swVersion : V0000.00.01A
07-06 01:11:34.843 D/HttpBuilder(24451): getOperationDetail-operationDetail : LED50MU8600UC0000888
07-06 01:11:34.848 D/OkHttp  (24451): --> GET http://picture.edu.hismarttv.com/images/20170629010146422927.jpg http/1.1
07-06 01:11:34.848 D/OkHttp  (24451): Host: picture.edu.hismarttv.com
07-06 01:11:34.848 D/OkHttp  (24451): Connection: Keep-Alive
07-06 01:11:34.848 D/OkHttp  (24451): Accept-Encoding: gzip
07-06 01:11:34.848 D/OkHttp  (24451): User-Agent: okhttp/3.6.0
07-06 01:11:34.848 D/OkHttp  (24451): --> END GET
07-06 01:11:34.864 D/NativeDecimalFormat( 4361): NativeDecimalFormat_close print addr=547942759936
07-06 01:11:34.864 D/NativeDecimalFormat( 4361): NativeDecimalFormat_close print g_addr=547820552704
07-06 01:11:34.864 D/NativeDecimalFormat( 4361): NativeDecimalFormat_close print addr=547942064384
07-06 01:11:34.864 D/NativeDecimalFormat( 4361): NativeDecimalFormat_close print g_addr=547820552704
07-06 01:11:34.864 D/NativeDecimalFormat( 4361): NativeDecimalFormat_close print addr=547942763008
07-06 01:11:34.864 D/NativeDecimalFormat( 4361): NativeDecimalFormat_close print g_addr=547820552704
07-06 01:11:34.864 D/NativeDecimalFormat( 4361): NativeDecimalFormat_close print addr=547942764544
07-06 01:11:34.864 D/NativeDecimalFormat( 4361): NativeDecimalFormat_close print g_addr=547820552704
07-06 01:11:34.864 D/NativeDecimalFormat( 4361): NativeDecimalFormat_close print addr=547820550400
07-06 01:11:34.864 D/NativeDecimalFormat( 4361): NativeDecimalFormat_close print g_addr=547820552704
07-06 01:11:34.864 D/NativeDecimalFormat( 4361): NativeDecimalFormat_close print addr=547820551168
07-06 01:11:34.864 D/NativeDecimalFormat( 4361): NativeDecimalFormat_close print g_addr=547820552704
07-06 01:11:34.864 D/NativeDecimalFormat( 4361): NativeDecimalFormat_close print addr=547820551936
07-06 01:11:34.864 D/NativeDecimalFormat( 4361): NativeDecimalFormat_close print g_addr=547820552704
07-06 01:11:34.864 D/NativeDecimalFormat( 4361): NativeDecimalFormat_close print addr=547820552704
07-06 01:11:34.864 D/NativeDecimalFormat( 4361): NativeDecimalFormat_close print g_addr=547820552704
07-06 01:11:34.903 I/HttpBuilder(24451): addUrlPublicParams mUrl ==>http://api.edu.hismarttv.com/payment/api/query/user_type/dialog_info?orderType=0&uuid=13287129&mac=a8:a6:48:18:fc:a8&devid=86100300900000500000060a4818fca8&version=00.002.003&subscriberId=13287129&customerId=7195320&model_id=0&APPPackage=com.hisense.hicloud.edca&PFAPPCode=652&APPVersionName=3.0.0.9.00&ChannelId=0&softwareVersion=LED50MU8600UC0000888&tv_distribute_id=00&devType=0&APIVersion=600&accessToken=72DF6038D2AEAB8A76DFBBBBCC428A4A_000902392272741
07-06 01:11:34.907 D/HttpHandler(24451): VerifySignInterCeptor-->request.url()=http://api.edu.hismarttv.com/payment/api/query/user_type/dialog_info?orderType=0&uuid=13287129&mac=a8:a6:48:18:fc:a8&devid=86100300900000500000060a4818fca8&version=00.002.003&subscriberId=13287129&customerId=7195320&model_id=0&APPPackage=com.hisense.hicloud.edca&PFAPPCode=652&APPVersionName=3.0.0.9.00&ChannelId=0&softwareVersion=LED50MU8600UC0000888&tv_distribute_id=00&devType=0&APIVersion=600&accessToken=72DF6038D2AEAB8A76DFBBBBCC428A4A_000902392272741
07-06 01:11:34.907 D/HttpHandler(24451): VerifySignInterCeptor-->hostname=api.edu.hismarttv.com
07-06 01:11:34.909 I/CheckUpdateReceiver(24451): latest version == null
07-06 01:11:34.910 D/SUSLog  (24451): CheckAppUpdateService>>onDestroy
07-06 01:11:34.911 D/CommonHeader(24451): app logo isRotate: true
07-06 01:11:34.911 I/Choreographer(24451): Skipped 58 frames!  The application may be doing too much work on its main thread.
07-06 01:11:34.912 D/TabFocusBorderView(24451): SLOVEN onAnimationCancel
07-06 01:11:34.912 D/TabFocusBorderView(24451): SLOVEN onAnimationEnd
07-06 01:11:34.912 D/TabView (24451): SLOVEN border top===>:296---407
07-06 01:11:34.912 D/TabFocusBorderView(24451): SLOVEN onAnimationEnd
07-06 01:11:34.913 D/TabView (24451): SLOVEN border top===>:296---407
07-06 01:11:34.922 W/ActivityManager( 1733): Activity destroy timeout for ActivityRecord{1d35262d u0 com.jamdeo.launcher/.app.BaseTileActivity t5589 f}
07-06 01:11:34.931 D/OsdMonitorService( 1733): mCurrentWindow = com.hisense.hicloud.edca/com.hisense.tvui.newhome.HomeMainActivity; newWindow = com.hisense.hicloud.edca/com.hisense.tvui.newhome.HomeMainActivity; isSubWindow = false; isInWinList = false; isExitNow = false
07-06 01:11:34.931 D/OsdMonitorService( 1733): windowNotOsd() : name = com.hisense.hicloud.edca/com.hisense.tvui.newhome.HomeMainActivity
07-06 01:11:34.931 I/OsdMonitorService( 1733): setOsdStatus() : status will change from true to true
07-06 01:11:34.932 D/MC_MEMORY( 4735): max: 256.261888 Mb, heap: 10.10782 Mb, allocated: 10.10319 Mb, free: 0.463 Mb, native heap: 12.12276 Mb, native allocated: 8.8394 Mb, native free: 3.3882 Mb
07-06 01:11:34.932 D/PowerManagerService( 1733): setScreenBrightnessOverrideFromWindowManagerInternal done
07-06 01:11:34.941 I/TVMW@devctrl( 1234): wdt
07-06 01:11:34.941 D/Surface (24451): onStatusChange() : mNativeObject = 0 mUseImageHwRender = false
07-06 01:11:34.960 I/FirstLineAdapter(24451): canShowTrailer,isOffline=false
07-06 01:11:34.967 D/HiNetworkImpl(24451): doHttp_Asyn(): onReqResponse isSuccessful = true, back from thread: main
07-06 01:11:34.968 E/TabView (24451): tab2
07-06 01:11:34.968 D/TabView (24451): SLOVEN mTopmBorderTop===>:410266
07-06 01:11:34.968 D/TabView (24451): tab scroll up listview
07-06 01:11:34.968 D/TabFocusBorderView(24451): SLOVEN justchangeWidth
07-06 01:11:34.968 D/TabFocusBorderView(24451): SLOVEN widthmWidth===>:220220
07-06 01:11:34.982 D/TabFocusBorderView(24451): SLOVEN onAnimationStart
07-06 01:11:34.983 D/TabView (24451): SLOVEN mTopmBorderTop===>:407266
07-06 01:11:34.983 D/TabView (24451): setSelectedTabView
07-06 01:11:34.986 I/HiNetworkImpl(24451): doHttp_Asyn(): onSuccess clazz = class com.hisense.tvui.newhome.bean.SelectionBean, back from thread: main
07-06 01:11:34.986 I/HomeDataPresenter(24451): getRecommandData() onSuccess: RoleContentFragment645677202
07-06 01:11:34.987 I/RoleContentFragment(24451): recommandlist={10003=0, 10002=8}
07-06 01:11:34.987 I/RoleContentFragment(24451): lineIndex=0,id=10002,pos=8
07-06 01:11:34.987 I/RoleContentFragment(24451): ,addItemSize=25
07-06 01:11:34.987 I/RoleContentFragment(24451): origin pos=8
07-06 01:11:34.987 I/RoleContentFragment(24451): offset pos=2
07-06 01:11:34.987 I/RoleContentFragment(24451): array size=11
07-06 01:11:34.987 I/RoleContentFragment(24451): lineIndex=1,id=10003,pos=0
07-06 01:11:34.988 I/RoleContentFragment(24451): ,addItemSize=24
07-06 01:11:34.988 I/RoleContentFragment(24451): origin pos=0
07-06 01:11:34.988 I/RoleContentFragment(24451): offset pos=2
07-06 01:11:34.988 I/RoleContentFragment(24451): array size=11
07-06 01:11:35.000 I/RoleContentFragment(24451): setBackGroundUrl=http://picture.edu.hismarttv.com/images/20170628104504467308.jpg,view=android.support.v4.widget.SlidingPaneLayout{2cd49216 V.ED.... ......ID 0,0-1920,1080 #7f0d00af app:id/slide_layout}
07-06 01:11:35.001 D/Carousel-MyListView(24451): onItemSelected position:1
07-06 01:11:35.002 D/Carousel-CarouselListView(24451): onItemSelected position:1,type:3
07-06 01:11:35.019 I/FirstLineAdapter(24451): canShowTrailer,isOffline=false
07-06 01:11:35.039 I/MyFragmentStateAdapter(24451): getCount
07-06 01:11:35.039 I/MyFragmentStateAdapter(24451): getCount
07-06 01:11:35.039 I/MyFragmentStateAdapter(24451): getCount
07-06 01:11:35.039 I/MyFragmentStateAdapter(24451): getCount
07-06 01:11:35.040 I/TabView (24451): onScroll:,firstItem=0,visibleCount=6,totalCount=10
07-06 01:11:35.040 I/FirstLineAdapter(24451): canShowTrailer,isOffline=false
07-06 01:11:35.041 I/FirstLineAdapter(24451): canShowTrailer,isOffline=false
07-06 01:11:35.041 I/FirstLineAdapter(24451): canShowTrailer,isOffline=false
07-06 01:11:35.041 I/FirstLineAdapter(24451): canShowTrailer,isOffline=false
07-06 01:11:35.041 I/FirstLineAdapter(24451): canShowTrailer,isOffline=false
07-06 01:11:35.041 I/FirstLineAdapter(24451): canShowTrailer,isOffline=false
07-06 01:11:35.041 I/FirstLineAdapter(24451): canShowTrailer,isOffline=false
07-06 01:11:35.043 E/WebcastSDK-WebcastManager(24451): finally setAppServiceDomainList.
07-06 01:11:35.044 D/Carousel-CarouselChannelItemView(24451): Listitem imageUrl:http://picture.edu.hismarttv.com/images/20170628102959016598.jpg
07-06 01:11:35.046 D/Carousel-CarouselChannelItemView(24451): Listitem imageUrl:http://picture.edu.hismarttv.com/images/20170628103002814396.jpg
07-06 01:11:35.047 D/Carousel-CarouselChannelItemView(24451): Listitem imageUrl:http://picture.edu.hismarttv.com/images/20170628103009181182.jpg
07-06 01:11:35.048 D/Carousel-CarouselChannelItemView(24451): Listitem imageUrl:http://picture.edu.hismarttv.com/images/20170628102959016598.jpg
07-06 01:11:35.053 D/Carousel-CarouselChannelItemView(24451): Listitem imageUrl:http://picture.edu.hismarttv.com/images/20170628103002814396.jpg
07-06 01:11:35.055 D/Carousel-CarouselChannelItemView(24451): Listitem imageUrl:http://picture.edu.hismarttv.com/images/20170628103009181182.jpg
07-06 01:11:35.059 I/FirstLineAdapter(24451): canShowTrailer,isOffline=false
07-06 01:11:35.059 I/FirstLineAdapter(24451): canShowTrailer,isOffline=false
07-06 01:11:35.060 I/head    (24451): item=com.hisense.leanback.widget.ListRow@25c74788
07-06 01:11:35.060 I/CardSelectionPresenter(24451): onViewDetachedFromWindow mTitleTx = 
07-06 01:11:35.062 I/CardSelectionPresenter(24451): onViewDetachedFromWindow mTitleTx = 
07-06 01:11:35.063 I/CardSelectionPresenter(24451): onViewDetachedFromWindow mTitleTx = 
07-06 01:11:35.063 I/CardSelectionPresenter(24451): onUnbindViewHolder mTitleTx = 
07-06 01:11:35.071 I/CardSelectionPresenter(24451): onViewDetachedFromWindow mTitleTx = 
07-06 01:11:35.071 I/CardSelectionPresenter(24451): onUnbindViewHolder mTitleTx = 
07-06 01:11:35.072 I/CardSelectionPresenter(24451): onUnbindViewHolder mTitleTx = 
07-06 01:11:35.072 I/CardSelectionPresenter(24451): onUnbindViewHolder mTitleTx = 
07-06 01:11:35.072 I/ContentBridgeAdapterListener(24451): onBind 
07-06 01:11:35.074 I/CardSelectionPresenter(24451): onCreateViewHoldercom.hisense.leanback.widget.HorizontalGridView{56e99b2 VFE..... ......ID 0,0-1738,279 #7f0d038e app:id/row_content}
07-06 01:11:35.074 I/UsageStatsService( 1733): User[0] Flushing usage stats to disk
07-06 01:11:35.083 I/CardSelectionPresenter(24451): onBindViewHolder
07-06 01:11:35.083 D/sloven  (24451): 1002---true
07-06 01:11:35.083 I/CardSelectionPresenter(24451): width=400,height=220
07-06 01:11:35.105 I/CardSelectionPresenter(24451): onUnbindViewHolder mTitleTx = 
07-06 01:11:35.105 I/CardSelectionPresenter(24451): onBindViewHolder
07-06 01:11:35.105 D/sloven  (24451): 1002---true
07-06 01:11:35.106 I/CardSelectionPresenter(24451): width=400,height=220
07-06 01:11:35.106 D/hailongqiu(24451): hailongqiu position:0
07-06 01:11:35.115 I/CardSelectionPresenter(24451): onCreateViewHoldercom.hisense.leanback.widget.HorizontalGridView{56e99b2 VFE..... ......ID 0,0-1738,279 #7f0d038e app:id/row_content}
07-06 01:11:35.127 I/CardSelectionPresenter(24451): onBindViewHolder
07-06 01:11:35.127 D/sloven  (24451): 1002---true
07-06 01:11:35.127 I/CardSelectionPresenter(24451): width=400,height=220
07-06 01:11:35.133 I/CardSelectionPresenter(24451): onCreateViewHoldercom.hisense.leanback.widget.HorizontalGridView{56e99b2 VFE..... ......ID 0,0-1738,279 #7f0d038e app:id/row_content}
07-06 01:11:35.143 I/CardSelectionPresenter(24451): onBindViewHolder
07-06 01:11:35.144 D/sloven  (24451): 1002---true
07-06 01:11:35.144 I/CardSelectionPresenter(24451): width=400,height=220
07-06 01:11:35.147 I/CardSelectionPresenter(24451): onCreateViewHoldercom.hisense.leanback.widget.HorizontalGridView{56e99b2 VFE..... ......ID 0,0-1738,279 #7f0d038e app:id/row_content}
07-06 01:11:35.157 I/CardSelectionPresenter(24451): onBindViewHolder
07-06 01:11:35.157 D/sloven  (24451): 1002---true
07-06 01:11:35.157 I/CardSelectionPresenter(24451): width=400,height=220
07-06 01:11:35.171 I/CardSelectionPresenter(24451): onCreateViewHoldercom.hisense.leanback.widget.HorizontalGridView{56e99b2 VFE..... ......ID 0,0-1738,279 #7f0d038e app:id/row_content}
07-06 01:11:35.177 I/TVMW@HsTvSetting( 1234): Trace cmd, data = 0x1058
07-06 01:11:35.180 I/CardSelectionPresenter(24451): onBindViewHolder
07-06 01:11:35.181 D/sloven  (24451): 1002---true
07-06 01:11:35.181 I/CardSelectionPresenter(24451): width=0,height=220
07-06 01:11:35.181 D/til@system( 2026): til_get_system_param option:100002F int:0, bool:0, ret:0
07-06 01:11:35.182 I/TVMW@HsTvSetting( 1234): Trace cmd, data = 0x101f
07-06 01:11:35.182 D/til@system( 2026): til_get_system_param option:100001D int:3, bool:3, ret:0
07-06 01:11:35.182 E/til     ( 2026): [til_get_current_input_source, 101] 
07-06 01:11:35.182 I/TVMW@HsTvSetting( 1234): Trace cmd, data = 0x7007
07-06 01:11:35.182 I/tilwrapper@sm( 2026): HS2TIL_SourceType *hs=0xd, *til=0x900
07-06 01:11:35.182 D/til     ( 2026): get current source 2304
07-06 01:11:35.183 D/SourceRemoteServiceHandler( 2026): getCurrentInputSource.from.til.result is 0, value is 2304
07-06 01:11:35.183 D/SourceRemoteServiceHandler( 2026): getInputSourceType source: 0x900, type=2304
07-06 01:11:35.183 D/til     ( 2026): ###### func:til_get_picture_param option:0x3000006 ######  
07-06 01:11:35.183 I/TVMW@HsTvSetting( 1234): Trace cmd, data = 0x1003
07-06 01:11:35.183 I/TVMW@HsTvSetting( 1234): Trace cmd, data = 0x8032
07-06 01:11:35.184 I/hstvos  ( 1216): [0m[1;33m[HSHAL][HS_VIDEO][HS_HAL_Video_SetOsdDetect_v2][2389]u16Threshold = 20
07-06 01:11:35.184 I/MiSysSrv( 1214): Not support now! 42, change to mm_video!!!
07-06 01:11:35.184 E/TVMW@videoctrl( 1234):  getOsd is 1
07-06 01:11:35.184 D/til@system( 2026): til_get_system_param option:1000027 int:1, bool:1, ret:0
07-06 01:11:35.185 D/til     ( 2026): ###### func:til_get_picture_param option:0x3000045 ######  
07-06 01:11:35.185 I/TVMW@HsTvSetting( 1234): Trace cmd, data = 0x300c
07-06 01:11:35.185 I/TVMW@HsTvSetting( 1234): Trace 3d, data = 0x300c
07-06 01:11:35.185 I/TVMW@3d ( 1234): Hs_debug3d_trace: func:get3dStatus, line:109
07-06 01:11:35.197 D/Carousel-CarouselView(24451): ============>onScrollChanged hashCode:752787492
07-06 01:11:35.210 I/MyFragmentStateAdapter(24451): getCount
07-06 01:11:35.216 D/gralloc ( 1204): allocate buffer from ION HEAP 0x1
07-06 01:11:35.216 D/gralloc ( 1204): allocate memory from system heap
07-06 01:11:35.233 D/Carousel-MyListView(24451): setSelectionAndPadding position:1
07-06 01:11:35.235 D/HttpHandler(24451): HttpDNS-->hostname=api.edu.hismarttv.com
07-06 01:11:35.236 D/HttpHandler(24451): RAMCache-->hostInfo.getClientTimeStamp()=23531450
07-06 01:11:35.236 D/HttpHandler(24451): RAMCache-->hostInfo.getTtl()=3600
07-06 01:11:35.236 D/HttpHandler(24451): RAMCache-->SystemClock.elapsedRealtime()=23536808
07-06 01:11:35.241 D/HttpHandler(24451): DNSHelper-->gslbDns=["123.103.91.123"]
07-06 01:11:35.269 D/OkHttp  (24451): --> GET http://api.edu.hismarttv.com/payment/api/query/user_type/dialog_info?orderType=0&uuid=13287129&mac=a8:a6:48:18:fc:a8&devid=86100300900000500000060a4818fca8&version=00.002.003&subscriberId=13287129&customerId=7195320&model_id=0&APPPackage=com.hisense.hicloud.edca&PFAPPCode=652&APPVersionName=3.0.0.9.00&ChannelId=0&softwareVersion=LED50MU8600UC0000888&tv_distribute_id=00&devType=0&APIVersion=600&accessToken=72DF6038D2AEAB8A76DFBBBBCC428A4A_000902392272741 http/1.1
07-06 01:11:35.269 D/OkHttp  (24451): Data_Type: JSON
07-06 01:11:35.269 D/OkHttp  (24451): RetryTime: 0
07-06 01:11:35.269 D/OkHttp  (24451): Backoffmutiplier: 0
07-06 01:11:35.269 D/OkHttp  (24451): Host: api.edu.hismarttv.com
07-06 01:11:35.269 D/OkHttp  (24451): Connection: Keep-Alive
07-06 01:11:35.269 D/OkHttp  (24451): Accept-Encoding: gzip
07-06 01:11:35.269 D/OkHttp  (24451): User-Agent: okhttp/3.6.0
07-06 01:11:35.269 D/OkHttp  (24451): --> END GET
07-06 01:11:35.286 D/TabFocusBorderView(24451): SLOVEN onAnimationEnd
07-06 01:11:35.286 D/TabView (24451): SLOVEN border top===>:296---407
07-06 01:11:35.287 I/MyFragmentStateAdapter(24451): getCount
07-06 01:11:35.287 I/MyFragmentStateAdapter(24451): getCount
07-06 01:11:35.288 I/MyFragmentStateAdapter(24451): getCount
07-06 01:11:35.288 I/MyFragmentStateAdapter(24451): getCount
07-06 01:11:35.288 I/TabView (24451): onScroll:,firstItem=0,visibleCount=6,totalCount=10
07-06 01:11:35.288 I/FirstLineAdapter(24451): canShowTrailer,isOffline=false
07-06 01:11:35.288 I/FirstLineAdapter(24451): canShowTrailer,isOffline=false
07-06 01:11:35.289 I/FirstLineAdapter(24451): canShowTrailer,isOffline=false
07-06 01:11:35.289 I/FirstLineAdapter(24451): canShowTrailer,isOffline=false
07-06 01:11:35.289 I/FirstLineAdapter(24451): canShowTrailer,isOffline=false
07-06 01:11:35.289 I/FirstLineAdapter(24451): canShowTrailer,isOffline=false
07-06 01:11:35.289 I/FirstLineAdapter(24451): canShowTrailer,isOffline=false
07-06 01:11:35.289 D/Carousel-CarouselChannelItemView(24451): Listitem imageUrl:http://picture.edu.hismarttv.com/images/20170628102959016598.jpg
07-06 01:11:35.291 D/Carousel-CarouselChannelItemView(24451): Listitem imageUrl:http://picture.edu.hismarttv.com/images/20170628103002814396.jpg
07-06 01:11:35.292 D/Carousel-CarouselChannelItemView(24451): Listitem imageUrl:http://picture.edu.hismarttv.com/images/20170628103009181182.jpg
