07-05 23:44:41.298 D/OkHttp  ( 9198): --> GET http://picture.edu.hismarttv.com/images/20170628103002814396.jpg http/1.1
07-05 23:44:41.298 D/OkHttp  ( 9198): Host: picture.edu.hismarttv.com
07-05 23:44:41.298 D/OkHttp  ( 9198): Connection: Keep-Alive
07-05 23:44:41.298 D/OkHttp  ( 9198): Accept-Encoding: gzip
07-05 23:44:41.298 D/OkHttp  ( 9198): User-Agent: okhttp/3.6.0
07-05 23:44:41.298 D/OkHttp  ( 9198): --> END GET
07-05 23:44:41.300 D/HttpHandler( 9198): VerifySignInterCeptor-->request.url()=http://picture.edu.hismarttv.com/images/20170628102959016598.jpg
07-05 23:44:41.300 D/HttpHandler( 9198): VerifySignInterCeptor-->hostname=picture.edu.hismarttv.com
07-05 23:44:41.301 D/OkHttp  ( 9198): --> GET http://picture.edu.hismarttv.com/images/20170628102959016598.jpg http/1.1
07-05 23:44:41.301 D/OkHttp  ( 9198): Host: picture.edu.hismarttv.com
07-05 23:44:41.301 D/OkHttp  ( 9198): Connection: Keep-Alive
07-05 23:44:41.301 D/OkHttp  ( 9198): Accept-Encoding: gzip
07-05 23:44:41.301 D/OkHttp  ( 9198): User-Agent: okhttp/3.6.0
07-05 23:44:41.301 D/OkHttp  ( 9198): --> END GET
07-05 23:44:41.311 D/OkHttp  ( 9198): <-- 200 OK http://picture.edu.hismarttv.com/images/20170629010146422927.jpg (32ms)
07-05 23:44:41.311 D/OkHttp  ( 9198): Date: Wed, 05 Jul 2017 14:11:52 GMT
07-05 23:44:41.311 D/OkHttp  ( 9198): Server: nginx
07-05 23:44:41.311 D/OkHttp  ( 9198): Content-Type: image/jpeg
07-05 23:44:41.311 D/OkHttp  ( 9198): Content-Length: 145373
07-05 23:44:41.311 D/OkHttp  ( 9198): Last-Modified: Thu, 29 Jun 2017 01:01:46 GMT
07-05 23:44:41.311 D/OkHttp  ( 9198): ETag: "5954517a-237dd"
07-05 23:44:41.311 D/OkHttp  ( 9198): Accept-Ranges: bytes
07-05 23:44:41.311 D/OkHttp  ( 9198): Age: 5569
07-05 23:44:41.311 D/OkHttp  ( 9198): Via: 1.1 shzh54:1 (Cdn Cache Server V2.0)[7 200 0], 1.1 PSahmaswt2ua207:6 (Cdn Cache Server V2.0)[0 200 0]
07-05 23:44:41.311 D/OkHttp  ( 9198): Connection: keep-alive
07-05 23:44:41.311 D/OkHttp  ( 9198): <-- END HTTP
07-05 23:44:41.313 D/HttpHandler( 9198): RetryIntercepter-->retryNum=0
07-05 23:44:41.313 D/HttpHandler( 9198): RetryIntercepter-->backoffmutiplier=0
07-05 23:44:41.317 D/OkHttp  ( 9198): <-- 200 OK http://picture.edu.hismarttv.com/images/20170628103002814396.jpg (19ms)
07-05 23:44:41.317 D/OkHttp  ( 9198): Date: Mon, 03 Jul 2017 11:02:37 GMT
07-05 23:44:41.317 D/OkHttp  ( 9198): Server: nginx
07-05 23:44:41.317 D/OkHttp  ( 9198): Content-Type: image/jpeg
07-05 23:44:41.317 D/OkHttp  ( 9198): Content-Length: 54264
07-05 23:44:41.318 D/OkHttp  ( 9198): Last-Modified: Wed, 28 Jun 2017 10:30:02 GMT
07-05 23:44:41.318 D/OkHttp  ( 9198): ETag: "5953852a-d3f8"
07-05 23:44:41.318 D/OkHttp  ( 9198): Accept-Ranges: bytes
07-05 23:44:41.318 D/OkHttp  ( 9198): Age: 189724
07-05 23:44:41.318 D/OkHttp  ( 9198): Via: 1.1 chzhwt171:8 (Cdn Cache Server V2.0)[0 200 0], 1.1 t93:5 (Cdn Cache Server V2.0)[0 200 0]
07-05 23:44:41.318 D/OkHttp  ( 9198): Connection: keep-alive
07-05 23:44:41.318 D/OkHttp  ( 9198): <-- END HTTP
07-05 23:44:41.318 D/MC_MEMORY( 8248): max: 256.261888 Mb, heap: 10.10798 Mb, allocated: 8.8756 Mb, free: 1.2042 Mb, native heap: 12.12276 Mb, native allocated: 8.8339 Mb, native free: 3.3937 Mb
07-05 23:44:41.320 D/HttpHandler( 9198): RetryIntercepter-->retryNum=0
07-05 23:44:41.321 D/HttpHandler( 9198): RetryIntercepter-->backoffmutiplier=0
07-05 23:44:41.339 D/OkHttp  ( 9198): <-- 200 OK http://picture.edu.hismarttv.com/images/20170628102959016598.jpg (38ms)
07-05 23:44:41.339 D/OkHttp  ( 9198): Date: Wed, 05 Jul 2017 14:31:56 GMT
07-05 23:44:41.339 D/OkHttp  ( 9198): Server: nginx
07-05 23:44:41.339 D/OkHttp  ( 9198): Content-Type: image/jpeg
07-05 23:44:41.339 D/OkHttp  ( 9198): Content-Length: 40292
07-05 23:44:41.339 D/OkHttp  ( 9198): Last-Modified: Wed, 28 Jun 2017 10:29:59 GMT
07-05 23:44:41.339 D/OkHttp  ( 9198): ETag: "59538527-9d64"
07-05 23:44:41.339 D/OkHttp  ( 9198): Accept-Ranges: bytes
07-05 23:44:41.339 D/OkHttp  ( 9198): Age: 4365
07-05 23:44:41.339 D/OkHttp  ( 9198): Via: 1.1 chzhwt171:6 (Cdn Cache Server V2.0)[0 200 0], 1.1 PSahmaswt2ak213:8 (Cdn Cache Server V2.0)[0 200 0]
07-05 23:44:41.339 D/OkHttp  ( 9198): Connection: keep-alive
07-05 23:44:41.339 D/OkHttp  ( 9198): <-- END HTTP
07-05 23:44:41.345 D/HttpHandler( 9198): RetryIntercepter-->retryNum=0
07-05 23:44:41.345 D/HttpHandler( 9198): RetryIntercepter-->backoffmutiplier=0
07-05 23:44:41.359 I/dex2oat ( 9318): dex2oat took 4.129s (threads: 4) arena alloc=224KB java alloc=10MB native alloc=5MB free=10MB
07-05 23:44:41.369 I/MiSysSrv( 1214): [37m[INFO] Change to Voltage: 112 mv (0x2D)[m
07-05 23:44:41.370 I/CheckUpdateReceiver( 9198): latest version == null
07-05 23:44:41.375 D/SUSLog  ( 9198): CheckAppUpdateService>>onDestroy
07-05 23:44:41.376 D/CommonHeader( 9198): app logo isRotate: true
07-05 23:44:41.377 I/Choreographer( 9198): Skipped 62 frames!  The application may be doing too much work on its main thread.
07-05 23:44:41.377 D/TabFocusBorderView( 9198): SLOVEN onAnimationCancel
07-05 23:44:41.378 D/TabFocusBorderView( 9198): SLOVEN onAnimationEnd
07-05 23:44:41.378 D/TabView ( 9198): SLOVEN border top===>:296---407
07-05 23:44:41.379 D/TabFocusBorderView( 9198): SLOVEN onAnimationEnd
07-05 23:44:41.379 D/TabView ( 9198): SLOVEN border top===>:296---407
07-05 23:44:41.381 W/PluginProviderBuilder( 9198): createDexClassLoader() return dalvik.system.DexClassLoader[DexPathList[[zip file "/data/data/com.hisense.hicloud.edca/files/plugin/2.1.0.59986/pluginplayer/1.64.0.59984/pluginplayer-release-1.64.0.59984.apk"],nativeLibraryDirectories=[/vendor/lib, /system/lib]]]
07-05 23:44:41.384 W/ContextClassLoaderSwitcher( 9198): ClassLoaderSwitcher doSwitch(com.hisense.hicloud.edca.BaseApplication@2adbac5c, dalvik.system.DexClassLoader[DexPathList[[zip file "/data/data/com.hisense.hicloud.edca/files/plugin/2.1.0.59986/pluginplayer/1.64.0.59984/pluginplayer-release-1.64.0.59984.apk"],nativeLibraryDirectories=[/vendor/lib, /system/lib]]])
07-05 23:44:41.385 W/ObjectMethodHolder( 9198): >> invoke() mMethodName=getBaseContext, mCached=false, mCacheValue=true, mMethod=null
07-05 23:44:41.389 W/ObjectMethodHolder( 9198): << invoke() mMethodName=getBaseContext, mCached=true, mCacheValue=true, mMethod=public android.content.Context android.content.ContextWrapper.getBaseContext() return android.app.ContextImpl{android.app.ContextImpl@199e9a70}
07-05 23:44:41.390 W/ObjectMethodHolder( 9198): >> invoke() mMethodName=getClassLoader, mCached=false, mCacheValue=true, mMethod=null
07-05 23:44:41.390 W/ObjectMethodHolder( 9198): << invoke() mMethodName=getClassLoader, mCached=true, mCacheValue=true, mMethod=public java.lang.ClassLoader android.app.LoadedApk.getClassLoader() return dalvik.system.PathClassLoader{dalvik.system.PathClassLoader[DexPathList[[zip file "/data/app/com.hisense.hicloud.edca-2/base.apk"],nativeLibraryDirectories=[/data/app/com.hisense.hicloud.edca-2/lib/arm, /vendor/lib, /system/lib]]]}
07-05 23:44:41.391 W/PluginProviderBuilder( 9198): createPluginContext() return /data/app/com.hisense.hicloud.edca-2/base.apk
07-05 23:44:41.394 D/OsdMonitorService( 1733): mCurrentWindow = com.hisense.hicloud.edca/com.hisense.tvui.newhome.HomeMainActivity; newWindow = com.hisense.hicloud.edca/com.hisense.tvui.newhome.HomeMainActivity; isSubWindow = false; isInWinList = false; isExitNow = false
07-05 23:44:41.394 D/OsdMonitorService( 1733): windowNotOsd() : name = com.hisense.hicloud.edca/com.hisense.tvui.newhome.HomeMainActivity
07-05 23:44:41.394 I/OsdMonitorService( 1733): setOsdStatus() : status will change from true to true
07-05 23:44:41.398 D/PowerManagerService( 1733): setScreenBrightnessOverrideFromWindowManagerInternal done
07-05 23:44:41.401 D/Surface ( 9198): onStatusChange() : mNativeObject = 0 mUseImageHwRender = false
07-05 23:44:41.416 D/OkHttp  ( 9198): <-- 403 Forbidden http://picture.edu.hismarttv.com/images/ (140ms)
07-05 23:44:41.417 D/OkHttp  ( 9198): Date: Wed, 05 Jul 2017 15:44:41 GMT
07-05 23:44:41.417 D/OkHttp  ( 9198): Server: nginx
07-05 23:44:41.417 D/OkHttp  ( 9198): Content-Type: text/html; charset=UTF-8
07-05 23:44:41.417 D/OkHttp  ( 9198): Content-Length: 162
07-05 23:44:41.417 D/OkHttp  ( 9198): Via: 1.1 shuozhou56:0 (Cdn Cache Server V2.0)[32 403 2], 1.1 PSahmaswt2en210:2 (Cdn Cache Server V2.0)[114 403 2]
07-05 23:44:41.417 D/OkHttp  ( 9198): Connection: close
07-05 23:44:41.417 D/OkHttp  ( 9198): <-- END HTTP
07-05 23:44:41.417 D/HttpHandler( 9198): RetryIntercepter-->retryNum=0
07-05 23:44:41.417 D/HttpHandler( 9198): RetryIntercepter-->backoffmutiplier=0
07-05 23:44:41.419 I/FirstLineAdapter( 9198): canShowTrailer,isOffline=false
07-05 23:44:41.421 D/Player/PluginProvider@1e3611e9( 9198): [TID 9245] PluginProvider() new
07-05 23:44:41.421 W/AbsPluginProvider( 9198): initialize<<(hostContext=com.hisense.hicloud.edca.BaseApplication@2adbac5c, context=com.qiyi.sdk.plugin.server.core.ContextProxy@19b0ce6e, params={lib_dir=/data/data/com.hisense.hicloud.edca/files/plugin/2.1.0.59986/pluginplayer/1.64.0.59984/pluginplayer-release-1.64.0.59984-libs, file_path=/data/data/com.hisense.hicloud.edca/files/plugin/2.1.0.59986/pluginplayer/1.64.0.59984/pluginplayer-release-1.64.0.59984.apk}, info=AppInfo(hostVersion=2.1.0.59986mHostAllowDebug=false))
07-05 23:44:41.422 D/Player/PluginProvider@1e3611e9( 9198): [TID 9245] onInitialize() lib path=/data/data/com.hisense.hicloud.edca/files/plugin/2.1.0.59986/pluginplayer/1.64.0.59984/pluginplayer-release-1.64.0.59984-libs
07-05 23:44:41.422 I/LogUtils( 9198): [TID 9245] log is open
07-05 23:44:41.422 D/HttpHandler( 9198): VerifySignInterCeptor-->request.url()=http://picture.edu.hismarttv.com/images/20170628103009181182.jpg
07-05 23:44:41.422 D/HttpHandler( 9198): VerifySignInterCeptor-->hostname=picture.edu.hismarttv.com
07-05 23:44:41.426 D/Player/PluginProvider@1e3611e9( 9198): [TID 9245] setupSdkFeature()
07-05 23:44:41.431 D/OkHttp  ( 9198): --> GET http://picture.edu.hismarttv.com/images/20170628103009181182.jpg http/1.1
07-05 23:44:41.432 D/OkHttp  ( 9198): Host: picture.edu.hismarttv.com
07-05 23:44:41.432 D/OkHttp  ( 9198): Connection: Keep-Alive
07-05 23:44:41.432 D/OkHttp  ( 9198): Accept-Encoding: gzip
07-05 23:44:41.432 D/OkHttp  ( 9198): User-Agent: okhttp/3.6.0
07-05 23:44:41.432 D/OkHttp  ( 9198): --> END GET
07-05 23:44:41.449 E/TabView ( 9198): tab2
07-05 23:44:41.449 D/TabView ( 9198): SLOVEN mTopmBorderTop===>:410266
07-05 23:44:41.449 D/TabView ( 9198): tab scroll up listview
07-05 23:44:41.450 D/TabFocusBorderView( 9198): SLOVEN justchangeWidth
07-05 23:44:41.450 D/TabFocusBorderView( 9198): SLOVEN widthmWidth===>:220220
07-05 23:44:41.450 D/TabFocusBorderView( 9198): SLOVEN onAnimationStart
07-05 23:44:41.450 D/TabView ( 9198): SLOVEN mTopmBorderTop===>:407266
07-05 23:44:41.450 D/TabView ( 9198): setSelectedTabView
07-05 23:44:41.458 I/TVMW@HsTvSetting( 1234): Trace cmd, data = 0x1058
07-05 23:44:41.458 D/til@system( 2026): til_get_system_param option:100002F int:0, bool:0, ret:0
07-05 23:44:41.459 I/TVMW@HsTvSetting( 1234): Trace cmd, data = 0x101f
07-05 23:44:41.459 D/til@system( 2026): til_get_system_param option:100001D int:3, bool:3, ret:0
07-05 23:44:41.459 E/til     ( 2026): [til_get_current_input_source, 101] 
07-05 23:44:41.459 I/TVMW@HsTvSetting( 1234): Trace cmd, data = 0x7007
07-05 23:44:41.459 I/tilwrapper@sm( 2026): HS2TIL_SourceType *hs=0xd, *til=0x900
07-05 23:44:41.459 D/til     ( 2026): get current source 2304
07-05 23:44:41.459 I/RoleContentFragment( 9198): setBackGroundUrl=http://picture.edu.hismarttv.com/images/20170628104504467308.jpg,view=android.support.v4.widget.SlidingPaneLayout{26c3cdee V.ED.... ......ID 0,0-1920,1080 #7f0d00af app:id/slide_layout}
07-05 23:44:41.459 D/SourceRemoteServiceHandler( 2026): getCurrentInputSource.from.til.result is 0, value is 2304
07-05 23:44:41.459 D/SourceRemoteServiceHandler( 2026): getInputSourceType source: 0x900, type=2304
07-05 23:44:41.459 D/til     ( 2026): ###### func:til_get_picture_param option:0x3000006 ######  
07-05 23:44:41.460 I/TVMW@HsTvSetting( 1234): Trace cmd, data = 0x1003
07-05 23:44:41.460 I/TVMW@HsTvSetting( 1234): Trace cmd, data = 0x8032
07-05 23:44:41.460 D/Carousel-MyListView( 9198): onItemSelected position:1
07-05 23:44:41.460 D/Carousel-CarouselListView( 9198): onItemSelected position:1,type:3
07-05 23:44:41.461 I/hstvos  ( 1216): [0m[1;33m[HSHAL][HS_VIDEO][HS_HAL_Video_SetOsdDetect_v2][2389]u16Threshold = 20
07-05 23:44:41.461 E/TVMW@videoctrl( 1234):  getOsd is 1
07-05 23:44:41.461 D/til@system( 2026): til_get_system_param option:1000027 int:1, bool:1, ret:0
07-05 23:44:41.461 I/MiSysSrv( 1214): Not support now! 42, change to mm_video!!!
07-05 23:44:41.461 D/til     ( 2026): ###### func:til_get_picture_param option:0x3000045 ######  
07-05 23:44:41.462 I/TVMW@HsTvSetting( 1234): Trace cmd, data = 0x300c
07-05 23:44:41.462 I/TVMW@HsTvSetting( 1234): Trace 3d, data = 0x300c
07-05 23:44:41.462 I/TVMW@3d ( 1234): Hs_debug3d_trace: func:get3dStatus, line:109
07-05 23:44:41.462 D/PlayerSdk/PlayerSdkProject( 9198): [TID 9245] >> beginInitialize
07-05 23:44:41.462 D/PlayerSdk/SdkConfigManager( 9198): [TID 9245] setupConfig: context=com.qiyi.sdk.plugin.server.core.ContextProxy@19b0ce6e
07-05 23:44:41.462 W/ContextProxy( 9198): getAssets() mAssetManager=android.content.res.AssetManager@b22e7d2
07-05 23:44:41.463 D/HomeMainActivity( 9198): local vipDialogStr id list is : 
07-05 23:44:41.463 I/HomeMainActivity( 9198): mBeginHttpTime : 18323034
07-05 23:44:41.463 D/PlayerSdk/SdkConfigManager( 9198): [TID 9245] setupConfig: strEncrypted=VVVJRD0yMDE3MDQyNTExMzUzNzkxMmdlVEdXS0REMTE3MDIsQ1VTVE9NRVJfSUQ9NjAsUExBWUVSX0NPTkZJR19UWVBFPTQsUExBVEZPUk1fVFZBUEk9SEFJWElOLElTX1NVUFBPUlRfWUlOSEVfUElOR0JBQ0s9ZmFsc2UsSVNfRU5CQUxFX0gyNjU9ZmFsc2UsSVNfRU5BQkxFX0RPTEJZPWZhbHNlLElTX0VOQkFMRV80Sz0sSVNfRU5CQUxFX0RPTEJZX1ZJU0lPTj0sSVNfRU5CQUxFX0hEUjEwPSxJU19VU0VfVE1UU19MT0NBTF9TSUdOPWZhbHNlLElTX0dFVF9VVUlEX0ZST01fU0VSVkVSPXRydWUsQ0ROX0RJU1BBVENIX1BBUkFNPSxET01BSU5fTkFNRT1wdHF5LmdpdHYudHYsTkFUSVZFX1BMQVlFUl9CUkFORD1IaVNlbnNlLExPR0lOX1RZUEU9U1VCX0FDQ09VTlQsQ1VTVE9NRVJfUEFDS0FHRV9OQU1FPWNvbS5oaXNlbnNlLmhpY2xvdWQuZWRjYSxJU19ERUJVR19WRVJTSU9OPWZhbHNlLE5BVElWRV9QTEFZRVJfQ09ERUNUWVBFPSxQTEFZRVJfUExBVEZPUk09UF9IaXNlbnNlLEVOQUJMRV9TRVRfQklUU1RSRUFNPXRydWUsREVGQVVMVF9DRkdfQklUU1RSRUFNPSw=
07-05 23:44:41.463 V/HttpDnsUtils( 9198): getUserType(): --url = http://api.edu.hismarttv.com/payment/api/query/user_type/dialog_info
07-05 23:44:41.463 I/HttpBuilder( 9198): addUrlPublicParams mUrl ==>http://api.edu.hismarttv.com/payment/api/query/user_type/dialog_info?orderType=0
07-05 23:44:41.464 I/System.out( 9198): decode
07-05 23:44:41.464 W/ContextProxy( 9198): getResources() mResources=android.content.res.Resources@3b857fa0
07-05 23:44:41.464 D/til@system( 2026): til_get_system_param option:1000007 int:-1936523008, bool:0, ret:0
07-05 23:44:41.465 D/til@system( 2026): til_get_system_param option:1000009 int:-1936522112, bool:128, ret:0
07-05 23:44:41.466 D/til@system( 2026): til_get_system_param option:1000008 int:-1815632896, bool:0, ret:0
07-05 23:44:41.466 D/HttpBuilder( 9198): getOperationDetail-productName : LED50MU8600UC
07-05 23:44:41.467 D/HttpBuilder( 9198): getOperationDetail-plmNumber : 88888
07-05 23:44:41.467 D/HttpBuilder( 9198): getOperationDetail-swVersion : V0000.00.01A
07-05 23:44:41.467 D/HttpBuilder( 9198): getOperationDetail-operationDetail : LED50MU8600UC0000888
07-05 23:44:41.470 W/ContextProxy( 9198): getResources() mResources=android.content.res.Resources@3b857fa0
07-05 23:44:41.472 I/MiSysSrv( 1214): [37m[INFO] Change to Voltage: 117 mv (0x32)[m
07-05 23:44:41.473 I/System.out( 9198): ok
07-05 23:44:41.474 I/System.out( 9198): UUID=20170425113537912geTGWKDD11702,CUSTOMER_ID=60,PLAYER_CONFIG_TYPE=4,PLATFORM_TVAPI=HAIXIN,IS_SUPPORT_YINHE_PINGBACK=false,IS_ENBALE_H265=false,IS_ENABLE_DOLBY=false,IS_ENBALE_4K=,IS_ENBALE_DOLBY_VISION=,IS_ENBALE_HDR10=,IS_USE_TMTS_LOCAL_SIGN=false,IS_GET_UUID_FROM_SERVER=true,CDN_DISPATCH_PARAM=,DOMAIN_NAME=ptqy.gitv.tv,NATIVE_PLAYER_BRAND=HiSense,LOGIN_TYPE=SUB_ACCOUNT,CUSTOMER_PACKAGE_NAME=com.hisense.hicloud.edca,IS_DEBUG_VERSION=false,NATIVE_PLAYER_CODECTYPE=,PLAYER_PLATFORM=P_Hisense,ENABLE_SET_BITSTREAM=true,DEFAULT_CFG_BITSTREAM=,
07-05 23:44:41.474 I/System.out( 9198): hook :UUID=20170425113537912geTGWKDD11702,CUSTOMER_ID=60,PLAYER_CONFIG_TYPE=4,PLATFORM_TVAPI=HAIXIN,IS_SUPPORT_YINHE_PINGBACK=false,IS_ENBALE_H265=false,IS_ENABLE_DOLBY=false,IS_ENBALE_4K=,IS_ENBALE_DOLBY_VISION=,IS_ENBALE_HDR10=,IS_USE_TMTS_LOCAL_SIGN=false,IS_GET_UUID_FROM_SERVER=true,CDN_DISPATCH_PARAM=,DOMAIN_NAME=ptqy.gitv.tv,NATIVE_PLAYER_BRAND=HiSense,LOGIN_TYPE=SUB_ACCOUNT,CUSTOMER_PACKAGE_NAME=com.hisense.hicloud.edca,IS_DEBUG_VERSION=false,NATIVE_PLAYER_CODECTYPE=,PLAYER_PLATFORM=P_Hisense,ENABLE_SET_BITSTREAM=true,DEFAULT_CFG_BITSTREAM=,
07-05 23:44:41.476 D/PlayerSdk/SdkConfig( 9198): [TID 9245] initialize({PLAYER_PLATFORM=P_Hisense, NATIVE_PLAYER_BRAND=HiSense, CUSTOMER_ID=60, ENABLE_SET_BITSTREAM=true, IS_ENBALE_H265=false, UUID=20170425113537912geTGWKDD11702, IS_GET_UUID_FROM_SERVER=true, IS_DEBUG_VERSION=false, IS_ENABLE_DOLBY=false, CUSTOMER_PACKAGE_NAME=com.hisense.hicloud.edca, IS_USE_TMTS_LOCAL_SIGN=false, PLATFORM_TVAPI=HAIXIN, DOMAIN_NAME=ptqy.gitv.tv, LOGIN_TYPE=SUB_ACCOUNT, IS_SUPPORT_YINHE_PINGBACK=false, PLAYER_CONFIG_TYPE=4})
07-05 23:44:41.476 D/OkHttp  ( 9198): <-- 200 OK http://picture.edu.hismarttv.com/images/20170628103009181182.jpg (44ms)
07-05 23:44:41.476 D/OkHttp  ( 9198): Date: Mon, 03 Jul 2017 11:02:37 GMT
07-05 23:44:41.476 D/OkHttp  ( 9198): Server: nginx
07-05 23:44:41.476 D/OkHttp  ( 9198): Content-Type: image/jpeg
07-05 23:44:41.476 D/OkHttp  ( 9198): Content-Length: 41416
07-05 23:44:41.476 D/OkHttp  ( 9198): Last-Modified: Wed, 28 Jun 2017 10:30:09 GMT
07-05 23:44:41.476 D/OkHttp  ( 9198): ETag: "59538531-a1c8"
07-05 23:44:41.476 D/OkHttp  ( 9198): Accept-Ranges: bytes
07-05 23:44:41.476 D/OkHttp  ( 9198): Age: 189724
07-05 23:44:41.476 D/OkHttp  ( 9198): Via: 1.1 pingwangtong49:1 (Cdn Cache Server V2.0)[0 200 0], 1.1 t93:6 (Cdn Cache Server V2.0)[14 200 0]
07-05 23:44:41.476 D/OkHttp  ( 9198): Connection: keep-alive
07-05 23:44:41.476 D/OkHttp  ( 9198): <-- END HTTP
07-05 23:44:41.479 D/PlayerSdk/SdkConfig( 9198): [TID 9245] initialize(), name=com.hisense.hicloud.edca
07-05 23:44:41.479 D/PlayerSdk/SdkConfig( 9198): [TID 9245] initialize(),mCustomerPackageNames=[com.hisense.hicloud.edca]
07-05 23:44:41.480 D/SdkConfigUtils( 9198): [TID 9245] parsePlatformType(HAIXIN)
07-05 23:44:41.480 D/SdkConfigUtils( 9198): [TID 9245] parseLoginType(SUB_ACCOUNT)
07-05 23:44:41.480 D/SdkConfigUtils( 9198): [TID 9245] parsePlayerPlatform(P_Hisense)
07-05 23:44:41.481 D/HttpHandler( 9198): RetryIntercepter-->retryNum=0
07-05 23:44:41.481 D/HttpHandler( 9198): RetryIntercepter-->backoffmutiplier=0
07-05 23:44:41.482 D/PlayerSdk/SdkConfigManager( 9198): [TID 9245] setupConfig: mCurrentConfig=SdkConfig@1740e3ff{mCustomerCode=60, mPlayerConfigType=4, mPlatformType=HAIXIN, mLoginType=SUB_ACCOUNT, mIsEnableDolby=false, mIsEnableH265=false, mIsEnable4K=true, mIsSupportYinhePingback=false, mShouldDoPlayCheck=true, mshouldGetUuidFromServer=true, mPingbackS1=2, mPingbackS2=simple_sdk, mPingbackP2=3128, mDomainName=ptqy.gitv.tv, mIsDebugVersion=false, mIsDebugVersion=false, mCustomerPackageNames=[com.hisense.hicloud.edca], mEnableSetBitstream=true}
07-05 23:44:41.491 D/HttpHandler( 9198): VerifySignInterCeptor-->request.url()=http://picture.edu.hismarttv.com/images/20170628233232135598.jpg
07-05 23:44:41.491 D/HttpHandler( 9198): VerifySignInterCeptor-->hostname=picture.edu.hismarttv.com
07-05 23:44:41.502 V/HotPlugDetectionAction( 1733): Poll all devices.
07-05 23:44:41.505 I/VideoCapabilities( 9198): Unsupported profile 4 for video/mp4v-es
07-05 23:44:41.505 I/VideoCapabilities( 9198): Unsupported profile 4 for video/mp4v-es
07-05 23:44:41.505 I/VideoCapabilities( 9198): Unsupported profile 4 for video/mp4v-es
07-05 23:44:41.505 I/VideoCapabilities( 9198): Unsupported profile 4 for video/mp4v-es
07-05 23:44:41.505 I/VideoCapabilities( 9198): Unsupported profile 4 for video/mp4v-es
07-05 23:44:41.505 I/VideoCapabilities( 9198): Unsupported profile 4 for video/mp4v-es
07-05 23:44:41.506 I/VideoCapabilities( 9198): Unsupported profile 4 for video/mp4v-es
07-05 23:44:41.506 I/VideoCapabilities( 9198): Unsupported profile 4 for video/mp4v-es
07-05 23:44:41.506 I/VideoCapabilities( 9198): Unsupported profile 8 for video/mp4v-es
07-05 23:44:41.506 I/VideoCapabilities( 9198): Unsupported profile 8 for video/mp4v-es
07-05 23:44:41.506 I/VideoCapabilities( 9198): Unsupported profile 8 for video/mp4v-es
07-05 23:44:41.506 I/VideoCapabilities( 9198): Unsupported profile 8 for video/mp4v-es
07-05 23:44:41.506 I/VideoCapabilities( 9198): Unsupported profile 8 for video/mp4v-es
07-05 23:44:41.506 I/VideoCapabilities( 9198): Unsupported profile 8 for video/mp4v-es
07-05 23:44:41.506 I/VideoCapabilities( 9198): Unsupported profile 8 for video/mp4v-es
07-05 23:44:41.506 I/VideoCapabilities( 9198): Unsupported profile 8 for video/mp4v-es
07-05 23:44:41.506 I/VideoCapabilities( 9198): Unsupported profile 1024 for video/mp4v-es
07-05 23:44:41.506 I/VideoCapabilities( 9198): Unsupported profile 1024 for video/mp4v-es
07-05 23:44:41.506 I/VideoCapabilities( 9198): Unsupported profile 1024 for video/mp4v-es
07-05 23:44:41.506 I/VideoCapabilities( 9198): Unsupported profile 1024 for video/mp4v-es
07-05 23:44:41.506 I/VideoCapabilities( 9198): Unsupported profile 1024 for video/mp4v-es
07-05 23:44:41.506 I/VideoCapabilities( 9198): Unsupported profile 1024 for video/mp4v-es
07-05 23:44:41.506 I/VideoCapabilities( 9198): Unsupported profile 1024 for video/mp4v-es
07-05 23:44:41.506 I/VideoCapabilities( 9198): Unsupported profile 1024 for video/mp4v-es
07-05 23:44:41.506 W/VideoCapabilities( 9198): Unrecognized profile/level 32768/2 for video/mp4v-es
07-05 23:44:41.509 D/OkHttp  ( 9198): --> GET http://picture.edu.hismarttv.com/images/20170628233232135598.jpg http/1.1
07-05 23:44:41.509 D/OkHttp  ( 9198): Host: picture.edu.hismarttv.com
07-05 23:44:41.509 I/HttpBuilder( 9198): addUrlPublicParams mUrl ==>http://api.edu.hismarttv.com/payment/api/query/user_type/dialog_info?orderType=0&uuid=13287129&mac=a8:a6:48:18:fc:a8&devid=86100300900000500000060a4818fca8&version=00.002.003&subscriberId=13287129&customerId=7195320&model_id=0&APPPackage=com.hisense.hicloud.edca&PFAPPCode=652&APPVersionName=3.0.0.9.00&ChannelId=0&softwareVersion=LED50MU8600UC0000888&tv_distribute_id=00&devType=0&APIVersion=600&accessToken=72DF6038D2AEAB8A76DFBBBBCC428A4A_003880347765832
07-05 23:44:41.509 D/OkHttp  ( 9198): Connection: Keep-Alive
07-05 23:44:41.509 D/OkHttp  ( 9198): Accept-Encoding: gzip
07-05 23:44:41.510 D/OkHttp  ( 9198): User-Agent: okhttp/3.6.0
07-05 23:44:41.510 D/OkHttp  ( 9198): --> END GET
07-05 23:44:41.511 D/HttpHandler( 9198): VerifySignInterCeptor-->request.url()=http://api.edu.hismarttv.com/payment/api/query/user_type/dialog_info?orderType=0&uuid=13287129&mac=a8:a6:48:18:fc:a8&devid=86100300900000500000060a4818fca8&version=00.002.003&subscriberId=13287129&customerId=7195320&model_id=0&APPPackage=com.hisense.hicloud.edca&PFAPPCode=652&APPVersionName=3.0.0.9.00&ChannelId=0&softwareVersion=LED50MU8600UC0000888&tv_distribute_id=00&devType=0&APIVersion=600&accessToken=72DF6038D2AEAB8A76DFBBBBCC428A4A_003880347765832
07-05 23:44:41.511 D/HttpHandler( 9198): VerifySignInterCeptor-->hostname=api.edu.hismarttv.com
07-05 23:44:41.520 I/FirstLineAdapter( 9198): canShowTrailer,isOffline=false
07-05 23:44:41.531 D/HiNetworkImpl( 9198): doHttp_Asyn(): onReqResponse isSuccessful = true, back from thread: main
07-05 23:44:41.531 I/HiNetworkImpl( 9198): doHttp_Asyn(): onSuccess clazz = class com.hisense.tvui.newhome.bean.SelectionBean, back from thread: main
07-05 23:44:41.531 I/HomeDataPresenter( 9198): getRecommandData() onSuccess: RoleContentFragment1046710412
07-05 23:44:41.533 I/RoleContentFragment( 9198): recommandlist={10003=0, 10002=8}
07-05 23:44:41.533 I/RoleContentFragment( 9198): lineIndex=0,id=10002,pos=8
07-05 23:44:41.533 I/RoleContentFragment( 9198): ,addItemSize=25
07-05 23:44:41.533 I/RoleContentFragment( 9198): origin pos=8
07-05 23:44:41.533 I/RoleContentFragment( 9198): offset pos=2
07-05 23:44:41.533 I/RoleContentFragment( 9198): array size=11
07-05 23:44:41.534 I/RoleContentFragment( 9198): lineIndex=1,id=10003,pos=0
07-05 23:44:41.534 I/RoleContentFragment( 9198): ,addItemSize=24
07-05 23:44:41.534 I/RoleContentFragment( 9198): origin pos=0
07-05 23:44:41.534 I/RoleContentFragment( 9198): offset pos=2
07-05 23:44:41.534 I/RoleContentFragment( 9198): array size=11
07-05 23:44:41.537 I/art     ( 9198): Background sticky concurrent mark sweep GC freed 30068(2MB) AllocSpace objects, 10(231KB) LOS objects, 6% free, 27MB/29MB, paused 6.539ms total 59.774ms
07-05 23:44:41.538 E/WebcastSDK-WebcastManager( 9198): finally setAppServiceDomainList.
07-05 23:44:41.541 D/HttpHandler( 9198): VerifySignInterCeptor-->request.url()=http://picture.edu.hismarttv.com/images/20170629075040001252.jpg
07-05 23:44:41.541 D/HttpHandler( 9198): VerifySignInterCeptor-->hostname=picture.edu.hismarttv.com
07-05 23:44:41.542 D/OkHttp  ( 9198): --> GET http://picture.edu.hismarttv.com/images/20170629075040001252.jpg http/1.1
07-05 23:44:41.542 D/OkHttp  ( 9198): Host: picture.edu.hismarttv.com
07-05 23:44:41.542 D/OkHttp  ( 9198): Connection: Keep-Alive
07-05 23:44:41.542 D/OkHttp  ( 9198): Accept-Encoding: gzip
07-05 23:44:41.542 D/OkHttp  ( 9198): User-Agent: okhttp/3.6.0
07-05 23:44:41.542 D/OkHttp  ( 9198): --> END GET
07-05 23:44:41.546 D/OkHttp  ( 9198): <-- 200 OK http://picture.edu.hismarttv.com/images/20170628233232135598.jpg (36ms)
07-05 23:44:41.546 D/OkHttp  ( 9198): Date: Wed, 05 Jul 2017 14:11:53 GMT
07-05 23:44:41.546 D/OkHttp  ( 9198): Server: nginx
07-05 23:44:41.546 D/OkHttp  ( 9198): Content-Type: image/jpeg
07-05 23:44:41.546 D/OkHttp  ( 9198): Content-Length: 50603
07-05 23:44:41.546 D/OkHttp  ( 9198): Last-Modified: Wed, 28 Jun 2017 23:32:32 GMT
07-05 23:44:41.546 D/OkHttp  ( 9198): ETag: "59543c90-c5ab"
07-05 23:44:41.546 D/OkHttp  ( 9198): Accept-Ranges: bytes
07-05 23:44:41.546 D/OkHttp  ( 9198): Age: 5568
07-05 23:44:41.546 D/OkHttp  ( 9198): Via: 1.1 jnwt243:1 (Cdn Cache Server V2.0)[15 200 0], 1.1 PSahmaswt2ak213:6 (Cdn Cache Server V2.0)[0 200 0]
07-05 23:44:41.546 D/OkHttp  ( 9198): Connection: keep-alive
07-05 23:44:41.546 D/OkHttp  ( 9198): <-- END HTTP
07-05 23:44:41.549 D/HttpHandler( 9198): RetryIntercepter-->retryNum=0
07-05 23:44:41.549 D/HttpHandler( 9198): RetryIntercepter-->backoffmutiplier=0
07-05 23:44:41.559 D/HttpHandler( 9198): HttpDNS-->hostname=api.edu.hismarttv.com
07-05 23:44:41.561 W/VideoCapabilities( 9198): Unsupported mime video/mvc
07-05 23:44:41.561 D/OkHttp  ( 9198): <-- 200 OK http://picture.edu.hismarttv.com/images/20170629075040001252.jpg (19ms)
07-05 23:44:41.561 D/OkHttp  ( 9198): Date: Mon, 03 Jul 2017 11:02:37 GMT
07-05 23:44:41.561 D/OkHttp  ( 9198): Server: nginx
07-05 23:44:41.561 D/OkHttp  ( 9198): Content-Type: image/jpeg
07-05 23:44:41.561 D/OkHttp  ( 9198): Content-Length: 103036
07-05 23:44:41.561 D/OkHttp  ( 9198): Last-Modified: Thu, 29 Jun 2017 07:50:40 GMT
07-05 23:44:41.561 D/OkHttp  ( 9198): ETag: "5954b150-1927c"
07-05 23:44:41.562 D/OkHttp  ( 9198): Accept-Ranges: bytes
07-05 23:44:41.564 W/VideoCapabilities( 9198): Unsupported mime video/mpeg2
07-05 23:44:41.566 D/OkHttp  ( 9198): Age: 189724
07-05 23:44:41.566 D/OkHttp  ( 9198): Via: 1.1 changzhiwangtong172:9 (Cdn Cache Server V2.0)[0 200 0], 1.1 t93:0 (Cdn Cache Server V2.0)[0 200 0]
07-05 23:44:41.566 D/OkHttp  ( 9198): Connection: keep-alive
07-05 23:44:41.566 D/OkHttp  ( 9198): <-- END HTTP
07-05 23:44:41.568 I/MyFragmentStateAdapter( 9198): getCount
07-05 23:44:41.569 D/HttpHandler( 9198): RetryIntercepter-->retryNum=0
07-05 23:44:41.569 D/HttpHandler( 9198): RetryIntercepter-->backoffmutiplier=0
07-05 23:44:41.559 D/HttpHandler( 9198): RAMCache-->hostInfo.getClientTimeStamp()=18318112
07-05 23:44:41.570 D/HttpHandler( 9198): RAMCache-->hostInfo.getTtl()=3600
07-05 23:44:41.570 D/HttpHandler( 9198): RAMCache-->SystemClock.elapsedRealtime()=18323141
07-05 23:44:41.571 W/VideoCapabilities( 9198): Unsupported mime video/divx3
07-05 23:44:41.572 I/MiSysSrv( 1214): [37m[INFO] Change to Voltage: 117 mv (0x32)[m
07-05 23:44:41.582 D/HttpHandler( 9198): DNSHelper-->gslbDns=["123.103.91.123"]
07-05 23:44:41.583 W/VideoCapabilities( 9198): Unsupported mime video/divx4
07-05 23:44:41.587 I/TVMW@devctrl( 1234): wdt
07-05 23:44:41.590 D/TabFocusBorderView( 9198): SLOVEN onAnimationCancel
07-05 23:44:41.590 D/TabFocusBorderView( 9198): SLOVEN onAnimationEnd
07-05 23:44:41.591 D/TabView ( 9198): SLOVEN border top===>:296---407
07-05 23:44:41.591 I/MyFragmentStateAdapter( 9198): getCount
07-05 23:44:41.591 I/MyFragmentStateAdapter( 9198): getCount
07-05 23:44:41.591 I/MyFragmentStateAdapter( 9198): getCount
07-05 23:44:41.591 I/MyFragmentStateAdapter( 9198): getCount
07-05 23:44:41.592 I/TabView ( 9198): onScroll:,firstItem=0,visibleCount=6,totalCount=10
07-05 23:44:41.594 I/FirstLineAdapter( 9198): canShowTrailer,isOffline=false
07-05 23:44:41.594 I/FirstLineAdapter( 9198): canShowTrailer,isOffline=false
07-05 23:44:41.594 I/FirstLineAdapter( 9198): canShowTrailer,isOffline=false
07-05 23:44:41.594 I/FirstLineAdapter( 9198): canShowTrailer,isOffline=false
07-05 23:44:41.594 I/FirstLineAdapter( 9198): canShowTrailer,isOffline=false
07-05 23:44:41.594 I/FirstLineAdapter( 9198): canShowTrailer,isOffline=false
07-05 23:44:41.594 I/FirstLineAdapter( 9198): canShowTrailer,isOffline=false
07-05 23:44:41.595 W/VideoCapabilities( 9198): Unsupported mime video/flv
07-05 23:44:41.600 D/Carousel-CarouselChannelItemView( 9198): Listitem imageUrl:http://picture.edu.hismarttv.com/images/20170628102959016598.jpg
07-05 23:44:41.600 W/VideoCapabilities( 9198): Unsupported mime video/VC1
07-05 23:44:41.601 D/Carousel-CarouselChannelItemView( 9198): Listitem imageUrl:http://picture.edu.hismarttv.com/images/20170628103002814396.jpg
07-05 23:44:41.602 D/Carousel-CarouselChannelItemView( 9198): Listitem imageUrl:http://picture.edu.hismarttv.com/images/20170628103009181182.jpg
07-05 23:44:41.602 W/VideoCapabilities( 9198): Unsupported mime video/wvc1
07-05 23:44:41.603 D/Carousel-CarouselChannelItemView( 9198): Listitem imageUrl:http://picture.edu.hismarttv.com/images/20170628102959016598.jpg
07-05 23:44:41.604 D/Carousel-CarouselChannelItemView( 9198): Listitem imageUrl:http://picture.edu.hismarttv.com/images/20170628103002814396.jpg
07-05 23:44:41.604 W/VideoCapabilities( 9198): Unsupported mime video/wmv3
07-05 23:44:41.607 D/Carousel-CarouselChannelItemView( 9198): Listitem imageUrl:http://picture.edu.hismarttv.com/images/20170628103009181182.jpg
07-05 23:44:41.611 I/FirstLineAdapter( 9198): canShowTrailer,isOffline=false
07-05 23:44:41.611 I/FirstLineAdapter( 9198): canShowTrailer,isOffline=false
07-05 23:44:41.611 W/VideoCapabilities( 9198): Unsupported mime video/mjpeg
07-05 23:44:41.612 I/head    ( 9198): item=com.hisense.leanback.widget.ListRow@2ba53893
07-05 23:44:41.612 I/CardSelectionPresenter( 9198): onViewDetachedFromWindow mTitleTx = 
07-05 23:44:41.612 I/CardSelectionPresenter( 9198): onViewDetachedFromWindow mTitleTx = 
07-05 23:44:41.613 I/CardSelectionPresenter( 9198): onViewDetachedFromWindow mTitleTx = 
07-05 23:44:41.613 I/CardSelectionPresenter( 9198): onUnbindViewHolder mTitleTx = 
07-05 23:44:41.614 W/VideoCapabilities( 9198): Unsupported mime video/avs
07-05 23:44:41.614 D/OkHttp  ( 9198): --> GET http://api.edu.hismarttv.com/payment/api/query/user_type/dialog_info?orderType=0&uuid=13287129&mac=a8:a6:48:18:fc:a8&devid=86100300900000500000060a4818fca8&version=00.002.003&subscriberId=13287129&customerId=7195320&model_id=0&APPPackage=com.hisense.hicloud.edca&PFAPPCode=652&APPVersionName=3.0.0.9.00&ChannelId=0&softwareVersion=LED50MU8600UC0000888&tv_distribute_id=00&devType=0&APIVersion=600&accessToken=72DF6038D2AEAB8A76DFBBBBCC428A4A_003880347765832 http/1.1
07-05 23:44:41.614 D/OkHttp  ( 9198): Data_Type: JSON
07-05 23:44:41.614 D/OkHttp  ( 9198): RetryTime: 0
07-05 23:44:41.614 D/OkHttp  ( 9198): Backoffmutiplier: 0
07-05 23:44:41.614 I/CardSelectionPresenter( 9198): onViewDetachedFromWindow mTitleTx = 
07-05 23:44:41.614 I/CardSelectionPresenter( 9198): onUnbindViewHolder mTitleTx = 
07-05 23:44:41.614 I/CardSelectionPresenter( 9198): onUnbindViewHolder mTitleTx = 
07-05 23:44:41.614 I/CardSelectionPresenter( 9198): onUnbindViewHolder mTitleTx = 
07-05 23:44:41.614 I/ContentBridgeAdapterListener( 9198): onBind 
07-05 23:44:41.616 I/CardSelectionPresenter( 9198): onCreateViewHoldercom.hisense.leanback.widget.HorizontalGridView{331465f VFE..... ......ID 0,0-1738,279 #7f0d038e app:id/row_content}
07-05 23:44:41.616 W/VideoCapabilities( 9198): Unsupported mime video/realvideo
07-05 23:44:41.618 D/OkHttp  ( 9198): Host: api.edu.hismarttv.com
07-05 23:44:41.618 D/OkHttp  ( 9198): Connection: Keep-Alive
07-05 23:44:41.618 D/OkHttp  ( 9198): Accept-Encoding: gzip
07-05 23:44:41.618 D/OkHttp  ( 9198): User-Agent: okhttp/3.6.0
07-05 23:44:41.618 D/OkHttp  ( 9198): --> END GET
07-05 23:44:41.621 I/CardSelectionPresenter( 9198): onBindViewHolder
07-05 23:44:41.621 D/sloven  ( 9198): 1002---true
07-05 23:44:41.621 I/CardSelectionPresenter( 9198): width=400,height=220
07-05 23:44:41.623 W/AudioCapabilities( 9198): Unsupported mime audio/mpeg-L1
07-05 23:44:41.623 W/AudioCapabilities( 9198): Unsupported mime audio/mpeg-L2
07-05 23:44:41.632 W/AudioCapabilities( 9198): Unsupported mime audio/adpcm
07-05 23:44:41.638 I/CardSelectionPresenter( 9198): onUnbindViewHolder mTitleTx = 
07-05 23:44:41.638 I/CardSelectionPresenter( 9198): onBindViewHolder
07-05 23:44:41.638 D/sloven  ( 9198): 1002---true
07-05 23:44:41.639 I/CardSelectionPresenter( 9198): width=400,height=220
07-05 23:44:41.640 W/AudioCapabilities( 9198): Unsupported mime audio/lpcm
07-05 23:44:41.643 D/hailongqiu( 9198): hailongqiu position:0
07-05 23:44:41.646 I/CardSelectionPresenter( 9198): onCreateViewHoldercom.hisense.leanback.widget.HorizontalGridView{331465f VFE..... ......ID 0,0-1738,279 #7f0d038e app:id/row_content}
07-05 23:44:41.654 I/CardSelectionPresenter( 9198): onBindViewHolder
07-05 23:44:41.654 D/sloven  ( 9198): 1002---true
07-05 23:44:41.654 I/CardSelectionPresenter( 9198): width=400,height=220
07-05 23:44:41.657 W/AudioCapabilities( 9198): Unsupported mime audio/cook
07-05 23:44:41.659 W/AudioCapabilities( 9198): Unsupported mime audio/x-ms-wma
07-05 23:44:41.660 W/AudioCapabilities( 9198): Unsupported mime audio/ac3
07-05 23:44:41.661 W/AudioCapabilities( 9198): Unsupported mime audio/ac3p
07-05 23:44:41.662 W/AudioCapabilities( 9198): Unsupported mime audio/eac3
07-05 23:44:41.663 I/CardSelectionPresenter( 9198): onCreateViewHoldercom.hisense.leanback.widget.HorizontalGridView{331465f VFE..... ......ID 0,0-1738,279 #7f0d038e app:id/row_content}
07-05 23:44:41.668 W/AudioCapabilities( 9198): Unsupported mime audio/dts
07-05 23:44:41.670 W/AudioCapabilities( 9198): Unsupported mime audio/dts-hd
07-05 23:44:41.671 W/AudioCapabilities( 9198): Unsupported mime audio/dts-lbr
07-05 23:44:41.672 I/MiSysSrv( 1214): [37m[INFO] Change to Voltage: 117 mv (0x32)[m
07-05 23:44:41.674 W/AudioCapabilities( 9198): Unsupported mime audio/dra
07-05 23:44:41.675 I/CardSelectionPresenter( 9198): onBindViewHolder
07-05 23:44:41.675 D/sloven  ( 9198): 1002---true
07-05 23:44:41.675 I/CardSelectionPresenter( 9198): width=400,height=220
07-05 23:44:41.680 I/CardSelectionPresenter( 9198): onCreateViewHoldercom.hisense.leanback.widget.HorizontalGridView{331465f VFE..... ......ID 0,0-1738,279 #7f0d038e app:id/row_content}
07-05 23:44:41.681 D/OkHttp  ( 9198): <-- 200 OK http://api.edu.hismarttv.com/payment/api/query/user_type/dialog_info?orderType=0&uuid=13287129&mac=a8:a6:48:18:fc:a8&devid=86100300900000500000060a4818fca8&version=00.002.003&subscriberId=13287129&customerId=7195320&model_id=0&APPPackage=com.hisense.hicloud.edca&PFAPPCode=652&APPVersionName=3.0.0.9.00&ChannelId=0&softwareVersion=LED50MU8600UC0000888&tv_distribute_id=00&devType=0&APIVersion=600&accessToken=72DF6038D2AEAB8A76DFBBBBCC428A4A_003880347765832 (45ms)
07-05 23:44:41.681 D/OkHttp  ( 9198): Server: nginx
07-05 23:44:41.681 D/OkHttp  ( 9198): Date: Wed, 05 Jul 2017 15:44:41 GMT
07-05 23:44:41.681 D/OkHttp  ( 9198): Content-Type: application/json
07-05 23:44:41.681 D/OkHttp  ( 9198): Content-Length: 221
07-05 23:44:41.681 D/OkHttp  ( 9198): Connection: close
07-05 23:44:41.681 D/OkHttp  ( 9198): <-- END HTTP
07-05 23:44:41.683 D/HttpHandler( 9198): RetryIntercepter-->retryNum=0
07-05 23:44:41.688 D/HttpHandler( 9198): RetryIntercepter-->backoffmutiplier=0
07-05 23:44:41.690 I/CardSelectionPresenter( 9198): onBindViewHolder
07-05 23:44:41.690 D/sloven  ( 9198): 1002---true
07-05 23:44:41.690 I/CardSelectionPresenter( 9198): width=400,height=220
07-05 23:44:41.694 I/CardSelectionPresenter( 9198): onCreateViewHoldercom.hisense.leanback.widget.HorizontalGridView{331465f VFE..... ......ID 0,0-1738,279 #7f0d038e app:id/row_content}
07-05 23:44:41.697 D/HttpHandler( 9198): VerifySignInterCeptor-->request.url()=http://picture.edu.hismarttv.com/images/20170628104504467308.jpg
07-05 23:44:41.697 D/HttpHandler( 9198): VerifySignInterCeptor-->hostname=picture.edu.hismarttv.com
07-05 23:44:41.698 D/OkHttp  ( 9198): --> GET http://picture.edu.hismarttv.com/images/20170628104504467308.jpg http/1.1
07-05 23:44:41.698 D/OkHttp  ( 9198): Host: picture.edu.hismarttv.com
07-05 23:44:41.698 D/OkHttp  ( 9198): Connection: Keep-Alive
07-05 23:44:41.698 D/OkHttp  ( 9198): Accept-Encoding: gzip
07-05 23:44:41.698 D/OkHttp  ( 9198): User-Agent: okhttp/3.6.0
07-05 23:44:41.698 D/OkHttp  ( 9198): --> END GET
07-05 23:44:41.699 I/CardSelectionPresenter( 9198): onBindViewHolder
07-05 23:44:41.699 D/sloven  ( 9198): 1002---true
07-05 23:44:41.699 I/CardSelectionPresenter( 9198): width=0,height=220
07-05 23:44:41.702 D/HttpHandler( 9198): VerifySignInterCeptor-->dateType=1
07-05 23:44:41.702 D/HttpHandler( 9198): VerifySignInterCeptor-->HttpRequestManager.httpClietOption.getVerifyFlag()=1
07-05 23:44:41.703 D/HttpHandler( 9198): VerifySignInterCeptor-->content={"memberType": 2, "isActivity": 0}
07-05 23:44:41.706 D/Carousel-CarouselView( 9198): ============>onScrollChanged hashCode:436542350
07-05 23:44:41.708 W/AudioCapabilities( 9198): Unsupported mime audio/x-ape
07-05 23:44:41.716 W/AudioCapabilities( 9198): Unsupported mime audio/ffmpeg
07-05 23:44:41.717 I/MyFragmentStateAdapter( 9198): getCount
07-05 23:44:41.718 W/AudioCapabilities( 9198): Unsupported mime audio/ac3
07-05 23:44:41.723 W/AudioCapabilities( 9198): Unsupported mime audio/mpeg-L2
07-05 23:44:41.725 D/gralloc ( 1204): allocate buffer from ION HEAP 0x1
07-05 23:44:41.725 D/gralloc ( 1204): allocate memory from system heap
07-05 23:44:41.736 D/CommonHeader( 9198): app logo :refreshTimer: isRotatetrue
07-05 23:44:41.740 D/Carousel-MyListView( 9198): setSelectionAndPadding position:1
07-05 23:44:41.756 D/HttpHandler( 9198): VerifySignInterCeptor-->request.url()=http://picture.edu.hismarttv.com/images/20170629/%E5%BF%83%E7%AE%97%E5%8F%A3%E8%AF%80%E5%A4%A9%E5%A4%A9%E7%BB%83.jpg
07-05 23:44:41.756 D/HttpHandler( 9198): VerifySignInterCeptor-->hostname=picture.edu.hismarttv.com
07-05 23:44:41.759 D/OkHttp  ( 9198): --> GET http://picture.edu.hismarttv.com/images/20170629/%E5%BF%83%E7%AE%97%E5%8F%A3%E8%AF%80%E5%A4%A9%E5%A4%A9%E7%BB%83.jpg http/1.1
07-05 23:44:41.759 D/OkHttp  ( 9198): Host: picture.edu.hismarttv.com
07-05 23:44:41.759 D/OkHttp  ( 9198): Connection: Keep-Alive
07-05 23:44:41.759 D/OkHttp  ( 9198): Accept-Encoding: gzip
07-05 23:44:41.759 D/OkHttp  ( 9198): User-Agent: okhttp/3.6.0
07-05 23:44:41.759 D/OkHttp  ( 9198): --> END GET
07-05 23:44:41.763 D/Carousel-Utils( 9198): onResourceReady.
07-05 23:44:41.770 I/MiSysSrv( 1214): [37m[INFO] Change to Voltage: 117 mv (0x32)[m
07-05 23:44:41.774 D/Carousel-Utils( 9198): onResourceReady.
07-05 23:44:41.779 D/HttpHandler( 9198): VerifySignInterCeptor-->request.url()=http://picture.edu.hismarttv.com/images/20170629/%E5%AE%A2%E5%8E%85%E7%87%83%E8%84%82%E5%A5%B3%E7%8E%8B20170207081137502012.jpg
07-05 23:44:41.779 D/HttpHandler( 9198): VerifySignInterCeptor-->hostname=picture.edu.hismarttv.com
07-05 23:44:41.780 D/OkHttp  ( 9198): --> GET http://picture.edu.hismarttv.com/images/20170629/%E5%AE%A2%E5%8E%85%E7%87%83%E8%84%82%E5%A5%B3%E7%8E%8B20170207081137502012.jpg http/1.1
07-05 23:44:41.780 D/OkHttp  ( 9198): Host: picture.edu.hismarttv.com
07-05 23:44:41.780 D/OkHttp  ( 9198): Connection: Keep-Alive
07-05 23:44:41.780 D/OkHttp  ( 9198): Accept-Encoding: gzip
07-05 23:44:41.780 D/OkHttp  ( 9198): User-Agent: okhttp/3.6.0
07-05 23:44:41.780 D/OkHttp  ( 9198): --> END GET
07-05 23:44:41.781 D/OkHttp  ( 9198): <-- 200 OK http://picture.edu.hismarttv.com/images/20170629/%E5%BF%83%E7%AE%97%E5%8F%A3%E8%AF%80%E5%A4%A9%E5%A4%A9%E7%BB%83.jpg (21ms)
07-05 23:44:41.781 D/OkHttp  ( 9198): Date: Mon, 03 Jul 2017 11:02:37 GMT
07-05 23:44:41.781 D/OkHttp  ( 9198): Server: nginx
07-05 23:44:41.781 D/OkHttp  ( 9198): Content-Type: image/jpeg
07-05 23:44:41.781 D/OkHttp  ( 9198): Content-Length: 204643
07-05 23:44:41.781 D/OkHttp  ( 9198): Last-Modified: Fri, 09 Jun 2017 14:51:40 GMT
07-05 23:44:41.781 D/OkHttp  ( 9198): ETag: "593ab5fc-31f63"
07-05 23:44:41.781 D/OkHttp  ( 9198): Accept-Ranges: bytes
07-05 23:44:41.781 D/OkHttp  ( 9198): Age: 189724
07-05 23:44:41.781 D/OkHttp  ( 9198): Via: 1.1 shuozhou56:1 (Cdn Cache Server V2.0)[20 200 0], 1.1 angtong95:4 (Cdn Cache Server V2.0)[0 200 0]
07-05 23:44:41.781 D/OkHttp  ( 9198): Connection: keep-alive
07-05 23:44:41.781 D/OkHttp  ( 9198): <-- END HTTP
07-05 23:44:41.782 D/PowerManagerService( 1733): acquireWakeLockInternal: lock=113832109, flags=0x1, tag="NetworkStats", ws=null, uid=1000, pid=1733
07-05 23:44:41.782 D/PowerManagerNotifier( 1733): onWakeLockAcquired: flags=1, tag="NetworkStats", packageName=android, ownerUid=1000, ownerPid=1733, workSource=null
07-05 23:44:41.782 D/NtpTrustedTime( 1733): currentTimeMillis() cache hit
07-05 23:44:41.783 D/HttpHandler( 9198): RetryIntercepter-->retryNum=0
07-05 23:44:41.783 D/HttpHandler( 9198): RetryIntercepter-->backoffmutiplier=0
07-05 23:44:41.787 D/NtpTrustedTime( 1733): currentTimeMillis() cache hit
07-05 23:44:41.789 I/MyFragmentStateAdapter( 9198): getCount
07-05 23:44:41.789 I/MyFragmentStateAdapter( 9198): getCount
07-05 23:44:41.789 I/MyFragmentStateAdapter( 9198): getCount
07-05 23:44:41.789 I/MyFragmentStateAdapter( 9198): getCount
07-05 23:44:41.790 I/FirstLineAdapter( 9198): canShowTrailer,isOffline=false
07-05 23:44:41.790 I/FirstLineAdapter( 9198): canShowTrailer,isOffline=false
07-05 23:44:41.790 I/FirstLineAdapter( 9198): canShowTrailer,isOffline=false
07-05 23:44:41.790 I/FirstLineAdapter( 9198): canShowTrailer,isOffline=false
07-05 23:44:41.790 I/FirstLineAdapter( 9198): canShowTrailer,isOffline=false
07-05 23:44:41.794 D/NtpTrustedTime( 1733): currentTimeMillis() cache hit
07-05 23:44:41.794 D/NtpTrustedTime( 1733): currentTimeMillis() cache hit
07-05 23:44:41.794 D/PowerManagerService( 1733): releaseWakeLockInternal: lock=113832109 [NetworkStats], flags=0x0
07-05 23:44:41.795 D/PowerManagerNotifier( 1733): onWakeLockReleased: flags=1, tag="NetworkStats", packageName=android, ownerUid=1000, ownerPid=1733, workSource=null
07-05 23:44:41.797 I/FirstLineAdapter( 9198): canShowTrailer,isOffline=false
07-05 23:44:41.797 I/FirstLineAdapter( 9198): canShowTrailer,isOffline=false
07-05 23:44:41.797 D/Carousel-CarouselChannelItemView( 9198): Listitem imageUrl:http://picture.edu.hismarttv.com/images/20170628102959016598.jpg
07-05 23:44:41.797 D/Carousel-Utils( 9198): onResourceReady.
07-05 23:44:41.799 D/Carousel-CarouselChannelItemView( 9198): Listitem imageUrl:http://picture.edu.hismarttv.com/images/20170628103002814396.jpg
07-05 23:44:41.800 D/Carousel-Utils( 9198): onResourceReady.
07-05 23:44:41.800 D/Carousel-CarouselChannelItemView( 9198): Listitem imageUrl:http://picture.edu.hismarttv.com/images/20170628103009181182.jpg
07-05 23:44:41.808 D/Carousel-CarouselChannelItemView( 9198): Listitem imageUrl:http://picture.edu.hismarttv.com/images/20170628102959016598.jpg
07-05 23:44:41.809 D/Carousel-Utils( 9198): onResourceReady.
07-05 23:44:41.809 D/Carousel-CarouselChannelItemView( 9198): Listitem imageUrl:http://picture.edu.hismarttv.com/images/20170628103002814396.jpg
07-05 23:44:41.809 D/Carousel-Utils( 9198): onResourceReady.
07-05 23:44:41.810 D/Carousel-CarouselChannelItemView( 9198): Listitem imageUrl:http://picture.edu.hismarttv.com/images/20170628103009181182.jpg
07-05 23:44:41.811 I/FirstLineAdapter( 9198): canShowTrailer,isOffline=false
07-05 23:44:41.811 I/FirstLineAdapter( 9198): canShowTrailer,isOffline=false
07-05 23:44:41.812 D/Carousel-CarouselView( 9198): ============>onScrollChanged hashCode:436542350
07-05 23:44:41.814 D/OkHttp  ( 9198): <-- 200 OK http://picture.edu.hismarttv.com/images/20170628104504467308.jpg (108ms)
07-05 23:44:41.814 D/OkHttp  ( 9198): Date: Wed, 05 Jul 2017 14:28:55 GMT
07-05 23:44:41.814 D/OkHttp  ( 9198): Server: nginx
07-05 23:44:41.814 D/OkHttp  ( 9198): Content-Type: image/jpeg
07-05 23:44:41.814 D/OkHttp  ( 9198): Content-Length: 376321
07-05 23:44:41.814 D/OkHttp  ( 9198): Last-Modified: Wed, 28 Jun 2017 10:45:04 GMT
07-05 23:44:41.814 D/OkHttp  ( 9198): ETag: "595388b0-5be01"
07-05 23:44:41.814 D/OkHttp  ( 9198): Accept-Ranges: bytes
07-05 23:44:41.814 D/OkHttp  ( 9198): Age: 4546
07-05 23:44:41.814 D/OkHttp  ( 9198): Via: 1.1 hewangtong174:5 (Cdn Cache Server V2.0)[0 200 0], 1.1 PSahmaswt2vv209:6 (Cdn Cache Server V2.0)[0 200 0]
07-05 23:44:41.815 D/OkHttp  ( 9198): Connection: keep-alive
07-05 23:44:41.815 D/OkHttp  ( 9198): <-- END HTTP
07-05 23:44:41.816 I/VideoCapabilities( 9198): Unsupported profile 4 for video/mp4v-es
07-05 23:44:41.816 I/MyFragmentStateAdapter( 9198): getCount
07-05 23:44:41.821 D/Carousel-Utils( 9198): onResourceReady.
07-05 23:44:41.821 D/Player/Lib/Utils/SysUtils( 9198): [TID 9245] [Check dolby]  Codec name=OMX.MS.M4V.Decoder
07-05 23:44:41.821 D/Player/Lib/Utils/SysUtils( 9198): [TID 9245] [Check dolby]  Supported type=video/mp4v-es
07-05 23:44:41.822 D/Carousel-Utils( 9198): onResourceReady.
07-05 23:44:41.822 D/Player/Lib/Utils/SysUtils( 9198): [TID 9245] [Check dolby]  Codec name=OMX.MS.H263.Decoder
07-05 23:44:41.822 D/Player/Lib/Utils/SysUtils( 9198): [TID 9245] [Check dolby]  Supported type=video/3gpp
07-05 23:44:41.822 D/HiNetworkImpl( 9198): doHttp_Asyn(): onReqResponse isSuccessful = true, back from thread: main
07-05 23:44:41.822 D/Player/Lib/Utils/SysUtils( 9198): [TID 9245] [Check dolby]  Codec name=OMX.MS.AVC.Decoder
07-05 23:44:41.822 D/Player/Lib/Utils/SysUtils( 9198): [TID 9245] [Check dolby]  Supported type=video/avc
07-05 23:44:41.822 D/Player/Lib/Utils/SysUtils( 9198): [TID 9245] [Check dolby]  Codec name=OMX.MS.HEVC.Decoder
07-05 23:44:41.822 D/Player/Lib/Utils/SysUtils( 9198): [TID 9245] [Check dolby]  Supported type=video/hevc
07-05 23:44:41.822 D/Player/Lib/Utils/SysUtils( 9198): [TID 9245] [Check H265] FOUND, current type = video/hevc
07-05 23:44:41.822 D/Player/Lib/Utils/SysUtils( 9198): [TID 9245] [Check dolby]  Codec name=OMX.MS.MVC.Decoder
07-05 23:44:41.822 D/Player/Lib/Utils/SysUtils( 9198): [TID 9245] [Check dolby]  Supported type=video/mvc
07-05 23:44:41.822 D/Player/Lib/Utils/SysUtils( 9198): [TID 9245] [Check dolby]  Codec name=OMX.MS.MPEG2.Decoder
07-05 23:44:41.822 D/Player/Lib/Utils/SysUtils( 9198): [TID 9245] [Check dolby]  Supported type=video/mpeg2
07-05 23:44:41.822 D/Player/Lib/Utils/SysUtils( 9198): [TID 9245] [Check dolby]  Codec name=OMX.MS.VP8.Decoder
07-05 23:44:41.822 D/Player/Lib/Utils/SysUtils( 9198): [TID 9245] [Check dolby]  Supported type=video/x-vnd.on2.vp8
07-05 23:44:41.822 D/Player/Lib/Utils/SysUtils( 9198): [TID 9245] [Check dolby]  Codec name=OMX.MS.DIVX311.Decoder
07-05 23:44:41.822 D/Player/Lib/Utils/SysUtils( 9198): [TID 9245] [Check dolby]  Supported type=video/divx3
07-05 23:44:41.822 D/Player/Lib/Utils/SysUtils( 9198): [TID 9245] [Check dolby]  Codec name=OMX.MS.DIVX412.Decoder
07-05 23:44:41.822 D/Player/Lib/Utils/SysUtils( 9198): [TID 9245] [Check dolby]  Supported type=video/divx4
07-05 23:44:41.822 D/Player/Lib/Utils/SysUtils( 9198): [TID 9245] [Check dolby]  Codec name=OMX.MS.FLV.Decoder
07-05 23:44:41.822 D/Player/Lib/Utils/SysUtils( 9198): [TID 9245] [Check dolby]  Supported type=video/flv
07-05 23:44:41.822 D/Player/Lib/Utils/SysUtils( 9198): [TID 9245] [Check dolby]  Codec name=OMX.MS.VC1.Decoder
07-05 23:44:41.822 D/Player/Lib/Utils/SysUtils( 9198): [TID 9245] [Check dolby]  Supported type=video/VC1
07-05 23:44:41.822 D/Player/Lib/Utils/SysUtils( 9198): [TID 9245] [Check dolby]  Supported type=video/wvc1
07-05 23:44:41.822 D/Player/Lib/Utils/SysUtils( 9198): [TID 9245] [Check dolby]  Codec name=OMX.MS.WMV3.Decoder
07-05 23:44:41.822 D/Player/Lib/Utils/SysUtils( 9198): [TID 9245] [Check dolby]  Supported type=video/wmv3
07-05 23:44:41.822 D/Player/Lib/Utils/SysUtils( 9198): [TID 9245] [Check dolby]  Codec name=OMX.MS.MJPG.Decoder
07-05 23:44:41.823 D/Player/Lib/Utils/SysUtils( 9198): [TID 9245] [Check dolby]  Supported type=video/mjpeg
07-05 23:44:41.823 D/Player/Lib/Utils/SysUtils( 9198): [TID 9245] [Check dolby]  Codec name=OMX.MS.AVS.Decoder
