07-06 00:38:03.048 V/AudioPolicyManager( 1206): DeviceVector::getDevice() for type 00008000 address 0 found 0x0
07-06 00:38:03.048 V/AudioPolicyManager( 1206): DeviceVector::getDevice() for type 00008000 address 0 found 0x0
07-06 00:38:03.048 V/AudioPolicyManager( 1206): DeviceVector::getDevice() for type 00008000 address 0 found 0x0
07-06 00:38:03.048 V/AudioPolicyManager( 1206): DeviceVector::getDevice() for type 00008000 address 0 found 0x0
07-06 00:38:03.048 V/AudioPolicyManager( 1206): DeviceVector::getDevice() for type 00008000 address 0 found 0x0
07-06 00:38:03.048 W/NuPlayerRenderer( 1206): numFramesAvailableToWrite(7526), mAudioSink frameCount(7526), mAudioQueue size(1), numFramesPlayed(0), mNumFramesWritten(0)
07-06 00:38:03.048 D/NuPlayerRenderer( 1206): mAudioFirstAnchorTimeMediaUs from -1 change to 23219,mLastRenderAudioTimeUs -1,pendingDurationUs 0
07-06 00:38:03.061 D/PowerManagerService( 1733): updateWakeLockWorkSourceInternal: lock=1052830613 [AudioMix], ws=WorkSource{10010}
07-06 00:38:03.061 D/PowerManagerNotifier( 1733): onWakeLockReleased: flags=1, tag="AudioMix", packageName=media, ownerUid=1013, ownerPid=0, workSource=null
07-06 00:38:03.061 D/PowerManagerNotifier( 1733): onWakeLockAcquired: flags=1, tag="AudioMix", packageName=media, ownerUid=1013, ownerPid=0, workSource=WorkSource{10010}
07-06 00:38:03.062 W/System.err( 6362): java.net.ConnectException: failed to connect to /10.18.210.112 (port 8900) after 6000ms: isConnected failed: ECONNREFUSED (Connection refused)
07-06 00:38:03.063 W/System.err( 6362): 	at libcore.io.IoBridge.isConnected(IoBridge.java:238)
07-06 00:38:03.063 W/System.err( 6362): 	at libcore.io.IoBridge.connectErrno(IoBridge.java:171)
07-06 00:38:03.063 W/System.err( 6362): 	at libcore.io.IoBridge.connect(IoBridge.java:122)
07-06 00:38:03.063 W/System.err( 6362): 	at java.net.PlainSocketImpl.connect(PlainSocketImpl.java:183)
07-06 00:38:03.063 W/System.err( 6362): 	at java.net.PlainSocketImpl.connect(PlainSocketImpl.java:456)
07-06 00:38:03.063 W/System.err( 6362): 	at java.net.Socket.connect(Socket.java:882)
07-06 00:38:03.063 W/System.err( 6362): 	at com.android.okhttp.internal.Platform.connectSocket(Platform.java:174)
07-06 00:38:03.063 W/System.err( 6362): 	at com.android.okhttp.Connection.connect(Connection.java:152)
07-06 00:38:03.063 W/System.err( 6362): 	at com.android.okhttp.internal.http.HttpEngine.connect(HttpEngine.java:276)
07-06 00:38:03.063 W/System.err( 6362): 	at com.android.okhttp.internal.http.HttpEngine.sendRequest(HttpEngine.java:211)
07-06 00:38:03.063 W/System.err( 6362): 	at com.android.okhttp.internal.http.HttpURLConnectionImpl.execute(HttpURLConnectionImpl.java:382)
07-06 00:38:03.063 W/System.err( 6362): 	at com.android.okhttp.internal.http.HttpURLConnectionImpl.connect(HttpURLConnectionImpl.java:106)
07-06 00:38:03.063 W/System.err( 6362): 	at com.hisense.hitv.hicloud.util.ExceptionReport.a(ExceptionReport.java:337)
07-06 00:38:03.063 W/System.err( 6362): 	at com.hisense.hitv.hicloud.util.ExceptionReport.a(ExceptionReport.java:39)
07-06 00:38:03.063 W/System.err( 6362): 	at com.hisense.hitv.hicloud.util.ExceptionReport$1.run(ExceptionReport.java:83)
07-06 00:38:03.063 W/System.err( 6362): 	at java.lang.Thread.run(Thread.java:818)
07-06 00:38:03.064 W/System.err( 6362): Caused by: android.system.ErrnoException: isConnected failed: ECONNREFUSED (Connection refused)
07-06 00:38:03.064 W/System.err( 6362): 	at libcore.io.IoBridge.isConnected(IoBridge.java:223)
07-06 00:38:03.064 W/System.err( 6362): 	... 15 more
07-06 00:38:03.064 D/vsyncbridge( 1204): [update_ds_table,  594] DispW:1632 DispH:920 
07-06 00:38:03.064 D/vsyncbridge( 1204): [update_ds_table,  598] Cap.x:1105 Cap.y:30 CapW:1920 CapH:1080 
07-06 00:38:03.064 D/vsyncbridge( 1204): [update_ds_table,  599] enInputSourceType:34 
07-06 00:38:03.064 D/vsyncbridge( 1204): [update_ds_table,  601] u16InputVTotal:2205  u16InputVFreq:240 
07-06 00:38:03.064 D/vsyncbridge( 1204): [update_ds_table,  603] bInterlace:0  u16DefaultHtotal:0 
07-06 00:38:03.064 D/vsyncbridge( 1204): [update_ds_table,  606] bPreHCusScaling:1  bPreVCusScaling:1 
07-06 00:38:03.064 D/vsyncbridge( 1204): [update_ds_table,  608] u16PreHCusScalingSrc:1920  u16PreHCusScalingDst:1920 
07-06 00:38:03.064 D/vsyncbridge( 1204): [update_ds_table,  610] u16PreVCusScalingSrc:1080  u16PreVCusScalingSrc:1080 
07-06 00:38:03.064 D/vsyncbridge( 1204): [update_ds_table,  613] bHCusScaling:0  bVCusScaling:0 
07-06 00:38:03.064 D/vsyncbridge( 1204): [update_ds_table,  615] u16HCusScalingSrc:1920  u16HCusScalingDst:1632 
07-06 00:38:03.064 D/vsyncbridge( 1204): [update_ds_table,  617] u16VCusScalingSrc:1084  u16VCusScalingDst:920 
07-06 00:38:03.064 D/vsyncbridge( 1204): vsync_bridge_CalAspectRatio type = 0
07-06 00:38:03.064 D/vsyncbridge( 1204): panel [3840 2160] osd [1920 1080] ratio [2.000000 2.000000]
07-06 00:38:03.064 D/vsyncbridge( 1204): apply ratio, x=1098, y=410, width=1632, height=920
07-06 00:38:03.064 D/vsyncbridge( 1204): disp_old[1098 410 2730 1330], disp_new[1098 410 2730 1330], crop[0 0 1920 1080]
07-06 00:38:03.064 D/vsyncbridge( 1204): [update_ds_table,  798] SW DS !!! 
07-06 00:38:03.064 D/vsyncbridge( 1204): [update_ds_table,  800] stXC_SetWin_Info.stCapWin.width1920  stXC_SetWin_Info.stCapWin.height:1080
07-06 00:38:03.064 D/vsyncbridge( 1204): [update_ds_table,  802] stXC_SetWin_Info.stCropWin.width1920  stXC_SetWin_Info.stCropWin.height:1080
07-06 00:38:03.064 D/vsyncbridge( 1204): [update_ds_table,  803] MApi_XC_GetDynamicScalingStatus():1 
07-06 00:38:03.065 D/        ( 1204): Alert: cannot get frameCount from IOCTL, eWindow=0! Fall back to original frame mode
07-06 00:38:03.065 D/        ( 1204): MVOP is 1P mode
07-06 00:38:03.065 D/        ( 1204): [_MDrv_SC_check_2p_mode][9405]u16Width=3840,u16Height=2160,u32Vfreqx10=240
07-06 00:38:03.077 I/MiSysSrv( 1214): [37m[INFO] Change to Voltage: 117 mv (0x32)[m
07-06 00:38:03.078 D/vsyncbridge( 1204): Overlay[0] wait_disp_show W 2, R 1, Cur 255, wait time = 30ms
07-06 00:38:03.094 I/MyFragmentStateAdapter( 6362): getCount
07-06 00:38:03.130 I/MyFragmentStateAdapter( 6362): getCount
07-06 00:38:03.142 I/NetflixMonitorService( 1733): current fgapk : com.hisense.hicloud.edca
07-06 00:38:03.142 I/NetflixMonitorService( 1733): Netflix status unchanged
07-06 00:38:03.162 E/btif_config( 2964): [btif_config_get] node is TRUE!
07-06 00:38:03.162 E/btif_config( 2964): [btif_config_get] ret is TRUE!
07-06 00:38:03.171 I/MiSysSrv( 1214): [37m[INFO] Change to Voltage: 117 mv (0x32)[m
07-06 00:38:03.173 I/MyFragmentStateAdapter( 6362): getCount
07-06 00:38:03.184 I/System.out( 6362): <TVAPI> DEBUG(id=1, manInfo, response_time = 112ms): data = {"code":"N000000","json":{},"uuid":"MjAxNTEyMjgxNjU2MTk1NzJNa0NISmZXYjExMjA5"}
07-06 00:38:03.184 D/PlayerSDK/data/FetchUuidJob( 6362): [TID 6393] mManInfoCallback onSuccess: maininfo=com.qiyi.tvapi.tv2.result.ApiResultManInfo@b5e8f01
07-06 00:38:03.184 D/PlayerSDK/data/FetchUuidJob( 6362): [TID 6393] mManInfoCallback result: u=MjAxNTEyMjgxNjU2MTk1NzJNa0NISmZXYjExMjA5, json={}
07-06 00:38:03.184 D/PlayerSDK/data/FetchUuidJob( 6362): [TID 6393] mManInfoCallback result: eU=MjAxNTEyMjgxNjU2MTk1NzJNa0NISmZXYjExMjA5
07-06 00:38:03.184 D/PlayerSDK/data/FetchUuidJob( 6362): [TID 6393] mManInfoCallback: fectch id success, use it.
07-06 00:38:03.184 D/PlayerSDK/data/FetchUuidJob( 6362): [TID 6393] mManInfoCallback result: parterId=null
07-06 00:38:03.185 D/PlayerSDK/data/FetchUuidJob@5e42aed( 6362): [TID 6393] notifyJobSuccess() Job[PlayerSDK/data/FetchUuidJob@5e42aed](mState=0, mData=Object43737510, mError=null)
07-06 00:38:03.185 D/PlayerSDK/data/FetchUuidJob( 6362): [TID 6393] <<<fetchKeyInfo
07-06 00:38:03.185 D/PlayerSDK/data/FetchUuidJob@5e42aed( 6362): [TID 6393] notifyJobSuccess() Job[PlayerSDK/data/FetchUuidJob@5e42aed](mState=2, mData=Object43737510, mError=null)
07-06 00:38:03.185 D/PlayerSdk/PlayerSdkProject( 6362): [TID 6393] createRegisterKeyForTvapi(context=com.hisense.hicloud.edca.BaseApplication@2adbac5c)
07-06 00:38:03.186 D/Player/Lib/Utils/SysUtils( 6362): [TID 6393] getMacAddr() returnsa8:a6:48:18:fc:a8
07-06 00:38:03.186 I/System.out( 6362): <TVAPI> ERROR(Check MacAddress): mac address is 
07-06 00:38:03.195 D/PlayerSdk/PlayerSdkProject( 6362): [TID 6393] initTVApi platformType:HAIXIN, defaultUserId:tv_69b1ef544cadbb86e8f28950ece1c76a, domainName:ptqy.gitv.tv
07-06 00:38:03.210 I/MyFragmentStateAdapter( 6362): getCount
07-06 00:38:03.220 D/PlayerSdk/PlayerSdkProject( 6362): [TID 6393] << beginInitialize: consume 1325 ms
07-06 00:38:03.220 D/Player/PluginProvider@7465ed4( 6362): [TID 6393] << setupSdkFeature: mSdkFeature=com.qiyi.video.plugin.j@3560ff94
07-06 00:38:03.221 W/PluginProviderBuilder( 6362): createPluginProviderInstance() return com.qiyi.video.plugin.PluginProvider@7465ed4
07-06 00:38:03.226 W/PluginDebugUtils( 6362): needThrowable<<(key=lastFailed)
07-06 00:38:03.226 W/PluginDebugUtils( 6362): needThrowable() returns false
07-06 00:38:03.226 W/PluginHelper( 6362): loadProvider>>() return com.qiyi.video.plugin.PluginProvider@7465ed4
07-06 00:38:03.227 W/StorageManager( 6362): savePluginInfo<<(info=PluginInfo(id=pluginplayer, versionName=1.64.0.59984, className=com.qiyi.video.plugin.PluginProvider, path=/data/data/com.hisense.hicloud.edca/files/plugin/2.1.0.59986/pluginplayer/1.64.0.59984/pluginplayer-release-1.64.0.59984.apk, libFolder=/data/data/com.hisense.hicloud.edca/files/plugin/2.1.0.59986/pluginplayer/1.64.0.59984/pluginplayer-release-1.64.0.59984-libs, containSo=true, soFileCount=18, errorCount=0, lastLoadSuccess=true))
07-06 00:38:03.227 W/StorageManager( 6362): isMultiProcessPlugin<<()  pluginplayer
07-06 00:38:03.227 W/StorageManager( 6362): isMultiProcessPlugin>>() return false
07-06 00:38:03.227 W/StorageStub@193d3924( 6362): loadPluginInfos<<(pluginId=pluginplayer, needRemoveDumy=false)
07-06 00:38:03.227 W/PluginInfo( 6362): getListFromJson<<(json=null)
07-06 00:38:03.227 W/StorageStub@193d3924( 6362): loadPluginInfos>>() return null
07-06 00:38:03.227 W/StorageManager( 6362): findPluginInfo<<(list=[], version=1.64.0.59984)
07-06 00:38:03.227 W/StorageManager( 6362): findPluginInfo>>() return null
07-06 00:38:03.227 W/StorageStub@193d3924( 6362): savePluginInfos<<(pluginId=pluginplayer, list=[PluginInfo(id=pluginplayer, versionName=1.64.0.59984, className=com.qiyi.video.plugin.PluginProvider, path=/data/data/com.hisense.hicloud.edca/files/plugin/2.1.0.59986/pluginplayer/1.64.0.59984/pluginplayer-release-1.64.0.59984.apk, libFolder=/data/data/com.hisense.hicloud.edca/files/plugin/2.1.0.59986/pluginplayer/1.64.0.59984/pluginplayer-release-1.64.0.59984-libs, containSo=true, soFileCount=18, errorCount=0, lastLoadSuccess=true)])
07-06 00:38:03.228 W/PluginInfo( 6362): getJsonFromList<<(list=[PluginInfo(id=pluginplayer, versionName=1.64.0.59984, className=com.qiyi.video.plugin.PluginProvider, path=/data/data/com.hisense.hicloud.edca/files/plugin/2.1.0.59986/pluginplayer/1.64.0.59984/pluginplayer-release-1.64.0.59984.apk, libFolder=/data/data/com.hisense.hicloud.edca/files/plugin/2.1.0.59986/pluginplayer/1.64.0.59984/pluginplayer-release-1.64.0.59984-libs, containSo=true, soFileCount=18, errorCount=0, lastLoadSuccess=true)])
07-06 00:38:03.228 W/PluginInfo( 6362): toJson>>() return {"plugin_id":"pluginplayer","plugin_versionname":"1.64.0.59984","plugin_class_name":"com.qiyi.video.plugin.PluginProvider","plugin_path":"\/data\/data\/com.hisense.hicloud.edca\/files\/plugin\/2.1.0.59986\/pluginplayer\/1.64.0.59984\/pluginplayer-release-1.64.0.59984.apk","plugin_lib_folder":"\/data\/data\/com.hisense.hicloud.edca\/files\/plugin\/2.1.0.59986\/pluginplayer\/1.64.0.59984\/pluginplayer-release-1.64.0.59984-libs","contain_so":true,"so_count":18,"load_error_count":0,"load_success":true}
07-06 00:38:03.229 W/PluginInfo( 6362): getJsonFromList>>() return [{"plugin_id":"pluginplayer","plugin_versionname":"1.64.0.59984","plugin_class_name":"com.qiyi.video.plugin.PluginProvider","plugin_path":"\/data\/data\/com.hisense.hicloud.edca\/files\/plugin\/2.1.0.59986\/pluginplayer\/1.64.0.59984\/pluginplayer-release-1.64.0.59984.apk","plugin_lib_folder":"\/data\/data\/com.hisense.hicloud.edca\/files\/plugin\/2.1.0.59986\/pluginplayer\/1.64.0.59984\/pluginplayer-release-1.64.0.59984-libs","contain_so":true,"so_count":18,"load_error_count":0,"load_success":true}]
07-06 00:38:03.229 W/StorageStub@193d3924( 6362): savePluginInfos>>()
07-06 00:38:03.229 W/StorageManager( 6362): savePluginInfo>>()
07-06 00:38:03.229 W/PluginHelper( 6362): loadAssetsProvider>>() return com.qiyi.video.plugin.PluginProvider@7465ed4
07-06 00:38:03.230 W/PluginHelper( 6362): addProviders<<(provider=com.qiyi.video.plugin.PluginProvider@7465ed4)
07-06 00:38:03.231 W/PluginHelper( 6362): addProviders>>()
07-06 00:38:03.236 W/System.err( 6362): java.lang.Exception: load local histroy info null
07-06 00:38:03.241 W/PluginHelper( 6362): handleMessage<<(msg={ when=-1ms what=1 target=com.qiyi.sdk.plugin.server.core.PluginHelper$TimerHandler })
07-06 00:38:03.241 W/StorageManager( 6362): loadLastUpgradeTime<<()
07-06 00:38:03.241 W/StorageStub@193d3924( 6362): loadLastUpgradeTime<<()
07-06 00:38:03.241 W/StorageStub@193d3924( 6362): loadLastUpgradeTime>>() return 0
07-06 00:38:03.241 W/StorageManager( 6362): loadLastUpgradeTime>>()
07-06 00:38:03.242 W/PluginDebugUtils( 6362): needDebug<<(key=upgradeIntervalDebug)
07-06 00:38:03.242 W/PluginDebugUtils( 6362): needDebug() returns false
07-06 00:38:03.242 W/PluginPropertyConfig( 6362): getUpgradeInterval() return 86400000
07-06 00:38:03.242 W/PluginPropertyConfig( 6362): autoUpgrade() return true
07-06 00:38:03.242 W/PluginHelper( 6362): handleMessage...(realInterval=1499272683241, minInterval=86400000, autoUpgrade=true)
07-06 00:38:03.242 W/PluginHelper( 6362): allProvidersCanBeUpgrade<<()
07-06 00:38:03.242 W/PluginHelper( 6362): getProvider<<(pluginId=pluginplayer)
07-06 00:38:03.242 W/PluginHelper( 6362): getProvider>>() return com.qiyi.video.plugin.PluginProvider@7465ed4
07-06 00:38:03.242 W/PluginHelper( 6362): allProvidersCanBeUpgrade...() provider=com.qiyi.video.plugin.PluginProvider@7465ed4, canBeUpgrade=true
07-06 00:38:03.242 W/PluginHelper( 6362): allProvidersCanBeUpgrade>>() return true
07-06 00:38:03.242 W/PluginHelper( 6362): checkAllUpgrade<<()
07-06 00:38:03.242 W/PluginHelper( 6362): getProvidersVersionInfo<<()
07-06 00:38:03.242 W/PluginHelper( 6362): getProvider<<(pluginId=pluginplayer)
07-06 00:38:03.242 W/PluginHelper( 6362): getProvider>>() return com.qiyi.video.plugin.PluginProvider@7465ed4
07-06 00:38:03.243 D/Version ( 6362): [TID 6394] getVersionName: 1.64.0.59984
07-06 00:38:03.243 W/PluginHelper( 6362): getProvidersVersionInfo>>() return {pluginplayer=1.64.0.59984}
07-06 00:38:03.243 W/UpgradeManager( 6362): checkUpgrades<<(requestInfos={pluginplayer=1.64.0.59984})
07-06 00:38:03.243 I/System.out( 6362): <TVAPI> DEBUG(isUpdateData): isUpdateData=moduleUpdate-true
07-06 00:38:03.244 I/System.out( 6362): <TVAPI> DEBUG(TVApiProperty): read passport-device-id=tv_69b1ef544cadbb86e8f28950ece1c76a_1167652938875
07-06 00:38:03.244 I/System.out( 6362): <TVAPI> DEBUG(TVApiProcessor): preprocessor-device-check
07-06 00:38:03.247 I/System.out( 6362): <TVAPI> DEBUG(isUpdateData): isUpdateData=devRegister-true
07-06 00:38:03.247 I/System.out( 6362): <TVAPI> DEBUG(TVAPI): uuid=20151228165619572MkCHJfWb11209
07-06 00:38:03.247 I/System.out( 6362): <TVAPI> DEBUG(TVAPI): version=2.1.0.59986
07-06 00:38:03.248 W/System.err( 6362): 	at com.qiyi.sdk.plugin.server.core.PluginHelper.loadLocalProvider(SourceFile:202)
07-06 00:38:03.249 W/System.err( 6362): 	at com.qiyi.sdk.plugin.server.core.PluginHelper.loadProvider(SourceFile:151)
07-06 00:38:03.249 W/System.err( 6362): 	at com.qiyi.sdk.plugin.server.PluginManager.loadFeature(SourceFile:81)
07-06 00:38:03.249 W/System.err( 6362): 	at com.qiyi.sdk.player.a.a(SourceFile:3101)
07-06 00:38:03.249 W/System.err( 6362): 	at com.qiyi.sdk.player.a$a.run(SourceFile:132)
07-06 00:38:03.249 W/System.err( 6362): 	at android.os.Handler.handleCallback(Handler.java:739)
07-06 00:38:03.249 W/System.err( 6362): 	at android.os.Handler.dispatchMessage(Handler.java:95)
07-06 00:38:03.249 W/System.err( 6362): 	at android.os.Looper.loop(Looper.java:135)
07-06 00:38:03.249 W/System.err( 6362): 	at android.os.HandlerThread.run(HandlerThread.java:61)
07-06 00:38:03.249 W/PluginHelper( 6362): loadProvider>>() return Result(code=1, data=com.qiyi.video.plugin.PluginProvider@7465ed4, exception=[LoadProviderException(type=loadLocal, throwable=java.lang.Exception: load local histroy info null)], period=1)
07-06 00:38:03.250 W/AbsPluginProvider( 6362): getFeature<<(featureType=2)
07-06 00:38:03.252 D/Player/PluginProvider@7465ed4( 6362): [TID 6393] getFeatures: mFeatures=[com.qiyi.video.plugin.j@3560ff94]
07-06 00:38:03.253 W/AbsPluginProvider( 6362): getFeature>>() return com.qiyi.video.plugin.j@3560ff94
07-06 00:38:03.254 W/System.err( 6362): java.lang.Exception: load local histroy info null
07-06 00:38:03.254 W/System.err( 6362): 	at com.qiyi.sdk.plugin.server.core.PluginHelper.loadLocalProvider(SourceFile:202)
07-06 00:38:03.255 W/System.err( 6362): 	at com.qiyi.sdk.plugin.server.core.PluginHelper.loadProvider(SourceFile:151)
07-06 00:38:03.255 W/System.err( 6362): 	at com.qiyi.sdk.plugin.server.PluginManager.loadFeature(SourceFile:81)
07-06 00:38:03.255 W/System.err( 6362): 	at com.qiyi.sdk.player.a.a(SourceFile:3101)
07-06 00:38:03.255 W/System.err( 6362): 	at com.qiyi.sdk.player.a$a.run(SourceFile:132)
07-06 00:38:03.256 W/System.err( 6362): 	at android.os.Handler.handleCallback(Handler.java:739)
07-06 00:38:03.256 W/System.err( 6362): 	at android.os.Handler.dispatchMessage(Handler.java:95)
07-06 00:38:03.256 W/System.err( 6362): 	at android.os.Looper.loop(Looper.java:135)
07-06 00:38:03.256 W/System.err( 6362): 	at android.os.HandlerThread.run(HandlerThread.java:61)
07-06 00:38:03.256 W/PluginManager( 6362): loadFeature>>() return Result(code=1, data=com.qiyi.video.plugin.j@3560ff94, exception=[LoadProviderException(type=loadLocal, throwable=java.lang.Exception: load local histroy info null)], period=1)
07-06 00:38:03.261 D/PlayerSdk/PlayerSdkProject( 6362): [TID 6393] initialize(Parameter@1c046c51{mDelayedMilliSec=0, mCustomerAppVersion=3.0.0.9.00, mDeviceId=a8:a6:48:18:fc:a8, mDeviceInfo=vidaa3, mShowAdCountDown=true, mCDNDispathParam=null, mAdsHintNameMap={1001=, 2001=, 3001=}})
07-06 00:38:03.261 D/PlayerSdk/PlayerSdkProject( 6362): [TID 6393] >> finishInitialize
07-06 00:38:03.266 V/LogRecord/LogManager( 6362): isLogRegister = false isMultiProcess = false isSecondProcess = false
07-06 00:38:03.266 I/System.out( 6362): <TVAPI> DEBUG(TVApiProperty): read passport-device-id=tv_69b1ef544cadbb86e8f28950ece1c76a_1167652938875
07-06 00:38:03.266 I/System.out( 6362): <TVAPI> DEBUG(id=4, systemTime): url = http://pdata.video.ptqy.gitv.tv/k
07-06 00:38:03.266 V/LogRecord/LogManager( 6362): setFeedBackComplete = true
07-06 00:38:03.267 I/System.out( 6362): D/(plugin_check_upgrade_thread, CommonApi-systemTime): url=http://pdata.video.ptqy.gitv.tv/k
07-06 00:38:03.269 I/MiSysSrv( 1214): [37m[INFO] Change to Voltage: 117 mv (0x32)[m
07-06 00:38:03.270 I/System.out( 6362): <TVAPI> DEBUG(id=3, devRegister): url = http://data2.itv.ptqy.gitv.tv/itv/devRegister/OGFjZjgxODQ2YThhLzIwMTUxMjI4MTY1NjE5NTcyTWtDSEpmV2IxMTIwOS8yLjEuMC41OTk4Ng/39467112fe7be1432adcf86e152f4899
07-06 00:38:03.270 I/System.out( 6362): <TVAPI> DEBUG(id=3, devRegister): header = qyid:tv_69b1ef544cadbb86e8f28950ece1c76a_1167652938875
07-06 00:38:03.270 I/System.out( 6362): <TVAPI> DEBUG(id=3, devRegister): header = ov:5.1.1
07-06 00:38:03.270 I/System.out( 6362): <TVAPI> DEBUG(id=3, devRegister): header = apkVer:2.1.0.59986
07-06 00:38:03.294 V/LogRecord/LogcatController( 6362): logcatQueueType is = CIRCULAR
07-06 00:38:03.295 V/LogRecord/QueueFactory( 6362): QueueManage , iqiyilogqueuetype = CIRCULAR
07-06 00:38:03.296 V/LogRecord/LogcatController( 6362): LogcatController mQueueExcutor init()
07-06 00:38:03.296 V/LogRecord/CircularQueueExcutor( 6362): CircularQueueExcutor init()
07-06 00:38:03.296 V/LogRecord/LogManager( 6362): isSecondProcess = false
07-06 00:38:03.301 V/LogRecord/ServiceHelper( 6362): LogcatRecordingService is not running 
07-06 00:38:03.302 V/LogRercord/IqiyiLogController( 6362): iqiyiQueueType is = CIRCULAR
07-06 00:38:03.302 V/LogRecord/QueueFactory( 6362): QueueManage , iqiyilogqueuetype = CIRCULAR
07-06 00:38:03.303 V/LogRercord/IqiyiLogController( 6362): IqiyiLogController mQueueExcutor init()
07-06 00:38:03.303 V/LogRecord/CircularQueueExcutor( 6362): CircularQueueExcutor init()
07-06 00:38:03.303 I/System.out( 6362): <TVAPI> DEBUG(System Time): 1499272683
07-06 00:38:03.303 V/LogRecord/FileHelper( 6362): clearFileDir
07-06 00:38:03.306 I/System.out( 6362): <TVAPI> DEBUG(id=4, systemTime, response_time = 39ms): data = {"t":"1499272683","m":"e0dfa2ecba2e86fbcc25ba0304243cffee44c50ce708393e","u":"e0dfa2ecba2e86fb2cf5afdeebf1907fcd209a1d88b78425","i":"220.181.109.33","k":"e0dfa2ecba2e86fb6d328b3d57ea58ae9db42e51cb91c539"}
07-06 00:38:03.323 V/LogRecord/FileHelper( 6362): /data/data/com.hisense.hicloud.edca/cache/qylogrecord
07-06 00:38:03.340 D/NetworkManager( 6362): [TID 6362] onReceive: intent=Intent { act=android.net.conn.CONNECTIVITY_CHANGE flg=0x10 (has extras) }, extra=Bundle[mParcelledData.dataSize=380]
07-06 00:38:03.340 D/NetworkManager( 6362): [TID 6362] action=android.net.conn.CONNECTIVITY_CHANGE
07-06 00:38:03.346 D/MSTAR_VDEC_DBG( 1206): Stream ID: 0, Rate : 9 (E:0,D:0,S:0,F:27) 
07-06 00:38:03.352 D/NetworkManager( 6362): [TID 6531] >> getRequestTask(http://www.baidu.com)
07-06 00:38:03.353 D/NetworkManager( 6362): [TID 6362] getRealState: activeNetInfo={[type: Ethernet[], state: CONNECTED/CONNECTED, reason: (unspecified), extra: a8:a6:48:18:fc:a8, roaming: false, failover: false, isAvailable: true, isConnectedToProvisioningNetwork: false]}, isConnected=true
07-06 00:38:03.353 D/NetworkManager( 6362): [TID 6362] onNetStateChanged(2)
07-06 00:38:03.365 D/NetworkManager( 6362): [TID 6531] getRequestTask(http://www.baidu.com): current pool size=2, queue=[]
07-06 00:38:03.365 D/NetworkManager( 6362): [TID 6531] getRequestTask(http://www.baidu.com): submitted task={java.util.concurrent.FutureTask@3c04ad2c, 21524923}
07-06 00:38:03.365 D/NetworkManager( 6362): [TID 6531] << getRequestTask(http://www.baidu.com): returned task=java.util.concurrent.FutureTask@3c04ad2c
07-06 00:38:03.369 I/MiSysSrv( 1214): [37m[INFO] Change to Voltage: 117 mv (0x32)[m
07-06 00:38:03.377 I/System.out( 6362): <TVAPI> DEBUG(id=3, devRegister, response_time = 91ms): data = {"msg":"","code":"N000000","data":{"apiKey":"9e14d341281067d05d771f41454858c0","authId":1210,"flag":"","hide":"qiyicom","ip":"219.147.31.2","ipLoc":"1-48-3-6-6001-0-26","ipZh":"-----None-","kv":[{"hcdn":"hCDN"},{"homepageHot":""},{"homepageNew":""},{"ruleCode":"http://static.ptqy.gitv.tv/js/tv/app/getPlayerConfig.js","playerConfig":""},{"isShowExitAppDialog":"apk"}],"loading":"","loginTunnel":0,"resIds":[{"id":201221412,"seq":1},{"id":201713612,"seq":2},{"id":201757412,"seq":3}],"sysTime":1499270302,"tab":[],"tip":"","upgradeType":-1,"url":"","version":""}}
07-06 00:38:03.377 I/System.out( 6362): <TVAPI> DEBUG(TVApiProcessor): replace url is http://data2.itv.ptqy.gitv.tv/itv/moduleUpdate/1210/2.1.0.59986?p=%7B%22chipVer%22%3A%22%22%2C%22ip%22%3A%22%22%2C%22mac%22%3A%22a8%3Aa6%3A48%3A18%3Afc%3Aa8%22%2C%22mem%22%3A%22%22%2C%22osVer%22%3A22%2C%22platModel%22%3A%22VIDAA_TV%22%2C%22pluginplayer%22%3A%221.64.0.59984%22%2C%22prodModel%22%3A%22VIDAA_TV%22%7D
07-06 00:38:03.377 I/System.out( 6362): <TVAPI> DEBUG(id=2, moduleUpdate): url = http://data2.itv.ptqy.gitv.tv/itv/moduleUpdate/1210/2.1.0.59986?p=%7B%22chipVer%22%3A%22%22%2C%22ip%22%3A%22%22%2C%22mac%22%3A%22a8%3Aa6%3A48%3A18%3Afc%3Aa8%22%2C%22mem%22%3A%22%22%2C%22osVer%22%3A22%2C%22platModel%22%3A%22VIDAA_TV%22%2C%22pluginplayer%22%3A%221.64.0.59984%22%2C%22prodModel%22%3A%22VIDAA_TV%22%7D
07-06 00:38:03.377 I/System.out( 6362): <TVAPI> DEBUG(id=2, moduleUpdate): header = qyid:tv_69b1ef544cadbb86e8f28950ece1c76a_1167652938875
07-06 00:38:03.377 I/System.out( 6362): <TVAPI> DEBUG(id=2, moduleUpdate): header = ov:5.1.1
07-06 00:38:03.377 I/System.out( 6362): <TVAPI> DEBUG(id=2, moduleUpdate): header = apkVer:2.1.0.59986
07-06 00:38:03.377 I/System.out( 6362): <TVAPI> DEBUG(id=2, moduleUpdate): header = apiKey:9e14d341281067d05d771f41454858c0
07-06 00:38:03.389 D/NetworkManager( 6362): [TID 6532] >> request(http://www.baidu.com, 21524923)
07-06 00:38:03.392 D/NetworkManager( 6362): [TID 6532] request(http://www.baidu.com, 21524923): openConnection
07-06 00:38:03.405 D/Player/Lib/Utils/PlayerDebugUtils( 6362): [TID 6393] initialize, allowDebug: false
07-06 00:38:03.434 I/MyFragmentStateAdapter( 6362): getCount
07-06 00:38:03.443 D/Player/Player/NativePlayerUtils( 6362): [TID 6393] >>checkNativePath
07-06 00:38:03.443 D/Player/Player/NativePlayerUtils( 6362): [TID 6393] <<checkNativePath ret=/mnt/sdcard/qcache
07-06 00:38:03.443 I/TVMW@HsTvSetting( 1234): Trace cmd, data = 0x1058
07-06 00:38:03.444 D/til@system( 2026): til_get_system_param option:100002F int:0, bool:0, ret:0
07-06 00:38:03.444 D/Player/Player/NativePlayerUtils( 6362): [TID 6393] >> loadWhiteListSync()
07-06 00:38:03.444 I/TVMW@HsTvSetting( 1234): Trace cmd, data = 0x101f
07-06 00:38:03.444 D/til@system( 2026): til_get_system_param option:100001D int:3, bool:3, ret:0
07-06 00:38:03.444 E/til     ( 2026): [til_get_current_input_source, 101] 
07-06 00:38:03.445 D/Player/Player/NativePlayerUtils( 6362): [TID 6393] isWhiteListLoaded() return false
07-06 00:38:03.445 D/Player/Player/NativePlayerUtils( 6362): [TID 6393] loadWhiteListSync(), so Path is /data/data/com.hisense.hicloud.edca/files/plugin/2.1.0.59986/pluginplayer/1.64.0.59984/pluginplayer-release-1.64.0.59984-libs/libiqiyi_media_player_whitelist.so,domian is ptqy.gitv.tv, current tried times is 0
07-06 00:38:03.445 I/TVMW@HsTvSetting( 1234): Trace cmd, data = 0x7007
07-06 00:38:03.445 I/tilwrapper@sm( 2026): HS2TIL_SourceType *hs=0xd, *til=0x900
07-06 00:38:03.445 D/til     ( 2026): get current source 2304
07-06 00:38:03.446 D/SourceRemoteServiceHandler( 2026): getCurrentInputSource.from.til.result is 0, value is 2304
07-06 00:38:03.446 D/SourceRemoteServiceHandler( 2026): getInputSourceType source: 0x900, type=2304
07-06 00:38:03.446 D/til     ( 2026): ###### func:til_get_picture_param option:0x3000006 ######  
07-06 00:38:03.446 I/TVMW@HsTvSetting( 1234): Trace cmd, data = 0x1003
07-06 00:38:03.446 I/TVMW@HsTvSetting( 1234): Trace cmd, data = 0x8032
07-06 00:38:03.447 I/hstvos  ( 1216): [0m[1;33m[HSHAL][HS_VIDEO][HS_HAL_Video_SetOsdDetect_v2][2389]u16Threshold = 20
07-06 00:38:03.447 E/TVMW@videoctrl( 1234):  getOsd is 1
07-06 00:38:03.447 D/til@system( 2026): til_get_system_param option:1000027 int:1, bool:1, ret:0
07-06 00:38:03.447 D/til     ( 2026): ###### func:til_get_picture_param option:0x3000045 ######  
07-06 00:38:03.448 I/TVMW@HsTvSetting( 1234): Trace cmd, data = 0x300c
07-06 00:38:03.448 I/TVMW@HsTvSetting( 1234): Trace 3d, data = 0x300c
07-06 00:38:03.448 I/TVMW@3d ( 1234): Hs_debug3d_trace: func:get3dStatus, line:109
07-06 00:38:03.456 I/TVMW@devctrl( 1234): wdt
07-06 00:38:03.463 W/System.err( 6362): com.qiyi.video.api.ApiException
07-06 00:38:03.463 W/System.err( 6362): 	at com.qiyi.tvapi.tv2.a$3.onSuccess(SourceFile:204)
07-06 00:38:03.463 W/System.err( 6362): 	at com.qiyi.video.api.a.d.b(SourceFile:105)
07-06 00:38:03.463 W/System.err( 6362): 	at com.qiyi.video.api.a.d.a(SourceFile:129)
07-06 00:38:03.463 W/System.err( 6362): 	at com.qiyi.tvapi.tv2.a$1.a(SourceFile:102)
07-06 00:38:03.463 W/System.err( 6362): 	at com.qiyi.tvapi.tv2.b.c.a(SourceFile:155)
07-06 00:38:03.463 W/System.err( 6362): 	at com.qiyi.tvapi.tv2.a.a(SourceFile:95)
07-06 00:38:03.463 W/System.err( 6362): 	at com.qiyi.tvapi.tv2.a.callSync(SourceFile:54)
07-06 00:38:03.463 W/System.err( 6362): 	at com.qiyi.sdk.plugin.server.upgrade.UpgradeManager.checkUpgrades(SourceFile:60)
07-06 00:38:03.463 W/System.err( 6362): 	at com.qiyi.sdk.plugin.server.core.PluginHelper$TimerHandler.checkAllUpgrade(SourceFile:362)
07-06 00:38:03.463 W/System.err( 6362): 	at com.qiyi.sdk.plugin.server.core.PluginHelper$TimerHandler.handleMessage(SourceFile:339)
07-06 00:38:03.463 W/System.err( 6362): 	at android.os.Handler.dispatchMessage(Handler.java:102)
07-06 00:38:03.463 W/System.err( 6362): 	at android.os.Looper.loop(Looper.java:135)
07-06 00:38:03.463 W/System.err( 6362): 	at android.os.HandlerThread.run(HandlerThread.java:61)
07-06 00:38:03.464 W/UpgradeManager( 6362): moduleUpdate() onException!! exception=com.qiyi.video.api.ApiException
07-06 00:38:03.464 I/System.out( 6362): <TVAPI> ERROR(id=2, moduleUpdate, response_time = 218ms): call error. data = {"msg":"\nE000012","code":"E000012","data":[]}
07-06 00:38:03.464 W/System.err( 6362): com.qiyi.video.api.ApiException
07-06 00:38:03.464 W/System.err( 6362): 	at com.qiyi.tvapi.tv2.a$3.onSuccess(SourceFile:204)
07-06 00:38:03.464 W/System.err( 6362): 	at com.qiyi.video.api.a.d.b(SourceFile:105)
07-06 00:38:03.464 W/System.err( 6362): 	at com.qiyi.video.api.a.d.a(SourceFile:129)
07-06 00:38:03.464 W/System.err( 6362): 	at com.qiyi.tvapi.tv2.a$1.a(SourceFile:102)
07-06 00:38:03.464 W/System.err( 6362): 	at com.qiyi.tvapi.tv2.b.c.a(SourceFile:155)
07-06 00:38:03.464 W/System.err( 6362): 	at com.qiyi.tvapi.tv2.a.a(SourceFile:95)
07-06 00:38:03.464 W/System.err( 6362): 	at com.qiyi.tvapi.tv2.a.callSync(SourceFile:54)
07-06 00:38:03.464 W/System.err( 6362): 	at com.qiyi.sdk.plugin.server.upgrade.UpgradeManager.checkUpgrades(SourceFile:60)
07-06 00:38:03.464 W/System.err( 6362): 	at com.qiyi.sdk.plugin.server.core.PluginHelper$TimerHandler.checkAllUpgrade(SourceFile:362)
07-06 00:38:03.464 W/System.err( 6362): 	at com.qiyi.sdk.plugin.server.core.PluginHelper$TimerHandler.handleMessage(SourceFile:339)
07-06 00:38:03.464 W/System.err( 6362): 	at android.os.Handler.dispatchMessage(Handler.java:102)
07-06 00:38:03.464 W/System.err( 6362): 	at android.os.Looper.loop(Looper.java:135)
07-06 00:38:03.464 W/System.err( 6362): 	at android.os.HandlerThread.run(HandlerThread.java:61)
07-06 00:38:03.464 W/PluginHelper( 6362): checkAllUpgrade>>() return true
07-06 00:38:03.464 W/StorageManager( 6362): loadLastUpgradeTime<<(upgradeTime=1499272683241)
07-06 00:38:03.464 W/StorageStub@193d3924( 6362): saveLastUpgradeTime<<(upgradeTime=1499272683241)
07-06 00:38:03.466 I/CLog    ( 6362): JNI_OnLoad->(cpuinfos) success!!
07-06 00:38:03.469 I/MiSysSrv( 1214): [37m[INFO] Change to Voltage: 117 mv (0x32)[m
07-06 00:38:03.484 D/Player/Player/NativePlayerUtils( 6362): [TID 6393] loadWhiteListSync(), wait load finished
07-06 00:38:03.485 W/StorageStub@193d3924( 6362): saveLastUpgradeTime>>()
07-06 00:38:03.485 W/StorageManager( 6362): loadLastUpgradeTime>>()
07-06 00:38:03.485 W/PluginHelper( 6362): handleMessage>>()
07-06 00:38:03.486 D/CLog    ( 6362): cpuinfo_len is (370):
07-06 00:38:03.486 D/CLog    ( 6362): Processor	: AArch64 Processor rev 3 (aarch64)
07-06 00:38:03.486 D/CLog    ( 6362): processor	: 0
07-06 00:38:03.486 D/CLog    ( 6362): processor	: 1
07-06 00:38:03.486 D/CLog    ( 6362): processor	: 2
07-06 00:38:03.486 D/CLog    ( 6362): processor	: 3
07-06 00:38:03.486 D/CLog    ( 6362): Features	: fp asimd aes pmull sha1 sha2 crc32 wp half thumb fastmult vfp edsp neon vfpv3 tlsi vfpv4 idiva idivt 
07-06 00:38:03.486 D/CLog    ( 6362): CPU implementer	: 0x41
07-06 00:38:03.486 D/CLog    ( 6362): CPU architecture: 8
07-06 00:38:03.486 D/CLog    ( 6362): CPU variant	: 0x0
07-06 00:38:03.486 D/CLog    ( 6362): CPU part	: 0xd03
07-06 00:38:03.486 D/CLog    ( 6362): CPU revision	: 3
07-06 00:38:03.486 D/CLog    ( 6362): 
07-06 00:38:03.486 D/CLog    ( 6362): Hardware	: Muji
07-06 00:38:03.486 D/CLog    ( 6362): Revision	: 0000
07-06 00:38:03.486 D/CLog    ( 6362): Serial		: 0000000000000000
07-06 00:38:03.486 D/CLog    ( 6362): 
07-06 00:38:03.486 D/CLog    ( 6362): cpuinfo hardware is Muji
07-06 00:38:03.487 D/TVWhiteList( 6362): requested URL key = tv-{model-[VIDAA_TV]|cpuinfo-[Muji]}, default = tv-{cpuinfo-[Muji]}, productname-[VIDAA_TV]
07-06 00:38:03.487 D/TVWhiteList( 6362): requested URL = http://puma.api.ptqy.gitv.tv/kestrel/fetch?key=tv-%7Bmodel-%5BVIDAA_TV%5D%7Ccpuinfo-%5BMuji%5D%7D&default_key=tv-%7Bcpuinfo-%5BMuji%5D%7D
07-06 00:38:03.497 E/NetworkManager( 6362): [TID 6532] << request(http://www.baidu.com, 21524923): connect internet failed, url=http://www.baidu.com
07-06 00:38:03.500 I/art     ( 6362): Background sticky concurrent mark sweep GC freed 47476(2MB) AllocSpace objects, 10(160KB) LOS objects, 7% free, 26MB/28MB, paused 11.433ms total 92.077ms
07-06 00:38:03.500 D/NetworkManager( 6362): [TID 6531] tryConnectFirst: result=false, time consumed=148ms
07-06 00:38:03.500 D/NetworkManager( 6362): [TID 6531] >> getRequestTask(http://www.qq.com)
07-06 00:38:03.502 D/NetworkManager( 6362): [TID 6532] >> request(http://www.qq.com, 21525072)
07-06 00:38:03.504 D/NetworkManager( 6362): [TID 6532] request(http://www.qq.com, 21525072): openConnection
07-06 00:38:03.507 D/TVWhiteList( 6362): WhiteList server IP: 111.206.70.161
07-06 00:38:03.508 D/NetworkManager( 6362): [TID 6531] getRequestTask(http://www.qq.com): current pool size=2, queue=[]
07-06 00:38:03.508 D/NetworkManager( 6362): [TID 6531] getRequestTask(http://www.qq.com): submitted task={java.util.concurrent.FutureTask@29385b73, 21525072}
07-06 00:38:03.508 D/NetworkManager( 6362): [TID 6531] << getRequestTask(http://www.qq.com): returned task=java.util.concurrent.FutureTask@29385b73
07-06 00:38:03.508 D/NetworkManager( 6362): [TID 6531] >> getRequestTask(http://www.iqiyi.com)
07-06 00:38:03.514 D/NetworkManager( 6362): [TID 6531] getRequestTask(http://www.iqiyi.com): current pool size=3, queue=[]
07-06 00:38:03.514 D/NetworkManager( 6362): [TID 6531] getRequestTask(http://www.iqiyi.com): submitted task={java.util.concurrent.FutureTask@27c2c6a9, 21525079}
07-06 00:38:03.514 D/NetworkManager( 6362): [TID 6531] << getRequestTask(http://www.iqiyi.com): returned task=java.util.concurrent.FutureTask@27c2c6a9
07-06 00:38:03.514 D/NetworkManager( 6362): [TID 6531] >> getRequestTask(http://www.163.com)
07-06 00:38:03.514 D/NetworkManager( 6362): [TID 6531] getRequestTask(http://www.163.com): current pool size=4, queue=[]
07-06 00:38:03.514 D/NetworkManager( 6362): [TID 6531] getRequestTask(http://www.163.com): submitted task={java.util.concurrent.FutureTask@17333bcf, 21525086}
07-06 00:38:03.514 D/NetworkManager( 6362): [TID 6531] << getRequestTask(http://www.163.com): returned task=java.util.concurrent.FutureTask@17333bcf
07-06 00:38:03.514 D/NetworkManager( 6362): [TID 6531] >> getRequestTask(http://www.taobao.com)
07-06 00:38:03.515 D/NetworkManager( 6362): [TID 6531] getRequestTask(http://www.taobao.com): current pool size=5, queue=[]
07-06 00:38:03.515 D/NetworkManager( 6362): [TID 6531] getRequestTask(http://www.taobao.com): submitted task={java.util.concurrent.FutureTask@20d82465, 21525086}
07-06 00:38:03.515 D/NetworkManager( 6362): [TID 6531] << getRequestTask(http://www.taobao.com): returned task=java.util.concurrent.FutureTask@20d82465
07-06 00:38:03.515 D/NetworkManager( 6362): [TID 6531] >> getRequestTask(http://www.sina.com.cn)
07-06 00:38:03.515 D/NetworkManager( 6362): [TID 6531] getRequestTask(http://www.sina.com.cn): current pool size=6, queue=[]
07-06 00:38:03.515 D/NetworkManager( 6362): [TID 6531] getRequestTask(http://www.sina.com.cn): submitted task={java.util.concurrent.FutureTask@2451c5eb, 21525086}
07-06 00:38:03.515 D/NetworkManager( 6362): [TID 6531] << getRequestTask(http://www.sina.com.cn): returned task=java.util.concurrent.FutureTask@2451c5eb
07-06 00:38:03.516 D/NetworkManager( 6362): [TID 6540] >> request(http://www.taobao.com, 21525086)
07-06 00:38:03.517 D/NetworkManager( 6362): [TID 6540] request(http://www.taobao.com, 21525086): openConnection
07-06 00:38:03.524 D/NetworkManager( 6362): [TID 6539] >> request(http://www.163.com, 21525086)
07-06 00:38:03.525 D/NetworkManager( 6362): [TID 6542] >> request(http://www.sina.com.cn, 21525086)
07-06 00:38:03.525 D/NetworkManager( 6362): [TID 6542] request(http://www.sina.com.cn, 21525086): openConnection
07-06 00:38:03.528 D/NetworkManager( 6362): [TID 6539] request(http://www.163.com, 21525086): openConnection
07-06 00:38:03.529 D/NetworkManager( 6362): [TID 6538] >> request(http://www.iqiyi.com, 21525079)
07-06 00:38:03.535 D/NetworkManager( 6362): [TID 6538] request(http://www.iqiyi.com, 21525079): openConnection
07-06 00:38:03.545 D/PowerManagerService( 1733): releaseWakeLockInternal: lock=461594444 [AudioMix], flags=0x0
07-06 00:38:03.545 D/PowerManagerNotifier( 1733): onWakeLockReleased: flags=1, tag="AudioMix", packageName=media, ownerUid=1013, ownerPid=0, workSource=null
07-06 00:38:03.552 I/TVWhiteList( 6362): strRes = {"code":"A00000","default_key":"tv-{cpuinfo-[Muji]}","default_value":"","key":"tv-{model-[VIDAA_TV]|cpuinfo-[Muji]}","value":"[{\"result\": {\"vod_dolby\": -1,\"vod_h265\": -1,\"vod_h264_4k_plus\": -1,\"vod_h264_jisu_2k\": 1,\"livenet_H264_4k_plus\": -1,\"livenet_H264_jisu_2k\": 1,\"livenet_h265\": -1,\"qixiu\": 0,\"highest_bs\": 19,\"lowest_bs\": 1,\"local_server_config\": \"\", \"other\": \"\"}},{\"version\":3005,\"result\": {\"vod_dolby\": -1,\"vod_h265\": -1,\"vod_h264_4k_plus\": -1,\"vod_h264_jisu_2k\": -1,\"livenet_H264_4k_plus\": -1,\"livenet_H264_jisu_2k\": -1,\"livenet_h265\": -1,\"qixiu\": 0,\"highest_bs\": 19,\"lowest_bs\": 1,\"local_server_config\": \"\", \"other\": \"\"}},{\"version\":3008,\"result\": {\"vod_dolby\": -1,\"vod_h265\": -1,\"vod_h264_4k_plus\": -1,\"vod_h264_jisu_2k\": 1,\"livenet_H264_jisu_2k\": 1,\"qixiu\": 0,\"highest_bs\": 19,\"lowest_bs\": 1,\"local_server_config\": \"{\\\"start_mode\\\": 1}\", \"other\": \"\"}}]"}
07-06 00:38:03.552 D/NetworkManager( 6362): [TID 6532] << request(http://www.qq.com, 21525072): connect internet success, url=http://www.qq.com
07-06 00:38:03.553 I/TVWhiteList( 6362): use white list version whitev 3000
07-06 00:38:03.553 I/TVWhiteList( 6362): use white list version whitev 3005
07-06 00:38:03.553 I/TVWhiteList( 6362): use white list version whitev 3008
07-06 00:38:03.554 D/Player/Player/NativePlayerUtils( 6362): [TID 6534] loadWhiteListSync(), white list fetched: {"SupportDolby":false,"SupportH265":false,"Support4K":false,"SupportLive":true}
07-06 00:38:03.554 D/Player/Player/NativePlayerUtils( 6362): [TID 6534] parseWhiteListJson(jsonString:{"SupportDolby":false,"SupportH265":false,"Support4K":false,"SupportLive":true})
07-06 00:38:03.554 D/Player/Player/NativePlayerUtils( 6362): [TID 6534] parseWhiteListJson, normal:true,h265:false,dolby:false,bs4K:false
07-06 00:38:03.555 D/CLog    ( 6362): cpuinfo_len is (370):
07-06 00:38:03.555 D/CLog    ( 6362): Processor	: AArch64 Processor rev 3 (aarch64)
07-06 00:38:03.555 D/CLog    ( 6362): processor	: 0
07-06 00:38:03.555 D/CLog    ( 6362): processor	: 1
07-06 00:38:03.555 D/CLog    ( 6362): processor	: 2
07-06 00:38:03.555 D/CLog    ( 6362): processor	: 3
07-06 00:38:03.555 D/CLog    ( 6362): Features	: fp asimd aes pmull sha1 sha2 crc32 wp half thumb fastmult vfp edsp neon vfpv3 tlsi vfpv4 idiva idivt 
07-06 00:38:03.555 D/CLog    ( 6362): CPU implementer	: 0x41
07-06 00:38:03.555 D/CLog    ( 6362): CPU architecture: 8
07-06 00:38:03.555 D/CLog    ( 6362): CPU variant	: 0x0
07-06 00:38:03.555 D/CLog    ( 6362): CPU part	: 0xd03
07-06 00:38:03.555 D/CLog    ( 6362): CPU revision	: 3
07-06 00:38:03.555 D/CLog    ( 6362): 
07-06 00:38:03.555 D/CLog    ( 6362): Hardware	: Muji
07-06 00:38:03.555 D/CLog    ( 6362): Revision	: 0000
07-06 00:38:03.555 D/CLog    ( 6362): Serial		: 0000000000000000
07-06 00:38:03.555 D/CLog    ( 6362): 
07-06 00:38:03.555 D/CLog    ( 6362): cpuinfo hardware is Muji
07-06 00:38:03.555 I/TVWhiteList( 6362): longyUrl = http://msg.71.am/v5/core/bmd?t=pfmc&success=1&tm1=45&bgv=3.0&tv_device=VIDAA_TV-4-Muji-22-Hisense&isadapted=1&krv=3.8.3
07-06 00:38:03.557 D/Player/Player/NativePlayerUtils( 6362): [TID 6393] << loadWhiteListSync()
07-06 00:38:03.557 D/Player/Lib/Utils/PlayerDebugUtils( 6362): [TID 6393] initialize, allowDebug: false
07-06 00:38:03.558 D/NetworkManager( 6362): [TID 6531] retryConnectOthers: result=true, time consumed=57ms
07-06 00:38:03.560 D/PlayerSdk/PlayerSdkProject( 6362): [TID 6393] initPingback
07-06 00:38:03.581 I/MyFragmentStateAdapter( 6362): getCount
07-06 00:38:03.585 D/NetworkManager( 6362): [TID 6531] getRealState: activeNetInfo={[type: Ethernet[], state: CONNECTED/CONNECTED, reason: (unspecified), extra: a8:a6:48:18:fc:a8, roaming: false, failover: false, isAvailable: true, isConnectedToProvisioningNetwork: false]}, isConnected=true
07-06 00:38:03.599 E/NetworkManager( 6362): [TID 6542] << request(http://www.sina.com.cn, 21525086): connect internet failed, url=http://www.sina.com.cn
07-06 00:38:03.603 D/NetworkManager( 6362): [TID 6362] onNetStateChanged(2)
07-06 00:38:03.603 I/TVWhiteList( 6362): strRes = 
07-06 00:38:03.612 E/NetworkManager( 6362): [TID 6540] << request(http://www.taobao.com, 21525086): connect internet failed, url=http://www.taobao.com
07-06 00:38:03.617 I/MyFragmentStateAdapter( 6362): getCount
07-06 00:38:03.641 I/System.out( 6362): <TVAPI> DEBUG(TVApiProperty): read passport-device-id=tv_69b1ef544cadbb86e8f28950ece1c76a_1167652938875
07-06 00:38:03.661 D/pingbacklog/getHardwareInfo( 6362): getHardwareInfo: info=muji
07-06 00:38:03.664 D/pingbacklog-set( 6362): QiyiPingBack2.setAnonymityId is be used, mAnonymityId = tv_69b1ef544cadbb86e8f28950ece1c76a
07-06 00:38:03.665 D/pingbacklog-set( 6362): QiyiPingBack2.setPassportId is be used, UserId = null
07-06 00:38:03.666 I/MemTotal:        1958344 kB( 6362): MemTotal:	
07-06 00:38:03.666 I/MemTotal:        1958344 kB( 6362): 1958344	
07-06 00:38:03.666 I/MemTotal:        1958344 kB( 6362): kB	
07-06 00:38:03.667 I/MyFragmentStateAdapter( 6362): getCount
07-06 00:38:03.668 D/PlayerSdk/PlayerSdkProject( 6362): [TID 6393] initPingback: domainName=ptqy.gitv.tv, ver=2.1.0.59986, uuid=20151228165619572MkCHJfWb11209, userId=null, isNewUser=true, deviceid=tv_69b1ef544cadbb86e8f28950ece1c76a_1167652938875, setAnonymityId=tv_69b1ef544cadbb86e8f28950ece1c76a
07-06 00:38:03.673 D/PlayerSdk/CheckPackageNameJob( 6362): [TID 6393] SdkConfigManager.instance().getConfig() = SdkConfig@1e292504{mCustomerCode=60, mPlayerConfigType=4, mPlatformType=HAIXIN, mLoginType=SUB_ACCOUNT, mIsEnableDolby=false, mIsEnableH265=false, mIsEnable4K=true, mIsSupportYinhePingback=false, mShouldDoPlayCheck=true, mshouldGetUuidFromServer=true, mPingbackS1=2, mPingbackS2=simple_sdk, mPingbackP2=3128, mDomainName=ptqy.gitv.tv, mIsDebugVersion=false, mIsDebugVersion=false, mCustomerPackageNames=[com.hisense.hicloud.edca], mEnableSetBitstream=true}
07-06 00:38:03.676 D/PlayerSdk/CheckPackageNameJob@3f2ba1e1( 6362): [TID 6393] isCancelled() Job[PlayerSdk/CheckPackageNameJob@3f2ba1e1](mState=0, mData=Object780457415, mError=null) return false
07-06 00:38:03.676 D/PlayerSdk/CheckPackageNameJob( 6362): [TID 6393] onRun(), mCurrentPackageName=com.hisense.hicloud.edca, mCustomerPackageNames=511068292:[com.hisense.hicloud.edca]
07-06 00:38:03.676 D/PlayerSdk/CheckPackageNameJob@3f2ba1e1( 6362): [TID 6393] notifyJobSuccess() Job[PlayerSdk/CheckPackageNameJob@3f2ba1e1](mState=1, mData=Object780457415, mError=null)
07-06 00:38:03.676 D/PlayerSdk/DeviceCheckTask@5ecab06( 6362): [TID 6393] isCancelled() Job[PlayerSdk/DeviceCheckTask@5ecab06](mState=0, mData=Object647747572, mError=null) return false
07-06 00:38:03.677 D/PlayerSdk/DeviceCheckTask( 6362): [TID 6393] execte.onRun: isDevChecked=false, isDeviceCheckPass=false
07-06 00:38:03.677 D/AccessToken( 6362): [TID 6393] isAllowedAccess() count=0, now=1499272683677, time=1499272683677, mMaxCount = 5, duration = 600000, mAccessTime = 0, return true
07-06 00:38:03.677 D/AccessToken( 6362): [TID 6393] isAllowedAccess() count=0, now=1499272683677, time=1499272683677, mMaxCount = 5, duration = 600000, mAccessTime = 0, return true
07-06 00:38:03.677 D/PlayerSdk/DeviceCheckTask( 6362): [TID 6393] deviceCheck
07-06 00:38:03.677 D/PlayerSdk/DeviceCheckTask( 6362): [TID 6393] deviceCheck: devCheckTest=-1
07-06 00:38:03.678 I/System.out( 6362): <TVAPI> DEBUG(isUpdateData): isUpdateData=devRegister-true
07-06 00:38:03.678 I/System.out( 6362): <TVAPI> DEBUG(TVAPI): uuid=20151228165619572MkCHJfWb11209
07-06 00:38:03.678 I/System.out( 6362): <TVAPI> DEBUG(TVAPI): version=2.1.0.59986
07-06 00:38:03.678 I/System.out( 6362): <TVAPI> DEBUG(TVApiProperty): read passport-device-id=tv_69b1ef544cadbb86e8f28950ece1c76a_1167652938875
07-06 00:38:03.678 I/System.out( 6362): <TVAPI> DEBUG(id=6, systemTime): url = http://pdata.video.ptqy.gitv.tv/k
07-06 00:38:03.678 I/System.out( 6362): D/(load-playerplugin, CommonApi-systemTime): url=http://pdata.video.ptqy.gitv.tv/k
07-06 00:38:03.679 I/System.out( 6362): <TVAPI> DEBUG(id=5, devRegister): url = http://data2.itv.ptqy.gitv.tv/itv/devRegister/OGFjZjgxODQ2YThhLzIwMTUxMjI4MTY1NjE5NTcyTWtDSEpmV2IxMTIwOS8yLjEuMC41OTk4Ng/39467112fe7be1432adcf86e152f4899
07-06 00:38:03.679 I/System.out( 6362): <TVAPI> DEBUG(id=5, devRegister): header = qyid:tv_69b1ef544cadbb86e8f28950ece1c76a_1167652938875
07-06 00:38:03.679 I/System.out( 6362): <TVAPI> DEBUG(id=5, devRegister): header = ov:5.1.1
07-06 00:38:03.679 I/System.out( 6362): <TVAPI> DEBUG(id=5, devRegister): header = apkVer:2.1.0.59986
07-06 00:38:03.696 I/MyFragmentStateAdapter( 6362): getCount
07-06 00:38:03.712 I/System.out( 6362): <TVAPI> DEBUG(System Time): 1499272683
07-06 00:38:03.713 I/System.out( 6362): <TVAPI> DEBUG(id=6, systemTime, response_time = 34ms): data = {"t":"1499272683","m":"e0dfa2ecba2e86fbcc25ba0304243cffee44c50ce708393e","u":"e0dfa2ecba2e86fb2cf5afdeebf1907fcd209a1d88b78425","i":"220.181.109.33","k":"e0dfa2ecba2e86fb6d328b3d57ea58ae9db42e51cb91c539"}
07-06 00:38:03.718 I/MyFragmentStateAdapter( 6362): getCount
07-06 00:38:03.732 I/System.out( 6362): <TVAPI> DEBUG(id=5, devRegister, response_time = 54ms): data = {"msg":"","code":"N000000","data":{"apiKey":"9e14d341281067d05d771f41454858c0","authId":1210,"flag":"","hide":"qiyicom","ip":"219.147.31.2","ipLoc":"1-48-3-6-6001-0-26","ipZh":"-----None-","kv":[{"hcdn":"hCDN"},{"homepageHot":""},{"homepageNew":""},{"ruleCode":"http://static.ptqy.gitv.tv/js/tv/app/getPlayerConfig.js","playerConfig":""},{"isShowExitAppDialog":"apk"}],"loading":"","loginTunnel":0,"resIds":[{"id":201221412,"seq":1},{"id":201713612,"seq":2},{"id":201757412,"seq":3}],"sysTime":1499270302,"tab":[],"tip":"","upgradeType":-1,"url":"","version":""}}
07-06 00:38:03.733 D/AccessToken( 6362): [TID 6393] increaseAccessCount() count=1
07-06 00:38:03.733 D/AccessToken( 6362): [TID 6393] increaseAccessCount() count=1
07-06 00:38:03.733 D/PlayerSdk/DeviceCheckTask( 6362): [TID 6393] deviceCheck.onSuccess: deviceIp: 219.147.31.2
07-06 00:38:03.733 D/PlayerSdk/DeviceCheckTask@5ecab06( 6362): [TID 6393] notifyJobSuccess() Job[PlayerSdk/DeviceCheckTask@5ecab06](mState=1, mData=Object647747572, mError=null)
07-06 00:38:03.735 D/PlayerSdk/GrayScaleSwitcherProvider( 6362): [TID 6393] execute: handler has no messages, send it.
07-06 00:38:03.736 D/PlayerSdk/GrayScaleSwitcherProvider( 6362): [TID 6393] fetchSwitchData
07-06 00:38:03.736 I/System.out( 6362): <TVAPI> DEBUG(isUpdateData): isUpdateData=dynamicQ-true
07-06 00:38:03.737 I/System.out( 6362): <TVAPI> DEBUG(TVApiProperty): read passport-device-id=tv_69b1ef544cadbb86e8f28950ece1c76a_1167652938875
07-06 00:38:03.737 I/System.out( 6362): <TVAPI> DEBUG(id=7, dynamicQ): url = http://data2.itv.ptqy.gitv.tv/itv/dynamicQ/1210/2.1.0.59986/VIDAA_TV/0/0/1/0/0/0/0
07-06 00:38:03.737 I/System.out( 6362): <TVAPI> DEBUG(id=7, dynamicQ): header = qyid:tv_69b1ef544cadbb86e8f28950ece1c76a_1167652938875
07-06 00:38:03.737 I/System.out( 6362): <TVAPI> DEBUG(id=7, dynamicQ): header = ov:5.1.1
07-06 00:38:03.737 I/System.out( 6362): <TVAPI> DEBUG(id=7, dynamicQ): header = apkVer:2.1.0.59986
07-06 00:38:03.737 I/System.out( 6362): <TVAPI> DEBUG(id=7, dynamicQ): header = apiKey:9e14d341281067d05d771f41454858c0
07-06 00:38:03.750 I/MyFragmentStateAdapter( 6362): getCount
07-06 00:38:03.762 D/NetworkManager( 6362): [TID 6538] << request(http://www.iqiyi.com, 21525079): connect internet success, url=http://www.iqiyi.com
07-06 00:38:03.772 I/MiSysSrv( 1214): [37m[INFO] Change to Voltage: 112 mv (0x2D)[m
07-06 00:38:03.772 D/NetworkManager( 6362): [TID 6539] << request(http://www.163.com, 21525086): connect internet success, url=http://www.163.com
07-06 00:38:03.777 I/MyFragmentStateAdapter( 6362): getCount
07-06 00:38:03.806 I/MyFragmentStateAdapter( 6362): getCount
07-06 00:38:03.830 I/MyFragmentStateAdapter( 6362): getCount
