07-06 00:49:50.550 D/OsdMonitorService( 1733): windowNotOsd() : name = com.hisense.hicloud.edca/com.hisense.tvui.newhome.HomeMainActivity
07-06 00:49:50.550 I/OsdMonitorService( 1733): setOsdStatus() : status will change from true to true
07-06 00:49:50.554 I/FirstLineAdapter(12906): canShowTrailer,isOffline=false
07-06 00:49:50.555 I/FirstLineAdapter(12906): canShowTrailer,isOffline=false
07-06 00:49:50.555 I/FirstLineAdapter(12906): canShowTrailer,isOffline=false
07-06 00:49:50.556 I/FirstLineAdapter(12906): canShowTrailer,isOffline=false
07-06 00:49:50.556 I/FirstLineAdapter(12906): canShowTrailer,isOffline=false
07-06 00:49:50.556 I/FirstLineAdapter(12906): canShowTrailer,isOffline=false
07-06 00:49:50.556 I/FirstLineAdapter(12906): canShowTrailer,isOffline=false
07-06 00:49:50.556 I/FirstLineAdapter(12906): onCreateViewHolder viewtype=4
07-06 00:49:50.557 I/edu     (12906): 000000000 ==>mTypeCode = 1002
07-06 00:49:50.557 D/ContentProvider(12906): zhangxiaokai,getmImageIconUrl():http://picture.edu.hismarttv.com/images/20170629/å¿ƒç®—å£è¯€å¤©å¤©ç»ƒ.jpg
07-06 00:49:50.557 D/ContentProvider(12906): zhangxiaokai,getTitle()å¿ƒç®—å£è¯€å¤©å¤©ç»ƒ
07-06 00:49:50.557 D/ContentProvider(12906): zhangxiaokai,getTotalTime():0
07-06 00:49:50.557 D/ContentProvider(12906): zhangxiaokai getIs_fee():1
07-06 00:49:50.561 I/FirstLineAdapter(12906): onBindViewHolder 6
07-06 00:49:50.561 I/FirstLineAdapter(12906): canShowTrailer,isOffline=false
07-06 00:49:50.561 I/FirstLineAdapter(12906): canShowTrailer modify
07-06 00:49:50.561 I/FirstLineAdapter(12906): setMasterData6
07-06 00:49:50.561 I/FirstLineAdapter(12906): set current pos = 2
07-06 00:49:50.562 D/sloven  (12906): 2005---false
07-06 00:49:50.562 D/sloven  (12906): 2005ä¸“é¢˜
07-06 00:49:50.562 I/FirstLineAdapter(12906): canShowTrailer,isOffline=false
07-06 00:49:50.563 I/FirstLineAdapter(12906): canShowTrailer,isOffline=false
07-06 00:49:50.563 I/FirstLineAdapter(12906): onCreateViewHolder viewtype=4
07-06 00:49:50.567 D/HttpHandler(12906): VerifySignInterCeptor-->request.url()=http://picture.edu.hismarttv.com/images/20170628114649773760.jpg
07-06 00:49:50.567 D/HttpHandler(12906): VerifySignInterCeptor-->hostname=picture.edu.hismarttv.com
07-06 00:49:50.568 D/OkHttp  (12906): --> GET http://picture.edu.hismarttv.com/images/20170628114649773760.jpg http/1.1
07-06 00:49:50.568 D/OkHttp  (12906): Host: picture.edu.hismarttv.com
07-06 00:49:50.568 D/OkHttp  (12906): Connection: Keep-Alive
07-06 00:49:50.568 D/OkHttp  (12906): Accept-Encoding: gzip
07-06 00:49:50.568 D/OkHttp  (12906): User-Agent: okhttp/3.6.0
07-06 00:49:50.568 D/OkHttp  (12906): --> END GET
07-06 00:49:50.569 I/MiSysSrv( 1214): [37m[INFO] Change to Voltage: 107 mv (0x28)[m
07-06 00:49:50.569 I/FirstLineAdapter(12906): onBindViewHolder 7
07-06 00:49:50.569 I/FirstLineAdapter(12906): canShowTrailer,isOffline=false
07-06 00:49:50.569 I/FirstLineAdapter(12906): canShowTrailer modify
07-06 00:49:50.569 I/FirstLineAdapter(12906): setMasterData7
07-06 00:49:50.569 I/FirstLineAdapter(12906): set current pos = 3
07-06 00:49:50.569 D/sloven  (12906): 2005---false
07-06 00:49:50.569 D/sloven  (12906): 2005ä¸“é¢˜
07-06 00:49:50.570 I/FirstLineAdapter(12906): canShowTrailer,isOffline=false
07-06 00:49:50.572 I/MyItemDecoration(12906): getItemOffsets rect=Rect(-6, 0 - 0, 0),pos=6
07-06 00:49:50.572 D/PowerManagerService( 1733): acquireWakeLockInternal: lock=113832109, flags=0x1, tag="NetworkStats", ws=null, uid=1000, pid=1733
07-06 00:49:50.572 D/PowerManagerNotifier( 1733): onWakeLockAcquired: flags=1, tag="NetworkStats", packageName=android, ownerUid=1000, ownerPid=1733, workSource=null
07-06 00:49:50.572 D/NtpTrustedTime( 1733): currentTimeMillis() cache hit
07-06 00:49:50.573 I/MyItemDecoration(12906): getItemOffsets rect=Rect(-6, -5 - 0, 0),pos=7
07-06 00:49:50.574 I/FirstLineAdapter(12906): canShowTrailer,isOffline=false
07-06 00:49:50.574 I/FirstLineAdapter(12906): canShowTrailer,isOffline=false
07-06 00:49:50.574 I/FirstLineAdapter(12906): onCreateViewHolder viewtype=0
07-06 00:49:50.578 I/FirstLineAdapter(12906): onBindViewHolder 0
07-06 00:49:50.580 D/HttpHandler(12906): VerifySignInterCeptor-->request.url()=http://picture.edu.hismarttv.com/images/20170628114944634008.jpg
07-06 00:49:50.580 D/HttpHandler(12906): VerifySignInterCeptor-->hostname=picture.edu.hismarttv.com
07-06 00:49:50.581 D/OkHttp  (12906): --> GET http://picture.edu.hismarttv.com/images/20170628114944634008.jpg http/1.1
07-06 00:49:50.581 D/OkHttp  (12906): Host: picture.edu.hismarttv.com
07-06 00:49:50.581 D/OkHttp  (12906): Connection: Keep-Alive
07-06 00:49:50.581 D/OkHttp  (12906): Accept-Encoding: gzip
07-06 00:49:50.581 D/OkHttp  (12906): User-Agent: okhttp/3.6.0
07-06 00:49:50.581 D/OkHttp  (12906): --> END GET
07-06 00:49:50.583 D/NtpTrustedTime( 1733): currentTimeMillis() cache hit
07-06 00:49:50.584 D/NtpTrustedTime( 1733): currentTimeMillis() cache hit
07-06 00:49:50.584 D/NtpTrustedTime( 1733): currentTimeMillis() cache hit
07-06 00:49:50.584 D/PowerManagerService( 1733): releaseWakeLockInternal: lock=113832109 [NetworkStats], flags=0x0
07-06 00:49:50.585 D/PowerManagerNotifier( 1733): onWakeLockReleased: flags=1, tag="NetworkStats", packageName=android, ownerUid=1000, ownerPid=1733, workSource=null
07-06 00:49:50.590 D/OkHttp  (12906): <-- 200 OK http://picture.edu.hismarttv.com/images/20170628114649773760.jpg (22ms)
07-06 00:49:50.590 D/OkHttp  (12906): Date: Tue, 04 Jul 2017 05:50:04 GMT
07-06 00:49:50.590 D/OkHttp  (12906): Server: nginx
07-06 00:49:50.590 D/OkHttp  (12906): Content-Type: image/jpeg
07-06 00:49:50.590 D/OkHttp  (12906): Content-Length: 39955
07-06 00:49:50.590 D/OkHttp  (12906): Last-Modified: Wed, 28 Jun 2017 11:46:49 GMT
07-06 00:49:50.590 D/OkHttp  (12906): ETag: "59539729-9c13"
07-06 00:49:50.590 D/OkHttp  (12906): Accept-Ranges: bytes
07-06 00:49:50.590 D/OkHttp  (12906): Age: 125986
07-06 00:49:50.590 D/OkHttp  (12906): Via: 1.1 jnwt245:1 (Cdn Cache Server V2.0)[10 200 0], 1.1 t93:1 (Cdn Cache Server V2.0)[0 200 0]
07-06 00:49:50.590 D/OkHttp  (12906): Connection: keep-alive
07-06 00:49:50.590 D/OkHttp  (12906): <-- END HTTP
07-06 00:49:50.590 D/HttpHandler(12906): RetryIntercepter-->retryNum=0
07-06 00:49:50.591 D/HttpHandler(12906): RetryIntercepter-->backoffmutiplier=0
07-06 00:49:50.604 D/OkHttp  (12906): <-- 200 OK http://picture.edu.hismarttv.com/images/20170628114944634008.jpg (23ms)
07-06 00:49:50.604 D/OkHttp  (12906): Date: Tue, 04 Jul 2017 05:50:04 GMT
07-06 00:49:50.604 D/OkHttp  (12906): Server: nginx
07-06 00:49:50.604 D/OkHttp  (12906): Content-Type: image/jpeg
07-06 00:49:50.604 D/OkHttp  (12906): Content-Length: 23077
07-06 00:49:50.604 D/OkHttp  (12906): Last-Modified: Wed, 28 Jun 2017 11:49:44 GMT
07-06 00:49:50.604 D/OkHttp  (12906): ETag: "595397d8-5a25"
07-06 00:49:50.604 D/OkHttp  (12906): Accept-Ranges: bytes
07-06 00:49:50.604 D/OkHttp  (12906): Age: 125986
07-06 00:49:50.604 D/OkHttp  (12906): Via: 1.1 pwt48:3 (Cdn Cache Server V2.0)[20 200 0], 1.1 angtong95:2 (Cdn Cache Server V2.0)[0 200 0]
07-06 00:49:50.604 D/OkHttp  (12906): Connection: keep-alive
07-06 00:49:50.604 D/OkHttp  (12906): <-- END HTTP
07-06 00:49:50.605 D/HttpHandler(12906): RetryIntercepter-->retryNum=0
07-06 00:49:50.605 D/HttpHandler(12906): RetryIntercepter-->backoffmutiplier=0
07-06 00:49:50.613 D/MediaHTTPConnection(12906): close inputstream
07-06 00:49:50.614 D/MediaHTTPConnection(12906): hitting http://118.212.138.160/jhxvideo-ws.video-tx.com/rendition/201705/205989353451683841/205989353451684353/bb/243216185158536196/243216215223308548/r243216215223308548-3200k-1920x1080.mp4?wsSecret=9fd31b4e353bac3455e8b06d28d5cc54&wsTime=595d18ac&wsiphost=local
07-06 00:49:50.628 I/FirstLineAdapter(12906): canShowTrailer,isOffline=false
07-06 00:49:50.628 I/FirstLineAdapter(12906): canShowTrailer,isOffline=false
07-06 00:49:50.633 I/FirstLineAdapter(12906): canShowTrailer,isOffline=false
07-06 00:49:50.633 I/FirstLineAdapter(12906): canShowTrailer,isOffline=false
07-06 00:49:50.633 I/FirstLineAdapter(12906): canShowTrailer,isOffline=false
07-06 00:49:50.633 I/FirstLineAdapter(12906): canShowTrailer,isOffline=false
07-06 00:49:50.634 I/FirstLineAdapter(12906): onViewDetachedFromWindow 
07-06 00:49:50.635 I/FirstLineAdapter(12906): onViewRecycledViewHolder{14cbe2c7 position=7 id=-1, oldPos=-1, pLpos:-1}
07-06 00:49:50.635 I/FirstLineAdapter(12906): release NormalViewHolder
07-06 00:49:50.635 I/FirstLineAdapter(12906): onViewDetachedFromWindow 
07-06 00:49:50.635 I/FirstLineAdapter(12906): onViewRecycledViewHolder{1153863a position=6 id=-1, oldPos=-1, pLpos:-1}
07-06 00:49:50.635 I/FirstLineAdapter(12906): release NormalViewHolder
07-06 00:49:50.635 I/FirstLineAdapter(12906): canShowTrailer,isOffline=false
07-06 00:49:50.637 D/Carousel-CarouselView(12906): ============>onScrollChanged hashCode:558015189
07-06 00:49:50.637 D/Carousel-CarouselDisplayPlayerLayout(12906): isFullScreen:false
07-06 00:49:50.637 I/NetflixMonitorService( 1733): current fgapk : com.hisense.hicloud.edca
07-06 00:49:50.637 I/NetflixMonitorService( 1733): Netflix status unchanged
07-06 00:49:50.645 D/gralloc ( 1204): allocate buffer from ION HEAP 0x1
07-06 00:49:50.645 D/gralloc ( 1204): allocate memory from system heap
07-06 00:49:50.662 D/gralloc ( 1204): allocate buffer from ION HEAP 0x1
07-06 00:49:50.662 D/gralloc ( 1204): allocate memory from system heap
07-06 00:49:50.675 I/MiSysSrv( 1214): [37m[INFO] Change to Voltage: 102 mv (0x23)[m
07-06 00:49:50.675 D/Carousel-CarouselDisplayPlayerLayout(12906): x=380, y=-185,w=892,h=536, hashCode=42257061
07-06 00:49:50.675 D/Carousel-CarouselDisplayPlayerLayout(12906): mX=380, mY=-185,mWitdh=892,mHeight=536, hashCode=42257061
07-06 00:49:50.675 D/Carousel-CarouselDisplayPlayerLayout(12906): changed=false, hashCode=42257061
07-06 00:49:50.675 D/Carousel-CarouselDisplayPlayerLayout(12906): extraTryCount=0
07-06 00:49:50.675 D/EduSourcePlayerHelper(12906): opening cursor success <-- content://com.hisense.data.edu/external_player_action?action=logging&source=EDU&event=video_exit&programSeriesId=3535&episodeId=35351&resolution=11&ts=1499273390&position=0&error_code=null&typeCode=1002&classId=&topicTitle=
07-06 00:49:50.683 I/MyFragmentStateAdapter(12906): getCount
07-06 00:49:50.683 I/MyFragmentStateAdapter(12906): getCount
07-06 00:49:50.684 I/MyFragmentStateAdapter(12906): getCount
07-06 00:49:50.684 I/MyFragmentStateAdapter(12906): getCount
07-06 00:49:50.684 I/FirstLineAdapter(12906): canShowTrailer,isOffline=false
07-06 00:49:50.684 I/FirstLineAdapter(12906): canShowTrailer,isOffline=false
07-06 00:49:50.684 I/FirstLineAdapter(12906): canShowTrailer,isOffline=false
07-06 00:49:50.685 I/FirstLineAdapter(12906): canShowTrailer,isOffline=false
07-06 00:49:50.685 I/FirstLineAdapter(12906): canShowTrailer,isOffline=false
07-06 00:49:50.685 I/FirstLineAdapter(12906): canShowTrailer,isOffline=false
07-06 00:49:50.685 I/FirstLineAdapter(12906): canShowTrailer,isOffline=false
07-06 00:49:50.685 I/FirstLineAdapter(12906): canShowTrailer,isOffline=false
07-06 00:49:50.685 I/FirstLineAdapter(12906): canShowTrailer,isOffline=false
07-06 00:49:50.686 D/HttpHandler(12906): VerifySignInterCeptor-->request.url()=http://picture.edu.hismarttv.com/images/20170629/%E5%BF%83%E7%AE%97%E5%8F%A3%E8%AF%80%E5%A4%A9%E5%A4%A9%E7%BB%83.jpg
07-06 00:49:50.686 D/HttpHandler(12906): VerifySignInterCeptor-->hostname=picture.edu.hismarttv.com
07-06 00:49:50.691 I/MyFragmentStateAdapter(12906): getCount
07-06 00:49:50.691 D/OkHttp  (12906): --> GET http://picture.edu.hismarttv.com/images/20170629/%E5%BF%83%E7%AE%97%E5%8F%A3%E8%AF%80%E5%A4%A9%E5%A4%A9%E7%BB%83.jpg http/1.1
07-06 00:49:50.691 D/OkHttp  (12906): Host: picture.edu.hismarttv.com
07-06 00:49:50.691 D/OkHttp  (12906): Connection: Keep-Alive
07-06 00:49:50.691 D/OkHttp  (12906): Accept-Encoding: gzip
07-06 00:49:50.691 D/OkHttp  (12906): User-Agent: okhttp/3.6.0
07-06 00:49:50.691 D/OkHttp  (12906): --> END GET
07-06 00:49:50.693 D/MediaHTTPConnection(12906): [Connection@114149056] response.heeader.null = HTTP/1.1 206 Partial Content
07-06 00:49:50.693 D/MediaHTTPConnection(12906): [Connection@114149056] response.heeader.Accept-Ranges = bytes
07-06 00:49:50.693 D/MediaHTTPConnection(12906): [Connection@114149056] response.heeader.Age = 2176760
07-06 00:49:50.693 D/MediaHTTPConnection(12906): [Connection@114149056] response.heeader.Cache-Control = max-age=5184000
07-06 00:49:50.694 D/MediaHTTPConnection(12906): [Connection@114149056] response.heeader.Connection = keep-alive
07-06 00:49:50.694 D/MediaHTTPConnection(12906): [Connection@114149056] response.heeader.Content-Length = 128
07-06 00:49:50.694 D/MediaHTTPConnection(12906): [Connection@114149056] response.heeader.Content-MD5 = b0d2FgZ34VxS2J9TYuIjgA==
07-06 00:49:50.694 D/MediaHTTPConnection(12906): [Connection@114149056] response.heeader.Content-Range = bytes 218840569-218840696/218840697
07-06 00:49:50.694 D/MediaHTTPConnection(12906): [Connection@114149056] response.heeader.Content-Type = application/octet-stream
07-06 00:49:50.694 D/MediaHTTPConnection(12906): [Connection@114149056] response.heeader.Date = Sat, 10 Jun 2017 12:11:49 GMT
07-06 00:49:50.694 D/MediaHTTPConnection(12906): [Connection@114149056] response.heeader.ETag = "6F4776160677E15C52D89F5362E22380"
07-06 00:49:50.694 D/MediaHTTPConnection(12906): [Connection@114149056] response.heeader.Last-Modified = Mon, 08 May 2017 17:24:17 GMT
07-06 00:49:50.694 D/MediaHTTPConnection(12906): [Connection@114149056] response.heeader.Server = nginx/1.2.4
07-06 00:49:50.694 D/MediaHTTPConnection(12906): [Connection@114149056] response.heeader.Via = 1.1 chshx150:7 (Cdn Cache Server V2.0)[0 200 0], 1.1 sdbz31:0 (Cdn Cache Server V2.0)[26 200 0], 1.1 tongxiazai20:3 (Cdn Cache Server V2.0)[0 200 0]
07-06 00:49:50.694 D/MediaHTTPConnection(12906): [Connection@114149056] response.heeader.X-Android-Received-Millis = 1499273390693
07-06 00:49:50.694 D/MediaHTTPConnection(12906): [Connection@114149056] response.heeader.X-Android-Response-Source = NETWORK 206
07-06 00:49:50.694 D/MediaHTTPConnection(12906): [Connection@114149056] response.heeader.X-Android-Sent-Millis = 1499273390650
07-06 00:49:50.694 D/MediaHTTPConnection(12906): [Connection@114149056] response.heeader.x-oss-hash-crc64ecma = 10858506031335928878
07-06 00:49:50.694 D/MediaHTTPConnection(12906): [Connection@114149056] response.heeader.x-oss-object-type = Normal
07-06 00:49:50.694 D/MediaHTTPConnection(12906): [Connection@114149056] response.heeader.x-oss-request-id = 591D64783FEA2FF75DF4AA6E
07-06 00:49:50.694 D/MediaHTTPConnection(12906): [Connection@114149056] response.heeader.x-oss-server-time = 46
07-06 00:49:50.694 D/MediaHTTPConnection(12906): [Connection@114149056] response.heeader.x-oss-storage-class = Standard
07-06 00:49:50.697 I/NuCachedSource2( 1206): caching reached eos.
07-06 00:49:50.698 V/NuPlayer( 1206): Video input format 1920 x 1080
07-06 00:49:50.698 V/NuPlayer( 1206): updateVideoSize::rotationDegrees=0
07-06 00:49:50.698 E/NuPlayerDriver( 1206): notifyDuration (538083333)
07-06 00:49:50.698 W/avc_utils( 1206): [3D detect]It is not SEI Nal
07-06 00:49:50.698 W/avc_utils( 1206): [3D detect]It is not SEI Nal
07-06 00:49:50.699 W/avc_utils( 1206): [3D detect]It is not SEI Nal
07-06 00:49:50.705 I/FirstLineAdapter(12906): canShowTrailer,isOffline=false
07-06 00:49:50.708 I/NuCachedSource2( 1206): new range: offset= 1572864
07-06 00:49:50.708 I/NuCachedSource2( 1206): seekInternal_l ---- totalSize: 1572992
07-06 00:49:50.714 D/Carousel-CarouselDisplayPlayerLayout(12906): x=380, y=-185,w=892,h=536, hashCode=42257061
07-06 00:49:50.715 D/Carousel-CarouselDisplayPlayerLayout(12906): mX=380, mY=-185,mWitdh=892,mHeight=536, hashCode=42257061
07-06 00:49:50.715 D/Carousel-CarouselDisplayPlayerLayout(12906): changed=false, hashCode=42257061
07-06 00:49:50.715 D/Carousel-CarouselDisplayPlayerLayout(12906): extraTryCount=1
07-06 00:49:50.721 V/MediaPlayer-JNI(12906): getVideoWidth: 1920
07-06 00:49:50.721 V/MediaPlayer-JNI(12906): getVideoHeight: 1080
07-06 00:49:50.722 D/OkHttp  (12906): <-- 200 OK http://picture.edu.hismarttv.com/images/20170629/%E5%BF%83%E7%AE%97%E5%8F%A3%E8%AF%80%E5%A4%A9%E5%A4%A9%E7%BB%83.jpg (30ms)
07-06 00:49:50.722 D/OkHttp  (12906): Date: Mon, 03 Jul 2017 11:02:37 GMT
07-06 00:49:50.722 D/OkHttp  (12906): Server: nginx
07-06 00:49:50.722 D/OkHttp  (12906): Content-Type: image/jpeg
07-06 00:49:50.722 D/OkHttp  (12906): Content-Length: 204643
07-06 00:49:50.722 D/OkHttp  (12906): Last-Modified: Fri, 09 Jun 2017 14:51:40 GMT
07-06 00:49:50.723 D/OkHttp  (12906): ETag: "593ab5fc-31f63"
07-06 00:49:50.723 D/OkHttp  (12906): Accept-Ranges: bytes
07-06 00:49:50.723 D/OkHttp  (12906): Age: 193633
07-06 00:49:50.723 D/OkHttp  (12906): Via: 1.1 shuozhou56:1 (Cdn Cache Server V2.0)[20 200 0], 1.1 angtong95:4 (Cdn Cache Server V2.0)[0 200 0]
07-06 00:49:50.723 D/OkHttp  (12906): Connection: keep-alive
07-06 00:49:50.723 D/OkHttp  (12906): <-- END HTTP
07-06 00:49:50.724 D/HttpHandler(12906): RetryIntercepter-->retryNum=0
07-06 00:49:50.724 D/HttpHandler(12906): RetryIntercepter-->backoffmutiplier=0
07-06 00:49:50.726 E/MediaPlayer(12906): Should have subtitle controller already set
07-06 00:49:50.726 V/MediaPlayer-JNI(12906): getVideoWidth: 1920
07-06 00:49:50.726 V/MediaPlayer-JNI(12906): getVideoHeight: 1080
07-06 00:49:50.726 V/MediaPlayer-JNI(12906): isPlaying: 0
07-06 00:49:50.726 D/Carousel-UrlVideoView(12906): isInPlaybackState=true
07-06 00:49:50.726 D/Carousel-UrlVideoView(12906): mCurrentState=2
07-06 00:49:50.726 V/MediaPlayer-JNI(12906): getCurrentPosition: 0 (msec)
07-06 00:49:50.737 D/Carousel-CarouselDisplayPlayerLayout(12906): x=380, y=-185,w=892,h=536, hashCode=42257061
07-06 00:49:50.737 D/Carousel-CarouselDisplayPlayerLayout(12906): mX=380, mY=-185,mWitdh=892,mHeight=536, hashCode=42257061
07-06 00:49:50.737 D/Carousel-CarouselDisplayPlayerLayout(12906): changed=false, hashCode=42257061
07-06 00:49:50.737 D/Carousel-CarouselDisplayPlayerLayout(12906): extraTryCount=2
07-06 00:49:50.769 E/audio_hw_primary( 1206): out_standby
07-06 00:49:50.770 D/PowerManagerService( 1733): releaseWakeLockInternal: lock=825458621 [AudioMix], flags=0x0
07-06 00:49:50.770 I/MiSysSrv( 1214): [37m[INFO] Change to Voltage: 102 mv (0x23)[m
07-06 00:49:50.770 D/PowerManagerNotifier( 1733): onWakeLockReleased: flags=1, tag="AudioMix", packageName=media, ownerUid=1013, ownerPid=0, workSource=null
07-06 00:49:50.780 D/Carousel-CarouselDisplayPlayerLayout(12906): x=380, y=-185,w=892,h=536, hashCode=42257061
07-06 00:49:50.780 D/Carousel-CarouselDisplayPlayerLayout(12906): mX=380, mY=-185,mWitdh=892,mHeight=536, hashCode=42257061
07-06 00:49:50.780 D/Carousel-CarouselDisplayPlayerLayout(12906): changed=false, hashCode=42257061
07-06 00:49:50.780 D/Carousel-CarouselDisplayPlayerLayout(12906): extraTryCount=3
07-06 00:49:50.798 D/MediaHTTPConnection(12906): connect: uri=http://jhxvideo-ws.video-tx.com/rendition/201705/205989353451683841/205989353451684353/bb/243216185158536196/243216215223308548/r243216215223308548-3200k-1920x1080.mp4?wsSecret=9fd31b4e353bac3455e8b06d28d5cc54&wsTime=595d18ac, headers=User-Agent: stagefright/1.2 (Linux;Android 5.1.1)
07-06 00:49:50.798 D/MediaHTTPConnection(12906): teardownConnection
07-06 00:49:50.798 D/MediaHTTPConnection(12906): close inputstream
07-06 00:49:50.799 D/MediaHTTPConnection(12906): offset = 1572864, mCurrentOffset = -1
07-06 00:49:50.799 D/MediaHTTPConnection(12906): seekTo 1572864
07-06 00:49:50.800 D/MediaHTTPConnection(12906): hitting http://jhxvideo-ws.video-tx.com/rendition/201705/205989353451683841/205989353451684353/bb/243216185158536196/243216215223308548/r243216215223308548-3200k-1920x1080.mp4?wsSecret=9fd31b4e353bac3455e8b06d28d5cc54&wsTime=595d18ac
07-06 00:49:50.845 D/Carousel-CarouselDisplayPlayerLayout(12906): x=380, y=-185,w=892,h=536, hashCode=42257061
07-06 00:49:50.845 D/Carousel-CarouselDisplayPlayerLayout(12906): mX=380, mY=-185,mWitdh=892,mHeight=536, hashCode=42257061
07-06 00:49:50.845 D/Carousel-CarouselDisplayPlayerLayout(12906): changed=false, hashCode=42257061
07-06 00:49:50.845 D/Carousel-CarouselDisplayPlayerLayout(12906): extraTryCount=4
07-06 00:49:50.888 D/MediaHTTPConnection(12906): [Connection@279728121] response.heeader.null = HTTP/1.1 206 Partial Content
07-06 00:49:50.888 D/MediaHTTPConnection(12906): [Connection@279728121] response.heeader.Accept-Ranges = bytes
07-06 00:49:50.888 D/MediaHTTPConnection(12906): [Connection@279728121] response.heeader.Age = 2345126
07-06 00:49:50.888 D/MediaHTTPConnection(12906): [Connection@279728121] response.heeader.Cache-Control = max-age=5184000
07-06 00:49:50.888 D/MediaHTTPConnection(12906): [Connection@279728121] response.heeader.Connection = keep-alive
07-06 00:49:50.888 D/MediaHTTPConnection(12906): [Connection@279728121] response.heeader.Content-Length = 217267833
07-06 00:49:50.888 D/MediaHTTPConnection(12906): [Connection@279728121] response.heeader.Content-MD5 = b0d2FgZ34VxS2J9TYuIjgA==
07-06 00:49:50.888 D/MediaHTTPConnection(12906): [Connection@279728121] response.heeader.Content-Range = bytes 1572864-218840696/218840697
07-06 00:49:50.889 D/MediaHTTPConnection(12906): [Connection@279728121] response.heeader.Content-Type = application/octet-stream
07-06 00:49:50.889 D/MediaHTTPConnection(12906): [Connection@279728121] response.heeader.Date = Thu, 08 Jun 2017 13:24:24 GMT
07-06 00:49:50.889 D/MediaHTTPConnection(12906): [Connection@279728121] response.heeader.ETag = "6F4776160677E15C52D89F5362E22380"
07-06 00:49:50.889 D/MediaHTTPConnection(12906): [Connection@279728121] response.heeader.Last-Modified = Mon, 08 May 2017 17:24:17 GMT
07-06 00:49:50.889 D/MediaHTTPConnection(12906): [Connection@279728121] response.heeader.Server = nginx/1.2.4
07-06 00:49:50.889 D/MediaHTTPConnection(12906): [Connection@279728121] response.heeader.Via = 1.1 chshx150:7 (Cdn Cache Server V2.0)[0 200 0], 1.1 sdbz31:0 (Cdn Cache Server V2.0)[76 200 0], 1.1 PSsdzbwt4ld56:3 (Cdn Cache Server V2.0)[0 200 0]
07-06 00:49:50.889 D/MediaHTTPConnection(12906): [Connection@279728121] response.heeader.X-Android-Received-Millis = 1499273390887
07-06 00:49:50.889 D/MediaHTTPConnection(12906): [Connection@279728121] response.heeader.X-Android-Response-Source = NETWORK 206
07-06 00:49:50.889 D/MediaHTTPConnection(12906): [Connection@279728121] response.heeader.X-Android-Sent-Millis = 1499273390870
07-06 00:49:50.889 D/MediaHTTPConnection(12906): [Connection@279728121] response.heeader.x-oss-hash-crc64ecma = 10858506031335928878
07-06 00:49:50.889 D/MediaHTTPConnection(12906): [Connection@279728121] response.heeader.x-oss-object-type = Normal
07-06 00:49:50.889 D/MediaHTTPConnection(12906): [Connection@279728121] response.heeader.x-oss-request-id = 591D64783FEA2FF75DF4AA6E
07-06 00:49:50.889 D/MediaHTTPConnection(12906): [Connection@279728121] response.heeader.x-oss-server-time = 46
07-06 00:49:50.889 D/MediaHTTPConnection(12906): [Connection@279728121] response.heeader.x-oss-storage-class = Standard
07-06 00:49:50.911 D/Carousel-CarouselDisplayPlayerLayout(12906): x=380, y=-185,w=892,h=536, hashCode=42257061
07-06 00:49:50.911 D/Carousel-CarouselDisplayPlayerLayout(12906): mX=380, mY=-185,mWitdh=892,mHeight=536, hashCode=42257061
07-06 00:49:50.911 D/Carousel-CarouselDisplayPlayerLayout(12906): changed=false, hashCode=42257061
07-06 00:49:50.911 D/Carousel-CarouselDisplayPlayerLayout(12906): extraTryCount=5
07-06 00:49:50.924 I/FirstLineAdapter(12906): onViewDetachedFromWindow 
07-06 00:49:50.924 I/FirstLineAdapter(12906): onViewRecycledViewHolder{157b297e position=0 id=-1, oldPos=-1, pLpos:-1 update}
07-06 00:49:50.925 I/FirstLineAdapter(12906): onViewRecycledViewHolder{157b297e position=0 id=-1, oldPos=-1, pLpos:-1 update no parent}
07-06 00:49:50.926 I/art     (12906): Background sticky concurrent mark sweep GC freed 3257(235KB) AllocSpace objects, 0(0B) LOS objects, 0% free, 35MB/35MB, paused 6.263ms total 31.110ms
07-06 00:49:50.933 I/TVMW@devctrl( 1234): wdt
07-06 00:49:50.945 I/TVMW@HsTvSetting( 1234): Trace cmd, data = 0x1058
07-06 00:49:50.945 D/til@system( 2026): til_get_system_param option:100002F int:0, bool:0, ret:0
07-06 00:49:50.945 I/TVMW@HsTvSetting( 1234): Trace cmd, data = 0x101f
07-06 00:49:50.946 D/til@system( 2026): til_get_system_param option:100001D int:3, bool:3, ret:0
07-06 00:49:50.946 E/til     ( 2026): [til_get_current_input_source, 101] 
07-06 00:49:50.946 D/Carousel-CarouselDisplayPlayerLayout(12906): x=380, y=-185,w=892,h=536, hashCode=42257061
07-06 00:49:50.946 I/TVMW@HsTvSetting( 1234): Trace cmd, data = 0x7007
07-06 00:49:50.947 D/Carousel-CarouselDisplayPlayerLayout(12906): mX=380, mY=-185,mWitdh=892,mHeight=536, hashCode=42257061
07-06 00:49:50.947 D/Carousel-CarouselDisplayPlayerLayout(12906): changed=false, hashCode=42257061
07-06 00:49:50.947 D/Carousel-CarouselDisplayPlayerLayout(12906): extraTryCount=6
07-06 00:49:50.948 I/tilwrapper@sm( 2026): HS2TIL_SourceType *hs=0xd, *til=0x900
07-06 00:49:50.948 D/til     ( 2026): get current source 2304
07-06 00:49:50.948 D/SourceRemoteServiceHandler( 2026): getCurrentInputSource.from.til.result is 0, value is 2304
07-06 00:49:50.948 D/SourceRemoteServiceHandler( 2026): getInputSourceType source: 0x900, type=2304
07-06 00:49:50.948 D/til     ( 2026): ###### func:til_get_picture_param option:0x3000006 ######  
07-06 00:49:50.948 I/TVMW@HsTvSetting( 1234): Trace cmd, data = 0x1003
07-06 00:49:50.950 I/TVMW@HsTvSetting( 1234): Trace cmd, data = 0x8032
07-06 00:49:50.951 I/hstvos  ( 1216): [0m[1;33m[HSHAL][HS_VIDEO][HS_HAL_Video_SetOsdDetect_v2][2389]u16Threshold = 20
07-06 00:49:50.952 I/MiSysSrv( 1214): Not support now! 42, change to mm_video!!!
07-06 00:49:50.953 E/TVMW@videoctrl( 1234):  getOsd is 1
07-06 00:49:50.953 D/til@system( 2026): til_get_system_param option:1000027 int:1, bool:1, ret:0
07-06 00:49:50.954 I/MyFragmentStateAdapter(12906): getCount
07-06 00:49:50.954 I/MyFragmentStateAdapter(12906): getCount
07-06 00:49:50.954 I/MyFragmentStateAdapter(12906): getCount
07-06 00:49:50.954 I/MyFragmentStateAdapter(12906): getCount
07-06 00:49:50.955 I/FirstLineAdapter(12906): canShowTrailer,isOffline=false
07-06 00:49:50.955 I/FirstLineAdapter(12906): canShowTrailer,isOffline=false
07-06 00:49:50.955 I/FirstLineAdapter(12906): canShowTrailer,isOffline=false
07-06 00:49:50.956 D/til     ( 2026): ###### func:til_get_picture_param option:0x3000045 ######  
07-06 00:49:50.956 I/TVMW@HsTvSetting( 1234): Trace cmd, data = 0x300c
07-06 00:49:50.956 I/TVMW@HsTvSetting( 1234): Trace 3d, data = 0x300c
07-06 00:49:50.956 I/TVMW@3d ( 1234): Hs_debug3d_trace: func:get3dStatus, line:109
07-06 00:49:50.956 I/FirstLineAdapter(12906): canShowTrailer,isOffline=false
07-06 00:49:50.956 I/FirstLineAdapter(12906): canShowTrailer,isOffline=false
07-06 00:49:50.957 I/NuCachedSource2( 1206): retrying a previously failed read succeeded.
07-06 00:49:50.957 I/FirstLineAdapter(12906): canShowTrailer,isOffline=false
07-06 00:49:50.957 I/FirstLineAdapter(12906): canShowTrailer,isOffline=false
07-06 00:49:50.957 I/FirstLineAdapter(12906): canShowTrailer,isOffline=false
07-06 00:49:50.957 I/FirstLineAdapter(12906): canShowTrailer,isOffline=false
07-06 00:49:50.964 I/MyFragmentStateAdapter(12906): getCount
07-06 00:49:50.967 D/Carousel-CarouselDisplayPlayerLayout(12906): x=380, y=-185,w=892,h=536, hashCode=42257061
07-06 00:49:50.967 D/Carousel-CarouselDisplayPlayerLayout(12906): mX=380, mY=-185,mWitdh=892,mHeight=536, hashCode=42257061
07-06 00:49:50.967 D/Carousel-CarouselDisplayPlayerLayout(12906): changed=false, hashCode=42257061
07-06 00:49:50.967 D/Carousel-CarouselDisplayPlayerLayout(12906): extraTryCount=7
07-06 00:49:50.993 D/Carousel-CarouselDisplayPlayerLayout(12906): x=380, y=-185,w=892,h=536, hashCode=42257061
07-06 00:49:50.993 D/Carousel-CarouselDisplayPlayerLayout(12906): mX=380, mY=-185,mWitdh=892,mHeight=536, hashCode=42257061
07-06 00:49:50.993 D/Carousel-CarouselDisplayPlayerLayout(12906): changed=false, hashCode=42257061
07-06 00:49:50.993 D/Carousel-CarouselDisplayPlayerLayout(12906): extraTryCount=8
07-06 00:49:51.013 D/Carousel-CarouselDisplayPlayerLayout(12906): x=380, y=-185,w=892,h=536, hashCode=42257061
07-06 00:49:51.013 D/Carousel-CarouselDisplayPlayerLayout(12906): mX=380, mY=-185,mWitdh=892,mHeight=536, hashCode=42257061
07-06 00:49:51.013 D/Carousel-CarouselDisplayPlayerLayout(12906): changed=false, hashCode=42257061
07-06 00:49:51.013 D/Carousel-CarouselDisplayPlayerLayout(12906): extraTryCount=9
07-06 00:49:51.043 I/FirstLineAdapter(12906): canShowTrailer,isOffline=false
07-06 00:49:51.044 D/Carousel-CarouselDisplayPlayerLayout(12906): x=380, y=-185,w=892,h=536, hashCode=42257061
07-06 00:49:51.044 D/Carousel-CarouselDisplayPlayerLayout(12906): mX=380, mY=-185,mWitdh=892,mHeight=536, hashCode=42257061
07-06 00:49:51.044 D/Carousel-CarouselDisplayPlayerLayout(12906): changed=false, hashCode=42257061
07-06 00:49:51.080 D/NetworkManager(12906): [TID 13052] << request(http://www.iqiyi.com, 22221017): connect internet success, url=http://www.iqiyi.com
07-06 00:49:51.097 I/TENCENT_AD_PingHandler( 3457): ## 2017-07-06 00:49:51.097 [3457,3457,:0] INFO ## [TENCENT_AD_PingHandler]handleMessage: 3
07-06 00:49:51.225 D/DtvSourcePlugin-DVBC( 4289): Setting the EPG Updater state to: WAIT
07-06 00:49:51.457 I/TVMW@HsTvSetting( 1234): Trace cmd, data = 0x1058
07-06 00:49:51.457 D/til@system( 2026): til_get_system_param option:100002F int:0, bool:0, ret:0
07-06 00:49:51.457 I/TVMW@HsTvSetting( 1234): Trace cmd, data = 0x101f
07-06 00:49:51.457 D/til@system( 2026): til_get_system_param option:100001D int:3, bool:3, ret:0
07-06 00:49:51.458 E/til     ( 2026): [til_get_current_input_source, 101] 
07-06 00:49:51.458 I/TVMW@HsTvSetting( 1234): Trace cmd, data = 0x7007
07-06 00:49:51.458 I/tilwrapper@sm( 2026): HS2TIL_SourceType *hs=0xd, *til=0x900
07-06 00:49:51.458 D/til     ( 2026): get current source 2304
07-06 00:49:51.458 D/SourceRemoteServiceHandler( 2026): getCurrentInputSource.from.til.result is 0, value is 2304
07-06 00:49:51.458 D/SourceRemoteServiceHandler( 2026): getInputSourceType source: 0x900, type=2304
07-06 00:49:51.458 D/til     ( 2026): ###### func:til_get_picture_param option:0x3000006 ######  
07-06 00:49:51.458 I/TVMW@HsTvSetting( 1234): Trace cmd, data = 0x1003
07-06 00:49:51.458 I/TVMW@HsTvSetting( 1234): Trace cmd, data = 0x8032
07-06 00:49:51.458 I/hstvos  ( 1216): [0m[1;33m[HSHAL][HS_VIDEO][HS_HAL_Video_SetOsdDetect_v2][2389]u16Threshold = 20
07-06 00:49:51.459 I/MiSysSrv( 1214): Not support now! 42, change to mm_video!!!
07-06 00:49:51.459 E/TVMW@videoctrl( 1234):  getOsd is 1
07-06 00:49:51.459 D/til@system( 2026): til_get_system_param option:1000027 int:1, bool:1, ret:0
07-06 00:49:51.459 D/til     ( 2026): ###### func:til_get_picture_param option:0x3000045 ######  
07-06 00:49:51.459 I/TVMW@HsTvSetting( 1234): Trace cmd, data = 0x300c
07-06 00:49:51.459 I/TVMW@HsTvSetting( 1234): Trace 3d, data = 0x300c
07-06 00:49:51.459 I/TVMW@3d ( 1234): Hs_debug3d_trace: func:get3dStatus, line:109
07-06 00:49:51.532 D/PowerManagerService( 1733): acquireWakeLockInternal: lock=113832109, flags=0x1, tag="NetworkStats", ws=null, uid=1000, pid=1733
07-06 00:49:51.532 D/PowerManagerNotifier( 1733): onWakeLockAcquired: flags=1, tag="NetworkStats", packageName=android, ownerUid=1000, ownerPid=1733, workSource=null
07-06 00:49:51.532 D/NtpTrustedTime( 1733): currentTimeMillis() cache hit
07-06 00:49:51.539 D/NtpTrustedTime( 1733): currentTimeMillis() cache hit
07-06 00:49:51.542 D/NtpTrustedTime( 1733): currentTimeMillis() cache hit
07-06 00:49:51.542 D/NtpTrustedTime( 1733): currentTimeMillis() cache hit
07-06 00:49:51.542 D/PowerManagerService( 1733): releaseWakeLockInternal: lock=113832109 [NetworkStats], flags=0x0
07-06 00:49:51.542 D/PowerManagerNotifier( 1733): onWakeLockReleased: flags=1, tag="NetworkStats", packageName=android, ownerUid=1000, ownerPid=1733, workSource=null
07-06 00:49:51.547 I/MyFragmentStateAdapter(12906): getCount
07-06 00:49:51.590 I/MyFragmentStateAdapter(12906): getCount
07-06 00:49:51.612 I/MyFragmentStateAdapter(12906): getCount
07-06 00:49:51.634 I/MyFragmentStateAdapter(12906): getCount
07-06 00:49:51.639 I/NetflixMonitorService( 1733): current fgapk : com.hisense.hicloud.edca
07-06 00:49:51.639 I/NetflixMonitorService( 1733): Netflix status unchanged
07-06 00:49:51.656 I/MyFragmentStateAdapter(12906): getCount
07-06 00:49:51.685 I/MyFragmentStateAdapter(12906): getCount
07-06 00:49:51.698 D/MediaHTTPConnection(12906): [Connection@279728121] getSize mTotalSize = 218840697
07-06 00:49:51.701 W/FFmpegExtractor( 1206): drop the packet with negative timestamp(pts:-1024)
07-06 00:49:51.713 I/MyFragmentStateAdapter(12906): getCount
07-06 00:49:51.732 I/MyFragmentStateAdapter(12906): getCount
07-06 00:49:51.756 I/MyFragmentStateAdapter(12906): getCount
07-06 00:49:51.780 I/MyFragmentStateAdapter(12906): getCount
07-06 00:49:51.806 I/MyFragmentStateAdapter(12906): getCount
07-06 00:49:51.825 I/MyFragmentStateAdapter(12906): getCount
07-06 00:49:51.834 I/TVMW@devctrl( 1234): wdt
07-06 00:49:51.850 I/MyFragmentStateAdapter(12906): getCount
07-06 00:49:51.870 I/MyFragmentStateAdapter(12906): getCount
07-06 00:49:51.891 I/MyFragmentStateAdapter(12906): getCount
07-06 00:49:51.913 I/MyFragmentStateAdapter(12906): getCount
07-06 00:49:51.934 I/MyFragmentStateAdapter(12906): getCount
07-06 00:49:51.957 I/MyFragmentStateAdapter(12906): getCount
07-06 00:49:51.960 I/TVMW@HsTvSetting( 1234): Trace cmd, data = 0x1058
07-06 00:49:51.962 D/til@system( 2026): til_get_system_param option:100002F int:0, bool:0, ret:0
07-06 00:49:51.963 I/TVMW@HsTvSetting( 1234): Trace cmd, data = 0x101f
07-06 00:49:51.963 D/til@system( 2026): til_get_system_param option:100001D int:3, bool:3, ret:0
07-06 00:49:51.963 E/til     ( 2026): [til_get_current_input_source, 101] 
07-06 00:49:51.964 I/TVMW@HsTvSetting( 1234): Trace cmd, data = 0x7007
07-06 00:49:51.964 I/tilwrapper@sm( 2026): HS2TIL_SourceType *hs=0xd, *til=0x900
07-06 00:49:51.964 D/til     ( 2026): get current source 2304
07-06 00:49:51.964 D/SourceRemoteServiceHandler( 2026): getCurrentInputSource.from.til.result is 0, value is 2304
07-06 00:49:51.964 D/SourceRemoteServiceHandler( 2026): getInputSourceType source: 0x900, type=2304
07-06 00:49:51.964 D/til     ( 2026): ###### func:til_get_picture_param option:0x3000006 ######  
07-06 00:49:51.964 I/TVMW@HsTvSetting( 1234): Trace cmd, data = 0x1003
07-06 00:49:51.965 I/TVMW@HsTvSetting( 1234): Trace cmd, data = 0x8032
07-06 00:49:51.965 I/hstvos  ( 1216): [0m[1;33m[HSHAL][HS_VIDEO][HS_HAL_Video_SetOsdDetect_v2][2389]u16Threshold = 20
07-06 00:49:51.965 I/MiSysSrv( 1214): Not support now! 42, change to mm_video!!!
07-06 00:49:51.966 E/TVMW@videoctrl( 1234):  getOsd is 1
07-06 00:49:51.966 D/til@system( 2026): til_get_system_param option:1000027 int:1, bool:1, ret:0
07-06 00:49:51.966 D/til     ( 2026): ###### func:til_get_picture_param option:0x3000045 ######  
07-06 00:49:51.966 I/TVMW@HsTvSetting( 1234): Trace cmd, data = 0x300c
07-06 00:49:51.967 I/TVMW@HsTvSetting( 1234): Trace 3d, data = 0x300c
07-06 00:49:51.967 I/TVMW@3d ( 1234): Hs_debug3d_trace: func:get3dStatus, line:109
07-06 00:49:51.981 I/MyFragmentStateAdapter(12906): getCount
07-06 00:49:52.003 I/MyFragmentStateAdapter(12906): getCount
07-06 00:49:52.023 I/MyFragmentStateAdapter(12906): getCount
07-06 00:49:52.029 E/btif_config( 2964): [btif_config_get] node is TRUE!
07-06 00:49:52.029 E/btif_config( 2964): [btif_config_get] ret is TRUE!
07-06 00:49:52.045 I/MyFragmentStateAdapter(12906): getCount
07-06 00:49:52.070 I/MyFragmentStateAdapter(12906): getCount
07-06 00:49:52.095 I/MyFragmentStateAdapter(12906): getCount
07-06 00:49:52.118 I/MyFragmentStateAdapter(12906): getCount
07-06 00:49:52.145 I/MyFragmentStateAdapter(12906): getCount
07-06 00:49:52.167 I/MyFragmentStateAdapter(12906): getCount
07-06 00:49:52.186 I/MyFragmentStateAdapter(12906): getCount
07-06 00:49:52.208 I/MyFragmentStateAdapter(12906): getCount
07-06 00:49:52.212 E/btif_config( 2964): [btif_config_get] node is TRUE!
07-06 00:49:52.212 E/btif_config( 2964): [btif_config_get] ret is TRUE!
07-06 00:49:52.229 I/MyFragmentStateAdapter(12906): getCount
07-06 00:49:52.248 I/MyFragmentStateAdapter(12906): getCount
07-06 00:49:52.270 I/MyFragmentStateAdapter(12906): getCount
07-06 00:49:52.292 I/MyFragmentStateAdapter(12906): getCount
07-06 00:49:52.311 I/MyFragmentStateAdapter(12906): getCount
07-06 00:49:52.333 I/MyFragmentStateAdapter(12906): getCount
07-06 00:49:52.354 I/MyFragmentStateAdapter(12906): getCount
07-06 00:49:52.372 D/PowerManagerService( 1733): acquireWakeLockInternal: lock=113832109, flags=0x1, tag="NetworkStats", ws=null, uid=1000, pid=1733
07-06 00:49:52.372 D/PowerManagerNotifier( 1733): onWakeLockAcquired: flags=1, tag="NetworkStats", packageName=android, ownerUid=1000, ownerPid=1733, workSource=null
07-06 00:49:52.372 D/NtpTrustedTime( 1733): currentTimeMillis() cache hit
07-06 00:49:52.373 I/MyFragmentStateAdapter(12906): getCount
07-06 00:49:52.380 D/NtpTrustedTime( 1733): currentTimeMillis() cache hit
07-06 00:49:52.381 D/PowerManagerService( 1733): releaseWakeLockInternal: lock=113832109 [NetworkStats], flags=0x0
07-06 00:49:52.381 D/PowerManagerNotifier( 1733): onWakeLockReleased: flags=1, tag="NetworkStats", packageName=android, ownerUid=1000, ownerPid=1733, workSource=null
07-06 00:49:52.382 D/NtpTrustedTime( 1733): currentTimeMillis() cache hit
07-06 00:49:52.382 D/NtpTrustedTime( 1733): currentTimeMillis() cache hit
07-06 00:49:52.397 I/MyFragmentStateAdapter(12906): getCount
07-06 00:49:52.408 D/CommonHeader(12906): app logo :refreshTimer: isRotatetrue
07-06 00:49:52.417 I/MyFragmentStateAdapter(12906): getCount
07-06 00:49:52.436 I/MyFragmentStateAdapter(12906): getCount
07-06 00:49:52.457 I/MyFragmentStateAdapter(12906): getCount
07-06 00:49:52.468 I/TVMW@HsTvSetting( 1234): Trace cmd, data = 0x1058
07-06 00:49:52.468 D/til@system( 2026): til_get_system_param option:100002F int:0, bool:0, ret:0
07-06 00:49:52.468 I/TVMW@HsTvSetting( 1234): Trace cmd, data = 0x101f
07-06 00:49:52.468 D/til@system( 2026): til_get_system_param option:100001D int:3, bool:3, ret:0
07-06 00:49:52.468 E/til     ( 2026): [til_get_current_input_source, 101] 
07-06 00:49:52.469 I/TVMW@HsTvSetting( 1234): Trace cmd, data = 0x7007
07-06 00:49:52.469 I/tilwrapper@sm( 2026): HS2TIL_SourceType *hs=0xd, *til=0x900
07-06 00:49:52.469 D/til     ( 2026): get current source 2304
07-06 00:49:52.469 D/SourceRemoteServiceHandler( 2026): getCurrentInputSource.from.til.result is 0, value is 2304
07-06 00:49:52.469 D/SourceRemoteServiceHandler( 2026): getInputSourceType source: 0x900, type=2304
07-06 00:49:52.469 D/til     ( 2026): ###### func:til_get_picture_param option:0x3000006 ######  
07-06 00:49:52.469 I/TVMW@HsTvSetting( 1234): Trace cmd, data = 0x1003
07-06 00:49:52.475 I/TVMW@HsTvSetting( 1234): Trace cmd, data = 0x8032
07-06 00:49:52.475 I/MiSysSrv( 1214): Not support now! 42, change to mm_video!!!
07-06 00:49:52.475 I/hstvos  ( 1216): [0m[1;33m[HSHAL][HS_VIDEO][HS_HAL_Video_SetOsdDetect_v2][2389]u16Threshold = 20
07-06 00:49:52.476 E/TVMW@videoctrl( 1234):  getOsd is 1
07-06 00:49:52.477 D/til@system( 2026): til_get_system_param option:1000027 int:1, bool:1, ret:0
07-06 00:49:52.477 D/til     ( 2026): ###### func:til_get_picture_param option:0x3000045 ######  
07-06 00:49:52.478 I/TVMW@HsTvSetting( 1234): Trace cmd, data = 0x300c
07-06 00:49:52.478 I/TVMW@HsTvSetting( 1234): Trace 3d, data = 0x300c
07-06 00:49:52.478 I/TVMW@3d ( 1234): Hs_debug3d_trace: func:get3dStatus, line:109
07-06 00:49:52.480 I/MyFragmentStateAdapter(12906): getCount
07-06 00:49:52.501 I/MyFragmentStateAdapter(12906): getCount
07-06 00:49:52.520 I/MyFragmentStateAdapter(12906): getCount
07-06 00:49:52.541 I/MyFragmentStateAdapter(12906): getCount
07-06 00:49:52.562 I/MyFragmentStateAdapter(12906): getCount
07-06 00:49:52.581 I/MyFragmentStateAdapter(12906): getCount
07-06 00:49:52.606 I/MyFragmentStateAdapter(12906): getCount
07-06 00:49:52.626 I/MyFragmentStateAdapter(12906): getCount
07-06 00:49:52.639 I/NetflixMonitorService( 1733): current fgapk : com.hisense.hicloud.edca
07-06 00:49:52.639 I/NetflixMonitorService( 1733): Netflix status unchanged
07-06 00:49:52.649 I/MyFragmentStateAdapter(12906): getCount
07-06 00:49:52.674 I/MyFragmentStateAdapter(12906): getCount
07-06 00:49:52.699 I/MyFragmentStateAdapter(12906): getCount
07-06 00:49:52.724 I/MyFragmentStateAdapter(12906): getCount
07-06 00:49:52.734 I/TVMW@devctrl( 1234): wdt
07-06 00:49:52.755 I/MyFragmentStateAdapter(12906): getCount
07-06 00:49:52.775 I/MyFragmentStateAdapter(12906): getCount
07-06 00:49:52.794 I/MyFragmentStateAdapter(12906): getCount
07-06 00:49:52.813 I/MyFragmentStateAdapter(12906): getCount
07-06 00:49:52.832 I/MyFragmentStateAdapter(12906): getCount
07-06 00:49:52.851 I/MyFragmentStateAdapter(12906): getCount
07-06 00:49:52.875 I/MyFragmentStateAdapter(12906): getCount
07-06 00:49:52.895 I/MyFragmentStateAdapter(12906): getCount
07-06 00:49:52.916 I/MyFragmentStateAdapter(12906): getCount
07-06 00:49:52.938 I/MyFragmentStateAdapter(12906): getCount
07-06 00:49:52.957 D/MyLocalStartService( 5648): currentName is :com.hisense.hicloud.edca
07-06 00:49:52.958 I/MyFragmentStateAdapter(12906): getCount
07-06 00:49:52.979 I/TVMW@HsTvSetting( 1234): Trace cmd, data = 0x1058
07-06 00:49:52.979 D/til@system( 2026): til_get_system_param option:100002F int:0, bool:0, ret:0
07-06 00:49:52.979 I/TVMW@HsTvSetting( 1234): Trace cmd, data = 0x101f
07-06 00:49:52.979 D/til@system( 2026): til_get_system_param option:100001D int:3, bool:3, ret:0
07-06 00:49:52.979 E/til     ( 2026): [til_get_current_input_source, 101] 
07-06 00:49:52.979 I/TVMW@HsTvSetting( 1234): Trace cmd, data = 0x7007
07-06 00:49:52.980 I/tilwrapper@sm( 2026): HS2TIL_SourceType *hs=0xd, *til=0x900
07-06 00:49:52.980 D/til     ( 2026): get current source 2304
07-06 00:49:52.981 D/SourceRemoteServiceHandler( 2026): getCurrentInputSource.from.til.result is 0, value is 2304
07-06 00:49:52.981 D/SourceRemoteServiceHandler( 2026): getInputSourceType source: 0x900, type=2304
07-06 00:49:52.981 D/til     ( 2026): ###### func:til_get_picture_param option:0x3000006 ######  
07-06 00:49:52.981 I/TVMW@HsTvSetting( 1234): Trace cmd, data = 0x1003
07-06 00:49:52.982 I/TVMW@HsTvSetting( 1234): Trace cmd, data = 0x8032
07-06 00:49:52.982 I/hstvos  ( 1216): [0m[1;33m[HSHAL][HS_VIDEO][HS_HAL_Video_SetOsdDetect_v2][2389]u16Threshold = 20
07-06 00:49:52.982 I/MiSysSrv( 1214): Not support now! 42, change to mm_video!!!
07-06 00:49:52.983 E/TVMW@videoctrl( 1234):  getOsd is 1
07-06 00:49:52.983 D/til@system( 2026): til_get_system_param option:1000027 int:1, bool:1, ret:0
07-06 00:49:52.983 D/til     ( 2026): ###### func:til_get_picture_param option:0x3000045 ######  
07-06 00:49:52.983 I/TVMW@HsTvSetting( 1234): Trace cmd, data = 0x300c
07-06 00:49:52.983 I/TVMW@HsTvSetting( 1234): Trace 3d, data = 0x300c
07-06 00:49:52.983 I/TVMW@3d ( 1234): Hs_debug3d_trace: func:get3dStatus, line:109
07-06 00:49:52.984 I/MyFragmentStateAdapter(12906): getCount
07-06 00:49:53.006 I/MyFragmentStateAdapter(12906): getCount
07-06 00:49:53.025 I/MyFragmentStateAdapter(12906): getCount
07-06 00:49:53.047 I/MyFragmentStateAdapter(12906): getCount
07-06 00:49:53.075 I/MyFragmentStateAdapter(12906): getCount
07-06 00:49:53.097 I/MyFragmentStateAdapter(12906): getCount
07-06 00:49:53.117 D/MC_MEMORY( 4735): max: 256.261888 Mb, heap: 10.10798 Mb, allocated: 9.10126 Mb, free: 0.672 Mb, native heap: 12.12276 Mb, native allocated: 8.8350 Mb, native free: 3.3926 Mb
07-06 00:49:53.126 I/MyFragmentStateAdapter(12906): getCount
07-06 00:49:53.153 I/MyFragmentStateAdapter(12906): getCount
07-06 00:49:53.176 I/MyFragmentStateAdapter(12906): getCount
07-06 00:49:53.195 I/MyFragmentStateAdapter(12906): getCount
07-06 00:49:53.212 D/PowerManagerService( 1733): acquireWakeLockInternal: lock=113832109, flags=0x1, tag="NetworkStats", ws=null, uid=1000, pid=1733
07-06 00:49:53.212 D/PowerManagerNotifier( 1733): onWakeLockAcquired: flags=1, tag="NetworkStats", packageName=android, ownerUid=1000, ownerPid=1733, workSource=null
07-06 00:49:53.212 D/NtpTrustedTime( 1733): currentTimeMillis() cache hit
07-06 00:49:53.216 I/MyFragmentStateAdapter(12906): getCount
07-06 00:49:53.218 D/NtpTrustedTime( 1733): currentTimeMillis() cache hit
07-06 00:49:53.218 D/PowerManagerService( 1733): releaseWakeLockInternal: lock=113832109 [NetworkStats], flags=0x0
07-06 00:49:53.219 D/PowerManagerNotifier( 1733): onWakeLockReleased: flags=1, tag="NetworkStats", packageName=android, ownerUid=1000, ownerPid=1733, workSource=null
07-06 00:49:53.220 D/NtpTrustedTime( 1733): currentTimeMillis() cache hit
07-06 00:49:53.220 D/NtpTrustedTime( 1733): currentTimeMillis() cache hit
07-06 00:49:53.245 I/MyFragmentStateAdapter(12906): getCount
07-06 00:49:53.268 I/MyFragmentStateAdapter(12906): getCount
07-06 00:49:53.294 I/MyFragmentStateAdapter(12906): getCount
07-06 00:49:53.315 I/MyFragmentStateAdapter(12906): getCount
07-06 00:49:53.333 I/MyFragmentStateAdapter(12906): getCount
07-06 00:49:53.355 I/MyFragmentStateAdapter(12906): getCount
07-06 00:49:53.379 I/MyFragmentStateAdapter(12906): getCount
07-06 00:49:53.400 I/MyFragmentStateAdapter(12906): getCount
07-06 00:49:53.422 I/MyFragmentStateAdapter(12906): getCount
07-06 00:49:53.441 I/MyFragmentStateAdapter(12906): getCount
07-06 00:49:53.462 I/MyFragmentStateAdapter(12906): getCount
07-06 00:49:53.481 I/MyFragmentStateAdapter(12906): getCount
07-06 00:49:53.485 I/TVMW@HsTvSetting( 1234): Trace cmd, data = 0x1058
07-06 00:49:53.485 D/til@system( 2026): til_get_system_param option:100002F int:0, bool:0, ret:0
07-06 00:49:53.486 I/TVMW@HsTvSetting( 1234): Trace cmd, data = 0x101f
07-06 00:49:53.486 D/til@system( 2026): til_get_system_param option:100001D int:3, bool:3, ret:0
07-06 00:49:53.486 E/til     ( 2026): [til_get_current_input_source, 101] 
07-06 00:49:53.486 I/TVMW@HsTvSetting( 1234): Trace cmd, data = 0x7007
07-06 00:49:53.486 I/tilwrapper@sm( 2026): HS2TIL_SourceType *hs=0xd, *til=0x900
07-06 00:49:53.486 D/til     ( 2026): get current source 2304
07-06 00:49:53.486 D/SourceRemoteServiceHandler( 2026): getCurrentInputSource.from.til.result is 0, value is 2304
07-06 00:49:53.486 D/SourceRemoteServiceHandler( 2026): getInputSourceType source: 0x900, type=2304
07-06 00:49:53.486 D/til     ( 2026): ###### func:til_get_picture_param option:0x3000006 ######  
07-06 00:49:53.486 I/TVMW@HsTvSetting( 1234): Trace cmd, data = 0x1003
07-06 00:49:53.487 I/TVMW@HsTvSetting( 1234): Trace cmd, data = 0x8032
07-06 00:49:53.488 I/hstvos  ( 1216): [0m[1;33m[HSHAL][HS_VIDEO][HS_HAL_Video_SetOsdDetect_v2][2389]u16Threshold = 20
07-06 00:49:53.488 I/MiSysSrv( 1214): Not support now! 42, change to mm_video!!!
07-06 00:49:53.488 E/TVMW@videoctrl( 1234):  getOsd is 1
07-06 00:49:53.488 D/til@system( 2026): til_get_system_param option:1000027 int:1, bool:1, ret:0
07-06 00:49:53.489 D/til     ( 2026): ###### func:til_get_picture_param option:0x3000045 ######  
07-06 00:49:53.489 I/TVMW@HsTvSetting( 1234): Trace cmd, data = 0x300c
07-06 00:49:53.489 I/TVMW@HsTvSetting( 1234): Trace 3d, data = 0x300c
07-06 00:49:53.489 I/TVMW@3d ( 1234): Hs_debug3d_trace: func:get3dStatus, line:109
07-06 00:49:53.509 I/MyFragmentStateAdapter(12906): getCount
07-06 00:49:53.530 I/MyFragmentStateAdapter(12906): getCount
07-06 00:49:53.550 I/MyFragmentStateAdapter(12906): getCount
07-06 00:49:53.571 I/MyFragmentStateAdapter(12906): getCount
07-06 00:49:53.592 I/MyFragmentStateAdapter(12906): getCount
07-06 00:49:53.616 I/MyFragmentStateAdapter(12906): getCount
07-06 00:49:53.636 I/TVMW@devctrl( 1234): wdt
07-06 00:49:53.638 I/MyFragmentStateAdapter(12906): getCount
07-06 00:49:53.640 I/NetflixMonitorService( 1733): current fgapk : com.hisense.hicloud.edca
07-06 00:49:53.640 I/NetflixMonitorService( 1733): Netflix status unchanged
07-06 00:49:53.661 I/MyFragmentStateAdapter(12906): getCount
07-06 00:49:53.683 I/MyFragmentStateAdapter(12906): getCount
07-06 00:49:53.705 I/MyFragmentStateAdapter(12906): getCount
07-06 00:49:53.728 I/MyFragmentStateAdapter(12906): getCount
07-06 00:49:53.749 I/MyFragmentStateAdapter(12906): getCount
07-06 00:49:53.775 I/MyFragmentStateAdapter(12906): getCount
07-06 00:49:53.805 I/MyFragmentStateAdapter(12906): getCount
07-06 00:49:53.838 I/MyFragmentStateAdapter(12906): getCount
07-06 00:49:53.866 I/MyFragmentStateAdapter(12906): getCount
07-06 00:49:53.882 D/SurfaceFlinger( 1204): captureScreen: maxLayerZ = -1
07-06 00:49:53.882 D/hwcomposer( 1204): [capture screen]:startCapture ctx->captureScreenAddr = 7f73e89000,capture width = 1920,height = 1080
07-06 00:49:53.882 D/hwcomposer( 1204): [capture screen]:Start_Capture 
07-06 00:49:53.882 D/hwcomposer( 1204): [capture screen]:u32MemoryPhyAddress 14100000 u32MemorySize 7e9000
07-06 00:49:53.882 D/        ( 1204): DIP already Opened
07-06 00:49:53.882 D/        ( 1204): DIP already Opened
07-06 00:49:53.882 D/        ( 1204): MDrv_CMD_DIP_GET_RESOURCE[0]   start
07-06 00:49:53.882 D/        ( 1204): MDrv_CMD_DIP_GET_RESOURCE[0]   end
07-06 00:49:53.882 D/hwcomposer( 1204): [capture screen]:dip win = 0
07-06 00:49:53.882 D/        ( 1204): DIP already Opened
