07-05 23:56:43.329 I/TVMW@HsTvSetting( 1234): Trace cmd, data = 0x1003
07-05 23:56:43.329 I/TVMW@HsTvSetting( 1234): Trace cmd, data = 0x8032
07-05 23:56:43.330 I/hstvos  ( 1216): [0m[1;33m[HSHAL][HS_VIDEO][HS_HAL_Video_SetOsdDetect_v2][2389]u16Threshold = 20
07-05 23:56:43.330 I/MiSysSrv( 1214): Not support now! 42, change to mm_video!!!
07-05 23:56:43.330 E/TVMW@videoctrl( 1234):  getOsd is 1
07-05 23:56:43.331 D/til@system( 2026): til_get_system_param option:1000027 int:1, bool:1, ret:0
07-05 23:56:43.334 D/til     ( 2026): ###### func:til_get_picture_param option:0x3000045 ######  
07-05 23:56:43.334 I/MyFragmentStateAdapter(15591): getCount
07-05 23:56:43.334 I/TVMW@HsTvSetting( 1234): Trace cmd, data = 0x300c
07-05 23:56:43.334 I/TVMW@HsTvSetting( 1234): Trace 3d, data = 0x300c
07-05 23:56:43.334 I/TVMW@3d ( 1234): Hs_debug3d_trace: func:get3dStatus, line:109
07-05 23:56:43.357 I/MyFragmentStateAdapter(15591): getCount
07-05 23:56:43.377 I/MyFragmentStateAdapter(15591): getCount
07-05 23:56:43.402 I/MyFragmentStateAdapter(15591): getCount
07-05 23:56:43.423 I/MyFragmentStateAdapter(15591): getCount
07-05 23:56:43.430 I/TVMW@devctrl( 1234): wdt
07-05 23:56:43.444 I/MyFragmentStateAdapter(15591): getCount
07-05 23:56:43.465 I/MyFragmentStateAdapter(15591): getCount
07-05 23:56:43.487 I/MyFragmentStateAdapter(15591): getCount
07-05 23:56:43.512 I/MyFragmentStateAdapter(15591): getCount
07-05 23:56:43.534 I/MyFragmentStateAdapter(15591): getCount
07-05 23:56:43.534 D/PowerManagerService( 1733): acquireWakeLockInternal: lock=113832109, flags=0x1, tag="NetworkStats", ws=null, uid=1000, pid=1733
07-05 23:56:43.534 D/PowerManagerNotifier( 1733): onWakeLockAcquired: flags=1, tag="NetworkStats", packageName=android, ownerUid=1000, ownerPid=1733, workSource=null
07-05 23:56:43.534 D/NtpTrustedTime( 1733): currentTimeMillis() cache hit
07-05 23:56:43.540 D/NtpTrustedTime( 1733): currentTimeMillis() cache hit
07-05 23:56:43.541 D/PowerManagerService( 1733): releaseWakeLockInternal: lock=113832109 [NetworkStats], flags=0x0
07-05 23:56:43.541 D/PowerManagerNotifier( 1733): onWakeLockReleased: flags=1, tag="NetworkStats", packageName=android, ownerUid=1000, ownerPid=1733, workSource=null
07-05 23:56:43.541 D/NtpTrustedTime( 1733): currentTimeMillis() cache hit
07-05 23:56:43.541 D/NtpTrustedTime( 1733): currentTimeMillis() cache hit
07-05 23:56:43.565 I/MyFragmentStateAdapter(15591): getCount
07-05 23:56:43.592 I/MyFragmentStateAdapter(15591): getCount
07-05 23:56:43.614 I/MyFragmentStateAdapter(15591): getCount
07-05 23:56:43.637 I/MyFragmentStateAdapter(15591): getCount
07-05 23:56:43.664 I/MyFragmentStateAdapter(15591): getCount
07-05 23:56:43.684 I/MyFragmentStateAdapter(15591): getCount
07-05 23:56:43.704 I/MyFragmentStateAdapter(15591): getCount
07-05 23:56:43.725 I/MyFragmentStateAdapter(15591): getCount
07-05 23:56:43.746 I/MyFragmentStateAdapter(15591): getCount
07-05 23:56:43.771 I/MyFragmentStateAdapter(15591): getCount
07-05 23:56:43.801 I/MyFragmentStateAdapter(15591): getCount
07-05 23:56:43.824 I/MyFragmentStateAdapter(15591): getCount
07-05 23:56:43.836 I/TVMW@HsTvSetting( 1234): Trace cmd, data = 0x1058
07-05 23:56:43.836 D/til@system( 2026): til_get_system_param option:100002F int:0, bool:0, ret:0
07-05 23:56:43.836 I/TVMW@HsTvSetting( 1234): Trace cmd, data = 0x101f
07-05 23:56:43.836 D/til@system( 2026): til_get_system_param option:100001D int:3, bool:3, ret:0
07-05 23:56:43.836 E/til     ( 2026): [til_get_current_input_source, 101] 
07-05 23:56:43.836 I/TVMW@HsTvSetting( 1234): Trace cmd, data = 0x7007
07-05 23:56:43.837 I/tilwrapper@sm( 2026): HS2TIL_SourceType *hs=0xd, *til=0x900
07-05 23:56:43.837 D/til     ( 2026): get current source 2304
07-05 23:56:43.837 D/SourceRemoteServiceHandler( 2026): getCurrentInputSource.from.til.result is 0, value is 2304
07-05 23:56:43.837 I/NetflixMonitorService( 1733): current fgapk : com.hisense.hicloud.edca
07-05 23:56:43.837 D/SourceRemoteServiceHandler( 2026): getInputSourceType source: 0x900, type=2304
07-05 23:56:43.837 I/NetflixMonitorService( 1733): Netflix status unchanged
07-05 23:56:43.837 D/til     ( 2026): ###### func:til_get_picture_param option:0x3000006 ######  
07-05 23:56:43.838 I/TVMW@HsTvSetting( 1234): Trace cmd, data = 0x1003
07-05 23:56:43.839 I/TVMW@HsTvSetting( 1234): Trace cmd, data = 0x8032
07-05 23:56:43.839 I/hstvos  ( 1216): [0m[1;33m[HSHAL][HS_VIDEO][HS_HAL_Video_SetOsdDetect_v2][2389]u16Threshold = 20
07-05 23:56:43.840 I/MiSysSrv( 1214): Not support now! 42, change to mm_video!!!
07-05 23:56:43.841 E/TVMW@videoctrl( 1234):  getOsd is 1
07-05 23:56:43.841 D/til@system( 2026): til_get_system_param option:1000027 int:1, bool:1, ret:0
07-05 23:56:43.841 D/til     ( 2026): ###### func:til_get_picture_param option:0x3000045 ######  
07-05 23:56:43.841 I/TVMW@HsTvSetting( 1234): Trace cmd, data = 0x300c
07-05 23:56:43.841 I/TVMW@HsTvSetting( 1234): Trace 3d, data = 0x300c
07-05 23:56:43.841 I/TVMW@3d ( 1234): Hs_debug3d_trace: func:get3dStatus, line:109
07-05 23:56:43.850 I/MyFragmentStateAdapter(15591): getCount
07-05 23:56:43.875 I/MyFragmentStateAdapter(15591): getCount
07-05 23:56:43.896 I/MyFragmentStateAdapter(15591): getCount
07-05 23:56:43.919 I/MyFragmentStateAdapter(15591): getCount
07-05 23:56:43.946 I/MyFragmentStateAdapter(15591): getCount
07-05 23:56:43.972 I/MyFragmentStateAdapter(15591): getCount
07-05 23:56:43.980 D/PowerManagerService( 1733): acquireWakeLockInternal: lock=113832109, flags=0x1, tag="NetworkStats", ws=null, uid=1000, pid=1733
07-05 23:56:43.980 D/PowerManagerNotifier( 1733): onWakeLockAcquired: flags=1, tag="NetworkStats", packageName=android, ownerUid=1000, ownerPid=1733, workSource=null
07-05 23:56:43.980 D/NtpTrustedTime( 1733): currentTimeMillis() cache hit
07-05 23:56:43.986 D/NtpTrustedTime( 1733): currentTimeMillis() cache hit
07-05 23:56:43.987 D/PowerManagerService( 1733): releaseWakeLockInternal: lock=113832109 [NetworkStats], flags=0x0
07-05 23:56:43.987 D/PowerManagerNotifier( 1733): onWakeLockReleased: flags=1, tag="NetworkStats", packageName=android, ownerUid=1000, ownerPid=1733, workSource=null
07-05 23:56:43.987 D/NtpTrustedTime( 1733): currentTimeMillis() cache hit
07-05 23:56:43.987 D/NtpTrustedTime( 1733): currentTimeMillis() cache hit
07-05 23:56:44.000 I/MyFragmentStateAdapter(15591): getCount
07-05 23:56:44.024 I/MyFragmentStateAdapter(15591): getCount
07-05 23:56:44.049 I/MyFragmentStateAdapter(15591): getCount
07-05 23:56:44.071 I/MyFragmentStateAdapter(15591): getCount
07-05 23:56:44.092 I/MyFragmentStateAdapter(15591): getCount
07-05 23:56:44.113 I/MyFragmentStateAdapter(15591): getCount
07-05 23:56:44.134 I/MyFragmentStateAdapter(15591): getCount
07-05 23:56:44.158 I/MyFragmentStateAdapter(15591): getCount
07-05 23:56:44.179 I/MyFragmentStateAdapter(15591): getCount
07-05 23:56:44.205 I/MyFragmentStateAdapter(15591): getCount
07-05 23:56:44.229 I/MyFragmentStateAdapter(15591): getCount
07-05 23:56:44.252 I/MyFragmentStateAdapter(15591): getCount
07-05 23:56:44.274 I/MyFragmentStateAdapter(15591): getCount
07-05 23:56:44.295 I/MyFragmentStateAdapter(15591): getCount
07-05 23:56:44.317 I/MyFragmentStateAdapter(15591): getCount
07-05 23:56:44.331 I/TVMW@devctrl( 1234): wdt
07-05 23:56:44.339 I/MyFragmentStateAdapter(15591): getCount
07-05 23:56:44.343 I/TVMW@HsTvSetting( 1234): Trace cmd, data = 0x1058
07-05 23:56:44.343 D/til@system( 2026): til_get_system_param option:100002F int:0, bool:0, ret:0
07-05 23:56:44.343 I/TVMW@HsTvSetting( 1234): Trace cmd, data = 0x101f
07-05 23:56:44.345 D/til@system( 2026): til_get_system_param option:100001D int:3, bool:3, ret:0
07-05 23:56:44.345 E/til     ( 2026): [til_get_current_input_source, 101] 
07-05 23:56:44.345 I/TVMW@HsTvSetting( 1234): Trace cmd, data = 0x7007
07-05 23:56:44.345 I/tilwrapper@sm( 2026): HS2TIL_SourceType *hs=0xd, *til=0x900
07-05 23:56:44.345 D/til     ( 2026): get current source 2304
07-05 23:56:44.345 D/SourceRemoteServiceHandler( 2026): getCurrentInputSource.from.til.result is 0, value is 2304
07-05 23:56:44.345 D/SourceRemoteServiceHandler( 2026): getInputSourceType source: 0x900, type=2304
07-05 23:56:44.346 D/til     ( 2026): ###### func:til_get_picture_param option:0x3000006 ######  
07-05 23:56:44.346 I/TVMW@HsTvSetting( 1234): Trace cmd, data = 0x1003
07-05 23:56:44.346 I/TVMW@HsTvSetting( 1234): Trace cmd, data = 0x8032
07-05 23:56:44.347 E/TVMW@videoctrl( 1234):  getOsd is 1
07-05 23:56:44.347 I/MiSysSrv( 1214): Not support now! 42, change to mm_video!!!
07-05 23:56:44.347 D/til@system( 2026): til_get_system_param option:1000027 int:1, bool:1, ret:0
07-05 23:56:44.347 D/til     ( 2026): ###### func:til_get_picture_param option:0x3000045 ######  
07-05 23:56:44.348 I/hstvos  ( 1216): [0m[1;33m[HSHAL][HS_VIDEO][HS_HAL_Video_SetOsdDetect_v2][2389]u16Threshold = 20
07-05 23:56:44.348 I/TVMW@HsTvSetting( 1234): Trace cmd, data = 0x300c
07-05 23:56:44.348 I/TVMW@HsTvSetting( 1234): Trace 3d, data = 0x300c
07-05 23:56:44.348 I/TVMW@3d ( 1234): Hs_debug3d_trace: func:get3dStatus, line:109
07-05 23:56:44.363 I/MyFragmentStateAdapter(15591): getCount
07-05 23:56:44.384 I/MyFragmentStateAdapter(15591): getCount
07-05 23:56:44.404 I/MyFragmentStateAdapter(15591): getCount
07-05 23:56:44.424 I/MyFragmentStateAdapter(15591): getCount
07-05 23:56:44.445 I/MyFragmentStateAdapter(15591): getCount
07-05 23:56:44.474 I/MyFragmentStateAdapter(15591): getCount
07-05 23:56:44.494 I/MyFragmentStateAdapter(15591): getCount
07-05 23:56:44.513 I/MyFragmentStateAdapter(15591): getCount
07-05 23:56:44.520 D/PowerManagerService( 1733): acquireWakeLockInternal: lock=113832109, flags=0x1, tag="NetworkStats", ws=null, uid=1000, pid=1733
07-05 23:56:44.520 D/PowerManagerNotifier( 1733): onWakeLockAcquired: flags=1, tag="NetworkStats", packageName=android, ownerUid=1000, ownerPid=1733, workSource=null
07-05 23:56:44.520 D/NtpTrustedTime( 1733): currentTimeMillis() cache hit
07-05 23:56:44.529 D/NtpTrustedTime( 1733): currentTimeMillis() cache hit
07-05 23:56:44.529 D/PowerManagerService( 1733): releaseWakeLockInternal: lock=113832109 [NetworkStats], flags=0x0
07-05 23:56:44.529 D/PowerManagerNotifier( 1733): onWakeLockReleased: flags=1, tag="NetworkStats", packageName=android, ownerUid=1000, ownerPid=1733, workSource=null
07-05 23:56:44.531 D/NtpTrustedTime( 1733): currentTimeMillis() cache hit
07-05 23:56:44.531 D/NtpTrustedTime( 1733): currentTimeMillis() cache hit
07-05 23:56:44.536 I/MyFragmentStateAdapter(15591): getCount
07-05 23:56:44.557 I/MyFragmentStateAdapter(15591): getCount
07-05 23:56:44.578 I/MyFragmentStateAdapter(15591): getCount
07-05 23:56:44.603 I/MyFragmentStateAdapter(15591): getCount
07-05 23:56:44.625 I/MyFragmentStateAdapter(15591): getCount
07-05 23:56:44.647 I/MyFragmentStateAdapter(15591): getCount
07-05 23:56:44.668 I/MyFragmentStateAdapter(15591): getCount
07-05 23:56:44.691 I/MyFragmentStateAdapter(15591): getCount
07-05 23:56:44.713 I/MyFragmentStateAdapter(15591): getCount
07-05 23:56:44.727 D/DtvSourcePlugin-DVBC( 8758): Setting the EPG Updater state to: WAIT
07-05 23:56:44.738 I/MyFragmentStateAdapter(15591): getCount
07-05 23:56:44.768 I/MyFragmentStateAdapter(15591): getCount
07-05 23:56:44.796 I/MyFragmentStateAdapter(15591): getCount
07-05 23:56:44.816 I/MyFragmentStateAdapter(15591): getCount
07-05 23:56:44.826 I/HLSP2P  ( 3457): ## 2017-07-05 23:56:44.823 [3457,3628,:0] INFO ## [HLSP2P][TaskManager.cpp:855][INFO][UpdateGlobalInfo]totalDataSize: 0, totalMemorySize: 0, totalCacheSize: 0, curUploadSpeedKB: 0
07-05 23:56:44.826 I/HLSP2P  ( 3457): ## 2017-07-05 23:56:44.824 [3457,3628,:0] INFO ## [HLSP2P][TaskManager.cpp:1325][INFO][TryAdjustMemorySize]system memory total size: 1912M, free size: 568MB, cache add to 30MB, AppState: 14
07-05 23:56:44.837 I/NetflixMonitorService( 1733): current fgapk : com.hisense.hicloud.edca
07-05 23:56:44.837 I/NetflixMonitorService( 1733): Netflix status unchanged
07-05 23:56:44.839 I/MyFragmentStateAdapter(15591): getCount
07-05 23:56:44.850 I/TVMW@HsTvSetting( 1234): Trace cmd, data = 0x1058
07-05 23:56:44.851 D/til@system( 2026): til_get_system_param option:100002F int:0, bool:0, ret:0
07-05 23:56:44.851 I/TVMW@HsTvSetting( 1234): Trace cmd, data = 0x101f
07-05 23:56:44.851 D/til@system( 2026): til_get_system_param option:100001D int:3, bool:3, ret:0
07-05 23:56:44.851 E/til     ( 2026): [til_get_current_input_source, 101] 
07-05 23:56:44.852 I/TVMW@HsTvSetting( 1234): Trace cmd, data = 0x7007
07-05 23:56:44.852 I/tilwrapper@sm( 2026): HS2TIL_SourceType *hs=0xd, *til=0x900
07-05 23:56:44.852 D/til     ( 2026): get current source 2304
07-05 23:56:44.852 D/SourceRemoteServiceHandler( 2026): getCurrentInputSource.from.til.result is 0, value is 2304
07-05 23:56:44.852 D/SourceRemoteServiceHandler( 2026): getInputSourceType source: 0x900, type=2304
07-05 23:56:44.852 D/til     ( 2026): ###### func:til_get_picture_param option:0x3000006 ######  
07-05 23:56:44.855 I/TVMW@HsTvSetting( 1234): Trace cmd, data = 0x1003
07-05 23:56:44.855 I/TVMW@HsTvSetting( 1234): Trace cmd, data = 0x8032
07-05 23:56:44.855 I/hstvos  ( 1216): [0m[1;33m[HSHAL][HS_VIDEO][HS_HAL_Video_SetOsdDetect_v2][2389]u16Threshold = 20
07-05 23:56:44.856 I/MiSysSrv( 1214): Not support now! 42, change to mm_video!!!
07-05 23:56:44.856 E/TVMW@videoctrl( 1234):  getOsd is 1
07-05 23:56:44.857 D/til@system( 2026): til_get_system_param option:1000027 int:1, bool:1, ret:0
07-05 23:56:44.857 D/til     ( 2026): ###### func:til_get_picture_param option:0x3000045 ######  
07-05 23:56:44.857 I/TVMW@HsTvSetting( 1234): Trace cmd, data = 0x300c
07-05 23:56:44.857 I/TVMW@HsTvSetting( 1234): Trace 3d, data = 0x300c
07-05 23:56:44.857 I/TVMW@3d ( 1234): Hs_debug3d_trace: func:get3dStatus, line:109
07-05 23:56:44.863 I/MyFragmentStateAdapter(15591): getCount
07-05 23:56:44.884 I/MyFragmentStateAdapter(15591): getCount
07-05 23:56:44.909 I/MyFragmentStateAdapter(15591): getCount
07-05 23:56:44.915 D/MyLocalStartService( 9134): currentName is :com.hisense.hicloud.edca
07-05 23:56:44.932 I/MyFragmentStateAdapter(15591): getCount
07-05 23:56:44.954 I/MyFragmentStateAdapter(15591): getCount
07-05 23:56:44.974 I/MyFragmentStateAdapter(15591): getCount
07-05 23:56:44.994 I/MyFragmentStateAdapter(15591): getCount
07-05 23:56:45.013 I/MyFragmentStateAdapter(15591): getCount
07-05 23:56:45.033 I/MyFragmentStateAdapter(15591): getCount
07-05 23:56:45.054 I/MyFragmentStateAdapter(15591): getCount
07-05 23:56:45.075 I/MyFragmentStateAdapter(15591): getCount
07-05 23:56:45.096 I/MyFragmentStateAdapter(15591): getCount
07-05 23:56:45.117 I/MyFragmentStateAdapter(15591): getCount
07-05 23:56:45.136 I/MyFragmentStateAdapter(15591): getCount
07-05 23:56:45.158 I/MyFragmentStateAdapter(15591): getCount
07-05 23:56:45.178 I/MyFragmentStateAdapter(15591): getCount
07-05 23:56:45.198 I/MyFragmentStateAdapter(15591): getCount
07-05 23:56:45.219 I/MyFragmentStateAdapter(15591): getCount
07-05 23:56:45.231 I/TVMW@devctrl( 1234): wdt
07-05 23:56:45.245 I/MyFragmentStateAdapter(15591): getCount
07-05 23:56:45.263 I/MyFragmentStateAdapter(15591): getCount
07-05 23:56:45.281 I/MyFragmentStateAdapter(15591): getCount
07-05 23:56:45.301 I/MyFragmentStateAdapter(15591): getCount
07-05 23:56:45.327 I/MyFragmentStateAdapter(15591): getCount
07-05 23:56:45.349 I/MyFragmentStateAdapter(15591): getCount
07-05 23:56:45.352 D/PowerManagerService( 1733): acquireWakeLockInternal: lock=113832109, flags=0x1, tag="NetworkStats", ws=null, uid=1000, pid=1733
07-05 23:56:45.352 D/PowerManagerNotifier( 1733): onWakeLockAcquired: flags=1, tag="NetworkStats", packageName=android, ownerUid=1000, ownerPid=1733, workSource=null
07-05 23:56:45.352 D/NtpTrustedTime( 1733): currentTimeMillis() cache hit
07-05 23:56:45.358 I/TVMW@HsTvSetting( 1234): Trace cmd, data = 0x1058
07-05 23:56:45.358 D/til@system( 2026): til_get_system_param option:100002F int:0, bool:0, ret:0
07-05 23:56:45.359 I/TVMW@HsTvSetting( 1234): Trace cmd, data = 0x101f
07-05 23:56:45.360 D/til@system( 2026): til_get_system_param option:100001D int:3, bool:3, ret:0
07-05 23:56:45.360 E/til     ( 2026): [til_get_current_input_source, 101] 
07-05 23:56:45.360 I/TVMW@HsTvSetting( 1234): Trace cmd, data = 0x7007
07-05 23:56:45.360 I/tilwrapper@sm( 2026): HS2TIL_SourceType *hs=0xd, *til=0x900
07-05 23:56:45.360 D/til     ( 2026): get current source 2304
07-05 23:56:45.360 D/SourceRemoteServiceHandler( 2026): getCurrentInputSource.from.til.result is 0, value is 2304
07-05 23:56:45.360 D/SourceRemoteServiceHandler( 2026): getInputSourceType source: 0x900, type=2304
07-05 23:56:45.361 D/til     ( 2026): ###### func:til_get_picture_param option:0x3000006 ######  
07-05 23:56:45.361 I/TVMW@HsTvSetting( 1234): Trace cmd, data = 0x1003
07-05 23:56:45.361 I/TVMW@HsTvSetting( 1234): Trace cmd, data = 0x8032
07-05 23:56:45.361 I/hstvos  ( 1216): [0m[1;33m[HSHAL][HS_VIDEO][HS_HAL_Video_SetOsdDetect_v2][2389]u16Threshold = 20
07-05 23:56:45.362 I/MiSysSrv( 1214): Not support now! 42, change to mm_video!!!
07-05 23:56:45.362 E/TVMW@videoctrl( 1234):  getOsd is 1
07-05 23:56:45.362 D/til@system( 2026): til_get_system_param option:1000027 int:1, bool:1, ret:0
07-05 23:56:45.362 D/til     ( 2026): ###### func:til_get_picture_param option:0x3000045 ######  
07-05 23:56:45.363 I/TVMW@HsTvSetting( 1234): Trace cmd, data = 0x300c
07-05 23:56:45.363 I/TVMW@HsTvSetting( 1234): Trace 3d, data = 0x300c
07-05 23:56:45.363 I/TVMW@3d ( 1234): Hs_debug3d_trace: func:get3dStatus, line:109
07-05 23:56:45.365 D/NtpTrustedTime( 1733): currentTimeMillis() cache hit
07-05 23:56:45.366 D/PowerManagerService( 1733): releaseWakeLockInternal: lock=113832109 [NetworkStats], flags=0x0
07-05 23:56:45.366 D/PowerManagerNotifier( 1733): onWakeLockReleased: flags=1, tag="NetworkStats", packageName=android, ownerUid=1000, ownerPid=1733, workSource=null
07-05 23:56:45.366 D/NtpTrustedTime( 1733): currentTimeMillis() cache hit
07-05 23:56:45.366 D/NtpTrustedTime( 1733): currentTimeMillis() cache hit
07-05 23:56:45.384 I/MyFragmentStateAdapter(15591): getCount
07-05 23:56:45.408 I/MyFragmentStateAdapter(15591): getCount
07-05 23:56:45.431 I/MyFragmentStateAdapter(15591): getCount
07-05 23:56:45.454 I/MyFragmentStateAdapter(15591): getCount
07-05 23:56:45.476 I/MyFragmentStateAdapter(15591): getCount
07-05 23:56:45.502 I/MyFragmentStateAdapter(15591): getCount
07-05 23:56:45.527 I/MyFragmentStateAdapter(15591): getCount
07-05 23:56:45.548 I/MyFragmentStateAdapter(15591): getCount
07-05 23:56:45.573 I/MyFragmentStateAdapter(15591): getCount
07-05 23:56:45.598 I/MyFragmentStateAdapter(15591): getCount
07-05 23:56:45.622 I/MyFragmentStateAdapter(15591): getCount
07-05 23:56:45.645 I/MyFragmentStateAdapter(15591): getCount
07-05 23:56:45.648 D/MC_MEMORY( 8248): max: 256.261888 Mb, heap: 10.10798 Mb, allocated: 9.9948 Mb, free: 0.850 Mb, native heap: 12.12276 Mb, native allocated: 8.8358 Mb, native free: 3.3918 Mb
07-05 23:56:45.668 I/MyFragmentStateAdapter(15591): getCount
07-05 23:56:45.695 I/MyFragmentStateAdapter(15591): getCount
07-05 23:56:45.722 I/MyFragmentStateAdapter(15591): getCount
07-05 23:56:45.742 I/MyFragmentStateAdapter(15591): getCount
07-05 23:56:45.763 I/MyFragmentStateAdapter(15591): getCount
07-05 23:56:45.790 I/MyFragmentStateAdapter(15591): getCount
07-05 23:56:45.816 I/MyFragmentStateAdapter(15591): getCount
07-05 23:56:45.837 I/MyFragmentStateAdapter(15591): getCount
07-05 23:56:45.838 I/NetflixMonitorService( 1733): current fgapk : com.hisense.hicloud.edca
07-05 23:56:45.838 I/NetflixMonitorService( 1733): Netflix status unchanged
07-05 23:56:45.840 D/AndroidRuntime(15892): >>>>>> START com.android.internal.os.RuntimeInit uid 2000 <<<<<<
07-05 23:56:45.850 D/AndroidRuntime(15892): CheckJNI is OFF
07-05 23:56:45.864 I/TVMW@HsTvSetting( 1234): Trace cmd, data = 0x1058
07-05 23:56:45.864 D/til@system( 2026): til_get_system_param option:100002F int:0, bool:0, ret:0
07-05 23:56:45.865 I/TVMW@HsTvSetting( 1234): Trace cmd, data = 0x101f
07-05 23:56:45.865 D/til@system( 2026): til_get_system_param option:100001D int:3, bool:3, ret:0
07-05 23:56:45.865 E/til     ( 2026): [til_get_current_input_source, 101] 
07-05 23:56:45.865 I/TVMW@HsTvSetting( 1234): Trace cmd, data = 0x7007
07-05 23:56:45.865 I/tilwrapper@sm( 2026): HS2TIL_SourceType *hs=0xd, *til=0x900
07-05 23:56:45.865 D/til     ( 2026): get current source 2304
07-05 23:56:45.865 D/SourceRemoteServiceHandler( 2026): getCurrentInputSource.from.til.result is 0, value is 2304
07-05 23:56:45.865 D/SourceRemoteServiceHandler( 2026): getInputSourceType source: 0x900, type=2304
07-05 23:56:45.865 D/til     ( 2026): ###### func:til_get_picture_param option:0x3000006 ######  
07-05 23:56:45.865 I/TVMW@HsTvSetting( 1234): Trace cmd, data = 0x1003
07-05 23:56:45.865 I/TVMW@HsTvSetting( 1234): Trace cmd, data = 0x8032
07-05 23:56:45.866 E/TVMW@videoctrl( 1234):  getOsd is 1
07-05 23:56:45.866 I/hstvos  ( 1216): [0m[1;33m[HSHAL][HS_VIDEO][HS_HAL_Video_SetOsdDetect_v2][2389]u16Threshold = 20
07-05 23:56:45.866 D/til@system( 2026): til_get_system_param option:1000027 int:1, bool:1, ret:0
07-05 23:56:45.867 I/MiSysSrv( 1214): Not support now! 42, change to mm_video!!!
07-05 23:56:45.867 D/til     ( 2026): ###### func:til_get_picture_param option:0x3000045 ######  
07-05 23:56:45.867 I/TVMW@HsTvSetting( 1234): Trace cmd, data = 0x300c
07-05 23:56:45.867 I/TVMW@HsTvSetting( 1234): Trace 3d, data = 0x300c
07-05 23:56:45.867 I/TVMW@3d ( 1234): Hs_debug3d_trace: func:get3dStatus, line:109
07-05 23:56:45.874 I/MyFragmentStateAdapter(15591): getCount
07-05 23:56:45.903 I/MyFragmentStateAdapter(15591): getCount
07-05 23:56:45.927 I/MyFragmentStateAdapter(15591): getCount
07-05 23:56:45.948 I/MyFragmentStateAdapter(15591): getCount
07-05 23:56:45.969 I/MyFragmentStateAdapter(15591): getCount
07-05 23:56:45.992 I/MyFragmentStateAdapter(15591): getCount
07-05 23:56:46.014 I/MyFragmentStateAdapter(15591): getCount
07-05 23:56:46.037 I/MyFragmentStateAdapter(15591): getCount
07-05 23:56:46.061 I/MyFragmentStateAdapter(15591): getCount
07-05 23:56:46.084 I/MyFragmentStateAdapter(15591): getCount
07-05 23:56:46.106 I/MyFragmentStateAdapter(15591): getCount
07-05 23:56:46.128 I/MyFragmentStateAdapter(15591): getCount
07-05 23:56:46.134 I/TVMW@devctrl( 1234): wdt
07-05 23:56:46.154 I/MyFragmentStateAdapter(15591): getCount
07-05 23:56:46.174 I/MyFragmentStateAdapter(15591): getCount
07-05 23:56:46.192 D/PowerManagerService( 1733): acquireWakeLockInternal: lock=113832109, flags=0x1, tag="NetworkStats", ws=null, uid=1000, pid=1733
07-05 23:56:46.192 D/PowerManagerNotifier( 1733): onWakeLockAcquired: flags=1, tag="NetworkStats", packageName=android, ownerUid=1000, ownerPid=1733, workSource=null
07-05 23:56:46.192 D/NtpTrustedTime( 1733): currentTimeMillis() cache hit
07-05 23:56:46.195 I/MyFragmentStateAdapter(15591): getCount
07-05 23:56:46.198 D/NtpTrustedTime( 1733): currentTimeMillis() cache hit
07-05 23:56:46.199 D/PowerManagerService( 1733): releaseWakeLockInternal: lock=113832109 [NetworkStats], flags=0x0
07-05 23:56:46.199 D/PowerManagerNotifier( 1733): onWakeLockReleased: flags=1, tag="NetworkStats", packageName=android, ownerUid=1000, ownerPid=1733, workSource=null
07-05 23:56:46.199 D/NtpTrustedTime( 1733): currentTimeMillis() cache hit
07-05 23:56:46.199 D/NtpTrustedTime( 1733): currentTimeMillis() cache hit
07-05 23:56:46.228 I/MyFragmentStateAdapter(15591): getCount
07-05 23:56:46.247 I/MyFragmentStateAdapter(15591): getCount
07-05 23:56:46.270 I/MiSysSrv( 1214): [37m[INFO] Change to Voltage: 117 mv (0x32)[m
07-05 23:56:46.270 I/MyFragmentStateAdapter(15591): getCount
07-05 23:56:46.289 I/MyFragmentStateAdapter(15591): getCount
07-05 23:56:46.308 I/MyFragmentStateAdapter(15591): getCount
07-05 23:56:46.326 I/MyFragmentStateAdapter(15591): getCount
07-05 23:56:46.341 I/MyFragmentStateAdapter(15591): getCount
07-05 23:56:46.356 I/MyFragmentStateAdapter(15591): getCount
07-05 23:56:46.368 I/TVMW@HsTvSetting( 1234): Trace cmd, data = 0x1058
07-05 23:56:46.368 D/til@system( 2026): til_get_system_param option:100002F int:0, bool:0, ret:0
07-05 23:56:46.368 I/TVMW@HsTvSetting( 1234): Trace cmd, data = 0x101f
07-05 23:56:46.369 D/til@system( 2026): til_get_system_param option:100001D int:3, bool:3, ret:0
07-05 23:56:46.369 E/til     ( 2026): [til_get_current_input_source, 101] 
07-05 23:56:46.369 I/TVMW@HsTvSetting( 1234): Trace cmd, data = 0x7007
07-05 23:56:46.369 I/tilwrapper@sm( 2026): HS2TIL_SourceType *hs=0xd, *til=0x900
07-05 23:56:46.369 D/til     ( 2026): get current source 2304
07-05 23:56:46.369 D/SourceRemoteServiceHandler( 2026): getCurrentInputSource.from.til.result is 0, value is 2304
07-05 23:56:46.369 D/SourceRemoteServiceHandler( 2026): getInputSourceType source: 0x900, type=2304
07-05 23:56:46.369 D/til     ( 2026): ###### func:til_get_picture_param option:0x3000006 ######  
07-05 23:56:46.370 I/TVMW@HsTvSetting( 1234): Trace cmd, data = 0x1003
07-05 23:56:46.370 I/TVMW@HsTvSetting( 1234): Trace cmd, data = 0x8032
07-05 23:56:46.370 I/hstvos  ( 1216): [0m[1;33m[HSHAL][HS_VIDEO][HS_HAL_Video_SetOsdDetect_v2][2389]u16Threshold = 20
07-05 23:56:46.371 I/MiSysSrv( 1214): [37m[INFO] Change to Voltage: 107 mv (0x28)[m
07-05 23:56:46.371 I/MiSysSrv( 1214): Not support now! 42, change to mm_video!!!
07-05 23:56:46.371 E/TVMW@videoctrl( 1234):  getOsd is 1
07-05 23:56:46.371 D/til@system( 2026): til_get_system_param option:1000027 int:1, bool:1, ret:0
07-05 23:56:46.371 D/til     ( 2026): ###### func:til_get_picture_param option:0x3000045 ######  
07-05 23:56:46.372 I/TVMW@HsTvSetting( 1234): Trace cmd, data = 0x300c
07-05 23:56:46.372 I/TVMW@HsTvSetting( 1234): Trace 3d, data = 0x300c
07-05 23:56:46.372 I/TVMW@3d ( 1234): Hs_debug3d_trace: func:get3dStatus, line:109
07-05 23:56:46.378 I/MyFragmentStateAdapter(15591): getCount
07-05 23:56:46.402 I/MyFragmentStateAdapter(15591): getCount
07-05 23:56:46.420 I/MyFragmentStateAdapter(15591): getCount
07-05 23:56:46.441 I/MyFragmentStateAdapter(15591): getCount
07-05 23:56:46.463 I/MyFragmentStateAdapter(15591): getCount
07-05 23:56:46.471 I/MiSysSrv( 1214): [37m[INFO] Change to Voltage: 102 mv (0x23)[m
07-05 23:56:46.483 I/MyFragmentStateAdapter(15591): getCount
07-05 23:56:46.506 V/Surface (15892): register_android_view_Surface() : start
07-05 23:56:46.506 V/Surface (15892): register_android_view_Surface() : end
07-05 23:56:46.513 I/MyFragmentStateAdapter(15591): getCount
07-05 23:56:46.541 I/MyFragmentStateAdapter(15591): getCount
07-05 23:56:46.566 I/MyFragmentStateAdapter(15591): getCount
07-05 23:56:46.598 I/MyFragmentStateAdapter(15591): getCount
07-05 23:56:46.627 I/MyFragmentStateAdapter(15591): getCount
07-05 23:56:46.642 D/AndroidRuntime(15892): Calling main entry com.android.commands.am.Am
07-05 23:56:46.650 I/ActivityManager( 1733): Force stopping com.hisense.hicloud.edca appid=10010 user=0: from pid 15892
07-05 23:56:46.651 I/ActivityManager( 1733): Killing 15591:com.hisense.hicloud.edca/u0a10 (adj 0): stop com.hisense.hicloud.edca
07-05 23:56:46.694 E/IMediaHTTPConnection( 1206): remote readAt failed
07-05 23:56:46.694 W/MediaHTTP( 1206): hitting MediaHTTP readAt n < 0 numBytesRead= 21224
07-05 23:56:46.694 E/WifiService( 1733): Multicaster binderDied
07-05 23:56:46.694 I/WindowState( 1733): WIN DEATH: Window{3e8cba52 u0 com.hisense.hicloud.edca/com.hisense.tvui.newhome.HomeMainActivity}
07-05 23:56:46.694 E/IMediaHTTPConnection( 1206): remote readAt failed
07-05 23:56:46.694 W/MediaHTTP( 1206): hitting MediaHTTP readAt n < 0 numBytesRead= 0
07-05 23:56:46.694 E/NuCachedSource2( 1206): source returned error -2147483648, 10 retries left
07-05 23:56:46.694 W/WindowManager( 1733): Force-removing child win Window{16bff913 u0 SurfaceView} from container Window{3e8cba52 u0 com.hisense.hicloud.edca/com.hisense.tvui.newhome.HomeMainActivity}
07-05 23:56:46.695 V/AudioFlinger( 1206): 15591 died, releasing its sessions
07-05 23:56:46.695 V/AudioFlinger( 1206):  pid 15591 @ 0
07-05 23:56:46.695 V/AudioFlinger( 1206):  removing entry for pid 15591 session 755
07-05 23:56:46.695 V/AudioFlinger( 1206): purging stale effects
07-05 23:56:46.695 I/NuCachedSource2( 1206): The attempt to reconnect failed, 9 retries remaining
07-05 23:56:46.695 D/NuPlayerDriver( 1206): reset(0xd78430a0)  mState:4
07-05 23:56:46.695 V/NuPlayer( 1206): NuPlayer::resetAsync ---- Enter ...
07-05 23:56:46.695 W/FFmpegExtractor( 1206): rv_read_frame ret: [-1011]
07-05 23:56:46.695 D/WifiService( 1733): Client connection lost with reason: 4
07-05 23:56:46.695 V/NuPlayer( 1206): kWhatReset  mCanReset:1
07-05 23:56:46.695 V/NuPlayer( 1206): performDecoderFlush audio=2, video=2
07-05 23:56:46.695 V/NuPlayer( 1206): performReset start pthread_id:d783df00
07-05 23:56:46.695 V/RMClient( 1206): #481:RMClient::returnAllResourcesAsync
07-05 23:56:46.695 I/GenericSource( 1206): stop
07-05 23:56:46.696 V/RMClient( 1206): #481:onMessageReceived cret
07-05 23:56:46.696 V/RMClient( 1206): #481:kWhatCmdReturnAllResources
07-05 23:56:46.697 W/RMAllocator( 1198): owner does not exist while trying to disown resources.
07-05 23:56:46.697 W/RMAllocator( 1198): returnAllResourcesFor: not registered, nothing to do
07-05 23:56:46.697 V/RMClient( 1206): #481:Done
07-05 23:56:46.697 V/RMClient( 1206): #481:handleEvent lret
07-05 23:56:46.698 V/RMClient( 1206): #481:onMessageReceived lret
07-05 23:56:46.698 V/RMClient( 1206): #481:kWhatAllResourcesReturned
07-05 23:56:46.698 I/NuPlayer( 1206): NuPlayerRMClientListener::handleAllResourcesReturned
07-05 23:56:46.698 V/NuPlayer( 1206): [handleAllResourcesReturned-3223]
07-05 23:56:46.698 V/RMClient( 1206): #481:Done
07-05 23:56:46.699 D/PowerManagerService( 1733): setScreenBrightnessOverrideFromWindowManagerInternal done
07-05 23:56:46.702 D/PowerManagerService( 1733): setScreenBrightnessOverrideFromWindowManagerInternal done
07-05 23:56:46.713 D/        ( 1204): [GOPIoctl] ERROR on cmd:0x501
07-05 23:56:46.713 W/WindowManager( 1733): Failed looking up window
07-05 23:56:46.713 W/WindowManager( 1733): java.lang.IllegalArgumentException: Requested window android.os.BinderProxy@18945c02 does not exist
07-05 23:56:46.713 W/WindowManager( 1733): 	at com.android.server.wm.WindowManagerService.windowForClientLocked(WindowManagerService.java:8700)
07-05 23:56:46.713 W/WindowManager( 1733): 	at com.android.server.wm.WindowManagerService.windowForClientLocked(WindowManagerService.java:8691)
07-05 23:56:46.713 W/WindowManager( 1733): 	at com.android.server.wm.WindowState$DeathRecipient.binderDied(WindowState.java:1185)
07-05 23:56:46.713 W/WindowManager( 1733): 	at android.os.BinderProxy.sendDeathNotice(Binder.java:551)
07-05 23:56:46.714 I/WindowState( 1733): WIN DEATH: null
07-05 23:56:46.722 D/hwcomposer( 1204): lastHWWindowInfo is dirty
07-05 23:56:46.756 W/ActivityManager( 1733): Scheduling restart of crashed service com.hisense.hicloud.edca/.service.connection.MutilScreenService in 1000ms
07-05 23:56:46.757 W/ActivityManager( 1733): Force removing ActivityRecord{298c50f0 u0 com.hisense.hicloud.edca/com.hisense.tvui.newhome.HomeMainActivity t5442}: app died, no saved state
07-05 23:56:46.757 I/UsageStatsService( 1733): paused component:com.hisense.hicloud.edca
07-05 23:56:46.757 V/UsageStatsService( 1733): Paused: 19048329   Component: com.hisense.hicloud.edca/com.hisense.tvui.newhome.HomeMainActivity   Time: 1499270206757 LastSessionTime: 13615 CumulativeSessionTime: 8364489
07-05 23:56:46.757 D/UsageStatsService( 1733): User[0] Got usage event for com.hisense.hicloud.edca[1499270206758]: MOVE_TO_BACKGROUND
07-05 23:56:46.757 D/UsageStatsService( 1733): UsageStats: broadcasting intent
07-05 23:56:46.758 W/ContextImpl( 1733): Calling a method in the system process without a qualified user: android.app.ContextImpl.sendBroadcast:1327 com.android.server.usage.UsageStatsService.insertUsageStats:1104 com.android.server.usage.UsageStatsService$PkgUsageStatsExtended.updatePause:979 com.android.server.usage.UsageStatsService$LocalService.notePauseComponent:808 com.android.server.am.ActivityManagerService.updateUsageStats:3173 
07-05 23:56:46.760 I/ActivityManager( 1733):   Force stopping service ServiceRecord{39b8d64a u0 com.hisense.hicloud.edca/.service.connection.MutilScreenService}
07-05 23:56:46.762 I/ActivityManager( 1733): TR16) TaskRecord{1a2fca86 #5441 A=com.jamdeo.launcher U=0 sz=1}
07-05 23:56:46.762 I/ActivityManager( 1733): TR15) TaskRecord{e445024 #5442 A=com.hisense.hicloud.edca U=0 sz=0}
07-05 23:56:46.785 D/PowerManagerService( 1733): setScreenBrightnessOverrideFromWindowManagerInternal done
07-05 23:56:46.795 I/FFmpegExtractor( 1206): reader thread goto end...
07-05 23:56:46.795 I/FFmpegExtractor( 1206): stream_component_close ---- streamIndex: 0
07-05 23:56:46.828 I/FFmpegExtractor( 1206): stream_component_close ---- streamIndex: 1
07-05 23:56:46.841 I/FFmpegExtractor( 1206): stream_component_close ---- streamIndex: -1
07-05 23:56:46.842 I/FFMPEG  ( 1206): [AVIOContext @ 0xf406dde0] Statistics: 31464039 bytes read, 0 seeks
07-05 23:56:46.846 D/FFmpegExtractor( 1206): Reader thread stopped
07-05 23:56:46.851 D/FFmpegExtractor( 1206): Reader thread have been stopped
07-05 23:56:46.852 D/NuPlayerDriver( 1206): notifyResetComplete(0xd78430a0) mState:7
07-05 23:56:46.853 V/NuPlayer( 1206): performReset end pthread_id:d783df00
07-05 23:56:46.873 I/TVMW@HsTvSetting( 1234): Trace cmd, data = 0x1058
07-05 23:56:46.873 D/til@system( 2026): til_get_system_param option:100002F int:0, bool:0, ret:0
07-05 23:56:46.874 I/TVMW@HsTvSetting( 1234): Trace cmd, data = 0x101f
07-05 23:56:46.874 D/til@system( 2026): til_get_system_param option:100001D int:3, bool:3, ret:0
07-05 23:56:46.874 E/til     ( 2026): [til_get_current_input_source, 101] 
07-05 23:56:46.874 I/ActivityManager( 1733): TR16) TaskRecord{1a2fca86 #5441 A=com.jamdeo.launcher U=0 sz=1}
07-05 23:56:46.874 I/ActivityManager( 1733): TR15) TaskRecord{e445024 #5442 A=com.hisense.hicloud.edca U=0 sz=0}
07-05 23:56:46.874 I/TVMW@HsTvSetting( 1234): Trace cmd, data = 0x7007
07-05 23:56:46.874 I/tilwrapper@sm( 2026): HS2TIL_SourceType *hs=0xd, *til=0x900
07-05 23:56:46.874 D/til     ( 2026): get current source 2304
07-05 23:56:46.874 D/SourceRemoteServiceHandler( 2026): getCurrentInputSource.from.til.result is 0, value is 2304
07-05 23:56:46.874 D/SourceRemoteServiceHandler( 2026): getInputSourceType source: 0x900, type=2304
07-05 23:56:46.874 D/til     ( 2026): ###### func:til_get_picture_param option:0x3000006 ######  
07-05 23:56:46.874 I/TVMW@HsTvSetting( 1234): Trace cmd, data = 0x1003
07-05 23:56:46.875 I/TVMW@HsTvSetting( 1234): Trace cmd, data = 0x8032
07-05 23:56:46.875 I/hstvos  ( 1216): [0m[1;33m[HSHAL][HS_VIDEO][HS_HAL_Video_SetOsdDetect_v2][2389]u16Threshold = 20
07-05 23:56:46.875 I/MiSysSrv( 1214): Not support now! 42, change to mm_video!!!
07-05 23:56:46.875 E/TVMW@videoctrl( 1234):  getOsd is 0
07-05 23:56:46.875 E/TVMW@videoctrl( 1234): hs_mw_videoctrl.cpp getOsdShow result is        0
07-05 23:56:46.875 D/til@system( 2026): til_get_system_param option:1000027 int:0, bool:0, ret:0
07-05 23:56:46.875 D/til     ( 2026): ###### func:til_get_picture_param option:0x3000045 ######  
07-05 23:56:46.876 I/TVMW@HsTvSetting( 1234): Trace cmd, data = 0x300c
07-05 23:56:46.876 I/TVMW@HsTvSetting( 1234): Trace 3d, data = 0x300c
07-05 23:56:46.876 I/TVMW@3d ( 1234): Hs_debug3d_trace: func:get3dStatus, line:109
07-05 23:56:46.876 I/TVMW@HsTvSetting( 1234): Trace cmd, data = 0x1057
07-05 23:56:46.876 I/TVMW@Hsmwhal( 1234): 
07-05 23:56:46.876 I/TVMW@Hsmwhal( 1234):  Hisense FRCType = 2 MemcLevel = 2
07-05 23:56:46.876 D/TVMW@videoctrl( 1234): [setMemcLevel:1456] ENTER OK
07-05 23:56:46.876 D/TVMW@devctrl( 1234): [write,592] ENTER OK address 34
07-05 23:56:46.876 I/hstvos  ( 1216): [0m[1;36m[HSHAL][HS_DEV][HS_HAL_I2C_Write][514] Entry.time[19048448] OK  34 
07-05 23:56:46.876 I/hstvos  ( 1216): [0m[1;36m[HSHAL][HS_DEV][HS_HAL_I2C_Write][537]
07-05 23:56:46.876 I/hstvos  ( 1216): +_+memc: HS_MEMC_WRITE_ADDR
07-05 23:56:46.876 I/hstvos  ( 1216): [0m[1;36m[HSHAL][HS_DEV][HS_HAL_I2C_Write][539]HsIC is 462976
07-05 23:56:46.879 I/UsageStatsService( 1733): resumed component name is ComponentInfo{com.jamdeo.launcher/com.jamdeo.launcher.app.BaseTileActivity}
07-05 23:56:46.879 I/BaseTileActivity( 2232): onRestart - mStackId: 237, mTileType:7, mRestored:false, mTileName:com.hisense.hicloud.edca entry:239fcd21
07-05 23:56:46.879 I/UsageStatsService( 1733): started component:com.jamdeo.launcher
07-05 23:56:46.879 V/PackageManager( 1733): getPackageInfo com.jamdeo.launcher: Package{33bd5cbf com.jamdeo.launcher}
07-05 23:56:46.879 V/UsageStatsService( 1733): Resumed: 19048450   Component: com.jamdeo.launcher/com.jamdeo.launcher.app.BaseTileActivity   Time: 1499270206879 VersionCode: 100010000   LastUpdateTime: 1167653135000
07-05 23:56:46.879 D/UsageStatsService( 1733): UsageStats: broadcasting intent
07-05 23:56:46.881 W/ContextImpl( 1733): Calling a method in the system process without a qualified user: android.app.ContextImpl.sendBroadcast:1327 com.android.server.usage.UsageStatsService.insertUsageStats:1104 com.android.server.usage.UsageStatsService$PkgUsageStatsExtended.updateResume:962 com.android.server.usage.UsageStatsService$LocalService.noteResumeComponent:759 com.android.server.am.ActivityManagerService.updateUsageStats:3164 
07-05 23:56:46.885 D/TVMW@videoctrl( 1234): ret is 0
07-05 23:56:46.885 D/TVMW@videoctrl( 1234): [setMemcLevel,1484] EXIT OK
07-05 23:56:46.885 I/hstvos  ( 1216): [0m[1;36m[HSHAL][HS_DEV][HS_HAL_I2C_Write][647] Exit OK[19048457] OK!
07-05 23:56:46.890 D/PowerManagerService( 1733): setScreenBrightnessOverrideFromWindowManagerInternal done
07-05 23:56:46.892 D/AndroidRuntime(15892): Shutting down VM
07-05 23:56:46.892 W/ActivityManager( 1733): Spurious death for ProcessRecord{af2dba8 15591:com.hisense.hicloud.edca/u0a10}, curProc for 15591: null
07-05 23:56:46.894 I/ReportService( 3281): Intent received, action = android.intent.action.INSERT
07-05 23:56:46.895 I/NetflixMonitorService( 1733): current fgapk : com.jamdeo.launcher
07-05 23:56:46.895 I/NetflixMonitorService( 1733): Netflix status unchanged
07-05 23:56:46.895 I/BaseTileActivity( 2232): onStart - mStackId: 237, mTileType:7, mRestored:false, mTileName:com.hisense.hicloud.edca 239fcd21
07-05 23:56:46.895 I/LauncherSwitcher( 2232): addBaseActivity: activity 239fcd21
07-05 23:56:46.895 I/BaseTileActivity( 2232): onResume - mStackId: 237, mTileType:7, mRestored:false, mCreateTime:19013490, mTileName:com.hisense.hicloud.edca, currentTime:19048467 239fcd21
07-05 23:56:46.895 I/LauncherSwitcher( 2232): addBaseActivity: activity 239fcd21
07-05 23:56:46.896 I/ReportService( 3281): modelName is VIDAA_TV
07-05 23:56:46.896 E/til     ( 2026): [til_get_current_input_source, 101] 
07-05 23:56:46.897 W/Activity( 2232): changePanelKeyPadStateIfNecessary() : false
07-05 23:56:46.897 V/InputManager( 2232): setPanelKeyPadConvertState() : false
07-05 23:56:46.898 I/TVMW@HsTvSetting( 1234): Trace cmd, data = 0x7007
07-05 23:56:46.899 I/tilwrapper@sm( 2026): HS2TIL_SourceType *hs=0xd, *til=0x900
07-05 23:56:46.899 D/til     ( 2026): get current source 2304
07-05 23:56:46.899 D/SourceRemoteServiceHandler( 2026): getCurrentInputSource.from.til.result is 0, value is 2304
07-05 23:56:46.899 D/SourceRemoteServiceHandler( 2026): getInputSourceType source: 0x900, type=2304
07-05 23:56:46.900 I/ReportService( 3281): getCurIntputSource2304
07-05 23:56:46.901 E/til     ( 2026): [til_get_current_input_source, 101] 
07-05 23:56:46.902 I/TVMW@HsTvSetting( 1234): Trace cmd, data = 0x7007
07-05 23:56:46.902 I/tilwrapper@sm( 2026): HS2TIL_SourceType *hs=0xd, *til=0x900
07-05 23:56:46.902 D/til     ( 2026): get current source 2304
07-05 23:56:46.902 D/SourceRemoteServiceHandler( 2026): getCurrentInputSource.from.til.result is 0, value is 2304
07-05 23:56:46.902 D/SourceRemoteServiceHandler( 2026): getInputSourceType source: 0x900, type=2304
07-05 23:56:46.903 I/ReportService( 3281): siloName isnull
07-05 23:56:46.904 V/PackageManager( 1733): getPackageInfo com.hisense.hicloud.edca: Package{3fb3f3a1 com.hisense.hicloud.edca}
07-05 23:56:46.905 D/Surface ( 1733): onStatusChange() : mNativeObject = 547819108352 mUseImageHwRender = false
07-05 23:56:46.905 V/Surface ( 1733): nativeSetHardwareRender() : status = 0
07-05 23:56:46.905 V/Surface ( 1733): nativeSetHardwareRender() : end
07-05 23:56:46.905 D/OsdMonitorService( 1733): mCurrentWindow = com.hisense.hicloud.edca/com.hisense.tvui.newhome.HomeMainActivity; newWindow = com.jamdeo.launcher/com.jamdeo.launcher.app.BaseTileActivity; isSubWindow = false; isInWinList = false; isExitNow = false
07-05 23:56:46.905 D/OsdMonitorService( 1733): windowNotOsd() : name = com.jamdeo.launcher/com.jamdeo.launcher.app.BaseTileActivity
07-05 23:56:46.905 I/OsdMonitorService( 1733): setOsdStatus() : status will change from true to true
07-05 23:56:46.905 D/ShutdownManager( 2096): Intent received, action=launcher_at_bottom
07-05 23:56:46.906 D/ShutdownManager( 2096): stopMonitoringInputEvent for token=com.jamdeo.ShutdownManager.Inactivity.ScreenSaver
07-05 23:56:46.908 D/PowerManagerService( 1733): setScreenBrightnessOverrideFromWindowManagerInternal done
07-05 23:56:46.908 D/TvInputManagerService( 1733): call enableMotionEventNotifier:false
07-05 23:56:46.908 I/ReportService( 3281): HiReport string sent out is:1.5|3|86100300900000500000060a4818fca8|1499270193|1499270206|com.hisense.hicloud.edca|3.0.0.9.00|8
07-05 23:56:46.908 D/ShutdownManager( 2096): enableScreensaver: return. MARKET mode on
07-05 23:56:46.910 D/ShutdownManager( 2096): STOP_SCREENSAVER mDreamState=PREPARESTOP
07-05 23:56:46.910 D/ShutdownManager( 2096): broadcast com.jamdeo.intent.STOP_SCREENSAVER
07-05 23:56:46.912 W/ReportService( 3281): enter InsertUserBehaviorDataReportTask  mUri = content://com.hisense.hitv.hicloud.log/loginput mContentValues = lastsessiondurationtime=13615 LOGVALUE=1.5|3|86100300900000500000060a4818fca8|1499270193|1499270206|com.hisense.hicloud.edca|3.0.0.9.00|8 operation=P time=1499270206757 package=com.hisense.hicloud.edca cumulativesessiondurationtime=8364489 versioncode=652 lastupdatetime=1499256171569 _id=null type=APPRUN component=com.hisense.tvui.newhome.HomeMainActivity mContext == com.hisense.hireport.ReportService@3a75cda9mType == 95
07-05 23:56:46.912 I/ReportService( 3281): Intent received, action = android.intent.action.INSERT
07-05 23:56:46.915 D/PowerManagerService( 1733): wakeUp: eventTime=19048486
07-05 23:56:46.915 D/PowerManagerService( 1733): wakeUpInternal: eventTime=19048486, uid=1000
07-05 23:56:46.915 D/PowerManagerService( 1733): wakeUpNoUpdateLocked: eventTime=19048486, uid=1000
07-05 23:56:46.918 D/Surface ( 1733): onStatusChange() : mNativeObject = 0 mUseImageHwRender = false
07-05 23:56:46.919 I/ReportService( 3281): enter doInBackground*****
07-05 23:56:46.919 D/Surface ( 2232): onStatusChange() : mNativeObject = 547534994432 mUseImageHwRender = false
07-05 23:56:46.919 V/Surface ( 2232): nativeSetHardwareRender() : status = 0
07-05 23:56:46.919 V/Surface ( 2232): nativeSetHardwareRender() : end
07-05 23:56:46.919 I/ReportService( 3281): modelName is VIDAA_TV
07-05 23:56:46.919 E/til     ( 2026): [til_get_current_input_source, 101] 
07-05 23:56:46.919 I/TVMW@HsTvSetting( 1234): Trace cmd, data = 0x7007
07-05 23:56:46.920 I/tilwrapper@sm( 2026): HS2TIL_SourceType *hs=0xd, *til=0x900
07-05 23:56:46.920 D/til     ( 2026): get current source 2304
07-05 23:56:46.920 D/SourceRemoteServiceHandler( 2026): getCurrentInputSource.from.til.result is 0, value is 2304
07-05 23:56:46.920 D/SourceRemoteServiceHandler( 2026): getInputSourceType source: 0x900, type=2304
07-05 23:56:46.924 I/ReportService( 3281): getCurIntputSource2304
07-05 23:56:46.925 E/til     ( 2026): [til_get_current_input_source, 101] 
07-05 23:56:46.928 I/TVMW@HsTvSetting( 1234): Trace cmd, data = 0x7007
07-05 23:56:46.929 I/tilwrapper@sm( 2026): HS2TIL_SourceType *hs=0xd, *til=0x900
07-05 23:56:46.929 D/til     ( 2026): get current source 2304
07-05 23:56:46.929 D/SourceRemoteServiceHandler( 2026): getCurrentInputSource.from.til.result is 0, value is 2304
07-05 23:56:46.929 D/SourceRemoteServiceHandler( 2026): getInputSourceType source: 0x900, type=2304
07-05 23:56:46.932 I/ReportService( 3281): siloName isnull
07-05 23:56:46.932 I/MiSysSrv( 1214): [37m[INFO] Change to Voltage: 117 mv (0x32)[m
07-05 23:56:46.932 V/PackageManager( 1733): getPackageInfo com.jamdeo.launcher: Package{33bd5cbf com.jamdeo.launcher}
07-05 23:56:46.932 D/gralloc ( 1204): allocate buffer from ION HEAP 0x1
07-05 23:56:46.932 D/gralloc ( 1204): allocate memory from system heap
07-05 23:56:46.933 I/ReportService( 3281): HiReport string sent out is:1.5|3|86100300900000500000060a4818fca8|1499270206|0|com.jamdeo.launcher|1.1.0|8
07-05 23:56:46.933 W/ReportService( 3281): enter InsertUserBehaviorDataReportTask  mUri = content://com.hisense.hitv.hicloud.log/loginput mContentValues = lastsessiondurationtime=20673 LOGVALUE=1.5|3|86100300900000500000060a4818fca8|1499270206|0|com.jamdeo.launcher|1.1.0|8 operation=R time=1499270206879 package=com.jamdeo.launcher cumulativesessiondurationtime=6143687 versioncode=100010000 lastupdatetime=1167653135000 _id=null type=APPRUN component=com.jamdeo.launcher.app.BaseTileActivity mContext == com.hisense.hireport.ReportService@3a75cda9mType == 95
07-05 23:56:46.939 D/gralloc ( 1204): allocate buffer from ION HEAP 0x1
07-05 23:56:46.939 D/gralloc ( 1204): allocate memory from system heap
07-05 23:56:46.943 D/gralloc ( 1204): allocate buffer from ION HEAP 0x1
07-05 23:56:46.943 D/gralloc ( 1204): allocate memory from system heap
07-05 23:56:46.945 I/ReportService( 3281): result is content://com.hisense.hitv.hicloud.log/loginput/1
07-05 23:56:46.945 I/ReportService( 3281): enter onPostExecute result is: true
07-05 23:56:46.946 I/ReportService( 3281): enter doInBackground*****
07-05 23:56:46.947 I/RecentDataManager( 2232): mPkgReceiver: action android.intent.action.PACKAGE_RESTARTED
07-05 23:56:46.947 I/RecentDataManager( 2232): package com.hisense.hicloud.edca removed
07-05 23:56:46.947 I/RecentDataManager( 2232): remove item data of com.hisense.hicloud.edca, position: 0
07-05 23:56:46.948 W/InputMethodManagerService( 1733): Got RemoteException sending setActive(false) notification to pid 15591 uid 10010
07-05 23:56:46.948 V/InputMethodService( 2203): unbindInput(): binding=InputBinding{android.os.BinderProxy@718098 / uid 10010 / pid 15591} ic=com.android.internal.view.InputConnectionWrapper@131240f1
07-05 23:56:46.949 V/InputMethodService( 2203): bindInput(): binding=InputBinding{android.os.BinderProxy@19c5bd4d / uid 10005 / pid 2232} ic=com.android.internal.view.InputConnectionWrapper@18171d29
07-05 23:56:46.949 V/InputMethodService( 2203): startInput(): editor=android.view.inputmethod.EditorInfo@37018ae
07-05 23:56:46.949 V/InputMethodService( 2203): CALL: onFinishInput
07-05 23:56:46.950 E/SOGOUIME_JNI( 2203): reset
07-05 23:56:46.950 E/SOGOUIME_JNI( 2203): getCandidates
07-05 23:56:46.950 E/SOGOUIME_JNI( 2203): ime_get_uncommitted_length
07-05 23:56:46.950 I/BaseTileActivity( 2232): mHandleBackTask run - mStackId: 237, mTileType:7, mRestored:false, mTileName:com.hisense.hicloud.edca, topApp:null, mCheckTopAppFlag:false entry:239fcd21
07-05 23:56:46.950 E/SOGOUIME_JNI( 2203): getCandidates
07-05 23:56:46.950 I/BaseTileActivity( 2232): handleTileBack - mStackId: 237, mTileType:7
07-05 23:56:46.950 I/BaseTileActivity( 2232): , prevStackId:6, mTileName:com.hisense.hicloud.edca
07-05 23:56:46.950 D/SogouIME API( 2203): ==============num:32
07-05 23:56:46.951 D/ActivityStackUtils( 1733): moveStack - stackId: 6, toFront: true
07-05 23:56:46.951 E/SOGOUIME_JNI( 2203): ime_get_uncommitted_length
07-05 23:56:46.951 D/SogouIME( 2203): mFocusedComponent:30   isHkbEnable:false
07-05 23:56:46.951 E/SOGOUIME_JNI( 2203): ime_get_uncommitted_length
07-05 23:56:46.951 E/SOGOUIME_JNI( 2203): ime_get_committed_length
07-05 23:56:46.951 E/SOGOUIME_JNI( 2203): getComposingInfo
07-05 23:56:46.951 E/SOGOUIME_JNI( 2203): getComposingInfo
07-05 23:56:46.951 E/SOGOUIME_JNI( 2203): getCorrectInfo
07-05 23:56:46.951 E/SOGOUIME_JNI( 2203): getComposingInfo
07-05 23:56:46.954 V/NuPlayer( 1206): NuPlayer::~NuPlayer ---- Enter ...
07-05 23:56:46.954 V/InputMethodService( 2203): CALL: onStartInput
07-05 23:56:46.954 E/SOGOUIME_JNI( 2203): ime_setClinetPackageName
07-05 23:56:46.954 E/SOGOUIME_JNI( 2203): invalidateCommitWordPinyinNative
07-05 23:56:46.954 D/SogouIME( 2203): =====configKeyboard=======æ˜¯å¦æœ‰ç¡¬ä»¶ç›˜:false     ç¡¬ä»¶ç›˜æ˜¯å¦ä¸å†éšè—ï¼šfalse
07-05 23:56:46.954 E/SOGOUIME_JNI( 2203): ime_set_hard_kb_enable
07-05 23:56:47.034 I/TVMW@devctrl( 1234): wdt
07-05 23:56:47.251 I/WindowManager( 1733): Screenshot max retries 4 of Token{5511948 ActivityRecord{3cb3b7eb u0 com.jamdeo.launcher/.app.BaseTileActivity t5441}} appWin=Window{350050b7 u0 com.jamdeo.launcher/com.jamdeo.launcher.app.BaseTileActivity} drawState=1
07-05 23:56:47.252 I/UsageStatsService( 1733): paused component:com.jamdeo.launcher
07-05 23:56:47.252 V/UsageStatsService( 1733): Paused: 19048823   Component: com.jamdeo.launcher/com.jamdeo.launcher.app.BaseTileActivity   Time: 1499270207252 LastSessionTime: 373 CumulativeSessionTime: 6144060
07-05 23:56:47.252 D/UsageStatsService( 1733): UsageStats: broadcasting intent
