07-05 22:22:54.826 D/PowerManagerNotifier( 1733): onWakeLockAcquired: flags=1, tag="AudioMix", packageName=media, ownerUid=1013, ownerPid=0, workSource=null
07-05 22:22:54.826 D/PowerManagerService( 1733): updateWakeLockWorkSourceInternal: lock=31506846 [AudioMix], ws=null
07-05 22:22:54.827 D/PowerManagerService( 1733): acquireWakeLockInternal: lock=635749503, flags=0x1, tag="AudioMix", ws=null, uid=1013, pid=0
07-05 22:22:54.827 D/PowerManagerNotifier( 1733): onWakeLockAcquired: flags=1, tag="AudioMix", packageName=media, ownerUid=1013, ownerPid=0, workSource=null
07-05 22:22:54.827 D/PowerManagerService( 1733): updateWakeLockWorkSourceInternal: lock=635749503 [AudioMix], ws=null
07-05 22:22:54.923 V/HotPlugDetectionAction( 1733): Poll all devices.
07-05 22:22:54.969 I/NetflixMonitorService( 1733): current fgapk : com.hisense.hicloud.edca
07-05 22:22:54.970 I/NetflixMonitorService( 1733): Netflix status unchanged
07-05 22:22:55.079 D/PowerManagerService( 1733): acquireWakeLockInternal: lock=113832109, flags=0x1, tag="NetworkStats", ws=null, uid=1000, pid=1733
07-05 22:22:55.079 D/PowerManagerNotifier( 1733): onWakeLockAcquired: flags=1, tag="NetworkStats", packageName=android, ownerUid=1000, ownerPid=1733, workSource=null
07-05 22:22:55.090 D/PowerManagerService( 1733): releaseWakeLockInternal: lock=113832109 [NetworkStats], flags=0x0
07-05 22:22:55.090 D/PowerManagerNotifier( 1733): onWakeLockReleased: flags=1, tag="NetworkStats", packageName=android, ownerUid=1000, ownerPid=1733, workSource=null
07-05 22:22:55.354 E/HDMI_CEC( 1733): Send Message TO[5] 
07-05 22:22:55.354 E/HDMI_CEC( 1733): OP[0], <Feature Abort> 
07-05 22:22:55.354 E/HDMI_CEC( 1733): ========
07-05 22:22:55.429 E/HDMI_CEC( 1733): MI_CEC_SendTxPolling, ErrCode[4] 
07-05 22:22:55.463 E/HDMI_CEC( 1733): Sending message can't be response. 
07-05 22:22:55.780 D/PowerManagerService( 1733): acquireWakeLockInternal: lock=113832109, flags=0x1, tag="NetworkStats", ws=null, uid=1000, pid=1733
07-05 22:22:55.780 D/PowerManagerNotifier( 1733): onWakeLockAcquired: flags=1, tag="NetworkStats", packageName=android, ownerUid=1000, ownerPid=1733, workSource=null
07-05 22:22:55.795 D/PowerManagerService( 1733): releaseWakeLockInternal: lock=113832109 [NetworkStats], flags=0x0
07-05 22:22:55.795 D/PowerManagerNotifier( 1733): onWakeLockReleased: flags=1, tag="NetworkStats", packageName=android, ownerUid=1000, ownerPid=1733, workSource=null
07-05 22:22:55.970 I/NetflixMonitorService( 1733): current fgapk : com.hisense.hicloud.edca
07-05 22:22:55.970 I/NetflixMonitorService( 1733): Netflix status unchanged
07-05 22:22:56.119 D/PowerManagerService( 1733): setScreenBrightnessOverrideFromWindowManagerInternal done
07-05 22:22:56.122 D/PowerManagerService( 1733): setScreenBrightnessOverrideFromWindowManagerInternal done
07-05 22:22:56.160 D/PowerManagerService( 1733): acquireWakeLockInternal: lock=487931605, flags=0x2000000a, tag="WindowManager", ws=WorkSource{10010}, uid=1000, pid=1733
07-05 22:22:56.160 D/PowerManagerNotifier( 1733): onWakeLockAcquired: flags=536870922, tag="WindowManager", packageName=android, ownerUid=1000, ownerPid=1733, workSource=WorkSource{10010}
07-05 22:22:56.160 D/PowerManagerService( 1733): setScreenBrightnessOverrideFromWindowManagerInternal done
07-05 22:22:56.441 D/HDMI    ( 1733): [P]:AllocatedAddress=[]
07-05 22:22:56.453 D/PowerManagerService( 1733): releaseWakeLockInternal: lock=681732318 [ActivityManager-Launch], flags=0x0
07-05 22:22:56.453 D/PowerManagerNotifier( 1733): onWakeLockReleased: flags=1, tag="ActivityManager-Launch", packageName=android, ownerUid=1000, ownerPid=1733, workSource=null
07-05 22:22:56.581 D/PowerManagerService( 1733): setScreenBrightnessOverrideFromWindowManagerInternal done
07-05 22:22:56.892 D/PowerManagerService( 1733): acquireWakeLockInternal: lock=113832109, flags=0x1, tag="NetworkStats", ws=null, uid=1000, pid=1733
07-05 22:22:56.892 D/PowerManagerNotifier( 1733): onWakeLockAcquired: flags=1, tag="NetworkStats", packageName=android, ownerUid=1000, ownerPid=1733, workSource=null
07-05 22:22:56.897 D/PowerManagerService( 1733): releaseWakeLockInternal: lock=113832109 [NetworkStats], flags=0x0
07-05 22:22:56.897 D/PowerManagerNotifier( 1733): onWakeLockReleased: flags=1, tag="NetworkStats", packageName=android, ownerUid=1000, ownerPid=1733, workSource=null
07-05 22:22:56.971 I/NetflixMonitorService( 1733): current fgapk : com.hisense.hicloud.edca
07-05 22:22:56.971 I/NetflixMonitorService( 1733): Netflix status unchanged
07-05 22:22:57.730 D/PowerManagerService( 1733): acquireWakeLockInternal: lock=113832109, flags=0x1, tag="NetworkStats", ws=null, uid=1000, pid=1733
07-05 22:22:57.730 D/PowerManagerNotifier( 1733): onWakeLockAcquired: flags=1, tag="NetworkStats", packageName=android, ownerUid=1000, ownerPid=1733, workSource=null
07-05 22:22:57.751 D/PowerManagerService( 1733): releaseWakeLockInternal: lock=113832109 [NetworkStats], flags=0x0
07-05 22:22:57.751 D/PowerManagerNotifier( 1733): onWakeLockReleased: flags=1, tag="NetworkStats", packageName=android, ownerUid=1000, ownerPid=1733, workSource=null
07-05 22:22:57.830 D/PowerManagerService( 1733): releaseWakeLockInternal: lock=31506846 [AudioMix], flags=0x0
07-05 22:22:57.830 D/PowerManagerNotifier( 1733): onWakeLockReleased: flags=1, tag="AudioMix", packageName=media, ownerUid=1013, ownerPid=0, workSource=null
07-05 22:22:57.831 D/PowerManagerService( 1733): releaseWakeLockInternal: lock=635749503 [AudioMix], flags=0x0
07-05 22:22:57.831 D/PowerManagerNotifier( 1733): onWakeLockReleased: flags=1, tag="AudioMix", packageName=media, ownerUid=1013, ownerPid=0, workSource=null
07-05 22:22:57.846 D/PowerManagerService( 1733): acquireWakeLockInternal: lock=260082764, flags=0x1, tag="AudioMix", ws=null, uid=1013, pid=0
07-05 22:22:57.846 D/PowerManagerNotifier( 1733): onWakeLockAcquired: flags=1, tag="AudioMix", packageName=media, ownerUid=1013, ownerPid=0, workSource=null
07-05 22:22:57.847 D/PowerManagerService( 1733): updateWakeLockWorkSourceInternal: lock=260082764 [AudioMix], ws=null
07-05 22:22:57.861 D/PowerManagerService( 1733): updateWakeLockWorkSourceInternal: lock=260082764 [AudioMix], ws=WorkSource{10010}
07-05 22:22:57.861 D/PowerManagerNotifier( 1733): onWakeLockReleased: flags=1, tag="AudioMix", packageName=media, ownerUid=1013, ownerPid=0, workSource=null
07-05 22:22:57.861 D/PowerManagerNotifier( 1733): onWakeLockAcquired: flags=1, tag="AudioMix", packageName=media, ownerUid=1013, ownerPid=0, workSource=WorkSource{10010}
07-05 22:22:57.972 I/NetflixMonitorService( 1733): current fgapk : com.hisense.hicloud.edca
07-05 22:22:57.972 I/NetflixMonitorService( 1733): Netflix status unchanged
07-05 22:22:58.570 D/PowerManagerService( 1733): acquireWakeLockInternal: lock=113832109, flags=0x1, tag="NetworkStats", ws=null, uid=1000, pid=1733
07-05 22:22:58.570 D/PowerManagerNotifier( 1733): onWakeLockAcquired: flags=1, tag="NetworkStats", packageName=android, ownerUid=1000, ownerPid=1733, workSource=null
07-05 22:22:58.579 D/PowerManagerService( 1733): releaseWakeLockInternal: lock=113832109 [NetworkStats], flags=0x0
07-05 22:22:58.579 D/PowerManagerNotifier( 1733): onWakeLockReleased: flags=1, tag="NetworkStats", packageName=android, ownerUid=1000, ownerPid=1733, workSource=null
07-05 22:22:58.884 D/GlobalInputEventMonitoringService( 1733): interceptKeyBeforeQueueing(), event:22, mNeedMonitorKeyEvent:true, mWaitForKeyUpEvent:false
07-05 22:22:58.884 D/GlobalInputEventMonitoringService( 1733): processKeyEvent(), processKeyEvent event:22
07-05 22:22:58.887 D/PowerManagerService( 1733): userActivityNoUpdateLocked: eventTime=13420442, event=1, flags=0x0, uid=1000
07-05 22:22:58.973 I/NetflixMonitorService( 1733): current fgapk : com.hisense.hicloud.edca
07-05 22:22:58.973 I/NetflixMonitorService( 1733): Netflix status unchanged
07-05 22:22:58.996 D/GlobalInputEventMonitoringService( 1733): interceptKeyBeforeQueueing(), event:22, mNeedMonitorKeyEvent:true, mWaitForKeyUpEvent:false
07-05 22:22:58.996 D/GlobalInputEventMonitoringService( 1733): processKeyEvent(), processKeyEvent event:22
07-05 22:22:59.194 D/PowerManagerService( 1733): releaseWakeLockInternal: lock=487931605 [WindowManager], flags=0x0
07-05 22:22:59.194 D/PowerManagerNotifier( 1733): onWakeLockReleased: flags=536870922, tag="WindowManager", packageName=android, ownerUid=1000, ownerPid=1733, workSource=WorkSource{10010}
07-05 22:22:59.195 D/PowerManagerService( 1733): userActivityNoUpdateLocked: eventTime=13420766, event=0, flags=0x1, uid=1000
07-05 22:22:59.195 D/PowerManagerService( 1733): setScreenBrightnessOverrideFromWindowManagerInternal done
07-05 22:22:59.205 D/PowerManagerService( 1733): setScreenBrightnessOverrideFromWindowManagerInternal done
07-05 22:22:59.267 D/PowerManagerService( 1733): setScreenBrightnessOverrideFromWindowManagerInternal done
07-05 22:22:59.294 D/PowerManagerService( 1733): setScreenBrightnessOverrideFromWindowManagerInternal done
07-05 22:22:59.315 D/PowerManagerService( 1733): setScreenBrightnessOverrideFromWindowManagerInternal done
07-05 22:22:59.365 D/PowerManagerService( 1733): setScreenBrightnessOverrideFromWindowManagerInternal done
07-05 22:22:59.392 D/PowerManagerService( 1733): acquireWakeLockInternal: lock=113832109, flags=0x1, tag="NetworkStats", ws=null, uid=1000, pid=1733
07-05 22:22:59.392 D/PowerManagerNotifier( 1733): onWakeLockAcquired: flags=1, tag="NetworkStats", packageName=android, ownerUid=1000, ownerPid=1733, workSource=null
07-05 22:22:59.401 D/PowerManagerService( 1733): acquireWakeLockInternal: lock=487931605, flags=0x2000000a, tag="WindowManager", ws=WorkSource{10010}, uid=1000, pid=1733
07-05 22:22:59.401 D/PowerManagerNotifier( 1733): onWakeLockAcquired: flags=536870922, tag="WindowManager", packageName=android, ownerUid=1000, ownerPid=1733, workSource=WorkSource{10010}
07-05 22:22:59.401 D/PowerManagerService( 1733): setScreenBrightnessOverrideFromWindowManagerInternal done
07-05 22:22:59.406 D/PowerManagerService( 1733): releaseWakeLockInternal: lock=113832109 [NetworkStats], flags=0x0
07-05 22:22:59.406 D/PowerManagerNotifier( 1733): onWakeLockReleased: flags=1, tag="NetworkStats", packageName=android, ownerUid=1000, ownerPid=1733, workSource=null
07-05 22:22:59.974 I/NetflixMonitorService( 1733): current fgapk : com.hisense.hicloud.edca
07-05 22:22:59.974 I/NetflixMonitorService( 1733): Netflix status unchanged
07-05 22:23:00.001 D/PowerManagerService( 1733): acquireWakeLockInternal: lock=1013057410, flags=0x40000001, tag="*alarm*", ws=WorkSource{1000}, uid=1000, pid=1733
07-05 22:23:00.001 D/PowerManagerNotifier( 1733): onWakeLockAcquired: flags=1073741825, tag="*alarm*", packageName=android, ownerUid=1000, ownerPid=1733, workSource=WorkSource{1000}
07-05 22:23:00.036 D/PowerManagerService( 1733): releaseWakeLockInternal: lock=1013057410 [*alarm*], flags=0x0
07-05 22:23:00.036 D/PowerManagerNotifier( 1733): onWakeLockReleased: flags=1073741825, tag="*alarm*", packageName=android, ownerUid=1000, ownerPid=1733, workSource=WorkSource{1000}
07-05 22:23:00.180 D/GlobalInputEventMonitoringService( 1733): interceptKeyBeforeQueueing(), event:22, mNeedMonitorKeyEvent:true, mWaitForKeyUpEvent:false
07-05 22:23:00.180 D/GlobalInputEventMonitoringService( 1733): processKeyEvent(), processKeyEvent event:22
07-05 22:23:00.181 D/PowerManagerService( 1733): userActivityNoUpdateLocked: eventTime=13421749, event=1, flags=0x0, uid=1000
07-05 22:23:00.231 D/PowerManagerService( 1733): acquireWakeLockInternal: lock=113832109, flags=0x1, tag="NetworkStats", ws=null, uid=1000, pid=1733
07-05 22:23:00.231 D/PowerManagerNotifier( 1733): onWakeLockAcquired: flags=1, tag="NetworkStats", packageName=android, ownerUid=1000, ownerPid=1733, workSource=null
07-05 22:23:00.241 D/PowerManagerService( 1733): releaseWakeLockInternal: lock=113832109 [NetworkStats], flags=0x0
07-05 22:23:00.241 D/PowerManagerNotifier( 1733): onWakeLockReleased: flags=1, tag="NetworkStats", packageName=android, ownerUid=1000, ownerPid=1733, workSource=null
07-05 22:23:00.249 D/GlobalInputEventMonitoringService( 1733): interceptKeyBeforeQueueing(), event:22, mNeedMonitorKeyEvent:true, mWaitForKeyUpEvent:false
07-05 22:23:00.249 D/GlobalInputEventMonitoringService( 1733): processKeyEvent(), processKeyEvent event:22
07-05 22:23:00.975 I/NetflixMonitorService( 1733): current fgapk : com.hisense.hicloud.edca
07-05 22:23:00.975 I/NetflixMonitorService( 1733): Netflix status unchanged
07-05 22:23:01.080 D/PowerManagerService( 1733): acquireWakeLockInternal: lock=113832109, flags=0x1, tag="NetworkStats", ws=null, uid=1000, pid=1733
07-05 22:23:01.080 D/PowerManagerNotifier( 1733): onWakeLockAcquired: flags=1, tag="NetworkStats", packageName=android, ownerUid=1000, ownerPid=1733, workSource=null
07-05 22:23:01.102 D/PowerManagerService( 1733): releaseWakeLockInternal: lock=113832109 [NetworkStats], flags=0x0
07-05 22:23:01.102 D/PowerManagerNotifier( 1733): onWakeLockReleased: flags=1, tag="NetworkStats", packageName=android, ownerUid=1000, ownerPid=1733, workSource=null
07-05 22:23:01.352 D/GlobalInputEventMonitoringService( 1733): interceptKeyBeforeQueueing(), event:20, mNeedMonitorKeyEvent:true, mWaitForKeyUpEvent:false
07-05 22:23:01.352 D/GlobalInputEventMonitoringService( 1733): processKeyEvent(), processKeyEvent event:20
07-05 22:23:01.352 D/PowerManagerService( 1733): userActivityNoUpdateLocked: eventTime=13422923, event=1, flags=0x0, uid=1000
07-05 22:23:01.388 D/GlobalInputEventMonitoringService( 1733): interceptKeyBeforeQueueing(), event:20, mNeedMonitorKeyEvent:true, mWaitForKeyUpEvent:false
07-05 22:23:01.388 D/GlobalInputEventMonitoringService( 1733): processKeyEvent(), processKeyEvent event:20
07-05 22:23:01.664 D/PowerManagerService( 1733): releaseWakeLockInternal: lock=487931605 [WindowManager], flags=0x0
07-05 22:23:01.665 D/PowerManagerNotifier( 1733): onWakeLockReleased: flags=536870922, tag="WindowManager", packageName=android, ownerUid=1000, ownerPid=1733, workSource=WorkSource{10010}
07-05 22:23:01.665 D/PowerManagerService( 1733): userActivityNoUpdateLocked: eventTime=13423236, event=0, flags=0x1, uid=1000
07-05 22:23:21.022 D/PowerManagerService( 1733): setScreenBrightnessOverrideFromWindowManagerInternal done
07-05 22:23:21.023 I/NetflixMonitorService( 1733): current fgapk : com.jamdeo.launcher
07-05 22:23:21.023 I/NetflixMonitorService( 1733): Netflix status unchanged
07-05 22:23:21.024 D/TileTransitionManager( 1733): bringTileToFront lastLaunched is:ComponentInfo{com.jamdeo.launcher/com.jamdeo.launcher.app.BaseTileActivity}
07-05 22:23:21.025 D/TileTransitionEngine( 1733): launchTile result=true
07-05 22:23:21.032 D/TvInputManagerService( 1733): call enableMotionEventNotifier:false
07-05 22:23:21.039 D/TvInputManagerService( 1733): call enableMotionEventNotifier:false
07-05 22:23:21.039 D/TvInputManagerService( 1733): call enableMotionEventNotifier:false
07-05 22:23:21.042 D/PowerManagerService( 1733): setScreenBrightnessOverrideFromWindowManagerInternal done
07-05 22:23:21.046 D/PowerManagerService( 1733): wakeUp: eventTime=13442617
07-05 22:23:21.046 D/PowerManagerService( 1733): wakeUpInternal: eventTime=13442617, uid=1000
07-05 22:23:21.046 D/PowerManagerService( 1733): wakeUpNoUpdateLocked: eventTime=13442617, uid=1000
07-05 22:23:21.055 D/PowerManagerService( 1733): wakeUp: eventTime=13442626
07-05 22:23:21.055 D/PowerManagerService( 1733): wakeUpInternal: eventTime=13442626, uid=1000
07-05 22:23:21.055 D/PowerManagerService( 1733): wakeUpNoUpdateLocked: eventTime=13442626, uid=1000
07-05 22:23:21.069 D/PowerManagerService( 1733): setScreenBrightnessOverrideFromWindowManagerInternal done
07-05 22:23:21.084 D/PowerManagerService( 1733): releaseWakeLockInternal: lock=681732318 [ActivityManager-Launch], flags=0x0
07-05 22:23:21.084 D/PowerManagerNotifier( 1733): onWakeLockReleased: flags=1, tag="ActivityManager-Launch", packageName=android, ownerUid=1000, ownerPid=1733, workSource=null
--------- beginning of main
07-05 22:23:51.114 I/CacheUtil(28357): putSelectionBean() 0
07-05 22:23:51.114 I/CacheUtil(28357): put() 0
07-05 22:23:51.114 I/CacheUtil(28357): save time=13472
07-05 22:23:51.114 I/BaseApplication(28357): BaseApplication.mDefinitionData == [{"definitionId": 11,"definitionName": ""},{"definitionId": 21,"definitionName": ""},{"definitionId": 31,"definitionName": ""}]
07-05 22:23:51.114 D/BaseApplication(28357): quality =====from server :  {"definition_0" : 11,  "definition_1" : 21, "definition_1052": 21}
07-05 22:23:51.114 D/BaseApplication(28357): quality====from shared :  0
07-05 22:23:51.115 D/BaseApplication(28357): saveInitDatas,sTrailerEnable:1
07-05 22:23:51.131 W/art     (28357): Suspending all threads took: 7.339ms
07-05 22:23:51.151 I/art     (28357): Background sticky concurrent mark sweep GC freed 64273(2MB) AllocSpace objects, 6(1010KB) LOS objects, 8% free, 20MB/22MB, paused 12.569ms total 58.183ms
07-05 22:23:51.163 D/BaseApplication(28357): home_vip_poster:http://picture.edu.hismarttv.com/images/
07-05 22:23:51.171 I/EntryLogic(28357): mRefreshLastChannel
07-05 22:23:51.171 E/BaseApplication(28357): mSignonInfo.getSignonFlag() == 0mSignonInfo.getName() == null
07-05 22:23:51.172 V/PackageManager( 1733): getPackageInfo com.hisense.hitv.hicloud.account: Package{f28cbb com.hisense.hitv.hicloud.account}
07-05 22:23:51.172 I/FileInstallUntils(28357): checkAccountApp----packageName==com.hisense.hitv.hicloud.account-versionName==4.00.3.6.0-versionCode==1030
07-05 22:23:51.173 I/HttpDnsUtils(28357): getIfShowChannelChoose--url==http://api.edu.hismarttv.com/usercenter/api/tag_selected
07-05 22:23:51.176 D/til@system( 2026): til_get_system_param option:1000007 int:-1936523008, bool:0, ret:0
07-05 22:23:51.986 E/til     ( 2026): [til_get_current_input_source, 101] 
07-05 22:23:51.986 I/TVMW@HsTvSetting( 1234): Trace cmd, data = 0x7007
07-05 22:23:51.986 I/tilwrapper@sm( 2026): HS2TIL_SourceType *hs=0xd, *til=0x900
07-05 22:23:51.986 D/til     ( 2026): get current source 2304
07-05 22:23:51.986 D/SourceRemoteServiceHandler( 2026): getCurrentInputSource.from.til.result is 0, value is 2304
07-05 22:23:51.986 D/SourceRemoteServiceHandler( 2026): getInputSourceType source: 0x900, type=2304
07-05 22:23:51.993 I/ReportService( 3281): getCurIntputSource2304
07-05 22:23:51.993 I/TVMW@HsTvSetting( 1234): Trace cmd, data = 0x1058
07-05 22:23:51.993 D/til@system( 2026): til_get_system_param option:100002F int:0, bool:0, ret:0
07-05 22:23:51.993 E/til     ( 2026): [til_get_current_input_source, 101] 
07-05 22:23:51.993 I/TVMW@HsTvSetting( 1234): Trace cmd, data = 0x7007
07-05 22:23:51.994 I/tilwrapper@sm( 2026): HS2TIL_SourceType *hs=0xd, *til=0x900
07-05 22:23:51.994 D/til     ( 2026): get current source 2304
07-05 22:23:51.994 D/SourceRemoteServiceHandler( 2026): getCurrentInputSource.from.til.result is 0, value is 2304
07-05 22:23:51.994 D/SourceRemoteServiceHandler( 2026): getInputSourceType source: 0x900, type=2304
07-05 22:23:51.994 I/TVMW@HsTvSetting( 1234): Trace cmd, data = 0x101f
07-05 22:23:51.994 D/til@system( 2026): til_get_system_param option:100001D int:3, bool:3, ret:0
07-05 22:23:51.994 E/til     ( 2026): [til_get_current_input_source, 101] 
07-05 22:23:51.996 I/TVMW@HsTvSetting( 1234): Trace cmd, data = 0x7007
07-05 22:23:51.999 I/ReportService( 3281): siloName isnull
07-05 22:23:51.999 V/PackageManager( 1733): getPackageInfo com.hisense.hicloud.edca: Package{3fb3f3a1 com.hisense.hicloud.edca}
07-05 22:23:52.000 I/tilwrapper@sm( 2026): HS2TIL_SourceType *hs=0xd, *til=0x900
07-05 22:23:52.000 D/til     ( 2026): get current source 2304
07-05 22:23:52.000 D/SourceRemoteServiceHandler( 2026): getCurrentInputSource.from.til.result is 0, value is 2304
07-05 22:23:52.000 D/SourceRemoteServiceHandler( 2026): getInputSourceType source: 0x900, type=2304
07-05 22:23:52.000 D/til     ( 2026): ###### func:til_get_picture_param option:0x3000006 ######  
07-05 22:23:52.001 I/TVMW@HsTvSetting( 1234): Trace cmd, data = 0x1003
07-05 22:23:52.004 I/TVMW@HsTvSetting( 1234): Trace cmd, data = 0x8032
07-05 22:23:52.004 I/ReportService( 3281): HiReport string sent out is:1.5|3|86100300900000500000060a4818fca8|1499264631|0|com.hisense.hicloud.edca|3.0.0.9.00|8
07-05 22:23:52.005 W/ReportService( 3281): enter InsertUserBehaviorDataReportTask  mUri = content://com.hisense.hitv.hicloud.log/loginput mContentValues = lastsessiondurationtime=9450 LOGVALUE=1.5|3|86100300900000500000060a4818fca8|1499264631|0|com.hisense.hicloud.edca|3.0.0.9.00|8 operation=R time=1499264631972 package=com.hisense.hicloud.edca cumulativesessiondurationtime=5071231 versioncode=652 lastupdatetime=1499256171569 _id=null type=APPRUN component=com.hisense.tvui.newhome.HomeMainActivity mContext == com.hisense.hireport.ReportService@3a75cda9mType == 95
07-05 22:23:52.005 I/hstvos  ( 1216): [0m[1;33m[HSHAL][HS_VIDEO][HS_HAL_Video_SetOsdDetect_v2][2389]u16Threshold = 20
07-05 22:23:52.005 I/MiSysSrv( 1214): Not support now! 42, change to mm_video!!!
07-05 22:23:52.006 E/TVMW@videoctrl( 1234):  getOsd is 1
07-05 22:23:52.009 D/til@system( 2026): til_get_system_param option:1000027 int:1, bool:1, ret:0
07-05 22:23:52.009 D/til     ( 2026): ###### func:til_get_picture_param option:0x3000045 ######  
07-05 22:23:52.010 I/TVMW@HsTvSetting( 1234): Trace cmd, data = 0x300c
07-05 22:23:52.010 I/TVMW@HsTvSetting( 1234): Trace 3d, data = 0x300c
07-05 22:23:52.010 I/TVMW@3d ( 1234): Hs_debug3d_trace: func:get3dStatus, line:109
07-05 22:23:52.011 E/BaseFragmentActivity(28357): isUpdateCheckedfalse
07-05 22:23:52.011 I/RECREATE(28357): HomeMainActivity is onCreate
07-05 22:23:52.015 I/HomeMainActivity(28357): initView is offlinefalse
07-05 22:23:52.028 D/SUSLog  (28357): AppUpdateApiImplTag>>sPkgName = com.hisense.hicloud.edca
07-05 22:23:52.029 D/SUSLog  (28357): AppUpdateApiImplTag>>update token = 72DF6038D2AEAB8A76DFBBBBCC428A4A_003041487569484 domainName = 
07-05 22:23:52.029 D/SUSLog  (28357): CheckAppUpdateService>>token=72DF6038D2AEAB8A76DFBBBBCC428A4A_003041487569484domainName=api.hismarttv.cominstallMethod0
07-05 22:23:52.030 D/SUSLog  (28357): CheckAppUpdateService>>token=72DF6038D2AEAB8A76DFBBBBCC428A4A_003041487569484domainName=api.hismarttv.com
07-05 22:23:52.034 D/SUSLog  (28357): CheckAppUpdateService>>startService end
07-05 22:23:52.034 E/BaseFragmentActivity(28357): 
07-05 22:23:52.045 I/NetflixMonitorService( 1733): current fgapk : com.hisense.hicloud.edca
07-05 22:23:52.045 I/NetflixMonitorService( 1733): Netflix status unchanged
07-05 22:23:52.062 I/ReportService( 3281): result is content://com.hisense.hitv.hicloud.log/loginput/1
07-05 22:23:52.069 I/ReportService( 3281): enter onPostExecute result is: true
07-05 22:23:52.069 I/ReportService( 3281): enter doInBackground*****
07-05 22:23:52.083 I/ReportService( 3281): result is content://com.hisense.hitv.hicloud.log/loginput/1
07-05 22:23:52.084 I/ReportService( 3281): enter onPostExecute result is: true
07-05 22:23:52.107 I/TabView (28357): onScroll:,firstItem=0,visibleCount=0,totalCount=0
07-05 22:23:52.169 I/MiSysSrv( 1214): [37m[INFO] Change to Voltage: 117 mv (0x32)[m
07-05 22:23:52.182 I/art     (28357): Background sticky concurrent mark sweep GC freed 4991(318KB) AllocSpace objects, 0(0B) LOS objects, 0% free, 23MB/23MB, paused 10.066ms total 40.526ms
07-05 22:23:52.188 I/MainHomeView(28357): initData
07-05 22:23:52.206 I/MainHomeView(28357): initFiguresByVipInfo() --> vip Figure
07-05 22:23:52.207 D/MainHomeView(28357): listFigures ===>:[com.hisense.sdk.domain.VipInfo$FigureVipInfo@8e92017, com.hisense.sdk.domain.VipInfo$FigureVipInfo@3bd3dc04, com.hisense.sdk.domain.VipInfo$FigureVipInfo@355615ed, com.hisense.sdk.domain.VipInfo$FigureVipInfo@12a3bc22, com.hisense.sdk.domain.VipInfo$FigureVipInfo@3755a6b3, com.hisense.sdk.domain.VipInfo$FigureVipInfo@9b4b470, com.hisense.sdk.domain.VipInfo$FigureVipInfo@2f8b23e9, com.hisense.sdk.domain.VipInfo$FigureVipInfo@1265786e]
07-05 22:23:52.207 D/MainHomeView(28357): for (VipInfo.FigureVipInfo) figureVip ID = 1
07-05 22:23:52.207 D/MainHomeView(28357): for (VipInfo.ChannelVipInfo) ChannelId = 6
07-05 22:23:52.207 D/MainHomeView(28357): for (VipInfo.ChannelVipInfo) ChannelId = 14
07-05 22:23:52.207 D/MainHomeView(28357): for (VipInfo.FigureVipInfo) figureVip ID = 2
07-05 22:23:52.207 D/MainHomeView(28357): for (VipInfo.ChannelVipInfo) ChannelId = 22
07-05 22:23:52.207 D/MainHomeView(28357): for (VipInfo.ChannelVipInfo) ChannelId = 23
07-05 22:23:52.207 D/MainHomeView(28357): for (VipInfo.ChannelVipInfo) ChannelId = 24
07-05 22:23:52.207 D/MainHomeView(28357): for (VipInfo.FigureVipInfo) figureVip ID = 3
07-05 22:23:52.207 D/MainHomeView(28357): for (VipInfo.ChannelVipInfo) ChannelId = 28
07-05 22:23:52.207 D/MainHomeView(28357): for (VipInfo.FigureVipInfo) figureVip ID = 4
07-05 22:23:52.207 D/MainHomeView(28357): for (VipInfo.ChannelVipInfo) ChannelId = 16
07-05 22:23:52.207 D/MainHomeView(28357): for (VipInfo.ChannelVipInfo) ChannelId = 17
07-05 22:23:52.207 D/MainHomeView(28357): for (VipInfo.ChannelVipInfo) ChannelId = 18
07-05 22:23:52.207 D/MainHomeView(28357): for (VipInfo.ChannelVipInfo) ChannelId = 19
07-05 22:23:52.207 D/MainHomeView(28357): for (VipInfo.ChannelVipInfo) ChannelId = 20
07-05 22:23:52.207 D/MainHomeView(28357): for (VipInfo.ChannelVipInfo) ChannelId = 21
07-05 22:23:52.207 D/MainHomeView(28357): for (VipInfo.FigureVipInfo) figureVip ID = 5
07-05 22:23:52.207 D/MainHomeView(28357): for (VipInfo.ChannelVipInfo) ChannelId = 25
07-05 22:23:52.207 D/MainHomeView(28357): for (VipInfo.ChannelVipInfo) ChannelId = 26
07-05 22:23:52.207 D/MainHomeView(28357): for (VipInfo.ChannelVipInfo) ChannelId = 27
07-05 22:23:52.207 D/MainHomeView(28357): for (VipInfo.FigureVipInfo) figureVip ID = 6
07-05 22:23:52.207 D/MainHomeView(28357): for (VipInfo.ChannelVipInfo) ChannelId = 15
07-05 22:23:52.207 D/MainHomeView(28357): for (VipInfo.FigureVipInfo) figureVip ID = 7
07-05 22:23:52.207 D/MainHomeView(28357): for (VipInfo.ChannelVipInfo) ChannelId = 29
07-05 22:23:52.207 D/MainHomeView(28357): for (VipInfo.FigureVipInfo) figureVip ID = 9
07-05 22:23:52.207 I/MainHomeView(28357): initFiguresByVipInfo() <-- vip Figure done
07-05 22:23:52.207 D/TabView (28357): setFigureList 
07-05 22:23:52.247 I/MyFragmentStateAdapter(28357): create --
07-05 22:23:52.247 D/SoftFragmentList(28357): clearCacheFragment --
07-05 22:23:52.248 I/MyFragmentStateAdapter(28357): getCount
07-05 22:23:52.248 I/MyFragmentStateAdapter(28357): getCount
07-05 22:23:52.248 I/MyFragmentStateAdapter(28357): getCount
07-05 22:23:52.259 W/ActivityManager( 1733): Activity destroy timeout for ActivityRecord{3799a78a u0 com.jamdeo.launcher/.app.BaseTileActivity t5255 f}
07-05 22:23:52.261 D/PowerManagerService( 1733): setScreenBrightnessOverrideFromWindowManagerInternal done
07-05 22:23:52.264 V/HomeMainActivity(28357): getDayOfMonth(mLastShowDialogTime) ==  01  mLastShowDialogTime ==  0
07-05 22:23:52.264 V/HomeMainActivity(28357): getDayOfMonth(System.currentTimeMillis()) ==  65
07-05 22:23:52.264 D/NativeDecimalFormat(28357): NativeDecimalFormat_close print addr=4098423040
07-05 22:23:52.264 D/NativeDecimalFormat(28357): NativeDecimalFormat_close print g_addr=4098423808
07-05 22:23:52.264 D/NativeDecimalFormat(28357): NativeDecimalFormat_close print addr=4098423808
07-05 22:23:52.265 D/NativeDecimalFormat(28357): NativeDecimalFormat_close print g_addr=4098423808
07-05 22:23:52.269 I/MiSysSrv( 1214): [37m[INFO] Change to Voltage: 117 mv (0x32)[m
07-05 22:23:52.286 I/HomeMainActivity(28357): this is LowMemoryConfiguration 
07-05 22:23:52.331 I/UsageStatsService( 1733): User[0] Flushing usage stats to disk
07-05 22:23:52.369 I/MiSysSrv( 1214): [37m[INFO] Change to Voltage: 112 mv (0x2D)[m
07-05 22:23:52.389 I/TVMW@devctrl( 1234): wdt
07-05 22:23:52.393 D/NativeDecimalFormat( 2411): NativeDecimalFormat_close print addr=547943771904
07-05 22:23:52.393 D/NativeDecimalFormat( 2411): NativeDecimalFormat_close print g_addr=547943778816
07-05 22:23:52.393 D/NativeDecimalFormat( 2411): NativeDecimalFormat_close print addr=547943778816
07-05 22:23:52.393 D/NativeDecimalFormat( 2411): NativeDecimalFormat_close print g_addr=547943778816
07-05 22:23:52.469 I/MiSysSrv( 1214): [37m[INFO] Change to Voltage: 102 mv (0x23)[m
07-05 22:23:52.511 I/TVMW@HsTvSetting( 1234): Trace cmd, data = 0x1058
07-05 22:23:52.511 D/til@system( 2026): til_get_system_param option:100002F int:0, bool:0, ret:0
07-05 22:23:52.511 I/TVMW@HsTvSetting( 1234): Trace cmd, data = 0x101f
07-05 22:23:52.512 D/til@system( 2026): til_get_system_param option:100001D int:3, bool:3, ret:0
07-05 22:23:52.512 E/til     ( 2026): [til_get_current_input_source, 101] 
07-05 22:23:52.512 I/TVMW@HsTvSetting( 1234): Trace cmd, data = 0x7007
07-05 22:23:52.512 I/tilwrapper@sm( 2026): HS2TIL_SourceType *hs=0xd, *til=0x900
07-05 22:23:52.512 D/til     ( 2026): get current source 2304
07-05 22:23:52.512 D/SourceRemoteServiceHandler( 2026): getCurrentInputSource.from.til.result is 0, value is 2304
07-05 22:23:52.512 D/SourceRemoteServiceHandler( 2026): getInputSourceType source: 0x900, type=2304
07-05 22:23:52.512 D/til     ( 2026): ###### func:til_get_picture_param option:0x3000006 ######  
07-05 22:23:52.512 I/TVMW@HsTvSetting( 1234): Trace cmd, data = 0x1003
07-05 22:23:52.512 I/TVMW@HsTvSetting( 1234): Trace cmd, data = 0x8032
07-05 22:23:52.513 I/hstvos  ( 1216): [0m[1;33m[HSHAL][HS_VIDEO][HS_HAL_Video_SetOsdDetect_v2][2389]u16Threshold = 20
07-05 22:23:52.513 I/MiSysSrv( 1214): Not support now! 42, change to mm_video!!!
07-05 22:23:52.513 E/TVMW@videoctrl( 1234):  getOsd is 1
07-05 22:23:52.513 D/til@system( 2026): til_get_system_param option:1000027 int:1, bool:1, ret:0
07-05 22:23:52.513 D/til     ( 2026): ###### func:til_get_picture_param option:0x3000045 ######  
07-05 22:23:52.513 I/TVMW@HsTvSetting( 1234): Trace cmd, data = 0x300c
07-05 22:23:52.513 I/TVMW@HsTvSetting( 1234): Trace 3d, data = 0x300c
07-05 22:23:52.513 I/TVMW@3d ( 1234): Hs_debug3d_trace: func:get3dStatus, line:109
07-05 22:23:52.602 V/HomeMainActivity(28357): isFirstChooseChannel= true
07-05 22:23:52.603 D/HomeMainActivity(28357): getUserAboutBoughtVipAndLesson!!!!!
07-05 22:23:52.603 E/BaseApplication(28357): mSignonInfo.getSignonFlag() == 0mSignonInfo.getName() == null
07-05 22:23:52.627 I/art     (28357): Background partial concurrent mark sweep GC freed 1828(88KB) AllocSpace objects, 3(1637KB) LOS objects, 14% free, 22MB/26MB, paused 1.903ms total 268.736ms
07-05 22:23:52.654 I/HLSP2P  (16183): ## 2017-07-05 22:23:52.653 [16183,16481,:0] INFO ## [HLSP2P][DownloadManager.cpp:35][INFO][SendHeartBeatReq]send hearbeat to 123.126.121.155:30013 ok
07-05 22:23:52.674 I/HLSP2P  (16183): ## 2017-07-05 22:23:52.674 [16183,16483,:0] INFO ## [HLSP2P][DownloadManager.cpp:35][INFO][OnHeartBeatRsp]ps heartbeat rsp ok
07-05 22:23:52.758 I/HLSP2P  (16224): ## 2017-07-05 22:23:52.758 [16224,16378,:0] INFO ## [HLSP2P][TaskManager.cpp:838][INFO][UpdateGlobalInfo]totalDataSize: 0, totalMemorySize: 0, totalCacheSize: 0, PlayTaskAllFinish: 0
07-05 22:23:52.760 I/HLSP2P  (16224): ## 2017-07-05 22:23:52.759 [16224,16378,:0] INFO ## [HLSP2P][TaskManager.cpp:1348][INFO][TryAdjustMemorySize]system memory total size: 1912M, free size: 580MB, cache add to 100MB, AppState: 14, IsLowMemory: 0
07-05 22:23:52.822 V/PackageManager( 1733): getPackageInfo com.hisense.hitv.hicloud.account: Package{f28cbb com.hisense.hitv.hicloud.account}
07-05 22:23:52.823 I/FileInstallUntils(28357): checkAccountApp----packageName==com.hisense.hitv.hicloud.account-versionName==4.00.3.6.0-versionCode==1030
07-05 22:23:52.823 I/HttpDnsUtils(28357): getUserVipInfo URL: http://api.edu.hismarttv.com/payment/api/query/all/member/order
07-05 22:23:52.824 D/til@system( 2026): til_get_system_param option:1000007 int:-1936523008, bool:0, ret:0
07-05 22:23:52.825 D/til@system( 2026): til_get_system_param option:1000009 int:-1936525184, bool:128, ret:0
07-05 22:23:52.827 I/dex2oat (28442): dex2oat took 3.029s (threads: 4) arena alloc=87KB java alloc=10MB native alloc=6MB free=5MB
07-05 22:23:52.832 D/til@system( 2026): til_get_system_param option:1000008 int:-1815633792, bool:128, ret:0
07-05 22:23:52.832 D/HttpBuilder(28357): getOperationDetail-productName : LED50MU8600UC
07-05 22:23:52.832 D/HttpBuilder(28357): getOperationDetail-plmNumber : 88888
07-05 22:23:52.832 D/HttpBuilder(28357): getOperationDetail-swVersion : V0000.00.01A
07-05 22:23:52.832 D/HttpBuilder(28357): getOperationDetail-operationDetail : LED50MU8600UC0000888
07-05 22:23:52.847 W/PluginProviderBuilder(28357): createDexClassLoader() return dalvik.system.DexClassLoader[DexPathList[[zip file "/data/data/com.hisense.hicloud.edca/files/plugin/2.1.0.59986/pluginplayer/1.64.0.59984/pluginplayer-release-1.64.0.59984.apk"],nativeLibraryDirectories=[/vendor/lib, /system/lib]]]
07-05 22:23:52.850 W/ContextClassLoaderSwitcher(28357): ClassLoaderSwitcher doSwitch(com.hisense.hicloud.edca.BaseApplication@2adbac5c, dalvik.system.DexClassLoader[DexPathList[[zip file "/data/data/com.hisense.hicloud.edca/files/plugin/2.1.0.59986/pluginplayer/1.64.0.59984/pluginplayer-release-1.64.0.59984.apk"],nativeLibraryDirectories=[/vendor/lib, /system/lib]]])
07-05 22:23:52.850 W/ObjectMethodHolder(28357): >> invoke() mMethodName=getBaseContext, mCached=false, mCacheValue=true, mMethod=null
07-05 22:23:52.856 W/ObjectMethodHolder(28357): << invoke() mMethodName=getBaseContext, mCached=true, mCacheValue=true, mMethod=public android.content.Context android.content.ContextWrapper.getBaseContext() return android.app.ContextImpl{android.app.ContextImpl@232823fc}
07-05 22:23:52.857 W/ObjectMethodHolder(28357): >> invoke() mMethodName=getClassLoader, mCached=false, mCacheValue=true, mMethod=null
07-05 22:23:52.857 W/ObjectMethodHolder(28357): << invoke() mMethodName=getClassLoader, mCached=true, mCacheValue=true, mMethod=public java.lang.ClassLoader android.app.LoadedApk.getClassLoader() return dalvik.system.PathClassLoader{dalvik.system.PathClassLoader[DexPathList[[zip file "/data/app/com.hisense.hicloud.edca-2/base.apk"],nativeLibraryDirectories=[/data/app/com.hisense.hicloud.edca-2/lib/arm, /vendor/lib, /system/lib]]]}
07-05 22:23:52.857 W/PluginProviderBuilder(28357): createPluginContext() return /data/app/com.hisense.hicloud.edca-2/base.apk
07-05 22:23:52.862 I/HttpBuilder(28357): addUrlPublicParams mUrl ==>http://api.edu.hismarttv.com/payment/api/query/all/member/order?uuid=13287129&mac=a8:a6:48:18:fc:a8&devid=86100300900000500000060a4818fca8&version=00.002.003&subscriberId=13287129&customerId=7195320&model_id=0&APPPackage=com.hisense.hicloud.edca&PFAPPCode=652&APPVersionName=3.0.0.9.00&ChannelId=0&softwareVersion=LED50MU8600UC0000888&tv_distribute_id=00&devType=0&APIVersion=600&accessToken=72DF6038D2AEAB8A76DFBBBBCC428A4A_003041487569484
07-05 22:23:52.864 D/HttpHandler(28357): VerifySignInterCeptor-->request.url()=http://api.edu.hismarttv.com/payment/api/query/all/member/order?uuid=13287129&mac=a8:a6:48:18:fc:a8&devid=86100300900000500000060a4818fca8&version=00.002.003&subscriberId=13287129&customerId=7195320&model_id=0&APPPackage=com.hisense.hicloud.edca&PFAPPCode=652&APPVersionName=3.0.0.9.00&ChannelId=0&softwareVersion=LED50MU8600UC0000888&tv_distribute_id=00&devType=0&APIVersion=600&accessToken=72DF6038D2AEAB8A76DFBBBBCC428A4A_003041487569484
07-05 22:23:52.864 D/HttpHandler(28357): VerifySignInterCeptor-->hostname=api.edu.hismarttv.com
07-05 22:23:52.872 I/HttpDnsUtils(28357): --getPaidList--url==http://api.edu.hismarttv.com/payment/api/order/getValidOrders?start=0&rows=1000&accessToken=72DF6038D2AEAB8A76DFBBBBCC428A4A_003041487569484&customerId=7195320&devType=0&devid=86100300900000500000060a4818fca8&valid=1&sign=3ead6cce40897881b5c8a6f8eb999e93
07-05 22:23:52.873 D/til@system( 2026): til_get_system_param option:1000007 int:-1936522368, bool:128, ret:0
07-05 22:23:52.874 D/HttpHandler(28357): HttpDNS-->hostname=api.edu.hismarttv.com
07-05 22:23:52.874 D/til@system( 2026): til_get_system_param option:1000009 int:-1815632896, bool:0, ret:0
07-05 22:23:52.875 D/HttpHandler(28357): RAMCache-->hostInfo.getClientTimeStamp()=13471500
07-05 22:23:52.875 D/HttpHandler(28357): RAMCache-->hostInfo.getTtl()=3600
07-05 22:23:52.875 D/HttpHandler(28357): RAMCache-->SystemClock.elapsedRealtime()=13474446
07-05 22:23:52.875 D/til@system( 2026): til_get_system_param option:1000008 int:-1815634176, bool:0, ret:0
07-05 22:23:52.875 D/HttpBuilder(28357): getOperationDetail-productName : LED50MU8600UC
07-05 22:23:52.875 D/HttpBuilder(28357): getOperationDetail-plmNumber : 88888
07-05 22:23:52.875 D/HttpBuilder(28357): getOperationDetail-swVersion : V0000.00.01A
07-05 22:23:52.875 D/HttpBuilder(28357): getOperationDetail-operationDetail : LED50MU8600UC0000888
07-05 22:23:52.879 D/HttpHandler(28357): DNSHelper-->gslbDns=["123.103.91.123"]
07-05 22:23:52.881 D/Player/PluginProvider@3f64a85(28357): [TID 28388] PluginProvider() new
07-05 22:23:52.881 W/AbsPluginProvider(28357): initialize<<(hostContext=com.hisense.hicloud.edca.BaseApplication@2adbac5c, context=com.qiyi.sdk.plugin.server.core.ContextProxy@227070da, params={lib_dir=/data/data/com.hisense.hicloud.edca/files/plugin/2.1.0.59986/pluginplayer/1.64.0.59984/pluginplayer-release-1.64.0.59984-libs, file_path=/data/data/com.hisense.hicloud.edca/files/plugin/2.1.0.59986/pluginplayer/1.64.0.59984/pluginplayer-release-1.64.0.59984.apk}, info=AppInfo(hostVersion=2.1.0.59986mHostAllowDebug=false))
07-05 22:23:52.882 D/Player/PluginProvider@3f64a85(28357): [TID 28388] onInitialize() lib path=/data/data/com.hisense.hicloud.edca/files/plugin/2.1.0.59986/pluginplayer/1.64.0.59984/pluginplayer-release-1.64.0.59984-libs
07-05 22:23:52.882 I/LogUtils(28357): [TID 28388] log is open
07-05 22:23:52.885 D/Player/PluginProvider@3f64a85(28357): [TID 28388] setupSdkFeature()
07-05 22:23:52.904 D/OkHttp  (28357): --> GET http://api.edu.hismarttv.com/payment/api/query/all/member/order?uuid=13287129&mac=a8:a6:48:18:fc:a8&devid=86100300900000500000060a4818fca8&version=00.002.003&subscriberId=13287129&customerId=7195320&model_id=0&APPPackage=com.hisense.hicloud.edca&PFAPPCode=652&APPVersionName=3.0.0.9.00&ChannelId=0&softwareVersion=LED50MU8600UC0000888&tv_distribute_id=00&devType=0&APIVersion=600&accessToken=72DF6038D2AEAB8A76DFBBBBCC428A4A_003041487569484 http/1.1
07-05 22:23:52.904 D/OkHttp  (28357): Data_Type: JSON
07-05 22:23:52.904 D/OkHttp  (28357): RetryTime: 0
07-05 22:23:52.904 D/OkHttp  (28357): Backoffmutiplier: 0
07-05 22:23:52.904 D/OkHttp  (28357): Host: api.edu.hismarttv.com
07-05 22:23:52.904 D/OkHttp  (28357): Connection: Keep-Alive
07-05 22:23:52.904 D/OkHttp  (28357): Accept-Encoding: gzip
07-05 22:23:52.904 D/OkHttp  (28357): User-Agent: okhttp/3.6.0
07-05 22:23:52.904 D/OkHttp  (28357): --> END GET
07-05 22:23:52.905 I/HttpBuilder(28357): addUrlPublicParams mUrl ==>http://api.edu.hismarttv.com/payment/api/order/getValidOrders?start=0&rows=1000&accessToken=72DF6038D2AEAB8A76DFBBBBCC428A4A_003041487569484&customerId=7195320&devType=0&devid=86100300900000500000060a4818fca8&valid=1&sign=3ead6cce40897881b5c8a6f8eb999e93&uuid=13287129&mac=a8:a6:48:18:fc:a8&version=00.002.003&subscriberId=13287129&model_id=0&APPPackage=com.hisense.hicloud.edca&PFAPPCode=652&APPVersionName=3.0.0.9.00&ChannelId=0&softwareVersion=LED50MU8600UC0000888&tv_distribute_id=00&APIVersion=600
07-05 22:23:52.906 D/RECREATE(28357): onCreate ===>---isRecreate:false
07-05 22:23:52.907 D/HttpHandler(28357): VerifySignInterCeptor-->request.url()=http://api.edu.hismarttv.com/payment/api/order/getValidOrders?start=0&rows=1000&accessToken=72DF6038D2AEAB8A76DFBBBBCC428A4A_003041487569484&customerId=7195320&devType=0&devid=86100300900000500000060a4818fca8&valid=1&sign=3ead6cce40897881b5c8a6f8eb999e93&uuid=13287129&mac=a8:a6:48:18:fc:a8&version=00.002.003&subscriberId=13287129&model_id=0&APPPackage=com.hisense.hicloud.edca&PFAPPCode=652&APPVersionName=3.0.0.9.00&ChannelId=0&softwareVersion=LED50MU8600UC0000888&tv_distribute_id=00&APIVersion=600
07-05 22:23:52.907 D/HttpHandler(28357): VerifySignInterCeptor-->hostname=api.edu.hismarttv.com
07-05 22:23:52.908 D/HttpHandler(28357): HttpDNS-->hostname=api.edu.hismarttv.com
07-05 22:23:52.913 I/BaseContentFragment(28357): activity onStart
07-05 22:23:52.913 D/test    (28357): vidaaVersion=
07-05 22:23:52.913 W/Activity(28357): changePanelKeyPadStateIfNecessary() : false
07-05 22:23:52.913 V/InputManager(28357): setPanelKeyPadConvertState() : false
07-05 22:23:52.914 D/HttpHandler(28357): RAMCache-->hostInfo.getClientTimeStamp()=13471500
07-05 22:23:52.914 D/HttpHandler(28357): RAMCache-->hostInfo.getTtl()=3600
07-05 22:23:52.914 D/HttpHandler(28357): RAMCache-->SystemClock.elapsedRealtime()=13474485
07-05 22:23:52.917 D/HttpHandler(28357): DNSHelper-->gslbDns=["123.103.91.123"]
07-05 22:23:52.919 D/PlayerSdk/PlayerSdkProject(28357): [TID 28388] >> beginInitialize
07-05 22:23:52.919 D/PlayerSdk/SdkConfigManager(28357): [TID 28388] setupConfig: context=com.qiyi.sdk.plugin.server.core.ContextProxy@227070da
07-05 22:23:52.919 W/ContextProxy(28357): getAssets() mAssetManager=android.content.res.AssetManager@364ee800
07-05 22:23:52.920 D/PlayerSdk/SdkConfigManager(28357): [TID 28388] setupConfig: strEncrypted=VVVJRD0yMDE3MDQyNTExMzUzNzkxMmdlVEdXS0REMTE3MDIsQ1VTVE9NRVJfSUQ9NjAsUExBWUVSX0NPTkZJR19UWVBFPTQsUExBVEZPUk1fVFZBUEk9SEFJWElOLElTX1NVUFBPUlRfWUlOSEVfUElOR0JBQ0s9ZmFsc2UsSVNfRU5CQUxFX0gyNjU9ZmFsc2UsSVNfRU5BQkxFX0RPTEJZPWZhbHNlLElTX0VOQkFMRV80Sz0sSVNfRU5CQUxFX0RPTEJZX1ZJU0lPTj0sSVNfRU5CQUxFX0hEUjEwPSxJU19VU0VfVE1UU19MT0NBTF9TSUdOPWZhbHNlLElTX0dFVF9VVUlEX0ZST01fU0VSVkVSPXRydWUsQ0ROX0RJU1BBVENIX1BBUkFNPSxET01BSU5fTkFNRT1wdHF5LmdpdHYudHYsTkFUSVZFX1BMQVlFUl9CUkFORD1IaVNlbnNlLExPR0lOX1RZUEU9U1VCX0FDQ09VTlQsQ1VTVE9NRVJfUEFDS0FHRV9OQU1FPWNvbS5oaXNlbnNlLmhpY2xvdWQuZWRjYSxJU19ERUJVR19WRVJTSU9OPWZhbHNlLE5BVElWRV9QTEFZRVJfQ09ERUNUWVBFPSxQTEFZRVJfUExBVEZPUk09UF9IaXNlbnNlLEVOQUJMRV9TRVRfQklUU1RSRUFNPXRydWUsREVGQVVMVF9DRkdfQklUU1RSRUFNPSw=
07-05 22:23:52.922 I/System.out(28357): decode
07-05 22:23:52.922 W/ContextProxy(28357): getResources() mResources=android.content.res.Resources@21c93e7e
07-05 22:23:52.937 D/OkHttp  (28357): <-- 200 OK http://api.edu.hismarttv.com/payment/api/query/all/member/order?uuid=13287129&mac=a8:a6:48:18:fc:a8&devid=86100300900000500000060a4818fca8&version=00.002.003&subscriberId=13287129&customerId=7195320&model_id=0&APPPackage=com.hisense.hicloud.edca&PFAPPCode=652&APPVersionName=3.0.0.9.00&ChannelId=0&softwareVersion=LED50MU8600UC0000888&tv_distribute_id=00&devType=0&APIVersion=600&accessToken=72DF6038D2AEAB8A76DFBBBBCC428A4A_003041487569484 (33ms)
07-05 22:23:52.937 D/OkHttp  (28357): Server: nginx
07-05 22:23:52.937 D/OkHttp  (28357): Date: Wed, 05 Jul 2017 14:23:52 GMT
07-05 22:23:52.937 D/OkHttp  (28357): Content-Type: application/json
07-05 22:23:52.937 D/OkHttp  (28357): Content-Length: 262
07-05 22:23:52.937 D/OkHttp  (28357): Connection: close
07-05 22:23:52.937 D/OkHttp  (28357): <-- END HTTP
07-05 22:23:52.940 D/HttpHandler(28357): RetryIntercepter-->retryNum=0
07-05 22:23:52.940 D/HttpHandler(28357): RetryIntercepter-->backoffmutiplier=0
07-05 22:23:52.942 D/HttpHandler(28357): VerifySignInterCeptor-->dateType=1
07-05 22:23:52.942 D/HttpHandler(28357): VerifySignInterCeptor-->HttpRequestManager.httpClietOption.getVerifyFlag()=1
07-05 22:23:52.943 D/HttpHandler(28357): VerifySignInterCeptor-->content={"message": "\u65e0\u4efb\u4f55\u4f1a\u5458\u8ba2\u5355", "success": false}
07-05 22:23:52.945 W/ContextProxy(28357): getResources() mResources=android.content.res.Resources@21c93e7e
07-05 22:23:52.945 I/FileInstallUntils(28357): filePath = /data/data/com.hisense.hicloud.edca/files/AccountManager4_4.00.3.3.0.apk
07-05 22:23:52.948 I/System.out(28357): ok
07-05 22:23:52.948 D/OkHttp  (28357): --> GET http://api.edu.hismarttv.com/payment/api/order/getValidOrders?start=0&rows=1000&accessToken=72DF6038D2AEAB8A76DFBBBBCC428A4A_003041487569484&customerId=7195320&devType=0&devid=86100300900000500000060a4818fca8&valid=1&sign=3ead6cce40897881b5c8a6f8eb999e93&uuid=13287129&mac=a8:a6:48:18:fc:a8&version=00.002.003&subscriberId=13287129&model_id=0&APPPackage=com.hisense.hicloud.edca&PFAPPCode=652&APPVersionName=3.0.0.9.00&ChannelId=0&softwareVersion=LED50MU8600UC0000888&tv_distribute_id=00&APIVersion=600 http/1.1
07-05 22:23:52.948 D/OkHttp  (28357): Data_Type: JSON
07-05 22:23:52.948 D/OkHttp  (28357): RetryTime: 0
07-05 22:23:52.948 D/OkHttp  (28357): Backoffmutiplier: 0
07-05 22:23:52.948 D/OkHttp  (28357): Host: api.edu.hismarttv.com
07-05 22:23:52.948 D/OkHttp  (28357): Connection: Keep-Alive
07-05 22:23:52.948 D/OkHttp  (28357): Accept-Encoding: gzip
07-05 22:23:52.948 D/OkHttp  (28357): User-Agent: okhttp/3.6.0
07-05 22:23:52.948 D/OkHttp  (28357): --> END GET
07-05 22:23:52.949 I/System.out(28357): UUID=20170425113537912geTGWKDD11702,CUSTOMER_ID=60,PLAYER_CONFIG_TYPE=4,PLATFORM_TVAPI=HAIXIN,IS_SUPPORT_YINHE_PINGBACK=false,IS_ENBALE_H265=false,IS_ENABLE_DOLBY=false,IS_ENBALE_4K=,IS_ENBALE_DOLBY_VISION=,IS_ENBALE_HDR10=,IS_USE_TMTS_LOCAL_SIGN=false,IS_GET_UUID_FROM_SERVER=true,CDN_DISPATCH_PARAM=,DOMAIN_NAME=ptqy.gitv.tv,NATIVE_PLAYER_BRAND=HiSense,LOGIN_TYPE=SUB_ACCOUNT,CUSTOMER_PACKAGE_NAME=com.hisense.hicloud.edca,IS_DEBUG_VERSION=false,NATIVE_PLAYER_CODECTYPE=,PLAYER_PLATFORM=P_Hisense,ENABLE_SET_BITSTREAM=true,DEFAULT_CFG_BITSTREAM=,
07-05 22:23:52.949 I/System.out(28357): hook :UUID=20170425113537912geTGWKDD11702,CUSTOMER_ID=60,PLAYER_CONFIG_TYPE=4,PLATFORM_TVAPI=HAIXIN,IS_SUPPORT_YINHE_PINGBACK=false,IS_ENBALE_H265=false,IS_ENABLE_DOLBY=false,IS_ENBALE_4K=,IS_ENBALE_DOLBY_VISION=,IS_ENBALE_HDR10=,IS_USE_TMTS_LOCAL_SIGN=false,IS_GET_UUID_FROM_SERVER=true,CDN_DISPATCH_PARAM=,DOMAIN_NAME=ptqy.gitv.tv,NATIVE_PLAYER_BRAND=HiSense,LOGIN_TYPE=SUB_ACCOUNT,CUSTOMER_PACKAGE_NAME=com.hisense.hicloud.edca,IS_DEBUG_VERSION=false,NATIVE_PLAYER_CODECTYPE=,PLAYER_PLATFORM=P_Hisense,ENABLE_SET_BITSTREAM=true,DEFAULT_CFG_BITSTREAM=,
07-05 22:23:52.951 V/PackageManager( 1733): getPackageInfo com.hisense.hitv.hicloud.account: Package{f28cbb com.hisense.hitv.hicloud.account}
07-05 22:23:52.951 I/FileInstallUntils(28357): --compareVersionName--upgradeVersion==4.00.3.3.0--localVersion==4.00.3.6.0
07-05 22:23:52.951 D/PlayerSdk/SdkConfig(28357): [TID 28388] initialize({PLAYER_PLATFORM=P_Hisense, NATIVE_PLAYER_BRAND=HiSense, CUSTOMER_ID=60, ENABLE_SET_BITSTREAM=true, IS_ENBALE_H265=false, UUID=20170425113537912geTGWKDD11702, IS_GET_UUID_FROM_SERVER=true, IS_DEBUG_VERSION=false, IS_ENABLE_DOLBY=false, CUSTOMER_PACKAGE_NAME=com.hisense.hicloud.edca, IS_USE_TMTS_LOCAL_SIGN=false, PLATFORM_TVAPI=HAIXIN, DOMAIN_NAME=ptqy.gitv.tv, LOGIN_TYPE=SUB_ACCOUNT, IS_SUPPORT_YINHE_PINGBACK=false, PLAYER_CONFIG_TYPE=4})
07-05 22:23:52.952 I/FileInstallUntils(28357): checkAppVersion-- exitnot update----packageName==com.hisense.hitv.hicloud.account
07-05 22:23:52.952 I/BaseApplication(28357): checkAccount start
07-05 22:23:52.953 I/HttpDnsUtils(28357): checkAccount--url==http://api.edu.hismarttv.com/usercenter/api/checkAccount
07-05 22:23:52.954 D/til@system( 2026): til_get_system_param option:1000007 int:-1936522112, bool:128, ret:0
07-05 22:23:52.955 D/til@system( 2026): til_get_system_param option:1000009 int:-1936523008, bool:0, ret:0
07-05 22:23:52.956 D/til@system( 2026): til_get_system_param option:1000008 int:-1936525184, bool:128, ret:0
07-05 22:23:52.956 D/HttpBuilder(28357): getOperationDetail-productName : LED50MU8600UC
07-05 22:23:52.956 D/HttpBuilder(28357): getOperationDetail-plmNumber : 88888
07-05 22:23:52.956 D/HttpBuilder(28357): getOperationDetail-swVersion : V0000.00.01A
07-05 22:23:52.956 D/HttpBuilder(28357): getOperationDetail-operationDetail : LED50MU8600UC0000888
07-05 22:23:52.957 D/PlayerSdk/SdkConfig(28357): [TID 28388] initialize(), name=com.hisense.hicloud.edca
07-05 22:23:52.957 D/PlayerSdk/SdkConfig(28357): [TID 28388] initialize(),mCustomerPackageNames=[com.hisense.hicloud.edca]
07-05 22:23:52.957 D/SdkConfigUtils(28357): [TID 28388] parsePlatformType(HAIXIN)
07-05 22:23:52.957 D/SdkConfigUtils(28357): [TID 28388] parseLoginType(SUB_ACCOUNT)
07-05 22:23:52.958 D/SdkConfigUtils(28357): [TID 28388] parsePlayerPlatform(P_Hisense)
07-05 22:23:52.959 D/PlayerSdk/SdkConfigManager(28357): [TID 28388] setupConfig: mCurrentConfig=SdkConfig@20f47571{mCustomerCode=60, mPlayerConfigType=4, mPlatformType=HAIXIN, mLoginType=SUB_ACCOUNT, mIsEnableDolby=false, mIsEnableH265=false, mIsEnable4K=true, mIsSupportYinhePingback=false, mShouldDoPlayCheck=true, mshouldGetUuidFromServer=true, mPingbackS1=2, mPingbackS2=simple_sdk, mPingbackP2=3128, mDomainName=ptqy.gitv.tv, mIsDebugVersion=false, mIsDebugVersion=false, mCustomerPackageNames=[com.hisense.hicloud.edca], mEnableSetBitstream=true}
07-05 22:23:52.989 I/HttpBuilder(28357): addUrlPublicParams mUrl ==>http://api.edu.hismarttv.com/usercenter/api/checkAccount?uuid=13287129&mac=a8:a6:48:18:fc:a8&devid=86100300900000500000060a4818fca8&version=00.002.003&subscriberId=13287129&customerId=7195320&model_id=0&APPPackage=com.hisense.hicloud.edca&PFAPPCode=652&APPVersionName=3.0.0.9.00&ChannelId=0&softwareVersion=LED50MU8600UC0000888&tv_distribute_id=00&devType=0&APIVersion=600&accessToken=72DF6038D2AEAB8A76DFBBBBCC428A4A_003041487569484
07-05 22:23:52.990 I/BaseContentFragment(28357): activity onResume
