07-05 23:36:18.099 I/HttpDnsUtils( 3698): detailsPage(): url = http://api.edu.hismarttv.com/medias/api/media/3535?codeType=1002&vender=0&resolutionpolicy=2
07-05 23:36:18.100 D/til@system( 2026): til_get_system_param option:1000007 int:-1936522112, bool:128, ret:0
07-05 23:36:18.101 D/til@system( 2026): til_get_system_param option:1000009 int:-1936523008, bool:0, ret:0
07-05 23:36:18.101 D/til@system( 2026): til_get_system_param option:1000008 int:-1936522368, bool:128, ret:0
07-05 23:36:18.101 D/HttpBuilder( 3698): getOperationDetail-productName : LED50MU8600UC
07-05 23:36:18.102 D/HttpBuilder( 3698): getOperationDetail-plmNumber : 88888
07-05 23:36:18.102 D/HttpBuilder( 3698): getOperationDetail-swVersion : V0000.00.01A
07-05 23:36:18.102 D/HttpBuilder( 3698): getOperationDetail-operationDetail : LED50MU8600UC0000888
07-05 23:36:18.131 I/HttpBuilder( 3698): addUrlPublicParams mUrl ==>http://api.edu.hismarttv.com/medias/api/media/3535?codeType=1002&vender=0&resolutionpolicy=2&uuid=13287129&mac=a8:a6:48:18:fc:a8&devid=86100300900000500000060a4818fca8&version=00.002.003&subscriberId=13287129&customerId=7195320&model_id=0&APPPackage=com.hisense.hicloud.edca&PFAPPCode=652&APPVersionName=3.0.0.9.00&ChannelId=0&softwareVersion=LED50MU8600UC0000888&tv_distribute_id=00&devType=0&APIVersion=600&accessToken=72DF6038D2AEAB8A76DFBBBBCC428A4A_004014565989336
07-05 23:36:18.131 I/HttpBuilder( 3698): addUrlLogParams url ==>http://api.edu.hismarttv.com/medias/api/media/3535?codeType=1002&vender=0&resolutionpolicy=2&uuid=13287129&mac=a8:a6:48:18:fc:a8&devid=86100300900000500000060a4818fca8&version=00.002.003&subscriberId=13287129&customerId=7195320&model_id=0&APPPackage=com.hisense.hicloud.edca&PFAPPCode=652&APPVersionName=3.0.0.9.00&ChannelId=0&softwareVersion=LED50MU8600UC0000888&tv_distribute_id=00&devType=0&APIVersion=600&accessToken=72DF6038D2AEAB8A76DFBBBBCC428A4A_004014565989336&eventType=207&srccolumnid=0&srcgroupid=10003&original=1&APIversion=501&logversion=2.0&eventcode=207000&eventPos=000&srcrowid=1&srceventcode=232000&srctabid=0&mediaid=3535&sessionid=d4456579d02d4c3782a9bd5cd64cfcbd&requesttime=1499268978088&requestid=d7e9dba3704a48f090331ce23ba66c73&issysrepo=1
07-05 23:36:18.133 D/HttpHandler( 3698): VerifySignInterCeptor-->request.url()=http://api.edu.hismarttv.com/medias/api/media/3535?codeType=1002&vender=0&resolutionpolicy=2&uuid=13287129&mac=a8:a6:48:18:fc:a8&devid=86100300900000500000060a4818fca8&version=00.002.003&subscriberId=13287129&customerId=7195320&model_id=0&APPPackage=com.hisense.hicloud.edca&PFAPPCode=652&APPVersionName=3.0.0.9.00&ChannelId=0&softwareVersion=LED50MU8600UC0000888&tv_distribute_id=00&devType=0&APIVersion=600&accessToken=72DF6038D2AEAB8A76DFBBBBCC428A4A_004014565989336&eventType=207&srccolumnid=0&srcgroupid=10003&original=1&APIversion=501&logversion=2.0&eventcode=207000&eventPos=000&srcrowid=1&srceventcode=232000&srctabid=0&mediaid=3535&sessionid=d4456579d02d4c3782a9bd5cd64cfcbd&requesttime=1499268978088&requestid=d7e9dba3704a48f090331ce23ba66c73&issysrepo=1start=&resolutionpolicy=2&rows=&vender=0&search_key=&typeCode=1002&type=&
07-05 23:36:18.133 D/HttpHandler( 3698): VerifySignInterCeptor-->hostname=api.edu.hismarttv.com
07-05 23:36:18.134 D/HttpHandler( 3698): HttpDNS-->hostname=api.edu.hismarttv.com
07-05 23:36:18.135 D/DtvSourcePlugin-DVBC(15961): Setting the EPG Updater state to: WAIT
07-05 23:36:18.136 D/HttpHandler( 3698): RAMCache-->hostInfo.getClientTimeStamp()=17803350
07-05 23:36:18.136 D/HttpHandler( 3698): RAMCache-->hostInfo.getTtl()=3600
07-05 23:36:18.136 D/HttpHandler( 3698): RAMCache-->SystemClock.elapsedRealtime()=17819708
07-05 23:36:18.142 D/HttpHandler( 3698): DNSHelper-->gslbDns=["123.103.91.123"]
07-05 23:36:18.165 D/OkHttp  ( 3698): --> GET http://api.edu.hismarttv.com/medias/api/media/3535?codeType=1002&vender=0&resolutionpolicy=2&uuid=13287129&mac=a8:a6:48:18:fc:a8&devid=86100300900000500000060a4818fca8&version=00.002.003&subscriberId=13287129&customerId=7195320&model_id=0&APPPackage=com.hisense.hicloud.edca&PFAPPCode=652&APPVersionName=3.0.0.9.00&ChannelId=0&softwareVersion=LED50MU8600UC0000888&tv_distribute_id=00&devType=0&APIVersion=600&accessToken=72DF6038D2AEAB8A76DFBBBBCC428A4A_004014565989336&eventType=207&srccolumnid=0&srcgroupid=10003&original=1&APIversion=501&logversion=2.0&eventcode=207000&eventPos=000&srcrowid=1&srceventcode=232000&srctabid=0&mediaid=3535&sessionid=d4456579d02d4c3782a9bd5cd64cfcbd&requesttime=1499268978088&requestid=d7e9dba3704a48f090331ce23ba66c73&issysrepo=1start=&resolutionpolicy=2&rows=&vender=0&search_key=&typeCode=1002&type=& http/1.1
07-05 23:36:18.165 D/OkHttp  ( 3698): Data_Type: JSON
07-05 23:36:18.165 D/OkHttp  ( 3698): RetryTime: 0
07-05 23:36:18.165 D/OkHttp  ( 3698): Backoffmutiplier: 0
07-05 23:36:18.165 D/OkHttp  ( 3698): Host: api.edu.hismarttv.com
07-05 23:36:18.165 D/OkHttp  ( 3698): Connection: Keep-Alive
07-05 23:36:18.165 D/OkHttp  ( 3698): Accept-Encoding: gzip
07-05 23:36:18.165 D/OkHttp  ( 3698): User-Agent: okhttp/3.6.0
07-05 23:36:18.165 D/OkHttp  ( 3698): --> END GET
07-05 23:36:18.168 I/TVMW@HsTvSetting( 1234): Trace cmd, data = 0x1058
07-05 23:36:18.168 D/til@system( 2026): til_get_system_param option:100002F int:0, bool:0, ret:0
07-05 23:36:18.168 I/TVMW@HsTvSetting( 1234): Trace cmd, data = 0x101f
07-05 23:36:18.168 D/til@system( 2026): til_get_system_param option:100001D int:3, bool:3, ret:0
07-05 23:36:18.168 E/til     ( 2026): [til_get_current_input_source, 101] 
07-05 23:36:18.169 I/TVMW@HsTvSetting( 1234): Trace cmd, data = 0x7007
07-05 23:36:18.169 I/tilwrapper@sm( 2026): HS2TIL_SourceType *hs=0xd, *til=0x900
07-05 23:36:18.169 D/til     ( 2026): get current source 2304
07-05 23:36:18.169 D/SourceRemoteServiceHandler( 2026): getCurrentInputSource.from.til.result is 0, value is 2304
07-05 23:36:18.169 D/SourceRemoteServiceHandler( 2026): getInputSourceType source: 0x900, type=2304
07-05 23:36:18.169 D/til     ( 2026): ###### func:til_get_picture_param option:0x3000006 ######  
07-05 23:36:18.169 I/TVMW@HsTvSetting( 1234): Trace cmd, data = 0x1003
07-05 23:36:18.169 I/TVMW@HsTvSetting( 1234): Trace cmd, data = 0x8032
07-05 23:36:18.170 I/hstvos  ( 1216): [0m[1;33m[HSHAL][HS_VIDEO][HS_HAL_Video_SetOsdDetect_v2][2389]u16Threshold = 20
07-05 23:36:18.170 I/MiSysSrv( 1214): Not support now! 42, change to mm_video!!!
07-05 23:36:18.170 E/TVMW@videoctrl( 1234):  getOsd is 1
07-05 23:36:18.170 D/til@system( 2026): til_get_system_param option:1000027 int:1, bool:1, ret:0
07-05 23:36:18.171 D/til     ( 2026): ###### func:til_get_picture_param option:0x3000045 ######  
07-05 23:36:18.171 I/TVMW@HsTvSetting( 1234): Trace cmd, data = 0x300c
07-05 23:36:18.171 I/TVMW@HsTvSetting( 1234): Trace 3d, data = 0x300c
07-05 23:36:18.171 I/TVMW@3d ( 1234): Hs_debug3d_trace: func:get3dStatus, line:109
07-05 23:36:18.207 D/OkHttp  ( 3698): <-- 200 OK http://api.edu.hismarttv.com/medias/api/media/3535?codeType=1002&vender=0&resolutionpolicy=2&uuid=13287129&mac=a8:a6:48:18:fc:a8&devid=86100300900000500000060a4818fca8&version=00.002.003&subscriberId=13287129&customerId=7195320&model_id=0&APPPackage=com.hisense.hicloud.edca&PFAPPCode=652&APPVersionName=3.0.0.9.00&ChannelId=0&softwareVersion=LED50MU8600UC0000888&tv_distribute_id=00&devType=0&APIVersion=600&accessToken=72DF6038D2AEAB8A76DFBBBBCC428A4A_004014565989336&eventType=207&srccolumnid=0&srcgroupid=10003&original=1&APIversion=501&logversion=2.0&eventcode=207000&eventPos=000&srcrowid=1&srceventcode=232000&srctabid=0&mediaid=3535&sessionid=d4456579d02d4c3782a9bd5cd64cfcbd&requesttime=1499268978088&requestid=d7e9dba3704a48f090331ce23ba66c73&issysrepo=1start=&resolutionpolicy=2&rows=&vender=0&search_key=&typeCode=1002&type=& (41ms)
07-05 23:36:18.207 D/OkHttp  ( 3698): Server: nginx
07-05 23:36:18.207 D/OkHttp  ( 3698): Date: Wed, 05 Jul 2017 15:36:18 GMT
07-05 23:36:18.207 D/OkHttp  ( 3698): Content-Type: application/json
07-05 23:36:18.207 D/OkHttp  ( 3698): Content-Length: 57924
07-05 23:36:18.207 D/OkHttp  ( 3698): Connection: close
07-05 23:36:18.207 D/OkHttp  ( 3698): <-- END HTTP
07-05 23:36:18.209 D/HttpHandler( 3698): RetryIntercepter-->retryNum=0
07-05 23:36:18.209 D/HttpHandler( 3698): RetryIntercepter-->backoffmutiplier=0
07-05 23:36:18.218 D/DetailPlayActivity.java( 3698): VodLog-[initRemindDialog:352]http://picture.edu.hismarttv.com/images/20151119035938180406.png
07-05 23:36:18.244 W/Activity( 3698): changePanelKeyPadStateIfNecessary() : false
07-05 23:36:18.245 D/HttpHandler( 3698): VerifySignInterCeptor-->request.url()=http://picture.edu.hismarttv.com/images/20151119035917189009.png
07-05 23:36:18.245 D/HttpHandler( 3698): VerifySignInterCeptor-->hostname=picture.edu.hismarttv.com
07-05 23:36:18.245 V/InputManager( 3698): setPanelKeyPadConvertState() : false
07-05 23:36:18.245 D/OkHttp  ( 3698): --> GET http://picture.edu.hismarttv.com/images/20151119035917189009.png http/1.1
07-05 23:36:18.245 D/OkHttp  ( 3698): Host: picture.edu.hismarttv.com
07-05 23:36:18.245 D/OkHttp  ( 3698): Connection: Keep-Alive
07-05 23:36:18.245 D/OkHttp  ( 3698): Accept-Encoding: gzip
07-05 23:36:18.245 D/OkHttp  ( 3698): User-Agent: okhttp/3.6.0
07-05 23:36:18.245 D/OkHttp  ( 3698): --> END GET
07-05 23:36:18.246 I/BaseActivity( 3698): onResume
07-05 23:36:18.246 D/DetailPlayActivity( 3698): ---------------------------onresume
07-05 23:36:18.247 D/HttpHandler( 3698): VerifySignInterCeptor-->request.url()=http://picture.edu.hismarttv.com/images/20151119035938180406.png
07-05 23:36:18.247 D/HttpHandler( 3698): VerifySignInterCeptor-->hostname=picture.edu.hismarttv.com
07-05 23:36:18.248 D/HttpHandler( 3698): VerifySignInterCeptor-->request.url()=http://picture.edu.hismarttv.com/images/20151119035723420106.png
07-05 23:36:18.248 D/HttpHandler( 3698): VerifySignInterCeptor-->hostname=picture.edu.hismarttv.com
07-05 23:36:18.251 D/OkHttp  ( 3698): --> GET http://picture.edu.hismarttv.com/images/20151119035723420106.png http/1.1
07-05 23:36:18.251 D/OkHttp  ( 3698): Host: picture.edu.hismarttv.com
07-05 23:36:18.251 D/OkHttp  ( 3698): Connection: Keep-Alive
07-05 23:36:18.251 D/OkHttp  ( 3698): Accept-Encoding: gzip
07-05 23:36:18.251 D/OkHttp  ( 3698): User-Agent: okhttp/3.6.0
07-05 23:36:18.251 D/OkHttp  ( 3698): --> END GET
07-05 23:36:18.254 V/WindowManager( 1733): Adding window Window{2003017c u0 com.hisense.hicloud.edca/com.hisense.hicloud.edca.mediaplayer.activity.DetailPlayActivity} at 12 of 20 (after Window{9501e8f u0 com.hisense.hicloud.edca/com.hisense.tvui.newhome.HomeMainActivity})
07-05 23:36:18.264 D/OkHttp  ( 3698): --> GET http://picture.edu.hismarttv.com/images/20151119035938180406.png http/1.1
07-05 23:36:18.264 D/OkHttp  ( 3698): Host: picture.edu.hismarttv.com
07-05 23:36:18.264 D/OkHttp  ( 3698): Connection: Keep-Alive
07-05 23:36:18.264 I/MyFragmentStateAdapter( 3698): getCount
07-05 23:36:18.264 D/OkHttp  ( 3698): Accept-Encoding: gzip
07-05 23:36:18.264 I/MyFragmentStateAdapter( 3698): getCount
07-05 23:36:18.264 D/OkHttp  ( 3698): User-Agent: okhttp/3.6.0
07-05 23:36:18.264 D/OkHttp  ( 3698): --> END GET
07-05 23:36:18.264 I/MyFragmentStateAdapter( 3698): getCount
07-05 23:36:18.264 I/MyFragmentStateAdapter( 3698): getCount
07-05 23:36:18.265 I/FirstLineAdapter( 3698): canShowTrailer,isOffline=false
07-05 23:36:18.265 I/FirstLineAdapter( 3698): canShowTrailer,isOffline=false
07-05 23:36:18.265 I/FirstLineAdapter( 3698): canShowTrailer,isOffline=false
07-05 23:36:18.265 I/FirstLineAdapter( 3698): canShowTrailer,isOffline=false
07-05 23:36:18.265 I/FirstLineAdapter( 3698): canShowTrailer,isOffline=false
07-05 23:36:18.265 I/FirstLineAdapter( 3698): canShowTrailer,isOffline=false
07-05 23:36:18.265 I/FirstLineAdapter( 3698): canShowTrailer,isOffline=false
07-05 23:36:18.265 I/FirstLineAdapter( 3698): canShowTrailer,isOffline=false
07-05 23:36:18.265 I/FirstLineAdapter( 3698): canShowTrailer,isOffline=false
07-05 23:36:18.269 D/OkHttp  ( 3698): <-- 200 OK http://picture.edu.hismarttv.com/images/20151119035917189009.png (23ms)
07-05 23:36:18.269 D/OkHttp  ( 3698): Date: Fri, 30 Jun 2017 22:57:23 GMT
07-05 23:36:18.269 D/OkHttp  ( 3698): Server: nginx
07-05 23:36:18.269 D/OkHttp  ( 3698): Content-Type: image/png
07-05 23:36:18.269 D/OkHttp  ( 3698): Content-Length: 369052
07-05 23:36:18.269 D/OkHttp  ( 3698): Last-Modified: Thu, 19 Nov 2015 03:59:17 GMT
07-05 23:36:18.269 D/OkHttp  ( 3698): ETag: "564d4915-5a19c"
07-05 23:36:18.269 D/OkHttp  ( 3698): Accept-Ranges: bytes
07-05 23:36:18.269 D/OkHttp  ( 3698): Age: 405535
07-05 23:36:18.269 D/OkHttp  ( 3698): Via: 1.1 xinzhouwangtong42:7 (Cdn Cache Server V2.0), 1.1 t93:8 (Cdn Cache Server V2.0)[0 200 0]
07-05 23:36:18.269 D/OkHttp  ( 3698): Connection: keep-alive
07-05 23:36:18.269 D/OkHttp  ( 3698): <-- END HTTP
07-05 23:36:18.270 I/MiSysSrv( 1214): [37m[INFO] Change to Voltage: 117 mv (0x32)[m
07-05 23:36:18.270 I/MyFragmentStateAdapter( 3698): getCount
07-05 23:36:18.277 D/OkHttp  ( 3698): <-- 200 OK http://picture.edu.hismarttv.com/images/20151119035723420106.png (25ms)
07-05 23:36:18.279 D/OkHttp  ( 3698): Date: Sun, 02 Jul 2017 10:15:34 GMT
07-05 23:36:18.279 D/OkHttp  ( 3698): Server: nginx/1.6.2
07-05 23:36:18.279 D/OkHttp  ( 3698): Content-Type: image/png
07-05 23:36:18.279 D/OkHttp  ( 3698): Content-Length: 11698
07-05 23:36:18.279 D/OkHttp  ( 3698): Last-Modified: Thu, 19 Nov 2015 03:57:23 GMT
07-05 23:36:18.279 D/OkHttp  ( 3698): ETag: "564d48a3-2db2"
07-05 23:36:18.279 D/OkHttp  ( 3698): Accept-Ranges: bytes
07-05 23:36:18.279 D/OkHttp  ( 3698): Age: 278444
07-05 23:36:18.279 D/OkHttp  ( 3698): Via: 1.0 jnwt242:88 (Cdn Cache Server V2.0), 1.0 hwangt167:6 (Cdn Cache Server V2.0)[0 200 0], 1.0 hangwangtong56:5 (Cdn Cache Server V2.0)[0 200 0]
07-05 23:36:18.279 D/OkHttp  ( 3698): Connection: keep-alive
07-05 23:36:18.279 D/OkHttp  ( 3698): <-- END HTTP
07-05 23:36:18.282 D/HttpHandler( 3698): RetryIntercepter-->retryNum=0
07-05 23:36:18.282 D/HttpHandler( 3698): RetryIntercepter-->backoffmutiplier=0
07-05 23:36:18.283 D/HttpHandler( 3698): RetryIntercepter-->retryNum=0
07-05 23:36:18.283 D/HttpHandler( 3698): RetryIntercepter-->backoffmutiplier=0
07-05 23:36:18.285 V/MediaPlayer-JNI( 3698): native_finalize
07-05 23:36:18.286 V/MediaPlayer-JNI( 3698): release
07-05 23:36:18.287 I/art     ( 3698): Background partial concurrent mark sweep GC freed 11427(758KB) AllocSpace objects, 2(1590KB) LOS objects, 11% free, 29MB/33MB, paused 2.972ms total 103.813ms
07-05 23:36:18.289 I/SurfaceFlinger( 1204): the layer SurfaceView is used to close xc and zorder is smallerest! clear region
07-05 23:36:18.294 D/OkHttp  ( 3698): <-- 200 OK http://picture.edu.hismarttv.com/images/20151119035938180406.png (29ms)
07-05 23:36:18.294 D/OkHttp  ( 3698): Date: Tue, 04 Jul 2017 03:35:45 GMT
07-05 23:36:18.294 D/OkHttp  ( 3698): Server: nginx/1.6.2
07-05 23:36:18.294 D/OkHttp  ( 3698): Content-Type: image/png
07-05 23:36:18.294 D/OkHttp  ( 3698): Content-Length: 386276
07-05 23:36:18.294 D/OkHttp  ( 3698): Last-Modified: Thu, 19 Nov 2015 03:59:38 GMT
07-05 23:36:18.294 D/OkHttp  ( 3698): ETag: "564d492a-5e4e4"
07-05 23:36:18.294 D/OkHttp  ( 3698): Accept-Ranges: bytes
07-05 23:36:18.294 D/OkHttp  ( 3698): Age: 129633
07-05 23:36:18.294 D/OkHttp  ( 3698): Via: 1.0 hewangtong173:8106 (Cdn Cache Server V2.0), 1.0 zhiwangtong174:5 (Cdn Cache Server V2.0), 1.0 echwt51:2 (Cdn Cache Server V2.0)[0 200 0]
07-05 23:36:18.294 D/OkHttp  ( 3698): Connection: keep-alive
07-05 23:36:18.294 D/OkHttp  ( 3698): <-- END HTTP
07-05 23:36:18.298 D/HttpHandler( 3698): RetryIntercepter-->retryNum=0
07-05 23:36:18.298 D/HttpHandler( 3698): RetryIntercepter-->backoffmutiplier=0
07-05 23:36:18.299 D/HttpHandler( 3698): VerifySignInterCeptor-->dateType=1
07-05 23:36:18.300 D/HttpHandler( 3698): VerifySignInterCeptor-->HttpRequestManager.httpClietOption.getVerifyFlag()=1
07-05 23:36:18.303 D/Surface ( 1733): onStatusChange() : mNativeObject = 547819133440 mUseImageHwRender = false
07-05 23:36:18.303 V/Surface ( 1733): nativeSetHardwareRender() : status = 0
07-05 23:36:18.303 V/Surface ( 1733): nativeSetHardwareRender() : end
07-05 23:36:18.303 D/OsdMonitorService( 1733): mCurrentWindow = com.hisense.hicloud.edca/com.hisense.tvui.newhome.HomeMainActivity; newWindow = com.hisense.hicloud.edca/com.hisense.hicloud.edca.mediaplayer.activity.DetailPlayActivity; isSubWindow = false; isInWinList = false; isExitNow = false
07-05 23:36:18.303 D/OsdMonitorService( 1733): windowNotOsd() : name = com.hisense.hicloud.edca/com.hisense.hicloud.edca.mediaplayer.activity.DetailPlayActivity
07-05 23:36:18.303 I/OsdMonitorService( 1733): setOsdStatus() : status will change from true to true
07-05 23:36:18.306 D/PowerManagerService( 1733): setScreenBrightnessOverrideFromWindowManagerInternal done
07-05 23:36:18.308 D/PowerManagerService( 1733): setScreenBrightnessOverrideFromWindowManagerInternal done
07-05 23:36:18.311 D/Surface ( 1733): onStatusChange() : mNativeObject = 0 mUseImageHwRender = false
07-05 23:36:18.312 D/Surface ( 3698): onStatusChange() : mNativeObject = -529151744 mUseImageHwRender = false
07-05 23:36:18.312 V/Surface ( 3698): nativeSetHardwareRender() : status = 0
07-05 23:36:18.312 V/Surface ( 3698): nativeSetHardwareRender() : end
07-05 23:36:18.315 D/gralloc ( 1204): allocate buffer from ION HEAP 0x1
07-05 23:36:18.315 D/gralloc ( 1204): allocate memory from system heap
07-05 23:36:18.320 D/gralloc ( 1204): allocate buffer from ION HEAP 0x1
07-05 23:36:18.320 D/gralloc ( 1204): allocate memory from system heap
07-05 23:36:18.323 I/SurfaceFlinger( 1204): the layer SurfaceView is used to close xc and zorder is smallerest! clear region
07-05 23:36:18.323 D/gralloc ( 1204): allocate buffer from ION HEAP 0x1
07-05 23:36:18.324 D/gralloc ( 1204): allocate memory from system heap
07-05 23:36:18.334 D/Carousel-CarouselVideoViewImpl( 3698): stopPlay.
07-05 23:36:18.334 D/Carousel-log_video-( 3698): onStopPlay!
07-05 23:36:18.334 D/Carousel-log_video-( 3698): submitPlayStopLog mLogPlayState:5
07-05 23:36:18.334 D/Carousel-log_video-( 3698): No need to repeat play stop log.
07-05 23:36:18.342 V/InputMethodService( 2203): startInput(): editor=android.view.inputmethod.EditorInfo@1907d7b0
07-05 23:36:18.342 V/InputMethodService( 2203): CALL: onFinishInput
07-05 23:36:18.342 E/SOGOUIME_JNI( 2203): reset
07-05 23:36:18.342 E/SOGOUIME_JNI( 2203): getCandidates
07-05 23:36:18.343 E/SOGOUIME_JNI( 2203): ime_get_uncommitted_length
07-05 23:36:18.343 E/SOGOUIME_JNI( 2203): getCandidates
07-05 23:36:18.343 D/SogouIME API( 2203): ==============num:32
07-05 23:36:18.343 E/SOGOUIME_JNI( 2203): ime_get_uncommitted_length
07-05 23:36:18.343 D/SogouIME( 2203): mFocusedComponent:30   isHkbEnable:false
07-05 23:36:18.343 E/SOGOUIME_JNI( 2203): ime_get_uncommitted_length
07-05 23:36:18.343 E/SOGOUIME_JNI( 2203): ime_get_committed_length
07-05 23:36:18.343 E/SOGOUIME_JNI( 2203): getComposingInfo
07-05 23:36:18.343 E/SOGOUIME_JNI( 2203): getComposingInfo
07-05 23:36:18.343 E/SOGOUIME_JNI( 2203): getCorrectInfo
07-05 23:36:18.343 E/SOGOUIME_JNI( 2203): getComposingInfo
07-05 23:36:18.343 V/InputMethodService( 2203): CALL: onStartInput
07-05 23:36:18.343 E/SOGOUIME_JNI( 2203): invalidateCommitWordPinyinNative
07-05 23:36:18.343 D/SogouIME( 2203): =====configKeyboard=======:false     false
07-05 23:36:18.343 E/SOGOUIME_JNI( 2203): ime_set_hard_kb_enable
07-05 23:36:18.345 D/HttpHandler( 3698): VerifySignInterCeptor-->content={"image_post_url": "http://picture.edu.hismarttv.com/images/20170303023652037350.jpg", "system_time": 1499268978, "videos": [{"db_id": 28416, "play_ways": [{"centralized_play_params": null, "fee": 1, "feeSeconds": -1, "startup_type": 1, "video_play_param": "qnKvhzjJHfE4ZZwXEqbKU+ErUMyO6flgvO7nUavjMWahgv8ChKW6k4z0iIiisS1DT5XmRgk9mPT+OwY+rscRJeRWILhnfQ7IurLAb0eWrjLvEyHDoRtXZNLMY7DD1zpUPY9QDbu/7magc7YYzE27USwNgHkhh8uvlb9kFuY3pA8gva/Jd/SQGSshRdJa2R/VohtI5ycPje2qkwEArdReH4KLkyd9v9QI66xXQB55Cuf9wuCleTnr5Kre+6IoL9avpAAFP/Dw3t3ZvQzmSdrZokyupfnL1m8WuDnv8m3bvwvJgfVGDMnHmYzfC6ZKmXYtnAHME4MhpXVmov5lgrHxWFVrGOFHHYaTzILCALaVd0WO9EAcpDHJnm4b7nmk/8WESwCN2/E1tCDGPYQiNYvUXbr0lsCOVz3PHlOGbzTZE25H5wsL1RoaoLatvWRz95lfJgtC1/Xrr8z3JiW5fDfOHazw1QhtKU872iY46P9vjZnEuEdvQ77+FIfcL+Jbo8VNzzg=", "video_play_url": "uSSogmCyW+88eMhEVuGHUrZ6CtOT4fktq7q9TpT5b3nj1s0T2+SxzL7nkY2ktUcGQIzsQ2d6kPesbGx9qpUVIowbf+l4d2OPvObDPi7Vr2G9FE+D801ecsmCbKCHnGdGM5ZEU/j+q2u7ZO1AhBTgBHBTnTprnoX2wuo7CKd4u1pgorKKK6vERGZ/EowPxh3WphpJ6SUPjO+oyR8BqtpYVoSJkT0o9tc=", "video_quality": null, "id": 1040, "name": "\u624d\u667a\u5c0f\u5929\u5730\u65b0"}], "title": "1\u3001\u65b0\u6765\u7684\u90bb\u5c45\uff08\u4e0a\u7bc7\uff09", "series": 1, "time_length": 373, "id": "35351"}, {"db_id": 28425, "play_ways": [{"centralized_play_params": null, "fee": 1, "feeSeconds": 60, "startup_type": 1, "video_play_param": "qnKvhzjJHfE4ZZwXEqbKU+ErUMyO6flgvO7nUqvjMWahgv8ChKW6k4z0iIiisS1DT5XmRgk9mPT+OwY+rscRJeRWILhnfQ7IurLAbEeWrjLvEyHDoRtXZNLMY7DD1zpUPY9QDbu/7magc7YYzE27USwNgHkhh8uvlb9kFuY3pA8gva/Jd/SQGSshRdJa2R/VohtI5ycPje2qkwEArdReH4KLkyd9v9QI66xXQB55Cuf9wuCleTnr5Kre+/goL9avpAAFP/Dw3t3ZvQznQdLYpEyupfnL1m8WtzHu9mrevg7HgPNGDMnHmYzfC6ZFkXcpmwTNFo0go3Vmov5lgrHxWFVrGOFHHYaTzILCALaVd0WO9EAcpDHJnm4b7nmk/8WESwCN2/E1tCDGPYQiNYvUXbr0lsCOVD7PHlOGbzTZE25H5wsL1RoaoLatvWRz95lfJgtC1/Xrr8z3JiW5fDfOHazw1QhtKU872iY46P9vjZnEuEdvQ77+FIfcL+Jbo8VNzzg=", "video_play_url": "uSSogmCyW+88eMhEVuGHUrZ6CtOT4fktq7q9TpT5b3nj1s0T2+SxzL7nkY2ktUcGQIzsQ2d6kPesbGx9qpUVIowbf+l4d2OPvObDPi7Vr2G9FE+D801ecpOCbKCHnGdGM5ZEU/j+q2u6bOVBghTgBHBTnTprkY33xu0+CaJ2ulxgorKKK6vERGZwGo0LwRjXoxRI7yUPjO+oyR8BqtpYVoSJkT0o9tc=", "video_quality": null, "id": 1040, "name": "\u624d\u667a\u5c0f\u5929\u5730\u65b0"}], "title": "2\u3001\u65b0\u6765\u7684\u90bb\u5c45\uff08\u4e0b\u7bc7\uff09", "series": 2, "time_length": 507, "id": "35352"}, {"db_id": 28431, "play_ways": [{"centralized_play_params": null, "fee": 1, "feeSeconds": 60, "startup_type": 1, "video_play_param": "qnKvhzjJHfE4ZZwXEqbKU+ErUMyO6flgvO7nU6vjMWahgv8ChKLgwoz0itqisi1DTpbtFwk9maL4YAY+rpUWduRWILhnfQ7IurLAb0eWrjLvEyHDoRtXZNLMY7DD1zpUPY9QDbu/7magc7YYzE27USwNgHkhh8uvlb9kFuY3pA8gva/Jd/SQGSshRdJa2R/VohtI5ycPje2qkwEArdReH4KLkyd9v9QI66xXQB55Cuf9wuCleTnr5Kre+64rL9avpAAFP/Dw3t3ZvQznQtzaoEyupfnL1m8WtzPs82jbvAvNgfVGDMnHmYzfC6ZFk3UsmQHPE4chpXVmov5lgrHxWFVrGOFHHYaTzILCALaVd0WO9EAcpDHJnm4b7nmk/8WESwCN2/E1tCDGPYQiNYvUXbr0lsCOVTrPHlOGbzTZE25H5wsL1RoaoLatvWRz95lfJgtC1/Xrr8z3JiW5fDfOHazw1QhtKU872iY46P9vjZnEuEdvQ77+FIfcL+Jbo8VNzzg=", "video_play_url": "uSSogmCyW+88eMhEVuGHUrZ6CtOT4fktq7q9TpT5b3nj1s0T2+SxzL7nkY2ktUcGQIzsQ2d6kPesbGx9qpUVIowbf+l4d2OPvObDPi7Vr2G9FE+D801ecsWBbKCHnGdGM5ZEU/j+q2u6b+tDhhTgBHBTnTprkY/1w+87C6d8u1pgorKKK6vERGZwGI8Owx3Vph5J6SUPjO+oyR8BqtpYVoSJkT0o9tc=", "video_quality": null, "id": 1040, "name": "\u624d\u667a\u5c0f\u5929\u5730\u65b0"}], "title": "3\u3001\u628a\u4e66\u653e\u8fd9\u513f\uff08\u4e0a\u7bc7\uff09", "series": 3, "time_length": 443, "id": "35353"}, {"db_id": 28438, "play_ways": [{"centralized_play_params": null, "fee": 1, "feeSeconds": 60, "startup_type": 1, "video_play_param": "qnKvhzjJHfE4ZZwXEqbKU+ErUMyO6flgvO7nVKvjMWahgv8ChKLgwoz0itqisi1DTpbtFwk9maL4YAY+rpUWduRWILhnfQ7IurLAbEeWrjLvEyHDoRtXZNLMY7DD1zpUPY9QDbu/7magc7YYzE27USwNgHkhh8uvlb9kFuY3pA8gva/Jd/SQGSshRdJa2R/VohtI5ycPje2qkwEArdReH4KLkyd9v9QI66xXQB55Cuf9wuCleTnr5Kre+6h+L9avpAAFP/Dw3t3ZvQznR9nQoEyupfnL1m8WtzXr9m/ftAjIhvNGDMnHmYzfC6ZFlXIpngXHEIImo3Vmov5lgrHxWFVrGOFHHYaTzILCALaVd0WO9EAcpDHJnm4b7nmk/8WESwCN2/E1tCDGPYQiNYvUXbr0lsCOVTPPHlOGbzTZE25H5wsL1RoaoLatvWRz95lfJgtC1/
07-05 23:36:18.356 I/SurfaceFlinger( 1204): the layer SurfaceView is used to close xc and zorder is smallerest! clear region
07-05 23:36:18.375 D/OsdMonitorService( 1733): mCurrentWindow = com.hisense.hicloud.edca/com.hisense.hicloud.edca.mediaplayer.activity.DetailPlayActivity; newWindow = com.hisense.hicloud.edca/com.hisense.hicloud.edca.mediaplayer.activity.DetailPlayActivity; isSubWindow = false; isInWinList = false; isExitNow = false
07-05 23:36:18.375 D/OsdMonitorService( 1733): windowNotOsd() : name = com.hisense.hicloud.edca/com.hisense.hicloud.edca.mediaplayer.activity.DetailPlayActivity
07-05 23:36:18.375 I/OsdMonitorService( 1733): setOsdStatus() : status will change from true to true
07-05 23:36:18.376 D/PowerManagerService( 1733): setScreenBrightnessOverrideFromWindowManagerInternal done
07-05 23:36:18.378 D/PowerManagerService( 1733): setScreenBrightnessOverrideFromWindowManagerInternal done
07-05 23:36:18.380 I/ActivityManager( 1733): Displayed com.hisense.hicloud.edca/.mediaplayer.activity.DetailPlayActivity: +468ms
07-05 23:36:18.380 D/HiNetworkImpl( 3698): doHttp_Asyn(): onReqResponse isSuccessful = true, back from thread: main
07-05 23:36:18.381 D/PowerManagerService( 1733): setScreenBrightnessOverrideFromWindowManagerInternal done
07-05 23:36:18.389 I/SurfaceView( 3698): Changes: creating=false format=false size=false visible=true left=false top=false
07-05 23:36:18.389 I/SurfaceView( 3698): Cur surface: Surface(name=null)/@0x1af17e47
07-05 23:36:18.389 I/SurfaceFlinger( 1204): the layer SurfaceView is used to close xc and zorder is smallerest! clear region
07-05 23:36:18.391 D/OsdMonitorService( 1733): mCurrentWindow = com.hisense.hicloud.edca/com.hisense.hicloud.edca.mediaplayer.activity.DetailPlayActivity; newWindow = com.hisense.hicloud.edca/com.hisense.hicloud.edca.mediaplayer.activity.DetailPlayActivity; isSubWindow = false; isInWinList = false; isExitNow = false
07-05 23:36:18.391 D/OsdMonitorService( 1733): windowNotOsd() : name = com.hisense.hicloud.edca/com.hisense.hicloud.edca.mediaplayer.activity.DetailPlayActivity
07-05 23:36:18.391 I/OsdMonitorService( 1733): setOsdStatus() : status will change from true to true
07-05 23:36:18.392 D/PowerManagerService( 1733): setScreenBrightnessOverrideFromWindowManagerInternal done
07-05 23:36:18.395 I/SurfaceView( 3698): New surface: Surface(name=null)/@0x3f369674, vis=false, frame=Rect(418, 205 - 1234, 665)
07-05 23:36:18.395 I/SurfaceView( 3698): visibleChanged -- surfaceDestroyed
07-05 23:36:18.396 D/Carousel-UrlVideoView( 3698): surfaceDestroyed
07-05 23:36:18.396 D/Surface ( 3698): onStatusChange() : mNativeObject = 0 mUseImageHwRender = false
07-05 23:36:18.397 V/SurfaceView( 3698): Layout: x=418 y=205 w=816 h=460, frame=Rect(0, 0 - 816, 460)
07-05 23:36:18.406 I/SurfaceFlinger( 1204): the layer SurfaceView is used to close xc and zorder is smallerest! clear region
07-05 23:36:18.430 D/OsdMonitorService( 1733): mCurrentWindow = com.hisense.hicloud.edca/com.hisense.hicloud.edca.mediaplayer.activity.DetailPlayActivity; newWindow = com.hisense.hicloud.edca/com.hisense.hicloud.edca.mediaplayer.activity.DetailPlayActivity; isSubWindow = false; isInWinList = false; isExitNow = false
07-05 23:36:18.430 D/OsdMonitorService( 1733): windowNotOsd() : name = com.hisense.hicloud.edca/com.hisense.hicloud.edca.mediaplayer.activity.DetailPlayActivity
07-05 23:36:18.430 I/OsdMonitorService( 1733): setOsdStatus() : status will change from true to true
07-05 23:36:18.430 I/SurfaceFlinger( 1204): the layer SurfaceView is used to close xc and zorder is smallerest! clear region
07-05 23:36:18.432 D/PowerManagerService( 1733): setScreenBrightnessOverrideFromWindowManagerInternal done
07-05 23:36:18.434 D/Surface ( 3698): onStatusChange() : mNativeObject = 0 mUseImageHwRender = false
07-05 23:36:18.436 D/PowerManagerService( 1733): releaseWakeLockInternal: lock=681732318 [ActivityManager-Launch], flags=0x0
07-05 23:36:18.437 D/PowerManagerNotifier( 1733): onWakeLockReleased: flags=1, tag="ActivityManager-Launch", packageName=android, ownerUid=1000, ownerPid=1733, workSource=null
07-05 23:36:18.439 D/hwcomposer( 1204): lastHWWindowInfo is dirty
07-05 23:36:18.440 I/SurfaceFlinger( 1204): the layer SurfaceView is used to close xc and zorder is smallerest! clear region
07-05 23:36:18.456 I/SurfaceFlinger( 1204): the layer SurfaceView is used to close xc and zorder is smallerest! clear region
07-05 23:36:18.464 I/HiNetworkImpl( 3698): doHttp_Asyn(): onSuccess clazz = class com.hisense.sdk.domain.DetailsPage, back from thread: main
07-05 23:36:18.465 I/DetailPlayActivity( 3698): mFinishHttpTime : 17820036 390
07-05 23:36:18.466 D/til@system( 2026): til_get_system_param option:1000007 int:-1815633792, bool:128, ret:0
07-05 23:36:18.470 D/til@system( 2026): til_get_system_param option:1000009 int:-1936525184, bool:128, ret:0
07-05 23:36:18.471 D/til@system( 2026): til_get_system_param option:1000008 int:-1815632896, bool:0, ret:0
07-05 23:36:18.472 D/HiSDKLogReport( 3698): getOperationDetail-productName : LED50MU8600UC
07-05 23:36:18.472 D/HiSDKLogReport( 3698): getOperationDetail-plmNumber : 88888
07-05 23:36:18.472 D/HiSDKLogReport( 3698): getOperationDetail-swVersion : V0000.00.01A
07-05 23:36:18.472 D/HiSDKLogReport( 3698): getOperationDetail-operationDetail : LED50MU8600UC0000888
07-05 23:36:18.472 D/HiSDKLogReport( 3698): processLogReport-log : {eventType=110, appKey=1182445233, APPVersionName=3.0.0.9.00, devid=86100300900000500000060a4818fca8, mac=a8:a6:48:18:fc:a8, uuid=13287129, accessToken=72DF6038D2AEAB8A76DFBBBBCC428A4A_004014565989336, APIversion=501, logversion=2.0, devType=0, APPPackage=com.hisense.hicloud.edca, eventPos=002, requesttime=1499268978472, customerId=7195320, value2=, eventMessage=HttpConnection, value1=390, model_id=0, ChannelId=0, version=00.002.003, tv_distribute_id=00, subscriberId=13287129, APIVersion=600, PFAPPCode=652, softwareVersion=LED50MU8600UC0000888}
07-05 23:36:18.473 D/DetailPlayActivity( 3698): detailpage result is:com.hisense.sdk.domain.DetailsPage@15bf1243
07-05 23:36:18.476 I/SurfaceFlinger( 1204): the layer SurfaceView is used to close xc and zorder is smallerest! clear region
07-05 23:36:18.479 D/til@system( 2026): til_get_system_param option:1000007 int:-1815634176, bool:0, ret:0
07-05 23:36:18.480 D/til@system( 2026): til_get_system_param option:1000009 int:-1936522112, bool:128, ret:0
07-05 23:36:18.481 D/til@system( 2026): til_get_system_param option:1000008 int:-1936523008, bool:0, ret:0
07-05 23:36:18.481 D/HttpDnsUtils( 3698): CEXX-getOperationDetail-productName : LED50MU8600UC
07-05 23:36:18.481 D/HttpDnsUtils( 3698): CEXX-getOperationDetail-plmNumber : 88888
07-05 23:36:18.481 D/HttpDnsUtils( 3698): CEXX-getOperationDetail-swVersion : V0000.00.01A
07-05 23:36:18.481 D/HttpDnsUtils( 3698): CEXX-getOperationDetail-operationDetail : LED50MU8600UC0000888
07-05 23:36:18.482 E/NetUtils( 3698): encryption --- sign = accessToken=72DF6038D2AEAB8A76DFBBBBCC428A4A_004014565989336&customerId=7195320&devType=0&devid=86100300900000500000060a4818fca8&resourceId=3535&resourceType=0&BDA9F96C98E9D5130A5AFB3411B5F9E0
07-05 23:36:18.482 I/HttpDnsUtils( 3698): checkValid- //: --- URL >> http://api.edu.hismarttv.com/payment/api/order/checkValid?resourceId=3535&resourceType=0&devType=0&accessToken=72DF6038D2AEAB8A76DFBBBBCC428A4A_004014565989336&sign=f30fe8fb09397e5788b4a08655b0679c
07-05 23:36:18.483 D/til@system( 2026): til_get_system_param option:1000007 int:-1936522368, bool:128, ret:0
07-05 23:36:18.485 D/til@system( 2026): til_get_system_param option:1000009 int:-1815634176, bool:0, ret:0
07-05 23:36:18.490 I/SurfaceFlinger( 1204): the layer SurfaceView is used to close xc and zorder is smallerest! clear region
07-05 23:36:18.494 I/NetflixMonitorService( 1733): current fgapk : com.hisense.hicloud.edca
07-05 23:36:18.494 I/NetflixMonitorService( 1733): Netflix status unchanged
07-05 23:36:18.497 D/til@system( 2026): til_get_system_param option:1000008 int:-1936525184, bool:128, ret:0
07-05 23:36:18.497 D/HttpBuilder( 3698): getOperationDetail-productName : LED50MU8600UC
07-05 23:36:18.497 D/HttpBuilder( 3698): getOperationDetail-plmNumber : 88888
07-05 23:36:18.497 D/HttpBuilder( 3698): getOperationDetail-swVersion : V0000.00.01A
07-05 23:36:18.497 D/HttpBuilder( 3698): getOperationDetail-operationDetail : LED50MU8600UC0000888
07-05 23:36:18.498 W/System.err( 3698): java.net.ConnectException: failed to connect to /10.18.210.112 (port 8900) after 6000ms: isConnected failed: ECONNREFUSED (Connection refused)
07-05 23:36:18.499 W/System.err( 3698): 	at libcore.io.IoBridge.isConnected(IoBridge.java:238)
07-05 23:36:18.499 W/System.err( 3698): 	at libcore.io.IoBridge.connectErrno(IoBridge.java:171)
07-05 23:36:18.499 W/System.err( 3698): 	at libcore.io.IoBridge.connect(IoBridge.java:122)
07-05 23:36:18.499 W/System.err( 3698): 	at java.net.PlainSocketImpl.connect(PlainSocketImpl.java:183)
07-05 23:36:18.499 W/System.err( 3698): 	at java.net.PlainSocketImpl.connect(PlainSocketImpl.java:456)
07-05 23:36:18.499 W/System.err( 3698): 	at java.net.Socket.connect(Socket.java:882)
07-05 23:36:18.499 W/System.err( 3698): 	at com.android.okhttp.internal.Platform.connectSocket(Platform.java:174)
07-05 23:36:18.499 W/System.err( 3698): 	at com.android.okhttp.Connection.connect(Connection.java:152)
07-05 23:36:18.499 W/System.err( 3698): 	at com.android.okhttp.internal.http.HttpEngine.connect(HttpEngine.java:276)
07-05 23:36:18.499 W/System.err( 3698): 	at com.android.okhttp.internal.http.HttpEngine.sendRequest(HttpEngine.java:211)
07-05 23:36:18.499 W/System.err( 3698): 	at com.android.okhttp.internal.http.HttpURLConnectionImpl.execute(HttpURLConnectionImpl.java:382)
07-05 23:36:18.499 W/System.err( 3698): 	at com.android.okhttp.internal.http.HttpURLConnectionImpl.connect(HttpURLConnectionImpl.java:106)
07-05 23:36:18.499 W/System.err( 3698): 	at com.hisense.hitv.hicloud.util.ExceptionReport.a(ExceptionReport.java:337)
07-05 23:36:18.499 W/System.err( 3698): 	at com.hisense.hitv.hicloud.util.ExceptionReport.a(ExceptionReport.java:39)
07-05 23:36:18.499 W/System.err( 3698): 	at com.hisense.hitv.hicloud.util.ExceptionReport$1.run(ExceptionReport.java:83)
07-05 23:36:18.499 W/System.err( 3698): 	at java.lang.Thread.run(Thread.java:818)
07-05 23:36:18.499 W/System.err( 3698): Caused by: android.system.ErrnoException: isConnected failed: ECONNREFUSED (Connection refused)
07-05 23:36:18.499 W/System.err( 3698): 	at libcore.io.IoBridge.isConnected(IoBridge.java:223)
07-05 23:36:18.499 W/System.err( 3698): 	... 15 more
07-05 23:36:18.507 I/SurfaceFlinger( 1204): the layer SurfaceView is used to close xc and zorder is smallerest! clear region
07-05 23:36:18.510 I/art     ( 3698): Background sticky concurrent mark sweep GC freed 27200(2MB) AllocSpace objects, 7(524KB) LOS objects, 3% free, 32MB/33MB, paused 8.693ms total 56.215ms
07-05 23:36:18.523 I/SurfaceFlinger( 1204): the layer SurfaceView is used to close xc and zorder is smallerest! clear region
07-05 23:36:18.540 I/SurfaceFlinger( 1204): the layer SurfaceView is used to close xc and zorder is smallerest! clear region
07-05 23:36:18.544 I/HttpBuilder( 3698): addUrlPublicParams mUrl ==>http://api.edu.hismarttv.com/payment/api/order/checkValid?resourceId=3535&resourceType=0&devType=0&accessToken=72DF6038D2AEAB8A76DFBBBBCC428A4A_004014565989336&sign=f30fe8fb09397e5788b4a08655b0679c&uuid=13287129&mac=a8:a6:48:18:fc:a8&devid=86100300900000500000060a4818fca8&version=00.002.003&subscriberId=13287129&customerId=7195320&model_id=0&APPPackage=com.hisense.hicloud.edca&PFAPPCode=652&APPVersionName=3.0.0.9.00&ChannelId=0&softwareVersion=LED50MU8600UC0000888&tv_distribute_id=00&APIVersion=600
07-05 23:36:18.545 D/HttpHandler( 3698): VerifySignInterCeptor-->request.url()=http://api.edu.hismarttv.com/payment/api/order/checkValid?resourceId=3535&resourceType=0&devType=0&accessToken=72DF6038D2AEAB8A76DFBBBBCC428A4A_004014565989336&sign=f30fe8fb09397e5788b4a08655b0679c&uuid=13287129&mac=a8:a6:48:18:fc:a8&devid=86100300900000500000060a4818fca8&version=00.002.003&subscriberId=13287129&customerId=7195320&model_id=0&APPPackage=com.hisense.hicloud.edca&PFAPPCode=652&APPVersionName=3.0.0.9.00&ChannelId=0&softwareVersion=LED50MU8600UC0000888&tv_distribute_id=00&APIVersion=600
07-05 23:36:18.545 D/HttpHandler( 3698): VerifySignInterCeptor-->hostname=api.edu.hismarttv.com
07-05 23:36:18.549 D/HttpHandler( 3698): HttpDNS-->hostname=api.edu.hismarttv.com
07-05 23:36:18.550 D/HttpHandler( 3698): RAMCache-->hostInfo.getClientTimeStamp()=17803350
07-05 23:36:18.550 D/HttpHandler( 3698): RAMCache-->hostInfo.getTtl()=3600
07-05 23:36:18.550 D/HttpHandler( 3698): RAMCache-->SystemClock.elapsedRealtime()=17820122
07-05 23:36:18.556 I/SurfaceFlinger( 1204): the layer SurfaceView is used to close xc and zorder is smallerest! clear region
07-05 23:36:18.571 D/HttpHandler( 3698): DNSHelper-->gslbDns=["123.103.91.123"]
07-05 23:36:18.573 I/SurfaceFlinger( 1204): the layer SurfaceView is used to close xc and zorder is smallerest! clear region
07-05 23:36:18.591 I/SurfaceFlinger( 1204): the layer SurfaceView is used to close xc and zorder is smallerest! clear region
07-05 23:36:18.593 D/OkHttp  ( 3698): --> GET http://api.edu.hismarttv.com/payment/api/order/checkValid?resourceId=3535&resourceType=0&devType=0&accessToken=72DF6038D2AEAB8A76DFBBBBCC428A4A_004014565989336&sign=f30fe8fb09397e5788b4a08655b0679c&uuid=13287129&mac=a8:a6:48:18:fc:a8&devid=86100300900000500000060a4818fca8&version=00.002.003&subscriberId=13287129&customerId=7195320&model_id=0&APPPackage=com.hisense.hicloud.edca&PFAPPCode=652&APPVersionName=3.0.0.9.00&ChannelId=0&softwareVersion=LED50MU8600UC0000888&tv_distribute_id=00&APIVersion=600 http/1.1
07-05 23:36:18.593 D/OkHttp  ( 3698): Data_Type: JSON
07-05 23:36:18.593 D/OkHttp  ( 3698): RetryTime: 0
07-05 23:36:18.593 D/OkHttp  ( 3698): Backoffmutiplier: 0
07-05 23:36:18.593 D/OkHttp  ( 3698): Host: api.edu.hismarttv.com
07-05 23:36:18.593 D/OkHttp  ( 3698): Connection: Keep-Alive
07-05 23:36:18.593 D/OkHttp  ( 3698): Accept-Encoding: gzip
07-05 23:36:18.593 D/OkHttp  ( 3698): User-Agent: okhttp/3.6.0
07-05 23:36:18.593 D/OkHttp  ( 3698): --> END GET
07-05 23:36:18.606 I/SurfaceFlinger( 1204): the layer SurfaceView is used to close xc and zorder is smallerest! clear region
07-05 23:36:18.623 I/SurfaceFlinger( 1204): the layer SurfaceView is used to close xc and zorder is smallerest! clear region
07-05 23:36:18.640 I/SurfaceFlinger( 1204): the layer SurfaceView is used to close xc and zorder is smallerest! clear region
07-05 23:36:18.656 I/SurfaceFlinger( 1204): the layer SurfaceView is used to close xc and zorder is smallerest! clear region
07-05 23:36:18.660 D/MC_MEMORY(16055): max: 256.261888 Mb, heap: 10.10779 Mb, allocated: 9.10172 Mb, free: 0.608 Mb, native heap: 12.12276 Mb, native allocated: 8.8396 Mb, native free: 3.3880 Mb
07-05 23:36:18.671 I/TVMW@HsTvSetting( 1234): Trace cmd, data = 0x1058
07-05 23:36:18.673 I/SurfaceFlinger( 1204): the layer SurfaceView is used to close xc and zorder is smallerest! clear region
07-05 23:36:18.674 D/til@system( 2026): til_get_system_param option:100002F int:0, bool:0, ret:0
07-05 23:36:18.674 I/TVMW@HsTvSetting( 1234): Trace cmd, data = 0x101f
07-05 23:36:18.674 D/til@system( 2026): til_get_system_param option:100001D int:3, bool:3, ret:0
07-05 23:36:18.675 E/til     ( 2026): [til_get_current_input_source, 101] 
07-05 23:36:18.675 I/TVMW@HsTvSetting( 1234): Trace cmd, data = 0x7007
07-05 23:36:18.675 I/tilwrapper@sm( 2026): HS2TIL_SourceType *hs=0xd, *til=0x900
07-05 23:36:18.675 D/til     ( 2026): get current source 2304
07-05 23:36:18.675 D/SourceRemoteServiceHandler( 2026): getCurrentInputSource.from.til.result is 0, value is 2304
07-05 23:36:18.675 D/SourceRemoteServiceHandler( 2026): getInputSourceType source: 0x900, type=2304
07-05 23:36:18.675 D/til     ( 2026): ###### func:til_get_picture_param option:0x3000006 ######  
07-05 23:36:18.675 I/TVMW@HsTvSetting( 1234): Trace cmd, data = 0x1003
07-05 23:36:18.675 I/TVMW@HsTvSetting( 1234): Trace cmd, data = 0x8032
07-05 23:36:18.676 I/hstvos  ( 1216): [0m[1;33m[HSHAL][HS_VIDEO][HS_HAL_Video_SetOsdDetect_v2][2389]u16Threshold = 20
07-05 23:36:18.676 I/MiSysSrv( 1214): Not support now! 42, change to mm_video!!!
07-05 23:36:18.676 E/TVMW@videoctrl( 1234):  getOsd is 1
07-05 23:36:18.679 D/til@system( 2026): til_get_system_param option:1000027 int:1, bool:1, ret:0
07-05 23:36:18.679 D/til     ( 2026): ###### func:til_get_picture_param option:0x3000045 ######  
07-05 23:36:18.679 I/TVMW@HsTvSetting( 1234): Trace cmd, data = 0x300c
07-05 23:36:18.679 I/TVMW@HsTvSetting( 1234): Trace 3d, data = 0x300c
07-05 23:36:18.679 I/TVMW@3d ( 1234): Hs_debug3d_trace: func:get3dStatus, line:109
07-05 23:36:18.689 I/SurfaceFlinger( 1204): the layer SurfaceView is used to close xc and zorder is smallerest! clear region
07-05 23:36:18.706 I/SurfaceFlinger( 1204): the layer SurfaceView is used to close xc and zorder is smallerest! clear region
07-05 23:36:18.723 I/SurfaceFlinger( 1204): the layer SurfaceView is used to close xc and zorder is smallerest! clear region
07-05 23:36:18.739 I/SurfaceFlinger( 1204): the layer SurfaceView is used to close xc and zorder is smallerest! clear region
07-05 23:36:18.756 I/SurfaceFlinger( 1204): the layer SurfaceView is used to close xc and zorder is smallerest! clear region
07-05 23:36:18.773 I/SurfaceFlinger( 1204): the layer SurfaceView is used to close xc and zorder is smallerest! clear region
07-05 23:36:18.786 I/TVMW@devctrl( 1234): wdt
07-05 23:36:18.789 I/SurfaceFlinger( 1204): the layer SurfaceView is used to close xc and zorder is smallerest! clear region
07-05 23:36:18.811 D/OsdMonitorService( 1733): mCurrentWindow = com.hisense.hicloud.edca/com.hisense.hicloud.edca.mediaplayer.activity.DetailPlayActivity; newWindow = com.hisense.hicloud.edca/com.hisense.hicloud.edca.mediaplayer.activity.DetailPlayActivity; isSubWindow = false; isInWinList = false; isExitNow = false
07-05 23:36:18.811 D/OsdMonitorService( 1733): windowNotOsd() : name = com.hisense.hicloud.edca/com.hisense.hicloud.edca.mediaplayer.activity.DetailPlayActivity
07-05 23:36:18.811 I/OsdMonitorService( 1733): setOsdStatus() : status will change from true to true
07-05 23:36:18.814 D/PowerManagerService( 1733): setScreenBrightnessOverrideFromWindowManagerInternal done
07-05 23:36:18.816 D/PowerManagerService( 1733): setScreenBrightnessOverrideFromWindowManagerInternal done
07-05 23:36:18.824 D/PowerManagerService( 1733): setScreenBrightnessOverrideFromWindowManagerInternal done
07-05 23:36:18.843 D/gralloc ( 1204): allocate buffer from ION HEAP 0x1
07-05 23:36:18.843 D/gralloc ( 1204): allocate memory from system heap
07-05 23:36:18.854 D/hwcomposer( 1204): lastHWWindowInfo is dirty
07-05 23:36:18.859 D/RECREATE( 3698): onSaveInstanceState
07-05 23:36:18.859 D/Carousel-CarouselView( 3698): onActivityStopped, getSimpleName = HomeMainActivity,hashCode=752787492
07-05 23:36:18.859 D/Carousel-CarouselVideoViewImpl( 3698): stopPlay.
07-05 23:36:18.859 D/Carousel-log_video-( 3698): onStopPlay!
07-05 23:36:18.859 D/Carousel-log_video-( 3698): submitPlayStopLog mLogPlayState:5
07-05 23:36:18.859 D/Carousel-log_video-( 3698): No need to repeat play stop log.
07-05 23:36:18.861 I/BaseContentFragment( 3698): onStop 
07-05 23:36:18.862 I/BaseContentFragment( 3698): onStop UserCenterFragment
07-05 23:36:18.863 I/BaseContentFragment( 3698): onStop 0-2
07-05 23:36:18.863 I/BaseContentFragment( 3698): activity onStop
07-05 23:36:18.863 D/test    ( 3698): vidaaVersion=
07-05 23:36:18.875 D/PowerManagerService( 1733): setScreenBrightnessOverrideFromWindowManagerInternal done
07-05 23:36:18.883 D/gralloc ( 1204): allocate buffer from ION HEAP 0x1
07-05 23:36:18.883 D/gralloc ( 1204): allocate memory from system heap
07-05 23:36:18.931 D/gralloc ( 1204): allocate buffer from ION HEAP 0x1
07-05 23:36:18.931 D/gralloc ( 1204): allocate memory from system heap
07-05 23:36:18.935 D/GlobalInputEventMonitoringService( 1733): interceptKeyBeforeQueueing(), event:111, mNeedMonitorKeyEvent:true, mWaitForKeyUpEvent:false
07-05 23:36:18.935 D/GlobalInputEventMonitoringService( 1733): processKeyEvent(), processKeyEvent event:111
07-05 23:36:18.935 D/WindowManager( 1733): interceptKeyTq keycode=111 interactive=true keyguardActive=false policyFlags=2b000000 isCancled= false
07-05 23:36:18.935 D/PowerManagerService( 1733): userActivityNoUpdateLocked: eventTime=17820506, event=1, flags=0x0, uid=1000
07-05 23:36:18.935 D/WindowManager( 1733): interceptKeyTi keyCode=111 down=true repeatCount=0 keyguardOn=false mHomePressed=false canceled=false
07-05 23:36:18.936 D/WindowManager( 1733): Hisense systemkey event: 111
07-05 23:36:18.936 D/HisenseGlobalKeyManager( 1733): handleGlobalKey() : Global event = KeyEvent { action=ACTION_DOWN, keyCode=KEYCODE_ESCAPE, scanCode=0, metaState=0, flags=0x0, repeatCount=0, eventTime=17820506, downTime=17820506, deviceId=-1, source=0x101 }
07-05 23:36:18.937 D/SogouIME( 2203): [onKeyDown] keycode = 111 model = VIDAA_TV
07-05 23:36:18.938 E/SOGOUIME_JNI( 2203): reset
07-05 23:36:18.938 E/SOGOUIME_JNI( 2203): getCandidates
07-05 23:36:18.938 E/SOGOUIME_JNI( 2203): ime_get_uncommitted_length
07-05 23:36:18.938 E/SOGOUIME_JNI( 2203): getCandidates
07-05 23:36:18.938 D/SogouIME API( 2203): ==============num:32
07-05 23:36:18.939 E/SOGOUIME_JNI( 2203): ime_get_uncommitted_length
07-05 23:36:18.939 D/SogouIME( 2203): mFocusedComponent:30   isHkbEnable:false
07-05 23:36:18.939 E/SOGOUIME_JNI( 2203): ime_get_uncommitted_length
07-05 23:36:18.939 E/SOGOUIME_JNI( 2203): ime_get_committed_length
07-05 23:36:18.939 E/SOGOUIME_JNI( 2203): getComposingInfo
07-05 23:36:18.939 E/SOGOUIME_JNI( 2203): getComposingInfo
07-05 23:36:18.939 E/SOGOUIME_JNI( 2203): getCorrectInfo
07-05 23:36:18.941 E/SOGOUIME_JNI( 2203): getComposingInfo
07-05 23:36:18.946 I/DetailPlayActivity( 3698): sunliqin,dispatchKeyEvent:get currnet focus:nullevent kecode111
07-05 23:36:18.947 D/WindowManager( 1733): Unhandled key: win=Window{2003017c u0 com.hisense.hicloud.edca/com.hisense.hicloud.edca.mediaplayer.activity.DetailPlayActivity}, action=0, flags=0, keyCode=111, scanCode=0, metaState=0, repeatCount=0, policyFlags=1795162112
07-05 23:36:18.947 D/WindowManager( 1733): Fallback: keyCode=4 metaState=0
07-05 23:36:18.947 D/WindowManager( 1733): interceptKeyTq keycode=4 interactive=true keyguardActive=false policyFlags=6b000000 isCancled= false
07-05 23:36:18.947 D/WindowManager( 1733): interceptKeyTi keyCode=4 down=true repeatCount=0 keyguardOn=false mHomePressed=false canceled=false
07-05 23:36:18.947 D/WindowManager( 1733): Hisense systemkey event: 4
07-05 23:36:18.947 D/HisenseGlobalKeyManager( 1733): handleGlobalKey() : Global event = KeyEvent { action=ACTION_DOWN, keyCode=KEYCODE_BACK, scanCode=0, metaState=0, flags=0x400, repeatCount=0, eventTime=17820506, downTime=17820506, deviceId=-1, source=0x101 }
07-05 23:36:18.947 D/WindowManager( 1733): Performing fallback: KeyEvent { action=ACTION_DOWN, keyCode=KEYCODE_BACK, scanCode=0, metaState=0, flags=0x400, repeatCount=0, eventTime=17820506, downTime=17820506, deviceId=-1, source=0x101 }
07-05 23:36:18.949 D/SogouIME( 2203): [onKeyDown] keycode = 4 model = VIDAA_TV
07-05 23:36:18.950 E/SOGOUIME_JNI( 2203): reset
07-05 23:36:18.950 E/SOGOUIME_JNI( 2203): getCandidates
07-05 23:36:18.950 E/SOGOUIME_JNI( 2203): ime_get_uncommitted_length
07-05 23:36:18.950 E/SOGOUIME_JNI( 2203): getCandidates
07-05 23:36:18.950 D/SogouIME API( 2203): ==============num:32
07-05 23:36:18.951 E/SOGOUIME_JNI( 2203): ime_get_uncommitted_length
07-05 23:36:18.951 D/SogouIME( 2203): mFocusedComponent:30   isHkbEnable:false
07-05 23:36:18.951 E/SOGOUIME_JNI( 2203): ime_get_uncommitted_length
07-05 23:36:18.951 E/SOGOUIME_JNI( 2203): ime_get_committed_length
07-05 23:36:18.951 E/SOGOUIME_JNI( 2203): getComposingInfo
07-05 23:36:18.951 E/SOGOUIME_JNI( 2203): getComposingInfo
07-05 23:36:18.951 E/SOGOUIME_JNI( 2203): getCorrectInfo
07-05 23:36:18.951 E/SOGOUIME_JNI( 2203): getComposingInfo
07-05 23:36:18.953 I/DetailPlayActivity( 3698): sunliqin,dispatchKeyEvent:get currnet focus:nullevent kecode4
07-05 23:36:18.954 D/GlobalInputEventMonitoringService( 1733): interceptKeyBeforeQueueing(), event:111, mNeedMonitorKeyEvent:true, mWaitForKeyUpEvent:false
07-05 23:36:18.954 D/GlobalInputEventMonitoringService( 1733): processKeyEvent(), processKeyEvent event:111
07-05 23:36:18.954 D/WindowManager( 1733): interceptKeyTq keycode=111 interactive=true keyguardActive=false policyFlags=2b000000 isCancled= false
07-05 23:36:18.954 D/WindowManager( 1733): interceptKeyTi keyCode=111 down=false repeatCount=0 keyguardOn=false mHomePressed=false canceled=false
07-05 23:36:18.955 D/WindowManager( 1733): Hisense systemkey event: 111
07-05 23:36:18.955 D/HisenseGlobalKeyManager( 1733): handleGlobalKey() : Global event = KeyEvent { action=ACTION_UP, keyCode=KEYCODE_ESCAPE, scanCode=0, metaState=0, flags=0x0, repeatCount=0, eventTime=17820506, downTime=17820506, deviceId=-1, source=0x101 }
07-05 23:36:18.963 I/DetailPlayActivity( 3698): sunliqin,dispatchKeyEvent:get currnet focus:nullevent kecode111
07-05 23:36:18.964 D/WindowManager( 1733): Unhandled key: win=Window{2003017c u0 com.hisense.hicloud.edca/com.hisense.hicloud.edca.mediaplayer.activity.DetailPlayActivity}, action=1, flags=0, keyCode=111, scanCode=0, metaState=0, repeatCount=0, policyFlags=1795162112
07-05 23:36:18.964 D/WindowManager( 1733): Fallback: keyCode=4 metaState=0
07-05 23:36:18.964 D/WindowManager( 1733): interceptKeyTq keycode=4 interactive=true keyguardActive=false policyFlags=6b000000 isCancled= false
07-05 23:36:18.964 D/WindowManager( 1733): interceptKeyTi keyCode=4 down=false repeatCount=0 keyguardOn=false mHomePressed=false canceled=false
07-05 23:36:18.964 D/WindowManager( 1733): Hisense systemkey event: 4
