07-05 22:56:55.127 D/OkHttp  (14222): Content-Type: application/json
07-05 22:56:55.127 D/OkHttp  (14222): Content-Length: 204
07-05 22:56:55.127 D/OkHttp  (14222): Connection: close
07-05 22:56:55.127 D/OkHttp  (14222): <-- END HTTP
07-05 22:56:55.128 D/TabView (14222): 
07-05 22:56:55.129 D/TabView (14222): 
07-05 22:56:55.130 D/HttpHandler(14222): RetryIntercepter-->retryNum=0
07-05 22:56:55.130 D/HttpHandler(14222): RetryIntercepter-->backoffmutiplier=0
07-05 22:56:55.130 I/MyFragmentStateAdapter(14222): getCount
07-05 22:56:55.130 I/MyFragmentStateAdapter(14222): getItem: 2
07-05 22:56:55.131 I/SoftFragmentList(14222): fetchCacheFragment  enter ---- index = 2
07-05 22:56:55.131 D/SoftFragmentList(14222): fetchCacheFragment  mFragmentCache.size() = 0
07-05 22:56:55.131 E/SoftFragmentList(14222): fetchCacheView  return null
07-05 22:56:55.132 I/SoftFragmentList(14222): addToCache enter index = 2
07-05 22:56:55.132 D/SoftFragmentList(14222): addToCache  index = 2, size = 1, Fragment = RoleContentFragment
07-05 22:56:55.132 D/HttpHandler(14222): VerifySignInterCeptor-->dateType=1
07-05 22:56:55.132 D/HttpHandler(14222): VerifySignInterCeptor-->HttpRequestManager.httpClietOption.getVerifyFlag()=1
07-05 22:56:55.132 D/BaseContentFragment(14222): setUserVisibleHint() isVisibleToUser = false, last status = false, hasload = false RoleContentFragment
07-05 22:56:55.132 I/BaseContentFragment(14222): hideLoadingView
07-05 22:56:55.132 I/MyFragmentStateAdapter(14222): getItem: 1
07-05 22:56:55.132 I/SoftFragmentList(14222): fetchCacheFragment  enter ---- index = 1
07-05 22:56:55.132 D/SoftFragmentList(14222): fetchCacheFragment  mFragmentCache.size() = 1
07-05 22:56:55.132 E/SoftFragmentList(14222): fetchCacheView  return null
07-05 22:56:55.133 D/HttpHandler(14222): VerifySignInterCeptor-->content={"success": true}
07-05 22:56:55.133 I/SoftFragmentList(14222): addToCache enter index = 1
07-05 22:56:55.134 D/SoftFragmentList(14222): addToCache  index = 1, size = 2, Fragment = UserCenterFragment
07-05 22:56:55.134 I/UserCenterFragment(14222): setUserVisibleHint befor=false,now=false,mDataChange=false,hasloadDatafalse
07-05 22:56:55.134 D/BaseContentFragment(14222): setUserVisibleHint() isVisibleToUser = false, last status = false, hasload = false UserCenterFragment
07-05 22:56:55.134 I/BaseContentFragment(14222): hideLoadingView
07-05 22:56:55.134 I/MyFragmentStateAdapter(14222): getItem: 3
07-05 22:56:55.134 I/SoftFragmentList(14222): fetchCacheFragment  enter ---- index = 3
07-05 22:56:55.134 D/SoftFragmentList(14222): fetchCacheFragment  mFragmentCache.size() = 2
07-05 22:56:55.134 E/SoftFragmentList(14222): fetchCacheView  return null
07-05 22:56:55.134 I/SoftFragmentList(14222): addToCache enter index = 3
07-05 22:56:55.134 D/SoftFragmentList(14222): addToCache  index = 3, size = 3, Fragment = RoleContentFragment
07-05 22:56:55.134 D/BaseContentFragment(14222): setUserVisibleHint() isVisibleToUser = false, last status = false, hasload = false RoleContentFragment
07-05 22:56:55.134 I/BaseContentFragment(14222): hideLoadingView
07-05 22:56:55.134 I/MyFragmentStateAdapter(14222): getCount
07-05 22:56:55.134 D/BaseContentFragment(14222): setUserVisibleHint() isVisibleToUser = true, last status = false, hasload = false RoleContentFragment
07-05 22:56:55.134 I/BaseContentFragment(14222): tryVisibleAndCreateView: visible status = true, hasload = false, mIsViewInit = false, mTrimLevel = 0,isFirst = true RoleContentFragment
07-05 22:56:55.135 I/RoleContentFragment(14222): setBackGround ,isVisible=true,hasload=false
07-05 22:56:55.135 I/Util    (14222): memory : total=1912,limit=1024
07-05 22:56:55.135 I/BaseContentFragment(14222): onAttach RoleContentFragment
07-05 22:56:55.135 I/BaseContentFragment(14222): onCreate RoleContentFragment
07-05 22:56:55.136 I/BasePresenter(14222): attachView(): isVisibleToUser = true, mViewTag = RoleContentFragment541402653
07-05 22:56:55.136 I/BaseContentFragment(14222): onAttach UserCenterFragment
07-05 22:56:55.136 I/BaseContentFragment(14222): onCreate UserCenterFragment
07-05 22:56:55.137 I/BasePresenter(14222): attachView(): isVisibleToUser = false, mViewTag = UserCenterFragment
07-05 22:56:55.141 I/BaseContentFragment(14222): onAttach RoleContentFragment
07-05 22:56:55.141 I/BaseContentFragment(14222): onCreate RoleContentFragment
07-05 22:56:55.141 I/BasePresenter(14222): attachView(): isVisibleToUser = false, mViewTag = RoleContentFragment1046710412
07-05 22:56:55.143 I/BaseContentFragment(14222): onCreateView true, 
07-05 22:56:55.171 E/btif_config( 2964): [btif_config_get] node is TRUE!
07-05 22:56:55.171 E/btif_config( 2964): [btif_config_get] ret is TRUE!
07-05 22:56:55.176 I/MyFragmentStateAdapter(14222): getCount
07-05 22:56:55.177 I/BaseContentFragment(14222): onViewCreated
07-05 22:56:55.177 I/BasePresenter(14222): setUserVisibleHint(): isVisibleToUser = true RoleContentFragment541402653
07-05 22:56:55.177 I/BaseContentFragment(14222): tryVisibleAndCreateView: visible status = true, hasload = false, mIsViewInit = true, mTrimLevel = 0,isFirst = true 
07-05 22:56:55.177 I/BaseContentFragment(14222): onVisibleAndAttach: lazyLoadData
07-05 22:56:55.178 I/RoleContentFragment(14222): setBackGround ,isVisible=true,hasload=false
07-05 22:56:55.178 I/Util    (14222): memory : total=1912,limit=1024
07-05 22:56:55.179 I/BaseContentFragment(14222): onActivityCreated 
07-05 22:56:55.180 I/BaseContentFragment(14222): onStart 
07-05 22:56:55.196 I/BaseContentFragment(14222): onResume 
07-05 22:56:55.196 E/UserCenterFragment(14222): onCreateView
07-05 22:56:55.196 I/BaseContentFragment(14222): onCreateView false, UserCenterFragment
07-05 22:56:55.197 I/NetflixMonitorService( 1733): current fgapk : com.hisense.hicloud.edca
07-05 22:56:55.197 I/NetflixMonitorService( 1733): Netflix status unchanged
07-05 22:56:55.199 I/BaseContentFragment(14222): onViewCreatedUserCenterFragment
07-05 22:56:55.199 I/BasePresenter(14222): setUserVisibleHint(): isVisibleToUser = false UserCenterFragment
07-05 22:56:55.200 I/BaseContentFragment(14222): tryVisibleAndCreateView: visible status = false, hasload = false, mIsViewInit = true, mTrimLevel = 0,isFirst = true UserCenterFragment
07-05 22:56:55.201 I/BaseContentFragment(14222): onActivityCreated UserCenterFragment
07-05 22:56:55.201 I/BaseContentFragment(14222): onCreateView false, 0-2
07-05 22:56:55.204 I/BaseContentFragment(14222): onViewCreated0-2
07-05 22:56:55.204 I/BasePresenter(14222): setUserVisibleHint(): isVisibleToUser = false RoleContentFragment1046710412
07-05 22:56:55.204 I/BaseContentFragment(14222): tryVisibleAndCreateView: visible status = false, hasload = false, mIsViewInit = true, mTrimLevel = 0,isFirst = true 0-2
07-05 22:56:55.204 I/RoleContentFragment(14222): setBackGround ,isVisible=false,hasload=false
07-05 22:56:55.204 I/Util    (14222): memory : total=1912,limit=1024
07-05 22:56:55.205 I/BaseContentFragment(14222): onActivityCreated 0-2
07-05 22:56:55.205 I/BaseContentFragment(14222): onStart UserCenterFragment
07-05 22:56:55.210 I/BaseContentFragment(14222): onResume UserCenterFragment
07-05 22:56:55.211 I/BaseContentFragment(14222): onStart 0-2
07-05 22:56:55.214 I/BaseContentFragment(14222): onResume 0-2
07-05 22:56:55.215 D/TabView (14222): 
07-05 22:56:55.218 D/TabView (14222): 
07-05 22:56:55.220 D/TabView (14222): 
07-05 22:56:55.221 D/TabView (14222): 
07-05 22:56:55.224 D/TabView (14222): 
07-05 22:56:55.225 D/TabView (14222): 
07-05 22:56:55.226 D/TabView (14222): 
07-05 22:56:55.227 D/TabView (14222): 
07-05 22:56:55.229 D/TabView (14222): 
07-05 22:56:55.230 D/TabView (14222): 
07-05 22:56:55.232 D/TabView (14222): 
07-05 22:56:55.234 D/TabView (14222): 
07-05 22:56:55.235 D/TabView (14222): 
07-05 22:56:55.236 D/TabView (14222): 
07-05 22:56:55.238 D/TabView (14222): 
07-05 22:56:55.240 D/TabView (14222): 
07-05 22:56:55.241 I/MyFragmentStateAdapter(14222): getCount
07-05 22:56:55.242 I/MyFragmentStateAdapter(14222): getCount
07-05 22:56:55.244 D/Surface ( 1733): onStatusChange() : mNativeObject = 547942767616 mUseImageHwRender = false
07-05 22:56:55.244 V/Surface ( 1733): nativeSetHardwareRender() : status = 0
07-05 22:56:55.244 V/Surface ( 1733): nativeSetHardwareRender() : end
07-05 22:56:55.244 D/OsdMonitorService( 1733): mCurrentWindow = com.hisense.hicloud.edca/com.hisense.hicloud.edca.activity.EntryActivity; newWindow = com.hisense.hicloud.edca/com.hisense.tvui.newhome.HomeMainActivity; isSubWindow = false; isInWinList = false; isExitNow = false
07-05 22:56:55.244 D/OsdMonitorService( 1733): windowNotOsd() : name = com.hisense.hicloud.edca/com.hisense.tvui.newhome.HomeMainActivity
07-05 22:56:55.383 W/FileUtils(14222): createNewFile(), path is file!
07-05 22:56:55.384 W/FileUtils(14222): createNewFile(), path createNewFile true
07-05 22:56:55.384 W/FileUtils(14222): createNewFile(), return=true
07-05 22:56:55.474 W/SoLibHelper(14222): copySoLibToHost copy(libhttpdns.so) true
07-05 22:56:55.474 W/SoLibHelper(14222): copySoLibToHost scan(entry=META-INF/MANIFEST.MF, isDirectory=false)
07-05 22:56:55.474 W/SoLibHelper(14222): copySoLibToHost scan(soName=MANIFEST.MF)
07-05 22:56:55.475 W/SoLibHelper(14222): copySoLibToHost scan(entry=META-INF/CERT.SF, isDirectory=false)
07-05 22:56:55.475 W/SoLibHelper(14222): copySoLibToHost scan(soName=CERT.SF)
07-05 22:56:55.475 W/SoLibHelper(14222): copySoLibToHost scan(entry=META-INF/CERT.RSA, isDirectory=false)
07-05 22:56:55.475 W/SoLibHelper(14222): copySoLibToHost scan(soName=CERT.RSA)
07-05 22:56:55.475 W/SoLibHelper(14222): copySoLibToHost (containSo=true)
07-05 22:56:55.475 W/SoLibHelper(14222): unzipLibs() return true
07-05 22:56:55.475 W/StorageStub@193d3924(14222): copySoLibToHost>>() return true
07-05 22:56:55.475 W/StorageManager(14222): loadPluginInfoFromAssets>>() return PluginInfo(id=pluginplayer, versionName=1.64.0.59984, className=com.qiyi.video.plugin.PluginProvider, path=/data/data/com.hisense.hicloud.edca/files/plugin/2.1.0.59986/pluginplayer/1.64.0.59984/pluginplayer-release-1.64.0.59984.apk, libFolder=/data/data/com.hisense.hicloud.edca/files/plugin/2.1.0.59986/pluginplayer/1.64.0.59984/pluginplayer-release-1.64.0.59984-libs, containSo=true, soFileCount=18, errorCount=0, lastLoadSuccess=true)
07-05 22:56:55.476 W/PluginHelper(14222): loadProvider<<(info=PluginInfo(id=pluginplayer, versionName=1.64.0.59984, className=com.qiyi.video.plugin.PluginProvider, path=/data/data/com.hisense.hicloud.edca/files/plugin/2.1.0.59986/pluginplayer/1.64.0.59984/pluginplayer-release-1.64.0.59984.apk, libFolder=/data/data/com.hisense.hicloud.edca/files/plugin/2.1.0.59986/pluginplayer/1.64.0.59984/pluginplayer-release-1.64.0.59984-libs, containSo=true, soFileCount=18, errorCount=0, lastLoadSuccess=true))
07-05 22:56:55.476 W/PluginProviderBuilder(14222): createPluginProviderInstance() begin.
07-05 22:56:55.476 W/PluginDebugUtils(14222): needThrowable<<(key=loadClassFailed)
07-05 22:56:55.476 W/PluginDebugUtils(14222): needThrowable() returns false
07-05 22:56:55.476 W/PluginDebugUtils(14222): needThrowable<<(key=constructorInvisible)
07-05 22:56:55.476 W/PluginDebugUtils(14222): needThrowable() returns false
07-05 22:56:55.476 W/PluginDebugUtils(14222): needThrowable<<(key=instanceFailed)
07-05 22:56:55.476 W/PluginDebugUtils(14222): needThrowable() returns false
07-05 22:56:55.476 W/PluginProviderBuilder(14222): createPluginContext() return com.hisense.hicloud.edca.BaseApplication@2adbac5c/data/data/com.hisense.hicloud.edca/files/plugin/2.1.0.59986/pluginplayer/1.64.0.59984/pluginplayer-release-1.64.0.59984.apk
07-05 22:56:55.476 W/PluginProviderBuilder(14222): createDexClassLoader() begin.
07-05 22:56:55.496 I/TVMW@HsTvSetting( 1234): Trace cmd, data = 0x1058
07-05 22:56:55.496 D/til@system( 2026): til_get_system_param option:100002F int:0, bool:0, ret:0
07-05 22:56:55.496 I/TVMW@HsTvSetting( 1234): Trace cmd, data = 0x101f
07-05 22:56:55.497 D/til@system( 2026): til_get_system_param option:100001D int:3, bool:3, ret:0
07-05 22:56:55.497 E/til     ( 2026): [til_get_current_input_source, 101] 
07-05 22:56:55.497 I/TVMW@HsTvSetting( 1234): Trace cmd, data = 0x7007
07-05 22:56:55.497 I/tilwrapper@sm( 2026): HS2TIL_SourceType *hs=0xd, *til=0x900
07-05 22:56:55.497 D/til     ( 2026): get current source 2304
07-05 22:56:55.497 D/SourceRemoteServiceHandler( 2026): getCurrentInputSource.from.til.result is 0, value is 2304
07-05 22:56:55.497 D/SourceRemoteServiceHandler( 2026): getInputSourceType source: 0x900, type=2304
07-05 22:56:55.497 D/til     ( 2026): ###### func:til_get_picture_param option:0x3000006 ######  
07-05 22:56:55.497 I/TVMW@HsTvSetting( 1234): Trace cmd, data = 0x1003
07-05 22:56:55.497 I/TVMW@HsTvSetting( 1234): Trace cmd, data = 0x8032
07-05 22:56:55.498 I/hstvos  ( 1216): [0m[1;33m[HSHAL][HS_VIDEO][HS_HAL_Video_SetOsdDetect_v2][2389]u16Threshold = 20
07-05 22:56:55.498 I/MiSysSrv( 1214): Not support now! 42, change to mm_video!!!
07-05 22:56:55.498 E/TVMW@videoctrl( 1234):  getOsd is 1
07-05 22:56:55.498 E/TVMW@videoctrl( 1234): hs_mw_videoctrl.cpp getOsdShow result is        1
07-05 22:56:55.498 D/til@system( 2026): til_get_system_param option:1000027 int:1, bool:1, ret:0
07-05 22:56:55.498 D/til     ( 2026): ###### func:til_get_picture_param option:0x3000045 ######  
07-05 22:56:55.498 I/TVMW@HsTvSetting( 1234): Trace cmd, data = 0x300c
07-05 22:56:55.498 I/TVMW@HsTvSetting( 1234): Trace 3d, data = 0x300c
07-05 22:56:55.498 I/TVMW@3d ( 1234): Hs_debug3d_trace: func:get3dStatus, line:109
07-05 22:56:55.578 V/HotPlugDetectionAction( 1733): Poll all devices.
07-05 22:56:55.718 E/btif_config( 2964): [btif_config_get] node is TRUE!
07-05 22:56:55.718 E/btif_config( 2964): [btif_config_get] ret is TRUE!
07-05 22:56:55.811 E/sloven  (14222): top0w0
07-05 22:56:55.812 D/HiNetworkImpl(14222): doHttp_Asyn(): onReqResponse isSuccessful = true, back from thread: main
07-05 22:56:55.812 I/HiNetworkImpl(14222): doHttp_Asyn(): onSuccess clazz = class com.hisense.sdk.domain.DetailVipInfo, back from thread: main
07-05 22:56:55.844 D/MC_MEMORY(16055): max: 256.261888 Mb, heap: 10.10778 Mb, allocated: 9.10149 Mb, free: 0.630 Mb, native heap: 12.12276 Mb, native allocated: 8.8385 Mb, native free: 3.3892 Mb
07-05 22:56:55.917 I/HLSP2P  (16183): ## 2017-07-05 22:56:55.917 [16183,16481,:0] INFO ## [HLSP2P][DownloadManager.cpp:35][INFO][SendHeartBeatReq]send hearbeat to 123.126.121.155:30013 ok
07-05 22:56:55.935 D/MyLocalStartService(16899): currentName is :com.hisense.hicloud.edca
07-05 22:56:55.938 I/HLSP2P  (16183): ## 2017-07-05 22:56:55.938 [16183,16483,:0] INFO ## [HLSP2P][DownloadManager.cpp:35][INFO][OnHeartBeatRsp]ps heartbeat rsp ok
07-05 22:56:55.950 I/TVMW@devctrl( 1234): wdt
07-05 22:56:55.980 W/HomeMainActivity(14222): sunliqin  get user has bought vip failed 
07-05 22:56:55.986 I/Choreographer(14222): Skipped 54 frames!  The application may be doing too much work on its main thread.
07-05 22:56:55.990 D/TabView (14222): 
07-05 22:56:55.995 D/TabView (14222): 
07-05 22:56:55.997 D/TabView (14222): 
07-05 22:56:55.998 E/HDMI_CEC( 1733): Send Message TO[5] 
07-05 22:56:55.998 E/HDMI_CEC( 1733): OP[0], <Feature Abort> 
07-05 22:56:55.998 E/HDMI_CEC( 1733): ========
07-05 22:56:55.999 D/TabView (14222): 
07-05 22:56:56.000 I/TVMW@HsTvSetting( 1234): Trace cmd, data = 0x1058
07-05 22:56:56.000 D/til@system( 2026): til_get_system_param option:100002F int:0, bool:0, ret:0
07-05 22:56:56.000 I/TVMW@HsTvSetting( 1234): Trace cmd, data = 0x101f
07-05 22:56:56.000 D/til@system( 2026): til_get_system_param option:100001D int:3, bool:3, ret:0
07-05 22:56:56.000 E/til     ( 2026): [til_get_current_input_source, 101] 
07-05 22:56:56.000 I/TVMW@HsTvSetting( 1234): Trace cmd, data = 0x7007
07-05 22:56:56.001 I/tilwrapper@sm( 2026): HS2TIL_SourceType *hs=0xd, *til=0x900
07-05 22:56:56.001 D/til     ( 2026): get current source 2304
07-05 22:56:56.001 D/SourceRemoteServiceHandler( 2026): getCurrentInputSource.from.til.result is 0, value is 2304
07-05 22:56:56.001 D/SourceRemoteServiceHandler( 2026): getInputSourceType source: 0x900, type=2304
07-05 22:56:56.001 D/til     ( 2026): ###### func:til_get_picture_param option:0x3000006 ######  
07-05 22:56:56.001 D/TabView (14222): 
07-05 22:56:56.001 I/TVMW@HsTvSetting( 1234): Trace cmd, data = 0x1003
07-05 22:56:56.002 I/TVMW@HsTvSetting( 1234): Trace cmd, data = 0x8032
07-05 22:56:56.002 I/hstvos  ( 1216): [0m[1;33m[HSHAL][HS_VIDEO][HS_HAL_Video_SetOsdDetect_v2][2389]u16Threshold = 20
07-05 22:56:56.003 I/MiSysSrv( 1214): Not support now! 42, change to mm_video!!!
07-05 22:56:56.004 D/TabView (14222): 
07-05 22:56:56.005 E/TVMW@videoctrl( 1234):  getOsd is 1
07-05 22:56:56.005 D/til@system( 2026): til_get_system_param option:1000027 int:1, bool:1, ret:0
07-05 22:56:56.005 D/til     ( 2026): ###### func:til_get_picture_param option:0x3000045 ######  
07-05 22:56:56.006 I/TVMW@HsTvSetting( 1234): Trace cmd, data = 0x300c
07-05 22:56:56.006 I/TVMW@HsTvSetting( 1234): Trace 3d, data = 0x300c
07-05 22:56:56.006 I/TVMW@3d ( 1234): Hs_debug3d_trace: func:get3dStatus, line:109
07-05 22:56:56.007 D/TabView (14222): 
07-05 22:56:56.009 D/TabView (14222): 
07-05 22:56:56.017 D/TabView (14222): 
07-05 22:56:56.030 D/TabView (14222): 
07-05 22:56:56.031 D/TabView (14222): 
07-05 22:56:56.033 D/TabView (14222): 
07-05 22:56:56.034 D/TabView (14222): 
07-05 22:56:56.035 D/TabView (14222): 
07-05 22:56:56.037 D/TabView (14222): 
07-05 22:56:56.038 D/TabView (14222): 
07-05 22:56:56.043 D/TabView (14222): 
07-05 22:56:56.045 D/TabView (14222): 
07-05 22:56:56.050 D/TabView (14222): 
07-05 22:56:56.052 D/TabView (14222): 
07-05 22:56:56.053 D/TabView (14222): 
07-05 22:56:56.055 D/TabView (14222): 
07-05 22:56:56.059 D/TabView (14222): 
07-05 22:56:56.062 D/TabView (14222): 
07-05 22:56:56.063 D/TabView (14222): 
07-05 22:56:56.065 D/TabView (14222): 
07-05 22:56:56.067 D/TabView (14222): 
07-05 22:56:56.069 D/TabView (14222): 
07-05 22:56:56.070 D/TabView (14222): 
07-05 22:56:56.071 E/HDMI_CEC( 1733): MI_CEC_SendTxPolling, ErrCode[4] 
07-05 22:56:56.075 D/TabView (14222): 
07-05 22:56:56.077 D/TabView (14222): 
07-05 22:56:56.079 D/TabView (14222): 
07-05 22:56:56.087 I/TabView (14222): onScroll:,firstItem=0,visibleCount=6,totalCount=10
07-05 22:56:56.096 I/MyFragmentStateAdapter(14222): getCount
07-05 22:56:56.102 I/dex2oat (14321): /system/bin/dex2oat --runtime-arg -classpath --runtime-arg  --instruction-set=arm --instruction-set-features=default --runtime-arg -Xrelocate --boot-image=/system/framework/boot.art --dex-file=/data/data/com.hisense.hicloud.edca/files/plugin/2.1.0.59986/pluginplayer/1.64.0.59984/pluginplayer-release-1.64.0.59984.apk --oat-fd=31 --oat-location=/data/data/com.hisense.hicloud.edca/app_dex/pluginplayer-release-1.64.0.59984.dex --runtime-arg -Xms64m --runtime-arg -Xmx512m
07-05 22:56:56.105 E/HDMI_CEC( 1733): Sending message can't be response. 
07-05 22:56:56.135 D/HiNetworkImpl(14222): doHttp_Asyn(): onReqResponse isSuccessful = true, back from thread: main
07-05 22:56:56.135 I/HiNetworkImpl(14222): doHttp_Asyn(): onSuccess clazz = class com.hisense.sdk.domain.SearchResult, back from thread: main
07-05 22:56:56.135 I/RefreshPaidListUits(14222): -----------------------RefreshPaidListUits  ==0
07-05 22:56:56.136 D/HiNetworkImpl(14222): doHttp_Asyn(): onReqResponse isSuccessful = true, back from thread: main
07-05 22:56:56.136 I/HiNetworkImpl(14222): doHttp_Asyn(): onSuccess clazz = class com.hisense.sdk.domain.ResponseResult, back from thread: main
07-05 22:56:56.136 I/BaseApplication(14222): checkAccount --- account available.
07-05 22:56:56.137 D/OsdMonitorService( 1733): mCurrentWindow = com.hisense.hicloud.edca/com.hisense.tvui.newhome.HomeMainActivity; newWindow = com.hisense.hicloud.edca/com.hisense.tvui.newhome.HomeMainActivity; isSubWindow = false; isInWinList = false; isExitNow = false
07-05 22:56:56.137 D/OsdMonitorService( 1733): windowNotOsd() : name = com.hisense.hicloud.edca/com.hisense.tvui.newhome.HomeMainActivity
07-05 22:56:56.138 I/OsdMonitorService( 1733): setOsdStatus() : status will change from true to true
07-05 22:56:56.138 I/MyFragmentStateAdapter(14222): getCount
07-05 22:56:56.139 D/PowerManagerService( 1733): setScreenBrightnessOverrideFromWindowManagerInternal done
07-05 22:56:56.141 D/SUSLog  (14222): CheckAppUpdateService>>appUpgradeReply reply fail
07-05 22:56:56.141 D/SUSLog  (14222): CheckAppUpdateService>>ErrorCode = 205001 ErrorName = :
07-05 22:56:56.141 I/BaseContentFragment(14222): MSG_GET_DATA: handle lazy load
07-05 22:56:56.141 I/BaseContentFragment(14222): showLoadingView
07-05 22:56:56.141 D/SUSLog  (14222): CheckAppUpdateService>>checkAppUpgrade i=0
07-05 22:56:56.141 D/SUSLog  (14222): CheckAppUpdateService>>haveUpdate appUpgradeReply = com.hisense.hitv.hicloud.bean.upgrade.AppUpgradeReply@2e91a1d3
07-05 22:56:56.141 D/SUSLog  (14222): CheckAppUpdateService>>reply = 1
07-05 22:56:56.142 D/PowerManagerService( 1733): setScreenBrightnessOverrideFromWindowManagerInternal done
07-05 22:56:56.143 I/ActivityManager( 1733): Displayed com.hisense.hicloud.edca/com.hisense.tvui.newhome.HomeMainActivity: +1s564ms
07-05 22:56:56.143 D/SUSLog  (14222): CheckAppUpdateService>>targetVersionCode = 0
07-05 22:56:56.143 D/SUSLog  (14222): CheckAppUpdateService>>haveUpdate appUpgradeReply = com.hisense.hitv.hicloud.bean.upgrade.AppUpgradeReply@2e91a1d3
07-05 22:56:56.143 D/SUSLog  (14222): CheckAppUpdateService>>reply = 1
07-05 22:56:56.146 I/HomeDataPresenter(14222): getContentData: channelId = 0, sChoiceChannelId = 0 RoleContentFragment541402653,isOffline = false
07-05 22:56:56.146 I/CacheUtil(14222): getFromCache: 0
07-05 22:56:56.146 I/CacheUtil(14222): now time dealy=1,time service=7200
07-05 22:56:56.146 I/HomeDataPresenter(14222): cache item not null
07-05 22:56:56.146 I/RoleContentFragment(14222): setMasterData isRefresh=false
07-05 22:56:56.147 D/PowerManagerService( 1733): setScreenBrightnessOverrideFromWindowManagerInternal done
07-05 22:56:56.151 D/HttpHandler(14222): VerifySignInterCeptor-->request.url()=http://picture.edu.hismarttv.com/images/20170628111729989045.png
07-05 22:56:56.151 D/HttpHandler(14222): VerifySignInterCeptor-->hostname=picture.edu.hismarttv.com
07-05 22:56:56.152 D/HttpHandler(14222): HttpDNS-->hostname=picture.edu.hismarttv.com
07-05 22:56:56.155 I/HeaderTokenManager(14222): Weather Data from HiCloud is still validate.
07-05 22:56:56.155 D/ContentValues(14222): getPlaceInfo: 
07-05 22:56:56.164 D/HttpHandler(14222): VerifySignInterCeptor-->request.url()=http://picture.edu.hismarttv.com/images/20170628111759213347.png
07-05 22:56:56.164 D/HttpHandler(14222): VerifySignInterCeptor-->hostname=picture.edu.hismarttv.com
07-05 22:56:56.166 D/HttpHandler(14222): HttpDNS-->hostname=picture.edu.hismarttv.com
07-05 22:56:56.168 D/HttpHandler(14222): DNSRetryIntercepter-->http://118.178.149.42/d?device_id=86100300900000500000060a4818fca8&host=b5d1d96093f9d07d386917b5d3b91cdcb031311b90271792b45951b69dc9c054dc862a7c9178ba82684e325a98b554b4&last=
07-05 22:56:56.168 D/HttpHandler(14222): DNSRetryIntercepter-->118.178.149.42
07-05 22:56:56.172 D/HttpHandler(14222): VerifySignInterCeptor-->request.url()=http://picture.edu.hismarttv.com/images/20170628111857828826.png
07-05 22:56:56.172 D/HttpHandler(14222): VerifySignInterCeptor-->hostname=picture.edu.hismarttv.com
07-05 22:56:56.177 D/HttpHandler(14222): GslbDNS-->hostName=118.178.149.42
07-05 22:56:56.178 D/HttpHandler(14222): HttpDNS-->hostname=picture.edu.hismarttv.com
07-05 22:56:56.182 D/HttpHandler(14222): DNSRetryIntercepter-->http://118.178.149.42/d?device_id=86100300900000500000060a4818fca8&host=b5d1d96093f9d07d386917b5d3b91cdcb031311b90271792b45951b69dc9c054dc862a7c9178ba82684e325a98b554b4&last=
07-05 22:56:56.182 D/HttpHandler(14222): DNSRetryIntercepter-->118.178.149.42
07-05 22:56:56.183 D/HttpHandler(14222): GslbDNS-->hostName=118.178.149.42
07-05 22:56:56.189 D/HttpHandler(14222): DNSRetryIntercepter-->http://118.178.149.42/d?device_id=86100300900000500000060a4818fca8&host=b5d1d96093f9d07d386917b5d3b91cdcb031311b90271792b45951b69dc9c054dc862a7c9178ba82684e325a98b554b4&last=
07-05 22:56:56.189 D/HttpHandler(14222): DNSRetryIntercepter-->118.178.149.42
07-05 22:56:56.190 D/HttpHandler(14222): GslbDNS-->hostName=118.178.149.42
07-05 22:56:56.191 D/HttpHandler(14222): VerifySignInterCeptor-->request.url()=http://picture.edu.hismarttv.com/images/20170628121916725281.png
07-05 22:56:56.191 D/HttpHandler(14222): VerifySignInterCeptor-->hostname=picture.edu.hismarttv.com
07-05 22:56:56.192 E/ContentValues(14222): refreshNetStatus: 
07-05 22:56:56.193 D/HttpHandler(14222): HttpDNS-->hostname=picture.edu.hismarttv.com
07-05 22:56:56.194 D/CommonHeader(14222): setPerson: true
07-05 22:56:56.194 D/ContentValues(14222): getIconDrawable :  icon == null:true
07-05 22:56:56.194 D/CommonHeader(14222): icon == null
07-05 22:56:56.195 D/HttpHandler(14222): DNSRetryIntercepter-->http://118.178.149.42/d?device_id=86100300900000500000060a4818fca8&host=b5d1d96093f9d07d386917b5d3b91cdcb031311b90271792b45951b69dc9c054dc862a7c9178ba82684e325a98b554b4&last=
07-05 22:56:56.195 D/HttpHandler(14222): DNSRetryIntercepter-->118.178.149.42
07-05 22:56:56.196 D/HttpHandler(14222): GslbDNS-->hostName=118.178.149.42
07-05 22:56:56.196 D/CommonHeader(14222): WeatherCode: 01
07-05 22:56:56.198 I/NetflixMonitorService( 1733): current fgapk : com.hisense.hicloud.edca
07-05 22:56:56.198 I/NetflixMonitorService( 1733): Netflix status unchanged
07-05 22:56:56.202 E/ContentValues(14222): refreshNetStatus: 
07-05 22:56:56.203 E/ContentValues(14222): refreshNetStatus: 
07-05 22:56:56.205 E/CommonHeader(14222): setNetStatusIcon: 30002
07-05 22:56:56.205 E/ContentValues(14222): refreshNetStatus: 
07-05 22:56:56.206 D/hwcomposer( 1204): lastHWWindowInfo is dirty
07-05 22:56:56.210 D/OkHttp  (14222): --> GET http://118.178.149.42/d?device_id=86100300900000500000060a4818fca8&host=b5d1d96093f9d07d386917b5d3b91cdcb031311b90271792b45951b69dc9c054dc862a7c9178ba82684e325a98b554b4&last= http/1.1
07-05 22:56:56.211 D/OkHttp  (14222): Host: lbgs.hismarttv.com
07-05 22:56:56.211 D/OkHttp  (14222): Connection: Keep-Alive
07-05 22:56:56.211 D/OkHttp  (14222): Accept-Encoding: gzip
07-05 22:56:56.211 D/OkHttp  (14222): User-Agent: okhttp/3.6.0
07-05 22:56:56.211 D/OkHttp  (14222): --> END GET
07-05 22:56:56.211 D/CommonHeader(14222): SLOVEN setPlaceInfo place---city::---
07-05 22:56:56.211 D/HeaderServiceManager(14222): adding listener com.hisense.tvui.newhome.view.header.view.CommonHeader$HeaderWeatherInfoListener@3b0448e6
07-05 22:56:56.211 D/BaseContentFragment(14222): header logoone open
07-05 22:56:56.211 D/CommonHeader(14222): onTabStatusChanged tabstatus===>:40001
07-05 22:56:56.218 D/OkHttp  (14222): --> GET http://118.178.149.42/d?device_id=86100300900000500000060a4818fca8&host=b5d1d96093f9d07d386917b5d3b91cdcb031311b90271792b45951b69dc9c054dc862a7c9178ba82684e325a98b554b4&last= http/1.1
07-05 22:56:56.218 D/OkHttp  (14222): Host: lbgs.hismarttv.com
07-05 22:56:56.218 D/OkHttp  (14222): Connection: Keep-Alive
07-05 22:56:56.218 D/OkHttp  (14222): Accept-Encoding: gzip
07-05 22:56:56.218 D/OkHttp  (14222): User-Agent: okhttp/3.6.0
07-05 22:56:56.218 D/OkHttp  (14222): --> END GET
07-05 22:56:56.220 D/OkHttp  (14222): --> GET http://118.178.149.42/d?device_id=86100300900000500000060a4818fca8&host=b5d1d96093f9d07d386917b5d3b91cdcb031311b90271792b45951b69dc9c054dc862a7c9178ba82684e325a98b554b4&last= http/1.1
07-05 22:56:56.220 D/OkHttp  (14222): Host: lbgs.hismarttv.com
07-05 22:56:56.220 D/OkHttp  (14222): Connection: Keep-Alive
07-05 22:56:56.220 D/OkHttp  (14222): Accept-Encoding: gzip
07-05 22:56:56.220 D/OkHttp  (14222): User-Agent: okhttp/3.6.0
07-05 22:56:56.220 D/OkHttp  (14222): --> END GET
07-05 22:56:56.235 I/Utils   (14222): getScreenSize() SCREEN_WIDTH = 1920, SCREEN_HEIGHT = 1080, DENSITY = 2.0
07-05 22:56:56.236 D/OkHttp  (14222): --> GET http://118.178.149.42/d?device_id=86100300900000500000060a4818fca8&host=b5d1d96093f9d07d386917b5d3b91cdcb031311b90271792b45951b69dc9c054dc862a7c9178ba82684e325a98b554b4&last= http/1.1
07-05 22:56:56.236 D/OkHttp  (14222): Host: lbgs.hismarttv.com
07-05 22:56:56.236 D/OkHttp  (14222): Connection: Keep-Alive
07-05 22:56:56.236 D/OkHttp  (14222): Accept-Encoding: gzip
07-05 22:56:56.236 D/OkHttp  (14222): User-Agent: okhttp/3.6.0
07-05 22:56:56.236 D/OkHttp  (14222): --> END GET
07-05 22:56:56.237 D/FirstLineAdapter(14222): tiles6
07-05 22:56:56.237 I/FirstLineAdapter(14222): canShowTrailer,isOffline=false
07-05 22:56:56.238 I/SpecialFirstView(14222): setData ,canshowtrailer:true
07-05 22:56:56.240 I/FirstLineAdapter(14222): onAttachedToRecyclerView 
07-05 22:56:56.241 I/size    (14222): size=10
07-05 22:56:56.244 I/RoleContentFragment(14222): set recyclerview adapter
07-05 22:56:56.244 I/RoleContentFragment(14222): has not get  recommand data
07-05 22:56:56.244 I/HomeDataPresenter(14222): getRecommandData(): channelId = 0RoleContentFragment541402653
07-05 22:56:56.244 I/HttpDnsUtils(14222): get favorite tag 
07-05 22:56:56.245 I/HttpDnsUtils(14222): getRecommandData: http://api.edu.hismarttv.com/usercenter/api/individualize_data?devid=86100300900000500000060a4818fca8&customerId=7195320&subscriberId=13287129&ChannelId=0&tags=&version_id=6&region_name=%E6%9D%AD%E5%B7%9E
07-05 22:56:56.246 D/til@system( 2026): til_get_system_param option:1000007 int:-1936523008, bool:0, ret:0
07-05 22:56:56.246 D/til@system( 2026): til_get_system_param option:1000009 int:-1936522112, bool:128, ret:0
07-05 22:56:56.247 D/til@system( 2026): til_get_system_param option:1000008 int:-1815632896, bool:0, ret:0
07-05 22:56:56.248 D/HttpBuilder(14222): getOperationDetail-productName : LED50MU8600UC
07-05 22:56:56.248 D/HttpBuilder(14222): getOperationDetail-plmNumber : 88888
07-05 22:56:56.248 D/HttpBuilder(14222): getOperationDetail-swVersion : V0000.00.01A
07-05 22:56:56.248 D/HttpBuilder(14222): getOperationDetail-operationDetail : LED50MU8600UC0000888
07-05 22:56:56.269 D/OkHttp  (14222): <-- 200 OK http://118.178.149.42/d?device_id=86100300900000500000060a4818fca8&host=b5d1d96093f9d07d386917b5d3b91cdcb031311b90271792b45951b69dc9c054dc862a7c9178ba82684e325a98b554b4&last= (57ms)
07-05 22:56:56.269 D/OkHttp  (14222): Server: openresty
07-05 22:56:56.269 D/OkHttp  (14222): Date: Wed, 05 Jul 2017 14:56:56 GMT
07-05 22:56:56.269 D/OkHttp  (14222): Content-Type: application/octet-stream
07-05 22:56:56.269 D/OkHttp  (14222): Transfer-Encoding: chunked
07-05 22:56:56.269 D/OkHttp  (14222): Connection: close
07-05 22:56:56.269 D/OkHttp  (14222): <-- END HTTP
07-05 22:56:56.276 D/HttpHandler(14222): DNSRetryIntercepter-->checkData=dbbf03a0e59a5c14094df6af108b323c4b2a7658bcee044f3f13e7ef2837fd24332bb33f5d30cf26e5a01bfa68c3e870e18e27913c9f15f52be4e2a0790ccd16b7f68278ddc529d58e1b4134064b3eda7a992ddc5acc5c8a2be666cbbb335082b73aca7b39a6092340e3bc570788fe04c2c0b1b707a7f2937dc7a5aa71a766d397dc8b3ac984e69ef37b3234528e7f26abcdbe5f25b5d469ce72e5e2c4d163af046faca77c3cd9bbe0b0bd07faa7b46b5399a0b19e65f9b75cb25b0a65247124c01b06a6b9387e3b90715d6cbfe1acd6e61e8fe7a5e182e93147b1c23ee48c1d1f88674fada07abc489d3241c6a747d2e50d7d014c8f33e96724edf7ad044509ee97e93f3273ee956059e8d7f1505d47c45e13038bddf8ffa8125a7985b90caefcafdaeff7a6f27f94eb7b8a15d49928
07-05 22:56:56.278 I/HttpBuilder(14222): addUrlPublicParams mUrl ==>http://api.edu.hismarttv.com/usercenter/api/individualize_data?devid=86100300900000500000060a4818fca8&customerId=7195320&subscriberId=13287129&ChannelId=0&tags=&version_id=6&region_name=%E6%9D%AD%E5%B7%9E&uuid=13287129&mac=a8:a6:48:18:fc:a8&model_id=0&APPPackage=com.hisense.hicloud.edca&PFAPPCode=652&APPVersionName=3.0.0.9.00&softwareVersion=LED50MU8600UC0000888&tv_distribute_id=00&devType=0&APIVersion=600&accessToken=72DF6038D2AEAB8A76DFBBBBCC428A4A_003695798279818
07-05 22:56:56.279 I/RoleContentFragment(14222): real get recommand data
07-05 22:56:56.279 I/RoleContentFragment(14222): setBackGround ,isVisible=true,hasload=true
07-05 22:56:56.279 I/Util    (14222): memory : total=1912,limit=1024
07-05 22:56:56.279 I/BaseContentFragment(14222): hideLoadingView
07-05 22:56:56.279 D/OkHttp  (14222): <-- 200 OK http://118.178.149.42/d?device_id=86100300900000500000060a4818fca8&host=b5d1d96093f9d07d386917b5d3b91cdcb031311b90271792b45951b69dc9c054dc862a7c9178ba82684e325a98b554b4&last= (61ms)
07-05 22:56:56.279 D/OkHttp  (14222): Server: openresty
07-05 22:56:56.279 D/OkHttp  (14222): Date: Wed, 05 Jul 2017 14:56:56 GMT
07-05 22:56:56.279 D/OkHttp  (14222): Content-Type: application/octet-stream
07-05 22:56:56.279 D/OkHttp  (14222): Transfer-Encoding: chunked
07-05 22:56:56.279 D/OkHttp  (14222): Connection: close
07-05 22:56:56.279 D/OkHttp  (14222): <-- END HTTP
07-05 22:56:56.279 I/RoleContentFragment(14222): getServiceData: 0
07-05 22:56:56.281 D/OkHttp  (14222): <-- 200 OK http://118.178.149.42/d?device_id=86100300900000500000060a4818fca8&host=b5d1d96093f9d07d386917b5d3b91cdcb031311b90271792b45951b69dc9c054dc862a7c9178ba82684e325a98b554b4&last= (61ms)
07-05 22:56:56.282 D/OkHttp  (14222): Server: openresty
07-05 22:56:56.282 D/OkHttp  (14222): Date: Wed, 05 Jul 2017 14:56:56 GMT
07-05 22:56:56.282 D/OkHttp  (14222): Content-Type: application/octet-stream
07-05 22:56:56.282 D/OkHttp  (14222): Transfer-Encoding: chunked
07-05 22:56:56.282 D/OkHttp  (14222): Connection: close
07-05 22:56:56.282 D/OkHttp  (14222): <-- END HTTP
07-05 22:56:56.282 D/HttpHandler(14222): VerifySignInterCeptor-->request.url()=http://api.edu.hismarttv.com/usercenter/api/individualize_data?devid=86100300900000500000060a4818fca8&customerId=7195320&subscriberId=13287129&ChannelId=0&tags=&version_id=6&region_name=%E6%9D%AD%E5%B7%9E&uuid=13287129&mac=a8:a6:48:18:fc:a8&model_id=0&APPPackage=com.hisense.hicloud.edca&PFAPPCode=652&APPVersionName=3.0.0.9.00&softwareVersion=LED50MU8600UC0000888&tv_distribute_id=00&devType=0&APIVersion=600&accessToken=72DF6038D2AEAB8A76DFBBBBCC428A4A_003695798279818
07-05 22:56:56.282 D/HttpHandler(14222): VerifySignInterCeptor-->hostname=api.edu.hismarttv.com
07-05 22:56:56.283 D/HttpHandler(14222): HttpDNS-->hostname=api.edu.hismarttv.com
07-05 22:56:56.283 D/HttpHandler(14222): DNSHelper-->gslbDnsresult={"timestamp":1499266616,"msg":"","data":{"lbgs.hismarttv.com":{"ips":["118.178.149.42","139.217.11.211"],"ttl":3600},"picture.edu.hismarttv.com":{"ips":["153.35.175.120","36.33.158.222","112.65.220.40","218.58.206.58","123.128.14.209","153.35.175.121","220.202.77.124"],"ttl":300}},"retCode":"0"}
07-05 22:56:56.283 I/System.out(14222):  remove duplicate [118.178.149.42, 139.217.11.211]
07-05 22:56:56.284 D/HttpHandler(14222): RAMCache-->hostInfo.getClientTimeStamp()=15455405
07-05 22:56:56.284 D/HttpHandler(14222): RAMCache-->hostInfo.getTtl()=3600
07-05 22:56:56.284 D/HttpHandler(14222): RAMCache-->SystemClock.elapsedRealtime()=15457855
07-05 22:56:56.288 D/HttpHandler(14222): DNSHelper-->httpDnsParser=["153.35.175.120","36.33.158.222","112.65.220.40","218.58.206.58","123.128.14.209","153.35.175.121","220.202.77.124"]
07-05 22:56:56.293 V/InputMethodService( 2203): startInput(): editor=android.view.inputmethod.EditorInfo@2ab290f3
07-05 22:56:56.293 V/InputMethodService( 2203): CALL: onFinishInput
07-05 22:56:56.294 E/SOGOUIME_JNI( 2203): reset
07-05 22:56:56.294 E/SOGOUIME_JNI( 2203): getCandidates
07-05 22:56:56.294 E/SOGOUIME_JNI( 2203): ime_get_uncommitted_length
07-05 22:56:56.294 E/SOGOUIME_JNI( 2203): getCandidates
07-05 22:56:56.294 D/SogouIME API( 2203): ==============num:32
07-05 22:56:56.294 E/SOGOUIME_JNI( 2203): ime_get_uncommitted_length
07-05 22:56:56.294 D/SogouIME( 2203): mFocusedComponent:30   isHkbEnable:false
07-05 22:56:56.295 E/SOGOUIME_JNI( 2203): ime_get_uncommitted_length
07-05 22:56:56.295 E/SOGOUIME_JNI( 2203): ime_get_committed_length
07-05 22:56:56.295 E/SOGOUIME_JNI( 2203): getComposingInfo
07-05 22:56:56.295 E/SOGOUIME_JNI( 2203): getComposingInfo
07-05 22:56:56.295 E/SOGOUIME_JNI( 2203): getCorrectInfo
07-05 22:56:56.295 E/SOGOUIME_JNI( 2203): getComposingInfo
07-05 22:56:56.295 V/InputMethodService( 2203): CALL: onStartInput
07-05 22:56:56.295 E/SOGOUIME_JNI( 2203): invalidateCommitWordPinyinNative
07-05 22:56:56.295 D/SogouIME( 2203): =====configKeyboard=======:false     false
07-05 22:56:56.295 E/SOGOUIME_JNI( 2203): ime_set_hard_kb_enable
07-05 22:56:56.300 D/OkHttp  (14222): <-- 200 OK http://118.178.149.42/d?device_id=86100300900000500000060a4818fca8&host=b5d1d96093f9d07d386917b5d3b91cdcb031311b90271792b45951b69dc9c054dc862a7c9178ba82684e325a98b554b4&last= (63ms)
07-05 22:56:56.300 D/OkHttp  (14222): Server: openresty
07-05 22:56:56.300 D/OkHttp  (14222): Date: Wed, 05 Jul 2017 14:56:56 GMT
07-05 22:56:56.300 D/OkHttp  (14222): Content-Type: application/octet-stream
07-05 22:56:56.300 D/OkHttp  (14222): Transfer-Encoding: chunked
07-05 22:56:56.300 D/OkHttp  (14222): Connection: close
07-05 22:56:56.300 D/OkHttp  (14222): <-- END HTTP
07-05 22:56:56.302 D/TabView (14222): SLOVEN top===>:266
07-05 22:56:56.302 D/TabFocusBorderView(14222): SLOVEN runTranslateAnimation
07-05 22:56:56.302 D/TabFocusBorderView(14222): SLOVEN runTranslateAnimation
07-05 22:56:56.303 D/TabFocusBorderView(14222): SLOVEN moveFocusView
07-05 22:56:56.303 D/HttpHandler(14222): DNSRetryIntercepter-->checkData=dbbf03a0e59a5c14094df6af108b323c4b2a7658bcee044f3f13e7ef2837fd24332bb33f5d30cf26e5a01bfa68c3e870e18e27913c9f15f52be4e2a0790ccd16b7f68278ddc529d58e1b4134064b3eda7a992ddc5acc5c8a2be666cbbb335082b73aca7b39a6092340e3bc570788fe04c2c0b1b707a7f2937dc7a5aa71a766d397dc8b3ac984e69ef37b3234528e7f26a748c00e6a084b71982e03678b09f53280d8f17b86f6d40baeb8be752f6fed8601a59d6eed5ff29017d2260e559370008ef49d32fd2ac7fef842777158e572dd278587b78bb0e3cc4fdcdc0a7ae634a2efe8cdb8cc5e92b6eeb3cd18ebf7857fce60a37ce3321cb0290958c3d7ebb08741f55b2f34f7830b5d3f91e8d2914e0e40664da3b791fa3ff16cfa4602e2236239a1e009c16d8ed2ce85d3e01cc2acfa
07-05 22:56:56.304 D/HttpHandler(14222): DNSRetryIntercepter-->checkData=dbbf03a0e59a5c14094df6af108b323c4b2a7658bcee044f3f13e7ef2837fd24332bb33f5d30cf26e5a01bfa68c3e870e18e27913c9f15f52be4e2a0790ccd16b7f68278ddc529d58e1b4134064b3eda7a992ddc5acc5c8a2be666cbbb335082b73aca7b39a6092340e3bc570788fe04c2c0b1b707a7f2937dc7a5aa71a766d397dc8b3ac984e69ef37b3234528e7f26aba659b8ff75f7341e39a62a54e895a13eb310c972153121dc57e7a70f989d6f9c45d791e6b8effea9f01bb3da4ec1f726b91c37ac66b69e25e887ef7dcfc30d660074ab5f7270998a57becf647cb9884730fa814bc3b01b4bd7527bea0862c8b7260229346a336847d68d9efd93d48fdaa1d21c17f78eae5c2c5867a21f3bb3d2d0f5612151d1a4ab8f6e7f3e1a82a9fe3726cf938301b789ad2e0c72a7326f
07-05 22:56:56.308 D/TabFocusBorderView(14222): SLOVEN onAnimationStart
07-05 22:56:56.308 D/HttpHandler(14222): DNSHelper-->gslbDnsresult={"timestamp":1499266616,"msg":"","data":{"lbgs.hismarttv.com":{"ips":["118.178.149.42","139.217.11.211"],"ttl":3600},"picture.edu.hismarttv.com":{"ips":["112.65.220.40","218.58.206.58","123.128.14.209","153.35.175.121","220.202.77.124","153.35.175.120","36.33.158.222"],"ttl":300}},"retCode":"0"}
07-05 22:56:56.308 I/System.out(14222):  remove duplicate [118.178.149.42, 139.217.11.211]
07-05 22:56:56.309 D/HttpHandler(14222): DNSHelper-->gslbDnsresult={"timestamp":1499266616,"msg":"","data":{"lbgs.hismarttv.com":{"ips":["118.178.149.42","139.217.11.211"],"ttl":3600},"picture.edu.hismarttv.com":{"ips":["112.65.220.40","218.58.206.58","123.128.14.209","153.35.175.121","220.202.77.124","153.35.175.120","36.33.158.222"],"ttl":300}},"retCode":"0"}
07-05 22:56:56.309 I/System.out(14222):  remove duplicate [118.178.149.42, 139.217.11.211]
07-05 22:56:56.310 D/HttpHandler(14222): DNSRetryIntercepter-->checkData=dbbf03a0e59a5c14094df6af108b323c4b2a7658bcee044f3f13e7ef2837fd24332bb33f5d30cf26e5a01bfa68c3e870e18e27913c9f15f52be4e2a0790ccd16b7f68278ddc529d58e1b4134064b3eda7a992ddc5acc5c8a2be666cbbb335082b73aca7b39a6092340e3bc570788fe04c2c0b1b707a7f2937dc7a5aa71a766d397dc8b3ac984e69ef37b3234528e7f26c5cf11ccc4fee2ebf44a1b20cb4d58435d39bf48fd84912e23fafc5ce32fa659bd3484cfc73ef0c3abb77ca958b33531eae1a8102dfb1a7672225a5a84e7a6385bcf46ee9183ca56c37d58285e61af9f4898e5b4321681738b40cba9013c694885a5e8cb37514bbbc736614abccf59b222b2540fb0cf5c28a02290d0904983953f09c4cb3e62f7d2cc707ab24612f94fdb8a03406a45c8b4ca8b6ea522b20792
07-05 22:56:56.314 D/TabView (14222): 
07-05 22:56:56.318 D/HttpHandler(14222): DNSHelper-->httpDnsParser=["112.65.220.40","218.58.206.58","123.128.14.209","153.35.175.121","220.202.77.124","153.35.175.120","36.33.158.222"]
07-05 22:56:56.328 D/OkHttp  (14222): --> GET http://picture.edu.hismarttv.com/images/20170628111759213347.png http/1.1
07-05 22:56:56.332 D/TabView (14222): 
07-05 22:56:56.334 D/TabView (14222): 
07-05 22:56:56.337 D/TabView (14222): 
07-05 22:56:56.339 D/TabView (14222): 
07-05 22:56:56.340 D/OkHttp  (14222): Host: picture.edu.hismarttv.com
07-05 22:56:56.341 D/OkHttp  (14222): Connection: Keep-Alive
07-05 22:56:56.341 D/OkHttp  (14222): Accept-Encoding: gzip
07-05 22:56:56.341 D/OkHttp  (14222): User-Agent: okhttp/3.6.0
07-05 22:56:56.341 D/OkHttp  (14222): --> END GET
07-05 22:56:56.341 D/TabView (14222): 
07-05 22:56:56.326 D/HttpHandler(14222): DNSHelper-->httpDnsParser=["112.65.220.40","218.58.206.58","123.128.14.209","153.35.175.121","220.202.77.124","153.35.175.120","36.33.158.222"]
07-05 22:56:56.342 D/TabView (14222): 
07-05 22:56:56.343 D/HttpHandler(14222): RetryIntercepter-->retryNum=0
07-05 22:56:56.343 D/HttpHandler(14222): RetryIntercepter-->backoffmutiplier=0
07-05 22:56:56.344 D/HttpHandler(14222): VerifySignInterCeptor-->request.url()=http://picture.edu.hismarttv.com/images/20170628115302475663.png
07-05 22:56:56.344 D/HttpHandler(14222): VerifySignInterCeptor-->hostname=picture.edu.hismarttv.com
07-05 22:56:56.345 D/HttpHandler(14222): HttpDNS-->hostname=picture.edu.hismarttv.com
07-05 22:56:56.346 D/TabView (14222): 
07-05 22:56:56.346 D/HttpHandler(14222): RAMCache-->hostInfo.getClientTimeStamp()=15457884
07-05 22:56:56.346 D/HttpHandler(14222): RAMCache-->hostInfo.getTtl()=300
07-05 22:56:56.346 D/HttpHandler(14222): RAMCache-->SystemClock.elapsedRealtime()=15457918
07-05 22:56:56.347 D/TabView (14222): 
07-05 22:56:56.349 D/TabView (14222): 
07-05 22:56:56.351 D/TabView (14222): 
07-05 22:56:56.353 D/TabView (14222): 
07-05 22:56:56.354 D/TabView (14222): 
07-05 22:56:56.357 D/TabView (14222): 
07-05 22:56:56.362 D/OkHttp  (14222): --> GET http://picture.edu.hismarttv.com/images/20170628121916725281.png http/1.1
07-05 22:56:56.362 D/OkHttp  (14222): Host: picture.edu.hismarttv.com
07-05 22:56:56.362 D/OkHttp  (14222): Connection: Keep-Alive
07-05 22:56:56.362 D/OkHttp  (14222): Accept-Encoding: gzip
07-05 22:56:56.363 D/OkHttp  (14222): User-Agent: okhttp/3.6.0
07-05 22:56:56.363 D/OkHttp  (14222): --> END GET
07-05 22:56:56.363 D/TabView (14222): 
07-05 22:56:56.364 D/HttpHandler(14222): DNSHelper-->gslbDnsresult={"timestamp":1499266616,"msg":"","data":{"lbgs.hismarttv.com":{"ips":["118.178.149.42","139.217.11.211"],"ttl":3600},"picture.edu.hismarttv.com":{"ips":["218.58.206.58","123.128.14.209","153.35.175.121","220.202.77.124","153.35.175.120","36.33.158.222","112.65.220.40"],"ttl":300}},"retCode":"0"}
07-05 22:56:56.364 I/System.out(14222):  remove duplicate [118.178.149.42, 139.217.11.211]
07-05 22:56:56.365 D/TabView (14222): 
07-05 22:56:56.366 D/HttpHandler(14222): DNSHelper-->gslbDns=["112.65.220.40","218.58.206.58","123.128.14.209","153.35.175.121","220.202.77.124","153.35.175.120","36.33.158.222"]
07-05 22:56:56.369 I/MyFragmentStateAdapter(14222): getCount
07-05 22:56:56.369 I/MyFragmentStateAdapter(14222): getCount
07-05 22:56:56.370 D/TabView (14222): 
07-05 22:56:56.388 D/OkHttp  (14222): --> GET http://picture.edu.hismarttv.com/images/20170628115302475663.png http/1.1
07-05 22:56:56.388 D/OkHttp  (14222): Host: picture.edu.hismarttv.com
07-05 22:56:56.388 D/OkHttp  (14222): Connection: Keep-Alive
07-05 22:56:56.388 D/OkHttp  (14222): Accept-Encoding: gzip
07-05 22:56:56.388 D/OkHttp  (14222): User-Agent: okhttp/3.6.0
07-05 22:56:56.388 D/OkHttp  (14222): --> END GET
07-05 22:56:56.390 D/TabView (14222): 
07-05 22:56:56.394 D/OkHttp  (14222): <-- 200 OK http://picture.edu.hismarttv.com/images/20170628111759213347.png (52ms)
07-05 22:56:56.394 D/OkHttp  (14222): Date: Mon, 03 Jul 2017 11:11:32 GMT
07-05 22:56:56.394 D/OkHttp  (14222): Server: nginx
07-05 22:56:56.394 D/OkHttp  (14222): Content-Type: image/png
07-05 22:56:56.394 D/OkHttp  (14222): Content-Length: 2518
07-05 22:56:56.394 D/OkHttp  (14222): Last-Modified: Wed, 28 Jun 2017 11:17:59 GMT
07-05 22:56:56.394 D/OkHttp  (14222): ETag: "59539067-9d6"
07-05 22:56:56.394 D/TabView (14222): 
07-05 22:56:56.394 D/OkHttp  (14222): Accept-Ranges: bytes
07-05 22:56:56.394 D/OkHttp  (14222): Age: 186324
07-05 22:56:56.394 D/OkHttp  (14222): Via: 1.1 pingwangtong47:3 (Cdn Cache Server V2.0)[0 200 0], 1.1 t86:3 (Cdn Cache Server V2.0)[16 200 0]
07-05 22:56:56.394 D/OkHttp  (14222): Connection: keep-alive
07-05 22:56:56.394 D/OkHttp  (14222): <-- END HTTP
07-05 22:56:56.395 D/OkHttp  (14222): <-- 200 OK http://picture.edu.hismarttv.com/images/20170628121916725281.png (32ms)
07-05 22:56:56.395 D/OkHttp  (14222): Date: Wed, 05 Jul 2017 14:00:46 GMT
07-05 22:56:56.396 D/OkHttp  (14222): Server: nginx
07-05 22:56:56.396 D/OkHttp  (14222): Content-Type: image/png
07-05 22:56:56.396 D/OkHttp  (14222): Content-Length: 2555
07-05 22:56:56.396 D/OkHttp  (14222): Last-Modified: Wed, 28 Jun 2017 12:19:16 GMT
07-05 22:56:56.396 D/OkHttp  (14222): ETag: "59539ec4-9fb"
07-05 22:56:56.396 D/OkHttp  (14222): Accept-Ranges: bytes
07-05 22:56:56.396 D/OkHttp  (14222): Age: 3370
07-05 22:56:56.396 D/OkHttp  (14222): Via: 1.1 jn239:1 (Cdn Cache Server V2.0)[21 200 0], 1.1 jcl26:0 (Cdn Cache Server V2.0)[0 200 0]
07-05 22:56:56.396 D/OkHttp  (14222): Connection: keep-alive
07-05 22:56:56.396 D/OkHttp  (14222): <-- END HTTP
07-05 22:56:56.396 D/TabView (14222): 
07-05 22:56:56.398 D/TabView (14222): 
07-05 22:56:56.400 D/TabView (14222): 
07-05 22:56:56.402 D/TabView (14222): 
07-05 22:56:56.402 D/HttpHandler(14222): RetryIntercepter-->retryNum=0
07-05 22:56:56.402 D/HttpHandler(14222): RetryIntercepter-->backoffmutiplier=0
07-05 22:56:56.403 D/HttpHandler(14222): RetryIntercepter-->retryNum=0
07-05 22:56:56.403 D/HttpHandler(14222): RetryIntercepter-->backoffmutiplier=0
07-05 22:56:56.409 D/TabView (14222): 
07-05 22:56:56.413 D/TabView (14222): 
07-05 22:56:56.415 D/TabView (14222): 
07-05 22:56:56.417 D/TabView (14222): 
07-05 22:56:56.418 D/OkHttp  (14222): <-- 200 OK http://picture.edu.hismarttv.com/images/20170628115302475663.png (29ms)
07-05 22:56:56.418 D/OkHttp  (14222): Date: Wed, 05 Jul 2017 14:00:46 GMT
07-05 22:56:56.418 D/OkHttp  (14222): Server: nginx
07-05 22:56:56.418 D/OkHttp  (14222): Content-Type: image/png
07-05 22:56:56.418 D/OkHttp  (14222): Content-Length: 2527
07-05 22:56:56.418 D/OkHttp  (14222): Last-Modified: Wed, 28 Jun 2017 11:53:02 GMT
07-05 22:56:56.418 D/OkHttp  (14222): ETag: "5953989e-9df"
07-05 22:56:56.418 D/OkHttp  (14222): Accept-Ranges: bytes
07-05 22:56:56.418 D/OkHttp  (14222): Age: 3370
07-05 22:56:56.418 D/OkHttp  (14222): Via: 1.1 jn241:2 (Cdn Cache Server V2.0)[8 200 0], 1.1 luwangtong27:2 (Cdn Cache Server V2.0)[0 200 0]
07-05 22:56:56.418 D/OkHttp  (14222): Connection: keep-alive
07-05 22:56:56.418 D/OkHttp  (14222): <-- END HTTP
07-05 22:56:56.423 I/art     (14222): Background partial concurrent mark sweep GC freed 39062(2MB) AllocSpace objects, 2(1330KB) LOS objects, 14% free, 23MB/27MB, paused 5.610ms total 132.888ms
07-05 22:56:56.423 D/TabView (14222): 
07-05 22:56:56.424 D/NativeDecimalFormat(14222): NativeDecimalFormat_close print addr=3997598208
07-05 22:56:56.424 D/NativeDecimalFormat(14222): NativeDecimalFormat_close print g_addr=3997598976
07-05 22:56:56.424 D/NativeDecimalFormat(14222): NativeDecimalFormat_close print addr=3997598976
07-05 22:56:56.424 D/NativeDecimalFormat(14222): NativeDecimalFormat_close print g_addr=3997598976
07-05 22:56:56.426 D/TabView (14222): 
07-05 22:56:56.430 D/HttpHandler(14222): DNSHelper-->httpDnsParser=["218.58.206.58","123.128.14.209","153.35.175.121","220.202.77.124","153.35.175.120","36.33.158.222","112.65.220.40"]
07-05 22:56:56.431 D/HttpHandler(14222): DNSHelper-->gslbDns=["123.103.91.123"]
07-05 22:56:56.432 D/TabView (14222): 
07-05 22:56:56.434 D/TabView (14222): 
07-05 22:56:56.436 D/TabView (14222): 
07-05 22:56:56.440 I/MyFragmentStateAdapter(14222): getCount
07-05 22:56:56.440 I/MyFragmentStateAdapter(14222): getCount
07-05 22:56:56.458 D/HttpHandler(14222): RetryIntercepter-->retryNum=0
07-05 22:56:56.458 D/HttpHandler(14222): RetryIntercepter-->backoffmutiplier=0
07-05 22:56:56.467 I/TabView (14222): onScroll:,firstItem=0,visibleCount=6,totalCount=10
07-05 22:56:56.503 I/ContentBridgeAdapterListener(14222): onAddPresenter 0
07-05 22:56:56.507 I/TVMW@HsTvSetting( 1234): Trace cmd, data = 0x1058
07-05 22:56:56.508 D/til@system( 2026): til_get_system_param option:100002F int:0, bool:0, ret:0
07-05 22:56:56.509 I/TVMW@HsTvSetting( 1234): Trace cmd, data = 0x101f
07-05 22:56:56.509 D/til@system( 2026): til_get_system_param option:100001D int:3, bool:3, ret:0
07-05 22:56:56.509 E/til     ( 2026): [til_get_current_input_source, 101] 
07-05 22:56:56.509 I/TVMW@HsTvSetting( 1234): Trace cmd, data = 0x7007
07-05 22:56:56.509 I/tilwrapper@sm( 2026): HS2TIL_SourceType *hs=0xd, *til=0x900
07-05 22:56:56.509 D/til     ( 2026): get current source 2304
