07-06 00:14:35.770 D/MediaHTTPConnection(25083): connect: uri=http://jhxvideo-ws.video-tx.com/rendition/201705/205989353451683841/205989353451684353/bb/243216185158536196/243216215223308548/r243216215223308548-3200k-1920x1080.mp4?wsSecret=fb2eb8f6a39e77637c3fca2aac2bf8f9&wsTime=595d106a, headers=User-Agent: stagefright/1.2 (Linux;Android 5.1.1)
07-06 00:14:35.770 V/SurfaceView(25083): Layout: x=418 y=205 w=816 h=460, frame=Rect(0, 0 - 816, 460)
07-06 00:14:35.771 D/MediaHTTPConnection(25083): seekTo 0
07-06 00:14:35.775 D/MediaHTTPConnection(25083): hitting http://jhxvideo-ws.video-tx.com/rendition/201705/205989353451683841/205989353451684353/bb/243216185158536196/243216215223308548/r243216215223308548-3200k-1920x1080.mp4?wsSecret=fb2eb8f6a39e77637c3fca2aac2bf8f9&wsTime=595d106a
07-06 00:14:35.776 D/Surface ( 1733): onStatusChange() : mNativeObject = 547942742528 mUseImageHwRender = false
07-06 00:14:35.776 V/Surface ( 1733): nativeSetHardwareRender() : status = 0
07-06 00:14:35.776 V/Surface ( 1733): nativeSetHardwareRender() : end
07-06 00:14:35.777 D/OsdMonitorService( 1733): mCurrentWindow = com.hisense.hicloud.edca/com.hisense.hicloud.edca.mediaplayer.activity.DetailPlayActivity; newWindow = com.hisense.hicloud.edca/com.hisense.tvui.newhome.HomeMainActivity; isSubWindow = false; isInWinList = false; isExitNow = false
07-06 00:14:35.777 D/OsdMonitorService( 1733): windowNotOsd() : name = com.hisense.hicloud.edca/com.hisense.tvui.newhome.HomeMainActivity
07-06 00:14:35.777 I/OsdMonitorService( 1733): setOsdStatus() : status will change from true to true
07-06 00:14:35.779 D/PowerManagerService( 1733): setScreenBrightnessOverrideFromWindowManagerInternal done
07-06 00:14:35.780 D/HttpHandler(25083): RetryIntercepter-->retryNum=0
07-06 00:14:35.780 D/HttpHandler(25083): RetryIntercepter-->backoffmutiplier=0
07-06 00:14:35.781 D/Surface ( 1733): onStatusChange() : mNativeObject = 0 mUseImageHwRender = false
07-06 00:14:35.781 D/HttpHandler(25083): VerifySignInterCeptor-->dateType=1
07-06 00:14:35.781 D/HttpHandler(25083): VerifySignInterCeptor-->HttpRequestManager.httpClietOption.getVerifyFlag()=1
07-06 00:14:35.782 D/Surface (25083): onStatusChange() : mNativeObject = -195843328 mUseImageHwRender = false
07-06 00:14:35.782 V/Surface (25083): nativeSetHardwareRender() : status = 0
07-06 00:14:35.782 V/Surface (25083): nativeSetHardwareRender() : end
07-06 00:14:35.784 D/gralloc ( 1204): allocate buffer from ION HEAP 0x1
07-06 00:14:35.784 D/gralloc ( 1204): allocate memory from system heap
07-06 00:14:35.790 I/TVMW@HsTvSetting( 1234): Trace cmd, data = 0x1058
07-06 00:14:35.790 D/til@system( 2026): til_get_system_param option:100002F int:0, bool:0, ret:0
07-06 00:14:35.791 I/TVMW@HsTvSetting( 1234): Trace cmd, data = 0x101f
07-06 00:14:35.791 D/til@system( 2026): til_get_system_param option:100001D int:3, bool:3, ret:0
07-06 00:14:35.791 E/til     ( 2026): [til_get_current_input_source, 101] 
07-06 00:14:35.791 I/TVMW@HsTvSetting( 1234): Trace cmd, data = 0x7007
07-06 00:14:35.791 D/gralloc ( 1204): allocate buffer from ION HEAP 0x1
07-06 00:14:35.791 D/gralloc ( 1204): allocate memory from system heap
07-06 00:14:35.791 I/tilwrapper@sm( 2026): HS2TIL_SourceType *hs=0xd, *til=0x900
07-06 00:14:35.791 D/til     ( 2026): get current source 2304
07-06 00:14:35.791 D/SourceRemoteServiceHandler( 2026): getCurrentInputSource.from.til.result is 0, value is 2304
07-06 00:14:35.791 D/SourceRemoteServiceHandler( 2026): getInputSourceType source: 0x900, type=2304
07-06 00:14:35.791 D/til     ( 2026): ###### func:til_get_picture_param option:0x3000006 ######  
07-06 00:14:35.791 I/TVMW@HsTvSetting( 1234): Trace cmd, data = 0x1003
07-06 00:14:35.793 D/HttpHandler(25083): VerifySignInterCeptor-->content={"endTime": 0, "isOrder": 0}
07-06 00:14:35.793 D/gralloc ( 1204): allocate buffer from ION HEAP 0x1
07-06 00:14:35.793 D/gralloc ( 1204): allocate memory from system heap
07-06 00:14:35.796 I/SurfaceView(25083): Changes: creating=false format=false size=false visible=false left=false top=false
07-06 00:14:35.796 I/SurfaceView(25083): Cur surface: Surface(name=null)/@0x82c89fe
07-06 00:14:35.796 I/TVMW@HsTvSetting( 1234): Trace cmd, data = 0x8032
07-06 00:14:35.797 D/Surface ( 1733): onStatusChange() : mNativeObject = 547819104768 mUseImageHwRender = false
07-06 00:14:35.797 V/Surface ( 1733): nativeSetHardwareRender() : status = 0
07-06 00:14:35.797 V/Surface ( 1733): nativeSetHardwareRender() : end
07-06 00:14:35.797 I/MiSysSrv( 1214): Not support now! 42, change to mm_video!!!
07-06 00:14:35.797 D/OsdMonitorService( 1733): mCurrentWindow = com.hisense.hicloud.edca/com.hisense.tvui.newhome.HomeMainActivity; newWindow = com.hisense.hicloud.edca/com.hisense.tvui.newhome.HomeMainActivity; isSubWindow = false; isInWinList = false; isExitNow = false
07-06 00:14:35.797 D/OsdMonitorService( 1733): windowNotOsd() : name = com.hisense.hicloud.edca/com.hisense.tvui.newhome.HomeMainActivity
07-06 00:14:35.797 I/OsdMonitorService( 1733): setOsdStatus() : status will change from true to true
07-06 00:14:35.797 E/TVMW@videoctrl( 1234):  getOsd is 1
07-06 00:14:35.797 D/til@system( 2026): til_get_system_param option:1000027 int:1, bool:1, ret:0
07-06 00:14:35.797 I/hstvos  ( 1216): [0m[1;33m[HSHAL][HS_VIDEO][HS_HAL_Video_SetOsdDetect_v2][2389]u16Threshold = 20
07-06 00:14:35.797 D/til     ( 2026): ###### func:til_get_picture_param option:0x3000045 ######  
07-06 00:14:35.798 I/TVMW@HsTvSetting( 1234): Trace cmd, data = 0x300c
07-06 00:14:35.798 I/TVMW@HsTvSetting( 1234): Trace 3d, data = 0x300c
07-06 00:14:35.798 I/TVMW@3d ( 1234): Hs_debug3d_trace: func:get3dStatus, line:109
07-06 00:14:35.798 D/PowerManagerService( 1733): setScreenBrightnessOverrideFromWindowManagerInternal done
07-06 00:14:35.800 D/Surface ( 1733): onStatusChange() : mNativeObject = 0 mUseImageHwRender = false
07-06 00:14:35.800 D/Surface (25083): onStatusChange() : mNativeObject = -532479232 mUseImageHwRender = false
07-06 00:14:35.800 V/Surface (25083): nativeSetHardwareRender() : status = 0
07-06 00:14:35.800 V/Surface (25083): nativeSetHardwareRender() : end
07-06 00:14:35.800 I/SurfaceView(25083): New surface: Surface(name=null)/@0x576555f, vis=true, frame=Rect(418, 205 - 1234, 665)
07-06 00:14:35.800 D/Surface (25083): onStatusChange() : mNativeObject = 0 mUseImageHwRender = false
07-06 00:14:35.801 D/Surface (25083): onStatusChange() : mNativeObject = -532479232 mUseImageHwRender = false
07-06 00:14:35.801 V/Surface (25083): nativeSetHardwareRender() : status = 0
07-06 00:14:35.801 V/Surface (25083): nativeSetHardwareRender() : end
07-06 00:14:35.801 I/SurfaceView(25083): surfaceRedrawNeeded
07-06 00:14:35.801 I/SurfaceView(25083): finishedDrawing
07-06 00:14:35.803 D/PowerManagerService( 1733): setScreenBrightnessOverrideFromWindowManagerInternal done
07-06 00:14:35.804 V/SurfaceView(25083): Layout: x=418 y=205 w=816 h=460, frame=Rect(0, 0 - 816, 460)
07-06 00:14:35.817 I/SurfaceView(25083): Changes: creating=false format=false size=false visible=false left=false top=false
07-06 00:14:35.817 I/SurfaceView(25083): Cur surface: Surface(name=null)/@0x82c89fe
07-06 00:14:35.818 D/Surface ( 1733): onStatusChange() : mNativeObject = 547819104768 mUseImageHwRender = false
07-06 00:14:35.818 V/Surface ( 1733): nativeSetHardwareRender() : status = 0
07-06 00:14:35.818 V/Surface ( 1733): nativeSetHardwareRender() : end
07-06 00:14:35.818 D/OsdMonitorService( 1733): mCurrentWindow = com.hisense.hicloud.edca/com.hisense.tvui.newhome.HomeMainActivity; newWindow = com.hisense.hicloud.edca/com.hisense.tvui.newhome.HomeMainActivity; isSubWindow = false; isInWinList = false; isExitNow = false
07-06 00:14:35.818 D/OsdMonitorService( 1733): windowNotOsd() : name = com.hisense.hicloud.edca/com.hisense.tvui.newhome.HomeMainActivity
07-06 00:14:35.818 I/OsdMonitorService( 1733): setOsdStatus() : status will change from true to true
07-06 00:14:35.819 I/TVMW@devctrl( 1234): wdt
07-06 00:14:35.820 D/PowerManagerService( 1733): setScreenBrightnessOverrideFromWindowManagerInternal done
07-06 00:14:35.828 D/Surface ( 1733): onStatusChange() : mNativeObject = 0 mUseImageHwRender = false
07-06 00:14:35.829 D/Surface (25083): onStatusChange() : mNativeObject = -195873792 mUseImageHwRender = false
07-06 00:14:35.829 V/Surface (25083): nativeSetHardwareRender() : status = 0
07-06 00:14:35.829 V/Surface (25083): nativeSetHardwareRender() : end
07-06 00:14:35.829 I/SurfaceView(25083): New surface: Surface(name=null)/@0x576555f, vis=true, frame=Rect(418, 205 - 1234, 665)
07-06 00:14:35.829 D/Surface (25083): onStatusChange() : mNativeObject = 0 mUseImageHwRender = false
07-06 00:14:35.829 D/Surface (25083): onStatusChange() : mNativeObject = -195873792 mUseImageHwRender = false
07-06 00:14:35.829 V/Surface (25083): nativeSetHardwareRender() : status = 0
07-06 00:14:35.829 V/Surface (25083): nativeSetHardwareRender() : end
07-06 00:14:35.829 I/SurfaceView(25083): surfaceRedrawNeeded
07-06 00:14:35.829 I/SurfaceView(25083): finishedDrawing
07-06 00:14:35.830 V/SurfaceView(25083): Layout: x=418 y=205 w=816 h=460, frame=Rect(0, 0 - 816, 460)
07-06 00:14:35.841 D/MediaHTTPConnection(25083): [Connection@853757317] response.heeader.null = HTTP/1.1 206 Partial Content
07-06 00:14:35.841 D/MediaHTTPConnection(25083): [Connection@853757317] response.heeader.Accept-Ranges = bytes
07-06 00:14:35.841 D/MediaHTTPConnection(25083): [Connection@853757317] response.heeader.Age = 3325480
07-06 00:14:35.841 D/MediaHTTPConnection(25083): [Connection@853757317] response.heeader.Cache-Control = max-age=5184000
07-06 00:14:35.841 D/MediaHTTPConnection(25083): [Connection@853757317] response.heeader.Connection = keep-alive
07-06 00:14:35.842 D/MediaHTTPConnection(25083): [Connection@853757317] response.heeader.Content-Length = 218840697
07-06 00:14:35.842 D/MediaHTTPConnection(25083): [Connection@853757317] response.heeader.Content-MD5 = b0d2FgZ34VxS2J9TYuIjgA==
07-06 00:14:35.842 D/MediaHTTPConnection(25083): [Connection@853757317] response.heeader.Content-Range = bytes 0-218840696/218840697
07-06 00:14:35.842 D/MediaHTTPConnection(25083): [Connection@853757317] response.heeader.Content-Type = application/octet-stream
07-06 00:14:35.842 D/MediaHTTPConnection(25083): [Connection@853757317] response.heeader.Date = Sun, 28 May 2017 04:29:55 GMT
07-06 00:14:35.842 D/MediaHTTPConnection(25083): [Connection@853757317] response.heeader.ETag = "6F4776160677E15C52D89F5362E22380"
07-06 00:14:35.842 D/MediaHTTPConnection(25083): [Connection@853757317] response.heeader.Last-Modified = Mon, 08 May 2017 17:24:17 GMT
07-06 00:14:35.842 D/MediaHTTPConnection(25083): [Connection@853757317] response.heeader.Server = nginx/1.2.4
07-06 00:14:35.842 D/MediaHTTPConnection(25083): [Connection@853757317] response.heeader.Via = 1.1 chshx150:7 (Cdn Cache Server V2.0)[95 200 2], 1.1 zhdxxz41:2 (Cdn Cache Server V2.0)[25 200 0], 1.1 daodianxinxiazai144:3 (Cdn Cache Server V2.0)[0 200 0]
07-06 00:14:35.842 D/MediaHTTPConnection(25083): [Connection@853757317] response.heeader.X-Android-Received-Millis = 1499271275841
07-06 00:14:35.842 D/MediaHTTPConnection(25083): [Connection@853757317] response.heeader.X-Android-Response-Source = NETWORK 206
07-06 00:14:35.842 D/MediaHTTPConnection(25083): [Connection@853757317] response.heeader.X-Android-Sent-Millis = 1499271275814
07-06 00:14:35.842 D/MediaHTTPConnection(25083): [Connection@853757317] response.heeader.x-oss-hash-crc64ecma = 10858506031335928878
07-06 00:14:35.842 D/MediaHTTPConnection(25083): [Connection@853757317] response.heeader.x-oss-object-type = Normal
07-06 00:14:35.842 D/MediaHTTPConnection(25083): [Connection@853757317] response.heeader.x-oss-request-id = 591D64783FEA2FF75DF4AA6E
07-06 00:14:35.842 D/MediaHTTPConnection(25083): [Connection@853757317] response.heeader.x-oss-server-time = 46
07-06 00:14:35.842 D/MediaHTTPConnection(25083): [Connection@853757317] response.heeader.x-oss-storage-class = Standard
07-06 00:14:35.862 I/MyFragmentStateAdapter(25083): getCount
07-06 00:14:35.884 D/OsdMonitorService( 1733): mCurrentWindow = com.hisense.hicloud.edca/com.hisense.tvui.newhome.HomeMainActivity; newWindow = com.hisense.hicloud.edca/com.hisense.tvui.newhome.HomeMainActivity; isSubWindow = false; isInWinList = false; isExitNow = false
07-06 00:14:35.884 D/OsdMonitorService( 1733): windowNotOsd() : name = com.hisense.hicloud.edca/com.hisense.tvui.newhome.HomeMainActivity
07-06 00:14:35.884 I/OsdMonitorService( 1733): setOsdStatus() : status will change from true to true
07-06 00:14:35.884 D/PowerManagerService( 1733): setScreenBrightnessOverrideFromWindowManagerInternal done
07-06 00:14:35.887 D/PowerManagerService( 1733): setScreenBrightnessOverrideFromWindowManagerInternal done
07-06 00:14:35.894 D/PowerManagerService( 1733): setScreenBrightnessOverrideFromWindowManagerInternal done
07-06 00:14:35.896 V/InputMethodService( 2203): startInput(): editor=android.view.inputmethod.EditorInfo@157e7b14
07-06 00:14:35.896 V/InputMethodService( 2203): CALL: onFinishInput
07-06 00:14:35.897 E/SOGOUIME_JNI( 2203): reset
07-06 00:14:35.897 E/SOGOUIME_JNI( 2203): getCandidates
07-06 00:14:35.897 E/SOGOUIME_JNI( 2203): ime_get_uncommitted_length
07-06 00:14:35.897 E/SOGOUIME_JNI( 2203): getCandidates
07-06 00:14:35.897 D/SogouIME API( 2203): ==============num:32
07-06 00:14:35.897 E/SOGOUIME_JNI( 2203): ime_get_uncommitted_length
07-06 00:14:35.897 D/SogouIME( 2203): mFocusedComponent:30   isHkbEnable:false
07-06 00:14:35.897 E/SOGOUIME_JNI( 2203): ime_get_uncommitted_length
07-06 00:14:35.897 E/SOGOUIME_JNI( 2203): ime_get_committed_length
07-06 00:14:35.897 E/SOGOUIME_JNI( 2203): getComposingInfo
07-06 00:14:35.897 E/SOGOUIME_JNI( 2203): getComposingInfo
07-06 00:14:35.897 E/SOGOUIME_JNI( 2203): getCorrectInfo
07-06 00:14:35.897 E/SOGOUIME_JNI( 2203): getComposingInfo
07-06 00:14:35.898 V/InputMethodService( 2203): CALL: onStartInput
07-06 00:14:35.898 E/SOGOUIME_JNI( 2203): invalidateCommitWordPinyinNative
07-06 00:14:35.898 D/SogouIME( 2203): =====configKeyboard=======æ˜¯å¦æœ‰ç¡¬ä»¶ç›˜:false     ç¡¬ä»¶ç›˜æ˜¯å¦ä¸å†éšè—ï¼šfalse
07-06 00:14:35.898 E/SOGOUIME_JNI( 2203): ime_set_hard_kb_enable
07-06 00:14:35.901 D/HiNetworkImpl(25083): doHttp_Asyn(): onReqResponse isSuccessful = true, back from thread: main
07-06 00:14:35.901 I/HiNetworkImpl(25083): doHttp_Asyn(): onSuccess clazz = class com.hisense.sdk.domain.OrderCheckedBean, back from thread: main
07-06 00:14:35.901 I/DetailPlayActivity(25083): checkOrderTime : 20117473  æ£€æŸ¥è¯¾ç¨‹æ˜¯å¦å·²è´­ç”¨æ—¶ï¼š  745
07-06 00:14:35.902 D/til@system( 2026): til_get_system_param option:1000007 int:-1936523008, bool:0, ret:0
07-06 00:14:35.903 D/OkHttp  (25083): <-- 403 Forbidden http://picture.edu.hismarttv.com/images/ (191ms)
07-06 00:14:35.903 D/OkHttp  (25083): Date: Wed, 05 Jul 2017 16:14:35 GMT
07-06 00:14:35.903 D/OkHttp  (25083): Server: nginx
07-06 00:14:35.903 D/OkHttp  (25083): Content-Type: text/html; charset=UTF-8
07-06 00:14:35.903 D/OkHttp  (25083): Content-Length: 162
07-06 00:14:35.903 D/OkHttp  (25083): Via: 1.1 shuozhou56:0 (Cdn Cache Server V2.0)[32 403 2], 1.1 PSahmaswt2en210:2 (Cdn Cache Server V2.0)[152 403 2]
07-06 00:14:35.903 D/OkHttp  (25083): Connection: close
07-06 00:14:35.903 D/OkHttp  (25083): <-- END HTTP
07-06 00:14:35.903 D/HttpHandler(25083): RetryIntercepter-->retryNum=0
07-06 00:14:35.903 D/HttpHandler(25083): RetryIntercepter-->backoffmutiplier=0
07-06 00:14:35.903 D/til@system( 2026): til_get_system_param option:1000009 int:-1936525184, bool:128, ret:0
07-06 00:14:35.908 D/til@system( 2026): til_get_system_param option:1000008 int:-1815632896, bool:0, ret:0
07-06 00:14:35.909 D/HiSDKLogReport(25083): getOperationDetail-productName : LED50MU8600UC
07-06 00:14:35.909 D/HiSDKLogReport(25083): getOperationDetail-plmNumber : 88888
07-06 00:14:35.909 D/HiSDKLogReport(25083): getOperationDetail-swVersion : V0000.00.01A
07-06 00:14:35.909 D/HiSDKLogReport(25083): getOperationDetail-operationDetail : LED50MU8600UC0000888
07-06 00:14:35.909 D/HiSDKLogReport(25083): processLogReport-log : {eventType=110, appKey=1182445233, APPVersionName=3.0.0.9.00, devid=86100300900000500000060a4818fca8, mac=a8:a6:48:18:fc:a8, uuid=13287129, accessToken=72DF6038D2AEAB8A76DFBBBBCC428A4A_000734620652217, APIversion=501, logversion=2.0, devType=0, APPPackage=com.hisense.hicloud.edca, eventPos=072, requesttime=1499271275909, customerId=7195320, value2=, eventMessage=HttpDetailCheckOrder, value1=745, model_id=0, ChannelId=0, version=00.002.003, tv_distribute_id=00, subscriberId=13287129, APIVersion=600, PFAPPCode=652, softwareVersion=LED50MU8600UC0000888}
07-06 00:14:35.910 D/DetailPlayActivity(25083): mSourceType:1002    getIntent().getIntExtra(Constants.PLAYFLAG, 0):0
07-06 00:14:35.910 D/DetailPlayActivity(25083): sunliqin,sIsConfigQuestionDisplay: falsesIsQuestionDisplay:false  detail display:false
07-06 00:14:35.910 D/DetailPlayActivity(25083): mIsSoldOut:false
07-06 00:14:35.910 D/DetailPlayActivity(25083): mIsFree:false     lesson is bought:false
07-06 00:14:35.910 D/DetailPlayActivity(25083): managerBoughtVipdata,ID :-1
07-06 00:14:35.914 I/CommonUtils(25083):  object to json [6,14]
07-06 00:14:35.914 D/DetailPlayActivity(25083): detail belongs list is =============[6,14]
07-06 00:14:35.915 I/CommonUtils(25083):  object to json null
07-06 00:14:35.915 D/DetailPlayActivity(25083): the user bought vip list is  =============null
07-06 00:14:35.915 D/DetailPlayActivity(25083): user bought vip list is null
07-06 00:14:35.915 D/DetailPlayActivity(25083): user overtime bought vip list is null
07-06 00:14:35.915 D/DetailPlayActivity(25083): managerBoughtStatus----------------------------------
07-06 00:14:35.915 D/DetailPlayActivity(25083): this detail belongs to a bought vip ,true or false:false
07-06 00:14:35.915 D/DetailPlayActivity(25083): sunliqin,mIsFree:false  RefreshPaidListUits.isPaid(mDetailsResult.getId(), mDetailsResult.getVip_id()):false  mIsBoughtVipfalse  mIsOrderfalse
07-06 00:14:35.915 D/DetailPlayActivity(25083): sunliqin:mIsBought  ====  false msoldout :false
07-06 00:14:35.924 D/DetailPlayActivity(25083): url--http://picture.edu.hismarttv.com/images/20170629/å¿ƒç®—å£è¯€å¤©å¤©ç»ƒ.jpg
07-06 00:14:35.935 D/DetailPlayActivity(25083): managerCollectionBtnDrawable---------------
07-06 00:14:35.935 D/HttpDnsUtils(25083): getDetailCollectionStatus,http:http://api.edu.hismarttv.com/usercenter/api/media_individualize_data
07-06 00:14:35.936 D/til@system( 2026): til_get_system_param option:1000007 int:-1936522112, bool:128, ret:0
07-06 00:14:35.937 D/til@system( 2026): til_get_system_param option:1000009 int:-1815634176, bool:0, ret:0
07-06 00:14:35.938 D/hwcomposer( 1204): lastHWWindowInfo is dirty
07-06 00:14:35.944 D/til@system( 2026): til_get_system_param option:1000008 int:-1936522368, bool:128, ret:0
07-06 00:14:35.945 D/HttpBuilder(25083): getOperationDetail-productName : LED50MU8600UC
07-06 00:14:35.945 D/HttpBuilder(25083): getOperationDetail-plmNumber : 88888
07-06 00:14:35.945 D/HttpBuilder(25083): getOperationDetail-swVersion : V0000.00.01A
07-06 00:14:35.945 D/HttpBuilder(25083): getOperationDetail-operationDetail : LED50MU8600UC0000888
07-06 00:14:35.974 I/HttpBuilder(25083): addUrlPublicParams mUrl ==>http://api.edu.hismarttv.com/usercenter/api/media_individualize_data?media_id=3535&uuid=13287129&mac=a8:a6:48:18:fc:a8&devid=86100300900000500000060a4818fca8&version=00.002.003&subscriberId=13287129&customerId=7195320&model_id=0&APPPackage=com.hisense.hicloud.edca&PFAPPCode=652&APPVersionName=3.0.0.9.00&ChannelId=0&softwareVersion=LED50MU8600UC0000888&tv_distribute_id=00&devType=0&APIVersion=600&accessToken=72DF6038D2AEAB8A76DFBBBBCC428A4A_000734620652217
07-06 00:14:35.978 D/HttpHandler(25083): VerifySignInterCeptor-->request.url()=http://api.edu.hismarttv.com/usercenter/api/media_individualize_data?media_id=3535&uuid=13287129&mac=a8:a6:48:18:fc:a8&devid=86100300900000500000060a4818fca8&version=00.002.003&subscriberId=13287129&customerId=7195320&model_id=0&APPPackage=com.hisense.hicloud.edca&PFAPPCode=652&APPVersionName=3.0.0.9.00&ChannelId=0&softwareVersion=LED50MU8600UC0000888&tv_distribute_id=00&devType=0&APIVersion=600&accessToken=72DF6038D2AEAB8A76DFBBBBCC428A4A_000734620652217
07-06 00:14:35.978 D/HttpHandler(25083): VerifySignInterCeptor-->hostname=api.edu.hismarttv.com
07-06 00:14:35.987 D/HttpHandler(25083): HttpDNS-->hostname=api.edu.hismarttv.com
07-06 00:14:35.989 D/DetailPlayActivity(25083): sunliqin initCourseViewVisible
07-06 00:14:35.989 D/DetailCourseSelectorView(25083): sunliqin DetailCourseSelectorView!!!!
07-06 00:14:36.001 D/HttpHandler(25083): RAMCache-->hostInfo.getClientTimeStamp()=20099631
07-06 00:14:36.001 D/HttpHandler(25083): RAMCache-->hostInfo.getTtl()=3600
07-06 00:14:36.001 D/HttpHandler(25083): RAMCache-->SystemClock.elapsedRealtime()=20117573
07-06 00:14:36.012 D/HttpHandler(25083): DNSHelper-->gslbDns=["123.103.91.123"]
07-06 00:14:36.019 I/DetailVideoPlayerContainer(25083):  sunliqin initUI()
07-06 00:14:36.033 D/PowerManagerService( 1733): acquireWakeLockInternal: lock=113832109, flags=0x1, tag="NetworkStats", ws=null, uid=1000, pid=1733
07-06 00:14:36.033 D/PowerManagerNotifier( 1733): onWakeLockAcquired: flags=1, tag="NetworkStats", packageName=android, ownerUid=1000, ownerPid=1733, workSource=null
07-06 00:14:36.033 D/NtpTrustedTime( 1733): currentTimeMillis() cache hit
07-06 00:14:36.039 D/OkHttp  (25083): --> GET http://api.edu.hismarttv.com/usercenter/api/media_individualize_data?media_id=3535&uuid=13287129&mac=a8:a6:48:18:fc:a8&devid=86100300900000500000060a4818fca8&version=00.002.003&subscriberId=13287129&customerId=7195320&model_id=0&APPPackage=com.hisense.hicloud.edca&PFAPPCode=652&APPVersionName=3.0.0.9.00&ChannelId=0&softwareVersion=LED50MU8600UC0000888&tv_distribute_id=00&devType=0&APIVersion=600&accessToken=72DF6038D2AEAB8A76DFBBBBCC428A4A_000734620652217 http/1.1
07-06 00:14:36.039 D/OkHttp  (25083): Data_Type: JSON
07-06 00:14:36.039 D/OkHttp  (25083): RetryTime: 0
07-06 00:14:36.039 D/OkHttp  (25083): Backoffmutiplier: 0
07-06 00:14:36.039 D/OkHttp  (25083): Host: api.edu.hismarttv.com
07-06 00:14:36.040 D/OkHttp  (25083): Connection: Keep-Alive
07-06 00:14:36.040 D/OkHttp  (25083): Accept-Encoding: gzip
07-06 00:14:36.040 D/OkHttp  (25083): User-Agent: okhttp/3.6.0
07-06 00:14:36.040 D/OkHttp  (25083): --> END GET
07-06 00:14:36.043 V/DataSource( 1206): sniff
07-06 00:14:36.043 I/FFmpegExtractor( 1206): android-source:0xf406dd40
07-06 00:14:36.044 D/NtpTrustedTime( 1733): currentTimeMillis() cache hit
07-06 00:14:36.045 I/FFMPEG  ( 1206): [mov,mp4,m4a,3gp,3g2,mj2 @ 0xf1803400] Format mov,mp4,m4a,3gp,3g2,mj2 probed with size=2048 and score=100
07-06 00:14:36.045 D/PowerManagerService( 1733): releaseWakeLockInternal: lock=113832109 [NetworkStats], flags=0x0
07-06 00:14:36.045 D/PowerManagerNotifier( 1733): onWakeLockReleased: flags=1, tag="NetworkStats", packageName=android, ownerUid=1000, ownerPid=1733, workSource=null
07-06 00:14:36.045 D/NtpTrustedTime( 1733): currentTimeMillis() cache hit
07-06 00:14:36.045 D/NtpTrustedTime( 1733): currentTimeMillis() cache hit
07-06 00:14:36.047 D/MediaHTTPConnection(25083): [Connection@853757317] getSize mTotalSize = 218840697
07-06 00:14:36.047 I/FFMPEG  ( 1206): [mov,mp4,m4a,3gp,3g2,mj2 @ 0xf1803400] ISO: File Type Major Brand: isom
07-06 00:14:36.073 D/FFmpegExtractor( 1206): FFmpegExtrator, url: android-source:0xf406dd40, format_name: mov,mp4,m4a,3gp,3g2,mj2, format_long_name: QuickTime / MOV
07-06 00:14:36.074 D/FFmpegExtractor( 1206): suppoted codec(h264) by official Stagefright
07-06 00:14:36.074 D/FFmpegExtractor( 1206): suppoted codec(aac) by official Stagefright
07-06 00:14:36.074 I/FFMPEG  ( 1206): [AVIOContext @ 0xf406dde0] Statistics: 426780 bytes read, 0 seeks
07-06 00:14:36.074 D/FFmpegExtractor( 1206): ffmpeg detected media content as 'video/mp4' with confidence 0.08
07-06 00:14:36.075 D/MC_MEMORY( 8248): max: 256.261888 Mb, heap: 10.10782 Mb, allocated: 9.9775 Mb, free: 0.1008 Mb, native heap: 12.12276 Mb, native allocated: 8.8389 Mb, native free: 3.3887 Mb
07-06 00:14:36.080 D/OkHttp  (25083): <-- 200 OK http://api.edu.hismarttv.com/usercenter/api/media_individualize_data?media_id=3535&uuid=13287129&mac=a8:a6:48:18:fc:a8&devid=86100300900000500000060a4818fca8&version=00.002.003&subscriberId=13287129&customerId=7195320&model_id=0&APPPackage=com.hisense.hicloud.edca&PFAPPCode=652&APPVersionName=3.0.0.9.00&ChannelId=0&softwareVersion=LED50MU8600UC0000888&tv_distribute_id=00&devType=0&APIVersion=600&accessToken=72DF6038D2AEAB8A76DFBBBBCC428A4A_000734620652217 (39ms)
07-06 00:14:36.080 D/OkHttp  (25083): Server: nginx
07-06 00:14:36.080 D/OkHttp  (25083): Date: Wed, 05 Jul 2017 16:14:35 GMT
07-06 00:14:36.080 D/OkHttp  (25083): Content-Type: application/json
07-06 00:14:36.080 D/OkHttp  (25083): Content-Length: 210
07-06 00:14:36.080 D/OkHttp  (25083): Connection: close
07-06 00:14:36.080 D/OkHttp  (25083): <-- END HTTP
07-06 00:14:36.096 D/HttpHandler(25083): RetryIntercepter-->retryNum=0
07-06 00:14:36.096 D/HttpHandler(25083): RetryIntercepter-->backoffmutiplier=0
07-06 00:14:36.098 D/HttpHandler(25083): VerifySignInterCeptor-->dateType=1
07-06 00:14:36.098 D/HttpHandler(25083): VerifySignInterCeptor-->HttpRequestManager.httpClietOption.getVerifyFlag()=1
07-06 00:14:36.102 D/HttpHandler(25083): VerifySignInterCeptor-->content={"user_collect": false}
07-06 00:14:36.180 I/NetflixMonitorService( 1733): current fgapk : com.hisense.hicloud.edca
07-06 00:14:36.181 I/NetflixMonitorService( 1733): Netflix status unchanged
07-06 00:14:36.228 D/DetailPlayActivity(25083): etFullScreenPlay(boolean fullscreen),not full screen played
07-06 00:14:36.230 D/DetailVideoPlayerContainer(25083): setmIsFullScreen,want to set screen is full?false  mIsAutoFlag:false  .getStatus():UNKOWN
07-06 00:14:36.230 D/DetailVideoPlayerContainer(25083): sunliqin,disMissCourseView===============
07-06 00:14:36.230 D/DetailCourseSelectorView(25083): scrollRecylerView,POSITION:  0
07-06 00:14:36.230 D/DetailCourseSelectorView(25083): 11befor scroll,mindex is : 0
07-06 00:14:36.230 D/DetailCourseSelectorView(25083): sunliqin,setLastPlayViewIconGone,mindex is invalid
07-06 00:14:36.230 D/DetailCourseSelectorView(25083): sunliqin,setLastPlayViewIconGone,find view is null
07-06 00:14:36.230 D/DetailVideoPlayerContainer(25083): setLoadingLayoutParams,isFullScreen:false
07-06 00:14:36.232 I/DetailVideoPlayerContainer(25083):  showPlayLimitView called. mPlayLimitTime = 0   mIsBought:false
07-06 00:14:36.239 D/DetailPlayActivity(25083):  play  video ,mid:3535
07-06 00:14:36.243 D/DetailPlayActivity(25083): sunliqin playMoreVideos,index:0
07-06 00:14:36.243 D/DetailPlayActivity(25083): mIsSoldOut:false  mIsOrder:false
07-06 00:14:36.243 D/DetailVideoPlayerContainer(25083): sunliqin ï¼Œplayercontainer ,set data,sourcetag is:DetailPlayActivity3535
07-06 00:14:36.243 D/DetailVideoPlayerContainer(25083): setData,BaseApplication.sTrailerEnable:1
07-06 00:14:36.244 D/DetailVideoPlayerContainer(25083): sunliqin,setData,mIsBought: false   trailerPts:0
07-06 00:14:36.246 D/DetailVideoPlayerContainer(25083): sunliqin,setData,index:0   trailer url is:null
07-06 00:14:36.246 D/DetailVideoPlayerContainer(25083): sunliqin,no histroy,no trailer ,so first play video 0
07-06 00:14:36.247 D/DetailVideoPlayerContainer(25083): sunliqin initVideoInfo(DetailsPage detail,int index),index:0   istrailer:false  mTotal lesson:48
07-06 00:14:36.247 D/DetailVideoPlayerContainer(25083): initVideoInfo, the index is :0videos size:48
07-06 00:14:36.247 D/EduVideoUtils(25083): sunliqin getVideoInfo
07-06 00:14:36.248 D/EduVideoUtils(25083): sunliqin param:{"subTitle": "", "title": "1\u3001\u65b0\u6765\u7684\u90bb\u5c45\uff08\u4e0a\u7bc7\uff09", "url": "http://jhxvideo-ws.video-tx.com/renditionf/201608/212213056611024897/212213056611025409/9b/219104966755748100/219104978030035716/r219104978030035716-2000k-1280x720.mp4", "program_id": "3535", "episode_id": "28416", "isCollect": "${isCollect}", "position": "${history}", "resolution": 11}
07-06 00:14:36.249 D/EduVideoUtils(25083): mTitle:null
07-06 00:14:36.249 D/EduVideoUtils(25083):  mProgramId3535
07-06 00:14:36.249 D/EduVideoUtils(25083):  mEpisodeId:35351
07-06 00:14:36.249 D/EduVideoUtils(25083): mClassId:
07-06 00:14:36.249 D/EduVideoUtils(25083): mTopicTitle:
07-06 00:14:36.249 D/EduVideoUtils(25083): sunliqin,quality url ,21:http://jhxvideo-ws.video-tx.com/renditionf/201608/212213056611024897/212213056611025409/9b/219104966755748100/219104978030035716/r219104978030035716-2000k-1280x720.mp4
07-06 00:14:36.251 D/VideoInfo(25083): sunliqin videoinfo,vendor is :URL
07-06 00:14:36.251 I/edu     (25083): ------- ==>mTypeCode = 1002
07-06 00:14:36.259 I/CommonUtils(25083):  object to json {"21":"http://jhxvideo-ws.video-tx.com/renditionf/201608/212213056611024897/212213056611025409/9b/219104966755748100/219104978030035716/r219104978030035716-2000k-1280x720.mp4"}
07-06 00:14:36.259 D/UrlPlayInfo(25083): sunliqin,url list:{"21":"http://jhxvideo-ws.video-tx.com/renditionf/201608/212213056611024897/212213056611025409/9b/219104966755748100/219104978030035716/r219104978030035716-2000k-1280x720.mp4"}
07-06 00:14:36.259 I/UrlPlayInfo(25083):  sunliqin UrlPlayInfo constructor called, urls is {21=http://jhxvideo-ws.video-tx.com/renditionf/201608/212213056611024897/212213056611025409/9b/219104966755748100/219104978030035716/r219104978030035716-2000k-1280x720.mp4}
07-06 00:14:36.268 I/CommonUtils(25083):  object to json {"21":"http://jhxvideo-ws.video-tx.com/renditionf/201608/212213056611024897/212213056611025409/9b/219104966755748100/219104978030035716/r219104978030035716-2000k-1280x720.mp4"}
07-06 00:14:36.269 D/VideoInfo(25083): sunliqin, ============quality url list=============== {"21":"http://jhxvideo-ws.video-tx.com/renditionf/201608/212213056611024897/212213056611025409/9b/219104966755748100/219104978030035716/r219104978030035716-2000k-1280x720.mp4"}
07-06 00:14:36.269 D/EduVideoUtils(25083): sunliqin,Init videoinfo,info.sPlayLimitTime:-1  total:48  sindex:0  sPosterUrl:http://picture.edu.hismarttv.com/images/20170629/å¿ƒç®—å£è¯€å¤©å¤©ç»ƒ.jpg    venderid: 1040  sResolution:11
07-06 00:14:36.269 I/MiSysSrv( 1214): [37m[INFO] Change to Voltage: 117 mv (0x32)[m
07-06 00:14:36.272 D/DetailVideoPlayerContainer(25083): sunliqin,getVideoLastPlayPosition,position:0
07-06 00:14:36.272 D/VideoInfo(25083): setmPosition,mPosition:0
07-06 00:14:36.273 D/DetailCourseSelectorView(25083): scrollRecylerView,POSITION:  0
07-06 00:14:36.273 D/DetailCourseSelectorView(25083): 11befor scroll,mindex is : 0
07-06 00:14:36.273 D/DetailCourseSelectorView(25083): sunliqin,setLastPlayViewIconGone,set last video flag is false
07-06 00:14:36.273 D/DetailCourseSelectorView(25083): sunliqin,setLastPlayViewIconGone,find view is null
07-06 00:14:36.273 D/DetailVideoPlayerContainer(25083): initPlayer==========,to delay 500ms
07-06 00:14:36.273 I/DetailVideoPlayerContainer(25083):  show laoding View called 
07-06 00:14:36.274 V/MediaExtractor( 1206): MediaExtractor::Create mime:video/mp4 ---- Enter
07-06 00:14:36.274 V/MediaExtractor( 1206): maomao::MediaExtractor::Create mime:isCts is 0
07-06 00:14:36.276 D/DetailVideoPlayerContainer(25083): Handler send msg MSG_INIT_PLAYER,delay 500ms 
07-06 00:14:36.276 I/FFMPEG  ( 1206): [mov,mp4,m4a,3gp,3g2,mj2 @ 0xf1803400] Format mov,mp4,m4a,3gp,3g2,mj2 probed with size=2048 and score=100
07-06 00:14:36.276 D/DetailVideoPlayerContainer(25083): reportVideoPrepareStartLog!!!!!current videos id is : 35351
07-06 00:14:36.276 I/FFMPEG  ( 1206): [mov,mp4,m4a,3gp,3g2,mj2 @ 0xf1803400] ISO: File Type Major Brand: isom
07-06 00:14:36.279 D/til@system( 2026): til_get_system_param option:1000007 int:-1815633792, bool:128, ret:0
07-06 00:14:36.283 D/til@system( 2026): til_get_system_param option:1000009 int:-1936523008, bool:0, ret:0
07-06 00:14:36.285 D/til@system( 2026): til_get_system_param option:1000008 int:-1936525184, bool:128, ret:0
07-06 00:14:36.285 D/HiSDKLogReport(25083): getOperationDetail-productName : LED50MU8600UC
07-06 00:14:36.285 D/HiSDKLogReport(25083): getOperationDetail-plmNumber : 88888
07-06 00:14:36.285 D/HiSDKLogReport(25083): getOperationDetail-swVersion : V0000.00.01A
07-06 00:14:36.285 D/HiSDKLogReport(25083): getOperationDetail-operationDetail : LED50MU8600UC0000888
07-06 00:14:36.286 D/HiSDKLogReport(25083): businessLogReport-log : {autoplay=1, eventType=229, APPVersionName=3.0.0.9.00, devid=86100300900000500000060a4818fca8, uuid=13287129, APIversion=501, eventcode=229001, logversion=2.0, devType=0, eventPos=001, ChannelId=0, version=00.002.003, subscriberId=13287129, PFAPPCode=652, softwareVersion=LED50MU8600UC0000888, srceventcode=207000, videoid=35351, srcmediaid=, mac=a8:a6:48:18:fc:a8, accessToken=72DF6038D2AEAB8A76DFBBBBCC428A4A_000734620652217, srcoriginal=1, APPPackage=com.hisense.hicloud.edca, mediaid=3535, sessionid=e065ffaacd8e47a18b2f94ba40ba3fe7, requesttime=1499271276286, customerId=7195320, model_id=0, requestid=f564543d5636458080007405057093bd, tv_distribute_id=00, APIVersion=600, issysrepo=0}
07-06 00:14:36.287 D/DetailPlayActivity(25083): scrollCourseView,POS:0
07-06 00:14:36.287 D/DetailCourseSelectorView(25083): scrollRecylerView,POSITION:  0
07-06 00:14:36.287 D/DetailCourseSelectorView(25083): 11befor scroll,mindex is : 0
07-06 00:14:36.287 D/DetailCourseSelectorView(25083): sunliqin,setLastPlayViewIconGone,set last video flag is false
07-06 00:14:36.287 D/DetailCourseSelectorView(25083): sunliqin,setLastPlayViewIconGone,find view is null
07-06 00:14:36.287 I/DetailPlayActivity(25083): loadDataTime : 20117858 åŠ è½½æ•°æ®ç”¨æ—¶ï¼š  1136
07-06 00:14:36.292 D/til@system( 2026): til_get_system_param option:1000007 int:-1815632896, bool:0, ret:0
07-06 00:14:36.293 D/til@system( 2026): til_get_system_param option:1000009 int:-1936522112, bool:128, ret:0
07-06 00:14:36.295 D/til@system( 2026): til_get_system_param option:1000008 int:-1815634176, bool:0, ret:0
07-06 00:14:36.296 D/HiSDKLogReport(25083): getOperationDetail-productName : LED50MU8600UC
07-06 00:14:36.296 D/HiSDKLogReport(25083): getOperationDetail-plmNumber : 88888
07-06 00:14:36.296 D/HiSDKLogReport(25083): getOperationDetail-swVersion : V0000.00.01A
07-06 00:14:36.296 D/HiSDKLogReport(25083): getOperationDetail-operationDetail : LED50MU8600UC0000888
07-06 00:14:36.296 D/HiSDKLogReport(25083): processLogReport-log : {eventType=110, appKey=1182445233, APPVersionName=3.0.0.9.00, devid=86100300900000500000060a4818fca8, mac=a8:a6:48:18:fc:a8, uuid=13287129, accessToken=72DF6038D2AEAB8A76DFBBBBCC428A4A_000734620652217, APIversion=501, logversion=2.0, devType=0, APPPackage=com.hisense.hicloud.edca, eventPos=003, requesttime=1499271276296, customerId=7195320, value2=, eventMessage=InitDataAfterConnection, value1=1136, model_id=0, ChannelId=0, version=00.002.003, tv_distribute_id=00, subscriberId=13287129, APIVersion=600, PFAPPCode=652, softwareVersion=LED50MU8600UC0000888}
07-06 00:14:36.298 I/TVMW@HsTvSetting( 1234): Trace cmd, data = 0x1058
07-06 00:14:36.299 D/til@system( 2026): til_get_system_param option:100002F int:0, bool:0, ret:0
07-06 00:14:36.299 I/TVMW@HsTvSetting( 1234): Trace cmd, data = 0x101f
07-06 00:14:36.299 D/til@system( 2026): til_get_system_param option:100001D int:3, bool:3, ret:0
07-06 00:14:36.299 E/til     ( 2026): [til_get_current_input_source, 101] 
07-06 00:14:36.299 I/TVMW@HsTvSetting( 1234): Trace cmd, data = 0x7007
07-06 00:14:36.299 I/tilwrapper@sm( 2026): HS2TIL_SourceType *hs=0xd, *til=0x900
07-06 00:14:36.299 D/til     ( 2026): get current source 2304
07-06 00:14:36.299 D/SourceRemoteServiceHandler( 2026): getCurrentInputSource.from.til.result is 0, value is 2304
07-06 00:14:36.299 D/SourceRemoteServiceHandler( 2026): getInputSourceType source: 0x900, type=2304
07-06 00:14:36.300 D/til     ( 2026): ###### func:til_get_picture_param option:0x3000006 ######  
07-06 00:14:36.300 I/TVMW@HsTvSetting( 1234): Trace cmd, data = 0x1003
07-06 00:14:36.300 I/TVMW@HsTvSetting( 1234): Trace cmd, data = 0x8032
07-06 00:14:36.300 I/hstvos  ( 1216): [0m[1;33m[HSHAL][HS_VIDEO][HS_HAL_Video_SetOsdDetect_v2][2389]u16Threshold = 20
07-06 00:14:36.301 I/MiSysSrv( 1214): Not support now! 42, change to mm_video!!!
07-06 00:14:36.301 E/TVMW@videoctrl( 1234):  getOsd is 1
07-06 00:14:36.301 D/til@system( 2026): til_get_system_param option:1000027 int:1, bool:1, ret:0
07-06 00:14:36.301 D/til     ( 2026): ###### func:til_get_picture_param option:0x3000045 ######  
07-06 00:14:36.302 I/TVMW@HsTvSetting( 1234): Trace cmd, data = 0x300c
07-06 00:14:36.302 I/TVMW@HsTvSetting( 1234): Trace 3d, data = 0x300c
07-06 00:14:36.302 I/TVMW@3d ( 1234): Hs_debug3d_trace: func:get3dStatus, line:109
07-06 00:14:36.309 I/FFMPEG  ( 1206): [mov,mp4,m4a,3gp,3g2,mj2 @ 0xf1803400] orig_nb_streams(2)
07-06 00:14:36.309 I/FFMPEG  ( 1206): [mov,mp4,m4a,3gp,3g2,mj2 @ 0xf1803400] Before avformat_find_stream_info() pos: 413026 bytes read:426780 seeks:0
07-06 00:14:36.311 I/FFMPEG  ( 1206): [NULL @ 0xbcb9c800] [Eval @ 0xf1300eec] Undefined constant or missing '(' in ''
07-06 00:14:36.311 I/FFMPEG  ( 1206): [NULL @ 0xbcb9c800] Unable to parse option value ""
07-06 00:14:36.311 I/FFMPEG  ( 1206): [NULL @ 0xbcb9c800] Error setting option debug to value .
07-06 00:14:36.311 I/FFMPEG  ( 1206): [mov,mp4,m4a,3gp,3g2,mj2 @ 0xf1803400] Failed to open codec in av_find_stream_info
07-06 00:14:36.312 I/FFMPEG  ( 1206): [NULL @ 0xbcb9cc00] [Eval @ 0xf1300eec] Undefined constant or missing '(' in ''
07-06 00:14:36.312 I/FFMPEG  ( 1206): [NULL @ 0xbcb9cc00] Unable to parse option value ""
07-06 00:14:36.312 I/FFMPEG  ( 1206): [NULL @ 0xbcb9cc00] Error setting option debug to value .
07-06 00:14:36.312 I/FFMPEG  ( 1206): [mov,mp4,m4a,3gp,3g2,mj2 @ 0xf1803400] Failed to open codec in av_find_stream_info
07-06 00:14:36.312 I/FFMPEG  ( 1206): [NULL @ 0xbcb9c800] try_decode_frame, i= 0, pkt->stream_index = 0
07-06 00:14:36.324 D/OsdMonitorService( 1733): mCurrentWindow = com.hisense.hicloud.edca/com.hisense.tvui.newhome.HomeMainActivity; newWindow = com.hisense.hicloud.edca/com.hisense.tvui.newhome.HomeMainActivity; isSubWindow = false; isInWinList = false; isExitNow = false
07-06 00:14:36.325 D/OsdMonitorService( 1733): windowNotOsd() : name = com.hisense.hicloud.edca/com.hisense.tvui.newhome.HomeMainActivity
07-06 00:14:36.325 I/OsdMonitorService( 1733): setOsdStatus() : status will change from true to true
07-06 00:14:36.326 D/PowerManagerService( 1733): setScreenBrightnessOverrideFromWindowManagerInternal done
07-06 00:14:36.327 W/System.err(25083): java.net.ConnectException: failed to connect to /10.18.210.112 (port 8900) after 6000ms: isConnected failed: ECONNREFUSED (Connection refused)
07-06 00:14:36.328 W/System.err(25083): 	at libcore.io.IoBridge.isConnected(IoBridge.java:238)
07-06 00:14:36.328 W/System.err(25083): 	at libcore.io.IoBridge.connectErrno(IoBridge.java:171)
07-06 00:14:36.328 W/System.err(25083): 	at libcore.io.IoBridge.connect(IoBridge.java:122)
07-06 00:14:36.328 W/System.err(25083): 	at java.net.PlainSocketImpl.connect(PlainSocketImpl.java:183)
07-06 00:14:36.328 W/System.err(25083): 	at java.net.PlainSocketImpl.connect(PlainSocketImpl.java:456)
07-06 00:14:36.328 W/System.err(25083): 	at java.net.Socket.connect(Socket.java:882)
07-06 00:14:36.328 W/System.err(25083): 	at com.android.okhttp.internal.Platform.connectSocket(Platform.java:174)
07-06 00:14:36.328 W/System.err(25083): 	at com.android.okhttp.Connection.connect(Connection.java:152)
07-06 00:14:36.328 W/System.err(25083): 	at com.android.okhttp.internal.http.HttpEngine.connect(HttpEngine.java:276)
07-06 00:14:36.328 W/System.err(25083): 	at com.android.okhttp.internal.http.HttpEngine.sendRequest(HttpEngine.java:211)
07-06 00:14:36.328 W/System.err(25083): 	at com.android.okhttp.internal.http.HttpURLConnectionImpl.execute(HttpURLConnectionImpl.java:382)
07-06 00:14:36.328 W/System.err(25083): 	at com.android.okhttp.internal.http.HttpURLConnectionImpl.connect(HttpURLConnectionImpl.java:106)
07-06 00:14:36.328 W/System.err(25083): 	at com.hisense.hitv.hicloud.util.ExceptionReport.a(ExceptionReport.java:337)
07-06 00:14:36.328 W/System.err(25083): 	at com.hisense.hitv.hicloud.util.ExceptionReport.a(ExceptionReport.java:39)
07-06 00:14:36.328 W/System.err(25083): 	at com.hisense.hitv.hicloud.util.ExceptionReport$1.run(ExceptionReport.java:83)
07-06 00:14:36.328 W/System.err(25083): 	at java.lang.Thread.run(Thread.java:818)
07-06 00:14:36.328 W/System.err(25083): Caused by: android.system.ErrnoException: isConnected failed: ECONNREFUSED (Connection refused)
07-06 00:14:36.328 D/PowerManagerService( 1733): setScreenBrightnessOverrideFromWindowManagerInternal done
07-06 00:14:36.329 W/System.err(25083): 	at libcore.io.IoBridge.isConnected(IoBridge.java:223)
07-06 00:14:36.329 W/System.err(25083): 	... 15 more
07-06 00:14:36.333 I/Choreographer(25083): Skipped 30 frames!  The application may be doing too much work on its main thread.
07-06 00:14:36.338 I/FFMPEG  ( 1206): [h264 @ 0xbcb9c800] no picture 
07-06 00:14:36.354 D/PowerManagerService( 1733): setScreenBrightnessOverrideFromWindowManagerInternal done
07-06 00:14:36.370 I/MiSysSrv( 1214): [37m[INFO] Change to Voltage: 117 mv (0x32)[m
07-06 00:14:36.371 D/hwcomposer( 1204): lastHWWindowInfo is dirty
07-06 00:14:36.424 I/FFMPEG  ( 1206): [mov,mp4,m4a,3gp,3g2,mj2 @ 0xf1803400] i(1) > pkt->stream_index(0),conitnue
07-06 00:14:36.425 I/FFMPEG  ( 1206): [NULL @ 0xbcb9cc00] try_decode_frame, i= 1, pkt->stream_index = 1
07-06 00:14:36.429 I/FFMPEG  ( 1206): [aac @ 0xbcb9cc00] skip whole frame, skip left: 0
07-06 00:14:36.431 I/FFMPEG  ( 1206): [mov,mp4,m4a,3gp,3g2,mj2 @ 0xf1803400] After avformat_find_stream_info() pos: 473274 bytes read:492316 seeks:0 frames:3
07-06 00:14:36.431 I/FFmpegExtractor( 1206): the duration is 00:08:58.08
07-06 00:14:36.432 I/FFmpegExtractor( 1206): streamIndex: 0 ,stream_index 0
07-06 00:14:36.432 D/FFmpegExtractor( 1206): is_codec_supported codec_id is 28
07-06 00:14:36.432 D/FFmpegExtractor( 1206): setVideoFormat avctx->codec_id is 28
07-06 00:14:36.432 V/codec_utils( 1206): AVC
07-06 00:14:36.432 I/FFmpegExtractor( 1206): the time is 00:08:58.08
07-06 00:14:36.432 I/FFmpegExtractor( 1206): streamIndex: 1 ,stream_index 1
07-06 00:14:36.432 D/FFmpegExtractor( 1206): is_codec_supported codec_id is 86018
07-06 00:14:36.432 V/codec_utils( 1206): AAC
07-06 00:14:36.432 V/codec_utils( 1206): aac profile: 1, sf_index: 4, channel: 2
07-06 00:14:36.432 I/FFmpegExtractor( 1206): bit_rate: 55687, sample_rate: 44100, channels: 2, bits_per_coded_sample: 16, block_align:0
07-06 00:14:36.432 I/FFmpegExtractor( 1206): the time is 00:08:58.00
07-06 00:14:36.432 D/FFmpegExtractor( 1206): Reader thread started
07-06 00:14:36.432 D/FFmpegExtractor( 1206): supported mime: video/mp4
07-06 00:14:36.432 W/avc_utils( 1206): [3D detect]It is not SEI Nal
07-06 00:14:36.432 W/avc_utils( 1206): [3D detect]It is not SEI Nal
07-06 00:14:36.432 W/avc_utils( 1206): [3D detect]It is not SEI Nal
07-06 00:14:36.470 I/MiSysSrv( 1214): [37m[INFO] Change to Voltage: 117 mv (0x32)[m
07-06 00:14:36.490 I/NuCachedSource2( 1206): new range: offset= 218840569
07-06 00:14:36.490 I/NuCachedSource2( 1206): seekInternal_l ---- totalSize: 1572864
07-06 00:14:36.490 D/MediaHTTPConnection(25083): offset = 218840569, mCurrentOffset = 1572864
07-06 00:14:36.490 D/MediaHTTPConnection(25083): seekTo 218840569
07-06 00:14:36.490 D/MediaHTTPConnection(25083): teardownConnection
07-06 00:14:36.538 D/PowerManagerService( 1733): setScreenBrightnessOverrideFromWindowManagerInternal done
07-06 00:14:36.538 W/SurfaceFlinger( 1204): couldn't log to binary event log: overflow.
07-06 00:14:36.540 D/Surface (25083): onStatusChange() : mNativeObject = 0 mUseImageHwRender = false
07-06 00:14:36.566 I/        (25083): W = 90, H = 90
07-06 00:14:36.569 D/HiNetworkImpl(25083): doHttp_Asyn(): onReqResponse isSuccessful = true, back from thread: main
07-06 00:14:36.569 I/HiNetworkImpl(25083): doHttp_Asyn(): onSuccess clazz = class com.hisense.sdk.domain.DetailCollectionStatus, back from thread: main
07-06 00:14:36.569 D/DetailPlayActivity(25083): getDetailCollectionStatus,onSuccess
07-06 00:14:36.570 I/MiSysSrv( 1214): [37m[INFO] Change to Voltage: 102 mv (0x23)[m
07-06 00:14:36.571 D/DetailVideoPlayerContainer(25083): receive,CONNECTIVITY_ACTION,mDetailListener:com.hisense.hicloud.edca.mediaplayer.activity.DetailPlayActivity@22bf68ef
07-06 00:14:36.571 D/DetailVideoPlayerContainer(25083): receive,CONNECTIVITY_ACTION,mDetailListener.isActivityResume():false
07-06 00:14:36.571 D/DetailCourseSelectorView(25083): sunliqin,setPlayIcon,set last video flag is true
07-06 00:14:36.571 D/DetailCourseSelectorView(25083): sunliqin,setPlayIcon,findposition view is not null
07-06 00:14:36.571 D/DetailCourseSelectorView(25083): GGGGGGGGGGGGGGGGGGGGGGGGGG,mPosition: 0
07-06 00:14:36.572 D/DetailCourseSelectorView(25083): sunliqin,no focus, set course play icon is selected
07-06 00:14:36.572 D/DetailCourseSelectorView(25083): 22after scroll,mindex is : 0
07-06 00:14:36.572 D/DetailVideoPlayerContainer(25083): receive,CONNECTIVITY_ACTION,mDetailListener:com.hisense.hicloud.edca.mediaplayer.activity.DetailPlayActivity@22bf68ef
07-06 00:14:36.572 D/DetailVideoPlayerContainer(25083): receive,CONNECTIVITY_ACTION,mDetailListener.isActivityResume():false
07-06 00:14:36.572 D/DetailCourseSelectorView(25083): sunliqin,setPlayIcon,set last video flag is true
07-06 00:14:36.572 D/DetailCourseSelectorView(25083): sunliqin,setPlayIcon,findposition view is not null
07-06 00:14:36.572 D/DetailCourseSelectorView(25083): GGGGGGGGGGGGGGGGGGGGGGGGGG,mPosition: 0
07-06 00:14:36.572 D/DetailCourseSelectorView(25083): sunliqin,no focus, set course play icon is selected
07-06 00:14:36.573 D/DetailCourseSelectorView(25083): 22after scroll,mindex is : 0
07-06 00:14:36.573 D/DetailCourseSelectorView(25083): sunliqin,setPlayIcon,set last video flag is true
07-06 00:14:36.573 D/DetailCourseSelectorView(25083): sunliqin,setPlayIcon,findposition view is not null
07-06 00:14:36.573 D/DetailCourseSelectorView(25083): GGGGGGGGGGGGGGGGGGGGGGGGGG,mPosition: 0
07-06 00:14:36.574 D/DetailCourseSelectorView(25083): sunliqin,no focus, set course play icon is selected
07-06 00:14:36.574 D/DetailCourseSelectorView(25083): 22after scroll,mindex is : 0
07-06 00:14:36.579 I/MyFragmentStateAdapter(25083): getCount
07-06 00:14:36.591 D/MediaHTTPConnection(25083): close inputstream
07-06 00:14:36.592 D/MediaHTTPConnection(25083): hitting http://150.138.169.144/jhxvideo-ws.video-tx.com/rendition/201705/205989353451683841/205989353451684353/bb/243216185158536196/243216215223308548/r243216215223308548-3200k-1920x1080.mp4?wsSecret=fb2eb8f6a39e77637c3fca2aac2bf8f9&wsTime=595d106a&wsiphost=local
07-06 00:14:36.602 D/OsdMonitorService( 1733): mCurrentWindow = com.hisense.hicloud.edca/com.hisense.tvui.newhome.HomeMainActivity; newWindow = com.hisense.hicloud.edca/com.hisense.tvui.newhome.HomeMainActivity; isSubWindow = false; isInWinList = false; isExitNow = false
07-06 00:14:36.602 D/OsdMonitorService( 1733): windowNotOsd() : name = com.hisense.hicloud.edca/com.hisense.tvui.newhome.HomeMainActivity
07-06 00:14:36.602 I/OsdMonitorService( 1733): setOsdStatus() : status will change from true to true
07-06 00:14:36.603 D/PowerManagerService( 1733): setScreenBrightnessOverrideFromWindowManagerInternal done
07-06 00:14:36.606 I/SurfaceView(25083): Changes: creating=false format=false size=false visible=false left=false top=false
07-06 00:14:36.606 I/SurfaceView(25083): Cur surface: Surface(name=null)/@0x82c89fe
07-06 00:14:36.607 D/Surface ( 1733): onStatusChange() : mNativeObject = 547819104768 mUseImageHwRender = false
07-06 00:14:36.607 V/Surface ( 1733): nativeSetHardwareRender() : status = 0
07-06 00:14:36.607 V/Surface ( 1733): nativeSetHardwareRender() : end
07-06 00:14:36.609 D/PowerManagerService( 1733): setScreenBrightnessOverrideFromWindowManagerInternal done
07-06 00:14:36.610 D/Surface ( 1733): onStatusChange() : mNativeObject = 0 mUseImageHwRender = false
07-06 00:14:36.610 D/Surface (25083): onStatusChange() : mNativeObject = -532461312 mUseImageHwRender = false
07-06 00:14:36.610 V/Surface (25083): nativeSetHardwareRender() : status = 0
07-06 00:14:36.610 V/Surface (25083): nativeSetHardwareRender() : end
07-06 00:14:36.610 I/SurfaceView(25083): New surface: Surface(name=null)/@0x576555f, vis=true, frame=Rect(418, 205 - 1234, 665)
07-06 00:14:36.610 D/Surface (25083): onStatusChange() : mNativeObject = 0 mUseImageHwRender = false
07-06 00:14:36.611 D/Surface (25083): onStatusChange() : mNativeObject = -532461312 mUseImageHwRender = false
07-06 00:14:36.611 V/Surface (25083): nativeSetHardwareRender() : status = 0
07-06 00:14:36.611 V/Surface (25083): nativeSetHardwareRender() : end
07-06 00:14:36.611 I/SurfaceView(25083): surfaceRedrawNeeded
07-06 00:14:36.611 I/SurfaceView(25083): finishedDrawing
07-06 00:14:36.612 V/SurfaceView(25083): Layout: x=418 y=205 w=816 h=460, frame=Rect(0, 0 - 816, 460)
07-06 00:14:36.612 D/MediaHTTPConnection(25083): [Connection@787478012] response.heeader.null = HTTP/1.1 206 Partial Content
07-06 00:14:36.612 D/MediaHTTPConnection(25083): [Connection@787478012] response.heeader.Accept-Ranges = bytes
07-06 00:14:36.612 D/MediaHTTPConnection(25083): [Connection@787478012] response.heeader.Age = 3325481
