07-05 21:06:46.771 E/WindowState( 1733): getStack: Window{180f4311 u0 com.jamdeo.launcher/com.jamdeo.launcher.app.BaseTileActivity} couldn't find taskId=5101 Callers=com.android.server.wm.WindowState.getStackBounds:849 com.android.server.wm.InputMonitor.addInputWindowHandleLw:180 com.android.server.wm.InputMonitor.updateInputWindowsLw:313 com.android.server.wm.WindowManagerService.performLayoutAndPlaceSurfacesLockedInner:10257 
07-05 21:06:46.772 D/PowerManagerService( 1733): setScreenBrightnessOverrideFromWindowManagerInternal done
07-05 21:06:46.773 E/WindowState( 1733): getStack: Window{180f4311 u0 com.jamdeo.launcher/com.jamdeo.launcher.app.BaseTileActivity} couldn't find taskId=5101 Callers=com.android.server.wm.DisplayContent.setTouchExcludeRegion:239 com.android.server.wm.WindowManagerService.setFocusedStackFrame:4124 com.android.server.wm.WindowManagerService.performLayoutAndPlaceSurfacesLockedInner:10333 com.android.server.wm.WindowManagerService.performLayoutAndPlaceSurfacesLockedLoop:8957 
07-05 21:06:46.783 I/ActivityStackUtils( 1733): New stack created with id = 68
07-05 21:06:46.783 D/ActivityStackUtils( 1733): startActivityOnStack - intent: Intent { act=com.jamdeo.launcher.BASE_TILE flg=0x100 (has extras) }, on stackId: 68
07-05 21:06:46.783 I/ActivityManager( 1733): START u0 {act=com.jamdeo.launcher.BASE_TILE flg=0x18010000 cmp=com.jamdeo.launcher/.app.BaseTileActivity (has extras)} from uid 1000 on display 0
07-05 21:06:46.787 V/WindowManager( 1733): addAppToken: AppWindowToken{2f64ce93 token=Token{2b191782 ActivityRecord{1ee442cd u0 com.jamdeo.launcher/.app.BaseTileActivity t5103}}} to stack=68 task=5103 at 0
07-05 21:06:46.818 V/WindowManager( 1733): Adding window Window{e3c27fc u0 Starting com.jamdeo.launcher} at 10 of 19 (after Window{11d55b21 u0 GlobalPanel})
07-05 21:06:46.821 I/UsageStatsService( 1733): paused component:com.jamdeo.launcher
07-05 21:06:46.821 V/UsageStatsService( 1733): Paused: 8848393   Component: com.jamdeo.launcher/com.jamdeo.launcher.app.BaseTileActivity   Time: 1499260006821 LastSessionTime: 20240 CumulativeSessionTime: 2054072
07-05 21:06:46.821 D/UsageStatsService( 1733): UsageStats: broadcasting intent
07-05 21:06:46.822 D/UsageStatsService( 1733): User[0] Got usage event for com.jamdeo.launcher[1499260006821]: MOVE_TO_BACKGROUND
07-05 21:06:46.822 W/ContextImpl( 1733): Calling a method in the system process without a qualified user: android.app.ContextImpl.sendBroadcast:1327 com.android.server.usage.UsageStatsService.insertUsageStats:1104 com.android.server.usage.UsageStatsService$PkgUsageStatsExtended.updatePause:979 com.android.server.usage.UsageStatsService$LocalService.notePauseComponent:808 com.android.server.am.ActivityManagerService.updateUsageStats:3173 
07-05 21:06:46.823 E/WindowState( 1733): getStack: Window{180f4311 u0 com.jamdeo.launcher/com.jamdeo.launcher.app.BaseTileActivity} couldn't find taskId=5101 Callers=com.android.server.wm.WindowManagerService.assignLayersLocked:8873 com.android.server.wm.WindowManagerService.addWindow:2651 com.android.server.wm.Session.addToDisplay:168 android.view.ViewRootImpl.setView:527 
07-05 21:06:46.824 E/WindowState( 1733): getStack: Window{180f4311 u0 com.jamdeo.launcher/com.jamdeo.launcher.app.BaseTileActivity} couldn't find taskId=5101 Callers=com.android.server.wm.WindowState.getDisplayContent:819 com.android.server.wm.WindowState.getDisplayId:824 com.android.server.wm.InputMonitor.updateInputWindowsLw:294 com.android.server.wm.WindowManagerService.addWindow:2658 
07-05 21:06:46.824 D/PowerManagerService( 1733): acquireWakeLockInternal: lock=681732318, flags=0x1, tag="ActivityManager-Launch", ws=null, uid=1000, pid=1733
07-05 21:06:46.824 D/PowerManagerNotifier( 1733): onWakeLockAcquired: flags=1, tag="ActivityManager-Launch", packageName=android, ownerUid=1000, ownerPid=1733, workSource=null
07-05 21:06:46.824 E/WindowState( 1733): getStack: Window{180f4311 u0 com.jamdeo.launcher/com.jamdeo.launcher.app.BaseTileActivity} couldn't find taskId=5101 Callers=com.android.server.wm.WindowState.getStackBounds:849 com.android.server.wm.InputMonitor.addInputWindowHandleLw:180 com.android.server.wm.InputMonitor.updateInputWindowsLw:313 com.android.server.wm.WindowManagerService.addWindow:2658 
07-05 21:06:46.826 E/WindowState( 1733): getStack: Window{180f4311 u0 com.jamdeo.launcher/com.jamdeo.launcher.app.BaseTileActivity} couldn't find taskId=5101 Callers=com.android.server.wm.WindowState.getDisplayContent:819 com.android.server.wm.WindowState.getWindowList:1397 com.android.server.wm.WindowManagerService.removeWindowInnerLocked:2895 com.android.server.wm.WindowManagerService.removeWindowLocked:2796 
07-05 21:06:46.826 E/WindowState( 1733): getStack: Window{180f4311 u0 com.jamdeo.launcher/com.jamdeo.launcher.app.BaseTileActivity} couldn't find taskId=5101 Callers=com.android.server.wm.WindowState.getDisplayContent:819 com.android.server.wm.WindowManagerService.removeWindowInnerLocked:2900 com.android.server.wm.WindowManagerService.removeWindowLocked:2796 com.android.server.wm.WindowManagerService.removeWindow:2718 
07-05 21:06:46.829 D/PowerManagerService( 1733): setScreenBrightnessOverrideFromWindowManagerInternal done
07-05 21:06:46.840 D/PowerManagerService( 1733): setScreenBrightnessOverrideFromWindowManagerInternal done
07-05 21:06:46.844 D/ActivityStackUtils( 1733): moveStack - stackId: 68, toFront: true
07-05 21:06:46.846 D/PowerManagerService( 1733): setScreenBrightnessOverrideFromWindowManagerInternal done
07-05 21:06:46.849 D/TileTransitionManager( 1733): getActivityContainer, create an empty stack: 68for: com.hisense.hicloud.edca
07-05 21:06:46.851 D/TileTransitionManager( 1733): getActivityContainer notify the top tile app changed.
07-05 21:06:46.853 D/TileTransitionManager( 1733): preProcess tasks with top removed:false
07-05 21:06:46.853 D/ActivityStackUtils( 1733): getActivityContainer - on stackId: 68
07-05 21:06:46.853 D/JamdeoActivityStackSupervisor( 1733): get currentSiloName
07-05 21:06:46.854 I/ActivityManager( 1733): START u0 {act=android.intent.action.MAIN cat=[android.intent.category.LAUNCHER] flg=0x10200000 cmp=com.hisense.hicloud.edca/.activity.EntryActivity} from uid 2000 on display 0
07-05 21:06:46.857 D/PowerManagerService( 1733): setScreenBrightnessOverrideFromWindowManagerInternal done
07-05 21:06:46.858 V/WindowManager( 1733): addAppToken: AppWindowToken{1cc8a4a6 token=Token{16bafe01 ActivityRecord{1821c7e8 u0 com.hisense.hicloud.edca/.activity.EntryActivity t5104}}} to stack=68 task=5104 at 0
07-05 21:06:46.930 I/ActivityManager( 1733): Start proc 18758:com.hisense.hicloud.edca/u0a10 for activity com.hisense.hicloud.edca/.activity.EntryActivity
07-05 21:06:46.978 I/UsageStatsService( 1733): resumed component name is ComponentInfo{com.hisense.hicloud.edca/com.hisense.hicloud.edca.activity.EntryActivity}
07-05 21:06:46.978 I/UsageStatsService( 1733): started component:com.hisense.hicloud.edca
07-05 21:06:46.978 V/UsageStatsService( 1733): Resumed: 8848550   Component: com.hisense.hicloud.edca/com.hisense.hicloud.edca.activity.EntryActivity   Time: 1499260006978 VersionCode: 652   LastUpdateTime: 1499256171569
07-05 21:06:46.978 D/UsageStatsService( 1733): UsageStats: broadcasting intent
07-05 21:06:46.979 W/ContextImpl( 1733): Calling a method in the system process without a qualified user: android.app.ContextImpl.sendBroadcast:1327 com.android.server.usage.UsageStatsService.insertUsageStats:1104 com.android.server.usage.UsageStatsService$PkgUsageStatsExtended.updateResume:962 com.android.server.usage.UsageStatsService$LocalService.noteResumeComponent:759 com.android.server.am.ActivityManagerService.updateUsageStats:3164 
07-05 21:06:46.980 D/UsageStatsService( 1733): User[0] Got usage event for com.hisense.hicloud.edca[1499260006978]: MOVE_TO_FOREGROUND
07-05 21:06:46.981 D/PowerManagerService( 1733): setScreenBrightnessOverrideFromWindowManagerInternal done
07-05 21:06:46.982 I/ActivityManager( 1733): TR16) TaskRecord{62e8283 #5104 A=com.hisense.hicloud.edca U=0 sz=1}
07-05 21:06:46.982 I/ActivityManager( 1733): TR15) TaskRecord{cd10cea #4980 A=com.jamdeo.launcher U=0 sz=1}
07-05 21:06:47.090 I/ActivityManager( 1733): TR16) TaskRecord{62e8283 #5104 A=com.hisense.hicloud.edca U=0 sz=1}
07-05 21:06:47.090 I/ActivityManager( 1733): TR15) TaskRecord{cd10cea #4980 A=com.jamdeo.launcher U=0 sz=1}
07-05 21:06:47.094 V/ActivityManager( 1733): set mstar.EnterOpaqueUI false
07-05 21:06:47.099 D/TvInputManagerService( 1733): call enableMotionEventNotifier:false
07-05 21:06:47.100 V/WindowManager( 1733): Adding window Window{34586c39 u0 com.jamdeo.launcher/com.jamdeo.launcher.app.BaseTileActivity} at 10 of 19 (before Window{e3c27fc u0 Starting com.jamdeo.launcher})
07-05 21:06:47.102 D/PowerManagerService( 1733): wakeUp: eventTime=8848673
07-05 21:06:47.102 D/PowerManagerService( 1733): wakeUpInternal: eventTime=8848673, uid=1000
07-05 21:06:47.102 D/PowerManagerService( 1733): wakeUpNoUpdateLocked: eventTime=8848673, uid=1000
07-05 21:06:47.125 D/PowerManagerService( 1733): setScreenBrightnessOverrideFromWindowManagerInternal done
07-05 21:06:47.128 D/PowerManagerService( 1733): setScreenBrightnessOverrideFromWindowManagerInternal done
07-05 21:06:47.175 D/TvInputManagerService( 1733): call enableMotionEventNotifier:false
07-05 21:06:47.176 D/TvInputManagerService( 1733): call enableMotionEventNotifier:false
07-05 21:06:47.184 D/PowerManagerService( 1733): wakeUp: eventTime=8848753
07-05 21:06:47.184 D/PowerManagerService( 1733): wakeUpInternal: eventTime=8848753, uid=1000
07-05 21:06:47.184 D/PowerManagerService( 1733): wakeUpNoUpdateLocked: eventTime=8848753, uid=1000
07-05 21:06:47.184 D/PowerManagerService( 1733): setScreenBrightnessOverrideFromWindowManagerInternal done
07-05 21:06:47.218 D/PowerManagerService( 1733): setScreenBrightnessOverrideFromWindowManagerInternal done
07-05 21:06:47.279 W/ActivityManager( 1733): Unable to start service Intent { act=com.jamdeo.tilelibrary.VidaaTileService pkg=com.jamdeo.launcher } U=0: not found
07-05 21:06:47.397 V/WindowManager( 1733): Adding window Window{354a92f5 u0 Starting com.hisense.hicloud.edca} at 12 of 20 (after Window{e3c27fc u0 Starting com.jamdeo.launcher})
07-05 21:06:47.443 D/PowerManagerService( 1733): setScreenBrightnessOverrideFromWindowManagerInternal done
07-05 21:06:47.445 D/PowerManagerService( 1733): setScreenBrightnessOverrideFromWindowManagerInternal done
07-05 21:06:47.497 D/PowerManagerService( 1733): setScreenBrightnessOverrideFromWindowManagerInternal done
07-05 21:06:47.499 D/PowerManagerService( 1733): setScreenBrightnessOverrideFromWindowManagerInternal done
07-05 21:06:47.503 D/PowerManagerService( 1733): setScreenBrightnessOverrideFromWindowManagerInternal done
07-05 21:06:47.514 D/PowerManagerService( 1733): setScreenBrightnessOverrideFromWindowManagerInternal done
07-05 21:06:47.526 D/PowerManagerService( 1733): setScreenBrightnessOverrideFromWindowManagerInternal done
07-05 21:06:47.533 D/PowerManagerService( 1733): setScreenBrightnessOverrideFromWindowManagerInternal done
07-05 21:06:47.604 I/NetflixMonitorService( 1733): current fgapk : com.hisense.hicloud.edca
07-05 21:06:47.604 I/NetflixMonitorService( 1733): Netflix status unchanged
07-05 21:06:47.982 D/PowerManagerService( 1733): setScreenBrightnessOverrideFromWindowManagerInternal done
07-05 21:06:47.986 D/PowerManagerService( 1733): setScreenBrightnessOverrideFromWindowManagerInternal done
07-05 21:06:48.605 I/NetflixMonitorService( 1733): current fgapk : com.hisense.hicloud.edca
07-05 21:06:48.605 I/NetflixMonitorService( 1733): Netflix status unchanged
07-05 21:06:49.415 V/WindowManager( 1733): Adding window Window{38577e63 u0 com.hisense.hicloud.edca/com.hisense.hicloud.edca.activity.EntryActivity} at 10 of 19 (before Window{354a92f5 u0 Starting com.hisense.hicloud.edca})
07-05 21:06:49.544 D/PowerManagerService( 1733): setScreenBrightnessOverrideFromWindowManagerInternal done
07-05 21:06:49.548 D/PowerManagerService( 1733): setScreenBrightnessOverrideFromWindowManagerInternal done
07-05 21:06:49.605 I/NetflixMonitorService( 1733): current fgapk : com.hisense.hicloud.edca
07-05 21:06:49.605 I/NetflixMonitorService( 1733): Netflix status unchanged
07-05 21:06:49.709 D/PowerManagerService( 1733): setScreenBrightnessOverrideFromWindowManagerInternal done
07-05 21:06:49.715 D/PowerManagerService( 1733): setScreenBrightnessOverrideFromWindowManagerInternal done
07-05 21:06:49.719 D/PowerManagerService( 1733): releaseWakeLockInternal: lock=681732318 [ActivityManager-Launch], flags=0x0
07-05 21:06:49.719 D/PowerManagerNotifier( 1733): onWakeLockReleased: flags=1, tag="ActivityManager-Launch", packageName=android, ownerUid=1000, ownerPid=1733, workSource=null
07-05 21:06:49.722 D/PowerManagerService( 1733): setScreenBrightnessOverrideFromWindowManagerInternal done
07-05 21:06:49.729 D/PowerManagerService( 1733): setScreenBrightnessOverrideFromWindowManagerInternal done
07-05 21:06:49.914 D/PowerManagerService( 1733): setScreenBrightnessOverrideFromWindowManagerInternal done
07-05 21:06:49.917 D/PowerManagerService( 1733): setScreenBrightnessOverrideFromWindowManagerInternal done
07-05 21:06:50.606 I/NetflixMonitorService( 1733): current fgapk : com.hisense.hicloud.edca
07-05 21:06:50.606 I/NetflixMonitorService( 1733): Netflix status unchanged
07-05 21:06:51.161 D/TileTransitionManager( 1733): getActivityContainer not enter cts mode
07-05 21:06:51.162 D/JamdeoActivityStackSupervisor( 1733): get currentSiloName
07-05 21:06:51.162 I/ActivityManager( 1733): START u0 {cmp=com.hisense.hicloud.edca/com.hisense.tvui.newhome.HomeMainActivity} from uid 10010 on display 0
07-05 21:06:51.164 D/PowerManagerService( 1733): setScreenBrightnessOverrideFromWindowManagerInternal done
07-05 21:06:51.167 D/PowerManagerService( 1733): setScreenBrightnessOverrideFromWindowManagerInternal done
07-05 21:06:51.168 V/WindowManager( 1733): addAppToken: AppWindowToken{25e1e578 token=Token{2ff456db ActivityRecord{11dbf3ea u0 com.hisense.hicloud.edca/com.hisense.tvui.newhome.HomeMainActivity t5104}}} to stack=68 task=5104 at 1
07-05 21:06:51.168 I/UsageStatsService( 1733): paused component:com.hisense.hicloud.edca
07-05 21:06:51.169 V/UsageStatsService( 1733): Paused: 8852740   Component: com.hisense.hicloud.edca/com.hisense.hicloud.edca.activity.EntryActivity   Time: 1499260011168 LastSessionTime: 4190 CumulativeSessionTime: 2357559
07-05 21:06:51.169 D/UsageStatsService( 1733): UsageStats: broadcasting intent
07-05 21:06:51.169 W/ContextImpl( 1733): Calling a method in the system process without a qualified user: android.app.ContextImpl.sendBroadcast:1327 com.android.server.usage.UsageStatsService.insertUsageStats:1104 com.android.server.usage.UsageStatsService$PkgUsageStatsExtended.updatePause:979 com.android.server.usage.UsageStatsService$LocalService.notePauseComponent:808 com.android.server.am.ActivityManagerService.updateUsageStats:3173 
07-05 21:06:51.170 D/PowerManagerService( 1733): acquireWakeLockInternal: lock=681732318, flags=0x1, tag="ActivityManager-Launch", ws=null, uid=1000, pid=1733
07-05 21:06:51.170 D/PowerManagerNotifier( 1733): onWakeLockAcquired: flags=1, tag="ActivityManager-Launch", packageName=android, ownerUid=1000, ownerPid=1733, workSource=null
07-05 21:06:51.170 D/UsageStatsService( 1733): User[0] Got usage event for com.hisense.hicloud.edca[1499260011169]: MOVE_TO_BACKGROUND
07-05 21:06:51.180 I/UsageStatsService( 1733): resumed component name is ComponentInfo{com.hisense.hicloud.edca/com.hisense.tvui.newhome.HomeMainActivity}
07-05 21:06:51.180 I/UsageStatsService( 1733): started component:com.hisense.hicloud.edca
07-05 21:06:51.180 V/UsageStatsService( 1733): Resumed: 8852752   Component: com.hisense.hicloud.edca/com.hisense.tvui.newhome.HomeMainActivity   Time: 1499260011180 VersionCode: 652   LastUpdateTime: 1499256171569
07-05 21:06:51.180 D/UsageStatsService( 1733): UsageStats: broadcasting intent
07-05 21:06:51.181 W/ContextImpl( 1733): Calling a method in the system process without a qualified user: android.app.ContextImpl.sendBroadcast:1327 com.android.server.usage.UsageStatsService.insertUsageStats:1104 com.android.server.usage.UsageStatsService$PkgUsageStatsExtended.updateResume:962 com.android.server.usage.UsageStatsService$LocalService.noteResumeComponent:759 com.android.server.am.ActivityManagerService.updateUsageStats:3164 
07-05 21:06:51.183 D/UsageStatsService( 1733): User[0] Got usage event for com.hisense.hicloud.edca[1499260011181]: MOVE_TO_FOREGROUND
07-05 21:06:51.184 D/PowerManagerService( 1733): setScreenBrightnessOverrideFromWindowManagerInternal done
07-05 21:06:51.185 I/ActivityManager( 1733): TR16) TaskRecord{62e8283 #5104 A=com.hisense.hicloud.edca U=0 sz=2}
07-05 21:06:51.185 I/ActivityManager( 1733): TR15) TaskRecord{cd10cea #4980 A=com.jamdeo.launcher U=0 sz=1}
07-05 21:06:51.185 V/ActivityManager( 1733): set mstar.EnterOpaqueUI false
07-05 21:06:51.606 I/NetflixMonitorService( 1733): current fgapk : com.hisense.hicloud.edca
07-05 21:06:51.606 I/NetflixMonitorService( 1733): Netflix status unchanged
--------- beginning of main
07-05 21:06:51.792 I/BaseApplication(18758): checkAccount start
07-05 21:06:51.792 I/HttpDnsUtils(18758): checkAccount--url==http://api.edu.hismarttv.com/usercenter/api/checkAccount
07-05 21:06:51.793 D/til@system( 2026): til_get_system_param option:1000007 int:-1815632896, bool:0, ret:0
07-05 21:06:51.794 D/til@system( 2026): til_get_system_param option:1000009 int:-1815633792, bool:128, ret:0
07-05 21:06:51.795 D/til@system( 2026): til_get_system_param option:1000008 int:-1936525184, bool:128, ret:0
07-05 21:06:51.795 D/HttpBuilder(18758): getOperationDetail-productName : LED50MU8600UC
07-05 21:06:51.795 D/HttpBuilder(18758): getOperationDetail-plmNumber : 88888
07-05 21:06:51.795 D/HttpBuilder(18758): getOperationDetail-swVersion : V0000.00.01A
07-05 21:06:51.795 D/HttpBuilder(18758): getOperationDetail-operationDetail : LED50MU8600UC0000888
07-05 21:06:51.797 D/OkHttp  (18758): --> GET http://api.edu.hismarttv.com/payment/api/order/getValidOrders?start=0&rows=1000&accessToken=72DF6038D2AEAB8A76DFBBBBCC428A4A_002865326306983&customerId=7195320&devType=0&devid=86100300900000500000060a4818fca8&valid=1&sign=2d57d161a17b3ee428ed74b895982cb1&uuid=13287129&mac=a8:a6:48:18:fc:a8&version=00.002.003&subscriberId=13287129&model_id=0&APPPackage=com.hisense.hicloud.edca&PFAPPCode=652&APPVersionName=3.0.0.9.00&ChannelId=0&softwareVersion=LED50MU8600UC0000888&tv_distribute_id=00&APIVersion=600 http/1.1
07-05 21:06:51.797 D/OkHttp  (18758): Data_Type: JSON
07-05 21:06:51.797 D/OkHttp  (18758): RetryTime: 0
07-05 21:06:51.797 D/OkHttp  (18758): Backoffmutiplier: 0
07-05 21:06:51.797 D/OkHttp  (18758): Host: api.edu.hismarttv.com
07-05 21:06:51.797 D/OkHttp  (18758): Connection: Keep-Alive
07-05 21:06:51.797 D/OkHttp  (18758): Accept-Encoding: gzip
07-05 21:06:51.797 D/OkHttp  (18758): User-Agent: okhttp/3.6.0
07-05 21:06:51.797 D/OkHttp  (18758): --> END GET
07-05 21:06:51.810 D/OkHttp  (18758): <-- 200 OK http://api.edu.hismarttv.com/payment/api/query/all/member/order?uuid=13287129&mac=a8:a6:48:18:fc:a8&devid=86100300900000500000060a4818fca8&version=00.002.003&subscriberId=13287129&customerId=7195320&model_id=0&APPPackage=com.hisense.hicloud.edca&PFAPPCode=652&APPVersionName=3.0.0.9.00&ChannelId=0&softwareVersion=LED50MU8600UC0000888&tv_distribute_id=00&devType=0&APIVersion=600&accessToken=72DF6038D2AEAB8A76DFBBBBCC428A4A_002865326306983 (37ms)
07-05 21:06:51.810 D/OkHttp  (18758): Server: nginx
07-05 21:06:51.810 D/OkHttp  (18758): Date: Wed, 05 Jul 2017 13:06:51 GMT
07-05 21:06:51.810 D/OkHttp  (18758): Content-Type: application/json
07-05 21:06:51.810 D/OkHttp  (18758): Content-Length: 262
07-05 21:06:51.810 D/OkHttp  (18758): Connection: close
07-05 21:06:51.810 D/OkHttp  (18758): <-- END HTTP
07-05 21:06:51.811 D/HttpHandler(18758): RetryIntercepter-->retryNum=0
07-05 21:06:51.811 D/HttpHandler(18758): RetryIntercepter-->backoffmutiplier=0
07-05 21:06:51.812 D/HttpHandler(18758): VerifySignInterCeptor-->dateType=1
07-05 21:06:51.812 D/HttpHandler(18758): VerifySignInterCeptor-->HttpRequestManager.httpClietOption.getVerifyFlag()=1
07-05 21:06:51.813 D/HttpHandler(18758): VerifySignInterCeptor-->content={"message": "\u65e0\u4efb\u4f55\u4f1a\u5458\u8ba2\u5355", "success": false}
07-05 21:06:51.816 I/HttpBuilder(18758): addUrlPublicParams mUrl ==>http://api.edu.hismarttv.com/usercenter/api/checkAccount?uuid=13287129&mac=a8:a6:48:18:fc:a8&devid=86100300900000500000060a4818fca8&version=00.002.003&subscriberId=13287129&customerId=7195320&model_id=0&APPPackage=com.hisense.hicloud.edca&PFAPPCode=652&APPVersionName=3.0.0.9.00&ChannelId=0&softwareVersion=LED50MU8600UC0000888&tv_distribute_id=00&devType=0&APIVersion=600&accessToken=72DF6038D2AEAB8A76DFBBBBCC428A4A_002865326306983
07-05 21:06:51.817 I/BaseContentFragment(18758): activity onResume
07-05 21:06:51.821 D/HttpHandler(18758): VerifySignInterCeptor-->request.url()=http://api.edu.hismarttv.com/usercenter/api/checkAccount?uuid=13287129&mac=a8:a6:48:18:fc:a8&devid=86100300900000500000060a4818fca8&version=00.002.003&subscriberId=13287129&customerId=7195320&model_id=0&APPPackage=com.hisense.hicloud.edca&PFAPPCode=652&APPVersionName=3.0.0.9.00&ChannelId=0&softwareVersion=LED50MU8600UC0000888&tv_distribute_id=00&devType=0&APIVersion=600&accessToken=72DF6038D2AEAB8A76DFBBBBCC428A4A_002865326306983
07-05 21:06:51.821 D/HttpHandler(18758): VerifySignInterCeptor-->hostname=api.edu.hismarttv.com
07-05 21:06:51.822 V/WindowManager( 1733): Adding window Window{3bd830bc u0 com.hisense.hicloud.edca/com.hisense.tvui.newhome.HomeMainActivity} at 11 of 19 (after Window{38577e63 u0 com.hisense.hicloud.edca/com.hisense.hicloud.edca.activity.EntryActivity})
07-05 21:06:51.823 D/HttpHandler(18758): HttpDNS-->hostname=api.edu.hismarttv.com
07-05 21:06:51.829 D/HttpHandler(18758): RAMCache-->hostInfo.getClientTimeStamp()=8852014
07-05 21:06:51.829 D/HttpHandler(18758): RAMCache-->hostInfo.getTtl()=3600
07-05 21:06:51.829 D/HttpHandler(18758): RAMCache-->SystemClock.elapsedRealtime()=8853401
07-05 21:06:51.832 D/HttpHandler(18758): DNSHelper-->gslbDns=["123.103.91.123"]
07-05 21:06:52.223 D/OkHttp  (18758): --> GET http://118.178.149.42/d?device_id=86100300900000500000060a4818fca8&host=b5d1d96093f9d07d386917b5d3b91cdcb031311b90271792b45951b69dc9c054dc862a7c9178ba82684e325a98b554b4&last= http/1.1
07-05 21:06:52.223 D/OkHttp  (18758): Host: lbgs.hismarttv.com
07-05 21:06:52.223 D/OkHttp  (18758): Connection: Keep-Alive
07-05 21:06:52.223 D/OkHttp  (18758): Accept-Encoding: gzip
07-05 21:06:52.223 D/OkHttp  (18758): User-Agent: okhttp/3.6.0
07-05 21:06:52.223 D/OkHttp  (18758): --> END GET
07-05 21:06:52.224 D/hwcomposer( 1204): lastHWWindowInfo is dirty
07-05 21:06:52.228 D/OkHttp  (18758): --> GET http://118.178.149.42/d?device_id=86100300900000500000060a4818fca8&host=b5d1d96093f9d07d386917b5d3b91cdcb031311b90271792b45951b69dc9c054dc862a7c9178ba82684e325a98b554b4&last= http/1.1
07-05 21:06:52.229 D/OkHttp  (18758): Host: lbgs.hismarttv.com
07-05 21:06:52.229 D/OkHttp  (18758): Connection: Keep-Alive
07-05 21:06:52.229 D/OkHttp  (18758): Accept-Encoding: gzip
07-05 21:06:52.229 D/OkHttp  (18758): User-Agent: okhttp/3.6.0
07-05 21:06:52.229 D/OkHttp  (18758): --> END GET
07-05 21:06:52.228 D/OkHttp  (18758): --> GET http://118.178.149.42/d?device_id=86100300900000500000060a4818fca8&host=b5d1d96093f9d07d386917b5d3b91cdcb031311b90271792b45951b69dc9c054dc862a7c9178ba82684e325a98b554b4&last= http/1.1
07-05 21:06:52.229 D/OkHttp  (18758): Host: lbgs.hismarttv.com
07-05 21:06:52.229 D/OkHttp  (18758): Connection: Keep-Alive
07-05 21:06:52.229 D/OkHttp  (18758): Accept-Encoding: gzip
07-05 21:06:52.229 D/OkHttp  (18758): User-Agent: okhttp/3.6.0
07-05 21:06:52.229 D/OkHttp  (18758): --> END GET
07-05 21:06:52.260 E/ContentValues(18758): refreshNetStatus: 
07-05 21:06:52.265 D/CommonHeader(18758): setPerson: true
07-05 21:06:52.265 D/ContentValues(18758): getIconDrawable :  icon == null:true
07-05 21:06:52.265 D/CommonHeader(18758): icon == null
07-05 21:06:52.267 D/CommonHeader(18758): WeatherCode: 01
07-05 21:06:52.269 I/MiSysSrv( 1214): [37m[INFO] Change to Voltage: 112 mv (0x2D)[m
07-05 21:06:52.271 E/ContentValues(18758): refreshNetStatus: 
07-05 21:06:52.274 E/ContentValues(18758): refreshNetStatus: 
07-05 21:06:52.276 D/OkHttp  (18758): <-- 200 OK http://118.178.149.42/d?device_id=86100300900000500000060a4818fca8&host=b5d1d96093f9d07d386917b5d3b91cdcb031311b90271792b45951b69dc9c054dc862a7c9178ba82684e325a98b554b4&last= (56ms)
07-05 21:06:52.276 D/OkHttp  (18758): Server: openresty
07-05 21:06:52.276 D/OkHttp  (18758): Date: Wed, 05 Jul 2017 13:06:52 GMT
07-05 21:06:52.276 D/OkHttp  (18758): Content-Type: application/octet-stream
07-05 21:06:52.276 D/OkHttp  (18758): Transfer-Encoding: chunked
07-05 21:06:52.276 D/OkHttp  (18758): Connection: close
07-05 21:06:52.276 D/OkHttp  (18758): <-- END HTTP
07-05 21:06:52.277 D/OkHttp  (18758): <-- 200 OK http://118.178.149.42/d?device_id=86100300900000500000060a4818fca8&host=b5d1d96093f9d07d386917b5d3b91cdcb031311b90271792b45951b69dc9c054dc862a7c9178ba82684e325a98b554b4&last= (48ms)
07-05 21:06:52.278 D/OkHttp  (18758): Server: openresty
07-05 21:06:52.278 D/OkHttp  (18758): Date: Wed, 05 Jul 2017 13:06:52 GMT
07-05 21:06:52.278 D/OkHttp  (18758): Content-Type: application/octet-stream
07-05 21:06:52.278 D/OkHttp  (18758): Transfer-Encoding: chunked
07-05 21:06:52.278 D/OkHttp  (18758): Connection: close
07-05 21:06:52.278 D/OkHttp  (18758): <-- END HTTP
07-05 21:06:52.278 E/CommonHeader(18758): setNetStatusIcon: 30002
07-05 21:06:52.278 E/ContentValues(18758): refreshNetStatus: 
07-05 21:06:52.282 D/CommonHeader(18758): SLOVEN setPlaceInfo place---city::---
07-05 21:06:52.283 D/HttpHandler(18758): DNSRetryIntercepter-->checkData=dbbf03a0e59a5c14094df6af108b323c14664cd943cb48d7b41bfc2c1ee5bc87241fffd5e7b5e0a26ac565f6b5db1de20cf949bdfb7763012c3651adf538a3bb968d76cdb08ca331967e36a10d1bd2d77e88bb4b7aa782c35f818505eb9b580bc78ea9db0577b364675556ed0f5a4f34623192c16543539675387f2dadfb4f154ee0297bac8b68179ec86f1ad3ab1a50b05fa08f2d7fabefa5c04e927f402f0ef8e6b7c012375d98d86d64a467bffe84b4ce7d4d03939ce2f7b5f6e49231c7943c94f2ac0bac8d9e4c6b941432f71c7175555503e1041aa5ee9bdf9a6be32f4abe92d9b7da6598ff4d9baf5183b1c094dc7e5f4467d339a64064f1e95eb4876d9745354b0efb08f9337eb6f74e2b80cb6962cd73007cb6548e394c8021a9e58878825cb35d1ffec8e18f7e3c10dffd13
07-05 21:06:52.282 D/HeaderServiceManager(18758): adding listener com.hisense.tvui.newhome.view.header.view.CommonHeader$HeaderWeatherInfoListener@a0458d4
07-05 21:06:52.283 D/BaseContentFragment(18758): header logoone open
07-05 21:06:52.283 D/CommonHeader(18758): onTabStatusChanged tabstatus===>:40001
07-05 21:06:52.286 D/HttpHandler(18758): DNSHelper-->gslbDnsresult={"timestamp":1499260012,"msg":"","data":{"lbgs.hismarttv.com":{"ips":["118.178.149.42","139.217.11.211"],"ttl":3600},"picture.edu.hismarttv.com":{"ips":["220.202.77.116","123.128.14.209","153.35.175.121","220.202.77.124","153.35.175.120","125.46.22.134","218.58.206.58"],"ttl":300}},"retCode":"0"}
07-05 21:06:52.286 D/OkHttp  (18758): <-- 200 OK http://118.178.149.42/d?device_id=86100300900000500000060a4818fca8&host=b5d1d96093f9d07d386917b5d3b91cdcb031311b90271792b45951b69dc9c054dc862a7c9178ba82684e325a98b554b4&last= (63ms)
07-05 21:06:52.286 D/OkHttp  (18758): Server: openresty
07-05 21:06:52.286 D/OkHttp  (18758): Date: Wed, 05 Jul 2017 13:06:52 GMT
07-05 21:06:52.286 D/OkHttp  (18758): Content-Type: application/octet-stream
07-05 21:06:52.286 D/OkHttp  (18758): Transfer-Encoding: chunked
07-05 21:06:52.286 D/OkHttp  (18758): Connection: close
07-05 21:06:52.286 D/OkHttp  (18758): <-- END HTTP
07-05 21:06:52.287 I/System.out(18758):  remove duplicate [118.178.149.42, 139.217.11.211]
07-05 21:06:52.287 D/HttpHandler(18758): DNSRetryIntercepter-->checkData=dbbf03a0e59a5c14094df6af108b323c14664cd943cb48d7b41bfc2c1ee5bc87241fffd5e7b5e0a26ac565f6b5db1de20cf949bdfb7763012c3651adf538a3bb968d76cdb08ca331967e36a10d1bd2d77e88bb4b7aa782c35f818505eb9b580bc78ea9db0577b364675556ed0f5a4f34623192c16543539675387f2dadfb4f154ee0297bac8b68179ec86f1ad3ab1a50bc66e63c4015af939567f018a909cb2bff934428aa9fdc01f35839a11f3d006cbeeafd06670f2038dda79b8d09e99e162a77d5579c5511d9dddf6132c6c27b73e4283fa536822e14770519b0105612750c2fc53402af99235512948326909452eaaa14be2e095def3cf312209bad9329806cd22556e3802bfdc3ad2cc4b795c66c1eb4d3098a8507c6c2c37249488c5f60a9045f3d1baf4c41b79ea8197ada2d
07-05 21:06:52.295 D/HttpHandler(18758): DNSHelper-->httpDnsParser=["220.202.77.116","123.128.14.209","153.35.175.121","220.202.77.124","153.35.175.120","125.46.22.134","218.58.206.58"]
07-05 21:06:52.296 D/OkHttp  (18758): <-- 200 OK http://118.178.149.42/d?device_id=86100300900000500000060a4818fca8&host=b5d1d96093f9d07d386917b5d3b91cdcb031311b90271792b45951b69dc9c054dc862a7c9178ba82684e325a98b554b4&last= (66ms)
07-05 21:06:52.296 D/OkHttp  (18758): Server: openresty
07-05 21:06:52.296 D/OkHttp  (18758): Date: Wed, 05 Jul 2017 13:06:52 GMT
07-05 21:06:52.296 D/OkHttp  (18758): Content-Type: application/octet-stream
07-05 21:06:52.296 D/OkHttp  (18758): Transfer-Encoding: chunked
07-05 21:06:52.296 D/OkHttp  (18758): Connection: close
07-05 21:06:52.296 D/OkHttp  (18758): <-- END HTTP
07-05 21:06:52.300 D/HttpHandler(18758): DNSRetryIntercepter-->checkData=dbbf03a0e59a5c14094df6af108b323c14664cd943cb48d7b41bfc2c1ee5bc87241fffd5e7b5e0a26ac565f6b5db1de20cf949bdfb7763012c3651adf538a3bb968d76cdb08ca331967e36a10d1bd2d77e88bb4b7aa782c35f818505eb9b580bc78ea9db0577b364675556ed0f5a4f34623192c16543539675387f2dadfb4f154ee0297bac8b68179ec86f1ad3ab1a50e15e5f21fddeef60cb80a2091962840b62f0782c2e22907da7ff54ae4979b7e9d07296a4e6ee0d3e82653e7f08da76898855bc1c9fd8e5a385596ef1dd9543ecea249ebb4a04c12fe95de0ffe03b45e41bdfa457bab840288859661d4d96c7a34ee40a4e439327063257adb89b0ce63bfbbe719446c7baa4ca8f0e58804e51ce6108a75f9129b0fcc42cb99d5bd664aec8ccd42721fa7358fdfe2d25075204d7
07-05 21:06:52.301 D/HttpHandler(18758): DNSHelper-->gslbDnsresult={"timestamp":1499260012,"msg":"","data":{"lbgs.hismarttv.com":{"ips":["118.178.149.42","139.217.11.211"],"ttl":3600},"picture.edu.hismarttv.com":{"ips":["218.58.206.58","220.202.77.116","123.128.14.209","153.35.175.121","220.202.77.124","153.35.175.120","125.46.22.134"],"ttl":300}},"retCode":"0"}
07-05 21:06:52.301 I/System.out(18758):  remove duplicate [118.178.149.42, 139.217.11.211]
07-05 21:06:52.306 D/HttpHandler(18758): DNSHelper-->gslbDnsresult={"timestamp":1499260012,"msg":"","data":{"lbgs.hismarttv.com":{"ips":["118.178.149.42","139.217.11.211"],"ttl":3600},"picture.edu.hismarttv.com":{"ips":["153.35.175.120","125.46.22.134","218.58.206.58","220.202.77.116","123.128.14.209","153.35.175.121","220.202.77.124"],"ttl":300}},"retCode":"0"}
07-05 21:06:52.306 I/System.out(18758):  remove duplicate [118.178.149.42, 139.217.11.211]
07-05 21:06:52.311 I/Utils   (18758): getScreenSize() SCREEN_WIDTH = 1920, SCREEN_HEIGHT = 1080, DENSITY = 2.0
07-05 21:06:52.312 D/FirstLineAdapter(18758): tiles6
07-05 21:06:52.314 I/FirstLineAdapter(18758): canShowTrailer,isOffline=false
07-05 21:06:52.314 I/SpecialFirstView(18758): setData ,canshowtrailer:true
07-05 21:06:52.315 I/FirstLineAdapter(18758): onAttachedToRecyclerView 
07-05 21:06:52.318 I/size    (18758): size=10
07-05 21:06:52.319 D/HttpHandler(18758): DNSHelper-->httpDnsParser=["153.35.175.120","125.46.22.134","218.58.206.58","220.202.77.116","123.128.14.209","153.35.175.121","220.202.77.124"]
07-05 21:06:52.320 I/RoleContentFragment(18758): set recyclerview adapter
07-05 21:06:52.320 I/RoleContentFragment(18758): has not get  recommand data
07-05 21:06:52.320 I/HomeDataPresenter(18758): getRecommandData(): channelId = 0RoleContentFragment641321159
07-05 21:06:52.320 I/HttpDnsUtils(18758): get favorite tag 
07-05 21:06:52.321 I/HttpDnsUtils(18758): getRecommandData: http://api.edu.hismarttv.com/usercenter/api/individualize_data?devid=86100300900000500000060a4818fca8&customerId=7195320&subscriberId=13287129&ChannelId=0&tags=&version_id=6&region_name=%E6%9D%AD%E5%B7%9E
07-05 21:06:52.321 D/HttpHandler(18758): DNSHelper-->httpDnsParser=["218.58.206.58","220.202.77.116","123.128.14.209","153.35.175.121","220.202.77.124","153.35.175.120","125.46.22.134"]
07-05 21:06:52.323 D/til@system( 2026): til_get_system_param option:1000007 int:-1815634176, bool:0, ret:0
07-05 21:06:52.324 D/til@system( 2026): til_get_system_param option:1000009 int:-1936522112, bool:128, ret:0
07-05 21:06:52.325 D/til@system( 2026): til_get_system_param option:1000008 int:-1936523008, bool:0, ret:0
07-05 21:06:52.325 D/HttpBuilder(18758): getOperationDetail-productName : LED50MU8600UC
07-05 21:06:52.325 D/HttpBuilder(18758): getOperationDetail-plmNumber : 88888
07-05 21:06:52.325 D/HttpBuilder(18758): getOperationDetail-swVersion : V0000.00.01A
07-05 21:06:52.325 D/HttpBuilder(18758): getOperationDetail-operationDetail : LED50MU8600UC0000888
07-05 21:06:52.328 D/HttpHandler(18758): DNSRetryIntercepter-->checkData=dbbf03a0e59a5c14094df6af108b323c14664cd943cb48d7b41bfc2c1ee5bc87241fffd5e7b5e0a26ac565f6b5db1de20cf949bdfb7763012c3651adf538a3bb968d76cdb08ca331967e36a10d1bd2d77e88bb4b7aa782c35f818505eb9b580bc78ea9db0577b364675556ed0f5a4f34623192c16543539675387f2dadfb4f154ee0297bac8b68179ec86f1ad3ab1a50e15e5f21fddeef60cb80a2091962840b0e035405f26da626c708f5f63b75993013b47b47f138b28d7280b4d752ce987bacb3e3c09ed3706ed33cd3e8bf26b1741e0520b26dea118fdfbef26cbf7bdef9890ecbbeb58df034282e98733b9308423dfb051758f73f81aa5e08e57c52358d22a2671db98a350ac661098f398a1c2f270d7b4c3e73501931f8e25f7553272898ad779582725acbea89519e76aa939d
07-05 21:06:52.330 D/HttpHandler(18758): DNSHelper-->gslbDnsresult={"timestamp":1499260012,"msg":"","data":{"lbgs.hismarttv.com":{"ips":["118.178.149.42","139.217.11.211"],"ttl":3600},"picture.edu.hismarttv.com":{"ips":["153.35.175.121","220.202.77.124","153.35.175.120","125.46.22.134","218.58.206.58","220.202.77.116","123.128.14.209"],"ttl":300}},"retCode":"0"}
07-05 21:06:52.331 I/System.out(18758):  remove duplicate [118.178.149.42, 139.217.11.211]
07-05 21:06:52.336 D/OkHttp  (18758): --> GET http://picture.edu.hismarttv.com/images/20170628111857828826.png http/1.1
07-05 21:06:52.336 D/OkHttp  (18758): Host: picture.edu.hismarttv.com
07-05 21:06:52.336 D/OkHttp  (18758): Connection: Keep-Alive
07-05 21:06:52.336 D/OkHttp  (18758): Accept-Encoding: gzip
07-05 21:06:52.336 D/OkHttp  (18758): User-Agent: okhttp/3.6.0
07-05 21:06:52.336 D/OkHttp  (18758): --> END GET
07-05 21:06:52.350 D/OkHttp  (18758): <-- 200 OK http://picture.edu.hismarttv.com/images/20170628111857828826.png (14ms)
07-05 21:06:52.350 D/OkHttp  (18758): Date: Mon, 03 Jul 2017 08:35:17 GMT
07-05 21:06:52.350 D/OkHttp  (18758): Server: nginx
07-05 21:06:52.350 D/OkHttp  (18758): Content-Type: image/png
07-05 21:06:52.350 D/OkHttp  (18758): Content-Length: 2318
07-05 21:06:52.350 D/OkHttp  (18758): Last-Modified: Wed, 28 Jun 2017 11:18:57 GMT
07-05 21:06:52.350 D/OkHttp  (18758): ETag: "595390a1-90e"
07-05 21:06:52.350 D/OkHttp  (18758): Accept-Ranges: bytes
07-05 21:06:52.350 D/OkHttp  (18758): Age: 189091
07-05 21:06:52.350 D/OkHttp  (18758): Via: 1.1 pingwangtong52:8 (Cdn Cache Server V2.0)[28 200 0], 1.1 dezhou34:2 (Cdn Cache Server V2.0)[0 200 0]
07-05 21:06:52.350 D/OkHttp  (18758): Connection: keep-alive
07-05 21:06:52.350 D/OkHttp  (18758): <-- END HTTP
07-05 21:06:52.364 D/OkHttp  (18758): --> GET http://picture.edu.hismarttv.com/images/20170628111729989045.png http/1.1
07-05 21:06:52.364 D/OkHttp  (18758): Host: picture.edu.hismarttv.com
07-05 21:06:52.364 D/OkHttp  (18758): Connection: Keep-Alive
07-05 21:06:52.364 D/OkHttp  (18758): Accept-Encoding: gzip
07-05 21:06:52.364 D/OkHttp  (18758): User-Agent: okhttp/3.6.0
07-05 21:06:52.364 D/OkHttp  (18758): --> END GET
07-05 21:06:52.365 D/HttpHandler(18758): RetryIntercepter-->retryNum=0
07-05 21:06:52.365 D/HttpHandler(18758): RetryIntercepter-->backoffmutiplier=0
07-05 21:06:52.369 I/MiSysSrv( 1214): [37m[INFO] Change to Voltage: 117 mv (0x32)[m
07-05 21:06:52.364 D/OkHttp  (18758): --> GET http://picture.edu.hismarttv.com/images/20170628121916725281.png http/1.1
07-05 21:06:52.379 D/OkHttp  (18758): Host: picture.edu.hismarttv.com
07-05 21:06:52.379 D/OkHttp  (18758): Connection: Keep-Alive
07-05 21:06:52.379 D/OkHttp  (18758): Accept-Encoding: gzip
07-05 21:06:52.379 D/OkHttp  (18758): User-Agent: okhttp/3.6.0
07-05 21:06:52.379 D/OkHttp  (18758): --> END GET
07-05 21:06:52.381 I/HttpBuilder(18758): addUrlPublicParams mUrl ==>http://api.edu.hismarttv.com/usercenter/api/individualize_data?devid=86100300900000500000060a4818fca8&customerId=7195320&subscriberId=13287129&ChannelId=0&tags=&version_id=6&region_name=%E6%9D%AD%E5%B7%9E&uuid=13287129&mac=a8:a6:48:18:fc:a8&model_id=0&APPPackage=com.hisense.hicloud.edca&PFAPPCode=652&APPVersionName=3.0.0.9.00&softwareVersion=LED50MU8600UC0000888&tv_distribute_id=00&devType=0&APIVersion=600&accessToken=72DF6038D2AEAB8A76DFBBBBCC428A4A_002865326306983
07-05 21:06:52.382 I/RoleContentFragment(18758): real get recommand data
07-05 21:06:52.382 I/RoleContentFragment(18758): setBackGround ,isVisible=true,hasload=true
07-05 21:06:52.382 I/Util    (18758): memory : total=1912,limit=1024
07-05 21:06:52.382 D/HttpHandler(18758): VerifySignInterCeptor-->request.url()=http://api.edu.hismarttv.com/usercenter/api/individualize_data?devid=86100300900000500000060a4818fca8&customerId=7195320&subscriberId=13287129&ChannelId=0&tags=&version_id=6&region_name=%E6%9D%AD%E5%B7%9E&uuid=13287129&mac=a8:a6:48:18:fc:a8&model_id=0&APPPackage=com.hisense.hicloud.edca&PFAPPCode=652&APPVersionName=3.0.0.9.00&softwareVersion=LED50MU8600UC0000888&tv_distribute_id=00&devType=0&APIVersion=600&accessToken=72DF6038D2AEAB8A76DFBBBBCC428A4A_002865326306983
07-05 21:06:52.382 D/HttpHandler(18758): VerifySignInterCeptor-->hostname=api.edu.hismarttv.com
07-05 21:06:52.382 I/BaseContentFragment(18758): hideLoadingView
07-05 21:06:52.383 I/RoleContentFragment(18758): getServiceData: 0
07-05 21:06:52.383 D/HttpHandler(18758): HttpDNS-->hostname=api.edu.hismarttv.com
07-05 21:06:52.384 D/HttpHandler(18758): RAMCache-->hostInfo.getClientTimeStamp()=8852014
07-05 21:06:52.384 D/HttpHandler(18758): RAMCache-->hostInfo.getTtl()=3600
07-05 21:06:52.384 D/HttpHandler(18758): RAMCache-->SystemClock.elapsedRealtime()=8853956
07-05 21:06:52.387 I/MyFragmentStateAdapter(18758): getCount
07-05 21:06:52.395 D/HttpHandler(18758): DNSHelper-->gslbDns=["123.103.91.123"]
07-05 21:06:52.399 V/InputMethodService( 2203): startInput(): editor=android.view.inputmethod.EditorInfo@56d12c9
07-05 21:06:52.400 V/InputMethodService( 2203): CALL: onFinishInput
07-05 21:06:52.400 E/SOGOUIME_JNI( 2203): reset
07-05 21:06:52.401 D/OkHttp  (18758): <-- 200 OK http://picture.edu.hismarttv.com/images/20170628111729989045.png (36ms)
07-05 21:06:52.401 D/OkHttp  (18758): Date: Mon, 03 Jul 2017 10:17:07 GMT
07-05 21:06:52.401 D/OkHttp  (18758): Server: nginx
07-05 21:06:52.401 D/OkHttp  (18758): Content-Type: image/png
07-05 21:06:52.401 D/OkHttp  (18758): Content-Length: 2752
07-05 21:06:52.401 D/OkHttp  (18758): Last-Modified: Wed, 28 Jun 2017 11:17:29 GMT
07-05 21:06:52.401 D/OkHttp  (18758): ETag: "59539049-ac0"
07-05 21:06:52.401 D/OkHttp  (18758): Accept-Ranges: bytes
07-05 21:06:52.401 D/OkHttp  (18758): Age: 182985
07-05 21:06:52.401 D/OkHttp  (18758): Via: 1.1 zhiwangtong173:3 (Cdn Cache Server V2.0)[0 200 0], 1.1 t85:0 (Cdn Cache Server V2.0)[0 200 0]
07-05 21:06:52.401 D/OkHttp  (18758): Connection: keep-alive
07-05 21:06:52.401 D/OkHttp  (18758): <-- END HTTP
07-05 21:06:52.401 E/SOGOUIME_JNI( 2203): getCandidates
07-05 21:06:52.401 E/SOGOUIME_JNI( 2203): ime_get_uncommitted_length
07-05 21:06:52.402 E/SOGOUIME_JNI( 2203): getCandidates
07-05 21:06:52.402 D/SogouIME API( 2203): ==============num:32
07-05 21:06:52.402 E/SOGOUIME_JNI( 2203): ime_get_uncommitted_length
07-05 21:06:52.402 D/SogouIME( 2203): mFocusedComponent:30   isHkbEnable:false
07-05 21:06:52.402 E/SOGOUIME_JNI( 2203): ime_get_uncommitted_length
07-05 21:06:52.402 E/SOGOUIME_JNI( 2203): ime_get_committed_length
07-05 21:06:52.402 E/SOGOUIME_JNI( 2203): getComposingInfo
07-05 21:06:52.402 E/SOGOUIME_JNI( 2203): getComposingInfo
07-05 21:06:52.402 E/SOGOUIME_JNI( 2203): getCorrectInfo
07-05 21:06:52.402 E/SOGOUIME_JNI( 2203): getComposingInfo
07-05 21:06:52.403 V/InputMethodService( 2203): CALL: onStartInput
07-05 21:06:52.403 E/SOGOUIME_JNI( 2203): invalidateCommitWordPinyinNative
07-05 21:06:52.403 D/SogouIME( 2203): =====configKeyboard=======:false     false
07-05 21:06:52.403 E/SOGOUIME_JNI( 2203): ime_set_hard_kb_enable
07-05 21:06:52.404 D/TabView (18758): 
07-05 21:06:52.405 I/HLSP2P  ( 3457): ## 2017-07-05 21:06:52.404 [3457,3628,:0] INFO ## [HLSP2P][PunchHelper.cpp:286][INFO][SendHeartBeatMsg][PunchHelper] send heartbeat to punch server(111.161.53.222:8002) ok
07-05 21:06:52.405 D/HttpHandler(18758): DNSHelper-->httpDnsParser=["153.35.175.121","220.202.77.124","153.35.175.120","125.46.22.134","218.58.206.58","220.202.77.116","123.128.14.209"]
07-05 21:06:52.412 D/TabView (18758): 
07-05 21:06:52.413 D/OkHttp  (18758): <-- 200 OK http://picture.edu.hismarttv.com/images/20170628121916725281.png (34ms)
07-05 21:06:52.413 D/OkHttp  (18758): Date: Tue, 04 Jul 2017 13:44:34 GMT
07-05 21:06:52.413 D/OkHttp  (18758): Server: nginx
07-05 21:06:52.413 D/OkHttp  (18758): Content-Type: image/png
07-05 21:06:52.413 D/OkHttp  (18758): Content-Length: 2555
07-05 21:06:52.413 D/OkHttp  (18758): Last-Modified: Wed, 28 Jun 2017 12:19:16 GMT
07-05 21:06:52.413 D/OkHttp  (18758): ETag: "59539ec4-9fb"
07-05 21:06:52.413 D/OkHttp  (18758): Accept-Ranges: bytes
07-05 21:06:52.413 D/OkHttp  (18758): Age: 84138
07-05 21:06:52.413 D/OkHttp  (18758): Via: 1.1 jn239:1 (Cdn Cache Server V2.0)[16 200 0], 1.1 changwtong67:2 (Cdn Cache Server V2.0)[13 200 0]
07-05 21:06:52.413 D/OkHttp  (18758): Connection: keep-alive
07-05 21:06:52.413 D/OkHttp  (18758): <-- END HTTP
07-05 21:06:52.414 D/TabView (18758): 
07-05 21:06:52.416 D/TabView (18758): 
07-05 21:06:52.417 D/TabView (18758): 
07-05 21:06:52.420 D/TabView (18758): 
07-05 21:06:52.420 I/HLSP2P  ( 3457): ## 2017-07-05 21:06:52.420 [3457,3630,:0] INFO ## [HLSP2P][PunchHelper.cpp:431][INFO][OnHeartbeatRsp][PunchHelper] punch heartbeat rsp ok
07-05 21:06:52.422 D/TabView (18758): 
07-05 21:06:52.424 D/TabView (18758): 
07-05 21:06:52.425 D/TabView (18758): 
07-05 21:06:52.428 D/HttpHandler(18758): VerifySignInterCeptor-->request.url()=http://picture.edu.hismarttv.com/images/20170628115302475663.png
07-05 21:06:52.428 D/HttpHandler(18758): VerifySignInterCeptor-->hostname=picture.edu.hismarttv.com
07-05 21:06:52.429 D/OkHttp  (18758): --> GET http://api.edu.hismarttv.com/usercenter/api/individualize_data?devid=86100300900000500000060a4818fca8&customerId=7195320&subscriberId=13287129&ChannelId=0&tags=&version_id=6&region_name=%E6%9D%AD%E5%B7%9E&uuid=13287129&mac=a8:a6:48:18:fc:a8&model_id=0&APPPackage=com.hisense.hicloud.edca&PFAPPCode=652&APPVersionName=3.0.0.9.00&softwareVersion=LED50MU8600UC0000888&tv_distribute_id=00&devType=0&APIVersion=600&accessToken=72DF6038D2AEAB8A76DFBBBBCC428A4A_002865326306983 http/1.1
07-05 21:06:52.429 D/OkHttp  (18758): Data_Type: JSON
07-05 21:06:52.429 D/OkHttp  (18758): RetryTime: 0
07-05 21:06:52.429 D/OkHttp  (18758): Backoffmutiplier: 0
07-05 21:06:52.429 D/OkHttp  (18758): Host: api.edu.hismarttv.com
07-05 21:06:52.429 D/OkHttp  (18758): Connection: Keep-Alive
07-05 21:06:52.429 D/OkHttp  (18758): Accept-Encoding: gzip
07-05 21:06:52.429 D/OkHttp  (18758): User-Agent: okhttp/3.6.0
07-05 21:06:52.429 D/OkHttp  (18758): --> END GET
07-05 21:06:52.429 D/TabView (18758): 
07-05 21:06:52.432 D/TabView (18758): 
07-05 21:06:52.433 D/TabView (18758): 
07-05 21:06:52.436 D/TabView (18758): 
07-05 21:06:52.436 D/OkHttp  (18758): --> GET http://picture.edu.hismarttv.com/images/20170628111759213347.png http/1.1
07-05 21:06:52.436 D/OkHttp  (18758): Host: picture.edu.hismarttv.com
07-05 21:06:52.436 D/OkHttp  (18758): Connection: Keep-Alive
07-05 21:06:52.436 D/OkHttp  (18758): Accept-Encoding: gzip
07-05 21:06:52.436 D/OkHttp  (18758): User-Agent: okhttp/3.6.0
07-05 21:06:52.436 D/OkHttp  (18758): --> END GET
07-05 21:06:52.437 D/TabView (18758): 
07-05 21:06:52.440 D/TabView (18758): 
07-05 21:06:52.444 D/HttpHandler(18758): RetryIntercepter-->retryNum=0
07-05 21:06:52.444 D/HttpHandler(18758): RetryIntercepter-->backoffmutiplier=0
07-05 21:06:52.444 D/TabView (18758): 
07-05 21:06:52.446 I/MyFragmentStateAdapter(18758): getCount
07-05 21:06:52.446 I/MyFragmentStateAdapter(18758): getCount
07-05 21:06:52.446 D/TabView (18758): 
07-05 21:06:52.447 D/OkHttp  (18758): --> GET http://picture.edu.hismarttv.com/images/20170628115302475663.png http/1.1
07-05 21:06:52.447 D/OkHttp  (18758): Host: picture.edu.hismarttv.com
07-05 21:06:52.447 D/OkHttp  (18758): Connection: Keep-Alive
07-05 21:06:52.447 D/OkHttp  (18758): Accept-Encoding: gzip
07-05 21:06:52.447 D/OkHttp  (18758): User-Agent: okhttp/3.6.0
07-05 21:06:52.447 D/OkHttp  (18758): --> END GET
07-05 21:06:52.448 D/TabView (18758): 
07-05 21:06:52.449 D/HttpHandler(18758): RetryIntercepter-->retryNum=0
07-05 21:06:52.449 D/HttpHandler(18758): RetryIntercepter-->backoffmutiplier=0
07-05 21:06:52.450 D/TabView (18758): 
07-05 21:06:52.452 D/TabView (18758): 
07-05 21:06:52.454 D/TabView (18758): 
07-05 21:06:52.456 D/TabView (18758): 
07-05 21:06:52.461 D/OkHttp  (18758): <-- 200 OK http://picture.edu.hismarttv.com/images/20170628115302475663.png (13ms)
07-05 21:06:52.461 D/OkHttp  (18758): Date: Mon, 03 Jul 2017 08:35:16 GMT
07-05 21:06:52.461 D/OkHttp  (18758): Server: nginx
07-05 21:06:52.461 D/OkHttp  (18758): Content-Type: image/png
07-05 21:06:52.461 D/OkHttp  (18758): Content-Length: 2527
07-05 21:06:52.461 D/OkHttp  (18758): Last-Modified: Wed, 28 Jun 2017 11:53:02 GMT
07-05 21:06:52.461 D/OkHttp  (18758): ETag: "5953989e-9df"
07-05 21:06:52.461 D/OkHttp  (18758): Accept-Ranges: bytes
07-05 21:06:52.461 D/OkHttp  (18758): Age: 189096
07-05 21:06:52.461 D/OkHttp  (18758): Via: 1.1 jn241:2 (Cdn Cache Server V2.0)[0 200 0], 1.1 dezhou37:6 (Cdn Cache Server V2.0)[0 200 0]
07-05 21:06:52.461 D/TabView (18758): 
07-05 21:06:52.461 D/OkHttp  (18758): Connection: keep-alive
07-05 21:06:52.461 D/OkHttp  (18758): <-- END HTTP
07-05 21:06:52.463 D/TabView (18758): 
07-05 21:06:52.464 D/HttpHandler(18758): RetryIntercepter-->retryNum=0
07-05 21:06:52.464 D/HttpHandler(18758): RetryIntercepter-->backoffmutiplier=0
07-05 21:06:52.469 D/TabView (18758): 
07-05 21:06:52.472 D/TabView (18758): 
07-05 21:06:52.473 D/TabView (18758): 
07-05 21:06:52.477 D/TabView (18758): 
07-05 21:06:52.479 D/TabView (18758): 
07-05 21:06:52.480 D/HttpHandler(18758): VerifySignInterCeptor-->request.url()=http://picture.edu.hismarttv.com/images/20170628115357740238.png
07-05 21:06:52.480 D/OkHttp  (18758): <-- 200 OK http://api.edu.hismarttv.com/usercenter/api/individualize_data?devid=86100300900000500000060a4818fca8&customerId=7195320&subscriberId=13287129&ChannelId=0&tags=&version_id=6&region_name=%E6%9D%AD%E5%B7%9E&uuid=13287129&mac=a8:a6:48:18:fc:a8&model_id=0&APPPackage=com.hisense.hicloud.edca&PFAPPCode=652&APPVersionName=3.0.0.9.00&softwareVersion=LED50MU8600UC0000888&tv_distribute_id=00&devType=0&APIVersion=600&accessToken=72DF6038D2AEAB8A76DFBBBBCC428A4A_002865326306983 (50ms)
07-05 21:06:52.480 D/OkHttp  (18758): Server: nginx
07-05 21:06:52.480 D/OkHttp  (18758): Date: Wed, 05 Jul 2017 13:06:52 GMT
07-05 21:06:52.480 D/OkHttp  (18758): Content-Type: application/json
07-05 21:06:52.480 D/OkHttp  (18758): Content-Length: 17184
07-05 21:06:52.480 D/OkHttp  (18758): Connection: close
07-05 21:06:52.480 D/OkHttp  (18758): <-- END HTTP
07-05 21:06:52.481 D/TabView (18758): 
07-05 21:06:52.482 D/HttpHandler(18758): RetryIntercepter-->retryNum=0
07-05 21:06:52.482 D/HttpHandler(18758): RetryIntercepter-->backoffmutiplier=0
07-05 21:06:52.483 D/TabView (18758): 
07-05 21:06:52.484 D/TabView (18758): 
07-05 21:06:52.485 D/HttpHandler(18758): VerifySignInterCeptor-->hostname=picture.edu.hismarttv.com
07-05 21:06:52.486 I/MyFragmentStateAdapter(18758): getCount
07-05 21:06:52.487 D/OkHttp  (18758): --> GET http://picture.edu.hismarttv.com/images/20170628115357740238.png http/1.1
07-05 21:06:52.487 I/MyFragmentStateAdapter(18758): getCount
07-05 21:06:52.487 D/OkHttp  (18758): Host: picture.edu.hismarttv.com
07-05 21:06:52.487 D/OkHttp  (18758): Connection: Keep-Alive
07-05 21:06:52.487 D/OkHttp  (18758): Accept-Encoding: gzip
07-05 21:06:52.487 D/OkHttp  (18758): User-Agent: okhttp/3.6.0
07-05 21:06:52.487 D/OkHttp  (18758): --> END GET
07-05 21:06:52.488 I/TabView (18758): onScroll:,firstItem=0,visibleCount=6,totalCount=10
07-05 21:06:52.491 D/OkHttp  (18758): <-- 200 OK http://picture.edu.hismarttv.com/images/20170628111759213347.png (54ms)
07-05 21:06:52.491 D/OkHttp  (18758): Date: Mon, 03 Jul 2017 10:05:17 GMT
07-05 21:06:52.491 D/OkHttp  (18758): Server: nginx
07-05 21:06:52.491 D/OkHttp  (18758): Content-Type: image/png
07-05 21:06:52.491 D/OkHttp  (18758): Content-Length: 2518
07-05 21:06:52.491 D/OkHttp  (18758): Last-Modified: Wed, 28 Jun 2017 11:17:59 GMT
07-05 21:06:52.491 D/OkHttp  (18758): ETag: "59539067-9d6"
07-05 21:06:52.491 D/OkHttp  (18758): Accept-Ranges: bytes
07-05 21:06:52.491 D/OkHttp  (18758): Age: 183695
