07-05 23:48:31.537 D/til@system( 2026): til_get_system_param option:100001D int:3, bool:3, ret:0
07-05 23:48:31.537 E/til     ( 2026): [til_get_current_input_source, 101] 
07-05 23:48:31.537 I/TVMW@HsTvSetting( 1234): Trace cmd, data = 0x7007
07-05 23:48:31.537 I/tilwrapper@sm( 2026): HS2TIL_SourceType *hs=0xd, *til=0x900
07-05 23:48:31.537 D/til     ( 2026): get current source 2304
07-05 23:48:31.537 D/SourceRemoteServiceHandler( 2026): getCurrentInputSource.from.til.result is 0, value is 2304
07-05 23:48:31.537 D/SourceRemoteServiceHandler( 2026): getInputSourceType source: 0x900, type=2304
07-05 23:48:31.537 D/til     ( 2026): ###### func:til_get_picture_param option:0x3000006 ######  
07-05 23:48:31.537 I/TVMW@HsTvSetting( 1234): Trace cmd, data = 0x1003
07-05 23:48:31.538 I/TVMW@HsTvSetting( 1234): Trace cmd, data = 0x8032
07-05 23:48:31.538 I/hstvos  ( 1216): [0m[1;33m[HSHAL][HS_VIDEO][HS_HAL_Video_SetOsdDetect_v2][2389]u16Threshold = 20
07-05 23:48:31.540 E/TVMW@videoctrl( 1234):  getOsd is 1
07-05 23:48:31.540 D/til@system( 2026): til_get_system_param option:1000027 int:1, bool:1, ret:0
07-05 23:48:31.540 D/til     ( 2026): ###### func:til_get_picture_param option:0x3000045 ######  
07-05 23:48:31.540 I/MiSysSrv( 1214): Not support now! 42, change to mm_video!!!
07-05 23:48:31.541 I/TVMW@HsTvSetting( 1234): Trace cmd, data = 0x300c
07-05 23:48:31.541 I/TVMW@HsTvSetting( 1234): Trace 3d, data = 0x300c
07-05 23:48:31.541 I/TVMW@3d ( 1234): Hs_debug3d_trace: func:get3dStatus, line:109
07-05 23:48:31.545 D/OkHttp  (11419): <-- 200 OK http://picture.edu.hismarttv.com/images/20170628111857828826.png (15ms)
07-05 23:48:31.545 D/OkHttp  (11419): Date: Mon, 03 Jul 2017 08:35:17 GMT
07-05 23:48:31.545 D/OkHttp  (11419): Server: nginx
07-05 23:48:31.545 D/OkHttp  (11419): Content-Type: image/png
07-05 23:48:31.545 D/OkHttp  (11419): Content-Length: 2318
07-05 23:48:31.545 D/OkHttp  (11419): Last-Modified: Wed, 28 Jun 2017 11:18:57 GMT
07-05 23:48:31.545 D/OkHttp  (11419): ETag: "595390a1-90e"
07-05 23:48:31.545 D/OkHttp  (11419): Accept-Ranges: bytes
07-05 23:48:31.545 D/OkHttp  (11419): Age: 198790
07-05 23:48:31.545 D/OkHttp  (11419): Via: 1.1 pingwangtong52:8 (Cdn Cache Server V2.0)[28 200 0], 1.1 dezhou34:2 (Cdn Cache Server V2.0)[0 200 0]
07-05 23:48:31.545 D/OkHttp  (11419): Connection: keep-alive
07-05 23:48:31.545 D/OkHttp  (11419): <-- END HTTP
07-05 23:48:31.546 D/PowerManagerService( 1733): setScreenBrightnessOverrideFromWindowManagerInternal done
07-05 23:48:31.549 E/WebcastSDK-DataReport(11419): init(), Webcast App Token is NULL.
07-05 23:48:31.549 E/WebcastSDK-DataReport(11419): getHiCloudService(), Webcast App Token is NULL.
07-05 23:48:31.549 D/HttpHandler(11419): RetryIntercepter-->retryNum=0
07-05 23:48:31.549 D/HttpHandler(11419): RetryIntercepter-->backoffmutiplier=0
07-05 23:48:31.554 D/OkHttp  (11419): --> GET http://picture.edu.hismarttv.com/images/ http/1.1
07-05 23:48:31.554 D/OkHttp  (11419): Host: picture.edu.hismarttv.com
07-05 23:48:31.554 D/OkHttp  (11419): Connection: Keep-Alive
07-05 23:48:31.554 D/OkHttp  (11419): Accept-Encoding: gzip
07-05 23:48:31.559 D/WebcastSDK-WebcastManager(11419): Device license:WASU
07-05 23:48:31.561 D/OkHttp  (11419): User-Agent: okhttp/3.6.0
07-05 23:48:31.561 D/OkHttp  (11419): --> END GET
07-05 23:48:31.566 I/WebcastSDK-ProgramScheduleDataManager(11419): init(), next time to fetch programSchedules in interval = 60min.
07-05 23:48:31.571 D/hwcomposer( 1204): lastHWWindowInfo is dirty
07-05 23:48:31.572 I/WebcastSDK-HistoryDataManager(11419): HistoryDataManager.init
07-05 23:48:31.622 I/DataDBLite(11419): onCreate
07-05 23:48:31.637 E/WebcastSDK-HiCloudImageCacheManager(11419): HiCloudImageCacheManager(), isImageCacheLimitedStat = true
07-05 23:48:31.641 I/WebcastSDK-WebcastManager(11419): addListener(), add ICarouselListener com.hisense.webcastSDK.data.hicloud.HiCloudSourcePlugin$2@358efb92
07-05 23:48:31.641 I/WebcastSDK-WebcastManager(11419): adding listener com.hisense.webcastSDK.data.hicloud.HiCloudSourcePlugin$1@373c963
07-05 23:48:31.641 I/WebcastSDK-HiCloudSourcePlugin(11419): addListener(), add INetworkDataListener com.hisense.webcastSDK.data.internal.EPGDataManager$1@253b1960
07-05 23:48:31.641 I/WebcastSDK-WebcastManager(11419): adding listener com.hisense.webcastSDK.utils.DataReport$1@1c253e19
07-05 23:48:31.641 D/WebcastSDK-WebcastInternalImpl(11419): init all manager.
07-05 23:48:31.649 D/Carousel-Utils(11419): SCREEN_WIDTH:1920,SCREEN_Height:1080,destity:2.0,smallWidth:818,height:460,listItem w:268,h:226,top:38,bottom:38
07-05 23:48:31.667 I/NetflixMonitorService( 1733): current fgapk : com.hisense.hicloud.edca
07-05 23:48:31.667 I/NetflixMonitorService( 1733): Netflix status unchanged
07-05 23:48:31.669 I/MiSysSrv( 1214): [37m[INFO] Change to Voltage: 112 mv (0x2D)[m
07-05 23:48:31.680 D/Carousel-CarouselView(11419): setModel,hascCode=752787492
07-05 23:48:31.684 W/linker  (11419): libChinaNetSecret.so: unused DT entry: type 0x6ffffffe arg 0xbf8
07-05 23:48:31.684 W/linker  (11419): libChinaNetSecret.so: unused DT entry: type 0x6fffffff arg 0x1
07-05 23:48:31.685 I/CurrentCarouselView(11419): security: ChinaNetCenterWskeyForJuHaoKan
07-05 23:48:31.685 I/CurrentCarouselView(11419): BaseApplication.sSignStr=3082023B308201A4A00302010202045051BD19300D06092A864886F70D01010505003062310B30090603550406130238363111300F060355040813085368616E646F6E673110300E0603550407130751696E6764616F311F301D060355040A1316486973656E7365206D65646961206E6574776F726B73310D300B0603550403130448695456301E170D3132303931333131303134355A170D3432303930363131303134355A3062310B30090603550406130238363111300F060355040813085368616E646F6E673110300E0603550407130751696E6764616F311F301D060355040A1316486973656E7365206D65646961206E6574776F726B73310D300B060355040313044869545630819F300D06092A864886F70D010101050003818D0030818902818100841C2D9F5F1E0BBB4DF77826A11FEFFB557C22B07892114637C945272821CF6A4CD023F45FC0B0E825EA8839470BE63B95CD5E4B64FF7ECC8A910DB20DBE2A9E8504EC39E7C0E8E74435F745F47D821124744FBF91A2C70CA85DC07D24C53322D8CC33C9EE542E872E44AF0E9E203328A106B31DC3BEC523600DDDA2204C665D0203010001300D06092A864886F70D0101050500038181003AA40C684E7AB45294882A0766EABD8C4BB7C0DFC4DE9ED13E192ECA9370C6B493257129F8DC248335D86877EAB36FBE9A8867E3F034BFD035CEC363073B558AAA6F42838FE0B1BEC3BC90B3E6FEE5D1D78C5CEC7966696D86FC071ED59063FD8E08DECAC8EBD0FB39443415B6725C00B0BACE4A06EF97D76158BF37D36720BB
07-05 23:48:31.685 I/CurrentCarouselView(11419): serverTime=1499269710000
07-05 23:48:31.685 E/WebcastSDK-WebcastManager(11419): setToken(), new Token = 72DF6038D2AEAB8A76DFBBBBCC428A4A_001388931346551
07-05 23:48:31.685 I/WebcastSDK-HiCloudSourcePlugin(11419): notifyAppTokenChanged(), token = 72DF6038D2AEAB8A76DFBBBBCC428A4A_001388931346551
07-05 23:48:31.686 V/PackageManager( 1733): getPackageInfo com.hisense.hicloud.edca: Package{3fb3f3a1 com.hisense.hicloud.edca}
07-05 23:48:31.690 I/WebcastSDK-(11419): getAppVersionCode(), versionCode = 652
07-05 23:48:31.690 D/OkHttp  (11419): <-- 403 Forbidden http://picture.edu.hismarttv.com/images/ (128ms)
07-05 23:48:31.690 D/OkHttp  (11419): Date: Wed, 05 Jul 2017 15:48:31 GMT
07-05 23:48:31.690 D/OkHttp  (11419): Server: nginx
07-05 23:48:31.690 D/OkHttp  (11419): Content-Type: text/html; charset=UTF-8
07-05 23:48:31.690 D/OkHttp  (11419): Content-Length: 162
07-05 23:48:31.690 D/OkHttp  (11419): Via: 1.1 shuozhou56:0 (Cdn Cache Server V2.0)[34 403 2], 1.1 t87:7 (Cdn Cache Server V2.0)[110 403 2]
07-05 23:48:31.690 D/OkHttp  (11419): Connection: close
07-05 23:48:31.690 D/OkHttp  (11419): <-- END HTTP
07-05 23:48:31.690 D/HttpHandler(11419): RetryIntercepter-->retryNum=0
07-05 23:48:31.690 D/HttpHandler(11419): RetryIntercepter-->backoffmutiplier=0
07-05 23:48:31.691 I/WebcastSDK-DataReport(11419): notifyAppTokenChanged(), token = 72DF6038D2AEAB8A76DFBBBBCC428A4A_001388931346551
07-05 23:48:31.692 V/PackageManager( 1733): getPackageInfo com.hisense.hicloud.edca: Package{3fb3f3a1 com.hisense.hicloud.edca}
07-05 23:48:31.692 I/WebcastSDK-(11419): getAppVersionCode(), versionCode = 652
07-05 23:48:31.693 D/Carousel-(11419): setSignonInfo subscriberId:13287129,customerId:7195320
07-05 23:48:31.695 D/til@system( 2026): til_get_system_param option:1000007 int:-1815634176, bool:0, ret:0
07-05 23:48:31.696 E/WebcastSDK-WebcastManager(11419): setAppServiceDomainList.
07-05 23:48:31.696 D/til@system( 2026): til_get_system_param option:1000009 int:-1936523008, bool:0, ret:0
07-05 23:48:31.696 V/PackageManager( 1733): getPackageInfo com.hisense.hicloud.edca: Package{3fb3f3a1 com.hisense.hicloud.edca}
07-05 23:48:31.697 I/WebcastSDK-(11419): getAppVersionCode(), versionCode = 652
07-05 23:48:31.697 D/til@system( 2026): til_get_system_param option:1000008 int:-1815632896, bool:0, ret:0
07-05 23:48:31.697 D/HttpDnsUtils(11419): CEXX-getOperationDetail-productName : LED50MU8600UC
07-05 23:48:31.697 D/HttpDnsUtils(11419): CEXX-getOperationDetail-plmNumber : 88888
07-05 23:48:31.697 D/HttpDnsUtils(11419): CEXX-getOperationDetail-swVersion : V0000.00.01A
07-05 23:48:31.697 D/HttpDnsUtils(11419): CEXX-getOperationDetail-operationDetail : LED50MU8600UC0000888
07-05 23:48:31.698 I/FirstLineAdapter(11419): onBindViewHolder 3
07-05 23:48:31.699 D/til@system( 2026): til_get_system_param option:1000007 int:-1815633792, bool:128, ret:0
07-05 23:48:31.700 D/til@system( 2026): til_get_system_param option:1000009 int:-1936525184, bool:128, ret:0
07-05 23:48:31.701 D/til@system( 2026): til_get_system_param option:1000008 int:-1936522368, bool:128, ret:0
07-05 23:48:31.701 D/HttpDnsUtils(11419): CEXX-getOperationDetail-productName : LED50MU8600UC
07-05 23:48:31.701 D/HttpDnsUtils(11419): CEXX-getOperationDetail-plmNumber : 88888
07-05 23:48:31.701 D/HttpDnsUtils(11419): CEXX-getOperationDetail-swVersion : V0000.00.01A
07-05 23:48:31.701 D/HttpDnsUtils(11419): CEXX-getOperationDetail-operationDetail : LED50MU8600UC0000888
07-05 23:48:31.701 I/CurrentCarouselView(11419): setTrailData
07-05 23:48:31.701 I/Util    (11419): memory : total=1912,limit=1024
07-05 23:48:31.702 D/Carousel-CarouselPicVideoListInfo(11419): carouselList: 3
07-05 23:48:31.702 D/Carousel-CarouselView(11419): setData! info=com.hisense.hitv.carouselwidgit.bean.CarouselPicVideoListInfo@6496d42, hascCode=752787492
07-05 23:48:31.702 D/Carousel-CarouselView(11419): showInitPoster.
07-05 23:48:31.702 D/Carousel-CarouselDisplayPlayerLayout(11419): isFullScreen:false
07-05 23:48:31.702 D/Carousel-CarouselView(11419): ACTION_CLEAR_POSTER_AND_PLAY isFullScreen:false
07-05 23:48:31.703 D/Carousel-CarouselView(11419): InitPosterUrl:http://picture.edu.hismarttv.com/images/20170629010146422927.jpg
07-05 23:48:31.703 D/Carousel-Utils(11419): displayImage view=android.widget.ImageView{f99d153 V.ED.... ......I. 0,0-0,0 #7f0d0029 app:id/imageView1}
07-05 23:48:31.703 D/Carousel-Utils(11419): displayImage url=http://picture.edu.hismarttv.com/images/20170629010146422927.jpg
07-05 23:48:31.710 D/HttpHandler(11419): VerifySignInterCeptor-->request.url()=http://picture.edu.hismarttv.com/images/20170629010146422927.jpg
07-05 23:48:31.711 D/HttpHandler(11419): VerifySignInterCeptor-->hostname=picture.edu.hismarttv.com
07-05 23:48:31.711 D/OkHttp  (11419): --> GET http://picture.edu.hismarttv.com/images/20170629010146422927.jpg http/1.1
07-05 23:48:31.711 D/OkHttp  (11419): Host: picture.edu.hismarttv.com
07-05 23:48:31.711 D/OkHttp  (11419): Connection: Keep-Alive
07-05 23:48:31.711 D/OkHttp  (11419): Accept-Encoding: gzip
07-05 23:48:31.711 D/OkHttp  (11419): User-Agent: okhttp/3.6.0
07-05 23:48:31.711 D/OkHttp  (11419): --> END GET
07-05 23:48:31.715 I/CurrentCarouselView(11419): startPlay
07-05 23:48:31.715 I/CurrentCarouselView(11419): CurrentCarouselView.sHasShopDialog=false
07-05 23:48:31.715 I/CurrentCarouselView(11419): onAttachedToWindow
07-05 23:48:31.716 D/Carousel-CarouselView(11419): onAttachedToWindow.
07-05 23:48:31.716 I/MyItemDecoration(11419): getItemOffsets rect=Rect(-32, -16 - 0, 0),pos=3
07-05 23:48:31.732 D/OkHttp  (11419): <-- 200 OK http://picture.edu.hismarttv.com/images/20170629010146422927.jpg (20ms)
07-05 23:48:31.732 D/OkHttp  (11419): Date: Mon, 03 Jul 2017 08:35:16 GMT
07-05 23:48:31.732 D/OkHttp  (11419): Server: nginx
07-05 23:48:31.732 D/OkHttp  (11419): Content-Type: image/jpeg
07-05 23:48:31.732 D/OkHttp  (11419): Content-Length: 145373
07-05 23:48:31.732 D/OkHttp  (11419): Last-Modified: Thu, 29 Jun 2017 01:01:46 GMT
07-05 23:48:31.732 D/OkHttp  (11419): ETag: "5954517a-237dd"
07-05 23:48:31.732 D/OkHttp  (11419): Accept-Ranges: bytes
07-05 23:48:31.732 D/OkHttp  (11419): Age: 198795
07-05 23:48:31.732 D/OkHttp  (11419): Via: 1.1 shzh54:1 (Cdn Cache Server V2.0)[7 200 0], 1.1 dezhou35:0 (Cdn Cache Server V2.0)[0 200 0]
07-05 23:48:31.733 D/OkHttp  (11419): Connection: keep-alive
07-05 23:48:31.733 D/OkHttp  (11419): <-- END HTTP
07-05 23:48:31.733 D/Carousel-CarouselChannelItemView(11419): Listitem imageUrl:http://picture.edu.hismarttv.com/images/20170628102959016598.jpg
07-05 23:48:31.734 D/HttpHandler(11419): RetryIntercepter-->retryNum=0
07-05 23:48:31.734 D/HttpHandler(11419): RetryIntercepter-->backoffmutiplier=0
07-05 23:48:31.736 D/Carousel-CarouselChannelItemView(11419): Listitem imageUrl:http://picture.edu.hismarttv.com/images/20170628103002814396.jpg
07-05 23:48:31.737 D/Carousel-CarouselChannelItemView(11419): Listitem imageUrl:http://picture.edu.hismarttv.com/images/20170628103009181182.jpg
07-05 23:48:31.739 D/Carousel-CarouselChannelItemView(11419): Listitem imageUrl:http://picture.edu.hismarttv.com/images/20170628102959016598.jpg
07-05 23:48:31.740 D/Carousel-CarouselChannelItemView(11419): Listitem imageUrl:http://picture.edu.hismarttv.com/images/20170628103002814396.jpg
07-05 23:48:31.741 D/Carousel-CarouselChannelItemView(11419): Listitem imageUrl:http://picture.edu.hismarttv.com/images/20170628103009181182.jpg
07-05 23:48:31.743 D/Carousel-CarouselChannelItemView(11419): Listitem imageUrl:http://picture.edu.hismarttv.com/images/20170628103002814396.jpg
07-05 23:48:31.746 D/Carousel-CarouselChannelItemView(11419): Listitem imageUrl:http://picture.edu.hismarttv.com/images/20170628102959016598.jpg
07-05 23:48:31.751 D/Carousel-CarouselChannelItemView(11419): Listitem imageUrl:http://picture.edu.hismarttv.com/images/20170628103009181182.jpg
07-05 23:48:31.753 I/FirstLineAdapter(11419): canShowTrailer,isOffline=false
07-05 23:48:31.753 I/FirstLineAdapter(11419): onCreateViewHolder viewtype=4
07-05 23:48:31.763 I/FirstLineAdapter(11419): onBindViewHolder 4
07-05 23:48:31.763 I/FirstLineAdapter(11419): canShowTrailer,isOffline=false
07-05 23:48:31.763 I/FirstLineAdapter(11419): canShowTrailer modify
07-05 23:48:31.763 I/FirstLineAdapter(11419): setMasterData4
07-05 23:48:31.764 I/FirstLineAdapter(11419): set current pos = 0
07-05 23:48:31.764 D/sloven  (11419): 1002---true
07-05 23:48:31.764 I/FirstLineAdapter(11419): canShowTrailer,isOffline=false
07-05 23:48:31.767 I/FirstLineAdapter(11419): canShowTrailer,isOffline=false
07-05 23:48:31.767 I/FirstLineAdapter(11419): onCreateViewHolder viewtype=4
07-05 23:48:31.774 I/FirstLineAdapter(11419): onBindViewHolder 5
07-05 23:48:31.774 I/FirstLineAdapter(11419): canShowTrailer,isOffline=false
07-05 23:48:31.774 I/FirstLineAdapter(11419): canShowTrailer modify
07-05 23:48:31.774 I/FirstLineAdapter(11419): setMasterData5
07-05 23:48:31.774 I/FirstLineAdapter(11419): set current pos = 1
07-05 23:48:31.774 D/sloven  (11419): 2005---false
07-05 23:48:31.774 D/sloven  (11419): 2005
07-05 23:48:31.776 V/PackageManager( 1733): getPackageInfo com.hisense.hicloud.edca: Package{3fb3f3a1 com.hisense.hicloud.edca}
07-05 23:48:31.781 I/FirstLineAdapter(11419): canShowTrailer,isOffline=false
07-05 23:48:31.782 I/MyItemDecoration(11419): getItemOffsets rect=Rect(-32, 0 - 0, 0),pos=4
07-05 23:48:31.785 I/MyItemDecoration(11419): getItemOffsets rect=Rect(-32, -5 - 0, 0),pos=5
07-05 23:48:31.786 D/Carousel-CarouselView(11419): smoothScroll.
07-05 23:48:31.786 D/Carousel-CarouselDisplayPlayerLayout(11419): isFullScreen:false
07-05 23:48:31.786 D/Carousel-CarouselView(11419): smoothScroll isOtherInstance return.
07-05 23:48:31.786 I/ContentBridgeAdapterListener(11419): onAddPresenter 2
07-05 23:48:31.808 I/ContentBridgeAdapterListener(11419): onCreate ViewHolder{1bcd9167 position=-1 id=-1, oldPos=-1, pLpos:-1 unbound no parent}
07-05 23:48:31.808 I/BaseContentFragment(11419): setUpSharedViewPoolViewHolder{1bcd9167 position=-1 id=-1, oldPos=-1, pLpos:-1 unbound no parent}
07-05 23:48:31.808 I/BaseContentFragment(11419): create view pool
07-05 23:48:31.808 I/BaseContentFragment(11419): setRowViewSelectedViewHolder{1bcd9167 position=-1 id=-1, oldPos=-1, pLpos:-1 unbound no parent},isSelectedfalse
07-05 23:48:31.808 I/head    (11419): item=com.hisense.leanback.widget.ListRow@157e7b14
07-05 23:48:31.809 I/ContentBridgeAdapterListener(11419): onBind 
07-05 23:48:31.809 I/ContentBridgeAdapterListener(11419): onAttachedToWindow ViewHolder{1bcd9167 position=2 id=-1, oldPos=-1, pLpos:-1}
07-05 23:48:31.811 I/CardSelectionPresenter(11419): onCreateViewHoldercom.hisense.leanback.widget.HorizontalGridView{56e99b2 VFE..... ......I. 0,0-0,0 #7f0d038e app:id/row_content}
07-05 23:48:31.818 I/CardSelectionPresenter(11419): onBindViewHolder
07-05 23:48:31.818 D/sloven  (11419): 1002---false
07-05 23:48:31.819 I/CardSelectionPresenter(11419): width=400,height=220
07-05 23:48:31.839 D/hailongqiu(11419): hailongqiu position:0
07-05 23:48:31.841 I/CardSelectionPresenter(11419): onCreateViewHoldercom.hisense.leanback.widget.HorizontalGridView{56e99b2 VFE..... ......ID 0,0-1738,279 #7f0d038e app:id/row_content}
07-05 23:48:31.849 I/CardSelectionPresenter(11419): onBindViewHolder
07-05 23:48:31.849 D/sloven  (11419): 1002---false
07-05 23:48:31.850 I/CardSelectionPresenter(11419): width=400,height=220
07-05 23:48:31.859 I/CardSelectionPresenter(11419): onCreateViewHoldercom.hisense.leanback.widget.HorizontalGridView{56e99b2 VFE..... ......ID 0,0-1738,279 #7f0d038e app:id/row_content}
07-05 23:48:31.864 I/CardSelectionPresenter(11419): onBindViewHolder
07-05 23:48:31.864 D/sloven  (11419): 1002---false
07-05 23:48:31.865 I/CardSelectionPresenter(11419): width=400,height=220
07-05 23:48:31.869 I/CardSelectionPresenter(11419): onCreateViewHoldercom.hisense.leanback.widget.HorizontalGridView{56e99b2 VFE..... ......ID 0,0-1738,279 #7f0d038e app:id/row_content}
07-05 23:48:31.869 I/MiSysSrv( 1214): [37m[INFO] Change to Voltage: 117 mv (0x32)[m
07-05 23:48:31.875 I/CardSelectionPresenter(11419): onBindViewHolder
07-05 23:48:31.875 D/sloven  (11419): 1002---false
07-05 23:48:31.876 I/CardSelectionPresenter(11419): width=400,height=220
07-05 23:48:31.880 D/HttpHandler(11419): VerifySignInterCeptor-->request.url()=http://picture.edu.hismarttv.com/images/20170628103002814396.jpg
07-05 23:48:31.881 D/HttpHandler(11419): VerifySignInterCeptor-->hostname=picture.edu.hismarttv.com
07-05 23:48:31.881 D/OkHttp  (11419): --> GET http://picture.edu.hismarttv.com/images/20170628103002814396.jpg http/1.1
07-05 23:48:31.881 D/OkHttp  (11419): Host: picture.edu.hismarttv.com
07-05 23:48:31.881 D/OkHttp  (11419): Connection: Keep-Alive
07-05 23:48:31.881 D/OkHttp  (11419): Accept-Encoding: gzip
07-05 23:48:31.881 D/OkHttp  (11419): User-Agent: okhttp/3.6.0
07-05 23:48:31.881 D/OkHttp  (11419): --> END GET
07-05 23:48:31.882 E/RecyclerView(11419): No adapter attached; skipping layout
07-05 23:48:31.882 E/RecyclerView(11419): No adapter attached; skipping layout
07-05 23:48:31.883 D/Carousel-CarouselView(11419): ============>onScrollChanged hashCode:752787492
07-05 23:48:31.899 I/MyFragmentStateAdapter(11419): getCount
07-05 23:48:31.912 D/gralloc ( 1204): allocate buffer from ION HEAP 0x1
07-05 23:48:31.912 D/gralloc ( 1204): allocate memory from system heap
07-05 23:48:31.949 D/OkHttp  (11419): <-- 200 OK http://picture.edu.hismarttv.com/images/20170628103002814396.jpg (67ms)
07-05 23:48:31.949 D/OkHttp  (11419): Date: Mon, 03 Jul 2017 09:54:51 GMT
07-05 23:48:31.949 D/OkHttp  (11419): Server: nginx
07-05 23:48:31.949 D/OkHttp  (11419): Content-Type: image/jpeg
07-05 23:48:31.949 D/OkHttp  (11419): Content-Length: 54264
07-05 23:48:31.950 D/OkHttp  (11419): Last-Modified: Wed, 28 Jun 2017 10:30:02 GMT
07-05 23:48:31.950 D/OkHttp  (11419): ETag: "5953852a-d3f8"
07-05 23:48:31.950 D/OkHttp  (11419): Accept-Ranges: bytes
07-05 23:48:31.950 D/OkHttp  (11419): Age: 194020
07-05 23:48:31.950 D/OkHttp  (11419): Via: 1.1 chzhwt171:8 (Cdn Cache Server V2.0)[15 200 0], 1.1 changwangtong84:5 (Cdn Cache Server V2.0)[0 200 0]
07-05 23:48:31.950 D/OkHttp  (11419): Connection: keep-alive
07-05 23:48:31.950 D/OkHttp  (11419): <-- END HTTP
07-05 23:48:31.951 D/HttpHandler(11419): RetryIntercepter-->retryNum=0
07-05 23:48:31.951 D/HttpHandler(11419): RetryIntercepter-->backoffmutiplier=0
07-05 23:48:31.980 D/DtvSourcePlugin-DVBC( 8758): Setting the EPG Updater state to: WAIT
07-05 23:48:31.987 D/TabView (11419): SLOVEN top===>:266
07-05 23:48:31.987 D/TabFocusBorderView(11419): SLOVEN runTranslateAnimation
07-05 23:48:31.987 D/TabFocusBorderView(11419): SLOVEN runTranslateAnimation
07-05 23:48:31.987 D/TabFocusBorderView(11419): SLOVEN moveFocusView
07-05 23:48:31.992 D/TabFocusBorderView(11419): SLOVEN onAnimationStart
07-05 23:48:31.992 D/CommonHeader(11419): app logo isRotate: true
07-05 23:48:31.994 D/SUSLog  (11419): CheckAppUpdateService>>appUpgradeReply reply fail
07-05 23:48:31.995 D/SUSLog  (11419): CheckAppUpdateService>>ErrorCode = 205001 ErrorName = :
07-05 23:48:31.995 D/SUSLog  (11419): CheckAppUpdateService>>checkAppUpgrade i=0
07-05 23:48:31.995 D/SUSLog  (11419): CheckAppUpdateService>>haveUpdate appUpgradeReply = com.hisense.hitv.hicloud.bean.upgrade.AppUpgradeReply@3ac5b222
07-05 23:48:31.995 D/SUSLog  (11419): CheckAppUpdateService>>reply = 1
07-05 23:48:32.000 D/SUSLog  (11419): CheckAppUpdateService>>targetVersionCode = 0
07-05 23:48:32.000 D/SUSLog  (11419): CheckAppUpdateService>>haveUpdate appUpgradeReply = com.hisense.hitv.hicloud.bean.upgrade.AppUpgradeReply@3ac5b222
07-05 23:48:32.001 D/SUSLog  (11419): CheckAppUpdateService>>reply = 1
07-05 23:48:32.016 I/FirstLineAdapter(11419): canShowTrailer,isOffline=false
07-05 23:48:32.018 D/HiNetworkImpl(11419): doHttp_Asyn(): onReqResponse isSuccessful = true, back from thread: main
07-05 23:48:32.018 I/HiNetworkImpl(11419): doHttp_Asyn(): onSuccess clazz = class com.hisense.tvui.newhome.bean.SelectionBean, back from thread: main
07-05 23:48:32.018 I/HomeDataPresenter(11419): getRecommandData() onSuccess: RoleContentFragment135910366
07-05 23:48:32.018 I/RoleContentFragment(11419): recommandlist={10003=0, 10002=8}
07-05 23:48:32.018 I/RoleContentFragment(11419): lineIndex=0,id=10002,pos=8
07-05 23:48:32.018 I/RoleContentFragment(11419): ,addItemSize=25
07-05 23:48:32.018 I/RoleContentFragment(11419): origin pos=8
07-05 23:48:32.018 I/RoleContentFragment(11419): offset pos=2
07-05 23:48:32.018 I/RoleContentFragment(11419): array size=11
07-05 23:48:32.019 I/RoleContentFragment(11419): lineIndex=1,id=10003,pos=0
07-05 23:48:32.019 I/RoleContentFragment(11419): ,addItemSize=24
07-05 23:48:32.019 I/RoleContentFragment(11419): origin pos=0
07-05 23:48:32.019 I/RoleContentFragment(11419): offset pos=2
07-05 23:48:32.019 I/RoleContentFragment(11419): array size=11
07-05 23:48:32.040 D/Carousel-MyListView(11419): onItemSelected position:1
07-05 23:48:32.040 D/Carousel-CarouselListView(11419): onItemSelected position:1,type:3
07-05 23:48:32.047 I/TVMW@HsTvSetting( 1234): Trace cmd, data = 0x1058
07-05 23:48:32.047 D/til@system( 2026): til_get_system_param option:100002F int:0, bool:0, ret:0
07-05 23:48:32.047 I/TVMW@HsTvSetting( 1234): Trace cmd, data = 0x101f
07-05 23:48:32.047 D/til@system( 2026): til_get_system_param option:100001D int:3, bool:3, ret:0
07-05 23:48:32.048 E/til     ( 2026): [til_get_current_input_source, 101] 
07-05 23:48:32.048 I/TVMW@HsTvSetting( 1234): Trace cmd, data = 0x7007
07-05 23:48:32.048 I/tilwrapper@sm( 2026): HS2TIL_SourceType *hs=0xd, *til=0x900
07-05 23:48:32.048 D/til     ( 2026): get current source 2304
07-05 23:48:32.049 D/SourceRemoteServiceHandler( 2026): getCurrentInputSource.from.til.result is 0, value is 2304
07-05 23:48:32.049 D/SourceRemoteServiceHandler( 2026): getInputSourceType source: 0x900, type=2304
07-05 23:48:32.049 D/til     ( 2026): ###### func:til_get_picture_param option:0x3000006 ######  
07-05 23:48:32.049 I/TVMW@HsTvSetting( 1234): Trace cmd, data = 0x1003
07-05 23:48:32.050 I/RoleContentFragment(11419): setBackGroundUrl=http://picture.edu.hismarttv.com/images/20170628104504467308.jpg,view=android.support.v4.widget.SlidingPaneLayout{76eadf0 V.ED.... ......ID 0,0-1920,1080 #7f0d00af app:id/slide_layout}
07-05 23:48:32.050 I/TVMW@HsTvSetting( 1234): Trace cmd, data = 0x8032
07-05 23:48:32.050 I/hstvos  ( 1216): [0m[1;33m[HSHAL][HS_VIDEO][HS_HAL_Video_SetOsdDetect_v2][2389]u16Threshold = 20
07-05 23:48:32.050 I/MiSysSrv( 1214): Not support now! 42, change to mm_video!!!
07-05 23:48:32.050 E/TVMW@videoctrl( 1234):  getOsd is 1
07-05 23:48:32.051 D/til@system( 2026): til_get_system_param option:1000027 int:1, bool:1, ret:0
07-05 23:48:32.051 D/til     ( 2026): ###### func:til_get_picture_param option:0x3000045 ######  
07-05 23:48:32.051 I/TVMW@HsTvSetting( 1234): Trace cmd, data = 0x300c
07-05 23:48:32.051 I/TVMW@HsTvSetting( 1234): Trace 3d, data = 0x300c
07-05 23:48:32.051 I/TVMW@3d ( 1234): Hs_debug3d_trace: func:get3dStatus, line:109
07-05 23:48:32.052 I/FirstLineAdapter(11419): canShowTrailer,isOffline=false
07-05 23:48:32.067 D/OsdMonitorService( 1733): mCurrentWindow = com.hisense.hicloud.edca/com.hisense.tvui.newhome.HomeMainActivity; newWindow = com.hisense.hicloud.edca/com.hisense.tvui.newhome.HomeMainActivity; isSubWindow = false; isInWinList = false; isExitNow = false
07-05 23:48:32.067 D/OsdMonitorService( 1733): windowNotOsd() : name = com.hisense.hicloud.edca/com.hisense.tvui.newhome.HomeMainActivity
07-05 23:48:32.067 I/OsdMonitorService( 1733): setOsdStatus() : status will change from true to true
07-05 23:48:32.069 D/PowerManagerService( 1733): setScreenBrightnessOverrideFromWindowManagerInternal done
07-05 23:48:32.071 D/Surface (11419): onStatusChange() : mNativeObject = 0 mUseImageHwRender = false
07-05 23:48:32.072 D/TabView (11419): 
07-05 23:48:32.075 D/TabView (11419): 
07-05 23:48:32.078 D/TabView (11419): 
07-05 23:48:32.080 D/TabView (11419): 
07-05 23:48:32.082 D/TabView (11419): 
07-05 23:48:32.088 D/TabView (11419): 
07-05 23:48:32.090 D/TabView (11419): 
07-05 23:48:32.091 D/TabView (11419): 
07-05 23:48:32.093 D/TabView (11419): 
07-05 23:48:32.099 D/TabView (11419): 
07-05 23:48:32.100 D/TabView (11419): 
07-05 23:48:32.102 D/TabView (11419): 
07-05 23:48:32.107 D/TabView (11419): 
07-05 23:48:32.109 D/TabView (11419): 
07-05 23:48:32.111 D/TabView (11419): 
07-05 23:48:32.113 D/TabView (11419): 
07-05 23:48:32.118 I/MyFragmentStateAdapter(11419): getCount
07-05 23:48:32.118 I/MyFragmentStateAdapter(11419): getCount
07-05 23:48:32.119 D/TabView (11419): 
07-05 23:48:32.121 D/TabView (11419): 
07-05 23:48:32.122 D/TabView (11419): 
07-05 23:48:32.124 D/TabView (11419): 
07-05 23:48:32.129 D/TabView (11419): 
07-05 23:48:32.131 D/TabView (11419): 
07-05 23:48:32.133 D/TabView (11419): 
07-05 23:48:32.135 D/TabView (11419): 
07-05 23:48:32.141 D/TabView (11419): 
07-05 23:48:32.146 D/TabView (11419): 
07-05 23:48:32.148 D/TabView (11419): 
07-05 23:48:32.150 D/TabView (11419): 
07-05 23:48:32.151 D/TabView (11419): 
07-05 23:48:32.153 D/TabView (11419): 
07-05 23:48:32.154 D/TabView (11419): 
07-05 23:48:32.156 D/TabView (11419): 
07-05 23:48:32.157 I/MyFragmentStateAdapter(11419): getCount
07-05 23:48:32.157 I/MyFragmentStateAdapter(11419): getCount
07-05 23:48:32.046 D/HttpHandler(11419): VerifySignInterCeptor-->request.url()=http://picture.edu.hismarttv.com/images/20170628102959016598.jpg
07-05 23:48:32.203 I/TabView (11419): onScroll:,firstItem=0,visibleCount=6,totalCount=10
07-05 23:48:32.218 I/FirstLineAdapter(11419): canShowTrailer,isOffline=false
07-05 23:48:32.218 I/FirstLineAdapter(11419): canShowTrailer,isOffline=false
07-05 23:48:32.218 I/FirstLineAdapter(11419): canShowTrailer,isOffline=false
07-05 23:48:32.219 I/FirstLineAdapter(11419): canShowTrailer,isOffline=false
07-05 23:48:32.219 I/FirstLineAdapter(11419): canShowTrailer,isOffline=false
07-05 23:48:32.219 I/FirstLineAdapter(11419): canShowTrailer,isOffline=false
07-05 23:48:32.219 I/FirstLineAdapter(11419): canShowTrailer,isOffline=false
07-05 23:48:32.226 D/HttpHandler(11419): VerifySignInterCeptor-->request.url()=http://picture.edu.hismarttv.com/images/20170628103009181182.jpg
07-05 23:48:32.226 D/HttpHandler(11419): VerifySignInterCeptor-->hostname=picture.edu.hismarttv.com
07-05 23:48:32.239 D/Carousel-CarouselChannelItemView(11419): Listitem imageUrl:http://picture.edu.hismarttv.com/images/20170628102959016598.jpg
07-05 23:48:32.241 I/art     (11419): Background sticky concurrent mark sweep GC freed 27533(1621KB) AllocSpace objects, 9(215KB) LOS objects, 5% free, 26MB/27MB, paused 16.274ms total 465.541ms
07-05 23:48:32.243 D/OkHttp  (11419): --> GET http://picture.edu.hismarttv.com/images/20170628103009181182.jpg http/1.1
07-05 23:48:32.244 D/OkHttp  (11419): Host: picture.edu.hismarttv.com
07-05 23:48:32.244 D/OkHttp  (11419): Connection: Keep-Alive
07-05 23:48:32.244 D/OkHttp  (11419): Accept-Encoding: gzip
07-05 23:48:32.244 D/OkHttp  (11419): User-Agent: okhttp/3.6.0
07-05 23:48:32.244 D/OkHttp  (11419): --> END GET
07-05 23:48:32.255 D/HttpHandler(11419): VerifySignInterCeptor-->hostname=picture.edu.hismarttv.com
07-05 23:48:32.259 D/OkHttp  (11419): <-- 200 OK http://picture.edu.hismarttv.com/images/20170628103009181182.jpg (15ms)
07-05 23:48:32.259 D/OkHttp  (11419): Date: Mon, 03 Jul 2017 11:33:22 GMT
07-05 23:48:32.259 D/OkHttp  (11419): Server: nginx
07-05 23:48:32.259 D/OkHttp  (11419): Content-Type: image/jpeg
07-05 23:48:32.259 D/OkHttp  (11419): Content-Length: 41416
07-05 23:48:32.259 D/OkHttp  (11419): Last-Modified: Wed, 28 Jun 2017 10:30:09 GMT
07-05 23:48:32.259 D/OkHttp  (11419): ETag: "59538531-a1c8"
07-05 23:48:32.259 D/OkHttp  (11419): Accept-Ranges: bytes
07-05 23:48:32.259 D/OkHttp  (11419): Age: 188110
07-05 23:48:32.259 D/OkHttp  (11419): Via: 1.1 pingwangtong49:1 (Cdn Cache Server V2.0)[0 200 0], 1.1 dzhwt36:9 (Cdn Cache Server V2.0)[0 200 0]
07-05 23:48:32.259 D/OkHttp  (11419): Connection: keep-alive
07-05 23:48:32.259 D/OkHttp  (11419): <-- END HTTP
07-05 23:48:32.261 D/HttpHandler(11419): HttpDNS-->hostname=picture.edu.hismarttv.com
07-05 23:48:32.261 D/HttpHandler(11419): RAMCache-->hostInfo.getClientTimeStamp()=18552942
07-05 23:48:32.262 D/HttpHandler(11419): RAMCache-->hostInfo.getTtl()=300
07-05 23:48:32.262 D/HttpHandler(11419): RAMCache-->SystemClock.elapsedRealtime()=18553833
07-05 23:48:32.264 D/HttpHandler(11419): RetryIntercepter-->retryNum=0
07-05 23:48:32.264 D/HttpHandler(11419): RetryIntercepter-->backoffmutiplier=0
07-05 23:48:32.278 D/HttpHandler(11419): DNSHelper-->gslbDns=["153.35.175.121","220.202.77.124","153.35.175.120","125.46.22.134","36.33.158.222","218.58.206.58","123.128.14.209"]
07-05 23:48:32.294 D/Carousel-CarouselChannelItemView(11419): Listitem imageUrl:http://picture.edu.hismarttv.com/images/20170628103002814396.jpg
07-05 23:48:32.295 D/Carousel-CarouselChannelItemView(11419): Listitem imageUrl:http://picture.edu.hismarttv.com/images/20170628103009181182.jpg
07-05 23:48:32.296 D/Carousel-CarouselChannelItemView(11419): Listitem imageUrl:http://picture.edu.hismarttv.com/images/20170628102959016598.jpg
07-05 23:48:32.296 D/Carousel-CarouselChannelItemView(11419): Listitem imageUrl:http://picture.edu.hismarttv.com/images/20170628103002814396.jpg
07-05 23:48:32.297 D/Carousel-CarouselChannelItemView(11419): Listitem imageUrl:http://picture.edu.hismarttv.com/images/20170628103009181182.jpg
07-05 23:48:32.302 I/FirstLineAdapter(11419): canShowTrailer,isOffline=false
07-05 23:48:32.302 I/FirstLineAdapter(11419): canShowTrailer,isOffline=false
07-05 23:48:32.303 I/head    (11419): item=com.hisense.leanback.widget.ListRow@50efc94
07-05 23:48:32.303 I/CardSelectionPresenter(11419): onViewDetachedFromWindow mTitleTx = 
07-05 23:48:32.303 I/CardSelectionPresenter(11419): onViewDetachedFromWindow mTitleTx = 
07-05 23:48:32.303 I/CardSelectionPresenter(11419): onViewDetachedFromWindow mTitleTx = 
07-05 23:48:32.304 I/CardSelectionPresenter(11419): onUnbindViewHolder mTitleTx = 
07-05 23:48:32.304 I/CardSelectionPresenter(11419): onViewDetachedFromWindow mTitleTx = 
07-05 23:48:32.304 I/CardSelectionPresenter(11419): onUnbindViewHolder mTitleTx = 
07-05 23:48:32.304 I/CardSelectionPresenter(11419): onUnbindViewHolder mTitleTx = 
07-05 23:48:32.305 I/CardSelectionPresenter(11419): onUnbindViewHolder mTitleTx = 
07-05 23:48:32.305 I/ContentBridgeAdapterListener(11419): onBind 
07-05 23:48:32.306 I/CardSelectionPresenter(11419): onCreateViewHoldercom.hisense.leanback.widget.HorizontalGridView{56e99b2 VFE..... ......ID 0,0-1738,279 #7f0d038e app:id/row_content}
07-05 23:48:32.308 I/TVMW@devctrl( 1234): wdt
07-05 23:48:32.309 D/NativeDecimalFormat( 8333): NativeDecimalFormat_close print addr=547943757056
07-05 23:48:32.309 D/NativeDecimalFormat( 8333): NativeDecimalFormat_close print g_addr=547943757824
07-05 23:48:32.309 D/NativeDecimalFormat( 8333): NativeDecimalFormat_close print addr=547943757824
07-05 23:48:32.309 D/NativeDecimalFormat( 8333): NativeDecimalFormat_close print g_addr=547943757824
07-05 23:48:32.312 I/CardSelectionPresenter(11419): onBindViewHolder
07-05 23:48:32.312 D/sloven  (11419): 1002---true
07-05 23:48:32.312 I/CardSelectionPresenter(11419): width=400,height=220
07-05 23:48:32.331 I/CardSelectionPresenter(11419): onUnbindViewHolder mTitleTx = 
07-05 23:48:32.331 I/CardSelectionPresenter(11419): onBindViewHolder
07-05 23:48:32.331 D/sloven  (11419): 1002---true
07-05 23:48:32.331 I/CardSelectionPresenter(11419): width=400,height=220
07-05 23:48:32.332 D/hailongqiu(11419): hailongqiu position:0
07-05 23:48:32.334 I/CardSelectionPresenter(11419): onCreateViewHoldercom.hisense.leanback.widget.HorizontalGridView{56e99b2 VFE..... ......ID 0,0-1738,279 #7f0d038e app:id/row_content}
07-05 23:48:32.343 I/CardSelectionPresenter(11419): onBindViewHolder
07-05 23:48:32.343 D/sloven  (11419): 1002---true
07-05 23:48:32.343 I/CardSelectionPresenter(11419): width=400,height=220
07-05 23:48:32.346 I/CardSelectionPresenter(11419): onCreateViewHoldercom.hisense.leanback.widget.HorizontalGridView{56e99b2 VFE..... ......ID 0,0-1738,279 #7f0d038e app:id/row_content}
07-05 23:48:32.351 D/OkHttp  (11419): --> GET http://picture.edu.hismarttv.com/images/20170628102959016598.jpg http/1.1
07-05 23:48:32.351 D/OkHttp  (11419): Host: picture.edu.hismarttv.com
07-05 23:48:32.351 D/OkHttp  (11419): Connection: Keep-Alive
07-05 23:48:32.354 I/CardSelectionPresenter(11419): onBindViewHolder
07-05 23:48:32.355 D/sloven  (11419): 1002---true
07-05 23:48:32.355 I/CardSelectionPresenter(11419): width=400,height=220
07-05 23:48:32.365 I/CardSelectionPresenter(11419): onCreateViewHoldercom.hisense.leanback.widget.HorizontalGridView{56e99b2 VFE..... ......ID 0,0-1738,279 #7f0d038e app:id/row_content}
07-05 23:48:32.376 I/CardSelectionPresenter(11419): onBindViewHolder
07-05 23:48:32.376 D/sloven  (11419): 1002---true
07-05 23:48:32.376 I/CardSelectionPresenter(11419): width=400,height=220
07-05 23:48:32.378 D/OkHttp  (11419): Accept-Encoding: gzip
07-05 23:48:32.378 D/OkHttp  (11419): User-Agent: okhttp/3.6.0
07-05 23:48:32.378 D/OkHttp  (11419): --> END GET
07-05 23:48:32.387 I/CardSelectionPresenter(11419): onCreateViewHoldercom.hisense.leanback.widget.HorizontalGridView{56e99b2 VFE..... ......ID 0,0-1738,279 #7f0d038e app:id/row_content}
07-05 23:48:32.399 I/CardSelectionPresenter(11419): onBindViewHolder
07-05 23:48:32.399 D/sloven  (11419): 1002---true
07-05 23:48:32.399 I/CardSelectionPresenter(11419): width=0,height=220
07-05 23:48:32.404 D/Carousel-CarouselView(11419): ============>onScrollChanged hashCode:752787492
07-05 23:48:32.424 I/MyFragmentStateAdapter(11419): getCount
07-05 23:48:32.436 D/gralloc ( 1204): allocate buffer from ION HEAP 0x1
07-05 23:48:32.436 D/gralloc ( 1204): allocate memory from system heap
07-05 23:48:32.454 I/CheckUpdateReceiver(11419): latest version == null
07-05 23:48:32.455 D/SUSLog  (11419): CheckAppUpdateService>>onDestroy
07-05 23:48:32.456 D/Carousel-MyListView(11419): setSelectionAndPadding position:1
07-05 23:48:32.457 E/WebcastSDK-WebcastManager(11419): finally setAppServiceDomainList.
07-05 23:48:32.463 D/TabFocusBorderView(11419): SLOVEN onAnimationEnd
07-05 23:48:32.463 D/TabView (11419): SLOVEN border top===>:296---407
07-05 23:48:32.467 I/MyFragmentStateAdapter(11419): getCount
07-05 23:48:32.467 I/MyFragmentStateAdapter(11419): getCount
07-05 23:48:32.467 I/MyFragmentStateAdapter(11419): getCount
07-05 23:48:32.467 I/MyFragmentStateAdapter(11419): getCount
07-05 23:48:32.468 I/FirstLineAdapter(11419): canShowTrailer,isOffline=false
07-05 23:48:32.468 I/FirstLineAdapter(11419): canShowTrailer,isOffline=false
07-05 23:48:32.468 I/FirstLineAdapter(11419): canShowTrailer,isOffline=false
07-05 23:48:32.468 I/FirstLineAdapter(11419): canShowTrailer,isOffline=false
07-05 23:48:32.468 I/FirstLineAdapter(11419): canShowTrailer,isOffline=false
07-05 23:48:32.468 I/FirstLineAdapter(11419): canShowTrailer,isOffline=false
07-05 23:48:32.468 I/FirstLineAdapter(11419): canShowTrailer,isOffline=false
07-05 23:48:32.469 D/Carousel-CarouselChannelItemView(11419): Listitem imageUrl:http://picture.edu.hismarttv.com/images/20170628102959016598.jpg
07-05 23:48:32.471 D/Carousel-CarouselChannelItemView(11419): Listitem imageUrl:http://picture.edu.hismarttv.com/images/20170628103002814396.jpg
07-05 23:48:32.476 D/Carousel-CarouselChannelItemView(11419): Listitem imageUrl:http://picture.edu.hismarttv.com/images/20170628103009181182.jpg
07-05 23:48:32.477 D/Carousel-CarouselChannelItemView(11419): Listitem imageUrl:http://picture.edu.hismarttv.com/images/20170628102959016598.jpg
07-05 23:48:32.483 D/Carousel-CarouselChannelItemView(11419): Listitem imageUrl:http://picture.edu.hismarttv.com/images/20170628103002814396.jpg
07-05 23:48:32.494 D/Carousel-CarouselChannelItemView(11419): Listitem imageUrl:http://picture.edu.hismarttv.com/images/20170628103009181182.jpg
07-05 23:48:32.490 D/HttpHandler(11419): VerifySignInterCeptor-->request.url()=http://picture.edu.hismarttv.com/images/20170628233232135598.jpg
07-05 23:48:32.494 D/HttpHandler(11419): VerifySignInterCeptor-->hostname=picture.edu.hismarttv.com
07-05 23:48:32.496 D/OkHttp  (11419): --> GET http://picture.edu.hismarttv.com/images/20170628233232135598.jpg http/1.1
07-05 23:48:32.496 D/OkHttp  (11419): Host: picture.edu.hismarttv.com
07-05 23:48:32.496 D/OkHttp  (11419): Connection: Keep-Alive
07-05 23:48:32.496 D/OkHttp  (11419): Accept-Encoding: gzip
07-05 23:48:32.496 D/OkHttp  (11419): User-Agent: okhttp/3.6.0
07-05 23:48:32.496 D/OkHttp  (11419): --> END GET
07-05 23:48:32.502 I/FirstLineAdapter(11419): canShowTrailer,isOffline=false
07-05 23:48:32.502 I/FirstLineAdapter(11419): canShowTrailer,isOffline=false
07-05 23:48:32.503 D/Carousel-CarouselView(11419): ============>onScrollChanged hashCode:752787492
07-05 23:48:32.506 I/MyFragmentStateAdapter(11419): getCount
07-05 23:48:32.508 D/gralloc ( 1204): allocate buffer from ION HEAP 0x1
07-05 23:48:32.508 D/gralloc ( 1204): allocate memory from system heap
07-05 23:48:32.548 D/QrRecognization( 2232): handleMessage msg=4
07-05 23:48:32.548 D/QrRecognization( 2232): handleMessage msg=1
07-05 23:48:32.548 D/QrRecognization( 2232): start update screenshot
07-05 23:48:32.548 D/QrRecognization( 2232): QR detection is not enabled in tile com.hisense.hicloud.edca
07-05 23:48:32.548 D/QrRecognization( 2232): error in getBitmap from screen
07-05 23:48:32.552 I/TVMW@HsTvSetting( 1234): Trace cmd, data = 0x1058
07-05 23:48:32.552 D/til@system( 2026): til_get_system_param option:100002F int:0, bool:0, ret:0
07-05 23:48:32.553 I/TVMW@HsTvSetting( 1234): Trace cmd, data = 0x101f
07-05 23:48:32.553 D/til@system( 2026): til_get_system_param option:100001D int:3, bool:3, ret:0
07-05 23:48:32.553 E/til     ( 2026): [til_get_current_input_source, 101] 
07-05 23:48:32.553 I/TVMW@HsTvSetting( 1234): Trace cmd, data = 0x7007
07-05 23:48:32.553 I/tilwrapper@sm( 2026): HS2TIL_SourceType *hs=0xd, *til=0x900
07-05 23:48:32.553 D/til     ( 2026): get current source 2304
07-05 23:48:32.553 D/SourceRemoteServiceHandler( 2026): getCurrentInputSource.from.til.result is 0, value is 2304
07-05 23:48:32.553 D/SourceRemoteServiceHandler( 2026): getInputSourceType source: 0x900, type=2304
07-05 23:48:32.553 D/til     ( 2026): ###### func:til_get_picture_param option:0x3000006 ######  
07-05 23:48:32.553 I/TVMW@HsTvSetting( 1234): Trace cmd, data = 0x1003
07-05 23:48:32.554 I/TVMW@HsTvSetting( 1234): Trace cmd, data = 0x8032
07-05 23:48:32.554 I/hstvos  ( 1216): [0m[1;33m[HSHAL][HS_VIDEO][HS_HAL_Video_SetOsdDetect_v2][2389]u16Threshold = 20
07-05 23:48:32.555 I/MiSysSrv( 1214): Not support now! 42, change to mm_video!!!
07-05 23:48:32.555 E/TVMW@videoctrl( 1234):  getOsd is 1
07-05 23:48:32.555 D/til@system( 2026): til_get_system_param option:1000027 int:1, bool:1, ret:0
07-05 23:48:32.555 D/til     ( 2026): ###### func:til_get_picture_param option:0x3000045 ######  
07-05 23:48:32.556 I/TVMW@HsTvSetting( 1234): Trace cmd, data = 0x300c
07-05 23:48:32.556 I/TVMW@HsTvSetting( 1234): Trace 3d, data = 0x300c
07-05 23:48:32.556 I/TVMW@3d ( 1234): Hs_debug3d_trace: func:get3dStatus, line:109
07-05 23:48:32.569 E/TabView (11419): tab2
07-05 23:48:32.569 D/TabView (11419): SLOVEN mTopmBorderTop===>:0266
07-05 23:48:32.569 D/TabView (11419): tab scroll up listview
07-05 23:48:32.570 D/TabFocusBorderView(11419): SLOVEN justchangeWidth
07-05 23:48:32.570 D/TabFocusBorderView(11419): SLOVEN widthmWidth===>:220220
07-05 23:48:32.570 D/TabFocusBorderView(11419): SLOVEN onAnimationStart
07-05 23:48:32.570 D/TabView (11419): SLOVEN mTopmBorderTop===>:407266
07-05 23:48:32.570 D/TabView (11419): setSelectedTabView
07-05 23:48:32.593 D/HomeMainActivity(11419): local vipDialogStr id list is : 
07-05 23:48:32.593 I/HomeMainActivity(11419): mBeginHttpTime : 18554164
07-05 23:48:32.595 V/HttpDnsUtils(11419): getUserType(): --url = http://api.edu.hismarttv.com/payment/api/query/user_type/dialog_info
07-05 23:48:32.595 I/HttpBuilder(11419): addUrlPublicParams mUrl ==>http://api.edu.hismarttv.com/payment/api/query/user_type/dialog_info?orderType=0
07-05 23:48:32.595 D/OkHttp  (11419): <-- 200 OK http://picture.edu.hismarttv.com/images/20170628233232135598.jpg (99ms)
07-05 23:48:32.595 D/OkHttp  (11419): Date: Mon, 03 Jul 2017 06:28:41 GMT
07-05 23:48:32.595 D/OkHttp  (11419): Server: nginx
07-05 23:48:32.595 D/OkHttp  (11419): Content-Type: image/jpeg
07-05 23:48:32.595 D/OkHttp  (11419): Content-Length: 50603
07-05 23:48:32.595 D/OkHttp  (11419): Last-Modified: Wed, 28 Jun 2017 23:32:32 GMT
07-05 23:48:32.595 D/OkHttp  (11419): ETag: "59543c90-c5ab"
07-05 23:48:32.595 D/OkHttp  (11419): Accept-Ranges: bytes
07-05 23:48:32.595 D/OkHttp  (11419): Age: 206391
07-05 23:48:32.595 D/OkHttp  (11419): Via: 1.1 jnwt243:1 (Cdn Cache Server V2.0)[0 200 0], 1.1 dezhou35:4 (Cdn Cache Server V2.0)[0 200 0]
07-05 23:48:32.595 D/OkHttp  (11419): Connection: keep-alive
07-05 23:48:32.595 D/OkHttp  (11419): <-- END HTTP
07-05 23:48:32.606 D/til@system( 2026): til_get_system_param option:1000007 int:-1936522112, bool:128, ret:0
07-05 23:48:32.607 D/til@system( 2026): til_get_system_param option:1000009 int:-1815634176, bool:0, ret:0
07-05 23:48:32.608 D/til@system( 2026): til_get_system_param option:1000008 int:-1936523008, bool:0, ret:0
07-05 23:48:32.608 D/HttpBuilder(11419): getOperationDetail-productName : LED50MU8600UC
07-05 23:48:32.609 D/HttpBuilder(11419): getOperationDetail-plmNumber : 88888
07-05 23:48:32.609 D/HttpBuilder(11419): getOperationDetail-swVersion : V0000.00.01A
07-05 23:48:32.609 D/HttpBuilder(11419): getOperationDetail-operationDetail : LED50MU8600UC0000888
07-05 23:48:32.637 D/HttpHandler(11419): RetryIntercepter-->retryNum=0
07-05 23:48:32.637 D/HttpHandler(11419): RetryIntercepter-->backoffmutiplier=0
07-05 23:48:32.640 I/HttpBuilder(11419): addUrlPublicParams mUrl ==>http://api.edu.hismarttv.com/payment/api/query/user_type/dialog_info?orderType=0&uuid=13287129&mac=a8:a6:48:18:fc:a8&devid=86100300900000500000060a4818fca8&version=00.002.003&subscriberId=13287129&customerId=7195320&model_id=0&APPPackage=com.hisense.hicloud.edca&PFAPPCode=652&APPVersionName=3.0.0.9.00&ChannelId=0&softwareVersion=LED50MU8600UC0000888&tv_distribute_id=00&devType=0&APIVersion=600&accessToken=72DF6038D2AEAB8A76DFBBBBCC428A4A_001388931346551
07-05 23:48:32.642 D/HttpHandler(11419): VerifySignInterCeptor-->request.url()=http://api.edu.hismarttv.com/payment/api/query/user_type/dialog_info?orderType=0&uuid=13287129&mac=a8:a6:48:18:fc:a8&devid=86100300900000500000060a4818fca8&version=00.002.003&subscriberId=13287129&customerId=7195320&model_id=0&APPPackage=com.hisense.hicloud.edca&PFAPPCode=652&APPVersionName=3.0.0.9.00&ChannelId=0&softwareVersion=LED50MU8600UC0000888&tv_distribute_id=00&devType=0&APIVersion=600&accessToken=72DF6038D2AEAB8A76DFBBBBCC428A4A_001388931346551
07-05 23:48:32.642 D/HttpHandler(11419): VerifySignInterCeptor-->hostname=api.edu.hismarttv.com
07-05 23:48:32.643 D/HttpHandler(11419): HttpDNS-->hostname=api.edu.hismarttv.com
07-05 23:48:32.643 D/HttpHandler(11419): RAMCache-->hostInfo.getClientTimeStamp()=18549514
07-05 23:48:32.643 D/HttpHandler(11419): RAMCache-->hostInfo.getTtl()=3600
07-05 23:48:32.643 D/HttpHandler(11419): RAMCache-->SystemClock.elapsedRealtime()=18554215
07-05 23:48:32.649 I/TabView (11419): onScroll:,firstItem=0,visibleCount=6,totalCount=10
07-05 23:48:32.650 D/Carousel-CarouselView(11419): ============>onScrollChanged hashCode:752787492
07-05 23:48:32.653 D/HttpHandler(11419): DNSHelper-->gslbDns=["123.103.91.123"]
07-05 23:48:32.656 D/Carousel-Utils(11419): onResourceReady.
07-05 23:48:32.657 D/Carousel-Utils(11419): onResourceReady.
07-05 23:48:32.668 I/NetflixMonitorService( 1733): current fgapk : com.hisense.hicloud.edca
07-05 23:48:32.668 I/NetflixMonitorService( 1733): Netflix status unchanged
07-05 23:48:32.730 W/art     (11419): Suspending all threads took: 65.047ms
07-05 23:48:32.759 D/NativeDecimalFormat(11419): NativeDecimalFormat_close print addr=3997591296
07-05 23:48:32.759 D/NativeDecimalFormat(11419): NativeDecimalFormat_close print g_addr=3997592064
07-05 23:48:32.759 D/NativeDecimalFormat(11419): NativeDecimalFormat_close print addr=3997592064
07-05 23:48:32.759 D/NativeDecimalFormat(11419): NativeDecimalFormat_close print g_addr=3997592064
07-05 23:48:32.761 I/art     (11419): Background partial concurrent mark sweep GC freed 23459(1720KB) AllocSpace objects, 6(196KB) LOS objects, 12% free, 27MB/31MB, paused 69.456ms total 249.103ms
07-05 23:48:32.776 D/OkHttp  (11419): --> GET http://api.edu.hismarttv.com/payment/api/query/user_type/dialog_info?orderType=0&uuid=13287129&mac=a8:a6:48:18:fc:a8&devid=86100300900000500000060a4818fca8&version=00.002.003&subscriberId=13287129&customerId=7195320&model_id=0&APPPackage=com.hisense.hicloud.edca&PFAPPCode=652&APPVersionName=3.0.0.9.00&ChannelId=0&softwareVersion=LED50MU8600UC0000888&tv_distribute_id=00&devType=0&APIVersion=600&accessToken=72DF6038D2AEAB8A76DFBBBBCC428A4A_001388931346551 http/1.1
07-05 23:48:32.776 D/OkHttp  (11419): Data_Type: JSON
07-05 23:48:32.776 D/OkHttp  (11419): RetryTime: 0
07-05 23:48:32.776 D/OkHttp  (11419): Backoffmutiplier: 0
07-05 23:48:32.776 D/OkHttp  (11419): Host: api.edu.hismarttv.com
07-05 23:48:32.776 D/OkHttp  (11419): Connection: Keep-Alive
07-05 23:48:32.776 D/OkHttp  (11419): Accept-Encoding: gzip
07-05 23:48:32.776 D/OkHttp  (11419): User-Agent: okhttp/3.6.0
07-05 23:48:32.776 D/OkHttp  (11419): --> END GET
07-05 23:48:32.794 D/OkHttp  (11419): <-- 200 OK http://picture.edu.hismarttv.com/images/20170628102959016598.jpg (413ms)
07-05 23:48:32.794 D/OkHttp  (11419): Date: Wed, 05 Jul 2017 12:25:44 GMT
07-05 23:48:32.794 D/OkHttp  (11419): Server: nginx
07-05 23:48:32.794 D/OkHttp  (11419): Content-Type: image/jpeg
07-05 23:48:32.794 D/OkHttp  (11419): Content-Length: 40292
07-05 23:48:32.794 D/OkHttp  (11419): Last-Modified: Wed, 28 Jun 2017 10:29:59 GMT
07-05 23:48:32.794 D/OkHttp  (11419): ETag: "59538527-9d64"
07-05 23:48:32.794 D/OkHttp  (11419): Accept-Ranges: bytes
07-05 23:48:32.794 D/OkHttp  (11419): Age: 12168
07-05 23:48:32.794 D/OkHttp  (11419): Via: 1.1 xiazai41:1 (Cdn Cache Server V2.0)[84 200 2], 1.1 changwtong52:6 (Cdn Cache Server V2.0)[69 200 0]
07-05 23:48:32.794 D/OkHttp  (11419): Connection: keep-alive
07-05 23:48:32.794 D/OkHttp  (11419): <-- END HTTP
