07-05 21:47:43.671 I/CurrentCarouselView( 8797): BaseApplication.sSignStr=3082023B308201A4A00302010202045051BD19300D06092A864886F70D01010505003062310B30090603550406130238363111300F060355040813085368616E646F6E673110300E0603550407130751696E6764616F311F301D060355040A1316486973656E7365206D65646961206E6574776F726B73310D300B0603550403130448695456301E170D3132303931333131303134355A170D3432303930363131303134355A3062310B30090603550406130238363111300F060355040813085368616E646F6E673110300E0603550407130751696E6764616F311F301D060355040A1316486973656E7365206D65646961206E6574776F726B73310D300B060355040313044869545630819F300D06092A864886F70D010101050003818D0030818902818100841C2D9F5F1E0BBB4DF77826A11FEFFB557C22B07892114637C945272821CF6A4CD023F45FC0B0E825EA8839470BE63B95CD5E4B64FF7ECC8A910DB20DBE2A9E8504EC39E7C0E8E74435F745F47D821124744FBF91A2C70CA85DC07D24C53322D8CC33C9EE542E872E44AF0E9E203328A106B31DC3BEC523600DDDA2204C665D0203010001300D06092A864886F70D0101050500038181003AA40C684E7AB45294882A0766EABD8C4BB7C0DFC4DE9ED13E192ECA9370C6B493257129F8DC248335D86877EAB36FBE9A8867E3F034BFD035CEC363073B558AAA6F42838FE0B1BEC3BC90B3E6FEE5D1D78C5CEC7966696D86FC071ED59063FD8E08DECAC8EBD0FB39443415B6725C00B0BACE4A06EF97D76158BF37D36720BB
07-05 21:47:43.671 I/CurrentCarouselView( 8797): serverTime=1499262462000
07-05 21:47:43.672 D/HttpHandler( 8797): VerifySignInterCeptor-->dateType=1
07-05 21:47:43.672 D/HttpHandler( 8797): VerifySignInterCeptor-->HttpRequestManager.httpClietOption.getVerifyFlag()=1
07-05 21:47:43.673 E/WebcastSDK-WebcastManager( 8797): setToken(), new Token = 72DF6038D2AEAB8A76DFBBBBCC428A4A_002202626749392
07-05 21:47:43.673 I/WebcastSDK-HiCloudSourcePlugin( 8797): notifyAppTokenChanged(), token = 72DF6038D2AEAB8A76DFBBBBCC428A4A_002202626749392
07-05 21:47:43.675 V/PackageManager( 1733): getPackageInfo com.hisense.hicloud.edca: Package{3fb3f3a1 com.hisense.hicloud.edca}
07-05 21:47:43.676 D/HttpHandler( 8797): VerifySignInterCeptor-->request.url()=http://picture.edu.hismarttv.com/images/20170628115302475663.png
07-05 21:47:43.676 D/HttpHandler( 8797): VerifySignInterCeptor-->hostname=picture.edu.hismarttv.com
07-05 21:47:43.676 I/WebcastSDK-( 8797): getAppVersionCode(), versionCode = 652
07-05 21:47:43.678 I/WebcastSDK-DataReport( 8797): notifyAppTokenChanged(), token = 72DF6038D2AEAB8A76DFBBBBCC428A4A_002202626749392
07-05 21:47:43.679 V/PackageManager( 1733): getPackageInfo com.hisense.hicloud.edca: Package{3fb3f3a1 com.hisense.hicloud.edca}
07-05 21:47:43.680 I/WebcastSDK-( 8797): getAppVersionCode(), versionCode = 652
07-05 21:47:43.681 D/Carousel-( 8797): setSignonInfo subscriberId:13287129,customerId:7195320
07-05 21:47:43.683 D/til@system( 2026): til_get_system_param option:1000007 int:-1936523008, bool:0, ret:0
07-05 21:47:43.685 D/til@system( 2026): til_get_system_param option:1000009 int:-1936525184, bool:128, ret:0
07-05 21:47:43.687 D/til@system( 2026): til_get_system_param option:1000008 int:-1815633792, bool:128, ret:0
07-05 21:47:43.687 D/HttpDnsUtils( 8797): CEXX-getOperationDetail-productName : LED50MU8600UC
07-05 21:47:43.688 D/HttpDnsUtils( 8797): CEXX-getOperationDetail-plmNumber : 88888
07-05 21:47:43.688 D/HttpDnsUtils( 8797): CEXX-getOperationDetail-swVersion : V0000.00.01A
07-05 21:47:43.688 D/HttpDnsUtils( 8797): CEXX-getOperationDetail-operationDetail : LED50MU8600UC0000888
07-05 21:47:43.688 E/WebcastSDK-WebcastManager( 8797): setAppServiceDomainList.
07-05 21:47:43.683 D/HttpHandler( 8797): HttpDNS-->hostname=picture.edu.hismarttv.com
07-05 21:47:43.689 I/FirstLineAdapter( 8797): onBindViewHolder 3
07-05 21:47:43.689 V/PackageManager( 1733): getPackageInfo com.hisense.hicloud.edca: Package{3fb3f3a1 com.hisense.hicloud.edca}
07-05 21:47:43.689 I/WebcastSDK-( 8797): getAppVersionCode(), versionCode = 652
07-05 21:47:43.689 D/til@system( 2026): til_get_system_param option:1000007 int:-1936522368, bool:128, ret:0
07-05 21:47:43.690 D/til@system( 2026): til_get_system_param option:1000009 int:-1815632896, bool:0, ret:0
07-05 21:47:43.691 D/til@system( 2026): til_get_system_param option:1000008 int:-1936522112, bool:128, ret:0
07-05 21:47:43.691 D/HttpDnsUtils( 8797): CEXX-getOperationDetail-productName : LED50MU8600UC
07-05 21:47:43.692 D/HttpDnsUtils( 8797): CEXX-getOperationDetail-plmNumber : 88888
07-05 21:47:43.692 D/HttpDnsUtils( 8797): CEXX-getOperationDetail-swVersion : V0000.00.01A
07-05 21:47:43.692 D/HttpDnsUtils( 8797): CEXX-getOperationDetail-operationDetail : LED50MU8600UC0000888
07-05 21:47:43.692 I/CurrentCarouselView( 8797): setTrailData
07-05 21:47:43.692 I/Util    ( 8797): memory : total=1912,limit=1024
07-05 21:47:43.693 D/Carousel-CarouselPicVideoListInfo( 8797): carouselList: 3
07-05 21:47:43.693 D/Carousel-CarouselView( 8797): setData! info=com.hisense.hitv.carouselwidgit.bean.CarouselPicVideoListInfo@2f6d578d, hascCode=1062330551
07-05 21:47:43.693 D/Carousel-CarouselView( 8797): showInitPoster.
07-05 21:47:43.693 D/Carousel-CarouselDisplayPlayerLayout( 8797): isFullScreen:false
07-05 21:47:43.693 D/Carousel-CarouselView( 8797): ACTION_CLEAR_POSTER_AND_PLAY isFullScreen:false
07-05 21:47:43.693 D/Carousel-CarouselView( 8797): InitPosterUrl:http://picture.edu.hismarttv.com/images/20170629010146422927.jpg
07-05 21:47:43.693 D/Carousel-Utils( 8797): displayImage view=android.widget.ImageView{6496d42 V.ED.... ......I. 0,0-0,0 #7f0d0029 app:id/imageView1}
07-05 21:47:43.693 D/Carousel-Utils( 8797): displayImage url=http://picture.edu.hismarttv.com/images/20170629010146422927.jpg
07-05 21:47:43.694 D/HttpHandler( 8797): RAMCache-->hostInfo.getClientTimeStamp()=11305077
07-05 21:47:43.696 D/HttpHandler( 8797): RAMCache-->hostInfo.getTtl()=300
07-05 21:47:43.696 D/HttpHandler( 8797): RAMCache-->SystemClock.elapsedRealtime()=11305268
07-05 21:47:43.698 I/CurrentCarouselView( 8797): startPlay
07-05 21:47:43.698 I/CurrentCarouselView( 8797): CurrentCarouselView.sHasShopDialog=false
07-05 21:47:43.698 I/CurrentCarouselView( 8797): onAttachedToWindow
07-05 21:47:43.699 D/Carousel-CarouselView( 8797): onAttachedToWindow.
07-05 21:47:43.700 I/MyItemDecoration( 8797): getItemOffsets rect=Rect(-32, -16 - 0, 0),pos=3
07-05 21:47:43.709 D/HttpHandler( 8797): DNSHelper-->gslbDns=["220.202.77.124","153.35.175.120","125.46.22.134","218.58.206.58","220.202.77.116","123.128.14.209","153.35.175.121"]
07-05 21:47:43.714 D/HttpHandler( 8797): VerifySignInterCeptor-->content={"masterViews": [{"navigationId": 10002, "tiles": [{"index": 1, "facets": [{"index": 1, "typeCode": 1002, "grade": null, "title": "\u90d1\u591a\u71d5BodyBall Slim\u5927\u7403\u64cd", "backgroundImages": [{"url": "http://picture.edu.hismarttv.com/images/20161212024038700821.jpg", "mobile_image_icon_url": "http://picture.edu.hismarttv.com/images/20161102023035587534.jpg", "url_horizontal": "http://picture.edu.hismarttv.com/images/20170629033643181276.jpg"}], "id": "38036"}], "width_horizontal": null, "width": null}, {"index": 1, "facets": [{"index": 1, "typeCode": 1002, "grade": null, "title": "\u90d1\u591a\u71d5BodyBall ABS\u6709\u6c27\u64cd", "backgroundImages": [{"url": "http://picture.edu.hismarttv.com/images/20161212022722337765.jpg", "mobile_image_icon_url": "http://picture.edu.hismarttv.com/images/20161102033100773911.jpg", "url_horizontal": "http://picture.edu.hismarttv.com/images/20170629032906301152.jpg"}], "id": "38037"}], "width_horizontal": null, "width": null}, {"index": 1, "facets": [{"index": 1, "typeCode": 1002, "grade": "\u5176\u4ed6", "title": "\u98ce\u5c1a\u5065\u8eab-\u52a8\u611f\u8857\u821e", "backgroundImages": [{"url": null, "mobile_image_icon_url": null, "url_horizontal": "http://picture.edu.hismarttv.com/images/20170629/\u98ce\u5c1a\u5065\u8eab-\u52a8\u611f\u8857\u821e.jpg"}], "id": "8852"}], "width_horizontal": null, "width": null}, {"index": 1, "facets": [{"index": 1, "typeCode": 1002, "grade": null, "title": "\u90d1\u591a\u71d5BodyBall Hip&leg\u57ab\u4e0a\u64cd", "backgroundImages": [{"url": "http://picture.edu.hismarttv.com/images/20161212022759387904.jpg", "mobile_image_icon_url": "http://picture.edu.hismarttv.com/images/20161102032541379768.jpg", "url_horizontal": "http://picture.edu.hismarttv.com/images/20170629033606511137.jpg"}], "id": "38039"}], "width_horizontal": null, "width": null}, {"index": 1, "facets": [{"index": 1, "typeCode": 1002, "grade": null, "title": "\u90d1\u591a\u71d5\u5c0f\u7070\u5e3d\u5065\u8eab\u64cd", "backgroundImages": [{"url": "http://picture.edu.hismarttv.com/images/20161212022539029485.jpg", "mobile_image_icon_url": "http://picture.edu.hismarttv.com/images/20161102021604651091.jpg", "url_horizontal": "http://picture.edu.hismarttv.com/images/20170629/\u90d1\u591a\u71d5\u5c0f\u7070\u5e3d\u5065\u8eab\u64cd.jpg"}], "id": "38033"}], "width_horizontal": null, "width": null}, {"index": 1, "facets": [{"index": 1, "typeCode": 1002, "grade": null, "title": "\u90d1\u591a\u71d5FigureDumb\u54d1\u94c3\u64cd", "backgroundImages": [{"url": "http://picture.edu.hismarttv.com/images/20161212035609771233.jpg", "mobile_image_icon_url": "http://picture.edu.hismarttv.com/images/20161102021824917487.jpg", "url_horizontal": "http://picture.edu.hismarttv.com/images/20170629033936455331.jpg"}], "id": "38034"}], "width_horizontal": null, "width": null}, {"index": 1, "facets": [{"index": 1, "typeCode": 1002, "grade": null, "title": "\u90d1\u591a\u71d5FigureMat\u57ab\u4e0a\u64cd", "backgroundImages": [{"url": "http://picture.edu.hismarttv.com/images/20161212022344417148.jpg", "mobile_image_icon_url": null, "url_horizontal": "http://picture.edu.hismarttv.com/images/20170629033520364415.jpg"}], "id": "38035"}], "width_horizontal": null, "width": null}, {"index": 1, "facets": [{"index": 1, "typeCode": 1002, "grade": null, "title": "\u548c\u5973\u795e\u4e00\u8d77\u5b66\u53e3\u8bed\uff08\u7f51\u7edc\u5267\uff09", "backgroundImages": [{"url": "http://picture.edu.hismarttv.com/images/20170316053549297889.jpg", "mobile_image_icon_url": null, "url_horizontal": null}], "id": "35901"}], "width_horizontal": null, "width": null}, {"index": 1, "facets": [{"index": 1, "typeCode": 1002, "grade": null, "title": "\u770b\u5927\u7247\u5b66\u82f1\u6587\uff08\u7f51\u7edc\u5267\uff09", "backgroundImages": [{"url": "http://picture.edu.hismarttv.com/images/20170316053716559350.jpg", "mobile_image_icon_url": null, "url_horizontal": null}], "id": "35891"}], "width_horizontal": null, "width": null}, {"index": 1, "facets": [{"index": 1, "typeCode": 1002, "
07-05 21:47:43.727 D/OkHttp  ( 8797): --> GET http://picture.edu.hismarttv.com/images/20170628111836879100.png http/1.1
07-05 21:47:43.727 D/OkHttp  ( 8797): Host: picture.edu.hismarttv.com
07-05 21:47:43.727 D/OkHttp  ( 8797): Connection: Keep-Alive
07-05 21:47:43.727 D/OkHttp  ( 8797): Accept-Encoding: gzip
07-05 21:47:43.727 D/OkHttp  ( 8797): User-Agent: okhttp/3.6.0
07-05 21:47:43.727 D/OkHttp  ( 8797): --> END GET
07-05 21:47:43.729 D/OkHttp  ( 8797): --> GET http://picture.edu.hismarttv.com/images/20170628115302475663.png http/1.1
07-05 21:47:43.729 D/OkHttp  ( 8797): Host: picture.edu.hismarttv.com
07-05 21:47:43.729 D/OkHttp  ( 8797): Connection: Keep-Alive
07-05 21:47:43.729 D/OkHttp  ( 8797): Accept-Encoding: gzip
07-05 21:47:43.729 D/OkHttp  ( 8797): User-Agent: okhttp/3.6.0
07-05 21:47:43.729 D/OkHttp  ( 8797): --> END GET
07-05 21:47:43.749 D/Carousel-CarouselChannelItemView( 8797): Listitem imageUrl:http://picture.edu.hismarttv.com/images/20170628102959016598.jpg
07-05 21:47:43.750 D/Carousel-CarouselChannelItemView( 8797): Listitem imageUrl:http://picture.edu.hismarttv.com/images/20170628103002814396.jpg
07-05 21:47:43.753 D/Carousel-CarouselChannelItemView( 8797): Listitem imageUrl:http://picture.edu.hismarttv.com/images/20170628103009181182.jpg
07-05 21:47:43.754 D/Carousel-CarouselChannelItemView( 8797): Listitem imageUrl:http://picture.edu.hismarttv.com/images/20170628102959016598.jpg
07-05 21:47:43.755 D/Carousel-CarouselChannelItemView( 8797): Listitem imageUrl:http://picture.edu.hismarttv.com/images/20170628103002814396.jpg
07-05 21:47:43.756 D/Carousel-CarouselChannelItemView( 8797): Listitem imageUrl:http://picture.edu.hismarttv.com/images/20170628103009181182.jpg
07-05 21:47:43.763 D/Carousel-CarouselChannelItemView( 8797): Listitem imageUrl:http://picture.edu.hismarttv.com/images/20170628103002814396.jpg
07-05 21:47:43.763 D/OkHttp  ( 8797): <-- 200 OK http://picture.edu.hismarttv.com/images/20170628111836879100.png (35ms)
07-05 21:47:43.763 D/OkHttp  ( 8797): Date: Mon, 03 Jul 2017 11:32:15 GMT
07-05 21:47:43.763 D/OkHttp  ( 8797): Server: nginx
07-05 21:47:43.763 D/OkHttp  ( 8797): Content-Type: image/png
07-05 21:47:43.763 D/OkHttp  ( 8797): Content-Length: 2420
07-05 21:47:43.763 D/OkHttp  ( 8797): Last-Modified: Wed, 28 Jun 2017 11:18:36 GMT
07-05 21:47:43.763 D/OkHttp  ( 8797): ETag: "5953908c-974"
07-05 21:47:43.763 D/OkHttp  ( 8797): Accept-Ranges: bytes
07-05 21:47:43.763 D/OkHttp  ( 8797): Age: 180928
07-05 21:47:43.763 D/OkHttp  ( 8797): Via: 1.1 hewangtong168:6 (Cdn Cache Server V2.0)[0 200 0], 1.1 hangwangtong56:6 (Cdn Cache Server V2.0)[14 200 0]
07-05 21:47:43.763 D/OkHttp  ( 8797): Connection: keep-alive
07-05 21:47:43.763 D/OkHttp  ( 8797): <-- END HTTP
07-05 21:47:43.767 D/HttpHandler( 8797): RetryIntercepter-->retryNum=0
07-05 21:47:43.767 D/HttpHandler( 8797): RetryIntercepter-->backoffmutiplier=0
07-05 21:47:43.775 D/Carousel-CarouselChannelItemView( 8797): Listitem imageUrl:http://picture.edu.hismarttv.com/images/20170628102959016598.jpg
07-05 21:47:43.779 D/Carousel-CarouselChannelItemView( 8797): Listitem imageUrl:http://picture.edu.hismarttv.com/images/20170628103009181182.jpg
07-05 21:47:43.781 I/FirstLineAdapter( 8797): canShowTrailer,isOffline=false
07-05 21:47:43.781 I/FirstLineAdapter( 8797): onCreateViewHolder viewtype=4
07-05 21:47:43.808 I/FirstLineAdapter( 8797): onBindViewHolder 4
07-05 21:47:43.808 I/FirstLineAdapter( 8797): canShowTrailer,isOffline=false
07-05 21:47:43.808 I/FirstLineAdapter( 8797): canShowTrailer modify
07-05 21:47:43.808 I/FirstLineAdapter( 8797): setMasterData4
07-05 21:47:43.808 I/FirstLineAdapter( 8797): set current pos = 0
07-05 21:47:43.808 D/sloven  ( 8797): 1002---true
07-05 21:47:43.809 I/FirstLineAdapter( 8797): canShowTrailer,isOffline=false
07-05 21:47:43.812 I/FirstLineAdapter( 8797): canShowTrailer,isOffline=false
07-05 21:47:43.812 I/FirstLineAdapter( 8797): onCreateViewHolder viewtype=4
07-05 21:47:43.817 I/FirstLineAdapter( 8797): onBindViewHolder 5
07-05 21:47:43.817 I/FirstLineAdapter( 8797): canShowTrailer,isOffline=false
07-05 21:47:43.817 I/FirstLineAdapter( 8797): canShowTrailer modify
07-05 21:47:43.817 I/FirstLineAdapter( 8797): setMasterData5
07-05 21:47:43.817 I/FirstLineAdapter( 8797): set current pos = 1
07-05 21:47:43.817 D/sloven  ( 8797): 2005---false
07-05 21:47:43.817 D/sloven  ( 8797): 2005
07-05 21:47:43.819 I/UsageStatsService( 1733): User[0] Flushing usage stats to disk
07-05 21:47:43.819 V/PackageManager( 1733): getPackageInfo com.hisense.hicloud.edca: Package{3fb3f3a1 com.hisense.hicloud.edca}
07-05 21:47:43.825 I/FirstLineAdapter( 8797): canShowTrailer,isOffline=false
07-05 21:47:43.826 I/MyItemDecoration( 8797): getItemOffsets rect=Rect(-32, 0 - 0, 0),pos=4
07-05 21:47:43.830 I/MyItemDecoration( 8797): getItemOffsets rect=Rect(-32, -5 - 0, 0),pos=5
07-05 21:47:43.831 D/Carousel-CarouselView( 8797): smoothScroll.
07-05 21:47:43.831 D/Carousel-CarouselDisplayPlayerLayout( 8797): isFullScreen:false
07-05 21:47:43.831 D/Carousel-CarouselView( 8797): smoothScroll isOtherInstance return.
07-05 21:47:43.831 I/ContentBridgeAdapterListener( 8797): onAddPresenter 2
07-05 21:47:43.862 I/ContentBridgeAdapterListener( 8797): onCreate ViewHolder{157e7b14 position=-1 id=-1, oldPos=-1, pLpos:-1 unbound no parent}
07-05 21:47:43.863 I/BaseContentFragment( 8797): setUpSharedViewPoolViewHolder{157e7b14 position=-1 id=-1, oldPos=-1, pLpos:-1 unbound no parent}
07-05 21:47:43.863 I/BaseContentFragment( 8797): create view pool
07-05 21:47:43.863 I/BaseContentFragment( 8797): setRowViewSelectedViewHolder{157e7b14 position=-1 id=-1, oldPos=-1, pLpos:-1 unbound no parent},isSelectedfalse
07-05 21:47:43.863 I/head    ( 8797): item=com.hisense.leanback.widget.ListRow@35d2afbd
07-05 21:47:43.863 I/ContentBridgeAdapterListener( 8797): onBind 
07-05 21:47:43.864 I/ContentBridgeAdapterListener( 8797): onAttachedToWindow ViewHolder{157e7b14 position=2 id=-1, oldPos=-1, pLpos:-1}
07-05 21:47:43.866 I/CardSelectionPresenter( 8797): onCreateViewHoldercom.hisense.leanback.widget.HorizontalGridView{1497dd03 VFE..... ......I. 0,0-0,0 #7f0d038e app:id/row_content}
07-05 21:47:43.882 I/CardSelectionPresenter( 8797): onBindViewHolder
07-05 21:47:43.885 D/sloven  ( 8797): 1002---false
07-05 21:47:43.892 D/HttpHandler( 8797): VerifySignInterCeptor-->request.url()=http://picture.edu.hismarttv.com/images/20170628111857828826.png
07-05 21:47:43.892 D/HttpHandler( 8797): VerifySignInterCeptor-->hostname=picture.edu.hismarttv.com
07-05 21:47:43.895 I/CardSelectionPresenter( 8797): width=400,height=220
07-05 21:47:43.920 D/hailongqiu( 8797): hailongqiu position:0
07-05 21:47:43.922 I/CardSelectionPresenter( 8797): onCreateViewHoldercom.hisense.leanback.widget.HorizontalGridView{1497dd03 VFE..... ......ID 0,0-1738,279 #7f0d038e app:id/row_content}
07-05 21:47:43.929 I/CardSelectionPresenter( 8797): onBindViewHolder
07-05 21:47:43.929 D/sloven  ( 8797): 1002---false
07-05 21:47:43.930 I/CardSelectionPresenter( 8797): width=400,height=220
07-05 21:47:43.936 I/CardSelectionPresenter( 8797): onCreateViewHoldercom.hisense.leanback.widget.HorizontalGridView{1497dd03 VFE..... ......ID 0,0-1738,279 #7f0d038e app:id/row_content}
07-05 21:47:43.943 I/CardSelectionPresenter( 8797): onBindViewHolder
07-05 21:47:43.943 D/sloven  ( 8797): 1002---false
07-05 21:47:43.944 I/CardSelectionPresenter( 8797): width=400,height=220
07-05 21:47:43.950 I/CardSelectionPresenter( 8797): onCreateViewHoldercom.hisense.leanback.widget.HorizontalGridView{1497dd03 VFE..... ......ID 0,0-1738,279 #7f0d038e app:id/row_content}
07-05 21:47:43.958 I/CardSelectionPresenter( 8797): onBindViewHolder
07-05 21:47:43.958 D/sloven  ( 8797): 1002---false
07-05 21:47:43.959 I/CardSelectionPresenter( 8797): width=400,height=220
07-05 21:47:43.966 E/RecyclerView( 8797): No adapter attached; skipping layout
07-05 21:47:43.966 E/RecyclerView( 8797): No adapter attached; skipping layout
07-05 21:47:43.967 D/Carousel-CarouselView( 8797): ============>onScrollChanged hashCode:1062330551
07-05 21:47:43.980 D/OkHttp  ( 8797): <-- 200 OK http://picture.edu.hismarttv.com/images/20170628115302475663.png (250ms)
07-05 21:47:43.980 D/OkHttp  ( 8797): Date: Wed, 05 Jul 2017 07:50:19 GMT
07-05 21:47:43.980 D/OkHttp  ( 8797): Server: nginx
07-05 21:47:43.980 D/OkHttp  ( 8797): Content-Type: image/png
07-05 21:47:43.980 D/OkHttp  ( 8797): Content-Length: 2527
07-05 21:47:43.980 D/OkHttp  ( 8797): Last-Modified: Wed, 28 Jun 2017 11:53:02 GMT
07-05 21:47:43.980 D/OkHttp  ( 8797): ETag: "5953989e-9df"
07-05 21:47:43.980 D/OkHttp  ( 8797): Accept-Ranges: bytes
07-05 21:47:43.980 D/OkHttp  ( 8797): Age: 21444
07-05 21:47:43.980 D/OkHttp  ( 8797): Via: 1.1 jn241:2 (Cdn Cache Server V2.0)[16 200 0], 1.1 changwtong52:1 (Cdn Cache Server V2.0)[231 200 0]
07-05 21:47:43.980 D/OkHttp  ( 8797): Connection: keep-alive
07-05 21:47:43.980 D/OkHttp  ( 8797): <-- END HTTP
07-05 21:47:43.992 I/MyFragmentStateAdapter( 8797): getCount
07-05 21:47:44.001 D/HttpHandler( 8797): RetryIntercepter-->retryNum=0
07-05 21:47:44.001 D/HttpHandler( 8797): RetryIntercepter-->backoffmutiplier=0
07-05 21:47:44.007 D/gralloc ( 1204): allocate buffer from ION HEAP 0x1
07-05 21:47:44.007 D/gralloc ( 1204): allocate memory from system heap
07-05 21:47:44.013 D/OkHttp  ( 8797): --> GET http://picture.edu.hismarttv.com/images/20170628111857828826.png http/1.1
07-05 21:47:44.013 D/OkHttp  ( 8797): Host: picture.edu.hismarttv.com
07-05 21:47:44.013 D/OkHttp  ( 8797): Connection: Keep-Alive
07-05 21:47:44.013 D/OkHttp  ( 8797): Accept-Encoding: gzip
07-05 21:47:44.013 D/OkHttp  ( 8797): User-Agent: okhttp/3.6.0
07-05 21:47:44.013 D/OkHttp  ( 8797): --> END GET
07-05 21:47:44.043 D/OkHttp  ( 8797): <-- 200 OK http://picture.edu.hismarttv.com/images/20170628111857828826.png (30ms)
07-05 21:47:44.043 D/OkHttp  ( 8797): Date: Mon, 03 Jul 2017 08:35:17 GMT
07-05 21:47:44.043 D/OkHttp  ( 8797): Server: nginx
07-05 21:47:44.043 D/OkHttp  ( 8797): Content-Type: image/png
07-05 21:47:44.043 D/OkHttp  ( 8797): Content-Length: 2318
07-05 21:47:44.043 D/OkHttp  ( 8797): Last-Modified: Wed, 28 Jun 2017 11:18:57 GMT
07-05 21:47:44.043 D/OkHttp  ( 8797): ETag: "595390a1-90e"
07-05 21:47:44.043 D/OkHttp  ( 8797): Accept-Ranges: bytes
07-05 21:47:44.043 D/OkHttp  ( 8797): Age: 191543
07-05 21:47:44.043 D/OkHttp  ( 8797): Via: 1.1 pingwangtong52:8 (Cdn Cache Server V2.0)[28 200 0], 1.1 dezhou34:2 (Cdn Cache Server V2.0)[0 200 0]
07-05 21:47:44.043 D/OkHttp  ( 8797): Connection: keep-alive
07-05 21:47:44.043 D/OkHttp  ( 8797): <-- END HTTP
07-05 21:47:44.048 D/HttpHandler( 8797): VerifySignInterCeptor-->request.url()=http://picture.edu.hismarttv.com/images/
07-05 21:47:44.048 D/HttpHandler( 8797): VerifySignInterCeptor-->hostname=picture.edu.hismarttv.com
07-05 21:47:44.061 D/OkHttp  ( 8797): --> GET http://picture.edu.hismarttv.com/images/ http/1.1
07-05 21:47:44.061 D/OkHttp  ( 8797): Host: picture.edu.hismarttv.com
07-05 21:47:44.061 D/OkHttp  ( 8797): Connection: Keep-Alive
07-05 21:47:44.061 D/OkHttp  ( 8797): Accept-Encoding: gzip
07-05 21:47:44.061 D/OkHttp  ( 8797): User-Agent: okhttp/3.6.0
07-05 21:47:44.061 D/OkHttp  ( 8797): --> END GET
07-05 21:47:44.063 D/HttpHandler( 8797): RetryIntercepter-->retryNum=0
07-05 21:47:44.063 D/HttpHandler( 8797): RetryIntercepter-->backoffmutiplier=0
07-05 21:47:44.089 D/HttpHandler( 8797): VerifySignInterCeptor-->request.url()=http://picture.edu.hismarttv.com/images/20170629010146422927.jpg
07-05 21:47:44.089 D/HttpHandler( 8797): VerifySignInterCeptor-->hostname=picture.edu.hismarttv.com
07-05 21:47:44.100 D/TabView ( 8797): SLOVEN top===>:266
07-05 21:47:44.100 D/TabFocusBorderView( 8797): SLOVEN runTranslateAnimation
07-05 21:47:44.100 D/TabFocusBorderView( 8797): SLOVEN runTranslateAnimation
07-05 21:47:44.100 D/TabFocusBorderView( 8797): SLOVEN moveFocusView
07-05 21:47:44.101 I/NetflixMonitorService( 1733): current fgapk : com.hisense.hicloud.edca
07-05 21:47:44.101 I/NetflixMonitorService( 1733): Netflix status unchanged
07-05 21:47:44.102 I/TVMW@HsTvSetting( 1234): Trace cmd, data = 0x1058
07-05 21:47:44.102 D/til@system( 2026): til_get_system_param option:100002F int:0, bool:0, ret:0
07-05 21:47:44.103 I/TVMW@HsTvSetting( 1234): Trace cmd, data = 0x101f
07-05 21:47:44.103 D/til@system( 2026): til_get_system_param option:100001D int:3, bool:3, ret:0
07-05 21:47:44.103 E/til     ( 2026): [til_get_current_input_source, 101] 
07-05 21:47:44.103 I/TVMW@HsTvSetting( 1234): Trace cmd, data = 0x7007
07-05 21:47:44.103 I/tilwrapper@sm( 2026): HS2TIL_SourceType *hs=0xd, *til=0x900
07-05 21:47:44.103 D/til     ( 2026): get current source 2304
07-05 21:47:44.103 D/SourceRemoteServiceHandler( 2026): getCurrentInputSource.from.til.result is 0, value is 2304
07-05 21:47:44.103 D/SourceRemoteServiceHandler( 2026): getInputSourceType source: 0x900, type=2304
07-05 21:47:44.103 D/til     ( 2026): ###### func:til_get_picture_param option:0x3000006 ######  
07-05 21:47:44.104 I/TVMW@HsTvSetting( 1234): Trace cmd, data = 0x1003
07-05 21:47:44.104 I/TVMW@HsTvSetting( 1234): Trace cmd, data = 0x8032
07-05 21:47:44.105 I/MiSysSrv( 1214): Not support now! 42, change to mm_video!!!
07-05 21:47:44.105 I/hstvos  ( 1216): [0m[1;33m[HSHAL][HS_VIDEO][HS_HAL_Video_SetOsdDetect_v2][2389]u16Threshold = 20
07-05 21:47:44.105 E/TVMW@videoctrl( 1234):  getOsd is 1
07-05 21:47:44.105 D/til@system( 2026): til_get_system_param option:1000027 int:1, bool:1, ret:0
07-05 21:47:44.105 D/til     ( 2026): ###### func:til_get_picture_param option:0x3000045 ######  
07-05 21:47:44.105 I/TVMW@HsTvSetting( 1234): Trace cmd, data = 0x300c
07-05 21:47:44.105 I/TVMW@HsTvSetting( 1234): Trace 3d, data = 0x300c
07-05 21:47:44.105 I/TVMW@3d ( 1234): Hs_debug3d_trace: func:get3dStatus, line:109
07-05 21:47:44.109 D/OkHttp  ( 8797): --> GET http://picture.edu.hismarttv.com/images/20170629010146422927.jpg http/1.1
07-05 21:47:44.109 D/OkHttp  ( 8797): Host: picture.edu.hismarttv.com
07-05 21:47:44.109 D/OkHttp  ( 8797): Connection: Keep-Alive
07-05 21:47:44.109 D/OkHttp  ( 8797): Accept-Encoding: gzip
07-05 21:47:44.109 D/OkHttp  ( 8797): User-Agent: okhttp/3.6.0
07-05 21:47:44.109 D/OkHttp  ( 8797): --> END GET
07-05 21:47:44.113 D/TabFocusBorderView( 8797): SLOVEN onAnimationStart
07-05 21:47:44.116 I/CheckUpdateReceiver( 8797): latest version == null
07-05 21:47:44.117 D/SUSLog  ( 8797): CheckAppUpdateService>>onDestroy
07-05 21:47:44.118 D/CommonHeader( 8797): app logo isRotate: true
07-05 21:47:44.121 D/HttpHandler( 8797): VerifySignInterCeptor-->request.url()=http://picture.edu.hismarttv.com/images/20170628103002814396.jpg
07-05 21:47:44.121 D/HttpHandler( 8797): VerifySignInterCeptor-->hostname=picture.edu.hismarttv.com
07-05 21:47:44.121 D/OkHttp  ( 8797): --> GET http://picture.edu.hismarttv.com/images/20170628103002814396.jpg http/1.1
07-05 21:47:44.121 D/OkHttp  ( 8797): Host: picture.edu.hismarttv.com
07-05 21:47:44.121 D/OkHttp  ( 8797): Connection: Keep-Alive
07-05 21:47:44.121 D/OkHttp  ( 8797): Accept-Encoding: gzip
07-05 21:47:44.122 D/OkHttp  ( 8797): User-Agent: okhttp/3.6.0
07-05 21:47:44.122 D/OkHttp  ( 8797): --> END GET
07-05 21:47:44.132 D/OkHttp  ( 8797): <-- 200 OK http://picture.edu.hismarttv.com/images/20170629010146422927.jpg (23ms)
07-05 21:47:44.132 D/OkHttp  ( 8797): Date: Mon, 03 Jul 2017 08:35:16 GMT
07-05 21:47:44.132 D/OkHttp  ( 8797): Server: nginx
07-05 21:47:44.132 D/OkHttp  ( 8797): Content-Type: image/jpeg
07-05 21:47:44.132 D/OkHttp  ( 8797): Content-Length: 145373
07-05 21:47:44.132 D/OkHttp  ( 8797): Last-Modified: Thu, 29 Jun 2017 01:01:46 GMT
07-05 21:47:44.132 D/OkHttp  ( 8797): ETag: "5954517a-237dd"
07-05 21:47:44.132 D/OkHttp  ( 8797): Accept-Ranges: bytes
07-05 21:47:44.132 D/OkHttp  ( 8797): Age: 191548
07-05 21:47:44.132 D/OkHttp  ( 8797): Via: 1.1 shzh54:1 (Cdn Cache Server V2.0)[7 200 0], 1.1 dezhou35:0 (Cdn Cache Server V2.0)[0 200 0]
07-05 21:47:44.142 E/btif_config( 2964): [btif_config_get] node is TRUE!
07-05 21:47:44.142 E/btif_config( 2964): [btif_config_get] ret is TRUE!
07-05 21:47:44.145 I/FirstLineAdapter( 8797): canShowTrailer,isOffline=false
07-05 21:47:44.148 I/TVMW@devctrl( 1234): wdt
07-05 21:47:44.132 D/OkHttp  ( 8797): Connection: keep-alive
07-05 21:47:44.153 D/OkHttp  ( 8797): <-- END HTTP
07-05 21:47:44.158 D/OkHttp  ( 8797): <-- 403 Forbidden http://picture.edu.hismarttv.com/images/ (97ms)
07-05 21:47:44.159 D/OkHttp  ( 8797): Date: Wed, 05 Jul 2017 13:47:43 GMT
07-05 21:47:44.159 D/OkHttp  ( 8797): Server: nginx
07-05 21:47:44.159 D/OkHttp  ( 8797): Content-Type: text/html; charset=UTF-8
07-05 21:47:44.159 D/OkHttp  ( 8797): Content-Length: 162
07-05 21:47:44.159 D/OkHttp  ( 8797): Via: 1.1 shuozhou56:0 (Cdn Cache Server V2.0)[37 403 2], 1.1 echwt51:2 (Cdn Cache Server V2.0)[76 403 2]
07-05 21:47:44.159 D/OkHttp  ( 8797): Connection: close
07-05 21:47:44.159 D/OkHttp  ( 8797): <-- END HTTP
07-05 21:47:44.159 D/HttpHandler( 8797): RetryIntercepter-->retryNum=0
07-05 21:47:44.159 D/HttpHandler( 8797): RetryIntercepter-->backoffmutiplier=0
07-05 21:47:44.160 D/HttpHandler( 8797): VerifySignInterCeptor-->request.url()=http://picture.edu.hismarttv.com/images/20170628102959016598.jpg
07-05 21:47:44.160 D/HttpHandler( 8797): VerifySignInterCeptor-->hostname=picture.edu.hismarttv.com
07-05 21:47:44.170 D/MyLocalStartService(16899): currentName is :com.hisense.hicloud.edca
07-05 21:47:44.181 D/HttpHandler( 8797): RetryIntercepter-->retryNum=0
07-05 21:47:44.181 D/HttpHandler( 8797): RetryIntercepter-->backoffmutiplier=0
07-05 21:47:44.225 I/MyFragmentStateAdapter( 8797): getCount
07-05 21:47:44.243 I/RoleContentFragment( 8797): setBackGroundUrl=http://picture.edu.hismarttv.com/images/20170628104504467308.jpg,view=android.support.v4.widget.SlidingPaneLayout{76eadf0 V.ED.... ......ID 0,0-1920,1080 #7f0d00af app:id/slide_layout}
07-05 21:47:44.244 D/HiNetworkImpl( 8797): doHttp_Asyn(): onReqResponse isSuccessful = true, back from thread: main
07-05 21:47:44.245 D/Carousel-MyListView( 8797): onItemSelected position:1
07-05 21:47:44.245 D/Carousel-CarouselListView( 8797): onItemSelected position:1,type:3
07-05 21:47:44.248 E/WebcastSDK-WebcastManager( 8797): finally setAppServiceDomainList.
07-05 21:47:44.260 I/FirstLineAdapter( 8797): canShowTrailer,isOffline=false
07-05 21:47:44.269 D/TabView ( 8797): 
07-05 21:47:44.275 D/TabView ( 8797): 
07-05 21:47:44.276 D/TabView ( 8797): 
07-05 21:47:44.278 D/TabView ( 8797): 
07-05 21:47:44.284 D/TabView ( 8797): 
07-05 21:47:44.289 D/TabView ( 8797): 
07-05 21:47:44.292 D/TabView ( 8797): 
07-05 21:47:44.294 D/TabView ( 8797): 
07-05 21:47:44.304 D/TabView ( 8797): 
07-05 21:47:44.312 D/TabView ( 8797): 
07-05 21:47:44.316 D/TabView ( 8797): 
07-05 21:47:44.318 D/TabView ( 8797): 
07-05 21:47:44.326 D/TabView ( 8797): 
07-05 21:47:44.329 E/btif_config( 2964): [btif_config_get] node is TRUE!
07-05 21:47:44.329 E/btif_config( 2964): [btif_config_get] ret is TRUE!
07-05 21:47:44.336 D/TabView ( 8797): 
07-05 21:47:44.345 D/TabView ( 8797): 
07-05 21:47:44.348 D/TabView ( 8797): 
07-05 21:47:44.350 I/MyFragmentStateAdapter( 8797): getCount
07-05 21:47:44.350 I/MyFragmentStateAdapter( 8797): getCount
07-05 21:47:44.351 D/TabView ( 8797): 
07-05 21:47:44.363 D/TabView ( 8797): 
07-05 21:47:44.366 D/TabView ( 8797): 
07-05 21:47:44.367 D/OkHttp  ( 8797): --> GET http://picture.edu.hismarttv.com/images/20170628102959016598.jpg http/1.1
07-05 21:47:44.367 D/OkHttp  ( 8797): Host: picture.edu.hismarttv.com
07-05 21:47:44.367 D/OkHttp  ( 8797): Connection: Keep-Alive
07-05 21:47:44.367 D/OkHttp  ( 8797): Accept-Encoding: gzip
07-05 21:47:44.367 D/OkHttp  ( 8797): User-Agent: okhttp/3.6.0
07-05 21:47:44.367 D/OkHttp  ( 8797): --> END GET
07-05 21:47:44.376 D/TabView ( 8797): 
07-05 21:47:44.384 D/TabView ( 8797): 
07-05 21:47:44.387 D/TabView ( 8797): 
07-05 21:47:44.396 D/TabView ( 8797): 
07-05 21:47:44.463 W/art     ( 8797): Suspending all threads took: 54.016ms
07-05 21:47:44.467 D/TabView ( 8797): 
07-05 21:47:44.469 D/TabView ( 8797): 
07-05 21:47:44.472 D/TabView ( 8797): 
07-05 21:47:44.475 D/TabView ( 8797): 
07-05 21:47:44.480 D/TabView ( 8797): 
07-05 21:47:44.485 D/TabView ( 8797): 
07-05 21:47:44.488 D/OkHttp  ( 8797): <-- 200 OK http://picture.edu.hismarttv.com/images/20170628102959016598.jpg (120ms)
07-05 21:47:44.488 D/TabView ( 8797): 
07-05 21:47:44.489 D/OkHttp  ( 8797): Date: Mon, 03 Jul 2017 08:35:16 GMT
07-05 21:47:44.489 D/OkHttp  ( 8797): Server: nginx
07-05 21:47:44.493 D/TabView ( 8797): 
07-05 21:47:44.497 D/TabView ( 8797): 
07-05 21:47:44.498 D/OkHttp  ( 8797): Content-Type: image/jpeg
07-05 21:47:44.498 D/OkHttp  ( 8797): Content-Length: 40292
07-05 21:47:44.498 D/OkHttp  ( 8797): Last-Modified: Wed, 28 Jun 2017 10:29:59 GMT
07-05 21:47:44.498 D/OkHttp  ( 8797): ETag: "59538527-9d64"
07-05 21:47:44.498 D/OkHttp  ( 8797): Accept-Ranges: bytes
07-05 21:47:44.498 D/OkHttp  ( 8797): Age: 191548
07-05 21:47:44.502 I/MyFragmentStateAdapter( 8797): getCount
07-05 21:47:44.502 I/MyFragmentStateAdapter( 8797): getCount
07-05 21:47:44.498 D/OkHttp  ( 8797): Via: 1.1 chzhwt171:6 (Cdn Cache Server V2.0)[7 200 0], 1.1 dezhou35:0 (Cdn Cache Server V2.0)[0 200 0]
07-05 21:47:44.504 D/OkHttp  ( 8797): Connection: keep-alive
07-05 21:47:44.504 D/OkHttp  ( 8797): <-- END HTTP
07-05 21:47:44.510 E/btif_config( 2964): [btif_config_get] node is TRUE!
07-05 21:47:44.510 E/btif_config( 2964): [btif_config_get] ret is TRUE!
07-05 21:47:44.552 I/art     ( 8797): Background sticky concurrent mark sweep GC freed 32610(2MB) AllocSpace objects, 8(199KB) LOS objects, 7% free, 26MB/28MB, paused 57.609ms total 350.462ms
07-05 21:47:44.560 I/TabView ( 8797): onScroll:,firstItem=0,visibleCount=6,totalCount=10
07-05 21:47:44.565 D/HttpHandler( 8797): RetryIntercepter-->retryNum=0
07-05 21:47:44.565 D/HttpHandler( 8797): RetryIntercepter-->backoffmutiplier=0
07-05 21:47:44.576 I/FirstLineAdapter( 8797): canShowTrailer,isOffline=false
07-05 21:47:44.576 I/FirstLineAdapter( 8797): canShowTrailer,isOffline=false
07-05 21:47:44.576 I/FirstLineAdapter( 8797): canShowTrailer,isOffline=false
07-05 21:47:44.576 I/FirstLineAdapter( 8797): canShowTrailer,isOffline=false
07-05 21:47:44.576 I/FirstLineAdapter( 8797): canShowTrailer,isOffline=false
07-05 21:47:44.576 I/FirstLineAdapter( 8797): canShowTrailer,isOffline=false
07-05 21:47:44.576 I/FirstLineAdapter( 8797): canShowTrailer,isOffline=false
07-05 21:47:44.606 I/TVMW@HsTvSetting( 1234): Trace cmd, data = 0x1058
07-05 21:47:44.607 D/til@system( 2026): til_get_system_param option:100002F int:0, bool:0, ret:0
07-05 21:47:44.607 I/TVMW@HsTvSetting( 1234): Trace cmd, data = 0x101f
07-05 21:47:44.607 D/til@system( 2026): til_get_system_param option:100001D int:3, bool:3, ret:0
07-05 21:47:44.607 E/til     ( 2026): [til_get_current_input_source, 101] 
07-05 21:47:44.607 I/TVMW@HsTvSetting( 1234): Trace cmd, data = 0x7007
07-05 21:47:44.608 I/tilwrapper@sm( 2026): HS2TIL_SourceType *hs=0xd, *til=0x900
07-05 21:47:44.608 D/til     ( 2026): get current source 2304
07-05 21:47:44.608 D/SourceRemoteServiceHandler( 2026): getCurrentInputSource.from.til.result is 0, value is 2304
07-05 21:47:44.608 D/SourceRemoteServiceHandler( 2026): getInputSourceType source: 0x900, type=2304
07-05 21:47:44.608 D/til     ( 2026): ###### func:til_get_picture_param option:0x3000006 ######  
07-05 21:47:44.608 I/TVMW@HsTvSetting( 1234): Trace cmd, data = 0x1003
07-05 21:47:44.608 I/TVMW@HsTvSetting( 1234): Trace cmd, data = 0x8032
07-05 21:47:44.609 I/hstvos  ( 1216): [0m[1;33m[HSHAL][HS_VIDEO][HS_HAL_Video_SetOsdDetect_v2][2389]u16Threshold = 20
07-05 21:47:44.609 I/MiSysSrv( 1214): Not support now! 42, change to mm_video!!!
07-05 21:47:44.609 E/TVMW@videoctrl( 1234):  getOsd is 1
07-05 21:47:44.610 D/til@system( 2026): til_get_system_param option:1000027 int:1, bool:1, ret:0
07-05 21:47:44.610 D/til     ( 2026): ###### func:til_get_picture_param option:0x3000045 ######  
07-05 21:47:44.610 I/TVMW@HsTvSetting( 1234): Trace cmd, data = 0x300c
07-05 21:47:44.610 I/TVMW@HsTvSetting( 1234): Trace 3d, data = 0x300c
07-05 21:47:44.610 I/TVMW@3d ( 1234): Hs_debug3d_trace: func:get3dStatus, line:109
07-05 21:47:44.611 D/OkHttp  ( 8797): <-- 200 OK http://picture.edu.hismarttv.com/images/20170628115357740238.png (1019ms)
07-05 21:47:44.611 D/OkHttp  ( 8797): Date: Wed, 05 Jul 2017 12:47:26 GMT
07-05 21:47:44.611 D/OkHttp  ( 8797): Server: nginx
07-05 21:47:44.611 D/OkHttp  ( 8797): Content-Type: image/png
07-05 21:47:44.611 D/OkHttp  ( 8797): Content-Length: 2204
07-05 21:47:44.611 D/OkHttp  ( 8797): Last-Modified: Wed, 28 Jun 2017 11:53:57 GMT
07-05 21:47:44.611 D/OkHttp  ( 8797): ETag: "595398d5-89c"
07-05 21:47:44.611 D/OkHttp  ( 8797): Accept-Ranges: bytes
07-05 21:47:44.611 D/OkHttp  ( 8797): Age: 3618
07-05 21:47:44.611 D/OkHttp  ( 8797): Via: 1.1 pingwangtong52:0 (Cdn Cache Server V2.0)[56 200 2], 1.1 changwtong52:4 (Cdn Cache Server V2.0)[992 200 0]
07-05 21:47:44.611 D/OkHttp  ( 8797): Connection: keep-alive
07-05 21:47:44.611 D/OkHttp  ( 8797): <-- END HTTP
07-05 21:47:44.621 D/HttpHandler( 8797): RetryIntercepter-->retryNum=0
07-05 21:47:44.621 D/HttpHandler( 8797): RetryIntercepter-->backoffmutiplier=0
07-05 21:47:44.623 D/Carousel-CarouselChannelItemView( 8797): Listitem imageUrl:http://picture.edu.hismarttv.com/images/20170628102959016598.jpg
07-05 21:47:44.635 D/Carousel-CarouselChannelItemView( 8797): Listitem imageUrl:http://picture.edu.hismarttv.com/images/20170628103002814396.jpg
07-05 21:47:44.637 D/Carousel-CarouselChannelItemView( 8797): Listitem imageUrl:http://picture.edu.hismarttv.com/images/20170628103009181182.jpg
07-05 21:47:44.638 D/Carousel-CarouselChannelItemView( 8797): Listitem imageUrl:http://picture.edu.hismarttv.com/images/20170628102959016598.jpg
07-05 21:47:44.639 D/Carousel-CarouselChannelItemView( 8797): Listitem imageUrl:http://picture.edu.hismarttv.com/images/20170628103002814396.jpg
07-05 21:47:44.642 D/Carousel-CarouselChannelItemView( 8797): Listitem imageUrl:http://picture.edu.hismarttv.com/images/20170628103009181182.jpg
07-05 21:47:44.649 I/FirstLineAdapter( 8797): canShowTrailer,isOffline=false
07-05 21:47:44.649 I/FirstLineAdapter( 8797): canShowTrailer,isOffline=false
07-05 21:47:44.650 D/Carousel-CarouselView( 8797): ============>onScrollChanged hashCode:1062330551
07-05 21:47:44.659 I/MyFragmentStateAdapter( 8797): getCount
07-05 21:47:44.671 D/gralloc ( 1204): allocate buffer from ION HEAP 0x1
07-05 21:47:44.671 D/gralloc ( 1204): allocate memory from system heap
07-05 21:47:44.691 E/btif_config( 2964): [btif_config_get] node is TRUE!
07-05 21:47:44.691 E/btif_config( 2964): [btif_config_get] ret is TRUE!
07-05 21:47:44.729 D/OsdMonitorService( 1733): mCurrentWindow = com.hisense.hicloud.edca/com.hisense.tvui.newhome.HomeMainActivity; newWindow = com.hisense.hicloud.edca/com.hisense.tvui.newhome.HomeMainActivity; isSubWindow = false; isInWinList = false; isExitNow = false
07-05 21:47:44.729 D/OsdMonitorService( 1733): windowNotOsd() : name = com.hisense.hicloud.edca/com.hisense.tvui.newhome.HomeMainActivity
07-05 21:47:44.729 I/OsdMonitorService( 1733): setOsdStatus() : status will change from true to true
07-05 21:47:44.730 D/PowerManagerService( 1733): setScreenBrightnessOverrideFromWindowManagerInternal done
07-05 21:47:44.734 D/Surface ( 8797): onStatusChange() : mNativeObject = 0 mUseImageHwRender = false
07-05 21:47:44.734 D/HomeMainActivity( 8797): local vipDialogStr id list is : 
07-05 21:47:44.735 I/HomeMainActivity( 8797): mBeginHttpTime : 11306306
07-05 21:47:44.735 V/HttpDnsUtils( 8797): getUserType(): --url = http://api.edu.hismarttv.com/payment/api/query/user_type/dialog_info
07-05 21:47:44.735 I/HttpBuilder( 8797): addUrlPublicParams mUrl ==>http://api.edu.hismarttv.com/payment/api/query/user_type/dialog_info?orderType=0
07-05 21:47:44.737 D/til@system( 2026): til_get_system_param option:1000007 int:-1815634176, bool:0, ret:0
07-05 21:47:44.743 D/til@system( 2026): til_get_system_param option:1000009 int:-1936523008, bool:0, ret:0
07-05 21:47:44.744 D/til@system( 2026): til_get_system_param option:1000008 int:-1936525184, bool:128, ret:0
07-05 21:47:44.746 D/HttpBuilder( 8797): getOperationDetail-productName : LED50MU8600UC
07-05 21:47:44.746 D/HttpBuilder( 8797): getOperationDetail-plmNumber : 88888
07-05 21:47:44.746 D/HttpBuilder( 8797): getOperationDetail-swVersion : V0000.00.01A
07-05 21:47:44.746 D/HttpBuilder( 8797): getOperationDetail-operationDetail : LED50MU8600UC0000888
07-05 21:47:44.760 D/HttpHandler( 8797): VerifySignInterCeptor-->request.url()=http://picture.edu.hismarttv.com/images/20170628103009181182.jpg
07-05 21:47:44.760 D/HttpHandler( 8797): VerifySignInterCeptor-->hostname=picture.edu.hismarttv.com
07-05 21:47:44.767 D/OkHttp  ( 8797): --> GET http://picture.edu.hismarttv.com/images/20170628103009181182.jpg http/1.1
07-05 21:47:44.767 D/OkHttp  ( 8797): Host: picture.edu.hismarttv.com
07-05 21:47:44.767 D/OkHttp  ( 8797): Connection: Keep-Alive
07-05 21:47:44.767 D/OkHttp  ( 8797): Accept-Encoding: gzip
07-05 21:47:44.767 D/OkHttp  ( 8797): User-Agent: okhttp/3.6.0
07-05 21:47:44.767 D/OkHttp  ( 8797): --> END GET
07-05 21:47:44.779 D/OkHttp  ( 8797): <-- 200 OK http://picture.edu.hismarttv.com/images/20170628103009181182.jpg (12ms)
07-05 21:47:44.779 D/OkHttp  ( 8797): Date: Mon, 03 Jul 2017 11:33:22 GMT
07-05 21:47:44.779 D/OkHttp  ( 8797): Server: nginx
07-05 21:47:44.779 D/OkHttp  ( 8797): Content-Type: image/jpeg
07-05 21:47:44.779 D/OkHttp  ( 8797): Content-Length: 41416
07-05 21:47:44.779 D/OkHttp  ( 8797): Last-Modified: Wed, 28 Jun 2017 10:30:09 GMT
07-05 21:47:44.779 D/OkHttp  ( 8797): ETag: "59538531-a1c8"
07-05 21:47:44.779 D/OkHttp  ( 8797): Accept-Ranges: bytes
07-05 21:47:44.779 D/OkHttp  ( 8797): Age: 180862
07-05 21:47:44.779 D/OkHttp  ( 8797): Via: 1.1 pingwangtong49:1 (Cdn Cache Server V2.0)[0 200 0], 1.1 dzhwt36:9 (Cdn Cache Server V2.0)[0 200 0]
07-05 21:47:44.779 D/OkHttp  ( 8797): Connection: keep-alive
07-05 21:47:44.779 D/OkHttp  ( 8797): <-- END HTTP
07-05 21:47:44.793 I/HttpBuilder( 8797): addUrlPublicParams mUrl ==>http://api.edu.hismarttv.com/payment/api/query/user_type/dialog_info?orderType=0&uuid=13287129&mac=a8:a6:48:18:fc:a8&devid=86100300900000500000060a4818fca8&version=00.002.003&subscriberId=13287129&customerId=7195320&model_id=0&APPPackage=com.hisense.hicloud.edca&PFAPPCode=652&APPVersionName=3.0.0.9.00&ChannelId=0&softwareVersion=LED50MU8600UC0000888&tv_distribute_id=00&devType=0&APIVersion=600&accessToken=72DF6038D2AEAB8A76DFBBBBCC428A4A_002202626749392
07-05 21:47:44.795 I/HiNetworkImpl( 8797): doHttp_Asyn(): onSuccess clazz = class com.hisense.tvui.newhome.bean.SelectionBean, back from thread: main
07-05 21:47:44.795 I/HomeDataPresenter( 8797): getRecommandData() onSuccess: RoleContentFragment135910366
07-05 21:47:44.795 I/RoleContentFragment( 8797): recommandlist={10003=0, 10002=8}
07-05 21:47:44.795 I/RoleContentFragment( 8797): lineIndex=0,id=10002,pos=8
07-05 21:47:44.795 I/RoleContentFragment( 8797): ,addItemSize=25
07-05 21:47:44.795 I/RoleContentFragment( 8797): origin pos=8
07-05 21:47:44.795 I/RoleContentFragment( 8797): offset pos=2
07-05 21:47:44.796 I/RoleContentFragment( 8797): array size=11
07-05 21:47:44.796 I/RoleContentFragment( 8797): lineIndex=1,id=10003,pos=0
07-05 21:47:44.796 I/RoleContentFragment( 8797): ,addItemSize=24
07-05 21:47:44.796 I/RoleContentFragment( 8797): origin pos=0
07-05 21:47:44.796 I/RoleContentFragment( 8797): offset pos=2
07-05 21:47:44.796 I/RoleContentFragment( 8797): array size=11
07-05 21:47:44.798 D/HttpHandler( 8797): RetryIntercepter-->retryNum=0
07-05 21:47:44.798 D/HttpHandler( 8797): RetryIntercepter-->backoffmutiplier=0
07-05 21:47:44.801 D/HttpHandler( 8797): VerifySignInterCeptor-->request.url()=http://api.edu.hismarttv.com/payment/api/query/user_type/dialog_info?orderType=0&uuid=13287129&mac=a8:a6:48:18:fc:a8&devid=86100300900000500000060a4818fca8&version=00.002.003&subscriberId=13287129&customerId=7195320&model_id=0&APPPackage=com.hisense.hicloud.edca&PFAPPCode=652&APPVersionName=3.0.0.9.00&ChannelId=0&softwareVersion=LED50MU8600UC0000888&tv_distribute_id=00&devType=0&APIVersion=600&accessToken=72DF6038D2AEAB8A76DFBBBBCC428A4A_002202626749392
07-05 21:47:44.801 D/HttpHandler( 8797): VerifySignInterCeptor-->hostname=api.edu.hismarttv.com
07-05 21:47:44.830 D/HttpHandler( 8797): HttpDNS-->hostname=api.edu.hismarttv.com
07-05 21:47:44.835 D/HttpHandler( 8797): RAMCache-->hostInfo.getClientTimeStamp()=11301114
07-05 21:47:44.835 D/HttpHandler( 8797): RAMCache-->hostInfo.getTtl()=3600
07-05 21:47:44.835 D/HttpHandler( 8797): RAMCache-->SystemClock.elapsedRealtime()=11306407
07-05 21:47:44.837 D/Carousel-MyListView( 8797): setSelectionAndPadding position:1
07-05 21:47:44.838 I/Choreographer( 8797): Skipped 33 frames!  The application may be doing too much work on its main thread.
07-05 21:47:44.839 D/TabFocusBorderView( 8797): SLOVEN onAnimationEnd
07-05 21:47:44.839 D/TabView ( 8797): SLOVEN border top===>:296---407
07-05 21:47:44.839 I/MyFragmentStateAdapter( 8797): getCount
07-05 21:47:44.840 D/HttpHandler( 8797): DNSHelper-->gslbDns=["123.103.91.123"]
07-05 21:47:44.840 I/MyFragmentStateAdapter( 8797): getCount
07-05 21:47:44.840 I/MyFragmentStateAdapter( 8797): getCount
07-05 21:47:44.840 I/MyFragmentStateAdapter( 8797): getCount
07-05 21:47:44.842 I/FirstLineAdapter( 8797): canShowTrailer,isOffline=false
07-05 21:47:44.842 I/FirstLineAdapter( 8797): canShowTrailer,isOffline=false
07-05 21:47:44.842 I/FirstLineAdapter( 8797): canShowTrailer,isOffline=false
07-05 21:47:44.842 I/FirstLineAdapter( 8797): canShowTrailer,isOffline=false
07-05 21:47:44.842 I/FirstLineAdapter( 8797): canShowTrailer,isOffline=false
07-05 21:47:44.842 I/FirstLineAdapter( 8797): canShowTrailer,isOffline=false
07-05 21:47:44.842 I/FirstLineAdapter( 8797): canShowTrailer,isOffline=false
07-05 21:47:44.842 D/Carousel-CarouselChannelItemView( 8797): Listitem imageUrl:http://picture.edu.hismarttv.com/images/20170628102959016598.jpg
07-05 21:47:44.852 D/Carousel-CarouselChannelItemView( 8797): Listitem imageUrl:http://picture.edu.hismarttv.com/images/20170628103002814396.jpg
07-05 21:47:44.853 D/Carousel-CarouselChannelItemView( 8797): Listitem imageUrl:http://picture.edu.hismarttv.com/images/20170628103009181182.jpg
07-05 21:47:44.859 D/Carousel-CarouselChannelItemView( 8797): Listitem imageUrl:http://picture.edu.hismarttv.com/images/20170628102959016598.jpg
07-05 21:47:44.861 D/Carousel-CarouselChannelItemView( 8797): Listitem imageUrl:http://picture.edu.hismarttv.com/images/20170628103002814396.jpg
07-05 21:47:44.872 D/Carousel-CarouselChannelItemView( 8797): Listitem imageUrl:http://picture.edu.hismarttv.com/images/20170628103009181182.jpg
07-05 21:47:44.874 I/FirstLineAdapter( 8797): canShowTrailer,isOffline=false
07-05 21:47:44.874 I/FirstLineAdapter( 8797): canShowTrailer,isOffline=false
07-05 21:47:44.875 I/head    ( 8797): item=com.hisense.leanback.widget.ListRow@1a804ddf
07-05 21:47:44.875 I/CardSelectionPresenter( 8797): onViewDetachedFromWindow mTitleTx = 
07-05 21:47:44.885 I/CardSelectionPresenter( 8797): onViewDetachedFromWindow mTitleTx = 
07-05 21:47:44.885 I/CardSelectionPresenter( 8797): onViewDetachedFromWindow mTitleTx = 
07-05 21:47:44.885 I/CardSelectionPresenter( 8797): onUnbindViewHolder mTitleTx = 
07-05 21:47:44.886 D/OkHttp  ( 8797): --> GET http://api.edu.hismarttv.com/payment/api/query/user_type/dialog_info?orderType=0&uuid=13287129&mac=a8:a6:48:18:fc:a8&devid=86100300900000500000060a4818fca8&version=00.002.003&subscriberId=13287129&customerId=7195320&model_id=0&APPPackage=com.hisense.hicloud.edca&PFAPPCode=652&APPVersionName=3.0.0.9.00&ChannelId=0&softwareVersion=LED50MU8600UC0000888&tv_distribute_id=00&devType=0&APIVersion=600&accessToken=72DF6038D2AEAB8A76DFBBBBCC428A4A_002202626749392 http/1.1
07-05 21:47:44.886 D/OkHttp  ( 8797): Data_Type: JSON
07-05 21:47:44.886 D/OkHttp  ( 8797): RetryTime: 0
07-05 21:47:44.886 D/OkHttp  ( 8797): Backoffmutiplier: 0
07-05 21:47:44.886 D/OkHttp  ( 8797): Host: api.edu.hismarttv.com
07-05 21:47:44.886 D/OkHttp  ( 8797): Connection: Keep-Alive
07-05 21:47:44.886 D/OkHttp  ( 8797): Accept-Encoding: gzip
07-05 21:47:44.886 D/OkHttp  ( 8797): User-Agent: okhttp/3.6.0
07-05 21:47:44.886 D/OkHttp  ( 8797): --> END GET
07-05 21:47:44.888 I/CardSelectionPresenter( 8797): onViewDetachedFromWindow mTitleTx = 
07-05 21:47:44.888 I/CardSelectionPresenter( 8797): onUnbindViewHolder mTitleTx = 
07-05 21:47:44.888 I/CardSelectionPresenter( 8797): onUnbindViewHolder mTitleTx = 
07-05 21:47:44.888 I/CardSelectionPresenter( 8797): onUnbindViewHolder mTitleTx = 
07-05 21:47:44.888 I/ContentBridgeAdapterListener( 8797): onBind 
07-05 21:47:44.890 I/CardSelectionPresenter( 8797): onCreateViewHoldercom.hisense.leanback.widget.HorizontalGridView{1497dd03 VFE..... ......ID 0,0-1738,279 #7f0d038e app:id/row_content}
07-05 21:47:44.895 I/CardSelectionPresenter( 8797): onBindViewHolder
07-05 21:47:44.895 D/sloven  ( 8797): 1002---true
07-05 21:47:44.895 I/CardSelectionPresenter( 8797): width=400,height=220
07-05 21:47:44.909 I/CardSelectionPresenter( 8797): onUnbindViewHolder mTitleTx = 
07-05 21:47:44.909 I/CardSelectionPresenter( 8797): onBindViewHolder
07-05 21:47:44.909 D/sloven  ( 8797): 1002---true
07-05 21:47:44.910 I/CardSelectionPresenter( 8797): width=400,height=220
07-05 21:47:44.910 D/hailongqiu( 8797): hailongqiu position:0
07-05 21:47:44.913 I/CardSelectionPresenter( 8797): onCreateViewHoldercom.hisense.leanback.widget.HorizontalGridView{1497dd03 VFE..... ......ID 0,0-1738,279 #7f0d038e app:id/row_content}
07-05 21:47:44.917 I/CardSelectionPresenter( 8797): onBindViewHolder
07-05 21:47:44.917 D/sloven  ( 8797): 1002---true
07-05 21:47:44.917 I/CardSelectionPresenter( 8797): width=400,height=220
07-05 21:47:44.921 I/CardSelectionPresenter( 8797): onCreateViewHoldercom.hisense.leanback.widget.HorizontalGridView{1497dd03 VFE..... ......ID 0,0-1738,279 #7f0d038e app:id/row_content}
07-05 21:47:44.927 I/CardSelectionPresenter( 8797): onBindViewHolder
07-05 21:47:44.927 D/sloven  ( 8797): 1002---true
07-05 21:47:44.927 I/CardSelectionPresenter( 8797): width=400,height=220
07-05 21:47:44.931 I/CardSelectionPresenter( 8797): onCreateViewHoldercom.hisense.leanback.widget.HorizontalGridView{1497dd03 VFE..... ......ID 0,0-1738,279 #7f0d038e app:id/row_content}
07-05 21:47:44.936 I/CardSelectionPresenter( 8797): onBindViewHolder
07-05 21:47:44.936 D/sloven  ( 8797): 1002---true
07-05 21:47:44.936 I/CardSelectionPresenter( 8797): width=400,height=220
07-05 21:47:44.939 I/CardSelectionPresenter( 8797): onCreateViewHoldercom.hisense.leanback.widget.HorizontalGridView{1497dd03 VFE..... ......ID 0,0-1738,279 #7f0d038e app:id/row_content}
07-05 21:47:44.944 I/CardSelectionPresenter( 8797): onBindViewHolder
07-05 21:47:44.944 D/sloven  ( 8797): 1002---true
07-05 21:47:44.944 I/CardSelectionPresenter( 8797): width=0,height=220
