07-05 21:05:01.358 D/MSTAR_VDEC_API( 1206): pInitParam->SysConfig.u32CodeBufAddr = 80000000
07-05 21:05:01.358 D/MSTAR_VDEC_API( 1206): pInitParam->SysConfig.u32CodeBufSize = 2097152
07-05 21:05:01.358 D/MSTAR_VDEC_API( 1206): pInitParam->SysConfig.u32FrameBufAddr = 82c00000
07-05 21:05:01.358 D/MSTAR_VDEC_API( 1206): pInitParam->SysConfig.u32FrameBufSize = 167772160
07-05 21:05:01.358 D/MSTAR_VDEC_API( 1206): pInitParam->SysConfig.u32BitstreamBufAddr = 80200000
07-05 21:05:01.358 D/MSTAR_VDEC_API( 1206): pInitParam->SysConfig.u32BitstreamBufSize = 25165824
07-05 21:05:01.358 D/MSTAR_VDEC_API( 1206): pInitParam->SysConfig.u32DrvProcBufAddr = 80200000
07-05 21:05:01.358 D/MSTAR_VDEC_API( 1206): pInitParam->SysConfig.u32DrvProcBufSize = 524288
07-05 21:05:01.358 D/MSTAR_VDEC_API( 1206): FrameRate from demuxer: 0 0, 0 0
07-05 21:05:01.358 D/MSTAR_VDEC_API( 1206): pInitParam->VideoInfo.eTimeStampType = 0x3
07-05 21:05:01.363 D/        ( 1206): [VDEC][0] MApi_CMA_Pool_Init[0]: pool_handle_id=13, miu=1, offset=1c00000, length=c400000 , FrameBuffer=82c00000, unUseSize=1000000
07-05 21:05:01.369 I/MiSysSrv( 1214): [37m[INFO] Change to Voltage: 102 mv (0x23)[m
07-05 21:05:01.372 I/MyFragmentStateAdapter(17574): getCount
07-05 21:05:01.390 D/        ( 1206): [VDEC][0] MApi_CMA_Pool_Init[1] Failed
07-05 21:05:01.390 D/        ( 1206): [VDEC][0][CMA]u32FrameBufSize is not 0
07-05 21:05:01.396 I/VideoCapabilities(17574): Unsupported profile 4 for video/mp4v-es
07-05 21:05:01.396 I/VideoCapabilities(17574): Unsupported profile 4 for video/mp4v-es
07-05 21:05:01.396 I/VideoCapabilities(17574): Unsupported profile 4 for video/mp4v-es
07-05 21:05:01.396 I/VideoCapabilities(17574): Unsupported profile 4 for video/mp4v-es
07-05 21:05:01.396 I/VideoCapabilities(17574): Unsupported profile 4 for video/mp4v-es
07-05 21:05:01.396 I/VideoCapabilities(17574): Unsupported profile 4 for video/mp4v-es
07-05 21:05:01.396 I/VideoCapabilities(17574): Unsupported profile 4 for video/mp4v-es
07-05 21:05:01.396 I/VideoCapabilities(17574): Unsupported profile 4 for video/mp4v-es
07-05 21:05:01.396 I/VideoCapabilities(17574): Unsupported profile 8 for video/mp4v-es
07-05 21:05:01.396 I/VideoCapabilities(17574): Unsupported profile 8 for video/mp4v-es
07-05 21:05:01.396 I/VideoCapabilities(17574): Unsupported profile 8 for video/mp4v-es
07-05 21:05:01.396 I/VideoCapabilities(17574): Unsupported profile 8 for video/mp4v-es
07-05 21:05:01.396 I/VideoCapabilities(17574): Unsupported profile 8 for video/mp4v-es
07-05 21:05:01.396 I/VideoCapabilities(17574): Unsupported profile 8 for video/mp4v-es
07-05 21:05:01.396 I/VideoCapabilities(17574): Unsupported profile 8 for video/mp4v-es
07-05 21:05:01.396 I/VideoCapabilities(17574): Unsupported profile 8 for video/mp4v-es
07-05 21:05:01.396 I/VideoCapabilities(17574): Unsupported profile 1024 for video/mp4v-es
07-05 21:05:01.396 I/VideoCapabilities(17574): Unsupported profile 1024 for video/mp4v-es
07-05 21:05:01.396 I/VideoCapabilities(17574): Unsupported profile 1024 for video/mp4v-es
07-05 21:05:01.396 I/VideoCapabilities(17574): Unsupported profile 1024 for video/mp4v-es
07-05 21:05:01.396 I/VideoCapabilities(17574): Unsupported profile 1024 for video/mp4v-es
07-05 21:05:01.396 I/VideoCapabilities(17574): Unsupported profile 1024 for video/mp4v-es
07-05 21:05:01.396 I/VideoCapabilities(17574): Unsupported profile 1024 for video/mp4v-es
07-05 21:05:01.396 I/VideoCapabilities(17574): Unsupported profile 1024 for video/mp4v-es
07-05 21:05:01.396 W/VideoCapabilities(17574): Unrecognized profile/level 32768/2 for video/mp4v-es
07-05 21:05:01.402 I/TVMW@HsTvSetting( 1234): Trace cmd, data = 0x1058
07-05 21:05:01.402 D/til@system( 2026): til_get_system_param option:100002F int:0, bool:0, ret:0
07-05 21:05:01.403 I/TVMW@HsTvSetting( 1234): Trace cmd, data = 0x101f
07-05 21:05:01.403 D/til@system( 2026): til_get_system_param option:100001D int:3, bool:3, ret:0
07-05 21:05:01.403 E/til     ( 2026): [til_get_current_input_source, 101] 
07-05 21:05:01.403 I/TVMW@HsTvSetting( 1234): Trace cmd, data = 0x7007
07-05 21:05:01.403 I/tilwrapper@sm( 2026): HS2TIL_SourceType *hs=0xd, *til=0x900
07-05 21:05:01.403 D/til     ( 2026): get current source 2304
07-05 21:05:01.403 D/SourceRemoteServiceHandler( 2026): getCurrentInputSource.from.til.result is 0, value is 2304
07-05 21:05:01.403 D/SourceRemoteServiceHandler( 2026): getInputSourceType source: 0x900, type=2304
07-05 21:05:01.403 D/til     ( 2026): ###### func:til_get_picture_param option:0x3000006 ######  
07-05 21:05:01.404 I/TVMW@HsTvSetting( 1234): Trace cmd, data = 0x1003
07-05 21:05:01.404 I/TVMW@HsTvSetting( 1234): Trace cmd, data = 0x8032
07-05 21:05:01.404 I/hstvos  ( 1216): [0m[1;33m[HSHAL][HS_VIDEO][HS_HAL_Video_SetOsdDetect_v2][2389]u16Threshold = 20
07-05 21:05:01.405 I/MiSysSrv( 1214): Not support now! 42, change to mm_video!!!
07-05 21:05:01.405 E/TVMW@videoctrl( 1234):  getOsd is 1
07-05 21:05:01.405 D/til@system( 2026): til_get_system_param option:1000027 int:1, bool:1, ret:0
07-05 21:05:01.405 D/til     ( 2026): ###### func:til_get_picture_param option:0x3000045 ######  
07-05 21:05:01.405 I/TVMW@HsTvSetting( 1234): Trace cmd, data = 0x300c
07-05 21:05:01.405 I/TVMW@HsTvSetting( 1234): Trace 3d, data = 0x300c
07-05 21:05:01.405 I/TVMW@3d ( 1234): Hs_debug3d_trace: func:get3dStatus, line:109
07-05 21:05:01.413 I/HLSP2P  (16224): ## 2017-07-05 21:05:01.412 [16224,16378,:0] INFO ## [HLSP2P][TaskManager.cpp:838][INFO][UpdateGlobalInfo]totalDataSize: 0, totalMemorySize: 0, totalCacheSize: 0, PlayTaskAllFinish: 0
07-05 21:05:01.420 D/MediaHTTPConnection(17574): [Connection@315536492] response.heeader.null = HTTP/1.1 206 Partial Content
07-05 21:05:01.420 D/MediaHTTPConnection(17574): [Connection@315536492] response.heeader.Accept-Ranges = bytes
07-05 21:05:01.420 D/MediaHTTPConnection(17574): [Connection@315536492] response.heeader.Age = 2331637
07-05 21:05:01.420 D/MediaHTTPConnection(17574): [Connection@315536492] response.heeader.Cache-Control = max-age=5184000
07-05 21:05:01.420 D/MediaHTTPConnection(17574): [Connection@315536492] response.heeader.Connection = keep-alive
07-05 21:05:01.420 D/MediaHTTPConnection(17574): [Connection@315536492] response.heeader.Content-Length = 217005689
07-05 21:05:01.420 D/MediaHTTPConnection(17574): [Connection@315536492] response.heeader.Content-MD5 = b0d2FgZ34VxS2J9TYuIjgA==
07-05 21:05:01.420 D/MediaHTTPConnection(17574): [Connection@315536492] response.heeader.Content-Range = bytes 1835008-218840696/218840697
07-05 21:05:01.420 D/MediaHTTPConnection(17574): [Connection@315536492] response.heeader.Content-Type = application/octet-stream
07-05 21:05:01.420 D/MediaHTTPConnection(17574): [Connection@315536492] response.heeader.Date = Thu, 08 Jun 2017 13:24:24 GMT
07-05 21:05:01.421 D/MediaHTTPConnection(17574): [Connection@315536492] response.heeader.ETag = "6F4776160677E15C52D89F5362E22380"
07-05 21:05:01.421 D/MediaHTTPConnection(17574): [Connection@315536492] response.heeader.Last-Modified = Mon, 08 May 2017 17:24:17 GMT
07-05 21:05:01.421 I/HLSP2P  (16224): ## 2017-07-05 21:05:01.419 [16224,16378,:0] INFO ## [HLSP2P][TaskManager.cpp:1348][INFO][TryAdjustMemorySize]system memory total size: 1912M, free size: 590MB, cache add to 100MB, AppState: 14, IsLowMemory: 0
07-05 21:05:01.421 D/MediaHTTPConnection(17574): [Connection@315536492] response.heeader.Server = nginx/1.2.4
07-05 21:05:01.421 D/MediaHTTPConnection(17574): [Connection@315536492] response.heeader.Via = 1.1 chshx150:7 (Cdn Cache Server V2.0)[0 200 0], 1.1 sdbz31:0 (Cdn Cache Server V2.0)[76 200 0], 1.1 PSsdzbwt4ld56:3 (Cdn Cache Server V2.0)[0 200 0]
07-05 21:05:01.421 D/MediaHTTPConnection(17574): [Connection@315536492] response.heeader.X-Android-Received-Millis = 1499259901419
07-05 21:05:01.421 D/MediaHTTPConnection(17574): [Connection@315536492] response.heeader.X-Android-Response-Source = NETWORK 206
07-05 21:05:01.421 D/MediaHTTPConnection(17574): [Connection@315536492] response.heeader.X-Android-Sent-Millis = 1499259901401
07-05 21:05:01.421 D/MediaHTTPConnection(17574): [Connection@315536492] response.heeader.x-oss-hash-crc64ecma = 10858506031335928878
07-05 21:05:01.421 D/MediaHTTPConnection(17574): [Connection@315536492] response.heeader.x-oss-object-type = Normal
07-05 21:05:01.421 D/MediaHTTPConnection(17574): [Connection@315536492] response.heeader.x-oss-request-id = 591D64783FEA2FF75DF4AA6E
07-05 21:05:01.421 D/MediaHTTPConnection(17574): [Connection@315536492] response.heeader.x-oss-server-time = 46
07-05 21:05:01.421 D/MediaHTTPConnection(17574): [Connection@315536492] response.heeader.x-oss-storage-class = Standard
07-05 21:05:01.467 I/NuCachedSource2( 1206): retrying a previously failed read succeeded.
07-05 21:05:01.469 I/MiSysSrv( 1214): [37m[INFO] Change to Voltage: 117 mv (0x32)[m
07-05 21:05:01.490 W/VideoCapabilities(17574): Unsupported mime video/mvc
07-05 21:05:01.510 W/VideoCapabilities(17574): Unsupported mime video/mpeg2
07-05 21:05:01.548 D/Carousel-SimpleVideoView(17574): speedKB=1617
07-05 21:05:01.548 D/Carousel-SimpleVideoView(17574): msg.arg1=1
07-05 21:05:01.585 W/VideoCapabilities(17574): Unsupported mime video/divx3
07-05 21:05:01.589 W/VideoCapabilities(17574): Unsupported mime video/divx4
07-05 21:05:01.593 W/VideoCapabilities(17574): Unsupported mime video/flv
07-05 21:05:01.595 W/VideoCapabilities(17574): Unsupported mime video/VC1
07-05 21:05:01.603 I/MyFragmentStateAdapter(17574): getCount
07-05 21:05:01.610 W/VideoCapabilities(17574): Unsupported mime video/wvc1
07-05 21:05:01.620 W/VideoCapabilities(17574): Unsupported mime video/wmv3
07-05 21:05:01.622 W/VideoCapabilities(17574): Unsupported mime video/mjpeg
07-05 21:05:01.695 W/VideoCapabilities(17574): Unsupported mime video/avs
07-05 21:05:01.711 I/MyFragmentStateAdapter(17574): getCount
07-05 21:05:01.810 I/MyFragmentStateAdapter(17574): getCount
07-05 21:05:01.849 D/        ( 1206): [VDEC][0]MApi_CMA_Pool_GetMem0: alloc_param.pool_handle_id=13, alloc_param.flags=4, alloc_param.offset_in_pool=1000000, alloc_param.length=8200000
07-05 21:05:01.853 W/VideoCapabilities(17574): Unsupported mime video/realvideo
07-05 21:05:01.870 E/        ( 1206): [HVD][ERR]MDrv_HVD_EX_PreSetVdecFeature:
07-05 21:05:01.875 E/        ( 1206): MDrv_HVD_EX_PreSetVdecFeature 0x0
07-05 21:05:01.902 W/AudioCapabilities(17574): Unsupported mime audio/mpeg-L1
07-05 21:05:01.902 D/MSTAR_VDEC_API( 1206): Demuxer Frame Rate = 0 0
07-05 21:05:01.903 I/apiMMAP ( 1206): get_info: E_MMAP_ID_VDEC_FRAMEBUFFER_BALANCE_BW: not fount
07-05 21:05:01.903 W/MS_LOG  ( 1206): mmapInfo == NULL
07-05 21:05:01.904 D/NuPlayer( 1206): rrrr video decoder executing, canreset set true
07-05 21:05:01.904 D/NuPlayer( 1206): rrrr video decoder executing, canreset set true
07-05 21:05:01.911 D/MSTAR_VDEC_API( 1206): u32SHMAddr = 0x800cfa00, u8DataOnMIU = 0x1
07-05 21:05:01.911 D/MSTAR_VDEC_API( 1206): u8AspectRate = 0x1, u32AspectWidth = 1920, u32AspectHeight = 1080
07-05 21:05:01.911 D/MSTAR_VDEC_API( 1206): phyVsyncBridgeExtAddr = 0x800d0000, u8DataOnMIU = 0x1, W/H [1920/1088] CROP = [0 0 0 8]
07-05 21:05:01.911 D/MSTAR_VDEC_API( 1206): [0] Free Backup Config Data
07-05 21:05:01.919 I/TVMW@HsTvSetting( 1234): Trace cmd, data = 0x1058
07-05 21:05:01.920 D/til@system( 2026): til_get_system_param option:100002F int:0, bool:0, ret:0
07-05 21:05:01.922 I/TVMW@HsTvSetting( 1234): Trace cmd, data = 0x101f
07-05 21:05:01.923 D/til@system( 2026): til_get_system_param option:100001D int:3, bool:3, ret:0
07-05 21:05:01.924 E/til     ( 2026): [til_get_current_input_source, 101] 
07-05 21:05:01.924 I/TVMW@HsTvSetting( 1234): Trace cmd, data = 0x7007
07-05 21:05:01.929 W/AudioCapabilities(17574): Unsupported mime audio/mpeg-L2
07-05 21:05:01.931 I/tilwrapper@sm( 2026): HS2TIL_SourceType *hs=0xd, *til=0x900
07-05 21:05:01.931 D/til     ( 2026): get current source 2304
07-05 21:05:01.931 D/SourceRemoteServiceHandler( 2026): getCurrentInputSource.from.til.result is 0, value is 2304
07-05 21:05:01.931 D/SourceRemoteServiceHandler( 2026): getInputSourceType source: 0x900, type=2304
07-05 21:05:01.931 D/til     ( 2026): ###### func:til_get_picture_param option:0x3000006 ######  
07-05 21:05:01.931 I/TVMW@HsTvSetting( 1234): Trace cmd, data = 0x1003
07-05 21:05:01.935 I/TVMW@HsTvSetting( 1234): Trace cmd, data = 0x8032
07-05 21:05:01.936 I/hstvos  ( 1216): [0m[1;33m[HSHAL][HS_VIDEO][HS_HAL_Video_SetOsdDetect_v2][2389]u16Threshold = 20
07-05 21:05:01.936 I/MiSysSrv( 1214): Not support now! 42, change to mm_video!!!
07-05 21:05:01.936 E/TVMW@videoctrl( 1234):  getOsd is 1
07-05 21:05:01.938 I/TVMW@devctrl( 1234): wdt
07-05 21:05:01.942 D/MSTAR_VDEC_DBG( 1206): Stream ID: 0, Rate : 0 (E:0,D:0,S:0,F:5) 
07-05 21:05:01.945 V/NuPlayer( 1206): [kWhatVideoNotify] nuplayerdecoder return kWhatVideoSizeChanged
07-05 21:05:01.945 V/NuPlayer( 1206): Video output format changed to 1920 x 1088 (crop: 1920 x 1080 @ (0, 0))
07-05 21:05:01.945 V/NuPlayer( 1206): updateVideoSize::rotationDegrees=0
07-05 21:05:01.947 V/NuPlayer( 1206): media rendering started
07-05 21:05:01.947 E/BufferQueueProducer( 1204): fromProcess: /system/bin/mediaserver
07-05 21:05:01.948 D/vsyncbridge( 1204): vsync_bridge_render_frame: [0]switch not on !
07-05 21:05:01.948 D/vsyncbridge( 1204): Display Path INIT BEGIN
07-05 21:05:01.948 D/til@system( 2026): til_get_system_param option:1000027 int:1, bool:1, ret:0
07-05 21:05:01.948 D/til     ( 2026): ###### func:til_get_picture_param option:0x3000045 ######  
07-05 21:05:01.949 I/TVMW@HsTvSetting( 1234): Trace cmd, data = 0x300c
07-05 21:05:01.949 I/TVMW@HsTvSetting( 1234): Trace 3d, data = 0x300c
07-05 21:05:01.949 I/TVMW@3d ( 1234): Hs_debug3d_trace: func:get3dStatus, line:109
07-05 21:05:01.956 I/MyFragmentStateAdapter(17574): getCount
07-05 21:05:01.961 D/hwcomposer( 1204): Overlay[0], bInUsed = 1, bIsForceClose = 0
07-05 21:05:01.961 D/vsyncbridge( 1204): [0] handle_thread thread got msg 0x1, mState = 0
07-05 21:05:01.961 D/vsyncbridge( 1204): Overlay 0 state change from 0 to 1
07-05 21:05:01.961 D/vsyncbridge( 1204): Init Overlay 0
07-05 21:05:01.962 V/RMClient( 1204): #80:RMClient
07-05 21:05:01.962 V/RMClient( 1204): #79:~RMClient
07-05 21:05:01.962 V/RMClient( 1204): #79:RMClient::returnAllResourcesAsync
07-05 21:05:01.963 V/RMClientListener( 1204): ~RMClientListener
07-05 21:05:01.964 V/RMClient( 1204): #80:requestResourceAsync
07-05 21:05:01.965 D/vsyncbridge( 1204): Wrapper_connect IN.
07-05 21:05:01.967 V/RMClient( 1204): #80:onMessageReceived creq
07-05 21:05:01.968 V/RMClient( 1204): #80:kWhatCmdResourceRequest
07-05 21:05:01.983 V/RMAllocator( 1198): handleRequest
07-05 21:05:01.984 V/RMAllocator( 1198): handleRequest new ClientInfo, client=2378240192 id=80
07-05 21:05:01.984 V/RMClient( 1204): #80:Done
07-05 21:05:01.984 I/RMAllocator( 1198): ClientInfo this=2382671744, mRMClient=2378240192. id=80
07-05 21:05:01.984 V/RMAllocator( 1198): handleRequest new ClientInfo=2382671744, client=2378240192 id=80
07-05 21:05:01.984 D/TVEmuRMService_main( 1198): type =14 , pip=0 
07-05 21:05:01.984 D/TVEmuRMService_main( 1198): pip disable path 
07-05 21:05:01.984 V/RMAllocator( 1198): allocateResources
07-05 21:05:01.984 V/RMAllocator( 1198): allocateOneResource
07-05 21:05:01.984 V/RMClient( 1204): #80:handleRequestDone
07-05 21:05:01.984 V/RMClient( 1204): #80:onMessageReceived ldon
07-05 21:05:01.984 V/RMClient( 1204): #80:kWhatRequestDone
07-05 21:05:01.984 D/vsyncbridge( 1204): handleRequestDone: mOverlayID = 0, mState = 0x1
07-05 21:05:01.985 V/RMClient( 1204): #80:Done
07-05 21:05:01.991 D/hwcomposer( 1204): lastVideoPlanes is dirty
07-05 21:05:01.991 D/hwcomposer( 1204): lastHWWindowInfo is dirty
07-05 21:05:02.019 V/MediaPlayer-JNI(17574): getVideoWidth: 1920
07-05 21:05:02.020 I/MiSysSrv( 1214): none MI_DBG_LVL_L in PROC_CMD_LINE!
07-05 21:05:02.020 V/MediaPlayer-JNI(17574): getVideoHeight: 1080
07-05 21:05:02.033 W/AudioCapabilities(17574): Unsupported mime audio/adpcm
07-05 21:05:02.047 I/Carousel-UrlVideoView(17574): onMeasure(MeasureSpec: EXACTLY 816, MeasureSpec: EXACTLY 460)
07-05 21:05:02.047 D/Carousel-UrlVideoView(17574): widthSpecMode=1073741824
07-05 21:05:02.047 D/Carousel-UrlVideoView(17574): heightSpecMode=1073741824
07-05 21:05:02.047 D/Carousel-UrlVideoView(17574): widthSpecSize=816
07-05 21:05:02.047 D/Carousel-UrlVideoView(17574): heightSpecSize=460
07-05 21:05:02.047 I/Carousel-UrlVideoView(17574): onMeasure(MeasureSpec: EXACTLY 816, MeasureSpec: EXACTLY 460)
07-05 21:05:02.047 D/Carousel-UrlVideoView(17574): widthSpecMode=1073741824
07-05 21:05:02.047 D/Carousel-UrlVideoView(17574): heightSpecMode=1073741824
07-05 21:05:02.047 D/Carousel-UrlVideoView(17574): widthSpecSize=816
07-05 21:05:02.047 D/Carousel-UrlVideoView(17574): heightSpecSize=460
07-05 21:05:02.055 W/AudioCapabilities(17574): Unsupported mime audio/lpcm
07-05 21:05:02.056 I/MiSysSrv( 1214): none MI_DBG_LVL_H in PROC_CMD_LINE!
07-05 21:05:02.062 V/MediaPlayer-JNI(17574): getCurrentPosition: 100 (msec)
07-05 21:05:02.067 V/MediaPlayer-JNI(17574): isPlaying: 1
07-05 21:05:02.070 I/MyFragmentStateAdapter(17574): getCount
07-05 21:05:02.075 I/MiSysSrv( 1214): [1;32m[MI INFO]:_MI_HWCAPS_UpdateVideoCaps[574]: [HWCAPS]:Info: video caps has been updated!
07-05 21:05:02.076 I/MiSysSrv( 1214): [0m[1;31m[MI ERR ]: _MI_Video_CB_Task[239]: g_VideoEvt = NULL!
07-05 21:05:02.078 W/AudioCapabilities(17574): Unsupported mime audio/cook
07-05 21:05:02.087 W/AudioCapabilities(17574): Unsupported mime audio/x-ms-wma
07-05 21:05:02.090 W/AudioCapabilities(17574): Unsupported mime audio/ac3
07-05 21:05:02.094 D/Carousel-SimpleVideoView(17574): speedKB=2431
07-05 21:05:02.094 D/Carousel-SimpleVideoView(17574): msg.arg1=1
07-05 21:05:02.099 W/AudioCapabilities(17574): Unsupported mime audio/ac3p
07-05 21:05:02.101 W/AudioCapabilities(17574): Unsupported mime audio/eac3
07-05 21:05:02.105 W/AudioCapabilities(17574): Unsupported mime audio/dts
07-05 21:05:02.106 E/MiDispoutService( 1465): MiDispoutGetHandle, 779, IMPL Handle = 1146028032 
07-05 21:05:02.106 I/MiSysSrv( 1214): [0m~~~~> _MI_ATOM_DISPOUT_GetDeviceObject(): [IN]u32DeviceType={0},[IN]u32DeviceId={0}
07-05 21:05:02.106 I/MiSysSrv( 1214): ~~~~> _MI_ATOM_DISPOUT_GetDeviceObject(): [IN]_astDispoutObj[0]={0, 0}
07-05 21:05:02.106 I/MiVideoService( 1465): impl handle 0x86001b22 opened!
07-05 21:05:02.117 I/MiSysSrv( 1214): [mapi_video_base@Line 1270] Initialize:1270 Video Init : Win Change[0->0], Source Change[42->34]
07-05 21:05:02.121 I/MyFragmentStateAdapter(17574): getCount
07-05 21:05:02.124 I/MiSysSrv( 1214): [Hal_SC_mux_dispatch][607]src_port=100, dest_port=1
07-05 21:05:02.131 W/AudioCapabilities(17574): Unsupported mime audio/dts-hd
07-05 21:05:02.137 W/AudioCapabilities(17574): Unsupported mime audio/dts-lbr
07-05 21:05:02.144 W/AudioCapabilities(17574): Unsupported mime audio/dra
07-05 21:05:02.177 W/AudioCapabilities(17574): Unsupported mime audio/x-ape
07-05 21:05:02.186 I/MyFragmentStateAdapter(17574): getCount
07-05 21:05:02.196 W/AudioCapabilities(17574): Unsupported mime audio/ffmpeg
07-05 21:05:02.198 I/MiSysSrv( 1214): ???????? Warning,The MMAP ID(E_MMAP_ID_XC_MAIN_FB) does not existed.
07-05 21:05:02.198 I/MiSysSrv( 1214): ???????? please add in your mmap or ignore this message.
07-05 21:05:02.200 W/AudioCapabilities(17574): Unsupported mime audio/ac3
07-05 21:05:02.205 I/HLSP2P  (16183): ## 2017-07-05 21:05:02.204 [16183,16481,:0] INFO ## [HLSP2P][DownloadManager.cpp:35][INFO][TryExtendCacheSize]system memory total size : 1912M, free size : 457M, cache add to 30MB
07-05 21:05:02.205 W/AudioCapabilities(17574): Unsupported mime audio/mpeg-L2
07-05 21:05:02.206 I/MiSysSrv( 1214): [XC,SetWindow][msAPI_Scaler_Field_Detect, 2051] DTV [XC,SetWindow][msAPI_Scaler_Field_Detect, 2064] -> Progressive
07-05 21:05:02.232 E/vsyncbridge( 1204): MI_V3D_GetHandle().
07-05 21:05:02.232 D/vsyncbridge( 1204): Sucess to MI_V3D_RegisterCallback(). event flags : 2 
07-05 21:05:02.232 E/vsyncbridge( 1204): Sucess to MI_V3D_RegisterCallback(). event flags : 1 
07-05 21:05:02.232 E/vsyncbridge( 1204): MI_V3D_GetHandle().
07-05 21:05:02.232 D/vsyncbridge( 1204): 3D disable, DS should on.
07-05 21:05:02.236 I/MyFragmentStateAdapter(17574): getCount
07-05 21:05:02.241 D/vsyncbridge( 1204): [0] handle_thread thread got msg 0x1, mState = 1
07-05 21:05:02.241 D/vsyncbridge( 1204): Overlay 0 state change from 1 to 2
07-05 21:05:02.241 D/vsyncbridge( 1204): enWin=0, enCodecType=11, miu=1, frameRate=24000, interlace=0, Hsize=1920, Vsize=1088, {0, 0, 0, 8}
07-05 21:05:02.241 D/vsyncbridge( 1204): win.x = 549, win.y = 205, win.width = 816, win.height = 460, [1920, 1080] apptype = 0
07-05 21:05:02.241 E/vsyncbridge( 1204): MI_V3D_GetHandle().
07-05 21:05:02.241 D/vsyncbridge( 1204): 3D disable, DS should on.
07-05 21:05:02.241 D/vsyncbridge( 1204): V3d is Opened.
07-05 21:05:02.241 D/vsyncbridge( 1204): Current 3D format = 0, PIPMode = 0
07-05 21:05:02.241 D/vsyncbridge( 1204): Wrapper_Video_setMode 0, DS: 1 , 3D: 0 
07-05 21:05:02.241 I/vsyncbridge( 1204): Skip 4K2K Pannel setting .
07-05 21:05:02.247 E/IMiDisplay( 1466): MI_Display_CtrlType_e:1
07-05 21:05:02.247 I/MiSysSrv( 1214): [1;31m[MI ERR ]: MI_ATOM_DISPLAY_SetMmMode[4724]: MI_ATOM_DISPLAY_SetMmMode CodecType=11, MIU=1, FrameRate=24000, Interlace=0, HSize=3840, VSize=2160, top=0, bot=8, left=0, right=0,pVideo=0xe6d01248
07-05 21:05:02.247 I/MiSysSrv( 1214): [0m[mapi_video_base@Line 3917] m_bSetMode=1 this=0xe6d01248
07-05 21:05:02.247 E/IMiDisplay( 1465): Invalid MI_Display_CtrlType_e:1
07-05 21:05:02.247 E/IMiDisplay( 1465): Invalid MI_Display_CtrlType_e:4
07-05 21:05:02.250 I/MiSysSrv( 1214): [1;31m[MI ERR ]: _MI_VIDEO_SetMmMvopMode[4639]: CodecType=11, MIU=1, FrameRate=24000, Interlace=0, HSize=3840, VSize=2160, top=0, bot=8, left=0, right=0,pVideo=0xe010d4c8
07-05 21:05:02.251 I/MiSysSrv( 1214): [0m->u16FrameRate = 24000
07-05 21:05:02.251 I/MiSysSrv( 1214): ->u8Interlace = 0
07-05 21:05:02.251 I/MiSysSrv( 1214): ->u16HorSize = 3840
07-05 21:05:02.251 I/MiSysSrv( 1214): ->u16VerSize = 2160
07-05 21:05:02.251 I/MiSysSrv( 1214): [Warning] xc support pVOPTiming->u16H_TotalCount >= 4095 after CL 712830
07-05 21:05:02.253 I/NetflixMonitorService( 1733): current fgapk : com.hisense.hicloud.edca
07-05 21:05:02.253 I/NetflixMonitorService( 1733): Netflix status unchanged
07-05 21:05:02.256 I/MiSysSrv( 1214): SetMmMvopMode,1479
07-05 21:05:02.256 E/IMiDisplay( 1466): MI_Display_CtrlType_e:2
07-05 21:05:02.256 E/IMiDisplay( 1465): Invalid MI_Display_CtrlType_e:2
07-05 21:05:02.257 D/vsyncbridge( 1204): int Wrapper_Video_setMode(MS_VideoInfo*, int) @ line: 914: Enter Start ds.
07-05 21:05:02.258 D/vsyncbridge( 1204): vsync_bridge_CalAspectRatio type = 0
07-05 21:05:02.258 D/vsyncbridge( 1204): panel [3840 2160] osd [1920 1080] ratio [2.000000 2.000000]
07-05 21:05:02.258 D/vsyncbridge( 1204): apply ratio, x=1098, y=410, width=1632, height=920
07-05 21:05:02.258 D/vsyncbridge( 1204): disp_old[1098 410 2730 1330], disp_new[1098 410 2730 1330], crop[0 0 1920 1080]
07-05 21:05:02.258 D/vsyncbridge( 1204): Wrapper_Video_setXCWin IN.
07-05 21:05:02.258 D/vsyncbridge( 1204): Wrapper_Video_setXCWin 0
07-05 21:05:02.260 I/MiSysSrv( 1214): [leon.luo]EnableVideoMute = 1,enColor = 5
07-05 21:05:02.272 I/MyFragmentStateAdapter(17574): getCount
07-05 21:05:02.292 I/MiSysSrv( 1214): [1;31m<<<_MI_DISPLAY_CheckPointToPoint[4883] checkPointToPointCondition: not support. 
07-05 21:05:02.303 I/VideoCapabilities(17574): Unsupported profile 4 for video/mp4v-es
07-05 21:05:02.305 D/MediaHTTPConnection(17574): [Connection@315536492] getSize mTotalSize = 218840697
07-05 21:05:02.309 I/MiSysSrv( 1214): [0m[1;31m<<<_MI_DISPLAY_CheckPointToPoint[4883] checkPointToPointCondition: not support. 
07-05 21:05:02.309 I/MiSysSrv( 1214): [0m[mapi_video_base@Line 1557] Lock window enabled @ x,y,w,h=1098,410,1632,920
07-05 21:05:02.310 D/vsyncbridge( 1204): DisplayWindow (1098 410) 1632 X 920.
07-05 21:05:02.311 I/hstvos  ( 1216): [0m[1;36m[mif][VIDEO_FW][_Mif_Video_Window_Callback][460]_Mif_Video_Window_Callback u32EventFlags: 65536, width: 1632, height: 920
07-05 21:05:02.311 W/        ( 1204): no callback function match handle 0x1420700,
07-05 21:05:02.311 E/MiDisplay( 1204): ERROR pstCallbackParams.
07-05 21:05:02.312 I/MiSysSrv( 1214): Obtain XC engine fail
07-05 21:05:02.317 D/Player/Lib/Utils/SysUtils(17574): [TID 17605] [Check dolby]  Codec name=OMX.MS.M4V.Decoder
07-05 21:05:02.317 D/Player/Lib/Utils/SysUtils(17574): [TID 17605] [Check dolby]  Supported type=video/mp4v-es
07-05 21:05:02.317 D/Player/Lib/Utils/SysUtils(17574): [TID 17605] [Check dolby]  Codec name=OMX.MS.H263.Decoder
07-05 21:05:02.317 D/Player/Lib/Utils/SysUtils(17574): [TID 17605] [Check dolby]  Supported type=video/3gpp
07-05 21:05:02.317 D/Player/Lib/Utils/SysUtils(17574): [TID 17605] [Check dolby]  Codec name=OMX.MS.AVC.Decoder
07-05 21:05:02.317 D/Player/Lib/Utils/SysUtils(17574): [TID 17605] [Check dolby]  Supported type=video/avc
07-05 21:05:02.317 D/Player/Lib/Utils/SysUtils(17574): [TID 17605] [Check dolby]  Codec name=OMX.MS.HEVC.Decoder
07-05 21:05:02.317 D/Player/Lib/Utils/SysUtils(17574): [TID 17605] [Check dolby]  Supported type=video/hevc
07-05 21:05:02.317 D/Player/Lib/Utils/SysUtils(17574): [TID 17605] [Check H265] FOUND, current type = video/hevc
07-05 21:05:02.317 D/Player/Lib/Utils/SysUtils(17574): [TID 17605] [Check dolby]  Codec name=OMX.MS.MVC.Decoder
07-05 21:05:02.317 D/Player/Lib/Utils/SysUtils(17574): [TID 17605] [Check dolby]  Supported type=video/mvc
07-05 21:05:02.317 D/Player/Lib/Utils/SysUtils(17574): [TID 17605] [Check dolby]  Codec name=OMX.MS.MPEG2.Decoder
07-05 21:05:02.317 D/Player/Lib/Utils/SysUtils(17574): [TID 17605] [Check dolby]  Supported type=video/mpeg2
07-05 21:05:02.317 D/Player/Lib/Utils/SysUtils(17574): [TID 17605] [Check dolby]  Codec name=OMX.MS.VP8.Decoder
07-05 21:05:02.318 D/Player/Lib/Utils/SysUtils(17574): [TID 17605] [Check dolby]  Supported type=video/x-vnd.on2.vp8
07-05 21:05:02.318 D/Player/Lib/Utils/SysUtils(17574): [TID 17605] [Check dolby]  Codec name=OMX.MS.DIVX311.Decoder
07-05 21:05:02.318 D/Player/Lib/Utils/SysUtils(17574): [TID 17605] [Check dolby]  Supported type=video/divx3
07-05 21:05:02.319 I/MiSysSrv( 1214): [mapi_video_base@Line 2043] CropWin assigned: x,y,w,h=0,0,1920,1080
07-05 21:05:02.319 I/MiSysSrv( 1214): [leon.luo]m_bHdmiTxType = 0,m_bHdmiTxEnable =0
07-05 21:05:02.319 I/MiSysSrv( 1214): [mapi_video_base@Line 2096] DstWin Locked: x,y,w,h=1098,410,1632,920
07-05 21:05:02.319 I/MiSysSrv( 1214): [mapi_video_base@Line 2198] SrcWin1[Win=0]: x,y,w,h=1105,30,3840,2152
07-05 21:05:02.319 I/MiSysSrv( 1214): [mapi_video_base@Line 2199] CropWin1: x,y,w,h=0,0,1920,1080
07-05 21:05:02.319 I/MiSysSrv( 1214): [mapi_video_base@Line 2200] DispWin1: x,y,w,h=1098,410,1632,920
07-05 21:05:02.322 I/MiSysSrv( 1214): [mapi_video_base@Line 2279] CropWin1.1: x,y,w,h=0,0,1920,1080
07-05 21:05:02.322 I/MiSysSrv( 1214): === open 3D OverScan ===
07-05 21:05:02.322 I/MiSysSrv( 1214): [mapi_video_base@Line 2281] CropWin1.2: x,y,w,h=0,0,1920,1080
07-05 21:05:02.322 I/MiSysSrv( 1214): [mapi_video_base@Line 2285] SrcWin2: x,y,w,h=1105,30,3840,2152
07-05 21:05:02.322 I/MiSysSrv( 1214): [mapi_video_base@Line 2286] CropWin2: x,y,w,h=0,0,1920,1080
07-05 21:05:02.322 I/MiSysSrv( 1214): [mapi_video_base@Line 2287] DispWin2: x,y,w,h=1098,410,1632,920
07-05 21:05:02.322 I/MiSysSrv( 1214): [mapi_video_base@Line 2384] SrcWin3: x,y,w,h=1105,30,3840,2152
07-05 21:05:02.322 I/MiSysSrv( 1214): [mapi_video_base@Line 2385] CropWin3: x,y,w,h=0,0,1920,1080
07-05 21:05:02.322 I/MiSysSrv( 1214): [mapi_video_base@Line 2386] DispWin3: x,y,w,h=1098,410,1632,920
07-05 21:05:02.322 I/MiSysSrv( 1214): [leon.luo]m_bHdmiTxType = 0,m_bHdmiTxEnable =0
07-05 21:05:02.322 I/MiSysSrv( 1214): [mapi_video_base@Line 2575] SrcWin5[Win=0]: x,y,w,h=1105,30,3840,2152
07-05 21:05:02.322 I/MiSysSrv( 1214): [mapi_video_base@Line 2576] CropWin5: x,y,w,h=0,0,1920,1080
07-05 21:05:02.322 I/MiSysSrv( 1214): [mapi_video_base@Line 2577] DispWin5: x,y,w,h=1098,410,1632,920
07-05 21:05:02.322 I/MiSysSrv( 1214): [mapi_video_base@Line 2609][MOVEWINDOW] m_stCurWinInfo={34, {1105,30,3840,2152},
07-05 21:05:02.322 I/MiSysSrv( 1214):         {1098,410,1632,920}, {0,0,1920,1080},    0,0,240,2205,0,0,
07-05 21:05:02.322 I/MiSysSrv( 1214):         0,0,0,0,0,0,    0,   1,3840,3840,1,2160,2160,0}
07-05 21:05:02.322 I/MiSysSrv( 1214): [mapi_video_base@Line 2620][MOVEWINDOW] m_stPrevXCSetWinInfo={0, {0,0,0,0},
07-05 21:05:02.322 I/MiSysSrv( 1214):         {0,0,0,0}, {0,0,0,0},    0,0,0,0,0,0,
07-05 21:05:02.322 I/MiSysSrv( 1214):         0,0,0,0,0,0,    0,   0,0,0,0,0,0,0}
07-05 21:05:02.322 I/MiSysSrv( 1214): [mapi_video_base@Line 2625][MOVEWINDOW] SetXcWindow input Source  change
07-05 21:05:02.322 I/MiSysSrv( 1214): [mapi_video_base@Line 2633][MOVEWINDOW] SetXcWindow Capture Window  change
07-05 21:05:02.322 I/MiSysSrv( 1214): [mapi_video_base@Line 2642][MOVEWINDOW] SetXCWindow Crop Window  change
07-05 21:05:02.322 I/MiSysSrv( 1214): [mapi_video_base@Line 2649][MOVEWINDOW] SetXCWindow Display Size Window  change
07-05 21:05:02.322 I/MiSysSrv( 1214): [mapi_video_base@Line 2671][MOVEWINDOW] SetXCWindow Scaling Timing change
07-05 21:05:02.322 I/MiSysSrv( 1214): [mapi_video_base@Line 2696][MOVEWINDOW] SetXCWindow Post CusScaling change
07-05 21:05:02.323 I/MiSysSrv( 1214): [XC,LPLL][MApi_SC_ForceFreerun_U2, 1511] MApi_SC_ForceFreerun = 0
07-05 21:05:02.323 I/MiSysSrv( 1214): [mapi_video_base@Line 2776][MOVEWINDOW] SetXCWindow  Reset
07-05 21:05:02.323 I/MiSysSrv( 1214): [mapi_video_base@Line 8253] Window is main, overscan is false, aspect ratio isn't DotByDot, input source is storage.
07-05 21:05:02.323 I/MiSysSrv( 1214): [mapi_video_base@Line 8259] P2P or MM: Pixel shift direction is none.
07-05 21:05:02.323 I/MiSysSrv( 1214): [XC,SetWindow][_MApi_XC_SetWindow, 3948] ============= SetWindow Start (Window : 0, src: 34) =============
07-05 21:05:02.323 I/MiSysSrv( 1214): [XC,SetWindow][_MApi_XC_SetWindow, 3949] CapWin  x: 1105  y:   30  w: 3840  h: 2152 
07-05 21:05:02.323 I/MiSysSrv( 1214): [XC,SetWindow][_MApi_XC_SetWindow, 3950] CropWin x:    0  y:    0  w: 1920  h: 1080 
07-05 21:05:02.323 I/MiSysSrv( 1214): [XC,SetWindow][_MApi_XC_SetWindow, 3951] DispWin x: 1208  y:  410  w: 1632  h:  920 
07-05 21:05:02.323 I/MiSysSrv( 1214): [XC,SetWindow][_MApi_XC_SetWindow, 3956] Panel   x:  110  y:    0  w: 3840  h: 2160 
07-05 21:05:02.323 I/MiSysSrv( 1214): [XC,SetWindow][_MApi_XC_SetWindow, 3957] Mirror/Interlace/Hdup = 0/0/0
07-05 21:05:02.323 I/MiSysSrv( 1214): [XC,SetWindow][_MApi_XC_SetWindow, 3958] H/V total = (0, 2205), VFreq = 240
07-05 21:05:02.323 I/MiSysSrv( 1214): [XC,SetWindow][_MApi_XC_SetWindow, 3959] Pre  H cus scaling 1 (3840 -> 3840)
07-05 21:05:02.323 I/MiSysSrv( 1214): [XC,SetWindow][_MApi_XC_SetWindow, 3960] Pre  V cus scaling 1 (2160 -> 2160)
07-05 21:05:02.323 I/MiSysSrv( 1214): [XC,SetWindow][_MApi_XC_SetWindow, 3961] Post H cus scaling 0 (0 -> 0)
07-05 21:05:02.323 I/MiSysSrv( 1214): [XC,SetWindow][_MApi_XC_SetWindow, 3962] Post V cus scaling 0 (0 -> 0)
07-05 21:05:02.323 I/MiSysSrv( 1214): [XC,SetWindow][_MApi_XC_SetWindow, 4003] [_MApi_XC_SetWindow, 4003][CMA], bIsGetCMA[self]=1 bIsGetCMA[cobuff]=0 
07-05 21:05:02.323 I/MiSysSrv( 1214): [XC,SetWindow][_MApi_XC_SetWindow, 4004] [_MApi_XC_SetWindow, 4004][CMA], au32CMAMemSCMSize[self]=0 au32CMAMemSCMSize[cobuff]=0 u32DualMiuMemSize=0
07-05 21:05:02.323 I/MiSysSrv( 1214): [XC,SetWindow][_MApi_XC_SetWindow, 4005] [_MApi_XC_SetWindow, 4005][CMA], u32PreCMAMemSCMSize[self]=0 u32PreCMAMemSCMSize[cobuff]=0 
07-05 21:05:02.324 I/MiSysSrv( 1214): [XC,SetWindow][_MApi_XC_SetWindow, 4006] [_MApi_XC_SetWindow, 4006][CMA], u32PreCMAMemFRCMSize[self]=0 u32PreCMAMemFRCMSize[cobuff]=0 
07-05 21:05:02.324 I/MiSysSrv( 1214): [XC,SetWindow][_MApi_XC_SetWindow, 4007] [_MApi_XC_SetWindow, 4007][CMA], u32PreCMAMemDualSCMSize=0 
07-05 21:05:02.328 D/Player/Lib/Utils/SysUtils(17574): [TID 17605] [Check dolby]  Codec name=OMX.MS.DIVX412.Decoder
07-05 21:05:02.328 D/Player/Lib/Utils/SysUtils(17574): [TID 17605] [Check dolby]  Supported type=video/divx4
07-05 21:05:02.328 D/Player/Lib/Utils/SysUtils(17574): [TID 17605] [Check dolby]  Codec name=OMX.MS.FLV.Decoder
07-05 21:05:02.328 D/Player/Lib/Utils/SysUtils(17574): [TID 17605] [Check dolby]  Supported type=video/flv
07-05 21:05:02.329 D/Player/Lib/Utils/SysUtils(17574): [TID 17605] [Check dolby]  Codec name=OMX.MS.VC1.Decoder
07-05 21:05:02.329 D/Player/Lib/Utils/SysUtils(17574): [TID 17605] [Check dolby]  Supported type=video/VC1
07-05 21:05:02.329 D/Player/Lib/Utils/SysUtils(17574): [TID 17605] [Check dolby]  Supported type=video/wvc1
07-05 21:05:02.329 D/Player/Lib/Utils/SysUtils(17574): [TID 17605] [Check dolby]  Codec name=OMX.MS.WMV3.Decoder
07-05 21:05:02.329 D/Player/Lib/Utils/SysUtils(17574): [TID 17605] [Check dolby]  Supported type=video/wmv3
07-05 21:05:02.329 D/Player/Lib/Utils/SysUtils(17574): [TID 17605] [Check dolby]  Codec name=OMX.MS.MJPG.Decoder
07-05 21:05:02.329 D/Player/Lib/Utils/SysUtils(17574): [TID 17605] [Check dolby]  Supported type=video/mjpeg
07-05 21:05:02.329 D/Player/Lib/Utils/SysUtils(17574): [TID 17605] [Check dolby]  Codec name=OMX.MS.AVS.Decoder
07-05 21:05:02.329 D/Player/Lib/Utils/SysUtils(17574): [TID 17605] [Check dolby]  Supported type=video/avs
07-05 21:05:02.329 D/Player/Lib/Utils/SysUtils(17574): [TID 17605] [Check dolby]  Codec name=OMX.MS.RV.Decoder
07-05 21:05:02.329 D/Player/Lib/Utils/SysUtils(17574): [TID 17605] [Check dolby]  Supported type=video/realvideo
07-05 21:05:02.329 D/Player/Lib/Utils/SysUtils(17574): [TID 17605] [Check dolby]  Codec name=OMX.google.aac.decoder
07-05 21:05:02.329 D/Player/Lib/Utils/SysUtils(17574): [TID 17605] [Check dolby]  Supported type=audio/mp4a-latm
07-05 21:05:02.329 D/Player/Lib/Utils/SysUtils(17574): [TID 17605] [Check dolby]  Codec name=OMX.google.mp3.decoder
07-05 21:05:02.329 D/Player/Lib/Utils/SysUtils(17574): [TID 17605] [Check dolby]  Supported type=audio/mpeg
07-05 21:05:02.329 D/Player/Lib/Utils/SysUtils(17574): [TID 17605] [Check dolby]  Codec name=OMX.MS.MP3.Decoder
07-05 21:05:02.329 D/Player/Lib/Utils/SysUtils(17574): [TID 17605] [Check dolby]  Supported type=audio/mpeg
07-05 21:05:02.329 D/Player/Lib/Utils/SysUtils(17574): [TID 17605] [Check dolby]  Supported type=audio/mpeg-L1
07-05 21:05:02.329 D/Player/Lib/Utils/SysUtils(17574): [TID 17605] [Check dolby]  Supported type=audio/mpeg-L2
07-05 21:05:02.329 D/Player/Lib/Utils/SysUtils(17574): [TID 17605] [Check dolby]  Codec name=OMX.MS.AAC.Decoder
07-05 21:05:02.329 D/Player/Lib/Utils/SysUtils(17574): [TID 17605] [Check dolby]  Supported type=audio/mp4a-latm
07-05 21:05:02.329 D/Player/Lib/Utils/SysUtils(17574): [TID 17605] [Check dolby]  Codec name=OMX.google.opus.decoder
07-05 21:05:02.329 D/Player/Lib/Utils/SysUtils(17574): [TID 17605] [Check dolby]  Supported type=audio/opus
07-05 21:05:02.329 D/Player/Lib/Utils/SysUtils(17574): [TID 17605] [Check dolby]  Codec name=OMX.google.vorbis.decoder
07-05 21:05:02.329 D/Player/Lib/Utils/SysUtils(17574): [TID 17605] [Check dolby]  Supported type=audio/vorbis
07-05 21:05:02.329 D/Player/Lib/Utils/SysUtils(17574): [TID 17605] [Check dolby]  Codec name=OMX.MS.VORBIS.Decoder
07-05 21:05:02.329 D/Player/Lib/Utils/SysUtils(17574): [TID 17605] [Check dolby]  Supported type=audio/vorbis
07-05 21:05:02.330 D/Player/Lib/Utils/SysUtils(17574): [TID 17605] [Check dolby]  Codec name=OMX.MS.ADPCM.Decoder
07-05 21:05:02.330 D/Player/Lib/Utils/SysUtils(17574): [TID 17605] [Check dolby]  Supported type=audio/adpcm
07-05 21:05:02.330 D/Player/Lib/Utils/SysUtils(17574): [TID 17605] [Check dolby]  Codec name=OMX.MS.LPCM.Decoder
07-05 21:05:02.330 D/Player/Lib/Utils/SysUtils(17574): [TID 17605] [Check dolby]  Supported type=audio/lpcm
07-05 21:05:02.330 D/Player/Lib/Utils/SysUtils(17574): [TID 17605] [Check dolby]  Codec name=OMX.MS.RA.Decoder
07-05 21:05:02.330 D/Player/Lib/Utils/SysUtils(17574): [TID 17605] [Check dolby]  Supported type=audio/cook
07-05 21:05:02.330 D/Player/Lib/Utils/SysUtils(17574): [TID 17605] [Check dolby]  Codec name=OMX.MS.WMA.Decoder
07-05 21:05:02.330 D/Player/Lib/Utils/SysUtils(17574): [TID 17605] [Check dolby]  Supported type=audio/x-ms-wma
07-05 21:05:02.330 D/Player/Lib/Utils/SysUtils(17574): [TID 17605] [Check dolby]  Codec name=OMX.MS.AC3.Decoder
07-05 21:05:02.330 D/Player/Lib/Utils/SysUtils(17574): [TID 17605] [Check dolby]  Supported type=audio/ac3
07-05 21:05:02.330 D/Player/Lib/Utils/SysUtils(17574): [TID 17605] [Check dolby] FOUND, current type = audio/ac3
07-05 21:05:02.330 W/AudioCapabilities(17574): Unsupported mime audio/ac3
07-05 21:05:02.330 D/Player/Lib/Utils/SysUtils(17574): [TID 17605] [Check dolby]  ProfileLevels size:0
07-05 21:05:02.330 D/Player/Lib/Utils/SysUtils(17574): [TID 17605] DEVICE_SUPPORT_DOLBY=true, DEVICE_SUPPORT_H265=true
07-05 21:05:02.352 D/NativeDecimalFormat(17690): NativeDecimalFormat_close print addr=3997588992
07-05 21:05:02.352 D/NativeDecimalFormat(17690): NativeDecimalFormat_close print g_addr=4098411520
07-05 21:05:02.352 D/NativeDecimalFormat(17690): NativeDecimalFormat_close print addr=3997589760
07-05 21:05:02.352 D/NativeDecimalFormat(17690): NativeDecimalFormat_close print g_addr=4098411520
07-05 21:05:02.352 D/NativeDecimalFormat(17690): NativeDecimalFormat_close print addr=4098410752
07-05 21:05:02.352 D/NativeDecimalFormat(17690): NativeDecimalFormat_close print g_addr=4098411520
07-05 21:05:02.352 D/NativeDecimalFormat(17690): NativeDecimalFormat_close print addr=4098411520
07-05 21:05:02.352 D/NativeDecimalFormat(17690): NativeDecimalFormat_close print g_addr=4098411520
07-05 21:05:02.359 D/WifiService( 1733): New client listening to asynchronous messages
07-05 21:05:02.371 I/MyFragmentStateAdapter(17574): getCount
07-05 21:05:02.382 D/Player/Lib/Utils/SysUtils(17574): [TID 17605] isDeviceSupportDolby=true
07-05 21:05:02.382 D/Player/Lib/Utils/SysUtils(17574): [TID 17605] isDeviceSupportH265=true
07-05 21:05:02.389 D/PlayerSdkUtils(17574): [TID 17605] static init: IS_DEVICE_CODEC_SUPPORT_DOLBY=true
07-05 21:05:02.389 D/PlayerSdkUtils(17574): [TID 17605] static init: IS_DEVICE_CODEC_SUPPORT_H265=true
07-05 21:05:02.409 D/PlayerSDK/data/FetchUuidJob(17574): [TID 17605] >>>fetchKeyInfo, sIsFetched=false
07-05 21:05:02.409 D/PlayerSDK/data/FetchUuidJob(17574): [TID 17605] fetchKeyInfo: deviceInfo=vidaa3
07-05 21:05:02.414 I/System.out(17574): D/(load-playerplugin, syncCall): cpu: 4
07-05 21:05:02.430 I/System.out(17574): <TVAPI> DEBUG(isUpdateData): isUpdateData=manInfo-true
07-05 21:05:02.431 I/System.out(17574): <TVAPI> DEBUG(TVApiProperty): read passport-device-id=null
07-05 21:05:02.447 W/ContextImpl( 3298): Calling a method in the system process without a qualified user: android.app.ContextImpl.sendBroadcast:1327 android.content.ContextWrapper.sendBroadcast:377 com.jamdeo.screensaver.ScreenSaverManager.registerAdvertisement:193 com.jamdeo.screensaver.ScreenSaverManager.access$000:38 com.jamdeo.screensaver.ScreenSaverManager$MessageHandler.handleMessage:70 
07-05 21:05:02.453 I/TVMW@HsTvSetting( 1234): Trace cmd, data = 0x1058
07-05 21:05:02.456 D/AdvertisementProxyReceiver(17243): init advertisement
07-05 21:05:02.456 D/AdvertisementManager(17243): initAdvertisement(8,com.jamdeo.screensaver) called
07-05 21:05:02.457 D/AdvertisementManager(17243): handleMessage msg={ when=-1ms what=0 arg1=8 target=com.jamdeo.tv.advertisementproxy.AdvertisementManager$MessageHandler }
07-05 21:05:02.457 D/AdvertisementManager(17243): handleRegisterItem(8) called
07-05 21:05:02.457 D/AdvertisementManager(17243): registerAdvertisement(sys_ssv3) called
07-05 21:05:02.458 D/til@system( 2026): til_get_system_param option:100002F int:0, bool:0, ret:0
07-05 21:05:02.459 I/TVMW@HsTvSetting( 1234): Trace cmd, data = 0x101f
07-05 21:05:02.461 D/til@system( 2026): til_get_system_param option:100001D int:3, bool:3, ret:0
07-05 21:05:02.462 E/til     ( 2026): [til_get_current_input_source, 101] 
07-05 21:05:02.462 I/TVMW@HsTvSetting( 1234): Trace cmd, data = 0x7007
07-05 21:05:02.462 I/tilwrapper@sm( 2026): HS2TIL_SourceType *hs=0xd, *til=0x900
07-05 21:05:02.462 D/til     ( 2026): get current source 2304
07-05 21:05:02.462 D/SourceRemoteServiceHandler( 2026): getCurrentInputSource.from.til.result is 0, value is 2304
07-05 21:05:02.462 D/SourceRemoteServiceHandler( 2026): getInputSourceType source: 0x900, type=2304
07-05 21:05:02.462 D/til     ( 2026): ###### func:til_get_picture_param option:0x3000006 ######  
07-05 21:05:02.463 I/TVMW@HsTvSetting( 1234): Trace cmd, data = 0x1003
07-05 21:05:02.464 I/TVMW@HsTvSetting( 1234): Trace cmd, data = 0x8032
07-05 21:05:02.464 I/hstvos  ( 1216): [0m[1;33m[HSHAL][HS_VIDEO][HS_HAL_Video_SetOsdDetect_v2][2389]u16Threshold = 20
07-05 21:05:02.475 I/System.out(17574): <TVAPI> DEBUG(TVApiProperty): passport-device-id-system=tv_69b1ef544cadbb86e8f28950ece1c76a_1167652938875
07-05 21:05:02.476 I/System.out(17574): <TVAPI> DEBUG(id=1, manInfo): url = http://data2.itv.ptqy.gitv.tv/itv/manInfo/vidaa3?s=0
07-05 21:05:02.476 I/System.out(17574): <TVAPI> DEBUG(id=1, manInfo): header = qyid:tv_69b1ef544cadbb86e8f28950ece1c76a_1167652938875
07-05 21:05:02.476 I/System.out(17574): <TVAPI> DEBUG(id=1, manInfo): header = ov:5.1.1
07-05 21:05:02.476 I/System.out(17574): <TVAPI> DEBUG(id=1, manInfo): header = apkVer:
07-05 21:05:02.476 I/System.out(17574): <TVAPI> DEBUG(id=1, manInfo): header = apiKey:APIKEY
07-05 21:05:02.478 D/ADLog   (17261): ADServiceAIDL => registerADCode adCode = sys_ssv3 packageName = com.jamdeo.screensaver
07-05 21:05:02.485 D/ADLog   (17261): ADServiceHandler => registerADCode(String adCode = sys_ssv3, String packageName = com.jamdeo.screensaver, int codeType = 1)
07-05 21:05:02.485 D/ADLog   (17261): ADServiceHandler => @_@  getADPeriod is 21600
07-05 21:05:02.488 D/ADLog   (17261): DBManager => query(String adCode = sys_ssv3, String packageName = com.jamdeo.screensaver)
07-05 21:05:02.492 I/MyFragmentStateAdapter(17574): getCount
07-05 21:05:02.498 D/ADLog   (17261): DBManager => update(String table = AppADCodeInfo, Object obj = com.hisense.service.ad.bean.AppADCodeInfo@2406ec8e)
07-05 21:05:02.498 D/ADLog   (17261): DBManager => update(AppADCodeInfo info = com.hisense.service.ad.bean.AppADCodeInfo@2406ec8e)
07-05 21:05:02.504 D/ADLog   (17261): DBManager => update appcodeinfo---------------------
07-05 21:05:02.504 D/ADLog   (17261): DBManager => getValues(String tabName = AppADCodeInfo, Object object = com.hisense.service.ad.bean.AppADCodeInfo@2406ec8e)
07-05 21:05:02.527 D/ADLog   (17261): DBManager => result = 1
07-05 21:05:02.527 D/ADLog   (17261): ADDaoHandler => getADCodeInfo(String adCode = sys_ssv3)
07-05 21:05:02.527 D/ADLog   (17261): DBManager => query(String adCode = sys_ssv3)
07-05 21:05:02.528 D/ADLog   (17261): DBManager => ADCodeInfo cursor.getCount() = 1
07-05 21:05:02.528 D/ADLog   (17261): DBManager => queryPlayPolicy(adCode = sys_ssv3, packageName = com.jamdeo.screensaver)
07-05 21:05:02.536 E/ADLog   (17261): DBManager => query count is 0
07-05 21:05:02.537 D/ADLog   (17261): DBManager => ADCodeInfo [id=4, adCode=sys_ssv3, packageNamecom.jamdeo.screensaver, UpdateStatus=2, defaultAdID=1000000001239, defaultAdURL=http://download.hismarttv.com/epgdata/ImageAD/9000019139817.jpg, defaultAdPath=/data/data/com.hisense.service.ad/files/ad/9000019139817.jpg, defaultAdType=5, owner=hitv, lastUpdateTime=1499230958, lock=java.util.concurrent.locks.ReentrantLock@36da2caf[Unlocked], adInfos=[]]
07-05 21:05:02.537 I/ADLog   (17261): ADServiceHandler => to update sys_ssv3 ad strategy.
07-05 21:05:02.538 D/ADLog   (17261): ADDaoHandler => update ADCodeInfo
07-05 21:05:02.538 D/ADLog   (17261): DBManager => update(String table = ADCodeInfo, Object obj = ADCodeInfo [id=4, adCode=sys_ssv3, packageNamecom.jamdeo.screensaver, UpdateStatus=1, defaultAdID=1000000001239, defaultAdURL=http://download.hismarttv.com/epgdata/ImageAD/9000019139817.jpg, defaultAdPath=/data/data/com.hisense.service.ad/files/ad/9000019139817.jpg, defaultAdType=5, owner=hitv, lastUpdateTime=1499230958, lock=java.util.concurrent.locks.ReentrantLock@36da2caf[Unlocked], adInfos=[]])
07-05 21:05:02.539 D/ADLog   (17261): DBManager => getValues(String tabName = ADCodeInfo, Object object = ADCodeInfo [id=4, adCode=sys_ssv3, packageNamecom.jamdeo.screensaver, UpdateStatus=1, defaultAdID=1000000001239, defaultAdURL=http://download.hismarttv.com/epgdata/ImageAD/9000019139817.jpg, defaultAdPath=/data/data/com.hisense.service.ad/files/ad/9000019139817.jpg, defaultAdType=5, owner=hitv, lastUpdateTime=1499230958, lock=java.util.concurrent.locks.ReentrantLock@36da2caf[Unlocked], adInfos=[]])
07-05 21:05:02.540 D/ADLog   (17261): CommonUtils => getStringFromList:   [{"id":"8","code":"hitvdef","url":"http:\/\/api.hismarttv.com\/adapi\/getlogopic?type=0&ac=${ADCODE}&pid=${ADPOLICY}&aid=${ADID}&did=${DEVICEID}&t=${TIME}&act=${ACTION}&dt=${DISPLAYTIMES}&tz=${TIMEZONE}&mac=${MAC}"}]
07-05 21:05:02.545 D/DtvSourcePlugin-DVBC(15961): Setting the EPG Updater state to: WAIT
07-05 21:05:02.559 D/ADLog   (17261): DBManager => result = 1, table : ADCodeInfo
07-05 21:05:02.564 I/ADLog   (17261): ADServiceHandler => com.jamdeo.screensaver success to register sys_ssv3 ADCode.
07-05 21:05:02.591 I/MyFragmentStateAdapter(17574): getCount
07-05 21:05:02.613 I/System.out(17574): <TVAPI> DEBUG(id=1, manInfo, response_time = 146ms): data = {"code":"N000000","json":{},"uuid":"MjAxNTEyMjgxNjU2MTk1NzJNa0NISmZXYjExMjA5"}
07-05 21:05:02.613 D/PlayerSDK/data/FetchUuidJob(17574): [TID 17605] mManInfoCallback onSuccess: maininfo=com.qiyi.tvapi.tv2.result.ApiResultManInfo@25e5afc9
07-05 21:05:02.613 D/PlayerSDK/data/FetchUuidJob(17574): [TID 17605] mManInfoCallback result: u=MjAxNTEyMjgxNjU2MTk1NzJNa0NISmZXYjExMjA5, json={}
07-05 21:05:02.613 D/PlayerSDK/data/FetchUuidJob(17574): [TID 17605] mManInfoCallback result: eU=MjAxNTEyMjgxNjU2MTk1NzJNa0NISmZXYjExMjA5
07-05 21:05:02.613 D/PlayerSDK/data/FetchUuidJob(17574): [TID 17605] mManInfoCallback: fectch id success, use it.
07-05 21:05:02.615 D/PlayerSDK/data/FetchUuidJob(17574): [TID 17605] mManInfoCallback result: parterId=null
07-05 21:05:02.615 D/PlayerSDK/data/FetchUuidJob@3483ea35(17574): [TID 17605] notifyJobSuccess() Job[PlayerSDK/data/FetchUuidJob@3483ea35](mState=0, mData=Object483477198, mError=null)
07-05 21:05:02.615 D/PlayerSDK/data/FetchUuidJob(17574): [TID 17605] <<<fetchKeyInfo
07-05 21:05:02.616 D/PlayerSDK/data/FetchUuidJob@3483ea35(17574): [TID 17605] notifyJobSuccess() Job[PlayerSDK/data/FetchUuidJob@3483ea35](mState=2, mData=Object483477198, mError=null)
07-05 21:05:02.616 D/PlayerSdk/PlayerSdkProject(17574): [TID 17605] createRegisterKeyForTvapi(context=com.hisense.hicloud.edca.BaseApplication@2adbac5c)
07-05 21:05:02.616 D/Player/Lib/Utils/SysUtils(17574): [TID 17605] getMacAddr() returnsa8:a6:48:18:fc:a8
07-05 21:05:02.617 I/System.out(17574): <TVAPI> ERROR(Check MacAddress): mac address is 
07-05 21:05:02.619 D/Carousel-SimpleVideoView(17574): speedKB=2424
07-05 21:05:02.619 D/Carousel-SimpleVideoView(17574): msg.arg1=1
07-05 21:05:02.619 D/PlayerSdk/PlayerSdkProject(17574): [TID 17605] initTVApi platformType:HAIXIN, defaultUserId:tv_69b1ef544cadbb86e8f28950ece1c76a, domainName:ptqy.gitv.tv
07-05 21:05:02.621 D/PlayerSdk/PlayerSdkProject(17574): [TID 17605] << beginInitialize: consume 1348 ms
07-05 21:05:02.621 D/Player/PluginProvider@37f3c43c(17574): [TID 17605] << setupSdkFeature: mSdkFeature=com.qiyi.video.plugin.j@34a60cfc
07-05 21:05:02.621 W/PluginProviderBuilder(17574): createPluginProviderInstance() return com.qiyi.video.plugin.PluginProvider@37f3c43c
07-05 21:05:02.621 W/PluginDebugUtils(17574): needThrowable<<(key=lastFailed)
07-05 21:05:02.621 W/PluginDebugUtils(17574): needThrowable() returns false
07-05 21:05:02.621 W/PluginHelper(17574): loadProvider>>() return com.qiyi.video.plugin.PluginProvider@37f3c43c
07-05 21:05:02.621 W/StorageManager(17574): savePluginInfo<<(info=PluginInfo(id=pluginplayer, versionName=1.64.0.59984, className=com.qiyi.video.plugin.PluginProvider, path=/data/data/com.hisense.hicloud.edca/files/plugin/2.1.0.59986/pluginplayer/1.64.0.59984/pluginplayer-release-1.64.0.59984.apk, libFolder=/data/data/com.hisense.hicloud.edca/files/plugin/2.1.0.59986/pluginplayer/1.64.0.59984/pluginplayer-release-1.64.0.59984-libs, containSo=true, soFileCount=18, errorCount=0, lastLoadSuccess=true))
07-05 21:05:02.621 W/StorageManager(17574): isMultiProcessPlugin<<()  pluginplayer
07-05 21:05:02.621 W/StorageManager(17574): isMultiProcessPlugin>>() return false
07-05 21:05:02.621 W/StorageStub@193d3924(17574): loadPluginInfos<<(pluginId=pluginplayer, needRemoveDumy=false)
07-05 21:05:02.621 W/PluginInfo(17574): getListFromJson<<(json=null)
07-05 21:05:02.621 W/StorageStub@193d3924(17574): loadPluginInfos>>() return null
07-05 21:05:02.621 W/StorageManager(17574): findPluginInfo<<(list=[], version=1.64.0.59984)
07-05 21:05:02.621 W/StorageManager(17574): findPluginInfo>>() return null
