07-05 20:42:38.407 D/DetailPlayActivity( 4903): user bought vip list is null
07-05 20:42:38.407 D/DetailPlayActivity( 4903): user overtime bought vip list is null
07-05 20:42:38.407 D/DetailPlayActivity( 4903): managerBoughtStatus----------------------------------
07-05 20:42:38.407 D/DetailPlayActivity( 4903): this detail belongs to a bought vip ,true or false:false
07-05 20:42:38.407 D/DetailPlayActivity( 4903): sunliqin,mIsFree:false  RefreshPaidListUits.isPaid(mDetailsResult.getId(), mDetailsResult.getVip_id()):false  mIsBoughtVipfalse  mIsOrderfalse
07-05 20:42:38.407 D/DetailPlayActivity( 4903): sunliqin:mIsBought  ====  false msoldout :false
07-05 20:42:38.410 D/DetailPlayActivity( 4903): url--http://picture.edu.hismarttv.com/images/20170629/.jpg
07-05 20:42:38.426 D/DetailPlayActivity( 4903): managerCollectionBtnDrawable---------------
07-05 20:42:38.427 D/HttpDnsUtils( 4903): getDetailCollectionStatus,http:http://api.edu.hismarttv.com/usercenter/api/media_individualize_data
07-05 20:42:38.429 D/til@system( 2026): til_get_system_param option:1000007 int:-1936523008, bool:0, ret:0
07-05 20:42:38.429 D/til@system( 2026): til_get_system_param option:1000009 int:-1815633792, bool:128, ret:0
07-05 20:42:38.430 I/TVMW@HsTvSetting( 1234): Trace cmd, data = 0x1058
07-05 20:42:38.430 D/til@system( 2026): til_get_system_param option:100002F int:0, bool:0, ret:0
07-05 20:42:38.431 I/TVMW@HsTvSetting( 1234): Trace cmd, data = 0x101f
07-05 20:42:38.431 D/til@system( 2026): til_get_system_param option:100001D int:3, bool:3, ret:0
07-05 20:42:38.431 E/til     ( 2026): [til_get_current_input_source, 101] 
07-05 20:42:38.432 I/TVMW@HsTvSetting( 1234): Trace cmd, data = 0x7007
07-05 20:42:38.432 I/tilwrapper@sm( 2026): HS2TIL_SourceType *hs=0xd, *til=0x900
07-05 20:42:38.432 D/til     ( 2026): get current source 2304
07-05 20:42:38.432 D/SourceRemoteServiceHandler( 2026): getCurrentInputSource.from.til.result is 0, value is 2304
07-05 20:42:38.432 D/til@system( 2026): til_get_system_param option:1000008 int:-1936522112, bool:128, ret:0
07-05 20:42:38.432 D/SourceRemoteServiceHandler( 2026): getInputSourceType source: 0x900, type=2304
07-05 20:42:38.432 D/HttpBuilder( 4903): getOperationDetail-productName : LED50MU8600UC
07-05 20:42:38.432 D/HttpBuilder( 4903): getOperationDetail-plmNumber : 88888
07-05 20:42:38.432 D/HttpBuilder( 4903): getOperationDetail-swVersion : V0000.00.01A
07-05 20:42:38.433 D/HttpBuilder( 4903): getOperationDetail-operationDetail : LED50MU8600UC0000888
07-05 20:42:38.433 D/til     ( 2026): ###### func:til_get_picture_param option:0x3000006 ######  
07-05 20:42:38.433 I/TVMW@HsTvSetting( 1234): Trace cmd, data = 0x1003
07-05 20:42:38.434 I/TVMW@HsTvSetting( 1234): Trace cmd, data = 0x8032
07-05 20:42:38.434 I/hstvos  ( 1216): [0m[1;33m[HSHAL][HS_VIDEO][HS_HAL_Video_SetOsdDetect_v2][2389]u16Threshold = 20
07-05 20:42:38.434 I/MiSysSrv( 1214): Not support now! 42, change to mm_video!!!
07-05 20:42:38.435 E/TVMW@videoctrl( 1234):  getOsd is 1
07-05 20:42:38.435 D/til@system( 2026): til_get_system_param option:1000027 int:1, bool:1, ret:0
07-05 20:42:38.435 D/til     ( 2026): ###### func:til_get_picture_param option:0x3000045 ######  
07-05 20:42:38.435 I/TVMW@HsTvSetting( 1234): Trace cmd, data = 0x300c
07-05 20:42:38.435 I/TVMW@HsTvSetting( 1234): Trace 3d, data = 0x300c
07-05 20:42:38.435 I/TVMW@3d ( 1234): Hs_debug3d_trace: func:get3dStatus, line:109
07-05 20:42:38.471 D/FFmpegExtractor( 1206): FFmpegExtrator, url: android-source:0xb8bfe020, format_name: mov,mp4,m4a,3gp,3g2,mj2, format_long_name: QuickTime / MOV
07-05 20:42:38.471 D/FFmpegExtractor( 1206): suppoted codec(h264) by official Stagefright
07-05 20:42:38.471 D/FFmpegExtractor( 1206): suppoted codec(aac) by official Stagefright
07-05 20:42:38.471 I/FFMPEG  ( 1206): [AVIOContext @ 0xb8bfe0c0] Statistics: 426780 bytes read, 0 seeks
07-05 20:42:38.471 D/FFmpegExtractor( 1206): ffmpeg detected media content as 'video/mp4' with confidence 0.08
07-05 20:42:38.496 I/HttpBuilder( 4903): addUrlPublicParams mUrl ==>http://api.edu.hismarttv.com/usercenter/api/media_individualize_data?media_id=3535&uuid=13287129&mac=a8:a6:48:18:fc:a8&devid=86100300900000500000060a4818fca8&version=00.002.003&subscriberId=13287129&customerId=7195320&model_id=0&APPPackage=com.hisense.hicloud.edca&PFAPPCode=652&APPVersionName=3.0.0.9.00&ChannelId=0&softwareVersion=LED50MU8600UC0000888&tv_distribute_id=00&devType=0&APIVersion=600&accessToken=72DF6038D2AEAB8A76DFBBBBCC428A4A_001179216587510
07-05 20:42:38.509 D/HttpHandler( 4903): VerifySignInterCeptor-->request.url()=http://api.edu.hismarttv.com/usercenter/api/media_individualize_data?media_id=3535&uuid=13287129&mac=a8:a6:48:18:fc:a8&devid=86100300900000500000060a4818fca8&version=00.002.003&subscriberId=13287129&customerId=7195320&model_id=0&APPPackage=com.hisense.hicloud.edca&PFAPPCode=652&APPVersionName=3.0.0.9.00&ChannelId=0&softwareVersion=LED50MU8600UC0000888&tv_distribute_id=00&devType=0&APIVersion=600&accessToken=72DF6038D2AEAB8A76DFBBBBCC428A4A_001179216587510
07-05 20:42:38.510 D/HttpHandler( 4903): VerifySignInterCeptor-->hostname=api.edu.hismarttv.com
07-05 20:42:38.519 D/DetailPlayActivity( 4903): sunliqin initCourseViewVisible
07-05 20:42:38.520 D/DetailCourseSelectorView( 4903): sunliqin DetailCourseSelectorView!!!!
07-05 20:42:38.555 I/DetailVideoPlayerContainer( 4903):  sunliqin initUI()
07-05 20:42:38.579 D/HttpHandler( 4903): HttpDNS-->hostname=api.edu.hismarttv.com
07-05 20:42:38.579 D/HttpHandler( 4903): RAMCache-->hostInfo.getClientTimeStamp()=7382395
07-05 20:42:38.579 D/HttpHandler( 4903): RAMCache-->hostInfo.getTtl()=3600
07-05 20:42:38.579 D/HttpHandler( 4903): RAMCache-->SystemClock.elapsedRealtime()=7400151
07-05 20:42:38.605 I/NetflixMonitorService( 1733): current fgapk : com.hisense.hicloud.edca
07-05 20:42:38.605 I/NetflixMonitorService( 1733): Netflix status unchanged
07-05 20:42:38.620 I/art     ( 4903): Background sticky concurrent mark sweep GC freed 19717(1091KB) AllocSpace objects, 0(0B) LOS objects, 3% free, 34MB/36MB, paused 8.367ms total 139.531ms
07-05 20:42:38.634 D/HttpHandler( 4903): DNSHelper-->gslbDns=["123.103.91.123"]
07-05 20:42:38.672 V/MediaExtractor( 1206): MediaExtractor::Create mime:video/mp4 ---- Enter
07-05 20:42:38.672 V/MediaExtractor( 1206): maomao::MediaExtractor::Create mime:isCts is 0
07-05 20:42:38.679 I/FFMPEG  ( 1206): [mov,mp4,m4a,3gp,3g2,mj2 @ 0xf346c400] Format mov,mp4,m4a,3gp,3g2,mj2 probed with size=2048 and score=100
07-05 20:42:38.680 I/FFMPEG  ( 1206): [mov,mp4,m4a,3gp,3g2,mj2 @ 0xf346c400] ISO: File Type Major Brand: isom
07-05 20:42:38.691 D/OkHttp  ( 4903): <-- 200 OK http://picture.edu.hismarttv.com/images/20170629/%E5%A4%9A%E7%91%9E%E5%84%BF%E6%AD%8C.jpg (418ms)
07-05 20:42:38.691 D/OkHttp  ( 4903): Date: Tue, 04 Jul 2017 03:18:55 GMT
07-05 20:42:38.691 D/OkHttp  ( 4903): Server: nginx
07-05 20:42:38.691 D/OkHttp  ( 4903): Content-Type: image/jpeg
07-05 20:42:38.691 D/OkHttp  ( 4903): Content-Length: 197050
07-05 20:42:38.691 D/OkHttp  ( 4903): Last-Modified: Fri, 09 Jun 2017 14:50:58 GMT
07-05 20:42:38.691 D/OkHttp  ( 4903): ETag: "593ab5d2-301ba"
07-05 20:42:38.691 D/OkHttp  ( 4903): Accept-Ranges: bytes
07-05 20:42:38.691 D/OkHttp  ( 4903): Age: 120223
07-05 20:42:38.691 D/OkHttp  ( 4903): Via: 1.1 wangt170:7 (Cdn Cache Server V2.0)[20 200 0], 1.1 changwtong71:7 (Cdn Cache Server V2.0)[322 200 0]
07-05 20:42:38.691 D/OkHttp  ( 4903): Connection: keep-alive
07-05 20:42:38.691 D/OkHttp  ( 4903): <-- END HTTP
07-05 20:42:38.692 D/HttpHandler( 4903): RetryIntercepter-->retryNum=0
07-05 20:42:38.692 D/HttpHandler( 4903): RetryIntercepter-->backoffmutiplier=0
07-05 20:42:38.702 I/FFMPEG  ( 1206): [mov,mp4,m4a,3gp,3g2,mj2 @ 0xf346c400] orig_nb_streams(2)
07-05 20:42:38.702 I/FFMPEG  ( 1206): [mov,mp4,m4a,3gp,3g2,mj2 @ 0xf346c400] Before avformat_find_stream_info() pos: 413026 bytes read:426780 seeks:0
07-05 20:42:38.705 I/FFMPEG  ( 1206): [NULL @ 0xf34df400] [Eval @ 0xf1da1eec] Undefined constant or missing '(' in ''
07-05 20:42:38.705 I/FFMPEG  ( 1206): [NULL @ 0xf34df400] Unable to parse option value ""
07-05 20:42:38.705 I/FFMPEG  ( 1206): [NULL @ 0xf34df400] Error setting option debug to value .
07-05 20:42:38.705 I/FFMPEG  ( 1206): [mov,mp4,m4a,3gp,3g2,mj2 @ 0xf346c400] Failed to open codec in av_find_stream_info
07-05 20:42:38.706 I/FFMPEG  ( 1206): [NULL @ 0xf34e0000] [Eval @ 0xf1da1eec] Undefined constant or missing '(' in ''
07-05 20:42:38.706 I/FFMPEG  ( 1206): [NULL @ 0xf34e0000] Unable to parse option value ""
07-05 20:42:38.706 I/FFMPEG  ( 1206): [NULL @ 0xf34e0000] Error setting option debug to value .
07-05 20:42:38.706 I/FFMPEG  ( 1206): [mov,mp4,m4a,3gp,3g2,mj2 @ 0xf346c400] Failed to open codec in av_find_stream_info
07-05 20:42:38.706 I/FFMPEG  ( 1206): [NULL @ 0xf34df400] try_decode_frame, i= 0, pkt->stream_index = 0
07-05 20:42:38.727 D/OsdMonitorService( 1733): mCurrentWindow = com.hisense.hicloud.edca/com.hisense.tvui.newhome.HomeMainActivity; newWindow = com.hisense.hicloud.edca/com.hisense.tvui.newhome.HomeMainActivity; isSubWindow = false; isInWinList = false; isExitNow = false
07-05 20:42:38.727 D/OsdMonitorService( 1733): windowNotOsd() : name = com.hisense.hicloud.edca/com.hisense.tvui.newhome.HomeMainActivity
07-05 20:42:38.727 I/OsdMonitorService( 1733): setOsdStatus() : status will change from true to true
07-05 20:42:38.729 D/PowerManagerService( 1733): setScreenBrightnessOverrideFromWindowManagerInternal done
07-05 20:42:38.731 I/FFMPEG  ( 1206): [h264 @ 0xf34df400] no picture 
07-05 20:42:38.732 D/PowerManagerService( 1733): setScreenBrightnessOverrideFromWindowManagerInternal done
07-05 20:42:38.742 W/SurfaceFlinger( 1204): couldn't log to binary event log: overflow.
07-05 20:42:38.745 D/PowerManagerService( 1733): setScreenBrightnessOverrideFromWindowManagerInternal done
07-05 20:42:38.758 D/hwcomposer( 1204): lastHWWindowInfo is dirty
07-05 20:42:38.780 D/OkHttp  ( 4903): --> GET http://api.edu.hismarttv.com/usercenter/api/media_individualize_data?media_id=3535&uuid=13287129&mac=a8:a6:48:18:fc:a8&devid=86100300900000500000060a4818fca8&version=00.002.003&subscriberId=13287129&customerId=7195320&model_id=0&APPPackage=com.hisense.hicloud.edca&PFAPPCode=652&APPVersionName=3.0.0.9.00&ChannelId=0&softwareVersion=LED50MU8600UC0000888&tv_distribute_id=00&devType=0&APIVersion=600&accessToken=72DF6038D2AEAB8A76DFBBBBCC428A4A_001179216587510 http/1.1
07-05 20:42:38.780 D/OkHttp  ( 4903): Data_Type: JSON
07-05 20:42:38.780 D/OkHttp  ( 4903): RetryTime: 0
07-05 20:42:38.780 D/OkHttp  ( 4903): Backoffmutiplier: 0
07-05 20:42:38.780 D/OkHttp  ( 4903): Host: api.edu.hismarttv.com
07-05 20:42:38.780 D/OkHttp  ( 4903): Connection: Keep-Alive
07-05 20:42:38.780 D/OkHttp  ( 4903): Accept-Encoding: gzip
07-05 20:42:38.780 D/OkHttp  ( 4903): User-Agent: okhttp/3.6.0
07-05 20:42:38.780 D/OkHttp  ( 4903): --> END GET
07-05 20:42:38.813 D/DetailPlayActivity( 4903): etFullScreenPlay(boolean fullscreen),not full screen played
07-05 20:42:38.814 D/DetailVideoPlayerContainer( 4903): setmIsFullScreen,want to set screen is full?false  mIsAutoFlag:false  .getStatus():UNKOWN
07-05 20:42:38.815 D/DetailVideoPlayerContainer( 4903): sunliqin,disMissCourseView===============
07-05 20:42:38.815 D/DetailCourseSelectorView( 4903): scrollRecylerView,POSITION:  0
07-05 20:42:38.815 D/DetailCourseSelectorView( 4903): 11befor scroll,mindex is : 0
07-05 20:42:38.815 D/DetailCourseSelectorView( 4903): sunliqin,setLastPlayViewIconGone,mindex is invalid
07-05 20:42:38.815 D/DetailCourseSelectorView( 4903): sunliqin,setLastPlayViewIconGone,find view is null
07-05 20:42:38.815 D/DetailVideoPlayerContainer( 4903): setLoadingLayoutParams,isFullScreen:false
07-05 20:42:38.817 I/DetailVideoPlayerContainer( 4903):  showPlayLimitView called. mPlayLimitTime = 0   mIsBought:false
07-05 20:42:38.820 D/DetailPlayActivity( 4903):  play  video ,mid:3535
07-05 20:42:38.822 D/DetailPlayActivity( 4903): sunliqin playMoreVideos,index:0
07-05 20:42:38.822 D/DetailPlayActivity( 4903): mIsSoldOut:false  mIsOrder:false
07-05 20:42:38.822 D/DetailVideoPlayerContainer( 4903): sunliqin playercontainer ,set data,sourcetag is:DetailPlayActivity3535
07-05 20:42:38.822 D/DetailVideoPlayerContainer( 4903): setData,BaseApplication.sTrailerEnable:1
07-05 20:42:38.822 D/DetailVideoPlayerContainer( 4903): sunliqin,setData,mIsBought: false   trailerPts:0
07-05 20:42:38.826 D/DetailVideoPlayerContainer( 4903): sunliqin,setData,index:0   trailer url is:null
07-05 20:42:38.826 D/DetailVideoPlayerContainer( 4903): sunliqin,no histroy,no trailer ,so first play video 0
07-05 20:42:38.827 D/DetailVideoPlayerContainer( 4903): sunliqin initVideoInfo(DetailsPage detail,int index),index:0   istrailer:false  mTotal lesson:48
07-05 20:42:38.827 D/DetailVideoPlayerContainer( 4903): initVideoInfo, the index is :0videos size:48
07-05 20:42:38.827 D/EduVideoUtils( 4903): sunliqin getVideoInfo
07-05 20:42:38.828 D/EduVideoUtils( 4903): sunliqin param:{"subTitle": "", "title": "1\u3001\u65b0\u6765\u7684\u90bb\u5c45\uff08\u4e0a\u7bc7\uff09", "url": "http://jhxvideo-ws.video-tx.com/renditionf/201608/212213056611024897/212213056611025409/9b/219104966755748100/219104978030035716/r219104978030035716-2000k-1280x720.mp4", "program_id": "3535", "episode_id": "28416", "isCollect": "${isCollect}", "position": "${history}", "resolution": 11}
07-05 20:42:38.828 D/EduVideoUtils( 4903): mTitle:null
07-05 20:42:38.828 D/EduVideoUtils( 4903):  mProgramId3535
07-05 20:42:38.828 D/EduVideoUtils( 4903):  mEpisodeId:35351
07-05 20:42:38.828 D/EduVideoUtils( 4903): mClassId:
07-05 20:42:38.828 D/EduVideoUtils( 4903): mTopicTitle:
07-05 20:42:38.828 D/EduVideoUtils( 4903): sunliqin,quality url ,21:http://jhxvideo-ws.video-tx.com/renditionf/201608/212213056611024897/212213056611025409/9b/219104966755748100/219104978030035716/r219104978030035716-2000k-1280x720.mp4
07-05 20:42:38.829 D/VideoInfo( 4903): sunliqin videoinfo,vendor is :URL
07-05 20:42:38.829 I/edu     ( 4903): ------- ==>mTypeCode = 1002
07-05 20:42:38.832 D/OkHttp  ( 4903): <-- 200 OK http://api.edu.hismarttv.com/usercenter/api/media_individualize_data?media_id=3535&uuid=13287129&mac=a8:a6:48:18:fc:a8&devid=86100300900000500000060a4818fca8&version=00.002.003&subscriberId=13287129&customerId=7195320&model_id=0&APPPackage=com.hisense.hicloud.edca&PFAPPCode=652&APPVersionName=3.0.0.9.00&ChannelId=0&softwareVersion=LED50MU8600UC0000888&tv_distribute_id=00&devType=0&APIVersion=600&accessToken=72DF6038D2AEAB8A76DFBBBBCC428A4A_001179216587510 (51ms)
07-05 20:42:38.832 D/OkHttp  ( 4903): Server: nginx
07-05 20:42:38.832 D/OkHttp  ( 4903): Date: Wed, 05 Jul 2017 12:42:38 GMT
07-05 20:42:38.832 D/OkHttp  ( 4903): Content-Type: application/json
07-05 20:42:38.832 D/OkHttp  ( 4903): Content-Length: 210
07-05 20:42:38.832 D/OkHttp  ( 4903): Connection: close
07-05 20:42:38.832 D/OkHttp  ( 4903): <-- END HTTP
07-05 20:42:38.833 I/CommonUtils( 4903):  object to json {"21":"http://jhxvideo-ws.video-tx.com/renditionf/201608/212213056611024897/212213056611025409/9b/219104966755748100/219104978030035716/r219104978030035716-2000k-1280x720.mp4"}
07-05 20:42:38.833 D/UrlPlayInfo( 4903): sunliqin,url list:{"21":"http://jhxvideo-ws.video-tx.com/renditionf/201608/212213056611024897/212213056611025409/9b/219104966755748100/219104978030035716/r219104978030035716-2000k-1280x720.mp4"}
07-05 20:42:38.833 I/UrlPlayInfo( 4903):  sunliqin UrlPlayInfo constructor called, urls is {21=http://jhxvideo-ws.video-tx.com/renditionf/201608/212213056611024897/212213056611025409/9b/219104966755748100/219104978030035716/r219104978030035716-2000k-1280x720.mp4}
07-05 20:42:38.841 I/CommonUtils( 4903):  object to json {"21":"http://jhxvideo-ws.video-tx.com/renditionf/201608/212213056611024897/212213056611025409/9b/219104966755748100/219104978030035716/r219104978030035716-2000k-1280x720.mp4"}
07-05 20:42:38.841 D/VideoInfo( 4903): sunliqin, ============quality url list=============== {"21":"http://jhxvideo-ws.video-tx.com/renditionf/201608/212213056611024897/212213056611025409/9b/219104966755748100/219104978030035716/r219104978030035716-2000k-1280x720.mp4"}
07-05 20:42:38.841 D/EduVideoUtils( 4903): sunliqin,Init videoinfo,info.sPlayLimitTime:-1  total:48  sindex:0  sPosterUrl:http://picture.edu.hismarttv.com/images/20170629/.jpg    venderid: 1040  sResolution:11
07-05 20:42:38.843 D/DetailVideoPlayerContainer( 4903): sunliqin,getVideoLastPlayPosition,position:0
07-05 20:42:38.843 D/VideoInfo( 4903): setmPosition,mPosition:0
07-05 20:42:38.843 D/DetailCourseSelectorView( 4903): scrollRecylerView,POSITION:  0
07-05 20:42:38.843 D/DetailCourseSelectorView( 4903): 11befor scroll,mindex is : 0
07-05 20:42:38.843 D/DetailCourseSelectorView( 4903): sunliqin,setLastPlayViewIconGone,set last video flag is false
07-05 20:42:38.843 D/DetailCourseSelectorView( 4903): sunliqin,setLastPlayViewIconGone,find view is null
07-05 20:42:38.843 D/DetailVideoPlayerContainer( 4903): initPlayer==========,to delay 500ms
07-05 20:42:38.843 I/DetailVideoPlayerContainer( 4903):  show laoding View called 
07-05 20:42:38.845 D/DetailVideoPlayerContainer( 4903): Handler send msg MSG_INIT_PLAYER,delay 500ms 
07-05 20:42:38.845 D/DetailVideoPlayerContainer( 4903): reportVideoPrepareStartLog!!!!!current videos id is : 35351
07-05 20:42:38.846 D/til@system( 2026): til_get_system_param option:1000007 int:-1936523008, bool:0, ret:0
07-05 20:42:38.846 D/til@system( 2026): til_get_system_param option:1000009 int:-1815633792, bool:128, ret:0
07-05 20:42:38.848 D/til@system( 2026): til_get_system_param option:1000008 int:-1936522368, bool:128, ret:0
07-05 20:42:38.848 D/HiSDKLogReport( 4903): getOperationDetail-productName : LED50MU8600UC
07-05 20:42:38.848 D/HiSDKLogReport( 4903): getOperationDetail-plmNumber : 88888
07-05 20:42:38.848 D/HiSDKLogReport( 4903): getOperationDetail-swVersion : V0000.00.01A
07-05 20:42:38.848 D/HiSDKLogReport( 4903): getOperationDetail-operationDetail : LED50MU8600UC0000888
07-05 20:42:38.849 D/HiSDKLogReport( 4903): businessLogReport-log : {autoplay=1, eventType=229, APPVersionName=3.0.0.9.00, devid=86100300900000500000060a4818fca8, uuid=13287129, APIversion=501, eventcode=229001, logversion=2.0, devType=0, eventPos=001, ChannelId=0, version=00.002.003, subscriberId=13287129, PFAPPCode=652, softwareVersion=LED50MU8600UC0000888, srceventcode=207000, videoid=35351, srcmediaid=, mac=a8:a6:48:18:fc:a8, accessToken=72DF6038D2AEAB8A76DFBBBBCC428A4A_001179216587510, srcoriginal=1, APPPackage=com.hisense.hicloud.edca, mediaid=3535, sessionid=b9c7e011ec304d159646936aea12c982, requesttime=1499258558848, customerId=7195320, model_id=0, requestid=6821765a585f40e28f2a434084ab81db, tv_distribute_id=00, APIVersion=600, issysrepo=0}
07-05 20:42:38.849 D/DetailPlayActivity( 4903): scrollCourseView,POS:0
07-05 20:42:38.849 D/DetailCourseSelectorView( 4903): scrollRecylerView,POSITION:  0
07-05 20:42:38.849 D/DetailCourseSelectorView( 4903): 11befor scroll,mindex is : 0
07-05 20:42:38.849 D/DetailCourseSelectorView( 4903): sunliqin,setLastPlayViewIconGone,set last video flag is false
07-05 20:42:38.849 D/DetailCourseSelectorView( 4903): sunliqin,setLastPlayViewIconGone,find view is null
07-05 20:42:38.849 I/DetailPlayActivity( 4903): loadDataTime : 7400421   1189
07-05 20:42:38.851 D/til@system( 2026): til_get_system_param option:1000007 int:-1936525184, bool:128, ret:0
07-05 20:42:38.852 D/til@system( 2026): til_get_system_param option:1000009 int:-1815634176, bool:0, ret:0
07-05 20:42:38.853 D/til@system( 2026): til_get_system_param option:1000008 int:-1815632896, bool:0, ret:0
07-05 20:42:38.853 D/HiSDKLogReport( 4903): getOperationDetail-productName : LED50MU8600UC
07-05 20:42:38.853 D/HiSDKLogReport( 4903): getOperationDetail-plmNumber : 88888
07-05 20:42:38.853 D/HiSDKLogReport( 4903): getOperationDetail-swVersion : V0000.00.01A
07-05 20:42:38.853 D/HiSDKLogReport( 4903): getOperationDetail-operationDetail : LED50MU8600UC0000888
07-05 20:42:38.854 D/HiSDKLogReport( 4903): processLogReport-log : {eventType=110, appKey=1182445233, APPVersionName=3.0.0.9.00, devid=86100300900000500000060a4818fca8, mac=a8:a6:48:18:fc:a8, uuid=13287129, accessToken=72DF6038D2AEAB8A76DFBBBBCC428A4A_001179216587510, APIversion=501, logversion=2.0, devType=0, APPPackage=com.hisense.hicloud.edca, eventPos=003, requesttime=1499258558854, customerId=7195320, value2=, eventMessage=InitDataAfterConnection, value1=1189, model_id=0, ChannelId=0, version=00.002.003, tv_distribute_id=00, subscriberId=13287129, APIVersion=600, PFAPPCode=652, softwareVersion=LED50MU8600UC0000888}
07-05 20:42:38.855 W/System.err( 4903): java.net.ConnectException: failed to connect to /10.18.210.112 (port 8900) after 6000ms: isConnected failed: ECONNREFUSED (Connection refused)
07-05 20:42:38.856 W/System.err( 4903): 	at libcore.io.IoBridge.isConnected(IoBridge.java:238)
07-05 20:42:38.856 W/System.err( 4903): 	at libcore.io.IoBridge.connectErrno(IoBridge.java:171)
07-05 20:42:38.856 W/System.err( 4903): 	at libcore.io.IoBridge.connect(IoBridge.java:122)
07-05 20:42:38.856 W/System.err( 4903): 	at java.net.PlainSocketImpl.connect(PlainSocketImpl.java:183)
07-05 20:42:38.856 W/System.err( 4903): 	at java.net.PlainSocketImpl.connect(PlainSocketImpl.java:456)
07-05 20:42:38.856 W/System.err( 4903): 	at java.net.Socket.connect(Socket.java:882)
07-05 20:42:38.856 W/System.err( 4903): 	at com.android.okhttp.internal.Platform.connectSocket(Platform.java:174)
07-05 20:42:38.856 W/System.err( 4903): 	at com.android.okhttp.Connection.connect(Connection.java:152)
07-05 20:42:38.856 W/System.err( 4903): 	at com.android.okhttp.internal.http.HttpEngine.connect(HttpEngine.java:276)
07-05 20:42:38.856 W/System.err( 4903): 	at com.android.okhttp.internal.http.HttpEngine.sendRequest(HttpEngine.java:211)
07-05 20:42:38.856 W/System.err( 4903): 	at com.android.okhttp.internal.http.HttpURLConnectionImpl.execute(HttpURLConnectionImpl.java:382)
07-05 20:42:38.856 W/System.err( 4903): 	at com.android.okhttp.internal.http.HttpURLConnectionImpl.connect(HttpURLConnectionImpl.java:106)
07-05 20:42:38.856 W/System.err( 4903): 	at com.hisense.hitv.hicloud.util.ExceptionReport.a(ExceptionReport.java:337)
07-05 20:42:38.856 W/System.err( 4903): 	at com.hisense.hitv.hicloud.util.ExceptionReport.a(ExceptionReport.java:39)
07-05 20:42:38.856 W/System.err( 4903): 	at com.hisense.hitv.hicloud.util.ExceptionReport$1.run(ExceptionReport.java:83)
07-05 20:42:38.856 W/System.err( 4903): 	at java.lang.Thread.run(Thread.java:818)
07-05 20:42:38.856 W/System.err( 4903): Caused by: android.system.ErrnoException: isConnected failed: ECONNREFUSED (Connection refused)
07-05 20:42:38.856 W/System.err( 4903): 	at libcore.io.IoBridge.isConnected(IoBridge.java:223)
07-05 20:42:38.856 W/System.err( 4903): 	... 15 more
07-05 20:42:38.858 I/FFMPEG  ( 1206): [mov,mp4,m4a,3gp,3g2,mj2 @ 0xf346c400] i(1) > pkt->stream_index(0),conitnue
07-05 20:42:38.858 I/FFMPEG  ( 1206): [NULL @ 0xf34e0000] try_decode_frame, i= 1, pkt->stream_index = 1
07-05 20:42:38.870 I/FFMPEG  ( 1206): [aac @ 0xf34e0000] skip whole frame, skip left: 0
07-05 20:42:38.873 I/FFMPEG  ( 1206): [mov,mp4,m4a,3gp,3g2,mj2 @ 0xf346c400] After avformat_find_stream_info() pos: 473274 bytes read:492316 seeks:0 frames:3
07-05 20:42:38.873 I/FFmpegExtractor( 1206): the duration is 00:08:58.08
07-05 20:42:38.873 I/FFmpegExtractor( 1206): streamIndex: 0 ,stream_index 0
07-05 20:42:38.873 D/FFmpegExtractor( 1206): is_codec_supported codec_id is 28
07-05 20:42:38.873 D/FFmpegExtractor( 1206): setVideoFormat avctx->codec_id is 28
07-05 20:42:38.873 V/codec_utils( 1206): AVC
07-05 20:42:38.873 I/FFmpegExtractor( 1206): the time is 00:08:58.08
07-05 20:42:38.873 I/FFmpegExtractor( 1206): streamIndex: 1 ,stream_index 1
07-05 20:42:38.873 D/FFmpegExtractor( 1206): is_codec_supported codec_id is 86018
07-05 20:42:38.873 V/codec_utils( 1206): AAC
07-05 20:42:38.873 V/codec_utils( 1206): aac profile: 1, sf_index: 4, channel: 2
07-05 20:42:38.873 I/FFmpegExtractor( 1206): bit_rate: 55687, sample_rate: 44100, channels: 2, bits_per_coded_sample: 16, block_align:0
07-05 20:42:38.873 I/FFmpegExtractor( 1206): the time is 00:08:58.00
07-05 20:42:38.873 D/FFmpegExtractor( 1206): Reader thread started
07-05 20:42:38.873 D/FFmpegExtractor( 1206): supported mime: video/mp4
07-05 20:42:38.873 W/avc_utils( 1206): [3D detect]It is not SEI Nal
07-05 20:42:38.873 W/avc_utils( 1206): [3D detect]It is not SEI Nal
07-05 20:42:38.873 W/avc_utils( 1206): [3D detect]It is not SEI Nal
07-05 20:42:38.895 D/HttpHandler( 4903): RetryIntercepter-->retryNum=0
07-05 20:42:38.895 D/HttpHandler( 4903): RetryIntercepter-->backoffmutiplier=0
07-05 20:42:38.910 D/HttpHandler( 4903): VerifySignInterCeptor-->dateType=1
07-05 20:42:38.910 D/HttpHandler( 4903): VerifySignInterCeptor-->HttpRequestManager.httpClietOption.getVerifyFlag()=1
07-05 20:42:38.913 I/art     ( 4903): Background partial concurrent mark sweep GC freed 13375(754KB) AllocSpace objects, 5(1758KB) LOS objects, 10% free, 33MB/37MB, paused 4ms total 108.966ms
07-05 20:42:38.917 D/PowerManagerService( 1733): acquireWakeLockInternal: lock=113832109, flags=0x1, tag="NetworkStats", ws=null, uid=1000, pid=1733
07-05 20:42:38.917 D/PowerManagerNotifier( 1733): onWakeLockAcquired: flags=1, tag="NetworkStats", packageName=android, ownerUid=1000, ownerPid=1733, workSource=null
07-05 20:42:38.917 D/NtpTrustedTime( 1733): currentTimeMillis() cache hit
07-05 20:42:38.923 D/NtpTrustedTime( 1733): currentTimeMillis() cache hit
07-05 20:42:38.924 D/PowerManagerService( 1733): releaseWakeLockInternal: lock=113832109 [NetworkStats], flags=0x0
07-05 20:42:38.924 D/PowerManagerNotifier( 1733): onWakeLockReleased: flags=1, tag="NetworkStats", packageName=android, ownerUid=1000, ownerPid=1733, workSource=null
07-05 20:42:38.924 D/NtpTrustedTime( 1733): currentTimeMillis() cache hit
07-05 20:42:38.924 D/NtpTrustedTime( 1733): currentTimeMillis() cache hit
07-05 20:42:38.934 I/NuCachedSource2( 1206): new range: offset= 218840569
07-05 20:42:38.934 I/NuCachedSource2( 1206): seekInternal_l ---- totalSize: 2359296
07-05 20:42:38.934 D/MediaHTTPConnection( 4903): offset = 218840569, mCurrentOffset = 2359296
07-05 20:42:38.934 D/MediaHTTPConnection( 4903): seekTo 218840569
07-05 20:42:38.934 D/MediaHTTPConnection( 4903): teardownConnection
07-05 20:42:38.937 I/TVMW@HsTvSetting( 1234): Trace cmd, data = 0x1058
07-05 20:42:38.937 D/til@system( 2026): til_get_system_param option:100002F int:0, bool:0, ret:0
07-05 20:42:38.938 I/TVMW@HsTvSetting( 1234): Trace cmd, data = 0x101f
07-05 20:42:38.938 D/til@system( 2026): til_get_system_param option:100001D int:3, bool:3, ret:0
07-05 20:42:38.939 E/til     ( 2026): [til_get_current_input_source, 101] 
07-05 20:42:38.939 I/TVMW@HsTvSetting( 1234): Trace cmd, data = 0x7007
07-05 20:42:38.939 I/tilwrapper@sm( 2026): HS2TIL_SourceType *hs=0xd, *til=0x900
07-05 20:42:38.939 D/til     ( 2026): get current source 2304
07-05 20:42:38.939 D/SourceRemoteServiceHandler( 2026): getCurrentInputSource.from.til.result is 0, value is 2304
07-05 20:42:38.939 D/SourceRemoteServiceHandler( 2026): getInputSourceType source: 0x900, type=2304
07-05 20:42:38.939 D/til     ( 2026): ###### func:til_get_picture_param option:0x3000006 ######  
07-05 20:42:38.939 I/TVMW@HsTvSetting( 1234): Trace cmd, data = 0x1003
07-05 20:42:38.940 I/TVMW@HsTvSetting( 1234): Trace cmd, data = 0x8032
07-05 20:42:38.940 I/hstvos  ( 1216): [0m[1;33m[HSHAL][HS_VIDEO][HS_HAL_Video_SetOsdDetect_v2][2389]u16Threshold = 20
07-05 20:42:38.940 E/TVMW@videoctrl( 1234):  getOsd is 1
07-05 20:42:38.940 E/TVMW@videoctrl( 1234): hs_mw_videoctrl.cpp getOsdShow result is        1
07-05 20:42:38.940 D/til@system( 2026): til_get_system_param option:1000027 int:1, bool:1, ret:0
07-05 20:42:38.941 D/til     ( 2026): ###### func:til_get_picture_param option:0x3000045 ######  
07-05 20:42:38.941 I/TVMW@HsTvSetting( 1234): Trace cmd, data = 0x300c
07-05 20:42:38.941 I/TVMW@HsTvSetting( 1234): Trace 3d, data = 0x300c
07-05 20:42:38.941 I/TVMW@3d ( 1234): Hs_debug3d_trace: func:get3dStatus, line:109
07-05 20:42:38.941 I/MiSysSrv( 1214): Not support now! 42, change to mm_video!!!
07-05 20:42:38.957 D/HttpHandler( 4903): VerifySignInterCeptor-->content={"user_collect": false}
07-05 20:42:39.035 D/MediaHTTPConnection( 4903): close inputstream
07-05 20:42:39.039 I/TVMW@devctrl( 1234): wdt
07-05 20:42:39.040 D/MediaHTTPConnection( 4903): hitting http://jhxvideo-ws.video-tx.com/rendition/201705/205989353451683841/205989353451684353/bb/243216185158536196/243216215223308548/r243216215223308548-3200k-1920x1080.mp4?wsSecret=5d00bbdb9311b8f0a7de6693a7099b4a&wsTime=595cdebc
07-05 20:42:39.082 D/MediaHTTPConnection( 4903): [Connection@802045933] response.heeader.null = HTTP/1.1 206 Partial Content
07-05 20:42:39.082 D/MediaHTTPConnection( 4903): [Connection@802045933] response.heeader.Accept-Ranges = bytes
07-05 20:42:39.082 D/MediaHTTPConnection( 4903): [Connection@802045933] response.heeader.Age = 3312764
07-05 20:42:39.083 D/MediaHTTPConnection( 4903): [Connection@802045933] response.heeader.Cache-Control = max-age=5184000
07-05 20:42:39.083 D/MediaHTTPConnection( 4903): [Connection@802045933] response.heeader.Connection = keep-alive
07-05 20:42:39.083 D/MediaHTTPConnection( 4903): [Connection@802045933] response.heeader.Content-Length = 128
07-05 20:42:39.083 D/MediaHTTPConnection( 4903): [Connection@802045933] response.heeader.Content-MD5 = b0d2FgZ34VxS2J9TYuIjgA==
07-05 20:42:39.083 D/MediaHTTPConnection( 4903): [Connection@802045933] response.heeader.Content-Range = bytes 218840569-218840696/218840697
07-05 20:42:39.083 D/MediaHTTPConnection( 4903): [Connection@802045933] response.heeader.Content-Type = application/octet-stream
07-05 20:42:39.083 D/MediaHTTPConnection( 4903): [Connection@802045933] response.heeader.Date = Sun, 28 May 2017 04:29:55 GMT
07-05 20:42:39.083 D/MediaHTTPConnection( 4903): [Connection@802045933] response.heeader.ETag = "6F4776160677E15C52D89F5362E22380"
07-05 20:42:39.083 D/MediaHTTPConnection( 4903): [Connection@802045933] response.heeader.Last-Modified = Mon, 08 May 2017 17:24:17 GMT
07-05 20:42:39.083 D/MediaHTTPConnection( 4903): [Connection@802045933] response.heeader.Server = nginx/1.2.4
07-05 20:42:39.083 D/MediaHTTPConnection( 4903): [Connection@802045933] response.heeader.Via = 1.1 chshx150:7 (Cdn Cache Server V2.0)[95 200 2], 1.1 zhdxxz41:2 (Cdn Cache Server V2.0)[25 200 0], 1.1 daodianxinxiazai144:3 (Cdn Cache Server V2.0)[0 200 0]
07-05 20:42:39.083 D/MediaHTTPConnection( 4903): [Connection@802045933] response.heeader.X-Android-Received-Millis = 1499258559082
07-05 20:42:39.083 D/MediaHTTPConnection( 4903): [Connection@802045933] response.heeader.X-Android-Response-Source = NETWORK 206
07-05 20:42:39.083 D/MediaHTTPConnection( 4903): [Connection@802045933] response.heeader.X-Android-Sent-Millis = 1499258559071
07-05 20:42:39.083 D/MediaHTTPConnection( 4903): [Connection@802045933] response.heeader.x-oss-hash-crc64ecma = 10858506031335928878
07-05 20:42:39.083 D/MediaHTTPConnection( 4903): [Connection@802045933] response.heeader.x-oss-object-type = Normal
07-05 20:42:39.083 D/MediaHTTPConnection( 4903): [Connection@802045933] response.heeader.x-oss-request-id = 591D64783FEA2FF75DF4AA6E
07-05 20:42:39.083 D/MediaHTTPConnection( 4903): [Connection@802045933] response.heeader.x-oss-server-time = 46
07-05 20:42:39.083 D/MediaHTTPConnection( 4903): [Connection@802045933] response.heeader.x-oss-storage-class = Standard
07-05 20:42:39.084 I/NuCachedSource2( 1206): caching reached eos.
07-05 20:42:39.085 V/NuPlayer( 1206): Video input format 1920 x 1080
07-05 20:42:39.085 V/NuPlayer( 1206): updateVideoSize::rotationDegrees=0
07-05 20:42:39.085 W/avc_utils( 1206): [3D detect]It is not SEI Nal
07-05 20:42:39.085 E/NuPlayerDriver( 1206): notifyDuration (538083333)
07-05 20:42:39.085 W/avc_utils( 1206): [3D detect]It is not SEI Nal
07-05 20:42:39.085 W/avc_utils( 1206): [3D detect]It is not SEI Nal
07-05 20:42:39.088 D/PowerManagerService( 1733): setScreenBrightnessOverrideFromWindowManagerInternal done
07-05 20:42:39.102 I/        ( 4903): W = 90, H = 90
07-05 20:42:39.107 I/NuCachedSource2( 1206): new range: offset= 2359296
07-05 20:42:39.107 I/NuCachedSource2( 1206): seekInternal_l ---- totalSize: 2359424
07-05 20:42:39.112 I/MyFragmentStateAdapter( 4903): getCount
07-05 20:42:39.117 E/btif_config( 2964): [btif_config_get] node is TRUE!
07-05 20:42:39.117 E/btif_config( 2964): [btif_config_get] ret is TRUE!
07-05 20:42:39.126 D/DetailVideoPlayerContainer( 4903): receive,CONNECTIVITY_ACTION,mDetailListener:com.hisense.hicloud.edca.mediaplayer.activity.DetailPlayActivity@3e06d171
07-05 20:42:39.126 D/DetailVideoPlayerContainer( 4903): receive,CONNECTIVITY_ACTION,mDetailListener.isActivityResume():false
07-05 20:42:39.126 D/DetailCourseSelectorView( 4903): sunliqin,setPlayIcon,set last video flag is true
07-05 20:42:39.126 D/DetailCourseSelectorView( 4903): sunliqin,setPlayIcon,findposition view is not null
07-05 20:42:39.126 D/DetailCourseSelectorView( 4903): GGGGGGGGGGGGGGGGGGGGGGGGGG,mPosition: 0
07-05 20:42:39.126 D/DetailCourseSelectorView( 4903): sunliqin,no focus, set course play icon is selected
07-05 20:42:39.127 D/DetailCourseSelectorView( 4903): 22after scroll,mindex is : 0
07-05 20:42:39.127 D/DetailVideoPlayerContainer( 4903): receive,CONNECTIVITY_ACTION,mDetailListener:com.hisense.hicloud.edca.mediaplayer.activity.DetailPlayActivity@3e06d171
07-05 20:42:39.127 D/DetailVideoPlayerContainer( 4903): receive,CONNECTIVITY_ACTION,mDetailListener.isActivityResume():false
07-05 20:42:39.127 D/DetailCourseSelectorView( 4903): sunliqin,setPlayIcon,set last video flag is true
07-05 20:42:39.127 D/DetailCourseSelectorView( 4903): sunliqin,setPlayIcon,findposition view is not null
07-05 20:42:39.127 D/DetailCourseSelectorView( 4903): GGGGGGGGGGGGGGGGGGGGGGGGGG,mPosition: 0
07-05 20:42:39.127 D/DetailCourseSelectorView( 4903): sunliqin,no focus, set course play icon is selected
07-05 20:42:39.127 D/DetailCourseSelectorView( 4903): 22after scroll,mindex is : 0
07-05 20:42:39.127 D/DetailCourseSelectorView( 4903): sunliqin,setPlayIcon,set last video flag is true
07-05 20:42:39.127 D/DetailCourseSelectorView( 4903): sunliqin,setPlayIcon,findposition view is not null
07-05 20:42:39.127 D/DetailCourseSelectorView( 4903): GGGGGGGGGGGGGGGGGGGGGGGGGG,mPosition: 0
07-05 20:42:39.130 D/DetailCourseSelectorView( 4903): sunliqin,no focus, set course play icon is selected
07-05 20:42:39.130 D/DetailCourseSelectorView( 4903): 22after scroll,mindex is : 0
07-05 20:42:39.136 D/HiNetworkImpl( 4903): doHttp_Asyn(): onReqResponse isSuccessful = true, back from thread: main
07-05 20:42:39.136 I/HiNetworkImpl( 4903): doHttp_Asyn(): onSuccess clazz = class com.hisense.sdk.domain.DetailCollectionStatus, back from thread: main
07-05 20:42:39.136 D/DetailPlayActivity( 4903): getDetailCollectionStatus,onSuccess
07-05 20:42:39.137 V/MediaPlayer-JNI( 4903): getVideoWidth: 1920
07-05 20:42:39.137 V/MediaPlayer-JNI( 4903): getVideoHeight: 1080
07-05 20:42:39.141 E/MediaPlayer( 4903): Should have subtitle controller already set
07-05 20:42:39.141 V/MediaPlayer-JNI( 4903): getVideoWidth: 1920
07-05 20:42:39.141 V/MediaPlayer-JNI( 4903): getVideoHeight: 1080
07-05 20:42:39.141 V/MediaPlayer-JNI( 4903): isPlaying: 0
07-05 20:42:39.141 D/Carousel-UrlVideoView( 4903): isInPlaybackState=true
07-05 20:42:39.141 D/Carousel-UrlVideoView( 4903): mCurrentState=2
07-05 20:42:39.142 V/MediaPlayer-JNI( 4903): getCurrentPosition: 0 (msec)
07-05 20:42:39.142 I/MyFragmentStateAdapter( 4903): getCount
07-05 20:42:39.142 I/MyFragmentStateAdapter( 4903): getCount
07-05 20:42:39.143 I/MyFragmentStateAdapter( 4903): getCount
07-05 20:42:39.143 I/MyFragmentStateAdapter( 4903): getCount
07-05 20:42:39.147 I/MyFragmentStateAdapter( 4903): getCount
07-05 20:42:39.149 E/audio_hw_primary( 1206): out_standby
07-05 20:42:39.150 D/PowerManagerService( 1733): releaseWakeLockInternal: lock=732225773 [AudioMix], flags=0x0
07-05 20:42:39.150 D/PowerManagerNotifier( 1733): onWakeLockReleased: flags=1, tag="AudioMix", packageName=media, ownerUid=1013, ownerPid=0, workSource=null
07-05 20:42:39.156 D/gralloc ( 1204): allocate buffer from ION HEAP 0x1
07-05 20:42:39.157 D/gralloc ( 1204): allocate memory from system heap
07-05 20:42:39.187 D/MediaHTTPConnection( 4903): connect: uri=http://jhxvideo-ws.video-tx.com/rendition/201705/205989353451683841/205989353451684353/bb/243216185158536196/243216215223308548/r243216215223308548-3200k-1920x1080.mp4?wsSecret=5d00bbdb9311b8f0a7de6693a7099b4a&wsTime=595cdebc, headers=User-Agent: stagefright/1.2 (Linux;Android 5.1.1)
07-05 20:42:39.187 D/MediaHTTPConnection( 4903): teardownConnection
07-05 20:42:39.187 D/MediaHTTPConnection( 4903): close inputstream
07-05 20:42:39.189 D/MediaHTTPConnection( 4903): offset = 2359296, mCurrentOffset = -1
07-05 20:42:39.189 D/MediaHTTPConnection( 4903): seekTo 2359296
07-05 20:42:39.190 D/MediaHTTPConnection( 4903): hitting http://jhxvideo-ws.video-tx.com/rendition/201705/205989353451683841/205989353451684353/bb/243216185158536196/243216215223308548/r243216215223308548-3200k-1920x1080.mp4?wsSecret=5d00bbdb9311b8f0a7de6693a7099b4a&wsTime=595cdebc
07-05 20:42:39.195 D/gralloc ( 1204): allocate buffer from ION HEAP 0x1
07-05 20:42:39.195 D/gralloc ( 1204): allocate memory from system heap
07-05 20:42:39.219 D/MediaHTTPConnection( 4903): [Connection@524034477] response.heeader.null = HTTP/1.1 206 Partial Content
07-05 20:42:39.219 D/MediaHTTPConnection( 4903): [Connection@524034477] response.heeader.Accept-Ranges = bytes
07-05 20:42:39.219 D/MediaHTTPConnection( 4903): [Connection@524034477] response.heeader.Age = 3312764
07-05 20:42:39.219 D/MediaHTTPConnection( 4903): [Connection@524034477] response.heeader.Cache-Control = max-age=5184000
07-05 20:42:39.220 D/MediaHTTPConnection( 4903): [Connection@524034477] response.heeader.Connection = keep-alive
07-05 20:42:39.220 D/MediaHTTPConnection( 4903): [Connection@524034477] response.heeader.Content-Length = 216481401
07-05 20:42:39.220 D/MediaHTTPConnection( 4903): [Connection@524034477] response.heeader.Content-MD5 = b0d2FgZ34VxS2J9TYuIjgA==
07-05 20:42:39.220 D/MediaHTTPConnection( 4903): [Connection@524034477] response.heeader.Content-Range = bytes 2359296-218840696/218840697
07-05 20:42:39.220 D/MediaHTTPConnection( 4903): [Connection@524034477] response.heeader.Content-Type = application/octet-stream
07-05 20:42:39.220 D/MediaHTTPConnection( 4903): [Connection@524034477] response.heeader.Date = Sun, 28 May 2017 04:29:55 GMT
07-05 20:42:39.220 D/MediaHTTPConnection( 4903): [Connection@524034477] response.heeader.ETag = "6F4776160677E15C52D89F5362E22380"
07-05 20:42:39.220 D/MediaHTTPConnection( 4903): [Connection@524034477] response.heeader.Last-Modified = Mon, 08 May 2017 17:24:17 GMT
07-05 20:42:39.220 D/MediaHTTPConnection( 4903): [Connection@524034477] response.heeader.Server = nginx/1.2.4
07-05 20:42:39.220 D/MediaHTTPConnection( 4903): [Connection@524034477] response.heeader.Via = 1.1 chshx150:7 (Cdn Cache Server V2.0)[95 200 2], 1.1 zhdxxz41:2 (Cdn Cache Server V2.0)[25 200 0], 1.1 daodianxinxiazai144:3 (Cdn Cache Server V2.0)[0 200 0]
07-05 20:42:39.220 D/MediaHTTPConnection( 4903): [Connection@524034477] response.heeader.X-Android-Received-Millis = 1499258559217
07-05 20:42:39.220 D/MediaHTTPConnection( 4903): [Connection@524034477] response.heeader.X-Android-Response-Source = NETWORK 206
07-05 20:42:39.221 D/MediaHTTPConnection( 4903): [Connection@524034477] response.heeader.X-Android-Sent-Millis = 1499258559204
07-05 20:42:39.221 D/MediaHTTPConnection( 4903): [Connection@524034477] response.heeader.x-oss-hash-crc64ecma = 10858506031335928878
07-05 20:42:39.221 D/MediaHTTPConnection( 4903): [Connection@524034477] response.heeader.x-oss-object-type = Normal
07-05 20:42:39.221 D/MediaHTTPConnection( 4903): [Connection@524034477] response.heeader.x-oss-request-id = 591D64783FEA2FF75DF4AA6E
07-05 20:42:39.221 D/MediaHTTPConnection( 4903): [Connection@524034477] response.heeader.x-oss-server-time = 46
07-05 20:42:39.221 D/MediaHTTPConnection( 4903): [Connection@524034477] response.heeader.x-oss-storage-class = Standard
07-05 20:42:39.227 D/gralloc ( 1204): allocate buffer from ION HEAP 0x1
07-05 20:42:39.227 D/gralloc ( 1204): allocate memory from system heap
07-05 20:42:39.260 I/NuCachedSource2( 1206): retrying a previously failed read succeeded.
07-05 20:42:39.296 D/PowerManagerService( 1733): acquireWakeLockInternal: lock=113832109, flags=0x1, tag="NetworkStats", ws=null, uid=1000, pid=1733
07-05 20:42:39.296 D/PowerManagerNotifier( 1733): onWakeLockAcquired: flags=1, tag="NetworkStats", packageName=android, ownerUid=1000, ownerPid=1733, workSource=null
07-05 20:42:39.296 D/NtpTrustedTime( 1733): currentTimeMillis() cache hit
07-05 20:42:39.307 D/NtpTrustedTime( 1733): currentTimeMillis() cache hit
07-05 20:42:39.319 D/PowerManagerService( 1733): releaseWakeLockInternal: lock=113832109 [NetworkStats], flags=0x0
07-05 20:42:39.319 D/NtpTrustedTime( 1733): currentTimeMillis() cache hit
07-05 20:42:39.319 D/NtpTrustedTime( 1733): currentTimeMillis() cache hit
07-05 20:42:39.319 D/PowerManagerNotifier( 1733): onWakeLockReleased: flags=1, tag="NetworkStats", packageName=android, ownerUid=1000, ownerPid=1733, workSource=null
07-05 20:42:39.335 D/HDMI    ( 1733): [P]:AllocatedAddress=[]
07-05 20:42:39.373 D/DetailVideoPlayerContainer( 4903): initPlayer===info is not null=======
07-05 20:42:39.382 I/CommonUtils( 4903):  object to json {"21":"http://jhxvideo-ws.video-tx.com/renditionf/201608/212213056611024897/212213056611025409/9b/219104966755748100/219104978030035716/r219104978030035716-2000k-1280x720.mp4"}
07-05 20:42:39.382 D/DetailVideoPlayerContainer( 4903): sunliqin, info.getUrls(){"21":"http://jhxvideo-ws.video-tx.com/renditionf/201608/212213056611024897/212213056611025409/9b/219104966755748100/219104978030035716/r219104978030035716-2000k-1280x720.mp4"}
07-05 20:42:39.382 D/DetailVideoPlayerContainer( 4903): sunliqin ,initUrlPlayer
07-05 20:42:39.383 D/UrlPlayView( 4903): sunliqin UrlPlayView init!!
07-05 20:42:39.386 I/MyVideoView( 4903): check if VIDDA3 and mIsLetvVideo,mUseCmpbPlayer=false mIsLetvVideo=false
07-05 20:42:39.388 I/UrlPlayView( 4903): sunliqin, startUrlPlay, url is null res is11
07-05 20:42:39.389 I/VideoInfo( 4903):  value=null abs=40
07-05 20:42:39.389 I/VideoInfo( 4903):  value=null abs=30
07-05 20:42:39.389 I/VideoInfo( 4903):  value=null abs=20
07-05 20:42:39.389 I/VideoInfo( 4903):  value=http://jhxvideo-ws.video-tx.com/renditionf/201608/212213056611024897/212213056611025409/9b/219104966755748100/219104978030035716/r219104978030035716-2000k-1280x720.mp4 abs=10
07-05 20:42:39.389 I/VideoInfo( 4903): getOtherUrl(), the new res=21
07-05 20:42:39.389 I/UrlPlayView( 4903):  sunliqin setvideo:http://jhxvideo-ws.video-tx.com/renditionf/201608/212213056611024897/212213056611025409/9b/219104966755748100/219104978030035716/r219104978030035716-2000k-1280x720.mp4
07-05 20:42:39.389 D/MyVideoView( 4903): setVideoPath,the first path: http://jhxvideo-ws.video-tx.com/renditionf/201608/212213056611024897/212213056611025409/9b/219104966755748100/219104978030035716/r219104978030035716-2000k-1280x720.mp4
07-05 20:42:39.389 I/MyVideoView( 4903): openvideo:uri=http://jhxvideo-ws.video-tx.com/renditionf/201608/212213056611024897/212213056611025409/9b/219104966755748100/219104978030035716/r219104978030035716-2000k-1280x720.mp4,mUseCmpbfalse,surfaceholder=null
07-05 20:42:39.399 I/MyVideoView( 4903): setting size: 720x405
07-05 20:42:39.400 I/MyVideoView( 4903): setting size: 720x405
07-05 20:42:39.400 I/MyVideoView( 4903): setting size: 720x405
07-05 20:42:39.400 I/MyVideoView( 4903): setting size: 720x405
07-05 20:42:39.403 D/PowerManagerService( 1733): setScreenBrightnessOverrideFromWindowManagerInternal done
07-05 20:42:39.407 I/SurfaceView( 4903): Changes: creating=true format=true size=true visible=false left=true top=true
07-05 20:42:39.411 V/WindowManager( 1733): Adding window Window{110fecf6 u0 SurfaceView} at 12 of 21 (before Window{3dda0888 u0 com.hisense.hicloud.edca/com.hisense.hicloud.edca.mediaplayer.activity.DetailPlayActivity})
07-05 20:42:39.413 I/SurfaceView( 4903): Cur surface: Surface(name=null)/@0x17ab3ce2
07-05 20:42:39.414 D/OsdMonitorService( 1733): mCurrentWindow = com.hisense.hicloud.edca/com.hisense.tvui.newhome.HomeMainActivity; newWindow = com.hisense.hicloud.edca/com.hisense.tvui.newhome.HomeMainActivity; isSubWindow = false; isInWinList = false; isExitNow = false
07-05 20:42:39.414 D/OsdMonitorService( 1733): windowNotOsd() : name = com.hisense.hicloud.edca/com.hisense.tvui.newhome.HomeMainActivity
07-05 20:42:39.414 I/OsdMonitorService( 1733): setOsdStatus() : status will change from true to true
07-05 20:42:39.416 D/PowerManagerService( 1733): setScreenBrightnessOverrideFromWindowManagerInternal done
07-05 20:42:39.419 I/SurfaceView( 4903): New surface: Surface(name=null)/@0x3941f873, vis=false, frame=Rect(90, 90 - 810, 495)
07-05 20:42:39.419 I/SurfaceView( 4903): finishedDrawing
07-05 20:42:39.420 V/SurfaceView( 4903): Layout: x=90 y=90 w=720 h=405, frame=Rect(0, 0 - 720, 405)
07-05 20:42:39.442 I/TVMW@HsTvSetting( 1234): Trace cmd, data = 0x1058
07-05 20:42:39.442 D/til@system( 2026): til_get_system_param option:100002F int:0, bool:0, ret:0
07-05 20:42:39.443 I/TVMW@HsTvSetting( 1234): Trace cmd, data = 0x101f
07-05 20:42:39.443 D/til@system( 2026): til_get_system_param option:100001D int:3, bool:3, ret:0
07-05 20:42:39.443 E/til     ( 2026): [til_get_current_input_source, 101] 
07-05 20:42:39.443 I/TVMW@HsTvSetting( 1234): Trace cmd, data = 0x7007
07-05 20:42:39.444 I/tilwrapper@sm( 2026): HS2TIL_SourceType *hs=0xd, *til=0x900
07-05 20:42:39.444 D/til     ( 2026): get current source 2304
07-05 20:42:39.444 D/SourceRemoteServiceHandler( 2026): getCurrentInputSource.from.til.result is 0, value is 2304
07-05 20:42:39.444 D/SourceRemoteServiceHandler( 2026): getInputSourceType source: 0x900, type=2304
07-05 20:42:39.444 D/til     ( 2026): ###### func:til_get_picture_param option:0x3000006 ######  
07-05 20:42:39.444 I/TVMW@HsTvSetting( 1234): Trace cmd, data = 0x1003
07-05 20:42:39.445 I/TVMW@HsTvSetting( 1234): Trace cmd, data = 0x8032
07-05 20:42:3