07-06 00:08:23.912 D/PlayerSdk/CheckPackageNameJob@29124846(21904): [TID 21935] isCancelled() Job[PlayerSdk/CheckPackageNameJob@29124846](mState=0, mData=Object874633012, mError=null) return false
07-06 00:08:23.912 D/PlayerSdk/CheckPackageNameJob(21904): [TID 21935] onRun(), mCurrentPackageName=com.hisense.hicloud.edca, mCustomerPackageNames=511068292:[com.hisense.hicloud.edca]
07-06 00:08:23.913 D/PlayerSdk/CheckPackageNameJob@29124846(21904): [TID 21935] notifyJobSuccess() Job[PlayerSdk/CheckPackageNameJob@29124846](mState=1, mData=Object874633012, mError=null)
07-06 00:08:23.913 D/PlayerSdk/DeviceCheckTask@3af24a07(21904): [TID 21935] isCancelled() Job[PlayerSdk/DeviceCheckTask@3af24a07](mState=0, mData=Object674408797, mError=null) return false
07-06 00:08:23.913 D/PlayerSdk/DeviceCheckTask(21904): [TID 21935] execte.onRun: isDevChecked=false, isDeviceCheckPass=false
07-06 00:08:23.913 D/AccessToken(21904): [TID 21935] isAllowedAccess() count=0, now=1499270903913, time=1499270903913, mMaxCount = 5, duration = 600000, mAccessTime = 0, return true
07-06 00:08:23.913 D/AccessToken(21904): [TID 21935] isAllowedAccess() count=0, now=1499270903913, time=1499270903913, mMaxCount = 5, duration = 600000, mAccessTime = 0, return true
07-06 00:08:23.913 D/PlayerSdk/DeviceCheckTask(21904): [TID 21935] deviceCheck
07-06 00:08:23.913 D/PlayerSdk/DeviceCheckTask(21904): [TID 21935] deviceCheck: devCheckTest=-1
07-06 00:08:23.914 I/System.out(21904): <TVAPI> DEBUG(isUpdateData): isUpdateData=devRegister-true
07-06 00:08:23.914 I/System.out(21904): <TVAPI> DEBUG(TVAPI): uuid=20151228165619572MkCHJfWb11209
07-06 00:08:23.914 I/System.out(21904): <TVAPI> DEBUG(TVAPI): version=2.1.0.59986
07-06 00:08:23.914 I/System.out(21904): <TVAPI> DEBUG(TVApiProperty): read passport-device-id=tv_69b1ef544cadbb86e8f28950ece1c76a_1167652938875
07-06 00:08:23.914 I/System.out(21904): <TVAPI> DEBUG(id=6, systemTime): url = http://pdata.video.ptqy.gitv.tv/k
07-06 00:08:23.914 I/System.out(21904): D/(load-playerplugin, CommonApi-systemTime): url=http://pdata.video.ptqy.gitv.tv/k
07-06 00:08:23.917 D/NetworkManager(21904): [TID 22094] request(http://www.iqiyi.com, 19745458): openConnection
07-06 00:08:23.918 I/System.out(21904): <TVAPI> DEBUG(id=5, devRegister): url = http://data2.itv.ptqy.gitv.tv/itv/devRegister/OGFjZjgxODQ2YThhLzIwMTUxMjI4MTY1NjE5NTcyTWtDSEpmV2IxMTIwOS8yLjEuMC41OTk4Ng/39467112fe7be1432adcf86e152f4899
07-06 00:08:23.918 I/System.out(21904): <TVAPI> DEBUG(id=5, devRegister): header = qyid:tv_69b1ef544cadbb86e8f28950ece1c76a_1167652938875
07-06 00:08:23.918 I/System.out(21904): <TVAPI> DEBUG(id=5, devRegister): header = ov:5.1.1
07-06 00:08:23.918 I/System.out(21904): <TVAPI> DEBUG(id=5, devRegister): header = apkVer:2.1.0.59986
07-06 00:08:23.926 D/NetworkManager(21904): [TID 22095] >> request(http://www.163.com, 19745458)
07-06 00:08:23.927 D/NetworkManager(21904): [TID 22095] request(http://www.163.com, 19745458): openConnection
07-06 00:08:23.928 I/MyFragmentStateAdapter(21904): getCount
07-06 00:08:23.938 E/NetworkManager(21904): [TID 22098] << request(http://www.sina.com.cn, 19745464): connect internet failed, url=http://www.sina.com.cn
07-06 00:08:23.944 I/Carousel-UrlVideoView(21904): onMeasure(MeasureSpec: EXACTLY 816, MeasureSpec: EXACTLY 460)
07-06 00:08:23.944 D/Carousel-UrlVideoView(21904): widthSpecMode=1073741824
07-06 00:08:23.944 D/Carousel-UrlVideoView(21904): heightSpecMode=1073741824
07-06 00:08:23.944 D/Carousel-UrlVideoView(21904): widthSpecSize=816
07-06 00:08:23.944 D/Carousel-UrlVideoView(21904): heightSpecSize=460
07-06 00:08:23.944 I/Carousel-UrlVideoView(21904): onMeasure(MeasureSpec: EXACTLY 816, MeasureSpec: EXACTLY 460)
07-06 00:08:23.944 D/Carousel-UrlVideoView(21904): widthSpecMode=1073741824
07-06 00:08:23.944 D/Carousel-UrlVideoView(21904): heightSpecMode=1073741824
07-06 00:08:23.945 I/System.out(21904): <TVAPI> DEBUG(System Time): 1499270903
07-06 00:08:23.945 I/System.out(21904): <TVAPI> DEBUG(id=6, systemTime, response_time = 30ms): data = {"t":"1499270903","m":"8122d491840c721599f34b3bd49be468ee44c50ce708393e","u":"8122d491840c721500984cb519b38af3cd209a1d88b78425","i":"220.181.109.33","k":"8122d491840c72155b544a739d4425b49db42e51cb91c539"}
07-06 00:08:23.945 D/NetworkManager(21904): [TID 22084] << request(http://www.qq.com, 19745448): connect internet success, url=http://www.qq.com
07-06 00:08:23.945 D/Carousel-UrlVideoView(21904): widthSpecSize=816
07-06 00:08:23.945 D/Carousel-UrlVideoView(21904): heightSpecSize=460
07-06 00:08:23.946 I/SurfaceView(21904): Changes: creating=false format=false size=true visible=false left=false top=false
07-06 00:08:23.946 I/SurfaceView(21904): Cur surface: Surface(name=null)/@0x37bcc384
07-06 00:08:23.946 D/NetworkManager(21904): [TID 22083] retryConnectOthers: result=true, time consumed=70ms
07-06 00:08:23.947 D/Surface ( 1733): onStatusChange() : mNativeObject = 547942832128 mUseImageHwRender = false
07-06 00:08:23.947 V/Surface ( 1733): nativeSetHardwareRender() : status = 0
07-06 00:08:23.947 V/Surface ( 1733): nativeSetHardwareRender() : end
07-06 00:08:23.947 D/NetworkManager(21904): [TID 22083] getRealState: activeNetInfo={[type: Ethernet[], state: CONNECTED/CONNECTED, reason: (unspecified), extra: a8:a6:48:18:fc:a8, roaming: false, failover: false, isAvailable: true, isConnectedToProvisioningNetwork: false]}, isConnected=true
07-06 00:08:23.955 V/SurfaceView(21904): com.hisense.hitv.carouselwidgit.view.videoview.UrlVideoView{1c8a88bb V.E..... ......I. 0,0-816,460} got resized: w=816 h=460, cur w=-1 h=-1
07-06 00:08:23.955 D/PowerManagerService( 1733): setScreenBrightnessOverrideFromWindowManagerInternal done
07-06 00:08:23.957 D/PowerManagerService( 1733): setScreenBrightnessOverrideFromWindowManagerInternal done
07-06 00:08:23.959 D/Surface ( 1733): onStatusChange() : mNativeObject = 0 mUseImageHwRender = false
07-06 00:08:23.959 D/Surface (21904): onStatusChange() : mNativeObject = -195872000 mUseImageHwRender = false
07-06 00:08:23.959 V/Surface (21904): nativeSetHardwareRender() : status = 0
07-06 00:08:23.959 V/Surface (21904): nativeSetHardwareRender() : end
07-06 00:08:23.959 I/SurfaceView(21904): New surface: Surface(name=null)/@0x3b09a76d, vis=true, frame=Rect(549, 205 - 1365, 665)
07-06 00:08:23.959 D/Surface (21904): onStatusChange() : mNativeObject = 0 mUseImageHwRender = false
07-06 00:08:23.959 D/Surface (21904): onStatusChange() : mNativeObject = -195872000 mUseImageHwRender = false
07-06 00:08:23.959 V/Surface (21904): nativeSetHardwareRender() : status = 0
07-06 00:08:23.959 V/Surface (21904): nativeSetHardwareRender() : end
07-06 00:08:23.959 I/SurfaceView(21904): surfaceChanged -- format=4 w=1920 h=1080
07-06 00:08:23.959 D/Carousel-UrlVideoView(21904): surfaceChanged
07-06 00:08:23.959 D/Carousel-UrlVideoView(21904): isValidState:true,hasValidSize:true
07-06 00:08:23.959 D/Carousel-UrlVideoView(21904): mVideoWidth:1920,mVideoHeight:1080,w:1920,h:1080
07-06 00:08:23.960 D/Carousel-UrlVideoView(21904): ===============>surfaceChanged start
07-06 00:08:23.961 V/MediaPlayer-JNI(21904): start
07-06 00:08:23.962 D/NuPlayerDriver( 1206): start(0xd7843160)
07-06 00:08:23.962 V/NuPlayer( 1206): kWhatStart
07-06 00:08:23.962 V/NuPlayer( 1206): [NuPlayerRequestResourcesAsync-3121]
07-06 00:08:23.962 V/RMClient( 1206): #504:requestResourceAsync
07-06 00:08:23.962 V/NuPlayer( 1206): [NuPlayerWaitResourcesAllocation-3143]
07-06 00:08:23.962 V/RMClient( 1206): #504:onMessageReceived creq
07-06 00:08:23.962 V/RMClient( 1206): #504:kWhatCmdResourceRequest
07-06 00:08:23.963 V/SurfaceView(21904): Layout: x=549 y=205 w=816 h=460, frame=Rect(0, 0 - 816, 460)
07-06 00:08:23.964 D/MediaHTTPConnection(21904): connect: uri=http://jhxvideo-ws.video-tx.com/rendition/201705/205989353451683841/205989353451684353/bb/243216185158536196/243216215223308548/r243216215223308548-3200k-1920x1080.mp4?wsSecret=4349912c4a4fb349376c04294b7cd0f5&wsTime=595d0ef5, headers=User-Agent: stagefright/1.2 (Linux;Android 5.1.1)
07-06 00:08:23.964 V/RMAllocator( 1198): handleRequest
07-06 00:08:23.964 D/MediaHTTPConnection(21904): teardownConnection
07-06 00:08:23.964 D/MediaHTTPConnection(21904): close inputstream
07-06 00:08:23.964 V/RMClient( 1206): #504:Done
07-06 00:08:23.964 V/RMClient( 1206): #503:~RMClient
07-06 00:08:23.964 V/RMAllocator( 1198): handleRequest new ClientInfo, client=2382853504 id=504
07-06 00:08:23.964 V/RMClient( 1206): #503:RMClient::returnAllResourcesAsync
07-06 00:08:23.965 I/RMAllocator( 1198): ClientInfo this=2382671552, mRMClient=2382853504. id=504
07-06 00:08:23.965 V/RMAllocator( 1198): handleRequest new ClientInfo=2382671552, client=2382853504 id=504
07-06 00:08:23.965 D/TVEmuRMService_main( 1198): type =10 , pip=0 
07-06 00:08:23.965 D/TVEmuRMService_main( 1198): pip disable path 
07-06 00:08:23.965 D/TVEmuRMService_main( 1198): type =11 , pip=0 
07-06 00:08:23.965 D/TVEmuRMService_main( 1198): pip disable path 
07-06 00:08:23.965 D/TVEmuRMService_main( 1198): type =12 , pip=0 
07-06 00:08:23.965 D/TVEmuRMService_main( 1198): pip disable path 
07-06 00:08:23.965 D/TVEmuRMService_main( 1198): type =13 , pip=0 
07-06 00:08:23.965 D/TVEmuRMService_main( 1198): pip disable path 
07-06 00:08:23.965 V/RMAllocator( 1198): allocateResources
07-06 00:08:23.965 V/RMAllocator( 1198): allocateOneResource
07-06 00:08:23.965 V/RMAllocator( 1198): allocateOneResource
07-06 00:08:23.965 V/RMClient( 1206): #504:handleRequestDone
07-06 00:08:23.965 D/MediaHTTPConnection(21904): offset = 1835008, mCurrentOffset = -1
07-06 00:08:23.965 D/MediaHTTPConnection(21904): seekTo 1835008
07-06 00:08:23.966 D/MediaHTTPConnection(21904): hitting http://jhxvideo-ws.video-tx.com/rendition/201705/205989353451683841/205989353451684353/bb/243216185158536196/243216215223308548/r243216215223308548-3200k-1920x1080.mp4?wsSecret=4349912c4a4fb349376c04294b7cd0f5&wsTime=595d0ef5
07-06 00:08:23.967 V/RMClient( 1206): #504:onMessageReceived ldon
07-06 00:08:23.967 V/RMClient( 1206): #504:kWhatRequestDone
07-06 00:08:23.967 I/NuPlayer( 1206): NuPlayerRMClientListener::handleRequestDone
07-06 00:08:23.967 V/NuPlayer( 1206): [handleRequestDone-3157]
07-06 00:08:23.967 V/RMClient( 1206): #504:Done
07-06 00:08:23.967 I/NuPlayer( 1206): Resource allocation ok
07-06 00:08:23.967 I/GenericSource( 1206): start
07-06 00:08:23.967 I/NuPlayer( 1206): NuPlayerRMClientListener::~NuPlayerRMClientListener
07-06 00:08:23.967 V/RMClientListener( 1206): ~RMClientListener
07-06 00:08:23.968 E/NetworkManager(21904): [TID 22097] << request(http://www.taobao.com, 19745464): connect internet failed, url=http://www.taobao.com
07-06 00:08:23.969 W/FFmpegExtractor( 1206): drop the packet with negative timestamp(pts:-1024)
07-06 00:08:23.973 D/MediaHTTPConnection(21904): [Connection@828342179] getSize mTotalSize = 218840697
07-06 00:08:23.977 V/AudioPolicyManager( 1206): isOffloadSupported: SR=44100, CM=0x3, Format=0x4000000, StreamType=3, BitRate=55687, duration=538007233 us, has_video=1
07-06 00:08:23.977 V/AudioPolicyManager( 1206): isOffloadSupported: has_video == true, returning false
07-06 00:08:23.978 V/NuPlayer( 1206): scanning sources haveAudio=0, haveVideo=0
07-06 00:08:23.978 I/NuPlayerDecoder( 1206): [onConfigure] Need Extra Frame is No
07-06 00:08:23.978 V/AudioPolicyManager( 1206): isOffloadSupported: SR=44100, CM=0x3, Format=0x4000000, StreamType=3, BitRate=55687, duration=538007233 us, has_video=1
07-06 00:08:23.978 V/AudioPolicyManager( 1206): isOffloadSupported: has_video == true, returning false
07-06 00:08:23.979 V/NuPlayer( 1206): [instantiateDecoder] wait video codec excuting!!!
07-06 00:08:23.979 I/NuPlayerDecoder( 1206): [onConfigure] Need Extra Frame is No
07-06 00:08:23.980 V/SoftOMXPlugin( 1206): makeComponentInstance 'OMX.google.aac.decoder'
07-06 00:08:23.981 D/NetworkManager(21904): [TID 21904] onNetStateChanged(2)
07-06 00:08:23.984 D/Surface ( 1733): onStatusChange() : mNativeObject = 547942796288 mUseImageHwRender = false
07-06 00:08:23.984 V/Surface ( 1733): nativeSetHardwareRender() : status = 0
07-06 00:08:23.984 V/Surface ( 1733): nativeSetHardwareRender() : end
07-06 00:08:23.986 D/PowerManagerService( 1733): acquireWakeLockInternal: lock=487931605, flags=0x2000000a, tag="WindowManager", ws=WorkSource{10010}, uid=1000, pid=1733
07-06 00:08:23.986 D/PowerManagerNotifier( 1733): onWakeLockAcquired: flags=536870922, tag="WindowManager", packageName=android, ownerUid=1000, ownerPid=1733, workSource=WorkSource{10010}
07-06 00:08:23.986 D/PowerManagerService( 1733): setScreenBrightnessOverrideFromWindowManagerInternal done
07-06 00:08:23.988 D/Surface ( 1733): onStatusChange() : mNativeObject = 0 mUseImageHwRender = false
07-06 00:08:23.991 I/System.out(21904): <TVAPI> DEBUG(id=5, devRegister, response_time = 75ms): data = {"msg":"","code":"N000000","data":{"apiKey":"9e14d341281067d05d771f41454858c0","authId":1210,"flag":"","hide":"qiyicom","ip":"219.147.31.2","ipLoc":"1-48-3-6-6001-0-26","ipZh":"-----None-","kv":[{"hcdn":"hCDN"},{"homepageHot":""},{"homepageNew":""},{"ruleCode":"http://static.ptqy.gitv.tv/js/tv/app/getPlayerConfig.js","playerConfig":""},{"isShowExitAppDialog":"apk"}],"loading":"","loginTunnel":0,"resIds":[{"id":201221412,"seq":1},{"id":201713612,"seq":2},{"id":201757412,"seq":3}],"sysTime":1499270302,"tab":[],"tip":"","upgradeType":-1,"url":"","version":""}}
07-06 00:08:23.991 D/AccessToken(21904): [TID 21935] increaseAccessCount() count=1
07-06 00:08:23.992 D/AccessToken(21904): [TID 21935] increaseAccessCount() count=1
07-06 00:08:23.992 D/PlayerSdk/DeviceCheckTask(21904): [TID 21935] deviceCheck.onSuccess: deviceIp: 219.147.31.2
07-06 00:08:23.992 D/PlayerSdk/DeviceCheckTask@3af24a07(21904): [TID 21935] notifyJobSuccess() Job[PlayerSdk/DeviceCheckTask@3af24a07](mState=1, mData=Object674408797, mError=null)
07-06 00:08:23.995 V/SoftOMXPlugin( 1206): load component libstagefright_soft_aacdec.so for OMX.google.aac.decoder
07-06 00:08:23.995 D/PlayerSdk/GrayScaleSwitcherProvider(21904): [TID 21935] execute: handler has no messages, send it.
07-06 00:08:23.995 D/PlayerSdk/GrayScaleSwitcherProvider(21904): [TID 21935] fetchSwitchData
07-06 00:08:23.996 I/System.out(21904): <TVAPI> DEBUG(isUpdateData): isUpdateData=dynamicQ-true
07-06 00:08:23.997 I/System.out(21904): <TVAPI> DEBUG(TVApiProperty): read passport-device-id=tv_69b1ef544cadbb86e8f28950ece1c76a_1167652938875
07-06 00:08:23.997 I/System.out(21904): <TVAPI> DEBUG(id=7, dynamicQ): url = http://data2.itv.ptqy.gitv.tv/itv/dynamicQ/1210/2.1.0.59986/VIDAA_TV/0/0/1/0/0/0/0
07-06 00:08:23.997 I/System.out(21904): <TVAPI> DEBUG(id=7, dynamicQ): header = qyid:tv_69b1ef544cadbb86e8f28950ece1c76a_1167652938875
07-06 00:08:23.997 I/System.out(21904): <TVAPI> DEBUG(id=7, dynamicQ): header = ov:5.1.1
07-06 00:08:23.997 I/System.out(21904): <TVAPI> DEBUG(id=7, dynamicQ): header = apkVer:2.1.0.59986
07-06 00:08:23.997 I/System.out(21904): <TVAPI> DEBUG(id=7, dynamicQ): header = apiKey:9e14d341281067d05d771f41454858c0
07-06 00:08:24.005 D/MediaHTTPConnection(21904): [Connection@828342179] response.heeader.null = HTTP/1.1 206 Partial Content
07-06 00:08:24.005 D/MediaHTTPConnection(21904): [Connection@828342179] response.heeader.Accept-Ranges = bytes
07-06 00:08:24.005 D/MediaHTTPConnection(21904): [Connection@828342179] response.heeader.Age = 3325108
07-06 00:08:24.005 D/MediaHTTPConnection(21904): [Connection@828342179] response.heeader.Cache-Control = max-age=5184000
07-06 00:08:24.005 D/MediaHTTPConnection(21904): [Connection@828342179] response.heeader.Connection = keep-alive
07-06 00:08:24.005 D/MediaHTTPConnection(21904): [Connection@828342179] response.heeader.Content-Length = 217005689
07-06 00:08:24.005 D/MediaHTTPConnection(21904): [Connection@828342179] response.heeader.Content-MD5 = b0d2FgZ34VxS2J9TYuIjgA==
07-06 00:08:24.005 D/MediaHTTPConnection(21904): [Connection@828342179] response.heeader.Content-Range = bytes 1835008-218840696/218840697
07-06 00:08:24.005 D/MediaHTTPConnection(21904): [Connection@828342179] response.heeader.Content-Type = application/octet-stream
07-06 00:08:24.005 D/MediaHTTPConnection(21904): [Connection@828342179] response.heeader.Date = Sun, 28 May 2017 04:29:55 GMT
07-06 00:08:24.006 I/MS_OMX_CORE( 1206): ComponentName : OMX.MS.AVC.Decoder, version -..
07-06 00:08:24.005 D/MediaHTTPConnection(21904): [Connection@828342179] response.heeader.ETag = "6F4776160677E15C52D89F5362E22380"
07-06 00:08:24.006 D/MediaHTTPConnection(21904): [Connection@828342179] response.heeader.Last-Modified = Mon, 08 May 2017 17:24:17 GMT
07-06 00:08:24.006 D/MediaHTTPConnection(21904): [Connection@828342179] response.heeader.Server = nginx/1.2.4
07-06 00:08:24.006 D/MediaHTTPConnection(21904): [Connection@828342179] response.heeader.Via = 1.1 chshx150:7 (Cdn Cache Server V2.0)[95 200 2], 1.1 zhdxxz41:2 (Cdn Cache Server V2.0)[25 200 0], 1.1 daodianxinxiazai144:3 (Cdn Cache Server V2.0)[0 200 0]
07-06 00:08:24.006 D/MediaHTTPConnection(21904): [Connection@828342179] response.heeader.X-Android-Received-Millis = 1499270904004
07-06 00:08:24.006 D/MediaHTTPConnection(21904): [Connection@828342179] response.heeader.X-Android-Response-Source = NETWORK 206
07-06 00:08:24.006 D/MediaHTTPConnection(21904): [Connection@828342179] response.heeader.X-Android-Sent-Millis = 1499270903991
07-06 00:08:24.006 D/MediaHTTPConnection(21904): [Connection@828342179] response.heeader.x-oss-hash-crc64ecma = 10858506031335928878
07-06 00:08:24.006 D/MediaHTTPConnection(21904): [Connection@828342179] response.heeader.x-oss-object-type = Normal
07-06 00:08:24.006 D/MediaHTTPConnection(21904): [Connection@828342179] response.heeader.x-oss-request-id = 591D64783FEA2FF75DF4AA6E
07-06 00:08:24.006 D/MediaHTTPConnection(21904): [Connection@828342179] response.heeader.x-oss-server-time = 46
07-06 00:08:24.006 D/MediaHTTPConnection(21904): [Connection@828342179] response.heeader.x-oss-storage-class = Standard
07-06 00:08:24.008 D/NuPlayer( 1206): rrrr audio decoder executing, canreset set true
07-06 00:08:24.009 I/MyFragmentStateAdapter(21904): getCount
07-06 00:08:24.011 E/OMXNodeInstance( 1206): setConfig(274:MS.AVC.Decoder, ConfigAutoFramerateConversion(0x6f800001)) ERROR: NotImplemented(0x80001006)
07-06 00:08:24.011 I/ACodec  ( 1206): codec does not support requested auto-frc (err -2147483648)
07-06 00:08:24.012 I/SoftAAC2( 1206): Reconfiguring decoder: 0->44100 Hz, 0->2 channels
07-06 00:08:24.012 E/OMXNodeInstance( 1206): getExtensionIndex(274:MS.AVC.Decoder, OMX.google.android.index.storeMetaDataInBuffers) ERROR: BadParameter(0x80001005)
07-06 00:08:24.012 E/ACodec  ( 1206): [OMX.MS.AVC.Decoder] storeMetaDataInBuffers failed w/ err -2147483648
07-06 00:08:24.012 D/NuPlayer( 1206): rrrr audio decoder executing, canreset set true
07-06 00:08:24.014 D/MS_OMX_VDEC( 1206): Allocate pBuffer[0]: 0xba8fc000
07-06 00:08:24.014 D/MS_OMX_VDEC( 1206): Allocate pBuffer[0]: 0xb9c03000
07-06 00:08:24.014 D/MS_OMX_VDEC( 1206): Allocate pBuffer[0]: 0xd7403000
07-06 00:08:24.014 D/MS_OMX_VDEC( 1206): Allocate pBuffer[0]: 0xf1818000
07-06 00:08:24.014 D/MS_OMX_VDEC( 1206): Allocate pBuffer[0]: 0xd2c03000
07-06 00:08:24.018 D/NuPlayer( 1206): rrrr audio decoder executing, canreset set true
07-06 00:08:24.018 E/OMXNodeInstance( 1206): setParameter(274:MS.AVC.Decoder, ParamPortDefinition(0x2000001)) ERROR: BadParameter(0x80001005)
07-06 00:08:24.019 W/ACodec  ( 1206): [OMX.MS.AVC.Decoder] setting nBufferCountActual to 6 failed: -2147483648
07-06 00:08:24.019 E/OMXNodeInstance( 1206): setParameter(274:MS.AVC.Decoder, ParamPortDefinition(0x2000001)) ERROR: BadParameter(0x80001005)
07-06 00:08:24.019 W/ACodec  ( 1206): [OMX.MS.AVC.Decoder] setting nBufferCountActual to 5 failed: -2147483648
07-06 00:08:24.020 D/gralloc ( 1204): allocate buffer from ION HEAP 0x1
07-06 00:08:24.020 D/gralloc ( 1204): allocate memory from system heap
07-06 00:08:24.023 D/gralloc ( 1204): allocate buffer from ION HEAP 0x1
07-06 00:08:24.023 D/gralloc ( 1204): allocate memory from system heap
07-06 00:08:24.025 D/gralloc ( 1204): allocate buffer from ION HEAP 0x1
07-06 00:08:24.025 D/gralloc ( 1204): allocate memory from system heap
07-06 00:08:24.042 D/gralloc ( 1204): allocate buffer from ION HEAP 0x1
07-06 00:08:24.042 D/gralloc ( 1204): allocate memory from system heap
07-06 00:08:24.045 I/MSTAR_VDEC_API( 1206): Open Stream State: 11 0 0
07-06 00:08:24.045 I/apiMMAP ( 1206): get_info: E_MMAP_ID_VDEC_SUB_FRAMEBUFFER: not fount
07-06 00:08:24.045 W/MS_LOG  ( 1206): mmapInfo == NULL
07-06 00:08:24.045 I/MSTAR_VDEC_API( 1206): Open Stream Type: 0, pid=1206
07-06 00:08:24.045 I/MSTAR_VDEC_API( 1206): MApi_VDEC_EX_GetFreeStream bResult=1
07-06 00:08:24.045 I/MSTAR_VDEC_API( 1206): no stored streamIds
07-06 00:08:24.045 I/MSTAR_VDEC_API( 1206): no stored streamIds
07-06 00:08:24.045 I/MSTAR_VDEC_API( 1206): add StreamId: 0x4040
07-06 00:08:24.052 D/MSTAR_VDEC_API( 1206): pInitParam->SysConfig.u32CodeBufAddr = 80000000
07-06 00:08:24.052 D/MSTAR_VDEC_API( 1206): pInitParam->SysConfig.u32CodeBufSize = 2097152
07-06 00:08:24.052 D/MSTAR_VDEC_API( 1206): pInitParam->SysConfig.u32FrameBufAddr = 82c00000
07-06 00:08:24.052 D/MSTAR_VDEC_API( 1206): pInitParam->SysConfig.u32FrameBufSize = 167772160
07-06 00:08:24.052 D/MSTAR_VDEC_API( 1206): pInitParam->SysConfig.u32BitstreamBufAddr = 80200000
07-06 00:08:24.052 D/MSTAR_VDEC_API( 1206): pInitParam->SysConfig.u32BitstreamBufSize = 25165824
07-06 00:08:24.052 D/MSTAR_VDEC_API( 1206): pInitParam->SysConfig.u32DrvProcBufAddr = 80200000
07-06 00:08:24.052 D/MSTAR_VDEC_API( 1206): pInitParam->SysConfig.u32DrvProcBufSize = 524288
07-06 00:08:24.052 D/MSTAR_VDEC_API( 1206): FrameRate from demuxer: 0 0, 0 0
07-06 00:08:24.052 D/MSTAR_VDEC_API( 1206): pInitParam->VideoInfo.eTimeStampType = 0x3
07-06 00:08:24.056 D/        ( 1206): [VDEC][0] MApi_CMA_Pool_Init[0]: pool_handle_id=13, miu=1, offset=1c00000, length=c400000 , FrameBuffer=82c00000, unUseSize=1000000
07-06 00:08:24.067 I/MyFragmentStateAdapter(21904): getCount
07-06 00:08:24.068 I/NuCachedSource2( 1206): retrying a previously failed read succeeded.
07-06 00:08:24.077 D/        ( 1206): [VDEC][0] MApi_CMA_Pool_Init[1] Failed
07-06 00:08:24.077 D/        ( 1206): [VDEC][0][CMA]u32FrameBufSize is not 0
07-06 00:08:24.106 I/System.out(21904): <TVAPI> DEBUG(id=7, dynamicQ, response_time = 85ms): data = {"msg":"","code":"N000000","data":{"apiKey":"","authId":-1,"cnf":{},"flag":"","function":[{"playerConfig":"http://static.ptqy.gitv.tv/js/tv/app/getPlayerConfig.js"},{"appCard":"1"},{"msg_dialog_pos":"4"},{"disableHCDNPreDeploy":"false"},{"dailyInforCornerMark":"http://pic0.ptqy.gitv.tv/common/20170113/4ab9430bee234e2b8c8ae4583669b394.png,http://pic6.ptqy.gitv.tv/common/20170113/d45b2b6ae97a4847a73a245d63f5fe87.png"},{"isDisableAdCache":"0"},{"card_sort":"0"},{"alltag_position":"0"},{"enablePlayerLocalServer":"false"},{"ad_skip_frequency":"-1"},{"enablePlayerLocalServerF4v2Hls":"false"},{"enablePlayerLocalServerStream":"false"},{"disableHcdnDaemon":"false"},{"subChannelPlayerConfig":"http://static.ptqy.gitv.tv/js/tv/app/getSubChannelPlayerConfig.js"},{"childapp":"http://cdn.data.video.ptqy.gitv.tv/cdn/tv/20170630/apk/1_1259_4994_1498801304813.json"},{"chinapokerapp":"http://chessgame.ptqy.gitv.tv/game/info/apis/get_game_info.action?id=212202420"}],"hide":"","ichn":[],"ip":"","ipLoc":"","ipZh":"","is3D":1,"kv":[{"hcdn":"hCDN"},{"homepageHot":""},{"homepageNew":""},{"ruleCode":"http://static.ptqy.gitv.tv/js/tv/app/getPlayerConfig.js","playerConfig":""},{"isShowExitAppDialog":"apk"}],"loading":"","loginTunnel":0,"resIds":[],"support4k":1,"supporth265":1,"sysTime":1499270783,"tab":[],"tip":"","upgradeType":-1,"url":"","verCoupon":"","verMon":"0","verPkg":"","verTvod":"0","version":"","vip":1,"vipCoupon":0,"vipMon":1,"vipPkg":0,"vipTvod":1}}
07-06 00:08:24.106 D/PlayerSdk/GrayScaleSwitcherProvider(21904): [TID 21935] TVApi.dynamicQ: onSuccess
07-06 00:08:24.106 D/PlayerSdk/GrayScaleSwitcherProvider(21904): [TID 21935] TVApi.dynamicQ: data=com.qiyi.tvapi.tv2.model.DeviceCheck@204d57e7, isOpenHcdn=true, sRetryTimesBeforeStarted=3, sRetryTimesAfterStarted=3, isDisableP2PUpload=false, isOpenDrmRootCheck=false
07-06 00:08:24.109 D/Carousel-SimpleVideoView(21904): speedKB=1781
07-06 00:08:24.109 D/Carousel-SimpleVideoView(21904): msg.arg1=1
07-06 00:08:24.110 D/NetworkManager(21904): [TID 22094] << request(http://www.iqiyi.com, 19745458): connect internet success, url=http://www.iqiyi.com
07-06 00:08:24.111 D/PlayerSdk/PlayerSdkProject(21904): [TID 21935] << finishInitialize: consume 539 ms
07-06 00:08:24.111 D/PlayerSdk/PlayerSdkProject(21904): [TID 21935] isPackageNameCheckPassed=true, isDeviceCheckPass=true
07-06 00:08:24.111 D/PlayerSdk/PlayerFeatureProvider(21904): [TID 21935] notifySuccess(looper=Looper (main, tid 1) {3560ff94}, listener=com.hisense.hicloud.edca.mediaplayer.video.qiyi.QiyiInitTool$1$1@1e88fcb6)
07-06 00:08:24.111 D/PlayerSdk/PlayerFeatureProvider(21904): [TID 21935] << loadPluginPlayerFeature: mSdkFeature=com.qiyi.video.plugin.j@7465ed4
07-06 00:08:24.133 I/QiyiInitTool(21904): onSuccess
07-06 00:08:24.138 W/linker  (21904): libWasabiJni.so: unused DT entry: type 0x6ffffffe arg 0x5080
07-06 00:08:24.138 W/linker  (21904): libWasabiJni.so: unused DT entry: type 0x6fffffff arg 0x3
07-06 00:08:24.140 D/PlayerSdk/PlayerSdkLibProfile(21904): [TID 22117] isOpenDrmRootCheck=false
07-06 00:08:24.156 D/NetworkManager(21904): [TID 22095] << request(http://www.163.com, 19745458): connect internet success, url=http://www.163.com
07-06 00:08:24.159 I/MyFragmentStateAdapter(21904): getCount
07-06 00:08:24.183 D/MC_MEMORY( 8248): max: 256.261888 Mb, heap: 10.10782 Mb, allocated: 8.9180 Mb, free: 1.1602 Mb, native heap: 12.12276 Mb, native allocated: 8.8388 Mb, native free: 3.3888 Mb
07-06 00:08:24.187 I/WASABI  (21904): WASABI version: BUILD DATE: 'Dec 30 2016', BUILD CONFIGURATION: 'Release', VERSION NAME: '1.19.0', VERSION NUMBER: 0x00011300, SHORT DESCRIPTION: 'Wasabi Runtime', LONG DESCRIPTION: '{"wasabi": "1.19.0", "wcscp": "2.22.0", "manufacturer": "intertrust", "os": "Android", "customerid": "c31122", "wcskb": "5.0.0"}', MS520K: 'enforced', VCS CHANGE: 12814
07-06 00:08:24.223 I/NetflixMonitorService( 1733): current fgapk : com.hisense.hicloud.edca
07-06 00:08:24.223 I/NetflixMonitorService( 1733): Netflix status unchanged
07-06 00:08:24.237 I/TVMW@HsTvSetting( 1234): Trace cmd, data = 0x1058
07-06 00:08:24.238 D/til@system( 2026): til_get_system_param option:100002F int:0, bool:0, ret:0
07-06 00:08:24.238 I/TVMW@HsTvSetting( 1234): Trace cmd, data = 0x101f
07-06 00:08:24.239 D/til@system( 2026): til_get_system_param option:100001D int:3, bool:3, ret:0
07-06 00:08:24.239 E/til     ( 2026): [til_get_current_input_source, 101] 
07-06 00:08:24.239 I/TVMW@HsTvSetting( 1234): Trace cmd, data = 0x7007
07-06 00:08:24.239 I/tilwrapper@sm( 2026): HS2TIL_SourceType *hs=0xd, *til=0x900
07-06 00:08:24.239 D/til     ( 2026): get current source 2304
07-06 00:08:24.240 D/SourceRemoteServiceHandler( 2026): getCurrentInputSource.from.til.result is 0, value is 2304
07-06 00:08:24.240 D/SourceRemoteServiceHandler( 2026): getInputSourceType source: 0x900, type=2304
07-06 00:08:24.240 D/til     ( 2026): ###### func:til_get_picture_param option:0x3000006 ######  
07-06 00:08:24.240 I/TVMW@HsTvSetting( 1234): Trace cmd, data = 0x1003
07-06 00:08:24.241 I/TVMW@HsTvSetting( 1234): Trace cmd, data = 0x8032
07-06 00:08:24.241 I/hstvos  ( 1216): [0m[1;33m[HSHAL][HS_VIDEO][HS_HAL_Video_SetOsdDetect_v2][2389]u16Threshold = 20
07-06 00:08:24.241 I/MiSysSrv( 1214): Not support now! 42, change to mm_video!!!
07-06 00:08:24.241 E/TVMW@videoctrl( 1234):  getOsd is 1
07-06 00:08:24.241 D/til@system( 2026): til_get_system_param option:1000027 int:1, bool:1, ret:0
07-06 00:08:24.241 D/til     ( 2026): ###### func:til_get_picture_param option:0x3000045 ######  
07-06 00:08:24.241 I/TVMW@HsTvSetting( 1234): Trace cmd, data = 0x300c
07-06 00:08:24.242 I/TVMW@HsTvSetting( 1234): Trace 3d, data = 0x300c
07-06 00:08:24.242 I/TVMW@3d ( 1234): Hs_debug3d_trace: func:get3dStatus, line:109
07-06 00:08:24.391 I/RoleContentFragment(21904): onResourceReadycom.bumptech.glide.load.resource.bitmap.GlideBitmapDrawable@8a41a3d
07-06 00:08:24.443 D/        ( 1206): [VDEC][0]MApi_CMA_Pool_GetMem0: alloc_param.pool_handle_id=13, alloc_param.flags=4, alloc_param.offset_in_pool=1000000, alloc_param.length=8200000
07-06 00:08:24.444 E/        ( 1206): [HVD][ERR]MDrv_HVD_EX_PreSetVdecFeature:
07-06 00:08:24.444 E/        ( 1206): MDrv_HVD_EX_PreSetVdecFeature 0x0
07-06 00:08:24.451 D/MSTAR_VDEC_API( 1206): Demuxer Frame Rate = 0 0
07-06 00:08:24.451 I/apiMMAP ( 1206): get_info: E_MMAP_ID_VDEC_FRAMEBUFFER_BALANCE_BW: not fount
07-06 00:08:24.451 W/MS_LOG  ( 1206): mmapInfo == NULL
07-06 00:08:24.452 D/NuPlayer( 1206): rrrr video decoder executing, canreset set true
07-06 00:08:24.452 D/NuPlayer( 1206): rrrr video decoder executing, canreset set true
07-06 00:08:24.458 D/MSTAR_VDEC_API( 1206): u32SHMAddr = 0x800cfa00, u8DataOnMIU = 0x1
07-06 00:08:24.459 D/MSTAR_VDEC_API( 1206): u8AspectRate = 0x1, u32AspectWidth = 1920, u32AspectHeight = 1080
07-06 00:08:24.459 D/MSTAR_VDEC_API( 1206): phyVsyncBridgeExtAddr = 0x800d0000, u8DataOnMIU = 0x1, W/H [1920/1088] CROP = [0 0 0 8]
07-06 00:08:24.459 D/MSTAR_VDEC_API( 1206): [0] Free Backup Config Data
07-06 00:08:24.471 I/MiSysSrv( 1214): [37m[INFO] Change to Voltage: 117 mv (0x32)[m
07-06 00:08:24.489 D/MSTAR_VDEC_DBG( 1206): Stream ID: 0, Rate : 0 (E:0,D:0,S:0,F:5) 
07-06 00:08:24.489 V/NuPlayer( 1206): [kWhatVideoNotify] nuplayerdecoder return kWhatVideoSizeChanged
07-06 00:08:24.490 V/NuPlayer( 1206): Video output format changed to 1920 x 1088 (crop: 1920 x 1080 @ (0, 0))
07-06 00:08:24.490 V/NuPlayer( 1206): updateVideoSize::rotationDegrees=0
07-06 00:08:24.491 V/NuPlayer( 1206): media rendering started
07-06 00:08:24.492 E/BufferQueueProducer( 1204): fromProcess: /system/bin/mediaserver
07-06 00:08:24.492 D/vsyncbridge( 1204): vsync_bridge_render_frame: [0]switch not on !
07-06 00:08:24.492 D/vsyncbridge( 1204): Display Path INIT BEGIN
07-06 00:08:24.503 I/TVMW@devctrl( 1234): wdt
07-06 00:08:24.507 D/hwcomposer( 1204): Overlay[0], bInUsed = 1, bIsForceClose = 0
07-06 00:08:24.507 D/vsyncbridge( 1204): [0] handle_thread thread got msg 0x1, mState = 0
07-06 00:08:24.507 D/vsyncbridge( 1204): Overlay 0 state change from 0 to 1
07-06 00:08:24.507 D/vsyncbridge( 1204): Init Overlay 0
07-06 00:08:24.507 V/RMClient( 1204): #263:RMClient
07-06 00:08:24.507 V/RMClient( 1204): #262:~RMClient
07-06 00:08:24.507 V/RMClient( 1204): #262:RMClient::returnAllResourcesAsync
07-06 00:08:24.508 V/RMClientListener( 1204): ~RMClientListener
07-06 00:08:24.508 V/RMClient( 1204): #263:requestResourceAsync
07-06 00:08:24.508 D/vsyncbridge( 1204): Wrapper_connect IN.
07-06 00:08:24.508 V/RMClient( 1204): #263:onMessageReceived creq
07-06 00:08:24.508 V/RMClient( 1204): #263:kWhatCmdResourceRequest
07-06 00:08:24.513 I/MiSysSrv( 1214): none MI_DBG_LVL_L in PROC_CMD_LINE!
07-06 00:08:24.513 I/MiSysSrv( 1214): none MI_DBG_LVL_H in PROC_CMD_LINE!
07-06 00:08:24.513 I/MiSysSrv( 1214): [1;32m[MI INFO]:_MI_HWCAPS_UpdateVideoCaps[574]: [HWCAPS]:Info: video caps has been updated!
07-06 00:08:24.521 D/hwcomposer( 1204): lastVideoPlanes is dirty
07-06 00:08:24.521 D/hwcomposer( 1204): lastHWWindowInfo is dirty
07-06 00:08:24.526 V/RMAllocator( 1198): handleRequest
07-06 00:08:24.531 V/RMAllocator( 1198): handleRequest new ClientInfo, client=2378240320 id=263
07-06 00:08:24.531 I/RMAllocator( 1198): ClientInfo this=2382671456, mRMClient=2378240320. id=263
07-06 00:08:24.532 V/RMAllocator( 1198): handleRequest new ClientInfo=2382671456, client=2378240320 id=263
07-06 00:08:24.532 D/TVEmuRMService_main( 1198): type =14 , pip=0 
07-06 00:08:24.532 D/TVEmuRMService_main( 1198): pip disable path 
07-06 00:08:24.532 V/RMAllocator( 1198): allocateResources
07-06 00:08:24.532 V/RMAllocator( 1198): allocateOneResource
07-06 00:08:24.532 V/RMClient( 1204): #263:handleRequestDone
07-06 00:08:24.543 V/RMClient( 1204): #263:Done
07-06 00:08:24.543 V/RMClient( 1204): #263:onMessageReceived ldon
07-06 00:08:24.543 V/RMClient( 1204): #263:kWhatRequestDone
07-06 00:08:24.547 D/vsyncbridge( 1204): handleRequestDone: mOverlayID = 0, mState = 0x1
07-06 00:08:24.547 V/RMClient( 1204): #263:Done
07-06 00:08:24.565 V/MediaPlayer-JNI(21904): getVideoWidth: 1920
07-06 00:08:24.565 V/MediaPlayer-JNI(21904): getVideoHeight: 1080
07-06 00:08:24.566 E/MiDispoutService( 1465): MiDispoutGetHandle, 779, IMPL Handle = 1146028032 
07-06 00:08:24.567 I/MiSysSrv( 1214): [0m~~~~> _MI_ATOM_DISPOUT_GetDeviceObject(): [IN]u32DeviceType={0},[IN]u32DeviceId={0}
07-06 00:08:24.567 I/MiSysSrv( 1214): ~~~~> _MI_ATOM_DISPOUT_GetDeviceObject(): [IN]_astDispoutObj[0]={0, 0}
07-06 00:08:24.567 I/MiVideoService( 1465): impl handle 0x86001b22 opened!
07-06 00:08:24.570 I/MiSysSrv( 1214): [37m[INFO] Change to Voltage: 117 mv (0x32)[m
07-06 00:08:24.577 I/Carousel-UrlVideoView(21904): onMeasure(MeasureSpec: EXACTLY 816, MeasureSpec: EXACTLY 460)
07-06 00:08:24.577 D/Carousel-UrlVideoView(21904): widthSpecMode=1073741824
07-06 00:08:24.577 D/Carousel-UrlVideoView(21904): heightSpecMode=1073741824
07-06 00:08:24.577 D/Carousel-UrlVideoView(21904): widthSpecSize=816
07-06 00:08:24.577 D/Carousel-UrlVideoView(21904): heightSpecSize=460
07-06 00:08:24.580 I/Carousel-UrlVideoView(21904): onMeasure(MeasureSpec: EXACTLY 816, MeasureSpec: EXACTLY 460)
07-06 00:08:24.580 D/Carousel-UrlVideoView(21904): widthSpecMode=1073741824
07-06 00:08:24.580 D/Carousel-UrlVideoView(21904): heightSpecMode=1073741824
07-06 00:08:24.580 D/Carousel-UrlVideoView(21904): widthSpecSize=816
07-06 00:08:24.580 D/Carousel-UrlVideoView(21904): heightSpecSize=460
07-06 00:08:24.582 I/MiSysSrv( 1214): [mapi_video_base@Line 1270] Initialize:1270 Video Init : Win Change[0->0], Source Change[42->34]
07-06 00:08:24.582 I/MiSysSrv( 1214): [Hal_SC_mux_dispatch][607]src_port=100, dest_port=1
07-06 00:08:24.595 V/MediaPlayer-JNI(21904): getCurrentPosition: 100 (msec)
07-06 00:08:24.595 V/MediaPlayer-JNI(21904): isPlaying: 1
07-06 00:08:24.615 I/MiSysSrv( 1214): ???????? Warning,The MMAP ID(E_MMAP_ID_XC_MAIN_FB) does not existed.
07-06 00:08:24.619 I/MiSysSrv( 1214): ???????? please add in your mmap or ignore this message.
07-06 00:08:24.619 I/MiSysSrv( 1214): [XC,SetWindow][msAPI_Scaler_Field_Detect, 2051] DTV [XC,SetWindow][msAPI_Scaler_Field_Detect, 2064] -> Progressive
07-06 00:08:24.648 E/vsyncbridge( 1204): MI_V3D_GetHandle().
07-06 00:08:24.652 D/vsyncbridge( 1204): Sucess to MI_V3D_RegisterCallback(). event flags : 2 
07-06 00:08:24.661 E/vsyncbridge( 1204): Sucess to MI_V3D_RegisterCallback(). event flags : 1 
07-06 00:08:24.661 E/vsyncbridge( 1204): MI_V3D_GetHandle().
07-06 00:08:24.661 D/vsyncbridge( 1204): 3D disable, DS should on.
07-06 00:08:24.667 I/MyFragmentStateAdapter(21904): getCount
07-06 00:08:24.674 D/vsyncbridge( 1204): [0] handle_thread thread got msg 0x1, mState = 1
07-06 00:08:24.674 D/vsyncbridge( 1204): Overlay 0 state change from 1 to 2
07-06 00:08:24.674 D/vsyncbridge( 1204): enWin=0, enCodecType=11, miu=1, frameRate=24000, interlace=0, Hsize=1920, Vsize=1088, {0, 0, 0, 8}
07-06 00:08:24.674 D/vsyncbridge( 1204): win.x = 549, win.y = 205, win.width = 816, win.height = 460, [1920, 1080] apptype = 0
07-06 00:08:24.674 E/vsyncbridge( 1204): MI_V3D_GetHandle().
07-06 00:08:24.676 D/vsyncbridge( 1204): 3D disable, DS should on.
07-06 00:08:24.676 D/vsyncbridge( 1204): V3d is Opened.
07-06 00:08:24.677 D/vsyncbridge( 1204): Current 3D format = 0, PIPMode = 0
07-06 00:08:24.677 D/vsyncbridge( 1204): Wrapper_Video_setMode 0, DS: 1 , 3D: 0 
07-06 00:08:24.677 I/vsyncbridge( 1204): Skip 4K2K Pannel setting .
07-06 00:08:24.692 I/MiSysSrv( 1214): [1;31m[MI ERR ]: MI_ATOM_DISPLAY_SetMmMode[4724]: MI_ATOM_DISPLAY_SetMmMode CodecType=11, MIU=1, FrameRate=24000, Interlace=0, HSize=3840, VSize=2160, top=0, bot=8, left=0, right=0,pVideo=0xe6d01248
07-06 00:08:24.696 E/IMiDisplay( 1466): MI_Display_CtrlType_e:1
07-06 00:08:24.698 I/MiSysSrv( 1214): [0m[mapi_video_base@Line 3917] m_bSetMode=1 this=0xe6d01248
07-06 00:08:24.699 E/IMiDisplay( 1465): Invalid MI_Display_CtrlType_e:1
07-06 00:08:24.699 E/IMiDisplay( 1465): Invalid MI_Display_CtrlType_e:4
07-06 00:08:24.705 D/PowerManagerService( 1733): acquireWakeLockInternal: lock=113832109, flags=0x1, tag="NetworkStats", ws=null, uid=1000, pid=1733
07-06 00:08:24.705 D/PowerManagerNotifier( 1733): onWakeLockAcquired: flags=1, tag="NetworkStats", packageName=android, ownerUid=1000, ownerPid=1733, workSource=null
07-06 00:08:24.705 D/NtpTrustedTime( 1733): currentTimeMillis() cache hit
07-06 00:08:24.708 I/MiSysSrv( 1214): [1;31m[MI ERR ]: _MI_VIDEO_SetMmMvopMode[4639]: CodecType=11, MIU=1, FrameRate=24000, Interlace=0, HSize=3840, VSize=2160, top=0, bot=8, left=0, right=0,pVideo=0xe010d4c8
07-06 00:08:24.708 I/MiSysSrv( 1214): [0m->u16FrameRate = 24000
07-06 00:08:24.708 I/MiSysSrv( 1214): ->u8Interlace = 0
07-06 00:08:24.708 I/MiSysSrv( 1214): ->u16HorSize = 3840
07-06 00:08:24.708 I/MiSysSrv( 1214): ->u16VerSize = 2160
07-06 00:08:24.708 I/MiSysSrv( 1214): [Warning] xc support pVOPTiming->u16H_TotalCount >= 4095 after CL 712830
07-06 00:08:24.713 I/MiSysSrv( 1214): SetMmMvopMode,1479
07-06 00:08:24.713 E/IMiDisplay( 1466): MI_Display_CtrlType_e:2
07-06 00:08:24.713 E/IMiDisplay( 1465): Invalid MI_Display_CtrlType_e:2
07-06 00:08:24.713 D/vsyncbridge( 1204): int Wrapper_Video_setMode(MS_VideoInfo*, int) @ line: 914: Enter Start ds.
07-06 00:08:24.714 D/vsyncbridge( 1204): vsync_bridge_CalAspectRatio type = 0
07-06 00:08:24.714 D/vsyncbridge( 1204): panel [3840 2160] osd [1920 1080] ratio [2.000000 2.000000]
07-06 00:08:24.714 D/vsyncbridge( 1204): apply ratio, x=1098, y=410, width=1632, height=920
07-06 00:08:24.714 D/vsyncbridge( 1204): disp_old[1098 410 2730 1330], disp_new[1098 410 2730 1330], crop[0 0 1920 1080]
07-06 00:08:24.714 D/vsyncbridge( 1204): Wrapper_Video_setXCWin IN.
07-06 00:08:24.714 D/vsyncbridge( 1204): Wrapper_Video_setXCWin 0
07-06 00:08:24.715 I/MiSysSrv( 1214): [leon.luo]EnableVideoMute = 1,enColor = 5
07-06 00:08:24.727 D/NtpTrustedTime( 1733): currentTimeMillis() cache hit
07-06 00:08:24.738 I/MiSysSrv( 1214): [1;31m<<<_MI_DISPLAY_CheckPointToPoint[4883] checkPointToPointCondition: not support. 
07-06 00:08:24.739 I/MiSysSrv( 1214): [0m[1;31m<<<_MI_DISPLAY_CheckPointToPoint[4883] checkPointToPointCondition: not support. 
07-06 00:08:24.739 I/MiSysSrv( 1214): [0m[mapi_video_base@Line 1557] Lock window enabled @ x,y,w,h=1098,410,1632,920
07-06 00:08:24.740 D/vsyncbridge( 1204): DisplayWindow (1098 410) 1632 X 920.
07-06 00:08:24.741 I/hstvos  ( 1216): [0m[1;36m[mif][VIDEO_FW][_Mif_Video_Window_Callback][460]_Mif_Video_Window_Callback u32EventFlags: 65536, width: 1632, height: 920
07-06 00:08:24.741 W/        ( 1204): no callback function match handle 0x41e0700,
07-06 00:08:24.741 E/MiDisplay( 1204): ERROR pstCallbackParams.
07-06 00:08:24.741 I/MiSysSrv( 1214): Obtain XC engine fail
07-06 00:08:24.742 I/MiSysSrv( 1214): [mapi_video_base@Line 2043] CropWin assigned: x,y,w,h=0,0,1920,1080
07-06 00:08:24.742 I/MiSysSrv( 1214): [leon.luo]m_bHdmiTxType = 0,m_bHdmiTxEnable =0
07-06 00:08:24.742 I/MiSysSrv( 1214): [mapi_video_base@Line 2096] DstWin Locked: x,y,w,h=1098,410,1632,920
07-06 00:08:24.742 I/MiSysSrv( 1214): [mapi_video_base@Line 2198] SrcWin1[Win=0]: x,y,w,h=1105,30,3840,2152
07-06 00:08:24.742 I/MiSysSrv( 1214): [mapi_video_base@Line 2199] CropWin1: x,y,w,h=0,0,1920,1080
07-06 00:08:24.742 I/MiSysSrv( 1214): [mapi_video_base@Line 2200] DispWin1: x,y,w,h=1098,410,1632,920
07-06 00:08:24.742 I/MiSysSrv( 1214): [mapi_video_base@Line 2279] CropWin1.1: x,y,w,h=0,0,1920,1080
07-06 00:08:24.742 I/MiSysSrv( 1214): === open 3D OverScan ===
07-06 00:08:24.742 I/MiSysSrv( 1214): [mapi_video_base@Line 2281] CropWin1.2: x,y,w,h=0,0,1920,1080
07-06 00:08:24.742 I/MiSysSrv( 1214): [mapi_video_base@Line 2285] SrcWin2: x,y,w,h=1105,30,3840,2152
07-06 00:08:24.742 I/MiSysSrv( 1214): [mapi_video_base@Line 2286] CropWin2: x,y,w,h=0,0,1920,1080
07-06 00:08:24.742 I/MiSysSrv( 1214): [mapi_video_base@Line 2287] DispWin2: x,y,w,h=1098,410,1632,920
07-06 00:08:24.742 I/MiSysSrv( 1214): [mapi_video_base@Line 2384] SrcWin3: x,y,w,h=1105,30,3840,2152
07-06 00:08:24.742 I/MiSysSrv( 1214): [mapi_video_base@Line 2385] CropWin3: x,y,w,h=0,0,1920,1080
07-06 00:08:24.742 I/MiSysSrv( 1214): [mapi_video_base@Line 2386] DispWin3: x,y,w,h=1098,410,1632,920
07-06 00:08:24.742 I/MiSysSrv( 1214): [leon.luo]m_bHdmiTxType = 0,m_bHdmiTxEnable =0
07-06 00:08:24.742 I/MiSysSrv( 1214): [mapi_video_base@Line 2575] SrcWin5[Win=0]: x,y,w,h=1105,30,3840,2152
07-06 00:08:24.742 I/MiSysSrv( 1214): [mapi_video_base@Line 2576] CropWin5: x,y,w,h=0,0,1920,1080
07-06 00:08:24.742 I/MiSysSrv( 1214): [mapi_video_base@Line 2577] DispWin5: x,y,w,h=1098,410,1632,920
07-06 00:08:24.742 I/MiSysSrv( 1214): [mapi_video_base@Line 2609][MOVEWINDOW] m_stCurWinInfo={34, {1105,30,3840,2152},
07-06 00:08:24.742 I/MiSysSrv( 1214):         {1098,410,1632,920}, {0,0,1920,1080},    0,0,240,2205,0,0,
07-06 00:08:24.742 I/MiSysSrv( 1214):         0,0,0,0,0,0,    0,   1,3840,3840,1,2160,2160,0}
07-06 00:08:24.742 I/MiSysSrv( 1214): [mapi_video_base@Line 2620][MOVEWINDOW] m_stPrevXCSetWinInfo={0, {0,0,0,0},
07-06 00:08:24.742 I/MiSysSrv( 1214):         {0,0,0,0}, {0,0,0,0},    0,0,0,0,0,0,
07-06 00:08:24.743 I/MiSysSrv( 1214):         0,0,0,0,0,0,    0,   0,0,0,0,0,0,0}
07-06 00:08:24.743 I/MiSysSrv( 1214): [mapi_video_base@Line 2625][MOVEWINDOW] SetXcWindow input Source  change
07-06 00:08:24.743 I/MiSysSrv( 1214): [mapi_video_base@Line 2633][MOVEWINDOW] SetXcWindow Capture Window  change
07-06 00:08:24.743 I/MiSysSrv( 1214): [mapi_video_base@Line 2642][MOVEWINDOW] SetXCWindow Crop Window  change
07-06 00:08:24.743 I/TVMW@HsTvSetting( 1234): Trace cmd, data = 0x1058
07-06 00:08:24.743 I/MiSysSrv( 1214): [mapi_video_base@Line 2649][MOVEWINDOW] SetXCWindow Display Size Window  change
07-06 00:08:24.743 I/MiSysSrv( 1214): [mapi_video_base@Line 2671][MOVEWINDOW] SetXCWindow Scaling Timing change
07-06 00:08:24.743 I/MiSysSrv( 1214): [mapi_video_base@Line 2696][MOVEWINDOW] SetXCWindow Post CusScaling change
07-06 00:08:24.743 D/til@system( 2026): til_get_system_param option:100002F int:0, bool:0, ret:0
07-06 00:08:24.744 I/TVMW@HsTvSetting( 1234): Trace cmd, data = 0x101f
07-06 00:08:24.744 D/til@system( 2026): til_get_system_param option:100001D int:3, bool:3, ret:0
07-06 00:08:24.744 E/til     ( 2026): [til_get_current_input_source, 101] 
07-06 00:08:24.745 I/TVMW@HsTvSetting( 1234): Trace cmd, data = 0x7007
07-06 00:08:24.745 I/tilwrapper@sm( 2026): HS2TIL_SourceType *hs=0xd, *til=0x900
07-06 00:08:24.745 D/til     ( 2026): get current source 2304
07-06 00:08:24.746 D/SourceRemoteServiceHandler( 2026): getCurrentInputSource.from.til.result is 0, value is 2304
07-06 00:08:24.746 D/SourceRemoteServiceHandler( 2026): getInputSourceType source: 0x900, type=2304
07-06 00:08:24.746 D/til     ( 2026): ###### func:til_get_picture_param option:0x3000006 ######  
07-06 00:08:24.750 I/TVMW@HsTvSetting( 1234): Trace cmd, data = 0x1003
07-06 00:08:24.752 I/TVMW@HsTvSetting( 1234): Trace cmd, data = 0x8032
07-06 00:08:24.752 D/Carousel-SimpleVideoView(21904): speedKB=2407
07-06 00:08:24.752 D/Carousel-SimpleVideoView(21904): msg.arg1=1
07-06 00:08:24.753 I/MiSysSrv( 1214): [XC,LPLL][MApi_SC_ForceFreerun_U2, 1511] MApi_SC_ForceFreerun = 0
07-06 00:08:24.753 I/MiSysSrv( 1214): [mapi_video_base@Line 2776][MOVEWINDOW] SetXCWindow  Reset
07-06 00:08:24.753 I/MiSysSrv( 1214): [mapi_video_base@Line 8253] Window is main, overscan is false, aspect ratio isn't DotByDot, input source is storage.
07-06 00:08:24.753 I/MiSysSrv( 1214): [mapi_video_base@Line 8259] P2P or MM: Pixel shift direction is none.
07-06 00:08:24.753 I/MiSysSrv( 1214): [XC,SetWindow][_MApi_XC_SetWindow, 3948] ============= SetWindow Start (Window : 0, src: 34) =============
07-06 00:08:24.753 I/MiSysSrv( 1214): [XC,SetWindow][_MApi_XC_SetWindow, 3949] CapWin  x: 1105  y:   30  w: 3840  h: 2152 
07-06 00:08:24.753 I/MiSysSrv( 1214): [XC,SetWindow][_MApi_XC_SetWindow, 3950] CropWin x:    0  y:    0  w: 1920  h: 1080 
07-06 00:08:24.753 I/MiSysSrv( 1214): [XC,SetWindow][_MApi_XC_SetWindow, 3951] DispWin x: 1208  y:  410  w: 1632  h:  920 
07-06 00:08:24.753 I/MiSysSrv( 1214): [XC,SetWindow][_MApi_XC_SetWindow, 3956] Panel   x:  110  y:    0  w: 3840  h: 2160 
07-06 00:08:24.753 I/MiSysSrv( 1214): [XC,SetWindow][_MApi_XC_SetWindow, 3957] Mirror/Interlace/Hdup = 0/0/0
07-06 00:08:24.753 I/MiSysSrv( 1214): [XC,SetWindow][_MApi_XC_SetWindow, 3958] H/V total = (0, 2205), VFreq = 240
07-06 00:08:24.753 I/MiSysSrv( 1214): [XC,SetWindow][_MApi_XC_SetWindow, 3959] Pre  H cus scaling 1 (3840 -> 3840)
07-06 00:08:24.753 I/MiSysSrv( 1214): [XC,SetWindow][_MApi_XC_SetWindow, 3960] Pre  V cus scaling 1 (2160 -> 2160)
07-06 00:08:24.753 I/MiSysSrv( 1214): [XC,SetWindow][_MApi_XC_SetWindow, 3961] Post H cus scaling 0 (0 -> 0)
07-06 00:08:24.753 I/MiSysSrv( 1214): [XC,SetWindow][_MApi_XC_SetWindow, 3962] Post V cus scaling 0 (0 -> 0)
07-06 00:08:24.753 I/MiSysSrv( 1214): [XC,SetWindow][_MApi_XC_SetWindow, 4003] [_MApi_XC_SetWindow, 4003][CMA], bIsGetCMA[self]=1 bIsGetCMA[cobuff]=0 
07-06 00:08:24.753 I/MiSysSrv( 1214): [XC,SetWindow][_MApi_XC_SetWindow, 4004] [_MApi_XC_SetWindow, 4004][CMA], au32CMAMemSCMSize[self]=0 au32CMAMemSCMSize[cobuff]=0 u32DualMiuMemSize=0
07-06 00:08:24.753 I/MiSysSrv( 1214): [XC,SetWindow][_MApi_XC_SetWindow, 4005] [_MApi_XC_SetWindow, 4005][CMA], u32PreCMAMemSCMSize[self]=0 u32PreCMAMemSCMSize[cobuff]=0 
07-06 00:08:24.753 I/MiSysSrv( 1214): [XC,SetWindow][_MApi_XC_SetWindow, 4006] [_MApi_XC_SetWindow, 4006][CMA], u32PreCMAMemFRCMSize[self]=0 u32PreCMAMemFRCMSize[cobuff]=0 
07-06 00:08:24.753 I/MiSysSrv( 1214): [XC,SetWindow][_MApi_XC_SetWindow, 4007] [_MApi_XC_SetWindow, 4007][CMA], u32PreCMAMemDualSCMSize=0 
07-06 00:08:24.753 I/hstvos  ( 1216): [0m[1;33m[HSHAL][HS_VIDEO][HS_HAL_Video_SetOsdDetect_v2][2389]u16Threshold = 20
07-06 00:08:24.792 D/NtpTrustedTime( 1733): currentTimeMillis() cache hit
07-06 00:08:24.792 D/NtpTrustedTime( 1733): currentTimeMillis() cache hit
07-06 00:08:24.792 D/PowerManagerService( 1733): releaseWakeLockInternal: lock=113832109 [NetworkStats], flags=0x0
07-06 00:08:24.792 D/PowerManagerNotifier( 1733): onWakeLockReleased: flags=1, tag="NetworkStats", packageName=android, ownerUid=1000, ownerPid=1733, workSource=null
07-06 00:08:24.802 D/DtvSourcePlugin-DVBC( 8758): Setting the EPG Updater state to: WAIT
07-06 00:08:24.959 I/MiSysSrv( 1214): [35mFunction = MApi_CMA_Pool_GetMem, Line = 336, alloc_param->virt_addr is 0xE0B00000[m
07-06 00:08:24.963 I/MiSysSrv( 1214): [XC,SetWindow][_MApi_XC_SetWindow, 4023] [_MApi_XC_SetWindow, 4023][CMA], u32CMAAddr[CMA_XC_SELF_MEM]=16800000 
07-06 00:08:24.963 I/MiSysSrv( 1214): [XC,SetWindow][_MApi_XC_SetWindow, 4056] [_MApi_XC_SetWindow, 4056][CMA], Release cobuff buff!
07-06 00:08:24.963 I/MiSysSrv( 1214): [XC,SetWindow][Hal_SC_set_write_limit,  650] eWindow=0, MHal_XC_GetDNRBufAddress=b40000, MHal_XC_GetDNRBufSize=300000
07-06 00:08:24.963 I/MiSysSrv( 1214): [XC,SetWindow][Hal_SC_set_write_limit,  651] eWindow=0, u32MinLimitAddress=b40000, u32MaxLimitAddress=e3ffff
07-06 00:08:24.963 I/MiSysSrv( 1214): [XC,SetWindow][MDrv_XC_SetFRCMFrameBufferAddress, 1259] Change Main_FB_Start_Addr=16800000, Size=6000000
07-06 00:08:24.963 I/MiSysSrv( 1214): [XC,SetWindow][Hal_SC_set_write_limit,  650] eWindow=0, MHal_XC_GetDNRBufAddress=b40000, MHal_XC_GetDNRBufSize=300000
07-06 00:08:24.963 I/MiSysSrv( 1214): [XC,SetWindow][Hal_SC_set_write_limit,  651] eWindow=0, u32MinLimitAddress=b40000, u32MaxLimitAddress=e3ffff
07-06 00:08:24.963 I/MiSysSrv( 1214): [XC,SetWindow][MDrv_XC_SetFrameBufferAddress, 1026] Change Main_FB_Start_Addr=16800000, Size=6000000
07-06 00:08:24.963 I/MiSysSrv( 1214): [XC,SetWindow][Hal_SC_set_write_limit,  650] eWindow=0, MHal_XC_GetDNRBufAddress=b40000, MHal_XC_GetDNRBufSize=300000
07-06 00:08:24.963 I/MiSysSrv( 1214): [XC,SetWindow][Hal_SC_set_write_limit,  651] eWindow=0, u32MinLimitAddress=b40000, u32MaxLimitAddress=e3ffff
07-06 00:08:24.963 I/MiSysSrv( 1214): [XC,SetWindow][_MApi_XC_SetWindow, 4143] [_MApi_XC_SetWindow, 4143] [DS] u16VBox_Htotal:3840 u16VBox_Vtotal:2160  
07-06 00:08:24.963 I/MiSysSrv( 1214): [XC,SetWindow][_MApi_XC_SetWindow, 4176] [_MApi_XC_SetWindow, 4176] [DS] [PQSrcData] width:3840 height:2160  
07-06 00:08:24.964 I/MiSysSrv( 1214): [XC,SetWindow][MApi_XC_Set_PQ_SourceData, 2949] PQSetSource:Input src=34, win=0,
07-06 00:08:24.964 I/MiSysSrv( 1214): [XC,SetWindow][MApi_XC_Set_PQ_SourceData, 2950] PQSetSource:   PQ src=9, win=0
07-06 00:08:24.964 I/MiSysSrv( 1214): [XC,SetWindow][msAPI_Scaler_SetMode, 2602] E_MS_XC_MEM_FMT_AUTO
07-06 00:08:24.964 I/MiSysSrv( 1214): [XC,SetWindow][msAPI_Scaler_SetMode, 2624] MemFmt422=1
07-06 00:08:24.964 I/MiSysSrv( 1214): [XC,SetWindow][msAPI_Scaler_SetMode, 2679] bMemYUVFmt=1, RGBin=0
07-06 00:08:24.964 I/MiSysSrv( 1214): [XC,LPLL][MDrv_SC_IsForceFreerun, 1547] MDrv_SC_IsForceFreerun = 0
07-06 00:08:24.964 I/MiSysSrv( 1214): [XC,SetWindow][msAPI_Scaler_Field_Detect, 2051] DTV [XC,SetWindow][msAPI_Scaler_Field_Detect, 2064] -> Progressive
07-06 00:08:24.964 I/MiSysSrv( 1214): [XC,SetWindow][_MApi_XC_SetWindow, 4250] UCNR enabled: NO 
