07-06 00:22:34.600 D/OkHttp  (29306): Accept-Encoding: gzip
07-06 00:22:34.600 D/OkHttp  (29306): User-Agent: okhttp/3.6.0
07-06 00:22:34.600 D/OkHttp  (29306): --> END GET
07-06 00:22:34.610 D/OkHttp  (29306): <-- 200 OK http://picture.edu.hismarttv.com/images/20170629/%E5%AE%8B%E8%AF%8D.jpg (31ms)
07-06 00:22:34.610 D/OkHttp  (29306): Date: Wed, 05 Jul 2017 15:03:18 GMT
07-06 00:22:34.610 D/OkHttp  (29306): Server: nginx
07-06 00:22:34.610 D/OkHttp  (29306): Content-Type: image/jpeg
07-06 00:22:34.610 D/OkHttp  (29306): Content-Length: 79900
07-06 00:22:34.610 D/OkHttp  (29306): Last-Modified: Fri, 09 Jun 2017 14:50:10 GMT
07-06 00:22:34.610 D/OkHttp  (29306): ETag: "593ab5a2-1381c"
07-06 00:22:34.610 D/OkHttp  (29306): Accept-Ranges: bytes
07-06 00:22:34.610 D/OkHttp  (29306): Age: 4756
07-06 00:22:34.610 D/OkHttp  (29306): Via: 1.1 shzh52:0 (Cdn Cache Server V2.0)[39 200 0], 1.1 PSahmaswt2ak213:4 (Cdn Cache Server V2.0)[0 200 0]
07-06 00:22:34.610 D/OkHttp  (29306): Connection: keep-alive
07-06 00:22:34.610 D/OkHttp  (29306): <-- END HTTP
07-06 00:22:34.613 D/HttpHandler(29306): RetryIntercepter-->retryNum=0
07-06 00:22:34.614 D/HttpHandler(29306): RetryIntercepter-->backoffmutiplier=0
07-06 00:22:34.617 D/HttpHandler(29306): VerifySignInterCeptor-->request.url()=http://picture.edu.hismarttv.com/images/20170629/%E7%99%BE%E5%AE%B6%E5%A7%93.jpg
07-06 00:22:34.617 D/HttpHandler(29306): VerifySignInterCeptor-->hostname=picture.edu.hismarttv.com
07-06 00:22:34.619 D/HttpHandler(29306): VerifySignInterCeptor-->request.url()=http://picture.edu.hismarttv.com/images/20170629/%E4%B8%AD%E5%BA%B8.jpg
07-06 00:22:34.619 D/HttpHandler(29306): VerifySignInterCeptor-->hostname=picture.edu.hismarttv.com
07-06 00:22:34.619 D/OkHttp  (29306): --> GET http://picture.edu.hismarttv.com/images/20170629/%E7%99%BE%E5%AE%B6%E5%A7%93.jpg http/1.1
07-06 00:22:34.619 D/OkHttp  (29306): Host: picture.edu.hismarttv.com
07-06 00:22:34.619 D/OkHttp  (29306): Connection: Keep-Alive
07-06 00:22:34.619 D/OkHttp  (29306): Accept-Encoding: gzip
07-06 00:22:34.619 D/OkHttp  (29306): User-Agent: okhttp/3.6.0
07-06 00:22:34.619 D/OkHttp  (29306): --> END GET
07-06 00:22:34.620 D/HttpHandler(29306): HttpDNS-->hostname=picture.edu.hismarttv.com
07-06 00:22:34.628 D/PowerManagerService( 1733): releaseWakeLockInternal: lock=681732318 [ActivityManager-Launch], flags=0x0
07-06 00:22:34.628 D/PowerManagerNotifier( 1733): onWakeLockReleased: flags=1, tag="ActivityManager-Launch", packageName=android, ownerUid=1000, ownerPid=1733, workSource=null
07-06 00:22:34.629 D/OkHttp  (29306): <-- 200 OK http://picture.edu.hismarttv.com/images/20170629/%E5%8D%83%E5%AD%97%E6%96%87.jpg (28ms)
07-06 00:22:34.629 D/OkHttp  (29306): Date: Tue, 04 Jul 2017 14:32:05 GMT
07-06 00:22:34.629 D/OkHttp  (29306): Server: nginx
07-06 00:22:34.629 D/OkHttp  (29306): Content-Type: image/jpeg
07-06 00:22:34.629 D/OkHttp  (29306): Content-Length: 95877
07-06 00:22:34.629 D/OkHttp  (29306): Last-Modified: Fri, 09 Jun 2017 14:50:18 GMT
07-06 00:22:34.629 D/OkHttp  (29306): ETag: "593ab5aa-17685"
07-06 00:22:34.629 D/OkHttp  (29306): Accept-Ranges: bytes
07-06 00:22:34.629 D/OkHttp  (29306): Age: 93029
07-06 00:22:34.629 D/OkHttp  (29306): Via: 1.1 shuozhou56:1 (Cdn Cache Server V2.0)[11 200 0], 1.1 nwangtong95:4 (Cdn Cache Server V2.0)[12 200 0]
07-06 00:22:34.629 D/OkHttp  (29306): Connection: keep-alive
07-06 00:22:34.629 D/OkHttp  (29306): <-- END HTTP
07-06 00:22:34.630 D/HttpHandler(29306): RAMCache-->hostInfo.getClientTimeStamp()=20580398
07-06 00:22:34.630 D/HttpHandler(29306): RAMCache-->hostInfo.getTtl()=300
07-06 00:22:34.630 D/HttpHandler(29306): RAMCache-->SystemClock.elapsedRealtime()=20596201
07-06 00:22:34.631 D/HttpHandler(29306): RetryIntercepter-->retryNum=0
07-06 00:22:34.632 D/HttpHandler(29306): RetryIntercepter-->backoffmutiplier=0
07-06 00:22:34.633 D/HttpHandler(29306): DNSHelper-->gslbDns=["123.128.14.209","153.35.175.121","220.202.77.124","153.35.175.120","125.46.22.134","36.33.158.222","218.58.206.58"]
07-06 00:22:34.657 D/OkHttp  (29306): --> GET http://picture.edu.hismarttv.com/images/20170629/%E4%B8%AD%E5%BA%B8.jpg http/1.1
07-06 00:22:34.657 D/OkHttp  (29306): Host: picture.edu.hismarttv.com
07-06 00:22:34.657 D/OkHttp  (29306): Connection: Keep-Alive
07-06 00:22:34.657 D/OkHttp  (29306): Accept-Encoding: gzip
07-06 00:22:34.657 D/OkHttp  (29306): User-Agent: okhttp/3.6.0
07-06 00:22:34.657 D/OkHttp  (29306): --> END GET
07-06 00:22:34.661 D/OkHttp  (29306): <-- 200 OK http://picture.edu.hismarttv.com/images/20170629/%E7%99%BE%E5%AE%B6%E5%A7%93.jpg (41ms)
07-06 00:22:34.661 D/OkHttp  (29306): Date: Tue, 04 Jul 2017 14:32:05 GMT
07-06 00:22:34.661 D/OkHttp  (29306): Server: nginx
07-06 00:22:34.661 D/OkHttp  (29306): Content-Type: image/jpeg
07-06 00:22:34.661 D/OkHttp  (29306): Content-Length: 104727
07-06 00:22:34.661 D/OkHttp  (29306): Last-Modified: Fri, 09 Jun 2017 14:51:04 GMT
07-06 00:22:34.661 D/OkHttp  (29306): ETag: "593ab5d8-19917"
07-06 00:22:34.661 D/OkHttp  (29306): Accept-Ranges: bytes
07-06 00:22:34.661 D/OkHttp  (29306): Age: 93029
07-06 00:22:34.661 D/OkHttp  (29306): Via: 1.1 jn241:9 (Cdn Cache Server V2.0)[13 200 0], 1.1 anwangtong99:7 (Cdn Cache Server V2.0)[19 200 0]
07-06 00:22:34.661 D/OkHttp  (29306): Connection: keep-alive
07-06 00:22:34.661 D/OkHttp  (29306): <-- END HTTP
07-06 00:22:34.670 D/HttpHandler(29306): RetryIntercepter-->retryNum=0
07-06 00:22:34.673 D/HttpHandler(29306): RetryIntercepter-->backoffmutiplier=0
07-06 00:22:34.682 E/btif_config( 2964): [btif_config_get] node is TRUE!
07-06 00:22:34.682 E/btif_config( 2964): [btif_config_get] ret is TRUE!
07-06 00:22:34.696 D/OkHttp  (29306): <-- 200 OK http://picture.edu.hismarttv.com/images/20170629/%E4%B8%AD%E5%BA%B8.jpg (35ms)
07-06 00:22:34.696 D/OkHttp  (29306): Date: Tue, 04 Jul 2017 14:32:05 GMT
07-06 00:22:34.696 D/OkHttp  (29306): Server: nginx
07-06 00:22:34.696 D/OkHttp  (29306): Content-Type: image/jpeg
07-06 00:22:34.696 D/OkHttp  (29306): Content-Length: 90285
07-06 00:22:34.696 D/OkHttp  (29306): Last-Modified: Fri, 09 Jun 2017 14:49:50 GMT
07-06 00:22:34.696 D/OkHttp  (29306): ETag: "593ab58e-160ad"
07-06 00:22:34.696 D/OkHttp  (29306): Accept-Ranges: bytes
07-06 00:22:34.696 D/OkHttp  (29306): Age: 93029
07-06 00:22:34.696 D/OkHttp  (29306): Via: 1.1 changzhiwangtong172:9 (Cdn Cache Server V2.0)[14 200 0], 1.1 nwangtong95:9 (Cdn Cache Server V2.0)[18 200 0]
07-06 00:22:34.696 D/OkHttp  (29306): Connection: keep-alive
07-06 00:22:34.696 D/OkHttp  (29306): <-- END HTTP
07-06 00:22:34.699 D/HttpHandler(29306): RetryIntercepter-->retryNum=0
07-06 00:22:34.699 D/HttpHandler(29306): RetryIntercepter-->backoffmutiplier=0
07-06 00:22:34.730 V/DataSource( 1206): sniff
07-06 00:22:34.730 I/FFmpegExtractor( 1206): android-source:0xf406dd40
07-06 00:22:34.733 I/FFMPEG  ( 1206): [mov,mp4,m4a,3gp,3g2,mj2 @ 0xf1803400] Format mov,mp4,m4a,3gp,3g2,mj2 probed with size=2048 and score=100
07-06 00:22:34.735 D/MediaHTTPConnection(29306): [Connection@288164791] getSize mTotalSize = 218840697
07-06 00:22:34.736 I/FFMPEG  ( 1206): [mov,mp4,m4a,3gp,3g2,mj2 @ 0xf1803400] ISO: File Type Major Brand: isom
07-06 00:22:34.769 I/MiSysSrv( 1214): [37m[INFO] Change to Voltage: 117 mv (0x32)[m
07-06 00:22:34.782 D/HttpHandler(29306): VerifySignInterCeptor-->request.url()=http://picture.edu.hismarttv.com/images/20170629/%E5%AD%9F%E5%AD%90.jpg
07-06 00:22:34.789 E/audio_hw_primary( 1206): out_standby
07-06 00:22:34.790 D/PowerManagerService( 1733): releaseWakeLockInternal: lock=13720741 [AudioMix], flags=0x0
07-06 00:22:34.790 D/PowerManagerNotifier( 1733): onWakeLockReleased: flags=1, tag="AudioMix", packageName=media, ownerUid=1013, ownerPid=0, workSource=null
07-06 00:22:34.793 D/HttpHandler(29306): VerifySignInterCeptor-->hostname=picture.edu.hismarttv.com
07-06 00:22:34.794 D/FFmpegExtractor( 1206): FFmpegExtrator, url: android-source:0xf406dd40, format_name: mov,mp4,m4a,3gp,3g2,mj2, format_long_name: QuickTime / MOV
07-06 00:22:34.794 D/FFmpegExtractor( 1206): suppoted codec(h264) by official Stagefright
07-06 00:22:34.794 D/FFmpegExtractor( 1206): suppoted codec(aac) by official Stagefright
07-06 00:22:34.794 I/FFMPEG  ( 1206): [AVIOContext @ 0xf406dde0] Statistics: 426780 bytes read, 0 seeks
07-06 00:22:34.794 D/FFmpegExtractor( 1206): ffmpeg detected media content as 'video/mp4' with confidence 0.08
07-06 00:22:34.795 D/OkHttp  (29306): --> GET http://picture.edu.hismarttv.com/images/20170629/%E5%AD%9F%E5%AD%90.jpg http/1.1
07-06 00:22:34.795 D/OkHttp  (29306): Host: picture.edu.hismarttv.com
07-06 00:22:34.795 D/OkHttp  (29306): Connection: Keep-Alive
07-06 00:22:34.795 D/OkHttp  (29306): Accept-Encoding: gzip
07-06 00:22:34.795 D/OkHttp  (29306): User-Agent: okhttp/3.6.0
07-06 00:22:34.795 D/OkHttp  (29306): --> END GET
07-06 00:22:34.819 D/OkHttp  (29306): <-- 200 OK http://picture.edu.hismarttv.com/images/20170629/%E5%AD%9F%E5%AD%90.jpg (23ms)
07-06 00:22:34.819 D/OkHttp  (29306): Date: Tue, 04 Jul 2017 14:32:05 GMT
07-06 00:22:34.819 D/OkHttp  (29306): Server: nginx
07-06 00:22:34.819 D/OkHttp  (29306): Content-Type: image/jpeg
07-06 00:22:34.819 D/OkHttp  (29306): Content-Length: 69736
07-06 00:22:34.819 D/OkHttp  (29306): Last-Modified: Fri, 09 Jun 2017 14:50:20 GMT
07-06 00:22:34.819 D/OkHttp  (29306): ETag: "593ab5ac-11068"
07-06 00:22:34.819 D/OkHttp  (29306): Accept-Ranges: bytes
07-06 00:22:34.819 D/OkHttp  (29306): Age: 93029
07-06 00:22:34.819 D/OkHttp  (29306): Via: 1.1 pingwangtong53:3 (Cdn Cache Server V2.0)[9 200 0], 1.1 anwangtong96:5 (Cdn Cache Server V2.0)[6 200 0]
07-06 00:22:34.819 D/OkHttp  (29306): Connection: keep-alive
07-06 00:22:34.819 D/OkHttp  (29306): <-- END HTTP
07-06 00:22:34.820 D/HttpHandler(29306): RetryIntercepter-->retryNum=0
07-06 00:22:34.820 D/HttpHandler(29306): RetryIntercepter-->backoffmutiplier=0
07-06 00:22:34.835 D/HttpHandler(29306): VerifySignInterCeptor-->request.url()=http://picture.edu.hismarttv.com/images/
07-06 00:22:34.835 D/HttpHandler(29306): VerifySignInterCeptor-->hostname=picture.edu.hismarttv.com
07-06 00:22:34.836 D/OkHttp  (29306): --> GET http://picture.edu.hismarttv.com/images/ http/1.1
07-06 00:22:34.836 D/OkHttp  (29306): Host: picture.edu.hismarttv.com
07-06 00:22:34.836 D/OkHttp  (29306): Connection: Keep-Alive
07-06 00:22:34.836 D/OkHttp  (29306): Accept-Encoding: gzip
07-06 00:22:34.836 D/OkHttp  (29306): User-Agent: okhttp/3.6.0
07-06 00:22:34.836 D/OkHttp  (29306): --> END GET
07-06 00:22:34.862 I/TVMW@HsTvSetting( 1234): Trace cmd, data = 0x1058
07-06 00:22:34.862 D/til@system( 2026): til_get_system_param option:100002F int:0, bool:0, ret:0
07-06 00:22:34.863 I/TVMW@HsTvSetting( 1234): Trace cmd, data = 0x101f
07-06 00:22:34.863 D/til@system( 2026): til_get_system_param option:100001D int:3, bool:3, ret:0
07-06 00:22:34.863 E/til     ( 2026): [til_get_current_input_source, 101] 
07-06 00:22:34.863 I/TVMW@HsTvSetting( 1234): Trace cmd, data = 0x7007
07-06 00:22:34.863 I/tilwrapper@sm( 2026): HS2TIL_SourceType *hs=0xd, *til=0x900
07-06 00:22:34.864 D/til     ( 2026): get current source 2304
07-06 00:22:34.864 D/SourceRemoteServiceHandler( 2026): getCurrentInputSource.from.til.result is 0, value is 2304
07-06 00:22:34.864 D/SourceRemoteServiceHandler( 2026): getInputSourceType source: 0x900, type=2304
07-06 00:22:34.864 D/til     ( 2026): ###### func:til_get_picture_param option:0x3000006 ######  
07-06 00:22:34.864 I/TVMW@HsTvSetting( 1234): Trace cmd, data = 0x1003
07-06 00:22:34.864 I/TVMW@HsTvSetting( 1234): Trace cmd, data = 0x8032
07-06 00:22:34.865 I/hstvos  ( 1216): [0m[1;33m[HSHAL][HS_VIDEO][HS_HAL_Video_SetOsdDetect_v2][2389]u16Threshold = 20
07-06 00:22:34.865 I/MiSysSrv( 1214): Not support now! 42, change to mm_video!!!
07-06 00:22:34.865 E/TVMW@videoctrl( 1234):  getOsd is 1
07-06 00:22:34.866 D/til@system( 2026): til_get_system_param option:1000027 int:1, bool:1, ret:0
07-06 00:22:34.866 D/til     ( 2026): ###### func:til_get_picture_param option:0x3000045 ######  
07-06 00:22:34.866 I/TVMW@HsTvSetting( 1234): Trace cmd, data = 0x300c
07-06 00:22:34.866 I/TVMW@HsTvSetting( 1234): Trace 3d, data = 0x300c
07-06 00:22:34.866 I/TVMW@3d ( 1234): Hs_debug3d_trace: func:get3dStatus, line:109
07-06 00:22:34.918 I/HLSP2P  ( 3457): ## 2017-07-06 00:22:34.918 [3457,3628,:0] INFO ## [HLSP2P][PunchHelper.cpp:286][INFO][SendHeartBeatMsg][PunchHelper] send heartbeat to punch server(111.161.53.222:8002) ok
07-06 00:22:34.922 D/OkHttp  (29306): <-- 403 Forbidden http://picture.edu.hismarttv.com/images/ (85ms)
07-06 00:22:34.922 D/OkHttp  (29306): Date: Wed, 05 Jul 2017 16:22:34 GMT
07-06 00:22:34.922 D/OkHttp  (29306): Server: nginx
07-06 00:22:34.922 D/OkHttp  (29306): Content-Type: text/html; charset=UTF-8
07-06 00:22:34.922 D/OkHttp  (29306): Content-Length: 162
07-06 00:22:34.922 D/OkHttp  (29306): Via: 1.1 shuozhou56:0 (Cdn Cache Server V2.0)[42 403 2], 1.1 anwangtong96:0 (Cdn Cache Server V2.0)[76 403 2]
07-06 00:22:34.922 D/OkHttp  (29306): Connection: close
07-06 00:22:34.922 D/OkHttp  (29306): <-- END HTTP
07-06 00:22:34.922 D/HttpHandler(29306): RetryIntercepter-->retryNum=0
07-06 00:22:34.922 D/HttpHandler(29306): RetryIntercepter-->backoffmutiplier=0
07-06 00:22:34.938 I/SurfaceView(29306): Changes: creating=false format=false size=false visible=false left=false top=false
07-06 00:22:34.938 I/SurfaceView(29306): Cur surface: Surface(name=null)/@0x3f8f27dc
07-06 00:22:34.939 I/HLSP2P  ( 3457): ## 2017-07-06 00:22:34.933 [3457,3630,:0] INFO ## [HLSP2P][PunchHelper.cpp:431][INFO][OnHeartbeatRsp][PunchHelper] punch heartbeat rsp ok
07-06 00:22:34.953 D/OsdMonitorService( 1733): mCurrentWindow = com.hisense.hicloud.edca/com.hisense.tvui.newhome.HomeMainActivity; newWindow = com.hisense.hicloud.edca/com.hisense.tvui.newhome.HomeMainActivity; isSubWindow = false; isInWinList = false; isExitNow = false
07-06 00:22:34.953 D/OsdMonitorService( 1733): windowNotOsd() : name = com.hisense.hicloud.edca/com.hisense.tvui.newhome.HomeMainActivity
07-06 00:22:34.954 I/OsdMonitorService( 1733): setOsdStatus() : status will change from true to true
07-06 00:22:34.956 D/PowerManagerService( 1733): setScreenBrightnessOverrideFromWindowManagerInternal done
07-06 00:22:34.958 D/PowerManagerService( 1733): setScreenBrightnessOverrideFromWindowManagerInternal done
07-06 00:22:34.960 D/Surface ( 1733): onStatusChange() : mNativeObject = 547942746112 mUseImageHwRender = false
07-06 00:22:34.960 V/Surface ( 1733): nativeSetHardwareRender() : status = 0
07-06 00:22:34.960 V/Surface ( 1733): nativeSetHardwareRender() : end
07-06 00:22:34.962 D/PowerManagerService( 1733): setScreenBrightnessOverrideFromWindowManagerInternal done
07-06 00:22:34.963 D/Surface ( 1733): onStatusChange() : mNativeObject = 0 mUseImageHwRender = false
07-06 00:22:34.964 D/Surface (29306): onStatusChange() : mNativeObject = -539022080 mUseImageHwRender = false
07-06 00:22:34.964 V/Surface (29306): nativeSetHardwareRender() : status = 0
07-06 00:22:34.964 V/Surface (29306): nativeSetHardwareRender() : end
07-06 00:22:34.964 I/SurfaceView(29306): New surface: Surface(name=null)/@0x1e4130e5, vis=true, frame=Rect(418, 205 - 1234, 665)
07-06 00:22:34.964 D/Surface (29306): onStatusChange() : mNativeObject = 0 mUseImageHwRender = false
07-06 00:22:34.964 D/Surface (29306): onStatusChange() : mNativeObject = -539022080 mUseImageHwRender = false
07-06 00:22:34.964 V/Surface (29306): nativeSetHardwareRender() : status = 0
07-06 00:22:34.964 V/Surface (29306): nativeSetHardwareRender() : end
07-06 00:22:34.964 I/SurfaceView(29306): surfaceRedrawNeeded
07-06 00:22:34.964 I/SurfaceView(29306): finishedDrawing
07-06 00:22:34.965 V/SurfaceView(29306): Layout: x=418 y=205 w=816 h=460, frame=Rect(0, 0 - 816, 460)
07-06 00:22:34.969 W/SurfaceFlinger( 1204): couldn't log to binary event log: overflow.
07-06 00:22:34.969 I/MiSysSrv( 1214): [37m[INFO] Change to Voltage: 107 mv (0x28)[m
07-06 00:22:34.974 D/PowerManagerService( 1733): setScreenBrightnessOverrideFromWindowManagerInternal done
07-06 00:22:34.975 I/NotificationService( 1733): cancelToast pkg=com.hisense.hicloud.edca callback=android.app.ITransientNotification$Stub$Proxy@11d5480b
07-06 00:22:34.976 W/NotificationService( 1733): Toast already cancelled. pkg=com.hisense.hicloud.edca callback=android.app.ITransientNotification$Stub$Proxy@11d5480b
07-06 00:22:34.976 D/DetailPlayActivity(29306): ---------------------------onstop,isReleased:true
07-06 00:22:34.980 D/DetailPlayActivity(29306): ---------------------------ondestroy
07-06 00:22:34.981 I/FirstLineAdapter(29306): canShowTrailer,isOffline=false
07-06 00:22:34.982 D/DetailVideoPlayerContainer(29306): reportVideoEndLog!!!!!current videos id is : 35351
07-06 00:22:34.984 D/til@system( 2026): til_get_system_param option:1000007 int:-1815634176, bool:0, ret:0
07-06 00:22:34.986 D/til@system( 2026): til_get_system_param option:1000009 int:-1936522368, bool:128, ret:0
07-06 00:22:34.987 D/til@system( 2026): til_get_system_param option:1000008 int:-1936523008, bool:0, ret:0
07-06 00:22:34.987 D/HiSDKLogReport(29306): getOperationDetail-productName : LED50MU8600UC
07-06 00:22:34.988 D/HiSDKLogReport(29306): getOperationDetail-plmNumber : 88888
07-06 00:22:34.988 D/HiSDKLogReport(29306): getOperationDetail-swVersion : V0000.00.01A
07-06 00:22:34.988 D/HiSDKLogReport(29306): getOperationDetail-operationDetail : LED50MU8600UC0000888
07-06 00:22:34.988 D/hwcomposer( 1204): lastHWWindowInfo is dirty
07-06 00:22:34.988 D/HiSDKLogReport(29306): businessLogReport-log : {eventType=229, APPVersionName=3.0.0.9.00, devid=86100300900000500000060a4818fca8, uuid=13287129, APIversion=501, duration=0, eventcode=229009, logversion=2.0, devType=0, eventPos=009, ChannelId=0, version=00.002.003, subscriberId=13287129, PFAPPCode=652, softwareVersion=LED50MU8600UC0000888, srceventcode=207000, videoid=35351, srcmediaid=, mac=a8:a6:48:18:fc:a8, accessToken=72DF6038D2AEAB8A76DFBBBBCC428A4A_002403952805912, srcoriginal=1, APPPackage=com.hisense.hicloud.edca, mediaid=3535, sessionid=ea0d7e090cdb481286c7c676f2daf74b, requesttime=1499271754988, customerId=7195320, model_id=0, requestid=8afa1f7ee8434d5b9fa3b3d63debe0a2, tv_distribute_id=00, APIVersion=600, issysrepo=0}
07-06 00:22:34.988 D/DetailVideoPlayerContainer(29306): onDestroy() --
07-06 00:22:34.995 V/MediaExtractor( 1206): MediaExtractor::Create mime:video/mp4 ---- Enter
07-06 00:22:34.995 V/MediaExtractor( 1206): maomao::MediaExtractor::Create mime:isCts is 0
07-06 00:22:34.996 W/System.err(29306): java.net.ConnectException: failed to connect to /10.18.210.112 (port 8900) after 6000ms: isConnected failed: ECONNREFUSED (Connection refused)
07-06 00:22:34.996 W/System.err(29306): 	at libcore.io.IoBridge.isConnected(IoBridge.java:238)
07-06 00:22:34.996 W/System.err(29306): 	at libcore.io.IoBridge.connectErrno(IoBridge.java:171)
07-06 00:22:34.996 W/System.err(29306): 	at libcore.io.IoBridge.connect(IoBridge.java:122)
07-06 00:22:34.996 W/System.err(29306): 	at java.net.PlainSocketImpl.connect(PlainSocketImpl.java:183)
07-06 00:22:34.996 W/System.err(29306): 	at java.net.PlainSocketImpl.connect(PlainSocketImpl.java:456)
07-06 00:22:34.996 W/System.err(29306): 	at java.net.Socket.connect(Socket.java:882)
07-06 00:22:34.996 W/System.err(29306): 	at com.android.okhttp.internal.Platform.connectSocket(Platform.java:174)
07-06 00:22:34.996 W/System.err(29306): 	at com.android.okhttp.Connection.connect(Connection.java:152)
07-06 00:22:34.996 W/System.err(29306): 	at com.android.okhttp.internal.http.HttpEngine.connect(HttpEngine.java:276)
07-06 00:22:34.996 W/System.err(29306): 	at com.android.okhttp.internal.http.HttpEngine.sendRequest(HttpEngine.java:211)
07-06 00:22:34.996 W/System.err(29306): 	at com.android.okhttp.internal.http.HttpURLConnectionImpl.execute(HttpURLConnectionImpl.java:382)
07-06 00:22:34.996 W/System.err(29306): 	at com.android.okhttp.internal.http.HttpURLConnectionImpl.connect(HttpURLConnectionImpl.java:106)
07-06 00:22:34.996 W/System.err(29306): 	at com.hisense.hitv.hicloud.util.ExceptionReport.a(ExceptionReport.java:337)
07-06 00:22:34.996 W/System.err(29306): 	at com.hisense.hitv.hicloud.util.ExceptionReport.a(ExceptionReport.java:39)
07-06 00:22:34.996 W/System.err(29306): 	at com.hisense.hitv.hicloud.util.ExceptionReport$1.run(ExceptionReport.java:83)
07-06 00:22:34.996 W/System.err(29306): 	at java.lang.Thread.run(Thread.java:818)
07-06 00:22:34.996 W/System.err(29306): Caused by: android.system.ErrnoException: isConnected failed: ECONNREFUSED (Connection refused)
07-06 00:22:34.997 W/System.err(29306): 	at libcore.io.IoBridge.isConnected(IoBridge.java:223)
07-06 00:22:34.997 W/System.err(29306): 	... 15 more
07-06 00:22:34.997 I/FFMPEG  ( 1206): [mov,mp4,m4a,3gp,3g2,mj2 @ 0xf1803400] Format mov,mp4,m4a,3gp,3g2,mj2 probed with size=2048 and score=100
07-06 00:22:34.997 I/FFMPEG  ( 1206): [mov,mp4,m4a,3gp,3g2,mj2 @ 0xf1803400] ISO: File Type Major Brand: isom
07-06 00:22:35.003 D/PowerManagerService( 1733): setScreenBrightnessOverrideFromWindowManagerInternal done
07-06 00:22:35.006 D/OsdMonitorService( 1733): mCurrentWindow = com.hisense.hicloud.edca/com.hisense.tvui.newhome.HomeMainActivity; newWindow = com.hisense.hicloud.edca/com.hisense.tvui.newhome.HomeMainActivity; isSubWindow = false; isInWinList = false; isExitNow = false
07-06 00:22:35.006 D/OsdMonitorService( 1733): windowNotOsd() : name = com.hisense.hicloud.edca/com.hisense.tvui.newhome.HomeMainActivity
07-06 00:22:35.006 I/OsdMonitorService( 1733): setOsdStatus() : status will change from true to true
07-06 00:22:35.010 I/FirstLineAdapter(29306): canShowTrailer,isOffline=false
07-06 00:22:35.011 I/FirstLineAdapter(29306): canShowTrailer,isOffline=false
07-06 00:22:35.011 I/FirstLineAdapter(29306): canShowTrailer,isOffline=false
07-06 00:22:35.011 I/FirstLineAdapter(29306): canShowTrailer,isOffline=false
07-06 00:22:35.011 I/FirstLineAdapter(29306): canShowTrailer,isOffline=false
07-06 00:22:35.011 I/FirstLineAdapter(29306): canShowTrailer,isOffline=false
07-06 00:22:35.011 I/FirstLineAdapter(29306): canShowTrailer,isOffline=false
07-06 00:22:35.011 I/FirstLineAdapter(29306): onCreateViewHolder viewtype=4
07-06 00:22:35.019 I/FirstLineAdapter(29306): onBindViewHolder 6
07-06 00:22:35.020 I/FirstLineAdapter(29306): canShowTrailer,isOffline=false
07-06 00:22:35.020 I/FirstLineAdapter(29306): canShowTrailer modify
07-06 00:22:35.020 I/FirstLineAdapter(29306): setMasterData6
07-06 00:22:35.020 I/FirstLineAdapter(29306): set current pos = 2
07-06 00:22:35.020 D/sloven  (29306): 2005---false
07-06 00:22:35.020 D/sloven  (29306): 2005
07-06 00:22:35.020 I/FirstLineAdapter(29306): canShowTrailer,isOffline=false
07-06 00:22:35.023 I/FirstLineAdapter(29306): canShowTrailer,isOffline=false
07-06 00:22:35.023 I/FirstLineAdapter(29306): onCreateViewHolder viewtype=4
07-06 00:22:35.029 I/FirstLineAdapter(29306): onBindViewHolder 7
07-06 00:22:35.029 I/FirstLineAdapter(29306): canShowTrailer,isOffline=false
07-06 00:22:35.029 I/FirstLineAdapter(29306): canShowTrailer modify
07-06 00:22:35.029 I/FirstLineAdapter(29306): setMasterData7
07-06 00:22:35.029 I/FirstLineAdapter(29306): set current pos = 3
07-06 00:22:35.030 D/sloven  (29306): 2005---false
07-06 00:22:35.030 D/sloven  (29306): 2005
07-06 00:22:35.030 D/HttpHandler(29306): VerifySignInterCeptor-->request.url()=http://picture.edu.hismarttv.com/images/20170628114649773760.jpg
07-06 00:22:35.030 D/HttpHandler(29306): VerifySignInterCeptor-->hostname=picture.edu.hismarttv.com
07-06 00:22:35.030 I/FirstLineAdapter(29306): canShowTrailer,isOffline=false
07-06 00:22:35.031 D/OkHttp  (29306): --> GET http://picture.edu.hismarttv.com/images/20170628114649773760.jpg http/1.1
07-06 00:22:35.031 D/OkHttp  (29306): Host: picture.edu.hismarttv.com
07-06 00:22:35.031 D/OkHttp  (29306): Connection: Keep-Alive
07-06 00:22:35.031 D/OkHttp  (29306): Accept-Encoding: gzip
07-06 00:22:35.031 D/OkHttp  (29306): User-Agent: okhttp/3.6.0
07-06 00:22:35.031 D/OkHttp  (29306): --> END GET
07-06 00:22:35.031 I/MyItemDecoration(29306): getItemOffsets rect=Rect(-6, 0 - 0, 0),pos=6
07-06 00:22:35.032 I/MyItemDecoration(29306): getItemOffsets rect=Rect(-6, -5 - 0, 0),pos=7
07-06 00:22:35.034 I/FirstLineAdapter(29306): canShowTrailer,isOffline=false
07-06 00:22:35.034 I/FirstLineAdapter(29306): canShowTrailer,isOffline=false
07-06 00:22:35.034 I/FirstLineAdapter(29306): onCreateViewHolder viewtype=0
07-06 00:22:35.038 I/FirstLineAdapter(29306): onBindViewHolder 0
07-06 00:22:35.039 I/FFMPEG  ( 1206): [mov,mp4,m4a,3gp,3g2,mj2 @ 0xf1803400] orig_nb_streams(2)
07-06 00:22:35.039 I/FFMPEG  ( 1206): [mov,mp4,m4a,3gp,3g2,mj2 @ 0xf1803400] Before avformat_find_stream_info() pos: 413026 bytes read:426780 seeks:0
07-06 00:22:35.041 I/FFMPEG  ( 1206): [NULL @ 0xbcb9c800] [Eval @ 0xf1300eec] Undefined constant or missing '(' in ''
07-06 00:22:35.041 I/FFMPEG  ( 1206): [NULL @ 0xbcb9c800] Unable to parse option value ""
07-06 00:22:35.041 I/FFMPEG  ( 1206): [NULL @ 0xbcb9c800] Error setting option debug to value .
07-06 00:22:35.041 I/FFMPEG  ( 1206): [mov,mp4,m4a,3gp,3g2,mj2 @ 0xf1803400] Failed to open codec in av_find_stream_info
07-06 00:22:35.041 I/FFMPEG  ( 1206): [NULL @ 0xbcb9cc00] [Eval @ 0xf1300eec] Undefined constant or missing '(' in ''
07-06 00:22:35.041 I/FFMPEG  ( 1206): [NULL @ 0xbcb9cc00] Unable to parse option value ""
07-06 00:22:35.041 I/FFMPEG  ( 1206): [NULL @ 0xbcb9cc00] Error setting option debug to value .
07-06 00:22:35.041 I/FFMPEG  ( 1206): [mov,mp4,m4a,3gp,3g2,mj2 @ 0xf1803400] Failed to open codec in av_find_stream_info
07-06 00:22:35.042 I/FFMPEG  ( 1206): [NULL @ 0xbcb9c800] try_decode_frame, i= 0, pkt->stream_index = 0
07-06 00:22:35.043 I/FirstLineAdapter(29306): canShowTrailer,isOffline=false
07-06 00:22:35.043 I/FirstLineAdapter(29306): canShowTrailer,isOffline=false
07-06 00:22:35.047 I/FirstLineAdapter(29306): canShowTrailer,isOffline=false
07-06 00:22:35.047 I/FirstLineAdapter(29306): canShowTrailer,isOffline=false
07-06 00:22:35.047 I/FirstLineAdapter(29306): canShowTrailer,isOffline=false
07-06 00:22:35.047 I/FirstLineAdapter(29306): canShowTrailer,isOffline=false
07-06 00:22:35.048 D/HttpHandler(29306): VerifySignInterCeptor-->request.url()=http://picture.edu.hismarttv.com/images/20170628114944634008.jpg
07-06 00:22:35.048 D/HttpHandler(29306): VerifySignInterCeptor-->hostname=picture.edu.hismarttv.com
07-06 00:22:35.050 I/FirstLineAdapter(29306): onViewDetachedFromWindow 
07-06 00:22:35.050 I/FirstLineAdapter(29306): onViewRecycledViewHolder{196250a7 position=7 id=-1, oldPos=-1, pLpos:-1}
07-06 00:22:35.050 I/FirstLineAdapter(29306): release NormalViewHolder
07-06 00:22:35.050 I/FirstLineAdapter(29306): onViewDetachedFromWindow 
07-06 00:22:35.050 I/FirstLineAdapter(29306): onViewRecycledViewHolder{22aa99a position=6 id=-1, oldPos=-1, pLpos:-1}
07-06 00:22:35.050 I/FirstLineAdapter(29306): release NormalViewHolder
07-06 00:22:35.051 I/FirstLineAdapter(29306): canShowTrailer,isOffline=false
07-06 00:22:35.053 D/Carousel-CarouselView(29306): ============>onScrollChanged hashCode:1018850026
07-06 00:22:35.053 D/Carousel-CarouselDisplayPlayerLayout(29306): isFullScreen:false
07-06 00:22:35.058 D/OkHttp  (29306): --> GET http://picture.edu.hismarttv.com/images/20170628114944634008.jpg http/1.1
07-06 00:22:35.058 D/OkHttp  (29306): Host: picture.edu.hismarttv.com
07-06 00:22:35.058 D/OkHttp  (29306): Connection: Keep-Alive
07-06 00:22:35.058 D/OkHttp  (29306): Accept-Encoding: gzip
07-06 00:22:35.058 D/OkHttp  (29306): User-Agent: okhttp/3.6.0
07-06 00:22:35.058 D/OkHttp  (29306): --> END GET
07-06 00:22:35.060 I/FFMPEG  ( 1206): [h264 @ 0xbcb9c800] no picture 
07-06 00:22:35.064 D/gralloc ( 1204): allocate buffer from ION HEAP 0x1
07-06 00:22:35.064 D/gralloc ( 1204): allocate memory from system heap
07-06 00:22:35.069 I/MiSysSrv( 1214): [37m[INFO] Change to Voltage: 117 mv (0x32)[m
07-06 00:22:35.070 D/OkHttp  (29306): <-- 200 OK http://picture.edu.hismarttv.com/images/20170628114649773760.jpg (36ms)
07-06 00:22:35.070 D/OkHttp  (29306): Date: Wed, 05 Jul 2017 14:51:13 GMT
07-06 00:22:35.070 D/OkHttp  (29306): Server: nginx
07-06 00:22:35.070 D/OkHttp  (29306): Content-Type: image/jpeg
07-06 00:22:35.070 D/OkHttp  (29306): Content-Length: 39955
07-06 00:22:35.070 D/OkHttp  (29306): Last-Modified: Wed, 28 Jun 2017 11:46:49 GMT
07-06 00:22:35.070 D/OkHttp  (29306): ETag: "59539729-9c13"
07-06 00:22:35.070 D/OkHttp  (29306): Accept-Ranges: bytes
07-06 00:22:35.070 D/OkHttp  (29306): Age: 5481
07-06 00:22:35.070 D/OkHttp  (29306): Via: 1.1 jnwt245:1 (Cdn Cache Server V2.0)[10 200 0], 1.1 PSahmaswt2ua207:4 (Cdn Cache Server V2.0)[0 200 0]
07-06 00:22:35.070 D/OkHttp  (29306): Connection: keep-alive
07-06 00:22:35.070 D/OkHttp  (29306): <-- END HTTP
07-06 00:22:35.079 I/NetflixMonitorService( 1733): current fgapk : com.hisense.hicloud.edca
07-06 00:22:35.079 I/NetflixMonitorService( 1733): Netflix status unchanged
07-06 00:22:35.082 D/HttpHandler(29306): RetryIntercepter-->retryNum=0
07-06 00:22:35.082 D/HttpHandler(29306): RetryIntercepter-->backoffmutiplier=0
07-06 00:22:35.101 D/Carousel-CarouselDisplayPlayerLayout(29306): x=380, y=-185,w=892,h=536, hashCode=137136638
07-06 00:22:35.101 D/Carousel-CarouselDisplayPlayerLayout(29306): mX=380, mY=-185,mWitdh=892,mHeight=536, hashCode=137136638
07-06 00:22:35.101 D/Carousel-CarouselDisplayPlayerLayout(29306): changed=false, hashCode=137136638
07-06 00:22:35.101 D/Carousel-CarouselDisplayPlayerLayout(29306): extraTryCount=0
07-06 00:22:35.106 I/MyFragmentStateAdapter(29306): getCount
07-06 00:22:35.106 I/MyFragmentStateAdapter(29306): getCount
07-06 00:22:35.106 I/MyFragmentStateAdapter(29306): getCount
07-06 00:22:35.106 I/MyFragmentStateAdapter(29306): getCount
07-06 00:22:35.106 I/FirstLineAdapter(29306): canShowTrailer,isOffline=false
07-06 00:22:35.106 I/FirstLineAdapter(29306): canShowTrailer,isOffline=false
07-06 00:22:35.106 I/FirstLineAdapter(29306): canShowTrailer,isOffline=false
07-06 00:22:35.106 I/FirstLineAdapter(29306): canShowTrailer,isOffline=false
07-06 00:22:35.106 I/FirstLineAdapter(29306): canShowTrailer,isOffline=false
07-06 00:22:35.107 I/FirstLineAdapter(29306): canShowTrailer,isOffline=false
07-06 00:22:35.107 I/FirstLineAdapter(29306): canShowTrailer,isOffline=false
07-06 00:22:35.107 I/FirstLineAdapter(29306): canShowTrailer,isOffline=false
07-06 00:22:35.107 I/FirstLineAdapter(29306): canShowTrailer,isOffline=false
07-06 00:22:35.109 D/OkHttp  (29306): <-- 200 OK http://picture.edu.hismarttv.com/images/20170628114944634008.jpg (29ms)
07-06 00:22:35.109 D/OkHttp  (29306): Date: Mon, 03 Jul 2017 11:52:48 GMT
07-06 00:22:35.109 D/OkHttp  (29306): Server: nginx
07-06 00:22:35.109 D/OkHttp  (29306): Content-Type: image/jpeg
07-06 00:22:35.109 D/OkHttp  (29306): Content-Length: 23077
07-06 00:22:35.110 D/OkHttp  (29306): Last-Modified: Wed, 28 Jun 2017 11:49:44 GMT
07-06 00:22:35.110 D/OkHttp  (29306): ETag: "595397d8-5a25"
07-06 00:22:35.110 D/OkHttp  (29306): Accept-Ranges: bytes
07-06 00:22:35.110 D/OkHttp  (29306): Age: 188987
07-06 00:22:35.110 D/OkHttp  (29306): Via: 1.1 pwt48:3 (Cdn Cache Server V2.0)[16 200 0], 1.1 nwangtong98:3 (Cdn Cache Server V2.0)[0 200 0]
07-06 00:22:35.110 D/OkHttp  (29306): Connection: keep-alive
07-06 00:22:35.110 D/OkHttp  (29306): <-- END HTTP
07-06 00:22:35.114 I/MyFragmentStateAdapter(29306): getCount
07-06 00:22:35.132 D/gralloc ( 1204): allocate buffer from ION HEAP 0x1
07-06 00:22:35.132 D/gralloc ( 1204): allocate memory from system heap
07-06 00:22:35.144 D/Carousel-CarouselDisplayPlayerLayout(29306): x=380, y=-185,w=892,h=536, hashCode=137136638
07-06 00:22:35.144 D/Carousel-CarouselDisplayPlayerLayout(29306): mX=380, mY=-185,mWitdh=892,mHeight=536, hashCode=137136638
07-06 00:22:35.144 D/Carousel-CarouselDisplayPlayerLayout(29306): changed=false, hashCode=137136638
07-06 00:22:35.144 D/Carousel-CarouselDisplayPlayerLayout(29306): extraTryCount=1
07-06 00:22:35.144 I/FirstLineAdapter(29306): canShowTrailer,isOffline=false
07-06 00:22:35.145 D/gralloc ( 1204): allocate buffer from ION HEAP 0x1
07-06 00:22:35.145 D/gralloc ( 1204): allocate memory from system heap
07-06 00:22:35.152 D/DtvSourcePlugin-DVBC( 8758): Setting the EPG Updater state to: WAIT
07-06 00:22:35.158 I/FFMPEG  ( 1206): [mov,mp4,m4a,3gp,3g2,mj2 @ 0xf1803400] i(1) > pkt->stream_index(0),conitnue
07-06 00:22:35.158 I/FFMPEG  ( 1206): [NULL @ 0xbcb9cc00] try_decode_frame, i= 1, pkt->stream_index = 1
07-06 00:22:35.163 I/FFMPEG  ( 1206): [aac @ 0xbcb9cc00] skip whole frame, skip left: 0
07-06 00:22:35.165 D/Carousel-CarouselDisplayPlayerLayout(29306): x=380, y=-185,w=892,h=536, hashCode=137136638
07-06 00:22:35.165 I/FFMPEG  ( 1206): [mov,mp4,m4a,3gp,3g2,mj2 @ 0xf1803400] After avformat_find_stream_info() pos: 473274 bytes read:492316 seeks:0 frames:3
07-06 00:22:35.165 I/FFmpegExtractor( 1206): the duration is 00:08:58.08
07-06 00:22:35.165 I/FFmpegExtractor( 1206): streamIndex: 0 ,stream_index 0
07-06 00:22:35.165 D/FFmpegExtractor( 1206): is_codec_supported codec_id is 28
07-06 00:22:35.166 D/FFmpegExtractor( 1206): setVideoFormat avctx->codec_id is 28
07-06 00:22:35.166 V/codec_utils( 1206): AVC
07-06 00:22:35.166 I/FFmpegExtractor( 1206): the time is 00:08:58.08
07-06 00:22:35.166 I/FFmpegExtractor( 1206): streamIndex: 1 ,stream_index 1
07-06 00:22:35.166 D/FFmpegExtractor( 1206): is_codec_supported codec_id is 86018
07-06 00:22:35.166 V/codec_utils( 1206): AAC
07-06 00:22:35.166 V/codec_utils( 1206): aac profile: 1, sf_index: 4, channel: 2
07-06 00:22:35.166 I/FFmpegExtractor( 1206): bit_rate: 55687, sample_rate: 44100, channels: 2, bits_per_coded_sample: 16, block_align:0
07-06 00:22:35.166 I/FFmpegExtractor( 1206): the time is 00:08:58.00
07-06 00:22:35.166 D/FFmpegExtractor( 1206): Reader thread started
07-06 00:22:35.166 D/FFmpegExtractor( 1206): supported mime: video/mp4
07-06 00:22:35.166 W/avc_utils( 1206): [3D detect]It is not SEI Nal
07-06 00:22:35.166 W/avc_utils( 1206): [3D detect]It is not SEI Nal
07-06 00:22:35.166 W/avc_utils( 1206): [3D detect]It is not SEI Nal
07-06 00:22:35.170 D/Carousel-CarouselDisplayPlayerLayout(29306): mX=380, mY=-185,mWitdh=892,mHeight=536, hashCode=137136638
07-06 00:22:35.170 D/Carousel-CarouselDisplayPlayerLayout(29306): changed=false, hashCode=137136638
07-06 00:22:35.170 D/Carousel-CarouselDisplayPlayerLayout(29306): extraTryCount=2
07-06 00:22:35.191 D/HttpHandler(29306): RetryIntercepter-->retryNum=0
07-06 00:22:35.191 D/HttpHandler(29306): RetryIntercepter-->backoffmutiplier=0
07-06 00:22:35.206 D/Carousel-CarouselDisplayPlayerLayout(29306): x=380, y=-185,w=892,h=536, hashCode=137136638
07-06 00:22:35.206 D/Carousel-CarouselDisplayPlayerLayout(29306): mX=380, mY=-185,mWitdh=892,mHeight=536, hashCode=137136638
07-06 00:22:35.206 D/Carousel-CarouselDisplayPlayerLayout(29306): changed=false, hashCode=137136638
07-06 00:22:35.206 D/Carousel-CarouselDisplayPlayerLayout(29306): extraTryCount=3
07-06 00:22:35.241 D/Carousel-CarouselDisplayPlayerLayout(29306): x=380, y=-185,w=892,h=536, hashCode=137136638
07-06 00:22:35.242 D/Carousel-CarouselDisplayPlayerLayout(29306): mX=380, mY=-185,mWitdh=892,mHeight=536, hashCode=137136638
07-06 00:22:35.242 D/Carousel-CarouselDisplayPlayerLayout(29306): changed=false, hashCode=137136638
07-06 00:22:35.242 D/Carousel-CarouselDisplayPlayerLayout(29306): extraTryCount=4
07-06 00:22:35.249 I/TVMW@devctrl( 1234): wdt
07-06 00:22:35.253 I/NuCachedSource2( 1206): new range: offset= 218840569
07-06 00:22:35.253 I/NuCachedSource2( 1206): seekInternal_l ---- totalSize: 1703936
07-06 00:22:35.255 D/MediaHTTPConnection(29306): offset = 218840569, mCurrentOffset = 1703936
07-06 00:22:35.255 D/MediaHTTPConnection(29306): seekTo 218840569
07-06 00:22:35.255 D/MediaHTTPConnection(29306): teardownConnection
07-06 00:22:35.269 I/MiSysSrv( 1214): [37m[INFO] Change to Voltage: 117 mv (0x32)[m
07-06 00:22:35.276 D/Carousel-CarouselDisplayPlayerLayout(29306): x=380, y=-185,w=892,h=536, hashCode=137136638
07-06 00:22:35.277 D/Carousel-CarouselDisplayPlayerLayout(29306): mX=380, mY=-185,mWitdh=892,mHeight=536, hashCode=137136638
07-06 00:22:35.277 D/Carousel-CarouselDisplayPlayerLayout(29306): changed=false, hashCode=137136638
07-06 00:22:35.277 D/Carousel-CarouselDisplayPlayerLayout(29306): extraTryCount=5
07-06 00:22:35.278 I/MyFragmentStateAdapter(29306): getCount
07-06 00:22:35.278 I/MyFragmentStateAdapter(29306): getCount
07-06 00:22:35.278 I/MyFragmentStateAdapter(29306): getCount
07-06 00:22:35.278 I/MyFragmentStateAdapter(29306): getCount
07-06 00:22:35.279 I/FirstLineAdapter(29306): canShowTrailer,isOffline=false
07-06 00:22:35.279 I/FirstLineAdapter(29306): canShowTrailer,isOffline=false
07-06 00:22:35.279 I/FirstLineAdapter(29306): canShowTrailer,isOffline=false
07-06 00:22:35.279 I/FirstLineAdapter(29306): canShowTrailer,isOffline=false
07-06 00:22:35.279 I/FirstLineAdapter(29306): canShowTrailer,isOffline=false
07-06 00:22:35.280 I/FirstLineAdapter(29306): canShowTrailer,isOffline=false
07-06 00:22:35.280 I/FirstLineAdapter(29306): canShowTrailer,isOffline=false
07-06 00:22:35.280 I/FirstLineAdapter(29306): canShowTrailer,isOffline=false
07-06 00:22:35.280 I/FirstLineAdapter(29306): canShowTrailer,isOffline=false
07-06 00:22:35.286 I/MyFragmentStateAdapter(29306): getCount
07-06 00:22:35.338 D/Carousel-CarouselDisplayPlayerLayout(29306): x=380, y=-185,w=892,h=536, hashCode=137136638
07-06 00:22:35.338 D/Carousel-CarouselDisplayPlayerLayout(29306): mX=380, mY=-185,mWitdh=892,mHeight=536, hashCode=137136638
07-06 00:22:35.338 D/Carousel-CarouselDisplayPlayerLayout(29306): changed=false, hashCode=137136638
07-06 00:22:35.338 D/Carousel-CarouselDisplayPlayerLayout(29306): extraTryCount=6
07-06 00:22:35.355 D/MediaHTTPConnection(29306): close inputstream
07-06 00:22:35.356 D/MediaHTTPConnection(29306): hitting http://118.212.138.160/jhxvideo-ws.video-tx.com/rendition/201705/205989353451683841/205989353451684353/bb/243216185158536196/243216215223308548/r243216215223308548-3200k-1920x1080.mp4?wsSecret=5337c4c3473034e372754dd5f1ec8b8d&wsTime=595d1249&wsiphost=local
07-06 00:22:35.368 I/TVMW@HsTvSetting( 1234): Trace cmd, data = 0x1058
07-06 00:22:35.368 D/til@system( 2026): til_get_system_param option:100002F int:0, bool:0, ret:0
07-06 00:22:35.368 I/TVMW@HsTvSetting( 1234): Trace cmd, data = 0x101f
07-06 00:22:35.369 D/til@system( 2026): til_get_system_param option:100001D int:3, bool:3, ret:0
07-06 00:22:35.369 E/til     ( 2026): [til_get_current_input_source, 101] 
07-06 00:22:35.369 I/TVMW@HsTvSetting( 1234): Trace cmd, data = 0x7007
07-06 00:22:35.369 I/tilwrapper@sm( 2026): HS2TIL_SourceType *hs=0xd, *til=0x900
07-06 00:22:35.369 D/til     ( 2026): get current source 2304
07-06 00:22:35.369 D/SourceRemoteServiceHandler( 2026): getCurrentInputSource.from.til.result is 0, value is 2304
07-06 00:22:35.369 D/SourceRemoteServiceHandler( 2026): getInputSourceType source: 0x900, type=2304
07-06 00:22:35.369 D/til     ( 2026): ###### func:til_get_picture_param option:0x3000006 ######  
07-06 00:22:35.369 I/MiSysSrv( 1214): [37m[INFO] Change to Voltage: 102 mv (0x23)[m
07-06 00:22:35.370 I/TVMW@HsTvSetting( 1234): Trace cmd, data = 0x1003
07-06 00:22:35.370 I/TVMW@HsTvSetting( 1234): Trace cmd, data = 0x8032
07-06 00:22:35.370 I/hstvos  ( 1216): [0m[1;33m[HSHAL][HS_VIDEO][HS_HAL_Video_SetOsdDetect_v2][2389]u16Threshold = 20
07-06 00:22:35.371 I/MiSysSrv( 1214): Not support now! 42, change to mm_video!!!
07-06 00:22:35.372 E/TVMW@videoctrl( 1234):  getOsd is 1
07-06 00:22:35.372 D/til@system( 2026): til_get_system_param option:1000027 int:1, bool:1, ret:0
07-06 00:22:35.373 D/til     ( 2026): ###### func:til_get_picture_param option:0x3000045 ######  
07-06 00:22:35.373 I/TVMW@HsTvSetting( 1234): Trace cmd, data = 0x300c
07-06 00:22:35.373 I/TVMW@HsTvSetting( 1234): Trace 3d, data = 0x300c
07-06 00:22:35.373 I/TVMW@3d ( 1234): Hs_debug3d_trace: func:get3dStatus, line:109
07-06 00:22:35.403 I/MyFragmentStateAdapter(29306): getCount
07-06 00:22:35.417 D/Carousel-CarouselDisplayPlayerLayout(29306): x=380, y=-185,w=892,h=536, hashCode=137136638
07-06 00:22:35.417 D/Carousel-CarouselDisplayPlayerLayout(29306): mX=380, mY=-185,mWitdh=892,mHeight=536, hashCode=137136638
07-06 00:22:35.417 D/Carousel-CarouselDisplayPlayerLayout(29306): changed=false, hashCode=137136638
07-06 00:22:35.417 D/Carousel-CarouselDisplayPlayerLayout(29306): extraTryCount=7
07-06 00:22:35.420 I/FirstLineAdapter(29306): onViewDetachedFromWindow 
07-06 00:22:35.420 I/FirstLineAdapter(29306): onViewRecycledViewHolder{c1705f5 position=0 id=-1, oldPos=-1, pLpos:-1 update}
07-06 00:22:35.421 I/FirstLineAdapter(29306): onViewRecycledViewHolder{c1705f5 position=0 id=-1, oldPos=-1, pLpos:-1 update no parent}
07-06 00:22:35.437 D/MediaHTTPConnection(29306): [Connection@467903776] response.heeader.null = HTTP/1.1 206 Partial Content
07-06 00:22:35.437 D/MediaHTTPConnection(29306): [Connection@467903776] response.heeader.Accept-Ranges = bytes
07-06 00:22:35.437 D/MediaHTTPConnection(29306): [Connection@467903776] response.heeader.Age = 2175124
07-06 00:22:35.437 D/MediaHTTPConnection(29306): [Connection@467903776] response.heeader.Cache-Control = max-age=5184000
07-06 00:22:35.437 D/MediaHTTPConnection(29306): [Connection@467903776] response.heeader.Connection = keep-alive
07-06 00:22:35.437 D/MediaHTTPConnection(29306): [Connection@467903776] response.heeader.Content-Length = 128
07-06 00:22:35.437 D/MediaHTTPConnection(29306): [Connection@467903776] response.heeader.Content-MD5 = b0d2FgZ34VxS2J9TYuIjgA==
07-06 00:22:35.437 D/MediaHTTPConnection(29306): [Connection@467903776] response.heeader.Content-Range = bytes 218840569-218840696/218840697
07-06 00:22:35.437 D/MediaHTTPConnection(29306): [Connection@467903776] response.heeader.Content-Type = application/octet-stream
07-06 00:22:35.437 D/MediaHTTPConnection(29306): [Connection@467903776] response.heeader.Date = Sat, 10 Jun 2017 12:11:49 GMT
07-06 00:22:35.437 D/MediaHTTPConnection(29306): [Connection@467903776] response.heeader.ETag = "6F4776160677E15C52D89F5362E22380"
07-06 00:22:35.437 D/MediaHTTPConnection(29306): [Connection@467903776] response.heeader.Last-Modified = Mon, 08 May 2017 17:24:17 GMT
07-06 00:22:35.437 D/MediaHTTPConnection(29306): [Connection@467903776] response.heeader.Server = nginx/1.2.4
07-06 00:22:35.437 D/MediaHTTPConnection(29306): [Connection@467903776] response.heeader.Via = 1.1 chshx150:7 (Cdn Cache Server V2.0)[0 200 0], 1.1 sdbz31:0 (Cdn Cache Server V2.0)[26 200 0], 1.1 tongxiazai20:3 (Cdn Cache Server V2.0)[0 200 0]
07-06 00:22:35.437 D/MediaHTTPConnection(29306): [Connection@467903776] response.heeader.X-Android-Received-Millis = 1499271755436
07-06 00:22:35.437 D/MediaHTTPConnection(29306): [Connection@467903776] response.heeader.X-Android-Response-Source = NETWORK 206
07-06 00:22:35.437 D/MediaHTTPConnection(29306): [Connection@467903776] response.heeader.X-Android-Sent-Millis = 1499271755393
07-06 00:22:35.437 D/MediaHTTPConnection(29306): [Connection@467903776] response.heeader.x-oss-hash-crc64ecma = 10858506031335928878
07-06 00:22:35.438 D/MediaHTTPConnection(29306): [Connection@467903776] response.heeader.x-oss-object-type = Normal
07-06 00:22:35.438 D/MediaHTTPConnection(29306): [Connection@467903776] response.heeader.x-oss-request-id = 591D64783FEA2FF75DF4AA6E
07-06 00:22:35.438 D/MediaHTTPConnection(29306): [Connection@467903776] response.heeader.x-oss-server-time = 46
07-06 00:22:35.438 D/MediaHTTPConnection(29306): [Connection@467903776] response.heeader.x-oss-storage-class = Standard
07-06 00:22:35.440 I/NuCachedSource2( 1206): caching reached eos.
07-06 00:22:35.441 V/NuPlayer( 1206): Video input format 1920 x 1080
07-06 00:22:35.441 V/NuPlayer( 1206): updateVideoSize::rotationDegrees=0
07-06 00:22:35.441 W/avc_utils( 1206): [3D detect]It is not SEI Nal
07-06 00:22:35.441 W/avc_utils( 1206): [3D detect]It is not SEI Nal
07-06 00:22:35.441 W/avc_utils( 1206): [3D detect]It is not SEI Nal
07-06 00:22:35.441 E/NuPlayerDriver( 1206): notifyDuration (538083333)
07-06 00:22:35.453 I/NuCachedSource2( 1206): new range: offset= 1703936
07-06 00:22:35.453 I/NuCachedSource2( 1206): seekInternal_l ---- totalSize: 1704064
07-06 00:22:35.454 I/MyFragmentStateAdapter(29306): getCount
07-06 00:22:35.472 D/Carousel-CarouselDisplayPlayerLayout(29306): x=380, y=-185,w=892,h=536, hashCode=137136638
07-06 00:22:35.472 D/Carousel-CarouselDisplayPlayerLayout(29306): mX=380, mY=-185,mWitdh=892,mHeight=536, hashCode=137136638
07-06 00:22:35.472 D/Carousel-CarouselDisplayPlayerLayout(29306): changed=false, hashCode=137136638
07-06 00:22:35.473 D/Carousel-CarouselDisplayPlayerLayout(29306): extraTryCount=8
07-06 00:22:35.478 V/MediaPlayer-JNI(29306): getVideoWidth: 1920
07-06 00:22:35.480 V/MediaPlayer-JNI(29306): getVideoHeight: 1080
07-06 00:22:35.482 E/MediaPlayer(29306): Should have subtitle controller already set
07-06 00:22:35.482 V/MediaPlayer-JNI(29306): getVideoWidth: 1920
07-06 00:22:35.482 V/MediaPlayer-JNI(29306): getVideoHeight: 1080
07-06 00:22:35.483 V/MediaPlayer-JNI(29306): isPlaying: 0
07-06 00:22:35.483 D/Carousel-UrlVideoView(29306): isInPlaybackState=true
07-06 00:22:35.483 D/Carousel-UrlVideoView(29306): mCurrentState=2
07-06 00:22:35.483 V/MediaPlayer-JNI(29306): getCurrentPosition: 0 (msec)
07-06 00:22:35.492 I/MyFragmentStateAdapter(29306): getCount
07-06 00:22:35.510 D/Carousel-CarouselDisplayPlayerLayout(29306): x=380, y=-185,w=892,h=536, hashCode=137136638
07-06 00:22:35.510 D/Carousel-CarouselDisplayPlayerLayout(29306): mX=380, mY=-185,mWitdh=892,mHeight=536, hashCode=137136638
07-06 00:22:35.510 D/Carousel-CarouselDisplayPlayerLayout(29306): changed=false, hashCode=137136638
07-06 00:22:35.510 D/Carousel-CarouselDisplayPlayerLayout(29306): extraTryCount=9
07-06 00:22:35.527 I/MyFragmentStateAdapter(29306): getCount
07-06 00:22:35.541 D/MediaHTTPConnection(29306): connect: uri=http://jhxvideo-ws.video-tx.com/rendition/201705/205989353451683841/205989353451684353/bb/243216185158536196/243216215223308548/r243216215223308548-3200k-1920x1080.mp4?wsSecret=5337c4c3473034e372754dd5f1ec8b8d&wsTime=595d1249, headers=User-Agent: stagefright/1.2 (Linux;Android 5.1.1)
07-06 00:22:35.541 D/MediaHTTPConnection(29306): teardownConnection
07-06 00:22:35.541 D/MediaHTTPConnection(29306): close inputstream
07-06 00:22:35.543 D/MediaHTTPConnection(29306): offset = 1703936, mCurrentOffset = -1
07-06 00:22:35.543 D/MediaHTTPConnection(29306): seekTo 1703936
07-06 00:22:35.544 D/MediaHTTPConnection(29306): hitting http://jhxvideo-ws.video-tx.com/rendition/201705/205989353451683841/205989353451684353/bb/243216185158536196/243216215223308548/r243216215223308548-3200k-1920x1080.mp4?wsSecret=5337c4c3473034e372754dd5f1ec8b8d&wsTime=595d1249
07-06 00:22:35.546 I/FirstLineAdapter(29306): canShowTrailer,isOffline=false
07-06 00:22:35.547 D/Carousel-CarouselDisplayPlayerLayout(29306): x=380, y=-185,w=892,h=536, hashCode=137136638
07-06 00:22:35.547 D/Carousel-CarouselDisplayPlayerLayout(29306): mX=380, mY=-185,mWitdh=892,mHeight=536, hashCode=137136638
07-06 00:22:35.547 D/Carousel-CarouselDisplayPlayerLayout(29306): changed=false, hashCode=137136638
07-06 00:22:35.570 I/MyFragmentStateAdapter(29306): getCount
07-06 00:22:35.603 I/MyFragmentStateAdapter(29306): getCount
07-06 00:22:35.628 I/MyFragmentStateAdapter(29306): getCount
07-06 00:22:35.643 D/MediaHTTPConnection(29306): [Connection@318586585] response.heeader.null = HTTP/1.1 206 Partial Content
07-06 00:22:35.643 D/MediaHTTPConnection(29306): [Connection@318586585] response.heeader.Accept-Ranges = bytes
07-06 00:22:35.643 D/MediaHTTPConnection(29306): [Connection@318586585] response.heeader.Age = 2343491
07-06 00:22:35.643 D/MediaHTTPConnection(29306): [Connection@318586585] response.heeader.Cache-Control = max-age=5184000
07-06 00:22:35.643 D/MediaHTTPConnection(29306): [Connection@318586585] response.heeader.Connection = keep-alive
07-06 00:22:35.643 D/MediaHTTPConnection(29306): [Connection@318586585] response.heeader.Content-Length = 217136761
07-06 00:22:35.643 D/MediaHTTPConnection(29306): [Connection@318586585] response.heeader.Content-MD5 = b0d2FgZ34VxS2J9TYuIjgA==
07-06 00:22:35.643 D/MediaHTTPConnection(29306): [Connection@318586585] response.heeader.Content-Range = bytes 1703936-218840696/218840697
07-06 00:22:35.643 D/MediaHTTPConnection(29306): [Connection@318586585] response.heeader.Content-Type = application/octet-stream
07-06 00:22:35.643 D/MediaHTTPConnection(29306): [Connection@318586585] response.heeader.Date = Thu, 08 Jun 2017 13:24:24 GMT
07-06 00:22:35.644 D/MediaHTTPConnection(29306): [Connection@318586585] response.heeader.ETag = "6F4776160677E15C52D89F5362E22380"
07-06 00:22:35.644 D/MediaHTTPConnection(29306): [Connection@318586585] response.heeader.Last-Modified = Mon, 08 May 2017 17:24:17 GMT
07-06 00:22:35.644 D/MediaHTTPConnection(29306): [Connection@318586585] response.heeader.Server = nginx/1.2.4
07-06 00:22:35.644 D/MediaHTTPConnection(29306): [Connection@318586585] response.heeader.Via = 1.1 chshx150:7 (Cdn Cache Server V2.0)[0 200 0], 1.1 sdbz31:0 (Cdn Cache Server V2.0)[76 200 0], 1.1 PSsdzbwt4ld56:3 (Cdn Cache Server V2.0)[46 200 0]
07-06 00:22:35.644 D/MediaHTTPConnection(29306): [Connection@318586585] response.heeader.X-Android-Received-Millis = 1499271755643
