07-05 23:11:00.907 I/CurrentCarouselView(22184): BaseApplication.sSignStr=3082023B308201A4A00302010202045051BD19300D06092A864886F70D01010505003062310B30090603550406130238363111300F060355040813085368616E646F6E673110300E0603550407130751696E6764616F311F301D060355040A1316486973656E7365206D65646961206E6574776F726B73310D300B0603550403130448695456301E170D3132303931333131303134355A170D3432303930363131303134355A3062310B30090603550406130238363111300F060355040813085368616E646F6E673110300E0603550407130751696E6764616F311F301D060355040A1316486973656E7365206D65646961206E6574776F726B73310D300B060355040313044869545630819F300D06092A864886F70D010101050003818D0030818902818100841C2D9F5F1E0BBB4DF77826A11FEFFB557C22B07892114637C945272821CF6A4CD023F45FC0B0E825EA8839470BE63B95CD5E4B64FF7ECC8A910DB20DBE2A9E8504EC39E7C0E8E74435F745F47D821124744FBF91A2C70CA85DC07D24C53322D8CC33C9EE542E872E44AF0E9E203328A106B31DC3BEC523600DDDA2204C665D0203010001300D06092A864886F70D0101050500038181003AA40C684E7AB45294882A0766EABD8C4BB7C0DFC4DE9ED13E192ECA9370C6B493257129F8DC248335D86877EAB36FBE9A8867E3F034BFD035CEC363073B558AAA6F42838FE0B1BEC3BC90B3E6FEE5D1D78C5CEC7966696D86FC071ED59063FD8E08DECAC8EBD0FB39443415B6725C00B0BACE4A06EF97D76158BF37D36720BB
07-05 23:11:00.907 I/CurrentCarouselView(22184): serverTime=1499267460000
07-05 23:11:00.907 E/WebcastSDK-WebcastManager(22184): setToken(), new Token = 72DF6038D2AEAB8A76DFBBBBCC428A4A_000457796493184
07-05 23:11:00.907 I/WebcastSDK-HiCloudSourcePlugin(22184): notifyAppTokenChanged(), token = 72DF6038D2AEAB8A76DFBBBBCC428A4A_000457796493184
07-05 23:11:00.908 V/PackageManager( 1733): getPackageInfo com.hisense.hicloud.edca: Package{3fb3f3a1 com.hisense.hicloud.edca}
07-05 23:11:00.909 I/WebcastSDK-(22184): getAppVersionCode(), versionCode = 652
07-05 23:11:00.910 I/WebcastSDK-DataReport(22184): notifyAppTokenChanged(), token = 72DF6038D2AEAB8A76DFBBBBCC428A4A_000457796493184
07-05 23:11:00.911 V/PackageManager( 1733): getPackageInfo com.hisense.hicloud.edca: Package{3fb3f3a1 com.hisense.hicloud.edca}
07-05 23:11:00.912 I/WebcastSDK-(22184): getAppVersionCode(), versionCode = 652
07-05 23:11:00.912 D/Carousel-(22184): setSignonInfo subscriberId:13287129,customerId:7195320
07-05 23:11:00.913 E/WebcastSDK-WebcastManager(22184): setAppServiceDomainList.
07-05 23:11:00.914 V/PackageManager( 1733): getPackageInfo com.hisense.hicloud.edca: Package{3fb3f3a1 com.hisense.hicloud.edca}
07-05 23:11:00.914 D/til@system( 2026): til_get_system_param option:1000007 int:-1936522112, bool:128, ret:0
07-05 23:11:00.915 D/til@system( 2026): til_get_system_param option:1000009 int:-1815632896, bool:0, ret:0
07-05 23:11:00.915 D/til@system( 2026): til_get_system_param option:1000008 int:-1936523008, bool:0, ret:0
07-05 23:11:00.915 I/WebcastSDK-(22184): getAppVersionCode(), versionCode = 652
07-05 23:11:00.915 D/HttpDnsUtils(22184): CEXX-getOperationDetail-productName : LED50MU8600UC
07-05 23:11:00.916 D/HttpDnsUtils(22184): CEXX-getOperationDetail-plmNumber : 88888
07-05 23:11:00.916 D/HttpDnsUtils(22184): CEXX-getOperationDetail-swVersion : V0000.00.01A
07-05 23:11:00.916 D/HttpDnsUtils(22184): CEXX-getOperationDetail-operationDetail : LED50MU8600UC0000888
07-05 23:11:00.917 I/FirstLineAdapter(22184): onBindViewHolder 3
07-05 23:11:00.917 D/til@system( 2026): til_get_system_param option:1000007 int:-1815633792, bool:128, ret:0
07-05 23:11:00.919 D/til@system( 2026): til_get_system_param option:1000009 int:-1936522368, bool:128, ret:0
07-05 23:11:00.920 D/til@system( 2026): til_get_system_param option:1000008 int:-1815634176, bool:0, ret:0
07-05 23:11:00.920 D/HttpDnsUtils(22184): CEXX-getOperationDetail-productName : LED50MU8600UC
07-05 23:11:00.920 D/HttpDnsUtils(22184): CEXX-getOperationDetail-plmNumber : 88888
07-05 23:11:00.920 D/HttpDnsUtils(22184): CEXX-getOperationDetail-swVersion : V0000.00.01A
07-05 23:11:00.920 D/HttpDnsUtils(22184): CEXX-getOperationDetail-operationDetail : LED50MU8600UC0000888
07-05 23:11:00.920 I/CurrentCarouselView(22184): setTrailData
07-05 23:11:00.920 I/Util    (22184): memory : total=1912,limit=1024
07-05 23:11:00.921 D/Carousel-CarouselPicVideoListInfo(22184): carouselList: 3
07-05 23:11:00.921 D/Carousel-CarouselView(22184): setData! info=com.hisense.hitv.carouselwidgit.bean.CarouselPicVideoListInfo@1cb6b478, hascCode=1018850026
07-05 23:11:00.921 D/Carousel-CarouselView(22184): showInitPoster.
07-05 23:11:00.921 D/Carousel-CarouselDisplayPlayerLayout(22184): isFullScreen:false
07-05 23:11:00.921 D/Carousel-CarouselView(22184): ACTION_CLEAR_POSTER_AND_PLAY isFullScreen:false
07-05 23:11:00.923 D/Carousel-CarouselView(22184): InitPosterUrl:http://picture.edu.hismarttv.com/images/20170629010146422927.jpg
07-05 23:11:00.923 D/Carousel-Utils(22184): displayImage view=android.widget.ImageView{31979751 V.ED.... ......I. 0,0-0,0 #7f0d0029 app:id/imageView1}
07-05 23:11:00.923 D/Carousel-Utils(22184): displayImage url=http://picture.edu.hismarttv.com/images/20170629010146422927.jpg
07-05 23:11:00.926 I/CurrentCarouselView(22184): startPlay
07-05 23:11:00.926 I/CurrentCarouselView(22184): CurrentCarouselView.sHasShopDialog=false
07-05 23:11:00.926 I/CurrentCarouselView(22184): onAttachedToWindow
07-05 23:11:00.927 D/Carousel-CarouselView(22184): onAttachedToWindow.
07-05 23:11:00.928 I/MyItemDecoration(22184): getItemOffsets rect=Rect(-32, -16 - 0, 0),pos=3
07-05 23:11:00.932 D/HttpHandler(22184): VerifySignInterCeptor-->request.url()=http://picture.edu.hismarttv.com/images/20170629010146422927.jpg
07-05 23:11:00.932 D/HttpHandler(22184): VerifySignInterCeptor-->hostname=picture.edu.hismarttv.com
07-05 23:11:00.933 D/OkHttp  (22184): --> GET http://picture.edu.hismarttv.com/images/20170629010146422927.jpg http/1.1
07-05 23:11:00.933 D/OkHttp  (22184): Host: picture.edu.hismarttv.com
07-05 23:11:00.933 D/OkHttp  (22184): Connection: Keep-Alive
07-05 23:11:00.933 D/OkHttp  (22184): Accept-Encoding: gzip
07-05 23:11:00.933 D/OkHttp  (22184): User-Agent: okhttp/3.6.0
07-05 23:11:00.933 D/OkHttp  (22184): --> END GET
07-05 23:11:00.944 D/Carousel-CarouselChannelItemView(22184): Listitem imageUrl:http://picture.edu.hismarttv.com/images/20170628102959016598.jpg
07-05 23:11:00.946 D/Carousel-CarouselChannelItemView(22184): Listitem imageUrl:http://picture.edu.hismarttv.com/images/20170628103002814396.jpg
07-05 23:11:00.947 D/Carousel-CarouselChannelItemView(22184): Listitem imageUrl:http://picture.edu.hismarttv.com/images/20170628103009181182.jpg
07-05 23:11:00.949 D/Carousel-CarouselChannelItemView(22184): Listitem imageUrl:http://picture.edu.hismarttv.com/images/20170628102959016598.jpg
07-05 23:11:00.949 D/OkHttp  (22184): <-- 200 OK http://picture.edu.hismarttv.com/images/20170629010146422927.jpg (15ms)
07-05 23:11:00.949 D/OkHttp  (22184): Date: Mon, 03 Jul 2017 08:35:16 GMT
07-05 23:11:00.949 D/OkHttp  (22184): Server: nginx
07-05 23:11:00.949 D/OkHttp  (22184): Content-Type: image/jpeg
07-05 23:11:00.949 D/OkHttp  (22184): Content-Length: 145373
07-05 23:11:00.949 D/OkHttp  (22184): Last-Modified: Thu, 29 Jun 2017 01:01:46 GMT
07-05 23:11:00.949 D/OkHttp  (22184): ETag: "5954517a-237dd"
07-05 23:11:00.949 D/OkHttp  (22184): Accept-Ranges: bytes
07-05 23:11:00.949 D/OkHttp  (22184): Age: 196544
07-05 23:11:00.949 D/OkHttp  (22184): Via: 1.1 shzh54:1 (Cdn Cache Server V2.0)[7 200 0], 1.1 dezhou35:0 (Cdn Cache Server V2.0)[0 200 0]
07-05 23:11:00.949 D/OkHttp  (22184): Connection: keep-alive
07-05 23:11:00.949 D/OkHttp  (22184): <-- END HTTP
07-05 23:11:00.950 D/Carousel-CarouselChannelItemView(22184): Listitem imageUrl:http://picture.edu.hismarttv.com/images/20170628103002814396.jpg
07-05 23:11:00.951 D/Carousel-CarouselChannelItemView(22184): Listitem imageUrl:http://picture.edu.hismarttv.com/images/20170628103009181182.jpg
07-05 23:11:00.951 D/HttpHandler(22184): RetryIntercepter-->retryNum=0
07-05 23:11:00.951 D/HttpHandler(22184): RetryIntercepter-->backoffmutiplier=0
07-05 23:11:00.953 D/HttpHandler(22184): VerifySignInterCeptor-->request.url()=http://picture.edu.hismarttv.com/images/20170628103009181182.jpg
07-05 23:11:00.954 D/Carousel-CarouselChannelItemView(22184): Listitem imageUrl:http://picture.edu.hismarttv.com/images/20170628103002814396.jpg
07-05 23:11:00.954 D/HttpHandler(22184): VerifySignInterCeptor-->hostname=picture.edu.hismarttv.com
07-05 23:11:00.954 D/HttpHandler(22184): RetryIntercepter-->retryNum=0
07-05 23:11:00.954 D/HttpHandler(22184): RetryIntercepter-->backoffmutiplier=0
07-05 23:11:00.955 D/HttpHandler(22184): VerifySignInterCeptor-->request.url()=http://picture.edu.hismarttv.com/images/20170628103002814396.jpg
07-05 23:11:00.955 D/HttpHandler(22184): VerifySignInterCeptor-->hostname=picture.edu.hismarttv.com
07-05 23:11:00.956 D/OkHttp  (22184): --> GET http://picture.edu.hismarttv.com/images/20170628103002814396.jpg http/1.1
07-05 23:11:00.956 D/OkHttp  (22184): Host: picture.edu.hismarttv.com
07-05 23:11:00.956 D/OkHttp  (22184): Connection: Keep-Alive
07-05 23:11:00.956 D/OkHttp  (22184): Accept-Encoding: gzip
07-05 23:11:00.956 D/OkHttp  (22184): User-Agent: okhttp/3.6.0
07-05 23:11:00.956 D/OkHttp  (22184): --> END GET
07-05 23:11:00.959 D/Carousel-CarouselChannelItemView(22184): Listitem imageUrl:http://picture.edu.hismarttv.com/images/20170628102959016598.jpg
07-05 23:11:00.964 D/Carousel-CarouselChannelItemView(22184): Listitem imageUrl:http://picture.edu.hismarttv.com/images/20170628103009181182.jpg
07-05 23:11:00.966 I/FirstLineAdapter(22184): canShowTrailer,isOffline=false
07-05 23:11:00.966 I/FirstLineAdapter(22184): onCreateViewHolder viewtype=4
07-05 23:11:00.967 D/HttpHandler(22184): VerifySignInterCeptor-->request.url()=http://picture.edu.hismarttv.com/images/20170628102959016598.jpg
07-05 23:11:00.967 D/HttpHandler(22184): VerifySignInterCeptor-->hostname=picture.edu.hismarttv.com
07-05 23:11:00.968 D/HttpHandler(22184): VerifySignInterCeptor-->request.url()=http://picture.edu.hismarttv.com/images/20170628103009181182.jpg
07-05 23:11:00.968 D/HttpHandler(22184): VerifySignInterCeptor-->hostname=picture.edu.hismarttv.com
07-05 23:11:00.969 D/OkHttp  (22184): --> GET http://picture.edu.hismarttv.com/images/20170628103009181182.jpg http/1.1
07-05 23:11:00.969 D/OkHttp  (22184): Host: picture.edu.hismarttv.com
07-05 23:11:00.969 D/OkHttp  (22184): Connection: Keep-Alive
07-05 23:11:00.969 D/OkHttp  (22184): Accept-Encoding: gzip
07-05 23:11:00.969 D/OkHttp  (22184): User-Agent: okhttp/3.6.0
07-05 23:11:00.969 D/OkHttp  (22184): --> END GET
07-05 23:11:00.969 I/MiSysSrv( 1214): [37m[INFO] Change to Voltage: 117 mv (0x32)[m
07-05 23:11:00.970 D/HttpHandler(22184): HttpDNS-->hostname=picture.edu.hismarttv.com
07-05 23:11:00.971 D/HttpHandler(22184): RAMCache-->hostInfo.getClientTimeStamp()=16300887
07-05 23:11:00.971 D/HttpHandler(22184): RAMCache-->hostInfo.getTtl()=300
07-05 23:11:00.971 D/HttpHandler(22184): RAMCache-->SystemClock.elapsedRealtime()=16302543
07-05 23:11:00.975 D/HttpHandler(22184): DNSHelper-->gslbDns=["218.58.206.58","123.128.14.209","153.35.175.121","220.202.77.124","153.35.175.120","36.33.158.222","112.65.220.40"]
07-05 23:11:00.978 I/FirstLineAdapter(22184): onBindViewHolder 4
07-05 23:11:00.978 I/FirstLineAdapter(22184): canShowTrailer,isOffline=false
07-05 23:11:00.978 I/FirstLineAdapter(22184): canShowTrailer modify
07-05 23:11:00.978 I/FirstLineAdapter(22184): setMasterData4
07-05 23:11:00.978 I/FirstLineAdapter(22184): set current pos = 0
07-05 23:11:00.978 D/sloven  (22184): 1002---true
07-05 23:11:00.978 I/FirstLineAdapter(22184): canShowTrailer,isOffline=false
07-05 23:11:00.982 I/FirstLineAdapter(22184): canShowTrailer,isOffline=false
07-05 23:11:00.982 I/FirstLineAdapter(22184): onCreateViewHolder viewtype=4
07-05 23:11:00.988 I/FirstLineAdapter(22184): onBindViewHolder 5
07-05 23:11:00.989 I/FirstLineAdapter(22184): canShowTrailer,isOffline=false
07-05 23:11:00.989 I/FirstLineAdapter(22184): canShowTrailer modify
07-05 23:11:00.989 I/FirstLineAdapter(22184): setMasterData5
07-05 23:11:00.989 I/FirstLineAdapter(22184): set current pos = 1
07-05 23:11:00.989 D/sloven  (22184): 2005---false
07-05 23:11:00.990 D/sloven  (22184): 2005
07-05 23:11:00.991 V/PackageManager( 1733): getPackageInfo com.hisense.hicloud.edca: Package{3fb3f3a1 com.hisense.hicloud.edca}
07-05 23:11:00.997 I/FirstLineAdapter(22184): canShowTrailer,isOffline=false
07-05 23:11:00.998 I/MyItemDecoration(22184): getItemOffsets rect=Rect(-32, 0 - 0, 0),pos=4
07-05 23:11:01.000 I/MyItemDecoration(22184): getItemOffsets rect=Rect(-32, -5 - 0, 0),pos=5
07-05 23:11:01.001 D/OkHttp  (22184): --> GET http://picture.edu.hismarttv.com/images/20170628102959016598.jpg http/1.1
07-05 23:11:01.001 D/OkHttp  (22184): Host: picture.edu.hismarttv.com
07-05 23:11:01.001 D/OkHttp  (22184): Connection: Keep-Alive
07-05 23:11:01.001 D/OkHttp  (22184): Accept-Encoding: gzip
07-05 23:11:01.001 D/OkHttp  (22184): User-Agent: okhttp/3.6.0
07-05 23:11:01.001 D/OkHttp  (22184): --> END GET
07-05 23:11:01.002 D/Carousel-CarouselView(22184): smoothScroll.
07-05 23:11:01.002 D/Carousel-CarouselDisplayPlayerLayout(22184): isFullScreen:false
07-05 23:11:01.002 D/Carousel-CarouselView(22184): smoothScroll isOtherInstance return.
07-05 23:11:01.002 I/ContentBridgeAdapterListener(22184): onAddPresenter 2
07-05 23:11:01.013 D/OkHttp  (22184): <-- 200 OK http://picture.edu.hismarttv.com/images/20170628102959016598.jpg (12ms)
07-05 23:11:01.013 D/OkHttp  (22184): Date: Mon, 03 Jul 2017 08:35:16 GMT
07-05 23:11:01.013 D/OkHttp  (22184): Server: nginx
07-05 23:11:01.013 D/OkHttp  (22184): Content-Type: image/jpeg
07-05 23:11:01.013 D/OkHttp  (22184): Content-Length: 40292
07-05 23:11:01.013 D/OkHttp  (22184): Last-Modified: Wed, 28 Jun 2017 10:29:59 GMT
07-05 23:11:01.013 D/OkHttp  (22184): ETag: "59538527-9d64"
07-05 23:11:01.013 D/OkHttp  (22184): Accept-Ranges: bytes
07-05 23:11:01.013 D/OkHttp  (22184): Age: 196544
07-05 23:11:01.014 D/OkHttp  (22184): Via: 1.1 chzhwt171:6 (Cdn Cache Server V2.0)[7 200 0], 1.1 dezhou35:0 (Cdn Cache Server V2.0)[0 200 0]
07-05 23:11:01.014 D/OkHttp  (22184): Connection: keep-alive
07-05 23:11:01.014 D/OkHttp  (22184): <-- END HTTP
07-05 23:11:01.016 D/HttpHandler(22184): RetryIntercepter-->retryNum=0
07-05 23:11:01.016 D/HttpHandler(22184): RetryIntercepter-->backoffmutiplier=0
07-05 23:11:01.028 I/ContentBridgeAdapterListener(22184): onCreate ViewHolder{ae7e505 position=-1 id=-1, oldPos=-1, pLpos:-1 unbound no parent}
07-05 23:11:01.028 I/BaseContentFragment(22184): setUpSharedViewPoolViewHolder{ae7e505 position=-1 id=-1, oldPos=-1, pLpos:-1 unbound no parent}
07-05 23:11:01.028 I/BaseContentFragment(22184): create view pool
07-05 23:11:01.028 I/BaseContentFragment(22184): setRowViewSelectedViewHolder{ae7e505 position=-1 id=-1, oldPos=-1, pLpos:-1 unbound no parent},isSelectedfalse
07-05 23:11:01.029 I/head    (22184): item=com.hisense.leanback.widget.ListRow@3362395a
07-05 23:11:01.029 I/ContentBridgeAdapterListener(22184): onBind 
07-05 23:11:01.029 I/ContentBridgeAdapterListener(22184): onAttachedToWindow ViewHolder{ae7e505 position=2 id=-1, oldPos=-1, pLpos:-1}
07-05 23:11:01.031 I/CardSelectionPresenter(22184): onCreateViewHoldercom.hisense.leanback.widget.HorizontalGridView{3c99c068 VFE..... ......I. 0,0-0,0 #7f0d038e app:id/row_content}
07-05 23:11:01.039 I/CardSelectionPresenter(22184): onBindViewHolder
07-05 23:11:01.039 D/sloven  (22184): 1002---false
07-05 23:11:01.039 I/CardSelectionPresenter(22184): width=400,height=220
07-05 23:11:01.054 D/hailongqiu(22184): hailongqiu position:0
07-05 23:11:01.060 I/CardSelectionPresenter(22184): onCreateViewHoldercom.hisense.leanback.widget.HorizontalGridView{3c99c068 VFE..... ......ID 0,0-1738,279 #7f0d038e app:id/row_content}
07-05 23:11:01.066 I/CardSelectionPresenter(22184): onBindViewHolder
07-05 23:11:01.066 D/sloven  (22184): 1002---false
07-05 23:11:01.066 I/CardSelectionPresenter(22184): width=400,height=220
07-05 23:11:01.074 I/CardSelectionPresenter(22184): onCreateViewHoldercom.hisense.leanback.widget.HorizontalGridView{3c99c068 VFE..... ......ID 0,0-1738,279 #7f0d038e app:id/row_content}
07-05 23:11:01.079 I/CardSelectionPresenter(22184): onBindViewHolder
07-05 23:11:01.079 D/sloven  (22184): 1002---false
07-05 23:11:01.079 I/CardSelectionPresenter(22184): width=400,height=220
07-05 23:11:01.082 I/CardSelectionPresenter(22184): onCreateViewHoldercom.hisense.leanback.widget.HorizontalGridView{3c99c068 VFE..... ......ID 0,0-1738,279 #7f0d038e app:id/row_content}
07-05 23:11:01.084 D/OkHttp  (22184): <-- 200 OK http://picture.edu.hismarttv.com/images/20170628103009181182.jpg (114ms)
07-05 23:11:01.084 D/OkHttp  (22184): Date: Wed, 05 Jul 2017 12:25:44 GMT
07-05 23:11:01.084 D/OkHttp  (22184): Server: nginx
07-05 23:11:01.084 D/OkHttp  (22184): Content-Type: image/jpeg
07-05 23:11:01.084 D/OkHttp  (22184): Content-Length: 41416
07-05 23:11:01.084 D/OkHttp  (22184): Last-Modified: Wed, 28 Jun 2017 10:30:09 GMT
07-05 23:11:01.084 D/OkHttp  (22184): ETag: "59538531-a1c8"
07-05 23:11:01.084 D/OkHttp  (22184): Accept-Ranges: bytes
07-05 23:11:01.084 D/OkHttp  (22184): Age: 9916
07-05 23:11:01.084 D/OkHttp  (22184): Via: 1.1 pingwangtong49:1 (Cdn Cache Server V2.0)[45 200 2], 1.1 echwt51:2 (Cdn Cache Server V2.0)[83 200 0]
07-05 23:11:01.084 D/OkHttp  (22184): Connection: keep-alive
07-05 23:11:01.084 D/OkHttp  (22184): <-- END HTTP
07-05 23:11:01.085 D/HttpHandler(22184): RetryIntercepter-->retryNum=0
07-05 23:11:01.085 D/HttpHandler(22184): RetryIntercepter-->backoffmutiplier=0
07-05 23:11:01.097 I/CardSelectionPresenter(22184): onBindViewHolder
07-05 23:11:01.097 D/sloven  (22184): 1002---false
07-05 23:11:01.097 I/CardSelectionPresenter(22184): width=400,height=220
07-05 23:11:01.108 E/RecyclerView(22184): No adapter attached; skipping layout
07-05 23:11:01.108 E/RecyclerView(22184): No adapter attached; skipping layout
07-05 23:11:01.108 D/HttpHandler(22184): VerifySignInterCeptor-->request.url()=http://picture.edu.hismarttv.com/images/20170628233232135598.jpg
07-05 23:11:01.108 D/HttpHandler(22184): VerifySignInterCeptor-->hostname=picture.edu.hismarttv.com
07-05 23:11:01.108 D/Carousel-CarouselView(22184): ============>onScrollChanged hashCode:1018850026
07-05 23:11:01.109 D/OkHttp  (22184): --> GET http://picture.edu.hismarttv.com/images/20170628233232135598.jpg http/1.1
07-05 23:11:01.109 D/OkHttp  (22184): Host: picture.edu.hismarttv.com
07-05 23:11:01.109 D/OkHttp  (22184): Connection: Keep-Alive
07-05 23:11:01.109 D/OkHttp  (22184): Accept-Encoding: gzip
07-05 23:11:01.109 D/OkHttp  (22184): User-Agent: okhttp/3.6.0
07-05 23:11:01.109 D/OkHttp  (22184): --> END GET
07-05 23:11:01.116 D/DtvSourcePlugin-DVBC(15961): Setting the EPG Updater state to: WAIT
07-05 23:11:01.123 I/MyFragmentStateAdapter(22184): getCount
07-05 23:11:01.125 D/OkHttp  (22184): <-- 200 OK http://picture.edu.hismarttv.com/images/20170628233232135598.jpg (15ms)
07-05 23:11:01.131 D/OkHttp  (22184): Date: Mon, 03 Jul 2017 06:28:41 GMT
07-05 23:11:01.131 D/OkHttp  (22184): Server: nginx
07-05 23:11:01.131 D/OkHttp  (22184): Content-Type: image/jpeg
07-05 23:11:01.131 D/OkHttp  (22184): Content-Length: 50603
07-05 23:11:01.131 D/OkHttp  (22184): Last-Modified: Wed, 28 Jun 2017 23:32:32 GMT
07-05 23:11:01.131 D/OkHttp  (22184): ETag: "59543c90-c5ab"
07-05 23:11:01.131 D/OkHttp  (22184): Accept-Ranges: bytes
07-05 23:11:01.132 D/OkHttp  (22184): Age: 204139
07-05 23:11:01.132 D/OkHttp  (22184): Via: 1.1 jnwt243:1 (Cdn Cache Server V2.0)[0 200 0], 1.1 dezhou35:4 (Cdn Cache Server V2.0)[0 200 0]
07-05 23:11:01.132 D/OkHttp  (22184): Connection: keep-alive
07-05 23:11:01.132 D/OkHttp  (22184): <-- END HTTP
07-05 23:11:01.133 D/HttpHandler(22184): RetryIntercepter-->retryNum=0
07-05 23:11:01.133 D/HttpHandler(22184): RetryIntercepter-->backoffmutiplier=0
07-05 23:11:01.140 D/gralloc ( 1204): allocate buffer from ION HEAP 0x1
07-05 23:11:01.140 D/gralloc ( 1204): allocate memory from system heap
07-05 23:11:01.149 D/MyLocalStartService(16899): currentName is :com.hisense.hicloud.edca
07-05 23:11:01.172 E/btif_config( 2964): [btif_config_get] node is TRUE!
07-05 23:11:01.172 E/btif_config( 2964): [btif_config_get] ret is TRUE!
07-05 23:11:01.207 I/TVMW@HsTvSetting( 1234): Trace cmd, data = 0x1058
07-05 23:11:01.207 D/til@system( 2026): til_get_system_param option:100002F int:0, bool:0, ret:0
07-05 23:11:01.207 I/TVMW@HsTvSetting( 1234): Trace cmd, data = 0x101f
07-05 23:11:01.207 D/til@system( 2026): til_get_system_param option:100001D int:3, bool:3, ret:0
07-05 23:11:01.207 E/til     ( 2026): [til_get_current_input_source, 101] 
07-05 23:11:01.207 I/TVMW@HsTvSetting( 1234): Trace cmd, data = 0x7007
07-05 23:11:01.208 I/tilwrapper@sm( 2026): HS2TIL_SourceType *hs=0xd, *til=0x900
07-05 23:11:01.208 D/til     ( 2026): get current source 2304
07-05 23:11:01.208 D/SourceRemoteServiceHandler( 2026): getCurrentInputSource.from.til.result is 0, value is 2304
07-05 23:11:01.208 D/SourceRemoteServiceHandler( 2026): getInputSourceType source: 0x900, type=2304
07-05 23:11:01.208 D/til     ( 2026): ###### func:til_get_picture_param option:0x3000006 ######  
07-05 23:11:01.208 I/TVMW@HsTvSetting( 1234): Trace cmd, data = 0x1003
07-05 23:11:01.209 I/TVMW@HsTvSetting( 1234): Trace cmd, data = 0x8032
07-05 23:11:01.209 I/hstvos  ( 1216): [0m[1;33m[HSHAL][HS_VIDEO][HS_HAL_Video_SetOsdDetect_v2][2389]u16Threshold = 20
07-05 23:11:01.209 E/TVMW@videoctrl( 1234):  getOsd is 1
07-05 23:11:01.210 D/til@system( 2026): til_get_system_param option:1000027 int:1, bool:1, ret:0
07-05 23:11:01.210 I/CheckUpdateReceiver(22184): latest version == null
07-05 23:11:01.210 D/til     ( 2026): ###### func:til_get_picture_param option:0x3000045 ######  
07-05 23:11:01.210 I/TVMW@HsTvSetting( 1234): Trace cmd, data = 0x300c
07-05 23:11:01.210 I/TVMW@HsTvSetting( 1234): Trace 3d, data = 0x300c
07-05 23:11:01.210 I/TVMW@3d ( 1234): Hs_debug3d_trace: func:get3dStatus, line:109
07-05 23:11:01.211 D/SUSLog  (22184): CheckAppUpdateService>>onDestroy
07-05 23:11:01.211 I/MiSysSrv( 1214): Not support now! 42, change to mm_video!!!
07-05 23:11:01.212 D/TabView (22184): SLOVEN top===>:266
07-05 23:11:01.212 D/TabFocusBorderView(22184): SLOVEN runTranslateAnimation
07-05 23:11:01.212 D/TabFocusBorderView(22184): SLOVEN runTranslateAnimation
07-05 23:11:01.212 D/TabFocusBorderView(22184): SLOVEN moveFocusView
07-05 23:11:01.236 D/TabFocusBorderView(22184): SLOVEN onAnimationStart
07-05 23:11:01.237 D/CommonHeader(22184): app logo isRotate: true
07-05 23:11:01.252 D/HttpHandler(22184): VerifySignInterCeptor-->request.url()=http://picture.edu.hismarttv.com/images/20170629075040001252.jpg
07-05 23:11:01.252 D/HttpHandler(22184): VerifySignInterCeptor-->hostname=picture.edu.hismarttv.com
07-05 23:11:01.258 D/OkHttp  (22184): --> GET http://picture.edu.hismarttv.com/images/20170629075040001252.jpg http/1.1
07-05 23:11:01.259 D/OkHttp  (22184): Host: picture.edu.hismarttv.com
07-05 23:11:01.259 D/OkHttp  (22184): Connection: Keep-Alive
07-05 23:11:01.259 D/OkHttp  (22184): Accept-Encoding: gzip
07-05 23:11:01.259 D/OkHttp  (22184): User-Agent: okhttp/3.6.0
07-05 23:11:01.259 D/OkHttp  (22184): --> END GET
07-05 23:11:01.260 I/FirstLineAdapter(22184): canShowTrailer,isOffline=false
07-05 23:11:01.276 D/OkHttp  (22184): <-- 200 OK http://picture.edu.hismarttv.com/images/20170629075040001252.jpg (17ms)
07-05 23:11:01.276 D/OkHttp  (22184): Date: Mon, 03 Jul 2017 08:35:17 GMT
07-05 23:11:01.276 D/OkHttp  (22184): Server: nginx
07-05 23:11:01.276 D/OkHttp  (22184): Content-Type: image/jpeg
07-05 23:11:01.276 D/OkHttp  (22184): Content-Length: 103036
07-05 23:11:01.276 D/OkHttp  (22184): Last-Modified: Thu, 29 Jun 2017 07:50:40 GMT
07-05 23:11:01.276 D/OkHttp  (22184): ETag: "5954b150-1927c"
07-05 23:11:01.276 D/OkHttp  (22184): Accept-Ranges: bytes
07-05 23:11:01.276 D/OkHttp  (22184): Age: 196540
07-05 23:11:01.276 D/OkHttp  (22184): Via: 1.1 changzhiwangtong172:9 (Cdn Cache Server V2.0)[14 200 0], 1.1 dezhou34:0 (Cdn Cache Server V2.0)[0 200 0]
07-05 23:11:01.276 D/OkHttp  (22184): Connection: keep-alive
07-05 23:11:01.276 D/OkHttp  (22184): <-- END HTTP
07-05 23:11:01.305 D/NativeDecimalFormat( 2411): NativeDecimalFormat_close print addr=547821590528
07-05 23:11:01.305 D/NativeDecimalFormat( 2411): NativeDecimalFormat_close print g_addr=547821586688
07-05 23:11:01.305 D/NativeDecimalFormat( 2411): NativeDecimalFormat_close print addr=547821586688
07-05 23:11:01.305 D/NativeDecimalFormat( 2411): NativeDecimalFormat_close print g_addr=547821586688
07-05 23:11:01.316 D/HttpHandler(22184): RetryIntercepter-->retryNum=0
07-05 23:11:01.316 D/HttpHandler(22184): RetryIntercepter-->backoffmutiplier=0
07-05 23:11:01.318 D/HiNetworkImpl(22184): doHttp_Asyn(): onReqResponse isSuccessful = true, back from thread: main
07-05 23:11:01.318 I/HiNetworkImpl(22184): doHttp_Asyn(): onSuccess clazz = class com.hisense.tvui.newhome.bean.SelectionBean, back from thread: main
07-05 23:11:01.318 I/HomeDataPresenter(22184): getRecommandData() onSuccess: RoleContentFragment541402653
07-05 23:11:01.318 I/RoleContentFragment(22184): recommandlist={10003=0, 10002=8}
07-05 23:11:01.318 I/RoleContentFragment(22184): lineIndex=0,id=10002,pos=8
07-05 23:11:01.318 I/RoleContentFragment(22184): ,addItemSize=25
07-05 23:11:01.318 I/RoleContentFragment(22184): origin pos=8
07-05 23:11:01.318 I/RoleContentFragment(22184): offset pos=2
07-05 23:11:01.318 I/RoleContentFragment(22184): array size=11
07-05 23:11:01.319 I/RoleContentFragment(22184): lineIndex=1,id=10003,pos=0
07-05 23:11:01.319 I/RoleContentFragment(22184): ,addItemSize=24
07-05 23:11:01.319 I/RoleContentFragment(22184): origin pos=0
07-05 23:11:01.319 I/RoleContentFragment(22184): offset pos=2
07-05 23:11:01.319 I/RoleContentFragment(22184): array size=11
07-05 23:11:01.336 I/MyFragmentStateAdapter(22184): getCount
07-05 23:11:01.344 I/TVMW@devctrl( 1234): wdt
07-05 23:11:01.354 I/RoleContentFragment(22184): setBackGroundUrl=http://picture.edu.hismarttv.com/images/20170628104504467308.jpg,view=android.support.v4.widget.SlidingPaneLayout{14557b31 V.ED.... ......ID 0,0-1920,1080 #7f0d00af app:id/slide_layout}
07-05 23:11:01.356 D/HomeMainActivity(22184): local vipDialogStr id list is : 
07-05 23:11:01.356 I/HomeMainActivity(22184): mBeginHttpTime : 16302928
07-05 23:11:01.357 V/HttpDnsUtils(22184): getUserType(): --url = http://api.edu.hismarttv.com/payment/api/query/user_type/dialog_info
07-05 23:11:01.357 I/HttpBuilder(22184): addUrlPublicParams mUrl ==>http://api.edu.hismarttv.com/payment/api/query/user_type/dialog_info?orderType=0
07-05 23:11:01.358 D/til@system( 2026): til_get_system_param option:1000007 int:-1936525184, bool:128, ret:0
07-05 23:11:01.359 D/til@system( 2026): til_get_system_param option:1000009 int:-1936522112, bool:128, ret:0
07-05 23:11:01.360 D/til@system( 2026): til_get_system_param option:1000008 int:-1815632896, bool:0, ret:0
07-05 23:11:01.361 D/HttpBuilder(22184): getOperationDetail-productName : LED50MU8600UC
07-05 23:11:01.361 D/HttpBuilder(22184): getOperationDetail-plmNumber : 88888
07-05 23:11:01.361 D/HttpBuilder(22184): getOperationDetail-swVersion : V0000.00.01A
07-05 23:11:01.361 D/HttpBuilder(22184): getOperationDetail-operationDetail : LED50MU8600UC0000888
07-05 23:11:01.385 I/HttpBuilder(22184): addUrlPublicParams mUrl ==>http://api.edu.hismarttv.com/payment/api/query/user_type/dialog_info?orderType=0&uuid=13287129&mac=a8:a6:48:18:fc:a8&devid=86100300900000500000060a4818fca8&version=00.002.003&subscriberId=13287129&customerId=7195320&model_id=0&APPPackage=com.hisense.hicloud.edca&PFAPPCode=652&APPVersionName=3.0.0.9.00&ChannelId=0&softwareVersion=LED50MU8600UC0000888&tv_distribute_id=00&devType=0&APIVersion=600&accessToken=72DF6038D2AEAB8A76DFBBBBCC428A4A_000457796493184
07-05 23:11:01.400 E/WebcastSDK-WebcastManager(22184): finally setAppServiceDomainList.
07-05 23:11:01.404 D/Carousel-MyListView(22184): onItemSelected position:1
07-05 23:11:01.404 D/Carousel-CarouselListView(22184): onItemSelected position:1,type:3
07-05 23:11:01.418 I/FirstLineAdapter(22184): canShowTrailer,isOffline=false
07-05 23:11:01.419 D/Carousel-Utils(22184): onResourceReady.
07-05 23:11:01.436 D/HttpHandler(22184): VerifySignInterCeptor-->request.url()=http://api.edu.hismarttv.com/payment/api/query/user_type/dialog_info?orderType=0&uuid=13287129&mac=a8:a6:48:18:fc:a8&devid=86100300900000500000060a4818fca8&version=00.002.003&subscriberId=13287129&customerId=7195320&model_id=0&APPPackage=com.hisense.hicloud.edca&PFAPPCode=652&APPVersionName=3.0.0.9.00&ChannelId=0&softwareVersion=LED50MU8600UC0000888&tv_distribute_id=00&devType=0&APIVersion=600&accessToken=72DF6038D2AEAB8A76DFBBBBCC428A4A_000457796493184
07-05 23:11:01.437 D/OsdMonitorService( 1733): mCurrentWindow = com.hisense.hicloud.edca/com.hisense.tvui.newhome.HomeMainActivity; newWindow = com.hisense.hicloud.edca/com.hisense.tvui.newhome.HomeMainActivity; isSubWindow = false; isInWinList = false; isExitNow = false
07-05 23:11:01.437 D/OsdMonitorService( 1733): windowNotOsd() : name = com.hisense.hicloud.edca/com.hisense.tvui.newhome.HomeMainActivity
07-05 23:11:01.437 I/OsdMonitorService( 1733): setOsdStatus() : status will change from true to true
07-05 23:11:01.439 D/PowerManagerService( 1733): setScreenBrightnessOverrideFromWindowManagerInternal done
07-05 23:11:01.444 D/HttpHandler(22184): VerifySignInterCeptor-->hostname=api.edu.hismarttv.com
07-05 23:11:01.444 D/Surface (22184): onStatusChange() : mNativeObject = 0 mUseImageHwRender = false
07-05 23:11:01.444 D/TabView (22184): 
07-05 23:11:01.447 D/TabView (22184): 
07-05 23:11:01.449 D/TabView (22184): 
07-05 23:11:01.451 D/TabView (22184): 
07-05 23:11:01.452 D/TabView (22184): 
07-05 23:11:01.453 D/TabView (22184): 
07-05 23:11:01.455 D/TabView (22184): 
07-05 23:11:01.484 D/TabView (22184): 
07-05 23:11:01.485 D/TabView (22184): 
07-05 23:11:01.487 D/TabView (22184): 
07-05 23:11:01.488 I/art     (22184): Background sticky concurrent mark sweep GC freed 6227(451KB) AllocSpace objects, 1(16KB) LOS objects, 2% free, 27MB/28MB, paused 8.085ms total 65.916ms
07-05 23:11:01.495 D/TabView (22184): 
07-05 23:11:01.497 D/TabView (22184): 
07-05 23:11:01.499 D/TabView (22184): 
07-05 23:11:01.500 D/TabView (22184): 
07-05 23:11:01.502 D/TabView (22184): 
07-05 23:11:01.503 D/TabView (22184): 
07-05 23:11:01.511 I/NetflixMonitorService( 1733): current fgapk : com.hisense.hicloud.edca
07-05 23:11:01.511 I/NetflixMonitorService( 1733): Netflix status unchanged
07-05 23:11:01.525 I/MyFragmentStateAdapter(22184): getCount
07-05 23:11:01.525 I/MyFragmentStateAdapter(22184): getCount
07-05 23:11:01.526 D/TabView (22184): 
07-05 23:11:01.527 D/TabView (22184): 
07-05 23:11:01.529 D/TabView (22184): 
07-05 23:11:01.530 D/TabView (22184): 
07-05 23:11:01.532 D/TabView (22184): 
07-05 23:11:01.534 D/TabView (22184): 
07-05 23:11:01.542 D/TabView (22184): 
07-05 23:11:01.543 D/TabView (22184): 
07-05 23:11:01.559 D/TabView (22184): 
07-05 23:11:01.561 D/TabView (22184): 
07-05 23:11:01.563 D/TabView (22184): 
07-05 23:11:01.565 D/TabView (22184): 
07-05 23:11:01.567 D/TabView (22184): 
07-05 23:11:01.576 D/TabView (22184): 
07-05 23:11:01.577 D/TabView (22184): 
07-05 23:11:01.579 D/TabView (22184): 
07-05 23:11:01.580 I/MyFragmentStateAdapter(22184): getCount
07-05 23:11:01.580 I/MyFragmentStateAdapter(22184): getCount
07-05 23:11:01.597 D/HttpHandler(22184): HttpDNS-->hostname=api.edu.hismarttv.com
07-05 23:11:01.600 I/TabView (22184): onScroll:,firstItem=0,visibleCount=6,totalCount=10
07-05 23:11:01.601 I/FirstLineAdapter(22184): canShowTrailer,isOffline=false
07-05 23:11:01.601 I/FirstLineAdapter(22184): canShowTrailer,isOffline=false
07-05 23:11:01.601 I/FirstLineAdapter(22184): canShowTrailer,isOffline=false
07-05 23:11:01.601 I/FirstLineAdapter(22184): canShowTrailer,isOffline=false
07-05 23:11:01.601 I/FirstLineAdapter(22184): canShowTrailer,isOffline=false
07-05 23:11:01.602 I/FirstLineAdapter(22184): canShowTrailer,isOffline=false
07-05 23:11:01.602 I/FirstLineAdapter(22184): canShowTrailer,isOffline=false
07-05 23:11:01.605 D/Carousel-CarouselChannelItemView(22184): Listitem imageUrl:http://picture.edu.hismarttv.com/images/20170628102959016598.jpg
07-05 23:11:01.616 D/Carousel-Utils(22184): onResourceReady.
07-05 23:11:01.618 D/Carousel-CarouselChannelItemView(22184): Listitem imageUrl:http://picture.edu.hismarttv.com/images/20170628103002814396.jpg
07-05 23:11:01.619 D/Carousel-CarouselChannelItemView(22184): Listitem imageUrl:http://picture.edu.hismarttv.com/images/20170628103009181182.jpg
07-05 23:11:01.620 D/Carousel-CarouselChannelItemView(22184): Listitem imageUrl:http://picture.edu.hismarttv.com/images/20170628102959016598.jpg
07-05 23:11:01.620 D/Carousel-Utils(22184): onResourceReady.
07-05 23:11:01.621 D/Carousel-CarouselChannelItemView(22184): Listitem imageUrl:http://picture.edu.hismarttv.com/images/20170628103002814396.jpg
07-05 23:11:01.622 D/Carousel-CarouselChannelItemView(22184): Listitem imageUrl:http://picture.edu.hismarttv.com/images/20170628103009181182.jpg
07-05 23:11:01.632 I/FirstLineAdapter(22184): canShowTrailer,isOffline=false
07-05 23:11:01.633 I/FirstLineAdapter(22184): canShowTrailer,isOffline=false
07-05 23:11:01.633 I/head    (22184): item=com.hisense.leanback.widget.ListRow@23611885
07-05 23:11:01.633 I/CardSelectionPresenter(22184): onViewDetachedFromWindow mTitleTx = 
07-05 23:11:01.634 I/CardSelectionPresenter(22184): onViewDetachedFromWindow mTitleTx = 
07-05 23:11:01.634 I/CardSelectionPresenter(22184): onViewDetachedFromWindow mTitleTx = 
07-05 23:11:01.634 I/CardSelectionPresenter(22184): onUnbindViewHolder mTitleTx = 
07-05 23:11:01.637 I/CardSelectionPresenter(22184): onViewDetachedFromWindow mTitleTx = 
07-05 23:11:01.637 I/CardSelectionPresenter(22184): onUnbindViewHolder mTitleTx = 
07-05 23:11:01.637 I/CardSelectionPresenter(22184): onUnbindViewHolder mTitleTx = 
07-05 23:11:01.637 I/CardSelectionPresenter(22184): onUnbindViewHolder mTitleTx = 
07-05 23:11:01.638 I/ContentBridgeAdapterListener(22184): onBind 
07-05 23:11:01.639 I/CardSelectionPresenter(22184): onCreateViewHoldercom.hisense.leanback.widget.HorizontalGridView{3c99c068 VFE..... ......ID 0,0-1738,279 #7f0d038e app:id/row_content}
07-05 23:11:01.644 I/CardSelectionPresenter(22184): onBindViewHolder
07-05 23:11:01.644 D/sloven  (22184): 1002---true
07-05 23:11:01.644 I/CardSelectionPresenter(22184): width=400,height=220
07-05 23:11:01.676 I/CardSelectionPresenter(22184): onUnbindViewHolder mTitleTx = 
07-05 23:11:01.676 I/CardSelectionPresenter(22184): onBindViewHolder
07-05 23:11:01.676 D/sloven  (22184): 1002---true
07-05 23:11:01.676 I/CardSelectionPresenter(22184): width=400,height=220
07-05 23:11:01.680 D/hailongqiu(22184): hailongqiu position:0
07-05 23:11:01.682 I/CardSelectionPresenter(22184): onCreateViewHoldercom.hisense.leanback.widget.HorizontalGridView{3c99c068 VFE..... ......ID 0,0-1738,279 #7f0d038e app:id/row_content}
07-05 23:11:01.698 I/CardSelectionPresenter(22184): onBindViewHolder
07-05 23:11:01.698 D/sloven  (22184): 1002---true
07-05 23:11:01.698 I/CardSelectionPresenter(22184): width=400,height=220
07-05 23:11:01.703 I/CardSelectionPresenter(22184): onCreateViewHoldercom.hisense.leanback.widget.HorizontalGridView{3c99c068 VFE..... ......ID 0,0-1738,279 #7f0d038e app:id/row_content}
07-05 23:11:01.711 I/TVMW@HsTvSetting( 1234): Trace cmd, data = 0x1058
07-05 23:11:01.711 D/til@system( 2026): til_get_system_param option:100002F int:0, bool:0, ret:0
07-05 23:11:01.712 I/TVMW@HsTvSetting( 1234): Trace cmd, data = 0x101f
07-05 23:11:01.712 D/til@system( 2026): til_get_system_param option:100001D int:3, bool:3, ret:0
07-05 23:11:01.712 E/til     ( 2026): [til_get_current_input_source, 101] 
07-05 23:11:01.712 I/TVMW@HsTvSetting( 1234): Trace cmd, data = 0x7007
07-05 23:11:01.712 I/tilwrapper@sm( 2026): HS2TIL_SourceType *hs=0xd, *til=0x900
07-05 23:11:01.712 D/til     ( 2026): get current source 2304
07-05 23:11:01.712 D/SourceRemoteServiceHandler( 2026): getCurrentInputSource.from.til.result is 0, value is 2304
07-05 23:11:01.712 D/SourceRemoteServiceHandler( 2026): getInputSourceType source: 0x900, type=2304
07-05 23:11:01.712 D/til     ( 2026): ###### func:til_get_picture_param option:0x3000006 ######  
07-05 23:11:01.712 I/TVMW@HsTvSetting( 1234): Trace cmd, data = 0x1003
07-05 23:11:01.713 I/TVMW@HsTvSetting( 1234): Trace cmd, data = 0x8032
07-05 23:11:01.713 I/hstvos  ( 1216): [0m[1;33m[HSHAL][HS_VIDEO][HS_HAL_Video_SetOsdDetect_v2][2389]u16Threshold = 20
07-05 23:11:01.718 I/CardSelectionPresenter(22184): onBindViewHolder
07-05 23:11:01.718 D/sloven  (22184): 1002---true
07-05 23:11:01.718 I/MiSysSrv( 1214): Not support now! 42, change to mm_video!!!
07-05 23:11:01.719 I/art     (22184): Background partial concurrent mark sweep GC freed 20194(1262KB) AllocSpace objects, 4(146KB) LOS objects, 13% free, 26MB/30MB, paused 6.994ms total 83.482ms
07-05 23:11:01.719 D/NativeDecimalFormat(22184): NativeDecimalFormat_close print addr=4098413824
07-05 23:11:01.719 D/NativeDecimalFormat(22184): NativeDecimalFormat_close print g_addr=4098414592
07-05 23:11:01.719 D/NativeDecimalFormat(22184): NativeDecimalFormat_close print addr=4098414592
07-05 23:11:01.719 D/NativeDecimalFormat(22184): NativeDecimalFormat_close print g_addr=4098414592
07-05 23:11:01.720 I/CardSelectionPresenter(22184): width=400,height=220
07-05 23:11:01.720 E/TVMW@videoctrl( 1234):  getOsd is 1
07-05 23:11:01.720 D/til@system( 2026): til_get_system_param option:1000027 int:1, bool:1, ret:0
07-05 23:11:01.721 D/til     ( 2026): ###### func:til_get_picture_param option:0x3000045 ######  
07-05 23:11:01.721 I/TVMW@HsTvSetting( 1234): Trace cmd, data = 0x300c
07-05 23:11:01.721 I/TVMW@HsTvSetting( 1234): Trace 3d, data = 0x300c
07-05 23:11:01.721 I/TVMW@3d ( 1234): Hs_debug3d_trace: func:get3dStatus, line:109
07-05 23:11:01.727 I/CardSelectionPresenter(22184): onCreateViewHoldercom.hisense.leanback.widget.HorizontalGridView{3c99c068 VFE..... ......ID 0,0-1738,279 #7f0d038e app:id/row_content}
07-05 23:11:01.736 I/CardSelectionPresenter(22184): onBindViewHolder
07-05 23:11:01.736 D/sloven  (22184): 1002---true
07-05 23:11:01.736 I/CardSelectionPresenter(22184): width=400,height=220
07-05 23:11:01.741 D/HttpHandler(22184): VerifySignInterCeptor-->request.url()=http://picture.edu.hismarttv.com/images/20170628104504467308.jpg
07-05 23:11:01.741 D/HttpHandler(22184): VerifySignInterCeptor-->hostname=picture.edu.hismarttv.com
07-05 23:11:01.744 I/CardSelectionPresenter(22184): onCreateViewHoldercom.hisense.leanback.widget.HorizontalGridView{3c99c068 VFE..... ......ID 0,0-1738,279 #7f0d038e app:id/row_content}
07-05 23:11:01.749 D/OkHttp  (22184): --> GET http://picture.edu.hismarttv.com/images/20170628104504467308.jpg http/1.1
07-05 23:11:01.749 D/OkHttp  (22184): Host: picture.edu.hismarttv.com
07-05 23:11:01.749 D/OkHttp  (22184): Connection: Keep-Alive
07-05 23:11:01.749 D/OkHttp  (22184): Accept-Encoding: gzip
07-05 23:11:01.749 D/OkHttp  (22184): User-Agent: okhttp/3.6.0
07-05 23:11:01.749 D/OkHttp  (22184): --> END GET
07-05 23:11:01.755 I/CardSelectionPresenter(22184): onBindViewHolder
07-05 23:11:01.756 D/sloven  (22184): 1002---true
07-05 23:11:01.756 I/CardSelectionPresenter(22184): width=0,height=220
07-05 23:11:01.761 D/Carousel-CarouselView(22184): ============>onScrollChanged hashCode:1018850026
07-05 23:11:01.771 I/MyFragmentStateAdapter(22184): getCount
07-05 23:11:01.777 D/gralloc ( 1204): allocate buffer from ION HEAP 0x1
07-05 23:11:01.777 D/gralloc ( 1204): allocate memory from system heap
07-05 23:11:01.778 D/HttpHandler(22184): RAMCache-->hostInfo.getClientTimeStamp()=16298302
07-05 23:11:01.778 D/HttpHandler(22184): RAMCache-->hostInfo.getTtl()=3600
07-05 23:11:01.778 D/HttpHandler(22184): RAMCache-->SystemClock.elapsedRealtime()=16303350
07-05 23:11:01.788 D/OkHttp  (22184): <-- 200 OK http://picture.edu.hismarttv.com/images/20170628104504467308.jpg (38ms)
07-05 23:11:01.788 D/OkHttp  (22184): Date: Mon, 03 Jul 2017 11:33:23 GMT
07-05 23:11:01.788 D/OkHttp  (22184): Server: nginx
07-05 23:11:01.788 D/OkHttp  (22184): Content-Type: image/jpeg
07-05 23:11:01.788 D/OkHttp  (22184): Content-Length: 376321
07-05 23:11:01.788 D/OkHttp  (22184): Last-Modified: Wed, 28 Jun 2017 10:45:04 GMT
07-05 23:11:01.788 D/OkHttp  (22184): ETag: "595388b0-5be01"
07-05 23:11:01.788 D/OkHttp  (22184): Accept-Ranges: bytes
07-05 23:11:01.788 D/OkHttp  (22184): Age: 185858
07-05 23:11:01.788 D/OkHttp  (22184): Via: 1.1 hewangtong174:5 (Cdn Cache Server V2.0)[0 200 0], 1.1 dzhwt36:2 (Cdn Cache Server V2.0)[22 200 0]
07-05 23:11:01.788 D/OkHttp  (22184): Connection: keep-alive
07-05 23:11:01.788 D/OkHttp  (22184): <-- END HTTP
07-05 23:11:01.792 D/Carousel-Utils(22184): onResourceReady.
07-05 23:11:01.792 D/Carousel-Utils(22184): onResourceReady.
07-05 23:11:01.817 D/HttpHandler(22184): RetryIntercepter-->retryNum=0
07-05 23:11:01.817 D/HttpHandler(22184): RetryIntercepter-->backoffmutiplier=0
07-05 23:11:01.829 D/Carousel-MyListView(22184): setSelectionAndPadding position:1
07-05 23:11:01.831 D/TabFocusBorderView(22184): SLOVEN onAnimationEnd
07-05 23:11:01.831 D/TabView (22184): SLOVEN border top===>:296---407
07-05 23:11:01.832 I/MyFragmentStateAdapter(22184): getCount
07-05 23:11:01.832 I/MyFragmentStateAdapter(22184): getCount
07-05 23:11:01.833 I/MyFragmentStateAdapter(22184): getCount
07-05 23:11:01.833 I/MyFragmentStateAdapter(22184): getCount
07-05 23:11:01.833 I/FirstLineAdapter(22184): canShowTrailer,isOffline=false
07-05 23:11:01.833 I/FirstLineAdapter(22184): canShowTrailer,isOffline=false
07-05 23:11:01.833 I/FirstLineAdapter(22184): canShowTrailer,isOffline=false
07-05 23:11:01.833 I/FirstLineAdapter(22184): canShowTrailer,isOffline=false
07-05 23:11:01.833 I/FirstLineAdapter(22184): canShowTrailer,isOffline=false
07-05 23:11:01.833 I/FirstLineAdapter(22184): canShowTrailer,isOffline=false
07-05 23:11:01.833 I/FirstLineAdapter(22184): canShowTrailer,isOffline=false
07-05 23:11:01.833 D/Carousel-CarouselChannelItemView(22184): Listitem imageUrl:http://picture.edu.hismarttv.com/images/20170628102959016598.jpg
07-05 23:11:01.834 D/Carousel-Utils(22184): onResourceReady.
07-05 23:11:01.836 D/Carousel-CarouselChannelItemView(22184): Listitem imageUrl:http://picture.edu.hismarttv.com/images/20170628103002814396.jpg
07-05 23:11:01.837 D/Carousel-CarouselChannelItemView(22184): Listitem imageUrl:http://picture.edu.hismarttv.com/images/20170628103009181182.jpg
07-05 23:11:01.838 D/Carousel-Utils(22184): onResourceReady.
07-05 23:11:01.839 D/Carousel-CarouselChannelItemView(22184): Listitem imageUrl:http://picture.edu.hismarttv.com/images/20170628102959016598.jpg
07-05 23:11:01.840 D/Carousel-Utils(22184): onResourceReady.
07-05 23:11:01.840 D/Carousel-CarouselChannelItemView(22184): Listitem imageUrl:http://picture.edu.hismarttv.com/images/20170628103002814396.jpg
07-05 23:11:01.841 D/Carousel-CarouselChannelItemView(22184): Listitem imageUrl:http://picture.edu.hismarttv.com/images/20170628103009181182.jpg
07-05 23:11:01.842 D/Carousel-Utils(22184): onResourceReady.
07-05 23:11:01.843 I/FirstLineAdapter(22184): canShowTrailer,isOffline=false
07-05 23:11:01.843 I/FirstLineAdapter(22184): canShowTrailer,isOffline=false
07-05 23:11:01.844 D/Carousel-CarouselView(22184): ============>onScrollChanged hashCode:1018850026
07-05 23:11:01.847 I/MyFragmentStateAdapter(22184): getCount
07-05 23:11:01.850 D/gralloc ( 1204): allocate buffer from ION HEAP 0x1
07-05 23:11:01.850 D/gralloc ( 1204): allocate memory from system heap
07-05 23:11:01.903 E/TabView (22184): tab2
07-05 23:11:01.903 D/TabView (22184): SLOVEN mTopmBorderTop===>:0266
07-05 23:11:01.904 D/TabView (22184): tab scroll up listview
07-05 23:11:01.904 D/TabFocusBorderView(22184): SLOVEN justchangeWidth
07-05 23:11:01.904 D/TabFocusBorderView(22184): SLOVEN widthmWidth===>:220220
07-05 23:11:01.908 D/TabFocusBorderView(22184): SLOVEN onAnimationStart
07-05 23:11:01.908 D/TabView (22184): SLOVEN mTopmBorderTop===>:407266
07-05 23:11:01.908 D/TabView (22184): setSelectedTabView
07-05 23:11:01.944 I/MyFragmentStateAdapter(22184): getCount
07-05 23:11:01.945 I/MyFragmentStateAdapter(22184): getCount
07-05 23:11:01.948 D/HttpHandler(22184): DNSHelper-->gslbDns=["123.103.91.123"]
07-05 23:11:01.950 I/MyFragmentStateAdapter(22184): getCount
07-05 23:11:01.950 I/MyFragmentStateAdapter(22184): getCount
07-05 23:11:01.950 I/TabView (22184): onScroll:,firstItem=0,visibleCount=6,totalCount=10
07-05 23:11:01.951 I/FirstLineAdapter(22184): canShowTrailer,isOffline=false
07-05 23:11:01.951 I/FirstLineAdapter(22184): canShowTrailer,isOffline=false
07-05 23:11:01.951 I/FirstLineAdapter(22184): canShowTrailer,isOffline=false
07-05 23:11:01.951 I/FirstLineAdapter(22184): canShowTrailer,isOffline=false
07-05 23:11:01.952 I/FirstLineAdapter(22184): canShowTrailer,isOffline=false
07-05 23:11:01.952 I/FirstLineAdapter(22184): canShowTrailer,isOffline=false
07-05 23:11:01.952 I/FirstLineAdapter(22184): canShowTrailer,isOffline=false
07-05 23:11:01.952 I/FirstLineAdapter(22184): canShowTrailer,isOffline=false
07-05 23:11:01.952 I/FirstLineAdapter(22184): canShowTrailer,isOffline=false
07-05 23:11:01.953 D/Carousel-CarouselView(22184): ============>onScrollChanged hashCode:1018850026
07-05 23:11:01.956 I/MyFragmentStateAdapter(22184): getCount
07-05 23:11:01.977 D/OkHttp  (22184): --> GET http://api.edu.hismarttv.com/payment/api/query/user_type/dialog_info?orderType=0&uuid=13287129&mac=a8:a6:48:18:fc:a8&devid=86100300900000500000060a4818fca8&version=00.002.003&subscriberId=13287129&customerId=7195320&model_id=0&APPPackage=com.hisense.hicloud.edca&PFAPPCode=652&APPVersionName=3.0.0.9.00&ChannelId=0&softwareVersion=LED50MU8600UC0000888&tv_distribute_id=00&devType=0&APIVersion=600&accessToken=72DF6038D2AEAB8A76DFBBBBCC428A4A_000457796493184 http/1.1
07-05 23:11:01.977 D/OkHttp  (22184): Data_Type: JSON
07-05 23:11:01.977 D/OkHttp  (22184): RetryTime: 0
07-05 23:11:01.977 D/OkHttp  (22184): Backoffmutiplier: 0
07-05 23:11:01.977 D/OkHttp  (22184): Host: api.edu.hismarttv.com
07-05 23:11:01.977 D/OkHttp  (22184): Connection: Keep-Alive
07-05 23:11:01.977 D/OkHttp  (22184): Accept-Encoding: gzip
07-05 23:11:01.977 D/OkHttp  (22184): User-Agent: okhttp/3.6.0
07-05 23:11:01.977 D/OkHttp  (22184): --> END GET
07-05 23:11:02.029 I/TabView (22184): onScroll:,firstItem=0,visibleCount=6,totalCount=10
07-05 23:11:02.029 D/Carousel-CarouselView(22184): ============>onScrollChanged hashCode:1018850026
07-05 23:11:02.041 D/TabFocusBorderView(22184): SLOVEN onAnimationEnd
07-05 23:11:02.041 D/TabView (22184): SLOVEN border top===>:296---407
07-05 23:11:02.043 I/TabView (22184): onScroll:,firstItem=0,visibleCount=6,totalCount=10
07-05 23:11:02.043 D/Carousel-CarouselView(22184): ============>onScrollChanged hashCode:1018850026
07-05 23:11:02.052 W/ActivityManager( 1733): Activity destroy timeout for ActivityRecord{249177d1 u0 com.jamdeo.launcher/.app.BaseTileActivity t5349 f}
07-05 23:11:02.070 D/HttpHandler(22184): VerifySignInterCeptor-->request.url()=http://picture.edu.hismarttv.com/images/20170629/%E5%BF%83%E7%AE%97%E5%8F%A3%E8%AF%80%E5%A4%A9%E5%A4%A9%E7%BB%83.jpg
07-05 23:11:02.070 D/HttpHandler(22184): VerifySignInterCeptor-->hostname=picture.edu.hismarttv.com
07-05 23:11:02.077 D/OkHttp  (22184): --> GET http://picture.edu.hismarttv.com/images/20170629/%E5%BF%83%E7%AE%97%E5%8F%A3%E8%AF%80%E5%A4%A9%E5%A4%A9%E7%BB%83.jpg http/1.1
07-05 23:11:02.077 D/OkHttp  (22184): Host: picture.edu.hismarttv.com
07-05 23:11:02.077 D/OkHttp  (22184): Connection: Keep-Alive
07-05 23:11:02.077 D/OkHttp  (22184): Accept-Encoding: gzip
07-05 23:11:02.077 D/OkHttp  (22184): User-Agent: okhttp/3.6.0
07-05 23:11:02.077 D/OkHttp  (22184): --> END GET
07-05 23:11:02.072 D/HttpHandler(22184): VerifySignInterCeptor-->request.url()=http://picture.edu.hismarttv.com/images/20170629/%E5%AE%A2%E5%8E%85%E7%87%83%E8%84%82%E5%A5%B3%E7%8E%8B20170207081137502012.jpg
07-05 23:11:02.081 D/HttpHandler(22184): VerifySignInterCeptor-->hostname=picture.edu.hismarttv.com
07-05 23:11:02.082 D/OkHttp  (22184): --> GET http://picture.edu.hismarttv.com/images/20170629/%E5%AE%A2%E5%8E%85%E7%87%83%E8%84%82%E5%A5%B3%E7%8E%8B20170207081137502012.jpg http/1.1
07-05 23:11:02.082 D/OkHttp  (22184): Host: picture.edu.hismarttv.com
07-05 23:11:02.082 D/OkHttp  (22184): Connection: Keep-Alive
07-05 23:11:02.082 D/OkHttp  (22184): Accept-Encoding: gzip
07-05 23:11:02.082 D/OkHttp  (22184): User-Agent: okhttp/3.6.0
07-05 23:11:02.082 D/OkHttp  (22184): --> END GET
07-05 23:11:02.083 D/OkHttp  (22184): <-- 200 OK http://api.edu.hismarttv.com/payment/api/query/user_type/dialog_info?orderType=0&uuid=13287129&mac=a8:a6:48:18:fc:a8&devid=86100300900000500000060a4818fca8&version=00.002.003&subscriberId=13287129&customerId=7195320&model_id=0&APPPackage=com.hisense.hicloud.edca&PFAPPCode=652&APPVersionName=3.0.0.9.00&ChannelId=0&softwareVersion=LED50MU8600UC0000888&tv_distribute_id=00&devType=0&APIVersion=600&accessToken=72DF6038D2AEAB8A76DFBBBBCC428A4A_000457796493184 (105ms)
07-05 23:11:02.083 D/OkHttp  (22184): Server: nginx
07-05 23:11:02.083 D/OkHttp  (22184): Date: Wed, 05 Jul 2017 15:11:01 GMT
07-05 23:11:02.083 D/OkHttp  (22184): Content-Type: application/json
07-05 23:11:02.083 D/OkHttp  (22184): Content-Length: 221
07-05 23:11:02.083 D/OkHttp  (22184): Connection: close
