07-05 21:52:55.621 V/AudioPolicyManager( 1206): setOutputDevice() setting same device 0000 or null device for output 2
07-05 21:52:55.621 V/AudioPolicyManager( 1206): DeviceVector::getDevice() for type 00008000 address 0 found 0x0
07-05 21:52:55.621 V/AudioPolicyManager( 1206): DeviceVector::getDevice() for type 00008000 address 0 found 0x0
07-05 21:52:55.621 V/AudioPolicyManager( 1206): DeviceVector::getDevice() for type 00008000 address 0 found 0x0
07-05 21:52:55.621 V/AudioPolicyManager( 1206): DeviceVector::getDevice() for type 00008000 address 0 found 0x0
07-05 21:52:55.621 V/AudioPolicyManager( 1206): DeviceVector::getDevice() for type 00008000 address 0 found 0x0
07-05 21:52:55.621 V/AudioPolicyManager( 1206): DeviceVector::getDevice() for type 00008000 address 0 found 0x0
07-05 21:52:55.621 V/AudioPolicyManager( 1206): DeviceVector::getDevice() for type 00008000 address 0 found 0x0
07-05 21:52:55.621 V/AudioPolicyManager( 1206): DeviceVector::getDevice() for type 00008000 address 0 found 0x0
07-05 21:52:55.624 D/HttpHandler(11452): VerifySignInterCeptor-->request.url()=http://picture.edu.hismarttv.com/images/20170629/%E5%A4%9A%E7%91%9E%E5%84%BF%E6%AD%8C.jpg
07-05 21:52:55.624 D/HttpHandler(11452): VerifySignInterCeptor-->hostname=picture.edu.hismarttv.com
07-05 21:52:55.624 I/MiSysSrv( 1214): [leon.luo]EnableVideoMute = 1,enColor = 5
07-05 21:52:55.625 D/HttpHandler(11452): VerifySignInterCeptor-->request.url()=http://picture.edu.hismarttv.com/images/20170630060641226550.jpg
07-05 21:52:55.625 D/HttpHandler(11452): VerifySignInterCeptor-->hostname=picture.edu.hismarttv.com
07-05 21:52:55.625 D/OkHttp  (11452): --> GET http://picture.edu.hismarttv.com/images/20170629/%E5%A4%9A%E7%91%9E%E5%84%BF%E6%AD%8C.jpg http/1.1
07-05 21:52:55.625 D/OkHttp  (11452): Host: picture.edu.hismarttv.com
07-05 21:52:55.625 D/OkHttp  (11452): Connection: Keep-Alive
07-05 21:52:55.625 D/OkHttp  (11452): Accept-Encoding: gzip
07-05 21:52:55.625 D/OkHttp  (11452): User-Agent: okhttp/3.6.0
07-05 21:52:55.625 D/OkHttp  (11452): --> END GET
07-05 21:52:55.626 D/OkHttp  (11452): --> GET http://picture.edu.hismarttv.com/images/20170630060641226550.jpg http/1.1
07-05 21:52:55.626 D/OkHttp  (11452): Host: picture.edu.hismarttv.com
07-05 21:52:55.626 D/OkHttp  (11452): Connection: Keep-Alive
07-05 21:52:55.626 D/OkHttp  (11452): Accept-Encoding: gzip
07-05 21:52:55.626 D/OkHttp  (11452): User-Agent: okhttp/3.6.0
07-05 21:52:55.626 D/OkHttp  (11452): --> END GET
07-05 21:52:55.630 D/        ( 1206): [VDEC][0]MApi_CMA_Pool_PutMem0 in vdec: cmaFreeParam.pool_handle_id=13, cmaFreeParam.offset_in_pool=1000000, cmaFreeParam.length=8200000
07-05 21:52:55.630 I/MSTAR_VDEC_API( 1206): stored streamId: 0:4040
07-05 21:52:55.630 I/MSTAR_VDEC_API( 1206): remove StreamId: 0x4040
07-05 21:52:55.631 D/MSTAR_VDEC_API( 1206): [0] MsVdecClose OK
07-05 21:52:55.634 D/MediaCodec( 1206): MediaCodec::~MediaCodec ---- Enter  mState:0
07-05 21:52:55.634 V/NuPlayer( 1206): video shutdown completed
07-05 21:52:55.636 V/NuPlayer( 1206): both audio and video are flushed now.
07-05 21:52:55.636 V/NuPlayer( 1206): performReset start pthread_id:d783a080
07-05 21:52:55.636 V/RMClient( 1206): #235:RMClient::returnAllResourcesAsync
07-05 21:52:55.636 V/RMClient( 1206): #235:onMessageReceived cret
07-05 21:52:55.636 V/RMClient( 1206): #235:kWhatCmdReturnAllResources
07-05 21:52:55.638 V/RMAllocator( 1198): Deallocating resources for #235
07-05 21:52:55.638 V/RMAllocator( 1198): ~ClientInfo
07-05 21:52:55.638 V/RMClient( 1206): #235:Done
07-05 21:52:55.638 I/RMAllocator( 1198): ~ClientInfo this=2382671744,mRMClient=2382853504. id=235
07-05 21:52:55.638 W/RMAllocator( 1198): returnAllResourcesFor: not registered, nothing to do
07-05 21:52:55.638 V/RMClient( 1206): #235:handleEvent lret
07-05 21:52:55.638 V/RMClient( 1206): #235:onMessageReceived lret
07-05 21:52:55.638 V/RMClient( 1206): #235:kWhatAllResourcesReturned
07-05 21:52:55.638 I/NuPlayer( 1206): NuPlayerRMClientListener::handleAllResourcesReturned
07-05 21:52:55.638 V/NuPlayer( 1206): [handleAllResourcesReturned-3223]
07-05 21:52:55.638 V/RMClient( 1206): #235:Done
07-05 21:52:55.638 I/GenericSource( 1206): stop
07-05 21:52:55.640 D/hwcomposer( 1204): lastVideoPlanes is dirty
07-05 21:52:55.641 I/SurfaceFlinger( 1204): the layer SurfaceView is used to close xc and zorder is smallerest! clear region
07-05 21:52:55.648 D/QrRecognization( 2232): handleMessage msg=4
07-05 21:52:55.649 D/QrRecognization( 2232): handleMessage msg=1
07-05 21:52:55.649 D/QrRecognization( 2232): start update screenshot
07-05 21:52:55.649 D/QrRecognization( 2232): QR detection is not enabled in tile com.hisense.hicloud.edca
07-05 21:52:55.649 D/QrRecognization( 2232): error in getBitmap from screen
07-05 21:52:55.651 D/OkHttp  (11452): <-- 200 OK http://picture.edu.hismarttv.com/images/20170629/%E5%A4%9A%E7%91%9E%E5%84%BF%E6%AD%8C.jpg (26ms)
07-05 21:52:55.651 D/OkHttp  (11452): Date: Mon, 03 Jul 2017 09:56:30 GMT
07-05 21:52:55.651 D/OkHttp  (11452): Server: nginx
07-05 21:52:55.651 D/OkHttp  (11452): Content-Type: image/jpeg
07-05 21:52:55.651 D/OkHttp  (11452): Content-Length: 197050
07-05 21:52:55.651 D/OkHttp  (11452): Last-Modified: Fri, 09 Jun 2017 14:50:58 GMT
07-05 21:52:55.652 D/OkHttp  (11452): ETag: "593ab5d2-301ba"
07-05 21:52:55.652 D/OkHttp  (11452): Accept-Ranges: bytes
07-05 21:52:55.652 D/OkHttp  (11452): Age: 186985
07-05 21:52:55.652 D/OkHttp  (11452): Via: 1.1 wangt170:7 (Cdn Cache Server V2.0)[27 200 0], 1.1 changwangtong84:1 (Cdn Cache Server V2.0)[0 200 0]
07-05 21:52:55.652 D/OkHttp  (11452): Connection: keep-alive
07-05 21:52:55.652 D/OkHttp  (11452): <-- END HTTP
07-05 21:52:55.654 D/HttpHandler(11452): RetryIntercepter-->retryNum=0
07-05 21:52:55.654 D/HttpHandler(11452): RetryIntercepter-->backoffmutiplier=0
07-05 21:52:55.657 I/MiSysSrv( 1214): Not support now! 42, change to mm_video!!!
07-05 21:52:55.658 D/OkHttp  (11452): <-- 200 OK http://picture.edu.hismarttv.com/images/20170630060641226550.jpg (31ms)
07-05 21:52:55.658 D/OkHttp  (11452): Date: Mon, 03 Jul 2017 11:39:31 GMT
07-05 21:52:55.658 D/OkHttp  (11452): Server: nginx
07-05 21:52:55.658 D/OkHttp  (11452): Content-Type: image/jpeg
07-05 21:52:55.658 D/OkHttp  (11452): Content-Length: 121881
07-05 21:52:55.658 D/OkHttp  (11452): Last-Modified: Fri, 30 Jun 2017 06:06:41 GMT
07-05 21:52:55.658 D/OkHttp  (11452): ETag: "5955ea71-1dc19"
07-05 21:52:55.658 D/OkHttp  (11452): Accept-Ranges: bytes
07-05 21:52:55.658 D/OkHttp  (11452): Age: 180804
07-05 21:52:55.658 D/OkHttp  (11452): Via: 1.1 wangt170:6 (Cdn Cache Server V2.0)[0 200 0], 1.1 chwt82:5 (Cdn Cache Server V2.0)[1 200 0]
07-05 21:52:55.658 D/OkHttp  (11452): Connection: keep-alive
07-05 21:52:55.658 D/OkHttp  (11452): <-- END HTTP
07-05 21:52:55.658 D/HttpHandler(11452): RetryIntercepter-->retryNum=0
07-05 21:52:55.658 D/HttpHandler(11452): RetryIntercepter-->backoffmutiplier=0
07-05 21:52:55.659 I/MiSysSrv( 1214): [XC,SetWindow][MApi_XC_SetDynamicScaling_U2,  342] It's dynamic scaling case(0,0,0)
07-05 21:52:55.659 I/MiSysSrv( 1214): [XC,SetWindow][MHAL_SC_Set_DynamicScaling,  522] [MHAL_SC_Set_DynamicScaling,  522] [DS] u8MIU_Select:0  
07-05 21:52:55.659 I/MiSysSrv( 1214): [XC,SetWindow][MHAL_SC_Set_DynamicScaling,  523] [MHAL_SC_Set_DynamicScaling,  523] [DS] bOP_On:0  bIPS_On:0 bIPM_On:0  
07-05 21:52:55.659 I/FFmpegExtractor( 1206): reader thread goto end...
07-05 21:52:55.659 I/FFmpegExtractor( 1206): stream_component_close ---- streamIndex: 0
07-05 21:52:55.668 D/HttpHandler(11452): VerifySignInterCeptor-->request.url()=http://picture.edu.hismarttv.com/images/
07-05 21:52:55.668 D/HttpHandler(11452): VerifySignInterCeptor-->hostname=picture.edu.hismarttv.com
07-05 21:52:55.669 D/OkHttp  (11452): --> GET http://picture.edu.hismarttv.com/images/ http/1.1
07-05 21:52:55.669 D/OkHttp  (11452): Host: picture.edu.hismarttv.com
07-05 21:52:55.669 D/OkHttp  (11452): Connection: Keep-Alive
07-05 21:52:55.670 D/OkHttp  (11452): Accept-Encoding: gzip
07-05 21:52:55.670 D/OkHttp  (11452): User-Agent: okhttp/3.6.0
07-05 21:52:55.670 D/OkHttp  (11452): --> END GET
07-05 21:52:55.675 I/MiSysSrv( 1214): [XC,SetWindow][MHAL_SC_Set_DynamicScaling,  557] [MHAL_SC_Set_DynamicScaling,  557] [DS] u32DynamicScalingBaseAddr:0  u8DynamicScalingIndexDepth:0 u32DynamicScalingBufSize:0   
07-05 21:52:55.682 I/FFmpegExtractor( 1206): stream_component_close ---- streamIndex: 1
07-05 21:52:55.690 I/FFmpegExtractor( 1206): stream_component_close ---- streamIndex: -1
07-05 21:52:55.691 I/FFMPEG  ( 1206): [AVIOContext @ 0xb8bfe0c0] Statistics: 25146546 bytes read, 1 seeks
07-05 21:52:55.695 D/FFmpegExtractor( 1206): Reader thread stopped
07-05 21:52:55.697 D/FFmpegExtractor( 1206): Reader thread have been stopped
07-05 21:52:55.708 D/NuPlayerDriver( 1206): notifyResetComplete(0xf40ac4c0) mState:7
07-05 21:52:55.708 V/NuPlayer( 1206): performReset end pthread_id:d783a080
07-05 21:52:55.709 V/NuPlayer( 1206): +++Reset end,not response msg
07-05 21:52:55.718 I/MiSysSrv( 1214): Obtain XC engine fail
07-05 21:52:55.718 D/vsyncbridge( 1204): void Wrapper_disconnect(int) @ line: 776: Enter Stop ds.
07-05 21:52:55.718 D/vsyncbridge( 1204): [0] is to deinit
07-05 21:52:55.720 I/MiSysSrv( 1214): [mapi_video_base@Line 1385] Finalize:1385 Video Finalize : Win[0], Source[34]
07-05 21:52:55.720 I/MiSysSrv( 1214): [XC,LPLL][MDrv_XC_SetFreeRunTiming, 4950] SetFreeRunTiming: Disable FPLL and Clear FSM to Idle state
07-05 21:52:55.720 I/MiSysSrv( 1214): [XC,LPLL][MDrv_SC_set_fpll,  976] MDrv_SC_set_fpll(0,0)
07-05 21:52:55.720 I/MiSysSrv( 1214): [XC,LPLL][MDrv_SC_set_fpll,  977] u32OrigLPLL = 1745d1
07-05 21:52:55.720 I/MiSysSrv( 1214): [XC,LPLL][MDrv_SC_set_fpll, 1002] u32OrigLPLL = 1745d1, L_BK_LPLL(0x0F) = 1745d1
07-05 21:52:55.720 I/MiSysSrv( 1214): [XC,LPLL][_MApi_XC_FPLL_EnableLcokFreqOnly, 3150] [_MApi_XC_FPLL_EnableLcokFreqOnly][3150]feature is 0
07-05 21:52:55.740 I/MiSysSrv( 1214): Unknow Input Type 
07-05 21:52:55.741 D/vsyncbridge( 1204): hVdecHandle[enWin] = 25107234
07-05 21:52:55.741 I/MiVideoService( 1465): impl handle 0x86001b22 closed!
07-05 21:52:55.741 I/NetflixMonitorService( 1733): current fgapk : com.hisense.hicloud.edca
07-05 21:52:55.741 D/vsyncbridge( 1204): all deinit!!!
07-05 21:52:55.741 I/NetflixMonitorService( 1733): Netflix status unchanged
07-05 21:52:55.742 E/MiDispoutService( 1465): MiDispoutClose, 352, RES Handle = 8519680 
07-05 21:52:55.749 V/RMClient( 1204): #128:RMClient::returnAllResourcesAsync
07-05 21:52:55.749 V/RMClient( 1204): #128:onMessageReceived cret
07-05 21:52:55.749 V/RMClient( 1204): #128:kWhatCmdReturnAllResources
07-05 21:52:55.749 V/RMClient( 1204): #128:Done
07-05 21:52:55.750 V/RMAllocator( 1198): Deallocating resources for #128
07-05 21:52:55.750 V/RMAllocator( 1198): ~ClientInfo
07-05 21:52:55.750 I/RMAllocator( 1198): ~ClientInfo this=2382671648,mRMClient=2378240064. id=128
07-05 21:52:55.750 W/RMAllocator( 1198): returnAllResourcesFor: not registered, nothing to do
07-05 21:52:55.750 V/RMClient( 1204): #128:handleEvent lret
07-05 21:52:55.750 V/RMClient( 1204): #128:onMessageReceived lret
07-05 21:52:55.750 V/RMClient( 1204): #128:kWhatAllResourcesReturned
07-05 21:52:55.750 D/vsyncbridge( 1204): handleAllResourcesReturned mOverlayID=0
07-05 21:52:55.750 V/RMClient( 1204): #128:Done
07-05 21:52:55.758 D/OkHttp  (11452): <-- 403 Forbidden http://picture.edu.hismarttv.com/images/ (88ms)
07-05 21:52:55.758 D/OkHttp  (11452): Date: Wed, 05 Jul 2017 13:52:55 GMT
07-05 21:52:55.758 D/OkHttp  (11452): Server: nginx
07-05 21:52:55.758 D/OkHttp  (11452): Content-Type: text/html; charset=UTF-8
07-05 21:52:55.758 D/OkHttp  (11452): Content-Length: 162
07-05 21:52:55.758 D/OkHttp  (11452): Via: 1.1 shuozhou56:0 (Cdn Cache Server V2.0)[37 403 2], 1.1 chwt82:0 (Cdn Cache Server V2.0)[65 403 2]
07-05 21:52:55.758 D/OkHttp  (11452): Connection: close
07-05 21:52:55.758 D/OkHttp  (11452): <-- END HTTP
07-05 21:52:55.758 D/HttpHandler(11452): RetryIntercepter-->retryNum=0
07-05 21:52:55.758 D/HttpHandler(11452): RetryIntercepter-->backoffmutiplier=0
07-05 21:52:55.769 I/MiSysSrv( 1214): [37m[INFO] Change to Voltage: 112 mv (0x2D)[m
07-05 21:52:55.809 E/BufferQueueProducer( 1204): [SurfaceView] disconnect(P): connected to another API (cur=0 req=3)
07-05 21:52:55.809 W/MediaPlayerService( 1206): native_window_api_disconnect returned an error: Invalid argument (-22)
07-05 21:52:55.809 V/NuPlayer( 1206): NuPlayer::~NuPlayer ---- Enter ...
07-05 21:52:55.809 V/RMClient( 1206): #235:~RMClient
07-05 21:52:55.809 V/RMClient( 1206): #235:RMClient::returnAllResourcesAsync
07-05 21:52:55.809 I/NuPlayer( 1206): NuPlayerRMClientListener::~NuPlayerRMClientListener
07-05 21:52:55.809 V/RMClientListener( 1206): ~RMClientListener
07-05 21:52:55.810 V/AudioFlinger( 1206): releasing 387 from 11452 for -1
07-05 21:52:55.810 V/AudioFlinger( 1206):  decremented refcount to 1
07-05 21:52:55.810 D/Carousel-log_video-(11452): onStopPlay!
07-05 21:52:55.810 D/Carousel-log_video-(11452): submitPlayStopLog mLogPlayState:2
07-05 21:52:55.810 D/Carousel-log_video-(11452): reportCarouselPlayLog play stop.
07-05 21:52:55.810 D/Carousel-log_video-(11452): ==Play stoped log from bufferend:stop,normal,duration:9072
07-05 21:52:55.811 D/Carousel-log_(11452): ===(Main-Video-278002)-{srccolumnid=3, eventType=278, srcgroupid=10001, appversionname=2.0.0.6, srctabid=0, duration=9072, license=hisense, eventcode=278002, deviceid=86100300900000500000060a4818fca8, mediaid=351, eventPos=002, sessionid=c365d0b06226477b8f5b989102685f1d, srcpackagename=com.hisense.hicloud.edca, subscriberid=13287129, playactionuuid=1374b0cc-a4aa-41ed-aa5e-9310656a4fed, version=2.1, devicemsg=LED50MU8600UC0000888, isall=0, customerid=7195320, srcrowid=0, srceventcode=280000}
07-05 21:52:55.812 V/AudioPolicyManager( 1206): releaseOutput() 2
07-05 21:52:55.812 V/AudioFlinger( 1206): removeClient_l() pid 1206, calling pid 1206
07-05 21:52:55.812 V/AudioFlinger( 1206): releasing 387 from 1206 for 11452
07-05 21:52:55.812 V/AudioFlinger( 1206):  decremented refcount to 0
07-05 21:52:55.812 V/AudioFlinger( 1206): purging stale effects
07-05 21:52:55.816 W/MediaPlayer(11452): mediaplayer went away with unhandled events
07-05 21:52:55.820 W/System.err(11452): java.net.ConnectException: failed to connect to /10.18.210.112 (port 8900) after 6000ms: isConnected failed: ECONNREFUSED (Connection refused)
07-05 21:52:55.821 W/System.err(11452): 	at libcore.io.IoBridge.isConnected(IoBridge.java:238)
07-05 21:52:55.821 W/System.err(11452): 	at libcore.io.IoBridge.connectErrno(IoBridge.java:171)
07-05 21:52:55.821 W/System.err(11452): 	at libcore.io.IoBridge.connect(IoBridge.java:122)
07-05 21:52:55.821 W/System.err(11452): 	at java.net.PlainSocketImpl.connect(PlainSocketImpl.java:183)
07-05 21:52:55.821 W/System.err(11452): 	at java.net.PlainSocketImpl.connect(PlainSocketImpl.java:456)
07-05 21:52:55.821 W/System.err(11452): 	at java.net.Socket.connect(Socket.java:882)
07-05 21:52:55.821 W/System.err(11452): 	at com.android.okhttp.internal.Platform.connectSocket(Platform.java:174)
07-05 21:52:55.821 W/System.err(11452): 	at com.android.okhttp.Connection.connect(Connection.java:152)
07-05 21:52:55.821 W/System.err(11452): 	at com.android.okhttp.internal.http.HttpEngine.connect(HttpEngine.java:276)
07-05 21:52:55.821 W/System.err(11452): 	at com.android.okhttp.internal.http.HttpEngine.sendRequest(HttpEngine.java:211)
07-05 21:52:55.821 W/System.err(11452): 	at com.android.okhttp.internal.http.HttpURLConnectionImpl.execute(HttpURLConnectionImpl.java:382)
07-05 21:52:55.821 W/System.err(11452): 	at com.android.okhttp.internal.http.HttpURLConnectionImpl.connect(HttpURLConnectionImpl.java:106)
07-05 21:52:55.821 W/System.err(11452): 	at com.hisense.hitv.hicloud.util.ExceptionReport.a(ExceptionReport.java:337)
07-05 21:52:55.821 W/System.err(11452): 	at com.hisense.hitv.hicloud.util.ExceptionReport.a(ExceptionReport.java:39)
07-05 21:52:55.821 W/System.err(11452): 	at com.hisense.hitv.hicloud.util.ExceptionReport$1.run(ExceptionReport.java:83)
07-05 21:52:55.821 W/System.err(11452): 	at java.lang.Thread.run(Thread.java:818)
07-05 21:52:55.821 W/System.err(11452): Caused by: android.system.ErrnoException: isConnected failed: ECONNREFUSED (Connection refused)
07-05 21:52:55.821 W/System.err(11452): 	at libcore.io.IoBridge.isConnected(IoBridge.java:223)
07-05 21:52:55.822 W/System.err(11452): 	... 15 more
07-05 21:52:55.824 I/MyFragmentStateAdapter(11452): getCount
07-05 21:52:55.824 I/MyFragmentStateAdapter(11452): getCount
07-05 21:52:55.824 I/SurfaceFlinger( 1204): the layer SurfaceView is used to close xc and zorder is smallerest! clear region
07-05 21:52:55.824 I/MyFragmentStateAdapter(11452): getCount
07-05 21:52:55.824 I/MyFragmentStateAdapter(11452): getCount
07-05 21:52:55.832 D/HDMI    ( 1733): [P]:AllocatedAddress=[]
07-05 21:52:55.835 I/MyFragmentStateAdapter(11452): getCount
07-05 21:52:55.854 I/TVMW@HsTvSetting( 1234): Trace cmd, data = 0x1058
07-05 21:52:55.854 D/til@system( 2026): til_get_system_param option:100002F int:0, bool:0, ret:0
07-05 21:52:55.854 I/TVMW@HsTvSetting( 1234): Trace cmd, data = 0x101f
07-05 21:52:55.854 D/til@system( 2026): til_get_system_param option:100001D int:3, bool:3, ret:0
07-05 21:52:55.854 E/til     ( 2026): [til_get_current_input_source, 101] 
07-05 21:52:55.854 I/TVMW@HsTvSetting( 1234): Trace cmd, data = 0x7007
07-05 21:52:55.854 I/tilwrapper@sm( 2026): HS2TIL_SourceType *hs=0xd, *til=0x900
07-05 21:52:55.854 D/til     ( 2026): get current source 2304
07-05 21:52:55.854 D/SourceRemoteServiceHandler( 2026): getCurrentInputSource.from.til.result is 0, value is 2304
07-05 21:52:55.854 D/SourceRemoteServiceHandler( 2026): getInputSourceType source: 0x900, type=2304
07-05 21:52:55.855 D/til     ( 2026): ###### func:til_get_picture_param option:0x3000006 ######  
07-05 21:52:55.855 I/TVMW@HsTvSetting( 1234): Trace cmd, data = 0x1003
07-05 21:52:55.855 I/TVMW@HsTvSetting( 1234): Trace cmd, data = 0x8032
07-05 21:52:55.855 I/hstvos  ( 1216): [0m[1;33m[HSHAL][HS_VIDEO][HS_HAL_Video_SetOsdDetect_v2][2389]u16Threshold = 20
07-05 21:52:55.855 I/MiSysSrv( 1214): Not support now! 42, change to mm_video!!!
07-05 21:52:55.856 E/TVMW@videoctrl( 1234):  getOsd is 1
07-05 21:52:55.856 D/til@system( 2026): til_get_system_param option:1000027 int:1, bool:1, ret:0
07-05 21:52:55.856 D/til     ( 2026): ###### func:til_get_picture_param option:0x3000045 ######  
07-05 21:52:55.856 I/TVMW@HsTvSetting( 1234): Trace cmd, data = 0x300c
07-05 21:52:55.856 I/TVMW@HsTvSetting( 1234): Trace 3d, data = 0x300c
07-05 21:52:55.856 I/TVMW@3d ( 1234): Hs_debug3d_trace: func:get3dStatus, line:109
07-05 21:52:55.857 I/SurfaceFlinger( 1204): the layer SurfaceView is used to close xc and zorder is smallerest! clear region
07-05 21:52:55.868 I/MyFragmentStateAdapter(11452): getCount
07-05 21:52:55.869 I/MiSysSrv( 1214): [37m[INFO] Change to Voltage: 102 mv (0x23)[m
07-05 21:52:55.877 I/SurfaceFlinger( 1204): the layer SurfaceView is used to close xc and zorder is smallerest! clear region
07-05 21:52:55.891 I/SurfaceFlinger( 1204): the layer SurfaceView is used to close xc and zorder is smallerest! clear region
07-05 21:52:55.908 I/SurfaceFlinger( 1204): the layer SurfaceView is used to close xc and zorder is smallerest! clear region
07-05 21:52:55.925 I/SurfaceFlinger( 1204): the layer SurfaceView is used to close xc and zorder is smallerest! clear region
07-05 21:52:55.941 I/SurfaceFlinger( 1204): the layer SurfaceView is used to close xc and zorder is smallerest! clear region
07-05 21:52:55.958 I/SurfaceFlinger( 1204): the layer SurfaceView is used to close xc and zorder is smallerest! clear region
07-05 21:52:55.974 I/SurfaceFlinger( 1204): the layer SurfaceView is used to close xc and zorder is smallerest! clear region
07-05 21:52:55.978 I/TVMW@devctrl( 1234): wdt
07-05 21:52:56.002 I/SurfaceFlinger( 1204): the layer SurfaceView is used to close xc and zorder is smallerest! clear region
07-05 21:52:56.022 I/SurfaceFlinger( 1204): the layer SurfaceView is used to close xc and zorder is smallerest! clear region
07-05 21:52:56.040 I/SurfaceFlinger( 1204): the layer SurfaceView is used to close xc and zorder is smallerest! clear region
07-05 21:52:56.057 I/SurfaceFlinger( 1204): the layer SurfaceView is used to close xc and zorder is smallerest! clear region
07-05 21:52:56.075 I/SurfaceFlinger( 1204): the layer SurfaceView is used to close xc and zorder is smallerest! clear region
07-05 21:52:56.091 I/SurfaceFlinger( 1204): the layer SurfaceView is used to close xc and zorder is smallerest! clear region
07-05 21:52:56.108 I/SurfaceFlinger( 1204): the layer SurfaceView is used to close xc and zorder is smallerest! clear region
07-05 21:52:56.124 I/SurfaceFlinger( 1204): the layer SurfaceView is used to close xc and zorder is smallerest! clear region
07-05 21:52:56.134 I/MyFragmentStateAdapter(11452): getCount
07-05 21:52:56.141 I/SurfaceFlinger( 1204): the layer SurfaceView is used to close xc and zorder is smallerest! clear region
07-05 21:52:56.158 I/SurfaceFlinger( 1204): the layer SurfaceView is used to close xc and zorder is smallerest! clear region
07-05 21:52:56.166 I/MyFragmentStateAdapter(11452): getCount
07-05 21:52:56.176 I/SurfaceFlinger( 1204): the layer SurfaceView is used to close xc and zorder is smallerest! clear region
07-05 21:52:56.197 I/MyFragmentStateAdapter(11452): getCount
07-05 21:52:56.200 D/GlobalInputEventMonitoringService( 1733): interceptKeyBeforeQueueing(), event:23, mNeedMonitorKeyEvent:true, mWaitForKeyUpEvent:false
07-05 21:52:56.200 D/GlobalInputEventMonitoringService( 1733): processKeyEvent(), processKeyEvent event:23
07-05 21:52:56.200 D/WindowManager( 1733): interceptKeyTq keycode=23 interactive=true keyguardActive=false policyFlags=2b000000 isCancled= false
07-05 21:52:56.200 D/PowerManagerService( 1733): userActivityNoUpdateLocked: eventTime=11617771, event=1, flags=0x0, uid=1000
07-05 21:52:56.200 D/WindowManager( 1733): interceptKeyTi keyCode=23 down=true repeatCount=0 keyguardOn=false mHomePressed=false canceled=false
07-05 21:52:56.201 D/WindowManager( 1733): Hisense systemkey event: 23
07-05 21:52:56.201 D/HisenseGlobalKeyManager( 1733): handleGlobalKey() : Global event = KeyEvent { action=ACTION_DOWN, keyCode=KEYCODE_DPAD_CENTER, scanCode=0, metaState=0, flags=0x0, repeatCount=0, eventTime=11617771, downTime=11617771, deviceId=-1, source=0x101 }
07-05 21:52:56.201 V/HisenseGlobalKeyManager( 1733): processKeypadCenterDown()
07-05 21:52:56.201 I/HisenseGlobalKeyManager( 1733): isOriginalKeypadCenter() : false
07-05 21:52:56.201 V/HisenseGlobalKeyManager( 1733): fromKeypad() : false
07-05 21:52:56.201 V/HisenseGlobalKeyManager( 1733): isModifiedKeypadCenter() : false
07-05 21:52:56.201 W/HisenseGlobalKeyManager( 1733): processKeypadCenterDown() : unknown D_PAD_CENTER
07-05 21:52:56.201 V/HisenseGlobalKeyManager( 1733): processKeypadCenterDown() : result = false
07-05 21:52:56.221 D/SogouIME( 2203): [onKeyDown] keycode = 23 model = VIDAA_TV
07-05 21:52:56.223 D/Carousel-CarouselDisplayPlayerLayout(11452): HasFocus:false,keyCode:23
07-05 21:52:56.223 D/Carousel-CarouselDisplayPlayerLayout(11452): isFullScreen:false
07-05 21:52:56.223 I/HomeMainActivity(11452): carousel handle key:false
07-05 21:52:56.223 I/MainHomeView(11452): dispatchKeyEvent ACTION_DOWN now 
07-05 21:52:56.224 D/GlobalInputEventMonitoringService( 1733): interceptKeyBeforeQueueing(), event:23, mNeedMonitorKeyEvent:true, mWaitForKeyUpEvent:false
07-05 21:52:56.224 D/GlobalInputEventMonitoringService( 1733): processKeyEvent(), processKeyEvent event:23
07-05 21:52:56.224 D/WindowManager( 1733): interceptKeyTq keycode=23 interactive=true keyguardActive=false policyFlags=2b000000 isCancled= false
07-05 21:52:56.225 D/WindowManager( 1733): interceptKeyTi keyCode=23 down=false repeatCount=0 keyguardOn=false mHomePressed=false canceled=false
07-05 21:52:56.225 D/WindowManager( 1733): Hisense systemkey event: 23
07-05 21:52:56.225 D/HisenseGlobalKeyManager( 1733): handleGlobalKey() : Global event = KeyEvent { action=ACTION_UP, keyCode=KEYCODE_DPAD_CENTER, scanCode=0, metaState=0, flags=0x0, repeatCount=0, eventTime=11617771, downTime=11617771, deviceId=-1, source=0x101 }
07-05 21:52:56.225 V/HisenseGlobalKeyManager( 1733): processKeypadCenterUp()
07-05 21:52:56.225 I/HisenseGlobalKeyManager( 1733): isOriginalKeypadCenter() : false
07-05 21:52:56.225 V/HisenseGlobalKeyManager( 1733): fromKeypad() : false
07-05 21:52:56.225 V/HisenseGlobalKeyManager( 1733): isModifiedKeypadCenter() : false
07-05 21:52:56.225 V/HisenseGlobalKeyManager( 1733): processKeypadCenterUp() : result = false
07-05 21:52:56.230 I/MyFragmentStateAdapter(11452): getCount
07-05 21:52:56.247 D/Carousel-CarouselDisplayPlayerLayout(11452): HasFocus:false,keyCode:23
07-05 21:52:56.247 D/Carousel-CarouselDisplayPlayerLayout(11452): isFullScreen:false
07-05 21:52:56.247 I/HomeMainActivity(11452): carousel handle key:false
07-05 21:52:56.248 V/PackageManager( 1733): getPackageInfo com.hisense.hicloud.edca: Package{3fb3f3a1 com.hisense.hicloud.edca}
07-05 21:52:56.260 D/GetInItDataUtil(11452): turn to detail ,if is trailer.position is : 0
07-05 21:52:56.262 D/TileTransitionManager( 1733): getActivityContainer not enter cts mode
07-05 21:52:56.263 D/JamdeoActivityStackSupervisor( 1733): get currentSiloName
07-05 21:52:56.263 I/ActivityManager( 1733): START u0 {flg=0x14000000 cmp=com.hisense.hicloud.edca/.mediaplayer.activity.DetailPlayActivity (has extras)} from uid 10010 on display 0
07-05 21:52:56.264 D/OsdMonitorService( 1733): mCurrentWindow = com.hisense.hicloud.edca/com.hisense.tvui.newhome.HomeMainActivity; newWindow = com.hisense.hicloud.edca/com.hisense.tvui.newhome.HomeMainActivity; isSubWindow = false; isInWinList = false; isExitNow = false
07-05 21:52:56.264 D/OsdMonitorService( 1733): windowNotOsd() : name = com.hisense.hicloud.edca/com.hisense.tvui.newhome.HomeMainActivity
07-05 21:52:56.264 I/OsdMonitorService( 1733): setOsdStatus() : status will change from true to true
07-05 21:52:56.266 D/PowerManagerService( 1733): setScreenBrightnessOverrideFromWindowManagerInternal done
07-05 21:52:56.267 D/OsdMonitorService( 1733): mCurrentWindow = com.hisense.hicloud.edca/com.hisense.tvui.newhome.HomeMainActivity; newWindow = com.hisense.hicloud.edca/com.hisense.tvui.newhome.HomeMainActivity; isSubWindow = false; isInWinList = false; isExitNow = false
07-05 21:52:56.267 D/OsdMonitorService( 1733): windowNotOsd() : name = com.hisense.hicloud.edca/com.hisense.tvui.newhome.HomeMainActivity
07-05 21:52:56.267 I/OsdMonitorService( 1733): setOsdStatus() : status will change from true to true
07-05 21:52:56.268 D/PowerManagerService( 1733): setScreenBrightnessOverrideFromWindowManagerInternal done
07-05 21:52:56.269 V/WindowManager( 1733): addAppToken: AppWindowToken{b2f7562 token=Token{26c3ec2d ActivityRecord{24162344 u0 com.hisense.hicloud.edca/.mediaplayer.activity.DetailPlayActivity t5196}}} to stack=114 task=5196 at 1
07-05 21:52:56.270 I/UsageStatsService( 1733): paused component:com.hisense.hicloud.edca
07-05 21:52:56.270 V/UsageStatsService( 1733): Paused: 11617841   Component: com.hisense.hicloud.edca/com.hisense.tvui.newhome.HomeMainActivity   Time: 1499262776270 LastSessionTime: 15490 CumulativeSessionTime: 3984455
07-05 21:52:56.270 D/UsageStatsService( 1733): UsageStats: broadcasting intent
07-05 21:52:56.271 W/ContextImpl( 1733): Calling a method in the system process without a qualified user: android.app.ContextImpl.sendBroadcast:1327 com.android.server.usage.UsageStatsService.insertUsageStats:1104 com.android.server.usage.UsageStatsService$PkgUsageStatsExtended.updatePause:979 com.android.server.usage.UsageStatsService$LocalService.notePauseComponent:808 com.android.server.am.ActivityManagerService.updateUsageStats:3173 
07-05 21:52:56.271 D/UsageStatsService( 1733): User[0] Got usage event for com.hisense.hicloud.edca[1499262776270]: MOVE_TO_BACKGROUND
07-05 21:52:56.272 D/PowerManagerService( 1733): acquireWakeLockInternal: lock=681732318, flags=0x1, tag="ActivityManager-Launch", ws=null, uid=1000, pid=1733
07-05 21:52:56.272 D/PowerManagerNotifier( 1733): onWakeLockAcquired: flags=1, tag="ActivityManager-Launch", packageName=android, ownerUid=1000, ownerPid=1733, workSource=null
07-05 21:52:56.275 I/ReportService( 3281): Intent received, action = android.intent.action.INSERT
07-05 21:52:56.277 I/ReportService( 3281): modelName is VIDAA_TV
07-05 21:52:56.277 E/til     ( 2026): [til_get_current_input_source, 101] 
07-05 21:52:56.278 I/TVMW@HsTvSetting( 1234): Trace cmd, data = 0x7007
07-05 21:52:56.278 I/tilwrapper@sm( 2026): HS2TIL_SourceType *hs=0xd, *til=0x900
07-05 21:52:56.278 D/til     ( 2026): get current source 2304
07-05 21:52:56.278 D/SourceRemoteServiceHandler( 2026): getCurrentInputSource.from.til.result is 0, value is 2304
07-05 21:52:56.278 D/SourceRemoteServiceHandler( 2026): getInputSourceType source: 0x900, type=2304
07-05 21:52:56.279 I/ReportService( 3281): getCurIntputSource2304
07-05 21:52:56.279 E/til     ( 2026): [til_get_current_input_source, 101] 
07-05 21:52:56.279 I/TVMW@HsTvSetting( 1234): Trace cmd, data = 0x7007
07-05 21:52:56.279 I/tilwrapper@sm( 2026): HS2TIL_SourceType *hs=0xd, *til=0x900
07-05 21:52:56.279 D/til     ( 2026): get current source 2304
07-05 21:52:56.279 D/SourceRemoteServiceHandler( 2026): getCurrentInputSource.from.til.result is 0, value is 2304
07-05 21:52:56.279 D/SourceRemoteServiceHandler( 2026): getInputSourceType source: 0x900, type=2304
07-05 21:52:56.281 I/ReportService( 3281): siloName isnull
07-05 21:52:56.281 I/MyFragmentStateAdapter(11452): getCount
07-05 21:52:56.282 V/PackageManager( 1733): getPackageInfo com.hisense.hicloud.edca: Package{3fb3f3a1 com.hisense.hicloud.edca}
07-05 21:52:56.282 I/ReportService( 3281): HiReport string sent out is:1.5|3|86100300900000500000060a4818fca8|1499262760|1499262776|com.hisense.hicloud.edca|3.0.0.9.00|8
07-05 21:52:56.283 W/ReportService( 3281): enter InsertUserBehaviorDataReportTask  mUri = content://com.hisense.hitv.hicloud.log/loginput mContentValues = lastsessiondurationtime=15490 LOGVALUE=1.5|3|86100300900000500000060a4818fca8|1499262760|1499262776|com.hisense.hicloud.edca|3.0.0.9.00|8 operation=P time=1499262776270 package=com.hisense.hicloud.edca cumulativesessiondurationtime=3984455 versioncode=652 lastupdatetime=1499256171569 _id=null type=APPRUN component=com.hisense.tvui.newhome.HomeMainActivity mContext == com.hisense.hireport.ReportService@3a75cda9mType == 95
07-05 21:52:56.283 I/ReportService( 3281): enter doInBackground*****
07-05 21:52:56.299 I/ReportService( 3281): result is content://com.hisense.hitv.hicloud.log/loginput/1
07-05 21:52:56.303 I/ReportService( 3281): enter onPostExecute result is: true
07-05 21:52:56.310 D/Carousel-CarouselView(11452): onActivityPaused, getSimpleName = HomeMainActivity,hashCode=1018850026
07-05 21:52:56.310 I/BaseContentFragment(11452): onPause ç²¾é€‰
07-05 21:52:56.310 I/BaseContentFragment(11452): onPause UserCenterFragment
07-05 21:52:56.310 I/BaseContentFragment(11452): onPause 0-2å²
07-05 21:52:56.310 I/BaseContentFragment(11452): activity pause
07-05 21:52:56.310 I/CurrentCarouselView(11452): onCarouseControlCarouselControlBean{mShoudScroll=false, mActivityHasResume=false, mActivityHasStop=true, mHasTurnGone=false, mHasTurnVisible=false, mChannelId=-1, mSlideOffset=0.0, mShouldSelectCenter=false, mTabOpen=false, mHoriPosStatus=None, mVerPosStatus=None, mLevelStatus=None},isPlayingfalse,channelId=0
07-05 21:52:56.310 I/CurrentCarouselView(11452): stopPlay
07-05 21:52:56.315 I/UsageStatsService( 1733): resumed component name is ComponentInfo{com.hisense.hicloud.edca/com.hisense.hicloud.edca.mediaplayer.activity.DetailPlayActivity}
07-05 21:52:56.315 I/UsageStatsService( 1733): started component:com.hisense.hicloud.edca
07-05 21:52:56.315 V/PackageManager( 1733): getPackageInfo com.hisense.hicloud.edca: Package{3fb3f3a1 com.hisense.hicloud.edca}
07-05 21:52:56.315 V/UsageStatsService( 1733): Resumed: 11617887   Component: com.hisense.hicloud.edca/com.hisense.hicloud.edca.mediaplayer.activity.DetailPlayActivity   Time: 1499262776315 VersionCode: 652   LastUpdateTime: 1499256171569
07-05 21:52:56.315 D/UsageStatsService( 1733): UsageStats: broadcasting intent
07-05 21:52:56.316 W/ContextImpl( 1733): Calling a method in the system process without a qualified user: android.app.ContextImpl.sendBroadcast:1327 com.android.server.usage.UsageStatsService.insertUsageStats:1104 com.android.server.usage.UsageStatsService$PkgUsageStatsExtended.updateResume:962 com.android.server.usage.UsageStatsService$LocalService.noteResumeComponent:759 com.android.server.am.ActivityManagerService.updateUsageStats:3164 
07-05 21:52:56.320 D/PowerManagerService( 1733): setScreenBrightnessOverrideFromWindowManagerInternal done
07-05 21:52:56.321 I/ActivityManager( 1733): TR16) TaskRecord{2864b9c0 #5196 A=com.hisense.hicloud.edca U=0 sz=2}
07-05 21:52:56.321 I/ActivityManager( 1733): TR15) TaskRecord{cd10cea #4980 A=com.jamdeo.launcher U=0 sz=1}
07-05 21:52:56.322 V/ActivityManager( 1733): set mstar.EnterOpaqueUI false
07-05 21:52:56.324 I/ReportService( 3281): Intent received, action = android.intent.action.INSERT
07-05 21:52:56.325 D/Carousel-CarouselView(11452): setPosterAndStopPlay! hashCode=1018850026, sWorkingHashCode=1018850026
07-05 21:52:56.325 D/Carousel-CarouselDisplayPlayerLayout(11452): isFullScreen:false
07-05 21:52:56.325 D/Carousel-Utils(11452): displayImage view=android.widget.ImageView{31979751 V.ED.... ........ 0,0-816,460 #7f0d0029 app:id/imageView1}
07-05 21:52:56.325 D/Carousel-Utils(11452): displayImage url=http://picture.edu.hismarttv.com/images/20170629010146422927.jpg
07-05 21:52:56.326 I/ReportService( 3281): modelName is VIDAA_TV
07-05 21:52:56.326 E/til     ( 2026): [til_get_current_input_source, 101] 
07-05 21:52:56.326 I/TVMW@HsTvSetting( 1234): Trace cmd, data = 0x7007
07-05 21:52:56.326 D/Carousel-Utils(11452): onResourceReady.
07-05 21:52:56.327 I/tilwrapper@sm( 2026): HS2TIL_SourceType *hs=0xd, *til=0x900
07-05 21:52:56.327 D/til     ( 2026): get current source 2304
07-05 21:52:56.327 D/SourceRemoteServiceHandler( 2026): getCurrentInputSource.from.til.result is 0, value is 2304
07-05 21:52:56.327 D/SourceRemoteServiceHandler( 2026): getInputSourceType source: 0x900, type=2304
07-05 21:52:56.328 I/ReportService( 3281): getCurIntputSource2304
07-05 21:52:56.328 D/Carousel-Utils(11452): displayImage view=android.widget.ImageView{ea64d69 V.ED.... ......ID 0,0-816,460 #7f0d0029 app:id/imageView1}
07-05 21:52:56.328 D/Carousel-Utils(11452): displayImage url=http://picture.edu.hismarttv.com/images/20170629010146422927.jpg
07-05 21:52:56.328 E/til     ( 2026): [til_get_current_input_source, 101] 
07-05 21:52:56.328 I/TVMW@HsTvSetting( 1234): Trace cmd, data = 0x7007
07-05 21:52:56.328 I/tilwrapper@sm( 2026): HS2TIL_SourceType *hs=0xd, *til=0x900
07-05 21:52:56.328 D/til     ( 2026): get current source 2304
07-05 21:52:56.328 D/SourceRemoteServiceHandler( 2026): getCurrentInputSource.from.til.result is 0, value is 2304
07-05 21:52:56.328 D/SourceRemoteServiceHandler( 2026): getInputSourceType source: 0x900, type=2304
07-05 21:52:56.329 D/Carousel-Utils(11452): onResourceReady.
07-05 21:52:56.330 D/Carousel-CarouselDisplayPlayerLayout(11452): isFullScreen:false
07-05 21:52:56.330 I/ReportService( 3281): siloName isnull
07-05 21:52:56.331 V/PackageManager( 1733): getPackageInfo com.hisense.hicloud.edca: Package{3fb3f3a1 com.hisense.hicloud.edca}
07-05 21:52:56.331 I/ReportService( 3281): HiReport string sent out is:1.5|3|86100300900000500000060a4818fca8|1499262776|0|com.hisense.hicloud.edca|3.0.0.9.00|8
07-05 21:52:56.331 W/ReportService( 3281): enter InsertUserBehaviorDataReportTask  mUri = content://com.hisense.hitv.hicloud.log/loginput mContentValues = lastsessiondurationtime=15490 LOGVALUE=1.5|3|86100300900000500000060a4818fca8|1499262776|0|com.hisense.hicloud.edca|3.0.0.9.00|8 operation=R time=1499262776315 package=com.hisense.hicloud.edca cumulativesessiondurationtime=3984455 versioncode=652 lastupdatetime=1499256171569 _id=null type=APPRUN component=com.hisense.hicloud.edca.mediaplayer.activity.DetailPlayActivity mContext == com.hisense.hireport.ReportService@3a75cda9mType == 95
07-05 21:52:56.331 I/ReportService( 3281): enter doInBackground*****
07-05 21:52:56.342 I/ReportService( 3281): result is content://com.hisense.hitv.hicloud.log/loginput/1
07-05 21:52:56.346 I/ReportService( 3281): enter onPostExecute result is: true
07-05 21:52:56.353 E/BaseActivity(11452): isUpdateCheckedtrue
07-05 21:52:56.353 D/DetailPlayActivity(11452): ---------------------------oncreate
07-05 21:52:56.359 I/TVMW@HsTvSetting( 1234): Trace cmd, data = 0x1058
07-05 21:52:56.359 D/til@system( 2026): til_get_system_param option:100002F int:0, bool:0, ret:0
07-05 21:52:56.360 I/TVMW@HsTvSetting( 1234): Trace cmd, data = 0x101f
07-05 21:52:56.360 D/til@system( 2026): til_get_system_param option:100001D int:3, bool:3, ret:0
07-05 21:52:56.360 E/til     ( 2026): [til_get_current_input_source, 101] 
07-05 21:52:56.360 I/TVMW@HsTvSetting( 1234): Trace cmd, data = 0x7007
07-05 21:52:56.360 I/tilwrapper@sm( 2026): HS2TIL_SourceType *hs=0xd, *til=0x900
07-05 21:52:56.360 D/til     ( 2026): get current source 2304
07-05 21:52:56.361 D/SourceRemoteServiceHandler( 2026): getCurrentInputSource.from.til.result is 0, value is 2304
07-05 21:52:56.361 D/SourceRemoteServiceHandler( 2026): getInputSourceType source: 0x900, type=2304
07-05 21:52:56.361 D/til     ( 2026): ###### func:til_get_picture_param option:0x3000006 ######  
07-05 21:52:56.361 I/TVMW@HsTvSetting( 1234): Trace cmd, data = 0x1003
07-05 21:52:56.361 I/TVMW@HsTvSetting( 1234): Trace cmd, data = 0x8032
07-05 21:52:56.362 I/hstvos  ( 1216): [0m[1;33m[HSHAL][HS_VIDEO][HS_HAL_Video_SetOsdDetect_v2][2389]u16Threshold = 20
07-05 21:52:56.362 I/MiSysSrv( 1214): Not support now! 42, change to mm_video!!!
07-05 21:52:56.363 E/TVMW@videoctrl( 1234):  getOsd is 1
07-05 21:52:56.363 E/TVMW@videoctrl( 1234): hs_mw_videoctrl.cpp getOsdShow result is        1
07-05 21:52:56.364 D/til@system( 2026): til_get_system_param option:1000027 int:1, bool:1, ret:0
07-05 21:52:56.364 D/til     ( 2026): ###### func:til_get_picture_param option:0x3000045 ######  
07-05 21:52:56.364 I/TVMW@HsTvSetting( 1234): Trace cmd, data = 0x300c
07-05 21:52:56.364 I/TVMW@HsTvSetting( 1234): Trace 3d, data = 0x300c
07-05 21:52:56.364 I/TVMW@3d ( 1234): Hs_debug3d_trace: func:get3dStatus, line:109
07-05 21:52:56.409 D/UsageStatsService( 1733): User[0] Got usage event for com.hisense.hicloud.edca[1499262776316]: MOVE_TO_FOREGROUND
07-05 21:52:56.436 D/DetailPlayActivity(11452): isMU8600:true
07-05 21:52:56.449 D/DetailPlayActivity(11452): ---------------------------oncreate,VideoInfo.sResolution:11
07-05 21:52:56.450 D/DetailPlayActivity(11452): media id is: 3535  trailerPts:0
07-05 21:52:56.450 D/DetailPlayActivity(11452): sourcetag  is: DetailPlayActivity3535
07-05 21:52:56.450 D/DetailPlayActivity(11452): sunliqin  oncreate mFromChannelId================0   mSelectedClassFromPhone:-1   mSelectedClassPosFromPhone:0
07-05 21:52:56.450 D/DetailPlayActivity(11452): managerLogMap~~~~~~~~~~~~~~~~~~~~~~~~~~~
07-05 21:52:56.450 D/DetailPlayActivity(11452): original: 1    srcoriginal: null   srcmediaid: null   srceventcode:232000   srcsubjectid:null
07-05 21:52:56.450 D/DetailPlayActivity(11452): srctopicid:null    srccategoryid:null     srccolumnid:0  srcchannelcategoryid:null
07-05 21:52:56.450 D/DetailPlayActivity(11452): srcpackagename:null   srcgroupid:10003   srcrowid:1   eventcode:null
07-05 21:52:56.450 I/DetailPlayActivity(11452): httphttp://api.edu.hismarttv.com/medias/api/media
07-05 21:52:56.451 I/DetailPlayActivity(11452): vendor1=0
07-05 21:52:56.451 I/DetailPlayActivity(11452): vendor2=0resolutionpolicy=2
07-05 21:52:56.451 I/DetailPlayActivity(11452): mBeginHttpTime : 11618022 ä»Žè¿›å…¥é¡µé¢åˆ°å¼€å§‹ç½‘ç»œè¯·æ±‚ç”¨æ—¶ï¼š 97
07-05 21:52:56.452 D/til@system( 2026): til_get_system_param option:1000007 int:-1936522368, bool:128, ret:0
07-05 21:52:56.452 D/til@system( 2026): til_get_system_param option:1000009 int:-1815633792, bool:128, ret:0
07-05 21:52:56.453 D/til@system( 2026): til_get_system_param option:1000008 int:-1936522112, bool:128, ret:0
07-05 21:52:56.453 D/HiSDKLogReport(11452): getOperationDetail-productName : LED50MU8600UC
07-05 21:52:56.453 D/HiSDKLogReport(11452): getOperationDetail-plmNumber : 88888
07-05 21:52:56.453 D/HiSDKLogReport(11452): getOperationDetail-swVersion : V0000.00.01A
07-05 21:52:56.453 D/HiSDKLogReport(11452): getOperationDetail-operationDetail : LED50MU8600UC0000888
07-05 21:52:56.454 D/HiSDKLogReport(11452): processLogReport-log : {eventType=110, appKey=1182445233, APPVersionName=3.0.0.9.00, devid=86100300900000500000060a4818fca8, mac=a8:a6:48:18:fc:a8, uuid=13287129, accessToken=72DF6038D2AEAB8A76DFBBBBCC428A4A_002018077007634, APIversion=501, logversion=2.0, devType=0, APPPackage=com.hisense.hicloud.edca, eventPos=001, requesttime=1499262776453, customerId=7195320, value2=, eventMessage=GetReadyToStartConnection, value1=97, model_id=0, ChannelId=0, version=00.002.003, tv_distribute_id=00, subscriberId=13287129, APIVersion=600, PFAPPCode=652, softwareVersion=LED50MU8600UC0000888}
07-05 21:52:56.461 I/HLSP2P  (16224): ## 2017-07-05 21:52:56.458 [16224,16378,:0] INFO ## [HLSP2P][TaskManager.cpp:838][INFO][UpdateGlobalInfo]totalDataSize: 0, totalMemorySize: 0, totalCacheSize: 0, PlayTaskAllFinish: 0
07-05 21:52:56.461 I/HLSP2P  (16224): ## 2017-07-05 21:52:56.460 [16224,16378,:0] INFO ## [HLSP2P][TaskManager.cpp:1348][INFO][TryAdjustMemorySize]system memory total size: 1912M, free size: 519MB, cache add to 100MB, AppState: 14, IsLowMemory: 0
07-05 21:52:56.462 W/System.err(11452): java.net.ConnectException: failed to connect to /10.18.210.112 (port 8900) after 6000ms: isConnected failed: ECONNREFUSED (Connection refused)
07-05 21:52:56.462 W/System.err(11452): 	at libcore.io.IoBridge.isConnected(IoBridge.java:238)
07-05 21:52:56.462 W/System.err(11452): 	at libcore.io.IoBridge.connectErrno(IoBridge.java:171)
07-05 21:52:56.462 W/System.err(11452): 	at libcore.io.IoBridge.connect(IoBridge.java:122)
07-05 21:52:56.462 W/System.err(11452): 	at java.net.PlainSocketImpl.connect(PlainSocketImpl.java:183)
07-05 21:52:56.462 W/System.err(11452): 	at java.net.PlainSocketImpl.connect(PlainSocketImpl.java:456)
07-05 21:52:56.462 W/System.err(11452): 	at java.net.Socket.connect(Socket.java:882)
07-05 21:52:56.462 W/System.err(11452): 	at com.android.okhttp.internal.Platform.connectSocket(Platform.java:174)
07-05 21:52:56.462 W/System.err(11452): 	at com.android.okhttp.Connection.connect(Connection.java:152)
07-05 21:52:56.462 W/System.err(11452): 	at com.android.okhttp.internal.http.HttpEngine.connect(HttpEngine.java:276)
07-05 21:52:56.463 W/System.err(11452): 	at com.android.okhttp.internal.http.HttpEngine.sendRequest(HttpEngine.java:211)
07-05 21:52:56.463 W/System.err(11452): 	at com.android.okhttp.internal.http.HttpURLConnectionImpl.execute(HttpURLConnectionImpl.java:382)
07-05 21:52:56.463 W/System.err(11452): 	at com.android.okhttp.internal.http.HttpURLConnectionImpl.connect(HttpURLConnectionImpl.java:106)
07-05 21:52:56.463 W/System.err(11452): 	at com.hisense.hitv.hicloud.util.ExceptionReport.a(ExceptionReport.java:337)
07-05 21:52:56.463 W/System.err(11452): 	at com.hisense.hitv.hicloud.util.ExceptionReport.a(ExceptionReport.java:39)
07-05 21:52:56.463 W/System.err(11452): 	at com.hisense.hitv.hicloud.util.ExceptionReport$1.run(ExceptionReport.java:83)
07-05 21:52:56.463 W/System.err(11452): 	at java.lang.Thread.run(Thread.java:818)
07-05 21:52:56.463 W/System.err(11452): Caused by: android.system.ErrnoException: isConnected failed: ECONNREFUSED (Connection refused)
07-05 21:52:56.463 W/System.err(11452): 	at libcore.io.IoBridge.isConnected(IoBridge.java:223)
07-05 21:52:56.463 W/System.err(11452): 	... 15 more
07-05 21:52:56.467 I/CommonUtils(11452):  object to json {"srccolumnid":"0","srcgroupid":"10003","original":"1","srctabid":"0","eventcode":"207000","srceventcode":"232000","srcrowid":"1","mediaid":"3535"}
07-05 21:52:56.467 D/DetailPlayActivity(11452): map===1111111111111====={"srccolumnid":"0","srcgroupid":"10003","original":"1","srctabid":"0","eventcode":"207000","srceventcode":"232000","srcrowid":"1","mediaid":"3535"}
07-05 21:52:56.469 D/til@system( 2026): til_get_system_param option:1000007 int:-1936525184, bool:128, ret:0
07-05 21:52:56.469 D/til@system( 2026): til_get_system_param option:1000009 int:-1815634176, bool:0, ret:0
07-05 21:52:56.471 D/til@system( 2026): til_get_system_param option:1000008 int:-1936523008, bool:0, ret:0
07-05 21:52:56.471 D/HiSDKLogReport(11452): getOperationDetail-productName : LED50MU8600UC
07-05 21:52:56.471 D/HiSDKLogReport(11452): getOperationDetail-plmNumber : 88888
07-05 21:52:56.471 D/HiSDKLogReport(11452): getOperationDetail-swVersion : V0000.00.01A
07-05 21:52:56.471 D/HiSDKLogReport(11452): getOperationDetail-operationDetail : LED50MU8600UC0000888
07-05 21:52:56.478 I/CommonUtils(11452):  object to json {"eventType":"207","srccolumnid":"0","srcgroupid":"10003","APPVersionName":"3.0.0.9.00","original":"1","devid":"86100300900000500000060a4818fca8","uuid":"13287129","APIversion":"501","logversion":"2.0","eventcode":"207000","devType":"0","eventPos":"000","version":"00.002.003","ChannelId":"0","subscriberId":"13287129","PFAPPCode":"652","softwareVersion":"LED50MU8600UC0000888","srcrowid":"1","srceventcode":"232000","mac":"a8:a6:48:18:fc:a8","accessToken":"72DF6038D2AEAB8A76DFBBBBCC428A4A_002018077007634","srctabid":"0","APPPackage":"com.hisense.hicloud.edca","mediaid":"3535","sessionid":"c365d0b06226477b8f5b989102685f1d","requesttime":"1499262776471","customerId":"7195320","model_id":"0","requestid":"d8ccd29bdce94a849ac7c8c75be714ad","tv_distribute_id":"00","APIVersion":"600","issysrepo":"1"}
07-05 21:52:56.478 D/DetailPlayActivity(11452): map=====22222222222======{"eventType":"207","srccolumnid":"0","srcgroupid":"10003","APPVersionName":"3.0.0.9.00","original":"1","devid":"86100300900000500000060a4818fca8","uuid":"13287129","APIversion":"501","logversion":"2.0","eventcode":"207000","devType":"0","eventPos":"000","version":"00.002.003","ChannelId":"0","subscriberId":"13287129","PFAPPCode":"652","softwareVersion":"LED50MU8600UC0000888","srcrowid":"1","srceventcode":"232000","mac":"a8:a6:48:18:fc:a8","accessToken":"72DF6038D2AEAB8A76DFBBBBCC428A4A_002018077007634","srctabid":"0","APPPackage":"com.hisense.hicloud.edca","mediaid":"3535","sessionid":"c365d0b06226477b8f5b989102685f1d","requesttime":"1499262776471","customerId":"7195320","model_id":"0","requestid":"d8ccd29bdce94a849ac7c8c75be714ad","tv_distribute_id":"00","APIVersion":"600","issysrepo":"1"}
07-05 21:52:56.482 I/HttpDnsUtils(11452): detailsPage(): url = http://api.edu.hismarttv.com/medias/api/media/3535?codeType=1002&vender=0&resolutionpolicy=2
07-05 21:52:56.484 D/til@system( 2026): til_get_system_param option:1000007 int:-1815632896, bool:0, ret:0
07-05 21:52:56.484 D/til@system( 2026): til_get_system_param option:1000009 int:-1936522368, bool:128, ret:0
07-05 21:52:56.485 D/til@system( 2026): til_get_system_param option:1000008 int:-1815633792, bool:128, ret:0
07-05 21:52:56.486 D/HttpBuilder(11452): getOperationDetail-productName : LED50MU8600UC
07-05 21:52:56.486 D/HttpBuilder(11452): getOperationDetail-plmNumber : 88888
07-05 21:52:56.486 D/HttpBuilder(11452): getOperationDetail-swVersion : V0000.00.01A
07-05 21:52:56.486 D/HttpBuilder(11452): getOperationDetail-operationDetail : LED50MU8600UC0000888
07-05 21:52:56.529 I/HttpBuilder(11452): addUrlPublicParams mUrl ==>http://api.edu.hismarttv.com/medias/api/media/3535?codeType=1002&vender=0&resolutionpolicy=2&uuid=13287129&mac=a8:a6:48:18:fc:a8&devid=86100300900000500000060a4818fca8&version=00.002.003&subscriberId=13287129&customerId=7195320&model_id=0&APPPackage=com.hisense.hicloud.edca&PFAPPCode=652&APPVersionName=3.0.0.9.00&ChannelId=0&softwareVersion=LED50MU8600UC0000888&tv_distribute_id=00&devType=0&APIVersion=600&accessToken=72DF6038D2AEAB8A76DFBBBBCC428A4A_002018077007634
07-05 21:52:56.530 I/HttpBuilder(11452): addUrlLogParams url ==>http://api.edu.hismarttv.com/medias/api/media/3535?codeType=1002&vender=0&resolutionpolicy=2&uuid=13287129&mac=a8:a6:48:18:fc:a8&devid=86100300900000500000060a4818fca8&version=00.002.003&subscriberId=13287129&customerId=7195320&model_id=0&APPPackage=com.hisense.hicloud.edca&PFAPPCode=652&APPVersionName=3.0.0.9.00&ChannelId=0&softwareVersion=LED50MU8600UC0000888&tv_distribute_id=00&devType=0&APIVersion=600&accessToken=72DF6038D2AEAB8A76DFBBBBCC428A4A_002018077007634&eventType=207&srccolumnid=0&srcgroupid=10003&original=1&APIversion=501&logversion=2.0&eventcode=207000&eventPos=000&srcrowid=1&srceventcode=232000&srctabid=0&mediaid=3535&sessionid=c365d0b06226477b8f5b989102685f1d&requesttime=1499262776471&requestid=d8ccd29bdce94a849ac7c8c75be714ad&issysrepo=1
